08-12 15:21:01.104  5758  5758 I LSPosed-Bridge: 	at android.view.Choreographer.doCallbacks(Choreographer.java:816)

08-12 15:21:01.104  5758  5758 I LSPosed-Bridge: 	at android.view.Choreographer.doFrame(Choreographer.java:751)

08-12 15:21:01.104  5758  5758 I LSPosed-Bridge: 	at android.view.Choreographer$FrameDisplayEventReceiver.run(Choreographer.java:990)

08-12 15:21:01.104  5758  5758 I LSPosed-Bridge: 	at android.os.Handler.handleCallback(Handler.java:873)

08-12 15:21:01.104  5758  5758 I LSPosed-Bridge: 	at android.os.Handler.dispatchMessage(Handler.java:99)

08-12 15:21:01.104  5758  5758 I LSPosed-Bridge: 	at android.os.Looper.loop(Looper.java:193)

08-12 15:21:01.104  5758  5758 I LSPosed-Bridge: 	at android.app.ActivityThread.main(ActivityThread.java:6692)

08-12 15:21:01.104  5758  5758 I LSPosed-Bridge: 	at java.lang.reflect.Method.invoke(Native Method)

08-12 15:21:01.104  5758  5758 I LSPosed-Bridge: 	at com.android.internal.os.RuntimeInit$MethodAndArgsCaller.run(RuntimeInit.java:493)

08-12 15:21:01.104  5758  5758 I LSPosed-Bridge: 	at com.android.internal.os.ZygoteInit.main(ZygoteInit.java:858)

08-12 15:23:17.943  5758 30102 I LSPosed-Bridge: 5758 PermLabel hookBinder_test 10134 interfaceBinder =android.app.IActivityManager; arg0 = 27; arg1 = android.os.Parcel@3234a17; arg2 = android.os.Parcel@ec7b040; arg3 = 0; res = true; stacktrace=java.lang.Exception

08-12 15:23:17.943  5758 30102 I LSPosed-Bridge: 	at com.example.permlabel.hookBinder_test$1.afterHookedMethod(hookBinder_test.java:63)

08-12 15:23:17.943  5758 30102 I LSPosed-Bridge: 	at de.robv.android.xposed.XposedBridge$AdditionalHookInfo.callback(Unknown Source:147)

08-12 15:23:17.943  5758 30102 I LSPosed-Bridge: 	at LSPHooker_.transact(Unknown Source:28)

08-12 15:23:17.943  5758 30102 I LSPosed-Bridge: 	at android.app.IActivityManager$Stub$Proxy.refContentProvider(IActivityManager.java:4221)

08-12 15:23:17.943  5758 30102 I LSPosed-Bridge: 	at android.app.ActivityThread.incProviderRefLocked(ActivityThread.java:6052)

08-12 15:23:17.943  5758 30102 I LSPosed-Bridge: 	at android.app.ActivityThread.acquireExistingProvider(ActivityThread.java:6115)

08-12 15:23:17.943  5758 30102 I LSPosed-Bridge: 	at android.app.ActivityThread.acquireProvider(ActivityThread.java:5979)

08-12 15:23:17.943  5758 30102 I LSPosed-Bridge: 	at android.app.ContextImpl$ApplicationContentResolver.acquireProvider(ContextImpl.java:2573)

08-12 15:23:17.943  5758 30102 I LSPosed-Bridge: 	at android.content.ContentResolver.acquireProvider(ContentResolver.java:1784)

08-12 15:23:17.943  5758 30102 I LSPosed-Bridge: 	at android.content.ContentResolver.query(ContentResolver.java:829)

08-12 15:23:17.943  5758 30102 I LSPosed-Bridge: 	at android.content.ContentResolver.query(ContentResolver.java:753)

08-12 15:23:17.943  5758 30102 I LSPosed-Bridge: 	at android.content.ContentResolver.query(ContentResolver.java:711)

08-12 15:23:17.943  5758 30102 I LSPosed-Bridge: 	at aqs.i(:com.google.android.gms.policy_ads_fdr_dynamite@232400001@232400000057.538171701.538171701:71)

08-12 15:23:17.943  5758 30102 I LSPosed-Bridge: 	at aqs.c(:com.google.android.gms.policy_ads_fdr_dynamite@232400001@232400000057.538171701.538171701:233)

08-12 15:23:17.943  5758 30102 I LSPosed-Bridge: 	at com.google.android.gms.ads.internal.util.client.q.a(:com.google.android.gms.policy_ads_fdr_dynamite@232400001@232400000057.538171701.538171701:2)

08-12 15:23:17.943  5758 30102 I LSPosed-Bridge: 	at com.google.android.gms.ads.nonagon.signals.fa.call(:com.google.android.gms.policy_ads_fdr_dynamite@232400001@232400000057.538171701.538171701:54)

08-12 15:23:17.943  5758 30102 I LSPosed-Bridge: 	at btb.a(:com.google.android.gms.policy_ads_fdr_dynamite@232400001@232400000057.538171701.538171701:3)

08-12 15:23:17.943  5758 30102 I LSPosed-Bridge: 	at bsj.run(:com.google.android.gms.policy_ads_fdr_dynamite@232400001@232400000057.538171701.538171701:21)

08-12 15:23:17.943  5758 30102 I LSPosed-Bridge: 	at btc.run(:com.google.android.gms.policy_ads_fdr_dynamite@232400001@232400000057.538171701.538171701:5)

08-12 15:23:17.943  5758 30102 I LSPosed-Bridge: 	at java.util.concurrent.ThreadPoolExecutor.runWorker(ThreadPoolExecutor.java:1167)

08-12 15:23:17.943  5758 30102 I LSPosed-Bridge: 	at java.util.concurrent.ThreadPoolExecutor$Worker.run(ThreadPoolExecutor.java:641)

08-12 15:23:17.943  5758 30102 I LSPosed-Bridge: 	at java.lang.Thread.run(Thread.java:764)

08-12 15:23:17.943  1562  1576 I LSPosed-Bridge: 5758 PermLabel 10134 AMS.checkPermission: Binder.getCallingPid() = 5758; uid = 10134; Binder.getCallingUid() = 10134; getNameForUid: mobi.eup.easyenglish; getPackagesForUid: [mobi.eup.easyenglish]; permName: android.permission.GET_TASKS; type = 0; res = -1; stacktrace=java.lang.Exception

08-12 15:23:17.943  1562  1576 I LSPosed-Bridge: 	at com.example.permlabel.requirePerm$1$2.afterHookedMethod(requirePerm.java:132)

08-12 15:23:17.943  1562  1576 I LSPosed-Bridge: 	at de.robv.android.xposed.XposedBridge$AdditionalHookInfo.callback(Unknown Source:147)

08-12 15:23:17.943  1562  1576 I LSPosed-Bridge: 	at LSPHooker_.checkPermission(Unknown Source:25)

08-12 15:23:17.943  1562  1576 I LSPosed-Bridge: 	at com.android.server.am.ActivityManagerService.isGetTasksAllowed(ActivityManagerService.java:10902)

08-12 15:23:17.943  1562  1576 I LSPosed-Bridge: 	at com.android.server.am.ActivityManagerService.getRunningAppProcesses(ActivityManagerService.java:16139)

08-12 15:23:17.943  1562  1576 I LSPosed-Bridge: 	at android.app.IActivityManager$Stub.onTransact(IActivityManager.java:1088)

08-12 15:23:17.943  1562  1576 I LSPosed-Bridge: 	at com.android.server.am.ActivityManagerService.onTransact(ActivityManagerService.java:3346)

08-12 15:23:17.943  1562  1576 I LSPosed-Bridge: 	at android.os.Binder.execTransact(Binder.java:731)

08-12 15:23:17.993  1562  4660 I LSPosed-Bridge: 5758 PermLabel 10134 AMS.checkPermission: Binder.getCallingPid() = 5758; uid = 10134; Binder.getCallingUid() = 10134; getNameForUid: mobi.eup.easyenglish; getPackagesForUid: [mobi.eup.easyenglish]; permName: android.permission.GET_TASKS; type = 0; res = -1; stacktrace=java.lang.Exception

08-12 15:23:17.993  1562  4660 I LSPosed-Bridge: 	at com.example.permlabel.requirePerm$1$2.afterHookedMethod(requirePerm.java:132)

08-12 15:23:17.993  1562  4660 I LSPosed-Bridge: 	at de.robv.android.xposed.XposedBridge$AdditionalHookInfo.callback(Unknown Source:147)

08-12 15:23:17.993  1562  4660 I LSPosed-Bridge: 	at LSPHooker_.checkPermission(Unknown Source:25)

08-12 15:23:17.993  1562  4660 I LSPosed-Bridge: 	at com.android.server.am.ActivityManagerService.isGetTasksAllowed(ActivityManagerService.java:10902)

08-12 15:23:17.993  1562  4660 I LSPosed-Bridge: 	at com.android.server.am.ActivityManagerService.getFilteredTasks(ActivityManagerService.java:10884)

08-12 15:23:17.993  1562  4660 I LSPosed-Bridge: 	at com.android.server.am.ActivityManagerService.getTasks(ActivityManagerService.java:10872)

08-12 15:23:17.993  1562  4660 I LSPosed-Bridge: 	at android.app.IActivityManager$Stub.onTransact(IActivityManager.java:288)

08-12 15:23:17.993  1562  4660 I LSPosed-Bridge: 	at com.android.server.am.ActivityManagerService.onTransact(ActivityManagerService.java:3346)

08-12 15:23:17.993  1562  4660 I LSPosed-Bridge: 	at android.os.Binder.execTransact(Binder.java:731)

08-12 15:23:19.213  5758 30646 I LSPosed-Bridge: 5758 PermLabel hookBinder_test 10134 interfaceBinder =android.hardware.display.IDisplayManager; arg0 = 1; arg1 = android.os.Parcel@eb8e980; arg2 = android.os.Parcel@8144b5b; arg3 = 0; res = true; stacktrace=java.lang.Exception

08-12 15:23:19.213  5758 30646 I LSPosed-Bridge: 	at com.example.permlabel.hookBinder_test$1.afterHookedMethod(hookBinder_test.java:63)

08-12 15:23:19.213  5758 30646 I LSPosed-Bridge: 	at de.robv.android.xposed.XposedBridge$AdditionalHookInfo.callback(Unknown Source:147)

08-12 15:23:19.213  5758 30646 I LSPosed-Bridge: 	at LSPHooker_.transact(Unknown Source:28)

08-12 15:23:19.213  5758 30646 I LSPosed-Bridge: 	at android.hardware.display.IDisplayManager$Stub$Proxy.getDisplayInfo(IDisplayManager.java:404)

08-12 15:23:19.213  5758 30646 I LSPosed-Bridge: 	at android.hardware.display.DisplayManagerGlobal.getDisplayInfo(DisplayManagerGlobal.java:124)

08-12 15:23:19.213  5758 30646 I LSPosed-Bridge: 	at android.view.Display.updateDisplayInfoLocked(Display.java:1046)

08-12 15:23:19.213  5758 30646 I LSPosed-Bridge: 	at android.view.Display.updateCachedAppSizeIfNeededLocked(Display.java:1070)

08-12 15:23:19.213  5758 30646 I LSPosed-Bridge: 	at android.view.Display.getWidth(Display.java:691)

08-12 15:23:19.213  5758 30646 I LSPosed-Bridge: 	at com.google.android.gms.ads.nonagon.ad.activeview.f.a(:com.google.android.gms.policy_ads_fdr_dynamite@232400001@232400000057.538171701.538171701:239)

08-12 15:23:19.213  5758 30646 I LSPosed-Bridge: 	at com.google.android.gms.ads.nonagon.ad.activeview.j.g(:com.google.android.gms.policy_ads_fdr_dynamite@232400001@232400000057.538171701.538171701:36)

08-12 15:23:19.213  5758 30646 I LSPosed-Bridge: 	at com.google.android.gms.ads.nonagon.ad.activeview.j.bd(:com.google.android.gms.policy_ads_fdr_dynamite@232400001@232400000057.538171701.538171701:10)

08-12 15:23:19.213  5758 30646 I LSPosed-Bridge: 	at com.google.android.gms.ads.nonagon.ad.event.fp.a(:com.google.android.gms.policy_ads_fdr_dynamite@232400001@232400000057.538171701.538171701:5)

08-12 15:23:19.213  5758 30646 I LSPosed-Bridge: 	at com.google.android.gms.ads.nonagon.ad.event.du.run(:com.google.android.gms.policy_ads_fdr_dynamite@232400001@232400000057.538171701.538171701:5)

08-12 15:23:19.213  5758 30646 I LSPosed-Bridge: 	at java.util.concurrent.ThreadPoolExecutor.runWorker(ThreadPoolExecutor.java:1167)

08-12 15:23:19.213  5758 30646 I LSPosed-Bridge: 	at java.util.concurrent.ThreadPoolExecutor$Worker.run(ThreadPoolExecutor.java:641)

08-12 15:23:19.213  5758 30646 I LSPosed-Bridge: 	at java.lang.Thread.run(Thread.java:764)

08-12 15:23:19.213  1562  4374 I LSPosed-Bridge: 5758 PermLabel 10134 AMS.checkPermission: Binder.getCallingPid() = 5758; uid = 10134; Binder.getCallingUid() = 10134; getNameForUid: mobi.eup.easyenglish; getPackagesForUid: [mobi.eup.easyenglish]; permName: android.permission.GET_TASKS; type = 0; res = -1; stacktrace=java.lang.Exception

08-12 15:23:19.213  1562  4374 I LSPosed-Bridge: 	at com.example.permlabel.requirePerm$1$2.afterHookedMethod(requirePerm.java:132)

08-12 15:23:19.213  1562  4374 I LSPosed-Bridge: 	at de.robv.android.xposed.XposedBridge$AdditionalHookInfo.callback(Unknown Source:147)

08-12 15:23:19.213  1562  4374 I LSPosed-Bridge: 	at LSPHooker_.checkPermission(Unknown Source:25)

08-12 15:23:19.213  1562  4374 I LSPosed-Bridge: 	at com.android.server.am.ActivityManagerService.isGetTasksAllowed(ActivityManagerService.java:10902)

08-12 15:23:19.213  1562  4374 I LSPosed-Bridge: 	at com.android.server.am.ActivityManagerService.getRunningAppProcesses(ActivityManagerService.java:16139)

08-12 15:23:19.213  1562  4374 I LSPosed-Bridge: 	at android.app.IActivityManager$Stub.onTransact(IActivityManager.java:1088)

08-12 15:23:19.213  1562  4374 I LSPosed-Bridge: 	at com.android.server.am.ActivityManagerService.onTransact(ActivityManagerService.java:3346)

08-12 15:23:19.213  1562  4374 I LSPosed-Bridge: 	at android.os.Binder.execTransact(Binder.java:731)

08-12 15:23:24.970  5758  5758 I LSPosed-Bridge: 5758 PermLabel hookBinder_test 10134 interfaceBinder =android.content.pm.IPackageManager; arg0 = 14; arg1 = android.os.Parcel@201eed7; arg2 = android.os.Parcel@26262ad; arg3 = 0; res = true; stacktrace=java.lang.Exception

08-12 15:23:24.970  5758  5758 I LSPosed-Bridge: 	at com.example.permlabel.hookBinder_test$1.afterHookedMethod(hookBinder_test.java:63)

08-12 15:23:24.970  5758  5758 I LSPosed-Bridge: 	at de.robv.android.xposed.XposedBridge$AdditionalHookInfo.callback(Unknown Source:147)

08-12 15:23:24.970  5758  5758 I LSPosed-Bridge: 	at LSPHooker_.transact(Unknown Source:28)

08-12 15:23:24.970  5758  5758 I LSPosed-Bridge: 	at android.content.pm.IPackageManager$Stub$Proxy.getActivityInfo(IPackageManager.java:3135)

08-12 15:23:24.970  5758  5758 I LSPosed-Bridge: 	at android.app.ApplicationPackageManager.getActivityInfo(ApplicationPackageManager.java:427)

08-12 15:23:24.970  5758  5758 I LSPosed-Bridge: 	at com.google.android.gms.ads.nonagon.util.appstats.c.b(:com.google.android.gms.policy_ads_fdr_dynamite@232400001@232400000057.538171701.538171701:159)

08-12 15:23:24.970  5758  5758 I LSPosed-Bridge: 	at com.google.android.gms.ads.nonagon.signals.aw.b(:com.google.android.gms.policy_ads_fdr_dynamite@232400001@232400000057.538171701.538171701:56)

08-12 15:23:24.970  5758  5758 I LSPosed-Bridge: 	at com.google.android.gms.ads.nonagon.signals.fq.a(:com.google.android.gms.policy_ads_fdr_dynamite@232400001@232400000057.538171701.538171701:108)

08-12 15:23:24.970  5758  5758 I LSPosed-Bridge: 	at com.google.android.gms.ads.nonagon.ad.common.ci.a(:com.google.android.gms.policy_ads_fdr_dynamite@232400001@232400000057.538171701.538171701:12)

08-12 15:23:24.970  5758  5758 I LSPosed-Bridge: 	at com.google.android.gms.ads.nonagon.ad.common.ci.b(:com.google.android.gms.policy_ads_fdr_dynamite@232400001@232400000057.538171701.538171701:1)

08-12 15:23:24.970  5758  5758 I LSPosed-Bridge: 	at com.google.android.gms.ads.nonagon.ad.common.ai.d(:com.google.android.gms.policy_ads_fdr_dynamite@232400001@232400000057.538171701.538171701:16)

08-12 15:23:24.970  5758  5758 I LSPosed-Bridge: 	at com.google.android.gms.ads.nonagon.ad.common.ai.b(:com.google.android.gms.policy_ads_fdr_dynamite@232400001@232400000057.538171701.538171701:1)

08-12 15:23:24.970  5758  5758 I LSPosed-Bridge: 	at com.google.android.gms.ads.nonagon.shim.f.S(:com.google.android.gms.policy_ads_fdr_dynamite@232400001@232400000057.538171701.538171701:477)

08-12 15:23:24.970  5758  5758 I LSPosed-Bridge: 	at com.google.android.gms.ads.nonagon.shim.f.L(:com.google.android.gms.policy_ads_fdr_dynamite@232400001@232400000057.538171701.538171701:7)

08-12 15:23:24.970  5758  5758 I LSPosed-Bridge: 	at com.google.android.gms.ads.nonagon.shim.ab.L(:com.google.android.gms.policy_ads_fdr_dynamite@232400001@232400000057.538171701.538171701:3)

08-12 15:23:24.970  5758  5758 I LSPosed-Bridge: 	at com.google.android.gms.ads.internal.client.bf.bN(:com.google.android.gms.policy_ads_fdr_dynamite@232400001@232400000057.538171701.538171701:842)

08-12 15:23:24.970  5758  5758 I LSPosed-Bridge: 	at agd.onTransact(:com.google.android.gms.policy_ads_fdr_dynamite@232400001@232400000057.538171701.538171701:21)

08-12 15:23:24.970  5758  5758 I LSPosed-Bridge: 	at android.os.Binder.transact(Binder.java:667)

08-12 15:23:24.970  5758  5758 I LSPosed-Bridge: 	at com.google.android.gms.internal.ads.zzato.zzbg(com.google.android.gms:play-services-ads-base@@22.2.0:2)

08-12 15:23:24.970  5758  5758 I LSPosed-Bridge: 	at com.google.android.gms.ads.internal.client.zzbs.zzaa(com.google.android.gms:play-services-ads-lite@@22.2.0:3)

08-12 15:23:24.970  5758  5758 I LSPosed-Bridge: 	at com.google.android.gms.ads.internal.client.zzea.zzm(com.google.android.gms:play-services-ads-lite@@22.2.0:26)

08-12 15:23:24.970  5758  5758 I LSPosed-Bridge: 	at com.google.android.gms.ads.BaseAdView.loadAd(com.google.android.gms:play-services-ads-lite@@22.2.0:5)

08-12 15:23:24.970  5758  5758 I LSPosed-Bridge: 	at mobi.eup.easyenglish.google.admob.AdsBanner.loadBanner(AdsBanner.java:165)

08-12 15:23:24.970  5758  5758 I LSPosed-Bridge: 	at mobi.eup.easyenglish.google.admob.AdsBanner.access$100(AdsBanner.java:33)

08-12 15:23:24.970  5758  5758 I LSPosed-Bridge: 	at mobi.eup.easyenglish.google.admob.AdsBanner$1.onGlobalLayout(AdsBanner.java:115)

08-12 15:23:24.970  5758  5758 I LSPosed-Bridge: 	at android.view.ViewTreeObserver.dispatchOnGlobalLayout(ViewTreeObserver.java:945)

08-12 15:23:24.970  5758  5758 I LSPosed-Bridge: 	at android.view.ViewRootImpl.performTraversals(ViewRootImpl.java:2363)

08-12 15:23:24.970  5758  5758 I LSPosed-Bridge: 	at android.view.ViewRootImpl.doTraversal(ViewRootImpl.java:1465)

08-12 15:23:24.970  5758  5758 I LSPosed-Bridge: 	at android.view.ViewRootImpl$TraversalRunnable.run(ViewRootImpl.java:7205)

08-12 15:23:24.970  5758  5758 I LSPosed-Bridge: 	at android.view.Choreographer$CallbackRecord.run(Choreographer.java:1004)

08-12 15:23:24.970  5758  5758 I LSPosed-Bridge: 	at android.view.Choreographer.doCallbacks(Choreographer.java:816)

08-12 15:23:24.970  5758  5758 I LSPosed-Bridge: 	at android.view.Choreographer.doFrame(Choreographer.java:751)

08-12 15:23:24.970  5758  5758 I LSPosed-Bridge: 	at android.view.Choreographer$FrameDisplayEventReceiver.run(Choreographer.java:990)

08-12 15:23:24.970  5758  5758 I LSPosed-Bridge: 	at android.os.Handler.handleCallback(Handler.java:873)

08-12 15:23:24.970  5758  5758 I LSPosed-Bridge: 	at android.os.Handler.dispatchMessage(Handler.java:99)

08-12 15:23:24.970  5758  5758 I LSPosed-Bridge: 	at android.os.Looper.loop(Looper.java:193)

08-12 15:23:24.970  5758  5758 I LSPosed-Bridge: 	at android.app.ActivityThread.main(ActivityThread.java:6692)

08-12 15:23:24.970  5758  5758 I LSPosed-Bridge: 	at java.lang.reflect.Method.invoke(Native Method)

08-12 15:23:24.970  5758  5758 I LSPosed-Bridge: 	at com.android.internal.os.RuntimeInit$MethodAndArgsCaller.run(RuntimeInit.java:493)

08-12 15:23:24.970  5758  5758 I LSPosed-Bridge: 	at com.android

08-12 15:23:24.970  1562  6667 I LSPosed-Bridge: 5758 PermLabel 10134 AMS.checkPermission: Binder.getCallingPid() = 5758; uid = 10134; Binder.getCallingUid() = 10134; getNameForUid: mobi.eup.easyenglish; getPackagesForUid: [mobi.eup.easyenglish]; permName: android.permission.GET_TASKS; type = 0; res = -1; stacktrace=java.lang.Exception

08-12 15:23:24.970  1562  6667 I LSPosed-Bridge: 	at com.example.permlabel.requirePerm$1$2.afterHookedMethod(requirePerm.java:132)

08-12 15:23:24.970  1562  6667 I LSPosed-Bridge: 	at de.robv.android.xposed.XposedBridge$AdditionalHookInfo.callback(Unknown Source:147)

08-12 15:23:24.970  1562  6667 I LSPosed-Bridge: 	at LSPHooker_.checkPermission(Unknown Source:25)

08-12 15:23:24.970  1562  6667 I LSPosed-Bridge: 	at com.android.server.am.ActivityManagerService.isGetTasksAllowed(ActivityManagerService.java:10902)

08-12 15:23:24.970  1562  6667 I LSPosed-Bridge: 	at com.android.server.am.ActivityManagerService.getRunningAppProcesses(ActivityManagerService.java:16139)

08-12 15:23:24.970  1562  6667 I LSPosed-Bridge: 	at android.app.IActivityManager$Stub.onTransact(IActivityManager.java:1088)

08-12 15:23:24.970  1562  6667 I LSPosed-Bridge: 	at com.android.server.am.ActivityManagerService.onTransact(ActivityManagerService.java:3346)

08-12 15:23:24.970  1562  6667 I LSPosed-Bridge: 	at android.os.Binder.execTransact(Binder.java:731)

08-12 15:23:25.014  1562  4374 I LSPosed-Bridge: 5758 PermLabel 10134 AMS.checkPermission: Binder.getCallingPid() = 5758; uid = 10134; Binder.getCallingUid() = 10134; getNameForUid: mobi.eup.easyenglish; getPackagesForUid: [mobi.eup.easyenglish]; permName: android.permission.GET_TASKS; type = 0; res = -1; stacktrace=java.lang.Exception

08-12 15:23:25.014  1562  4374 I LSPosed-Bridge: 	at com.example.permlabel.requirePerm$1$2.afterHookedMethod(requirePerm.java:132)

08-12 15:23:25.014  1562  4374 I LSPosed-Bridge: 	at de.robv.android.xposed.XposedBridge$AdditionalHookInfo.callback(Unknown Source:147)

08-12 15:23:25.014  1562  4374 I LSPosed-Bridge: 	at LSPHooker_.checkPermission(Unknown Source:25)

08-12 15:23:25.014  1562  4374 I LSPosed-Bridge: 	at com.android.server.am.ActivityManagerService.isGetTasksAllowed(ActivityManagerService.java:10902)

08-12 15:23:25.014  1562  4374 I LSPosed-Bridge: 	at com.android.server.am.ActivityManagerService.getFilteredTasks(ActivityManagerService.java:10884)

08-12 15:23:25.014  1562  4374 I LSPosed-Bridge: 	at com.android.server.am.ActivityManagerService.getTasks(ActivityManagerService.java:10872)

08-12 15:23:25.014  1562  4374 I LSPosed-Bridge: 	at android.app.IActivityManager$Stub.onTransact(IActivityManager.java:288)

08-12 15:23:25.014  1562  4374 I LSPosed-Bridge: 	at com.android.server.am.ActivityManagerService.onTransact(ActivityManagerService.java:3346)

08-12 15:23:25.014  1562  4374 I LSPosed-Bridge: 	at android.os.Binder.execTransact(Binder.java:731)

08-12 15:23:26.607  5758 30646 I LSPosed-Bridge: 5758 PermLabel hookBinder_test 10134 interfaceBinder =android.hardware.display.IDisplayManager; arg0 = 1; arg1 = android.os.Parcel@e6c42ae; arg2 = android.os.Parcel@8c31b2f; arg3 = 0; res = true; stacktrace=java.lang.Exception

08-12 15:23:26.607  5758 30646 I LSPosed-Bridge: 	at com.example.permlabel.hookBinder_test$1.afterHookedMethod(hookBinder_test.java:63)

08-12 15:23:26.607  5758 30646 I LSPosed-Bridge: 	at de.robv.android.xposed.XposedBridge$AdditionalHookInfo.callback(Unknown Source:147)

08-12 15:23:26.607  5758 30646 I LSPosed-Bridge: 	at LSPHooker_.transact(Unknown Source:28)

08-12 15:23:26.607  5758 30646 I LSPosed-Bridge: 	at android.hardware.display.IDisplayManager$Stub$Proxy.getDisplayInfo(IDisplayManager.java:404)

08-12 15:23:26.607  5758 30646 I LSPosed-Bridge: 	at android.hardware.display.DisplayManagerGlobal.getDisplayInfo(DisplayManagerGlobal.java:124)

08-12 15:23:26.607  5758 30646 I LSPosed-Bridge: 	at android.hardware.display.DisplayManagerGlobal.getCompatibleDisplay(DisplayManagerGlobal.java:199)

08-12 15:23:26.607  5758 30646 I LSPosed-Bridge: 	at android.app.ResourcesManager.getAdjustedDisplay(ResourcesManager.java:293)

08-12 15:23:26.607  5758 30646 I LSPosed-Bridge: 	at android.app.ContextImpl.getDisplay(ContextImpl.java:2223)

08-12 15:23:26.607  5758 30646 I LSPosed-Bridge: 	at android.view.WindowManagerImpl.getDefaultDisplay(WindowManagerImpl.java:149)

08-12 15:23:26.607  5758 30646 I LSPosed-Bridge: 	at com.google.android.gms.ads.nonagon.ad.activeview.f.a(:com.google.android.gms.policy_ads_fdr_dynamite@232400001@232400000057.538171701.538171701:235)

08-12 15:23:26.607  5758 30646 I LSPosed-Bridge: 	at com.google.android.gms.ads.nonagon.ad.activeview.j.g(:com.google.android.gms.policy_ads_fdr_dynamite@232400001@232400000057.538171701.538171701:36)

08-12 15:23:26.607  5758 30646 I LSPosed-Bridge: 	at com.google.android.gms.ads.nonagon.ad.activeview.j.bd(:com.google.android.gms.policy_ads_fdr_dynamite@232400001@232400000057.538171701.538171701:10)

08-12 15:23:26.607  5758 30646 I LSPosed-Bridge: 	at com.google.android.gms.ads.nonagon.ad.event.fp.a(:com.google.android.gms.policy_ads_fdr_dynamite@232400001@232400000057.538171701.538171701:5)

08-12 15:23:26.607  5758 30646 I LSPosed-Bridge: 	at com.google.android.gms.ads.nonagon.ad.event.du.run(:com.google.android.gms.policy_ads_fdr_dynamite@232400001@232400000057.538171701.538171701:5)

08-12 15:23:26.607  5758 30646 I LSPosed-Bridge: 	at java.util.concurrent.ThreadPoolExecutor.runWorker(ThreadPoolExecutor.java:1167)

08-12 15:23:26.607  5758 30646 I LSPosed-Bridge: 	at java.util.concurrent.ThreadPoolExecutor$Worker.run(ThreadPoolExecutor.java:641)

08-12 15:23:26.607  5758 30646 I LSPosed-Bridge: 	at java.lang.Thread.run(Thread.java:764)

08-12 15:23:26.607  1562  1576 I LSPosed-Bridge: 5758 PermLabel 10134 AMS.checkPermission: Binder.getCallingPid() = 5758; uid = 10134; Binder.getCallingUid() = 10134; getNameForUid: mobi.eup.easyenglish; getPackagesForUid: [mobi.eup.easyenglish]; permName: android.permission.GET_TASKS; type = 0; res = -1; stacktrace=java.lang.Exception

08-12 15:23:26.607  1562  1576 I LSPosed-Bridge: 	at com.example.permlabel.requirePerm$1$2.afterHookedMethod(requirePerm.java:132)

08-12 15:23:26.607  1562  1576 I LSPosed-Bridge: 	at de.robv.android.xposed.XposedBridge$AdditionalHookInfo.callback(Unknown Source:147)

08-12 15:23:26.607  1562  1576 I LSPosed-Bridge: 	at LSPHooker_.checkPermission(Unknown Source:25)

08-12 15:23:26.607  1562  1576 I LSPosed-Bridge: 	at com.android.server.am.ActivityManagerService.isGetTasksAllowed(ActivityManagerService.java:10902)

08-12 15:23:26.607  1562  1576 I LSPosed-Bridge: 	at com.android.server.am.ActivityManagerService.getRunningAppProcesses(ActivityManagerService.java:16139)

08-12 15:23:26.607  1562  1576 I LSPosed-Bridge: 	at android.app.IActivityManager$Stub.onTransact(IActivityManager.java:1088)

08-12 15:23:26.607  1562  1576 I LSPosed-Bridge: 	at com.android.server.am.ActivityManagerService.onTransact(ActivityManagerService.java:3346)

08-12 15:23:26.607  1562  1576 I LSPosed-Bridge: 	at android.os.Binder.execTransact(Binder.java:731)

08-12 15:23:26.607  5758 30646 I LSPosed-Bridge: 5758 PermLabel hookBinder_test 10134 interfaceBinder =android.hardware.display.IDisplayManager; arg0 = 1; arg1 = android.os.Parcel@8c31b2f; arg2 = android.os.Parcel@e6c42ae; arg3 = 0; res = true; stacktrace=java.lang.Exception

08-12 15:23:26.607  5758 30646 I LSPosed-Bridge: 	at com.example.permlabel.hookBinder_test$1.afterHookedMethod(hookBinder_test.java:63)

08-12 15:23:26.607  5758 30646 I LSPosed-Bridge: 	at de.robv.android.xposed.XposedBridge$AdditionalHookInfo.callback(Unknown Source:147)

08-12 15:23:26.607  5758 30646 I LSPosed-Bridge: 	at LSPHooker_.transact(Unknown Source:28)

08-12 15:23:26.607  5758 30646 I LSPosed-Bridge: 	at android.hardware.display.IDisplayManager$Stub$Proxy.getDisplayInfo(IDisplayManager.java:404)

08-12 15:23:26.607  5758 30646 I LSPosed-Bridge: 	at android.hardware.display.DisplayManagerGlobal.getDisplayInfo(DisplayManagerGlobal.java:124)

08-12 15:23:26.607  5758 30646 I LSPosed-Bridge: 	at android.view.Display.updateDisplayInfoLocked(Display.java:1046)

08-12 15:23:26.607  5758 30646 I LSPosed-Bridge: 	at android.view.Display.updateCachedAppSizeIfNeededLocked(Display.java:1070)

08-12 15:23:26.607  5758 30646 I LSPosed-Bridge: 	at android.view.Display.getWidth(Display.java:691)

08-12 15:23:26.607  5758 30646 I LSPosed-Bridge: 	at com.google.android.gms.ads.nonagon.ad.activeview.f.a(:com.google.android.gms.policy_ads_fdr_dynamite@232400001@232400000057.538171701.538171701:239)

08-12 15:23:26.607  5758 30646 I LSPosed-Bridge: 	at com.google.android.gms.ads.nonagon.ad.activeview.j.g(:com.google.android.gms.policy_ads_fdr_dynamite@232400001@232400000057.538171701.538171701:36)

08-12 15:23:26.607  5758 30646 I LSPosed-Bridge: 	at com.google.android.gms.ads.nonagon.ad.activeview.j.bd(:com.google.android.gms.policy_ads_fdr_dynamite@232400001@232400000057.538171701.538171701:10)

08-12 15:23:26.607  5758 30646 I LSPosed-Bridge: 	at com.google.android.gms.ads.nonagon.ad.event.fp.a(:com.google.android.gms.policy_ads_fdr_dynamite@232400001@232400000057.538171701.538171701:5)

08-12 15:23:26.607  5758 30646 I LSPosed-Bridge: 	at com.google.android.gms.ads.nonagon.ad.event.du.run(:com.google.android.gms.policy_ads_fdr_dynamite@232400001@232400000057.538171701.538171701:5)

08-12 15:23:26.607  5758 30646 I LSPosed-Bridge: 	at java.util.concurrent.ThreadPoolExecutor.runWorker(ThreadPoolExecutor.java:1167)

08-12 15:23:26.607  5758 30646 I LSPosed-Bridge: 	at java.util.concurrent.ThreadPoolExecutor$Worker.run(ThreadPoolExecutor.java:641)

08-12 15:23:26.607  5758 30646 I LSPosed-Bridge: 	at java.lang.Thread.run(Thread.java:764)

08-12 15:23:32.311  5758 30637 I LSPosed-Bridge: 5758 PermLabel hookBinder_test 10134 interfaceBinder =android.hardware.display.IDisplayManager; arg0 = 1; arg1 = android.os.Parcel@b363a7f; arg2 = android.os.Parcel@923ca4c; arg3 = 0; res = true; stacktrace=java.lang.Exception

08-12 15:23:32.311  5758 30637 I LSPosed-Bridge: 	at com.example.permlabel.hookBinder_test$1.afterHookedMethod(hookBinder_test.java:63)

08-12 15:23:32.311  5758 30637 I LSPosed-Bridge: 	at de.robv.android.xposed.XposedBridge$AdditionalHookInfo.callback(Unknown Source:147)

08-12 15:23:32.311  5758 30637 I LSPosed-Bridge: 	at LSPHooker_.transact(Unknown Source:28)

08-12 15:23:32.311  5758 30637 I LSPosed-Bridge: 	at android.hardware.display.IDisplayManager$Stub$Proxy.getDisplayInfo(IDisplayManager.java:404)

08-12 15:23:32.311  5758 30637 I LSPosed-Bridge: 	at android.hardware.display.DisplayManagerGlobal.getDisplayInfo(DisplayManagerGlobal.java:124)

08-12 15:23:32.311  5758 30637 I LSPosed-Bridge: 	at android.hardware.display.DisplayManagerGlobal.getCompatibleDisplay(DisplayManagerGlobal.java:199)

08-12 15:23:32.311  5758 30637 I LSPosed-Bridge: 	at android.app.ResourcesManager.getAdjustedDisplay(ResourcesManager.java:293)

08-12 15:23:32.311  5758 30637 I LSPosed-Bridge: 	at android.app.ContextImpl.getDisplay(ContextImpl.java:2223)

08-12 15:23:32.311  5758 30637 I LSPosed-Bridge: 	at android.view.WindowManagerImpl.getDefaultDisplay(WindowManagerImpl.java:149)

08-12 15:23:32.311  5758 30637 I LSPosed-Bridge: 	at com.google.android.ads.z__.ad.a(Unknown Source:19)

08-12 15:23:32.311  5758 30637 I LSPosed-Bridge: 	at java.lang.reflect.Method.invoke(Native Method)

08-12 15:23:32.311  5758 30637 I LSPosed-Bridge: 	at com.google.android.ads.tasks.u.a(:com.google.android.gms.policy_ads_fdr_dynamite@232400001@232400000057.538171701.538171701:78)

08-12 15:23:32.311  5758 30637 I LSPosed-Bridge: 	at com.google.android.ads.tasks.ae.f(:com.google.android.gms.policy_ads_fdr_dynamite@232400001@232400000057.538171701.538171701:20)

08-12 15:23:32.311  5758 30637 I LSPosed-Bridge: 	at com.google.android.ads.tasks.ae.call(:com.google.android.gms.policy_ads_fdr_dynamite@232400001@232400000057.538171701.538171701:1)

08-12 15:23:32.311  5758 30637 I LSPosed-Bridge: 	at java.util.concurrent.FutureTask.run(FutureTask.java:266)

08-12 15:23:32.311  5758 30637 I LSPosed-Bridge: 	at java.util.concurrent.ThreadPoolExecutor.runWorker(ThreadPoolExecutor.java:1167)

08-12 15:23:32.311  5758 30637 I LSPosed-Bridge: 	at java.util.concurrent.ThreadPoolExecutor$Worker.run(ThreadPoolExecutor.java:641)

08-12 15:23:32.311  5758 30637 I LSPosed-Bridge: 	at java.lang.Thread.run(Thread.java:764)

08-12 15:23:32.311  1562  6667 I LSPosed-Bridge: 5758 PermLabel 10134 AMS.checkPermission: Binder.getCallingPid() = 5758; uid = 10134; Binder.getCallingUid() = 10134; getNameForUid: mobi.eup.easyenglish; getPackagesForUid: [mobi.eup.easyenglish]; permName: android.permission.GET_TASKS; type = 0; res = -1; stacktrace=java.lang.Exception

08-12 15:23:32.311  1562  6667 I LSPosed-Bridge: 	at com.example.permlabel.requirePerm$1$2.afterHookedMethod(requirePerm.java:132)

08-12 15:23:32.311  1562  6667 I LSPosed-Bridge: 	at de.robv.android.xposed.XposedBridge$AdditionalHookInfo.callback(Unknown Source:147)

08-12 15:23:32.311  1562  6667 I LSPosed-Bridge: 	at LSPHooker_.checkPermission(Unknown Source:25)

08-12 15:23:32.311  1562  6667 I LSPosed-Bridge: 	at com.android.server.am.ActivityManagerService.isGetTasksAllowed(ActivityManagerService.java:10902)

08-12 15:23:32.311  1562  6667 I LSPosed-Bridge: 	at com.android.server.am.ActivityManagerService.getRunningAppProcesses(ActivityManagerService.java:16139)

08-12 15:23:32.311  1562  6667 I LSPosed-Bridge: 	at android.app.IActivityManager$Stub.onTransact(IActivityManager.java:1088)

08-12 15:23:32.311  1562  6667 I LSPosed-Bridge: 	at com.android.server.am.ActivityManagerService.onTransact(ActivityManagerService.java:3346)

08-12 15:23:32.311  1562  6667 I LSPosed-Bridge: 	at android.os.Binder.execTransact(Binder.java:731)

08-12 15:23:32.356  1562 10107 I LSPosed-Bridge: 5758 PermLabel 10134 AMS.checkPermission: Binder.getCallingPid() = 5758; uid = 10134; Binder.getCallingUid() = 10134; getNameForUid: mobi.eup.easyenglish; getPackagesForUid: [mobi.eup.easyenglish]; permName: android.permission.GET_TASKS; type = 0; res = -1; stacktrace=java.lang.Exception

08-12 15:23:32.356  1562 10107 I LSPosed-Bridge: 	at com.example.permlabel.requirePerm$1$2.afterHookedMethod(requirePerm.java:132)

08-12 15:23:32.356  1562 10107 I LSPosed-Bridge: 	at de.robv.android.xposed.XposedBridge$AdditionalHookInfo.callback(Unknown Source:147)

08-12 15:23:32.356  1562 10107 I LSPosed-Bridge: 	at LSPHooker_.checkPermission(Unknown Source:25)

08-12 15:23:32.356  1562 10107 I LSPosed-Bridge: 	at com.android.server.am.ActivityManagerService.isGetTasksAllowed(ActivityManagerService.java:10902)

08-12 15:23:32.356  1562 10107 I LSPosed-Bridge: 	at com.android.server.am.ActivityManagerService.getFilteredTasks(ActivityManagerService.java:10884)

08-12 15:23:32.356  1562 10107 I LSPosed-Bridge: 	at com.android.server.am.ActivityManagerService.getTasks(ActivityManagerService.java:10872)

08-12 15:23:32.356  1562 10107 I LSPosed-Bridge: 	at android.app.IActivityManager$Stub.onTransact(IActivityManager.java:288)

08-12 15:23:32.356  1562 10107 I LSPosed-Bridge: 	at com.android.server.am.ActivityManagerService.onTransact(ActivityManagerService.java:3346)

08-12 15:23:32.356  1562 10107 I LSPosed-Bridge: 	at android.os.Binder.execTransact(Binder.java:731)

08-12 15:23:33.467  1562  4660 I LSPosed-Bridge: 5758 PermLabel 10134 AMS.checkPermission: Binder.getCallingPid() = 5758; uid = 10134; Binder.getCallingUid() = 10134; getNameForUid: mobi.eup.easyenglish; getPackagesForUid: [mobi.eup.easyenglish]; permName: android.permission.GET_TASKS; type = 0; res = -1; stacktrace=java.lang.Exception

08-12 15:23:33.467  1562  4660 I LSPosed-Bridge: 	at com.example.permlabel.requirePerm$1$2.afterHookedMethod(requirePerm.java:132)

08-12 15:23:33.467  1562  4660 I LSPosed-Bridge: 	at de.robv.android.xposed.XposedBridge$AdditionalHookInfo.callback(Unknown Source:147)

08-12 15:23:33.467  1562  4660 I LSPosed-Bridge: 	at LSPHooker_.checkPermission(Unknown Source:25)

08-12 15:23:33.467  1562  4660 I LSPosed-Bridge: 	at com.android.server.am.ActivityManagerService.isGetTasksAllowed(ActivityManagerService.java:10902)

08-12 15:23:33.467  1562  4660 I LSPosed-Bridge: 	at com.android.server.am.ActivityManagerService.getRunningAppProcesses(ActivityManagerService.java:16139)

08-12 15:23:33.467  1562  4660 I LSPosed-Bridge: 	at android.app.IActivityManager$Stub.onTransact(IActivityManager.java:1088)

08-12 15:23:33.467  1562  4660 I LSPosed-Bridge: 	at com.android.server.am.ActivityManagerService.onTransact(ActivityManagerService.java:3346)

08-12 15:23:33.467  1562  4660 I LSPosed-Bridge: 	at android.os.Binder.execTransact(Binder.java:731)

08-12 15:23:33.467   550   550 I ConfigStore: android::hardware::configstore::V1_0::ISurfaceFlingerConfigs::hasHDRDisplay retrieved: 0

08-12 15:23:33.467  5758 30228 I LSPosed-Bridge: 5758 PermLabel hookBinder_test 10134 interfaceBinder =android.media.IAudioService; arg0 = 14; arg1 = android.os.Parcel@c899d30; arg2 = android.os.Parcel@2a321f5; arg3 = 0; res = true; stacktrace=java.lang.Exception

08-12 15:23:33.467  5758 30228 I LSPosed-Bridge: 	at com.example.permlabel.hookBinder_test$1.afterHookedMethod(hookBinder_test.java:63)

08-12 15:23:33.467  5758 30228 I LSPosed-Bridge: 	at de.robv.android.xposed.XposedBridge$AdditionalHookInfo.callback(Unknown Source:147)

08-12 15:23:33.467  5758 30228 I LSPosed-Bridge: 	at LSPHooker_.transact(Unknown Source:28)

08-12 15:23:33.467  5758 30228 I LSPosed-Bridge: 	at android.media.IAudioService$Stub$Proxy.getStreamMaxVolume(IAudioService.java:1247)

08-12 15:23:33.467  5758 30228 I LSPosed-Bridge: 	at android.media.AudioManager.getStreamMaxVolume(AudioManager.java:932)

08-12 15:23:33.467  5758 30228 I LSPosed-Bridge: 	at com.google.android.gms.ads.internal.util.y.b(:com.google.android.gms.policy_ads_fdr_dynamite@232400001@232400000057.538171701.538171701:14)

08-12 15:23:33.467  5758 30228 I LSPosed-Bridge: 	at com.google.android.gms.ads.nonagon.ad.activeview.f.a(:com.google.android.gms.policy_ads_fdr_dynamite@232400001@232400000057.538171701.538171701:163)

08-12 15:23:33.467  5758 30228 I LSPosed-Bridge: 	at com.google.android.gms.ads.nonagon.ad.activeview.j.g(:com.google.android.gms.policy_ads_fdr_dynamite@232400001@232400000057.538171701.538171701:36)

08-12 15:23:33.467  5758 30228 I LSPosed-Bridge: 	at com.google.android.gms.ads.nonagon.ad.activeview.j.bd(:com.google.android.gms.policy_ads_fdr_dynamite@232400001@232400000057.538171701.538171701:10)

08-12 15:23:33.467  5758 30228 I LSPosed-Bridge: 	at com.google.android.gms.ads.nonagon.ad.event.fp.a(:com.google.android.gms.policy_ads_fdr_dynamite@232400001@232400000057.538171701.538171701:5)

08-12 15:23:33.467  5758 30228 I LSPosed-Bridge: 	at com.google.android.gms.ads.nonagon.ad.event.du.run(:com.google.android.gms.policy_ads_fdr_dynamite@232400001@232400000057.538171701.538171701:5)

08-12 15:23:33.467  5758 30228 I LSPosed-Bridge: 	at java.util.concurrent.ThreadPoolExecutor.runWorker(ThreadPoolExecutor.java:1167)

08-12 15:23:33.467  5758 30228 I LSPosed-Bridge: 	at java.util.concurrent.ThreadPoolExecutor$Worker.run(ThreadPoolExecutor.java:641)

08-12 15:23:33.467  5758 30228 I LSPosed-Bridge: 	at java.lang.Thread.run(Thread.java:764)

08-12 15:23:33.467  5758  5758 I LSPosed-Bridge: 5758 PermLabel hookBinder_test 10134 interfaceBinder =android.os.IPowerManager; arg0 = 12; arg1 = android.os.Parcel@f20fa6c; arg2 = android.os.Parcel@5ec1618; arg3 = 0; res = true; stacktrace=java.lang.Exception

08-12 15:23:33.467  5758  5758 I LSPosed-Bridge: 	at com.example.permlabel.hookBinder_test$1.afterHookedMethod(hookBinder_test.java:63)

08-12 15:23:33.467  5758  5758 I LSPosed-Bridge: 	at de.robv.android.xposed.XposedBridge$AdditionalHookInfo.callback(Unknown Source:147)

08-12 15:23:33.467  5758  5758 I LSPosed-Bridge: 	at LSPHooker_.transact(Unknown Source:28)

08-12 15:23:33.467  5758  5758 I LSPosed-Bridge: 	at android.os.IPowerManager$Stub$Proxy.isInteractive(IPowerManager.java:585)

08-12 15:23:33.467  5758  5758 I LSPosed-Bridge: 	at android.os.PowerManager.isInteractive(PowerManager.java:1082)

08-12 15:23:33.467  5758  5758 I LSPosed-Bridge: 	at android.os.PowerManager.isScreenOn(PowerManager.java:1043)

08-12 15:23:33.467  5758  5758 I LSPosed-Bridge: 	at com.google.android.gms.ads.internal.activeview.f.c(:com.google.android.gms.policy_ads_fdr_dynamite@232400001@232400000057.538171701.538171701:461)

08-12 15:23:33.467  5758  5758 I LSPosed-Bridge: 	at com.google.android.gms.ads.internal.activeview.f.onGlobalLayout(:com.google.android.gms.policy_ads_fdr_dynamite@232400001@232400000057.538171701.538171701:2)

08-12 15:23:33.467  5758  5758 I LSPosed-Bridge: 	at android.view.ViewTreeObserver.dispatchOnGlobalLayout(ViewTreeObserver.java:945)

08-12 15:23:33.467  5758  5758 I LSPosed-Bridge: 	at android.view.ViewRootImpl.performTraversals(ViewRootImpl.java:2363)

08-12 15:23:33.467  5758  5758 I LSPosed-Bridge: 	at android.view.ViewRootImpl.doTraversal(ViewRootImpl.java:1465)

08-12 15:23:33.467  5758  5758 I LSPosed-Bridge: 	at android.view.ViewRootImpl$TraversalRunnable.run(ViewRootImpl.java:7205)

08-12 15:23:33.467  5758  5758 I LSPosed-Bridge: 	at android.view.Choreographer$CallbackRecord.run(Choreographer.java:1004)

08-12 15:23:33.467  5758  5758 I LSPosed-Bridge: 	at android.view.Choreographer.doCallbacks(Choreographer.java:816)

08-12 15:23:33.467  5758  5758 I LSPosed-Bridge: 	at android.view.Choreographer.doFrame(Choreographer.java:751)

08-12 15:23:33.467  5758  5758 I LSPosed-Bridge: 	at android.view.Choreographer$FrameDisplayEventReceiver.run(Choreographer.java:990)

08-12 15:23:33.467  5758  5758 I LSPosed-Bridge: 	at android.os.Handler.handleCallback(Handler.java:873)

08-12 15:23:33.467  5758  5758 I LSPosed-Bridge: 	at android.os.Handler.dispatchMessage(Handler.java:99)

08-12 15:23:33.467  5758  5758 I LSPosed-Bridge: 	at android.os.Looper.loop(Looper.java:193)

08-12 15:23:33.467  5758  5758 I LSPosed-Bridge: 	at android.app.ActivityThread.main(ActivityThread.java:6692)

08-12 15:23:33.467  5758  5758 I LSPosed-Bridge: 	at java.lang.reflect.Method.invoke(Native Method)

08-12 15:23:33.467  5758  5758 I LSPosed-Bridge: 	at com.android.internal.os.RuntimeInit$MethodAndArgsCaller.run(RuntimeInit.java:493)

08-12 15:23:33.467  5758  5758 I LSPosed-Bridge: 	at com.android.internal.os.ZygoteInit.main(ZygoteInit.java:858)

08-12 15:23:33.467  5758 31135 I LSPosed-Bridge: 5758 PermLabel hookBinder_test 10134 interfaceBinder =android.app.IActivityManager; arg0 = 81; arg1 = android.os.Parcel@23ccd61; arg2 = android.os.Parcel@e5df44b; arg3 = 0; res = true; stacktrace=java.lang.Exception

08-12 15:23:33.467  5758 31135 I LSPosed-Bridge: 	at com.example.permlabel.hookBinder_test$1.afterHookedMethod(hookBinder_test.java:63)

08-12 15:23:33.467  5758 31135 I LSPosed-Bridge: 	at de.robv.android.xposed.XposedBridge$AdditionalHookInfo.callback(Unknown Source:147)

08-12 15:23:33.467  5758 31135 I LSPosed-Bridge: 	at LSPHooker_.transact(Unknown Source:28)

08-12 15:23:33.467  5758 31135 I LSPosed-Bridge: 	at android.app.IActivityManager$Stub$Proxy.getRunningAppProcesses(IActivityManager.java:5366)

08-12 15:23:33.467  5758 31135 I LSPosed-Bridge: 	at android.app.ActivityManager.getRunningAppProcesses(ActivityManager.java:3435)

08-12 15:23:33.467  5758 31135 I LSPosed-Bridge: 	at java.lang.reflect.Method.invoke(Native Method)

08-12 15:23:33.467  5758 31135 I LSPosed-Bridge: 	at org.lsposed.lspd.nativebridge.HookBridge.invokeOriginalMethod(Native Method)

08-12 15:23:33.467  5758 31135 I LSPosed-Bridge: 	at de.robv.android.xposed.XposedBridge$AdditionalHookInfo.callback(Unknown Source:110)

08-12 15:23:33.467  5758 31135 I LSPosed-Bridge: 	at LSPHooker_.getRunningAppProcesses(Unknown Source:8)

08-12 15:23:33.467  5758 31135 I LSPosed-Bridge: 	at com.google.android.ads.z__.aa.a(Unknown Source:17)

08-12 15:23:33.467  5758 31135 I LSPosed-Bridge: 	at java.lang.reflect.Method.invoke(Native Method)

08-12 15:23:33.467  5758 31135 I LSPosed-Bridge: 	at com.google.android.ads.tasks.s.a(:com.google.android.gms.policy_ads_fdr_dynamite@232400001@232400000057.538171701.538171701:33)

08-12 15:23:33.467  5758 31135 I LSPosed-Bridge: 	at com.google.android.ads.tasks.ae.f(:com.google.android.gms.policy_ads_fdr_dynamite@232400001@232400000057.538171701.538171701:20)

08-12 15:23:33.467  5758 31135 I LSPosed-Bridge: 	at com.google.android.ads.tasks.ae.call(:com.google.android.gms.policy_ads_fdr_dynamite@232400001@232400000057.538171701.538171701:1)

08-12 15:23:33.467  5758 31135 I LSPosed-Bridge: 	at java.util.concurrent.FutureTask.run(FutureTask.java:266)

08-12 15:23:33.467  5758 31135 I LSPosed-Bridge: 	at java.util.concurrent.ThreadPoolExecutor.runWorker(ThreadPoolExecutor.java:1167)

08-12 15:23:33.467  5758 31135 I LSPosed-Bridge: 	at java.util.concurrent.ThreadPoolExecutor$Worker.run(ThreadPoolExecutor.java:641)

08-12 15:23:33.467  5758 31135 I LSPosed-Bridge: 	at java.lang.Thread.run(Thread.java:764)

08-12 15:23:33.467  5758 30634 I LSPosed-Bridge: 5758 PermLabel hookBinder_test 10134 interfaceBinder =android.app.IActivityManager; arg0 = 9; arg1 = android.os.Parcel@356ab3a; arg2 = android.os.Parcel@ceec3eb; arg3 = 0; res = true; stacktrace=java.lang.Exception

08-12 15:23:33.467  5758 30634 I LSPosed-Bridge: 	at com.example.permlabel.hookBinder_test$1.afterHookedMethod(hookBinder_test.java:63)

08-12 15:23:33.467  5758 30634 I LSPosed-Bridge: 	at de.robv.android.xposed.XposedBridge$AdditionalHookInfo.callback(Unknown Source:147)

08-12 15:23:33.467  5758 30634 I LSPosed-Bridge: 	at LSPHooker_.transact(Unknown Source:28)

08-12 15:23:33.467  5758 30634 I LSPosed-Bridge: 	at android.app.IActivityManager$Stub$Proxy.registerReceiver(IActivityManager.java:3825)

08-12 15:23:33.467  5758 30634 I LSPosed-Bridge: 	at android.app.ContextImpl.registerReceiverInternal(ContextImpl.java:1488)

08-12 15:23:33.467  5758 30634 I LSPosed-Bridge: 	at android.app.ContextImpl.registerReceiver(ContextImpl.java:1449)

08-12 15:23:33.467  5758 30634 I LSPosed-Bridge: 	at android.app.ContextImpl.registerReceiver(ContextImpl.java:1437)

08-12 15:23:33.467  5758 30634 I LSPosed-Bridge: 	at android.content.ContextWrapper.registerReceiver(ContextWrapper.java:623)

08-12 15:23:33.467  5758 30634 I LSPosed-Bridge: 	at com.google.android.ads.z__.n.a(Unknown Source:8)

08-12 15:23:33.467  5758 30634 I LSPosed-Bridge: 	at java.lang.reflect.Method.invoke(Native Method)

08-12 15:23:33.467  5758 30634 I LSPosed-Bridge: 	at com.google.android.ads.tasks.f.a(:com.google.android.gms.policy_ads_fdr_dynamite@232400001@232400000057.538171701.538171701:68)

08-12 15:23:33.467  5758 30634 I LSPosed-Bridge: 	at com.google.android.ads.tasks.ae.f(:com.google.android.gms.policy_ads_fdr_dynamite@232400001@232400000057.538171701.538171701:20)

08-12 15:23:33.467  5758 30634 I LSPosed-Bridge: 	at com.google.android.ads.tasks.ae.call(:com.google.android.gms.policy_ads_fdr_dynamite@232400001@232400000057.538171701.538171701:1)

08-12 15:23:33.467  5758 30634 I LSPosed-Bridge: 	at java.util.concurrent.FutureTask.run(FutureTask.java:266)

08-12 15:23:33.467  5758 30634 I LSPosed-Bridge: 	at java.util.concurrent.ThreadPoolExecutor.runWorker(ThreadPoolExecutor.java:1167)

08-12 15:23:33.467  5758 30634 I LSPosed-Bridge: 	at java.util.concurrent.ThreadPoolExecutor$Worker.run(ThreadPoolExecutor.java:641)

08-12 15:23:33.467  5758 30634 I LSPosed-Bridge: 	at java.lang.Thread.run(Thread.java:764)

08-12 15:23:33.467  5758 31135 I LSPosed-Bridge: 5758 PermLabel getRunningAppProcesses =android.app.ActivityManager$RunningAppProcessInfo@45bcfe1

08-12 15:23:33.467  5758 31135 I LSPosed-Bridge: 5758 PermLabel getRunningAppProcesses processName: mobi.eup.easyenglish pid: 5758

08-12 15:23:33.467  5758 31135 I LSPosed-Bridge: 5758 PermLabel getRunningAppProcesses importance: 100 pid: 5758

08-12 15:23:33.467  5758 31135 I LSPosed-Bridge: 5758 PermLabel getRunningAppProcesses packageName mobi.eup.easyenglish at index 0 in process 5758

08-12 15:23:44.830  5758 30890 I LSPosed-Bridge: 5758 PermLabel hookBinder_test 10134 interfaceBinder =android.view.IWindowManager; arg0 = 40; arg1 = android.os.Parcel@2f41ece; arg2 = android.os.Parcel@5ece7c9; arg3 = 0; res = true; stacktrace=java.lang.Exception

08-12 15:23:44.830  5758 30890 I LSPosed-Bridge: 	at com.example.permlabel.hookBinder_test$1.afterHookedMethod(hookBinder_test.java:63)

08-12 15:23:44.830  5758 30890 I LSPosed-Bridge: 	at de.robv.android.xposed.XposedBridge$AdditionalHookInfo.callback(Unknown Source:147)

08-12 15:23:44.830  5758 30890 I LSPosed-Bridge: 	at LSPHooker_.transact(Unknown Source:28)

08-12 15:23:44.830  5758 30890 I LSPosed-Bridge: 	at android.view.IWindowManager$Stub$Proxy.isKeyguardLocked(IWindowManager.java:1850)

08-12 15:23:44.830  5758 30890 I LSPosed-Bridge: 	at android.app.KeyguardManager.isKeyguardLocked(KeyguardManager.java:367)

08-12 15:23:44.830  5758 30890 I LSPosed-Bridge: 	at com.google.android.ads.z__.ae.a(Unknown Source:35)

08-12 15:23:44.830  5758 30890 I LSPosed-Bridge: 	at java.lang.reflect.Method.invoke(Native Method)

08-12 15:23:44.830  5758 30890 I LSPosed-Bridge: 	at com.google.android.ads.tasks.v.a(:com.google.android.gms.policy_ads_fdr_dynamite@232400001@232400000057.538171701.538171701:23)

08-12 15:23:44.830  5758 30890 I LSPosed-Bridge: 	at com.google.android.ads.tasks.ae.f(:com.google.android.gms.policy_ads_fdr_dynamite@232400001@232400000057.538171701.538171701:20)

08-12 15:23:44.830  5758 30890 I LSPosed-Bridge: 	at com.google.android.ads.tasks.ae.call(:com.google.android.gms.policy_ads_fdr_dynamite@232400001@232400000057.538171701.538171701:1)

08-12 15:23:44.830  5758 30890 I LSPosed-Bridge: 	at java.util.concurrent.FutureTask.run(FutureTask.java:266)

08-12 15:23:44.830  5758 30890 I LSPosed-Bridge: 	at java.util.concurrent.ThreadPoolExecutor.runWorker(ThreadPoolExecutor.java:1167)

08-12 15:23:44.830  5758 30890 I LSPosed-Bridge: 	at java.util.concurrent.ThreadPoolExecutor$Worker.run(ThreadPoolExecutor.java:641)

08-12 15:23:44.830  5758 30890 I LSPosed-Bridge: 	at java.lang.Thread.run(Thread.java:764)

08-12 15:23:44.830  1562 10107 I LSPosed-Bridge: 5758 PermLabel 10134 AMS.checkPermission: Binder.getCallingPid() = 5758; uid = 10134; Binder.getCallingUid() = 10134; getNameForUid: mobi.eup.easyenglish; getPackagesForUid: [mobi.eup.easyenglish]; permName: android.permission.GET_TASKS; type = 0; res = -1; stacktrace=java.lang.Exception

08-12 15:23:44.830  1562 10107 I LSPosed-Bridge: 	at com.example.permlabel.requirePerm$1$2.afterHookedMethod(requirePerm.java:132)

08-12 15:23:44.830  1562 10107 I LSPosed-Bridge: 	at de.robv.android.xposed.XposedBridge$AdditionalHookInfo.callback(Unknown Source:147)

08-12 15:23:44.830  1562 10107 I LSPosed-Bridge: 	at LSPHooker_.checkPermission(Unknown Source:25)

08-12 15:23:44.830  1562 10107 I LSPosed-Bridge: 	at com.android.server.am.ActivityManagerService.isGetTasksAllowed(ActivityManagerService.java:10902)

08-12 15:23:44.830  1562 10107 I LSPosed-Bridge: 	at com.android.server.am.ActivityManagerService.getRunningAppProcesses(ActivityManagerService.java:16139)

08-12 15:23:44.830  1562 10107 I LSPosed-Bridge: 	at android.app.IActivityManager$Stub.onTransact(IActivityManager.java:1088)

08-12 15:23:44.830  1562 10107 I LSPosed-Bridge: 	at com.android.server.am.ActivityManagerService.onTransact(ActivityManagerService.java:3346)

08-12 15:23:44.830  1562 10107 I LSPosed-Bridge: 	at android.os.Binder.execTransact(Binder.java:731)

08-12 15:23:44.871  1562 10107 I LSPosed-Bridge: 5758 PermLabel 10134 AMS.checkPermission: Binder.getCallingPid() = 5758; uid = 10134; Binder.getCallingUid() = 10134; getNameForUid: mobi.eup.easyenglish; getPackagesForUid: [mobi.eup.easyenglish]; permName: android.permission.GET_TASKS; type = 0; res = -1; stacktrace=java.lang.Exception

08-12 15:23:44.871  1562 10107 I LSPosed-Bridge: 	at com.example.permlabel.requirePerm$1$2.afterHookedMethod(requirePerm.java:132)

08-12 15:23:44.871  1562 10107 I LSPosed-Bridge: 	at de.robv.android.xposed.XposedBridge$AdditionalHookInfo.callback(Unknown Source:147)

08-12 15:23:44.871  1562 10107 I LSPosed-Bridge: 	at LSPHooker_.checkPermission(Unknown Source:25)

