07-21 01:27:38.785  1568  6000 I LSPosed-Bridge: 	at LSPHooker_.checkPermission(Unknown Source:25)

07-21 01:27:38.785  1568  6000 I LSPosed-Bridge: 	at com.android.server.am.ActivityManagerService.isGetTasksAllowed(ActivityManagerService.java:10902)

07-21 01:27:38.785  1568  6000 I LSPosed-Bridge: 	at com.android.server.am.ActivityManagerService.getRunningAppProcesses(ActivityManagerService.java:16139)

07-21 01:27:38.785  1568  6000 I LSPosed-Bridge: 	at android.app.IActivityManager$Stub.onTransact(IActivityManager.java:1088)

07-21 01:27:38.785  1568  6000 I LSPosed-Bridge: 	at com.android.server.am.ActivityManagerService.onTransact(ActivityManagerService.java:3346)

07-21 01:27:38.785  1568  6000 I LSPosed-Bridge: 	at android.os.Binder.execTransact(Binder.java:731)

07-21 01:27:42.415  1568  1859 I LSPosed-Bridge: 5673 PermLabel 10133 AMS.checkPermission: Binder.getCallingPid() = 5673; uid = 10133; Binder.getCallingUid() = 10133; getNameForUid: com.hzpg.shengliqi; getPackagesForUid: [com.hzpg.shengliqi]; permName: android.permission.GET_TASKS; type = 0; res = -1; stacktrace=java.lang.Exception

07-21 01:27:42.415  1568  1859 I LSPosed-Bridge: 	at com.example.permlabel.requirePerm$1$2.afterHookedMethod(requirePerm.java:137)

07-21 01:27:42.415  1568  1859 I LSPosed-Bridge: 	at de.robv.android.xposed.XposedBridge$AdditionalHookInfo.callback(Unknown Source:147)

07-21 01:27:42.415  1568  1859 I LSPosed-Bridge: 	at LSPHooker_.checkPermission(Unknown Source:25)

07-21 01:27:42.415  1568  1859 I LSPosed-Bridge: 	at com.android.server.am.ActivityManagerService.isGetTasksAllowed(ActivityManagerService.java:10902)

07-21 01:27:42.415  1568  1859 I LSPosed-Bridge: 	at com.android.server.am.ActivityManagerService.getRunningAppProcesses(ActivityManagerService.java:16139)

07-21 01:27:42.415  1568  1859 I LSPosed-Bridge: 	at android.app.IActivityManager$Stub.onTransact(IActivityManager.java:1088)

07-21 01:27:42.415  1568  1859 I LSPosed-Bridge: 	at com.android.server.am.ActivityManagerService.onTransact(ActivityManagerService.java:3346)

07-21 01:27:42.415  1568  1859 I LSPosed-Bridge: 	at android.os.Binder.execTransact(Binder.java:731)

07-21 01:28:16.440  1568  5742 I LSPosed-Bridge: 5673 PermLabel 10133 AMS.checkPermission: Binder.getCallingPid() = 5673; uid = 10133; Binder.getCallingUid() = 10133; getNameForUid: com.hzpg.shengliqi; getPackagesForUid: [com.hzpg.shengliqi]; permName: android.permission.GET_TASKS; type = 0; res = -1; stacktrace=java.lang.Exception

07-21 01:28:16.440  1568  5742 I LSPosed-Bridge: 	at com.example.permlabel.requirePerm$1$2.afterHookedMethod(requirePerm.java:137)

07-21 01:28:16.440  1568  5742 I LSPosed-Bridge: 	at de.robv.android.xposed.XposedBridge$AdditionalHookInfo.callback(Unknown Source:147)

07-21 01:28:16.440  1568  5742 I LSPosed-Bridge: 	at LSPHooker_.checkPermission(Unknown Source:25)

07-21 01:28:16.440  1568  5742 I LSPosed-Bridge: 	at com.android.server.am.ActivityManagerService.isGetTasksAllowed(ActivityManagerService.java:10902)

07-21 01:28:16.440  1568  5742 I LSPosed-Bridge: 	at com.android.server.am.ActivityManagerService.getRunningAppProcesses(ActivityManagerService.java:16139)

07-21 01:28:16.440  1568  5742 I LSPosed-Bridge: 	at android.app.IActivityManager$Stub.onTransact(IActivityManager.java:1088)

07-21 01:28:16.440  1568  5742 I LSPosed-Bridge: 	at com.android.server.am.ActivityManagerService.onTransact(ActivityManagerService.java:3346)

07-21 01:28:16.440  1568  5742 I LSPosed-Bridge: 	at android.os.Binder.execTransact(Binder.java:731)

07-21 01:28:19.288  1568  7335 I LSPosed-Bridge: 5673 PermLabel 10133 AMS.checkPermission: Binder.getCallingPid() = 5673; uid = 10133; Binder.getCallingUid() = 10133; getNameForUid: com.hzpg.shengliqi; getPackagesForUid: [com.hzpg.shengliqi]; permName: android.permission.GET_TASKS; type = 0; res = -1; stacktrace=java.lang.Exception

07-21 01:28:19.288  1568  7335 I LSPosed-Bridge: 	at com.example.permlabel.requirePerm$1$2.afterHookedMethod(requirePerm.java:137)

07-21 01:28:19.288  1568  7335 I LSPosed-Bridge: 	at de.robv.android.xposed.XposedBridge$AdditionalHookInfo.callback(Unknown Source:147)

07-21 01:28:19.288  1568  7335 I LSPosed-Bridge: 	at LSPHooker_.checkPermission(Unknown Source:25)

07-21 01:28:19.288  1568  7335 I LSPosed-Bridge: 	at com.android.server.am.ActivityManagerService.isGetTasksAllowed(ActivityManagerService.java:10902)

07-21 01:28:19.288  1568  7335 I LSPosed-Bridge: 	at com.android.server.am.ActivityManagerService.getRunningAppProcesses(ActivityManagerService.java:16139)

07-21 01:28:19.288  1568  7335 I LSPosed-Bridge: 	at android.app.IActivityManager$Stub.onTransact(IActivityManager.java:1088)

07-21 01:28:19.288  1568  7335 I LSPosed-Bridge: 	at com.android.server.am.ActivityManagerService.onTransact(ActivityManagerService.java:3346)

07-21 01:28:19.288  1568  7335 I LSPosed-Bridge: 	at android.os.Binder.execTransact(Binder.java:731)

07-21 01:28:19.288  5673  5673 I LSPosed-Bridge: 5673 PermLabel hookBinder_test 10133 interfaceBinder =android.app.IActivityManager; arg0 = 81; arg1 = android.os.Parcel@f4f7a98; arg2 = android.os.Parcel@2d00d31; arg3 = 0; res = true; stacktrace=java.lang.Exception

07-21 01:28:19.288  5673  5673 I LSPosed-Bridge: 	at com.example.permlabel.hookBinder_test$1.afterHookedMethod(hookBinder_test.java:68)

07-21 01:28:19.288  5673  5673 I LSPosed-Bridge: 	at de.robv.android.xposed.XposedBridge$AdditionalHookInfo.callback(Unknown Source:147)

07-21 01:28:19.288  5673  5673 I LSPosed-Bridge: 	at LSPHooker_.transact(Unknown Source:28)

07-21 01:28:19.288  5673  5673 I LSPosed-Bridge: 	at android.app.IActivityManager$Stub$Proxy.getRunningAppProcesses(IActivityManager.java:5366)

07-21 01:28:19.288  5673  5673 I LSPosed-Bridge: 	at android.app.ActivityManager.getRunningAppProcesses(ActivityManager.java:3435)

07-21 01:28:19.288  5673  5673 I LSPosed-Bridge: 	at java.lang.reflect.Method.invoke(Native Method)

07-21 01:28:19.288  5673  5673 I LSPosed-Bridge: 	at org.lsposed.lspd.nativebridge.HookBridge.invokeOriginalMethod(Native Method)

07-21 01:28:19.288  5673  5673 I LSPosed-Bridge: 	at de.robv.android.xposed.XposedBridge$AdditionalHookInfo.callback(Unknown Source:110)

07-21 01:28:19.288  5673  5673 I LSPosed-Bridge: 	at LSPHooker_.getRunningAppProcesses(Unknown Source:8)

07-21 01:28:19.288  5673  5673 I LSPosed-Bridge: 	at com.hzpg.shengliqi.base.BaseActivity.isAppOnForeground(BaseActivity.java:230)

07-21 01:28:19.288  5673  5673 I LSPosed-Bridge: 	at com.hzpg.shengliqi.base.BaseActivity.onStop(BaseActivity.java:211)

07-21 01:28:19.288  5673  5673 I LSPosed-Bridge: 	at android.app.Instrumentation.callActivityOnStop(Instrumentation.java:1433)

07-21 01:28:19.288  5673  5673 I LSPosed-Bridge: 	at android.app.Activity.performStop(Activity.java:7367)

07-21 01:28:19.288  5673  5673 I LSPosed-Bridge: 	at android.app.ActivityThread.callActivityOnStop(ActivityThread.java:4144)

07-21 01:28:19.288  5673  5673 I LSPosed-Bridge: 	at android.app.ActivityThread.performStopActivityInner(ActivityThread.java:4122)

07-21 01:28:19.288  5673  5673 I LSPosed-Bridge: 	at android.app.ActivityThread.handleStopActivity(ActivityThread.java:4197)

07-21 01:28:19.288  5673  5673 I LSPosed-Bridge: 	at android.app.servertransaction.TransactionExecutor.performLifecycleSequence(TransactionExecutor.java:192)

07-21 01:28:19.288  5673  5673 I LSPosed-Bridge: 	at android.app.servertransaction.TransactionExecutor.cycleToPath(TransactionExecutor.java:165)

07-21 01:28:19.288  5673  5673 I LSPosed-Bridge: 	at android.app.servertransaction.TransactionExecutor.executeLifecycleState(TransactionExecutor.java:142)

07-21 01:28:19.288  5673  5673 I LSPosed-Bridge: 	at android.app.servertransaction.TransactionExecutor.execute(TransactionExecutor.java:70)

07-21 01:28:19.288  5673  5673 I LSPosed-Bridge: 	at android.app.ActivityThread$H.handleMessage(ActivityThread.java:1809)

07-21 01:28:19.288  5673  5673 I LSPosed-Bridge: 	at android.os.Handler.dispatchMessage(Handler.java:106)

07-21 01:28:19.288  5673  5673 I LSPosed-Bridge: 	at android.os.Looper.loop(Looper.java:193)

07-21 01:28:19.288  5673  5673 I LSPosed-Bridge: 	at android.app.ActivityThread.main(ActivityThread.java:6692)

07-21 01:28:19.288  5673  5673 I LSPosed-Bridge: 	at java.lang.reflect.Method.invoke(Native Method)

07-21 01:28:19.288  5673  5673 I LSPosed-Bridge: 	at com.android.internal.os.RuntimeInit$MethodAndArgsCaller.run(RuntimeInit.java:493)

07-21 01:28:19.288  5673  5673 I LSPosed-Bridge: 	at com.android.internal.os.ZygoteInit.main(ZygoteInit.java:858)

07-21 01:28:19.288  5673  5673 I LSPosed-Bridge: 5673 PermLabel getRunningAppProcesses =android.app.ActivityManager$RunningAppProcessInfo@ea15d1f

07-21 01:28:19.288  5673  5673 I LSPosed-Bridge: 5673 PermLabel getRunningAppProcesses processName: com.hzpg.shengliqi pid: 5673

07-21 01:28:19.288  5673  5673 I LSPosed-Bridge: 5673 PermLabel getRunningAppProcesses importance: 100 pid: 5673

07-21 01:28:19.288  5673  5673 I LSPosed-Bridge: 5673 PermLabel getRunningAppProcesses packageName com.hzpg.shengliqi at index 0 in process 5673

07-21 01:28:23.020  1568  5055 I LSPosed-Bridge: 5673 PermLabel 10133 AMS.checkPermission: Binder.getCallingPid() = 5673; uid = 10133; Binder.getCallingUid() = 10133; getNameForUid: com.hzpg.shengliqi; getPackagesForUid: [com.hzpg.shengliqi]; permName: android.permission.GET_TASKS; type = 0; res = -1; stacktrace=java.lang.Exception

07-21 01:28:23.020  1568  5055 I LSPosed-Bridge: 	at com.example.permlabel.requirePerm$1$2.afterHookedMethod(requirePerm.java:137)

07-21 01:28:23.020  1568  5055 I LSPosed-Bridge: 	at de.robv.android.xposed.XposedBridge$AdditionalHookInfo.callback(Unknown Source:147)

07-21 01:28:23.020  1568  5055 I LSPosed-Bridge: 	at LSPHooker_.checkPermission(Unknown Source:25)

07-21 01:28:23.020  1568  5055 I LSPosed-Bridge: 	at com.android.server.am.ActivityManagerService.isGetTasksAllowed(ActivityManagerService.java:10902)

07-21 01:28:23.020  1568  5055 I LSPosed-Bridge: 	at com.android.server.am.ActivityManagerService.getRunningAppProcesses(ActivityManagerService.java:16139)

07-21 01:28:23.020  1568  5055 I LSPosed-Bridge: 	at android.app.IActivityManager$Stub.onTransact(IActivityManager.java:1088)

07-21 01:28:23.020  1568  5055 I LSPosed-Bridge: 	at com.android.server.am.ActivityManagerService.onTransact(ActivityManagerService.java:3346)

07-21 01:28:23.020  1568  5055 I LSPosed-Bridge: 	at android.os.Binder.execTransact(Binder.java:731)

07-21 01:28:23.020  5673  5673 I LSPosed-Bridge: 5673 PermLabel hookBinder_test 10133 interfaceBinder =android.app.IActivityManager; arg0 = 81; arg1 = android.os.Parcel@b3c3a1a; arg2 = android.os.Parcel@c74d94b; arg3 = 0; res = true; stacktrace=java.lang.Exception

07-21 01:28:23.020  5673  5673 I LSPosed-Bridge: 	at com.example.permlabel.hookBinder_test$1.afterHookedMethod(hookBinder_test.java:68)

07-21 01:28:23.020  5673  5673 I LSPosed-Bridge: 	at de.robv.android.xposed.XposedBridge$AdditionalHookInfo.callback(Unknown Source:147)

07-21 01:28:23.020  5673  5673 I LSPosed-Bridge: 	at LSPHooker_.transact(Unknown Source:28)

07-21 01:28:23.020  5673  5673 I LSPosed-Bridge: 	at android.app.IActivityManager$Stub$Proxy.getRunningAppProcesses(IActivityManager.java:5366)

07-21 01:28:23.020  5673  5673 I LSPosed-Bridge: 	at android.app.ActivityManager.getRunningAppProcesses(ActivityManager.java:3435)

07-21 01:28:23.020  5673  5673 I LSPosed-Bridge: 	at java.lang.reflect.Method.invoke(Native Method)

07-21 01:28:23.020  5673  5673 I LSPosed-Bridge: 	at org.lsposed.lspd.nativebridge.HookBridge.invokeOriginalMethod(Native Method)

07-21 01:28:23.020  5673  5673 I LSPosed-Bridge: 	at de.robv.android.xposed.XposedBridge$AdditionalHookInfo.callback(Unknown Source:110)

07-21 01:28:23.020  5673  5673 I LSPosed-Bridge: 	at LSPHooker_.getRunningAppProcesses(Unknown Source:8)

07-21 01:28:23.020  5673  5673 I LSPosed-Bridge: 	at com.hzpg.shengliqi.base.BaseActivity.isAppOnForeground(BaseActivity.java:230)

07-21 01:28:23.020  5673  5673 I LSPosed-Bridge: 	at com.hzpg.shengliqi.base.BaseActivity.onStop(BaseActivity.java:211)

07-21 01:28:23.020  5673  5673 I LSPosed-Bridge: 	at com.hzpg.shengliqi.MainActivity.onStop(MainActivity.java:131)

07-21 01:28:23.020  5673  5673 I LSPosed-Bridge: 	at android.app.Instrumentation.callActivityOnStop(Instrumentation.java:1433)

07-21 01:28:23.020  5673  5673 I LSPosed-Bridge: 	at android.app.Activity.performStop(Activity.java:7367)

07-21 01:28:23.020  5673  5673 I LSPosed-Bridge: 	at android.app.ActivityThread.callActivityOnStop(ActivityThread.java:4144)

07-21 01:28:23.020  5673  5673 I LSPosed-Bridge: 	at android.app.ActivityThread.performStopActivityInner(ActivityThread.java:4122)

07-21 01:28:23.020  5673  5673 I LSPosed-Bridge: 	at android.app.ActivityThread.handleStopActivity(ActivityThread.java:4197)

07-21 01:28:23.020  5673  5673 I LSPosed-Bridge: 	at android.app.servertransaction.StopActivityItem.execute(StopActivityItem.java:41)

07-21 01:28:23.020  5673  5673 I LSPosed-Bridge: 	at android.app.servertransaction.TransactionExecutor.executeLifecycleState(TransactionExecutor.java:145)

07-21 01:28:23.020  5673  5673 I LSPosed-Bridge: 	at android.app.servertransaction.TransactionExecutor.execute(TransactionExecutor.java:70)

07-21 01:28:23.020  5673  5673 I LSPosed-Bridge: 	at android.app.ActivityThread$H.handleMessage(ActivityThread.java:1809)

07-21 01:28:23.020  5673  5673 I LSPosed-Bridge: 	at android.os.Handler.dispatchMessage(Handler.java:106)

07-21 01:28:23.020  5673  5673 I LSPosed-Bridge: 	at android.os.Looper.loop(Looper.java:193)

07-21 01:28:23.020  5673  5673 I LSPosed-Bridge: 	at android.app.ActivityThread.main(ActivityThread.java:6692)

07-21 01:28:23.020  5673  5673 I LSPosed-Bridge: 	at java.lang.reflect.Method.invoke(Native Method)

07-21 01:28:23.020  5673  5673 I LSPosed-Bridge: 	at com.android.internal.os.RuntimeInit$MethodAndArgsCaller.run(RuntimeInit.java:493)

07-21 01:28:23.020  5673  5673 I LSPosed-Bridge: 	at com.android.internal.os.ZygoteInit.main(ZygoteInit.java:858)

07-21 01:28:23.020  5673  5673 I LSPosed-Bridge: 5673 PermLabel getRunningAppProcesses =android.app.ActivityManager$RunningAppProcessInfo@bc24ad0

07-21 01:28:23.020  5673  5673 I LSPosed-Bridge: 5673 PermLabel getRunningAppProcesses processName: com.hzpg.shengliqi pid: 5673

07-21 01:28:23.020  5673  5673 I LSPosed-Bridge: 5673 PermLabel getRunningAppProcesses importance: 100 pid: 5673

07-21 01:28:23.020  5673  5673 I LSPosed-Bridge: 5673 PermLabel getRunningAppProcesses packageName com.hzpg.shengliqi at index 0 in process 5673

07-21 01:28:26.552  1568 10545 I LSPosed-Bridge: 5673 PermLabel 10133 AMS.checkPermission: Binder.getCallingPid() = 5673; uid = 10133; Binder.getCallingUid() = 10133; getNameForUid: com.hzpg.shengliqi; getPackagesForUid: [com.hzpg.shengliqi]; permName: android.permission.GET_TASKS; type = 0; res = -1; stacktrace=java.lang.Exception

07-21 01:28:26.552  1568 10545 I LSPosed-Bridge: 	at com.example.permlabel.requirePerm$1$2.afterHookedMethod(requirePerm.java:137)

07-21 01:28:26.552  1568 10545 I LSPosed-Bridge: 	at de.robv.android.xposed.XposedBridge$AdditionalHookInfo.callback(Unknown Source:147)

07-21 01:28:26.552  1568 10545 I LSPosed-Bridge: 	at LSPHooker_.checkPermission(Unknown Source:25)

07-21 01:28:26.552  1568 10545 I LSPosed-Bridge: 	at com.android.server.am.ActivityManagerService.isGetTasksAllowed(ActivityManagerService.java:10902)

07-21 01:28:26.552  1568 10545 I LSPosed-Bridge: 	at com.android.server.am.ActivityManagerService.getRunningAppProcesses(ActivityManagerService.java:16139)

07-21 01:28:26.552  1568 10545 I LSPosed-Bridge: 	at android.app.IActivityManager$Stub.onTransact(IActivityManager.java:1088)

07-21 01:28:26.552  1568 10545 I LSPosed-Bridge: 	at com.android.server.am.ActivityManagerService.onTransact(ActivityManagerService.java:3346)

07-21 01:28:26.552  1568 10545 I LSPosed-Bridge: 	at android.os.Binder.execTransact(Binder.java:731)

07-21 01:28:26.552   553   553 I ConfigStore: android::hardware::configstore::V1_0::ISurfaceFlingerConfigs::hasHDRDisplay retrieved: 0

07-21 01:28:26.552  5673  5673 I LSPosed-Bridge: 5673 PermLabel hookBinder_test 10133 interfaceBinder =android.app.IActivityManager; arg0 = 81; arg1 = android.os.Parcel@f4f7a98; arg2 = android.os.Parcel@b3c3a1a; arg3 = 0; res = true; stacktrace=java.lang.Exception

07-21 01:28:26.552  5673  5673 I LSPosed-Bridge: 	at com.example.permlabel.hookBinder_test$1.afterHookedMethod(hookBinder_test.java:68)

07-21 01:28:26.552  5673  5673 I LSPosed-Bridge: 	at de.robv.android.xposed.XposedBridge$AdditionalHookInfo.callback(Unknown Source:147)

07-21 01:28:26.552  5673  5673 I LSPosed-Bridge: 	at LSPHooker_.transact(Unknown Source:28)

07-21 01:28:26.552  5673  5673 I LSPosed-Bridge: 	at android.app.IActivityManager$Stub$Proxy.getRunningAppProcesses(IActivityManager.java:5366)

07-21 01:28:26.552  5673  5673 I LSPosed-Bridge: 	at android.app.ActivityManager.getRunningAppProcesses(ActivityManager.java:3435)

07-21 01:28:26.552  5673  5673 I LSPosed-Bridge: 	at java.lang.reflect.Method.invoke(Native Method)

07-21 01:28:26.552  5673  5673 I LSPosed-Bridge: 	at org.lsposed.lspd.nativebridge.HookBridge.invokeOriginalMethod(Native Method)

07-21 01:28:26.552  5673  5673 I LSPosed-Bridge: 	at de.robv.android.xposed.XposedBridge$AdditionalHookInfo.callback(Unknown Source:110)

07-21 01:28:26.552  5673  5673 I LSPosed-Bridge: 	at LSPHooker_.getRunningAppProcesses(Unknown Source:8)

07-21 01:28:26.552  5673  5673 I LSPosed-Bridge: 	at com.hzpg.shengliqi.base.BaseActivity.isAppOnForeground(BaseActivity.java:230)

07-21 01:28:26.552  5673  5673 I LSPosed-Bridge: 	at com.hzpg.shengliqi.base.BaseActivity.onStop(BaseActivity.java:211)

07-21 01:28:26.552  5673  5673 I LSPosed-Bridge: 	at android.app.Instrumentation.callActivityOnStop(Instrumentation.java:1433)

07-21 01:28:26.552  5673  5673 I LSPosed-Bridge: 	at android.app.Activity.performStop(Activity.java:7367)

07-21 01:28:26.552  5673  5673 I LSPosed-Bridge: 	at android.app.ActivityThread.callActivityOnStop(ActivityThread.java:4144)

07-21 01:28:26.552  5673  5673 I LSPosed-Bridge: 	at android.app.ActivityThread.performStopActivityInner(ActivityThread.java:4122)

07-21 01:28:26.552  5673  5673 I LSPosed-Bridge: 	at android.app.ActivityThread.handleStopActivity(ActivityThread.java:4197)

07-21 01:28:26.552  5673  5673 I LSPosed-Bridge: 	at android.app.servertransaction.TransactionExecutor.performLifecycleSequence(TransactionExecutor.java:192)

07-21 01:28:26.552  5673  5673 I LSPosed-Bridge: 	at android.app.servertransaction.TransactionExecutor.cycleToPath(TransactionExecutor.java:165)

07-21 01:28:26.552  5673  5673 I LSPosed-Bridge: 	at android.app.servertransaction.TransactionExecutor.executeLifecycleState(TransactionExecutor.java:142)

07-21 01:28:26.552  5673  5673 I LSPosed-Bridge: 	at android.app.servertransaction.TransactionExecutor.execute(TransactionExecutor.java:70)

07-21 01:28:26.552  5673  5673 I LSPosed-Bridge: 	at android.app.ActivityThread$H.handleMessage(ActivityThread.java:1809)

07-21 01:28:26.552  5673  5673 I LSPosed-Bridge: 	at android.os.Handler.dispatchMessage(Handler.java:106)

07-21 01:28:26.552  5673  5673 I LSPosed-Bridge: 	at android.os.Looper.loop(Looper.java:193)

07-21 01:28:26.552  5673  5673 I LSPosed-Bridge: 	at android.app.ActivityThread.main(ActivityThread.java:6692)

07-21 01:28:26.552  5673  5673 I LSPosed-Bridge: 	at java.lang.reflect.Method.invoke(Native Method)

07-21 01:28:26.552  5673  5673 I LSPosed-Bridge: 	at com.android.internal.os.RuntimeInit$MethodAndArgsCaller.run(RuntimeInit.java:493)

07-21 01:28:26.552  5673  5673 I LSPosed-Bridge: 	at com.android.internal.os.ZygoteInit.main(ZygoteInit.java:858)

07-21 01:28:26.552  5673  5673 I LSPosed-Bridge: 5673 PermLabel getRunningAppProcesses =android.app.ActivityManager$RunningAppProcessInfo@ac53633

07-21 01:28:26.552  5673  5673 I LSPosed-Bridge: 5673 PermLabel getRunningAppProcesses processName: com.hzpg.shengliqi pid: 5673

07-21 01:28:26.552  5673  5673 I LSPosed-Bridge: 5673 PermLabel getRunningAppProcesses importance: 100 pid: 5673

07-21 01:28:26.552  5673  5673 I LSPosed-Bridge: 5673 PermLabel getRunningAppProcesses packageName com.hzpg.shengliqi at index 0 in process 5673

07-21 01:28:29.896  1568 10545 I LSPosed-Bridge: 5673 PermLabel 10133 AMS.checkPermission: Binder.getCallingPid() = 5673; uid = 10133; Binder.getCallingUid() = 10133; getNameForUid: com.hzpg.shengliqi; getPackagesForUid: [com.hzpg.shengliqi]; permName: android.permission.GET_TASKS; type = 0; res = -1; stacktrace=java.lang.Exception

07-21 01:28:29.896  1568 10545 I LSPosed-Bridge: 	at com.example.permlabel.requirePerm$1$2.afterHookedMethod(requirePerm.java:137)

07-21 01:28:29.896  1568 10545 I LSPosed-Bridge: 	at de.robv.android.xposed.XposedBridge$AdditionalHookInfo.callback(Unknown Source:147)

07-21 01:28:29.896  1568 10545 I LSPosed-Bridge: 	at LSPHooker_.checkPermission(Unknown Source:25)

07-21 01:28:29.896  1568 10545 I LSPosed-Bridge: 	at com.android.server.am.ActivityManagerService.isGetTasksAllowed(ActivityManagerService.java:10902)

07-21 01:28:29.896  1568 10545 I LSPosed-Bridge: 	at com.android.server.am.ActivityManagerService.getRunningAppProcesses(ActivityManagerService.java:16139)

07-21 01:28:29.896  1568 10545 I LSPosed-Bridge: 	at android.app.IActivityManager$Stub.onTransact(IActivityManager.java:1088)

07-21 01:28:29.896  1568 10545 I LSPosed-Bridge: 	at com.android.server.am.ActivityManagerService.onTransact(ActivityManagerService.java:3346)

07-21 01:28:29.896  1568 10545 I LSPosed-Bridge: 	at android.os.Binder.execTransact(Binder.java:731)

07-21 01:28:29.896  2174  2174 I QcrilOemhookMsgTunnel: [0]invokeOemRilRequestRaw: serial=1222 length=24

07-21 01:28:33.346  1568  7335 I LSPosed-Bridge: 5673 PermLabel 10133 AMS.checkPermission: Binder.getCallingPid() = 5673; uid = 10133; Binder.getCallingUid() = 10133; getNameForUid: com.hzpg.shengliqi; getPackagesForUid: [com.hzpg.shengliqi]; permName: android.permission.GET_TASKS; type = 0; res = -1; stacktrace=java.lang.Exception

07-21 01:28:33.346  1568  7335 I LSPosed-Bridge: 	at com.example.permlabel.requirePerm$1$2.afterHookedMethod(requirePerm.java:137)

07-21 01:28:33.346  1568  7335 I LSPosed-Bridge: 	at de.robv.android.xposed.XposedBridge$AdditionalHookInfo.callback(Unknown Source:147)

07-21 01:28:33.346  1568  7335 I LSPosed-Bridge: 	at LSPHooker_.checkPermission(Unknown Source:25)

07-21 01:28:33.346  1568  7335 I LSPosed-Bridge: 	at com.android.server.am.ActivityManagerService.isGetTasksAllowed(ActivityManagerService.java:10902)

07-21 01:28:33.346  1568  7335 I LSPosed-Bridge: 	at com.android.server.am.ActivityManagerService.getRunningAppProcesses(ActivityManagerService.java:16139)

07-21 01:28:33.346  1568  7335 I LSPosed-Bridge: 	at android.app.IActivityManager$Stub.onTransact(IActivityManager.java:1088)

07-21 01:28:33.346  1568  7335 I LSPosed-Bridge: 	at com.android.server.am.ActivityManagerService.onTransact(ActivityManagerService.java:3346)

07-21 01:28:33.346  1568  7335 I LSPosed-Bridge: 	at android.os.Binder.execTransact(Binder.java:731)

07-21 01:29:04.199  1568  1708 I LSPosed-Bridge: 5673 PermLabel 10133 AMS.checkPermission: Binder.getCallingPid() = 5673; uid = 10133; Binder.getCallingUid() = 10133; getNameForUid: com.hzpg.shengliqi; getPackagesForUid: [com.hzpg.shengliqi]; permName: android.permission.GET_TASKS; type = 0; res = -1; stacktrace=java.lang.Exception

07-21 01:29:04.199  1568  1708 I LSPosed-Bridge: 	at com.example.permlabel.requirePerm$1$2.afterHookedMethod(requirePerm.java:137)

07-21 01:29:04.199  1568  1708 I LSPosed-Bridge: 	at de.robv.android.xposed.XposedBridge$AdditionalHookInfo.callback(Unknown Source:147)

07-21 01:29:04.199  1568  1708 I LSPosed-Bridge: 	at LSPHooker_.checkPermission(Unknown Source:25)

07-21 01:29:04.199  1568  1708 I LSPosed-Bridge: 	at com.android.server.am.ActivityManagerService.isGetTasksAllowed(ActivityManagerService.java:10902)

07-21 01:29:04.199  1568  1708 I LSPosed-Bridge: 	at com.android.server.am.ActivityManagerService.getRunningAppProcesses(ActivityManagerService.java:16139)

07-21 01:29:04.199  1568  1708 I LSPosed-Bridge: 	at android.app.IActivityManager$Stub.onTransact(IActivityManager.java:1088)

07-21 01:29:04.199  1568  1708 I LSPosed-Bridge: 	at com.android.server.am.ActivityManagerService.onTransact(ActivityManagerService.java:3346)

07-21 01:29:04.199  1568  1708 I LSPosed-Bridge: 	at android.os.Binder.execTransact(Binder.java:731)

07-21 01:29:04.199  5673  5673 I LSPosed-Bridge: 5673 PermLabel hookBinder_test 10133 interfaceBinder =android.app.IActivityManager; arg0 = 81; arg1 = android.os.Parcel@b3c3a1a; arg2 = android.os.Parcel@f4f7a98; arg3 = 0; res = true; stacktrace=java.lang.Exception

07-21 01:29:04.199  5673  5673 I LSPosed-Bridge: 	at com.example.permlabel.hookBinder_test$1.afterHookedMethod(hookBinder_test.java:68)

07-21 01:29:04.199  5673  5673 I LSPosed-Bridge: 	at de.robv.android.xposed.XposedBridge$AdditionalHookInfo.callback(Unknown Source:147)

07-21 01:29:04.199  5673  5673 I LSPosed-Bridge: 	at LSPHooker_.transact(Unknown Source:28)

07-21 01:29:04.199  5673  5673 I LSPosed-Bridge: 	at android.app.IActivityManager$Stub$Proxy.getRunningAppProcesses(IActivityManager.java:5366)

07-21 01:29:04.199  5673  5673 I LSPosed-Bridge: 	at android.app.ActivityManager.getRunningAppProcesses(ActivityManager.java:3435)

07-21 01:29:04.199  5673  5673 I LSPosed-Bridge: 	at java.lang.reflect.Method.invoke(Native Method)

07-21 01:29:04.199  5673  5673 I LSPosed-Bridge: 	at org.lsposed.lspd.nativebridge.HookBridge.invokeOriginalMethod(Native Method)

07-21 01:29:04.199  5673  5673 I LSPosed-Bridge: 	at de.robv.android.xposed.XposedBridge$AdditionalHookInfo.callback(Unknown Source:110)

07-21 01:29:04.199  5673  5673 I LSPosed-Bridge: 	at LSPHooker_.getRunningAppProcesses(Unknown Source:8)

07-21 01:29:04.199  5673  5673 I LSPosed-Bridge: 	at com.hzpg.shengliqi.base.BaseActivity.isAppOnForeground(BaseActivity.java:230)

07-21 01:29:04.199  5673  5673 I LSPosed-Bridge: 	at com.hzpg.shengliqi.base.BaseActivity.onStop(BaseActivity.java:211)

07-21 01:29:04.199  5673  5673 I LSPosed-Bridge: 	at com.hzpg.shengliqi.MainActivity.onStop(MainActivity.java:131)

07-21 01:29:04.199  5673  5673 I LSPosed-Bridge: 	at android.app.Instrumentation.callActivityOnStop(Instrumentation.java:1433)

07-21 01:29:04.199  5673  5673 I LSPosed-Bridge: 	at android.app.Activity.performStop(Activity.java:7367)

07-21 01:29:04.199  5673  5673 I LSPosed-Bridge: 	at android.app.ActivityThread.callActivityOnStop(ActivityThread.java:4144)

07-21 01:29:04.199  5673  5673 I LSPosed-Bridge: 	at android.app.ActivityThread.performStopActivityInner(ActivityThread.java:4122)

07-21 01:29:04.199  5673  5673 I LSPosed-Bridge: 	at android.app.ActivityThread.handleStopActivity(ActivityThread.java:4197)

07-21 01:29:04.199  5673  5673 I LSPosed-Bridge: 	at android.app.servertransaction.StopActivityItem.execute(StopActivityItem.java:41)

07-21 01:29:04.199  5673  5673 I LSPosed-Bridge: 	at android.app.servertransaction.TransactionExecutor.executeLifecycleState(TransactionExecutor.java:145)

07-21 01:29:04.199  5673  5673 I LSPosed-Bridge: 	at android.app.servertransaction.TransactionExecutor.execute(TransactionExecutor.java:70)

07-21 01:29:04.199  5673  5673 I LSPosed-Bridge: 	at android.app.ActivityThread$H.handleMessage(ActivityThread.java:1809)

07-21 01:29:04.199  5673  5673 I LSPosed-Bridge: 	at android.os.Handler.dispatchMessage(Handler.java:106)

07-21 01:29:04.199  5673  5673 I LSPosed-Bridge: 	at android.os.Looper.loop(Looper.java:193)

07-21 01:29:04.199  5673  5673 I LSPosed-Bridge: 	at android.app.ActivityThread.main(ActivityThread.java:6692)

07-21 01:29:04.199  5673  5673 I LSPosed-Bridge: 	at java.lang.reflect.Method.invoke(Native Method)

07-21 01:29:04.199  5673  5673 I LSPosed-Bridge: 	at com.android.internal.os.RuntimeInit$MethodAndArgsCaller.run(RuntimeInit.java:493)

07-21 01:29:04.199  5673  5673 I LSPosed-Bridge: 	at com.android.internal.os.ZygoteInit.main(ZygoteInit.java:858)

07-21 01:29:04.199  5673  5673 I LSPosed-Bridge: 5673 PermLabel getRunningAppProcesses =android.app.ActivityManager$RunningAppProcessInfo@dc946c9

07-21 01:29:04.199  5673  5673 I LSPosed-Bridge: 5673 PermLabel getRunningAppProcesses processName: com.hzpg.shengliqi pid: 5673

07-21 01:29:04.199  5673  5673 I LSPosed-Bridge: 5673 PermLabel getRunningAppProcesses importance: 100 pid: 5673

07-21 01:29:04.199  5673  5673 I LSPosed-Bridge: 5673 PermLabel getRunningAppProcesses packageName com.hzpg.shengliqi at index 0 in process 5673

07-21 01:29:07.786  1568 10545 I LSPosed-Bridge: 5673 PermLabel 10133 AMS.checkPermission: Binder.getCallingPid() = 5673; uid = 10133; Binder.getCallingUid() = 10133; getNameForUid: com.hzpg.shengliqi; getPackagesForUid: [com.hzpg.shengliqi]; permName: android.permission.GET_TASKS; type = 0; res = -1; stacktrace=java.lang.Exception

07-21 01:29:07.786  1568 10545 I LSPosed-Bridge: 	at com.example.permlabel.requirePerm$1$2.afterHookedMethod(requirePerm.java:137)

07-21 01:29:07.786  1568 10545 I LSPosed-Bridge: 	at de.robv.android.xposed.XposedBridge$AdditionalHookInfo.callback(Unknown Source:147)

07-21 01:29:07.786  1568 10545 I LSPosed-Bridge: 	at LSPHooker_.checkPermission(Unknown Source:25)

07-21 01:29:07.786  1568 10545 I LSPosed-Bridge: 	at com.android.server.am.ActivityManagerService.isGetTasksAllowed(ActivityManagerService.java:10902)

07-21 01:29:07.786  1568 10545 I LSPosed-Bridge: 	at com.android.server.am.ActivityManagerService.getRunningAppProcesses(ActivityManagerService.java:16139)

07-21 01:29:07.786  1568 10545 I LSPosed-Bridge: 	at android.app.IActivityManager$Stub.onTransact(IActivityManager.java:1088)

07-21 01:29:07.786  1568 10545 I LSPosed-Bridge: 	at com.android.server.am.ActivityManagerService.onTransact(ActivityManagerService.java:3346)

07-21 01:29:07.786  1568 10545 I LSPosed-Bridge: 	at android.os.Binder.execTransact(Binder.java:731)

07-21 01:29:15.261  1568  4738 I LSPosed-Bridge: 5673 PermLabel 10133 AMS.checkPermission: Binder.getCallingPid() = 5673; uid = 10133; Binder.getCallingUid() = 10133; getNameForUid: com.hzpg.shengliqi; getPackagesForUid: [com.hzpg.shengliqi]; permName: android.permission.GET_TASKS; type = 0; res = -1; stacktrace=java.lang.Exception

07-21 01:29:15.261  1568  4738 I LSPosed-Bridge: 	at com.example.permlabel.requirePerm$1$2.afterHookedMethod(requirePerm.java:137)

07-21 01:29:15.261  1568  4738 I LSPosed-Bridge: 	at de.robv.android.xposed.XposedBridge$AdditionalHookInfo.callback(Unknown Source:147)

07-21 01:29:15.261  1568  4738 I LSPosed-Bridge: 	at LSPHooker_.checkPermission(Unknown Source:25)

07-21 01:29:15.261  1568  4738 I LSPosed-Bridge: 	at com.android.server.am.ActivityManagerService.isGetTasksAllowed(ActivityManagerService.java:10902)

07-21 01:29:15.261  1568  4738 I LSPosed-Bridge: 	at com.android.server.am.ActivityManagerService.getRunningAppProcesses(ActivityManagerService.java:16139)

07-21 01:29:15.261  1568  4738 I LSPosed-Bridge: 	at android.app.IActivityManager$Stub.onTransact(IActivityManager.java:1088)

07-21 01:29:15.261  1568  4738 I LSPosed-Bridge: 	at com.android.server.am.ActivityManagerService.onTransact(ActivityManagerService.java:3346)

07-21 01:29:15.261  1568  4738 I LSPosed-Bridge: 	at android.os.Binder.execTransact(Binder.java:731)

07-21 01:29:15.261  5673  5673 I LSPosed-Bridge: 5673 PermLabel hookBinder_test 10133 interfaceBinder =android.app.IActivityManager; arg0 = 81; arg1 = android.os.Parcel@f4f7a98; arg2 = android.os.Parcel@b3c3a1a; arg3 = 0; res = true; stacktrace=java.lang.Exception

07-21 01:29:15.261  5673  5673 I LSPosed-Bridge: 	at com.example.permlabel.hookBinder_test$1.afterHookedMethod(hookBinder_test.java:68)

07-21 01:29:15.261  5673  5673 I LSPosed-Bridge: 	at de.robv.android.xposed.XposedBridge$AdditionalHookInfo.callback(Unknown Source:147)

07-21 01:29:15.261  5673  5673 I LSPosed-Bridge: 	at LSPHooker_.transact(Unknown Source:28)

07-21 01:29:15.261  5673  5673 I LSPosed-Bridge: 	at android.app.IActivityManager$Stub$Proxy.getRunningAppProcesses(IActivityManager.java:5366)

07-21 01:29:15.261  5673  5673 I LSPosed-Bridge: 	at android.app.ActivityManager.getRunningAppProcesses(ActivityManager.java:3435)

07-21 01:29:15.261  5673  5673 I LSPosed-Bridge: 	at java.lang.reflect.Method.invoke(Native Method)

07-21 01:29:15.261  5673  5673 I LSPosed-Bridge: 	at org.lsposed.lspd.nativebridge.HookBridge.invokeOriginalMethod(Native Method)

07-21 01:29:15.261  5673  5673 I LSPosed-Bridge: 	at de.robv.android.xposed.XposedBridge$AdditionalHookInfo.callback(Unknown Source:110)

07-21 01:29:15.261  5673  5673 I LSPosed-Bridge: 	at LSPHooker_.getRunningAppProcesses(Unknown Source:8)

07-21 01:29:15.261  5673  5673 I LSPosed-Bridge: 	at com.hzpg.shengliqi.base.BaseActivity.isAppOnForeground(BaseActivity.java:230)

07-21 01:29:15.261  5673  5673 I LSPosed-Bridge: 	at com.hzpg.shengliqi.base.BaseActivity.onStop(BaseActivity.java:211)

07-21 01:29:15.261  5673  5673 I LSPosed-Bridge: 	at com.hzpg.shengliqi.MainActivity.onStop(MainActivity.java:131)

07-21 01:29:15.261  5673  5673 I LSPosed-Bridge: 	at android.app.Instrumentation.callActivityOnStop(Instrumentation.java:1433)

07-21 01:29:15.261  5673  5673 I LSPosed-Bridge: 	at android.app.Activity.performStop(Activity.java:7367)

07-21 01:29:15.261  5673  5673 I LSPosed-Bridge: 	at android.app.ActivityThread.callActivityOnStop(ActivityThread.java:4144)

07-21 01:29:15.261  5673  5673 I LSPosed-Bridge: 	at android.app.ActivityThread.performStopActivityInner(ActivityThread.java:4122)

07-21 01:29:15.261  5673  5673 I LSPosed-Bridge: 	at android.app.ActivityThread.handleStopActivity(ActivityThread.java:4197)

07-21 01:29:15.261  5673  5673 I LSPosed-Bridge: 	at android.app.servertransaction.StopActivityItem.execute(StopActivityItem.java:41)

07-21 01:29:15.261  5673  5673 I LSPosed-Bridge: 	at android.app.servertransaction.TransactionExecutor.executeLifecycleState(TransactionExecutor.java:145)

07-21 01:29:15.261  5673  5673 I LSPosed-Bridge: 	at android.app.servertransaction.TransactionExecutor.execute(TransactionExecutor.java:70)

07-21 01:29:15.261  5673  5673 I LSPosed-Bridge: 	at android.app.ActivityThread$H.handleMessage(ActivityThread.java:1809)

07-21 01:29:15.261  5673  5673 I LSPosed-Bridge: 	at android.os.Handler.dispatchMessage(Handler.java:106)

07-21 01:29:15.261  5673  5673 I LSPosed-Bridge: 	at android.os.Looper.loop(Looper.java:193)

07-21 01:29:15.261  5673  5673 I LSPosed-Bridge: 	at android.app.ActivityThread.main(ActivityThread.java:6692)

07-21 01:29:15.261  5673  5673 I LSPosed-Bridge: 	at java.lang.reflect.Method.invoke(Native Method)

07-21 01:29:15.261  5673  5673 I LSPosed-Bridge: 	at com.android.internal.os.RuntimeInit$MethodAndArgsCaller.run(RuntimeInit.java:493)

07-21 01:29:15.261  5673  5673 I LSPosed-Bridge: 	at com.android.internal.os.ZygoteInit.main(ZygoteInit.java:858)

07-21 01:29:15.261  5673  5673 I LSPosed-Bridge: 5673 PermLabel getRunningAppProcesses =android.app.ActivityManager$RunningAppProcessInfo@6935c1a

07-21 01:29:15.261  5673  5673 I LSPosed-Bridge: 5673 PermLabel getRunningAppProcesses processName: com.hzpg.shengliqi pid: 5673

07-21 01:29:15.261  5673  5673 I LSPosed-Bridge: 5673 PermLabel getRunningAppProcesses importance: 100 pid: 5673

07-21 01:29:15.261  5673  5673 I LSPosed-Bridge: 5673 PermLabel getRunningAppProcesses packageName com.hzpg.shengliqi at index 0 in process 5673

07-21 01:29:18.813  1568 10100 I LSPosed-Bridge: 5673 PermLabel 10133 AMS.checkPermission: Binder.getCallingPid() = 5673; uid = 10133; Binder.getCallingUid() = 10133; getNameForUid: com.hzpg.shengliqi; getPackagesForUid: [com.hzpg.shengliqi]; permName: android.permission.GET_TASKS; type = 0; res = -1; stacktrace=java.lang.Exception

07-21 01:29:18.813  1568 10100 I LSPosed-Bridge: 	at com.example.permlabel.requirePerm$1$2.afterHookedMethod(requirePerm.java:137)

07-21 01:29:18.813  1568 10100 I LSPosed-Bridge: 	at de.robv.android.xposed.XposedBridge$AdditionalHookInfo.callback(Unknown Source:147)

07-21 01:29:18.813  1568 10100 I LSPosed-Bridge: 	at LSPHooker_.checkPermission(Unknown Source:25)

07-21 01:29:18.813  1568 10100 I LSPosed-Bridge: 	at com.android.server.am.ActivityManagerService.isGetTasksAllowed(ActivityManagerService.java:10902)

07-21 01:29:18.813  1568 10100 I LSPosed-Bridge: 	at com.android.server.am.ActivityManagerService.getRunningAppProcesses(ActivityManagerService.java:16139)

07-21 01:29:18.813  1568 10100 I LSPosed-Bridge: 	at android.app.IActivityManager$Stub.onTransact(IActivityManager.java:1088)

07-21 01:29:18.813  1568 10100 I LSPosed-Bridge: 	at com.android.server.am.ActivityManagerService.onTransact(ActivityManagerService.java:3346)

07-21 01:29:18.813  1568 10100 I LSPosed-Bridge: 	at android.os.Binder.execTransact(Binder.java:731)

07-21 01:29:18.813  5673  5673 I LSPosed-Bridge: 5673 PermLabel hookBinder_test 10133 interfaceBinder =android.app.IActivityManager; arg0 = 81; arg1 = android.os.Parcel@f4f7a98; arg2 = android.os.Parcel@424e07e; arg3 = 0; res = true; stacktrace=java.lang.Exception

07-21 01:29:18.813  5673  5673 I LSPosed-Bridge: 	at com.example.permlabel.hookBinder_test$1.afterHookedMethod(hookBinder_test.java:68)

07-21 01:29:18.813  5673  5673 I LSPosed-Bridge: 	at de.robv.android.xposed.XposedBridge$AdditionalHookInfo.callback(Unknown Source:147)

07-21 01:29:18.813  5673  5673 I LSPosed-Bridge: 	at LSPHooker_.transact(Unknown Source:28)

07-21 01:29:18.813  5673  5673 I LSPosed-Bridge: 	at android.app.IActivityManager$Stub$Proxy.getRunningAppProcesses(IActivityManager.java:5366)

07-21 01:29:18.813  5673  5673 I LSPosed-Bridge: 	at android.app.ActivityManager.getRunningAppProcesses(ActivityManager.java:3435)

07-21 01:29:18.813  5673  5673 I LSPosed-Bridge: 	at java.lang.reflect.Method.invoke(Native Method)

07-21 01:29:18.813  5673  5673 I LSPosed-Bridge: 	at org.lsposed.lspd.nativebridge.HookBridge.invokeOriginalMethod(Native Method)

07-21 01:29:18.813  5673  5673 I LSPosed-Bridge: 	at de.robv.android.xposed.XposedBridge$AdditionalHookInfo.callback(Unknown Source:110)

07-21 01:29:18.813  5673  5673 I LSPosed-Bridge: 	at LSPHooker_.getRunningAppProcesses(Unknown Source:8)

07-21 01:29:18.813  5673  5673 I LSPosed-Bridge: 	at com.hzpg.shengliqi.base.BaseActivity.isAppOnForeground(BaseActivity.java:230)

07-21 01:29:18.813  5673  5673 I LSPosed-Bridge: 	at com.hzpg.shengliqi.base.BaseActivity.onStop(BaseActivity.java:211)

07-21 01:29:18.813  5673  5673 I LSPosed-Bridge: 	at android.app.Instrumentation.callActivityOnStop(Instrumentation.java:1433)

07-21 01:29:18.813  5673  5673 I LSPosed-Bridge: 	at android.app.Activity.performStop(Activity.java:7367)

07-21 01:29:18.813  5673  5673 I LSPosed-Bridge: 	at android.app.ActivityThread.callActivityOnStop(ActivityThread.java:4144)

07-21 01:29:18.813  5673  5673 I LSPosed-Bridge: 	at android.app.ActivityThread.performStopActivityInner(ActivityThread.java:4122)

07-21 01:29:18.813  5673  5673 I LSPosed-Bridge: 	at android.app.ActivityThread.handleStopActivity(ActivityThread.java:4197)

07-21 01:29:18.813  5673  5673 I LSPosed-Bridge: 	at android.app.servertransaction.TransactionExecutor.performLifecycleSequence(TransactionExecutor.java:192)

07-21 01:29:18.813  5673  5673 I LSPosed-Bridge: 	at android.app.servertransaction.TransactionExecutor.cycleToPath(TransactionExecutor.java:165)

07-21 01:29:18.813  5673  5673 I LSPosed-Bridge: 	at android.app.servertransaction.TransactionExecutor.executeLifecycleState(TransactionExecutor.java:142)

07-21 01:29:18.813  5673  5673 I LSPosed-Bridge: 	at android.app.servertransaction.TransactionExecutor.execute(TransactionExecutor.java:70)

07-21 01:29:18.813  5673  5673 I LSPosed-Bridge: 	at android.app.ActivityThread$H.handleMessage(ActivityThread.java:1809)

07-21 01:29:18.813  5673  5673 I LSPosed-Bridge: 	at android.os.Handler.dispatchMessage(Handler.java:106)

07-21 01:29:18.813  5673  5673 I LSPosed-Bridge: 	at android.os.Looper.loop(Looper.java:193)

07-21 01:29:18.813  5673  5673 I LSPosed-Bridge: 	at android.app.ActivityThread.main(ActivityThread.java:6692)

07-21 01:29:18.813  5673  5673 I LSPosed-Bridge: 	at java.lang.reflect.Method.invoke(Native Method)

07-21 01:29:18.813  5673  5673 I LSPosed-Bridge: 	at com.android.internal.os.RuntimeInit$MethodAndArgsCaller.run(RuntimeInit.java:493)

07-21 01:29:18.813  5673  5673 I LSPosed-Bridge: 	at com.android.internal.os.ZygoteInit.main(ZygoteInit.java:858)

07-21 01:29:26.240  1568 10545 I LSPosed-Bridge: 5673 PermLabel 10133 AMS.checkPermission: Binder.getCallingPid() = 5673; uid = 10133; Binder.getCallingUid() = 10133; getNameForUid: com.hzpg.shengliqi; getPackagesForUid: [com.hzpg.shengliqi]; permName: android.permission.GET_TASKS; type = 0; res = -1; stacktrace=java.lang.Exception

07-21 01:29:26.240  1568 10545 I LSPosed-Bridge: 	at com.example.permlabel.requirePerm$1$2.afterHookedMethod(requirePerm.java:137)

07-21 01:29:26.240  1568 10545 I LSPosed-Bridge: 	at de.robv.android.xposed.XposedBridge$AdditionalHookInfo.callback(Unknown Source:147)

07-21 01:29:26.240  1568 10545 I LSPosed-Bridge: 	at LSPHooker_.checkPermission(Unknown Source:25)

07-21 01:29:26.240  1568 10545 I LSPosed-Bridge: 	at com.android.server.am.ActivityManagerService.isGetTasksAllowed(ActivityManagerService.java:10902)

07-21 01:29:26.240  1568 10545 I LSPosed-Bridge: 	at com.android.server.am.ActivityManagerService.getRunningAppProcesses(ActivityManagerService.java:16139)

07-21 01:29:26.240  1568 10545 I LSPosed-Bridge: 	at android.app.IActivityManager$Stub.onTransact(IActivityManager.java:1088)

07-21 01:29:26.240  1568 10545 I LSPosed-Bridge: 	at com.android.server.am.ActivityManagerService.onTransact(ActivityManagerService.java:3346)

07-21 01:29:26.240  1568 10545 I LSPosed-Bridge: 	at android.os.Binder.execTransact(Binder.java:731)

07-21 01:29:29.848  1568 10100 I LSPosed-Bridge: 5673 PermLabel 10133 AMS.checkPermission: Binder.getCallingPid() = 5673; uid = 10133; Binder.getCallingUid() = 10133; getNameForUid: com.hzpg.shengliqi; getPackagesForUid: [com.hzpg.shengliqi]; permName: android.permission.GET_TASKS; type = 0; res = -1; stacktrace=java.lang.Exception

07-21 01:29:29.848  1568 10100 I LSPosed-Bridge: 	at com.example.permlabel.requirePerm$1$2.afterHookedMethod(requirePerm.java:137)

07-21 01:29:29.848  1568 10100 I LSPosed-Bridge: 	at de.robv.android.xposed.XposedBridge$AdditionalHookInfo.callback(Unknown Source:147)

07-21 01:29:29.848  1568 10100 I LSPosed-Bridge: 	at LSPHooker_.checkPermission(Unknown Source:25)

07-21 01:29:29.848  1568 10100 I LSPosed-Bridge: 	at com.android.server.am.ActivityManagerService.isGetTasksAllowed(ActivityManagerService.java:10902)

07-21 01:29:29.848  1568 10100 I LSPosed-Bridge: 	at com.android.server.am.ActivityManagerService.getRunningAppProcesses(ActivityManagerService.java:16139)

07-21 01:29:29.848  1568 10100 I LSPosed-Bridge: 	at android.app.IActivityManager$Stub.onTransact(IActivityManager.java:1088)

07-21 01:29:29.848  1568 10100 I LSPosed-Bridge: 	at com.android.server.am.ActivityManagerService.onTransact(ActivityManagerService.java:3346)

07-21 01:29:29.848  1568 10100 I LSPosed-Bridge: 	at android.os.Binder.execTransact(Binder.java:731)

07-21 01:29:40.825  1568 19752 I LSPosed-Bridge: 5673 PermLabel 10133 AMS.checkPermission: Binder.getCallingPid() = 5673; uid = 10133; Binder.getCallingUid() = 10133; getNameForUid: com.hzpg.shengliqi; getPackagesForUid: [com.hzpg.shengliqi]; permName: android.permission.GET_TASKS; type = 0; res = -1; stacktrace=java.lang.Exception

07-21 01:29:40.825  1568 19752 I LSPosed-Bridge: 	at com.example.permlabel.requirePerm$1$2.afterHookedMethod(requirePerm.java:137)

07-21 01:29:40.825  1568 19752 I LSPosed-Bridge: 	at de.robv.android.xposed.XposedBridge$AdditionalHookInfo.callback(Unknown Source:147)

07-21 01:29:40.825  1568 19752 I LSPosed-Bridge: 	at LSPHooker_.checkPermission(Unknown Source:25)

07-21 01:29:40.825  1568 19752 I LSPosed-Bridge: 	at com.android.server.am.ActivityManagerService.isGetTasksAllowed(ActivityManagerService.java:10902)

07-21 01:29:40.825  1568 19752 I LSPosed-Bridge: 	at com.android.server.am.ActivityManagerService.getRunningAppProcesses(ActivityManagerService.java:16139)

07-21 01:29:40.825  1568 19752 I LSPosed-Bridge: 	at android.app.IActivityManager$Stub.onTransact(IActivityManager.java:1088)

07-21 01:29:40.825  1568 19752 I LSPosed-Bridge: 	at com.android.server.am.ActivityManagerService.onTransact(ActivityManagerService.java:3346)

07-21 01:29:40.825  1568 19752 I LSPosed-Bridge: 	at android.os.Binder.execTransact(Binder.java:731)

07-21 01:29:40.825  5673  5673 I LSPosed-Bridge: 5673 PermLabel hookBinder_test 10133 interfaceBinder =android.app.IActivityManager; arg0 = 81; arg1 = android.os.Parcel@424e07e; arg2 = android.os.Parcel@f4f7a98; arg3 = 0; res = true; stacktrace=java.lang.Exception

07-21 01:29:40.825  5673  5673 I LSPosed-Bridge: 	at com.example.permlabel.hookBinder_test$1.afterHookedMethod(hookBinder_test.java:68)

07-21 01:29:40.825  5673  5673 I LSPosed-Bridge: 	at de.robv.android.xposed.XposedBridge$AdditionalHookInfo.callback(Unknown Source:147)

07-21 01:29:40.825  5673  5673 I LSPosed-Bridge: 	at LSPHooker_.transact(Unknown Source:28)

07-21 01:29:40.825  5673  5673 I LSPosed-Bridge: 	at android.app.IActivityManager$Stub$Proxy.getRunningAppProcesses(IActivityManager.java:5366)

07-21 01:29:40.825  5673  5673 I LSPosed-Bridge: 	at android.app.ActivityManager.getRunningAppProcesses(ActivityManager.java:3435)

07-21 01:29:40.825  5673  5673 I LSPosed-Bridge: 	at java.lang.reflect.Method.invoke(Native Method)

07-21 01:29:40.825  5673  5673 I LSPosed-Bridge: 	at org.lsposed.lspd.nativebridge.HookBridge.invokeOriginalMethod(Native Method)

07-21 01:29:40.825  5673  5673 I LSPosed-Bridge: 	at de.robv.android.xposed.XposedBridge$AdditionalHookInfo.callback(Unknown Source:110)

07-21 01:29:40.825  5673  5673 I LSPosed-Bridge: 	at LSPHooker_.getRunningAppProcesses(Unknown Source:8)

07-21 01:29:40.825  5673  5673 I LSPosed-Bridge: 	at com.hzpg.shengliqi.base.BaseActivity.isAppOnForeground(BaseActivity.java:230)

07-21 01:29:40.825  5673  5673 I LSPosed-Bridge: 	at com.hzpg.shengliqi.base.BaseActivity.onStop(BaseActivity.java:211)

07-21 01:29:40.825  5673  5673 I LSPosed-Bridge: 	at com.hzpg.shengliqi.MainActivity.onStop(MainActivity.java:131)

07-21 01:29:40.825  5673  5673 I LSPosed-Bridge: 	at android.app.Instrumentation.callActivityOnStop(Instrumentation.java:1433)

07-21 01:29:40.825  5673  5673 I LSPosed-Bridge: 	at android.app.Activity.performStop(Activity.java:7367)

07-21 01:29:40.825  5673  5673 I LSPosed-Bridge: 	at android.app.ActivityThread.callActivityOnStop(ActivityThread.java:4144)

07-21 01:29:40.825  5673  5673 I LSPosed-Bridge: 	at android.app.ActivityThread.performStopActivityInner(ActivityThread.java:4122)

07-21 01:29:40.825  5673  5673 I LSPosed-Bridge: 	at android.app.ActivityThread.handleStopActivity(ActivityThread.java:4197)

07-21 01:29:40.825  5673  5673 I LSPosed-Bridge: 	at android.app.servertransaction.StopActivityItem.execute(StopActivityItem.java:41)

07-21 01:29:40.825  5673  5673 I LSPosed-Bridge: 	at android.app.servertransaction.TransactionExecutor.executeLifecycleState(TransactionExecutor.java:145)

07-21 01:29:40.825  5673  5673 I LSPosed-Bridge: 	at android.app.servertransaction.TransactionExecutor.execute(TransactionExecutor.java:70)

07-21 01:29:40.825  5673  5673 I LSPosed-Bridge: 	at android.app.ActivityThread$H.handleMessage(ActivityThread.java:1809)

07-21 01:29:40.825  5673  5673 I LSPosed-Bridge: 	at android.os.Handler.dispatchMessage(Handler.java:106)

07-21 01:29:40.825  5673  5673 I LSPosed-Bridge: 	at android.os.Looper.loop(Looper.java:193)

07-21 01:29:40.825  5673  5673 I LSPosed-Bridge: 	at android.app.ActivityThread.main(ActivityThread.java:6692)

07-21 01:29:40.825  5673  5673 I LSPosed-Bridge: 	at java.lang.reflect.Method.invoke(Native Method)

07-21 01:29:40.825  5673  5673 I LSPosed-Bridge: 	at com.android.internal.os.RuntimeInit$MethodAndArgsCaller.run(RuntimeInit.java:493)

07-21 01:29:40.825  5673  5673 I LSPosed-Bridge: 	at com.android.internal.os.ZygoteInit.main(ZygoteInit.java:858)

07-21 01:29:44.470  1568 19752 I LSPosed-Bridge: 5673 PermLabel 10133 AMS.checkPermission: Binder.getCallingPid() = 5673; uid = 10133; Binder.getCallingUid() = 10133; getNameForUid: com.hzpg.shengliqi; getPackagesForUid: [com.hzpg.shengliqi]; permName: android.permission.GET_TASKS; type = 0; res = -1; stacktrace=java.lang.Exception

07-21 01:29:44.470  1568 19752 I LSPosed-Bridge: 	at com.example.permlabel.requirePerm$1$2.afterHookedMethod(requirePerm.java:137)

07-21 01:29:44.470  1568 19752 I LSPosed-Bridge: 	at de.robv.android.xposed.XposedBridge$AdditionalHookInfo.callback(Unknown Source:147)

07-21 01:29:44.470  1568 19752 I LSPosed-Bridge: 	at LSPHooker_.checkPermission(Unknown Source:25)

07-21 01:29:44.470  1568 19752 I LSPosed-Bridge: 	at com.android.server.am.ActivityManagerService.isGetTasksAllowed(ActivityManagerService.java:10902)

07-21 01:29:44.470  1568 19752 I LSPosed-Bridge: 	at com.android.server.am.ActivityManagerService.getRunningAppProcesses(ActivityManagerService.java:16139)

07-21 01:29:44.470  1568 19752 I LSPosed-Bridge: 	at android.app.IActivityManager$Stub.onTransact(IActivityManager.java:1088)

07-21 01:29:44.470  1568 19752 I LSPosed-Bridge: 	at com.android.server.am.ActivityManagerService.onTransact(ActivityManagerService.java:3346)

07-21 01:29:44.470  1568 19752 I LSPosed-Bridge: 	at android.os.Binder.execTransact(Binder.java:731)

