08-16 06:39:06.327   557   557 I ConfigStore: android::hardware::configstore::V1_0::ISurfaceFlingerConfigs::hasHDRDisplay retrieved: 0

08-16 06:39:06.327  8465  8465 I LSPosed-Bridge: 8465 PermLabel 10124 permission_group_mapping =android.permission.CAMERA Camera

08-16 06:39:06.330  8465  8465 I LSPosed-Bridge: 8465 PermLabel 10124 permission_type_mapping =com.selfcare.diary.mood.tracker.moodpress.DYNAMIC_RECEIVER_NOT_EXPORTED_PERMISSION 2; 

08-16 06:39:06.330   557   557 I ConfigStore: android::hardware::configstore::V1_0::ISurfaceFlingerConfigs::hasHDRDisplay retrieved: 0

08-16 06:39:06.330  8465  8465 I LSPosed-Bridge: 8465 PermLabel 10124 all_declared permissions =android.permission.VIBRATE android.permission.READ_EXTERNAL_STORAGE android.permission.SCHEDULE_EXACT_ALARM android.permission.RECEIVE_BOOT_COMPLETED android.permission.ACCESS_NETWORK_STATE android.permission.USE_FULL_SCREEN_INTENT android.permission.READ_MEDIA_IMAGES android.permission.READ_MEDIA_VIDEO android.permission.CAMERA android.permission.WRITE_EXTERNAL_STORAGE android.permission.FOREGROUND_SERVICE android.permission.POST_NOTIFICATIONS com.google.android.gms.permission.AD_ID android.permission.USE_FINGERPRINT android.permission.USE_BIOMETRIC android.permission.INTERNET android.permission.WAKE_LOCK com.google.android.finsky.permission.BIND_GET_INSTALL_REFERRER_SERVICE com.selfcare.diary.mood.tracker.moodpress.DYNAMIC_RECEIVER_NOT_EXPORTED_PERMISSION com.android.vending.BILLING 

08-16 06:39:06.331  8465  8465 I LSPosed-Bridge: 8465 PermLabel 10124 declared normal_permissions =android.permission.VIBRATE android.permission.RECEIVE_BOOT_COMPLETED android.permission.ACCESS_NETWORK_STATE android.permission.FOREGROUND_SERVICE com.google.android.gms.permission.AD_ID android.permission.USE_FINGERPRINT android.permission.USE_BIOMETRIC android.permission.INTERNET android.permission.WAKE_LOCK com.google.android.finsky.permission.BIND_GET_INSTALL_REFERRER_SERVICE com.android.vending.BILLING 

08-16 06:39:06.331  8465  8465 I LSPosed-Bridge: 8465 PermLabel 10124 declared dangerous_permissions =android.permission.READ_EXTERNAL_STORAGE android.permission.CAMERA android.permission.WRITE_EXTERNAL_STORAGE 

08-16 06:39:06.331  8465  8465 I LSPosed-Bridge: 8465 PermLabel 10124 declared dangerous_group =Storage Camera Storage 

08-16 06:39:06.331   557   557 I ConfigStore: android::hardware::configstore::V1_0::ISurfaceFlingerConfigs::hasHDRDisplay retrieved: 0

08-16 06:41:29.487  8465 12534 I LSPosed-Bridge: 8465 PermLabel 10124 android.permission.CAMERA getCameraInfo args0: 1; args1: android.hardware.Camera$CameraInfo@3b0b530; res= null; stacktrace=java.lang.Exception

08-16 06:41:29.487  8465 12534 I LSPosed-Bridge: 8465 PermLabel 10124 android.permission.CAMERA getCameraInfo args0: 1; args1: android.hardware.Camera$CameraInfo@3b0b530; res= null; stacktrace=java.lang.Exception

08-16 06:41:29.487  8465 12534 I LSPosed-Bridge: 	at com.example.permlabel.hookCamera$1.afterHookedMethod(hookCamera.java:21)

08-16 06:41:29.487  8465 12534 I LSPosed-Bridge: 	at com.example.permlabel.hookCamera$1.afterHookedMethod(hookCamera.java:21)

08-16 06:41:29.487  8465 12534 I LSPosed-Bridge: 	at de.robv.android.xposed.XposedBridge$AdditionalHookInfo.callback(Unknown Source:147)

08-16 06:41:29.487  8465 12534 I LSPosed-Bridge: 	at de.robv.android.xposed.XposedBridge$AdditionalHookInfo.callback(Unknown Source:147)

08-16 06:41:29.487  8465 12534 I LSPosed-Bridge: 	at LSPHooker_.getCameraInfo(Unknown Source:15)

08-16 06:41:29.487  8465 12534 I LSPosed-Bridge: 	at LSPHooker_.getCameraInfo(Unknown Source:15)

08-16 06:41:29.487  8465 12534 I LSPosed-Bridge: 	at R74.e(chromium-Monochrome.aab-stable-579016621:6)

08-16 06:41:29.487  8465 12534 I LSPosed-Bridge: 	at R74.e(chromium-Monochrome.aab-stable-579016621:6)

08-16 06:41:29.487  8465 12534 I LSPosed-Bridge: 	at org.chromium.media.VideoCaptureFactory.getDeviceName(chromium-Monochrome.aab-stable-579016621:15)

08-16 06:41:29.487  8465 12534 I LSPosed-Bridge: 	at org.chromium.media.VideoCaptureFactory.getDeviceName(chromium-Monochrome.aab-stable-579016621:15)

08-16 06:41:29.487  8465 12534 I LSPosed-Bridge: 8465 PermLabel 10124 android.permission.CAMERA getCameraInfo args0: 1; args1: android.hardware.Camera$CameraInfo@3b0b530; res= null; stacktrace=java.lang.Exception

08-16 06:41:29.487  8465 12534 I LSPosed-Bridge: 8465 PermLabel 10124 android.permission.CAMERA getCameraInfo args0: 1; args1: android.hardware.Camera$CameraInfo@3b0b530; res= null; stacktrace=java.lang.Exception

08-16 06:41:29.487  8465 12534 I LSPosed-Bridge: 	at com.example.permlabel.hookCamera$1.afterHookedMethod(hookCamera.java:21)

08-16 06:41:29.487  8465 12534 I LSPosed-Bridge: 	at com.example.permlabel.hookCamera$1.afterHookedMethod(hookCamera.java:21)

08-16 06:41:29.487  8465 12534 I LSPosed-Bridge: 	at de.robv.android.xposed.XposedBridge$AdditionalHookInfo.callback(Unknown Source:147)

08-16 06:41:29.487  8465 12534 I LSPosed-Bridge: 	at de.robv.android.xposed.XposedBridge$AdditionalHookInfo.callback(Unknown Source:147)

08-16 06:41:29.487  8465 12534 I LSPosed-Bridge: 	at LSPHooker_.getCameraInfo(Unknown Source:15)

08-16 06:41:29.487  8465 12534 I LSPosed-Bridge: 	at LSPHooker_.getCameraInfo(Unknown Source:15)

08-16 06:41:29.487  8465 12534 I LSPosed-Bridge: 	at R74.e(chromium-Monochrome.aab-stable-579016621:6)

08-16 06:41:29.487  8465 12534 I LSPosed-Bridge: 	at R74.e(chromium-Monochrome.aab-stable-579016621:6)

08-16 06:41:29.487  8465 12534 I LSPosed-Bridge: 	at org.chromium.media.VideoCaptureFactory.getDeviceName(chromium-Monochrome.aab-stable-579016621:15)

08-16 06:41:29.487  8465 12534 I LSPosed-Bridge: 	at org.chromium.media.VideoCaptureFactory.getDeviceName(chromium-Monochrome.aab-stable-579016621:15)

08-16 06:41:29.522   557   557 I ConfigStore: android::hardware::configstore::V1_0::ISurfaceFlingerConfigs::hasHDRDisplay retrieved: 0

08-16 06:41:29.522   557   557 I ConfigStore: android::hardware::configstore::V1_0::ISurfaceFlingerConfigs::hasHDRDisplay retrieved: 0

08-16 06:41:29.522  8465 12534 I LSPosed-Bridge: 8465 PermLabel 10124 android.permission.CAMERA getCameraInfo args0: 1; args1: android.hardware.Camera$CameraInfo@8a6fcc7; res= null; stacktrace=java.lang.Exception

08-16 06:41:29.522  8465 12534 I LSPosed-Bridge: 8465 PermLabel 10124 android.permission.CAMERA getCameraInfo args0: 1; args1: android.hardware.Camera$CameraInfo@8a6fcc7; res= null; stacktrace=java.lang.Exception

08-16 06:41:29.522  8465 12534 I LSPosed-Bridge: 	at com.example.permlabel.hookCamera$1.afterHookedMethod(hookCamera.java:21)

08-16 06:41:29.522  8465 12534 I LSPosed-Bridge: 	at com.example.permlabel.hookCamera$1.afterHookedMethod(hookCamera.java:21)

08-16 06:41:29.522  8465 12534 I LSPosed-Bridge: 	at de.robv.android.xposed.XposedBridge$AdditionalHookInfo.callback(Unknown Source:147)

08-16 06:41:29.522  8465 12534 I LSPosed-Bridge: 	at de.robv.android.xposed.XposedBridge$AdditionalHookInfo.callback(Unknown Source:147)

08-16 06:41:29.522  8465 12534 I LSPosed-Bridge: 	at LSPHooker_.getCameraInfo(Unknown Source:15)

08-16 06:41:29.522  8465 12534 I LSPosed-Bridge: 	at LSPHooker_.getCameraInfo(Unknown Source:15)

08-16 06:41:29.522  8465 12534 I LSPosed-Bridge: 	at R74.e(chromium-Monochrome.aab-stable-579016621:6)

08-16 06:41:29.522  8465 12534 I LSPosed-Bridge: 	at R74.e(chromium-Monochrome.aab-stable-579016621:6)

08-16 06:41:29.522  8465 12534 I LSPosed-Bridge: 	at org.chromium.media.VideoCaptureFactory.getCaptureApiType(chromium-Monochrome.aab-stable-579016621:8)

08-16 06:41:29.522  8465 12534 I LSPosed-Bridge: 	at org.chromium.media.VideoCaptureFactory.getCaptureApiType(chromium-Monochrome.aab-stable-579016621:8)

08-16 06:41:29.522  8465 12534 I LSPosed-Bridge: 8465 PermLabel 10124 android.permission.CAMERA getCameraInfo args0: 1; args1: android.hardware.Camera$CameraInfo@8a6fcc7; res= null; stacktrace=java.lang.Exception

08-16 06:41:29.522  8465 12534 I LSPosed-Bridge: 8465 PermLabel 10124 android.permission.CAMERA getCameraInfo args0: 1; args1: android.hardware.Camera$CameraInfo@8a6fcc7; res= null; stacktrace=java.lang.Exception

08-16 06:41:29.522  8465 12534 I LSPosed-Bridge: 	at com.example.permlabel.hookCamera$1.afterHookedMethod(hookCamera.java:21)

08-16 06:41:29.522  8465 12534 I LSPosed-Bridge: 	at com.example.permlabel.hookCamera$1.afterHookedMethod(hookCamera.java:21)

08-16 06:41:29.522  8465 12534 I LSPosed-Bridge: 	at de.robv.android.xposed.XposedBridge$AdditionalHookInfo.callback(Unknown Source:147)

08-16 06:41:29.522  8465 12534 I LSPosed-Bridge: 	at de.robv.android.xposed.XposedBridge$AdditionalHookInfo.callback(Unknown Source:147)

08-16 06:41:29.522  8465 12534 I LSPosed-Bridge: 	at LSPHooker_.getCameraInfo(Unknown Source:15)

08-16 06:41:29.522  8465 12534 I LSPosed-Bridge: 	at LSPHooker_.getCameraInfo(Unknown Source:15)

08-16 06:41:29.522  8465 12534 I LSPosed-Bridge: 	at R74.e(chromium-Monochrome.aab-stable-579016621:6)

08-16 06:41:29.522  8465 12534 I LSPosed-Bridge: 	at R74.e(chromium-Monochrome.aab-stable-579016621:6)

08-16 06:41:29.522  8465 12534 I LSPosed-Bridge: 	at org.chromium.media.VideoCaptureFactory.getCaptureApiType(chromium-Monochrome.aab-stable-579016621:8)

08-16 06:41:29.522  8465 12534 I LSPosed-Bridge: 	at org.chromium.media.VideoCaptureFactory.getCaptureApiType(chromium-Monochrome.aab-stable-579016621:8)

08-16 06:41:29.544  8465 12534 I LSPosed-Bridge: 8465 PermLabel hookBinder_test 10124 interfaceBinder =android.media.IAudioService; arg0 = 55; arg1 = android.os.Parcel@5b7c75a; arg2 = android.os.Parcel@fe64fe5; arg3 = 0; res = true; stacktrace=java.lang.Exception

08-16 06:41:29.544  8465 12534 I LSPosed-Bridge: 8465 PermLabel hookBinder_test 10124 interfaceBinder =android.media.IAudioService; arg0 = 55; arg1 = android.os.Parcel@5b7c75a; arg2 = android.os.Parcel@fe64fe5; arg3 = 0; res = true; stacktrace=java.lang.Exception

08-16 06:41:29.544  8465 12534 I LSPosed-Bridge: 	at com.example.permlabel.hookBinder_test$1.afterHookedMethod(hookBinder_test.java:68)

08-16 06:41:29.544  8465 12534 I LSPosed-Bridge: 	at com.example.permlabel.hookBinder_test$1.afterHookedMethod(hookBinder_test.java:68)

08-16 06:41:29.544  8465 12534 I LSPosed-Bridge: 	at de.robv.android.xposed.XposedBridge$AdditionalHookInfo.callback(Unknown Source:147)

08-16 06:41:29.544  8465 12534 I LSPosed-Bridge: 	at de.robv.android.xposed.XposedBridge$AdditionalHookInfo.callback(Unknown Source:147)

08-16 06:41:29.544  8465 12534 I LSPosed-Bridge: 	at LSPHooker_.transact(Unknown Source:28)

08-16 06:41:29.544  8465 12534 I LSPosed-Bridge: 	at LSPHooker_.transact(Unknown Source:28)

08-16 06:41:29.544  8465 12534 I LSPosed-Bridge: 	at android.media.IAudioService$Stub$Proxy.isCameraSoundForced(IAudioService.java:1955)

08-16 06:41:29.544  8465 12534 I LSPosed-Bridge: 	at android.media.IAudioService$Stub$Proxy.isCameraSoundForced(IAudioService.java:1955)

08-16 06:41:29.544  8465 12534 I LSPosed-Bridge: 	at android.hardware.Camera.getCameraInfo(Camera.java:348)

08-16 06:41:29.544  8465 12534 I LSPosed-Bridge: 	at android.hardware.Camera.getCameraInfo(Camera.java:348)

08-16 06:41:29.544  8465 12534 I LSPosed-Bridge: 	at java.lang.reflect.Method.invoke(Native Method)

08-16 06:41:29.544  8465 12534 I LSPosed-Bridge: 	at java.lang.reflect.Method.invoke(Native Method)

08-16 06:41:29.544  8465 12534 I LSPosed-Bridge: 	at org.lsposed.lspd.nativebridge.HookBridge.invokeOriginalMethod(Native Method)

08-16 06:41:29.544  8465 12534 I LSPosed-Bridge: 	at org.lsposed.lspd.nativebridge.HookBridge.invokeOriginalMethod(Native Method)

08-16 06:41:29.544  8465 12534 I LSPosed-Bridge: 	at de.robv.android.xposed.XposedBridge$AdditionalHookInfo.callback(Unknown Source:110)

08-16 06:41:29.544  8465 12534 I LSPosed-Bridge: 	at de.robv.android.xposed.XposedBridge$AdditionalHookInfo.callback(Unknown Source:110)

08-16 06:41:29.544  8465 12534 I LSPosed-Bridge: 	at LSPHooker_.getCameraInfo(Unknown Source:15)

08-16 06:41:29.544  8465 12534 I LSPosed-Bridge: 	at LSPHooker_.getCameraInfo(Unknown Source:15)

08-16 06:41:29.544  8465 12534 I LSPosed-Bridge: 	at R74.e(chromium-Monochrome.aab-stable-579016621:6)

08-16 06:41:29.544  8465 12534 I LSPosed-Bridge: 	at R74.e(chromium-Monochrome.aab-stable-579016621:6)

08-16 06:41:29.544  8465 12534 I LSPosed-Bridge: 	at org.chromium.media.VideoCaptureFactory.getFacingMode(chromium-Monochrome.aab-stable-579016621:10)

08-16 06:41:29.544  8465 12534 I LSPosed-Bridge: 	at org.chromium.media.VideoCaptureFactory.getFacingMode(chromium-Monochrome.aab-stable-579016621:10)

08-16 06:41:29.544  8465 12534 I LSPosed-Bridge: 8465 PermLabel 10124 android.permission.CAMERA getCameraInfo args0: 1; args1: android.hardware.Camera$CameraInfo@1a0bdbf; res= null; stacktrace=java.lang.Exception

08-16 06:41:29.544  8465 12534 I LSPosed-Bridge: 8465 PermLabel 10124 android.permission.CAMERA getCameraInfo args0: 1; args1: android.hardware.Camera$CameraInfo@1a0bdbf; res= null; stacktrace=java.lang.Exception

08-16 06:41:29.544  8465 12534 I LSPosed-Bridge: 	at com.example.permlabel.hookCamera$1.afterHookedMethod(hookCamera.java:21)

08-16 06:41:29.544  8465 12534 I LSPosed-Bridge: 	at com.example.permlabel.hookCamera$1.afterHookedMethod(hookCamera.java:21)

08-16 06:41:29.544  8465 12534 I LSPosed-Bridge: 	at de.robv.android.xposed.XposedBridge$AdditionalHookInfo.callback(Unknown Source:147)

08-16 06:41:29.544  8465 12534 I LSPosed-Bridge: 	at de.robv.android.xposed.XposedBridge$AdditionalHookInfo.callback(Unknown Source:147)

08-16 06:41:29.544  8465 12534 I LSPosed-Bridge: 	at LSPHooker_.getCameraInfo(Unknown Source:15)

08-16 06:41:29.544  8465 12534 I LSPosed-Bridge: 	at LSPHooker_.getCameraInfo(Unknown Source:15)

08-16 06:41:29.544  8465 12534 I LSPosed-Bridge: 	at R74.e(chromium-Monochrome.aab-stable-579016621:6)

08-16 06:41:29.544  8465 12534 I LSPosed-Bridge: 	at R74.e(chromium-Monochrome.aab-stable-579016621:6)

08-16 06:41:29.544  8465 12534 I LSPosed-Bridge: 	at org.chromium.media.VideoCaptureFactory.getFacingMode(chromium-Monochrome.aab-stable-579016621:10)

08-16 06:41:29.544  8465 12534 I LSPosed-Bridge: 	at org.chromium.media.VideoCaptureFactory.getFacingMode(chromium-Monochrome.aab-stable-579016621:10)

08-16 06:41:29.544  8465 12534 I LSPosed-Bridge: 8465 PermLabel 10124 android.permission.CAMERA getCameraInfo args0: 1; args1: android.hardware.Camera$CameraInfo@1a0bdbf; res= null; stacktrace=java.lang.Exception

08-16 06:41:29.544  8465 12534 I LSPosed-Bridge: 8465 PermLabel 10124 android.permission.CAMERA getCameraInfo args0: 1; args1: android.hardware.Camera$CameraInfo@1a0bdbf; res= null; stacktrace=java.lang.Exception

08-16 06:41:29.544  8465 12534 I LSPosed-Bridge: 	at com.example.permlabel.hookCamera$1.afterHookedMethod(hookCamera.java:21)

08-16 06:41:29.544  8465 12534 I LSPosed-Bridge: 	at com.example.permlabel.hookCamera$1.afterHookedMethod(hookCamera.java:21)

08-16 06:41:29.544  8465 12534 I LSPosed-Bridge: 	at de.robv.android.xposed.XposedBridge$AdditionalHookInfo.callback(Unknown Source:147)

08-16 06:41:29.544  8465 12534 I LSPosed-Bridge: 	at de.robv.android.xposed.XposedBridge$AdditionalHookInfo.callback(Unknown Source:147)

08-16 06:41:29.544  8465 12534 I LSPosed-Bridge: 	at LSPHooker_.getCameraInfo(Unknown Source:15)

08-16 06:41:29.544  8465 12534 I LSPosed-Bridge: 	at LSPHooker_.getCameraInfo(Unknown Source:15)

08-16 06:41:29.544  8465 12534 I LSPosed-Bridge: 	at R74.e(chromium-Monochrome.aab-stable-579016621:6)

08-16 06:41:29.544  8465 12534 I LSPosed-Bridge: 	at R74.e(chromium-Monochrome.aab-stable-579016621:6)

08-16 06:41:29.544  8465 12534 I LSPosed-Bridge: 	at org.chromium.media.VideoCaptureFactory.getFacingMode(chromium-Monochrome.aab-stable-579016621:10)

08-16 06:41:29.544  8465 12534 I LSPosed-Bridge: 	at org.chromium.media.VideoCaptureFactory.getFacingMode(chromium-Monochrome.aab-stable-579016621:10)

08-16 06:41:29.555   557   557 I ConfigStore: android::hardware::configstore::V1_0::ISurfaceFlingerConfigs::hasHDRDisplay retrieved: 0

08-16 06:41:29.555  1556  1852 I LSPosed-Bridge: 8465 PermLabel 10124 AMS.checkPermission: Binder.getCallingPid() = 913; uid = 10124; Binder.getCallingUid() = 1047; getNameForUid: null; getPackagesForUid: null; permName: android.permission.CAMERA; type = 1; res = -1; stacktrace=java.lang.Exception

08-16 06:41:29.555  1556  1852 I LSPosed-Bridge: 	at com.example.permlabel.requirePerm$1$2.afterHookedMethod(requirePerm.java:143)

08-16 06:41:29.555  1556  1852 I LSPosed-Bridge: 	at de.robv.android.xposed.XposedBridge$AdditionalHookInfo.callback(Unknown Source:147)

08-16 06:41:29.555  1556  1852 I LSPosed-Bridge: 	at LSPHooker_.checkPermission(Unknown Source:25)

08-16 06:41:29.555  1556  1852 I LSPosed-Bridge: 	at com.android.server.am.ActivityManagerService$PermissionController.checkPermission(ActivityManagerService.java:9248)

08-16 06:41:29.555  1556  1852 I LSPosed-Bridge: 	at android.os.IPermissionController$Stub.onTransact(IPermissionController.java:56)

08-16 06:41:29.555  1556  1852 I LSPosed-Bridge: 	at android.os.Binder.execTransact(Binder.java:731)

08-16 06:41:29.555   913  9965 W ServiceManager: Permission failure: android.permission.CAMERA from uid=10124 pid=8465

08-16 06:41:29.555   913  9965 E CameraService: Permission Denial: can't use the camera pid=8465, uid=10124

08-16 06:41:29.659  1556  1852 I LSPosed-Bridge: 8465 PermLabel 10124 AMS.checkPermission: Binder.getCallingPid() = 913; uid = 10124; Binder.getCallingUid() = 1047; getNameForUid: null; getPackagesForUid: null; permName: android.permission.CAMERA; type = 1; res = -1; stacktrace=java.lang.Exception

08-16 06:41:29.659  1556  1852 I LSPosed-Bridge: 	at com.example.permlabel.requirePerm$1$2.afterHookedMethod(requirePerm.java:143)

08-16 06:41:29.659  1556  1852 I LSPosed-Bridge: 	at de.robv.android.xposed.XposedBridge$AdditionalHookInfo.callback(Unknown Source:147)

08-16 06:41:29.659  1556  1852 I LSPosed-Bridge: 	at LSPHooker_.checkPermission(Unknown Source:25)

08-16 06:41:29.659  1556  1852 I LSPosed-Bridge: 	at com.android.server.am.ActivityManagerService$PermissionController.checkPermission(ActivityManagerService.java:9248)

08-16 06:41:29.659  1556  1852 I LSPosed-Bridge: 	at android.os.IPermissionController$Stub.onTransact(IPermissionController.java:56)

08-16 06:41:29.659  1556  1852 I LSPosed-Bridge: 	at android.os.Binder.execTransact(Binder.java:731)

08-16 06:41:29.659   913  9965 W ServiceManager: Permission failure: android.permission.CAMERA from uid=10124 pid=8465

08-16 06:41:29.659   913  9965 E CameraService: Permission Denial: can't use the camera pid=8465, uid=10124

08-16 06:41:29.763  1556  4573 I LSPosed-Bridge: 8465 PermLabel 10124 AMS.checkPermission: Binder.getCallingPid() = 913; uid = 10124; Binder.getCallingUid() = 1047; getNameForUid: null; getPackagesForUid: null; permName: android.permission.CAMERA; type = 1; res = -1; stacktrace=java.lang.Exception

08-16 06:41:29.763  1556  4573 I LSPosed-Bridge: 	at com.example.permlabel.requirePerm$1$2.afterHookedMethod(requirePerm.java:143)

08-16 06:41:29.763  1556  4573 I LSPosed-Bridge: 	at de.robv.android.xposed.XposedBridge$AdditionalHookInfo.callback(Unknown Source:147)

08-16 06:41:29.763  1556  4573 I LSPosed-Bridge: 	at LSPHooker_.checkPermission(Unknown Source:25)

08-16 06:41:29.763  1556  4573 I LSPosed-Bridge: 	at com.android.server.am.ActivityManagerService$PermissionController.checkPermission(ActivityManagerService.java:9248)

08-16 06:41:29.763  1556  4573 I LSPosed-Bridge: 	at android.os.IPermissionController$Stub.onTransact(IPermissionController.java:56)

08-16 06:41:29.763  1556  4573 I LSPosed-Bridge: 	at android.os.Binder.execTransact(Binder.java:731)

08-16 06:41:29.763   913  9965 W ServiceManager: Permission failure: android.permission.CAMERA from uid=10124 pid=8465

08-16 06:41:29.763   913  9965 E CameraService: Permission Denial: can't use the camera pid=8465, uid=10124

08-16 06:41:29.865  1556  1852 I LSPosed-Bridge: 8465 PermLabel 10124 AMS.checkPermission: Binder.getCallingPid() = 913; uid = 10124; Binder.getCallingUid() = 1047; getNameForUid: null; getPackagesForUid: null; permName: android.permission.CAMERA; type = 1; res = -1; stacktrace=java.lang.Exception

08-16 06:41:29.865  1556  1852 I LSPosed-Bridge: 	at com.example.permlabel.requirePerm$1$2.afterHookedMethod(requirePerm.java:143)

08-16 06:41:29.865  1556  1852 I LSPosed-Bridge: 	at de.robv.android.xposed.XposedBridge$AdditionalHookInfo.callback(Unknown Source:147)

08-16 06:41:29.865  1556  1852 I LSPosed-Bridge: 	at LSPHooker_.checkPermission(Unknown Source:25)

08-16 06:41:29.865  1556  1852 I LSPosed-Bridge: 	at com.android.server.am.ActivityManagerService$PermissionController.checkPermission(ActivityManagerService.java:9248)

08-16 06:41:29.865  1556  1852 I LSPosed-Bridge: 	at android.os.IPermissionController$Stub.onTransact(IPermissionController.java:56)

08-16 06:41:29.865  1556  1852 I LSPosed-Bridge: 	at android.os.Binder.execTransact(Binder.java:731)

08-16 06:41:29.968  1556  4573 I LSPosed-Bridge: 8465 PermLabel 10124 AMS.checkPermission: Binder.getCallingPid() = 913; uid = 10124; Binder.getCallingUid() = 1047; getNameForUid: null; getPackagesForUid: null; permName: android.permission.CAMERA; type = 1; res = -1; stacktrace=java.lang.Exception

08-16 06:41:29.968  1556  4573 I LSPosed-Bridge: 	at com.example.permlabel.requirePerm$1$2.afterHookedMethod(requirePerm.java:143)

08-16 06:41:29.968  1556  4573 I LSPosed-Bridge: 	at de.robv.android.xposed.XposedBridge$AdditionalHookInfo.callback(Unknown Source:147)

08-16 06:41:29.968  1556  4573 I LSPosed-Bridge: 	at LSPHooker_.checkPermission(Unknown Source:25)

08-16 06:41:29.968  1556  4573 I LSPosed-Bridge: 	at com.android.server.am.ActivityManagerService$PermissionController.checkPermission(ActivityManagerService.java:9248)

08-16 06:41:29.968  1556  4573 I LSPosed-Bridge: 	at android.os.IPermissionController$Stub.onTransact(IPermissionController.java:56)

08-16 06:41:29.968  1556  4573 I LSPosed-Bridge: 	at android.os.Binder.execTransact(Binder.java:731)

08-16 06:41:29.968   913  9965 W ServiceManager: Permission failure: android.permission.CAMERA from uid=10124 pid=8465

08-16 06:41:29.968   913  9965 E CameraService: Permission Denial: can't use the camera pid=8465, uid=10124

08-16 06:41:30.071  1556  4573 I LSPosed-Bridge: 8465 PermLabel 10124 AMS.checkPermission: Binder.getCallingPid() = 913; uid = 10124; Binder.getCallingUid() = 1047; getNameForUid: null; getPackagesForUid: null; permName: android.permission.CAMERA; type = 1; res = -1; stacktrace=java.lang.Exception

08-16 06:41:30.071  1556  4573 I LSPosed-Bridge: 	at com.example.permlabel.requirePerm$1$2.afterHookedMethod(requirePerm.java:143)

08-16 06:41:30.071  1556  4573 I LSPosed-Bridge: 	at de.robv.android.xposed.XposedBridge$AdditionalHookInfo.callback(Unknown Source:147)

08-16 06:41:30.071  1556  4573 I LSPosed-Bridge: 	at LSPHooker_.checkPermission(Unknown Source:25)

08-16 06:41:30.071  1556  4573 I LSPosed-Bridge: 	at com.android.server.am.ActivityManagerService$PermissionController.checkPermission(ActivityManagerService.java:9248)

08-16 06:41:30.071  1556  4573 I LSPosed-Bridge: 	at android.os.IPermissionController$Stub.onTransact(IPermissionController.java:56)

08-16 06:41:30.071  1556  4573 I LSPosed-Bridge: 	at android.os.Binder.execTransact(Binder.java:731)

08-16 06:41:30.071   913  9965 W ServiceManager: Permission failure: android.permission.CAMERA from uid=10124 pid=8465

08-16 06:41:30.071   913  9965 E CameraService: Permission Denial: can't use the camera pid=8465, uid=10124

08-16 06:41:30.174  1556  1852 I LSPosed-Bridge: 8465 PermLabel 10124 AMS.checkPermission: Binder.getCallingPid() = 913; uid = 10124; Binder.getCallingUid() = 1047; getNameForUid: null; getPackagesForUid: null; permName: android.permission.CAMERA; type = 1; res = -1; stacktrace=java.lang.Exception

08-16 06:41:30.174  1556  1852 I LSPosed-Bridge: 	at com.example.permlabel.requirePerm$1$2.afterHookedMethod(requirePerm.java:143)

08-16 06:41:30.174  1556  1852 I LSPosed-Bridge: 	at de.robv.android.xposed.XposedBridge$AdditionalHookInfo.callback(Unknown Source:147)

08-16 06:41:30.174  1556  1852 I LSPosed-Bridge: 	at LSPHooker_.checkPermission(Unknown Source:25)

08-16 06:41:30.174  1556  1852 I LSPosed-Bridge: 	at com.android.server.am.ActivityManagerService$PermissionController.checkPermission(ActivityManagerService.java:9248)

08-16 06:41:30.174  1556  1852 I LSPosed-Bridge: 	at android.os.IPermissionController$Stub.onTransact(IPermissionController.java:56)

08-16 06:41:30.174  1556  1852 I LSPosed-Bridge: 	at android.os.Binder.execTransact(Binder.java:731)

08-16 06:41:30.174   913  9965 W ServiceManager: Permission failure: android.permission.CAMERA from uid=10124 pid=8465

08-16 06:41:30.174   913  9965 E CameraService: Permission Denial: can't use the camera pid=8465, uid=10124

08-16 06:41:30.277  1556  1852 I LSPosed-Bridge: 8465 PermLabel 10124 AMS.checkPermission: Binder.getCallingPid() = 913; uid = 10124; Binder.getCallingUid() = 1047; getNameForUid: null; getPackagesForUid: null; permName: android.permission.CAMERA; type = 1; res = -1; stacktrace=java.lang.Exception

08-16 06:41:30.277  1556  1852 I LSPosed-Bridge: 	at com.example.permlabel.requirePerm$1$2.afterHookedMethod(requirePerm.java:143)

08-16 06:41:30.277  1556  1852 I LSPosed-Bridge: 	at de.robv.android.xposed.XposedBridge$AdditionalHookInfo.callback(Unknown Source:147)

08-16 06:41:30.277  1556  1852 I LSPosed-Bridge: 	at LSPHooker_.checkPermission(Unknown Source:25)

08-16 06:41:30.277  1556  1852 I LSPosed-Bridge: 	at com.android.server.am.ActivityManagerService$PermissionController.checkPermission(ActivityManagerService.java:9248)

08-16 06:41:30.277  1556  1852 I LSPosed-Bridge: 	at android.os.IPermissionController$Stub.onTransact(IPermissionController.java:56)

08-16 06:41:30.277  1556  1852 I LSPosed-Bridge: 	at android.os.Binder.execTransact(Binder.java:731)

08-16 06:41:30.277   913  9965 W ServiceManager: Permission failure: android.permission.CAMERA from uid=10124 pid=8465

08-16 06:41:30.277   913  9965 E CameraService: Permission Denial: can't use the camera pid=8465, uid=10124

08-16 06:41:30.381  1556  1852 I LSPosed-Bridge: 8465 PermLabel 10124 AMS.checkPermission: Binder.getCallingPid() = 913; uid = 10124; Binder.getCallingUid() = 1047; getNameForUid: null; getPackagesForUid: null; permName: android.permission.CAMERA; type = 1; res = -1; stacktrace=java.lang.Exception

08-16 06:41:30.381  1556  1852 I LSPosed-Bridge: 	at com.example.permlabel.requirePerm$1$2.afterHookedMethod(requirePerm.java:143)

08-16 06:41:30.381  1556  1852 I LSPosed-Bridge: 	at de.robv.android.xposed.XposedBridge$AdditionalHookInfo.callback(Unknown Source:147)

08-16 06:41:30.381  1556  1852 I LSPosed-Bridge: 	at LSPHooker_.checkPermission(Unknown Source:25)

08-16 06:41:30.381  1556  1852 I LSPosed-Bridge: 	at com.android.server.am.ActivityManagerService$PermissionController.checkPermission(ActivityManagerService.java:9248)

08-16 06:41:30.381  1556  1852 I LSPosed-Bridge: 	at android.os.IPermissionController$Stub.onTransact(IPermissionController.java:56)

08-16 06:41:30.381  1556  1852 I LSPosed-Bridge: 	at android.os.Binder.execTransact(Binder.java:731)

08-16 06:41:30.393  1556  1852 I LSPosed-Bridge: 8465 PermLabel 10124 AMS.checkPermission: Binder.getCallingPid() = 913; uid = 10124; Binder.getCallingUid() = 1047; getNameForUid: null; getPackagesForUid: null; permName: android.permission.CAMERA; type = 1; res = -1; stacktrace=java.lang.Exception

08-16 06:41:30.393  1556  1852 I LSPosed-Bridge: 	at com.example.permlabel.requirePerm$1$2.afterHookedMethod(requirePerm.java:143)

08-16 06:41:30.393  1556  1852 I LSPosed-Bridge: 	at de.robv.android.xposed.XposedBridge$AdditionalHookInfo.callback(Unknown Source:147)

08-16 06:41:30.393  1556  1852 I LSPosed-Bridge: 	at LSPHooker_.checkPermission(Unknown Source:25)

08-16 06:41:30.393  1556  1852 I LSPosed-Bridge: 	at com.android.server.am.ActivityManagerService$PermissionController.checkPermission(ActivityManagerService.java:9248)

08-16 06:41:30.393  1556  1852 I LSPosed-Bridge: 	at android.os.IPermissionController$Stub.onTransact(IPermissionController.java:56)

08-16 06:41:30.393  1556  1852 I LSPosed-Bridge: 	at android.os.Binder.execTransact(Binder.java:731)

08-16 06:41:30.393   913  9965 W ServiceManager: Permission failure: android.permission.CAMERA from uid=10124 pid=8465

08-16 06:41:30.393   913  9965 E CameraService: Permission Denial: can't use the camera pid=8465, uid=10124

08-16 06:41:30.393  8465 12534 W CameraBase: An error occurred while connecting to camera 1: Status(-8): '1: validateClientPermissionsLocked:906: Caller "com.selfcare.diary.mood.tracker.moodpress" (PID 10124, UID 8465) cannot open camera "1" without camera permission'

08-16 06:41:30.496  1556  1852 I LSPosed-Bridge: 8465 PermLabel 10124 AMS.checkPermission: Binder.getCallingPid() = 913; uid = 10124; Binder.getCallingUid() = 1047; getNameForUid: null; getPackagesForUid: null; permName: android.permission.CAMERA; type = 1; res = -1; stacktrace=java.lang.Exception

08-16 06:41:30.496  1556  1852 I LSPosed-Bridge: 	at com.example.permlabel.requirePerm$1$2.afterHookedMethod(requirePerm.java:143)

08-16 06:41:30.496  1556  1852 I LSPosed-Bridge: 	at de.robv.android.xposed.XposedBridge$AdditionalHookInfo.callback(Unknown Source:147)

08-16 06:41:30.496  1556  1852 I LSPosed-Bridge: 	at LSPHooker_.checkPermission(Unknown Source:25)

08-16 06:41:30.496  1556  1852 I LSPosed-Bridge: 	at com.android.server.am.ActivityManagerService$PermissionController.checkPermission(ActivityManagerService.java:9248)

08-16 06:41:30.496  1556  1852 I LSPosed-Bridge: 	at android.os.IPermissionController$Stub.onTransact(IPermissionController.java:56)

08-16 06:41:30.496  1556  1852 I LSPosed-Bridge: 	at android.os.Binder.execTransact(Binder.java:731)

08-16 06:41:30.496   913  9965 W ServiceManager: Permission failure: android.permission.CAMERA from uid=10124 pid=8465

08-16 06:41:30.599  1556  1852 I LSPosed-Bridge: 8465 PermLabel 10124 AMS.checkPermission: Binder.getCallingPid() = 913; uid = 10124; Binder.getCallingUid() = 1047; getNameForUid: null; getPackagesForUid: null; permName: android.permission.CAMERA; type = 1; res = -1; stacktrace=java.lang.Exception

08-16 06:41:30.599  1556  1852 I LSPosed-Bridge: 	at com.example.permlabel.requirePerm$1$2.afterHookedMethod(requirePerm.java:143)

08-16 06:41:30.599  1556  1852 I LSPosed-Bridge: 	at de.robv.android.xposed.XposedBridge$AdditionalHookInfo.callback(Unknown Source:147)

08-16 06:41:30.599  1556  1852 I LSPosed-Bridge: 	at LSPHooker_.checkPermission(Unknown Source:25)

08-16 06:41:30.599  1556  1852 I LSPosed-Bridge: 	at com.android.server.am.ActivityManagerService$PermissionController.checkPermission(ActivityManagerService.java:9248)

08-16 06:41:30.599  1556  1852 I LSPosed-Bridge: 	at android.os.IPermissionController$Stub.onTransact(IPermissionController.java:56)

08-16 06:41:30.599  1556  1852 I LSPosed-Bridge: 	at android.os.Binder.execTransact(Binder.java:731)

08-16 06:41:30.599   913  9965 W ServiceManager: Permission failure: android.permission.CAMERA from uid=10124 pid=8465

08-16 06:41:30.599   913  9965 E CameraService: Permission Denial: can't use the camera pid=8465, uid=10124

08-16 06:41:30.599  8465 12534 W CameraBase: An error occurred while connecting to camera 1: Status(-8): '1: validateClientPermissionsLocked:906: Caller "com.selfcare.diary.mood.tracker.moodpress" (PID 10124, UID 8465) cannot open camera "1" without camera permission'

08-16 06:41:30.701  1556  1852 I LSPosed-Bridge: 8465 PermLabel 10124 AMS.checkPermission: Binder.getCallingPid() = 913; uid = 10124; Binder.getCallingUid() = 1047; getNameForUid: null; getPackagesForUid: null; permName: android.permission.CAMERA; type = 1; res = -1; stacktrace=java.lang.Exception

08-16 06:41:30.701  1556  1852 I LSPosed-Bridge: 	at com.example.permlabel.requirePerm$1$2.afterHookedMethod(requirePerm.java:143)

08-16 06:41:30.701  1556  1852 I LSPosed-Bridge: 	at de.robv.android.xposed.XposedBridge$AdditionalHookInfo.callback(Unknown Source:147)

08-16 06:41:30.701  1556  1852 I LSPosed-Bridge: 	at LSPHooker_.checkPermission(Unknown Source:25)

08-16 06:41:30.701  1556  1852 I LSPosed-Bridge: 	at com.android.server.am.ActivityManagerService$PermissionController.checkPermission(ActivityManagerService.java:9248)

08-16 06:41:30.701  1556  1852 I LSPosed-Bridge: 	at android.os.IPermissionController$Stub.onTransact(IPermissionController.java:56)

08-16 06:41:30.701  1556  1852 I LSPosed-Bridge: 	at android.os.Binder.execTransact(Binder.java:731)

08-16 06:41:30.701   913  9965 W ServiceManager: Permission failure: android.permission.CAMERA from uid=10124 pid=8465

08-16 06:41:30.701   913  9965 E CameraService: Permission Denial: can't use the camera pid=8465, uid=10124

08-16 06:41:30.804  1556  1852 I LSPosed-Bridge: 8465 PermLabel 10124 AMS.checkPermission: Binder.getCallingPid() = 913; uid = 10124; Binder.getCallingUid() = 1047; getNameForUid: null; getPackagesForUid: null; permName: android.permission.CAMERA; type = 1; res = -1; stacktrace=java.lang.Exception

08-16 06:41:30.804  1556  1852 I LSPosed-Bridge: 	at com.example.permlabel.requirePerm$1$2.afterHookedMethod(requirePerm.java:143)

08-16 06:41:30.804  1556  1852 I LSPosed-Bridge: 	at de.robv.android.xposed.XposedBridge$AdditionalHookInfo.callback(Unknown Source:147)

08-16 06:41:30.804  1556  1852 I LSPosed-Bridge: 	at LSPHooker_.checkPermission(Unknown Source:25)

08-16 06:41:30.804  1556  1852 I LSPosed-Bridge: 	at com.android.server.am.ActivityManagerService$PermissionController.checkPermission(ActivityManagerService.java:9248)

08-16 06:41:30.804  1556  1852 I LSPosed-Bridge: 	at android.os.IPermissionController$Stub.onTransact(IPermissionController.java:56)

08-16 06:41:30.804  1556  1852 I LSPosed-Bridge: 	at android.os.Binder.execTransact(Binder.java:731)

08-16 06:41:30.908  1556  1852 I LSPosed-Bridge: 8465 PermLabel 10124 AMS.checkPermission: Binder.getCallingPid() = 913; uid = 10124; Binder.getCallingUid() = 1047; getNameForUid: null; getPackagesForUid: null; permName: android.permission.CAMERA; type = 1; res = -1; stacktrace=java.lang.Exception

08-16 06:41:30.908  1556  1852 I LSPosed-Bridge: 	at com.example.permlabel.requirePerm$1$2.afterHookedMethod(requirePerm.java:143)

08-16 06:41:30.908  1556  1852 I LSPosed-Bridge: 	at de.robv.android.xposed.XposedBridge$AdditionalHookInfo.callback(Unknown Source:147)

08-16 06:41:30.908  1556  1852 I LSPosed-Bridge: 	at LSPHooker_.checkPermission(Unknown Source:25)

08-16 06:41:30.908  1556  1852 I LSPosed-Bridge: 	at com.android.server.am.ActivityManagerService$PermissionController.checkPermission(ActivityManagerService.java:9248)

08-16 06:41:30.908  1556  1852 I LSPosed-Bridge: 	at android.os.IPermissionController$Stub.onTransact(IPermissionController.java:56)

08-16 06:41:30.908  1556  1852 I LSPosed-Bridge: 	at android.os.Binder.execTransact(Binder.java:731)

08-16 06:41:31.012  1556  1852 I LSPosed-Bridge: 8465 PermLabel 10124 AMS.checkPermission: Binder.getCallingPid() = 913; uid = 10124; Binder.getCallingUid() = 1047; getNameForUid: null; getPackagesForUid: null; permName: android.permission.CAMERA; type = 1; res = -1; stacktrace=java.lang.Exception

08-16 06:41:31.012  1556  1852 I LSPosed-Bridge: 	at com.example.permlabel.requirePerm$1$2.afterHookedMethod(requirePerm.java:143)

08-16 06:41:31.012  1556  1852 I LSPosed-Bridge: 	at de.robv.android.xposed.XposedBridge$AdditionalHookInfo.callback(Unknown Source:147)

08-16 06:41:31.012  1556  1852 I LSPosed-Bridge: 	at LSPHooker_.checkPermission(Unknown Source:25)

08-16 06:41:31.012  1556  1852 I LSPosed-Bridge: 	at com.android.server.am.ActivityManagerService$PermissionController.checkPermission(ActivityManagerService.java:9248)

08-16 06:41:31.012  1556  1852 I LSPosed-Bridge: 	at android.os.IPermissionController$Stub.onTransact(IPermissionController.java:56)

08-16 06:41:31.012  1556  1852 I LSPosed-Bridge: 	at android.os.Binder.execTransact(Binder.java:731)

08-16 06:41:31.012   913  9965 W ServiceManager: Permission failure: android.permission.CAMERA from uid=10124 pid=8465

08-16 06:41:31.012   913  9965 E CameraService: Permission Denial: can't use the camera pid=8465, uid=10124

08-16 06:41:31.115  1556  1852 I LSPosed-Bridge: 8465 PermLabel 10124 AMS.checkPermission: Binder.getCallingPid() = 913; uid = 10124; Binder.getCallingUid() = 1047; getNameForUid: null; getPackagesForUid: null; permName: android.permission.CAMERA; type = 1; res = -1; stacktrace=java.lang.Exception

08-16 06:41:31.115  1556  1852 I LSPosed-Bridge: 	at com.example.permlabel.requirePerm$1$2.afterHookedMethod(requirePerm.java:143)

08-16 06:41:31.115  1556  1852 I LSPosed-Bridge: 	at de.robv.android.xposed.XposedBridge$AdditionalHookInfo.callback(Unknown Source:147)

08-16 06:41:31.115  1556  1852 I LSPosed-Bridge: 	at LSPHooker_.checkPermission(Unknown Source:25)

08-16 06:41:31.115  1556  1852 I LSPosed-Bridge: 	at com.android.server.am.ActivityManagerService$PermissionController.checkPermission(ActivityManagerService.java:9248)

08-16 06:41:31.115  1556  1852 I LSPosed-Bridge: 	at android.os.IPermissionController$Stub.onTransact(IPermissionController.java:56)

08-16 06:41:31.115  1556  1852 I LSPosed-Bridge: 	at android.os.Binder.execTransact(Binder.java:731)

08-16 06:41:31.115   913  9965 W ServiceManager: Permission failure: android.permission.CAMERA from uid=10124 pid=8465

08-16 06:41:31.115   913  9965 E CameraService: Permission Denial: can't use the camera pid=8465, uid=10124

08-16 06:41:31.217  1556  1852 I LSPosed-Bridge: 8465 PermLabel 10124 AMS.checkPermission: Binder.getCallingPid() = 913; uid = 10124; Binder.getCallingUid() = 1047; getNameForUid: null; getPackagesForUid: null; permName: android.permission.CAMERA; type = 1; res = -1; stacktrace=java.lang.Exception

08-16 06:41:31.217  1556  1852 I LSPosed-Bridge: 	at com.example.permlabel.requirePerm$1$2.afterHookedMethod(requirePerm.java:143)

08-16 06:41:31.217  1556  1852 I LSPosed-Bridge: 	at de.robv.android.xposed.XposedBridge$AdditionalHookInfo.callback(Unknown Source:147)

08-16 06:41:31.217  1556  1852 I LSPosed-Bridge: 	at LSPHooker_.checkPermission(Unknown Source:25)

08-16 06:41:31.217  1556  1852 I LSPosed-Bridge: 	at com.android.server.am.ActivityManagerService$PermissionController.checkPermission(ActivityManagerService.java:9248)

08-16 06:41:31.217  1556  1852 I LSPosed-Bridge: 	at android.os.IPermissionController$Stub.onTransact(IPermissionController.java:56)

08-16 06:41:31.217  1556  1852 I LSPosed-Bridge: 	at android.os.Binder.execTransact(Binder.java:731)

08-16 06:41:31.217   913  9965 W ServiceManager: Permission failure: android.permission.CAMERA from uid=10124 pid=8465

08-16 06:41:31.217   913  9965 E CameraService: Permission Denial: can't use the camera pid=8465, uid=10124

08-16 06:41:31.353  8465 12534 I LSPosed-Bridge: 8465 PermLabel hookBinder_test 10124 interfaceBinder =android.media.IAudioService; arg0 = 55; arg1 = android.os.Parcel@fe64fe5; arg2 = android.os.Parcel@5b7c75a; arg3 = 0; res = true; stacktrace=java.lang.Exception

08-16 06:41:31.353  8465 12534 I LSPosed-Bridge: 8465 PermLabel hookBinder_test 10124 interfaceBinder =android.media.IAudioService; arg0 = 55; arg1 = android.os.Parcel@fe64fe5; arg2 = android.os.Parcel@5b7c75a; arg3 = 0; res = true; stacktrace=java.lang.Exception

08-16 06:41:31.353  8465 12534 I LSPosed-Bridge: 	at com.example.permlabel.hookBinder_test$1.afterHookedMethod(hookBinder_test.java:68)

08-16 06:41:31.353  8465 12534 I LSPosed-Bridge: 	at com.example.permlabel.hookBinder_test$1.afterHookedMethod(hookBinder_test.java:68)

08-16 06:41:31.353  8465 12534 I LSPosed-Bridge: 	at de.robv.android.xposed.XposedBridge$AdditionalHookInfo.callback(Unknown Source:147)

08-16 06:41:31.353  8465 12534 I LSPosed-Bridge: 	at de.robv.android.xposed.XposedBridge$AdditionalHookInfo.callback(Unknown Source:147)

08-16 06:41:31.353  8465 12534 I LSPosed-Bridge: 	at LSPHooker_.transact(Unknown Source:28)

08-16 06:41:31.353  8465 12534 I LSPosed-Bridge: 	at LSPHooker_.transact(Unknown Source:28)

08-16 06:41:31.353  8465 12534 I LSPosed-Bridge: 	at android.media.IAudioService$Stub$Proxy.isCameraSoundForced(IAudioService.java:1955)

08-16 06:41:31.353  8465 12534 I LSPosed-Bridge: 	at android.media.IAudioService$Stub$Proxy.isCameraSoundForced(IAudioService.java:1955)

08-16 06:41:31.353  8465 12534 I LSPosed-Bridge: 	at android.hardware.Camera.getCameraInfo(Camera.java:348)

08-16 06:41:31.353  8465 12534 I LSPosed-Bridge: 	at android.hardware.Camera.getCameraInfo(Camera.java:348)

08-16 06:41:31.353  8465 12534 I LSPosed-Bridge: 	at java.lang.reflect.Method.invoke(Native Method)

08-16 06:41:31.353  8465 12534 I LSPosed-Bridge: 	at java.lang.reflect.Method.invoke(Native Method)

08-16 06:41:31.353  8465 12534 I LSPosed-Bridge: 	at org.lsposed.lspd.nativebridge.HookBridge.invokeOriginalMethod(Native Method)

08-16 06:41:31.353  8465 12534 I LSPosed-Bridge: 	at org.lsposed.lspd.nativebridge.HookBridge.invokeOriginalMethod(Native Method)

08-16 06:41:31.353  8465 12534 I LSPosed-Bridge: 	at de.robv.android.xposed.XposedBridge$AdditionalHookInfo.callback(Unknown Source:110)

08-16 06:41:31.353  8465 12534 I LSPosed-Bridge: 	at de.robv.android.xposed.XposedBridge$AdditionalHookInfo.callback(Unknown Source:110)

08-16 06:41:31.353  8465 12534 I LSPosed-Bridge: 	at LSPHooker_.getCameraInfo(Unknown Source:15)

08-16 06:41:31.353  8465 12534 I LSPosed-Bridge: 	at LSPHooker_.getCameraInfo(Unknown Source:15)

08-16 06:41:31.353  8465 12534 I LSPosed-Bridge: 	at R74.e(chromium-Monochrome.aab-stable-579016621:6)

08-16 06:41:31.353  8465 12534 I LSPosed-Bridge: 	at R74.e(chromium-Monochrome.aab-stable-579016621:6)

08-16 06:41:31.353  8465 12534 I LSPosed-Bridge: 	at org.chromium.media.VideoCaptureFactory.getDeviceName(chromium-Monochrome.aab-stable-579016621:15)

08-16 06:41:31.353  8465 12534 I LSPosed-Bridge: 	at org.chromium.media.VideoCaptureFactory.getDeviceName(chromium-Monochrome.aab-stable-579016621:15)

08-16 06:41:31.353  8465 12534 I LSPosed-Bridge: 8465 PermLabel 10124 android.permission.CAMERA getCameraInfo args0: 0; args1: android.hardware.Camera$CameraInfo@989f369; res= null; stacktrace=java.lang.Exception

08-16 06:41:31.353  8465 12534 I LSPosed-Bridge: 8465 PermLabel 10124 android.permission.CAMERA getCameraInfo args0: 0; args1: android.hardware.Camera$CameraInfo@989f369; res= null; stacktrace=java.lang.Exception

08-16 06:41:31.353  8465 12534 I LSPosed-Bridge: 	at com.example.permlabel.hookCamera$1.afterHookedMethod(hookCamera.java:21)

08-16 06:41:31.353  8465 12534 I LSPosed-Bridge: 	at com.example.permlabel.hookCamera$1.afterHookedMethod(hookCamera.java:21)

08-16 06:41:31.353  8465 12534 I LSPosed-Bridge: 	at de.robv.android.xposed.XposedBridge$AdditionalHookInfo.callback(Unknown Source:147)

08-16 06:41:31.353  8465 12534 I LSPosed-Bridge: 	at de.robv.android.xposed.XposedBridge$AdditionalHookInfo.callback(Unknown Source:147)

08-16 06:41:31.353  8465 12534 I LSPosed-Bridge: 	at LSPHooker_.getCameraInfo(Unknown Source:15)

08-16 06:41:31.353  8465 12534 I LSPosed-Bridge: 	at LSPHooker_.getCameraInfo(Unknown Source:15)

08-16 06:41:31.353  8465 12534 I LSPosed-Bridge: 	at R74.e(chromium-Monochrome.aab-stable-579016621:6)

08-16 06:41:31.353  8465 12534 I LSPosed-Bridge: 	at R74.e(chromium-Monochrome.aab-stable-579016621:6)

08-16 06:41:31.353  8465 12534 I LSPosed-Bridge: 	at org.chromium.media.VideoCaptureFactory.getDeviceName(chromium-Monochrome.aab-stable-579016621:15)

08-16 06:41:31.353  8465 12534 I LSPosed-Bridge: 	at org.chromium.media.VideoCaptureFactory.getDeviceName(chromium-Monochrome.aab-stable-579016621:15)

08-16 06:41:31.353  8465 12534 I LSPosed-Bridge: 8465 PermLabel 10124 android.permission.CAMERA getCameraInfo args0: 0; args1: android.hardware.Camera$CameraInfo@989f369; res= null; stacktrace=java.lang.Exception

08-16 06:41:31.353  8465 12534 I LSPosed-Bridge: 8465 PermLabel 10124 android.permission.CAMERA getCameraInfo args0: 0; args1: android.hardware.Camera$CameraInfo@989f369; res= null; stacktrace=java.lang.Exception

08-16 06:41:31.353  8465 12534 I LSPosed-Bridge: 	at com.example.permlabel.hookCamera$1.afterHookedMethod(hookCamera.java:21)

08-16 06:41:31.353  8465 12534 I LSPosed-Bridge: 	at com.example.permlabel.hookCamera$1.afterHookedMethod(hookCamera.java:21)

08-16 06:41:31.353  8465 12534 I LSPosed-Bridge: 	at de.robv.android.xposed.XposedBridge$AdditionalHookInfo.callback(Unknown Source:147)

08-16 06:41:31.353  8465 12534 I LSPosed-Bridge: 	at de.robv.android.xposed.XposedBridge$AdditionalHookInfo.callback(Unknown Source:147)

08-16 06:41:31.353  8465 12534 I LSPosed-Bridge: 	at LSPHooker_.getCameraInfo(Unknown Source:15)

08-16 06:41:31.353  8465 12534 I LSPosed-Bridge: 	at LSPHooker_.getCameraInfo(Unknown Source:15)

08-16 06:41:31.353  8465 12534 I LSPosed-Bridge: 	at R74.e(chromium-Monochrome.aab-stable-579016621:6)

08-16 06:41:31.353  8465 12534 I LSPosed-Bridge: 	at R74.e(chromium-Monochrome.aab-stable-579016621:6)

08-16 06:41:31.353  8465 12534 I LSPosed-Bridge: 	at org.chromium.media.VideoCaptureFactory.getDeviceName(chromium-Monochrome.aab-stable-579016621:15)

08-16 06:41:31.353  8465 12534 I LSPosed-Bridge: 	at org.chromium.media.VideoCaptureFactory.getDeviceName(chromium-Monochrome.aab-stable-579016621:15)

08-16 06:41:31.372  8465 12534 I LSPosed-Bridge: 8465 PermLabel hookBinder_test 10124 interfaceBinder =android.media.IAudioService; arg0 = 55; arg1 = android.os.Parcel@fe64fe5; arg2 = android.os.Parcel@5b7c75a; arg3 = 0; res = true; stacktrace=java.lang.Exception

08-16 06:41:31.372  8465 12534 I LSPosed-Bridge: 8465 PermLabel hookBinder_test 10124 interfaceBinder =android.media.IAudioService; arg0 = 55; arg1 = android.os.Parcel@fe64fe5; arg2 = android.os.Parcel@5b7c75a; arg3 = 0; res = true; stacktrace=java.lang.Exception

08-16 06:41:31.372  8465 12534 I LSPosed-Bridge: 	at com.example.permlabel.hookBinder_test$1.afterHookedMethod(hookBinder_test.java:68)

08-16 06:41:31.372  8465 12534 I LSPosed-Bridge: 	at com.example.permlabel.hookBinder_test$1.afterHookedMethod(hookBinder_test.java:68)

08-16 06:41:31.372  8465 12534 I LSPosed-Bridge: 	at de.robv.android.xposed.XposedBridge$AdditionalHookInfo.callback(Unknown Source:147)

08-16 06:41:31.372  8465 12534 I LSPosed-Bridge: 	at de.robv.android.xposed.XposedBridge$AdditionalHookInfo.callback(Unknown Source:147)

08-16 06:41:31.372  8465 12534 I LSPosed-Bridge: 	at LSPHooker_.transact(Unknown Source:28)

08-16 06:41:31.372  8465 12534 I LSPosed-Bridge: 	at LSPHooker_.transact(Unknown Source:28)

08-16 06:41:31.372  8465 12534 I LSPosed-Bridge: 	at android.media.IAudioService$Stub$Proxy.isCameraSoundForced(IAudioService.java:1955)

08-16 06:41:31.372  8465 12534 I LSPosed-Bridge: 	at android.media.IAudioService$Stub$Proxy.isCameraSoundForced(IAudioService.java:1955)

08-16 06:41:31.372  8465 12534 I LSPosed-Bridge: 	at android.hardware.Camera.getCameraInfo(Camera.java:348)

08-16 06:41:31.372  8465 12534 I LSPosed-Bridge: 	at android.hardware.Camera.getCameraInfo(Camera.java:348)

08-16 06:41:31.372  8465 12534 I LSPosed-Bridge: 	at java.lang.reflect.Method.invoke(Native Method)

08-16 06:41:31.372  8465 12534 I LSPosed-Bridge: 	at java.lang.reflect.Method.invoke(Native Method)

08-16 06:41:31.372  8465 12534 I LSPosed-Bridge: 	at org.lsposed.lspd.nativebridge.HookBridge.invokeOriginalMethod(Native Method)

08-16 06:41:31.372  8465 12534 I LSPosed-Bridge: 	at org.lsposed.lspd.nativebridge.HookBridge.invokeOriginalMethod(Native Method)

08-16 06:41:31.372  8465 12534 I LSPosed-Bridge: 	at de.robv.android.xposed.XposedBridge$AdditionalHookInfo.callback(Unknown Source:110)

08-16 06:41:31.372  8465 12534 I LSPosed-Bridge: 	at de.robv.android.xposed.XposedBridge$AdditionalHookInfo.callback(Unknown Source:110)

08-16 06:41:31.372  8465 12534 I LSPosed-Bridge: 	at LSPHooker_.getCameraInfo(Unknown Source:15)

08-16 06:41:31.372  8465 12534 I LSPosed-Bridge: 	at LSPHooker_.getCameraInfo(Unknown Source:15)

08-16 06:41:31.372  8465 12534 I LSPosed-Bridge: 	at R74.e(chromium-Monochrome.aab-stable-579016621:6)

08-16 06:41:31.372  8465 12534 I LSPosed-Bridge: 	at R74.e(chromium-Monochrome.aab-stable-579016621:6)

08-16 06:41:31.372  8465 12534 I LSPosed-Bridge: 	at org.chromium.media.VideoCaptureFactory.getCaptureApiType(chromium-Monochrome.aab-stable-579016621:8)

08-16 06:41:31.372  8465 12534 I LSPosed-Bridge: 	at org.chromium.media.VideoCaptureFactory.getCaptureApiType(chromium-Monochrome.aab-stable-579016621:8)

08-16 06:41:31.372  8465 12534 I LSPosed-Bridge: 8465 PermLabel 10124 android.permission.CAMERA getCameraInfo args0: 0; args1: android.hardware.Camera$CameraInfo@16433b4; res= null; stacktrace=java.lang.Exception

08-16 06:41:31.372  8465 12534 I LSPosed-Bridge: 8465 PermLabel 10124 android.permission.CAMERA getCameraInfo args0: 0; args1: android.hardware.Camera$CameraInfo@16433b4; res= null; stacktrace=java.lang.Exception

08-16 06:41:31.372  8465 12534 I LSPosed-Bridge: 	at com.example.permlabel.hookCamera$1.afterHookedMethod(hookCamera.java:21)

08-16 06:41:31.372  8465 12534 I LSPosed-Bridge: 	at com.example.permlabel.hookCamera$1.afterHookedMethod(hookCamera.java:21)

08-16 06:41:31.372  8465 12534 I LSPosed-Bridge: 	at de.robv.android.xposed.XposedBridge$AdditionalHookInfo.callback(Unknown Source:147)

08-16 06:41:31.372  8465 12534 I LSPosed-Bridge: 	at de.robv.android.xposed.XposedBridge$AdditionalHookInfo.callback(Unknown Source:147)

08-16 06:41:31.372  8465 12534 I LSPosed-Bridge: 	at LSPHooker_.getCameraInfo(Unknown Source:15)

08-16 06:41:31.372  8465 12534 I LSPosed-Bridge: 	at LSPHooker_.getCameraInfo(Unknown Source:15)

