08-11 23:44:10.535  6493  6493 I LSPosed-Bridge: 	at com.google.android.gms.ads.nonagon.ad.nativead.bn.onGlobalLayout(:com.google.android.gms.policy_ads_fdr_dynamite@232400001@232400000057.538171701.538171701:20)

08-11 23:44:10.535  6493  6493 I LSPosed-Bridge: 	at com.google.android.gms.ads.internal.util.weaklisteners.b.onGlobalLayout(:com.google.android.gms.policy_ads_fdr_dynamite@232400001@232400000057.538171701.538171701:11)

08-11 23:44:10.535  6493  6493 I LSPosed-Bridge: 	at android.view.ViewTreeObserver.dispatchOnGlobalLayout(ViewTreeObserver.java:945)

08-11 23:44:10.535  6493  6493 I LSPosed-Bridge: 	at android.view.ViewRootImpl.performTraversals(ViewRootImpl.java:2363)

08-11 23:44:10.535  6493  6493 I LSPosed-Bridge: 	at android.view.ViewRootImpl.doTraversal(ViewRootImpl.java:1465)

08-11 23:44:10.535  6493  6493 I LSPosed-Bridge: 	at android.view.ViewRootImpl$TraversalRunnable.run(ViewRootImpl.java:7205)

08-11 23:44:10.535  6493  6493 I LSPosed-Bridge: 	at android.view.Choreographer$CallbackRecord.run(Choreographer.java:1004)

08-11 23:44:10.535  6493  6493 I LSPosed-Bridge: 	at android.view.Choreographer.doCallbacks(Choreographer.java:816)

08-11 23:44:10.535  6493  6493 I LSPosed-Bridge: 	at android.view.Choreographer.doFrame(Choreographer.java:751)

08-11 23:44:10.535  6493  6493 I LSPosed-Bridge: 	at android.view.Choreographer$FrameDisplayEventReceiver.run(Choreographer.java:990)

08-11 23:44:10.535  6493  6493 I LSPosed-Bridge: 	at android.os.Handler.handleCallback(Handler.java:873)

08-11 23:44:10.535  6493  6493 I LSPosed-Bridge: 	at android.os.Handler.dispatchMessage(Handler.java:99)

08-11 23:44:10.535  6493  6493 I LSPosed-Bridge: 	at android.os.Looper.loop(Looper.java:193)

08-11 23:44:10.535  6493  6493 I LSPosed-Bridge: 	at android.app.ActivityThread.main(ActivityThread.java:6692)

08-11 23:44:10.535  6493  6493 I LSPosed-Bridge: 	at java.lang.reflect.Method.invoke(Native Method)

08-11 23:44:10.535  6493  6493 I LSPosed-Bridge: 	at com.android.internal.os.RuntimeInit$MethodAndArgsCaller.run(RuntimeInit.java:493)

08-11 23:44:10.535  6493  6493 I LSPosed-Bridge: 	at com.android.internal.os.ZygoteInit.main(ZygoteInit.java:858)

08-11 23:44:10.535  6493  6493 I LSPosed-Bridge: 6493 PermLabel getRunningAppProcesses =android.app.ActivityManager$RunningAppProcessInfo@cff78ab

08-11 23:44:10.535  6493  6493 I LSPosed-Bridge: 6493 PermLabel getRunningAppProcesses processName: com.powerful.clean.booster pid: 6493

08-11 23:44:10.535  6493  6493 I LSPosed-Bridge: 6493 PermLabel getRunningAppProcesses importance: 100 pid: 6493

08-11 23:44:10.535  6493  6493 I LSPosed-Bridge: 6493 PermLabel getRunningAppProcesses packageName com.powerful.clean.booster at index 0 in process 6493

08-11 23:44:10.706  6493  6875 I LSPosed-Bridge: 6493 PermLabel hookBinder_test 10117 interfaceBinder =android.content.pm.IPackageManager; arg0 = 3; arg1 = android.os.Parcel@ce75488; arg2 = android.os.Parcel@8cf6d72; arg3 = 0; res = true; stacktrace=java.lang.Exception

08-11 23:44:10.706  6493  6875 I LSPosed-Bridge: 	at com.example.permlabel.hookBinder_test$1.afterHookedMethod(hookBinder_test.java:62)

08-11 23:44:10.706  6493  6875 I LSPosed-Bridge: 	at de.robv.android.xposed.XposedBridge$AdditionalHookInfo.callback(Unknown Source:147)

08-11 23:44:10.706  6493  6875 I LSPosed-Bridge: 	at LSPHooker_.transact(Unknown Source:28)

08-11 23:44:10.706  6493  6875 I LSPosed-Bridge: 	at android.content.pm.IPackageManager$Stub$Proxy.getPackageInfo(IPackageManager.java:2876)

08-11 23:44:10.706  6493  6875 I LSPosed-Bridge: 	at android.app.ApplicationPackageManager.getPackageInfoAsUser(ApplicationPackageManager.java:174)

08-11 23:44:10.706  6493  6875 I LSPosed-Bridge: 	at android.app.ApplicationPackageManager.getPackageInfo(ApplicationPackageManager.java:152)

08-11 23:44:10.706  6493  6875 I LSPosed-Bridge: 	at com.google.android.gms.common.GooglePlayServicesUtilLight.isGooglePlayServicesAvailable(Unknown Source:126)

08-11 23:44:10.706  6493  6875 I LSPosed-Bridge: 	at com.google.android.gms.common.GoogleApiAvailabilityLight.isGooglePlayServicesAvailable(Unknown Source:0)

08-11 23:44:10.706  6493  6875 I LSPosed-Bridge: 	at com.google.android.gms.ads.identifier.AdvertisingIdClient.zzb(Unknown Source:32)

08-11 23:44:10.706  6493  6875 I LSPosed-Bridge: 	at com.google.android.gms.ads.identifier.AdvertisingIdClient.getAdvertisingIdInfo(Unknown Source:16)

08-11 23:44:10.706  6493  6875 I LSPosed-Bridge: 	at ca.d0$b.invokeSuspend(Unknown Source:11)

08-11 23:44:10.706  6493  6875 I LSPosed-Bridge: 	at ca.d0$b.invoke(SourceFile:13)

08-11 23:44:10.706  6493  6875 I LSPosed-Bridge: 	at b3.a.t(SourceFile:5)

08-11 23:44:10.706  6493  6875 I LSPosed-Bridge: 	at e.n.p(SourceFile:72)

08-11 23:44:10.706  6493  6875 I LSPosed-Bridge: 	at ca.d0.f(SourceFile:67)

08-11 23:44:10.706  6493  6875 I LSPosed-Bridge: 	at com.quick.clean.accelerator.analysis.Event$d.a(SourceFile:316)

08-11 23:44:10.706  6493  6875 I LSPosed-Bridge: 	at c9.f.invokeSuspend(SourceFile:52)

08-11 23:44:10.706  6493  6875 I LSPosed-Bridge: 	at ra.a.resumeWith(Unknown Source:8)

08-11 23:44:10.706  6493  6875 I LSPosed-Bridge: 	at fb.i0.run(Unknown Source:100)

08-11 23:44:10.706  6493  6875 I LSPosed-Bridge: 	at kotlinx.coroutines.internal.e.run(Unknown Source:12)

08-11 23:44:10.706  6493  6875 I LSPosed-Bridge: 	at kotlinx.coroutines.scheduling.j.run(Unknown Source:2)

08-11 23:44:10.706  6493  6875 I LSPosed-Bridge: 	at kotlinx.coroutines.scheduling.a$a.run(SourceFile:79)

08-11 23:44:10.706  1513  6708 I LSPosed-Bridge: 6493 PermLabel 10117 AMS.checkPermission: Binder.getCallingPid() = 6493; uid = 10117; Binder.getCallingUid() = 10117; getNameForUid: com.powerful.clean.booster; getPackagesForUid: [com.powerful.clean.booster]; permName: android.permission.GET_TASKS; type = 0; res = -1; stacktrace=java.lang.Exception

08-11 23:44:10.706  1513  6708 I LSPosed-Bridge: 	at com.example.permlabel.requirePerm$1$2.afterHookedMethod(requirePerm.java:131)

08-11 23:44:10.706  1513  6708 I LSPosed-Bridge: 	at de.robv.android.xposed.XposedBridge$AdditionalHookInfo.callback(Unknown Source:147)

08-11 23:44:10.706  1513  6708 I LSPosed-Bridge: 	at LSPHooker_.checkPermission(Unknown Source:25)

08-11 23:44:10.706  1513  6708 I LSPosed-Bridge: 	at com.android.server.am.ActivityManagerService.isGetTasksAllowed(ActivityManagerService.java:10902)

08-11 23:44:10.706  1513  6708 I LSPosed-Bridge: 	at com.android.server.am.ActivityManagerService.getRunningAppProcesses(ActivityManagerService.java:16139)

08-11 23:44:10.706  1513  6708 I LSPosed-Bridge: 	at android.app.IActivityManager$Stub.onTransact(IActivityManager.java:1088)

08-11 23:44:10.706  1513  6708 I LSPosed-Bridge: 	at com.android.server.am.ActivityManagerService.onTransact(ActivityManagerService.java:3346)

08-11 23:44:10.706  1513  6708 I LSPosed-Bridge: 	at android.os.Binder.execTransact(Binder.java:731)

08-11 23:44:13.284  1513  1583 I LSPosed-Bridge: 6493 PermLabel 10117 AMS.checkPermission: Binder.getCallingPid() = 6493; uid = 10117; Binder.getCallingUid() = 10117; getNameForUid: com.powerful.clean.booster; getPackagesForUid: [com.powerful.clean.booster]; permName: android.permission.GET_TASKS; type = 0; res = -1; stacktrace=java.lang.Exception

08-11 23:44:13.284  1513  1583 I LSPosed-Bridge: 	at com.example.permlabel.requirePerm$1$2.afterHookedMethod(requirePerm.java:131)

08-11 23:44:13.284  1513  1583 I LSPosed-Bridge: 	at de.robv.android.xposed.XposedBridge$AdditionalHookInfo.callback(Unknown Source:147)

08-11 23:44:13.284  1513  1583 I LSPosed-Bridge: 	at LSPHooker_.checkPermission(Unknown Source:25)

08-11 23:44:13.284  1513  1583 I LSPosed-Bridge: 	at com.android.server.am.ActivityManagerService.isGetTasksAllowed(ActivityManagerService.java:10902)

08-11 23:44:13.284  1513  1583 I LSPosed-Bridge: 	at com.android.server.am.ActivityManagerService.getRunningAppProcesses(ActivityManagerService.java:16139)

08-11 23:44:13.284  1513  1583 I LSPosed-Bridge: 	at android.app.IActivityManager$Stub.onTransact(IActivityManager.java:1088)

08-11 23:44:13.284  1513  1583 I LSPosed-Bridge: 	at com.android.server.am.ActivityManagerService.onTransact(ActivityManagerService.java:3346)

08-11 23:44:13.284  1513  1583 I LSPosed-Bridge: 	at android.os.Binder.execTransact(Binder.java:731)

08-11 23:44:13.465  1513  9351 I LSPosed-Bridge: 6493 PermLabel 10117 AMS.checkPermission: Binder.getCallingPid() = 6493; uid = 10117; Binder.getCallingUid() = 10117; getNameForUid: com.powerful.clean.booster; getPackagesForUid: [com.powerful.clean.booster]; permName: android.permission.GET_TASKS; type = 0; res = -1; stacktrace=java.lang.Exception

08-11 23:44:13.465  1513  9351 I LSPosed-Bridge: 	at com.example.permlabel.requirePerm$1$2.afterHookedMethod(requirePerm.java:131)

08-11 23:44:13.465  1513  9351 I LSPosed-Bridge: 	at de.robv.android.xposed.XposedBridge$AdditionalHookInfo.callback(Unknown Source:147)

08-11 23:44:13.465  1513  9351 I LSPosed-Bridge: 	at LSPHooker_.checkPermission(Unknown Source:25)

08-11 23:44:13.465  1513  9351 I LSPosed-Bridge: 	at com.android.server.am.ActivityManagerService.isGetTasksAllowed(ActivityManagerService.java:10902)

08-11 23:44:13.465  1513  9351 I LSPosed-Bridge: 	at com.android.server.am.ActivityManagerService.getRunningAppProcesses(ActivityManagerService.java:16139)

08-11 23:44:13.465  1513  9351 I LSPosed-Bridge: 	at android.app.IActivityManager$Stub.onTransact(IActivityManager.java:1088)

08-11 23:44:13.465  1513  9351 I LSPosed-Bridge: 	at com.android.server.am.ActivityManagerService.onTransact(ActivityManagerService.java:3346)

08-11 23:44:13.465  1513  9351 I LSPosed-Bridge: 	at android.os.Binder.execTransact(Binder.java:731)

08-11 23:44:13.633  1513  9351 I LSPosed-Bridge: 6493 PermLabel 10117 AMS.checkPermission: Binder.getCallingPid() = 6493; uid = 10117; Binder.getCallingUid() = 10117; getNameForUid: com.powerful.clean.booster; getPackagesForUid: [com.powerful.clean.booster]; permName: android.permission.GET_TASKS; type = 0; res = -1; stacktrace=java.lang.Exception

08-11 23:44:13.633  1513  9351 I LSPosed-Bridge: 	at com.example.permlabel.requirePerm$1$2.afterHookedMethod(requirePerm.java:131)

08-11 23:44:13.633  1513  9351 I LSPosed-Bridge: 	at de.robv.android.xposed.XposedBridge$AdditionalHookInfo.callback(Unknown Source:147)

08-11 23:44:13.633  1513  9351 I LSPosed-Bridge: 	at LSPHooker_.checkPermission(Unknown Source:25)

08-11 23:44:13.633  1513  9351 I LSPosed-Bridge: 	at com.android.server.am.ActivityManagerService.isGetTasksAllowed(ActivityManagerService.java:10902)

08-11 23:44:13.633  1513  9351 I LSPosed-Bridge: 	at com.android.server.am.ActivityManagerService.getRunningAppProcesses(ActivityManagerService.java:16139)

08-11 23:44:13.633  1513  9351 I LSPosed-Bridge: 	at android.app.IActivityManager$Stub.onTransact(IActivityManager.java:1088)

08-11 23:44:13.633  1513  9351 I LSPosed-Bridge: 	at com.android.server.am.ActivityManagerService.onTransact(ActivityManagerService.java:3346)

08-11 23:44:13.633  1513  9351 I LSPosed-Bridge: 	at android.os.Binder.execTransact(Binder.java:731)

08-11 23:44:18.066  1726  1726 W BatteryMeterDrawableBase: readFile cmd from/sys/class/power_supply/usb/charger_type data -> prop = 0

08-11 23:44:18.066  1726  1726 W BatteryMeterDrawableBase:  isQuickCharging = 0

08-11 23:44:18.066  1513  9928 I LSPosed-Bridge: 6493 PermLabel 10117 AMS.checkPermission: Binder.getCallingPid() = 6493; uid = 10117; Binder.getCallingUid() = 10117; getNameForUid: com.powerful.clean.booster; getPackagesForUid: [com.powerful.clean.booster]; permName: android.permission.GET_TASKS; type = 0; res = -1; stacktrace=java.lang.Exception

08-11 23:44:18.066  1513  9928 I LSPosed-Bridge: 	at com.example.permlabel.requirePerm$1$2.afterHookedMethod(requirePerm.java:131)

08-11 23:44:18.066  1513  9928 I LSPosed-Bridge: 	at de.robv.android.xposed.XposedBridge$AdditionalHookInfo.callback(Unknown Source:147)

08-11 23:44:18.066  1513  9928 I LSPosed-Bridge: 	at LSPHooker_.checkPermission(Unknown Source:25)

08-11 23:44:18.066  1513  9928 I LSPosed-Bridge: 	at com.android.server.am.ActivityManagerService.isGetTasksAllowed(ActivityManagerService.java:10902)

08-11 23:44:18.066  1513  9928 I LSPosed-Bridge: 	at com.android.server.am.ActivityManagerService.getRunningAppProcesses(ActivityManagerService.java:16139)

08-11 23:44:18.066  1513  9928 I LSPosed-Bridge: 	at android.app.IActivityManager$Stub.onTransact(IActivityManager.java:1088)

08-11 23:44:18.066  1513  9928 I LSPosed-Bridge: 	at com.android.server.am.ActivityManagerService.onTransact(ActivityManagerService.java:3346)

08-11 23:44:18.066  1513  9928 I LSPosed-Bridge: 	at android.os.Binder.execTransact(Binder.java:731)

08-11 23:44:18.106  1513  9928 I LSPosed-Bridge: 6493 PermLabel 10117 AMS.checkPermission: Binder.getCallingPid() = 6493; uid = 10117; Binder.getCallingUid() = 10117; getNameForUid: com.powerful.clean.booster; getPackagesForUid: [com.powerful.clean.booster]; permName: android.permission.GET_TASKS; type = 0; res = -1; stacktrace=java.lang.Exception

08-11 23:44:18.106  1513  9928 I LSPosed-Bridge: 	at com.example.permlabel.requirePerm$1$2.afterHookedMethod(requirePerm.java:131)

08-11 23:44:18.106  1513  9928 I LSPosed-Bridge: 	at de.robv.android.xposed.XposedBridge$AdditionalHookInfo.callback(Unknown Source:147)

08-11 23:44:18.106  1513  9928 I LSPosed-Bridge: 	at LSPHooker_.checkPermission(Unknown Source:25)

08-11 23:44:18.106  1513  9928 I LSPosed-Bridge: 	at com.android.server.am.ActivityManagerService.isGetTasksAllowed(ActivityManagerService.java:10902)

08-11 23:44:18.106  1513  9928 I LSPosed-Bridge: 	at com.android.server.am.ActivityManagerService.getRunningAppProcesses(ActivityManagerService.java:16139)

08-11 23:44:18.106  1513  9928 I LSPosed-Bridge: 	at android.app.IActivityManager$Stub.onTransact(IActivityManager.java:1088)

08-11 23:44:18.106  1513  9928 I LSPosed-Bridge: 	at com.android.server.am.ActivityManagerService.onTransact(ActivityManagerService.java:3346)

08-11 23:44:18.106  1513  9928 I LSPosed-Bridge: 	at android.os.Binder.execTransact(Binder.java:731)

08-11 23:44:18.465  6493  7194 I LSPosed-Bridge: 6493 PermLabel hookBinder_test 10117 interfaceBinder =android.net.IConnectivityManager; arg0 = 5; arg1 = android.os.Parcel@7240162; arg2 = android.os.Parcel@77f2aa0; arg3 = 0; res = true; stacktrace=java.lang.Exception

08-11 23:44:18.465  6493  7194 I LSPosed-Bridge: 	at com.example.permlabel.hookBinder_test$1.afterHookedMethod(hookBinder_test.java:62)

08-11 23:44:18.465  6493  7194 I LSPosed-Bridge: 	at de.robv.android.xposed.XposedBridge$AdditionalHookInfo.callback(Unknown Source:147)

08-11 23:44:18.465  6493  7194 I LSPosed-Bridge: 	at LSPHooker_.transact(Unknown Source:28)

08-11 23:44:18.465  6493  7194 I LSPosed-Bridge: 	at android.net.IConnectivityManager$Stub$Proxy.getNetworkInfo(IConnectivityManager.java:1253)

08-11 23:44:18.465  6493  7194 I LSPosed-Bridge: 	at android.net.ConnectivityManager.getNetworkInfo(ConnectivityManager.java:1054)

08-11 23:44:18.465  6493  7194 I LSPosed-Bridge: 	at b1.k.a(SourceFile:20)

08-11 23:44:18.465  6493  7194 I LSPosed-Bridge: 	at ca.d0.h(Unknown Source:13)

08-11 23:44:18.465  6493  7194 I LSPosed-Bridge: 	at com.quick.clean.accelerator.analysis.Event$d.a(SourceFile:394)

08-11 23:44:18.465  6493  7194 I LSPosed-Bridge: 	at c9.i.invokeSuspend(SourceFile:52)

08-11 23:44:18.465  6493  7194 I LSPosed-Bridge: 	at ra.a.resumeWith(Unknown Source:8)

08-11 23:44:18.465  6493  7194 I LSPosed-Bridge: 	at fb.i0.run(Unknown Source:100)

08-11 23:44:18.465  6493  7194 I LSPosed-Bridge: 	at kotlinx.coroutines.internal.e.run(Unknown Source:12)

08-11 23:44:18.465  6493  7194 I LSPosed-Bridge: 	at kotlinx.coroutines.scheduling.j.run(Unknown Source:2)

08-11 23:44:18.465  6493  7194 I LSPosed-Bridge: 	at kotlinx.coroutines.scheduling.a$a.run(SourceFile:79)

08-11 23:44:18.465  1513  9351 I LSPosed-Bridge: 6493 PermLabel 10117 AMS.checkPermission: Binder.getCallingPid() = 6493; uid = 10117; Binder.getCallingUid() = 10117; getNameForUid: com.powerful.clean.booster; getPackagesForUid: [com.powerful.clean.booster]; permName: android.permission.GET_TASKS; type = 0; res = -1; stacktrace=java.lang.Exception

08-11 23:44:18.465  1513  9351 I LSPosed-Bridge: 	at com.example.permlabel.requirePerm$1$2.afterHookedMethod(requirePerm.java:131)

08-11 23:44:18.465  1513  9351 I LSPosed-Bridge: 	at de.robv.android.xposed.XposedBridge$AdditionalHookInfo.callback(Unknown Source:147)

08-11 23:44:18.465  1513  9351 I LSPosed-Bridge: 	at LSPHooker_.checkPermission(Unknown Source:25)

08-11 23:44:18.465  1513  9351 I LSPosed-Bridge: 	at com.android.server.am.ActivityManagerService.isGetTasksAllowed(ActivityManagerService.java:10902)

08-11 23:44:18.465  1513  9351 I LSPosed-Bridge: 	at com.android.server.am.ActivityManagerService.getRunningAppProcesses(ActivityManagerService.java:16139)

08-11 23:44:18.465  1513  9351 I LSPosed-Bridge: 	at android.app.IActivityManager$Stub.onTransact(IActivityManager.java:1088)

08-11 23:44:18.465  1513  9351 I LSPosed-Bridge: 	at com.android.server.am.ActivityManagerService.onTransact(ActivityManagerService.java:3346)

08-11 23:44:18.465  1513  9351 I LSPosed-Bridge: 	at android.os.Binder.execTransact(Binder.java:731)

08-11 23:44:20.657  1513  9351 I LSPosed-Bridge: 6493 PermLabel 10117 AMS.checkPermission: Binder.getCallingPid() = 6493; uid = 10117; Binder.getCallingUid() = 10117; getNameForUid: com.powerful.clean.booster; getPackagesForUid: [com.powerful.clean.booster]; permName: android.permission.GET_TASKS; type = 0; res = -1; stacktrace=java.lang.Exception

08-11 23:44:20.657  1513  9351 I LSPosed-Bridge: 	at com.example.permlabel.requirePerm$1$2.afterHookedMethod(requirePerm.java:131)

08-11 23:44:20.657  1513  9351 I LSPosed-Bridge: 	at de.robv.android.xposed.XposedBridge$AdditionalHookInfo.callback(Unknown Source:147)

08-11 23:44:20.657  1513  9351 I LSPosed-Bridge: 	at LSPHooker_.checkPermission(Unknown Source:25)

08-11 23:44:20.657  1513  9351 I LSPosed-Bridge: 	at com.android.server.am.ActivityManagerService.isGetTasksAllowed(ActivityManagerService.java:10902)

08-11 23:44:20.657  1513  9351 I LSPosed-Bridge: 	at com.android.server.am.ActivityManagerService.getRunningAppProcesses(ActivityManagerService.java:16139)

08-11 23:44:20.657  1513  9351 I LSPosed-Bridge: 	at android.app.IActivityManager$Stub.onTransact(IActivityManager.java:1088)

08-11 23:44:20.657  1513  9351 I LSPosed-Bridge: 	at com.android.server.am.ActivityManagerService.onTransact(ActivityManagerService.java:3346)

08-11 23:44:20.657  1513  9351 I LSPosed-Bridge: 	at android.os.Binder.execTransact(Binder.java:731)

08-11 23:44:20.720  1513  9351 I LSPosed-Bridge: 6493 PermLabel 10117 AMS.checkPermission: Binder.getCallingPid() = 6493; uid = 10117; Binder.getCallingUid() = 10117; getNameForUid: com.powerful.clean.booster; getPackagesForUid: [com.powerful.clean.booster]; permName: android.permission.GET_TASKS; type = 0; res = -1; stacktrace=java.lang.Exception

08-11 23:44:20.720  1513  9351 I LSPosed-Bridge: 	at com.example.permlabel.requirePerm$1$2.afterHookedMethod(requirePerm.java:131)

08-11 23:44:20.720  1513  9351 I LSPosed-Bridge: 	at de.robv.android.xposed.XposedBridge$AdditionalHookInfo.callback(Unknown Source:147)

08-11 23:44:20.720  1513  9351 I LSPosed-Bridge: 	at LSPHooker_.checkPermission(Unknown Source:25)

08-11 23:44:20.720  1513  9351 I LSPosed-Bridge: 	at com.android.server.am.ActivityManagerService.isGetTasksAllowed(ActivityManagerService.java:10902)

08-11 23:44:20.720  1513  9351 I LSPosed-Bridge: 	at com.android.server.am.ActivityManagerService.getRunningAppProcesses(ActivityManagerService.java:16139)

08-11 23:44:20.720  1513  9351 I LSPosed-Bridge: 	at android.app.IActivityManager$Stub.onTransact(IActivityManager.java:1088)

08-11 23:44:20.720  1513  9351 I LSPosed-Bridge: 	at com.android.server.am.ActivityManagerService.onTransact(ActivityManagerService.java:3346)

08-11 23:44:20.720  1513  9351 I LSPosed-Bridge: 	at android.os.Binder.execTransact(Binder.java:731)

08-11 23:44:24.609  1513  1583 I LSPosed-Bridge: 6493 PermLabel 10117 AMS.checkPermission: Binder.getCallingPid() = 6493; uid = 10117; Binder.getCallingUid() = 10117; getNameForUid: com.powerful.clean.booster; getPackagesForUid: [com.powerful.clean.booster]; permName: android.permission.GET_TASKS; type = 0; res = -1; stacktrace=java.lang.Exception

08-11 23:44:24.609  1513  1583 I LSPosed-Bridge: 	at com.example.permlabel.requirePerm$1$2.afterHookedMethod(requirePerm.java:131)

08-11 23:44:24.609  1513  1583 I LSPosed-Bridge: 	at de.robv.android.xposed.XposedBridge$AdditionalHookInfo.callback(Unknown Source:147)

08-11 23:44:24.609  1513  1583 I LSPosed-Bridge: 	at LSPHooker_.checkPermission(Unknown Source:25)

08-11 23:44:24.609  1513  1583 I LSPosed-Bridge: 	at com.android.server.am.ActivityManagerService.isGetTasksAllowed(ActivityManagerService.java:10902)

08-11 23:44:24.609  1513  1583 I LSPosed-Bridge: 	at com.android.server.am.ActivityManagerService.getRunningAppProcesses(ActivityManagerService.java:16139)

08-11 23:44:24.609  1513  1583 I LSPosed-Bridge: 	at android.app.IActivityManager$Stub.onTransact(IActivityManager.java:1088)

08-11 23:44:24.609  1513  1583 I LSPosed-Bridge: 	at com.android.server.am.ActivityManagerService.onTransact(ActivityManagerService.java:3346)

08-11 23:44:24.609  1513  1583 I LSPosed-Bridge: 	at android.os.Binder.execTransact(Binder.java:731)

08-11 23:44:24.662  6493 27251 I LSPosed-Bridge: 6493 PermLabel hookBinder_test 10117 interfaceBinder =android.os.INetworkManagementService; arg0 = 51; arg1 = android.os.Parcel@c08ece1; arg2 = android.os.Parcel@d23b4f7; arg3 = 0; res = true; stacktrace=java.lang.Exception

08-11 23:44:24.662  6493 27251 I LSPosed-Bridge: 	at com.example.permlabel.hookBinder_test$1.afterHookedMethod(hookBinder_test.java:62)

08-11 23:44:24.662  6493 27251 I LSPosed-Bridge: 	at de.robv.android.xposed.XposedBridge$AdditionalHookInfo.callback(Unknown Source:147)

08-11 23:44:24.662  6493 27251 I LSPosed-Bridge: 	at LSPHooker_.transact(Unknown Source:28)

08-11 23:44:24.662  6493 27251 I LSPosed-Bridge: 	at android.os.INetworkManagementService$Stub$Proxy.setUidCleartextNetworkPolicy(INetworkManagementService.java:2021)

08-11 23:44:24.662  6493 27251 I LSPosed-Bridge: 	at android.os.StrictMode.setVmPolicy(StrictMode.java:1882)

08-11 23:44:24.662  6493 27251 I LSPosed-Bridge: 	at aoc.d(:com.google.android.gms.policy_ads_fdr_dynamite@232400001@232400000057.538171701.538171701:180)

08-11 23:44:24.662  6493 27251 I LSPosed-Bridge: 	at anl.J(:com.google.android.gms.policy_ads_fdr_dynamite@232400001@232400000057.538171701.538171701:213)

08-11 23:44:24.662  6493 27251 I LSPosed-Bridge: 	at anl.j(:com.google.android.gms.policy_ads_fdr_dynamite@232400001@232400000057.538171701.538171701:5)

08-11 23:44:24.662  6493 27251 I LSPosed-Bridge: 	at anl.y(:com.google.android.gms.policy_ads_fdr_dynamite@232400001@232400000057.538171701.538171701:11)

08-11 23:44:24.662  6493 27251 I LSPosed-Bridge: 	at com.google.android.gms.ads.nonagon.load.al.c(:com.google.android.gms.policy_ads_fdr_dynamite@232400001@232400000057.538171701.538171701:3)

08-11 23:44:24.662  6493 27251 I LSPosed-Bridge: 	at com.google.android.gms.ads.nonagon.load.b.call(:com.google.android.gms.policy_ads_fdr_dynamite@232400001@232400000057.538171701.538171701:23)

08-11 23:44:24.662  6493 27251 I LSPosed-Bridge: 	at btb.a(:com.google.android.gms.policy_ads_fdr_dynamite@232400001@232400000057.538171701.538171701:3)

08-11 23:44:24.662  6493 27251 I LSPosed-Bridge: 	at bsj.run(:com.google.android.gms.policy_ads_fdr_dynamite@232400001@232400000057.538171701.538171701:21)

08-11 23:44:24.662  6493 27251 I LSPosed-Bridge: 	at btc.run(:com.google.android.gms.policy_ads_fdr_dynamite@232400001@232400000057.538171701.538171701:5)

08-11 23:44:24.662  6493 27251 I LSPosed-Bridge: 	at java.util.concurrent.ThreadPoolExecutor.runWorker(ThreadPoolExecutor.java:1167)

08-11 23:44:24.662  6493 27251 I LSPosed-Bridge: 	at java.util.concurrent.ThreadPoolExecutor$Worker.run(ThreadPoolExecutor.java:641)

08-11 23:44:24.662  6493 27251 I LSPosed-Bridge: 	at java.lang.Thread.run(Thread.java:764)

08-11 23:44:24.662  1513  6708 I LSPosed-Bridge: 6493 PermLabel 10117 AMS.checkPermission: Binder.getCallingPid() = 6493; uid = 10117; Binder.getCallingUid() = 10117; getNameForUid: com.powerful.clean.booster; getPackagesForUid: [com.powerful.clean.booster]; permName: android.permission.GET_TASKS; type = 0; res = -1; stacktrace=java.lang.Exception

08-11 23:44:24.662  1513  6708 I LSPosed-Bridge: 	at com.example.permlabel.requirePerm$1$2.afterHookedMethod(requirePerm.java:131)

08-11 23:44:24.662  1513  6708 I LSPosed-Bridge: 	at de.robv.android.xposed.XposedBridge$AdditionalHookInfo.callback(Unknown Source:147)

08-11 23:44:24.662  1513  6708 I LSPosed-Bridge: 	at LSPHooker_.checkPermission(Unknown Source:25)

08-11 23:44:24.662  1513  6708 I LSPosed-Bridge: 	at com.android.server.am.ActivityManagerService.isGetTasksAllowed(ActivityManagerService.java:10902)

08-11 23:44:24.662  1513  6708 I LSPosed-Bridge: 	at com.android.server.am.ActivityManagerService.getRunningAppProcesses(ActivityManagerService.java:16139)

08-11 23:44:24.662  1513  6708 I LSPosed-Bridge: 	at android.app.IActivityManager$Stub.onTransact(IActivityManager.java:1088)

08-11 23:44:24.662  1513  6708 I LSPosed-Bridge: 	at com.android.server.am.ActivityManagerService.onTransact(ActivityManagerService.java:3346)

08-11 23:44:24.662  1513  6708 I LSPosed-Bridge: 	at android.os.Binder.execTransact(Binder.java:731)

08-11 23:44:24.662   554   554 I ConfigStore: android::hardware::configstore::V1_0::ISurfaceFlingerConfigs::hasHDRDisplay retrieved: 0

08-11 23:44:24.916  6493  6752 I LSPosed-Bridge: 6493 PermLabel hookBinder_test 10117 interfaceBinder =android.hardware.display.IDisplayManager; arg0 = 1; arg1 = android.os.Parcel@4df886a; arg2 = android.os.Parcel@e4336da; arg3 = 0; res = true; stacktrace=java.lang.Exception

08-11 23:44:24.916  6493  6752 I LSPosed-Bridge: 	at com.example.permlabel.hookBinder_test$1.afterHookedMethod(hookBinder_test.java:62)

08-11 23:44:24.916  6493  6752 I LSPosed-Bridge: 	at de.robv.android.xposed.XposedBridge$AdditionalHookInfo.callback(Unknown Source:147)

08-11 23:44:24.916  6493  6752 I LSPosed-Bridge: 	at LSPHooker_.transact(Unknown Source:28)

08-11 23:44:24.916  6493  6752 I LSPosed-Bridge: 	at android.hardware.display.IDisplayManager$Stub$Proxy.getDisplayInfo(IDisplayManager.java:404)

08-11 23:44:24.916  6493  6752 I LSPosed-Bridge: 	at android.hardware.display.DisplayManagerGlobal.getDisplayInfo(DisplayManagerGlobal.java:124)

08-11 23:44:24.916  6493  6752 I LSPosed-Bridge: 	at android.view.Display.updateDisplayInfoLocked(Display.java:1046)

08-11 23:44:24.916  6493  6752 I LSPosed-Bridge: 	at android.view.Display.getMetrics(Display.java:961)

08-11 23:44:24.916  6493  6752 I LSPosed-Bridge: 	at com.facebook.internal.d0.J(SourceFile:367)

08-11 23:44:24.916  6493  6752 I LSPosed-Bridge: 	at n2.f.a(SourceFile:283)

08-11 23:44:24.916  6493  6752 I LSPosed-Bridge: 	at com.facebook.appevents.t.f(SourceFile:14)

08-11 23:44:24.916  6493  6752 I LSPosed-Bridge: 	at com.facebook.appevents.t.e(SourceFile:122)

08-11 23:44:24.916  6493  6752 I LSPosed-Bridge: 	at com.facebook.appevents.f.b(SourceFile:102)

08-11 23:44:24.916  6493  6752 I LSPosed-Bridge: 	at com.facebook.appevents.f.c(Unknown Source:54)

08-11 23:44:24.916  6493  6752 I LSPosed-Bridge: 	at com.facebook.appevents.f.f(SourceFile:26)

08-11 23:44:24.916  6493  6752 I LSPosed-Bridge: 	at com.facebook.appevents.f.e(SourceFile:26)

08-11 23:44:24.916  6493  6752 I LSPosed-Bridge: 	at com.facebook.appevents.g.run(Unknown Source:9)

08-11 23:44:24.916  6493  6752 I LSPosed-Bridge: 	at java.util.concurrent.Executors$RunnableAdapter.call(Executors.java:458)

08-11 23:44:24.916  6493  6752 I LSPosed-Bridge: 	at java.util.concurrent.FutureTask.run(FutureTask.java:266)

08-11 23:44:24.916  6493  6752 I LSPosed-Bridge: 	at java.util.concurrent.ScheduledThreadPoolExecutor$ScheduledFutureTask.run(ScheduledThreadPoolExecutor.java:301)

08-11 23:44:24.916  6493  6752 I LSPosed-Bridge: 	at java.util.concurrent.ThreadPoolExecutor.runWorker(ThreadPoolExecutor.java:1167)

08-11 23:44:24.916  6493  6752 I LSPosed-Bridge: 	at java.util.concurrent.ThreadPoolExecutor$Worker.run(ThreadPoolExecutor.java:641)

08-11 23:44:24.916  6493  6752 I LSPosed-Bridge: 	at java.lang.Thread.run(Thread.java:764)

08-11 23:44:24.916  1513  9351 I LSPosed-Bridge: 6493 PermLabel 10117 AMS.checkPermission: Binder.getCallingPid() = 6493; uid = 10117; Binder.getCallingUid() = 10117; getNameForUid: com.powerful.clean.booster; getPackagesForUid: [com.powerful.clean.booster]; permName: android.permission.GET_TASKS; type = 0; res = -1; stacktrace=java.lang.Exception

08-11 23:44:24.916  1513  9351 I LSPosed-Bridge: 	at com.example.permlabel.requirePerm$1$2.afterHookedMethod(requirePerm.java:131)

08-11 23:44:24.916  1513  9351 I LSPosed-Bridge: 	at de.robv.android.xposed.XposedBridge$AdditionalHookInfo.callback(Unknown Source:147)

08-11 23:44:24.916  1513  9351 I LSPosed-Bridge: 	at LSPHooker_.checkPermission(Unknown Source:25)

08-11 23:44:24.916  1513  9351 I LSPosed-Bridge: 	at com.android.server.am.ActivityManagerService.isGetTasksAllowed(ActivityManagerService.java:10902)

08-11 23:44:24.916  1513  9351 I LSPosed-Bridge: 	at com.android.server.am.ActivityManagerService.getRunningAppProcesses(ActivityManagerService.java:16139)

08-11 23:44:24.916  1513  9351 I LSPosed-Bridge: 	at android.app.IActivityManager$Stub.onTransact(IActivityManager.java:1088)

08-11 23:44:24.916  1513  9351 I LSPosed-Bridge: 	at com.android.server.am.ActivityManagerService.onTransact(ActivityManagerService.java:3346)

08-11 23:44:24.916  1513  9351 I LSPosed-Bridge: 	at android.os.Binder.execTransact(Binder.java:731)

08-11 23:44:27.454  1513  1582 I LSPosed-Bridge: 6493 PermLabel 10117 AMS.checkPermission: Binder.getCallingPid() = 6493; uid = 10117; Binder.getCallingUid() = 10117; getNameForUid: com.powerful.clean.booster; getPackagesForUid: [com.powerful.clean.booster]; permName: android.permission.GET_TASKS; type = 0; res = -1; stacktrace=java.lang.Exception

08-11 23:44:27.454  1513  1582 I LSPosed-Bridge: 	at com.example.permlabel.requirePerm$1$2.afterHookedMethod(requirePerm.java:131)

08-11 23:44:27.454  1513  1582 I LSPosed-Bridge: 	at de.robv.android.xposed.XposedBridge$AdditionalHookInfo.callback(Unknown Source:147)

08-11 23:44:27.454  1513  1582 I LSPosed-Bridge: 	at LSPHooker_.checkPermission(Unknown Source:25)

08-11 23:44:27.454  1513  1582 I LSPosed-Bridge: 	at com.android.server.am.ActivityManagerService.isGetTasksAllowed(ActivityManagerService.java:10902)

08-11 23:44:27.454  1513  1582 I LSPosed-Bridge: 	at com.android.server.am.ActivityManagerService.getRunningAppProcesses(ActivityManagerService.java:16139)

08-11 23:44:27.454  1513  1582 I LSPosed-Bridge: 	at android.app.IActivityManager$Stub.onTransact(IActivityManager.java:1088)

08-11 23:44:27.454  1513  1582 I LSPosed-Bridge: 	at com.android.server.am.ActivityManagerService.onTransact(ActivityManagerService.java:3346)

08-11 23:44:27.454  1513  1582 I LSPosed-Bridge: 	at android.os.Binder.execTransact(Binder.java:731)

08-11 23:44:27.498  1513  6708 I LSPosed-Bridge: 6493 PermLabel 10117 AMS.checkPermission: Binder.getCallingPid() = 6493; uid = 10117; Binder.getCallingUid() = 10117; getNameForUid: com.powerful.clean.booster; getPackagesForUid: [com.powerful.clean.booster]; permName: android.permission.GET_TASKS; type = 0; res = -1; stacktrace=java.lang.Exception

08-11 23:44:27.498  1513  6708 I LSPosed-Bridge: 	at com.example.permlabel.requirePerm$1$2.afterHookedMethod(requirePerm.java:131)

08-11 23:44:27.498  1513  6708 I LSPosed-Bridge: 	at de.robv.android.xposed.XposedBridge$AdditionalHookInfo.callback(Unknown Source:147)

08-11 23:44:27.498  1513  6708 I LSPosed-Bridge: 	at LSPHooker_.checkPermission(Unknown Source:25)

08-11 23:44:27.498  1513  6708 I LSPosed-Bridge: 	at com.android.server.am.ActivityManagerService.isGetTasksAllowed(ActivityManagerService.java:10902)

08-11 23:44:27.498  1513  6708 I LSPosed-Bridge: 	at com.android.server.am.ActivityManagerService.getRunningAppProcesses(ActivityManagerService.java:16139)

08-11 23:44:27.498  1513  6708 I LSPosed-Bridge: 	at android.app.IActivityManager$Stub.onTransact(IActivityManager.java:1088)

08-11 23:44:27.498  1513  6708 I LSPosed-Bridge: 	at com.android.server.am.ActivityManagerService.onTransact(ActivityManagerService.java:3346)

08-11 23:44:27.498  1513  6708 I LSPosed-Bridge: 	at android.os.Binder.execTransact(Binder.java:731)

08-11 23:44:30.122  1513  9928 I LSPosed-Bridge: 6493 PermLabel 10117 AMS.checkPermission: Binder.getCallingPid() = 6493; uid = 10117; Binder.getCallingUid() = 10117; getNameForUid: com.powerful.clean.booster; getPackagesForUid: [com.powerful.clean.booster]; permName: android.permission.GET_TASKS; type = 0; res = -1; stacktrace=java.lang.Exception

08-11 23:44:30.122  1513  9928 I LSPosed-Bridge: 	at com.example.permlabel.requirePerm$1$2.afterHookedMethod(requirePerm.java:131)

08-11 23:44:30.122  1513  9928 I LSPosed-Bridge: 	at de.robv.android.xposed.XposedBridge$AdditionalHookInfo.callback(Unknown Source:147)

08-11 23:44:30.122  1513  9928 I LSPosed-Bridge: 	at LSPHooker_.checkPermission(Unknown Source:25)

08-11 23:44:30.122  1513  9928 I LSPosed-Bridge: 	at com.android.server.am.ActivityManagerService.isGetTasksAllowed(ActivityManagerService.java:10902)

08-11 23:44:30.122  1513  9928 I LSPosed-Bridge: 	at com.android.server.am.ActivityManagerService.getRunningAppProcesses(ActivityManagerService.java:16139)

08-11 23:44:30.122  1513  9928 I LSPosed-Bridge: 	at android.app.IActivityManager$Stub.onTransact(IActivityManager.java:1088)

08-11 23:44:30.122  1513  9928 I LSPosed-Bridge: 	at com.android.server.am.ActivityManagerService.onTransact(ActivityManagerService.java:3346)

08-11 23:44:30.122  1513  9928 I LSPosed-Bridge: 	at android.os.Binder.execTransact(Binder.java:731)

08-11 23:44:30.122  6493 26735 I LSPosed-Bridge: 6493 PermLabel hookBinder_test 10117 interfaceBinder =android.content.IBulkCursor; arg0 = 7; arg1 = android.os.Parcel@c7b01ea; arg2 = android.os.Parcel@b0e1821; arg3 = 0; res = true; stacktrace=java.lang.Exception

08-11 23:44:30.122  6493 26735 I LSPosed-Bridge: 	at com.example.permlabel.hookBinder_test$1.afterHookedMethod(hookBinder_test.java:62)

08-11 23:44:30.122  6493 26735 I LSPosed-Bridge: 	at de.robv.android.xposed.XposedBridge$AdditionalHookInfo.callback(Unknown Source:147)

08-11 23:44:30.122  6493 26735 I LSPosed-Bridge: 	at LSPHooker_.transact(Unknown Source:28)

08-11 23:44:30.122  6493 26735 I LSPosed-Bridge: 	at android.database.BulkCursorProxy.close(BulkCursorNative.java:214)

08-11 23:44:30.122  6493 26735 I LSPosed-Bridge: 	at android.database.BulkCursorToCursorAdaptor.close(BulkCursorToCursorAdaptor.java:121)

08-11 23:44:30.122  6493 26735 I LSPosed-Bridge: 	at android.database.CursorWrapper.close(CursorWrapper.java:50)

08-11 23:44:30.122  6493 26735 I LSPosed-Bridge: 	at android.content.ContentResolver$CursorWrapperInner.close(ContentResolver.java:2997)

08-11 23:44:30.122  6493 26735 I LSPosed-Bridge: 	at aqs.i(:com.google.android.gms.policy_ads_fdr_dynamite@232400001@232400000057.538171701.538171701:167)

08-11 23:44:30.122  6493 26735 I LSPosed-Bridge: 	at aqs.c(:com.google.android.gms.policy_ads_fdr_dynamite@232400001@232400000057.538171701.538171701:233)

08-11 23:44:30.122  6493 26735 I LSPosed-Bridge: 	at com.google.android.gms.ads.internal.util.client.q.a(:com.google.android.gms.policy_ads_fdr_dynamite@232400001@232400000057.538171701.538171701:2)

08-11 23:44:30.122  6493 26735 I LSPosed-Bridge: 	at com.google.android.gms.ads.nonagon.signals.fa.call(:com.google.android.gms.policy_ads_fdr_dynamite@232400001@232400000057.538171701.538171701:54)

08-11 23:44:30.122  6493 26735 I LSPosed-Bridge: 	at btb.a(:com.google.android.gms.policy_ads_fdr_dynamite@232400001@232400000057.538171701.538171701:3)

08-11 23:44:30.122  6493 26735 I LSPosed-Bridge: 	at bsj.run(:com.google.android.gms.policy_ads_fdr_dynamite@232400001@232400000057.538171701.538171701:21)

08-11 23:44:30.122  6493 26735 I LSPosed-Bridge: 	at btc.run(:com.google.android.gms.policy_ads_fdr_dynamite@232400001@232400000057.538171701.538171701:5)

08-11 23:44:30.122  6493 26735 I LSPosed-Bridge: 	at java.util.concurrent.ThreadPoolExecutor.runWorker(ThreadPoolExecutor.java:1167)

08-11 23:44:30.122  6493 26735 I LSPosed-Bridge: 	at java.util.concurrent.ThreadPoolExecutor$Worker.run(ThreadPoolExecutor.java:641)

08-11 23:44:30.122  6493 26735 I LSPosed-Bridge: 	at java.lang.Thread.run(Thread.java:764)

08-11 23:44:30.286  1513  9928 I LSPosed-Bridge: 6493 PermLabel 10117 AMS.checkPermission: Binder.getCallingPid() = 6493; uid = 10117; Binder.getCallingUid() = 10117; getNameForUid: com.powerful.clean.booster; getPackagesForUid: [com.powerful.clean.booster]; permName: android.permission.GET_TASKS; type = 0; res = -1; stacktrace=java.lang.Exception

08-11 23:44:30.286  1513  9928 I LSPosed-Bridge: 	at com.example.permlabel.requirePerm$1$2.afterHookedMethod(requirePerm.java:131)

08-11 23:44:30.286  1513  9928 I LSPosed-Bridge: 	at de.robv.android.xposed.XposedBridge$AdditionalHookInfo.callback(Unknown Source:147)

08-11 23:44:30.286  1513  9928 I LSPosed-Bridge: 	at LSPHooker_.checkPermission(Unknown Source:25)

08-11 23:44:30.286  1513  9928 I LSPosed-Bridge: 	at com.android.server.am.ActivityManagerService.isGetTasksAllowed(ActivityManagerService.java:10902)

08-11 23:44:30.286  1513  9928 I LSPosed-Bridge: 	at com.android.server.am.ActivityManagerService.getRunningAppProcesses(ActivityManagerService.java:16139)

08-11 23:44:30.286  1513  9928 I LSPosed-Bridge: 	at android.app.IActivityManager$Stub.onTransact(IActivityManager.java:1088)

08-11 23:44:30.286  1513  9928 I LSPosed-Bridge: 	at com.android.server.am.ActivityManagerService.onTransact(ActivityManagerService.java:3346)

08-11 23:44:30.286  1513  9928 I LSPosed-Bridge: 	at android.os.Binder.execTransact(Binder.java:731)

08-11 23:44:30.286  6493  6493 I LSPosed-Bridge: 6493 PermLabel hookBinder_test 10117 interfaceBinder =android.app.IActivityManager; arg0 = 81; arg1 = android.os.Parcel@9f3118a; arg2 = android.os.Parcel@d150c1b; arg3 = 0; res = true; stacktrace=java.lang.Exception

08-11 23:44:30.286  6493  6493 I LSPosed-Bridge: 	at com.example.permlabel.hookBinder_test$1.afterHookedMethod(hookBinder_test.java:62)

08-11 23:44:30.286  6493  6493 I LSPosed-Bridge: 	at de.robv.android.xposed.XposedBridge$AdditionalHookInfo.callback(Unknown Source:147)

08-11 23:44:30.286  6493  6493 I LSPosed-Bridge: 	at LSPHooker_.transact(Unknown Source:28)

08-11 23:44:30.286  6493  6493 I LSPosed-Bridge: 	at android.app.IActivityManager$Stub$Proxy.getRunningAppProcesses(IActivityManager.java:5366)

08-11 23:44:30.286  6493  6493 I LSPosed-Bridge: 	at android.app.ActivityManager.getRunningAppProcesses(ActivityManager.java:3435)

08-11 23:44:30.286  6493  6493 I LSPosed-Bridge: 	at java.lang.reflect.Method.invoke(Native Method)

08-11 23:44:30.286  6493  6493 I LSPosed-Bridge: 	at org.lsposed.lspd.nativebridge.HookBridge.invokeOriginalMethod(Native Method)

08-11 23:44:30.286  6493  6493 I LSPosed-Bridge: 	at de.robv.android.xposed.XposedBridge$AdditionalHookInfo.callback(Unknown Source:110)

08-11 23:44:30.286  6493  6493 I LSPosed-Bridge: 	at LSPHooker_.getRunningAppProcesses(Unknown Source:8)

08-11 23:44:30.286  6493  6493 I LSPosed-Bridge: 	at com.google.ccc.abuse.droidguard.DroidGuard.xssNative(Native Method)

08-11 23:44:30.286  6493  6493 I LSPosed-Bridge: 	at com.google.ccc.abuse.droidguard.DroidGuard.xss(DroidGuard.java:542)

08-11 23:44:30.286  6493  6493 I LSPosed-Bridge: 	at java.lang.reflect.Method.invoke(Native Method)

08-11 23:44:30.286  6493  6493 I LSPosed-Bridge: 	at asd.j(:com.google.android.gms.policy_ads_fdr_dynamite@232400001@232400000057.538171701.538171701:40)

08-11 23:44:30.286  6493  6493 I LSPosed-Bridge: 	at asd.e(:com.google.android.gms.policy_ads_fdr_dynamite@232400001@232400000057.538171701.538171701:49)

08-11 23:44:30.286  6493  6493 I LSPosed-Bridge: 	at aef.h(:com.google.android.gms.policy_ads_fdr_dynamite@232400001@232400000057.538171701.538171701:38)

08-11 23:44:30.286  6493  6493 I LSPosed-Bridge: 	at com.google.android.gms.ads.internal.i.h(:com.google.android.gms.policy_ads_fdr_dynamite@232400001@232400000057.538171701.538171701:48)

08-11 23:44:30.286  6493  6493 I LSPosed-Bridge: 	at com.google.android.gms.ads.nonagon.ad.nativead.q.n(:com.google.android.gms.policy_ads_fdr_dynamite@232400001@232400000057.538171701.538171701:46)

08-11 23:44:30.286  6493  6493 I LSPosed-Bridge: 	at com.google.android.gms.ads.nonagon.ad.nativead.an.M(:com.google.android.gms.policy_ads_fdr_dynamite@232400001@232400000057.538171701.538171701:172)

08-11 23:44:30.286  6493  6493 I LSPosed-Bridge: 	at com.google.android.gms.ads.nonagon.ad.nativead.an.k(:com.google.android.gms.policy_ads_fdr_dynamite@232400001@232400000057.538171701.538171701:227)

08-11 23:44:30.286  6493  6493 I LSPosed-Bridge: 	at com.google.android.gms.ads.nonagon.ad.nativead.bn.onGlobalLayout(:com.google.android.gms.policy_ads_fdr_dynamite@232400001@232400000057.538171701.538171701:20)

08-11 23:44:30.286  6493  6493 I LSPosed-Bridge: 	at com.google.android.gms.ads.internal.util.weaklisteners.b.onGlobalLayout(:com.google.android.gms.policy_ads_fdr_dynamite@232400001@232400000057.538171701.538171701:11)

08-11 23:44:30.286  6493  6493 I LSPosed-Bridge: 	at android.view.ViewTreeObserver.dispatchOnGlobalLayout(ViewTreeObserver.java:945)

08-11 23:44:30.286  6493  6493 I LSPosed-Bridge: 	at android.view.ViewRootImpl.performTraversals(ViewRootImpl.java:2363)

08-11 23:44:30.286  6493  6493 I LSPosed-Bridge: 	at android.view.ViewRootImpl.doTraversal(ViewRootImpl.java:1465)

08-11 23:44:30.286  6493  6493 I LSPosed-Bridge: 	at android.view.ViewRootImpl$TraversalRunnable.run(ViewRootImpl.java:7205)

08-11 23:44:30.286  6493  6493 I LSPosed-Bridge: 	at android.view.Choreographer$CallbackRecord.run(Choreographer.java:1004)

08-11 23:44:30.286  6493  6493 I LSPosed-Bridge: 	at android.view.Choreographer.doCallbacks(Choreographer.java:816)

08-11 23:44:30.286  6493  6493 I LSPosed-Bridge: 	at android.view.Choreographer.doFrame(Choreographer.java:751)

08-11 23:44:30.286  6493  6493 I LSPosed-Bridge: 	at android.view.Choreographer$FrameDisplayEventReceiver.run(Choreographer.java:990)

08-11 23:44:30.286  6493  6493 I LSPosed-Bridge: 	at android.os.Handler.handleCallback(Handler.java:873)

08-11 23:44:30.286  6493  6493 I LSPosed-Bridge: 	at android.os.Handler.dispatchMessage(Handler.java:99)

08-11 23:44:30.286  6493  6493 I LSPosed-Bridge: 	at android.os.Looper.loop(Looper.java:193)

08-11 23:44:30.286  6493  6493 I LSPosed-Bridge: 	at android.app.ActivityThread.main(ActivityThread.java:6692)

08-11 23:44:30.286  6493  6493 I LSPosed-Bridge: 	at java.lang.reflect.Method.invoke(Native Method)

08-11 23:44:30.286  6493  6493 I LSPosed-Bridge: 	at com.android.internal.os.RuntimeInit$MethodAndArgsCaller.run(RuntimeInit.java:493)

08-11 23:44:30.286  6493  6493 I LSPosed-Bridge: 	at com.android.internal.os.ZygoteInit.main(ZygoteInit.java:858)

08-11 23:44:30.504  1513  1583 I LSPosed-Bridge: 6493 PermLabel 10117 AMS.checkPermission: Binder.getCallingPid() = 6493; uid = 10117; Binder.getCallingUid() = 10117; getNameForUid: com.powerful.clean.booster; getPackagesForUid: [com.powerful.clean.booster]; permName: android.permission.GET_TASKS; type = 0; res = -1; stacktrace=java.lang.Exception

08-11 23:44:30.504  1513  1583 I LSPosed-Bridge: 	at com.example.permlabel.requirePerm$1$2.afterHookedMethod(requirePerm.java:131)

08-11 23:44:30.504  1513  1583 I LSPosed-Bridge: 	at de.robv.android.xposed.XposedBridge$AdditionalHookInfo.callback(Unknown Source:147)

08-11 23:44:30.504  1513  1583 I LSPosed-Bridge: 	at LSPHooker_.checkPermission(Unknown Source:25)

08-11 23:44:30.504  1513  1583 I LSPosed-Bridge: 	at com.android.server.am.ActivityManagerService.isGetTasksAllowed(ActivityManagerService.java:10902)

08-11 23:44:30.504  1513  1583 I LSPosed-Bridge: 	at com.android.server.am.ActivityManagerService.getRunningAppProcesses(ActivityManagerService.java:16139)

08-11 23:44:30.504  1513  1583 I LSPosed-Bridge: 	at android.app.IActivityManager$Stub.onTransact(IActivityManager.java:1088)

08-11 23:44:30.504  1513  1583 I LSPosed-Bridge: 	at com.android.server.am.ActivityManagerService.onTransact(ActivityManagerService.java:3346)

08-11 23:44:30.504  1513  1583 I LSPosed-Bridge: 	at android.os.Binder.execTransact(Binder.java:731)

08-11 23:44:30.504  6493 26736 I LSPosed-Bridge: 6493 PermLabel hookBinder_test 10117 interfaceBinder =android.media.IAudioService; arg0 = 14; arg1 = android.os.Parcel@9c58da; arg2 = android.os.Parcel@7e914c8; arg3 = 0; res = true; stacktrace=java.lang.Exception

08-11 23:44:30.504  6493 26736 I LSPosed-Bridge: 	at com.example.permlabel.hookBinder_test$1.afterHookedMethod(hookBinder_test.java:62)

08-11 23:44:30.504  6493 26736 I LSPosed-Bridge: 	at de.robv.android.xposed.XposedBridge$AdditionalHookInfo.callback(Unknown Source:147)

08-11 23:44:30.504  6493 26736 I LSPosed-Bridge: 	at LSPHooker_.transact(Unknown Source:28)

08-11 23:44:30.504  6493 26736 I LSPosed-Bridge: 	at android.media.IAudioService$Stub$Proxy.getStreamMaxVolume(IAudioService.java:1247)

08-11 23:44:30.504  6493 26736 I LSPosed-Bridge: 	at android.media.AudioManager.getStreamMaxVolume(AudioManager.java:932)

08-11 23:44:30.504  6493 26736 I LSPosed-Bridge: 	at com.google.android.gms.ads.internal.util.y.b(:com.google.android.gms.policy_ads_fdr_dynamite@232400001@232400000057.538171701.538171701:14)

08-11 23:44:30.504  6493 26736 I LSPosed-Bridge: 	at com.google.android.gms.ads.nonagon.ad.activeview.f.a(:com.google.android.gms.policy_ads_fdr_dynamite@232400001@232400000057.538171701.538171701:163)

08-11 23:44:30.504  6493 26736 I LSPosed-Bridge: 	at com.google.android.gms.ads.nonagon.ad.activeview.j.g(:com.google.android.gms.policy_ads_fdr_dynamite@232400001@232400000057.538171701.538171701:36)

08-11 23:44:30.504  6493 26736 I LSPosed-Bridge: 	at com.google.android.gms.ads.nonagon.ad.activeview.j.bd(:com.google.android.gms.policy_ads_fdr_dynamite@232400001@232400000057.538171701.538171701:10)

08-11 23:44:30.504  6493 26736 I LSPosed-Bridge: 	at com.google.android.gms.ads.nonagon.ad.event.fp.a(:com.google.android.gms.policy_ads_fdr_dynamite@232400001@232400000057.538171701.538171701:5)

08-11 23:44:30.504  6493 26736 I LSPosed-Bridge: 	at com.google.android.gms.ads.nonagon.ad.event.du.run(:com.google.android.gms.policy_ads_fdr_dynamite@232400001@232400000057.538171701.538171701:5)

08-11 23:44:30.504  6493 26736 I LSPosed-Bridge: 	at java.util.concurrent.ThreadPoolExecutor.runWorker(ThreadPoolExecutor.java:1167)

08-11 23:44:30.504  6493 26736 I LSPosed-Bridge: 	at java.util.concurrent.ThreadPoolExecutor$Worker.run(ThreadPoolExecutor.java:641)

08-11 23:44:30.504  6493 26736 I LSPosed-Bridge: 	at java.lang.Thread.run(Thread.java:764)

08-11 23:44:30.504  6493  6752 I LSPosed-Bridge: 6493 PermLabel hookBinder_test 10117 interfaceBinder =com.google.android.gms.ads.identifier.internal.IAdvertisingIdService; arg0 = 2; arg1 = android.os.Parcel@45463a4; arg2 = android.os.Parcel@30c78dd; arg3 = 0; res = true; stacktrace=java.lang.Exception

08-11 23:44:30.504  6493  6752 I LSPosed-Bridge: 	at com.example.permlabel.hookBinder_test$1.afterHookedMethod(hookBinder_test.java:62)

08-11 23:44:30.504  6493  6752 I LSPosed-Bridge: 	at de.robv.android.xposed.XposedBridge$AdditionalHookInfo.callback(Unknown Source:147)

08-11 23:44:30.504  6493  6752 I LSPosed-Bridge: 	at LSPHooker_.transact(Unknown Source:28)

08-11 23:44:30.504  6493  6752 I LSPosed-Bridge: 	at com.google.android.gms.internal.ads_identifier.zza.zzb(Unknown Source:7)

08-11 23:44:30.504  6493  6752 I LSPosed-Bridge: 	at com.google.android.gms.internal.ads_identifier.zzd.zze(Unknown Source:9)

08-11 23:44:30.504  6493  6752 I LSPosed-Bridge: 	at com.google.android.gms.ads.identifier.AdvertisingIdClient.zzd(Unknown Source:80)

08-11 23:44:30.504  6493  6752 I LSPosed-Bridge: 	at com.google.android.gms.ads.identifier.AdvertisingIdClient.getAdvertisingIdInfo(Unknown Source:20)

08-11 23:44:30.504  6493  6752 I LSPosed-Bridge: 	at java.lang.reflect.Method.invoke(Native Method)

08-11 23:44:30.504  6493  6752 I LSPosed-Bridge: 	at com.facebook.internal.d0.u(Unknown Source:5)

08-11 23:44:30.504  6493  6752 I LSPosed-Bridge: 	at com.facebook.internal.a$a.a(SourceFile:80)

08-11 23:44:30.504  6493  6752 I LSPosed-Bridge: 	at q0.e.h(Unknown Source:23)

08-11 23:44:30.504  6493  6752 I LSPosed-Bridge: 	at com.facebook.appevents.e.run(SourceFile:27)

08-11 23:44:30.504  6493  6752 I LSPosed-Bridge: 	at java.util.concurrent.Executors$RunnableAdapter.call(Executors.java:458)

08-11 23:44:30.504  6493  6752 I LSPosed-Bridge: 	at java.util.concurrent.FutureTask.run(FutureTask.java:266)

08-11 23:44:30.504  6493  6752 I LSPosed-Bridge: 	at java.util.concurrent.ScheduledThreadPoolExecutor$ScheduledFutureTask.run(ScheduledThreadPoolExecutor.java:301)

08-11 23:44:30.504  6493  6752 I LSPosed-Bridge: 	at java.util.concurrent.ThreadPoolExecutor.runWorker(ThreadPoolExecutor.java:1167)

08-11 23:44:30.504  6493  6752 I LSPosed-Bridge: 	at java.util.concurrent.ThreadPoolExecutor$Worker.run(ThreadPoolExecutor.java:641)

08-11 23:44:30.504  6493  6752 I LSPosed-Bridge: 	at java.lang.Thread.run(Thread.java:764)

