08-11 23:42:20.940  6493  6493 I LSPosed-Bridge: 	at com.google.android.gms.ads.internal.client.aw.bN(:com.google.android.gms.policy_ads_fdr_dynamite@232400001@232400000057.538171701.538171701:74)

08-11 23:42:20.940  6493  6493 I LSPosed-Bridge: 	at agd.onTransact(:com.google.android.gms.policy_ads_fdr_dynamite@232400001@232400000057.538171701.538171701:21)

08-11 23:42:20.940  6493  6493 I LSPosed-Bridge: 	at android.os.Binder.transact(Binder.java:667)

08-11 23:42:20.940  6493  6493 I LSPosed-Bridge: 	at com.google.android.gms.internal.ads.zzasd.zzbl(Unknown Source:7)

08-11 23:42:20.940  6493  6493 I LSPosed-Bridge: 	at com.google.android.gms.ads.internal.client.zzbl.zzg(Unknown Source:8)

08-11 23:42:20.940  6493  6493 I LSPosed-Bridge: 	at com.google.android.gms.ads.AdLoader.a(Unknown Source:57)

08-11 23:42:20.940  6493  6493 I LSPosed-Bridge: 	at com.google.android.gms.ads.AdLoader.loadAd(Unknown Source:4)

08-11 23:42:20.940  6493  6493 I LSPosed-Bridge: 	at x8.b.a(SourceFile:260)

08-11 23:42:20.940  6493  6493 I LSPosed-Bridge: 	at w8.k.a(SourceFile:39)

08-11 23:42:20.940  6493  6493 I LSPosed-Bridge: 	at w8.c$a.c(SourceFile:128)

08-11 23:42:20.940  6493  6493 I LSPosed-Bridge: 	at w8.c.h(SourceFile:635)

08-11 23:42:20.940  6493  6493 I LSPosed-Bridge: 	at w8.c$i.invoke(SourceFile:33)

08-11 23:42:20.940  6493  6493 I LSPosed-Bridge: 	at w8.c.m(SourceFile:444)

08-11 23:42:20.940  6493  6493 I LSPosed-Bridge: 	at q9.d.d(SourceFile:68)

08-11 23:42:20.940  6493  6493 I LSPosed-Bridge: 	at w8.i$a$a.invoke(SourceFile:160)

08-11 23:42:20.940  6493  6493 I LSPosed-Bridge: 	at w8.c.h(SourceFile:172)

08-11 23:42:20.940  6493  6493 I LSPosed-Bridge: 	at w8.i$a.i(Unknown Source:54)

08-11 23:42:20.940  6493  6493 I LSPosed-Bridge: 	at q9.e.d(SourceFile:29)

08-11 23:42:20.940  6493  6493 I LSPosed-Bridge: 	at d9.b$a.invokeSuspend(SourceFile:51)

08-11 23:42:20.940  6493  6493 I LSPosed-Bridge: 	at ra.a.resumeWith(Unknown Source:8)

08-11 23:42:20.940  6493  6493 I LSPosed-Bridge: 	at kotlin.jvm.internal.i.g(Unknown Source:47)

08-11 23:42:20.940  6493  6493 I LSPosed-Bridge: 	at fb.h.q(SourceFile:140)

08-11 23:42:20.940  6493  6493 I LSPosed-Bridge: 	at fb.h.z(SourceFile:43)

08-11 23:42:20.940  6493  6493 I LSPosed-Bridge: 	at fb.h.o(SourceFile:24)

08-11 23:42:20.940  6493  6493 I LSPosed-Bridge: 	at gb.c.run(Unknown Source:6)

08-11 23:42:20.940  6493  6493 I LSPosed-Bridge: 	at android.os.Handler.handleCallback(Handler.java:873)

08-11 23:42:20.940  6493  6493 I LSPosed-Bridge: 	at android.os.Handler.dispatchMessage(Handler.java:99)

08-11 23:42:20.940  6493  6493 I LSPosed-Bridge: 	at android.os.Looper.loop(Looper.java:193)

08-11 23:42:20.940  6493  6493 I LSPosed-Bridge: 	at android.app.ActivityThread.main(ActivityThread.java:6692)

08-11 23:42:20.940  6493  6493 I LSPosed-Bridge: 	at java.lang.reflect.Method.invoke(Native Method)

08-11 23:42:20.940  6493  6493 I LSPosed-Bridge: 	at com.android.internal.os.RuntimeInit$MethodAndArgsCaller.run(RuntimeInit.java:493)

08-11 23:42:20.940  6493  6493 I LSPosed-Bridge: 	at com.android.internal.os.ZygoteInit.main(ZygoteInit.java:858)

08-11 23:42:20.990  1513  7417 I LSPosed-Bridge: 6493 PermLabel 10117 AMS.checkPermission: Binder.getCallingPid() = 6493; uid = 10117; Binder.getCallingUid() = 10117; getNameForUid: com.powerful.clean.booster; getPackagesForUid: [com.powerful.clean.booster]; permName: android.permission.GET_TASKS; type = 0; res = -1; stacktrace=java.lang.Exception

08-11 23:42:20.990  1513  7417 I LSPosed-Bridge: 	at com.example.permlabel.requirePerm$1$2.afterHookedMethod(requirePerm.java:131)

08-11 23:42:20.990  1513  7417 I LSPosed-Bridge: 	at de.robv.android.xposed.XposedBridge$AdditionalHookInfo.callback(Unknown Source:147)

08-11 23:42:20.990  1513  7417 I LSPosed-Bridge: 	at LSPHooker_.checkPermission(Unknown Source:25)

08-11 23:42:20.990  1513  7417 I LSPosed-Bridge: 	at com.android.server.am.ActivityManagerService.isGetTasksAllowed(ActivityManagerService.java:10902)

08-11 23:42:20.990  1513  7417 I LSPosed-Bridge: 	at com.android.server.am.ActivityManagerService.getRunningAppProcesses(ActivityManagerService.java:16139)

08-11 23:42:20.990  1513  7417 I LSPosed-Bridge: 	at android.app.IActivityManager$Stub.onTransact(IActivityManager.java:1088)

08-11 23:42:20.990  1513  7417 I LSPosed-Bridge: 	at com.android.server.am.ActivityManagerService.onTransact(ActivityManagerService.java:3346)

08-11 23:42:20.990  1513  7417 I LSPosed-Bridge: 	at android.os.Binder.execTransact(Binder.java:731)

08-11 23:42:20.990  6493  6493 I LSPosed-Bridge: 6493 PermLabel hookBinder_test 10117 interfaceBinder =android.app.IActivityManager; arg0 = 81; arg1 = android.os.Parcel@f4f74ed; arg2 = android.os.Parcel@c6b5704; arg3 = 0; res = true; stacktrace=java.lang.Exception

08-11 23:42:20.990  6493  6493 I LSPosed-Bridge: 	at com.example.permlabel.hookBinder_test$1.afterHookedMethod(hookBinder_test.java:62)

08-11 23:42:20.990  6493  6493 I LSPosed-Bridge: 	at de.robv.android.xposed.XposedBridge$AdditionalHookInfo.callback(Unknown Source:147)

08-11 23:42:20.990  6493  6493 I LSPosed-Bridge: 	at LSPHooker_.transact(Unknown Source:28)

08-11 23:42:20.990  6493  6493 I LSPosed-Bridge: 	at android.app.IActivityManager$Stub$Proxy.getRunningAppProcesses(IActivityManager.java:5366)

08-11 23:42:20.990  6493  6493 I LSPosed-Bridge: 	at android.app.ActivityManager.getRunningAppProcesses(ActivityManager.java:3435)

08-11 23:42:20.990  6493  6493 I LSPosed-Bridge: 	at java.lang.reflect.Method.invoke(Native Method)

08-11 23:42:20.990  6493  6493 I LSPosed-Bridge: 	at org.lsposed.lspd.nativebridge.HookBridge.invokeOriginalMethod(Native Method)

08-11 23:42:20.990  6493  6493 I LSPosed-Bridge: 	at de.robv.android.xposed.XposedBridge$AdditionalHookInfo.callback(Unknown Source:110)

08-11 23:42:20.990  6493  6493 I LSPosed-Bridge: 	at LSPHooker_.getRunningAppProcesses(Unknown Source:8)

08-11 23:42:20.990  6493  6493 I LSPosed-Bridge: 	at com.google.ccc.abuse.droidguard.DroidGuard.xssNative(Native Method)

08-11 23:42:20.990  6493  6493 I LSPosed-Bridge: 	at com.google.ccc.abuse.droidguard.DroidGuard.xss(DroidGuard.java:542)

08-11 23:42:20.990  6493  6493 I LSPosed-Bridge: 	at java.lang.reflect.Method.invoke(Native Method)

08-11 23:42:20.990  6493  6493 I LSPosed-Bridge: 	at asd.j(:com.google.android.gms.policy_ads_fdr_dynamite@232400001@232400000057.538171701.538171701:40)

08-11 23:42:20.990  6493  6493 I LSPosed-Bridge: 	at asd.e(:com.google.android.gms.policy_ads_fdr_dynamite@232400001@232400000057.538171701.538171701:49)

08-11 23:42:20.990  6493  6493 I LSPosed-Bridge: 	at aef.h(:com.google.android.gms.policy_ads_fdr_dynamite@232400001@232400000057.538171701.538171701:38)

08-11 23:42:20.990  6493  6493 I LSPosed-Bridge: 	at com.google.android.gms.ads.internal.i.h(:com.google.android.gms.policy_ads_fdr_dynamite@232400001@232400000057.538171701.538171701:48)

08-11 23:42:20.990  6493  6493 I LSPosed-Bridge: 	at com.google.android.gms.ads.nonagon.ad.nativead.q.n(:com.google.android.gms.policy_ads_fdr_dynamite@232400001@232400000057.538171701.538171701:46)

08-11 23:42:20.990  6493  6493 I LSPosed-Bridge: 	at com.google.android.gms.ads.nonagon.ad.nativead.an.M(:com.google.android.gms.policy_ads_fdr_dynamite@232400001@232400000057.538171701.538171701:172)

08-11 23:42:20.990  6493  6493 I LSPosed-Bridge: 	at com.google.android.gms.ads.nonagon.ad.nativead.an.k(:com.google.android.gms.policy_ads_fdr_dynamite@232400001@232400000057.538171701.538171701:227)

08-11 23:42:20.990  6493  6493 I LSPosed-Bridge: 	at com.google.android.gms.ads.nonagon.ad.nativead.bn.onGlobalLayout(:com.google.android.gms.policy_ads_fdr_dynamite@232400001@232400000057.538171701.538171701:20)

08-11 23:42:20.990  6493  6493 I LSPosed-Bridge: 	at com.google.android.gms.ads.internal.util.weaklisteners.b.onGlobalLayout(:com.google.android.gms.policy_ads_fdr_dynamite@232400001@232400000057.538171701.538171701:11)

08-11 23:42:20.990  6493  6493 I LSPosed-Bridge: 	at android.view.ViewTreeObserver.dispatchOnGlobalLayout(ViewTreeObserver.java:945)

08-11 23:42:20.990  6493  6493 I LSPosed-Bridge: 	at android.view.ViewRootImpl.performTraversals(ViewRootImpl.java:2363)

08-11 23:42:20.990  6493  6493 I LSPosed-Bridge: 	at android.view.ViewRootImpl.doTraversal(ViewRootImpl.java:1465)

08-11 23:42:20.990  6493  6493 I LSPosed-Bridge: 	at android.view.ViewRootImpl$TraversalRunnable.run(ViewRootImpl.java:7205)

08-11 23:42:20.990  6493  6493 I LSPosed-Bridge: 	at android.view.Choreographer$CallbackRecord.run(Choreographer.java:1004)

08-11 23:42:20.990  6493  6493 I LSPosed-Bridge: 	at android.view.Choreographer.doCallbacks(Choreographer.java:816)

08-11 23:42:20.990  6493  6493 I LSPosed-Bridge: 	at android.view.Choreographer.doFrame(Choreographer.java:751)

08-11 23:42:20.990  6493  6493 I LSPosed-Bridge: 	at android.view.Choreographer$FrameDisplayEventReceiver.run(Choreographer.java:990)

08-11 23:42:20.990  6493  6493 I LSPosed-Bridge: 	at android.os.Handler.handleCallback(Handler.java:873)

08-11 23:42:20.990  6493  6493 I LSPosed-Bridge: 	at android.os.Handler.dispatchMessage(Handler.java:99)

08-11 23:42:20.990  6493  6493 I LSPosed-Bridge: 	at android.os.Looper.loop(Looper.java:193)

08-11 23:42:20.990  6493  6493 I LSPosed-Bridge: 	at android.app.ActivityThread.main(ActivityThread.java:6692)

08-11 23:42:20.990  6493  6493 I LSPosed-Bridge: 	at java.lang.reflect.Method.invoke(Native Method)

08-11 23:42:20.990  6493  6493 I LSPosed-Bridge: 	at com.android.internal.os.RuntimeInit$MethodAndArgsCaller.run(RuntimeInit.java:493)

08-11 23:42:20.990  6493  6493 I LSPosed-Bridge: 	at com.android.internal.os.ZygoteInit.main(ZygoteInit.java:858)

08-11 23:42:21.229   554   554 I ConfigStore: android::hardware::configstore::V1_0::ISurfaceFlingerConfigs::hasHDRDisplay retrieved: 0

08-11 23:42:21.229  1513  6465 I LSPosed-Bridge: 6493 PermLabel 10117 AMS.checkPermission: Binder.getCallingPid() = 6493; uid = 10117; Binder.getCallingUid() = 10117; getNameForUid: com.powerful.clean.booster; getPackagesForUid: [com.powerful.clean.booster]; permName: android.permission.GET_TASKS; type = 0; res = -1; stacktrace=java.lang.Exception

08-11 23:42:21.229  1513  6465 I LSPosed-Bridge: 	at com.example.permlabel.requirePerm$1$2.afterHookedMethod(requirePerm.java:131)

08-11 23:42:21.229  1513  6465 I LSPosed-Bridge: 	at de.robv.android.xposed.XposedBridge$AdditionalHookInfo.callback(Unknown Source:147)

08-11 23:42:21.229  1513  6465 I LSPosed-Bridge: 	at LSPHooker_.checkPermission(Unknown Source:25)

08-11 23:42:21.229  1513  6465 I LSPosed-Bridge: 	at com.android.server.am.ActivityManagerService.isGetTasksAllowed(ActivityManagerService.java:10902)

08-11 23:42:21.229  1513  6465 I LSPosed-Bridge: 	at com.android.server.am.ActivityManagerService.getRunningAppProcesses(ActivityManagerService.java:16139)

08-11 23:42:21.229  1513  6465 I LSPosed-Bridge: 	at android.app.IActivityManager$Stub.onTransact(IActivityManager.java:1088)

08-11 23:42:21.229  1513  6465 I LSPosed-Bridge: 	at com.android.server.am.ActivityManagerService.onTransact(ActivityManagerService.java:3346)

08-11 23:42:21.229  1513  6465 I LSPosed-Bridge: 	at android.os.Binder.execTransact(Binder.java:731)

08-11 23:42:23.630  1513  6056 I LSPosed-Bridge: 6493 PermLabel 10117 AMS.checkPermission: Binder.getCallingPid() = 6493; uid = 10117; Binder.getCallingUid() = 10117; getNameForUid: com.powerful.clean.booster; getPackagesForUid: [com.powerful.clean.booster]; permName: android.permission.GET_TASKS; type = 0; res = -1; stacktrace=java.lang.Exception

08-11 23:42:23.630  1513  6056 I LSPosed-Bridge: 	at com.example.permlabel.requirePerm$1$2.afterHookedMethod(requirePerm.java:131)

08-11 23:42:23.630  1513  6056 I LSPosed-Bridge: 	at de.robv.android.xposed.XposedBridge$AdditionalHookInfo.callback(Unknown Source:147)

08-11 23:42:23.630  1513  6056 I LSPosed-Bridge: 	at LSPHooker_.checkPermission(Unknown Source:25)

08-11 23:42:23.630  1513  6056 I LSPosed-Bridge: 	at com.android.server.am.ActivityManagerService.isGetTasksAllowed(ActivityManagerService.java:10902)

08-11 23:42:23.630  1513  6056 I LSPosed-Bridge: 	at com.android.server.am.ActivityManagerService.getRunningAppProcesses(ActivityManagerService.java:16139)

08-11 23:42:23.630  1513  6056 I LSPosed-Bridge: 	at android.app.IActivityManager$Stub.onTransact(IActivityManager.java:1088)

08-11 23:42:23.630  1513  6056 I LSPosed-Bridge: 	at com.android.server.am.ActivityManagerService.onTransact(ActivityManagerService.java:3346)

08-11 23:42:23.630  1513  6056 I LSPosed-Bridge: 	at android.os.Binder.execTransact(Binder.java:731)

08-11 23:42:23.676  1513  6056 I LSPosed-Bridge: 6493 PermLabel 10117 AMS.checkPermission: Binder.getCallingPid() = 6493; uid = 10117; Binder.getCallingUid() = 10117; getNameForUid: com.powerful.clean.booster; getPackagesForUid: [com.powerful.clean.booster]; permName: android.permission.GET_TASKS; type = 0; res = -1; stacktrace=java.lang.Exception

08-11 23:42:23.676  1513  6056 I LSPosed-Bridge: 	at com.example.permlabel.requirePerm$1$2.afterHookedMethod(requirePerm.java:131)

08-11 23:42:23.676  1513  6056 I LSPosed-Bridge: 	at de.robv.android.xposed.XposedBridge$AdditionalHookInfo.callback(Unknown Source:147)

08-11 23:42:23.676  1513  6056 I LSPosed-Bridge: 	at LSPHooker_.checkPermission(Unknown Source:25)

08-11 23:42:23.676  1513  6056 I LSPosed-Bridge: 	at com.android.server.am.ActivityManagerService.isGetTasksAllowed(ActivityManagerService.java:10902)

08-11 23:42:23.676  1513  6056 I LSPosed-Bridge: 	at com.android.server.am.ActivityManagerService.getRunningAppProcesses(ActivityManagerService.java:16139)

08-11 23:42:23.676  1513  6056 I LSPosed-Bridge: 	at android.app.IActivityManager$Stub.onTransact(IActivityManager.java:1088)

08-11 23:42:23.676  1513  6056 I LSPosed-Bridge: 	at com.android.server.am.ActivityManagerService.onTransact(ActivityManagerService.java:3346)

08-11 23:42:23.676  1513  6056 I LSPosed-Bridge: 	at android.os.Binder.execTransact(Binder.java:731)

08-11 23:42:26.491  1513  3557 I LSPosed-Bridge: 6493 PermLabel 10117 AMS.checkPermission: Binder.getCallingPid() = 6493; uid = 10117; Binder.getCallingUid() = 10117; getNameForUid: com.powerful.clean.booster; getPackagesForUid: [com.powerful.clean.booster]; permName: android.permission.GET_TASKS; type = 0; res = -1; stacktrace=java.lang.Exception

08-11 23:42:26.491  1513  3557 I LSPosed-Bridge: 	at com.example.permlabel.requirePerm$1$2.afterHookedMethod(requirePerm.java:131)

08-11 23:42:26.491  1513  3557 I LSPosed-Bridge: 	at de.robv.android.xposed.XposedBridge$AdditionalHookInfo.callback(Unknown Source:147)

08-11 23:42:26.491  1513  3557 I LSPosed-Bridge: 	at LSPHooker_.checkPermission(Unknown Source:25)

08-11 23:42:26.491  1513  3557 I LSPosed-Bridge: 	at com.android.server.am.ActivityManagerService.isGetTasksAllowed(ActivityManagerService.java:10902)

08-11 23:42:26.491  1513  3557 I LSPosed-Bridge: 	at com.android.server.am.ActivityManagerService.getRunningAppProcesses(ActivityManagerService.java:16139)

08-11 23:42:26.491  1513  3557 I LSPosed-Bridge: 	at android.app.IActivityManager$Stub.onTransact(IActivityManager.java:1088)

08-11 23:42:26.491  1513  3557 I LSPosed-Bridge: 	at com.android.server.am.ActivityManagerService.onTransact(ActivityManagerService.java:3346)

08-11 23:42:26.491  1513  3557 I LSPosed-Bridge: 	at android.os.Binder.execTransact(Binder.java:731)

08-11 23:42:26.540  1513  7417 I LSPosed-Bridge: 6493 PermLabel 10117 AMS.checkPermission: Binder.getCallingPid() = 6493; uid = 10117; Binder.getCallingUid() = 10117; getNameForUid: com.powerful.clean.booster; getPackagesForUid: [com.powerful.clean.booster]; permName: android.permission.GET_TASKS; type = 0; res = -1; stacktrace=java.lang.Exception

08-11 23:42:26.540  1513  7417 I LSPosed-Bridge: 	at com.example.permlabel.requirePerm$1$2.afterHookedMethod(requirePerm.java:131)

08-11 23:42:26.540  1513  7417 I LSPosed-Bridge: 	at de.robv.android.xposed.XposedBridge$AdditionalHookInfo.callback(Unknown Source:147)

08-11 23:42:26.540  1513  7417 I LSPosed-Bridge: 	at LSPHooker_.checkPermission(Unknown Source:25)

08-11 23:42:26.540  1513  7417 I LSPosed-Bridge: 	at com.android.server.am.ActivityManagerService.isGetTasksAllowed(ActivityManagerService.java:10902)

08-11 23:42:26.540  1513  7417 I LSPosed-Bridge: 	at com.android.server.am.ActivityManagerService.getRunningAppProcesses(ActivityManagerService.java:16139)

08-11 23:42:26.540  1513  7417 I LSPosed-Bridge: 	at android.app.IActivityManager$Stub.onTransact(IActivityManager.java:1088)

08-11 23:42:26.540  1513  7417 I LSPosed-Bridge: 	at com.android.server.am.ActivityManagerService.onTransact(ActivityManagerService.java:3346)

08-11 23:42:26.540  1513  7417 I LSPosed-Bridge: 	at android.os.Binder.execTransact(Binder.java:731)

08-11 23:42:26.770  1513  6465 I LSPosed-Bridge: 6493 PermLabel 10117 AMS.checkPermission: Binder.getCallingPid() = 6493; uid = 10117; Binder.getCallingUid() = 10117; getNameForUid: com.powerful.clean.booster; getPackagesForUid: [com.powerful.clean.booster]; permName: android.permission.ACCESS_NETWORK_STATE; type = 0; res = 0; stacktrace=java.lang.Exception

08-11 23:42:26.770  1513  6465 I LSPosed-Bridge: 	at com.example.permlabel.requirePerm$1$2.afterHookedMethod(requirePerm.java:131)

08-11 23:42:26.770  1513  6465 I LSPosed-Bridge: 	at de.robv.android.xposed.XposedBridge$AdditionalHookInfo.callback(Unknown Source:147)

08-11 23:42:26.770  1513  6465 I LSPosed-Bridge: 	at LSPHooker_.checkPermission(Unknown Source:25)

08-11 23:42:26.770  1513  6465 I LSPosed-Bridge: 	at android.app.ContextImpl.checkPermission(ContextImpl.java:1751)

08-11 23:42:26.770  1513  6465 I LSPosed-Bridge: 	at android.app.ContextImpl.checkCallingOrSelfPermission(ContextImpl.java:1791)

08-11 23:42:26.770  1513  6465 I LSPosed-Bridge: 	at android.app.ContextImpl.enforceCallingOrSelfPermission(ContextImpl.java:1841)

08-11 23:42:26.770  1513  6465 I LSPosed-Bridge: 	at com.android.server.ConnectivityService.enforceAccessPermission(ConnectivityService.java:1672)

08-11 23:42:26.770  1513  6465 I LSPosed-Bridge: 	at com.android.server.ConnectivityService.getNetworkInfo(ConnectivityService.java:1244)

08-11 23:42:26.770  1513  6465 I LSPosed-Bridge: 	at android.net.IConnectivityManager$Stub.onTransact(IConnectivityManager.java:119)

08-11 23:42:26.770  1513  6465 I LSPosed-Bridge: 	at android.os.Binder.execTransact(Binder.java:731)

08-11 23:42:26.770  1513  4414 I LSPosed-Bridge: 6493 PermLabel 10117 AMS.checkPermission: Binder.getCallingPid() = 6493; uid = 10117; Binder.getCallingUid() = 10117; getNameForUid: com.powerful.clean.booster; getPackagesForUid: [com.powerful.clean.booster]; permName: android.permission.GET_TASKS; type = 0; res = -1; stacktrace=java.lang.Exception

08-11 23:42:26.770  1513  4414 I LSPosed-Bridge: 	at com.example.permlabel.requirePerm$1$2.afterHookedMethod(requirePerm.java:131)

08-11 23:42:26.770  1513  4414 I LSPosed-Bridge: 	at de.robv.android.xposed.XposedBridge$AdditionalHookInfo.callback(Unknown Source:147)

08-11 23:42:26.770  1513  4414 I LSPosed-Bridge: 	at LSPHooker_.checkPermission(Unknown Source:25)

08-11 23:42:26.770  1513  4414 I LSPosed-Bridge: 	at com.android.server.am.ActivityManagerService.isGetTasksAllowed(ActivityManagerService.java:10902)

08-11 23:42:26.770  1513  4414 I LSPosed-Bridge: 	at com.android.server.am.ActivityManagerService.getRunningAppProcesses(ActivityManagerService.java:16139)

08-11 23:42:26.770  1513  4414 I LSPosed-Bridge: 	at android.app.IActivityManager$Stub.onTransact(IActivityManager.java:1088)

08-11 23:42:26.770  1513  4414 I LSPosed-Bridge: 	at com.android.server.am.ActivityManagerService.onTransact(ActivityManagerService.java:3346)

08-11 23:42:26.770  1513  4414 I LSPosed-Bridge: 	at android.os.Binder.execTransact(Binder.java:731)

08-11 23:42:26.770  6493  6875 I LSPosed-Bridge: 6493 PermLabel hookBinder_test 10117 interfaceBinder =android.net.IConnectivityManager; arg0 = 5; arg1 = android.os.Parcel@8e28af0; arg2 = android.os.Parcel@ae3d98d; arg3 = 0; res = true; stacktrace=java.lang.Exception

08-11 23:42:26.770  6493  6875 I LSPosed-Bridge: 	at com.example.permlabel.hookBinder_test$1.afterHookedMethod(hookBinder_test.java:62)

08-11 23:42:26.770  6493  6875 I LSPosed-Bridge: 	at de.robv.android.xposed.XposedBridge$AdditionalHookInfo.callback(Unknown Source:147)

08-11 23:42:26.770  6493  6875 I LSPosed-Bridge: 	at LSPHooker_.transact(Unknown Source:28)

08-11 23:42:26.770  6493  6875 I LSPosed-Bridge: 	at android.net.IConnectivityManager$Stub$Proxy.getNetworkInfo(IConnectivityManager.java:1253)

08-11 23:42:26.770  6493  6875 I LSPosed-Bridge: 	at android.net.ConnectivityManager.getNetworkInfo(ConnectivityManager.java:1054)

08-11 23:42:26.770  6493  6875 I LSPosed-Bridge: 	at b1.k.a(SourceFile:20)

08-11 23:42:26.770  6493  6875 I LSPosed-Bridge: 	at ca.d0.h(Unknown Source:13)

08-11 23:42:26.770  6493  6875 I LSPosed-Bridge: 	at com.quick.clean.accelerator.analysis.Event$d.a(SourceFile:394)

08-11 23:42:26.770  6493  6875 I LSPosed-Bridge: 	at c9.f.invokeSuspend(SourceFile:52)

08-11 23:42:26.770  6493  6875 I LSPosed-Bridge: 	at ra.a.resumeWith(Unknown Source:8)

08-11 23:42:26.770  6493  6875 I LSPosed-Bridge: 	at fb.i0.run(Unknown Source:100)

08-11 23:42:26.770  6493  6875 I LSPosed-Bridge: 	at kotlinx.coroutines.internal.e.run(Unknown Source:12)

08-11 23:42:26.770  6493  6875 I LSPosed-Bridge: 	at kotlinx.coroutines.scheduling.j.run(Unknown Source:2)

08-11 23:42:26.770  6493  6875 I LSPosed-Bridge: 	at kotlinx.coroutines.scheduling.a$a.run(SourceFile:79)

08-11 23:43:33.507  1513  1582 I LSPosed-Bridge: 6493 PermLabel 10117 AMS.checkPermission: Binder.getCallingPid() = 6493; uid = 10117; Binder.getCallingUid() = 10117; getNameForUid: com.powerful.clean.booster; getPackagesForUid: [com.powerful.clean.booster]; permName: android.permission.GET_TASKS; type = 0; res = -1; stacktrace=java.lang.Exception

08-11 23:43:33.507  1513  1582 I LSPosed-Bridge: 	at com.example.permlabel.requirePerm$1$2.afterHookedMethod(requirePerm.java:131)

08-11 23:43:33.507  1513  1582 I LSPosed-Bridge: 	at de.robv.android.xposed.XposedBridge$AdditionalHookInfo.callback(Unknown Source:147)

08-11 23:43:33.507  1513  1582 I LSPosed-Bridge: 	at LSPHooker_.checkPermission(Unknown Source:25)

08-11 23:43:33.507  1513  1582 I LSPosed-Bridge: 	at com.android.server.am.ActivityManagerService.isGetTasksAllowed(ActivityManagerService.java:10902)

08-11 23:43:33.507  1513  1582 I LSPosed-Bridge: 	at com.android.server.am.ActivityManagerService.getRunningAppProcesses(ActivityManagerService.java:16139)

08-11 23:43:33.507  1513  1582 I LSPosed-Bridge: 	at android.app.IActivityManager$Stub.onTransact(IActivityManager.java:1088)

08-11 23:43:33.507  1513  1582 I LSPosed-Bridge: 	at com.android.server.am.ActivityManagerService.onTransact(ActivityManagerService.java:3346)

08-11 23:43:33.507  1513  1582 I LSPosed-Bridge: 	at android.os.Binder.execTransact(Binder.java:731)

08-11 23:43:33.791  1513  1582 I LSPosed-Bridge: 6493 PermLabel 10117 AMS.checkPermission: Binder.getCallingPid() = 6493; uid = 10117; Binder.getCallingUid() = 10117; getNameForUid: com.powerful.clean.booster; getPackagesForUid: [com.powerful.clean.booster]; permName: android.permission.GET_TASKS; type = 0; res = -1; stacktrace=java.lang.Exception

08-11 23:43:33.791  1513  1582 I LSPosed-Bridge: 	at com.example.permlabel.requirePerm$1$2.afterHookedMethod(requirePerm.java:131)

08-11 23:43:33.791  1513  1582 I LSPosed-Bridge: 	at de.robv.android.xposed.XposedBridge$AdditionalHookInfo.callback(Unknown Source:147)

08-11 23:43:33.791  1513  1582 I LSPosed-Bridge: 	at LSPHooker_.checkPermission(Unknown Source:25)

08-11 23:43:33.791  1513  1582 I LSPosed-Bridge: 	at com.android.server.am.ActivityManagerService.isGetTasksAllowed(ActivityManagerService.java:10902)

08-11 23:43:33.791  1513  1582 I LSPosed-Bridge: 	at com.android.server.am.ActivityManagerService.getRunningAppProcesses(ActivityManagerService.java:16139)

08-11 23:43:33.791  1513  1582 I LSPosed-Bridge: 	at android.app.IActivityManager$Stub.onTransact(IActivityManager.java:1088)

08-11 23:43:33.791  1513  1582 I LSPosed-Bridge: 	at com.android.server.am.ActivityManagerService.onTransact(ActivityManagerService.java:3346)

08-11 23:43:33.791  1513  1582 I LSPosed-Bridge: 	at android.os.Binder.execTransact(Binder.java:731)

08-11 23:43:33.791   554   554 I ConfigStore: android::hardware::configstore::V1_0::ISurfaceFlingerConfigs::hasHDRDisplay retrieved: 0

08-11 23:43:33.791   554   554 I ConfigStore: android::hardware::configstore::V1_0::ISurfaceFlingerConfigs::hasHDRDisplay retrieved: 0

08-11 23:43:42.537  1513  6056 I LSPosed-Bridge: 6493 PermLabel 10117 AMS.checkPermission: Binder.getCallingPid() = 6493; uid = 10117; Binder.getCallingUid() = 10117; getNameForUid: com.powerful.clean.booster; getPackagesForUid: [com.powerful.clean.booster]; permName: android.permission.GET_TASKS; type = 0; res = -1; stacktrace=java.lang.Exception

08-11 23:43:42.537  1513  6056 I LSPosed-Bridge: 	at com.example.permlabel.requirePerm$1$2.afterHookedMethod(requirePerm.java:131)

08-11 23:43:42.537  1513  6056 I LSPosed-Bridge: 	at de.robv.android.xposed.XposedBridge$AdditionalHookInfo.callback(Unknown Source:147)

08-11 23:43:42.537  1513  6056 I LSPosed-Bridge: 	at LSPHooker_.checkPermission(Unknown Source:25)

08-11 23:43:42.537  1513  6056 I LSPosed-Bridge: 	at com.android.server.am.ActivityManagerService.isGetTasksAllowed(ActivityManagerService.java:10902)

08-11 23:43:42.537  1513  6056 I LSPosed-Bridge: 	at com.android.server.am.ActivityManagerService.getRunningAppProcesses(ActivityManagerService.java:16139)

08-11 23:43:42.537  1513  6056 I LSPosed-Bridge: 	at android.app.IActivityManager$Stub.onTransact(IActivityManager.java:1088)

08-11 23:43:42.537  1513  6056 I LSPosed-Bridge: 	at com.android.server.am.ActivityManagerService.onTransact(ActivityManagerService.java:3346)

08-11 23:43:42.537  1513  6056 I LSPosed-Bridge: 	at android.os.Binder.execTransact(Binder.java:731)

08-11 23:43:44.074  1513  6172 I LSPosed-Bridge: 6493 PermLabel 10117 AMS.checkPermission: Binder.getCallingPid() = 6493; uid = 10117; Binder.getCallingUid() = 10117; getNameForUid: com.powerful.clean.booster; getPackagesForUid: [com.powerful.clean.booster]; permName: android.permission.GET_TASKS; type = 0; res = -1; stacktrace=java.lang.Exception

08-11 23:43:44.074  1513  6172 I LSPosed-Bridge: 	at com.example.permlabel.requirePerm$1$2.afterHookedMethod(requirePerm.java:131)

08-11 23:43:44.074  1513  6172 I LSPosed-Bridge: 	at de.robv.android.xposed.XposedBridge$AdditionalHookInfo.callback(Unknown Source:147)

08-11 23:43:44.074  1513  6172 I LSPosed-Bridge: 	at LSPHooker_.checkPermission(Unknown Source:25)

08-11 23:43:44.074  1513  6172 I LSPosed-Bridge: 	at com.android.server.am.ActivityManagerService.isGetTasksAllowed(ActivityManagerService.java:10902)

08-11 23:43:44.074  1513  6172 I LSPosed-Bridge: 	at com.android.server.am.ActivityManagerService.getRunningAppProcesses(ActivityManagerService.java:16139)

08-11 23:43:44.074  1513  6172 I LSPosed-Bridge: 	at android.app.IActivityManager$Stub.onTransact(IActivityManager.java:1088)

08-11 23:43:44.074  1513  6172 I LSPosed-Bridge: 	at com.android.server.am.ActivityManagerService.onTransact(ActivityManagerService.java:3346)

08-11 23:43:44.074  1513  6172 I LSPosed-Bridge: 	at android.os.Binder.execTransact(Binder.java:731)

08-11 23:43:55.474  1513  1867 I LSPosed-Bridge: 6493 PermLabel 10117 AMS.checkPermission: Binder.getCallingPid() = 6493; uid = 10117; Binder.getCallingUid() = 10117; getNameForUid: com.powerful.clean.booster; getPackagesForUid: [com.powerful.clean.booster]; permName: android.permission.GET_TASKS; type = 0; res = -1; stacktrace=java.lang.Exception

08-11 23:43:55.474  1513  1867 I LSPosed-Bridge: 	at com.example.permlabel.requirePerm$1$2.afterHookedMethod(requirePerm.java:131)

08-11 23:43:55.474  1513  1867 I LSPosed-Bridge: 	at de.robv.android.xposed.XposedBridge$AdditionalHookInfo.callback(Unknown Source:147)

08-11 23:43:55.474  1513  1867 I LSPosed-Bridge: 	at LSPHooker_.checkPermission(Unknown Source:25)

08-11 23:43:55.474  1513  1867 I LSPosed-Bridge: 	at com.android.server.am.ActivityManagerService.isGetTasksAllowed(ActivityManagerService.java:10902)

08-11 23:43:55.474  1513  1867 I LSPosed-Bridge: 	at com.android.server.am.ActivityManagerService.getRunningAppProcesses(ActivityManagerService.java:16139)

08-11 23:43:55.474  1513  1867 I LSPosed-Bridge: 	at android.app.IActivityManager$Stub.onTransact(IActivityManager.java:1088)

08-11 23:43:55.474  1513  1867 I LSPosed-Bridge: 	at com.android.server.am.ActivityManagerService.onTransact(ActivityManagerService.java:3346)

08-11 23:43:55.474  1513  1867 I LSPosed-Bridge: 	at android.os.Binder.execTransact(Binder.java:731)

08-11 23:44:04.452  1513  9928 I LSPosed-Bridge: 6493 PermLabel 10117 AMS.checkPermission: Binder.getCallingPid() = 6493; uid = 10117; Binder.getCallingUid() = 10117; getNameForUid: com.powerful.clean.booster; getPackagesForUid: [com.powerful.clean.booster]; permName: android.permission.GET_TASKS; type = 0; res = -1; stacktrace=java.lang.Exception

08-11 23:44:04.452  1513  9928 I LSPosed-Bridge: 	at com.example.permlabel.requirePerm$1$2.afterHookedMethod(requirePerm.java:131)

08-11 23:44:04.452  1513  9928 I LSPosed-Bridge: 	at de.robv.android.xposed.XposedBridge$AdditionalHookInfo.callback(Unknown Source:147)

08-11 23:44:04.452  1513  9928 I LSPosed-Bridge: 	at LSPHooker_.checkPermission(Unknown Source:25)

08-11 23:44:04.452  1513  9928 I LSPosed-Bridge: 	at com.android.server.am.ActivityManagerService.isGetTasksAllowed(ActivityManagerService.java:10902)

08-11 23:44:04.452  1513  9928 I LSPosed-Bridge: 	at com.android.server.am.ActivityManagerService.getRunningAppProcesses(ActivityManagerService.java:16139)

08-11 23:44:04.452  1513  9928 I LSPosed-Bridge: 	at android.app.IActivityManager$Stub.onTransact(IActivityManager.java:1088)

08-11 23:44:04.452  1513  9928 I LSPosed-Bridge: 	at com.android.server.am.ActivityManagerService.onTransact(ActivityManagerService.java:3346)

08-11 23:44:04.452  1513  9928 I LSPosed-Bridge: 	at android.os.Binder.execTransact(Binder.java:731)

08-11 23:44:10.105  6493 22209 I LSPosed-Bridge: 6493 PermLabel hookBinder_test 10117 interfaceBinder =; arg0 = 1; arg1 = android.os.Parcel@c198e63; arg2 = android.os.Parcel@6dcb18; arg3 = 0; res = true; stacktrace=java.lang.Exception

08-11 23:44:10.105  6493 22209 I LSPosed-Bridge: 	at com.example.permlabel.hookBinder_test$1.afterHookedMethod(hookBinder_test.java:62)

08-11 23:44:10.105  6493 22209 I LSPosed-Bridge: 	at de.robv.android.xposed.XposedBridge$AdditionalHookInfo.callback(Unknown Source:147)

08-11 23:44:10.105  6493 22209 I LSPosed-Bridge: 	at LSPHooker_.transact(Unknown Source:28)

08-11 23:44:10.105  6493 22209 I LSPosed-Bridge: 	at android.os.ServiceManagerProxy.getService(ServiceManagerNative.java:125)

08-11 23:44:10.105  6493 22209 I LSPosed-Bridge: 	at android.os.ServiceManager.rawGetService(ServiceManager.java:253)

08-11 23:44:10.105  6493 22209 I LSPosed-Bridge: 	at android.os.ServiceManager.getService(ServiceManager.java:124)

08-11 23:44:10.105  6493 22209 I LSPosed-Bridge: 	at android.telephony.SubscriptionManager.getPhoneId(SubscriptionManager.java:1222)

08-11 23:44:10.105  6493 22209 I LSPosed-Bridge: 	at android.telephony.TelephonyManager.getPhoneId(TelephonyManager.java:4918)

08-11 23:44:10.105  6493 22209 I LSPosed-Bridge: 	at android.telephony.TelephonyManager.getNetworkOperator(TelephonyManager.java:1785)

08-11 23:44:10.105  6493 22209 I LSPosed-Bridge: 	at com.google.android.gms.ads.nonagon.signals.fx.call(:com.google.android.gms.policy_ads_fdr_dynamite@232400001@232400000057.538171701.538171701:13)

08-11 23:44:10.105  6493 22209 I LSPosed-Bridge: 	at btb.a(:com.google.android.gms.policy_ads_fdr_dynamite@232400001@232400000057.538171701.538171701:3)

08-11 23:44:10.105  6493 22209 I LSPosed-Bridge: 	at bsj.run(:com.google.android.gms.policy_ads_fdr_dynamite@232400001@232400000057.538171701.538171701:21)

08-11 23:44:10.105  6493 22209 I LSPosed-Bridge: 	at btc.run(:com.google.android.gms.policy_ads_fdr_dynamite@232400001@232400000057.538171701.538171701:5)

08-11 23:44:10.105  6493 22209 I LSPosed-Bridge: 	at java.util.concurrent.ThreadPoolExecutor.runWorker(ThreadPoolExecutor.java:1167)

08-11 23:44:10.105  6493 22209 I LSPosed-Bridge: 	at java.util.concurrent.ThreadPoolExecutor$Worker.run(ThreadPoolExecutor.java:641)

08-11 23:44:10.105  6493 22209 I LSPosed-Bridge: 	at java.lang.Thread.run(Thread.java:764)

08-11 23:44:10.105  1513  6709 I LSPosed-Bridge: 6493 PermLabel 10117 AMS.checkPermission: Binder.getCallingPid() = 6493; uid = 10117; Binder.getCallingUid() = 10117; getNameForUid: com.powerful.clean.booster; getPackagesForUid: [com.powerful.clean.booster]; permName: android.permission.GET_TASKS; type = 0; res = -1; stacktrace=java.lang.Exception

08-11 23:44:10.105  1513  6709 I LSPosed-Bridge: 	at com.example.permlabel.requirePerm$1$2.afterHookedMethod(requirePerm.java:131)

08-11 23:44:10.105  1513  6709 I LSPosed-Bridge: 	at de.robv.android.xposed.XposedBridge$AdditionalHookInfo.callback(Unknown Source:147)

08-11 23:44:10.105  1513  6709 I LSPosed-Bridge: 	at LSPHooker_.checkPermission(Unknown Source:25)

08-11 23:44:10.105  1513  6709 I LSPosed-Bridge: 	at com.android.server.am.ActivityManagerService.isGetTasksAllowed(ActivityManagerService.java:10902)

08-11 23:44:10.105  1513  6709 I LSPosed-Bridge: 	at com.android.server.am.ActivityManagerService.getRunningAppProcesses(ActivityManagerService.java:16139)

08-11 23:44:10.105  1513  6709 I LSPosed-Bridge: 	at android.app.IActivityManager$Stub.onTransact(IActivityManager.java:1088)

08-11 23:44:10.105  1513  6709 I LSPosed-Bridge: 	at com.android.server.am.ActivityManagerService.onTransact(ActivityManagerService.java:3346)

08-11 23:44:10.105  1513  6709 I LSPosed-Bridge: 	at android.os.Binder.execTransact(Binder.java:731)

08-11 23:44:10.105   554   554 I ConfigStore: android::hardware::configstore::V1_0::ISurfaceFlingerConfigs::hasHDRDisplay retrieved: 0

08-11 23:44:10.105  6493  6493 I LSPosed-Bridge: 6493 PermLabel hookBinder_test 10117 interfaceBinder =android.content.pm.IPackageManager; arg0 = 14; arg1 = android.os.Parcel@24848b2; arg2 = android.os.Parcel@a996003; arg3 = 0; res = true; stacktrace=java.lang.Exception

08-11 23:44:10.105  6493  6493 I LSPosed-Bridge: 	at com.example.permlabel.hookBinder_test$1.afterHookedMethod(hookBinder_test.java:62)

08-11 23:44:10.105  6493  6493 I LSPosed-Bridge: 	at de.robv.android.xposed.XposedBridge$AdditionalHookInfo.callback(Unknown Source:147)

08-11 23:44:10.105  6493  6493 I LSPosed-Bridge: 	at LSPHooker_.transact(Unknown Source:28)

08-11 23:44:10.105  6493  6493 I LSPosed-Bridge: 	at android.content.pm.IPackageManager$Stub$Proxy.getActivityInfo(IPackageManager.java:3135)

08-11 23:44:10.105  6493  6493 I LSPosed-Bridge: 	at android.app.ApplicationPackageManager.getActivityInfo(ApplicationPackageManager.java:427)

08-11 23:44:10.105  6493  6493 I LSPosed-Bridge: 	at com.google.android.gms.ads.nonagon.util.appstats.c.b(:com.google.android.gms.policy_ads_fdr_dynamite@232400001@232400000057.538171701.538171701:159)

08-11 23:44:10.105  6493  6493 I LSPosed-Bridge: 	at com.google.android.gms.ads.nonagon.signals.aw.b(:com.google.android.gms.policy_ads_fdr_dynamite@232400001@232400000057.538171701.538171701:56)

08-11 23:44:10.105  6493  6493 I LSPosed-Bridge: 	at com.google.android.gms.ads.nonagon.signals.fq.a(:com.google.android.gms.policy_ads_fdr_dynamite@232400001@232400000057.538171701.538171701:108)

08-11 23:44:10.105  6493  6493 I LSPosed-Bridge: 	at com.google.android.gms.ads.nonagon.ad.common.ci.a(:com.google.android.gms.policy_ads_fdr_dynamite@232400001@232400000057.538171701.538171701:12)

08-11 23:44:10.105  6493  6493 I LSPosed-Bridge: 	at com.google.android.gms.ads.nonagon.ad.common.ci.b(:com.google.android.gms.policy_ads_fdr_dynamite@232400001@232400000057.538171701.538171701:1)

08-11 23:44:10.105  6493  6493 I LSPosed-Bridge: 	at com.google.android.gms.ads.nonagon.ad.common.ai.d(:com.google.android.gms.policy_ads_fdr_dynamite@232400001@232400000057.538171701.538171701:16)

08-11 23:44:10.105  6493  6493 I LSPosed-Bridge: 	at com.google.android.gms.ads.nonagon.ad.common.ai.b(:com.google.android.gms.policy_ads_fdr_dynamite@232400001@232400000057.538171701.538171701:1)

08-11 23:44:10.105  6493  6493 I LSPosed-Bridge: 	at com.google.android.gms.ads.nonagon.shim.ai.L(:com.google.android.gms.policy_ads_fdr_dynamite@232400001@232400000057.538171701.538171701:450)

08-11 23:44:10.105  6493  6493 I LSPosed-Bridge: 	at com.google.android.gms.ads.nonagon.shim.ai.n(:com.google.android.gms.policy_ads_fdr_dynamite@232400001@232400000057.538171701.538171701:8)

08-11 23:44:10.105  6493  6493 I LSPosed-Bridge: 	at com.google.android.gms.ads.nonagon.shim.ab.n(:com.google.android.gms.policy_ads_fdr_dynamite@232400001@232400000057.538171701.538171701:3)

08-11 23:44:10.105  6493  6493 I LSPosed-Bridge: 	at com.google.android.gms.ads.internal.client.bf.bN(:com.google.android.gms.policy_ads_fdr_dynamite@232400001@232400000057.538171701.538171701:118)

08-11 23:44:10.105  6493  6493 I LSPosed-Bridge: 	at agd.onTransact(:com.google.android.gms.policy_ads_fdr_dynamite@232400001@232400000057.538171701.538171701:21)

08-11 23:44:10.105  6493  6493 I LSPosed-Bridge: 	at android.os.Binder.transact(Binder.java:667)

08-11 23:44:10.105  6493  6493 I LSPosed-Bridge: 	at com.google.android.gms.internal.ads.zzasd.zzbl(Unknown Source:7)

08-11 23:44:10.105  6493  6493 I LSPosed-Bridge: 	at com.google.android.gms.ads.internal.client.zzbs.zzy(Unknown Source:12)

08-11 23:44:10.105  6493  6493 I LSPosed-Bridge: 	at com.google.android.gms.internal.ads.zzbss.zza(Unknown Source:17)

08-11 23:44:10.105  6493  6493 I LSPosed-Bridge: 	at com.google.android.gms.ads.interstitial.InterstitialAd.load(Unknown Source:80)

08-11 23:44:10.105  6493  6493 I LSPosed-Bridge: 	at x8.b.a(SourceFile:81)

08-11 23:44:10.105  6493  6493 I LSPosed-Bridge: 	at w8.k.a(SourceFile:39)

08-11 23:44:10.105  6493  6493 I LSPosed-Bridge: 	at w8.c$a.c(SourceFile:128)

08-11 23:44:10.105  6493  6493 I LSPosed-Bridge: 	at w8.c.h(SourceFile:635)

08-11 23:44:10.105  6493  6493 I LSPosed-Bridge: 	at w8.c$h.invoke(SourceFile:16)

08-11 23:44:10.105  6493  6493 I LSPosed-Bridge: 	at x8.b$a.onAdDismissedFullScreenContent(Unknown Source:14)

08-11 23:44:10.105  6493  6493 I LSPosed-Bridge: 	at com.google.android.gms.ads.internal.client.zzbb.zzc(Unknown Source:4)

08-11 23:44:10.105  6493  6493 I LSPosed-Bridge: 	at com.google.android.gms.ads.internal.client.zzch.zzbK(Unknown Source:25)

08-11 23:44:10.105  6493  6493 I LSPosed-Bridge: 	at com.google.android.gms.internal.ads.zzase.onTransact(Unknown Source:20)

08-11 23:44:10.105  6493  6493 I LSPosed-Bridge: 	at android.os.Binder.transact(Binder.java:667)

08-11 23:44:10.105  6493  6493 I LSPosed-Bridge: 	at agc.ba(:com.google.android.gms.policy_ads_fdr_dynamite@232400001@232400000057.538171701.538171701:8)

08-11 23:44:10.105  6493  6493 I LSPosed-Bridge: 	at com.google.android.gms.ads.internal.client.bq.f(:com.google.android.gms.policy_ads_fdr_dynamite@232400001@232400000057.538171701.538171701:6)

08-11 23:44:10.105  6493  6493 I LSPosed-Bridge: 	at com.google.android.gms.ads.nonagon.shim.h.a(:com.google.android.gms.policy_ads_fdr_dynamite@232400001@232400000057.538171701.538171701:3)

08-11 23:44:10.105  6493  6493 I LSPosed-Bridge: 	at com.google.android.gms.ads.nonagon.slot.common.p.a(:com.google.android.gms.policy_ads_fdr_dynamite@232400001@232400000057.538171701.538171701:8)

08-11 23:44:10.105  6493  6493 I LSPosed-Bridge: 	at com.google.android.gms.ads.nonagon.shim.z.b(:com.google.android.gms.policy_ads_fdr_dynamite@232400001@232400000057.538171701.538171701:12)

08-11 23:44:10.105  6493  6493 I LSPosed-Bridge: 	at com.google.android.gms.ads.nonagon.ad.event.ae.a(:com.google.android.gms.policy_ads_fdr_dynamite@232400001@232400000057.538171701.538171701:3)

08-11 23:44:10.105  6493  6493 I LSPosed-Bridge: 	at com.google.android.gms.ads.nonag

08-11 23:44:10.105  6493 22209 I LSPosed-Bridge: 6493 PermLabel hookBinder_test 10117 interfaceBinder =com.android.internal.telephony.ISub; arg0 = 22; arg1 = android.os.Parcel@6dcb18; arg2 = android.os.Parcel@c198e63; arg3 = 0; res = true; stacktrace=java.lang.Exception

08-11 23:44:10.105  6493 22209 I LSPosed-Bridge: 	at com.example.permlabel.hookBinder_test$1.afterHookedMethod(hookBinder_test.java:62)

08-11 23:44:10.105  6493 22209 I LSPosed-Bridge: 	at de.robv.android.xposed.XposedBridge$AdditionalHookInfo.callback(Unknown Source:147)

08-11 23:44:10.105  6493 22209 I LSPosed-Bridge: 	at LSPHooker_.transact(Unknown Source:28)

08-11 23:44:10.105  6493 22209 I LSPosed-Bridge: 	at com.android.internal.telephony.ISub$Stub$Proxy.getPhoneId(ISub.java:882)

08-11 23:44:10.105  6493 22209 I LSPosed-Bridge: 	at android.telephony.SubscriptionManager.getPhoneId(SubscriptionManager.java:1224)

08-11 23:44:10.105  6493 22209 I LSPosed-Bridge: 	at android.telephony.TelephonyManager.getPhoneId(TelephonyManager.java:4918)

08-11 23:44:10.105  6493 22209 I LSPosed-Bridge: 	at android.telephony.TelephonyManager.getNetworkOperator(TelephonyManager.java:1785)

08-11 23:44:10.105  6493 22209 I LSPosed-Bridge: 	at com.google.android.gms.ads.nonagon.signals.fx.call(:com.google.android.gms.policy_ads_fdr_dynamite@232400001@232400000057.538171701.538171701:13)

08-11 23:44:10.105  6493 22209 I LSPosed-Bridge: 	at btb.a(:com.google.android.gms.policy_ads_fdr_dynamite@232400001@232400000057.538171701.538171701:3)

08-11 23:44:10.105  6493 22209 I LSPosed-Bridge: 	at bsj.run(:com.google.android.gms.policy_ads_fdr_dynamite@232400001@232400000057.538171701.538171701:21)

08-11 23:44:10.105  6493 22209 I LSPosed-Bridge: 	at btc.run(:com.google.android.gms.policy_ads_fdr_dynamite@232400001@232400000057.538171701.538171701:5)

08-11 23:44:10.105  6493 22209 I LSPosed-Bridge: 	at java.util.concurrent.ThreadPoolExecutor.runWorker(ThreadPoolExecutor.java:1167)

08-11 23:44:10.105  6493 22209 I LSPosed-Bridge: 	at java.util.concurrent.ThreadPoolExecutor$Worker.run(ThreadPoolExecutor.java:641)

08-11 23:44:10.105  6493 22209 I LSPosed-Bridge: 	at java.lang.Thread.run(Thread.java:764)

08-11 23:44:10.535  1513  9928 I LSPosed-Bridge: 6493 PermLabel 10117 AMS.checkPermission: Binder.getCallingPid() = 6493; uid = 10117; Binder.getCallingUid() = 10117; getNameForUid: com.powerful.clean.booster; getPackagesForUid: [com.powerful.clean.booster]; permName: android.permission.GET_TASKS; type = 0; res = -1; stacktrace=java.lang.Exception

08-11 23:44:10.535  1513  9928 I LSPosed-Bridge: 	at com.example.permlabel.requirePerm$1$2.afterHookedMethod(requirePerm.java:131)

08-11 23:44:10.535  1513  9928 I LSPosed-Bridge: 	at de.robv.android.xposed.XposedBridge$AdditionalHookInfo.callback(Unknown Source:147)

08-11 23:44:10.535  1513  9928 I LSPosed-Bridge: 	at LSPHooker_.checkPermission(Unknown Source:25)

08-11 23:44:10.535  1513  9928 I LSPosed-Bridge: 	at com.android.server.am.ActivityManagerService.isGetTasksAllowed(ActivityManagerService.java:10902)

08-11 23:44:10.535  1513  9928 I LSPosed-Bridge: 	at com.android.server.am.ActivityManagerService.getRunningAppProcesses(ActivityManagerService.java:16139)

08-11 23:44:10.535  1513  9928 I LSPosed-Bridge: 	at android.app.IActivityManager$Stub.onTransact(IActivityManager.java:1088)

08-11 23:44:10.535  1513  9928 I LSPosed-Bridge: 	at com.android.server.am.ActivityManagerService.onTransact(ActivityManagerService.java:3346)

08-11 23:44:10.535  1513  9928 I LSPosed-Bridge: 	at android.os.Binder.execTransact(Binder.java:731)

08-11 23:44:10.535  6493 16623 I LSPosed-Bridge: 6493 PermLabel hookBinder_test 10117 interfaceBinder =android.content.pm.IPackageManager; arg0 = 13; arg1 = android.os.Parcel@4193a91; arg2 = android.os.Parcel@de3d150; arg3 = 0; res = true; stacktrace=java.lang.Exception

08-11 23:44:10.535  6493 16623 I LSPosed-Bridge: 	at com.example.permlabel.hookBinder_test$1.afterHookedMethod(hookBinder_test.java:62)

08-11 23:44:10.535  6493 16623 I LSPosed-Bridge: 	at de.robv.android.xposed.XposedBridge$AdditionalHookInfo.callback(Unknown Source:147)

08-11 23:44:10.535  6493 16623 I LSPosed-Bridge: 	at LSPHooker_.transact(Unknown Source:28)

08-11 23:44:10.535  6493 16623 I LSPosed-Bridge: 	at android.content.pm.IPackageManager$Stub$Proxy.getApplicationInfo(IPackageManager.java:3104)

08-11 23:44:10.535  6493 16623 I LSPosed-Bridge: 	at android.app.ApplicationPackageManager.getApplicationInfoAsUser(ApplicationPackageManager.java:384)

08-11 23:44:10.535  6493 16623 I LSPosed-Bridge: 	at android.app.ApplicationPackageManager.getApplicationInfo(ApplicationPackageManager.java:377)

08-11 23:44:10.535  6493 16623 I LSPosed-Bridge: 	at m.cr.a(:com.google.android.gms.dynamite_measurementdynamite@233013028@23.30.13 (100400-0):7)

08-11 23:44:10.535  6493 16623 I LSPosed-Bridge: 	at m.ek.c(:com.google.android.gms.dynamite_measurementdynamite@233013028@23.30.13 (100400-0):42)

08-11 23:44:10.535  6493 16623 I LSPosed-Bridge: 	at m.ek.d(:com.google.android.gms.dynamite_measurementdynamite@233013028@23.30.13 (100400-0):4)

08-11 23:44:10.535  6493 16623 I LSPosed-Bridge: 	at m.ix.a(:com.google.android.gms.dynamite_measurementdynamite@233013028@23.30.13 (100400-0):71)

08-11 23:44:10.535  6493 16623 I LSPosed-Bridge: 	at m.ix.u(:com.google.android.gms.dynamite_measurementdynamite@233013028@23.30.13 (100400-0):1)

08-11 23:44:10.535  6493 16623 I LSPosed-Bridge: 	at m.lx.f(:com.google.android.gms.dynamite_measurementdynamite@233013028@23.30.13 (100400-0):44)

08-11 23:44:10.535  6493 16623 I LSPosed-Bridge: 	at m.kk.U(:com.google.android.gms.dynamite_measurementdynamite@233013028@23.30.13 (100400-0):166)

08-11 23:44:10.535  6493 16623 I LSPosed-Bridge: 	at m.kk.E(:com.google.android.gms.dynamite_measurementdynamite@233013028@23.30.13 (100400-0):31)

08-11 23:44:10.535  6493 16623 I LSPosed-Bridge: 	at m.ky.A(:com.google.android.gms.dynamite_measurementdynamite@233013028@23.30.13 (100400-0):188)

08-11 23:44:10.535  6493 16623 I LSPosed-Bridge: 	at m.kt.run(:com.google.android.gms.dynamite_measurementdynamite@233013028@23.30.13 (100400-0):12)

08-11 23:44:10.535  6493 16623 I LSPosed-Bridge: 	at java.util.concurrent.Executors$RunnableAdapter.call(Executors.java:458)

08-11 23:44:10.535  6493 16623 I LSPosed-Bridge: 	at java.util.concurrent.FutureTask.run(FutureTask.java:266)

08-11 23:44:10.535  6493 16623 I LSPosed-Bridge: 	at m.it.run(:com.google.android.gms.dynamite_measurementdynamite@233013028@23.30.13 (100400-0):48)

08-11 23:44:10.535  6493  6493 I LSPosed-Bridge: 6493 PermLabel hookBinder_test 10117 interfaceBinder =android.app.IActivityManager; arg0 = 81; arg1 = android.os.Parcel@f0daef4; arg2 = android.os.Parcel@756b130; arg3 = 0; res = true; stacktrace=java.lang.Exception

08-11 23:44:10.535  6493  6493 I LSPosed-Bridge: 	at com.example.permlabel.hookBinder_test$1.afterHookedMethod(hookBinder_test.java:62)

08-11 23:44:10.535  6493  6493 I LSPosed-Bridge: 	at de.robv.android.xposed.XposedBridge$AdditionalHookInfo.callback(Unknown Source:147)

08-11 23:44:10.535  6493  6493 I LSPosed-Bridge: 	at LSPHooker_.transact(Unknown Source:28)

08-11 23:44:10.535  6493  6493 I LSPosed-Bridge: 	at android.app.IActivityManager$Stub$Proxy.getRunningAppProcesses(IActivityManager.java:5366)

08-11 23:44:10.535  6493  6493 I LSPosed-Bridge: 	at android.app.ActivityManager.getRunningAppProcesses(ActivityManager.java:3435)

08-11 23:44:10.535  6493  6493 I LSPosed-Bridge: 	at java.lang.reflect.Method.invoke(Native Method)

08-11 23:44:10.535  6493  6493 I LSPosed-Bridge: 	at org.lsposed.lspd.nativebridge.HookBridge.invokeOriginalMethod(Native Method)

08-11 23:44:10.535  6493  6493 I LSPosed-Bridge: 	at de.robv.android.xposed.XposedBridge$AdditionalHookInfo.callback(Unknown Source:110)

08-11 23:44:10.535  6493  6493 I LSPosed-Bridge: 	at LSPHooker_.getRunningAppProcesses(Unknown Source:8)

08-11 23:44:10.535  6493  6493 I LSPosed-Bridge: 	at com.google.ccc.abuse.droidguard.DroidGuard.xssNative(Native Method)

08-11 23:44:10.535  6493  6493 I LSPosed-Bridge: 	at com.google.ccc.abuse.droidguard.DroidGuard.xss(DroidGuard.java:542)

08-11 23:44:10.535  6493  6493 I LSPosed-Bridge: 	at java.lang.reflect.Method.invoke(Native Method)

08-11 23:44:10.535  6493  6493 I LSPosed-Bridge: 	at asd.j(:com.google.android.gms.policy_ads_fdr_dynamite@232400001@232400000057.538171701.538171701:40)

08-11 23:44:10.535  6493  6493 I LSPosed-Bridge: 	at asd.e(:com.google.android.gms.policy_ads_fdr_dynamite@232400001@232400000057.538171701.538171701:49)

08-11 23:44:10.535  6493  6493 I LSPosed-Bridge: 	at aef.h(:com.google.android.gms.policy_ads_fdr_dynamite@232400001@232400000057.538171701.538171701:38)

08-11 23:44:10.535  6493  6493 I LSPosed-Bridge: 	at com.google.android.gms.ads.internal.i.h(:com.google.android.gms.policy_ads_fdr_dynamite@232400001@232400000057.538171701.538171701:48)

08-11 23:44:10.535  6493  6493 I LSPosed-Bridge: 	at com.google.android.gms.ads.nonagon.ad.nativead.q.n(:com.google.android.gms.policy_ads_fdr_dynamite@232400001@232400000057.538171701.538171701:46)

08-11 23:44:10.535  6493  6493 I LSPosed-Bridge: 	at com.google.android.gms.ads.nonagon.ad.nativead.an.M(:com.google.android.gms.policy_ads_fdr_dynamite@232400001@232400000057.538171701.538171701:172)

08-11 23:44:10.535  6493  6493 I LSPosed-Bridge: 	at com.google.android.gms.ads.nonagon.ad.nativead.an.k(:com.google.android.gms.policy_ads_fdr_dynamite@232400001@232400000057.538171701.538171701:227)

