08-11 23:45:41.540  6493  6493 I LSPosed-Bridge: 	at com.google.android.gms.ads.internal.webview.ah.run(:com.google.android.gms.policy_ads_fdr_dynamite@232400001@232400000057.538171701.538171701:25)

08-11 23:45:41.540  6493  6493 I LSPosed-Bridge: 	at android.os.Handler.handleCallback(Handler.java:873)

08-11 23:45:41.540  6493  6493 I LSPosed-Bridge: 	at android.os.Handler.dispatchMessage(Handler.java:99)

08-11 23:45:41.540  6493  6493 I LSPosed-Bridge: 	at ate.a(:com.google.android.gms.policy_ads_fdr_dynamite@232400001@232400000057.538171701.538171701:1)

08-11 23:45:41.540  6493  6493 I LSPosed-Bridge: 	at com.google.android.gms.ads.internal.util.f.a(:com.google.android.gms.policy_ads_fdr_dynamite@232400001@232400000057.538171701.538171701:2)

08-11 23:45:41.540  6493  6493 I LSPosed-Bridge: 	at ate.dispatchMessage(:com.google.android.gms.policy_ads_fdr_dynamite@232400001@232400000057.538171701.538171701:1)

08-11 23:45:41.540  6493  6493 I LSPosed-Bridge: 	at android.os.Looper.loop(Looper.java:193)

08-11 23:45:41.540  6493  6493 I LSPosed-Bridge: 	at android.app.ActivityThread.main(ActivityThread.java:6692)

08-11 23:45:41.540  6493  6493 I LSPosed-Bridge: 	at java.lang.reflect.Method.invoke(Native Method)

08-11 23:45:41.540  6493  6493 I LSPosed-Bridge: 	at com.android.internal.os.RuntimeInit$MethodAndArgsCaller.run(RuntimeInit.java:493)

08-11 23:45:41.540  6493  6493 I LSPosed-Bridge: 	at com.android.internal.os.ZygoteInit.main(ZygoteInit.java:858)

08-11 23:45:41.540  6493  6493 I LSPosed-Bridge: 6493 PermLabel getRunningAppProcesses =android.app.ActivityManager$RunningAppProcessInfo@3df0f2e

08-11 23:45:41.540  6493  6493 I LSPosed-Bridge: 6493 PermLabel getRunningAppProcesses processName: com.powerful.clean.booster pid: 6493

08-11 23:45:41.540  6493  6493 I LSPosed-Bridge: 6493 PermLabel getRunningAppProcesses importance: 100 pid: 6493

08-11 23:45:41.540  6493  6493 I LSPosed-Bridge: 6493 PermLabel getRunningAppProcesses packageName com.powerful.clean.booster at index 0 in process 6493

08-11 23:45:41.540  6493  6493 I LSPosed-Bridge: 6493 PermLabel getRunningAppProcesses =android.app.ActivityManager$RunningAppProcessInfo@82daacf

08-11 23:45:41.540  6493  6493 I LSPosed-Bridge: 6493 PermLabel getRunningAppProcesses processName: com.powerful.clean.booster:daemon pid: 6809

08-11 23:45:41.540  6493  6493 I LSPosed-Bridge: 6493 PermLabel getRunningAppProcesses importance: 125 pid: 6809

08-11 23:45:41.540  6493  6493 I LSPosed-Bridge: 6493 PermLabel getRunningAppProcesses packageName com.powerful.clean.booster at index 0 in process 6809

08-11 23:45:41.540  6493  6493 I LSPosed-Bridge: 6493 PermLabel getRunningAppProcesses =android.app.ActivityManager$RunningAppProcessInfo@96fc5c

08-11 23:45:41.540  6493  6493 I LSPosed-Bridge: 6493 PermLabel getRunningAppProcesses processName: com.powerful.clean.booster:assist pid: 6820

08-11 23:45:41.540  6493  6493 I LSPosed-Bridge: 6493 PermLabel getRunningAppProcesses importance: 125 pid: 6820

08-11 23:45:41.540  6493  6493 I LSPosed-Bridge: 6493 PermLabel getRunningAppProcesses packageName com.powerful.clean.booster at index 0 in process 6820

08-11 23:45:41.540  6493  6493 I LSPosed-Bridge: 6493 PermLabel getRunningAppProcesses =android.app.ActivityManager$RunningAppProcessInfo@c55ab65

08-11 23:45:41.540  6493  6493 I LSPosed-Bridge: 6493 PermLabel getRunningAppProcesses processName: com.powerful.clean.booster:god pid: 7412

08-11 23:45:41.540  6493  6493 I LSPosed-Bridge: 6493 PermLabel getRunningAppProcesses importance: 125 pid: 7412

08-11 23:45:41.540  6493  6493 I LSPosed-Bridge: 6493 PermLabel getRunningAppProcesses packageName com.powerful.clean.booster at index 0 in process 7412

08-11 23:45:44.192  1513  9928 I LSPosed-Bridge: 6493 PermLabel 10117 AMS.checkPermission: Binder.getCallingPid() = 6493; uid = 10117; Binder.getCallingUid() = 10117; getNameForUid: com.powerful.clean.booster; getPackagesForUid: [com.powerful.clean.booster]; permName: android.permission.GET_TASKS; type = 0; res = -1; stacktrace=java.lang.Exception

08-11 23:45:44.192  1513  9928 I LSPosed-Bridge: 	at com.example.permlabel.requirePerm$1$2.afterHookedMethod(requirePerm.java:131)

08-11 23:45:44.192  1513  9928 I LSPosed-Bridge: 	at de.robv.android.xposed.XposedBridge$AdditionalHookInfo.callback(Unknown Source:147)

08-11 23:45:44.192  1513  9928 I LSPosed-Bridge: 	at LSPHooker_.checkPermission(Unknown Source:25)

08-11 23:45:44.192  1513  9928 I LSPosed-Bridge: 	at com.android.server.am.ActivityManagerService.isGetTasksAllowed(ActivityManagerService.java:10902)

08-11 23:45:44.192  1513  9928 I LSPosed-Bridge: 	at com.android.server.am.ActivityManagerService.getRunningAppProcesses(ActivityManagerService.java:16139)

08-11 23:45:44.192  1513  9928 I LSPosed-Bridge: 	at android.app.IActivityManager$Stub.onTransact(IActivityManager.java:1088)

08-11 23:45:44.192  1513  9928 I LSPosed-Bridge: 	at com.android.server.am.ActivityManagerService.onTransact(ActivityManagerService.java:3346)

08-11 23:45:44.192  1513  9928 I LSPosed-Bridge: 	at android.os.Binder.execTransact(Binder.java:731)

08-11 23:45:44.192   554   554 I ConfigStore: android::hardware::configstore::V1_0::ISurfaceFlingerConfigs::hasHDRDisplay retrieved: 0

08-11 23:45:44.192  6493  6493 I LSPosed-Bridge: 6493 PermLabel hookBinder_test 10117 interfaceBinder =android.hardware.display.IDisplayManager; arg0 = 1; arg1 = android.os.Parcel@31b61e2; arg2 = android.os.Parcel@5031fa7; arg3 = 0; res = true; stacktrace=java.lang.Exception

08-11 23:45:44.192  6493  6493 I LSPosed-Bridge: 	at com.example.permlabel.hookBinder_test$1.afterHookedMethod(hookBinder_test.java:62)

08-11 23:45:44.192  6493  6493 I LSPosed-Bridge: 	at de.robv.android.xposed.XposedBridge$AdditionalHookInfo.callback(Unknown Source:147)

08-11 23:45:44.192  6493  6493 I LSPosed-Bridge: 	at LSPHooker_.transact(Unknown Source:28)

08-11 23:45:44.192  6493  6493 I LSPosed-Bridge: 	at android.hardware.display.IDisplayManager$Stub$Proxy.getDisplayInfo(IDisplayManager.java:404)

08-11 23:45:44.192  6493  6493 I LSPosed-Bridge: 	at android.hardware.display.DisplayManagerGlobal.getDisplayInfo(DisplayManagerGlobal.java:124)

08-11 23:45:44.192  6493  6493 I LSPosed-Bridge: 	at android.view.Display.updateDisplayInfoLocked(Display.java:1046)

08-11 23:45:44.192  6493  6493 I LSPosed-Bridge: 	at android.view.Display.getRealMetrics(Display.java:999)

08-11 23:45:44.192  6493  6493 I LSPosed-Bridge: 	at afr.d(:com.google.android.gms.policy_ads_fdr_dynamite@232400001@232400000057.538171701.538171701:18)

08-11 23:45:44.192  6493  6493 I LSPosed-Bridge: 	at afr.c(:com.google.android.gms.policy_ads_fdr_dynamite@232400001@232400000057.538171701.538171701:21)

08-11 23:45:44.192  6493  6493 I LSPosed-Bridge: 	at aef.h(:com.google.android.gms.policy_ads_fdr_dynamite@232400001@232400000057.538171701.538171701:20)

08-11 23:45:44.192  6493  6493 I LSPosed-Bridge: 	at com.google.android.gms.ads.internal.i.h(:com.google.android.gms.policy_ads_fdr_dynamite@232400001@232400000057.538171701.538171701:48)

08-11 23:45:44.192  6493  6493 I LSPosed-Bridge: 	at com.google.android.gms.ads.nonagon.ad.nativead.q.n(:com.google.android.gms.policy_ads_fdr_dynamite@232400001@232400000057.538171701.538171701:46)

08-11 23:45:44.192  6493  6493 I LSPosed-Bridge: 	at com.google.android.gms.ads.nonagon.ad.nativead.an.M(:com.google.android.gms.policy_ads_fdr_dynamite@232400001@232400000057.538171701.538171701:172)

08-11 23:45:44.192  6493  6493 I LSPosed-Bridge: 	at com.google.android.gms.ads.nonagon.ad.nativead.an.k(:com.google.android.gms.policy_ads_fdr_dynamite@232400001@232400000057.538171701.538171701:227)

08-11 23:45:44.192  6493  6493 I LSPosed-Bridge: 	at com.google.android.gms.ads.nonagon.ad.nativead.bn.onGlobalLayout(:com.google.android.gms.policy_ads_fdr_dynamite@232400001@232400000057.538171701.538171701:20)

08-11 23:45:44.192  6493  6493 I LSPosed-Bridge: 	at com.google.android.gms.ads.internal.util.weaklisteners.b.onGlobalLayout(:com.google.android.gms.policy_ads_fdr_dynamite@232400001@232400000057.538171701.538171701:11)

08-11 23:45:44.192  6493  6493 I LSPosed-Bridge: 	at android.view.ViewTreeObserver.dispatchOnGlobalLayout(ViewTreeObserver.java:945)

08-11 23:45:44.192  6493  6493 I LSPosed-Bridge: 	at android.view.ViewRootImpl.performTraversals(ViewRootImpl.java:2363)

08-11 23:45:44.192  6493  6493 I LSPosed-Bridge: 	at android.view.ViewRootImpl.doTraversal(ViewRootImpl.java:1465)

08-11 23:45:44.192  6493  6493 I LSPosed-Bridge: 	at android.view.ViewRootImpl$TraversalRunnable.run(ViewRootImpl.java:7205)

08-11 23:45:44.192  6493  6493 I LSPosed-Bridge: 	at android.view.Choreographer$CallbackRecord.run(Choreographer.java:1004)

08-11 23:45:44.192  6493  6493 I LSPosed-Bridge: 	at android.view.Choreographer.doCallbacks(Choreographer.java:816)

08-11 23:45:44.192  6493  6493 I LSPosed-Bridge: 	at android.view.Choreographer.doFrame(Choreographer.java:751)

08-11 23:45:44.192  6493  6493 I LSPosed-Bridge: 	at android.view.Choreographer$FrameDisplayEventReceiver.run(Choreographer.java:990)

08-11 23:45:44.192  6493  6493 I LSPosed-Bridge: 	at android.os.Handler.handleCallback(Handler.java:873)

08-11 23:45:44.192  6493  6493 I LSPosed-Bridge: 	at android.os.Handler.dispatchMessage(Handler.java:99)

08-11 23:45:44.192  6493  6493 I LSPosed-Bridge: 	at android.os.Looper.loop(Looper.java:193)

08-11 23:45:44.192  6493  6493 I LSPosed-Bridge: 	at android.app.ActivityThread.main(ActivityThread.java:6692)

08-11 23:45:44.192  6493  6493 I LSPosed-Bridge: 	at java.lang.reflect.Method.invoke(Native Method)

08-11 23:45:44.192  6493  6493 I LSPosed-Bridge: 	at com.android.internal.os.RuntimeInit$MethodAndArgsCaller.run(RuntimeInit.java:493)

08-11 23:45:44.192  6493  6493 I LSPosed-Bridge: 	at com.android.internal.os.ZygoteInit.main(ZygoteInit.java:858)

08-11 23:45:44.192  6493 29615 I LSPosed-Bridge: 6493 PermLabel hookBinder_test 10117 interfaceBinder =; arg0 = 1; arg1 = android.os.Parcel@d057c75; arg2 = android.os.Parcel@a4da9af; arg3 = 0; res = true; stacktrace=java.lang.Exception

08-11 23:45:44.192  6493 29615 I LSPosed-Bridge: 	at com.example.permlabel.hookBinder_test$1.afterHookedMethod(hookBinder_test.java:62)

08-11 23:45:44.192  6493 29615 I LSPosed-Bridge: 	at de.robv.android.xposed.XposedBridge$AdditionalHookInfo.callback(Unknown Source:147)

08-11 23:45:44.192  6493 29615 I LSPosed-Bridge: 	at LSPHooker_.transact(Unknown Source:28)

08-11 23:45:44.192  6493 29615 I LSPosed-Bridge: 	at android.os.ServiceManagerProxy.getService(ServiceManagerNative.java:125)

08-11 23:45:44.192  6493 29615 I LSPosed-Bridge: 	at android.os.ServiceManager.rawGetService(ServiceManager.java:253)

08-11 23:45:44.192  6493 29615 I LSPosed-Bridge: 	at android.os.ServiceManager.getService(ServiceManager.java:124)

08-11 23:45:44.192  6493 29615 I LSPosed-Bridge: 	at android.telephony.TelephonyManager.getITelephony(TelephonyManager.java:4168)

08-11 23:45:44.192  6493 29615 I LSPosed-Bridge: 	at android.telephony.TelephonyManager.getNetworkType(TelephonyManager.java:1984)

08-11 23:45:44.192  6493 29615 I LSPosed-Bridge: 	at com.google.android.gms.ads.internal.util.x.m(:com.google.android.gms.policy_ads_fdr_dynamite@232400001@232400000057.538171701.538171701:9)

08-11 23:45:44.192  6493 29615 I LSPosed-Bridge: 	at com.google.android.gms.ads.nonagon.signals.fx.call(:com.google.android.gms.policy_ads_fdr_dynamite@232400001@232400000057.538171701.538171701:87)

08-11 23:45:44.192  6493 29615 I LSPosed-Bridge: 	at btb.a(:com.google.android.gms.policy_ads_fdr_dynamite@232400001@232400000057.538171701.538171701:3)

08-11 23:45:44.192  6493 29615 I LSPosed-Bridge: 	at bsj.run(:com.google.android.gms.policy_ads_fdr_dynamite@232400001@232400000057.538171701.538171701:21)

08-11 23:45:44.192  6493 29615 I LSPosed-Bridge: 	at btc.run(:com.google.android.gms.policy_ads_fdr_dynamite@232400001@232400000057.538171701.538171701:5)

08-11 23:45:44.192  6493 29615 I LSPosed-Bridge: 	at java.util.concurrent.ThreadPoolExecutor.runWorker(ThreadPoolExecutor.java:1167)

08-11 23:45:44.192  6493 29615 I LSPosed-Bridge: 	at java.util.concurrent.ThreadPoolExecutor$Worker.run(ThreadPoolExecutor.java:641)

08-11 23:45:44.192  6493 29615 I LSPosed-Bridge: 	at java.lang.Thread.run(Thread.java:764)

08-11 23:45:44.214  1513  9928 I LSPosed-Bridge: 6493 PermLabel 10117 AMS.checkPermission: Binder.getCallingPid() = 6493; uid = 10117; Binder.getCallingUid() = 10117; getNameForUid: com.powerful.clean.booster; getPackagesForUid: [com.powerful.clean.booster]; permName: android.permission.GET_TASKS; type = 0; res = -1; stacktrace=java.lang.Exception

08-11 23:45:44.214  1513  9928 I LSPosed-Bridge: 	at com.example.permlabel.requirePerm$1$2.afterHookedMethod(requirePerm.java:131)

08-11 23:45:44.214  1513  9928 I LSPosed-Bridge: 	at de.robv.android.xposed.XposedBridge$AdditionalHookInfo.callback(Unknown Source:147)

08-11 23:45:44.214  1513  9928 I LSPosed-Bridge: 	at LSPHooker_.checkPermission(Unknown Source:25)

08-11 23:45:44.214  1513  9928 I LSPosed-Bridge: 	at com.android.server.am.ActivityManagerService.isGetTasksAllowed(ActivityManagerService.java:10902)

08-11 23:45:44.214  1513  9928 I LSPosed-Bridge: 	at com.android.server.am.ActivityManagerService.getRunningAppProcesses(ActivityManagerService.java:16139)

08-11 23:45:44.214  1513  9928 I LSPosed-Bridge: 	at android.app.IActivityManager$Stub.onTransact(IActivityManager.java:1088)

08-11 23:45:44.214  1513  9928 I LSPosed-Bridge: 	at com.android.server.am.ActivityManagerService.onTransact(ActivityManagerService.java:3346)

08-11 23:45:44.214  1513  9928 I LSPosed-Bridge: 	at android.os.Binder.execTransact(Binder.java:731)

08-11 23:45:44.482  6493  6752 I LSPosed-Bridge: 6493 PermLabel hookBinder_test 10117 interfaceBinder =android.hardware.display.IDisplayManager; arg0 = 1; arg1 = android.os.Parcel@a954b76; arg2 = android.os.Parcel@31b61e2; arg3 = 0; res = true; stacktrace=java.lang.Exception

08-11 23:45:44.482  6493  6752 I LSPosed-Bridge: 	at com.example.permlabel.hookBinder_test$1.afterHookedMethod(hookBinder_test.java:62)

08-11 23:45:44.482  6493  6752 I LSPosed-Bridge: 	at de.robv.android.xposed.XposedBridge$AdditionalHookInfo.callback(Unknown Source:147)

08-11 23:45:44.482  6493  6752 I LSPosed-Bridge: 	at LSPHooker_.transact(Unknown Source:28)

08-11 23:45:44.482  6493  6752 I LSPosed-Bridge: 	at android.hardware.display.IDisplayManager$Stub$Proxy.getDisplayInfo(IDisplayManager.java:404)

08-11 23:45:44.482  6493  6752 I LSPosed-Bridge: 	at android.hardware.display.DisplayManagerGlobal.getDisplayInfo(DisplayManagerGlobal.java:124)

08-11 23:45:44.482  6493  6752 I LSPosed-Bridge: 	at android.view.Display.updateDisplayInfoLocked(Display.java:1046)

08-11 23:45:44.482  6493  6752 I LSPosed-Bridge: 	at android.view.Display.getMetrics(Display.java:961)

08-11 23:45:44.482  6493  6752 I LSPosed-Bridge: 	at com.facebook.internal.d0.J(SourceFile:367)

08-11 23:45:44.482  6493  6752 I LSPosed-Bridge: 	at n2.f.a(SourceFile:283)

08-11 23:45:44.482  6493  6752 I LSPosed-Bridge: 	at com.facebook.appevents.t.f(SourceFile:14)

08-11 23:45:44.482  6493  6752 I LSPosed-Bridge: 	at com.facebook.appevents.t.e(SourceFile:122)

08-11 23:45:44.482  6493  6752 I LSPosed-Bridge: 	at com.facebook.appevents.f.b(SourceFile:102)

08-11 23:45:44.482  6493  6752 I LSPosed-Bridge: 	at com.facebook.appevents.f.c(Unknown Source:54)

08-11 23:45:44.482  6493  6752 I LSPosed-Bridge: 	at com.facebook.appevents.f.f(SourceFile:26)

08-11 23:45:44.482  6493  6752 I LSPosed-Bridge: 	at com.facebook.appevents.f.e(SourceFile:26)

08-11 23:45:44.482  6493  6752 I LSPosed-Bridge: 	at com.facebook.appevents.g.run(Unknown Source:9)

08-11 23:45:44.482  6493  6752 I LSPosed-Bridge: 	at java.util.concurrent.Executors$RunnableAdapter.call(Executors.java:458)

08-11 23:45:44.482  6493  6752 I LSPosed-Bridge: 	at java.util.concurrent.FutureTask.run(FutureTask.java:266)

08-11 23:45:44.482  6493  6752 I LSPosed-Bridge: 	at java.util.concurrent.ScheduledThreadPoolExecutor$ScheduledFutureTask.run(ScheduledThreadPoolExecutor.java:301)

08-11 23:45:44.482  6493  6752 I LSPosed-Bridge: 	at java.util.concurrent.ThreadPoolExecutor.runWorker(ThreadPoolExecutor.java:1167)

08-11 23:45:44.482  6493  6752 I LSPosed-Bridge: 	at java.util.concurrent.ThreadPoolExecutor$Worker.run(ThreadPoolExecutor.java:641)

08-11 23:45:44.482  6493  6752 I LSPosed-Bridge: 	at java.lang.Thread.run(Thread.java:764)

08-11 23:45:44.482  1513  1851 I LSPosed-Bridge: 6493 PermLabel 10117 AMS.checkPermission: Binder.getCallingPid() = 6493; uid = 10117; Binder.getCallingUid() = 10117; getNameForUid: com.powerful.clean.booster; getPackagesForUid: [com.powerful.clean.booster]; permName: android.permission.GET_TASKS; type = 0; res = -1; stacktrace=java.lang.Exception

08-11 23:45:44.482  1513  1851 I LSPosed-Bridge: 	at com.example.permlabel.requirePerm$1$2.afterHookedMethod(requirePerm.java:131)

08-11 23:45:44.482  1513  1851 I LSPosed-Bridge: 	at de.robv.android.xposed.XposedBridge$AdditionalHookInfo.callback(Unknown Source:147)

08-11 23:45:44.482  1513  1851 I LSPosed-Bridge: 	at LSPHooker_.checkPermission(Unknown Source:25)

08-11 23:45:44.482  1513  1851 I LSPosed-Bridge: 	at com.android.server.am.ActivityManagerService.isGetTasksAllowed(ActivityManagerService.java:10902)

08-11 23:45:44.482  1513  1851 I LSPosed-Bridge: 	at com.android.server.am.ActivityManagerService.getRunningAppProcesses(ActivityManagerService.java:16139)

08-11 23:45:44.482  1513  1851 I LSPosed-Bridge: 	at android.app.IActivityManager$Stub.onTransact(IActivityManager.java:1088)

08-11 23:45:44.482  1513  1851 I LSPosed-Bridge: 	at com.android.server.am.ActivityManagerService.onTransact(ActivityManagerService.java:3346)

08-11 23:45:44.482  1513  1851 I LSPosed-Bridge: 	at android.os.Binder.execTransact(Binder.java:731)

08-11 23:45:44.482  6493 26736 I LSPosed-Bridge: 6493 PermLabel hookBinder_test 10117 interfaceBinder =android.app.IActivityManager; arg0 = 81; arg1 = android.os.Parcel@ec4716d; arg2 = android.os.Parcel@ffc113e; arg3 = 0; res = true; stacktrace=java.lang.Exception

08-11 23:45:44.482  6493 26736 I LSPosed-Bridge: 	at com.example.permlabel.hookBinder_test$1.afterHookedMethod(hookBinder_test.java:62)

08-11 23:45:44.482  6493 26736 I LSPosed-Bridge: 	at de.robv.android.xposed.XposedBridge$AdditionalHookInfo.callback(Unknown Source:147)

08-11 23:45:44.482  6493 26736 I LSPosed-Bridge: 	at LSPHooker_.transact(Unknown Source:28)

08-11 23:45:44.482  6493 26736 I LSPosed-Bridge: 	at android.app.IActivityManager$Stub$Proxy.getRunningAppProcesses(IActivityManager.java:5366)

08-11 23:45:44.482  6493 26736 I LSPosed-Bridge: 	at android.app.ActivityManager.getRunningAppProcesses(ActivityManager.java:3435)

08-11 23:45:44.482  6493 26736 I LSPosed-Bridge: 	at java.lang.reflect.Method.invoke(Native Method)

08-11 23:45:44.482  6493 26736 I LSPosed-Bridge: 	at org.lsposed.lspd.nativebridge.HookBridge.invokeOriginalMethod(Native Method)

08-11 23:45:44.482  6493 26736 I LSPosed-Bridge: 	at de.robv.android.xposed.XposedBridge$AdditionalHookInfo.callback(Unknown Source:110)

08-11 23:45:44.482  6493 26736 I LSPosed-Bridge: 	at LSPHooker_.getRunningAppProcesses(Unknown Source:8)

08-11 23:45:44.482  6493 26736 I LSPosed-Bridge: 	at com.google.ccc.abuse.droidguard.DroidGuard.xssNative(Native Method)

08-11 23:45:44.482  6493 26736 I LSPosed-Bridge: 	at com.google.ccc.abuse.droidguard.DroidGuard.xss(DroidGuard.java:542)

08-11 23:45:44.482  6493 26736 I LSPosed-Bridge: 	at java.lang.reflect.Method.invoke(Native Method)

08-11 23:45:44.482  6493 26736 I LSPosed-Bridge: 	at asd.j(:com.google.android.gms.policy_ads_fdr_dynamite@232400001@232400000057.538171701.538171701:40)

08-11 23:45:44.482  6493 26736 I LSPosed-Bridge: 	at asd.e(:com.google.android.gms.policy_ads_fdr_dynamite@232400001@232400000057.538171701.538171701:49)

08-11 23:45:44.482  6493 26736 I LSPosed-Bridge: 	at aef.h(:com.google.android.gms.policy_ads_fdr_dynamite@232400001@232400000057.538171701.538171701:38)

08-11 23:45:44.482  6493 26736 I LSPosed-Bridge: 	at com.google.android.gms.ads.internal.i.h(:com.google.android.gms.policy_ads_fdr_dynamite@232400001@232400000057.538171701.538171701:48)

08-11 23:45:44.482  6493 26736 I LSPosed-Bridge: 	at com.google.android.gms.ads.nonagon.ad.j.e(:com.google.android.gms.policy_ads_fdr_dynamite@232400001@232400000057.538171701.538171701:58)

08-11 23:45:44.482  6493 26736 I LSPosed-Bridge: 	at com.google.android.gms.ads.nonagon.ad.g.run(:com.google.android.gms.policy_ads_fdr_dynamite@232400001@232400000057.538171701.538171701:3)

08-11 23:45:44.482  6493 26736 I LSPosed-Bridge: 	at java.util.concurrent.ThreadPoolExecutor.runWorker(ThreadPoolExecutor.java:1167)

08-11 23:45:44.482  6493 26736 I LSPosed-Bridge: 	at java.util.concurrent.ThreadPoolExecutor$Worker.run(ThreadPoolExecutor.java:641)

08-11 23:45:44.482  6493 26736 I LSPosed-Bridge: 	at java.lang.Thread.run(Thread.java:764)

08-11 23:45:44.482  6493  6493 I LSPosed-Bridge: 6493 PermLabel hookBinder_test 10117 interfaceBinder =android.view.IWindowSession; arg0 = 14; arg1 = android.os.Parcel@a82d1a0; arg2 = android.os.Parcel@39222bb; arg3 = 0; res = true; stacktrace=java.lang.Exception

08-11 23:45:44.482  6493  6493 I LSPosed-Bridge: 	at com.example.permlabel.hookBinder_test$1.afterHookedMethod(hookBinder_test.java:62)

08-11 23:45:44.482  6493  6493 I LSPosed-Bridge: 	at de.robv.android.xposed.XposedBridge$AdditionalHookInfo.callback(Unknown Source:147)

08-11 23:45:44.482  6493  6493 I LSPosed-Bridge: 	at LSPHooker_.transact(Unknown Source:28)

08-11 23:45:44.482  6493  6493 I LSPosed-Bridge: 	at android.view.IWindowSession$Stub$Proxy.getInTouchMode(IWindowSession.java:1174)

08-11 23:45:44.482  6493  6493 I LSPosed-Bridge: 	at android.view.ViewRootImpl.isInTouchMode(ViewRootImpl.java:618)

08-11 23:45:44.482  6493  6493 I LSPosed-Bridge: 	at android.view.View.isInTouchMode(View.java:13108)

08-11 23:45:44.482  6493  6493 I LSPosed-Bridge: 	at org.chromium.ui.base.ViewAndroidDelegate.hasFocus(chromium-Monochrome.aab-stable-579016621:9)

08-11 23:45:44.482  6493  6493 I LSPosed-Bridge: 	at android.os.MessageQueue.nativePollOnce(Native Method)

08-11 23:45:44.482  6493  6493 I LSPosed-Bridge: 	at android.os.MessageQueue.next(MessageQueue.java:326)

08-11 23:45:44.482  6493  6493 I LSPosed-Bridge: 	at android.os.Looper.loop(Looper.java:160)

08-11 23:45:44.482  6493  6493 I LSPosed-Bridge: 	at android.app.ActivityThread.main(ActivityThread.java:6692)

08-11 23:45:44.482  6493  6493 I LSPosed-Bridge: 	at java.lang.reflect.Method.invoke(Native Method)

08-11 23:45:44.482  6493  6493 I LSPosed-Bridge: 	at com.android.internal.os.RuntimeInit$MethodAndArgsCaller.run(RuntimeInit.java:493)

08-11 23:45:44.482  6493  6493 I LSPosed-Bridge: 	at com.android.internal.os.ZygoteInit.main(ZygoteInit.java:858)

08-11 23:47:23.530  1513  6599 I LSPosed-Bridge: 6493 PermLabel 10117 AMS.checkPermission: Binder.getCallingPid() = 6493; uid = 10117; Binder.getCallingUid() = 10117; getNameForUid: com.powerful.clean.booster; getPackagesForUid: [com.powerful.clean.booster]; permName: android.permission.GET_TASKS; type = 0; res = -1; stacktrace=java.lang.Exception

08-11 23:47:23.530  1513  6599 I LSPosed-Bridge: 	at com.example.permlabel.requirePerm$1$2.afterHookedMethod(requirePerm.java:131)

08-11 23:47:23.530  1513  6599 I LSPosed-Bridge: 	at de.robv.android.xposed.XposedBridge$AdditionalHookInfo.callback(Unknown Source:147)

08-11 23:47:23.530  1513  6599 I LSPosed-Bridge: 	at LSPHooker_.checkPermission(Unknown Source:25)

08-11 23:47:23.530  1513  6599 I LSPosed-Bridge: 	at com.android.server.am.ActivityManagerService.isGetTasksAllowed(ActivityManagerService.java:10902)

08-11 23:47:23.530  1513  6599 I LSPosed-Bridge: 	at com.android.server.am.ActivityManagerService.getRunningAppProcesses(ActivityManagerService.java:16139)

08-11 23:47:23.530  1513  6599 I LSPosed-Bridge: 	at android.app.IActivityManager$Stub.onTransact(IActivityManager.java:1088)

08-11 23:47:23.530  1513  6599 I LSPosed-Bridge: 	at com.android.server.am.ActivityManagerService.onTransact(ActivityManagerService.java:3346)

08-11 23:47:23.530  1513  6599 I LSPosed-Bridge: 	at android.os.Binder.execTransact(Binder.java:731)

08-11 23:47:23.580  1513  1709 I LSPosed-Bridge: 6493 PermLabel 10117 AMS.checkPermission: Binder.getCallingPid() = 6493; uid = 10117; Binder.getCallingUid() = 10117; getNameForUid: com.powerful.clean.booster; getPackagesForUid: [com.powerful.clean.booster]; permName: android.permission.GET_TASKS; type = 0; res = -1; stacktrace=java.lang.Exception

08-11 23:47:23.580  1513  1709 I LSPosed-Bridge: 	at com.example.permlabel.requirePerm$1$2.afterHookedMethod(requirePerm.java:131)

08-11 23:47:23.580  1513  1709 I LSPosed-Bridge: 	at de.robv.android.xposed.XposedBridge$AdditionalHookInfo.callback(Unknown Source:147)

08-11 23:47:23.580  1513  1709 I LSPosed-Bridge: 	at LSPHooker_.checkPermission(Unknown Source:25)

08-11 23:47:23.580  1513  1709 I LSPosed-Bridge: 	at com.android.server.am.ActivityManagerService.isGetTasksAllowed(ActivityManagerService.java:10902)

08-11 23:47:23.580  1513  1709 I LSPosed-Bridge: 	at com.android.server.am.ActivityManagerService.getRunningAppProcesses(ActivityManagerService.java:16139)

08-11 23:47:23.580  1513  1709 I LSPosed-Bridge: 	at android.app.IActivityManager$Stub.onTransact(IActivityManager.java:1088)

08-11 23:47:23.580  1513  1709 I LSPosed-Bridge: 	at com.android.server.am.ActivityManagerService.onTransact(ActivityManagerService.java:3346)

08-11 23:47:23.580  1513  1709 I LSPosed-Bridge: 	at android.os.Binder.execTransact(Binder.java:731)

08-11 23:47:23.580  6493  6493 I LSPosed-Bridge: 6493 PermLabel hookBinder_test 10117 interfaceBinder =android.app.IActivityManager; arg0 = 81; arg1 = android.os.Parcel@3ca26a1; arg2 = android.os.Parcel@252de4e; arg3 = 0; res = true; stacktrace=java.lang.Exception

08-11 23:47:23.580  6493  6493 I LSPosed-Bridge: 	at com.example.permlabel.hookBinder_test$1.afterHookedMethod(hookBinder_test.java:62)

08-11 23:47:23.580  6493  6493 I LSPosed-Bridge: 	at de.robv.android.xposed.XposedBridge$AdditionalHookInfo.callback(Unknown Source:147)

08-11 23:47:23.580  6493  6493 I LSPosed-Bridge: 	at LSPHooker_.transact(Unknown Source:28)

08-11 23:47:23.580  6493  6493 I LSPosed-Bridge: 	at android.app.IActivityManager$Stub$Proxy.getRunningAppProcesses(IActivityManager.java:5366)

08-11 23:47:23.580  6493  6493 I LSPosed-Bridge: 	at android.app.ActivityManager.getRunningAppProcesses(ActivityManager.java:3435)

08-11 23:47:23.580  6493  6493 I LSPosed-Bridge: 	at java.lang.reflect.Method.invoke(Native Method)

08-11 23:47:23.580  6493  6493 I LSPosed-Bridge: 	at org.lsposed.lspd.nativebridge.HookBridge.invokeOriginalMethod(Native Method)

08-11 23:47:23.580  6493  6493 I LSPosed-Bridge: 	at de.robv.android.xposed.XposedBridge$AdditionalHookInfo.callback(Unknown Source:110)

08-11 23:47:23.580  6493  6493 I LSPosed-Bridge: 	at LSPHooker_.getRunningAppProcesses(Unknown Source:8)

08-11 23:47:23.580  6493  6493 I LSPosed-Bridge: 	at com.google.ccc.abuse.droidguard.DroidGuard.xssNative(Native Method)

08-11 23:47:23.580  6493  6493 I LSPosed-Bridge: 	at com.google.ccc.abuse.droidguard.DroidGuard.xss(DroidGuard.java:542)

08-11 23:47:23.580  6493  6493 I LSPosed-Bridge: 	at java.lang.reflect.Method.invoke(Native Method)

08-11 23:47:23.580  6493  6493 I LSPosed-Bridge: 	at asd.j(:com.google.android.gms.policy_ads_fdr_dynamite@232400001@232400000057.538171701.538171701:40)

08-11 23:47:23.580  6493  6493 I LSPosed-Bridge: 	at asd.d(:com.google.android.gms.policy_ads_fdr_dynamite@232400001@232400000057.538171701.538171701:56)

08-11 23:47:23.580  6493  6493 I LSPosed-Bridge: 	at aef.e(:com.google.android.gms.policy_ads_fdr_dynamite@232400001@232400000057.538171701.538171701:38)

08-11 23:47:23.580  6493  6493 I LSPosed-Bridge: 	at com.google.android.gms.ads.internal.i.e(:com.google.android.gms.policy_ads_fdr_dynamite@232400001@232400000057.538171701.538171701:41)

08-11 23:47:23.580  6493  6493 I LSPosed-Bridge: 	at aep.c(:com.google.android.gms.policy_ads_fdr_dynamite@232400001@232400000057.538171701.538171701:9)

08-11 23:47:23.580  6493  6493 I LSPosed-Bridge: 	at com.google.android.gms.ads.internal.gmsg.ah.b(:com.google.android.gms.policy_ads_fdr_dynamite@232400001@232400000057.538171701.538171701:29)

08-11 23:47:23.580  6493  6493 I LSPosed-Bridge: 	at com.google.android.gms.ads.nonagon.util.d.a(:com.google.android.gms.policy_ads_fdr_dynamite@232400001@232400000057.538171701.538171701:28)

08-11 23:47:23.580  6493  6493 I LSPosed-Bridge: 	at com.google.android.gms.ads.internal.webview.q.u(:com.google.android.gms.policy_ads_fdr_dynamite@232400001@232400000057.538171701.538171701:52)

08-11 23:47:23.580  6493  6493 I LSPosed-Bridge: 	at com.google.android.gms.ads.internal.webview.q.e(:com.google.android.gms.policy_ads_fdr_dynamite@232400001@232400000057.538171701.538171701:97)

08-11 23:47:23.580  6493  6493 I LSPosed-Bridge: 	at com.google.android.gms.ads.internal.webview.ah.run(:com.google.android.gms.policy_ads_fdr_dynamite@232400001@232400000057.538171701.538171701:25)

08-11 23:47:23.580  6493  6493 I LSPosed-Bridge: 	at android.os.Handler.handleCallback(Handler.java:873)

08-11 23:47:23.580  6493  6493 I LSPosed-Bridge: 	at android.os.Handler.dispatchMessage(Handler.java:99)

08-11 23:47:23.580  6493  6493 I LSPosed-Bridge: 	at ate.a(:com.google.android.gms.policy_ads_fdr_dynamite@232400001@232400000057.538171701.538171701:1)

08-11 23:47:23.580  6493  6493 I LSPosed-Bridge: 	at com.google.android.gms.ads.internal.util.f.a(:com.google.android.gms.policy_ads_fdr_dynamite@232400001@232400000057.538171701.538171701:2)

08-11 23:47:23.580  6493  6493 I LSPosed-Bridge: 	at ate.dispatchMessage(:com.google.android.gms.policy_ads_fdr_dynamite@232400001@232400000057.538171701.538171701:1)

08-11 23:47:23.580  6493  6493 I LSPosed-Bridge: 	at android.os.Looper.loop(Looper.java:193)

08-11 23:47:23.580  6493  6493 I LSPosed-Bridge: 	at android.app.ActivityThread.main(ActivityThread.java:6692)

08-11 23:47:23.580  6493  6493 I LSPosed-Bridge: 	at java.lang.reflect.Method.invoke(Native Method)

08-11 23:47:23.580  6493  6493 I LSPosed-Bridge: 	at com.android.internal.os.RuntimeInit$MethodAndArgsCaller.run(RuntimeInit.java:493)

08-11 23:47:23.580  6493  6493 I LSPosed-Bridge: 	at com.android.internal.os.ZygoteInit.main(ZygoteInit.java:858)

08-11 23:47:26.168  1513  6707 I LSPosed-Bridge: 6493 PermLabel 10117 AMS.checkPermission: Binder.getCallingPid() = 6493; uid = 10117; Binder.getCallingUid() = 10117; getNameForUid: com.powerful.clean.booster; getPackagesForUid: [com.powerful.clean.booster]; permName: android.permission.GET_TASKS; type = 0; res = -1; stacktrace=java.lang.Exception

08-11 23:47:26.168  1513  6707 I LSPosed-Bridge: 	at com.example.permlabel.requirePerm$1$2.afterHookedMethod(requirePerm.java:131)

08-11 23:47:26.168  1513  6707 I LSPosed-Bridge: 	at de.robv.android.xposed.XposedBridge$AdditionalHookInfo.callback(Unknown Source:147)

08-11 23:47:26.168  1513  6707 I LSPosed-Bridge: 	at LSPHooker_.checkPermission(Unknown Source:25)

08-11 23:47:26.168  1513  6707 I LSPosed-Bridge: 	at com.android.server.am.ActivityManagerService.isGetTasksAllowed(ActivityManagerService.java:10902)

08-11 23:47:26.168  1513  6707 I LSPosed-Bridge: 	at com.android.server.am.ActivityManagerService.getRunningAppProcesses(ActivityManagerService.java:16139)

08-11 23:47:26.168  1513  6707 I LSPosed-Bridge: 	at android.app.IActivityManager$Stub.onTransact(IActivityManager.java:1088)

08-11 23:47:26.168  1513  6707 I LSPosed-Bridge: 	at com.android.server.am.ActivityManagerService.onTransact(ActivityManagerService.java:3346)

08-11 23:47:26.168  1513  6707 I LSPosed-Bridge: 	at android.os.Binder.execTransact(Binder.java:731)

08-11 23:47:26.168  6493   392 I LSPosed-Bridge: 6493 PermLabel hookBinder_test 10117 interfaceBinder =android.content.pm.IPackageManager; arg0 = 3; arg1 = android.os.Parcel@eddb180; arg2 = android.os.Parcel@72c65ac; arg3 = 0; res = true; stacktrace=java.lang.Exception

08-11 23:47:26.168  6493   392 I LSPosed-Bridge: 	at com.example.permlabel.hookBinder_test$1.afterHookedMethod(hookBinder_test.java:62)

08-11 23:47:26.168  6493   392 I LSPosed-Bridge: 	at de.robv.android.xposed.XposedBridge$AdditionalHookInfo.callback(Unknown Source:147)

08-11 23:47:26.168  6493   392 I LSPosed-Bridge: 	at LSPHooker_.transact(Unknown Source:28)

08-11 23:47:26.168  6493   392 I LSPosed-Bridge: 	at android.content.pm.IPackageManager$Stub$Proxy.getPackageInfo(IPackageManager.java:2876)

08-11 23:47:26.168  6493   392 I LSPosed-Bridge: 	at android.app.ApplicationPackageManager.getPackageInfoAsUser(ApplicationPackageManager.java:174)

08-11 23:47:26.168  6493   392 I LSPosed-Bridge: 	at android.app.ApplicationPackageManager.getPackageInfo(ApplicationPackageManager.java:152)

08-11 23:47:26.168  6493   392 I LSPosed-Bridge: 	at apz.c(:com.google.android.gms.policy_ads_fdr_dynamite@232400001@232400000057.538171701.538171701:7)

08-11 23:47:26.168  6493   392 I LSPosed-Bridge: 	at com.google.android.gms.ads.nonagon.signals.ft.call(:com.google.android.gms.policy_ads_fdr_dynamite@232400001@232400000057.538171701.538171701:153)

08-11 23:47:26.168  6493   392 I LSPosed-Bridge: 	at btb.a(:com.google.android.gms.policy_ads_fdr_dynamite@232400001@232400000057.538171701.538171701:3)

08-11 23:47:26.168  6493   392 I LSPosed-Bridge: 	at bsj.run(:com.google.android.gms.policy_ads_fdr_dynamite@232400001@232400000057.538171701.538171701:21)

08-11 23:47:26.168  6493   392 I LSPosed-Bridge: 	at btc.run(:com.google.android.gms.policy_ads_fdr_dynamite@232400001@232400000057.538171701.538171701:5)

08-11 23:47:26.168  6493   392 I LSPosed-Bridge: 	at java.util.concurrent.ThreadPoolExecutor.runWorker(ThreadPoolExecutor.java:1167)

08-11 23:47:26.168  6493   392 I LSPosed-Bridge: 	at java.util.concurrent.ThreadPoolExecutor$Worker.run(ThreadPoolExecutor.java:641)

08-11 23:47:26.168  6493   392 I LSPosed-Bridge: 	at java.lang.Thread.run(Thread.java:764)

08-11 23:47:26.168  6493   655 I LSPosed-Bridge: 6493 PermLabel hookBinder_test 10117 interfaceBinder =android.media.IAudioService; arg0 = 12; arg1 = android.os.Parcel@d807ab0; arg2 = android.os.Parcel@d355fc2; arg3 = 0; res = true; stacktrace=java.lang.Exception

08-11 23:47:26.168  6493   655 I LSPosed-Bridge: 	at com.example.permlabel.hookBinder_test$1.afterHookedMethod(hookBinder_test.java:62)

08-11 23:47:26.168  6493   655 I LSPosed-Bridge: 	at de.robv.android.xposed.XposedBridge$AdditionalHookInfo.callback(Unknown Source:147)

08-11 23:47:26.168  6493   655 I LSPosed-Bridge: 	at LSPHooker_.transact(Unknown Source:28)

08-11 23:47:26.168  6493   655 I LSPosed-Bridge: 	at android.media.IAudioService$Stub$Proxy.getStreamVolume(IAudioService.java:1211)

08-11 23:47:26.168  6493   655 I LSPosed-Bridge: 	at android.media.AudioManager.getStreamVolume(AudioManager.java:981)

08-11 23:47:26.168  6493   655 I LSPosed-Bridge: 	at com.google.android.gms.ads.nonagon.signals.bc.call(:com.google.android.gms.policy_ads_fdr_dynamite@232400001@232400000057.538171701.538171701:66)

08-11 23:47:26.168  6493   655 I LSPosed-Bridge: 	at btb.a(:com.google.android.gms.policy_ads_fdr_dynamite@232400001@232400000057.538171701.538171701:3)

08-11 23:47:26.168  6493   655 I LSPosed-Bridge: 	at bsj.run(:com.google.android.gms.policy_ads_fdr_dynamite@232400001@232400000057.538171701.538171701:21)

08-11 23:47:26.168  6493   655 I LSPosed-Bridge: 	at btc.run(:com.google.android.gms.policy_ads_fdr_dynamite@232400001@232400000057.538171701.538171701:5)

08-11 23:47:26.168  6493   655 I LSPosed-Bridge: 	at java.util.concurrent.ThreadPoolExecutor.runWorker(ThreadPoolExecutor.java:1167)

08-11 23:47:26.168  6493   655 I LSPosed-Bridge: 	at java.util.concurrent.ThreadPoolExecutor$Worker.run(ThreadPoolExecutor.java:641)

08-11 23:47:26.168  6493   655 I LSPosed-Bridge: 	at java.lang.Thread.run(Thread.java:764)

08-11 23:47:26.168   554   554 I ConfigStore: android::hardware::configstore::V1_0::ISurfaceFlingerConfigs::hasHDRDisplay retrieved: 0

08-11 23:47:26.168  6493 32148 I LSPosed-Bridge: 6493 PermLabel hookBinder_test 10117 interfaceBinder =android.content.pm.IPackageManager; arg0 = 13; arg1 = android.os.Parcel@2642a0c; arg2 = android.os.Parcel@979c3b9; arg3 = 0; res = true; stacktrace=java.lang.Exception

08-11 23:47:26.168  6493 32148 I LSPosed-Bridge: 	at com.example.permlabel.hookBinder_test$1.afterHookedMethod(hookBinder_test.java:62)

08-11 23:47:26.168  6493 32148 I LSPosed-Bridge: 	at de.robv.android.xposed.XposedBridge$AdditionalHookInfo.callback(Unknown Source:147)

08-11 23:47:26.168  6493 32148 I LSPosed-Bridge: 	at LSPHooker_.transact(Unknown Source:28)

08-11 23:47:26.168  6493 32148 I LSPosed-Bridge: 	at android.content.pm.IPackageManager$Stub$Proxy.getApplicationInfo(IPackageManager.java:3104)

08-11 23:47:26.168  6493 32148 I LSPosed-Bridge: 	at android.app.ApplicationPackageManager.getApplicationInfoAsUser(ApplicationPackageManager.java:384)

08-11 23:47:26.168  6493 32148 I LSPosed-Bridge: 	at android.app.ApplicationPackageManager.getApplicationInfo(ApplicationPackageManager.java:377)

08-11 23:47:26.168  6493 32148 I LSPosed-Bridge: 	at m.cr.a(:com.google.android.gms.dynamite_measurementdynamite@233013028@23.30.13 (100400-0):7)

08-11 23:47:26.168  6493 32148 I LSPosed-Bridge: 	at m.ek.c(:com.google.android.gms.dynamite_measurementdynamite@233013028@23.30.13 (100400-0):42)

08-11 23:47:26.168  6493 32148 I LSPosed-Bridge: 	at m.ek.d(:com.google.android.gms.dynamite_measurementdynamite@233013028@23.30.13 (100400-0):4)

08-11 23:47:26.168  6493 32148 I LSPosed-Bridge: 	at m.ix.a(:com.google.android.gms.dynamite_measurementdynamite@233013028@23.30.13 (100400-0):71)

08-11 23:47:26.168  6493 32148 I LSPosed-Bridge: 	at m.ix.u(:com.google.android.gms.dynamite_measurementdynamite@233013028@23.30.13 (100400-0):1)

08-11 23:47:26.168  6493 32148 I LSPosed-Bridge: 	at m.lx.f(:com.google.android.gms.dynamite_measurementdynamite@233013028@23.30.13 (100400-0):44)

08-11 23:47:26.168  6493 32148 I LSPosed-Bridge: 	at m.kk.U(:com.google.android.gms.dynamite_measurementdynamite@233013028@23.30.13 (100400-0):166)

08-11 23:47:26.168  6493 32148 I LSPosed-Bridge: 	at m.jr.run(:com.google.android.gms.dynamite_measurementdynamite@233013028@23.30.13 (100400-0):17)

08-11 23:47:26.168  6493 32148 I LSPosed-Bridge: 	at java.util.concurrent.Executors$RunnableAdapter.call(Executors.java:458)

08-11 23:47:26.168  6493 32148 I LSPosed-Bridge: 	at java.util.concurrent.FutureTask.run(FutureTask.java:266)

08-11 23:47:26.168  6493 32148 I LSPosed-Bridge: 	at m.it.run(:com.google.android.gms.dynamite_measurementdynamite@233013028@23.30.13 (100400-0):48)

08-11 23:47:26.168  6493  6493 I LSPosed-Bridge: 6493 PermLabel hookBinder_test 10117 interfaceBinder =android.content.IContentProvider; arg0 = 21; arg1 = android.os.Parcel@fe3be44; arg2 = android.os.Parcel@8bfefe0; arg3 = 0; res = true; stacktrace=java.lang.Exception

08-11 23:47:26.168  6493  6493 I LSPosed-Bridge: 	at com.example.permlabel.hookBinder_test$1.afterHookedMethod(hookBinder_test.java:62)

08-11 23:47:26.168  6493  6493 I LSPosed-Bridge: 	at de.robv.android.xposed.XposedBridge$AdditionalHookInfo.callback(Unknown Source:147)

08-11 23:47:26.168  6493  6493 I LSPosed-Bridge: 	at LSPHooker_.transact(Unknown Source:28)

08-11 23:47:26.168  6493  6493 I LSPosed-Bridge: 	at android.content.ContentProviderProxy.call(ContentProviderNative.java:649)

08-11 23:47:26.168  6493  6493 I LSPosed-Bridge: 	at android.content.ContentResolver.call(ContentResolver.java:1759)

08-11 23:47:26.168  6493  6493 I LSPosed-Bridge: 	at aoc.d(:com.google.android.gms.policy_ads_fdr_dynamite@232400001@232400000057.538171701.538171701:68)

08-11 23:47:26.168  6493  6493 I LSPosed-Bridge: 	at anl.J(:com.google.android.gms.policy_ads_fdr_dynamite@232400001@232400000057.538171701.538171701:213)

08-11 23:47:26.168  6493  6493 I LSPosed-Bridge: 	at anl.j(:com.google.android.gms.policy_ads_fdr_dynamite@232400001@232400000057.538171701.538171701:5)

08-11 23:47:26.168  6493  6493 I LSPosed-Bridge: 	at anl.y(:com.google.android.gms.policy_ads_fdr_dynamite@232400001@232400000057.538171701.538171701:11)

08-11 23:47:26.168  6493  6493 I LSPosed-Bridge: 	at com.google.android.gms.ads.internal.cache.e.c(:com.google.android.gms.policy_ads_fdr_dynamite@232400001@232400000057.538171701.538171701:29)

08-11 23:47:26.168  6493  6493 I LSPosed-Bridge: 	at com.google.android.gms.ads.nonagon.ad.common.ai.e(:com.google.android.gms.policy_ads_fdr_dynamite@232400001@232400000057.538171701.538171701:46)

08-11 23:47:26.168  6493  6493 I LSPosed-Bridge: 	at com.google.android.gms.ads.nonagon.ad.common.ai.d(:com.google.android.gms.policy_ads_fdr_dynamite@232400001@232400000057.538171701.538171701:20)

08-11 23:47:26.168  6493  6493 I LSPosed-Bridge: 	at com.google.android.gms.ads.nonagon.ad.common.ai.b(:com.google.android.gms.policy_ads_fdr_dynamite@232400001@232400000057.538171701.538171701:1)

08-11 23:47:26.168  6493  6493 I LSPosed-Bridge: 	at com.google.android.gms.ads.nonagon.shim.adapters.b.c(:com.google.android.gms.policy_ads_fdr_dynamite@232400001@232400000057.538171701.538171701:329)

08-11 23:47:26.168  6493  6493 I LSPosed-Bridge: 	at com.google.android.gms.ads.nonagon.shim.d.g(:com.google.android.gms.policy_ads_fdr_dynamite@232400001@232400000057.538171701.538171701:4)

08-11 23:47:26.168  6493  6493 I LSPosed-Bridge: 	at com.google.android.gms.ads.internal.client.aw.bN(:com.google.android.gms.policy_ads_fdr_dynamite@232400001@232400000057.538171701.538171701:74)

08-11 23:47:26.168  6493  6493 I LSPosed-Bridge: 	at agd.onTransact(:com.google.android.gms.policy_ads_fdr_dynamite@232400001@232400000057.538171701.538171701:21)

08-11 23:47:26.168  6493  6493 I LSPosed-Bridge: 	at android.os.Binder.transact(Binder.java:667)

08-11 23:47:26.168  6493  6493 I LSPosed-Bridge: 	at com.google.android.gms.internal.ads.zzasd.zzbl(Unknown Source:7)

08-11 23:47:26.168  6493  6493 I LSPosed-Bridge: 	at com.google.android.gms.ads.internal.client.zzbl.zzg(Unknown Source:8)

08-11 23:47:26.168  6493  6493 I LSPosed-Bridge: 	at com.google.android.gms.ads.AdLoader.a(Unknown Source:57)

08-11 23:47:26.168  6493  6493 I LSPosed-Bridge: 	at com.google.android.gms.ads.AdLoader.loadAd(Unknown Source:4)

08-11 23:47:26.168  6493  6493 I LSPosed-Bridge: 	at x8.b.a(SourceFile:260)

08-11 23:47:26.168  6493  6493 I LSPosed-Bridge: 	at w8.k.a(SourceFile:39)

08-11 23:47:26.168  6493  6493 I LSPosed-Bridge: 	at w8.c$a.c(SourceFile:128)

08-11 23:47:26.168  6493  6493 I LSPosed-Bridge: 	at w8.c.h(SourceFile:635)

08-11 23:47:26.168  6493  6493 I LSPosed-Bridge: 	at w8.c$i.invoke(SourceFile:33)

08-11 23:47:26.168  6493  6493 I LSPosed-Bridge: 	at w8.c.m(SourceFile:444)

08-11 23:47:26.168  6493  6493 I LSPosed-Bridge: 	at q9.d.d(SourceFile:68)

08-11 23:47:26.168  6493  6493 I LSPosed-Bridge: 	at w8.i$a$a.invoke(SourceFile:160)

08-11 23:47:26.168  6493  6493 I LSPosed-Bridge: 	at w8.c.h(SourceFile:172)

08-11 23:47:26.168  6493  6493 I LSPosed-Bridge: 	at w8.i$a.i(Unknown Source:54)

08-11 23:47:26.168  6493  6493 I LSPosed-Bridge: 	at q9.e.d(SourceFile:29)

08-11 23:47:26.168  6493  6493 I LSPosed-Bridge: 	at d9.b$a.invokeSuspend(SourceFile:51)

08-11 23:47:26.168  6493  6493 I LSPosed-Bridge: 	at ra.a.resumeWith(Unknown Source:8)

08-11 23:47:26.168  6493  6493 I LSPosed-Bridge: 	at kotlin.jvm.internal.i.g(Unknown Source:47)

08-11 23:47:26.168  6493  6493 I LSPosed-Bridge: 	at fb.h.q(SourceFile:140)

08-11 23:47:26.168  6493  6493 I LSPosed-Bridge: 	at fb.h.z(SourceFile:43)

08-11 23:47:26.168  6493  6493 I LSPosed-Bridge: 	at fb.h.o(SourceFile:24)

08-11 23:47:26.168  6493  6493 I LSPosed-Bridge: 	at gb.c.run(Unknown Source:6)

08-11 23:47:26.168  6493  6493 I LSPosed-Bridge: 	at android.os.Handler.handleCallback(Handler.java:873)

08-11 23:47:26.168  6493  6493 I LSPosed-Bridge: 	at android.os.Handler.dispatchMessage(Handler.java:99)

08-11 23:47:26.168  6493  6493 I LSPosed-Bridge: 	at android.os.Looper.loop(Looper.java:193)

08-11 23:47:26.168  6493  6493 I LSPosed-Bridge: 	at android.app.ActivityThread.main(ActivityThread.java:6692)

08-11 23:47:26.168  6493  6493 I LSPosed-Bridge: 	at java.lang.reflect.Method.invoke(Native Method)

08-11 23:47:26.168  6493  6493 I LSPosed-Bridge: 	at com.android.internal.os.RuntimeInit$MethodAndArgsCaller.run(RuntimeInit.java:493)

08-11 23:47:26.168  6493  6493 I LSPosed-Bridge: 	at com.android.internal.os.ZygoteInit.main(ZygoteInit.java:858)

08-11 23:47:26.168  6493  6493 W ConnectionStatusConfig: Dynamic lookup for intent failed for action: com.google.android.gms.ads.service.CACHE

08-11 23:47:26.205  1513  6599 I LSPosed-Bridge: 6493 PermLabel 10117 AMS.checkPermission: Binder.getCallingPid() = 6493; uid = 10117; Binder.getCallingUid() = 10117; getNameForUid: com.powerful.clean.booster; getPackagesForUid: [com.powerful.clean.booster]; permName: android.permission.GET_TASKS; type = 0; res = -1; stacktrace=java.lang.Exception

08-11 23:47:26.205  1513  6599 I LSPosed-Bridge: 	at com.example.permlabel.requirePerm$1$2.afterHookedMethod(requirePerm.java:131)

08-11 23:47:26.205  1513  6599 I LSPosed-Bridge: 	at de.robv.android.xposed.XposedBridge$AdditionalHookInfo.callback(Unknown Source:147)

08-11 23:47:26.205  1513  6599 I LSPosed-Bridge: 	at LSPHooker_.checkPermission(Unknown Source:25)

08-11 23:47:26.205  1513  6599 I LSPosed-Bridge: 	at com.android.server.am.ActivityManagerService.isGetTasksAllowed(ActivityManagerService.java:10902)

08-11 23:47:26.205  1513  6599 I LSPosed-Bridge: 	at com.android.server.am.ActivityManagerService.getRunningAppProcesses(ActivityManagerService.java:16139)

08-11 23:47:26.205  1513  6599 I LSPosed-Bridge: 	at android.app.IActivityManager$Stub.onTransact(IActivityManager.java:1088)

08-11 23:47:26.205  1513  6599 I LSPosed-Bridge: 	at com.android.server.am.ActivityManagerService.onTransact(ActivityManagerService.java:3346)

08-11 23:47:26.205  1513  6599 I LSPosed-Bridge: 	at android.os.Binder.execTransact(Binder.java:731)

08-11 23:47:26.464  1513  9351 I LSPosed-Bridge: 6493 PermLabel 10117 AMS.checkPermission: Binder.getCallingPid() = 6493; uid = 10117; Binder.getCallingUid() = 10117; getNameForUid: com.powerful.clean.booster; getPackagesForUid: [com.powerful.clean.booster]; permName: android.permission.GET_TASKS; type = 0; res = -1; stacktrace=java.lang.Exception

08-11 23:47:26.464  1513  9351 I LSPosed-Bridge: 	at com.example.permlabel.requirePerm$1$2.afterHookedMethod(requirePerm.java:131)

08-11 23:47:26.464  1513  9351 I LSPosed-Bridge: 	at de.robv.android.xposed.XposedBridge$AdditionalHookInfo.callback(Unknown Source:147)

08-11 23:47:26.464  1513  9351 I LSPosed-Bridge: 	at LSPHooker_.checkPermission(Unknown Source:25)

08-11 23:47:26.464  1513  9351 I LSPosed-Bridge: 	at com.android.server.am.ActivityManagerService.isGetTasksAllowed(ActivityManagerService.java:10902)

08-11 23:47:26.464  1513  9351 I LSPosed-Bridge: 	at com.android.server.am.ActivityManagerService.getRunningAppProcesses(ActivityManagerService.java:16139)

08-11 23:47:26.464  1513  9351 I LSPosed-Bridge: 	at android.app.IActivityManager$Stub.onTransact(IActivityManager.java:1088)

08-11 23:47:26.464  1513  9351 I LSPosed-Bridge: 	at com.android.server.am.ActivityManagerService.onTransact(ActivityManagerService.java:3346)

08-11 23:47:26.464  1513  9351 I LSPosed-Bridge: 	at android.os.Binder.execTransact(Binder.java:731)

08-11 23:47:28.902  1513  6599 I LSPosed-Bridge: 6493 PermLabel 10117 AMS.checkPermission: Binder.getCallingPid() = 6493; uid = 10117; Binder.getCallingUid() = 10117; getNameForUid: com.powerful.clean.booster; getPackagesForUid: [com.powerful.clean.booster]; permName: android.permission.GET_TASKS; type = 0; res = -1; stacktrace=java.lang.Exception

08-11 23:47:28.902  1513  6599 I LSPosed-Bridge: 	at com.example.permlabel.requirePerm$1$2.afterHookedMethod(requirePerm.java:131)

08-11 23:47:28.902  1513  6599 I LSPosed-Bridge: 	at de.robv.android.xposed.XposedBridge$AdditionalHookInfo.callback(Unknown Source:147)

08-11 23:47:28.902  1513  6599 I LSPosed-Bridge: 	at LSPHooker_.checkPermission(Unknown Source:25)

08-11 23:47:28.902  1513  6599 I LSPosed-Bridge: 	at com.android.server.am.ActivityManagerService.isGetTasksAllowed(ActivityManagerService.java:10902)

08-11 23:47:28.902  1513  6599 I LSPosed-Bridge: 	at com.android.server.am.ActivityManagerService.getRunningAppProcesses(ActivityManagerService.java:16139)

08-11 23:47:28.902  1513  6599 I LSPosed-Bridge: 	at android.app.IActivityManager$Stub.onTransact(IActivityManager.java:1088)

08-11 23:47:28.902  1513  6599 I LSPosed-Bridge: 	at com.android.server.am.ActivityManagerService.onTransact(ActivityManagerService.java:3346)

08-11 23:47:28.902  1513  6599 I LSPosed-Bridge: 	at android.os.Binder.execTransact(Binder.java:731)

08-11 23:47:28.953   554   554 I ConfigStore: android::hardware::configstore::V1_0::ISurfaceFlingerConfigs::hasHDRDisplay retrieved: 0

08-11 23:47:28.953  1513  9351 I LSPosed-Bridge: 6493 PermLabel 10117 AMS.checkPermission: Binder.getCallingPid() = 6493; uid = 10117; Binder.getCallingUid() = 10117; getNameForUid: com.powerful.clean.booster; getPackagesForUid: [com.powerful.clean.booster]; permName: android.permission.GET_TASKS; type = 0; res = -1; stacktrace=java.lang.Exception

08-11 23:47:28.953  1513  9351 I LSPosed-Bridge: 	at com.example.permlabel.requirePerm$1$2.afterHookedMethod(requirePerm.java:131)

08-11 23:47:28.953  1513  9351 I LSPosed-Bridge: 	at de.robv.android.xposed.XposedBridge$AdditionalHookInfo.callback(Unknown Source:147)

08-11 23:47:28.953  1513  9351 I LSPosed-Bridge: 	at LSPHooker_.checkPermission(Unknown Source:25)

