08-11 23:39:21.566  1513  4414 I LSPosed-Bridge: 	at android.os.Binder.execTransact(Binder.java:731)

08-11 23:39:21.815   554   554 I ConfigStore: android::hardware::configstore::V1_0::ISurfaceFlingerConfigs::hasHDRDisplay retrieved: 0

08-11 23:39:21.815  1513  4414 I LSPosed-Bridge: 6493 PermLabel 10117 AMS.checkPermission: Binder.getCallingPid() = 6493; uid = 10117; Binder.getCallingUid() = 10117; getNameForUid: com.powerful.clean.booster; getPackagesForUid: [com.powerful.clean.booster]; permName: android.permission.GET_TASKS; type = 0; res = -1; stacktrace=java.lang.Exception

08-11 23:39:21.815  1513  4414 I LSPosed-Bridge: 	at com.example.permlabel.requirePerm$1$2.afterHookedMethod(requirePerm.java:131)

08-11 23:39:21.815  1513  4414 I LSPosed-Bridge: 	at de.robv.android.xposed.XposedBridge$AdditionalHookInfo.callback(Unknown Source:147)

08-11 23:39:21.815  1513  4414 I LSPosed-Bridge: 	at LSPHooker_.checkPermission(Unknown Source:25)

08-11 23:39:21.815  1513  4414 I LSPosed-Bridge: 	at com.android.server.am.ActivityManagerService.isGetTasksAllowed(ActivityManagerService.java:10902)

08-11 23:39:21.815  1513  4414 I LSPosed-Bridge: 	at com.android.server.am.ActivityManagerService.getRunningAppProcesses(ActivityManagerService.java:16139)

08-11 23:39:21.815  1513  4414 I LSPosed-Bridge: 	at android.app.IActivityManager$Stub.onTransact(IActivityManager.java:1088)

08-11 23:39:21.815  1513  4414 I LSPosed-Bridge: 	at com.android.server.am.ActivityManagerService.onTransact(ActivityManagerService.java:3346)

08-11 23:39:21.815  1513  4414 I LSPosed-Bridge: 	at android.os.Binder.execTransact(Binder.java:731)

08-11 23:41:12.267  1513  6465 I LSPosed-Bridge: 6493 PermLabel 10117 AMS.checkPermission: Binder.getCallingPid() = 6493; uid = 10117; Binder.getCallingUid() = 10117; getNameForUid: com.powerful.clean.booster; getPackagesForUid: [com.powerful.clean.booster]; permName: android.permission.GET_TASKS; type = 0; res = -1; stacktrace=java.lang.Exception

08-11 23:41:12.267  1513  6465 I LSPosed-Bridge: 	at com.example.permlabel.requirePerm$1$2.afterHookedMethod(requirePerm.java:131)

08-11 23:41:12.267  1513  6465 I LSPosed-Bridge: 	at de.robv.android.xposed.XposedBridge$AdditionalHookInfo.callback(Unknown Source:147)

08-11 23:41:12.267  1513  6465 I LSPosed-Bridge: 	at LSPHooker_.checkPermission(Unknown Source:25)

08-11 23:41:12.267  1513  6465 I LSPosed-Bridge: 	at com.android.server.am.ActivityManagerService.isGetTasksAllowed(ActivityManagerService.java:10902)

08-11 23:41:12.267  1513  6465 I LSPosed-Bridge: 	at com.android.server.am.ActivityManagerService.getRunningAppProcesses(ActivityManagerService.java:16139)

08-11 23:41:12.267  1513  6465 I LSPosed-Bridge: 	at android.app.IActivityManager$Stub.onTransact(IActivityManager.java:1088)

08-11 23:41:12.267  1513  6465 I LSPosed-Bridge: 	at com.android.server.am.ActivityManagerService.onTransact(ActivityManagerService.java:3346)

08-11 23:41:12.267  1513  6465 I LSPosed-Bridge: 	at android.os.Binder.execTransact(Binder.java:731)

08-11 23:41:12.267  6493  6493 I LSPosed-Bridge: 6493 PermLabel hookBinder_test 10117 interfaceBinder =android.app.IActivityManager; arg0 = 81; arg1 = android.os.Parcel@a7ea9e2; arg2 = android.os.Parcel@ac714f0; arg3 = 0; res = true; stacktrace=java.lang.Exception

08-11 23:41:12.267  6493  6493 I LSPosed-Bridge: 	at com.example.permlabel.hookBinder_test$1.afterHookedMethod(hookBinder_test.java:62)

08-11 23:41:12.267  6493  6493 I LSPosed-Bridge: 	at de.robv.android.xposed.XposedBridge$AdditionalHookInfo.callback(Unknown Source:147)

08-11 23:41:12.267  6493  6493 I LSPosed-Bridge: 	at LSPHooker_.transact(Unknown Source:28)

08-11 23:41:12.267  6493  6493 I LSPosed-Bridge: 	at android.app.IActivityManager$Stub$Proxy.getRunningAppProcesses(IActivityManager.java:5366)

08-11 23:41:12.267  6493  6493 I LSPosed-Bridge: 	at android.app.ActivityManager.getRunningAppProcesses(ActivityManager.java:3435)

08-11 23:41:12.267  6493  6493 I LSPosed-Bridge: 	at java.lang.reflect.Method.invoke(Native Method)

08-11 23:41:12.267  6493  6493 I LSPosed-Bridge: 	at org.lsposed.lspd.nativebridge.HookBridge.invokeOriginalMethod(Native Method)

08-11 23:41:12.267  6493  6493 I LSPosed-Bridge: 	at de.robv.android.xposed.XposedBridge$AdditionalHookInfo.callback(Unknown Source:110)

08-11 23:41:12.267  6493  6493 I LSPosed-Bridge: 	at LSPHooker_.getRunningAppProcesses(Unknown Source:8)

08-11 23:41:12.267  6493  6493 I LSPosed-Bridge: 	at com.google.ccc.abuse.droidguard.DroidGuard.xssNative(Native Method)

08-11 23:41:12.267  6493  6493 I LSPosed-Bridge: 	at com.google.ccc.abuse.droidguard.DroidGuard.xss(DroidGuard.java:542)

08-11 23:41:12.267  6493  6493 I LSPosed-Bridge: 	at java.lang.reflect.Method.invoke(Native Method)

08-11 23:41:12.267  6493  6493 I LSPosed-Bridge: 	at asd.j(:com.google.android.gms.policy_ads_fdr_dynamite@232400001@232400000057.538171701.538171701:40)

08-11 23:41:12.267  6493  6493 I LSPosed-Bridge: 	at asd.d(:com.google.android.gms.policy_ads_fdr_dynamite@232400001@232400000057.538171701.538171701:56)

08-11 23:41:12.267  6493  6493 I LSPosed-Bridge: 	at aef.e(:com.google.android.gms.policy_ads_fdr_dynamite@232400001@232400000057.538171701.538171701:38)

08-11 23:41:12.267  6493  6493 I LSPosed-Bridge: 	at com.google.android.gms.ads.internal.i.e(:com.google.android.gms.policy_ads_fdr_dynamite@232400001@232400000057.538171701.538171701:41)

08-11 23:41:12.267  6493  6493 I LSPosed-Bridge: 	at com.google.android.gms.ads.internal.i.d(:com.google.android.gms.policy_ads_fdr_dynamite@232400001@232400000057.538171701.538171701:2)

08-11 23:41:12.267  6493  6493 I LSPosed-Bridge: 	at com.google.android.gms.ads.nonagon.ad.nativead.q.k(:com.google.android.gms.policy_ads_fdr_dynamite@232400001@232400000057.538171701.538171701:247)

08-11 23:41:12.267  6493  6493 I LSPosed-Bridge: 	at com.google.android.gms.ads.nonagon.ad.nativead.q.h(:com.google.android.gms.policy_ads_fdr_dynamite@232400001@232400000057.538171701.538171701:71)

08-11 23:41:12.267  6493  6493 I LSPosed-Bridge: 	at com.google.android.gms.ads.nonagon.ad.nativead.an.m(:com.google.android.gms.policy_ads_fdr_dynamite@232400001@232400000057.538171701.538171701:140)

08-11 23:41:12.267  6493  6493 I LSPosed-Bridge: 	at com.google.android.gms.ads.nonagon.ad.nativead.bn.onClick(:com.google.android.gms.policy_ads_fdr_dynamite@232400001@232400000057.538171701.538171701:31)

08-11 23:41:12.267  6493  6493 I LSPosed-Bridge: 	at android.view.View.performClick(View.java:6597)

08-11 23:41:12.267  6493  6493 I LSPosed-Bridge: 	at android.view.View.performClickInternal(View.java:6574)

08-11 23:41:12.267  6493  6493 I LSPosed-Bridge: 	at android.view.View.access$3100(View.java:778)

08-11 23:41:12.267  6493  6493 I LSPosed-Bridge: 	at android.view.View$PerformClick.run(View.java:25889)

08-11 23:41:12.267  6493  6493 I LSPosed-Bridge: 	at android.os.Handler.handleCallback(Handler.java:873)

08-11 23:41:12.267  6493  6493 I LSPosed-Bridge: 	at android.os.Handler.dispatchMessage(Handler.java:99)

08-11 23:41:12.267  6493  6493 I LSPosed-Bridge: 	at android.os.Looper.loop(Looper.java:193)

08-11 23:41:12.267  6493  6493 I LSPosed-Bridge: 	at android.app.ActivityThread.main(ActivityThread.java:6692)

08-11 23:41:12.267  6493  6493 I LSPosed-Bridge: 	at java.lang.reflect.Method.invoke(Native Method)

08-11 23:41:12.267  6493  6493 I LSPosed-Bridge: 	at com.android.internal.os.RuntimeInit$MethodAndArgsCaller.run(RuntimeInit.java:493)

08-11 23:41:12.267  6493  6493 I LSPosed-Bridge: 	at com.android.internal.os.ZygoteInit.main(ZygoteInit.java:858)

08-11 23:41:12.326  1513  6056 I LSPosed-Bridge: 6493 PermLabel 10117 AMS.checkPermission: Binder.getCallingPid() = 6493; uid = 10117; Binder.getCallingUid() = 10117; getNameForUid: com.powerful.clean.booster; getPackagesForUid: [com.powerful.clean.booster]; permName: android.permission.GET_TASKS; type = 0; res = -1; stacktrace=java.lang.Exception

08-11 23:41:12.326  1513  6056 I LSPosed-Bridge: 	at com.example.permlabel.requirePerm$1$2.afterHookedMethod(requirePerm.java:131)

08-11 23:41:12.326  1513  6056 I LSPosed-Bridge: 	at de.robv.android.xposed.XposedBridge$AdditionalHookInfo.callback(Unknown Source:147)

08-11 23:41:12.326  1513  6056 I LSPosed-Bridge: 	at LSPHooker_.checkPermission(Unknown Source:25)

08-11 23:41:12.326  1513  6056 I LSPosed-Bridge: 	at com.android.server.am.ActivityManagerService.isGetTasksAllowed(ActivityManagerService.java:10902)

08-11 23:41:12.326  1513  6056 I LSPosed-Bridge: 	at com.android.server.am.ActivityManagerService.getRunningAppProcesses(ActivityManagerService.java:16139)

08-11 23:41:12.326  1513  6056 I LSPosed-Bridge: 	at android.app.IActivityManager$Stub.onTransact(IActivityManager.java:1088)

08-11 23:41:12.326  1513  6056 I LSPosed-Bridge: 	at com.android.server.am.ActivityManagerService.onTransact(ActivityManagerService.java:3346)

08-11 23:41:12.326  1513  6056 I LSPosed-Bridge: 	at android.os.Binder.execTransact(Binder.java:731)

08-11 23:41:12.326  6493  6493 I LSPosed-Bridge: 6493 PermLabel hookBinder_test 10117 interfaceBinder =android.app.IActivityManager; arg0 = 81; arg1 = android.os.Parcel@4c5d8b1; arg2 = android.os.Parcel@418686c; arg3 = 0; res = true; stacktrace=java.lang.Exception

08-11 23:41:12.326  6493  6493 I LSPosed-Bridge: 	at com.example.permlabel.hookBinder_test$1.afterHookedMethod(hookBinder_test.java:62)

08-11 23:41:12.326  6493  6493 I LSPosed-Bridge: 	at de.robv.android.xposed.XposedBridge$AdditionalHookInfo.callback(Unknown Source:147)

08-11 23:41:12.326  6493  6493 I LSPosed-Bridge: 	at LSPHooker_.transact(Unknown Source:28)

08-11 23:41:12.326  6493  6493 I LSPosed-Bridge: 	at android.app.IActivityManager$Stub$Proxy.getRunningAppProcesses(IActivityManager.java:5366)

08-11 23:41:12.326  6493  6493 I LSPosed-Bridge: 	at android.app.ActivityManager.getRunningAppProcesses(ActivityManager.java:3435)

08-11 23:41:12.326  6493  6493 I LSPosed-Bridge: 	at java.lang.reflect.Method.invoke(Native Method)

08-11 23:41:12.326  6493  6493 I LSPosed-Bridge: 	at org.lsposed.lspd.nativebridge.HookBridge.invokeOriginalMethod(Native Method)

08-11 23:41:12.326  6493  6493 I LSPosed-Bridge: 	at de.robv.android.xposed.XposedBridge$AdditionalHookInfo.callback(Unknown Source:110)

08-11 23:41:12.326  6493  6493 I LSPosed-Bridge: 	at LSPHooker_.getRunningAppProcesses(Unknown Source:8)

08-11 23:41:12.326  6493  6493 I LSPosed-Bridge: 	at com.google.ccc.abuse.droidguard.DroidGuard.xssNative(Native Method)

08-11 23:41:12.326  6493  6493 I LSPosed-Bridge: 	at com.google.ccc.abuse.droidguard.DroidGuard.xss(DroidGuard.java:542)

08-11 23:41:12.326  6493  6493 I LSPosed-Bridge: 	at java.lang.reflect.Method.invoke(Native Method)

08-11 23:41:12.326  6493  6493 I LSPosed-Bridge: 	at asd.j(:com.google.android.gms.policy_ads_fdr_dynamite@232400001@232400000057.538171701.538171701:40)

08-11 23:41:12.326  6493  6493 I LSPosed-Bridge: 	at asd.d(:com.google.android.gms.policy_ads_fdr_dynamite@232400001@232400000057.538171701.538171701:56)

08-11 23:41:12.326  6493  6493 I LSPosed-Bridge: 	at aef.e(:com.google.android.gms.policy_ads_fdr_dynamite@232400001@232400000057.538171701.538171701:38)

08-11 23:41:12.326  6493  6493 I LSPosed-Bridge: 	at com.google.android.gms.ads.internal.i.e(:com.google.android.gms.policy_ads_fdr_dynamite@232400001@232400000057.538171701.538171701:41)

08-11 23:41:12.326  6493  6493 I LSPosed-Bridge: 	at aep.c(:com.google.android.gms.policy_ads_fdr_dynamite@232400001@232400000057.538171701.538171701:9)

08-11 23:41:12.326  6493  6493 I LSPosed-Bridge: 	at com.google.android.gms.ads.internal.gmsg.ah.b(:com.google.android.gms.policy_ads_fdr_dynamite@232400001@232400000057.538171701.538171701:29)

08-11 23:41:12.326  6493  6493 I LSPosed-Bridge: 	at com.google.android.gms.ads.nonagon.util.d.a(:com.google.android.gms.policy_ads_fdr_dynamite@232400001@232400000057.538171701.538171701:28)

08-11 23:41:12.326  6493  6493 I LSPosed-Bridge: 	at com.google.android.gms.ads.internal.webview.q.u(:com.google.android.gms.policy_ads_fdr_dynamite@232400001@232400000057.538171701.538171701:52)

08-11 23:41:12.326  6493  6493 I LSPosed-Bridge: 	at com.google.android.gms.ads.internal.webview.q.e(:com.google.android.gms.policy_ads_fdr_dynamite@232400001@232400000057.538171701.538171701:97)

08-11 23:41:12.326  6493  6493 I LSPosed-Bridge: 	at com.google.android.gms.ads.internal.webview.ah.run(:com.google.android.gms.policy_ads_fdr_dynamite@232400001@232400000057.538171701.538171701:25)

08-11 23:41:12.326  6493  6493 I LSPosed-Bridge: 	at android.os.Handler.handleCallback(Handler.java:873)

08-11 23:41:12.326  6493  6493 I LSPosed-Bridge: 	at android.os.Handler.dispatchMessage(Handler.java:99)

08-11 23:41:12.326  6493  6493 I LSPosed-Bridge: 	at ate.a(:com.google.android.gms.policy_ads_fdr_dynamite@232400001@232400000057.538171701.538171701:1)

08-11 23:41:12.326  6493  6493 I LSPosed-Bridge: 	at com.google.android.gms.ads.internal.util.f.a(:com.google.android.gms.policy_ads_fdr_dynamite@232400001@232400000057.538171701.538171701:2)

08-11 23:41:12.326  6493  6493 I LSPosed-Bridge: 	at ate.dispatchMessage(:com.google.android.gms.policy_ads_fdr_dynamite@232400001@232400000057.538171701.538171701:1)

08-11 23:41:12.326  6493  6493 I LSPosed-Bridge: 	at android.os.Looper.loop(Looper.java:193)

08-11 23:41:12.326  6493  6493 I LSPosed-Bridge: 	at android.app.ActivityThread.main(ActivityThread.java:6692)

08-11 23:41:12.326  6493  6493 I LSPosed-Bridge: 	at java.lang.reflect.Method.invoke(Native Method)

08-11 23:41:12.326  6493  6493 I LSPosed-Bridge: 	at com.android.internal.os.RuntimeInit$MethodAndArgsCaller.run(RuntimeInit.java:493)

08-11 23:41:12.326  6493  6493 I LSPosed-Bridge: 	at com.android.internal.os.ZygoteInit.main(ZygoteInit.java:858)

08-11 23:41:12.326  6493  6493 I LSPosed-Bridge: 6493 PermLabel getRunningAppProcesses =android.app.ActivityManager$RunningAppProcessInfo@8e7ce07

08-11 23:41:12.326  6493  6493 I LSPosed-Bridge: 6493 PermLabel getRunningAppProcesses processName: com.powerful.clean.booster pid: 6493

08-11 23:41:12.326  6493  6493 I LSPosed-Bridge: 6493 PermLabel getRunningAppProcesses importance: 100 pid: 6493

08-11 23:41:12.326  6493  6493 I LSPosed-Bridge: 6493 PermLabel getRunningAppProcesses packageName com.powerful.clean.booster at index 0 in process 6493

08-11 23:41:12.326  6493  6493 I LSPosed-Bridge: 6493 PermLabel getRunningAppProcesses =android.app.ActivityManager$RunningAppProcessInfo@be30b34

08-11 23:41:12.326  6493  6493 I LSPosed-Bridge: 6493 PermLabel getRunningAppProcesses processName: com.powerful.clean.booster:daemon pid: 6809

08-11 23:41:12.326  6493  6493 I LSPosed-Bridge: 6493 PermLabel getRunningAppProcesses importance: 125 pid: 6809

08-11 23:41:15.039   554   554 I ConfigStore: android::hardware::configstore::V1_0::ISurfaceFlingerConfigs::hasHDRDisplay retrieved: 0

08-11 23:41:15.039  6493 20200 I LSPosed-Bridge: 6493 PermLabel hookBinder_test 10117 interfaceBinder =com.android.internal.telephony.ISub; arg0 = 22; arg1 = android.os.Parcel@5c780a1; arg2 = android.os.Parcel@adb7b7c; arg3 = 0; res = true; stacktrace=java.lang.Exception

08-11 23:41:15.039  6493 20200 I LSPosed-Bridge: 	at com.example.permlabel.hookBinder_test$1.afterHookedMethod(hookBinder_test.java:62)

08-11 23:41:15.039  6493 20200 I LSPosed-Bridge: 	at de.robv.android.xposed.XposedBridge$AdditionalHookInfo.callback(Unknown Source:147)

08-11 23:41:15.039  6493 20200 I LSPosed-Bridge: 	at LSPHooker_.transact(Unknown Source:28)

08-11 23:41:15.039  6493 20200 I LSPosed-Bridge: 	at com.android.internal.telephony.ISub$Stub$Proxy.getPhoneId(ISub.java:882)

08-11 23:41:15.039  6493 20200 I LSPosed-Bridge: 	at android.telephony.SubscriptionManager.getPhoneId(SubscriptionManager.java:1224)

08-11 23:41:15.039  6493 20200 I LSPosed-Bridge: 	at android.telephony.TelephonyManager.getCurrentPhoneType(TelephonyManager.java:1540)

08-11 23:41:15.039  6493 20200 I LSPosed-Bridge: 	at android.telephony.TelephonyManager.getCurrentPhoneType(TelephonyManager.java:1519)

08-11 23:41:15.039  6493 20200 I LSPosed-Bridge: 	at android.telephony.TelephonyManager.getPhoneType(TelephonyManager.java:1584)

08-11 23:41:15.039  6493 20200 I LSPosed-Bridge: 	at com.google.android.gms.ads.nonagon.signals.fx.call(:com.google.android.gms.policy_ads_fdr_dynamite@232400001@232400000057.538171701.538171701:17)

08-11 23:41:15.039  6493 20200 I LSPosed-Bridge: 	at btb.a(:com.google.android.gms.policy_ads_fdr_dynamite@232400001@232400000057.538171701.538171701:3)

08-11 23:41:15.039  6493 20200 I LSPosed-Bridge: 	at bsj.run(:com.google.android.gms.policy_ads_fdr_dynamite@232400001@232400000057.538171701.538171701:21)

08-11 23:41:15.039  6493 20200 I LSPosed-Bridge: 	at btc.run(:com.google.android.gms.policy_ads_fdr_dynamite@232400001@232400000057.538171701.538171701:5)

08-11 23:41:15.039  6493 20200 I LSPosed-Bridge: 	at java.util.concurrent.ThreadPoolExecutor.runWorker(ThreadPoolExecutor.java:1167)

08-11 23:41:15.039  6493 20200 I LSPosed-Bridge: 	at java.util.concurrent.ThreadPoolExecutor$Worker.run(ThreadPoolExecutor.java:641)

08-11 23:41:15.039  6493 20200 I LSPosed-Bridge: 	at java.lang.Thread.run(Thread.java:764)

08-11 23:41:15.039  1513  6056 I LSPosed-Bridge: 6493 PermLabel 10117 AMS.checkPermission: Binder.getCallingPid() = 6493; uid = 10117; Binder.getCallingUid() = 10117; getNameForUid: com.powerful.clean.booster; getPackagesForUid: [com.powerful.clean.booster]; permName: android.permission.GET_TASKS; type = 0; res = -1; stacktrace=java.lang.Exception

08-11 23:41:15.039  1513  6056 I LSPosed-Bridge: 	at com.example.permlabel.requirePerm$1$2.afterHookedMethod(requirePerm.java:131)

08-11 23:41:15.039  1513  6056 I LSPosed-Bridge: 	at de.robv.android.xposed.XposedBridge$AdditionalHookInfo.callback(Unknown Source:147)

08-11 23:41:15.039  1513  6056 I LSPosed-Bridge: 	at LSPHooker_.checkPermission(Unknown Source:25)

08-11 23:41:15.039  1513  6056 I LSPosed-Bridge: 	at com.android.server.am.ActivityManagerService.isGetTasksAllowed(ActivityManagerService.java:10902)

08-11 23:41:15.039  1513  6056 I LSPosed-Bridge: 	at com.android.server.am.ActivityManagerService.getRunningAppProcesses(ActivityManagerService.java:16139)

08-11 23:41:15.039  1513  6056 I LSPosed-Bridge: 	at android.app.IActivityManager$Stub.onTransact(IActivityManager.java:1088)

08-11 23:41:15.039  1513  6056 I LSPosed-Bridge: 	at com.android.server.am.ActivityManagerService.onTransact(ActivityManagerService.java:3346)

08-11 23:41:15.039  1513  6056 I LSPosed-Bridge: 	at android.os.Binder.execTransact(Binder.java:731)

08-11 23:41:15.039   554   554 I ConfigStore: android::hardware::configstore::V1_0::ISurfaceFlingerConfigs::hasHDRDisplay retrieved: 0

08-11 23:41:15.087  1513  3557 I LSPosed-Bridge: 6493 PermLabel 10117 AMS.checkPermission: Binder.getCallingPid() = 6493; uid = 10117; Binder.getCallingUid() = 10117; getNameForUid: com.powerful.clean.booster; getPackagesForUid: [com.powerful.clean.booster]; permName: android.permission.GET_TASKS; type = 0; res = -1; stacktrace=java.lang.Exception

08-11 23:41:15.087  1513  3557 I LSPosed-Bridge: 	at com.example.permlabel.requirePerm$1$2.afterHookedMethod(requirePerm.java:131)

08-11 23:41:15.087  1513  3557 I LSPosed-Bridge: 	at de.robv.android.xposed.XposedBridge$AdditionalHookInfo.callback(Unknown Source:147)

08-11 23:41:15.087  1513  3557 I LSPosed-Bridge: 	at LSPHooker_.checkPermission(Unknown Source:25)

08-11 23:41:15.087  1513  3557 I LSPosed-Bridge: 	at com.android.server.am.ActivityManagerService.isGetTasksAllowed(ActivityManagerService.java:10902)

08-11 23:41:15.087  1513  3557 I LSPosed-Bridge: 	at com.android.server.am.ActivityManagerService.getRunningAppProcesses(ActivityManagerService.java:16139)

08-11 23:41:15.087  1513  3557 I LSPosed-Bridge: 	at android.app.IActivityManager$Stub.onTransact(IActivityManager.java:1088)

08-11 23:41:15.087  1513  3557 I LSPosed-Bridge: 	at com.android.server.am.ActivityManagerService.onTransact(ActivityManagerService.java:3346)

08-11 23:41:15.087  1513  3557 I LSPosed-Bridge: 	at android.os.Binder.execTransact(Binder.java:731)

08-11 23:41:15.317  1513  3557 I LSPosed-Bridge: 6493 PermLabel 10117 AMS.checkPermission: Binder.getCallingPid() = 6493; uid = 10117; Binder.getCallingUid() = 10117; getNameForUid: com.powerful.clean.booster; getPackagesForUid: [com.powerful.clean.booster]; permName: android.permission.GET_TASKS; type = 0; res = -1; stacktrace=java.lang.Exception

08-11 23:41:15.317  1513  3557 I LSPosed-Bridge: 	at com.example.permlabel.requirePerm$1$2.afterHookedMethod(requirePerm.java:131)

08-11 23:41:15.317  1513  3557 I LSPosed-Bridge: 	at de.robv.android.xposed.XposedBridge$AdditionalHookInfo.callback(Unknown Source:147)

08-11 23:41:15.317  1513  3557 I LSPosed-Bridge: 	at LSPHooker_.checkPermission(Unknown Source:25)

08-11 23:41:15.317  1513  3557 I LSPosed-Bridge: 	at com.android.server.am.ActivityManagerService.isGetTasksAllowed(ActivityManagerService.java:10902)

08-11 23:41:15.317  1513  3557 I LSPosed-Bridge: 	at com.android.server.am.ActivityManagerService.getRunningAppProcesses(ActivityManagerService.java:16139)

08-11 23:41:15.317  1513  3557 I LSPosed-Bridge: 	at android.app.IActivityManager$Stub.onTransact(IActivityManager.java:1088)

08-11 23:41:15.317  1513  3557 I LSPosed-Bridge: 	at com.android.server.am.ActivityManagerService.onTransact(ActivityManagerService.java:3346)

08-11 23:41:15.317  1513  3557 I LSPosed-Bridge: 	at android.os.Binder.execTransact(Binder.java:731)

08-11 23:41:15.317  6493  6493 I LSPosed-Bridge: 6493 PermLabel hookBinder_test 10117 interfaceBinder =android.view.accessibility.IAccessibilityInteractionConnectionCallback; arg0 = 2; arg1 = android.os.Parcel@3d4a5ec; arg2 = null; arg3 = 1; res = true; stacktrace=java.lang.Exception

08-11 23:41:15.317  6493  6493 I LSPosed-Bridge: 	at com.example.permlabel.hookBinder_test$1.afterHookedMethod(hookBinder_test.java:62)

08-11 23:41:15.317  6493  6493 I LSPosed-Bridge: 	at de.robv.android.xposed.XposedBridge$AdditionalHookInfo.callback(Unknown Source:147)

08-11 23:41:15.317  6493  6493 I LSPosed-Bridge: 	at LSPHooker_.transact(Unknown Source:28)

08-11 23:41:15.317  6493  6493 I LSPosed-Bridge: 	at android.view.accessibility.IAccessibilityInteractionConnectionCallback$Stub$Proxy.setFindAccessibilityNodeInfosResult(IAccessibilityInteractionConnectionCallback.java:146)

08-11 23:41:15.317  6493  6493 I LSPosed-Bridge: 	at android.view.AccessibilityInteractionController.updateInfosForViewportAndReturnFindNodeResult(AccessibilityInteractionController.java:869)

08-11 23:41:15.317  6493  6493 I LSPosed-Bridge: 	at android.view.AccessibilityInteractionController.findAccessibilityNodeInfoByAccessibilityIdUiThread(AccessibilityInteractionController.java:340)

08-11 23:41:15.317  6493  6493 I LSPosed-Bridge: 	at android.view.AccessibilityInteractionController.access$400(AccessibilityInteractionController.java:67)

08-11 23:41:15.317  6493  6493 I LSPosed-Bridge: 	at android.view.AccessibilityInteractionController$PrivateHandler.handleMessage(AccessibilityInteractionController.java:1324)

08-11 23:41:15.317  6493  6493 I LSPosed-Bridge: 	at android.os.Handler.dispatchMessage(Handler.java:106)

08-11 23:41:15.317  6493  6493 I LSPosed-Bridge: 	at android.os.Looper.loop(Looper.java:193)

08-11 23:41:15.317  6493  6493 I LSPosed-Bridge: 	at android.app.ActivityThread.main(ActivityThread.java:6692)

08-11 23:41:15.317  6493  6493 I LSPosed-Bridge: 	at java.lang.reflect.Method.invoke(Native Method)

08-11 23:41:15.317  6493  6493 I LSPosed-Bridge: 	at com.android.internal.os.RuntimeInit$MethodAndArgsCaller.run(RuntimeInit.java:493)

08-11 23:41:15.317  6493  6493 I LSPosed-Bridge: 	at com.android.internal.os.ZygoteInit.main(ZygoteInit.java:858)

08-11 23:41:17.844  1513  6465 I LSPosed-Bridge: 6493 PermLabel 10117 AMS.checkPermission: Binder.getCallingPid() = 6493; uid = 10117; Binder.getCallingUid() = 10117; getNameForUid: com.powerful.clean.booster; getPackagesForUid: [com.powerful.clean.booster]; permName: android.permission.GET_TASKS; type = 0; res = -1; stacktrace=java.lang.Exception

08-11 23:41:17.844  1513  6465 I LSPosed-Bridge: 	at com.example.permlabel.requirePerm$1$2.afterHookedMethod(requirePerm.java:131)

08-11 23:41:17.844  1513  6465 I LSPosed-Bridge: 	at de.robv.android.xposed.XposedBridge$AdditionalHookInfo.callback(Unknown Source:147)

08-11 23:41:17.844  1513  6465 I LSPosed-Bridge: 	at LSPHooker_.checkPermission(Unknown Source:25)

08-11 23:41:17.844  1513  6465 I LSPosed-Bridge: 	at com.android.server.am.ActivityManagerService.isGetTasksAllowed(ActivityManagerService.java:10902)

08-11 23:41:17.844  1513  6465 I LSPosed-Bridge: 	at com.android.server.am.ActivityManagerService.getRunningAppProcesses(ActivityManagerService.java:16139)

08-11 23:41:17.844  1513  6465 I LSPosed-Bridge: 	at android.app.IActivityManager$Stub.onTransact(IActivityManager.java:1088)

08-11 23:41:17.844  1513  6465 I LSPosed-Bridge: 	at com.android.server.am.ActivityManagerService.onTransact(ActivityManagerService.java:3346)

08-11 23:41:17.844  1513  6465 I LSPosed-Bridge: 	at android.os.Binder.execTransact(Binder.java:731)

08-11 23:41:17.903  1513  3557 I LSPosed-Bridge: 6493 PermLabel 10117 AMS.checkPermission: Binder.getCallingPid() = 6493; uid = 10117; Binder.getCallingUid() = 10117; getNameForUid: com.powerful.clean.booster; getPackagesForUid: [com.powerful.clean.booster]; permName: android.permission.GET_TASKS; type = 0; res = -1; stacktrace=java.lang.Exception

08-11 23:41:17.903  1513  3557 I LSPosed-Bridge: 	at com.example.permlabel.requirePerm$1$2.afterHookedMethod(requirePerm.java:131)

08-11 23:41:17.903  1513  3557 I LSPosed-Bridge: 	at de.robv.android.xposed.XposedBridge$AdditionalHookInfo.callback(Unknown Source:147)

08-11 23:41:17.903  1513  3557 I LSPosed-Bridge: 	at LSPHooker_.checkPermission(Unknown Source:25)

08-11 23:41:17.903  1513  3557 I LSPosed-Bridge: 	at com.android.server.am.ActivityManagerService.isGetTasksAllowed(ActivityManagerService.java:10902)

08-11 23:41:17.903  1513  3557 I LSPosed-Bridge: 	at com.android.server.am.ActivityManagerService.getRunningAppProcesses(ActivityManagerService.java:16139)

08-11 23:41:17.903  1513  3557 I LSPosed-Bridge: 	at android.app.IActivityManager$Stub.onTransact(IActivityManager.java:1088)

08-11 23:41:17.903  1513  3557 I LSPosed-Bridge: 	at com.android.server.am.ActivityManagerService.onTransact(ActivityManagerService.java:3346)

08-11 23:41:17.903  1513  3557 I LSPosed-Bridge: 	at android.os.Binder.execTransact(Binder.java:731)

08-11 23:41:17.903  6493  6493 I LSPosed-Bridge: 6493 PermLabel hookBinder_test 10117 interfaceBinder =android.app.IActivityManager; arg0 = 81; arg1 = android.os.Parcel@fc07226; arg2 = android.os.Parcel@41aa482; arg3 = 0; res = true; stacktrace=java.lang.Exception

08-11 23:41:17.903  6493  6493 I LSPosed-Bridge: 	at com.example.permlabel.hookBinder_test$1.afterHookedMethod(hookBinder_test.java:62)

08-11 23:41:17.903  6493  6493 I LSPosed-Bridge: 	at de.robv.android.xposed.XposedBridge$AdditionalHookInfo.callback(Unknown Source:147)

08-11 23:41:17.903  6493  6493 I LSPosed-Bridge: 	at LSPHooker_.transact(Unknown Source:28)

08-11 23:41:17.903  6493  6493 I LSPosed-Bridge: 	at android.app.IActivityManager$Stub$Proxy.getRunningAppProcesses(IActivityManager.java:5366)

08-11 23:41:17.903  6493  6493 I LSPosed-Bridge: 	at android.app.ActivityManager.getRunningAppProcesses(ActivityManager.java:3435)

08-11 23:41:17.903  6493  6493 I LSPosed-Bridge: 	at java.lang.reflect.Method.invoke(Native Method)

08-11 23:41:17.903  6493  6493 I LSPosed-Bridge: 	at org.lsposed.lspd.nativebridge.HookBridge.invokeOriginalMethod(Native Method)

08-11 23:41:17.903  6493  6493 I LSPosed-Bridge: 	at de.robv.android.xposed.XposedBridge$AdditionalHookInfo.callback(Unknown Source:110)

08-11 23:41:17.903  6493  6493 I LSPosed-Bridge: 	at LSPHooker_.getRunningAppProcesses(Unknown Source:8)

08-11 23:41:17.903  6493  6493 I LSPosed-Bridge: 	at com.google.ccc.abuse.droidguard.DroidGuard.xssNative(Native Method)

08-11 23:41:17.903  6493  6493 I LSPosed-Bridge: 	at com.google.ccc.abuse.droidguard.DroidGuard.xss(DroidGuard.java:542)

08-11 23:41:17.903  6493  6493 I LSPosed-Bridge: 	at java.lang.reflect.Method.invoke(Native Method)

08-11 23:41:17.903  6493  6493 I LSPosed-Bridge: 	at asd.j(:com.google.android.gms.policy_ads_fdr_dynamite@232400001@232400000057.538171701.538171701:40)

08-11 23:41:17.903  6493  6493 I LSPosed-Bridge: 	at asd.d(:com.google.android.gms.policy_ads_fdr_dynamite@232400001@232400000057.538171701.538171701:56)

08-11 23:41:17.903  6493  6493 I LSPosed-Bridge: 	at aef.e(:com.google.android.gms.policy_ads_fdr_dynamite@232400001@232400000057.538171701.538171701:38)

08-11 23:41:17.903  6493  6493 I LSPosed-Bridge: 	at com.google.android.gms.ads.internal.i.e(:com.google.android.gms.policy_ads_fdr_dynamite@232400001@232400000057.538171701.538171701:41)

08-11 23:41:17.903  6493  6493 I LSPosed-Bridge: 	at aep.c(:com.google.android.gms.policy_ads_fdr_dynamite@232400001@232400000057.538171701.538171701:9)

08-11 23:41:17.903  6493  6493 I LSPosed-Bridge: 	at com.google.android.gms.ads.internal.gmsg.ah.b(:com.google.android.gms.policy_ads_fdr_dynamite@232400001@232400000057.538171701.538171701:29)

08-11 23:41:17.903  6493  6493 I LSPosed-Bridge: 	at com.google.android.gms.ads.nonagon.util.d.a(:com.google.android.gms.policy_ads_fdr_dynamite@232400001@232400000057.538171701.538171701:28)

08-11 23:41:17.903  6493  6493 I LSPosed-Bridge: 	at com.google.android.gms.ads.internal.webview.q.u(:com.google.android.gms.policy_ads_fdr_dynamite@232400001@232400000057.538171701.538171701:52)

08-11 23:41:17.903  6493  6493 I LSPosed-Bridge: 	at com.google.android.gms.ads.internal.webview.q.e(:com.google.android.gms.policy_ads_fdr_dynamite@232400001@232400000057.538171701.538171701:97)

08-11 23:41:17.903  6493  6493 I LSPosed-Bridge: 	at com.google.android.gms.ads.internal.webview.ah.run(:com.google.android.gms.policy_ads_fdr_dynamite@232400001@232400000057.538171701.538171701:25)

08-11 23:41:17.903  6493  6493 I LSPosed-Bridge: 	at android.os.Handler.handleCallback(Handler.java:873)

08-11 23:41:17.903  6493  6493 I LSPosed-Bridge: 	at android.os.Handler.dispatchMessage(Handler.java:99)

08-11 23:41:17.903  6493  6493 I LSPosed-Bridge: 	at ate.a(:com.google.android.gms.policy_ads_fdr_dynamite@232400001@232400000057.538171701.538171701:1)

08-11 23:41:17.903  6493  6493 I LSPosed-Bridge: 	at com.google.android.gms.ads.internal.util.f.a(:com.google.android.gms.policy_ads_fdr_dynamite@232400001@232400000057.538171701.538171701:2)

08-11 23:41:17.903  6493  6493 I LSPosed-Bridge: 	at ate.dispatchMessage(:com.google.android.gms.policy_ads_fdr_dynamite@232400001@232400000057.538171701.538171701:1)

08-11 23:41:17.903  6493  6493 I LSPosed-Bridge: 	at android.os.Looper.loop(Looper.java:193)

08-11 23:41:17.903  6493  6493 I LSPosed-Bridge: 	at android.app.ActivityThread.main(ActivityThread.java:6692)

08-11 23:41:17.903  6493  6493 I LSPosed-Bridge: 	at java.lang.reflect.Method.invoke(Native Method)

08-11 23:41:17.903  6493  6493 I LSPosed-Bridge: 	at com.android.internal.os.RuntimeInit$MethodAndArgsCaller.run(RuntimeInit.java:493)

08-11 23:41:17.903  6493  6493 I LSPosed-Bridge: 	at com.android.internal.os.ZygoteInit.main(ZygoteInit.java:858)

08-11 23:41:20.752  1513 10902 I LSPosed-Bridge: 6493 PermLabel 10117 AMS.checkPermission: Binder.getCallingPid() = 6493; uid = 10117; Binder.getCallingUid() = 10117; getNameForUid: com.powerful.clean.booster; getPackagesForUid: [com.powerful.clean.booster]; permName: android.permission.GET_TASKS; type = 0; res = -1; stacktrace=java.lang.Exception

08-11 23:41:20.752  1513 10902 I LSPosed-Bridge: 	at com.example.permlabel.requirePerm$1$2.afterHookedMethod(requirePerm.java:131)

08-11 23:41:20.752  1513 10902 I LSPosed-Bridge: 	at de.robv.android.xposed.XposedBridge$AdditionalHookInfo.callback(Unknown Source:147)

08-11 23:41:20.752  1513 10902 I LSPosed-Bridge: 	at LSPHooker_.checkPermission(Unknown Source:25)

08-11 23:41:20.752  1513 10902 I LSPosed-Bridge: 	at com.android.server.am.ActivityManagerService.isGetTasksAllowed(ActivityManagerService.java:10902)

08-11 23:41:20.752  1513 10902 I LSPosed-Bridge: 	at com.android.server.am.ActivityManagerService.getRunningAppProcesses(ActivityManagerService.java:16139)

08-11 23:41:20.752  1513 10902 I LSPosed-Bridge: 	at android.app.IActivityManager$Stub.onTransact(IActivityManager.java:1088)

08-11 23:41:20.752  1513 10902 I LSPosed-Bridge: 	at com.android.server.am.ActivityManagerService.onTransact(ActivityManagerService.java:3346)

08-11 23:41:20.752  1513 10902 I LSPosed-Bridge: 	at android.os.Binder.execTransact(Binder.java:731)

08-11 23:41:20.791  3271  4957 I LSPosed-Bridge: 3271 PermLabel hookBinder_test 10116 interfaceBinder =android.app.IActivityManager; arg0 = 75; arg1 = android.os.Parcel@6bb43ea; arg2 = android.os.Parcel@b99b578; arg3 = 0; res = true; stacktrace=java.lang.Exception

08-11 23:41:20.791  3271  4957 I LSPosed-Bridge: 	at com.example.permlabel.hookBinder_test$1.afterHookedMethod(hookBinder_test.java:62)

08-11 23:41:20.791  3271  4957 I LSPosed-Bridge: 	at de.robv.android.xposed.XposedBridge$AdditionalHookInfo.callback(Unknown Source:147)

08-11 23:41:20.791  3271  4957 I LSPosed-Bridge: 	at LSPHooker_.transact(Unknown Source:28)

08-11 23:41:20.791  3271  4957 I LSPosed-Bridge: 	at android.app.IActivityManager$Stub$Proxy.getProcessesInErrorState(IActivityManager.java:5248)

08-11 23:41:20.791  3271  4957 I LSPosed-Bridge: 	at android.app.ActivityManager.getProcessesInErrorState(ActivityManager.java:2938)

08-11 23:41:20.791  3271  4957 I LSPosed-Bridge: 	at com.apm.insight.l.a.a(Unknown Source:19)

08-11 23:41:20.791  3271  4957 I LSPosed-Bridge: 	at com.apm.insight.b.d.a(Unknown Source:29)

08-11 23:41:20.791  3271  4957 I LSPosed-Bridge: 	at com.apm.insight.b.b.a(Unknown Source:17)

08-11 23:41:20.791  3271  4957 I LSPosed-Bridge: 	at com.apm.insight.b.b$1.run(Unknown Source:6)

08-11 23:41:20.791  3271  4957 I LSPosed-Bridge: 	at com.apm.insight.b.b.d(Unknown Source:17)

08-11 23:41:20.791  3271  4957 I LSPosed-Bridge: 	at com.apm.insight.b.c$1.run(Unknown Source:15)

08-11 23:41:20.791  3271  4957 I LSPosed-Bridge: 	at android.os.Handler.handleCallback(Handler.java:873)

08-11 23:41:20.791  3271  4957 I LSPosed-Bridge: 	at android.os.Handler.dispatchMessage(Handler.java:99)

08-11 23:41:20.791  3271  4957 I LSPosed-Bridge: 	at android.os.Looper.loop(Looper.java:193)

08-11 23:41:20.791  3271  4957 I LSPosed-Bridge: 	at com.apm.insight.runtime.u$c.onLooperPrepared(Unknown Source:37)

08-11 23:41:20.791  3271  4957 I LSPosed-Bridge: 	at android.os.HandlerThread.run(HandlerThread.java:64)

08-11 23:41:20.791  1513 10902 I LSPosed-Bridge: 6493 PermLabel 10117 AMS.checkPermission: Binder.getCallingPid() = 6493; uid = 10117; Binder.getCallingUid() = 10117; getNameForUid: com.powerful.clean.booster; getPackagesForUid: [com.powerful.clean.booster]; permName: android.permission.GET_TASKS; type = 0; res = -1; stacktrace=java.lang.Exception

08-11 23:41:20.791  1513 10902 I LSPosed-Bridge: 	at com.example.permlabel.requirePerm$1$2.afterHookedMethod(requirePerm.java:131)

08-11 23:41:20.791  1513 10902 I LSPosed-Bridge: 	at de.robv.android.xposed.XposedBridge$AdditionalHookInfo.callback(Unknown Source:147)

08-11 23:41:20.791  1513 10902 I LSPosed-Bridge: 	at LSPHooker_.checkPermission(Unknown Source:25)

08-11 23:41:20.791  1513 10902 I LSPosed-Bridge: 	at com.android.server.am.ActivityManagerService.isGetTasksAllowed(ActivityManagerService.java:10902)

08-11 23:41:20.791  1513 10902 I LSPosed-Bridge: 	at com.android.server.am.ActivityManagerService.getRunningAppProcesses(ActivityManagerService.java:16139)

08-11 23:41:20.791  1513 10902 I LSPosed-Bridge: 	at android.app.IActivityManager$Stub.onTransact(IActivityManager.java:1088)

08-11 23:41:20.791  1513 10902 I LSPosed-Bridge: 	at com.android.server.am.ActivityManagerService.onTransact(ActivityManagerService.java:3346)

08-11 23:41:20.791  1513 10902 I LSPosed-Bridge: 	at android.os.Binder.execTransact(Binder.java:731)

08-11 23:41:21.031  1513 10902 I LSPosed-Bridge: 6493 PermLabel 10117 AMS.checkPermission: Binder.getCallingPid() = 6493; uid = 10117; Binder.getCallingUid() = 10117; getNameForUid: com.powerful.clean.booster; getPackagesForUid: [com.powerful.clean.booster]; permName: android.permission.GET_TASKS; type = 0; res = -1; stacktrace=java.lang.Exception

08-11 23:41:21.031  1513 10902 I LSPosed-Bridge: 	at com.example.permlabel.requirePerm$1$2.afterHookedMethod(requirePerm.java:131)

08-11 23:41:21.031  1513 10902 I LSPosed-Bridge: 	at de.robv.android.xposed.XposedBridge$AdditionalHookInfo.callback(Unknown Source:147)

08-11 23:41:21.031  1513 10902 I LSPosed-Bridge: 	at LSPHooker_.checkPermission(Unknown Source:25)

08-11 23:41:21.031  1513 10902 I LSPosed-Bridge: 	at com.android.server.am.ActivityManagerService.isGetTasksAllowed(ActivityManagerService.java:10902)

08-11 23:41:21.031  1513 10902 I LSPosed-Bridge: 	at com.android.server.am.ActivityManagerService.getRunningAppProcesses(ActivityManagerService.java:16139)

08-11 23:41:21.031  1513 10902 I LSPosed-Bridge: 	at android.app.IActivityManager$Stub.onTransact(IActivityManager.java:1088)

08-11 23:41:21.031  1513 10902 I LSPosed-Bridge: 	at com.android.server.am.ActivityManagerService.onTransact(ActivityManagerService.java:3346)

08-11 23:41:21.031  1513 10902 I LSPosed-Bridge: 	at android.os.Binder.execTransact(Binder.java:731)

08-11 23:42:18.048  1513  6465 I LSPosed-Bridge: 6493 PermLabel 10117 AMS.checkPermission: Binder.getCallingPid() = 6493; uid = 10117; Binder.getCallingUid() = 10117; getNameForUid: com.powerful.clean.booster; getPackagesForUid: [com.powerful.clean.booster]; permName: android.permission.GET_TASKS; type = 0; res = -1; stacktrace=java.lang.Exception

08-11 23:42:18.048  1513  6465 I LSPosed-Bridge: 	at com.example.permlabel.requirePerm$1$2.afterHookedMethod(requirePerm.java:131)

08-11 23:42:18.048  1513  6465 I LSPosed-Bridge: 	at de.robv.android.xposed.XposedBridge$AdditionalHookInfo.callback(Unknown Source:147)

08-11 23:42:18.048  1513  6465 I LSPosed-Bridge: 	at LSPHooker_.checkPermission(Unknown Source:25)

08-11 23:42:18.048  1513  6465 I LSPosed-Bridge: 	at com.android.server.am.ActivityManagerService.isGetTasksAllowed(ActivityManagerService.java:10902)

08-11 23:42:18.048  1513  6465 I LSPosed-Bridge: 	at com.android.server.am.ActivityManagerService.getRunningAppProcesses(ActivityManagerService.java:16139)

08-11 23:42:18.048  1513  6465 I LSPosed-Bridge: 	at android.app.IActivityManager$Stub.onTransact(IActivityManager.java:1088)

08-11 23:42:18.048  1513  6465 I LSPosed-Bridge: 	at com.android.server.am.ActivityManagerService.onTransact(ActivityManagerService.java:3346)

08-11 23:42:18.048  1513  6465 I LSPosed-Bridge: 	at android.os.Binder.execTransact(Binder.java:731)

08-11 23:42:18.096  1513  6465 I LSPosed-Bridge: 6493 PermLabel 10117 AMS.checkPermission: Binder.getCallingPid() = 6493; uid = 10117; Binder.getCallingUid() = 10117; getNameForUid: com.powerful.clean.booster; getPackagesForUid: [com.powerful.clean.booster]; permName: android.permission.GET_TASKS; type = 0; res = -1; stacktrace=java.lang.Exception

08-11 23:42:18.096  1513  6465 I LSPosed-Bridge: 	at com.example.permlabel.requirePerm$1$2.afterHookedMethod(requirePerm.java:131)

08-11 23:42:18.096  1513  6465 I LSPosed-Bridge: 	at de.robv.android.xposed.XposedBridge$AdditionalHookInfo.callback(Unknown Source:147)

08-11 23:42:18.096  1513  6465 I LSPosed-Bridge: 	at LSPHooker_.checkPermission(Unknown Source:25)

08-11 23:42:18.096  1513  6465 I LSPosed-Bridge: 	at com.android.server.am.ActivityManagerService.isGetTasksAllowed(ActivityManagerService.java:10902)

08-11 23:42:18.096  1513  6465 I LSPosed-Bridge: 	at com.android.server.am.ActivityManagerService.getRunningAppProcesses(ActivityManagerService.java:16139)

08-11 23:42:18.096  1513  6465 I LSPosed-Bridge: 	at android.app.IActivityManager$Stub.onTransact(IActivityManager.java:1088)

08-11 23:42:18.096  1513  6465 I LSPosed-Bridge: 	at com.android.server.am.ActivityManagerService.onTransact(ActivityManagerService.java:3346)

08-11 23:42:18.096  1513  6465 I LSPosed-Bridge: 	at android.os.Binder.execTransact(Binder.java:731)

08-11 23:42:20.940  6493 16736 I LSPosed-Bridge: 6493 PermLabel hookBinder_test 10117 interfaceBinder =android.content.IBulkCursor; arg0 = 1; arg1 = android.os.Parcel@4009eb1; arg2 = android.os.Parcel@283af96; arg3 = 0; res = true; stacktrace=java.lang.Exception

08-11 23:42:20.940  6493 16736 I LSPosed-Bridge: 	at com.example.permlabel.hookBinder_test$1.afterHookedMethod(hookBinder_test.java:62)

08-11 23:42:20.940  6493 16736 I LSPosed-Bridge: 	at de.robv.android.xposed.XposedBridge$AdditionalHookInfo.callback(Unknown Source:147)

08-11 23:42:20.940  6493 16736 I LSPosed-Bridge: 	at LSPHooker_.transact(Unknown Source:28)

08-11 23:42:20.940  6493 16736 I LSPosed-Bridge: 	at android.database.BulkCursorProxy.getWindow(BulkCursorNative.java:163)

08-11 23:42:20.940  6493 16736 I LSPosed-Bridge: 	at android.database.BulkCursorToCursorAdaptor.onMove(BulkCursorToCursorAdaptor.java:82)

08-11 23:42:20.940  6493 16736 I LSPosed-Bridge: 	at android.database.AbstractCursor.moveToPosition(AbstractCursor.java:237)

08-11 23:42:20.940  6493 16736 I LSPosed-Bridge: 	at android.database.AbstractCursor.moveToFirst(AbstractCursor.java:259)

08-11 23:42:20.940  6493 16736 I LSPosed-Bridge: 	at android.database.CursorWrapper.moveToFirst(CursorWrapper.java:71)

08-11 23:42:20.940  6493 16736 I LSPosed-Bridge: 	at aqs.i(:com.google.android.gms.policy_ads_fdr_dynamite@232400001@232400000057.538171701.538171701:77)

08-11 23:42:20.940  6493 16736 I LSPosed-Bridge: 	at aqs.c(:com.google.android.gms.policy_ads_fdr_dynamite@232400001@232400000057.538171701.538171701:233)

08-11 23:42:20.940  6493 16736 I LSPosed-Bridge: 	at com.google.android.gms.ads.internal.util.client.q.a(:com.google.android.gms.policy_ads_fdr_dynamite@232400001@232400000057.538171701.538171701:2)

08-11 23:42:20.940  6493 16736 I LSPosed-Bridge: 	at com.google.android.gms.ads.nonagon.signals.fa.call(:com.google.android.gms.policy_ads_fdr_dynamite@232400001@232400000057.538171701.538171701:54)

08-11 23:42:20.940  6493 16736 I LSPosed-Bridge: 	at btb.a(:com.google.android.gms.policy_ads_fdr_dynamite@232400001@232400000057.538171701.538171701:3)

08-11 23:42:20.940  6493 16736 I LSPosed-Bridge: 	at bsj.run(:com.google.android.gms.policy_ads_fdr_dynamite@232400001@232400000057.538171701.538171701:21)

08-11 23:42:20.940  6493 16736 I LSPosed-Bridge: 	at btc.run(:com.google.android.gms.policy_ads_fdr_dynamite@232400001@232400000057.538171701.538171701:5)

08-11 23:42:20.940  6493 16736 I LSPosed-Bridge: 	at java.util.concurrent.ThreadPoolExecutor.runWorker(ThreadPoolExecutor.java:1167)

08-11 23:42:20.940  6493 16736 I LSPosed-Bridge: 	at java.util.concurrent.ThreadPoolExecutor$Worker.run(ThreadPoolExecutor.java:641)

08-11 23:42:20.940  6493 16736 I LSPosed-Bridge: 	at java.lang.Thread.run(Thread.java:764)

08-11 23:42:20.940  6493 22206 I LSPosed-Bridge: 6493 PermLabel hookBinder_test 10117 interfaceBinder =com.android.internal.telephony.ISub; arg0 = 22; arg1 = android.os.Parcel@f4f74ed; arg2 = android.os.Parcel@c6b5704; arg3 = 0; res = true; stacktrace=java.lang.Exception

08-11 23:42:20.940  6493 22206 I LSPosed-Bridge: 	at com.example.permlabel.hookBinder_test$1.afterHookedMethod(hookBinder_test.java:62)

08-11 23:42:20.940  6493 22206 I LSPosed-Bridge: 	at de.robv.android.xposed.XposedBridge$AdditionalHookInfo.callback(Unknown Source:147)

08-11 23:42:20.940  6493 22206 I LSPosed-Bridge: 	at LSPHooker_.transact(Unknown Source:28)

08-11 23:42:20.940  6493 22206 I LSPosed-Bridge: 	at com.android.internal.telephony.ISub$Stub$Proxy.getPhoneId(ISub.java:882)

08-11 23:42:20.940  6493 22206 I LSPosed-Bridge: 	at android.telephony.SubscriptionManager.getPhoneId(SubscriptionManager.java:1224)

08-11 23:42:20.940  6493 22206 I LSPosed-Bridge: 	at android.telephony.TelephonyManager.getPhoneId(TelephonyManager.java:4918)

08-11 23:42:20.940  6493 22206 I LSPosed-Bridge: 	at android.telephony.TelephonyManager.getNetworkOperator(TelephonyManager.java:1785)

08-11 23:42:20.940  6493 22206 I LSPosed-Bridge: 	at com.google.android.gms.ads.nonagon.signals.fx.call(:com.google.android.gms.policy_ads_fdr_dynamite@232400001@232400000057.538171701.538171701:13)

08-11 23:42:20.940  6493 22206 I LSPosed-Bridge: 	at btb.a(:com.google.android.gms.policy_ads_fdr_dynamite@232400001@232400000057.538171701.538171701:3)

08-11 23:42:20.940  6493 22206 I LSPosed-Bridge: 	at bsj.run(:com.google.android.gms.policy_ads_fdr_dynamite@232400001@232400000057.538171701.538171701:21)

08-11 23:42:20.940  6493 22206 I LSPosed-Bridge: 	at btc.run(:com.google.android.gms.policy_ads_fdr_dynamite@232400001@232400000057.538171701.538171701:5)

08-11 23:42:20.940  6493 22206 I LSPosed-Bridge: 	at java.util.concurrent.ThreadPoolExecutor.runWorker(ThreadPoolExecutor.java:1167)

08-11 23:42:20.940  6493 22206 I LSPosed-Bridge: 	at java.util.concurrent.ThreadPoolExecutor$Worker.run(ThreadPoolExecutor.java:641)

08-11 23:42:20.940  6493 22206 I LSPosed-Bridge: 	at java.lang.Thread.run(Thread.java:764)

08-11 23:42:20.940  1513  7417 I LSPosed-Bridge: 6493 PermLabel 10117 AMS.checkPermission: Binder.getCallingPid() = 6493; uid = 10117; Binder.getCallingUid() = 10117; getNameForUid: com.powerful.clean.booster; getPackagesForUid: [com.powerful.clean.booster]; permName: android.permission.GET_TASKS; type = 0; res = -1; stacktrace=java.lang.Exception

08-11 23:42:20.940  1513  7417 I LSPosed-Bridge: 	at com.example.permlabel.requirePerm$1$2.afterHookedMethod(requirePerm.java:131)

08-11 23:42:20.940  1513  7417 I LSPosed-Bridge: 	at de.robv.android.xposed.XposedBridge$AdditionalHookInfo.callback(Unknown Source:147)

08-11 23:42:20.940  1513  7417 I LSPosed-Bridge: 	at LSPHooker_.checkPermission(Unknown Source:25)

08-11 23:42:20.940  1513  7417 I LSPosed-Bridge: 	at com.android.server.am.ActivityManagerService.isGetTasksAllowed(ActivityManagerService.java:10902)

08-11 23:42:20.940  1513  7417 I LSPosed-Bridge: 	at com.android.server.am.ActivityManagerService.getRunningAppProcesses(ActivityManagerService.java:16139)

08-11 23:42:20.940  1513  7417 I LSPosed-Bridge: 	at android.app.IActivityManager$Stub.onTransact(IActivityManager.java:1088)

08-11 23:42:20.940  1513  7417 I LSPosed-Bridge: 	at com.android.server.am.ActivityManagerService.onTransact(ActivityManagerService.java:3346)

08-11 23:42:20.940  1513  7417 I LSPosed-Bridge: 	at android.os.Binder.execTransact(Binder.java:731)

08-11 23:42:20.940  6493  6493 I LSPosed-Bridge: 6493 PermLabel hookBinder_test 10117 interfaceBinder =android.app.IActivityManager; arg0 = 49; arg1 = android.os.Parcel@234829c; arg2 = android.os.Parcel@cf54a5; arg3 = 0; res = true; stacktrace=java.lang.Exception

08-11 23:42:20.940  6493  6493 I LSPosed-Bridge: 	at com.example.permlabel.hookBinder_test$1.afterHookedMethod(hookBinder_test.java:62)

08-11 23:42:20.940  6493  6493 I LSPosed-Bridge: 	at de.robv.android.xposed.XposedBridge$AdditionalHookInfo.callback(Unknown Source:147)

08-11 23:42:20.940  6493  6493 I LSPosed-Bridge: 	at LSPHooker_.transact(Unknown Source:28)

08-11 23:42:20.940  6493  6493 I LSPosed-Bridge: 	at android.app.IActivityManager$Stub$Proxy.checkPermission(IActivityManager.java:4722)

08-11 23:42:20.940  6493  6493 I LSPosed-Bridge: 	at android.app.ContextImpl.checkPermission(ContextImpl.java:1751)

08-11 23:42:20.940  6493  6493 I LSPosed-Bridge: 	at java.lang.reflect.Method.invoke(Native Method)

08-11 23:42:20.940  6493  6493 I LSPosed-Bridge: 	at org.lsposed.lspd.nativebridge.HookBridge.invokeOriginalMethod(Native Method)

08-11 23:42:20.940  6493  6493 I LSPosed-Bridge: 	at de.robv.android.xposed.XposedBridge$AdditionalHookInfo.callback(Unknown Source:110)

08-11 23:42:20.940  6493  6493 I LSPosed-Bridge: 	at LSPHooker_.checkPermission(Unknown Source:25)

08-11 23:42:20.940  6493  6493 I LSPosed-Bridge: 	at android.content.ContextWrapper.checkPermission(ContextWrapper.java:738)

08-11 23:42:20.940  6493  6493 I LSPosed-Bridge: 	at com.google.android.gms.ads.nonagon.signals.a.b(:com.google.android.gms.policy_ads_fdr_dynamite@232400001@232400000057.538171701.538171701:62)

08-11 23:42:20.940  6493  6493 I LSPosed-Bridge: 	at com.google.android.gms.ads.nonagon.signals.fq.a(:com.google.android.gms.policy_ads_fdr_dynamite@232400001@232400000057.538171701.538171701:108)

08-11 23:42:20.940  6493  6493 I LSPosed-Bridge: 	at com.google.android.gms.ads.nonagon.ad.common.ci.a(:com.google.android.gms.policy_ads_fdr_dynamite@232400001@232400000057.538171701.538171701:12)

08-11 23:42:20.940  6493  6493 I LSPosed-Bridge: 	at com.google.android.gms.ads.nonagon.ad.common.ci.b(:com.google.android.gms.policy_ads_fdr_dynamite@232400001@232400000057.538171701.538171701:1)

08-11 23:42:20.940  6493  6493 I LSPosed-Bridge: 	at com.google.android.gms.ads.nonagon.ad.common.ai.d(:com.google.android.gms.policy_ads_fdr_dynamite@232400001@232400000057.538171701.538171701:16)

08-11 23:42:20.940  6493  6493 I LSPosed-Bridge: 	at com.google.android.gms.ads.nonagon.ad.common.ai.b(:com.google.android.gms.policy_ads_fdr_dynamite@232400001@232400000057.538171701.538171701:1)

08-11 23:42:20.940  6493  6493 I LSPosed-Bridge: 	at com.google.android.gms.ads.nonagon.shim.adapters.b.c(:com.google.android.gms.policy_ads_fdr_dynamite@232400001@232400000057.538171701.538171701:329)

08-11 23:42:20.940  6493  6493 I LSPosed-Bridge: 	at com.google.android.gms.ads.nonagon.shim.d.g(:com.google.android.gms.policy_ads_fdr_dynamite@232400001@232400000057.538171701.538171701:4)

