09-02 18:49:21.170  5812  5812 I LSPosed-Bridge: 5812 PermLabel 10130 permission_group_mapping =android.permission.RECORD_AUDIO Microphone

09-02 18:49:21.170  5812  5812 W System.err: android.content.pm.PackageManager$NameNotFoundException: android.permission.READ_SETTINGS

09-02 18:49:21.181   552   552 I ConfigStore: android::hardware::configstore::V1_0::ISurfaceFlingerConfigs::hasHDRDisplay retrieved: 0

09-02 18:49:21.181   552   552 I ConfigStore: android::hardware::configstore::V1_0::ISurfaceFlingerConfigs::hasHDRDisplay retrieved: 0

09-02 18:49:21.181  5812  5812 I LSPosed-Bridge: 5812 PermLabel 10130 all_declared permissions =android.permission.FOREGROUND_SERVICE android.permission.REQUEST_INSTALL_PACKAGES android.permission.GET_TASKS android.permission.INTERNET android.permission.ACCESS_NETWORK_STATE android.permission.SYSTEM_OVERLAY_WINDOW android.permission.EXPAND_STATUS_BAR com.android.vending.CHECK_LICENSE android.permission.DISABLE_KEYGUARD android.permission.ACCESS_WIFI_STATE android.permission.VIBRATE android.permission.WAKE_LOCK android.permission.READ_EXTERNAL_STORAGE android.permission.WRITE_EXTERNAL_STORAGE android.permission.SYSTEM_ALERT_WINDOW android.permission.CAPTURE_SECURE_VIDEO_OUTPUT android.permission.CAPTURE_AUDIO_OUTPUT android.permission.CAPTURE_VIDEO_OUTPUT com.android.vending.BILLING android.permission.CAMERA android.permission.FLASHLIGHT android.permission.RECORD_AUDIO android.permission.READ_SETTINGS android.permission.MODIFY_AUDIO_SETTINGS android.permission.REQUEST_IGNORE_BATTERY_OPTIMIZATIONS android.permission.QUERY_ALL_PACKAGES android.permission.REORDER_TASKS com.screeclibinvoke.openadsdk.permission.TT_PANGOLIN com.asus.msa.SupplementaryDID.ACCESS android.permission.CHANGE_WIFI_STATE com.google.android.gms.permission.AD_ID android.permission.BROADCAST_STICKY com.hihonor.permission.MANAGE_FOLD_SCREEN com.hihonor.permission.MANAGE_FOLD_SCREEN_PRIVILEGED android.permission.CHANGE_NETWORK_STATE 

09-02 18:49:21.181  5812  5812 I LSPosed-Bridge: 5812 PermLabel 10130 all_declared permissions =android.permission.FOREGROUND_SERVICE android.permission.REQUEST_INSTALL_PACKAGES android.permission.GET_TASKS android.permission.INTERNET android.permission.ACCESS_NETWORK_STATE android.permission.SYSTEM_OVERLAY_WINDOW android.permission.EXPAND_STATUS_BAR com.android.vending.CHECK_LICENSE android.permission.DISABLE_KEYGUARD android.permission.ACCESS_WIFI_STATE android.permission.VIBRATE android.permission.WAKE_LOCK android.permission.READ_EXTERNAL_STORAGE android.permission.WRITE_EXTERNAL_STORAGE android.permission.SYSTEM_ALERT_WINDOW android.permission.CAPTURE_SECURE_VIDEO_OUTPUT android.permission.CAPTURE_AUDIO_OUTPUT android.permission.CAPTURE_VIDEO_OUTPUT com.android.vending.BILLING android.permission.CAMERA android.permission.FLASHLIGHT android.permission.RECORD_AUDIO android.permission.READ_SETTINGS android.permission.MODIFY_AUDIO_SETTINGS android.permission.REQUEST_IGNORE_BATTERY_OPTIMIZATIONS android.permission.QUERY_ALL_PACKAGES android.permission.REORDER_TASKS com.screeclibinvoke.openadsdk.permission.TT_PANGOLIN com.asus.msa.SupplementaryDID.ACCESS android.permission.CHANGE_WIFI_STATE com.google.android.gms.permission.AD_ID android.permission.BROADCAST_STICKY com.hihonor.permission.MANAGE_FOLD_SCREEN com.hihonor.permission.MANAGE_FOLD_SCREEN_PRIVILEGED android.permission.CHANGE_NETWORK_STATE 

09-02 18:49:21.181  5812  5812 I LSPosed-Bridge: 5812 PermLabel 10130 declared normal_permissions =android.permission.FOREGROUND_SERVICE android.permission.GET_TASKS android.permission.INTERNET android.permission.ACCESS_NETWORK_STATE android.permission.EXPAND_STATUS_BAR com.android.vending.CHECK_LICENSE android.permission.DISABLE_KEYGUARD android.permission.ACCESS_WIFI_STATE android.permission.VIBRATE android.permission.WAKE_LOCK com.android.vending.BILLING android.permission.FLASHLIGHT android.permission.MODIFY_AUDIO_SETTINGS android.permission.REQUEST_IGNORE_BATTERY_OPTIMIZATIONS android.permission.REORDER_TASKS android.permission.CHANGE_WIFI_STATE com.google.android.gms.permission.AD_ID android.permission.BROADCAST_STICKY android.permission.CHANGE_NETWORK_STATE 

09-02 18:49:21.181  5812  5812 I LSPosed-Bridge: 5812 PermLabel 10130 declared normal_permissions =android.permission.FOREGROUND_SERVICE android.permission.GET_TASKS android.permission.INTERNET android.permission.ACCESS_NETWORK_STATE android.permission.EXPAND_STATUS_BAR com.android.vending.CHECK_LICENSE android.permission.DISABLE_KEYGUARD android.permission.ACCESS_WIFI_STATE android.permission.VIBRATE android.permission.WAKE_LOCK com.android.vending.BILLING android.permission.FLASHLIGHT android.permission.MODIFY_AUDIO_SETTINGS android.permission.REQUEST_IGNORE_BATTERY_OPTIMIZATIONS android.permission.REORDER_TASKS android.permission.CHANGE_WIFI_STATE com.google.android.gms.permission.AD_ID android.permission.BROADCAST_STICKY android.permission.CHANGE_NETWORK_STATE 

09-02 18:49:21.181  5812  5812 I LSPosed-Bridge: 5812 PermLabel 10130 declared dangerous_permissions =android.permission.READ_EXTERNAL_STORAGE android.permission.WRITE_EXTERNAL_STORAGE android.permission.CAMERA android.permission.RECORD_AUDIO 

09-02 18:49:21.181  5812  5812 I LSPosed-Bridge: 5812 PermLabel 10130 declared dangerous_permissions =android.permission.READ_EXTERNAL_STORAGE android.permission.WRITE_EXTERNAL_STORAGE android.permission.CAMERA android.permission.RECORD_AUDIO 

09-02 18:49:21.181  5812  5812 I LSPosed-Bridge: 5812 PermLabel 10130 declared dangerous_group =Storage Storage Camera Microphone 

09-02 18:49:21.181  5812  5812 I LSPosed-Bridge: 5812 PermLabel 10130 declared dangerous_group =Storage Storage Camera Microphone 

09-02 18:51:46.125  1569  2746 I LSPosed-Bridge: 5812 PermLabel 10130 AMS.checkPermission: Binder.getCallingPid() = 547; uid = 10130; Binder.getCallingUid() = 1041; getNameForUid: null; getPackagesForUid: null; permName: android.permission.RECORD_AUDIO; type = 1; res = -1; stacktrace=java.lang.Exception

09-02 18:51:46.125  1569  2746 I LSPosed-Bridge: 	at com.example.permlabel.requirePerm$1$2.afterHookedMethod(requirePerm.java:130)

09-02 18:51:46.125  1569  2746 I LSPosed-Bridge: 	at de.robv.android.xposed.XposedBridge$AdditionalHookInfo.callback(Unknown Source:147)

09-02 18:51:46.125  1569  2746 I LSPosed-Bridge: 	at LSPHooker_.checkPermission(Unknown Source:25)

09-02 18:51:46.125  1569  2746 I LSPosed-Bridge: 	at com.android.server.am.ActivityManagerService$PermissionController.checkPermission(ActivityManagerService.java:9248)

09-02 18:51:46.125  1569  2746 I LSPosed-Bridge: 	at android.os.IPermissionController$Stub.onTransact(IPermissionController.java:56)

09-02 18:51:46.125  1569  2746 I LSPosed-Bridge: 	at android.os.Binder.execTransact(Binder.java:731)

09-02 18:51:46.152  1569  2746 I LSPosed-Bridge: 5812 PermLabel 10130 AMS.checkPermission: Binder.getCallingPid() = 547; uid = 10130; Binder.getCallingUid() = 1041; getNameForUid: null; getPackagesForUid: null; permName: android.permission.RECORD_AUDIO; type = 1; res = -1; stacktrace=java.lang.Exception

09-02 18:51:46.152  1569  2746 I LSPosed-Bridge: 	at com.example.permlabel.requirePerm$1$2.afterHookedMethod(requirePerm.java:130)

09-02 18:51:46.152  1569  2746 I LSPosed-Bridge: 	at de.robv.android.xposed.XposedBridge$AdditionalHookInfo.callback(Unknown Source:147)

09-02 18:51:46.152  1569  2746 I LSPosed-Bridge: 	at LSPHooker_.checkPermission(Unknown Source:25)

09-02 18:51:46.152  1569  2746 I LSPosed-Bridge: 	at com.android.server.am.ActivityManagerService$PermissionController.checkPermission(ActivityManagerService.java:9248)

09-02 18:51:46.152  1569  2746 I LSPosed-Bridge: 	at android.os.IPermissionController$Stub.onTransact(IPermissionController.java:56)

09-02 18:51:46.152  1569  2746 I LSPosed-Bridge: 	at android.os.Binder.execTransact(Binder.java:731)

09-02 18:51:59.753  1569  1711 I LSPosed-Bridge: 5812 PermLabel 10130 AMS.checkPermission: Binder.getCallingPid() = 547; uid = 10130; Binder.getCallingUid() = 1041; getNameForUid: null; getPackagesForUid: null; permName: android.permission.RECORD_AUDIO; type = 1; res = -1; stacktrace=java.lang.Exception

09-02 18:51:59.753  1569  1711 I LSPosed-Bridge: 	at com.example.permlabel.requirePerm$1$2.afterHookedMethod(requirePerm.java:130)

09-02 18:51:59.753  1569  1711 I LSPosed-Bridge: 	at de.robv.android.xposed.XposedBridge$AdditionalHookInfo.callback(Unknown Source:147)

09-02 18:51:59.753  1569  1711 I LSPosed-Bridge: 	at LSPHooker_.checkPermission(Unknown Source:25)

09-02 18:51:59.753  1569  1711 I LSPosed-Bridge: 	at com.android.server.am.ActivityManagerService$PermissionController.checkPermission(ActivityManagerService.java:9248)

09-02 18:51:59.753  1569  1711 I LSPosed-Bridge: 	at android.os.IPermissionController$Stub.onTransact(IPermissionController.java:56)

09-02 18:51:59.753  1569  1711 I LSPosed-Bridge: 	at android.os.Binder.execTransact(Binder.java:731)

09-02 18:51:59.882  1569  2746 I LSPosed-Bridge: 5812 PermLabel 10130 AMS.checkPermission: Binder.getCallingPid() = 547; uid = 10130; Binder.getCallingUid() = 1041; getNameForUid: null; getPackagesForUid: null; permName: android.permission.RECORD_AUDIO; type = 1; res = -1; stacktrace=java.lang.Exception

09-02 18:51:59.882  1569  2746 I LSPosed-Bridge: 	at com.example.permlabel.requirePerm$1$2.afterHookedMethod(requirePerm.java:130)

09-02 18:51:59.882  1569  2746 I LSPosed-Bridge: 	at de.robv.android.xposed.XposedBridge$AdditionalHookInfo.callback(Unknown Source:147)

09-02 18:51:59.882  1569  2746 I LSPosed-Bridge: 	at LSPHooker_.checkPermission(Unknown Source:25)

09-02 18:51:59.882  1569  2746 I LSPosed-Bridge: 	at com.android.server.am.ActivityManagerService$PermissionController.checkPermission(ActivityManagerService.java:9248)

09-02 18:51:59.882  1569  2746 I LSPosed-Bridge: 	at android.os.IPermissionController$Stub.onTransact(IPermissionController.java:56)

09-02 18:51:59.882  1569  2746 I LSPosed-Bridge: 	at android.os.Binder.execTransact(Binder.java:731)

09-02 18:51:59.882   547   812 E         : Request requires android.permission.RECORD_AUDIO

09-02 18:51:59.882   547   812 E AudioPolicyIntefaceImpl: getInputForAttr permission denied: recording not allowed for uid 10130 pid 5812

09-02 18:51:59.882   547   812 E AudioFlinger: createRecord() checkRecordThread_l failed

09-02 18:52:07.504  1569  2746 I LSPosed-Bridge: 5812 PermLabel 10130 AMS.checkPermission: Binder.getCallingPid() = 547; uid = 10130; Binder.getCallingUid() = 1041; getNameForUid: null; getPackagesForUid: null; permName: android.permission.RECORD_AUDIO; type = 1; res = -1; stacktrace=java.lang.Exception

09-02 18:52:07.504  1569  2746 I LSPosed-Bridge: 	at com.example.permlabel.requirePerm$1$2.afterHookedMethod(requirePerm.java:130)

09-02 18:52:07.504  1569  2746 I LSPosed-Bridge: 	at de.robv.android.xposed.XposedBridge$AdditionalHookInfo.callback(Unknown Source:147)

09-02 18:52:07.504  1569  2746 I LSPosed-Bridge: 	at LSPHooker_.checkPermission(Unknown Source:25)

09-02 18:52:07.504  1569  2746 I LSPosed-Bridge: 	at com.android.server.am.ActivityManagerService$PermissionController.checkPermission(ActivityManagerService.java:9248)

09-02 18:52:07.504  1569  2746 I LSPosed-Bridge: 	at android.os.IPermissionController$Stub.onTransact(IPermissionController.java:56)

09-02 18:52:07.504  1569  2746 I LSPosed-Bridge: 	at android.os.Binder.execTransact(Binder.java:731)

09-02 18:52:13.360  1569  1867 I LSPosed-Bridge: 5812 PermLabel 10130 AMS.checkPermission: Binder.getCallingPid() = 5812; uid = 10130; Binder.getCallingUid() = 10130; getNameForUid: com.screeclibinvoke; getPackagesForUid: [com.screeclibinvoke]; permName: android.permission.ACCESS_NETWORK_STATE; type = 0; res = 0; stacktrace=java.lang.Exception

09-02 18:52:13.360  1569  1867 I LSPosed-Bridge: 	at com.example.permlabel.requirePerm$1$2.afterHookedMethod(requirePerm.java:124)

09-02 18:52:13.360  1569  1867 I LSPosed-Bridge: 	at de.robv.android.xposed.XposedBridge$AdditionalHookInfo.callback(Unknown Source:147)

09-02 18:52:13.360  1569  1867 I LSPosed-Bridge: 	at LSPHooker_.checkPermission(Unknown Source:25)

09-02 18:52:13.360  1569  1867 I LSPosed-Bridge: 	at android.app.ContextImpl.checkPermission(ContextImpl.java:1751)

09-02 18:52:13.360  1569  1867 I LSPosed-Bridge: 	at android.app.ContextImpl.checkCallingOrSelfPermission(ContextImpl.java:1791)

09-02 18:52:13.360  1569  1867 I LSPosed-Bridge: 	at android.app.ContextImpl.enforceCallingOrSelfPermission(ContextImpl.java:1841)

09-02 18:52:13.360  1569  1867 I LSPosed-Bridge: 	at com.android.server.ConnectivityService.enforceAccessPermission(ConnectivityService.java:1672)

09-02 18:52:13.360  1569  1867 I LSPosed-Bridge: 	at com.android.server.ConnectivityService.getActiveNetworkInfo(ConnectivityService.java:1178)

09-02 18:52:13.360  1569  1867 I LSPosed-Bridge: 	at android.net.IConnectivityManager$Stub.onTransact(IConnectivityManager.java:85)

09-02 18:52:13.360  1569  1867 I LSPosed-Bridge: 	at android.os.Binder.execTransact(Binder.java:731)

09-02 18:52:13.360  1569  6943 I LSPosed-Bridge: 5812 PermLabel 10130 AMS.checkPermission: Binder.getCallingPid() = 547; uid = 10130; Binder.getCallingUid() = 1041; getNameForUid: null; getPackagesForUid: null; permName: android.permission.RECORD_AUDIO; type = 1; res = -1; stacktrace=java.lang.Exception

09-02 18:52:13.360  1569  6943 I LSPosed-Bridge: 	at com.example.permlabel.requirePerm$1$2.afterHookedMethod(requirePerm.java:130)

09-02 18:52:13.360  1569  6943 I LSPosed-Bridge: 	at de.robv.android.xposed.XposedBridge$AdditionalHookInfo.callback(Unknown Source:147)

09-02 18:52:13.360  1569  6943 I LSPosed-Bridge: 	at LSPHooker_.checkPermission(Unknown Source:25)

09-02 18:52:13.360  1569  6943 I LSPosed-Bridge: 	at com.android.server.am.ActivityManagerService$PermissionController.checkPermission(ActivityManagerService.java:9248)

09-02 18:52:13.360  1569  6943 I LSPosed-Bridge: 	at android.os.IPermissionController$Stub.onTransact(IPermissionController.java:56)

09-02 18:52:13.360  1569  6943 I LSPosed-Bridge: 	at android.os.Binder.execTransact(Binder.java:731)

09-02 18:52:13.360  5812  5971 I LSPosed-Bridge: 5812 PermLabel hookBinder_test 10130 interfaceBinder =android.net.IConnectivityManager; arg0 = 3; arg1 = android.os.Parcel@e21a698; arg2 = android.os.Parcel@b327bac; arg3 = 0; res = true; stacktrace=java.lang.Exception

09-02 18:52:13.360  5812  5971 I LSPosed-Bridge: 	at com.example.permlabel.hookBinder_test$1.afterHookedMethod(hookBinder_test.java:55)

09-02 18:52:13.360  5812  5971 I LSPosed-Bridge: 	at de.robv.android.xposed.XposedBridge$AdditionalHookInfo.callback(Unknown Source:147)

09-02 18:52:13.360  5812  5971 I LSPosed-Bridge: 	at LSPHooker_.transact(Unknown Source:28)

09-02 18:52:13.360  5812  5971 I LSPosed-Bridge: 	at android.net.IConnectivityManager$Stub$Proxy.getActiveNetworkInfo(IConnectivityManager.java:1206)

09-02 18:52:13.360  5812  5971 I LSPosed-Bridge: 	at android.net.ConnectivityManager.getActiveNetworkInfo(ConnectivityManager.java:890)

09-02 18:52:13.402   552   552 I ConfigStore: android::hardware::configstore::V1_0::ISurfaceFlingerConfigs::hasHDRDisplay retrieved: 0

09-02 18:52:13.402  1569  6943 I LSPosed-Bridge: 5812 PermLabel 10130 AMS.checkPermission: Binder.getCallingPid() = 547; uid = 10130; Binder.getCallingUid() = 1041; getNameForUid: null; getPackagesForUid: null; permName: android.permission.RECORD_AUDIO; type = 1; res = -1; stacktrace=java.lang.Exception

09-02 18:52:13.402  1569  6943 I LSPosed-Bridge: 	at com.example.permlabel.requirePerm$1$2.afterHookedMethod(requirePerm.java:130)

09-02 18:52:13.402  1569  6943 I LSPosed-Bridge: 	at de.robv.android.xposed.XposedBridge$AdditionalHookInfo.callback(Unknown Source:147)

09-02 18:52:13.402  1569  6943 I LSPosed-Bridge: 	at LSPHooker_.checkPermission(Unknown Source:25)

09-02 18:52:13.402  1569  6943 I LSPosed-Bridge: 	at com.android.server.am.ActivityManagerService$PermissionController.checkPermission(ActivityManagerService.java:9248)

09-02 18:52:13.402  1569  6943 I LSPosed-Bridge: 	at android.os.IPermissionController$Stub.onTransact(IPermissionController.java:56)

09-02 18:52:13.402  1569  6943 I LSPosed-Bridge: 	at android.os.Binder.execTransact(Binder.java:731)

09-02 18:52:13.402   547   812 E         : Request requires android.permission.RECORD_AUDIO

09-02 18:52:13.402   547   812 E AudioPolicyIntefaceImpl: getInputForAttr permission denied: recording not allowed for uid 10130 pid 5812

09-02 18:52:13.402   547   812 E AudioFlinger: createRecord() checkRecordThread_l failed

09-02 18:52:13.522  5812  5971 I LSPosed-Bridge: 5812 PermLabel hookBinder_test 10130 interfaceBinder =android.content.pm.IPackageManager; arg0 = 34; arg1 = android.os.Parcel@a83e1f9; arg2 = android.os.Parcel@d98b692; arg3 = 0; res = true; stacktrace=java.lang.Exception

09-02 18:52:13.522  5812  5971 I LSPosed-Bridge: 	at com.example.permlabel.hookBinder_test$1.afterHookedMethod(hookBinder_test.java:55)

09-02 18:52:13.522  5812  5971 I LSPosed-Bridge: 	at de.robv.android.xposed.XposedBridge$AdditionalHookInfo.callback(Unknown Source:147)

09-02 18:52:13.522  5812  5971 I LSPosed-Bridge: 	at LSPHooker_.transact(Unknown Source:28)

09-02 18:52:13.522  5812  5971 I LSPosed-Bridge: 	at android.content.pm.IPackageManager$Stub$Proxy.getPackagesForUid(IPackageManager.java:3558)

09-02 18:52:13.522  5812  5971 I LSPosed-Bridge: 	at android.app.ApplicationPackageManager.getPackagesForUid(ApplicationPackageManager.java:731)

09-02 18:52:13.522  5812  5971 I LSPosed-Bridge: 5812 PermLabel hookBinder_test 10130 interfaceBinder =android.content.pm.IPackageManager; arg0 = 34; arg1 = android.os.Parcel@d98b692; arg2 = android.os.Parcel@a83e1f9; arg3 = 0; res = true; stacktrace=java.lang.Exception

09-02 18:52:13.522  5812  5971 I LSPosed-Bridge: 	at com.example.permlabel.hookBinder_test$1.afterHookedMethod(hookBinder_test.java:55)

09-02 18:52:13.522  5812  5971 I LSPosed-Bridge: 	at de.robv.android.xposed.XposedBridge$AdditionalHookInfo.callback(Unknown Source:147)

09-02 18:52:13.522  5812  5971 I LSPosed-Bridge: 	at LSPHooker_.transact(Unknown Source:28)

09-02 18:52:13.522  5812  5971 I LSPosed-Bridge: 	at android.content.pm.IPackageManager$Stub$Proxy.getPackagesForUid(IPackageManager.java:3558)

09-02 18:52:13.522  5812  5971 I LSPosed-Bridge: 	at android.app.ApplicationPackageManager.getPackagesForUid(ApplicationPackageManager.java:731)

09-02 18:52:13.522  1569  1867 I LSPosed-Bridge: 5812 PermLabel 10130 AMS.checkPermission: Binder.getCallingPid() = 547; uid = 10130; Binder.getCallingUid() = 1041; getNameForUid: null; getPackagesForUid: null; permName: android.permission.RECORD_AUDIO; type = 1; res = -1; stacktrace=java.lang.Exception

09-02 18:52:13.522  1569  1867 I LSPosed-Bridge: 	at com.example.permlabel.requirePerm$1$2.afterHookedMethod(requirePerm.java:130)

09-02 18:52:13.522  1569  1867 I LSPosed-Bridge: 	at de.robv.android.xposed.XposedBridge$AdditionalHookInfo.callback(Unknown Source:147)

09-02 18:52:13.522  1569  1867 I LSPosed-Bridge: 	at LSPHooker_.checkPermission(Unknown Source:25)

09-02 18:52:13.522  1569  1867 I LSPosed-Bridge: 	at com.android.server.am.ActivityManagerService$PermissionController.checkPermission(ActivityManagerService.java:9248)

09-02 18:52:13.522  1569  1867 I LSPosed-Bridge: 	at android.os.IPermissionController$Stub.onTransact(IPermissionController.java:56)

09-02 18:52:13.522  1569  1867 I LSPosed-Bridge: 	at android.os.Binder.execTransact(Binder.java:731)

09-02 18:52:13.902  5812  5971 I LSPosed-Bridge: 5812 PermLabel hookBinder_test 10130 interfaceBinder =android.content.pm.IPackageManager; arg0 = 34; arg1 = android.os.Parcel@31f39a; arg2 = android.os.Parcel@783e87b; arg3 = 0; res = true; stacktrace=java.lang.Exception

09-02 18:52:13.902  5812  5971 I LSPosed-Bridge: 	at com.example.permlabel.hookBinder_test$1.afterHookedMethod(hookBinder_test.java:55)

09-02 18:52:13.902  5812  5971 I LSPosed-Bridge: 	at de.robv.android.xposed.XposedBridge$AdditionalHookInfo.callback(Unknown Source:147)

09-02 18:52:13.902  5812  5971 I LSPosed-Bridge: 	at LSPHooker_.transact(Unknown Source:28)

09-02 18:52:13.902  5812  5971 I LSPosed-Bridge: 	at android.content.pm.IPackageManager$Stub$Proxy.getPackagesForUid(IPackageManager.java:3558)

09-02 18:52:13.902  5812  5971 I LSPosed-Bridge: 	at android.app.ApplicationPackageManager.getPackagesForUid(ApplicationPackageManager.java:731)

09-02 18:52:13.902  5812  5971 I LSPosed-Bridge: 5812 PermLabel hookBinder_test 10130 interfaceBinder =android.content.pm.IPackageManager; arg0 = 34; arg1 = android.os.Parcel@783e87b; arg2 = android.os.Parcel@31f39a; arg3 = 0; res = true; stacktrace=java.lang.Exception

09-02 18:52:13.902  5812  5971 I LSPosed-Bridge: 	at com.example.permlabel.hookBinder_test$1.afterHookedMethod(hookBinder_test.java:55)

09-02 18:52:13.902  5812  5971 I LSPosed-Bridge: 	at de.robv.android.xposed.XposedBridge$AdditionalHookInfo.callback(Unknown Source:147)

09-02 18:52:13.902  5812  5971 I LSPosed-Bridge: 	at LSPHooker_.transact(Unknown Source:28)

09-02 18:52:13.902  5812  5971 I LSPosed-Bridge: 	at android.content.pm.IPackageManager$Stub$Proxy.getPackagesForUid(IPackageManager.java:3558)

09-02 18:52:13.902  5812  5971 I LSPosed-Bridge: 	at android.app.ApplicationPackageManager.getPackagesForUid(ApplicationPackageManager.java:731)

09-02 18:52:13.902  1569  1711 I LSPosed-Bridge: 5812 PermLabel 10130 AMS.checkPermission: Binder.getCallingPid() = 547; uid = 10130; Binder.getCallingUid() = 1041; getNameForUid: null; getPackagesForUid: null; permName: android.permission.RECORD_AUDIO; type = 1; res = -1; stacktrace=java.lang.Exception

09-02 18:52:13.902  1569  1711 I LSPosed-Bridge: 	at com.example.permlabel.requirePerm$1$2.afterHookedMethod(requirePerm.java:130)

09-02 18:52:13.902  1569  1711 I LSPosed-Bridge: 	at de.robv.android.xposed.XposedBridge$AdditionalHookInfo.callback(Unknown Source:147)

09-02 18:52:13.902  1569  1711 I LSPosed-Bridge: 	at LSPHooker_.checkPermission(Unknown Source:25)

09-02 18:52:13.902  1569  1711 I LSPosed-Bridge: 	at com.android.server.am.ActivityManagerService$PermissionController.checkPermission(ActivityManagerService.java:9248)

09-02 18:52:13.902  1569  1711 I LSPosed-Bridge: 	at android.os.IPermissionController$Stub.onTransact(IPermissionController.java:56)

09-02 18:52:13.902  1569  1711 I LSPosed-Bridge: 	at android.os.Binder.execTransact(Binder.java:731)

09-02 18:52:13.925  5812  5971 I LSPosed-Bridge: 5812 PermLabel hookBinder_test 10130 interfaceBinder =android.content.pm.IPackageManager; arg0 = 34; arg1 = android.os.Parcel@d98b692; arg2 = android.os.Parcel@31f39a; arg3 = 0; res = true; stacktrace=java.lang.Exception

09-02 18:52:13.925  5812  5971 I LSPosed-Bridge: 	at com.example.permlabel.hookBinder_test$1.afterHookedMethod(hookBinder_test.java:55)

09-02 18:52:13.925  5812  5971 I LSPosed-Bridge: 	at de.robv.android.xposed.XposedBridge$AdditionalHookInfo.callback(Unknown Source:147)

09-02 18:52:13.925  5812  5971 I LSPosed-Bridge: 	at LSPHooker_.transact(Unknown Source:28)

09-02 18:52:13.925  5812  5971 I LSPosed-Bridge: 	at android.content.pm.IPackageManager$Stub$Proxy.getPackagesForUid(IPackageManager.java:3558)

09-02 18:52:13.925  5812  5971 I LSPosed-Bridge: 	at android.app.ApplicationPackageManager.getPackagesForUid(ApplicationPackageManager.java:731)

09-02 18:52:13.925  5812  5971 I LSPosed-Bridge: 5812 PermLabel hookBinder_test 10130 interfaceBinder =android.content.pm.IPackageManager; arg0 = 34; arg1 = android.os.Parcel@31f39a; arg2 = android.os.Parcel@d98b692; arg3 = 0; res = true; stacktrace=java.lang.Exception

09-02 18:52:13.925  5812  5971 I LSPosed-Bridge: 	at com.example.permlabel.hookBinder_test$1.afterHookedMethod(hookBinder_test.java:55)

09-02 18:52:13.925  5812  5971 I LSPosed-Bridge: 	at de.robv.android.xposed.XposedBridge$AdditionalHookInfo.callback(Unknown Source:147)

09-02 18:52:13.925  5812  5971 I LSPosed-Bridge: 	at LSPHooker_.transact(Unknown Source:28)

09-02 18:52:13.925  5812  5971 I LSPosed-Bridge: 	at android.content.pm.IPackageManager$Stub$Proxy.getPackagesForUid(IPackageManager.java:3558)

09-02 18:52:13.925  5812  5971 I LSPosed-Bridge: 	at android.app.ApplicationPackageManager.getPackagesForUid(ApplicationPackageManager.java:731)

09-02 18:52:13.925  1569  1711 I LSPosed-Bridge: 5812 PermLabel 10130 AMS.checkPermission: Binder.getCallingPid() = 547; uid = 10130; Binder.getCallingUid() = 1041; getNameForUid: null; getPackagesForUid: null; permName: android.permission.RECORD_AUDIO; type = 1; res = -1; stacktrace=java.lang.Exception

09-02 18:52:13.925  1569  1711 I LSPosed-Bridge: 	at com.example.permlabel.requirePerm$1$2.afterHookedMethod(requirePerm.java:130)

09-02 18:52:13.925  1569  1711 I LSPosed-Bridge: 	at de.robv.android.xposed.XposedBridge$AdditionalHookInfo.callback(Unknown Source:147)

09-02 18:52:13.925  1569  1711 I LSPosed-Bridge: 	at LSPHooker_.checkPermission(Unknown Source:25)

09-02 18:52:13.925  1569  1711 I LSPosed-Bridge: 	at com.android.server.am.ActivityManagerService$PermissionController.checkPermission(ActivityManagerService.java:9248)

09-02 18:52:13.925  1569  1711 I LSPosed-Bridge: 	at android.os.IPermissionController$Stub.onTransact(IPermissionController.java:56)

09-02 18:52:13.925  1569  1711 I LSPosed-Bridge: 	at android.os.Binder.execTransact(Binder.java:731)

09-02 18:52:13.925  5812  5971 I LSPosed-Bridge: 5812 PermLabel hookBinder_test 10130 interfaceBinder =android.content.pm.IPackageManager; arg0 = 34; arg1 = android.os.Parcel@d98b692; arg2 = android.os.Parcel@31f39a; arg3 = 0; res = true; stacktrace=java.lang.Exception

09-02 18:52:13.925  5812  5971 I LSPosed-Bridge: 	at com.example.permlabel.hookBinder_test$1.afterHookedMethod(hookBinder_test.java:55)

09-02 18:52:13.925  5812  5971 I LSPosed-Bridge: 	at de.robv.android.xposed.XposedBridge$AdditionalHookInfo.callback(Unknown Source:147)

09-02 18:52:13.925  5812  5971 I LSPosed-Bridge: 	at LSPHooker_.transact(Unknown Source:28)

09-02 18:52:13.925  5812  5971 I LSPosed-Bridge: 	at android.content.pm.IPackageManager$Stub$Proxy.getPackagesForUid(IPackageManager.java:3558)

09-02 18:52:13.925  5812  5971 I LSPosed-Bridge: 	at android.app.ApplicationPackageManager.getPackagesForUid(ApplicationPackageManager.java:731)

09-02 18:52:19.416  1569  1867 I LSPosed-Bridge: 5812 PermLabel 10130 AMS.checkPermission: Binder.getCallingPid() = 547; uid = 10130; Binder.getCallingUid() = 1041; getNameForUid: null; getPackagesForUid: null; permName: android.permission.RECORD_AUDIO; type = 1; res = -1; stacktrace=java.lang.Exception

09-02 18:52:19.416  1569  1867 I LSPosed-Bridge: 	at com.example.permlabel.requirePerm$1$2.afterHookedMethod(requirePerm.java:130)

09-02 18:52:19.416  1569  1867 I LSPosed-Bridge: 	at de.robv.android.xposed.XposedBridge$AdditionalHookInfo.callback(Unknown Source:147)

09-02 18:52:19.416  1569  1867 I LSPosed-Bridge: 	at LSPHooker_.checkPermission(Unknown Source:25)

09-02 18:52:19.416  1569  1867 I LSPosed-Bridge: 	at com.android.server.am.ActivityManagerService$PermissionController.checkPermission(ActivityManagerService.java:9248)

09-02 18:52:19.416  1569  1867 I LSPosed-Bridge: 	at android.os.IPermissionController$Stub.onTransact(IPermissionController.java:56)

09-02 18:52:19.416  1569  1867 I LSPosed-Bridge: 	at android.os.Binder.execTransact(Binder.java:731)

09-02 18:52:19.416  5812  5971 I LSPosed-Bridge: 5812 PermLabel hookBinder_test 10130 interfaceBinder =android.content.pm.IPackageManager; arg0 = 34; arg1 = android.os.Parcel@d98b692; arg2 = android.os.Parcel@a83e1f9; arg3 = 0; res = true; stacktrace=java.lang.Exception

09-02 18:52:19.416  5812  5971 I LSPosed-Bridge: 	at com.example.permlabel.hookBinder_test$1.afterHookedMethod(hookBinder_test.java:55)

09-02 18:52:19.416  5812  5971 I LSPosed-Bridge: 	at de.robv.android.xposed.XposedBridge$AdditionalHookInfo.callback(Unknown Source:147)

09-02 18:52:19.416  5812  5971 I LSPosed-Bridge: 	at LSPHooker_.transact(Unknown Source:28)

09-02 18:52:19.416  5812  5971 I LSPosed-Bridge: 	at android.content.pm.IPackageManager$Stub$Proxy.getPackagesForUid(IPackageManager.java:3558)

09-02 18:52:19.416  5812  5971 I LSPosed-Bridge: 	at android.app.ApplicationPackageManager.getPackagesForUid(ApplicationPackageManager.java:731)

09-02 18:52:22.653  5812  5971 I LSPosed-Bridge: 5812 PermLabel hookBinder_test 10130 interfaceBinder =android.content.pm.IPackageManager; arg0 = 34; arg1 = android.os.Parcel@f6d98f9; arg2 = android.os.Parcel@d98b692; arg3 = 0; res = true; stacktrace=java.lang.Exception

09-02 18:52:22.653  5812  5971 I LSPosed-Bridge: 	at com.example.permlabel.hookBinder_test$1.afterHookedMethod(hookBinder_test.java:55)

09-02 18:52:22.653  5812  5971 I LSPosed-Bridge: 	at de.robv.android.xposed.XposedBridge$AdditionalHookInfo.callback(Unknown Source:147)

09-02 18:52:22.653  5812  5971 I LSPosed-Bridge: 	at LSPHooker_.transact(Unknown Source:28)

09-02 18:52:22.653  5812  5971 I LSPosed-Bridge: 	at android.content.pm.IPackageManager$Stub$Proxy.getPackagesForUid(IPackageManager.java:3558)

09-02 18:52:22.653  5812  5971 I LSPosed-Bridge: 	at android.app.ApplicationPackageManager.getPackagesForUid(ApplicationPackageManager.java:731)

09-02 18:52:22.653  5812  5971 I LSPosed-Bridge: 5812 PermLabel hookBinder_test 10130 interfaceBinder =android.content.pm.IPackageManager; arg0 = 34; arg1 = android.os.Parcel@d98b692; arg2 = android.os.Parcel@f6d98f9; arg3 = 0; res = true; stacktrace=java.lang.Exception

09-02 18:52:22.653  5812  5971 I LSPosed-Bridge: 	at com.example.permlabel.hookBinder_test$1.afterHookedMethod(hookBinder_test.java:55)

09-02 18:52:22.653  5812  5971 I LSPosed-Bridge: 	at de.robv.android.xposed.XposedBridge$AdditionalHookInfo.callback(Unknown Source:147)

09-02 18:52:22.653  5812  5971 I LSPosed-Bridge: 	at LSPHooker_.transact(Unknown Source:28)

09-02 18:52:22.653  5812  5971 I LSPosed-Bridge: 	at android.content.pm.IPackageManager$Stub$Proxy.getPackagesForUid(IPackageManager.java:3558)

09-02 18:52:22.653  5812  5971 I LSPosed-Bridge: 	at android.app.ApplicationPackageManager.getPackagesForUid(ApplicationPackageManager.java:731)

09-02 18:52:22.653  5812  5812 I LSPosed-Bridge: 5812 PermLabel 10130 requestPermissions (Activity): pid = 5812; permName: android.permission.RECORD_AUDIO; stacktrace=java.lang.Exception

09-02 18:52:22.653  5812  5812 I LSPosed-Bridge: 	at com.example.permlabel.requestPerm$3.beforeHookedMethod(requestPerm.java:227)

09-02 18:52:22.653  5812  5812 I LSPosed-Bridge: 	at de.robv.android.xposed.XposedBridge$AdditionalHookInfo.callback(Unknown Source:79)

09-02 18:52:22.653  5812  5812 I LSPosed-Bridge: 	at LSPHooker_.requestPermissions(Unknown Source:18)

09-02 18:52:22.653  5812  5812 I LSPosed-Bridge: 	at androidx.core.app.ActivityCompat.requestPermissions(ActivityCompat.java:516)

09-02 18:52:22.653  5812  5812 I LSPosed-Bridge: 	at com.screeclibinvoke.component.manager.permission.EmptyPermissionActivity.onCreate(Native Method)

09-02 18:52:22.653  5812  5812 I LSPosed-Bridge: 	at android.app.Activity.performCreate(Activity.java:7136)

09-02 18:52:22.653  5812  5812 I LSPosed-Bridge: 	at android.app.Activity.performCreate(Activity.java:7127)

09-02 18:52:22.653  5812  5812 I LSPosed-Bridge: 	at android.app.Instrumentation.callActivityOnCreate(Instrumentation.java:1272)

09-02 18:52:22.653  5812  5812 I LSPosed-Bridge: 	at android.app.ActivityThread.performLaunchActivity(ActivityThread.java:2894)

09-02 18:52:22.653  5812  5812 I LSPosed-Bridge: 	at android.app.ActivityThread.handleLaunchActivity(ActivityThread.java:3049)

09-02 18:52:22.653  5812  5812 I LSPosed-Bridge: 	at android.app.servertransaction.LaunchActivityItem.execute(LaunchActivityItem.java:78)

09-02 18:52:22.653  5812  5812 I LSPosed-Bridge: 	at android.app.servertransaction.TransactionExecutor.executeCallbacks(TransactionExecutor.java:108)

09-02 18:52:22.653  5812  5812 I LSPosed-Bridge: 	at android.app.servertransaction.TransactionExecutor.execute(TransactionExecutor.java:68)

09-02 18:52:22.653  5812  5812 I LSPosed-Bridge: 	at android.app.ActivityThread$H.handleMessage(ActivityThread.java:1809)

09-02 18:52:22.653  5812  5812 I LSPosed-Bridge: 	at android.os.Handler.dispatchMessage(Handler.java:106)

09-02 18:52:22.653  5812  5812 I LSPosed-Bridge: 	at android.os.Looper.loop(Looper.java:193)

09-02 18:52:22.653  5812  5812 I LSPosed-Bridge: 	at com.screeclibinvoke.data.CrashHandler$1.run(CrashHandler.java:95)

09-02 18:52:22.653  5812  5812 I LSPosed-Bridge: 	at android.os.Handler.handleCallback(Handler.java:873)

09-02 18:52:22.653  5812  5812 I LSPosed-Bridge: 	at android.os.Handler.dispatchMessage(Handler.java:99)

09-02 18:52:22.653  5812  5812 I LSPosed-Bridge: 	at android.os.Looper.loop(Looper.java:193)

09-02 18:52:22.653  5812  5812 I LSPosed-Bridge: 	at android.app.ActivityThread.main(ActivityThread.java:6692)

09-02 18:52:22.653  5812  5812 I LSPosed-Bridge: 	at java.lang.reflect.Method.invoke(Native Method)

09-02 18:52:22.653  5812  5812 I LSPosed-Bridge: 	at com.android.internal.os.RuntimeInit$MethodAndArgsCaller.run(RuntimeInit.java:493)

09-02 18:52:22.653  5812  5812 I LSPosed-Bridge: 	at com.android.internal.os.ZygoteInit.main(ZygoteInit.java:858)

09-02 18:52:22.653  5812  5971 I LSPosed-Bridge: 5812 PermLabel hookBinder_test 10130 interfaceBinder =android.content.pm.IPackageManager; arg0 = 34; arg1 = android.os.Parcel@a83e1f9; arg2 = android.os.Parcel@f6d98f9; arg3 = 0; res = true; stacktrace=java.lang.Exception

09-02 18:52:22.653  5812  5971 I LSPosed-Bridge: 	at com.example.permlabel.hookBinder_test$1.afterHookedMethod(hookBinder_test.java:55)

09-02 18:52:22.653  5812  5971 I LSPosed-Bridge: 	at de.robv.android.xposed.XposedBridge$AdditionalHookInfo.callback(Unknown Source:147)

09-02 18:52:22.653  5812  5971 I LSPosed-Bridge: 	at LSPHooker_.transact(Unknown Source:28)

09-02 18:52:22.653  5812  5971 I LSPosed-Bridge: 	at android.content.pm.IPackageManager$Stub$Proxy.getPackagesForUid(IPackageManager.java:3558)

09-02 18:52:22.653  5812  5971 I LSPosed-Bridge: 	at android.app.ApplicationPackageManager.getPackagesForUid(ApplicationPackageManager.java:731)

09-02 18:52:22.656  5812  5971 I LSPosed-Bridge: 5812 PermLabel hookBinder_test 10130 interfaceBinder =android.content.pm.IPackageManager; arg0 = 34; arg1 = android.os.Parcel@2c0d9da; arg2 = android.os.Parcel@bf3c3ef; arg3 = 0; res = true; stacktrace=java.lang.Exception

09-02 18:52:22.656  5812  5971 I LSPosed-Bridge: 	at com.example.permlabel.hookBinder_test$1.afterHookedMethod(hookBinder_test.java:55)

09-02 18:52:22.656  5812  5971 I LSPosed-Bridge: 	at de.robv.android.xposed.XposedBridge$AdditionalHookInfo.callback(Unknown Source:147)

09-02 18:52:22.656  5812  5971 I LSPosed-Bridge: 	at LSPHooker_.transact(Unknown Source:28)

09-02 18:52:22.656  5812  5971 I LSPosed-Bridge: 	at android.content.pm.IPackageManager$Stub$Proxy.getPackagesForUid(IPackageManager.java:3558)

09-02 18:52:22.656  5812  5971 I LSPosed-Bridge: 	at android.app.ApplicationPackageManager.getPackagesForUid(ApplicationPackageManager.java:731)

09-02 18:52:22.656  5812  5971 I LSPosed-Bridge: 5812 PermLabel hookBinder_test 10130 interfaceBinder =android.content.pm.IPackageManager; arg0 = 34; arg1 = android.os.Parcel@bf3c3ef; arg2 = android.os.Parcel@2c0d9da; arg3 = 0; res = true; stacktrace=java.lang.Exception

09-02 18:52:22.656  5812  5971 I LSPosed-Bridge: 	at com.example.permlabel.hookBinder_test$1.afterHookedMethod(hookBinder_test.java:55)

09-02 18:52:22.656  5812  5971 I LSPosed-Bridge: 	at de.robv.android.xposed.XposedBridge$AdditionalHookInfo.callback(Unknown Source:147)

09-02 18:52:22.656  5812  5971 I LSPosed-Bridge: 	at LSPHooker_.transact(Unknown Source:28)

09-02 18:52:22.656  5812  5971 I LSPosed-Bridge: 	at android.content.pm.IPackageManager$Stub$Proxy.getPackagesForUid(IPackageManager.java:3558)

09-02 18:52:22.656  5812  5971 I LSPosed-Bridge: 	at android.app.ApplicationPackageManager.getPackagesForUid(ApplicationPackageManager.java:731)

09-02 18:52:22.656  5812  5971 I LSPosed-Bridge: 5812 PermLabel hookBinder_test 10130 interfaceBinder =android.content.pm.IPackageManager; arg0 = 34; arg1 = android.os.Parcel@2c0d9da; arg2 = android.os.Parcel@bf3c3ef; arg3 = 0; res = true; stacktrace=java.lang.Exception

09-02 18:52:22.656  5812  5971 I LSPosed-Bridge: 	at com.example.permlabel.hookBinder_test$1.afterHookedMethod(hookBinder_test.java:55)

09-02 18:52:22.656  5812  5971 I LSPosed-Bridge: 	at de.robv.android.xposed.XposedBridge$AdditionalHookInfo.callback(Unknown Source:147)

09-02 18:52:22.656  5812  5971 I LSPosed-Bridge: 	at LSPHooker_.transact(Unknown Source:28)

09-02 18:52:22.656  5812  5971 I LSPosed-Bridge: 	at android.content.pm.IPackageManager$Stub$Proxy.getPackagesForUid(IPackageManager.java:3558)

09-02 18:52:22.656  5812  5971 I LSPosed-Bridge: 	at android.app.ApplicationPackageManager.getPackagesForUid(ApplicationPackageManager.java:731)

09-02 18:52:22.656  1569 10179 I LSPosed-Bridge: 5812 PermLabel 10130 startActivityAsUser: Binder.getCallingPid() = 5812; Binder.getCallingUid() = 10130; intent = Intent { act=android.content.pm.action.REQUEST_PERMISSIONS pkg=com.google.android.packageinstaller (has extras) }; stacktrace=java.lang.Exception

09-02 18:52:22.656  1569 10179 I LSPosed-Bridge: 	at com.example.permlabel.requirePerm$1$1.beforeHookedMethod(requirePerm.java:68)

09-02 18:52:22.656  1569 10179 I LSPosed-Bridge: 	at de.robv.android.xposed.XposedBridge$AdditionalHookInfo.callback(Unknown Source:79)

09-02 18:52:22.656  1569 10179 I LSPosed-Bridge: 	at LSPHooker_.startActivity(Unknown Source:50)

09-02 18:52:22.656  1569 10179 I LSPosed-Bridge: 	at android.app.IActivityManager$Stub.onTransact$startActivity$(IActivityManager.java:10085)

09-02 18:52:22.656  1569 10179 I LSPosed-Bridge: 	at android.app.IActivityManager$Stub.onTransact(IActivityManager.java:122)

09-02 18:52:22.656  1569 10179 I LSPosed-Bridge: 	at com.android.server.am.ActivityManagerService.onTransact(ActivityManagerService.java:3346)

09-02 18:52:22.656  1569 10179 I LSPosed-Bridge: 	at android.os.Binder.execTransact(Binder.java:731)

09-02 18:52:22.656  1569 10179 I LSPosed-Bridge: 5812 PermLabel 10130 startActivityAsUser: intent = Intent { act=android.content.pm.action.REQUEST_PERMISSIONS pkg=com.google.android.packageinstaller (has extras) }

09-02 18:52:22.656  5812  5971 I LSPosed-Bridge: 5812 PermLabel hookBinder_test 10130 interfaceBinder =android.content.pm.IPackageManager; arg0 = 34; arg1 = android.os.Parcel@bf3c3ef; arg2 = android.os.Parcel@2c0d9da; arg3 = 0; res = true; stacktrace=java.lang.Exception

09-02 18:52:22.656  5812  5971 I LSPosed-Bridge: 	at com.example.permlabel.hookBinder_test$1.afterHookedMethod(hookBinder_test.java:55)

09-02 18:52:22.656  5812  5971 I LSPosed-Bridge: 	at de.robv.android.xposed.XposedBridge$AdditionalHookInfo.callback(Unknown Source:147)

09-02 18:52:22.656  5812  5971 I LSPosed-Bridge: 	at LSPHooker_.transact(Unknown Source:28)

09-02 18:52:22.656  5812  5971 I LSPosed-Bridge: 	at android.content.pm.IPackageManager$Stub$Proxy.getPackagesForUid(IPackageManager.java:3558)

09-02 18:52:22.656  5812  5971 I LSPosed-Bridge: 	at android.app.ApplicationPackageManager.getPackagesForUid(ApplicationPackageManager.java:731)

09-02 18:52:22.656  1569 10179 I LSPosed-Bridge: 5812 PermLabel 10130 startActivityAsUser permName: android.permission.RECORD_AUDIO

09-02 18:52:22.656   552   552 I ConfigStore: android::hardware::configstore::V1_0::ISurfaceFlingerConfigs::hasHDRDisplay retrieved: 0

09-02 18:52:26.330  1569  6943 I LSPosed-Bridge: 5812 PermLabel 10130 AMS.checkPermission: Binder.getCallingPid() = 547; uid = 10130; Binder.getCallingUid() = 1041; getNameForUid: null; getPackagesForUid: null; permName: android.permission.RECORD_AUDIO; type = 1; res = 0; stacktrace=java.lang.Exception

09-02 18:52:26.330  1569  6943 I LSPosed-Bridge: 	at com.example.permlabel.requirePerm$1$2.afterHookedMethod(requirePerm.java:130)

09-02 18:52:26.330  1569  6943 I LSPosed-Bridge: 	at de.robv.android.xposed.XposedBridge$AdditionalHookInfo.callback(Unknown Source:147)

09-02 18:52:26.330  1569  6943 I LSPosed-Bridge: 	at LSPHooker_.checkPermission(Unknown Source:25)

09-02 18:52:26.330  1569  6943 I LSPosed-Bridge: 	at com.android.server.am.ActivityManagerService$PermissionController.checkPermission(ActivityManagerService.java:9248)

09-02 18:52:26.330  1569  6943 I LSPosed-Bridge: 	at android.os.IPermissionController$Stub.onTransact(IPermissionController.java:56)

09-02 18:52:26.330  1569  6943 I LSPosed-Bridge: 	at android.os.Binder.execTransact(Binder.java:731)

09-02 18:52:26.365  1569  1867 I LSPosed-Bridge: 5812 PermLabel 10130 AMS.checkPermission: Binder.getCallingPid() = 547; uid = 10130; Binder.getCallingUid() = 1041; getNameForUid: null; getPackagesForUid: null; permName: android.permission.RECORD_AUDIO; type = 1; res = 0; stacktrace=java.lang.Exception

09-02 18:52:26.365  1569  1867 I LSPosed-Bridge: 	at com.example.permlabel.requirePerm$1$2.afterHookedMethod(requirePerm.java:130)

09-02 18:52:26.365  1569  1867 I LSPosed-Bridge: 	at de.robv.android.xposed.XposedBridge$AdditionalHookInfo.callback(Unknown Source:147)

09-02 18:52:26.365  1569  1867 I LSPosed-Bridge: 	at LSPHooker_.checkPermission(Unknown Source:25)

09-02 18:52:26.365  1569  1867 I LSPosed-Bridge: 	at com.android.server.am.ActivityManagerService$PermissionController.checkPermission(ActivityManagerService.java:9248)

09-02 18:52:26.365  1569  1867 I LSPosed-Bridge: 	at android.os.IPermissionController$Stub.onTransact(IPermissionController.java:56)

09-02 18:52:26.365  1569  1867 I LSPosed-Bridge: 	at android.os.Binder.execTransact(Binder.java:731)

09-02 18:52:26.646  1569 10179 I LSPosed-Bridge: 5812 PermLabel 10130 AMS.checkPermission: Binder.getCallingPid() = 547; uid = 10130; Binder.getCallingUid() = 1041; getNameForUid: null; getPackagesForUid: null; permName: android.permission.RECORD_AUDIO; type = 1; res = 0; stacktrace=java.lang.Exception

09-02 18:52:26.646  1569 10179 I LSPosed-Bridge: 	at com.example.permlabel.requirePerm$1$2.afterHookedMethod(requirePerm.java:130)

09-02 18:52:26.646  1569 10179 I LSPosed-Bridge: 	at de.robv.android.xposed.XposedBridge$AdditionalHookInfo.callback(Unknown Source:147)

09-02 18:52:26.646  1569 10179 I LSPosed-Bridge: 	at LSPHooker_.checkPermission(Unknown Source:25)

09-02 18:52:26.646  1569 10179 I LSPosed-Bridge: 	at com.android.server.am.ActivityManagerService$PermissionController.checkPermission(ActivityManagerService.java:9248)

09-02 18:52:26.646  1569 10179 I LSPosed-Bridge: 	at android.os.IPermissionController$Stub.onTransact(IPermissionController.java:56)

09-02 18:52:26.646  1569 10179 I LSPosed-Bridge: 	at android.os.Binder.execTransact(Binder.java:731)

09-02 18:52:26.646  5812  5971 I LSPosed-Bridge: 5812 PermLabel hookBinder_test 10130 interfaceBinder =android.content.pm.IPackageManager; arg0 = 13; arg1 = android.os.Parcel@a83e1f9; arg2 = android.os.Parcel@d83573d; arg3 = 0; res = true; stacktrace=java.lang.Exception

09-02 18:52:26.646  5812  5971 I LSPosed-Bridge: 	at com.example.permlabel.hookBinder_test$1.afterHookedMethod(hookBinder_test.java:55)

09-02 18:52:26.646  5812  5971 I LSPosed-Bridge: 	at de.robv.android.xposed.XposedBridge$AdditionalHookInfo.callback(Unknown Source:147)

09-02 18:52:26.646  5812  5971 I LSPosed-Bridge: 	at LSPHooker_.transact(Unknown Source:28)

09-02 18:52:26.646  5812  5971 I LSPosed-Bridge: 	at android.content.pm.IPackageManager$Stub$Proxy.getApplicationInfo(IPackageManager.java:3104)

09-02 18:52:26.646  5812  5971 I LSPosed-Bridge: 	at android.app.ApplicationPackageManager.getApplicationInfoAsUser(ApplicationPackageManager.java:384)

09-02 18:52:26.646  5812  5971 I LSPosed-Bridge: 	at android.app.ApplicationPackageManager.getApplicationInfo(ApplicationPackageManager.java:377)

09-02 18:52:26.659  1569 10179 I LSPosed-Bridge: 5812 PermLabel 10130 AMS.checkPermission: Binder.getCallingPid() = 547; uid = 10130; Binder.getCallingUid() = 1041; getNameForUid: null; getPackagesForUid: null; permName: android.permission.RECORD_AUDIO; type = 1; res = 0; stacktrace=java.lang.Exception

09-02 18:52:26.659  1569 10179 I LSPosed-Bridge: 	at com.example.permlabel.requirePerm$1$2.afterHookedMethod(requirePerm.java:130)

09-02 18:52:26.659  1569 10179 I LSPosed-Bridge: 	at de.robv.android.xposed.XposedBridge$AdditionalHookInfo.callback(Unknown Source:147)

09-02 18:52:26.659  1569 10179 I LSPosed-Bridge: 	at LSPHooker_.checkPermission(Unknown Source:25)

09-02 18:52:26.659  1569 10179 I LSPosed-Bridge: 	at com.android.server.am.ActivityManagerService$PermissionController.checkPermission(ActivityManagerService.java:9248)

09-02 18:52:26.659  1569 10179 I LSPosed-Bridge: 	at android.os.IPermissionController$Stub.onTransact(IPermissionController.java:56)

09-02 18:52:26.659  1569 10179 I LSPosed-Bridge: 	at android.os.Binder.execTransact(Binder.java:731)

09-02 18:52:26.975  1569  1711 I LSPosed-Bridge: 5812 PermLabel 10130 AMS.checkPermission: Binder.getCallingPid() = 547; uid = 10130; Binder.getCallingUid() = 1041; getNameForUid: null; getPackagesForUid: null; permName: android.permission.RECORD_AUDIO; type = 1; res = 0; stacktrace=java.lang.Exception

09-02 18:52:26.975  1569  1711 I LSPosed-Bridge: 	at com.example.permlabel.requirePerm$1$2.afterHookedMethod(requirePerm.java:130)

09-02 18:52:26.975  1569  1711 I LSPosed-Bridge: 	at de.robv.android.xposed.XposedBridge$AdditionalHookInfo.callback(Unknown Source:147)

09-02 18:52:26.975  1569  1711 I LSPosed-Bridge: 	at LSPHooker_.checkPermission(Unknown Source:25)

09-02 18:52:26.975  1569  1711 I LSPosed-Bridge: 	at com.android.server.am.ActivityManagerService$PermissionController.checkPermission(ActivityManagerService.java:9248)

09-02 18:52:26.975  1569  1711 I LSPosed-Bridge: 	at android.os.IPermissionController$Stub.onTransact(IPermissionController.java:56)

09-02 18:52:26.975  1569  1711 I LSPosed-Bridge: 	at android.os.Binder.execTransact(Binder.java:731)

09-02 18:52:26.994  1569  6949 I LSPosed-Bridge: 5812 PermLabel 10130 AMS.checkPermission: Binder.getCallingPid() = 547; uid = 10130; Binder.getCallingUid() = 1041; getNameForUid: null; getPackagesForUid: null; permName: android.permission.RECORD_AUDIO; type = 1; res = 0; stacktrace=java.lang.Exception

09-02 18:52:26.994  1569  6949 I LSPosed-Bridge: 	at com.example.permlabel.requirePerm$1$2.afterHookedMethod(requirePerm.java:130)

09-02 18:52:26.994  1569  6949 I LSPosed-Bridge: 	at de.robv.android.xposed.XposedBridge$AdditionalHookInfo.callback(Unknown Source:147)

09-02 18:52:26.994  1569  6949 I LSPosed-Bridge: 	at LSPHooker_.checkPermission(Unknown Source:25)

09-02 18:52:26.994  1569  6949 I LSPosed-Bridge: 	at com.android.server.am.ActivityManagerService$PermissionController.checkPermission(ActivityManagerService.java:9248)

09-02 18:52:26.994  1569  6949 I LSPosed-Bridge: 	at android.os.IPermissionController$Stub.onTransact(IPermissionController.java:56)

09-02 18:52:26.994  1569  6949 I LSPosed-Bridge: 	at android.os.Binder.execTransact(Binder.java:731)

09-02 18:52:32.594  1569  6943 I LSPosed-Bridge: 5812 PermLabel 10130 AMS.checkPermission: Binder.getCallingPid() = 547; uid = 10130; Binder.getCallingUid() = 1041; getNameForUid: null; getPackagesForUid: null; permName: android.permission.RECORD_AUDIO; type = 1; res = 0; stacktrace=java.lang.Exception

09-02 18:52:32.594  1569  6943 I LSPosed-Bridge: 	at com.example.permlabel.requirePerm$1$2.afterHookedMethod(requirePerm.java:130)

09-02 18:52:32.594  1569  6943 I LSPosed-Bridge: 	at de.robv.android.xposed.XposedBridge$AdditionalHookInfo.callback(Unknown Source:147)

09-02 18:52:32.594  1569  6943 I LSPosed-Bridge: 	at LSPHooker_.checkPermission(Unknown Source:25)

09-02 18:52:32.594  1569  6943 I LSPosed-Bridge: 	at com.android.server.am.ActivityManagerService$PermissionController.checkPermission(ActivityManagerService.java:9248)

09-02 18:52:32.594  1569  6943 I LSPosed-Bridge: 	at android.os.IPermissionController$Stub.onTransact(IPermissionController.java:56)

09-02 18:52:32.594  1569  6943 I LSPosed-Bridge: 	at android.os.Binder.execTransact(Binder.java:731)

09-02 18:52:32.604  1569  6943 I LSPosed-Bridge: 5812 PermLabel 10130 AMS.checkPermission: Binder.getCallingPid() = 547; uid = 10130; Binder.getCallingUid() = 1041; getNameForUid: null; getPackagesForUid: null; permName: android.permission.RECORD_AUDIO; type = 1; res = 0; stacktrace=java.lang.Exception

09-02 18:52:32.604  1569  6943 I LSPosed-Bridge: 	at com.example.permlabel.requirePerm$1$2.afterHookedMethod(requirePerm.java:130)

09-02 18:52:32.604  1569  6943 I LSPosed-Bridge: 	at de.robv.android.xposed.XposedBridge$AdditionalHookInfo.callback(Unknown Source:147)

09-02 18:52:32.604  1569  6943 I LSPosed-Bridge: 	at LSPHooker_.checkPermission(Unknown Source:25)

09-02 18:52:32.604  1569  6943 I LSPosed-Bridge: 	at com.android.server.am.ActivityManagerService$PermissionController.checkPermission(ActivityManagerService.java:9248)

09-02 18:52:32.604  1569  6943 I LSPosed-Bridge: 	at android.os.IPermissionController$Stub.onTransact(IPermissionController.java:56)

09-02 18:52:32.604  1569  6943 I LSPosed-Bridge: 	at android.os.Binder.execTransact(Binder.java:731)
