06-19 12:02:26.540  5125  5125 I LSPosed-Bridge: 	at com.android.internal.os.ZygoteInit.main(ZygoteInit.java:858)

06-19 12:02:26.540  5125  5125 I HiAdSDK.LocationUtils:  loc_tag isLocationAvailable = false, return null

06-19 12:03:40.728  5125  5125 W HiAdSDK.f1:  toObject JSONException

06-19 12:03:40.728  5125  5125 W HiAdSDK.AdSlotParam:  contentBundle info is empty or not json string

06-19 12:03:40.728  5125 14615 I LSPosed-Bridge: 5125 PermLabel 10124 ContextImpl.checkPermission: pid = 5125; uid = 10124; permName: android.permission.ACCESS_COARSE_LOCATION; type = 1; res = 0; stacktrace=java.lang.Exception

06-19 12:03:40.728  5125 14615 I LSPosed-Bridge: 	at com.example.permlabel.requestPerm$2.afterHookedMethod(requestPerm.java:204)

06-19 12:03:40.728  5125 14615 I LSPosed-Bridge: 	at de.robv.android.xposed.XposedBridge$AdditionalHookInfo.callback(Unknown Source:147)

06-19 12:03:40.728  5125 14615 I LSPosed-Bridge: 	at LSPHooker_.checkPermission(Unknown Source:25)

06-19 12:03:40.728  5125 14615 I LSPosed-Bridge: 	at android.content.ContextWrapper.checkPermission(ContextWrapper.java:738)

06-19 12:03:40.728  5125 14615 I LSPosed-Bridge: 	at p3.l.a(Unknown Source:2)

06-19 12:03:40.728  5125 14615 I LSPosed-Bridge: 	at p3.l.b(Unknown Source:23)

06-19 12:03:40.728  5125 14615 I LSPosed-Bridge: 	at p3.d.u(Unknown Source:44)

06-19 12:03:40.728  5125 14615 I LSPosed-Bridge: 	at p3.d.j(Unknown Source:16)

06-19 12:03:40.728  5125 14615 I LSPosed-Bridge: 	at p3.d.k(Unknown Source:1)

06-19 12:03:40.728  5125 14615 I LSPosed-Bridge: 	at p3.d.e(Unknown Source:1)

06-19 12:03:40.728  5125 14615 I LSPosed-Bridge: 	at p3.d$a.run(Unknown Source:3)

06-19 12:03:40.728  5125 14615 I LSPosed-Bridge: 	at p3.b0.run(Unknown Source:6)

06-19 12:03:40.728  5125 14615 I LSPosed-Bridge: 	at java.util.concurrent.ThreadPoolExecutor.runWorker(ThreadPoolExecutor.java:1167)

06-19 12:03:40.728  5125 14615 I LSPosed-Bridge: 	at java.util.concurrent.ThreadPoolExecutor$Worker.run(ThreadPoolExecutor.java:641)

06-19 12:03:40.728  5125 14615 I LSPosed-Bridge: 	at java.lang.Thread.run(Thread.java:764)

06-19 12:03:40.735  5125  5125 I LSPosed-Bridge: 5125 PermLabel 10124 ContextImpl.checkPermission: pid = 5125; uid = 10124; permName: android.permission.ACCESS_COARSE_LOCATION; type = 1; res = 0; stacktrace=java.lang.Exception

06-19 12:03:40.735  5125  5125 I LSPosed-Bridge: 	at com.example.permlabel.requestPerm$2.afterHookedMethod(requestPerm.java:204)

06-19 12:03:40.735  5125  5125 I LSPosed-Bridge: 	at de.robv.android.xposed.XposedBridge$AdditionalHookInfo.callback(Unknown Source:147)

06-19 12:03:40.735  5125  5125 I LSPosed-Bridge: 	at LSPHooker_.checkPermission(Unknown Source:25)

06-19 12:03:40.735  5125  5125 I LSPosed-Bridge: 	at android.content.ContextWrapper.checkPermission(ContextWrapper.java:738)

06-19 12:03:40.735  5125  5125 I LSPosed-Bridge: 	at p3.l.a(Unknown Source:2)

06-19 12:03:40.735  5125  5125 I LSPosed-Bridge: 	at p3.l.b(Unknown Source:23)

06-19 12:03:40.735  5125  5125 I LSPosed-Bridge: 	at p3.d.u(Unknown Source:44)

06-19 12:03:40.735  5125  5125 I LSPosed-Bridge: 	at p3.d.j(Unknown Source:16)

06-19 12:03:40.735  5125  5125 I LSPosed-Bridge: 	at p3.d.k(Unknown Source:1)

06-19 12:03:40.735  5125  5125 I LSPosed-Bridge: 	at p3.d.c(Unknown Source:22)

06-19 12:03:40.735  5125  5125 I LSPosed-Bridge: 	at com.huawei.hms.ads.kr.Code(Unknown Source:5)

06-19 12:03:40.735  5125  5125 I LSPosed-Bridge: 	at j3.j.h(Unknown Source:217)

06-19 12:03:40.735  5125  5125 I LSPosed-Bridge: 	at com.huawei.hms.ads.reward.RewardAd.loadAd(Unknown Source:1)

06-19 12:03:40.735  5125  5125 I LSPosed-Bridge: 	at x4.b.g(AdRewarded.kt:29)

06-19 12:03:40.735  5125  5125 I LSPosed-Bridge: 	at x4.b.j(AdRewarded.kt:40)

06-19 12:03:40.735  5125  5125 I LSPosed-Bridge: 	at w4.a.p(ActivitySettingsRewarded.kt:23)

06-19 12:03:40.735  5125  5125 I LSPosed-Bridge: 	at w4.d.e(ActivitySettingsRewarded.kt:16)

06-19 12:03:40.735  5125  5125 I LSPosed-Bridge: 	at androidx.preference.Preference.h0(Preference.java:40)

06-19 12:03:40.735  5125  5125 I LSPosed-Bridge: 	at androidx.preference.Preference.i0(Preference.java:1)

06-19 12:03:40.735  5125  5125 I LSPosed-Bridge: 	at androidx.preference.Preference$a.onClick(Preference.java:3)

06-19 12:03:40.735  5125  5125 I LSPosed-Bridge: 	at android.view.View.performClick(View.java:6597)

06-19 12:03:40.735  5125  5125 I LSPosed-Bridge: 	at android.view.View.performClickInternal(View.java:6574)

06-19 12:03:40.735  5125  5125 I LSPosed-Bridge: 	at android.view.View.access$3100(View.java:778)

06-19 12:03:40.735  5125  5125 I LSPosed-Bridge: 	at android.view.View$PerformClick.run(View.java:25889)

06-19 12:03:40.735  5125  5125 I LSPosed-Bridge: 	at android.os.Handler.handleCallback(Handler.java:873)

06-19 12:03:40.735  5125  5125 I LSPosed-Bridge: 	at android.os.Handler.dispatchMessage(Handler.java:99)

06-19 12:03:40.735  5125  5125 I LSPosed-Bridge: 	at android.os.Looper.loop(Looper.java:193)

06-19 12:03:40.735  5125  5125 I LSPosed-Bridge: 	at android.app.ActivityThread.main(ActivityThread.java:6692)

06-19 12:03:40.735  5125  5125 I LSPosed-Bridge: 	at java.lang.reflect.Method.invoke(Native Method)

06-19 12:03:40.735  5125  5125 I LSPosed-Bridge: 	at com.android.internal.os.RuntimeInit$MethodAndArgsCaller.run(RuntimeInit.java:493)

06-19 12:03:40.735  5125  5125 I LSPosed-Bridge: 	at com.android.internal.os.ZygoteInit.main(ZygoteInit.java:858)

06-19 12:03:44.536  5125 14616 I LSPosed-Bridge: 5125 PermLabel 10124 ContextImpl.checkPermission: pid = 5125; uid = 10124; permName: android.permission.ACCESS_COARSE_LOCATION; type = 1; res = 0; stacktrace=java.lang.Exception

06-19 12:03:44.536  5125 14616 I LSPosed-Bridge: 	at com.example.permlabel.requestPerm$2.afterHookedMethod(requestPerm.java:204)

06-19 12:03:44.536  5125 14616 I LSPosed-Bridge: 	at de.robv.android.xposed.XposedBridge$AdditionalHookInfo.callback(Unknown Source:147)

06-19 12:03:44.536  5125 14616 I LSPosed-Bridge: 	at LSPHooker_.checkPermission(Unknown Source:25)

06-19 12:03:44.536  5125 14616 I LSPosed-Bridge: 	at android.content.ContextWrapper.checkPermission(ContextWrapper.java:738)

06-19 12:03:44.536  5125 14616 I LSPosed-Bridge: 	at p3.l.a(Unknown Source:2)

06-19 12:03:44.536  5125 14616 I LSPosed-Bridge: 	at p3.l.b(Unknown Source:23)

06-19 12:03:44.536  5125 14616 I LSPosed-Bridge: 	at p3.d.u(Unknown Source:44)

06-19 12:03:44.536  5125 14616 I LSPosed-Bridge: 	at p3.d.j(Unknown Source:16)

06-19 12:03:44.536  5125 14616 I LSPosed-Bridge: 	at p3.d.k(Unknown Source:1)

06-19 12:03:44.536  5125 14616 I LSPosed-Bridge: 	at p3.d.e(Unknown Source:1)

06-19 12:03:44.536  5125 14616 I LSPosed-Bridge: 	at p3.d$a.run(Unknown Source:3)

06-19 12:03:44.536  5125 14616 I LSPosed-Bridge: 	at p3.b0.run(Unknown Source:6)

06-19 12:03:44.536  5125 14616 I LSPosed-Bridge: 	at java.util.concurrent.ThreadPoolExecutor.runWorker(ThreadPoolExecutor.java:1167)

06-19 12:03:44.536  5125 14616 I LSPosed-Bridge: 	at java.util.concurrent.ThreadPoolExecutor$Worker.run(ThreadPoolExecutor.java:641)

06-19 12:03:44.536  5125 14616 I LSPosed-Bridge: 	at java.lang.Thread.run(Thread.java:764)

06-19 12:03:44.536  5125  5125 W HiAdSDK.f1:  toObject JSONException

06-19 12:03:44.536  5125  5125 W HiAdSDK.AdSlotParam:  contentBundle info is empty or not json string

06-19 12:03:44.540  5125  5125 I LSPosed-Bridge: 5125 PermLabel 10124 ContextImpl.checkPermission: pid = 5125; uid = 10124; permName: android.permission.ACCESS_COARSE_LOCATION; type = 1; res = 0; stacktrace=java.lang.Exception

06-19 12:03:44.540  5125  5125 I LSPosed-Bridge: 	at com.example.permlabel.requestPerm$2.afterHookedMethod(requestPerm.java:204)

06-19 12:03:44.540  5125  5125 I LSPosed-Bridge: 	at de.robv.android.xposed.XposedBridge$AdditionalHookInfo.callback(Unknown Source:147)

06-19 12:03:44.540  5125  5125 I LSPosed-Bridge: 	at LSPHooker_.checkPermission(Unknown Source:25)

06-19 12:03:44.540  5125  5125 I LSPosed-Bridge: 	at android.content.ContextWrapper.checkPermission(ContextWrapper.java:738)

06-19 12:03:44.540  5125  5125 I LSPosed-Bridge: 	at p3.l.a(Unknown Source:2)

06-19 12:03:44.540  5125  5125 I LSPosed-Bridge: 	at p3.l.b(Unknown Source:23)

06-19 12:03:44.540  5125  5125 I LSPosed-Bridge: 	at p3.d.u(Unknown Source:44)

06-19 12:03:44.540  5125  5125 I LSPosed-Bridge: 	at p3.d.j(Unknown Source:16)

06-19 12:03:44.540  5125  5125 I LSPosed-Bridge: 	at p3.d.k(Unknown Source:1)

06-19 12:03:44.540  5125  5125 I LSPosed-Bridge: 	at p3.d.c(Unknown Source:22)

06-19 12:03:44.540  5125  5125 I LSPosed-Bridge: 	at com.huawei.hms.ads.kr.Code(Unknown Source:5)

06-19 12:03:44.540  5125  5125 I LSPosed-Bridge: 	at j3.j.h(Unknown Source:217)

06-19 12:03:44.540  5125  5125 I LSPosed-Bridge: 	at com.huawei.hms.ads.reward.RewardAd.loadAd(Unknown Source:1)

06-19 12:03:44.540  5125  5125 I LSPosed-Bridge: 	at x4.b.g(AdRewarded.kt:29)

06-19 12:03:44.540  5125  5125 I LSPosed-Bridge: 	at x4.b.j(AdRewarded.kt:40)

06-19 12:03:44.540  5125  5125 I LSPosed-Bridge: 	at w4.a.p(ActivitySettingsRewarded.kt:23)

06-19 12:03:44.540  5125  5125 I LSPosed-Bridge: 	at w4.d.e(ActivitySettingsRewarded.kt:16)

06-19 12:03:44.540  5125  5125 I LSPosed-Bridge: 	at androidx.preference.Preference.h0(Preference.java:40)

06-19 12:03:44.540  5125  5125 I LSPosed-Bridge: 	at androidx.preference.Preference.i0(Preference.java:1)

06-19 12:03:44.540  5125  5125 I LSPosed-Bridge: 	at androidx.preference.Preference$a.onClick(Preference.java:3)

06-19 12:03:44.540  5125  5125 I LSPosed-Bridge: 	at android.view.View.performClick(View.java:6597)

06-19 12:03:44.540  5125  5125 I LSPosed-Bridge: 	at android.view.View.performClickInternal(View.java:6574)

06-19 12:03:44.540  5125  5125 I LSPosed-Bridge: 	at android.view.View.access$3100(View.java:778)

06-19 12:03:44.540  5125  5125 I LSPosed-Bridge: 	at android.view.View$PerformClick.run(View.java:25889)

06-19 12:03:44.540  5125  5125 I LSPosed-Bridge: 	at android.os.Handler.handleCallback(Handler.java:873)

06-19 12:03:44.540  5125  5125 I LSPosed-Bridge: 	at android.os.Handler.dispatchMessage(Handler.java:99)

06-19 12:03:44.540  5125  5125 I LSPosed-Bridge: 	at android.os.Looper.loop(Looper.java:193)

06-19 12:03:44.540  5125  5125 I LSPosed-Bridge: 	at android.app.ActivityThread.main(ActivityThread.java:6692)

06-19 12:03:44.540  5125  5125 I LSPosed-Bridge: 	at java.lang.reflect.Method.invoke(Native Method)

06-19 12:03:44.540  5125  5125 I LSPosed-Bridge: 	at com.android.internal.os.RuntimeInit$MethodAndArgsCaller.run(RuntimeInit.java:493)

06-19 12:03:44.540  5125  5125 I LSPosed-Bridge: 	at com.android.internal.os.ZygoteInit.main(ZygoteInit.java:858)

06-19 12:03:48.350  5125  5125 I HiAdSDK.LocationUtils:  loc_tag media allow: true

06-19 12:03:48.350  5125  5125 I HiAdSDK.LocationUtils:  loc_tag isGpsSwitchOpen locationMode is 3

06-19 12:03:48.350  5125 14620 I LSPosed-Bridge: 5125 PermLabel 10124 ContextImpl.checkPermission: pid = 5125; uid = 10124; permName: android.permission.ACCESS_COARSE_LOCATION; type = 1; res = 0; stacktrace=java.lang.Exception

06-19 12:03:48.350  5125 14620 I LSPosed-Bridge: 	at com.example.permlabel.requestPerm$2.afterHookedMethod(requestPerm.java:204)

06-19 12:03:48.350  5125 14620 I LSPosed-Bridge: 	at de.robv.android.xposed.XposedBridge$AdditionalHookInfo.callback(Unknown Source:147)

06-19 12:03:48.350  5125 14620 I LSPosed-Bridge: 	at LSPHooker_.checkPermission(Unknown Source:25)

06-19 12:03:48.350  5125 14620 I LSPosed-Bridge: 	at android.content.ContextWrapper.checkPermission(ContextWrapper.java:738)

06-19 12:03:48.350  5125 14620 I LSPosed-Bridge: 	at p3.l.a(Unknown Source:2)

06-19 12:03:48.350  5125 14620 I LSPosed-Bridge: 	at p3.l.b(Unknown Source:23)

06-19 12:03:48.350  5125 14620 I LSPosed-Bridge: 	at p3.d.u(Unknown Source:44)

06-19 12:03:48.350  5125 14620 I LSPosed-Bridge: 	at p3.d.j(Unknown Source:16)

06-19 12:03:48.350  5125 14620 I LSPosed-Bridge: 	at p3.d.k(Unknown Source:1)

06-19 12:03:48.350  5125 14620 I LSPosed-Bridge: 	at p3.d.e(Unknown Source:1)

06-19 12:03:48.350  5125 14620 I LSPosed-Bridge: 	at p3.d$a.run(Unknown Source:3)

06-19 12:03:48.350  5125 14620 I LSPosed-Bridge: 	at p3.b0.run(Unknown Source:6)

06-19 12:03:48.350  5125 14620 I LSPosed-Bridge: 	at java.util.concurrent.ThreadPoolExecutor.runWorker(ThreadPoolExecutor.java:1167)

06-19 12:03:48.350  5125 14620 I LSPosed-Bridge: 	at java.util.concurrent.ThreadPoolExecutor$Worker.run(ThreadPoolExecutor.java:641)

06-19 12:03:48.350  5125 14620 I LSPosed-Bridge: 	at java.lang.Thread.run(Thread.java:764)

06-19 12:03:48.350  5125 14620 I HiAdSDK.LocationUtils:  loc_tag sendAsyncLocationByNative failed because switch is off

06-19 12:03:48.355  5125  5125 I LSPosed-Bridge: 5125 PermLabel 10124 ContextImpl.checkPermission: pid = 5125; uid = 10124; permName: android.permission.ACCESS_COARSE_LOCATION; type = 1; res = 0; stacktrace=java.lang.Exception

06-19 12:03:48.355  5125  5125 I LSPosed-Bridge: 	at com.example.permlabel.requestPerm$2.afterHookedMethod(requestPerm.java:204)

06-19 12:03:48.355  5125  5125 I LSPosed-Bridge: 	at de.robv.android.xposed.XposedBridge$AdditionalHookInfo.callback(Unknown Source:147)

06-19 12:03:48.355  5125  5125 I LSPosed-Bridge: 	at LSPHooker_.checkPermission(Unknown Source:25)

06-19 12:03:48.355  5125  5125 I LSPosed-Bridge: 	at android.content.ContextWrapper.checkPermission(ContextWrapper.java:738)

06-19 12:03:48.355  5125  5125 I LSPosed-Bridge: 	at p3.l.a(Unknown Source:2)

06-19 12:03:48.355  5125  5125 I LSPosed-Bridge: 	at p3.l.b(Unknown Source:23)

06-19 12:03:48.355  5125  5125 I LSPosed-Bridge: 	at p3.d.u(Unknown Source:44)

06-19 12:03:48.355  5125  5125 I LSPosed-Bridge: 	at p3.d.j(Unknown Source:16)

06-19 12:03:48.355  5125  5125 I LSPosed-Bridge: 	at p3.d.k(Unknown Source:1)

06-19 12:03:48.355  5125  5125 I LSPosed-Bridge: 	at p3.d.c(Unknown Source:22)

06-19 12:03:48.355  5125  5125 I LSPosed-Bridge: 	at com.huawei.hms.ads.kr.Code(Unknown Source:5)

06-19 12:03:48.355  5125  5125 I LSPosed-Bridge: 	at j3.j.h(Unknown Source:217)

06-19 12:03:48.355  5125  5125 I LSPosed-Bridge: 	at com.huawei.hms.ads.reward.RewardAd.loadAd(Unknown Source:1)

06-19 12:03:48.355  5125  5125 I LSPosed-Bridge: 	at x4.b.g(AdRewarded.kt:29)

06-19 12:03:48.355  5125  5125 I LSPosed-Bridge: 	at x4.b.j(AdRewarded.kt:40)

06-19 12:03:48.355  5125  5125 I LSPosed-Bridge: 	at w4.a.p(ActivitySettingsRewarded.kt:23)

06-19 12:03:48.355  5125  5125 I LSPosed-Bridge: 	at w4.d.e(ActivitySettingsRewarded.kt:16)

06-19 12:03:48.355  5125  5125 I LSPosed-Bridge: 	at androidx.preference.Preference.h0(Preference.java:40)

06-19 12:03:48.355  5125  5125 I LSPosed-Bridge: 	at androidx.preference.Preference.i0(Preference.java:1)

06-19 12:03:48.355  5125  5125 I LSPosed-Bridge: 	at androidx.preference.Preference$a.onClick(Preference.java:3)

06-19 12:03:48.355  5125  5125 I LSPosed-Bridge: 	at android.view.View.performClick(View.java:6597)

06-19 12:03:48.355  5125  5125 I LSPosed-Bridge: 	at android.view.View.performClickInternal(View.java:6574)

06-19 12:03:48.355  5125  5125 I LSPosed-Bridge: 	at android.view.View.access$3100(View.java:778)

06-19 12:03:48.355  5125  5125 I LSPosed-Bridge: 	at android.view.View$PerformClick.run(View.java:25889)

06-19 12:03:48.355  5125  5125 I LSPosed-Bridge: 	at android.os.Handler.handleCallback(Handler.java:873)

06-19 12:03:48.355  5125  5125 I LSPosed-Bridge: 	at android.os.Handler.dispatchMessage(Handler.java:99)

06-19 12:03:48.355  5125  5125 I LSPosed-Bridge: 	at android.os.Looper.loop(Looper.java:193)

06-19 12:03:48.355  5125  5125 I LSPosed-Bridge: 	at android.app.ActivityThread.main(ActivityThread.java:6692)

06-19 12:03:48.355  5125  5125 I LSPosed-Bridge: 	at java.lang.reflect.Method.invoke(Native Method)

06-19 12:03:48.355  5125  5125 I LSPosed-Bridge: 	at com.android.internal.os.RuntimeInit$MethodAndArgsCaller.run(RuntimeInit.java:493)

06-19 12:03:48.355  5125  5125 I LSPosed-Bridge: 	at com.android.internal.os.ZygoteInit.main(ZygoteInit.java:858)

06-19 12:03:48.355  5125  5125 I HiAdSDK.LocationUtils:  loc_tag isLocationAvailable = false, return null

06-19 12:04:39.938  5125 14616 I LSPosed-Bridge: 5125 PermLabel 10124 ContextImpl.checkPermission: pid = 5125; uid = 10124; permName: android.permission.ACCESS_COARSE_LOCATION; type = 1; res = 0; stacktrace=java.lang.Exception

06-19 12:04:39.938  5125 14616 I LSPosed-Bridge: 	at com.example.permlabel.requestPerm$2.afterHookedMethod(requestPerm.java:204)

06-19 12:04:39.938  5125 14616 I LSPosed-Bridge: 	at de.robv.android.xposed.XposedBridge$AdditionalHookInfo.callback(Unknown Source:147)

06-19 12:04:39.938  5125 14616 I LSPosed-Bridge: 	at LSPHooker_.checkPermission(Unknown Source:25)

06-19 12:04:39.938  5125 14616 I LSPosed-Bridge: 	at android.content.ContextWrapper.checkPermission(ContextWrapper.java:738)

06-19 12:04:39.938  5125 14616 I LSPosed-Bridge: 	at p3.l.a(Unknown Source:2)

06-19 12:04:39.938  5125 14616 I LSPosed-Bridge: 	at p3.l.b(Unknown Source:23)

06-19 12:04:39.938  5125 14616 I LSPosed-Bridge: 	at p3.d.u(Unknown Source:44)

06-19 12:04:39.938  5125 14616 I LSPosed-Bridge: 	at p3.d.j(Unknown Source:16)

06-19 12:04:39.938  5125 14616 I LSPosed-Bridge: 	at p3.d.k(Unknown Source:1)

06-19 12:04:39.938  5125 14616 I LSPosed-Bridge: 	at p3.d.e(Unknown Source:1)

06-19 12:04:39.938  5125 14616 I LSPosed-Bridge: 	at p3.d$a.run(Unknown Source:3)

06-19 12:04:39.938  5125 14616 I LSPosed-Bridge: 	at p3.b0.run(Unknown Source:6)

06-19 12:04:39.938  5125 14616 I LSPosed-Bridge: 	at java.util.concurrent.ThreadPoolExecutor.runWorker(ThreadPoolExecutor.java:1167)

06-19 12:04:39.938  5125 14616 I LSPosed-Bridge: 	at java.util.concurrent.ThreadPoolExecutor$Worker.run(ThreadPoolExecutor.java:641)

06-19 12:04:39.938  5125 14616 I LSPosed-Bridge: 	at java.lang.Thread.run(Thread.java:764)

06-19 12:04:39.938  5125 14616 I HiAdSDK.LocationUtils:  loc_tag sendAsyncLocationByNative failed because switch is off

06-19 12:04:39.947  5125  5125 I LSPosed-Bridge: 5125 PermLabel 10124 ContextImpl.checkPermission: pid = 5125; uid = 10124; permName: android.permission.ACCESS_COARSE_LOCATION; type = 1; res = 0; stacktrace=java.lang.Exception

06-19 12:04:39.947  5125  5125 I LSPosed-Bridge: 	at com.example.permlabel.requestPerm$2.afterHookedMethod(requestPerm.java:204)

06-19 12:04:39.947  5125  5125 I LSPosed-Bridge: 	at de.robv.android.xposed.XposedBridge$AdditionalHookInfo.callback(Unknown Source:147)

06-19 12:04:39.947  5125  5125 I LSPosed-Bridge: 	at LSPHooker_.checkPermission(Unknown Source:25)

06-19 12:04:39.947  5125  5125 I LSPosed-Bridge: 	at android.content.ContextWrapper.checkPermission(ContextWrapper.java:738)

06-19 12:04:39.947  5125  5125 I LSPosed-Bridge: 	at p3.l.a(Unknown Source:2)

06-19 12:04:39.947  5125  5125 I LSPosed-Bridge: 	at p3.l.b(Unknown Source:23)

06-19 12:04:39.947  5125  5125 I LSPosed-Bridge: 	at p3.d.u(Unknown Source:44)

06-19 12:04:39.947  5125  5125 I LSPosed-Bridge: 	at p3.d.j(Unknown Source:16)

06-19 12:04:39.947  5125  5125 I LSPosed-Bridge: 	at p3.d.k(Unknown Source:1)

06-19 12:04:39.947  5125  5125 I LSPosed-Bridge: 	at p3.d.c(Unknown Source:22)

06-19 12:04:39.947  5125  5125 I LSPosed-Bridge: 	at com.huawei.hms.ads.kr.Code(Unknown Source:5)

06-19 12:04:39.947  5125  5125 I LSPosed-Bridge: 	at j3.j.h(Unknown Source:217)

06-19 12:04:39.947  5125  5125 I LSPosed-Bridge: 	at com.huawei.hms.ads.reward.RewardAd.loadAd(Unknown Source:1)

06-19 12:04:39.947  5125  5125 I LSPosed-Bridge: 	at x4.b.g(AdRewarded.kt:29)

06-19 12:04:39.947  5125  5125 I LSPosed-Bridge: 	at x4.b.j(AdRewarded.kt:40)

06-19 12:04:39.947  5125  5125 I LSPosed-Bridge: 	at w4.a.p(ActivitySettingsRewarded.kt:23)

06-19 12:04:39.947  5125  5125 I LSPosed-Bridge: 	at w4.d.e(ActivitySettingsRewarded.kt:16)

06-19 12:04:39.947  5125  5125 I LSPosed-Bridge: 	at androidx.preference.Preference.h0(Preference.java:40)

06-19 12:04:39.947  5125  5125 I LSPosed-Bridge: 	at androidx.preference.Preference.i0(Preference.java:1)

06-19 12:04:39.947  5125  5125 I LSPosed-Bridge: 	at androidx.preference.Preference$a.onClick(Preference.java:3)

06-19 12:04:39.947  5125  5125 I LSPosed-Bridge: 	at android.view.View.performClick(View.java:6597)

06-19 12:04:39.947  5125  5125 I LSPosed-Bridge: 	at android.view.View.performClickInternal(View.java:6574)

06-19 12:04:39.947  5125  5125 I LSPosed-Bridge: 	at android.view.View.access$3100(View.java:778)

06-19 12:04:39.947  5125  5125 I LSPosed-Bridge: 	at android.view.View$PerformClick.run(View.java:25889)

06-19 12:04:39.947  5125  5125 I LSPosed-Bridge: 	at android.os.Handler.handleCallback(Handler.java:873)

06-19 12:04:39.947  5125  5125 I LSPosed-Bridge: 	at android.os.Handler.dispatchMessage(Handler.java:99)

06-19 12:04:39.947  5125  5125 I LSPosed-Bridge: 	at android.os.Looper.loop(Looper.java:193)

06-19 12:04:39.947  5125  5125 I LSPosed-Bridge: 	at android.app.ActivityThread.main(ActivityThread.java:6692)

06-19 12:04:39.947  5125  5125 I LSPosed-Bridge: 	at java.lang.reflect.Method.invoke(Native Method)

06-19 12:04:39.947  5125  5125 I LSPosed-Bridge: 	at com.android.internal.os.RuntimeInit$MethodAndArgsCaller.run(RuntimeInit.java:493)

06-19 12:04:39.947  5125  5125 I LSPosed-Bridge: 	at com.android.internal.os.ZygoteInit.main(ZygoteInit.java:858)

06-19 12:04:39.947  5125  5125 I HiAdSDK.LocationUtils:  loc_tag isLocationAvailable = false, return null

06-19 12:04:43.727  5125 14620 I LSPosed-Bridge: 5125 PermLabel 10124 ContextImpl.checkPermission: pid = 5125; uid = 10124; permName: android.permission.ACCESS_COARSE_LOCATION; type = 1; res = 0; stacktrace=java.lang.Exception

06-19 12:04:43.727  5125 14620 I LSPosed-Bridge: 	at com.example.permlabel.requestPerm$2.afterHookedMethod(requestPerm.java:204)

06-19 12:04:43.727  5125 14620 I LSPosed-Bridge: 	at de.robv.android.xposed.XposedBridge$AdditionalHookInfo.callback(Unknown Source:147)

06-19 12:04:43.727  5125 14620 I LSPosed-Bridge: 	at LSPHooker_.checkPermission(Unknown Source:25)

06-19 12:04:43.727  5125 14620 I LSPosed-Bridge: 	at android.content.ContextWrapper.checkPermission(ContextWrapper.java:738)

06-19 12:04:43.727  5125 14620 I LSPosed-Bridge: 	at p3.l.a(Unknown Source:2)

06-19 12:04:43.727  5125 14620 I LSPosed-Bridge: 	at p3.l.b(Unknown Source:23)

06-19 12:04:43.727  5125 14620 I LSPosed-Bridge: 	at p3.d.u(Unknown Source:44)

06-19 12:04:43.727  5125 14620 I LSPosed-Bridge: 	at p3.d.j(Unknown Source:16)

06-19 12:04:43.727  5125 14620 I LSPosed-Bridge: 	at p3.d.k(Unknown Source:1)

06-19 12:04:43.727  5125 14620 I LSPosed-Bridge: 	at p3.d.e(Unknown Source:1)

06-19 12:04:43.727  5125 14620 I LSPosed-Bridge: 	at p3.d$a.run(Unknown Source:3)

06-19 12:04:43.727  5125 14620 I LSPosed-Bridge: 	at p3.b0.run(Unknown Source:6)

06-19 12:04:43.727  5125 14620 I LSPosed-Bridge: 	at java.util.concurrent.ThreadPoolExecutor.runWorker(ThreadPoolExecutor.java:1167)

06-19 12:04:43.727  5125 14620 I LSPosed-Bridge: 	at java.util.concurrent.ThreadPoolExecutor$Worker.run(ThreadPoolExecutor.java:641)

06-19 12:04:43.727  5125 14620 I LSPosed-Bridge: 	at java.lang.Thread.run(Thread.java:764)

06-19 12:04:43.727  5125 14620 I HiAdSDK.LocationUtils:  loc_tag sendAsyncLocationByNative failed because switch is off

06-19 12:04:43.727  5125  5125 W HiAdSDK.f1:  toObject JSONException

06-19 12:04:43.727  5125  5125 W HiAdSDK.AdSlotParam:  contentBundle info is empty or not json string

06-19 12:04:43.733   558   558 I ConfigStore: android::hardware::configstore::V1_0::ISurfaceFlingerConfigs::hasHDRDisplay retrieved: 0

06-19 12:04:43.733  5125  5125 I LSPosed-Bridge: 5125 PermLabel 10124 ContextImpl.checkPermission: pid = 5125; uid = 10124; permName: android.permission.ACCESS_COARSE_LOCATION; type = 1; res = 0; stacktrace=java.lang.Exception

06-19 12:04:43.733  5125  5125 I LSPosed-Bridge: 	at com.example.permlabel.requestPerm$2.afterHookedMethod(requestPerm.java:204)

06-19 12:04:43.733  5125  5125 I LSPosed-Bridge: 	at de.robv.android.xposed.XposedBridge$AdditionalHookInfo.callback(Unknown Source:147)

06-19 12:04:43.733  5125  5125 I LSPosed-Bridge: 	at LSPHooker_.checkPermission(Unknown Source:25)

06-19 12:04:43.733  5125  5125 I LSPosed-Bridge: 	at android.content.ContextWrapper.checkPermission(ContextWrapper.java:738)

06-19 12:04:43.733  5125  5125 I LSPosed-Bridge: 	at p3.l.a(Unknown Source:2)

06-19 12:04:43.733  5125  5125 I LSPosed-Bridge: 	at p3.l.b(Unknown Source:23)

06-19 12:04:43.733  5125  5125 I LSPosed-Bridge: 	at p3.d.u(Unknown Source:44)

06-19 12:04:43.733  5125  5125 I LSPosed-Bridge: 	at p3.d.j(Unknown Source:16)

06-19 12:04:43.733  5125  5125 I LSPosed-Bridge: 	at p3.d.k(Unknown Source:1)

06-19 12:04:43.733  5125  5125 I LSPosed-Bridge: 	at p3.d.c(Unknown Source:22)

06-19 12:04:43.733  5125  5125 I LSPosed-Bridge: 	at com.huawei.hms.ads.kr.Code(Unknown Source:5)

06-19 12:04:43.733  5125  5125 I LSPosed-Bridge: 	at j3.j.h(Unknown Source:217)

06-19 12:04:43.733  5125  5125 I LSPosed-Bridge: 	at com.huawei.hms.ads.reward.RewardAd.loadAd(Unknown Source:1)

06-19 12:04:43.733  5125  5125 I LSPosed-Bridge: 	at x4.b.g(AdRewarded.kt:29)

06-19 12:04:43.733  5125  5125 I LSPosed-Bridge: 	at x4.b.j(AdRewarded.kt:40)

06-19 12:04:43.733  5125  5125 I LSPosed-Bridge: 	at w4.a.p(ActivitySettingsRewarded.kt:23)

06-19 12:04:43.733  5125  5125 I LSPosed-Bridge: 	at w4.d.e(ActivitySettingsRewarded.kt:16)

06-19 12:04:43.733  5125  5125 I LSPosed-Bridge: 	at androidx.preference.Preference.h0(Preference.java:40)

06-19 12:04:43.733  5125  5125 I LSPosed-Bridge: 	at androidx.preference.Preference.i0(Preference.java:1)

06-19 12:04:43.733  5125  5125 I LSPosed-Bridge: 	at androidx.preference.Preference$a.onClick(Preference.java:3)

06-19 12:04:43.733  5125  5125 I LSPosed-Bridge: 	at android.view.View.performClick(View.java:6597)

06-19 12:04:43.733  5125  5125 I LSPosed-Bridge: 	at android.view.View.performClickInternal(View.java:6574)

06-19 12:04:43.733  5125  5125 I LSPosed-Bridge: 	at android.view.View.access$3100(View.java:778)

06-19 12:04:43.733  5125  5125 I LSPosed-Bridge: 	at android.view.View$PerformClick.run(View.java:25889)

06-19 12:04:43.733  5125  5125 I LSPosed-Bridge: 	at android.os.Handler.handleCallback(Handler.java:873)

06-19 12:04:43.733  5125  5125 I LSPosed-Bridge: 	at android.os.Handler.dispatchMessage(Handler.java:99)

06-19 12:04:43.733  5125  5125 I LSPosed-Bridge: 	at android.os.Looper.loop(Looper.java:193)

06-19 12:04:43.733  5125  5125 I LSPosed-Bridge: 	at android.app.ActivityThread.main(ActivityThread.java:6692)

06-19 12:04:43.733  5125  5125 I LSPosed-Bridge: 	at java.lang.reflect.Method.invoke(Native Method)

06-19 12:04:43.733  5125  5125 I LSPosed-Bridge: 	at com.android.internal.os.RuntimeInit$MethodAndArgsCaller.run(RuntimeInit.java:493)

06-19 12:04:43.733  5125  5125 I LSPosed-Bridge: 	at com.android.internal.os.ZygoteInit.main(ZygoteInit.java:858)

06-19 12:04:47.488  5125  5125 W HiAdSDK.f1:  toObject JSONException

06-19 12:04:47.488  5125 14615 I LSPosed-Bridge: 5125 PermLabel 10124 ContextImpl.checkPermission: pid = 5125; uid = 10124; permName: android.permission.ACCESS_COARSE_LOCATION; type = 1; res = 0; stacktrace=java.lang.Exception

06-19 12:04:47.488  5125 14615 I LSPosed-Bridge: 	at com.example.permlabel.requestPerm$2.afterHookedMethod(requestPerm.java:204)

06-19 12:04:47.488  5125 14615 I LSPosed-Bridge: 	at de.robv.android.xposed.XposedBridge$AdditionalHookInfo.callback(Unknown Source:147)

06-19 12:04:47.488  5125 14615 I LSPosed-Bridge: 	at LSPHooker_.checkPermission(Unknown Source:25)

06-19 12:04:47.488  5125 14615 I LSPosed-Bridge: 	at android.content.ContextWrapper.checkPermission(ContextWrapper.java:738)

06-19 12:04:47.488  5125 14615 I LSPosed-Bridge: 	at p3.l.a(Unknown Source:2)

06-19 12:04:47.488  5125 14615 I LSPosed-Bridge: 	at p3.l.b(Unknown Source:23)

06-19 12:04:47.488  5125 14615 I LSPosed-Bridge: 	at p3.d.u(Unknown Source:44)

06-19 12:04:47.488  5125 14615 I LSPosed-Bridge: 	at p3.d.j(Unknown Source:16)

06-19 12:04:47.488  5125 14615 I LSPosed-Bridge: 	at p3.d.k(Unknown Source:1)

06-19 12:04:47.488  5125 14615 I LSPosed-Bridge: 	at p3.d.e(Unknown Source:1)

06-19 12:04:47.488  5125 14615 I LSPosed-Bridge: 	at p3.d$a.run(Unknown Source:3)

06-19 12:04:47.488  5125 14615 I LSPosed-Bridge: 	at p3.b0.run(Unknown Source:6)

06-19 12:04:47.488  5125 14615 I LSPosed-Bridge: 	at java.util.concurrent.ThreadPoolExecutor.runWorker(ThreadPoolExecutor.java:1167)

06-19 12:04:47.488  5125 14615 I LSPosed-Bridge: 	at java.util.concurrent.ThreadPoolExecutor$Worker.run(ThreadPoolExecutor.java:641)

06-19 12:04:47.488  5125 14615 I LSPosed-Bridge: 	at java.lang.Thread.run(Thread.java:764)

06-19 12:04:47.488  5125  5125 W HiAdSDK.AdSlotParam:  contentBundle info is empty or not json string

06-19 12:04:47.488  5125 14615 I HiAdSDK.LocationUtils:  loc_tag sendAsyncLocationByNative failed because switch is off

06-19 12:04:47.488  5125  5125 I HiAdSDK.LocationUtils:  loc_tag media allow: true

06-19 12:04:47.488  5125  5125 I HiAdSDK.LocationUtils:  loc_tag isGpsSwitchOpen locationMode is 3

06-19 12:04:47.492  5125  5125 I LSPosed-Bridge: 5125 PermLabel 10124 ContextImpl.checkPermission: pid = 5125; uid = 10124; permName: android.permission.ACCESS_COARSE_LOCATION; type = 1; res = 0; stacktrace=java.lang.Exception

06-19 12:04:47.492  5125  5125 I LSPosed-Bridge: 	at com.example.permlabel.requestPerm$2.afterHookedMethod(requestPerm.java:204)

06-19 12:04:47.492  5125  5125 I LSPosed-Bridge: 	at de.robv.android.xposed.XposedBridge$AdditionalHookInfo.callback(Unknown Source:147)

06-19 12:04:47.492  5125  5125 I LSPosed-Bridge: 	at LSPHooker_.checkPermission(Unknown Source:25)

06-19 12:04:47.492  5125  5125 I LSPosed-Bridge: 	at android.content.ContextWrapper.checkPermission(ContextWrapper.java:738)

06-19 12:04:47.492  5125  5125 I LSPosed-Bridge: 	at p3.l.a(Unknown Source:2)

06-19 12:04:47.492  5125  5125 I LSPosed-Bridge: 	at p3.l.b(Unknown Source:23)

06-19 12:04:47.492  5125  5125 I LSPosed-Bridge: 	at p3.d.u(Unknown Source:44)

06-19 12:04:47.492  5125  5125 I LSPosed-Bridge: 	at p3.d.j(Unknown Source:16)

06-19 12:04:47.492  5125  5125 I LSPosed-Bridge: 	at p3.d.k(Unknown Source:1)

06-19 12:04:47.492  5125  5125 I LSPosed-Bridge: 	at p3.d.c(Unknown Source:22)

06-19 12:04:47.492  5125  5125 I LSPosed-Bridge: 	at com.huawei.hms.ads.kr.Code(Unknown Source:5)

06-19 12:04:47.492  5125  5125 I LSPosed-Bridge: 	at j3.j.h(Unknown Source:217)

06-19 12:04:47.492  5125  5125 I LSPosed-Bridge: 	at com.huawei.hms.ads.reward.RewardAd.loadAd(Unknown Source:1)

06-19 12:04:47.492  5125  5125 I LSPosed-Bridge: 	at x4.b.g(AdRewarded.kt:29)

06-19 12:04:47.492  5125  5125 I LSPosed-Bridge: 	at x4.b.j(AdRewarded.kt:40)

06-19 12:04:47.492  5125  5125 I LSPosed-Bridge: 	at w4.a.p(ActivitySettingsRewarded.kt:23)

06-19 12:04:47.492  5125  5125 I LSPosed-Bridge: 	at w4.d.e(ActivitySettingsRewarded.kt:16)

06-19 12:04:47.492  5125  5125 I LSPosed-Bridge: 	at androidx.preference.Preference.h0(Preference.java:40)

06-19 12:04:47.492  5125  5125 I LSPosed-Bridge: 	at androidx.preference.Preference.i0(Preference.java:1)

06-19 12:04:47.492  5125  5125 I LSPosed-Bridge: 	at androidx.preference.Preference$a.onClick(Preference.java:3)

06-19 12:04:47.492  5125  5125 I LSPosed-Bridge: 	at android.view.View.performClick(View.java:6597)

06-19 12:04:47.492  5125  5125 I LSPosed-Bridge: 	at android.view.View.performClickInternal(View.java:6574)

06-19 12:04:47.492  5125  5125 I LSPosed-Bridge: 	at android.view.View.access$3100(View.java:778)

06-19 12:04:47.492  5125  5125 I LSPosed-Bridge: 	at android.view.View$PerformClick.run(View.java:25889)

06-19 12:04:47.492  5125  5125 I LSPosed-Bridge: 	at android.os.Handler.handleCallback(Handler.java:873)

06-19 12:04:47.492  5125  5125 I LSPosed-Bridge: 	at android.os.Handler.dispatchMessage(Handler.java:99)

06-19 12:04:47.492  5125  5125 I LSPosed-Bridge: 	at android.os.Looper.loop(Looper.java:193)

06-19 12:04:47.492  5125  5125 I LSPosed-Bridge: 	at android.app.ActivityThread.main(ActivityThread.java:6692)

06-19 12:04:47.492  5125  5125 I LSPosed-Bridge: 	at java.lang.reflect.Method.invoke(Native Method)

06-19 12:04:47.492  5125  5125 I LSPosed-Bridge: 	at com.android.internal.os.RuntimeInit$MethodAndArgsCaller.run(RuntimeInit.java:493)

06-19 12:04:47.492  5125  5125 I LSPosed-Bridge: 	at com.android.internal.os.ZygoteInit.main(ZygoteInit.java:858)

06-19 12:04:47.492  5125  5125 I HiAdSDK.LocationUtils:  loc_tag isLocationAvailable = false, return null

06-19 12:05:18.261   558   558 I ConfigStore: android::hardware::configstore::V1_0::ISurfaceFlingerConfigs::hasHDRDisplay retrieved: 0

06-19 12:05:18.261  5125  5125 I LSPosed-Bridge: 5125 PermLabel 10124 ContextImpl.checkPermission: pid = 5125; uid = 10124; permName: android.permission.ACCESS_COARSE_LOCATION; type = 1; res = 0; stacktrace=java.lang.Exception

06-19 12:05:18.261  5125  5125 I LSPosed-Bridge: 	at com.example.permlabel.requestPerm$2.afterHookedMethod(requestPerm.java:204)

06-19 12:05:18.261  5125  5125 I LSPosed-Bridge: 	at de.robv.android.xposed.XposedBridge$AdditionalHookInfo.callback(Unknown Source:147)

06-19 12:05:18.261  5125  5125 I LSPosed-Bridge: 	at LSPHooker_.checkPermission(Unknown Source:25)

06-19 12:05:18.261  5125  5125 I LSPosed-Bridge: 	at android.content.ContextWrapper.checkPermission(ContextWrapper.java:738)

06-19 12:05:18.261  5125  5125 I LSPosed-Bridge: 	at p3.l.a(Unknown Source:2)

06-19 12:05:18.261  5125  5125 I LSPosed-Bridge: 	at p3.l.b(Unknown Source:23)

06-19 12:05:18.261  5125  5125 I LSPosed-Bridge: 	at p3.d.u(Unknown Source:44)

06-19 12:05:18.261  5125  5125 I LSPosed-Bridge: 	at p3.d.j(Unknown Source:16)

06-19 12:05:18.261  5125  5125 I LSPosed-Bridge: 	at p3.d.k(Unknown Source:1)

06-19 12:05:18.261  5125  5125 I LSPosed-Bridge: 	at p3.d.c(Unknown Source:22)

06-19 12:05:18.261  5125  5125 I LSPosed-Bridge: 	at com.huawei.hms.ads.kr.Code(Unknown Source:5)

06-19 12:05:18.261  5125  5125 I LSPosed-Bridge: 	at j3.j.h(Unknown Source:217)

06-19 12:05:18.261  5125  5125 I LSPosed-Bridge: 	at com.huawei.hms.ads.reward.RewardAd.loadAd(Unknown Source:1)

06-19 12:05:18.261  5125  5125 I LSPosed-Bridge: 	at x4.b.g(AdRewarded.kt:29)

06-19 12:05:18.261  5125  5125 I LSPosed-Bridge: 	at x4.b.j(AdRewarded.kt:40)

06-19 12:05:18.261  5125  5125 I LSPosed-Bridge: 	at w4.a.p(ActivitySettingsRewarded.kt:23)

06-19 12:05:18.261  5125  5125 I LSPosed-Bridge: 	at w4.d.e(ActivitySettingsRewarded.kt:16)

06-19 12:05:18.261  5125  5125 I LSPosed-Bridge: 	at androidx.preference.Preference.h0(Preference.java:40)

06-19 12:05:18.261  5125  5125 I LSPosed-Bridge: 	at androidx.preference.Preference.i0(Preference.java:1)

06-19 12:05:18.261  5125  5125 I LSPosed-Bridge: 	at androidx.preference.Preference$a.onClick(Preference.java:3)

06-19 12:05:18.261  5125  5125 I LSPosed-Bridge: 	at android.view.View.performClick(View.java:6597)

06-19 12:05:18.261  5125  5125 I LSPosed-Bridge: 	at android.view.View.performClickInternal(View.java:6574)

06-19 12:05:18.261  5125  5125 I LSPosed-Bridge: 	at android.view.View.access$3100(View.java:778)

06-19 12:05:18.261  5125  5125 I LSPosed-Bridge: 	at android.view.View$PerformClick.run(View.java:25889)

06-19 12:05:18.261  5125  5125 I LSPosed-Bridge: 	at android.os.Handler.handleCallback(Handler.java:873)

06-19 12:05:18.261  5125  5125 I LSPosed-Bridge: 	at android.os.Handler.dispatchMessage(Handler.java:99)

06-19 12:05:18.261  5125  5125 I LSPosed-Bridge: 	at android.os.Looper.loop(Looper.java:193)

06-19 12:05:18.261  5125  5125 I LSPosed-Bridge: 	at android.app.ActivityThread.main(ActivityThread.java:6692)

06-19 12:05:18.261  5125  5125 I LSPosed-Bridge: 	at java.lang.reflect.Method.invoke(Native Method)

06-19 12:05:18.261  5125  5125 I LSPosed-Bridge: 	at com.android.internal.os.RuntimeInit$MethodAndArgsCaller.run(RuntimeInit.java:493)

06-19 12:05:18.261  5125  5125 I LSPosed-Bridge: 	at com.android.internal.os.ZygoteInit.main(ZygoteInit.java:858)

06-19 12:05:18.263  5125 14616 I LSPosed-Bridge: 5125 PermLabel 10124 ContextImpl.checkPermission: pid = 5125; uid = 10124; permName: android.permission.ACCESS_COARSE_LOCATION; type = 1; res = 0; stacktrace=java.lang.Exception

06-19 12:05:18.263  5125 14616 I LSPosed-Bridge: 	at com.example.permlabel.requestPerm$2.afterHookedMethod(requestPerm.java:204)

06-19 12:05:18.263  5125 14616 I LSPosed-Bridge: 	at de.robv.android.xposed.XposedBridge$AdditionalHookInfo.callback(Unknown Source:147)

06-19 12:05:18.263  5125 14616 I LSPosed-Bridge: 	at LSPHooker_.checkPermission(Unknown Source:25)

06-19 12:05:18.263  5125 14616 I LSPosed-Bridge: 	at android.content.ContextWrapper.checkPermission(ContextWrapper.java:738)

06-19 12:05:18.263  5125 14616 I LSPosed-Bridge: 	at p3.l.a(Unknown Source:2)

06-19 12:05:18.263  5125 14616 I LSPosed-Bridge: 	at p3.l.b(Unknown Source:23)

06-19 12:05:18.263  5125 14616 I LSPosed-Bridge: 	at p3.d.u(Unknown Source:44)

06-19 12:05:18.263  5125 14616 I LSPosed-Bridge: 	at p3.d.j(Unknown Source:16)

06-19 12:05:18.263  5125 14616 I LSPosed-Bridge: 	at p3.d.k(Unknown Source:1)

06-19 12:05:18.263  5125 14616 I LSPosed-Bridge: 	at p3.d.e(Unknown Source:1)

06-19 12:05:18.263  5125 14616 I LSPosed-Bridge: 	at p3.d$a.run(Unknown Source:3)

06-19 12:05:18.263  5125 14616 I LSPosed-Bridge: 	at p3.b0.run(Unknown Source:6)

06-19 12:05:18.263  5125 14616 I LSPosed-Bridge: 	at java.util.concurrent.ThreadPoolExecutor.runWorker(ThreadPoolExecutor.java:1167)

06-19 12:05:18.263  5125 14616 I LSPosed-Bridge: 	at java.util.concurrent.ThreadPoolExecutor$Worker.run(ThreadPoolExecutor.java:641)

06-19 12:05:18.263  5125 14616 I LSPosed-Bridge: 	at java.lang.Thread.run(Thread.java:764)

06-19 12:05:18.263  5125 14616 I HiAdSDK.LocationUtils:  loc_tag sendAsyncLocationByNative failed because switch is off

06-19 12:05:21.863  5125 14620 I LSPosed-Bridge: 5125 PermLabel 10124 ContextImpl.checkPermission: pid = 5125; uid = 10124; permName: android.permission.ACCESS_COARSE_LOCATION; type = 1; res = 0; stacktrace=java.lang.Exception

06-19 12:05:21.863  5125 14620 I LSPosed-Bridge: 	at com.example.permlabel.requestPerm$2.afterHookedMethod(requestPerm.java:204)

06-19 12:05:21.863  5125 14620 I LSPosed-Bridge: 	at de.robv.android.xposed.XposedBridge$AdditionalHookInfo.callback(Unknown Source:147)

06-19 12:05:21.863  5125 14620 I LSPosed-Bridge: 	at LSPHooker_.checkPermission(Unknown Source:25)

06-19 12:05:21.863  5125 14620 I LSPosed-Bridge: 	at android.content.ContextWrapper.checkPermission(ContextWrapper.java:738)

06-19 12:05:21.863  5125 14620 I LSPosed-Bridge: 	at p3.l.a(Unknown Source:2)

06-19 12:05:21.863  5125 14620 I LSPosed-Bridge: 	at p3.l.b(Unknown Source:23)

06-19 12:05:21.863  5125 14620 I LSPosed-Bridge: 	at p3.d.u(Unknown Source:44)

06-19 12:05:21.863  5125 14620 I LSPosed-Bridge: 	at p3.d.j(Unknown Source:16)

06-19 12:05:21.863  5125 14620 I LSPosed-Bridge: 	at p3.d.k(Unknown Source:1)

06-19 12:05:21.863  5125 14620 I LSPosed-Bridge: 	at p3.d.e(Unknown Source:1)

06-19 12:05:21.863  5125 14620 I LSPosed-Bridge: 	at p3.d$a.run(Unknown Source:3)

06-19 12:05:21.863  5125 14620 I LSPosed-Bridge: 	at p3.b0.run(Unknown Source:6)

06-19 12:05:21.863  5125 14620 I LSPosed-Bridge: 	at java.util.concurrent.ThreadPoolExecutor.runWorker(ThreadPoolExecutor.java:1167)

06-19 12:05:21.863  5125 14620 I LSPosed-Bridge: 	at java.util.concurrent.ThreadPoolExecutor$Worker.run(ThreadPoolExecutor.java:641)

06-19 12:05:21.863  5125 14620 I LSPosed-Bridge: 	at java.lang.Thread.run(Thread.java:764)

06-19 12:05:21.863  5125 14620 I HiAdSDK.LocationUtils:  loc_tag sendAsyncLocationByNative failed because switch is off

06-19 12:05:21.871  5125  5125 I LSPosed-Bridge: 5125 PermLabel 10124 ContextImpl.checkPermission: pid = 5125; uid = 10124; permName: android.permission.ACCESS_COARSE_LOCATION; type = 1; res = 0; stacktrace=java.lang.Exception

06-19 12:05:21.871  5125  5125 I LSPosed-Bridge: 	at com.example.permlabel.requestPerm$2.afterHookedMethod(requestPerm.java:204)

06-19 12:05:21.871  5125  5125 I LSPosed-Bridge: 	at de.robv.android.xposed.XposedBridge$AdditionalHookInfo.callback(Unknown Source:147)

06-19 12:05:21.871  5125  5125 I LSPosed-Bridge: 	at LSPHooker_.checkPermission(Unknown Source:25)

06-19 12:05:21.871  5125  5125 I LSPosed-Bridge: 	at android.content.ContextWrapper.checkPermission(ContextWrapper.java:738)

06-19 12:05:21.871  5125  5125 I LSPosed-Bridge: 	at p3.l.a(Unknown Source:2)

06-19 12:05:21.871  5125  5125 I LSPosed-Bridge: 	at p3.l.b(Unknown Source:23)

06-19 12:05:21.871  5125  5125 I LSPosed-Bridge: 	at p3.d.u(Unknown Source:44)

06-19 12:05:21.871  5125  5125 I LSPosed-Bridge: 	at p3.d.j(Unknown Source:16)

06-19 12:05:21.871  5125  5125 I LSPosed-Bridge: 	at p3.d.k(Unknown Source:1)

06-19 12:05:21.871  5125  5125 I LSPosed-Bridge: 	at p3.d.c(Unknown Source:22)

06-19 12:05:21.871  5125  5125 I LSPosed-Bridge: 	at com.huawei.hms.ads.kr.Code(Unknown Source:5)

06-19 12:05:21.871  5125  5125 I LSPosed-Bridge: 	at j3.j.h(Unknown Source:217)

06-19 12:05:21.871  5125  5125 I LSPosed-Bridge: 	at com.huawei.hms.ads.reward.RewardAd.loadAd(Unknown Source:1)

06-19 12:05:21.871  5125  5125 I LSPosed-Bridge: 	at x4.b.g(AdRewarded.kt:29)

06-19 12:05:21.871  5125  5125 I LSPosed-Bridge: 	at x4.b.j(AdRewarded.kt:40)

06-19 12:05:21.871  5125  5125 I LSPosed-Bridge: 	at w4.a.p(ActivitySettingsRewarded.kt:23)

06-19 12:05:21.871  5125  5125 I LSPosed-Bridge: 	at w4.d.e(ActivitySettingsRewarded.kt:16)

06-19 12:05:21.871  5125  5125 I LSPosed-Bridge: 	at androidx.preference.Preference.h0(Preference.java:40)

06-19 12:05:21.871  5125  5125 I LSPosed-Bridge: 	at androidx.preference.Preference.i0(Preference.java:1)

06-19 12:05:21.871  5125  5125 I LSPosed-Bridge: 	at androidx.preference.Preference$a.onClick(Preference.java:3)

06-19 12:05:21.871  5125  5125 I LSPosed-Bridge: 	at android.view.View.performClick(View.java:6597)

06-19 12:05:21.871  5125  5125 I LSPosed-Bridge: 	at android.view.View.performClickInternal(View.java:6574)

06-19 12:05:21.871  5125  5125 I LSPosed-Bridge: 	at android.view.View.access$3100(View.java:778)

06-19 12:05:21.871  5125  5125 I LSPosed-Bridge: 	at android.view.View$PerformClick.run(View.java:25889)

06-19 12:05:21.871  5125  5125 I LSPosed-Bridge: 	at android.os.Handler.handleCallback(Handler.java:873)

06-19 12:05:21.871  5125  5125 I LSPosed-Bridge: 	at android.os.Handler.dispatchMessage(Handler.java:99)

06-19 12:05:21.871  5125  5125 I LSPosed-Bridge: 	at android.os.Looper.loop(Looper.java:193)

06-19 12:05:21.871  5125  5125 I LSPosed-Bridge: 	at android.app.ActivityThread.main(ActivityThread.java:6692)

06-19 12:05:21.871  5125  5125 I LSPosed-Bridge: 	at java.lang.reflect.Method.invoke(Native Method)

06-19 12:05:21.871  5125  5125 I LSPosed-Bridge: 	at com.android.internal.os.RuntimeInit$MethodAndArgsCaller.run(RuntimeInit.java:493)

06-19 12:05:21.871  5125  5125 I LSPosed-Bridge: 	at com.android.internal.os.ZygoteInit.main(ZygoteInit.java:858)

06-19 12:05:25.594  5125 14615 I LSPosed-Bridge: 5125 PermLabel 10124 ContextImpl.checkPermission: pid = 5125; uid = 10124; permName: android.permission.ACCESS_COARSE_LOCATION; type = 1; res = 0; stacktrace=java.lang.Exception

06-19 12:05:25.594  5125 14615 I LSPosed-Bridge: 	at com.example.permlabel.requestPerm$2.afterHookedMethod(requestPerm.java:204)

06-19 12:05:25.594  5125 14615 I LSPosed-Bridge: 	at de.robv.android.xposed.XposedBridge$AdditionalHookInfo.callback(Unknown Source:147)

06-19 12:05:25.594  5125 14615 I LSPosed-Bridge: 	at LSPHooker_.checkPermission(Unknown Source:25)

06-19 12:05:25.594  5125 14615 I LSPosed-Bridge: 	at android.content.ContextWrapper.checkPermission(ContextWrapper.java:738)

06-19 12:05:25.594  5125 14615 I LSPosed-Bridge: 	at p3.l.a(Unknown Source:2)

06-19 12:05:25.594  5125 14615 I LSPosed-Bridge: 	at p3.l.b(Unknown Source:23)

06-19 12:05:25.594  5125 14615 I LSPosed-Bridge: 	at p3.d.u(Unknown Source:44)

06-19 12:05:25.594  5125 14615 I LSPosed-Bridge: 	at p3.d.j(Unknown Source:16)

06-19 12:05:25.594  5125 14615 I LSPosed-Bridge: 	at p3.d.k(Unknown Source:1)

06-19 12:05:25.594  5125 14615 I LSPosed-Bridge: 	at p3.d.e(Unknown Source:1)

06-19 12:05:25.594  5125 14615 I LSPosed-Bridge: 	at p3.d$a.run(Unknown Source:3)

06-19 12:05:25.594  5125 14615 I LSPosed-Bridge: 	at p3.b0.run(Unknown Source:6)

06-19 12:05:25.594  5125 14615 I LSPosed-Bridge: 	at java.util.concurrent.ThreadPoolExecutor.runWorker(ThreadPoolExecutor.java:1167)

06-19 12:05:25.594  5125 14615 I LSPosed-Bridge: 	at java.util.concurrent.ThreadPoolExecutor$Worker.run(ThreadPoolExecutor.java:641)

06-19 12:05:25.594  5125 14615 I LSPosed-Bridge: 	at java.lang.Thread.run(Thread.java:764)

06-19 12:05:25.594  5125 14615 I HiAdSDK.LocationUtils:  loc_tag sendAsyncLocationByNative failed because switch is off

06-19 12:05:25.598  5125  5125 I LSPosed-Bridge: 5125 PermLabel 10124 ContextImpl.checkPermission: pid = 5125; uid = 10124; permName: android.permission.ACCESS_COARSE_LOCATION; type = 1; res = 0; stacktrace=java.lang.Exception

06-19 12:05:25.598  5125  5125 I LSPosed-Bridge: 	at com.example.permlabel.requestPerm$2.afterHookedMethod(requestPerm.java:204)

06-19 12:05:25.598  5125  5125 I LSPosed-Bridge: 	at de.robv.android.xposed.XposedBridge$AdditionalHookInfo.callback(Unknown Source:147)

06-19 12:05:25.598  5125  5125 I LSPosed-Bridge: 	at LSPHooker_.checkPermission(Unknown Source:25)

06-19 12:05:25.598  5125  5125 I LSPosed-Bridge: 	at android.content.ContextWrapper.checkPermission(ContextWrapper.java:738)

06-19 12:05:25.598  5125  5125 I LSPosed-Bridge: 	at p3.l.a(Unknown Source:2)

06-19 12:05:25.598  5125  5125 I LSPosed-Bridge: 	at p3.l.b(Unknown Source:23)

06-19 12:05:25.598  5125  5125 I LSPosed-Bridge: 	at p3.d.u(Unknown Source:44)

06-19 12:05:25.598  5125  5125 I LSPosed-Bridge: 	at p3.d.j(Unknown Source:16)

06-19 12:05:25.598  5125  5125 I LSPosed-Bridge: 	at p3.d.k(Unknown Source:1)

06-19 12:05:25.598  5125  5125 I LSPosed-Bridge: 	at p3.d.c(Unknown Source:22)

06-19 12:05:25.598  5125  5125 I LSPosed-Bridge: 	at com.huawei.hms.ads.kr.Code(Unknown Source:5)

06-19 12:05:25.598  5125  5125 I LSPosed-Bridge: 	at j3.j.h(Unknown Source:217)

06-19 12:05:25.598  5125  5125 I LSPosed-Bridge: 	at com.huawei.hms.ads.reward.RewardAd.loadAd(Unknown Source:1)

06-19 12:05:25.598  5125  5125 I LSPosed-Bridge: 	at x4.b.g(AdRewarded.kt:29)

06-19 12:05:25.598  5125  5125 I LSPosed-Bridge: 	at x4.b.j(AdRewarded.kt:40)

06-19 12:05:25.598  5125  5125 I LSPosed-Bridge: 	at w4.a.p(ActivitySettingsRewarded.kt:23)

06-19 12:05:25.598  5125  5125 I LSPosed-Bridge: 	at w4.d.e(ActivitySettingsRewarded.kt:16)

06-19 12:05:25.598  5125  5125 I LSPosed-Bridge: 	at androidx.preference.Preference.h0(Preference.java:40)

06-19 12:05:25.598  5125  5125 I LSPosed-Bridge: 	at androidx.preference.Preference.i0(Preference.java:1)

06-19 12:05:25.598  5125  5125 I LSPosed-Bridge: 	at androidx.preference.Preference$a.onClick(Preference.java:3)

06-19 12:05:25.598  5125  5125 I LSPosed-Bridge: 	at android.view.View.performClick(View.java:6597)

06-19 12:05:25.598  5125  5125 I LSPosed-Bridge: 	at android.view.View.performClickInternal(View.java:6574)

06-19 12:05:25.598  5125  5125 I LSPosed-Bridge: 	at android.view.View.access$3100(View.java:778)

06-19 12:05:25.598  5125  5125 I LSPosed-Bridge: 	at android.view.View$PerformClick.run(View.java:25889)

06-19 12:05:25.598  5125  5125 I LSPosed-Bridge: 	at android.os.Handler.handleCallback(Handler.java:873)

06-19 12:05:25.598  5125  5125 I LSPosed-Bridge: 	at android.os.Handler.dispatchMessage(Handler.java:99)

06-19 12:05:25.598  5125  5125 I LSPosed-Bridge: 	at android.os.Looper.loop(Looper.java:193)

06-19 12:05:25.598  5125  5125 I LSPosed-Bridge: 	at android.app.ActivityThread.main(ActivityThread.java:6692)

06-19 12:05:25.598  5125  5125 I LSPosed-Bridge: 	at java.lang.reflect.Method.invoke(Native Method)

06-19 12:05:25.598  5125  5125 I LSPosed-Bridge: 	at com.android.internal.os.RuntimeInit$MethodAndArgsCaller.run(RuntimeInit.java:493)

06-19 12:05:25.598  5125  5125 I LSPosed-Bridge: 	at com.android.internal.os.ZygoteInit.main(ZygoteInit.java:858)

06-19 12:05:25.598  5125  5125 I HiAdSDK.LocationUtils:  loc_tag isLocationAvailable = false, return null

06-19 12:06:48.823   558   558 I ConfigStore: android::hardware::configstore::V1_0::ISurfaceFlingerConfigs::hasHDRDisplay retrieved: 0

06-19 12:06:48.823  5125  5125 I LSPosed-Bridge: 5125 PermLabel 10124 ContextImpl.checkPermission: pid = 5125; uid = 10124; permName: android.permission.ACCESS_COARSE_LOCATION; type = 1; res = 0; stacktrace=java.lang.Exception

06-19 12:06:48.823  5125  5125 I LSPosed-Bridge: 	at com.example.permlabel.requestPerm$2.afterHookedMethod(requestPerm.java:204)

06-19 12:06:48.823  5125  5125 I LSPosed-Bridge: 	at de.robv.android.xposed.XposedBridge$AdditionalHookInfo.callback(Unknown Source:147)

06-19 12:06:48.823  5125  5125 I LSPosed-Bridge: 	at LSPHooker_.checkPermission(Unknown Source:25)

06-19 12:06:48.823  5125  5125 I LSPosed-Bridge: 	at android.content.ContextWrapper.checkPermission(ContextWrapper.java:738)

06-19 12:06:48.823  5125  5125 I LSPosed-Bridge: 	at android.content.ContextWrapper.checkPermission(ContextWrapper.java:738)

06-19 12:06:48.823  5125  5125 I LSPosed-Bridge: 	at androidx.core.content.a.a(ContextCompat.java:42)

06-19 12:06:48.823  5125  5125 I LSPosed-Bridge: 	at org.nixgame.compass.sensors.SensorLocation$a.a(SensorLocation.kt:22)

06-19 12:06:48.823  5125  5125 I LSPosed-Bridge: 	at org.nixgame.compass.activity.ActivityMainCommon.onCreate(ActivityMainCommon.kt:12)

06-19 12:06:48.823  5125  5125 I LSPosed-Bridge: 	at org.nixgame.compass.activity.ActivityMain.onCreate(ActivityMain.kt:1)

