08-04 03:47:54.098  8137  8407 W System.err: 	... 7 more

08-04 03:47:54.237  9130  9273 I jweather:mjski: Background concurrent copying GC freed 57936(10MB) AllocSpace objects, 0(0B) LOS objects, 70% free, 4MB/16MB, paused 766us total 659.054ms

08-04 03:47:54.237  9130  9273 I jweather:mjski: Background concurrent copying GC freed 57936(10MB) AllocSpace objects, 0(0B) LOS objects, 70% free, 4MB/16MB, paused 766us total 659.054ms

08-04 03:47:54.237  9130  9273 I jweather:mjski: Background concurrent copying GC freed 57936(10MB) AllocSpace objects, 0(0B) LOS objects, 70% free, 4MB/16MB, paused 766us total 659.054ms

08-04 03:47:54.237  9130  9474 I LSPosed-Bridge: 9130 PermLabel hookBinder_test 10125 interfaceBinder =android.content.pm.IPackageManager; arg0 = 9; arg1 = android.os.Parcel@26a41da; arg2 = android.os.Parcel@d60bf85; arg3 = 0; res = true; stacktrace=java.lang.Exception

08-04 03:47:54.237  9130  9474 I LSPosed-Bridge: 9130 PermLabel hookBinder_test 10125 interfaceBinder =android.content.pm.IPackageManager; arg0 = 9; arg1 = android.os.Parcel@26a41da; arg2 = android.os.Parcel@d60bf85; arg3 = 0; res = true; stacktrace=java.lang.Exception

08-04 03:47:54.237  9130  9474 I LSPosed-Bridge: 9130 PermLabel hookBinder_test 10125 interfaceBinder =android.content.pm.IPackageManager; arg0 = 9; arg1 = android.os.Parcel@26a41da; arg2 = android.os.Parcel@d60bf85; arg3 = 0; res = true; stacktrace=java.lang.Exception

08-04 03:47:54.237  9130  9474 I LSPosed-Bridge: 	at com.example.permlabel.hookBinder_test$1.afterHookedMethod(hookBinder_test.java:64)

08-04 03:47:54.237  9130  9474 I LSPosed-Bridge: 	at com.example.permlabel.hookBinder_test$1.afterHookedMethod(hookBinder_test.java:64)

08-04 03:47:54.237  9130  9474 I LSPosed-Bridge: 	at com.example.permlabel.hookBinder_test$1.afterHookedMethod(hookBinder_test.java:64)

08-04 03:47:54.237  9130  9474 I LSPosed-Bridge: 	at de.robv.android.xposed.XposedBridge$AdditionalHookInfo.callback(Unknown Source:147)

08-04 03:47:54.237  9130  9474 I LSPosed-Bridge: 	at de.robv.android.xposed.XposedBridge$AdditionalHookInfo.callback(Unknown Source:147)

08-04 03:47:54.237  9130  9474 I LSPosed-Bridge: 	at de.robv.android.xposed.XposedBridge$AdditionalHookInfo.callback(Unknown Source:147)

08-04 03:47:54.237  9130  9474 I LSPosed-Bridge: 	at LSPHooker_.transact(Unknown Source:28)

08-04 03:47:54.237  9130  9474 I LSPosed-Bridge: 	at LSPHooker_.transact(Unknown Source:28)

08-04 03:47:54.237  9130  9474 I LSPosed-Bridge: 	at LSPHooker_.transact(Unknown Source:28)

08-04 03:47:54.237  9130  9474 I LSPosed-Bridge: 	at android.content.pm.IPackageManager$Stub$Proxy.getPermissionInfo(IPackageManager.java:3008)

08-04 03:47:54.237  9130  9474 I LSPosed-Bridge: 	at android.content.pm.IPackageManager$Stub$Proxy.getPermissionInfo(IPackageManager.java:3008)

08-04 03:47:54.237  9130  9474 I LSPosed-Bridge: 	at android.content.pm.IPackageManager$Stub$Proxy.getPermissionInfo(IPackageManager.java:3008)

08-04 03:47:54.237  9130  9474 I LSPosed-Bridge: 	at android.app.ApplicationPackageManager.getPermissionInfo(ApplicationPackageManager.java:306)

08-04 03:47:54.237  9130  9474 I LSPosed-Bridge: 	at android.app.ApplicationPackageManager.getPermissionInfo(ApplicationPackageManager.java:306)

08-04 03:47:54.237  9130  9474 I LSPosed-Bridge: 	at android.app.ApplicationPackageManager.getPermissionInfo(ApplicationPackageManager.java:306)

08-04 03:47:54.237  9130  9474 I LSPosed-Bridge: 	at com.example.permlabel.requestPerm$2.afterHookedMethod(requestPerm.java:185)

08-04 03:47:54.237  9130  9474 I LSPosed-Bridge: 	at com.example.permlabel.requestPerm$2.afterHookedMethod(requestPerm.java:185)

08-04 03:47:54.237  9130  9474 I LSPosed-Bridge: 	at com.example.permlabel.requestPerm$2.afterHookedMethod(requestPerm.java:185)

08-04 03:47:54.237  9130  9474 I LSPosed-Bridge: 	at de.robv.android.xposed.XposedBridge$AdditionalHookInfo.callback(Unknown Source:147)

08-04 03:47:54.237  9130  9474 I LSPosed-Bridge: 	at de.robv.android.xposed.XposedBridge$AdditionalHookInfo.callback(Unknown Source:147)

08-04 03:47:54.237  9130  9474 I LSPosed-Bridge: 	at de.robv.android.xposed.XposedBridge$AdditionalHookInfo.callback(Unknown Source:147)

08-04 03:47:54.237  9130  9474 I LSPosed-Bridge: 	at LSPHooker_.checkPermission(Unknown Source:25)

08-04 03:47:54.237  9130  9474 I LSPosed-Bridge: 	at LSPHooker_.checkPermission(Unknown Source:25)

08-04 03:47:54.237  9130  9474 I LSPosed-Bridge: 	at LSPHooker_.checkPermission(Unknown Source:25)

08-04 03:47:54.237  9130  9474 I LSPosed-Bridge: 	at android.content.ContextWrapper.checkPermission(ContextWrapper.java:738)

08-04 03:47:54.237  9130  9474 I LSPosed-Bridge: 	at android.content.ContextWrapper.checkPermission(ContextWrapper.java:738)

08-04 03:47:54.237  9130  9474 I LSPosed-Bridge: 	at android.content.ContextWrapper.checkPermission(ContextWrapper.java:738)

08-04 03:47:54.237  9130  9474 I LSPosed-Bridge: 	at android.content.ContextWrapper.checkPermission(ContextWrapper.java:738)

08-04 03:47:54.237  9130  9474 I LSPosed-Bridge: 	at android.content.ContextWrapper.checkPermission(ContextWrapper.java:738)

08-04 03:47:54.237  9130  9474 I LSPosed-Bridge: 	at android.content.ContextWrapper.checkPermission(ContextWrapper.java:738)

08-04 03:47:54.237  9130  9474 I LSPosed-Bridge: 	at androidx.core.content.ContextCompat.checkSelfPermission(SourceFile:1)

08-04 03:47:54.237  9130  9474 I LSPosed-Bridge: 	at androidx.core.content.ContextCompat.checkSelfPermission(SourceFile:1)

08-04 03:47:54.237  9130  9474 I LSPosed-Bridge: 	at androidx.core.content.ContextCompat.checkSelfPermission(SourceFile:1)

08-04 03:47:54.237  9130  9474 I LSPosed-Bridge: 	at com.moji.tool.permission.EasyPermissions.hasPermissions(SourceFile:5)

08-04 03:47:54.237  9130  9474 I LSPosed-Bridge: 	at com.moji.tool.permission.EasyPermissions.hasPermissions(SourceFile:5)

08-04 03:47:54.237  9130  9474 I LSPosed-Bridge: 	at com.moji.tool.permission.EasyPermissions.hasPermissions(SourceFile:5)

08-04 03:47:54.237  9130  9474 I LSPosed-Bridge: 	at com.moji.tool.DeviceTool.getIMEIOnLaunchOrGranted(SourceFile:3)

08-04 03:47:54.237  9130  9474 I LSPosed-Bridge: 	at com.moji.tool.DeviceTool.getIMEIOnLaunchOrGranted(SourceFile:3)

08-04 03:47:54.237  9130  9474 I LSPosed-Bridge: 	at com.moji.tool.DeviceTool.getIMEIOnLaunchOrGranted(SourceFile:3)

08-04 03:47:54.237  9130  9474 I LSPosed-Bridge: 	at com.moji.tool.DeviceTool.privacyAuthority(SourceFile:2)

08-04 03:47:54.237  9130  9474 I LSPosed-Bridge: 	at com.moji.tool.DeviceTool.privacyAuthority(SourceFile:2)

08-04 03:47:54.237  9130  9474 I LSPosed-Bridge: 	at com.moji.tool.DeviceTool.privacyAuthority(SourceFile:2)

08-04 03:47:54.237  9130  9474 I LSPosed-Bridge: 	at com.moji.mjweather.MJApplication.initCommParams(SourceFile:11)

08-04 03:47:54.237  9130  9474 I LSPosed-Bridge: 	at com.moji.mjweather.MJApplication.initCommParams(SourceFile:11)

08-04 03:47:54.237  9130  9474 I LSPosed-Bridge: 	at com.moji.mjweather.MJApplication.initCommParams(SourceFile:11)

08-04 03:47:54.237  9130  9474 I LSPosed-Bridge: 	at com.moji.mjweather.MJApplication$3.run(SourceFile:2)

08-04 03:47:54.237  9130  9474 I LSPosed-Bridge: 	at com.moji.mjweather.MJApplication$3.run(SourceFile:2)

08-04 03:47:54.237  9130  9474 I LSPosed-Bridge: 	at com.moji.mjweather.MJApplication$3.run(SourceFile:2)

08-04 03:47:54.237  9130  9474 I LSPosed-Bridge: 	at java.util.concurrent.ThreadPoolExecutor.runWorker(ThreadPoolExecutor.java:1167)

08-04 03:47:54.237  9130  9474 I LSPosed-Bridge: 	at java.util.concurrent.ThreadPoolExecutor.runWorker(ThreadPoolExecutor.java:1167)

08-04 03:47:54.237  9130  9474 I LSPosed-Bridge: 	at java.util.concurrent.ThreadPoolExecutor.runWorker(ThreadPoolExecutor.java:1167)

08-04 03:47:54.237  9130  9474 I LSPosed-Bridge: 	at java.util.concurrent.ThreadPoolExecutor$Worker.run(ThreadPoolExecutor.java:641)

08-04 03:47:54.237  9130  9474 I LSPosed-Bridge: 	at java.util.concurrent.ThreadPoolExecutor$Worker.run(ThreadPoolExecutor.java:641)

08-04 03:47:54.237  9130  9474 I LSPosed-Bridge: 	at java.util.concurrent.ThreadPoolExecutor$Worker.run(ThreadPoolExecutor.java:641)

08-04 03:47:54.237  9130  9474 I LSPosed-Bridge: 	at java.lang.Thread.run(Thread.java:764)

08-04 03:47:54.237  9130  9474 I LSPosed-Bridge: 	at java.lang.Thread.run(Thread.java:764)

08-04 03:47:54.237  9130  9474 I LSPosed-Bridge: 	at java.lang.Thread.run(Thread.java:764)

08-04 03:47:54.237  2708  2843 I Pay     : Getting wallet migration task [CONTEXT service_id=198 ]

08-04 03:47:54.237  2708  2843 I Pay     : Getting wallet migration task [CONTEXT service_id=198 ]

08-04 03:47:54.237  2708  2843 I Pay     : Getting wallet migration task [CONTEXT service_id=198 ]

08-04 03:47:54.237  9130  9474 I LSPosed-Bridge: 9130 PermLabel 10125 ContextImpl Binder.getCallingPid() = 9130; Binder.getCallingUid() = 10125; permName: android.permission.READ_PHONE_STATE; res = -1; stacktrace=java.lang.Exception

08-04 03:47:54.237  9130  9474 I LSPosed-Bridge: 9130 PermLabel 10125 ContextImpl Binder.getCallingPid() = 9130; Binder.getCallingUid() = 10125; permName: android.permission.READ_PHONE_STATE; res = -1; stacktrace=java.lang.Exception

08-04 03:47:54.237  9130  9474 I LSPosed-Bridge: 9130 PermLabel 10125 ContextImpl Binder.getCallingPid() = 9130; Binder.getCallingUid() = 10125; permName: android.permission.READ_PHONE_STATE; res = -1; stacktrace=java.lang.Exception

08-04 03:47:54.237  9130  9474 I LSPosed-Bridge: 	at com.example.permlabel.requestPerm$2.afterHookedMethod(requestPerm.java:195)

08-04 03:47:54.237  9130  9474 I LSPosed-Bridge: 	at com.example.permlabel.requestPerm$2.afterHookedMethod(requestPerm.java:195)

08-04 03:47:54.237  9130  9474 I LSPosed-Bridge: 	at com.example.permlabel.requestPerm$2.afterHookedMethod(requestPerm.java:195)

08-04 03:47:54.237  9130  9474 I LSPosed-Bridge: 	at de.robv.android.xposed.XposedBridge$AdditionalHookInfo.callback(Unknown Source:147)

08-04 03:47:54.237  9130  9474 I LSPosed-Bridge: 	at de.robv.android.xposed.XposedBridge$AdditionalHookInfo.callback(Unknown Source:147)

08-04 03:47:54.237  9130  9474 I LSPosed-Bridge: 	at de.robv.android.xposed.XposedBridge$AdditionalHookInfo.callback(Unknown Source:147)

08-04 03:47:54.237  9130  9474 I LSPosed-Bridge: 	at LSPHooker_.checkPermission(Unknown Source:25)

08-04 03:47:54.237  9130  9474 I LSPosed-Bridge: 	at LSPHooker_.checkPermission(Unknown Source:25)

08-04 03:47:54.237  9130  9474 I LSPosed-Bridge: 	at LSPHooker_.checkPermission(Unknown Source:25)

08-04 03:47:54.237  9130  9474 I LSPosed-Bridge: 	at android.content.ContextWrapper.checkPermission(ContextWrapper.java:738)

08-04 03:47:54.237  9130  9474 I LSPosed-Bridge: 	at android.content.ContextWrapper.checkPermission(ContextWrapper.java:738)

08-04 03:47:54.237  9130  9474 I LSPosed-Bridge: 	at android.content.ContextWrapper.checkPermission(ContextWrapper.java:738)

08-04 03:47:54.237  9130  9474 I LSPosed-Bridge: 	at android.content.ContextWrapper.checkPermission(ContextWrapper.java:738)

08-04 03:47:54.237  9130  9474 I LSPosed-Bridge: 	at android.content.ContextWrapper.checkPermission(ContextWrapper.java:738)

08-04 03:47:54.237  9130  9474 I LSPosed-Bridge: 	at android.content.ContextWrapper.checkPermission(ContextWrapper.java:738)

08-04 03:47:54.237  9130  9474 I LSPosed-Bridge: 	at androidx.core.content.ContextCompat.checkSelfPermission(SourceFile:1)

08-04 03:47:54.237  9130  9474 I LSPosed-Bridge: 	at androidx.core.content.ContextCompat.checkSelfPermission(SourceFile:1)

08-04 03:47:54.237  9130  9474 I LSPosed-Bridge: 	at androidx.core.content.ContextCompat.checkSelfPermission(SourceFile:1)

08-04 03:47:54.237  9130  9474 I LSPosed-Bridge: 	at com.moji.tool.permission.EasyPermissions.hasPermissions(SourceFile:5)

08-04 03:47:54.237  9130  9474 I LSPosed-Bridge: 	at com.moji.tool.permission.EasyPermissions.hasPermissions(SourceFile:5)

08-04 03:47:54.237  9130  9474 I LSPosed-Bridge: 	at com.moji.tool.permission.EasyPermissions.hasPermissions(SourceFile:5)

08-04 03:47:54.237  9130  9474 I LSPosed-Bridge: 	at com.moji.tool.DeviceTool.getIMEIOnLaunchOrGranted(SourceFile:3)

08-04 03:47:54.237  9130  9474 I LSPosed-Bridge: 	at com.moji.tool.DeviceTool.getIMEIOnLaunchOrGranted(SourceFile:3)

08-04 03:47:54.237  9130  9474 I LSPosed-Bridge: 	at com.moji.tool.DeviceTool.getIMEIOnLaunchOrGranted(SourceFile:3)

08-04 03:47:54.237  9130  9474 I LSPosed-Bridge: 	at com.moji.tool.DeviceTool.privacyAuthority(SourceFile:2)

08-04 03:47:54.237  9130  9474 I LSPosed-Bridge: 	at com.moji.tool.DeviceTool.privacyAuthority(SourceFile:2)

08-04 03:47:54.237  9130  9474 I LSPosed-Bridge: 	at com.moji.tool.DeviceTool.privacyAuthority(SourceFile:2)

08-04 03:47:54.237  9130  9474 I LSPosed-Bridge: 	at com.moji.mjweather.MJApplication.initCommParams(SourceFile:11)

08-04 03:47:54.237  9130  9474 I LSPosed-Bridge: 	at com.moji.mjweather.MJApplication.initCommParams(SourceFile:11)

08-04 03:47:54.237  9130  9474 I LSPosed-Bridge: 	at com.moji.mjweather.MJApplication.initCommParams(SourceFile:11)

08-04 03:47:54.237  9130  9474 I LSPosed-Bridge: 	at com.moji.mjweather.MJApplication$3.run(SourceFile:2)

08-04 03:47:54.237  9130  9474 I LSPosed-Bridge: 	at com.moji.mjweather.MJApplication$3.run(SourceFile:2)

08-04 03:47:54.237  9130  9474 I LSPosed-Bridge: 	at com.moji.mjweather.MJApplication$3.run(SourceFile:2)

08-04 03:47:54.237  9130  9474 I LSPosed-Bridge: 	at java.util.concurrent.ThreadPoolExecutor.runWorker(ThreadPoolExecutor.java:1167)

08-04 03:47:54.237  9130  9474 I LSPosed-Bridge: 	at java.util.concurrent.ThreadPoolExecutor.runWorker(ThreadPoolExecutor.java:1167)

08-04 03:47:54.237  9130  9474 I LSPosed-Bridge: 	at java.util.concurrent.ThreadPoolExecutor.runWorker(ThreadPoolExecutor.java:1167)

08-04 03:47:54.237  9130  9474 I LSPosed-Bridge: 	at java.util.concurrent.ThreadPoolExecutor$Worker.run(ThreadPoolExecutor.java:641)

08-04 03:47:54.237  9130  9474 I LSPosed-Bridge: 	at java.util.concurrent.ThreadPoolExecutor$Worker.run(ThreadPoolExecutor.java:641)

08-04 03:47:54.237  9130  9474 I LSPosed-Bridge: 	at java.util.concurrent.ThreadPoolExecutor$Worker.run(ThreadPoolExecutor.java:641)

08-04 03:47:54.237  9130  9474 I LSPosed-Bridge: 	at java.lang.Thread.run(Thread.java:764)

08-04 03:47:54.237  9130  9474 I LSPosed-Bridge: 	at java.lang.Thread.run(Thread.java:764)

08-04 03:47:54.237  9130  9474 I LSPosed-Bridge: 	at java.lang.Thread.run(Thread.java:764)

08-04 03:47:54.237  9130  9474 I LSPosed-Bridge: 9130 PermLabel 10125 ContextImpl.checkPermission: askedperm = []; permName: android.permission.READ_PHONE_STATE; android.os.Process.myPid() = 9130; type = 1

08-04 03:47:54.237  9130  9474 I LSPosed-Bridge: 9130 PermLabel 10125 ContextImpl.checkPermission: askedperm = []; permName: android.permission.READ_PHONE_STATE; android.os.Process.myPid() = 9130; type = 1

08-04 03:47:54.237  9130  9474 I LSPosed-Bridge: 9130 PermLabel 10125 ContextImpl.checkPermission: askedperm = []; permName: android.permission.READ_PHONE_STATE; android.os.Process.myPid() = 9130; type = 1

08-04 03:47:54.237  9130  9474 I LSPosed-Bridge: 9130 PermLabel 10125 ContextImpl.checkPermission: pid = 9130; uid = 10125; Binder.getCallingPid() =9130; Binder.getCallingUid() = 10125; permName: android.permission.READ_PHONE_STATE; type = 1; res = -1; stacktrace=java.lang.Exception

08-04 03:47:54.237  9130  9474 I LSPosed-Bridge: 9130 PermLabel 10125 ContextImpl.checkPermission: pid = 9130; uid = 10125; Binder.getCallingPid() =9130; Binder.getCallingUid() = 10125; permName: android.permission.READ_PHONE_STATE; type = 1; res = -1; stacktrace=java.lang.Exception

08-04 03:47:54.237  9130  9474 I LSPosed-Bridge: 9130 PermLabel 10125 ContextImpl.checkPermission: pid = 9130; uid = 10125; Binder.getCallingPid() =9130; Binder.getCallingUid() = 10125; permName: android.permission.READ_PHONE_STATE; type = 1; res = -1; stacktrace=java.lang.Exception

08-04 03:47:54.237  9130  9474 I LSPosed-Bridge: 	at com.example.permlabel.requestPerm$2.afterHookedMethod(requestPerm.java:202)

08-04 03:47:54.237  9130  9474 I LSPosed-Bridge: 	at com.example.permlabel.requestPerm$2.afterHookedMethod(requestPerm.java:202)

08-04 03:47:54.237  9130  9474 I LSPosed-Bridge: 	at com.example.permlabel.requestPerm$2.afterHookedMethod(requestPerm.java:202)

08-04 03:47:54.237  9130  9474 I LSPosed-Bridge: 	at de.robv.android.xposed.XposedBridge$AdditionalHookInfo.callback(Unknown Source:147)

08-04 03:47:54.237  9130  9474 I LSPosed-Bridge: 	at de.robv.android.xposed.XposedBridge$AdditionalHookInfo.callback(Unknown Source:147)

08-04 03:47:54.237  9130  9474 I LSPosed-Bridge: 	at de.robv.android.xposed.XposedBridge$AdditionalHookInfo.callback(Unknown Source:147)

08-04 03:47:54.237  9130  9474 I LSPosed-Bridge: 	at LSPHooker_.checkPermission(Unknown Source:25)

08-04 03:47:54.237  9130  9474 I LSPosed-Bridge: 	at LSPHooker_.checkPermission(Unknown Source:25)

08-04 03:47:54.237  9130  9474 I LSPosed-Bridge: 	at LSPHooker_.checkPermission(Unknown Source:25)

08-04 03:47:54.237  9130  9474 I LSPosed-Bridge: 	at android.content.ContextWrapper.checkPermission(ContextWrapper.java:738)

08-04 03:47:54.237  9130  9474 I LSPosed-Bridge: 	at android.content.ContextWrapper.checkPermission(ContextWrapper.java:738)

08-04 03:47:54.237  9130  9474 I LSPosed-Bridge: 	at android.content.ContextWrapper.checkPermission(ContextWrapper.java:738)

08-04 03:47:54.237  9130  9474 I LSPosed-Bridge: 	at android.content.ContextWrapper.checkPermission(ContextWrapper.java:738)

08-04 03:47:54.237  9130  9474 I LSPosed-Bridge: 	at android.content.ContextWrapper.checkPermission(ContextWrapper.java:738)

08-04 03:47:54.237  9130  9474 I LSPosed-Bridge: 	at android.content.ContextWrapper.checkPermission(ContextWrapper.java:738)

08-04 03:47:54.237  9130  9474 I LSPosed-Bridge: 	at androidx.core.content.ContextCompat.checkSelfPermission(SourceFile:1)

08-04 03:47:54.237  9130  9474 I LSPosed-Bridge: 	at androidx.core.content.ContextCompat.checkSelfPermission(SourceFile:1)

08-04 03:47:54.237  9130  9474 I LSPosed-Bridge: 	at androidx.core.content.ContextCompat.checkSelfPermission(SourceFile:1)

08-04 03:47:54.237  9130  9474 I LSPosed-Bridge: 	at com.moji.tool.permission.EasyPermissions.hasPermissions(SourceFile:5)

08-04 03:47:54.237  9130  9474 I LSPosed-Bridge: 	at com.moji.tool.permission.EasyPermissions.hasPermissions(SourceFile:5)

08-04 03:47:54.237  9130  9474 I LSPosed-Bridge: 	at com.moji.tool.permission.EasyPermissions.hasPermissions(SourceFile:5)

08-04 03:47:54.237  9130  9474 I LSPosed-Bridge: 	at com.moji.tool.DeviceTool.getIMEIOnLaunchOrGranted(SourceFile:3)

08-04 03:47:54.237  9130  9474 I LSPosed-Bridge: 	at com.moji.tool.DeviceTool.getIMEIOnLaunchOrGranted(SourceFile:3)

08-04 03:47:54.237  9130  9474 I LSPosed-Bridge: 	at com.moji.tool.DeviceTool.getIMEIOnLaunchOrGranted(SourceFile:3)

08-04 03:47:54.237  9130  9474 I LSPosed-Bridge: 	at com.moji.tool.DeviceTool.privacyAuthority(SourceFile:2)

08-04 03:47:54.237  9130  9474 I LSPosed-Bridge: 	at com.moji.tool.DeviceTool.privacyAuthority(SourceFile:2)

08-04 03:47:54.237  9130  9474 I LSPosed-Bridge: 	at com.moji.tool.DeviceTool.privacyAuthority(SourceFile:2)

08-04 03:47:54.237  9130  9474 I LSPosed-Bridge: 	at com.moji.mjweather.MJApplication.initCommParams(SourceFile:11)

08-04 03:47:54.237  9130  9474 I LSPosed-Bridge: 	at com.moji.mjweather.MJApplication.initCommParams(SourceFile:11)

08-04 03:47:54.237  9130  9474 I LSPosed-Bridge: 	at com.moji.mjweather.MJApplication.initCommParams(SourceFile:11)

08-04 03:47:54.237  9130  9474 I LSPosed-Bridge: 	at com.moji.mjweather.MJApplication$3.run(SourceFile:2)

08-04 03:47:54.237  9130  9474 I LSPosed-Bridge: 	at com.moji.mjweather.MJApplication$3.run(SourceFile:2)

08-04 03:47:54.237  9130  9474 I LSPosed-Bridge: 	at com.moji.mjweather.MJApplication$3.run(SourceFile:2)

08-04 03:47:54.237  9130  9474 I LSPosed-Bridge: 	at java.util.concurrent.ThreadPoolExecutor.runWorker(ThreadPoolExecutor.java:1167)

08-04 03:47:54.237  9130  9474 I LSPosed-Bridge: 	at java.util.concurrent.ThreadPoolExecutor.runWorker(ThreadPoolExecutor.java:1167)

08-04 03:47:54.237  9130  9474 I LSPosed-Bridge: 	at java.util.concurrent.ThreadPoolExecutor.runWorker(ThreadPoolExecutor.java:1167)

08-04 03:47:54.237  9130  9474 I LSPosed-Bridge: 	at java.util.concurrent.ThreadPoolExecutor$Worker.run(ThreadPoolExecutor.java:641)

08-04 03:47:54.237  9130  9474 I LSPosed-Bridge: 	at java.util.concurrent.ThreadPoolExecutor$Worker.run(ThreadPoolExecutor.java:641)

08-04 03:47:54.237  9130  9474 I LSPosed-Bridge: 	at java.util.concurrent.ThreadPoolExecutor$Worker.run(ThreadPoolExecutor.java:641)

08-04 03:47:54.237  9130  9474 I LSPosed-Bridge: 	at java.lang.Thread.run(Thread.java:764)

08-04 03:47:54.237  9130  9474 I LSPosed-Bridge: 	at java.lang.Thread.run(Thread.java:764)

08-04 03:47:54.237  9130  9474 I LSPosed-Bridge: 	at java.lang.Thread.run(Thread.java:764)

08-04 03:47:54.238  2708  2843 I Pay     : use wallet! [CONTEXT service_id=198 ]

08-04 03:47:54.238  9130  9474 I LSPosed-Bridge: 9130 PermLabel 10125 ContextImpl.checkPermission: pid = 9130; uid = 10125; permName: android.permission.READ_PHONE_STATE; type = 1; res = -1; stacktrace=java.lang.Exception

08-04 03:47:54.238  9130  9474 I LSPosed-Bridge: 	at com.example.permlabel.requestPerm$2.afterHookedMethod(requestPerm.java:219)

08-04 03:47:54.238  9130  9474 I LSPosed-Bridge: 	at de.robv.android.xposed.XposedBridge$AdditionalHookInfo.callback(Unknown Source:147)

08-04 03:47:54.238  9130  9474 I LSPosed-Bridge: 	at LSPHooker_.checkPermission(Unknown Source:25)

08-04 03:47:54.238  9130  9474 I LSPosed-Bridge: 	at android.content.ContextWrapper.checkPermission(ContextWrapper.java:738)

08-04 03:47:54.238  9130  9474 I LSPosed-Bridge: 	at android.content.ContextWrapper.checkPermission(ContextWrapper.java:738)

08-04 03:47:54.238  9130  9474 I LSPosed-Bridge: 	at androidx.core.content.ContextCompat.checkSelfPermission(SourceFile:1)

08-04 03:47:54.238  9130  9474 I LSPosed-Bridge: 	at com.moji.tool.permission.EasyPermissions.hasPermissions(SourceFile:5)

08-04 03:47:54.238  9130  9474 I LSPosed-Bridge: 	at com.moji.tool.DeviceTool.getIMEIOnLaunchOrGranted(SourceFile:3)

08-04 03:47:54.238  9130  9474 I LSPosed-Bridge: 	at com.moji.tool.DeviceTool.privacyAuthority(SourceFile:2)

08-04 03:47:54.238  9130  9474 I LSPosed-Bridge: 	at com.moji.mjweather.MJApplication.initCommParams(SourceFile:11)

08-04 03:47:54.238  9130  9474 I LSPosed-Bridge: 	at com.moji.mjweather.MJApplication$3.run(SourceFile:2)

08-04 03:47:54.238  9130  9474 I LSPosed-Bridge: 	at java.util.concurrent.ThreadPoolExecutor.runWorker(ThreadPoolExecutor.java:1167)

08-04 03:47:54.238  9130  9474 I LSPosed-Bridge: 	at java.util.concurrent.ThreadPoolExecutor$Worker.run(ThreadPoolExecutor.java:641)

08-04 03:47:54.238  9130  9474 I LSPosed-Bridge: 	at java.lang.Thread.run(Thread.java:764)

08-04 03:47:54.238  2267  8625 I NearbyDiscovery: (REDACTED) FastPairScanner: Starting %s scanning

08-04 03:47:54.397  9130  9474 I LSPosed-Bridge: 9130 PermLabel 10125 ContextImpl Binder.getCallingPid() = 9130; Binder.getCallingUid() = 10125; permName: android.permission.READ_PHONE_STATE; res = -1; stacktrace=java.lang.Exception

08-04 03:47:54.397  9130  9474 I LSPosed-Bridge: 9130 PermLabel 10125 ContextImpl Binder.getCallingPid() = 9130; Binder.getCallingUid() = 10125; permName: android.permission.READ_PHONE_STATE; res = -1; stacktrace=java.lang.Exception

08-04 03:47:54.397  9130  9474 I LSPosed-Bridge: 	at com.example.permlabel.requestPerm$2.afterHookedMethod(requestPerm.java:195)

08-04 03:47:54.397  9130  9474 I LSPosed-Bridge: 	at com.example.permlabel.requestPerm$2.afterHookedMethod(requestPerm.java:195)

08-04 03:47:54.397  9130  9474 I LSPosed-Bridge: 	at de.robv.android.xposed.XposedBridge$AdditionalHookInfo.callback(Unknown Source:147)

08-04 03:47:54.397  9130  9474 I LSPosed-Bridge: 	at de.robv.android.xposed.XposedBridge$AdditionalHookInfo.callback(Unknown Source:147)

08-04 03:47:54.397  9130  9474 I LSPosed-Bridge: 	at LSPHooker_.checkPermission(Unknown Source:25)

08-04 03:47:54.397  9130  9474 I LSPosed-Bridge: 	at LSPHooker_.checkPermission(Unknown Source:25)

08-04 03:47:54.397  9130  9474 I LSPosed-Bridge: 	at android.content.ContextWrapper.checkPermission(ContextWrapper.java:738)

08-04 03:47:54.397  9130  9474 I LSPosed-Bridge: 	at android.content.ContextWrapper.checkPermission(ContextWrapper.java:738)

08-04 03:47:54.397  9130  9474 I LSPosed-Bridge: 	at android.content.ContextWrapper.checkPermission(ContextWrapper.java:738)

08-04 03:47:54.397  9130  9474 I LSPosed-Bridge: 	at android.content.ContextWrapper.checkPermission(ContextWrapper.java:738)

08-04 03:47:54.397  9130  9474 I LSPosed-Bridge: 	at androidx.core.content.ContextCompat.checkSelfPermission(SourceFile:1)

08-04 03:47:54.397  9130  9474 I LSPosed-Bridge: 	at androidx.core.content.ContextCompat.checkSelfPermission(SourceFile:1)

08-04 03:47:54.397  9130  9474 I LSPosed-Bridge: 	at com.moji.tool.permission.EasyPermissions.hasPermissions(SourceFile:5)

08-04 03:47:54.397  9130  9474 I LSPosed-Bridge: 	at com.moji.tool.permission.EasyPermissions.hasPermissions(SourceFile:5)

08-04 03:47:54.397  9130  9474 I LSPosed-Bridge: 	at com.moji.tool.DeviceTool.getICCIDOnLaunchOrGranted(SourceFile:3)

08-04 03:47:54.397  9130  9474 I LSPosed-Bridge: 	at com.moji.tool.DeviceTool.getICCIDOnLaunchOrGranted(SourceFile:3)

08-04 03:47:54.397  9130  9474 I LSPosed-Bridge: 	at com.moji.tool.DeviceTool.privacyAuthority(SourceFile:6)

08-04 03:47:54.397  9130  9474 I LSPosed-Bridge: 	at com.moji.tool.DeviceTool.privacyAuthority(SourceFile:6)

08-04 03:47:54.397  9130  9474 I LSPosed-Bridge: 	at com.moji.mjweather.MJApplication.initCommParams(SourceFile:11)

08-04 03:47:54.397  9130  9474 I LSPosed-Bridge: 	at com.moji.mjweather.MJApplication.initCommParams(SourceFile:11)

08-04 03:47:54.397  9130  9474 I LSPosed-Bridge: 	at com.moji.mjweather.MJApplication$3.run(SourceFile:2)

08-04 03:47:54.397  9130  9474 I LSPosed-Bridge: 	at com.moji.mjweather.MJApplication$3.run(SourceFile:2)

08-04 03:47:54.397  9130  9474 I LSPosed-Bridge: 	at java.util.concurrent.ThreadPoolExecutor.runWorker(ThreadPoolExecutor.java:1167)

08-04 03:47:54.397  9130  9474 I LSPosed-Bridge: 	at java.util.concurrent.ThreadPoolExecutor.runWorker(ThreadPoolExecutor.java:1167)

08-04 03:47:54.397  9130  9474 I LSPosed-Bridge: 	at java.util.concurrent.ThreadPoolExecutor$Worker.run(ThreadPoolExecutor.java:641)

08-04 03:47:54.397  9130  9474 I LSPosed-Bridge: 	at java.util.concurrent.ThreadPoolExecutor$Worker.run(ThreadPoolExecutor.java:641)

08-04 03:47:54.397  9130  9474 I LSPosed-Bridge: 	at java.lang.Thread.run(Thread.java:764)

08-04 03:47:54.397  9130  9474 I LSPosed-Bridge: 	at java.lang.Thread.run(Thread.java:764)

08-04 03:47:54.397  9130  9474 I LSPosed-Bridge: 9130 PermLabel 10125 ContextImpl.checkPermission: pid = 9130; uid = 10125; permName: android.permission.READ_PHONE_STATE; type = 1; res = -1; stacktrace=java.lang.Exception

08-04 03:47:54.397  9130  9474 I LSPosed-Bridge: 9130 PermLabel 10125 ContextImpl.checkPermission: pid = 9130; uid = 10125; permName: android.permission.READ_PHONE_STATE; type = 1; res = -1; stacktrace=java.lang.Exception

08-04 03:47:54.397  9130  9474 I LSPosed-Bridge: 	at com.example.permlabel.requestPerm$2.afterHookedMethod(requestPerm.java:219)

08-04 03:47:54.397  9130  9474 I LSPosed-Bridge: 	at com.example.permlabel.requestPerm$2.afterHookedMethod(requestPerm.java:219)

08-04 03:47:54.397  9130  9474 I LSPosed-Bridge: 	at de.robv.android.xposed.XposedBridge$AdditionalHookInfo.callback(Unknown Source:147)

08-04 03:47:54.397  9130  9474 I LSPosed-Bridge: 	at de.robv.android.xposed.XposedBridge$AdditionalHookInfo.callback(Unknown Source:147)

08-04 03:47:54.397  9130  9474 I LSPosed-Bridge: 	at LSPHooker_.checkPermission(Unknown Source:25)

08-04 03:47:54.397  9130  9474 I LSPosed-Bridge: 	at LSPHooker_.checkPermission(Unknown Source:25)

08-04 03:47:54.397  9130  9474 I LSPosed-Bridge: 	at android.content.ContextWrapper.checkPermission(ContextWrapper.java:738)

08-04 03:47:54.397  9130  9474 I LSPosed-Bridge: 	at android.content.ContextWrapper.checkPermission(ContextWrapper.java:738)

08-04 03:47:54.397  9130  9474 I LSPosed-Bridge: 	at android.content.ContextWrapper.checkPermission(ContextWrapper.java:738)

08-04 03:47:54.397  9130  9474 I LSPosed-Bridge: 	at android.content.ContextWrapper.checkPermission(ContextWrapper.java:738)

08-04 03:47:54.397  9130  9474 I LSPosed-Bridge: 	at androidx.core.content.ContextCompat.checkSelfPermission(SourceFile:1)

08-04 03:47:54.397  9130  9474 I LSPosed-Bridge: 	at androidx.core.content.ContextCompat.checkSelfPermission(SourceFile:1)

08-04 03:47:54.397  9130  9474 I LSPosed-Bridge: 	at com.moji.tool.permission.EasyPermissions.hasPermissions(SourceFile:5)

08-04 03:47:54.397  9130  9474 I LSPosed-Bridge: 	at com.moji.tool.permission.EasyPermissions.hasPermissions(SourceFile:5)

08-04 03:47:54.397  9130  9474 I LSPosed-Bridge: 	at com.moji.tool.DeviceTool.getICCIDOnLaunchOrGranted(SourceFile:3)

08-04 03:47:54.397  9130  9474 I LSPosed-Bridge: 	at com.moji.tool.DeviceTool.getICCIDOnLaunchOrGranted(SourceFile:3)

08-04 03:47:54.397  9130  9474 I LSPosed-Bridge: 	at com.moji.tool.DeviceTool.privacyAuthority(SourceFile:6)

08-04 03:47:54.397  9130  9474 I LSPosed-Bridge: 	at com.moji.tool.DeviceTool.privacyAuthority(SourceFile:6)

08-04 03:47:54.397  9130  9474 I LSPosed-Bridge: 	at com.moji.mjweather.MJApplication.initCommParams(SourceFile:11)

08-04 03:47:54.397  9130  9474 I LSPosed-Bridge: 	at com.moji.mjweather.MJApplication.initCommParams(SourceFile:11)

08-04 03:47:54.397  9130  9474 I LSPosed-Bridge: 	at com.moji.mjweather.MJApplication$3.run(SourceFile:2)

08-04 03:47:54.397  9130  9474 I LSPosed-Bridge: 	at com.moji.mjweather.MJApplication$3.run(SourceFile:2)

08-04 03:47:54.397  9130  9474 I LSPosed-Bridge: 	at java.util.concurrent.ThreadPoolExecutor.runWorker(ThreadPoolExecutor.java:1167)

08-04 03:47:54.397  9130  9474 I LSPosed-Bridge: 	at java.util.concurrent.ThreadPoolExecutor.runWorker(ThreadPoolExecutor.java:1167)

08-04 03:47:54.397  9130  9474 I LSPosed-Bridge: 	at java.util.concurrent.ThreadPoolExecutor$Worker.run(ThreadPoolExecutor.java:641)

08-04 03:47:54.397  9130  9474 I LSPosed-Bridge: 	at java.util.concurrent.ThreadPoolExecutor$Worker.run(ThreadPoolExecutor.java:641)

08-04 03:47:54.397  9130  9474 I LSPosed-Bridge: 	at java.lang.Thread.run(Thread.java:764)

08-04 03:47:54.397  9130  9474 I LSPosed-Bridge: 	at java.lang.Thread.run(Thread.java:764)

08-04 03:47:54.397  8137  8407 W System.err: java.lang.reflect.InvocationTargetException

08-04 03:47:54.397  8137  8407 W System.err: java.lang.reflect.InvocationTargetException

08-04 03:47:54.397  8137  8407 W System.err: 	at java.lang.reflect.Method.invoke(Native Method)

08-04 03:47:54.397  8137  8407 W System.err: 	at java.lang.reflect.Method.invoke(Native Method)

08-04 03:47:54.400  9130  9474 I LSPosed-Bridge: 9130 PermLabel 10125 ContextImpl Binder.getCallingPid() = 9130; Binder.getCallingUid() = 10125; permName: android.permission.READ_PHONE_STATE; res = -1; stacktrace=java.lang.Exception

08-04 03:47:54.400  9130  9474 I LSPosed-Bridge: 9130 PermLabel 10125 ContextImpl Binder.getCallingPid() = 9130; Binder.getCallingUid() = 10125; permName: android.permission.READ_PHONE_STATE; res = -1; stacktrace=java.lang.Exception

08-04 03:47:54.400  9130  9474 I LSPosed-Bridge: 	at com.example.permlabel.requestPerm$2.afterHookedMethod(requestPerm.java:195)

08-04 03:47:54.400  9130  9474 I LSPosed-Bridge: 	at com.example.permlabel.requestPerm$2.afterHookedMethod(requestPerm.java:195)

08-04 03:47:54.400  9130  9474 I LSPosed-Bridge: 	at de.robv.android.xposed.XposedBridge$AdditionalHookInfo.callback(Unknown Source:147)

08-04 03:47:54.400  9130  9474 I LSPosed-Bridge: 	at de.robv.android.xposed.XposedBridge$AdditionalHookInfo.callback(Unknown Source:147)

08-04 03:47:54.400  9130  9474 I LSPosed-Bridge: 	at LSPHooker_.checkPermission(Unknown Source:25)

08-04 03:47:54.400  9130  9474 I LSPosed-Bridge: 	at LSPHooker_.checkPermission(Unknown Source:25)

08-04 03:47:54.400  9130  9474 I LSPosed-Bridge: 	at android.content.ContextWrapper.checkPermission(ContextWrapper.java:738)

08-04 03:47:54.400  9130  9474 I LSPosed-Bridge: 	at android.content.ContextWrapper.checkPermission(ContextWrapper.java:738)

08-04 03:47:54.400  9130  9474 I LSPosed-Bridge: 	at android.content.ContextWrapper.checkPermission(ContextWrapper.java:738)

08-04 03:47:54.400  9130  9474 I LSPosed-Bridge: 	at android.content.ContextWrapper.checkPermission(ContextWrapper.java:738)

08-04 03:47:54.400  9130  9474 I LSPosed-Bridge: 	at androidx.core.content.ContextCompat.checkSelfPermission(SourceFile:1)

08-04 03:47:54.400  9130  9474 I LSPosed-Bridge: 	at androidx.core.content.ContextCompat.checkSelfPermission(SourceFile:1)

08-04 03:47:54.400  9130  9474 I LSPosed-Bridge: 	at com.moji.tool.permission.EasyPermissions.hasPermissions(SourceFile:5)

08-04 03:47:54.400  9130  9474 I LSPosed-Bridge: 	at com.moji.tool.permission.EasyPermissions.hasPermissions(SourceFile:5)

08-04 03:47:54.400  9130  9474 I LSPosed-Bridge: 	at com.moji.tool.DeviceTool.getIMSIOnLaunchOrGranted(SourceFile:2)

08-04 03:47:54.400  9130  9474 I LSPosed-Bridge: 	at com.moji.tool.DeviceTool.getIMSIOnLaunchOrGranted(SourceFile:2)

08-04 03:47:54.400  9130  9474 I LSPosed-Bridge: 	at com.moji.tool.DeviceTool.privacyAuthority(SourceFile:7)

08-04 03:47:54.400  9130  9474 I LSPosed-Bridge: 	at com.moji.tool.DeviceTool.privacyAuthority(SourceFile:7)

08-04 03:47:54.400  9130  9474 I LSPosed-Bridge: 	at com.moji.mjweather.MJApplication.initCommParams(SourceFile:11)

08-04 03:47:54.400  9130  9474 I LSPosed-Bridge: 	at com.moji.mjweather.MJApplication.initCommParams(SourceFile:11)

08-04 03:47:54.400  9130  9474 I LSPosed-Bridge: 	at com.moji.mjweather.MJApplication$3.run(SourceFile:2)

08-04 03:47:54.400  9130  9474 I LSPosed-Bridge: 	at com.moji.mjweather.MJApplication$3.run(SourceFile:2)

08-04 03:47:54.400  9130  9474 I LSPosed-Bridge: 	at java.util.concurrent.ThreadPoolExecutor.runWorker(ThreadPoolExecutor.java:1167)

08-04 03:47:54.400  9130  9474 I LSPosed-Bridge: 	at java.util.concurrent.ThreadPoolExecutor.runWorker(ThreadPoolExecutor.java:1167)

08-04 03:47:54.400  9130  9474 I LSPosed-Bridge: 	at java.util.concurrent.ThreadPoolExecutor$Worker.run(ThreadPoolExecutor.java:641)

08-04 03:47:54.400  9130  9474 I LSPosed-Bridge: 	at java.util.concurrent.ThreadPoolExecutor$Worker.run(ThreadPoolExecutor.java:641)

08-04 03:47:54.400  9130  9474 I LSPosed-Bridge: 	at java.lang.Thread.run(Thread.java:764)

08-04 03:47:54.400  9130  9474 I LSPosed-Bridge: 	at java.lang.Thread.run(Thread.java:764)

08-04 03:47:54.400  9130  9474 I LSPosed-Bridge: 9130 PermLabel 10125 ContextImpl.checkPermission: pid = 9130; uid = 10125; permName: android.permission.READ_PHONE_STATE; type = 1; res = -1; stacktrace=java.lang.Exception

08-04 03:47:54.400  9130  9474 I LSPosed-Bridge: 9130 PermLabel 10125 ContextImpl.checkPermission: pid = 9130; uid = 10125; permName: android.permission.READ_PHONE_STATE; type = 1; res = -1; stacktrace=java.lang.Exception

08-04 03:47:54.400  9130  9474 I LSPosed-Bridge: 	at com.example.permlabel.requestPerm$2.afterHookedMethod(requestPerm.java:219)

08-04 03:47:54.400  9130  9474 I LSPosed-Bridge: 	at com.example.permlabel.requestPerm$2.afterHookedMethod(requestPerm.java:219)

08-04 03:47:54.400  9130  9474 I LSPosed-Bridge: 	at de.robv.android.xposed.XposedBridge$AdditionalHookInfo.callback(Unknown Source:147)

08-04 03:47:54.400  9130  9474 I LSPosed-Bridge: 	at de.robv.android.xposed.XposedBridge$AdditionalHookInfo.callback(Unknown Source:147)

08-04 03:47:54.400  9130  9474 I LSPosed-Bridge: 	at LSPHooker_.checkPermission(Unknown Source:25)

08-04 03:47:54.400  9130  9474 I LSPosed-Bridge: 	at LSPHooker_.checkPermission(Unknown Source:25)

08-04 03:47:54.400  9130  9474 I LSPosed-Bridge: 	at android.content.ContextWrapper.checkPermission(ContextWrapper.java:738)

08-04 03:47:54.400  9130  9474 I LSPosed-Bridge: 	at android.content.ContextWrapper.checkPermission(ContextWrapper.java:738)

08-04 03:47:54.400  9130  9474 I LSPosed-Bridge: 	at android.content.ContextWrapper.checkPermission(ContextWrapper.java:738)

08-04 03:47:54.400  9130  9474 I LSPosed-Bridge: 	at android.content.ContextWrapper.checkPermission(ContextWrapper.java:738)

08-04 03:47:54.400  9130  9474 I LSPosed-Bridge: 	at androidx.core.content.ContextCompat.checkSelfPermission(SourceFile:1)

08-04 03:47:54.400  9130  9474 I LSPosed-Bridge: 	at androidx.core.content.ContextCompat.checkSelfPermission(SourceFile:1)

08-04 03:47:54.400  9130  9474 I LSPosed-Bridge: 	at com.moji.tool.permission.EasyPermissions.hasPermissions(SourceFile:5)

08-04 03:47:54.400  9130  9474 I LSPosed-Bridge: 	at com.moji.tool.permission.EasyPermissions.hasPermissions(SourceFile:5)

08-04 03:47:54.400  9130  9474 I LSPosed-Bridge: 	at com.moji.tool.DeviceTool.getIMSIOnLaunchOrGranted(SourceFile:2)

08-04 03:47:54.400  9130  9474 I LSPosed-Bridge: 	at com.moji.tool.DeviceTool.getIMSIOnLaunchOrGranted(SourceFile:2)

08-04 03:47:54.400  9130  9474 I LSPosed-Bridge: 	at com.moji.tool.DeviceTool.privacyAuthority(SourceFile:7)

08-04 03:47:54.400  9130  9474 I LSPosed-Bridge: 	at com.moji.tool.DeviceTool.privacyAuthority(SourceFile:7)

08-04 03:47:54.400  9130  9474 I LSPosed-Bridge: 	at com.moji.mjweather.MJApplication.initCommParams(SourceFile:11)

08-04 03:47:54.400  9130  9474 I LSPosed-Bridge: 	at com.moji.mjweather.MJApplication.initCommParams(SourceFile:11)

08-04 03:47:54.400  9130  9474 I LSPosed-Bridge: 	at com.moji.mjweather.MJApplication$3.run(SourceFile:2)

08-04 03:47:54.400  9130  9474 I LSPosed-Bridge: 	at com.moji.mjweather.MJApplication$3.run(SourceFile:2)

08-04 03:47:54.400  9130  9474 I LSPosed-Bridge: 	at java.util.concurrent.ThreadPoolExecutor.runWorker(ThreadPoolExecutor.java:1167)

08-04 03:47:54.400  9130  9474 I LSPosed-Bridge: 	at java.util.concurrent.ThreadPoolExecutor.runWorker(ThreadPoolExecutor.java:1167)

08-04 03:47:54.400  9130  9474 I LSPosed-Bridge: 	at java.util.concurrent.ThreadPoolExecutor$Worker.run(ThreadPoolExecutor.java:641)

08-04 03:47:54.400  9130  9474 I LSPosed-Bridge: 	at java.util.concurrent.ThreadPoolExecutor$Worker.run(ThreadPoolExecutor.java:641)

08-04 03:47:54.400  9130  9474 I LSPosed-Bridge: 	at java.lang.Thread.run(Thread.java:764)

08-04 03:47:54.400  9130  9474 I LSPosed-Bridge: 	at java.lang.Thread.run(Thread.java:764)

08-04 03:47:54.400  8137  8407 W System.err: java.lang.reflect.InvocationTargetException

08-04 03:47:54.400  8137  8407 W System.err: java.lang.reflect.InvocationTargetException

08-04 03:47:54.443  9536  9536 I LSPosed-Bridge: 9536 PermLabel 10125 permission_group_mapping =android.permission.READ_PHONE_STATE Telephone

08-04 03:47:54.443  8137  8407 W System.err: java.lang.reflect.InvocationTargetException

08-04 03:47:54.443  8137  8407 W System.err: 	at java.lang.reflect.Method.invoke(Native Method)

08-04 03:47:54.443  8137  8407 W System.err: 	at o.h.i.d.d.b.r(SourceFile:8)

08-04 03:47:54.443  8137  8407 W System.err: 	at o.k.a.b1.s.b.g(SourceFile:2)

08-04 03:47:54.443  8137  8407 W System.err: 	at o.k.a.b1.s.d.run(SourceFile:3)

08-04 03:47:54.443  8137  8407 W System.err: 	at java.util.concurrent.ThreadPoolExecutor.runWorker(ThreadPoolExecutor.java:1167)

08-04 03:47:54.443  8137  8407 W System.err: 	at java.util.concurrent.ThreadPoolExecutor$Worker.run(ThreadPoolExecutor.java:641)

08-04 03:47:54.443  8137  8407 W System.err: 	at java.lang.Thread.run(Thread.java:764)

08-04 03:47:54.670  8137  8137 W WaBackgroundHan: type=1400 audit(0.0:639): avc: denied { read } for name="u:object_r:serialno_prop:s0" dev="tmpfs" ino=13721 scontext=u:r:untrusted_app_27:s0:c512,c768 tcontext=u:object_r:serialno_prop:s0 tclass=file permissive=0

08-04 03:47:54.670  9536  9536 I LSPosed-Bridge: 9536 PermLabel permName: android.permission.READ_PHONE_STATE; getRunningAppProcesses =[android.app.ActivityManager$RunningAppProcessInfo@d7fcb83, android.app.ActivityManager$RunningAppProcessInfo@9bdc100, android.app.ActivityManager$RunningAppProcessInfo@c995d39]; stacktrace=java.lang.Exception

08-04 03:47:54.670  9536  9536 I LSPosed-Bridge: 	at com.example.permlabel.hookBinder_test$2.afterHookedMethod(hookBinder_test.java:104)

08-04 03:47:54.670  9536  9536 I LSPosed-Bridge: 	at de.robv.android.xposed.XposedBridge$AdditionalHookInfo.callback(Unknown Source:147)

08-04 03:47:54.670  9536  9536 I LSPosed-Bridge: 	at LSPHooker_.getRunningAppProcesses(Unknown Source:8)

08-04 03:47:54.670  9536  9536 I LSPosed-Bridge: 	at com.moji.tool.ProcessTool.getCurProcessName(SourceFile:3)

08-04 03:47:54.670  9536  9536 I LSPosed-Bridge: 	at com.moji.mjweather.MJApplication.r(SourceFile:7)

08-04 03:47:54.670  9536  9536 I LSPosed-Bridge: 	at com.moji.mjweather.MJApplication.attachBaseContext(SourceFile:6)

08-04 03:47:54.670  9536  9536 I LSPosed-Bridge: 	at android.app.Application.attach(Application.java:212)

08-04 03:47:54.670  9536  9536 I LSPosed-Bridge: 	at android.app.Instrumentation.newApplication(Instrumentation.java:1122)

08-04 03:47:54.670  9536  9536 I LSPosed-Bridge: 	at android.app.LoadedApk.makeApplication(LoadedApk.java:1061)

08-04 03:47:54.670  9536  9536 I LSPosed-Bridge: 	at android.app.ActivityThread.handleBindApplication(ActivityThread.java:5856)

08-04 03:47:54.670  9536  9536 I LSPosed-Bridge: 	at android.app.ActivityThread.access$1100(ActivityThread.java:200)

08-04 03:47:54.670  9536  9536 I LSPosed-Bridge: 	at android.app.ActivityThread$H.handleMessage(ActivityThread.java:1651)

08-04 03:47:54.670  9536  9536 I LSPosed-Bridge: 	at android.os.Handler.dispatchMessage(Handler.java:106)

08-04 03:47:54.670  9536  9536 I LSPosed-Bridge: 	at android.os.Looper.loop(Looper.java:193)

08-04 03:47:54.670  9536  9536 I LSPosed-Bridge: 	at android.app.ActivityThread.main(ActivityThread.java:6692)

08-04 03:47:54.670  9536  9536 I LSPosed-Bridge: 	at java.lang.reflect.Method.invoke(Native Method)

08-04 03:47:54.670  9536  9536 I LSPosed-Bridge: 	at com.android.internal.os.RuntimeInit$MethodAndArgsCaller.run(RuntimeInit.java:493)

08-04 03:47:54.670  9536  9536 I LSPosed-Bridge: 	at com.android.internal.os.ZygoteInit.main(ZygoteInit.java:858)

08-04 03:47:54.675  8137  8252 E libc    : Access denied finding property "ro.serialno"

08-04 03:47:54.675  9536  9536 I LSPosed-Bridge: 9536 PermLabel permName: android.permission.READ_PHONE_STATE; getRunningAppProcesses =[android.app.ActivityManager$RunningAppProcessInfo@4bded2c, android.app.ActivityManager$RunningAppProcessInfo@f2993f5, android.app.ActivityManager$RunningAppProcessInfo@446d58a]; stacktrace=java.lang.Exception

08-04 03:47:54.675  9536  9536 I LSPosed-Bridge: 	at com.example.permlabel.hookBinder_test$2.afterHookedMethod(hookBinder_test.java:104)

08-04 03:47:54.675  9536  9536 I LSPosed-Bridge: 	at de.robv.android.xposed.XposedBridge$AdditionalHookInfo.callback(Unknown Source:147)

08-04 03:47:54.675  9536  9536 I LSPosed-Bridge: 	at LSPHooker_.getRunningAppProcesses(Unknown Source:8)

08-04 03:47:54.675  9536  9536 I LSPosed-Bridge: 	at com.moji.mjweather.MJApplication.i(Unknown Source:12)

08-04 03:47:54.675  9536  9536 I LSPosed-Bridge: 	at com.moji.mjweather.MJApplication.onCreate(Unknown Source:18)

08-04 03:47:54.675  9536  9536 I LSPosed-Bridge: 	at android.app.Instrumentation.callApplicationOnCreate(Instrumentation.java:1155)

08-04 03:47:54.675  9536  9536 I LSPosed-Bridge: 	at android.app.ActivityThread.handleBindApplication(ActivityThread.java:5885)

08-04 03:47:54.675  9536  9536 I LSPosed-Bridge: 	at android.app.ActivityThread.access$1100(ActivityThread.java:200)

08-04 03:47:54.675  9536  9536 I LSPosed-Bridge: 	at android.app.ActivityThread$H.handleMessage(ActivityThread.java:1651)

08-04 03:47:54.675  9536  9536 I LSPosed-Bridge: 	at android.os.Handler.dispatchMessage(Handler.java:106)

08-04 03:47:54.675  9536  9536 I LSPosed-Bridge: 	at android.os.Looper.loop(Looper.java:193)

08-04 03:47:54.675  9536  9536 I LSPosed-Bridge: 	at android.app.ActivityThread.main(ActivityThread.java:6692)

08-04 03:47:54.675  9536  9536 I LSPosed-Bridge: 	at java.lang.reflect.Method.invoke(Native Method)

08-04 03:47:54.675  9536  9536 I LSPosed-Bridge: 	at com.android.internal.os.RuntimeInit$MethodAndArgsCaller.run(RuntimeInit.java:493)

08-04 03:47:54.675  9536  9536 I LSPosed-Bridge: 	at com.android.internal.os.ZygoteInit.main(ZygoteInit.java:858)

08-04 03:47:54.675  8137  8407 W System.err: java.lang.reflect.InvocationTargetException

08-04 03:47:55.108  9130  9130 I LSPosed-Bridge: 9130 PermLabel 10125 ContextImpl Binder.getCallingPid() = 9130; Binder.getCallingUid() = 10125; permName: android.permission.READ_PHONE_STATE; res = -1; stacktrace=java.lang.Exception

08-04 03:47:55.108  9130  9130 I LSPosed-Bridge: 9130 PermLabel 10125 ContextImpl Binder.getCallingPid() = 9130; Binder.getCallingUid() = 10125; permName: android.permission.READ_PHONE_STATE; res = -1; stacktrace=java.lang.Exception

08-04 03:47:55.108  9130  9130 I LSPosed-Bridge: 	at com.example.permlabel.requestPerm$2.afterHookedMethod(requestPerm.java:195)

08-04 03:47:55.108  9130  9130 I LSPosed-Bridge: 	at com.example.permlabel.requestPerm$2.afterHookedMethod(requestPerm.java:195)

08-04 03:47:55.108  9130  9130 I LSPosed-Bridge: 	at de.robv.android.xposed.XposedBridge$AdditionalHookInfo.callback(Unknown Source:147)

08-04 03:47:55.108  9130  9130 I LSPosed-Bridge: 	at de.robv.android.xposed.XposedBridge$AdditionalHookInfo.callback(Unknown Source:147)

08-04 03:47:55.108  9130  9130 I LSPosed-Bridge: 	at LSPHooker_.checkPermission(Unknown Source:25)

08-04 03:47:55.108  9130  9130 I LSPosed-Bridge: 	at LSPHooker_.checkPermission(Unknown Source:25)

08-04 03:47:55.108  9130  9130 I LSPosed-Bridge: 	at android.content.ContextWrapper.checkPermission(ContextWrapper.java:738)

08-04 03:47:55.108  9130  9130 I LSPosed-Bridge: 	at android.content.ContextWrapper.checkPermission(ContextWrapper.java:738)

08-04 03:47:55.108  9130  9130 I LSPosed-Bridge: 	at androidx.core.content.ContextCompat.checkSelfPermission(SourceFile:1)

08-04 03:47:55.108  9130  9130 I LSPosed-Bridge: 	at androidx.core.content.ContextCompat.checkSelfPermission(SourceFile:1)

08-04 03:47:55.108  9130  9130 I LSPosed-Bridge: 	at java.lang.reflect.Method.invoke(Native Method)

08-04 03:47:55.108  9130  9130 I LSPosed-Bridge: 	at java.lang.reflect.Method.invoke(Native Method)

08-04 03:47:55.108  9130  9130 I LSPosed-Bridge: 	at com.sensorsdata.analytics.android.sdk.util.SensorsDataUtils.checkHasPermission(SourceFile:6)

08-04 03:47:55.108  9130  9130 I LSPosed-Bridge: 	at com.sensorsdata.analytics.android.sdk.util.SensorsDataUtils.checkHasPermission(SourceFile:6)

08-04 03:47:55.108  9130  9130 I LSPosed-Bridge: 	at com.sensorsdata.analytics.android.sdk.util.SensorsDataUtils.getCarrier(SourceFile:1)

08-04 03:47:55.108  9130  9130 I LSPosed-Bridge: 	at com.sensorsdata.analytics.android.sdk.util.SensorsDataUtils.getCarrier(SourceFile:1)

08-04 03:47:55.108  9130  9130 I LSPosed-Bridge: 	at com.sensorsdata.analytics.android.sdk.plugin.property.SAPresetPropertyPlugin.appendProperties(SourceFile:17)

08-04 03:47:55.108  9130  9130 I LSPosed-Bridge: 	at com.sensorsdata.analytics.android.sdk.plugin.property.SAPresetPropertyPlugin.appendProperties(SourceFile:17)

08-04 03:47:55.108  9130  9130 I LSPosed-Bridge: 	at com.sensorsdata.analytics.android.sdk.plugin.property.SAPropertyPlugin.start(SourceFile:1)

08-04 03:47:55.108  9130  9130 I LSPosed-Bridge: 	at com.sensorsdata.analytics.android.sdk.plugin.property.SAPropertyPlugin.start(SourceFile:1)

08-04 03:47:55.108  9130  9130 I LSPosed-Bridge: 	at com.sensorsdata.analytics.android.sdk.plugin.property.SensorsDataPropertyPluginManager.registerPropertyPlugin(SourceFile:4)

08-04 03:47:55.108  9130  9130 I LSPosed-Bridge: 	at com.sensorsdata.analytics.android.sdk.plugin.property.SensorsDataPropertyPluginManager.registerPropertyPlugin(SourceFile:4)

08-04 03:47:55.108  9130  9130 I LSPosed-Bridge: 	at com.sensorsdata.analytics.android.sdk.AbstractSensorsDataAPI.registerDefaultPropertiesPlugin(SourceFile:1)

08-04 03:47:55.108  9130  9130 I LSPosed-Bridge: 	at com.sensorsdata.analytics.android.sdk.AbstractSensorsDataAPI.registerDefaultPropertiesPlugin(SourceFile:1)

08-04 03:47:55.108  9130  9130 I LSPosed-Bridge: 	at com.sensorsdata.analytics.android.sdk.AbstractSensorsDataAPI.<init>(SourceFile:57)

08-04 03:47:55.108  9130  9130 I LSPosed-Bridge: 	at com.sensorsdata.analytics.android.sdk.AbstractSensorsDataAPI.<init>(SourceFile:57)

08-04 03:47:55.108  9130  9130 I LSPosed-Bridge: 	at com.sensorsdata.analytics.android.sdk.SensorsDataAPI.<init>(SourceFile:2)

08-04 03:47:55.108  9130  9130 I LSPosed-Bridge: 	at com.sensorsdata.analytics.android.sdk.SensorsDataAPI.<init>(SourceFile:2)

08-04 03:47:55.108  9130  9130 I LSPosed-Bridge: 	at com.sensorsdata.analytics.android.sdk.SensorsDataAPI.getInstance(SourceFile:5)

08-04 03:47:55.108  9130  9130 I LSPosed-Bridge: 	at com.sensorsdata.analytics.android.sdk.SensorsDataAPI.getInstance(SourceFile:5)

08-04 03:47:55.108  9130  9130 I LSPosed-Bridge: 	at com.sensorsdata.analytics.android.sdk.SensorsDataAPI.startWithConfigOptions(SourceFile:1)

08-04 03:47:55.108  9130  9130 I LSPosed-Bridge: 	at com.sensorsdata.analytics.android.sdk.SensorsDataAPI.startWithConfigOptions(SourceFile:1)

08-04 03:47:55.108  9130  9130 I LSPosed-Bridge: 	at com.moji.mjweather.sdk.SDKInitHelper.g(SourceFile:6)

08-04 03:47:55.108  9130  9130 I LSPosed-Bridge: 	at com.moji.mjweather.sdk.SDKInitHelper.g(SourceFile:6)

