08-06 03:51:45.533 11499 11499 I LSPosed-Bridge: 	at android.os.Looper.loop(Looper.java:193)

08-06 03:51:45.533 11499 11499 I LSPosed-Bridge: 	at android.app.ActivityThread.main(ActivityThread.java:6692)

08-06 03:51:45.533 11499 11499 I LSPosed-Bridge: 	at java.lang.reflect.Method.invoke(Native Method)

08-06 03:51:45.533 11499 11499 I LSPosed-Bridge: 	at com.android.internal.os.RuntimeInit$MethodAndArgsCaller.run(RuntimeInit.java:493)

08-06 03:51:45.533 11499 11499 I LSPosed-Bridge: 	at com.android.internal.os.ZygoteInit.main(ZygoteInit.java:858)

08-06 03:51:45.533 11499 11499 I LSPosed-Bridge: 11499 PermLabel 10137 requestPermissions (Activity): pid = 11499; permName: android.permission.ACCESS_COARSE_LOCATION; stacktrace=java.lang.Exception

08-06 03:51:45.533 11499 11499 I LSPosed-Bridge: 	at com.example.permlabel.requestPerm$3.beforeHookedMethod(requestPerm.java:227)

08-06 03:51:45.533 11499 11499 I LSPosed-Bridge: 	at de.robv.android.xposed.XposedBridge$AdditionalHookInfo.callback(Unknown Source:79)

08-06 03:51:45.533 11499 11499 I LSPosed-Bridge: 	at LSPHooker_.requestPermissions(Unknown Source:18)

08-06 03:51:45.533 11499 11499 I LSPosed-Bridge: 	at com.yanzhenjie.permission.bridge.BridgeActivity.onCreate(BridgeActivity.java:23)

08-06 03:51:45.533 11499 11499 I LSPosed-Bridge: 	at android.app.Activity.performCreate(Activity.java:7136)

08-06 03:51:45.533 11499 11499 I LSPosed-Bridge: 	at android.app.Activity.performCreate(Activity.java:7127)

08-06 03:51:45.533 11499 11499 I LSPosed-Bridge: 	at android.app.Instrumentation.callActivityOnCreate(Instrumentation.java:1272)

08-06 03:51:45.533 11499 11499 I LSPosed-Bridge: 	at android.app.ActivityThread.performLaunchActivity(ActivityThread.java:2894)

08-06 03:51:45.533 11499 11499 I LSPosed-Bridge: 	at android.app.ActivityThread.handleLaunchActivity(ActivityThread.java:3049)

08-06 03:51:45.533 11499 11499 I LSPosed-Bridge: 	at android.app.servertransaction.LaunchActivityItem.execute(LaunchActivityItem.java:78)

08-06 03:51:45.533 11499 11499 I LSPosed-Bridge: 	at android.app.servertransaction.TransactionExecutor.executeCallbacks(TransactionExecutor.java:108)

08-06 03:51:45.533 11499 11499 I LSPosed-Bridge: 	at android.app.servertransaction.TransactionExecutor.execute(TransactionExecutor.java:68)

08-06 03:51:45.533 11499 11499 I LSPosed-Bridge: 	at android.app.ActivityThread$H.handleMessage(ActivityThread.java:1809)

08-06 03:51:45.533 11499 11499 I LSPosed-Bridge: 	at android.os.Handler.dispatchMessage(Handler.java:106)

08-06 03:51:45.533 11499 11499 I LSPosed-Bridge: 	at android.os.Looper.loop(Looper.java:193)

08-06 03:51:45.533 11499 11499 I LSPosed-Bridge: 	at android.app.ActivityThread.main(ActivityThread.java:6692)

08-06 03:51:45.533 11499 11499 I LSPosed-Bridge: 	at java.lang.reflect.Method.invoke(Native Method)

08-06 03:51:45.533 11499 11499 I LSPosed-Bridge: 	at com.android.internal.os.RuntimeInit$MethodAndArgsCaller.run(RuntimeInit.java:493)

08-06 03:51:45.533 11499 11499 I LSPosed-Bridge: 	at com.android.internal.os.ZygoteInit.main(ZygoteInit.java:858)

08-06 03:51:45.538   558   558 I ConfigStore: android::hardware::configstore::V1_0::ISurfaceFlingerConfigs::hasHDRDisplay retrieved: 0

08-06 03:51:45.538  1517  4706 I LSPosed-Bridge: 11499 PermLabel 10137 startActivityAsUser permName: android.permission.ACCESS_FINE_LOCATION

08-06 03:51:45.538  1517  4706 I LSPosed-Bridge: 11499 PermLabel 10137 startActivityAsUser permName: android.permission.ACCESS_COARSE_LOCATION

08-06 03:51:45.538  1517  4706 I ActivityManager: START u0 {act=android.content.pm.action.REQUEST_PERMISSIONS pkg=com.google.android.packageinstaller cmp=com.google.android.packageinstaller/com.android.packageinstaller.permission.ui.GrantPermissionsActivity (has extras)} from uid 10137

08-06 03:51:53.778 10670 12250 I LSPosed-Bridge: 10670 PermLabel 10137 ContextImpl.checkPermission: pid = 10670; uid = 10137; permName: android.permission.ACCESS_COARSE_LOCATION; type = 1; res = 0; stacktrace=java.lang.Exception

08-06 03:51:53.778 10670 12250 I LSPosed-Bridge: 	at com.example.permlabel.requestPerm$2.afterHookedMethod(requestPerm.java:210)

08-06 03:51:53.778 10670 12250 I LSPosed-Bridge: 	at de.robv.android.xposed.XposedBridge$AdditionalHookInfo.callback(Unknown Source:147)

08-06 03:51:53.778 10670 12250 I LSPosed-Bridge: 	at LSPHooker_.checkPermission(Unknown Source:25)

08-06 03:51:53.778 10670 12250 I LSPosed-Bridge: 	at android.content.ContextWrapper.checkPermission(ContextWrapper.java:738)

08-06 03:51:53.778 10670 12250 I LSPosed-Bridge: 	at com.yanzhenjie.permission.h.c.a(StandardChecker.java:4)

08-06 03:51:53.778 10670 12250 I LSPosed-Bridge: 	at com.yanzhenjie.permission.h.c.a(StandardChecker.java:1)

08-06 03:51:53.778 10670 12250 I LSPosed-Bridge: 	at com.yanzhenjie.permission.h.a.a(DoubleChecker.java:1)

08-06 03:51:53.778 10670 12250 I LSPosed-Bridge: 	at com.yanzhenjie.permission.l.a.a(BaseRequest.java:10)

08-06 03:51:53.778 10670 12250 I LSPosed-Bridge: 	at com.yanzhenjie.permission.l.b$a.a(MRequest.java:2)

08-06 03:51:53.778 10670 12250 I LSPosed-Bridge: 	at com.yanzhenjie.permission.l.b$a.doInBackground(MRequest.java:1)

08-06 03:51:53.778 10670 12250 I LSPosed-Bridge: 	at android.os.AsyncTask$2.call(AsyncTask.java:333)

08-06 03:51:53.778 10670 12250 I LSPosed-Bridge: 	at java.util.concurrent.FutureTask.run(FutureTask.java:266)

08-06 03:51:53.778 10670 12250 I LSPosed-Bridge: 	at java.util.concurrent.ThreadPoolExecutor.runWorker(ThreadPoolExecutor.java:1167)

08-06 03:51:53.778 10670 12250 I LSPosed-Bridge: 	at java.util.concurrent.ThreadPoolExecutor$Worker.run(ThreadPoolExecutor.java:641)

08-06 03:51:53.778 10670 12250 I LSPosed-Bridge: 	at java.lang.Thread.run(Thread.java:764)

08-06 03:51:53.988   558   558 I ConfigStore: android::hardware::configstore::V1_0::ISurfaceFlingerConfigs::hasHDRDisplay retrieved: 0

08-06 03:51:53.988  1517  4790 I LSPosed-Bridge: 10670 PermLabel 10137 AMS.checkPermission: Binder.getCallingPid() = 1517; uid = 10137; Binder.getCallingUid() = 1000; getNameForUid: android.uid.system:1000; getPackagesForUid: [com.asus.setupwizard, com.qualcomm.qti.qmmi, com.hq.mediafilepreset, com.quicinc.cne.CNEService, com.huaqin.CameraCalibration, com.qti.dpmserviceapp, com.caf.fmradio, com.qualcomm.qti.dynamicddsservice, com.android.inputdevices, com.asus.smartreading, com.android.server.telecom, com.android.wallpaperbackup, com.asus.dm, com.asus.UpdateLauncher, android, com.android.providers.settings, com.qualcomm.qti.qtisystemservice, com.qualcomm.qti.services.secureui, com.qualcomm.location, com.asus.loguploaderproxy, com.asus.sysdiagnostic, com.android.location.fused, com.qualcomm.qti.uceShimService, com.qualcomm.qti.simsettings, com.log.logservice, com.android.keychain, com.qualcomm.qti.auth.fidocryptoservice, com.android.settings, com.qualcomm.wfd.service, com.asus.maxxaudio, com.asus.livedemoservice]; permName: android.permission.ACCESS_COARSE_LOCATION; type = 1; res = 0; stacktrace=java.lang.Exception

08-06 03:51:53.988  1517  4790 I LSPosed-Bridge: 	at com.example.permlabel.requirePerm$1$2.afterHookedMethod(requirePerm.java:130)

08-06 03:51:53.988  1517  4790 I LSPosed-Bridge: 	at de.robv.android.xposed.XposedBridge$AdditionalHookInfo.callback(Unknown Source:147)

08-06 03:51:53.988  1517  4790 I LSPosed-Bridge: 	at LSPHooker_.checkPermission(Unknown Source:25)

08-06 03:51:53.988  1517  4790 I LSPosed-Bridge: 	at android.app.ContextImpl.checkPermission(ContextImpl.java:1751)

08-06 03:51:53.988  1517  4790 I LSPosed-Bridge: 	at android.telephony.LocationAccessPolicy.canAccessCellLocation(LocationAccessPolicy.java:73)

08-06 03:51:53.988  1517  4790 I LSPosed-Bridge: 	at com.android.server.TelephonyRegistry.checkLocationAccess(TelephonyRegistry.java:1791)

08-06 03:51:53.988  1517  4790 I LSPosed-Bridge: 	at com.android.server.TelephonyRegistry.listen(TelephonyRegistry.java:554)

08-06 03:51:53.988  1517  4790 I LSPosed-Bridge: 	at com.android.server.TelephonyRegistry.listenForSubscriber(TelephonyRegistry.java:466)

08-06 03:51:53.988  1517  4790 I LSPosed-Bridge: 	at com.android.internal.telephony.ITelephonyRegistry$Stub.onTransact(ITelephonyRegistry.java:96)

08-06 03:51:53.988  1517  4790 I LSPosed-Bridge: 	at android.os.Binder.execTransact(Binder.java:731)

08-06 03:51:53.992  1517  4790 I LSPosed-Bridge: 10670 PermLabel 10137 AMS.checkPermission: Binder.getCallingPid() = 1517; uid = 10137; Binder.getCallingUid() = 1000; getNameForUid: android.uid.system:1000; getPackagesForUid: [com.asus.setupwizard, com.qualcomm.qti.qmmi, com.hq.mediafilepreset, com.quicinc.cne.CNEService, com.huaqin.CameraCalibration, com.qti.dpmserviceapp, com.caf.fmradio, com.qualcomm.qti.dynamicddsservice, com.android.inputdevices, com.asus.smartreading, com.android.server.telecom, com.android.wallpaperbackup, com.asus.dm, com.asus.UpdateLauncher, android, com.android.providers.settings, com.qualcomm.qti.qtisystemservice, com.qualcomm.qti.services.secureui, com.qualcomm.location, com.asus.loguploaderproxy, com.asus.sysdiagnostic, com.android.location.fused, com.qualcomm.qti.uceShimService, com.qualcomm.qti.simsettings, com.log.logservice, com.android.keychain, com.qualcomm.qti.auth.fidocryptoservice, com.android.settings, com.qualcomm.wfd.service, com.asus.maxxaudio, com.asus.livedemoservice]; permName: android.permission.ACCESS_COARSE_LOCATION; type = 1; res = 0; stacktrace=java.lang.Exception

08-06 03:51:53.992  1517  4790 I LSPosed-Bridge: 	at com.example.permlabel.requirePerm$1$2.afterHookedMethod(requirePerm.java:130)

08-06 03:51:53.992  1517  4790 I LSPosed-Bridge: 	at de.robv.android.xposed.XposedBridge$AdditionalHookInfo.callback(Unknown Source:147)

08-06 03:51:53.992  1517  4790 I LSPosed-Bridge: 	at LSPHooker_.checkPermission(Unknown Source:25)

08-06 03:51:53.992  1517  4790 I LSPosed-Bridge: 	at android.app.ContextImpl.checkPermission(ContextImpl.java:1751)

08-06 03:51:53.992  1517  4790 I LSPosed-Bridge: 	at android.telephony.LocationAccessPolicy.canAccessCellLocation(LocationAccessPolicy.java:73)

08-06 03:51:53.992  1517  4790 I LSPosed-Bridge: 	at com.android.server.TelephonyRegistry.checkLocationAccess(TelephonyRegistry.java:1791)

08-06 03:51:53.992  1517  4790 I LSPosed-Bridge: 	at com.android.server.TelephonyRegistry.listen(TelephonyRegistry.java:603)

08-06 03:51:53.992  1517  4790 I LSPosed-Bridge: 	at com.android.server.TelephonyRegistry.listenForSubscriber(TelephonyRegistry.java:466)

08-06 03:51:53.992  1517  4790 I LSPosed-Bridge: 	at com.android.internal.telephony.ITelephonyRegistry$Stub.onTransact(ITelephonyRegistry.java:96)

08-06 03:51:53.992  1517  4790 I LSPosed-Bridge: 	at android.os.Binder.execTransact(Binder.java:731)

08-06 03:51:53.992   558   558 I ConfigStore: android::hardware::configstore::V1_0::ISurfaceFlingerConfigs::hasHDRDisplay retrieved: 0

08-06 03:51:53.992   558   558 I chatty  : uid=1000(system) /system/bin/surfaceflinger identical 1 line

08-06 03:51:54.108   558   558 I ConfigStore: android::hardware::configstore::V1_0::ISurfaceFlingerConfigs::hasHDRDisplay retrieved: 0

08-06 03:51:54.108  1517  5848 I LSPosed-Bridge: 10670 PermLabel 10137 AMS.checkPermission: Binder.getCallingPid() = 1893; uid = 10137; Binder.getCallingUid() = 1001; getNameForUid: android.uid.phone:1001; getPackagesForUid: [com.android.stk, com.qualcomm.simcontacts, com.qualcomm.qti.networksetting, com.qualcomm.qti.autoregistration, com.android.phone, com.qualcomm.qcrilmsgtunnel, com.qualcomm.qti.lpa, com.android.mms.service, com.qti.qualcomm.deviceinfo, com.qualcomm.qti.uim, com.qti.confuridialer, com.qualcomm.qti.telephonyservice, com.android.providers.telephony, com.qualcomm.qti.callfeaturessetting, org.codeaurora.ims, com.qti.qualcomm.datastatusnotification, com.qualcomm.qti.ims, com.qti.xdivert]; permName: android.permission.ACCESS_COARSE_LOCATION; type = 1; res = 0; stacktrace=java.lang.Exception

08-06 03:51:54.108  1517  5848 I LSPosed-Bridge: 	at com.example.permlabel.requirePerm$1$2.afterHookedMethod(requirePerm.java:130)

08-06 03:51:54.108  1517  5848 I LSPosed-Bridge: 	at de.robv.android.xposed.XposedBridge$AdditionalHookInfo.callback(Unknown Source:147)

08-06 03:51:54.108  1517  5848 I LSPosed-Bridge: 	at LSPHooker_.checkPermission(Unknown Source:25)

08-06 03:51:54.108  1517  5848 I LSPosed-Bridge: 	at android.app.IActivityManager$Stub.onTransact(IActivityManager.java:664)

08-06 03:51:54.108  1517  5848 I LSPosed-Bridge: 	at com.android.server.am.ActivityManagerService.onTransact(ActivityManagerService.java:3346)

08-06 03:51:54.108  1517  5848 I LSPosed-Bridge: 	at android.os.Binder.execTransact(Binder.java:731)

08-06 03:51:54.120 10670 12265 I LSPosed-Bridge: 10670 PermLabel hookBinder_test 10137 interfaceBinder =com.android.internal.telephony.ITelephony; arg0 = 41; arg1 = android.os.Parcel@a55e2de; arg2 = android.os.Parcel@ea013bc; arg3 = 0; res = true; stacktrace=java.lang.Exception

08-06 03:51:54.120 10670 12265 I LSPosed-Bridge: 	at com.example.permlabel.hookBinder_test$1.afterHookedMethod(hookBinder_test.java:55)

08-06 03:51:54.120 10670 12265 I LSPosed-Bridge: 	at de.robv.android.xposed.XposedBridge$AdditionalHookInfo.callback(Unknown Source:147)

08-06 03:51:54.120 10670 12265 I LSPosed-Bridge: 	at LSPHooker_.transact(Unknown Source:28)

08-06 03:51:54.120 10670 12265 I LSPosed-Bridge: 	at com.android.internal.telephony.ITelephony$Stub$Proxy.getCellLocation(ITelephony.java:3128)

08-06 03:51:54.120 10670 12265 I LSPosed-Bridge: 	at android.telephony.TelephonyManager.getCellLocation(TelephonyManager.java:1401)

08-06 03:51:54.120 10670 12265 I LSPosed-Bridge: 	at java.lang.reflect.Method.invoke(Native Method)

08-06 03:51:54.120 10670 12265 I LSPosed-Bridge: 	at org.lsposed.lspd.nativebridge.HookBridge.invokeOriginalMethod(Native Method)

08-06 03:51:54.120 10670 12265 I LSPosed-Bridge: 	at de.robv.android.xposed.XposedBridge$AdditionalHookInfo.callback(Unknown Source:110)

08-06 03:51:54.120 10670 12265 I LSPosed-Bridge: 	at LSPHooker_.getCellLocation(Unknown Source:8)

08-06 03:51:54.120 10670 12265 I LSPosed-Bridge: 	at com.loc.es.q(Unknown Source:5)

08-06 03:51:54.120 10670 12265 I LSPosed-Bridge: 	at com.loc.es.s(Unknown Source:6)

08-06 03:51:54.120 10670 12265 I LSPosed-Bridge: 	at com.loc.es.a(Unknown Source:17)

08-06 03:51:54.120 10670 12265 I LSPosed-Bridge: 	at com.loc.ei.b(Unknown Source:37)

08-06 03:51:54.120 10670 12265 I LSPosed-Bridge: 	at com.loc.d.a(Unknown Source:10)

08-06 03:51:54.120 10670 12265 I LSPosed-Bridge: 	at com.loc.d.b(Unknown Source:59)

08-06 03:51:54.120 10670 12265 I LSPosed-Bridge: 	at com.loc.d.o(Unknown Source:6)

08-06 03:51:54.120 10670 12265 I LSPosed-Bridge: 	at com.loc.d.p(Unknown Source:94)

08-06 03:51:54.120 10670 12265 I LSPosed-Bridge: 	at com.loc.d.e(Unknown Source:0)

08-06 03:51:54.120 10670 12265 I LSPosed-Bridge: 	at com.loc.d$a.handleMessage(Unknown Source:156)

08-06 03:51:54.120 10670 12265 I LSPosed-Bridge: 	at android.os.Handler.dispatchMessage(Handler.java:106)

08-06 03:51:54.120 10670 12265 I LSPosed-Bridge: 	at android.os.Looper.loop(Looper.java:193)

08-06 03:51:54.120 10670 12265 I LSPosed-Bridge: 	at android.os.HandlerThread.run(HandlerThread.java:65)

08-06 03:51:54.120 10670 12265 I LSPosed-Bridge: 	at com.loc.d$b.run(Unknown Source:0)

08-06 03:51:54.120   558   558 I ConfigStore: android::hardware::configstore::V1_0::ISurfaceFlingerConfigs::hasHDRDisplay retrieved: 0

08-06 03:51:54.120 10670 12265 I LSPosed-Bridge: 10670 PermLabel 10137; permName: android.permission.ACCESS_COARSE_LOCATION; getCellLocation res = null; stacktrace=java.lang.Exception

08-06 03:51:54.120 10670 12265 I LSPosed-Bridge: 	at com.example.permlabel.hookLocationExtra_test$3.afterHookedMethod(hookLocationExtra_test.java:59)

08-06 03:51:54.120 10670 12265 I LSPosed-Bridge: 	at de.robv.android.xposed.XposedBridge$AdditionalHookInfo.callback(Unknown Source:147)

08-06 03:51:54.120 10670 12265 I LSPosed-Bridge: 	at LSPHooker_.getCellLocation(Unknown Source:8)

08-06 03:51:54.120 10670 12265 I LSPosed-Bridge: 	at com.loc.es.q(Unknown Source:5)

08-06 03:51:54.120 10670 12265 I LSPosed-Bridge: 	at com.loc.es.s(Unknown Source:6)

08-06 03:51:54.120 10670 12265 I LSPosed-Bridge: 	at com.loc.es.a(Unknown Source:17)

08-06 03:51:54.120 10670 12265 I LSPosed-Bridge: 	at com.loc.ei.b(Unknown Source:37)

08-06 03:51:54.120 10670 12265 I LSPosed-Bridge: 	at com.loc.d.a(Unknown Source:10)

08-06 03:51:54.120 10670 12265 I LSPosed-Bridge: 	at com.loc.d.b(Unknown Source:59)

08-06 03:51:54.120 10670 12265 I LSPosed-Bridge: 	at com.loc.d.o(Unknown Source:6)

08-06 03:51:54.120 10670 12265 I LSPosed-Bridge: 	at com.loc.d.p(Unknown Source:94)

08-06 03:51:54.120 10670 12265 I LSPosed-Bridge: 	at com.loc.d.e(Unknown Source:0)

08-06 03:51:54.120 10670 12265 I LSPosed-Bridge: 	at com.loc.d$a.handleMessage(Unknown Source:156)

08-06 03:51:54.120 10670 12265 I LSPosed-Bridge: 	at android.os.Handler.dispatchMessage(Handler.java:106)

08-06 03:51:54.120 10670 12265 I LSPosed-Bridge: 	at android.os.Looper.loop(Looper.java:193)

08-06 03:51:54.120 10670 12265 I LSPosed-Bridge: 	at android.os.HandlerThread.run(HandlerThread.java:65)

08-06 03:51:54.120 10670 12265 I LSPosed-Bridge: 	at com.loc.d$b.run(Unknown Source:0)

08-06 03:51:54.147  1517  1592 I LSPosed-Bridge: 10670 PermLabel 10137 AMS.checkPermission: Binder.getCallingPid() = 1893; uid = 10137; Binder.getCallingUid() = 1001; getNameForUid: android.uid.phone:1001; getPackagesForUid: [com.android.stk, com.qualcomm.simcontacts, com.qualcomm.qti.networksetting, com.qualcomm.qti.autoregistration, com.android.phone, com.qualcomm.qcrilmsgtunnel, com.qualcomm.qti.lpa, com.android.mms.service, com.qti.qualcomm.deviceinfo, com.qualcomm.qti.uim, com.qti.confuridialer, com.qualcomm.qti.telephonyservice, com.android.providers.telephony, com.qualcomm.qti.callfeaturessetting, org.codeaurora.ims, com.qti.qualcomm.datastatusnotification, com.qualcomm.qti.ims, com.qti.xdivert]; permName: android.permission.ACCESS_COARSE_LOCATION; type = 1; res = 0; stacktrace=java.lang.Exception

08-06 03:51:54.147  1517  1592 I LSPosed-Bridge: 	at com.example.permlabel.requirePerm$1$2.afterHookedMethod(requirePerm.java:130)

08-06 03:51:54.147  1517  1592 I LSPosed-Bridge: 	at de.robv.android.xposed.XposedBridge$AdditionalHookInfo.callback(Unknown Source:147)

08-06 03:51:54.147  1517  1592 I LSPosed-Bridge: 	at LSPHooker_.checkPermission(Unknown Source:25)

08-06 03:51:54.147  1517  1592 I LSPosed-Bridge: 	at android.app.IActivityManager$Stub.onTransact(IActivityManager.java:664)

08-06 03:51:54.147  1517  1592 I LSPosed-Bridge: 	at com.android.server.am.ActivityManagerService.onTransact(ActivityManagerService.java:3346)

08-06 03:51:54.147  1517  1592 I LSPosed-Bridge: 	at android.os.Binder.execTransact(Binder.java:731)

08-06 03:51:54.313 10670 12265 I LSPosed-Bridge: 10670 PermLabel 10137; permName: android.permission.ACCESS_COARSE_LOCATION; getAllCellInfo res = [CellInfoWcdma:{mRegistered=NO mTimeStampType=oem_ril mTimeStamp=138944219633ns mCellConnectionStatus=0 CellIdentityWcdma:{ mLac=2011 mCid=13219378 mPsc=149 mUarfcn=10638 mMcc=466 mMnc=89 mAlphaLong=T Star mAlphaShort=T Star} CellSignalStrengthWcdma: ss=14 ber=99}, CellInfoWcdma:{mRegistered=NO mTimeStampType=oem_ril mTimeStamp=138944219633ns mCellConnectionStatus=0 CellIdentityWcdma:{ mLac=2147483647 mCid=2147483647 mPsc=46 mUarfcn=10638 mMcc=null mMnc=null mAlphaLong= mAlphaShort=} CellSignalStrengthWcdma: ss=15 ber=99}, CellInfoWcdma:{mRegistered=NO mTimeStampType=oem_ril mTimeStamp=138944219633ns mCellConnectionStatus=0 CellIdentityWcdma:{ mLac=2147483647 mCid=2147483647 mPsc=66 mUarfcn=10638 mMcc=null mMnc=null mAlphaLong= mAlphaShort=} CellSignalStrengthWcdma: ss=12 ber=99}]; stacktrace=java.lang.Exception

08-06 03:51:54.313 10670 12265 I LSPosed-Bridge: 	at com.example.permlabel.hookLocationExtra_test$4.afterHookedMethod(hookLocationExtra_test.java:66)

08-06 03:51:54.313 10670 12265 I LSPosed-Bridge: 	at de.robv.android.xposed.XposedBridge$AdditionalHookInfo.callback(Unknown Source:147)

08-06 03:51:54.313 10670 12265 I LSPosed-Bridge: 	at LSPHooker_.getAllCellInfo(Unknown Source:8)

08-06 03:51:54.313 10670 12265 I LSPosed-Bridge: 	at com.loc.es.t(Unknown Source:17)

08-06 03:51:54.313 10670 12265 I LSPosed-Bridge: 	at com.loc.es.a(Unknown Source:24)

08-06 03:51:54.313 10670 12265 I LSPosed-Bridge: 	at com.loc.ei.b(Unknown Source:37)

08-06 03:51:54.313 10670 12265 I LSPosed-Bridge: 	at com.loc.d.a(Unknown Source:10)

08-06 03:51:54.313 10670 12265 I LSPosed-Bridge: 	at com.loc.d.b(Unknown Source:59)

08-06 03:51:54.313 10670 12265 I LSPosed-Bridge: 	at com.loc.d.o(Unknown Source:6)

08-06 03:51:54.313 10670 12265 I LSPosed-Bridge: 	at com.loc.d.p(Unknown Source:94)

08-06 03:51:54.313 10670 12265 I LSPosed-Bridge: 	at com.loc.d.e(Unknown Source:0)

08-06 03:51:54.313 10670 12265 I LSPosed-Bridge: 	at com.loc.d$a.handleMessage(Unknown Source:156)

08-06 03:51:54.313 10670 12265 I LSPosed-Bridge: 	at android.os.Handler.dispatchMessage(Handler.java:106)

08-06 03:51:54.313 10670 12265 I LSPosed-Bridge: 	at android.os.Looper.loop(Looper.java:193)

08-06 03:51:54.313 10670 12265 I LSPosed-Bridge: 	at android.os.HandlerThread.run(HandlerThread.java:65)

08-06 03:51:54.313 10670 12265 I LSPosed-Bridge: 	at com.loc.d$b.run(Unknown Source:0)

08-06 03:52:13.995 10670 13731 I LSPosed-Bridge: 10670 PermLabel hookBinder_test 10137 interfaceBinder =android.content.pm.IPackageManager; arg0 = 19; arg1 = android.os.Parcel@2ad9132; arg2 = android.os.Parcel@c173266; arg3 = 0; res = true; stacktrace=java.lang.Exception

08-06 03:52:13.995 10670 13731 I LSPosed-Bridge: 	at com.example.permlabel.hookBinder_test$1.afterHookedMethod(hookBinder_test.java:55)

08-06 03:52:13.995 10670 13731 I LSPosed-Bridge: 	at de.robv.android.xposed.XposedBridge$AdditionalHookInfo.callback(Unknown Source:147)

08-06 03:52:13.995 10670 13731 I LSPosed-Bridge: 	at LSPHooker_.transact(Unknown Source:28)

08-06 03:52:13.995 10670 13731 I LSPosed-Bridge: 	at android.content.pm.IPackageManager$Stub$Proxy.checkPermission(IPackageManager.java:3285)

08-06 03:52:13.995 10670 13731 I LSPosed-Bridge: 	at android.app.ApplicationPackageManager.checkPermission(ApplicationPackageManager.java:581)

08-06 03:52:13.995 10670 13731 I LSPosed-Bridge: 	at java.lang.reflect.Method.invoke(Native Method)

08-06 03:52:13.995 10670 13731 I LSPosed-Bridge: 	at org.lsposed.lspd.nativebridge.HookBridge.invokeOriginalMethod(Native Method)

08-06 03:52:13.995 10670 13731 I LSPosed-Bridge: 	at de.robv.android.xposed.XposedBridge$AdditionalHookInfo.callback(Unknown Source:110)

08-06 03:52:13.995 10670 13731 I LSPosed-Bridge: 	at LSPHooker_.checkPermission(Unknown Source:14)

08-06 03:52:13.995 10670 13731 I LSPosed-Bridge: 10670 PermLabel 10137 PM.checkPermission permName:android.permission.ACCESS_COARSE_LOCATION; Package name: com.mfw.roadbook; Result: 0; stacktrace=java.lang.Exception

08-06 03:52:13.995 10670 13731 I LSPosed-Bridge: 	at com.example.permlabel.requestPerm$1.afterHookedMethod(requestPerm.java:132)

08-06 03:52:13.995 10670 13731 I LSPosed-Bridge: 	at de.robv.android.xposed.XposedBridge$AdditionalHookInfo.callback(Unknown Source:147)

08-06 03:52:13.995 10670 13731 I LSPosed-Bridge: 	at LSPHooker_.checkPermission(Unknown Source:14)

08-06 03:52:14.123 10670 13731 I LSPosed-Bridge: 10670 PermLabel 10137 PM.checkPermission permName:android.permission.ACCESS_COARSE_LOCATION; Package name: com.mfw.roadbook; Result: 0; stacktrace=java.lang.Exception

08-06 03:52:14.123 10670 13731 I LSPosed-Bridge: 	at com.example.permlabel.requestPerm$1.afterHookedMethod(requestPerm.java:132)

08-06 03:52:14.123 10670 13731 I LSPosed-Bridge: 	at de.robv.android.xposed.XposedBridge$AdditionalHookInfo.callback(Unknown Source:147)

08-06 03:52:14.123 10670 13731 I LSPosed-Bridge: 	at LSPHooker_.checkPermission(Unknown Source:14)

08-06 03:52:14.131  1517  1862 I LSPosed-Bridge: 10670 PermLabel 10137 AMS.checkPermission: Binder.getCallingPid() = 1893; uid = 10137; Binder.getCallingUid() = 1001; getNameForUid: android.uid.phone:1001; getPackagesForUid: [com.android.stk, com.qualcomm.simcontacts, com.qualcomm.qti.networksetting, com.qualcomm.qti.autoregistration, com.android.phone, com.qualcomm.qcrilmsgtunnel, com.qualcomm.qti.lpa, com.android.mms.service, com.qti.qualcomm.deviceinfo, com.qualcomm.qti.uim, com.qti.confuridialer, com.qualcomm.qti.telephonyservice, com.android.providers.telephony, com.qualcomm.qti.callfeaturessetting, org.codeaurora.ims, com.qti.qualcomm.datastatusnotification, com.qualcomm.qti.ims, com.qti.xdivert]; permName: android.permission.ACCESS_COARSE_LOCATION; type = 1; res = 0; stacktrace=java.lang.Exception

08-06 03:52:14.131  1517  1862 I LSPosed-Bridge: 	at com.example.permlabel.requirePerm$1$2.afterHookedMethod(requirePerm.java:130)

08-06 03:52:14.131  1517  1862 I LSPosed-Bridge: 	at de.robv.android.xposed.XposedBridge$AdditionalHookInfo.callback(Unknown Source:147)

08-06 03:52:14.131  1517  1862 I LSPosed-Bridge: 	at LSPHooker_.checkPermission(Unknown Source:25)

08-06 03:52:14.131  1517  1862 I LSPosed-Bridge: 	at android.app.IActivityManager$Stub.onTransact(IActivityManager.java:664)

08-06 03:52:14.131  1517  1862 I LSPosed-Bridge: 	at com.android.server.am.ActivityManagerService.onTransact(ActivityManagerService.java:3346)

08-06 03:52:14.131  1517  1862 I LSPosed-Bridge: 	at android.os.Binder.execTransact(Binder.java:731)

08-06 03:52:14.327 10670 13731 I LSPosed-Bridge: 10670 PermLabel hookBinder_test 10137 interfaceBinder =android.content.pm.IPackageManager; arg0 = 19; arg1 = android.os.Parcel@85cd53d; arg2 = android.os.Parcel@db1e45d; arg3 = 0; res = true; stacktrace=java.lang.Exception

08-06 03:52:14.327 10670 13731 I LSPosed-Bridge: 	at com.example.permlabel.hookBinder_test$1.afterHookedMethod(hookBinder_test.java:55)

08-06 03:52:14.327 10670 13731 I LSPosed-Bridge: 	at de.robv.android.xposed.XposedBridge$AdditionalHookInfo.callback(Unknown Source:147)

08-06 03:52:14.327 10670 13731 I LSPosed-Bridge: 	at LSPHooker_.transact(Unknown Source:28)

08-06 03:52:14.327 10670 13731 I LSPosed-Bridge: 	at android.content.pm.IPackageManager$Stub$Proxy.checkPermission(IPackageManager.java:3285)

08-06 03:52:14.327 10670 13731 I LSPosed-Bridge: 	at android.app.ApplicationPackageManager.checkPermission(ApplicationPackageManager.java:581)

08-06 03:52:14.327 10670 13731 I LSPosed-Bridge: 	at java.lang.reflect.Method.invoke(Native Method)

08-06 03:52:14.327 10670 13731 I LSPosed-Bridge: 	at org.lsposed.lspd.nativebridge.HookBridge.invokeOriginalMethod(Native Method)

08-06 03:52:14.327 10670 13731 I LSPosed-Bridge: 	at de.robv.android.xposed.XposedBridge$AdditionalHookInfo.callback(Unknown Source:110)

08-06 03:52:14.327 10670 13731 I LSPosed-Bridge: 	at LSPHooker_.checkPermission(Unknown Source:14)

08-06 03:52:14.327 10670 13731 I LSPosed-Bridge: 10670 PermLabel 10137 PM.checkPermission permName:android.permission.ACCESS_COARSE_LOCATION; Package name: com.mfw.roadbook; Result: 0; stacktrace=java.lang.Exception

08-06 03:52:14.327 10670 13731 I LSPosed-Bridge: 	at com.example.permlabel.requestPerm$1.afterHookedMethod(requestPerm.java:132)

08-06 03:52:14.327 10670 13731 I LSPosed-Bridge: 	at de.robv.android.xposed.XposedBridge$AdditionalHookInfo.callback(Unknown Source:147)

08-06 03:52:14.327 10670 13731 I LSPosed-Bridge: 	at LSPHooker_.checkPermission(Unknown Source:14)

08-06 03:52:14.341  1517  1862 I LSPosed-Bridge: 10670 PermLabel 10137 AMS.checkPermission: Binder.getCallingPid() = 1893; uid = 10137; Binder.getCallingUid() = 1001; getNameForUid: android.uid.phone:1001; getPackagesForUid: [com.android.stk, com.qualcomm.simcontacts, com.qualcomm.qti.networksetting, com.qualcomm.qti.autoregistration, com.android.phone, com.qualcomm.qcrilmsgtunnel, com.qualcomm.qti.lpa, com.android.mms.service, com.qti.qualcomm.deviceinfo, com.qualcomm.qti.uim, com.qti.confuridialer, com.qualcomm.qti.telephonyservice, com.android.providers.telephony, com.qualcomm.qti.callfeaturessetting, org.codeaurora.ims, com.qti.qualcomm.datastatusnotification, com.qualcomm.qti.ims, com.qti.xdivert]; permName: android.permission.ACCESS_COARSE_LOCATION; type = 1; res = 0; stacktrace=java.lang.Exception

08-06 03:52:14.341  1517  1862 I LSPosed-Bridge: 	at com.example.permlabel.requirePerm$1$2.afterHookedMethod(requirePerm.java:130)

08-06 03:52:14.341  1517  1862 I LSPosed-Bridge: 	at de.robv.android.xposed.XposedBridge$AdditionalHookInfo.callback(Unknown Source:147)

08-06 03:52:14.341  1517  1862 I LSPosed-Bridge: 	at LSPHooker_.checkPermission(Unknown Source:25)

08-06 03:52:14.341  1517  1862 I LSPosed-Bridge: 	at android.app.IActivityManager$Stub.onTransact(IActivityManager.java:664)

08-06 03:52:14.341  1517  1862 I LSPosed-Bridge: 	at com.android.server.am.ActivityManagerService.onTransact(ActivityManagerService.java:3346)

08-06 03:52:14.341  1517  1862 I LSPosed-Bridge: 	at android.os.Binder.execTransact(Binder.java:731)

08-06 03:52:14.341   558   558 I ConfigStore: android::hardware::configstore::V1_0::ISurfaceFlingerConfigs::hasHDRDisplay retrieved: 0

08-06 03:52:14.347 10670 13731 I LSPosed-Bridge: 10670 PermLabel 10137; permName: android.permission.ACCESS_COARSE_LOCATION; getCellLocation res = null; stacktrace=java.lang.Exception

08-06 03:52:14.347 10670 13731 I LSPosed-Bridge: 	at com.example.permlabel.hookLocationExtra_test$3.afterHookedMethod(hookLocationExtra_test.java:59)

08-06 03:52:14.347 10670 13731 I LSPosed-Bridge: 	at de.robv.android.xposed.XposedBridge$AdditionalHookInfo.callback(Unknown Source:147)

08-06 03:52:14.347 10670 13731 I LSPosed-Bridge: 	at LSPHooker_.getCellLocation(Unknown Source:8)

08-06 03:52:14.347  2156  2156 I QcrilOemhookMsgTunnel: [1]invokeOemRilRequestRaw: serial=1241 length=24

08-06 03:52:14.388 10670 13731 I LSPosed-Bridge: 10670 PermLabel hookBinder_test 10137 interfaceBinder =android.content.pm.IPackageManager; arg0 = 19; arg1 = android.os.Parcel@db1e45d; arg2 = android.os.Parcel@85cd53d; arg3 = 0; res = true; stacktrace=java.lang.Exception

08-06 03:52:14.388 10670 13731 I LSPosed-Bridge: 	at com.example.permlabel.hookBinder_test$1.afterHookedMethod(hookBinder_test.java:55)

08-06 03:52:14.388 10670 13731 I LSPosed-Bridge: 	at de.robv.android.xposed.XposedBridge$AdditionalHookInfo.callback(Unknown Source:147)

08-06 03:52:14.388 10670 13731 I LSPosed-Bridge: 	at LSPHooker_.transact(Unknown Source:28)

08-06 03:52:14.388 10670 13731 I LSPosed-Bridge: 	at android.content.pm.IPackageManager$Stub$Proxy.checkPermission(IPackageManager.java:3285)

08-06 03:52:14.388 10670 13731 I LSPosed-Bridge: 	at android.app.ApplicationPackageManager.checkPermission(ApplicationPackageManager.java:581)

08-06 03:52:14.388 10670 13731 I LSPosed-Bridge: 	at java.lang.reflect.Method.invoke(Native Method)

08-06 03:52:14.388 10670 13731 I LSPosed-Bridge: 	at org.lsposed.lspd.nativebridge.HookBridge.invokeOriginalMethod(Native Method)

08-06 03:52:14.388 10670 13731 I LSPosed-Bridge: 	at de.robv.android.xposed.XposedBridge$AdditionalHookInfo.callback(Unknown Source:110)

08-06 03:52:14.388 10670 13731 I LSPosed-Bridge: 	at LSPHooker_.checkPermission(Unknown Source:14)

08-06 03:52:14.388 10670 13731 I LSPosed-Bridge: 10670 PermLabel 10137 PM.checkPermission permName:android.permission.ACCESS_COARSE_LOCATION; Package name: com.mfw.roadbook; Result: 0; stacktrace=java.lang.Exception

08-06 03:52:14.388 10670 13731 I LSPosed-Bridge: 	at com.example.permlabel.requestPerm$1.afterHookedMethod(requestPerm.java:132)

08-06 03:52:14.388 10670 13731 I LSPosed-Bridge: 	at de.robv.android.xposed.XposedBridge$AdditionalHookInfo.callback(Unknown Source:147)

08-06 03:52:14.388 10670 13731 I LSPosed-Bridge: 	at LSPHooker_.checkPermission(Unknown Source:14)

08-06 03:52:14.399  1517  4790 I LSPosed-Bridge: 10670 PermLabel 10137 AMS.checkPermission: Binder.getCallingPid() = 1893; uid = 10137; Binder.getCallingUid() = 1001; getNameForUid: android.uid.phone:1001; getPackagesForUid: [com.android.stk, com.qualcomm.simcontacts, com.qualcomm.qti.networksetting, com.qualcomm.qti.autoregistration, com.android.phone, com.qualcomm.qcrilmsgtunnel, com.qualcomm.qti.lpa, com.android.mms.service, com.qti.qualcomm.deviceinfo, com.qualcomm.qti.uim, com.qti.confuridialer, com.qualcomm.qti.telephonyservice, com.android.providers.telephony, com.qualcomm.qti.callfeaturessetting, org.codeaurora.ims, com.qti.qualcomm.datastatusnotification, com.qualcomm.qti.ims, com.qti.xdivert]; permName: android.permission.ACCESS_COARSE_LOCATION; type = 1; res = 0; stacktrace=java.lang.Exception

08-06 03:52:14.399  1517  4790 I LSPosed-Bridge: 	at com.example.permlabel.requirePerm$1$2.afterHookedMethod(requirePerm.java:130)

08-06 03:52:14.399  1517  4790 I LSPosed-Bridge: 	at de.robv.android.xposed.XposedBridge$AdditionalHookInfo.callback(Unknown Source:147)

08-06 03:52:14.399  1517  4790 I LSPosed-Bridge: 	at LSPHooker_.checkPermission(Unknown Source:25)

08-06 03:52:14.399  1517  4790 I LSPosed-Bridge: 	at android.app.IActivityManager$Stub.onTransact(IActivityManager.java:664)

08-06 03:52:14.399  1517  4790 I LSPosed-Bridge: 	at com.android.server.am.ActivityManagerService.onTransact(ActivityManagerService.java:3346)

08-06 03:52:14.399  1517  4790 I LSPosed-Bridge: 	at android.os.Binder.execTransact(Binder.java:731)

08-06 03:52:14.444 10670 13731 I LSPosed-Bridge: 10670 PermLabel 10137; permName: android.permission.ACCESS_COARSE_LOCATION; getAllCellInfo res = [CellInfoWcdma:{mRegistered=NO mTimeStampType=oem_ril mTimeStamp=159177929625ns mCellConnectionStatus=0 CellIdentityWcdma:{ mLac=2011 mCid=13219378 mPsc=149 mUarfcn=10638 mMcc=466 mMnc=89 mAlphaLong=T Star mAlphaShort=T Star} CellSignalStrengthWcdma: ss=14 ber=99}, CellInfoWcdma:{mRegistered=NO mTimeStampType=oem_ril mTimeStamp=159177929625ns mCellConnectionStatus=0 CellIdentityWcdma:{ mLac=2147483647 mCid=2147483647 mPsc=46 mUarfcn=10638 mMcc=null mMnc=null mAlphaLong= mAlphaShort=} CellSignalStrengthWcdma: ss=15 ber=99}, CellInfoWcdma:{mRegistered=NO mTimeStampType=oem_ril mTimeStamp=159177929625ns mCellConnectionStatus=0 CellIdentityWcdma:{ mLac=2147483647 mCid=2147483647 mPsc=66 mUarfcn=10638 mMcc=null mMnc=null mAlphaLong= mAlphaShort=} CellSignalStrengthWcdma: ss=12 ber=99}]; stacktrace=java.lang.Exception

08-06 03:52:14.444 10670 13731 I LSPosed-Bridge: 	at com.example.permlabel.hookLocationExtra_test$4.afterHookedMethod(hookLocationExtra_test.java:66)

08-06 03:52:14.444 10670 13731 I LSPosed-Bridge: 	at de.robv.android.xposed.XposedBridge$AdditionalHookInfo.callback(Unknown Source:147)

08-06 03:52:14.444 10670 13731 I LSPosed-Bridge: 	at LSPHooker_.getAllCellInfo(Unknown Source:8)

08-06 03:52:16.554   558   558 I ConfigStore: android::hardware::configstore::V1_0::ISurfaceFlingerConfigs::hasHDRDisplay retrieved: 0

08-06 03:52:16.554 10670 10670 I LSPosed-Bridge: 10670 PermLabel 10137 ContextImpl.checkPermission: pid = 10670; uid = 10137; permName: android.permission.ACCESS_COARSE_LOCATION; type = 1; res = 0; stacktrace=java.lang.Exception

08-06 03:52:16.554 10670 10670 I LSPosed-Bridge: 	at com.example.permlabel.requestPerm$2.afterHookedMethod(requestPerm.java:210)

08-06 03:52:16.554 10670 10670 I LSPosed-Bridge: 	at de.robv.android.xposed.XposedBridge$AdditionalHookInfo.callback(Unknown Source:147)

08-06 03:52:16.554 10670 10670 I LSPosed-Bridge: 	at LSPHooker_.checkPermission(Unknown Source:25)

08-06 03:52:16.554 10670 10670 I LSPosed-Bridge: 	at android.content.ContextWrapper.checkPermission(ContextWrapper.java:738)

08-06 03:52:16.554 10670 10670 I LSPosed-Bridge: 	at com.yanzhenjie.permission.h.c.a(StandardChecker.java:4)

08-06 03:52:16.554 10670 10670 I LSPosed-Bridge: 	at com.yanzhenjie.permission.h.c.a(StandardChecker.java:1)

08-06 03:52:16.554 10670 10670 I LSPosed-Bridge: 	at com.yanzhenjie.permission.h.a.a(DoubleChecker.java:1)

08-06 03:52:16.554 10670 10670 I LSPosed-Bridge: 	at com.yanzhenjie.permission.b.a(AndPermission.java:13)

08-06 03:52:16.554 10670 10670 I LSPosed-Bridge: 	at com.mfw.permission.a.a(MPermission.kt:58)

08-06 03:52:16.554 10670 10670 I LSPosed-Bridge: 	at com.mfw.roadbook.fakes.FakeLocationService.getGpsInfo(FakeLocationService.java:1)

08-06 03:52:16.554 10670 10670 I LSPosed-Bridge: 	at com.mfw.roadbook.business.main.MainActivity.onPhoneStatusPermResult(MainActivity.java:4)

08-06 03:52:16.554 10670 10670 I LSPosed-Bridge: 	at com.mfw.roadbook.business.main.MainActivity.access$700(MainActivity.java:1)

08-06 03:52:16.554 10670 10670 I LSPosed-Bridge: 	at com.mfw.roadbook.business.main.MainActivity$14$1.nextOperate(MainActivity.java:1)

08-06 03:52:16.554 10670 10670 I LSPosed-Bridge: 	at com.mfw.roadbook.update.AppUpdateUtils.nextOperate(AppUpdateUtils.java:2)

08-06 03:52:16.554 10670 10670 I LSPosed-Bridge: 	at com.mfw.roadbook.update.AppUpdateUtils.access$1300(AppUpdateUtils.java:1)

08-06 03:52:16.554 10670 10670 I LSPosed-Bridge: 	at com.mfw.roadbook.update.AppUpdateUtils$7.onDismiss(AppUpdateUtils.java:1)

08-06 03:52:16.554 10670 10670 I LSPosed-Bridge: 	at android.app.Dialog$ListenersHandler.handleMessage(Dialog.java:1393)

08-06 03:52:16.554 10670 10670 I LSPosed-Bridge: 	at android.os.Handler.dispatchMessage(Handler.java:106)

08-06 03:52:16.554 10670 10670 I LSPosed-Bridge: 	at android.os.Looper.loop(Looper.java:193)

08-06 03:52:16.554 10670 10670 I LSPosed-Bridge: 	at android.app.ActivityThread.main(ActivityThread.java:6692)

08-06 03:52:16.554 10670 10670 I LSPosed-Bridge: 	at java.lang.reflect.Method.invoke(Native Method)

08-06 03:52:16.554 10670 10670 I LSPosed-Bridge: 	at com.android.internal.os.RuntimeInit$MethodAndArgsCaller.run(RuntimeInit.java:493)

08-06 03:52:16.554 10670 10670 I LSPosed-Bridge: 	at com.android.internal.os.ZygoteInit.main(ZygoteInit.java:858)

08-06 03:52:16.606  1517  1862 I LSPosed-Bridge: 10670 PermLabel 10137 AMS.checkPermission: Binder.getCallingPid() = 1517; uid = 10137; Binder.getCallingUid() = 1000; getNameForUid: android.uid.system:1000; getPackagesForUid: [com.asus.setupwizard, com.qualcomm.qti.qmmi, com.hq.mediafilepreset, com.quicinc.cne.CNEService, com.huaqin.CameraCalibration, com.qti.dpmserviceapp, com.caf.fmradio, com.qualcomm.qti.dynamicddsservice, com.android.inputdevices, com.asus.smartreading, com.android.server.telecom, com.android.wallpaperbackup, com.asus.dm, com.asus.UpdateLauncher, android, com.android.providers.settings, com.qualcomm.qti.qtisystemservice, com.qualcomm.qti.services.secureui, com.qualcomm.location, com.asus.loguploaderproxy, com.asus.sysdiagnostic, com.android.location.fused, com.qualcomm.qti.uceShimService, com.qualcomm.qti.simsettings, com.log.logservice, com.android.keychain, com.qualcomm.qti.auth.fidocryptoservice, com.android.settings, com.qualcomm.wfd.service, com.asus.maxxaudio, com.asus.livedemoservice]; permName: android.permission.ACCESS_COARSE_LOCATION; type = 1; res = 0; stacktrace=java.lang.Exception

08-06 03:52:16.606  1517  1862 I LSPosed-Bridge: 	at com.example.permlabel.requirePerm$1$2.afterHookedMethod(requirePerm.java:130)

08-06 03:52:16.606  1517  1862 I LSPosed-Bridge: 	at de.robv.android.xposed.XposedBridge$AdditionalHookInfo.callback(Unknown Source:147)

08-06 03:52:16.606  1517  1862 I LSPosed-Bridge: 	at LSPHooker_.checkPermission(Unknown Source:25)

08-06 03:52:16.606  1517  1862 I LSPosed-Bridge: 	at android.app.ContextImpl.checkPermission(ContextImpl.java:1751)

08-06 03:52:16.606  1517  1862 I LSPosed-Bridge: 	at android.telephony.LocationAccessPolicy.canAccessCellLocation(LocationAccessPolicy.java:73)

08-06 03:52:16.606  1517  1862 I LSPosed-Bridge: 	at com.android.server.TelephonyRegistry.checkLocationAccess(TelephonyRegistry.java:1791)

08-06 03:52:16.606  1517  1862 I LSPosed-Bridge: 	at com.android.server.TelephonyRegistry.listen(TelephonyRegistry.java:554)

08-06 03:52:16.606  1517  1862 I LSPosed-Bridge: 	at com.android.server.TelephonyRegistry.listenForSubscriber(TelephonyRegistry.java:466)

08-06 03:52:16.606  1517  1862 I LSPosed-Bridge: 	at com.android.internal.telephony.ITelephonyRegistry$Stub.onTransact(ITelephonyRegistry.java:96)

08-06 03:52:16.606  1517  1862 I LSPosed-Bridge: 	at android.os.Binder.execTransact(Binder.java:731)

08-06 03:52:16.611 10670 10891 I LSPosed-Bridge: 10670 PermLabel hookBinder_test 10137 interfaceBinder =; arg0 = 1; arg1 = android.os.Parcel@81fb9a7; arg2 = android.os.Parcel@df5e398; arg3 = 0; res = true; stacktrace=java.lang.Exception

08-06 03:52:16.611 10670 10891 I LSPosed-Bridge: 	at com.example.permlabel.hookBinder_test$1.afterHookedMethod(hookBinder_test.java:55)

08-06 03:52:16.611 10670 10891 I LSPosed-Bridge: 	at de.robv.android.xposed.XposedBridge$AdditionalHookInfo.callback(Unknown Source:147)

08-06 03:52:16.611 10670 10891 I LSPosed-Bridge: 	at LSPHooker_.transact(Unknown Source:28)

08-06 03:52:16.611 10670 10891 I LSPosed-Bridge: 	at android.os.ServiceManagerProxy.getService(ServiceManagerNative.java:125)

08-06 03:52:16.611 10670 10891 I LSPosed-Bridge: 	at android.os.ServiceManager.rawGetService(ServiceManager.java:253)

08-06 03:52:16.611 10670 10891 I LSPosed-Bridge: 	at android.os.ServiceManager.getService(ServiceManager.java:124)

08-06 03:52:16.611 10670 10891 I LSPosed-Bridge: 	at android.telephony.SubscriptionManager.getDefaultSubscriptionId(SubscriptionManager.java:1252)

08-06 03:52:16.611 10670 10891 I LSPosed-Bridge: 	at android.telephony.TelephonyManager.getSubId(TelephonyManager.java:4890)

08-06 03:52:16.611 10670 10891 I LSPosed-Bridge: 	at android.telephony.TelephonyManager.getCurrentPhoneType(TelephonyManager.java:1519)

08-06 03:52:16.611 10670 10891 I LSPosed-Bridge: 	at android.telephony.CellLocation.newFromBundle(CellLocation.java:63)

08-06 03:52:16.611 10670 10891 I LSPosed-Bridge: 	at android.telephony.PhoneStateListener$IPhoneStateListenerStub.onCellLocationChanged(PhoneStateListener.java:668)

08-06 03:52:16.611 10670 10891 I LSPosed-Bridge: 	at com.android.internal.telephony.IPhoneStateListener$Stub.onTransact(IPhoneStateListener.java:93)

08-06 03:52:16.611 10670 10891 I LSPosed-Bridge: 	at android.os.Binder.execTransact(Binder.java:731)

08-06 03:52:16.611  1517  1862 I LSPosed-Bridge: 10670 PermLabel 10137 AMS.checkPermission: Binder.getCallingPid() = 1517; uid = 10137; Binder.getCallingUid() = 1000; getNameForUid: android.uid.system:1000; getPackagesForUid: [com.asus.setupwizard, com.qualcomm.qti.qmmi, com.hq.mediafilepreset, com.quicinc.cne.CNEService, com.huaqin.CameraCalibration, com.qti.dpmserviceapp, com.caf.fmradio, com.qualcomm.qti.dynamicddsservice, com.android.inputdevices, com.asus.smartreading, com.android.server.telecom, com.android.wallpaperbackup, com.asus.dm, com.asus.UpdateLauncher, android, com.android.providers.settings, com.qualcomm.qti.qtisystemservice, com.qualcomm.qti.services.secureui, com.qualcomm.location, com.asus.loguploaderproxy, com.asus.sysdiagnostic, com.android.location.fused, com.qualcomm.qti.uceShimService, com.qualcomm.qti.simsettings, com.log.logservice, com.android.keychain, com.qualcomm.qti.auth.fidocryptoservice, com.android.settings, com.qualcomm.wfd.service, com.asus.maxxaudio, com.asus.livedemoservice]; permName: android.permission.ACCESS_COARSE_LOCATION; type = 1; res = 0; stacktrace=java.lang.Exception

08-06 03:52:16.611  1517  1862 I LSPosed-Bridge: 	at com.example.permlabel.requirePerm$1$2.afterHookedMethod(requirePerm.java:130)

08-06 03:52:16.611  1517  1862 I LSPosed-Bridge: 	at de.robv.android.xposed.XposedBridge$AdditionalHookInfo.callback(Unknown Source:147)

08-06 03:52:16.611  1517  1862 I LSPosed-Bridge: 	at LSPHooker_.checkPermission(Unknown Source:25)

08-06 03:52:16.611  1517  1862 I LSPosed-Bridge: 	at android.app.ContextImpl.checkPermission(ContextImpl.java:1751)

08-06 03:52:16.611  1517  1862 I LSPosed-Bridge: 	at android.telephony.LocationAccessPolicy.canAccessCellLocation(LocationAccessPolicy.java:73)

08-06 03:52:16.611  1517  1862 I LSPosed-Bridge: 	at com.android.server.TelephonyRegistry.checkLocationAccess(TelephonyRegistry.java:1791)

08-06 03:52:16.611  1517  1862 I LSPosed-Bridge: 	at com.android.server.TelephonyRegistry.listen(TelephonyRegistry.java:603)

08-06 03:52:16.611  1517  1862 I LSPosed-Bridge: 	at com.android.server.TelephonyRegistry.listenForSubscriber(TelephonyRegistry.java:466)

08-06 03:52:16.611  1517  1862 I LSPosed-Bridge: 	at com.android.internal.telephony.ITelephonyRegistry$Stub.onTransact(ITelephonyRegistry.java:96)

08-06 03:52:16.611  1517  1862 I LSPosed-Bridge: 	at android.os.Binder.execTransact(Binder.java:731)

08-06 03:52:16.646 10670 10670 I LSPosed-Bridge: 10670 PermLabel 10137 ContextImpl.checkPermission: pid = 10670; uid = 10137; permName: android.permission.ACCESS_COARSE_LOCATION; type = 1; res = 0; stacktrace=java.lang.Exception

08-06 03:52:16.646 10670 10670 I LSPosed-Bridge: 	at com.example.permlabel.requestPerm$2.afterHookedMethod(requestPerm.java:210)

08-06 03:52:16.646 10670 10670 I LSPosed-Bridge: 	at de.robv.android.xposed.XposedBridge$AdditionalHookInfo.callback(Unknown Source:147)

08-06 03:52:16.646 10670 10670 I LSPosed-Bridge: 	at LSPHooker_.checkPermission(Unknown Source:25)

08-06 03:52:16.646 10670 10670 I LSPosed-Bridge: 	at android.content.ContextWrapper.checkPermission(ContextWrapper.java:738)

08-06 03:52:16.646 10670 10670 I LSPosed-Bridge: 	at androidx.core.content.ContextCompat.checkSelfPermission(ContextCompat.java:1)

08-06 03:52:16.646 10670 10670 I LSPosed-Bridge: 	at com.mfw.roadbook.permission.PermissionEvent.hasPermission(PermissionEvent.kt:1)

08-06 03:52:16.646 10670 10670 I LSPosed-Bridge: 	at com.mfw.roadbook.permission.PermissionEvent.sendPermissionInfoEvent(PermissionEvent.kt:1)

08-06 03:52:16.646 10670 10670 I LSPosed-Bridge: 	at com.mfw.roadbook.business.main.MainActivity.onPhoneStatusPermResult(MainActivity.java:8)

08-06 03:52:16.646 10670 10670 I LSPosed-Bridge: 	at com.mfw.roadbook.business.main.MainActivity.access$700(MainActivity.java:1)

08-06 03:52:16.646 10670 10670 I LSPosed-Bridge: 	at com.mfw.roadbook.business.main.MainActivity$14$1.nextOperate(MainActivity.java:1)

08-06 03:52:16.646 10670 10670 I LSPosed-Bridge: 	at com.mfw.roadbook.update.AppUpdateUtils.nextOperate(AppUpdateUtils.java:2)

08-06 03:52:16.646 10670 10670 I LSPosed-Bridge: 	at com.mfw.roadbook.update.AppUpdateUtils.access$1300(AppUpdateUtils.java:1)

08-06 03:52:16.646 10670 10670 I LSPosed-Bridge: 	at com.mfw.roadbook.update.AppUpdateUtils$7.onDismiss(AppUpdateUtils.java:1)

08-06 03:52:16.646 10670 10670 I LSPosed-Bridge: 	at android.app.Dialog$ListenersHandler.handleMessage(Dialog.java:1393)

08-06 03:52:16.646 10670 10670 I LSPosed-Bridge: 	at android.os.Handler.dispatchMessage(Handler.java:106)

08-06 03:52:16.646 10670 10670 I LSPosed-Bridge: 	at android.os.Looper.loop(Looper.java:193)

08-06 03:52:16.646 10670 10670 I LSPosed-Bridge: 	at android.app.ActivityThread.main(ActivityThread.java:6692)

08-06 03:52:16.646 10670 10670 I LSPosed-Bridge: 	at java.lang.reflect.Method.invoke(Native Method)

08-06 03:52:16.646 10670 10670 I LSPosed-Bridge: 	at com.android.internal.os.RuntimeInit$MethodAndArgsCaller.run(RuntimeInit.java:493)

08-06 03:52:16.646 10670 10670 I LSPosed-Bridge: 	at com.android.internal.os.ZygoteInit.main(ZygoteInit.java:858)

08-06 03:52:16.646   558   558 I ConfigStore: android::hardware::configstore::V1_0::ISurfaceFlingerConfigs::hasHDRDisplay retrieved: 0

08-06 03:52:16.686   558   558 I ConfigStore: android::hardware::configstore::V1_0::ISurfaceFlingerConfigs::hasHDRDisplay retrieved: 0

08-06 03:52:16.686  1517  5848 I LSPosed-Bridge: 10670 PermLabel 10137 AMS.checkPermission: Binder.getCallingPid() = 1893; uid = 10137; Binder.getCallingUid() = 1001; getNameForUid: android.uid.phone:1001; getPackagesForUid: [com.android.stk, com.qualcomm.simcontacts, com.qualcomm.qti.networksetting, com.qualcomm.qti.autoregistration, com.android.phone, com.qualcomm.qcrilmsgtunnel, com.qualcomm.qti.lpa, com.android.mms.service, com.qti.qualcomm.deviceinfo, com.qualcomm.qti.uim, com.qti.confuridialer, com.qualcomm.qti.telephonyservice, com.android.providers.telephony, com.qualcomm.qti.callfeaturessetting, org.codeaurora.ims, com.qti.qualcomm.datastatusnotification, com.qualcomm.qti.ims, com.qti.xdivert]; permName: android.permission.ACCESS_COARSE_LOCATION; type = 1; res = 0; stacktrace=java.lang.Exception

08-06 03:52:16.686  1517  5848 I LSPosed-Bridge: 	at com.example.permlabel.requirePerm$1$2.afterHookedMethod(requirePerm.java:130)

08-06 03:52:16.686  1517  5848 I LSPosed-Bridge: 	at de.robv.android.xposed.XposedBridge$AdditionalHookInfo.callback(Unknown Source:147)

08-06 03:52:16.686  1517  5848 I LSPosed-Bridge: 	at LSPHooker_.checkPermission(Unknown Source:25)

08-06 03:52:16.686  1517  5848 I LSPosed-Bridge: 	at android.app.IActivityManager$Stub.onTransact(IActivityManager.java:664)

08-06 03:52:16.686  1517  5848 I LSPosed-Bridge: 	at com.android.server.am.ActivityManagerService.onTransact(ActivityManagerService.java:3346)

08-06 03:52:16.686  1517  5848 I LSPosed-Bridge: 	at android.os.Binder.execTransact(Binder.java:731)

08-06 03:52:16.694 10670 13831 I LSPosed-Bridge: 10670 PermLabel 10137; permName: android.permission.ACCESS_COARSE_LOCATION; getCellLocation res = null; stacktrace=java.lang.Exception

08-06 03:52:16.694 10670 13831 I LSPosed-Bridge: 	at com.example.permlabel.hookLocationExtra_test$3.afterHookedMethod(hookLocationExtra_test.java:59)

08-06 03:52:16.694 10670 13831 I LSPosed-Bridge: 	at de.robv.android.xposed.XposedBridge$AdditionalHookInfo.callback(Unknown Source:147)

08-06 03:52:16.694 10670 13831 I LSPosed-Bridge: 	at LSPHooker_.getCellLocation(Unknown Source:8)

08-06 03:52:16.694 10670 13831 I LSPosed-Bridge: 	at com.loc.es.q(Unknown Source:5)

08-06 03:52:16.694 10670 13831 I LSPosed-Bridge: 	at com.loc.es.s(Unknown Source:6)

