08-11 00:39:57.105  5479  5479 I LSPosed-Bridge: 	at android.os.IPowerManager$Stub$Proxy.isInteractive(IPowerManager.java:585)

08-11 00:39:57.105  5479  5479 I LSPosed-Bridge: 	at android.os.PowerManager.isInteractive(PowerManager.java:1082)

08-11 00:39:57.105  5479  5479 I LSPosed-Bridge: 	at android.os.PowerManager.isScreenOn(PowerManager.java:1043)

08-11 00:39:57.105  5479  5479 I LSPosed-Bridge: 	at com.google.android.gms.ads.internal.util.q.N(:com.google.android.gms.policy_ads_fdr_dynamite@232400001@232400000057.538171701.538171701:49)

08-11 00:39:57.105  5479  5479 I LSPosed-Bridge: 	at com.google.android.gms.ads.internal.activeview.f.c(:com.google.android.gms.policy_ads_fdr_dynamite@232400001@232400000057.538171701.538171701:311)

08-11 00:39:57.105  5479  5479 I LSPosed-Bridge: 	at com.google.android.gms.ads.internal.activeview.f.onGlobalLayout(:com.google.android.gms.policy_ads_fdr_dynamite@232400001@232400000057.538171701.538171701:2)

08-11 00:39:57.105  5479  5479 I LSPosed-Bridge: 	at android.view.ViewTreeObserver.dispatchOnGlobalLayout(ViewTreeObserver.java:945)

08-11 00:39:57.105  5479  5479 I LSPosed-Bridge: 	at android.view.ViewRootImpl.performTraversals(ViewRootImpl.java:2363)

08-11 00:39:57.105  5479  5479 I LSPosed-Bridge: 	at android.view.ViewRootImpl.doTraversal(ViewRootImpl.java:1465)

08-11 00:39:57.105  5479  5479 I LSPosed-Bridge: 	at android.view.ViewRootImpl$TraversalRunnable.run(ViewRootImpl.java:7205)

08-11 00:39:57.105  5479  5479 I LSPosed-Bridge: 	at android.view.Choreographer$CallbackRecord.run(Choreographer.java:1004)

08-11 00:39:57.105  5479  5479 I LSPosed-Bridge: 	at android.view.Choreographer.doCallbacks(Choreographer.java:816)

08-11 00:39:57.105  5479  5479 I LSPosed-Bridge: 	at android.view.Choreographer.doFrame(Choreographer.java:751)

08-11 00:39:57.105  5479  5479 I LSPosed-Bridge: 	at android.view.Choreographer$FrameDisplayEventReceiver.run(Choreographer.java:990)

08-11 00:39:57.105  5479  5479 I LSPosed-Bridge: 	at android.os.Handler.handleCallback(Handler.java:873)

08-11 00:39:57.105  5479  5479 I LSPosed-Bridge: 	at android.os.Handler.dispatchMessage(Handler.java:99)

08-11 00:39:57.105  5479  5479 I LSPosed-Bridge: 	at android.os.Looper.loop(Looper.java:193)

08-11 00:39:57.105  5479  5479 I LSPosed-Bridge: 	at android.app.ActivityThread.main(ActivityThread.java:6692)

08-11 00:39:57.105  5479  5479 I LSPosed-Bridge: 	at java.lang.reflect.Method.invoke(Native Method)

08-11 00:39:57.105  5479  5479 I LSPosed-Bridge: 	at com.android.internal.os.RuntimeInit$MethodAndArgsCaller.run(RuntimeInit.java:493)

08-11 00:39:57.105  5479  5479 I LSPosed-Bridge: 	at com.android.internal.os.ZygoteInit.main(ZygoteInit.java:858)

08-11 00:39:57.143  1563  1867 I LSPosed-Bridge: 5479 PermLabel 10120 AMS.checkPermission: Binder.getCallingPid() = 5479; uid = 10120; Binder.getCallingUid() = 10120; getNameForUid: jp.co.johospace.jorte; getPackagesForUid: [jp.co.johospace.jorte]; permName: android.permission.GET_TASKS; type = 0; res = -1; stacktrace=java.lang.Exception

08-11 00:39:57.143  1563  1867 I LSPosed-Bridge: 	at com.example.permlabel.requirePerm$1$2.afterHookedMethod(requirePerm.java:139)

08-11 00:39:57.143  1563  1867 I LSPosed-Bridge: 	at de.robv.android.xposed.XposedBridge$AdditionalHookInfo.callback(Unknown Source:147)

08-11 00:39:57.143  1563  1867 I LSPosed-Bridge: 	at LSPHooker_.checkPermission(Unknown Source:25)

08-11 00:39:57.143  1563  1867 I LSPosed-Bridge: 	at com.android.server.am.ActivityManagerService.isGetTasksAllowed(ActivityManagerService.java:10902)

08-11 00:39:57.143  1563  1867 I LSPosed-Bridge: 	at com.android.server.am.ActivityManagerService.getRunningAppProcesses(ActivityManagerService.java:16139)

08-11 00:39:57.143  1563  1867 I LSPosed-Bridge: 	at android.app.IActivityManager$Stub.onTransact(IActivityManager.java:1088)

08-11 00:39:57.143  1563  1867 I LSPosed-Bridge: 	at com.android.server.am.ActivityManagerService.onTransact(ActivityManagerService.java:3346)

08-11 00:39:57.143  1563  1867 I LSPosed-Bridge: 	at android.os.Binder.execTransact(Binder.java:731)

08-11 00:39:57.143  5479 10786 I LSPosed-Bridge: 5479 PermLabel hookBinder_test 10120 interfaceBinder =android.content.pm.IPackageManager; arg0 = 13; arg1 = android.os.Parcel@549490f; arg2 = android.os.Parcel@510dd9c; arg3 = 0; res = true; stacktrace=java.lang.Exception

08-11 00:39:57.143  5479 10786 I LSPosed-Bridge: 	at com.example.permlabel.hookBinder_test$1.afterHookedMethod(hookBinder_test.java:70)

08-11 00:39:57.143  5479 10786 I LSPosed-Bridge: 	at de.robv.android.xposed.XposedBridge$AdditionalHookInfo.callback(Unknown Source:147)

08-11 00:39:57.143  5479 10786 I LSPosed-Bridge: 	at LSPHooker_.transact(Unknown Source:28)

08-11 00:39:57.143  5479 10786 I LSPosed-Bridge: 	at android.content.pm.IPackageManager$Stub$Proxy.getApplicationInfo(IPackageManager.java:3104)

08-11 00:39:57.143  5479 10786 I LSPosed-Bridge: 	at android.app.ApplicationPackageManager.getApplicationInfoAsUser(ApplicationPackageManager.java:384)

08-11 00:39:57.143  5479 10786 I LSPosed-Bridge: 	at android.app.ApplicationPackageManager.getApplicationInfo(ApplicationPackageManager.java:377)

08-11 00:39:57.143  5479 10786 I LSPosed-Bridge: 	at m.cr.a(:com.google.android.gms.dynamite_measurementdynamite@233013028@23.30.13 (100400-0):7)

08-11 00:39:57.143  5479 10786 I LSPosed-Bridge: 	at m.ek.c(:com.google.android.gms.dynamite_measurementdynamite@233013028@23.30.13 (100400-0):42)

08-11 00:39:57.143  5479 10786 I LSPosed-Bridge: 	at m.ek.d(:com.google.android.gms.dynamite_measurementdynamite@233013028@23.30.13 (100400-0):4)

08-11 00:39:57.143  5479 10786 I LSPosed-Bridge: 	at m.ek.h(:com.google.android.gms.dynamite_measurementdynamite@233013028@23.30.13 (100400-0):13)

08-11 00:39:57.143  5479 10786 I LSPosed-Bridge: 	at m.ix.a(:com.google.android.gms.dynamite_measurementdynamite@233013028@23.30.13 (100400-0):6)

08-11 00:39:57.143  5479 10786 I LSPosed-Bridge: 	at m.ix.u(:com.google.android.gms.dynamite_measurementdynamite@233013028@23.30.13 (100400-0):1)

08-11 00:39:57.143  5479 10786 I LSPosed-Bridge: 	at m.kk.U(:com.google.android.gms.dynamite_measurementdynamite@233013028@23.30.13 (100400-0):5)

08-11 00:39:57.143  5479 10786 I LSPosed-Bridge: 	at m.jr.run(:com.google.android.gms.dynamite_measurementdynamite@233013028@23.30.13 (100400-0):17)

08-11 00:39:57.143  5479 10786 I LSPosed-Bridge: 	at java.util.concurrent.Executors$RunnableAdapter.call(Executors.java:458)

08-11 00:39:57.143  5479 10786 I LSPosed-Bridge: 	at java.util.concurrent.FutureTask.run(FutureTask.java:266)

08-11 00:39:57.143  5479 10786 I LSPosed-Bridge: 	at m.it.run(:com.google.android.gms.dynamite_measurementdynamite@233013028@23.30.13 (100400-0):48)

08-11 00:40:13.846  1563  5400 I LSPosed-Bridge: 5479 PermLabel 10120 AMS.checkPermission: Binder.getCallingPid() = 5479; uid = 10120; Binder.getCallingUid() = 10120; getNameForUid: jp.co.johospace.jorte; getPackagesForUid: [jp.co.johospace.jorte]; permName: android.permission.GET_TASKS; type = 0; res = -1; stacktrace=java.lang.Exception

08-11 00:40:13.846  1563  5400 I LSPosed-Bridge: 	at com.example.permlabel.requirePerm$1$2.afterHookedMethod(requirePerm.java:139)

08-11 00:40:13.846  1563  5400 I LSPosed-Bridge: 	at de.robv.android.xposed.XposedBridge$AdditionalHookInfo.callback(Unknown Source:147)

08-11 00:40:13.846  1563  5400 I LSPosed-Bridge: 	at LSPHooker_.checkPermission(Unknown Source:25)

08-11 00:40:13.846  1563  5400 I LSPosed-Bridge: 	at com.android.server.am.ActivityManagerService.isGetTasksAllowed(ActivityManagerService.java:10902)

08-11 00:40:13.846  1563  5400 I LSPosed-Bridge: 	at com.android.server.am.ActivityManagerService.getRunningAppProcesses(ActivityManagerService.java:16139)

08-11 00:40:13.846  1563  5400 I LSPosed-Bridge: 	at android.app.IActivityManager$Stub.onTransact(IActivityManager.java:1088)

08-11 00:40:13.846  1563  5400 I LSPosed-Bridge: 	at com.android.server.am.ActivityManagerService.onTransact(ActivityManagerService.java:3346)

08-11 00:40:13.846  1563  5400 I LSPosed-Bridge: 	at android.os.Binder.execTransact(Binder.java:731)

08-11 00:40:13.846  5479  5479 I LSPosed-Bridge: 5479 PermLabel hookBinder_test 10120 interfaceBinder =android.view.accessibility.IAccessibilityManager; arg0 = 2; arg1 = android.os.Parcel@2d85680; arg2 = null; arg3 = 1; res = true; stacktrace=java.lang.Exception

08-11 00:40:13.846  5479  5479 I LSPosed-Bridge: 	at com.example.permlabel.hookBinder_test$1.afterHookedMethod(hookBinder_test.java:70)

08-11 00:40:13.846  5479  5479 I LSPosed-Bridge: 	at de.robv.android.xposed.XposedBridge$AdditionalHookInfo.callback(Unknown Source:147)

08-11 00:40:13.846  5479  5479 I LSPosed-Bridge: 	at LSPHooker_.transact(Unknown Source:28)

08-11 00:40:13.846  5479  5479 I LSPosed-Bridge: 	at android.view.accessibility.IAccessibilityManager$Stub$Proxy.sendAccessibilityEvent(IAccessibilityManager.java:279)

08-11 00:40:13.846  5479  5479 I LSPosed-Bridge: 	at android.view.accessibility.AccessibilityManager.sendAccessibilityEvent(AccessibilityManager.java:505)

08-11 00:40:13.846  5479  5479 I LSPosed-Bridge: 	at android.view.ViewRootImpl.requestSendAccessibilityEvent(ViewRootImpl.java:7602)

08-11 00:40:13.846  5479  5479 I LSPosed-Bridge: 	at android.view.ViewGroup.requestSendAccessibilityEvent(ViewGroup.java:1049)

08-11 00:40:13.846  5479  5479 I LSPosed-Bridge: 	at android.view.ViewGroup.requestSendAccessibilityEvent(ViewGroup.java:1049)

08-11 00:40:13.846  5479  5479 I LSPosed-Bridge: 	at android.view.ViewGroup.requestSendAccessibilityEvent(ViewGroup.java:1049)

08-11 00:40:13.846  5479  5479 I LSPosed-Bridge: 	at android.view.ViewGroup.requestSendAccessibilityEvent(ViewGroup.java:1049)

08-11 00:40:13.846  5479  5479 I LSPosed-Bridge: 	at android.view.ViewGroup.requestSendAccessibilityEvent(ViewGroup.java:1049)

08-11 00:40:13.846  5479  5479 I LSPosed-Bridge: 	at android.view.ViewGroup.requestSendAccessibilityEvent(ViewGroup.java:1049)

08-11 00:40:13.846  5479  5479 I LSPosed-Bridge: 	at android.view.ViewGroup.requestSendAccessibilityEvent(ViewGroup.java:1049)

08-11 00:40:13.846  5479  5479 I LSPosed-Bridge: 	at android.view.ViewGroup.requestSendAccessibilityEvent(ViewGroup.java:1049)

08-11 00:40:13.846  5479  5479 I LSPosed-Bridge: 	at android.view.ViewGroup.requestSendAccessibilityEvent(ViewGroup.java:1049)

08-11 00:40:13.846  5479  5479 I LSPosed-Bridge: 	at android.view.ViewGroup.requestSendAccessibilityEvent(ViewGroup.java:1049)

08-11 00:40:13.846  5479  5479 I LSPosed-Bridge: 	at android.view.ViewGroup.requestSendAccessibilityEvent(ViewGroup.java:1049)

08-11 00:40:13.846  5479  5479 I LSPosed-Bridge: 	at android.view.ViewGroup.requestSendAccessibilityEvent(ViewGroup.java:1049)

08-11 00:40:13.846  5479  5479 I LSPosed-Bridge: 	at android.view.View.sendAccessibilityEventUncheckedInternal(View.java:7449)

08-11 00:40:13.846  5479  5479 I LSPosed-Bridge: 	at android.view.View.sendAccessibilityEventUnchecked(View.java:7421)

08-11 00:40:13.846  5479  5479 I LSPosed-Bridge: 	at android.view.View.sendAccessibilityEventInternal(View.java:7398)

08-11 00:40:13.846  5479  5479 I LSPosed-Bridge: 	at android.view.View.sendAccessibilityEvent(View.java:7365)

08-11 00:40:13.846  5479  5479 I LSPosed-Bridge: 	at android.view.View.onFocusChanged(View.java:7240)

08-11 00:40:13.846  5479  5479 I LSPosed-Bridge: 	at android.webkit.WebView.onFocusChanged(WebView.java:3032)

08-11 00:40:13.846  5479  5479 I LSPosed-Bridge: 	at android.view.View.handleFocusGainInternal(View.java:6934)

08-11 00:40:13.846  5479  5479 I LSPosed-Bridge: 	at android.view.ViewGroup.handleFocusGainInternal(ViewGroup.java:795)

08-11 00:40:13.846  5479  5479 I LSPosed-Bridge: 	at android.view.View.requestFocusNoSearch(View.java:11546)

08-11 00:40:13.846  5479  5479 I LSPosed-Bridge: 	at android.view.View.requestFocus(View.java:11520)

08-11 00:40:13.846  5479  5479 I LSPosed-Bridge: 	at android.view.ViewGroup.requestFocus(ViewGroup.java:3230)

08-11 00:40:13.846  5479  5479 I LSPosed-Bridge: 	at android.webkit.WebView.access$1001(WebView.java:357)

08-11 00:40:13.846  5479  5479 I LSPosed-Bridge: 	at android.webkit.WebView$PrivateAccess.super_requestFocus(WebView.java:2549)

08-11 00:40:13.846  5479  5479 I LSPosed-Bridge: 	at com.android.webview.chromium.WebViewChromium.requestFocus(chromium-Monochrome.aab-stable-579016621:39)

08-11 00:40:13.846  5479  5479 I LSPosed-Bridge: 	at android.webkit.WebView.requestFocus(WebView.java:3060)

08-11 00:40:13.846  5479  5479 I LSPosed-Bridge: 	at android.view.View.requestFocus(View.java:11487)

08-11 00:40:13.846  5479  5479 I LSPosed-Bridge: 	at android.view.View.requestFocus(View.java:11429)

08-11 00:40:13.846  5479  5479 I LSPosed-Bridge: 	at android.widget.ListView.layoutChildren(ListView.java:1977)

08-11 00:40:13.846  5479  5479 I LSPosed-Bridge: 	at android.widget.AbsListView.onLayout(AbsListView.java:2198)

08-11 00:40:13.846  5479  5479 I LSPosed-Bridge: 	at android.view.View.layout(View.java:20676)

08-11 00:40:13.846  5479  5479 I LSPosed-Bridge: 	at android.view.ViewGroup.layout(ViewGroup.java:6194)

08-11 00:40:13.846  5479  5479 I LSPosed-Bridge: 	at android.widget.FrameLayout.layoutChildren(FrameLayout.java:323)

08-11 00:40:13.846  5479  5479 I LSPosed-Bridge: 	at android.widget.FrameLayout.onLayout(FrameLayout.java:261)

08-11 00:40:13.846  5479  5479 I LSPosed-Bridge: 	at android.view.View.layout(View.java:20676)

08-11 00:40:13.846  5479  5479 I LSPosed-Bridge: 	at android.view.ViewGroup.layout(ViewGroup.java:6194)

08-11 00:40:13.846  5479  5479 I LSPosed-Bridge: 	at jp.co.johospace.core.view.DrawerLayout.onLayout(DrawerLayout.java:18)

08-11 00:40:13.846  5479  5479 I LSPosed-Bridge: 	at android.view.View.layout(View.java:20676)

08-11 00:40:13.846  5479  5479 I LSPosed-Bridge: 	at android.view.ViewGroup.layout(ViewGroup.java:6194)

08-11 00:40:13.846  5479  5479 I LSPosed-Bridge: 	at androidx.constraintlayout.widget.ConstraintLayout.onLayout(ConstraintLayout.java:12)

08-11 00:40:13.846  5479  5479 I LSPosed-Bridge: 	at android.view.View.layout(View.java:20676)

08-11 00:40:13.846  5479  5479 I LSPosed-Bridge: 	at android.view.ViewGroup.layout(ViewGroup.java:6194)

08-11 00:40:13.846  5479  5479 I LSPosed-Bridge: 	at android.widget.FrameLayout.layoutChildren(FrameLayout.java:323)

08-11 00:40:13.846  5479  5479 I LSPosed-Bridge: 	at android.widget.FrameLayout.onLayout(FrameLayout.java:261)

08-11 00:40:13.846  5479  5479 I LSPosed-Bridge: 	at android.view.View.layout(View.java:20676)

08-11 00:40:13.846  5479  5479 I LSPosed-Bridge: 	at android.view.ViewGroup.layout(ViewGroup.java:6194)

08-11 00:40:13.846  5479  5479 I LSPosed-Bridge: 	at android.widget.LinearLayout.setChildFrame(LinearLayout.java:1812)

08-11 00:40:13.846  5479  5479 I LSPosed-Bridge: 	at android.widget.LinearLayout.layoutVertical(LinearLayout.java:1656)

08-11 00:40:13.846  5479  5479 I LSPosed-Bridge: 	at android.widget.LinearLayout.onLayout(LinearLayout.java:1565)

08-11 00:40:13.846  5479  5479 I LSPosed-Bridge: 	at androi

08-11 00:40:13.891  1563  5416 I LSPosed-Bridge: 5479 PermLabel 10120 AMS.checkPermission: Binder.getCallingPid() = 5479; uid = 10120; Binder.getCallingUid() = 10120; getNameForUid: jp.co.johospace.jorte; getPackagesForUid: [jp.co.johospace.jorte]; permName: android.permission.GET_TASKS; type = 0; res = -1; stacktrace=java.lang.Exception

08-11 00:40:13.891  1563  5416 I LSPosed-Bridge: 	at com.example.permlabel.requirePerm$1$2.afterHookedMethod(requirePerm.java:139)

08-11 00:40:13.891  1563  5416 I LSPosed-Bridge: 	at de.robv.android.xposed.XposedBridge$AdditionalHookInfo.callback(Unknown Source:147)

08-11 00:40:13.891  1563  5416 I LSPosed-Bridge: 	at LSPHooker_.checkPermission(Unknown Source:25)

08-11 00:40:13.891  1563  5416 I LSPosed-Bridge: 	at com.android.server.am.ActivityManagerService.isGetTasksAllowed(ActivityManagerService.java:10902)

08-11 00:40:13.891  1563  5416 I LSPosed-Bridge: 	at com.android.server.am.ActivityManagerService.getRunningAppProcesses(ActivityManagerService.java:16139)

08-11 00:40:13.891  1563  5416 I LSPosed-Bridge: 	at android.app.IActivityManager$Stub.onTransact(IActivityManager.java:1088)

08-11 00:40:13.891  1563  5416 I LSPosed-Bridge: 	at com.android.server.am.ActivityManagerService.onTransact(ActivityManagerService.java:3346)

08-11 00:40:13.891  1563  5416 I LSPosed-Bridge: 	at android.os.Binder.execTransact(Binder.java:731)

08-11 00:40:13.891  5479 14970 I LSPosed-Bridge: 5479 PermLabel hookBinder_test 10120 interfaceBinder =android.app.IActivityManager; arg0 = 9; arg1 = android.os.Parcel@877addb; arg2 = android.os.Parcel@fa090fe; arg3 = 0; res = true; stacktrace=java.lang.Exception

08-11 00:40:13.891  5479 14970 I LSPosed-Bridge: 	at com.example.permlabel.hookBinder_test$1.afterHookedMethod(hookBinder_test.java:70)

08-11 00:40:13.891  5479 14970 I LSPosed-Bridge: 	at de.robv.android.xposed.XposedBridge$AdditionalHookInfo.callback(Unknown Source:147)

08-11 00:40:13.891  5479 14970 I LSPosed-Bridge: 	at LSPHooker_.transact(Unknown Source:28)

08-11 00:40:13.891  5479 14970 I LSPosed-Bridge: 	at android.app.IActivityManager$Stub$Proxy.registerReceiver(IActivityManager.java:3825)

08-11 00:40:13.891  5479 14970 I LSPosed-Bridge: 	at android.app.ContextImpl.registerReceiverInternal(ContextImpl.java:1488)

08-11 00:40:13.891  5479 14970 I LSPosed-Bridge: 	at android.app.ContextImpl.registerReceiver(ContextImpl.java:1449)

08-11 00:40:13.891  5479 14970 I LSPosed-Bridge: 	at android.app.ContextImpl.registerReceiver(ContextImpl.java:1437)

08-11 00:40:13.891  5479 14970 I LSPosed-Bridge: 	at android.content.ContextWrapper.registerReceiver(ContextWrapper.java:623)

08-11 00:40:13.891  5479 14970 I LSPosed-Bridge: 	at com.google.android.ads.z__.n.a(Unknown Source:8)

08-11 00:40:13.891  5479 14970 I LSPosed-Bridge: 	at java.lang.reflect.Method.invoke(Native Method)

08-11 00:40:13.891  5479 14970 I LSPosed-Bridge: 	at com.google.android.ads.tasks.f.a(:com.google.android.gms.policy_ads_fdr_dynamite@232400001@232400000057.538171701.538171701:68)

08-11 00:40:13.891  5479 14970 I LSPosed-Bridge: 	at com.google.android.ads.tasks.ae.f(:com.google.android.gms.policy_ads_fdr_dynamite@232400001@232400000057.538171701.538171701:20)

08-11 00:40:13.891  5479 14970 I LSPosed-Bridge: 	at com.google.android.ads.tasks.ae.call(:com.google.android.gms.policy_ads_fdr_dynamite@232400001@232400000057.538171701.538171701:1)

08-11 00:40:13.891  5479 14970 I LSPosed-Bridge: 	at java.util.concurrent.FutureTask.run(FutureTask.java:266)

08-11 00:40:13.891  5479 14970 I LSPosed-Bridge: 	at java.util.concurrent.ThreadPoolExecutor.runWorker(ThreadPoolExecutor.java:1167)

08-11 00:40:13.891  5479 14970 I LSPosed-Bridge: 	at java.util.concurrent.ThreadPoolExecutor$Worker.run(ThreadPoolExecutor.java:641)

08-11 00:40:13.891  5479 14970 I LSPosed-Bridge: 	at java.lang.Thread.run(Thread.java:764)

08-11 00:40:26.881  1563  5416 I LSPosed-Bridge: 5479 PermLabel 10120 AMS.checkPermission: Binder.getCallingPid() = 5479; uid = 10120; Binder.getCallingUid() = 10120; getNameForUid: jp.co.johospace.jorte; getPackagesForUid: [jp.co.johospace.jorte]; permName: android.permission.GET_TASKS; type = 0; res = -1; stacktrace=java.lang.Exception

08-11 00:40:26.881  1563  5416 I LSPosed-Bridge: 	at com.example.permlabel.requirePerm$1$2.afterHookedMethod(requirePerm.java:139)

08-11 00:40:26.881  1563  5416 I LSPosed-Bridge: 	at de.robv.android.xposed.XposedBridge$AdditionalHookInfo.callback(Unknown Source:147)

08-11 00:40:26.881  1563  5416 I LSPosed-Bridge: 	at LSPHooker_.checkPermission(Unknown Source:25)

08-11 00:40:26.881  1563  5416 I LSPosed-Bridge: 	at com.android.server.am.ActivityManagerService.isGetTasksAllowed(ActivityManagerService.java:10902)

08-11 00:40:26.881  1563  5416 I LSPosed-Bridge: 	at com.android.server.am.ActivityManagerService.getRunningAppProcesses(ActivityManagerService.java:16139)

08-11 00:40:26.881  1563  5416 I LSPosed-Bridge: 	at android.app.IActivityManager$Stub.onTransact(IActivityManager.java:1088)

08-11 00:40:26.881  1563  5416 I LSPosed-Bridge: 	at com.android.server.am.ActivityManagerService.onTransact(ActivityManagerService.java:3346)

08-11 00:40:26.881  1563  5416 I LSPosed-Bridge: 	at android.os.Binder.execTransact(Binder.java:731)

08-11 00:40:26.928  1563  5224 I LSPosed-Bridge: 5479 PermLabel 10120 AMS.checkPermission: Binder.getCallingPid() = 5479; uid = 10120; Binder.getCallingUid() = 10120; getNameForUid: jp.co.johospace.jorte; getPackagesForUid: [jp.co.johospace.jorte]; permName: android.permission.GET_TASKS; type = 0; res = -1; stacktrace=java.lang.Exception

08-11 00:40:26.928  1563  5224 I LSPosed-Bridge: 	at com.example.permlabel.requirePerm$1$2.afterHookedMethod(requirePerm.java:139)

08-11 00:40:26.928  1563  5224 I LSPosed-Bridge: 	at de.robv.android.xposed.XposedBridge$AdditionalHookInfo.callback(Unknown Source:147)

08-11 00:40:26.928  1563  5224 I LSPosed-Bridge: 	at LSPHooker_.checkPermission(Unknown Source:25)

08-11 00:40:26.928  1563  5224 I LSPosed-Bridge: 	at com.android.server.am.ActivityManagerService.isGetTasksAllowed(ActivityManagerService.java:10902)

08-11 00:40:26.928  1563  5224 I LSPosed-Bridge: 	at com.android.server.am.ActivityManagerService.getRunningAppProcesses(ActivityManagerService.java:16139)

08-11 00:40:26.928  1563  5224 I LSPosed-Bridge: 	at android.app.IActivityManager$Stub.onTransact(IActivityManager.java:1088)

08-11 00:40:26.928  1563  5224 I LSPosed-Bridge: 	at com.android.server.am.ActivityManagerService.onTransact(ActivityManagerService.java:3346)

08-11 00:40:26.928  1563  5224 I LSPosed-Bridge: 	at android.os.Binder.execTransact(Binder.java:731)

08-11 00:40:40.012  1563  5224 I LSPosed-Bridge: 5479 PermLabel 10120 AMS.checkPermission: Binder.getCallingPid() = 5479; uid = 10120; Binder.getCallingUid() = 10120; getNameForUid: jp.co.johospace.jorte; getPackagesForUid: [jp.co.johospace.jorte]; permName: android.permission.GET_TASKS; type = 0; res = -1; stacktrace=java.lang.Exception

08-11 00:40:40.012  1563  5224 I LSPosed-Bridge: 	at com.example.permlabel.requirePerm$1$2.afterHookedMethod(requirePerm.java:139)

08-11 00:40:40.012  1563  5224 I LSPosed-Bridge: 	at de.robv.android.xposed.XposedBridge$AdditionalHookInfo.callback(Unknown Source:147)

08-11 00:40:40.012  1563  5224 I LSPosed-Bridge: 	at LSPHooker_.checkPermission(Unknown Source:25)

08-11 00:40:40.012  1563  5224 I LSPosed-Bridge: 	at com.android.server.am.ActivityManagerService.isGetTasksAllowed(ActivityManagerService.java:10902)

08-11 00:40:40.012  1563  5224 I LSPosed-Bridge: 	at com.android.server.am.ActivityManagerService.getRunningAppProcesses(ActivityManagerService.java:16139)

08-11 00:40:40.012  1563  5224 I LSPosed-Bridge: 	at android.app.IActivityManager$Stub.onTransact(IActivityManager.java:1088)

08-11 00:40:40.012  1563  5224 I LSPosed-Bridge: 	at com.android.server.am.ActivityManagerService.onTransact(ActivityManagerService.java:3346)

08-11 00:40:40.012  1563  5224 I LSPosed-Bridge: 	at android.os.Binder.execTransact(Binder.java:731)

08-11 00:40:40.065  1563  5224 I LSPosed-Bridge: 5479 PermLabel 10120 AMS.checkPermission: Binder.getCallingPid() = 5479; uid = 10120; Binder.getCallingUid() = 10120; getNameForUid: jp.co.johospace.jorte; getPackagesForUid: [jp.co.johospace.jorte]; permName: android.permission.GET_TASKS; type = 0; res = -1; stacktrace=java.lang.Exception

08-11 00:40:40.065  1563  5224 I LSPosed-Bridge: 	at com.example.permlabel.requirePerm$1$2.afterHookedMethod(requirePerm.java:139)

08-11 00:40:40.065  1563  5224 I LSPosed-Bridge: 	at de.robv.android.xposed.XposedBridge$AdditionalHookInfo.callback(Unknown Source:147)

08-11 00:40:40.065  1563  5224 I LSPosed-Bridge: 	at LSPHooker_.checkPermission(Unknown Source:25)

08-11 00:40:40.065  1563  5224 I LSPosed-Bridge: 	at com.android.server.am.ActivityManagerService.isGetTasksAllowed(ActivityManagerService.java:10902)

08-11 00:40:40.065  1563  5224 I LSPosed-Bridge: 	at com.android.server.am.ActivityManagerService.getRunningAppProcesses(ActivityManagerService.java:16139)

08-11 00:40:40.065  1563  5224 I LSPosed-Bridge: 	at android.app.IActivityManager$Stub.onTransact(IActivityManager.java:1088)

08-11 00:40:40.065  1563  5224 I LSPosed-Bridge: 	at com.android.server.am.ActivityManagerService.onTransact(ActivityManagerService.java:3346)

08-11 00:40:40.065  1563  5224 I LSPosed-Bridge: 	at android.os.Binder.execTransact(Binder.java:731)

08-11 00:40:56.397  1563  1887 I LSPosed-Bridge: 5479 PermLabel 10120 AMS.checkPermission: Binder.getCallingPid() = 5479; uid = 10120; Binder.getCallingUid() = 10120; getNameForUid: jp.co.johospace.jorte; getPackagesForUid: [jp.co.johospace.jorte]; permName: android.permission.GET_TASKS; type = 0; res = -1; stacktrace=java.lang.Exception

08-11 00:40:56.397  1563  1887 I LSPosed-Bridge: 	at com.example.permlabel.requirePerm$1$2.afterHookedMethod(requirePerm.java:139)

08-11 00:40:56.397  1563  1887 I LSPosed-Bridge: 	at de.robv.android.xposed.XposedBridge$AdditionalHookInfo.callback(Unknown Source:147)

08-11 00:40:56.397  1563  1887 I LSPosed-Bridge: 	at LSPHooker_.checkPermission(Unknown Source:25)

08-11 00:40:56.397  1563  1887 I LSPosed-Bridge: 	at com.android.server.am.ActivityManagerService.isGetTasksAllowed(ActivityManagerService.java:10902)

08-11 00:40:56.397  1563  1887 I LSPosed-Bridge: 	at com.android.server.am.ActivityManagerService.getRunningAppProcesses(ActivityManagerService.java:16139)

08-11 00:40:56.397  1563  1887 I LSPosed-Bridge: 	at android.app.IActivityManager$Stub.onTransact(IActivityManager.java:1088)

08-11 00:40:56.397  1563  1887 I LSPosed-Bridge: 	at com.android.server.am.ActivityManagerService.onTransact(ActivityManagerService.java:3346)

08-11 00:40:56.397  1563  1887 I LSPosed-Bridge: 	at android.os.Binder.execTransact(Binder.java:731)

08-11 00:40:56.441  5479 14968 I LSPosed-Bridge: 5479 PermLabel hookBinder_test 10120 interfaceBinder =android.app.IActivityManager; arg0 = 9; arg1 = android.os.Parcel@3884d81; arg2 = android.os.Parcel@9ca568; arg3 = 0; res = true; stacktrace=java.lang.Exception

08-11 00:40:56.441  5479 14968 I LSPosed-Bridge: 	at com.example.permlabel.hookBinder_test$1.afterHookedMethod(hookBinder_test.java:70)

08-11 00:40:56.441  5479 14968 I LSPosed-Bridge: 	at de.robv.android.xposed.XposedBridge$AdditionalHookInfo.callback(Unknown Source:147)

08-11 00:40:56.441  5479 14968 I LSPosed-Bridge: 	at LSPHooker_.transact(Unknown Source:28)

08-11 00:40:56.441  5479 14968 I LSPosed-Bridge: 	at android.app.IActivityManager$Stub$Proxy.registerReceiver(IActivityManager.java:3825)

08-11 00:40:56.441  5479 14968 I LSPosed-Bridge: 	at android.app.ContextImpl.registerReceiverInternal(ContextImpl.java:1488)

08-11 00:40:56.441  5479 14968 I LSPosed-Bridge: 	at android.app.ContextImpl.registerReceiver(ContextImpl.java:1449)

08-11 00:40:56.441  5479 14968 I LSPosed-Bridge: 	at android.app.ContextImpl.registerReceiver(ContextImpl.java:1437)

08-11 00:40:56.441  5479 14968 I LSPosed-Bridge: 	at android.content.ContextWrapper.registerReceiver(ContextWrapper.java:623)

08-11 00:40:56.441  5479 14968 I LSPosed-Bridge: 	at com.google.android.ads.z__.n.a(Unknown Source:8)

08-11 00:40:56.441  5479 14968 I LSPosed-Bridge: 	at java.lang.reflect.Method.invoke(Native Method)

08-11 00:40:56.441  5479 14968 I LSPosed-Bridge: 	at com.google.android.ads.tasks.f.a(:com.google.android.gms.policy_ads_fdr_dynamite@232400001@232400000057.538171701.538171701:68)

08-11 00:40:56.441  5479 14968 I LSPosed-Bridge: 	at com.google.android.ads.tasks.ae.f(:com.google.android.gms.policy_ads_fdr_dynamite@232400001@232400000057.538171701.538171701:20)

08-11 00:40:56.441  5479 14968 I LSPosed-Bridge: 	at com.google.android.ads.tasks.ae.call(:com.google.android.gms.policy_ads_fdr_dynamite@232400001@232400000057.538171701.538171701:1)

08-11 00:40:56.441  5479 14968 I LSPosed-Bridge: 	at java.util.concurrent.FutureTask.run(FutureTask.java:266)

08-11 00:40:56.441  5479 14968 I LSPosed-Bridge: 	at java.util.concurrent.ThreadPoolExecutor.runWorker(ThreadPoolExecutor.java:1167)

08-11 00:40:56.441  5479 14968 I LSPosed-Bridge: 	at java.util.concurrent.ThreadPoolExecutor$Worker.run(ThreadPoolExecutor.java:641)

08-11 00:40:56.441  5479 14968 I LSPosed-Bridge: 	at java.lang.Thread.run(Thread.java:764)

08-11 00:40:56.441  1563  1887 I LSPosed-Bridge: 5479 PermLabel 10120 AMS.checkPermission: Binder.getCallingPid() = 5479; uid = 10120; Binder.getCallingUid() = 10120; getNameForUid: jp.co.johospace.jorte; getPackagesForUid: [jp.co.johospace.jorte]; permName: android.permission.GET_TASKS; type = 0; res = -1; stacktrace=java.lang.Exception

08-11 00:40:56.441  1563  1887 I LSPosed-Bridge: 	at com.example.permlabel.requirePerm$1$2.afterHookedMethod(requirePerm.java:139)

08-11 00:40:56.441  1563  1887 I LSPosed-Bridge: 	at de.robv.android.xposed.XposedBridge$AdditionalHookInfo.callback(Unknown Source:147)

08-11 00:40:56.441  1563  1887 I LSPosed-Bridge: 	at LSPHooker_.checkPermission(Unknown Source:25)

08-11 00:40:56.441  1563  1887 I LSPosed-Bridge: 	at com.android.server.am.ActivityManagerService.isGetTasksAllowed(ActivityManagerService.java:10902)

08-11 00:40:56.441  1563  1887 I LSPosed-Bridge: 	at com.android.server.am.ActivityManagerService.getRunningAppProcesses(ActivityManagerService.java:16139)

08-11 00:40:56.441  1563  1887 I LSPosed-Bridge: 	at android.app.IActivityManager$Stub.onTransact(IActivityManager.java:1088)

08-11 00:40:56.441  1563  1887 I LSPosed-Bridge: 	at com.android.server.am.ActivityManagerService.onTransact(ActivityManagerService.java:3346)

08-11 00:40:56.441  1563  1887 I LSPosed-Bridge: 	at android.os.Binder.execTransact(Binder.java:731)

08-11 00:40:56.441   549   549 I ConfigStore: android::hardware::configstore::V1_0::ISurfaceFlingerConfigs::hasHDRDisplay retrieved: 0

08-11 00:41:09.639  1563  5400 I LSPosed-Bridge: 5479 PermLabel 10120 AMS.checkPermission: Binder.getCallingPid() = 5479; uid = 10120; Binder.getCallingUid() = 10120; getNameForUid: jp.co.johospace.jorte; getPackagesForUid: [jp.co.johospace.jorte]; permName: android.permission.GET_TASKS; type = 0; res = -1; stacktrace=java.lang.Exception

08-11 00:41:09.639  1563  5400 I LSPosed-Bridge: 	at com.example.permlabel.requirePerm$1$2.afterHookedMethod(requirePerm.java:139)

08-11 00:41:09.639  1563  5400 I LSPosed-Bridge: 	at de.robv.android.xposed.XposedBridge$AdditionalHookInfo.callback(Unknown Source:147)

08-11 00:41:09.639  1563  5400 I LSPosed-Bridge: 	at LSPHooker_.checkPermission(Unknown Source:25)

08-11 00:41:09.639  1563  5400 I LSPosed-Bridge: 	at com.android.server.am.ActivityManagerService.isGetTasksAllowed(ActivityManagerService.java:10902)

08-11 00:41:09.639  1563  5400 I LSPosed-Bridge: 	at com.android.server.am.ActivityManagerService.getRunningAppProcesses(ActivityManagerService.java:16139)

08-11 00:41:09.639  1563  5400 I LSPosed-Bridge: 	at android.app.IActivityManager$Stub.onTransact(IActivityManager.java:1088)

08-11 00:41:09.639  1563  5400 I LSPosed-Bridge: 	at com.android.server.am.ActivityManagerService.onTransact(ActivityManagerService.java:3346)

08-11 00:41:09.639  1563  5400 I LSPosed-Bridge: 	at android.os.Binder.execTransact(Binder.java:731)

08-11 00:41:09.699   549   549 I ConfigStore: android::hardware::configstore::V1_0::ISurfaceFlingerConfigs::hasHDRDisplay retrieved: 0

08-11 00:41:09.699  1563  6949 I LSPosed-Bridge: 5479 PermLabel 10120 AMS.checkPermission: Binder.getCallingPid() = 5479; uid = 10120; Binder.getCallingUid() = 10120; getNameForUid: jp.co.johospace.jorte; getPackagesForUid: [jp.co.johospace.jorte]; permName: android.permission.GET_TASKS; type = 0; res = -1; stacktrace=java.lang.Exception

08-11 00:41:09.699  1563  6949 I LSPosed-Bridge: 	at com.example.permlabel.requirePerm$1$2.afterHookedMethod(requirePerm.java:139)

08-11 00:41:09.699  1563  6949 I LSPosed-Bridge: 	at de.robv.android.xposed.XposedBridge$AdditionalHookInfo.callback(Unknown Source:147)

08-11 00:41:09.699  1563  6949 I LSPosed-Bridge: 	at LSPHooker_.checkPermission(Unknown Source:25)

08-11 00:41:09.699  1563  6949 I LSPosed-Bridge: 	at com.android.server.am.ActivityManagerService.isGetTasksAllowed(ActivityManagerService.java:10902)

08-11 00:41:09.699  1563  6949 I LSPosed-Bridge: 	at com.android.server.am.ActivityManagerService.getRunningAppProcesses(ActivityManagerService.java:16139)

08-11 00:41:09.699  1563  6949 I LSPosed-Bridge: 	at android.app.IActivityManager$Stub.onTransact(IActivityManager.java:1088)

08-11 00:41:09.699  1563  6949 I LSPosed-Bridge: 	at com.android.server.am.ActivityManagerService.onTransact(ActivityManagerService.java:3346)

08-11 00:41:09.699  1563  6949 I LSPosed-Bridge: 	at android.os.Binder.execTransact(Binder.java:731)

08-11 00:41:22.624  5479 14970 I LSPosed-Bridge: 5479 PermLabel hookBinder_test 10120 interfaceBinder =android.app.IActivityManager; arg0 = 200; arg1 = android.os.Parcel@e31057; arg2 = android.os.Parcel@9f2a744; arg3 = 0; res = true; stacktrace=java.lang.Exception

08-11 00:41:22.624  5479 14970 I LSPosed-Bridge: 	at com.example.permlabel.hookBinder_test$1.afterHookedMethod(hookBinder_test.java:70)

08-11 00:41:22.624  5479 14970 I LSPosed-Bridge: 	at de.robv.android.xposed.XposedBridge$AdditionalHookInfo.callback(Unknown Source:147)

08-11 00:41:22.624  5479 14970 I LSPosed-Bridge: 	at LSPHooker_.transact(Unknown Source:28)

08-11 00:41:22.624  5479 14970 I LSPosed-Bridge: 	at android.app.IActivityManager$Stub$Proxy.getAppTasks(IActivityManager.java:7872)

08-11 00:41:22.624  5479 14970 I LSPosed-Bridge: 	at android.app.ActivityManager.getAppTasks(ActivityManager.java:1861)

08-11 00:41:22.624  5479 14970 I LSPosed-Bridge: 	at com.google.android.ads.z__.j.b(Unknown Source:8)

08-11 00:41:22.624  5479 14970 I LSPosed-Bridge: 	at com.google.android.ads.z__.j.a(Unknown Source:58)

08-11 00:41:22.624  5479 14970 I LSPosed-Bridge: 	at java.lang.reflect.Method.invoke(Native Method)

08-11 00:41:22.624  5479 14970 I LSPosed-Bridge: 	at com.google.android.ads.tasks.a.a(:com.google.android.gms.policy_ads_fdr_dynamite@232400001@232400000057.538171701.538171701:41)

08-11 00:41:22.624  5479 14970 I LSPosed-Bridge: 	at com.google.android.ads.tasks.ae.f(:com.google.android.gms.policy_ads_fdr_dynamite@232400001@232400000057.538171701.538171701:20)

08-11 00:41:22.624  5479 14970 I LSPosed-Bridge: 	at com.google.android.ads.tasks.ae.call(:com.google.android.gms.policy_ads_fdr_dynamite@232400001@232400000057.538171701.538171701:1)

08-11 00:41:22.624  5479 14970 I LSPosed-Bridge: 	at java.util.concurrent.FutureTask.run(FutureTask.java:266)

08-11 00:41:22.624  5479 14970 I LSPosed-Bridge: 	at java.util.concurrent.ThreadPoolExecutor.runWorker(ThreadPoolExecutor.java:1167)

08-11 00:41:22.624  5479 14970 I LSPosed-Bridge: 	at java.util.concurrent.ThreadPoolExecutor$Worker.run(ThreadPoolExecutor.java:641)

08-11 00:41:22.624  5479 14970 I LSPosed-Bridge: 	at java.lang.Thread.run(Thread.java:764)

08-11 00:41:22.624  1563  5400 I LSPosed-Bridge: 5479 PermLabel 10120 AMS.checkPermission: Binder.getCallingPid() = 5479; uid = 10120; Binder.getCallingUid() = 10120; getNameForUid: jp.co.johospace.jorte; getPackagesForUid: [jp.co.johospace.jorte]; permName: android.permission.GET_TASKS; type = 0; res = -1; stacktrace=java.lang.Exception

08-11 00:41:22.624  1563  5400 I LSPosed-Bridge: 	at com.example.permlabel.requirePerm$1$2.afterHookedMethod(requirePerm.java:139)

08-11 00:41:22.624  1563  5400 I LSPosed-Bridge: 	at de.robv.android.xposed.XposedBridge$AdditionalHookInfo.callback(Unknown Source:147)

08-11 00:41:22.624  1563  5400 I LSPosed-Bridge: 	at LSPHooker_.checkPermission(Unknown Source:25)

08-11 00:41:22.624  1563  5400 I LSPosed-Bridge: 	at com.android.server.am.ActivityManagerService.isGetTasksAllowed(ActivityManagerService.java:10902)

08-11 00:41:22.624  1563  5400 I LSPosed-Bridge: 	at com.android.server.am.ActivityManagerService.getRunningAppProcesses(ActivityManagerService.java:16139)

08-11 00:41:22.624  1563  5400 I LSPosed-Bridge: 	at android.app.IActivityManager$Stub.onTransact(IActivityManager.java:1088)

08-11 00:41:22.624  1563  5400 I LSPosed-Bridge: 	at com.android.server.am.ActivityManagerService.onTransact(ActivityManagerService.java:3346)

08-11 00:41:22.624  1563  5400 I LSPosed-Bridge: 	at android.os.Binder.execTransact(Binder.java:731)

08-11 00:41:22.624  5479  5479 I LSPosed-Bridge: 5479 PermLabel hookBinder_test 10120 interfaceBinder =android.view.accessibility.IAccessibilityManager; arg0 = 2; arg1 = android.os.Parcel@de115f1; arg2 = null; arg3 = 1; res = true; stacktrace=java.lang.Exception

08-11 00:41:22.624  5479  5479 I LSPosed-Bridge: 	at com.example.permlabel.hookBinder_test$1.afterHookedMethod(hookBinder_test.java:70)

08-11 00:41:22.624  5479  5479 I LSPosed-Bridge: 	at de.robv.android.xposed.XposedBridge$AdditionalHookInfo.callback(Unknown Source:147)

08-11 00:41:22.624  5479  5479 I LSPosed-Bridge: 	at LSPHooker_.transact(Unknown Source:28)

08-11 00:41:22.624  5479  5479 I LSPosed-Bridge: 	at android.view.accessibility.IAccessibilityManager$Stub$Proxy.sendAccessibilityEvent(IAccessibilityManager.java:279)

08-11 00:41:22.624  5479  5479 I LSPosed-Bridge: 	at android.view.accessibility.AccessibilityManager.sendAccessibilityEvent(AccessibilityManager.java:505)

08-11 00:41:22.624  5479  5479 I LSPosed-Bridge: 	at android.view.ViewRootImpl.requestSendAccessibilityEvent(ViewRootImpl.java:7602)

08-11 00:41:22.624  5479  5479 I LSPosed-Bridge: 	at android.view.ViewGroup.requestSendAccessibilityEvent(ViewGroup.java:1049)

08-11 00:41:22.624  5479  5479 I LSPosed-Bridge: 	at android.view.ViewGroup.requestSendAccessibilityEvent(ViewGroup.java:1049)

08-11 00:41:22.624  5479  5479 I LSPosed-Bridge: 	at android.view.ViewGroup.requestSendAccessibilityEvent(ViewGroup.java:1049)

08-11 00:41:22.624  5479  5479 I LSPosed-Bridge: 	at android.view.ViewGroup.requestSendAccessibilityEvent(ViewGroup.java:1049)

08-11 00:41:22.624  5479  5479 I LSPosed-Bridge: 	at android.view.ViewGroup.requestSendAccessibilityEvent(ViewGroup.java:1049)

08-11 00:41:22.624  5479  5479 I LSPosed-Bridge: 	at android.view.ViewGroup.requestSendAccessibilityEvent(ViewGroup.java:1049)

08-11 00:41:22.624  5479  5479 I LSPosed-Bridge: 	at android.view.ViewGroup.requestSendAccessibilityEvent(ViewGroup.java:1049)

08-11 00:41:22.624  5479  5479 I LSPosed-Bridge: 	at android.view.ViewGroup.requestSendAccessibilityEvent(ViewGroup.java:1049)

08-11 00:41:22.624  5479  5479 I LSPosed-Bridge: 	at android.view.ViewGroup.requestSendAccessibilityEvent(ViewGroup.java:1049)

08-11 00:41:22.624  5479  5479 I LSPosed-Bridge: 	at android.view.ViewGroup.requestSendAccessibilityEvent(ViewGroup.java:1049)

08-11 00:41:22.624  5479  5479 I LSPosed-Bridge: 	at android.view.ViewGroup.requestSendAccessibilityEvent(ViewGroup.java:1049)

08-11 00:41:22.624  5479  5479 I LSPosed-Bridge: 	at android.view.ViewGroup.requestSendAccessibilityEvent(ViewGroup.java:1049)

08-11 00:41:22.624  5479  5479 I LSPosed-Bridge: 	at android.view.View.sendAccessibilityEventUncheckedInternal(View.java:7449)

08-11 00:41:22.624  5479  5479 I LSPosed-Bridge: 	at android.view.View.sendAccessibilityEventUnchecked(View.java:7421)

08-11 00:41:22.624  5479  5479 I LSPosed-Bridge: 	at android.view.ViewRootImpl$SendWindowContentChangedAccessibilityEvent.run(ViewRootImpl.java:8412)

08-11 00:41:22.624  5479  5479 I LSPosed-Bridge: 	at android.view.ViewRootImpl$SendWindowContentChangedAccessibilityEvent.removeCallbacksAndRun(ViewRootImpl.java:8467)

08-11 00:41:22.624  5479  5479 I LSPosed-Bridge: 	at android.view.ViewRootImpl.requestSendAccessibilityEvent(ViewRootImpl.java:7561)

08-11 00:41:22.624  5479  5479 I LSPosed-Bridge: 	at android.view.ViewGroup.requestSendAccessibilityEvent(ViewGroup.java:1049)

08-11 00:41:22.624  5479  5479 I LSPosed-Bridge: 	at android.view.ViewGroup.requestSendAccessibilityEvent(ViewGroup.java:1049)

08-11 00:41:22.624  5479  5479 I LSPosed-Bridge: 	at android.view.ViewGroup.requestSendAccessibilityEvent(ViewGroup.java:1049)

08-11 00:41:22.624  5479  5479 I LSPosed-Bridge: 	at android.view.ViewGroup.requestSendAccessibilityEvent(ViewGroup.java:1049)

08-11 00:41:22.624  5479  5479 I LSPosed-Bridge: 	at android.view.ViewGroup.requestSendAccessibilityEvent(ViewGroup.java:1049)

08-11 00:41:22.624  5479  5479 I LSPosed-Bridge: 	at android.view.ViewGroup.requestSendAccessibilityEvent(ViewGroup.java:1049)

08-11 00:41:22.624  5479  5479 I LSPosed-Bridge: 	at android.view.View.sendAccessibilityEventUncheckedInternal(View.java:7449)

08-11 00:41:22.624  5479  5479 I LSPosed-Bridge: 	at android.view.View.sendAccessibilityEventUnchecked(View.java:7421)

08-11 00:41:22.624  5479  5479 I LSPosed-Bridge: 	at android.widget.AbsListView.sendAccessibilityEventUnchecked(AbsListView.java:1532)

08-11 00:41:22.624  5479  5479 I LSPosed-Bridge: 	at android.view.View.sendAccessibilityEventInternal(View.java:7398)

08-11 00:41:22.624  5479  5479 I LSPosed-Bridge: 	at android.view.View.sendAccessibilityEvent(View.java:7365)

08-11 00:41:22.624  5479  5479 I LSPosed-Bridge: 	at android.view.View.onFocusChanged(View.java:7240)

08-11 00:41:22.624  5479  5479 I LSPosed-Bridge: 	at android.widget.AbsListView.onFocusChanged(AbsListView.java:2009)

08-11 00:41:22.624  5479  5479 I LSPosed-Bridge: 	at android.widget.ListView.onFocusChanged(ListView.java:3826)

08-11 00:41:22.624  5479  5479 I LSPosed-Bridge: 	at android.view.View.handleFocusGainInternal(View.java:6934)

08-11 00:41:22.624  5479  5479 I LSPosed-Bridge: 	at android.view.ViewGroup.handleFocusGainInternal(ViewGroup.java:795)

08-11 00:41:22.624  5479  5479 I LSPosed-Bridge: 	at android.view.View.requestFocusNoSearch(View.java:11546)

08-11 00:41:22.624  5479  5479 I LSPosed-Bridge: 	at android.view.View.requestFocus(View.java:11520)

08-11 00:41:22.624  5479  5479 I LSPosed-Bridge: 	at android.view.ViewGroup.requestFocus(ViewGroup.java:3230)

08-11 00:41:22.624  5479  5479 I LSPosed-Bridge: 	at android.view.View.requestFocus(View.java:11487)

08-11 00:41:22.624  5479  5479 I LSPosed-Bridge: 	at android.view.View.requestFocus(View.java:11429)

08-11 00:41:22.624  5479  5479 I LSPosed-Bridge: 	at android.widget.ListView.layoutChildren(ListView.java:1836)

08-11 00:41:22.624  5479  5479 I LSPosed-Bridge: 	at android.widget.AbsListView.onLayout(AbsListView.java:2198)

08-11 00:41:22.624  5479  5479 I LSPosed-Bridge: 	at android.view.View.layout(View.java:20676)

08-11 00:41:22.624  5479  5479 I LSPosed-Bridge: 	at android.view.ViewGroup.layout(ViewGroup.java:6194)

08-11 00:41:22.624  5479  5479 I LSPosed-Bridge: 	at android.widget.FrameLayout.layoutChildren(FrameLayout.java:323)

08-11 00:41:22.624  5479  5479 I LSPosed-Bridge: 	at android.widget.FrameLayout.onLayout(FrameLayout.java:261)

08-11 00:41:22.624  5479  5479 I LSPosed-Bridge: 	at android.view.View.layout(View.java:20676)

08-11 00:41:22.624  5479  5479 I LSPosed-Bridge: 	at android.view.ViewGroup.layout(ViewGroup.java:6194)

08-11 00:41:22.624  5479  5479 I LSPosed-Bridge: 	at jp.co.johospace.core.view.DrawerL

08-11 00:41:22.624  5479 17765 I LSPosed-Bridge: 5479 PermLabel hookBinder_test 10120 interfaceBinder =android.app.IActivityManager; arg0 = 9; arg1 = android.os.Parcel@2099962; arg2 = android.os.Parcel@e9e5af3; arg3 = 0; res = true; stacktrace=java.lang.Exception

08-11 00:41:22.624  5479 17765 I LSPosed-Bridge: 	at com.example.permlabel.hookBinder_test$1.afterHookedMethod(hookBinder_test.java:70)

08-11 00:41:22.624  5479 17765 I LSPosed-Bridge: 	at de.robv.android.xposed.XposedBridge$AdditionalHookInfo.callback(Unknown Source:147)

08-11 00:41:22.624  5479 17765 I LSPosed-Bridge: 	at LSPHooker_.transact(Unknown Source:28)

08-11 00:41:22.624  5479 17765 I LSPosed-Bridge: 	at android.app.IActivityManager$Stub$Proxy.registerReceiver(IActivityManager.java:3825)

08-11 00:41:22.624  5479 17765 I LSPosed-Bridge: 	at android.app.ContextImpl.registerReceiverInternal(ContextImpl.java:1488)

08-11 00:41:22.624  5479 17765 I LSPosed-Bridge: 	at android.app.ContextImpl.registerReceiver(ContextImpl.java:1449)

08-11 00:41:22.624  5479 17765 I LSPosed-Bridge: 	at android.app.ContextImpl.registerReceiver(ContextImpl.java:1437)

08-11 00:41:22.624  5479 17765 I LSPosed-Bridge: 	at android.content.ContextWrapper.registerReceiver(ContextWrapper.java:623)

08-11 00:41:22.624  5479 17765 I LSPosed-Bridge: 	at com.google.android.ads.z__.am.a(Unknown Source:8)

08-11 00:41:22.624  5479 17765 I LSPosed-Bridge: 	at java.lang.reflect.Method.invoke(Native Method)

08-11 00:41:22.624  5479 17765 I LSPosed-Bridge: 	at com.google.android.ads.tasks.aa.a(:com.google.android.gms.policy_ads_fdr_dynamite@232400001@232400000057.538171701.538171701:42)

08-11 00:41:22.624  5479 17765 I LSPosed-Bridge: 	at com.google.android.ads.tasks.ae.f(:com.google.android.gms.policy_ads_fdr_dynamite@232400001@232400000057.538171701.538171701:20)

08-11 00:41:22.624  5479 17765 I LSPosed-Bridge: 	at com.google.android.ads.tasks.ae.call(:com.google.android.gms.policy_ads_fdr_dynamite@232400001@232400000057.538171701.538171701:1)

08-11 00:41:22.624  5479 17765 I LSPosed-Bridge: 	at java.util.concurrent.FutureTask.run(FutureTask.java:266)

08-11 00:41:22.624  5479 17765 I LSPosed-Bridge: 	at java.util.concurrent.ThreadPoolExecutor.runWorker(ThreadPoolExecutor.java:1167)

08-11 00:41:22.624  5479 17765 I LSPosed-Bridge: 	at java.util.concurrent.ThreadPoolExecutor$Worker.run(ThreadPoolExecutor.java:641)

08-11 00:41:22.624  5479 17765 I LSPosed-Bridge: 	at java.lang.Thread.run(Thread.java:764)

08-11 00:41:22.659  1563  6949 I LSPosed-Bridge: 5479 PermLabel 10120 AMS.checkPermission: Binder.getCallingPid() = 5479; uid = 10120; Binder.getCallingUid() = 10120; getNameForUid: jp.co.johospace.jorte; getPackagesForUid: [jp.co.johospace.jorte]; permName: android.permission.GET_TASKS; type = 0; res = -1; stacktrace=java.lang.Exception

08-11 00:41:22.659  1563  6949 I LSPosed-Bridge: 	at com.example.permlabel.requirePerm$1$2.afterHookedMethod(requirePerm.java:139)

08-11 00:41:22.659  1563  6949 I LSPosed-Bridge: 	at de.robv.android.xposed.XposedBridge$AdditionalHookInfo.callback(Unknown Source:147)

08-11 00:41:22.659  1563  6949 I LSPosed-Bridge: 	at LSPHooker_.checkPermission(Unknown Source:25)

08-11 00:41:22.659  1563  6949 I LSPosed-Bridge: 	at com.android.server.am.ActivityManagerService.isGetTasksAllowed(ActivityManagerService.java:10902)

08-11 00:41:22.659  1563  6949 I LSPosed-Bridge: 	at com.android.server.am.ActivityManagerService.getRunningAppProcesses(ActivityManagerService.java:16139)

08-11 00:41:22.659  1563  6949 I LSPosed-Bridge: 	at android.app.IActivityManager$Stub.onTransact(IActivityManager.java:1088)

08-11 00:41:22.659  1563  6949 I LSPosed-Bridge: 	at com.android.server.am.ActivityManagerService.onTransact(ActivityManagerService.java:3346)

08-11 00:41:22.659  1563  6949 I LSPosed-Bridge: 	at android.os.Binder.execTransact(Binder.java:731)

08-11 00:41:22.659   549   549 I ConfigStore: android::hardware::configstore::V1_0::ISurfaceFlingerConfigs::hasHDRDisplay retrieved: 0

08-11 00:41:22.659  5479 20835 I LSPosed-Bridge: 5479 PermLabel hookBinder_test 10120 interfaceBinder =android.hardware.display.IDisplayManager; arg0 = 1; arg1 = android.os.Parcel@445095a; arg2 = android.os.Parcel@d338e72; arg3 = 0; res = true; stacktrace=java.lang.Exception

08-11 00:41:22.659  5479 20835 I LSPosed-Bridge: 	at com.example.permlabel.hookBinder_test$1.afterHookedMethod(hookBinder_test.java:70)

08-11 00:41:22.659  5479 20835 I LSPosed-Bridge: 	at de.robv.android.xposed.XposedBridge$AdditionalHookInfo.callback(Unknown Source:147)

08-11 00:41:22.659  5479 20835 I LSPosed-Bridge: 	at LSPHooker_.transact(Unknown Source:28)

08-11 00:41:22.659  5479 20835 I LSPosed-Bridge: 	at android.hardware.display.IDisplayManager$Stub$Proxy.getDisplayInfo(IDisplayManager.java:404)

08-11 00:41:22.659  5479 20835 I LSPosed-Bridge: 	at android.hardware.display.DisplayManagerGlobal.getDisplayInfo(DisplayManagerGlobal.java:124)

08-11 00:41:22.659  5479 20835 I LSPosed-Bridge: 	at android.view.Display.updateDisplayInfoLocked(Display.java:1046)

08-11 00:41:22.659  5479 20835 I LSPosed-Bridge: 	at android.view.Display.updateCachedAppSizeIfNeededLocked(Display.java:1070)

08-11 00:41:22.659  5479 20835 I LSPosed-Bridge: 	at android.view.Display.getWidth(Display.java:691)

08-11 00:41:22.659  5479 20835 I LSPosed-Bridge: 	at com.google.android.gms.ads.nonagon.ad.activeview.f.a(:com.google.android.gms.policy_ads_fdr_dynamite@232400001@232400000057.538171701.538171701:239)

08-11 00:41:22.659  5479 20835 I LSPosed-Bridge: 	at com.google.android.gms.ads.nonagon.ad.activeview.j.g(:com.google.android.gms.policy_ads_fdr_dynamite@232400001@232400000057.538171701.538171701:36)

08-11 00:41:22.659  5479 20835 I LSPosed-Bridge: 	at com.google.android.gms.ads.nonagon.ad.activeview.j.bd(:com.google.android.gms.policy_ads_fdr_dynamite@232400001@232400000057.538171701.538171701:10)

08-11 00:41:22.659  5479 20835 I LSPosed-Bridge: 	at com.google.android.gms.ads.nonagon.ad.event.fp.a(:com.google.android.gms.policy_ads_fdr_dynamite@232400001@232400000057.538171701.538171701:5)

08-11 00:41:22.659  5479 20835 I LSPosed-Bridge: 	at com.google.android.gms.ads.nonagon.ad.event.du.run(:com.google.android.gms.policy_ads_fdr_dynamite@232400001@232400000057.538171701.538171701:5)

08-11 00:41:22.659  5479 20835 I LSPosed-Bridge: 	at java.util.concurrent.ThreadPoolExecutor.runWorker(ThreadPoolExecutor.java:1167)

08-11 00:41:22.659  5479 20835 I LSPosed-Bridge: 	at java.util.concurrent.ThreadPoolExecutor$Worker.run(ThreadPoolExecutor.java:641)

08-11 00:41:22.659  5479 20835 I LSPosed-Bridge: 	at java.lang.Thread.run(Thread.java:764)

