08-05 06:10:58.055  1564  4795 I LSPosed-Bridge: 7741 PermLabel 10146 AMS.checkPermission: Binder.getCallingPid() = 7741; uid = 10146; Binder.getCallingUid() = 10146; getNameForUid: com.shopee.tw; getPackagesForUid: [com.shopee.tw]; permName: android.permission.GET_TASKS; type = 0; res = -1; stacktrace=java.lang.Exception

08-05 06:10:58.055  1564  4795 I LSPosed-Bridge: 	at com.example.permlabel.requirePerm$1$2.afterHookedMethod(requirePerm.java:121)

08-05 06:10:58.055  1564  4795 I LSPosed-Bridge: 	at de.robv.android.xposed.XposedBridge$AdditionalHookInfo.callback(Unknown Source:147)

08-05 06:10:58.055  1564  4795 I LSPosed-Bridge: 	at LSPHooker_.checkPermission(Unknown Source:25)

08-05 06:10:58.055  1564  4795 I LSPosed-Bridge: 	at com.android.server.am.ActivityManagerService.isGetTasksAllowed(ActivityManagerService.java:10902)

08-05 06:10:58.055  1564  4795 I LSPosed-Bridge: 	at com.android.server.am.ActivityManagerService.getRunningAppProcesses(ActivityManagerService.java:16139)

08-05 06:10:58.055  1564  4795 I LSPosed-Bridge: 	at android.app.IActivityManager$Stub.onTransact(IActivityManager.java:1088)

08-05 06:10:58.055  1564  4795 I LSPosed-Bridge: 	at com.android.server.am.ActivityManagerService.onTransact(ActivityManagerService.java:3346)

08-05 06:10:58.055  1564  4795 I LSPosed-Bridge: 	at android.os.Binder.execTransact(Binder.java:731)

08-05 06:10:58.484  1564  4795 I LSPosed-Bridge: 7741 PermLabel 10146 AMS.checkPermission: Binder.getCallingPid() = 7741; uid = 10146; Binder.getCallingUid() = 10146; getNameForUid: com.shopee.tw; getPackagesForUid: [com.shopee.tw]; permName: android.permission.GET_TASKS; type = 0; res = -1; stacktrace=java.lang.Exception

08-05 06:10:58.484  1564  4795 I LSPosed-Bridge: 	at com.example.permlabel.requirePerm$1$2.afterHookedMethod(requirePerm.java:121)

08-05 06:10:58.484  1564  4795 I LSPosed-Bridge: 	at de.robv.android.xposed.XposedBridge$AdditionalHookInfo.callback(Unknown Source:147)

08-05 06:10:58.484  1564  4795 I LSPosed-Bridge: 	at LSPHooker_.checkPermission(Unknown Source:25)

08-05 06:10:58.484  1564  4795 I LSPosed-Bridge: 	at com.android.server.am.ActivityManagerService.isGetTasksAllowed(ActivityManagerService.java:10902)

08-05 06:10:58.484  1564  4795 I LSPosed-Bridge: 	at com.android.server.am.ActivityManagerService.getRunningAppProcesses(ActivityManagerService.java:16139)

08-05 06:10:58.484  1564  4795 I LSPosed-Bridge: 	at android.app.IActivityManager$Stub.onTransact(IActivityManager.java:1088)

08-05 06:10:58.484  1564  4795 I LSPosed-Bridge: 	at com.android.server.am.ActivityManagerService.onTransact(ActivityManagerService.java:3346)

08-05 06:10:58.484  1564  4795 I LSPosed-Bridge: 	at android.os.Binder.execTransact(Binder.java:731)

08-05 06:11:06.782  1564  1576 I LSPosed-Bridge: 7741 PermLabel 10146 AMS.checkPermission: Binder.getCallingPid() = 7741; uid = 10146; Binder.getCallingUid() = 10146; getNameForUid: com.shopee.tw; getPackagesForUid: [com.shopee.tw]; permName: android.permission.GET_TASKS; type = 0; res = -1; stacktrace=java.lang.Exception

08-05 06:11:06.782  1564  1576 I LSPosed-Bridge: 	at com.example.permlabel.requirePerm$1$2.afterHookedMethod(requirePerm.java:121)

08-05 06:11:06.782  1564  1576 I LSPosed-Bridge: 	at de.robv.android.xposed.XposedBridge$AdditionalHookInfo.callback(Unknown Source:147)

08-05 06:11:06.782  1564  1576 I LSPosed-Bridge: 	at LSPHooker_.checkPermission(Unknown Source:25)

08-05 06:11:06.782  1564  1576 I LSPosed-Bridge: 	at com.android.server.am.ActivityManagerService.isGetTasksAllowed(ActivityManagerService.java:10902)

08-05 06:11:06.782  1564  1576 I LSPosed-Bridge: 	at com.android.server.am.ActivityManagerService.getRunningAppProcesses(ActivityManagerService.java:16139)

08-05 06:11:06.782  1564  1576 I LSPosed-Bridge: 	at android.app.IActivityManager$Stub.onTransact(IActivityManager.java:1088)

08-05 06:11:06.782  1564  1576 I LSPosed-Bridge: 	at com.android.server.am.ActivityManagerService.onTransact(ActivityManagerService.java:3346)

08-05 06:11:06.782  1564  1576 I LSPosed-Bridge: 	at android.os.Binder.execTransact(Binder.java:731)

08-05 06:11:07.211  1564  7848 I LSPosed-Bridge: 7741 PermLabel 10146 AMS.checkPermission: Binder.getCallingPid() = 7741; uid = 10146; Binder.getCallingUid() = 10146; getNameForUid: com.shopee.tw; getPackagesForUid: [com.shopee.tw]; permName: android.permission.GET_TASKS; type = 0; res = -1; stacktrace=java.lang.Exception

08-05 06:11:07.211  1564  7848 I LSPosed-Bridge: 	at com.example.permlabel.requirePerm$1$2.afterHookedMethod(requirePerm.java:121)

08-05 06:11:07.211  1564  7848 I LSPosed-Bridge: 	at de.robv.android.xposed.XposedBridge$AdditionalHookInfo.callback(Unknown Source:147)

08-05 06:11:07.211  1564  7848 I LSPosed-Bridge: 	at LSPHooker_.checkPermission(Unknown Source:25)

08-05 06:11:07.211  1564  7848 I LSPosed-Bridge: 	at com.android.server.am.ActivityManagerService.isGetTasksAllowed(ActivityManagerService.java:10902)

08-05 06:11:07.211  1564  7848 I LSPosed-Bridge: 	at com.android.server.am.ActivityManagerService.getRunningAppProcesses(ActivityManagerService.java:16139)

08-05 06:11:07.211  1564  7848 I LSPosed-Bridge: 	at android.app.IActivityManager$Stub.onTransact(IActivityManager.java:1088)

08-05 06:11:07.211  1564  7848 I LSPosed-Bridge: 	at com.android.server.am.ActivityManagerService.onTransact(ActivityManagerService.java:3346)

08-05 06:11:07.211  1564  7848 I LSPosed-Bridge: 	at android.os.Binder.execTransact(Binder.java:731)

08-05 06:11:07.211  7741  8025 I LSPosed-Bridge: 7741 PermLabel hookBinder_test 10146 interfaceBinder =android.content.pm.IPackageManager; arg0 = 13; arg1 = android.os.Parcel@4114396; arg2 = android.os.Parcel@31dba82; arg3 = 0; res = true; stacktrace=java.lang.Exception

08-05 06:11:07.211  7741  8025 I LSPosed-Bridge: 	at com.example.permlabel.hookBinder_test$1.afterHookedMethod(hookBinder_test.java:52)

08-05 06:11:07.211  7741  8025 I LSPosed-Bridge: 	at de.robv.android.xposed.XposedBridge$AdditionalHookInfo.callback(Unknown Source:147)

08-05 06:11:07.211  7741  8025 I LSPosed-Bridge: 	at LSPHooker_.transact(Unknown Source:28)

08-05 06:11:07.211  7741  8025 I LSPosed-Bridge: 	at android.content.pm.IPackageManager$Stub$Proxy.getApplicationInfo(IPackageManager.java:3104)

08-05 06:11:07.211  7741  8025 I LSPosed-Bridge: 	at android.app.ApplicationPackageManager.getApplicationInfoAsUser(ApplicationPackageManager.java:384)

08-05 06:11:07.211  7741  8025 I LSPosed-Bridge: 	at android.app.ApplicationPackageManager.getApplicationInfo(ApplicationPackageManager.java:377)

08-05 06:11:07.211  7741  8025 I LSPosed-Bridge: 	at m.cr.a(:com.google.android.gms.dynamite_measurementdynamite@232617028@23.26.17 (100400-0):7)

08-05 06:11:07.211  7741  8025 I LSPosed-Bridge: 	at m.ek.c(:com.google.android.gms.dynamite_measurementdynamite@232617028@23.26.17 (100400-0):42)

08-05 06:11:07.211  7741  8025 I LSPosed-Bridge: 	at m.ek.d(:com.google.android.gms.dynamite_measurementdynamite@232617028@23.26.17 (100400-0):4)

08-05 06:11:07.211  7741  8025 I LSPosed-Bridge: 	at m.ek.h(:com.google.android.gms.dynamite_measurementdynamite@232617028@23.26.17 (100400-0):13)

08-05 06:11:07.211  7741  8025 I LSPosed-Bridge: 	at m.jb.a(:com.google.android.gms.dynamite_measurementdynamite@232617028@23.26.17 (100400-0):6)

08-05 06:11:07.211  7741  8025 I LSPosed-Bridge: 	at m.jb.u(:com.google.android.gms.dynamite_measurementdynamite@232617028@23.26.17 (100400-0):1)

08-05 06:11:07.211  7741  8025 I LSPosed-Bridge: 	at m.ko.U(:com.google.android.gms.dynamite_measurementdynamite@232617028@23.26.17 (100400-0):5)

08-05 06:11:07.211  7741  8025 I LSPosed-Bridge: 	at m.jv.run(:com.google.android.gms.dynamite_measurementdynamite@232617028@23.26.17 (100400-0):17)

08-05 06:11:07.211  7741  8025 I LSPosed-Bridge: 	at java.util.concurrent.Executors$RunnableAdapter.call(Executors.java:458)

08-05 06:11:07.211  7741  8025 I LSPosed-Bridge: 	at java.util.concurrent.FutureTask.run(FutureTask.java:266)

08-05 06:11:07.211  7741  8025 I LSPosed-Bridge: 	at m.ix.run(:com.google.android.gms.dynamite_measurementdynamite@232617028@23.26.17 (100400-0):48)

08-05 06:11:09.708  7741  8025 I LSPosed-Bridge: 7741 PermLabel hookBinder_test 10146 interfaceBinder =android.content.pm.IPackageManager; arg0 = 13; arg1 = android.os.Parcel@992895; arg2 = android.os.Parcel@6d51d79; arg3 = 0; res = true; stacktrace=java.lang.Exception

08-05 06:11:09.708  7741  8025 I LSPosed-Bridge: 	at com.example.permlabel.hookBinder_test$1.afterHookedMethod(hookBinder_test.java:52)

08-05 06:11:09.708  7741  8025 I LSPosed-Bridge: 	at de.robv.android.xposed.XposedBridge$AdditionalHookInfo.callback(Unknown Source:147)

08-05 06:11:09.708  7741  8025 I LSPosed-Bridge: 	at LSPHooker_.transact(Unknown Source:28)

08-05 06:11:09.708  7741  8025 I LSPosed-Bridge: 	at android.content.pm.IPackageManager$Stub$Proxy.getApplicationInfo(IPackageManager.java:3104)

08-05 06:11:09.708  7741  8025 I LSPosed-Bridge: 	at android.app.ApplicationPackageManager.getApplicationInfoAsUser(ApplicationPackageManager.java:384)

08-05 06:11:09.708  7741  8025 I LSPosed-Bridge: 	at android.app.ApplicationPackageManager.getApplicationInfo(ApplicationPackageManager.java:377)

08-05 06:11:09.708  7741  8025 I LSPosed-Bridge: 	at m.cr.a(:com.google.android.gms.dynamite_measurementdynamite@232617028@23.26.17 (100400-0):7)

08-05 06:11:09.708  7741  8025 I LSPosed-Bridge: 	at m.ek.c(:com.google.android.gms.dynamite_measurementdynamite@232617028@23.26.17 (100400-0):42)

08-05 06:11:09.708  7741  8025 I LSPosed-Bridge: 	at m.ek.d(:com.google.android.gms.dynamite_measurementdynamite@232617028@23.26.17 (100400-0):4)

08-05 06:11:09.708  7741  8025 I LSPosed-Bridge: 	at m.ek.h(:com.google.android.gms.dynamite_measurementdynamite@232617028@23.26.17 (100400-0):13)

08-05 06:11:09.708  7741  8025 I LSPosed-Bridge: 	at m.jb.a(:com.google.android.gms.dynamite_measurementdynamite@232617028@23.26.17 (100400-0):6)

08-05 06:11:09.708  7741  8025 I LSPosed-Bridge: 	at m.jb.u(:com.google.android.gms.dynamite_measurementdynamite@232617028@23.26.17 (100400-0):1)

08-05 06:11:09.708  7741  8025 I LSPosed-Bridge: 	at m.ko.U(:com.google.android.gms.dynamite_measurementdynamite@232617028@23.26.17 (100400-0):5)

08-05 06:11:09.708  7741  8025 I LSPosed-Bridge: 	at m.jv.run(:com.google.android.gms.dynamite_measurementdynamite@232617028@23.26.17 (100400-0):17)

08-05 06:11:09.708  7741  8025 I LSPosed-Bridge: 	at java.util.concurrent.Executors$RunnableAdapter.call(Executors.java:458)

08-05 06:11:09.708  7741  8025 I LSPosed-Bridge: 	at java.util.concurrent.FutureTask.run(FutureTask.java:266)

08-05 06:11:09.708  7741  8025 I LSPosed-Bridge: 	at m.ix.run(:com.google.android.gms.dynamite_measurementdynamite@232617028@23.26.17 (100400-0):48)

08-05 06:11:09.708  1564  7756 I LSPosed-Bridge: 7741 PermLabel 10146 AMS.checkPermission: Binder.getCallingPid() = 7741; uid = 10146; Binder.getCallingUid() = 10146; getNameForUid: com.shopee.tw; getPackagesForUid: [com.shopee.tw]; permName: android.permission.GET_TASKS; type = 0; res = -1; stacktrace=java.lang.Exception

08-05 06:11:09.708  1564  7756 I LSPosed-Bridge: 	at com.example.permlabel.requirePerm$1$2.afterHookedMethod(requirePerm.java:121)

08-05 06:11:09.708  1564  7756 I LSPosed-Bridge: 	at de.robv.android.xposed.XposedBridge$AdditionalHookInfo.callback(Unknown Source:147)

08-05 06:11:09.708  1564  7756 I LSPosed-Bridge: 	at LSPHooker_.checkPermission(Unknown Source:25)

08-05 06:11:09.708  1564  7756 I LSPosed-Bridge: 	at com.android.server.am.ActivityManagerService.isGetTasksAllowed(ActivityManagerService.java:10902)

08-05 06:11:09.708  1564  7756 I LSPosed-Bridge: 	at com.android.server.am.ActivityManagerService.getRunningAppProcesses(ActivityManagerService.java:16139)

08-05 06:11:09.708  1564  7756 I LSPosed-Bridge: 	at android.app.IActivityManager$Stub.onTransact(IActivityManager.java:1088)

08-05 06:11:09.708  1564  7756 I LSPosed-Bridge: 	at com.android.server.am.ActivityManagerService.onTransact(ActivityManagerService.java:3346)

08-05 06:11:09.708  1564  7756 I LSPosed-Bridge: 	at android.os.Binder.execTransact(Binder.java:731)

08-05 06:11:10.014  7741 10278 I LSPosed-Bridge: 7741 PermLabel hookBinder_test 10146 interfaceBinder =android.app.IActivityManager; arg0 = 140; arg1 = android.os.Parcel@10e1bd6; arg2 = android.os.Parcel@d013e57; arg3 = 0; res = true; stacktrace=java.lang.Exception

08-05 06:11:10.014  7741 10278 I LSPosed-Bridge: 	at com.example.permlabel.hookBinder_test$1.afterHookedMethod(hookBinder_test.java:52)

08-05 06:11:10.014  7741 10278 I LSPosed-Bridge: 	at de.robv.android.xposed.XposedBridge$AdditionalHookInfo.callback(Unknown Source:147)

08-05 06:11:10.014  7741 10278 I LSPosed-Bridge: 	at LSPHooker_.transact(Unknown Source:28)

08-05 06:11:10.014  7741 10278 I LSPosed-Bridge: 	at android.app.IActivityManager$Stub$Proxy.getMyMemoryState(IActivityManager.java:6589)

08-05 06:11:10.014  7741 10278 I LSPosed-Bridge: 	at android.app.ActivityManager.getMyMemoryState(ActivityManager.java:3575)

08-05 06:11:10.014  7741 10278 I LSPosed-Bridge: 	at com.shopee.cronet.lib.response.c.onRequestFinished(SourceFile:7)

08-05 06:11:10.014  7741 10278 I LSPosed-Bridge: 	at org.chromium.net.impl.VersionSafeCallbacks$RequestFinishedInfoListener.onRequestFinished(Unknown Source:2)

08-05 06:11:10.014  7741 10278 I LSPosed-Bridge: 	at org.chromium.net.impl.CronetUrlRequestContext$4.run(SourceFile:1)

08-05 06:11:10.014  7741 10278 I LSPosed-Bridge: 	at java.util.concurrent.Executors$RunnableAdapter.call(Executors.java:458)

08-05 06:11:10.014  7741 10278 I LSPosed-Bridge: 	at java.util.concurrent.FutureTask.run(FutureTask.java:266)

08-05 06:11:10.014  7741 10278 I LSPosed-Bridge: 	at java.util.concurrent.ScheduledThreadPoolExecutor$ScheduledFutureTask.run(ScheduledThreadPoolExecutor.java:301)

08-05 06:11:10.014  7741 10278 I LSPosed-Bridge: 	at java.util.concurrent.ThreadPoolExecutor.runWorker(ThreadPoolExecutor.java:1167)

08-05 06:11:10.014  7741 10278 I LSPosed-Bridge: 	at java.util.concurrent.ThreadPoolExecutor$Worker.run(ThreadPoolExecutor.java:641)

08-05 06:11:10.014  7741 10278 I LSPosed-Bridge: 	at java.lang.Thread.run(Thread.java:764)

08-05 06:11:10.014  1564  7756 I LSPosed-Bridge: 7741 PermLabel 10146 AMS.checkPermission: Binder.getCallingPid() = 7741; uid = 10146; Binder.getCallingUid() = 10146; getNameForUid: com.shopee.tw; getPackagesForUid: [com.shopee.tw]; permName: android.permission.GET_TASKS; type = 0; res = -1; stacktrace=java.lang.Exception

08-05 06:11:10.014  1564  7756 I LSPosed-Bridge: 	at com.example.permlabel.requirePerm$1$2.afterHookedMethod(requirePerm.java:121)

08-05 06:11:10.014  1564  7756 I LSPosed-Bridge: 	at de.robv.android.xposed.XposedBridge$AdditionalHookInfo.callback(Unknown Source:147)

08-05 06:11:10.014  1564  7756 I LSPosed-Bridge: 	at LSPHooker_.checkPermission(Unknown Source:25)

08-05 06:11:10.014  1564  7756 I LSPosed-Bridge: 	at com.android.server.am.ActivityManagerService.isGetTasksAllowed(ActivityManagerService.java:10902)

08-05 06:11:10.014  1564  7756 I LSPosed-Bridge: 	at com.android.server.am.ActivityManagerService.getRunningAppProcesses(ActivityManagerService.java:16139)

08-05 06:11:10.014  1564  7756 I LSPosed-Bridge: 	at android.app.IActivityManager$Stub.onTransact(IActivityManager.java:1088)

08-05 06:11:10.014  1564  7756 I LSPosed-Bridge: 	at com.android.server.am.ActivityManagerService.onTransact(ActivityManagerService.java:3346)

08-05 06:11:10.014  1564  7756 I LSPosed-Bridge: 	at android.os.Binder.execTransact(Binder.java:731)

08-05 06:11:13.097  1564  4795 I LSPosed-Bridge: 7741 PermLabel 10146 AMS.checkPermission: Binder.getCallingPid() = 7741; uid = 10146; Binder.getCallingUid() = 10146; getNameForUid: com.shopee.tw; getPackagesForUid: [com.shopee.tw]; permName: android.permission.GET_TASKS; type = 0; res = -1; stacktrace=java.lang.Exception

08-05 06:11:13.097  1564  4795 I LSPosed-Bridge: 	at com.example.permlabel.requirePerm$1$2.afterHookedMethod(requirePerm.java:121)

08-05 06:11:13.097  1564  4795 I LSPosed-Bridge: 	at de.robv.android.xposed.XposedBridge$AdditionalHookInfo.callback(Unknown Source:147)

08-05 06:11:13.097  1564  4795 I LSPosed-Bridge: 	at LSPHooker_.checkPermission(Unknown Source:25)

08-05 06:11:13.097  1564  4795 I LSPosed-Bridge: 	at com.android.server.am.ActivityManagerService.isGetTasksAllowed(ActivityManagerService.java:10902)

08-05 06:11:13.097  1564  4795 I LSPosed-Bridge: 	at com.android.server.am.ActivityManagerService.getRunningAppProcesses(ActivityManagerService.java:16139)

08-05 06:11:13.097  1564  4795 I LSPosed-Bridge: 	at android.app.IActivityManager$Stub.onTransact(IActivityManager.java:1088)

08-05 06:11:13.097  1564  4795 I LSPosed-Bridge: 	at com.android.server.am.ActivityManagerService.onTransact(ActivityManagerService.java:3346)

08-05 06:11:13.097  1564  4795 I LSPosed-Bridge: 	at android.os.Binder.execTransact(Binder.java:731)

08-05 06:11:13.114  1564  1576 I LSPosed-Bridge: 7741 PermLabel 10146 AMS.checkPermission: Binder.getCallingPid() = 7741; uid = 10146; Binder.getCallingUid() = 10146; getNameForUid: com.shopee.tw; getPackagesForUid: [com.shopee.tw]; permName: android.permission.GET_TASKS; type = 0; res = -1; stacktrace=java.lang.Exception

08-05 06:11:13.114  1564  1576 I LSPosed-Bridge: 	at com.example.permlabel.requirePerm$1$2.afterHookedMethod(requirePerm.java:121)

08-05 06:11:13.114  1564  1576 I LSPosed-Bridge: 	at de.robv.android.xposed.XposedBridge$AdditionalHookInfo.callback(Unknown Source:147)

08-05 06:11:13.114  1564  1576 I LSPosed-Bridge: 	at LSPHooker_.checkPermission(Unknown Source:25)

08-05 06:11:13.114  1564  1576 I LSPosed-Bridge: 	at com.android.server.am.ActivityManagerService.isGetTasksAllowed(ActivityManagerService.java:10902)

08-05 06:11:13.114  1564  1576 I LSPosed-Bridge: 	at com.android.server.am.ActivityManagerService.getRunningAppProcesses(ActivityManagerService.java:16139)

08-05 06:11:13.114  1564  1576 I LSPosed-Bridge: 	at android.app.IActivityManager$Stub.onTransact(IActivityManager.java:1088)

08-05 06:11:13.114  1564  1576 I LSPosed-Bridge: 	at com.android.server.am.ActivityManagerService.onTransact(ActivityManagerService.java:3346)

08-05 06:11:13.114  1564  1576 I LSPosed-Bridge: 	at android.os.Binder.execTransact(Binder.java:731)

08-05 06:11:13.114  7741 10278 I LSPosed-Bridge: 7741 PermLabel hookBinder_test 10146 interfaceBinder =android.app.IActivityManager; arg0 = 140; arg1 = android.os.Parcel@fd9fdb9; arg2 = android.os.Parcel@94155d9; arg3 = 0; res = true; stacktrace=java.lang.Exception

08-05 06:11:13.114  7741 10278 I LSPosed-Bridge: 	at com.example.permlabel.hookBinder_test$1.afterHookedMethod(hookBinder_test.java:52)

08-05 06:11:13.114  7741 10278 I LSPosed-Bridge: 	at de.robv.android.xposed.XposedBridge$AdditionalHookInfo.callback(Unknown Source:147)

08-05 06:11:13.114  7741 10278 I LSPosed-Bridge: 	at LSPHooker_.transact(Unknown Source:28)

08-05 06:11:13.114  7741 10278 I LSPosed-Bridge: 	at android.app.IActivityManager$Stub$Proxy.getMyMemoryState(IActivityManager.java:6589)

08-05 06:11:13.114  7741 10278 I LSPosed-Bridge: 	at android.app.ActivityManager.getMyMemoryState(ActivityManager.java:3575)

08-05 06:11:13.114  7741 10278 I LSPosed-Bridge: 	at com.shopee.cronet.lib.response.c.onRequestFinished(SourceFile:7)

08-05 06:11:13.114  7741 10278 I LSPosed-Bridge: 	at org.chromium.net.impl.VersionSafeCallbacks$RequestFinishedInfoListener.onRequestFinished(Unknown Source:2)

08-05 06:11:13.114  7741 10278 I LSPosed-Bridge: 	at org.chromium.net.impl.CronetUrlRequestContext$4.run(SourceFile:1)

08-05 06:11:13.114  7741 10278 I LSPosed-Bridge: 	at java.util.concurrent.Executors$RunnableAdapter.call(Executors.java:458)

08-05 06:11:13.114  7741 10278 I LSPosed-Bridge: 	at java.util.concurrent.FutureTask.run(FutureTask.java:266)

08-05 06:11:13.114  7741 10278 I LSPosed-Bridge: 	at java.util.concurrent.ScheduledThreadPoolExecutor$ScheduledFutureTask.run(ScheduledThreadPoolExecutor.java:301)

08-05 06:11:13.114  7741 10278 I LSPosed-Bridge: 	at java.util.concurrent.ThreadPoolExecutor.runWorker(ThreadPoolExecutor.java:1167)

08-05 06:11:13.114  7741 10278 I LSPosed-Bridge: 	at java.util.concurrent.ThreadPoolExecutor$Worker.run(ThreadPoolExecutor.java:641)

08-05 06:11:13.114  7741 10278 I LSPosed-Bridge: 	at java.lang.Thread.run(Thread.java:764)

08-05 06:11:13.173  1564  1576 I LSPosed-Bridge: 7741 PermLabel 10146 AMS.checkPermission: Binder.getCallingPid() = 7741; uid = 10146; Binder.getCallingUid() = 10146; getNameForUid: com.shopee.tw; getPackagesForUid: [com.shopee.tw]; permName: android.permission.GET_TASKS; type = 0; res = -1; stacktrace=java.lang.Exception

08-05 06:11:13.173  1564  1576 I LSPosed-Bridge: 	at com.example.permlabel.requirePerm$1$2.afterHookedMethod(requirePerm.java:121)

08-05 06:11:13.173  1564  1576 I LSPosed-Bridge: 	at de.robv.android.xposed.XposedBridge$AdditionalHookInfo.callback(Unknown Source:147)

08-05 06:11:13.173  1564  1576 I LSPosed-Bridge: 	at LSPHooker_.checkPermission(Unknown Source:25)

08-05 06:11:13.173  1564  1576 I LSPosed-Bridge: 	at com.android.server.am.ActivityManagerService.isGetTasksAllowed(ActivityManagerService.java:10902)

08-05 06:11:13.173  1564  1576 I LSPosed-Bridge: 	at com.android.server.am.ActivityManagerService.getRunningAppProcesses(ActivityManagerService.java:16139)

08-05 06:11:13.173  1564  1576 I LSPosed-Bridge: 	at android.app.IActivityManager$Stub.onTransact(IActivityManager.java:1088)

08-05 06:11:13.173  1564  1576 I LSPosed-Bridge: 	at com.android.server.am.ActivityManagerService.onTransact(ActivityManagerService.java:3346)

08-05 06:11:13.173  1564  1576 I LSPosed-Bridge: 	at android.os.Binder.execTransact(Binder.java:731)

08-05 06:11:13.231  1564  7756 I LSPosed-Bridge: 7741 PermLabel 10146 AMS.checkPermission: Binder.getCallingPid() = 7741; uid = 10146; Binder.getCallingUid() = 10146; getNameForUid: com.shopee.tw; getPackagesForUid: [com.shopee.tw]; permName: android.permission.GET_TASKS; type = 0; res = -1; stacktrace=java.lang.Exception

08-05 06:11:13.231  1564  7756 I LSPosed-Bridge: 	at com.example.permlabel.requirePerm$1$2.afterHookedMethod(requirePerm.java:121)

08-05 06:11:13.231  1564  7756 I LSPosed-Bridge: 	at de.robv.android.xposed.XposedBridge$AdditionalHookInfo.callback(Unknown Source:147)

08-05 06:11:13.231  1564  7756 I LSPosed-Bridge: 	at LSPHooker_.checkPermission(Unknown Source:25)

08-05 06:11:13.231  1564  7756 I LSPosed-Bridge: 	at com.android.server.am.ActivityManagerService.isGetTasksAllowed(ActivityManagerService.java:10902)

08-05 06:11:13.231  1564  7756 I LSPosed-Bridge: 	at com.android.server.am.ActivityManagerService.getRunningAppProcesses(ActivityManagerService.java:16139)

08-05 06:11:13.231  1564  7756 I LSPosed-Bridge: 	at android.app.IActivityManager$Stub.onTransact(IActivityManager.java:1088)

08-05 06:11:13.231  1564  7756 I LSPosed-Bridge: 	at com.android.server.am.ActivityManagerService.onTransact(ActivityManagerService.java:3346)

08-05 06:11:13.231  1564  7756 I LSPosed-Bridge: 	at android.os.Binder.execTransact(Binder.java:731)

08-05 06:11:13.231  7741  7969 I LSPosed-Bridge: 7741 PermLabel hookBinder_test 10146 interfaceBinder =android.app.IActivityManager; arg0 = 81; arg1 = android.os.Parcel@235e9b0; arg2 = android.os.Parcel@e23b7fa; arg3 = 0; res = true; stacktrace=java.lang.Exception

08-05 06:11:13.231  7741  7969 I LSPosed-Bridge: 	at com.example.permlabel.hookBinder_test$1.afterHookedMethod(hookBinder_test.java:52)

08-05 06:11:13.231  7741  7969 I LSPosed-Bridge: 	at de.robv.android.xposed.XposedBridge$AdditionalHookInfo.callback(Unknown Source:147)

08-05 06:11:13.231  7741  7969 I LSPosed-Bridge: 	at LSPHooker_.transact(Unknown Source:28)

08-05 06:11:13.231  7741  7969 I LSPosed-Bridge: 	at android.app.IActivityManager$Stub$Proxy.getRunningAppProcesses(IActivityManager.java:5366)

08-05 06:11:13.231  7741  7969 I LSPosed-Bridge: 	at android.app.ActivityManager.getRunningAppProcesses(ActivityManager.java:3435)

08-05 06:11:13.231  7741  7969 I LSPosed-Bridge: 	at java.lang.reflect.Method.invoke(Native Method)

08-05 06:11:13.231  7741  7969 I LSPosed-Bridge: 	at org.lsposed.lspd.nativebridge.HookBridge.invokeOriginalMethod(Native Method)

08-05 06:11:13.231  7741  7969 I LSPosed-Bridge: 	at de.robv.android.xposed.XposedBridge$AdditionalHookInfo.callback(Unknown Source:110)

08-05 06:11:13.231  7741  7969 I LSPosed-Bridge: 	at LSPHooker_.getRunningAppProcesses(Unknown Source:8)

08-05 06:11:13.231  7741  7969 I LSPosed-Bridge: 	at com.google.firebase.crashlytics.internal.common.m0.d(SourceFile:15)

08-05 06:11:13.231  7741  7969 I LSPosed-Bridge: 	at com.google.firebase.crashlytics.internal.common.s.run(SourceFile:10)

08-05 06:11:13.231  7741  7969 I LSPosed-Bridge: 	at com.google.firebase.crashlytics.internal.common.g.call(Unknown Source:2)

08-05 06:11:13.231  7741  7969 I LSPosed-Bridge: 	at com.google.firebase.crashlytics.internal.common.h.then(Unknown Source:2)

08-05 06:11:13.231  7741  7969 I LSPosed-Bridge: 	at com.google.android.gms.tasks.zzc.run(SourceFile:3)

08-05 06:11:13.231  7741  7969 I LSPosed-Bridge: 	at java.util.concurrent.ThreadPoolExecutor.runWorker(ThreadPoolExecutor.java:1167)

08-05 06:11:13.231  7741  7969 I LSPosed-Bridge: 	at java.util.concurrent.ThreadPoolExecutor$Worker.run(ThreadPoolExecutor.java:641)

08-05 06:11:13.231  7741  7969 I LSPosed-Bridge: 	at com.google.firebase.crashlytics.internal.common.f0$a.a(Unknown Source:2)

08-05 06:11:13.231  7741  7969 I LSPosed-Bridge: 	at com.google.firebase.crashlytics.internal.common.c.run(SourceFile:2)

08-05 06:11:13.231  7741  7969 I LSPosed-Bridge: 	at java.lang.Thread.run(Thread.java:764)

08-05 06:11:20.105  1564  4795 I LSPosed-Bridge: 7741 PermLabel 10146 AMS.checkPermission: Binder.getCallingPid() = 7741; uid = 10146; Binder.getCallingUid() = 10146; getNameForUid: com.shopee.tw; getPackagesForUid: [com.shopee.tw]; permName: android.permission.GET_TASKS; type = 0; res = -1; stacktrace=java.lang.Exception

08-05 06:11:20.105  1564  4795 I LSPosed-Bridge: 	at com.example.permlabel.requirePerm$1$2.afterHookedMethod(requirePerm.java:121)

08-05 06:11:20.105  1564  4795 I LSPosed-Bridge: 	at de.robv.android.xposed.XposedBridge$AdditionalHookInfo.callback(Unknown Source:147)

08-05 06:11:20.105  1564  4795 I LSPosed-Bridge: 	at LSPHooker_.checkPermission(Unknown Source:25)

08-05 06:11:20.105  1564  4795 I LSPosed-Bridge: 	at com.android.server.am.ActivityManagerService.isGetTasksAllowed(ActivityManagerService.java:10902)

08-05 06:11:20.105  1564  4795 I LSPosed-Bridge: 	at com.android.server.am.ActivityManagerService.getRunningAppProcesses(ActivityManagerService.java:16139)

08-05 06:11:20.105  1564  4795 I LSPosed-Bridge: 	at android.app.IActivityManager$Stub.onTransact(IActivityManager.java:1088)

08-05 06:11:20.105  1564  4795 I LSPosed-Bridge: 	at com.android.server.am.ActivityManagerService.onTransact(ActivityManagerService.java:3346)

08-05 06:11:20.105  1564  4795 I LSPosed-Bridge: 	at android.os.Binder.execTransact(Binder.java:731)

08-05 06:11:20.105  1564  1858 I LSPosed-Bridge: 7741 PermLabel 10146 AMS.checkPermission: Binder.getCallingPid() = 7741; uid = 10146; Binder.getCallingUid() = 10146; getNameForUid: com.shopee.tw; getPackagesForUid: [com.shopee.tw]; permName: android.permission.INTERNET; type = 0; res = 0; stacktrace=java.lang.Exception

08-05 06:11:20.105  1564  1858 I LSPosed-Bridge: 	at com.example.permlabel.requirePerm$1$2.afterHookedMethod(requirePerm.java:121)

08-05 06:11:20.105  1564  1858 I LSPosed-Bridge: 	at de.robv.android.xposed.XposedBridge$AdditionalHookInfo.callback(Unknown Source:147)

08-05 06:11:20.105  1564  1858 I LSPosed-Bridge: 	at LSPHooker_.checkPermission(Unknown Source:25)

08-05 06:11:20.105  1564  1858 I LSPosed-Bridge: 	at android.app.IActivityManager$Stub.onTransact(IActivityManager.java:664)

08-05 06:11:20.105  1564  1858 I LSPosed-Bridge: 	at com.android.server.am.ActivityManagerService.onTransact(ActivityManagerService.java:3346)

08-05 06:11:20.105  1564  1858 I LSPosed-Bridge: 	at android.os.Binder.execTransact(Binder.java:731)

08-05 06:11:20.354  7741  8025 I LSPosed-Bridge: 7741 PermLabel hookBinder_test 10146 interfaceBinder =android.content.pm.IPackageManager; arg0 = 13; arg1 = android.os.Parcel@11712d4; arg2 = android.os.Parcel@1b41fe2; arg3 = 0; res = true; stacktrace=java.lang.Exception

08-05 06:11:20.354  7741  8025 I LSPosed-Bridge: 	at com.example.permlabel.hookBinder_test$1.afterHookedMethod(hookBinder_test.java:52)

08-05 06:11:20.354  7741  8025 I LSPosed-Bridge: 	at de.robv.android.xposed.XposedBridge$AdditionalHookInfo.callback(Unknown Source:147)

08-05 06:11:20.354  7741  8025 I LSPosed-Bridge: 	at LSPHooker_.transact(Unknown Source:28)

08-05 06:11:20.354  7741  8025 I LSPosed-Bridge: 	at android.content.pm.IPackageManager$Stub$Proxy.getApplicationInfo(IPackageManager.java:3104)

08-05 06:11:20.354  7741  8025 I LSPosed-Bridge: 	at android.app.ApplicationPackageManager.getApplicationInfoAsUser(ApplicationPackageManager.java:384)

08-05 06:11:20.354  7741  8025 I LSPosed-Bridge: 	at android.app.ApplicationPackageManager.getApplicationInfo(ApplicationPackageManager.java:377)

08-05 06:11:20.354  7741  8025 I LSPosed-Bridge: 	at m.cr.a(:com.google.android.gms.dynamite_measurementdynamite@232617028@23.26.17 (100400-0):7)

08-05 06:11:20.354  7741  8025 I LSPosed-Bridge: 	at m.ek.c(:com.google.android.gms.dynamite_measurementdynamite@232617028@23.26.17 (100400-0):42)

08-05 06:11:20.354  7741  8025 I LSPosed-Bridge: 	at m.ek.d(:com.google.android.gms.dynamite_measurementdynamite@232617028@23.26.17 (100400-0):4)

08-05 06:11:20.354  7741  8025 I LSPosed-Bridge: 	at m.ek.f(:com.google.android.gms.dynamite_measurementdynamite@232617028@23.26.17 (100400-0):6)

08-05 06:11:20.354  7741  8025 I LSPosed-Bridge: 	at m.mb.f(:com.google.android.gms.dynamite_measurementdynamite@232617028@23.26.17 (100400-0):68)

08-05 06:11:20.354  7741  8025 I LSPosed-Bridge: 	at m.ko.U(:com.google.android.gms.dynamite_measurementdynamite@232617028@23.26.17 (100400-0):166)

08-05 06:11:20.354  7741  8025 I LSPosed-Bridge: 	at m.ko.E(:com.google.android.gms.dynamite_measurementdynamite@232617028@23.26.17 (100400-0):31)

08-05 06:11:20.354  7741  8025 I LSPosed-Bridge: 	at m.lc.A(:com.google.android.gms.dynamite_measurementdynamite@232617028@23.26.17 (100400-0):188)

08-05 06:11:20.354  7741  8025 I LSPosed-Bridge: 	at m.kx.run(:com.google.android.gms.dynamite_measurementdynamite@232617028@23.26.17 (100400-0):12)

08-05 06:11:20.354  7741  8025 I LSPosed-Bridge: 	at java.util.concurrent.Executors$RunnableAdapter.call(Executors.java:458)

08-05 06:11:20.354  7741  8025 I LSPosed-Bridge: 	at java.util.concurrent.FutureTask.run(FutureTask.java:266)

08-05 06:11:20.354  7741  8025 I LSPosed-Bridge: 	at m.ix.run(:com.google.android.gms.dynamite_measurementdynamite@232617028@23.26.17 (100400-0):48)

08-05 06:11:20.354  1564  1576 I LSPosed-Bridge: 7741 PermLabel 10146 AMS.checkPermission: Binder.getCallingPid() = 7741; uid = 10146; Binder.getCallingUid() = 10146; getNameForUid: com.shopee.tw; getPackagesForUid: [com.shopee.tw]; permName: android.permission.GET_TASKS; type = 0; res = -1; stacktrace=java.lang.Exception

08-05 06:11:20.354  1564  1576 I LSPosed-Bridge: 	at com.example.permlabel.requirePerm$1$2.afterHookedMethod(requirePerm.java:121)

08-05 06:11:20.354  1564  1576 I LSPosed-Bridge: 	at de.robv.android.xposed.XposedBridge$AdditionalHookInfo.callback(Unknown Source:147)

08-05 06:11:20.354  1564  1576 I LSPosed-Bridge: 	at LSPHooker_.checkPermission(Unknown Source:25)

08-05 06:11:20.354  1564  1576 I LSPosed-Bridge: 	at com.android.server.am.ActivityManagerService.isGetTasksAllowed(ActivityManagerService.java:10902)

08-05 06:11:20.354  1564  1576 I LSPosed-Bridge: 	at com.android.server.am.ActivityManagerService.getRunningAppProcesses(ActivityManagerService.java:16139)

08-05 06:11:20.354  1564  1576 I LSPosed-Bridge: 	at android.app.IActivityManager$Stub.onTransact(IActivityManager.java:1088)

08-05 06:11:20.354  1564  1576 I LSPosed-Bridge: 	at com.android.server.am.ActivityManagerService.onTransact(ActivityManagerService.java:3346)

08-05 06:11:20.354  1564  1576 I LSPosed-Bridge: 	at android.os.Binder.execTransact(Binder.java:731)

08-05 06:11:24.576  1564  1858 I LSPosed-Bridge: 7741 PermLabel 10146 AMS.checkPermission: Binder.getCallingPid() = 7741; uid = 10146; Binder.getCallingUid() = 10146; getNameForUid: com.shopee.tw; getPackagesForUid: [com.shopee.tw]; permName: android.permission.GET_TASKS; type = 0; res = -1; stacktrace=java.lang.Exception

08-05 06:11:24.576  1564  1858 I LSPosed-Bridge: 	at com.example.permlabel.requirePerm$1$2.afterHookedMethod(requirePerm.java:121)

08-05 06:11:24.576  1564  1858 I LSPosed-Bridge: 	at de.robv.android.xposed.XposedBridge$AdditionalHookInfo.callback(Unknown Source:147)

08-05 06:11:24.576  1564  1858 I LSPosed-Bridge: 	at LSPHooker_.checkPermission(Unknown Source:25)

08-05 06:11:24.576  1564  1858 I LSPosed-Bridge: 	at com.android.server.am.ActivityManagerService.isGetTasksAllowed(ActivityManagerService.java:10902)

08-05 06:11:24.576  1564  1858 I LSPosed-Bridge: 	at com.android.server.am.ActivityManagerService.getRunningAppProcesses(ActivityManagerService.java:16139)

08-05 06:11:24.576  1564  1858 I LSPosed-Bridge: 	at android.app.IActivityManager$Stub.onTransact(IActivityManager.java:1088)

08-05 06:11:24.576  1564  1858 I LSPosed-Bridge: 	at com.android.server.am.ActivityManagerService.onTransact(ActivityManagerService.java:3346)

08-05 06:11:24.576  1564  1858 I LSPosed-Bridge: 	at android.os.Binder.execTransact(Binder.java:731)

08-05 06:11:24.874  7741  8025 I LSPosed-Bridge: 7741 PermLabel hookBinder_test 10146 interfaceBinder =android.content.pm.IPackageManager; arg0 = 13; arg1 = android.os.Parcel@c07d45a; arg2 = android.os.Parcel@9a5068b; arg3 = 0; res = true; stacktrace=java.lang.Exception

08-05 06:11:24.874  7741  8025 I LSPosed-Bridge: 	at com.example.permlabel.hookBinder_test$1.afterHookedMethod(hookBinder_test.java:52)

08-05 06:11:24.874  7741  8025 I LSPosed-Bridge: 	at de.robv.android.xposed.XposedBridge$AdditionalHookInfo.callback(Unknown Source:147)

08-05 06:11:24.874  7741  8025 I LSPosed-Bridge: 	at LSPHooker_.transact(Unknown Source:28)

08-05 06:11:24.874  7741  8025 I LSPosed-Bridge: 	at android.content.pm.IPackageManager$Stub$Proxy.getApplicationInfo(IPackageManager.java:3104)

08-05 06:11:24.874  7741  8025 I LSPosed-Bridge: 	at android.app.ApplicationPackageManager.getApplicationInfoAsUser(ApplicationPackageManager.java:384)

08-05 06:11:24.874  7741  8025 I LSPosed-Bridge: 	at android.app.ApplicationPackageManager.getApplicationInfo(ApplicationPackageManager.java:377)

08-05 06:11:24.874  7741  8025 I LSPosed-Bridge: 	at m.cr.a(:com.google.android.gms.dynamite_measurementdynamite@232617028@23.26.17 (100400-0):7)

08-05 06:11:24.874  7741  8025 I LSPosed-Bridge: 	at m.ek.c(:com.google.android.gms.dynamite_measurementdynamite@232617028@23.26.17 (100400-0):42)

08-05 06:11:24.874  7741  8025 I LSPosed-Bridge: 	at m.ek.d(:com.google.android.gms.dynamite_measurementdynamite@232617028@23.26.17 (100400-0):4)

08-05 06:11:24.874  7741  8025 I LSPosed-Bridge: 	at m.ek.h(:com.google.android.gms.dynamite_measurementdynamite@232617028@23.26.17 (100400-0):13)

08-05 06:11:24.874  7741  8025 I LSPosed-Bridge: 	at m.jb.a(:com.google.android.gms.dynamite_measurementdynamite@232617028@23.26.17 (100400-0):6)

08-05 06:11:24.874  7741  8025 I LSPosed-Bridge: 	at m.jb.u(:com.google.android.gms.dynamite_measurementdynamite@232617028@23.26.17 (100400-0):1)

08-05 06:11:24.874  7741  8025 I LSPosed-Bridge: 	at m.ko.U(:com.google.android.gms.dynamite_measurementdynamite@232617028@23.26.17 (100400-0):5)

08-05 06:11:24.874  7741  8025 I LSPosed-Bridge: 	at m.jv.run(:com.google.android.gms.dynamite_measurementdynamite@232617028@23.26.17 (100400-0):17)

08-05 06:11:24.874  7741  8025 I LSPosed-Bridge: 	at java.util.concurrent.Executors$RunnableAdapter.call(Executors.java:458)

08-05 06:11:24.874  7741  8025 I LSPosed-Bridge: 	at java.util.concurrent.FutureTask.run(FutureTask.java:266)

08-05 06:11:24.874  7741  8025 I LSPosed-Bridge: 	at m.ix.run(:com.google.android.gms.dynamite_measurementdynamite@232617028@23.26.17 (100400-0):48)

08-05 06:11:24.874  1564  1858 I LSPosed-Bridge: 7741 PermLabel 10146 AMS.checkPermission: Binder.getCallingPid() = 7741; uid = 10146; Binder.getCallingUid() = 10146; getNameForUid: com.shopee.tw; getPackagesForUid: [com.shopee.tw]; permName: android.permission.GET_TASKS; type = 0; res = -1; stacktrace=java.lang.Exception

08-05 06:11:24.874  1564  1858 I LSPosed-Bridge: 	at com.example.permlabel.requirePerm$1$2.afterHookedMethod(requirePerm.java:121)

08-05 06:11:24.874  1564  1858 I LSPosed-Bridge: 	at de.robv.android.xposed.XposedBridge$AdditionalHookInfo.callback(Unknown Source:147)

08-05 06:11:24.874  1564  1858 I LSPosed-Bridge: 	at LSPHooker_.checkPermission(Unknown Source:25)

08-05 06:11:24.874  1564  1858 I LSPosed-Bridge: 	at com.android.server.am.ActivityManagerService.isGetTasksAllowed(ActivityManagerService.java:10902)

08-05 06:11:24.874  1564  1858 I LSPosed-Bridge: 	at com.android.server.am.ActivityManagerService.getRunningAppProcesses(ActivityManagerService.java:16139)

08-05 06:11:24.874  1564  1858 I LSPosed-Bridge: 	at android.app.IActivityManager$Stub.onTransact(IActivityManager.java:1088)

08-05 06:11:24.874  1564  1858 I LSPosed-Bridge: 	at com.android.server.am.ActivityManagerService.onTransact(ActivityManagerService.java:3346)

08-05 06:11:24.874  1564  1858 I LSPosed-Bridge: 	at android.os.Binder.execTransact(Binder.java:731)

08-05 06:11:27.031  1564  6761 I LSPosed-Bridge: 7741 PermLabel 10146 AMS.checkPermission: Binder.getCallingPid() = 7741; uid = 10146; Binder.getCallingUid() = 10146; getNameForUid: com.shopee.tw; getPackagesForUid: [com.shopee.tw]; permName: android.permission.GET_TASKS; type = 0; res = -1; stacktrace=java.lang.Exception

08-05 06:11:27.031  1564  6761 I LSPosed-Bridge: 	at com.example.permlabel.requirePerm$1$2.afterHookedMethod(requirePerm.java:121)

08-05 06:11:27.031  1564  6761 I LSPosed-Bridge: 	at de.robv.android.xposed.XposedBridge$AdditionalHookInfo.callback(Unknown Source:147)

08-05 06:11:27.031  1564  6761 I LSPosed-Bridge: 	at LSPHooker_.checkPermission(Unknown Source:25)

08-05 06:11:27.031  1564  6761 I LSPosed-Bridge: 	at com.android.server.am.ActivityManagerService.isGetTasksAllowed(ActivityManagerService.java:10902)

08-05 06:11:27.031  1564  6761 I LSPosed-Bridge: 	at com.android.server.am.ActivityManagerService.getRunningAppProcesses(ActivityManagerService.java:16139)

08-05 06:11:27.031  1564  6761 I LSPosed-Bridge: 	at android.app.IActivityManager$Stub.onTransact(IActivityManager.java:1088)

08-05 06:11:27.031  1564  6761 I LSPosed-Bridge: 	at com.android.server.am.ActivityManagerService.onTransact(ActivityManagerService.java:3346)

08-05 06:11:27.031  1564  6761 I LSPosed-Bridge: 	at android.os.Binder.execTransact(Binder.java:731)

08-05 06:11:27.396  1564  1858 I LSPosed-Bridge: 7741 PermLabel 10146 AMS.checkPermission: Binder.getCallingPid() = 7741; uid = 10146; Binder.getCallingUid() = 10146; getNameForUid: com.shopee.tw; getPackagesForUid: [com.shopee.tw]; permName: android.permission.INTERNET; type = 0; res = 0; stacktrace=java.lang.Exception

08-05 06:11:27.396  1564  1858 I LSPosed-Bridge: 	at com.example.permlabel.requirePerm$1$2.afterHookedMethod(requirePerm.java:121)

08-05 06:11:27.396  1564  1858 I LSPosed-Bridge: 	at de.robv.android.xposed.XposedBridge$AdditionalHookInfo.callback(Unknown Source:147)

08-05 06:11:27.396  1564  1858 I LSPosed-Bridge: 	at LSPHooker_.checkPermission(Unknown Source:25)

08-05 06:11:27.396  1564  1858 I LSPosed-Bridge: 	at android.app.IActivityManager$Stub.onTransact(IActivityManager.java:664)

08-05 06:11:27.396  1564  1858 I LSPosed-Bridge: 	at com.android.server.am.ActivityManagerService.onTransact(ActivityManagerService.java:3346)

08-05 06:11:27.396  1564  1858 I LSPosed-Bridge: 	at android.os.Binder.execTransact(Binder.java:731)

08-05 06:11:27.396  1564  1576 I LSPosed-Bridge: 7741 PermLabel 10146 AMS.checkPermission: Binder.getCallingPid() = 7741; uid = 10146; Binder.getCallingUid() = 10146; getNameForUid: com.shopee.tw; getPackagesForUid: [com.shopee.tw]; permName: android.permission.GET_TASKS; type = 0; res = -1; stacktrace=java.lang.Exception

08-05 06:11:27.396  1564  1576 I LSPosed-Bridge: 	at com.example.permlabel.requirePerm$1$2.afterHookedMethod(requirePerm.java:121)

08-05 06:11:27.396  1564  1576 I LSPosed-Bridge: 	at de.robv.android.xposed.XposedBridge$AdditionalHookInfo.callback(Unknown Source:147)

08-05 06:11:27.396  1564  1576 I LSPosed-Bridge: 	at LSPHooker_.checkPermission(Unknown Source:25)

08-05 06:11:27.396  1564  1576 I LSPosed-Bridge: 	at com.android.server.am.ActivityManagerService.isGetTasksAllowed(ActivityManagerService.java:10902)

08-05 06:11:27.396  1564  1576 I LSPosed-Bridge: 	at com.android.server.am.ActivityManagerService.getRunningAppProcesses(ActivityManagerService.java:16139)

08-05 06:11:27.396  1564  1576 I LSPosed-Bridge: 	at android.app.IActivityManager$Stub.onTransact(IActivityManager.java:1088)

08-05 06:11:27.396  1564  1576 I LSPosed-Bridge: 	at com.android.server.am.ActivityManagerService.onTransact(ActivityManagerService.java:3346)

08-05 06:11:27.396  1564  1576 I LSPosed-Bridge: 	at android.os.Binder.execTransact(Binder.java:731)

08-05 06:11:27.443  7741 10278 I LSPosed-Bridge: 7741 PermLabel hookBinder_test 10146 interfaceBinder =android.net.IConnectivityManager; arg0 = 15; arg1 = android.os.Parcel@b249158; arg2 = android.os.Parcel@66658a5; arg3 = 0; res = true; stacktrace=java.lang.Exception

08-05 06:11:27.443  7741 10278 I LSPosed-Bridge: 	at com.example.permlabel.hookBinder_test$1.afterHookedMethod(hookBinder_test.java:52)

08-05 06:11:27.443  7741 10278 I LSPosed-Bridge: 	at de.robv.android.xposed.XposedBridge$AdditionalHookInfo.callback(Unknown Source:147)

08-05 06:11:27.443  7741 10278 I LSPosed-Bridge: 	at LSPHooker_.transact(Unknown Source:28)

08-05 06:11:27.443  7741 10278 I LSPosed-Bridge: 	at android.net.IConnectivityManager$Stub$Proxy.getNetworkCapabilities(IConnectivityManager.java:1480)

08-05 06:11:27.443  7741 10278 I LSPosed-Bridge: 	at android.net.ConnectivityManager.getNetworkCapabilities(ConnectivityManager.java:1220)

08-05 06:11:27.443  7741 10278 I LSPosed-Bridge: 	at com.shopee.app.network.status.connectivity.b.b(SourceFile:11)

08-05 06:11:27.443  7741 10278 I LSPosed-Bridge: 	at com.shopee.app.network.status.connectivity.c.b(SourceFile:1)

08-05 06:11:27.443  7741 10278 I LSPosed-Bridge: 	at com.shopee.app.network.status.b.a(SourceFile:2)

08-05 06:11:27.443  7741 10278 I LSPosed-Bridge: 	at com.shopee.app.network.eventlistener.a.a(SourceFile:52)

08-05 06:11:27.443  7741 10278 I LSPosed-Bridge: 	at com.shopee.app.network.cronet.event.a.a(SourceFile:17)

08-05 06:11:27.443  7741 10278 I LSPosed-Bridge: 	at com.shopee.cronet.lib.response.c.onRequestFinished(SourceFile:98)

08-05 06:11:27.443  7741 10278 I LSPosed-Bridge: 	at org.chromium.net.impl.VersionSafeCallbacks$RequestFinishedInfoListener.onRequestFinished(Unknown Source:2)

08-05 06:11:27.443  7741 10278 I LSPosed-Bridge: 	at org.chromium.net.impl.CronetUrlRequestContext$4.run(SourceFile:1)

08-05 06:11:27.443  7741 10278 I LSPosed-Bridge: 	at java.util.concurrent.Executors$RunnableAdapter.call(Executors.java:458)

08-05 06:11:27.443  7741 10278 I LSPosed-Bridge: 	at java.util.concurrent.FutureTask.run(FutureTask.java:266)

08-05 06:11:27.443  7741 10278 I LSPosed-Bridge: 	at java.util.concurrent.ScheduledThreadPoolExecutor$ScheduledFutureTask.run(ScheduledThreadPoolExecutor.java:301)

08-05 06:11:27.443  7741 10278 I LSPosed-Bridge: 	at java.util.concurrent.ThreadPoolExecutor.runWorker(ThreadPoolExecutor.java:1167)

08-05 06:11:27.443  7741 10278 I LSPosed-Bridge: 	at java.util.concurrent.ThreadPoolExecutor$Worker.run(ThreadPoolExecutor.java:641)

08-05 06:11:27.443  7741 10278 I LSPosed-Bridge: 	at java.lang.Thread.run(Thread.java:764)

08-05 06:11:27.443  1564  1858 I LSPosed-Bridge: 7741 PermLabel 10146 AMS.checkPermission: Binder.getCallingPid() = 7741; uid = 10146; Binder.getCallingUid() = 10146; getNameForUid: com.shopee.tw; getPackagesForUid: [com.shopee.tw]; permName: android.permission.GET_TASKS; type = 0; res = -1; stacktrace=java.lang.Exception

08-05 06:11:27.443  1564  1858 I LSPosed-Bridge: 	at com.example.permlabel.requirePerm$1$2.afterHookedMethod(requirePerm.java:121)

08-05 06:11:27.443  1564  1858 I LSPosed-Bridge: 	at de.robv.android.xposed.XposedBridge$AdditionalHookInfo.callback(Unknown Source:147)

08-05 06:11:27.443  1564  1858 I LSPosed-Bridge: 	at LSPHooker_.checkPermission(Unknown Source:25)

08-05 06:11:27.443  1564  1858 I LSPosed-Bridge: 	at com.android.server.am.ActivityManagerService.isGetTasksAllowed(ActivityManagerService.java:10902)

08-05 06:11:27.443  1564  1858 I LSPosed-Bridge: 	at com.android.server.am.ActivityManagerService.getRunningAppProcesses(ActivityManagerService.java:16139)

08-05 06:11:27.443  1564  1858 I LSPosed-Bridge: 	at android.app.IActivityManager$Stub.onTransact(IActivityManager.java:1088)

08-05 06:11:27.443  1564  1858 I LSPosed-Bridge: 	at com.android.server.am.ActivityManagerService.onTransact(ActivityManagerService.java:3346)

08-05 06:11:27.443  1564  1858 I LSPosed-Bridge: 	at android.os.Binder.execTransact(Binder.java:731)

08-05 06:11:27.443  7741  7969 I LSPosed-Bridge: 7741 PermLabel hookBinder_test 10146 interfaceBinder =android.app.IActivityManager; arg0 = 81; arg1 = android.os.Parcel@4eae2b1; arg2 = android.os.Parcel@3d3d71f; arg3 = 0; res = true; stacktrace=java.lang.Exception

08-05 06:11:27.443  7741  7969 I LSPosed-Bridge: 	at com.example.permlabel.hookBinder_test$1.afterHookedMethod(hookBinder_test.java:52)

08-05 06:11:27.443  7741  7969 I LSPosed-Bridge: 	at de.robv.android.xposed.XposedBridge$AdditionalHookInfo.callback(Unknown Source:147)

08-05 06:11:27.443  7741  7969 I LSPosed-Bridge: 	at LSPHooker_.transact(Unknown Source:28)

08-05 06:11:27.443  7741  7969 I LSPosed-Bridge: 	at android.app.IActivityManager$Stub$Proxy.getRunningAppProcesses(IActivityManager.java:5366)

08-05 06:11:27.443  7741  7969 I LSPosed-Bridge: 	at android.app.ActivityManager.getRunningAppProcesses(ActivityManager.java:3435)

08-05 06:11:27.443  7741  7969 I LSPosed-Bridge: 	at java.lang.reflect.Method.invoke(Native Method)

08-05 06:11:27.443  7741  7969 I LSPosed-Bridge: 	at org.lsposed.lspd.nativebridge.HookBridge.invokeOriginalMethod(Native Method)

08-05 06:11:27.443  7741  7969 I LSPosed-Bridge: 	at de.robv.android.xposed.XposedBridge$AdditionalHookInfo.callback(Unknown Source:110)

08-05 06:11:27.443  7741  7969 I LSPosed-Bridge: 	at LSPHooker_.getRunningAppProcesses(Unknown Source:8)

08-05 06:11:27.443  7741  7969 I LSPosed-Bridge: 	at com.google.firebase.crashlytics.internal.common.m0.d(SourceFile:15)

08-05 06:11:27.443  7741  7969 I LSPosed-Bridge: 	at com.google.firebase.crashlytics.internal.common.s.run(SourceFile:10)

08-05 06:11:27.443  7741  7969 I LSPosed-Bridge: 	at com.google.firebase.crashlytics.internal.common.g.call(Unknown Source:2)

08-05 06:11:27.443  7741  7969 I LSPosed-Bridge: 	at com.google.firebase.crashlytics.internal.common.h.then(Unknown Source:2)

08-05 06:11:27.443  7741  7969 I LSPosed-Bridge: 	at com.google.android.gms.tasks.zzc.run(SourceFile:3)

08-05 06:11:27.443  7741  7969 I LSPosed-Bridge: 	at java.util.concurrent.ThreadPoolExecutor.runWorker(ThreadPoolExecutor.java:1167)

08-05 06:11:27.443  7741  7969 I LSPosed-Bridge: 	at java.util.concurrent.ThreadPoolExecutor$Worker.run(ThreadPoolExecutor.java:641)

08-05 06:11:27.443  7741  7969 I LSPosed-Bridge: 	at com.google.firebase.crashlytics.internal.common.f0$a.a(Unknown Source:2)

08-05 06:11:27.443  7741  7969 I LSPosed-Bridge: 	at com.google.firebase.crashlytics.internal.common.c.run(SourceFile:2)

08-05 06:11:27.443  7741  7969 I LSPosed-Bridge: 	at java.lang.Thread.run(Thread.java:764)

08-05 06:11:27.443  7741  7969 I LSPosed-Bridge: 7741 PermLabel getRunningAppProcesses =android.app.ActivityManager$RunningAppProcessInfo@1510d85

08-05 06:11:27.443  7741  7969 I LSPosed-Bridge: 7741 PermLabel getRunningAppProcesses processName: com.shopee.tw pid: 7741

08-05 06:11:27.443  7741  7969 I LSPosed-Bridge: 7741 PermLabel getRunningAppProcesses importance: 100 pid: 7741

08-05 06:11:27.443  7741  7969 I LSPosed-Bridge: 7741 PermLabel getRunningAppProcesses packageName com.shopee.tw at index 0 in process 7741

08-05 06:11:27.588  7741 10278 I LSPosed-Bridge: 7741 PermLabel hookBinder_test 10146 interfaceBinder =android.app.IActivityManager; arg0 = 140; arg1 = android.os.Parcel@3d3d71f; arg2 = android.os.Parcel@66658a5; arg3 = 0; res = true; stacktrace=java.lang.Exception

08-05 06:11:27.588  7741 10278 I LSPosed-Bridge: 	at com.example.permlabel.hookBinder_test$1.afterHookedMethod(hookBinder_test.java:52)

08-05 06:11:27.588  7741 10278 I LSPosed-Bridge: 	at de.robv.android.xposed.XposedBridge$AdditionalHookInfo.callback(Unknown Source:147)

08-05 06:11:27.588  7741 10278 I LSPosed-Bridge: 	at LSPHooker_.transact(Unknown Source:28)

08-05 06:11:27.588  7741 10278 I LSPosed-Bridge: 	at android.app.IActivityManager$Stub$Proxy.getMyMemoryState(IActivityManager.java:6589)

08-05 06:11:27.588  7741 10278 I LSPosed-Bridge: 	at android.app.ActivityManager.getMyMemoryState(ActivityManager.java:3575)

08-05 06:11:27.588  7741 10278 I LSPosed-Bridge: 	at com.shopee.cronet.lib.response.c.onRequestFinished(SourceFile:7)

08-05 06:11:27.588  7741 10278 I LSPosed-Bridge: 	at org.chromium.net.impl.VersionSafeCallbacks$RequestFinishedInfoListener.onRequestFinished(Unknown Source:2)

