08-05 06:12:57.761  7741  8025 I LSPosed-Bridge: 	at m.jb.a(:com.google.android.gms.dynamite_measurementdynamite@232617028@23.26.17 (100400-0):6)

08-05 06:12:57.761  7741  8025 I LSPosed-Bridge: 	at m.jb.u(:com.google.android.gms.dynamite_measurementdynamite@232617028@23.26.17 (100400-0):1)

08-05 06:12:57.761  7741  8025 I LSPosed-Bridge: 	at m.ko.U(:com.google.android.gms.dynamite_measurementdynamite@232617028@23.26.17 (100400-0):5)

08-05 06:12:57.761  7741  8025 I LSPosed-Bridge: 	at m.jv.run(:com.google.android.gms.dynamite_measurementdynamite@232617028@23.26.17 (100400-0):17)

08-05 06:12:57.761  7741  8025 I LSPosed-Bridge: 	at java.util.concurrent.Executors$RunnableAdapter.call(Executors.java:458)

08-05 06:12:57.761  7741  8025 I LSPosed-Bridge: 	at java.util.concurrent.FutureTask.run(FutureTask.java:266)

08-05 06:12:57.761  7741  8025 I LSPosed-Bridge: 	at m.ix.run(:com.google.android.gms.dynamite_measurementdynamite@232617028@23.26.17 (100400-0):48)

08-05 06:12:57.761  1564  1576 I LSPosed-Bridge: 7741 PermLabel 10146 AMS.checkPermission: Binder.getCallingPid() = 7741; uid = 10146; Binder.getCallingUid() = 10146; getNameForUid: com.shopee.tw; getPackagesForUid: [com.shopee.tw]; permName: android.permission.GET_TASKS; type = 0; res = -1; stacktrace=java.lang.Exception

08-05 06:12:57.761  1564  1576 I LSPosed-Bridge: 	at com.example.permlabel.requirePerm$1$2.afterHookedMethod(requirePerm.java:121)

08-05 06:12:57.761  1564  1576 I LSPosed-Bridge: 	at de.robv.android.xposed.XposedBridge$AdditionalHookInfo.callback(Unknown Source:147)

08-05 06:12:57.761  1564  1576 I LSPosed-Bridge: 	at LSPHooker_.checkPermission(Unknown Source:25)

08-05 06:12:57.761  1564  1576 I LSPosed-Bridge: 	at com.android.server.am.ActivityManagerService.isGetTasksAllowed(ActivityManagerService.java:10902)

08-05 06:12:57.761  1564  1576 I LSPosed-Bridge: 	at com.android.server.am.ActivityManagerService.getRunningAppProcesses(ActivityManagerService.java:16139)

08-05 06:12:57.761  1564  1576 I LSPosed-Bridge: 	at android.app.IActivityManager$Stub.onTransact(IActivityManager.java:1088)

08-05 06:12:57.761  1564  1576 I LSPosed-Bridge: 	at com.android.server.am.ActivityManagerService.onTransact(ActivityManagerService.java:3346)

08-05 06:12:57.761  1564  1576 I LSPosed-Bridge: 	at android.os.Binder.execTransact(Binder.java:731)

08-05 06:12:57.761  7741 10278 I LSPosed-Bridge: 7741 PermLabel hookBinder_test 10146 interfaceBinder =android.app.IActivityManager; arg0 = 140; arg1 = android.os.Parcel@5104d66; arg2 = android.os.Parcel@204d026; arg3 = 0; res = true; stacktrace=java.lang.Exception

08-05 06:12:57.761  7741 10278 I LSPosed-Bridge: 	at com.example.permlabel.hookBinder_test$1.afterHookedMethod(hookBinder_test.java:52)

08-05 06:12:57.761  7741 10278 I LSPosed-Bridge: 	at de.robv.android.xposed.XposedBridge$AdditionalHookInfo.callback(Unknown Source:147)

08-05 06:12:57.761  7741 10278 I LSPosed-Bridge: 	at LSPHooker_.transact(Unknown Source:28)

08-05 06:12:57.761  7741 10278 I LSPosed-Bridge: 	at android.app.IActivityManager$Stub$Proxy.getMyMemoryState(IActivityManager.java:6589)

08-05 06:12:57.761  7741 10278 I LSPosed-Bridge: 	at android.app.ActivityManager.getMyMemoryState(ActivityManager.java:3575)

08-05 06:12:57.761  7741 10278 I LSPosed-Bridge: 	at com.shopee.cronet.lib.response.c.onRequestFinished(SourceFile:7)

08-05 06:12:57.761  7741 10278 I LSPosed-Bridge: 	at org.chromium.net.impl.VersionSafeCallbacks$RequestFinishedInfoListener.onRequestFinished(Unknown Source:2)

08-05 06:12:57.761  7741 10278 I LSPosed-Bridge: 	at org.chromium.net.impl.CronetUrlRequestContext$4.run(SourceFile:1)

08-05 06:12:57.761  7741 10278 I LSPosed-Bridge: 	at java.util.concurrent.Executors$RunnableAdapter.call(Executors.java:458)

08-05 06:12:57.761  7741 10278 I LSPosed-Bridge: 	at java.util.concurrent.FutureTask.run(FutureTask.java:266)

08-05 06:12:57.761  7741 10278 I LSPosed-Bridge: 	at java.util.concurrent.ScheduledThreadPoolExecutor$ScheduledFutureTask.run(ScheduledThreadPoolExecutor.java:301)

08-05 06:12:57.761  7741 10278 I LSPosed-Bridge: 	at java.util.concurrent.ThreadPoolExecutor.runWorker(ThreadPoolExecutor.java:1167)

08-05 06:12:57.761  7741 10278 I LSPosed-Bridge: 	at java.util.concurrent.ThreadPoolExecutor$Worker.run(ThreadPoolExecutor.java:641)

08-05 06:12:57.761  7741 10278 I LSPosed-Bridge: 	at java.lang.Thread.run(Thread.java:764)

08-05 06:13:01.503  1564  1576 I LSPosed-Bridge: 7741 PermLabel 10146 AMS.checkPermission: Binder.getCallingPid() = 7741; uid = 10146; Binder.getCallingUid() = 10146; getNameForUid: com.shopee.tw; getPackagesForUid: [com.shopee.tw]; permName: android.permission.GET_TASKS; type = 0; res = -1; stacktrace=java.lang.Exception

08-05 06:13:01.503  1564  1576 I LSPosed-Bridge: 	at com.example.permlabel.requirePerm$1$2.afterHookedMethod(requirePerm.java:121)

08-05 06:13:01.503  1564  1576 I LSPosed-Bridge: 	at de.robv.android.xposed.XposedBridge$AdditionalHookInfo.callback(Unknown Source:147)

08-05 06:13:01.503  1564  1576 I LSPosed-Bridge: 	at LSPHooker_.checkPermission(Unknown Source:25)

08-05 06:13:01.503  1564  1576 I LSPosed-Bridge: 	at com.android.server.am.ActivityManagerService.isGetTasksAllowed(ActivityManagerService.java:10902)

08-05 06:13:01.503  1564  1576 I LSPosed-Bridge: 	at com.android.server.am.ActivityManagerService.getRunningAppProcesses(ActivityManagerService.java:16139)

08-05 06:13:01.503  1564  1576 I LSPosed-Bridge: 	at android.app.IActivityManager$Stub.onTransact(IActivityManager.java:1088)

08-05 06:13:01.503  1564  1576 I LSPosed-Bridge: 	at com.android.server.am.ActivityManagerService.onTransact(ActivityManagerService.java:3346)

08-05 06:13:01.503  1564  1576 I LSPosed-Bridge: 	at android.os.Binder.execTransact(Binder.java:731)

08-05 06:13:01.503  1564  1577 I LSPosed-Bridge: 7741 PermLabel 10146 AMS.checkPermission: Binder.getCallingPid() = 7741; uid = 10146; Binder.getCallingUid() = 10146; getNameForUid: com.shopee.tw; getPackagesForUid: [com.shopee.tw]; permName: android.permission.INTERNET; type = 0; res = 0; stacktrace=java.lang.Exception

08-05 06:13:01.503  1564  1577 I LSPosed-Bridge: 	at com.example.permlabel.requirePerm$1$2.afterHookedMethod(requirePerm.java:121)

08-05 06:13:01.503  1564  1577 I LSPosed-Bridge: 	at de.robv.android.xposed.XposedBridge$AdditionalHookInfo.callback(Unknown Source:147)

08-05 06:13:01.503  1564  1577 I LSPosed-Bridge: 	at LSPHooker_.checkPermission(Unknown Source:25)

08-05 06:13:01.503  1564  1577 I LSPosed-Bridge: 	at android.app.IActivityManager$Stub.onTransact(IActivityManager.java:664)

08-05 06:13:01.503  1564  1577 I LSPosed-Bridge: 	at com.android.server.am.ActivityManagerService.onTransact(ActivityManagerService.java:3346)

08-05 06:13:01.503  1564  1577 I LSPosed-Bridge: 	at android.os.Binder.execTransact(Binder.java:731)

08-05 06:13:01.966  1564  1577 I LSPosed-Bridge: 7741 PermLabel 10146 AMS.checkPermission: Binder.getCallingPid() = 7741; uid = 10146; Binder.getCallingUid() = 10146; getNameForUid: com.shopee.tw; getPackagesForUid: [com.shopee.tw]; permName: android.permission.GET_TASKS; type = 0; res = -1; stacktrace=java.lang.Exception

08-05 06:13:01.966  1564  1577 I LSPosed-Bridge: 	at com.example.permlabel.requirePerm$1$2.afterHookedMethod(requirePerm.java:121)

08-05 06:13:01.966  1564  1577 I LSPosed-Bridge: 	at de.robv.android.xposed.XposedBridge$AdditionalHookInfo.callback(Unknown Source:147)

08-05 06:13:01.966  1564  1577 I LSPosed-Bridge: 	at LSPHooker_.checkPermission(Unknown Source:25)

08-05 06:13:01.966  1564  1577 I LSPosed-Bridge: 	at com.android.server.am.ActivityManagerService.isGetTasksAllowed(ActivityManagerService.java:10902)

08-05 06:13:01.966  1564  1577 I LSPosed-Bridge: 	at com.android.server.am.ActivityManagerService.getRunningAppProcesses(ActivityManagerService.java:16139)

08-05 06:13:01.966  1564  1577 I LSPosed-Bridge: 	at android.app.IActivityManager$Stub.onTransact(IActivityManager.java:1088)

08-05 06:13:01.966  1564  1577 I LSPosed-Bridge: 	at com.android.server.am.ActivityManagerService.onTransact(ActivityManagerService.java:3346)

08-05 06:13:01.966  1564  1577 I LSPosed-Bridge: 	at android.os.Binder.execTransact(Binder.java:731)

08-05 06:13:04.549  1564  1577 I LSPosed-Bridge: 7741 PermLabel 10146 AMS.checkPermission: Binder.getCallingPid() = 7741; uid = 10146; Binder.getCallingUid() = 10146; getNameForUid: com.shopee.tw; getPackagesForUid: [com.shopee.tw]; permName: android.permission.GET_TASKS; type = 0; res = -1; stacktrace=java.lang.Exception

08-05 06:13:04.549  1564  1577 I LSPosed-Bridge: 	at com.example.permlabel.requirePerm$1$2.afterHookedMethod(requirePerm.java:121)

08-05 06:13:04.549  1564  1577 I LSPosed-Bridge: 	at de.robv.android.xposed.XposedBridge$AdditionalHookInfo.callback(Unknown Source:147)

08-05 06:13:04.549  1564  1577 I LSPosed-Bridge: 	at LSPHooker_.checkPermission(Unknown Source:25)

08-05 06:13:04.549  1564  1577 I LSPosed-Bridge: 	at com.android.server.am.ActivityManagerService.isGetTasksAllowed(ActivityManagerService.java:10902)

08-05 06:13:04.549  1564  1577 I LSPosed-Bridge: 	at com.android.server.am.ActivityManagerService.getRunningAppProcesses(ActivityManagerService.java:16139)

08-05 06:13:04.549  1564  1577 I LSPosed-Bridge: 	at android.app.IActivityManager$Stub.onTransact(IActivityManager.java:1088)

08-05 06:13:04.549  1564  1577 I LSPosed-Bridge: 	at com.android.server.am.ActivityManagerService.onTransact(ActivityManagerService.java:3346)

08-05 06:13:04.549  1564  1577 I LSPosed-Bridge: 	at android.os.Binder.execTransact(Binder.java:731)

08-05 06:13:04.700  1564  1576 I LSPosed-Bridge: 7741 PermLabel 10146 AMS.checkPermission: Binder.getCallingPid() = 7741; uid = 10146; Binder.getCallingUid() = 10146; getNameForUid: com.shopee.tw; getPackagesForUid: [com.shopee.tw]; permName: android.permission.GET_TASKS; type = 0; res = -1; stacktrace=java.lang.Exception

08-05 06:13:04.700  1564  1576 I LSPosed-Bridge: 	at com.example.permlabel.requirePerm$1$2.afterHookedMethod(requirePerm.java:121)

08-05 06:13:04.700  1564  1576 I LSPosed-Bridge: 	at de.robv.android.xposed.XposedBridge$AdditionalHookInfo.callback(Unknown Source:147)

08-05 06:13:04.700  1564  1576 I LSPosed-Bridge: 	at LSPHooker_.checkPermission(Unknown Source:25)

08-05 06:13:04.700  1564  1576 I LSPosed-Bridge: 	at com.android.server.am.ActivityManagerService.isGetTasksAllowed(ActivityManagerService.java:10902)

08-05 06:13:04.700  1564  1576 I LSPosed-Bridge: 	at com.android.server.am.ActivityManagerService.getRunningAppProcesses(ActivityManagerService.java:16139)

08-05 06:13:04.700  1564  1576 I LSPosed-Bridge: 	at android.app.IActivityManager$Stub.onTransact(IActivityManager.java:1088)

08-05 06:13:04.700  1564  1576 I LSPosed-Bridge: 	at com.android.server.am.ActivityManagerService.onTransact(ActivityManagerService.java:3346)

08-05 06:13:04.700  1564  1576 I LSPosed-Bridge: 	at android.os.Binder.execTransact(Binder.java:731)

08-05 06:13:04.700  7741  7969 I LSPosed-Bridge: 7741 PermLabel hookBinder_test 10146 interfaceBinder =android.app.IActivityManager; arg0 = 81; arg1 = android.os.Parcel@1fb9b69; arg2 = android.os.Parcel@471a462; arg3 = 0; res = true; stacktrace=java.lang.Exception

08-05 06:13:04.700  7741  7969 I LSPosed-Bridge: 	at com.example.permlabel.hookBinder_test$1.afterHookedMethod(hookBinder_test.java:52)

08-05 06:13:04.700  7741  7969 I LSPosed-Bridge: 	at de.robv.android.xposed.XposedBridge$AdditionalHookInfo.callback(Unknown Source:147)

08-05 06:13:04.700  7741  7969 I LSPosed-Bridge: 	at LSPHooker_.transact(Unknown Source:28)

08-05 06:13:04.700  7741  7969 I LSPosed-Bridge: 	at android.app.IActivityManager$Stub$Proxy.getRunningAppProcesses(IActivityManager.java:5366)

08-05 06:13:04.700  7741  7969 I LSPosed-Bridge: 	at android.app.ActivityManager.getRunningAppProcesses(ActivityManager.java:3435)

08-05 06:13:04.700  7741  7969 I LSPosed-Bridge: 	at java.lang.reflect.Method.invoke(Native Method)

08-05 06:13:04.700  7741  7969 I LSPosed-Bridge: 	at org.lsposed.lspd.nativebridge.HookBridge.invokeOriginalMethod(Native Method)

08-05 06:13:04.700  7741  7969 I LSPosed-Bridge: 	at de.robv.android.xposed.XposedBridge$AdditionalHookInfo.callback(Unknown Source:110)

08-05 06:13:04.700  7741  7969 I LSPosed-Bridge: 	at LSPHooker_.getRunningAppProcesses(Unknown Source:8)

08-05 06:13:04.700  7741  7969 I LSPosed-Bridge: 	at com.google.firebase.crashlytics.internal.common.m0.d(SourceFile:15)

08-05 06:13:04.700  7741  7969 I LSPosed-Bridge: 	at com.google.firebase.crashlytics.internal.common.s.run(SourceFile:10)

08-05 06:13:04.700  7741  7969 I LSPosed-Bridge: 	at com.google.firebase.crashlytics.internal.common.g.call(Unknown Source:2)

08-05 06:13:04.700  7741  7969 I LSPosed-Bridge: 	at com.google.firebase.crashlytics.internal.common.h.then(Unknown Source:2)

08-05 06:13:04.700  7741  7969 I LSPosed-Bridge: 	at com.google.android.gms.tasks.zzc.run(SourceFile:3)

08-05 06:13:04.700  7741  7969 I LSPosed-Bridge: 	at java.util.concurrent.ThreadPoolExecutor.runWorker(ThreadPoolExecutor.java:1167)

08-05 06:13:04.700  7741  7969 I LSPosed-Bridge: 	at java.util.concurrent.ThreadPoolExecutor$Worker.run(ThreadPoolExecutor.java:641)

08-05 06:13:04.700  7741  7969 I LSPosed-Bridge: 	at com.google.firebase.crashlytics.internal.common.f0$a.a(Unknown Source:2)

08-05 06:13:04.700  7741  7969 I LSPosed-Bridge: 	at com.google.firebase.crashlytics.internal.common.c.run(SourceFile:2)

08-05 06:13:04.700  7741  7969 I LSPosed-Bridge: 	at java.lang.Thread.run(Thread.java:764)

08-05 06:13:08.659  7741  8025 I LSPosed-Bridge: 7741 PermLabel hookBinder_test 10146 interfaceBinder =android.content.pm.IPackageManager; arg0 = 13; arg1 = android.os.Parcel@9385479; arg2 = android.os.Parcel@ec41abe; arg3 = 0; res = true; stacktrace=java.lang.Exception

08-05 06:13:08.659  7741  8025 I LSPosed-Bridge: 	at com.example.permlabel.hookBinder_test$1.afterHookedMethod(hookBinder_test.java:52)

08-05 06:13:08.659  7741  8025 I LSPosed-Bridge: 	at de.robv.android.xposed.XposedBridge$AdditionalHookInfo.callback(Unknown Source:147)

08-05 06:13:08.659  7741  8025 I LSPosed-Bridge: 	at LSPHooker_.transact(Unknown Source:28)

08-05 06:13:08.659  7741  8025 I LSPosed-Bridge: 	at android.content.pm.IPackageManager$Stub$Proxy.getApplicationInfo(IPackageManager.java:3104)

08-05 06:13:08.659  7741  8025 I LSPosed-Bridge: 	at android.app.ApplicationPackageManager.getApplicationInfoAsUser(ApplicationPackageManager.java:384)

08-05 06:13:08.659  7741  8025 I LSPosed-Bridge: 	at android.app.ApplicationPackageManager.getApplicationInfo(ApplicationPackageManager.java:377)

08-05 06:13:08.659  7741  8025 I LSPosed-Bridge: 	at m.cr.a(:com.google.android.gms.dynamite_measurementdynamite@232617028@23.26.17 (100400-0):7)

08-05 06:13:08.659  7741  8025 I LSPosed-Bridge: 	at m.ek.c(:com.google.android.gms.dynamite_measurementdynamite@232617028@23.26.17 (100400-0):42)

08-05 06:13:08.659  7741  8025 I LSPosed-Bridge: 	at m.ek.d(:com.google.android.gms.dynamite_measurementdynamite@232617028@23.26.17 (100400-0):4)

08-05 06:13:08.659  7741  8025 I LSPosed-Bridge: 	at m.ek.h(:com.google.android.gms.dynamite_measurementdynamite@232617028@23.26.17 (100400-0):13)

08-05 06:13:08.659  7741  8025 I LSPosed-Bridge: 	at m.jb.a(:com.google.android.gms.dynamite_measurementdynamite@232617028@23.26.17 (100400-0):6)

08-05 06:13:08.659  7741  8025 I LSPosed-Bridge: 	at m.jb.u(:com.google.android.gms.dynamite_measurementdynamite@232617028@23.26.17 (100400-0):1)

08-05 06:13:08.659  7741  8025 I LSPosed-Bridge: 	at m.ko.U(:com.google.android.gms.dynamite_measurementdynamite@232617028@23.26.17 (100400-0):5)

08-05 06:13:08.659  7741  8025 I LSPosed-Bridge: 	at m.jv.run(:com.google.android.gms.dynamite_measurementdynamite@232617028@23.26.17 (100400-0):17)

08-05 06:13:08.659  7741  8025 I LSPosed-Bridge: 	at java.util.concurrent.Executors$RunnableAdapter.call(Executors.java:458)

08-05 06:13:08.659  7741  8025 I LSPosed-Bridge: 	at java.util.concurrent.FutureTask.run(FutureTask.java:266)

08-05 06:13:08.659  7741  8025 I LSPosed-Bridge: 	at m.ix.run(:com.google.android.gms.dynamite_measurementdynamite@232617028@23.26.17 (100400-0):48)

08-05 06:13:08.659  1564  1577 I LSPosed-Bridge: 7741 PermLabel 10146 AMS.checkPermission: Binder.getCallingPid() = 7741; uid = 10146; Binder.getCallingUid() = 10146; getNameForUid: com.shopee.tw; getPackagesForUid: [com.shopee.tw]; permName: android.permission.GET_TASKS; type = 0; res = -1; stacktrace=java.lang.Exception

08-05 06:13:08.659  1564  1577 I LSPosed-Bridge: 	at com.example.permlabel.requirePerm$1$2.afterHookedMethod(requirePerm.java:121)

08-05 06:13:08.659  1564  1577 I LSPosed-Bridge: 	at de.robv.android.xposed.XposedBridge$AdditionalHookInfo.callback(Unknown Source:147)

08-05 06:13:08.659  1564  1577 I LSPosed-Bridge: 	at LSPHooker_.checkPermission(Unknown Source:25)

08-05 06:13:08.659  1564  1577 I LSPosed-Bridge: 	at com.android.server.am.ActivityManagerService.isGetTasksAllowed(ActivityManagerService.java:10902)

08-05 06:13:08.659  1564  1577 I LSPosed-Bridge: 	at com.android.server.am.ActivityManagerService.getRunningAppProcesses(ActivityManagerService.java:16139)

08-05 06:13:08.659  1564  1577 I LSPosed-Bridge: 	at android.app.IActivityManager$Stub.onTransact(IActivityManager.java:1088)

08-05 06:13:08.659  1564  1577 I LSPosed-Bridge: 	at com.android.server.am.ActivityManagerService.onTransact(ActivityManagerService.java:3346)

08-05 06:13:08.659  1564  1577 I LSPosed-Bridge: 	at android.os.Binder.execTransact(Binder.java:731)

08-05 06:13:08.958  7741  9107 W GoogleTagManager: Event does not have parameter "item_category" and no default value was defined. Returning "undefined".

08-05 06:13:08.958  1564  1576 I LSPosed-Bridge: 7741 PermLabel 10146 AMS.checkPermission: Binder.getCallingPid() = 7741; uid = 10146; Binder.getCallingUid() = 10146; getNameForUid: com.shopee.tw; getPackagesForUid: [com.shopee.tw]; permName: android.permission.GET_TASKS; type = 0; res = -1; stacktrace=java.lang.Exception

08-05 06:13:08.958  1564  1576 I LSPosed-Bridge: 	at com.example.permlabel.requirePerm$1$2.afterHookedMethod(requirePerm.java:121)

08-05 06:13:08.958  1564  1576 I LSPosed-Bridge: 	at de.robv.android.xposed.XposedBridge$AdditionalHookInfo.callback(Unknown Source:147)

08-05 06:13:08.958  1564  1576 I LSPosed-Bridge: 	at LSPHooker_.checkPermission(Unknown Source:25)

08-05 06:13:08.958  1564  1576 I LSPosed-Bridge: 	at com.android.server.am.ActivityManagerService.isGetTasksAllowed(ActivityManagerService.java:10902)

08-05 06:13:08.958  1564  1576 I LSPosed-Bridge: 	at com.android.server.am.ActivityManagerService.getRunningAppProcesses(ActivityManagerService.java:16139)

08-05 06:13:08.958  1564  1576 I LSPosed-Bridge: 	at android.app.IActivityManager$Stub.onTransact(IActivityManager.java:1088)

08-05 06:13:08.958  1564  1576 I LSPosed-Bridge: 	at com.android.server.am.ActivityManagerService.onTransact(ActivityManagerService.java:3346)

08-05 06:13:08.958  1564  1576 I LSPosed-Bridge: 	at android.os.Binder.execTransact(Binder.java:731)

08-05 06:13:11.680  1564  6850 I LSPosed-Bridge: 7741 PermLabel 10146 AMS.checkPermission: Binder.getCallingPid() = 7741; uid = 10146; Binder.getCallingUid() = 10146; getNameForUid: com.shopee.tw; getPackagesForUid: [com.shopee.tw]; permName: android.permission.INTERNET; type = 0; res = 0; stacktrace=java.lang.Exception

08-05 06:13:11.680  1564  6850 I LSPosed-Bridge: 	at com.example.permlabel.requirePerm$1$2.afterHookedMethod(requirePerm.java:121)

08-05 06:13:11.680  1564  6850 I LSPosed-Bridge: 	at de.robv.android.xposed.XposedBridge$AdditionalHookInfo.callback(Unknown Source:147)

08-05 06:13:11.680  1564  6850 I LSPosed-Bridge: 	at LSPHooker_.checkPermission(Unknown Source:25)

08-05 06:13:11.680  1564  6850 I LSPosed-Bridge: 	at android.app.IActivityManager$Stub.onTransact(IActivityManager.java:664)

08-05 06:13:11.680  1564  6850 I LSPosed-Bridge: 	at com.android.server.am.ActivityManagerService.onTransact(ActivityManagerService.java:3346)

08-05 06:13:11.680  1564  6850 I LSPosed-Bridge: 	at android.os.Binder.execTransact(Binder.java:731)

08-05 06:13:11.680  1564  1577 I LSPosed-Bridge: 7741 PermLabel 10146 AMS.checkPermission: Binder.getCallingPid() = 7741; uid = 10146; Binder.getCallingUid() = 10146; getNameForUid: com.shopee.tw; getPackagesForUid: [com.shopee.tw]; permName: android.permission.GET_TASKS; type = 0; res = -1; stacktrace=java.lang.Exception

08-05 06:13:11.680  1564  1577 I LSPosed-Bridge: 	at com.example.permlabel.requirePerm$1$2.afterHookedMethod(requirePerm.java:121)

08-05 06:13:11.680  1564  1577 I LSPosed-Bridge: 	at de.robv.android.xposed.XposedBridge$AdditionalHookInfo.callback(Unknown Source:147)

08-05 06:13:11.680  1564  1577 I LSPosed-Bridge: 	at LSPHooker_.checkPermission(Unknown Source:25)

08-05 06:13:11.680  1564  1577 I LSPosed-Bridge: 	at com.android.server.am.ActivityManagerService.isGetTasksAllowed(ActivityManagerService.java:10902)

08-05 06:13:11.680  1564  1577 I LSPosed-Bridge: 	at com.android.server.am.ActivityManagerService.getRunningAppProcesses(ActivityManagerService.java:16139)

08-05 06:13:11.680  1564  1577 I LSPosed-Bridge: 	at android.app.IActivityManager$Stub.onTransact(IActivityManager.java:1088)

08-05 06:13:11.680  1564  1577 I LSPosed-Bridge: 	at com.android.server.am.ActivityManagerService.onTransact(ActivityManagerService.java:3346)

08-05 06:13:11.680  1564  1577 I LSPosed-Bridge: 	at android.os.Binder.execTransact(Binder.java:731)

08-05 06:13:11.680  7741 10278 I LSPosed-Bridge: 7741 PermLabel hookBinder_test 10146 interfaceBinder =android.app.IActivityManager; arg0 = 49; arg1 = android.os.Parcel@98639a4; arg2 = android.os.Parcel@4e2422c; arg3 = 0; res = true; stacktrace=java.lang.Exception

08-05 06:13:11.680  7741 10278 I LSPosed-Bridge: 	at com.example.permlabel.hookBinder_test$1.afterHookedMethod(hookBinder_test.java:52)

08-05 06:13:11.680  7741 10278 I LSPosed-Bridge: 	at de.robv.android.xposed.XposedBridge$AdditionalHookInfo.callback(Unknown Source:147)

08-05 06:13:11.680  7741 10278 I LSPosed-Bridge: 	at LSPHooker_.transact(Unknown Source:28)

08-05 06:13:11.680  7741 10278 I LSPosed-Bridge: 	at android.app.IActivityManager$Stub$Proxy.checkPermission(IActivityManager.java:4722)

08-05 06:13:11.680  7741 10278 I LSPosed-Bridge: 	at android.app.ContextImpl.checkPermission(ContextImpl.java:1751)

08-05 06:13:11.680  7741 10278 I LSPosed-Bridge: 	at java.lang.reflect.Method.invoke(Native Method)

08-05 06:13:11.680  7741 10278 I LSPosed-Bridge: 	at org.lsposed.lspd.nativebridge.HookBridge.invokeOriginalMethod(Native Method)

08-05 06:13:11.680  7741 10278 I LSPosed-Bridge: 	at de.robv.android.xposed.XposedBridge$AdditionalHookInfo.callback(Unknown Source:110)

08-05 06:13:11.680  7741 10278 I LSPosed-Bridge: 	at LSPHooker_.checkPermission(Unknown Source:25)

08-05 06:13:11.680  7741 10278 I LSPosed-Bridge: 	at androidx.core.content.a.a(SourceFile:2)

08-05 06:13:11.680  7741 10278 I LSPosed-Bridge: 	at com.shopee.app.network.status.connectivity.b.b(SourceFile:3)

08-05 06:13:11.680  7741 10278 I LSPosed-Bridge: 	at com.shopee.app.network.status.connectivity.c.b(SourceFile:1)

08-05 06:13:11.680  7741 10278 I LSPosed-Bridge: 	at com.shopee.app.network.status.b.a(SourceFile:2)

08-05 06:13:11.680  7741 10278 I LSPosed-Bridge: 	at com.shopee.app.network.eventlistener.a.a(SourceFile:52)

08-05 06:13:11.680  7741 10278 I LSPosed-Bridge: 	at com.shopee.app.network.cronet.event.a.a(SourceFile:17)

08-05 06:13:11.680  7741 10278 I LSPosed-Bridge: 	at com.shopee.cronet.lib.response.c.onRequestFinished(SourceFile:98)

08-05 06:13:11.680  7741 10278 I LSPosed-Bridge: 	at org.chromium.net.impl.VersionSafeCallbacks$RequestFinishedInfoListener.onRequestFinished(Unknown Source:2)

08-05 06:13:11.680  7741 10278 I LSPosed-Bridge: 	at org.chromium.net.impl.CronetUrlRequestContext$4.run(SourceFile:1)

08-05 06:13:11.680  7741 10278 I LSPosed-Bridge: 	at java.util.concurrent.Executors$RunnableAdapter.call(Executors.java:458)

08-05 06:13:11.680  7741 10278 I LSPosed-Bridge: 	at java.util.concurrent.FutureTask.run(FutureTask.java:266)

08-05 06:13:11.680  7741 10278 I LSPosed-Bridge: 	at java.util.concurrent.ScheduledThreadPoolExecutor$ScheduledFutureTask.run(ScheduledThreadPoolExecutor.java:301)

08-05 06:13:11.680  7741 10278 I LSPosed-Bridge: 	at java.util.concurrent.ThreadPoolExecutor.runWorker(ThreadPoolExecutor.java:1167)

08-05 06:13:11.680  7741 10278 I LSPosed-Bridge: 	at java.util.concurrent.ThreadPoolExecutor$Worker.run(ThreadPoolExecutor.java:641)

08-05 06:13:11.680  7741 10278 I LSPosed-Bridge: 	at java.lang.Thread.run(Thread.java:764)

08-05 06:13:11.680  7741  7741 I LSPosed-Bridge: 7741 PermLabel hookBinder_test 10146 interfaceBinder =android.view.accessibility.IAccessibilityInteractionConnectionCallback; arg0 = 2; arg1 = android.os.Parcel@84fb28a; arg2 = null; arg3 = 1; res = true; stacktrace=java.lang.Exception

08-05 06:13:11.680  7741  7741 I LSPosed-Bridge: 	at com.example.permlabel.hookBinder_test$1.afterHookedMethod(hookBinder_test.java:52)

08-05 06:13:11.680  7741  7741 I LSPosed-Bridge: 	at de.robv.android.xposed.XposedBridge$AdditionalHookInfo.callback(Unknown Source:147)

08-05 06:13:11.680  7741  7741 I LSPosed-Bridge: 	at LSPHooker_.transact(Unknown Source:28)

08-05 06:13:11.680  7741  7741 I LSPosed-Bridge: 	at android.view.accessibility.IAccessibilityInteractionConnectionCallback$Stub$Proxy.setFindAccessibilityNodeInfosResult(IAccessibilityInteractionConnectionCallback.java:146)

08-05 06:13:11.680  7741  7741 I LSPosed-Bridge: 	at android.view.AccessibilityInteractionController.updateInfosForViewportAndReturnFindNodeResult(AccessibilityInteractionController.java:869)

08-05 06:13:11.680  7741  7741 I LSPosed-Bridge: 	at android.view.AccessibilityInteractionController.findAccessibilityNodeInfoByAccessibilityIdUiThread(AccessibilityInteractionController.java:340)

08-05 06:13:11.680  7741  7741 I LSPosed-Bridge: 	at android.view.AccessibilityInteractionController.access$400(AccessibilityInteractionController.java:67)

08-05 06:13:11.680  7741  7741 I LSPosed-Bridge: 	at android.view.AccessibilityInteractionController$PrivateHandler.handleMessage(AccessibilityInteractionController.java:1324)

08-05 06:13:11.680  7741  7741 I LSPosed-Bridge: 	at android.os.Handler.dispatchMessage(Handler.java:106)

08-05 06:13:11.680  7741  7741 I LSPosed-Bridge: 	at android.os.Looper.loop(Looper.java:193)

08-05 06:13:11.680  7741  7741 I LSPosed-Bridge: 	at android.app.ActivityThread.main(ActivityThread.java:6692)

08-05 06:13:11.680  7741  7741 I LSPosed-Bridge: 	at java.lang.reflect.Method.invoke(Native Method)

08-05 06:13:11.680  7741  7741 I LSPosed-Bridge: 	at com.android.internal.os.RuntimeInit$MethodAndArgsCaller.run(RuntimeInit.java:493)

08-05 06:13:11.680  7741  7741 I LSPosed-Bridge: 	at com.android.internal.os.ZygoteInit.main(ZygoteInit.java:858)

08-05 06:13:11.983  7741  8025 I LSPosed-Bridge: 7741 PermLabel hookBinder_test 10146 interfaceBinder =android.content.pm.IPackageManager; arg0 = 13; arg1 = android.os.Parcel@8e94a87; arg2 = android.os.Parcel@206e5c1; arg3 = 0; res = true; stacktrace=java.lang.Exception

08-05 06:13:11.983  7741  8025 I LSPosed-Bridge: 	at com.example.permlabel.hookBinder_test$1.afterHookedMethod(hookBinder_test.java:52)

08-05 06:13:11.983  7741  8025 I LSPosed-Bridge: 	at de.robv.android.xposed.XposedBridge$AdditionalHookInfo.callback(Unknown Source:147)

08-05 06:13:11.983  7741  8025 I LSPosed-Bridge: 	at LSPHooker_.transact(Unknown Source:28)

08-05 06:13:11.983  7741  8025 I LSPosed-Bridge: 	at android.content.pm.IPackageManager$Stub$Proxy.getApplicationInfo(IPackageManager.java:3104)

08-05 06:13:11.983  7741  8025 I LSPosed-Bridge: 	at android.app.ApplicationPackageManager.getApplicationInfoAsUser(ApplicationPackageManager.java:384)

08-05 06:13:11.983  7741  8025 I LSPosed-Bridge: 	at android.app.ApplicationPackageManager.getApplicationInfo(ApplicationPackageManager.java:377)

08-05 06:13:11.983  7741  8025 I LSPosed-Bridge: 	at m.cr.a(:com.google.android.gms.dynamite_measurementdynamite@232617028@23.26.17 (100400-0):7)

08-05 06:13:11.983  7741  8025 I LSPosed-Bridge: 	at m.ek.c(:com.google.android.gms.dynamite_measurementdynamite@232617028@23.26.17 (100400-0):42)

08-05 06:13:11.983  7741  8025 I LSPosed-Bridge: 	at m.ek.d(:com.google.android.gms.dynamite_measurementdynamite@232617028@23.26.17 (100400-0):4)

08-05 06:13:11.983  7741  8025 I LSPosed-Bridge: 	at m.ek.h(:com.google.android.gms.dynamite_measurementdynamite@232617028@23.26.17 (100400-0):13)

08-05 06:13:11.983  7741  8025 I LSPosed-Bridge: 	at m.jb.a(:com.google.android.gms.dynamite_measurementdynamite@232617028@23.26.17 (100400-0):6)

08-05 06:13:11.983  7741  8025 I LSPosed-Bridge: 	at m.jb.u(:com.google.android.gms.dynamite_measurementdynamite@232617028@23.26.17 (100400-0):1)

08-05 06:13:11.983  7741  8025 I LSPosed-Bridge: 	at m.ko.U(:com.google.android.gms.dynamite_measurementdynamite@232617028@23.26.17 (100400-0):5)

08-05 06:13:11.983  7741  8025 I LSPosed-Bridge: 	at m.jv.run(:com.google.android.gms.dynamite_measurementdynamite@232617028@23.26.17 (100400-0):17)

08-05 06:13:11.983  7741  8025 I LSPosed-Bridge: 	at java.util.concurrent.Executors$RunnableAdapter.call(Executors.java:458)

08-05 06:13:11.983  7741  8025 I LSPosed-Bridge: 	at java.util.concurrent.FutureTask.run(FutureTask.java:266)

08-05 06:13:11.983  7741  8025 I LSPosed-Bridge: 	at m.ix.run(:com.google.android.gms.dynamite_measurementdynamite@232617028@23.26.17 (100400-0):48)

08-05 06:13:11.983  1564  1577 I LSPosed-Bridge: 7741 PermLabel 10146 AMS.checkPermission: Binder.getCallingPid() = 7741; uid = 10146; Binder.getCallingUid() = 10146; getNameForUid: com.shopee.tw; getPackagesForUid: [com.shopee.tw]; permName: android.permission.GET_TASKS; type = 0; res = -1; stacktrace=java.lang.Exception

08-05 06:13:11.983  1564  1577 I LSPosed-Bridge: 	at com.example.permlabel.requirePerm$1$2.afterHookedMethod(requirePerm.java:121)

08-05 06:13:11.983  1564  1577 I LSPosed-Bridge: 	at de.robv.android.xposed.XposedBridge$AdditionalHookInfo.callback(Unknown Source:147)

08-05 06:13:11.983  1564  1577 I LSPosed-Bridge: 	at LSPHooker_.checkPermission(Unknown Source:25)

08-05 06:13:11.983  1564  1577 I LSPosed-Bridge: 	at com.android.server.am.ActivityManagerService.isGetTasksAllowed(ActivityManagerService.java:10902)

08-05 06:13:11.983  1564  1577 I LSPosed-Bridge: 	at com.android.server.am.ActivityManagerService.getRunningAppProcesses(ActivityManagerService.java:16139)

08-05 06:13:11.983  1564  1577 I LSPosed-Bridge: 	at android.app.IActivityManager$Stub.onTransact(IActivityManager.java:1088)

08-05 06:13:11.983  1564  1577 I LSPosed-Bridge: 	at com.android.server.am.ActivityManagerService.onTransact(ActivityManagerService.java:3346)

08-05 06:13:11.983  1564  1577 I LSPosed-Bridge: 	at android.os.Binder.execTransact(Binder.java:731)

08-05 06:13:15.640  7741  8025 I LSPosed-Bridge: 7741 PermLabel hookBinder_test 10146 interfaceBinder =android.content.pm.IPackageManager; arg0 = 13; arg1 = android.os.Parcel@3ee2329; arg2 = android.os.Parcel@a8c3f0e; arg3 = 0; res = true; stacktrace=java.lang.Exception

08-05 06:13:15.640  7741  8025 I LSPosed-Bridge: 	at com.example.permlabel.hookBinder_test$1.afterHookedMethod(hookBinder_test.java:52)

08-05 06:13:15.640  7741  8025 I LSPosed-Bridge: 	at de.robv.android.xposed.XposedBridge$AdditionalHookInfo.callback(Unknown Source:147)

08-05 06:13:15.640  7741  8025 I LSPosed-Bridge: 	at LSPHooker_.transact(Unknown Source:28)

08-05 06:13:15.640  7741  8025 I LSPosed-Bridge: 	at android.content.pm.IPackageManager$Stub$Proxy.getApplicationInfo(IPackageManager.java:3104)

08-05 06:13:15.640  7741  8025 I LSPosed-Bridge: 	at android.app.ApplicationPackageManager.getApplicationInfoAsUser(ApplicationPackageManager.java:384)

08-05 06:13:15.640  7741  8025 I LSPosed-Bridge: 	at android.app.ApplicationPackageManager.getApplicationInfo(ApplicationPackageManager.java:377)

08-05 06:13:15.640  7741  8025 I LSPosed-Bridge: 	at m.cr.a(:com.google.android.gms.dynamite_measurementdynamite@232617028@23.26.17 (100400-0):7)

08-05 06:13:15.640  7741  8025 I LSPosed-Bridge: 	at m.ek.c(:com.google.android.gms.dynamite_measurementdynamite@232617028@23.26.17 (100400-0):42)

08-05 06:13:15.640  7741  8025 I LSPosed-Bridge: 	at m.ek.d(:com.google.android.gms.dynamite_measurementdynamite@232617028@23.26.17 (100400-0):4)

08-05 06:13:15.640  7741  8025 I LSPosed-Bridge: 	at m.ek.h(:com.google.android.gms.dynamite_measurementdynamite@232617028@23.26.17 (100400-0):13)

08-05 06:13:15.640  7741  8025 I LSPosed-Bridge: 	at m.jb.a(:com.google.android.gms.dynamite_measurementdynamite@232617028@23.26.17 (100400-0):6)

08-05 06:13:15.640  7741  8025 I LSPosed-Bridge: 	at m.jb.u(:com.google.android.gms.dynamite_measurementdynamite@232617028@23.26.17 (100400-0):1)

08-05 06:13:15.640  7741  8025 I LSPosed-Bridge: 	at m.ko.U(:com.google.android.gms.dynamite_measurementdynamite@232617028@23.26.17 (100400-0):5)

08-05 06:13:15.640  7741  8025 I LSPosed-Bridge: 	at m.jv.run(:com.google.android.gms.dynamite_measurementdynamite@232617028@23.26.17 (100400-0):17)

08-05 06:13:15.640  7741  8025 I LSPosed-Bridge: 	at java.util.concurrent.Executors$RunnableAdapter.call(Executors.java:458)

08-05 06:13:15.640  7741  8025 I LSPosed-Bridge: 	at java.util.concurrent.FutureTask.run(FutureTask.java:266)

08-05 06:13:15.640  7741  8025 I LSPosed-Bridge: 	at m.ix.run(:com.google.android.gms.dynamite_measurementdynamite@232617028@23.26.17 (100400-0):48)

08-05 06:13:15.640  1564  7756 I LSPosed-Bridge: 7741 PermLabel 10146 AMS.checkPermission: Binder.getCallingPid() = 7741; uid = 10146; Binder.getCallingUid() = 10146; getNameForUid: com.shopee.tw; getPackagesForUid: [com.shopee.tw]; permName: android.permission.GET_TASKS; type = 0; res = -1; stacktrace=java.lang.Exception

08-05 06:13:15.640  1564  7756 I LSPosed-Bridge: 	at com.example.permlabel.requirePerm$1$2.afterHookedMethod(requirePerm.java:121)

08-05 06:13:15.640  1564  7756 I LSPosed-Bridge: 	at de.robv.android.xposed.XposedBridge$AdditionalHookInfo.callback(Unknown Source:147)

08-05 06:13:15.640  1564  7756 I LSPosed-Bridge: 	at LSPHooker_.checkPermission(Unknown Source:25)

08-05 06:13:15.640  1564  7756 I LSPosed-Bridge: 	at com.android.server.am.ActivityManagerService.isGetTasksAllowed(ActivityManagerService.java:10902)

08-05 06:13:15.640  1564  7756 I LSPosed-Bridge: 	at com.android.server.am.ActivityManagerService.getRunningAppProcesses(ActivityManagerService.java:16139)

08-05 06:13:15.640  1564  7756 I LSPosed-Bridge: 	at android.app.IActivityManager$Stub.onTransact(IActivityManager.java:1088)

08-05 06:13:15.640  1564  7756 I LSPosed-Bridge: 	at com.android.server.am.ActivityManagerService.onTransact(ActivityManagerService.java:3346)

08-05 06:13:15.640  1564  7756 I LSPosed-Bridge: 	at android.os.Binder.execTransact(Binder.java:731)

08-05 06:13:15.788  1564  7756 I LSPosed-Bridge: 7741 PermLabel 10146 AMS.checkPermission: Binder.getCallingPid() = 7741; uid = 10146; Binder.getCallingUid() = 10146; getNameForUid: com.shopee.tw; getPackagesForUid: [com.shopee.tw]; permName: android.permission.GET_TASKS; type = 0; res = -1; stacktrace=java.lang.Exception

08-05 06:13:15.788  1564  7756 I LSPosed-Bridge: 	at com.example.permlabel.requirePerm$1$2.afterHookedMethod(requirePerm.java:121)

08-05 06:13:15.788  1564  7756 I LSPosed-Bridge: 	at de.robv.android.xposed.XposedBridge$AdditionalHookInfo.callback(Unknown Source:147)

08-05 06:13:15.788  1564  7756 I LSPosed-Bridge: 	at LSPHooker_.checkPermission(Unknown Source:25)

08-05 06:13:15.788  1564  7756 I LSPosed-Bridge: 	at com.android.server.am.ActivityManagerService.isGetTasksAllowed(ActivityManagerService.java:10902)

08-05 06:13:15.788  1564  7756 I LSPosed-Bridge: 	at com.android.server.am.ActivityManagerService.getRunningAppProcesses(ActivityManagerService.java:16139)

08-05 06:13:15.788  1564  7756 I LSPosed-Bridge: 	at android.app.IActivityManager$Stub.onTransact(IActivityManager.java:1088)

08-05 06:13:15.788  1564  7756 I LSPosed-Bridge: 	at com.android.server.am.ActivityManagerService.onTransact(ActivityManagerService.java:3346)

08-05 06:13:15.788  1564  7756 I LSPosed-Bridge: 	at android.os.Binder.execTransact(Binder.java:731)

08-05 06:13:18.537  7741  8025 I LSPosed-Bridge: 7741 PermLabel hookBinder_test 10146 interfaceBinder =android.content.pm.IPackageManager; arg0 = 13; arg1 = android.os.Parcel@74c8eea; arg2 = android.os.Parcel@72f46ba; arg3 = 0; res = true; stacktrace=java.lang.Exception

08-05 06:13:18.537  7741  8025 I LSPosed-Bridge: 	at com.example.permlabel.hookBinder_test$1.afterHookedMethod(hookBinder_test.java:52)

08-05 06:13:18.537  7741  8025 I LSPosed-Bridge: 	at de.robv.android.xposed.XposedBridge$AdditionalHookInfo.callback(Unknown Source:147)

08-05 06:13:18.537  7741  8025 I LSPosed-Bridge: 	at LSPHooker_.transact(Unknown Source:28)

08-05 06:13:18.537  7741  8025 I LSPosed-Bridge: 	at android.content.pm.IPackageManager$Stub$Proxy.getApplicationInfo(IPackageManager.java:3104)

08-05 06:13:18.537  7741  8025 I LSPosed-Bridge: 	at android.app.ApplicationPackageManager.getApplicationInfoAsUser(ApplicationPackageManager.java:384)

08-05 06:13:18.537  7741  8025 I LSPosed-Bridge: 	at android.app.ApplicationPackageManager.getApplicationInfo(ApplicationPackageManager.java:377)

08-05 06:13:18.537  7741  8025 I LSPosed-Bridge: 	at m.cr.a(:com.google.android.gms.dynamite_measurementdynamite@232617028@23.26.17 (100400-0):7)

08-05 06:13:18.537  7741  8025 I LSPosed-Bridge: 	at m.ek.c(:com.google.android.gms.dynamite_measurementdynamite@232617028@23.26.17 (100400-0):42)

08-05 06:13:18.537  7741  8025 I LSPosed-Bridge: 	at m.ek.d(:com.google.android.gms.dynamite_measurementdynamite@232617028@23.26.17 (100400-0):4)

08-05 06:13:18.537  7741  8025 I LSPosed-Bridge: 	at m.ek.h(:com.google.android.gms.dynamite_measurementdynamite@232617028@23.26.17 (100400-0):13)

08-05 06:13:18.537  7741  8025 I LSPosed-Bridge: 	at m.jb.a(:com.google.android.gms.dynamite_measurementdynamite@232617028@23.26.17 (100400-0):6)

08-05 06:13:18.537  7741  8025 I LSPosed-Bridge: 	at m.jb.u(:com.google.android.gms.dynamite_measurementdynamite@232617028@23.26.17 (100400-0):1)

08-05 06:13:18.537  7741  8025 I LSPosed-Bridge: 	at m.ko.U(:com.google.android.gms.dynamite_measurementdynamite@232617028@23.26.17 (100400-0):5)

08-05 06:13:18.537  7741  8025 I LSPosed-Bridge: 	at m.jv.run(:com.google.android.gms.dynamite_measurementdynamite@232617028@23.26.17 (100400-0):17)

08-05 06:13:18.537  7741  8025 I LSPosed-Bridge: 	at java.util.concurrent.Executors$RunnableAdapter.call(Executors.java:458)

08-05 06:13:18.537  7741  8025 I LSPosed-Bridge: 	at java.util.concurrent.FutureTask.run(FutureTask.java:266)

08-05 06:13:18.537  7741  8025 I LSPosed-Bridge: 	at m.ix.run(:com.google.android.gms.dynamite_measurementdynamite@232617028@23.26.17 (100400-0):48)

08-05 06:13:18.537  1564  1576 I LSPosed-Bridge: 7741 PermLabel 10146 AMS.checkPermission: Binder.getCallingPid() = 7741; uid = 10146; Binder.getCallingUid() = 10146; getNameForUid: com.shopee.tw; getPackagesForUid: [com.shopee.tw]; permName: android.permission.GET_TASKS; type = 0; res = -1; stacktrace=java.lang.Exception

08-05 06:13:18.537  1564  1576 I LSPosed-Bridge: 	at com.example.permlabel.requirePerm$1$2.afterHookedMethod(requirePerm.java:121)

08-05 06:13:18.537  1564  1576 I LSPosed-Bridge: 	at de.robv.android.xposed.XposedBridge$AdditionalHookInfo.callback(Unknown Source:147)

08-05 06:13:18.537  1564  1576 I LSPosed-Bridge: 	at LSPHooker_.checkPermission(Unknown Source:25)

08-05 06:13:18.537  1564  1576 I LSPosed-Bridge: 	at com.android.server.am.ActivityManagerService.isGetTasksAllowed(ActivityManagerService.java:10902)

08-05 06:13:18.537  1564  1576 I LSPosed-Bridge: 	at com.android.server.am.ActivityManagerService.getRunningAppProcesses(ActivityManagerService.java:16139)

08-05 06:13:18.537  1564  1576 I LSPosed-Bridge: 	at android.app.IActivityManager$Stub.onTransact(IActivityManager.java:1088)

08-05 06:13:18.537  1564  1576 I LSPosed-Bridge: 	at com.android.server.am.ActivityManagerService.onTransact(ActivityManagerService.java:3346)

08-05 06:13:18.537  1564  1576 I LSPosed-Bridge: 	at android.os.Binder.execTransact(Binder.java:731)

08-05 06:13:18.946  7741  8025 I LSPosed-Bridge: 7741 PermLabel hookBinder_test 10146 interfaceBinder =android.content.pm.IPackageManager; arg0 = 13; arg1 = android.os.Parcel@b7a179a; arg2 = android.os.Parcel@489f96b; arg3 = 0; res = true; stacktrace=java.lang.Exception

08-05 06:13:18.946  7741  8025 I LSPosed-Bridge: 	at com.example.permlabel.hookBinder_test$1.afterHookedMethod(hookBinder_test.java:52)

08-05 06:13:18.946  7741  8025 I LSPosed-Bridge: 	at de.robv.android.xposed.XposedBridge$AdditionalHookInfo.callback(Unknown Source:147)

08-05 06:13:18.946  7741  8025 I LSPosed-Bridge: 	at LSPHooker_.transact(Unknown Source:28)

08-05 06:13:18.946  7741  8025 I LSPosed-Bridge: 	at android.content.pm.IPackageManager$Stub$Proxy.getApplicationInfo(IPackageManager.java:3104)

08-05 06:13:18.946  7741  8025 I LSPosed-Bridge: 	at android.app.ApplicationPackageManager.getApplicationInfoAsUser(ApplicationPackageManager.java:384)

08-05 06:13:18.946  7741  8025 I LSPosed-Bridge: 	at android.app.ApplicationPackageManager.getApplicationInfo(ApplicationPackageManager.java:377)

08-05 06:13:18.946  7741  8025 I LSPosed-Bridge: 	at m.cr.a(:com.google.android.gms.dynamite_measurementdynamite@232617028@23.26.17 (100400-0):7)

08-05 06:13:18.946  7741  8025 I LSPosed-Bridge: 	at m.ek.c(:com.google.android.gms.dynamite_measurementdynamite@232617028@23.26.17 (100400-0):42)

08-05 06:13:18.946  7741  8025 I LSPosed-Bridge: 	at m.ek.d(:com.google.android.gms.dynamite_measurementdynamite@232617028@23.26.17 (100400-0):4)

08-05 06:13:18.946  7741  8025 I LSPosed-Bridge: 	at m.ek.h(:com.google.android.gms.dynamite_measurementdynamite@232617028@23.26.17 (100400-0):13)

08-05 06:13:18.946  7741  8025 I LSPosed-Bridge: 	at m.jb.a(:com.google.android.gms.dynamite_measurementdynamite@232617028@23.26.17 (100400-0):6)

08-05 06:13:18.946  7741  8025 I LSPosed-Bridge: 	at m.jb.u(:com.google.android.gms.dynamite_measurementdynamite@232617028@23.26.17 (100400-0):1)

08-05 06:13:18.946  7741  8025 I LSPosed-Bridge: 	at m.ko.U(:com.google.android.gms.dynamite_measurementdynamite@232617028@23.26.17 (100400-0):5)

08-05 06:13:18.946  7741  8025 I LSPosed-Bridge: 	at m.jv.run(:com.google.android.gms.dynamite_measurementdynamite@232617028@23.26.17 (100400-0):17)

08-05 06:13:18.946  7741  8025 I LSPosed-Bridge: 	at java.util.concurrent.Executors$RunnableAdapter.call(Executors.java:458)

08-05 06:13:18.946  7741  8025 I LSPosed-Bridge: 	at java.util.concurrent.FutureTask.run(FutureTask.java:266)

08-05 06:13:18.946  7741  8025 I LSPosed-Bridge: 	at m.ix.run(:com.google.android.gms.dynamite_measurementdynamite@232617028@23.26.17 (100400-0):48)

08-05 06:13:18.946  1564  8208 I LSPosed-Bridge: 7741 PermLabel 10146 AMS.checkPermission: Binder.getCallingPid() = 7741; uid = 10146; Binder.getCallingUid() = 10146; getNameForUid: com.shopee.tw; getPackagesForUid: [com.shopee.tw]; permName: android.permission.GET_TASKS; type = 0; res = -1; stacktrace=java.lang.Exception

08-05 06:13:18.946  1564  8208 I LSPosed-Bridge: 	at com.example.permlabel.requirePerm$1$2.afterHookedMethod(requirePerm.java:121)

08-05 06:13:18.946  1564  8208 I LSPosed-Bridge: 	at de.robv.android.xposed.XposedBridge$AdditionalHookInfo.callback(Unknown Source:147)

08-05 06:13:18.946  1564  8208 I LSPosed-Bridge: 	at LSPHooker_.checkPermission(Unknown Source:25)

08-05 06:13:18.946  1564  8208 I LSPosed-Bridge: 	at com.android.server.am.ActivityManagerService.isGetTasksAllowed(ActivityManagerService.java:10902)

08-05 06:13:18.946  1564  8208 I LSPosed-Bridge: 	at com.android.server.am.ActivityManagerService.getRunningAppProcesses(ActivityManagerService.java:16139)

08-05 06:13:18.946  1564  8208 I LSPosed-Bridge: 	at android.app.IActivityManager$Stub.onTransact(IActivityManager.java:1088)

08-05 06:13:18.946  1564  8208 I LSPosed-Bridge: 	at com.android.server.am.ActivityManagerService.onTransact(ActivityManagerService.java:3346)

08-05 06:13:18.946  1564  8208 I LSPosed-Bridge: 	at android.os.Binder.execTransact(Binder.java:731)

08-05 06:13:22.518  1564  8208 I LSPosed-Bridge: 7741 PermLabel 10146 AMS.checkPermission: Binder.getCallingPid() = 7741; uid = 10146; Binder.getCallingUid() = 10146; getNameForUid: com.shopee.tw; getPackagesForUid: [com.shopee.tw]; permName: android.permission.GET_TASKS; type = 0; res = -1; stacktrace=java.lang.Exception

08-05 06:13:22.518  1564  8208 I LSPosed-Bridge: 	at com.example.permlabel.requirePerm$1$2.afterHookedMethod(requirePerm.java:121)

08-05 06:13:22.518  1564  8208 I LSPosed-Bridge: 	at de.robv.android.xposed.XposedBridge$AdditionalHookInfo.callback(Unknown Source:147)

08-05 06:13:22.518  1564  8208 I LSPosed-Bridge: 	at LSPHooker_.checkPermission(Unknown Source:25)

08-05 06:13:22.518  1564  8208 I LSPosed-Bridge: 	at com.android.server.am.ActivityManagerService.isGetTasksAllowed(ActivityManagerService.java:10902)

08-05 06:13:22.518  1564  8208 I LSPosed-Bridge: 	at com.android.server.am.ActivityManagerService.getRunningAppProcesses(ActivityManagerService.java:16139)

08-05 06:13:22.518  1564  8208 I LSPosed-Bridge: 	at android.app.IActivityManager$Stub.onTransact(IActivityManager.java:1088)

08-05 06:13:22.518  1564  8208 I LSPosed-Bridge: 	at com.android.server.am.ActivityManagerService.onTransact(ActivityManagerService.java:3346)

08-05 06:13:22.518  1564  8208 I LSPosed-Bridge: 	at android.os.Binder.execTransact(Binder.java:731)

08-05 06:13:22.518  7741  9107 W GoogleTagManager: Event does not have parameter "item_category" and no default value was defined. Returning "undefined".

08-05 06:13:22.518  7741 10278 I LSPosed-Bridge: 7741 PermLabel hookBinder_test 10146 interfaceBinder =android.app.IActivityManager; arg0 = 49; arg1 = android.os.Parcel@502725; arg2 = android.os.Parcel@9ac20fa; arg3 = 0; res = true; stacktrace=java.lang.Exception

08-05 06:13:22.518  7741 10278 I LSPosed-Bridge: 	at com.example.permlabel.hookBinder_test$1.afterHookedMethod(hookBinder_test.java:52)

08-05 06:13:22.518  7741 10278 I LSPosed-Bridge: 	at de.robv.android.xposed.XposedBridge$AdditionalHookInfo.callback(Unknown Source:147)

08-05 06:13:22.518  7741 10278 I LSPosed-Bridge: 	at LSPHooker_.transact(Unknown Source:28)

08-05 06:13:22.518  7741 10278 I LSPosed-Bridge: 	at android.app.IActivityManager$Stub$Proxy.checkPermission(IActivityManager.java:4722)

08-05 06:13:22.518  7741 10278 I LSPosed-Bridge: 	at android.app.ContextImpl.checkPermission(ContextImpl.java:1751)

08-05 06:13:22.518  7741 10278 I LSPosed-Bridge: 	at java.lang.reflect.Method.invoke(Native Method)

08-05 06:13:22.518  7741 10278 I LSPosed-Bridge: 	at org.lsposed.lspd.nativebridge.HookBridge.invokeOriginalMethod(Native Method)

08-05 06:13:22.518  7741 10278 I LSPosed-Bridge: 	at de.robv.android.xposed.XposedBridge$AdditionalHookInfo.callback(Unknown Source:110)

08-05 06:13:22.518  7741 10278 I LSPosed-Bridge: 	at LSPHooker_.checkPermission(Unknown Source:25)

08-05 06:13:22.518  7741 10278 I LSPosed-Bridge: 	at androidx.core.content.a.a(SourceFile:2)

08-05 06:13:22.518  7741 10278 I LSPosed-Bridge: 	at com.shopee.app.network.status.connectivity.b.b(SourceFile:3)

08-05 06:13:22.518  7741 10278 I LSPosed-Bridge: 	at com.shopee.app.network.status.connectivity.c.b(SourceFile:1)

08-05 06:13:22.518  7741 10278 I LSPosed-Bridge: 	at com.shopee.app.network.status.b.a(SourceFile:2)

08-05 06:13:22.518  7741 10278 I LSPosed-Bridge: 	at com.shopee.app.network.eventlistener.a.a(SourceFile:52)

08-05 06:13:22.518  7741 10278 I LSPosed-Bridge: 	at com.shopee.app.network.cronet.event.a.a(SourceFile:17)

08-05 06:13:22.518  7741 10278 I LSPosed-Bridge: 	at com.shopee.cronet.lib.response.c.onRequestFinished(SourceFile:98)

08-05 06:13:22.518  7741 10278 I LSPosed-Bridge: 	at org.chromium.net.impl.VersionSafeCallbacks$RequestFinishedInfoListener.onRequestFinished(Unknown Source:2)

08-05 06:13:22.518  7741 10278 I LSPosed-Bridge: 	at org.chromium.net.impl.CronetUrlRequestContext$4.run(SourceFile:1)

08-05 06:13:22.518  7741 10278 I LSPosed-Bridge: 	at java.util.concurrent.Executors$RunnableAdapter.call(Executors.java:458)

08-05 06:13:22.518  7741 10278 I LSPosed-Bridge: 	at java.util.concurrent.FutureTask.run(FutureTask.java:266)

08-05 06:13:22.518  7741 10278 I LSPosed-Bridge: 	at java.util.concurrent.ScheduledThreadPoolExecutor$ScheduledFutureTask.run(ScheduledThreadPoolExecutor.java:301)

08-05 06:13:22.518  7741 10278 I LSPosed-Bridge: 	at java.util.concurrent.ThreadPoolExecutor.runWorker(ThreadPoolExecutor.java:1167)

08-05 06:13:22.518  7741 10278 I LSPosed-Bridge: 	at java.util.concurrent.ThreadPoolExecutor$Worker.run(ThreadPoolExecutor.java:641)

08-05 06:13:22.518  7741 10278 I LSPosed-Bridge: 	at java.lang.Thread.run(Thread.java:764)

08-05 06:13:22.808  1564  8208 I LSPosed-Bridge: 7741 PermLabel 10146 AMS.checkPermission: Binder.getCallingPid() = 7741; uid = 10146; Binder.getCallingUid() = 10146; getNameForUid: com.shopee.tw; getPackagesForUid: [com.shopee.tw]; permName: android.permission.GET_TASKS; type = 0; res = -1; stacktrace=java.lang.Exception

08-05 06:13:22.808  1564  8208 I LSPosed-Bridge: 	at com.example.permlabel.requirePerm$1$2.afterHookedMethod(requirePerm.java:121)

08-05 06:13:22.808  1564  8208 I LSPosed-Bridge: 	at de.robv.android.xposed.XposedBridge$AdditionalHookInfo.callback(Unknown Source:147)

08-05 06:13:22.808  1564  8208 I LSPosed-Bridge: 	at LSPHooker_.checkPermission(Unknown Source:25)

