08-05 06:12:22.460  7741  8025 I LSPosed-Bridge: 	at m.ek.c(:com.google.android.gms.dynamite_measurementdynamite@232617028@23.26.17 (100400-0):42)

08-05 06:12:22.460  7741  8025 I LSPosed-Bridge: 	at m.ek.d(:com.google.android.gms.dynamite_measurementdynamite@232617028@23.26.17 (100400-0):4)

08-05 06:12:22.460  7741  8025 I LSPosed-Bridge: 	at m.ek.h(:com.google.android.gms.dynamite_measurementdynamite@232617028@23.26.17 (100400-0):13)

08-05 06:12:22.460  7741  8025 I LSPosed-Bridge: 	at m.jb.a(:com.google.android.gms.dynamite_measurementdynamite@232617028@23.26.17 (100400-0):6)

08-05 06:12:22.460  7741  8025 I LSPosed-Bridge: 	at m.jb.u(:com.google.android.gms.dynamite_measurementdynamite@232617028@23.26.17 (100400-0):1)

08-05 06:12:22.460  7741  8025 I LSPosed-Bridge: 	at m.ko.U(:com.google.android.gms.dynamite_measurementdynamite@232617028@23.26.17 (100400-0):5)

08-05 06:12:22.460  7741  8025 I LSPosed-Bridge: 	at m.jv.run(:com.google.android.gms.dynamite_measurementdynamite@232617028@23.26.17 (100400-0):17)

08-05 06:12:22.460  7741  8025 I LSPosed-Bridge: 	at java.util.concurrent.Executors$RunnableAdapter.call(Executors.java:458)

08-05 06:12:22.460  7741  8025 I LSPosed-Bridge: 	at java.util.concurrent.FutureTask.run(FutureTask.java:266)

08-05 06:12:22.460  7741  8025 I LSPosed-Bridge: 	at m.ix.run(:com.google.android.gms.dynamite_measurementdynamite@232617028@23.26.17 (100400-0):48)

08-05 06:12:33.536  7741  8025 I LSPosed-Bridge: 7741 PermLabel hookBinder_test 10146 interfaceBinder =android.content.pm.IPackageManager; arg0 = 13; arg1 = android.os.Parcel@5685435; arg2 = android.os.Parcel@ab131a0; arg3 = 0; res = true; stacktrace=java.lang.Exception

08-05 06:12:33.536  7741  8025 I LSPosed-Bridge: 	at com.example.permlabel.hookBinder_test$1.afterHookedMethod(hookBinder_test.java:52)

08-05 06:12:33.536  7741  8025 I LSPosed-Bridge: 	at de.robv.android.xposed.XposedBridge$AdditionalHookInfo.callback(Unknown Source:147)

08-05 06:12:33.536  7741  8025 I LSPosed-Bridge: 	at LSPHooker_.transact(Unknown Source:28)

08-05 06:12:33.536  7741  8025 I LSPosed-Bridge: 	at android.content.pm.IPackageManager$Stub$Proxy.getApplicationInfo(IPackageManager.java:3104)

08-05 06:12:33.536  7741  8025 I LSPosed-Bridge: 	at android.app.ApplicationPackageManager.getApplicationInfoAsUser(ApplicationPackageManager.java:384)

08-05 06:12:33.536  7741  8025 I LSPosed-Bridge: 	at android.app.ApplicationPackageManager.getApplicationInfo(ApplicationPackageManager.java:377)

08-05 06:12:33.536  7741  8025 I LSPosed-Bridge: 	at m.cr.a(:com.google.android.gms.dynamite_measurementdynamite@232617028@23.26.17 (100400-0):7)

08-05 06:12:33.536  7741  8025 I LSPosed-Bridge: 	at m.ek.c(:com.google.android.gms.dynamite_measurementdynamite@232617028@23.26.17 (100400-0):42)

08-05 06:12:33.536  7741  8025 I LSPosed-Bridge: 	at m.ek.d(:com.google.android.gms.dynamite_measurementdynamite@232617028@23.26.17 (100400-0):4)

08-05 06:12:33.536  7741  8025 I LSPosed-Bridge: 	at m.ek.h(:com.google.android.gms.dynamite_measurementdynamite@232617028@23.26.17 (100400-0):13)

08-05 06:12:33.536  7741  8025 I LSPosed-Bridge: 	at m.jb.a(:com.google.android.gms.dynamite_measurementdynamite@232617028@23.26.17 (100400-0):6)

08-05 06:12:33.536  7741  8025 I LSPosed-Bridge: 	at m.jb.u(:com.google.android.gms.dynamite_measurementdynamite@232617028@23.26.17 (100400-0):1)

08-05 06:12:33.536  7741  8025 I LSPosed-Bridge: 	at m.ko.U(:com.google.android.gms.dynamite_measurementdynamite@232617028@23.26.17 (100400-0):5)

08-05 06:12:33.536  7741  8025 I LSPosed-Bridge: 	at m.jv.run(:com.google.android.gms.dynamite_measurementdynamite@232617028@23.26.17 (100400-0):17)

08-05 06:12:33.536  7741  8025 I LSPosed-Bridge: 	at java.util.concurrent.Executors$RunnableAdapter.call(Executors.java:458)

08-05 06:12:33.536  7741  8025 I LSPosed-Bridge: 	at java.util.concurrent.FutureTask.run(FutureTask.java:266)

08-05 06:12:33.536  7741  8025 I LSPosed-Bridge: 	at m.ix.run(:com.google.android.gms.dynamite_measurementdynamite@232617028@23.26.17 (100400-0):48)

08-05 06:12:33.536  1564  7756 I LSPosed-Bridge: 7741 PermLabel 10146 AMS.checkPermission: Binder.getCallingPid() = 7741; uid = 10146; Binder.getCallingUid() = 10146; getNameForUid: com.shopee.tw; getPackagesForUid: [com.shopee.tw]; permName: android.permission.GET_TASKS; type = 0; res = -1; stacktrace=java.lang.Exception

08-05 06:12:33.536  1564  7756 I LSPosed-Bridge: 	at com.example.permlabel.requirePerm$1$2.afterHookedMethod(requirePerm.java:121)

08-05 06:12:33.536  1564  7756 I LSPosed-Bridge: 	at de.robv.android.xposed.XposedBridge$AdditionalHookInfo.callback(Unknown Source:147)

08-05 06:12:33.536  1564  7756 I LSPosed-Bridge: 	at LSPHooker_.checkPermission(Unknown Source:25)

08-05 06:12:33.536  1564  7756 I LSPosed-Bridge: 	at com.android.server.am.ActivityManagerService.isGetTasksAllowed(ActivityManagerService.java:10902)

08-05 06:12:33.536  1564  7756 I LSPosed-Bridge: 	at com.android.server.am.ActivityManagerService.getRunningAppProcesses(ActivityManagerService.java:16139)

08-05 06:12:33.536  1564  7756 I LSPosed-Bridge: 	at android.app.IActivityManager$Stub.onTransact(IActivityManager.java:1088)

08-05 06:12:33.536  1564  7756 I LSPosed-Bridge: 	at com.android.server.am.ActivityManagerService.onTransact(ActivityManagerService.java:3346)

08-05 06:12:33.536  1564  7756 I LSPosed-Bridge: 	at android.os.Binder.execTransact(Binder.java:731)

08-05 06:12:33.690  1564  8208 I LSPosed-Bridge: 7741 PermLabel 10146 AMS.checkPermission: Binder.getCallingPid() = 7741; uid = 10146; Binder.getCallingUid() = 10146; getNameForUid: com.shopee.tw; getPackagesForUid: [com.shopee.tw]; permName: android.permission.GET_TASKS; type = 0; res = -1; stacktrace=java.lang.Exception

08-05 06:12:33.690  1564  8208 I LSPosed-Bridge: 	at com.example.permlabel.requirePerm$1$2.afterHookedMethod(requirePerm.java:121)

08-05 06:12:33.690  1564  8208 I LSPosed-Bridge: 	at de.robv.android.xposed.XposedBridge$AdditionalHookInfo.callback(Unknown Source:147)

08-05 06:12:33.690  1564  8208 I LSPosed-Bridge: 	at LSPHooker_.checkPermission(Unknown Source:25)

08-05 06:12:33.690  1564  8208 I LSPosed-Bridge: 	at com.android.server.am.ActivityManagerService.isGetTasksAllowed(ActivityManagerService.java:10902)

08-05 06:12:33.690  1564  8208 I LSPosed-Bridge: 	at com.android.server.am.ActivityManagerService.getRunningAppProcesses(ActivityManagerService.java:16139)

08-05 06:12:33.690  1564  8208 I LSPosed-Bridge: 	at android.app.IActivityManager$Stub.onTransact(IActivityManager.java:1088)

08-05 06:12:33.690  1564  8208 I LSPosed-Bridge: 	at com.android.server.am.ActivityManagerService.onTransact(ActivityManagerService.java:3346)

08-05 06:12:33.690  1564  8208 I LSPosed-Bridge: 	at android.os.Binder.execTransact(Binder.java:731)

08-05 06:12:33.690  1564  7756 I LSPosed-Bridge: 7741 PermLabel 10146 AMS.checkPermission: Binder.getCallingPid() = 7741; uid = 10146; Binder.getCallingUid() = 10146; getNameForUid: com.shopee.tw; getPackagesForUid: [com.shopee.tw]; permName: android.permission.INTERNET; type = 0; res = 0; stacktrace=java.lang.Exception

08-05 06:12:33.690  1564  7756 I LSPosed-Bridge: 	at com.example.permlabel.requirePerm$1$2.afterHookedMethod(requirePerm.java:121)

08-05 06:12:33.690  1564  7756 I LSPosed-Bridge: 	at de.robv.android.xposed.XposedBridge$AdditionalHookInfo.callback(Unknown Source:147)

08-05 06:12:33.690  1564  7756 I LSPosed-Bridge: 	at LSPHooker_.checkPermission(Unknown Source:25)

08-05 06:12:33.690  1564  7756 I LSPosed-Bridge: 	at android.app.IActivityManager$Stub.onTransact(IActivityManager.java:664)

08-05 06:12:33.690  1564  7756 I LSPosed-Bridge: 	at com.android.server.am.ActivityManagerService.onTransact(ActivityManagerService.java:3346)

08-05 06:12:33.690  1564  7756 I LSPosed-Bridge: 	at android.os.Binder.execTransact(Binder.java:731)

08-05 06:12:36.532  1564  7756 I LSPosed-Bridge: 7741 PermLabel 10146 AMS.checkPermission: Binder.getCallingPid() = 7741; uid = 10146; Binder.getCallingUid() = 10146; getNameForUid: com.shopee.tw; getPackagesForUid: [com.shopee.tw]; permName: android.permission.GET_TASKS; type = 0; res = -1; stacktrace=java.lang.Exception

08-05 06:12:36.532  1564  7756 I LSPosed-Bridge: 	at com.example.permlabel.requirePerm$1$2.afterHookedMethod(requirePerm.java:121)

08-05 06:12:36.532  1564  7756 I LSPosed-Bridge: 	at de.robv.android.xposed.XposedBridge$AdditionalHookInfo.callback(Unknown Source:147)

08-05 06:12:36.532  1564  7756 I LSPosed-Bridge: 	at LSPHooker_.checkPermission(Unknown Source:25)

08-05 06:12:36.532  1564  7756 I LSPosed-Bridge: 	at com.android.server.am.ActivityManagerService.isGetTasksAllowed(ActivityManagerService.java:10902)

08-05 06:12:36.532  1564  7756 I LSPosed-Bridge: 	at com.android.server.am.ActivityManagerService.getRunningAppProcesses(ActivityManagerService.java:16139)

08-05 06:12:36.532  1564  7756 I LSPosed-Bridge: 	at android.app.IActivityManager$Stub.onTransact(IActivityManager.java:1088)

08-05 06:12:36.532  1564  7756 I LSPosed-Bridge: 	at com.android.server.am.ActivityManagerService.onTransact(ActivityManagerService.java:3346)

08-05 06:12:36.532  1564  7756 I LSPosed-Bridge: 	at android.os.Binder.execTransact(Binder.java:731)

08-05 06:12:36.782  1564  1657 I LSPosed-Bridge: 7741 PermLabel 10146 AMS.checkPermission: Binder.getCallingPid() = 7741; uid = 10146; Binder.getCallingUid() = 10146; getNameForUid: com.shopee.tw; getPackagesForUid: [com.shopee.tw]; permName: android.permission.INTERNET; type = 0; res = 0; stacktrace=java.lang.Exception

08-05 06:12:36.782  1564  1657 I LSPosed-Bridge: 	at com.example.permlabel.requirePerm$1$2.afterHookedMethod(requirePerm.java:121)

08-05 06:12:36.782  1564  1657 I LSPosed-Bridge: 	at de.robv.android.xposed.XposedBridge$AdditionalHookInfo.callback(Unknown Source:147)

08-05 06:12:36.782  1564  1657 I LSPosed-Bridge: 	at LSPHooker_.checkPermission(Unknown Source:25)

08-05 06:12:36.782  1564  1657 I LSPosed-Bridge: 	at android.app.IActivityManager$Stub.onTransact(IActivityManager.java:664)

08-05 06:12:36.782  1564  1657 I LSPosed-Bridge: 	at com.android.server.am.ActivityManagerService.onTransact(ActivityManagerService.java:3346)

08-05 06:12:36.782  1564  1657 I LSPosed-Bridge: 	at android.os.Binder.execTransact(Binder.java:731)

08-05 06:12:36.782  7741  8025 I LSPosed-Bridge: 7741 PermLabel hookBinder_test 10146 interfaceBinder =android.content.pm.IPackageManager; arg0 = 13; arg1 = android.os.Parcel@c7d70d2; arg2 = android.os.Parcel@ed6de3; arg3 = 0; res = true; stacktrace=java.lang.Exception

08-05 06:12:36.782  7741  8025 I LSPosed-Bridge: 	at com.example.permlabel.hookBinder_test$1.afterHookedMethod(hookBinder_test.java:52)

08-05 06:12:36.782  7741  8025 I LSPosed-Bridge: 	at de.robv.android.xposed.XposedBridge$AdditionalHookInfo.callback(Unknown Source:147)

08-05 06:12:36.782  7741  8025 I LSPosed-Bridge: 	at LSPHooker_.transact(Unknown Source:28)

08-05 06:12:36.782  7741  8025 I LSPosed-Bridge: 	at android.content.pm.IPackageManager$Stub$Proxy.getApplicationInfo(IPackageManager.java:3104)

08-05 06:12:36.782  7741  8025 I LSPosed-Bridge: 	at android.app.ApplicationPackageManager.getApplicationInfoAsUser(ApplicationPackageManager.java:384)

08-05 06:12:36.782  7741  8025 I LSPosed-Bridge: 	at android.app.ApplicationPackageManager.getApplicationInfo(ApplicationPackageManager.java:377)

08-05 06:12:36.782  7741  8025 I LSPosed-Bridge: 	at m.cr.a(:com.google.android.gms.dynamite_measurementdynamite@232617028@23.26.17 (100400-0):7)

08-05 06:12:36.782  7741  8025 I LSPosed-Bridge: 	at m.ek.c(:com.google.android.gms.dynamite_measurementdynamite@232617028@23.26.17 (100400-0):42)

08-05 06:12:36.782  7741  8025 I LSPosed-Bridge: 	at m.ek.d(:com.google.android.gms.dynamite_measurementdynamite@232617028@23.26.17 (100400-0):4)

08-05 06:12:36.782  7741  8025 I LSPosed-Bridge: 	at m.ek.h(:com.google.android.gms.dynamite_measurementdynamite@232617028@23.26.17 (100400-0):13)

08-05 06:12:36.782  7741  8025 I LSPosed-Bridge: 	at m.jb.a(:com.google.android.gms.dynamite_measurementdynamite@232617028@23.26.17 (100400-0):6)

08-05 06:12:36.782  7741  8025 I LSPosed-Bridge: 	at m.jb.u(:com.google.android.gms.dynamite_measurementdynamite@232617028@23.26.17 (100400-0):1)

08-05 06:12:36.782  7741  8025 I LSPosed-Bridge: 	at m.ko.U(:com.google.android.gms.dynamite_measurementdynamite@232617028@23.26.17 (100400-0):5)

08-05 06:12:36.782  7741  8025 I LSPosed-Bridge: 	at m.jv.run(:com.google.android.gms.dynamite_measurementdynamite@232617028@23.26.17 (100400-0):17)

08-05 06:12:36.782  7741  8025 I LSPosed-Bridge: 	at java.util.concurrent.Executors$RunnableAdapter.call(Executors.java:458)

08-05 06:12:36.782  7741  8025 I LSPosed-Bridge: 	at java.util.concurrent.FutureTask.run(FutureTask.java:266)

08-05 06:12:36.782  7741  8025 I LSPosed-Bridge: 	at m.ix.run(:com.google.android.gms.dynamite_measurementdynamite@232617028@23.26.17 (100400-0):48)

08-05 06:12:36.782  1564  1576 I LSPosed-Bridge: 7741 PermLabel 10146 AMS.checkPermission: Binder.getCallingPid() = 7741; uid = 10146; Binder.getCallingUid() = 10146; getNameForUid: com.shopee.tw; getPackagesForUid: [com.shopee.tw]; permName: android.permission.GET_TASKS; type = 0; res = -1; stacktrace=java.lang.Exception

08-05 06:12:36.782  1564  1576 I LSPosed-Bridge: 	at com.example.permlabel.requirePerm$1$2.afterHookedMethod(requirePerm.java:121)

08-05 06:12:36.782  1564  1576 I LSPosed-Bridge: 	at de.robv.android.xposed.XposedBridge$AdditionalHookInfo.callback(Unknown Source:147)

08-05 06:12:36.782  1564  1576 I LSPosed-Bridge: 	at LSPHooker_.checkPermission(Unknown Source:25)

08-05 06:12:36.782  1564  1576 I LSPosed-Bridge: 	at com.android.server.am.ActivityManagerService.isGetTasksAllowed(ActivityManagerService.java:10902)

08-05 06:12:36.782  1564  1576 I LSPosed-Bridge: 	at com.android.server.am.ActivityManagerService.getRunningAppProcesses(ActivityManagerService.java:16139)

08-05 06:12:36.782  1564  1576 I LSPosed-Bridge: 	at android.app.IActivityManager$Stub.onTransact(IActivityManager.java:1088)

08-05 06:12:36.782  1564  1576 I LSPosed-Bridge: 	at com.android.server.am.ActivityManagerService.onTransact(ActivityManagerService.java:3346)

08-05 06:12:36.782  1564  1576 I LSPosed-Bridge: 	at android.os.Binder.execTransact(Binder.java:731)

08-05 06:12:40.376  7741 10278 I LSPosed-Bridge: 7741 PermLabel hookBinder_test 10146 interfaceBinder =android.app.IActivityManager; arg0 = 140; arg1 = android.os.Parcel@ddf5168; arg2 = android.os.Parcel@ce5c843; arg3 = 0; res = true; stacktrace=java.lang.Exception

08-05 06:12:40.376  7741 10278 I LSPosed-Bridge: 	at com.example.permlabel.hookBinder_test$1.afterHookedMethod(hookBinder_test.java:52)

08-05 06:12:40.376  7741 10278 I LSPosed-Bridge: 	at de.robv.android.xposed.XposedBridge$AdditionalHookInfo.callback(Unknown Source:147)

08-05 06:12:40.376  7741 10278 I LSPosed-Bridge: 	at LSPHooker_.transact(Unknown Source:28)

08-05 06:12:40.376  7741 10278 I LSPosed-Bridge: 	at android.app.IActivityManager$Stub$Proxy.getMyMemoryState(IActivityManager.java:6589)

08-05 06:12:40.376  7741 10278 I LSPosed-Bridge: 	at android.app.ActivityManager.getMyMemoryState(ActivityManager.java:3575)

08-05 06:12:40.376  7741 10278 I LSPosed-Bridge: 	at com.shopee.cronet.lib.response.c.onRequestFinished(SourceFile:7)

08-05 06:12:40.376  7741 10278 I LSPosed-Bridge: 	at org.chromium.net.impl.VersionSafeCallbacks$RequestFinishedInfoListener.onRequestFinished(Unknown Source:2)

08-05 06:12:40.376  7741 10278 I LSPosed-Bridge: 	at org.chromium.net.impl.CronetUrlRequestContext$4.run(SourceFile:1)

08-05 06:12:40.376  7741 10278 I LSPosed-Bridge: 	at java.util.concurrent.Executors$RunnableAdapter.call(Executors.java:458)

08-05 06:12:40.376  7741 10278 I LSPosed-Bridge: 	at java.util.concurrent.FutureTask.run(FutureTask.java:266)

08-05 06:12:40.376  7741 10278 I LSPosed-Bridge: 	at java.util.concurrent.ScheduledThreadPoolExecutor$ScheduledFutureTask.run(ScheduledThreadPoolExecutor.java:301)

08-05 06:12:40.376  7741 10278 I LSPosed-Bridge: 	at java.util.concurrent.ThreadPoolExecutor.runWorker(ThreadPoolExecutor.java:1167)

08-05 06:12:40.376  7741 10278 I LSPosed-Bridge: 	at java.util.concurrent.ThreadPoolExecutor$Worker.run(ThreadPoolExecutor.java:641)

08-05 06:12:40.376  7741 10278 I LSPosed-Bridge: 	at java.lang.Thread.run(Thread.java:764)

08-05 06:12:40.376  1564  8208 I LSPosed-Bridge: 7741 PermLabel 10146 AMS.checkPermission: Binder.getCallingPid() = 7741; uid = 10146; Binder.getCallingUid() = 10146; getNameForUid: com.shopee.tw; getPackagesForUid: [com.shopee.tw]; permName: android.permission.GET_TASKS; type = 0; res = -1; stacktrace=java.lang.Exception

08-05 06:12:40.376  1564  8208 I LSPosed-Bridge: 	at com.example.permlabel.requirePerm$1$2.afterHookedMethod(requirePerm.java:121)

08-05 06:12:40.376  1564  8208 I LSPosed-Bridge: 	at de.robv.android.xposed.XposedBridge$AdditionalHookInfo.callback(Unknown Source:147)

08-05 06:12:40.376  1564  8208 I LSPosed-Bridge: 	at LSPHooker_.checkPermission(Unknown Source:25)

08-05 06:12:40.376  1564  8208 I LSPosed-Bridge: 	at com.android.server.am.ActivityManagerService.isGetTasksAllowed(ActivityManagerService.java:10902)

08-05 06:12:40.376  1564  8208 I LSPosed-Bridge: 	at com.android.server.am.ActivityManagerService.getRunningAppProcesses(ActivityManagerService.java:16139)

08-05 06:12:40.376  1564  8208 I LSPosed-Bridge: 	at android.app.IActivityManager$Stub.onTransact(IActivityManager.java:1088)

08-05 06:12:40.376  1564  8208 I LSPosed-Bridge: 	at com.android.server.am.ActivityManagerService.onTransact(ActivityManagerService.java:3346)

08-05 06:12:40.376  1564  8208 I LSPosed-Bridge: 	at android.os.Binder.execTransact(Binder.java:731)

08-05 06:12:40.687  1564  1577 I LSPosed-Bridge: 7741 PermLabel 10146 AMS.checkPermission: Binder.getCallingPid() = 7741; uid = 10146; Binder.getCallingUid() = 10146; getNameForUid: com.shopee.tw; getPackagesForUid: [com.shopee.tw]; permName: android.permission.GET_TASKS; type = 0; res = -1; stacktrace=java.lang.Exception

08-05 06:12:40.687  1564  1577 I LSPosed-Bridge: 	at com.example.permlabel.requirePerm$1$2.afterHookedMethod(requirePerm.java:121)

08-05 06:12:40.687  1564  1577 I LSPosed-Bridge: 	at de.robv.android.xposed.XposedBridge$AdditionalHookInfo.callback(Unknown Source:147)

08-05 06:12:40.687  1564  1577 I LSPosed-Bridge: 	at LSPHooker_.checkPermission(Unknown Source:25)

08-05 06:12:40.687  1564  1577 I LSPosed-Bridge: 	at com.android.server.am.ActivityManagerService.isGetTasksAllowed(ActivityManagerService.java:10902)

08-05 06:12:40.687  1564  1577 I LSPosed-Bridge: 	at com.android.server.am.ActivityManagerService.getRunningAppProcesses(ActivityManagerService.java:16139)

08-05 06:12:40.687  1564  1577 I LSPosed-Bridge: 	at android.app.IActivityManager$Stub.onTransact(IActivityManager.java:1088)

08-05 06:12:40.687  1564  1577 I LSPosed-Bridge: 	at com.android.server.am.ActivityManagerService.onTransact(ActivityManagerService.java:3346)

08-05 06:12:40.687  1564  1577 I LSPosed-Bridge: 	at android.os.Binder.execTransact(Binder.java:731)

08-05 06:12:43.388  1564  1577 I LSPosed-Bridge: 7741 PermLabel 10146 AMS.checkPermission: Binder.getCallingPid() = 7741; uid = 10146; Binder.getCallingUid() = 10146; getNameForUid: com.shopee.tw; getPackagesForUid: [com.shopee.tw]; permName: android.permission.INTERNET; type = 0; res = 0; stacktrace=java.lang.Exception

08-05 06:12:43.388  1564  1577 I LSPosed-Bridge: 	at com.example.permlabel.requirePerm$1$2.afterHookedMethod(requirePerm.java:121)

08-05 06:12:43.388  1564  1577 I LSPosed-Bridge: 	at de.robv.android.xposed.XposedBridge$AdditionalHookInfo.callback(Unknown Source:147)

08-05 06:12:43.388  1564  1577 I LSPosed-Bridge: 	at LSPHooker_.checkPermission(Unknown Source:25)

08-05 06:12:43.388  1564  1577 I LSPosed-Bridge: 	at android.app.IActivityManager$Stub.onTransact(IActivityManager.java:664)

08-05 06:12:43.388  1564  1577 I LSPosed-Bridge: 	at com.android.server.am.ActivityManagerService.onTransact(ActivityManagerService.java:3346)

08-05 06:12:43.388  1564  1577 I LSPosed-Bridge: 	at android.os.Binder.execTransact(Binder.java:731)

08-05 06:12:43.388  1564  8208 I LSPosed-Bridge: 7741 PermLabel 10146 AMS.checkPermission: Binder.getCallingPid() = 7741; uid = 10146; Binder.getCallingUid() = 10146; getNameForUid: com.shopee.tw; getPackagesForUid: [com.shopee.tw]; permName: android.permission.GET_TASKS; type = 0; res = -1; stacktrace=java.lang.Exception

08-05 06:12:43.388  1564  8208 I LSPosed-Bridge: 	at com.example.permlabel.requirePerm$1$2.afterHookedMethod(requirePerm.java:121)

08-05 06:12:43.388  1564  8208 I LSPosed-Bridge: 	at de.robv.android.xposed.XposedBridge$AdditionalHookInfo.callback(Unknown Source:147)

08-05 06:12:43.388  1564  8208 I LSPosed-Bridge: 	at LSPHooker_.checkPermission(Unknown Source:25)

08-05 06:12:43.388  1564  8208 I LSPosed-Bridge: 	at com.android.server.am.ActivityManagerService.isGetTasksAllowed(ActivityManagerService.java:10902)

08-05 06:12:43.388  1564  8208 I LSPosed-Bridge: 	at com.android.server.am.ActivityManagerService.getRunningAppProcesses(ActivityManagerService.java:16139)

08-05 06:12:43.388  1564  8208 I LSPosed-Bridge: 	at android.app.IActivityManager$Stub.onTransact(IActivityManager.java:1088)

08-05 06:12:43.388  1564  8208 I LSPosed-Bridge: 	at com.android.server.am.ActivityManagerService.onTransact(ActivityManagerService.java:3346)

08-05 06:12:43.388  1564  8208 I LSPosed-Bridge: 	at android.os.Binder.execTransact(Binder.java:731)

08-05 06:12:43.547  1564  1577 I LSPosed-Bridge: 7741 PermLabel 10146 AMS.checkPermission: Binder.getCallingPid() = 7741; uid = 10146; Binder.getCallingUid() = 10146; getNameForUid: com.shopee.tw; getPackagesForUid: [com.shopee.tw]; permName: android.permission.GET_TASKS; type = 0; res = -1; stacktrace=java.lang.Exception

08-05 06:12:43.547  1564  1577 I LSPosed-Bridge: 	at com.example.permlabel.requirePerm$1$2.afterHookedMethod(requirePerm.java:121)

08-05 06:12:43.547  1564  1577 I LSPosed-Bridge: 	at de.robv.android.xposed.XposedBridge$AdditionalHookInfo.callback(Unknown Source:147)

08-05 06:12:43.547  1564  1577 I LSPosed-Bridge: 	at LSPHooker_.checkPermission(Unknown Source:25)

08-05 06:12:43.547  1564  1577 I LSPosed-Bridge: 	at com.android.server.am.ActivityManagerService.isGetTasksAllowed(ActivityManagerService.java:10902)

08-05 06:12:43.547  1564  1577 I LSPosed-Bridge: 	at com.android.server.am.ActivityManagerService.getRunningAppProcesses(ActivityManagerService.java:16139)

08-05 06:12:43.547  1564  1577 I LSPosed-Bridge: 	at android.app.IActivityManager$Stub.onTransact(IActivityManager.java:1088)

08-05 06:12:43.547  1564  1577 I LSPosed-Bridge: 	at com.android.server.am.ActivityManagerService.onTransact(ActivityManagerService.java:3346)

08-05 06:12:43.547  1564  1577 I LSPosed-Bridge: 	at android.os.Binder.execTransact(Binder.java:731)

08-05 06:12:47.705  1564  7756 I LSPosed-Bridge: 7741 PermLabel 10146 AMS.checkPermission: Binder.getCallingPid() = 7741; uid = 10146; Binder.getCallingUid() = 10146; getNameForUid: com.shopee.tw; getPackagesForUid: [com.shopee.tw]; permName: android.permission.GET_TASKS; type = 0; res = -1; stacktrace=java.lang.Exception

08-05 06:12:47.705  1564  7756 I LSPosed-Bridge: 	at com.example.permlabel.requirePerm$1$2.afterHookedMethod(requirePerm.java:121)

08-05 06:12:47.705  1564  7756 I LSPosed-Bridge: 	at de.robv.android.xposed.XposedBridge$AdditionalHookInfo.callback(Unknown Source:147)

08-05 06:12:47.705  1564  7756 I LSPosed-Bridge: 	at LSPHooker_.checkPermission(Unknown Source:25)

08-05 06:12:47.705  1564  7756 I LSPosed-Bridge: 	at com.android.server.am.ActivityManagerService.isGetTasksAllowed(ActivityManagerService.java:10902)

08-05 06:12:47.705  1564  7756 I LSPosed-Bridge: 	at com.android.server.am.ActivityManagerService.getRunningAppProcesses(ActivityManagerService.java:16139)

08-05 06:12:47.705  1564  7756 I LSPosed-Bridge: 	at android.app.IActivityManager$Stub.onTransact(IActivityManager.java:1088)

08-05 06:12:47.705  1564  7756 I LSPosed-Bridge: 	at com.android.server.am.ActivityManagerService.onTransact(ActivityManagerService.java:3346)

08-05 06:12:47.705  1564  7756 I LSPosed-Bridge: 	at android.os.Binder.execTransact(Binder.java:731)

08-05 06:12:47.705  1564  1657 I LSPosed-Bridge: 7741 PermLabel 10146 AMS.checkPermission: Binder.getCallingPid() = 7741; uid = 10146; Binder.getCallingUid() = 10146; getNameForUid: com.shopee.tw; getPackagesForUid: [com.shopee.tw]; permName: android.permission.INTERNET; type = 0; res = 0; stacktrace=java.lang.Exception

08-05 06:12:47.705  1564  1657 I LSPosed-Bridge: 	at com.example.permlabel.requirePerm$1$2.afterHookedMethod(requirePerm.java:121)

08-05 06:12:47.705  1564  1657 I LSPosed-Bridge: 	at de.robv.android.xposed.XposedBridge$AdditionalHookInfo.callback(Unknown Source:147)

08-05 06:12:47.705  1564  1657 I LSPosed-Bridge: 	at LSPHooker_.checkPermission(Unknown Source:25)

08-05 06:12:47.705  1564  1657 I LSPosed-Bridge: 	at android.app.IActivityManager$Stub.onTransact(IActivityManager.java:664)

08-05 06:12:47.705  1564  1657 I LSPosed-Bridge: 	at com.android.server.am.ActivityManagerService.onTransact(ActivityManagerService.java:3346)

08-05 06:12:47.705  1564  1657 I LSPosed-Bridge: 	at android.os.Binder.execTransact(Binder.java:731)

08-05 06:12:48.009  7741 10278 I LSPosed-Bridge: 7741 PermLabel 10146 ContextImpl.checkPermission: pid = 7741; uid = 10146; permName: android.permission.INTERNET; type = 0; res = 0; stacktrace=java.lang.Exception

08-05 06:12:48.009  7741 10278 I LSPosed-Bridge: 	at com.example.permlabel.requestPerm$2.afterHookedMethod(requestPerm.java:207)

08-05 06:12:48.009  7741 10278 I LSPosed-Bridge: 	at de.robv.android.xposed.XposedBridge$AdditionalHookInfo.callback(Unknown Source:147)

08-05 06:12:48.009  7741 10278 I LSPosed-Bridge: 	at LSPHooker_.checkPermission(Unknown Source:25)

08-05 06:12:48.009  7741 10278 I LSPosed-Bridge: 	at androidx.core.content.a.a(SourceFile:2)

08-05 06:12:48.009  7741 10278 I LSPosed-Bridge: 	at com.shopee.app.network.status.connectivity.b.b(SourceFile:3)

08-05 06:12:48.009  7741 10278 I LSPosed-Bridge: 	at com.shopee.app.network.status.connectivity.c.b(SourceFile:1)

08-05 06:12:48.009  7741 10278 I LSPosed-Bridge: 	at com.shopee.app.network.status.b.a(SourceFile:2)

08-05 06:12:48.009  7741 10278 I LSPosed-Bridge: 	at com.shopee.app.network.eventlistener.a.a(SourceFile:52)

08-05 06:12:48.009  7741 10278 I LSPosed-Bridge: 	at com.shopee.app.network.cronet.event.a.a(SourceFile:17)

08-05 06:12:48.009  7741 10278 I LSPosed-Bridge: 	at com.shopee.cronet.lib.response.c.onRequestFinished(SourceFile:98)

08-05 06:12:48.009  7741 10278 I LSPosed-Bridge: 	at org.chromium.net.impl.VersionSafeCallbacks$RequestFinishedInfoListener.onRequestFinished(Unknown Source:2)

08-05 06:12:48.009  7741 10278 I LSPosed-Bridge: 	at org.chromium.net.impl.CronetUrlRequestContext$4.run(SourceFile:1)

08-05 06:12:48.009  7741 10278 I LSPosed-Bridge: 	at java.util.concurrent.Executors$RunnableAdapter.call(Executors.java:458)

08-05 06:12:48.009  7741 10278 I LSPosed-Bridge: 	at java.util.concurrent.FutureTask.run(FutureTask.java:266)

08-05 06:12:48.009  7741 10278 I LSPosed-Bridge: 	at java.util.concurrent.ScheduledThreadPoolExecutor$ScheduledFutureTask.run(ScheduledThreadPoolExecutor.java:301)

08-05 06:12:48.009  7741 10278 I LSPosed-Bridge: 	at java.util.concurrent.ThreadPoolExecutor.runWorker(ThreadPoolExecutor.java:1167)

08-05 06:12:48.009  7741 10278 I LSPosed-Bridge: 	at java.util.concurrent.ThreadPoolExecutor$Worker.run(ThreadPoolExecutor.java:641)

08-05 06:12:48.009  7741 10278 I LSPosed-Bridge: 	at java.lang.Thread.run(Thread.java:764)

08-05 06:12:48.009  1564  1657 I LSPosed-Bridge: 7741 PermLabel 10146 AMS.checkPermission: Binder.getCallingPid() = 7741; uid = 10146; Binder.getCallingUid() = 10146; getNameForUid: com.shopee.tw; getPackagesForUid: [com.shopee.tw]; permName: android.permission.GET_TASKS; type = 0; res = -1; stacktrace=java.lang.Exception

08-05 06:12:48.009  1564  1657 I LSPosed-Bridge: 	at com.example.permlabel.requirePerm$1$2.afterHookedMethod(requirePerm.java:121)

08-05 06:12:48.009  1564  1657 I LSPosed-Bridge: 	at de.robv.android.xposed.XposedBridge$AdditionalHookInfo.callback(Unknown Source:147)

08-05 06:12:48.009  1564  1657 I LSPosed-Bridge: 	at LSPHooker_.checkPermission(Unknown Source:25)

08-05 06:12:48.009  1564  1657 I LSPosed-Bridge: 	at com.android.server.am.ActivityManagerService.isGetTasksAllowed(ActivityManagerService.java:10902)

08-05 06:12:48.009  1564  1657 I LSPosed-Bridge: 	at com.android.server.am.ActivityManagerService.getRunningAppProcesses(ActivityManagerService.java:16139)

08-05 06:12:48.009  1564  1657 I LSPosed-Bridge: 	at android.app.IActivityManager$Stub.onTransact(IActivityManager.java:1088)

08-05 06:12:48.009  1564  1657 I LSPosed-Bridge: 	at com.android.server.am.ActivityManagerService.onTransact(ActivityManagerService.java:3346)

08-05 06:12:48.009  1564  1657 I LSPosed-Bridge: 	at android.os.Binder.execTransact(Binder.java:731)

08-05 06:12:48.009  1564  7756 I LSPosed-Bridge: 7741 PermLabel 10146 AMS.checkPermission: Binder.getCallingPid() = 7741; uid = 10146; Binder.getCallingUid() = 10146; getNameForUid: com.shopee.tw; getPackagesForUid: [com.shopee.tw]; permName: android.permission.ACCESS_NETWORK_STATE; type = 0; res = 0; stacktrace=java.lang.Exception

08-05 06:12:48.009  1564  7756 I LSPosed-Bridge: 	at com.example.permlabel.requirePerm$1$2.afterHookedMethod(requirePerm.java:121)

08-05 06:12:48.009  1564  7756 I LSPosed-Bridge: 	at de.robv.android.xposed.XposedBridge$AdditionalHookInfo.callback(Unknown Source:147)

08-05 06:12:48.009  1564  7756 I LSPosed-Bridge: 	at LSPHooker_.checkPermission(Unknown Source:25)

08-05 06:12:48.009  1564  7756 I LSPosed-Bridge: 	at android.app.ContextImpl.checkPermission(ContextImpl.java:1751)

08-05 06:12:48.009  1564  7756 I LSPosed-Bridge: 	at android.app.ContextImpl.checkCallingOrSelfPermission(ContextImpl.java:1791)

08-05 06:12:48.009  1564  7756 I LSPosed-Bridge: 	at android.app.ContextImpl.enforceCallingOrSelfPermission(ContextImpl.java:1841)

08-05 06:12:48.009  1564  7756 I LSPosed-Bridge: 	at com.android.server.ConnectivityService.enforceAccessPermission(ConnectivityService.java:1672)

08-05 06:12:48.009  1564  7756 I LSPosed-Bridge: 	at com.android.server.ConnectivityService.getActiveNetwork(ConnectivityService.java:1188)

08-05 06:12:48.009  1564  7756 I LSPosed-Bridge: 	at android.net.IConnectivityManager$Stub.onTransact(IConnectivityManager.java:53)

08-05 06:12:48.009  1564  7756 I LSPosed-Bridge: 	at android.os.Binder.execTransact(Binder.java:731)

08-05 06:12:50.456  1564  1577 I LSPosed-Bridge: 7741 PermLabel 10146 AMS.checkPermission: Binder.getCallingPid() = 7741; uid = 10146; Binder.getCallingUid() = 10146; getNameForUid: com.shopee.tw; getPackagesForUid: [com.shopee.tw]; permName: android.permission.GET_TASKS; type = 0; res = -1; stacktrace=java.lang.Exception

08-05 06:12:50.456  1564  1577 I LSPosed-Bridge: 	at com.example.permlabel.requirePerm$1$2.afterHookedMethod(requirePerm.java:121)

08-05 06:12:50.456  1564  1577 I LSPosed-Bridge: 	at de.robv.android.xposed.XposedBridge$AdditionalHookInfo.callback(Unknown Source:147)

08-05 06:12:50.456  1564  1577 I LSPosed-Bridge: 	at LSPHooker_.checkPermission(Unknown Source:25)

08-05 06:12:50.456  1564  1577 I LSPosed-Bridge: 	at com.android.server.am.ActivityManagerService.isGetTasksAllowed(ActivityManagerService.java:10902)

08-05 06:12:50.456  1564  1577 I LSPosed-Bridge: 	at com.android.server.am.ActivityManagerService.getRunningAppProcesses(ActivityManagerService.java:16139)

08-05 06:12:50.456  1564  1577 I LSPosed-Bridge: 	at android.app.IActivityManager$Stub.onTransact(IActivityManager.java:1088)

08-05 06:12:50.456  1564  1577 I LSPosed-Bridge: 	at com.android.server.am.ActivityManagerService.onTransact(ActivityManagerService.java:3346)

08-05 06:12:50.456  1564  1577 I LSPosed-Bridge: 	at android.os.Binder.execTransact(Binder.java:731)

08-05 06:12:50.770  1564  1577 I LSPosed-Bridge: 7741 PermLabel 10146 AMS.checkPermission: Binder.getCallingPid() = 7741; uid = 10146; Binder.getCallingUid() = 10146; getNameForUid: com.shopee.tw; getPackagesForUid: [com.shopee.tw]; permName: android.permission.GET_TASKS; type = 0; res = -1; stacktrace=java.lang.Exception

08-05 06:12:50.770  1564  1577 I LSPosed-Bridge: 	at com.example.permlabel.requirePerm$1$2.afterHookedMethod(requirePerm.java:121)

08-05 06:12:50.770  1564  1577 I LSPosed-Bridge: 	at de.robv.android.xposed.XposedBridge$AdditionalHookInfo.callback(Unknown Source:147)

08-05 06:12:50.770  1564  1577 I LSPosed-Bridge: 	at LSPHooker_.checkPermission(Unknown Source:25)

08-05 06:12:50.770  1564  1577 I LSPosed-Bridge: 	at com.android.server.am.ActivityManagerService.isGetTasksAllowed(ActivityManagerService.java:10902)

08-05 06:12:50.770  1564  1577 I LSPosed-Bridge: 	at com.android.server.am.ActivityManagerService.getRunningAppProcesses(ActivityManagerService.java:16139)

08-05 06:12:50.770  1564  1577 I LSPosed-Bridge: 	at android.app.IActivityManager$Stub.onTransact(IActivityManager.java:1088)

08-05 06:12:50.770  1564  1577 I LSPosed-Bridge: 	at com.android.server.am.ActivityManagerService.onTransact(ActivityManagerService.java:3346)

08-05 06:12:50.770  1564  1577 I LSPosed-Bridge: 	at android.os.Binder.execTransact(Binder.java:731)

08-05 06:12:50.770  7741  7969 I LSPosed-Bridge: 7741 PermLabel hookBinder_test 10146 interfaceBinder =android.app.IActivityManager; arg0 = 81; arg1 = android.os.Parcel@40b52fb; arg2 = android.os.Parcel@b33bd7c; arg3 = 0; res = true; stacktrace=java.lang.Exception

08-05 06:12:50.770  7741  7969 I LSPosed-Bridge: 	at com.example.permlabel.hookBinder_test$1.afterHookedMethod(hookBinder_test.java:52)

08-05 06:12:50.770  7741  7969 I LSPosed-Bridge: 	at de.robv.android.xposed.XposedBridge$AdditionalHookInfo.callback(Unknown Source:147)

08-05 06:12:50.770  7741  7969 I LSPosed-Bridge: 	at LSPHooker_.transact(Unknown Source:28)

08-05 06:12:50.770  7741  7969 I LSPosed-Bridge: 	at android.app.IActivityManager$Stub$Proxy.getRunningAppProcesses(IActivityManager.java:5366)

08-05 06:12:50.770  7741  7969 I LSPosed-Bridge: 	at android.app.ActivityManager.getRunningAppProcesses(ActivityManager.java:3435)

08-05 06:12:50.770  7741  7969 I LSPosed-Bridge: 	at java.lang.reflect.Method.invoke(Native Method)

08-05 06:12:50.770  7741  7969 I LSPosed-Bridge: 	at org.lsposed.lspd.nativebridge.HookBridge.invokeOriginalMethod(Native Method)

08-05 06:12:50.770  7741  7969 I LSPosed-Bridge: 	at de.robv.android.xposed.XposedBridge$AdditionalHookInfo.callback(Unknown Source:110)

08-05 06:12:50.770  7741  7969 I LSPosed-Bridge: 	at LSPHooker_.getRunningAppProcesses(Unknown Source:8)

08-05 06:12:50.770  7741  7969 I LSPosed-Bridge: 	at com.google.firebase.crashlytics.internal.common.m0.d(SourceFile:15)

08-05 06:12:50.770  7741  7969 I LSPosed-Bridge: 	at com.google.firebase.crashlytics.internal.common.s.run(SourceFile:10)

08-05 06:12:50.770  7741  7969 I LSPosed-Bridge: 	at com.google.firebase.crashlytics.internal.common.g.call(Unknown Source:2)

08-05 06:12:50.770  7741  7969 I LSPosed-Bridge: 	at com.google.firebase.crashlytics.internal.common.h.then(Unknown Source:2)

08-05 06:12:50.770  7741  7969 I LSPosed-Bridge: 	at com.google.android.gms.tasks.zzc.run(SourceFile:3)

08-05 06:12:50.770  7741  7969 I LSPosed-Bridge: 	at java.util.concurrent.ThreadPoolExecutor.runWorker(ThreadPoolExecutor.java:1167)

08-05 06:12:50.770  7741  7969 I LSPosed-Bridge: 	at java.util.concurrent.ThreadPoolExecutor$Worker.run(ThreadPoolExecutor.java:641)

08-05 06:12:50.770  7741  7969 I LSPosed-Bridge: 	at com.google.firebase.crashlytics.internal.common.f0$a.a(Unknown Source:2)

08-05 06:12:50.770  7741  7969 I LSPosed-Bridge: 	at com.google.firebase.crashlytics.internal.common.c.run(SourceFile:2)

08-05 06:12:50.770  7741  7969 I LSPosed-Bridge: 	at java.lang.Thread.run(Thread.java:764)

08-05 06:12:50.770  7741  7969 I LSPosed-Bridge: 7741 PermLabel getRunningAppProcesses =android.app.ActivityManager$RunningAppProcessInfo@20f2612

08-05 06:12:50.770  7741  7969 I LSPosed-Bridge: 7741 PermLabel getRunningAppProcesses processName: com.shopee.tw pid: 7741

08-05 06:12:54.461  7741 10278 I LSPosed-Bridge: 7741 PermLabel 10146 ContextImpl.checkPermission: pid = 7741; uid = 10146; permName: android.permission.INTERNET; type = 0; res = 0; stacktrace=java.lang.Exception

08-05 06:12:54.461  7741 10278 I LSPosed-Bridge: 	at com.example.permlabel.requestPerm$2.afterHookedMethod(requestPerm.java:207)

08-05 06:12:54.461  7741 10278 I LSPosed-Bridge: 	at de.robv.android.xposed.XposedBridge$AdditionalHookInfo.callback(Unknown Source:147)

08-05 06:12:54.461  7741 10278 I LSPosed-Bridge: 	at LSPHooker_.checkPermission(Unknown Source:25)

08-05 06:12:54.461  7741 10278 I LSPosed-Bridge: 	at androidx.core.content.a.a(SourceFile:2)

08-05 06:12:54.461  7741 10278 I LSPosed-Bridge: 	at com.shopee.app.network.status.connectivity.b.b(SourceFile:3)

08-05 06:12:54.461  7741 10278 I LSPosed-Bridge: 	at com.shopee.app.network.status.connectivity.c.b(SourceFile:1)

08-05 06:12:54.461  7741 10278 I LSPosed-Bridge: 	at com.shopee.app.network.status.b.a(SourceFile:2)

08-05 06:12:54.461  7741 10278 I LSPosed-Bridge: 	at com.shopee.app.network.eventlistener.a.a(SourceFile:52)

08-05 06:12:54.461  7741 10278 I LSPosed-Bridge: 	at com.shopee.app.network.cronet.event.a.a(SourceFile:17)

08-05 06:12:54.461  7741 10278 I LSPosed-Bridge: 	at com.shopee.cronet.lib.response.c.onRequestFinished(SourceFile:98)

08-05 06:12:54.461  7741 10278 I LSPosed-Bridge: 	at org.chromium.net.impl.VersionSafeCallbacks$RequestFinishedInfoListener.onRequestFinished(Unknown Source:2)

08-05 06:12:54.461  7741 10278 I LSPosed-Bridge: 	at org.chromium.net.impl.CronetUrlRequestContext$4.run(SourceFile:1)

08-05 06:12:54.461  7741 10278 I LSPosed-Bridge: 	at java.util.concurrent.Executors$RunnableAdapter.call(Executors.java:458)

08-05 06:12:54.461  7741 10278 I LSPosed-Bridge: 	at java.util.concurrent.FutureTask.run(FutureTask.java:266)

08-05 06:12:54.461  7741 10278 I LSPosed-Bridge: 	at java.util.concurrent.ScheduledThreadPoolExecutor$ScheduledFutureTask.run(ScheduledThreadPoolExecutor.java:301)

08-05 06:12:54.461  7741 10278 I LSPosed-Bridge: 	at java.util.concurrent.ThreadPoolExecutor.runWorker(ThreadPoolExecutor.java:1167)

08-05 06:12:54.461  7741 10278 I LSPosed-Bridge: 	at java.util.concurrent.ThreadPoolExecutor$Worker.run(ThreadPoolExecutor.java:641)

08-05 06:12:54.461  7741 10278 I LSPosed-Bridge: 	at java.lang.Thread.run(Thread.java:764)

08-05 06:12:54.461  7741  8025 I LSPosed-Bridge: 7741 PermLabel hookBinder_test 10146 interfaceBinder =android.content.pm.IPackageManager; arg0 = 13; arg1 = android.os.Parcel@152a910; arg2 = android.os.Parcel@9c9ee98; arg3 = 0; res = true; stacktrace=java.lang.Exception

08-05 06:12:54.461  7741  8025 I LSPosed-Bridge: 	at com.example.permlabel.hookBinder_test$1.afterHookedMethod(hookBinder_test.java:52)

08-05 06:12:54.461  7741  8025 I LSPosed-Bridge: 	at de.robv.android.xposed.XposedBridge$AdditionalHookInfo.callback(Unknown Source:147)

08-05 06:12:54.461  7741  8025 I LSPosed-Bridge: 	at LSPHooker_.transact(Unknown Source:28)

08-05 06:12:54.461  7741  8025 I LSPosed-Bridge: 	at android.content.pm.IPackageManager$Stub$Proxy.getApplicationInfo(IPackageManager.java:3104)

08-05 06:12:54.461  7741  8025 I LSPosed-Bridge: 	at android.app.ApplicationPackageManager.getApplicationInfoAsUser(ApplicationPackageManager.java:384)

08-05 06:12:54.461  7741  8025 I LSPosed-Bridge: 	at android.app.ApplicationPackageManager.getApplicationInfo(ApplicationPackageManager.java:377)

08-05 06:12:54.461  7741  8025 I LSPosed-Bridge: 	at m.cr.a(:com.google.android.gms.dynamite_measurementdynamite@232617028@23.26.17 (100400-0):7)

08-05 06:12:54.461  7741  8025 I LSPosed-Bridge: 	at m.ek.c(:com.google.android.gms.dynamite_measurementdynamite@232617028@23.26.17 (100400-0):42)

08-05 06:12:54.461  7741  8025 I LSPosed-Bridge: 	at m.ek.d(:com.google.android.gms.dynamite_measurementdynamite@232617028@23.26.17 (100400-0):4)

08-05 06:12:54.461  7741  8025 I LSPosed-Bridge: 	at m.ek.h(:com.google.android.gms.dynamite_measurementdynamite@232617028@23.26.17 (100400-0):13)

08-05 06:12:54.461  7741  8025 I LSPosed-Bridge: 	at m.jb.a(:com.google.android.gms.dynamite_measurementdynamite@232617028@23.26.17 (100400-0):6)

08-05 06:12:54.461  7741  8025 I LSPosed-Bridge: 	at m.jb.u(:com.google.android.gms.dynamite_measurementdynamite@232617028@23.26.17 (100400-0):1)

08-05 06:12:54.461  7741  8025 I LSPosed-Bridge: 	at m.ko.U(:com.google.android.gms.dynamite_measurementdynamite@232617028@23.26.17 (100400-0):5)

08-05 06:12:54.461  7741  8025 I LSPosed-Bridge: 	at m.jv.run(:com.google.android.gms.dynamite_measurementdynamite@232617028@23.26.17 (100400-0):17)

08-05 06:12:54.461  7741  8025 I LSPosed-Bridge: 	at java.util.concurrent.Executors$RunnableAdapter.call(Executors.java:458)

08-05 06:12:54.461  7741  8025 I LSPosed-Bridge: 	at java.util.concurrent.FutureTask.run(FutureTask.java:266)

08-05 06:12:54.461  7741  8025 I LSPosed-Bridge: 	at m.ix.run(:com.google.android.gms.dynamite_measurementdynamite@232617028@23.26.17 (100400-0):48)

08-05 06:12:54.461  1564  1576 I LSPosed-Bridge: 7741 PermLabel 10146 AMS.checkPermission: Binder.getCallingPid() = 7741; uid = 10146; Binder.getCallingUid() = 10146; getNameForUid: com.shopee.tw; getPackagesForUid: [com.shopee.tw]; permName: android.permission.GET_TASKS; type = 0; res = -1; stacktrace=java.lang.Exception

08-05 06:12:54.461  1564  1576 I LSPosed-Bridge: 	at com.example.permlabel.requirePerm$1$2.afterHookedMethod(requirePerm.java:121)

08-05 06:12:54.461  1564  1576 I LSPosed-Bridge: 	at de.robv.android.xposed.XposedBridge$AdditionalHookInfo.callback(Unknown Source:147)

08-05 06:12:54.461  1564  1576 I LSPosed-Bridge: 	at LSPHooker_.checkPermission(Unknown Source:25)

08-05 06:12:54.461  1564  1576 I LSPosed-Bridge: 	at com.android.server.am.ActivityManagerService.isGetTasksAllowed(ActivityManagerService.java:10902)

08-05 06:12:54.461  1564  1576 I LSPosed-Bridge: 	at com.android.server.am.ActivityManagerService.getRunningAppProcesses(ActivityManagerService.java:16139)

08-05 06:12:54.461  1564  1576 I LSPosed-Bridge: 	at android.app.IActivityManager$Stub.onTransact(IActivityManager.java:1088)

08-05 06:12:54.461  1564  1576 I LSPosed-Bridge: 	at com.android.server.am.ActivityManagerService.onTransact(ActivityManagerService.java:3346)

08-05 06:12:54.461  1564  1576 I LSPosed-Bridge: 	at android.os.Binder.execTransact(Binder.java:731)

08-05 06:12:54.576  1564  1576 I LSPosed-Bridge: 7741 PermLabel 10146 AMS.checkPermission: Binder.getCallingPid() = 7741; uid = 10146; Binder.getCallingUid() = 10146; getNameForUid: com.shopee.tw; getPackagesForUid: [com.shopee.tw]; permName: android.permission.GET_TASKS; type = 0; res = -1; stacktrace=java.lang.Exception

08-05 06:12:54.576  1564  1576 I LSPosed-Bridge: 	at com.example.permlabel.requirePerm$1$2.afterHookedMethod(requirePerm.java:121)

08-05 06:12:54.576  1564  1576 I LSPosed-Bridge: 	at de.robv.android.xposed.XposedBridge$AdditionalHookInfo.callback(Unknown Source:147)

08-05 06:12:54.576  1564  1576 I LSPosed-Bridge: 	at LSPHooker_.checkPermission(Unknown Source:25)

08-05 06:12:54.576  1564  1576 I LSPosed-Bridge: 	at com.android.server.am.ActivityManagerService.isGetTasksAllowed(ActivityManagerService.java:10902)

08-05 06:12:54.576  1564  1576 I LSPosed-Bridge: 	at com.android.server.am.ActivityManagerService.getRunningAppProcesses(ActivityManagerService.java:16139)

08-05 06:12:54.576  1564  1576 I LSPosed-Bridge: 	at android.app.IActivityManager$Stub.onTransact(IActivityManager.java:1088)

08-05 06:12:54.576  1564  1576 I LSPosed-Bridge: 	at com.android.server.am.ActivityManagerService.onTransact(ActivityManagerService.java:3346)

08-05 06:12:54.576  1564  1576 I LSPosed-Bridge: 	at android.os.Binder.execTransact(Binder.java:731)

08-05 06:12:54.576  7741  8025 I LSPosed-Bridge: 7741 PermLabel hookBinder_test 10146 interfaceBinder =android.content.pm.IPackageManager; arg0 = 13; arg1 = android.os.Parcel@e397957; arg2 = android.os.Parcel@e098f8; arg3 = 0; res = true; stacktrace=java.lang.Exception

08-05 06:12:54.576  7741  8025 I LSPosed-Bridge: 	at com.example.permlabel.hookBinder_test$1.afterHookedMethod(hookBinder_test.java:52)

08-05 06:12:54.576  7741  8025 I LSPosed-Bridge: 	at de.robv.android.xposed.XposedBridge$AdditionalHookInfo.callback(Unknown Source:147)

08-05 06:12:54.576  7741  8025 I LSPosed-Bridge: 	at LSPHooker_.transact(Unknown Source:28)

08-05 06:12:54.576  7741  8025 I LSPosed-Bridge: 	at android.content.pm.IPackageManager$Stub$Proxy.getApplicationInfo(IPackageManager.java:3104)

08-05 06:12:54.576  7741  8025 I LSPosed-Bridge: 	at android.app.ApplicationPackageManager.getApplicationInfoAsUser(ApplicationPackageManager.java:384)

08-05 06:12:54.576  7741  8025 I LSPosed-Bridge: 	at android.app.ApplicationPackageManager.getApplicationInfo(ApplicationPackageManager.java:377)

08-05 06:12:54.576  7741  8025 I LSPosed-Bridge: 	at m.cr.a(:com.google.android.gms.dynamite_measurementdynamite@232617028@23.26.17 (100400-0):7)

08-05 06:12:54.576  7741  8025 I LSPosed-Bridge: 	at m.ek.c(:com.google.android.gms.dynamite_measurementdynamite@232617028@23.26.17 (100400-0):42)

08-05 06:12:54.576  7741  8025 I LSPosed-Bridge: 	at m.ek.d(:com.google.android.gms.dynamite_measurementdynamite@232617028@23.26.17 (100400-0):4)

08-05 06:12:54.576  7741  8025 I LSPosed-Bridge: 	at m.ek.h(:com.google.android.gms.dynamite_measurementdynamite@232617028@23.26.17 (100400-0):13)

08-05 06:12:54.576  7741  8025 I LSPosed-Bridge: 	at m.jb.a(:com.google.android.gms.dynamite_measurementdynamite@232617028@23.26.17 (100400-0):6)

08-05 06:12:54.576  7741  8025 I LSPosed-Bridge: 	at m.jb.u(:com.google.android.gms.dynamite_measurementdynamite@232617028@23.26.17 (100400-0):1)

08-05 06:12:54.576  7741  8025 I LSPosed-Bridge: 	at m.ko.U(:com.google.android.gms.dynamite_measurementdynamite@232617028@23.26.17 (100400-0):5)

08-05 06:12:54.576  7741  8025 I LSPosed-Bridge: 	at m.jv.run(:com.google.android.gms.dynamite_measurementdynamite@232617028@23.26.17 (100400-0):17)

08-05 06:12:54.576  7741  8025 I LSPosed-Bridge: 	at java.util.concurrent.Executors$RunnableAdapter.call(Executors.java:458)

08-05 06:12:54.576  7741  8025 I LSPosed-Bridge: 	at java.util.concurrent.FutureTask.run(FutureTask.java:266)

08-05 06:12:54.576  7741  8025 I LSPosed-Bridge: 	at m.ix.run(:com.google.android.gms.dynamite_measurementdynamite@232617028@23.26.17 (100400-0):48)

08-05 06:12:57.599  1564  1576 I LSPosed-Bridge: 7741 PermLabel 10146 AMS.checkPermission: Binder.getCallingPid() = 7741; uid = 10146; Binder.getCallingUid() = 10146; getNameForUid: com.shopee.tw; getPackagesForUid: [com.shopee.tw]; permName: android.permission.GET_TASKS; type = 0; res = -1; stacktrace=java.lang.Exception

08-05 06:12:57.599  1564  1576 I LSPosed-Bridge: 	at com.example.permlabel.requirePerm$1$2.afterHookedMethod(requirePerm.java:121)

08-05 06:12:57.599  1564  1576 I LSPosed-Bridge: 	at de.robv.android.xposed.XposedBridge$AdditionalHookInfo.callback(Unknown Source:147)

08-05 06:12:57.599  1564  1576 I LSPosed-Bridge: 	at LSPHooker_.checkPermission(Unknown Source:25)

08-05 06:12:57.599  1564  1576 I LSPosed-Bridge: 	at com.android.server.am.ActivityManagerService.isGetTasksAllowed(ActivityManagerService.java:10902)

08-05 06:12:57.599  1564  1576 I LSPosed-Bridge: 	at com.android.server.am.ActivityManagerService.getRunningAppProcesses(ActivityManagerService.java:16139)

08-05 06:12:57.599  1564  1576 I LSPosed-Bridge: 	at android.app.IActivityManager$Stub.onTransact(IActivityManager.java:1088)

08-05 06:12:57.599  1564  1576 I LSPosed-Bridge: 	at com.android.server.am.ActivityManagerService.onTransact(ActivityManagerService.java:3346)

08-05 06:12:57.599  1564  1576 I LSPosed-Bridge: 	at android.os.Binder.execTransact(Binder.java:731)

08-05 06:12:57.761  7741  8025 I LSPosed-Bridge: 7741 PermLabel hookBinder_test 10146 interfaceBinder =android.content.pm.IPackageManager; arg0 = 13; arg1 = android.os.Parcel@7742768; arg2 = android.os.Parcel@3bccc13; arg3 = 0; res = true; stacktrace=java.lang.Exception

08-05 06:12:57.761  7741  8025 I LSPosed-Bridge: 	at com.example.permlabel.hookBinder_test$1.afterHookedMethod(hookBinder_test.java:52)

08-05 06:12:57.761  7741  8025 I LSPosed-Bridge: 	at de.robv.android.xposed.XposedBridge$AdditionalHookInfo.callback(Unknown Source:147)

08-05 06:12:57.761  7741  8025 I LSPosed-Bridge: 	at LSPHooker_.transact(Unknown Source:28)

08-05 06:12:57.761  7741  8025 I LSPosed-Bridge: 	at android.content.pm.IPackageManager$Stub$Proxy.getApplicationInfo(IPackageManager.java:3104)

08-05 06:12:57.761  7741  8025 I LSPosed-Bridge: 	at android.app.ApplicationPackageManager.getApplicationInfoAsUser(ApplicationPackageManager.java:384)

08-05 06:12:57.761  7741  8025 I LSPosed-Bridge: 	at android.app.ApplicationPackageManager.getApplicationInfo(ApplicationPackageManager.java:377)

08-05 06:12:57.761  7741  8025 I LSPosed-Bridge: 	at m.cr.a(:com.google.android.gms.dynamite_measurementdynamite@232617028@23.26.17 (100400-0):7)

08-05 06:12:57.761  7741  8025 I LSPosed-Bridge: 	at m.ek.c(:com.google.android.gms.dynamite_measurementdynamite@232617028@23.26.17 (100400-0):42)

08-05 06:12:57.761  7741  8025 I LSPosed-Bridge: 	at m.ek.d(:com.google.android.gms.dynamite_measurementdynamite@232617028@23.26.17 (100400-0):4)

08-05 06:12:57.761  7741  8025 I LSPosed-Bridge: 	at m.ek.h(:com.google.android.gms.dynamite_measurementdynamite@232617028@23.26.17 (100400-0):13)

