08-05 06:09:30.285  7741  7969 I LSPosed-Bridge: 	at de.robv.android.xposed.XposedBridge$AdditionalHookInfo.callback(Unknown Source:147)

08-05 06:09:30.285  7741  7969 I LSPosed-Bridge: 	at LSPHooker_.getRunningAppProcesses(Unknown Source:8)

08-05 06:09:30.285  7741  7969 I LSPosed-Bridge: 	at com.google.firebase.crashlytics.internal.common.m0.d(SourceFile:15)

08-05 06:09:30.285  7741  7969 I LSPosed-Bridge: 	at com.google.firebase.crashlytics.internal.common.s.run(SourceFile:10)

08-05 06:09:30.285  7741  7969 I LSPosed-Bridge: 	at com.google.firebase.crashlytics.internal.common.g.call(Unknown Source:2)

08-05 06:09:30.285  7741  7969 I LSPosed-Bridge: 	at com.google.firebase.crashlytics.internal.common.h.then(Unknown Source:2)

08-05 06:09:30.285  7741  7969 I LSPosed-Bridge: 	at com.google.android.gms.tasks.zzc.run(SourceFile:3)

08-05 06:09:30.285  7741  7969 I LSPosed-Bridge: 	at java.util.concurrent.ThreadPoolExecutor.runWorker(ThreadPoolExecutor.java:1167)

08-05 06:09:30.285  7741  7969 I LSPosed-Bridge: 	at java.util.concurrent.ThreadPoolExecutor$Worker.run(ThreadPoolExecutor.java:641)

08-05 06:09:30.285  7741  7969 I LSPosed-Bridge: 	at com.google.firebase.crashlytics.internal.common.f0$a.a(Unknown Source:2)

08-05 06:09:30.285  7741  7969 I LSPosed-Bridge: 	at com.google.firebase.crashlytics.internal.common.c.run(SourceFile:2)

08-05 06:09:30.285  7741  7969 I LSPosed-Bridge: 	at java.lang.Thread.run(Thread.java:764)

08-05 06:09:30.285  7741 10278 I LSPosed-Bridge: 7741 PermLabel hookBinder_test 10146 interfaceBinder =android.content.pm.IPackageManager; arg0 = 9; arg1 = android.os.Parcel@e9ad28f; arg2 = android.os.Parcel@23799f1; arg3 = 0; res = true; stacktrace=java.lang.Exception

08-05 06:09:30.285  7741 10278 I LSPosed-Bridge: 	at com.example.permlabel.hookBinder_test$1.afterHookedMethod(hookBinder_test.java:52)

08-05 06:09:30.285  7741 10278 I LSPosed-Bridge: 	at de.robv.android.xposed.XposedBridge$AdditionalHookInfo.callback(Unknown Source:147)

08-05 06:09:30.285  7741 10278 I LSPosed-Bridge: 	at LSPHooker_.transact(Unknown Source:28)

08-05 06:09:30.285  7741 10278 I LSPosed-Bridge: 	at android.content.pm.IPackageManager$Stub$Proxy.getPermissionInfo(IPackageManager.java:3008)

08-05 06:09:30.285  7741 10278 I LSPosed-Bridge: 	at android.app.ApplicationPackageManager.getPermissionInfo(ApplicationPackageManager.java:306)

08-05 06:09:30.285  7741 10278 I LSPosed-Bridge: 	at com.example.permlabel.requestPerm$2.afterHookedMethod(requestPerm.java:173)

08-05 06:09:30.285  7741 10278 I LSPosed-Bridge: 	at de.robv.android.xposed.XposedBridge$AdditionalHookInfo.callback(Unknown Source:147)

08-05 06:09:30.285  7741 10278 I LSPosed-Bridge: 	at LSPHooker_.checkPermission(Unknown Source:25)

08-05 06:09:30.285  7741 10278 I LSPosed-Bridge: 	at androidx.core.content.a.a(SourceFile:2)

08-05 06:09:30.285  7741 10278 I LSPosed-Bridge: 	at com.shopee.app.network.status.connectivity.b.b(SourceFile:3)

08-05 06:09:30.285  7741 10278 I LSPosed-Bridge: 	at com.shopee.app.network.status.connectivity.c.b(SourceFile:1)

08-05 06:09:30.285  7741 10278 I LSPosed-Bridge: 	at com.shopee.app.network.status.b.a(SourceFile:2)

08-05 06:09:30.285  7741 10278 I LSPosed-Bridge: 	at com.shopee.app.network.eventlistener.a.a(SourceFile:52)

08-05 06:09:30.285  7741 10278 I LSPosed-Bridge: 	at com.shopee.app.network.cronet.event.a.a(SourceFile:17)

08-05 06:09:30.285  7741 10278 I LSPosed-Bridge: 	at com.shopee.cronet.lib.response.c.onRequestFinished(SourceFile:98)

08-05 06:09:30.285  7741 10278 I LSPosed-Bridge: 	at org.chromium.net.impl.VersionSafeCallbacks$RequestFinishedInfoListener.onRequestFinished(Unknown Source:2)

08-05 06:09:30.285  7741 10278 I LSPosed-Bridge: 	at org.chromium.net.impl.CronetUrlRequestContext$4.run(SourceFile:1)

08-05 06:09:30.285  7741 10278 I LSPosed-Bridge: 	at java.util.concurrent.Executors$RunnableAdapter.call(Executors.java:458)

08-05 06:09:30.285  7741 10278 I LSPosed-Bridge: 	at java.util.concurrent.FutureTask.run(FutureTask.java:266)

08-05 06:09:30.285  7741 10278 I LSPosed-Bridge: 	at java.util.concurrent.ScheduledThreadPoolExecutor$ScheduledFutureTask.run(ScheduledThreadPoolExecutor.java:301)

08-05 06:09:30.285  7741 10278 I LSPosed-Bridge: 	at java.util.concurrent.ThreadPoolExecutor.runWorker(ThreadPoolExecutor.java:1167)

08-05 06:09:30.285  7741 10278 I LSPosed-Bridge: 	at java.util.concurrent.ThreadPoolExecutor$Worker.run(ThreadPoolExecutor.java:641)

08-05 06:09:30.285  7741 10278 I LSPosed-Bridge: 	at java.lang.Thread.run(Thread.java:764)

08-05 06:09:30.420  7741  7969 I LSPosed-Bridge: 7741 PermLabel getRunningAppProcesses packageName com.shopee.tw at index 0 in process 7741

08-05 06:09:30.420  7741  7969 I LSPosed-Bridge: 7741 PermLabel permName: android.permission.READ_PHONE_STATE; getRunningAppProcesses =[android.app.ActivityManager$RunningAppProcessInfo@bcba57c]; stacktrace=java.lang.Exception

08-05 06:09:30.420  7741  7969 I LSPosed-Bridge: 	at com.example.permlabel.hookBinder_test$2.afterHookedMethod(hookBinder_test.java:92)

08-05 06:09:30.420  7741  7969 I LSPosed-Bridge: 	at de.robv.android.xposed.XposedBridge$AdditionalHookInfo.callback(Unknown Source:147)

08-05 06:09:30.420  7741  7969 I LSPosed-Bridge: 	at LSPHooker_.getRunningAppProcesses(Unknown Source:8)

08-05 06:09:30.420  7741  7969 I LSPosed-Bridge: 	at com.google.firebase.crashlytics.internal.common.m0.d(SourceFile:15)

08-05 06:09:30.420  7741  7969 I LSPosed-Bridge: 	at com.google.firebase.crashlytics.internal.common.s.run(SourceFile:10)

08-05 06:09:30.420  7741  7969 I LSPosed-Bridge: 	at com.google.firebase.crashlytics.internal.common.g.call(Unknown Source:2)

08-05 06:09:30.420  7741  7969 I LSPosed-Bridge: 	at com.google.firebase.crashlytics.internal.common.h.then(Unknown Source:2)

08-05 06:09:30.420  7741  7969 I LSPosed-Bridge: 	at com.google.android.gms.tasks.zzc.run(SourceFile:3)

08-05 06:09:30.420  7741  7969 I LSPosed-Bridge: 	at java.util.concurrent.ThreadPoolExecutor.runWorker(ThreadPoolExecutor.java:1167)

08-05 06:09:30.420  7741  7969 I LSPosed-Bridge: 	at java.util.concurrent.ThreadPoolExecutor$Worker.run(ThreadPoolExecutor.java:641)

08-05 06:09:30.420  7741  7969 I LSPosed-Bridge: 	at com.google.firebase.crashlytics.internal.common.f0$a.a(Unknown Source:2)

08-05 06:09:30.420  7741  7969 I LSPosed-Bridge: 	at com.google.firebase.crashlytics.internal.common.c.run(SourceFile:2)

08-05 06:09:30.420  7741  7969 I LSPosed-Bridge: 	at java.lang.Thread.run(Thread.java:764)

08-05 06:09:30.420  7741 10278 I LSPosed-Bridge: 7741 PermLabel hookBinder_test 10146 interfaceBinder =android.net.IConnectivityManager; arg0 = 15; arg1 = android.os.Parcel@d114c46; arg2 = android.os.Parcel@3720b4e; arg3 = 0; res = true; stacktrace=java.lang.Exception

08-05 06:09:30.420  7741 10278 I LSPosed-Bridge: 	at com.example.permlabel.hookBinder_test$1.afterHookedMethod(hookBinder_test.java:52)

08-05 06:09:30.420  7741 10278 I LSPosed-Bridge: 	at de.robv.android.xposed.XposedBridge$AdditionalHookInfo.callback(Unknown Source:147)

08-05 06:09:30.420  7741 10278 I LSPosed-Bridge: 	at LSPHooker_.transact(Unknown Source:28)

08-05 06:09:30.420  7741 10278 I LSPosed-Bridge: 	at android.net.IConnectivityManager$Stub$Proxy.getNetworkCapabilities(IConnectivityManager.java:1480)

08-05 06:09:30.420  7741 10278 I LSPosed-Bridge: 	at android.net.ConnectivityManager.getNetworkCapabilities(ConnectivityManager.java:1220)

08-05 06:09:30.420  7741 10278 I LSPosed-Bridge: 	at com.shopee.app.network.status.connectivity.b.b(SourceFile:11)

08-05 06:09:30.420  7741 10278 I LSPosed-Bridge: 	at com.shopee.app.network.status.connectivity.c.b(SourceFile:1)

08-05 06:09:30.420  7741 10278 I LSPosed-Bridge: 	at com.shopee.app.network.status.b.a(SourceFile:2)

08-05 06:09:30.420  7741 10278 I LSPosed-Bridge: 	at com.shopee.app.network.eventlistener.a.a(SourceFile:52)

08-05 06:09:30.420  7741 10278 I LSPosed-Bridge: 	at com.shopee.app.network.cronet.event.a.a(SourceFile:17)

08-05 06:09:30.420  7741 10278 I LSPosed-Bridge: 	at com.shopee.cronet.lib.response.c.onRequestFinished(SourceFile:98)

08-05 06:09:30.420  7741 10278 I LSPosed-Bridge: 	at org.chromium.net.impl.VersionSafeCallbacks$RequestFinishedInfoListener.onRequestFinished(Unknown Source:2)

08-05 06:09:30.420  7741 10278 I LSPosed-Bridge: 	at org.chromium.net.impl.CronetUrlRequestContext$4.run(SourceFile:1)

08-05 06:09:30.420  7741 10278 I LSPosed-Bridge: 	at java.util.concurrent.Executors$RunnableAdapter.call(Executors.java:458)

08-05 06:09:30.420  7741 10278 I LSPosed-Bridge: 	at java.util.concurrent.FutureTask.run(FutureTask.java:266)

08-05 06:09:30.420  7741 10278 I LSPosed-Bridge: 	at java.util.concurrent.ScheduledThreadPoolExecutor$ScheduledFutureTask.run(ScheduledThreadPoolExecutor.java:301)

08-05 06:09:30.420  7741 10278 I LSPosed-Bridge: 	at java.util.concurrent.ThreadPoolExecutor.runWorker(ThreadPoolExecutor.java:1167)

08-05 06:09:30.420  7741 10278 I LSPosed-Bridge: 	at java.util.concurrent.ThreadPoolExecutor$Worker.run(ThreadPoolExecutor.java:641)

08-05 06:09:30.420  7741 10278 I LSPosed-Bridge: 	at java.lang.Thread.run(Thread.java:764)

08-05 06:09:32.428  7741  7969 I LSPosed-Bridge: 7741 PermLabel getRunningAppProcesses processName: com.shopee.tw pid: 7741

08-05 06:09:32.428  7741  7969 I LSPosed-Bridge: 7741 PermLabel getRunningAppProcesses importance: 100 pid: 7741

08-05 06:09:32.428  7741  7969 I LSPosed-Bridge: 7741 PermLabel getRunningAppProcesses packageName com.shopee.tw at index 0 in process 7741

08-05 06:09:32.428  7741  7741 I LSPosed-Bridge: 7741 PermLabel hookBinder_test 10146 interfaceBinder =android.app.IActivityManager; arg0 = 49; arg1 = android.os.Parcel@7370d3; arg2 = android.os.Parcel@3b98410; arg3 = 0; res = true; stacktrace=java.lang.Exception

08-05 06:09:32.428  7741  7741 I LSPosed-Bridge: 	at com.example.permlabel.hookBinder_test$1.afterHookedMethod(hookBinder_test.java:52)

08-05 06:09:32.428  7741  7741 I LSPosed-Bridge: 	at de.robv.android.xposed.XposedBridge$AdditionalHookInfo.callback(Unknown Source:147)

08-05 06:09:32.428  7741  7741 I LSPosed-Bridge: 	at LSPHooker_.transact(Unknown Source:28)

08-05 06:09:32.428  7741  7741 I LSPosed-Bridge: 	at android.app.IActivityManager$Stub$Proxy.checkPermission(IActivityManager.java:4722)

08-05 06:09:32.428  7741  7741 I LSPosed-Bridge: 	at android.app.ContextImpl.checkPermission(ContextImpl.java:1751)

08-05 06:09:32.428  7741  7741 I LSPosed-Bridge: 	at java.lang.reflect.Method.invoke(Native Method)

08-05 06:09:32.428  7741  7741 I LSPosed-Bridge: 	at org.lsposed.lspd.nativebridge.HookBridge.invokeOriginalMethod(Native Method)

08-05 06:09:32.428  7741  7741 I LSPosed-Bridge: 	at de.robv.android.xposed.XposedBridge$AdditionalHookInfo.callback(Unknown Source:110)

08-05 06:09:32.428  7741  7741 I LSPosed-Bridge: 	at LSPHooker_.checkPermission(Unknown Source:25)

08-05 06:09:32.428  7741  7741 I LSPosed-Bridge: 	at android.content.ContextWrapper.checkPermission(ContextWrapper.java:738)

08-05 06:09:32.428  7741  7741 I LSPosed-Bridge: 	at androidx.core.content.a.a(SourceFile:2)

08-05 06:09:32.428  7741  7741 I LSPosed-Bridge: 	at com.bumptech.glide.l.<init>(SourceFile:13)

08-05 06:09:32.428  7741  7741 I LSPosed-Bridge: 	at com.bumptech.glide.manager.l.d(SourceFile:14)

08-05 06:09:32.428  7741  7741 I LSPosed-Bridge: 	at com.bumptech.glide.manager.l.c(SourceFile:3)

08-05 06:09:32.428  7741  7741 I LSPosed-Bridge: 	at com.shopee.core.imageloader.glide.GlideEngineKt.with(SourceFile:2)

08-05 06:09:32.428  7741  7741 I LSPosed-Bridge: 	at com.shopee.core.imageloader.glide.GlideEngineKt.access$with(Unknown Source:0)

08-05 06:09:32.428  7741  7741 I LSPosed-Bridge: 	at com.shopee.core.imageloader.glide.GlideEngine.createRequestBuilder(SourceFile:9)

08-05 06:09:32.428  7741  7741 I LSPosed-Bridge: 	at com.shopee.core.imageloader.glide.GlideEngine.createRequestBuilderWithModification(SourceFile:3)

08-05 06:09:32.428  7741  7741 I LSPosed-Bridge: 	at com.shopee.core.imageloader.glide.GlideEngine.loadInternal(SourceFile:5)

08-05 06:09:32.428  7741  7741 I LSPosed-Bridge: 	at com.shopee.core.imageloader.glide.GlideEngine.load(SourceFile:1)

08-05 06:09:32.428  7741  7741 I LSPosed-Bridge: 	at com.shopee.core.imageloader.RequestBuilder.into(SourceFile:1)

08-05 06:09:32.428  7741  7741 I LSPosed-Bridge: 	at com.shopee.sdk.util.d.x(SourceFile:1)

08-05 06:09:32.428  7741  7741 I LSPosed-Bridge: 	at com.shopee.sdk.util.d.y(SourceFile:2)

08-05 06:09:32.428  7741  7741 I LSPosed-Bridge: 	at com.shopee.app.react.s.f(SourceFile:10)

08-05 06:09:32.428  7741  7741 I LSPosed-Bridge: 	at com.shopee.app.react.s.setProcessingIndicator(SourceFile:5)

08-05 06:09:32.428  7741  7741 I LSPosed-Bridge: 	at com.shopee.app.react.i.M3(SourceFile:37)

08-05 06:09:32.428  7741  7741 I LSPosed-Bridge: 	at com.shopee.app.ui.base.i.onCreate(SourceFile:18)

08-05 06:09:32.428  7741  7741 I LSPosed-Bridge: 	at com.shopee.app.react.i.onCreate(SourceFile:2)

08-05 06:09:32.428  7741  7741 I LSPosed-Bridge: 	at com.shopee.app.react.ReactTransparentActivity_.onCreate(SourceFile:5)

08-05 06:09:32.428  7741  7741 I LSPosed-Bridge: 	at android.app.Activity.performCreate(Activity.java:7136)

08-05 06:09:32.428  7741  7741 I LSPosed-Bridge: 	at android.app.Activity.performCreate(Activity.java:7127)

08-05 06:09:32.428  7741  7741 I LSPosed-Bridge: 	at android.app.Instrumentation.callActivityOnCreate(Instrumentation.java:1272)

08-05 06:09:32.428  7741  7741 I LSPosed-Bridge: 	at com.shopee.luban.module.launch2.lifecycle.c.callActivityOnCreate(SourceFile:3)

08-05 06:09:32.428  7741  7741 I LSPosed-Bridge: 	at android.app.ActivityThread.performLaunchActivity(ActivityThread.java:2894)

08-05 06:09:32.428  7741  7741 I LSPosed-Bridge: 	at android.app.ActivityThread.handleLaunchActivity(ActivityThread.java:3049)

08-05 06:09:32.428  7741  7741 I LSPosed-Bridge: 	at android.app.servertransaction.LaunchActivityItem.execute(LaunchActivityItem.java:78)

08-05 06:09:32.428  7741  7741 I LSPosed-Bridge: 	at android.app.servertransaction.TransactionExecutor.executeCallbacks(TransactionExecutor.java:108)

08-05 06:09:32.428  7741  7741 I LSPosed-Bridge: 	at android.app.servertransaction.TransactionExecutor.execute(TransactionExecutor.java:68)

08-05 06:09:32.428  7741  7741 I LSPosed-Bridge: 	at android.app.ActivityThread$H.handleMessage(ActivityThread.java:1809)

08-05 06:09:32.428  7741  7741 I LSPosed-Bridge: 	at android.os.Handler.dispatchMessage(Handler.java:106)

08-05 06:09:32.428  7741  7741 I LSPosed-Bridge: 	at android.os.Looper.loop(Looper.java:193)

08-05 06:09:32.428  7741  7741 I LSPosed-Bridge: 	at android.app.ActivityThread.main(ActivityThread.java:6692)

08-05 06:09:32.428  7741  7741 I LSPosed-Bridge: 	at java.lang.reflect.Method.invoke(Native Method)

08-05 06:09:32.428  7741  7741 I LSPosed-Bridge: 	at com.android.internal.os.RuntimeInit$MethodAndArgsCaller.run(RuntimeInit.java:493)

08-05 06:09:32.428  7741  7741 I LSPosed-Bridge: 	at com.android.internal.os.ZygoteInit.main(ZygoteInit.java:858)

08-05 06:09:32.428  7741  7969 I LSPosed-Bridge: 7741 PermLabel permName: android.permission.READ_PHONE_STATE; getRunningAppProcesses =[android.app.ActivityManager$RunningAppProcessInfo@684e10e]; stacktrace=java.lang.Exception

08-05 06:09:32.428  7741  7969 I LSPosed-Bridge: 	at com.example.permlabel.hookBinder_test$2.afterHookedMethod(hookBinder_test.java:92)

08-05 06:09:32.428  7741  7969 I LSPosed-Bridge: 	at de.robv.android.xposed.XposedBridge$AdditionalHookInfo.callback(Unknown Source:147)

08-05 06:09:32.428  7741  7969 I LSPosed-Bridge: 	at LSPHooker_.getRunningAppProcesses(Unknown Source:8)

08-05 06:09:32.428  7741  7969 I LSPosed-Bridge: 	at com.google.firebase.crashlytics.internal.common.m0.d(SourceFile:15)

08-05 06:09:32.428  7741  7969 I LSPosed-Bridge: 	at com.google.firebase.crashlytics.internal.common.s.run(SourceFile:10)

08-05 06:09:32.428  7741  7969 I LSPosed-Bridge: 	at com.google.firebase.crashlytics.internal.common.g.call(Unknown Source:2)

08-05 06:09:32.428  7741  7969 I LSPosed-Bridge: 	at com.google.firebase.crashlytics.internal.common.h.then(Unknown Source:2)

08-05 06:09:32.428  7741  7969 I LSPosed-Bridge: 	at com.google.android.gms.tasks.zzc.run(SourceFile:3)

08-05 06:09:32.428  7741  7969 I LSPosed-Bridge: 	at java.util.concurrent.ThreadPoolExecutor.runWorker(ThreadPoolExecutor.java:1167)

08-05 06:09:32.428  7741  7969 I LSPosed-Bridge: 	at java.util.concurrent.ThreadPoolExecutor$Worker.run(ThreadPoolExecutor.java:641)

08-05 06:09:32.428  7741  7969 I LSPosed-Bridge: 	at com.google.firebase.crashlytics.internal.common.f0$a.a(Unknown Source:2)

08-05 06:09:32.428  7741  7969 I LSPosed-Bridge: 	at com.google.firebase.crashlytics.internal.common.c.run(SourceFile:2)

08-05 06:09:32.428  7741  7969 I LSPosed-Bridge: 	at java.lang.Thread.run(Thread.java:764)

08-05 06:09:32.618  7741  7969 I LSPosed-Bridge: 7741 PermLabel getRunningAppProcesses importance: 100 pid: 7741

08-05 06:09:32.618  7741  7969 I LSPosed-Bridge: 7741 PermLabel getRunningAppProcesses packageName com.shopee.tw at index 0 in process 7741

08-05 06:09:32.618  7741  7969 I LSPosed-Bridge: 7741 PermLabel permName: android.permission.READ_PHONE_STATE; getRunningAppProcesses =[android.app.ActivityManager$RunningAppProcessInfo@1c6fe00]; stacktrace=java.lang.Exception

08-05 06:09:32.618  7741  7969 I LSPosed-Bridge: 	at com.example.permlabel.hookBinder_test$2.afterHookedMethod(hookBinder_test.java:92)

08-05 06:09:32.618  7741  7969 I LSPosed-Bridge: 	at de.robv.android.xposed.XposedBridge$AdditionalHookInfo.callback(Unknown Source:147)

08-05 06:09:32.618  7741  7969 I LSPosed-Bridge: 	at LSPHooker_.getRunningAppProcesses(Unknown Source:8)

08-05 06:09:32.618  7741  7969 I LSPosed-Bridge: 	at com.google.firebase.crashlytics.internal.common.m0.d(SourceFile:15)

08-05 06:09:32.618  7741  7969 I LSPosed-Bridge: 	at com.google.firebase.crashlytics.internal.common.s.run(SourceFile:10)

08-05 06:09:32.618  7741  7969 I LSPosed-Bridge: 	at com.google.firebase.crashlytics.internal.common.g.call(Unknown Source:2)

08-05 06:09:32.618  7741  7969 I LSPosed-Bridge: 	at com.google.firebase.crashlytics.internal.common.h.then(Unknown Source:2)

08-05 06:09:32.618  7741  7969 I LSPosed-Bridge: 	at com.google.android.gms.tasks.zzc.run(SourceFile:3)

08-05 06:09:32.618  7741  7969 I LSPosed-Bridge: 	at java.util.concurrent.ThreadPoolExecutor.runWorker(ThreadPoolExecutor.java:1167)

08-05 06:09:32.618  7741  7969 I LSPosed-Bridge: 	at java.util.concurrent.ThreadPoolExecutor$Worker.run(ThreadPoolExecutor.java:641)

08-05 06:09:32.618  7741  7969 I LSPosed-Bridge: 	at com.google.firebase.crashlytics.internal.common.f0$a.a(Unknown Source:2)

08-05 06:09:32.618  7741  7969 I LSPosed-Bridge: 	at com.google.firebase.crashlytics.internal.common.c.run(SourceFile:2)

08-05 06:09:32.618  7741  7969 I LSPosed-Bridge: 	at java.lang.Thread.run(Thread.java:764)

08-05 06:09:32.618   554   554 I ConfigStore: android::hardware::configstore::V1_0::ISurfaceFlingerConfigs::hasHDRDisplay retrieved: 0

08-05 06:09:32.618   554   554 I ConfigStore: android::hardware::configstore::V1_0::ISurfaceFlingerConfigs::hasHDRDisplay retrieved: 0

08-05 06:09:42.835  7741  7969 I LSPosed-Bridge: 7741 PermLabel permName: android.permission.READ_PHONE_STATE; getRunningAppProcesses =[android.app.ActivityManager$RunningAppProcessInfo@9cf8596]; stacktrace=java.lang.Exception

08-05 06:09:42.835  7741  7969 I LSPosed-Bridge: 	at com.example.permlabel.hookBinder_test$2.afterHookedMethod(hookBinder_test.java:92)

08-05 06:09:42.835  7741  7969 I LSPosed-Bridge: 	at de.robv.android.xposed.XposedBridge$AdditionalHookInfo.callback(Unknown Source:147)

08-05 06:09:42.835  7741  7969 I LSPosed-Bridge: 	at LSPHooker_.getRunningAppProcesses(Unknown Source:8)

08-05 06:09:42.835  7741  7969 I LSPosed-Bridge: 	at com.google.firebase.crashlytics.internal.common.m0.d(SourceFile:15)

08-05 06:09:42.835  7741  7969 I LSPosed-Bridge: 	at com.google.firebase.crashlytics.internal.common.s.run(SourceFile:10)

08-05 06:09:42.835  7741  7969 I LSPosed-Bridge: 	at com.google.firebase.crashlytics.internal.common.g.call(Unknown Source:2)

08-05 06:09:42.835  7741  7969 I LSPosed-Bridge: 	at com.google.firebase.crashlytics.internal.common.h.then(Unknown Source:2)

08-05 06:09:42.835  7741  7969 I LSPosed-Bridge: 	at com.google.android.gms.tasks.zzc.run(SourceFile:3)

08-05 06:09:42.835  7741  7969 I LSPosed-Bridge: 	at java.util.concurrent.ThreadPoolExecutor.runWorker(ThreadPoolExecutor.java:1167)

08-05 06:09:42.835  7741  7969 I LSPosed-Bridge: 	at java.util.concurrent.ThreadPoolExecutor$Worker.run(ThreadPoolExecutor.java:641)

08-05 06:09:42.835  7741  7969 I LSPosed-Bridge: 	at com.google.firebase.crashlytics.internal.common.f0$a.a(Unknown Source:2)

08-05 06:09:42.835  7741  7969 I LSPosed-Bridge: 	at com.google.firebase.crashlytics.internal.common.c.run(SourceFile:2)

08-05 06:09:42.835  7741  7969 I LSPosed-Bridge: 	at java.lang.Thread.run(Thread.java:764)

08-05 06:09:42.835  7741  8025 I LSPosed-Bridge: 7741 PermLabel hookBinder_test 10146 interfaceBinder =android.content.pm.IPackageManager; arg0 = 13; arg1 = android.os.Parcel@5421d04; arg2 = android.os.Parcel@125a6ed; arg3 = 0; res = true; stacktrace=java.lang.Exception

08-05 06:09:42.835  7741  8025 I LSPosed-Bridge: 	at com.example.permlabel.hookBinder_test$1.afterHookedMethod(hookBinder_test.java:52)

08-05 06:09:42.835  7741  8025 I LSPosed-Bridge: 	at de.robv.android.xposed.XposedBridge$AdditionalHookInfo.callback(Unknown Source:147)

08-05 06:09:42.835  7741  8025 I LSPosed-Bridge: 	at LSPHooker_.transact(Unknown Source:28)

08-05 06:09:42.835  7741  8025 I LSPosed-Bridge: 	at android.content.pm.IPackageManager$Stub$Proxy.getApplicationInfo(IPackageManager.java:3104)

08-05 06:09:42.835  7741  8025 I LSPosed-Bridge: 	at android.app.ApplicationPackageManager.getApplicationInfoAsUser(ApplicationPackageManager.java:384)

08-05 06:09:42.835  7741  8025 I LSPosed-Bridge: 	at android.app.ApplicationPackageManager.getApplicationInfo(ApplicationPackageManager.java:377)

08-05 06:09:42.835  7741  8025 I LSPosed-Bridge: 	at m.cr.a(:com.google.android.gms.dynamite_measurementdynamite@232617028@23.26.17 (100400-0):7)

08-05 06:09:42.835  7741  8025 I LSPosed-Bridge: 	at m.ek.c(:com.google.android.gms.dynamite_measurementdynamite@232617028@23.26.17 (100400-0):42)

08-05 06:09:42.835  7741  8025 I LSPosed-Bridge: 	at m.ek.d(:com.google.android.gms.dynamite_measurementdynamite@232617028@23.26.17 (100400-0):4)

08-05 06:09:42.835  7741  8025 I LSPosed-Bridge: 	at m.ek.h(:com.google.android.gms.dynamite_measurementdynamite@232617028@23.26.17 (100400-0):13)

08-05 06:09:42.835  7741  8025 I LSPosed-Bridge: 	at m.jb.a(:com.google.android.gms.dynamite_measurementdynamite@232617028@23.26.17 (100400-0):6)

08-05 06:09:42.835  7741  8025 I LSPosed-Bridge: 	at m.jb.u(:com.google.android.gms.dynamite_measurementdynamite@232617028@23.26.17 (100400-0):1)

08-05 06:09:42.835  7741  8025 I LSPosed-Bridge: 	at m.ko.U(:com.google.android.gms.dynamite_measurementdynamite@232617028@23.26.17 (100400-0):5)

08-05 06:09:42.835  7741  8025 I LSPosed-Bridge: 	at m.jv.run(:com.google.android.gms.dynamite_measurementdynamite@232617028@23.26.17 (100400-0):17)

08-05 06:09:42.835  7741  8025 I LSPosed-Bridge: 	at java.util.concurrent.Executors$RunnableAdapter.call(Executors.java:458)

08-05 06:09:42.835  7741  8025 I LSPosed-Bridge: 	at java.util.concurrent.FutureTask.run(FutureTask.java:266)

08-05 06:09:42.835  7741  8025 I LSPosed-Bridge: 	at m.ix.run(:com.google.android.gms.dynamite_measurementdynamite@232617028@23.26.17 (100400-0):48)

08-05 06:09:42.979  7741  7969 I LSPosed-Bridge: 7741 PermLabel permName: android.permission.READ_PHONE_STATE; getRunningAppProcesses =[android.app.ActivityManager$RunningAppProcessInfo@45e6dc4]; stacktrace=java.lang.Exception

08-05 06:09:42.979  7741  7969 I LSPosed-Bridge: 	at com.example.permlabel.hookBinder_test$2.afterHookedMethod(hookBinder_test.java:92)

08-05 06:09:42.979  7741  7969 I LSPosed-Bridge: 	at de.robv.android.xposed.XposedBridge$AdditionalHookInfo.callback(Unknown Source:147)

08-05 06:09:42.979  7741  7969 I LSPosed-Bridge: 	at LSPHooker_.getRunningAppProcesses(Unknown Source:8)

08-05 06:09:42.979  7741  7969 I LSPosed-Bridge: 	at com.google.firebase.crashlytics.internal.common.m0.d(SourceFile:15)

08-05 06:09:42.979  7741  7969 I LSPosed-Bridge: 	at com.google.firebase.crashlytics.internal.common.s.run(SourceFile:10)

08-05 06:09:42.979  7741  7969 I LSPosed-Bridge: 	at com.google.firebase.crashlytics.internal.common.g.call(Unknown Source:2)

08-05 06:09:42.979  7741  7969 I LSPosed-Bridge: 	at com.google.firebase.crashlytics.internal.common.h.then(Unknown Source:2)

08-05 06:09:42.979  7741  7969 I LSPosed-Bridge: 	at com.google.android.gms.tasks.zzc.run(SourceFile:3)

08-05 06:09:42.979  7741  7969 I LSPosed-Bridge: 	at java.util.concurrent.ThreadPoolExecutor.runWorker(ThreadPoolExecutor.java:1167)

08-05 06:09:42.979  7741  7969 I LSPosed-Bridge: 	at java.util.concurrent.ThreadPoolExecutor$Worker.run(ThreadPoolExecutor.java:641)

08-05 06:09:42.979  7741  7969 I LSPosed-Bridge: 	at com.google.firebase.crashlytics.internal.common.f0$a.a(Unknown Source:2)

08-05 06:09:42.979  7741  7969 I LSPosed-Bridge: 	at com.google.firebase.crashlytics.internal.common.c.run(SourceFile:2)

08-05 06:09:42.979  7741  7969 I LSPosed-Bridge: 	at java.lang.Thread.run(Thread.java:764)

08-05 06:09:45.013  7741  7969 I LSPosed-Bridge: 7741 PermLabel getRunningAppProcesses processName: com.shopee.tw pid: 7741

08-05 06:09:45.013  7741  7969 I LSPosed-Bridge: 7741 PermLabel getRunningAppProcesses importance: 100 pid: 7741

08-05 06:09:45.013  7741  7969 I LSPosed-Bridge: 7741 PermLabel getRunningAppProcesses packageName com.shopee.tw at index 0 in process 7741

08-05 06:09:45.013  7741  7969 I LSPosed-Bridge: 7741 PermLabel permName: android.permission.READ_PHONE_STATE; getRunningAppProcesses =[android.app.ActivityManager$RunningAppProcessInfo@d101ca8]; stacktrace=java.lang.Exception

08-05 06:09:45.013  7741  7969 I LSPosed-Bridge: 	at com.example.permlabel.hookBinder_test$2.afterHookedMethod(hookBinder_test.java:92)

08-05 06:09:45.013  7741  7969 I LSPosed-Bridge: 	at de.robv.android.xposed.XposedBridge$AdditionalHookInfo.callback(Unknown Source:147)

08-05 06:09:45.013  7741  7969 I LSPosed-Bridge: 	at LSPHooker_.getRunningAppProcesses(Unknown Source:8)

08-05 06:09:45.013  7741  7969 I LSPosed-Bridge: 	at com.google.firebase.crashlytics.internal.common.m0.d(SourceFile:15)

08-05 06:09:45.013  7741  7969 I LSPosed-Bridge: 	at com.google.firebase.crashlytics.internal.common.s.run(SourceFile:10)

08-05 06:09:45.013  7741  7969 I LSPosed-Bridge: 	at com.google.firebase.crashlytics.internal.common.g.call(Unknown Source:2)

08-05 06:09:45.013  7741  7969 I LSPosed-Bridge: 	at com.google.firebase.crashlytics.internal.common.h.then(Unknown Source:2)

08-05 06:09:45.013  7741  7969 I LSPosed-Bridge: 	at com.google.android.gms.tasks.zzc.run(SourceFile:3)

08-05 06:09:45.013  7741  7969 I LSPosed-Bridge: 	at java.util.concurrent.ThreadPoolExecutor.runWorker(ThreadPoolExecutor.java:1167)

08-05 06:09:45.013  7741  7969 I LSPosed-Bridge: 	at java.util.concurrent.ThreadPoolExecutor$Worker.run(ThreadPoolExecutor.java:641)

08-05 06:09:45.013  7741  7969 I LSPosed-Bridge: 	at com.google.firebase.crashlytics.internal.common.f0$a.a(Unknown Source:2)

08-05 06:09:45.013  7741  7969 I LSPosed-Bridge: 	at com.google.firebase.crashlytics.internal.common.c.run(SourceFile:2)

08-05 06:09:45.013  7741  7969 I LSPosed-Bridge: 	at java.lang.Thread.run(Thread.java:764)

08-05 06:09:45.352  7741  7969 I LSPosed-Bridge: 7741 PermLabel permName: android.permission.READ_PHONE_STATE; getRunningAppProcesses =[android.app.ActivityManager$RunningAppProcessInfo@7e3de0f]; stacktrace=java.lang.Exception

08-05 06:09:45.352  7741  7969 I LSPosed-Bridge: 	at com.example.permlabel.hookBinder_test$2.afterHookedMethod(hookBinder_test.java:92)

08-05 06:09:45.352  7741  7969 I LSPosed-Bridge: 	at de.robv.android.xposed.XposedBridge$AdditionalHookInfo.callback(Unknown Source:147)

08-05 06:09:45.352  7741  7969 I LSPosed-Bridge: 	at LSPHooker_.getRunningAppProcesses(Unknown Source:8)

08-05 06:09:45.352  7741  7969 I LSPosed-Bridge: 	at com.google.firebase.crashlytics.internal.common.m0.d(SourceFile:15)

08-05 06:09:45.352  7741  7969 I LSPosed-Bridge: 	at com.google.firebase.crashlytics.internal.common.s.run(SourceFile:10)

08-05 06:09:45.352  7741  7969 I LSPosed-Bridge: 	at com.google.firebase.crashlytics.internal.common.g.call(Unknown Source:2)

08-05 06:09:45.352  7741  7969 I LSPosed-Bridge: 	at com.google.firebase.crashlytics.internal.common.h.then(Unknown Source:2)

08-05 06:09:45.352  7741  7969 I LSPosed-Bridge: 	at com.google.android.gms.tasks.zzc.run(SourceFile:3)

08-05 06:09:45.352  7741  7969 I LSPosed-Bridge: 	at java.util.concurrent.ThreadPoolExecutor.runWorker(ThreadPoolExecutor.java:1167)

08-05 06:09:45.352  7741  7969 I LSPosed-Bridge: 	at java.util.concurrent.ThreadPoolExecutor$Worker.run(ThreadPoolExecutor.java:641)

08-05 06:09:45.352  7741  7969 I LSPosed-Bridge: 	at com.google.firebase.crashlytics.internal.common.f0$a.a(Unknown Source:2)

08-05 06:09:45.352  7741  7969 I LSPosed-Bridge: 	at com.google.firebase.crashlytics.internal.common.c.run(SourceFile:2)

08-05 06:09:45.352  7741  7969 I LSPosed-Bridge: 	at java.lang.Thread.run(Thread.java:764)

08-05 06:09:52.254  7741  7969 I LSPosed-Bridge: 7741 PermLabel permName: android.permission.READ_PHONE_STATE; getRunningAppProcesses =[android.app.ActivityManager$RunningAppProcessInfo@2424894]; stacktrace=java.lang.Exception

08-05 06:09:52.254  7741  7969 I LSPosed-Bridge: 	at com.example.permlabel.hookBinder_test$2.afterHookedMethod(hookBinder_test.java:92)

08-05 06:09:52.254  7741  7969 I LSPosed-Bridge: 	at de.robv.android.xposed.XposedBridge$AdditionalHookInfo.callback(Unknown Source:147)

08-05 06:09:52.254  7741  7969 I LSPosed-Bridge: 	at LSPHooker_.getRunningAppProcesses(Unknown Source:8)

08-05 06:09:52.254  7741  7969 I LSPosed-Bridge: 	at com.google.firebase.crashlytics.internal.common.m0.d(SourceFile:15)

08-05 06:09:52.254  7741  7969 I LSPosed-Bridge: 	at com.google.firebase.crashlytics.internal.common.s.run(SourceFile:10)

08-05 06:09:52.254  7741  7969 I LSPosed-Bridge: 	at com.google.firebase.crashlytics.internal.common.g.call(Unknown Source:2)

08-05 06:09:52.254  7741  7969 I LSPosed-Bridge: 	at com.google.firebase.crashlytics.internal.common.h.then(Unknown Source:2)

08-05 06:09:52.254  7741  7969 I LSPosed-Bridge: 	at com.google.android.gms.tasks.zzc.run(SourceFile:3)

08-05 06:09:52.254  7741  7969 I LSPosed-Bridge: 	at java.util.concurrent.ThreadPoolExecutor.runWorker(ThreadPoolExecutor.java:1167)

08-05 06:09:52.254  7741  7969 I LSPosed-Bridge: 	at java.util.concurrent.ThreadPoolExecutor$Worker.run(ThreadPoolExecutor.java:641)

08-05 06:09:52.254  7741  7969 I LSPosed-Bridge: 	at com.google.firebase.crashlytics.internal.common.f0$a.a(Unknown Source:2)

08-05 06:09:52.254  7741  7969 I LSPosed-Bridge: 	at com.google.firebase.crashlytics.internal.common.c.run(SourceFile:2)

08-05 06:09:52.254  7741  7969 I LSPosed-Bridge: 	at java.lang.Thread.run(Thread.java:764)

08-05 06:09:52.345  7741  7969 I LSPosed-Bridge: 7741 PermLabel hookBinder_test 10146 interfaceBinder =android.app.IActivityManager; arg0 = 81; arg1 = android.os.Parcel@eb44a51; arg2 = android.os.Parcel@4c5ea83; arg3 = 0; res = true; stacktrace=java.lang.Exception

08-05 06:09:52.345  7741  7969 I LSPosed-Bridge: 	at com.example.permlabel.hookBinder_test$1.afterHookedMethod(hookBinder_test.java:52)

08-05 06:09:52.345  7741  7969 I LSPosed-Bridge: 	at de.robv.android.xposed.XposedBridge$AdditionalHookInfo.callback(Unknown Source:147)

08-05 06:09:52.345  7741  7969 I LSPosed-Bridge: 	at LSPHooker_.transact(Unknown Source:28)

08-05 06:09:52.345  7741  7969 I LSPosed-Bridge: 	at android.app.IActivityManager$Stub$Proxy.getRunningAppProcesses(IActivityManager.java:5366)

08-05 06:09:52.345  7741  7969 I LSPosed-Bridge: 	at android.app.ActivityManager.getRunningAppProcesses(ActivityManager.java:3435)

08-05 06:09:52.345  7741  7969 I LSPosed-Bridge: 	at java.lang.reflect.Method.invoke(Native Method)

08-05 06:09:52.345  7741  7969 I LSPosed-Bridge: 	at org.lsposed.lspd.nativebridge.HookBridge.invokeOriginalMethod(Native Method)

08-05 06:09:52.345  7741  7969 I LSPosed-Bridge: 	at de.robv.android.xposed.XposedBridge$AdditionalHookInfo.callback(Unknown Source:110)

08-05 06:09:52.345  7741  7969 I LSPosed-Bridge: 	at LSPHooker_.getRunningAppProcesses(Unknown Source:8)

08-05 06:09:52.345  7741  7969 I LSPosed-Bridge: 	at com.google.firebase.crashlytics.internal.common.m0.d(SourceFile:15)

08-05 06:09:52.345  7741  7969 I LSPosed-Bridge: 	at com.google.firebase.crashlytics.internal.common.s.run(SourceFile:10)

08-05 06:09:52.345  7741  7969 I LSPosed-Bridge: 	at com.google.firebase.crashlytics.internal.common.g.call(Unknown Source:2)

08-05 06:09:52.345  7741  7969 I LSPosed-Bridge: 	at com.google.firebase.crashlytics.internal.common.h.then(Unknown Source:2)

08-05 06:09:52.345  7741  7969 I LSPosed-Bridge: 	at com.google.android.gms.tasks.zzc.run(SourceFile:3)

08-05 06:09:52.345  7741  7969 I LSPosed-Bridge: 	at java.util.concurrent.ThreadPoolExecutor.runWorker(ThreadPoolExecutor.java:1167)

08-05 06:09:52.345  7741  7969 I LSPosed-Bridge: 	at java.util.concurrent.ThreadPoolExecutor$Worker.run(ThreadPoolExecutor.java:641)

08-05 06:09:52.345  7741  7969 I LSPosed-Bridge: 	at com.google.firebase.crashlytics.internal.common.f0$a.a(Unknown Source:2)

08-05 06:09:52.345  7741  7969 I LSPosed-Bridge: 	at com.google.firebase.crashlytics.internal.common.c.run(SourceFile:2)

08-05 06:09:52.345  7741  7969 I LSPosed-Bridge: 	at java.lang.Thread.run(Thread.java:764)

08-05 06:09:52.345  7741  7969 I LSPosed-Bridge: 7741 PermLabel getRunningAppProcesses =android.app.ActivityManager$RunningAppProcessInfo@9c54bb7

08-05 06:09:52.345  7741  7969 I LSPosed-Bridge: 7741 PermLabel getRunningAppProcesses processName: com.shopee.tw pid: 7741

08-05 06:09:52.345  7741  7969 I LSPosed-Bridge: 7741 PermLabel getRunningAppProcesses importance: 100 pid: 7741

08-05 06:09:52.345  7741  7969 I LSPosed-Bridge: 7741 PermLabel getRunningAppProcesses packageName com.shopee.tw at index 0 in process 7741

08-05 06:09:52.345  1564  1576 I LSPosed-Bridge: 7741 PermLabel 10146 AMS.checkPermission: Binder.getCallingPid() = 7741; uid = 10146; Binder.getCallingUid() = 10146; getNameForUid: com.shopee.tw; getPackagesForUid: [com.shopee.tw]; permName: android.permission.INTERNET; type = 0; res = 0; stacktrace=java.lang.Exception

08-05 06:09:52.345  1564  1576 I LSPosed-Bridge: 	at com.example.permlabel.requirePerm$1$2.afterHookedMethod(requirePerm.java:121)

08-05 06:09:52.345  1564  1576 I LSPosed-Bridge: 	at de.robv.android.xposed.XposedBridge$AdditionalHookInfo.callback(Unknown Source:147)

08-05 06:09:52.345  1564  1576 I LSPosed-Bridge: 	at LSPHooker_.checkPermission(Unknown Source:25)

08-05 06:09:52.345  1564  1576 I LSPosed-Bridge: 	at android.app.IActivityManager$Stub.onTransact(IActivityManager.java:664)

08-05 06:09:52.345  1564  1576 I LSPosed-Bridge: 	at com.android.server.am.ActivityManagerService.onTransact(ActivityManagerService.java:3346)

08-05 06:09:52.345  1564  1576 I LSPosed-Bridge: 	at android.os.Binder.execTransact(Binder.java:731)

08-05 06:09:52.345  7741  7969 I LSPosed-Bridge: 7741 PermLabel permName: android.permission.READ_PHONE_STATE; getRunningAppProcesses =[android.app.ActivityManager$RunningAppProcessInfo@9c54bb7]; stacktrace=java.lang.Exception

08-05 06:09:52.345  7741  7969 I LSPosed-Bridge: 	at com.example.permlabel.hookBinder_test$2.afterHookedMethod(hookBinder_test.java:92)

08-05 06:09:52.345  7741  7969 I LSPosed-Bridge: 	at de.robv.android.xposed.XposedBridge$AdditionalHookInfo.callback(Unknown Source:147)

08-05 06:09:52.345  7741  7969 I LSPosed-Bridge: 	at LSPHooker_.getRunningAppProcesses(Unknown Source:8)

08-05 06:09:52.345  7741  7969 I LSPosed-Bridge: 	at com.google.firebase.crashlytics.internal.common.m0.d(SourceFile:15)

08-05 06:09:52.345  7741  7969 I LSPosed-Bridge: 	at com.google.firebase.crashlytics.internal.common.s.run(SourceFile:10)

08-05 06:09:52.345  7741  7969 I LSPosed-Bridge: 	at com.google.firebase.crashlytics.internal.common.g.call(Unknown Source:2)

08-05 06:09:52.345  7741  7969 I LSPosed-Bridge: 	at com.google.firebase.crashlytics.internal.common.h.then(Unknown Source:2)

08-05 06:09:52.345  7741  7969 I LSPosed-Bridge: 	at com.google.android.gms.tasks.zzc.run(SourceFile:3)

08-05 06:09:52.345  7741  7969 I LSPosed-Bridge: 	at java.util.concurrent.ThreadPoolExecutor.runWorker(ThreadPoolExecutor.java:1167)

08-05 06:09:52.345  7741  7969 I LSPosed-Bridge: 	at java.util.concurrent.ThreadPoolExecutor$Worker.run(ThreadPoolExecutor.java:641)

08-05 06:09:52.345  7741  7969 I LSPosed-Bridge: 	at com.google.firebase.crashlytics.internal.common.f0$a.a(Unknown Source:2)

08-05 06:09:52.345  7741  7969 I LSPosed-Bridge: 	at com.google.firebase.crashlytics.internal.common.c.run(SourceFile:2)

08-05 06:09:52.345  7741  7969 I LSPosed-Bridge: 	at java.lang.Thread.run(Thread.java:764)

08-05 06:09:59.541  7741 10278 I LSPosed-Bridge: 7741 PermLabel hookBinder_test 10146 interfaceBinder =android.app.IActivityManager; arg0 = 49; arg1 = android.os.Parcel@3a0960a; arg2 = android.os.Parcel@4543809; arg3 = 0; res = true; stacktrace=java.lang.Exception

08-05 06:09:59.541  7741 10278 I LSPosed-Bridge: 	at com.example.permlabel.hookBinder_test$1.afterHookedMethod(hookBinder_test.java:52)

08-05 06:09:59.541  7741 10278 I LSPosed-Bridge: 	at de.robv.android.xposed.XposedBridge$AdditionalHookInfo.callback(Unknown Source:147)

08-05 06:09:59.541  7741 10278 I LSPosed-Bridge: 	at LSPHooker_.transact(Unknown Source:28)

08-05 06:09:59.541  7741 10278 I LSPosed-Bridge: 	at android.app.IActivityManager$Stub$Proxy.checkPermission(IActivityManager.java:4722)

08-05 06:09:59.541  7741 10278 I LSPosed-Bridge: 	at android.app.ContextImpl.checkPermission(ContextImpl.java:1751)

08-05 06:09:59.541  7741 10278 I LSPosed-Bridge: 	at java.lang.reflect.Method.invoke(Native Method)

08-05 06:09:59.541  7741 10278 I LSPosed-Bridge: 	at org.lsposed.lspd.nativebridge.HookBridge.invokeOriginalMethod(Native Method)

08-05 06:09:59.541  7741 10278 I LSPosed-Bridge: 	at de.robv.android.xposed.XposedBridge$AdditionalHookInfo.callback(Unknown Source:110)

08-05 06:09:59.541  7741 10278 I LSPosed-Bridge: 	at LSPHooker_.checkPermission(Unknown Source:25)

08-05 06:09:59.541  7741 10278 I LSPosed-Bridge: 	at androidx.core.content.a.a(SourceFile:2)

08-05 06:09:59.541  7741 10278 I LSPosed-Bridge: 	at com.shopee.app.network.status.connectivity.b.b(SourceFile:3)

08-05 06:09:59.541  7741 10278 I LSPosed-Bridge: 	at com.shopee.app.network.status.connectivity.c.b(SourceFile:1)

08-05 06:09:59.541  7741 10278 I LSPosed-Bridge: 	at com.shopee.app.network.status.b.a(SourceFile:2)

08-05 06:09:59.541  7741 10278 I LSPosed-Bridge: 	at com.shopee.app.network.eventlistener.a.a(SourceFile:52)

08-05 06:09:59.541  7741 10278 I LSPosed-Bridge: 	at com.shopee.app.network.cronet.event.a.a(SourceFile:17)

08-05 06:09:59.541  7741 10278 I LSPosed-Bridge: 	at com.shopee.cronet.lib.response.c.onRequestFinished(SourceFile:98)

08-05 06:09:59.541  7741 10278 I LSPosed-Bridge: 	at org.chromium.net.impl.VersionSafeCallbacks$RequestFinishedInfoListener.onRequestFinished(Unknown Source:2)

08-05 06:09:59.541  7741 10278 I LSPosed-Bridge: 	at org.chromium.net.impl.CronetUrlRequestContext$4.run(SourceFile:1)

08-05 06:09:59.541  7741 10278 I LSPosed-Bridge: 	at java.util.concurrent.Executors$RunnableAdapter.call(Executors.java:458)

08-05 06:09:59.541  7741 10278 I LSPosed-Bridge: 	at java.util.concurrent.FutureTask.run(FutureTask.java:266)

08-05 06:09:59.541  7741 10278 I LSPosed-Bridge: 	at java.util.concurrent.ScheduledThreadPoolExecutor$ScheduledFutureTask.run(ScheduledThreadPoolExecutor.java:301)

08-05 06:09:59.541  7741 10278 I LSPosed-Bridge: 	at java.util.concurrent.ThreadPoolExecutor.runWorker(ThreadPoolExecutor.java:1167)

08-05 06:09:59.541  7741 10278 I LSPosed-Bridge: 	at java.util.concurrent.ThreadPoolExecutor$Worker.run(ThreadPoolExecutor.java:641)

08-05 06:09:59.541  7741 10278 I LSPosed-Bridge: 	at java.lang.Thread.run(Thread.java:764)

08-05 06:09:59.541  7741  8025 I LSPosed-Bridge: 7741 PermLabel hookBinder_test 10146 interfaceBinder =android.content.pm.IPackageManager; arg0 = 13; arg1 = android.os.Parcel@5ff4bc5; arg2 = android.os.Parcel@381ff45; arg3 = 0; res = true; stacktrace=java.lang.Exception

08-05 06:09:59.541  7741  8025 I LSPosed-Bridge: 	at com.example.permlabel.hookBinder_test$1.afterHookedMethod(hookBinder_test.java:52)

08-05 06:09:59.541  7741  8025 I LSPosed-Bridge: 	at de.robv.android.xposed.XposedBridge$AdditionalHookInfo.callback(Unknown Source:147)

08-05 06:09:59.541  7741  8025 I LSPosed-Bridge: 	at LSPHooker_.transact(Unknown Source:28)

08-05 06:09:59.541  7741  8025 I LSPosed-Bridge: 	at android.content.pm.IPackageManager$Stub$Proxy.getApplicationInfo(IPackageManager.java:3104)

08-05 06:09:59.541  7741  8025 I LSPosed-Bridge: 	at android.app.ApplicationPackageManager.getApplicationInfoAsUser(ApplicationPackageManager.java:384)

08-05 06:09:59.541  7741  8025 I LSPosed-Bridge: 	at android.app.ApplicationPackageManager.getApplicationInfo(ApplicationPackageManager.java:377)

08-05 06:09:59.541  7741  8025 I LSPosed-Bridge: 	at m.cr.a(:com.google.android.gms.dynamite_measurementdynamite@232617028@23.26.17 (100400-0):7)

08-05 06:09:59.541  7741  8025 I LSPosed-Bridge: 	at m.ek.c(:com.google.android.gms.dynamite_measurementdynamite@232617028@23.26.17 (100400-0):42)

08-05 06:09:59.541  7741  8025 I LSPosed-Bridge: 	at m.ek.d(:com.google.android.gms.dynamite_measurementdynamite@232617028@23.26.17 (100400-0):4)

08-05 06:09:59.541  7741  8025 I LSPosed-Bridge: 	at m.ek.h(:com.google.android.gms.dynamite_measurementdynamite@232617028@23.26.17 (100400-0):13)

08-05 06:09:59.541  7741  8025 I LSPosed-Bridge: 	at m.jb.a(:com.google.android.gms.dynamite_measurementdynamite@232617028@23.26.17 (100400-0):6)

08-05 06:09:59.541  7741  8025 I LSPosed-Bridge: 	at m.jb.u(:com.google.android.gms.dynamite_measurementdynamite@232617028@23.26.17 (100400-0):1)

08-05 06:09:59.541  7741  8025 I LSPosed-Bridge: 	at m.ko.U(:com.google.android.gms.dynamite_measurementdynamite@232617028@23.26.17 (100400-0):5)

08-05 06:09:59.541  7741  8025 I LSPosed-Bridge: 	at m.jv.run(:com.google.android.gms.dynamite_measurementdynamite@232617028@23.26.17 (100400-0):17)

08-05 06:09:59.541  7741  8025 I LSPosed-Bridge: 	at java.util.concurrent.Executors$RunnableAdapter.call(Executors.java:458)

08-05 06:09:59.541  7741  8025 I LSPosed-Bridge: 	at java.util.concurrent.FutureTask.run(FutureTask.java:266)

08-05 06:09:59.541  7741  8025 I LSPosed-Bridge: 	at m.ix.run(:com.google.android.gms.dynamite_measurementdynamite@232617028@23.26.17 (100400-0):48)

08-05 06:09:59.541  7741  7969 I LSPosed-Bridge: 7741 PermLabel permName: android.permission.READ_PHONE_STATE; getRunningAppProcesses =[android.app.ActivityManager$RunningAppProcessInfo@b674bcb]; stacktrace=java.lang.Exception

08-05 06:09:59.541  7741  7969 I LSPosed-Bridge: 	at com.example.permlabel.hookBinder_test$2.afterHookedMethod(hookBinder_test.java:92)

08-05 06:09:59.541  7741  7969 I LSPosed-Bridge: 	at de.robv.android.xposed.XposedBridge$AdditionalHookInfo.callback(Unknown Source:147)

08-05 06:09:59.541  7741  7969 I LSPosed-Bridge: 	at LSPHooker_.getRunningAppProcesses(Unknown Source:8)

08-05 06:09:59.541  7741  7969 I LSPosed-Bridge: 	at com.google.firebase.crashlytics.internal.common.m0.d(SourceFile:15)

08-05 06:09:59.541  7741  7969 I LSPosed-Bridge: 	at com.google.firebase.crashlytics.internal.common.s.run(SourceFile:10)

08-05 06:09:59.541  7741  7969 I LSPosed-Bridge: 	at com.google.firebase.crashlytics.internal.common.g.call(Unknown Source:2)

08-05 06:09:59.541  7741  7969 I LSPosed-Bridge: 	at com.google.firebase.crashlytics.internal.common.h.then(Unknown Source:2)

08-05 06:09:59.541  7741  7969 I LSPosed-Bridge: 	at com.google.android.gms.tasks.zzc.run(SourceFile:3)

08-05 06:09:59.541  7741  7969 I LSPosed-Bridge: 	at java.util.concurrent.ThreadPoolExecutor.runWorker(ThreadPoolExecutor.java:1167)

08-05 06:09:59.541  7741  7969 I LSPosed-Bridge: 	at java.util.concurrent.ThreadPoolExecutor$Worker.run(ThreadPoolExecutor.java:641)

08-05 06:09:59.541  7741  7969 I LSPosed-Bridge: 	at com.google.firebase.crashlytics.internal.common.f0$a.a(Unknown Source:2)

08-05 06:09:59.541  7741  7969 I LSPosed-Bridge: 	at com.google.firebase.crashlytics.internal.common.c.run(SourceFile:2)

08-05 06:09:59.541  7741  7969 I LSPosed-Bridge: 	at java.lang.Thread.run(Thread.java:764)

08-05 06:09:59.541  7741 10278 I LSPosed-Bridge: 7741 PermLabel hookBinder_test 10146 interfaceBinder =android.content.pm.IPackageManager; arg0 = 9; arg1 = android.os.Parcel@bfe55d3; arg2 = android.os.Parcel@50ee25e; arg3 = 0; res = true; stacktrace=java.lang.Exception

08-05 06:09:59.541  7741 10278 I LSPosed-Bridge: 	at com.example.permlabel.hookBinder_test$1.afterHookedMethod(hookBinder_test.java:52)

08-05 06:09:59.541  7741 10278 I LSPosed-Bridge: 	at de.robv.android.xposed.XposedBridge$AdditionalHookInfo.callback(Unknown Source:147)

08-05 06:09:59.541  7741 10278 I LSPosed-Bridge: 	at LSPHooker_.transact(Unknown Source:28)

08-05 06:09:59.541  7741 10278 I LSPosed-Bridge: 	at android.content.pm.IPackageManager$Stub$Proxy.getPermissionInfo(IPackageManager.java:3008)

08-05 06:09:59.541  7741 10278 I LSPosed-Bridge: 	at android.app.ApplicationPackageManager.getPermissionInfo(ApplicationPackageManager.java:306)

08-05 06:09:59.541  7741 10278 I LSPosed-Bridge: 	at com.example.permlabel.requestPerm$2.afterHookedMethod(requestPerm.java:173)

08-05 06:09:59.541  7741 10278 I LSPosed-Bridge: 	at de.robv.android.xposed.XposedBridge$AdditionalHookInfo.callback(Unknown Source:147)

08-05 06:09:59.541  7741 10278 I LSPosed-Bridge: 	at LSPHooker_.checkPermission(Unknown Source:25)

08-05 06:09:59.541  7741 10278 I LSPosed-Bridge: 	at androidx.core.content.a.a(SourceFile:2)

08-05 06:09:59.541  7741 10278 I LSPosed-Bridge: 	at com.shopee.app.network.status.connectivity.b.b(SourceFile:3)

08-05 06:09:59.541  7741 10278 I LSPosed-Bridge: 	at com.shopee.app.network.status.connectivity.c.b(SourceFile:1)

08-05 06:09:59.541  7741 10278 I LSPosed-Bridge: 	at com.shopee.app.network.status.b.a(SourceFile:2)

08-05 06:09:59.541  7741 10278 I LSPosed-Bridge: 	at com.shopee.app.network.eventlistener.a.a(SourceFile:52)

08-05 06:09:59.541  7741 10278 I LSPosed-Bridge: 	at com.shopee.app.network.cronet.event.a.a(SourceFile:17)

08-05 06:09:59.541  7741 10278 I LSPosed-Bridge: 	at com.shopee.cronet.lib.response.c.onRequestFinished(SourceFile:98)

08-05 06:09:59.541  7741 10278 I LSPosed-Bridge: 	at org.chromium.net.impl.VersionSafeCallbacks$RequestFinishedInfoListener.onRequestFinished(Unknown Source:2)

08-05 06:09:59.541  7741 10278 I LSPosed-Bridge: 	at org.chromium.net.impl.CronetUrlRequestContext$4.run(SourceFile:1)

08-05 06:09:59.541  7741 10278 I LSPosed-Bridge: 	at java.util.concurrent.Executors$RunnableAdapter.call(Executors.java:458)

08-05 06:09:59.541  7741 10278 I LSPosed-Bridge: 	at java.util.concurrent.FutureTask.run(FutureTask.java:266)

08-05 06:09:59.541  7741 10278 I LSPosed-Bridge: 	at java.util.concurrent.ScheduledThreadPoolExecutor$ScheduledFutureTask.run(ScheduledThreadPoolExecutor.java:301)

08-05 06:09:59.541  7741 10278 I LSPosed-Bridge: 	at java.util.concurrent.ThreadPoolExecutor.runWorker(ThreadPoolExecutor.java:1167)

08-05 06:09:59.541  7741 10278 I LSPosed-Bridge: 	at java.util.concurrent.ThreadPoolExecutor$Worker.run(ThreadPoolExecutor.java:641)

08-05 06:09:59.541  7741 10278 I LSPosed-Bridge: 	at java.lang.Thread.run(Thread.java:764)

08-05 06:09:59.704  7741  7969 I LSPosed-Bridge: 7741 PermLabel permName: android.permission.READ_PHONE_STATE; getRunningAppProcesses =[android.app.ActivityManager$RunningAppProcessInfo@44c684c]; stacktrace=java.lang.Exception

08-05 06:09:59.704  7741  7969 I LSPosed-Bridge: 	at com.example.permlabel.hookBinder_test$2.afterHookedMethod(hookBinder_test.java:92)

08-05 06:09:59.704  7741  7969 I LSPosed-Bridge: 	at de.robv.android.xposed.XposedBridge$AdditionalHookInfo.callback(Unknown Source:147)

08-05 06:09:59.704  7741  7969 I LSPosed-Bridge: 	at LSPHooker_.getRunningAppProcesses(Unknown Source:8)

08-05 06:09:59.704  7741  7969 I LSPosed-Bridge: 	at com.google.firebase.crashlytics.internal.common.m0.d(SourceFile:15)

08-05 06:09:59.704  7741  7969 I LSPosed-Bridge: 	at com.google.firebase.crashlytics.internal.common.s.run(SourceFile:10)

08-05 06:09:59.704  7741  7969 I LSPosed-Bridge: 	at com.google.firebase.crashlytics.internal.common.g.call(Unknown Source:2)

08-05 06:09:59.704  7741  7969 I LSPosed-Bridge: 	at com.google.firebase.crashlytics.internal.common.h.then(Unknown Source:2)

08-05 06:09:59.704  7741  7969 I LSPosed-Bridge: 	at com.google.android.gms.tasks.zzc.run(SourceFile:3)

08-05 06:09:59.704  7741  7969 I LSPosed-Bridge: 	at java.util.concurrent.ThreadPoolExecutor.runWorker(ThreadPoolExecutor.java:1167)

08-05 06:09:59.704  7741  7969 I LSPosed-Bridge: 	at java.util.concurrent.ThreadPoolExecutor$Worker.run(ThreadPoolExecutor.java:641)

08-05 06:09:59.704  7741  7969 I LSPosed-Bridge: 	at com.google.firebase.crashlytics.internal.common.f0$a.a(Unknown Source:2)

08-05 06:09:59.704  7741  7969 I LSPosed-Bridge: 	at com.google.firebase.crashlytics.internal.common.c.run(SourceFile:2)

08-05 06:09:59.704  7741  7969 I LSPosed-Bridge: 	at java.lang.Thread.run(Thread.java:764)

