08-05 06:09:59.704  7741 10278 I LSPosed-Bridge: 7741 PermLabel hookBinder_test 10146 interfaceBinder =android.os.IPowerManager; arg0 = 13; arg1 = android.os.Parcel@50ee25e; arg2 = android.os.Parcel@c9e8bab; arg3 = 0; res = true; stacktrace=java.lang.Exception

08-05 06:09:59.704  7741 10278 I LSPosed-Bridge: 	at com.example.permlabel.hookBinder_test$1.afterHookedMethod(hookBinder_test.java:52)

08-05 06:09:59.704  7741 10278 I LSPosed-Bridge: 	at de.robv.android.xposed.XposedBridge$AdditionalHookInfo.callback(Unknown Source:147)

08-05 06:09:59.704  7741 10278 I LSPosed-Bridge: 	at LSPHooker_.transact(Unknown Source:28)

08-05 06:09:59.704  7741 10278 I LSPosed-Bridge: 	at android.os.IPowerManager$Stub$Proxy.isPowerSaveMode(IPowerManager.java:602)

08-05 06:09:59.704  7741 10278 I LSPosed-Bridge: 	at android.os.PowerManager.isPowerSaveMode(PowerManager.java:1130)

08-05 06:09:59.704  7741 10278 I LSPosed-Bridge: 	at com.shopee.app.network.eventlistener.a.a(SourceFile:110)

08-05 06:09:59.704  7741 10278 I LSPosed-Bridge: 	at com.shopee.app.network.cronet.event.a.a(SourceFile:17)

08-05 06:09:59.704  7741 10278 I LSPosed-Bridge: 	at com.shopee.cronet.lib.response.c.onRequestFinished(SourceFile:98)

08-05 06:09:59.704  7741 10278 I LSPosed-Bridge: 	at org.chromium.net.impl.VersionSafeCallbacks$RequestFinishedInfoListener.onRequestFinished(Unknown Source:2)

08-05 06:09:59.704  7741 10278 I LSPosed-Bridge: 	at org.chromium.net.impl.CronetUrlRequestContext$4.run(SourceFile:1)

08-05 06:09:59.704  7741 10278 I LSPosed-Bridge: 	at java.util.concurrent.Executors$RunnableAdapter.call(Executors.java:458)

08-05 06:09:59.704  7741 10278 I LSPosed-Bridge: 	at java.util.concurrent.FutureTask.run(FutureTask.java:266)

08-05 06:09:59.704  7741 10278 I LSPosed-Bridge: 	at java.util.concurrent.ScheduledThreadPoolExecutor$ScheduledFutureTask.run(ScheduledThreadPoolExecutor.java:301)

08-05 06:09:59.704  7741 10278 I LSPosed-Bridge: 	at java.util.concurrent.ThreadPoolExecutor.runWorker(ThreadPoolExecutor.java:1167)

08-05 06:09:59.704  7741 10278 I LSPosed-Bridge: 	at java.util.concurrent.ThreadPoolExecutor$Worker.run(ThreadPoolExecutor.java:641)

08-05 06:09:59.704  7741 10278 I LSPosed-Bridge: 	at java.lang.Thread.run(Thread.java:764)

08-05 06:10:02.348  7741  7969 I LSPosed-Bridge: 7741 PermLabel permName: android.permission.READ_PHONE_STATE; getRunningAppProcesses =[android.app.ActivityManager$RunningAppProcessInfo@ccccdfe]; stacktrace=java.lang.Exception

08-05 06:10:02.348  7741  7969 I LSPosed-Bridge: 	at com.example.permlabel.hookBinder_test$2.afterHookedMethod(hookBinder_test.java:92)

08-05 06:10:02.348  7741  7969 I LSPosed-Bridge: 	at de.robv.android.xposed.XposedBridge$AdditionalHookInfo.callback(Unknown Source:147)

08-05 06:10:02.348  7741  7969 I LSPosed-Bridge: 	at LSPHooker_.getRunningAppProcesses(Unknown Source:8)

08-05 06:10:02.348  7741  7969 I LSPosed-Bridge: 	at com.google.firebase.crashlytics.internal.common.m0.d(SourceFile:15)

08-05 06:10:02.348  7741  7969 I LSPosed-Bridge: 	at com.google.firebase.crashlytics.internal.common.s.run(SourceFile:10)

08-05 06:10:02.348  7741  7969 I LSPosed-Bridge: 	at com.google.firebase.crashlytics.internal.common.g.call(Unknown Source:2)

08-05 06:10:02.348  7741  7969 I LSPosed-Bridge: 	at com.google.firebase.crashlytics.internal.common.h.then(Unknown Source:2)

08-05 06:10:02.348  7741  7969 I LSPosed-Bridge: 	at com.google.android.gms.tasks.zzc.run(SourceFile:3)

08-05 06:10:02.348  7741  7969 I LSPosed-Bridge: 	at java.util.concurrent.ThreadPoolExecutor.runWorker(ThreadPoolExecutor.java:1167)

08-05 06:10:02.348  7741  7969 I LSPosed-Bridge: 	at java.util.concurrent.ThreadPoolExecutor$Worker.run(ThreadPoolExecutor.java:641)

08-05 06:10:02.348  7741  7969 I LSPosed-Bridge: 	at com.google.firebase.crashlytics.internal.common.f0$a.a(Unknown Source:2)

08-05 06:10:02.348  7741  7969 I LSPosed-Bridge: 	at com.google.firebase.crashlytics.internal.common.c.run(SourceFile:2)

08-05 06:10:02.348  7741  7969 I LSPosed-Bridge: 	at java.lang.Thread.run(Thread.java:764)

08-05 06:10:02.348  7741  8025 I LSPosed-Bridge: 7741 PermLabel hookBinder_test 10146 interfaceBinder =android.content.pm.IPackageManager; arg0 = 13; arg1 = android.os.Parcel@773e453; arg2 = android.os.Parcel@7b62169; arg3 = 0; res = true; stacktrace=java.lang.Exception

08-05 06:10:02.348  7741  8025 I LSPosed-Bridge: 	at com.example.permlabel.hookBinder_test$1.afterHookedMethod(hookBinder_test.java:52)

08-05 06:10:02.348  7741  8025 I LSPosed-Bridge: 	at de.robv.android.xposed.XposedBridge$AdditionalHookInfo.callback(Unknown Source:147)

08-05 06:10:02.348  7741  8025 I LSPosed-Bridge: 	at LSPHooker_.transact(Unknown Source:28)

08-05 06:10:02.348  7741  8025 I LSPosed-Bridge: 	at android.content.pm.IPackageManager$Stub$Proxy.getApplicationInfo(IPackageManager.java:3104)

08-05 06:10:02.348  7741  8025 I LSPosed-Bridge: 	at android.app.ApplicationPackageManager.getApplicationInfoAsUser(ApplicationPackageManager.java:384)

08-05 06:10:02.348  7741  8025 I LSPosed-Bridge: 	at android.app.ApplicationPackageManager.getApplicationInfo(ApplicationPackageManager.java:377)

08-05 06:10:02.348  7741  8025 I LSPosed-Bridge: 	at m.cr.a(:com.google.android.gms.dynamite_measurementdynamite@232617028@23.26.17 (100400-0):7)

08-05 06:10:02.348  7741  8025 I LSPosed-Bridge: 	at m.ek.c(:com.google.android.gms.dynamite_measurementdynamite@232617028@23.26.17 (100400-0):42)

08-05 06:10:02.348  7741  8025 I LSPosed-Bridge: 	at m.ek.d(:com.google.android.gms.dynamite_measurementdynamite@232617028@23.26.17 (100400-0):4)

08-05 06:10:02.348  7741  8025 I LSPosed-Bridge: 	at m.ek.h(:com.google.android.gms.dynamite_measurementdynamite@232617028@23.26.17 (100400-0):13)

08-05 06:10:02.348  7741  8025 I LSPosed-Bridge: 	at m.jb.a(:com.google.android.gms.dynamite_measurementdynamite@232617028@23.26.17 (100400-0):6)

08-05 06:10:02.348  7741  8025 I LSPosed-Bridge: 	at m.jb.u(:com.google.android.gms.dynamite_measurementdynamite@232617028@23.26.17 (100400-0):1)

08-05 06:10:02.348  7741  8025 I LSPosed-Bridge: 	at m.mb.f(:com.google.android.gms.dynamite_measurementdynamite@232617028@23.26.17 (100400-0):48)

08-05 06:10:02.348  7741  8025 I LSPosed-Bridge: 	at m.ko.R(:com.google.android.gms.dynamite_measurementdynamite@232617028@23.26.17 (100400-0):206)

08-05 06:10:02.348  7741  8025 I LSPosed-Bridge: 	at m.jw.run(:com.google.android.gms.dynamite_measurementdynamite@232617028@23.26.17 (100400-0):11)

08-05 06:10:02.348  7741  8025 I LSPosed-Bridge: 	at java.util.concurrent.Executors$RunnableAdapter.call(Executors.java:458)

08-05 06:10:02.348  7741  8025 I LSPosed-Bridge: 	at java.util.concurrent.FutureTask.run(FutureTask.java:266)

08-05 06:10:02.348  7741  8025 I LSPosed-Bridge: 	at m.ix.run(:com.google.android.gms.dynamite_measurementdynamite@232617028@23.26.17 (100400-0):48)

08-05 06:10:02.348   554   554 I ConfigStore: android::hardware::configstore::V1_0::ISurfaceFlingerConfigs::hasHDRDisplay retrieved: 0

08-05 06:10:02.348  7741 10278 I LSPosed-Bridge: 7741 PermLabel hookBinder_test 10146 interfaceBinder =android.net.IConnectivityManager; arg0 = 1; arg1 = android.os.Parcel@418b768; arg2 = android.os.Parcel@4bc7a8b; arg3 = 0; res = true; stacktrace=java.lang.Exception

08-05 06:10:02.348  7741 10278 I LSPosed-Bridge: 	at com.example.permlabel.hookBinder_test$1.afterHookedMethod(hookBinder_test.java:52)

08-05 06:10:02.348  7741 10278 I LSPosed-Bridge: 	at de.robv.android.xposed.XposedBridge$AdditionalHookInfo.callback(Unknown Source:147)

08-05 06:10:02.348  7741 10278 I LSPosed-Bridge: 	at LSPHooker_.transact(Unknown Source:28)

08-05 06:10:02.348  7741 10278 I LSPosed-Bridge: 	at android.net.IConnectivityManager$Stub$Proxy.getActiveNetwork(IConnectivityManager.java:1160)

08-05 06:10:02.348  7741 10278 I LSPosed-Bridge: 	at android.net.ConnectivityManager.getActiveNetwork(ConnectivityManager.java:909)

08-05 06:10:02.348  7741 10278 I LSPosed-Bridge: 	at com.shopee.app.network.status.connectivity.b.b(SourceFile:7)

08-05 06:10:02.348  7741 10278 I LSPosed-Bridge: 	at com.shopee.app.network.status.connectivity.c.b(SourceFile:1)

08-05 06:10:02.348  7741 10278 I LSPosed-Bridge: 	at com.shopee.app.network.status.b.a(SourceFile:2)

08-05 06:10:02.348  7741 10278 I LSPosed-Bridge: 	at com.shopee.app.network.eventlistener.a.a(SourceFile:52)

08-05 06:10:02.348  7741 10278 I LSPosed-Bridge: 	at com.shopee.app.network.cronet.event.a.a(SourceFile:17)

08-05 06:10:02.348  7741 10278 I LSPosed-Bridge: 	at com.shopee.cronet.lib.response.c.onRequestFinished(SourceFile:98)

08-05 06:10:02.348  7741 10278 I LSPosed-Bridge: 	at org.chromium.net.impl.VersionSafeCallbacks$RequestFinishedInfoListener.onRequestFinished(Unknown Source:2)

08-05 06:10:02.348  7741 10278 I LSPosed-Bridge: 	at org.chromium.net.impl.CronetUrlRequestContext$4.run(SourceFile:1)

08-05 06:10:02.348  7741 10278 I LSPosed-Bridge: 	at java.util.concurrent.Executors$RunnableAdapter.call(Executors.java:458)

08-05 06:10:02.348  7741 10278 I LSPosed-Bridge: 	at java.util.concurrent.FutureTask.run(FutureTask.java:266)

08-05 06:10:02.348  7741 10278 I LSPosed-Bridge: 	at java.util.concurrent.ScheduledThreadPoolExecutor$ScheduledFutureTask.run(ScheduledThreadPoolExecutor.java:301)

08-05 06:10:02.348  7741 10278 I LSPosed-Bridge: 	at java.util.concurrent.ThreadPoolExecutor.runWorker(ThreadPoolExecutor.java:1167)

08-05 06:10:02.348  7741 10278 I LSPosed-Bridge: 	at java.util.concurrent.ThreadPoolExecutor$Worker.run(ThreadPoolExecutor.java:641)

08-05 06:10:02.348  7741 10278 I LSPosed-Bridge: 	at java.lang.Thread.run(Thread.java:764)

08-05 06:10:02.605  7741  7969 I LSPosed-Bridge: 7741 PermLabel hookBinder_test 10146 interfaceBinder =android.app.IActivityManager; arg0 = 81; arg1 = android.os.Parcel@7eacf58; arg2 = android.os.Parcel@7b62169; arg3 = 0; res = true; stacktrace=java.lang.Exception

08-05 06:10:02.605  7741  7969 I LSPosed-Bridge: 	at com.example.permlabel.hookBinder_test$1.afterHookedMethod(hookBinder_test.java:52)

08-05 06:10:02.605  7741  7969 I LSPosed-Bridge: 	at de.robv.android.xposed.XposedBridge$AdditionalHookInfo.callback(Unknown Source:147)

08-05 06:10:02.605  7741  7969 I LSPosed-Bridge: 	at LSPHooker_.transact(Unknown Source:28)

08-05 06:10:02.605  7741  7969 I LSPosed-Bridge: 	at android.app.IActivityManager$Stub$Proxy.getRunningAppProcesses(IActivityManager.java:5366)

08-05 06:10:02.605  7741  7969 I LSPosed-Bridge: 	at android.app.ActivityManager.getRunningAppProcesses(ActivityManager.java:3435)

08-05 06:10:02.605  7741  7969 I LSPosed-Bridge: 	at java.lang.reflect.Method.invoke(Native Method)

08-05 06:10:02.605  7741  7969 I LSPosed-Bridge: 	at org.lsposed.lspd.nativebridge.HookBridge.invokeOriginalMethod(Native Method)

08-05 06:10:02.605  7741  7969 I LSPosed-Bridge: 	at de.robv.android.xposed.XposedBridge$AdditionalHookInfo.callback(Unknown Source:110)

08-05 06:10:02.605  7741  7969 I LSPosed-Bridge: 	at LSPHooker_.getRunningAppProcesses(Unknown Source:8)

08-05 06:10:02.605  7741  7969 I LSPosed-Bridge: 	at com.google.firebase.crashlytics.internal.common.m0.d(SourceFile:15)

08-05 06:10:02.605  7741  7969 I LSPosed-Bridge: 	at com.google.firebase.crashlytics.internal.common.s.run(SourceFile:10)

08-05 06:10:02.605  7741  7969 I LSPosed-Bridge: 	at com.google.firebase.crashlytics.internal.common.g.call(Unknown Source:2)

08-05 06:10:02.605  7741  7969 I LSPosed-Bridge: 	at com.google.firebase.crashlytics.internal.common.h.then(Unknown Source:2)

08-05 06:10:02.605  7741  7969 I LSPosed-Bridge: 	at com.google.android.gms.tasks.zzc.run(SourceFile:3)

08-05 06:10:02.605  7741  7969 I LSPosed-Bridge: 	at java.util.concurrent.ThreadPoolExecutor.runWorker(ThreadPoolExecutor.java:1167)

08-05 06:10:02.605  7741  7969 I LSPosed-Bridge: 	at java.util.concurrent.ThreadPoolExecutor$Worker.run(ThreadPoolExecutor.java:641)

08-05 06:10:02.605  7741  7969 I LSPosed-Bridge: 	at com.google.firebase.crashlytics.internal.common.f0$a.a(Unknown Source:2)

08-05 06:10:02.605  7741  7969 I LSPosed-Bridge: 	at com.google.firebase.crashlytics.internal.common.c.run(SourceFile:2)

08-05 06:10:02.605  7741  7969 I LSPosed-Bridge: 	at java.lang.Thread.run(Thread.java:764)

08-05 06:10:02.605  7741  7969 I LSPosed-Bridge: 7741 PermLabel getRunningAppProcesses =android.app.ActivityManager$RunningAppProcessInfo@1e83020

08-05 06:10:02.605  7741  7969 I LSPosed-Bridge: 7741 PermLabel getRunningAppProcesses processName: com.shopee.tw pid: 7741

08-05 06:10:02.605  7741  7969 I LSPosed-Bridge: 7741 PermLabel getRunningAppProcesses importance: 100 pid: 7741

08-05 06:10:02.605  7741  7969 I LSPosed-Bridge: 7741 PermLabel getRunningAppProcesses packageName com.shopee.tw at index 0 in process 7741

08-05 06:10:02.605  7741  7969 I LSPosed-Bridge: 7741 PermLabel permName: android.permission.READ_PHONE_STATE; getRunningAppProcesses =[android.app.ActivityManager$RunningAppProcessInfo@1e83020]; stacktrace=java.lang.Exception

08-05 06:10:02.605  7741  7969 I LSPosed-Bridge: 	at com.example.permlabel.hookBinder_test$2.afterHookedMethod(hookBinder_test.java:92)

08-05 06:10:02.605  7741  7969 I LSPosed-Bridge: 	at de.robv.android.xposed.XposedBridge$AdditionalHookInfo.callback(Unknown Source:147)

08-05 06:10:02.605  7741  7969 I LSPosed-Bridge: 	at LSPHooker_.getRunningAppProcesses(Unknown Source:8)

08-05 06:10:02.605  7741  7969 I LSPosed-Bridge: 	at com.google.firebase.crashlytics.internal.common.m0.d(SourceFile:15)

08-05 06:10:02.605  7741  7969 I LSPosed-Bridge: 	at com.google.firebase.crashlytics.internal.common.s.run(SourceFile:10)

08-05 06:10:02.605  7741  7969 I LSPosed-Bridge: 	at com.google.firebase.crashlytics.internal.common.g.call(Unknown Source:2)

08-05 06:10:02.605  7741  7969 I LSPosed-Bridge: 	at com.google.firebase.crashlytics.internal.common.h.then(Unknown Source:2)

08-05 06:10:02.605  7741  7969 I LSPosed-Bridge: 	at com.google.android.gms.tasks.zzc.run(SourceFile:3)

08-05 06:10:02.605  7741  7969 I LSPosed-Bridge: 	at java.util.concurrent.ThreadPoolExecutor.runWorker(ThreadPoolExecutor.java:1167)

08-05 06:10:02.605  7741  7969 I LSPosed-Bridge: 	at java.util.concurrent.ThreadPoolExecutor$Worker.run(ThreadPoolExecutor.java:641)

08-05 06:10:02.605  7741  7969 I LSPosed-Bridge: 	at com.google.firebase.crashlytics.internal.common.f0$a.a(Unknown Source:2)

08-05 06:10:02.605  7741  7969 I LSPosed-Bridge: 	at com.google.firebase.crashlytics.internal.common.c.run(SourceFile:2)

08-05 06:10:02.605  7741  7969 I LSPosed-Bridge: 	at java.lang.Thread.run(Thread.java:764)

08-05 06:10:02.762  7741  7969 I LSPosed-Bridge: 7741 PermLabel permName: android.permission.READ_PHONE_STATE; getRunningAppProcesses =[android.app.ActivityManager$RunningAppProcessInfo@98f326a]; stacktrace=java.lang.Exception

08-05 06:10:02.762  7741  7969 I LSPosed-Bridge: 	at com.example.permlabel.hookBinder_test$2.afterHookedMethod(hookBinder_test.java:92)

08-05 06:10:02.762  7741  7969 I LSPosed-Bridge: 	at de.robv.android.xposed.XposedBridge$AdditionalHookInfo.callback(Unknown Source:147)

08-05 06:10:02.762  7741  7969 I LSPosed-Bridge: 	at LSPHooker_.getRunningAppProcesses(Unknown Source:8)

08-05 06:10:02.762  7741  7969 I LSPosed-Bridge: 	at com.google.firebase.crashlytics.internal.common.m0.d(SourceFile:15)

08-05 06:10:02.762  7741  7969 I LSPosed-Bridge: 	at com.google.firebase.crashlytics.internal.common.s.run(SourceFile:10)

08-05 06:10:02.762  7741  7969 I LSPosed-Bridge: 	at com.google.firebase.crashlytics.internal.common.g.call(Unknown Source:2)

08-05 06:10:02.762  7741  7969 I LSPosed-Bridge: 	at com.google.firebase.crashlytics.internal.common.h.then(Unknown Source:2)

08-05 06:10:02.762  7741  7969 I LSPosed-Bridge: 	at com.google.android.gms.tasks.zzc.run(SourceFile:3)

08-05 06:10:02.762  7741  7969 I LSPosed-Bridge: 	at java.util.concurrent.ThreadPoolExecutor.runWorker(ThreadPoolExecutor.java:1167)

08-05 06:10:02.762  7741  7969 I LSPosed-Bridge: 	at java.util.concurrent.ThreadPoolExecutor$Worker.run(ThreadPoolExecutor.java:641)

08-05 06:10:02.762  7741  7969 I LSPosed-Bridge: 	at com.google.firebase.crashlytics.internal.common.f0$a.a(Unknown Source:2)

08-05 06:10:02.762  7741  7969 I LSPosed-Bridge: 	at com.google.firebase.crashlytics.internal.common.c.run(SourceFile:2)

08-05 06:10:02.762  7741  7969 I LSPosed-Bridge: 	at java.lang.Thread.run(Thread.java:764)

08-05 06:10:02.762  7741 10278 I LSPosed-Bridge: 7741 PermLabel hookBinder_test 10146 interfaceBinder =android.os.IPowerManager; arg0 = 13; arg1 = android.os.Parcel@375dae; arg2 = android.os.Parcel@47149ec; arg3 = 0; res = true; stacktrace=java.lang.Exception

08-05 06:10:02.762  7741 10278 I LSPosed-Bridge: 	at com.example.permlabel.hookBinder_test$1.afterHookedMethod(hookBinder_test.java:52)

08-05 06:10:02.762  7741 10278 I LSPosed-Bridge: 	at de.robv.android.xposed.XposedBridge$AdditionalHookInfo.callback(Unknown Source:147)

08-05 06:10:02.762  7741 10278 I LSPosed-Bridge: 	at LSPHooker_.transact(Unknown Source:28)

08-05 06:10:02.762  7741 10278 I LSPosed-Bridge: 	at android.os.IPowerManager$Stub$Proxy.isPowerSaveMode(IPowerManager.java:602)

08-05 06:10:02.762  7741 10278 I LSPosed-Bridge: 	at android.os.PowerManager.isPowerSaveMode(PowerManager.java:1130)

08-05 06:10:02.762  7741 10278 I LSPosed-Bridge: 	at com.shopee.app.network.eventlistener.a.a(SourceFile:110)

08-05 06:10:02.762  7741 10278 I LSPosed-Bridge: 	at com.shopee.app.network.cronet.event.a.a(SourceFile:17)

08-05 06:10:02.762  7741 10278 I LSPosed-Bridge: 	at com.shopee.cronet.lib.response.c.onRequestFinished(SourceFile:98)

08-05 06:10:02.762  7741 10278 I LSPosed-Bridge: 	at org.chromium.net.impl.VersionSafeCallbacks$RequestFinishedInfoListener.onRequestFinished(Unknown Source:2)

08-05 06:10:02.762  7741 10278 I LSPosed-Bridge: 	at org.chromium.net.impl.CronetUrlRequestContext$4.run(SourceFile:1)

08-05 06:10:02.762  7741 10278 I LSPosed-Bridge: 	at java.util.concurrent.Executors$RunnableAdapter.call(Executors.java:458)

08-05 06:10:02.762  7741 10278 I LSPosed-Bridge: 	at java.util.concurrent.FutureTask.run(FutureTask.java:266)

08-05 06:10:02.762  7741 10278 I LSPosed-Bridge: 	at java.util.concurrent.ScheduledThreadPoolExecutor$ScheduledFutureTask.run(ScheduledThreadPoolExecutor.java:301)

08-05 06:10:02.762  7741 10278 I LSPosed-Bridge: 	at java.util.concurrent.ThreadPoolExecutor.runWorker(ThreadPoolExecutor.java:1167)

08-05 06:10:02.762  7741 10278 I LSPosed-Bridge: 	at java.util.concurrent.ThreadPoolExecutor$Worker.run(ThreadPoolExecutor.java:641)

08-05 06:10:02.762  7741 10278 I LSPosed-Bridge: 	at java.lang.Thread.run(Thread.java:764)

08-05 06:10:02.901  7741  7969 I LSPosed-Bridge: 7741 PermLabel hookBinder_test 10146 interfaceBinder =android.app.IActivityManager; arg0 = 81; arg1 = android.os.Parcel@d5fd6b3; arg2 = android.os.Parcel@6ab2470; arg3 = 0; res = true; stacktrace=java.lang.Exception

08-05 06:10:02.901  7741  7969 I LSPosed-Bridge: 	at com.example.permlabel.hookBinder_test$1.afterHookedMethod(hookBinder_test.java:52)

08-05 06:10:02.901  7741  7969 I LSPosed-Bridge: 	at de.robv.android.xposed.XposedBridge$AdditionalHookInfo.callback(Unknown Source:147)

08-05 06:10:02.901  7741  7969 I LSPosed-Bridge: 	at LSPHooker_.transact(Unknown Source:28)

08-05 06:10:02.901  7741  7969 I LSPosed-Bridge: 	at android.app.IActivityManager$Stub$Proxy.getRunningAppProcesses(IActivityManager.java:5366)

08-05 06:10:02.901  7741  7969 I LSPosed-Bridge: 	at android.app.ActivityManager.getRunningAppProcesses(ActivityManager.java:3435)

08-05 06:10:02.901  7741  7969 I LSPosed-Bridge: 	at java.lang.reflect.Method.invoke(Native Method)

08-05 06:10:02.901  7741  7969 I LSPosed-Bridge: 	at org.lsposed.lspd.nativebridge.HookBridge.invokeOriginalMethod(Native Method)

08-05 06:10:02.901  7741  7969 I LSPosed-Bridge: 	at de.robv.android.xposed.XposedBridge$AdditionalHookInfo.callback(Unknown Source:110)

08-05 06:10:02.901  7741  7969 I LSPosed-Bridge: 	at LSPHooker_.getRunningAppProcesses(Unknown Source:8)

08-05 06:10:02.901  7741  7969 I LSPosed-Bridge: 	at com.google.firebase.crashlytics.internal.common.m0.d(SourceFile:15)

08-05 06:10:02.901  7741  7969 I LSPosed-Bridge: 	at com.google.firebase.crashlytics.internal.common.s.run(SourceFile:10)

08-05 06:10:02.901  7741  7969 I LSPosed-Bridge: 	at com.google.firebase.crashlytics.internal.common.g.call(Unknown Source:2)

08-05 06:10:02.901  7741  7969 I LSPosed-Bridge: 	at com.google.firebase.crashlytics.internal.common.h.then(Unknown Source:2)

08-05 06:10:02.901  7741  7969 I LSPosed-Bridge: 	at com.google.android.gms.tasks.zzc.run(SourceFile:3)

08-05 06:10:02.901  7741  7969 I LSPosed-Bridge: 	at java.util.concurrent.ThreadPoolExecutor.runWorker(ThreadPoolExecutor.java:1167)

08-05 06:10:02.901  7741  7969 I LSPosed-Bridge: 	at java.util.concurrent.ThreadPoolExecutor$Worker.run(ThreadPoolExecutor.java:641)

08-05 06:10:02.901  7741  7969 I LSPosed-Bridge: 	at com.google.firebase.crashlytics.internal.common.f0$a.a(Unknown Source:2)

08-05 06:10:02.901  7741  7969 I LSPosed-Bridge: 	at com.google.firebase.crashlytics.internal.common.c.run(SourceFile:2)

08-05 06:10:02.901  7741  7969 I LSPosed-Bridge: 	at java.lang.Thread.run(Thread.java:764)

08-05 06:10:02.901  7741  7969 I LSPosed-Bridge: 7741 PermLabel getRunningAppProcesses =android.app.ActivityManager$RunningAppProcessInfo@2d9686e

08-05 06:10:02.901  7741  7969 I LSPosed-Bridge: 7741 PermLabel getRunningAppProcesses processName: com.shopee.tw pid: 7741

08-05 06:10:02.901  7741  7969 I LSPosed-Bridge: 7741 PermLabel getRunningAppProcesses importance: 100 pid: 7741

08-05 06:10:02.901  7741  7969 I LSPosed-Bridge: 7741 PermLabel getRunningAppProcesses packageName com.shopee.tw at index 0 in process 7741

08-05 06:10:02.901  7741  7969 I LSPosed-Bridge: 7741 PermLabel permName: android.permission.READ_PHONE_STATE; getRunningAppProcesses =[android.app.ActivityManager$RunningAppProcessInfo@2d9686e]; stacktrace=java.lang.Exception

08-05 06:10:02.901  7741  7969 I LSPosed-Bridge: 	at com.example.permlabel.hookBinder_test$2.afterHookedMethod(hookBinder_test.java:92)

08-05 06:10:02.901  7741  7969 I LSPosed-Bridge: 	at de.robv.android.xposed.XposedBridge$AdditionalHookInfo.callback(Unknown Source:147)

08-05 06:10:02.901  7741  7969 I LSPosed-Bridge: 	at LSPHooker_.getRunningAppProcesses(Unknown Source:8)

08-05 06:10:02.901  7741  7969 I LSPosed-Bridge: 	at com.google.firebase.crashlytics.internal.common.m0.d(SourceFile:15)

08-05 06:10:02.901  7741  7969 I LSPosed-Bridge: 	at com.google.firebase.crashlytics.internal.common.s.run(SourceFile:10)

08-05 06:10:02.901  7741  7969 I LSPosed-Bridge: 	at com.google.firebase.crashlytics.internal.common.g.call(Unknown Source:2)

08-05 06:10:02.901  7741  7969 I LSPosed-Bridge: 	at com.google.firebase.crashlytics.internal.common.h.then(Unknown Source:2)

08-05 06:10:02.901  7741  7969 I LSPosed-Bridge: 	at com.google.android.gms.tasks.zzc.run(SourceFile:3)

08-05 06:10:02.901  7741  7969 I LSPosed-Bridge: 	at java.util.concurrent.ThreadPoolExecutor.runWorker(ThreadPoolExecutor.java:1167)

08-05 06:10:02.901  7741  7969 I LSPosed-Bridge: 	at java.util.concurrent.ThreadPoolExecutor$Worker.run(ThreadPoolExecutor.java:641)

08-05 06:10:02.901  7741  7969 I LSPosed-Bridge: 	at com.google.firebase.crashlytics.internal.common.f0$a.a(Unknown Source:2)

08-05 06:10:02.901  7741  7969 I LSPosed-Bridge: 	at com.google.firebase.crashlytics.internal.common.c.run(SourceFile:2)

08-05 06:10:02.901  7741  7969 I LSPosed-Bridge: 	at java.lang.Thread.run(Thread.java:764)

08-05 06:10:02.901  1564  2116 I LSPosed-Bridge: 7741 PermLabel 10146 AMS.checkPermission: Binder.getCallingPid() = 7741; uid = 10146; Binder.getCallingUid() = 10146; getNameForUid: com.shopee.tw; getPackagesForUid: [com.shopee.tw]; permName: android.permission.INTERNET; type = 0; res = 0; stacktrace=java.lang.Exception

08-05 06:10:02.901  1564  2116 I LSPosed-Bridge: 	at com.example.permlabel.requirePerm$1$2.afterHookedMethod(requirePerm.java:121)

08-05 06:10:02.901  1564  2116 I LSPosed-Bridge: 	at de.robv.android.xposed.XposedBridge$AdditionalHookInfo.callback(Unknown Source:147)

08-05 06:10:02.901  1564  2116 I LSPosed-Bridge: 	at LSPHooker_.checkPermission(Unknown Source:25)

08-05 06:10:02.901  1564  2116 I LSPosed-Bridge: 	at android.app.IActivityManager$Stub.onTransact(IActivityManager.java:664)

08-05 06:10:02.901  1564  2116 I LSPosed-Bridge: 	at com.android.server.am.ActivityManagerService.onTransact(ActivityManagerService.java:3346)

08-05 06:10:02.901  1564  2116 I LSPosed-Bridge: 	at android.os.Binder.execTransact(Binder.java:731)

08-05 06:10:10.726  7741  7969 I LSPosed-Bridge: 7741 PermLabel hookBinder_test 10146 interfaceBinder =android.app.IActivityManager; arg0 = 81; arg1 = android.os.Parcel@8f7c817; arg2 = android.os.Parcel@c39827; arg3 = 0; res = true; stacktrace=java.lang.Exception

08-05 06:10:10.726  7741  7969 I LSPosed-Bridge: 	at com.example.permlabel.hookBinder_test$1.afterHookedMethod(hookBinder_test.java:52)

08-05 06:10:10.726  7741  7969 I LSPosed-Bridge: 	at de.robv.android.xposed.XposedBridge$AdditionalHookInfo.callback(Unknown Source:147)

08-05 06:10:10.726  7741  7969 I LSPosed-Bridge: 	at LSPHooker_.transact(Unknown Source:28)

08-05 06:10:10.726  7741  7969 I LSPosed-Bridge: 	at android.app.IActivityManager$Stub$Proxy.getRunningAppProcesses(IActivityManager.java:5366)

08-05 06:10:10.726  7741  7969 I LSPosed-Bridge: 	at android.app.ActivityManager.getRunningAppProcesses(ActivityManager.java:3435)

08-05 06:10:10.726  7741  7969 I LSPosed-Bridge: 	at java.lang.reflect.Method.invoke(Native Method)

08-05 06:10:10.726  7741  7969 I LSPosed-Bridge: 	at org.lsposed.lspd.nativebridge.HookBridge.invokeOriginalMethod(Native Method)

08-05 06:10:10.726  7741  7969 I LSPosed-Bridge: 	at de.robv.android.xposed.XposedBridge$AdditionalHookInfo.callback(Unknown Source:110)

08-05 06:10:10.726  7741  7969 I LSPosed-Bridge: 	at LSPHooker_.getRunningAppProcesses(Unknown Source:8)

08-05 06:10:10.726  7741  7969 I LSPosed-Bridge: 	at com.google.firebase.crashlytics.internal.common.m0.d(SourceFile:15)

08-05 06:10:10.726  7741  7969 I LSPosed-Bridge: 	at com.google.firebase.crashlytics.internal.common.s.run(SourceFile:10)

08-05 06:10:10.726  7741  7969 I LSPosed-Bridge: 	at com.google.firebase.crashlytics.internal.common.g.call(Unknown Source:2)

08-05 06:10:10.726  7741  7969 I LSPosed-Bridge: 	at com.google.firebase.crashlytics.internal.common.h.then(Unknown Source:2)

08-05 06:10:10.726  7741  7969 I LSPosed-Bridge: 	at com.google.android.gms.tasks.zzc.run(SourceFile:3)

08-05 06:10:10.726  7741  7969 I LSPosed-Bridge: 	at java.util.concurrent.ThreadPoolExecutor.runWorker(ThreadPoolExecutor.java:1167)

08-05 06:10:10.726  7741  7969 I LSPosed-Bridge: 	at java.util.concurrent.ThreadPoolExecutor$Worker.run(ThreadPoolExecutor.java:641)

08-05 06:10:10.726  7741  7969 I LSPosed-Bridge: 	at com.google.firebase.crashlytics.internal.common.f0$a.a(Unknown Source:2)

08-05 06:10:10.726  7741  7969 I LSPosed-Bridge: 	at com.google.firebase.crashlytics.internal.common.c.run(SourceFile:2)

08-05 06:10:10.726  7741  7969 I LSPosed-Bridge: 	at java.lang.Thread.run(Thread.java:764)

08-05 06:10:10.726  7741  7969 I LSPosed-Bridge: 7741 PermLabel getRunningAppProcesses =android.app.ActivityManager$RunningAppProcessInfo@cb25b57

08-05 06:10:10.726  7741  7969 I LSPosed-Bridge: 7741 PermLabel getRunningAppProcesses processName: com.shopee.tw pid: 7741

08-05 06:10:10.726  7741  7969 I LSPosed-Bridge: 7741 PermLabel getRunningAppProcesses importance: 100 pid: 7741

08-05 06:10:10.726  7741  7969 I LSPosed-Bridge: 7741 PermLabel getRunningAppProcesses packageName com.shopee.tw at index 0 in process 7741

08-05 06:10:10.726  7741  7969 I LSPosed-Bridge: 7741 PermLabel permName: android.permission.READ_PHONE_STATE; getRunningAppProcesses =[android.app.ActivityManager$RunningAppProcessInfo@cb25b57]; stacktrace=java.lang.Exception

08-05 06:10:10.726  7741  7969 I LSPosed-Bridge: 	at com.example.permlabel.hookBinder_test$2.afterHookedMethod(hookBinder_test.java:92)

08-05 06:10:10.726  7741  7969 I LSPosed-Bridge: 	at de.robv.android.xposed.XposedBridge$AdditionalHookInfo.callback(Unknown Source:147)

08-05 06:10:10.726  7741  7969 I LSPosed-Bridge: 	at LSPHooker_.getRunningAppProcesses(Unknown Source:8)

08-05 06:10:10.726  7741  7969 I LSPosed-Bridge: 	at com.google.firebase.crashlytics.internal.common.m0.d(SourceFile:15)

08-05 06:10:10.726  7741  7969 I LSPosed-Bridge: 	at com.google.firebase.crashlytics.internal.common.s.run(SourceFile:10)

08-05 06:10:10.726  7741  7969 I LSPosed-Bridge: 	at com.google.firebase.crashlytics.internal.common.g.call(Unknown Source:2)

08-05 06:10:10.726  7741  7969 I LSPosed-Bridge: 	at com.google.firebase.crashlytics.internal.common.h.then(Unknown Source:2)

08-05 06:10:10.726  7741  7969 I LSPosed-Bridge: 	at com.google.android.gms.tasks.zzc.run(SourceFile:3)

08-05 06:10:10.726  7741  7969 I LSPosed-Bridge: 	at java.util.concurrent.ThreadPoolExecutor.runWorker(ThreadPoolExecutor.java:1167)

08-05 06:10:10.726  7741  7969 I LSPosed-Bridge: 	at java.util.concurrent.ThreadPoolExecutor$Worker.run(ThreadPoolExecutor.java:641)

08-05 06:10:10.726  7741  7969 I LSPosed-Bridge: 	at com.google.firebase.crashlytics.internal.common.f0$a.a(Unknown Source:2)

08-05 06:10:10.726  7741  7969 I LSPosed-Bridge: 	at com.google.firebase.crashlytics.internal.common.c.run(SourceFile:2)

08-05 06:10:10.726  7741  7969 I LSPosed-Bridge: 	at java.lang.Thread.run(Thread.java:764)

08-05 06:10:10.845  7741  8025 I LSPosed-Bridge: 7741 PermLabel hookBinder_test 10146 interfaceBinder =android.content.pm.IPackageManager; arg0 = 13; arg1 = android.os.Parcel@6f42e36; arg2 = android.os.Parcel@28f6a5b; arg3 = 0; res = true; stacktrace=java.lang.Exception

08-05 06:10:10.845  7741  8025 I LSPosed-Bridge: 	at com.example.permlabel.hookBinder_test$1.afterHookedMethod(hookBinder_test.java:52)

08-05 06:10:10.845  7741  8025 I LSPosed-Bridge: 	at de.robv.android.xposed.XposedBridge$AdditionalHookInfo.callback(Unknown Source:147)

08-05 06:10:10.845  7741  8025 I LSPosed-Bridge: 	at LSPHooker_.transact(Unknown Source:28)

08-05 06:10:10.845  7741  8025 I LSPosed-Bridge: 	at android.content.pm.IPackageManager$Stub$Proxy.getApplicationInfo(IPackageManager.java:3104)

08-05 06:10:10.845  7741  8025 I LSPosed-Bridge: 	at android.app.ApplicationPackageManager.getApplicationInfoAsUser(ApplicationPackageManager.java:384)

08-05 06:10:10.845  7741  8025 I LSPosed-Bridge: 	at android.app.ApplicationPackageManager.getApplicationInfo(ApplicationPackageManager.java:377)

08-05 06:10:10.845  7741  8025 I LSPosed-Bridge: 	at m.cr.a(:com.google.android.gms.dynamite_measurementdynamite@232617028@23.26.17 (100400-0):7)

08-05 06:10:10.845  7741  8025 I LSPosed-Bridge: 	at m.ek.c(:com.google.android.gms.dynamite_measurementdynamite@232617028@23.26.17 (100400-0):42)

08-05 06:10:10.845  7741  8025 I LSPosed-Bridge: 	at m.ek.d(:com.google.android.gms.dynamite_measurementdynamite@232617028@23.26.17 (100400-0):4)

08-05 06:10:10.845  7741  8025 I LSPosed-Bridge: 	at m.ek.h(:com.google.android.gms.dynamite_measurementdynamite@232617028@23.26.17 (100400-0):13)

08-05 06:10:10.845  7741  8025 I LSPosed-Bridge: 	at m.jb.a(:com.google.android.gms.dynamite_measurementdynamite@232617028@23.26.17 (100400-0):6)

08-05 06:10:10.845  7741  8025 I LSPosed-Bridge: 	at m.jb.u(:com.google.android.gms.dynamite_measurementdynamite@232617028@23.26.17 (100400-0):1)

08-05 06:10:10.845  7741  8025 I LSPosed-Bridge: 	at m.ko.U(:com.google.android.gms.dynamite_measurementdynamite@232617028@23.26.17 (100400-0):5)

08-05 06:10:10.845  7741  8025 I LSPosed-Bridge: 	at m.jv.run(:com.google.android.gms.dynamite_measurementdynamite@232617028@23.26.17 (100400-0):17)

08-05 06:10:10.845  7741  8025 I LSPosed-Bridge: 	at java.util.concurrent.Executors$RunnableAdapter.call(Executors.java:458)

08-05 06:10:10.845  7741  8025 I LSPosed-Bridge: 	at java.util.concurrent.FutureTask.run(FutureTask.java:266)

08-05 06:10:10.845  7741  8025 I LSPosed-Bridge: 	at m.ix.run(:com.google.android.gms.dynamite_measurementdynamite@232617028@23.26.17 (100400-0):48)

08-05 06:10:10.845  7741  7969 I LSPosed-Bridge: 7741 PermLabel hookBinder_test 10146 interfaceBinder =android.app.IActivityManager; arg0 = 81; arg1 = android.os.Parcel@bfb86a4; arg2 = android.os.Parcel@3f67c0d; arg3 = 0; res = true; stacktrace=java.lang.Exception

08-05 06:10:10.845  7741  7969 I LSPosed-Bridge: 	at com.example.permlabel.hookBinder_test$1.afterHookedMethod(hookBinder_test.java:52)

08-05 06:10:10.845  7741  7969 I LSPosed-Bridge: 	at de.robv.android.xposed.XposedBridge$AdditionalHookInfo.callback(Unknown Source:147)

08-05 06:10:10.845  7741  7969 I LSPosed-Bridge: 	at LSPHooker_.transact(Unknown Source:28)

08-05 06:10:10.845  7741  7969 I LSPosed-Bridge: 	at android.app.IActivityManager$Stub$Proxy.getRunningAppProcesses(IActivityManager.java:5366)

08-05 06:10:10.845  7741  7969 I LSPosed-Bridge: 	at android.app.ActivityManager.getRunningAppProcesses(ActivityManager.java:3435)

08-05 06:10:10.845  7741  7969 I LSPosed-Bridge: 	at java.lang.reflect.Method.invoke(Native Method)

08-05 06:10:10.845  7741  7969 I LSPosed-Bridge: 	at org.lsposed.lspd.nativebridge.HookBridge.invokeOriginalMethod(Native Method)

08-05 06:10:10.845  7741  7969 I LSPosed-Bridge: 	at de.robv.android.xposed.XposedBridge$AdditionalHookInfo.callback(Unknown Source:110)

08-05 06:10:10.845  7741  7969 I LSPosed-Bridge: 	at LSPHooker_.getRunningAppProcesses(Unknown Source:8)

08-05 06:10:10.845  7741  7969 I LSPosed-Bridge: 	at com.google.firebase.crashlytics.internal.common.m0.d(SourceFile:15)

08-05 06:10:10.845  7741  7969 I LSPosed-Bridge: 	at com.google.firebase.crashlytics.internal.common.s.run(SourceFile:10)

08-05 06:10:10.845  7741  7969 I LSPosed-Bridge: 	at com.google.firebase.crashlytics.internal.common.g.call(Unknown Source:2)

08-05 06:10:10.845  7741  7969 I LSPosed-Bridge: 	at com.google.firebase.crashlytics.internal.common.h.then(Unknown Source:2)

08-05 06:10:10.845  7741  7969 I LSPosed-Bridge: 	at com.google.android.gms.tasks.zzc.run(SourceFile:3)

08-05 06:10:10.845  7741  7969 I LSPosed-Bridge: 	at java.util.concurrent.ThreadPoolExecutor.runWorker(ThreadPoolExecutor.java:1167)

08-05 06:10:10.845  7741  7969 I LSPosed-Bridge: 	at java.util.concurrent.ThreadPoolExecutor$Worker.run(ThreadPoolExecutor.java:641)

08-05 06:10:10.845  7741  7969 I LSPosed-Bridge: 	at com.google.firebase.crashlytics.internal.common.f0$a.a(Unknown Source:2)

08-05 06:10:10.845  7741  7969 I LSPosed-Bridge: 	at com.google.firebase.crashlytics.internal.common.c.run(SourceFile:2)

08-05 06:10:10.845  7741  7969 I LSPosed-Bridge: 	at java.lang.Thread.run(Thread.java:764)

08-05 06:10:10.845  7741  7969 I LSPosed-Bridge: 7741 PermLabel getRunningAppProcesses =android.app.ActivityManager$RunningAppProcessInfo@9bc6910

08-05 06:10:10.845  7741  7969 I LSPosed-Bridge: 7741 PermLabel getRunningAppProcesses processName: com.shopee.tw pid: 7741

08-05 06:10:10.845  7741  7969 I LSPosed-Bridge: 7741 PermLabel getRunningAppProcesses importance: 100 pid: 7741

08-05 06:10:10.845  7741  7969 I LSPosed-Bridge: 7741 PermLabel getRunningAppProcesses packageName com.shopee.tw at index 0 in process 7741

08-05 06:10:10.845  7741  7969 I LSPosed-Bridge: 7741 PermLabel permName: android.permission.READ_PHONE_STATE; getRunningAppProcesses =[android.app.ActivityManager$RunningAppProcessInfo@9bc6910]; stacktrace=java.lang.Exception

08-05 06:10:10.845  7741  7969 I LSPosed-Bridge: 	at com.example.permlabel.hookBinder_test$2.afterHookedMethod(hookBinder_test.java:92)

08-05 06:10:10.845  7741  7969 I LSPosed-Bridge: 	at de.robv.android.xposed.XposedBridge$AdditionalHookInfo.callback(Unknown Source:147)

08-05 06:10:10.845  7741  7969 I LSPosed-Bridge: 	at LSPHooker_.getRunningAppProcesses(Unknown Source:8)

08-05 06:10:10.845  7741  7969 I LSPosed-Bridge: 	at com.google.firebase.crashlytics.internal.common.m0.d(SourceFile:15)

08-05 06:10:10.845  7741  7969 I LSPosed-Bridge: 	at com.google.firebase.crashlytics.internal.common.s.run(SourceFile:10)

08-05 06:10:10.845  7741  7969 I LSPosed-Bridge: 	at com.google.firebase.crashlytics.internal.common.g.call(Unknown Source:2)

08-05 06:10:10.845  7741  7969 I LSPosed-Bridge: 	at com.google.firebase.crashlytics.internal.common.h.then(Unknown Source:2)

08-05 06:10:10.845  7741  7969 I LSPosed-Bridge: 	at com.google.android.gms.tasks.zzc.run(SourceFile:3)

08-05 06:10:10.845  7741  7969 I LSPosed-Bridge: 	at java.util.concurrent.ThreadPoolExecutor.runWorker(ThreadPoolExecutor.java:1167)

08-05 06:10:10.845  7741  7969 I LSPosed-Bridge: 	at java.util.concurrent.ThreadPoolExecutor$Worker.run(ThreadPoolExecutor.java:641)

08-05 06:10:10.845  7741  7969 I LSPosed-Bridge: 	at com.google.firebase.crashlytics.internal.common.f0$a.a(Unknown Source:2)

08-05 06:10:10.845  7741  7969 I LSPosed-Bridge: 	at com.google.firebase.crashlytics.internal.common.c.run(SourceFile:2)

08-05 06:10:10.845  7741  7969 I LSPosed-Bridge: 	at java.lang.Thread.run(Thread.java:764)

08-05 06:10:13.114  7741  7969 I LSPosed-Bridge: 7741 PermLabel hookBinder_test 10146 interfaceBinder =android.app.IActivityManager; arg0 = 81; arg1 = android.os.Parcel@6406a; arg2 = android.os.Parcel@9b3e50c; arg3 = 0; res = true; stacktrace=java.lang.Exception

08-05 06:10:13.114  7741  7969 I LSPosed-Bridge: 	at com.example.permlabel.hookBinder_test$1.afterHookedMethod(hookBinder_test.java:52)

08-05 06:10:13.114  7741  7969 I LSPosed-Bridge: 	at de.robv.android.xposed.XposedBridge$AdditionalHookInfo.callback(Unknown Source:147)

08-05 06:10:13.114  7741  7969 I LSPosed-Bridge: 	at LSPHooker_.transact(Unknown Source:28)

08-05 06:10:13.114  7741  7969 I LSPosed-Bridge: 	at android.app.IActivityManager$Stub$Proxy.getRunningAppProcesses(IActivityManager.java:5366)

08-05 06:10:13.114  7741  7969 I LSPosed-Bridge: 	at android.app.ActivityManager.getRunningAppProcesses(ActivityManager.java:3435)

08-05 06:10:13.114  7741  7969 I LSPosed-Bridge: 	at java.lang.reflect.Method.invoke(Native Method)

08-05 06:10:13.114  7741  7969 I LSPosed-Bridge: 	at org.lsposed.lspd.nativebridge.HookBridge.invokeOriginalMethod(Native Method)

08-05 06:10:13.114  7741  7969 I LSPosed-Bridge: 	at de.robv.android.xposed.XposedBridge$AdditionalHookInfo.callback(Unknown Source:110)

08-05 06:10:13.114  7741  7969 I LSPosed-Bridge: 	at LSPHooker_.getRunningAppProcesses(Unknown Source:8)

08-05 06:10:13.114  7741  7969 I LSPosed-Bridge: 	at com.google.firebase.crashlytics.internal.common.m0.d(SourceFile:15)

08-05 06:10:13.114  7741  7969 I LSPosed-Bridge: 	at com.google.firebase.crashlytics.internal.common.s.run(SourceFile:10)

08-05 06:10:13.114  7741  7969 I LSPosed-Bridge: 	at com.google.firebase.crashlytics.internal.common.g.call(Unknown Source:2)

08-05 06:10:13.114  7741  7969 I LSPosed-Bridge: 	at com.google.firebase.crashlytics.internal.common.h.then(Unknown Source:2)

08-05 06:10:13.114  7741  7969 I LSPosed-Bridge: 	at com.google.android.gms.tasks.zzc.run(SourceFile:3)

08-05 06:10:13.114  7741  7969 I LSPosed-Bridge: 	at java.util.concurrent.ThreadPoolExecutor.runWorker(ThreadPoolExecutor.java:1167)

08-05 06:10:13.114  7741  7969 I LSPosed-Bridge: 	at java.util.concurrent.ThreadPoolExecutor$Worker.run(ThreadPoolExecutor.java:641)

08-05 06:10:13.114  7741  7969 I LSPosed-Bridge: 	at com.google.firebase.crashlytics.internal.common.f0$a.a(Unknown Source:2)

08-05 06:10:13.114  7741  7969 I LSPosed-Bridge: 	at com.google.firebase.crashlytics.internal.common.c.run(SourceFile:2)

08-05 06:10:13.114  7741  7969 I LSPosed-Bridge: 	at java.lang.Thread.run(Thread.java:764)

08-05 06:10:13.114  7741  7969 I LSPosed-Bridge: 7741 PermLabel getRunningAppProcesses =android.app.ActivityManager$RunningAppProcessInfo@fe1a617

08-05 06:10:13.114  7741  7969 I LSPosed-Bridge: 7741 PermLabel getRunningAppProcesses processName: com.shopee.tw pid: 7741

08-05 06:10:13.114  7741  7969 I LSPosed-Bridge: 7741 PermLabel getRunningAppProcesses importance: 100 pid: 7741

08-05 06:10:13.114  7741  7969 I LSPosed-Bridge: 7741 PermLabel getRunningAppProcesses packageName com.shopee.tw at index 0 in process 7741

08-05 06:10:13.114  1564  4795 I LSPosed-Bridge: 7741 PermLabel 10146 AMS.checkPermission: Binder.getCallingPid() = 7741; uid = 10146; Binder.getCallingUid() = 10146; getNameForUid: com.shopee.tw; getPackagesForUid: [com.shopee.tw]; permName: android.permission.INTERNET; type = 0; res = 0; stacktrace=java.lang.Exception

08-05 06:10:13.114  1564  4795 I LSPosed-Bridge: 	at com.example.permlabel.requirePerm$1$2.afterHookedMethod(requirePerm.java:121)

08-05 06:10:13.114  1564  4795 I LSPosed-Bridge: 	at de.robv.android.xposed.XposedBridge$AdditionalHookInfo.callback(Unknown Source:147)

08-05 06:10:13.114  1564  4795 I LSPosed-Bridge: 	at LSPHooker_.checkPermission(Unknown Source:25)

08-05 06:10:13.114  1564  4795 I LSPosed-Bridge: 	at android.app.IActivityManager$Stub.onTransact(IActivityManager.java:664)

08-05 06:10:13.114  1564  4795 I LSPosed-Bridge: 	at com.android.server.am.ActivityManagerService.onTransact(ActivityManagerService.java:3346)

08-05 06:10:13.114  1564  4795 I LSPosed-Bridge: 	at android.os.Binder.execTransact(Binder.java:731)

08-05 06:10:13.114  7741  7969 I LSPosed-Bridge: 7741 PermLabel permName: android.permission.READ_PHONE_STATE; getRunningAppProcesses =[android.app.ActivityManager$RunningAppProcessInfo@fe1a617]; stacktrace=java.lang.Exception

08-05 06:10:13.114  7741  7969 I LSPosed-Bridge: 	at com.example.permlabel.hookBinder_test$2.afterHookedMethod(hookBinder_test.java:92)

08-05 06:10:13.114  7741  7969 I LSPosed-Bridge: 	at de.robv.android.xposed.XposedBridge$AdditionalHookInfo.callback(Unknown Source:147)

08-05 06:10:13.114  7741  7969 I LSPosed-Bridge: 	at LSPHooker_.getRunningAppProcesses(Unknown Source:8)

08-05 06:10:13.114  7741  7969 I LSPosed-Bridge: 	at com.google.firebase.crashlytics.internal.common.m0.d(SourceFile:15)

08-05 06:10:13.114  7741  7969 I LSPosed-Bridge: 	at com.google.firebase.crashlytics.internal.common.s.run(SourceFile:10)

08-05 06:10:13.114  7741  7969 I LSPosed-Bridge: 	at com.google.firebase.crashlytics.internal.common.g.call(Unknown Source:2)

08-05 06:10:13.114  7741  7969 I LSPosed-Bridge: 	at com.google.firebase.crashlytics.internal.common.h.then(Unknown Source:2)

08-05 06:10:13.114  7741  7969 I LSPosed-Bridge: 	at com.google.android.gms.tasks.zzc.run(SourceFile:3)

08-05 06:10:13.114  7741  7969 I LSPosed-Bridge: 	at java.util.concurrent.ThreadPoolExecutor.runWorker(ThreadPoolExecutor.java:1167)

08-05 06:10:13.114  7741  7969 I LSPosed-Bridge: 	at java.util.concurrent.ThreadPoolExecutor$Worker.run(ThreadPoolExecutor.java:641)

08-05 06:10:13.114  7741  7969 I LSPosed-Bridge: 	at com.google.firebase.crashlytics.internal.common.f0$a.a(Unknown Source:2)

08-05 06:10:13.114  7741  7969 I LSPosed-Bridge: 	at com.google.firebase.crashlytics.internal.common.c.run(SourceFile:2)

08-05 06:10:13.114  7741  7969 I LSPosed-Bridge: 	at java.lang.Thread.run(Thread.java:764)

08-05 06:10:13.244  7741  7969 I LSPosed-Bridge: 7741 PermLabel hookBinder_test 10146 interfaceBinder =android.app.IActivityManager; arg0 = 81; arg1 = android.os.Parcel@a2d059a; arg2 = android.os.Parcel@9fa2300; arg3 = 0; res = true; stacktrace=java.lang.Exception

08-05 06:10:13.244  7741  7969 I LSPosed-Bridge: 	at com.example.permlabel.hookBinder_test$1.afterHookedMethod(hookBinder_test.java:52)

08-05 06:10:13.244  7741  7969 I LSPosed-Bridge: 	at de.robv.android.xposed.XposedBridge$AdditionalHookInfo.callback(Unknown Source:147)

08-05 06:10:13.244  7741  7969 I LSPosed-Bridge: 	at LSPHooker_.transact(Unknown Source:28)

08-05 06:10:13.244  7741  7969 I LSPosed-Bridge: 	at android.app.IActivityManager$Stub$Proxy.getRunningAppProcesses(IActivityManager.java:5366)

08-05 06:10:13.244  7741  7969 I LSPosed-Bridge: 	at android.app.ActivityManager.getRunningAppProcesses(ActivityManager.java:3435)

08-05 06:10:13.244  7741  7969 I LSPosed-Bridge: 	at java.lang.reflect.Method.invoke(Native Method)

08-05 06:10:13.244  7741  7969 I LSPosed-Bridge: 	at org.lsposed.lspd.nativebridge.HookBridge.invokeOriginalMethod(Native Method)

08-05 06:10:13.244  7741  7969 I LSPosed-Bridge: 	at de.robv.android.xposed.XposedBridge$AdditionalHookInfo.callback(Unknown Source:110)

08-05 06:10:13.244  7741  7969 I LSPosed-Bridge: 	at LSPHooker_.getRunningAppProcesses(Unknown Source:8)

08-05 06:10:13.244  7741  7969 I LSPosed-Bridge: 	at com.google.firebase.crashlytics.internal.common.m0.d(SourceFile:15)

08-05 06:10:13.244  7741  7969 I LSPosed-Bridge: 	at com.google.firebase.crashlytics.internal.common.s.run(SourceFile:10)

08-05 06:10:13.244  7741  7969 I LSPosed-Bridge: 	at com.google.firebase.crashlytics.internal.common.g.call(Unknown Source:2)

08-05 06:10:13.244  7741  7969 I LSPosed-Bridge: 	at com.google.firebase.crashlytics.internal.common.h.then(Unknown Source:2)

08-05 06:10:13.244  7741  7969 I LSPosed-Bridge: 	at com.google.android.gms.tasks.zzc.run(SourceFile:3)

08-05 06:10:13.244  7741  7969 I LSPosed-Bridge: 	at java.util.concurrent.ThreadPoolExecutor.runWorker(ThreadPoolExecutor.java:1167)

08-05 06:10:13.244  7741  7969 I LSPosed-Bridge: 	at java.util.concurrent.ThreadPoolExecutor$Worker.run(ThreadPoolExecutor.java:641)

08-05 06:10:13.244  7741  7969 I LSPosed-Bridge: 	at com.google.firebase.crashlytics.internal.common.f0$a.a(Unknown Source:2)

08-05 06:10:13.244  7741  7969 I LSPosed-Bridge: 	at com.google.firebase.crashlytics.internal.common.c.run(SourceFile:2)

08-05 06:10:13.244  7741  7969 I LSPosed-Bridge: 	at java.lang.Thread.run(Thread.java:764)

08-05 06:10:13.244  7741  7969 I LSPosed-Bridge: 7741 PermLabel getRunningAppProcesses =android.app.ActivityManager$RunningAppProcessInfo@52835c1

08-05 06:10:13.244  7741  7969 I LSPosed-Bridge: 7741 PermLabel getRunningAppProcesses processName: com.shopee.tw pid: 7741

08-05 06:10:13.244  7741  7969 I LSPosed-Bridge: 7741 PermLabel getRunningAppProcesses importance: 100 pid: 7741

08-05 06:10:13.244  7741  7969 I LSPosed-Bridge: 7741 PermLabel getRunningAppProcesses packageName com.shopee.tw at index 0 in process 7741

08-05 06:10:13.244  7741 10278 I LSPosed-Bridge: 7741 PermLabel hookBinder_test 10146 interfaceBinder =android.content.pm.IPackageManager; arg0 = 9; arg1 = android.os.Parcel@b1704cd; arg2 = android.os.Parcel@c19ba64; arg3 = 0; res = true; stacktrace=java.lang.Exception

08-05 06:10:13.244  7741 10278 I LSPosed-Bridge: 	at com.example.permlabel.hookBinder_test$1.afterHookedMethod(hookBinder_test.java:52)

08-05 06:10:13.244  7741 10278 I LSPosed-Bridge: 	at de.robv.android.xposed.XposedBridge$AdditionalHookInfo.callback(Unknown Source:147)

08-05 06:10:13.244  7741 10278 I LSPosed-Bridge: 	at LSPHooker_.transact(Unknown Source:28)

08-05 06:10:13.244  7741 10278 I LSPosed-Bridge: 	at android.content.pm.IPackageManager$Stub$Proxy.getPermissionInfo(IPackageManager.java:3008)

08-05 06:10:13.244  7741 10278 I LSPosed-Bridge: 	at android.app.ApplicationPackageManager.getPermissionInfo(ApplicationPackageManager.java:306)

08-05 06:10:13.244  7741 10278 I LSPosed-Bridge: 	at com.example.permlabel.requestPerm$2.afterHookedMethod(requestPerm.java:173)

08-05 06:10:13.244  7741 10278 I LSPosed-Bridge: 	at de.robv.android.xposed.XposedBridge$AdditionalHookInfo.callback(Unknown Source:147)

08-05 06:10:13.244  7741 10278 I LSPosed-Bridge: 	at LSPHooker_.checkPermission(Unknown Source:25)

08-05 06:10:13.244  7741 10278 I LSPosed-Bridge: 	at androidx.core.content.a.a(SourceFile:2)

08-05 06:10:13.244  7741 10278 I LSPosed-Bridge: 	at com.shopee.app.network.status.connectivity.b.b(SourceFile:3)

08-05 06:10:13.244  7741 10278 I LSPosed-Bridge: 	at com.shopee.app.network.status.connectivity.c.b(SourceFile:1)

08-05 06:10:13.244  7741 10278 I LSPosed-Bridge: 	at com.shopee.app.network.status.b.a(SourceFile:2)

08-05 06:10:13.244  7741 10278 I LSPosed-Bridge: 	at com.shopee.app.network.eventlistener.a.a(SourceFile:52)

08-05 06:10:13.244  7741 10278 I LSPosed-Bridge: 	at com.shopee.app.network.cronet.event.a.a(SourceFile:17)

08-05 06:10:13.244  7741 10278 I LSPosed-Bridge: 	at com.shopee.cronet.lib.response.c.onRequestFinished(SourceFile:98)

08-05 06:10:13.244  7741 10278 I LSPosed-Bridge: 	at org.chromium.net.impl.VersionSafeCallbacks$RequestFinishedInfoListener.onRequestFinished(Unknown Source:2)

08-05 06:10:13.244  7741 10278 I LSPosed-Bridge: 	at org.chromium.net.impl.CronetUrlRequestContext$4.run(SourceFile:1)

08-05 06:10:13.244  7741 10278 I LSPosed-Bridge: 	at java.util.concurrent.Executors$RunnableAdapter.call(Executors.java:458)

08-05 06:10:13.244  7741 10278 I LSPosed-Bridge: 	at java.util.concurrent.FutureTask.run(FutureTask.java:266)

08-05 06:10:13.244  7741 10278 I LSPosed-Bridge: 	at java.util.concurrent.ScheduledThreadPoolExecutor$ScheduledFutureTask.run(ScheduledThreadPoolExecutor.java:301)

08-05 06:10:13.244  7741 10278 I LSPosed-Bridge: 	at java.util.concurrent.ThreadPoolExecutor.runWorker(ThreadPoolExecutor.java:1167)

08-05 06:10:13.244  7741 10278 I LSPosed-Bridge: 	at java.util.concurrent.ThreadPoolExecutor$Worker.run(ThreadPoolExecutor.java:641)

08-05 06:10:13.244  7741 10278 I LSPosed-Bridge: 	at java.lang.Thread.run(Thread.java:764)

08-05 06:10:13.244  7741  7969 I LSPosed-Bridge: 7741 PermLabel permName: android.permission.READ_PHONE_STATE; getRunningAppProcesses =[android.app.ActivityManager$RunningAppProcessInfo@52835c1]; stacktrace=java.lang.Exception

08-05 06:10:13.244  7741  7969 I LSPosed-Bridge: 	at com.example.permlabel.hookBinder_test$2.afterHookedMethod(hookBinder_test.java:92)

08-05 06:10:13.244  7741  7969 I LSPosed-Bridge: 	at de.robv.android.xposed.XposedBridge$AdditionalHookInfo.callback(Unknown Source:147)

