07-19 00:05:03.784 17418 17418 W System.err: 	at de.robv.android.xposed.callbacks.XCallback.callAll(Unknown Source:26)

07-19 00:05:03.784 17418 17418 W System.err: 	at I.afterHookedMethod(Unknown Source:1)

07-19 00:05:03.784 17418 17418 W System.err: 	at I.afterHookedMethod(Unknown Source:1)

07-19 00:05:03.784 17418 17418 W System.err: 	at de.robv.android.xposed.XposedBridge$AdditionalHookInfo.callback(Unknown Source:147)

07-19 00:05:03.784 17418 17418 W System.err: 	at de.robv.android.xposed.XposedBridge$AdditionalHookInfo.callback(Unknown Source:147)

07-19 00:05:03.784 17418 17418 W System.err: 	at LSPHooker_.getClassLoader(Unknown Source:8)

07-19 00:05:03.784 17418 17418 W System.err: 	at LSPHooker_.getClassLoader(Unknown Source:8)

07-19 00:05:03.784 17418 17418 W System.err: 	at android.app.LoadedApk.getResources(LoadedApk.java:1032)

07-19 00:05:03.784 17418 17418 W System.err: 	at android.app.LoadedApk.getResources(LoadedApk.java:1032)

07-19 00:05:03.784 17418 17418 W System.err: 	at android.app.ContextImpl.createAppContext(ContextImpl.java:2345)

07-19 00:05:03.784 17418 17418 W System.err: 	at android.app.ContextImpl.createAppContext(ContextImpl.java:2345)

07-19 00:05:03.784 17418 17418 W System.err: 	at android.app.ActivityThread.handleBindApplication(ActivityThread.java:5759)

07-19 00:05:03.784 17418 17418 W System.err: 	at android.app.ActivityThread.handleBindApplication(ActivityThread.java:5759)

07-19 00:05:03.784 17418 17418 W System.err: 	at android.app.ActivityThread.access$1100(ActivityThread.java:200)

07-19 00:05:03.784 17418 17418 W System.err: 	at android.app.ActivityThread.access$1100(ActivityThread.java:200)

07-19 00:05:03.784 17418 17418 W System.err: 	at android.app.ActivityThread$H.handleMessage(ActivityThread.java:1651)

07-19 00:05:03.784 17418 17418 W System.err: 	at android.app.ActivityThread$H.handleMessage(ActivityThread.java:1651)

07-19 00:05:03.784 17418 17418 W System.err: 	at android.os.Handler.dispatchMessage(Handler.java:106)

07-19 00:05:03.784 17418 17418 W System.err: 	at android.os.Handler.dispatchMessage(Handler.java:106)

07-19 00:05:03.784 17418 17418 W System.err: 	at android.os.Looper.loop(Looper.java:193)

07-19 00:05:03.784 17418 17418 W System.err: 	at android.os.Looper.loop(Looper.java:193)

07-19 00:05:03.784 17418 17418 W System.err: 	at android.app.ActivityThread.main(ActivityThread.java:6692)

07-19 00:05:03.784 17418 17418 W System.err: 	at android.app.ActivityThread.main(ActivityThread.java:6692)

07-19 00:05:03.784 17418 17418 W System.err: 	at java.lang.reflect.Method.invoke(Native Method)

07-19 00:05:03.784 17418 17418 W System.err: 	at java.lang.reflect.Method.invoke(Native Method)

07-19 00:05:03.784 17418 17418 W System.err: 	at com.android.internal.os.RuntimeInit$MethodAndArgsCaller.run(RuntimeInit.java:493)

07-19 00:05:03.784 17418 17418 W System.err: 	at com.android.internal.os.RuntimeInit$MethodAndArgsCaller.run(RuntimeInit.java:493)

07-19 00:05:03.784 17418 17418 W System.err: 	at com.android.internal.os.ZygoteInit.main(ZygoteInit.java:858)

07-19 00:05:03.784 17418 17418 W System.err: 	at com.android.internal.os.ZygoteInit.main(ZygoteInit.java:858)

07-19 00:05:03.784 17418 17418 I LSPosed-Bridge: 17418 PermLabel 10134 all_declared permissions =android.permission.ACCESS_COARSE_LOCATION android.permission.ACCESS_FINE_LOCATION android.permission.ACCESS_BACKGROUND_LOCATION android.permission.READ_EXTERNAL_STORAGE android.permission.WRITE_EXTERNAL_STORAGE android.permission.ACCESS_MEDIA_LOCATION android.permission.READ_MEDIA_AUDIO android.permission.READ_MEDIA_IMAGES android.permission.READ_MEDIA_VIDEO android.permission.RECORD_AUDIO android.permission.CAMERA android.permission.INTERNET android.permission.ACCESS_NETWORK_STATE android.permission.CHANGE_NETWORK_STATE android.permission.ACCESS_WIFI_STATE android.permission.CHANGE_WIFI_STATE android.permission.READ_PHONE_STATE android.permission.READ_PHONE_NUMBERS android.permission.READ_CONTACTS android.permission.BODY_SENSORS android.permission.BODY_SENSORS_BACKGROUND android.permission.ACTIVITY_RECOGNITION android.permission.WAKE_LOCK android.permission.VIBRATE android.permission.FLASHLIGHT android.permission.SYSTEM_ALERT_WINDOW android.permission.REORDER_TASKS android.permission.REQUEST_INSTALL_PACKAGES android.permission.INSTALL_SHORTCUT android.permission.UNINSTALL_SHORTCUT android.permission.RUN_INSTRUMENTATION android.permission.FOREGROUND_SERVICE android.permission.FOREGROUND_SERVICE_LOCATION android.permission.WRITE_SETTINGS android.permission.REQUEST_IGNORE_BATTERY_OPTIMIZATIONS android.permission.DISABLE_KEYGUARD android.permission.POST_NOTIFICATIONS com.lolaage.tbulu.tools.stepcounterprovider com.lolaage.stepcounterprovider com.coloros.mcs.permission.RECIEVE_MCS_MESSAGE com.android.launcher.permission.INSTALL_SHORTCUT com.android.launcher.permission.UNINSTALL_SHORTCUT com.android.launcher.permission.READ_SETTINGS com.android.launcher.permission.WRITE_SETTINGS com.android.launcher2.permission.READ_SETTINGS com.android.launcher2.permission.WRITE_SETTINGS com.android.launcher3.permission.READ_SETTINGS com.android.launcher3.permission.WRITE_SETTINGS org.adw.launcher.permission.READ_SETTINGS org.adw.launcher.permission.WRITE_SETTINGS com.htc.launcher.permission.READ_SETTINGS com.htc.launcher.permission.WRITE_SETTINGS com.qihoo360.launcher.permission.READ_SETTINGS com.qihoo360.launcher.permission.WRITE_SETTINGS com.lge.launcher.permission.READ_SETTINGS com.lge.launcher.permission.WRITE_SETTINGS net.qihoo.launcher.permission.READ_SETTINGS net.qihoo.launcher.permission.WRITE_SETTINGS org.adwfreak.launcher.permission.READ_SETTINGS org.adwfreak.launcher.permission.WRITE_SETTINGS org.adw.launcher_donut.permission.READ_SETTINGS org.adw.launcher_donut.permission.WRITE_SETTINGS com.huawei.launcher3.permission.READ_SETTINGS com.huawei.launcher3.permission.WRITE_SETTINGS com.fede.launcher.permission.READ_SETTINGS com.fede.launcher.permission.WRITE_SETTINGS com.sec.android.app.twlauncher.settings.READ_SETTINGS com.sec.android.app.twlauncher.settings.WRITE_SETTINGS com.anddoes.launcher.permission.READ_SETTINGS com.anddoes.launcher.permission.WRITE_SETTINGS com.tencent.qqlauncher.permission.READ_SETTINGS com.tencent.qqlauncher.permission.WRITE_SETTINGS com.huawei.launcher2.permission.READ_SETTINGS com.huawei.launcher2.permission.WRITE_SETTINGS com.huawei.android.launcher.permission.READ_SETTINGS com.huawei.android.launcher.permission.WRITE_SETTINGS com.android.mylauncher.permission.READ_SETTINGS com.android.mylauncher.permission.WRITE_SETTINGS com.ebproductions.android.launcher.permission.READ_SETTINGS com.ebproductions.android.launcher.permission.WRITE_SETTINGS com.oppo.launcher.permission.READ_SETTINGS com.oppo.launcher.permission.WRITE_SETTINGS com.miui.mihome2.permission.READ_SETTINGS com.miui.mihome2.permission.WRITE_SETTINGS telecom.mdesk.permission.READ_SETTINGS telecom.mdesk.permission.WRITE_SETTINGS dianxin.permission.ACCESS_LAUNCHER_DATA com.lolaage.tbulu.tools.openadsdk.permission.TT_PANGOLIN com.asus.msa.SupplementaryDID.ACCESS freemme.permission.msa android.permission.BLUETOOTH android.permission.BLUETOOTH_ADMIN android.permission.BLUETOOTH_SCAN android.permission.BLUETOOTH_ADVERTISE android.permission.BLUETOOTH_CONNECT 

07-19 00:05:03.784 17418 17418 I LSPosed-Bridge: 17418 PermLabel 10134 all_declared permissions =android.permission.ACCESS_COARSE_LOCATION android.permission.ACCESS_FINE_LOCATION android.permission.ACCESS_BACKGROUND_LOCATION android.permission.READ_EXTERNAL_STORAGE android.permission.WRITE_EXTERNAL_STORAGE android.permission.ACCESS_MEDIA_LOCATION android.permission.READ_MEDIA_AUDIO android.permission.READ_MEDIA_IMAGES android.permission.READ_MEDIA_VIDEO android.permission.RECORD_AUDIO android.permission.CAMERA android.permission.INTERNET android.permission.ACCESS_NETWORK_STATE android.permission.CHANGE_NETWORK_STATE android.permission.ACCESS_WIFI_STATE android.permission.CHANGE_WIFI_STATE android.permission.READ_PHONE_STATE android.permission.READ_PHONE_NUMBERS android.permission.READ_CONTACTS android.permission.BODY_SENSORS android.permission.BODY_SENSORS_BACKGROUND android.permission.ACTIVITY_RECOGNITION android.permission.WAKE_LOCK android.permission.VIBRATE android.permission.FLASHLIGHT android.permission.SYSTEM_ALERT_WINDOW android.permission.REORDER_TASKS android.permission.REQUEST_INSTALL_PACKAGES android.permission.INSTALL_SHORTCUT android.permission.UNINSTALL_SHORTCUT android.permission.RUN_INSTRUMENTATION android.permission.FOREGROUND_SERVICE android.permission.FOREGROUND_SERVICE_LOCATION android.permission.WRITE_SETTINGS android.permission.REQUEST_IGNORE_BATTERY_OPTIMIZATIONS android.permission.DISABLE_KEYGUARD android.permission.POST_NOTIFICATIONS com.lolaage.tbulu.tools.stepcounterprovider com.lolaage.stepcounterprovider com.coloros.mcs.permission.RECIEVE_MCS_MESSAGE com.android.launcher.permission.INSTALL_SHORTCUT com.android.launcher.permission.UNINSTALL_SHORTCUT com.android.launcher.permission.READ_SETTINGS com.android.launcher.permission.WRITE_SETTINGS com.android.launcher2.permission.READ_SETTINGS com.android.launcher2.permission.WRITE_SETTINGS com.android.launcher3.permission.READ_SETTINGS com.android.launcher3.permission.WRITE_SETTINGS org.adw.launcher.permission.READ_SETTINGS org.adw.launcher.permission.WRITE_SETTINGS com.htc.launcher.permission.READ_SETTINGS com.htc.launcher.permission.WRITE_SETTINGS com.qihoo360.launcher.permission.READ_SETTINGS com.qihoo360.launcher.permission.WRITE_SETTINGS com.lge.launcher.permission.READ_SETTINGS com.lge.launcher.permission.WRITE_SETTINGS net.qihoo.launcher.permission.READ_SETTINGS net.qihoo.launcher.permission.WRITE_SETTINGS org.adwfreak.launcher.permission.READ_SETTINGS org.adwfreak.launcher.permission.WRITE_SETTINGS org.adw.launcher_donut.permission.READ_SETTINGS org.adw.launcher_donut.permission.WRITE_SETTINGS com.huawei.launcher3.permission.READ_SETTINGS com.huawei.launcher3.permission.WRITE_SETTINGS com.fede.launcher.permission.READ_SETTINGS com.fede.launcher.permission.WRITE_SETTINGS com.sec.android.app.twlauncher.settings.READ_SETTINGS com.sec.android.app.twlauncher.settings.WRITE_SETTINGS com.anddoes.launcher.permission.READ_SETTINGS com.anddoes.launcher.permission.WRITE_SETTINGS com.tencent.qqlauncher.permission.READ_SETTINGS com.tencent.qqlauncher.permission.WRITE_SETTINGS com.huawei.launcher2.permission.READ_SETTINGS com.huawei.launcher2.permission.WRITE_SETTINGS com.huawei.android.launcher.permission.READ_SETTINGS com.huawei.android.launcher.permission.WRITE_SETTINGS com.android.mylauncher.permission.READ_SETTINGS com.android.mylauncher.permission.WRITE_SETTINGS com.ebproductions.android.launcher.permission.READ_SETTINGS com.ebproductions.android.launcher.permission.WRITE_SETTINGS com.oppo.launcher.permission.READ_SETTINGS com.oppo.launcher.permission.WRITE_SETTINGS com.miui.mihome2.permission.READ_SETTINGS com.miui.mihome2.permission.WRITE_SETTINGS telecom.mdesk.permission.READ_SETTINGS telecom.mdesk.permission.WRITE_SETTINGS dianxin.permission.ACCESS_LAUNCHER_DATA com.lolaage.tbulu.tools.openadsdk.permission.TT_PANGOLIN com.asus.msa.SupplementaryDID.ACCESS freemme.permission.msa android.permission.BLUETOOTH android.permission.BLUETOOTH_ADMIN android.permission.BLUETOOTH_SCAN android.permission.BLUETOOTH_ADVERTISE android.permission.BLUETOOTH_CONNECT 

07-19 00:05:03.784 17418 17418 I LSPosed-Bridge: 17418 PermLabel 10134 declared normal_permissions =android.permission.INTERNET android.permission.ACCESS_NETWORK_STATE android.permission.CHANGE_NETWORK_STATE android.permission.ACCESS_WIFI_STATE android.permission.CHANGE_WIFI_STATE android.permission.WAKE_LOCK android.permission.VIBRATE android.permission.FLASHLIGHT android.permission.REORDER_TASKS android.permission.FOREGROUND_SERVICE android.permission.REQUEST_IGNORE_BATTERY_OPTIMIZATIONS android.permission.DISABLE_KEYGUARD com.lolaage.stepcounterprovider com.android.launcher.permission.INSTALL_SHORTCUT com.android.launcher.permission.UNINSTALL_SHORTCUT android.permission.BLUETOOTH android.permission.BLUETOOTH_ADMIN com.google.android.gms.permission.AD_ID android.permission.MODIFY_AUDIO_SETTINGS android.permission.GET_TASKS 

07-19 00:05:03.784 17418 17418 I LSPosed-Bridge: 17418 PermLabel 10134 declared normal_permissions =android.permission.INTERNET android.permission.ACCESS_NETWORK_STATE android.permission.CHANGE_NETWORK_STATE android.permission.ACCESS_WIFI_STATE android.permission.CHANGE_WIFI_STATE android.permission.WAKE_LOCK android.permission.VIBRATE android.permission.FLASHLIGHT android.permission.REORDER_TASKS android.permission.FOREGROUND_SERVICE android.permission.REQUEST_IGNORE_BATTERY_OPTIMIZATIONS android.permission.DISABLE_KEYGUARD com.lolaage.stepcounterprovider com.android.launcher.permission.INSTALL_SHORTCUT com.android.launcher.permission.UNINSTALL_SHORTCUT android.permission.BLUETOOTH android.permission.BLUETOOTH_ADMIN com.google.android.gms.permission.AD_ID android.permission.MODIFY_AUDIO_SETTINGS android.permission.GET_TASKS 

07-19 00:05:03.784 17418 17418 I LSPosed-Bridge: 17418 PermLabel 10134 declared dangerous_permissions =android.permission.ACCESS_COARSE_LOCATION android.permission.ACCESS_FINE_LOCATION android.permission.READ_EXTERNAL_STORAGE android.permission.WRITE_EXTERNAL_STORAGE android.permission.RECORD_AUDIO android.permission.CAMERA android.permission.READ_PHONE_STATE android.permission.READ_PHONE_NUMBERS android.permission.READ_CONTACTS android.permission.BODY_SENSORS 

07-19 00:05:03.784 17418 17418 I LSPosed-Bridge: 17418 PermLabel 10134 declared dangerous_permissions =android.permission.ACCESS_COARSE_LOCATION android.permission.ACCESS_FINE_LOCATION android.permission.READ_EXTERNAL_STORAGE android.permission.WRITE_EXTERNAL_STORAGE android.permission.RECORD_AUDIO android.permission.CAMERA android.permission.READ_PHONE_STATE android.permission.READ_PHONE_NUMBERS android.permission.READ_CONTACTS android.permission.BODY_SENSORS 

07-19 00:05:03.784 17418 17418 I LSPosed-Bridge: 17418 PermLabel 10134 declared dangerous_group =Location Location Storage Storage Microphone Camera Telephone Telephone Contacts Body sensors 

07-19 00:05:03.784 17418 17418 I LSPosed-Bridge: 17418 PermLabel 10134 declared dangerous_group =Location Location Storage Storage Microphone Camera Telephone Telephone Contacts Body sensors 

07-19 00:16:50.022  5714  5714 I LSPosed-Bridge: 5714 PermLabel hookBinder_test 10134 interfaceBinder =android.media.IAudioService; arg0 = 55; arg1 = android.os.Parcel@6e513c3; arg2 = android.os.Parcel@6512ed1; arg3 = 0; res = true; stacktrace=java.lang.Exception

07-19 00:16:50.022  5714  5714 I LSPosed-Bridge: 	at com.example.permlabel.hookBinder_test$1.afterHookedMethod(hookBinder_test.java:66)

07-19 00:16:50.022  5714  5714 I LSPosed-Bridge: 	at de.robv.android.xposed.XposedBridge$AdditionalHookInfo.callback(Unknown Source:147)

07-19 00:16:50.022  5714  5714 I LSPosed-Bridge: 	at LSPHooker_.transact(Unknown Source:28)

07-19 00:16:50.022  5714  5714 I LSPosed-Bridge: 	at android.media.IAudioService$Stub$Proxy.isCameraSoundForced(IAudioService.java:1955)

07-19 00:16:50.022  5714  5714 I LSPosed-Bridge: 	at android.hardware.Camera.getCameraInfo(Camera.java:348)

07-19 00:16:50.022  5714  5714 I LSPosed-Bridge: 	at java.lang.reflect.Method.invoke(Native Method)

07-19 00:16:50.022  5714  5714 I LSPosed-Bridge: 	at org.lsposed.lspd.nativebridge.HookBridge.invokeOriginalMethod(Native Method)

07-19 00:16:50.022  5714  5714 I LSPosed-Bridge: 	at de.robv.android.xposed.XposedBridge$AdditionalHookInfo.callback(Unknown Source:110)

07-19 00:16:50.022  5714  5714 I LSPosed-Bridge: 	at LSPHooker_.getCameraInfo(Unknown Source:15)

07-19 00:16:50.022  5714  5714 I LSPosed-Bridge: 	at android.hardware.Camera.open(Camera.java:476)

07-19 00:16:50.022  5714  5714 I LSPosed-Bridge: 	at java.lang.reflect.Method.invoke(Native Method)

07-19 00:16:50.022  5714  5714 I LSPosed-Bridge: 	at org.lsposed.lspd.nativebridge.HookBridge.invokeOriginalMethod(Native Method)

07-19 00:16:50.022  5714  5714 I LSPosed-Bridge: 	at de.robv.android.xposed.XposedBridge$AdditionalHookInfo.callback(Unknown Source:110)

07-19 00:16:50.022  5714  5714 I LSPosed-Bridge: 	at LSPHooker_.open(Unknown Source:5)

07-19 00:16:50.022  5714  5714 I LSPosed-Bridge: 	at com.lolaage.tbulu.tools.qrcode.camera.OooO0o.openDriver(CameraManager.java:5)

07-19 00:16:50.022  5714  5714 I LSPosed-Bridge: 	at com.lolaage.tbulu.tools.qrcode.activity.OooO0OO.OooO0O0(CaptureFragment.java:5)

07-19 00:16:50.022  5714  5714 I LSPosed-Bridge: 	at com.lolaage.tbulu.tools.qrcode.activity.OooO0OO.surfaceCreated(CaptureFragment.java:8)

07-19 00:16:50.022  5714  5714 I LSPosed-Bridge: 	at android.view.SurfaceView.updateSurface(SurfaceView.java:670)

07-19 00:16:50.022  5714  5714 I LSPosed-Bridge: 	at android.view.SurfaceView$2.onPreDraw(SurfaceView.java:143)

07-19 00:16:50.022  5714  5714 I LSPosed-Bridge: 	at android.view.ViewTreeObserver.dispatchOnPreDraw(ViewTreeObserver.java:977)

07-19 00:16:50.022  5714  5714 I LSPosed-Bridge: 	at android.view.ViewRootImpl.performTraversals(ViewRootImpl.java:2480)

07-19 00:16:50.022  5714  5714 I LSPosed-Bridge: 	at android.view.ViewRootImpl.doTraversal(ViewRootImpl.java:1465)

07-19 00:16:50.022  5714  5714 I LSPosed-Bridge: 	at android.view.ViewRootImpl$TraversalRunnable.run(ViewRootImpl.java:7205)

07-19 00:16:50.022  5714  5714 I LSPosed-Bridge: 	at android.view.Choreographer$CallbackRecord.run(Choreographer.java:1004)

07-19 00:16:50.022  5714  5714 I LSPosed-Bridge: 	at android.view.Choreographer.doCallbacks(Choreographer.java:816)

07-19 00:16:50.022  5714  5714 I LSPosed-Bridge: 	at android.view.Choreographer.doFrame(Choreographer.java:751)

07-19 00:16:50.022  5714  5714 I LSPosed-Bridge: 	at android.view.Choreographer$FrameDisplayEventReceiver.run(Choreographer.java:990)

07-19 00:16:50.022  5714  5714 I LSPosed-Bridge: 	at android.os.Handler.handleCallback(Handler.java:873)

07-19 00:16:50.022  5714  5714 I LSPosed-Bridge: 	at android.os.Handler.dispatchMessage(Handler.java:99)

07-19 00:16:50.022  5714  5714 I LSPosed-Bridge: 	at android.os.Looper.loop(Looper.java:193)

07-19 00:16:50.022  5714  5714 I LSPosed-Bridge: 	at android.app.ActivityThread.main(ActivityThread.java:6692)

07-19 00:16:50.022  5714  5714 I LSPosed-Bridge: 	at java.lang.reflect.Method.invoke(Native Method)

07-19 00:16:50.022  5714  5714 I LSPosed-Bridge: 	at com.android.internal.os.RuntimeInit$MethodAndArgsCaller.run(RuntimeInit.java:493)

07-19 00:16:50.022  5714  5714 I LSPosed-Bridge: 	at com.android.internal.os.ZygoteInit.main(ZygoteInit.java:858)

07-19 00:16:50.022   554   554 I ConfigStore: android::hardware::configstore::V1_0::ISurfaceFlingerConfigs::hasHDRDisplay retrieved: 0

07-19 00:16:50.022   554   554 I ConfigStore: android::hardware::configstore::V1_0::ISurfaceFlingerConfigs::hasHDRDisplay retrieved: 0

07-19 00:16:50.022  5714  5714 I LSPosed-Bridge: 5714 PermLabel 10134 android.permission.CAMERA getCameraInfo args0: 0; args1: android.hardware.Camera$CameraInfo@4ffc04f; res= null; stacktrace=java.lang.Exception

07-19 00:16:50.022  5714  5714 I LSPosed-Bridge: 	at com.example.permlabel.hookCamera$1.afterHookedMethod(hookCamera.java:21)

07-19 00:16:50.022  5714  5714 I LSPosed-Bridge: 	at de.robv.android.xposed.XposedBridge$AdditionalHookInfo.callback(Unknown Source:147)

07-19 00:16:50.022  5714  5714 I LSPosed-Bridge: 	at LSPHooker_.getCameraInfo(Unknown Source:15)

07-19 00:16:50.022  5714  5714 I LSPosed-Bridge: 	at android.hardware.Camera.open(Camera.java:476)

07-19 00:16:50.022  5714  5714 I LSPosed-Bridge: 	at java.lang.reflect.Method.invoke(Native Method)

07-19 00:16:50.022  5714  5714 I LSPosed-Bridge: 	at org.lsposed.lspd.nativebridge.HookBridge.invokeOriginalMethod(Native Method)

07-19 00:16:50.022  5714  5714 I LSPosed-Bridge: 	at de.robv.android.xposed.XposedBridge$AdditionalHookInfo.callback(Unknown Source:110)

07-19 00:16:50.022  5714  5714 I LSPosed-Bridge: 	at LSPHooker_.open(Unknown Source:5)

07-19 00:16:50.022  5714  5714 I LSPosed-Bridge: 	at com.lolaage.tbulu.tools.qrcode.camera.OooO0o.openDriver(CameraManager.java:5)

07-19 00:16:50.022  5714  5714 I LSPosed-Bridge: 	at com.lolaage.tbulu.tools.qrcode.activity.OooO0OO.OooO0O0(CaptureFragment.java:5)

07-19 00:16:50.022  5714  5714 I LSPosed-Bridge: 	at com.lolaage.tbulu.tools.qrcode.activity.OooO0OO.surfaceCreated(CaptureFragment.java:8)

07-19 00:16:50.022  5714  5714 I LSPosed-Bridge: 	at android.view.SurfaceView.updateSurface(SurfaceView.java:670)

07-19 00:16:50.022  5714  5714 I LSPosed-Bridge: 	at android.view.SurfaceView$2.onPreDraw(SurfaceView.java:143)

07-19 00:16:50.022  5714  5714 I LSPosed-Bridge: 	at android.view.ViewTreeObserver.dispatchOnPreDraw(ViewTreeObserver.java:977)

07-19 00:16:50.022  5714  5714 I LSPosed-Bridge: 	at android.view.ViewRootImpl.performTraversals(ViewRootImpl.java:2480)

07-19 00:16:50.022  5714  5714 I LSPosed-Bridge: 	at android.view.ViewRootImpl.doTraversal(ViewRootImpl.java:1465)

07-19 00:16:50.022  5714  5714 I LSPosed-Bridge: 	at android.view.ViewRootImpl$TraversalRunnable.run(ViewRootImpl.java:7205)

07-19 00:16:50.022  5714  5714 I LSPosed-Bridge: 	at android.view.Choreographer$CallbackRecord.run(Choreographer.java:1004)

07-19 00:16:50.022  5714  5714 I LSPosed-Bridge: 	at android.view.Choreographer.doCallbacks(Choreographer.java:816)

07-19 00:16:50.022  5714  5714 I LSPosed-Bridge: 	at android.view.Choreographer.doFrame(Choreographer.java:751)

07-19 00:16:50.022  5714  5714 I LSPosed-Bridge: 	at android.view.Choreographer$FrameDisplayEventReceiver.run(Choreographer.java:990)

07-19 00:16:50.022  5714  5714 I LSPosed-Bridge: 	at android.os.Handler.handleCallback(Handler.java:873)

07-19 00:16:50.022  5714  5714 I LSPosed-Bridge: 	at android.os.Handler.dispatchMessage(Handler.java:99)

07-19 00:16:50.022  5714  5714 I LSPosed-Bridge: 	at android.os.Looper.loop(Looper.java:193)

07-19 00:16:50.022  5714  5714 I LSPosed-Bridge: 	at android.app.ActivityThread.main(ActivityThread.java:6692)

07-19 00:16:50.022  5714  5714 I LSPosed-Bridge: 	at java.lang.reflect.Method.invoke(Native Method)

07-19 00:16:50.022  5714  5714 I LSPosed-Bridge: 	at com.android.internal.os.RuntimeInit$MethodAndArgsCaller.run(RuntimeInit.java:493)

07-19 00:16:50.022  5714  5714 I LSPosed-Bridge: 	at com.android.internal.os.ZygoteInit.main(ZygoteInit.java:858)

07-19 00:16:50.022   554   554 I ConfigStore: android::hardware::configstore::V1_0::ISurfaceFlingerConfigs::hasHDRDisplay retrieved: 0

07-19 00:16:50.023  5714  5714 I LSPosed-Bridge: 5714 PermLabel 10134 android.permission.CAMERA getCameraInfo args0: 0; args1: android.hardware.Camera$CameraInfo@4ffc04f; res= null; stacktrace=java.lang.Exception

07-19 00:16:50.023  5714  5714 I LSPosed-Bridge: 	at com.example.permlabel.hookCamera$1.afterHookedMethod(hookCamera.java:21)

07-19 00:16:50.023  5714  5714 I LSPosed-Bridge: 	at de.robv.android.xposed.XposedBridge$AdditionalHookInfo.callback(Unknown Source:147)

07-19 00:16:50.023  5714  5714 I LSPosed-Bridge: 	at LSPHooker_.getCameraInfo(Unknown Source:15)

07-19 00:16:50.023  5714  5714 I LSPosed-Bridge: 	at android.hardware.Camera.open(Camera.java:476)

07-19 00:16:50.023  5714  5714 I LSPosed-Bridge: 	at java.lang.reflect.Method.invoke(Native Method)

07-19 00:16:50.023  5714  5714 I LSPosed-Bridge: 	at org.lsposed.lspd.nativebridge.HookBridge.invokeOriginalMethod(Native Method)

07-19 00:16:50.023  5714  5714 I LSPosed-Bridge: 	at de.robv.android.xposed.XposedBridge$AdditionalHookInfo.callback(Unknown Source:110)

07-19 00:16:50.023  5714  5714 I LSPosed-Bridge: 	at LSPHooker_.open(Unknown Source:5)

07-19 00:16:50.023  5714  5714 I LSPosed-Bridge: 	at com.lolaage.tbulu.tools.qrcode.camera.OooO0o.openDriver(CameraManager.java:5)

07-19 00:16:50.023  5714  5714 I LSPosed-Bridge: 	at com.lolaage.tbulu.tools.qrcode.activity.OooO0OO.OooO0O0(CaptureFragment.java:5)

07-19 00:16:50.023  5714  5714 I LSPosed-Bridge: 	at com.lolaage.tbulu.tools.qrcode.activity.OooO0OO.surfaceCreated(CaptureFragment.java:8)

07-19 00:16:50.023  5714  5714 I LSPosed-Bridge: 	at android.view.SurfaceView.updateSurface(SurfaceView.java:670)

07-19 00:16:50.023  5714  5714 I LSPosed-Bridge: 	at android.view.SurfaceView$2.onPreDraw(SurfaceView.java:143)

07-19 00:16:50.023  5714  5714 I LSPosed-Bridge: 	at android.view.ViewTreeObserver.dispatchOnPreDraw(ViewTreeObserver.java:977)

07-19 00:16:50.023  5714  5714 I LSPosed-Bridge: 	at android.view.ViewRootImpl.performTraversals(ViewRootImpl.java:2480)

07-19 00:16:50.023  5714  5714 I LSPosed-Bridge: 	at android.view.ViewRootImpl.doTraversal(ViewRootImpl.java:1465)

07-19 00:16:50.023  5714  5714 I LSPosed-Bridge: 	at android.view.ViewRootImpl$TraversalRunnable.run(ViewRootImpl.java:7205)

07-19 00:16:50.023  5714  5714 I LSPosed-Bridge: 	at android.view.Choreographer$CallbackRecord.run(Choreographer.java:1004)

07-19 00:16:50.023  5714  5714 I LSPosed-Bridge: 	at android.view.Choreographer.doCallbacks(Choreographer.java:816)

07-19 00:16:50.023  5714  5714 I LSPosed-Bridge: 	at android.view.Choreographer.doFrame(Choreographer.java:751)

07-19 00:16:50.023  5714  5714 I LSPosed-Bridge: 	at android.view.Choreographer$FrameDisplayEventReceiver.run(Choreographer.java:990)

07-19 00:16:50.023  5714  5714 I LSPosed-Bridge: 	at android.os.Handler.handleCallback(Handler.java:873)

07-19 00:16:50.023  5714  5714 I LSPosed-Bridge: 	at android.os.Handler.dispatchMessage(Handler.java:99)

07-19 00:16:50.023  5714  5714 I LSPosed-Bridge: 	at android.os.Looper.loop(Looper.java:193)

07-19 00:16:50.023  5714  5714 I LSPosed-Bridge: 	at android.app.ActivityThread.main(ActivityThread.java:6692)

07-19 00:16:50.023  5714  5714 I LSPosed-Bridge: 	at java.lang.reflect.Method.invoke(Native Method)

07-19 00:16:50.023  5714  5714 I LSPosed-Bridge: 	at com.android.internal.os.RuntimeInit$MethodAndArgsCaller.run(RuntimeInit.java:493)

07-19 00:16:50.023  5714  5714 I LSPosed-Bridge: 	at com.android.internal.os.ZygoteInit.main(ZygoteInit.java:858)

07-19 00:16:50.023  5714  5714 E libc    : Access denied finding property "vendor.camera.aux.packagelist"

07-19 00:16:50.053   554   554 I ConfigStore: android::hardware::configstore::V1_0::ISurfaceFlingerConfigs::hasHDRDisplay retrieved: 0

07-19 00:16:50.053  1567  1661 I LSPosed-Bridge: 5714 PermLabel 10134 AMS.checkPermission: Binder.getCallingPid() = 916; uid = 10134; Binder.getCallingUid() = 1047; getNameForUid: null; getPackagesForUid: null; permName: android.permission.CAMERA; type = 1; res = -1; stacktrace=java.lang.Exception

07-19 00:16:50.053  1567  1661 I LSPosed-Bridge: 	at com.example.permlabel.requirePerm$1$2.afterHookedMethod(requirePerm.java:141)

07-19 00:16:50.053  1567  1661 I LSPosed-Bridge: 	at de.robv.android.xposed.XposedBridge$AdditionalHookInfo.callback(Unknown Source:147)

07-19 00:16:50.053  1567  1661 I LSPosed-Bridge: 	at LSPHooker_.checkPermission(Unknown Source:25)

07-19 00:16:50.053  1567  1661 I LSPosed-Bridge: 	at com.android.server.am.ActivityManagerService$PermissionController.checkPermission(ActivityManagerService.java:9248)

07-19 00:16:50.053  1567  1661 I LSPosed-Bridge: 	at android.os.IPermissionController$Stub.onTransact(IPermissionController.java:56)

07-19 00:16:50.053  1567  1661 I LSPosed-Bridge: 	at android.os.Binder.execTransact(Binder.java:731)

07-19 00:16:50.053   916  3198 W ServiceManager: Permission failure: android.permission.CAMERA from uid=10134 pid=5714

07-19 00:16:50.156  1567  1661 I LSPosed-Bridge: 5714 PermLabel 10134 AMS.checkPermission: Binder.getCallingPid() = 916; uid = 10134; Binder.getCallingUid() = 1047; getNameForUid: null; getPackagesForUid: null; permName: android.permission.CAMERA; type = 1; res = -1; stacktrace=java.lang.Exception

07-19 00:16:50.156  1567  1661 I LSPosed-Bridge: 	at com.example.permlabel.requirePerm$1$2.afterHookedMethod(requirePerm.java:141)

07-19 00:16:50.156  1567  1661 I LSPosed-Bridge: 	at de.robv.android.xposed.XposedBridge$AdditionalHookInfo.callback(Unknown Source:147)

07-19 00:16:50.156  1567  1661 I LSPosed-Bridge: 	at LSPHooker_.checkPermission(Unknown Source:25)

07-19 00:16:50.156  1567  1661 I LSPosed-Bridge: 	at com.android.server.am.ActivityManagerService$PermissionController.checkPermission(ActivityManagerService.java:9248)

07-19 00:16:50.156  1567  1661 I LSPosed-Bridge: 	at android.os.IPermissionController$Stub.onTransact(IPermissionController.java:56)

07-19 00:16:50.156  1567  1661 I LSPosed-Bridge: 	at android.os.Binder.execTransact(Binder.java:731)

07-19 00:16:50.156   554   554 I ConfigStore: android::hardware::configstore::V1_0::ISurfaceFlingerConfigs::hasHDRDisplay retrieved: 0

07-19 00:16:50.156   916  3198 W ServiceManager: Permission failure: android.permission.CAMERA from uid=10134 pid=5714

07-19 00:16:50.156   916  3198 E CameraService: Permission Denial: can't use the camera pid=5714, uid=10134

07-19 00:16:50.259  1567  1661 I LSPosed-Bridge: 5714 PermLabel 10134 AMS.checkPermission: Binder.getCallingPid() = 916; uid = 10134; Binder.getCallingUid() = 1047; getNameForUid: null; getPackagesForUid: null; permName: android.permission.CAMERA; type = 1; res = -1; stacktrace=java.lang.Exception

07-19 00:16:50.259  1567  1661 I LSPosed-Bridge: 	at com.example.permlabel.requirePerm$1$2.afterHookedMethod(requirePerm.java:141)

07-19 00:16:50.259  1567  1661 I LSPosed-Bridge: 	at de.robv.android.xposed.XposedBridge$AdditionalHookInfo.callback(Unknown Source:147)

07-19 00:16:50.259  1567  1661 I LSPosed-Bridge: 	at LSPHooker_.checkPermission(Unknown Source:25)

07-19 00:16:50.259  1567  1661 I LSPosed-Bridge: 	at com.android.server.am.ActivityManagerService$PermissionController.checkPermission(ActivityManagerService.java:9248)

07-19 00:16:50.259  1567  1661 I LSPosed-Bridge: 	at android.os.IPermissionController$Stub.onTransact(IPermissionController.java:56)

07-19 00:16:50.259  1567  1661 I LSPosed-Bridge: 	at android.os.Binder.execTransact(Binder.java:731)

07-19 00:16:50.259   916  3198 W ServiceManager: Permission failure: android.permission.CAMERA from uid=10134 pid=5714

07-19 00:16:50.259   916  3198 E CameraService: Permission Denial: can't use the camera pid=5714, uid=10134

07-19 00:16:50.362  1567  1661 I LSPosed-Bridge: 5714 PermLabel 10134 AMS.checkPermission: Binder.getCallingPid() = 916; uid = 10134; Binder.getCallingUid() = 1047; getNameForUid: null; getPackagesForUid: null; permName: android.permission.CAMERA; type = 1; res = -1; stacktrace=java.lang.Exception

07-19 00:16:50.362  1567  1661 I LSPosed-Bridge: 	at com.example.permlabel.requirePerm$1$2.afterHookedMethod(requirePerm.java:141)

07-19 00:16:50.362  1567  1661 I LSPosed-Bridge: 	at de.robv.android.xposed.XposedBridge$AdditionalHookInfo.callback(Unknown Source:147)

07-19 00:16:50.362  1567  1661 I LSPosed-Bridge: 	at LSPHooker_.checkPermission(Unknown Source:25)

07-19 00:16:50.362  1567  1661 I LSPosed-Bridge: 	at com.android.server.am.ActivityManagerService$PermissionController.checkPermission(ActivityManagerService.java:9248)

07-19 00:16:50.362  1567  1661 I LSPosed-Bridge: 	at android.os.IPermissionController$Stub.onTransact(IPermissionController.java:56)

07-19 00:16:50.362  1567  1661 I LSPosed-Bridge: 	at android.os.Binder.execTransact(Binder.java:731)

07-19 00:16:50.362   916  3198 W ServiceManager: Permission failure: android.permission.CAMERA from uid=10134 pid=5714

07-19 00:16:50.362   916  3198 E CameraService: Permission Denial: can't use the camera pid=5714, uid=10134

07-19 00:16:50.465  1567  1661 I LSPosed-Bridge: 5714 PermLabel 10134 AMS.checkPermission: Binder.getCallingPid() = 916; uid = 10134; Binder.getCallingUid() = 1047; getNameForUid: null; getPackagesForUid: null; permName: android.permission.CAMERA; type = 1; res = -1; stacktrace=java.lang.Exception

07-19 00:16:50.465  1567  1661 I LSPosed-Bridge: 	at com.example.permlabel.requirePerm$1$2.afterHookedMethod(requirePerm.java:141)

07-19 00:16:50.465  1567  1661 I LSPosed-Bridge: 	at de.robv.android.xposed.XposedBridge$AdditionalHookInfo.callback(Unknown Source:147)

07-19 00:16:50.465  1567  1661 I LSPosed-Bridge: 	at LSPHooker_.checkPermission(Unknown Source:25)

07-19 00:16:50.465  1567  1661 I LSPosed-Bridge: 	at com.android.server.am.ActivityManagerService$PermissionController.checkPermission(ActivityManagerService.java:9248)

07-19 00:16:50.465  1567  1661 I LSPosed-Bridge: 	at android.os.IPermissionController$Stub.onTransact(IPermissionController.java:56)

07-19 00:16:50.465  1567  1661 I LSPosed-Bridge: 	at android.os.Binder.execTransact(Binder.java:731)

07-19 00:16:50.465   916  3198 W ServiceManager: Permission failure: android.permission.CAMERA from uid=10134 pid=5714

07-19 00:16:50.465   916  3198 E CameraService: Permission Denial: can't use the camera pid=5714, uid=10134

07-19 00:16:50.568  1567  1661 I LSPosed-Bridge: 5714 PermLabel 10134 AMS.checkPermission: Binder.getCallingPid() = 916; uid = 10134; Binder.getCallingUid() = 1047; getNameForUid: null; getPackagesForUid: null; permName: android.permission.CAMERA; type = 1; res = -1; stacktrace=java.lang.Exception

07-19 00:16:50.568  1567  1661 I LSPosed-Bridge: 	at com.example.permlabel.requirePerm$1$2.afterHookedMethod(requirePerm.java:141)

07-19 00:16:50.568  1567  1661 I LSPosed-Bridge: 	at de.robv.android.xposed.XposedBridge$AdditionalHookInfo.callback(Unknown Source:147)

07-19 00:16:50.568  1567  1661 I LSPosed-Bridge: 	at LSPHooker_.checkPermission(Unknown Source:25)

07-19 00:16:50.568  1567  1661 I LSPosed-Bridge: 	at com.android.server.am.ActivityManagerService$PermissionController.checkPermission(ActivityManagerService.java:9248)

07-19 00:16:50.568  1567  1661 I LSPosed-Bridge: 	at android.os.IPermissionController$Stub.onTransact(IPermissionController.java:56)

07-19 00:16:50.568  1567  1661 I LSPosed-Bridge: 	at android.os.Binder.execTransact(Binder.java:731)

07-19 00:16:50.672  1567  1661 I LSPosed-Bridge: 5714 PermLabel 10134 AMS.checkPermission: Binder.getCallingPid() = 916; uid = 10134; Binder.getCallingUid() = 1047; getNameForUid: null; getPackagesForUid: null; permName: android.permission.CAMERA; type = 1; res = -1; stacktrace=java.lang.Exception

07-19 00:16:50.672  1567  1661 I LSPosed-Bridge: 	at com.example.permlabel.requirePerm$1$2.afterHookedMethod(requirePerm.java:141)

07-19 00:16:50.672  1567  1661 I LSPosed-Bridge: 	at de.robv.android.xposed.XposedBridge$AdditionalHookInfo.callback(Unknown Source:147)

07-19 00:16:50.672  1567  1661 I LSPosed-Bridge: 	at LSPHooker_.checkPermission(Unknown Source:25)

07-19 00:16:50.672  1567  1661 I LSPosed-Bridge: 	at com.android.server.am.ActivityManagerService$PermissionController.checkPermission(ActivityManagerService.java:9248)

07-19 00:16:50.672  1567  1661 I LSPosed-Bridge: 	at android.os.IPermissionController$Stub.onTransact(IPermissionController.java:56)

07-19 00:16:50.672  1567  1661 I LSPosed-Bridge: 	at android.os.Binder.execTransact(Binder.java:731)

07-19 00:16:50.672   916  3198 W ServiceManager: Permission failure: android.permission.CAMERA from uid=10134 pid=5714

07-19 00:16:50.672   916  3198 E CameraService: Permission Denial: can't use the camera pid=5714, uid=10134

07-19 00:16:50.775  1567  1661 I LSPosed-Bridge: 5714 PermLabel 10134 AMS.checkPermission: Binder.getCallingPid() = 916; uid = 10134; Binder.getCallingUid() = 1047; getNameForUid: null; getPackagesForUid: null; permName: android.permission.CAMERA; type = 1; res = -1; stacktrace=java.lang.Exception

07-19 00:16:50.775  1567  1661 I LSPosed-Bridge: 	at com.example.permlabel.requirePerm$1$2.afterHookedMethod(requirePerm.java:141)

07-19 00:16:50.775  1567  1661 I LSPosed-Bridge: 	at de.robv.android.xposed.XposedBridge$AdditionalHookInfo.callback(Unknown Source:147)

07-19 00:16:50.775  1567  1661 I LSPosed-Bridge: 	at LSPHooker_.checkPermission(Unknown Source:25)

07-19 00:16:50.775  1567  1661 I LSPosed-Bridge: 	at com.android.server.am.ActivityManagerService$PermissionController.checkPermission(ActivityManagerService.java:9248)

07-19 00:16:50.775  1567  1661 I LSPosed-Bridge: 	at android.os.IPermissionController$Stub.onTransact(IPermissionController.java:56)

07-19 00:16:50.775  1567  1661 I LSPosed-Bridge: 	at android.os.Binder.execTransact(Binder.java:731)

07-19 00:16:50.775   916  3198 W ServiceManager: Permission failure: android.permission.CAMERA from uid=10134 pid=5714

07-19 00:16:50.775   916  3198 E CameraService: Permission Denial: can't use the camera pid=5714, uid=10134

07-19 00:16:50.877  1567  1661 I LSPosed-Bridge: 5714 PermLabel 10134 AMS.checkPermission: Binder.getCallingPid() = 916; uid = 10134; Binder.getCallingUid() = 1047; getNameForUid: null; getPackagesForUid: null; permName: android.permission.CAMERA; type = 1; res = -1; stacktrace=java.lang.Exception

07-19 00:16:50.877  1567  1661 I LSPosed-Bridge: 	at com.example.permlabel.requirePerm$1$2.afterHookedMethod(requirePerm.java:141)

07-19 00:16:50.877  1567  1661 I LSPosed-Bridge: 	at de.robv.android.xposed.XposedBridge$AdditionalHookInfo.callback(Unknown Source:147)

07-19 00:16:50.877  1567  1661 I LSPosed-Bridge: 	at LSPHooker_.checkPermission(Unknown Source:25)

07-19 00:16:50.877  1567  1661 I LSPosed-Bridge: 	at com.android.server.am.ActivityManagerService$PermissionController.checkPermission(ActivityManagerService.java:9248)

07-19 00:16:50.877  1567  1661 I LSPosed-Bridge: 	at android.os.IPermissionController$Stub.onTransact(IPermissionController.java:56)

07-19 00:16:50.877  1567  1661 I LSPosed-Bridge: 	at android.os.Binder.execTransact(Binder.java:731)

07-19 00:16:50.880  5714  5714 I LSPosed-Bridge: 5714 PermLabel 10134 android.permission.CAMERA open res= null; stacktrace=java.lang.Exception

07-19 00:16:50.880  5714  5714 I LSPosed-Bridge: 5714 PermLabel 10134 android.permission.CAMERA open res= null; stacktrace=java.lang.Exception

07-19 00:16:50.880  5714  5714 I LSPosed-Bridge: 	at com.example.permlabel.hookCamera$2.afterHookedMethod(hookCamera.java:41)

07-19 00:16:50.880  5714  5714 I LSPosed-Bridge: 	at com.example.permlabel.hookCamera$2.afterHookedMethod(hookCamera.java:41)

07-19 00:16:50.880  5714  5714 I LSPosed-Bridge: 	at de.robv.android.xposed.XposedBridge$AdditionalHookInfo.callback(Unknown Source:147)

07-19 00:16:50.880  5714  5714 I LSPosed-Bridge: 	at de.robv.android.xposed.XposedBridge$AdditionalHookInfo.callback(Unknown Source:147)

07-19 00:16:50.880  5714  5714 I LSPosed-Bridge: 	at LSPHooker_.open(Unknown Source:5)

07-19 00:16:50.880  5714  5714 I LSPosed-Bridge: 	at LSPHooker_.open(Unknown Source:5)

07-19 00:16:50.880  5714  5714 I LSPosed-Bridge: 	at com.lolaage.tbulu.tools.qrcode.camera.OooO0o.openDriver(CameraManager.java:5)

07-19 00:16:50.880  5714  5714 I LSPosed-Bridge: 	at com.lolaage.tbulu.tools.qrcode.camera.OooO0o.openDriver(CameraManager.java:5)

07-19 00:16:50.880  5714  5714 I LSPosed-Bridge: 	at com.lolaage.tbulu.tools.qrcode.activity.OooO0OO.OooO0O0(CaptureFragment.java:5)

07-19 00:16:50.880  5714  5714 I LSPosed-Bridge: 	at com.lolaage.tbulu.tools.qrcode.activity.OooO0OO.OooO0O0(CaptureFragment.java:5)

07-19 00:16:50.880  5714  5714 I LSPosed-Bridge: 	at com.lolaage.tbulu.tools.qrcode.activity.OooO0OO.surfaceCreated(CaptureFragment.java:8)

07-19 00:16:50.880  5714  5714 I LSPosed-Bridge: 	at com.lolaage.tbulu.tools.qrcode.activity.OooO0OO.surfaceCreated(CaptureFragment.java:8)

07-19 00:16:50.880  5714  5714 I LSPosed-Bridge: 	at android.view.SurfaceView.updateSurface(SurfaceView.java:670)

07-19 00:16:50.880  5714  5714 I LSPosed-Bridge: 	at android.view.SurfaceView.updateSurface(SurfaceView.java:670)

07-19 00:16:50.880  5714  5714 I LSPosed-Bridge: 	at android.view.SurfaceView$2.onPreDraw(SurfaceView.java:143)

07-19 00:16:50.880  5714  5714 I LSPosed-Bridge: 	at android.view.SurfaceView$2.onPreDraw(SurfaceView.java:143)

07-19 00:16:50.880  5714  5714 I LSPosed-Bridge: 	at android.view.ViewTreeObserver.dispatchOnPreDraw(ViewTreeObserver.java:977)

07-19 00:16:50.880  5714  5714 I LSPosed-Bridge: 	at android.view.ViewTreeObserver.dispatchOnPreDraw(ViewTreeObserver.java:977)

07-19 00:16:50.880  5714  5714 I LSPosed-Bridge: 	at android.view.ViewRootImpl.performTraversals(ViewRootImpl.java:2480)

07-19 00:16:50.880  5714  5714 I LSPosed-Bridge: 	at android.view.ViewRootImpl.performTraversals(ViewRootImpl.java:2480)

07-19 00:16:50.880  5714  5714 I LSPosed-Bridge: 	at android.view.ViewRootImpl.doTraversal(ViewRootImpl.java:1465)

07-19 00:16:50.880  5714  5714 I LSPosed-Bridge: 	at android.view.ViewRootImpl.doTraversal(ViewRootImpl.java:1465)

07-19 00:16:50.880  5714  5714 I LSPosed-Bridge: 	at android.view.ViewRootImpl$TraversalRunnable.run(ViewRootImpl.java:7205)

07-19 00:16:50.880  5714  5714 I LSPosed-Bridge: 	at android.view.ViewRootImpl$TraversalRunnable.run(ViewRootImpl.java:7205)

07-19 00:16:50.880  5714  5714 I LSPosed-Bridge: 	at android.view.Choreographer$CallbackRecord.run(Choreographer.java:1004)

07-19 00:16:50.880  5714  5714 I LSPosed-Bridge: 	at android.view.Choreographer$CallbackRecord.run(Choreographer.java:1004)

07-19 00:16:50.880  5714  5714 I LSPosed-Bridge: 	at android.view.Choreographer.doCallbacks(Choreographer.java:816)

07-19 00:16:50.880  5714  5714 I LSPosed-Bridge: 	at android.view.Choreographer.doCallbacks(Choreographer.java:816)

07-19 00:16:50.880  5714  5714 I LSPosed-Bridge: 	at android.view.Choreographer.doFrame(Choreographer.java:751)

07-19 00:16:50.880  5714  5714 I LSPosed-Bridge: 	at android.view.Choreographer.doFrame(Choreographer.java:751)

07-19 00:16:50.880  5714  5714 I LSPosed-Bridge: 	at android.view.Choreographer$FrameDisplayEventReceiver.run(Choreographer.java:990)

07-19 00:16:50.880  5714  5714 I LSPosed-Bridge: 	at android.view.Choreographer$FrameDisplayEventReceiver.run(Choreographer.java:990)

07-19 00:16:50.880  5714  5714 I LSPosed-Bridge: 	at android.os.Handler.handleCallback(Handler.java:873)

07-19 00:16:50.880  5714  5714 I LSPosed-Bridge: 	at android.os.Handler.handleCallback(Handler.java:873)

07-19 00:16:50.880  5714  5714 I LSPosed-Bridge: 	at android.os.Handler.dispatchMessage(Handler.java:99)

07-19 00:16:50.880  5714  5714 I LSPosed-Bridge: 	at android.os.Handler.dispatchMessage(Handler.java:99)

07-19 00:16:50.880  5714  5714 I LSPosed-Bridge: 	at android.os.Looper.loop(Looper.java:193)

07-19 00:16:50.880  5714  5714 I LSPosed-Bridge: 	at android.os.Looper.loop(Looper.java:193)

07-19 00:16:50.880  5714  5714 I LSPosed-Bridge: 	at android.app.ActivityThread.main(ActivityThread.java:6692)

07-19 00:16:50.880  5714  5714 I LSPosed-Bridge: 	at android.app.ActivityThread.main(ActivityThread.java:6692)

07-19 00:16:50.880  5714  5714 I LSPosed-Bridge: 	at java.lang.reflect.Method.invoke(Native Method)

07-19 00:16:50.880  5714  5714 I LSPosed-Bridge: 	at java.lang.reflect.Method.invoke(Native Method)

07-19 00:16:50.880  5714  5714 I LSPosed-Bridge: 	at com.android.internal.os.RuntimeInit$MethodAndArgsCaller.run(RuntimeInit.java:493)

07-19 00:16:50.880  5714  5714 I LSPosed-Bridge: 	at com.android.internal.os.RuntimeInit$MethodAndArgsCaller.run(RuntimeInit.java:493)

07-19 00:16:50.880  5714  5714 I LSPosed-Bridge: 	at com.android.internal.os.ZygoteInit.main(ZygoteInit.java:858)

07-19 00:16:50.880  5714  5714 I LSPosed-Bridge: 	at com.android.internal.os.ZygoteInit.main(ZygoteInit.java:858)

07-19 00:16:50.880  5714  5714 I LSPosed-Bridge: 5714 PermLabel 10134 android.permission.CAMERA open res= null; stacktrace=java.lang.Exception

07-19 00:16:50.880  5714  5714 I LSPosed-Bridge: 5714 PermLabel 10134 android.permission.CAMERA open res= null; stacktrace=java.lang.Exception

07-19 00:16:50.880  5714  5714 I LSPosed-Bridge: 	at com.example.permlabel.hookCamera$2.afterHookedMethod(hookCamera.java:41)

07-19 00:16:50.880  5714  5714 I LSPosed-Bridge: 	at com.example.permlabel.hookCamera$2.afterHookedMethod(hookCamera.java:41)

07-19 00:16:50.880  5714  5714 I LSPosed-Bridge: 	at de.robv.android.xposed.XposedBridge$AdditionalHookInfo.callback(Unknown Source:147)

07-19 00:16:50.880  5714  5714 I LSPosed-Bridge: 	at de.robv.android.xposed.XposedBridge$AdditionalHookInfo.callback(Unknown Source:147)

07-19 00:16:50.880  5714  5714 I LSPosed-Bridge: 	at LSPHooker_.open(Unknown Source:5)

07-19 00:16:50.880  5714  5714 I LSPosed-Bridge: 	at LSPHooker_.open(Unknown Source:5)

07-19 00:16:50.880  5714  5714 I LSPosed-Bridge: 	at com.lolaage.tbulu.tools.qrcode.camera.OooO0o.openDriver(CameraManager.java:5)

07-19 00:16:50.880  5714  5714 I LSPosed-Bridge: 	at com.lolaage.tbulu.tools.qrcode.camera.OooO0o.openDriver(CameraManager.java:5)

07-19 00:16:50.880  5714  5714 I LSPosed-Bridge: 	at com.lolaage.tbulu.tools.qrcode.activity.OooO0OO.OooO0O0(CaptureFragment.java:5)

07-19 00:16:50.880  5714  5714 I LSPosed-Bridge: 	at com.lolaage.tbulu.tools.qrcode.activity.OooO0OO.OooO0O0(CaptureFragment.java:5)

07-19 00:16:50.880  5714  5714 I LSPosed-Bridge: 	at com.lolaage.tbulu.tools.qrcode.activity.OooO0OO.surfaceCreated(CaptureFragment.java:8)

07-19 00:16:50.880  5714  5714 I LSPosed-Bridge: 	at com.lolaage.tbulu.tools.qrcode.activity.OooO0OO.surfaceCreated(CaptureFragment.java:8)

07-19 00:16:50.880  5714  5714 I LSPosed-Bridge: 	at android.view.SurfaceView.updateSurface(SurfaceView.java:670)

07-19 00:16:50.880  5714  5714 I LSPosed-Bridge: 	at android.view.SurfaceView.updateSurface(SurfaceView.java:670)

07-19 00:16:50.880  5714  5714 I LSPosed-Bridge: 	at android.view.SurfaceView$2.onPreDraw(SurfaceView.java:143)

07-19 00:16:50.880  5714  5714 I LSPosed-Bridge: 	at android.view.SurfaceView$2.onPreDraw(SurfaceView.java:143)

07-19 00:16:50.880  5714  5714 I LSPosed-Bridge: 	at android.view.ViewTreeObserver.dispatchOnPreDraw(ViewTreeObserver.java:977)

07-19 00:16:50.880  5714  5714 I LSPosed-Bridge: 	at android.view.ViewTreeObserver.dispatchOnPreDraw(ViewTreeObserver.java:977)

07-19 00:16:50.880  5714  5714 I LSPosed-Bridge: 	at android.view.ViewRootImpl.performTraversals(ViewRootImpl.java:2480)

07-19 00:16:50.880  5714  5714 I LSPosed-Bridge: 	at android.view.ViewRootImpl.performTraversals(ViewRootImpl.java:2480)

07-19 00:16:50.880  5714  5714 I LSPosed-Bridge: 	at android.view.ViewRootImpl.doTraversal(ViewRootImpl.java:1465)

07-19 00:16:50.880  5714  5714 I LSPosed-Bridge: 	at android.view.ViewRootImpl.doTraversal(ViewRootImpl.java:1465)

07-19 00:16:50.880  5714  5714 I LSPosed-Bridge: 	at android.view.ViewRootImpl$TraversalRunnable.run(ViewRootImpl.java:7205)

07-19 00:16:50.880  5714  5714 I LSPosed-Bridge: 	at android.view.ViewRootImpl$TraversalRunnable.run(ViewRootImpl.java:7205)

07-19 00:16:50.880  5714  5714 I LSPosed-Bridge: 	at android.view.Choreographer$CallbackRecord.run(Choreographer.java:1004)

07-19 00:16:50.880  5714  5714 I LSPosed-Bridge: 	at android.view.Choreographer$CallbackRecord.run(Choreographer.java:1004)

07-19 00:16:50.880  5714  5714 I LSPosed-Bridge: 	at android.view.Choreographer.doCallbacks(Choreographer.java:816)

07-19 00:16:50.880  5714  5714 I LSPosed-Bridge: 	at android.view.Choreographer.doCallbacks(Choreographer.java:816)

07-19 00:16:50.880  5714  5714 I LSPosed-Bridge: 	at android.view.Choreographer.doFrame(Choreographer.java:751)

07-19 00:16:50.880  5714  5714 I LSPosed-Bridge: 	at android.view.Choreographer.doFrame(Choreographer.java:751)

07-19 00:16:50.880  5714  5714 I LSPosed-Bridge: 	at android.view.Choreographer$FrameDisplayEventReceiver.run(Choreographer.java:990)

07-19 00:16:50.880  5714  5714 I LSPosed-Bridge: 	at android.view.Choreographer$FrameDisplayEventReceiver.run(Choreographer.java:990)

07-19 00:16:50.880  5714  5714 I LSPosed-Bridge: 	at android.os.Handler.handleCallback(Handler.java:873)

07-19 00:16:50.880  5714  5714 I LSPosed-Bridge: 	at android.os.Handler.handleCallback(Handler.java:873)

07-19 00:16:50.880  5714  5714 I LSPosed-Bridge: 	at android.os.Handler.dispatchMessage(Handler.java:99)

07-19 00:16:50.880  5714  5714 I LSPosed-Bridge: 	at android.os.Handler.dispatchMessage(Handler.java:99)

07-19 00:16:50.880  5714  5714 I LSPosed-Bridge: 	at android.os.Looper.loop(Looper.java:193)

07-19 00:16:50.880  5714  5714 I LSPosed-Bridge: 	at android.os.Looper.loop(Looper.java:193)

07-19 00:16:50.880  5714  5714 I LSPosed-Bridge: 	at android.app.ActivityThread.main(ActivityThread.java:6692)

07-19 00:16:50.880  5714  5714 I LSPosed-Bridge: 	at android.app.ActivityThread.main(ActivityThread.java:6692)

07-19 00:16:50.880  5714  5714 I LSPosed-Bridge: 	at java.lang.reflect.Method.invoke(Native Method)

07-19 00:16:50.880  5714  5714 I LSPosed-Bridge: 	at java.lang.reflect.Method.invoke(Native Method)

07-19 00:16:50.880  5714  5714 I LSPosed-Bridge: 	at com.android.internal.os.RuntimeInit$MethodAndArgsCaller.run(RuntimeInit.java:493)

07-19 00:16:50.880  5714  5714 I LSPosed-Bridge: 	at com.android.internal.os.RuntimeInit$MethodAndArgsCaller.run(RuntimeInit.java:493)

07-19 00:16:50.880  5714  5714 I LSPosed-Bridge: 	at com.android.internal.os.ZygoteInit.main(ZygoteInit.java:858)

07-19 00:16:50.880  5714  5714 I LSPosed-Bridge: 	at com.android.internal.os.ZygoteInit.main(ZygoteInit.java:858)
