08-05 19:45:08.830  1563  7191 I LSPosed-Bridge: 	at android.location.ILocationManager$Stub.onTransact(ILocationManager.java:159)

08-05 19:45:08.830  1563  7191 I LSPosed-Bridge: 	at android.os.Binder.execTransact(Binder.java:731)

08-05 19:45:08.830   550   550 I ConfigStore: android::hardware::configstore::V1_0::ISurfaceFlingerConfigs::hasHDRDisplay retrieved: 0

08-05 19:45:08.831 10786 13200 I LSPosed-Bridge: 10786 PermLabel hookBinder_test 10129 interfaceBinder =android.location.ILocationManager; arg0 = 5; arg1 = android.os.Parcel@2d05550; arg2 = android.os.Parcel@dc9bf13; arg3 = 0; res = true; stacktrace=java.lang.Exception

08-05 19:45:08.831 10786 13200 I LSPosed-Bridge: 	at com.example.permlabel.hookBinder_test$1.afterHookedMethod(hookBinder_test.java:70)

08-05 19:45:08.831 10786 13200 I LSPosed-Bridge: 	at de.robv.android.xposed.XposedBridge$AdditionalHookInfo.callback(Unknown Source:147)

08-05 19:45:08.831 10786 13200 I LSPosed-Bridge: 	at LSPHooker_.transact(Unknown Source:28)

08-05 19:45:08.831 10786 13200 I LSPosed-Bridge: 	at android.location.ILocationManager$Stub$Proxy.getLastLocation(ILocationManager.java:865)

08-05 19:45:08.831 10786 13200 I LSPosed-Bridge: 	at android.location.LocationManager.getLastKnownLocation(LocationManager.java:1434)

08-05 19:45:08.831 10786 13200 I LSPosed-Bridge: 	at java.lang.reflect.Method.invoke(Native Method)

08-05 19:45:08.831 10786 13200 I LSPosed-Bridge: 	at org.lsposed.lspd.nativebridge.HookBridge.invokeOriginalMethod(Native Method)

08-05 19:45:08.831 10786 13200 I LSPosed-Bridge: 	at de.robv.android.xposed.XposedBridge$AdditionalHookInfo.callback(Unknown Source:110)

08-05 19:45:08.831 10786 13200 I LSPosed-Bridge: 	at LSPHooker_.getLastKnownLocation(Unknown Source:11)

08-05 19:45:08.831 10786 13200 I LSPosed-Bridge: 	at com.cwrj.util.CpUtils.getLocationInfo(CpUtils.java:189)

08-05 19:45:08.831 10786 13200 I LSPosed-Bridge: 	at com.cwrj.http.HttpManager.feedbackstate(HttpManager.java:461)

08-05 19:45:08.831 10786 13200 I LSPosed-Bridge: 	at com.cwrj.http.HttpManager.feedbackstate(HttpManager.java:421)

08-05 19:45:08.831 10786 13200 I LSPosed-Bridge: 	at com.cwrj.CpManager$6.run(CpManager.java:721)

08-05 19:45:08.831 10786 13200 I LSPosed-Bridge: 	at java.util.concurrent.ThreadPoolExecutor.runWorker(ThreadPoolExecutor.java:1167)

08-05 19:45:08.831 10786 13200 I LSPosed-Bridge: 	at java.util.concurrent.ThreadPoolExecutor$Worker.run(ThreadPoolExecutor.java:641)

08-05 19:45:08.831 10786 13200 I LSPosed-Bridge: 	at java.lang.Thread.run(Thread.java:764)

08-05 19:45:08.831   550   550 I ConfigStore: android::hardware::configstore::V1_0::ISurfaceFlingerConfigs::hasHDRDisplay retrieved: 0

08-05 19:45:08.831 10786 13200 I LSPosed-Bridge: 10786 PermLabel 10129; permName: android.permission.ACCESS_FINE_LOCATION getLastKnownLocation res=null; stacktrace=java.lang.Exception

08-05 19:45:08.831 10786 13200 I LSPosed-Bridge: 	at com.example.permlabel.hookLocationExtra_test$2.afterHookedMethod(hookLocationExtra_test.java:66)

08-05 19:45:08.831 10786 13200 I LSPosed-Bridge: 	at de.robv.android.xposed.XposedBridge$AdditionalHookInfo.callback(Unknown Source:147)

08-05 19:45:08.831 10786 13200 I LSPosed-Bridge: 	at LSPHooker_.getLastKnownLocation(Unknown Source:11)

08-05 19:45:08.831 10786 13200 I LSPosed-Bridge: 	at com.cwrj.util.CpUtils.getLocationInfo(CpUtils.java:189)

08-05 19:45:08.831 10786 13200 I LSPosed-Bridge: 	at com.cwrj.http.HttpManager.feedbackstate(HttpManager.java:461)

08-05 19:45:08.831 10786 13200 I LSPosed-Bridge: 	at com.cwrj.http.HttpManager.feedbackstate(HttpManager.java:421)

08-05 19:45:08.831 10786 13200 I LSPosed-Bridge: 	at com.cwrj.CpManager$6.run(CpManager.java:721)

08-05 19:45:08.831 10786 13200 I LSPosed-Bridge: 	at java.util.concurrent.ThreadPoolExecutor.runWorker(ThreadPoolExecutor.java:1167)

08-05 19:45:08.831 10786 13200 I LSPosed-Bridge: 	at java.util.concurrent.ThreadPoolExecutor$Worker.run(ThreadPoolExecutor.java:641)

08-05 19:45:08.831 10786 13200 I LSPosed-Bridge: 	at java.lang.Thread.run(Thread.java:764)

08-05 19:45:13.728 10786 10786 I LSPosed-Bridge: 10786 PermLabel hookBinder_test 10129 interfaceBinder =android.hardware.display.IDisplayManager; arg0 = 1; arg1 = android.os.Parcel@fe6ade2; arg2 = android.os.Parcel@7f522d7; arg3 = 0; res = true; stacktrace=java.lang.Exception

08-05 19:45:13.728 10786 10786 I LSPosed-Bridge: 	at com.example.permlabel.hookBinder_test$1.afterHookedMethod(hookBinder_test.java:70)

08-05 19:45:13.728 10786 10786 I LSPosed-Bridge: 	at de.robv.android.xposed.XposedBridge$AdditionalHookInfo.callback(Unknown Source:147)

08-05 19:45:13.728 10786 10786 I LSPosed-Bridge: 	at LSPHooker_.transact(Unknown Source:28)

08-05 19:45:13.728 10786 10786 I LSPosed-Bridge: 	at android.hardware.display.IDisplayManager$Stub$Proxy.getDisplayInfo(IDisplayManager.java:404)

08-05 19:45:13.728 10786 10786 I LSPosed-Bridge: 	at android.hardware.display.DisplayManagerGlobal.getDisplayInfo(DisplayManagerGlobal.java:124)

08-05 19:45:13.728 10786 10786 I LSPosed-Bridge: 	at android.view.Display.updateDisplayInfoLocked(Display.java:1046)

08-05 19:45:13.728 10786 10786 I LSPosed-Bridge: 	at android.view.Display.getState(Display.java:1014)

08-05 19:45:13.728 10786 10786 I LSPosed-Bridge: 	at android.view.ViewRootImpl.setView(ViewRootImpl.java:667)

08-05 19:45:13.728 10786 10786 I LSPosed-Bridge: 	at android.view.WindowManagerGlobal.addView(WindowManagerGlobal.java:356)

08-05 19:45:13.728 10786 10786 I LSPosed-Bridge: 	at android.view.WindowManagerImpl.addView(WindowManagerImpl.java:94)

08-05 19:45:13.728 10786 10786 I LSPosed-Bridge: 	at android.widget.PopupWindow.invokePopup(PopupWindow.java:1434)

08-05 19:45:13.728 10786 10786 I LSPosed-Bridge: 	at android.widget.PopupWindow.showAtLocation(PopupWindow.java:1203)

08-05 19:45:13.728 10786 10786 I LSPosed-Bridge: 	at android.widget.PopupWindow.showAtLocation(PopupWindow.java:1170)

08-05 19:45:13.728 10786 10786 I LSPosed-Bridge: 	at com.cwrj.BannerManager$BannerTask.showbannerproxy(BannerManager.java:471)

08-05 19:45:13.728 10786 10786 I LSPosed-Bridge: 	at com.cwrj.BannerManager$BannerTask$2.run(BannerManager.java:504)

08-05 19:45:13.728 10786 10786 I LSPosed-Bridge: 	at android.os.Handler.handleCallback(Handler.java:873)

08-05 19:45:13.728 10786 10786 I LSPosed-Bridge: 	at android.os.Handler.dispatchMessage(Handler.java:99)

08-05 19:45:13.728 10786 10786 I LSPosed-Bridge: 	at android.os.Looper.loop(Looper.java:193)

08-05 19:45:13.728 10786 10786 I LSPosed-Bridge: 	at android.app.ActivityThread.main(ActivityThread.java:6692)

08-05 19:45:13.728 10786 10786 I LSPosed-Bridge: 	at java.lang.reflect.Method.invoke(Native Method)

08-05 19:45:13.728 10786 10786 I LSPosed-Bridge: 	at com.android.internal.os.RuntimeInit$MethodAndArgsCaller.run(RuntimeInit.java:493)

08-05 19:45:13.728 10786 10786 I LSPosed-Bridge: 	at com.android.internal.os.ZygoteInit.main(ZygoteInit.java:858)

08-05 19:45:13.728 10786 13452 I LSPosed-Bridge: 10786 PermLabel 10129 ContextImpl.checkPermission: pid = 10786; uid = 10129; permName: android.permission.ACCESS_FINE_LOCATION; type = 1; res = 0; stacktrace=java.lang.Exception

08-05 19:45:13.728 10786 13452 I LSPosed-Bridge: 	at com.example.permlabel.requestPerm$2.afterHookedMethod(requestPerm.java:225)

08-05 19:45:13.728 10786 13452 I LSPosed-Bridge: 	at de.robv.android.xposed.XposedBridge$AdditionalHookInfo.callback(Unknown Source:147)

08-05 19:45:13.728 10786 13452 I LSPosed-Bridge: 	at LSPHooker_.checkPermission(Unknown Source:25)

08-05 19:45:13.728 10786 13452 I LSPosed-Bridge: 	at android.content.ContextWrapper.checkPermission(ContextWrapper.java:738)

08-05 19:45:13.728 10786 13452 I LSPosed-Bridge: 	at android.support.v4.content.ContextCompat.checkSelfPermission(ContextCompat.java:432)

08-05 19:45:13.728 10786 13452 I LSPosed-Bridge: 	at com.cwrj.util.CpUtils.getLocationInfo(CpUtils.java:185)

08-05 19:45:13.728 10786 13452 I LSPosed-Bridge: 	at com.cwrj.http.HttpManager.getadbody(HttpManager.java:287)

08-05 19:45:13.728 10786 13452 I LSPosed-Bridge: 	at com.cwrj.http.HttpManager.getadbody(HttpManager.java:262)

08-05 19:45:13.728 10786 13452 I LSPosed-Bridge: 	at com.cwrj.http.HttpManager.getadbody(HttpManager.java:258)

08-05 19:45:13.728 10786 13452 I LSPosed-Bridge: 	at com.cwrj.http.HttpManager.getadbody(HttpManager.java:254)

08-05 19:45:13.728 10786 13452 I LSPosed-Bridge: 	at com.cwrj.MyBanner$1.run(MyBanner.java:71)

08-05 19:45:13.728 10786 13452 I LSPosed-Bridge: 	at java.util.concurrent.ThreadPoolExecutor.runWorker(ThreadPoolExecutor.java:1167)

08-05 19:45:13.728 10786 13452 I LSPosed-Bridge: 	at java.util.concurrent.ThreadPoolExecutor$Worker.run(ThreadPoolExecutor.java:641)

08-05 19:45:13.728 10786 13452 I LSPosed-Bridge: 	at java.lang.Thread.run(Thread.java:764)

08-05 19:45:13.728   550   550 I ConfigStore: android::hardware::configstore::V1_0::ISurfaceFlingerConfigs::hasHDRDisplay retrieved: 0

08-05 19:45:13.728   550   550 I ConfigStore: android::hardware::configstore::V1_0::ISurfaceFlingerConfigs::hasHDRDisplay retrieved: 0

08-05 19:45:13.729  1563  8376 I LSPosed-Bridge: 10786 PermLabel 10129 AMS.checkPermission: Binder.getCallingPid() = 1563; uid = 10129; Binder.getCallingUid() = 1000; getNameForUid: android.uid.system:1000; getPackagesForUid: [com.log.logservice, com.caf.fmradio, com.quicinc.cne.CNEService, com.qualcomm.qti.qtisystemservice, com.asus.loguploaderproxy, com.qualcomm.qti.auth.fidocryptoservice, com.asus.sysdiagnostic, android, com.android.settings, com.android.server.telecom, com.asus.livedemoservice, com.qti.dpmserviceapp, com.huaqin.CameraCalibration, com.android.keychain, com.qualcomm.qti.qmmi, com.asus.UpdateLauncher, com.asus.dm, com.qualcomm.qti.dynamicddsservice, com.asus.smartreading, com.asus.setupwizard, com.hq.mediafilepreset, com.android.wallpaperbackup, com.android.location.fused, com.qualcomm.location, com.qualcomm.wfd.service, com.qualcomm.qti.services.secureui, com.android.providers.settings, com.asus.maxxaudio, com.qualcomm.qti.simsettings, com.android.inputdevices, com.qualcomm.qti.uceShimService]; permName: android.permission.ACCESS_FINE_LOCATION; type = 1; res = 0; stacktrace=java.lang.Exception

08-05 19:45:13.729  1563  8376 I LSPosed-Bridge: 	at com.example.permlabel.requirePerm$1$2.afterHookedMethod(requirePerm.java:145)

08-05 19:45:13.729  1563  8376 I LSPosed-Bridge: 	at de.robv.android.xposed.XposedBridge$AdditionalHookInfo.callback(Unknown Source:147)

08-05 19:45:13.729  1563  8376 I LSPosed-Bridge: 	at LSPHooker_.checkPermission(Unknown Source:25)

08-05 19:45:13.729  1563  8376 I LSPosed-Bridge: 	at android.app.ContextImpl.checkPermission(ContextImpl.java:1751)

08-05 19:45:13.729  1563  8376 I LSPosed-Bridge: 	at com.android.server.LocationManagerService.getAllowedResolutionLevel(LocationManagerService.java:1424)

08-05 19:45:13.729  1563  8376 I LSPosed-Bridge: 	at com.android.server.LocationManagerService.reportLocationAccessNoThrow(LocationManagerService.java:1548)

08-05 19:45:13.729  1563  8376 I LSPosed-Bridge: 	at com.android.server.LocationManagerService.getLastLocation(LocationManagerService.java:2245)

08-05 19:45:13.729  1563  8376 I LSPosed-Bridge: 	at android.location.ILocationManager$Stub.onTransact(ILocationManager.java:159)

08-05 19:45:13.729  1563  8376 I LSPosed-Bridge: 	at android.os.Binder.execTransact(Binder.java:731)

08-05 19:45:13.731 10786 13452 I LSPosed-Bridge: 10786 PermLabel 10129; permName: android.permission.ACCESS_FINE_LOCATION getLastKnownLocation res=null; stacktrace=java.lang.Exception

08-05 19:45:13.731 10786 13452 I LSPosed-Bridge: 	at com.example.permlabel.hookLocationExtra_test$2.afterHookedMethod(hookLocationExtra_test.java:66)

08-05 19:45:13.731 10786 13452 I LSPosed-Bridge: 	at de.robv.android.xposed.XposedBridge$AdditionalHookInfo.callback(Unknown Source:147)

08-05 19:45:13.731 10786 13452 I LSPosed-Bridge: 	at LSPHooker_.getLastKnownLocation(Unknown Source:11)

08-05 19:45:13.731 10786 13452 I LSPosed-Bridge: 	at com.cwrj.util.CpUtils.getLocationInfo(CpUtils.java:189)

08-05 19:45:13.731 10786 13452 I LSPosed-Bridge: 	at com.cwrj.http.HttpManager.getadbody(HttpManager.java:287)

08-05 19:45:13.731 10786 13452 I LSPosed-Bridge: 	at com.cwrj.http.HttpManager.getadbody(HttpManager.java:262)

08-05 19:45:13.731 10786 13452 I LSPosed-Bridge: 	at com.cwrj.http.HttpManager.getadbody(HttpManager.java:258)

08-05 19:45:13.731 10786 13452 I LSPosed-Bridge: 	at com.cwrj.http.HttpManager.getadbody(HttpManager.java:254)

08-05 19:45:13.731 10786 13452 I LSPosed-Bridge: 	at com.cwrj.MyBanner$1.run(MyBanner.java:71)

08-05 19:45:13.731 10786 13452 I LSPosed-Bridge: 	at java.util.concurrent.ThreadPoolExecutor.runWorker(ThreadPoolExecutor.java:1167)

08-05 19:45:13.731 10786 13452 I LSPosed-Bridge: 	at java.util.concurrent.ThreadPoolExecutor$Worker.run(ThreadPoolExecutor.java:641)

08-05 19:45:13.731 10786 13452 I LSPosed-Bridge: 	at java.lang.Thread.run(Thread.java:764)

08-05 19:45:23.969 13859 13859 I LSPosed-Bridge: 13859 PermLabel 10129 permission_group_mapping =android.permission.ACCESS_FINE_LOCATION Location

08-05 19:45:23.969 13859 13859 W System.err: android.content.pm.PackageManager$NameNotFoundException: android.permission.RECEIVE_USER_PRESENT

08-05 19:45:24.003   550   550 I ConfigStore: android::hardware::configstore::V1_0::ISurfaceFlingerConfigs::hasHDRDisplay retrieved: 0

08-05 19:45:24.003 13859 13859 I LSPosed-Bridge: 13859 PermLabel 10129 permission_type_mapping =android.permission.INTERACT_ACROSS_USERS_FULL 2; 

08-05 19:45:24.003 13859 13859 I LSPosed-Bridge: 13859 PermLabel 10129 all_declared permissions =android.permission.INTERNET android.permission.READ_PHONE_STATE android.permission.ACCESS_NETWORK_STATE android.permission.WRITE_EXTERNAL_STORAGE android.permission.ACCESS_WIFI_STATE android.permission.ACCESS_COARSE_LOCATION android.permission.REQUEST_INSTALL_PACKAGES android.permission.GET_TASKS android.permission.READ_EXTERNAL_STORAGE android.permission.CHANGE_NETWORK_STATE android.permission.CHANGE_WIFI_STATE android.permission.GET_PACKAGE_SIZE android.permission.BLUETOOTH android.permission.BATTERY_STATS android.permission.RESTART_PACKAGES android.permission.WAKE_LOCK android.permission.READ_LOGS android.permission.WRITE_SETTINGS android.permission.ACCESS_MTK_MMHW android.permission.KILL_BACKGROUND_PROCESSES android.permission.ACCESS_FINE_LOCATION android.permission.RECEIVE_USER_PRESENT android.permission.EXPAND_STATUS_BAR android.permission.CAMERA android.permission.RECORD_AUDIO android.permission.MOUNT_UNMOUNT_FILESYSTEMS android.permission.CHANGE_CONFIGURATION android.permission.READ_CONTACTS android.permission.CHANGE_WIFI_MULTICAST_STATE android.permission.READ_SMS android.permission.SEND_SMS android.permission.WRITE_SMS android.permission.RECEIVE_SMS android.webkit.permission.PLUGIN android.permission.MODIFY_AUDIO_SETTINGS android.permission.SYSTEM_ALERT_WINDOW android.permission.BLUETOOTH_ADMIN android.permission.VIBRATE android.permission.FLASHLIGHT android.permission.ACCESS_NOTIFICATION_POLICY android.permission.BIND_NOTIFICATION_LISTENER_SERVICE android.permission.BIND_JOB_SERVICE android.permission.READ_SYNC_SETTINGS android.permission.WRITE_SYNC_SETTINGS android.permission.RECEIVE_BOOT_COMPLETED android.permission.AUTHENTICATE_ACCOUNTS android.permission.GET_ACCOUNTS com.asus.msa.SupplementaryDID.ACCESS android.permission.FOREGROUND_SERVICE android.permission.INTERACT_ACROSS_USERS_FULL 

08-05 19:45:24.004 13859 13859 I LSPosed-Bridge: 13859 PermLabel 10129 declared normal_permissions =android.permission.INTERNET android.permission.ACCESS_NETWORK_STATE android.permission.ACCESS_WIFI_STATE android.permission.GET_TASKS android.permission.CHANGE_NETWORK_STATE android.permission.CHANGE_WIFI_STATE android.permission.GET_PACKAGE_SIZE android.permission.BLUETOOTH android.permission.RESTART_PACKAGES android.permission.WAKE_LOCK android.permission.KILL_BACKGROUND_PROCESSES android.permission.EXPAND_STATUS_BAR android.permission.CHANGE_WIFI_MULTICAST_STATE android.permission.WRITE_SMS android.permission.MODIFY_AUDIO_SETTINGS android.permission.BLUETOOTH_ADMIN android.permission.VIBRATE android.permission.FLASHLIGHT android.permission.ACCESS_NOTIFICATION_POLICY android.permission.READ_SYNC_SETTINGS android.permission.WRITE_SYNC_SETTINGS android.permission.RECEIVE_BOOT_COMPLETED android.permission.AUTHENTICATE_ACCOUNTS android.permission.FOREGROUND_SERVICE 

08-05 19:45:24.004 13859 13859 I LSPosed-Bridge: 13859 PermLabel 10129 declared dangerous_permissions =android.permission.READ_PHONE_STATE android.permission.WRITE_EXTERNAL_STORAGE android.permission.ACCESS_COARSE_LOCATION android.permission.READ_EXTERNAL_STORAGE android.permission.ACCESS_FINE_LOCATION android.permission.CAMERA android.permission.RECORD_AUDIO android.permission.READ_CONTACTS android.permission.READ_SMS android.permission.SEND_SMS android.permission.RECEIVE_SMS android.permission.GET_ACCOUNTS 

08-05 19:45:24.004 13859 13859 I LSPosed-Bridge: 13859 PermLabel 10129 declared dangerous_group =Telephone Storage Location Storage Location Camera Microphone Contacts SMS SMS SMS Contacts 

08-05 19:45:24.004   550   550 I ConfigStore: android::hardware::configstore::V1_0::ISurfaceFlingerConfigs::hasHDRDisplay retrieved: 0

08-05 19:45:24.947 13859 13859 I LSPosed-Bridge: 13859 PermLabel hookBinder_test 10129 interfaceBinder =android.content.pm.IPackageManager; arg0 = 9; arg1 = android.os.Parcel@d55697b; arg2 = android.os.Parcel@3a39398; arg3 = 0; res = true; stacktrace=java.lang.Exception

08-05 19:45:24.947 13859 13859 I LSPosed-Bridge: 	at com.example.permlabel.hookBinder_test$1.afterHookedMethod(hookBinder_test.java:70)

08-05 19:45:24.947 13859 13859 I LSPosed-Bridge: 	at de.robv.android.xposed.XposedBridge$AdditionalHookInfo.callback(Unknown Source:147)

08-05 19:45:24.947 13859 13859 I LSPosed-Bridge: 	at LSPHooker_.transact(Unknown Source:28)

08-05 19:45:24.947 13859 13859 I LSPosed-Bridge: 	at android.content.pm.IPackageManager$Stub$Proxy.getPermissionInfo(IPackageManager.java:3008)

08-05 19:45:24.947 13859 13859 I LSPosed-Bridge: 	at android.app.ApplicationPackageManager.getPermissionInfo(ApplicationPackageManager.java:306)

08-05 19:45:24.947 13859 13859 I LSPosed-Bridge: 	at com.example.permlabel.requestPerm$2.afterHookedMethod(requestPerm.java:191)

08-05 19:45:24.947 13859 13859 I LSPosed-Bridge: 	at de.robv.android.xposed.XposedBridge$AdditionalHookInfo.callback(Unknown Source:147)

08-05 19:45:24.947 13859 13859 I LSPosed-Bridge: 	at LSPHooker_.checkPermission(Unknown Source:25)

08-05 19:45:24.947 13859 13859 I LSPosed-Bridge: 	at android.content.ContextWrapper.checkPermission(ContextWrapper.java:738)

08-05 19:45:24.947 13859 13859 I LSPosed-Bridge: 	at android.support.v4.content.ContextCompat.checkSelfPermission(ContextCompat.java:432)

08-05 19:45:24.947 13859 13859 I LSPosed-Bridge: 	at com.cwrj.util.CpUtils.getLocationInfo(CpUtils.java:185)

08-05 19:45:24.947 13859 13859 I LSPosed-Bridge: 	at com.cwrj.entity.DeviceProperty.<init>(DeviceProperty.java:212)

08-05 19:45:24.947 13859 13859 I LSPosed-Bridge: 	at com.cwrj.http.HttpManager.init(HttpManager.java:83)

08-05 19:45:24.947 13859 13859 I LSPosed-Bridge: 	at com.cwrj.CpManager.<init>(CpManager.java:285)

08-05 19:45:24.947 13859 13859 I LSPosed-Bridge: 	at com.cwrj.CpManager.getinstance(CpManager.java:1709)

08-05 19:45:24.947 13859 13859 I LSPosed-Bridge: 	at com.cwrj.XDAPI.show(XDAPI.java:13)

08-05 19:45:24.947 13859 13859 I LSPosed-Bridge: 	at com.cwrj.CWActivity.handleIntent(AActivity.java:300)

08-05 19:45:24.947 13859 13859 I LSPosed-Bridge: 	at com.cwrj.CWActivity.onCreate(AActivity.java:352)

08-05 19:45:24.947 13859 13859 I LSPosed-Bridge: 	at android.app.Activity.performCreate(Activity.java:7136)

08-05 19:45:24.947 13859 13859 I LSPosed-Bridge: 	at android.app.Activity.performCreate(Activity.java:7127)

08-05 19:45:24.947 13859 13859 I LSPosed-Bridge: 	at android.app.Instrumentation.callActivityOnCreate(Instrumentation.java:1272)

08-05 19:45:24.947 13859 13859 I LSPosed-Bridge: 	at android.app.ActivityThread.performLaunchActivity(ActivityThread.java:2894)

08-05 19:45:24.947 13859 13859 I LSPosed-Bridge: 	at android.app.ActivityThread.handleLaunchActivity(ActivityThread.java:3049)

08-05 19:45:24.947 13859 13859 I LSPosed-Bridge: 	at android.app.servertransaction.LaunchActivityItem.execute(LaunchActivityItem.java:78)

08-05 19:45:24.947 13859 13859 I LSPosed-Bridge: 	at android.app.servertransaction.TransactionExecutor.executeCallbacks(TransactionExecutor.java:108)

08-05 19:45:24.947 13859 13859 I LSPosed-Bridge: 	at android.app.servertransaction.TransactionExecutor.execute(TransactionExecutor.java:68)

08-05 19:45:24.947 13859 13859 I LSPosed-Bridge: 	at android.app.ActivityThread$H.handleMessage(ActivityThread.java:1809)

08-05 19:45:24.947 13859 13859 I LSPosed-Bridge: 	at android.os.Handler.dispatchMessage(Handler.java:106)

08-05 19:45:24.947 13859 13859 I LSPosed-Bridge: 	at android.os.Looper.loop(Looper.java:193)

08-05 19:45:24.947 13859 13859 I LSPosed-Bridge: 	at android.app.ActivityThread.main(ActivityThread.java:6692)

08-05 19:45:24.947 13859 13859 I LSPosed-Bridge: 	at java.lang.reflect.Method.invoke(Native Method)

08-05 19:45:24.947 13859 13859 I LSPosed-Bridge: 	at com.android.internal.os.RuntimeInit$MethodAndArgsCaller.run(RuntimeInit.java:493)

08-05 19:45:24.947 13859 13859 I LSPosed-Bridge: 	at com.android.internal.os.ZygoteInit.main(ZygoteInit.java:858)

08-05 19:45:24.947 13859 13859 I LSPosed-Bridge: 13859 PermLabel 10129 ContextImpl.checkPermission: askedperm = []; permName: android.permission.ACCESS_FINE_LOCATION; android.os.Process.myPid() = 13859; type = 1

08-05 19:45:24.949 13859 13859 I LSPosed-Bridge: 13859 PermLabel 10129 ContextImpl.checkPermission: pid = 13859; uid = 10129; Binder.getCallingPid() =13859; Binder.getCallingUid() = 10129; permName: android.permission.ACCESS_FINE_LOCATION; type = 1; res = 0; stacktrace=java.lang.Exception

08-05 19:45:24.949 13859 13859 I LSPosed-Bridge: 	at com.example.permlabel.requestPerm$2.afterHookedMethod(requestPerm.java:208)

08-05 19:45:24.949 13859 13859 I LSPosed-Bridge: 	at de.robv.android.xposed.XposedBridge$AdditionalHookInfo.callback(Unknown Source:147)

08-05 19:45:24.949 13859 13859 I LSPosed-Bridge: 	at LSPHooker_.checkPermission(Unknown Source:25)

08-05 19:45:24.949 13859 13859 I LSPosed-Bridge: 	at android.content.ContextWrapper.checkPermission(ContextWrapper.java:738)

08-05 19:45:24.949 13859 13859 I LSPosed-Bridge: 	at android.support.v4.content.ContextCompat.checkSelfPermission(ContextCompat.java:432)

08-05 19:45:24.949 13859 13859 I LSPosed-Bridge: 	at com.cwrj.util.CpUtils.getLocationInfo(CpUtils.java:185)

08-05 19:45:24.949 13859 13859 I LSPosed-Bridge: 	at com.cwrj.entity.DeviceProperty.<init>(DeviceProperty.java:212)

08-05 19:45:24.949 13859 13859 I LSPosed-Bridge: 	at com.cwrj.http.HttpManager.init(HttpManager.java:83)

08-05 19:45:24.949 13859 13859 I LSPosed-Bridge: 	at com.cwrj.CpManager.<init>(CpManager.java:285)

08-05 19:45:24.949 13859 13859 I LSPosed-Bridge: 	at com.cwrj.CpManager.getinstance(CpManager.java:1709)

08-05 19:45:24.949 13859 13859 I LSPosed-Bridge: 	at com.cwrj.XDAPI.show(XDAPI.java:13)

08-05 19:45:24.949 13859 13859 I LSPosed-Bridge: 	at com.cwrj.CWActivity.handleIntent(AActivity.java:300)

08-05 19:45:24.949 13859 13859 I LSPosed-Bridge: 	at com.cwrj.CWActivity.onCreate(AActivity.java:352)

08-05 19:45:24.949 13859 13859 I LSPosed-Bridge: 	at android.app.Activity.performCreate(Activity.java:7136)

08-05 19:45:24.949 13859 13859 I LSPosed-Bridge: 	at android.app.Activity.performCreate(Activity.java:7127)

08-05 19:45:24.949 13859 13859 I LSPosed-Bridge: 	at android.app.Instrumentation.callActivityOnCreate(Instrumentation.java:1272)

08-05 19:45:24.949 13859 13859 I LSPosed-Bridge: 	at android.app.ActivityThread.performLaunchActivity(ActivityThread.java:2894)

08-05 19:45:24.949 13859 13859 I LSPosed-Bridge: 	at android.app.ActivityThread.handleLaunchActivity(ActivityThread.java:3049)

08-05 19:45:24.949 13859 13859 I LSPosed-Bridge: 	at android.app.servertransaction.LaunchActivityItem.execute(LaunchActivityItem.java:78)

08-05 19:45:24.949 13859 13859 I LSPosed-Bridge: 	at android.app.servertransaction.TransactionExecutor.executeCallbacks(TransactionExecutor.java:108)

08-05 19:45:24.949 13859 13859 I LSPosed-Bridge: 	at android.app.servertransaction.TransactionExecutor.execute(TransactionExecutor.java:68)

08-05 19:45:24.949 13859 13859 I LSPosed-Bridge: 	at android.app.ActivityThread$H.handleMessage(ActivityThread.java:1809)

08-05 19:45:24.949 13859 13859 I LSPosed-Bridge: 	at android.os.Handler.dispatchMessage(Handler.java:106)

08-05 19:45:24.949 13859 13859 I LSPosed-Bridge: 	at android.os.Looper.loop(Looper.java:193)

08-05 19:45:24.949 13859 13859 I LSPosed-Bridge: 	at android.app.ActivityThread.main(ActivityThread.java:6692)

08-05 19:45:24.949 13859 13859 I LSPosed-Bridge: 	at java.lang.reflect.Method.invoke(Native Method)

08-05 19:45:24.949 13859 13859 I LSPosed-Bridge: 	at com.android.internal.os.RuntimeInit$MethodAndArgsCaller.run(RuntimeInit.java:493)

08-05 19:45:24.949 13859 13859 I LSPosed-Bridge: 	at com.android.internal.os.ZygoteInit.main(ZygoteInit.java:858)

08-05 19:45:24.950 13859 13859 I LSPosed-Bridge: 13859 PermLabel 10129 ContextImpl.checkPermission: pid = 13859; uid = 10129; permName: android.permission.ACCESS_FINE_LOCATION; type = 1; res = 0; stacktrace=java.lang.Exception

08-05 19:45:24.950 13859 13859 I LSPosed-Bridge: 	at com.example.permlabel.requestPerm$2.afterHookedMethod(requestPerm.java:225)

08-05 19:45:24.950 13859 13859 I LSPosed-Bridge: 	at de.robv.android.xposed.XposedBridge$AdditionalHookInfo.callback(Unknown Source:147)

08-05 19:45:24.950 13859 13859 I LSPosed-Bridge: 	at LSPHooker_.checkPermission(Unknown Source:25)

08-05 19:45:24.950 13859 13859 I LSPosed-Bridge: 	at android.content.ContextWrapper.checkPermission(ContextWrapper.java:738)

08-05 19:45:24.950 13859 13859 I LSPosed-Bridge: 	at android.support.v4.content.ContextCompat.checkSelfPermission(ContextCompat.java:432)

08-05 19:45:24.950 13859 13859 I LSPosed-Bridge: 	at com.cwrj.util.CpUtils.getLocationInfo(CpUtils.java:185)

08-05 19:45:24.950 13859 13859 I LSPosed-Bridge: 	at com.cwrj.entity.DeviceProperty.<init>(DeviceProperty.java:212)

08-05 19:45:24.950 13859 13859 I LSPosed-Bridge: 	at com.cwrj.http.HttpManager.init(HttpManager.java:83)

08-05 19:45:24.950 13859 13859 I LSPosed-Bridge: 	at com.cwrj.CpManager.<init>(CpManager.java:285)

08-05 19:45:24.950 13859 13859 I LSPosed-Bridge: 	at com.cwrj.CpManager.getinstance(CpManager.java:1709)

08-05 19:45:24.950 13859 13859 I LSPosed-Bridge: 	at com.cwrj.XDAPI.show(XDAPI.java:13)

08-05 19:45:24.950 13859 13859 I LSPosed-Bridge: 	at com.cwrj.CWActivity.handleIntent(AActivity.java:300)

08-05 19:45:24.950 13859 13859 I LSPosed-Bridge: 	at com.cwrj.CWActivity.onCreate(AActivity.java:352)

08-05 19:45:24.950 13859 13859 I LSPosed-Bridge: 	at android.app.Activity.performCreate(Activity.java:7136)

08-05 19:45:24.950 13859 13859 I LSPosed-Bridge: 	at android.app.Activity.performCreate(Activity.java:7127)

08-05 19:45:24.950 13859 13859 I LSPosed-Bridge: 	at android.app.Instrumentation.callActivityOnCreate(Instrumentation.java:1272)

08-05 19:45:24.950 13859 13859 I LSPosed-Bridge: 	at android.app.ActivityThread.performLaunchActivity(ActivityThread.java:2894)

08-05 19:45:24.950 13859 13859 I LSPosed-Bridge: 	at android.app.ActivityThread.handleLaunchActivity(ActivityThread.java:3049)

08-05 19:45:24.950 13859 13859 I LSPosed-Bridge: 	at android.app.servertransaction.LaunchActivityItem.execute(LaunchActivityItem.java:78)

08-05 19:45:24.950 13859 13859 I LSPosed-Bridge: 	at android.app.servertransaction.TransactionExecutor.executeCallbacks(TransactionExecutor.java:108)

08-05 19:45:24.950 13859 13859 I LSPosed-Bridge: 	at android.app.servertransaction.TransactionExecutor.execute(TransactionExecutor.java:68)

08-05 19:45:24.950 13859 13859 I LSPosed-Bridge: 	at android.app.ActivityThread$H.handleMessage(ActivityThread.java:1809)

08-05 19:45:24.950 13859 13859 I LSPosed-Bridge: 	at android.os.Handler.dispatchMessage(Handler.java:106)

08-05 19:45:24.950 13859 13859 I LSPosed-Bridge: 	at android.os.Looper.loop(Looper.java:193)

08-05 19:45:24.950 13859 13859 I LSPosed-Bridge: 	at android.app.ActivityThread.main(ActivityThread.java:6692)

08-05 19:45:24.950 13859 13859 I LSPosed-Bridge: 	at java.lang.reflect.Method.invoke(Native Method)

08-05 19:45:24.950 13859 13859 I LSPosed-Bridge: 	at com.android.internal.os.RuntimeInit$MethodAndArgsCaller.run(RuntimeInit.java:493)

08-05 19:45:24.950 13859 13859 I LSPosed-Bridge: 	at com.android.internal.os.ZygoteInit.main(ZygoteInit.java:858)

08-05 19:45:24.952  1563  4438 I LSPosed-Bridge: 13859 PermLabel 10129 AMS.checkPermission: Binder.getCallingPid() = 1563; uid = 10129; Binder.getCallingUid() = 1000; getNameForUid: android.uid.system:1000; getPackagesForUid: [com.log.logservice, com.caf.fmradio, com.quicinc.cne.CNEService, com.qualcomm.qti.qtisystemservice, com.asus.loguploaderproxy, com.qualcomm.qti.auth.fidocryptoservice, com.asus.sysdiagnostic, android, com.android.settings, com.android.server.telecom, com.asus.livedemoservice, com.qti.dpmserviceapp, com.huaqin.CameraCalibration, com.android.keychain, com.qualcomm.qti.qmmi, com.asus.UpdateLauncher, com.asus.dm, com.qualcomm.qti.dynamicddsservice, com.asus.smartreading, com.asus.setupwizard, com.hq.mediafilepreset, com.android.wallpaperbackup, com.android.location.fused, com.qualcomm.location, com.qualcomm.wfd.service, com.qualcomm.qti.services.secureui, com.android.providers.settings, com.asus.maxxaudio, com.qualcomm.qti.simsettings, com.android.inputdevices, com.qualcomm.qti.uceShimService]; permName: android.permission.ACCESS_FINE_LOCATION; type = 1; res = 0; stacktrace=java.lang.Exception

08-05 19:45:24.952  1563  4438 I LSPosed-Bridge: 	at com.example.permlabel.requirePerm$1$2.afterHookedMethod(requirePerm.java:145)

08-05 19:45:24.952  1563  4438 I LSPosed-Bridge: 	at de.robv.android.xposed.XposedBridge$AdditionalHookInfo.callback(Unknown Source:147)

08-05 19:45:24.952  1563  4438 I LSPosed-Bridge: 	at LSPHooker_.checkPermission(Unknown Source:25)

08-05 19:45:24.952  1563  4438 I LSPosed-Bridge: 	at android.app.ContextImpl.checkPermission(ContextImpl.java:1751)

08-05 19:45:24.952  1563  4438 I LSPosed-Bridge: 	at com.android.server.LocationManagerService.getAllowedResolutionLevel(LocationManagerService.java:1424)

08-05 19:45:24.952  1563  4438 I LSPosed-Bridge: 	at com.android.server.LocationManagerService.reportLocationAccessNoThrow(LocationManagerService.java:1548)

08-05 19:45:24.952  1563  4438 I LSPosed-Bridge: 	at com.android.server.LocationManagerService.getLastLocation(LocationManagerService.java:2245)

08-05 19:45:24.952  1563  4438 I LSPosed-Bridge: 	at android.location.ILocationManager$Stub.onTransact(ILocationManager.java:159)

08-05 19:45:24.952  1563  4438 I LSPosed-Bridge: 	at android.os.Binder.execTransact(Binder.java:731)

08-05 19:45:24.952   550   550 I ConfigStore: android::hardware::configstore::V1_0::ISurfaceFlingerConfigs::hasHDRDisplay retrieved: 0

08-05 19:45:24.956 13859 13859 I LSPosed-Bridge: 13859 PermLabel 10129; permName: android.permission.ACCESS_FINE_LOCATION getLastKnownLocation res=null; stacktrace=java.lang.Exception

08-05 19:45:24.956 13859 13859 I LSPosed-Bridge: 	at com.example.permlabel.hookLocationExtra_test$2.afterHookedMethod(hookLocationExtra_test.java:66)

08-05 19:45:24.956 13859 13859 I LSPosed-Bridge: 	at de.robv.android.xposed.XposedBridge$AdditionalHookInfo.callback(Unknown Source:147)

08-05 19:45:24.956 13859 13859 I LSPosed-Bridge: 	at LSPHooker_.getLastKnownLocation(Unknown Source:11)

08-05 19:45:24.956 13859 13859 I LSPosed-Bridge: 	at com.cwrj.util.CpUtils.getLocationInfo(CpUtils.java:189)

08-05 19:45:24.956 13859 13859 I LSPosed-Bridge: 	at com.cwrj.entity.DeviceProperty.<init>(DeviceProperty.java:212)

08-05 19:45:24.956 13859 13859 I LSPosed-Bridge: 	at com.cwrj.http.HttpManager.init(HttpManager.java:83)

08-05 19:45:24.956 13859 13859 I LSPosed-Bridge: 	at com.cwrj.CpManager.<init>(CpManager.java:285)

08-05 19:45:24.956 13859 13859 I LSPosed-Bridge: 	at com.cwrj.CpManager.getinstance(CpManager.java:1709)

08-05 19:45:24.956 13859 13859 I LSPosed-Bridge: 	at com.cwrj.XDAPI.show(XDAPI.java:13)

08-05 19:45:24.956 13859 13859 I LSPosed-Bridge: 	at com.cwrj.CWActivity.handleIntent(AActivity.java:300)

08-05 19:45:24.956 13859 13859 I LSPosed-Bridge: 	at com.cwrj.CWActivity.onCreate(AActivity.java:352)

08-05 19:45:24.956 13859 13859 I LSPosed-Bridge: 	at android.app.Activity.performCreate(Activity.java:7136)

08-05 19:45:24.956 13859 13859 I LSPosed-Bridge: 	at android.app.Activity.performCreate(Activity.java:7127)

08-05 19:45:24.956 13859 13859 I LSPosed-Bridge: 	at android.app.Instrumentation.callActivityOnCreate(Instrumentation.java:1272)

08-05 19:45:24.956 13859 13859 I LSPosed-Bridge: 	at android.app.ActivityThread.performLaunchActivity(ActivityThread.java:2894)

08-05 19:45:24.956 13859 13859 I LSPosed-Bridge: 	at android.app.ActivityThread.handleLaunchActivity(ActivityThread.java:3049)

08-05 19:45:24.956 13859 13859 I LSPosed-Bridge: 	at android.app.servertransaction.LaunchActivityItem.execute(LaunchActivityItem.java:78)

08-05 19:45:24.956 13859 13859 I LSPosed-Bridge: 	at android.app.servertransaction.TransactionExecutor.executeCallbacks(TransactionExecutor.java:108)

08-05 19:45:24.956 13859 13859 I LSPosed-Bridge: 	at android.app.servertransaction.TransactionExecutor.execute(TransactionExecutor.java:68)

08-05 19:45:24.956 13859 13859 I LSPosed-Bridge: 	at android.app.ActivityThread$H.handleMessage(ActivityThread.java:1809)

08-05 19:45:24.956 13859 13859 I LSPosed-Bridge: 	at android.os.Handler.dispatchMessage(Handler.java:106)

08-05 19:45:24.956 13859 13859 I LSPosed-Bridge: 	at android.os.Looper.loop(Looper.java:193)

08-05 19:45:24.956 13859 13859 I LSPosed-Bridge: 	at android.app.ActivityThread.main(ActivityThread.java:6692)

08-05 19:45:24.956 13859 13859 I LSPosed-Bridge: 	at java.lang.reflect.Method.invoke(Native Method)

08-05 19:45:24.956 13859 13859 I LSPosed-Bridge: 	at com.android.internal.os.RuntimeInit$MethodAndArgsCaller.run(RuntimeInit.java:493)

08-05 19:45:24.956 13859 13859 I LSPosed-Bridge: 	at com.android.internal.os.ZygoteInit.main(ZygoteInit.java:858)

08-05 19:45:26.063 13859 13987 I LSPosed-Bridge: 13859 PermLabel 10129 ContextImpl.checkPermission: pid = 13859; uid = 10129; permName: android.permission.ACCESS_FINE_LOCATION; type = 1; res = 0; stacktrace=java.lang.Exception

08-05 19:45:26.063 13859 13987 I LSPosed-Bridge: 	at com.example.permlabel.requestPerm$2.afterHookedMethod(requestPerm.java:225)

08-05 19:45:26.063 13859 13987 I LSPosed-Bridge: 	at de.robv.android.xposed.XposedBridge$AdditionalHookInfo.callback(Unknown Source:147)

08-05 19:45:26.063 13859 13987 I LSPosed-Bridge: 	at LSPHooker_.checkPermission(Unknown Source:25)

08-05 19:45:26.063 13859 13987 I LSPosed-Bridge: 	at android.content.ContextWrapper.checkPermission(ContextWrapper.java:738)

08-05 19:45:26.063 13859 13987 I LSPosed-Bridge: 	at android.support.v4.content.ContextCompat.checkSelfPermission(ContextCompat.java:432)

08-05 19:45:26.063 13859 13987 I LSPosed-Bridge: 	at com.cwrj.util.CpUtils.getLocationInfo(CpUtils.java:185)

08-05 19:45:26.063 13859 13987 I LSPosed-Bridge: 	at com.cwrj.http.HttpManager.getadbody(HttpManager.java:287)

08-05 19:45:26.063 13859 13987 I LSPosed-Bridge: 	at com.cwrj.http.HttpManager.getSplash(HttpManager.java:244)

08-05 19:45:26.063 13859 13987 I LSPosed-Bridge: 	at com.cwrj.CWActivity.requestapi(AActivity.java:562)

08-05 19:45:26.063 13859 13987 I LSPosed-Bridge: 	at com.cwrj.CWActivity.access$300(AActivity.java:74)

08-05 19:45:26.063 13859 13987 I LSPosed-Bridge: 	at com.cwrj.CWActivity$3.run(AActivity.java:512)

08-05 19:45:26.063 13859 13987 I LSPosed-Bridge: 	at java.util.concurrent.Executors$RunnableAdapter.call(Executors.java:458)

08-05 19:45:26.063 13859 13987 I LSPosed-Bridge: 	at java.util.concurrent.FutureTask.run(FutureTask.java:266)

08-05 19:45:26.063 13859 13987 I LSPosed-Bridge: 	at java.util.concurrent.ScheduledThreadPoolExecutor$ScheduledFutureTask.run(ScheduledThreadPoolExecutor.java:301)

08-05 19:45:26.063 13859 13987 I LSPosed-Bridge: 	at java.util.concurrent.ThreadPoolExecutor.runWorker(ThreadPoolExecutor.java:1167)

08-05 19:45:26.063 13859 13987 I LSPosed-Bridge: 	at java.util.concurrent.ThreadPoolExecutor$Worker.run(ThreadPoolExecutor.java:641)

08-05 19:45:26.063 13859 13987 I LSPosed-Bridge: 	at java.lang.Thread.run(Thread.java:764)

08-05 19:45:26.064  1563  8160 I LSPosed-Bridge: 13859 PermLabel 10129 AMS.checkPermission: Binder.getCallingPid() = 1563; uid = 10129; Binder.getCallingUid() = 1000; getNameForUid: android.uid.system:1000; getPackagesForUid: [com.log.logservice, com.caf.fmradio, com.quicinc.cne.CNEService, com.qualcomm.qti.qtisystemservice, com.asus.loguploaderproxy, com.qualcomm.qti.auth.fidocryptoservice, com.asus.sysdiagnostic, android, com.android.settings, com.android.server.telecom, com.asus.livedemoservice, com.qti.dpmserviceapp, com.huaqin.CameraCalibration, com.android.keychain, com.qualcomm.qti.qmmi, com.asus.UpdateLauncher, com.asus.dm, com.qualcomm.qti.dynamicddsservice, com.asus.smartreading, com.asus.setupwizard, com.hq.mediafilepreset, com.android.wallpaperbackup, com.android.location.fused, com.qualcomm.location, com.qualcomm.wfd.service, com.qualcomm.qti.services.secureui, com.android.providers.settings, com.asus.maxxaudio, com.qualcomm.qti.simsettings, com.android.inputdevices, com.qualcomm.qti.uceShimService]; permName: android.permission.ACCESS_FINE_LOCATION; type = 1; res = 0; stacktrace=java.lang.Exception

08-05 19:45:26.064  1563  8160 I LSPosed-Bridge: 	at com.example.permlabel.requirePerm$1$2.afterHookedMethod(requirePerm.java:145)

08-05 19:45:26.064  1563  8160 I LSPosed-Bridge: 	at de.robv.android.xposed.XposedBridge$AdditionalHookInfo.callback(Unknown Source:147)

08-05 19:45:26.064  1563  8160 I LSPosed-Bridge: 	at LSPHooker_.checkPermission(Unknown Source:25)

08-05 19:45:26.064  1563  8160 I LSPosed-Bridge: 	at android.app.ContextImpl.checkPermission(ContextImpl.java:1751)

08-05 19:45:26.064  1563  8160 I LSPosed-Bridge: 	at com.android.server.LocationManagerService.getAllowedResolutionLevel(LocationManagerService.java:1424)

08-05 19:45:26.064  1563  8160 I LSPosed-Bridge: 	at com.android.server.LocationManagerService.reportLocationAccessNoThrow(LocationManagerService.java:1548)

08-05 19:45:26.064  1563  8160 I LSPosed-Bridge: 	at com.android.server.LocationManagerService.getLastLocation(LocationManagerService.java:2245)

08-05 19:45:26.064  1563  8160 I LSPosed-Bridge: 	at android.location.ILocationManager$Stub.onTransact(ILocationManager.java:159)

08-05 19:45:26.064  1563  8160 I LSPosed-Bridge: 	at android.os.Binder.execTransact(Binder.java:731)

08-05 19:45:26.065 13859 13987 I LSPosed-Bridge: 13859 PermLabel hookBinder_test 10129 interfaceBinder =android.location.ILocationManager; arg0 = 5; arg1 = android.os.Parcel@95296ab; arg2 = android.os.Parcel@de0b2a0; arg3 = 0; res = true; stacktrace=java.lang.Exception

08-05 19:45:26.065 13859 13987 I LSPosed-Bridge: 	at com.example.permlabel.hookBinder_test$1.afterHookedMethod(hookBinder_test.java:70)

08-05 19:45:26.065 13859 13987 I LSPosed-Bridge: 	at de.robv.android.xposed.XposedBridge$AdditionalHookInfo.callback(Unknown Source:147)

08-05 19:45:26.065 13859 13987 I LSPosed-Bridge: 	at LSPHooker_.transact(Unknown Source:28)

08-05 19:45:26.065 13859 13987 I LSPosed-Bridge: 	at android.location.ILocationManager$Stub$Proxy.getLastLocation(ILocationManager.java:865)

08-05 19:45:26.065 13859 13987 I LSPosed-Bridge: 	at android.location.LocationManager.getLastKnownLocation(LocationManager.java:1434)

08-05 19:45:26.065 13859 13987 I LSPosed-Bridge: 	at java.lang.reflect.Method.invoke(Native Method)

08-05 19:45:26.065 13859 13987 I LSPosed-Bridge: 	at org.lsposed.lspd.nativebridge.HookBridge.invokeOriginalMethod(Native Method)

08-05 19:45:26.065 13859 13987 I LSPosed-Bridge: 	at de.robv.android.xposed.XposedBridge$AdditionalHookInfo.callback(Unknown Source:110)

08-05 19:45:26.065 13859 13987 I LSPosed-Bridge: 	at LSPHooker_.getLastKnownLocation(Unknown Source:11)

08-05 19:45:26.065 13859 13987 I LSPosed-Bridge: 	at com.cwrj.util.CpUtils.getLocationInfo(CpUtils.java:189)

08-05 19:45:26.065 13859 13987 I LSPosed-Bridge: 	at com.cwrj.http.HttpManager.getadbody(HttpManager.java:287)

08-05 19:45:26.065 13859 13987 I LSPosed-Bridge: 	at com.cwrj.http.HttpManager.getSplash(HttpManager.java:244)

08-05 19:45:26.065 13859 13987 I LSPosed-Bridge: 	at com.cwrj.CWActivity.requestapi(AActivity.java:562)

08-05 19:45:26.065 13859 13987 I LSPosed-Bridge: 	at com.cwrj.CWActivity.access$300(AActivity.java:74)

08-05 19:45:26.065 13859 13987 I LSPosed-Bridge: 	at com.cwrj.CWActivity$3.run(AActivity.java:512)

08-05 19:45:26.065 13859 13987 I LSPosed-Bridge: 	at java.util.concurrent.Executors$RunnableAdapter.call(Executors.java:458)

08-05 19:45:26.065 13859 13987 I LSPosed-Bridge: 	at java.util.concurrent.FutureTask.run(FutureTask.java:266)

08-05 19:45:26.065 13859 13987 I LSPosed-Bridge: 	at java.util.concurrent.ScheduledThreadPoolExecutor$ScheduledFutureTask.run(ScheduledThreadPoolExecutor.java:301)

08-05 19:45:26.065 13859 13987 I LSPosed-Bridge: 	at java.util.concurrent.ThreadPoolExecutor.runWorker(ThreadPoolExecutor.java:1167)

08-05 19:45:26.065 13859 13987 I LSPosed-Bridge: 	at java.util.concurrent.ThreadPoolExecutor$Worker.run(ThreadPoolExecutor.java:641)

08-05 19:45:26.065 13859 13987 I LSPosed-Bridge: 	at java.lang.Thread.run(Thread.java:764)

08-05 19:45:26.065 13859 13987 I LSPosed-Bridge: 13859 PermLabel 10129; permName: android.permission.ACCESS_FINE_LOCATION getLastKnownLocation res=null; stacktrace=java.lang.Exception

08-05 19:45:26.065 13859 13987 I LSPosed-Bridge: 	at com.example.permlabel.hookLocationExtra_test$2.afterHookedMethod(hookLocationExtra_test.java:66)

08-05 19:45:26.065 13859 13987 I LSPosed-Bridge: 	at de.robv.android.xposed.XposedBridge$AdditionalHookInfo.callback(Unknown Source:147)

08-05 19:45:26.065 13859 13987 I LSPosed-Bridge: 	at LSPHooker_.getLastKnownLocation(Unknown Source:11)

08-05 19:45:26.065 13859 13987 I LSPosed-Bridge: 	at com.cwrj.util.CpUtils.getLocationInfo(CpUtils.java:189)

08-05 19:45:26.065 13859 13987 I LSPosed-Bridge: 	at com.cwrj.http.HttpManager.getadbody(HttpManager.java:287)

08-05 19:45:26.065 13859 13987 I LSPosed-Bridge: 	at com.cwrj.http.HttpManager.getSplash(HttpManager.java:244)

08-05 19:45:26.065 13859 13987 I LSPosed-Bridge: 	at com.cwrj.CWActivity.requestapi(AActivity.java:562)

08-05 19:45:26.065 13859 13987 I LSPosed-Bridge: 	at com.cwrj.CWActivity.access$300(AActivity.java:74)

08-05 19:45:26.065 13859 13987 I LSPosed-Bridge: 	at com.cwrj.CWActivity$3.run(AActivity.java:512)

08-05 19:45:26.065 13859 13987 I LSPosed-Bridge: 	at java.util.concurrent.Executors$RunnableAdapter.call(Executors.java:458)

08-05 19:45:26.065 13859 13987 I LSPosed-Bridge: 	at java.util.concurrent.FutureTask.run(FutureTask.java:266)

08-05 19:45:26.065 13859 13987 I LSPosed-Bridge: 	at java.util.concurrent.ScheduledThreadPoolExecutor$ScheduledFutureTask.run(ScheduledThreadPoolExecutor.java:301)

08-05 19:45:26.065 13859 13987 I LSPosed-Bridge: 	at java.util.concurrent.ThreadPoolExecutor.runWorker(ThreadPoolExecutor.java:1167)

08-05 19:45:26.065 13859 13987 I LSPosed-Bridge: 	at java.util.concurrent.ThreadPoolExecutor$Worker.run(ThreadPoolExecutor.java:641)

08-05 19:45:26.065 13859 13987 I LSPosed-Bridge: 	at java.lang.Thread.run(Thread.java:764)

08-05 19:45:26.375 13859 13987 I LSPosed-Bridge: 13859 PermLabel 10129 ContextImpl.checkPermission: pid = 13859; uid = 10129; permName: android.permission.ACCESS_FINE_LOCATION; type = 1; res = 0; stacktrace=java.lang.Exception

08-05 19:45:26.375 13859 13987 I LSPosed-Bridge: 	at com.example.permlabel.requestPerm$2.afterHookedMethod(requestPerm.java:225)

08-05 19:45:26.375 13859 13987 I LSPosed-Bridge: 	at de.robv.android.xposed.XposedBridge$AdditionalHookInfo.callback(Unknown Source:147)

08-05 19:45:26.375 13859 13987 I LSPosed-Bridge: 	at LSPHooker_.checkPermission(Unknown Source:25)

08-05 19:45:26.375 13859 13987 I LSPosed-Bridge: 	at android.content.ContextWrapper.checkPermission(ContextWrapper.java:738)

08-05 19:45:26.375 13859 13987 I LSPosed-Bridge: 	at android.support.v4.content.ContextCompat.checkSelfPermission(ContextCompat.java:432)

08-05 19:45:26.375 13859 13987 I LSPosed-Bridge: 	at com.cwrj.util.CpUtils.getLocationInfo(CpUtils.java:185)

08-05 19:45:26.375 13859 13987 I LSPosed-Bridge: 	at com.cwrj.http.HttpManager.getadbody(HttpManager.java:287)

08-05 19:45:26.375 13859 13987 I LSPosed-Bridge: 	at com.cwrj.http.HttpManager.getadbody(HttpManager.java:303)

08-05 19:45:26.375 13859 13987 I LSPosed-Bridge: 	at com.cwrj.http.HttpManager.getSplash(HttpManager.java:244)

08-05 19:45:26.375 13859 13987 I LSPosed-Bridge: 	at com.cwrj.CWActivity.requestapi(AActivity.java:562)

08-05 19:45:26.375 13859 13987 I LSPosed-Bridge: 	at com.cwrj.CWActivity.access$300(AActivity.java:74)

08-05 19:45:26.375 13859 13987 I LSPosed-Bridge: 	at com.cwrj.CWActivity$3.run(AActivity.java:512)

08-05 19:45:26.375 13859 13987 I LSPosed-Bridge: 	at java.util.concurrent.Executors$RunnableAdapter.call(Executors.java:458)

08-05 19:45:26.375 13859 13987 I LSPosed-Bridge: 	at java.util.concurrent.FutureTask.run(FutureTask.java:266)

08-05 19:45:26.375 13859 13987 I LSPosed-Bridge: 	at java.util.concurrent.ScheduledThreadPoolExecutor$ScheduledFutureTask.run(ScheduledThreadPoolExecutor.java:301)

08-05 19:45:26.375 13859 13987 I LSPosed-Bridge: 	at java.util.concurrent.ThreadPoolExecutor.runWorker(ThreadPoolExecutor.java:1167)

08-05 19:45:26.375 13859 13987 I LSPosed-Bridge: 	at java.util.concurrent.ThreadPoolExecutor$Worker.run(ThreadPoolExecutor.java:641)

08-05 19:45:26.375 13859 13987 I LSPosed-Bridge: 	at java.lang.Thread.run(Thread.java:764)

08-05 19:45:26.377  1563  6843 I LSPosed-Bridge: 13859 PermLabel 10129 AMS.checkPermission: Binder.getCallingPid() = 1563; uid = 10129; Binder.getCallingUid() = 1000; getNameForUid: android.uid.system:1000; getPackagesForUid: [com.log.logservice, com.caf.fmradio, com.quicinc.cne.CNEService, com.qualcomm.qti.qtisystemservice, com.asus.loguploaderproxy, com.qualcomm.qti.auth.fidocryptoservice, com.asus.sysdiagnostic, android, com.android.settings, com.android.server.telecom, com.asus.livedemoservice, com.qti.dpmserviceapp, com.huaqin.CameraCalibration, com.android.keychain, com.qualcomm.qti.qmmi, com.asus.UpdateLauncher, com.asus.dm, com.qualcomm.qti.dynamicddsservice, com.asus.smartreading, com.asus.setupwizard, com.hq.mediafilepreset, com.android.wallpaperbackup, com.android.location.fused, com.qualcomm.location, com.qualcomm.wfd.service, com.qualcomm.qti.services.secureui, com.android.providers.settings, com.asus.maxxaudio, com.qualcomm.qti.simsettings, com.android.inputdevices, com.qualcomm.qti.uceShimService]; permName: android.permission.ACCESS_FINE_LOCATION; type = 1; res = 0; stacktrace=java.lang.Exception

08-05 19:45:26.377  1563  6843 I LSPosed-Bridge: 	at com.example.permlabel.requirePerm$1$2.afterHookedMethod(requirePerm.java:145)

08-05 19:45:26.377  1563  6843 I LSPosed-Bridge: 	at de.robv.android.xposed.XposedBridge$AdditionalHookInfo.callback(Unknown Source:147)

08-05 19:45:26.377  1563  6843 I LSPosed-Bridge: 	at LSPHooker_.checkPermission(Unknown Source:25)

08-05 19:45:26.377  1563  6843 I LSPosed-Bridge: 	at android.app.ContextImpl.checkPermission(ContextImpl.java:1751)

08-05 19:45:26.377  1563  6843 I LSPosed-Bridge: 	at com.android.server.LocationManagerService.getAllowedResolutionLevel(LocationManagerService.java:1424)

08-05 19:45:26.377  1563  6843 I LSPosed-Bridge: 	at com.android.server.LocationManagerService.reportLocationAccessNoThrow(LocationManagerService.java:1548)

08-05 19:45:26.377  1563  6843 I LSPosed-Bridge: 	at com.android.server.LocationManagerService.getLastLocation(LocationManagerService.java:2245)

08-05 19:45:26.377  1563  6843 I LSPosed-Bridge: 	at android.location.ILocationManager$Stub.onTransact(ILocationManager.java:159)

08-05 19:45:26.377  1563  6843 I LSPosed-Bridge: 	at android.os.Binder.execTransact(Binder.java:731)

08-05 19:45:26.379 13859 13987 I LSPosed-Bridge: 13859 PermLabel 10129; permName: android.permission.ACCESS_FINE_LOCATION getLastKnownLocation res=null; stacktrace=java.lang.Exception

08-05 19:45:26.379 13859 13987 I LSPosed-Bridge: 	at com.example.permlabel.hookLocationExtra_test$2.afterHookedMethod(hookLocationExtra_test.java:66)

08-05 19:45:26.379 13859 13987 I LSPosed-Bridge: 	at de.robv.android.xposed.XposedBridge$AdditionalHookInfo.callback(Unknown Source:147)

08-05 19:45:26.379 13859 13987 I LSPosed-Bridge: 	at LSPHooker_.getLastKnownLocation(Unknown Source:11)

08-05 19:45:26.379 13859 13987 I LSPosed-Bridge: 	at com.cwrj.util.CpUtils.getLocationInfo(CpUtils.java:189)

08-05 19:45:26.379 13859 13987 I LSPosed-Bridge: 	at com.cwrj.http.HttpManager.getadbody(HttpManager.java:287)

08-05 19:45:26.379 13859 13987 I LSPosed-Bridge: 	at com.cwrj.http.HttpManager.getadbody(HttpManager.java:303)

08-05 19:45:26.379 13859 13987 I LSPosed-Bridge: 	at com.cwrj.http.HttpManager.getSplash(HttpManager.java:244)

08-05 19:45:26.379 13859 13987 I LSPosed-Bridge: 	at com.cwrj.CWActivity.requestapi(AActivity.java:562)

08-05 19:45:26.379 13859 13987 I LSPosed-Bridge: 	at com.cwrj.CWActivity.access$300(AActivity.java:74)

08-05 19:45:26.379 13859 13987 I LSPosed-Bridge: 	at com.cwrj.CWActivity$3.run(AActivity.java:512)

