08-05 19:45:38.836 13859 13987 I LSPosed-Bridge: 	at com.cwrj.http.HttpManager.getSplash(HttpManager.java:244)

08-05 19:45:38.836 13859 13987 I LSPosed-Bridge: 	at com.cwrj.CWActivity.requestapi(AActivity.java:562)

08-05 19:45:38.836 13859 13987 I LSPosed-Bridge: 	at com.cwrj.CWActivity.access$300(AActivity.java:74)

08-05 19:45:38.836 13859 13987 I LSPosed-Bridge: 	at com.cwrj.CWActivity$3.run(AActivity.java:512)

08-05 19:45:38.836 13859 13987 I LSPosed-Bridge: 	at java.util.concurrent.Executors$RunnableAdapter.call(Executors.java:458)

08-05 19:45:38.836 13859 13987 I LSPosed-Bridge: 	at java.util.concurrent.FutureTask.run(FutureTask.java:266)

08-05 19:45:38.836 13859 13987 I LSPosed-Bridge: 	at java.util.concurrent.ScheduledThreadPoolExecutor$ScheduledFutureTask.run(ScheduledThreadPoolExecutor.java:301)

08-05 19:45:38.836 13859 13987 I LSPosed-Bridge: 	at java.util.concurrent.ThreadPoolExecutor.runWorker(ThreadPoolExecutor.java:1167)

08-05 19:45:38.836 13859 13987 I LSPosed-Bridge: 	at java.util.concurrent.ThreadPoolExecutor$Worker.run(ThreadPoolExecutor.java:641)

08-05 19:45:38.836 13859 13987 I LSPosed-Bridge: 	at java.lang.Thread.run(Thread.java:764)

08-05 19:45:38.836 13859 13987 I LSPosed-Bridge: 13859 PermLabel 10129; permName: android.permission.ACCESS_FINE_LOCATION getLastKnownLocation res=null; stacktrace=java.lang.Exception

08-05 19:45:38.836 13859 13987 I LSPosed-Bridge: 	at com.example.permlabel.hookLocationExtra_test$2.afterHookedMethod(hookLocationExtra_test.java:66)

08-05 19:45:38.836 13859 13987 I LSPosed-Bridge: 	at de.robv.android.xposed.XposedBridge$AdditionalHookInfo.callback(Unknown Source:147)

08-05 19:45:38.836 13859 13987 I LSPosed-Bridge: 	at LSPHooker_.getLastKnownLocation(Unknown Source:11)

08-05 19:45:38.836 13859 13987 I LSPosed-Bridge: 	at com.cwrj.util.CpUtils.getLocationInfo(CpUtils.java:189)

08-05 19:45:38.836 13859 13987 I LSPosed-Bridge: 	at com.cwrj.http.HttpManager.getadbody(HttpManager.java:287)

08-05 19:45:38.836 13859 13987 I LSPosed-Bridge: 	at com.cwrj.http.HttpManager.getadbody(HttpManager.java:303)

08-05 19:45:38.836 13859 13987 I LSPosed-Bridge: 	at com.cwrj.http.HttpManager.getadbody(HttpManager.java:303)

08-05 19:45:38.836 13859 13987 I LSPosed-Bridge: 	at com.cwrj.http.HttpManager.getSplash(HttpManager.java:244)

08-05 19:45:38.836 13859 13987 I LSPosed-Bridge: 	at com.cwrj.CWActivity.requestapi(AActivity.java:562)

08-05 19:45:38.836 13859 13987 I LSPosed-Bridge: 	at com.cwrj.CWActivity.access$300(AActivity.java:74)

08-05 19:45:38.836 13859 13987 I LSPosed-Bridge: 	at com.cwrj.CWActivity$3.run(AActivity.java:512)

08-05 19:45:38.836 13859 13987 I LSPosed-Bridge: 	at java.util.concurrent.Executors$RunnableAdapter.call(Executors.java:458)

08-05 19:45:38.836 13859 13987 I LSPosed-Bridge: 	at java.util.concurrent.FutureTask.run(FutureTask.java:266)

08-05 19:45:38.836 13859 13987 I LSPosed-Bridge: 	at java.util.concurrent.ScheduledThreadPoolExecutor$ScheduledFutureTask.run(ScheduledThreadPoolExecutor.java:301)

08-05 19:45:38.836 13859 13987 I LSPosed-Bridge: 	at java.util.concurrent.ThreadPoolExecutor.runWorker(ThreadPoolExecutor.java:1167)

08-05 19:45:38.836 13859 13987 I LSPosed-Bridge: 	at java.util.concurrent.ThreadPoolExecutor$Worker.run(ThreadPoolExecutor.java:641)

08-05 19:45:38.836 13859 13987 I LSPosed-Bridge: 	at java.lang.Thread.run(Thread.java:764)

08-05 19:45:39.143 13859 13987 I LSPosed-Bridge: 13859 PermLabel 10129 ContextImpl.checkPermission: pid = 13859; uid = 10129; permName: android.permission.ACCESS_FINE_LOCATION; type = 1; res = 0; stacktrace=java.lang.Exception

08-05 19:45:39.143 13859 13987 I LSPosed-Bridge: 	at com.example.permlabel.requestPerm$2.afterHookedMethod(requestPerm.java:225)

08-05 19:45:39.143 13859 13987 I LSPosed-Bridge: 	at de.robv.android.xposed.XposedBridge$AdditionalHookInfo.callback(Unknown Source:147)

08-05 19:45:39.143 13859 13987 I LSPosed-Bridge: 	at LSPHooker_.checkPermission(Unknown Source:25)

08-05 19:45:39.143 13859 13987 I LSPosed-Bridge: 	at android.content.ContextWrapper.checkPermission(ContextWrapper.java:738)

08-05 19:45:39.143 13859 13987 I LSPosed-Bridge: 	at android.support.v4.content.ContextCompat.checkSelfPermission(ContextCompat.java:432)

08-05 19:45:39.143 13859 13987 I LSPosed-Bridge: 	at com.cwrj.util.CpUtils.getLocationInfo(CpUtils.java:185)

08-05 19:45:39.143 13859 13987 I LSPosed-Bridge: 	at com.cwrj.http.HttpManager.getadbody(HttpManager.java:287)

08-05 19:45:39.143 13859 13987 I LSPosed-Bridge: 	at com.cwrj.http.HttpManager.getadbody(HttpManager.java:303)

08-05 19:45:39.143 13859 13987 I LSPosed-Bridge: 	at com.cwrj.http.HttpManager.getadbody(HttpManager.java:303)

08-05 19:45:39.143 13859 13987 I LSPosed-Bridge: 	at com.cwrj.http.HttpManager.getadbody(HttpManager.java:303)

08-05 19:45:39.143 13859 13987 I LSPosed-Bridge: 	at com.cwrj.http.HttpManager.getSplash(HttpManager.java:244)

08-05 19:45:39.143 13859 13987 I LSPosed-Bridge: 	at com.cwrj.CWActivity.requestapi(AActivity.java:562)

08-05 19:45:39.143 13859 13987 I LSPosed-Bridge: 	at com.cwrj.CWActivity.access$300(AActivity.java:74)

08-05 19:45:39.143 13859 13987 I LSPosed-Bridge: 	at com.cwrj.CWActivity$3.run(AActivity.java:512)

08-05 19:45:39.143 13859 13987 I LSPosed-Bridge: 	at java.util.concurrent.Executors$RunnableAdapter.call(Executors.java:458)

08-05 19:45:39.143 13859 13987 I LSPosed-Bridge: 	at java.util.concurrent.FutureTask.run(FutureTask.java:266)

08-05 19:45:39.143 13859 13987 I LSPosed-Bridge: 	at java.util.concurrent.ScheduledThreadPoolExecutor$ScheduledFutureTask.run(ScheduledThreadPoolExecutor.java:301)

08-05 19:45:39.143 13859 13987 I LSPosed-Bridge: 	at java.util.concurrent.ThreadPoolExecutor.runWorker(ThreadPoolExecutor.java:1167)

08-05 19:45:39.143 13859 13987 I LSPosed-Bridge: 	at java.util.concurrent.ThreadPoolExecutor$Worker.run(ThreadPoolExecutor.java:641)

08-05 19:45:39.143 13859 13987 I LSPosed-Bridge: 	at java.lang.Thread.run(Thread.java:764)

08-05 19:45:39.145  1563  1576 I LSPosed-Bridge: 13859 PermLabel 10129 AMS.checkPermission: Binder.getCallingPid() = 1563; uid = 10129; Binder.getCallingUid() = 1000; getNameForUid: android.uid.system:1000; getPackagesForUid: [com.log.logservice, com.caf.fmradio, com.quicinc.cne.CNEService, com.qualcomm.qti.qtisystemservice, com.asus.loguploaderproxy, com.qualcomm.qti.auth.fidocryptoservice, com.asus.sysdiagnostic, android, com.android.settings, com.android.server.telecom, com.asus.livedemoservice, com.qti.dpmserviceapp, com.huaqin.CameraCalibration, com.android.keychain, com.qualcomm.qti.qmmi, com.asus.UpdateLauncher, com.asus.dm, com.qualcomm.qti.dynamicddsservice, com.asus.smartreading, com.asus.setupwizard, com.hq.mediafilepreset, com.android.wallpaperbackup, com.android.location.fused, com.qualcomm.location, com.qualcomm.wfd.service, com.qualcomm.qti.services.secureui, com.android.providers.settings, com.asus.maxxaudio, com.qualcomm.qti.simsettings, com.android.inputdevices, com.qualcomm.qti.uceShimService]; permName: android.permission.ACCESS_FINE_LOCATION; type = 1; res = 0; stacktrace=java.lang.Exception

08-05 19:45:39.145  1563  1576 I LSPosed-Bridge: 	at com.example.permlabel.requirePerm$1$2.afterHookedMethod(requirePerm.java:145)

08-05 19:45:39.145  1563  1576 I LSPosed-Bridge: 	at de.robv.android.xposed.XposedBridge$AdditionalHookInfo.callback(Unknown Source:147)

08-05 19:45:39.145  1563  1576 I LSPosed-Bridge: 	at LSPHooker_.checkPermission(Unknown Source:25)

08-05 19:45:39.145  1563  1576 I LSPosed-Bridge: 	at android.app.ContextImpl.checkPermission(ContextImpl.java:1751)

08-05 19:45:39.145  1563  1576 I LSPosed-Bridge: 	at com.android.server.LocationManagerService.getAllowedResolutionLevel(LocationManagerService.java:1424)

08-05 19:45:39.145  1563  1576 I LSPosed-Bridge: 	at com.android.server.LocationManagerService.reportLocationAccessNoThrow(LocationManagerService.java:1548)

08-05 19:45:39.145  1563  1576 I LSPosed-Bridge: 	at com.android.server.LocationManagerService.getLastLocation(LocationManagerService.java:2245)

08-05 19:45:39.145  1563  1576 I LSPosed-Bridge: 	at android.location.ILocationManager$Stub.onTransact(ILocationManager.java:159)

08-05 19:45:39.145  1563  1576 I LSPosed-Bridge: 	at android.os.Binder.execTransact(Binder.java:731)

08-05 19:45:39.146 13859 13987 I LSPosed-Bridge: 13859 PermLabel hookBinder_test 10129 interfaceBinder =android.location.ILocationManager; arg0 = 5; arg1 = android.os.Parcel@9e8f7b6; arg2 = android.os.Parcel@a6c5079; arg3 = 0; res = true; stacktrace=java.lang.Exception

08-05 19:45:39.146 13859 13987 I LSPosed-Bridge: 	at com.example.permlabel.hookBinder_test$1.afterHookedMethod(hookBinder_test.java:70)

08-05 19:45:39.146 13859 13987 I LSPosed-Bridge: 	at de.robv.android.xposed.XposedBridge$AdditionalHookInfo.callback(Unknown Source:147)

08-05 19:45:39.146 13859 13987 I LSPosed-Bridge: 	at LSPHooker_.transact(Unknown Source:28)

08-05 19:45:39.146 13859 13987 I LSPosed-Bridge: 	at android.location.ILocationManager$Stub$Proxy.getLastLocation(ILocationManager.java:865)

08-05 19:45:39.146 13859 13987 I LSPosed-Bridge: 	at android.location.LocationManager.getLastKnownLocation(LocationManager.java:1434)

08-05 19:45:39.146 13859 13987 I LSPosed-Bridge: 	at java.lang.reflect.Method.invoke(Native Method)

08-05 19:45:39.146 13859 13987 I LSPosed-Bridge: 	at org.lsposed.lspd.nativebridge.HookBridge.invokeOriginalMethod(Native Method)

08-05 19:45:39.146 13859 13987 I LSPosed-Bridge: 	at de.robv.android.xposed.XposedBridge$AdditionalHookInfo.callback(Unknown Source:110)

08-05 19:45:39.146 13859 13987 I LSPosed-Bridge: 	at LSPHooker_.getLastKnownLocation(Unknown Source:11)

08-05 19:45:39.146 13859 13987 I LSPosed-Bridge: 	at com.cwrj.util.CpUtils.getLocationInfo(CpUtils.java:189)

08-05 19:45:39.146 13859 13987 I LSPosed-Bridge: 	at com.cwrj.http.HttpManager.getadbody(HttpManager.java:287)

08-05 19:45:39.146 13859 13987 I LSPosed-Bridge: 	at com.cwrj.http.HttpManager.getadbody(HttpManager.java:303)

08-05 19:45:39.146 13859 13987 I LSPosed-Bridge: 	at com.cwrj.http.HttpManager.getadbody(HttpManager.java:303)

08-05 19:45:39.146 13859 13987 I LSPosed-Bridge: 	at com.cwrj.http.HttpManager.getadbody(HttpManager.java:303)

08-05 19:45:39.146 13859 13987 I LSPosed-Bridge: 	at com.cwrj.http.HttpManager.getSplash(HttpManager.java:244)

08-05 19:45:39.146 13859 13987 I LSPosed-Bridge: 	at com.cwrj.CWActivity.requestapi(AActivity.java:562)

08-05 19:45:39.146 13859 13987 I LSPosed-Bridge: 	at com.cwrj.CWActivity.access$300(AActivity.java:74)

08-05 19:45:39.146 13859 13987 I LSPosed-Bridge: 	at com.cwrj.CWActivity$3.run(AActivity.java:512)

08-05 19:45:39.146 13859 13987 I LSPosed-Bridge: 	at java.util.concurrent.Executors$RunnableAdapter.call(Executors.java:458)

08-05 19:45:39.146 13859 13987 I LSPosed-Bridge: 	at java.util.concurrent.FutureTask.run(FutureTask.java:266)

08-05 19:45:39.146 13859 13987 I LSPosed-Bridge: 	at java.util.concurrent.ScheduledThreadPoolExecutor$ScheduledFutureTask.run(ScheduledThreadPoolExecutor.java:301)

08-05 19:45:39.146 13859 13987 I LSPosed-Bridge: 	at java.util.concurrent.ThreadPoolExecutor.runWorker(ThreadPoolExecutor.java:1167)

08-05 19:45:39.146 13859 13987 I LSPosed-Bridge: 	at java.util.concurrent.ThreadPoolExecutor$Worker.run(ThreadPoolExecutor.java:641)

08-05 19:45:39.146 13859 13987 I LSPosed-Bridge: 	at java.lang.Thread.run(Thread.java:764)

08-05 19:45:39.146 13859 13987 I LSPosed-Bridge: 13859 PermLabel 10129; permName: android.permission.ACCESS_FINE_LOCATION getLastKnownLocation res=null; stacktrace=java.lang.Exception

08-05 19:45:39.146 13859 13987 I LSPosed-Bridge: 	at com.example.permlabel.hookLocationExtra_test$2.afterHookedMethod(hookLocationExtra_test.java:66)

08-05 19:45:39.146 13859 13987 I LSPosed-Bridge: 	at de.robv.android.xposed.XposedBridge$AdditionalHookInfo.callback(Unknown Source:147)

08-05 19:45:39.146 13859 13987 I LSPosed-Bridge: 	at LSPHooker_.getLastKnownLocation(Unknown Source:11)

08-05 19:45:39.146 13859 13987 I LSPosed-Bridge: 	at com.cwrj.util.CpUtils.getLocationInfo(CpUtils.java:189)

08-05 19:45:39.146 13859 13987 I LSPosed-Bridge: 	at com.cwrj.http.HttpManager.getadbody(HttpManager.java:287)

08-05 19:45:39.146 13859 13987 I LSPosed-Bridge: 	at com.cwrj.http.HttpManager.getadbody(HttpManager.java:303)

08-05 19:45:39.146 13859 13987 I LSPosed-Bridge: 	at com.cwrj.http.HttpManager.getadbody(HttpManager.java:303)

08-05 19:45:39.146 13859 13987 I LSPosed-Bridge: 	at com.cwrj.http.HttpManager.getadbody(HttpManager.java:303)

08-05 19:45:39.146 13859 13987 I LSPosed-Bridge: 	at com.cwrj.http.HttpManager.getSplash(HttpManager.java:244)

08-05 19:45:39.146 13859 13987 I LSPosed-Bridge: 	at com.cwrj.CWActivity.requestapi(AActivity.java:562)

08-05 19:45:39.146 13859 13987 I LSPosed-Bridge: 	at com.cwrj.CWActivity.access$300(AActivity.java:74)

08-05 19:45:39.146 13859 13987 I LSPosed-Bridge: 	at com.cwrj.CWActivity$3.run(AActivity.java:512)

08-05 19:45:39.146 13859 13987 I LSPosed-Bridge: 	at java.util.concurrent.Executors$RunnableAdapter.call(Executors.java:458)

08-05 19:45:39.146 13859 13987 I LSPosed-Bridge: 	at java.util.concurrent.FutureTask.run(FutureTask.java:266)

08-05 19:45:39.146 13859 13987 I LSPosed-Bridge: 	at java.util.concurrent.ScheduledThreadPoolExecutor$ScheduledFutureTask.run(ScheduledThreadPoolExecutor.java:301)

08-05 19:45:39.146 13859 13987 I LSPosed-Bridge: 	at java.util.concurrent.ThreadPoolExecutor.runWorker(ThreadPoolExecutor.java:1167)

08-05 19:45:39.146 13859 13987 I LSPosed-Bridge: 	at java.util.concurrent.ThreadPoolExecutor$Worker.run(ThreadPoolExecutor.java:641)

08-05 19:45:39.146 13859 13987 I LSPosed-Bridge: 	at java.lang.Thread.run(Thread.java:764)

08-05 19:45:47.389 13859 14923 I LSPosed-Bridge: 13859 PermLabel 10129 ContextImpl.checkPermission: pid = 13859; uid = 10129; permName: android.permission.ACCESS_FINE_LOCATION; type = 1; res = 0; stacktrace=java.lang.Exception

08-05 19:45:47.389 13859 14923 I LSPosed-Bridge: 	at com.example.permlabel.requestPerm$2.afterHookedMethod(requestPerm.java:225)

08-05 19:45:47.389 13859 14923 I LSPosed-Bridge: 	at de.robv.android.xposed.XposedBridge$AdditionalHookInfo.callback(Unknown Source:147)

08-05 19:45:47.389 13859 14923 I LSPosed-Bridge: 	at LSPHooker_.checkPermission(Unknown Source:25)

08-05 19:45:47.389 13859 14923 I LSPosed-Bridge: 	at android.content.ContextWrapper.checkPermission(ContextWrapper.java:738)

08-05 19:45:47.389 13859 14923 I LSPosed-Bridge: 	at android.support.v4.content.ContextCompat.checkSelfPermission(ContextCompat.java:432)

08-05 19:45:47.389 13859 14923 I LSPosed-Bridge: 	at com.cwrj.util.CpUtils.getLocationInfo(CpUtils.java:185)

08-05 19:45:47.389 13859 14923 I LSPosed-Bridge: 	at com.cwrj.http.HttpManager.getadbody(HttpManager.java:287)

08-05 19:45:47.389 13859 14923 I LSPosed-Bridge: 	at com.cwrj.http.HttpManager.getadbody(HttpManager.java:262)

08-05 19:45:47.389 13859 14923 I LSPosed-Bridge: 	at com.cwrj.http.HttpManager.getadbody(HttpManager.java:258)

08-05 19:45:47.389 13859 14923 I LSPosed-Bridge: 	at com.cwrj.http.HttpManager.getadbody(HttpManager.java:254)

08-05 19:45:47.389 13859 14923 I LSPosed-Bridge: 	at com.cwrj.http.HttpManager.getCpAdbody(HttpManager.java:217)

08-05 19:45:47.389 13859 14923 I LSPosed-Bridge: 	at com.cwrj.CpTask.run(CpTask.java:166)

08-05 19:45:47.389 13859 14923 I LSPosed-Bridge: 	at java.util.concurrent.ThreadPoolExecutor.runWorker(ThreadPoolExecutor.java:1167)

08-05 19:45:47.389 13859 14923 I LSPosed-Bridge: 	at java.util.concurrent.ThreadPoolExecutor$Worker.run(ThreadPoolExecutor.java:641)

08-05 19:45:47.389 13859 14923 I LSPosed-Bridge: 	at java.lang.Thread.run(Thread.java:764)

08-05 19:45:47.393  1563  1577 I LSPosed-Bridge: 13859 PermLabel 10129 AMS.checkPermission: Binder.getCallingPid() = 1563; uid = 10129; Binder.getCallingUid() = 1000; getNameForUid: android.uid.system:1000; getPackagesForUid: [com.log.logservice, com.caf.fmradio, com.quicinc.cne.CNEService, com.qualcomm.qti.qtisystemservice, com.asus.loguploaderproxy, com.qualcomm.qti.auth.fidocryptoservice, com.asus.sysdiagnostic, android, com.android.settings, com.android.server.telecom, com.asus.livedemoservice, com.qti.dpmserviceapp, com.huaqin.CameraCalibration, com.android.keychain, com.qualcomm.qti.qmmi, com.asus.UpdateLauncher, com.asus.dm, com.qualcomm.qti.dynamicddsservice, com.asus.smartreading, com.asus.setupwizard, com.hq.mediafilepreset, com.android.wallpaperbackup, com.android.location.fused, com.qualcomm.location, com.qualcomm.wfd.service, com.qualcomm.qti.services.secureui, com.android.providers.settings, com.asus.maxxaudio, com.qualcomm.qti.simsettings, com.android.inputdevices, com.qualcomm.qti.uceShimService]; permName: android.permission.ACCESS_FINE_LOCATION; type = 1; res = 0; stacktrace=java.lang.Exception

08-05 19:45:47.393  1563  1577 I LSPosed-Bridge: 	at com.example.permlabel.requirePerm$1$2.afterHookedMethod(requirePerm.java:145)

08-05 19:45:47.393  1563  1577 I LSPosed-Bridge: 	at de.robv.android.xposed.XposedBridge$AdditionalHookInfo.callback(Unknown Source:147)

08-05 19:45:47.393  1563  1577 I LSPosed-Bridge: 	at LSPHooker_.checkPermission(Unknown Source:25)

08-05 19:45:47.393  1563  1577 I LSPosed-Bridge: 	at android.app.ContextImpl.checkPermission(ContextImpl.java:1751)

08-05 19:45:47.393  1563  1577 I LSPosed-Bridge: 	at com.android.server.LocationManagerService.getAllowedResolutionLevel(LocationManagerService.java:1424)

08-05 19:45:47.393  1563  1577 I LSPosed-Bridge: 	at com.android.server.LocationManagerService.reportLocationAccessNoThrow(LocationManagerService.java:1548)

08-05 19:45:47.393  1563  1577 I LSPosed-Bridge: 	at com.android.server.LocationManagerService.getLastLocation(LocationManagerService.java:2245)

08-05 19:45:47.393  1563  1577 I LSPosed-Bridge: 	at android.location.ILocationManager$Stub.onTransact(ILocationManager.java:159)

08-05 19:45:47.393  1563  1577 I LSPosed-Bridge: 	at android.os.Binder.execTransact(Binder.java:731)

08-05 19:45:47.395   550   550 I ConfigStore: android::hardware::configstore::V1_0::ISurfaceFlingerConfigs::hasHDRDisplay retrieved: 0

08-05 19:45:47.395 13859 14923 I LSPosed-Bridge: 13859 PermLabel 10129; permName: android.permission.ACCESS_FINE_LOCATION getLastKnownLocation res=null; stacktrace=java.lang.Exception

08-05 19:45:47.395 13859 14923 I LSPosed-Bridge: 	at com.example.permlabel.hookLocationExtra_test$2.afterHookedMethod(hookLocationExtra_test.java:66)

08-05 19:45:47.395 13859 14923 I LSPosed-Bridge: 	at de.robv.android.xposed.XposedBridge$AdditionalHookInfo.callback(Unknown Source:147)

08-05 19:45:47.395 13859 14923 I LSPosed-Bridge: 	at LSPHooker_.getLastKnownLocation(Unknown Source:11)

08-05 19:45:47.395 13859 14923 I LSPosed-Bridge: 	at com.cwrj.util.CpUtils.getLocationInfo(CpUtils.java:189)

08-05 19:45:47.395 13859 14923 I LSPosed-Bridge: 	at com.cwrj.http.HttpManager.getadbody(HttpManager.java:287)

08-05 19:45:47.395 13859 14923 I LSPosed-Bridge: 	at com.cwrj.http.HttpManager.getadbody(HttpManager.java:262)

08-05 19:45:47.395 13859 14923 I LSPosed-Bridge: 	at com.cwrj.http.HttpManager.getadbody(HttpManager.java:258)

08-05 19:45:47.395 13859 14923 I LSPosed-Bridge: 	at com.cwrj.http.HttpManager.getadbody(HttpManager.java:254)

08-05 19:45:47.395 13859 14923 I LSPosed-Bridge: 	at com.cwrj.http.HttpManager.getCpAdbody(HttpManager.java:217)

08-05 19:45:47.395 13859 14923 I LSPosed-Bridge: 	at com.cwrj.CpTask.run(CpTask.java:166)

08-05 19:45:47.395 13859 14923 I LSPosed-Bridge: 	at java.util.concurrent.ThreadPoolExecutor.runWorker(ThreadPoolExecutor.java:1167)

08-05 19:45:47.395 13859 14923 I LSPosed-Bridge: 	at java.util.concurrent.ThreadPoolExecutor$Worker.run(ThreadPoolExecutor.java:641)

08-05 19:45:47.395 13859 14923 I LSPosed-Bridge: 	at java.lang.Thread.run(Thread.java:764)

08-05 19:45:47.797 13859 14926 I LSPosed-Bridge: 13859 PermLabel 10129 ContextImpl.checkPermission: pid = 13859; uid = 10129; permName: android.permission.ACCESS_FINE_LOCATION; type = 1; res = 0; stacktrace=java.lang.Exception

08-05 19:45:47.797 13859 14926 I LSPosed-Bridge: 	at com.example.permlabel.requestPerm$2.afterHookedMethod(requestPerm.java:225)

08-05 19:45:47.797 13859 14926 I LSPosed-Bridge: 	at de.robv.android.xposed.XposedBridge$AdditionalHookInfo.callback(Unknown Source:147)

08-05 19:45:47.797 13859 14926 I LSPosed-Bridge: 	at LSPHooker_.checkPermission(Unknown Source:25)

08-05 19:45:47.797 13859 14926 I LSPosed-Bridge: 	at android.content.ContextWrapper.checkPermission(ContextWrapper.java:738)

08-05 19:45:47.797 13859 14926 I LSPosed-Bridge: 	at android.support.v4.content.ContextCompat.checkSelfPermission(ContextCompat.java:432)

08-05 19:45:47.797 13859 14926 I LSPosed-Bridge: 	at com.cwrj.util.CpUtils.getLocationInfo(CpUtils.java:185)

08-05 19:45:47.797 13859 14926 I LSPosed-Bridge: 	at com.cwrj.http.HttpManager.feedbackstate(HttpManager.java:461)

08-05 19:45:47.797 13859 14926 I LSPosed-Bridge: 	at com.cwrj.http.HttpManager.feedbackstate(HttpManager.java:421)

08-05 19:45:47.797 13859 14926 I LSPosed-Bridge: 	at com.cwrj.CpManager$6.run(CpManager.java:721)

08-05 19:45:47.797 13859 14926 I LSPosed-Bridge: 	at java.util.concurrent.ThreadPoolExecutor.runWorker(ThreadPoolExecutor.java:1167)

08-05 19:45:47.797 13859 14926 I LSPosed-Bridge: 	at java.util.concurrent.ThreadPoolExecutor$Worker.run(ThreadPoolExecutor.java:641)

08-05 19:45:47.797 13859 14926 I LSPosed-Bridge: 	at java.lang.Thread.run(Thread.java:764)

08-05 19:45:47.801  1563  1577 I LSPosed-Bridge: 13859 PermLabel 10129 AMS.checkPermission: Binder.getCallingPid() = 1563; uid = 10129; Binder.getCallingUid() = 1000; getNameForUid: android.uid.system:1000; getPackagesForUid: [com.log.logservice, com.caf.fmradio, com.quicinc.cne.CNEService, com.qualcomm.qti.qtisystemservice, com.asus.loguploaderproxy, com.qualcomm.qti.auth.fidocryptoservice, com.asus.sysdiagnostic, android, com.android.settings, com.android.server.telecom, com.asus.livedemoservice, com.qti.dpmserviceapp, com.huaqin.CameraCalibration, com.android.keychain, com.qualcomm.qti.qmmi, com.asus.UpdateLauncher, com.asus.dm, com.qualcomm.qti.dynamicddsservice, com.asus.smartreading, com.asus.setupwizard, com.hq.mediafilepreset, com.android.wallpaperbackup, com.android.location.fused, com.qualcomm.location, com.qualcomm.wfd.service, com.qualcomm.qti.services.secureui, com.android.providers.settings, com.asus.maxxaudio, com.qualcomm.qti.simsettings, com.android.inputdevices, com.qualcomm.qti.uceShimService]; permName: android.permission.ACCESS_FINE_LOCATION; type = 1; res = 0; stacktrace=java.lang.Exception

08-05 19:45:47.801  1563  1577 I LSPosed-Bridge: 	at com.example.permlabel.requirePerm$1$2.afterHookedMethod(requirePerm.java:145)

08-05 19:45:47.801  1563  1577 I LSPosed-Bridge: 	at de.robv.android.xposed.XposedBridge$AdditionalHookInfo.callback(Unknown Source:147)

08-05 19:45:47.801  1563  1577 I LSPosed-Bridge: 	at LSPHooker_.checkPermission(Unknown Source:25)

08-05 19:45:47.801  1563  1577 I LSPosed-Bridge: 	at android.app.ContextImpl.checkPermission(ContextImpl.java:1751)

08-05 19:45:47.801  1563  1577 I LSPosed-Bridge: 	at com.android.server.LocationManagerService.getAllowedResolutionLevel(LocationManagerService.java:1424)

08-05 19:45:47.801  1563  1577 I LSPosed-Bridge: 	at com.android.server.LocationManagerService.reportLocationAccessNoThrow(LocationManagerService.java:1548)

08-05 19:45:47.801  1563  1577 I LSPosed-Bridge: 	at com.android.server.LocationManagerService.getLastLocation(LocationManagerService.java:2245)

08-05 19:45:47.801  1563  1577 I LSPosed-Bridge: 	at android.location.ILocationManager$Stub.onTransact(ILocationManager.java:159)

08-05 19:45:47.801  1563  1577 I LSPosed-Bridge: 	at android.os.Binder.execTransact(Binder.java:731)

08-05 19:45:47.801   550   550 I ConfigStore: android::hardware::configstore::V1_0::ISurfaceFlingerConfigs::hasHDRDisplay retrieved: 0

08-05 19:45:47.803 13859 14926 I LSPosed-Bridge: 13859 PermLabel 10129; permName: android.permission.ACCESS_FINE_LOCATION getLastKnownLocation res=null; stacktrace=java.lang.Exception

08-05 19:45:47.803 13859 14926 I LSPosed-Bridge: 	at com.example.permlabel.hookLocationExtra_test$2.afterHookedMethod(hookLocationExtra_test.java:66)

08-05 19:45:47.803 13859 14926 I LSPosed-Bridge: 	at de.robv.android.xposed.XposedBridge$AdditionalHookInfo.callback(Unknown Source:147)

08-05 19:45:47.803 13859 14926 I LSPosed-Bridge: 	at LSPHooker_.getLastKnownLocation(Unknown Source:11)

08-05 19:45:47.803 13859 14926 I LSPosed-Bridge: 	at com.cwrj.util.CpUtils.getLocationInfo(CpUtils.java:189)

08-05 19:45:47.803 13859 14926 I LSPosed-Bridge: 	at com.cwrj.http.HttpManager.feedbackstate(HttpManager.java:461)

08-05 19:45:47.803 13859 14926 I LSPosed-Bridge: 	at com.cwrj.http.HttpManager.feedbackstate(HttpManager.java:421)

08-05 19:45:47.803 13859 14926 I LSPosed-Bridge: 	at com.cwrj.CpManager$6.run(CpManager.java:721)

08-05 19:45:47.803 13859 14926 I LSPosed-Bridge: 	at java.util.concurrent.ThreadPoolExecutor.runWorker(ThreadPoolExecutor.java:1167)

08-05 19:45:47.803 13859 14926 I LSPosed-Bridge: 	at java.util.concurrent.ThreadPoolExecutor$Worker.run(ThreadPoolExecutor.java:641)

08-05 19:45:47.803 13859 14926 I LSPosed-Bridge: 	at java.lang.Thread.run(Thread.java:764)

08-05 19:45:52.528 13859 15037 I LSPosed-Bridge: 13859 PermLabel 10129 ContextImpl.checkPermission: pid = 13859; uid = 10129; permName: android.permission.ACCESS_FINE_LOCATION; type = 1; res = 0; stacktrace=java.lang.Exception

08-05 19:45:52.528 13859 15037 I LSPosed-Bridge: 	at com.example.permlabel.requestPerm$2.afterHookedMethod(requestPerm.java:225)

08-05 19:45:52.528 13859 15037 I LSPosed-Bridge: 	at de.robv.android.xposed.XposedBridge$AdditionalHookInfo.callback(Unknown Source:147)

08-05 19:45:52.528 13859 15037 I LSPosed-Bridge: 	at LSPHooker_.checkPermission(Unknown Source:25)

08-05 19:45:52.528 13859 15037 I LSPosed-Bridge: 	at android.content.ContextWrapper.checkPermission(ContextWrapper.java:738)

08-05 19:45:52.528 13859 15037 I LSPosed-Bridge: 	at android.support.v4.content.ContextCompat.checkSelfPermission(ContextCompat.java:432)

08-05 19:45:52.528 13859 15037 I LSPosed-Bridge: 	at com.cwrj.util.CpUtils.getLocationInfo(CpUtils.java:185)

08-05 19:45:52.528 13859 15037 I LSPosed-Bridge: 	at com.cwrj.http.HttpManager.getadbody(HttpManager.java:287)

08-05 19:45:52.528 13859 15037 I LSPosed-Bridge: 	at com.cwrj.http.HttpManager.getadbody(HttpManager.java:262)

08-05 19:45:52.528 13859 15037 I LSPosed-Bridge: 	at com.cwrj.http.HttpManager.getadbody(HttpManager.java:258)

08-05 19:45:52.528 13859 15037 I LSPosed-Bridge: 	at com.cwrj.http.HttpManager.getadbody(HttpManager.java:254)

08-05 19:45:52.528 13859 15037 I LSPosed-Bridge: 	at com.cwrj.MyBanner$1.run(MyBanner.java:71)

08-05 19:45:52.528 13859 15037 I LSPosed-Bridge: 	at java.util.concurrent.ThreadPoolExecutor.runWorker(ThreadPoolExecutor.java:1167)

08-05 19:45:52.528 13859 15037 I LSPosed-Bridge: 	at java.util.concurrent.ThreadPoolExecutor$Worker.run(ThreadPoolExecutor.java:641)

08-05 19:45:52.528 13859 15037 I LSPosed-Bridge: 	at java.lang.Thread.run(Thread.java:764)

08-05 19:45:52.531  1563  1577 I LSPosed-Bridge: 13859 PermLabel 10129 AMS.checkPermission: Binder.getCallingPid() = 1563; uid = 10129; Binder.getCallingUid() = 1000; getNameForUid: android.uid.system:1000; getPackagesForUid: [com.log.logservice, com.caf.fmradio, com.quicinc.cne.CNEService, com.qualcomm.qti.qtisystemservice, com.asus.loguploaderproxy, com.qualcomm.qti.auth.fidocryptoservice, com.asus.sysdiagnostic, android, com.android.settings, com.android.server.telecom, com.asus.livedemoservice, com.qti.dpmserviceapp, com.huaqin.CameraCalibration, com.android.keychain, com.qualcomm.qti.qmmi, com.asus.UpdateLauncher, com.asus.dm, com.qualcomm.qti.dynamicddsservice, com.asus.smartreading, com.asus.setupwizard, com.hq.mediafilepreset, com.android.wallpaperbackup, com.android.location.fused, com.qualcomm.location, com.qualcomm.wfd.service, com.qualcomm.qti.services.secureui, com.android.providers.settings, com.asus.maxxaudio, com.qualcomm.qti.simsettings, com.android.inputdevices, com.qualcomm.qti.uceShimService]; permName: android.permission.ACCESS_FINE_LOCATION; type = 1; res = 0; stacktrace=java.lang.Exception

08-05 19:45:52.531  1563  1577 I LSPosed-Bridge: 	at com.example.permlabel.requirePerm$1$2.afterHookedMethod(requirePerm.java:145)

08-05 19:45:52.531  1563  1577 I LSPosed-Bridge: 	at de.robv.android.xposed.XposedBridge$AdditionalHookInfo.callback(Unknown Source:147)

08-05 19:45:52.531  1563  1577 I LSPosed-Bridge: 	at LSPHooker_.checkPermission(Unknown Source:25)

08-05 19:45:52.531  1563  1577 I LSPosed-Bridge: 	at android.app.ContextImpl.checkPermission(ContextImpl.java:1751)

08-05 19:45:52.531  1563  1577 I LSPosed-Bridge: 	at com.android.server.LocationManagerService.getAllowedResolutionLevel(LocationManagerService.java:1424)

08-05 19:45:52.531  1563  1577 I LSPosed-Bridge: 	at com.android.server.LocationManagerService.reportLocationAccessNoThrow(LocationManagerService.java:1548)

08-05 19:45:52.531  1563  1577 I LSPosed-Bridge: 	at com.android.server.LocationManagerService.getLastLocation(LocationManagerService.java:2245)

08-05 19:45:52.531  1563  1577 I LSPosed-Bridge: 	at android.location.ILocationManager$Stub.onTransact(ILocationManager.java:159)

08-05 19:45:52.531  1563  1577 I LSPosed-Bridge: 	at android.os.Binder.execTransact(Binder.java:731)

08-05 19:45:52.533 13859 15037 I LSPosed-Bridge: 13859 PermLabel 10129; permName: android.permission.ACCESS_FINE_LOCATION getLastKnownLocation res=null; stacktrace=java.lang.Exception

08-05 19:45:52.533 13859 15037 I LSPosed-Bridge: 	at com.example.permlabel.hookLocationExtra_test$2.afterHookedMethod(hookLocationExtra_test.java:66)

08-05 19:45:52.533 13859 15037 I LSPosed-Bridge: 	at de.robv.android.xposed.XposedBridge$AdditionalHookInfo.callback(Unknown Source:147)

08-05 19:45:52.533 13859 15037 I LSPosed-Bridge: 	at LSPHooker_.getLastKnownLocation(Unknown Source:11)

08-05 19:45:52.533 13859 15037 I LSPosed-Bridge: 	at com.cwrj.util.CpUtils.getLocationInfo(CpUtils.java:189)

08-05 19:45:52.533 13859 15037 I LSPosed-Bridge: 	at com.cwrj.http.HttpManager.getadbody(HttpManager.java:287)

08-05 19:45:52.533 13859 15037 I LSPosed-Bridge: 	at com.cwrj.http.HttpManager.getadbody(HttpManager.java:262)

08-05 19:45:52.533 13859 15037 I LSPosed-Bridge: 	at com.cwrj.http.HttpManager.getadbody(HttpManager.java:258)

08-05 19:45:52.533 13859 15037 I LSPosed-Bridge: 	at com.cwrj.http.HttpManager.getadbody(HttpManager.java:254)

08-05 19:45:52.533 13859 15037 I LSPosed-Bridge: 	at com.cwrj.MyBanner$1.run(MyBanner.java:71)

08-05 19:45:52.533 13859 15037 I LSPosed-Bridge: 	at java.util.concurrent.ThreadPoolExecutor.runWorker(ThreadPoolExecutor.java:1167)

08-05 19:45:52.533 13859 15037 I LSPosed-Bridge: 	at java.util.concurrent.ThreadPoolExecutor$Worker.run(ThreadPoolExecutor.java:641)

08-05 19:45:52.533 13859 15037 I LSPosed-Bridge: 	at java.lang.Thread.run(Thread.java:764)

08-05 19:45:55.971 15165 15165 I LSPosed-Bridge: 15165 PermLabel 10129 permission_group_mapping =android.permission.ACCESS_FINE_LOCATION Location

08-05 19:45:55.971 15165 15165 W System.err: android.content.pm.PackageManager$NameNotFoundException: android.permission.RECEIVE_USER_PRESENT

08-05 19:45:55.971 15165 15165 W System.err: 	at android.app.ApplicationPackageManager.getPermissionInfo(ApplicationPackageManager.java:315)

08-05 19:45:55.971 15165 15165 W System.err: 	at com.example.permlabel.requestPerm.handleLoadPackage(requestPerm.java:105)

08-05 19:45:55.971 15165 15165 W System.err: 	at de.robv.android.xposed.IXposedHookLoadPackage$Wrapper.handleLoadPackage(Unknown Source:2)

08-05 19:45:55.971 15165 15165 W System.err: 	at de.robv.android.xposed.callbacks.XC_LoadPackage.call(Unknown Source:6)

08-05 19:45:55.971 15165 15165 W System.err: 	at de.robv.android.xposed.callbacks.XCallback.callAll(Unknown Source:26)

08-05 19:45:55.971 15165 15165 W System.err: 	at I.afterHookedMethod(Unknown Source:1)

08-05 19:45:55.971 15165 15165 W System.err: 	at de.robv.android.xposed.XposedBridge$AdditionalHookInfo.callback(Unknown Source:147)

08-05 19:45:55.971 15165 15165 W System.err: 	at LSPHooker_.getClassLoader(Unknown Source:8)

08-05 19:45:55.971 15165 15165 W System.err: 	at android.app.LoadedApk.getResources(LoadedApk.java:1032)

08-05 19:45:55.971 15165 15165 W System.err: 	at android.app.ContextImpl.createAppContext(ContextImpl.java:2345)

08-05 19:45:55.971 15165 15165 W System.err: 	at android.app.ActivityThread.handleBindApplication(ActivityThread.java:5759)

08-05 19:45:55.971 15165 15165 W System.err: 	at android.app.ActivityThread.access$1100(ActivityThread.java:200)

08-05 19:45:55.971 15165 15165 W System.err: 	at android.app.ActivityThread$H.handleMessage(ActivityThread.java:1651)

08-05 19:45:55.971 15165 15165 W System.err: 	at android.os.Handler.dispatchMessage(Handler.java:106)

08-05 19:45:55.971 15165 15165 W System.err: 	at android.os.Looper.loop(Looper.java:193)

08-05 19:45:55.971 15165 15165 W System.err: 	at android.app.ActivityThread.main(ActivityThread.java:6692)

08-05 19:45:55.971 15165 15165 W System.err: 	at java.lang.reflect.Method.invoke(Native Method)

08-05 19:45:55.971 15165 15165 W System.err: 	at com.android.internal.os.RuntimeInit$MethodAndArgsCaller.run(RuntimeInit.java:493)

08-05 19:45:55.971 15165 15165 W System.err: 	at com.android.internal.os.ZygoteInit.main(ZygoteInit.java:858)

08-05 19:45:55.994 15165 15165 I LSPosed-Bridge: 15165 PermLabel 10129 permission_type_mapping =android.permission.INTERACT_ACROSS_USERS_FULL 2; 

08-05 19:45:55.994 15165 15165 I LSPosed-Bridge: 15165 PermLabel 10129 permission_type_mapping =android.permission.INTERACT_ACROSS_USERS_FULL 2; 

08-05 19:45:55.994 15165 15165 I LSPosed-Bridge: 15165 PermLabel 10129 all_declared permissions =android.permission.INTERNET android.permission.READ_PHONE_STATE android.permission.ACCESS_NETWORK_STATE android.permission.WRITE_EXTERNAL_STORAGE android.permission.ACCESS_WIFI_STATE android.permission.ACCESS_COARSE_LOCATION android.permission.REQUEST_INSTALL_PACKAGES android.permission.GET_TASKS android.permission.READ_EXTERNAL_STORAGE android.permission.CHANGE_NETWORK_STATE android.permission.CHANGE_WIFI_STATE android.permission.GET_PACKAGE_SIZE android.permission.BLUETOOTH android.permission.BATTERY_STATS android.permission.RESTART_PACKAGES android.permission.WAKE_LOCK android.permission.READ_LOGS android.permission.WRITE_SETTINGS android.permission.ACCESS_MTK_MMHW android.permission.KILL_BACKGROUND_PROCESSES android.permission.ACCESS_FINE_LOCATION android.permission.RECEIVE_USER_PRESENT android.permission.EXPAND_STATUS_BAR android.permission.CAMERA android.permission.RECORD_AUDIO android.permission.MOUNT_UNMOUNT_FILESYSTEMS android.permission.CHANGE_CONFIGURATION android.permission.READ_CONTACTS android.permission.CHANGE_WIFI_MULTICAST_STATE android.permission.READ_SMS android.permission.SEND_SMS android.permission.WRITE_SMS android.permission.RECEIVE_SMS android.webkit.permission.PLUGIN android.permission.MODIFY_AUDIO_SETTINGS android.permission.SYSTEM_ALERT_WINDOW android.permission.BLUETOOTH_ADMIN android.permission.VIBRATE android.permission.FLASHLIGHT android.permission.ACCESS_NOTIFICATION_POLICY android.permission.BIND_NOTIFICATION_LISTENER_SERVICE android.permission.BIND_JOB_SERVICE android.permission.READ_SYNC_SETTINGS android.permission.WRITE_SYNC_SETTINGS android.permission.RECEIVE_BOOT_COMPLETED android.permission.AUTHENTICATE_ACCOUNTS android.permission.GET_ACCOUNTS com.asus.msa.SupplementaryDID.ACCESS android.permission.FOREGROUND_SERVICE android.permission.INTERACT_ACROSS_USERS_FULL 

08-05 19:45:55.994 15165 15165 I LSPosed-Bridge: 15165 PermLabel 10129 all_declared permissions =android.permission.INTERNET android.permission.READ_PHONE_STATE android.permission.ACCESS_NETWORK_STATE android.permission.WRITE_EXTERNAL_STORAGE android.permission.ACCESS_WIFI_STATE android.permission.ACCESS_COARSE_LOCATION android.permission.REQUEST_INSTALL_PACKAGES android.permission.GET_TASKS android.permission.READ_EXTERNAL_STORAGE android.permission.CHANGE_NETWORK_STATE android.permission.CHANGE_WIFI_STATE android.permission.GET_PACKAGE_SIZE android.permission.BLUETOOTH android.permission.BATTERY_STATS android.permission.RESTART_PACKAGES android.permission.WAKE_LOCK android.permission.READ_LOGS android.permission.WRITE_SETTINGS android.permission.ACCESS_MTK_MMHW android.permission.KILL_BACKGROUND_PROCESSES android.permission.ACCESS_FINE_LOCATION android.permission.RECEIVE_USER_PRESENT android.permission.EXPAND_STATUS_BAR android.permission.CAMERA android.permission.RECORD_AUDIO android.permission.MOUNT_UNMOUNT_FILESYSTEMS android.permission.CHANGE_CONFIGURATION android.permission.READ_CONTACTS android.permission.CHANGE_WIFI_MULTICAST_STATE android.permission.READ_SMS android.permission.SEND_SMS android.permission.WRITE_SMS android.permission.RECEIVE_SMS android.webkit.permission.PLUGIN android.permission.MODIFY_AUDIO_SETTINGS android.permission.SYSTEM_ALERT_WINDOW android.permission.BLUETOOTH_ADMIN android.permission.VIBRATE android.permission.FLASHLIGHT android.permission.ACCESS_NOTIFICATION_POLICY android.permission.BIND_NOTIFICATION_LISTENER_SERVICE android.permission.BIND_JOB_SERVICE android.permission.READ_SYNC_SETTINGS android.permission.WRITE_SYNC_SETTINGS android.permission.RECEIVE_BOOT_COMPLETED android.permission.AUTHENTICATE_ACCOUNTS android.permission.GET_ACCOUNTS com.asus.msa.SupplementaryDID.ACCESS android.permission.FOREGROUND_SERVICE android.permission.INTERACT_ACROSS_USERS_FULL 

08-05 19:45:55.994 15165 15165 I LSPosed-Bridge: 15165 PermLabel 10129 declared normal_permissions =android.permission.INTERNET android.permission.ACCESS_NETWORK_STATE android.permission.ACCESS_WIFI_STATE android.permission.GET_TASKS android.permission.CHANGE_NETWORK_STATE android.permission.CHANGE_WIFI_STATE android.permission.GET_PACKAGE_SIZE android.permission.BLUETOOTH android.permission.RESTART_PACKAGES android.permission.WAKE_LOCK android.permission.KILL_BACKGROUND_PROCESSES android.permission.EXPAND_STATUS_BAR android.permission.CHANGE_WIFI_MULTICAST_STATE android.permission.WRITE_SMS android.permission.MODIFY_AUDIO_SETTINGS android.permission.BLUETOOTH_ADMIN android.permission.VIBRATE android.permission.FLASHLIGHT android.permission.ACCESS_NOTIFICATION_POLICY android.permission.READ_SYNC_SETTINGS android.permission.WRITE_SYNC_SETTINGS android.permission.RECEIVE_BOOT_COMPLETED android.permission.AUTHENTICATE_ACCOUNTS android.permission.FOREGROUND_SERVICE 

08-05 19:45:55.994 15165 15165 I LSPosed-Bridge: 15165 PermLabel 10129 declared normal_permissions =android.permission.INTERNET android.permission.ACCESS_NETWORK_STATE android.permission.ACCESS_WIFI_STATE android.permission.GET_TASKS android.permission.CHANGE_NETWORK_STATE android.permission.CHANGE_WIFI_STATE android.permission.GET_PACKAGE_SIZE android.permission.BLUETOOTH android.permission.RESTART_PACKAGES android.permission.WAKE_LOCK android.permission.KILL_BACKGROUND_PROCESSES android.permission.EXPAND_STATUS_BAR android.permission.CHANGE_WIFI_MULTICAST_STATE android.permission.WRITE_SMS android.permission.MODIFY_AUDIO_SETTINGS android.permission.BLUETOOTH_ADMIN android.permission.VIBRATE android.permission.FLASHLIGHT android.permission.ACCESS_NOTIFICATION_POLICY android.permission.READ_SYNC_SETTINGS android.permission.WRITE_SYNC_SETTINGS android.permission.RECEIVE_BOOT_COMPLETED android.permission.AUTHENTICATE_ACCOUNTS android.permission.FOREGROUND_SERVICE 

08-05 19:45:55.994 15165 15165 I LSPosed-Bridge: 15165 PermLabel 10129 declared dangerous_permissions =android.permission.READ_PHONE_STATE android.permission.WRITE_EXTERNAL_STORAGE android.permission.ACCESS_COARSE_LOCATION android.permission.READ_EXTERNAL_STORAGE android.permission.ACCESS_FINE_LOCATION android.permission.CAMERA android.permission.RECORD_AUDIO android.permission.READ_CONTACTS android.permission.READ_SMS android.permission.SEND_SMS android.permission.RECEIVE_SMS android.permission.GET_ACCOUNTS 

08-05 19:45:55.994 15165 15165 I LSPosed-Bridge: 15165 PermLabel 10129 declared dangerous_permissions =android.permission.READ_PHONE_STATE android.permission.WRITE_EXTERNAL_STORAGE android.permission.ACCESS_COARSE_LOCATION android.permission.READ_EXTERNAL_STORAGE android.permission.ACCESS_FINE_LOCATION android.permission.CAMERA android.permission.RECORD_AUDIO android.permission.READ_CONTACTS android.permission.READ_SMS android.permission.SEND_SMS android.permission.RECEIVE_SMS android.permission.GET_ACCOUNTS 

08-05 19:45:55.994 15165 15165 I LSPosed-Bridge: 15165 PermLabel 10129 declared dangerous_group =Telephone Storage Location Storage Location Camera Microphone Contacts SMS SMS SMS Contacts 

08-05 19:45:55.994 15165 15165 I LSPosed-Bridge: 15165 PermLabel 10129 declared dangerous_group =Telephone Storage Location Storage Location Camera Microphone Contacts SMS SMS SMS Contacts 

08-05 19:45:56.803   550   550 I ConfigStore: android::hardware::configstore::V1_0::ISurfaceFlingerConfigs::hasHDRDisplay retrieved: 0

08-05 19:45:56.803 15165 15165 I LSPosed-Bridge: 15165 PermLabel 10129 ContextImpl.checkPermission: askedperm = []; permName: android.permission.ACCESS_FINE_LOCATION; android.os.Process.myPid() = 15165; type = 1

08-05 19:45:56.803   550   550 I ConfigStore: android::hardware::configstore::V1_0::ISurfaceFlingerConfigs::hasHDRDisplay retrieved: 0

08-05 19:45:56.804 15165 15165 I LSPosed-Bridge: 15165 PermLabel 10129 ContextImpl.checkPermission: pid = 15165; uid = 10129; Binder.getCallingPid() =15165; Binder.getCallingUid() = 10129; permName: android.permission.ACCESS_FINE_LOCATION; type = 1; res = 0; stacktrace=java.lang.Exception

08-05 19:45:56.804 15165 15165 I LSPosed-Bridge: 	at com.example.permlabel.requestPerm$2.afterHookedMethod(requestPerm.java:208)

08-05 19:45:56.804 15165 15165 I LSPosed-Bridge: 	at de.robv.android.xposed.XposedBridge$AdditionalHookInfo.callback(Unknown Source:147)

08-05 19:45:56.804 15165 15165 I LSPosed-Bridge: 	at LSPHooker_.checkPermission(Unknown Source:25)

08-05 19:45:56.804 15165 15165 I LSPosed-Bridge: 	at android.content.ContextWrapper.checkPermission(ContextWrapper.java:738)

08-05 19:45:56.804 15165 15165 I LSPosed-Bridge: 	at android.support.v4.content.ContextCompat.checkSelfPermission(ContextCompat.java:432)

08-05 19:45:56.804 15165 15165 I LSPosed-Bridge: 	at com.cwrj.util.CpUtils.getLocationInfo(CpUtils.java:185)

08-05 19:45:56.804 15165 15165 I LSPosed-Bridge: 	at com.cwrj.entity.DeviceProperty.<init>(DeviceProperty.java:212)

08-05 19:45:56.804 15165 15165 I LSPosed-Bridge: 	at com.cwrj.http.HttpManager.init(HttpManager.java:83)

08-05 19:45:56.804 15165 15165 I LSPosed-Bridge: 	at com.cwrj.CpManager.<init>(CpManager.java:285)

08-05 19:45:56.804 15165 15165 I LSPosed-Bridge: 	at com.cwrj.CpManager.getinstance(CpManager.java:1709)

08-05 19:45:56.804 15165 15165 I LSPosed-Bridge: 	at com.cwrj.XDAPI.show(XDAPI.java:13)

08-05 19:45:56.804 15165 15165 I LSPosed-Bridge: 	at com.cwrj.CWActivity.handleIntent(AActivity.java:300)

08-05 19:45:56.804 15165 15165 I LSPosed-Bridge: 	at com.cwrj.CWActivity.onCreate(AActivity.java:352)

08-05 19:45:56.804 15165 15165 I LSPosed-Bridge: 	at android.app.Activity.performCreate(Activity.java:7136)

08-05 19:45:56.804 15165 15165 I LSPosed-Bridge: 	at android.app.Activity.performCreate(Activity.java:7127)

08-05 19:45:56.804 15165 15165 I LSPosed-Bridge: 	at android.app.Instrumentation.callActivityOnCreate(Instrumentation.java:1272)

08-05 19:45:56.804 15165 15165 I LSPosed-Bridge: 	at android.app.ActivityThread.performLaunchActivity(ActivityThread.java:2894)

08-05 19:45:56.804 15165 15165 I LSPosed-Bridge: 	at android.app.ActivityThread.handleLaunchActivity(ActivityThread.java:3049)

08-05 19:45:56.804 15165 15165 I LSPosed-Bridge: 	at android.app.servertransaction.LaunchActivityItem.execute(LaunchActivityItem.java:78)

08-05 19:45:56.804 15165 15165 I LSPosed-Bridge: 	at android.app.servertransaction.TransactionExecutor.executeCallbacks(TransactionExecutor.java:108)

08-05 19:45:56.804 15165 15165 I LSPosed-Bridge: 	at android.app.servertransaction.TransactionExecutor.execute(TransactionExecutor.java:68)

08-05 19:45:56.804 15165 15165 I LSPosed-Bridge: 	at android.app.ActivityThread$H.handleMessage(ActivityThread.java:1809)

08-05 19:45:56.804 15165 15165 I LSPosed-Bridge: 	at android.os.Handler.dispatchMessage(Handler.java:106)

08-05 19:45:56.804 15165 15165 I LSPosed-Bridge: 	at android.os.Looper.loop(Looper.java:193)

08-05 19:45:56.804 15165 15165 I LSPosed-Bridge: 	at android.app.ActivityThread.main(ActivityThread.java:6692)

08-05 19:45:56.804 15165 15165 I LSPosed-Bridge: 	at java.lang.reflect.Method.invoke(Native Method)

08-05 19:45:56.804 15165 15165 I LSPosed-Bridge: 	at com.android.internal.os.RuntimeInit$MethodAndArgsCaller.run(RuntimeInit.java:493)

08-05 19:45:56.804 15165 15165 I LSPosed-Bridge: 	at com.android.internal.os.ZygoteInit.main(ZygoteInit.java:858)

08-05 19:45:56.805 15165 15165 I LSPosed-Bridge: 15165 PermLabel 10129 ContextImpl.checkPermission: pid = 15165; uid = 10129; permName: android.permission.ACCESS_FINE_LOCATION; type = 1; res = 0; stacktrace=java.lang.Exception

08-05 19:45:56.805 15165 15165 I LSPosed-Bridge: 	at com.example.permlabel.requestPerm$2.afterHookedMethod(requestPerm.java:225)

08-05 19:45:56.805 15165 15165 I LSPosed-Bridge: 	at de.robv.android.xposed.XposedBridge$AdditionalHookInfo.callback(Unknown Source:147)

08-05 19:45:56.805 15165 15165 I LSPosed-Bridge: 	at LSPHooker_.checkPermission(Unknown Source:25)

08-05 19:45:56.805 15165 15165 I LSPosed-Bridge: 	at android.content.ContextWrapper.checkPermission(ContextWrapper.java:738)

08-05 19:45:56.805 15165 15165 I LSPosed-Bridge: 	at android.support.v4.content.ContextCompat.checkSelfPermission(ContextCompat.java:432)

08-05 19:45:56.805 15165 15165 I LSPosed-Bridge: 	at com.cwrj.util.CpUtils.getLocationInfo(CpUtils.java:185)

08-05 19:45:56.805 15165 15165 I LSPosed-Bridge: 	at com.cwrj.entity.DeviceProperty.<init>(DeviceProperty.java:212)

08-05 19:45:56.805 15165 15165 I LSPosed-Bridge: 	at com.cwrj.http.HttpManager.init(HttpManager.java:83)

08-05 19:45:56.805 15165 15165 I LSPosed-Bridge: 	at com.cwrj.CpManager.<init>(CpManager.java:285)

08-05 19:45:56.805 15165 15165 I LSPosed-Bridge: 	at com.cwrj.CpManager.getinstance(CpManager.java:1709)

08-05 19:45:56.805 15165 15165 I LSPosed-Bridge: 	at com.cwrj.XDAPI.show(XDAPI.java:13)

08-05 19:45:56.805 15165 15165 I LSPosed-Bridge: 	at com.cwrj.CWActivity.handleIntent(AActivity.java:300)

08-05 19:45:56.805 15165 15165 I LSPosed-Bridge: 	at com.cwrj.CWActivity.onCreate(AActivity.java:352)

08-05 19:45:56.805 15165 15165 I LSPosed-Bridge: 	at android.app.Activity.performCreate(Activity.java:7136)

08-05 19:45:56.805 15165 15165 I LSPosed-Bridge: 	at android.app.Activity.performCreate(Activity.java:7127)

08-05 19:45:56.805 15165 15165 I LSPosed-Bridge: 	at android.app.Instrumentation.callActivityOnCreate(Instrumentation.java:1272)

08-05 19:45:56.805 15165 15165 I LSPosed-Bridge: 	at android.app.ActivityThread.performLaunchActivity(ActivityThread.java:2894)

08-05 19:45:56.805 15165 15165 I LSPosed-Bridge: 	at android.app.ActivityThread.handleLaunchActivity(ActivityThread.java:3049)

08-05 19:45:56.805 15165 15165 I LSPosed-Bridge: 	at android.app.servertransaction.LaunchActivityItem.execute(LaunchActivityItem.java:78)

08-05 19:45:56.805 15165 15165 I LSPosed-Bridge: 	at android.app.servertransaction.TransactionExecutor.executeCallbacks(TransactionExecutor.java:108)

08-05 19:45:56.805 15165 15165 I LSPosed-Bridge: 	at android.app.servertransaction.TransactionExecutor.execute(TransactionExecutor.java:68)

08-05 19:45:56.805 15165 15165 I LSPosed-Bridge: 	at android.app.ActivityThread$H.handleMessage(ActivityThread.java:1809)

08-05 19:45:56.805 15165 15165 I LSPosed-Bridge: 	at android.os.Handler.dispatchMessage(Handler.java:106)

08-05 19:45:56.805 15165 15165 I LSPosed-Bridge: 	at android.os.Looper.loop(Looper.java:193)

08-05 19:45:56.805 15165 15165 I LSPosed-Bridge: 	at android.app.ActivityThread.main(ActivityThread.java:6692)

08-05 19:45:56.805 15165 15165 I LSPosed-Bridge: 	at java.lang.reflect.Method.invoke(Native Method)

08-05 19:45:56.805 15165 15165 I LSPosed-Bridge: 	at com.android.internal.os.RuntimeInit$MethodAndArgsCaller.run(RuntimeInit.java:493)

08-05 19:45:56.805 15165 15165 I LSPosed-Bridge: 	at com.android.internal.os.ZygoteInit.main(ZygoteInit.java:858)

08-05 19:45:56.808  1563  7191 I LSPosed-Bridge: 15165 PermLabel 10129 AMS.checkPermission: Binder.getCallingPid() = 1563; uid = 10129; Binder.getCallingUid() = 1000; getNameForUid: android.uid.system:1000; getPackagesForUid: [com.log.logservice, com.caf.fmradio, com.quicinc.cne.CNEService, com.qualcomm.qti.qtisystemservice, com.asus.loguploaderproxy, com.qualcomm.qti.auth.fidocryptoservice, com.asus.sysdiagnostic, android, com.android.settings, com.android.server.telecom, com.asus.livedemoservice, com.qti.dpmserviceapp, com.huaqin.CameraCalibration, com.android.keychain, com.qualcomm.qti.qmmi, com.asus.UpdateLauncher, com.asus.dm, com.qualcomm.qti.dynamicddsservice, com.asus.smartreading, com.asus.setupwizard, com.hq.mediafilepreset, com.android.wallpaperbackup, com.android.location.fused, com.qualcomm.location, com.qualcomm.wfd.service, com.qualcomm.qti.services.secureui, com.android.providers.settings, com.asus.maxxaudio, com.qualcomm.qti.simsettings, com.android.inputdevices, com.qualcomm.qti.uceShimService]; permName: android.permission.ACCESS_FINE_LOCATION; type = 1; res = 0; stacktrace=java.lang.Exception

