09-02 09:55:07.109  5495  5985 I LSPosed-Bridge: 	at de.robv.android.xposed.XposedBridge$AdditionalHookInfo.callback(Unknown Source:147)

09-02 09:55:07.109  5495  5985 I LSPosed-Bridge: 	at LSPHooker_.getCellLocation(Unknown Source:8)

09-02 09:55:07.109  5495  5985 I LSPosed-Bridge: 	at c.t.m.g.fi.a(TL:95)

09-02 09:55:07.109  5495  5985 I LSPosed-Bridge: 	at c.t.m.g.ep.n(TL:50278)

09-02 09:55:07.109  5495  5985 I LSPosed-Bridge: 	at c.t.m.g.ep$a.handleMessage(TL:1379)

09-02 09:55:07.109  5495  5985 I LSPosed-Bridge: 	at android.os.Handler.dispatchMessage(Handler.java:106)

09-02 09:55:07.109  5495  5985 I LSPosed-Bridge: 	at android.os.Looper.loop(Looper.java:193)

09-02 09:55:07.109  5495  5985 I LSPosed-Bridge: 	at android.os.HandlerThread.run(HandlerThread.java:65)

09-02 09:55:14.937  5495  5495 I LSPosed-Bridge: 5495 PermLabel 10128 requestPermissions (Activity): pid = 5495; permName: android.permission.ACCESS_FINE_LOCATION; stacktrace=java.lang.Exception

09-02 09:55:14.937  5495  5495 I LSPosed-Bridge: 	at com.example.permlabel.requestPerm$3.beforeHookedMethod(requestPerm.java:221)

09-02 09:55:14.937  5495  5495 I LSPosed-Bridge: 	at de.robv.android.xposed.XposedBridge$AdditionalHookInfo.callback(Unknown Source:79)

09-02 09:55:14.937  5495  5495 I LSPosed-Bridge: 	at LSPHooker_.requestPermissions(Unknown Source:18)

09-02 09:55:14.937  5495  5495 I LSPosed-Bridge: 	at androidx.core.app.c.a(Unknown Source:0)

09-02 09:55:14.937  5495  5495 I LSPosed-Bridge: 	at androidx.core.app.ActivityCompat$Api23Impl.requestPermissions(ActivityCompat.java:1)

09-02 09:55:14.937  5495  5495 I LSPosed-Bridge: 	at androidx.core.app.ActivityCompat.requestPermissions(ActivityCompat.java:75)

09-02 09:55:14.937  5495  5495 I LSPosed-Bridge: 	at com.klooklib.activity.FeatureIntroduceActivity$a.requestClickListener(FeatureIntroduceActivity.java:9)

09-02 09:55:14.937  5495  5495 I LSPosed-Bridge: 	at com.klooklib.view.FeatureRuntimePermissionView$b.onClick(FeatureRuntimePermissionView.java:7)

09-02 09:55:14.937  5495  5495 I LSPosed-Bridge: 	at android.view.View.performClick(View.java:6597)

09-02 09:55:14.937  5495  5495 I LSPosed-Bridge: 	at android.view.View.performClickInternal(View.java:6574)

09-02 09:55:14.937  5495  5495 I LSPosed-Bridge: 	at android.view.View.access$3100(View.java:778)

09-02 09:55:14.937  5495  5495 I LSPosed-Bridge: 	at android.view.View$PerformClick.run(View.java:25889)

09-02 09:55:14.937  5495  5495 I LSPosed-Bridge: 	at android.os.Handler.handleCallback(Handler.java:873)

09-02 09:55:14.937  5495  5495 I LSPosed-Bridge: 	at android.os.Handler.dispatchMessage(Handler.java:99)

09-02 09:55:14.937  5495  5495 I LSPosed-Bridge: 	at android.os.Looper.loop(Looper.java:193)

09-02 09:55:14.937  5495  5495 I LSPosed-Bridge: 	at android.app.ActivityThread.main(ActivityThread.java:6692)

09-02 09:55:14.937  5495  5495 I LSPosed-Bridge: 	at java.lang.reflect.Method.invoke(Native Method)

09-02 09:55:14.937  5495  5495 I LSPosed-Bridge: 	at com.android.internal.os.RuntimeInit$MethodAndArgsCaller.run(RuntimeInit.java:493)

09-02 09:55:14.937  5495  5495 I LSPosed-Bridge: 	at com.android.internal.os.ZygoteInit.main(ZygoteInit.java:858)

09-02 09:55:14.937  5495  5495 I LSPosed-Bridge: 5495 PermLabel 10128 requestPermissions (Activity): pid = 5495; permName: android.permission.ACCESS_COARSE_LOCATION; stacktrace=java.lang.Exception

09-02 09:55:14.937  5495  5495 I LSPosed-Bridge: 	at com.example.permlabel.requestPerm$3.beforeHookedMethod(requestPerm.java:221)

09-02 09:55:14.937  5495  5495 I LSPosed-Bridge: 	at de.robv.android.xposed.XposedBridge$AdditionalHookInfo.callback(Unknown Source:79)

09-02 09:55:14.937  5495  5495 I LSPosed-Bridge: 	at LSPHooker_.requestPermissions(Unknown Source:18)

09-02 09:55:14.937  5495  5495 I LSPosed-Bridge: 	at androidx.core.app.c.a(Unknown Source:0)

09-02 09:55:14.937  5495  5495 I LSPosed-Bridge: 	at androidx.core.app.ActivityCompat$Api23Impl.requestPermissions(ActivityCompat.java:1)

09-02 09:55:14.937  5495  5495 I LSPosed-Bridge: 	at androidx.core.app.ActivityCompat.requestPermissions(ActivityCompat.java:75)

09-02 09:55:14.937  5495  5495 I LSPosed-Bridge: 	at com.klooklib.activity.FeatureIntroduceActivity$a.requestClickListener(FeatureIntroduceActivity.java:9)

09-02 09:55:14.937  5495  5495 I LSPosed-Bridge: 	at com.klooklib.view.FeatureRuntimePermissionView$b.onClick(FeatureRuntimePermissionView.java:7)

09-02 09:55:14.937  5495  5495 I LSPosed-Bridge: 	at android.view.View.performClick(View.java:6597)

09-02 09:55:14.937  5495  5495 I LSPosed-Bridge: 	at android.view.View.performClickInternal(View.java:6574)

09-02 09:55:14.937  5495  5495 I LSPosed-Bridge: 	at android.view.View.access$3100(View.java:778)

09-02 09:55:14.937  5495  5495 I LSPosed-Bridge: 	at android.view.View$PerformClick.run(View.java:25889)

09-02 09:55:14.937  5495  5495 I LSPosed-Bridge: 	at android.os.Handler.handleCallback(Handler.java:873)

09-02 09:55:14.937  5495  5495 I LSPosed-Bridge: 	at android.os.Handler.dispatchMessage(Handler.java:99)

09-02 09:55:14.937  5495  5495 I LSPosed-Bridge: 	at android.os.Looper.loop(Looper.java:193)

09-02 09:55:14.937  5495  5495 I LSPosed-Bridge: 	at android.app.ActivityThread.main(ActivityThread.java:6692)

09-02 09:55:14.937  5495  5495 I LSPosed-Bridge: 	at java.lang.reflect.Method.invoke(Native Method)

09-02 09:55:14.937  5495  5495 I LSPosed-Bridge: 	at com.android.internal.os.RuntimeInit$MethodAndArgsCaller.run(RuntimeInit.java:493)

09-02 09:55:14.937  5495  5495 I LSPosed-Bridge: 	at com.android.internal.os.ZygoteInit.main(ZygoteInit.java:858)

09-02 09:55:14.945  1573  1869 I LSPosed-Bridge: 5495 PermLabel 10128 startActivityAsUser: Binder.getCallingPid() = 5495; Binder.getCallingUid() = 10128; intent = Intent { act=android.content.pm.action.REQUEST_PERMISSIONS pkg=com.google.android.packageinstaller (has extras) }; stacktrace=java.lang.Exception

09-02 09:55:14.945  1573  1869 I LSPosed-Bridge: 	at com.example.permlabel.requirePerm$1$1.beforeHookedMethod(requirePerm.java:68)

09-02 09:55:14.945  1573  1869 I LSPosed-Bridge: 	at de.robv.android.xposed.XposedBridge$AdditionalHookInfo.callback(Unknown Source:79)

09-02 09:55:14.945  1573  1869 I LSPosed-Bridge: 	at LSPHooker_.startActivity(Unknown Source:50)

09-02 09:55:14.945  1573  1869 I LSPosed-Bridge: 	at android.app.IActivityManager$Stub.onTransact$startActivity$(IActivityManager.java:10085)

09-02 09:55:14.945  1573  1869 I LSPosed-Bridge: 	at android.app.IActivityManager$Stub.onTransact(IActivityManager.java:122)

09-02 09:55:14.945  1573  1869 I LSPosed-Bridge: 	at com.android.server.am.ActivityManagerService.onTransact(ActivityManagerService.java:3346)

09-02 09:55:14.945  1573  1869 I LSPosed-Bridge: 	at android.os.Binder.execTransact(Binder.java:731)

09-02 09:55:14.945  1573  1869 I LSPosed-Bridge: 5495 PermLabel 10128 startActivityAsUser: intent = Intent { act=android.content.pm.action.REQUEST_PERMISSIONS pkg=com.google.android.packageinstaller (has extras) }

09-02 09:55:14.945  1573  1869 I LSPosed-Bridge: 5495 PermLabel 10128 startActivityAsUser permName: android.permission.ACCESS_FINE_LOCATION

09-02 09:55:14.945  1573  1869 I LSPosed-Bridge: 5495 PermLabel 10128 startActivityAsUser permName: android.permission.ACCESS_COARSE_LOCATION

09-02 09:55:18.415  5495  5495 I LSPosed-Bridge: 5495 PermLabel 10128 ContextImpl.checkPermission: pid = 5495; uid = 10128; permName: android.permission.ACCESS_COARSE_LOCATION; type = 1; res = 0; stacktrace=java.lang.Exception

09-02 09:55:18.415  5495  5495 I LSPosed-Bridge: 	at com.example.permlabel.requestPerm$2.afterHookedMethod(requestPerm.java:204)

09-02 09:55:18.415  5495  5495 I LSPosed-Bridge: 	at de.robv.android.xposed.XposedBridge$AdditionalHookInfo.callback(Unknown Source:147)

09-02 09:55:18.415  5495  5495 I LSPosed-Bridge: 	at LSPHooker_.checkPermission(Unknown Source:25)

09-02 09:55:18.415  5495  5495 I LSPosed-Bridge: 	at android.content.ContextWrapper.checkPermission(ContextWrapper.java:738)

09-02 09:55:18.415  5495  5495 I LSPosed-Bridge: 	at android.content.ContextWrapper.checkPermission(ContextWrapper.java:738)

09-02 09:55:18.415  5495  5495 I LSPosed-Bridge: 	at android.content.ContextWrapper.checkPermission(ContextWrapper.java:738)

09-02 09:55:18.415  5495  5495 I LSPosed-Bridge: 	at androidx.core.content.ContextCompat.checkSelfPermission(ContextCompat.java:15)

09-02 09:55:18.415  5495  5495 I LSPosed-Bridge: 	at com.klooklib.activity.FeatureIntroduceActivity.onRequestPermissionsResult(FeatureIntroduceActivity.java:18)

09-02 09:55:18.415  5495  5495 I LSPosed-Bridge: 	at android.app.Activity.dispatchRequestPermissionsResult(Activity.java:7608)

09-02 09:55:18.415  5495  5495 I LSPosed-Bridge: 	at android.app.Activity.dispatchActivityResult(Activity.java:7458)

09-02 09:55:18.415  5495  5495 I LSPosed-Bridge: 	at android.app.ActivityThread.deliverResults(ActivityThread.java:4354)

09-02 09:55:18.415  5495  5495 I LSPosed-Bridge: 	at android.app.ActivityThread.handleSendResult(ActivityThread.java:4403)

09-02 09:55:18.415  5495  5495 I LSPosed-Bridge: 	at android.app.servertransaction.ActivityResultItem.execute(ActivityResultItem.java:49)

09-02 09:55:18.415  5495  5495 I LSPosed-Bridge: 	at android.app.servertransaction.TransactionExecutor.executeCallbacks(TransactionExecutor.java:108)

09-02 09:55:18.415  5495  5495 I LSPosed-Bridge: 	at android.app.servertransaction.TransactionExecutor.execute(TransactionExecutor.java:68)

09-02 09:55:18.415  5495  5495 I LSPosed-Bridge: 	at android.app.ActivityThread$H.handleMessage(ActivityThread.java:1809)

09-02 09:55:18.415  5495  5495 I LSPosed-Bridge: 	at android.os.Handler.dispatchMessage(Handler.java:106)

09-02 09:55:18.415  5495  5495 I LSPosed-Bridge: 	at android.os.Looper.loop(Looper.java:193)

09-02 09:55:18.415  5495  5495 I LSPosed-Bridge: 	at android.app.ActivityThread.main(ActivityThread.java:6692)

09-02 09:55:18.415  5495  5495 I LSPosed-Bridge: 	at java.lang.reflect.Method.invoke(Native Method)

09-02 09:55:18.415  5495  5495 I LSPosed-Bridge: 	at com.android.internal.os.RuntimeInit$MethodAndArgsCaller.run(RuntimeInit.java:493)

09-02 09:55:18.415  5495  5495 I LSPosed-Bridge: 	at com.android.internal.os.ZygoteInit.main(ZygoteInit.java:858)

09-02 09:55:18.423  5495  5495 I LSPosed-Bridge: 5495 PermLabel 10128 ContextImpl.checkPermission: pid = 5495; uid = 10128; permName: android.permission.ACCESS_COARSE_LOCATION; type = 1; res = 0; stacktrace=java.lang.Exception

09-02 09:55:18.423  5495  5495 I LSPosed-Bridge: 	at com.example.permlabel.requestPerm$2.afterHookedMethod(requestPerm.java:204)

09-02 09:55:18.423  5495  5495 I LSPosed-Bridge: 	at de.robv.android.xposed.XposedBridge$AdditionalHookInfo.callback(Unknown Source:147)

09-02 09:55:18.423  5495  5495 I LSPosed-Bridge: 	at LSPHooker_.checkPermission(Unknown Source:25)

09-02 09:55:18.423  5495  5495 I LSPosed-Bridge: 	at android.content.ContextWrapper.checkPermission(ContextWrapper.java:738)

09-02 09:55:18.423  5495  5495 I LSPosed-Bridge: 	at android.content.ContextWrapper.checkPermission(ContextWrapper.java:738)

09-02 09:55:18.423  5495  5495 I LSPosed-Bridge: 	at android.content.ContextWrapper.checkPermission(ContextWrapper.java:738)

09-02 09:55:18.423  5495  5495 I LSPosed-Bridge: 	at androidx.core.content.ContextCompat.checkSelfPermission(ContextCompat.java:15)

09-02 09:55:18.423  5495  5495 I LSPosed-Bridge: 	at com.klooklib.activity.FeatureIntroduceActivity.j(FeatureIntroduceActivity.java:10)

09-02 09:55:18.423  5495  5495 I LSPosed-Bridge: 	at com.klooklib.activity.FeatureIntroduceActivity.onRequestPermissionsResult(FeatureIntroduceActivity.java:38)

09-02 09:55:18.423  5495  5495 I LSPosed-Bridge: 	at android.app.Activity.dispatchRequestPermissionsResult(Activity.java:7608)

09-02 09:55:18.423  5495  5495 I LSPosed-Bridge: 	at android.app.Activity.dispatchActivityResult(Activity.java:7458)

09-02 09:55:18.423  5495  5495 I LSPosed-Bridge: 	at android.app.ActivityThread.deliverResults(ActivityThread.java:4354)

09-02 09:55:18.423  5495  5495 I LSPosed-Bridge: 	at android.app.ActivityThread.handleSendResult(ActivityThread.java:4403)

09-02 09:55:18.423  5495  5495 I LSPosed-Bridge: 	at android.app.servertransaction.ActivityResultItem.execute(ActivityResultItem.java:49)

09-02 09:55:18.423  5495  5495 I LSPosed-Bridge: 	at android.app.servertransaction.TransactionExecutor.executeCallbacks(TransactionExecutor.java:108)

09-02 09:55:18.423  5495  5495 I LSPosed-Bridge: 	at android.app.servertransaction.TransactionExecutor.execute(TransactionExecutor.java:68)

09-02 09:55:18.423  5495  5495 I LSPosed-Bridge: 	at android.app.ActivityThread$H.handleMessage(ActivityThread.java:1809)

09-02 09:55:18.423  5495  5495 I LSPosed-Bridge: 	at android.os.Handler.dispatchMessage(Handler.java:106)

09-02 09:55:18.423  5495  5495 I LSPosed-Bridge: 	at android.os.Looper.loop(Looper.java:193)

09-02 09:55:18.423  5495  5495 I LSPosed-Bridge: 	at android.app.ActivityThread.main(ActivityThread.java:6692)

09-02 09:55:18.423  5495  5495 I LSPosed-Bridge: 	at java.lang.reflect.Method.invoke(Native Method)

09-02 09:55:18.423  5495  5495 I LSPosed-Bridge: 	at com.android.internal.os.RuntimeInit$MethodAndArgsCaller.run(RuntimeInit.java:493)

09-02 09:55:18.423  5495  5495 I LSPosed-Bridge: 	at com.android.internal.os.ZygoteInit.main(ZygoteInit.java:858)

09-02 09:55:18.494  5495  5867 I LSPosed-Bridge: 5495 PermLabel 10128 ContextImpl.checkPermission: pid = 5495; uid = 10128; permName: android.permission.ACCESS_COARSE_LOCATION; type = 1; res = 0; stacktrace=java.lang.Exception

09-02 09:55:18.494  5495  5867 I LSPosed-Bridge: 	at com.example.permlabel.requestPerm$2.afterHookedMethod(requestPerm.java:204)

09-02 09:55:18.494  5495  5867 I LSPosed-Bridge: 	at de.robv.android.xposed.XposedBridge$AdditionalHookInfo.callback(Unknown Source:147)

09-02 09:55:18.494  5495  5867 I LSPosed-Bridge: 	at LSPHooker_.checkPermission(Unknown Source:25)

09-02 09:55:18.494  5495  5867 I LSPosed-Bridge: 	at android.content.ContextWrapper.checkPermission(ContextWrapper.java:738)

09-02 09:55:18.494  5495  5867 I LSPosed-Bridge: 	at androidx.core.content.ContextCompat.checkSelfPermission(ContextCompat.java:15)

09-02 09:55:18.494  5495  5867 I LSPosed-Bridge: 	at com.klook.location.internal.third.c.a(NativeLocationImpl.kt:16)

09-02 09:55:18.494  5495  5867 I LSPosed-Bridge: 	at com.klook.location.internal.third.c.requestLocation(NativeLocationImpl.kt:17)

09-02 09:55:18.494  5495  5867 I LSPosed-Bridge: 	at com.klook.location.internal.LocationManager$f$a.invokeSuspend(LocationManager.kt:148)

09-02 09:55:18.494  5495  5867 I LSPosed-Bridge: 	at kotlin.coroutines.jvm.internal.a.resumeWith(ContinuationImpl.kt:12)

09-02 09:55:18.494  5495  5867 I LSPosed-Bridge: 	at kotlinx.coroutines.z0.run(DispatchedTask.kt:117)

09-02 09:55:18.494  5495  5867 I LSPosed-Bridge: 	at kotlinx.coroutines.scheduling.a.runSafely(CoroutineScheduler.kt:1)

09-02 09:55:18.494  5495  5867 I LSPosed-Bridge: 	at kotlinx.coroutines.scheduling.a$c.c(CoroutineScheduler.kt:15)

09-02 09:55:18.494  5495  5867 I LSPosed-Bridge: 	at kotlinx.coroutines.scheduling.a$c.i(CoroutineScheduler.kt:29)

09-02 09:55:18.494  5495  5867 I LSPosed-Bridge: 	at kotlinx.coroutines.scheduling.a$c.run(CoroutineScheduler.kt:1)

09-02 09:55:18.548  1573  1867 I LSPosed-Bridge: 5495 PermLabel 10128 AMS.checkPermission: Binder.getCallingPid() = 1896; uid = 10128; Binder.getCallingUid() = 1001; getNameForUid: android.uid.phone:1001; getPackagesForUid: [com.qualcomm.qti.telephonyservice, com.qualcomm.qti.callfeaturessetting, com.qualcomm.qti.uim, com.android.phone, org.codeaurora.ims, com.android.stk, com.qti.confuridialer, com.qualcomm.simcontacts, com.qti.xdivert, com.qualcomm.qti.lpa, com.qualcomm.qti.ims, com.android.mms.service, com.android.providers.telephony, com.qti.qualcomm.deviceinfo, com.qti.qualcomm.datastatusnotification, com.qualcomm.qti.networksetting, com.qualcomm.qcrilmsgtunnel, com.qualcomm.qti.autoregistration]; permName: android.permission.ACCESS_COARSE_LOCATION; type = 1; res = 0; stacktrace=java.lang.Exception

09-02 09:55:18.548  1573  1867 I LSPosed-Bridge: 	at com.example.permlabel.requirePerm$1$2.afterHookedMethod(requirePerm.java:124)

09-02 09:55:18.548  1573  1867 I LSPosed-Bridge: 	at de.robv.android.xposed.XposedBridge$AdditionalHookInfo.callback(Unknown Source:147)

09-02 09:55:18.548  1573  1867 I LSPosed-Bridge: 	at LSPHooker_.checkPermission(Unknown Source:25)

09-02 09:55:18.548  1573  1867 I LSPosed-Bridge: 	at android.app.IActivityManager$Stub.onTransact(IActivityManager.java:664)

09-02 09:55:18.548  1573  1867 I LSPosed-Bridge: 	at com.android.server.am.ActivityManagerService.onTransact(ActivityManagerService.java:3346)

09-02 09:55:18.548  1573  1867 I LSPosed-Bridge: 	at android.os.Binder.execTransact(Binder.java:731)

09-02 09:55:18.713  5495  7275 I LSPosed-Bridge: 5495 PermLabel 10128; permName: android.permission.ACCESS_COARSE_LOCATION; getAllCellInfo res = [CellInfoWcdma:{mRegistered=NO mTimeStampType=oem_ril mTimeStamp=67479512369ns mCellConnectionStatus=0 CellIdentityWcdma:{ mLac=10235 mCid=19238049 mPsc=270 mUarfcn=10762 mMcc=466 mMnc=05 mAlphaLong=TWN APT mAlphaShort=APT} CellSignalStrengthWcdma: ss=18 ber=99}]; stacktrace=java.lang.Exception

09-02 09:55:18.713  5495  7275 I LSPosed-Bridge: 	at com.example.permlabel.hookLocationExtra_test$4.afterHookedMethod(hookLocationExtra_test.java:62)

09-02 09:55:18.713  5495  7275 I LSPosed-Bridge: 	at de.robv.android.xposed.XposedBridge$AdditionalHookInfo.callback(Unknown Source:147)

09-02 09:55:18.713  5495  7275 I LSPosed-Bridge: 	at LSPHooker_.getAllCellInfo(Unknown Source:8)

09-02 09:55:18.713  5495  7275 I LSPosed-Bridge: 	at c.t.m.g.fi.b(TL:156)

09-02 09:55:18.713  5495  7275 I LSPosed-Bridge: 	at c.t.m.g.er$a.a(TL:276)

09-02 09:55:18.713  5495  7275 I LSPosed-Bridge: 	at c.t.m.g.er$a.handleMessage(TL:248)

09-02 09:55:18.713  5495  7275 I LSPosed-Bridge: 	at android.os.Handler.dispatchMessage(Handler.java:106)

09-02 09:55:18.713  5495  7275 I LSPosed-Bridge: 	at android.os.Looper.loop(Looper.java:193)

09-02 09:55:18.713  5495  7275 I LSPosed-Bridge: 	at android.os.HandlerThread.run(HandlerThread.java:65)

09-02 09:55:18.733  1573  4838 I LSPosed-Bridge: 5495 PermLabel 10128 AMS.checkPermission: Binder.getCallingPid() = 1896; uid = 10128; Binder.getCallingUid() = 1001; getNameForUid: android.uid.phone:1001; getPackagesForUid: [com.qualcomm.qti.telephonyservice, com.qualcomm.qti.callfeaturessetting, com.qualcomm.qti.uim, com.android.phone, org.codeaurora.ims, com.android.stk, com.qti.confuridialer, com.qualcomm.simcontacts, com.qti.xdivert, com.qualcomm.qti.lpa, com.qualcomm.qti.ims, com.android.mms.service, com.android.providers.telephony, com.qti.qualcomm.deviceinfo, com.qti.qualcomm.datastatusnotification, com.qualcomm.qti.networksetting, com.qualcomm.qcrilmsgtunnel, com.qualcomm.qti.autoregistration]; permName: android.permission.ACCESS_COARSE_LOCATION; type = 1; res = 0; stacktrace=java.lang.Exception

09-02 09:55:18.733  1573  4838 I LSPosed-Bridge: 	at com.example.permlabel.requirePerm$1$2.afterHookedMethod(requirePerm.java:124)

09-02 09:55:18.733  1573  4838 I LSPosed-Bridge: 	at de.robv.android.xposed.XposedBridge$AdditionalHookInfo.callback(Unknown Source:147)

09-02 09:55:18.733  1573  4838 I LSPosed-Bridge: 	at LSPHooker_.checkPermission(Unknown Source:25)

09-02 09:55:18.733  1573  4838 I LSPosed-Bridge: 	at android.app.IActivityManager$Stub.onTransact(IActivityManager.java:664)

09-02 09:55:18.733  1573  4838 I LSPosed-Bridge: 	at com.android.server.am.ActivityManagerService.onTransact(ActivityManagerService.java:3346)

09-02 09:55:18.733  1573  4838 I LSPosed-Bridge: 	at android.os.Binder.execTransact(Binder.java:731)

09-02 09:55:18.763  5495  7275 I LSPosed-Bridge: 5495 PermLabel 10128; permName: android.permission.ACCESS_COARSE_LOCATION; getCellLocation res = null; stacktrace=java.lang.Exception

09-02 09:55:18.763  5495  7275 I LSPosed-Bridge: 	at com.example.permlabel.hookLocationExtra_test$3.afterHookedMethod(hookLocationExtra_test.java:55)

09-02 09:55:18.763  5495  7275 I LSPosed-Bridge: 	at de.robv.android.xposed.XposedBridge$AdditionalHookInfo.callback(Unknown Source:147)

09-02 09:55:18.763  5495  7275 I LSPosed-Bridge: 	at LSPHooker_.getCellLocation(Unknown Source:8)

09-02 09:55:18.763  5495  7275 I LSPosed-Bridge: 	at c.t.m.g.fi.a(TL:95)

09-02 09:55:18.763  5495  7275 I LSPosed-Bridge: 	at c.t.m.g.er$a.a(TL:285)

09-02 09:55:18.763  5495  7275 I LSPosed-Bridge: 	at c.t.m.g.er$a.handleMessage(TL:248)

09-02 09:55:18.763  5495  7275 I LSPosed-Bridge: 	at android.os.Handler.dispatchMessage(Handler.java:106)

09-02 09:55:18.763  5495  7275 I LSPosed-Bridge: 	at android.os.Looper.loop(Looper.java:193)

09-02 09:55:18.763  5495  7275 I LSPosed-Bridge: 	at android.os.HandlerThread.run(HandlerThread.java:65)

09-02 09:55:18.763  5495  7279 I LSPosed-Bridge: 5495 PermLabel hookBinder_test 10128 interfaceBinder =android.app.IActivityManager; arg0 = 32; arg1 = android.os.Parcel@a77b0d9; arg2 = android.os.Parcel@dae9a9e; arg3 = 0; res = true; stacktrace=java.lang.Exception

09-02 09:55:18.763  5495  7279 I LSPosed-Bridge: 	at com.example.permlabel.hookBinder_test$1.afterHookedMethod(hookBinder_test.java:51)

09-02 09:55:18.763  5495  7279 I LSPosed-Bridge: 	at de.robv.android.xposed.XposedBridge$AdditionalHookInfo.callback(Unknown Source:147)

09-02 09:55:18.763  5495  7279 I LSPosed-Bridge: 	at LSPHooker_.transact(Unknown Source:28)

09-02 09:55:18.763  5495  7279 I LSPosed-Bridge: 	at android.app.IActivityManager$Stub$Proxy.bindService(IActivityManager.java:4359)

09-02 09:55:18.763  5495  7279 I LSPosed-Bridge: 	at android.app.ContextImpl.bindServiceCommon(ContextImpl.java:1672)

09-02 09:55:18.763  5495  7279 I LSPosed-Bridge: 	at android.app.ContextImpl.bindService(ContextImpl.java:1612)

09-02 09:55:18.763  5495  7279 I LSPosed-Bridge: 	at android.content.ContextWrapper.bindService(ContextWrapper.java:698)

09-02 09:55:18.763  5495  7279 I LSPosed-Bridge: 	at com.google.android.gms.common.stats.ConnectionTracker.zze(com.google.android.gms:play-services-basement@@18.1.0:14)

09-02 09:55:18.763  5495  7279 I LSPosed-Bridge: 	at com.google.android.gms.common.stats.ConnectionTracker.zzc(com.google.android.gms:play-services-basement@@18.1.0:84)

09-02 09:55:18.763  5495  7279 I LSPosed-Bridge: 	at com.google.android.gms.common.stats.ConnectionTracker.bindService(com.google.android.gms:play-services-basement@@18.1.0:16)

09-02 09:55:18.763  5495  7279 I LSPosed-Bridge: 	at com.google.android.gms.ads.identifier.AdvertisingIdClient.zzb(com.google.android.gms:play-services-ads-identifier@@17.1.0:73)

09-02 09:55:18.763  5495  7279 I LSPosed-Bridge: 	at com.google.android.gms.ads.identifier.AdvertisingIdClient.getAdvertisingIdInfo(com.google.android.gms:play-services-ads-identifier@@17.1.0:17)

09-02 09:55:18.763  5495  7279 I LSPosed-Bridge: 	at com.appsflyer.internal.ab.valueOf(:34)

09-02 09:55:18.763  5495  7279 I LSPosed-Bridge: 	at com.appsflyer.internal.ae.values(:50)

09-02 09:55:18.763  5495  7279 I LSPosed-Bridge: 	at com.appsflyer.internal.ae.AFKeystoreWrapper(:226)

09-02 09:55:18.763  5495  7279 I LSPosed-Bridge: 	at com.appsflyer.internal.ae$c.run(:5)

09-02 09:55:18.763  5495  7279 I LSPosed-Bridge: 	at java.util.concurrent.Executors$RunnableAdapter.call(Executors.java:458)

09-02 09:55:18.763  5495  7279 I LSPosed-Bridge: 	at java.util.concurrent.FutureTask.run(FutureTask.java:266)

09-02 09:55:18.763  5495  7279 I LSPosed-Bridge: 	at java.util.concurrent.ScheduledThreadPoolExecutor$ScheduledFutureTask.run(ScheduledThreadPoolExecutor.java:301)

09-02 09:55:18.763  5495  7279 I LSPosed-Bridge: 	at java.util.concurrent.ThreadPoolExecutor.runWorker(ThreadPoolExecutor.java:1167)

09-02 09:55:18.763  5495  7279 I LSPosed-Bridge: 	at java.util.concurrent.ThreadPoolExecutor$Worker.run(ThreadPoolExecutor.java:641)

09-02 09:55:18.763  5495  7279 I LSPosed-Bridge: 	at com.appsflyer.internal.k$1$5.run(:12)

09-02 09:55:18.763  5495  7279 I LSPosed-Bridge: 	at java.lang.Thread.run(Thread.java:764)

09-02 09:55:18.763   553   553 I ConfigStore: android::hardware::configstore::V1_0::ISurfaceFlingerConfigs::hasHDRDisplay retrieved: 0

09-02 09:55:19.076  5495  5495 I LSPosed-Bridge: 5495 PermLabel hookBinder_test 10128 interfaceBinder =android.content.pm.IPackageManager; arg0 = 9; arg1 = android.os.Parcel@1bac5fb; arg2 = android.os.Parcel@a77b0d9; arg3 = 0; res = true; stacktrace=java.lang.Exception

09-02 09:55:19.076  5495  5495 I LSPosed-Bridge: 	at com.example.permlabel.hookBinder_test$1.afterHookedMethod(hookBinder_test.java:51)

09-02 09:55:19.076  5495  5495 I LSPosed-Bridge: 	at de.robv.android.xposed.XposedBridge$AdditionalHookInfo.callback(Unknown Source:147)

09-02 09:55:19.076  5495  5495 I LSPosed-Bridge: 	at LSPHooker_.transact(Unknown Source:28)

09-02 09:55:19.076  5495  5495 I LSPosed-Bridge: 	at android.content.pm.IPackageManager$Stub$Proxy.getPermissionInfo(IPackageManager.java:3008)

09-02 09:55:19.076  5495  5495 I LSPosed-Bridge: 	at android.app.ApplicationPackageManager.getPermissionInfo(ApplicationPackageManager.java:306)

09-02 09:55:19.076  5495  5495 I LSPosed-Bridge: 	at com.example.permlabel.requestPerm$2.afterHookedMethod(requestPerm.java:170)

09-02 09:55:19.076  5495  5495 I LSPosed-Bridge: 	at de.robv.android.xposed.XposedBridge$AdditionalHookInfo.callback(Unknown Source:147)

09-02 09:55:19.076  5495  5495 I LSPosed-Bridge: 	at LSPHooker_.checkPermission(Unknown Source:25)

09-02 09:55:19.076  5495  5495 I LSPosed-Bridge: 	at android.content.ContextWrapper.checkPermission(ContextWrapper.java:738)

09-02 09:55:19.076  5495  5495 I LSPosed-Bridge: 	at com.geetest.sdk.utils.l.a(SourceFile:3)

09-02 09:55:19.076  5495  5495 I LSPosed-Bridge: 	at com.geetest.sdk.utils.l.d(SourceFile:8)

09-02 09:55:19.076  5495  5495 I LSPosed-Bridge: 	at com.geetest.sdk.views.CoverFrameLayout.<init>(SourceFile:45)

09-02 09:55:19.076  5495  5495 I LSPosed-Bridge: 	at com.geetest.sdk.z.a(SourceFile:1)

09-02 09:55:19.076  5495  5495 I LSPosed-Bridge: 	at com.geetest.sdk.z.onActivityResumed(SourceFile:52)

09-02 09:55:19.076  5495  5495 I LSPosed-Bridge: 	at android.app.Application.dispatchActivityResumed(Application.java:239)

09-02 09:55:19.076  5495  5495 I LSPosed-Bridge: 	at android.app.Activity.onResume(Activity.java:1343)

09-02 09:55:19.076  5495  5495 I LSPosed-Bridge: 	at androidx.fragment.app.FragmentActivity.onResume(FragmentActivity.java:6)

09-02 09:55:19.076  5495  5495 I LSPosed-Bridge: 	at com.klooklib.MainActivity.onResume(MainActivity.java:1)

09-02 09:55:19.076  5495  5495 I LSPosed-Bridge: 	at android.app.Instrumentation.callActivityOnResume(Instrumentation.java:1413)

09-02 09:55:19.076  5495  5495 I LSPosed-Bridge: 	at android.app.Activity.performResume(Activity.java:7292)

09-02 09:55:19.076  5495  5495 I LSPosed-Bridge: 	at android.app.ActivityThread.performResumeActivity(ActivityThread.java:3777)

09-02 09:55:19.076  5495  5495 I LSPosed-Bridge: 	at android.app.ActivityThread.handleResumeActivity(ActivityThread.java:3817)

09-02 09:55:19.076  5495  5495 I LSPosed-Bridge: 	at android.app.servertransaction.ResumeActivityItem.execute(ResumeActivityItem.java:51)

09-02 09:55:19.076  5495  5495 I LSPosed-Bridge: 	at android.app.servertransaction.TransactionExecutor.executeLifecycleState(TransactionExecutor.java:145)

09-02 09:55:19.076  5495  5495 I LSPosed-Bridge: 	at android.app.servertransaction.TransactionExecutor.execute(TransactionExecutor.java:70)

09-02 09:55:19.076  5495  5495 I LSPosed-Bridge: 	at android.app.ClientTransactionHandler.executeTransaction(ClientTransactionHandler.java:55)

09-02 09:55:19.076  5495  5495 I LSPosed-Bridge: 	at android.app.ActivityThread.handleRelaunchActivityLocally(ActivityThread.java:4744)

09-02 09:55:19.076  5495  5495 I LSPosed-Bridge: 	at android.app.ActivityThread.access$3200(ActivityThread.java:200)

09-02 09:55:19.076  5495  5495 I LSPosed-Bridge: 	at android.app.ActivityThread$H.handleMessage(ActivityThread.java:1819)

09-02 09:55:19.076  5495  5495 I LSPosed-Bridge: 	at android.os.Handler.dispatchMessage(Handler.java:106)

09-02 09:55:19.076  5495  5495 I LSPosed-Bridge: 	at android.os.Looper.loop(Looper.java:193)

09-02 09:55:19.076  5495  5495 I LSPosed-Bridge: 	at android.app.ActivityThread.main(ActivityThread.java:6692)

09-02 09:55:19.076  5495  5495 I LSPosed-Bridge: 	at java.lang.reflect.Method.invoke(Native Method)

09-02 09:55:19.076  5495  5495 I LSPosed-Bridge: 	at com.android.internal.os.RuntimeInit$MethodAndArgsCaller.run(RuntimeInit.java:493)

09-02 09:55:19.076  5495  5495 I LSPosed-Bridge: 	at com.android.internal.os.ZygoteInit.main(ZygoteInit.java:858)

09-02 09:55:19.076  5495  5495 I LSPosed-Bridge: 5495 PermLabel 10128 ContextImpl.checkPermission: askedperm = [android.permission.ACCESS_FINE_LOCATION, android.permission.ACCESS_COARSE_LOCATION]; permName: android.permission.WRITE_EXTERNAL_STORAGE; android.os.Process.myPid() = 5495; type = 1

09-02 09:55:19.560  1573  4458 I LSPosed-Bridge: 5495 PermLabel 10128 AMS.checkPermission: Binder.getCallingPid() = 1573; uid = 10128; Binder.getCallingUid() = 1000; getNameForUid: android.uid.system:1000; getPackagesForUid: [com.qualcomm.qti.uceShimService, com.asus.UpdateLauncher, com.qualcomm.qti.services.secureui, com.android.location.fused, com.log.logservice, com.asus.dm, com.android.settings, com.qualcomm.location, com.huaqin.CameraCalibration, com.android.providers.settings, com.qualcomm.qti.auth.fidocryptoservice, com.android.server.telecom, com.qualcomm.qti.dynamicddsservice, com.android.wallpaperbackup, com.android.keychain, com.qualcomm.qti.qtisystemservice, com.asus.maxxaudio, com.asus.livedemoservice, com.qti.dpmserviceapp, com.asus.loguploaderproxy, com.quicinc.cne.CNEService, com.android.inputdevices, com.qualcomm.qti.qmmi, com.caf.fmradio, com.asus.setupwizard, com.qualcomm.wfd.service, com.asus.smartreading, com.hq.mediafilepreset, com.asus.sysdiagnostic, android, com.qualcomm.qti.simsettings]; permName: android.permission.ACCESS_COARSE_LOCATION; type = 1; res = 0; stacktrace=java.lang.Exception

09-02 09:55:19.560  1573  4458 I LSPosed-Bridge: 	at com.example.permlabel.requirePerm$1$2.afterHookedMethod(requirePerm.java:124)

09-02 09:55:19.560  1573  4458 I LSPosed-Bridge: 	at de.robv.android.xposed.XposedBridge$AdditionalHookInfo.callback(Unknown Source:147)

09-02 09:55:19.560  1573  4458 I LSPosed-Bridge: 	at LSPHooker_.checkPermission(Unknown Source:25)

09-02 09:55:19.560  1573  4458 I LSPosed-Bridge: 	at android.app.ContextImpl.checkPermission(ContextImpl.java:1751)

09-02 09:55:19.560  1573  4458 I LSPosed-Bridge: 	at android.telephony.LocationAccessPolicy.canAccessCellLocation(LocationAccessPolicy.java:73)

09-02 09:55:19.560  1573  4458 I LSPosed-Bridge: 	at com.android.server.TelephonyRegistry.checkLocationAccess(TelephonyRegistry.java:1791)

09-02 09:55:19.560  1573  4458 I LSPosed-Bridge: 	at com.android.server.TelephonyRegistry.listen(TelephonyRegistry.java:554)

09-02 09:55:19.560  1573  4458 I LSPosed-Bridge: 	at com.android.server.TelephonyRegistry.listenForSubscriber(TelephonyRegistry.java:466)

09-02 09:55:19.560  1573  4458 I LSPosed-Bridge: 	at com.android.internal.telephony.ITelephonyRegistry$Stub.onTransact(ITelephonyRegistry.java:96)

09-02 09:55:19.560  1573  4458 I LSPosed-Bridge: 	at android.os.Binder.execTransact(Binder.java:731)

09-02 09:55:19.564  5495  7330 I LSPosed-Bridge: 5495 PermLabel hookBinder_test 10128 interfaceBinder =android.app.IActivityManager; arg0 = 27; arg1 = android.os.Parcel@d1600a2; arg2 = android.os.Parcel@9d013c7; arg3 = 0; res = true; stacktrace=java.lang.Exception

09-02 09:55:19.564  5495  7330 I LSPosed-Bridge: 	at com.example.permlabel.hookBinder_test$1.afterHookedMethod(hookBinder_test.java:51)

09-02 09:55:19.564  5495  7330 I LSPosed-Bridge: 	at de.robv.android.xposed.XposedBridge$AdditionalHookInfo.callback(Unknown Source:147)

09-02 09:55:19.564  5495  7330 I LSPosed-Bridge: 	at LSPHooker_.transact(Unknown Source:28)

09-02 09:55:19.564  5495  7330 I LSPosed-Bridge: 	at android.app.IActivityManager$Stub$Proxy.refContentProvider(IActivityManager.java:4221)

09-02 09:55:19.564  5495  7330 I LSPosed-Bridge: 	at android.app.ActivityThread.releaseProvider(ActivityThread.java:6179)

09-02 09:55:19.564  5495  7330 I LSPosed-Bridge: 	at android.app.ContextImpl$ApplicationContentResolver.releaseUnstableProvider(ContextImpl.java:2599)

09-02 09:55:19.564  5495  7330 I LSPosed-Bridge: 	at android.content.ContentResolver.query(ContentResolver.java:846)

09-02 09:55:19.564  5495  7330 I LSPosed-Bridge: 	at android.content.ContentResolver.query(ContentResolver.java:753)

09-02 09:55:19.564  5495  7330 I LSPosed-Bridge: 	at android.content.ContentResolver.query(ContentResolver.java:711)

09-02 09:55:19.564  5495  7330 I LSPosed-Bridge: 	at com.appsflyer.internal.ah.valueOf(:37)

09-02 09:55:19.564  5495  7330 I LSPosed-Bridge: 	at com.appsflyer.internal.ah.AFKeystoreWrapper(:1)

09-02 09:55:19.564  5495  7330 I LSPosed-Bridge: 	at com.appsflyer.internal.aw$2.call(:11)

09-02 09:55:19.564  5495  7330 I LSPosed-Bridge: 	at java.util.concurrent.FutureTask.run(FutureTask.java:266)

09-02 09:55:19.564  5495  7330 I LSPosed-Bridge: 	at java.lang.Thread.run(Thread.java:764)

09-02 09:55:19.564  1573  4458 I LSPosed-Bridge: 5495 PermLabel 10128 AMS.checkPermission: Binder.getCallingPid() = 1573; uid = 10128; Binder.getCallingUid() = 1000; getNameForUid: android.uid.system:1000; getPackagesForUid: [com.qualcomm.qti.uceShimService, com.asus.UpdateLauncher, com.qualcomm.qti.services.secureui, com.android.location.fused, com.log.logservice, com.asus.dm, com.android.settings, com.qualcomm.location, com.huaqin.CameraCalibration, com.android.providers.settings, com.qualcomm.qti.auth.fidocryptoservice, com.android.server.telecom, com.qualcomm.qti.dynamicddsservice, com.android.wallpaperbackup, com.android.keychain, com.qualcomm.qti.qtisystemservice, com.asus.maxxaudio, com.asus.livedemoservice, com.qti.dpmserviceapp, com.asus.loguploaderproxy, com.quicinc.cne.CNEService, com.android.inputdevices, com.qualcomm.qti.qmmi, com.caf.fmradio, com.asus.setupwizard, com.qualcomm.wfd.service, com.asus.smartreading, com.hq.mediafilepreset, com.asus.sysdiagnostic, android, com.qualcomm.qti.simsettings]; permName: android.permission.ACCESS_COARSE_LOCATION; type = 1; res = 0; stacktrace=java.lang.Exception

09-02 09:55:19.564  1573  4458 I LSPosed-Bridge: 	at com.example.permlabel.requirePerm$1$2.afterHookedMethod(requirePerm.java:124)

09-02 09:55:19.564  1573  4458 I LSPosed-Bridge: 	at de.robv.android.xposed.XposedBridge$AdditionalHookInfo.callback(Unknown Source:147)

09-02 09:55:19.564  1573  4458 I LSPosed-Bridge: 	at LSPHooker_.checkPermission(Unknown Source:25)

09-02 09:55:19.564  1573  4458 I LSPosed-Bridge: 	at android.app.ContextImpl.checkPermission(ContextImpl.java:1751)

09-02 09:55:19.564  1573  4458 I LSPosed-Bridge: 	at android.telephony.LocationAccessPolicy.canAccessCellLocation(LocationAccessPolicy.java:73)

09-02 09:55:19.564  1573  4458 I LSPosed-Bridge: 	at com.android.server.TelephonyRegistry.checkLocationAccess(TelephonyRegistry.java:1791)

09-02 09:55:19.564  1573  4458 I LSPosed-Bridge: 	at com.android.server.TelephonyRegistry.listen(TelephonyRegistry.java:603)

09-02 09:55:19.564  1573  4458 I LSPosed-Bridge: 	at com.android.server.TelephonyRegistry.listenForSubscriber(TelephonyRegistry.java:466)

09-02 09:55:19.564  1573  4458 I LSPosed-Bridge: 	at com.android.internal.telephony.ITelephonyRegistry$Stub.onTransact(ITelephonyRegistry.java:96)

09-02 09:55:19.564  1573  4458 I LSPosed-Bridge: 	at android.os.Binder.execTransact(Binder.java:731)

09-02 09:55:19.564   553   553 I ConfigStore: android::hardware::configstore::V1_0::ISurfaceFlingerConfigs::hasHDRDisplay retrieved: 0

09-02 09:55:20.611  5495  5985 I LSPosed-Bridge: 5495 PermLabel 10128; permName: android.permission.ACCESS_COARSE_LOCATION; startScan res = null; stacktrace=java.lang.Exception

09-02 09:55:20.611  5495  5985 I LSPosed-Bridge: 	at com.example.permlabel.hookBluetooth$6.afterHookedMethod(hookBluetooth.java:72)

09-02 09:55:20.611  5495  5985 I LSPosed-Bridge: 	at de.robv.android.xposed.XposedBridge$AdditionalHookInfo.callback(Unknown Source:147)

09-02 09:55:20.611  5495  5985 I LSPosed-Bridge: 	at LSPHooker_.startScan(Unknown Source:17)

09-02 09:55:20.611  5495  5985 I LSPosed-Bridge: 	at c.t.m.g.ek.c(TL:247)

09-02 09:55:20.611  5495  5985 I LSPosed-Bridge: 	at c.t.m.g.ek.c(TL:32)

09-02 09:55:20.611  5495  5985 I LSPosed-Bridge: 	at c.t.m.g.ek$a.handleMessage(TL:1123)

09-02 09:55:20.611  5495  5985 I LSPosed-Bridge: 	at android.os.Handler.dispatchMessage(Handler.java:106)

09-02 09:55:20.611  5495  5985 I LSPosed-Bridge: 	at android.os.Looper.loop(Looper.java:193)

09-02 09:55:20.611  5495  5985 I LSPosed-Bridge: 	at android.os.HandlerThread.run(HandlerThread.java:65)

09-02 09:55:20.611  5495  5985 I LSPosed-Bridge: 5495 PermLabel 10128; permName: android.permission.BLUETOOTH_ADMIN; startScan res = null; stacktrace=java.lang.Exception

09-02 09:55:20.611  5495  5985 I LSPosed-Bridge: 	at com.example.permlabel.hookBluetooth$4.afterHookedMethod(hookBluetooth.java:58)

09-02 09:55:20.611  5495  5985 I LSPosed-Bridge: 	at de.robv.android.xposed.XposedBridge$AdditionalHookInfo.callback(Unknown Source:147)

09-02 09:55:20.611  5495  5985 I LSPosed-Bridge: 	at LSPHooker_.startScan(Unknown Source:17)

09-02 09:55:20.611  5495  5985 I LSPosed-Bridge: 	at c.t.m.g.ek.c(TL:247)

09-02 09:55:20.611  5495  5985 I LSPosed-Bridge: 	at c.t.m.g.ek.c(TL:32)

09-02 09:55:20.611  5495  5985 I LSPosed-Bridge: 	at c.t.m.g.ek$a.handleMessage(TL:1123)

09-02 09:55:20.611  5495  5985 I LSPosed-Bridge: 	at android.os.Handler.dispatchMessage(Handler.java:106)

09-02 09:55:20.611  5495  5985 I LSPosed-Bridge: 	at android.os.Looper.loop(Looper.java:193)

09-02 09:55:20.611  5495  5985 I LSPosed-Bridge: 	at android.os.HandlerThread.run(HandlerThread.java:65)

09-02 09:55:20.780  5495  5495 I LSPosed-Bridge: 5495 PermLabel hookBinder_test 10128 interfaceBinder =android.content.pm.IPackageManager; arg0 = 9; arg1 = android.os.Parcel@96de5d; arg2 = android.os.Parcel@34c1e1b; arg3 = 0; res = true; stacktrace=java.lang.Exception

09-02 09:55:20.780  5495  5495 I LSPosed-Bridge: 	at com.example.permlabel.hookBinder_test$1.afterHookedMethod(hookBinder_test.java:51)

09-02 09:55:20.780  5495  5495 I LSPosed-Bridge: 	at de.robv.android.xposed.XposedBridge$AdditionalHookInfo.callback(Unknown Source:147)

09-02 09:55:20.780  5495  5495 I LSPosed-Bridge: 	at LSPHooker_.transact(Unknown Source:28)

09-02 09:55:20.780  5495  5495 I LSPosed-Bridge: 	at android.content.pm.IPackageManager$Stub$Proxy.getPermissionInfo(IPackageManager.java:3008)

09-02 09:55:20.780  5495  5495 I LSPosed-Bridge: 	at android.app.ApplicationPackageManager.getPermissionInfo(ApplicationPackageManager.java:306)

09-02 09:55:20.780  5495  5495 I LSPosed-Bridge: 	at com.example.permlabel.requestPerm$2.afterHookedMethod(requestPerm.java:170)

09-02 09:55:20.780  5495  5495 I LSPosed-Bridge: 	at de.robv.android.xposed.XposedBridge$AdditionalHookInfo.callback(Unknown Source:147)

09-02 09:55:20.780  5495  5495 I LSPosed-Bridge: 	at LSPHooker_.checkPermission(Unknown Source:25)

09-02 09:55:20.780  5495  5495 I LSPosed-Bridge: 	at android.content.ContextWrapper.checkPermission(ContextWrapper.java:738)

09-02 09:55:20.780  5495  5495 I LSPosed-Bridge: 	at androidx.core.content.ContextCompat.checkSelfPermission(ContextCompat.java:15)

09-02 09:55:20.780  5495  5495 I LSPosed-Bridge: 	at com.baseflow.permissionhandler.t.d(PermissionManager.java:273)

09-02 09:55:20.780  5495  5495 I LSPosed-Bridge: 	at com.baseflow.permissionhandler.t.c(PermissionManager.java:1)

09-02 09:55:20.780  5495  5495 I LSPosed-Bridge: 	at com.baseflow.permissionhandler.l.onMethodCall(MethodCallHandlerImpl.java:148)

09-02 09:55:20.780  5495  5495 I LSPosed-Bridge: 	at io.flutter.plugin.common.MethodChannel$IncomingMethodCallHandler.onMessage(MethodChannel.java:18)

09-02 09:55:20.780  5495  5495 I LSPosed-Bridge: 	at io.flutter.embedding.engine.dart.DartMessenger.invokeHandler(DartMessenger.java:19)

09-02 09:55:20.780  5495  5495 I LSPosed-Bridge: 	at io.flutter.embedding.engine.dart.DartMessenger.lambda$dispatchMessageToQueue$0(DartMessenger.java:41)

09-02 09:55:20.780  5495  5495 I LSPosed-Bridge: 	at io.flutter.embedding.engine.dart.DartMessenger.a(Unknown Source:0)

09-02 09:55:20.780  5495  5495 I LSPosed-Bridge: 	at io.flutter.embedding.engine.dart.a.run(Unknown Source:12)

09-02 09:55:20.780  5495  5495 I LSPosed-Bridge: 	at android.os.Handler.handleCallback(Handler.java:873)

09-02 09:55:20.780  5495  5495 I LSPosed-Bridge: 	at android.os.Handler.dispatchMessage(Handler.java:99)

09-02 09:55:20.780  5495  5495 I LSPosed-Bridge: 	at android.os.Looper.loop(Looper.java:193)

09-02 09:55:20.780  5495  5495 I LSPosed-Bridge: 	at android.app.ActivityThread.main(ActivityThread.java:6692)

09-02 09:55:20.780  5495  5495 I LSPosed-Bridge: 	at java.lang.reflect.Method.invoke(Native Method)

09-02 09:55:20.780  5495  5495 I LSPosed-Bridge: 	at com.android.internal.os.RuntimeInit$MethodAndArgsCaller.run(RuntimeInit.java:493)

09-02 09:55:20.780  5495  5495 I LSPosed-Bridge: 	at com.android.internal.os.ZygoteInit.main(ZygoteInit.java:858)

09-02 09:55:20.780  5495  5985 I LSPosed-Bridge: 5495 PermLabel hookBinder_test 10128 interfaceBinder =android.net.wifi.IWifiManager; arg0 = 24; arg1 = android.os.Parcel@69fd619; arg2 = android.os.Parcel@9211160; arg3 = 0; res = true; stacktrace=java.lang.Exception

09-02 09:55:20.780  5495  5985 I LSPosed-Bridge: 	at com.example.permlabel.hookBinder_test$1.afterHookedMethod(hookBinder_test.java:51)

09-02 09:55:20.780  5495  5985 I LSPosed-Bridge: 	at de.robv.android.xposed.XposedBridge$AdditionalHookInfo.callback(Unknown Source:147)

09-02 09:55:20.780  5495  5985 I LSPosed-Bridge: 	at LSPHooker_.transact(Unknown Source:28)

09-02 09:55:20.780  5495  5985 I LSPosed-Bridge: 	at android.net.wifi.IWifiManager$Stub$Proxy.getConnectionInfo(IWifiManager.java:1441)

09-02 09:55:20.780  5495  5985 I LSPosed-Bridge: 	at android.net.wifi.WifiManager.getConnectionInfo(WifiManager.java:1774)

09-02 09:55:20.780  5495  5985 I LSPosed-Bridge: 	at java.lang.reflect.Method.invoke(Native Method)

09-02 09:55:20.780  5495  5985 I LSPosed-Bridge: 	at org.lsposed.lspd.nativebridge.HookBridge.invokeOriginalMethod(Native Method)

09-02 09:55:20.780  5495  5985 I LSPosed-Bridge: 	at de.robv.android.xposed.XposedBridge$AdditionalHookInfo.callback(Unknown Source:110)

09-02 09:55:20.780  5495  5985 I LSPosed-Bridge: 	at LSPHooker_.getConnectionInfo(Unknown Source:8)

09-02 09:55:20.780  5495  5985 I LSPosed-Bridge: 	at c.t.m.g.fq.c(TL:168)

09-02 09:55:20.780  5495  5985 I LSPosed-Bridge: 	at c.t.m.g.ez.b(TL:109)

09-02 09:55:20.780  5495  5985 I LSPosed-Bridge: 	at c.t.m.g.ez.a(TL:209)

09-02 09:55:20.780  5495  5985 I LSPosed-Bridge: 	at c.t.m.g.ep$a.handleMessage(TL:1394)

09-02 09:55:20.780  5495  5985 I LSPosed-Bridge: 	at android.os.Handler.dispatchMessage(Handler.java:106)

09-02 09:55:20.780  5495  5985 I LSPosed-Bridge: 	at android.os.Looper.loop(Looper.java:193)

09-02 09:55:20.780  5495  5985 I LSPosed-Bridge: 	at android.os.HandlerThread.run(HandlerThread.java:65)

09-02 09:55:20.780  5495  5495 I LSPosed-Bridge: 5495 PermLabel 10128 ContextImpl.checkPermission: pid = 5495; uid = 10128; permName: android.permission.ACCESS_COARSE_LOCATION; type = 1; res = 0; stacktrace=java.lang.Exception

09-02 09:55:20.780  5495  5495 I LSPosed-Bridge: 	at com.example.permlabel.requestPerm$2.afterHookedMethod(requestPerm.java:204)

09-02 09:55:20.780  5495  5495 I LSPosed-Bridge: 	at de.robv.android.xposed.XposedBridge$AdditionalHookInfo.callback(Unknown Source:147)

09-02 09:55:20.780  5495  5495 I LSPosed-Bridge: 	at LSPHooker_.checkPermission(Unknown Source:25)

09-02 09:55:20.780  5495  5495 I LSPosed-Bridge: 	at android.content.ContextWrapper.checkPermission(ContextWrapper.java:738)

09-02 09:55:20.780  5495  5495 I LSPosed-Bridge: 	at androidx.core.content.ContextCompat.checkSelfPermission(ContextCompat.java:15)

09-02 09:55:20.780  5495  5495 I LSPosed-Bridge: 	at com.baseflow.permissionhandler.t.d(PermissionManager.java:273)

09-02 09:55:20.780  5495  5495 I LSPosed-Bridge: 	at com.baseflow.permissionhandler.t.c(PermissionManager.java:1)

09-02 09:55:20.780  5495  5495 I LSPosed-Bridge: 	at com.baseflow.permissionhandler.l.onMethodCall(MethodCallHandlerImpl.java:148)

09-02 09:55:20.780  5495  5495 I LSPosed-Bridge: 	at io.flutter.plugin.common.MethodChannel$IncomingMethodCallHandler.onMessage(MethodChannel.java:18)

09-02 09:55:20.780  5495  5495 I LSPosed-Bridge: 	at io.flutter.embedding.engine.dart.DartMessenger.invokeHandler(DartMessenger.java:19)

09-02 09:55:20.780  5495  5495 I LSPosed-Bridge: 	at io.flutter.embedding.engine.dart.DartMessenger.lambda$dispatchMessageToQueue$0(DartMessenger.java:41)

09-02 09:55:20.780  5495  5495 I LSPosed-Bridge: 	at io.flutter.embedding.engine.dart.DartMessenger.a(Unknown Source:0)

09-02 09:55:20.780  5495  5495 I LSPosed-Bridge: 	at io.flutter.embedding.engine.dart.a.run(Unknown Source:12)

09-02 09:55:20.780  5495  5495 I LSPosed-Bridge: 	at android.os.Handler.handleCallback(Handler.java:873)

09-02 09:55:20.780  5495  5495 I LSPosed-Bridge: 	at android.os.Handler.dispatchMessage(Handler.java:99)

09-02 09:55:20.780  5495  5495 I LSPosed-Bridge: 	at android.os.Looper.loop(Looper.java:193)

09-02 09:55:20.780  5495  5495 I LSPosed-Bridge: 	at android.app.ActivityThread.main(ActivityThread.java:6692)

09-02 09:55:20.780  5495  5495 I LSPosed-Bridge: 	at java.lang.reflect.Method.invoke(Native Method)

09-02 09:55:20.780  5495  5495 I LSPosed-Bridge: 	at com.android.internal.os.RuntimeInit$MethodAndArgsCaller.run(RuntimeInit.java:493)

09-02 09:55:20.780  5495  5495 I LSPosed-Bridge: 	at com.android.internal.os.ZygoteInit.main(ZygoteInit.java:858)

09-02 09:55:20.780  5495  5985 I LSPosed-Bridge: 5495 PermLabel 10128; permName: android.permission.ACCESS_WIFI_STATE; getConnectionInfo res = SSID: peter, BSSID: f8:1d:0f:1d:e8:38, MAC: 02:00:00:00:00:00, Supplicant state: COMPLETED, RSSI: -35, Link speed: 72Mbps, Frequency: 2412MHz, Net ID: 1, Metered hint: false, score: 60; stacktrace=java.lang.Exception

09-02 09:55:20.780  5495  5985 I LSPosed-Bridge: 	at com.example.permlabel.hookWifi$2.afterHookedMethod(hookWifi.java:39)

09-02 09:55:20.780  5495  5985 I LSPosed-Bridge: 	at de.robv.android.xposed.XposedBridge$AdditionalHookInfo.callback(Unknown Source:147)

09-02 09:55:20.780  5495  5985 I LSPosed-Bridge: 	at LSPHooker_.getConnectionInfo(Unknown Source:8)

09-02 09:55:20.780  5495  5985 I LSPosed-Bridge: 	at c.t.m.g.fq.c(TL:168)

09-02 09:55:20.780  5495  5985 I LSPosed-Bridge: 	at c.t.m.g.ez.b(TL:109)

09-02 09:55:20.780  5495  5985 I LSPosed-Bridge: 	at c.t.m.g.ez.a(TL:209)

09-02 09:55:20.780  5495  5985 I LSPosed-Bridge: 	at c.t.m.g.ep$a.handleMessage(TL:1394)

09-02 09:55:20.780  5495  5985 I LSPosed-Bridge: 	at android.os.Handler.dispatchMessage(Handler.java:106)

09-02 09:55:20.780  5495  5985 I LSPosed-Bridge: 	at android.os.Looper.loop(Looper.java:193)

09-02 09:55:20.780  5495  5985 I LSPosed-Bridge: 	at android.os.HandlerThread.run(HandlerThread.java:65)

09-02 09:55:20.826  1573  1680 I LSPosed-Bridge: 5495 PermLabel 10128 AMS.checkPermission: Binder.getCallingPid() = 5495; uid = 10128; Binder.getCallingUid() = 10128; getNameForUid: com.klook; getPackagesForUid: [com.klook]; permName: android.permission.ACCESS_WIFI_STATE; type = 0; res = 0; stacktrace=java.lang.Exception

09-02 09:55:20.826  1573  1680 I LSPosed-Bridge: 	at com.example.permlabel.requirePerm$1$2.afterHookedMethod(requirePerm.java:118)

09-02 09:55:20.826  1573  1680 I LSPosed-Bridge: 	at de.robv.android.xposed.XposedBridge$AdditionalHookInfo.callback(Unknown Source:147)

09-02 09:55:20.826  1573  1680 I LSPosed-Bridge: 	at LSPHooker_.checkPermission(Unknown Source:25)

09-02 09:55:20.826  1573  1680 I LSPosed-Bridge: 	at android.app.ContextImpl.checkPermission(ContextImpl.java:1751)

09-02 09:55:20.826  1573  1680 I LSPosed-Bridge: 	at android.app.ContextImpl.checkCallingOrSelfPermission(ContextImpl.java:1791)

09-02 09:55:20.826  1573  1680 I LSPosed-Bridge: 	at android.app.ContextImpl.enforceCallingOrSelfPermission(ContextImpl.java:1841)

09-02 09:55:20.826  1573  1680 I LSPosed-Bridge: 	at com.android.server.wifi.WifiServiceImpl.enforceAccessPermission(WifiServiceImpl.java:795)

09-02 09:55:20.826  1573  1680 I LSPosed-Bridge: 	at com.android.server.wifi.WifiServiceImpl.getConnectionInfo(WifiServiceImpl.java:2123)

09-02 09:55:20.826  1573  1680 I LSPosed-Bridge: 	at android.net.wifi.IWifiManager$Stub.onTransact(IWifiManager.java:341)

09-02 09:55:20.826  1573  1680 I LSPosed-Bridge: 	at android.os.Binder.execTransact(Binder.java:731)

09-02 09:55:20.826  5495  5867 I LSPosed-Bridge: 5495 PermLabel hookBinder_test 10128 interfaceBinder =android.content.pm.IPackageManager; arg0 = 9; arg1 = android.os.Parcel@11ac670; arg2 = android.os.Parcel@bcc61bb; arg3 = 0; res = true; stacktrace=java.lang.Exception

09-02 09:55:20.826  5495  5867 I LSPosed-Bridge: 	at com.example.permlabel.hookBinder_test$1.afterHookedMethod(hookBinder_test.java:51)

09-02 09:55:20.826  5495  5867 I LSPosed-Bridge: 	at de.robv.android.xposed.XposedBridge$AdditionalHookInfo.callback(Unknown Source:147)

09-02 09:55:20.826  5495  5867 I LSPosed-Bridge: 	at LSPHooker_.transact(Unknown Source:28)

09-02 09:55:20.826  5495  5867 I LSPosed-Bridge: 	at android.content.pm.IPackageManager$Stub$Proxy.getPermissionInfo(IPackageManager.java:3008)

