09-01 22:59:27.327  1533  1601 I LSPosed-Bridge: 	at de.robv.android.xposed.XposedBridge$AdditionalHookInfo.callback(Unknown Source:147)

09-01 22:59:27.327  1533  1601 I LSPosed-Bridge: 	at LSPHooker_.checkPermission(Unknown Source:25)

09-01 22:59:27.327  1533  1601 I LSPosed-Bridge: 	at android.app.IActivityManager$Stub.onTransact(IActivityManager.java:664)

09-01 22:59:27.327  1533  1601 I LSPosed-Bridge: 	at com.android.server.am.ActivityManagerService.onTransact(ActivityManagerService.java:3346)

09-01 22:59:27.327  1533  1601 I LSPosed-Bridge: 	at android.os.Binder.execTransact(Binder.java:731)

09-01 22:59:27.331  5773  7173 I LSPosed-Bridge: 5773 PermLabel 10119; permName: android.permission.ACCESS_COARSE_LOCATION; getAllCellInfo res = null; stacktrace=java.lang.Exception

09-01 22:59:27.331  5773  7173 I LSPosed-Bridge: 	at com.example.permlabel.hookLocationExtra_test$4.afterHookedMethod(hookLocationExtra_test.java:62)

09-01 22:59:27.331  5773  7173 I LSPosed-Bridge: 	at de.robv.android.xposed.XposedBridge$AdditionalHookInfo.callback(Unknown Source:147)

09-01 22:59:27.331  5773  7173 I LSPosed-Bridge: 	at LSPHooker_.getAllCellInfo(Unknown Source:8)

09-01 22:59:27.331  5773  7173 I LSPosed-Bridge: 	at c.t.m.g.fi.b(TL:156)

09-01 22:59:27.331  5773  7173 I LSPosed-Bridge: 	at c.t.m.g.er$a.a(TL:276)

09-01 22:59:27.331  5773  7173 I LSPosed-Bridge: 	at c.t.m.g.er$a.handleMessage(TL:267)

09-01 22:59:27.331  5773  7173 I LSPosed-Bridge: 	at android.os.Handler.dispatchMessage(Handler.java:106)

09-01 22:59:27.331  5773  7173 I LSPosed-Bridge: 	at android.os.Looper.loop(Looper.java:193)

09-01 22:59:27.331  5773  7173 I LSPosed-Bridge: 	at android.os.HandlerThread.run(HandlerThread.java:65)

09-01 22:59:27.335  1533  1601 I LSPosed-Bridge: 5773 PermLabel 10119 AMS.checkPermission: Binder.getCallingPid() = 1901; uid = 10119; Binder.getCallingUid() = 1001; getNameForUid: android.uid.phone:1001; getPackagesForUid: [com.qualcomm.qti.lpa, com.qualcomm.simcontacts, com.qti.xdivert, com.android.providers.telephony, com.qti.qualcomm.deviceinfo, com.qualcomm.qti.networksetting, com.android.phone, com.qualcomm.qti.autoregistration, com.qualcomm.qti.uim, com.qti.confuridialer, com.qualcomm.qti.telephonyservice, com.qualcomm.qti.ims, org.codeaurora.ims, com.android.mms.service, com.qualcomm.qcrilmsgtunnel, com.android.stk, com.qualcomm.qti.callfeaturessetting, com.qti.qualcomm.datastatusnotification]; permName: android.permission.ACCESS_COARSE_LOCATION; type = 1; res = -1; stacktrace=java.lang.Exception

09-01 22:59:27.335  1533  1601 I LSPosed-Bridge: 	at com.example.permlabel.requirePerm$1$2.afterHookedMethod(requirePerm.java:126)

09-01 22:59:27.335  1533  1601 I LSPosed-Bridge: 	at de.robv.android.xposed.XposedBridge$AdditionalHookInfo.callback(Unknown Source:147)

09-01 22:59:27.335  1533  1601 I LSPosed-Bridge: 	at LSPHooker_.checkPermission(Unknown Source:25)

09-01 22:59:27.335  1533  1601 I LSPosed-Bridge: 	at android.app.IActivityManager$Stub.onTransact(IActivityManager.java:664)

09-01 22:59:27.335  1533  1601 I LSPosed-Bridge: 	at com.android.server.am.ActivityManagerService.onTransact(ActivityManagerService.java:3346)

09-01 22:59:27.335  1533  1601 I LSPosed-Bridge: 	at android.os.Binder.execTransact(Binder.java:731)

09-01 22:59:27.338  5773  7173 I LSPosed-Bridge: 5773 PermLabel hookBinder_test 10119 interfaceBinder =com.android.internal.telephony.ITelephony; arg0 = 41; arg1 = android.os.Parcel@438abd4; arg2 = android.os.Parcel@c30d27; arg3 = 0; res = true; stacktrace=java.lang.Exception

09-01 22:59:27.338  5773  7173 I LSPosed-Bridge: 	at com.example.permlabel.hookBinder_test$1.afterHookedMethod(hookBinder_test.java:51)

09-01 22:59:27.338  5773  7173 I LSPosed-Bridge: 	at de.robv.android.xposed.XposedBridge$AdditionalHookInfo.callback(Unknown Source:147)

09-01 22:59:27.338  5773  7173 I LSPosed-Bridge: 	at LSPHooker_.transact(Unknown Source:28)

09-01 22:59:27.338  5773  7173 I LSPosed-Bridge: 	at com.android.internal.telephony.ITelephony$Stub$Proxy.getCellLocation(ITelephony.java:3128)

09-01 22:59:27.338  5773  7173 I LSPosed-Bridge: 	at android.telephony.TelephonyManager.getCellLocation(TelephonyManager.java:1401)

09-01 22:59:27.338  5773  7173 I LSPosed-Bridge: 	at java.lang.reflect.Method.invoke(Native Method)

09-01 22:59:27.338  5773  7173 I LSPosed-Bridge: 	at org.lsposed.lspd.nativebridge.HookBridge.invokeOriginalMethod(Native Method)

09-01 22:59:27.338  5773  7173 I LSPosed-Bridge: 	at de.robv.android.xposed.XposedBridge$AdditionalHookInfo.callback(Unknown Source:110)

09-01 22:59:27.338  5773  7173 I LSPosed-Bridge: 	at LSPHooker_.getCellLocation(Unknown Source:8)

09-01 22:59:27.338  5773  7173 I LSPosed-Bridge: 	at c.t.m.g.fi.a(TL:95)

09-01 22:59:27.338  5773  7173 I LSPosed-Bridge: 	at c.t.m.g.er$a.a(TL:285)

09-01 22:59:27.338  5773  7173 I LSPosed-Bridge: 	at c.t.m.g.er$a.handleMessage(TL:267)

09-01 22:59:27.338  5773  7173 I LSPosed-Bridge: 	at android.os.Handler.dispatchMessage(Handler.java:106)

09-01 22:59:27.338  5773  7173 I LSPosed-Bridge: 	at android.os.Looper.loop(Looper.java:193)

09-01 22:59:27.338  5773  7173 I LSPosed-Bridge: 	at android.os.HandlerThread.run(HandlerThread.java:65)

09-01 22:59:27.338  5773  7173 I LSPosed-Bridge: 5773 PermLabel 10119; permName: android.permission.ACCESS_COARSE_LOCATION; getCellLocation res = null; stacktrace=java.lang.Exception

09-01 22:59:27.338  5773  7173 I LSPosed-Bridge: 	at com.example.permlabel.hookLocationExtra_test$3.afterHookedMethod(hookLocationExtra_test.java:55)

09-01 22:59:27.338  5773  7173 I LSPosed-Bridge: 	at de.robv.android.xposed.XposedBridge$AdditionalHookInfo.callback(Unknown Source:147)

09-01 22:59:27.338  5773  7173 I LSPosed-Bridge: 	at LSPHooker_.getCellLocation(Unknown Source:8)

09-01 22:59:27.338  5773  7173 I LSPosed-Bridge: 	at c.t.m.g.fi.a(TL:95)

09-01 22:59:27.338  5773  7173 I LSPosed-Bridge: 	at c.t.m.g.er$a.a(TL:285)

09-01 22:59:27.338  5773  7173 I LSPosed-Bridge: 	at c.t.m.g.er$a.handleMessage(TL:267)

09-01 22:59:27.338  5773  7173 I LSPosed-Bridge: 	at android.os.Handler.dispatchMessage(Handler.java:106)

09-01 22:59:27.338  5773  7173 I LSPosed-Bridge: 	at android.os.Looper.loop(Looper.java:193)

09-01 22:59:27.338  5773  7173 I LSPosed-Bridge: 	at android.os.HandlerThread.run(HandlerThread.java:65)

09-01 22:59:30.264  1533  7412 I LSPosed-Bridge: 5773 PermLabel 10119 AMS.checkPermission: Binder.getCallingPid() = 1901; uid = 10119; Binder.getCallingUid() = 1001; getNameForUid: android.uid.phone:1001; getPackagesForUid: [com.qualcomm.qti.lpa, com.qualcomm.simcontacts, com.qti.xdivert, com.android.providers.telephony, com.qti.qualcomm.deviceinfo, com.qualcomm.qti.networksetting, com.android.phone, com.qualcomm.qti.autoregistration, com.qualcomm.qti.uim, com.qti.confuridialer, com.qualcomm.qti.telephonyservice, com.qualcomm.qti.ims, org.codeaurora.ims, com.android.mms.service, com.qualcomm.qcrilmsgtunnel, com.android.stk, com.qualcomm.qti.callfeaturessetting, com.qti.qualcomm.datastatusnotification]; permName: android.permission.ACCESS_COARSE_LOCATION; type = 1; res = -1; stacktrace=java.lang.Exception

09-01 22:59:30.264  1533  7412 I LSPosed-Bridge: 	at com.example.permlabel.requirePerm$1$2.afterHookedMethod(requirePerm.java:126)

09-01 22:59:30.264  1533  7412 I LSPosed-Bridge: 	at de.robv.android.xposed.XposedBridge$AdditionalHookInfo.callback(Unknown Source:147)

09-01 22:59:30.264  1533  7412 I LSPosed-Bridge: 	at LSPHooker_.checkPermission(Unknown Source:25)

09-01 22:59:30.264  1533  7412 I LSPosed-Bridge: 	at android.app.IActivityManager$Stub.onTransact(IActivityManager.java:664)

09-01 22:59:30.264  1533  7412 I LSPosed-Bridge: 	at com.android.server.am.ActivityManagerService.onTransact(ActivityManagerService.java:3346)

09-01 22:59:30.264  1533  7412 I LSPosed-Bridge: 	at android.os.Binder.execTransact(Binder.java:731)

09-01 22:59:30.267  5773  7173 I LSPosed-Bridge: 5773 PermLabel 10119; permName: android.permission.ACCESS_COARSE_LOCATION; getAllCellInfo res = null; stacktrace=java.lang.Exception

09-01 22:59:30.267  5773  7173 I LSPosed-Bridge: 	at com.example.permlabel.hookLocationExtra_test$4.afterHookedMethod(hookLocationExtra_test.java:62)

09-01 22:59:30.267  5773  7173 I LSPosed-Bridge: 	at de.robv.android.xposed.XposedBridge$AdditionalHookInfo.callback(Unknown Source:147)

09-01 22:59:30.267  5773  7173 I LSPosed-Bridge: 	at LSPHooker_.getAllCellInfo(Unknown Source:8)

09-01 22:59:30.267  5773  7173 I LSPosed-Bridge: 	at c.t.m.g.fi.b(TL:156)

09-01 22:59:30.267  5773  7173 I LSPosed-Bridge: 	at c.t.m.g.er$a.a(TL:276)

09-01 22:59:30.267  5773  7173 I LSPosed-Bridge: 	at c.t.m.g.er$a.handleMessage(TL:267)

09-01 22:59:30.267  5773  7173 I LSPosed-Bridge: 	at android.os.Handler.dispatchMessage(Handler.java:106)

09-01 22:59:30.267  5773  7173 I LSPosed-Bridge: 	at android.os.Looper.loop(Looper.java:193)

09-01 22:59:30.267  5773  7173 I LSPosed-Bridge: 	at android.os.HandlerThread.run(HandlerThread.java:65)

09-01 22:59:30.270  1533  4963 I LSPosed-Bridge: 5773 PermLabel 10119 AMS.checkPermission: Binder.getCallingPid() = 1901; uid = 10119; Binder.getCallingUid() = 1001; getNameForUid: android.uid.phone:1001; getPackagesForUid: [com.qualcomm.qti.lpa, com.qualcomm.simcontacts, com.qti.xdivert, com.android.providers.telephony, com.qti.qualcomm.deviceinfo, com.qualcomm.qti.networksetting, com.android.phone, com.qualcomm.qti.autoregistration, com.qualcomm.qti.uim, com.qti.confuridialer, com.qualcomm.qti.telephonyservice, com.qualcomm.qti.ims, org.codeaurora.ims, com.android.mms.service, com.qualcomm.qcrilmsgtunnel, com.android.stk, com.qualcomm.qti.callfeaturessetting, com.qti.qualcomm.datastatusnotification]; permName: android.permission.ACCESS_COARSE_LOCATION; type = 1; res = -1; stacktrace=java.lang.Exception

09-01 22:59:30.270  1533  4963 I LSPosed-Bridge: 	at com.example.permlabel.requirePerm$1$2.afterHookedMethod(requirePerm.java:126)

09-01 22:59:30.270  1533  4963 I LSPosed-Bridge: 	at de.robv.android.xposed.XposedBridge$AdditionalHookInfo.callback(Unknown Source:147)

09-01 22:59:30.270  1533  4963 I LSPosed-Bridge: 	at LSPHooker_.checkPermission(Unknown Source:25)

09-01 22:59:30.270  1533  4963 I LSPosed-Bridge: 	at android.app.IActivityManager$Stub.onTransact(IActivityManager.java:664)

09-01 22:59:30.270  1533  4963 I LSPosed-Bridge: 	at com.android.server.am.ActivityManagerService.onTransact(ActivityManagerService.java:3346)

09-01 22:59:30.270  1533  4963 I LSPosed-Bridge: 	at android.os.Binder.execTransact(Binder.java:731)

09-01 22:59:30.270  1533  1533 W Looper  : Slow dispatch took 3692ms main h=com.android.server.job.JobSchedulerService$JobHandler c=null m=4

09-01 22:59:30.273  5773  7173 I LSPosed-Bridge: 5773 PermLabel 10119; permName: android.permission.ACCESS_COARSE_LOCATION; getCellLocation res = null; stacktrace=java.lang.Exception

09-01 22:59:30.273  5773  7173 I LSPosed-Bridge: 	at com.example.permlabel.hookLocationExtra_test$3.afterHookedMethod(hookLocationExtra_test.java:55)

09-01 22:59:30.273  5773  7173 I LSPosed-Bridge: 	at de.robv.android.xposed.XposedBridge$AdditionalHookInfo.callback(Unknown Source:147)

09-01 22:59:30.273  5773  7173 I LSPosed-Bridge: 	at LSPHooker_.getCellLocation(Unknown Source:8)

09-01 22:59:30.273  5773  7173 I LSPosed-Bridge: 	at c.t.m.g.fi.a(TL:95)

09-01 22:59:30.273  5773  7173 I LSPosed-Bridge: 	at c.t.m.g.er$a.a(TL:285)

09-01 22:59:30.273  5773  7173 I LSPosed-Bridge: 	at c.t.m.g.er$a.handleMessage(TL:267)

09-01 22:59:30.273  5773  7173 I LSPosed-Bridge: 	at android.os.Handler.dispatchMessage(Handler.java:106)

09-01 22:59:30.273  5773  7173 I LSPosed-Bridge: 	at android.os.Looper.loop(Looper.java:193)

09-01 22:59:30.273  5773  7173 I LSPosed-Bridge: 	at android.os.HandlerThread.run(HandlerThread.java:65)

09-01 22:59:30.492  1533  7431 I LSPosed-Bridge: 5773 PermLabel 10119 AMS.checkPermission: Binder.getCallingPid() = 1901; uid = 10119; Binder.getCallingUid() = 1001; getNameForUid: android.uid.phone:1001; getPackagesForUid: [com.qualcomm.qti.lpa, com.qualcomm.simcontacts, com.qti.xdivert, com.android.providers.telephony, com.qti.qualcomm.deviceinfo, com.qualcomm.qti.networksetting, com.android.phone, com.qualcomm.qti.autoregistration, com.qualcomm.qti.uim, com.qti.confuridialer, com.qualcomm.qti.telephonyservice, com.qualcomm.qti.ims, org.codeaurora.ims, com.android.mms.service, com.qualcomm.qcrilmsgtunnel, com.android.stk, com.qualcomm.qti.callfeaturessetting, com.qti.qualcomm.datastatusnotification]; permName: android.permission.ACCESS_COARSE_LOCATION; type = 1; res = -1; stacktrace=java.lang.Exception

09-01 22:59:30.492  1533  7431 I LSPosed-Bridge: 	at com.example.permlabel.requirePerm$1$2.afterHookedMethod(requirePerm.java:126)

09-01 22:59:30.492  1533  7431 I LSPosed-Bridge: 	at de.robv.android.xposed.XposedBridge$AdditionalHookInfo.callback(Unknown Source:147)

09-01 22:59:30.492  1533  7431 I LSPosed-Bridge: 	at LSPHooker_.checkPermission(Unknown Source:25)

09-01 22:59:30.492  1533  7431 I LSPosed-Bridge: 	at android.app.IActivityManager$Stub.onTransact(IActivityManager.java:664)

09-01 22:59:30.492  1533  7431 I LSPosed-Bridge: 	at com.android.server.am.ActivityManagerService.onTransact(ActivityManagerService.java:3346)

09-01 22:59:30.492  1533  7431 I LSPosed-Bridge: 	at android.os.Binder.execTransact(Binder.java:731)

09-01 22:59:30.496  5773  7125 I LSPosed-Bridge: 5773 PermLabel hookBinder_test 10119 interfaceBinder =com.android.internal.telephony.ITelephony; arg0 = 41; arg1 = android.os.Parcel@7b5515b; arg2 = android.os.Parcel@20bc6aa; arg3 = 0; res = true; stacktrace=java.lang.Exception

09-01 22:59:30.496  5773  7125 I LSPosed-Bridge: 	at com.example.permlabel.hookBinder_test$1.afterHookedMethod(hookBinder_test.java:51)

09-01 22:59:30.496  5773  7125 I LSPosed-Bridge: 	at de.robv.android.xposed.XposedBridge$AdditionalHookInfo.callback(Unknown Source:147)

09-01 22:59:30.496  5773  7125 I LSPosed-Bridge: 	at LSPHooker_.transact(Unknown Source:28)

09-01 22:59:30.496  5773  7125 I LSPosed-Bridge: 	at com.android.internal.telephony.ITelephony$Stub$Proxy.getCellLocation(ITelephony.java:3128)

09-01 22:59:30.496  5773  7125 I LSPosed-Bridge: 	at android.telephony.TelephonyManager.getCellLocation(TelephonyManager.java:1401)

09-01 22:59:30.496  5773  7125 I LSPosed-Bridge: 	at java.lang.reflect.Method.invoke(Native Method)

09-01 22:59:30.496  5773  7125 I LSPosed-Bridge: 	at org.lsposed.lspd.nativebridge.HookBridge.invokeOriginalMethod(Native Method)

09-01 22:59:30.496  5773  7125 I LSPosed-Bridge: 	at de.robv.android.xposed.XposedBridge$AdditionalHookInfo.callback(Unknown Source:110)

09-01 22:59:30.496  5773  7125 I LSPosed-Bridge: 	at LSPHooker_.getCellLocation(Unknown Source:8)

09-01 22:59:30.496  5773  7125 I LSPosed-Bridge: 	at c.t.m.g.fi.a(TL:95)

09-01 22:59:30.496  5773  7125 I LSPosed-Bridge: 	at c.t.m.g.ep.n(TL:50278)

09-01 22:59:30.496  5773  7125 I LSPosed-Bridge: 	at c.t.m.g.ep$a.handleMessage(TL:1379)

09-01 22:59:30.496  5773  7125 I LSPosed-Bridge: 	at android.os.Handler.dispatchMessage(Handler.java:106)

09-01 22:59:30.496  5773  7125 I LSPosed-Bridge: 	at android.os.Looper.loop(Looper.java:193)

09-01 22:59:30.496  5773  7125 I LSPosed-Bridge: 	at android.os.HandlerThread.run(HandlerThread.java:65)

09-01 22:59:30.496  5773  6709 I LSPosed-Bridge: 5773 PermLabel hookBinder_test 10119 interfaceBinder =android.app.IActivityManager; arg0 = 10; arg1 = android.os.Parcel@c30d27; arg2 = android.os.Parcel@438abd4; arg3 = 0; res = true; stacktrace=java.lang.Exception

09-01 22:59:30.496  5773  6709 I LSPosed-Bridge: 	at com.example.permlabel.hookBinder_test$1.afterHookedMethod(hookBinder_test.java:51)

09-01 22:59:30.496  5773  6709 I LSPosed-Bridge: 	at de.robv.android.xposed.XposedBridge$AdditionalHookInfo.callback(Unknown Source:147)

09-01 22:59:30.496  5773  6709 I LSPosed-Bridge: 	at LSPHooker_.transact(Unknown Source:28)

09-01 22:59:30.496  5773  6709 I LSPosed-Bridge: 	at android.app.IActivityManager$Stub$Proxy.unregisterReceiver(IActivityManager.java:3847)

09-01 22:59:30.496  5773  6709 I LSPosed-Bridge: 	at android.app.ContextImpl.unregisterReceiver(ContextImpl.java:1507)

09-01 22:59:30.496  5773  6709 I LSPosed-Bridge: 	at android.content.ContextWrapper.unregisterReceiver(ContextWrapper.java:659)

09-01 22:59:30.496  5773  6709 I LSPosed-Bridge: 	at c.t.m.g.ct.a(TL:197)

09-01 22:59:30.496  5773  6709 I LSPosed-Bridge: 	at c.t.m.g.ei.k(TL:1050)

09-01 22:59:30.496  5773  6709 I LSPosed-Bridge: 	at c.t.m.g.cr.a(TL:265)

09-01 22:59:30.496  5773  6709 I LSPosed-Bridge: 	at c.t.m.g.ep.i(TL:712)

09-01 22:59:30.496  5773  6709 I LSPosed-Bridge: 	at c.t.m.g.ep.a(TL:412)

09-01 22:59:30.496  5773  6709 I LSPosed-Bridge: 	at c.t.m.g.ep.a(TL:344)

09-01 22:59:30.496  5773  6709 I LSPosed-Bridge: 	at c.t.m.g.ep.b(TL:397)

09-01 22:59:30.496  5773  6709 I LSPosed-Bridge: 	at com.tencent.map.geolocation.proxy.TencentLocationManagerProxy.requestSingleFreshLocation(TL:180)

09-01 22:59:30.496  5773  6709 I LSPosed-Bridge: 	at java.lang.reflect.Method.invoke(Native Method)

09-01 22:59:30.496  5773  6709 I LSPosed-Bridge: 	at com.tencent.map.geolocation.TencentLocationManager.requestSingleFreshLocation(TCL:49)

09-01 22:59:30.496  5773  6709 I LSPosed-Bridge: 	at com.klook.location.internal.third.d.requestLocation(TencentLocationImpl.kt:36)

09-01 22:59:30.496  5773  6709 I LSPosed-Bridge: 	at com.klook.location.internal.LocationManager$f$a.invokeSuspend(LocationManager.kt:148)

09-01 22:59:30.496  5773  6709 I LSPosed-Bridge: 	at kotlin.coroutines.jvm.internal.a.resumeWith(ContinuationImpl.kt:12)

09-01 22:59:30.496  5773  6709 I LSPosed-Bridge: 	at kotlinx.coroutines.z0.run(DispatchedTask.kt:117)

09-01 22:59:30.496  5773  6709 I LSPosed-Bridge: 	at kotlinx.coroutines.scheduling.a.runSafely(CoroutineScheduler.kt:1)

09-01 22:59:30.496  5773  6709 I LSPosed-Bridge: 	at kotlinx.coroutines.scheduling.a$c.c(CoroutineScheduler.kt:15)

09-01 22:59:30.496  5773  6709 I LSPosed-Bridge: 	at kotlinx.coroutines.scheduling.a$c.i(CoroutineScheduler.kt:29)

09-01 22:59:30.496  5773  6709 I LSPosed-Bridge: 	at kotlinx.coroutines.scheduling.a$c.run(CoroutineScheduler.kt:1)

09-01 22:59:30.496  5773  7125 I LSPosed-Bridge: 5773 PermLabel 10119; permName: android.permission.ACCESS_COARSE_LOCATION; getCellLocation res = null; stacktrace=java.lang.Exception

09-01 22:59:30.496  5773  7125 I LSPosed-Bridge: 	at com.example.permlabel.hookLocationExtra_test$3.afterHookedMethod(hookLocationExtra_test.java:55)

09-01 22:59:30.496  5773  7125 I LSPosed-Bridge: 	at de.robv.android.xposed.XposedBridge$AdditionalHookInfo.callback(Unknown Source:147)

09-01 22:59:30.496  5773  7125 I LSPosed-Bridge: 	at LSPHooker_.getCellLocation(Unknown Source:8)

09-01 22:59:30.496  5773  7125 I LSPosed-Bridge: 	at c.t.m.g.fi.a(TL:95)

09-01 22:59:30.496  5773  7125 I LSPosed-Bridge: 	at c.t.m.g.ep.n(TL:50278)

09-01 22:59:30.496  5773  7125 I LSPosed-Bridge: 	at c.t.m.g.ep$a.handleMessage(TL:1379)

09-01 22:59:30.496  5773  7125 I LSPosed-Bridge: 	at android.os.Handler.dispatchMessage(Handler.java:106)

09-01 22:59:30.496  5773  7125 I LSPosed-Bridge: 	at android.os.Looper.loop(Looper.java:193)

09-01 22:59:30.496  5773  7125 I LSPosed-Bridge: 	at android.os.HandlerThread.run(HandlerThread.java:65)

09-01 22:59:30.575  5773  7125 I LSPosed-Bridge: 5773 PermLabel hookBinder_test 10119 interfaceBinder =; arg0 = 1; arg1 = android.os.Parcel@20bc6aa; arg2 = android.os.Parcel@7b5515b; arg3 = 0; res = true; stacktrace=java.lang.Exception

09-01 22:59:30.575  5773  7125 I LSPosed-Bridge: 	at com.example.permlabel.hookBinder_test$1.afterHookedMethod(hookBinder_test.java:51)

09-01 22:59:30.575  5773  7125 I LSPosed-Bridge: 	at de.robv.android.xposed.XposedBridge$AdditionalHookInfo.callback(Unknown Source:147)

09-01 22:59:30.575  5773  7125 I LSPosed-Bridge: 	at LSPHooker_.transact(Unknown Source:28)

09-01 22:59:30.575  5773  7125 I LSPosed-Bridge: 	at android.os.ServiceManagerProxy.getService(ServiceManagerNative.java:125)

09-01 22:59:30.575  5773  7125 I LSPosed-Bridge: 	at android.os.ServiceManager.rawGetService(ServiceManager.java:253)

09-01 22:59:30.575  5773  7125 I LSPosed-Bridge: 	at android.os.ServiceManager.getService(ServiceManager.java:124)

09-01 22:59:30.575  5773  7125 I LSPosed-Bridge: 	at android.telephony.SubscriptionManager.getDefaultSubscriptionId(SubscriptionManager.java:1252)

09-01 22:59:30.575  5773  7125 I LSPosed-Bridge: 	at android.telephony.TelephonyManager.getSubId(TelephonyManager.java:4890)

09-01 22:59:30.575  5773  7125 I LSPosed-Bridge: 	at android.telephony.TelephonyManager.getPhoneId(TelephonyManager.java:4918)

09-01 22:59:30.575  5773  7125 I LSPosed-Bridge: 	at android.telephony.TelephonyManager.getNetworkOperator(TelephonyManager.java:1785)

09-01 22:59:30.575  5773  7125 I LSPosed-Bridge: 	at c.t.m.g.ex.a(TL:245)

09-01 22:59:30.575  5773  7125 I LSPosed-Bridge: 	at c.t.m.g.ex.a(TL:103)

09-01 22:59:30.575  5773  7125 I LSPosed-Bridge: 	at c.t.m.g.ep.n(TL:50280)

09-01 22:59:30.575  5773  7125 I LSPosed-Bridge: 	at c.t.m.g.ep$a.handleMessage(TL:1379)

09-01 22:59:30.575  5773  7125 I LSPosed-Bridge: 	at android.os.Handler.dispatchMessage(Handler.java:106)

09-01 22:59:30.575  5773  7125 I LSPosed-Bridge: 	at android.os.Looper.loop(Looper.java:193)

09-01 22:59:30.575  5773  7125 I LSPosed-Bridge: 	at android.os.HandlerThread.run(HandlerThread.java:65)

09-01 22:59:30.575  1533  1861 I LSPosed-Bridge: 5773 PermLabel 10119 AMS.checkPermission: Binder.getCallingPid() = 1901; uid = 10119; Binder.getCallingUid() = 1001; getNameForUid: android.uid.phone:1001; getPackagesForUid: [com.qualcomm.qti.lpa, com.qualcomm.simcontacts, com.qti.xdivert, com.android.providers.telephony, com.qti.qualcomm.deviceinfo, com.qualcomm.qti.networksetting, com.android.phone, com.qualcomm.qti.autoregistration, com.qualcomm.qti.uim, com.qti.confuridialer, com.qualcomm.qti.telephonyservice, com.qualcomm.qti.ims, org.codeaurora.ims, com.android.mms.service, com.qualcomm.qcrilmsgtunnel, com.android.stk, com.qualcomm.qti.callfeaturessetting, com.qti.qualcomm.datastatusnotification]; permName: android.permission.ACCESS_COARSE_LOCATION; type = 1; res = -1; stacktrace=java.lang.Exception

09-01 22:59:30.575  1533  1861 I LSPosed-Bridge: 	at com.example.permlabel.requirePerm$1$2.afterHookedMethod(requirePerm.java:126)

09-01 22:59:30.575  1533  1861 I LSPosed-Bridge: 	at de.robv.android.xposed.XposedBridge$AdditionalHookInfo.callback(Unknown Source:147)

09-01 22:59:30.575  1533  1861 I LSPosed-Bridge: 	at LSPHooker_.checkPermission(Unknown Source:25)

09-01 22:59:30.575  1533  1861 I LSPosed-Bridge: 	at android.app.IActivityManager$Stub.onTransact(IActivityManager.java:664)

09-01 22:59:30.575  1533  1861 I LSPosed-Bridge: 	at com.android.server.am.ActivityManagerService.onTransact(ActivityManagerService.java:3346)

09-01 22:59:30.575  1533  1861 I LSPosed-Bridge: 	at android.os.Binder.execTransact(Binder.java:731)

09-01 22:59:30.665  5773  7125 I LSPosed-Bridge: 5773 PermLabel hookBinder_test 10119 interfaceBinder =; arg0 = 1; arg1 = android.os.Parcel@7afb1d8; arg2 = android.os.Parcel@438abd4; arg3 = 0; res = true; stacktrace=java.lang.Exception

09-01 22:59:30.665  5773  7125 I LSPosed-Bridge: 	at com.example.permlabel.hookBinder_test$1.afterHookedMethod(hookBinder_test.java:51)

09-01 22:59:30.665  5773  7125 I LSPosed-Bridge: 	at de.robv.android.xposed.XposedBridge$AdditionalHookInfo.callback(Unknown Source:147)

09-01 22:59:30.665  5773  7125 I LSPosed-Bridge: 	at LSPHooker_.transact(Unknown Source:28)

09-01 22:59:30.665  5773  7125 I LSPosed-Bridge: 	at android.os.ServiceManagerProxy.getService(ServiceManagerNative.java:125)

09-01 22:59:30.665  5773  7125 I LSPosed-Bridge: 	at android.os.ServiceManager.rawGetService(ServiceManager.java:253)

09-01 22:59:30.665  5773  7125 I LSPosed-Bridge: 	at android.os.ServiceManager.getService(ServiceManager.java:124)

09-01 22:59:30.665  5773  7125 I LSPosed-Bridge: 	at android.telephony.SubscriptionManager.getPhoneId(SubscriptionManager.java:1222)

09-01 22:59:30.665  5773  7125 I LSPosed-Bridge: 	at android.telephony.TelephonyManager.getPhoneId(TelephonyManager.java:4918)

09-01 22:59:30.665  5773  7125 I LSPosed-Bridge: 	at android.telephony.TelephonyManager.getNetworkOperator(TelephonyManager.java:1785)

09-01 22:59:30.665  5773  7125 I LSPosed-Bridge: 	at c.t.m.g.ex.a(TL:245)

09-01 22:59:30.665  5773  7125 I LSPosed-Bridge: 	at c.t.m.g.ex.a(TL:103)

09-01 22:59:30.665  5773  7125 I LSPosed-Bridge: 	at c.t.m.g.ep.n(TL:50280)

09-01 22:59:30.665  5773  7125 I LSPosed-Bridge: 	at c.t.m.g.ep$a.handleMessage(TL:1379)

09-01 22:59:30.665  5773  7125 I LSPosed-Bridge: 	at android.os.Handler.dispatchMessage(Handler.java:106)

09-01 22:59:30.665  5773  7125 I LSPosed-Bridge: 	at android.os.Looper.loop(Looper.java:193)

09-01 22:59:30.665  5773  7125 I LSPosed-Bridge: 	at android.os.HandlerThread.run(HandlerThread.java:65)

09-01 22:59:30.665  5773  7701 I LSPosed-Bridge: 5773 PermLabel 10119; permName: android.permission.ACCESS_COARSE_LOCATION; getAllCellInfo res = null; stacktrace=java.lang.Exception

09-01 22:59:30.665  5773  7701 I LSPosed-Bridge: 	at com.example.permlabel.hookLocationExtra_test$4.afterHookedMethod(hookLocationExtra_test.java:62)

09-01 22:59:30.665  5773  7701 I LSPosed-Bridge: 	at de.robv.android.xposed.XposedBridge$AdditionalHookInfo.callback(Unknown Source:147)

09-01 22:59:30.665  5773  7701 I LSPosed-Bridge: 	at LSPHooker_.getAllCellInfo(Unknown Source:8)

09-01 22:59:30.665  5773  7701 I LSPosed-Bridge: 	at c.t.m.g.fi.b(TL:156)

09-01 22:59:30.665  5773  7701 I LSPosed-Bridge: 	at c.t.m.g.er$a.a(TL:276)

09-01 22:59:30.665  5773  7701 I LSPosed-Bridge: 	at c.t.m.g.er$a.handleMessage(TL:248)

09-01 22:59:30.665  5773  7701 I LSPosed-Bridge: 	at android.os.Handler.dispatchMessage(Handler.java:106)

09-01 22:59:30.665  5773  7701 I LSPosed-Bridge: 	at android.os.Looper.loop(Looper.java:193)

09-01 22:59:30.665  5773  7701 I LSPosed-Bridge: 	at android.os.HandlerThread.run(HandlerThread.java:65)

09-01 22:59:30.693  1533  3424 I LSPosed-Bridge: 5773 PermLabel 10119 AMS.checkPermission: Binder.getCallingPid() = 1901; uid = 10119; Binder.getCallingUid() = 1001; getNameForUid: android.uid.phone:1001; getPackagesForUid: [com.qualcomm.qti.lpa, com.qualcomm.simcontacts, com.qti.xdivert, com.android.providers.telephony, com.qti.qualcomm.deviceinfo, com.qualcomm.qti.networksetting, com.android.phone, com.qualcomm.qti.autoregistration, com.qualcomm.qti.uim, com.qti.confuridialer, com.qualcomm.qti.telephonyservice, com.qualcomm.qti.ims, org.codeaurora.ims, com.android.mms.service, com.qualcomm.qcrilmsgtunnel, com.android.stk, com.qualcomm.qti.callfeaturessetting, com.qti.qualcomm.datastatusnotification]; permName: android.permission.ACCESS_COARSE_LOCATION; type = 1; res = -1; stacktrace=java.lang.Exception

09-01 22:59:30.693  1533  3424 I LSPosed-Bridge: 	at com.example.permlabel.requirePerm$1$2.afterHookedMethod(requirePerm.java:126)

09-01 22:59:30.693  1533  3424 I LSPosed-Bridge: 	at de.robv.android.xposed.XposedBridge$AdditionalHookInfo.callback(Unknown Source:147)

09-01 22:59:30.693  1533  3424 I LSPosed-Bridge: 	at LSPHooker_.checkPermission(Unknown Source:25)

09-01 22:59:30.693  1533  3424 I LSPosed-Bridge: 	at android.app.IActivityManager$Stub.onTransact(IActivityManager.java:664)

09-01 22:59:30.693  1533  3424 I LSPosed-Bridge: 	at com.android.server.am.ActivityManagerService.onTransact(ActivityManagerService.java:3346)

09-01 22:59:30.693  1533  3424 I LSPosed-Bridge: 	at android.os.Binder.execTransact(Binder.java:731)

09-01 22:59:30.698  5773  7701 I LSPosed-Bridge: 5773 PermLabel 10119; permName: android.permission.ACCESS_COARSE_LOCATION; getCellLocation res = null; stacktrace=java.lang.Exception

09-01 22:59:30.698  5773  7701 I LSPosed-Bridge: 	at com.example.permlabel.hookLocationExtra_test$3.afterHookedMethod(hookLocationExtra_test.java:55)

09-01 22:59:30.698  5773  7701 I LSPosed-Bridge: 	at de.robv.android.xposed.XposedBridge$AdditionalHookInfo.callback(Unknown Source:147)

09-01 22:59:30.698  5773  7701 I LSPosed-Bridge: 	at LSPHooker_.getCellLocation(Unknown Source:8)

09-01 22:59:30.698  5773  7701 I LSPosed-Bridge: 	at c.t.m.g.fi.a(TL:95)

09-01 22:59:30.698  5773  7701 I LSPosed-Bridge: 	at c.t.m.g.er$a.a(TL:285)

09-01 22:59:30.698  5773  7701 I LSPosed-Bridge: 	at c.t.m.g.er$a.handleMessage(TL:248)

09-01 22:59:30.698  5773  7701 I LSPosed-Bridge: 	at android.os.Handler.dispatchMessage(Handler.java:106)

09-01 22:59:30.698  5773  7701 I LSPosed-Bridge: 	at android.os.Looper.loop(Looper.java:193)

09-01 22:59:30.698  5773  7701 I LSPosed-Bridge: 	at android.os.HandlerThread.run(HandlerThread.java:65)

09-01 22:59:31.960  5773  6709 I LSPosed-Bridge: 5773 PermLabel 10119 ContextImpl.checkPermission: pid = 5773; uid = 10119; permName: android.permission.ACCESS_COARSE_LOCATION; type = 1; res = -1; stacktrace=java.lang.Exception

09-01 22:59:31.960  5773  6709 I LSPosed-Bridge: 	at com.example.permlabel.requestPerm$2.afterHookedMethod(requestPerm.java:206)

09-01 22:59:31.960  5773  6709 I LSPosed-Bridge: 	at de.robv.android.xposed.XposedBridge$AdditionalHookInfo.callback(Unknown Source:147)

09-01 22:59:31.960  5773  6709 I LSPosed-Bridge: 	at LSPHooker_.checkPermission(Unknown Source:25)

09-01 22:59:31.960  5773  6709 I LSPosed-Bridge: 	at android.content.ContextWrapper.checkPermission(ContextWrapper.java:738)

09-01 22:59:31.960  5773  6709 I LSPosed-Bridge: 	at android.content.ContextWrapper.checkPermission(ContextWrapper.java:738)

09-01 22:59:31.960  5773  6709 I LSPosed-Bridge: 	at android.content.ContextWrapper.checkPermission(ContextWrapper.java:738)

09-01 22:59:31.960  5773  6709 I LSPosed-Bridge: 	at androidx.core.content.ContextCompat.checkSelfPermission(ContextCompat.java:15)

09-01 22:59:31.960  5773  6709 I LSPosed-Bridge: 	at com.klook.location.internal.third.b.requestLocation(GoogleLocationImpl.kt:55)

09-01 22:59:31.960  5773  6709 I LSPosed-Bridge: 	at com.klook.location.internal.LocationManager$f$a.invokeSuspend(LocationManager.kt:148)

09-01 22:59:31.960  5773  6709 I LSPosed-Bridge: 	at kotlin.coroutines.jvm.internal.a.resumeWith(ContinuationImpl.kt:12)

09-01 22:59:31.960  5773  6709 I LSPosed-Bridge: 	at kotlinx.coroutines.z0.run(DispatchedTask.kt:117)

09-01 22:59:31.960  5773  6709 I LSPosed-Bridge: 	at kotlinx.coroutines.scheduling.a.runSafely(CoroutineScheduler.kt:1)

09-01 22:59:31.960  5773  6709 I LSPosed-Bridge: 	at kotlinx.coroutines.scheduling.a$c.c(CoroutineScheduler.kt:15)

09-01 22:59:31.960  5773  6709 I LSPosed-Bridge: 	at kotlinx.coroutines.scheduling.a$c.i(CoroutineScheduler.kt:29)

09-01 22:59:31.960  5773  6709 I LSPosed-Bridge: 	at kotlinx.coroutines.scheduling.a$c.run(CoroutineScheduler.kt:1)

09-01 22:59:31.960  5773  5773 I LSPosed-Bridge: 5773 PermLabel hookBinder_test 10119 interfaceBinder =com.android.internal.telephony.ITelephonyRegistry; arg0 = 4; arg1 = android.os.Parcel@39d27f4; arg2 = android.os.Parcel@6ce8b1d; arg3 = 0; res = true; stacktrace=java.lang.Exception

09-01 22:59:31.960  5773  5773 I LSPosed-Bridge: 	at com.example.permlabel.hookBinder_test$1.afterHookedMethod(hookBinder_test.java:51)

09-01 22:59:31.960  5773  5773 I LSPosed-Bridge: 	at de.robv.android.xposed.XposedBridge$AdditionalHookInfo.callback(Unknown Source:147)

09-01 22:59:31.960  5773  5773 I LSPosed-Bridge: 	at LSPHooker_.transact(Unknown Source:28)

09-01 22:59:31.960  5773  5773 I LSPosed-Bridge: 	at com.android.internal.telephony.ITelephonyRegistry$Stub$Proxy.listenForSubscriber(ITelephonyRegistry.java:580)

09-01 22:59:31.960  5773  5773 I LSPosed-Bridge: 	at android.telephony.TelephonyManager.listen(TelephonyManager.java:4227)

09-01 22:59:31.960  5773  5773 I LSPosed-Bridge: 	at c.t.m.g.er$b.a(TL:316)

09-01 22:59:31.960  5773  5773 I LSPosed-Bridge: 	at c.t.m.g.er.a(TL:1325)

09-01 22:59:31.960  5773  5773 I LSPosed-Bridge: 	at c.t.m.g.ep.i(TL:694)

09-01 22:59:31.960  5773  5773 I LSPosed-Bridge: 	at c.t.m.g.ep.b(TL:614)

09-01 22:59:31.960  5773  5773 I LSPosed-Bridge: 	at c.t.m.g.ep$c.handleMessage(TL:1773)

09-01 22:59:31.960  5773  5773 I LSPosed-Bridge: 	at android.os.Handler.dispatchMessage(Handler.java:106)

09-01 22:59:31.960  5773  5773 I LSPosed-Bridge: 	at android.os.Looper.loop(Looper.java:193)

09-01 22:59:31.960  5773  5773 I LSPosed-Bridge: 	at android.app.ActivityThread.main(ActivityThread.java:6692)

09-01 22:59:31.960  5773  5773 I LSPosed-Bridge: 	at java.lang.reflect.Method.invoke(Native Method)

09-01 22:59:31.960  5773  5773 I LSPosed-Bridge: 	at com.android.internal.os.RuntimeInit$MethodAndArgsCaller.run(RuntimeInit.java:493)

09-01 22:59:31.960  5773  5773 I LSPosed-Bridge: 	at com.android.internal.os.ZygoteInit.main(ZygoteInit.java:858)

09-01 22:59:33.730  5773  7125 I LSPosed-Bridge: 5773 PermLabel 10119; permName: android.permission.ACCESS_FINE_LOCATION startScan res = null; stacktrace=java.lang.Exception

09-01 22:59:33.730  5773  7125 I LSPosed-Bridge: 	at com.example.permlabel.hookBluetooth$8.afterHookedMethod(hookBluetooth.java:86)

09-01 22:59:33.730  5773  7125 I LSPosed-Bridge: 	at de.robv.android.xposed.XposedBridge$AdditionalHookInfo.callback(Unknown Source:147)

09-01 22:59:33.730  5773  7125 I LSPosed-Bridge: 	at LSPHooker_.startScan(Unknown Source:17)

09-01 22:59:33.730  5773  7125 I LSPosed-Bridge: 	at c.t.m.g.ek.c(TL:247)

09-01 22:59:33.730  5773  7125 I LSPosed-Bridge: 	at c.t.m.g.ek.c(TL:32)

09-01 22:59:33.730  5773  7125 I LSPosed-Bridge: 	at c.t.m.g.ek$a.handleMessage(TL:1123)

09-01 22:59:33.730  5773  7125 I LSPosed-Bridge: 	at android.os.Handler.dispatchMessage(Handler.java:106)

09-01 22:59:33.730  5773  7125 I LSPosed-Bridge: 	at android.os.Looper.loop(Looper.java:193)

09-01 22:59:33.730  5773  7125 I LSPosed-Bridge: 	at android.os.HandlerThread.run(HandlerThread.java:65)

09-01 22:59:33.730  5773  7125 I LSPosed-Bridge: 5773 PermLabel 10119; permName: android.permission.ACCESS_COARSE_LOCATION; startScan res = null; stacktrace=java.lang.Exception

09-01 22:59:33.730  5773  7125 I LSPosed-Bridge: 	at com.example.permlabel.hookBluetooth$6.afterHookedMethod(hookBluetooth.java:72)

09-01 22:59:33.730  5773  7125 I LSPosed-Bridge: 	at de.robv.android.xposed.XposedBridge$AdditionalHookInfo.callback(Unknown Source:147)

09-01 22:59:33.730  5773  7125 I LSPosed-Bridge: 	at LSPHooker_.startScan(Unknown Source:17)

09-01 22:59:33.730  5773  7125 I LSPosed-Bridge: 	at c.t.m.g.ek.c(TL:247)

09-01 22:59:33.730  5773  7125 I LSPosed-Bridge: 	at c.t.m.g.ek.c(TL:32)

09-01 22:59:33.730  5773  7125 I LSPosed-Bridge: 	at c.t.m.g.ek$a.handleMessage(TL:1123)

09-01 22:59:33.730  5773  7125 I LSPosed-Bridge: 	at android.os.Handler.dispatchMessage(Handler.java:106)

09-01 22:59:33.730  5773  7125 I LSPosed-Bridge: 	at android.os.Looper.loop(Looper.java:193)

09-01 22:59:33.730  5773  7125 I LSPosed-Bridge: 	at android.os.HandlerThread.run(HandlerThread.java:65)

09-01 22:59:33.730  5773  7125 I LSPosed-Bridge: 5773 PermLabel 10119; permName: android.permission.BLUETOOTH_ADMIN; startScan res = null; stacktrace=java.lang.Exception

09-01 22:59:33.730  5773  7125 I LSPosed-Bridge: 	at com.example.permlabel.hookBluetooth$4.afterHookedMethod(hookBluetooth.java:58)

09-01 22:59:33.730  5773  7125 I LSPosed-Bridge: 	at de.robv.android.xposed.XposedBridge$AdditionalHookInfo.callback(Unknown Source:147)

09-01 22:59:33.730  5773  7125 I LSPosed-Bridge: 	at LSPHooker_.startScan(Unknown Source:17)

09-01 22:59:33.730  5773  7125 I LSPosed-Bridge: 	at c.t.m.g.ek.c(TL:247)

09-01 22:59:33.730  5773  7125 I LSPosed-Bridge: 	at c.t.m.g.ek.c(TL:32)

09-01 22:59:33.730  5773  7125 I LSPosed-Bridge: 	at c.t.m.g.ek$a.handleMessage(TL:1123)

09-01 22:59:33.730  5773  7125 I LSPosed-Bridge: 	at android.os.Handler.dispatchMessage(Handler.java:106)

09-01 22:59:33.730  5773  7125 I LSPosed-Bridge: 	at android.os.Looper.loop(Looper.java:193)

09-01 22:59:33.730  5773  7125 I LSPosed-Bridge: 	at android.os.HandlerThread.run(HandlerThread.java:65)

09-01 23:09:01.063  5773  5773 I LSPosed-Bridge: 5773 PermLabel 10119 requestPermissions (Activity): pid = 5773; permName: android.permission.ACCESS_COARSE_LOCATION; stacktrace=java.lang.Exception

09-01 23:09:01.063  5773  5773 I LSPosed-Bridge: 	at com.example.permlabel.requestPerm$3.beforeHookedMethod(requestPerm.java:223)

09-01 23:09:01.063  5773  5773 I LSPosed-Bridge: 	at de.robv.android.xposed.XposedBridge$AdditionalHookInfo.callback(Unknown Source:79)

09-01 23:09:01.063  5773  5773 I LSPosed-Bridge: 	at LSPHooker_.requestPermissions(Unknown Source:18)

09-01 23:09:01.063  5773  5773 I LSPosed-Bridge: 	at androidx.core.app.c.a(Unknown Source:0)

09-01 23:09:01.063  5773  5773 I LSPosed-Bridge: 	at androidx.core.app.ActivityCompat$Api23Impl.requestPermissions(ActivityCompat.java:1)

09-01 23:09:01.063  5773  5773 I LSPosed-Bridge: 	at androidx.core.app.ActivityCompat.requestPermissions(ActivityCompat.java:75)

09-01 23:09:01.063  5773  5773 I LSPosed-Bridge: 	at com.klooklib.activity.FeatureIntroduceActivity$a.requestClickListener(FeatureIntroduceActivity.java:9)

09-01 23:09:01.063  5773  5773 I LSPosed-Bridge: 	at com.klooklib.view.FeatureRuntimePermissionView$b.onClick(FeatureRuntimePermissionView.java:7)

09-01 23:09:01.063  5773  5773 I LSPosed-Bridge: 	at android.view.View.performClick(View.java:6597)

09-01 23:09:01.063  5773  5773 I LSPosed-Bridge: 	at android.view.View.performClickInternal(View.java:6574)

09-01 23:09:01.063  5773  5773 I LSPosed-Bridge: 	at android.view.View.access$3100(View.java:778)

09-01 23:09:01.063  5773  5773 I LSPosed-Bridge: 	at android.view.View$PerformClick.run(View.java:25889)

09-01 23:09:01.063  5773  5773 I LSPosed-Bridge: 	at android.os.Handler.handleCallback(Handler.java:873)

09-01 23:09:01.063  5773  5773 I LSPosed-Bridge: 	at android.os.Handler.dispatchMessage(Handler.java:99)

09-01 23:09:01.063  5773  5773 I LSPosed-Bridge: 	at android.os.Looper.loop(Looper.java:193)

09-01 23:09:01.063  5773  5773 I LSPosed-Bridge: 	at android.app.ActivityThread.main(ActivityThread.java:6692)

09-01 23:09:01.063  5773  5773 I LSPosed-Bridge: 	at java.lang.reflect.Method.invoke(Native Method)

09-01 23:09:01.063  5773  5773 I LSPosed-Bridge: 	at com.android.internal.os.RuntimeInit$MethodAndArgsCaller.run(RuntimeInit.java:493)

09-01 23:09:01.063  5773  5773 I LSPosed-Bridge: 	at com.android.internal.os.ZygoteInit.main(ZygoteInit.java:858)

09-01 23:09:01.078  1533  4964 I LSPosed-Bridge: 5773 PermLabel 10119 startActivityAsUser permName: android.permission.ACCESS_FINE_LOCATION

09-01 23:09:01.078  1533  4964 I LSPosed-Bridge: 5773 PermLabel 10119 startActivityAsUser permName: android.permission.ACCESS_COARSE_LOCATION

09-01 23:09:05.161  5773  5773 I LSPosed-Bridge: 5773 PermLabel 10119 ContextImpl.checkPermission: pid = 5773; uid = 10119; permName: android.permission.ACCESS_COARSE_LOCATION; type = 1; res = 0; stacktrace=java.lang.Exception

09-01 23:09:05.161  5773  5773 I LSPosed-Bridge: 	at com.example.permlabel.requestPerm$2.afterHookedMethod(requestPerm.java:206)

09-01 23:09:05.161  5773  5773 I LSPosed-Bridge: 	at de.robv.android.xposed.XposedBridge$AdditionalHookInfo.callback(Unknown Source:147)

09-01 23:09:05.161  5773  5773 I LSPosed-Bridge: 	at LSPHooker_.checkPermission(Unknown Source:25)

09-01 23:09:05.161  5773  5773 I LSPosed-Bridge: 	at android.content.ContextWrapper.checkPermission(ContextWrapper.java:738)

09-01 23:09:05.161  5773  5773 I LSPosed-Bridge: 	at android.content.ContextWrapper.checkPermission(ContextWrapper.java:738)

09-01 23:09:05.161  5773  5773 I LSPosed-Bridge: 	at android.content.ContextWrapper.checkPermission(ContextWrapper.java:738)

09-01 23:09:05.161  5773  5773 I LSPosed-Bridge: 	at androidx.core.content.ContextCompat.checkSelfPermission(ContextCompat.java:15)

09-01 23:09:05.161  5773  5773 I LSPosed-Bridge: 	at com.klooklib.activity.FeatureIntroduceActivity.onRequestPermissionsResult(FeatureIntroduceActivity.java:18)

09-01 23:09:05.161  5773  5773 I LSPosed-Bridge: 	at android.app.Activity.dispatchRequestPermissionsResult(Activity.java:7608)

09-01 23:09:05.161  5773  5773 I LSPosed-Bridge: 	at android.app.Activity.dispatchActivityResult(Activity.java:7458)

09-01 23:09:05.161  5773  5773 I LSPosed-Bridge: 	at android.app.ActivityThread.deliverResults(ActivityThread.java:4354)

09-01 23:09:05.161  5773  5773 I LSPosed-Bridge: 	at android.app.ActivityThread.handleSendResult(ActivityThread.java:4403)

09-01 23:09:05.161  5773  5773 I LSPosed-Bridge: 	at android.app.servertransaction.ActivityResultItem.execute(ActivityResultItem.java:49)

09-01 23:09:05.161  5773  5773 I LSPosed-Bridge: 	at android.app.servertransaction.TransactionExecutor.executeCallbacks(TransactionExecutor.java:108)

09-01 23:09:05.161  5773  5773 I LSPosed-Bridge: 	at android.app.servertransaction.TransactionExecutor.execute(TransactionExecutor.java:68)

09-01 23:09:05.161  5773  5773 I LSPosed-Bridge: 	at android.app.ActivityThread$H.handleMessage(ActivityThread.java:1809)

09-01 23:09:05.161  5773  5773 I LSPosed-Bridge: 	at android.os.Handler.dispatchMessage(Handler.java:106)

09-01 23:09:05.161  5773  5773 I LSPosed-Bridge: 	at android.os.Looper.loop(Looper.java:193)

09-01 23:09:05.161  5773  5773 I LSPosed-Bridge: 	at android.app.ActivityThread.main(ActivityThread.java:6692)

09-01 23:09:05.161  5773  5773 I LSPosed-Bridge: 	at java.lang.reflect.Method.invoke(Native Method)

09-01 23:09:05.161  5773  5773 I LSPosed-Bridge: 	at com.android.internal.os.RuntimeInit$MethodAndArgsCaller.run(RuntimeInit.java:493)

09-01 23:09:05.161  5773  5773 I LSPosed-Bridge: 	at com.android.internal.os.ZygoteInit.main(ZygoteInit.java:858)

09-01 23:09:05.166  5773  5773 I LSPosed-Bridge: 5773 PermLabel 10119 ContextImpl.checkPermission: pid = 5773; uid = 10119; permName: android.permission.ACCESS_COARSE_LOCATION; type = 1; res = 0; stacktrace=java.lang.Exception

09-01 23:09:05.166  5773  5773 I LSPosed-Bridge: 	at com.example.permlabel.requestPerm$2.afterHookedMethod(requestPerm.java:206)

09-01 23:09:05.166  5773  5773 I LSPosed-Bridge: 	at de.robv.android.xposed.XposedBridge$AdditionalHookInfo.callback(Unknown Source:147)

09-01 23:09:05.166  5773  5773 I LSPosed-Bridge: 	at LSPHooker_.checkPermission(Unknown Source:25)

09-01 23:09:05.166  5773  5773 I LSPosed-Bridge: 	at android.content.ContextWrapper.checkPermission(ContextWrapper.java:738)

09-01 23:09:05.166  5773  5773 I LSPosed-Bridge: 	at android.content.ContextWrapper.checkPermission(ContextWrapper.java:738)

09-01 23:09:05.166  5773  5773 I LSPosed-Bridge: 	at android.content.ContextWrapper.checkPermission(ContextWrapper.java:738)

09-01 23:09:05.166  5773  5773 I LSPosed-Bridge: 	at androidx.core.content.ContextCompat.checkSelfPermission(ContextCompat.java:15)

09-01 23:09:05.166  5773  5773 I LSPosed-Bridge: 	at com.klooklib.activity.FeatureIntroduceActivity.j(FeatureIntroduceActivity.java:10)

09-01 23:09:05.166  5773  5773 I LSPosed-Bridge: 	at com.klooklib.activity.FeatureIntroduceActivity.onRequestPermissionsResult(FeatureIntroduceActivity.java:38)

09-01 23:09:05.166  5773  5773 I LSPosed-Bridge: 	at android.app.Activity.dispatchRequestPermissionsResult(Activity.java:7608)

09-01 23:09:05.166  5773  5773 I LSPosed-Bridge: 	at android.app.Activity.dispatchActivityResult(Activity.java:7458)

09-01 23:09:05.166  5773  5773 I LSPosed-Bridge: 	at android.app.ActivityThread.deliverResults(ActivityThread.java:4354)

09-01 23:09:05.166  5773  5773 I LSPosed-Bridge: 	at android.app.ActivityThread.handleSendResult(ActivityThread.java:4403)

09-01 23:09:05.166  5773  5773 I LSPosed-Bridge: 	at android.app.servertransaction.ActivityResultItem.execute(ActivityResultItem.java:49)

09-01 23:09:05.166  5773  5773 I LSPosed-Bridge: 	at android.app.servertransaction.TransactionExecutor.executeCallbacks(TransactionExecutor.java:108)

09-01 23:09:05.166  5773  5773 I LSPosed-Bridge: 	at android.app.servertransaction.TransactionExecutor.execute(TransactionExecutor.java:68)

09-01 23:09:05.166  5773  5773 I LSPosed-Bridge: 	at android.app.ActivityThread$H.handleMessage(ActivityThread.java:1809)

09-01 23:09:05.166  5773  5773 I LSPosed-Bridge: 	at android.os.Handler.dispatchMessage(Handler.java:106)

09-01 23:09:05.166  5773  5773 I LSPosed-Bridge: 	at android.os.Looper.loop(Looper.java:193)

09-01 23:09:05.166  5773  5773 I LSPosed-Bridge: 	at android.app.ActivityThread.main(ActivityThread.java:6692)

09-01 23:09:05.166  5773  5773 I LSPosed-Bridge: 	at java.lang.reflect.Method.invoke(Native Method)

09-01 23:09:05.166  5773  5773 I LSPosed-Bridge: 	at com.android.internal.os.RuntimeInit$MethodAndArgsCaller.run(RuntimeInit.java:493)

09-01 23:09:05.166  5773  5773 I LSPosed-Bridge: 	at com.android.internal.os.ZygoteInit.main(ZygoteInit.java:858)

09-01 23:09:05.237  5773  6709 I LSPosed-Bridge: 5773 PermLabel hookBinder_test 10119 interfaceBinder =android.content.pm.IPackageManager; arg0 = 9; arg1 = android.os.Parcel@9b843d7; arg2 = android.os.Parcel@7f8c7e9; arg3 = 0; res = true; stacktrace=java.lang.Exception

09-01 23:09:05.237  5773  6709 I LSPosed-Bridge: 	at com.example.permlabel.hookBinder_test$1.afterHookedMethod(hookBinder_test.java:51)

09-01 23:09:05.237  5773  6709 I LSPosed-Bridge: 	at de.robv.android.xposed.XposedBridge$AdditionalHookInfo.callback(Unknown Source:147)

09-01 23:09:05.237  5773  6709 I LSPosed-Bridge: 	at LSPHooker_.transact(Unknown Source:28)

09-01 23:09:05.237  5773  6709 I LSPosed-Bridge: 	at android.content.pm.IPackageManager$Stub$Proxy.getPermissionInfo(IPackageManager.java:3008)

09-01 23:09:05.237  5773  6709 I LSPosed-Bridge: 	at android.app.ApplicationPackageManager.getPermissionInfo(ApplicationPackageManager.java:306)

09-01 23:09:05.237  5773  6709 I LSPosed-Bridge: 	at com.example.permlabel.requestPerm$2.afterHookedMethod(requestPerm.java:172)

09-01 23:09:05.237  5773  6709 I LSPosed-Bridge: 	at de.robv.android.xposed.XposedBridge$AdditionalHookInfo.callback(Unknown Source:147)

09-01 23:09:05.237  5773  6709 I LSPosed-Bridge: 	at LSPHooker_.checkPermission(Unknown Source:25)

09-01 23:09:05.237  5773  6709 I LSPosed-Bridge: 	at android.content.ContextWrapper.checkPermission(ContextWrapper.java:738)

09-01 23:09:05.237  5773  6709 I LSPosed-Bridge: 	at androidx.core.content.ContextCompat.checkSelfPermission(ContextCompat.java:15)

09-01 23:09:05.237  5773  6709 I LSPosed-Bridge: 	at com.klook.location.internal.third.c.a(NativeLocationImpl.kt:16)

09-01 23:09:05.237  5773  6709 I LSPosed-Bridge: 	at com.klook.location.internal.third.c.requestLocation(NativeLocationImpl.kt:17)

09-01 23:09:05.237  5773  6709 I LSPosed-Bridge: 	at com.klook.location.internal.LocationManager$f$a.invokeSuspend(LocationManager.kt:148)

09-01 23:09:05.237  5773  6709 I LSPosed-Bridge: 	at kotlin.coroutines.jvm.internal.a.resumeWith(ContinuationImpl.kt:12)

09-01 23:09:05.237  5773  6709 I LSPosed-Bridge: 	at kotlinx.coroutines.z0.run(DispatchedTask.kt:117)

09-01 23:09:05.237  5773  6709 I LSPosed-Bridge: 	at kotlinx.coroutines.scheduling.a.runSafely(CoroutineScheduler.kt:1)

09-01 23:09:05.237  5773  6709 I LSPosed-Bridge: 	at kotlinx.coroutines.scheduling.a$c.c(CoroutineScheduler.kt:15)

09-01 23:09:05.237  5773  6709 I LSPosed-Bridge: 	at kotlinx.coroutines.scheduling.a$c.i(CoroutineScheduler.kt:29)

09-01 23:09:05.237  5773  6709 I LSPosed-Bridge: 	at kotlinx.coroutines.scheduling.a$c.run(CoroutineScheduler.kt:1)

09-01 23:09:05.237  5773  6709 I LSPosed-Bridge: 5773 PermLabel 10119 ContextImpl.checkPermission: pid = 5773; uid = 10119; permName: android.permission.ACCESS_COARSE_LOCATION; type = 1; res = 0; stacktrace=java.lang.Exception

09-01 23:09:05.237  5773  6709 I LSPosed-Bridge: 	at com.example.permlabel.requestPerm$2.afterHookedMethod(requestPerm.java:206)

09-01 23:09:05.237  5773  6709 I LSPosed-Bridge: 	at de.robv.android.xposed.XposedBridge$AdditionalHookInfo.callback(Unknown Source:147)

09-01 23:09:05.237  5773  6709 I LSPosed-Bridge: 	at LSPHooker_.checkPermission(Unknown Source:25)

09-01 23:09:05.237  5773  6709 I LSPosed-Bridge: 	at android.content.ContextWrapper.checkPermission(ContextWrapper.java:738)

09-01 23:09:05.237  5773  6709 I LSPosed-Bridge: 	at androidx.core.content.ContextCompat.checkSelfPermission(ContextCompat.java:15)

09-01 23:09:05.237  5773  6709 I LSPosed-Bridge: 	at com.klook.location.internal.third.c.a(NativeLocationImpl.kt:16)

09-01 23:09:05.237  5773  6709 I LSPosed-Bridge: 	at com.klook.location.internal.third.c.requestLocation(NativeLocationImpl.kt:17)

09-01 23:09:05.237  5773  6709 I LSPosed-Bridge: 	at com.klook.location.internal.LocationManager$f$a.invokeSuspend(LocationManager.kt:148)

09-01 23:09:05.237  5773  6709 I LSPosed-Bridge: 	at kotlin.coroutines.jvm.internal.a.resumeWith(ContinuationImpl.kt:12)

09-01 23:09:05.237  5773  6709 I LSPosed-Bridge: 	at kotlinx.coroutines.z0.run(DispatchedTask.kt:117)

09-01 23:09:05.237  5773  6709 I LSPosed-Bridge: 	at kotlinx.coroutines.scheduling.a.runSafely(CoroutineScheduler.kt:1)

09-01 23:09:05.237  5773  6709 I LSPosed-Bridge: 	at kotlinx.coroutines.scheduling.a$c.c(CoroutineScheduler.kt:15)

09-01 23:09:05.237  5773  6709 I LSPosed-Bridge: 	at kotlinx.coroutines.scheduling.a$c.i(CoroutineScheduler.kt:29)

09-01 23:09:05.237  5773  6709 I LSPosed-Bridge: 	at kotlinx.coroutines.scheduling.a$c.run(CoroutineScheduler.kt:1)

