08-10 06:46:37.286 15186 15186 I LSPosed-Bridge: 	at V72.onLinkPropertiesChanged(chromium-Monochrome.aab-stable-579016621:2)

08-10 06:46:37.286 15186 15186 I LSPosed-Bridge: 	at android.net.ConnectivityManager$NetworkCallback.onAvailable(ConnectivityManager.java:2783)

08-10 06:46:37.286 15186 15186 I LSPosed-Bridge: 	at android.net.ConnectivityManager$CallbackHandler.handleMessage(ConnectivityManager.java:2976)

08-10 06:46:37.286 15186 15186 I LSPosed-Bridge: 	at android.os.Handler.dispatchMessage(Handler.java:106)

08-10 06:46:37.286 15186 15186 I LSPosed-Bridge: 	at android.os.Looper.loop(Looper.java:193)

08-10 06:46:37.286 15186 15186 I LSPosed-Bridge: 	at android.app.ActivityThread.main(ActivityThread.java:6692)

08-10 06:46:37.286 15186 15186 I LSPosed-Bridge: 	at java.lang.reflect.Method.invoke(Native Method)

08-10 06:46:37.286 15186 15186 I LSPosed-Bridge: 	at com.android.internal.os.RuntimeInit$MethodAndArgsCaller.run(RuntimeInit.java:493)

08-10 06:46:37.286 15186 15186 I LSPosed-Bridge: 	at com.android.internal.os.ZygoteInit.main(ZygoteInit.java:858)

08-10 06:46:42.468  1570  4579 I LSPosed-Bridge: 15186 PermLabel 10134 AMS.checkPermission: Binder.getCallingPid() = 15186; uid = 10134; Binder.getCallingUid() = 10134; getNameForUid: com.practice.ielts.listening.test; getPackagesForUid: [com.practice.ielts.listening.test]; permName: android.permission.GET_TASKS; type = 0; res = -1; stacktrace=java.lang.Exception

08-10 06:46:42.468  1570  4579 I LSPosed-Bridge: 	at com.example.permlabel.requirePerm$1$2.afterHookedMethod(requirePerm.java:139)

08-10 06:46:42.468  1570  4579 I LSPosed-Bridge: 	at de.robv.android.xposed.XposedBridge$AdditionalHookInfo.callback(Unknown Source:147)

08-10 06:46:42.468  1570  4579 I LSPosed-Bridge: 	at LSPHooker_.checkPermission(Unknown Source:25)

08-10 06:46:42.468  1570  4579 I LSPosed-Bridge: 	at com.android.server.am.ActivityManagerService.isGetTasksAllowed(ActivityManagerService.java:10902)

08-10 06:46:42.468  1570  4579 I LSPosed-Bridge: 	at com.android.server.am.ActivityManagerService.getRunningAppProcesses(ActivityManagerService.java:16139)

08-10 06:46:42.468  1570  4579 I LSPosed-Bridge: 	at android.app.IActivityManager$Stub.onTransact(IActivityManager.java:1088)

08-10 06:46:42.468  1570  4579 I LSPosed-Bridge: 	at com.android.server.am.ActivityManagerService.onTransact(ActivityManagerService.java:3346)

08-10 06:46:42.468  1570  4579 I LSPosed-Bridge: 	at android.os.Binder.execTransact(Binder.java:731)

08-10 06:49:28.184  1570  4570 I LSPosed-Bridge: 15186 PermLabel 10134 AMS.checkPermission: Binder.getCallingPid() = 15186; uid = 10134; Binder.getCallingUid() = 10134; getNameForUid: com.practice.ielts.listening.test; getPackagesForUid: [com.practice.ielts.listening.test]; permName: android.permission.GET_TASKS; type = 0; res = -1; stacktrace=java.lang.Exception

08-10 06:49:28.184  1570  4570 I LSPosed-Bridge: 	at com.example.permlabel.requirePerm$1$2.afterHookedMethod(requirePerm.java:139)

08-10 06:49:28.184  1570  4570 I LSPosed-Bridge: 	at de.robv.android.xposed.XposedBridge$AdditionalHookInfo.callback(Unknown Source:147)

08-10 06:49:28.184  1570  4570 I LSPosed-Bridge: 	at LSPHooker_.checkPermission(Unknown Source:25)

08-10 06:49:28.184  1570  4570 I LSPosed-Bridge: 	at com.android.server.am.ActivityManagerService.isGetTasksAllowed(ActivityManagerService.java:10902)

08-10 06:49:28.184  1570  4570 I LSPosed-Bridge: 	at com.android.server.am.ActivityManagerService.getRunningAppProcesses(ActivityManagerService.java:16139)

08-10 06:49:28.184  1570  4570 I LSPosed-Bridge: 	at android.app.IActivityManager$Stub.onTransact(IActivityManager.java:1088)

08-10 06:49:28.184  1570  4570 I LSPosed-Bridge: 	at com.android.server.am.ActivityManagerService.onTransact(ActivityManagerService.java:3346)

08-10 06:49:28.184  1570  4570 I LSPosed-Bridge: 	at android.os.Binder.execTransact(Binder.java:731)

08-10 06:49:28.549  1570  1722 I LSPosed-Bridge: 15186 PermLabel 10134 AMS.checkPermission: Binder.getCallingPid() = 15186; uid = 10134; Binder.getCallingUid() = 10134; getNameForUid: com.practice.ielts.listening.test; getPackagesForUid: [com.practice.ielts.listening.test]; permName: android.permission.GET_TASKS; type = 0; res = -1; stacktrace=java.lang.Exception

08-10 06:49:28.549  1570  1722 I LSPosed-Bridge: 	at com.example.permlabel.requirePerm$1$2.afterHookedMethod(requirePerm.java:139)

08-10 06:49:28.549  1570  1722 I LSPosed-Bridge: 	at de.robv.android.xposed.XposedBridge$AdditionalHookInfo.callback(Unknown Source:147)

08-10 06:49:28.549  1570  1722 I LSPosed-Bridge: 	at LSPHooker_.checkPermission(Unknown Source:25)

08-10 06:49:28.549  1570  1722 I LSPosed-Bridge: 	at com.android.server.am.ActivityManagerService.isGetTasksAllowed(ActivityManagerService.java:10902)

08-10 06:49:28.549  1570  1722 I LSPosed-Bridge: 	at com.android.server.am.ActivityManagerService.getRunningAppProcesses(ActivityManagerService.java:16139)

08-10 06:49:28.549  1570  1722 I LSPosed-Bridge: 	at android.app.IActivityManager$Stub.onTransact(IActivityManager.java:1088)

08-10 06:49:28.549  1570  1722 I LSPosed-Bridge: 	at com.android.server.am.ActivityManagerService.onTransact(ActivityManagerService.java:3346)

08-10 06:49:28.549  1570  1722 I LSPosed-Bridge: 	at android.os.Binder.execTransact(Binder.java:731)

08-10 06:49:28.549 15186 15186 I LSPosed-Bridge: 15186 PermLabel hookBinder_test 10134 interfaceBinder =android.hardware.display.IDisplayManager; arg0 = 1; arg1 = android.os.Parcel@2f5b0f; arg2 = android.os.Parcel@e82879c; arg3 = 0; res = true; stacktrace=java.lang.Exception

08-10 06:49:28.549 15186 15186 I LSPosed-Bridge: 	at com.example.permlabel.hookBinder_test$1.afterHookedMethod(hookBinder_test.java:70)

08-10 06:49:28.549 15186 15186 I LSPosed-Bridge: 	at de.robv.android.xposed.XposedBridge$AdditionalHookInfo.callback(Unknown Source:147)

08-10 06:49:28.549 15186 15186 I LSPosed-Bridge: 	at LSPHooker_.transact(Unknown Source:28)

08-10 06:49:28.549 15186 15186 I LSPosed-Bridge: 	at android.hardware.display.IDisplayManager$Stub$Proxy.getDisplayInfo(IDisplayManager.java:404)

08-10 06:49:28.549 15186 15186 I LSPosed-Bridge: 	at android.hardware.display.DisplayManagerGlobal.getDisplayInfo(DisplayManagerGlobal.java:124)

08-10 06:49:28.549 15186 15186 I LSPosed-Bridge: 	at android.hardware.display.DisplayManagerGlobal.getCompatibleDisplay(DisplayManagerGlobal.java:199)

08-10 06:49:28.549 15186 15186 I LSPosed-Bridge: 	at android.app.ResourcesManager.getAdjustedDisplay(ResourcesManager.java:293)

08-10 06:49:28.549 15186 15186 I LSPosed-Bridge: 	at android.app.ContextImpl.getDisplay(ContextImpl.java:2223)

08-10 06:49:28.549 15186 15186 I LSPosed-Bridge: 	at android.view.WindowManagerImpl.getDefaultDisplay(WindowManagerImpl.java:149)

08-10 06:49:28.549 15186 15186 I LSPosed-Bridge: 	at com.google.android.gms.ads.internal.webview.ac.aI(:com.google.android.gms.policy_ads_fdr_dynamite@232400001@232400000057.538171701.538171701:138)

08-10 06:49:28.549 15186 15186 I LSPosed-Bridge: 	at com.google.android.gms.ads.internal.webview.ac.onGlobalLayout(:com.google.android.gms.policy_ads_fdr_dynamite@232400001@232400000057.538171701.538171701:1)

08-10 06:49:28.549 15186 15186 I LSPosed-Bridge: 	at android.view.ViewTreeObserver.dispatchOnGlobalLayout(ViewTreeObserver.java:945)

08-10 06:49:28.549 15186 15186 I LSPosed-Bridge: 	at android.view.ViewRootImpl.performTraversals(ViewRootImpl.java:2363)

08-10 06:49:28.549 15186 15186 I LSPosed-Bridge: 	at android.view.ViewRootImpl.doTraversal(ViewRootImpl.java:1465)

08-10 06:49:28.549 15186 15186 I LSPosed-Bridge: 	at android.view.ViewRootImpl$TraversalRunnable.run(ViewRootImpl.java:7205)

08-10 06:49:28.549 15186 15186 I LSPosed-Bridge: 	at android.view.Choreographer$CallbackRecord.run(Choreographer.java:1004)

08-10 06:49:28.549 15186 15186 I LSPosed-Bridge: 	at android.view.Choreographer.doCallbacks(Choreographer.java:816)

08-10 06:49:28.549 15186 15186 I LSPosed-Bridge: 	at android.view.Choreographer.doFrame(Choreographer.java:751)

08-10 06:49:28.549 15186 15186 I LSPosed-Bridge: 	at android.view.Choreographer$FrameDisplayEventReceiver.run(Choreographer.java:990)

08-10 06:49:28.549 15186 15186 I LSPosed-Bridge: 	at android.os.Handler.handleCallback(Handler.java:873)

08-10 06:49:28.549 15186 15186 I LSPosed-Bridge: 	at android.os.Handler.dispatchMessage(Handler.java:99)

08-10 06:49:28.549 15186 15186 I LSPosed-Bridge: 	at android.os.Looper.loop(Looper.java:193)

08-10 06:49:28.549 15186 15186 I LSPosed-Bridge: 	at android.app.ActivityThread.main(ActivityThread.java:6692)

08-10 06:49:28.549 15186 15186 I LSPosed-Bridge: 	at java.lang.reflect.Method.invoke(Native Method)

08-10 06:49:28.549 15186 15186 I LSPosed-Bridge: 	at com.android.internal.os.RuntimeInit$MethodAndArgsCaller.run(RuntimeInit.java:493)

08-10 06:49:28.549 15186 15186 I LSPosed-Bridge: 	at com.android.internal.os.ZygoteInit.main(ZygoteInit.java:858)

08-10 06:49:28.549 20021 20079 E HMSSDK_HMSPackageManager: PackagePriorityInfo list is null

08-10 06:49:31.911  1570  4570 I LSPosed-Bridge: 15186 PermLabel 10134 AMS.checkPermission: Binder.getCallingPid() = 15186; uid = 10134; Binder.getCallingUid() = 10134; getNameForUid: com.practice.ielts.listening.test; getPackagesForUid: [com.practice.ielts.listening.test]; permName: android.permission.GET_TASKS; type = 0; res = -1; stacktrace=java.lang.Exception

08-10 06:49:31.911  1570  4570 I LSPosed-Bridge: 	at com.example.permlabel.requirePerm$1$2.afterHookedMethod(requirePerm.java:139)

08-10 06:49:31.911  1570  4570 I LSPosed-Bridge: 	at de.robv.android.xposed.XposedBridge$AdditionalHookInfo.callback(Unknown Source:147)

08-10 06:49:31.911  1570  4570 I LSPosed-Bridge: 	at LSPHooker_.checkPermission(Unknown Source:25)

08-10 06:49:31.911  1570  4570 I LSPosed-Bridge: 	at com.android.server.am.ActivityManagerService.isGetTasksAllowed(ActivityManagerService.java:10902)

08-10 06:49:31.911  1570  4570 I LSPosed-Bridge: 	at com.android.server.am.ActivityManagerService.getRunningAppProcesses(ActivityManagerService.java:16139)

08-10 06:49:31.911  1570  4570 I LSPosed-Bridge: 	at android.app.IActivityManager$Stub.onTransact(IActivityManager.java:1088)

08-10 06:49:31.911  1570  4570 I LSPosed-Bridge: 	at com.android.server.am.ActivityManagerService.onTransact(ActivityManagerService.java:3346)

08-10 06:49:31.911  1570  4570 I LSPosed-Bridge: 	at android.os.Binder.execTransact(Binder.java:731)

08-10 06:50:19.784  1570  4601 I LSPosed-Bridge: 15186 PermLabel 10134 AMS.checkPermission: Binder.getCallingPid() = 15186; uid = 10134; Binder.getCallingUid() = 10134; getNameForUid: com.practice.ielts.listening.test; getPackagesForUid: [com.practice.ielts.listening.test]; permName: android.permission.GET_TASKS; type = 0; res = -1; stacktrace=java.lang.Exception

08-10 06:50:19.784  1570  4601 I LSPosed-Bridge: 	at com.example.permlabel.requirePerm$1$2.afterHookedMethod(requirePerm.java:139)

08-10 06:50:19.784  1570  4601 I LSPosed-Bridge: 	at de.robv.android.xposed.XposedBridge$AdditionalHookInfo.callback(Unknown Source:147)

08-10 06:50:19.784  1570  4601 I LSPosed-Bridge: 	at LSPHooker_.checkPermission(Unknown Source:25)

08-10 06:50:19.784  1570  4601 I LSPosed-Bridge: 	at com.android.server.am.ActivityManagerService.isGetTasksAllowed(ActivityManagerService.java:10902)

08-10 06:50:19.784  1570  4601 I LSPosed-Bridge: 	at com.android.server.am.ActivityManagerService.getRunningAppProcesses(ActivityManagerService.java:16139)

08-10 06:50:19.784  1570  4601 I LSPosed-Bridge: 	at android.app.IActivityManager$Stub.onTransact(IActivityManager.java:1088)

08-10 06:50:19.784  1570  4601 I LSPosed-Bridge: 	at com.android.server.am.ActivityManagerService.onTransact(ActivityManagerService.java:3346)

08-10 06:50:19.784  1570  4601 I LSPosed-Bridge: 	at android.os.Binder.execTransact(Binder.java:731)

08-10 06:50:20.096  1570  4575 I LSPosed-Bridge: 15186 PermLabel 10134 AMS.checkPermission: Binder.getCallingPid() = 15186; uid = 10134; Binder.getCallingUid() = 10134; getNameForUid: com.practice.ielts.listening.test; getPackagesForUid: [com.practice.ielts.listening.test]; permName: android.permission.GET_TASKS; type = 0; res = -1; stacktrace=java.lang.Exception

08-10 06:50:20.096  1570  4575 I LSPosed-Bridge: 	at com.example.permlabel.requirePerm$1$2.afterHookedMethod(requirePerm.java:139)

08-10 06:50:20.096  1570  4575 I LSPosed-Bridge: 	at de.robv.android.xposed.XposedBridge$AdditionalHookInfo.callback(Unknown Source:147)

08-10 06:50:20.096  1570  4575 I LSPosed-Bridge: 	at LSPHooker_.checkPermission(Unknown Source:25)

08-10 06:50:20.096  1570  4575 I LSPosed-Bridge: 	at com.android.server.am.ActivityManagerService.isGetTasksAllowed(ActivityManagerService.java:10902)

08-10 06:50:20.096  1570  4575 I LSPosed-Bridge: 	at com.android.server.am.ActivityManagerService.getRunningAppProcesses(ActivityManagerService.java:16139)

08-10 06:50:20.096  1570  4575 I LSPosed-Bridge: 	at android.app.IActivityManager$Stub.onTransact(IActivityManager.java:1088)

08-10 06:50:20.096  1570  4575 I LSPosed-Bridge: 	at com.android.server.am.ActivityManagerService.onTransact(ActivityManagerService.java:3346)

08-10 06:50:20.096  1570  4575 I LSPosed-Bridge: 	at android.os.Binder.execTransact(Binder.java:731)

08-10 06:50:20.096  1570  6569 I Adreno  : PFP: 0x005ff112, ME: 0x005ff066

08-10 06:50:20.096 15186 22550 I LSPosed-Bridge: 15186 PermLabel hookBinder_test 10134 interfaceBinder =android.os.IPowerManager; arg0 = 12; arg1 = android.os.Parcel@4efc413; arg2 = android.os.Parcel@c75de1; arg3 = 0; res = true; stacktrace=java.lang.Exception

08-10 06:50:20.096 15186 22550 I LSPosed-Bridge: 	at com.example.permlabel.hookBinder_test$1.afterHookedMethod(hookBinder_test.java:70)

08-10 06:50:20.096 15186 22550 I LSPosed-Bridge: 	at de.robv.android.xposed.XposedBridge$AdditionalHookInfo.callback(Unknown Source:147)

08-10 06:50:20.096 15186 22550 I LSPosed-Bridge: 	at LSPHooker_.transact(Unknown Source:28)

08-10 06:50:20.096 15186 22550 I LSPosed-Bridge: 	at android.os.IPowerManager$Stub$Proxy.isInteractive(IPowerManager.java:585)

08-10 06:50:20.096 15186 22550 I LSPosed-Bridge: 	at android.os.PowerManager.isInteractive(PowerManager.java:1082)

08-10 06:50:20.096 15186 22550 I LSPosed-Bridge: 	at com.google.android.gms.ads.nonagon.ad.activeview.f.a(:com.google.android.gms.policy_ads_fdr_dynamite@232400001@232400000057.538171701.538171701:118)

08-10 06:50:20.096 15186 22550 I LSPosed-Bridge: 	at com.google.android.gms.ads.nonagon.ad.activeview.j.g(:com.google.android.gms.policy_ads_fdr_dynamite@232400001@232400000057.538171701.538171701:36)

08-10 06:50:20.096 15186 22550 I LSPosed-Bridge: 	at com.google.android.gms.ads.nonagon.ad.activeview.j.bd(:com.google.android.gms.policy_ads_fdr_dynamite@232400001@232400000057.538171701.538171701:10)

08-10 06:50:20.096 15186 22550 I LSPosed-Bridge: 	at com.google.android.gms.ads.nonagon.ad.event.fp.a(:com.google.android.gms.policy_ads_fdr_dynamite@232400001@232400000057.538171701.538171701:5)

08-10 06:50:20.096 15186 22550 I LSPosed-Bridge: 	at com.google.android.gms.ads.nonagon.ad.event.du.run(:com.google.android.gms.policy_ads_fdr_dynamite@232400001@232400000057.538171701.538171701:5)

08-10 06:50:20.096 15186 22550 I LSPosed-Bridge: 	at java.util.concurrent.ThreadPoolExecutor.runWorker(ThreadPoolExecutor.java:1167)

08-10 06:50:20.096 15186 22550 I LSPosed-Bridge: 	at java.util.concurrent.ThreadPoolExecutor$Worker.run(ThreadPoolExecutor.java:641)

08-10 06:50:20.096 15186 22550 I LSPosed-Bridge: 	at java.lang.Thread.run(Thread.java:764)

08-10 06:50:23.548  1570  4605 I LSPosed-Bridge: 15186 PermLabel 10134 AMS.checkPermission: Binder.getCallingPid() = 15186; uid = 10134; Binder.getCallingUid() = 10134; getNameForUid: com.practice.ielts.listening.test; getPackagesForUid: [com.practice.ielts.listening.test]; permName: android.permission.GET_TASKS; type = 0; res = -1; stacktrace=java.lang.Exception

08-10 06:50:23.548  1570  4605 I LSPosed-Bridge: 	at com.example.permlabel.requirePerm$1$2.afterHookedMethod(requirePerm.java:139)

08-10 06:50:23.548  1570  4605 I LSPosed-Bridge: 	at de.robv.android.xposed.XposedBridge$AdditionalHookInfo.callback(Unknown Source:147)

08-10 06:50:23.548  1570  4605 I LSPosed-Bridge: 	at LSPHooker_.checkPermission(Unknown Source:25)

08-10 06:50:23.548  1570  4605 I LSPosed-Bridge: 	at com.android.server.am.ActivityManagerService.isGetTasksAllowed(ActivityManagerService.java:10902)

08-10 06:50:23.548  1570  4605 I LSPosed-Bridge: 	at com.android.server.am.ActivityManagerService.getRunningAppProcesses(ActivityManagerService.java:16139)

08-10 06:50:23.548  1570  4605 I LSPosed-Bridge: 	at android.app.IActivityManager$Stub.onTransact(IActivityManager.java:1088)

08-10 06:50:23.548  1570  4605 I LSPosed-Bridge: 	at com.android.server.am.ActivityManagerService.onTransact(ActivityManagerService.java:3346)

08-10 06:50:23.548  1570  4605 I LSPosed-Bridge: 	at android.os.Binder.execTransact(Binder.java:731)

08-10 06:50:29.608  1570  2118 I LSPosed-Bridge: 15186 PermLabel 10134 AMS.checkPermission: Binder.getCallingPid() = 15186; uid = 10134; Binder.getCallingUid() = 10134; getNameForUid: com.practice.ielts.listening.test; getPackagesForUid: [com.practice.ielts.listening.test]; permName: android.permission.GET_TASKS; type = 0; res = -1; stacktrace=java.lang.Exception

08-10 06:50:29.608  1570  2118 I LSPosed-Bridge: 	at com.example.permlabel.requirePerm$1$2.afterHookedMethod(requirePerm.java:139)

08-10 06:50:29.608  1570  2118 I LSPosed-Bridge: 	at de.robv.android.xposed.XposedBridge$AdditionalHookInfo.callback(Unknown Source:147)

08-10 06:50:29.608  1570  2118 I LSPosed-Bridge: 	at LSPHooker_.checkPermission(Unknown Source:25)

08-10 06:50:29.608  1570  2118 I LSPosed-Bridge: 	at com.android.server.am.ActivityManagerService.isGetTasksAllowed(ActivityManagerService.java:10902)

08-10 06:50:29.608  1570  2118 I LSPosed-Bridge: 	at com.android.server.am.ActivityManagerService.getRunningAppProcesses(ActivityManagerService.java:16139)

08-10 06:50:29.608  1570  2118 I LSPosed-Bridge: 	at android.app.IActivityManager$Stub.onTransact(IActivityManager.java:1088)

08-10 06:50:29.608  1570  2118 I LSPosed-Bridge: 	at com.android.server.am.ActivityManagerService.onTransact(ActivityManagerService.java:3346)

08-10 06:50:29.608  1570  2118 I LSPosed-Bridge: 	at android.os.Binder.execTransact(Binder.java:731)

08-10 06:50:29.608 15186 20768 I LSPosed-Bridge: 15186 PermLabel hookBinder_test 10134 interfaceBinder =; arg0 = 1; arg1 = android.os.Parcel@e7b5e4a; arg2 = android.os.Parcel@9fa386d; arg3 = 0; res = true; stacktrace=java.lang.Exception

08-10 06:50:29.608 15186 20768 I LSPosed-Bridge: 	at com.example.permlabel.hookBinder_test$1.afterHookedMethod(hookBinder_test.java:70)

08-10 06:50:29.608 15186 20768 I LSPosed-Bridge: 	at de.robv.android.xposed.XposedBridge$AdditionalHookInfo.callback(Unknown Source:147)

08-10 06:50:29.608 15186 20768 I LSPosed-Bridge: 	at LSPHooker_.transact(Unknown Source:28)

08-10 06:50:29.608 15186 20768 I LSPosed-Bridge: 	at android.os.ServiceManagerProxy.getService(ServiceManagerNative.java:125)

08-10 06:50:29.608 15186 20768 I LSPosed-Bridge: 	at android.os.ServiceManager.rawGetService(ServiceManager.java:253)

08-10 06:50:29.608 15186 20768 I LSPosed-Bridge: 	at android.os.ServiceManager.getService(ServiceManager.java:124)

08-10 06:50:29.608 15186 20768 I LSPosed-Bridge: 	at android.telephony.SubscriptionManager.getDefaultSubscriptionId(SubscriptionManager.java:1252)

08-10 06:50:29.608 15186 20768 I LSPosed-Bridge: 	at android.telephony.TelephonyManager.getSubId(TelephonyManager.java:4890)

08-10 06:50:29.608 15186 20768 I LSPosed-Bridge: 	at android.telephony.TelephonyManager.getPhoneId(TelephonyManager.java:4918)

08-10 06:50:29.608 15186 20768 I LSPosed-Bridge: 	at android.telephony.TelephonyManager.getNetworkOperator(TelephonyManager.java:1785)

08-10 06:50:29.608 15186 20768 I LSPosed-Bridge: 	at com.google.android.gms.ads.nonagon.signals.fx.call(:com.google.android.gms.policy_ads_fdr_dynamite@232400001@232400000057.538171701.538171701:13)

08-10 06:50:29.608 15186 20768 I LSPosed-Bridge: 	at btb.a(:com.google.android.gms.policy_ads_fdr_dynamite@232400001@232400000057.538171701.538171701:3)

08-10 06:50:29.608 15186 20768 I LSPosed-Bridge: 	at bsj.run(:com.google.android.gms.policy_ads_fdr_dynamite@232400001@232400000057.538171701.538171701:21)

08-10 06:50:29.608 15186 20768 I LSPosed-Bridge: 	at btc.run(:com.google.android.gms.policy_ads_fdr_dynamite@232400001@232400000057.538171701.538171701:5)

08-10 06:50:29.608 15186 20768 I LSPosed-Bridge: 	at java.util.concurrent.ThreadPoolExecutor.runWorker(ThreadPoolExecutor.java:1167)

08-10 06:50:29.608 15186 20768 I LSPosed-Bridge: 	at java.util.concurrent.ThreadPoolExecutor$Worker.run(ThreadPoolExecutor.java:641)

08-10 06:50:29.608 15186 20768 I LSPosed-Bridge: 	at java.lang.Thread.run(Thread.java:764)

08-10 06:50:29.608 15186 20599 I LSPosed-Bridge: 15186 PermLabel hookBinder_test 10134 interfaceBinder =android.app.IActivityManager; arg0 = 81; arg1 = android.os.Parcel@6b46eab; arg2 = android.os.Parcel@7cd6908; arg3 = 0; res = true; stacktrace=java.lang.Exception

08-10 06:50:29.608 15186 20599 I LSPosed-Bridge: 	at com.example.permlabel.hookBinder_test$1.afterHookedMethod(hookBinder_test.java:70)

08-10 06:50:29.608 15186 20599 I LSPosed-Bridge: 	at de.robv.android.xposed.XposedBridge$AdditionalHookInfo.callback(Unknown Source:147)

08-10 06:50:29.608 15186 20599 I LSPosed-Bridge: 	at LSPHooker_.transact(Unknown Source:28)

08-10 06:50:29.608 15186 20599 I LSPosed-Bridge: 	at android.app.IActivityManager$Stub$Proxy.getRunningAppProcesses(IActivityManager.java:5366)

08-10 06:50:29.608 15186 20599 I LSPosed-Bridge: 	at android.app.ActivityManager.getRunningAppProcesses(ActivityManager.java:3435)

08-10 06:50:29.608 15186 20599 I LSPosed-Bridge: 	at java.lang.reflect.Method.invoke(Native Method)

08-10 06:50:29.608 15186 20599 I LSPosed-Bridge: 	at org.lsposed.lspd.nativebridge.HookBridge.invokeOriginalMethod(Native Method)

08-10 06:50:29.608 15186 20599 I LSPosed-Bridge: 	at de.robv.android.xposed.XposedBridge$AdditionalHookInfo.callback(Unknown Source:110)

08-10 06:50:29.608 15186 20599 I LSPosed-Bridge: 	at LSPHooker_.getRunningAppProcesses(Unknown Source:8)

08-10 06:50:29.608 15186 20599 I LSPosed-Bridge: 	at com.google.ccc.abuse.droidguard.DroidGuard.xssNative(Native Method)

08-10 06:50:29.608 15186 20599 I LSPosed-Bridge: 	at com.google.ccc.abuse.droidguard.DroidGuard.xss(DroidGuard.java:542)

08-10 06:50:29.608 15186 20599 I LSPosed-Bridge: 	at java.lang.reflect.Method.invoke(Native Method)

08-10 06:50:29.608 15186 20599 I LSPosed-Bridge: 	at asd.j(:com.google.android.gms.policy_ads_fdr_dynamite@232400001@232400000057.538171701.538171701:40)

08-10 06:50:29.608 15186 20599 I LSPosed-Bridge: 	at asd.f(:com.google.android.gms.policy_ads_fdr_dynamite@232400001@232400000057.538171701.538171701:183)

08-10 06:50:29.608 15186 20599 I LSPosed-Bridge: 	at aef.f(:com.google.android.gms.policy_ads_fdr_dynamite@232400001@232400000057.538171701.538171701:38)

08-10 06:50:29.608 15186 20599 I LSPosed-Bridge: 	at com.google.android.gms.ads.internal.i.g(:com.google.android.gms.policy_ads_fdr_dynamite@232400001@232400000057.538171701.538171701:20)

08-10 06:50:29.608 15186 20599 I LSPosed-Bridge: 	at com.google.android.gms.ads.internal.i.f(:com.google.android.gms.policy_ads_fdr_dynamite@232400001@232400000057.538171701.538171701:2)

08-10 06:50:29.608 15186 20599 I LSPosed-Bridge: 	at com.google.android.gms.ads.nonagon.load.g.call(:com.google.android.gms.policy_ads_fdr_dynamite@232400001@232400000057.538171701.538171701:7)

08-10 06:50:29.608 15186 20599 I LSPosed-Bridge: 	at btb.a(:com.google.android.gms.policy_ads_fdr_dynamite@232400001@232400000057.538171701.538171701:3)

08-10 06:50:29.608 15186 20599 I LSPosed-Bridge: 	at bsj.run(:com.google.android.gms.policy_ads_fdr_dynamite@232400001@232400000057.538171701.538171701:21)

08-10 06:50:29.608 15186 20599 I LSPosed-Bridge: 	at btc.run(:com.google.android.gms.policy_ads_fdr_dynamite@232400001@232400000057.538171701.538171701:5)

08-10 06:50:29.608 15186 20599 I LSPosed-Bridge: 	at java.util.concurrent.ThreadPoolExecutor.runWorker(ThreadPoolExecutor.java:1167)

08-10 06:50:29.608 15186 20599 I LSPosed-Bridge: 	at java.util.concurrent.ThreadPoolExecutor$Worker.run(ThreadPoolExecutor.java:641)

08-10 06:50:29.608 15186 20599 I LSPosed-Bridge: 	at java.lang.Thread.run(Thread.java:764)

08-10 06:50:29.608 15186 20768 I LSPosed-Bridge: 15186 PermLabel hookBinder_test 10134 interfaceBinder =com.android.internal.telephony.ISub; arg0 = 20; arg1 = android.os.Parcel@9fa386d; arg2 = android.os.Parcel@e7b5e4a; arg3 = 0; res = true; stacktrace=java.lang.Exception

08-10 06:50:29.608 15186 20768 I LSPosed-Bridge: 	at com.example.permlabel.hookBinder_test$1.afterHookedMethod(hookBinder_test.java:70)

08-10 06:50:29.608 15186 20768 I LSPosed-Bridge: 	at de.robv.android.xposed.XposedBridge$AdditionalHookInfo.callback(Unknown Source:147)

08-10 06:50:29.608 15186 20768 I LSPosed-Bridge: 	at LSPHooker_.transact(Unknown Source:28)

08-10 06:50:29.608 15186 20768 I LSPosed-Bridge: 	at com.android.internal.telephony.ISub$Stub$Proxy.getDefaultSubId(ISub.java:847)

08-10 06:50:29.608 15186 20768 I LSPosed-Bridge: 	at android.telephony.SubscriptionManager.getDefaultSubscriptionId(SubscriptionManager.java:1254)

08-10 06:50:29.608 15186 20768 I LSPosed-Bridge: 	at android.telephony.TelephonyManager.getSubId(TelephonyManager.java:4890)

08-10 06:50:29.608 15186 20768 I LSPosed-Bridge: 	at android.telephony.TelephonyManager.getPhoneId(TelephonyManager.java:4918)

08-10 06:50:29.608 15186 20768 I LSPosed-Bridge: 	at android.telephony.TelephonyManager.getNetworkOperator(TelephonyManager.java:1785)

08-10 06:50:29.608 15186 20768 I LSPosed-Bridge: 	at com.google.android.gms.ads.nonagon.signals.fx.call(:com.google.android.gms.policy_ads_fdr_dynamite@232400001@232400000057.538171701.538171701:13)

08-10 06:50:29.608 15186 20768 I LSPosed-Bridge: 	at btb.a(:com.google.android.gms.policy_ads_fdr_dynamite@232400001@232400000057.538171701.538171701:3)

08-10 06:50:29.608 15186 20768 I LSPosed-Bridge: 	at bsj.run(:com.google.android.gms.policy_ads_fdr_dynamite@232400001@232400000057.538171701.538171701:21)

08-10 06:50:29.608 15186 20768 I LSPosed-Bridge: 	at btc.run(:com.google.android.gms.policy_ads_fdr_dynamite@232400001@232400000057.538171701.538171701:5)

08-10 06:50:29.608 15186 20768 I LSPosed-Bridge: 	at java.util.concurrent.ThreadPoolExecutor.runWorker(ThreadPoolExecutor.java:1167)

08-10 06:50:29.608 15186 20768 I LSPosed-Bridge: 	at java.util.concurrent.ThreadPoolExecutor$Worker.run(ThreadPoolExecutor.java:641)

08-10 06:50:29.608 15186 20768 I LSPosed-Bridge: 	at java.lang.Thread.run(Thread.java:764)

08-10 06:50:29.608 15186 20599 I LSPosed-Bridge: 15186 PermLabel getRunningAppProcesses =android.app.ActivityManager$RunningAppProcessInfo@27bfd52

08-10 06:50:29.608 15186 20599 I LSPosed-Bridge: 15186 PermLabel getRunningAppProcesses processName: com.practice.ielts.listening.test pid: 15186

08-10 06:50:29.608 15186 20599 I LSPosed-Bridge: 15186 PermLabel getRunningAppProcesses importance: 100 pid: 15186

08-10 06:50:29.608 15186 20599 I LSPosed-Bridge: 15186 PermLabel getRunningAppProcesses packageName com.practice.ielts.listening.test at index 0 in process 15186

08-10 06:50:29.608 15186 15186 I LSPosed-Bridge: 15186 PermLabel hookBinder_test 10134 interfaceBinder =android.content.pm.IPackageManager; arg0 = 14; arg1 = android.os.Parcel@ca658a1; arg2 = android.os.Parcel@f5afac6; arg3 = 0; res = true; stacktrace=java.lang.Exception

08-10 06:50:29.608 15186 15186 I LSPosed-Bridge: 	at com.example.permlabel.hookBinder_test$1.afterHookedMethod(hookBinder_test.java:70)

08-10 06:50:29.608 15186 15186 I LSPosed-Bridge: 	at de.robv.android.xposed.XposedBridge$AdditionalHookInfo.callback(Unknown Source:147)

08-10 06:50:29.608 15186 15186 I LSPosed-Bridge: 	at LSPHooker_.transact(Unknown Source:28)

08-10 06:50:29.608 15186 15186 I LSPosed-Bridge: 	at android.content.pm.IPackageManager$Stub$Proxy.getActivityInfo(IPackageManager.java:3135)

08-10 06:50:29.608 15186 15186 I LSPosed-Bridge: 	at android.app.ApplicationPackageManager.getActivityInfo(ApplicationPackageManager.java:427)

08-10 06:50:29.608 15186 15186 I LSPosed-Bridge: 	at com.google.android.gms.ads.nonagon.util.appstats.c.b(:com.google.android.gms.policy_ads_fdr_dynamite@232400001@232400000057.538171701.538171701:159)

08-10 06:50:29.608 15186 15186 I LSPosed-Bridge: 	at com.google.android.gms.ads.nonagon.signals.aw.b(:com.google.android.gms.policy_ads_fdr_dynamite@232400001@232400000057.538171701.538171701:56)

08-10 06:50:29.608 15186 15186 I LSPosed-Bridge: 	at com.google.android.gms.ads.nonagon.signals.fq.a(:com.google.android.gms.policy_ads_fdr_dynamite@232400001@232400000057.538171701.538171701:108)

08-10 06:50:29.608 15186 15186 I LSPosed-Bridge: 	at com.google.android.gms.ads.nonagon.ad.common.ci.a(:com.google.android.gms.policy_ads_fdr_dynamite@232400001@232400000057.538171701.538171701:12)

08-10 06:50:29.608 15186 15186 I LSPosed-Bridge: 	at com.google.android.gms.ads.nonagon.ad.common.ci.b(:com.google.android.gms.policy_ads_fdr_dynamite@232400001@232400000057.538171701.538171701:1)

08-10 06:50:29.608 15186 15186 I LSPosed-Bridge: 	at com.google.android.gms.ads.nonagon.ad.common.ai.d(:com.google.android.gms.policy_ads_fdr_dynamite@232400001@232400000057.538171701.538171701:16)

08-10 06:50:29.608 15186 15186 I LSPosed-Bridge: 	at com.google.android.gms.ads.nonagon.ad.common.ai.b(:com.google.android.gms.policy_ads_fdr_dynamite@232400001@232400000057.538171701.538171701:1)

08-10 06:50:29.608 15186 15186 I LSPosed-Bridge: 	at com.google.android.gms.ads.nonagon.slot.common.q.d(:com.google.android.gms.policy_ads_fdr_dynamite@232400001@232400000057.538171701.538171701:27)

08-10 06:50:29.608 15186 15186 I LSPosed-Bridge: 	at com.google.android.gms.ads.nonagon.slot.common.q.c(:com.google.android.gms.policy_ads_fdr_dynamite@232400001@232400000057.538171701.538171701:2)

08-10 06:50:29.608 15186 15186 I LSPosed-Bridge: 	at com.google.android.gms.ads.nonagon.slot.appopen.f.d(:com.google.android.gms.policy_ads_fdr_dynamite@232400001@232400000057.538171701.538171701:213)

08-10 06:50:29.608 15186 15186 I LSPosed-Bridge: 	at com.google.android.gms.ads.nonagon.slot.appopen.interstitial.e.L(:com.google.android.gms.policy_ads_fdr_dynamite@232400001@232400000057.538171701.538171701:116)

08-10 06:50:29.608 15186 15186 I LSPosed-Bridge: 	at com.google.android.gms.ads.nonagon.shim.ab.L(:com.google.android.gms.policy_ads_fdr_dynamite@232400001@232400000057.538171701.538171701:3)

08-10 06:50:29.608 15186 15186 I LSPosed-Bridge: 	at com.google.android.gms.ads.internal.client.bf.bN(:com.google.android.gms.policy_ads_fdr_dynamite@232400001@232400000057.538171701.538171701:842)

08-10 06:50:29.608 15186 15186 I LSPosed-Bridge: 	at agd.onTransact(:com.google.android.gms.policy_ads_fdr_dynamite@232400001@232400000057.538171701.538171701:21)

08-10 06:50:29.608 15186 15186 I LSPosed-Bridge: 	at android.os.Binder.transact(Binder.java:667)

08-10 06:50:29.608 15186 15186 I LSPosed-Bridge: 	at com.google.android.gms.internal.ads.zzasg.zzbk(com.google.android.gms:play-services-ads-base@@21.5.0:2)

08-10 06:50:29.608 15186 15186 I LSPosed-Bridge: 	at com.google.android.gms.ads.internal.client.zzbs.zzaa(com.google.android.gms:play-services-ads-lite@@21.5.0:3)

08-10 06:50:29.608 15186 15186 I LSPosed-Bridge: 	at com.google.android.gms.internal.ads.zzbdy.zza(com.google.android.gms:play-services-ads-lite@@21.5.0:7)

08-10 06:50:29.608 15186 15186 I LSPosed-Bridge: 	at com.google.android.gms.ads.appopen.AppOpenAd.load(com.google.android.gms:play-services-ads-lite@@21.5.0:21)

08-10 06:50:29.608 15186 15186 I LSPosed-Bridge: 	at com.dungtq.englishvietnamesedictionary.utility.AdmobUtils.AppOpenManager.fetchAd(AppOpenManager.java:55)

08-10 06:50:29.608 15186 15186 I LSPosed-Bridge: 	at com.dungtq.englishvietnamesedictionary.utility.AdmobUtils.AppOpenManager$2.onAdDismissedFullScreenContent(AppOpenManager.java:131)

08-10 06:50:29.608 15186 15186 I LSPosed-Bridge: 	at com.google.android.gms.internal.ads.zzbdn.zzc(com.google.android.gms:play-services-ads-lite@@21.5.0:1)

08-10 06:50:29.608 15186 15186 I LSPosed-Bridge: 	at com.google.android.gms.internal.ads.zzbdw.zzbK(com.google.android.gms:play-services-ads-lite@@21.5.0:6)

08-10 06:50:29.608 15186 15186 I LSPosed-Bridge: 	at com.google.android.gms.internal.ads.zzash.onTransact(com.google.android.gms:play-services-ads-base@@21.5.0:3)

08-10 06:50:29.608 15186 15186 I LSPosed-Bridge: 	at android.os.Binder.transact(Binder.java:667)

08-10 06:50:29.608 15186 15186 I LSPosed-Bridge: 	at agc.ba(:com.google.android.gms.policy_ads_fdr_dynamite@232400001@232400000057.538171701.538171701:8)

08-10 06:50:29.608 15186 15186 I LSPosed-Bridge: 	at com.google.android.gms.ads.internal.appopen.client.h.f(:com.google.android.gms.policy_ads_fdr_dynamite@232400001@232400000057.538171701.5381

08-10 06:50:57.200  1570  4582 I LSPosed-Bridge: 15186 PermLabel 10134 AMS.checkPermission: Binder.getCallingPid() = 15186; uid = 10134; Binder.getCallingUid() = 10134; getNameForUid: com.practice.ielts.listening.test; getPackagesForUid: [com.practice.ielts.listening.test]; permName: android.permission.GET_TASKS; type = 0; res = -1; stacktrace=java.lang.Exception

08-10 06:50:57.200  1570  4582 I LSPosed-Bridge: 	at com.example.permlabel.requirePerm$1$2.afterHookedMethod(requirePerm.java:139)

08-10 06:50:57.200  1570  4582 I LSPosed-Bridge: 	at de.robv.android.xposed.XposedBridge$AdditionalHookInfo.callback(Unknown Source:147)

08-10 06:50:57.200  1570  4582 I LSPosed-Bridge: 	at LSPHooker_.checkPermission(Unknown Source:25)

08-10 06:50:57.200  1570  4582 I LSPosed-Bridge: 	at com.android.server.am.ActivityManagerService.isGetTasksAllowed(ActivityManagerService.java:10902)

08-10 06:50:57.200  1570  4582 I LSPosed-Bridge: 	at com.android.server.am.ActivityManagerService.getRunningAppProcesses(ActivityManagerService.java:16139)

08-10 06:50:57.200  1570  4582 I LSPosed-Bridge: 	at android.app.IActivityManager$Stub.onTransact(IActivityManager.java:1088)

08-10 06:50:57.200  1570  4582 I LSPosed-Bridge: 	at com.android.server.am.ActivityManagerService.onTransact(ActivityManagerService.java:3346)

08-10 06:50:57.200  1570  4582 I LSPosed-Bridge: 	at android.os.Binder.execTransact(Binder.java:731)

08-10 06:50:57.200 15186 15186 I LSPosed-Bridge: 15186 PermLabel hookBinder_test 10134 interfaceBinder =android.app.IActivityManager; arg0 = 81; arg1 = android.os.Parcel@363085d; arg2 = android.os.Parcel@5db7e85; arg3 = 0; res = true; stacktrace=java.lang.Exception

08-10 06:50:57.200 15186 15186 I LSPosed-Bridge: 	at com.example.permlabel.hookBinder_test$1.afterHookedMethod(hookBinder_test.java:70)

08-10 06:50:57.200 15186 15186 I LSPosed-Bridge: 	at de.robv.android.xposed.XposedBridge$AdditionalHookInfo.callback(Unknown Source:147)

08-10 06:50:57.200 15186 15186 I LSPosed-Bridge: 	at LSPHooker_.transact(Unknown Source:28)

08-10 06:50:57.200 15186 15186 I LSPosed-Bridge: 	at android.app.IActivityManager$Stub$Proxy.getRunningAppProcesses(IActivityManager.java:5366)

08-10 06:50:57.200 15186 15186 I LSPosed-Bridge: 	at android.app.ActivityManager.getRunningAppProcesses(ActivityManager.java:3435)

08-10 06:50:57.200 15186 15186 I LSPosed-Bridge: 	at java.lang.reflect.Method.invoke(Native Method)

08-10 06:50:57.200 15186 15186 I LSPosed-Bridge: 	at org.lsposed.lspd.nativebridge.HookBridge.invokeOriginalMethod(Native Method)

08-10 06:50:57.200 15186 15186 I LSPosed-Bridge: 	at de.robv.android.xposed.XposedBridge$AdditionalHookInfo.callback(Unknown Source:110)

08-10 06:50:57.200 15186 15186 I LSPosed-Bridge: 	at LSPHooker_.getRunningAppProcesses(Unknown Source:8)

08-10 06:50:57.200 15186 15186 I LSPosed-Bridge: 	at com.google.android.gms.ads.internal.util.q.z(:com.google.android.gms.policy_ads_fdr_dynamite@232400001@232400000057.538171701.538171701:23)

08-10 06:50:57.200 15186 15186 I LSPosed-Bridge: 	at com.google.android.gms.ads.internal.appopen.client.b.f(:com.google.android.gms.policy_ads_fdr_dynamite@232400001@232400000057.538171701.538171701:50)

08-10 06:50:57.200 15186 15186 I LSPosed-Bridge: 	at com.google.android.gms.ads.internal.appopen.client.b.bN(:com.google.android.gms.policy_ads_fdr_dynamite@232400001@232400000057.538171701.538171701:156)

08-10 06:50:57.200 15186 15186 I LSPosed-Bridge: 	at agd.onTransact(:com.google.android.gms.policy_ads_fdr_dynamite@232400001@232400000057.538171701.538171701:21)

08-10 06:50:57.200 15186 15186 I LSPosed-Bridge: 	at android.os.Binder.transact(Binder.java:667)

08-10 06:50:57.200 15186 15186 I LSPosed-Bridge: 	at com.google.android.gms.internal.ads.zzasg.zzbl(com.google.android.gms:play-services-ads-base@@21.5.0:2)

08-10 06:50:57.200 15186 15186 I LSPosed-Bridge: 	at com.google.android.gms.internal.ads.zzbdo.zzi(com.google.android.gms:play-services-ads-lite@@21.5.0:4)

08-10 06:50:57.200 15186 15186 I LSPosed-Bridge: 	at com.google.android.gms.internal.ads.zzbdm.show(com.google.android.gms:play-services-ads-lite@@21.5.0:1)

08-10 06:50:57.200 15186 15186 I LSPosed-Bridge: 	at com.dungtq.englishvietnamesedictionary.utility.AdmobUtils.AppOpenManager.showAdIfAvailable(AppOpenManager.java:151)

08-10 06:50:57.200 15186 15186 I LSPosed-Bridge: 	at com.dungtq.englishvietnamesedictionary.utility.AdmobUtils.AppOpenManager.onStart(AppOpenManager.java:175)

08-10 06:50:57.200 15186 15186 I LSPosed-Bridge: 	at com.dungtq.englishvietnamesedictionary.utility.AdmobUtils.AppOpenManager_LifecycleAdapter.callMethods(AppOpenManager_LifecycleAdapter.java:25)

08-10 06:50:57.200 15186 15186 I LSPosed-Bridge: 	at androidx.lifecycle.SingleGeneratedAdapterObserver.onStateChanged(SingleGeneratedAdapterObserver.java:31)

08-10 06:50:57.200 15186 15186 I LSPosed-Bridge: 	at androidx.lifecycle.LifecycleRegistry$ObserverWithState.dispatchEvent(LifecycleRegistry.java:354)

08-10 06:50:57.200 15186 15186 I LSPosed-Bridge: 	at androidx.lifecycle.LifecycleRegistry.forwardPass(LifecycleRegistry.java:265)

08-10 06:50:57.200 15186 15186 I LSPosed-Bridge: 	at androidx.lifecycle.LifecycleRegistry.sync(LifecycleRegistry.java:307)

08-10 06:50:57.200 15186 15186 I LSPosed-Bridge: 	at androidx.lifecycle.LifecycleRegistry.moveToState(LifecycleRegistry.java:148)

08-10 06:50:57.200 15186 15186 I LSPosed-Bridge: 	at androidx.lifecycle.LifecycleRegistry.handleLifecycleEvent(LifecycleRegistry.java:134)

08-10 06:50:57.200 15186 15186 I LSPosed-Bridge: 	at androidx.lifecycle.ProcessLifecycleOwner.activityStarted(ProcessLifecycleOwner.java:108)

08-10 06:50:57.200 15186 15186 I LSPosed-Bridge: 	at androidx.lifecycle.ProcessLifecycleOwner$2.onStart(ProcessLifecycleOwner.java:80)

08-10 06:50:57.200 15186 15186 I LSPosed-Bridge: 	at androidx.lifecycle.ReportFragment.dispatchStart(ReportFragment.java:88)

08-10 06:50:57.200 15186 15186 I LSPosed-Bridge: 	at androidx.lifecycle.ReportFragment.onStart(ReportFragment.java:108)

08-10 06:50:57.200 15186 15186 I LSPosed-Bridge: 	at android.app.Fragment.performStart(Fragment.java:2548)

08-10 06:50:57.200 15186 15186 I LSPosed-Bridge: 	at android.app.FragmentManagerImpl.moveToState(FragmentManager.java:1334)

08-10 06:50:57.200 15186 15186 I LSPosed-Bridge: 	at android.app.FragmentManagerImpl.moveFragmentToExpectedState(FragmentManager.java:1576)

08-10 06:50:57.200 15186 15186 I LSPosed-Bridge: 	at android.app.FragmentManagerImpl.moveToState(FragmentManager.java:1637)

08-10 06:50:57.200 15186 15186 I LSPosed-Bridge: 	at android.app.FragmentManagerImpl.dispatchMoveToState(FragmentManager.java:3046)

08-10 06:50:57.200 15186 15186 I LSPosed-Bridge: 	at android.app.FragmentManagerImpl.dispatchStart(FragmentManager.java:3003)

08-10 06:50:57.200 15186 15186 I LSPosed-Bridge: 	at android.app.FragmentController.dispatchStart(FragmentController.java:193)

08-10 06:50:57.200 15186 15186 I LSPosed-Bridge: 	at android.app.Activity.performStart(Activity.java:7165)

08-10 06:50:57.200 15186 15186 I LSPosed-Bridge: 	at android.app.ActivityThread.handleStartActivity(ActivityThread.java:2938)

08-10 06:50:57.200 15186 15186 I LSPosed-Bridge: 	at android.app.servertransaction.TransactionExecutor.performLifecycleSequence(TransactionExecutor.java:180)

08-10 06:50:57.200 15186 15186 I LSPosed-Bridge: 	at android.app.servertransaction.TransactionExecutor.cycleToPath(TransactionExecutor.java:165)

08-10 06:50:57.200 15186 15186 I LSPosed-Bridge: 	at android.app.servertransaction.TransactionExecutor.executeLifecycleState(TransactionExecutor.java:142)

08-10 06:50:57.200 15186 15186 I LSPosed-Bridge: 	a

08-10 06:50:57.554 20021 20461 I HMSSDK_HuaweiApiManager: onConnectionFailed

08-10 06:50:57.554  1570  4570 I LSPosed-Bridge: 15186 PermLabel 10134 AMS.checkPermission: Binder.getCallingPid() = 15186; uid = 10134; Binder.getCallingUid() = 10134; getNameForUid: com.practice.ielts.listening.test; getPackagesForUid: [com.practice.ielts.listening.test]; permName: android.permission.GET_TASKS; type = 0; res = -1; stacktrace=java.lang.Exception

08-10 06:50:57.554  1570  4570 I LSPosed-Bridge: 	at com.example.permlabel.requirePerm$1$2.afterHookedMethod(requirePerm.java:139)

08-10 06:50:57.554  1570  4570 I LSPosed-Bridge: 	at de.robv.android.xposed.XposedBridge$AdditionalHookInfo.callback(Unknown Source:147)

08-10 06:50:57.554  1570  4570 I LSPosed-Bridge: 	at LSPHooker_.checkPermission(Unknown Source:25)

08-10 06:50:57.554  1570  4570 I LSPosed-Bridge: 	at com.android.server.am.ActivityManagerService.isGetTasksAllowed(ActivityManagerService.java:10902)

08-10 06:50:57.554  1570  4570 I LSPosed-Bridge: 	at com.android.server.am.ActivityManagerService.getRunningAppProcesses(ActivityManagerService.java:16139)

08-10 06:50:57.554  1570  4570 I LSPosed-Bridge: 	at android.app.IActivityManager$Stub.onTransact(IActivityManager.java:1088)

08-10 06:50:57.554  1570  4570 I LSPosed-Bridge: 	at com.android.server.am.ActivityManagerService.onTransact(ActivityManagerService.java:3346)

08-10 06:50:57.554  1570  4570 I LSPosed-Bridge: 	at android.os.Binder.execTransact(Binder.java:731)

08-10 06:50:57.554 20021 20461 I HMSSDK_Util: available exist: true

08-10 06:51:01.173  1570  4601 I LSPosed-Bridge: 15186 PermLabel 10134 AMS.checkPermission: Binder.getCallingPid() = 15186; uid = 10134; Binder.getCallingUid() = 10134; getNameForUid: com.practice.ielts.listening.test; getPackagesForUid: [com.practice.ielts.listening.test]; permName: android.permission.GET_TASKS; type = 0; res = -1; stacktrace=java.lang.Exception

08-10 06:51:01.173  1570  4601 I LSPosed-Bridge: 	at com.example.permlabel.requirePerm$1$2.afterHookedMethod(requirePerm.java:139)

08-10 06:51:01.173  1570  4601 I LSPosed-Bridge: 	at de.robv.android.xposed.XposedBridge$AdditionalHookInfo.callback(Unknown Source:147)

08-10 06:51:01.173  1570  4601 I LSPosed-Bridge: 	at LSPHooker_.checkPermission(Unknown Source:25)

08-10 06:51:01.173  1570  4601 I LSPosed-Bridge: 	at com.android.server.am.ActivityManagerService.isGetTasksAllowed(ActivityManagerService.java:10902)

08-10 06:51:01.173  1570  4601 I LSPosed-Bridge: 	at com.android.server.am.ActivityManagerService.getRunningAppProcesses(ActivityManagerService.java:16139)

08-10 06:51:01.173  1570  4601 I LSPosed-Bridge: 	at android.app.IActivityManager$Stub.onTransact(IActivityManager.java:1088)

08-10 06:51:01.173  1570  4601 I LSPosed-Bridge: 	at com.android.server.am.ActivityManagerService.onTransact(ActivityManagerService.java:3346)

08-10 06:51:01.173  1570  4601 I LSPosed-Bridge: 	at android.os.Binder.execTransact(Binder.java:731)

08-10 06:51:06.827  1570  2118 I LSPosed-Bridge: 15186 PermLabel 10134 AMS.checkPermission: Binder.getCallingPid() = 15186; uid = 10134; Binder.getCallingUid() = 10134; getNameForUid: com.practice.ielts.listening.test; getPackagesForUid: [com.practice.ielts.listening.test]; permName: com.google.android.gms.permission.AD_ID; type = 0; res = 0; stacktrace=java.lang.Exception

08-10 06:51:06.827  1570  2118 I LSPosed-Bridge: 	at com.example.permlabel.requirePerm$1$2.afterHookedMethod(requirePerm.java:139)

08-10 06:51:06.827  1570  2118 I LSPosed-Bridge: 	at de.robv.android.xposed.XposedBridge$AdditionalHookInfo.callback(Unknown Source:147)

08-10 06:51:06.827  1570  2118 I LSPosed-Bridge: 	at LSPHooker_.checkPermission(Unknown Source:25)

08-10 06:51:06.827  1570  2118 I LSPosed-Bridge: 	at android.app.IActivityManager$Stub.onTransact(IActivityManager.java:664)

08-10 06:51:06.827  1570  2118 I LSPosed-Bridge: 	at com.android.server.am.ActivityManagerService.onTransact(ActivityManagerService.java:3346)

08-10 06:51:06.827  1570  2118 I LSPosed-Bridge: 	at android.os.Binder.execTransact(Binder.java:731)

08-10 06:51:06.827  1570  4570 I LSPosed-Bridge: 15186 PermLabel 10134 AMS.checkPermission: Binder.getCallingPid() = 15186; uid = 10134; Binder.getCallingUid() = 10134; getNameForUid: com.practice.ielts.listening.test; getPackagesForUid: [com.practice.ielts.listening.test]; permName: android.permission.GET_TASKS; type = 0; res = -1; stacktrace=java.lang.Exception

08-10 06:51:06.827  1570  4570 I LSPosed-Bridge: 	at com.example.permlabel.requirePerm$1$2.afterHookedMethod(requirePerm.java:139)

08-10 06:51:06.827  1570  4570 I LSPosed-Bridge: 	at de.robv.android.xposed.XposedBridge$AdditionalHookInfo.callback(Unknown Source:147)

08-10 06:51:06.827  1570  4570 I LSPosed-Bridge: 	at LSPHooker_.checkPermission(Unknown Source:25)

08-10 06:51:06.827  1570  4570 I LSPosed-Bridge: 	at com.android.server.am.ActivityManagerService.isGetTasksAllowed(ActivityManagerService.java:10902)

08-10 06:51:06.827  1570  4570 I LSPosed-Bridge: 	at com.android.server.am.ActivityManagerService.getRunningAppProcesses(ActivityManagerService.java:16139)

08-10 06:51:06.827  1570  4570 I LSPosed-Bridge: 	at android.app.IActivityManager$Stub.onTransact(IActivityManager.java:1088)

08-10 06:51:06.827  1570  4570 I LSPosed-Bridge: 	at com.android.server.am.ActivityManagerService.onTransact(ActivityManagerService.java:3346)

08-10 06:51:06.827  1570  4570 I LSPosed-Bridge: 	at android.os.Binder.execTransact(Binder.java:731)

08-10 06:51:06.827 15186 24006 I LSPosed-Bridge: 15186 PermLabel hookBinder_test 10134 interfaceBinder =android.app.IActivityManager; arg0 = 81; arg1 = android.os.Parcel@fee4fe0; arg2 = android.os.Parcel@c0e7299; arg3 = 0; res = true; stacktrace=java.lang.Exception

08-10 06:51:06.827 15186 24006 I LSPosed-Bridge: 	at com.example.permlabel.hookBinder_test$1.afterHookedMethod(hookBinder_test.java:70)

08-10 06:51:06.827 15186 24006 I LSPosed-Bridge: 	at de.robv.android.xposed.XposedBridge$AdditionalHookInfo.callback(Unknown Source:147)

08-10 06:51:06.827 15186 24006 I LSPosed-Bridge: 	at LSPHooker_.transact(Unknown Source:28)

08-10 06:51:06.827 15186 24006 I LSPosed-Bridge: 	at android.app.IActivityManager$Stub$Proxy.getRunningAppProcesses(IActivityManager.java:5366)

08-10 06:51:06.827 15186 24006 I LSPosed-Bridge: 	at android.app.ActivityManager.getRunningAppProcesses(ActivityManager.java:3435)

08-10 06:51:06.827 15186 24006 I LSPosed-Bridge: 	at java.lang.reflect.Method.invoke(Native Method)

08-10 06:51:06.827 15186 24006 I LSPosed-Bridge: 	at org.lsposed.lspd.nativebridge.HookBridge.invokeOriginalMethod(Native Method)

08-10 06:51:06.827 15186 24006 I LSPosed-Bridge: 	at de.robv.android.xposed.XposedBridge$AdditionalHookInfo.callback(Unknown Source:110)

08-10 06:51:06.827 15186 24006 I LSPosed-Bridge: 	at LSPHooker_.getRunningAppProcesses(Unknown Source:8)

08-10 06:51:06.827 15186 24006 I LSPosed-Bridge: 	at com.google.ccc.abuse.droidguard.DroidGuard.xssNative(Native Method)

08-10 06:51:06.827 15186 24006 I LSPosed-Bridge: 	at com.google.ccc.abuse.droidguard.DroidGuard.xss(DroidGuard.java:542)

08-10 06:51:06.827 15186 24006 I LSPosed-Bridge: 	at java.lang.reflect.Method.invoke(Native Method)

08-10 06:51:06.827 15186 24006 I LSPosed-Bridge: 	at asd.j(:com.google.android.gms.policy_ads_fdr_dynamite@232400001@232400000057.538171701.538171701:40)

08-10 06:51:06.827 15186 24006 I LSPosed-Bridge: 	at asd.f(:com.google.android.gms.policy_ads_fdr_dynamite@232400001@232400000057.538171701.538171701:183)

08-10 06:51:06.827 15186 24006 I LSPosed-Bridge: 	at aef.f(:com.google.android.gms.policy_ads_fdr_dynamite@232400001@232400000057.538171701.538171701:38)

08-10 06:51:06.827 15186 24006 I LSPosed-Bridge: 	at com.google.android.gms.ads.internal.i.g(:com.google.android.gms.policy_ads_fdr_dynamite@232400001@232400000057.538171701.538171701:20)

08-10 06:51:06.827 15186 24006 I LSPosed-Bridge: 	at com.google.android.gms.ads.internal.i.f(:com.google.android.gms.policy_ads_fdr_dynamite@232400001@232400000057.538171701.538171701:2)

08-10 06:51:06.827 15186 24006 I LSPosed-Bridge: 	at com.google.android.gms.ads.nonagon.load.g.call(:com.google.android.gms.policy_ads_fdr_dynamite@232400001@232400000057.538171701.538171701:7)

08-10 06:51:06.827 15186 24006 I LSPosed-Bridge: 	at btb.a(:com.google.android.gms.policy_ads_fdr_dynamite@232400001@232400000057.538171701.538171701:3)

08-10 06:51:06.827 15186 24006 I LSPosed-Bridge: 	at bsj.run(:com.google.android.gms.policy_ads_fdr_dynamite@232400001@232400000057.538171701.538171701:21)

08-10 06:51:06.827 15186 24006 I LSPosed-Bridge: 	at btc.run(:com.google.android.gms.policy_ads_fdr_dynamite@232400001@232400000057.538171701.538171701:5)

08-10 06:51:06.827 15186 24006 I LSPosed-Bridge: 	at java.util.concurrent.ThreadPoolExecutor.runWorker(ThreadPoolExecutor.java:1167)

08-10 06:51:06.827 15186 24006 I LSPosed-Bridge: 	at java.util.concurrent.ThreadPoolExecutor$Worker.run(ThreadPoolExecutor.java:641)

