08-10 07:02:01.819  1570  4599 I LSPosed-Bridge: 15186 PermLabel 10134 AMS.checkPermission: Binder.getCallingPid() = 15186; uid = 10134; Binder.getCallingUid() = 10134; getNameForUid: com.practice.ielts.listening.test; getPackagesForUid: [com.practice.ielts.listening.test]; permName: android.permission.GET_TASKS; type = 0; res = -1; stacktrace=java.lang.Exception

08-10 07:02:01.819  1570  4599 I LSPosed-Bridge: 	at com.example.permlabel.requirePerm$1$2.afterHookedMethod(requirePerm.java:139)

08-10 07:02:01.819  1570  4599 I LSPosed-Bridge: 	at de.robv.android.xposed.XposedBridge$AdditionalHookInfo.callback(Unknown Source:147)

08-10 07:02:01.819  1570  4599 I LSPosed-Bridge: 	at LSPHooker_.checkPermission(Unknown Source:25)

08-10 07:02:01.819  1570  4599 I LSPosed-Bridge: 	at com.android.server.am.ActivityManagerService.isGetTasksAllowed(ActivityManagerService.java:10902)

08-10 07:02:01.819  1570  4599 I LSPosed-Bridge: 	at com.android.server.am.ActivityManagerService.getRunningAppProcesses(ActivityManagerService.java:16139)

08-10 07:02:01.819  1570  4599 I LSPosed-Bridge: 	at android.app.IActivityManager$Stub.onTransact(IActivityManager.java:1088)

08-10 07:02:01.819  1570  4599 I LSPosed-Bridge: 	at com.android.server.am.ActivityManagerService.onTransact(ActivityManagerService.java:3346)

08-10 07:02:01.819  1570  4599 I LSPosed-Bridge: 	at android.os.Binder.execTransact(Binder.java:731)

08-10 07:02:01.819 15186 15186 I LSPosed-Bridge: 15186 PermLabel hookBinder_test 10134 interfaceBinder =android.content.pm.IPackageManager; arg0 = 9; arg1 = android.os.Parcel@da591f3; arg2 = android.os.Parcel@e5f4c62; arg3 = 0; res = true; stacktrace=java.lang.Exception

08-10 07:02:01.819 15186 15186 I LSPosed-Bridge: 	at com.example.permlabel.hookBinder_test$1.afterHookedMethod(hookBinder_test.java:70)

08-10 07:02:01.819 15186 15186 I LSPosed-Bridge: 	at de.robv.android.xposed.XposedBridge$AdditionalHookInfo.callback(Unknown Source:147)

08-10 07:02:01.819 15186 15186 I LSPosed-Bridge: 	at LSPHooker_.transact(Unknown Source:28)

08-10 07:02:01.819 15186 15186 I LSPosed-Bridge: 	at android.content.pm.IPackageManager$Stub$Proxy.getPermissionInfo(IPackageManager.java:3008)

08-10 07:02:01.819 15186 15186 I LSPosed-Bridge: 	at android.app.ApplicationPackageManager.getPermissionInfo(ApplicationPackageManager.java:306)

08-10 07:02:01.819 15186 15186 I LSPosed-Bridge: 	at com.example.permlabel.requestPerm$2.afterHookedMethod(requestPerm.java:191)

08-10 07:02:01.819 15186 15186 I LSPosed-Bridge: 	at de.robv.android.xposed.XposedBridge$AdditionalHookInfo.callback(Unknown Source:147)

08-10 07:02:01.819 15186 15186 I LSPosed-Bridge: 	at LSPHooker_.checkPermission(Unknown Source:25)

08-10 07:02:01.819 15186 15186 I LSPosed-Bridge: 	at android.content.ContextWrapper.checkPermission(ContextWrapper.java:738)

08-10 07:02:01.819 15186 15186 I LSPosed-Bridge: 	at com.google.android.gms.ads.nonagon.signals.a.b(:com.google.android.gms.policy_ads_fdr_dynamite@232400001@232400000057.538171701.538171701:62)

08-10 07:02:01.819 15186 15186 I LSPosed-Bridge: 	at com.google.android.gms.ads.nonagon.signals.fq.a(:com.google.android.gms.policy_ads_fdr_dynamite@232400001@232400000057.538171701.538171701:108)

08-10 07:02:01.819 15186 15186 I LSPosed-Bridge: 	at com.google.android.gms.ads.nonagon.ad.common.ci.a(:com.google.android.gms.policy_ads_fdr_dynamite@232400001@232400000057.538171701.538171701:12)

08-10 07:02:01.819 15186 15186 I LSPosed-Bridge: 	at com.google.android.gms.ads.nonagon.ad.common.ci.b(:com.google.android.gms.policy_ads_fdr_dynamite@232400001@232400000057.538171701.538171701:1)

08-10 07:02:01.819 15186 15186 I LSPosed-Bridge: 	at com.google.android.gms.ads.nonagon.ad.common.ai.d(:com.google.android.gms.policy_ads_fdr_dynamite@232400001@232400000057.538171701.538171701:16)

08-10 07:02:01.819 15186 15186 I LSPosed-Bridge: 	at com.google.android.gms.ads.nonagon.ad.common.ai.b(:com.google.android.gms.policy_ads_fdr_dynamite@232400001@232400000057.538171701.538171701:1)

08-10 07:02:01.819 15186 15186 I LSPosed-Bridge: 	at com.google.android.gms.ads.nonagon.slot.common.q.d(:com.google.android.gms.policy_ads_fdr_dynamite@232400001@232400000057.538171701.538171701:27)

08-10 07:02:01.819 15186 15186 I LSPosed-Bridge: 	at com.google.android.gms.ads.nonagon.slot.common.q.c(:com.google.android.gms.policy_ads_fdr_dynamite@232400001@232400000057.538171701.538171701:2)

08-10 07:02:01.819 15186 15186 I LSPosed-Bridge: 	at com.google.android.gms.ads.nonagon.slot.appopen.f.d(:com.google.android.gms.policy_ads_fdr_dynamite@232400001@232400000057.538171701.538171701:213)

08-10 07:02:01.819 15186 15186 I LSPosed-Bridge: 	at com.google.android.gms.ads.nonagon.slot.appopen.interstitial.e.L(:com.google.android.gms.policy_ads_fdr_dynamite@232400001@232400000057.538171701.538171701:116)

08-10 07:02:01.819 15186 15186 I LSPosed-Bridge: 	at com.google.android.gms.ads.nonagon.shim.ab.L(:com.google.android.gms.policy_ads_fdr_dynamite@232400001@232400000057.538171701.538171701:3)

08-10 07:02:01.819 15186 15186 I LSPosed-Bridge: 	at com.google.android.gms.ads.internal.client.bf.bN(:com.google.android.gms.policy_ads_fdr_dynamite@232400001@232400000057.538171701.538171701:842)

08-10 07:02:01.819 15186 15186 I LSPosed-Bridge: 	at agd.onTransact(:com.google.android.gms.policy_ads_fdr_dynamite@232400001@232400000057.538171701.538171701:21)

08-10 07:02:01.819 15186 15186 I LSPosed-Bridge: 	at android.os.Binder.transact(Binder.java:667)

08-10 07:02:01.819 15186 15186 I LSPosed-Bridge: 	at com.google.android.gms.internal.ads.zzasg.zzbk(com.google.android.gms:play-services-ads-base@@21.5.0:2)

08-10 07:02:01.819 15186 15186 I LSPosed-Bridge: 	at com.google.android.gms.ads.internal.client.zzbs.zzaa(com.google.android.gms:play-services-ads-lite@@21.5.0:3)

08-10 07:02:01.819 15186 15186 I LSPosed-Bridge: 	at com.google.android.gms.internal.ads.zzbdy.zza(com.google.android.gms:play-services-ads-lite@@21.5.0:7)

08-10 07:02:01.819 15186 15186 I LSPosed-Bridge: 	at com.google.android.gms.ads.appopen.AppOpenAd.load(com.google.android.gms:play-services-ads-lite@@21.5.0:21)

08-10 07:02:01.819 15186 15186 I LSPosed-Bridge: 	at com.dungtq.englishvietnamesedictionary.utility.AdmobUtils.AppOpenManager.fetchAd(AppOpenManager.java:55)

08-10 07:02:01.819 15186 15186 I LSPosed-Bridge: 	at com.dungtq.englishvietnamesedictionary.utility.AdmobUtils.AppOpenManager$2.onAdDismissedFullScreenContent(AppOpenManager.java:131)

08-10 07:02:01.819 15186 15186 I LSPosed-Bridge: 	at com.google.android.gms.internal.ads.zzbdn.zzc(com.google.android.gms:play-services-ads-lite@@21.5.0:1)

08-10 07:02:01.819 15186 15186 I LSPosed-Bridge: 	at com.google.android.gms.internal.ads.zzbdw.zzbK(com.google.android.gms:play-services-ads-lite@@21.5.0:6)

08-10 07:02:01.819 15186 15186 I LSPosed-Bridge: 	at com.google.android.gms.internal.ads.zzash.onTransact(com.google.android.gms:play-services-ads-base@@21.5.0:3)

08-10 07:02:01.819 15186 15186 I LSPosed-Bridge: 	at android.os.Binder.transact(Binder.java:667)

08-10 07:02:01.819 15186 15186 I LSPosed-Bridge: 	at agc.ba(:com.google.android.gms.policy_ads_fdr_dynamite@232400001@232400000057.538171701.538171701:8)

08-10 07:02:01.819 15186 15186 I LSPosed-Bridge: 	

08-10 07:02:14.935  1570  1863 I LSPosed-Bridge: 15186 PermLabel 10134 AMS.checkPermission: Binder.getCallingPid() = 15186; uid = 10134; Binder.getCallingUid() = 10134; getNameForUid: com.practice.ielts.listening.test; getPackagesForUid: [com.practice.ielts.listening.test]; permName: android.permission.GET_TASKS; type = 0; res = -1; stacktrace=java.lang.Exception

08-10 07:02:14.935  1570  1863 I LSPosed-Bridge: 	at com.example.permlabel.requirePerm$1$2.afterHookedMethod(requirePerm.java:139)

08-10 07:02:14.935  1570  1863 I LSPosed-Bridge: 	at de.robv.android.xposed.XposedBridge$AdditionalHookInfo.callback(Unknown Source:147)

08-10 07:02:14.935  1570  1863 I LSPosed-Bridge: 	at LSPHooker_.checkPermission(Unknown Source:25)

08-10 07:02:14.935  1570  1863 I LSPosed-Bridge: 	at com.android.server.am.ActivityManagerService.isGetTasksAllowed(ActivityManagerService.java:10902)

08-10 07:02:14.935  1570  1863 I LSPosed-Bridge: 	at com.android.server.am.ActivityManagerService.getRunningAppProcesses(ActivityManagerService.java:16139)

08-10 07:02:14.935  1570  1863 I LSPosed-Bridge: 	at android.app.IActivityManager$Stub.onTransact(IActivityManager.java:1088)

08-10 07:02:14.935  1570  1863 I LSPosed-Bridge: 	at com.android.server.am.ActivityManagerService.onTransact(ActivityManagerService.java:3346)

08-10 07:02:14.935  1570  1863 I LSPosed-Bridge: 	at android.os.Binder.execTransact(Binder.java:731)

08-10 07:02:15.437  1570  1863 I LSPosed-Bridge: 15186 PermLabel 10134 AMS.checkPermission: Binder.getCallingPid() = 15186; uid = 10134; Binder.getCallingUid() = 10134; getNameForUid: com.practice.ielts.listening.test; getPackagesForUid: [com.practice.ielts.listening.test]; permName: android.permission.GET_TASKS; type = 0; res = -1; stacktrace=java.lang.Exception

08-10 07:02:15.437  1570  1863 I LSPosed-Bridge: 	at com.example.permlabel.requirePerm$1$2.afterHookedMethod(requirePerm.java:139)

08-10 07:02:15.437  1570  1863 I LSPosed-Bridge: 	at de.robv.android.xposed.XposedBridge$AdditionalHookInfo.callback(Unknown Source:147)

08-10 07:02:15.437  1570  1863 I LSPosed-Bridge: 	at LSPHooker_.checkPermission(Unknown Source:25)

08-10 07:02:15.437  1570  1863 I LSPosed-Bridge: 	at com.android.server.am.ActivityManagerService.isGetTasksAllowed(ActivityManagerService.java:10902)

08-10 07:02:15.437  1570  1863 I LSPosed-Bridge: 	at com.android.server.am.ActivityManagerService.getRunningAppProcesses(ActivityManagerService.java:16139)

08-10 07:02:15.437  1570  1863 I LSPosed-Bridge: 	at android.app.IActivityManager$Stub.onTransact(IActivityManager.java:1088)

08-10 07:02:15.437  1570  1863 I LSPosed-Bridge: 	at com.android.server.am.ActivityManagerService.onTransact(ActivityManagerService.java:3346)

08-10 07:02:15.437  1570  1863 I LSPosed-Bridge: 	at android.os.Binder.execTransact(Binder.java:731)

08-10 07:02:19.136  1570  3039 I LSPosed-Bridge: 15186 PermLabel 10134 AMS.checkPermission: Binder.getCallingPid() = 15186; uid = 10134; Binder.getCallingUid() = 10134; getNameForUid: com.practice.ielts.listening.test; getPackagesForUid: [com.practice.ielts.listening.test]; permName: android.permission.GET_TASKS; type = 0; res = -1; stacktrace=java.lang.Exception

08-10 07:02:19.136  1570  3039 I LSPosed-Bridge: 	at com.example.permlabel.requirePerm$1$2.afterHookedMethod(requirePerm.java:139)

08-10 07:02:19.136  1570  3039 I LSPosed-Bridge: 	at de.robv.android.xposed.XposedBridge$AdditionalHookInfo.callback(Unknown Source:147)

08-10 07:02:19.136  1570  3039 I LSPosed-Bridge: 	at LSPHooker_.checkPermission(Unknown Source:25)

08-10 07:02:19.136  1570  3039 I LSPosed-Bridge: 	at com.android.server.am.ActivityManagerService.isGetTasksAllowed(ActivityManagerService.java:10902)

08-10 07:02:19.136  1570  3039 I LSPosed-Bridge: 	at com.android.server.am.ActivityManagerService.getRunningAppProcesses(ActivityManagerService.java:16139)

08-10 07:02:19.136  1570  3039 I LSPosed-Bridge: 	at android.app.IActivityManager$Stub.onTransact(IActivityManager.java:1088)

08-10 07:02:19.136  1570  3039 I LSPosed-Bridge: 	at com.android.server.am.ActivityManagerService.onTransact(ActivityManagerService.java:3346)

08-10 07:02:19.136  1570  3039 I LSPosed-Bridge: 	at android.os.Binder.execTransact(Binder.java:731)

08-10 07:02:19.136   551   551 I ConfigStore: android::hardware::configstore::V1_0::ISurfaceFlingerConfigs::hasHDRDisplay retrieved: 0

08-10 07:02:19.136 15186 15397 I LSPosed-Bridge: 15186 PermLabel hookBinder_test 10134 interfaceBinder =android.app.IActivityManager; arg0 = 81; arg1 = android.os.Parcel@1c6ab75; arg2 = android.os.Parcel@f35e9bf; arg3 = 0; res = true; stacktrace=java.lang.Exception

08-10 07:02:19.136 15186 15397 I LSPosed-Bridge: 	at com.example.permlabel.hookBinder_test$1.afterHookedMethod(hookBinder_test.java:70)

08-10 07:02:19.136 15186 15397 I LSPosed-Bridge: 	at de.robv.android.xposed.XposedBridge$AdditionalHookInfo.callback(Unknown Source:147)

08-10 07:02:19.136 15186 15397 I LSPosed-Bridge: 	at LSPHooker_.transact(Unknown Source:28)

08-10 07:02:19.136 15186 15397 I LSPosed-Bridge: 	at android.app.IActivityManager$Stub$Proxy.getRunningAppProcesses(IActivityManager.java:5366)

08-10 07:02:19.136 15186 15397 I LSPosed-Bridge: 	at android.app.ActivityManager.getRunningAppProcesses(ActivityManager.java:3435)

08-10 07:02:19.136 15186 15397 I LSPosed-Bridge: 	at java.lang.reflect.Method.invoke(Native Method)

08-10 07:02:19.136 15186 15397 I LSPosed-Bridge: 	at org.lsposed.lspd.nativebridge.HookBridge.invokeOriginalMethod(Native Method)

08-10 07:02:19.136 15186 15397 I LSPosed-Bridge: 	at de.robv.android.xposed.XposedBridge$AdditionalHookInfo.callback(Unknown Source:110)

08-10 07:02:19.136 15186 15397 I LSPosed-Bridge: 	at LSPHooker_.getRunningAppProcesses(Unknown Source:8)

08-10 07:02:19.136 15186 15397 I LSPosed-Bridge: 	at com.google.ccc.abuse.droidguard.DroidGuard.xssNative(Native Method)

08-10 07:02:19.136 15186 15397 I LSPosed-Bridge: 	at com.google.ccc.abuse.droidguard.DroidGuard.xss(DroidGuard.java:542)

08-10 07:02:19.136 15186 15397 I LSPosed-Bridge: 	at java.lang.reflect.Method.invoke(Native Method)

08-10 07:02:19.136 15186 15397 I LSPosed-Bridge: 	at asd.j(:com.google.android.gms.policy_ads_fdr_dynamite@232400001@232400000057.538171701.538171701:40)

08-10 07:02:19.136 15186 15397 I LSPosed-Bridge: 	at asd.d(:com.google.android.gms.policy_ads_fdr_dynamite@232400001@232400000057.538171701.538171701:56)

08-10 07:02:19.136 15186 15397 I LSPosed-Bridge: 	at aef.e(:com.google.android.gms.policy_ads_fdr_dynamite@232400001@232400000057.538171701.538171701:38)

08-10 07:02:19.136 15186 15397 I LSPosed-Bridge: 	at com.google.android.gms.ads.internal.i.e(:com.google.android.gms.policy_ads_fdr_dynamite@232400001@232400000057.538171701.538171701:41)

08-10 07:02:19.136 15186 15397 I LSPosed-Bridge: 	at com.google.android.gms.ads.internal.webview.aj.getClickSignals(:com.google.android.gms.policy_ads_fdr_dynamite@232400001@232400000057.538171701.538171701:46)

08-10 07:02:19.136 15186 15397 I LSPosed-Bridge: 	at android.os.MessageQueue.nativePollOnce(Native Method)

08-10 07:02:19.136 15186 15397 I LSPosed-Bridge: 	at android.os.MessageQueue.next(MessageQueue.java:326)

08-10 07:02:19.136 15186 15397 I LSPosed-Bridge: 	at android.os.Looper.loop(Looper.java:160)

08-10 07:02:19.136 15186 15397 I LSPosed-Bridge: 	at android.os.HandlerThread.run(HandlerThread.java:65)

08-10 07:02:19.136 15186 15397 I LSPosed-Bridge: 15186 PermLabel getRunningAppProcesses =android.app.ActivityManager$RunningAppProcessInfo@dba2861

08-10 07:02:19.136 15186 15397 I LSPosed-Bridge: 15186 PermLabel getRunningAppProcesses processName: com.practice.ielts.listening.test pid: 15186

08-10 07:02:26.197  1570  4599 I LSPosed-Bridge: 15186 PermLabel 10134 AMS.checkPermission: Binder.getCallingPid() = 15186; uid = 10134; Binder.getCallingUid() = 10134; getNameForUid: com.practice.ielts.listening.test; getPackagesForUid: [com.practice.ielts.listening.test]; permName: android.permission.GET_TASKS; type = 0; res = -1; stacktrace=java.lang.Exception

08-10 07:02:26.197  1570  4599 I LSPosed-Bridge: 	at com.example.permlabel.requirePerm$1$2.afterHookedMethod(requirePerm.java:139)

08-10 07:02:26.197  1570  4599 I LSPosed-Bridge: 	at de.robv.android.xposed.XposedBridge$AdditionalHookInfo.callback(Unknown Source:147)

08-10 07:02:26.197  1570  4599 I LSPosed-Bridge: 	at LSPHooker_.checkPermission(Unknown Source:25)

08-10 07:02:26.197  1570  4599 I LSPosed-Bridge: 	at com.android.server.am.ActivityManagerService.isGetTasksAllowed(ActivityManagerService.java:10902)

08-10 07:02:26.197  1570  4599 I LSPosed-Bridge: 	at com.android.server.am.ActivityManagerService.getRunningAppProcesses(ActivityManagerService.java:16139)

08-10 07:02:26.197  1570  4599 I LSPosed-Bridge: 	at android.app.IActivityManager$Stub.onTransact(IActivityManager.java:1088)

08-10 07:02:26.197  1570  4599 I LSPosed-Bridge: 	at com.android.server.am.ActivityManagerService.onTransact(ActivityManagerService.java:3346)

08-10 07:02:26.197  1570  4599 I LSPosed-Bridge: 	at android.os.Binder.execTransact(Binder.java:731)

08-10 07:02:26.197 15186 15186 I LSPosed-Bridge: 15186 PermLabel hookBinder_test 10134 interfaceBinder =android.content.pm.IPackageManager; arg0 = 14; arg1 = android.os.Parcel@b5b3912; arg2 = android.os.Parcel@913972b; arg3 = 0; res = true; stacktrace=java.lang.Exception

08-10 07:02:26.197 15186 15186 I LSPosed-Bridge: 	at com.example.permlabel.hookBinder_test$1.afterHookedMethod(hookBinder_test.java:70)

08-10 07:02:26.197 15186 15186 I LSPosed-Bridge: 	at de.robv.android.xposed.XposedBridge$AdditionalHookInfo.callback(Unknown Source:147)

08-10 07:02:26.197 15186 15186 I LSPosed-Bridge: 	at LSPHooker_.transact(Unknown Source:28)

08-10 07:02:26.197 15186 15186 I LSPosed-Bridge: 	at android.content.pm.IPackageManager$Stub$Proxy.getActivityInfo(IPackageManager.java:3135)

08-10 07:02:26.197 15186 15186 I LSPosed-Bridge: 	at android.app.ApplicationPackageManager.getActivityInfo(ApplicationPackageManager.java:427)

08-10 07:02:26.197 15186 15186 I LSPosed-Bridge: 	at com.google.android.gms.ads.nonagon.util.appstats.c.b(:com.google.android.gms.policy_ads_fdr_dynamite@232400001@232400000057.538171701.538171701:159)

08-10 07:02:26.197 15186 15186 I LSPosed-Bridge: 	at com.google.android.gms.ads.nonagon.signals.aw.b(:com.google.android.gms.policy_ads_fdr_dynamite@232400001@232400000057.538171701.538171701:56)

08-10 07:02:26.197 15186 15186 I LSPosed-Bridge: 	at com.google.android.gms.ads.nonagon.signals.fq.a(:com.google.android.gms.policy_ads_fdr_dynamite@232400001@232400000057.538171701.538171701:108)

08-10 07:02:26.197 15186 15186 I LSPosed-Bridge: 	at com.google.android.gms.ads.nonagon.ad.common.ci.a(:com.google.android.gms.policy_ads_fdr_dynamite@232400001@232400000057.538171701.538171701:12)

08-10 07:02:26.197 15186 15186 I LSPosed-Bridge: 	at com.google.android.gms.ads.nonagon.ad.common.ci.b(:com.google.android.gms.policy_ads_fdr_dynamite@232400001@232400000057.538171701.538171701:1)

08-10 07:02:26.197 15186 15186 I LSPosed-Bridge: 	at com.google.android.gms.ads.nonagon.ad.common.ai.d(:com.google.android.gms.policy_ads_fdr_dynamite@232400001@232400000057.538171701.538171701:16)

08-10 07:02:26.197 15186 15186 I LSPosed-Bridge: 	at com.google.android.gms.ads.nonagon.ad.common.ai.b(:com.google.android.gms.policy_ads_fdr_dynamite@232400001@232400000057.538171701.538171701:1)

08-10 07:02:26.197 15186 15186 I LSPosed-Bridge: 	at com.google.android.gms.ads.nonagon.slot.common.q.d(:com.google.android.gms.policy_ads_fdr_dynamite@232400001@232400000057.538171701.538171701:27)

08-10 07:02:26.197 15186 15186 I LSPosed-Bridge: 	at com.google.android.gms.ads.nonagon.slot.common.q.c(:com.google.android.gms.policy_ads_fdr_dynamite@232400001@232400000057.538171701.538171701:2)

08-10 07:02:26.197 15186 15186 I LSPosed-Bridge: 	at com.google.android.gms.ads.nonagon.slot.appopen.f.d(:com.google.android.gms.policy_ads_fdr_dynamite@232400001@232400000057.538171701.538171701:213)

08-10 07:02:26.197 15186 15186 I LSPosed-Bridge: 	at com.google.android.gms.ads.nonagon.slot.appopen.interstitial.e.L(:com.google.android.gms.policy_ads_fdr_dynamite@232400001@232400000057.538171701.538171701:116)

08-10 07:02:26.197 15186 15186 I LSPosed-Bridge: 	at com.google.android.gms.ads.nonagon.shim.ab.L(:com.google.android.gms.policy_ads_fdr_dynamite@232400001@232400000057.538171701.538171701:3)

08-10 07:02:26.197 15186 15186 I LSPosed-Bridge: 	at com.google.android.gms.ads.internal.client.bf.bN(:com.google.android.gms.policy_ads_fdr_dynamite@232400001@232400000057.538171701.538171701:842)

08-10 07:02:26.197 15186 15186 I LSPosed-Bridge: 	at agd.onTransact(:com.google.android.gms.policy_ads_fdr_dynamite@232400001@232400000057.538171701.538171701:21)

08-10 07:02:26.197 15186 15186 I LSPosed-Bridge: 	at android.os.Binder.transact(Binder.java:667)

08-10 07:02:26.197 15186 15186 I LSPosed-Bridge: 	at com.google.android.gms.internal.ads.zzasg.zzbk(com.google.android.gms:play-services-ads-base@@21.5.0:2)

08-10 07:02:26.197 15186 15186 I LSPosed-Bridge: 	at com.google.android.gms.ads.internal.client.zzbs.zzaa(com.google.android.gms:play-services-ads-lite@@21.5.0:3)

08-10 07:02:26.197 15186 15186 I LSPosed-Bridge: 	at com.google.android.gms.internal.ads.zzbdy.zza(com.google.android.gms:play-services-ads-lite@@21.5.0:7)

08-10 07:02:26.197 15186 15186 I LSPosed-Bridge: 	at com.google.android.gms.ads.appopen.AppOpenAd.load(com.google.android.gms:play-services-ads-lite@@21.5.0:21)

08-10 07:02:26.197 15186 15186 I LSPosed-Bridge: 	at com.dungtq.englishvietnamesedictionary.utility.AdmobUtils.AppOpenManager.fetchAd(AppOpenManager.java:55)

08-10 07:02:26.197 15186 15186 I LSPosed-Bridge: 	at com.dungtq.englishvietnamesedictionary.utility.AdmobUtils.AppOpenManager$2.onAdDismissedFullScreenContent(AppOpenManager.java:131)

08-10 07:02:26.197 15186 15186 I LSPosed-Bridge: 	at com.google.android.gms.internal.ads.zzbdn.zzc(com.google.android.gms:play-services-ads-lite@@21.5.0:1)

08-10 07:02:26.197 15186 15186 I LSPosed-Bridge: 	at com.google.android.gms.internal.ads.zzbdw.zzbK(com.google.android.gms:play-services-ads-lite@@21.5.0:6)

08-10 07:02:26.197 15186 15186 I LSPosed-Bridge: 	at com.google.android.gms.internal.ads.zzash.onTransact(com.google.android.gms:play-services-ads-base@@21.5.0:3)

08-10 07:02:26.197 15186 15186 I LSPosed-Bridge: 	at android.os.Binder.transact(Binder.java:667)

08-10 07:02:26.197 15186 15186 I LSPosed-Bridge: 	at agc.ba(:com.google.android.gms.policy_ads_fdr_dynamite@232400001@232400000057.538171701.538171701:8)

08-10 07:02:26.197 15186 15186 I LSPosed-Bridge: 	at com.google.android.gms.ads.internal.appopen.client.h.f(:com.google.android.gms.policy_ads_fdr_dynamite@232400001@232400000057.538171701.5381

08-10 07:02:39.733  1570  3043 I LSPosed-Bridge: 15186 PermLabel 10134 AMS.checkPermission: Binder.getCallingPid() = 15186; uid = 10134; Binder.getCallingUid() = 10134; getNameForUid: com.practice.ielts.listening.test; getPackagesForUid: [com.practice.ielts.listening.test]; permName: android.permission.GET_TASKS; type = 0; res = -1; stacktrace=java.lang.Exception

08-10 07:02:39.733  1570  3043 I LSPosed-Bridge: 	at com.example.permlabel.requirePerm$1$2.afterHookedMethod(requirePerm.java:139)

08-10 07:02:39.733  1570  3043 I LSPosed-Bridge: 	at de.robv.android.xposed.XposedBridge$AdditionalHookInfo.callback(Unknown Source:147)

08-10 07:02:39.733  1570  3043 I LSPosed-Bridge: 	at LSPHooker_.checkPermission(Unknown Source:25)

08-10 07:02:39.733  1570  3043 I LSPosed-Bridge: 	at com.android.server.am.ActivityManagerService.isGetTasksAllowed(ActivityManagerService.java:10902)

08-10 07:02:39.733  1570  3043 I LSPosed-Bridge: 	at com.android.server.am.ActivityManagerService.getRunningAppProcesses(ActivityManagerService.java:16139)

08-10 07:02:39.733  1570  3043 I LSPosed-Bridge: 	at android.app.IActivityManager$Stub.onTransact(IActivityManager.java:1088)

08-10 07:02:39.733  1570  3043 I LSPosed-Bridge: 	at com.android.server.am.ActivityManagerService.onTransact(ActivityManagerService.java:3346)

08-10 07:02:39.733  1570  3043 I LSPosed-Bridge: 	at android.os.Binder.execTransact(Binder.java:731)

08-10 07:02:40.060  1570  1863 I LSPosed-Bridge: 15186 PermLabel 10134 AMS.checkPermission: Binder.getCallingPid() = 15186; uid = 10134; Binder.getCallingUid() = 10134; getNameForUid: com.practice.ielts.listening.test; getPackagesForUid: [com.practice.ielts.listening.test]; permName: android.permission.GET_TASKS; type = 0; res = -1; stacktrace=java.lang.Exception

08-10 07:02:40.060  1570  1863 I LSPosed-Bridge: 	at com.example.permlabel.requirePerm$1$2.afterHookedMethod(requirePerm.java:139)

08-10 07:02:40.060  1570  1863 I LSPosed-Bridge: 	at de.robv.android.xposed.XposedBridge$AdditionalHookInfo.callback(Unknown Source:147)

08-10 07:02:40.060  1570  1863 I LSPosed-Bridge: 	at LSPHooker_.checkPermission(Unknown Source:25)

08-10 07:02:40.060  1570  1863 I LSPosed-Bridge: 	at com.android.server.am.ActivityManagerService.isGetTasksAllowed(ActivityManagerService.java:10902)

08-10 07:02:40.060  1570  1863 I LSPosed-Bridge: 	at com.android.server.am.ActivityManagerService.getRunningAppProcesses(ActivityManagerService.java:16139)

08-10 07:02:40.060  1570  1863 I LSPosed-Bridge: 	at android.app.IActivityManager$Stub.onTransact(IActivityManager.java:1088)

08-10 07:02:40.060  1570  1863 I LSPosed-Bridge: 	at com.android.server.am.ActivityManagerService.onTransact(ActivityManagerService.java:3346)

08-10 07:02:40.060  1570  1863 I LSPosed-Bridge: 	at android.os.Binder.execTransact(Binder.java:731)

08-10 07:02:43.693  1570  3039 I LSPosed-Bridge: 15186 PermLabel 10134 AMS.checkPermission: Binder.getCallingPid() = 15186; uid = 10134; Binder.getCallingUid() = 10134; getNameForUid: com.practice.ielts.listening.test; getPackagesForUid: [com.practice.ielts.listening.test]; permName: android.permission.GET_TASKS; type = 0; res = -1; stacktrace=java.lang.Exception

08-10 07:02:43.693  1570  3039 I LSPosed-Bridge: 	at com.example.permlabel.requirePerm$1$2.afterHookedMethod(requirePerm.java:139)

08-10 07:02:43.693  1570  3039 I LSPosed-Bridge: 	at de.robv.android.xposed.XposedBridge$AdditionalHookInfo.callback(Unknown Source:147)

08-10 07:02:43.693  1570  3039 I LSPosed-Bridge: 	at LSPHooker_.checkPermission(Unknown Source:25)

08-10 07:02:43.693  1570  3039 I LSPosed-Bridge: 	at com.android.server.am.ActivityManagerService.isGetTasksAllowed(ActivityManagerService.java:10902)

08-10 07:02:43.693  1570  3039 I LSPosed-Bridge: 	at com.android.server.am.ActivityManagerService.getRunningAppProcesses(ActivityManagerService.java:16139)

08-10 07:02:43.693  1570  3039 I LSPosed-Bridge: 	at android.app.IActivityManager$Stub.onTransact(IActivityManager.java:1088)

08-10 07:02:43.693  1570  3039 I LSPosed-Bridge: 	at com.android.server.am.ActivityManagerService.onTransact(ActivityManagerService.java:3346)

08-10 07:02:43.693  1570  3039 I LSPosed-Bridge: 	at android.os.Binder.execTransact(Binder.java:731)

08-10 07:02:49.237  1570  4602 I LSPosed-Bridge: 15186 PermLabel 10134 AMS.checkPermission: Binder.getCallingPid() = 15186; uid = 10134; Binder.getCallingUid() = 10134; getNameForUid: com.practice.ielts.listening.test; getPackagesForUid: [com.practice.ielts.listening.test]; permName: android.permission.GET_TASKS; type = 0; res = -1; stacktrace=java.lang.Exception

08-10 07:02:49.237  1570  4602 I LSPosed-Bridge: 	at com.example.permlabel.requirePerm$1$2.afterHookedMethod(requirePerm.java:139)

08-10 07:02:49.237  1570  4602 I LSPosed-Bridge: 	at de.robv.android.xposed.XposedBridge$AdditionalHookInfo.callback(Unknown Source:147)

08-10 07:02:49.237  1570  4602 I LSPosed-Bridge: 	at LSPHooker_.checkPermission(Unknown Source:25)

08-10 07:02:49.237  1570  4602 I LSPosed-Bridge: 	at com.android.server.am.ActivityManagerService.isGetTasksAllowed(ActivityManagerService.java:10902)

08-10 07:02:49.237  1570  4602 I LSPosed-Bridge: 	at com.android.server.am.ActivityManagerService.getRunningAppProcesses(ActivityManagerService.java:16139)

08-10 07:02:49.237  1570  4602 I LSPosed-Bridge: 	at android.app.IActivityManager$Stub.onTransact(IActivityManager.java:1088)

08-10 07:02:49.237  1570  4602 I LSPosed-Bridge: 	at com.android.server.am.ActivityManagerService.onTransact(ActivityManagerService.java:3346)

08-10 07:02:49.237  1570  4602 I LSPosed-Bridge: 	at android.os.Binder.execTransact(Binder.java:731)

08-10 07:02:59.212  1570  4602 I LSPosed-Bridge: 15186 PermLabel 10134 AMS.checkPermission: Binder.getCallingPid() = 15186; uid = 10134; Binder.getCallingUid() = 10134; getNameForUid: com.practice.ielts.listening.test; getPackagesForUid: [com.practice.ielts.listening.test]; permName: android.permission.GET_TASKS; type = 0; res = -1; stacktrace=java.lang.Exception

08-10 07:02:59.212  1570  4602 I LSPosed-Bridge: 	at com.example.permlabel.requirePerm$1$2.afterHookedMethod(requirePerm.java:139)

08-10 07:02:59.212  1570  4602 I LSPosed-Bridge: 	at de.robv.android.xposed.XposedBridge$AdditionalHookInfo.callback(Unknown Source:147)

08-10 07:02:59.212  1570  4602 I LSPosed-Bridge: 	at LSPHooker_.checkPermission(Unknown Source:25)

08-10 07:02:59.212  1570  4602 I LSPosed-Bridge: 	at com.android.server.am.ActivityManagerService.isGetTasksAllowed(ActivityManagerService.java:10902)

08-10 07:02:59.212  1570  4602 I LSPosed-Bridge: 	at com.android.server.am.ActivityManagerService.getRunningAppProcesses(ActivityManagerService.java:16139)

08-10 07:02:59.212  1570  4602 I LSPosed-Bridge: 	at android.app.IActivityManager$Stub.onTransact(IActivityManager.java:1088)

08-10 07:02:59.212  1570  4602 I LSPosed-Bridge: 	at com.android.server.am.ActivityManagerService.onTransact(ActivityManagerService.java:3346)

08-10 07:02:59.212  1570  4602 I LSPosed-Bridge: 	at android.os.Binder.execTransact(Binder.java:731)

08-10 07:02:59.547  1570  2815 I LSPosed-Bridge: 15186 PermLabel 10134 AMS.checkPermission: Binder.getCallingPid() = 15186; uid = 10134; Binder.getCallingUid() = 10134; getNameForUid: com.practice.ielts.listening.test; getPackagesForUid: [com.practice.ielts.listening.test]; permName: android.permission.GET_TASKS; type = 0; res = -1; stacktrace=java.lang.Exception

08-10 07:02:59.547  1570  2815 I LSPosed-Bridge: 	at com.example.permlabel.requirePerm$1$2.afterHookedMethod(requirePerm.java:139)

08-10 07:02:59.547  1570  2815 I LSPosed-Bridge: 	at de.robv.android.xposed.XposedBridge$AdditionalHookInfo.callback(Unknown Source:147)

08-10 07:02:59.547  1570  2815 I LSPosed-Bridge: 	at LSPHooker_.checkPermission(Unknown Source:25)

08-10 07:02:59.547  1570  2815 I LSPosed-Bridge: 	at com.android.server.am.ActivityManagerService.isGetTasksAllowed(ActivityManagerService.java:10902)

08-10 07:02:59.547  1570  2815 I LSPosed-Bridge: 	at com.android.server.am.ActivityManagerService.getRunningAppProcesses(ActivityManagerService.java:16139)

08-10 07:02:59.547  1570  2815 I LSPosed-Bridge: 	at android.app.IActivityManager$Stub.onTransact(IActivityManager.java:1088)

08-10 07:02:59.547  1570  2815 I LSPosed-Bridge: 	at com.android.server.am.ActivityManagerService.onTransact(ActivityManagerService.java:3346)

08-10 07:02:59.547  1570  2815 I LSPosed-Bridge: 	at android.os.Binder.execTransact(Binder.java:731)

08-10 07:02:59.547  1715  2280 I LSPosed-Bridge: 1715 PermLabel 1002 ContextImpl.checkPermission: pid = 1715; uid = 1002; permName: android.permission.BLUETOOTH; type = 0; res = 0; stacktrace=java.lang.Exception

08-10 07:02:59.547  1715  2280 I LSPosed-Bridge: 	at com.example.permlabel.requestPerm$2.afterHookedMethod(requestPerm.java:225)

08-10 07:02:59.547  1715  2280 I LSPosed-Bridge: 	at de.robv.android.xposed.XposedBridge$AdditionalHookInfo.callback(Unknown Source:147)

08-10 07:02:59.547  1715  2280 I LSPosed-Bridge: 	at LSPHooker_.checkPermission(Unknown Source:25)

08-10 07:02:59.547  1715  2280 I LSPosed-Bridge: 	at android.app.ContextImpl.checkCallingOrSelfPermission(ContextImpl.java:1791)

08-10 07:02:59.547  1715  2280 I LSPosed-Bridge: 	at android.app.ContextImpl.enforceCallingOrSelfPermission(ContextImpl.java:1841)

08-10 07:02:59.547  1715  2280 I LSPosed-Bridge: 	at android.content.ContextWrapper.enforceCallingOrSelfPermission(ContextWrapper.java:776)

08-10 07:02:59.547  1715  2280 I LSPosed-Bridge: 	at com.android.bluetooth.hfp.HeadsetService.isAudioOn(HeadsetService.java:1148)

08-10 07:02:59.547  1715  2280 I LSPosed-Bridge: 	at com.android.bluetooth.hfp.HeadsetService.isScoOrCallActive(HeadsetService.java:1158)

08-10 07:02:59.547  1715  2280 I LSPosed-Bridge: 	at com.android.bluetooth.avrcp.Avrcp_ext.updatePlayerStateAndPosition(Avrcp_ext.java:1608)

08-10 07:02:59.547  1715  2280 I LSPosed-Bridge: 	at com.android.bluetooth.avrcp.Avrcp_ext.updatePlaybackState(Avrcp_ext.java:1644)

08-10 07:02:59.547  1715  2280 I LSPosed-Bridge: 	at com.android.bluetooth.avrcp.Avrcp_ext.updateCurrentMediaState(Avrcp_ext.java:2011)

08-10 07:02:59.547  1715  2280 I LSPosed-Bridge: 	at com.android.bluetooth.avrcp.Avrcp_ext.access$1000(Avrcp_ext.java:94)

08-10 07:02:59.547  1715  2280 I LSPosed-Bridge: 	at com.android.bluetooth.avrcp.Avrcp_ext$AudioManagerPlaybackListener.onPlaybackConfigChanged(Avrcp_ext.java:689)

08-10 07:02:59.547  1715  2280 I LSPosed-Bridge: 	at android.media.AudioManager$ServiceEventHandlerDelegate$1.handleMessage(AudioManager.java:2314)

08-10 07:02:59.547  1715  2280 I LSPosed-Bridge: 	at android.os.Handler.dispatchMessage(Handler.java:106)

08-10 07:02:59.547  1715  2280 I LSPosed-Bridge: 	at android.os.Looper.loop(Looper.java:193)

08-10 07:02:59.547  1715  2280 I LSPosed-Bridge: 	at android.os.HandlerThread.run(HandlerThread.java:65)

08-10 07:03:06.705  1570  4602 I LSPosed-Bridge: 15186 PermLabel 10134 AMS.checkPermission: Binder.getCallingPid() = 15186; uid = 10134; Binder.getCallingUid() = 10134; getNameForUid: com.practice.ielts.listening.test; getPackagesForUid: [com.practice.ielts.listening.test]; permName: android.permission.GET_TASKS; type = 0; res = -1; stacktrace=java.lang.Exception

08-10 07:03:06.705  1570  4602 I LSPosed-Bridge: 	at com.example.permlabel.requirePerm$1$2.afterHookedMethod(requirePerm.java:139)

08-10 07:03:06.705  1570  4602 I LSPosed-Bridge: 	at de.robv.android.xposed.XposedBridge$AdditionalHookInfo.callback(Unknown Source:147)

08-10 07:03:06.705  1570  4602 I LSPosed-Bridge: 	at LSPHooker_.checkPermission(Unknown Source:25)

08-10 07:03:06.705  1570  4602 I LSPosed-Bridge: 	at com.android.server.am.ActivityManagerService.isGetTasksAllowed(ActivityManagerService.java:10902)

08-10 07:03:06.705  1570  4602 I LSPosed-Bridge: 	at com.android.server.am.ActivityManagerService.getRunningAppProcesses(ActivityManagerService.java:16139)

08-10 07:03:06.705  1570  4602 I LSPosed-Bridge: 	at android.app.IActivityManager$Stub.onTransact(IActivityManager.java:1088)

08-10 07:03:06.705  1570  4602 I LSPosed-Bridge: 	at com.android.server.am.ActivityManagerService.onTransact(ActivityManagerService.java:3346)

08-10 07:03:06.705  1570  4602 I LSPosed-Bridge: 	at android.os.Binder.execTransact(Binder.java:731)

08-10 07:03:11.006  1570  4599 I LSPosed-Bridge: 15186 PermLabel 10134 AMS.checkPermission: Binder.getCallingPid() = 15186; uid = 10134; Binder.getCallingUid() = 10134; getNameForUid: com.practice.ielts.listening.test; getPackagesForUid: [com.practice.ielts.listening.test]; permName: android.permission.GET_TASKS; type = 0; res = -1; stacktrace=java.lang.Exception

08-10 07:03:11.006  1570  4599 I LSPosed-Bridge: 	at com.example.permlabel.requirePerm$1$2.afterHookedMethod(requirePerm.java:139)

08-10 07:03:11.006  1570  4599 I LSPosed-Bridge: 	at de.robv.android.xposed.XposedBridge$AdditionalHookInfo.callback(Unknown Source:147)

08-10 07:03:11.006  1570  4599 I LSPosed-Bridge: 	at LSPHooker_.checkPermission(Unknown Source:25)

08-10 07:03:11.006  1570  4599 I LSPosed-Bridge: 	at com.android.server.am.ActivityManagerService.isGetTasksAllowed(ActivityManagerService.java:10902)

08-10 07:03:11.006  1570  4599 I LSPosed-Bridge: 	at com.android.server.am.ActivityManagerService.getRunningAppProcesses(ActivityManagerService.java:16139)

08-10 07:03:11.006  1570  4599 I LSPosed-Bridge: 	at android.app.IActivityManager$Stub.onTransact(IActivityManager.java:1088)

08-10 07:03:11.006  1570  4599 I LSPosed-Bridge: 	at com.android.server.am.ActivityManagerService.onTransact(ActivityManagerService.java:3346)

08-10 07:03:11.006  1570  4599 I LSPosed-Bridge: 	at android.os.Binder.execTransact(Binder.java:731)

08-10 07:03:26.593  1570  3039 I LSPosed-Bridge: 15186 PermLabel 10134 AMS.checkPermission: Binder.getCallingPid() = 15186; uid = 10134; Binder.getCallingUid() = 10134; getNameForUid: com.practice.ielts.listening.test; getPackagesForUid: [com.practice.ielts.listening.test]; permName: android.permission.GET_TASKS; type = 0; res = -1; stacktrace=java.lang.Exception

08-10 07:03:26.593  1570  3039 I LSPosed-Bridge: 	at com.example.permlabel.requirePerm$1$2.afterHookedMethod(requirePerm.java:139)

08-10 07:03:26.593  1570  3039 I LSPosed-Bridge: 	at de.robv.android.xposed.XposedBridge$AdditionalHookInfo.callback(Unknown Source:147)

08-10 07:03:26.593  1570  3039 I LSPosed-Bridge: 	at LSPHooker_.checkPermission(Unknown Source:25)

08-10 07:03:26.593  1570  3039 I LSPosed-Bridge: 	at com.android.server.am.ActivityManagerService.isGetTasksAllowed(ActivityManagerService.java:10902)

08-10 07:03:26.593  1570  3039 I LSPosed-Bridge: 	at com.android.server.am.ActivityManagerService.getRunningAppProcesses(ActivityManagerService.java:16139)

08-10 07:03:26.593  1570  3039 I LSPosed-Bridge: 	at android.app.IActivityManager$Stub.onTransact(IActivityManager.java:1088)

08-10 07:03:26.593  1570  3039 I LSPosed-Bridge: 	at com.android.server.am.ActivityManagerService.onTransact(ActivityManagerService.java:3346)

08-10 07:03:26.593  1570  3039 I LSPosed-Bridge: 	at android.os.Binder.execTransact(Binder.java:731)

08-10 07:03:36.771  1570  1678 I LSPosed-Bridge: 15186 PermLabel 10134 AMS.checkPermission: Binder.getCallingPid() = 15186; uid = 10134; Binder.getCallingUid() = 10134; getNameForUid: com.practice.ielts.listening.test; getPackagesForUid: [com.practice.ielts.listening.test]; permName: android.permission.GET_TASKS; type = 0; res = -1; stacktrace=java.lang.Exception

08-10 07:03:36.771  1570  1678 I LSPosed-Bridge: 	at com.example.permlabel.requirePerm$1$2.afterHookedMethod(requirePerm.java:139)

08-10 07:03:36.771  1570  1678 I LSPosed-Bridge: 	at de.robv.android.xposed.XposedBridge$AdditionalHookInfo.callback(Unknown Source:147)

08-10 07:03:36.771  1570  1678 I LSPosed-Bridge: 	at LSPHooker_.checkPermission(Unknown Source:25)

08-10 07:03:36.771  1570  1678 I LSPosed-Bridge: 	at com.android.server.am.ActivityManagerService.isGetTasksAllowed(ActivityManagerService.java:10902)

08-10 07:03:36.771  1570  1678 I LSPosed-Bridge: 	at com.android.server.am.ActivityManagerService.getRunningAppProcesses(ActivityManagerService.java:16139)

08-10 07:03:36.771  1570  1678 I LSPosed-Bridge: 	at android.app.IActivityManager$Stub.onTransact(IActivityManager.java:1088)

08-10 07:03:36.771  1570  1678 I LSPosed-Bridge: 	at com.android.server.am.ActivityManagerService.onTransact(ActivityManagerService.java:3346)

08-10 07:03:36.771  1570  1678 I LSPosed-Bridge: 	at android.os.Binder.execTransact(Binder.java:731)

08-10 07:03:37.078  1570  4599 I LSPosed-Bridge: 15186 PermLabel 10134 AMS.checkPermission: Binder.getCallingPid() = 15186; uid = 10134; Binder.getCallingUid() = 10134; getNameForUid: com.practice.ielts.listening.test; getPackagesForUid: [com.practice.ielts.listening.test]; permName: android.permission.GET_TASKS; type = 0; res = -1; stacktrace=java.lang.Exception

08-10 07:03:37.078  1570  4599 I LSPosed-Bridge: 	at com.example.permlabel.requirePerm$1$2.afterHookedMethod(requirePerm.java:139)

08-10 07:03:37.078  1570  4599 I LSPosed-Bridge: 	at de.robv.android.xposed.XposedBridge$AdditionalHookInfo.callback(Unknown Source:147)

08-10 07:03:37.078  1570  4599 I LSPosed-Bridge: 	at LSPHooker_.checkPermission(Unknown Source:25)

08-10 07:03:37.078  1570  4599 I LSPosed-Bridge: 	at com.android.server.am.ActivityManagerService.isGetTasksAllowed(ActivityManagerService.java:10902)

08-10 07:03:37.078  1570  4599 I LSPosed-Bridge: 	at com.android.server.am.ActivityManagerService.getRunningAppProcesses(ActivityManagerService.java:16139)

08-10 07:03:37.078  1570  4599 I LSPosed-Bridge: 	at android.app.IActivityManager$Stub.onTransact(IActivityManager.java:1088)

08-10 07:03:37.078  1570  4599 I LSPosed-Bridge: 	at com.android.server.am.ActivityManagerService.onTransact(ActivityManagerService.java:3346)

08-10 07:03:37.078  1570  4599 I LSPosed-Bridge: 	at android.os.Binder.execTransact(Binder.java:731)

08-10 07:03:37.078 15186 15186 I LSPosed-Bridge: 15186 PermLabel hookBinder_test 10134 interfaceBinder =android.os.IPowerManager; arg0 = 12; arg1 = android.os.Parcel@6402433; arg2 = android.os.Parcel@92fb11; arg3 = 0; res = true; stacktrace=java.lang.Exception

08-10 07:03:37.078 15186 15186 I LSPosed-Bridge: 	at com.example.permlabel.hookBinder_test$1.afterHookedMethod(hookBinder_test.java:70)

08-10 07:03:37.078 15186 15186 I LSPosed-Bridge: 	at de.robv.android.xposed.XposedBridge$AdditionalHookInfo.callback(Unknown Source:147)

08-10 07:03:37.078 15186 15186 I LSPosed-Bridge: 	at LSPHooker_.transact(Unknown Source:28)

08-10 07:03:37.078 15186 15186 I LSPosed-Bridge: 	at android.os.IPowerManager$Stub$Proxy.isInteractive(IPowerManager.java:585)

08-10 07:03:37.078 15186 15186 I LSPosed-Bridge: 	at android.os.PowerManager.isInteractive(PowerManager.java:1082)

08-10 07:03:37.078 15186 15186 I LSPosed-Bridge: 	at android.os.PowerManager.isScreenOn(PowerManager.java:1043)

08-10 07:03:37.078 15186 15186 I LSPosed-Bridge: 	at com.google.android.gms.ads.internal.util.q.N(:com.google.android.gms.policy_ads_fdr_dynamite@232400001@232400000057.538171701.538171701:49)

08-10 07:03:37.078 15186 15186 I LSPosed-Bridge: 	at com.google.android.gms.ads.internal.activeview.f.c(:com.google.android.gms.policy_ads_fdr_dynamite@232400001@232400000057.538171701.538171701:311)

08-10 07:03:37.078 15186 15186 I LSPosed-Bridge: 	at com.google.android.gms.ads.internal.activeview.f.onGlobalLayout(:com.google.android.gms.policy_ads_fdr_dynamite@232400001@232400000057.538171701.538171701:2)

08-10 07:03:37.078 15186 15186 I LSPosed-Bridge: 	at android.view.ViewTreeObserver.dispatchOnGlobalLayout(ViewTreeObserver.java:945)

08-10 07:03:37.078 15186 15186 I LSPosed-Bridge: 	at android.view.ViewRootImpl.performTraversals(ViewRootImpl.java:2363)

08-10 07:03:37.078 15186 15186 I LSPosed-Bridge: 	at android.view.ViewRootImpl.doTraversal(ViewRootImpl.java:1465)

08-10 07:03:37.078 15186 15186 I LSPosed-Bridge: 	at android.view.ViewRootImpl$TraversalRunnable.run(ViewRootImpl.java:7205)

08-10 07:03:37.078 15186 15186 I LSPosed-Bridge: 	at android.view.Choreographer$CallbackRecord.run(Choreographer.java:1004)

08-10 07:03:37.078 15186 15186 I LSPosed-Bridge: 	at android.view.Choreographer.doCallbacks(Choreographer.java:816)

08-10 07:03:37.078 15186 15186 I LSPosed-Bridge: 	at android.view.Choreographer.doFrame(Choreographer.java:751)

08-10 07:03:37.078 15186 15186 I LSPosed-Bridge: 	at android.view.Choreographer$FrameDisplayEventReceiver.run(Choreographer.java:990)

08-10 07:03:37.078 15186 15186 I LSPosed-Bridge: 	at android.os.Handler.handleCallback(Handler.java:873)

08-10 07:03:37.078 15186 15186 I LSPosed-Bridge: 	at android.os.Handler.dispatchMessage(Handler.java:99)

08-10 07:03:37.078 15186 15186 I LSPosed-Bridge: 	at android.os.Looper.loop(Looper.java:193)

08-10 07:03:37.078 15186 15186 I LSPosed-Bridge: 	at android.app.ActivityThread.main(ActivityThread.java:6692)

08-10 07:03:37.078 15186 15186 I LSPosed-Bridge: 	at java.lang.reflect.Method.invoke(Native Method)

08-10 07:03:37.078 15186 15186 I LSPosed-Bridge: 	at com.android.internal.os.RuntimeInit$MethodAndArgsCaller.run(RuntimeInit.java:493)

08-10 07:03:37.078 15186 15186 I LSPosed-Bridge: 	at com.android.internal.os.ZygoteInit.main(ZygoteInit.java:858)

08-10 07:03:47.198  1570  3039 I LSPosed-Bridge: 15186 PermLabel 10134 AMS.checkPermission: Binder.getCallingPid() = 15186; uid = 10134; Binder.getCallingUid() = 10134; getNameForUid: com.practice.ielts.listening.test; getPackagesForUid: [com.practice.ielts.listening.test]; permName: android.permission.GET_TASKS; type = 0; res = -1; stacktrace=java.lang.Exception

08-10 07:03:47.198  1570  3039 I LSPosed-Bridge: 	at com.example.permlabel.requirePerm$1$2.afterHookedMethod(requirePerm.java:139)

08-10 07:03:47.198  1570  3039 I LSPosed-Bridge: 	at de.robv.android.xposed.XposedBridge$AdditionalHookInfo.callback(Unknown Source:147)

08-10 07:03:47.198  1570  3039 I LSPosed-Bridge: 	at LSPHooker_.checkPermission(Unknown Source:25)

08-10 07:03:47.198  1570  3039 I LSPosed-Bridge: 	at com.android.server.am.ActivityManagerService.isGetTasksAllowed(ActivityManagerService.java:10902)

08-10 07:03:47.198  1570  3039 I LSPosed-Bridge: 	at com.android.server.am.ActivityManagerService.getRunningAppProcesses(ActivityManagerService.java:16139)

08-10 07:03:47.198  1570  3039 I LSPosed-Bridge: 	at android.app.IActivityManager$Stub.onTransact(IActivityManager.java:1088)

08-10 07:03:47.198  1570  3039 I LSPosed-Bridge: 	at com.android.server.am.ActivityManagerService.onTransact(ActivityManagerService.java:3346)

08-10 07:03:47.198  1570  3039 I LSPosed-Bridge: 	at android.os.Binder.execTransact(Binder.java:731)

08-10 07:04:00.100  1570  3043 I LSPosed-Bridge: 15186 PermLabel 10134 AMS.checkPermission: Binder.getCallingPid() = 15186; uid = 10134; Binder.getCallingUid() = 10134; getNameForUid: com.practice.ielts.listening.test; getPackagesForUid: [com.practice.ielts.listening.test]; permName: android.permission.GET_TASKS; type = 0; res = -1; stacktrace=java.lang.Exception

08-10 07:04:00.100  1570  3043 I LSPosed-Bridge: 	at com.example.permlabel.requirePerm$1$2.afterHookedMethod(requirePerm.java:139)

08-10 07:04:00.100  1570  3043 I LSPosed-Bridge: 	at de.robv.android.xposed.XposedBridge$AdditionalHookInfo.callback(Unknown Source:147)

08-10 07:04:00.100  1570  3043 I LSPosed-Bridge: 	at LSPHooker_.checkPermission(Unknown Source:25)

08-10 07:04:00.100  1570  3043 I LSPosed-Bridge: 	at com.android.server.am.ActivityManagerService.isGetTasksAllowed(ActivityManagerService.java:10902)

08-10 07:04:00.100  1570  3043 I LSPosed-Bridge: 	at com.android.server.am.ActivityManagerService.getRunningAppProcesses(ActivityManagerService.java:16139)

08-10 07:04:00.100  1570  3043 I LSPosed-Bridge: 	at android.app.IActivityManager$Stub.onTransact(IActivityManager.java:1088)

08-10 07:04:00.100  1570  3043 I LSPosed-Bridge: 	at com.android.server.am.ActivityManagerService.onTransact(ActivityManagerService.java:3346)

08-10 07:04:00.100  1570  3043 I LSPosed-Bridge: 	at android.os.Binder.execTransact(Binder.java:731)

08-10 07:04:36.836  1570  4595 I LSPosed-Bridge: 15186 PermLabel 10134 AMS.checkPermission: Binder.getCallingPid() = 15186; uid = 10134; Binder.getCallingUid() = 10134; getNameForUid: com.practice.ielts.listening.test; getPackagesForUid: [com.practice.ielts.listening.test]; permName: android.permission.GET_TASKS; type = 0; res = -1; stacktrace=java.lang.Exception

08-10 07:04:36.836  1570  4595 I LSPosed-Bridge: 	at com.example.permlabel.requirePerm$1$2.afterHookedMethod(requirePerm.java:139)

08-10 07:04:36.836  1570  4595 I LSPosed-Bridge: 	at de.robv.android.xposed.XposedBridge$AdditionalHookInfo.callback(Unknown Source:147)

08-10 07:04:36.836  1570  4595 I LSPosed-Bridge: 	at LSPHooker_.checkPermission(Unknown Source:25)

08-10 07:04:36.836  1570  4595 I LSPosed-Bridge: 	at com.android.server.am.ActivityManagerService.isGetTasksAllowed(ActivityManagerService.java:10902)

08-10 07:04:36.836  1570  4595 I LSPosed-Bridge: 	at com.android.server.am.ActivityManagerService.getRunningAppProcesses(ActivityManagerService.java:16139)

08-10 07:04:36.836  1570  4595 I LSPosed-Bridge: 	at android.app.IActivityManager$Stub.onTransact(IActivityManager.java:1088)

08-10 07:04:36.836  1570  4595 I LSPosed-Bridge: 	at com.android.server.am.ActivityManagerService.onTransact(ActivityManagerService.java:3346)

08-10 07:04:36.836  1570  4595 I LSPosed-Bridge: 	at android.os.Binder.execTransact(Binder.java:731)

08-10 07:04:36.836   551   551 I ConfigStore: android::hardware::configstore::V1_0::ISurfaceFlingerConfigs::hasHDRDisplay retrieved: 0

08-10 07:04:37.230  1570  2815 I LSPosed-Bridge: 15186 PermLabel 10134 AMS.checkPermission: Binder.getCallingPid() = 15186; uid = 10134; Binder.getCallingUid() = 10134; getNameForUid: com.practice.ielts.listening.test; getPackagesForUid: [com.practice.ielts.listening.test]; permName: android.permission.GET_TASKS; type = 0; res = -1; stacktrace=java.lang.Exception

08-10 07:04:37.230  1570  2815 I LSPosed-Bridge: 	at com.example.permlabel.requirePerm$1$2.afterHookedMethod(requirePerm.java:139)

08-10 07:04:37.230  1570  2815 I LSPosed-Bridge: 	at de.robv.android.xposed.XposedBridge$AdditionalHookInfo.callback(Unknown Source:147)

08-10 07:04:37.230  1570  2815 I LSPosed-Bridge: 	at LSPHooker_.checkPermission(Unknown Source:25)

08-10 07:04:37.230  1570  2815 I LSPosed-Bridge: 	at com.android.server.am.ActivityManagerService.isGetTasksAllowed(ActivityManagerService.java:10902)

08-10 07:04:37.230  1570  2815 I LSPosed-Bridge: 	at com.android.server.am.ActivityManagerService.getRunningAppProcesses(ActivityManagerService.java:16139)

08-10 07:04:37.230  1570  2815 I LSPosed-Bridge: 	at android.app.IActivityManager$Stub.onTransact(IActivityManager.java:1088)

08-10 07:04:37.230  1570  2815 I LSPosed-Bridge: 	at com.android.server.am.ActivityManagerService.onTransact(ActivityManagerService.java:3346)

08-10 07:04:37.230  1570  2815 I LSPosed-Bridge: 	at android.os.Binder.execTransact(Binder.java:731)

08-10 07:04:37.230 15186 24047 I LSPosed-Bridge: 15186 PermLabel hookBinder_test 10134 interfaceBinder =android.app.IActivityManager; arg0 = 81; arg1 = android.os.Parcel@d1b9341; arg2 = android.os.Parcel@7d0f825; arg3 = 0; res = true; stacktrace=java.lang.Exception

08-10 07:04:37.230 15186 24047 I LSPosed-Bridge: 	at com.example.permlabel.hookBinder_test$1.afterHookedMethod(hookBinder_test.java:70)

08-10 07:04:37.230 15186 24047 I LSPosed-Bridge: 	at de.robv.android.xposed.XposedBridge$AdditionalHookInfo.callback(Unknown Source:147)

08-10 07:04:37.230 15186 24047 I LSPosed-Bridge: 	at LSPHooker_.transact(Unknown Source:28)

