06-28 17:51:06.200  7980  8389 I LSPosed-Bridge: 	at java.util.concurrent.ThreadPoolExecutor$Worker.run(ThreadPoolExecutor.java:641)

06-28 17:51:06.200  7980  8389 I LSPosed-Bridge: 	at java.lang.Thread.run(Thread.java:764)

06-28 17:51:06.257  7980  8389 I LSPosed-Bridge: 7980 PermLabel 10125 PM.checkPermission permName:android.permission.READ_PHONE_STATE; Package name: com.ustwo.monumentvalleyzz360; Result: -1; stacktrace=java.lang.Exception

06-28 17:51:06.257  7980  8389 I LSPosed-Bridge: 	at com.example.permlabel.requestPerm$1.afterHookedMethod(requestPerm.java:132)

06-28 17:51:06.257  7980  8389 I LSPosed-Bridge: 	at de.robv.android.xposed.XposedBridge$AdditionalHookInfo.callback(Unknown Source:147)

06-28 17:51:06.257  7980  8389 I LSPosed-Bridge: 	at LSPHooker_.checkPermission(Unknown Source:14)

06-28 17:51:06.257  7980  8389 I LSPosed-Bridge: 	at com.qihoo.sdk.qhdeviceid.b.a(Unknown Source:17)

06-28 17:51:06.257  7980  8389 I LSPosed-Bridge: 	at com.qihoo.sdk.qhdeviceid.b.f(Unknown Source:19)

06-28 17:51:06.257  7980  8389 I LSPosed-Bridge: 	at com.qihoo.sdk.qhdeviceid.b.d(Unknown Source:19)

06-28 17:51:06.257  7980  8389 I LSPosed-Bridge: 	at com.qihoo.sdk.qhdeviceid.QHDevice.getDeviceId(Unknown Source:151)

06-28 17:51:06.257  7980  8389 I LSPosed-Bridge: 	at com.qihoo.sdk.qhdeviceid.QHDevice.getDeviceId(Unknown Source:8)

06-28 17:51:06.257  7980  8389 I LSPosed-Bridge: 	at com.qihoo.mysdk.report.a.l.a(HeaderManager.java:27)

06-28 17:51:06.257  7980  8389 I LSPosed-Bridge: 	at com.qihoo.mysdk.report.a.l.c(HeaderManager.java:1082)

06-28 17:51:06.257  7980  8389 I LSPosed-Bridge: 	at com.qihoo.mysdk.report.a.l.a(HeaderManager.java:22)

06-28 17:51:06.257  7980  8389 I LSPosed-Bridge: 	at com.qihoo.a.a.d.b.b(QHFile.java:38)

06-28 17:51:06.257  7980  8389 I LSPosed-Bridge: 	at com.qihoo.a.a.d.b.a(QHFile.java:25019)

06-28 17:51:06.257  7980  8389 I LSPosed-Bridge: 	at com.qihoo.a.a.d.d.a(QHStore.java:17)

06-28 17:51:06.257  7980  8389 I LSPosed-Bridge: 	at com.qihoo.a.a.f.b(QHStatAgent.java:5634)

06-28 17:51:06.257  7980  8389 I LSPosed-Bridge: 	at com.qihoo.a.a.f$b.a(QHStatAgent.java:1)

06-28 17:51:06.257  7980  8389 I LSPosed-Bridge: 	at com.qihoo.a.a.i.run(SafeRunnable.java:12)

06-28 17:51:06.257  7980  8389 I LSPosed-Bridge: 	at com.qihoo.a.a.e.d.run(ExecutorsHelper.java:4)

06-28 17:51:06.257  7980  8389 I LSPosed-Bridge: 	at java.util.concurrent.ThreadPoolExecutor.runWorker(ThreadPoolExecutor.java:1167)

06-28 17:51:06.257  7980  8389 I LSPosed-Bridge: 	at java.util.concurrent.ThreadPoolExecutor$Worker.run(ThreadPoolExecutor.java:641)

06-28 17:51:06.257  7980  8389 I LSPosed-Bridge: 	at java.lang.Thread.run(Thread.java:764)

06-28 17:51:06.266  7980  8389 I LSPosed-Bridge: 7980 PermLabel 10125 PM.checkPermission permName:android.permission.READ_PHONE_STATE; Package name: com.ustwo.monumentvalleyzz360; Result: -1; stacktrace=java.lang.Exception

06-28 17:51:06.266  7980  8389 I LSPosed-Bridge: 	at com.example.permlabel.requestPerm$1.afterHookedMethod(requestPerm.java:132)

06-28 17:51:06.266  7980  8389 I LSPosed-Bridge: 	at de.robv.android.xposed.XposedBridge$AdditionalHookInfo.callback(Unknown Source:147)

06-28 17:51:06.266  7980  8389 I LSPosed-Bridge: 	at LSPHooker_.checkPermission(Unknown Source:14)

06-28 17:51:06.266  7980  8389 I LSPosed-Bridge: 	at com.qihoo.sdk.qhdeviceid.b.a(Unknown Source:17)

06-28 17:51:06.266  7980  8389 I LSPosed-Bridge: 	at com.qihoo.sdk.qhdeviceid.b.b(Unknown Source:6)

06-28 17:51:06.266  7980  8389 I LSPosed-Bridge: 	at com.qihoo.sdk.qhdeviceid.QHDevice.getDeviceId(Unknown Source:482)

06-28 17:51:06.266  7980  8389 I LSPosed-Bridge: 	at com.qihoo.sdk.qhdeviceid.QHDevice.getDeviceId(Unknown Source:8)

06-28 17:51:06.266  7980  8389 I LSPosed-Bridge: 	at com.qihoo.mysdk.report.a.l.a(HeaderManager.java:27)

06-28 17:51:06.266  7980  8389 I LSPosed-Bridge: 	at com.qihoo.mysdk.report.a.l.c(HeaderManager.java:1083)

06-28 17:51:06.266  7980  8389 I LSPosed-Bridge: 	at com.qihoo.mysdk.report.a.l.a(HeaderManager.java:22)

06-28 17:51:06.266  7980  8389 I LSPosed-Bridge: 	at com.qihoo.a.a.d.b.b(QHFile.java:38)

06-28 17:51:06.266  7980  8389 I LSPosed-Bridge: 	at com.qihoo.a.a.d.b.a(QHFile.java:25019)

06-28 17:51:06.266  7980  8389 I LSPosed-Bridge: 	at com.qihoo.a.a.d.d.a(QHStore.java:17)

06-28 17:51:06.266  7980  8389 I LSPosed-Bridge: 	at com.qihoo.a.a.f.b(QHStatAgent.java:5634)

06-28 17:51:06.266  7980  8389 I LSPosed-Bridge: 	at com.qihoo.a.a.f$b.a(QHStatAgent.java:1)

06-28 17:51:06.266  7980  8389 I LSPosed-Bridge: 	at com.qihoo.a.a.i.run(SafeRunnable.java:12)

06-28 17:51:06.266  7980  8389 I LSPosed-Bridge: 	at com.qihoo.a.a.e.d.run(ExecutorsHelper.java:4)

06-28 17:51:06.266  7980  8389 I LSPosed-Bridge: 	at java.util.concurrent.ThreadPoolExecutor.runWorker(ThreadPoolExecutor.java:1167)

06-28 17:51:06.266  7980  8389 I LSPosed-Bridge: 	at java.util.concurrent.ThreadPoolExecutor$Worker.run(ThreadPoolExecutor.java:641)

06-28 17:51:06.266  7980  8389 I LSPosed-Bridge: 	at java.lang.Thread.run(Thread.java:764)

06-28 17:51:06.341  7980  8389 I LSPosed-Bridge: 7980 PermLabel 10125 PM.checkPermission permName:android.permission.READ_PHONE_STATE; Package name: com.ustwo.monumentvalleyzz360; Result: -1; stacktrace=java.lang.Exception

06-28 17:51:06.341  7980  8389 I LSPosed-Bridge: 	at com.example.permlabel.requestPerm$1.afterHookedMethod(requestPerm.java:132)

06-28 17:51:06.341  7980  8389 I LSPosed-Bridge: 	at de.robv.android.xposed.XposedBridge$AdditionalHookInfo.callback(Unknown Source:147)

06-28 17:51:06.341  7980  8389 I LSPosed-Bridge: 	at LSPHooker_.checkPermission(Unknown Source:14)

06-28 17:51:06.341  7980  8389 I LSPosed-Bridge: 	at com.qihoo.sdk.qhdeviceid.b.a(Unknown Source:17)

06-28 17:51:06.341  7980  8389 I LSPosed-Bridge: 	at com.qihoo.sdk.qhdeviceid.b.f(Unknown Source:19)

06-28 17:51:06.341  7980  8389 I LSPosed-Bridge: 	at com.qihoo.sdk.qhdeviceid.b.d(Unknown Source:19)

06-28 17:51:06.341  7980  8389 I LSPosed-Bridge: 	at com.qihoo.sdk.qhdeviceid.QHDevice.getDeviceId(Unknown Source:151)

06-28 17:51:06.341  7980  8389 I LSPosed-Bridge: 	at com.qihoo.sdk.qhdeviceid.QHDevice.getDeviceId(Unknown Source:8)

06-28 17:51:06.341  7980  8389 I LSPosed-Bridge: 	at com.qihoo.mysdk.report.a.l.a(HeaderManager.java:27)

06-28 17:51:06.341  7980  8389 I LSPosed-Bridge: 	at com.qihoo.mysdk.report.a.l.c(HeaderManager.java:1082)

06-28 17:51:06.341  7980  8389 I LSPosed-Bridge: 	at com.qihoo.mysdk.report.a.l.a(HeaderManager.java:22)

06-28 17:51:06.341  7980  8389 I LSPosed-Bridge: 	at com.qihoo.a.a.d.b.a(QHFile.java:25082)

06-28 17:51:06.341  7980  8389 I LSPosed-Bridge: 	at com.qihoo.a.a.d.b.a(QHFile.java:25041)

06-28 17:51:06.341  7980  8389 I LSPosed-Bridge: 	at com.qihoo.a.a.d.d.a(QHStore.java:17)

06-28 17:51:06.341  7980  8389 I LSPosed-Bridge: 	at com.qihoo.a.a.f.b(QHStatAgent.java:5634)

06-28 17:51:06.341  7980  8389 I LSPosed-Bridge: 	at com.qihoo.a.a.f$b.a(QHStatAgent.java:1)

06-28 17:51:06.341  7980  8389 I LSPosed-Bridge: 	at com.qihoo.a.a.i.run(SafeRunnable.java:12)

06-28 17:51:06.341  7980  8389 I LSPosed-Bridge: 	at com.qihoo.a.a.e.d.run(ExecutorsHelper.java:4)

06-28 17:51:06.341  7980  8389 I LSPosed-Bridge: 	at java.util.concurrent.ThreadPoolExecutor.runWorker(ThreadPoolExecutor.java:1167)

06-28 17:51:06.341  7980  8389 I LSPosed-Bridge: 	at java.util.concurrent.ThreadPoolExecutor$Worker.run(ThreadPoolExecutor.java:641)

06-28 17:51:06.341  7980  8389 I LSPosed-Bridge: 	at java.lang.Thread.run(Thread.java:764)

06-28 17:51:06.351  7980  8389 I LSPosed-Bridge: 7980 PermLabel 10125 PM.checkPermission permName:android.permission.READ_PHONE_STATE; Package name: com.ustwo.monumentvalleyzz360; Result: -1; stacktrace=java.lang.Exception

06-28 17:51:06.351  7980  8389 I LSPosed-Bridge: 	at com.example.permlabel.requestPerm$1.afterHookedMethod(requestPerm.java:132)

06-28 17:51:06.351  7980  8389 I LSPosed-Bridge: 	at de.robv.android.xposed.XposedBridge$AdditionalHookInfo.callback(Unknown Source:147)

06-28 17:51:06.351  7980  8389 I LSPosed-Bridge: 	at LSPHooker_.checkPermission(Unknown Source:14)

06-28 17:51:06.351  7980  8389 I LSPosed-Bridge: 	at com.qihoo.sdk.qhdeviceid.b.a(Unknown Source:17)

06-28 17:51:06.351  7980  8389 I LSPosed-Bridge: 	at com.qihoo.sdk.qhdeviceid.b.b(Unknown Source:6)

06-28 17:51:06.351  7980  8389 I LSPosed-Bridge: 	at com.qihoo.sdk.qhdeviceid.QHDevice.getDeviceId(Unknown Source:482)

06-28 17:51:06.351  7980  8389 I LSPosed-Bridge: 	at com.qihoo.sdk.qhdeviceid.QHDevice.getDeviceId(Unknown Source:8)

06-28 17:51:06.351  7980  8389 I LSPosed-Bridge: 	at com.qihoo.mysdk.report.a.l.a(HeaderManager.java:27)

06-28 17:51:06.351  7980  8389 I LSPosed-Bridge: 	at com.qihoo.mysdk.report.a.l.c(HeaderManager.java:1083)

06-28 17:51:06.351  7980  8389 I LSPosed-Bridge: 	at com.qihoo.mysdk.report.a.l.a(HeaderManager.java:22)

06-28 17:51:06.351  7980  8389 I LSPosed-Bridge: 	at com.qihoo.a.a.d.b.a(QHFile.java:25082)

06-28 17:51:06.351  7980  8389 I LSPosed-Bridge: 	at com.qihoo.a.a.d.b.a(QHFile.java:25041)

06-28 17:51:06.351  7980  8389 I LSPosed-Bridge: 	at com.qihoo.a.a.d.d.a(QHStore.java:17)

06-28 17:51:06.351  7980  8389 I LSPosed-Bridge: 	at com.qihoo.a.a.f.b(QHStatAgent.java:5634)

06-28 17:51:06.351  7980  8389 I LSPosed-Bridge: 	at com.qihoo.a.a.f$b.a(QHStatAgent.java:1)

06-28 17:51:06.351  7980  8389 I LSPosed-Bridge: 	at com.qihoo.a.a.i.run(SafeRunnable.java:12)

06-28 17:51:06.351  7980  8389 I LSPosed-Bridge: 	at com.qihoo.a.a.e.d.run(ExecutorsHelper.java:4)

06-28 17:51:06.351  7980  8389 I LSPosed-Bridge: 	at java.util.concurrent.ThreadPoolExecutor.runWorker(ThreadPoolExecutor.java:1167)

06-28 17:51:06.351  7980  8389 I LSPosed-Bridge: 	at java.util.concurrent.ThreadPoolExecutor$Worker.run(ThreadPoolExecutor.java:641)

06-28 17:51:06.351  7980  8389 I LSPosed-Bridge: 	at java.lang.Thread.run(Thread.java:764)

06-28 17:51:06.396   552   552 I ConfigStore: android::hardware::configstore::V1_0::ISurfaceFlingerConfigs::hasHDRDisplay retrieved: 0

06-28 17:51:06.396  7980  8389 I LSPosed-Bridge: 7980 PermLabel 10125 PM.checkPermission permName:android.permission.READ_PHONE_STATE; Package name: com.ustwo.monumentvalleyzz360; Result: -1; stacktrace=java.lang.Exception

06-28 17:51:06.396  7980  8389 I LSPosed-Bridge: 	at com.example.permlabel.requestPerm$1.afterHookedMethod(requestPerm.java:132)

06-28 17:51:06.396  7980  8389 I LSPosed-Bridge: 	at de.robv.android.xposed.XposedBridge$AdditionalHookInfo.callback(Unknown Source:147)

06-28 17:51:06.396  7980  8389 I LSPosed-Bridge: 	at LSPHooker_.checkPermission(Unknown Source:14)

06-28 17:51:06.396  7980  8389 I LSPosed-Bridge: 	at com.qihoo.sdk.qhdeviceid.b.a(Unknown Source:17)

06-28 17:51:06.396  7980  8389 I LSPosed-Bridge: 	at com.qihoo.sdk.qhdeviceid.b.f(Unknown Source:19)

06-28 17:51:06.396  7980  8389 I LSPosed-Bridge: 	at com.qihoo.sdk.qhdeviceid.b.d(Unknown Source:19)

06-28 17:51:06.396  7980  8389 I LSPosed-Bridge: 	at com.qihoo.sdk.qhdeviceid.QHDevice.getDeviceId(Unknown Source:151)

06-28 17:51:06.396  7980  8389 I LSPosed-Bridge: 	at com.qihoo.sdk.qhdeviceid.QHDevice.getDeviceId(Unknown Source:8)

06-28 17:51:06.396  7980  8389 I LSPosed-Bridge: 	at com.qihoo.mysdk.report.a.l.a(HeaderManager.java:27)

06-28 17:51:06.396  7980  8389 I LSPosed-Bridge: 	at com.qihoo.mysdk.report.a.l.c(HeaderManager.java:1082)

06-28 17:51:06.396  7980  8389 I LSPosed-Bridge: 	at com.qihoo.mysdk.report.a.l.a(HeaderManager.java:22)

06-28 17:51:06.396  7980  8389 I LSPosed-Bridge: 	at com.qihoo.a.a.d.b.b(QHFile.java:38)

06-28 17:51:06.396  7980  8389 I LSPosed-Bridge: 	at com.qihoo.a.a.d.b.a(QHFile.java:25019)

06-28 17:51:06.396  7980  8389 I LSPosed-Bridge: 	at com.qihoo.a.a.d.d.a(QHStore.java:17)

06-28 17:51:06.396  7980  8389 I LSPosed-Bridge: 	at com.qihoo.a.a.f.b(QHStatAgent.java:5634)

06-28 17:51:06.396  7980  8389 I LSPosed-Bridge: 	at com.qihoo.a.a.f$b.a(QHStatAgent.java:1)

06-28 17:51:06.396  7980  8389 I LSPosed-Bridge: 	at com.qihoo.a.a.i.run(SafeRunnable.java:12)

06-28 17:51:06.396  7980  8389 I LSPosed-Bridge: 	at com.qihoo.a.a.e.d.run(ExecutorsHelper.java:4)

06-28 17:51:06.396  7980  8389 I LSPosed-Bridge: 	at java.util.concurrent.ThreadPoolExecutor.runWorker(ThreadPoolExecutor.java:1167)

06-28 17:51:06.396  7980  8389 I LSPosed-Bridge: 	at java.util.concurrent.ThreadPoolExecutor$Worker.run(ThreadPoolExecutor.java:641)

06-28 17:51:06.396  7980  8389 I LSPosed-Bridge: 	at java.lang.Thread.run(Thread.java:764)

06-28 17:51:06.396  1528  1598 W libprocessgroup: kill(-6306, 9) failed: No such process

06-28 17:51:06.396  1528  1598 I libprocessgroup: Successfully killed process cgroup uid 10020 pid 6306 in 128ms

06-28 17:51:06.404  7980  8389 I LSPosed-Bridge: 7980 PermLabel 10125 PM.checkPermission permName:android.permission.READ_PHONE_STATE; Package name: com.ustwo.monumentvalleyzz360; Result: -1; stacktrace=java.lang.Exception

06-28 17:51:06.404  7980  8389 I LSPosed-Bridge: 	at com.example.permlabel.requestPerm$1.afterHookedMethod(requestPerm.java:132)

06-28 17:51:06.404  7980  8389 I LSPosed-Bridge: 	at de.robv.android.xposed.XposedBridge$AdditionalHookInfo.callback(Unknown Source:147)

06-28 17:51:06.404  7980  8389 I LSPosed-Bridge: 	at LSPHooker_.checkPermission(Unknown Source:14)

06-28 17:51:06.404  7980  8389 I LSPosed-Bridge: 	at com.qihoo.sdk.qhdeviceid.b.a(Unknown Source:17)

06-28 17:51:06.404  7980  8389 I LSPosed-Bridge: 	at com.qihoo.sdk.qhdeviceid.b.b(Unknown Source:6)

06-28 17:51:06.404  7980  8389 I LSPosed-Bridge: 	at com.qihoo.sdk.qhdeviceid.QHDevice.getDeviceId(Unknown Source:482)

06-28 17:51:06.404  7980  8389 I LSPosed-Bridge: 	at com.qihoo.sdk.qhdeviceid.QHDevice.getDeviceId(Unknown Source:8)

06-28 17:51:06.404  7980  8389 I LSPosed-Bridge: 	at com.qihoo.mysdk.report.a.l.a(HeaderManager.java:27)

06-28 17:51:06.404  7980  8389 I LSPosed-Bridge: 	at com.qihoo.mysdk.report.a.l.c(HeaderManager.java:1083)

06-28 17:51:06.404  7980  8389 I LSPosed-Bridge: 	at com.qihoo.mysdk.report.a.l.a(HeaderManager.java:22)

06-28 17:51:06.404  7980  8389 I LSPosed-Bridge: 	at com.qihoo.a.a.d.b.b(QHFile.java:38)

06-28 17:51:06.404  7980  8389 I LSPosed-Bridge: 	at com.qihoo.a.a.d.b.a(QHFile.java:25019)

06-28 17:51:06.404  7980  8389 I LSPosed-Bridge: 	at com.qihoo.a.a.d.d.a(QHStore.java:17)

06-28 17:51:06.404  7980  8389 I LSPosed-Bridge: 	at com.qihoo.a.a.f.b(QHStatAgent.java:5634)

06-28 17:51:06.404  7980  8389 I LSPosed-Bridge: 	at com.qihoo.a.a.f$b.a(QHStatAgent.java:1)

06-28 17:51:06.404  7980  8389 I LSPosed-Bridge: 	at com.qihoo.a.a.i.run(SafeRunnable.java:12)

06-28 17:51:06.404  7980  8389 I LSPosed-Bridge: 	at com.qihoo.a.a.e.d.run(ExecutorsHelper.java:4)

06-28 17:51:06.404  7980  8389 I LSPosed-Bridge: 	at java.util.concurrent.ThreadPoolExecutor.runWorker(ThreadPoolExecutor.java:1167)

06-28 17:51:06.404  7980  8389 I LSPosed-Bridge: 	at java.util.concurrent.ThreadPoolExecutor$Worker.run(ThreadPoolExecutor.java:641)

06-28 17:51:06.404  7980  8389 I LSPosed-Bridge: 	at java.lang.Thread.run(Thread.java:764)

06-28 17:51:06.447  7002  8580 I LSPosed-Bridge: 7002 PermLabel 10125 PM.checkPermission permName:android.permission.READ_PHONE_STATE; Package name: com.ustwo.monumentvalleyzz360; Result: -1; stacktrace=java.lang.Exception

06-28 17:51:06.447  7002  8580 I LSPosed-Bridge: 	at com.example.permlabel.requestPerm$1.afterHookedMethod(requestPerm.java:132)

06-28 17:51:06.447  7002  8580 I LSPosed-Bridge: 	at de.robv.android.xposed.XposedBridge$AdditionalHookInfo.callback(Unknown Source:147)

06-28 17:51:06.447  7002  8580 I LSPosed-Bridge: 	at LSPHooker_.checkPermission(Unknown Source:14)

06-28 17:51:06.447  7002  8580 I LSPosed-Bridge: 	at com.qihoo.sdk.qhdeviceid.b.a(Unknown Source:17)

06-28 17:51:06.447  7002  8580 I LSPosed-Bridge: 	at com.qihoo.sdk.qhdeviceid.b.f(Unknown Source:19)

06-28 17:51:06.447  7002  8580 I LSPosed-Bridge: 	at com.qihoo.sdk.qhdeviceid.b.d(Unknown Source:19)

06-28 17:51:06.447  7002  8580 I LSPosed-Bridge: 	at com.qihoo.sdk.qhdeviceid.QHDevice.getDeviceId(Unknown Source:151)

06-28 17:51:06.447  7002  8580 I LSPosed-Bridge: 	at com.qihoo.sdk.qhdeviceid.QHDevice.getDeviceId(Unknown Source:8)

06-28 17:51:06.447  7002  8580 I LSPosed-Bridge: 	at com.qihoo.mysdk.report.a.l.a(HeaderManager.java:27)

06-28 17:51:06.447  7002  8580 I LSPosed-Bridge: 	at com.qihoo.mysdk.report.a.l.c(HeaderManager.java:1082)

06-28 17:51:06.447  7002  8580 I LSPosed-Bridge: 	at com.qihoo.mysdk.report.a.l.a(HeaderManager.java:108)

06-28 17:51:06.447  7002  8580 I LSPosed-Bridge: 	at com.qihoo.a.a.b.e.b(QHNetwork.java:25)

06-28 17:51:06.447  7002  8580 I LSPosed-Bridge: 	at com.qihoo.a.a.b.e.c(QHNetwork.java:13)

06-28 17:51:06.447  7002  8580 I LSPosed-Bridge: 	at com.qihoo.a.a.b.e.b(QHNetwork.java:1037)

06-28 17:51:06.447  7002  8580 I LSPosed-Bridge: 	at com.qihoo.a.a.f.a$c.run(ConnectionTimer.java:53172)

06-28 17:51:06.447  7002  8580 I LSPosed-Bridge: 	at com.qihoo.a.a.e.d.run(ExecutorsHelper.java:4)

06-28 17:51:06.447  7002  8580 I LSPosed-Bridge: 	at java.util.concurrent.Executors$RunnableAdapter.call(Executors.java:458)

06-28 17:51:06.447  7002  8580 I LSPosed-Bridge: 	at java.util.concurrent.FutureTask.run(FutureTask.java:266)

06-28 17:51:06.447  7002  8580 I LSPosed-Bridge: 	at java.util.concurrent.ThreadPoolExecutor.runWorker(ThreadPoolExecutor.java:1167)

06-28 17:51:06.447  7002  8580 I LSPosed-Bridge: 	at java.util.concurrent.ThreadPoolExecutor$Worker.run(ThreadPoolExecutor.java:641)

06-28 17:51:06.447  7002  8580 I LSPosed-Bridge: 	at java.lang.Thread.run(Thread.java:764)

06-28 17:51:06.449  7002  7957 I LSPosed-Bridge: 7002 PermLabel 10125 PM.checkPermission permName:android.permission.READ_PHONE_STATE; Package name: com.ustwo.monumentvalleyzz360; Result: -1; stacktrace=java.lang.Exception

06-28 17:51:06.449  7002  7957 I LSPosed-Bridge: 	at com.example.permlabel.requestPerm$1.afterHookedMethod(requestPerm.java:132)

06-28 17:51:06.449  7002  7957 I LSPosed-Bridge: 	at de.robv.android.xposed.XposedBridge$AdditionalHookInfo.callback(Unknown Source:147)

06-28 17:51:06.449  7002  7957 I LSPosed-Bridge: 	at LSPHooker_.checkPermission(Unknown Source:14)

06-28 17:51:06.449  7002  7957 I LSPosed-Bridge: 	at com.qihoo.sdk.qhdeviceid.b.a(Unknown Source:17)

06-28 17:51:06.449  7002  7957 I LSPosed-Bridge: 	at com.qihoo.sdk.qhdeviceid.b.f(Unknown Source:19)

06-28 17:51:06.449  7002  7957 I LSPosed-Bridge: 	at com.qihoo.sdk.qhdeviceid.b.d(Unknown Source:19)

06-28 17:51:06.449  7002  7957 I LSPosed-Bridge: 	at com.qihoo.sdk.qhdeviceid.QHDevice.getDeviceId(Unknown Source:151)

06-28 17:51:06.449  7002  7957 I LSPosed-Bridge: 	at com.qihoo.sdk.qhdeviceid.QHDevice.getDeviceId(Unknown Source:8)

06-28 17:51:06.449  7002  7957 I LSPosed-Bridge: 	at com.qihoo.sdk.report.a.l.a(HeaderManager.java:195)

06-28 17:51:06.449  7002  7957 I LSPosed-Bridge: 	at com.qihoo.sdk.report.a.l.c(HeaderManager.java:1179)

06-28 17:51:06.449  7002  7957 I LSPosed-Bridge: 	at com.qihoo.sdk.report.a.l.a(HeaderManager.java:91)

06-28 17:51:06.449  7002  7957 I LSPosed-Bridge: 	at com.qihoo.sdk.report.d.b.b(QHFile.java:520)

06-28 17:51:06.449  7002  7957 I LSPosed-Bridge: 	at com.qihoo.sdk.report.d.b.a(QHFile.java:469)

06-28 17:51:06.449  7002  7957 I LSPosed-Bridge: 	at com.qihoo.sdk.report.d.d.a(QHStore.java:51)

06-28 17:51:06.449  7002  7957 I LSPosed-Bridge: 	at com.qihoo.sdk.report.b.d.a(EventController.java:1089)

06-28 17:51:06.449  7002  7957 I LSPosed-Bridge: 	at com.qihoo.sdk.report.QHStatAgent$4.a(QHStatAgent.java:896)

06-28 17:51:06.449  7002  7957 I LSPosed-Bridge: 	at com.qihoo.sdk.report.b.run(SafeRunnable.java:41)

06-28 17:51:06.449  7002  7957 I LSPosed-Bridge: 	at com.qihoo.sdk.report.e.d.run(ExecutorsHelper.java:125)

06-28 17:51:06.449  7002  7957 I LSPosed-Bridge: 	at java.util.concurrent.ThreadPoolExecutor.runWorker(ThreadPoolExecutor.java:1167)

06-28 17:51:06.449  7002  7957 I LSPosed-Bridge: 	at java.util.concurrent.ThreadPoolExecutor$Worker.run(ThreadPoolExecutor.java:641)

06-28 17:51:06.449  7002  7957 I LSPosed-Bridge: 	at java.lang.Thread.run(Thread.java:764)

06-28 17:51:06.460  7002  8580 I LSPosed-Bridge: 7002 PermLabel 10125 PM.checkPermission permName:android.permission.READ_PHONE_STATE; Package name: com.ustwo.monumentvalleyzz360; Result: -1; stacktrace=java.lang.Exception

06-28 17:51:06.460  7002  8580 I LSPosed-Bridge: 	at com.example.permlabel.requestPerm$1.afterHookedMethod(requestPerm.java:132)

06-28 17:51:06.460  7002  8580 I LSPosed-Bridge: 	at de.robv.android.xposed.XposedBridge$AdditionalHookInfo.callback(Unknown Source:147)

06-28 17:51:06.460  7002  8580 I LSPosed-Bridge: 	at LSPHooker_.checkPermission(Unknown Source:14)

06-28 17:51:06.460  7002  8580 I LSPosed-Bridge: 	at com.qihoo.sdk.qhdeviceid.b.a(Unknown Source:17)

06-28 17:51:06.460  7002  8580 I LSPosed-Bridge: 	at com.qihoo.sdk.qhdeviceid.b.b(Unknown Source:6)

06-28 17:51:06.460  7002  8580 I LSPosed-Bridge: 	at com.qihoo.sdk.qhdeviceid.QHDevice.getDeviceId(Unknown Source:482)

06-28 17:51:06.460  7002  8580 I LSPosed-Bridge: 	at com.qihoo.sdk.qhdeviceid.QHDevice.getDeviceId(Unknown Source:8)

06-28 17:51:06.460  7002  8580 I LSPosed-Bridge: 	at com.qihoo.mysdk.report.a.l.a(HeaderManager.java:27)

06-28 17:51:06.460  7002  8580 I LSPosed-Bridge: 	at com.qihoo.mysdk.report.a.l.c(HeaderManager.java:1083)

06-28 17:51:06.460  7002  8580 I LSPosed-Bridge: 	at com.qihoo.mysdk.report.a.l.a(HeaderManager.java:108)

06-28 17:51:06.460  7002  8580 I LSPosed-Bridge: 	at com.qihoo.a.a.b.e.b(QHNetwork.java:25)

06-28 17:51:06.460  7002  8580 I LSPosed-Bridge: 	at com.qihoo.a.a.b.e.c(QHNetwork.java:13)

06-28 17:51:06.460  7002  8580 I LSPosed-Bridge: 	at com.qihoo.a.a.b.e.b(QHNetwork.java:1037)

06-28 17:51:06.460  7002  8580 I LSPosed-Bridge: 	at com.qihoo.a.a.f.a$c.run(ConnectionTimer.java:53172)

06-28 17:51:06.460  7002  8580 I LSPosed-Bridge: 	at com.qihoo.a.a.e.d.run(ExecutorsHelper.java:4)

06-28 17:51:06.460  7002  8580 I LSPosed-Bridge: 	at java.util.concurrent.Executors$RunnableAdapter.call(Executors.java:458)

06-28 17:51:06.460  7002  8580 I LSPosed-Bridge: 	at java.util.concurrent.FutureTask.run(FutureTask.java:266)

06-28 17:51:06.460  7002  8580 I LSPosed-Bridge: 	at java.util.concurrent.ThreadPoolExecutor.runWorker(ThreadPoolExecutor.java:1167)

06-28 17:51:06.460  7002  8580 I LSPosed-Bridge: 	at java.util.concurrent.ThreadPoolExecutor$Worker.run(ThreadPoolExecutor.java:641)

06-28 17:51:06.460  7002  8580 I LSPosed-Bridge: 	at java.lang.Thread.run(Thread.java:764)

06-28 17:51:06.460  7002  7957 I LSPosed-Bridge: 7002 PermLabel 10125 PM.checkPermission permName:android.permission.WRITE_SETTINGS; Package name: com.ustwo.monumentvalleyzz360; Result: -1; stacktrace=java.lang.Exception

06-28 17:51:06.460  7002  7957 I LSPosed-Bridge: 	at com.example.permlabel.requestPerm$1.afterHookedMethod(requestPerm.java:132)

06-28 17:51:06.460  7002  7957 I LSPosed-Bridge: 	at de.robv.android.xposed.XposedBridge$AdditionalHookInfo.callback(Unknown Source:147)

06-28 17:51:06.460  7002  7957 I LSPosed-Bridge: 	at LSPHooker_.checkPermission(Unknown Source:14)

06-28 17:51:06.460  7002  7957 I LSPosed-Bridge: 	at com.qihoo.sdk.qhdeviceid.b.a(Unknown Source:17)

06-28 17:51:06.460  7002  7957 I LSPosed-Bridge: 	at com.qihoo.sdk.qhdeviceid.c$d.a(Unknown Source:8)

06-28 17:51:06.460  7002  7957 I LSPosed-Bridge: 	at com.qihoo.sdk.qhdeviceid.c.c(Unknown Source:27)

06-28 17:51:06.460  7002  7957 I LSPosed-Bridge: 	at com.qihoo.sdk.qhdeviceid.QHDevice.getDeviceId(Unknown Source:472)

06-28 17:51:06.460  7002  7957 I LSPosed-Bridge: 	at com.qihoo.sdk.qhdeviceid.QHDevice.getDeviceId(Unknown Source:8)

06-28 17:51:06.460  7002  7957 I LSPosed-Bridge: 	at com.qihoo.sdk.report.a.l.a(HeaderManager.java:195)

06-28 17:51:06.460  7002  7957 I LSPosed-Bridge: 	at com.qihoo.sdk.report.a.l.c(HeaderManager.java:1180)

06-28 17:51:06.460  7002  7957 I LSPosed-Bridge: 	at com.qihoo.sdk.report.a.l.a(HeaderManager.java:91)

06-28 17:51:06.460  7002  7957 I LSPosed-Bridge: 	at com.qihoo.sdk.report.d.b.b(QHFile.java:520)

06-28 17:51:06.460  7002  7957 I LSPosed-Bridge: 	at com.qihoo.sdk.report.d.b.a(QHFile.java:469)

06-28 17:51:06.460  7002  7957 I LSPosed-Bridge: 	at com.qihoo.sdk.report.d.d.a(QHStore.java:51)

06-28 17:51:06.460  7002  7957 I LSPosed-Bridge: 	at com.qihoo.sdk.report.b.d.a(EventController.java:1089)

06-28 17:51:06.460  7002  7957 I LSPosed-Bridge: 	at com.qihoo.sdk.report.QHStatAgent$4.a(QHStatAgent.java:896)

06-28 17:51:06.460  7002  7957 I LSPosed-Bridge: 	at com.qihoo.sdk.report.b.run(SafeRunnable.java:41)

06-28 17:51:06.460  7002  7957 I LSPosed-Bridge: 	at com.qihoo.sdk.report.e.d.run(ExecutorsHelper.java:125)

06-28 17:51:06.460  7002  7957 I LSPosed-Bridge: 	at java.util.concurrent.ThreadPoolExecutor.runWorker(ThreadPoolExecutor.java:1167)

06-28 17:51:06.460  7002  7957 I LSPosed-Bridge: 	at java.util.concurrent.ThreadPoolExecutor$Worker.run(ThreadPoolExecutor.java:641)

06-28 17:51:06.460  7002  7957 I LSPosed-Bridge: 	at java.lang.Thread.run(Thread.java:764)

06-28 17:51:06.463  7002  7957 I LSPosed-Bridge: 7002 PermLabel 10125 PM.checkPermission permName:android.permission.READ_PHONE_STATE; Package name: com.ustwo.monumentvalleyzz360; Result: -1; stacktrace=java.lang.Exception

06-28 17:51:06.463  7002  7957 I LSPosed-Bridge: 	at com.example.permlabel.requestPerm$1.afterHookedMethod(requestPerm.java:132)

06-28 17:51:06.463  7002  7957 I LSPosed-Bridge: 	at de.robv.android.xposed.XposedBridge$AdditionalHookInfo.callback(Unknown Source:147)

06-28 17:51:06.463  7002  7957 I LSPosed-Bridge: 	at LSPHooker_.checkPermission(Unknown Source:14)

06-28 17:51:06.463  7002  7957 I LSPosed-Bridge: 	at com.qihoo.sdk.qhdeviceid.b.a(Unknown Source:17)

06-28 17:51:06.463  7002  7957 I LSPosed-Bridge: 	at com.qihoo.sdk.qhdeviceid.b.b(Unknown Source:6)

06-28 17:51:06.463  7002  7957 I LSPosed-Bridge: 	at com.qihoo.sdk.qhdeviceid.QHDevice.getDeviceId(Unknown Source:482)

06-28 17:51:06.463  7002  7957 I LSPosed-Bridge: 	at com.qihoo.sdk.qhdeviceid.QHDevice.getDeviceId(Unknown Source:8)

06-28 17:51:06.463  7002  7957 I LSPosed-Bridge: 	at com.qihoo.sdk.report.a.l.a(HeaderManager.java:195)

06-28 17:51:06.463  7002  7957 I LSPosed-Bridge: 	at com.qihoo.sdk.report.a.l.c(HeaderManager.java:1180)

06-28 17:51:06.463  7002  7957 I LSPosed-Bridge: 	at com.qihoo.sdk.report.a.l.a(HeaderManager.java:91)

06-28 17:51:06.463  7002  7957 I LSPosed-Bridge: 	at com.qihoo.sdk.report.d.b.b(QHFile.java:520)

06-28 17:51:06.463  7002  7957 I LSPosed-Bridge: 	at com.qihoo.sdk.report.d.b.a(QHFile.java:469)

06-28 17:51:06.463  7002  7957 I LSPosed-Bridge: 	at com.qihoo.sdk.report.d.d.a(QHStore.java:51)

06-28 17:51:06.463  7002  7957 I LSPosed-Bridge: 	at com.qihoo.sdk.report.b.d.a(EventController.java:1089)

06-28 17:51:06.463  7002  7957 I LSPosed-Bridge: 	at com.qihoo.sdk.report.QHStatAgent$4.a(QHStatAgent.java:896)

06-28 17:51:06.463  7002  7957 I LSPosed-Bridge: 	at com.qihoo.sdk.report.b.run(SafeRunnable.java:41)

06-28 17:51:06.463  7002  7957 I LSPosed-Bridge: 	at com.qihoo.sdk.report.e.d.run(ExecutorsHelper.java:125)

06-28 17:51:06.463  7002  7957 I LSPosed-Bridge: 	at java.util.concurrent.ThreadPoolExecutor.runWorker(ThreadPoolExecutor.java:1167)

06-28 17:51:06.463  7002  7957 I LSPosed-Bridge: 	at java.util.concurrent.ThreadPoolExecutor$Worker.run(ThreadPoolExecutor.java:641)

06-28 17:51:06.463  7002  7957 I LSPosed-Bridge: 	at java.lang.Thread.run(Thread.java:764)

06-28 17:51:06.478  7980  8389 I LSPosed-Bridge: 7980 PermLabel 10125 PM.checkPermission permName:android.permission.READ_PHONE_STATE; Package name: com.ustwo.monumentvalleyzz360; Result: -1; stacktrace=java.lang.Exception

06-28 17:51:06.478  7980  8389 I LSPosed-Bridge: 	at com.example.permlabel.requestPerm$1.afterHookedMethod(requestPerm.java:132)

06-28 17:51:06.478  7980  8389 I LSPosed-Bridge: 	at de.robv.android.xposed.XposedBridge$AdditionalHookInfo.callback(Unknown Source:147)

06-28 17:51:06.478  7980  8389 I LSPosed-Bridge: 	at LSPHooker_.checkPermission(Unknown Source:14)

06-28 17:51:06.478  7980  8389 I LSPosed-Bridge: 	at com.qihoo.sdk.qhdeviceid.b.a(Unknown Source:17)

06-28 17:51:06.478  7980  8389 I LSPosed-Bridge: 	at com.qihoo.sdk.qhdeviceid.b.f(Unknown Source:19)

06-28 17:51:06.478  7980  8389 I LSPosed-Bridge: 	at com.qihoo.sdk.qhdeviceid.b.d(Unknown Source:19)

06-28 17:51:06.478  7980  8389 I LSPosed-Bridge: 	at com.qihoo.sdk.qhdeviceid.QHDevice.getDeviceId(Unknown Source:151)

06-28 17:51:06.478  7980  8389 I LSPosed-Bridge: 	at com.qihoo.sdk.qhdeviceid.QHDevice.getDeviceId(Unknown Source:8)

06-28 17:51:06.478  7980  8389 I LSPosed-Bridge: 	at com.qihoo.mysdk.report.a.l.a(HeaderManager.java:27)

06-28 17:51:06.478  7980  8389 I LSPosed-Bridge: 	at com.qihoo.mysdk.report.a.l.c(HeaderManager.java:1082)

06-28 17:51:06.478  7980  8389 I LSPosed-Bridge: 	at com.qihoo.mysdk.report.a.l.a(HeaderManager.java:22)

06-28 17:51:06.478  7980  8389 I LSPosed-Bridge: 	at com.qihoo.a.a.d.b.b(QHFile.java:38)

06-28 17:51:06.478  7980  8389 I LSPosed-Bridge: 	at com.qihoo.a.a.d.b.a(QHFile.java:25019)

06-28 17:51:06.478  7980  8389 I LSPosed-Bridge: 	at com.qihoo.a.a.d.d.a(QHStore.java:17)

06-28 17:51:06.478  7980  8389 I LSPosed-Bridge: 	at com.qihoo.a.a.f.b(QHStatAgent.java:5634)

06-28 17:51:06.478  7980  8389 I LSPosed-Bridge: 	at com.qihoo.a.a.f$b.a(QHStatAgent.java:1)

06-28 17:51:06.478  7980  8389 I LSPosed-Bridge: 	at com.qihoo.a.a.i.run(SafeRunnable.java:12)

06-28 17:51:06.478  7980  8389 I LSPosed-Bridge: 	at com.qihoo.a.a.e.d.run(ExecutorsHelper.java:4)

06-28 17:51:06.478  7980  8389 I LSPosed-Bridge: 	at java.util.concurrent.ThreadPoolExecutor.runWorker(ThreadPoolExecutor.java:1167)

06-28 17:51:06.478  7980  8389 I LSPosed-Bridge: 	at java.util.concurrent.ThreadPoolExecutor$Worker.run(ThreadPoolExecutor.java:641)

06-28 17:51:06.478  7980  8389 I LSPosed-Bridge: 	at java.lang.Thread.run(Thread.java:764)

06-28 17:51:06.478  7002  8580 I LSPosed-Bridge: 7002 PermLabel 10125 PM.checkPermission permName:android.permission.WRITE_SETTINGS; Package name: com.ustwo.monumentvalleyzz360; Result: -1; stacktrace=java.lang.Exception

06-28 17:51:06.478  7002  8580 I LSPosed-Bridge: 	at com.example.permlabel.requestPerm$1.afterHookedMethod(requestPerm.java:132)

06-28 17:51:06.478  7002  8580 I LSPosed-Bridge: 	at de.robv.android.xposed.XposedBridge$AdditionalHookInfo.callback(Unknown Source:147)

06-28 17:51:06.478  7002  8580 I LSPosed-Bridge: 	at LSPHooker_.checkPermission(Unknown Source:14)

06-28 17:51:06.478  7002  8580 I LSPosed-Bridge: 	at com.qihoo.sdk.qhdeviceid.b.a(Unknown Source:17)

06-28 17:51:06.478  7002  8580 I LSPosed-Bridge: 	at com.qihoo.sdk.qhdeviceid.c$d.a(Unknown Source:8)

06-28 17:51:06.478  7002  8580 I LSPosed-Bridge: 	at com.qihoo.sdk.qhdeviceid.c.c(Unknown Source:27)

06-28 17:51:06.478  7002  8580 I LSPosed-Bridge: 	at com.qihoo.sdk.qhdeviceid.QHDevice.getDeviceId(Unknown Source:53)

06-28 17:51:06.478  7002  8580 I LSPosed-Bridge: 	at com.qihoo.a.a.b.e.b(QHNetwork.java:34)

06-28 17:51:06.478  7002  8580 I LSPosed-Bridge: 	at com.qihoo.a.a.b.e.c(QHNetwork.java:13)

06-28 17:51:06.478  7002  8580 I LSPosed-Bridge: 	at com.qihoo.a.a.b.e.b(QHNetwork.java:1037)

06-28 17:51:06.478  7002  8580 I LSPosed-Bridge: 	at com.qihoo.a.a.f.a$c.run(ConnectionTimer.java:53172)

06-28 17:51:06.478  7002  8580 I LSPosed-Bridge: 	at com.qihoo.a.a.e.d.run(ExecutorsHelper.java:4)

06-28 17:51:06.478  7002  8580 I LSPosed-Bridge: 	at java.util.concurrent.Executors$RunnableAdapter.call(Executors.java:458)

06-28 17:51:06.478  7002  8580 I LSPosed-Bridge: 	at java.util.concurrent.FutureTask.run(FutureTask.java:266)

06-28 17:51:06.478  7002  8580 I LSPosed-Bridge: 	at java.util.concurrent.ThreadPoolExecutor.runWorker(ThreadPoolExecutor.java:1167)

06-28 17:51:06.478  7002  8580 I LSPosed-Bridge: 	at java.util.concurrent.ThreadPoolExecutor$Worker.run(ThreadPoolExecutor.java:641)

06-28 17:51:06.478  7002  8580 I LSPosed-Bridge: 	at java.lang.Thread.run(Thread.java:764)

06-28 17:51:06.478   552   552 I ConfigStore: android::hardware::configstore::V1_0::ISurfaceFlingerConfigs::hasHDRDisplay retrieved: 0

06-28 17:51:06.481  7002  8580 I LSPosed-Bridge: 7002 PermLabel 10125 PM.checkPermission permName:android.permission.READ_PHONE_STATE; Package name: com.ustwo.monumentvalleyzz360; Result: -1; stacktrace=java.lang.Exception

06-28 17:51:06.481  7002  8580 I LSPosed-Bridge: 	at com.example.permlabel.requestPerm$1.afterHookedMethod(requestPerm.java:132)

06-28 17:51:06.481  7002  8580 I LSPosed-Bridge: 	at de.robv.android.xposed.XposedBridge$AdditionalHookInfo.callback(Unknown Source:147)

06-28 17:51:06.481  7002  8580 I LSPosed-Bridge: 	at LSPHooker_.checkPermission(Unknown Source:14)

06-28 17:51:06.481  7002  8580 I LSPosed-Bridge: 	at com.qihoo.sdk.qhdeviceid.b.a(Unknown Source:17)

06-28 17:51:06.481  7002  8580 I LSPosed-Bridge: 	at com.qihoo.sdk.qhdeviceid.b.f(Unknown Source:19)

06-28 17:51:06.481  7002  8580 I LSPosed-Bridge: 	at com.qihoo.sdk.qhdeviceid.b.d(Unknown Source:19)

06-28 17:51:06.481  7002  8580 I LSPosed-Bridge: 	at com.qihoo.sdk.qhdeviceid.QHDevice.getDeviceId(Unknown Source:63)

06-28 17:51:06.481  7002  8580 I LSPosed-Bridge: 	at com.qihoo.a.a.b.e.b(QHNetwork.java:34)

06-28 17:51:06.481  7002  8580 I LSPosed-Bridge: 	at com.qihoo.a.a.b.e.c(QHNetwork.java:13)

06-28 17:51:06.481  7002  8580 I LSPosed-Bridge: 	at com.qihoo.a.a.b.e.b(QHNetwork.java:1037)

06-28 17:51:06.481  7002  8580 I LSPosed-Bridge: 	at com.qihoo.a.a.f.a$c.run(ConnectionTimer.java:53172)

06-28 17:51:06.481  7002  8580 I LSPosed-Bridge: 	at com.qihoo.a.a.e.d.run(ExecutorsHelper.java:4)

06-28 17:51:06.481  7002  8580 I LSPosed-Bridge: 	at java.util.concurrent.Executors$RunnableAdapter.call(Executors.java:458)

06-28 17:51:06.481  7002  8580 I LSPosed-Bridge: 	at java.util.concurrent.FutureTask.run(FutureTask.java:266)

06-28 17:51:06.481  7002  8580 I LSPosed-Bridge: 	at java.util.concurrent.ThreadPoolExecutor.runWorker(ThreadPoolExecutor.java:1167)

06-28 17:51:06.481  7002  8580 I LSPosed-Bridge: 	at java.util.concurrent.ThreadPoolExecutor$Worker.run(ThreadPoolExecutor.java:641)

06-28 17:51:06.481  7002  8580 I LSPosed-Bridge: 	at java.lang.Thread.run(Thread.java:764)

06-28 17:51:06.484  7980  8389 I LSPosed-Bridge: 7980 PermLabel 10125 PM.checkPermission permName:android.permission.READ_PHONE_STATE; Package name: com.ustwo.monumentvalleyzz360; Result: -1; stacktrace=java.lang.Exception

06-28 17:51:06.484  7980  8389 I LSPosed-Bridge: 	at com.example.permlabel.requestPerm$1.afterHookedMethod(requestPerm.java:132)

06-28 17:51:06.484  7980  8389 I LSPosed-Bridge: 	at de.robv.android.xposed.XposedBridge$AdditionalHookInfo.callback(Unknown Source:147)

06-28 17:51:06.484  7980  8389 I LSPosed-Bridge: 	at LSPHooker_.checkPermission(Unknown Source:14)

06-28 17:51:06.484  7980  8389 I LSPosed-Bridge: 	at com.qihoo.sdk.qhdeviceid.b.a(Unknown Source:17)

06-28 17:51:06.484  7980  8389 I LSPosed-Bridge: 	at com.qihoo.sdk.qhdeviceid.b.b(Unknown Source:6)

06-28 17:51:06.484  7980  8389 I LSPosed-Bridge: 	at com.qihoo.sdk.qhdeviceid.QHDevice.getDeviceId(Unknown Source:482)

06-28 17:51:06.484  7980  8389 I LSPosed-Bridge: 	at com.qihoo.sdk.qhdeviceid.QHDevice.getDeviceId(Unknown Source:8)

06-28 17:51:06.484  7980  8389 I LSPosed-Bridge: 	at com.qihoo.mysdk.report.a.l.a(HeaderManager.java:27)

06-28 17:51:06.484  7980  8389 I LSPosed-Bridge: 	at com.qihoo.mysdk.report.a.l.c(HeaderManager.java:1083)

06-28 17:51:06.484  7980  8389 I LSPosed-Bridge: 	at com.qihoo.mysdk.report.a.l.a(HeaderManager.java:22)

06-28 17:51:06.484  7980  8389 I LSPosed-Bridge: 	at com.qihoo.a.a.d.b.b(QHFile.java:38)

06-28 17:51:06.484  7980  8389 I LSPosed-Bridge: 	at com.qihoo.a.a.d.b.a(QHFile.java:25019)

06-28 17:51:06.484  7980  8389 I LSPosed-Bridge: 	at com.qihoo.a.a.d.d.a(QHStore.java:17)

06-28 17:51:06.484  7980  8389 I LSPosed-Bridge: 	at com.qihoo.a.a.f.b(QHStatAgent.java:5634)

06-28 17:51:06.484  7980  8389 I LSPosed-Bridge: 	at com.qihoo.a.a.f$b.a(QHStatAgent.java:1)

06-28 17:51:06.484  7980  8389 I LSPosed-Bridge: 	at com.qihoo.a.a.i.run(SafeRunnable.java:12)

06-28 17:51:06.484  7980  8389 I LSPosed-Bridge: 	at com.qihoo.a.a.e.d.run(ExecutorsHelper.java:4)

06-28 17:51:06.484  7980  8389 I LSPosed-Bridge: 	at java.util.concurrent.ThreadPoolExecutor.runWorker(ThreadPoolExecutor.java:1167)

06-28 17:51:06.484  7980  8389 I LSPosed-Bridge: 	at java.util.concurrent.ThreadPoolExecutor$Worker.run(ThreadPoolExecutor.java:641)

06-28 17:51:06.484  7980  8389 I LSPosed-Bridge: 	at java.lang.Thread.run(Thread.java:764)

06-28 17:51:06.514  7980  8389 I LSPosed-Bridge: 7980 PermLabel 10125 PM.checkPermission permName:android.permission.READ_PHONE_STATE; Package name: com.ustwo.monumentvalleyzz360; Result: -1; stacktrace=java.lang.Exception

06-28 17:51:06.514  7980  8389 I LSPosed-Bridge: 	at com.example.permlabel.requestPerm$1.afterHookedMethod(requestPerm.java:132)

06-28 17:51:06.514  7980  8389 I LSPosed-Bridge: 	at de.robv.android.xposed.XposedBridge$AdditionalHookInfo.callback(Unknown Source:147)

06-28 17:51:06.514  7980  8389 I LSPosed-Bridge: 	at LSPHooker_.checkPermission(Unknown Source:14)

06-28 17:51:06.514  7980  8389 I LSPosed-Bridge: 	at com.qihoo.sdk.qhdeviceid.b.a(Unknown Source:17)

06-28 17:51:06.514  7980  8389 I LSPosed-Bridge: 	at com.qihoo.sdk.qhdeviceid.b.f(Unknown Source:19)

06-28 17:51:06.514  7980  8389 I LSPosed-Bridge: 	at com.qihoo.sdk.qhdeviceid.b.d(Unknown Source:19)

06-28 17:51:06.514  7980  8389 I LSPosed-Bridge: 	at com.qihoo.sdk.qhdeviceid.QHDevice.getDeviceId(Unknown Source:151)

06-28 17:51:06.514  7980  8389 I LSPosed-Bridge: 	at com.qihoo.sdk.qhdeviceid.QHDevice.getDeviceId(Unknown Source:8)

06-28 17:51:06.514  7980  8389 I LSPosed-Bridge: 	at com.qihoo.mysdk.report.a.l.a(HeaderManager.java:27)

06-28 17:51:06.514  7980  8389 I LSPosed-Bridge: 	at com.qihoo.mysdk.report.a.l.c(HeaderManager.java:1082)

06-28 17:51:06.514  7980  8389 I LSPosed-Bridge: 	at com.qihoo.mysdk.report.a.l.a(HeaderManager.java:22)

06-28 17:51:06.514  7980  8389 I LSPosed-Bridge: 	at com.qihoo.a.a.d.b.b(QHFile.java:38)

06-28 17:51:06.514  7980  8389 I LSPosed-Bridge: 	at com.qihoo.a.a.d.b.a(QHFile.java:25019)

06-28 17:51:06.514  7980  8389 I LSPosed-Bridge: 	at com.qihoo.a.a.d.d.a(QHStore.java:17)

06-28 17:51:06.514  7980  8389 I LSPosed-Bridge: 	at com.qihoo.a.a.f.b(QHStatAgent.java:5634)

06-28 17:51:06.514  7980  8389 I LSPosed-Bridge: 	at com.qihoo.a.a.f$b.a(QHStatAgent.java:1)

06-28 17:51:06.514  7980  8389 I LSPosed-Bridge: 	at com.qihoo.a.a.i.run(SafeRunnable.java:12)

06-28 17:51:06.514  7980  8389 I LSPosed-Bridge: 	at com.qihoo.a.a.e.d.run(ExecutorsHelper.java:4)

06-28 17:51:06.514  7980  8389 I LSPosed-Bridge: 	at java.util.concurrent.ThreadPoolExecutor.runWorker(ThreadPoolExecutor.java:1167)

06-28 17:51:06.514  7980  8389 I LSPosed-Bridge: 	at java.util.concurrent.ThreadPoolExecutor$Worker.run(ThreadPoolExecutor.java:641)

06-28 17:51:06.514  7980  8389 I LSPosed-Bridge: 	at java.lang.Thread.run(Thread.java:764)

06-28 17:51:06.520  7980  8389 I LSPosed-Bridge: 7980 PermLabel 10125 PM.checkPermission permName:android.permission.READ_PHONE_STATE; Package name: com.ustwo.monumentvalleyzz360; Result: -1; stacktrace=java.lang.Exception

06-28 17:51:06.520  7980  8389 I LSPosed-Bridge: 	at com.example.permlabel.requestPerm$1.afterHookedMethod(requestPerm.java:132)

06-28 17:51:06.520  7980  8389 I LSPosed-Bridge: 	at de.robv.android.xposed.XposedBridge$AdditionalHookInfo.callback(Unknown Source:147)

06-28 17:51:06.520  7980  8389 I LSPosed-Bridge: 	at LSPHooker_.checkPermission(Unknown Source:14)

06-28 17:51:06.520  7980  8389 I LSPosed-Bridge: 	at com.qihoo.sdk.qhdeviceid.b.a(Unknown Source:17)

06-28 17:51:06.520  7980  8389 I LSPosed-Bridge: 	at com.qihoo.sdk.qhdeviceid.b.b(Unknown Source:6)

06-28 17:51:06.520  7980  8389 I LSPosed-Bridge: 	at com.qihoo.sdk.qhdeviceid.QHDevice.getDeviceId(Unknown Source:482)

06-28 17:51:06.520  7980  8389 I LSPosed-Bridge: 	at com.qihoo.sdk.qhdeviceid.QHDevice.getDeviceId(Unknown Source:8)

06-28 17:51:06.520  7980  8389 I LSPosed-Bridge: 	at com.qihoo.mysdk.report.a.l.a(HeaderManager.java:27)

06-28 17:51:06.520  7980  8389 I LSPosed-Bridge: 	at com.qihoo.mysdk.report.a.l.c(HeaderManager.java:1083)

06-28 17:51:06.520  7980  8389 I LSPosed-Bridge: 	at com.qihoo.mysdk.report.a.l.a(HeaderManager.java:22)

06-28 17:51:06.520  7980  8389 I LSPosed-Bridge: 	at com.qihoo.a.a.d.b.b(QHFile.java:38)

06-28 17:51:06.520  7980  8389 I LSPosed-Bridge: 	at com.qihoo.a.a.d.b.a(QHFile.java:25019)

06-28 17:51:06.520  7980  8389 I LSPosed-Bridge: 	at com.qihoo.a.a.d.d.a(QHStore.java:17)

06-28 17:51:06.520  7980  8389 I LSPosed-Bridge: 	at com.qihoo.a.a.f.b(QHStatAgent.java:5634)

06-28 17:51:06.520  7980  8389 I LSPosed-Bridge: 	at com.qihoo.a.a.f$b.a(QHStatAgent.java:1)

06-28 17:51:06.520  7980  8389 I LSPosed-Bridge: 	at com.qihoo.a.a.i.run(SafeRunnable.java:12)

06-28 17:51:06.520  7980  8389 I LSPosed-Bridge: 	at com.qihoo.a.a.e.d.run(ExecutorsHelper.java:4)

06-28 17:51:06.520  7980  8389 I LSPosed-Bridge: 	at java.util.concurrent.ThreadPoolExecutor.runWorker(ThreadPoolExecutor.java:1167)

06-28 17:51:06.520  7980  8389 I LSPosed-Bridge: 	at java.util.concurrent.ThreadPoolExecutor$Worker.run(ThreadPoolExecutor.java:641)

06-28 17:51:06.520  7980  8389 I LSPosed-Bridge: 	at java.lang.Thread.run(Thread.java:764)

06-28 17:51:06.546   552   552 I ConfigStore: android::hardware::configstore::V1_0::ISurfaceFlingerConfigs::hasHDRDisplay retrieved: 0

06-28 17:51:06.546  7980  8389 I LSPosed-Bridge: 7980 PermLabel 10125 PM.checkPermission permName:android.permission.READ_PHONE_STATE; Package name: com.ustwo.monumentvalleyzz360; Result: -1; stacktrace=java.lang.Exception

06-28 17:51:06.546  7980  8389 I LSPosed-Bridge: 	at com.example.permlabel.requestPerm$1.afterHookedMethod(requestPerm.java:132)

06-28 17:51:06.546  7980  8389 I LSPosed-Bridge: 	at de.robv.android.xposed.XposedBridge$AdditionalHookInfo.callback(Unknown Source:147)

06-28 17:51:06.546  7980  8389 I LSPosed-Bridge: 	at LSPHooker_.checkPermission(Unknown Source:14)

06-28 17:51:06.546  7980  8389 I LSPosed-Bridge: 	at com.qihoo.sdk.qhdeviceid.b.a(Unknown Source:17)

06-28 17:51:06.546  7980  8389 I LSPosed-Bridge: 	at com.qihoo.sdk.qhdeviceid.b.f(Unknown Source:19)

06-28 17:51:06.546  7980  8389 I LSPosed-Bridge: 	at com.qihoo.sdk.qhdeviceid.b.d(Unknown Source:19)

06-28 17:51:06.546  7980  8389 I LSPosed-Bridge: 	at com.qihoo.sdk.qhdeviceid.QHDevice.getDeviceId(Unknown Source:151)

06-28 17:51:06.546  7980  8389 I LSPosed-Bridge: 	at com.qihoo.sdk.qhdeviceid.QHDevice.getDeviceId(Unknown Source:8)

06-28 17:51:06.546  7980  8389 I LSPosed-Bridge: 	at com.qihoo.mysdk.report.a.l.a(HeaderManager.java:27)

06-28 17:51:06.546  7980  8389 I LSPosed-Bridge: 	at com.qihoo.mysdk.report.a.l.c(HeaderManager.java:1082)

06-28 17:51:06.546  7980  8389 I LSPosed-Bridge: 	at com.qihoo.mysdk.report.a.l.a(HeaderManager.java:22)

06-28 17:51:06.546  7980  8389 I LSPosed-Bridge: 	at com.qihoo.a.a.d.b.b(QHFile.java:38)

06-28 17:51:06.546  7980  8389 I LSPosed-Bridge: 	at com.qihoo.a.a.d.b.a(QHFile.java:25019)

06-28 17:51:06.546  7980  8389 I LSPosed-Bridge: 	at com.qihoo.a.a.d.d.a(QHStore.java:17)

06-28 17:51:06.546  7980  8389 I LSPosed-Bridge: 	at com.qihoo.a.a.f.b(QHStatAgent.java:5634)

06-28 17:51:06.546  7980  8389 I LSPosed-Bridge: 	at com.qihoo.a.a.f$b.a(QHStatAgent.java:1)

06-28 17:51:06.546  7980  8389 I LSPosed-Bridge: 	at com.qihoo.a.a.i.run(SafeRunnable.java:12)

06-28 17:51:06.546  7980  8389 I LSPosed-Bridge: 	at com.qihoo.a.a.e.d.run(ExecutorsHelper.java:4)

06-28 17:51:06.546  7980  8389 I LSPosed-Bridge: 	at java.util.concurrent.ThreadPoolExecutor.runWorker(ThreadPoolExecutor.java:1167)

06-28 17:51:06.546  7980  8389 I LSPosed-Bridge: 	at java.util.concurrent.ThreadPoolExecutor$Worker.run(ThreadPoolExecutor.java:641)

06-28 17:51:06.546  7980  8389 I LSPosed-Bridge: 	at java.lang.Thread.run(Thread.java:764)

06-28 17:51:06.553  7980  8389 I LSPosed-Bridge: 7980 PermLabel 10125 PM.checkPermission permName:android.permission.READ_PHONE_STATE; Package name: com.ustwo.monumentvalleyzz360; Result: -1; stacktrace=java.lang.Exception

06-28 17:51:06.553  7980  8389 I LSPosed-Bridge: 	at com.example.permlabel.requestPerm$1.afterHookedMethod(requestPerm.java:132)

06-28 17:51:06.553  7980  8389 I LSPosed-Bridge: 	at de.robv.android.xposed.XposedBridge$AdditionalHookInfo.callback(Unknown Source:147)

06-28 17:51:06.553  7980  8389 I LSPosed-Bridge: 	at LSPHooker_.checkPermission(Unknown Source:14)

06-28 17:51:06.553  7980  8389 I LSPosed-Bridge: 	at com.qihoo.sdk.qhdeviceid.b.a(Unknown Source:17)

06-28 17:51:06.553  7980  8389 I LSPosed-Bridge: 	at com.qihoo.sdk.qhdeviceid.b.b(Unknown Source:6)

06-28 17:51:06.553  7980  8389 I LSPosed-Bridge: 	at com.qihoo.sdk.qhdeviceid.QHDevice.getDeviceId(Unknown Source:482)

06-28 17:51:06.553  7980  8389 I LSPosed-Bridge: 	at com.qihoo.sdk.qhdeviceid.QHDevice.getDeviceId(Unknown Source:8)

06-28 17:51:06.553  7980  8389 I LSPosed-Bridge: 	at com.qihoo.mysdk.report.a.l.a(HeaderManager.java:27)

06-28 17:51:06.553  7980  8389 I LSPosed-Bridge: 	at com.qihoo.mysdk.report.a.l.c(HeaderManager.java:1083)

06-28 17:51:06.553  7980  8389 I LSPosed-Bridge: 	at com.qihoo.mysdk.report.a.l.a(HeaderManager.java:22)

06-28 17:51:06.553  7980  8389 I LSPosed-Bridge: 	at com.qihoo.a.a.d.b.b(QHFile.java:38)

06-28 17:51:06.553  7980  8389 I LSPosed-Bridge: 	at com.qihoo.a.a.d.b.a(QHFile.java:25019)

06-28 17:51:06.553  7980  8389 I LSPosed-Bridge: 	at com.qihoo.a.a.d.d.a(QHStore.java:17)

06-28 17:51:06.553  7980  8389 I LSPosed-Bridge: 	at com.qihoo.a.a.f.b(QHStatAgent.java:5634)

06-28 17:51:06.553  7980  8389 I LSPosed-Bridge: 	at com.qihoo.a.a.f$b.a(QHStatAgent.java:1)

06-28 17:51:06.553  7980  8389 I LSPosed-Bridge: 	at com.qihoo.a.a.i.run(SafeRunnable.java:12)

06-28 17:51:06.553  7980  8389 I LSPosed-Bridge: 	at com.qihoo.a.a.e.d.run(ExecutorsHelper.java:4)

06-28 17:51:06.553  7980  8389 I LSPosed-Bridge: 	at java.util.concurrent.ThreadPoolExecutor.runWorker(ThreadPoolExecutor.java:1167)

06-28 17:51:06.553  7980  8389 I LSPosed-Bridge: 	at java.util.concurrent.ThreadPoolExecutor$Worker.run(ThreadPoolExecutor.java:641)

06-28 17:51:06.553  7980  8389 I LSPosed-Bridge: 	at java.lang.Thread.run(Thread.java:764)

06-28 17:51:06.632  7980  8389 I LSPosed-Bridge: 7980 PermLabel 10125 PM.checkPermission permName:android.permission.READ_PHONE_STATE; Package name: com.ustwo.monumentvalleyzz360; Result: -1; stacktrace=java.lang.Exception

06-28 17:51:06.632  7980  8389 I LSPosed-Bridge: 	at com.example.permlabel.requestPerm$1.afterHookedMethod(requestPerm.java:132)

06-28 17:51:06.632  7980  8389 I LSPosed-Bridge: 	at de.robv.android.xposed.XposedBridge$AdditionalHookInfo.callback(Unknown Source:147)

06-28 17:51:06.632  7980  8389 I LSPosed-Bridge: 	at LSPHooker_.checkPermission(Unknown Source:14)

06-28 17:51:06.632  7980  8389 I LSPosed-Bridge: 	at com.qihoo.sdk.qhdeviceid.b.a(Unknown Source:17)

06-28 17:51:06.632  7980  8389 I LSPosed-Bridge: 	at com.qihoo.sdk.qhdeviceid.b.f(Unknown Source:19)

06-28 17:51:06.632  7980  8389 I LSPosed-Bridge: 	at com.qihoo.sdk.qhdeviceid.b.d(Unknown Source:19)

06-28 17:51:06.632  7980  8389 I LSPosed-Bridge: 	at com.qihoo.sdk.qhdeviceid.QHDevice.getDeviceId(Unknown Source:151)

06-28 17:51:06.632  7980  8389 I LSPosed-Bridge: 	at com.qihoo.sdk.qhdeviceid.QHDevice.getDeviceId(Unknown Source:8)

06-28 17:51:06.632  7980  8389 I LSPosed-Bridge: 	at com.qihoo.mysdk.report.a.l.a(HeaderManager.java:27)

06-28 17:51:06.632  7980  8389 I LSPosed-Bridge: 	at com.qihoo.mysdk.report.a.l.c(HeaderManager.java:1082)

06-28 17:51:06.632  7980  8389 I LSPosed-Bridge: 	at com.qihoo.mysdk.report.a.l.a(HeaderManager.java:22)

06-28 17:51:06.632  7980  8389 I LSPosed-Bridge: 	at com.qihoo.a.a.d.b.b(QHFile.java:38)

06-28 17:51:06.632  7980  8389 I LSPosed-Bridge: 	at com.qihoo.a.a.d.b.a(QHFile.java:25019)

06-28 17:51:06.632  7980  8389 I LSPosed-Bridge: 	at com.qihoo.a.a.d.d.a(QHStore.java:17)

06-28 17:51:06.632  7980  8389 I LSPosed-Bridge: 	at com.qihoo.a.a.f.b(QHStatAgent.java:5634)

06-28 17:51:06.632  7980  8389 I LSPosed-Bridge: 	at com.qihoo.a.a.f$b.a(QHStatAgent.java:1)

06-28 17:51:06.632  7980  8389 I LSPosed-Bridge: 	at com.qihoo.a.a.i.run(SafeRunnable.java:12)

06-28 17:51:06.632  7980  8389 I LSPosed-Bridge: 	at com.qihoo.a.a.e.d.run(ExecutorsHelper.java:4)

06-28 17:51:06.632  7980  8389 I LSPosed-Bridge: 	at java.util.concurrent.ThreadPoolExecutor.runWorker(ThreadPoolExecutor.java:1167)

06-28 17:51:06.632  7980  8389 I LSPosed-Bridge: 	at java.util.concurrent.ThreadPoolExecutor$Worker.run(ThreadPoolExecutor.java:641)

06-28 17:51:06.632  7980  8389 I LSPosed-Bridge: 	at java.lang.Thread.run(Thread.java:764)

06-28 17:51:06.642  7980  8389 I LSPosed-Bridge: 7980 PermLabel 10125 PM.checkPermission permName:android.permission.READ_PHONE_STATE; Package name: com.ustwo.monumentvalleyzz360; Result: -1; stacktrace=java.lang.Exception

06-28 17:51:06.642  7980  8389 I LSPosed-Bridge: 	at com.example.permlabel.requestPerm$1.afterHookedMethod(requestPerm.java:132)

06-28 17:51:06.642  7980  8389 I LSPosed-Bridge: 	at de.robv.android.xposed.XposedBridge$AdditionalHookInfo.callback(Unknown Source:147)

06-28 17:51:06.642  7980  8389 I LSPosed-Bridge: 	at LSPHooker_.checkPermission(Unknown Source:14)

06-28 17:51:06.642  7980  8389 I LSPosed-Bridge: 	at com.qihoo.sdk.qhdeviceid.b.a(Unknown Source:17)

06-28 17:51:06.642  7980  8389 I LSPosed-Bridge: 	at com.qihoo.sdk.qhdeviceid.b.b(Unknown Source:6)

