07-22 02:32:07.112  5606  5606 I LSPosed-Bridge: 	at com.alibaba.alibclinkpartner.smartlink.util.ALSLCommonUtils$AjcClosure9.run(TbsSdkJava:1)

07-22 02:32:07.112  5606  5606 I LSPosed-Bridge: 	at org.aspectj.runtime.reflect.JoinPointImpl.j(TbsSdkJava:149)

07-22 02:32:07.112  5606  5606 I LSPosed-Bridge: 	at com.meiyou.pregnancy.ui.main.AspectJFix.z(TbsSdkJava:566)

07-22 02:32:07.112  5606  5606 I LSPosed-Bridge: 	at com.alibaba.alibclinkpartner.smartlink.util.ALSLCommonUtils.isRunningForeground(TbsSdkJava:99)

07-22 02:32:07.112  5606  5606 I LSPosed-Bridge: 	at com.alibaba.alibclinkpartner.smartlink.manager.ALSLStateListner.onActivityStopped(TbsSdkJava:49)

07-22 02:32:07.112  5606  5606 I LSPosed-Bridge: 	at android.app.Application.dispatchActivityStopped(Application.java:257)

07-22 02:32:07.112  5606  5606 I LSPosed-Bridge: 	at android.app.Activity.onStop(Activity.java:1914)

07-22 02:32:07.112  5606  5606 I LSPosed-Bridge: 	at android.support.v4.app.FragmentActivity.onStop(TbsSdkJava:579)

07-22 02:32:07.112  5606  5606 I LSPosed-Bridge: 	at com.meiyou.sdk.wrapper.activity.BaseActivity.onStop(TbsSdkJava:71)

07-22 02:32:07.112  5606  5606 I LSPosed-Bridge: 	at android.app.Instrumentation.callActivityOnStop(Instrumentation.java:1433)

07-22 02:32:07.112  5606  5606 I LSPosed-Bridge: 	at com.qiyukf.unicorn.statistics.QiyuInstrumentation.callActivityOnStop(TbsSdkJava:311)

07-22 02:32:07.112  5606  5606 I LSPosed-Bridge: 	at android.app.Activity.performStop(Activity.java:7367)

07-22 02:32:07.112  5606  5606 I LSPosed-Bridge: 	at android.app.ActivityThread.callActivityOnStop(ActivityThread.java:4144)

07-22 02:32:07.112  5606  5606 I LSPosed-Bridge: 	at android.app.ActivityThread.performStopActivityInner(ActivityThread.java:4122)

07-22 02:32:07.112  5606  5606 I LSPosed-Bridge: 	at android.app.ActivityThread.handleStopActivity(ActivityThread.java:4197)

07-22 02:32:07.112  5606  5606 I LSPosed-Bridge: 	at android.app.servertransaction.TransactionExecutor.performLifecycleSequence(TransactionExecutor.java:192)

07-22 02:32:07.112  5606  5606 I LSPosed-Bridge: 	at android.app.servertransaction.TransactionExecutor.cycleToPath(TransactionExecutor.java:165)

07-22 02:32:07.112  5606  5606 I LSPosed-Bridge: 	at android.app.servertransaction.TransactionExecutor.executeLifecycleState(TransactionExecutor.java:142)

07-22 02:32:07.112  5606  5606 I LSPosed-Bridge: 	at android.app.servertransaction.TransactionExecutor.execute(TransactionExecutor.java:70)

07-22 02:32:07.112  5606  5606 I LSPosed-Bridge: 	at android.app.ActivityThread$H.handleMessage(ActivityThread.java:1809)

07-22 02:32:07.112  5606  5606 I LSPosed-Bridge: 	at android.os.Handler.dispatchMessage(Handler.java:106)

07-22 02:32:07.112  5606  5606 I LSPosed-Bridge: 	at android.os.Looper.loop(Looper.java:193)

07-22 02:32:07.112  5606  5606 I LSPosed-Bridge: 	at android.app.ActivityThread.main(ActivityThread.java:6692)

07-22 02:32:07.112  5606  5606 I LSPosed-Bridge: 	at java.lang.reflect.Method.invoke(Native Method)

07-22 02:32:07.112  5606  5606 I LSPosed-Bridge: 	at com.android.internal.os.RuntimeInit$MethodAndArgsCaller.run(RuntimeInit.java:493)

07-22 02:32:07.112  5606  5606 I LSPosed-Bridge: 	at com.android.internal.os.ZygoteInit.main(ZygoteInit.java:858)

07-22 02:32:14.223  1547  7165 I LSPosed-Bridge: 5606 PermLabel 10137 AMS.checkPermission: Binder.getCallingPid() = 5606; uid = 10137; Binder.getCallingUid() = 10137; getNameForUid: com.meiyou.yunqi; getPackagesForUid: [com.meiyou.yunqi]; permName: android.permission.GET_TASKS; type = 0; res = -1; stacktrace=java.lang.Exception

07-22 02:32:14.223  1547  7165 I LSPosed-Bridge: 	at com.example.permlabel.requirePerm$1$2.afterHookedMethod(requirePerm.java:137)

07-22 02:32:14.223  1547  7165 I LSPosed-Bridge: 	at de.robv.android.xposed.XposedBridge$AdditionalHookInfo.callback(Unknown Source:147)

07-22 02:32:14.223  1547  7165 I LSPosed-Bridge: 	at LSPHooker_.checkPermission(Unknown Source:25)

07-22 02:32:14.223  1547  7165 I LSPosed-Bridge: 	at com.android.server.am.ActivityManagerService.isGetTasksAllowed(ActivityManagerService.java:10902)

07-22 02:32:14.223  1547  7165 I LSPosed-Bridge: 	at com.android.server.am.ActivityManagerService.getRunningAppProcesses(ActivityManagerService.java:16139)

07-22 02:32:14.223  1547  7165 I LSPosed-Bridge: 	at android.app.IActivityManager$Stub.onTransact(IActivityManager.java:1088)

07-22 02:32:14.223  1547  7165 I LSPosed-Bridge: 	at com.android.server.am.ActivityManagerService.onTransact(ActivityManagerService.java:3346)

07-22 02:32:14.223  1547  7165 I LSPosed-Bridge: 	at android.os.Binder.execTransact(Binder.java:731)

07-22 02:32:14.225  5606  5606 I LSPosed-Bridge: 5606 PermLabel getRunningAppProcesses =android.app.ActivityManager$RunningAppProcessInfo@5e5040b

07-22 02:32:14.225  5606  5606 I LSPosed-Bridge: 5606 PermLabel getRunningAppProcesses processName: com.meiyou.yunqi pid: 5606

07-22 02:32:14.225  5606  5606 I LSPosed-Bridge: 5606 PermLabel getRunningAppProcesses importance: 100 pid: 5606

07-22 02:32:14.225  5606  5606 I LSPosed-Bridge: 5606 PermLabel getRunningAppProcesses packageName com.meiyou.yunqi at index 0 in process 5606

07-22 02:32:14.225  5606  5606 I LSPosed-Bridge: 5606 PermLabel getRunningAppProcesses =android.app.ActivityManager$RunningAppProcessInfo@54042e8

07-22 02:32:14.225  5606  5606 I LSPosed-Bridge: 5606 PermLabel getRunningAppProcesses processName: com.meiyou.yunqi:channel pid: 7765

07-22 02:32:14.225  5606  5606 I LSPosed-Bridge: 5606 PermLabel getRunningAppProcesses importance: 100 pid: 7765

07-22 02:32:14.225  5606  5606 I LSPosed-Bridge: 5606 PermLabel getRunningAppProcesses packageName com.meiyou.yunqi at index 0 in process 7765

07-22 02:32:14.225  5606  5606 I LSPosed-Bridge: 5606 PermLabel getRunningAppProcesses =android.app.ActivityManager$RunningAppProcessInfo@82f5d01

07-22 02:32:14.225  5606  5606 I LSPosed-Bridge: 5606 PermLabel getRunningAppProcesses processName: com.meiyou.yunqi:pushservice pid: 7274

07-22 02:32:14.225  5606  5606 I LSPosed-Bridge: 5606 PermLabel getRunningAppProcesses importance: 100 pid: 7274

07-22 02:32:14.225  5606  5606 I LSPosed-Bridge: 5606 PermLabel getRunningAppProcesses packageName com.meiyou.yunqi at index 0 in process 7274

07-22 02:32:14.225  5606  5606 I LSPosed-Bridge: 5606 PermLabel getRunningAppProcesses =android.app.ActivityManager$RunningAppProcessInfo@a4717a6

07-22 02:32:14.225  5606  5606 I LSPosed-Bridge: 5606 PermLabel getRunningAppProcesses processName: com.meiyou.yunqi:core pid: 6827

07-22 02:32:14.225  5606  5606 I LSPosed-Bridge: 5606 PermLabel getRunningAppProcesses importance: 125 pid: 6827

07-22 02:32:14.225  5606  5606 I LSPosed-Bridge: 5606 PermLabel getRunningAppProcesses packageName com.meiyou.yunqi at index 0 in process 6827

07-22 02:32:14.225  1547  7165 I LSPosed-Bridge: 5606 PermLabel 10137 AMS.checkPermission: Binder.getCallingPid() = 5606; uid = 10137; Binder.getCallingUid() = 10137; getNameForUid: com.meiyou.yunqi; getPackagesForUid: [com.meiyou.yunqi]; permName: android.permission.GET_TASKS; type = 0; res = -1; stacktrace=java.lang.Exception

07-22 02:32:14.225  1547  7165 I LSPosed-Bridge: 	at com.example.permlabel.requirePerm$1$2.afterHookedMethod(requirePerm.java:137)

07-22 02:32:14.225  1547  7165 I LSPosed-Bridge: 	at de.robv.android.xposed.XposedBridge$AdditionalHookInfo.callback(Unknown Source:147)

07-22 02:32:14.225  1547  7165 I LSPosed-Bridge: 	at LSPHooker_.checkPermission(Unknown Source:25)

07-22 02:32:14.225  1547  7165 I LSPosed-Bridge: 	at com.android.server.am.ActivityManagerService.isGetTasksAllowed(ActivityManagerService.java:10902)

07-22 02:32:14.225  1547  7165 I LSPosed-Bridge: 	at com.android.server.am.ActivityManagerService.getFilteredTasks(ActivityManagerService.java:10884)

07-22 02:32:14.225  1547  7165 I LSPosed-Bridge: 	at com.android.server.am.ActivityManagerService.getTasks(ActivityManagerService.java:10872)

07-22 02:32:14.225  1547  7165 I LSPosed-Bridge: 	at android.app.IActivityManager$Stub.onTransact(IActivityManager.java:288)

07-22 02:32:14.225  1547  7165 I LSPosed-Bridge: 	at com.android.server.am.ActivityManagerService.onTransact(ActivityManagerService.java:3346)

07-22 02:32:14.225  1547  7165 I LSPosed-Bridge: 	at android.os.Binder.execTransact(Binder.java:731)

07-22 02:32:14.225  5606  5606 I LSPosed-Bridge: 5606 PermLabel permName: android.permission.READ_PHONE_STATE; getRunningAppProcesses =[android.app.ActivityManager$RunningAppProcessInfo@5e5040b, android.app.ActivityManager$RunningAppProcessInfo@54042e8, android.app.ActivityManager$RunningAppProcessInfo@82f5d01, android.app.ActivityManager$RunningAppProcessInfo@a4717a6]; stacktrace=java.lang.Exception

07-22 02:32:14.225  5606  5606 I LSPosed-Bridge: 	at com.example.permlabel.hookBinder_test$2.afterHookedMethod(hookBinder_test.java:108)

07-22 02:32:14.225  5606  5606 I LSPosed-Bridge: 	at de.robv.android.xposed.XposedBridge$AdditionalHookInfo.callback(Unknown Source:147)

07-22 02:32:14.225  5606  5606 I LSPosed-Bridge: 	at LSPHooker_.getRunningAppProcesses(Unknown Source:8)

07-22 02:32:14.225  5606  5606 I LSPosed-Bridge: 	at com.alibaba.alibclinkpartner.smartlink.util.ALSLCommonUtils.getRunningAppProcesses_aroundBody8(TbsSdkJava:99)

07-22 02:32:14.225  5606  5606 I LSPosed-Bridge: 	at com.alibaba.alibclinkpartner.smartlink.util.ALSLCommonUtils$AjcClosure9.run(TbsSdkJava:1)

07-22 02:32:14.225  5606  5606 I LSPosed-Bridge: 	at org.aspectj.runtime.reflect.JoinPointImpl.j(TbsSdkJava:149)

07-22 02:32:14.225  5606  5606 I LSPosed-Bridge: 	at com.meiyou.pregnancy.ui.main.AspectJFix.z(TbsSdkJava:566)

07-22 02:32:14.225  5606  5606 I LSPosed-Bridge: 	at com.alibaba.alibclinkpartner.smartlink.util.ALSLCommonUtils.isRunningForeground(TbsSdkJava:99)

07-22 02:32:14.225  5606  5606 I LSPosed-Bridge: 	at com.alibaba.alibclinkpartner.smartlink.manager.ALSLStateListner.onActivityStopped(TbsSdkJava:49)

07-22 02:32:14.225  5606  5606 I LSPosed-Bridge: 	at android.app.Application.dispatchActivityStopped(Application.java:257)

07-22 02:32:14.225  5606  5606 I LSPosed-Bridge: 	at android.app.Activity.onStop(Activity.java:1914)

07-22 02:32:14.225  5606  5606 I LSPosed-Bridge: 	at android.support.v4.app.FragmentActivity.onStop(TbsSdkJava:579)

07-22 02:32:14.225  5606  5606 I LSPosed-Bridge: 	at com.meiyou.sdk.wrapper.activity.BaseActivity.onStop(TbsSdkJava:71)

07-22 02:32:14.225  5606  5606 I LSPosed-Bridge: 	at android.app.Instrumentation.callActivityOnStop(Instrumentation.java:1433)

07-22 02:32:14.225  5606  5606 I LSPosed-Bridge: 	at com.qiyukf.unicorn.statistics.QiyuInstrumentation.callActivityOnStop(TbsSdkJava:311)

07-22 02:32:14.225  5606  5606 I LSPosed-Bridge: 	at android.app.Activity.performStop(Activity.java:7367)

07-22 02:32:14.225  5606  5606 I LSPosed-Bridge: 	at android.app.ActivityThread.callActivityOnStop(ActivityThread.java:4144)

07-22 02:32:14.225  5606  5606 I LSPosed-Bridge: 	at android.app.ActivityThread.performStopActivityInner(ActivityThread.java:4122)

07-22 02:32:14.225  5606  5606 I LSPosed-Bridge: 	at android.app.ActivityThread.handleStopActivity(ActivityThread.java:4197)

07-22 02:32:14.225  5606  5606 I LSPosed-Bridge: 	at android.app.servertransaction.StopActivityItem.execute(StopActivityItem.java:41)

07-22 02:32:14.225  5606  5606 I LSPosed-Bridge: 	at android.app.servertransaction.TransactionExecutor.executeLifecycleState(TransactionExecutor.java:145)

07-22 02:32:14.225  5606  5606 I LSPosed-Bridge: 	at android.app.servertransaction.TransactionExecutor.execute(TransactionExecutor.java:70)

07-22 02:32:14.225  5606  5606 I LSPosed-Bridge: 	at android.app.ActivityThread$H.handleMessage(ActivityThread.java:1809)

07-22 02:32:14.225  5606  5606 I LSPosed-Bridge: 	at android.os.Handler.dispatchMessage(Handler.java:106)

07-22 02:32:14.225  5606  5606 I LSPosed-Bridge: 	at android.os.Looper.loop(Looper.java:193)

07-22 02:32:14.225  5606  5606 I LSPosed-Bridge: 	at android.app.ActivityThread.main(ActivityThread.java:6692)

07-22 02:32:14.225  5606  5606 I LSPosed-Bridge: 	at java.lang.reflect.Method.invoke(Native Method)

07-22 02:32:14.225  5606  5606 I LSPosed-Bridge: 	at com.android.internal.os.RuntimeInit$MethodAndArgsCaller.run(RuntimeInit.java:493)

07-22 02:32:14.225  5606  5606 I LSPosed-Bridge: 	at com.android.internal.os.ZygoteInit.main(ZygoteInit.java:858)

07-22 02:32:14.225  5606  6881 I LSPosed-Bridge: 5606 PermLabel hookBinder_test 10137 interfaceBinder =android.app.IActivityManager; arg0 = 20; arg1 = android.os.Parcel@c9c01a6; arg2 = android.os.Parcel@61b8d68; arg3 = 0; res = true; stacktrace=java.lang.Exception

07-22 02:32:14.225  5606  6881 I LSPosed-Bridge: 	at com.example.permlabel.hookBinder_test$1.afterHookedMethod(hookBinder_test.java:68)

07-22 02:32:14.225  5606  6881 I LSPosed-Bridge: 	at de.robv.android.xposed.XposedBridge$AdditionalHookInfo.callback(Unknown Source:147)

07-22 02:32:14.225  5606  6881 I LSPosed-Bridge: 	at LSPHooker_.transact(Unknown Source:28)

07-22 02:32:14.225  5606  6881 I LSPosed-Bridge: 	at android.app.IActivityManager$Stub$Proxy.getTasks(IActivityManager.java:4082)

07-22 02:32:14.225  5606  6881 I LSPosed-Bridge: 	at java.lang.reflect.Method.invoke(Native Method)

07-22 02:32:14.225  5606  6881 I LSPosed-Bridge: 	at com.meiyou.pregnancy.app.hook.HookActivityManager$IActivityManagerProxy.invoke(TbsSdkJava:80)

07-22 02:32:14.225  5606  6881 I LSPosed-Bridge: 	at java.lang.reflect.Proxy.invoke(Proxy.java:1006)

07-22 02:32:14.225  5606  6881 I LSPosed-Bridge: 	at $Proxy1.getTasks(Unknown Source)

07-22 02:32:14.225  5606  6881 I LSPosed-Bridge: 	at android.app.ActivityManager.getRunningTasks(ActivityManager.java:1994)

07-22 02:32:14.225  5606  6881 I LSPosed-Bridge: 	at com.alibaba.wireless.security.open.edgecomputing.ECMiscInfo.b(Unknown Source:10)

07-22 02:32:14.225  5606  6881 I LSPosed-Bridge: 	at com.alibaba.wireless.security.open.edgecomputing.ECMiscInfo.a(Unknown Source:0)

07-22 02:32:14.225  5606  6881 I LSPosed-Bridge: 	at com.alibaba.wireless.security.open.edgecomputing.ECMiscInfo$b.a(Unknown Source:26)

07-22 02:32:14.225  5606  6881 I LSPosed-Bridge: 	at com.alibaba.wireless.security.open.edgecomputing.ECMiscInfo$a.run(Unknown Source:8)

07-22 02:32:14.225  5606  6881 I LSPosed-Bridge: 	at android.os.Handler.handleCallback(Handler.java:873)

07-22 02:32:14.225  5606  6881 I LSPosed-Bridge: 	at android.os.Handler.dispatchMessage(Handler.java:99)

07-22 02:32:14.225  5606  6881 I LSPosed-Bridge: 	at android.os.Looper.loop(Looper.java:193)

07-22 02:32:14.225  5606  6881 I LSPosed-Bridge: 	at android.os.HandlerThread.run(HandlerThread.java:65)

07-22 02:32:14.225  5606  5606 I sandbox.ApplicationStatus: onStateChange - STOPPED, com.lingan.seeyou.ui.activity.user.login.MeetYouLoginActivity@afe382c

07-22 02:32:32.253  1547  1850 I LSPosed-Bridge: 5606 PermLabel 10137 AMS.checkPermission: Binder.getCallingPid() = 5606; uid = 10137; Binder.getCallingUid() = 10137; getNameForUid: com.meiyou.yunqi; getPackagesForUid: [com.meiyou.yunqi]; permName: android.permission.GET_TASKS; type = 0; res = -1; stacktrace=java.lang.Exception

07-22 02:32:32.253  1547  1850 I LSPosed-Bridge: 	at com.example.permlabel.requirePerm$1$2.afterHookedMethod(requirePerm.java:137)

07-22 02:32:32.253  1547  1850 I LSPosed-Bridge: 	at de.robv.android.xposed.XposedBridge$AdditionalHookInfo.callback(Unknown Source:147)

07-22 02:32:32.253  1547  1850 I LSPosed-Bridge: 	at LSPHooker_.checkPermission(Unknown Source:25)

07-22 02:32:32.253  1547  1850 I LSPosed-Bridge: 	at com.android.server.am.ActivityManagerService.isGetTasksAllowed(ActivityManagerService.java:10902)

07-22 02:32:32.253  1547  1850 I LSPosed-Bridge: 	at com.android.server.am.ActivityManagerService.getRunningAppProcesses(ActivityManagerService.java:16139)

07-22 02:32:32.253  1547  1850 I LSPosed-Bridge: 	at android.app.IActivityManager$Stub.onTransact(IActivityManager.java:1088)

07-22 02:32:32.253  1547  1850 I LSPosed-Bridge: 	at com.android.server.am.ActivityManagerService.onTransact(ActivityManagerService.java:3346)

07-22 02:32:32.253  1547  1850 I LSPosed-Bridge: 	at android.os.Binder.execTransact(Binder.java:731)

07-22 02:32:32.253   552   552 I ConfigStore: android::hardware::configstore::V1_0::ISurfaceFlingerConfigs::hasHDRDisplay retrieved: 0

07-22 02:32:32.254  5606  5606 I LSPosed-Bridge: 5606 PermLabel hookBinder_test 10137 interfaceBinder =android.app.IActivityManager; arg0 = 81; arg1 = android.os.Parcel@c04cd40; arg2 = android.os.Parcel@60660c3; arg3 = 0; res = true; stacktrace=java.lang.Exception

07-22 02:32:32.254  5606  5606 I LSPosed-Bridge: 	at com.example.permlabel.hookBinder_test$1.afterHookedMethod(hookBinder_test.java:68)

07-22 02:32:32.254  5606  5606 I LSPosed-Bridge: 	at de.robv.android.xposed.XposedBridge$AdditionalHookInfo.callback(Unknown Source:147)

07-22 02:32:32.254  5606  5606 I LSPosed-Bridge: 	at LSPHooker_.transact(Unknown Source:28)

07-22 02:32:32.254  5606  5606 I LSPosed-Bridge: 	at android.app.IActivityManager$Stub$Proxy.getRunningAppProcesses(IActivityManager.java:5366)

07-22 02:32:32.254  5606  5606 I LSPosed-Bridge: 	at java.lang.reflect.Method.invoke(Native Method)

07-22 02:32:32.254  5606  5606 I LSPosed-Bridge: 	at com.meiyou.pregnancy.app.hook.HookActivityManager$IActivityManagerProxy.invoke(TbsSdkJava:80)

07-22 02:32:32.254  5606  5606 I LSPosed-Bridge: 	at java.lang.reflect.Proxy.invoke(Proxy.java:1006)

07-22 02:32:32.254  5606  5606 I LSPosed-Bridge: 	at $Proxy1.getRunningAppProcesses(Unknown Source)

07-22 02:32:32.254  5606  5606 I LSPosed-Bridge: 	at android.app.ActivityManager.getRunningAppProcesses(ActivityManager.java:3435)

07-22 02:32:32.254  5606  5606 I LSPosed-Bridge: 	at java.lang.reflect.Method.invoke(Native Method)

07-22 02:32:32.254  5606  5606 I LSPosed-Bridge: 	at org.lsposed.lspd.nativebridge.HookBridge.invokeOriginalMethod(Native Method)

07-22 02:32:32.254  5606  5606 I LSPosed-Bridge: 	at de.robv.android.xposed.XposedBridge$AdditionalHookInfo.callback(Unknown Source:110)

07-22 02:32:32.254  5606  5606 I LSPosed-Bridge: 	at LSPHooker_.getRunningAppProcesses(Unknown Source:8)

07-22 02:32:32.254  5606  5606 I LSPosed-Bridge: 	at com.alibaba.alibclinkpartner.smartlink.util.ALSLCommonUtils.getRunningAppProcesses_aroundBody8(TbsSdkJava:99)

07-22 02:32:32.254  5606  5606 I LSPosed-Bridge: 	at com.alibaba.alibclinkpartner.smartlink.util.ALSLCommonUtils$AjcClosure9.run(TbsSdkJava:1)

07-22 02:32:32.254  5606  5606 I LSPosed-Bridge: 	at org.aspectj.runtime.reflect.JoinPointImpl.j(TbsSdkJava:149)

07-22 02:32:32.254  5606  5606 I LSPosed-Bridge: 	at com.meiyou.pregnancy.ui.main.AspectJFix.z(TbsSdkJava:566)

07-22 02:32:32.254  5606  5606 I LSPosed-Bridge: 	at com.alibaba.alibclinkpartner.smartlink.util.ALSLCommonUtils.isRunningForeground(TbsSdkJava:99)

07-22 02:32:32.254  5606  5606 I LSPosed-Bridge: 	at com.alibaba.alibclinkpartner.smartlink.manager.ALSLStateListner.onActivityStopped(TbsSdkJava:49)

07-22 02:32:32.254  5606  5606 I LSPosed-Bridge: 	at android.app.Application.dispatchActivityStopped(Application.java:257)

07-22 02:32:32.254  5606  5606 I LSPosed-Bridge: 	at android.app.Activity.onStop(Activity.java:1914)

07-22 02:32:32.254  5606  5606 I LSPosed-Bridge: 	at android.support.v4.app.FragmentActivity.onStop(TbsSdkJava:579)

07-22 02:32:32.254  5606  5606 I LSPosed-Bridge: 	at com.meiyou.sdk.wrapper.activity.BaseActivity.onStop(TbsSdkJava:71)

07-22 02:32:32.254  5606  5606 I LSPosed-Bridge: 	at android.app.Instrumentation.callActivityOnStop(Instrumentation.java:1433)

07-22 02:32:32.254  5606  5606 I LSPosed-Bridge: 	at com.qiyukf.unicorn.statistics.QiyuInstrumentation.callActivityOnStop(TbsSdkJava:311)

07-22 02:32:32.254  5606  5606 I LSPosed-Bridge: 	at android.app.Activity.performStop(Activity.java:7367)

07-22 02:32:32.254  5606  5606 I LSPosed-Bridge: 	at android.app.ActivityThread.callActivityOnStop(ActivityThread.java:4144)

07-22 02:32:32.254  5606  5606 I LSPosed-Bridge: 	at android.app.ActivityThread.performStopActivityInner(ActivityThread.java:4122)

07-22 02:32:32.254  5606  5606 I LSPosed-Bridge: 	at android.app.ActivityThread.handleStopActivity(ActivityThread.java:4197)

07-22 02:32:32.254  5606  5606 I LSPosed-Bridge: 	at android.app.servertransaction.TransactionExecutor.performLifecycleSequence(TransactionExecutor.java:192)

07-22 02:32:32.254  5606  5606 I LSPosed-Bridge: 	at android.app.servertransaction.TransactionExecutor.cycleToPath(TransactionExecutor.java:165)

07-22 02:32:32.254  5606  5606 I LSPosed-Bridge: 	at android.app.servertransaction.TransactionExecutor.executeLifecycleState(TransactionExecutor.java:142)

07-22 02:32:32.254  5606  5606 I LSPosed-Bridge: 	at android.app.servertransaction.TransactionExecutor.execute(TransactionExecutor.java:70)

07-22 02:32:32.254  5606  5606 I LSPosed-Bridge: 	at android.app.ActivityThread$H.handleMessage(ActivityThread.java:1809)

07-22 02:32:32.254  5606  5606 I LSPosed-Bridge: 	at android.os.Handler.dispatchMessage(Handler.java:106)

07-22 02:32:32.254  5606  5606 I LSPosed-Bridge: 	at android.os.Looper.loop(Looper.java:193)

07-22 02:32:32.254  5606  5606 I LSPosed-Bridge: 	at android.app.ActivityThread.main(ActivityThread.java:6692)

07-22 02:32:32.254  5606  5606 I LSPosed-Bridge: 	at java.lang.reflect.Method.invoke(Native Method)

07-22 02:32:32.254  5606  5606 I LSPosed-Bridge: 	at com.android.internal.os.RuntimeInit$MethodAndArgsCaller.run(RuntimeInit.java:493)

07-22 02:32:32.254  5606  5606 I LSPosed-Bridge: 	at com.android.internal.os.ZygoteInit.main(ZygoteInit.java:858)

07-22 02:32:32.254  5606  5606 I LSPosed-Bridge: 5606 PermLabel getRunningAppProcesses =android.app.ActivityManager$RunningAppProcessInfo@22400f4

07-22 02:32:32.254  5606  5606 I LSPosed-Bridge: 5606 PermLabel getRunningAppProcesses processName: com.meiyou.yunqi pid: 5606

07-22 02:32:32.254  5606  5606 I LSPosed-Bridge: 5606 PermLabel getRunningAppProcesses importance: 100 pid: 5606

07-22 02:32:32.254   552   552 I ConfigStore: android::hardware::configstore::V1_0::ISurfaceFlingerConfigs::hasHDRDisplay retrieved: 0

07-22 02:32:32.254  5606  5606 I LSPosed-Bridge: 5606 PermLabel getRunningAppProcesses packageName com.meiyou.yunqi at index 0 in process 5606

07-22 02:32:32.254  5606  5606 I LSPosed-Bridge: 5606 PermLabel getRunningAppProcesses =android.app.ActivityManager$RunningAppProcessInfo@256f01d

07-22 02:32:32.254  5606  5606 I LSPosed-Bridge: 5606 PermLabel getRunningAppProcesses processName: com.meiyou.yunqi:channel pid: 7765

07-22 02:32:32.254  1547  1850 I LSPosed-Bridge: 5606 PermLabel 10137 AMS.checkPermission: Binder.getCallingPid() = 5606; uid = 10137; Binder.getCallingUid() = 10137; getNameForUid: com.meiyou.yunqi; getPackagesForUid: [com.meiyou.yunqi]; permName: android.permission.GET_TASKS; type = 0; res = -1; stacktrace=java.lang.Exception

07-22 02:32:32.254  1547  1850 I LSPosed-Bridge: 	at com.example.permlabel.requirePerm$1$2.afterHookedMethod(requirePerm.java:137)

07-22 02:32:32.254  1547  1850 I LSPosed-Bridge: 	at de.robv.android.xposed.XposedBridge$AdditionalHookInfo.callback(Unknown Source:147)

07-22 02:32:32.254  1547  1850 I LSPosed-Bridge: 	at LSPHooker_.checkPermission(Unknown Source:25)

07-22 02:32:32.254  1547  1850 I LSPosed-Bridge: 	at com.android.server.am.ActivityManagerService.isGetTasksAllowed(ActivityManagerService.java:10902)

07-22 02:32:32.254  1547  1850 I LSPosed-Bridge: 	at com.android.server.am.ActivityManagerService.getFilteredTasks(ActivityManagerService.java:10884)

07-22 02:32:32.254  1547  1850 I LSPosed-Bridge: 	at com.android.server.am.ActivityManagerService.getTasks(ActivityManagerService.java:10872)

07-22 02:32:32.254  1547  1850 I LSPosed-Bridge: 	at android.app.IActivityManager$Stub.onTransact(IActivityManager.java:288)

07-22 02:32:32.254  1547  1850 I LSPosed-Bridge: 	at com.android.server.am.ActivityManagerService.onTransact(ActivityManagerService.java:3346)

07-22 02:32:32.254  1547  1850 I LSPosed-Bridge: 	at android.os.Binder.execTransact(Binder.java:731)

07-22 02:32:32.254  5606  5606 I LSPosed-Bridge: 5606 PermLabel getRunningAppProcesses importance: 100 pid: 7765

07-22 02:32:32.254  5606  5606 I LSPosed-Bridge: 5606 PermLabel getRunningAppProcesses packageName com.meiyou.yunqi at index 0 in process 7765

07-22 02:32:32.254  5606  5606 I LSPosed-Bridge: 5606 PermLabel getRunningAppProcesses =android.app.ActivityManager$RunningAppProcessInfo@f9b4292

07-22 02:32:32.254  5606  5606 I LSPosed-Bridge: 5606 PermLabel getRunningAppProcesses processName: com.meiyou.yunqi:pushservice pid: 7274

07-22 02:32:32.254  5606  5606 I LSPosed-Bridge: 5606 PermLabel getRunningAppProcesses importance: 100 pid: 7274

07-22 02:32:32.254  5606  5606 I LSPosed-Bridge: 5606 PermLabel getRunningAppProcesses packageName com.meiyou.yunqi at index 0 in process 7274

07-22 02:32:32.254  5606  5606 I LSPosed-Bridge: 5606 PermLabel getRunningAppProcesses =android.app.ActivityManager$RunningAppProcessInfo@2500463

07-22 02:32:32.254  5606  5606 I LSPosed-Bridge: 5606 PermLabel getRunningAppProcesses processName: com.meiyou.yunqi:core pid: 6827

07-22 02:32:32.254  5606  5606 I LSPosed-Bridge: 5606 PermLabel getRunningAppProcesses importance: 125 pid: 6827

07-22 02:32:32.254  5606  5606 I LSPosed-Bridge: 5606 PermLabel getRunningAppProcesses packageName com.meiyou.yunqi at index 0 in process 6827

07-22 02:32:36.120  1547  5077 I LSPosed-Bridge: 5606 PermLabel 10137 AMS.checkPermission: Binder.getCallingPid() = 5606; uid = 10137; Binder.getCallingUid() = 10137; getNameForUid: com.meiyou.yunqi; getPackagesForUid: [com.meiyou.yunqi]; permName: android.permission.GET_TASKS; type = 0; res = -1; stacktrace=java.lang.Exception

07-22 02:32:36.120  1547  5077 I LSPosed-Bridge: 5606 PermLabel 10137 AMS.checkPermission: Binder.getCallingPid() = 5606; uid = 10137; Binder.getCallingUid() = 10137; getNameForUid: com.meiyou.yunqi; getPackagesForUid: [com.meiyou.yunqi]; permName: android.permission.GET_TASKS; type = 0; res = -1; stacktrace=java.lang.Exception

07-22 02:32:36.120  1547  5077 I LSPosed-Bridge: 	at com.example.permlabel.requirePerm$1$2.afterHookedMethod(requirePerm.java:137)

07-22 02:32:36.120  1547  5077 I LSPosed-Bridge: 	at com.example.permlabel.requirePerm$1$2.afterHookedMethod(requirePerm.java:137)

07-22 02:32:36.120  1547  5077 I LSPosed-Bridge: 	at de.robv.android.xposed.XposedBridge$AdditionalHookInfo.callback(Unknown Source:147)

07-22 02:32:36.120  1547  5077 I LSPosed-Bridge: 	at de.robv.android.xposed.XposedBridge$AdditionalHookInfo.callback(Unknown Source:147)

07-22 02:32:36.120  1547  5077 I LSPosed-Bridge: 	at LSPHooker_.checkPermission(Unknown Source:25)

07-22 02:32:36.120  1547  5077 I LSPosed-Bridge: 	at LSPHooker_.checkPermission(Unknown Source:25)

07-22 02:32:36.120  1547  5077 I LSPosed-Bridge: 	at com.android.server.am.ActivityManagerService.isGetTasksAllowed(ActivityManagerService.java:10902)

07-22 02:32:36.120  1547  5077 I LSPosed-Bridge: 	at com.android.server.am.ActivityManagerService.isGetTasksAllowed(ActivityManagerService.java:10902)

07-22 02:32:36.120  1547  5077 I LSPosed-Bridge: 	at com.android.server.am.ActivityManagerService.getRunningAppProcesses(ActivityManagerService.java:16139)

07-22 02:32:36.120  1547  5077 I LSPosed-Bridge: 	at com.android.server.am.ActivityManagerService.getRunningAppProcesses(ActivityManagerService.java:16139)

07-22 02:32:36.120  1547  5077 I LSPosed-Bridge: 	at android.app.IActivityManager$Stub.onTransact(IActivityManager.java:1088)

07-22 02:32:36.120  1547  5077 I LSPosed-Bridge: 	at android.app.IActivityManager$Stub.onTransact(IActivityManager.java:1088)

07-22 02:32:36.120  1547  5077 I LSPosed-Bridge: 	at com.android.server.am.ActivityManagerService.onTransact(ActivityManagerService.java:3346)

07-22 02:32:36.120  1547  5077 I LSPosed-Bridge: 	at com.android.server.am.ActivityManagerService.onTransact(ActivityManagerService.java:3346)

07-22 02:32:36.120  1547  5077 I LSPosed-Bridge: 	at android.os.Binder.execTransact(Binder.java:731)

07-22 02:32:36.120  1547  5077 I LSPosed-Bridge: 	at android.os.Binder.execTransact(Binder.java:731)

07-22 02:32:36.120  1547  7165 I LSPosed-Bridge: 5606 PermLabel 10137 AMS.checkPermission: Binder.getCallingPid() = 5606; uid = 10137; Binder.getCallingUid() = 10137; getNameForUid: com.meiyou.yunqi; getPackagesForUid: [com.meiyou.yunqi]; permName: android.permission.GET_TASKS; type = 0; res = -1; stacktrace=java.lang.Exception

07-22 02:32:36.120  1547  7165 I LSPosed-Bridge: 5606 PermLabel 10137 AMS.checkPermission: Binder.getCallingPid() = 5606; uid = 10137; Binder.getCallingUid() = 10137; getNameForUid: com.meiyou.yunqi; getPackagesForUid: [com.meiyou.yunqi]; permName: android.permission.GET_TASKS; type = 0; res = -1; stacktrace=java.lang.Exception

07-22 02:32:36.120  1547  7165 I LSPosed-Bridge: 	at com.example.permlabel.requirePerm$1$2.afterHookedMethod(requirePerm.java:137)

07-22 02:32:36.120  1547  7165 I LSPosed-Bridge: 	at com.example.permlabel.requirePerm$1$2.afterHookedMethod(requirePerm.java:137)

07-22 02:32:36.120  1547  7165 I LSPosed-Bridge: 	at de.robv.android.xposed.XposedBridge$AdditionalHookInfo.callback(Unknown Source:147)

07-22 02:32:36.120  1547  7165 I LSPosed-Bridge: 	at de.robv.android.xposed.XposedBridge$AdditionalHookInfo.callback(Unknown Source:147)

07-22 02:32:36.120  1547  7165 I LSPosed-Bridge: 	at LSPHooker_.checkPermission(Unknown Source:25)

07-22 02:32:36.120  1547  7165 I LSPosed-Bridge: 	at LSPHooker_.checkPermission(Unknown Source:25)

07-22 02:32:36.120  1547  7165 I LSPosed-Bridge: 	at com.android.server.am.ActivityManagerService.isGetTasksAllowed(ActivityManagerService.java:10902)

07-22 02:32:36.120  1547  7165 I LSPosed-Bridge: 	at com.android.server.am.ActivityManagerService.isGetTasksAllowed(ActivityManagerService.java:10902)

07-22 02:32:36.120  1547  7165 I LSPosed-Bridge: 	at com.android.server.am.ActivityManagerService.getFilteredTasks(ActivityManagerService.java:10884)

07-22 02:32:36.120  1547  7165 I LSPosed-Bridge: 	at com.android.server.am.ActivityManagerService.getFilteredTasks(ActivityManagerService.java:10884)

07-22 02:32:36.120  1547  7165 I LSPosed-Bridge: 	at com.android.server.am.ActivityManagerService.getTasks(ActivityManagerService.java:10872)

07-22 02:32:36.120  1547  7165 I LSPosed-Bridge: 	at com.android.server.am.ActivityManagerService.getTasks(ActivityManagerService.java:10872)

07-22 02:32:36.120  1547  7165 I LSPosed-Bridge: 	at android.app.IActivityManager$Stub.onTransact(IActivityManager.java:288)

07-22 02:32:36.120  1547  7165 I LSPosed-Bridge: 	at android.app.IActivityManager$Stub.onTransact(IActivityManager.java:288)

07-22 02:32:36.120  1547  7165 I LSPosed-Bridge: 	at com.android.server.am.ActivityManagerService.onTransact(ActivityManagerService.java:3346)

07-22 02:32:36.120  1547  7165 I LSPosed-Bridge: 	at com.android.server.am.ActivityManagerService.onTransact(ActivityManagerService.java:3346)

07-22 02:32:36.120  1547  7165 I LSPosed-Bridge: 	at android.os.Binder.execTransact(Binder.java:731)

07-22 02:32:36.120  1547  7165 I LSPosed-Bridge: 	at android.os.Binder.execTransact(Binder.java:731)

07-22 02:32:39.725  1547  5077 I LSPosed-Bridge: 5606 PermLabel 10137 AMS.checkPermission: Binder.getCallingPid() = 5606; uid = 10137; Binder.getCallingUid() = 10137; getNameForUid: com.meiyou.yunqi; getPackagesForUid: [com.meiyou.yunqi]; permName: android.permission.GET_TASKS; type = 0; res = -1; stacktrace=java.lang.Exception

07-22 02:32:39.725  1547  5077 I LSPosed-Bridge: 	at com.example.permlabel.requirePerm$1$2.afterHookedMethod(requirePerm.java:137)

07-22 02:32:39.725  1547  5077 I LSPosed-Bridge: 	at de.robv.android.xposed.XposedBridge$AdditionalHookInfo.callback(Unknown Source:147)

07-22 02:32:39.725  1547  5077 I LSPosed-Bridge: 	at LSPHooker_.checkPermission(Unknown Source:25)

07-22 02:32:39.725  1547  5077 I LSPosed-Bridge: 	at com.android.server.am.ActivityManagerService.isGetTasksAllowed(ActivityManagerService.java:10902)

07-22 02:32:39.725  1547  5077 I LSPosed-Bridge: 	at com.android.server.am.ActivityManagerService.getRunningAppProcesses(ActivityManagerService.java:16139)

07-22 02:32:39.725  1547  5077 I LSPosed-Bridge: 	at android.app.IActivityManager$Stub.onTransact(IActivityManager.java:1088)

07-22 02:32:39.725  1547  5077 I LSPosed-Bridge: 	at com.android.server.am.ActivityManagerService.onTransact(ActivityManagerService.java:3346)

07-22 02:32:39.725  1547  5077 I LSPosed-Bridge: 	at android.os.Binder.execTransact(Binder.java:731)

07-22 02:32:39.727  5606  5606 I LSPosed-Bridge: 5606 PermLabel getRunningAppProcesses =android.app.ActivityManager$RunningAppProcessInfo@e1a2568

07-22 02:32:39.727  5606  5606 I LSPosed-Bridge: 5606 PermLabel getRunningAppProcesses processName: com.meiyou.yunqi pid: 5606

07-22 02:32:39.727  5606  5606 I LSPosed-Bridge: 5606 PermLabel getRunningAppProcesses importance: 100 pid: 5606

07-22 02:32:39.727  5606  5606 I LSPosed-Bridge: 5606 PermLabel getRunningAppProcesses packageName com.meiyou.yunqi at index 0 in process 5606

07-22 02:32:39.727  5606  5606 I LSPosed-Bridge: 5606 PermLabel getRunningAppProcesses =android.app.ActivityManager$RunningAppProcessInfo@ef7cd81

07-22 02:32:39.727  5606  5606 I LSPosed-Bridge: 5606 PermLabel getRunningAppProcesses processName: com.meiyou.yunqi:channel pid: 7765

07-22 02:32:39.727  5606  5606 I LSPosed-Bridge: 5606 PermLabel getRunningAppProcesses importance: 100 pid: 7765

07-22 02:32:39.727  5606  5606 I LSPosed-Bridge: 5606 PermLabel getRunningAppProcesses packageName com.meiyou.yunqi at index 0 in process 7765

07-22 02:32:39.727  5606  5606 I LSPosed-Bridge: 5606 PermLabel getRunningAppProcesses =android.app.ActivityManager$RunningAppProcessInfo@2e5fe26

07-22 02:32:39.727  5606  5606 I LSPosed-Bridge: 5606 PermLabel getRunningAppProcesses processName: com.meiyou.yunqi:pushservice pid: 7274

07-22 02:32:39.727  5606  5606 I LSPosed-Bridge: 5606 PermLabel getRunningAppProcesses importance: 100 pid: 7274

07-22 02:32:39.727  5606  5606 I LSPosed-Bridge: 5606 PermLabel getRunningAppProcesses packageName com.meiyou.yunqi at index 0 in process 7274

07-22 02:32:39.727  5606  5606 I LSPosed-Bridge: 5606 PermLabel getRunningAppProcesses =android.app.ActivityManager$RunningAppProcessInfo@6c0fa67

07-22 02:32:39.727  5606  5606 I LSPosed-Bridge: 5606 PermLabel getRunningAppProcesses processName: com.meiyou.yunqi:core pid: 6827

07-22 02:32:39.727  5606  5606 I LSPosed-Bridge: 5606 PermLabel getRunningAppProcesses importance: 125 pid: 6827

07-22 02:32:39.727  5606  5606 I LSPosed-Bridge: 5606 PermLabel getRunningAppProcesses packageName com.meiyou.yunqi at index 0 in process 6827

07-22 02:32:39.727  1547  5077 I LSPosed-Bridge: 5606 PermLabel 10137 AMS.checkPermission: Binder.getCallingPid() = 5606; uid = 10137; Binder.getCallingUid() = 10137; getNameForUid: com.meiyou.yunqi; getPackagesForUid: [com.meiyou.yunqi]; permName: android.permission.GET_TASKS; type = 0; res = -1; stacktrace=java.lang.Exception

07-22 02:32:39.727  1547  5077 I LSPosed-Bridge: 	at com.example.permlabel.requirePerm$1$2.afterHookedMethod(requirePerm.java:137)

07-22 02:32:39.727  1547  5077 I LSPosed-Bridge: 	at de.robv.android.xposed.XposedBridge$AdditionalHookInfo.callback(Unknown Source:147)

07-22 02:32:39.727  1547  5077 I LSPosed-Bridge: 	at LSPHooker_.checkPermission(Unknown Source:25)

07-22 02:32:39.727  1547  5077 I LSPosed-Bridge: 	at com.android.server.am.ActivityManagerService.isGetTasksAllowed(ActivityManagerService.java:10902)

07-22 02:32:39.727  1547  5077 I LSPosed-Bridge: 	at com.android.server.am.ActivityManagerService.getFilteredTasks(ActivityManagerService.java:10884)

07-22 02:32:39.727  1547  5077 I LSPosed-Bridge: 	at com.android.server.am.ActivityManagerService.getTasks(ActivityManagerService.java:10872)

07-22 02:32:39.727  1547  5077 I LSPosed-Bridge: 	at android.app.IActivityManager$Stub.onTransact(IActivityManager.java:288)

07-22 02:32:39.727  1547  5077 I LSPosed-Bridge: 	at com.android.server.am.ActivityManagerService.onTransact(ActivityManagerService.java:3346)

07-22 02:32:39.727  1547  5077 I LSPosed-Bridge: 	at android.os.Binder.execTransact(Binder.java:731)

07-22 02:32:39.727  5606  5606 I LSPosed-Bridge: 5606 PermLabel permName: android.permission.READ_PHONE_STATE; getRunningAppProcesses =[android.app.ActivityManager$RunningAppProcessInfo@e1a2568, android.app.ActivityManager$RunningAppProcessInfo@ef7cd81, android.app.ActivityManager$RunningAppProcessInfo@2e5fe26, android.app.ActivityManager$RunningAppProcessInfo@6c0fa67]; stacktrace=java.lang.Exception

07-22 02:32:39.727  5606  5606 I LSPosed-Bridge: 	at com.example.permlabel.hookBinder_test$2.afterHookedMethod(hookBinder_test.java:108)

07-22 02:32:39.727  5606  5606 I LSPosed-Bridge: 	at de.robv.android.xposed.XposedBridge$AdditionalHookInfo.callback(Unknown Source:147)

07-22 02:32:39.727  5606  5606 I LSPosed-Bridge: 	at LSPHooker_.getRunningAppProcesses(Unknown Source:8)

07-22 02:32:39.727  5606  5606 I LSPosed-Bridge: 	at com.alibaba.alibclinkpartner.smartlink.util.ALSLCommonUtils.getRunningAppProcesses_aroundBody8(TbsSdkJava:99)

07-22 02:32:39.727  5606  5606 I LSPosed-Bridge: 	at com.alibaba.alibclinkpartner.smartlink.util.ALSLCommonUtils$AjcClosure9.run(TbsSdkJava:1)

07-22 02:32:39.727  5606  5606 I LSPosed-Bridge: 	at org.aspectj.runtime.reflect.JoinPointImpl.j(TbsSdkJava:149)

07-22 02:32:39.727  5606  5606 I LSPosed-Bridge: 	at com.meiyou.pregnancy.ui.main.AspectJFix.z(TbsSdkJava:566)

07-22 02:32:39.727  5606  5606 I LSPosed-Bridge: 	at com.alibaba.alibclinkpartner.smartlink.util.ALSLCommonUtils.isRunningForeground(TbsSdkJava:99)

07-22 02:32:39.727  5606  5606 I LSPosed-Bridge: 	at com.alibaba.alibclinkpartner.smartlink.manager.ALSLStateListner.onActivityStopped(TbsSdkJava:49)

07-22 02:32:39.727  5606  5606 I LSPosed-Bridge: 	at android.app.Application.dispatchActivityStopped(Application.java:257)

07-22 02:32:39.727  5606  5606 I LSPosed-Bridge: 	at android.app.Activity.onStop(Activity.java:1914)

07-22 02:32:39.727  5606  5606 I LSPosed-Bridge: 	at android.support.v4.app.FragmentActivity.onStop(TbsSdkJava:579)

07-22 02:32:39.727  5606  5606 I LSPosed-Bridge: 	at com.meiyou.sdk.wrapper.activity.BaseActivity.onStop(TbsSdkJava:71)

07-22 02:32:39.727  5606  5606 I LSPosed-Bridge: 	at android.app.Instrumentation.callActivityOnStop(Instrumentation.java:1433)

07-22 02:32:39.727  5606  5606 I LSPosed-Bridge: 	at com.qiyukf.unicorn.statistics.QiyuInstrumentation.callActivityOnStop(TbsSdkJava:311)

07-22 02:32:39.727  5606  5606 I LSPosed-Bridge: 	at android.app.Activity.performStop(Activity.java:7367)

07-22 02:32:39.727  5606  5606 I LSPosed-Bridge: 	at android.app.ActivityThread.callActivityOnStop(ActivityThread.java:4144)

07-22 02:32:39.727  5606  5606 I LSPosed-Bridge: 	at android.app.ActivityThread.performStopActivityInner(ActivityThread.java:4122)

07-22 02:32:39.727  5606  5606 I LSPosed-Bridge: 	at android.app.ActivityThread.handleStopActivity(ActivityThread.java:4197)

07-22 02:32:39.727  5606  5606 I LSPosed-Bridge: 	at android.app.servertransaction.TransactionExecutor.performLifecycleSequence(TransactionExecutor.java:192)

07-22 02:32:39.727  5606  5606 I LSPosed-Bridge: 	at android.app.servertransaction.TransactionExecutor.cycleToPath(TransactionExecutor.java:165)

07-22 02:32:39.727  5606  5606 I LSPosed-Bridge: 	at android.app.servertransaction.TransactionExecutor.executeLifecycleState(TransactionExecutor.java:142)

07-22 02:32:39.727  5606  5606 I LSPosed-Bridge: 	at android.app.servertransaction.TransactionExecutor.execute(TransactionExecutor.java:70)

07-22 02:32:39.727  5606  5606 I LSPosed-Bridge: 	at android.app.ActivityThread$H.handleMessage(ActivityThread.java:1809)

07-22 02:32:39.727  5606  5606 I LSPosed-Bridge: 	at android.os.Handler.dispatchMessage(Handler.java:106)

07-22 02:32:39.727  5606  5606 I LSPosed-Bridge: 	at android.os.Looper.loop(Looper.java:193)

07-22 02:32:39.727  5606  5606 I LSPosed-Bridge: 	at android.app.ActivityThread.main(ActivityThread.java:6692)

07-22 02:32:39.727  5606  5606 I LSPosed-Bridge: 	at java.lang.reflect.Method.invoke(Native Method)

07-22 02:32:39.727  5606  5606 I LSPosed-Bridge: 	at com.android.internal.os.RuntimeInit$MethodAndArgsCaller.run(RuntimeInit.java:493)

07-22 02:32:39.727  5606  5606 I LSPosed-Bridge: 	at com.android.internal.os.ZygoteInit.main(ZygoteInit.java:858)

07-22 02:32:53.703  1547  5077 I LSPosed-Bridge: 5606 PermLabel 10137 AMS.checkPermission: Binder.getCallingPid() = 5606; uid = 10137; Binder.getCallingUid() = 10137; getNameForUid: com.meiyou.yunqi; getPackagesForUid: [com.meiyou.yunqi]; permName: android.permission.GET_TASKS; type = 0; res = -1; stacktrace=java.lang.Exception

07-22 02:32:53.703  1547  5077 I LSPosed-Bridge: 	at com.example.permlabel.requirePerm$1$2.afterHookedMethod(requirePerm.java:137)

07-22 02:32:53.703  1547  5077 I LSPosed-Bridge: 	at de.robv.android.xposed.XposedBridge$AdditionalHookInfo.callback(Unknown Source:147)

07-22 02:32:53.703  1547  5077 I LSPosed-Bridge: 	at LSPHooker_.checkPermission(Unknown Source:25)

07-22 02:32:53.703  1547  5077 I LSPosed-Bridge: 	at com.android.server.am.ActivityManagerService.isGetTasksAllowed(ActivityManagerService.java:10902)

07-22 02:32:53.703  1547  5077 I LSPosed-Bridge: 	at com.android.server.am.ActivityManagerService.getRunningAppProcesses(ActivityManagerService.java:16139)

07-22 02:32:53.703  1547  5077 I LSPosed-Bridge: 	at android.app.IActivityManager$Stub.onTransact(IActivityManager.java:1088)

07-22 02:32:53.703  1547  5077 I LSPosed-Bridge: 	at com.android.server.am.ActivityManagerService.onTransact(ActivityManagerService.java:3346)

07-22 02:32:53.703  1547  5077 I LSPosed-Bridge: 	at android.os.Binder.execTransact(Binder.java:731)

07-22 02:32:53.703  5606  5606 I LSPosed-Bridge: 5606 PermLabel hookBinder_test 10137 interfaceBinder =android.app.IActivityManager; arg0 = 81; arg1 = android.os.Parcel@6509029; arg2 = android.os.Parcel@2f6d978; arg3 = 0; res = true; stacktrace=java.lang.Exception

07-22 02:32:53.703  5606  5606 I LSPosed-Bridge: 	at com.example.permlabel.hookBinder_test$1.afterHookedMethod(hookBinder_test.java:68)

07-22 02:32:53.703  5606  5606 I LSPosed-Bridge: 	at de.robv.android.xposed.XposedBridge$AdditionalHookInfo.callback(Unknown Source:147)

07-22 02:32:53.703  5606  5606 I LSPosed-Bridge: 	at LSPHooker_.transact(Unknown Source:28)

07-22 02:32:53.703  5606  5606 I LSPosed-Bridge: 	at android.app.IActivityManager$Stub$Proxy.getRunningAppProcesses(IActivityManager.java:5366)

07-22 02:32:53.703  5606  5606 I LSPosed-Bridge: 	at java.lang.reflect.Method.invoke(Native Method)

07-22 02:32:53.703  5606  5606 I LSPosed-Bridge: 	at com.meiyou.pregnancy.app.hook.HookActivityManager$IActivityManagerProxy.invoke(TbsSdkJava:80)

07-22 02:32:53.703  5606  5606 I LSPosed-Bridge: 	at java.lang.reflect.Proxy.invoke(Proxy.java:1006)

07-22 02:32:53.703  5606  5606 I LSPosed-Bridge: 	at $Proxy1.getRunningAppProcesses(Unknown Source)

07-22 02:32:53.703  5606  5606 I LSPosed-Bridge: 	at android.app.ActivityManager.getRunningAppProcesses(ActivityManager.java:3435)

07-22 02:32:53.703  5606  5606 I LSPosed-Bridge: 	at java.lang.reflect.Method.invoke(Native Method)

07-22 02:32:53.703  5606  5606 I LSPosed-Bridge: 	at org.lsposed.lspd.nativebridge.HookBridge.invokeOriginalMethod(Native Method)

07-22 02:32:53.703  5606  5606 I LSPosed-Bridge: 	at de.robv.android.xposed.XposedBridge$AdditionalHookInfo.callback(Unknown Source:110)

07-22 02:32:53.703  5606  5606 I LSPosed-Bridge: 	at LSPHooker_.getRunningAppProcesses(Unknown Source:8)

07-22 02:32:53.703  5606  5606 I LSPosed-Bridge: 	at com.alibaba.alibclinkpartner.smartlink.util.ALSLCommonUtils.getRunningAppProcesses_aroundBody8(TbsSdkJava:99)

07-22 02:32:53.703  5606  5606 I LSPosed-Bridge: 	at com.alibaba.alibclinkpartner.smartlink.util.ALSLCommonUtils$AjcClosure9.run(TbsSdkJava:1)

07-22 02:32:53.703  5606  5606 I LSPosed-Bridge: 	at org.aspectj.runtime.reflect.JoinPointImpl.j(TbsSdkJava:149)

07-22 02:32:53.703  5606  5606 I LSPosed-Bridge: 	at com.meiyou.pregnancy.ui.main.AspectJFix.z(TbsSdkJava:566)

07-22 02:32:53.703  5606  5606 I LSPosed-Bridge: 	at com.alibaba.alibclinkpartner.smartlink.util.ALSLCommonUtils.isRunningForeground(TbsSdkJava:99)

07-22 02:32:53.703  5606  5606 I LSPosed-Bridge: 	at com.alibaba.alibclinkpartner.smartlink.manager.ALSLStateListner.onActivityStopped(TbsSdkJava:49)

07-22 02:32:53.703  5606  5606 I LSPosed-Bridge: 	at android.app.Application.dispatchActivityStopped(Application.java:257)

07-22 02:32:53.703  5606  5606 I LSPosed-Bridge: 	at android.app.Activity.onStop(Activity.java:1914)

07-22 02:32:53.703  5606  5606 I LSPosed-Bridge: 	at android.support.v4.app.FragmentActivity.onStop(TbsSdkJava:579)

07-22 02:32:53.703  5606  5606 I LSPosed-Bridge: 	at com.meiyou.sdk.wrapper.activity.BaseActivity.onStop(TbsSdkJava:71)

07-22 02:32:53.703  5606  5606 I LSPosed-Bridge: 	at android.app.Instrumentation.callActivityOnStop(Instrumentation.java:1433)

07-22 02:32:53.703  5606  5606 I LSPosed-Bridge: 	at com.qiyukf.unicorn.statistics.QiyuInstrumentation.callActivityOnStop(TbsSdkJava:311)

07-22 02:32:53.703  5606  5606 I LSPosed-Bridge: 	at android.app.Activity.performStop(Activity.java:7367)

07-22 02:32:53.703  5606  5606 I LSPosed-Bridge: 	at android.app.ActivityThread.callActivityOnStop(ActivityThread.java:4144)

07-22 02:32:53.703  5606  5606 I LSPosed-Bridge: 	at android.app.ActivityThread.performStopActivityInner(ActivityThread.java:4122)

07-22 02:32:53.703  5606  5606 I LSPosed-Bridge: 	at android.app.ActivityThread.handleStopActivity(ActivityThread.java:4197)

07-22 02:32:53.703  5606  5606 I LSPosed-Bridge: 	at android.app.servertransaction.StopActivityItem.execute(StopActivityItem.java:41)

07-22 02:32:53.703  5606  5606 I LSPosed-Bridge: 	at android.app.servertransaction.TransactionExecutor.executeLifecycleState(TransactionExecutor.java:145)

07-22 02:32:53.703  5606  5606 I LSPosed-Bridge: 	at android.app.servertransaction.TransactionExecutor.execute(TransactionExecutor.java:70)

07-22 02:32:53.703  5606  5606 I LSPosed-Bridge: 	at android.app.ActivityThread$H.handleMessage(ActivityThread.java:1809)

07-22 02:32:53.703  5606  5606 I LSPosed-Bridge: 	at android.os.Handler.dispatchMessage(Handler.java:106)

07-22 02:32:53.703  5606  5606 I LSPosed-Bridge: 	at android.os.Looper.loop(Looper.java:193)

07-22 02:32:53.703  5606  5606 I LSPosed-Bridge: 	at android.app.ActivityThread.main(ActivityThread.java:6692)

07-22 02:32:53.703  5606  5606 I LSPosed-Bridge: 	at java.lang.reflect.Method.invoke(Native Method)

07-22 02:32:53.703  5606  5606 I LSPosed-Bridge: 	at com.android.internal.os.RuntimeInit$MethodAndArgsCaller.run(RuntimeInit.java:493)

07-22 02:32:53.703  5606  5606 I LSPosed-Bridge: 	at com.android.internal.os.ZygoteInit.main(ZygoteInit.java:858)

07-22 02:32:53.705  1547  5077 I LSPosed-Bridge: 5606 PermLabel 10137 AMS.checkPermission: Binder.getCallingPid() = 5606; uid = 10137; Binder.getCallingUid() = 10137; getNameForUid: com.meiyou.yunqi; getPackagesForUid: [com.meiyou.yunqi]; permName: android.permission.GET_TASKS; type = 0; res = -1; stacktrace=java.lang.Exception

07-22 02:32:53.705  1547  5077 I LSPosed-Bridge: 	at com.example.permlabel.requirePerm$1$2.afterHookedMethod(requirePerm.java:137)

07-22 02:32:53.705  1547  5077 I LSPosed-Bridge: 	at de.robv.android.xposed.XposedBridge$AdditionalHookInfo.callback(Unknown Source:147)

07-22 02:32:53.705  1547  5077 I LSPosed-Bridge: 	at LSPHooker_.checkPermission(Unknown Source:25)

07-22 02:32:53.705  1547  5077 I LSPosed-Bridge: 	at com.android.server.am.ActivityManagerService.isGetTasksAllowed(ActivityManagerService.java:10902)

07-22 02:32:53.705  1547  5077 I LSPosed-Bridge: 	at com.android.server.am.ActivityManagerService.getFilteredTasks(ActivityManagerService.java:10884)

07-22 02:32:53.705  1547  5077 I LSPosed-Bridge: 	at com.android.server.am.ActivityManagerService.getTasks(ActivityManagerService.java:10872)

07-22 02:32:53.705  1547  5077 I LSPosed-Bridge: 	at android.app.IActivityManager$Stub.onTransact(IActivityManager.java:288)

07-22 02:32:53.705  1547  5077 I LSPosed-Bridge: 	at com.android.server.am.ActivityManagerService.onTransact(ActivityManagerService.java:3346)

07-22 02:32:53.705  1547  5077 I LSPosed-Bridge: 	at android.os.Binder.execTransact(Binder.java:731)

07-22 02:32:53.705  5606  5606 I sandbox.ApplicationStatus: onStateChange - STOPPED, com.lingan.seeyou.ui.activity.user.login.MeetYouLoginActivity@afe382c

07-22 02:32:53.705   552   552 I ConfigStore: android::hardware::configstore::V1_0::ISurfaceFlingerConfigs::hasHDRDisplay retrieved: 0

07-22 02:32:53.705  5606  6881 I LSPosed-Bridge: 5606 PermLabel hookBinder_test 10137 interfaceBinder =android.app.IActivityManager; arg0 = 20; arg1 = android.os.Parcel@2f6d978; arg2 = android.os.Parcel@6509029; arg3 = 0; res = true; stacktrace=java.lang.Exception

07-22 02:32:53.705  5606  6881 I LSPosed-Bridge: 	at com.example.permlabel.hookBinder_test$1.afterHookedMethod(hookBinder_test.java:68)

07-22 02:32:53.705  5606  6881 I LSPosed-Bridge: 	at de.robv.android.xposed.XposedBridge$AdditionalHookInfo.callback(Unknown Source:147)

07-22 02:32:53.705  5606  6881 I LSPosed-Bridge: 	at LSPHooker_.transact(Unknown Source:28)

07-22 02:32:53.705  5606  6881 I LSPosed-Bridge: 	at android.app.IActivityManager$Stub$Proxy.getTasks(IActivityManager.java:4082)

07-22 02:32:53.705  5606  6881 I LSPosed-Bridge: 	at java.lang.reflect.Method.invoke(Native Method)

07-22 02:32:53.705  5606  6881 I LSPosed-Bridge: 	at com.meiyou.pregnancy.app.hook.HookActivityManager$IActivityManagerProxy.invoke(TbsSdkJava:80)

07-22 02:32:53.705  5606  6881 I LSPosed-Bridge: 	at java.lang.reflect.Proxy.invoke(Proxy.java:1006)

