07-22 02:36:34.740  1547  5838 I LSPosed-Bridge: 	at de.robv.android.xposed.XposedBridge$AdditionalHookInfo.callback(Unknown Source:147)

07-22 02:36:34.740  1547  5838 I LSPosed-Bridge: 	at LSPHooker_.checkPermission(Unknown Source:25)

07-22 02:36:34.740  1547  5838 I LSPosed-Bridge: 	at com.android.server.am.ActivityManagerService.isGetTasksAllowed(ActivityManagerService.java:10902)

07-22 02:36:34.740  1547  5838 I LSPosed-Bridge: 	at com.android.server.am.ActivityManagerService.getRunningAppProcesses(ActivityManagerService.java:16139)

07-22 02:36:34.740  1547  5838 I LSPosed-Bridge: 	at android.app.IActivityManager$Stub.onTransact(IActivityManager.java:1088)

07-22 02:36:34.740  1547  5838 I LSPosed-Bridge: 	at com.android.server.am.ActivityManagerService.onTransact(ActivityManagerService.java:3346)

07-22 02:36:34.740  1547  5838 I LSPosed-Bridge: 	at android.os.Binder.execTransact(Binder.java:731)

07-22 02:36:34.741  1547  3221 I LSPosed-Bridge: 5606 PermLabel 10137 AMS.checkPermission: Binder.getCallingPid() = 5606; uid = 10137; Binder.getCallingUid() = 10137; getNameForUid: com.meiyou.yunqi; getPackagesForUid: [com.meiyou.yunqi]; permName: android.permission.GET_TASKS; type = 0; res = -1; stacktrace=java.lang.Exception

07-22 02:36:34.741  1547  3221 I LSPosed-Bridge: 	at com.example.permlabel.requirePerm$1$2.afterHookedMethod(requirePerm.java:137)

07-22 02:36:34.741  1547  3221 I LSPosed-Bridge: 	at de.robv.android.xposed.XposedBridge$AdditionalHookInfo.callback(Unknown Source:147)

07-22 02:36:34.741  1547  3221 I LSPosed-Bridge: 	at LSPHooker_.checkPermission(Unknown Source:25)

07-22 02:36:34.741  1547  3221 I LSPosed-Bridge: 	at com.android.server.am.ActivityManagerService.isGetTasksAllowed(ActivityManagerService.java:10902)

07-22 02:36:34.741  1547  3221 I LSPosed-Bridge: 	at com.android.server.am.ActivityManagerService.getFilteredTasks(ActivityManagerService.java:10884)

07-22 02:36:34.741  1547  3221 I LSPosed-Bridge: 	at com.android.server.am.ActivityManagerService.getTasks(ActivityManagerService.java:10872)

07-22 02:36:34.741  1547  3221 I LSPosed-Bridge: 	at android.app.IActivityManager$Stub.onTransact(IActivityManager.java:288)

07-22 02:36:34.741  1547  3221 I LSPosed-Bridge: 	at com.android.server.am.ActivityManagerService.onTransact(ActivityManagerService.java:3346)

07-22 02:36:34.741  1547  3221 I LSPosed-Bridge: 	at android.os.Binder.execTransact(Binder.java:731)

07-22 02:36:34.741  5606  5606 I LSPosed-Bridge: 5606 PermLabel hookBinder_test 10137 interfaceBinder =android.app.IActivityManager; arg0 = 81; arg1 = android.os.Parcel@1bdfc0c; arg2 = android.os.Parcel@f771b3f; arg3 = 0; res = true; stacktrace=java.lang.Exception

07-22 02:36:34.741  5606  5606 I LSPosed-Bridge: 	at com.example.permlabel.hookBinder_test$1.afterHookedMethod(hookBinder_test.java:68)

07-22 02:36:34.741  5606  5606 I LSPosed-Bridge: 	at de.robv.android.xposed.XposedBridge$AdditionalHookInfo.callback(Unknown Source:147)

07-22 02:36:34.741  5606  5606 I LSPosed-Bridge: 	at LSPHooker_.transact(Unknown Source:28)

07-22 02:36:34.741  5606  5606 I LSPosed-Bridge: 	at android.app.IActivityManager$Stub$Proxy.getRunningAppProcesses(IActivityManager.java:5366)

07-22 02:36:34.741  5606  5606 I LSPosed-Bridge: 	at java.lang.reflect.Method.invoke(Native Method)

07-22 02:36:34.741  5606  5606 I LSPosed-Bridge: 	at com.meiyou.pregnancy.app.hook.HookActivityManager$IActivityManagerProxy.invoke(TbsSdkJava:80)

07-22 02:36:34.741  5606  5606 I LSPosed-Bridge: 	at java.lang.reflect.Proxy.invoke(Proxy.java:1006)

07-22 02:36:34.741  5606  5606 I LSPosed-Bridge: 	at $Proxy1.getRunningAppProcesses(Unknown Source)

07-22 02:36:34.741  5606  5606 I LSPosed-Bridge: 	at android.app.ActivityManager.getRunningAppProcesses(ActivityManager.java:3435)

07-22 02:36:34.741  5606  5606 I LSPosed-Bridge: 	at java.lang.reflect.Method.invoke(Native Method)

07-22 02:36:34.741  5606  5606 I LSPosed-Bridge: 	at org.lsposed.lspd.nativebridge.HookBridge.invokeOriginalMethod(Native Method)

07-22 02:36:34.741  5606  5606 I LSPosed-Bridge: 	at de.robv.android.xposed.XposedBridge$AdditionalHookInfo.callback(Unknown Source:110)

07-22 02:36:34.741  5606  5606 I LSPosed-Bridge: 	at LSPHooker_.getRunningAppProcesses(Unknown Source:8)

07-22 02:36:34.741  5606  5606 I LSPosed-Bridge: 	at com.alibaba.alibclinkpartner.smartlink.util.ALSLCommonUtils.getRunningAppProcesses_aroundBody8(TbsSdkJava:99)

07-22 02:36:34.741  5606  5606 I LSPosed-Bridge: 	at com.alibaba.alibclinkpartner.smartlink.util.ALSLCommonUtils$AjcClosure9.run(TbsSdkJava:1)

07-22 02:36:34.741  5606  5606 I LSPosed-Bridge: 	at org.aspectj.runtime.reflect.JoinPointImpl.j(TbsSdkJava:149)

07-22 02:36:34.741  5606  5606 I LSPosed-Bridge: 	at com.meiyou.pregnancy.ui.main.AspectJFix.z(TbsSdkJava:566)

07-22 02:36:34.741  5606  5606 I LSPosed-Bridge: 	at com.alibaba.alibclinkpartner.smartlink.util.ALSLCommonUtils.isRunningForeground(TbsSdkJava:99)

07-22 02:36:34.741  5606  5606 I LSPosed-Bridge: 	at com.alibaba.alibclinkpartner.smartlink.manager.ALSLStateListner.onActivityStopped(TbsSdkJava:49)

07-22 02:36:34.741  5606  5606 I LSPosed-Bridge: 	at android.app.Application.dispatchActivityStopped(Application.java:257)

07-22 02:36:34.741  5606  5606 I LSPosed-Bridge: 	at android.app.Activity.onStop(Activity.java:1914)

07-22 02:36:34.741  5606  5606 I LSPosed-Bridge: 	at android.support.v4.app.FragmentActivity.onStop(TbsSdkJava:579)

07-22 02:36:34.741  5606  5606 I LSPosed-Bridge: 	at com.meiyou.sdk.wrapper.activity.BaseActivity.onStop(TbsSdkJava:71)

07-22 02:36:34.741  5606  5606 I LSPosed-Bridge: 	at android.app.Instrumentation.callActivityOnStop(Instrumentation.java:1433)

07-22 02:36:34.741  5606  5606 I LSPosed-Bridge: 	at com.qiyukf.unicorn.statistics.QiyuInstrumentation.callActivityOnStop(TbsSdkJava:311)

07-22 02:36:34.741  5606  5606 I LSPosed-Bridge: 	at android.app.Activity.performStop(Activity.java:7367)

07-22 02:36:34.741  5606  5606 I LSPosed-Bridge: 	at android.app.ActivityThread.callActivityOnStop(ActivityThread.java:4144)

07-22 02:36:34.741  5606  5606 I LSPosed-Bridge: 	at android.app.ActivityThread.performStopActivityInner(ActivityThread.java:4122)

07-22 02:36:34.741  5606  5606 I LSPosed-Bridge: 	at android.app.ActivityThread.handleStopActivity(ActivityThread.java:4197)

07-22 02:36:34.741  5606  5606 I LSPosed-Bridge: 	at android.app.servertransaction.TransactionExecutor.performLifecycleSequence(TransactionExecutor.java:192)

07-22 02:36:34.741  5606  5606 I LSPosed-Bridge: 	at android.app.servertransaction.TransactionExecutor.cycleToPath(TransactionExecutor.java:165)

07-22 02:36:34.741  5606  5606 I LSPosed-Bridge: 	at android.app.servertransaction.TransactionExecutor.executeLifecycleState(TransactionExecutor.java:142)

07-22 02:36:34.741  5606  5606 I LSPosed-Bridge: 	at android.app.servertransaction.TransactionExecutor.execute(TransactionExecutor.java:70)

07-22 02:36:34.741  5606  5606 I LSPosed-Bridge: 	at android.app.ActivityThread$H.handleMessage(ActivityThread.java:1809)

07-22 02:36:34.741  5606  5606 I LSPosed-Bridge: 	at android.os.Handler.dispatchMessage(Handler.java:106)

07-22 02:36:34.741  5606  5606 I LSPosed-Bridge: 	at android.os.Looper.loop(Looper.java:193)

07-22 02:36:34.741  5606  5606 I LSPosed-Bridge: 	at android.app.ActivityThread.main(ActivityThread.java:6692)

07-22 02:36:34.741  5606  5606 I LSPosed-Bridge: 	at java.lang.reflect.Method.invoke(Native Method)

07-22 02:36:34.741  5606  5606 I LSPosed-Bridge: 	at com.android.internal.os.RuntimeInit$MethodAndArgsCaller.run(RuntimeInit.java:493)

07-22 02:36:34.741  5606  5606 I LSPosed-Bridge: 	at com.android.internal.os.ZygoteInit.main(ZygoteInit.java:858)

07-22 02:36:34.741  5606  5606 I LSPosed-Bridge: 5606 PermLabel getRunningAppProcesses =android.app.ActivityManager$RunningAppProcessInfo@9168b85

07-22 02:36:34.741  5606  5606 I LSPosed-Bridge: 5606 PermLabel getRunningAppProcesses processName: com.meiyou.yunqi pid: 5606

07-22 02:36:34.741  5606  5606 I LSPosed-Bridge: 5606 PermLabel getRunningAppProcesses importance: 100 pid: 5606

07-22 02:36:34.741  5606  5606 I LSPosed-Bridge: 5606 PermLabel getRunningAppProcesses packageName com.meiyou.yunqi at index 0 in process 5606

07-22 02:36:34.741  5606  5606 I LSPosed-Bridge: 5606 PermLabel getRunningAppProcesses =android.app.ActivityManager$RunningAppProcessInfo@afa1dda

07-22 02:36:34.741  5606  5606 I LSPosed-Bridge: 5606 PermLabel getRunningAppProcesses processName: com.meiyou.yunqi:channel pid: 7765

07-22 02:36:34.741  5606  5606 I LSPosed-Bridge: 5606 PermLabel getRunningAppProcesses importance: 100 pid: 7765

07-22 02:36:34.741  5606  5606 I LSPosed-Bridge: 5606 PermLabel getRunningAppProcesses packageName com.meiyou.yunqi at index 0 in process 7765

07-22 02:36:48.717   552   552 I ConfigStore: android::hardware::configstore::V1_0::ISurfaceFlingerConfigs::hasHDRDisplay retrieved: 0

07-22 02:36:48.717   552   552 I ConfigStore: android::hardware::configstore::V1_0::ISurfaceFlingerConfigs::hasHDRDisplay retrieved: 0

07-22 02:36:48.717  1547  5838 I LSPosed-Bridge: 5606 PermLabel 10137 AMS.checkPermission: Binder.getCallingPid() = 5606; uid = 10137; Binder.getCallingUid() = 10137; getNameForUid: com.meiyou.yunqi; getPackagesForUid: [com.meiyou.yunqi]; permName: android.permission.GET_TASKS; type = 0; res = -1; stacktrace=java.lang.Exception

07-22 02:36:48.717  1547  5838 I LSPosed-Bridge: 5606 PermLabel 10137 AMS.checkPermission: Binder.getCallingPid() = 5606; uid = 10137; Binder.getCallingUid() = 10137; getNameForUid: com.meiyou.yunqi; getPackagesForUid: [com.meiyou.yunqi]; permName: android.permission.GET_TASKS; type = 0; res = -1; stacktrace=java.lang.Exception

07-22 02:36:48.717  1547  5838 I LSPosed-Bridge: 	at com.example.permlabel.requirePerm$1$2.afterHookedMethod(requirePerm.java:137)

07-22 02:36:48.717  1547  5838 I LSPosed-Bridge: 	at com.example.permlabel.requirePerm$1$2.afterHookedMethod(requirePerm.java:137)

07-22 02:36:48.717  1547  5838 I LSPosed-Bridge: 	at de.robv.android.xposed.XposedBridge$AdditionalHookInfo.callback(Unknown Source:147)

07-22 02:36:48.717  1547  5838 I LSPosed-Bridge: 	at de.robv.android.xposed.XposedBridge$AdditionalHookInfo.callback(Unknown Source:147)

07-22 02:36:48.717  1547  5838 I LSPosed-Bridge: 	at LSPHooker_.checkPermission(Unknown Source:25)

07-22 02:36:48.717  1547  5838 I LSPosed-Bridge: 	at LSPHooker_.checkPermission(Unknown Source:25)

07-22 02:36:48.717  1547  5838 I LSPosed-Bridge: 	at com.android.server.am.ActivityManagerService.isGetTasksAllowed(ActivityManagerService.java:10902)

07-22 02:36:48.717  1547  5838 I LSPosed-Bridge: 	at com.android.server.am.ActivityManagerService.isGetTasksAllowed(ActivityManagerService.java:10902)

07-22 02:36:48.717  1547  5838 I LSPosed-Bridge: 	at com.android.server.am.ActivityManagerService.getFilteredTasks(ActivityManagerService.java:10884)

07-22 02:36:48.717  1547  5838 I LSPosed-Bridge: 	at com.android.server.am.ActivityManagerService.getFilteredTasks(ActivityManagerService.java:10884)

07-22 02:36:48.717  1547  5838 I LSPosed-Bridge: 	at com.android.server.am.ActivityManagerService.getTasks(ActivityManagerService.java:10872)

07-22 02:36:48.717  1547  5838 I LSPosed-Bridge: 	at com.android.server.am.ActivityManagerService.getTasks(ActivityManagerService.java:10872)

07-22 02:36:48.717  1547  5838 I LSPosed-Bridge: 	at android.app.IActivityManager$Stub.onTransact(IActivityManager.java:288)

07-22 02:36:48.717  1547  5838 I LSPosed-Bridge: 	at android.app.IActivityManager$Stub.onTransact(IActivityManager.java:288)

07-22 02:36:48.717  1547  5838 I LSPosed-Bridge: 	at com.android.server.am.ActivityManagerService.onTransact(ActivityManagerService.java:3346)

07-22 02:36:48.717  1547  5838 I LSPosed-Bridge: 	at com.android.server.am.ActivityManagerService.onTransact(ActivityManagerService.java:3346)

07-22 02:36:48.717  1547  5838 I LSPosed-Bridge: 	at android.os.Binder.execTransact(Binder.java:731)

07-22 02:36:48.717  1547  5838 I LSPosed-Bridge: 	at android.os.Binder.execTransact(Binder.java:731)

07-22 02:36:48.717   552   552 I ConfigStore: android::hardware::configstore::V1_0::ISurfaceFlingerConfigs::hasHDRDisplay retrieved: 0

07-22 02:36:48.717   552   552 I ConfigStore: android::hardware::configstore::V1_0::ISurfaceFlingerConfigs::hasHDRDisplay retrieved: 0

07-22 02:36:48.717  1547  2306 I LSPosed-Bridge: 5606 PermLabel 10137 AMS.checkPermission: Binder.getCallingPid() = 5606; uid = 10137; Binder.getCallingUid() = 10137; getNameForUid: com.meiyou.yunqi; getPackagesForUid: [com.meiyou.yunqi]; permName: android.permission.GET_TASKS; type = 0; res = -1; stacktrace=java.lang.Exception

07-22 02:36:48.717  1547  2306 I LSPosed-Bridge: 5606 PermLabel 10137 AMS.checkPermission: Binder.getCallingPid() = 5606; uid = 10137; Binder.getCallingUid() = 10137; getNameForUid: com.meiyou.yunqi; getPackagesForUid: [com.meiyou.yunqi]; permName: android.permission.GET_TASKS; type = 0; res = -1; stacktrace=java.lang.Exception

07-22 02:36:48.717  1547  2306 I LSPosed-Bridge: 	at com.example.permlabel.requirePerm$1$2.afterHookedMethod(requirePerm.java:137)

07-22 02:36:48.717  1547  2306 I LSPosed-Bridge: 	at com.example.permlabel.requirePerm$1$2.afterHookedMethod(requirePerm.java:137)

07-22 02:36:48.717  1547  2306 I LSPosed-Bridge: 	at de.robv.android.xposed.XposedBridge$AdditionalHookInfo.callback(Unknown Source:147)

07-22 02:36:48.717  1547  2306 I LSPosed-Bridge: 	at de.robv.android.xposed.XposedBridge$AdditionalHookInfo.callback(Unknown Source:147)

07-22 02:36:48.717  1547  2306 I LSPosed-Bridge: 	at LSPHooker_.checkPermission(Unknown Source:25)

07-22 02:36:48.717  1547  2306 I LSPosed-Bridge: 	at LSPHooker_.checkPermission(Unknown Source:25)

07-22 02:36:48.717  1547  2306 I LSPosed-Bridge: 	at com.android.server.am.ActivityManagerService.isGetTasksAllowed(ActivityManagerService.java:10902)

07-22 02:36:48.717  1547  2306 I LSPosed-Bridge: 	at com.android.server.am.ActivityManagerService.isGetTasksAllowed(ActivityManagerService.java:10902)

07-22 02:36:48.717  1547  2306 I LSPosed-Bridge: 	at com.android.server.am.ActivityManagerService.getRunningAppProcesses(ActivityManagerService.java:16139)

07-22 02:36:48.717  1547  2306 I LSPosed-Bridge: 	at com.android.server.am.ActivityManagerService.getRunningAppProcesses(ActivityManagerService.java:16139)

07-22 02:36:48.717  1547  2306 I LSPosed-Bridge: 	at android.app.IActivityManager$Stub.onTransact(IActivityManager.java:1088)

07-22 02:36:48.717  1547  2306 I LSPosed-Bridge: 	at android.app.IActivityManager$Stub.onTransact(IActivityManager.java:1088)

07-22 02:36:48.717  1547  2306 I LSPosed-Bridge: 	at com.android.server.am.ActivityManagerService.onTransact(ActivityManagerService.java:3346)

07-22 02:36:48.717  1547  2306 I LSPosed-Bridge: 	at com.android.server.am.ActivityManagerService.onTransact(ActivityManagerService.java:3346)

07-22 02:36:48.717  1547  2306 I LSPosed-Bridge: 	at android.os.Binder.execTransact(Binder.java:731)

07-22 02:36:48.717  1547  2306 I LSPosed-Bridge: 	at android.os.Binder.execTransact(Binder.java:731)

07-22 02:36:48.717   552   552 I ConfigStore: android::hardware::configstore::V1_0::ISurfaceFlingerConfigs::hasHDRDisplay retrieved: 0

07-22 02:36:48.717   552   552 I ConfigStore: android::hardware::configstore::V1_0::ISurfaceFlingerConfigs::hasHDRDisplay retrieved: 0

07-22 02:36:48.717  5606  6881 I LSPosed-Bridge: 5606 PermLabel hookBinder_test 10137 interfaceBinder =android.app.IActivityManager; arg0 = 20; arg1 = android.os.Parcel@66dd26b; arg2 = android.os.Parcel@f771b3f; arg3 = 0; res = true; stacktrace=java.lang.Exception

07-22 02:36:48.717  5606  6881 I LSPosed-Bridge: 5606 PermLabel hookBinder_test 10137 interfaceBinder =android.app.IActivityManager; arg0 = 20; arg1 = android.os.Parcel@66dd26b; arg2 = android.os.Parcel@f771b3f; arg3 = 0; res = true; stacktrace=java.lang.Exception

07-22 02:36:48.717  5606  6881 I LSPosed-Bridge: 	at com.example.permlabel.hookBinder_test$1.afterHookedMethod(hookBinder_test.java:68)

07-22 02:36:48.717  5606  6881 I LSPosed-Bridge: 	at com.example.permlabel.hookBinder_test$1.afterHookedMethod(hookBinder_test.java:68)

07-22 02:36:48.717  5606  6881 I LSPosed-Bridge: 	at de.robv.android.xposed.XposedBridge$AdditionalHookInfo.callback(Unknown Source:147)

07-22 02:36:48.717  5606  6881 I LSPosed-Bridge: 	at de.robv.android.xposed.XposedBridge$AdditionalHookInfo.callback(Unknown Source:147)

07-22 02:36:48.717  5606  6881 I LSPosed-Bridge: 	at LSPHooker_.transact(Unknown Source:28)

07-22 02:36:48.717  5606  6881 I LSPosed-Bridge: 	at LSPHooker_.transact(Unknown Source:28)

07-22 02:36:48.717  5606  6881 I LSPosed-Bridge: 	at android.app.IActivityManager$Stub$Proxy.getTasks(IActivityManager.java:4082)

07-22 02:36:48.717  5606  6881 I LSPosed-Bridge: 	at android.app.IActivityManager$Stub$Proxy.getTasks(IActivityManager.java:4082)

07-22 02:36:48.717  5606  6881 I LSPosed-Bridge: 	at java.lang.reflect.Method.invoke(Native Method)

07-22 02:36:48.717  5606  6881 I LSPosed-Bridge: 	at java.lang.reflect.Method.invoke(Native Method)

07-22 02:36:48.717  5606  6881 I LSPosed-Bridge: 	at com.meiyou.pregnancy.app.hook.HookActivityManager$IActivityManagerProxy.invoke(TbsSdkJava:80)

07-22 02:36:48.717  5606  6881 I LSPosed-Bridge: 	at com.meiyou.pregnancy.app.hook.HookActivityManager$IActivityManagerProxy.invoke(TbsSdkJava:80)

07-22 02:36:48.717  5606  6881 I LSPosed-Bridge: 	at java.lang.reflect.Proxy.invoke(Proxy.java:1006)

07-22 02:36:48.717  5606  6881 I LSPosed-Bridge: 	at java.lang.reflect.Proxy.invoke(Proxy.java:1006)

07-22 02:36:48.717  5606  6881 I LSPosed-Bridge: 	at $Proxy1.getTasks(Unknown Source)

07-22 02:36:48.717  5606  6881 I LSPosed-Bridge: 	at $Proxy1.getTasks(Unknown Source)

07-22 02:36:48.717  5606  6881 I LSPosed-Bridge: 	at android.app.ActivityManager.getRunningTasks(ActivityManager.java:1994)

07-22 02:36:48.717  5606  6881 I LSPosed-Bridge: 	at android.app.ActivityManager.getRunningTasks(ActivityManager.java:1994)

07-22 02:36:48.717  5606  6881 I LSPosed-Bridge: 	at com.alibaba.wireless.security.open.edgecomputing.ECMiscInfo.b(Unknown Source:10)

07-22 02:36:48.717  5606  6881 I LSPosed-Bridge: 	at com.alibaba.wireless.security.open.edgecomputing.ECMiscInfo.b(Unknown Source:10)

07-22 02:36:48.717  5606  6881 I LSPosed-Bridge: 	at com.alibaba.wireless.security.open.edgecomputing.ECMiscInfo.a(Unknown Source:0)

07-22 02:36:48.717  5606  6881 I LSPosed-Bridge: 	at com.alibaba.wireless.security.open.edgecomputing.ECMiscInfo.a(Unknown Source:0)

07-22 02:36:48.717  5606  6881 I LSPosed-Bridge: 	at com.alibaba.wireless.security.open.edgecomputing.ECMiscInfo$b.a(Unknown Source:26)

07-22 02:36:48.717  5606  6881 I LSPosed-Bridge: 	at com.alibaba.wireless.security.open.edgecomputing.ECMiscInfo$b.a(Unknown Source:26)

07-22 02:36:48.717  5606  6881 I LSPosed-Bridge: 	at com.alibaba.wireless.security.open.edgecomputing.ECMiscInfo$a.run(Unknown Source:8)

07-22 02:36:48.717  5606  6881 I LSPosed-Bridge: 	at com.alibaba.wireless.security.open.edgecomputing.ECMiscInfo$a.run(Unknown Source:8)

07-22 02:36:48.717  5606  6881 I LSPosed-Bridge: 	at android.os.Handler.handleCallback(Handler.java:873)

07-22 02:36:48.717  5606  6881 I LSPosed-Bridge: 	at android.os.Handler.handleCallback(Handler.java:873)

07-22 02:36:48.717  5606  6881 I LSPosed-Bridge: 	at android.os.Handler.dispatchMessage(Handler.java:99)

07-22 02:36:48.717  5606  6881 I LSPosed-Bridge: 	at android.os.Handler.dispatchMessage(Handler.java:99)

07-22 02:36:48.717  5606  6881 I LSPosed-Bridge: 	at android.os.Looper.loop(Looper.java:193)

07-22 02:36:48.717  5606  6881 I LSPosed-Bridge: 	at android.os.Looper.loop(Looper.java:193)

07-22 02:36:48.717  5606  6881 I LSPosed-Bridge: 	at android.os.HandlerThread.run(HandlerThread.java:65)

07-22 02:36:48.717  5606  6881 I LSPosed-Bridge: 	at android.os.HandlerThread.run(HandlerThread.java:65)

07-22 02:36:59.682  1547  5877 I LSPosed-Bridge: 5606 PermLabel 10137 AMS.checkPermission: Binder.getCallingPid() = 5606; uid = 10137; Binder.getCallingUid() = 10137; getNameForUid: com.meiyou.yunqi; getPackagesForUid: [com.meiyou.yunqi]; permName: android.permission.GET_TASKS; type = 0; res = -1; stacktrace=java.lang.Exception

07-22 02:36:59.682  1547  5877 I LSPosed-Bridge: 	at com.example.permlabel.requirePerm$1$2.afterHookedMethod(requirePerm.java:137)

07-22 02:36:59.682  1547  5877 I LSPosed-Bridge: 	at de.robv.android.xposed.XposedBridge$AdditionalHookInfo.callback(Unknown Source:147)

07-22 02:36:59.682  1547  5877 I LSPosed-Bridge: 	at LSPHooker_.checkPermission(Unknown Source:25)

07-22 02:36:59.682  1547  5877 I LSPosed-Bridge: 	at com.android.server.am.ActivityManagerService.isGetTasksAllowed(ActivityManagerService.java:10902)

07-22 02:36:59.682  1547  5877 I LSPosed-Bridge: 	at com.android.server.am.ActivityManagerService.getRunningAppProcesses(ActivityManagerService.java:16139)

07-22 02:36:59.682  1547  5877 I LSPosed-Bridge: 	at android.app.IActivityManager$Stub.onTransact(IActivityManager.java:1088)

07-22 02:36:59.682  1547  5877 I LSPosed-Bridge: 	at com.android.server.am.ActivityManagerService.onTransact(ActivityManagerService.java:3346)

07-22 02:36:59.682  1547  5877 I LSPosed-Bridge: 	at android.os.Binder.execTransact(Binder.java:731)

07-22 02:36:59.682  1547  5077 I LSPosed-Bridge: 5606 PermLabel 10137 AMS.checkPermission: Binder.getCallingPid() = 5606; uid = 10137; Binder.getCallingUid() = 10137; getNameForUid: com.meiyou.yunqi; getPackagesForUid: [com.meiyou.yunqi]; permName: android.permission.ACCESS_NETWORK_STATE; type = 0; res = 0; stacktrace=java.lang.Exception

07-22 02:36:59.682  1547  5077 I LSPosed-Bridge: 	at com.example.permlabel.requirePerm$1$2.afterHookedMethod(requirePerm.java:137)

07-22 02:36:59.682  1547  5077 I LSPosed-Bridge: 	at de.robv.android.xposed.XposedBridge$AdditionalHookInfo.callback(Unknown Source:147)

07-22 02:36:59.682  1547  5077 I LSPosed-Bridge: 	at LSPHooker_.checkPermission(Unknown Source:25)

07-22 02:36:59.682  1547  5077 I LSPosed-Bridge: 	at android.app.ContextImpl.checkPermission(ContextImpl.java:1751)

07-22 02:36:59.682  1547  5077 I LSPosed-Bridge: 	at android.app.ContextImpl.checkCallingOrSelfPermission(ContextImpl.java:1791)

07-22 02:36:59.682  1547  5077 I LSPosed-Bridge: 	at android.app.ContextImpl.enforceCallingOrSelfPermission(ContextImpl.java:1841)

07-22 02:36:59.682  1547  5077 I LSPosed-Bridge: 	at com.android.server.ConnectivityService.enforceAccessPermission(ConnectivityService.java:1672)

07-22 02:36:59.682  1547  5077 I LSPosed-Bridge: 	at com.android.server.ConnectivityService.getActiveNetwork(ConnectivityService.java:1188)

07-22 02:36:59.682  1547  5077 I LSPosed-Bridge: 	at android.net.IConnectivityManager$Stub.onTransact(IConnectivityManager.java:53)

07-22 02:36:59.682  1547  5077 I LSPosed-Bridge: 	at android.os.Binder.execTransact(Binder.java:731)

07-22 02:36:59.682  5606  7205 I LSPosed-Bridge: 5606 PermLabel hookBinder_test 10137 interfaceBinder =android.net.IConnectivityManager; arg0 = 1; arg1 = android.os.Parcel@1bdfc0c; arg2 = android.os.Parcel@f771b3f; arg3 = 0; res = true; stacktrace=java.lang.Exception

07-22 02:36:59.682  5606  7205 I LSPosed-Bridge: 	at com.example.permlabel.hookBinder_test$1.afterHookedMethod(hookBinder_test.java:68)

07-22 02:36:59.682  5606  7205 I LSPosed-Bridge: 	at de.robv.android.xposed.XposedBridge$AdditionalHookInfo.callback(Unknown Source:147)

07-22 02:36:59.682  5606  7205 I LSPosed-Bridge: 	at LSPHooker_.transact(Unknown Source:28)

07-22 02:36:59.682  5606  7205 I LSPosed-Bridge: 	at android.net.IConnectivityManager$Stub$Proxy.getActiveNetwork(IConnectivityManager.java:1160)

07-22 02:36:59.682  5606  7205 I LSPosed-Bridge: 	at android.net.ConnectivityManager.getActiveNetwork(ConnectivityManager.java:909)

07-22 02:36:59.682  5606  7205 I LSPosed-Bridge: 	at com.meiyou.sdk.core.NetWorkStatusUtils.b(TbsSdkJava:258)

07-22 02:36:59.682  5606  7205 I LSPosed-Bridge: 	at com.meiyou.sdk.core.NetWorkStatusUtils.h(TbsSdkJava:374)

07-22 02:36:59.682  5606  7205 I LSPosed-Bridge: 	at com.meiyou.framework.statistics.GaController.a(TbsSdkJava:647)

07-22 02:36:59.682  5606  7205 I LSPosed-Bridge: 	at com.meiyou.framework.statistics.GaController.a(TbsSdkJava:643)

07-22 02:36:59.682  5606  7205 I LSPosed-Bridge: 	at com.meiyou.framework.statistics.GaTaskManager.a(TbsSdkJava:436)

07-22 02:36:59.682  5606  7205 I LSPosed-Bridge: 	at com.meiyou.framework.statistics.GaTaskManager.a(TbsSdkJava:413)

07-22 02:36:59.682  5606  7205 I LSPosed-Bridge: 	at com.meiyou.framework.statistics.GaTaskManager.a(TbsSdkJava:318)

07-22 02:36:59.682  5606  7205 I LSPosed-Bridge: 	at com.meiyou.framework.statistics.GaTaskManager.a(TbsSdkJava:44)

07-22 02:36:59.682  5606  7205 I LSPosed-Bridge: 	at com.meiyou.framework.statistics.GaTaskManager$1.run(TbsSdkJava:230)

07-22 02:36:59.682  5606  7205 I LSPosed-Bridge: 	at java.util.concurrent.Executors$RunnableAdapter.call(Executors.java:458)

07-22 02:36:59.682  5606  7205 I LSPosed-Bridge: 	at java.util.concurrent.FutureTask.run(FutureTask.java:266)

07-22 02:36:59.682  5606  7205 I LSPosed-Bridge: 	at java.util.concurrent.ThreadPoolExecutor.runWorker(ThreadPoolExecutor.java:1167)

07-22 02:36:59.682  5606  7205 I LSPosed-Bridge: 	at java.util.concurrent.ThreadPoolExecutor$Worker.run(ThreadPoolExecutor.java:641)

07-22 02:36:59.682  5606  7205 I LSPosed-Bridge: 	at java.lang.Thread.run(Thread.java:764)

07-22 02:36:59.684  5606  5606 I sandbox.ApplicationStatus: onStateChange - STOPPED, com.lingan.seeyou.ui.activity.user.login.LoginAccountFoEmailActivity@9d796f1

07-22 02:36:59.684  1547  5877 I LSPosed-Bridge: 5606 PermLabel 10137 AMS.checkPermission: Binder.getCallingPid() = 5606; uid = 10137; Binder.getCallingUid() = 10137; getNameForUid: com.meiyou.yunqi; getPackagesForUid: [com.meiyou.yunqi]; permName: android.permission.GET_TASKS; type = 0; res = -1; stacktrace=java.lang.Exception

07-22 02:36:59.684  1547  5877 I LSPosed-Bridge: 	at com.example.permlabel.requirePerm$1$2.afterHookedMethod(requirePerm.java:137)

07-22 02:36:59.684  1547  5877 I LSPosed-Bridge: 	at de.robv.android.xposed.XposedBridge$AdditionalHookInfo.callback(Unknown Source:147)

07-22 02:36:59.684  1547  5877 I LSPosed-Bridge: 	at LSPHooker_.checkPermission(Unknown Source:25)

07-22 02:36:59.684  1547  5877 I LSPosed-Bridge: 	at com.android.server.am.ActivityManagerService.isGetTasksAllowed(ActivityManagerService.java:10902)

07-22 02:36:59.684  1547  5877 I LSPosed-Bridge: 	at com.android.server.am.ActivityManagerService.getFilteredTasks(ActivityManagerService.java:10884)

07-22 02:36:59.684  1547  5877 I LSPosed-Bridge: 	at com.android.server.am.ActivityManagerService.getTasks(ActivityManagerService.java:10872)

07-22 02:36:59.684  1547  5877 I LSPosed-Bridge: 	at android.app.IActivityManager$Stub.onTransact(IActivityManager.java:288)

07-22 02:36:59.684  1547  5877 I LSPosed-Bridge: 	at com.android.server.am.ActivityManagerService.onTransact(ActivityManagerService.java:3346)

07-22 02:36:59.684  1547  5877 I LSPosed-Bridge: 	at android.os.Binder.execTransact(Binder.java:731)

07-22 02:36:59.684  5606  7205 I LSPosed-Bridge: 5606 PermLabel hookBinder_test 10137 interfaceBinder =android.net.IConnectivityManager; arg0 = 15; arg1 = android.os.Parcel@f771b3f; arg2 = android.os.Parcel@1bdfc0c; arg3 = 0; res = true; stacktrace=java.lang.Exception

07-22 02:36:59.684  5606  7205 I LSPosed-Bridge: 	at com.example.permlabel.hookBinder_test$1.afterHookedMethod(hookBinder_test.java:68)

07-22 02:36:59.684  5606  7205 I LSPosed-Bridge: 	at de.robv.android.xposed.XposedBridge$AdditionalHookInfo.callback(Unknown Source:147)

07-22 02:36:59.684  5606  7205 I LSPosed-Bridge: 	at LSPHooker_.transact(Unknown Source:28)

07-22 02:36:59.684  5606  7205 I LSPosed-Bridge: 	at android.net.IConnectivityManager$Stub$Proxy.getNetworkCapabilities(IConnectivityManager.java:1480)

07-22 02:36:59.684  5606  7205 I LSPosed-Bridge: 	at android.net.ConnectivityManager.getNetworkCapabilities(ConnectivityManager.java:1220)

07-22 02:36:59.684  5606  7205 I LSPosed-Bridge: 	at com.meiyou.sdk.core.NetWorkStatusUtils.b(TbsSdkJava:260)

07-22 02:36:59.684  5606  7205 I LSPosed-Bridge: 	at com.meiyou.sdk.core.NetWorkStatusUtils.h(TbsSdkJava:374)

07-22 02:36:59.684  5606  7205 I LSPosed-Bridge: 	at com.meiyou.framework.statistics.GaController.a(TbsSdkJava:647)

07-22 02:36:59.684  5606  7205 I LSPosed-Bridge: 	at com.meiyou.framework.statistics.GaController.a(TbsSdkJava:643)

07-22 02:36:59.684  5606  7205 I LSPosed-Bridge: 	at com.meiyou.framework.statistics.GaTaskManager.a(TbsSdkJava:436)

07-22 02:36:59.684  5606  7205 I LSPosed-Bridge: 	at com.meiyou.framework.statistics.GaTaskManager.a(TbsSdkJava:413)

07-22 02:36:59.684  5606  7205 I LSPosed-Bridge: 	at com.meiyou.framework.statistics.GaTaskManager.a(TbsSdkJava:318)

07-22 02:36:59.684  5606  7205 I LSPosed-Bridge: 	at com.meiyou.framework.statistics.GaTaskManager.a(TbsSdkJava:44)

07-22 02:36:59.684  5606  7205 I LSPosed-Bridge: 	at com.meiyou.framework.statistics.GaTaskManager$1.run(TbsSdkJava:230)

07-22 02:36:59.684  5606  7205 I LSPosed-Bridge: 	at java.util.concurrent.Executors$RunnableAdapter.call(Executors.java:458)

07-22 02:36:59.684  5606  7205 I LSPosed-Bridge: 	at java.util.concurrent.FutureTask.run(FutureTask.java:266)

07-22 02:36:59.684  5606  7205 I LSPosed-Bridge: 	at java.util.concurrent.ThreadPoolExecutor.runWorker(ThreadPoolExecutor.java:1167)

07-22 02:36:59.684  5606  7205 I LSPosed-Bridge: 	at java.util.concurrent.ThreadPoolExecutor$Worker.run(ThreadPoolExecutor.java:641)

07-22 02:36:59.684  5606  7205 I LSPosed-Bridge: 	at java.lang.Thread.run(Thread.java:764)

07-22 02:37:03.113  1547  5877 I LSPosed-Bridge: 5606 PermLabel 10137 AMS.checkPermission: Binder.getCallingPid() = 5606; uid = 10137; Binder.getCallingUid() = 10137; getNameForUid: com.meiyou.yunqi; getPackagesForUid: [com.meiyou.yunqi]; permName: android.permission.GET_TASKS; type = 0; res = -1; stacktrace=java.lang.Exception

07-22 02:37:03.113  1547  5877 I LSPosed-Bridge: 	at com.example.permlabel.requirePerm$1$2.afterHookedMethod(requirePerm.java:137)

07-22 02:37:03.113  1547  5877 I LSPosed-Bridge: 	at de.robv.android.xposed.XposedBridge$AdditionalHookInfo.callback(Unknown Source:147)

07-22 02:37:03.113  1547  5877 I LSPosed-Bridge: 	at LSPHooker_.checkPermission(Unknown Source:25)

07-22 02:37:03.113  1547  5877 I LSPosed-Bridge: 	at com.android.server.am.ActivityManagerService.isGetTasksAllowed(ActivityManagerService.java:10902)

07-22 02:37:03.113  1547  5877 I LSPosed-Bridge: 	at com.android.server.am.ActivityManagerService.getRunningAppProcesses(ActivityManagerService.java:16139)

07-22 02:37:03.113  1547  5877 I LSPosed-Bridge: 	at android.app.IActivityManager$Stub.onTransact(IActivityManager.java:1088)

07-22 02:37:03.113  1547  5877 I LSPosed-Bridge: 	at com.android.server.am.ActivityManagerService.onTransact(ActivityManagerService.java:3346)

07-22 02:37:03.113  1547  5877 I LSPosed-Bridge: 	at android.os.Binder.execTransact(Binder.java:731)

07-22 02:37:03.114  5606  5606 I LSPosed-Bridge: 5606 PermLabel hookBinder_test 10137 interfaceBinder =android.app.IActivityManager; arg0 = 81; arg1 = android.os.Parcel@f771b3f; arg2 = android.os.Parcel@1bdfc0c; arg3 = 0; res = true; stacktrace=java.lang.Exception

07-22 02:37:03.114  5606  5606 I LSPosed-Bridge: 	at com.example.permlabel.hookBinder_test$1.afterHookedMethod(hookBinder_test.java:68)

07-22 02:37:03.114  5606  5606 I LSPosed-Bridge: 	at de.robv.android.xposed.XposedBridge$AdditionalHookInfo.callback(Unknown Source:147)

07-22 02:37:03.114  5606  5606 I LSPosed-Bridge: 	at LSPHooker_.transact(Unknown Source:28)

07-22 02:37:03.114  5606  5606 I LSPosed-Bridge: 	at android.app.IActivityManager$Stub$Proxy.getRunningAppProcesses(IActivityManager.java:5366)

07-22 02:37:03.114  5606  5606 I LSPosed-Bridge: 	at java.lang.reflect.Method.invoke(Native Method)

07-22 02:37:03.114  5606  5606 I LSPosed-Bridge: 	at com.meiyou.pregnancy.app.hook.HookActivityManager$IActivityManagerProxy.invoke(TbsSdkJava:80)

07-22 02:37:03.114  5606  5606 I LSPosed-Bridge: 	at java.lang.reflect.Proxy.invoke(Proxy.java:1006)

07-22 02:37:03.114  5606  5606 I LSPosed-Bridge: 	at $Proxy1.getRunningAppProcesses(Unknown Source)

07-22 02:37:03.114  5606  5606 I LSPosed-Bridge: 	at android.app.ActivityManager.getRunningAppProcesses(ActivityManager.java:3435)

07-22 02:37:03.114  5606  5606 I LSPosed-Bridge: 	at java.lang.reflect.Method.invoke(Native Method)

07-22 02:37:03.114  5606  5606 I LSPosed-Bridge: 	at org.lsposed.lspd.nativebridge.HookBridge.invokeOriginalMethod(Native Method)

07-22 02:37:03.114  5606  5606 I LSPosed-Bridge: 	at de.robv.android.xposed.XposedBridge$AdditionalHookInfo.callback(Unknown Source:110)

07-22 02:37:03.114  5606  5606 I LSPosed-Bridge: 	at LSPHooker_.getRunningAppProcesses(Unknown Source:8)

07-22 02:37:03.114  5606  5606 I LSPosed-Bridge: 	at com.alibaba.alibclinkpartner.smartlink.util.ALSLCommonUtils.getRunningAppProcesses_aroundBody8(TbsSdkJava:99)

07-22 02:37:03.114  5606  5606 I LSPosed-Bridge: 	at com.alibaba.alibclinkpartner.smartlink.util.ALSLCommonUtils$AjcClosure9.run(TbsSdkJava:1)

07-22 02:37:03.114  5606  5606 I LSPosed-Bridge: 	at org.aspectj.runtime.reflect.JoinPointImpl.j(TbsSdkJava:149)

07-22 02:37:03.114  5606  5606 I LSPosed-Bridge: 	at com.meiyou.pregnancy.ui.main.AspectJFix.z(TbsSdkJava:566)

07-22 02:37:03.114  5606  5606 I LSPosed-Bridge: 	at com.alibaba.alibclinkpartner.smartlink.util.ALSLCommonUtils.isRunningForeground(TbsSdkJava:99)

07-22 02:37:03.114  5606  5606 I LSPosed-Bridge: 	at com.alibaba.alibclinkpartner.smartlink.manager.ALSLStateListner.onActivityStopped(TbsSdkJava:49)

07-22 02:37:03.114  5606  5606 I LSPosed-Bridge: 	at android.app.Application.dispatchActivityStopped(Application.java:257)

07-22 02:37:03.114  5606  5606 I LSPosed-Bridge: 	at android.app.Activity.onStop(Activity.java:1914)

07-22 02:37:03.114  5606  5606 I LSPosed-Bridge: 	at android.support.v4.app.FragmentActivity.onStop(TbsSdkJava:579)

07-22 02:37:03.114  5606  5606 I LSPosed-Bridge: 	at com.meiyou.sdk.wrapper.activity.BaseActivity.onStop(TbsSdkJava:71)

07-22 02:37:03.114  5606  5606 I LSPosed-Bridge: 	at android.app.Instrumentation.callActivityOnStop(Instrumentation.java:1433)

07-22 02:37:03.114  5606  5606 I LSPosed-Bridge: 	at com.qiyukf.unicorn.statistics.QiyuInstrumentation.callActivityOnStop(TbsSdkJava:311)

07-22 02:37:03.114  5606  5606 I LSPosed-Bridge: 	at android.app.Activity.performStop(Activity.java:7367)

07-22 02:37:03.114  5606  5606 I LSPosed-Bridge: 	at android.app.ActivityThread.callActivityOnStop(ActivityThread.java:4144)

07-22 02:37:03.114  5606  5606 I LSPosed-Bridge: 	at android.app.ActivityThread.performStopActivityInner(ActivityThread.java:4122)

07-22 02:37:03.114  5606  5606 I LSPosed-Bridge: 	at android.app.ActivityThread.handleStopActivity(ActivityThread.java:4197)

07-22 02:37:03.114  5606  5606 I LSPosed-Bridge: 	at android.app.servertransaction.TransactionExecutor.performLifecycleSequence(TransactionExecutor.java:192)

07-22 02:37:03.114  5606  5606 I LSPosed-Bridge: 	at android.app.servertransaction.TransactionExecutor.cycleToPath(TransactionExecutor.java:165)

07-22 02:37:03.114  5606  5606 I LSPosed-Bridge: 	at android.app.servertransaction.TransactionExecutor.executeLifecycleState(TransactionExecutor.java:142)

07-22 02:37:03.114  5606  5606 I LSPosed-Bridge: 	at android.app.servertransaction.TransactionExecutor.execute(TransactionExecutor.java:70)

07-22 02:37:03.114  5606  5606 I LSPosed-Bridge: 	at android.app.ActivityThread$H.handleMessage(ActivityThread.java:1809)

07-22 02:37:03.114  5606  5606 I LSPosed-Bridge: 	at android.os.Handler.dispatchMessage(Handler.java:106)

07-22 02:37:03.114  5606  5606 I LSPosed-Bridge: 	at android.os.Looper.loop(Looper.java:193)

07-22 02:37:03.114  5606  5606 I LSPosed-Bridge: 	at android.app.ActivityThread.main(ActivityThread.java:6692)

07-22 02:37:03.114  5606  5606 I LSPosed-Bridge: 	at java.lang.reflect.Method.invoke(Native Method)

07-22 02:37:03.114  5606  5606 I LSPosed-Bridge: 	at com.android.internal.os.RuntimeInit$MethodAndArgsCaller.run(RuntimeInit.java:493)

07-22 02:37:03.114  5606  5606 I LSPosed-Bridge: 	at com.android.internal.os.ZygoteInit.main(ZygoteInit.java:858)

07-22 02:37:03.114  5606  5606 I LSPosed-Bridge: 5606 PermLabel getRunningAppProcesses =android.app.ActivityManager$RunningAppProcessInfo@8f75d75

07-22 02:37:03.114  5606  5606 I LSPosed-Bridge: 5606 PermLabel getRunningAppProcesses processName: com.meiyou.yunqi pid: 5606

07-22 02:37:03.114  5606  5606 I LSPosed-Bridge: 5606 PermLabel getRunningAppProcesses importance: 100 pid: 5606

07-22 02:37:03.114  5606  5606 I LSPosed-Bridge: 5606 PermLabel getRunningAppProcesses packageName com.meiyou.yunqi at index 0 in process 5606

07-22 02:37:03.114  5606  5606 I LSPosed-Bridge: 5606 PermLabel getRunningAppProcesses =android.app.ActivityManager$RunningAppProcessInfo@d4aa10a

07-22 02:37:03.114  5606  5606 I LSPosed-Bridge: 5606 PermLabel getRunningAppProcesses processName: com.meiyou.yunqi:channel pid: 7765

07-22 02:37:03.114  5606  5606 I LSPosed-Bridge: 5606 PermLabel getRunningAppProcesses importance: 100 pid: 7765

07-22 02:37:03.114  5606  5606 I LSPosed-Bridge: 5606 PermLabel getRunningAppProcesses packageName com.meiyou.yunqi at index 0 in process 7765

07-22 02:37:03.114  5606  5606 I LSPosed-Bridge: 5606 PermLabel getRunningAppProcesses =android.app.ActivityManager$RunningAppProcessInfo@d93cd7b

07-22 02:37:03.114  5606  5606 I LSPosed-Bridge: 5606 PermLabel getRunningAppProcesses processName: com.meiyou.yunqi:pushservice pid: 7274

07-22 02:37:03.114  1547  5877 I LSPosed-Bridge: 5606 PermLabel 10137 AMS.checkPermission: Binder.getCallingPid() = 5606; uid = 10137; Binder.getCallingUid() = 10137; getNameForUid: com.meiyou.yunqi; getPackagesForUid: [com.meiyou.yunqi]; permName: android.permission.GET_TASKS; type = 0; res = -1; stacktrace=java.lang.Exception

07-22 02:37:03.114  1547  5877 I LSPosed-Bridge: 	at com.example.permlabel.requirePerm$1$2.afterHookedMethod(requirePerm.java:137)

07-22 02:37:03.114  1547  5877 I LSPosed-Bridge: 	at de.robv.android.xposed.XposedBridge$AdditionalHookInfo.callback(Unknown Source:147)

07-22 02:37:03.114  1547  5877 I LSPosed-Bridge: 	at LSPHooker_.checkPermission(Unknown Source:25)

07-22 02:37:03.114  1547  5877 I LSPosed-Bridge: 	at com.android.server.am.ActivityManagerService.isGetTasksAllowed(ActivityManagerService.java:10902)

07-22 02:37:03.114  1547  5877 I LSPosed-Bridge: 	at com.android.server.am.ActivityManagerService.getFilteredTasks(ActivityManagerService.java:10884)

07-22 02:37:03.114  1547  5877 I LSPosed-Bridge: 	at com.android.server.am.ActivityManagerService.getTasks(ActivityManagerService.java:10872)

07-22 02:37:03.114  1547  5877 I LSPosed-Bridge: 	at android.app.IActivityManager$Stub.onTransact(IActivityManager.java:288)

07-22 02:37:03.114  1547  5877 I LSPosed-Bridge: 	at com.android.server.am.ActivityManagerService.onTransact(ActivityManagerService.java:3346)

07-22 02:37:03.114  1547  5877 I LSPosed-Bridge: 	at android.os.Binder.execTransact(Binder.java:731)

07-22 02:37:03.114  5606  5606 I LSPosed-Bridge: 5606 PermLabel getRunningAppProcesses importance: 100 pid: 7274

07-22 02:37:03.114  5606  5606 I LSPosed-Bridge: 5606 PermLabel getRunningAppProcesses packageName com.meiyou.yunqi at index 0 in process 7274

07-22 02:37:03.114  5606  5606 I LSPosed-Bridge: 5606 PermLabel getRunningAppProcesses =android.app.ActivityManager$RunningAppProcessInfo@8ac2798

07-22 02:37:03.114  5606  5606 I LSPosed-Bridge: 5606 PermLabel getRunningAppProcesses processName: com.meiyou.yunqi:core pid: 6827

07-22 02:37:03.114  5606  5606 I LSPosed-Bridge: 5606 PermLabel getRunningAppProcesses importance: 125 pid: 6827

07-22 02:37:03.114  5606  5606 I LSPosed-Bridge: 5606 PermLabel getRunningAppProcesses packageName com.meiyou.yunqi at index 0 in process 6827

07-22 02:37:10.257  1547  5877 I LSPosed-Bridge: 5606 PermLabel 10137 AMS.checkPermission: Binder.getCallingPid() = 5606; uid = 10137; Binder.getCallingUid() = 10137; getNameForUid: com.meiyou.yunqi; getPackagesForUid: [com.meiyou.yunqi]; permName: android.permission.GET_TASKS; type = 0; res = -1; stacktrace=java.lang.Exception

07-22 02:37:10.257  1547  5877 I LSPosed-Bridge: 	at com.example.permlabel.requirePerm$1$2.afterHookedMethod(requirePerm.java:137)

07-22 02:37:10.257  1547  5877 I LSPosed-Bridge: 	at de.robv.android.xposed.XposedBridge$AdditionalHookInfo.callback(Unknown Source:147)

07-22 02:37:10.257  1547  5877 I LSPosed-Bridge: 	at LSPHooker_.checkPermission(Unknown Source:25)

07-22 02:37:10.257  1547  5877 I LSPosed-Bridge: 	at com.android.server.am.ActivityManagerService.isGetTasksAllowed(ActivityManagerService.java:10902)

07-22 02:37:10.257  1547  5877 I LSPosed-Bridge: 	at com.android.server.am.ActivityManagerService.getRunningAppProcesses(ActivityManagerService.java:16139)

07-22 02:37:10.257  1547  5877 I LSPosed-Bridge: 	at android.app.IActivityManager$Stub.onTransact(IActivityManager.java:1088)

07-22 02:37:10.257  1547  5877 I LSPosed-Bridge: 	at com.android.server.am.ActivityManagerService.onTransact(ActivityManagerService.java:3346)

07-22 02:37:10.257  1547  5877 I LSPosed-Bridge: 	at android.os.Binder.execTransact(Binder.java:731)

07-22 02:37:10.257   552   552 I ConfigStore: android::hardware::configstore::V1_0::ISurfaceFlingerConfigs::hasHDRDisplay retrieved: 0

07-22 02:37:10.259   552   552 I ConfigStore: android::hardware::configstore::V1_0::ISurfaceFlingerConfigs::hasHDRDisplay retrieved: 0

07-22 02:37:10.259  1547  5877 I LSPosed-Bridge: 5606 PermLabel 10137 AMS.checkPermission: Binder.getCallingPid() = 5606; uid = 10137; Binder.getCallingUid() = 10137; getNameForUid: com.meiyou.yunqi; getPackagesForUid: [com.meiyou.yunqi]; permName: android.permission.GET_TASKS; type = 0; res = -1; stacktrace=java.lang.Exception

07-22 02:37:10.259  1547  5877 I LSPosed-Bridge: 	at com.example.permlabel.requirePerm$1$2.afterHookedMethod(requirePerm.java:137)

07-22 02:37:10.259  1547  5877 I LSPosed-Bridge: 	at de.robv.android.xposed.XposedBridge$AdditionalHookInfo.callback(Unknown Source:147)

07-22 02:37:10.259  1547  5877 I LSPosed-Bridge: 	at LSPHooker_.checkPermission(Unknown Source:25)

07-22 02:37:10.259  1547  5877 I LSPosed-Bridge: 	at com.android.server.am.ActivityManagerService.isGetTasksAllowed(ActivityManagerService.java:10902)

07-22 02:37:10.259  1547  5877 I LSPosed-Bridge: 	at com.android.server.am.ActivityManagerService.getFilteredTasks(ActivityManagerService.java:10884)

07-22 02:37:10.259  1547  5877 I LSPosed-Bridge: 	at com.android.server.am.ActivityManagerService.getTasks(ActivityManagerService.java:10872)

07-22 02:37:10.259  1547  5877 I LSPosed-Bridge: 	at android.app.IActivityManager$Stub.onTransact(IActivityManager.java:288)

07-22 02:37:10.259  1547  5877 I LSPosed-Bridge: 	at com.android.server.am.ActivityManagerService.onTransact(ActivityManagerService.java:3346)

07-22 02:37:10.259  1547  5877 I LSPosed-Bridge: 	at android.os.Binder.execTransact(Binder.java:731)

07-22 02:37:10.259  5606  5606 I sandbox.ApplicationStatus: onStateChange - STOPPED, com.lingan.seeyou.ui.activity.user.login.LoginAccountFoEmailActivity@9d796f1

07-22 02:37:10.259  5606  6881 I LSPosed-Bridge: 5606 PermLabel hookBinder_test 10137 interfaceBinder =android.app.IActivityManager; arg0 = 20; arg1 = android.os.Parcel@e3bc205; arg2 = android.os.Parcel@c2c97c; arg3 = 0; res = true; stacktrace=java.lang.Exception

07-22 02:37:10.259  5606  6881 I LSPosed-Bridge: 	at com.example.permlabel.hookBinder_test$1.afterHookedMethod(hookBinder_test.java:68)

07-22 02:37:10.259  5606  6881 I LSPosed-Bridge: 	at de.robv.android.xposed.XposedBridge$AdditionalHookInfo.callback(Unknown Source:147)

07-22 02:37:10.259  5606  6881 I LSPosed-Bridge: 	at LSPHooker_.transact(Unknown Source:28)

07-22 02:37:10.259  5606  6881 I LSPosed-Bridge: 	at android.app.IActivityManager$Stub$Proxy.getTasks(IActivityManager.java:4082)

07-22 02:37:10.259  5606  6881 I LSPosed-Bridge: 	at java.lang.reflect.Method.invoke(Native Method)

07-22 02:37:10.259  5606  6881 I LSPosed-Bridge: 	at com.meiyou.pregnancy.app.hook.HookActivityManager$IActivityManagerProxy.invoke(TbsSdkJava:80)

07-22 02:37:10.259  5606  6881 I LSPosed-Bridge: 	at java.lang.reflect.Proxy.invoke(Proxy.java:1006)

07-22 02:37:10.259  5606  6881 I LSPosed-Bridge: 	at $Proxy1.getTasks(Unknown Source)

07-22 02:37:10.259  5606  6881 I LSPosed-Bridge: 	at android.app.ActivityManager.getRunningTasks(ActivityManager.java:1994)

07-22 02:37:10.259  5606  6881 I LSPosed-Bridge: 	at com.alibaba.wireless.security.open.edgecomputing.ECMiscInfo.b(Unknown Source:10)

07-22 02:37:10.259  5606  6881 I LSPosed-Bridge: 	at com.alibaba.wireless.security.open.edgecomputing.ECMiscInfo.a(Unknown Source:0)

07-22 02:37:10.259  5606  6881 I LSPosed-Bridge: 	at com.alibaba.wireless.security.open.edgecomputing.ECMiscInfo$b.a(Unknown Source:26)

07-22 02:37:10.259  5606  6881 I LSPosed-Bridge: 	at com.alibaba.wireless.security.open.edgecomputing.ECMiscInfo$a.run(Unknown Source:8)

07-22 02:37:10.259  5606  6881 I LSPosed-Bridge: 	at android.os.Handler.handleCallback(Handler.java:873)

07-22 02:37:10.259  5606  6881 I LSPosed-Bridge: 	at android.os.Handler.dispatchMessage(Handler.java:99)

07-22 02:37:10.259  5606  6881 I LSPosed-Bridge: 	at android.os.Looper.loop(Looper.java:193)

07-22 02:37:10.259  5606  6881 I LSPosed-Bridge: 	at android.os.HandlerThread.run(HandlerThread.java:65)

07-22 02:37:17.716  1547  5877 I LSPosed-Bridge: 5606 PermLabel 10137 AMS.checkPermission: Binder.getCallingPid() = 5606; uid = 10137; Binder.getCallingUid() = 10137; getNameForUid: com.meiyou.yunqi; getPackagesForUid: [com.meiyou.yunqi]; permName: android.permission.GET_TASKS; type = 0; res = -1; stacktrace=java.lang.Exception

07-22 02:37:17.716  1547  5877 I LSPosed-Bridge: 	at com.example.permlabel.requirePerm$1$2.afterHookedMethod(requirePerm.java:137)

07-22 02:37:17.716  1547  5877 I LSPosed-Bridge: 	at de.robv.android.xposed.XposedBridge$AdditionalHookInfo.callback(Unknown Source:147)

07-22 02:37:17.716  1547  5877 I LSPosed-Bridge: 	at LSPHooker_.checkPermission(Unknown Source:25)

07-22 02:37:17.716  1547  5877 I LSPosed-Bridge: 	at com.android.server.am.ActivityManagerService.isGetTasksAllowed(ActivityManagerService.java:10902)

07-22 02:37:17.716  1547  5877 I LSPosed-Bridge: 	at com.android.server.am.ActivityManagerService.getRunningAppProcesses(ActivityManagerService.java:16139)

07-22 02:37:17.716  1547  5877 I LSPosed-Bridge: 	at android.app.IActivityManager$Stub.onTransact(IActivityManager.java:1088)

07-22 02:37:17.716  1547  5877 I LSPosed-Bridge: 	at com.android.server.am.ActivityManagerService.onTransact(ActivityManagerService.java:3346)

07-22 02:37:17.716  1547  5877 I LSPosed-Bridge: 	at android.os.Binder.execTransact(Binder.java:731)

07-22 02:37:17.718  5606  5606 I LSPosed-Bridge: 5606 PermLabel getRunningAppProcesses =android.app.ActivityManager$RunningAppProcessInfo@2926051

07-22 02:37:17.718  5606  5606 I LSPosed-Bridge: 5606 PermLabel getRunningAppProcesses processName: com.meiyou.yunqi pid: 5606

07-22 02:37:17.718  5606  5606 I LSPosed-Bridge: 5606 PermLabel getRunningAppProcesses importance: 100 pid: 5606

07-22 02:37:17.718  5606  5606 I LSPosed-Bridge: 5606 PermLabel getRunningAppProcesses packageName com.meiyou.yunqi at index 0 in process 5606

07-22 02:37:17.718  5606  5606 I LSPosed-Bridge: 5606 PermLabel getRunningAppProcesses =android.app.ActivityManager$RunningAppProcessInfo@151e0b6

07-22 02:37:17.718  5606  5606 I LSPosed-Bridge: 5606 PermLabel getRunningAppProcesses processName: com.meiyou.yunqi:channel pid: 7765

07-22 02:37:17.718  5606  5606 I LSPosed-Bridge: 5606 PermLabel getRunningAppProcesses importance: 100 pid: 7765

07-22 02:37:17.718  5606  5606 I LSPosed-Bridge: 5606 PermLabel getRunningAppProcesses packageName com.meiyou.yunqi at index 0 in process 7765

07-22 02:37:17.718  5606  5606 I LSPosed-Bridge: 5606 PermLabel getRunningAppProcesses =android.app.ActivityManager$RunningAppProcessInfo@51851b7

07-22 02:37:17.718  5606  5606 I LSPosed-Bridge: 5606 PermLabel getRunningAppProcesses processName: com.meiyou.yunqi:pushservice pid: 7274

07-22 02:37:17.718  5606  5606 I LSPosed-Bridge: 5606 PermLabel getRunningAppProcesses importance: 100 pid: 7274

07-22 02:37:17.718  5606  5606 I LSPosed-Bridge: 5606 PermLabel getRunningAppProcesses packageName com.meiyou.yunqi at index 0 in process 7274

07-22 02:37:17.718  5606  5606 I LSPosed-Bridge: 5606 PermLabel getRunningAppProcesses =android.app.ActivityManager$RunningAppProcessInfo@ecabd24

07-22 02:37:17.718  5606  5606 I LSPosed-Bridge: 5606 PermLabel getRunningAppProcesses processName: com.meiyou.yunqi:core pid: 6827

07-22 02:37:17.718  5606  5606 I LSPosed-Bridge: 5606 PermLabel getRunningAppProcesses importance: 125 pid: 6827

07-22 02:37:17.718  5606  5606 I LSPosed-Bridge: 5606 PermLabel getRunningAppProcesses packageName com.meiyou.yunqi at index 0 in process 6827

07-22 02:37:17.718  1547  5877 I LSPosed-Bridge: 5606 PermLabel 10137 AMS.checkPermission: Binder.getCallingPid() = 5606; uid = 10137; Binder.getCallingUid() = 10137; getNameForUid: com.meiyou.yunqi; getPackagesForUid: [com.meiyou.yunqi]; permName: android.permission.GET_TASKS; type = 0; res = -1; stacktrace=java.lang.Exception

07-22 02:37:17.718  1547  5877 I LSPosed-Bridge: 	at com.example.permlabel.requirePerm$1$2.afterHookedMethod(requirePerm.java:137)

07-22 02:37:17.718  1547  5877 I LSPosed-Bridge: 	at de.robv.android.xposed.XposedBridge$AdditionalHookInfo.callback(Unknown Source:147)

