08-16 01:39:09.729  5721  5721 I LSPosed-Bridge: 5721 PermLabel 10128 permission_group_mapping =android.permission.CAMERA Camera

08-16 01:39:09.729   551   551 I ConfigStore: android::hardware::configstore::V1_0::ISurfaceFlingerConfigs::hasHDRDisplay retrieved: 0

08-16 01:39:09.729   551   551 I ConfigStore: android::hardware::configstore::V1_0::ISurfaceFlingerConfigs::hasHDRDisplay retrieved: 0

08-16 01:39:09.764   551   551 I ConfigStore: android::hardware::configstore::V1_0::ISurfaceFlingerConfigs::hasHDRDisplay retrieved: 0

08-16 01:39:09.764   551   551 I ConfigStore: android::hardware::configstore::V1_0::ISurfaceFlingerConfigs::hasHDRDisplay retrieved: 0

08-16 01:39:09.764  5721  5721 I LSPosed-Bridge: 5721 PermLabel 10128 all_declared permissions =android.permission.INTERNET android.permission.CAMERA android.permission.WRITE_EXTERNAL_STORAGE android.permission.ACCESS_NETWORK_STATE android.permission.RECORD_AUDIO android.permission.MODIFY_AUDIO_SETTINGS android.permission.READ_PHONE_STATE android.permission.READ_EXTERNAL_STORAGE android.permission.VIBRATE android.permission.FLASHLIGHT android.permission.RECEIVE_BOOT_COMPLETED android.permission.WAKE_LOCK android.permission.SCHEDULE_EXACT_ALARM com.android.vending.BILLING com.sec.android.provider.badge.permission.READ com.sec.android.provider.badge.permission.WRITE com.htc.launcher.permission.READ_SETTINGS com.htc.launcher.permission.UPDATE_SHORTCUT com.sonyericsson.home.permission.BROADCAST_BADGE com.sonymobile.home.permission.PROVIDER_INSERT_BADGE com.anddoes.launcher.permission.UPDATE_COUNT com.majeur.launcher.permission.UPDATE_BADGE com.huawei.android.launcher.permission.CHANGE_BADGE com.huawei.android.launcher.permission.READ_SETTINGS com.huawei.android.launcher.permission.WRITE_SETTINGS android.permission.READ_APP_BADGE com.oppo.launcher.permission.READ_SETTINGS com.oppo.launcher.permission.WRITE_SETTINGS me.everything.badger.permission.BADGE_COUNT_READ me.everything.badger.permission.BADGE_COUNT_WRITE com.google.android.c2dm.permission.RECEIVE com.google.android.finsky.permission.BIND_GET_INSTALL_REFERRER_SERVICE 

08-16 01:39:09.764  5721  5721 I LSPosed-Bridge: 5721 PermLabel 10128 all_declared permissions =android.permission.INTERNET android.permission.CAMERA android.permission.WRITE_EXTERNAL_STORAGE android.permission.ACCESS_NETWORK_STATE android.permission.RECORD_AUDIO android.permission.MODIFY_AUDIO_SETTINGS android.permission.READ_PHONE_STATE android.permission.READ_EXTERNAL_STORAGE android.permission.VIBRATE android.permission.FLASHLIGHT android.permission.RECEIVE_BOOT_COMPLETED android.permission.WAKE_LOCK android.permission.SCHEDULE_EXACT_ALARM com.android.vending.BILLING com.sec.android.provider.badge.permission.READ com.sec.android.provider.badge.permission.WRITE com.htc.launcher.permission.READ_SETTINGS com.htc.launcher.permission.UPDATE_SHORTCUT com.sonyericsson.home.permission.BROADCAST_BADGE com.sonymobile.home.permission.PROVIDER_INSERT_BADGE com.anddoes.launcher.permission.UPDATE_COUNT com.majeur.launcher.permission.UPDATE_BADGE com.huawei.android.launcher.permission.CHANGE_BADGE com.huawei.android.launcher.permission.READ_SETTINGS com.huawei.android.launcher.permission.WRITE_SETTINGS android.permission.READ_APP_BADGE com.oppo.launcher.permission.READ_SETTINGS com.oppo.launcher.permission.WRITE_SETTINGS me.everything.badger.permission.BADGE_COUNT_READ me.everything.badger.permission.BADGE_COUNT_WRITE com.google.android.c2dm.permission.RECEIVE com.google.android.finsky.permission.BIND_GET_INSTALL_REFERRER_SERVICE 

08-16 01:39:09.764  5721  5721 I LSPosed-Bridge: 5721 PermLabel 10128 declared normal_permissions =android.permission.INTERNET android.permission.ACCESS_NETWORK_STATE android.permission.MODIFY_AUDIO_SETTINGS android.permission.VIBRATE android.permission.FLASHLIGHT android.permission.RECEIVE_BOOT_COMPLETED android.permission.WAKE_LOCK com.android.vending.BILLING com.google.android.c2dm.permission.RECEIVE com.google.android.finsky.permission.BIND_GET_INSTALL_REFERRER_SERVICE 

08-16 01:39:09.764  5721  5721 I LSPosed-Bridge: 5721 PermLabel 10128 declared normal_permissions =android.permission.INTERNET android.permission.ACCESS_NETWORK_STATE android.permission.MODIFY_AUDIO_SETTINGS android.permission.VIBRATE android.permission.FLASHLIGHT android.permission.RECEIVE_BOOT_COMPLETED android.permission.WAKE_LOCK com.android.vending.BILLING com.google.android.c2dm.permission.RECEIVE com.google.android.finsky.permission.BIND_GET_INSTALL_REFERRER_SERVICE 

08-16 01:39:09.764  5721  5721 I LSPosed-Bridge: 5721 PermLabel 10128 declared dangerous_permissions =android.permission.CAMERA android.permission.WRITE_EXTERNAL_STORAGE android.permission.RECORD_AUDIO android.permission.READ_PHONE_STATE android.permission.READ_EXTERNAL_STORAGE 

08-16 01:39:09.764  5721  5721 I LSPosed-Bridge: 5721 PermLabel 10128 declared dangerous_permissions =android.permission.CAMERA android.permission.WRITE_EXTERNAL_STORAGE android.permission.RECORD_AUDIO android.permission.READ_PHONE_STATE android.permission.READ_EXTERNAL_STORAGE 

08-16 01:39:09.764   551   551 I ConfigStore: android::hardware::configstore::V1_0::ISurfaceFlingerConfigs::hasHDRDisplay retrieved: 0

08-16 01:39:09.764   551   551 I ConfigStore: android::hardware::configstore::V1_0::ISurfaceFlingerConfigs::hasHDRDisplay retrieved: 0

08-16 01:39:09.764  5721  5721 I LSPosed-Bridge: 5721 PermLabel 10128 declared dangerous_group =Camera Storage Microphone Telephone Storage 

08-16 01:39:09.764  5721  5721 I LSPosed-Bridge: 5721 PermLabel 10128 declared dangerous_group =Camera Storage Microphone Telephone Storage 

08-16 01:45:53.592  5721  6054 I LSPosed-Bridge: 5721 PermLabel 10128 android.permission.CAMERA getCameraInfo args0: 1; args1: android.hardware.Camera$CameraInfo@fb60adc; res= null; stacktrace=java.lang.Exception

08-16 01:45:53.592  5721  6054 I LSPosed-Bridge: 5721 PermLabel 10128 android.permission.CAMERA getCameraInfo args0: 1; args1: android.hardware.Camera$CameraInfo@fb60adc; res= null; stacktrace=java.lang.Exception

08-16 01:45:53.592  5721  6054 I LSPosed-Bridge: 	at com.example.permlabel.hookCamera$1.afterHookedMethod(hookCamera.java:21)

08-16 01:45:53.592  5721  6054 I LSPosed-Bridge: 	at com.example.permlabel.hookCamera$1.afterHookedMethod(hookCamera.java:21)

08-16 01:45:53.592  5721  6054 I LSPosed-Bridge: 	at de.robv.android.xposed.XposedBridge$AdditionalHookInfo.callback(Unknown Source:147)

08-16 01:45:53.592  5721  6054 I LSPosed-Bridge: 	at de.robv.android.xposed.XposedBridge$AdditionalHookInfo.callback(Unknown Source:147)

08-16 01:45:53.592  5721  6054 I LSPosed-Bridge: 	at LSPHooker_.getCameraInfo(Unknown Source:15)

08-16 01:45:53.592  5721  6054 I LSPosed-Bridge: 	at LSPHooker_.getCameraInfo(Unknown Source:15)

08-16 01:45:53.592  5721  6054 I LSPosed-Bridge: 	at R74.e(chromium-Monochrome.aab-stable-579016621:6)

08-16 01:45:53.592  5721  6054 I LSPosed-Bridge: 	at R74.e(chromium-Monochrome.aab-stable-579016621:6)

08-16 01:45:53.592  5721  6054 I LSPosed-Bridge: 	at org.chromium.media.VideoCaptureFactory.getDeviceName(chromium-Monochrome.aab-stable-579016621:15)

08-16 01:45:53.592  5721  6054 I LSPosed-Bridge: 	at org.chromium.media.VideoCaptureFactory.getDeviceName(chromium-Monochrome.aab-stable-579016621:15)

08-16 01:45:53.592  5721  6054 I LSPosed-Bridge: 5721 PermLabel 10128 android.permission.CAMERA getCameraInfo args0: 1; args1: android.hardware.Camera$CameraInfo@fb60adc; res= null; stacktrace=java.lang.Exception

08-16 01:45:53.592  5721  6054 I LSPosed-Bridge: 5721 PermLabel 10128 android.permission.CAMERA getCameraInfo args0: 1; args1: android.hardware.Camera$CameraInfo@fb60adc; res= null; stacktrace=java.lang.Exception

08-16 01:45:53.592  5721  6054 I LSPosed-Bridge: 	at com.example.permlabel.hookCamera$1.afterHookedMethod(hookCamera.java:21)

08-16 01:45:53.592  5721  6054 I LSPosed-Bridge: 	at com.example.permlabel.hookCamera$1.afterHookedMethod(hookCamera.java:21)

08-16 01:45:53.592  5721  6054 I LSPosed-Bridge: 	at de.robv.android.xposed.XposedBridge$AdditionalHookInfo.callback(Unknown Source:147)

08-16 01:45:53.592  5721  6054 I LSPosed-Bridge: 	at de.robv.android.xposed.XposedBridge$AdditionalHookInfo.callback(Unknown Source:147)

08-16 01:45:53.592  5721  6054 I LSPosed-Bridge: 	at LSPHooker_.getCameraInfo(Unknown Source:15)

08-16 01:45:53.592  5721  6054 I LSPosed-Bridge: 	at LSPHooker_.getCameraInfo(Unknown Source:15)

08-16 01:45:53.592  5721  6054 I LSPosed-Bridge: 	at R74.e(chromium-Monochrome.aab-stable-579016621:6)

08-16 01:45:53.592  5721  6054 I LSPosed-Bridge: 	at R74.e(chromium-Monochrome.aab-stable-579016621:6)

08-16 01:45:53.592  5721  6054 I LSPosed-Bridge: 	at org.chromium.media.VideoCaptureFactory.getDeviceName(chromium-Monochrome.aab-stable-579016621:15)

08-16 01:45:53.592  5721  6054 I LSPosed-Bridge: 	at org.chromium.media.VideoCaptureFactory.getDeviceName(chromium-Monochrome.aab-stable-579016621:15)

08-16 01:45:53.616  5721  6054 I LSPosed-Bridge: 5721 PermLabel hookBinder_test 10128 interfaceBinder =android.media.IAudioService; arg0 = 55; arg1 = android.os.Parcel@721db03; arg2 = android.os.Parcel@5c63b7f; arg3 = 0; res = true; stacktrace=java.lang.Exception

08-16 01:45:53.616  5721  6054 I LSPosed-Bridge: 5721 PermLabel hookBinder_test 10128 interfaceBinder =android.media.IAudioService; arg0 = 55; arg1 = android.os.Parcel@721db03; arg2 = android.os.Parcel@5c63b7f; arg3 = 0; res = true; stacktrace=java.lang.Exception

08-16 01:45:53.616  5721  6054 I LSPosed-Bridge: 	at com.example.permlabel.hookBinder_test$1.afterHookedMethod(hookBinder_test.java:68)

08-16 01:45:53.616  5721  6054 I LSPosed-Bridge: 	at com.example.permlabel.hookBinder_test$1.afterHookedMethod(hookBinder_test.java:68)

08-16 01:45:53.616  5721  6054 I LSPosed-Bridge: 	at de.robv.android.xposed.XposedBridge$AdditionalHookInfo.callback(Unknown Source:147)

08-16 01:45:53.616  5721  6054 I LSPosed-Bridge: 	at de.robv.android.xposed.XposedBridge$AdditionalHookInfo.callback(Unknown Source:147)

08-16 01:45:53.616  5721  6054 I LSPosed-Bridge: 	at LSPHooker_.transact(Unknown Source:28)

08-16 01:45:53.616  5721  6054 I LSPosed-Bridge: 	at LSPHooker_.transact(Unknown Source:28)

08-16 01:45:53.616  5721  6054 I LSPosed-Bridge: 	at android.media.IAudioService$Stub$Proxy.isCameraSoundForced(IAudioService.java:1955)

08-16 01:45:53.616  5721  6054 I LSPosed-Bridge: 	at android.media.IAudioService$Stub$Proxy.isCameraSoundForced(IAudioService.java:1955)

08-16 01:45:53.616  5721  6054 I LSPosed-Bridge: 	at android.hardware.Camera.getCameraInfo(Camera.java:348)

08-16 01:45:53.616  5721  6054 I LSPosed-Bridge: 	at android.hardware.Camera.getCameraInfo(Camera.java:348)

08-16 01:45:53.616  5721  6054 I LSPosed-Bridge: 	at java.lang.reflect.Method.invoke(Native Method)

08-16 01:45:53.616  5721  6054 I LSPosed-Bridge: 	at java.lang.reflect.Method.invoke(Native Method)

08-16 01:45:53.616  5721  6054 I LSPosed-Bridge: 	at org.lsposed.lspd.nativebridge.HookBridge.invokeOriginalMethod(Native Method)

08-16 01:45:53.616  5721  6054 I LSPosed-Bridge: 	at org.lsposed.lspd.nativebridge.HookBridge.invokeOriginalMethod(Native Method)

08-16 01:45:53.616  5721  6054 I LSPosed-Bridge: 	at de.robv.android.xposed.XposedBridge$AdditionalHookInfo.callback(Unknown Source:110)

08-16 01:45:53.616  5721  6054 I LSPosed-Bridge: 	at de.robv.android.xposed.XposedBridge$AdditionalHookInfo.callback(Unknown Source:110)

08-16 01:45:53.616  5721  6054 I LSPosed-Bridge: 	at LSPHooker_.getCameraInfo(Unknown Source:15)

08-16 01:45:53.616  5721  6054 I LSPosed-Bridge: 	at LSPHooker_.getCameraInfo(Unknown Source:15)

08-16 01:45:53.616  5721  6054 I LSPosed-Bridge: 	at R74.e(chromium-Monochrome.aab-stable-579016621:6)

08-16 01:45:53.616  5721  6054 I LSPosed-Bridge: 	at R74.e(chromium-Monochrome.aab-stable-579016621:6)

08-16 01:45:53.616  5721  6054 I LSPosed-Bridge: 	at org.chromium.media.VideoCaptureFactory.getCaptureApiType(chromium-Monochrome.aab-stable-579016621:8)

08-16 01:45:53.616  5721  6054 I LSPosed-Bridge: 	at org.chromium.media.VideoCaptureFactory.getCaptureApiType(chromium-Monochrome.aab-stable-579016621:8)

08-16 01:45:53.616  5721  6054 I LSPosed-Bridge: 5721 PermLabel 10128 android.permission.CAMERA getCameraInfo args0: 1; args1: android.hardware.Camera$CameraInfo@37fe30c; res= null; stacktrace=java.lang.Exception

08-16 01:45:53.616  5721  6054 I LSPosed-Bridge: 5721 PermLabel 10128 android.permission.CAMERA getCameraInfo args0: 1; args1: android.hardware.Camera$CameraInfo@37fe30c; res= null; stacktrace=java.lang.Exception

08-16 01:45:53.616  5721  6054 I LSPosed-Bridge: 	at com.example.permlabel.hookCamera$1.afterHookedMethod(hookCamera.java:21)

08-16 01:45:53.616  5721  6054 I LSPosed-Bridge: 	at com.example.permlabel.hookCamera$1.afterHookedMethod(hookCamera.java:21)

08-16 01:45:53.616  5721  6054 I LSPosed-Bridge: 	at de.robv.android.xposed.XposedBridge$AdditionalHookInfo.callback(Unknown Source:147)

08-16 01:45:53.616  5721  6054 I LSPosed-Bridge: 	at de.robv.android.xposed.XposedBridge$AdditionalHookInfo.callback(Unknown Source:147)

08-16 01:45:53.616  5721  6054 I LSPosed-Bridge: 	at LSPHooker_.getCameraInfo(Unknown Source:15)

08-16 01:45:53.616  5721  6054 I LSPosed-Bridge: 	at LSPHooker_.getCameraInfo(Unknown Source:15)

08-16 01:45:53.616  5721  6054 I LSPosed-Bridge: 	at R74.e(chromium-Monochrome.aab-stable-579016621:6)

08-16 01:45:53.616  5721  6054 I LSPosed-Bridge: 	at R74.e(chromium-Monochrome.aab-stable-579016621:6)

08-16 01:45:53.616  5721  6054 I LSPosed-Bridge: 	at org.chromium.media.VideoCaptureFactory.getCaptureApiType(chromium-Monochrome.aab-stable-579016621:8)

08-16 01:45:53.616  5721  6054 I LSPosed-Bridge: 	at org.chromium.media.VideoCaptureFactory.getCaptureApiType(chromium-Monochrome.aab-stable-579016621:8)

08-16 01:45:53.616  5721  6054 I LSPosed-Bridge: 5721 PermLabel 10128 android.permission.CAMERA getCameraInfo args0: 1; args1: android.hardware.Camera$CameraInfo@37fe30c; res= null; stacktrace=java.lang.Exception

08-16 01:45:53.616  5721  6054 I LSPosed-Bridge: 5721 PermLabel 10128 android.permission.CAMERA getCameraInfo args0: 1; args1: android.hardware.Camera$CameraInfo@37fe30c; res= null; stacktrace=java.lang.Exception

08-16 01:45:53.616  5721  6054 I LSPosed-Bridge: 	at com.example.permlabel.hookCamera$1.afterHookedMethod(hookCamera.java:21)

08-16 01:45:53.616  5721  6054 I LSPosed-Bridge: 	at com.example.permlabel.hookCamera$1.afterHookedMethod(hookCamera.java:21)

08-16 01:45:53.616  5721  6054 I LSPosed-Bridge: 	at de.robv.android.xposed.XposedBridge$AdditionalHookInfo.callback(Unknown Source:147)

08-16 01:45:53.616  5721  6054 I LSPosed-Bridge: 	at de.robv.android.xposed.XposedBridge$AdditionalHookInfo.callback(Unknown Source:147)

08-16 01:45:53.616  5721  6054 I LSPosed-Bridge: 	at LSPHooker_.getCameraInfo(Unknown Source:15)

08-16 01:45:53.616  5721  6054 I LSPosed-Bridge: 	at LSPHooker_.getCameraInfo(Unknown Source:15)

08-16 01:45:53.616  5721  6054 I LSPosed-Bridge: 	at R74.e(chromium-Monochrome.aab-stable-579016621:6)

08-16 01:45:53.616  5721  6054 I LSPosed-Bridge: 	at R74.e(chromium-Monochrome.aab-stable-579016621:6)

08-16 01:45:53.616  5721  6054 I LSPosed-Bridge: 	at org.chromium.media.VideoCaptureFactory.getCaptureApiType(chromium-Monochrome.aab-stable-579016621:8)

08-16 01:45:53.616  5721  6054 I LSPosed-Bridge: 	at org.chromium.media.VideoCaptureFactory.getCaptureApiType(chromium-Monochrome.aab-stable-579016621:8)

08-16 01:45:53.628  5721  6054 I LSPosed-Bridge: 5721 PermLabel hookBinder_test 10128 interfaceBinder =android.media.IAudioService; arg0 = 55; arg1 = android.os.Parcel@4119e7c; arg2 = android.os.Parcel@5c63b7f; arg3 = 0; res = true; stacktrace=java.lang.Exception

08-16 01:45:53.628  5721  6054 I LSPosed-Bridge: 5721 PermLabel hookBinder_test 10128 interfaceBinder =android.media.IAudioService; arg0 = 55; arg1 = android.os.Parcel@4119e7c; arg2 = android.os.Parcel@5c63b7f; arg3 = 0; res = true; stacktrace=java.lang.Exception

08-16 01:45:53.628  5721  6054 I LSPosed-Bridge: 	at com.example.permlabel.hookBinder_test$1.afterHookedMethod(hookBinder_test.java:68)

08-16 01:45:53.628  5721  6054 I LSPosed-Bridge: 	at com.example.permlabel.hookBinder_test$1.afterHookedMethod(hookBinder_test.java:68)

08-16 01:45:53.628  5721  6054 I LSPosed-Bridge: 	at de.robv.android.xposed.XposedBridge$AdditionalHookInfo.callback(Unknown Source:147)

08-16 01:45:53.628  5721  6054 I LSPosed-Bridge: 	at de.robv.android.xposed.XposedBridge$AdditionalHookInfo.callback(Unknown Source:147)

08-16 01:45:53.628  5721  6054 I LSPosed-Bridge: 	at LSPHooker_.transact(Unknown Source:28)

08-16 01:45:53.628  5721  6054 I LSPosed-Bridge: 	at LSPHooker_.transact(Unknown Source:28)

08-16 01:45:53.628  5721  6054 I LSPosed-Bridge: 	at android.media.IAudioService$Stub$Proxy.isCameraSoundForced(IAudioService.java:1955)

08-16 01:45:53.628  5721  6054 I LSPosed-Bridge: 	at android.media.IAudioService$Stub$Proxy.isCameraSoundForced(IAudioService.java:1955)

08-16 01:45:53.628  5721  6054 I LSPosed-Bridge: 	at android.hardware.Camera.getCameraInfo(Camera.java:348)

08-16 01:45:53.628  5721  6054 I LSPosed-Bridge: 	at android.hardware.Camera.getCameraInfo(Camera.java:348)

08-16 01:45:53.628  5721  6054 I LSPosed-Bridge: 	at java.lang.reflect.Method.invoke(Native Method)

08-16 01:45:53.628  5721  6054 I LSPosed-Bridge: 	at java.lang.reflect.Method.invoke(Native Method)

08-16 01:45:53.628  5721  6054 I LSPosed-Bridge: 	at org.lsposed.lspd.nativebridge.HookBridge.invokeOriginalMethod(Native Method)

08-16 01:45:53.628  5721  6054 I LSPosed-Bridge: 	at org.lsposed.lspd.nativebridge.HookBridge.invokeOriginalMethod(Native Method)

08-16 01:45:53.628  5721  6054 I LSPosed-Bridge: 	at de.robv.android.xposed.XposedBridge$AdditionalHookInfo.callback(Unknown Source:110)

08-16 01:45:53.628  5721  6054 I LSPosed-Bridge: 	at de.robv.android.xposed.XposedBridge$AdditionalHookInfo.callback(Unknown Source:110)

08-16 01:45:53.628  5721  6054 I LSPosed-Bridge: 	at LSPHooker_.getCameraInfo(Unknown Source:15)

08-16 01:45:53.628  5721  6054 I LSPosed-Bridge: 	at LSPHooker_.getCameraInfo(Unknown Source:15)

08-16 01:45:53.628  5721  6054 I LSPosed-Bridge: 	at R74.e(chromium-Monochrome.aab-stable-579016621:6)

08-16 01:45:53.628  5721  6054 I LSPosed-Bridge: 	at R74.e(chromium-Monochrome.aab-stable-579016621:6)

08-16 01:45:53.628  5721  6054 I LSPosed-Bridge: 	at org.chromium.media.VideoCaptureFactory.getFacingMode(chromium-Monochrome.aab-stable-579016621:10)

08-16 01:45:53.628  5721  6054 I LSPosed-Bridge: 	at org.chromium.media.VideoCaptureFactory.getFacingMode(chromium-Monochrome.aab-stable-579016621:10)

08-16 01:45:53.628  5721  6054 I LSPosed-Bridge: 5721 PermLabel 10128 android.permission.CAMERA getCameraInfo args0: 1; args1: android.hardware.Camera$CameraInfo@3b57ed3; res= null; stacktrace=java.lang.Exception

08-16 01:45:53.628  5721  6054 I LSPosed-Bridge: 5721 PermLabel 10128 android.permission.CAMERA getCameraInfo args0: 1; args1: android.hardware.Camera$CameraInfo@3b57ed3; res= null; stacktrace=java.lang.Exception

08-16 01:45:53.628  5721  6054 I LSPosed-Bridge: 	at com.example.permlabel.hookCamera$1.afterHookedMethod(hookCamera.java:21)

08-16 01:45:53.628  5721  6054 I LSPosed-Bridge: 	at com.example.permlabel.hookCamera$1.afterHookedMethod(hookCamera.java:21)

08-16 01:45:53.628  5721  6054 I LSPosed-Bridge: 	at de.robv.android.xposed.XposedBridge$AdditionalHookInfo.callback(Unknown Source:147)

08-16 01:45:53.628  5721  6054 I LSPosed-Bridge: 	at de.robv.android.xposed.XposedBridge$AdditionalHookInfo.callback(Unknown Source:147)

08-16 01:45:53.628  5721  6054 I LSPosed-Bridge: 	at LSPHooker_.getCameraInfo(Unknown Source:15)

08-16 01:45:53.628  5721  6054 I LSPosed-Bridge: 	at LSPHooker_.getCameraInfo(Unknown Source:15)

08-16 01:45:53.628  5721  6054 I LSPosed-Bridge: 	at R74.e(chromium-Monochrome.aab-stable-579016621:6)

08-16 01:45:53.628  5721  6054 I LSPosed-Bridge: 	at R74.e(chromium-Monochrome.aab-stable-579016621:6)

08-16 01:45:53.628  5721  6054 I LSPosed-Bridge: 	at org.chromium.media.VideoCaptureFactory.getFacingMode(chromium-Monochrome.aab-stable-579016621:10)

08-16 01:45:53.628  5721  6054 I LSPosed-Bridge: 	at org.chromium.media.VideoCaptureFactory.getFacingMode(chromium-Monochrome.aab-stable-579016621:10)

08-16 01:45:53.628  5721  6054 I LSPosed-Bridge: 5721 PermLabel 10128 android.permission.CAMERA getCameraInfo args0: 1; args1: android.hardware.Camera$CameraInfo@3b57ed3; res= null; stacktrace=java.lang.Exception

08-16 01:45:53.628  5721  6054 I LSPosed-Bridge: 5721 PermLabel 10128 android.permission.CAMERA getCameraInfo args0: 1; args1: android.hardware.Camera$CameraInfo@3b57ed3; res= null; stacktrace=java.lang.Exception

08-16 01:45:53.628  5721  6054 I LSPosed-Bridge: 	at com.example.permlabel.hookCamera$1.afterHookedMethod(hookCamera.java:21)

08-16 01:45:53.628  5721  6054 I LSPosed-Bridge: 	at com.example.permlabel.hookCamera$1.afterHookedMethod(hookCamera.java:21)

08-16 01:45:53.628  5721  6054 I LSPosed-Bridge: 	at de.robv.android.xposed.XposedBridge$AdditionalHookInfo.callback(Unknown Source:147)

08-16 01:45:53.628  5721  6054 I LSPosed-Bridge: 	at de.robv.android.xposed.XposedBridge$AdditionalHookInfo.callback(Unknown Source:147)

08-16 01:45:53.628  5721  6054 I LSPosed-Bridge: 	at LSPHooker_.getCameraInfo(Unknown Source:15)

08-16 01:45:53.628  5721  6054 I LSPosed-Bridge: 	at LSPHooker_.getCameraInfo(Unknown Source:15)

08-16 01:45:53.628  5721  6054 I LSPosed-Bridge: 	at R74.e(chromium-Monochrome.aab-stable-579016621:6)

08-16 01:45:53.628  5721  6054 I LSPosed-Bridge: 	at R74.e(chromium-Monochrome.aab-stable-579016621:6)

08-16 01:45:53.628  5721  6054 I LSPosed-Bridge: 	at org.chromium.media.VideoCaptureFactory.getFacingMode(chromium-Monochrome.aab-stable-579016621:10)

08-16 01:45:53.628  5721  6054 I LSPosed-Bridge: 	at org.chromium.media.VideoCaptureFactory.getFacingMode(chromium-Monochrome.aab-stable-579016621:10)

08-16 01:45:53.653  5721  5721 I LSPosed-Bridge: 5721 PermLabel hookBinder_test 10128 interfaceBinder =android.view.accessibility.IAccessibilityInteractionConnectionCallback; arg0 = 2; arg1 = android.os.Parcel@4119e7c; arg2 = null; arg3 = 1; res = true; stacktrace=java.lang.Exception

08-16 01:45:53.653  5721  5721 I LSPosed-Bridge: 	at com.example.permlabel.hookBinder_test$1.afterHookedMethod(hookBinder_test.java:68)

08-16 01:45:53.653  5721  5721 I LSPosed-Bridge: 	at de.robv.android.xposed.XposedBridge$AdditionalHookInfo.callback(Unknown Source:147)

08-16 01:45:53.653  5721  5721 I LSPosed-Bridge: 	at LSPHooker_.transact(Unknown Source:28)

08-16 01:45:53.653  5721  5721 I LSPosed-Bridge: 	at android.view.accessibility.IAccessibilityInteractionConnectionCallback$Stub$Proxy.setFindAccessibilityNodeInfosResult(IAccessibilityInteractionConnectionCallback.java:146)

08-16 01:45:53.653  5721  5721 I LSPosed-Bridge: 	at android.view.AccessibilityInteractionController.updateInfosForViewportAndReturnFindNodeResult(AccessibilityInteractionController.java:869)

08-16 01:45:53.653  5721  5721 I LSPosed-Bridge: 	at android.view.AccessibilityInteractionController.findAccessibilityNodeInfoByAccessibilityIdUiThread(AccessibilityInteractionController.java:340)

08-16 01:45:53.653  5721  5721 I LSPosed-Bridge: 	at android.view.AccessibilityInteractionController.access$400(AccessibilityInteractionController.java:67)

08-16 01:45:53.653  5721  5721 I LSPosed-Bridge: 	at android.view.AccessibilityInteractionController$PrivateHandler.handleMessage(AccessibilityInteractionController.java:1324)

08-16 01:45:53.653  5721  5721 I LSPosed-Bridge: 	at android.os.Handler.dispatchMessage(Handler.java:106)

08-16 01:45:53.653  5721  5721 I LSPosed-Bridge: 	at android.os.Looper.loop(Looper.java:193)

08-16 01:45:53.653  5721  5721 I LSPosed-Bridge: 	at android.app.ActivityThread.main(ActivityThread.java:6692)

08-16 01:45:53.653  5721  5721 I LSPosed-Bridge: 	at java.lang.reflect.Method.invoke(Native Method)

08-16 01:45:53.653  5721  5721 I LSPosed-Bridge: 	at com.android.internal.os.RuntimeInit$MethodAndArgsCaller.run(RuntimeInit.java:493)

08-16 01:45:53.653  5721  5721 I LSPosed-Bridge: 	at com.android.internal.os.ZygoteInit.main(ZygoteInit.java:858)

08-16 01:45:53.653  1567  9550 I LSPosed-Bridge: 5721 PermLabel 10128 AMS.checkPermission: Binder.getCallingPid() = 909; uid = 10128; Binder.getCallingUid() = 1047; getNameForUid: null; getPackagesForUid: null; permName: android.permission.CAMERA; type = 1; res = -1; stacktrace=java.lang.Exception

08-16 01:45:53.653  1567  9550 I LSPosed-Bridge: 	at com.example.permlabel.requirePerm$1$2.afterHookedMethod(requirePerm.java:143)

08-16 01:45:53.653  1567  9550 I LSPosed-Bridge: 	at de.robv.android.xposed.XposedBridge$AdditionalHookInfo.callback(Unknown Source:147)

08-16 01:45:53.653  1567  9550 I LSPosed-Bridge: 	at LSPHooker_.checkPermission(Unknown Source:25)

08-16 01:45:53.653  1567  9550 I LSPosed-Bridge: 	at com.android.server.am.ActivityManagerService$PermissionController.checkPermission(ActivityManagerService.java:9248)

08-16 01:45:53.653  1567  9550 I LSPosed-Bridge: 	at android.os.IPermissionController$Stub.onTransact(IPermissionController.java:56)

08-16 01:45:53.653  1567  9550 I LSPosed-Bridge: 	at android.os.Binder.execTransact(Binder.java:731)

08-16 01:45:53.653   909  4796 W ServiceManager: Permission failure: android.permission.CAMERA from uid=10128 pid=5721

08-16 01:45:53.653   909  4796 E CameraService: Permission Denial: can't use the camera pid=5721, uid=10128

08-16 01:45:53.756  1567  8918 I LSPosed-Bridge: 5721 PermLabel 10128 AMS.checkPermission: Binder.getCallingPid() = 909; uid = 10128; Binder.getCallingUid() = 1047; getNameForUid: null; getPackagesForUid: null; permName: android.permission.CAMERA; type = 1; res = -1; stacktrace=java.lang.Exception

08-16 01:45:53.756  1567  8918 I LSPosed-Bridge: 	at com.example.permlabel.requirePerm$1$2.afterHookedMethod(requirePerm.java:143)

08-16 01:45:53.756  1567  8918 I LSPosed-Bridge: 	at de.robv.android.xposed.XposedBridge$AdditionalHookInfo.callback(Unknown Source:147)

08-16 01:45:53.756  1567  8918 I LSPosed-Bridge: 	at LSPHooker_.checkPermission(Unknown Source:25)

08-16 01:45:53.756  1567  8918 I LSPosed-Bridge: 	at com.android.server.am.ActivityManagerService$PermissionController.checkPermission(ActivityManagerService.java:9248)

08-16 01:45:53.756  1567  8918 I LSPosed-Bridge: 	at android.os.IPermissionController$Stub.onTransact(IPermissionController.java:56)

08-16 01:45:53.756  1567  8918 I LSPosed-Bridge: 	at android.os.Binder.execTransact(Binder.java:731)

08-16 01:45:53.756   909  4796 W ServiceManager: Permission failure: android.permission.CAMERA from uid=10128 pid=5721

08-16 01:45:53.860  1567  8918 I LSPosed-Bridge: 5721 PermLabel 10128 AMS.checkPermission: Binder.getCallingPid() = 909; uid = 10128; Binder.getCallingUid() = 1047; getNameForUid: null; getPackagesForUid: null; permName: android.permission.CAMERA; type = 1; res = -1; stacktrace=java.lang.Exception

08-16 01:45:53.860  1567  8918 I LSPosed-Bridge: 	at com.example.permlabel.requirePerm$1$2.afterHookedMethod(requirePerm.java:143)

08-16 01:45:53.860  1567  8918 I LSPosed-Bridge: 	at de.robv.android.xposed.XposedBridge$AdditionalHookInfo.callback(Unknown Source:147)

08-16 01:45:53.860  1567  8918 I LSPosed-Bridge: 	at LSPHooker_.checkPermission(Unknown Source:25)

08-16 01:45:53.860  1567  8918 I LSPosed-Bridge: 	at com.android.server.am.ActivityManagerService$PermissionController.checkPermission(ActivityManagerService.java:9248)

08-16 01:45:53.860  1567  8918 I LSPosed-Bridge: 	at android.os.IPermissionController$Stub.onTransact(IPermissionController.java:56)

08-16 01:45:53.860  1567  8918 I LSPosed-Bridge: 	at android.os.Binder.execTransact(Binder.java:731)

08-16 01:45:53.860   909  4796 W ServiceManager: Permission failure: android.permission.CAMERA from uid=10128 pid=5721

08-16 01:45:53.860   909  4796 E CameraService: Permission Denial: can't use the camera pid=5721, uid=10128

08-16 01:45:53.860  5721  6054 W CameraBase: An error occurred while connecting to camera 1: Status(-8): '1: validateClientPermissionsLocked:906: Caller "com.n51951dd8177.app" (PID 10128, UID 5721) cannot open camera "1" without camera permission'

08-16 01:45:53.962  1567  8918 I LSPosed-Bridge: 5721 PermLabel 10128 AMS.checkPermission: Binder.getCallingPid() = 909; uid = 10128; Binder.getCallingUid() = 1047; getNameForUid: null; getPackagesForUid: null; permName: android.permission.CAMERA; type = 1; res = -1; stacktrace=java.lang.Exception

08-16 01:45:53.962  1567  8918 I LSPosed-Bridge: 	at com.example.permlabel.requirePerm$1$2.afterHookedMethod(requirePerm.java:143)

08-16 01:45:53.962  1567  8918 I LSPosed-Bridge: 	at de.robv.android.xposed.XposedBridge$AdditionalHookInfo.callback(Unknown Source:147)

08-16 01:45:53.962  1567  8918 I LSPosed-Bridge: 	at LSPHooker_.checkPermission(Unknown Source:25)

08-16 01:45:53.962  1567  8918 I LSPosed-Bridge: 	at com.android.server.am.ActivityManagerService$PermissionController.checkPermission(ActivityManagerService.java:9248)

08-16 01:45:53.962  1567  8918 I LSPosed-Bridge: 	at android.os.IPermissionController$Stub.onTransact(IPermissionController.java:56)

08-16 01:45:53.962  1567  8918 I LSPosed-Bridge: 	at android.os.Binder.execTransact(Binder.java:731)

08-16 01:45:54.066  1567  9550 I LSPosed-Bridge: 5721 PermLabel 10128 AMS.checkPermission: Binder.getCallingPid() = 909; uid = 10128; Binder.getCallingUid() = 1047; getNameForUid: null; getPackagesForUid: null; permName: android.permission.CAMERA; type = 1; res = -1; stacktrace=java.lang.Exception

08-16 01:45:54.066  1567  9550 I LSPosed-Bridge: 	at com.example.permlabel.requirePerm$1$2.afterHookedMethod(requirePerm.java:143)

08-16 01:45:54.066  1567  9550 I LSPosed-Bridge: 	at de.robv.android.xposed.XposedBridge$AdditionalHookInfo.callback(Unknown Source:147)

08-16 01:45:54.066  1567  9550 I LSPosed-Bridge: 	at LSPHooker_.checkPermission(Unknown Source:25)

08-16 01:45:54.066  1567  9550 I LSPosed-Bridge: 	at com.android.server.am.ActivityManagerService$PermissionController.checkPermission(ActivityManagerService.java:9248)

08-16 01:45:54.066  1567  9550 I LSPosed-Bridge: 	at android.os.IPermissionController$Stub.onTransact(IPermissionController.java:56)

08-16 01:45:54.066  1567  9550 I LSPosed-Bridge: 	at android.os.Binder.execTransact(Binder.java:731)

08-16 01:45:54.169  1567  9550 I LSPosed-Bridge: 5721 PermLabel 10128 AMS.checkPermission: Binder.getCallingPid() = 909; uid = 10128; Binder.getCallingUid() = 1047; getNameForUid: null; getPackagesForUid: null; permName: android.permission.CAMERA; type = 1; res = -1; stacktrace=java.lang.Exception

08-16 01:45:54.169  1567  9550 I LSPosed-Bridge: 	at com.example.permlabel.requirePerm$1$2.afterHookedMethod(requirePerm.java:143)

08-16 01:45:54.169  1567  9550 I LSPosed-Bridge: 	at de.robv.android.xposed.XposedBridge$AdditionalHookInfo.callback(Unknown Source:147)

08-16 01:45:54.169  1567  9550 I LSPosed-Bridge: 	at LSPHooker_.checkPermission(Unknown Source:25)

08-16 01:45:54.169  1567  9550 I LSPosed-Bridge: 	at com.android.server.am.ActivityManagerService$PermissionController.checkPermission(ActivityManagerService.java:9248)

08-16 01:45:54.169  1567  9550 I LSPosed-Bridge: 	at android.os.IPermissionController$Stub.onTransact(IPermissionController.java:56)

08-16 01:45:54.169  1567  9550 I LSPosed-Bridge: 	at android.os.Binder.execTransact(Binder.java:731)

08-16 01:45:54.273  1567  9550 I LSPosed-Bridge: 5721 PermLabel 10128 AMS.checkPermission: Binder.getCallingPid() = 909; uid = 10128; Binder.getCallingUid() = 1047; getNameForUid: null; getPackagesForUid: null; permName: android.permission.CAMERA; type = 1; res = -1; stacktrace=java.lang.Exception

08-16 01:45:54.273  1567  9550 I LSPosed-Bridge: 	at com.example.permlabel.requirePerm$1$2.afterHookedMethod(requirePerm.java:143)

08-16 01:45:54.273  1567  9550 I LSPosed-Bridge: 	at de.robv.android.xposed.XposedBridge$AdditionalHookInfo.callback(Unknown Source:147)

08-16 01:45:54.273  1567  9550 I LSPosed-Bridge: 	at LSPHooker_.checkPermission(Unknown Source:25)

08-16 01:45:54.273  1567  9550 I LSPosed-Bridge: 	at com.android.server.am.ActivityManagerService$PermissionController.checkPermission(ActivityManagerService.java:9248)

08-16 01:45:54.273  1567  9550 I LSPosed-Bridge: 	at android.os.IPermissionController$Stub.onTransact(IPermissionController.java:56)

08-16 01:45:54.273  1567  9550 I LSPosed-Bridge: 	at android.os.Binder.execTransact(Binder.java:731)

08-16 01:45:54.273   909  4796 W ServiceManager: Permission failure: android.permission.CAMERA from uid=10128 pid=5721

08-16 01:45:54.273   909  4796 E CameraService: Permission Denial: can't use the camera pid=5721, uid=10128

08-16 01:45:54.376  1567  9550 I LSPosed-Bridge: 5721 PermLabel 10128 AMS.checkPermission: Binder.getCallingPid() = 909; uid = 10128; Binder.getCallingUid() = 1047; getNameForUid: null; getPackagesForUid: null; permName: android.permission.CAMERA; type = 1; res = -1; stacktrace=java.lang.Exception

08-16 01:45:54.376  1567  9550 I LSPosed-Bridge: 	at com.example.permlabel.requirePerm$1$2.afterHookedMethod(requirePerm.java:143)

08-16 01:45:54.376  1567  9550 I LSPosed-Bridge: 	at de.robv.android.xposed.XposedBridge$AdditionalHookInfo.callback(Unknown Source:147)

08-16 01:45:54.376  1567  9550 I LSPosed-Bridge: 	at LSPHooker_.checkPermission(Unknown Source:25)

08-16 01:45:54.376  1567  9550 I LSPosed-Bridge: 	at com.android.server.am.ActivityManagerService$PermissionController.checkPermission(ActivityManagerService.java:9248)

08-16 01:45:54.376  1567  9550 I LSPosed-Bridge: 	at android.os.IPermissionController$Stub.onTransact(IPermissionController.java:56)

08-16 01:45:54.376  1567  9550 I LSPosed-Bridge: 	at android.os.Binder.execTransact(Binder.java:731)

08-16 01:45:54.376   909  4796 W ServiceManager: Permission failure: android.permission.CAMERA from uid=10128 pid=5721

08-16 01:45:54.376   909  4796 E CameraService: Permission Denial: can't use the camera pid=5721, uid=10128

08-16 01:45:54.376  5721  6054 W CameraBase: An error occurred while connecting to camera 1: Status(-8): '1: validateClientPermissionsLocked:906: Caller "com.n51951dd8177.app" (PID 10128, UID 5721) cannot open camera "1" without camera permission'

08-16 01:45:54.479  1567  9550 I LSPosed-Bridge: 5721 PermLabel 10128 AMS.checkPermission: Binder.getCallingPid() = 909; uid = 10128; Binder.getCallingUid() = 1047; getNameForUid: null; getPackagesForUid: null; permName: android.permission.CAMERA; type = 1; res = -1; stacktrace=java.lang.Exception

08-16 01:45:54.479  1567  9550 I LSPosed-Bridge: 	at com.example.permlabel.requirePerm$1$2.afterHookedMethod(requirePerm.java:143)

08-16 01:45:54.479  1567  9550 I LSPosed-Bridge: 	at de.robv.android.xposed.XposedBridge$AdditionalHookInfo.callback(Unknown Source:147)

08-16 01:45:54.479  1567  9550 I LSPosed-Bridge: 	at LSPHooker_.checkPermission(Unknown Source:25)

08-16 01:45:54.479  1567  9550 I LSPosed-Bridge: 	at com.android.server.am.ActivityManagerService$PermissionController.checkPermission(ActivityManagerService.java:9248)

08-16 01:45:54.479  1567  9550 I LSPosed-Bridge: 	at android.os.IPermissionController$Stub.onTransact(IPermissionController.java:56)

08-16 01:45:54.479  1567  9550 I LSPosed-Bridge: 	at android.os.Binder.execTransact(Binder.java:731)

08-16 01:45:54.479   909  4796 W ServiceManager: Permission failure: android.permission.CAMERA from uid=10128 pid=5721

08-16 01:45:54.479   909  4796 E CameraService: Permission Denial: can't use the camera pid=5721, uid=10128

08-16 01:45:54.507  1567  9550 I LSPosed-Bridge: 5721 PermLabel 10128 AMS.checkPermission: Binder.getCallingPid() = 909; uid = 10128; Binder.getCallingUid() = 1047; getNameForUid: null; getPackagesForUid: null; permName: android.permission.CAMERA; type = 1; res = -1; stacktrace=java.lang.Exception

08-16 01:45:54.507  1567  9550 I LSPosed-Bridge: 	at com.example.permlabel.requirePerm$1$2.afterHookedMethod(requirePerm.java:143)

08-16 01:45:54.507  1567  9550 I LSPosed-Bridge: 	at de.robv.android.xposed.XposedBridge$AdditionalHookInfo.callback(Unknown Source:147)

08-16 01:45:54.507  1567  9550 I LSPosed-Bridge: 	at LSPHooker_.checkPermission(Unknown Source:25)

08-16 01:45:54.507  1567  9550 I LSPosed-Bridge: 	at com.android.server.am.ActivityManagerService$PermissionController.checkPermission(ActivityManagerService.java:9248)

08-16 01:45:54.507  1567  9550 I LSPosed-Bridge: 	at android.os.IPermissionController$Stub.onTransact(IPermissionController.java:56)

08-16 01:45:54.507  1567  9550 I LSPosed-Bridge: 	at android.os.Binder.execTransact(Binder.java:731)

08-16 01:45:54.611  1567  8918 I LSPosed-Bridge: 5721 PermLabel 10128 AMS.checkPermission: Binder.getCallingPid() = 909; uid = 10128; Binder.getCallingUid() = 1047; getNameForUid: null; getPackagesForUid: null; permName: android.permission.CAMERA; type = 1; res = -1; stacktrace=java.lang.Exception

08-16 01:45:54.611  1567  8918 I LSPosed-Bridge: 	at com.example.permlabel.requirePerm$1$2.afterHookedMethod(requirePerm.java:143)

08-16 01:45:54.611  1567  8918 I LSPosed-Bridge: 	at de.robv.android.xposed.XposedBridge$AdditionalHookInfo.callback(Unknown Source:147)

08-16 01:45:54.611  1567  8918 I LSPosed-Bridge: 	at LSPHooker_.checkPermission(Unknown Source:25)

08-16 01:45:54.611  1567  8918 I LSPosed-Bridge: 	at com.android.server.am.ActivityManagerService$PermissionController.checkPermission(ActivityManagerService.java:9248)

08-16 01:45:54.611  1567  8918 I LSPosed-Bridge: 	at android.os.IPermissionController$Stub.onTransact(IPermissionController.java:56)

08-16 01:45:54.611  1567  8918 I LSPosed-Bridge: 	at android.os.Binder.execTransact(Binder.java:731)

08-16 01:45:54.611   909  4796 W ServiceManager: Permission failure: android.permission.CAMERA from uid=10128 pid=5721

08-16 01:45:54.611   909  4796 E CameraService: Permission Denial: can't use the camera pid=5721, uid=10128

08-16 01:45:54.611  5721  6054 W CameraBase: An error occurred while connecting to camera 1: Status(-8): '1: validateClientPermissionsLocked:906: Caller "com.n51951dd8177.app" (PID 10128, UID 5721) cannot open camera "1" without camera permission'

08-16 01:45:54.611  5721  5721 I LSPosed-Bridge: 5721 PermLabel hookBinder_test 10128 interfaceBinder =android.view.accessibility.IAccessibilityInteractionConnectionCallback; arg0 = 2; arg1 = android.os.Parcel@5c63b7f; arg2 = null; arg3 = 1; res = true; stacktrace=java.lang.Exception

08-16 01:45:54.611  5721  5721 I LSPosed-Bridge: 	at com.example.permlabel.hookBinder_test$1.afterHookedMethod(hookBinder_test.java:68)

08-16 01:45:54.611  5721  5721 I LSPosed-Bridge: 	at de.robv.android.xposed.XposedBridge$AdditionalHookInfo.callback(Unknown Source:147)

08-16 01:45:54.611  5721  5721 I LSPosed-Bridge: 	at LSPHooker_.transact(Unknown Source:28)

08-16 01:45:54.611  5721  5721 I LSPosed-Bridge: 	at android.view.accessibility.IAccessibilityInteractionConnectionCallback$Stub$Proxy.setFindAccessibilityNodeInfosResult(IAccessibilityInteractionConnectionCallback.java:146)

08-16 01:45:54.611  5721  5721 I LSPosed-Bridge: 	at android.view.AccessibilityInteractionController.updateInfosForViewportAndReturnFindNodeResult(AccessibilityInteractionController.java:869)

08-16 01:45:54.611  5721  5721 I LSPosed-Bridge: 	at android.view.AccessibilityInteractionController.findAccessibilityNodeInfoByAccessibilityIdUiThread(AccessibilityInteractionController.java:340)

08-16 01:45:54.611  5721  5721 I LSPosed-Bridge: 	at android.view.AccessibilityInteractionController.access$400(AccessibilityInteractionController.java:67)

08-16 01:45:54.611  5721  5721 I LSPosed-Bridge: 	at android.view.AccessibilityInteractionController$PrivateHandler.handleMessage(AccessibilityInteractionController.java:1324)

08-16 01:45:54.611  5721  5721 I LSPosed-Bridge: 	at android.os.Handler.dispatchMessage(Handler.java:106)

08-16 01:45:54.611  5721  5721 I LSPosed-Bridge: 	at android.os.Looper.loop(Looper.java:193)

08-16 01:45:54.611  5721  5721 I LSPosed-Bridge: 	at android.app.ActivityThread.main(ActivityThread.java:6692)

08-16 01:45:54.611  5721  5721 I LSPosed-Bridge: 	at java.lang.reflect.Method.invoke(Native Method)

08-16 01:45:54.611  5721  5721 I LSPosed-Bridge: 	at com.android.internal.os.RuntimeInit$MethodAndArgsCaller.run(RuntimeInit.java:493)

08-16 01:45:54.611  5721  5721 I LSPosed-Bridge: 	at com.android.internal.os.ZygoteInit.main(ZygoteInit.java:858)

08-16 01:45:54.713  5721  5721 I LSPosed-Bridge: 5721 PermLabel hookBinder_test 10128 interfaceBinder =android.view.accessibility.IAccessibilityInteractionConnectionCallback; arg0 = 2; arg1 = android.os.Parcel@5c63b7f; arg2 = null; arg3 = 1; res = true; stacktrace=java.lang.Exception

08-16 01:45:54.713  5721  5721 I LSPosed-Bridge: 	at com.example.permlabel.hookBinder_test$1.afterHookedMethod(hookBinder_test.java:68)

08-16 01:45:54.713  5721  5721 I LSPosed-Bridge: 	at de.robv.android.xposed.XposedBridge$AdditionalHookInfo.callback(Unknown Source:147)

08-16 01:45:54.713  5721  5721 I LSPosed-Bridge: 	at LSPHooker_.transact(Unknown Source:28)

08-16 01:45:54.713  5721  5721 I LSPosed-Bridge: 	at android.view.accessibility.IAccessibilityInteractionConnectionCallback$Stub$Proxy.setFindAccessibilityNodeInfosResult(IAccessibilityInteractionConnectionCallback.java:146)

08-16 01:45:54.713  5721  5721 I LSPosed-Bridge: 	at android.view.AccessibilityInteractionController.updateInfosForViewportAndReturnFindNodeResult(AccessibilityInteractionController.java:869)

08-16 01:45:54.713  5721  5721 I LSPosed-Bridge: 	at android.view.AccessibilityInteractionController.findAccessibilityNodeInfoByAccessibilityIdUiThread(AccessibilityInteractionController.java:340)

08-16 01:45:54.713  5721  5721 I LSPosed-Bridge: 	at android.view.AccessibilityInteractionController.access$400(AccessibilityInteractionController.java:67)

08-16 01:45:54.713  5721  5721 I LSPosed-Bridge: 	at android.view.AccessibilityInteractionController$PrivateHandler.handleMessage(AccessibilityInteractionController.java:1324)

08-16 01:45:54.713  5721  5721 I LSPosed-Bridge: 	at android.os.Handler.dispatchMessage(Handler.java:106)

08-16 01:45:54.713  5721  5721 I LSPosed-Bridge: 	at android.os.Looper.loop(Looper.java:193)

08-16 01:45:54.713  5721  5721 I LSPosed-Bridge: 	at android.app.ActivityThread.main(ActivityThread.java:6692)

08-16 01:45:54.713  5721  5721 I LSPosed-Bridge: 	at java.lang.reflect.Method.invoke(Native Method)

08-16 01:45:54.713  5721  5721 I LSPosed-Bridge: 	at com.android.internal.os.RuntimeInit$MethodAndArgsCaller.run(RuntimeInit.java:493)

08-16 01:45:54.713  5721  5721 I LSPosed-Bridge: 	at com.android.internal.os.ZygoteInit.main(ZygoteInit.java:858)

08-16 01:45:54.713  1567  9550 I LSPosed-Bridge: 5721 PermLabel 10128 AMS.checkPermission: Binder.getCallingPid() = 909; uid = 10128; Binder.getCallingUid() = 1047; getNameForUid: null; getPackagesForUid: null; permName: android.permission.CAMERA; type = 1; res = -1; stacktrace=java.lang.Exception

08-16 01:45:54.713  1567  9550 I LSPosed-Bridge: 	at com.example.permlabel.requirePerm$1$2.afterHookedMethod(requirePerm.java:143)

08-16 01:45:54.713  1567  9550 I LSPosed-Bridge: 	at de.robv.android.xposed.XposedBridge$AdditionalHookInfo.callback(Unknown Source:147)

08-16 01:45:54.713  1567  9550 I LSPosed-Bridge: 	at LSPHooker_.checkPermission(Unknown Source:25)

08-16 01:45:54.713  1567  9550 I LSPosed-Bridge: 	at com.android.server.am.ActivityManagerService$PermissionController.checkPermission(ActivityManagerService.java:9248)

08-16 01:45:54.713  1567  9550 I LSPosed-Bridge: 	at android.os.IPermissionController$Stub.onTransact(IPermissionController.java:56)

08-16 01:45:54.713  1567  9550 I LSPosed-Bridge: 	at android.os.Binder.execTransact(Binder.java:731)

08-16 01:45:54.713   909  4796 W ServiceManager: Permission failure: android.permission.CAMERA from uid=10128 pid=5721

08-16 01:45:54.713   909  4796 E CameraService: Permission Denial: can't use the camera pid=5721, uid=10128

08-16 01:45:54.817  1567  8918 I LSPosed-Bridge: 5721 PermLabel 10128 AMS.checkPermission: Binder.getCallingPid() = 909; uid = 10128; Binder.getCallingUid() = 1047; getNameForUid: null; getPackagesForUid: null; permName: android.permission.CAMERA; type = 1; res = -1; stacktrace=java.lang.Exception

08-16 01:45:54.817  1567  8918 I LSPosed-Bridge: 	at com.example.permlabel.requirePerm$1$2.afterHookedMethod(requirePerm.java:143)

08-16 01:45:54.817  1567  8918 I LSPosed-Bridge: 	at de.robv.android.xposed.XposedBridge$AdditionalHookInfo.callback(Unknown Source:147)

08-16 01:45:54.817  1567  8918 I LSPosed-Bridge: 	at LSPHooker_.checkPermission(Unknown Source:25)

08-16 01:45:54.817  1567  8918 I LSPosed-Bridge: 	at com.android.server.am.ActivityManagerService$PermissionController.checkPermission(ActivityManagerService.java:9248)

08-16 01:45:54.817  1567  8918 I LSPosed-Bridge: 	at android.os.IPermissionController$Stub.onTransact(IPermissionController.java:56)

08-16 01:45:54.817  1567  8918 I LSPosed-Bridge: 	at android.os.Binder.execTransact(Binder.java:731)

08-16 01:45:54.817   909  4796 W ServiceManager: Permission failure: android.permission.CAMERA from uid=10128 pid=5721

08-16 01:45:54.817   909  4796 E CameraService: Permission Denial: can't use the camera pid=5721, uid=10128

08-16 01:45:54.920  1567  8918 I LSPosed-Bridge: 5721 PermLabel 10128 AMS.checkPermission: Binder.getCallingPid() = 909; uid = 10128; Binder.getCallingUid() = 1047; getNameForUid: null; getPackagesForUid: null; permName: android.permission.CAMERA; type = 1; res = -1; stacktrace=java.lang.Exception

08-16 01:45:54.920  1567  8918 I LSPosed-Bridge: 	at com.example.permlabel.requirePerm$1$2.afterHookedMethod(requirePerm.java:143)

08-16 01:45:54.920  1567  8918 I LSPosed-Bridge: 	at de.robv.android.xposed.XposedBridge$AdditionalHookInfo.callback(Unknown Source:147)

08-16 01:45:54.920  1567  8918 I LSPosed-Bridge: 	at LSPHooker_.checkPermission(Unknown Source:25)

08-16 01:45:54.920  1567  8918 I LSPosed-Bridge: 	at com.android.server.am.ActivityManagerService$PermissionController.checkPermission(ActivityManagerService.java:9248)

08-16 01:45:54.920  1567  8918 I LSPosed-Bridge: 	at android.os.IPermissionController$Stub.onTransact(IPermissionController.java:56)

08-16 01:45:54.920  1567  8918 I LSPosed-Bridge: 	at android.os.Binder.execTransact(Binder.java:731)

08-16 01:45:54.920   909  4796 W ServiceManager: Permission failure: android.permission.CAMERA from uid=10128 pid=5721

08-16 01:45:55.023  1567  8918 I LSPosed-Bridge: 5721 PermLabel 10128 AMS.checkPermission: Binder.getCallingPid() = 909; uid = 10128; Binder.getCallingUid() = 1047; getNameForUid: null; getPackagesForUid: null; permName: android.permission.CAMERA; type = 1; res = -1; stacktrace=java.lang.Exception

08-16 01:45:55.023  1567  8918 I LSPosed-Bridge: 	at com.example.permlabel.requirePerm$1$2.afterHookedMethod(requirePerm.java:143)

08-16 01:45:55.023  1567  8918 I LSPosed-Bridge: 	at de.robv.android.xposed.XposedBridge$AdditionalHookInfo.callback(Unknown Source:147)

08-16 01:45:55.023  1567  8918 I LSPosed-Bridge: 	at LSPHooker_.checkPermission(Unknown Source:25)

08-16 01:45:55.023  1567  8918 I LSPosed-Bridge: 	at com.android.server.am.ActivityManagerService$PermissionController.checkPermission(ActivityManagerService.java:9248)

08-16 01:45:55.023  1567  8918 I LSPosed-Bridge: 	at android.os.IPermissionController$Stub.onTransact(IPermissionController.java:56)

08-16 01:45:55.023  1567  8918 I LSPosed-Bridge: 	at android.os.Binder.execTransact(Binder.java:731)

08-16 01:45:55.127  1567  8918 I LSPosed-Bridge: 5721 PermLabel 10128 AMS.checkPermission: Binder.getCallingPid() = 909; uid = 10128; Binder.getCallingUid() = 1047; getNameForUid: null; getPackagesForUid: null; permName: android.permission.CAMERA; type = 1; res = -1; stacktrace=java.lang.Exception

08-16 01:45:55.127  1567  8918 I LSPosed-Bridge: 	at com.example.permlabel.requirePerm$1$2.afterHookedMethod(requirePerm.java:143)

08-16 01:45:55.127  1567  8918 I LSPosed-Bridge: 	at de.robv.android.xposed.XposedBridge$AdditionalHookInfo.callback(Unknown Source:147)

08-16 01:45:55.127  1567  8918 I LSPosed-Bridge: 	at LSPHooker_.checkPermission(Unknown Source:25)

08-16 01:45:55.127  1567  8918 I LSPosed-Bridge: 	at com.android.server.am.ActivityManagerService$PermissionController.checkPermission(ActivityManagerService.java:9248)

08-16 01:45:55.127  1567  8918 I LSPosed-Bridge: 	at android.os.IPermissionController$Stub.onTransact(IPermissionController.java:56)

08-16 01:45:55.127  1567  8918 I LSPosed-Bridge: 	at android.os.Binder.execTransact(Binder.java:731)

08-16 01:45:55.127   909  4796 W ServiceManager: Permission failure: android.permission.CAMERA from uid=10128 pid=5721

08-16 01:45:55.127   909  4796 E CameraService: Permission Denial: can't use the camera pid=5721, uid=10128

08-16 01:45:55.235  5721  5721 I LSPosed-Bridge: 5721 PermLabel hookBinder_test 10128 interfaceBinder =android.view.accessibility.IAccessibilityInteractionConnectionCallback; arg0 = 2; arg1 = android.os.Parcel@5c63b7f; arg2 = null; arg3 = 1; res = true; stacktrace=java.lang.Exception

08-16 01:45:55.235  5721  5721 I LSPosed-Bridge: 	at com.example.permlabel.hookBinder_test$1.afterHookedMethod(hookBinder_test.java:68)

08-16 01:45:55.235  5721  5721 I LSPosed-Bridge: 	at de.robv.android.xposed.XposedBridge$AdditionalHookInfo.callback(Unknown Source:147)

08-16 01:45:55.235  5721  5721 I LSPosed-Bridge: 	at LSPHooker_.transact(Unknown Source:28)

