08-16 01:45:55.235  5721  5721 I LSPosed-Bridge: 	at android.view.accessibility.IAccessibilityInteractionConnectionCallback$Stub$Proxy.setFindAccessibilityNodeInfosResult(IAccessibilityInteractionConnectionCallback.java:146)

08-16 01:45:55.235  5721  5721 I LSPosed-Bridge: 	at android.view.AccessibilityInteractionController.updateInfosForViewportAndReturnFindNodeResult(AccessibilityInteractionController.java:869)

08-16 01:45:55.235  5721  5721 I LSPosed-Bridge: 	at android.view.AccessibilityInteractionController.findAccessibilityNodeInfoByAccessibilityIdUiThread(AccessibilityInteractionController.java:340)

08-16 01:45:55.235  5721  5721 I LSPosed-Bridge: 	at android.view.AccessibilityInteractionController.access$400(AccessibilityInteractionController.java:67)

08-16 01:45:55.235  5721  5721 I LSPosed-Bridge: 	at android.view.AccessibilityInteractionController$PrivateHandler.handleMessage(AccessibilityInteractionController.java:1324)

08-16 01:45:55.235  5721  5721 I LSPosed-Bridge: 	at android.os.Handler.dispatchMessage(Handler.java:106)

08-16 01:45:55.235  5721  5721 I LSPosed-Bridge: 	at android.os.Looper.loop(Looper.java:193)

08-16 01:45:55.235  5721  5721 I LSPosed-Bridge: 	at android.app.ActivityThread.main(ActivityThread.java:6692)

08-16 01:45:55.235  5721  5721 I LSPosed-Bridge: 	at java.lang.reflect.Method.invoke(Native Method)

08-16 01:45:55.235  5721  5721 I LSPosed-Bridge: 	at com.android.internal.os.RuntimeInit$MethodAndArgsCaller.run(RuntimeInit.java:493)

08-16 01:45:55.235  5721  5721 I LSPosed-Bridge: 	at com.android.internal.os.ZygoteInit.main(ZygoteInit.java:858)

08-16 01:45:55.235  1567  8918 I LSPosed-Bridge: 5721 PermLabel 10128 AMS.checkPermission: Binder.getCallingPid() = 909; uid = 10128; Binder.getCallingUid() = 1047; getNameForUid: null; getPackagesForUid: null; permName: android.permission.CAMERA; type = 1; res = -1; stacktrace=java.lang.Exception

08-16 01:45:55.235  1567  8918 I LSPosed-Bridge: 	at com.example.permlabel.requirePerm$1$2.afterHookedMethod(requirePerm.java:143)

08-16 01:45:55.235  1567  8918 I LSPosed-Bridge: 	at de.robv.android.xposed.XposedBridge$AdditionalHookInfo.callback(Unknown Source:147)

08-16 01:45:55.235  1567  8918 I LSPosed-Bridge: 	at LSPHooker_.checkPermission(Unknown Source:25)

08-16 01:45:55.235  1567  8918 I LSPosed-Bridge: 	at com.android.server.am.ActivityManagerService$PermissionController.checkPermission(ActivityManagerService.java:9248)

08-16 01:45:55.235  1567  8918 I LSPosed-Bridge: 	at android.os.IPermissionController$Stub.onTransact(IPermissionController.java:56)

08-16 01:45:55.235  1567  8918 I LSPosed-Bridge: 	at android.os.Binder.execTransact(Binder.java:731)

08-16 01:45:55.235   909  4796 W ServiceManager: Permission failure: android.permission.CAMERA from uid=10128 pid=5721

08-16 01:45:55.235   909  4796 E CameraService: Permission Denial: can't use the camera pid=5721, uid=10128

08-16 01:45:55.338  1567  8918 I LSPosed-Bridge: 5721 PermLabel 10128 AMS.checkPermission: Binder.getCallingPid() = 909; uid = 10128; Binder.getCallingUid() = 1047; getNameForUid: null; getPackagesForUid: null; permName: android.permission.CAMERA; type = 1; res = -1; stacktrace=java.lang.Exception

08-16 01:45:55.338  1567  8918 I LSPosed-Bridge: 	at com.example.permlabel.requirePerm$1$2.afterHookedMethod(requirePerm.java:143)

08-16 01:45:55.338  1567  8918 I LSPosed-Bridge: 	at de.robv.android.xposed.XposedBridge$AdditionalHookInfo.callback(Unknown Source:147)

08-16 01:45:55.338  1567  8918 I LSPosed-Bridge: 	at LSPHooker_.checkPermission(Unknown Source:25)

08-16 01:45:55.338  1567  8918 I LSPosed-Bridge: 	at com.android.server.am.ActivityManagerService$PermissionController.checkPermission(ActivityManagerService.java:9248)

08-16 01:45:55.338  1567  8918 I LSPosed-Bridge: 	at android.os.IPermissionController$Stub.onTransact(IPermissionController.java:56)

08-16 01:45:55.338  1567  8918 I LSPosed-Bridge: 	at android.os.Binder.execTransact(Binder.java:731)

08-16 01:45:55.338   909  4796 W ServiceManager: Permission failure: android.permission.CAMERA from uid=10128 pid=5721

08-16 01:45:55.338   909  4796 E CameraService: Permission Denial: can't use the camera pid=5721, uid=10128

08-16 01:45:55.338  5721  5721 W Binder:5721_2: type=1400 audit(0.0:1246): avc: denied { read } for name="u:object_r:vendor_camera_prop:s0" dev="tmpfs" ino=1316 scontext=u:r:untrusted_app:s0:c128,c256,c512,c768 tcontext=u:object_r:vendor_camera_prop:s0 tclass=file permissive=0

08-16 01:45:55.338  5721  5721 W Binder:5721_2: type=1400 audit(0.0:1247): avc: denied { read } for name="u:object_r:vendor_camera_prop:s0" dev="tmpfs" ino=1316 scontext=u:r:untrusted_app:s0:c128,c256,c512,c768 tcontext=u:object_r:vendor_camera_prop:s0 tclass=file permissive=0

08-16 01:45:55.504  5721  6054 I LSPosed-Bridge: 5721 PermLabel hookBinder_test 10128 interfaceBinder =android.media.IAudioService; arg0 = 55; arg1 = android.os.Parcel@721db03; arg2 = android.os.Parcel@75d245f; arg3 = 0; res = true; stacktrace=java.lang.Exception

08-16 01:45:55.504  5721  6054 I LSPosed-Bridge: 5721 PermLabel hookBinder_test 10128 interfaceBinder =android.media.IAudioService; arg0 = 55; arg1 = android.os.Parcel@721db03; arg2 = android.os.Parcel@75d245f; arg3 = 0; res = true; stacktrace=java.lang.Exception

08-16 01:45:55.504  5721  6054 I LSPosed-Bridge: 	at com.example.permlabel.hookBinder_test$1.afterHookedMethod(hookBinder_test.java:68)

08-16 01:45:55.504  5721  6054 I LSPosed-Bridge: 	at com.example.permlabel.hookBinder_test$1.afterHookedMethod(hookBinder_test.java:68)

08-16 01:45:55.504  5721  6054 I LSPosed-Bridge: 	at de.robv.android.xposed.XposedBridge$AdditionalHookInfo.callback(Unknown Source:147)

08-16 01:45:55.504  5721  6054 I LSPosed-Bridge: 	at de.robv.android.xposed.XposedBridge$AdditionalHookInfo.callback(Unknown Source:147)

08-16 01:45:55.504  5721  6054 I LSPosed-Bridge: 	at LSPHooker_.transact(Unknown Source:28)

08-16 01:45:55.504  5721  6054 I LSPosed-Bridge: 	at LSPHooker_.transact(Unknown Source:28)

08-16 01:45:55.504  5721  6054 I LSPosed-Bridge: 	at android.media.IAudioService$Stub$Proxy.isCameraSoundForced(IAudioService.java:1955)

08-16 01:45:55.504  5721  6054 I LSPosed-Bridge: 	at android.media.IAudioService$Stub$Proxy.isCameraSoundForced(IAudioService.java:1955)

08-16 01:45:55.504  5721  6054 I LSPosed-Bridge: 	at android.hardware.Camera.getCameraInfo(Camera.java:348)

08-16 01:45:55.504  5721  6054 I LSPosed-Bridge: 	at android.hardware.Camera.getCameraInfo(Camera.java:348)

08-16 01:45:55.504  5721  6054 I LSPosed-Bridge: 	at java.lang.reflect.Method.invoke(Native Method)

08-16 01:45:55.504  5721  6054 I LSPosed-Bridge: 	at java.lang.reflect.Method.invoke(Native Method)

08-16 01:45:55.504  5721  6054 I LSPosed-Bridge: 	at org.lsposed.lspd.nativebridge.HookBridge.invokeOriginalMethod(Native Method)

08-16 01:45:55.504  5721  6054 I LSPosed-Bridge: 	at org.lsposed.lspd.nativebridge.HookBridge.invokeOriginalMethod(Native Method)

08-16 01:45:55.504  5721  6054 I LSPosed-Bridge: 	at de.robv.android.xposed.XposedBridge$AdditionalHookInfo.callback(Unknown Source:110)

08-16 01:45:55.504  5721  6054 I LSPosed-Bridge: 	at de.robv.android.xposed.XposedBridge$AdditionalHookInfo.callback(Unknown Source:110)

08-16 01:45:55.504  5721  6054 I LSPosed-Bridge: 	at LSPHooker_.getCameraInfo(Unknown Source:15)

08-16 01:45:55.504  5721  6054 I LSPosed-Bridge: 	at LSPHooker_.getCameraInfo(Unknown Source:15)

08-16 01:45:55.504  5721  6054 I LSPosed-Bridge: 	at R74.e(chromium-Monochrome.aab-stable-579016621:6)

08-16 01:45:55.504  5721  6054 I LSPosed-Bridge: 	at R74.e(chromium-Monochrome.aab-stable-579016621:6)

08-16 01:45:55.504  5721  6054 I LSPosed-Bridge: 	at org.chromium.media.VideoCaptureFactory.getDeviceName(chromium-Monochrome.aab-stable-579016621:15)

08-16 01:45:55.504  5721  6054 I LSPosed-Bridge: 	at org.chromium.media.VideoCaptureFactory.getDeviceName(chromium-Monochrome.aab-stable-579016621:15)

08-16 01:45:55.504  5721  6054 I LSPosed-Bridge: 5721 PermLabel 10128 android.permission.CAMERA getCameraInfo args0: 0; args1: android.hardware.Camera$CameraInfo@e1a332c; res= null; stacktrace=java.lang.Exception

08-16 01:45:55.504  5721  6054 I LSPosed-Bridge: 5721 PermLabel 10128 android.permission.CAMERA getCameraInfo args0: 0; args1: android.hardware.Camera$CameraInfo@e1a332c; res= null; stacktrace=java.lang.Exception

08-16 01:45:55.504  5721  6054 I LSPosed-Bridge: 	at com.example.permlabel.hookCamera$1.afterHookedMethod(hookCamera.java:21)

08-16 01:45:55.504  5721  6054 I LSPosed-Bridge: 	at com.example.permlabel.hookCamera$1.afterHookedMethod(hookCamera.java:21)

08-16 01:45:55.504  5721  6054 I LSPosed-Bridge: 	at de.robv.android.xposed.XposedBridge$AdditionalHookInfo.callback(Unknown Source:147)

08-16 01:45:55.504  5721  6054 I LSPosed-Bridge: 	at de.robv.android.xposed.XposedBridge$AdditionalHookInfo.callback(Unknown Source:147)

08-16 01:45:55.504  5721  6054 I LSPosed-Bridge: 	at LSPHooker_.getCameraInfo(Unknown Source:15)

08-16 01:45:55.504  5721  6054 I LSPosed-Bridge: 	at LSPHooker_.getCameraInfo(Unknown Source:15)

08-16 01:45:55.504  5721  6054 I LSPosed-Bridge: 	at R74.e(chromium-Monochrome.aab-stable-579016621:6)

08-16 01:45:55.504  5721  6054 I LSPosed-Bridge: 	at R74.e(chromium-Monochrome.aab-stable-579016621:6)

08-16 01:45:55.504  5721  6054 I LSPosed-Bridge: 	at org.chromium.media.VideoCaptureFactory.getDeviceName(chromium-Monochrome.aab-stable-579016621:15)

08-16 01:45:55.504  5721  6054 I LSPosed-Bridge: 	at org.chromium.media.VideoCaptureFactory.getDeviceName(chromium-Monochrome.aab-stable-579016621:15)

08-16 01:45:55.504  5721  6054 I LSPosed-Bridge: 5721 PermLabel 10128 android.permission.CAMERA getCameraInfo args0: 0; args1: android.hardware.Camera$CameraInfo@e1a332c; res= null; stacktrace=java.lang.Exception

08-16 01:45:55.504  5721  6054 I LSPosed-Bridge: 5721 PermLabel 10128 android.permission.CAMERA getCameraInfo args0: 0; args1: android.hardware.Camera$CameraInfo@e1a332c; res= null; stacktrace=java.lang.Exception

08-16 01:45:55.504  5721  6054 I LSPosed-Bridge: 	at com.example.permlabel.hookCamera$1.afterHookedMethod(hookCamera.java:21)

08-16 01:45:55.504  5721  6054 I LSPosed-Bridge: 	at com.example.permlabel.hookCamera$1.afterHookedMethod(hookCamera.java:21)

08-16 01:45:55.504  5721  6054 I LSPosed-Bridge: 	at de.robv.android.xposed.XposedBridge$AdditionalHookInfo.callback(Unknown Source:147)

08-16 01:45:55.504  5721  6054 I LSPosed-Bridge: 	at de.robv.android.xposed.XposedBridge$AdditionalHookInfo.callback(Unknown Source:147)

08-16 01:45:55.504  5721  6054 I LSPosed-Bridge: 	at LSPHooker_.getCameraInfo(Unknown Source:15)

08-16 01:45:55.504  5721  6054 I LSPosed-Bridge: 	at LSPHooker_.getCameraInfo(Unknown Source:15)

08-16 01:45:55.504  5721  6054 I LSPosed-Bridge: 	at R74.e(chromium-Monochrome.aab-stable-579016621:6)

08-16 01:45:55.504  5721  6054 I LSPosed-Bridge: 	at R74.e(chromium-Monochrome.aab-stable-579016621:6)

08-16 01:45:55.504  5721  6054 I LSPosed-Bridge: 	at org.chromium.media.VideoCaptureFactory.getDeviceName(chromium-Monochrome.aab-stable-579016621:15)

08-16 01:45:55.504  5721  6054 I LSPosed-Bridge: 	at org.chromium.media.VideoCaptureFactory.getDeviceName(chromium-Monochrome.aab-stable-579016621:15)

08-16 01:45:55.523  5721  6054 I LSPosed-Bridge: 5721 PermLabel hookBinder_test 10128 interfaceBinder =android.media.IAudioService; arg0 = 55; arg1 = android.os.Parcel@ae4af5a; arg2 = android.os.Parcel@721db03; arg3 = 0; res = true; stacktrace=java.lang.Exception

08-16 01:45:55.523  5721  6054 I LSPosed-Bridge: 5721 PermLabel hookBinder_test 10128 interfaceBinder =android.media.IAudioService; arg0 = 55; arg1 = android.os.Parcel@ae4af5a; arg2 = android.os.Parcel@721db03; arg3 = 0; res = true; stacktrace=java.lang.Exception

08-16 01:45:55.523  5721  6054 I LSPosed-Bridge: 	at com.example.permlabel.hookBinder_test$1.afterHookedMethod(hookBinder_test.java:68)

08-16 01:45:55.523  5721  6054 I LSPosed-Bridge: 	at com.example.permlabel.hookBinder_test$1.afterHookedMethod(hookBinder_test.java:68)

08-16 01:45:55.523  5721  6054 I LSPosed-Bridge: 	at de.robv.android.xposed.XposedBridge$AdditionalHookInfo.callback(Unknown Source:147)

08-16 01:45:55.523  5721  6054 I LSPosed-Bridge: 	at de.robv.android.xposed.XposedBridge$AdditionalHookInfo.callback(Unknown Source:147)

08-16 01:45:55.523  5721  6054 I LSPosed-Bridge: 	at LSPHooker_.transact(Unknown Source:28)

08-16 01:45:55.523  5721  6054 I LSPosed-Bridge: 	at LSPHooker_.transact(Unknown Source:28)

08-16 01:45:55.523  5721  6054 I LSPosed-Bridge: 	at android.media.IAudioService$Stub$Proxy.isCameraSoundForced(IAudioService.java:1955)

08-16 01:45:55.523  5721  6054 I LSPosed-Bridge: 	at android.media.IAudioService$Stub$Proxy.isCameraSoundForced(IAudioService.java:1955)

08-16 01:45:55.523  5721  6054 I LSPosed-Bridge: 	at android.hardware.Camera.getCameraInfo(Camera.java:348)

08-16 01:45:55.523  5721  6054 I LSPosed-Bridge: 	at android.hardware.Camera.getCameraInfo(Camera.java:348)

08-16 01:45:55.523  5721  6054 I LSPosed-Bridge: 	at java.lang.reflect.Method.invoke(Native Method)

08-16 01:45:55.523  5721  6054 I LSPosed-Bridge: 	at java.lang.reflect.Method.invoke(Native Method)

08-16 01:45:55.523  5721  6054 I LSPosed-Bridge: 	at org.lsposed.lspd.nativebridge.HookBridge.invokeOriginalMethod(Native Method)

08-16 01:45:55.523  5721  6054 I LSPosed-Bridge: 	at org.lsposed.lspd.nativebridge.HookBridge.invokeOriginalMethod(Native Method)

08-16 01:45:55.523  5721  6054 I LSPosed-Bridge: 	at de.robv.android.xposed.XposedBridge$AdditionalHookInfo.callback(Unknown Source:110)

08-16 01:45:55.523  5721  6054 I LSPosed-Bridge: 	at de.robv.android.xposed.XposedBridge$AdditionalHookInfo.callback(Unknown Source:110)

08-16 01:45:55.523  5721  6054 I LSPosed-Bridge: 	at LSPHooker_.getCameraInfo(Unknown Source:15)

08-16 01:45:55.523  5721  6054 I LSPosed-Bridge: 	at LSPHooker_.getCameraInfo(Unknown Source:15)

08-16 01:45:55.523  5721  6054 I LSPosed-Bridge: 	at R74.e(chromium-Monochrome.aab-stable-579016621:6)

08-16 01:45:55.523  5721  6054 I LSPosed-Bridge: 	at R74.e(chromium-Monochrome.aab-stable-579016621:6)

08-16 01:45:55.523  5721  6054 I LSPosed-Bridge: 	at org.chromium.media.VideoCaptureFactory.getCaptureApiType(chromium-Monochrome.aab-stable-579016621:8)

08-16 01:45:55.523  5721  6054 I LSPosed-Bridge: 	at org.chromium.media.VideoCaptureFactory.getCaptureApiType(chromium-Monochrome.aab-stable-579016621:8)

08-16 01:45:55.523  5721  5721 I LSPosed-Bridge: 5721 PermLabel hookBinder_test 10128 interfaceBinder =android.view.accessibility.IAccessibilityInteractionConnectionCallback; arg0 = 2; arg1 = android.os.Parcel@75d245f; arg2 = null; arg3 = 1; res = true; stacktrace=java.lang.Exception

08-16 01:45:55.523  5721  5721 I LSPosed-Bridge: 5721 PermLabel hookBinder_test 10128 interfaceBinder =android.view.accessibility.IAccessibilityInteractionConnectionCallback; arg0 = 2; arg1 = android.os.Parcel@75d245f; arg2 = null; arg3 = 1; res = true; stacktrace=java.lang.Exception

08-16 01:45:55.523  5721  5721 I LSPosed-Bridge: 	at com.example.permlabel.hookBinder_test$1.afterHookedMethod(hookBinder_test.java:68)

08-16 01:45:55.523  5721  5721 I LSPosed-Bridge: 	at com.example.permlabel.hookBinder_test$1.afterHookedMethod(hookBinder_test.java:68)

08-16 01:45:55.523  5721  5721 I LSPosed-Bridge: 	at de.robv.android.xposed.XposedBridge$AdditionalHookInfo.callback(Unknown Source:147)

08-16 01:45:55.523  5721  5721 I LSPosed-Bridge: 	at de.robv.android.xposed.XposedBridge$AdditionalHookInfo.callback(Unknown Source:147)

08-16 01:45:55.523  5721  5721 I LSPosed-Bridge: 	at LSPHooker_.transact(Unknown Source:28)

08-16 01:45:55.523  5721  5721 I LSPosed-Bridge: 	at LSPHooker_.transact(Unknown Source:28)

08-16 01:45:55.523  5721  5721 I LSPosed-Bridge: 	at android.view.accessibility.IAccessibilityInteractionConnectionCallback$Stub$Proxy.setFindAccessibilityNodeInfosResult(IAccessibilityInteractionConnectionCallback.java:146)

08-16 01:45:55.523  5721  5721 I LSPosed-Bridge: 	at android.view.accessibility.IAccessibilityInteractionConnectionCallback$Stub$Proxy.setFindAccessibilityNodeInfosResult(IAccessibilityInteractionConnectionCallback.java:146)

08-16 01:45:55.523  5721  5721 I LSPosed-Bridge: 	at android.view.AccessibilityInteractionController.updateInfosForViewportAndReturnFindNodeResult(AccessibilityInteractionController.java:869)

08-16 01:45:55.523  5721  5721 I LSPosed-Bridge: 	at android.view.AccessibilityInteractionController.updateInfosForViewportAndReturnFindNodeResult(AccessibilityInteractionController.java:869)

08-16 01:45:55.523  5721  5721 I LSPosed-Bridge: 	at android.view.AccessibilityInteractionController.findAccessibilityNodeInfoByAccessibilityIdUiThread(AccessibilityInteractionController.java:340)

08-16 01:45:55.523  5721  5721 I LSPosed-Bridge: 	at android.view.AccessibilityInteractionController.findAccessibilityNodeInfoByAccessibilityIdUiThread(AccessibilityInteractionController.java:340)

08-16 01:45:55.523  5721  5721 I LSPosed-Bridge: 	at android.view.AccessibilityInteractionController.access$400(AccessibilityInteractionController.java:67)

08-16 01:45:55.523  5721  5721 I LSPosed-Bridge: 	at android.view.AccessibilityInteractionController.access$400(AccessibilityInteractionController.java:67)

08-16 01:45:55.523  5721  5721 I LSPosed-Bridge: 	at android.view.AccessibilityInteractionController$PrivateHandler.handleMessage(AccessibilityInteractionController.java:1324)

08-16 01:45:55.523  5721  5721 I LSPosed-Bridge: 	at android.view.AccessibilityInteractionController$PrivateHandler.handleMessage(AccessibilityInteractionController.java:1324)

08-16 01:45:55.523  5721  5721 I LSPosed-Bridge: 	at android.os.Handler.dispatchMessage(Handler.java:106)

08-16 01:45:55.523  5721  5721 I LSPosed-Bridge: 	at android.os.Handler.dispatchMessage(Handler.java:106)

08-16 01:45:55.523  5721  5721 I LSPosed-Bridge: 	at android.os.Looper.loop(Looper.java:193)

08-16 01:45:55.523  5721  5721 I LSPosed-Bridge: 	at android.os.Looper.loop(Looper.java:193)

08-16 01:45:55.523  5721  5721 I LSPosed-Bridge: 	at android.app.ActivityThread.main(ActivityThread.java:6692)

08-16 01:45:55.523  5721  5721 I LSPosed-Bridge: 	at android.app.ActivityThread.main(ActivityThread.java:6692)

08-16 01:45:55.523  5721  5721 I LSPosed-Bridge: 	at java.lang.reflect.Method.invoke(Native Method)

08-16 01:45:55.523  5721  5721 I LSPosed-Bridge: 	at java.lang.reflect.Method.invoke(Native Method)

08-16 01:45:55.523  5721  5721 I LSPosed-Bridge: 	at com.android.internal.os.RuntimeInit$MethodAndArgsCaller.run(RuntimeInit.java:493)

08-16 01:45:55.523  5721  5721 I LSPosed-Bridge: 	at com.android.internal.os.RuntimeInit$MethodAndArgsCaller.run(RuntimeInit.java:493)

08-16 01:45:55.523  5721  5721 I LSPosed-Bridge: 	at com.android.internal.os.ZygoteInit.main(ZygoteInit.java:858)

08-16 01:45:55.523  5721  5721 I LSPosed-Bridge: 	at com.android.internal.os.ZygoteInit.main(ZygoteInit.java:858)

08-16 01:45:55.523  5721  6054 I LSPosed-Bridge: 5721 PermLabel 10128 android.permission.CAMERA getCameraInfo args0: 0; args1: android.hardware.Camera$CameraInfo@a95eb3a; res= null; stacktrace=java.lang.Exception

08-16 01:45:55.523  5721  6054 I LSPosed-Bridge: 5721 PermLabel 10128 android.permission.CAMERA getCameraInfo args0: 0; args1: android.hardware.Camera$CameraInfo@a95eb3a; res= null; stacktrace=java.lang.Exception

08-16 01:45:55.523  5721  6054 I LSPosed-Bridge: 	at com.example.permlabel.hookCamera$1.afterHookedMethod(hookCamera.java:21)

08-16 01:45:55.523  5721  6054 I LSPosed-Bridge: 	at com.example.permlabel.hookCamera$1.afterHookedMethod(hookCamera.java:21)

08-16 01:45:55.523  5721  6054 I LSPosed-Bridge: 	at de.robv.android.xposed.XposedBridge$AdditionalHookInfo.callback(Unknown Source:147)

08-16 01:45:55.523  5721  6054 I LSPosed-Bridge: 	at de.robv.android.xposed.XposedBridge$AdditionalHookInfo.callback(Unknown Source:147)

08-16 01:45:55.523  5721  6054 I LSPosed-Bridge: 	at LSPHooker_.getCameraInfo(Unknown Source:15)

08-16 01:45:55.523  5721  6054 I LSPosed-Bridge: 	at LSPHooker_.getCameraInfo(Unknown Source:15)

08-16 01:45:55.523  5721  6054 I LSPosed-Bridge: 	at R74.e(chromium-Monochrome.aab-stable-579016621:6)

08-16 01:45:55.523  5721  6054 I LSPosed-Bridge: 	at R74.e(chromium-Monochrome.aab-stable-579016621:6)

08-16 01:45:55.523  5721  6054 I LSPosed-Bridge: 	at org.chromium.media.VideoCaptureFactory.getCaptureApiType(chromium-Monochrome.aab-stable-579016621:8)

08-16 01:45:55.523  5721  6054 I LSPosed-Bridge: 	at org.chromium.media.VideoCaptureFactory.getCaptureApiType(chromium-Monochrome.aab-stable-579016621:8)

08-16 01:45:55.523  5721  6054 I LSPosed-Bridge: 5721 PermLabel 10128 android.permission.CAMERA getCameraInfo args0: 0; args1: android.hardware.Camera$CameraInfo@a95eb3a; res= null; stacktrace=java.lang.Exception

08-16 01:45:55.523  5721  6054 I LSPosed-Bridge: 5721 PermLabel 10128 android.permission.CAMERA getCameraInfo args0: 0; args1: android.hardware.Camera$CameraInfo@a95eb3a; res= null; stacktrace=java.lang.Exception

08-16 01:45:55.523  5721  6054 I LSPosed-Bridge: 	at com.example.permlabel.hookCamera$1.afterHookedMethod(hookCamera.java:21)

08-16 01:45:55.523  5721  6054 I LSPosed-Bridge: 	at com.example.permlabel.hookCamera$1.afterHookedMethod(hookCamera.java:21)

08-16 01:45:55.523  5721  6054 I LSPosed-Bridge: 	at de.robv.android.xposed.XposedBridge$AdditionalHookInfo.callback(Unknown Source:147)

08-16 01:45:55.523  5721  6054 I LSPosed-Bridge: 	at de.robv.android.xposed.XposedBridge$AdditionalHookInfo.callback(Unknown Source:147)

08-16 01:45:55.523  5721  6054 I LSPosed-Bridge: 	at LSPHooker_.getCameraInfo(Unknown Source:15)

08-16 01:45:55.523  5721  6054 I LSPosed-Bridge: 	at LSPHooker_.getCameraInfo(Unknown Source:15)

08-16 01:45:55.523  5721  6054 I LSPosed-Bridge: 	at R74.e(chromium-Monochrome.aab-stable-579016621:6)

08-16 01:45:55.523  5721  6054 I LSPosed-Bridge: 	at R74.e(chromium-Monochrome.aab-stable-579016621:6)

08-16 01:45:55.523  5721  6054 I LSPosed-Bridge: 	at org.chromium.media.VideoCaptureFactory.getCaptureApiType(chromium-Monochrome.aab-stable-579016621:8)

08-16 01:45:55.523  5721  6054 I LSPosed-Bridge: 	at org.chromium.media.VideoCaptureFactory.getCaptureApiType(chromium-Monochrome.aab-stable-579016621:8)

08-16 01:45:55.534  5721  6054 I LSPosed-Bridge: 5721 PermLabel hookBinder_test 10128 interfaceBinder =android.media.IAudioService; arg0 = 55; arg1 = android.os.Parcel@75d245f; arg2 = android.os.Parcel@721db03; arg3 = 0; res = true; stacktrace=java.lang.Exception

08-16 01:45:55.534  5721  6054 I LSPosed-Bridge: 5721 PermLabel hookBinder_test 10128 interfaceBinder =android.media.IAudioService; arg0 = 55; arg1 = android.os.Parcel@75d245f; arg2 = android.os.Parcel@721db03; arg3 = 0; res = true; stacktrace=java.lang.Exception

08-16 01:45:55.534  5721  6054 I LSPosed-Bridge: 	at com.example.permlabel.hookBinder_test$1.afterHookedMethod(hookBinder_test.java:68)

08-16 01:45:55.534  5721  6054 I LSPosed-Bridge: 	at com.example.permlabel.hookBinder_test$1.afterHookedMethod(hookBinder_test.java:68)

08-16 01:45:55.534  5721  6054 I LSPosed-Bridge: 	at de.robv.android.xposed.XposedBridge$AdditionalHookInfo.callback(Unknown Source:147)

08-16 01:45:55.534  5721  6054 I LSPosed-Bridge: 	at de.robv.android.xposed.XposedBridge$AdditionalHookInfo.callback(Unknown Source:147)

08-16 01:45:55.534  5721  6054 I LSPosed-Bridge: 	at LSPHooker_.transact(Unknown Source:28)

08-16 01:45:55.534  5721  6054 I LSPosed-Bridge: 	at LSPHooker_.transact(Unknown Source:28)

08-16 01:45:55.534  5721  6054 I LSPosed-Bridge: 	at android.media.IAudioService$Stub$Proxy.isCameraSoundForced(IAudioService.java:1955)

08-16 01:45:55.534  5721  6054 I LSPosed-Bridge: 	at android.media.IAudioService$Stub$Proxy.isCameraSoundForced(IAudioService.java:1955)

08-16 01:45:55.534  5721  6054 I LSPosed-Bridge: 	at android.hardware.Camera.getCameraInfo(Camera.java:348)

08-16 01:45:55.534  5721  6054 I LSPosed-Bridge: 	at android.hardware.Camera.getCameraInfo(Camera.java:348)

08-16 01:45:55.534  5721  6054 I LSPosed-Bridge: 	at java.lang.reflect.Method.invoke(Native Method)

08-16 01:45:55.534  5721  6054 I LSPosed-Bridge: 	at java.lang.reflect.Method.invoke(Native Method)

08-16 01:45:55.534  5721  6054 I LSPosed-Bridge: 	at org.lsposed.lspd.nativebridge.HookBridge.invokeOriginalMethod(Native Method)

08-16 01:45:55.534  5721  6054 I LSPosed-Bridge: 	at org.lsposed.lspd.nativebridge.HookBridge.invokeOriginalMethod(Native Method)

08-16 01:45:55.534  5721  6054 I LSPosed-Bridge: 	at de.robv.android.xposed.XposedBridge$AdditionalHookInfo.callback(Unknown Source:110)

08-16 01:45:55.534  5721  6054 I LSPosed-Bridge: 	at de.robv.android.xposed.XposedBridge$AdditionalHookInfo.callback(Unknown Source:110)

08-16 01:45:55.534  5721  6054 I LSPosed-Bridge: 	at LSPHooker_.getCameraInfo(Unknown Source:15)

08-16 01:45:55.534  5721  6054 I LSPosed-Bridge: 	at LSPHooker_.getCameraInfo(Unknown Source:15)

08-16 01:45:55.534  5721  6054 I LSPosed-Bridge: 	at R74.e(chromium-Monochrome.aab-stable-579016621:6)

08-16 01:45:55.534  5721  6054 I LSPosed-Bridge: 	at R74.e(chromium-Monochrome.aab-stable-579016621:6)

08-16 01:45:55.534  5721  6054 I LSPosed-Bridge: 	at org.chromium.media.VideoCaptureFactory.getFacingMode(chromium-Monochrome.aab-stable-579016621:10)

08-16 01:45:55.534  5721  6054 I LSPosed-Bridge: 	at org.chromium.media.VideoCaptureFactory.getFacingMode(chromium-Monochrome.aab-stable-579016621:10)

08-16 01:45:55.534  5721  6054 I LSPosed-Bridge: 5721 PermLabel 10128 android.permission.CAMERA getCameraInfo args0: 0; args1: android.hardware.Camera$CameraInfo@907aade; res= null; stacktrace=java.lang.Exception

08-16 01:45:55.534  5721  6054 I LSPosed-Bridge: 5721 PermLabel 10128 android.permission.CAMERA getCameraInfo args0: 0; args1: android.hardware.Camera$CameraInfo@907aade; res= null; stacktrace=java.lang.Exception

08-16 01:45:55.534  5721  6054 I LSPosed-Bridge: 	at com.example.permlabel.hookCamera$1.afterHookedMethod(hookCamera.java:21)

08-16 01:45:55.534  5721  6054 I LSPosed-Bridge: 	at com.example.permlabel.hookCamera$1.afterHookedMethod(hookCamera.java:21)

08-16 01:45:55.534  5721  6054 I LSPosed-Bridge: 	at de.robv.android.xposed.XposedBridge$AdditionalHookInfo.callback(Unknown Source:147)

08-16 01:45:55.534  5721  6054 I LSPosed-Bridge: 	at de.robv.android.xposed.XposedBridge$AdditionalHookInfo.callback(Unknown Source:147)

08-16 01:45:55.534  5721  6054 I LSPosed-Bridge: 	at LSPHooker_.getCameraInfo(Unknown Source:15)

08-16 01:45:55.534  5721  6054 I LSPosed-Bridge: 	at LSPHooker_.getCameraInfo(Unknown Source:15)

08-16 01:45:55.534  5721  6054 I LSPosed-Bridge: 	at R74.e(chromium-Monochrome.aab-stable-579016621:6)

08-16 01:45:55.534  5721  6054 I LSPosed-Bridge: 	at R74.e(chromium-Monochrome.aab-stable-579016621:6)

08-16 01:45:55.534  5721  6054 I LSPosed-Bridge: 	at org.chromium.media.VideoCaptureFactory.getFacingMode(chromium-Monochrome.aab-stable-579016621:10)

08-16 01:45:55.534  5721  6054 I LSPosed-Bridge: 	at org.chromium.media.VideoCaptureFactory.getFacingMode(chromium-Monochrome.aab-stable-579016621:10)

08-16 01:45:55.534  5721  6054 I LSPosed-Bridge: 5721 PermLabel 10128 android.permission.CAMERA getCameraInfo args0: 0; args1: android.hardware.Camera$CameraInfo@907aade; res= null; stacktrace=java.lang.Exception

08-16 01:45:55.534  5721  6054 I LSPosed-Bridge: 5721 PermLabel 10128 android.permission.CAMERA getCameraInfo args0: 0; args1: android.hardware.Camera$CameraInfo@907aade; res= null; stacktrace=java.lang.Exception

08-16 01:45:55.534  5721  6054 I LSPosed-Bridge: 	at com.example.permlabel.hookCamera$1.afterHookedMethod(hookCamera.java:21)

08-16 01:45:55.534  5721  6054 I LSPosed-Bridge: 	at com.example.permlabel.hookCamera$1.afterHookedMethod(hookCamera.java:21)

08-16 01:45:55.534  5721  6054 I LSPosed-Bridge: 	at de.robv.android.xposed.XposedBridge$AdditionalHookInfo.callback(Unknown Source:147)

08-16 01:45:55.534  5721  6054 I LSPosed-Bridge: 	at de.robv.android.xposed.XposedBridge$AdditionalHookInfo.callback(Unknown Source:147)

08-16 01:45:55.534  5721  6054 I LSPosed-Bridge: 	at LSPHooker_.getCameraInfo(Unknown Source:15)

08-16 01:45:55.534  5721  6054 I LSPosed-Bridge: 	at LSPHooker_.getCameraInfo(Unknown Source:15)

08-16 01:45:55.534  5721  6054 I LSPosed-Bridge: 	at R74.e(chromium-Monochrome.aab-stable-579016621:6)

08-16 01:45:55.534  5721  6054 I LSPosed-Bridge: 	at R74.e(chromium-Monochrome.aab-stable-579016621:6)

08-16 01:45:55.534  5721  6054 I LSPosed-Bridge: 	at org.chromium.media.VideoCaptureFactory.getFacingMode(chromium-Monochrome.aab-stable-579016621:10)

08-16 01:45:55.534  5721  6054 I LSPosed-Bridge: 	at org.chromium.media.VideoCaptureFactory.getFacingMode(chromium-Monochrome.aab-stable-579016621:10)

08-16 01:45:55.543  1567  9550 I LSPosed-Bridge: 5721 PermLabel 10128 AMS.checkPermission: Binder.getCallingPid() = 909; uid = 10128; Binder.getCallingUid() = 1047; getNameForUid: null; getPackagesForUid: null; permName: android.permission.CAMERA; type = 1; res = -1; stacktrace=java.lang.Exception

08-16 01:45:55.543  1567  9550 I LSPosed-Bridge: 	at com.example.permlabel.requirePerm$1$2.afterHookedMethod(requirePerm.java:143)

08-16 01:45:55.543  1567  9550 I LSPosed-Bridge: 	at de.robv.android.xposed.XposedBridge$AdditionalHookInfo.callback(Unknown Source:147)

08-16 01:45:55.543  1567  9550 I LSPosed-Bridge: 	at LSPHooker_.checkPermission(Unknown Source:25)

08-16 01:45:55.543  1567  9550 I LSPosed-Bridge: 	at com.android.server.am.ActivityManagerService$PermissionController.checkPermission(ActivityManagerService.java:9248)

08-16 01:45:55.543  1567  9550 I LSPosed-Bridge: 	at android.os.IPermissionController$Stub.onTransact(IPermissionController.java:56)

08-16 01:45:55.543  1567  9550 I LSPosed-Bridge: 	at android.os.Binder.execTransact(Binder.java:731)

08-16 01:45:55.543   909  4796 W ServiceManager: Permission failure: android.permission.CAMERA from uid=10128 pid=5721

08-16 01:45:55.543   909  4796 E CameraService: Permission Denial: can't use the camera pid=5721, uid=10128

08-16 01:45:55.646  1567  9550 I LSPosed-Bridge: 5721 PermLabel 10128 AMS.checkPermission: Binder.getCallingPid() = 909; uid = 10128; Binder.getCallingUid() = 1047; getNameForUid: null; getPackagesForUid: null; permName: android.permission.CAMERA; type = 1; res = -1; stacktrace=java.lang.Exception

08-16 01:45:55.646  1567  9550 I LSPosed-Bridge: 	at com.example.permlabel.requirePerm$1$2.afterHookedMethod(requirePerm.java:143)

08-16 01:45:55.646  1567  9550 I LSPosed-Bridge: 	at de.robv.android.xposed.XposedBridge$AdditionalHookInfo.callback(Unknown Source:147)

08-16 01:45:55.646  1567  9550 I LSPosed-Bridge: 	at LSPHooker_.checkPermission(Unknown Source:25)

08-16 01:45:55.646  1567  9550 I LSPosed-Bridge: 	at com.android.server.am.ActivityManagerService$PermissionController.checkPermission(ActivityManagerService.java:9248)

08-16 01:45:55.646  1567  9550 I LSPosed-Bridge: 	at android.os.IPermissionController$Stub.onTransact(IPermissionController.java:56)

08-16 01:45:55.646  1567  9550 I LSPosed-Bridge: 	at android.os.Binder.execTransact(Binder.java:731)

08-16 01:45:55.749  1567  5922 I LSPosed-Bridge: 5721 PermLabel 10128 AMS.checkPermission: Binder.getCallingPid() = 909; uid = 10128; Binder.getCallingUid() = 1047; getNameForUid: null; getPackagesForUid: null; permName: android.permission.CAMERA; type = 1; res = -1; stacktrace=java.lang.Exception

08-16 01:45:55.749  1567  5922 I LSPosed-Bridge: 	at com.example.permlabel.requirePerm$1$2.afterHookedMethod(requirePerm.java:143)

08-16 01:45:55.749  1567  5922 I LSPosed-Bridge: 	at de.robv.android.xposed.XposedBridge$AdditionalHookInfo.callback(Unknown Source:147)

08-16 01:45:55.749  1567  5922 I LSPosed-Bridge: 	at LSPHooker_.checkPermission(Unknown Source:25)

08-16 01:45:55.749  1567  5922 I LSPosed-Bridge: 	at com.android.server.am.ActivityManagerService$PermissionController.checkPermission(ActivityManagerService.java:9248)

08-16 01:45:55.749  1567  5922 I LSPosed-Bridge: 	at android.os.IPermissionController$Stub.onTransact(IPermissionController.java:56)

08-16 01:45:55.749  1567  5922 I LSPosed-Bridge: 	at android.os.Binder.execTransact(Binder.java:731)

08-16 01:45:55.749   909  4796 W ServiceManager: Permission failure: android.permission.CAMERA from uid=10128 pid=5721

08-16 01:45:55.749   909  4796 E CameraService: Permission Denial: can't use the camera pid=5721, uid=10128

08-16 01:45:55.749  5721  6054 W CameraBase: An error occurred while connecting to camera 0: Status(-8): '1: validateClientPermissionsLocked:906: Caller "com.n51951dd8177.app" (PID 10128, UID 5721) cannot open camera "0" without camera permission'

08-16 01:45:55.749  5721  5721 I LSPosed-Bridge: 5721 PermLabel hookBinder_test 10128 interfaceBinder =android.view.accessibility.IAccessibilityInteractionConnectionCallback; arg0 = 2; arg1 = android.os.Parcel@ae4af5a; arg2 = null; arg3 = 1; res = true; stacktrace=java.lang.Exception

08-16 01:45:55.749  5721  5721 I LSPosed-Bridge: 	at com.example.permlabel.hookBinder_test$1.afterHookedMethod(hookBinder_test.java:68)

08-16 01:45:55.749  5721  5721 I LSPosed-Bridge: 	at de.robv.android.xposed.XposedBridge$AdditionalHookInfo.callback(Unknown Source:147)

08-16 01:45:55.749  5721  5721 I LSPosed-Bridge: 	at LSPHooker_.transact(Unknown Source:28)

08-16 01:45:55.749  5721  5721 I LSPosed-Bridge: 	at android.view.accessibility.IAccessibilityInteractionConnectionCallback$Stub$Proxy.setFindAccessibilityNodeInfosResult(IAccessibilityInteractionConnectionCallback.java:146)

08-16 01:45:55.749  5721  5721 I LSPosed-Bridge: 	at android.view.AccessibilityInteractionController.updateInfosForViewportAndReturnFindNodeResult(AccessibilityInteractionController.java:869)

08-16 01:45:55.749  5721  5721 I LSPosed-Bridge: 	at android.view.AccessibilityInteractionController.findAccessibilityNodeInfoByAccessibilityIdUiThread(AccessibilityInteractionController.java:340)

08-16 01:45:55.749  5721  5721 I LSPosed-Bridge: 	at android.view.AccessibilityInteractionController.access$400(AccessibilityInteractionController.java:67)

08-16 01:45:55.749  5721  5721 I LSPosed-Bridge: 	at android.view.AccessibilityInteractionController$PrivateHandler.handleMessage(AccessibilityInteractionController.java:1324)

08-16 01:45:55.749  5721  5721 I LSPosed-Bridge: 	at android.os.Handler.dispatchMessage(Handler.java:106)

08-16 01:45:55.749  5721  5721 I LSPosed-Bridge: 	at android.os.Looper.loop(Looper.java:193)

08-16 01:45:55.749  5721  5721 I LSPosed-Bridge: 	at android.app.ActivityThread.main(ActivityThread.java:6692)

08-16 01:45:55.749  5721  5721 I LSPosed-Bridge: 	at java.lang.reflect.Method.invoke(Native Method)

08-16 01:45:55.749  5721  5721 I LSPosed-Bridge: 	at com.android.internal.os.RuntimeInit$MethodAndArgsCaller.run(RuntimeInit.java:493)

08-16 01:45:55.749  5721  5721 I LSPosed-Bridge: 	at com.android.internal.os.ZygoteInit.main(ZygoteInit.java:858)

08-16 01:45:55.851  1567  9550 I LSPosed-Bridge: 5721 PermLabel 10128 AMS.checkPermission: Binder.getCallingPid() = 909; uid = 10128; Binder.getCallingUid() = 1047; getNameForUid: null; getPackagesForUid: null; permName: android.permission.CAMERA; type = 1; res = -1; stacktrace=java.lang.Exception

08-16 01:45:55.851  1567  9550 I LSPosed-Bridge: 	at com.example.permlabel.requirePerm$1$2.afterHookedMethod(requirePerm.java:143)

08-16 01:45:55.851  1567  9550 I LSPosed-Bridge: 	at de.robv.android.xposed.XposedBridge$AdditionalHookInfo.callback(Unknown Source:147)

08-16 01:45:55.851  1567  9550 I LSPosed-Bridge: 	at LSPHooker_.checkPermission(Unknown Source:25)

08-16 01:45:55.851  1567  9550 I LSPosed-Bridge: 	at com.android.server.am.ActivityManagerService$PermissionController.checkPermission(ActivityManagerService.java:9248)

08-16 01:45:55.851  1567  9550 I LSPosed-Bridge: 	at android.os.IPermissionController$Stub.onTransact(IPermissionController.java:56)

08-16 01:45:55.851  1567  9550 I LSPosed-Bridge: 	at android.os.Binder.execTransact(Binder.java:731)

08-16 01:45:55.954  1567  5922 I LSPosed-Bridge: 5721 PermLabel 10128 AMS.checkPermission: Binder.getCallingPid() = 909; uid = 10128; Binder.getCallingUid() = 1047; getNameForUid: null; getPackagesForUid: null; permName: android.permission.CAMERA; type = 1; res = -1; stacktrace=java.lang.Exception

08-16 01:45:55.954  1567  5922 I LSPosed-Bridge: 	at com.example.permlabel.requirePerm$1$2.afterHookedMethod(requirePerm.java:143)

08-16 01:45:55.954  1567  5922 I LSPosed-Bridge: 	at de.robv.android.xposed.XposedBridge$AdditionalHookInfo.callback(Unknown Source:147)

08-16 01:45:55.954  1567  5922 I LSPosed-Bridge: 	at LSPHooker_.checkPermission(Unknown Source:25)

08-16 01:45:55.954  1567  5922 I LSPosed-Bridge: 	at com.android.server.am.ActivityManagerService$PermissionController.checkPermission(ActivityManagerService.java:9248)

08-16 01:45:55.954  1567  5922 I LSPosed-Bridge: 	at android.os.IPermissionController$Stub.onTransact(IPermissionController.java:56)

08-16 01:45:55.954  1567  5922 I LSPosed-Bridge: 	at android.os.Binder.execTransact(Binder.java:731)

08-16 01:45:55.954   909  4796 W ServiceManager: Permission failure: android.permission.CAMERA from uid=10128 pid=5721

08-16 01:45:55.954   909  4796 E CameraService: Permission Denial: can't use the camera pid=5721, uid=10128

08-16 01:45:56.057  1567  5922 I LSPosed-Bridge: 5721 PermLabel 10128 AMS.checkPermission: Binder.getCallingPid() = 909; uid = 10128; Binder.getCallingUid() = 1047; getNameForUid: null; getPackagesForUid: null; permName: android.permission.CAMERA; type = 1; res = -1; stacktrace=java.lang.Exception

08-16 01:45:56.057  1567  5922 I LSPosed-Bridge: 	at com.example.permlabel.requirePerm$1$2.afterHookedMethod(requirePerm.java:143)

08-16 01:45:56.057  1567  5922 I LSPosed-Bridge: 	at de.robv.android.xposed.XposedBridge$AdditionalHookInfo.callback(Unknown Source:147)

08-16 01:45:56.057  1567  5922 I LSPosed-Bridge: 	at LSPHooker_.checkPermission(Unknown Source:25)

08-16 01:45:56.057  1567  5922 I LSPosed-Bridge: 	at com.android.server.am.ActivityManagerService$PermissionController.checkPermission(ActivityManagerService.java:9248)

08-16 01:45:56.057  1567  5922 I LSPosed-Bridge: 	at android.os.IPermissionController$Stub.onTransact(IPermissionController.java:56)

08-16 01:45:56.057  1567  5922 I LSPosed-Bridge: 	at android.os.Binder.execTransact(Binder.java:731)

08-16 01:45:56.161  1567  5922 I LSPosed-Bridge: 5721 PermLabel 10128 AMS.checkPermission: Binder.getCallingPid() = 909; uid = 10128; Binder.getCallingUid() = 1047; getNameForUid: null; getPackagesForUid: null; permName: android.permission.CAMERA; type = 1; res = -1; stacktrace=java.lang.Exception

08-16 01:45:56.161  1567  5922 I LSPosed-Bridge: 	at com.example.permlabel.requirePerm$1$2.afterHookedMethod(requirePerm.java:143)

08-16 01:45:56.161  1567  5922 I LSPosed-Bridge: 	at de.robv.android.xposed.XposedBridge$AdditionalHookInfo.callback(Unknown Source:147)

08-16 01:45:56.161  1567  5922 I LSPosed-Bridge: 	at LSPHooker_.checkPermission(Unknown Source:25)

08-16 01:45:56.161  1567  5922 I LSPosed-Bridge: 	at com.android.server.am.ActivityManagerService$PermissionController.checkPermission(ActivityManagerService.java:9248)

08-16 01:45:56.161  1567  5922 I LSPosed-Bridge: 	at android.os.IPermissionController$Stub.onTransact(IPermissionController.java:56)

08-16 01:45:56.161  1567  5922 I LSPosed-Bridge: 	at android.os.Binder.execTransact(Binder.java:731)

08-16 01:45:56.266  1567  5922 I LSPosed-Bridge: 5721 PermLabel 10128 AMS.checkPermission: Binder.getCallingPid() = 909; uid = 10128; Binder.getCallingUid() = 1047; getNameForUid: null; getPackagesForUid: null; permName: android.permission.CAMERA; type = 1; res = -1; stacktrace=java.lang.Exception

08-16 01:45:56.266  1567  5922 I LSPosed-Bridge: 	at com.example.permlabel.requirePerm$1$2.afterHookedMethod(requirePerm.java:143)

08-16 01:45:56.266  1567  5922 I LSPosed-Bridge: 	at de.robv.android.xposed.XposedBridge$AdditionalHookInfo.callback(Unknown Source:147)

08-16 01:45:56.266  1567  5922 I LSPosed-Bridge: 	at LSPHooker_.checkPermission(Unknown Source:25)

08-16 01:45:56.266  1567  5922 I LSPosed-Bridge: 	at com.android.server.am.ActivityManagerService$PermissionController.checkPermission(ActivityManagerService.java:9248)

08-16 01:45:56.266  1567  5922 I LSPosed-Bridge: 	at android.os.IPermissionController$Stub.onTransact(IPermissionController.java:56)

08-16 01:45:56.266  1567  5922 I LSPosed-Bridge: 	at android.os.Binder.execTransact(Binder.java:731)

08-16 01:45:56.266   909  4796 W ServiceManager: Permission failure: android.permission.CAMERA from uid=10128 pid=5721

08-16 01:45:56.266   909  4796 E CameraService: Permission Denial: can't use the camera pid=5721, uid=10128

08-16 01:45:56.266  5721  6054 W CameraBase: An error occurred while connecting to camera 0: Status(-8): '1: validateClientPermissionsLocked:906: Caller "com.n51951dd8177.app" (PID 10128, UID 5721) cannot open camera "0" without camera permission'

08-16 01:45:56.369  1567  5922 I LSPosed-Bridge: 5721 PermLabel 10128 AMS.checkPermission: Binder.getCallingPid() = 909; uid = 10128; Binder.getCallingUid() = 1047; getNameForUid: null; getPackagesForUid: null; permName: android.permission.CAMERA; type = 1; res = -1; stacktrace=java.lang.Exception

08-16 01:45:56.369  1567  5922 I LSPosed-Bridge: 	at com.example.permlabel.requirePerm$1$2.afterHookedMethod(requirePerm.java:143)

08-16 01:45:56.369  1567  5922 I LSPosed-Bridge: 	at de.robv.android.xposed.XposedBridge$AdditionalHookInfo.callback(Unknown Source:147)

08-16 01:45:56.369  1567  5922 I LSPosed-Bridge: 	at LSPHooker_.checkPermission(Unknown Source:25)

08-16 01:45:56.369  1567  5922 I LSPosed-Bridge: 	at com.android.server.am.ActivityManagerService$PermissionController.checkPermission(ActivityManagerService.java:9248)

08-16 01:45:56.369  1567  5922 I LSPosed-Bridge: 	at android.os.IPermissionController$Stub.onTransact(IPermissionController.java:56)

08-16 01:45:56.369  1567  5922 I LSPosed-Bridge: 	at android.os.Binder.execTransact(Binder.java:731)

08-16 01:45:56.369   909  4796 W ServiceManager: Permission failure: android.permission.CAMERA from uid=10128 pid=5721

08-16 01:45:56.369   909  4796 E CameraService: Permission Denial: can't use the camera pid=5721, uid=10128

08-16 01:45:56.381  1567  5922 I LSPosed-Bridge: 5721 PermLabel 10128 AMS.checkPermission: Binder.getCallingPid() = 909; uid = 10128; Binder.getCallingUid() = 1047; getNameForUid: null; getPackagesForUid: null; permName: android.permission.CAMERA; type = 1; res = -1; stacktrace=java.lang.Exception

08-16 01:45:56.381  1567  5922 I LSPosed-Bridge: 	at com.example.permlabel.requirePerm$1$2.afterHookedMethod(requirePerm.java:143)

08-16 01:45:56.381  1567  5922 I LSPosed-Bridge: 	at de.robv.android.xposed.XposedBridge$AdditionalHookInfo.callback(Unknown Source:147)

08-16 01:45:56.381  1567  5922 I LSPosed-Bridge: 	at LSPHooker_.checkPermission(Unknown Source:25)

08-16 01:45:56.381  1567  5922 I LSPosed-Bridge: 	at com.android.server.am.ActivityManagerService$PermissionController.checkPermission(ActivityManagerService.java:9248)

08-16 01:45:56.381  1567  5922 I LSPosed-Bridge: 	at android.os.IPermissionController$Stub.onTransact(IPermissionController.java:56)

08-16 01:45:56.381  1567  5922 I LSPosed-Bridge: 	at android.os.Binder.execTransact(Binder.java:731)

08-16 01:45:56.381   909  4796 W ServiceManager: Permission failure: android.permission.CAMERA from uid=10128 pid=5721

08-16 01:45:56.381   909  4796 E CameraService: Permission Denial: can't use the camera pid=5721, uid=10128

08-16 01:45:56.484  1567  5922 I LSPosed-Bridge: 5721 PermLabel 10128 AMS.checkPermission: Binder.getCallingPid() = 909; uid = 10128; Binder.getCallingUid() = 1047; getNameForUid: null; getPackagesForUid: null; permName: android.permission.CAMERA; type = 1; res = -1; stacktrace=java.lang.Exception

08-16 01:45:56.484  1567  5922 I LSPosed-Bridge: 	at com.example.permlabel.requirePerm$1$2.afterHookedMethod(requirePerm.java:143)

08-16 01:45:56.484  1567  5922 I LSPosed-Bridge: 	at de.robv.android.xposed.XposedBridge$AdditionalHookInfo.callback(Unknown Source:147)

08-16 01:45:56.484  1567  5922 I LSPosed-Bridge: 	at LSPHooker_.checkPermission(Unknown Source:25)

08-16 01:45:56.484  1567  5922 I LSPosed-Bridge: 	at com.android.server.am.ActivityManagerService$PermissionController.checkPermission(ActivityManagerService.java:9248)

08-16 01:45:56.484  1567  5922 I LSPosed-Bridge: 	at android.os.IPermissionController$Stub.onTransact(IPermissionController.java:56)

08-16 01:45:56.484  1567  5922 I LSPosed-Bridge: 	at android.os.Binder.execTransact(Binder.java:731)

08-16 01:45:56.588  1567  5922 I LSPosed-Bridge: 5721 PermLabel 10128 AMS.checkPermission: Binder.getCallingPid() = 909; uid = 10128; Binder.getCallingUid() = 1047; getNameForUid: null; getPackagesForUid: null; permName: android.permission.CAMERA; type = 1; res = -1; stacktrace=java.lang.Exception

08-16 01:45:56.588  1567  5922 I LSPosed-Bridge: 	at com.example.permlabel.requirePerm$1$2.afterHookedMethod(requirePerm.java:143)

08-16 01:45:56.588  1567  5922 I LSPosed-Bridge: 	at de.robv.android.xposed.XposedBridge$AdditionalHookInfo.callback(Unknown Source:147)

08-16 01:45:56.588  1567  5922 I LSPosed-Bridge: 	at LSPHooker_.checkPermission(Unknown Source:25)

08-16 01:45:56.588  1567  5922 I LSPosed-Bridge: 	at com.android.server.am.ActivityManagerService$PermissionController.checkPermission(ActivityManagerService.java:9248)

08-16 01:45:56.588  1567  5922 I LSPosed-Bridge: 	at android.os.IPermissionController$Stub.onTransact(IPermissionController.java:56)

08-16 01:45:56.588  1567  5922 I LSPosed-Bridge: 	at android.os.Binder.execTransact(Binder.java:731)

08-16 01:45:56.692  1567  5922 I LSPosed-Bridge: 5721 PermLabel 10128 AMS.checkPermission: Binder.getCallingPid() = 909; uid = 10128; Binder.getCallingUid() = 1047; getNameForUid: null; getPackagesForUid: null; permName: android.permission.CAMERA; type = 1; res = -1; stacktrace=java.lang.Exception

08-16 01:45:56.692  1567  5922 I LSPosed-Bridge: 	at com.example.permlabel.requirePerm$1$2.afterHookedMethod(requirePerm.java:143)

08-16 01:45:56.692  1567  5922 I LSPosed-Bridge: 	at de.robv.android.xposed.XposedBridge$AdditionalHookInfo.callback(Unknown Source:147)

08-16 01:45:56.692  1567  5922 I LSPosed-Bridge: 	at LSPHooker_.checkPermission(Unknown Source:25)

08-16 01:45:56.692  1567  5922 I LSPosed-Bridge: 	at com.android.server.am.ActivityManagerService$PermissionController.checkPermission(ActivityManagerService.java:9248)

08-16 01:45:56.692  1567  5922 I LSPosed-Bridge: 	at android.os.IPermissionController$Stub.onTransact(IPermissionController.java:56)

08-16 01:45:56.692  1567  5922 I LSPosed-Bridge: 	at android.os.Binder.execTransact(Binder.java:731)

08-16 01:45:56.692   909  4796 W ServiceManager: Permission failure: android.permission.CAMERA from uid=10128 pid=5721

08-16 01:45:56.692   909  4796 E CameraService: Permission Denial: can't use the camera pid=5721, uid=10128

08-16 01:45:56.795  1567  5922 I LSPosed-Bridge: 5721 PermLabel 10128 AMS.checkPermission: Binder.getCallingPid() = 909; uid = 10128; Binder.getCallingUid() = 1047; getNameForUid: null; getPackagesForUid: null; permName: android.permission.CAMERA; type = 1; res = -1; stacktrace=java.lang.Exception

08-16 01:45:56.795  1567  5922 I LSPosed-Bridge: 	at com.example.permlabel.requirePerm$1$2.afterHookedMethod(requirePerm.java:143)

08-16 01:45:56.795  1567  5922 I LSPosed-Bridge: 	at de.robv.android.xposed.XposedBridge$AdditionalHookInfo.callback(Unknown Source:147)

08-16 01:45:56.795  1567  5922 I LSPosed-Bridge: 	at LSPHooker_.checkPermission(Unknown Source:25)

08-16 01:45:56.795  1567  5922 I LSPosed-Bridge: 	at com.android.server.am.ActivityManagerService$PermissionController.checkPermission(ActivityManagerService.java:9248)

08-16 01:45:56.795  1567  5922 I LSPosed-Bridge: 	at android.os.IPermissionController$Stub.onTransact(IPermissionController.java:56)

08-16 01:45:56.795  1567  5922 I LSPosed-Bridge: 	at android.os.Binder.execTransact(Binder.java:731)

08-16 01:45:56.899  1567  5922 I LSPosed-Bridge: 5721 PermLabel 10128 AMS.checkPermission: Binder.getCallingPid() = 909; uid = 10128; Binder.getCallingUid() = 1047; getNameForUid: null; getPackagesForUid: null; permName: android.permission.CAMERA; type = 1; res = -1; stacktrace=java.lang.Exception

08-16 01:45:56.899  1567  5922 I LSPosed-Bridge: 	at com.example.permlabel.requirePerm$1$2.afterHookedMethod(requirePerm.java:143)

08-16 01:45:56.899  1567  5922 I LSPosed-Bridge: 	at de.robv.android.xposed.XposedBridge$AdditionalHookInfo.callback(Unknown Source:147)

08-16 01:45:56.899  1567  5922 I LSPosed-Bridge: 	at LSPHooker_.checkPermission(Unknown Source:25)

08-16 01:45:56.899  1567  5922 I LSPosed-Bridge: 	at com.android.server.am.ActivityManagerService$PermissionController.checkPermission(ActivityManagerService.java:9248)

08-16 01:45:56.899  1567  5922 I LSPosed-Bridge: 	at android.os.IPermissionController$Stub.onTransact(IPermissionController.java:56)

08-16 01:45:56.899  1567  5922 I LSPosed-Bridge: 	at android.os.Binder.execTransact(Binder.java:731)

08-16 01:45:57.003  1567  8918 I LSPosed-Bridge: 5721 PermLabel 10128 AMS.checkPermission: Binder.getCallingPid() = 909; uid = 10128; Binder.getCallingUid() = 1047; getNameForUid: null; getPackagesForUid: null; permName: android.permission.CAMERA; type = 1; res = -1; stacktrace=java.lang.Exception

08-16 01:45:57.003  1567  8918 I LSPosed-Bridge: 	at com.example.permlabel.requirePerm$1$2.afterHookedMethod(requirePerm.java:143)

