06-22 19:39:38.604  1570  5500 I LSPosed-Bridge: 	at com.android.server.am.ActivityManagerService$PermissionController.checkPermission(ActivityManagerService.java:9248)

06-22 19:39:38.604  1570  5500 I LSPosed-Bridge: 	at android.os.IPermissionController$Stub.onTransact(IPermissionController.java:56)

06-22 19:39:38.604  1570  5500 I LSPosed-Bridge: 	at android.os.Binder.execTransact(Binder.java:731)

06-22 19:39:38.604   911  4292 W ServiceManager: Permission failure: android.permission.CAMERA from uid=10122 pid=5278

06-22 19:39:38.604   911  4292 E CameraService: Permission Denial: can't use the camera pid=5278, uid=10122

06-22 19:39:38.604  5278  6722 W CameraBase: An error occurred while connecting to camera 0: Status(-8): '1: validateClientPermissionsLocked:906: Caller "homeworkout.homeworkouts.noequipment" (PID 10122, UID 5278) cannot open camera "0" without camera permission'

06-22 19:39:38.706  1570  5500 I LSPosed-Bridge: 5278 PermLabel 10122 AMS.checkPermission: Binder.getCallingPid() = 911; uid = 10122; Binder.getCallingUid() = 1047; getNameForUid: null; getPackagesForUid: null; permName: android.permission.CAMERA; type = 1; res = -1; stacktrace=java.lang.Exception

06-22 19:39:38.706  1570  5500 I LSPosed-Bridge: 	at com.example.permlabel.requirePerm$1$2.afterHookedMethod(requirePerm.java:133)

06-22 19:39:38.706  1570  5500 I LSPosed-Bridge: 	at de.robv.android.xposed.XposedBridge$AdditionalHookInfo.callback(Unknown Source:147)

06-22 19:39:38.706  1570  5500 I LSPosed-Bridge: 	at LSPHooker_.checkPermission(Unknown Source:25)

06-22 19:39:38.706  1570  5500 I LSPosed-Bridge: 	at com.android.server.am.ActivityManagerService$PermissionController.checkPermission(ActivityManagerService.java:9248)

06-22 19:39:38.706  1570  5500 I LSPosed-Bridge: 	at android.os.IPermissionController$Stub.onTransact(IPermissionController.java:56)

06-22 19:39:38.706  1570  5500 I LSPosed-Bridge: 	at android.os.Binder.execTransact(Binder.java:731)

06-22 19:39:38.706   911  4292 W ServiceManager: Permission failure: android.permission.CAMERA from uid=10122 pid=5278

06-22 19:39:38.706   911  4292 E CameraService: Permission Denial: can't use the camera pid=5278, uid=10122

06-22 19:39:38.809  1570  5500 I LSPosed-Bridge: 5278 PermLabel 10122 AMS.checkPermission: Binder.getCallingPid() = 911; uid = 10122; Binder.getCallingUid() = 1047; getNameForUid: null; getPackagesForUid: null; permName: android.permission.CAMERA; type = 1; res = -1; stacktrace=java.lang.Exception

06-22 19:39:38.809  1570  5500 I LSPosed-Bridge: 	at com.example.permlabel.requirePerm$1$2.afterHookedMethod(requirePerm.java:133)

06-22 19:39:38.809  1570  5500 I LSPosed-Bridge: 	at de.robv.android.xposed.XposedBridge$AdditionalHookInfo.callback(Unknown Source:147)

06-22 19:39:38.809  1570  5500 I LSPosed-Bridge: 	at LSPHooker_.checkPermission(Unknown Source:25)

06-22 19:39:38.809  1570  5500 I LSPosed-Bridge: 	at com.android.server.am.ActivityManagerService$PermissionController.checkPermission(ActivityManagerService.java:9248)

06-22 19:39:38.809  1570  5500 I LSPosed-Bridge: 	at android.os.IPermissionController$Stub.onTransact(IPermissionController.java:56)

06-22 19:39:38.809  1570  5500 I LSPosed-Bridge: 	at android.os.Binder.execTransact(Binder.java:731)

06-22 19:39:38.913   551   551 I ConfigStore: android::hardware::configstore::V1_0::ISurfaceFlingerConfigs::hasHDRDisplay retrieved: 0

06-22 19:39:38.913  1570  7756 I LSPosed-Bridge: 5278 PermLabel 10122 AMS.checkPermission: Binder.getCallingPid() = 911; uid = 10122; Binder.getCallingUid() = 1047; getNameForUid: null; getPackagesForUid: null; permName: android.permission.CAMERA; type = 1; res = -1; stacktrace=java.lang.Exception

06-22 19:39:38.913  1570  7756 I LSPosed-Bridge: 	at com.example.permlabel.requirePerm$1$2.afterHookedMethod(requirePerm.java:133)

06-22 19:39:38.913  1570  7756 I LSPosed-Bridge: 	at de.robv.android.xposed.XposedBridge$AdditionalHookInfo.callback(Unknown Source:147)

06-22 19:39:38.913  1570  7756 I LSPosed-Bridge: 	at LSPHooker_.checkPermission(Unknown Source:25)

06-22 19:39:38.913  1570  7756 I LSPosed-Bridge: 	at com.android.server.am.ActivityManagerService$PermissionController.checkPermission(ActivityManagerService.java:9248)

06-22 19:39:38.913  1570  7756 I LSPosed-Bridge: 	at android.os.IPermissionController$Stub.onTransact(IPermissionController.java:56)

06-22 19:39:38.913  1570  7756 I LSPosed-Bridge: 	at android.os.Binder.execTransact(Binder.java:731)

06-22 19:39:38.913   551   551 I ConfigStore: android::hardware::configstore::V1_0::ISurfaceFlingerConfigs::hasHDRDisplay retrieved: 0

06-22 19:39:39.016  1570  7756 I LSPosed-Bridge: 5278 PermLabel 10122 AMS.checkPermission: Binder.getCallingPid() = 911; uid = 10122; Binder.getCallingUid() = 1047; getNameForUid: null; getPackagesForUid: null; permName: android.permission.CAMERA; type = 1; res = -1; stacktrace=java.lang.Exception

06-22 19:39:39.016  1570  7756 I LSPosed-Bridge: 	at com.example.permlabel.requirePerm$1$2.afterHookedMethod(requirePerm.java:133)

06-22 19:39:39.016  1570  7756 I LSPosed-Bridge: 	at de.robv.android.xposed.XposedBridge$AdditionalHookInfo.callback(Unknown Source:147)

06-22 19:39:39.016  1570  7756 I LSPosed-Bridge: 	at LSPHooker_.checkPermission(Unknown Source:25)

06-22 19:39:39.016  1570  7756 I LSPosed-Bridge: 	at com.android.server.am.ActivityManagerService$PermissionController.checkPermission(ActivityManagerService.java:9248)

06-22 19:39:39.016  1570  7756 I LSPosed-Bridge: 	at android.os.IPermissionController$Stub.onTransact(IPermissionController.java:56)

06-22 19:39:39.016  1570  7756 I LSPosed-Bridge: 	at android.os.Binder.execTransact(Binder.java:731)

06-22 19:39:39.019  5278  6722 I LSPosed-Bridge: 5278 PermLabel 10122 android.permission.CAMERA open cameraId: 0; res= null; stacktrace=java.lang.Exception

06-22 19:39:39.019  5278  6722 I LSPosed-Bridge: 5278 PermLabel 10122 android.permission.CAMERA open cameraId: 0; res= null; stacktrace=java.lang.Exception

06-22 19:39:39.019  5278  6722 I LSPosed-Bridge: 	at com.example.permlabel.hookCamera$3.afterHookedMethod(hookCamera.java:49)

06-22 19:39:39.019  5278  6722 I LSPosed-Bridge: 	at com.example.permlabel.hookCamera$3.afterHookedMethod(hookCamera.java:49)

06-22 19:39:39.019  5278  6722 I LSPosed-Bridge: 	at de.robv.android.xposed.XposedBridge$AdditionalHookInfo.callback(Unknown Source:147)

06-22 19:39:39.019  5278  6722 I LSPosed-Bridge: 	at de.robv.android.xposed.XposedBridge$AdditionalHookInfo.callback(Unknown Source:147)

06-22 19:39:39.019  5278  6722 I LSPosed-Bridge: 	at LSPHooker_.open(Unknown Source:12)

06-22 19:39:39.019  5278  6722 I LSPosed-Bridge: 	at LSPHooker_.open(Unknown Source:12)

06-22 19:39:39.019  5278  6722 I LSPosed-Bridge: 	at org.chromium.media.VideoCaptureFactory.isZoomSupported(chromium-Monochrome.aab-stable-573513121:10)

06-22 19:39:39.019  5278  6722 I LSPosed-Bridge: 	at org.chromium.media.VideoCaptureFactory.isZoomSupported(chromium-Monochrome.aab-stable-573513121:10)

06-22 19:39:39.019  5278  6722 I chatty  : uid=10122(homeworkout.homeworkouts.noequipment) ThreadPoolSingl identical 1 line

06-22 19:39:39.019  5278  6722 I chatty  : uid=10122(homeworkout.homeworkouts.noequipment) ThreadPoolSingl identical 1 line

06-22 19:39:39.019  5278  6722 I LSPosed-Bridge: 5278 PermLabel 10122 android.permission.CAMERA open cameraId: 0; res= null; stacktrace=java.lang.Exception

06-22 19:39:39.019  5278  6722 I LSPosed-Bridge: 5278 PermLabel 10122 android.permission.CAMERA open cameraId: 0; res= null; stacktrace=java.lang.Exception

06-22 19:39:39.019  5278  6722 I LSPosed-Bridge: 	at com.example.permlabel.hookCamera$3.afterHookedMethod(hookCamera.java:49)

06-22 19:39:39.019  5278  6722 I LSPosed-Bridge: 	at com.example.permlabel.hookCamera$3.afterHookedMethod(hookCamera.java:49)

06-22 19:39:39.019  5278  6722 I LSPosed-Bridge: 	at de.robv.android.xposed.XposedBridge$AdditionalHookInfo.callback(Unknown Source:147)

06-22 19:39:39.019  5278  6722 I LSPosed-Bridge: 	at de.robv.android.xposed.XposedBridge$AdditionalHookInfo.callback(Unknown Source:147)

06-22 19:39:39.019  5278  6722 I LSPosed-Bridge: 	at LSPHooker_.open(Unknown Source:12)

06-22 19:39:39.019  5278  6722 I LSPosed-Bridge: 	at LSPHooker_.open(Unknown Source:12)

06-22 19:39:39.019  5278  6722 I LSPosed-Bridge: 	at org.chromium.media.VideoCaptureFactory.isZoomSupported(chromium-Monochrome.aab-stable-573513121:10)

06-22 19:39:39.019  5278  6722 I LSPosed-Bridge: 	at org.chromium.media.VideoCaptureFactory.isZoomSupported(chromium-Monochrome.aab-stable-573513121:10)

06-22 19:39:39.019  5278  6722 E cr_VideoCapture: Camera.open: 

06-22 19:39:39.019  5278  6722 E cr_VideoCapture: Camera.open: 

06-22 19:39:39.019  5278  6722 E cr_VideoCapture: java.lang.RuntimeException: Fail to connect to camera service

06-22 19:39:39.019  5278  6722 E cr_VideoCapture: java.lang.RuntimeException: Fail to connect to camera service

06-22 19:39:39.019  5278  6722 E cr_VideoCapture: 	at android.hardware.Camera.<init>(Camera.java:669)

06-22 19:39:39.019  5278  6722 E cr_VideoCapture: 	at android.hardware.Camera.<init>(Camera.java:669)

06-22 19:39:39.019  5278  6722 E cr_VideoCapture: 	at android.hardware.Camera.open(Camera.java:460)

06-22 19:39:39.019  5278  6722 E cr_VideoCapture: 	at android.hardware.Camera.open(Camera.java:460)

06-22 19:39:39.019  5278  6722 E cr_VideoCapture: 	at java.lang.reflect.Method.invoke(Native Method)

06-22 19:39:39.019  5278  6722 E cr_VideoCapture: 	at java.lang.reflect.Method.invoke(Native Method)

06-22 19:39:39.019  5278  6722 E cr_VideoCapture: 	at org.lsposed.lspd.nativebridge.HookBridge.invokeOriginalMethod(Native Method)

06-22 19:39:39.019  5278  6722 E cr_VideoCapture: 	at org.lsposed.lspd.nativebridge.HookBridge.invokeOriginalMethod(Native Method)

06-22 19:39:39.019  5278  6722 E cr_VideoCapture: 	at de.robv.android.xposed.XposedBridge$AdditionalHookInfo.callback(Unknown Source:110)

06-22 19:39:39.019  5278  6722 E cr_VideoCapture: 	at de.robv.android.xposed.XposedBridge$AdditionalHookInfo.callback(Unknown Source:110)

06-22 19:39:39.019  5278  6722 E cr_VideoCapture: 	at LSPHooker_.open(Unknown Source:12)

06-22 19:39:39.019  5278  6722 E cr_VideoCapture: 	at LSPHooker_.open(Unknown Source:12)

06-22 19:39:39.019  5278  6722 E cr_VideoCapture: 	at org.chromium.media.VideoCaptureFactory.isZoomSupported(chromium-Monochrome.aab-stable-573513121:10)

06-22 19:39:39.019  5278  6722 E cr_VideoCapture: 	at org.chromium.media.VideoCaptureFactory.isZoomSupported(chromium-Monochrome.aab-stable-573513121:10)

06-22 19:39:39.030   551   551 I ConfigStore: android::hardware::configstore::V1_0::ISurfaceFlingerConfigs::hasHDRDisplay retrieved: 0

06-22 19:39:39.030  1570  7756 I LSPosed-Bridge: 5278 PermLabel 10122 AMS.checkPermission: Binder.getCallingPid() = 911; uid = 10122; Binder.getCallingUid() = 1047; getNameForUid: null; getPackagesForUid: null; permName: android.permission.CAMERA; type = 1; res = -1; stacktrace=java.lang.Exception

06-22 19:39:39.030  1570  7756 I LSPosed-Bridge: 	at com.example.permlabel.requirePerm$1$2.afterHookedMethod(requirePerm.java:133)

06-22 19:39:39.030  1570  7756 I LSPosed-Bridge: 	at de.robv.android.xposed.XposedBridge$AdditionalHookInfo.callback(Unknown Source:147)

06-22 19:39:39.030  1570  7756 I LSPosed-Bridge: 	at LSPHooker_.checkPermission(Unknown Source:25)

06-22 19:39:39.030  1570  7756 I LSPosed-Bridge: 	at com.android.server.am.ActivityManagerService$PermissionController.checkPermission(ActivityManagerService.java:9248)

06-22 19:39:39.030  1570  7756 I LSPosed-Bridge: 	at android.os.IPermissionController$Stub.onTransact(IPermissionController.java:56)

06-22 19:39:39.030  1570  7756 I LSPosed-Bridge: 	at android.os.Binder.execTransact(Binder.java:731)

06-22 19:39:39.134  1570  7756 I LSPosed-Bridge: 5278 PermLabel 10122 AMS.checkPermission: Binder.getCallingPid() = 911; uid = 10122; Binder.getCallingUid() = 1047; getNameForUid: null; getPackagesForUid: null; permName: android.permission.CAMERA; type = 1; res = -1; stacktrace=java.lang.Exception

06-22 19:39:39.134  1570  7756 I LSPosed-Bridge: 	at com.example.permlabel.requirePerm$1$2.afterHookedMethod(requirePerm.java:133)

06-22 19:39:39.134  1570  7756 I LSPosed-Bridge: 	at de.robv.android.xposed.XposedBridge$AdditionalHookInfo.callback(Unknown Source:147)

06-22 19:39:39.134  1570  7756 I LSPosed-Bridge: 	at LSPHooker_.checkPermission(Unknown Source:25)

06-22 19:39:39.134  1570  7756 I LSPosed-Bridge: 	at com.android.server.am.ActivityManagerService$PermissionController.checkPermission(ActivityManagerService.java:9248)

06-22 19:39:39.134  1570  7756 I LSPosed-Bridge: 	at android.os.IPermissionController$Stub.onTransact(IPermissionController.java:56)

06-22 19:39:39.134  1570  7756 I LSPosed-Bridge: 	at android.os.Binder.execTransact(Binder.java:731)

06-22 19:39:39.238  1570  7756 I LSPosed-Bridge: 5278 PermLabel 10122 AMS.checkPermission: Binder.getCallingPid() = 911; uid = 10122; Binder.getCallingUid() = 1047; getNameForUid: null; getPackagesForUid: null; permName: android.permission.CAMERA; type = 1; res = -1; stacktrace=java.lang.Exception

06-22 19:39:39.238  1570  7756 I LSPosed-Bridge: 	at com.example.permlabel.requirePerm$1$2.afterHookedMethod(requirePerm.java:133)

06-22 19:39:39.238  1570  7756 I LSPosed-Bridge: 	at de.robv.android.xposed.XposedBridge$AdditionalHookInfo.callback(Unknown Source:147)

06-22 19:39:39.238  1570  7756 I LSPosed-Bridge: 	at LSPHooker_.checkPermission(Unknown Source:25)

06-22 19:39:39.238  1570  7756 I LSPosed-Bridge: 	at com.android.server.am.ActivityManagerService$PermissionController.checkPermission(ActivityManagerService.java:9248)

06-22 19:39:39.238  1570  7756 I LSPosed-Bridge: 	at android.os.IPermissionController$Stub.onTransact(IPermissionController.java:56)

06-22 19:39:39.238  1570  7756 I LSPosed-Bridge: 	at android.os.Binder.execTransact(Binder.java:731)

06-22 19:39:39.238   911  4292 W ServiceManager: Permission failure: android.permission.CAMERA from uid=10122 pid=5278

06-22 19:39:39.238   911  4292 E CameraService: Permission Denial: can't use the camera pid=5278, uid=10122

06-22 19:39:39.238  5278  6722 W CameraBase: An error occurred while connecting to camera 0: Status(-8): '1: validateClientPermissionsLocked:906: Caller "homeworkout.homeworkouts.noequipment" (PID 10122, UID 5278) cannot open camera "0" without camera permission'

06-22 19:39:39.341  1570  7756 I LSPosed-Bridge: 5278 PermLabel 10122 AMS.checkPermission: Binder.getCallingPid() = 911; uid = 10122; Binder.getCallingUid() = 1047; getNameForUid: null; getPackagesForUid: null; permName: android.permission.CAMERA; type = 1; res = -1; stacktrace=java.lang.Exception

06-22 19:39:39.341  1570  7756 I LSPosed-Bridge: 	at com.example.permlabel.requirePerm$1$2.afterHookedMethod(requirePerm.java:133)

06-22 19:39:39.341  1570  7756 I LSPosed-Bridge: 	at de.robv.android.xposed.XposedBridge$AdditionalHookInfo.callback(Unknown Source:147)

06-22 19:39:39.341  1570  7756 I LSPosed-Bridge: 	at LSPHooker_.checkPermission(Unknown Source:25)

06-22 19:39:39.341  1570  7756 I LSPosed-Bridge: 	at com.android.server.am.ActivityManagerService$PermissionController.checkPermission(ActivityManagerService.java:9248)

06-22 19:39:39.341  1570  7756 I LSPosed-Bridge: 	at android.os.IPermissionController$Stub.onTransact(IPermissionController.java:56)

06-22 19:39:39.341  1570  7756 I LSPosed-Bridge: 	at android.os.Binder.execTransact(Binder.java:731)

06-22 19:39:39.341   911  4292 W ServiceManager: Permission failure: android.permission.CAMERA from uid=10122 pid=5278

06-22 19:39:39.341   911  4292 E CameraService: Permission Denial: can't use the camera pid=5278, uid=10122

06-22 19:39:39.443  1570  2700 I LSPosed-Bridge: 5278 PermLabel 10122 AMS.checkPermission: Binder.getCallingPid() = 911; uid = 10122; Binder.getCallingUid() = 1047; getNameForUid: null; getPackagesForUid: null; permName: android.permission.CAMERA; type = 1; res = -1; stacktrace=java.lang.Exception

06-22 19:39:39.443  1570  2700 I LSPosed-Bridge: 	at com.example.permlabel.requirePerm$1$2.afterHookedMethod(requirePerm.java:133)

06-22 19:39:39.443  1570  2700 I LSPosed-Bridge: 	at de.robv.android.xposed.XposedBridge$AdditionalHookInfo.callback(Unknown Source:147)

06-22 19:39:39.443  1570  2700 I LSPosed-Bridge: 	at LSPHooker_.checkPermission(Unknown Source:25)

06-22 19:39:39.443  1570  2700 I LSPosed-Bridge: 	at com.android.server.am.ActivityManagerService$PermissionController.checkPermission(ActivityManagerService.java:9248)

06-22 19:39:39.443  1570  2700 I LSPosed-Bridge: 	at android.os.IPermissionController$Stub.onTransact(IPermissionController.java:56)

06-22 19:39:39.443  1570  2700 I LSPosed-Bridge: 	at android.os.Binder.execTransact(Binder.java:731)

06-22 19:39:39.547  1570  1848 I LSPosed-Bridge: 5278 PermLabel 10122 AMS.checkPermission: Binder.getCallingPid() = 911; uid = 10122; Binder.getCallingUid() = 1047; getNameForUid: null; getPackagesForUid: null; permName: android.permission.CAMERA; type = 1; res = -1; stacktrace=java.lang.Exception

06-22 19:39:39.547  1570  1848 I LSPosed-Bridge: 	at com.example.permlabel.requirePerm$1$2.afterHookedMethod(requirePerm.java:133)

06-22 19:39:39.547  1570  1848 I LSPosed-Bridge: 	at de.robv.android.xposed.XposedBridge$AdditionalHookInfo.callback(Unknown Source:147)

06-22 19:39:39.547  1570  1848 I LSPosed-Bridge: 	at LSPHooker_.checkPermission(Unknown Source:25)

06-22 19:39:39.547  1570  1848 I LSPosed-Bridge: 	at com.android.server.am.ActivityManagerService$PermissionController.checkPermission(ActivityManagerService.java:9248)

06-22 19:39:39.547  1570  1848 I LSPosed-Bridge: 	at android.os.IPermissionController$Stub.onTransact(IPermissionController.java:56)

06-22 19:39:39.547  1570  1848 I LSPosed-Bridge: 	at android.os.Binder.execTransact(Binder.java:731)

06-22 19:39:39.547   551   551 I ConfigStore: android::hardware::configstore::V1_0::ISurfaceFlingerConfigs::hasHDRDisplay retrieved: 0

06-22 19:39:39.547   911  4292 W ServiceManager: Permission failure: android.permission.CAMERA from uid=10122 pid=5278

06-22 19:39:39.547   911  4292 E CameraService: Permission Denial: can't use the camera pid=5278, uid=10122

06-22 19:39:39.547  5278  6722 W CameraBase: An error occurred while connecting to camera 0: Status(-8): '1: validateClientPermissionsLocked:906: Caller "homeworkout.homeworkouts.noequipment" (PID 10122, UID 5278) cannot open camera "0" without camera permission'

06-22 19:39:39.654  1570  5491 I LSPosed-Bridge: 5278 PermLabel 10122 AMS.checkPermission: Binder.getCallingPid() = 911; uid = 10122; Binder.getCallingUid() = 1047; getNameForUid: null; getPackagesForUid: null; permName: android.permission.CAMERA; type = 1; res = -1; stacktrace=java.lang.Exception

06-22 19:39:39.654  1570  5491 I LSPosed-Bridge: 	at com.example.permlabel.requirePerm$1$2.afterHookedMethod(requirePerm.java:133)

06-22 19:39:39.654  1570  5491 I LSPosed-Bridge: 	at de.robv.android.xposed.XposedBridge$AdditionalHookInfo.callback(Unknown Source:147)

06-22 19:39:39.654  1570  5491 I LSPosed-Bridge: 	at LSPHooker_.checkPermission(Unknown Source:25)

06-22 19:39:39.654  1570  5491 I LSPosed-Bridge: 	at com.android.server.am.ActivityManagerService$PermissionController.checkPermission(ActivityManagerService.java:9248)

06-22 19:39:39.654  1570  5491 I LSPosed-Bridge: 	at android.os.IPermissionController$Stub.onTransact(IPermissionController.java:56)

06-22 19:39:39.654  1570  5491 I LSPosed-Bridge: 	at android.os.Binder.execTransact(Binder.java:731)

06-22 19:39:39.654   911  4292 W ServiceManager: Permission failure: android.permission.CAMERA from uid=10122 pid=5278

06-22 19:39:39.654   911  4292 E CameraService: Permission Denial: can't use the camera pid=5278, uid=10122

06-22 19:39:39.757  1570  5491 I LSPosed-Bridge: 5278 PermLabel 10122 AMS.checkPermission: Binder.getCallingPid() = 911; uid = 10122; Binder.getCallingUid() = 1047; getNameForUid: null; getPackagesForUid: null; permName: android.permission.CAMERA; type = 1; res = -1; stacktrace=java.lang.Exception

06-22 19:39:39.757  1570  5491 I LSPosed-Bridge: 	at com.example.permlabel.requirePerm$1$2.afterHookedMethod(requirePerm.java:133)

06-22 19:39:39.757  1570  5491 I LSPosed-Bridge: 	at de.robv.android.xposed.XposedBridge$AdditionalHookInfo.callback(Unknown Source:147)

06-22 19:39:39.757  1570  5491 I LSPosed-Bridge: 	at LSPHooker_.checkPermission(Unknown Source:25)

06-22 19:39:39.757  1570  5491 I LSPosed-Bridge: 	at com.android.server.am.ActivityManagerService$PermissionController.checkPermission(ActivityManagerService.java:9248)

06-22 19:39:39.757  1570  5491 I LSPosed-Bridge: 	at android.os.IPermissionController$Stub.onTransact(IPermissionController.java:56)

06-22 19:39:39.757  1570  5491 I LSPosed-Bridge: 	at android.os.Binder.execTransact(Binder.java:731)

06-22 19:39:39.860   911  4292 I CameraService: CameraService::connect call (PID -1 "homeworkout.homeworkouts.noequipment", camera ID 0) for HAL version default and Camera API version 1

06-22 19:39:39.860  1570  5491 I LSPosed-Bridge: 5278 PermLabel 10122 AMS.checkPermission: Binder.getCallingPid() = 911; uid = 10122; Binder.getCallingUid() = 1047; getNameForUid: null; getPackagesForUid: null; permName: android.permission.CAMERA; type = 1; res = -1; stacktrace=java.lang.Exception

06-22 19:39:39.860  1570  5491 I LSPosed-Bridge: 	at com.example.permlabel.requirePerm$1$2.afterHookedMethod(requirePerm.java:133)

06-22 19:39:39.860  1570  5491 I LSPosed-Bridge: 	at de.robv.android.xposed.XposedBridge$AdditionalHookInfo.callback(Unknown Source:147)

06-22 19:39:39.860  1570  5491 I LSPosed-Bridge: 	at LSPHooker_.checkPermission(Unknown Source:25)

06-22 19:39:39.860  1570  5491 I LSPosed-Bridge: 	at com.android.server.am.ActivityManagerService$PermissionController.checkPermission(ActivityManagerService.java:9248)

06-22 19:39:39.860  1570  5491 I LSPosed-Bridge: 	at android.os.IPermissionController$Stub.onTransact(IPermissionController.java:56)

06-22 19:39:39.860  1570  5491 I LSPosed-Bridge: 	at android.os.Binder.execTransact(Binder.java:731)

06-22 19:39:39.862  5278  6722 I LSPosed-Bridge: 5278 PermLabel 10122 android.permission.CAMERA open cameraId: 0; res= null; stacktrace=java.lang.Exception

06-22 19:39:39.862  5278  6722 I LSPosed-Bridge: 5278 PermLabel 10122 android.permission.CAMERA open cameraId: 0; res= null; stacktrace=java.lang.Exception

06-22 19:39:39.862  5278  6722 I LSPosed-Bridge: 	at com.example.permlabel.hookCamera$3.afterHookedMethod(hookCamera.java:49)

06-22 19:39:39.862  5278  6722 I LSPosed-Bridge: 	at com.example.permlabel.hookCamera$3.afterHookedMethod(hookCamera.java:49)

06-22 19:39:39.862  5278  6722 I LSPosed-Bridge: 	at de.robv.android.xposed.XposedBridge$AdditionalHookInfo.callback(Unknown Source:147)

06-22 19:39:39.862  5278  6722 I LSPosed-Bridge: 	at de.robv.android.xposed.XposedBridge$AdditionalHookInfo.callback(Unknown Source:147)

06-22 19:39:39.862  5278  6722 I LSPosed-Bridge: 	at LSPHooker_.open(Unknown Source:12)

06-22 19:39:39.862  5278  6722 I LSPosed-Bridge: 	at LSPHooker_.open(Unknown Source:12)

06-22 19:39:39.862  5278  6722 I LSPosed-Bridge: 	at org.chromium.media.VideoCaptureFactory.getDeviceSupportedFormats(chromium-Monochrome.aab-stable-573513121:13)

06-22 19:39:39.862  5278  6722 I LSPosed-Bridge: 	at org.chromium.media.VideoCaptureFactory.getDeviceSupportedFormats(chromium-Monochrome.aab-stable-573513121:13)

06-22 19:39:39.862  5278  6722 I chatty  : uid=10122(homeworkout.homeworkouts.noequipment) ThreadPoolSingl identical 1 line

06-22 19:39:39.862  5278  6722 I chatty  : uid=10122(homeworkout.homeworkouts.noequipment) ThreadPoolSingl identical 1 line

06-22 19:39:39.862  5278  6722 I LSPosed-Bridge: 5278 PermLabel 10122 android.permission.CAMERA open cameraId: 0; res= null; stacktrace=java.lang.Exception

06-22 19:39:39.862  5278  6722 I LSPosed-Bridge: 5278 PermLabel 10122 android.permission.CAMERA open cameraId: 0; res= null; stacktrace=java.lang.Exception

06-22 19:39:39.862  5278  6722 I LSPosed-Bridge: 	at com.example.permlabel.hookCamera$3.afterHookedMethod(hookCamera.java:49)

06-22 19:39:39.862  5278  6722 I LSPosed-Bridge: 	at com.example.permlabel.hookCamera$3.afterHookedMethod(hookCamera.java:49)

06-22 19:39:39.862  5278  6722 I LSPosed-Bridge: 	at de.robv.android.xposed.XposedBridge$AdditionalHookInfo.callback(Unknown Source:147)

06-22 19:39:39.862  5278  6722 I LSPosed-Bridge: 	at de.robv.android.xposed.XposedBridge$AdditionalHookInfo.callback(Unknown Source:147)

06-22 19:39:39.862  5278  6722 I LSPosed-Bridge: 	at LSPHooker_.open(Unknown Source:12)

06-22 19:39:39.862  5278  6722 I LSPosed-Bridge: 	at LSPHooker_.open(Unknown Source:12)

06-22 19:39:39.862  5278  6722 I LSPosed-Bridge: 	at org.chromium.media.VideoCaptureFactory.getDeviceSupportedFormats(chromium-Monochrome.aab-stable-573513121:13)

06-22 19:39:39.862  5278  6722 I LSPosed-Bridge: 	at org.chromium.media.VideoCaptureFactory.getDeviceSupportedFormats(chromium-Monochrome.aab-stable-573513121:13)

06-22 19:39:39.862  5278  6722 E cr_VideoCapture: Camera.open: 

06-22 19:39:39.862  5278  6722 E cr_VideoCapture: Camera.open: 

06-22 19:39:39.862  5278  6722 E cr_VideoCapture: java.lang.RuntimeException: Fail to connect to camera service

06-22 19:39:39.862  5278  6722 E cr_VideoCapture: java.lang.RuntimeException: Fail to connect to camera service

06-22 19:39:39.862  5278  6722 E cr_VideoCapture: 	at android.hardware.Camera.<init>(Camera.java:669)

06-22 19:39:39.862  5278  6722 E cr_VideoCapture: 	at android.hardware.Camera.<init>(Camera.java:669)

06-22 19:39:39.862  5278  6722 E cr_VideoCapture: 	at android.hardware.Camera.open(Camera.java:460)

06-22 19:39:39.862  5278  6722 E cr_VideoCapture: 	at android.hardware.Camera.open(Camera.java:460)

06-22 19:39:39.862  5278  6722 E cr_VideoCapture: 	at java.lang.reflect.Method.invoke(Native Method)

06-22 19:39:39.862  5278  6722 E cr_VideoCapture: 	at java.lang.reflect.Method.invoke(Native Method)

06-22 19:39:39.862  5278  6722 E cr_VideoCapture: 	at org.lsposed.lspd.nativebridge.HookBridge.invokeOriginalMethod(Native Method)

06-22 19:39:39.862  5278  6722 E cr_VideoCapture: 	at org.lsposed.lspd.nativebridge.HookBridge.invokeOriginalMethod(Native Method)

06-22 19:39:39.862  5278  6722 E cr_VideoCapture: 	at de.robv.android.xposed.XposedBridge$AdditionalHookInfo.callback(Unknown Source:110)

06-22 19:39:39.862  5278  6722 E cr_VideoCapture: 	at de.robv.android.xposed.XposedBridge$AdditionalHookInfo.callback(Unknown Source:110)

06-22 19:39:39.862  5278  6722 E cr_VideoCapture: 	at LSPHooker_.open(Unknown Source:12)

06-22 19:39:39.862  5278  6722 E cr_VideoCapture: 	at LSPHooker_.open(Unknown Source:12)

06-22 19:39:39.862  5278  6722 E cr_VideoCapture: 	at org.chromium.media.VideoCaptureFactory.getDeviceSupportedFormats(chromium-Monochrome.aab-stable-573513121:13)

06-22 19:39:39.862  5278  6722 E cr_VideoCapture: 	at org.chromium.media.VideoCaptureFactory.getDeviceSupportedFormats(chromium-Monochrome.aab-stable-573513121:13)

06-22 19:41:11.635  5278  6722 I LSPosed-Bridge: 5278 PermLabel 10122 android.permission.CAMERA getCameraInfo args0: 1; args1: android.hardware.Camera$CameraInfo@31e028d; res= null; stacktrace=java.lang.Exception

06-22 19:41:11.635  5278  6722 I LSPosed-Bridge: 	at com.example.permlabel.hookCamera$1.afterHookedMethod(hookCamera.java:21)

06-22 19:41:11.635  5278  6722 I LSPosed-Bridge: 	at de.robv.android.xposed.XposedBridge$AdditionalHookInfo.callback(Unknown Source:147)

06-22 19:41:11.635  5278  6722 I LSPosed-Bridge: 	at LSPHooker_.getCameraInfo(Unknown Source:15)

06-22 19:41:11.635  5278  6722 I LSPosed-Bridge: 	at z74.e(chromium-Monochrome.aab-stable-573513121:6)

06-22 19:41:11.635  5278  6722 I LSPosed-Bridge: 	at org.chromium.media.VideoCaptureFactory.getDeviceName(chromium-Monochrome.aab-stable-573513121:15)

06-22 19:41:11.635  5278  6722 I chatty  : uid=10122(homeworkout.homeworkouts.noequipment) ThreadPoolSingl identical 1 line

06-22 19:41:11.636  5278  6722 I LSPosed-Bridge: 5278 PermLabel 10122 android.permission.CAMERA getCameraInfo args0: 1; args1: android.hardware.Camera$CameraInfo@31e028d; res= null; stacktrace=java.lang.Exception

06-22 19:41:11.636  5278  6722 I LSPosed-Bridge: 	at com.example.permlabel.hookCamera$1.afterHookedMethod(hookCamera.java:21)

06-22 19:41:11.636  5278  6722 I LSPosed-Bridge: 	at de.robv.android.xposed.XposedBridge$AdditionalHookInfo.callback(Unknown Source:147)

06-22 19:41:11.636  5278  6722 I LSPosed-Bridge: 	at LSPHooker_.getCameraInfo(Unknown Source:15)

06-22 19:41:11.636  5278  6722 I LSPosed-Bridge: 	at z74.e(chromium-Monochrome.aab-stable-573513121:6)

06-22 19:41:11.636  5278  6722 I LSPosed-Bridge: 	at org.chromium.media.VideoCaptureFactory.getDeviceName(chromium-Monochrome.aab-stable-573513121:15)

06-22 19:41:11.662  5278  6722 I LSPosed-Bridge: 5278 PermLabel 10122 android.permission.CAMERA getCameraInfo args0: 1; args1: android.hardware.Camera$CameraInfo@3f53a89; res= null; stacktrace=java.lang.Exception

06-22 19:41:11.662  5278  6722 I LSPosed-Bridge: 	at com.example.permlabel.hookCamera$1.afterHookedMethod(hookCamera.java:21)

06-22 19:41:11.662  5278  6722 I LSPosed-Bridge: 	at de.robv.android.xposed.XposedBridge$AdditionalHookInfo.callback(Unknown Source:147)

06-22 19:41:11.662  5278  6722 I LSPosed-Bridge: 	at LSPHooker_.getCameraInfo(Unknown Source:15)

06-22 19:41:11.662  5278  6722 I LSPosed-Bridge: 	at z74.e(chromium-Monochrome.aab-stable-573513121:6)

06-22 19:41:11.662  5278  6722 I LSPosed-Bridge: 	at org.chromium.media.VideoCaptureFactory.getCaptureApiType(chromium-Monochrome.aab-stable-573513121:8)

06-22 19:41:11.663  5278  6722 I chatty  : uid=10122(homeworkout.homeworkouts.noequipment) ThreadPoolSingl identical 1 line

06-22 19:41:11.663  5278  6722 I LSPosed-Bridge: 5278 PermLabel 10122 android.permission.CAMERA getCameraInfo args0: 1; args1: android.hardware.Camera$CameraInfo@3f53a89; res= null; stacktrace=java.lang.Exception

06-22 19:41:11.663  5278  6722 I LSPosed-Bridge: 	at com.example.permlabel.hookCamera$1.afterHookedMethod(hookCamera.java:21)

06-22 19:41:11.663  5278  6722 I LSPosed-Bridge: 	at de.robv.android.xposed.XposedBridge$AdditionalHookInfo.callback(Unknown Source:147)

06-22 19:41:11.663  5278  6722 I LSPosed-Bridge: 	at LSPHooker_.getCameraInfo(Unknown Source:15)

06-22 19:41:11.663  5278  6722 I LSPosed-Bridge: 	at z74.e(chromium-Monochrome.aab-stable-573513121:6)

06-22 19:41:11.663  5278  6722 I LSPosed-Bridge: 	at org.chromium.media.VideoCaptureFactory.getCaptureApiType(chromium-Monochrome.aab-stable-573513121:8)

06-22 19:41:11.701  5278  6722 I LSPosed-Bridge: 5278 PermLabel 10122 android.permission.CAMERA getCameraInfo args0: 1; args1: android.hardware.Camera$CameraInfo@eedf645; res= null; stacktrace=java.lang.Exception

06-22 19:41:11.701  5278  6722 I LSPosed-Bridge: 	at com.example.permlabel.hookCamera$1.afterHookedMethod(hookCamera.java:21)

06-22 19:41:11.701  5278  6722 I LSPosed-Bridge: 	at de.robv.android.xposed.XposedBridge$AdditionalHookInfo.callback(Unknown Source:147)

06-22 19:41:11.701  5278  6722 I LSPosed-Bridge: 	at LSPHooker_.getCameraInfo(Unknown Source:15)

06-22 19:41:11.701  5278  6722 I LSPosed-Bridge: 	at z74.e(chromium-Monochrome.aab-stable-573513121:6)

06-22 19:41:11.701  5278  6722 I LSPosed-Bridge: 	at org.chromium.media.VideoCaptureFactory.getFacingMode(chromium-Monochrome.aab-stable-573513121:10)

06-22 19:41:11.701  5278  6722 I chatty  : uid=10122(homeworkout.homeworkouts.noequipment) ThreadPoolSingl identical 1 line

06-22 19:41:11.702  5278  6722 I LSPosed-Bridge: 5278 PermLabel 10122 android.permission.CAMERA getCameraInfo args0: 1; args1: android.hardware.Camera$CameraInfo@eedf645; res= null; stacktrace=java.lang.Exception

06-22 19:41:11.702  5278  6722 I LSPosed-Bridge: 	at com.example.permlabel.hookCamera$1.afterHookedMethod(hookCamera.java:21)

06-22 19:41:11.702  5278  6722 I LSPosed-Bridge: 	at de.robv.android.xposed.XposedBridge$AdditionalHookInfo.callback(Unknown Source:147)

06-22 19:41:11.702  5278  6722 I LSPosed-Bridge: 	at LSPHooker_.getCameraInfo(Unknown Source:15)

06-22 19:41:11.702  5278  6722 I LSPosed-Bridge: 	at z74.e(chromium-Monochrome.aab-stable-573513121:6)

06-22 19:41:11.702  5278  6722 I LSPosed-Bridge: 	at org.chromium.media.VideoCaptureFactory.getFacingMode(chromium-Monochrome.aab-stable-573513121:10)

06-22 19:41:11.734  5278  6722 I LSPosed-Bridge: 5278 PermLabel 10122 android.permission.CAMERA getCameraInfo args0: 0; args1: android.hardware.Camera$CameraInfo@206ad66; res= null; stacktrace=java.lang.Exception

06-22 19:41:11.734  5278  6722 I LSPosed-Bridge: 	at com.example.permlabel.hookCamera$1.afterHookedMethod(hookCamera.java:21)

06-22 19:41:11.734  5278  6722 I LSPosed-Bridge: 	at de.robv.android.xposed.XposedBridge$AdditionalHookInfo.callback(Unknown Source:147)

06-22 19:41:11.734  5278  6722 I LSPosed-Bridge: 	at LSPHooker_.getCameraInfo(Unknown Source:15)

06-22 19:41:11.734  5278  6722 I LSPosed-Bridge: 	at z74.e(chromium-Monochrome.aab-stable-573513121:6)

06-22 19:41:11.734  5278  6722 I LSPosed-Bridge: 	at org.chromium.media.VideoCaptureFactory.getDeviceName(chromium-Monochrome.aab-stable-573513121:15)

06-22 19:41:11.734  5278  6722 I chatty  : uid=10122(homeworkout.homeworkouts.noequipment) ThreadPoolSingl identical 1 line

06-22 19:41:11.735  5278  6722 I LSPosed-Bridge: 5278 PermLabel 10122 android.permission.CAMERA getCameraInfo args0: 0; args1: android.hardware.Camera$CameraInfo@206ad66; res= null; stacktrace=java.lang.Exception

06-22 19:41:11.735  5278  6722 I LSPosed-Bridge: 	at com.example.permlabel.hookCamera$1.afterHookedMethod(hookCamera.java:21)

06-22 19:41:11.735  5278  6722 I LSPosed-Bridge: 	at de.robv.android.xposed.XposedBridge$AdditionalHookInfo.callback(Unknown Source:147)

06-22 19:41:11.735  5278  6722 I LSPosed-Bridge: 	at LSPHooker_.getCameraInfo(Unknown Source:15)

06-22 19:41:11.735  5278  6722 I LSPosed-Bridge: 	at z74.e(chromium-Monochrome.aab-stable-573513121:6)

06-22 19:41:11.735  5278  6722 I LSPosed-Bridge: 	at org.chromium.media.VideoCaptureFactory.getDeviceName(chromium-Monochrome.aab-stable-573513121:15)

06-22 19:41:11.757  5278  6722 I LSPosed-Bridge: 5278 PermLabel 10122 android.permission.CAMERA getCameraInfo args0: 0; args1: android.hardware.Camera$CameraInfo@92c9843; res= null; stacktrace=java.lang.Exception

06-22 19:41:11.757  5278  6722 I LSPosed-Bridge: 	at com.example.permlabel.hookCamera$1.afterHookedMethod(hookCamera.java:21)

06-22 19:41:11.757  5278  6722 I LSPosed-Bridge: 	at de.robv.android.xposed.XposedBridge$AdditionalHookInfo.callback(Unknown Source:147)

06-22 19:41:11.757  5278  6722 I LSPosed-Bridge: 	at LSPHooker_.getCameraInfo(Unknown Source:15)

06-22 19:41:11.757  5278  6722 I LSPosed-Bridge: 	at z74.e(chromium-Monochrome.aab-stable-573513121:6)

06-22 19:41:11.757  5278  6722 I LSPosed-Bridge: 	at org.chromium.media.VideoCaptureFactory.getCaptureApiType(chromium-Monochrome.aab-stable-573513121:8)

06-22 19:41:11.757  5278  6722 I chatty  : uid=10122(homeworkout.homeworkouts.noequipment) ThreadPoolSingl identical 1 line

06-22 19:41:11.758  5278  6722 I LSPosed-Bridge: 5278 PermLabel 10122 android.permission.CAMERA getCameraInfo args0: 0; args1: android.hardware.Camera$CameraInfo@92c9843; res= null; stacktrace=java.lang.Exception

06-22 19:41:11.758  5278  6722 I LSPosed-Bridge: 	at com.example.permlabel.hookCamera$1.afterHookedMethod(hookCamera.java:21)

06-22 19:41:11.758  5278  6722 I LSPosed-Bridge: 	at de.robv.android.xposed.XposedBridge$AdditionalHookInfo.callback(Unknown Source:147)

06-22 19:41:11.758  5278  6722 I LSPosed-Bridge: 	at LSPHooker_.getCameraInfo(Unknown Source:15)

06-22 19:41:11.758  5278  6722 I LSPosed-Bridge: 	at z74.e(chromium-Monochrome.aab-stable-573513121:6)

06-22 19:41:11.758  5278  6722 I LSPosed-Bridge: 	at org.chromium.media.VideoCaptureFactory.getCaptureApiType(chromium-Monochrome.aab-stable-573513121:8)

06-22 19:41:11.800  5278  6722 I LSPosed-Bridge: 5278 PermLabel 10122 android.permission.CAMERA getCameraInfo args0: 0; args1: android.hardware.Camera$CameraInfo@2eeb169; res= null; stacktrace=java.lang.Exception

06-22 19:41:11.800  5278  6722 I LSPosed-Bridge: 	at com.example.permlabel.hookCamera$1.afterHookedMethod(hookCamera.java:21)

06-22 19:41:11.800  5278  6722 I LSPosed-Bridge: 	at de.robv.android.xposed.XposedBridge$AdditionalHookInfo.callback(Unknown Source:147)

06-22 19:41:11.800  5278  6722 I LSPosed-Bridge: 	at LSPHooker_.getCameraInfo(Unknown Source:15)

06-22 19:41:11.800  5278  6722 I LSPosed-Bridge: 	at z74.e(chromium-Monochrome.aab-stable-573513121:6)

06-22 19:41:11.800  5278  6722 I LSPosed-Bridge: 	at org.chromium.media.VideoCaptureFactory.getFacingMode(chromium-Monochrome.aab-stable-573513121:10)

06-22 19:41:11.801  5278  6722 I chatty  : uid=10122(homeworkout.homeworkouts.noequipment) ThreadPoolSingl identical 1 line

06-22 19:41:11.801  5278  6722 I LSPosed-Bridge: 5278 PermLabel 10122 android.permission.CAMERA getCameraInfo args0: 0; args1: android.hardware.Camera$CameraInfo@2eeb169; res= null; stacktrace=java.lang.Exception

06-22 19:41:11.801  5278  6722 I LSPosed-Bridge: 	at com.example.permlabel.hookCamera$1.afterHookedMethod(hookCamera.java:21)

06-22 19:41:11.801  5278  6722 I LSPosed-Bridge: 	at de.robv.android.xposed.XposedBridge$AdditionalHookInfo.callback(Unknown Source:147)

06-22 19:41:11.801  5278  6722 I LSPosed-Bridge: 	at LSPHooker_.getCameraInfo(Unknown Source:15)

06-22 19:41:11.801  5278  6722 I LSPosed-Bridge: 	at z74.e(chromium-Monochrome.aab-stable-573513121:6)

06-22 19:41:11.801  5278  6722 I LSPosed-Bridge: 	at org.chromium.media.VideoCaptureFactory.getFacingMode(chromium-Monochrome.aab-stable-573513121:10)

06-22 19:42:01.620  5278  6722 I LSPosed-Bridge: 5278 PermLabel 10122 android.permission.CAMERA getCameraInfo args0: 1; args1: android.hardware.Camera$CameraInfo@18b23fb; res= null; stacktrace=java.lang.Exception

06-22 19:42:01.620  5278  6722 I LSPosed-Bridge: 5278 PermLabel 10122 android.permission.CAMERA getCameraInfo args0: 1; args1: android.hardware.Camera$CameraInfo@18b23fb; res= null; stacktrace=java.lang.Exception

06-22 19:42:01.620  5278  6722 I LSPosed-Bridge: 	at com.example.permlabel.hookCamera$1.afterHookedMethod(hookCamera.java:21)

06-22 19:42:01.620  5278  6722 I LSPosed-Bridge: 	at com.example.permlabel.hookCamera$1.afterHookedMethod(hookCamera.java:21)

06-22 19:42:01.620  5278  6722 I LSPosed-Bridge: 	at de.robv.android.xposed.XposedBridge$AdditionalHookInfo.callback(Unknown Source:147)

06-22 19:42:01.620  5278  6722 I LSPosed-Bridge: 	at de.robv.android.xposed.XposedBridge$AdditionalHookInfo.callback(Unknown Source:147)

06-22 19:42:01.620  5278  6722 I LSPosed-Bridge: 	at LSPHooker_.getCameraInfo(Unknown Source:15)

06-22 19:42:01.620  5278  6722 I LSPosed-Bridge: 	at LSPHooker_.getCameraInfo(Unknown Source:15)

06-22 19:42:01.620  5278  6722 I LSPosed-Bridge: 	at z74.e(chromium-Monochrome.aab-stable-573513121:6)

06-22 19:42:01.620  5278  6722 I LSPosed-Bridge: 	at z74.e(chromium-Monochrome.aab-stable-573513121:6)

06-22 19:42:01.620  5278  6722 I LSPosed-Bridge: 	at org.chromium.media.VideoCaptureFactory.getDeviceName(chromium-Monochrome.aab-stable-573513121:15)

06-22 19:42:01.620  5278  6722 I LSPosed-Bridge: 	at org.chromium.media.VideoCaptureFactory.getDeviceName(chromium-Monochrome.aab-stable-573513121:15)

06-22 19:42:01.620  5278  6722 I chatty  : uid=10122(homeworkout.homeworkouts.noequipment) ThreadPoolSingl identical 1 line

06-22 19:42:01.620  5278  6722 I chatty  : uid=10122(homeworkout.homeworkouts.noequipment) ThreadPoolSingl identical 1 line

06-22 19:42:01.620  5278  6722 I LSPosed-Bridge: 5278 PermLabel 10122 android.permission.CAMERA getCameraInfo args0: 1; args1: android.hardware.Camera$CameraInfo@18b23fb; res= null; stacktrace=java.lang.Exception

06-22 19:42:01.620  5278  6722 I LSPosed-Bridge: 5278 PermLabel 10122 android.permission.CAMERA getCameraInfo args0: 1; args1: android.hardware.Camera$CameraInfo@18b23fb; res= null; stacktrace=java.lang.Exception

06-22 19:42:01.620  5278  6722 I LSPosed-Bridge: 	at com.example.permlabel.hookCamera$1.afterHookedMethod(hookCamera.java:21)

06-22 19:42:01.620  5278  6722 I LSPosed-Bridge: 	at com.example.permlabel.hookCamera$1.afterHookedMethod(hookCamera.java:21)

06-22 19:42:01.620  5278  6722 I LSPosed-Bridge: 	at de.robv.android.xposed.XposedBridge$AdditionalHookInfo.callback(Unknown Source:147)

06-22 19:42:01.620  5278  6722 I LSPosed-Bridge: 	at de.robv.android.xposed.XposedBridge$AdditionalHookInfo.callback(Unknown Source:147)

06-22 19:42:01.620  5278  6722 I LSPosed-Bridge: 	at LSPHooker_.getCameraInfo(Unknown Source:15)

06-22 19:42:01.620  5278  6722 I LSPosed-Bridge: 	at LSPHooker_.getCameraInfo(Unknown Source:15)

06-22 19:42:01.620  5278  6722 I LSPosed-Bridge: 	at z74.e(chromium-Monochrome.aab-stable-573513121:6)

06-22 19:42:01.620  5278  6722 I LSPosed-Bridge: 	at z74.e(chromium-Monochrome.aab-stable-573513121:6)

06-22 19:42:01.620  5278  6722 I LSPosed-Bridge: 	at org.chromium.media.VideoCaptureFactory.getDeviceName(chromium-Monochrome.aab-stable-573513121:15)

06-22 19:42:01.620  5278  6722 I LSPosed-Bridge: 	at org.chromium.media.VideoCaptureFactory.getDeviceName(chromium-Monochrome.aab-stable-573513121:15)

06-22 19:42:01.642  5278  6722 I LSPosed-Bridge: 5278 PermLabel 10122 android.permission.CAMERA getCameraInfo args0: 1; args1: android.hardware.Camera$CameraInfo@86368ad; res= null; stacktrace=java.lang.Exception

06-22 19:42:01.642  5278  6722 I LSPosed-Bridge: 	at com.example.permlabel.hookCamera$1.afterHookedMethod(hookCamera.java:21)

06-22 19:42:01.642  5278  6722 I LSPosed-Bridge: 	at de.robv.android.xposed.XposedBridge$AdditionalHookInfo.callback(Unknown Source:147)

06-22 19:42:01.642  5278  6722 I LSPosed-Bridge: 	at LSPHooker_.getCameraInfo(Unknown Source:15)

06-22 19:42:01.642  5278  6722 I LSPosed-Bridge: 	at z74.e(chromium-Monochrome.aab-stable-573513121:6)

06-22 19:42:01.642  5278  6722 I LSPosed-Bridge: 	at org.chromium.media.VideoCaptureFactory.getCaptureApiType(chromium-Monochrome.aab-stable-573513121:8)

06-22 19:42:01.643  5278  6722 I chatty  : uid=10122(homeworkout.homeworkouts.noequipment) ThreadPoolSingl identical 1 line

06-22 19:42:01.643  5278  6722 I LSPosed-Bridge: 5278 PermLabel 10122 android.permission.CAMERA getCameraInfo args0: 1; args1: android.hardware.Camera$CameraInfo@86368ad; res= null; stacktrace=java.lang.Exception

06-22 19:42:01.643  5278  6722 I LSPosed-Bridge: 	at com.example.permlabel.hookCamera$1.afterHookedMethod(hookCamera.java:21)

06-22 19:42:01.643  5278  6722 I LSPosed-Bridge: 	at de.robv.android.xposed.XposedBridge$AdditionalHookInfo.callback(Unknown Source:147)

06-22 19:42:01.643  5278  6722 I LSPosed-Bridge: 	at LSPHooker_.getCameraInfo(Unknown Source:15)

06-22 19:42:01.643  5278  6722 I LSPosed-Bridge: 	at z74.e(chromium-Monochrome.aab-stable-573513121:6)

06-22 19:42:01.643  5278  6722 I LSPosed-Bridge: 	at org.chromium.media.VideoCaptureFactory.getCaptureApiType(chromium-Monochrome.aab-stable-573513121:8)

06-22 19:42:01.643   551   551 I ConfigStore: android::hardware::configstore::V1_0::ISurfaceFlingerConfigs::hasHDRDisplay retrieved: 0

06-22 19:42:01.661   551   551 I ConfigStore: android::hardware::configstore::V1_0::ISurfaceFlingerConfigs::hasHDRDisplay retrieved: 0

06-22 19:42:01.661  5278  6722 I LSPosed-Bridge: 5278 PermLabel 10122 android.permission.CAMERA getCameraInfo args0: 1; args1: android.hardware.Camera$CameraInfo@ffae2a9; res= null; stacktrace=java.lang.Exception

06-22 19:42:01.661  5278  6722 I LSPosed-Bridge: 	at com.example.permlabel.hookCamera$1.afterHookedMethod(hookCamera.java:21)

06-22 19:42:01.661  5278  6722 I LSPosed-Bridge: 	at de.robv.android.xposed.XposedBridge$AdditionalHookInfo.callback(Unknown Source:147)

06-22 19:42:01.661  5278  6722 I LSPosed-Bridge: 	at LSPHooker_.getCameraInfo(Unknown Source:15)

06-22 19:42:01.661  5278  6722 I LSPosed-Bridge: 	at z74.e(chromium-Monochrome.aab-stable-573513121:6)

06-22 19:42:01.661  5278  6722 I LSPosed-Bridge: 	at org.chromium.media.VideoCaptureFactory.getFacingMode(chromium-Monochrome.aab-stable-573513121:10)

06-22 19:42:01.662   551   551 I ConfigStore: android::hardware::configstore::V1_0::ISurfaceFlingerConfigs::hasHDRDisplay retrieved: 0

06-22 19:42:01.662   551   551 I ConfigStore: android::hardware::configstore::V1_0::ISurfaceFlingerConfigs::hasHDRDisplay retrieved: 0

06-22 19:42:01.662  5278  6722 I LSPosed-Bridge: 5278 PermLabel 10122 android.permission.CAMERA getCameraInfo args0: 1; args1: android.hardware.Camera$CameraInfo@ffae2a9; res= null; stacktrace=java.lang.Exception

06-22 19:42:01.662  5278  6722 I LSPosed-Bridge: 5278 PermLabel 10122 android.permission.CAMERA getCameraInfo args0: 1; args1: android.hardware.Camera$CameraInfo@ffae2a9; res= null; stacktrace=java.lang.Exception

06-22 19:42:01.662  5278  6722 I LSPosed-Bridge: 	at com.example.permlabel.hookCamera$1.afterHookedMethod(hookCamera.java:21)

06-22 19:42:01.662  5278  6722 I LSPosed-Bridge: 	at com.example.permlabel.hookCamera$1.afterHookedMethod(hookCamera.java:21)

06-22 19:42:01.662  5278  6722 I LSPosed-Bridge: 	at de.robv.android.xposed.XposedBridge$AdditionalHookInfo.callback(Unknown Source:147)

06-22 19:42:01.662  5278  6722 I LSPosed-Bridge: 	at de.robv.android.xposed.XposedBridge$AdditionalHookInfo.callback(Unknown Source:147)

06-22 19:42:01.662  5278  6722 I LSPosed-Bridge: 	at LSPHooker_.getCameraInfo(Unknown Source:15)

06-22 19:42:01.662  5278  6722 I LSPosed-Bridge: 	at LSPHooker_.getCameraInfo(Unknown Source:15)

06-22 19:42:01.662  5278  6722 I LSPosed-Bridge: 	at z74.e(chromium-Monochrome.aab-stable-573513121:6)

06-22 19:42:01.662  5278  6722 I LSPosed-Bridge: 	at z74.e(chromium-Monochrome.aab-stable-573513121:6)

06-22 19:42:01.662  5278  6722 I LSPosed-Bridge: 	at org.chromium.media.VideoCaptureFactory.getFacingMode(chromium-Monochrome.aab-stable-573513121:10)

06-22 19:42:01.662  5278  6722 I LSPosed-Bridge: 	at org.chromium.media.VideoCaptureFactory.getFacingMode(chromium-Monochrome.aab-stable-573513121:10)

06-22 19:42:01.662  5278  6722 I LSPosed-Bridge: 5278 PermLabel 10122 android.permission.CAMERA getCameraInfo args0: 1; args1: android.hardware.Camera$CameraInfo@ffae2a9; res= null; stacktrace=java.lang.Exception

06-22 19:42:01.662  5278  6722 I LSPosed-Bridge: 5278 PermLabel 10122 android.permission.CAMERA getCameraInfo args0: 1; args1: android.hardware.Camera$CameraInfo@ffae2a9; res= null; stacktrace=java.lang.Exception

06-22 19:42:01.662  5278  6722 I LSPosed-Bridge: 	at com.example.permlabel.hookCamera$1.afterHookedMethod(hookCamera.java:21)

06-22 19:42:01.662  5278  6722 I LSPosed-Bridge: 	at com.example.permlabel.hookCamera$1.afterHookedMethod(hookCamera.java:21)

06-22 19:42:01.662  5278  6722 I LSPosed-Bridge: 	at de.robv.android.xposed.XposedBridge$AdditionalHookInfo.callback(Unknown Source:147)

06-22 19:42:01.662  5278  6722 I LSPosed-Bridge: 	at de.robv.android.xposed.XposedBridge$AdditionalHookInfo.callback(Unknown Source:147)

06-22 19:42:01.662  5278  6722 I LSPosed-Bridge: 	at LSPHooker_.getCameraInfo(Unknown Source:15)

06-22 19:42:01.662  5278  6722 I LSPosed-Bridge: 	at LSPHooker_.getCameraInfo(Unknown Source:15)

06-22 19:42:01.662  5278  6722 I LSPosed-Bridge: 	at z74.e(chromium-Monochrome.aab-stable-573513121:6)

06-22 19:42:01.662  5278  6722 I LSPosed-Bridge: 	at z74.e(chromium-Monochrome.aab-stable-573513121:6)

06-22 19:42:01.662  5278  6722 I LSPosed-Bridge: 	at org.chromium.media.VideoCaptureFactory.getFacingMode(chromium-Monochrome.aab-stable-573513121:10)

06-22 19:42:01.662  5278  6722 I LSPosed-Bridge: 	at org.chromium.media.VideoCaptureFactory.getFacingMode(chromium-Monochrome.aab-stable-573513121:10)

06-22 19:42:01.673  5278  6722 I LSPosed-Bridge: 5278 PermLabel 10122 android.permission.CAMERA getCameraInfo args0: 0; args1: android.hardware.Camera$CameraInfo@a760065; res= null; stacktrace=java.lang.Exception

06-22 19:42:01.673  5278  6722 I LSPosed-Bridge: 	at com.example.permlabel.hookCamera$1.afterHookedMethod(hookCamera.java:21)

06-22 19:42:01.673  5278  6722 I LSPosed-Bridge: 	at de.robv.android.xposed.XposedBridge$AdditionalHookInfo.callback(Unknown Source:147)

06-22 19:42:01.673  5278  6722 I LSPosed-Bridge: 	at LSPHooker_.getCameraInfo(Unknown Source:15)

06-22 19:42:01.673  5278  6722 I LSPosed-Bridge: 	at z74.e(chromium-Monochrome.aab-stable-573513121:6)

06-22 19:42:01.673  5278  6722 I LSPosed-Bridge: 	at org.chromium.media.VideoCaptureFactory.getDeviceName(chromium-Monochrome.aab-stable-573513121:15)

06-22 19:42:01.674  5278  6722 I chatty  : uid=10122(homeworkout.homeworkouts.noequipment) ThreadPoolSingl identical 1 line

06-22 19:42:01.674  5278  6722 I LSPosed-Bridge: 5278 PermLabel 10122 android.permission.CAMERA getCameraInfo args0: 0; args1: android.hardware.Camera$CameraInfo@a760065; res= null; stacktrace=java.lang.Exception

06-22 19:42:01.674  5278  6722 I LSPosed-Bridge: 	at com.example.permlabel.hookCamera$1.afterHookedMethod(hookCamera.java:21)

06-22 19:42:01.674  5278  6722 I LSPosed-Bridge: 	at de.robv.android.xposed.XposedBridge$AdditionalHookInfo.callback(Unknown Source:147)

06-22 19:42:01.674  5278  6722 I LSPosed-Bridge: 	at LSPHooker_.getCameraInfo(Unknown Source:15)

06-22 19:42:01.674  5278  6722 I LSPosed-Bridge: 	at z74.e(chromium-Monochrome.aab-stable-573513121:6)

06-22 19:42:01.674  5278  6722 I LSPosed-Bridge: 	at org.chromium.media.VideoCaptureFactory.getDeviceName(chromium-Monochrome.aab-stable-573513121:15)

