06-22 19:47:45.031  5278  6722 I LSPosed-Bridge: 	at de.robv.android.xposed.XposedBridge$AdditionalHookInfo.callback(Unknown Source:147)

06-22 19:47:45.031  5278  6722 I LSPosed-Bridge: 	at de.robv.android.xposed.XposedBridge$AdditionalHookInfo.callback(Unknown Source:147)

06-22 19:47:45.031  5278  6722 I LSPosed-Bridge: 	at de.robv.android.xposed.XposedBridge$AdditionalHookInfo.callback(Unknown Source:147)

06-22 19:47:45.031  5278  6722 I LSPosed-Bridge: 	at LSPHooker_.getCameraInfo(Unknown Source:15)

06-22 19:47:45.031  5278  6722 I LSPosed-Bridge: 	at LSPHooker_.getCameraInfo(Unknown Source:15)

06-22 19:47:45.031  5278  6722 I LSPosed-Bridge: 	at LSPHooker_.getCameraInfo(Unknown Source:15)

06-22 19:47:45.031  5278  6722 I LSPosed-Bridge: 	at z74.e(chromium-Monochrome.aab-stable-573513121:6)

06-22 19:47:45.031  5278  6722 I LSPosed-Bridge: 	at z74.e(chromium-Monochrome.aab-stable-573513121:6)

06-22 19:47:45.031  5278  6722 I LSPosed-Bridge: 	at z74.e(chromium-Monochrome.aab-stable-573513121:6)

06-22 19:47:45.031  5278  6722 I LSPosed-Bridge: 	at org.chromium.media.VideoCaptureFactory.getFacingMode(chromium-Monochrome.aab-stable-573513121:10)

06-22 19:47:45.031  5278  6722 I LSPosed-Bridge: 	at org.chromium.media.VideoCaptureFactory.getFacingMode(chromium-Monochrome.aab-stable-573513121:10)

06-22 19:47:45.031  5278  6722 I LSPosed-Bridge: 	at org.chromium.media.VideoCaptureFactory.getFacingMode(chromium-Monochrome.aab-stable-573513121:10)

06-22 19:47:45.031   551   551 I ConfigStore: android::hardware::configstore::V1_0::ISurfaceFlingerConfigs::hasHDRDisplay retrieved: 0

06-22 19:47:45.031   551   551 I ConfigStore: android::hardware::configstore::V1_0::ISurfaceFlingerConfigs::hasHDRDisplay retrieved: 0

06-22 19:47:45.031   551   551 I ConfigStore: android::hardware::configstore::V1_0::ISurfaceFlingerConfigs::hasHDRDisplay retrieved: 0

06-22 19:47:45.031  5278  6722 I LSPosed-Bridge: 5278 PermLabel 10122 android.permission.CAMERA getCameraInfo args0: 1; args1: android.hardware.Camera$CameraInfo@96e1c96; res= null; stacktrace=java.lang.Exception

06-22 19:47:45.031  5278  6722 I LSPosed-Bridge: 5278 PermLabel 10122 android.permission.CAMERA getCameraInfo args0: 1; args1: android.hardware.Camera$CameraInfo@96e1c96; res= null; stacktrace=java.lang.Exception

06-22 19:47:45.031  5278  6722 I LSPosed-Bridge: 5278 PermLabel 10122 android.permission.CAMERA getCameraInfo args0: 1; args1: android.hardware.Camera$CameraInfo@96e1c96; res= null; stacktrace=java.lang.Exception

06-22 19:47:45.031  5278  6722 I LSPosed-Bridge: 	at com.example.permlabel.hookCamera$1.afterHookedMethod(hookCamera.java:21)

06-22 19:47:45.031  5278  6722 I LSPosed-Bridge: 	at com.example.permlabel.hookCamera$1.afterHookedMethod(hookCamera.java:21)

06-22 19:47:45.031  5278  6722 I LSPosed-Bridge: 	at com.example.permlabel.hookCamera$1.afterHookedMethod(hookCamera.java:21)

06-22 19:47:45.031  5278  6722 I LSPosed-Bridge: 	at de.robv.android.xposed.XposedBridge$AdditionalHookInfo.callback(Unknown Source:147)

06-22 19:47:45.031  5278  6722 I LSPosed-Bridge: 	at de.robv.android.xposed.XposedBridge$AdditionalHookInfo.callback(Unknown Source:147)

06-22 19:47:45.031  5278  6722 I LSPosed-Bridge: 	at de.robv.android.xposed.XposedBridge$AdditionalHookInfo.callback(Unknown Source:147)

06-22 19:47:45.031  5278  6722 I LSPosed-Bridge: 	at LSPHooker_.getCameraInfo(Unknown Source:15)

06-22 19:47:45.031  5278  6722 I LSPosed-Bridge: 	at LSPHooker_.getCameraInfo(Unknown Source:15)

06-22 19:47:45.031  5278  6722 I LSPosed-Bridge: 	at LSPHooker_.getCameraInfo(Unknown Source:15)

06-22 19:47:45.031  5278  6722 I LSPosed-Bridge: 	at z74.e(chromium-Monochrome.aab-stable-573513121:6)

06-22 19:47:45.031  5278  6722 I LSPosed-Bridge: 	at z74.e(chromium-Monochrome.aab-stable-573513121:6)

06-22 19:47:45.031  5278  6722 I LSPosed-Bridge: 	at z74.e(chromium-Monochrome.aab-stable-573513121:6)

06-22 19:47:45.031  5278  6722 I LSPosed-Bridge: 	at org.chromium.media.VideoCaptureFactory.getFacingMode(chromium-Monochrome.aab-stable-573513121:10)

06-22 19:47:45.031  5278  6722 I LSPosed-Bridge: 	at org.chromium.media.VideoCaptureFactory.getFacingMode(chromium-Monochrome.aab-stable-573513121:10)

06-22 19:47:45.031  5278  6722 I LSPosed-Bridge: 	at org.chromium.media.VideoCaptureFactory.getFacingMode(chromium-Monochrome.aab-stable-573513121:10)

06-22 19:47:45.042  5278  6722 I LSPosed-Bridge: 5278 PermLabel 10122 android.permission.CAMERA getCameraInfo args0: 0; args1: android.hardware.Camera$CameraInfo@6676c22; res= null; stacktrace=java.lang.Exception

06-22 19:47:45.042  5278  6722 I LSPosed-Bridge: 	at com.example.permlabel.hookCamera$1.afterHookedMethod(hookCamera.java:21)

06-22 19:47:45.042  5278  6722 I LSPosed-Bridge: 	at de.robv.android.xposed.XposedBridge$AdditionalHookInfo.callback(Unknown Source:147)

06-22 19:47:45.042  5278  6722 I LSPosed-Bridge: 	at LSPHooker_.getCameraInfo(Unknown Source:15)

06-22 19:47:45.042  5278  6722 I LSPosed-Bridge: 	at z74.e(chromium-Monochrome.aab-stable-573513121:6)

06-22 19:47:45.042  5278  6722 I LSPosed-Bridge: 	at org.chromium.media.VideoCaptureFactory.getDeviceName(chromium-Monochrome.aab-stable-573513121:15)

06-22 19:47:45.043  5278  6722 I chatty  : uid=10122(homeworkout.homeworkouts.noequipment) ThreadPoolSingl identical 1 line

06-22 19:47:45.043  5278  6722 I LSPosed-Bridge: 5278 PermLabel 10122 android.permission.CAMERA getCameraInfo args0: 0; args1: android.hardware.Camera$CameraInfo@6676c22; res= null; stacktrace=java.lang.Exception

06-22 19:47:45.043  5278  6722 I LSPosed-Bridge: 	at com.example.permlabel.hookCamera$1.afterHookedMethod(hookCamera.java:21)

06-22 19:47:45.043  5278  6722 I LSPosed-Bridge: 	at de.robv.android.xposed.XposedBridge$AdditionalHookInfo.callback(Unknown Source:147)

06-22 19:47:45.043  5278  6722 I LSPosed-Bridge: 	at LSPHooker_.getCameraInfo(Unknown Source:15)

06-22 19:47:45.043  5278  6722 I LSPosed-Bridge: 	at z74.e(chromium-Monochrome.aab-stable-573513121:6)

06-22 19:47:45.043  5278  6722 I LSPosed-Bridge: 	at org.chromium.media.VideoCaptureFactory.getDeviceName(chromium-Monochrome.aab-stable-573513121:15)

06-22 19:47:45.059  5278  6722 I LSPosed-Bridge: 5278 PermLabel 10122 android.permission.CAMERA getCameraInfo args0: 0; args1: android.hardware.Camera$CameraInfo@6b4286e; res= null; stacktrace=java.lang.Exception

06-22 19:47:45.059  5278  6722 I LSPosed-Bridge: 5278 PermLabel 10122 android.permission.CAMERA getCameraInfo args0: 0; args1: android.hardware.Camera$CameraInfo@6b4286e; res= null; stacktrace=java.lang.Exception

06-22 19:47:45.059  5278  6722 I LSPosed-Bridge: 	at com.example.permlabel.hookCamera$1.afterHookedMethod(hookCamera.java:21)

06-22 19:47:45.059  5278  6722 I LSPosed-Bridge: 	at com.example.permlabel.hookCamera$1.afterHookedMethod(hookCamera.java:21)

06-22 19:47:45.059  5278  6722 I LSPosed-Bridge: 	at de.robv.android.xposed.XposedBridge$AdditionalHookInfo.callback(Unknown Source:147)

06-22 19:47:45.059  5278  6722 I LSPosed-Bridge: 	at de.robv.android.xposed.XposedBridge$AdditionalHookInfo.callback(Unknown Source:147)

06-22 19:47:45.059  5278  6722 I LSPosed-Bridge: 	at LSPHooker_.getCameraInfo(Unknown Source:15)

06-22 19:47:45.059  5278  6722 I LSPosed-Bridge: 	at LSPHooker_.getCameraInfo(Unknown Source:15)

06-22 19:47:45.059  5278  6722 I LSPosed-Bridge: 	at z74.e(chromium-Monochrome.aab-stable-573513121:6)

06-22 19:47:45.059  5278  6722 I LSPosed-Bridge: 	at z74.e(chromium-Monochrome.aab-stable-573513121:6)

06-22 19:47:45.059  5278  6722 I LSPosed-Bridge: 	at org.chromium.media.VideoCaptureFactory.getCaptureApiType(chromium-Monochrome.aab-stable-573513121:8)

06-22 19:47:45.059  5278  6722 I LSPosed-Bridge: 	at org.chromium.media.VideoCaptureFactory.getCaptureApiType(chromium-Monochrome.aab-stable-573513121:8)

06-22 19:47:45.059  5278  6722 I chatty  : uid=10122(homeworkout.homeworkouts.noequipment) ThreadPoolSingl identical 1 line

06-22 19:47:45.059  5278  6722 I chatty  : uid=10122(homeworkout.homeworkouts.noequipment) ThreadPoolSingl identical 1 line

06-22 19:47:45.059  5278  6722 I LSPosed-Bridge: 5278 PermLabel 10122 android.permission.CAMERA getCameraInfo args0: 0; args1: android.hardware.Camera$CameraInfo@6b4286e; res= null; stacktrace=java.lang.Exception

06-22 19:47:45.059  5278  6722 I LSPosed-Bridge: 5278 PermLabel 10122 android.permission.CAMERA getCameraInfo args0: 0; args1: android.hardware.Camera$CameraInfo@6b4286e; res= null; stacktrace=java.lang.Exception

06-22 19:47:45.059  5278  6722 I LSPosed-Bridge: 	at com.example.permlabel.hookCamera$1.afterHookedMethod(hookCamera.java:21)

06-22 19:47:45.059  5278  6722 I LSPosed-Bridge: 	at com.example.permlabel.hookCamera$1.afterHookedMethod(hookCamera.java:21)

06-22 19:47:45.059  5278  6722 I LSPosed-Bridge: 	at de.robv.android.xposed.XposedBridge$AdditionalHookInfo.callback(Unknown Source:147)

06-22 19:47:45.059  5278  6722 I LSPosed-Bridge: 	at de.robv.android.xposed.XposedBridge$AdditionalHookInfo.callback(Unknown Source:147)

06-22 19:47:45.059  5278  6722 I LSPosed-Bridge: 	at LSPHooker_.getCameraInfo(Unknown Source:15)

06-22 19:47:45.059  5278  6722 I LSPosed-Bridge: 	at LSPHooker_.getCameraInfo(Unknown Source:15)

06-22 19:47:45.059  5278  6722 I LSPosed-Bridge: 	at z74.e(chromium-Monochrome.aab-stable-573513121:6)

06-22 19:47:45.059  5278  6722 I LSPosed-Bridge: 	at z74.e(chromium-Monochrome.aab-stable-573513121:6)

06-22 19:47:45.059  5278  6722 I LSPosed-Bridge: 	at org.chromium.media.VideoCaptureFactory.getCaptureApiType(chromium-Monochrome.aab-stable-573513121:8)

06-22 19:47:45.059  5278  6722 I LSPosed-Bridge: 	at org.chromium.media.VideoCaptureFactory.getCaptureApiType(chromium-Monochrome.aab-stable-573513121:8)

06-22 19:47:45.070  5278  6722 I LSPosed-Bridge: 5278 PermLabel 10122 android.permission.CAMERA getCameraInfo args0: 0; args1: android.hardware.Camera$CameraInfo@efe5d7a; res= null; stacktrace=java.lang.Exception

06-22 19:47:45.070  5278  6722 I LSPosed-Bridge: 5278 PermLabel 10122 android.permission.CAMERA getCameraInfo args0: 0; args1: android.hardware.Camera$CameraInfo@efe5d7a; res= null; stacktrace=java.lang.Exception

06-22 19:47:45.070  5278  6722 I LSPosed-Bridge: 	at com.example.permlabel.hookCamera$1.afterHookedMethod(hookCamera.java:21)

06-22 19:47:45.070  5278  6722 I LSPosed-Bridge: 	at com.example.permlabel.hookCamera$1.afterHookedMethod(hookCamera.java:21)

06-22 19:47:45.070  5278  6722 I LSPosed-Bridge: 	at de.robv.android.xposed.XposedBridge$AdditionalHookInfo.callback(Unknown Source:147)

06-22 19:47:45.070  5278  6722 I LSPosed-Bridge: 	at de.robv.android.xposed.XposedBridge$AdditionalHookInfo.callback(Unknown Source:147)

06-22 19:47:45.070  5278  6722 I LSPosed-Bridge: 	at LSPHooker_.getCameraInfo(Unknown Source:15)

06-22 19:47:45.070  5278  6722 I LSPosed-Bridge: 	at LSPHooker_.getCameraInfo(Unknown Source:15)

06-22 19:47:45.070  5278  6722 I LSPosed-Bridge: 	at z74.e(chromium-Monochrome.aab-stable-573513121:6)

06-22 19:47:45.070  5278  6722 I LSPosed-Bridge: 	at z74.e(chromium-Monochrome.aab-stable-573513121:6)

06-22 19:47:45.070  5278  6722 I LSPosed-Bridge: 	at org.chromium.media.VideoCaptureFactory.getFacingMode(chromium-Monochrome.aab-stable-573513121:10)

06-22 19:47:45.070  5278  6722 I LSPosed-Bridge: 	at org.chromium.media.VideoCaptureFactory.getFacingMode(chromium-Monochrome.aab-stable-573513121:10)

06-22 19:47:45.070  5278  6722 I chatty  : uid=10122(homeworkout.homeworkouts.noequipment) ThreadPoolSingl identical 1 line

06-22 19:47:45.070  5278  6722 I chatty  : uid=10122(homeworkout.homeworkouts.noequipment) ThreadPoolSingl identical 1 line

06-22 19:47:45.070  5278  6722 I LSPosed-Bridge: 5278 PermLabel 10122 android.permission.CAMERA getCameraInfo args0: 0; args1: android.hardware.Camera$CameraInfo@efe5d7a; res= null; stacktrace=java.lang.Exception

06-22 19:47:45.070  5278  6722 I LSPosed-Bridge: 5278 PermLabel 10122 android.permission.CAMERA getCameraInfo args0: 0; args1: android.hardware.Camera$CameraInfo@efe5d7a; res= null; stacktrace=java.lang.Exception

06-22 19:47:45.070  5278  6722 I LSPosed-Bridge: 	at com.example.permlabel.hookCamera$1.afterHookedMethod(hookCamera.java:21)

06-22 19:47:45.070  5278  6722 I LSPosed-Bridge: 	at com.example.permlabel.hookCamera$1.afterHookedMethod(hookCamera.java:21)

06-22 19:47:45.070  5278  6722 I LSPosed-Bridge: 	at de.robv.android.xposed.XposedBridge$AdditionalHookInfo.callback(Unknown Source:147)

06-22 19:47:45.070  5278  6722 I LSPosed-Bridge: 	at de.robv.android.xposed.XposedBridge$AdditionalHookInfo.callback(Unknown Source:147)

06-22 19:47:45.070  5278  6722 I LSPosed-Bridge: 	at LSPHooker_.getCameraInfo(Unknown Source:15)

06-22 19:47:45.070  5278  6722 I LSPosed-Bridge: 	at LSPHooker_.getCameraInfo(Unknown Source:15)

06-22 19:47:45.070  5278  6722 I LSPosed-Bridge: 	at z74.e(chromium-Monochrome.aab-stable-573513121:6)

06-22 19:47:45.070  5278  6722 I LSPosed-Bridge: 	at z74.e(chromium-Monochrome.aab-stable-573513121:6)

06-22 19:47:45.070  5278  6722 I LSPosed-Bridge: 	at org.chromium.media.VideoCaptureFactory.getFacingMode(chromium-Monochrome.aab-stable-573513121:10)

06-22 19:47:45.070  5278  6722 I LSPosed-Bridge: 	at org.chromium.media.VideoCaptureFactory.getFacingMode(chromium-Monochrome.aab-stable-573513121:10)

06-22 19:49:17.975  5278  6722 I LSPosed-Bridge: 5278 PermLabel 10122 android.permission.CAMERA getCameraInfo args0: 1; args1: android.hardware.Camera$CameraInfo@4b68e77; res= null; stacktrace=java.lang.Exception

06-22 19:49:17.975  5278  6722 I LSPosed-Bridge: 5278 PermLabel 10122 android.permission.CAMERA getCameraInfo args0: 1; args1: android.hardware.Camera$CameraInfo@4b68e77; res= null; stacktrace=java.lang.Exception

06-22 19:49:17.975  5278  6722 I LSPosed-Bridge: 	at com.example.permlabel.hookCamera$1.afterHookedMethod(hookCamera.java:21)

06-22 19:49:17.975  5278  6722 I LSPosed-Bridge: 	at com.example.permlabel.hookCamera$1.afterHookedMethod(hookCamera.java:21)

06-22 19:49:17.975  5278  6722 I LSPosed-Bridge: 	at de.robv.android.xposed.XposedBridge$AdditionalHookInfo.callback(Unknown Source:147)

06-22 19:49:17.975  5278  6722 I LSPosed-Bridge: 	at de.robv.android.xposed.XposedBridge$AdditionalHookInfo.callback(Unknown Source:147)

06-22 19:49:17.975  5278  6722 I LSPosed-Bridge: 	at LSPHooker_.getCameraInfo(Unknown Source:15)

06-22 19:49:17.975  5278  6722 I LSPosed-Bridge: 	at LSPHooker_.getCameraInfo(Unknown Source:15)

06-22 19:49:17.975  5278  6722 I LSPosed-Bridge: 	at z74.e(chromium-Monochrome.aab-stable-573513121:6)

06-22 19:49:17.975  5278  6722 I LSPosed-Bridge: 	at z74.e(chromium-Monochrome.aab-stable-573513121:6)

06-22 19:49:17.975  5278  6722 I LSPosed-Bridge: 	at org.chromium.media.VideoCaptureFactory.getDeviceName(chromium-Monochrome.aab-stable-573513121:15)

06-22 19:49:17.975  5278  6722 I LSPosed-Bridge: 	at org.chromium.media.VideoCaptureFactory.getDeviceName(chromium-Monochrome.aab-stable-573513121:15)

06-22 19:49:17.975  5278  6722 I chatty  : uid=10122(homeworkout.homeworkouts.noequipment) ThreadPoolSingl identical 1 line

06-22 19:49:17.975  5278  6722 I chatty  : uid=10122(homeworkout.homeworkouts.noequipment) ThreadPoolSingl identical 1 line

06-22 19:49:17.975  5278  6722 I LSPosed-Bridge: 5278 PermLabel 10122 android.permission.CAMERA getCameraInfo args0: 1; args1: android.hardware.Camera$CameraInfo@4b68e77; res= null; stacktrace=java.lang.Exception

06-22 19:49:17.975  5278  6722 I LSPosed-Bridge: 5278 PermLabel 10122 android.permission.CAMERA getCameraInfo args0: 1; args1: android.hardware.Camera$CameraInfo@4b68e77; res= null; stacktrace=java.lang.Exception

06-22 19:49:17.975  5278  6722 I LSPosed-Bridge: 	at com.example.permlabel.hookCamera$1.afterHookedMethod(hookCamera.java:21)

06-22 19:49:17.975  5278  6722 I LSPosed-Bridge: 	at com.example.permlabel.hookCamera$1.afterHookedMethod(hookCamera.java:21)

06-22 19:49:17.975  5278  6722 I LSPosed-Bridge: 	at de.robv.android.xposed.XposedBridge$AdditionalHookInfo.callback(Unknown Source:147)

06-22 19:49:17.975  5278  6722 I LSPosed-Bridge: 	at de.robv.android.xposed.XposedBridge$AdditionalHookInfo.callback(Unknown Source:147)

06-22 19:49:17.975  5278  6722 I LSPosed-Bridge: 	at LSPHooker_.getCameraInfo(Unknown Source:15)

06-22 19:49:17.975  5278  6722 I LSPosed-Bridge: 	at LSPHooker_.getCameraInfo(Unknown Source:15)

06-22 19:49:17.975  5278  6722 I LSPosed-Bridge: 	at z74.e(chromium-Monochrome.aab-stable-573513121:6)

06-22 19:49:17.975  5278  6722 I LSPosed-Bridge: 	at z74.e(chromium-Monochrome.aab-stable-573513121:6)

06-22 19:49:17.975  5278  6722 I LSPosed-Bridge: 	at org.chromium.media.VideoCaptureFactory.getDeviceName(chromium-Monochrome.aab-stable-573513121:15)

06-22 19:49:17.975  5278  6722 I LSPosed-Bridge: 	at org.chromium.media.VideoCaptureFactory.getDeviceName(chromium-Monochrome.aab-stable-573513121:15)

06-22 19:49:17.992  5278  6722 I LSPosed-Bridge: 5278 PermLabel 10122 android.permission.CAMERA getCameraInfo args0: 1; args1: android.hardware.Camera$CameraInfo@ffb9b13; res= null; stacktrace=java.lang.Exception

06-22 19:49:17.992  5278  6722 I LSPosed-Bridge: 5278 PermLabel 10122 android.permission.CAMERA getCameraInfo args0: 1; args1: android.hardware.Camera$CameraInfo@ffb9b13; res= null; stacktrace=java.lang.Exception

06-22 19:49:17.992  5278  6722 I LSPosed-Bridge: 	at com.example.permlabel.hookCamera$1.afterHookedMethod(hookCamera.java:21)

06-22 19:49:17.992  5278  6722 I LSPosed-Bridge: 	at com.example.permlabel.hookCamera$1.afterHookedMethod(hookCamera.java:21)

06-22 19:49:17.992  5278  6722 I LSPosed-Bridge: 	at de.robv.android.xposed.XposedBridge$AdditionalHookInfo.callback(Unknown Source:147)

06-22 19:49:17.992  5278  6722 I LSPosed-Bridge: 	at de.robv.android.xposed.XposedBridge$AdditionalHookInfo.callback(Unknown Source:147)

06-22 19:49:17.992  5278  6722 I LSPosed-Bridge: 	at LSPHooker_.getCameraInfo(Unknown Source:15)

06-22 19:49:17.992  5278  6722 I LSPosed-Bridge: 	at LSPHooker_.getCameraInfo(Unknown Source:15)

06-22 19:49:17.992  5278  6722 I LSPosed-Bridge: 	at z74.e(chromium-Monochrome.aab-stable-573513121:6)

06-22 19:49:17.992  5278  6722 I LSPosed-Bridge: 	at z74.e(chromium-Monochrome.aab-stable-573513121:6)

06-22 19:49:17.992  5278  6722 I LSPosed-Bridge: 	at org.chromium.media.VideoCaptureFactory.getCaptureApiType(chromium-Monochrome.aab-stable-573513121:8)

06-22 19:49:17.992  5278  6722 I LSPosed-Bridge: 	at org.chromium.media.VideoCaptureFactory.getCaptureApiType(chromium-Monochrome.aab-stable-573513121:8)

06-22 19:49:17.992  5278  6722 I chatty  : uid=10122(homeworkout.homeworkouts.noequipment) ThreadPoolSingl identical 1 line

06-22 19:49:17.992  5278  6722 I chatty  : uid=10122(homeworkout.homeworkouts.noequipment) ThreadPoolSingl identical 1 line

06-22 19:49:17.992  5278  6722 I LSPosed-Bridge: 5278 PermLabel 10122 android.permission.CAMERA getCameraInfo args0: 1; args1: android.hardware.Camera$CameraInfo@ffb9b13; res= null; stacktrace=java.lang.Exception

06-22 19:49:17.992  5278  6722 I LSPosed-Bridge: 5278 PermLabel 10122 android.permission.CAMERA getCameraInfo args0: 1; args1: android.hardware.Camera$CameraInfo@ffb9b13; res= null; stacktrace=java.lang.Exception

06-22 19:49:17.992  5278  6722 I LSPosed-Bridge: 	at com.example.permlabel.hookCamera$1.afterHookedMethod(hookCamera.java:21)

06-22 19:49:17.992  5278  6722 I LSPosed-Bridge: 	at com.example.permlabel.hookCamera$1.afterHookedMethod(hookCamera.java:21)

06-22 19:49:17.992  5278  6722 I LSPosed-Bridge: 	at de.robv.android.xposed.XposedBridge$AdditionalHookInfo.callback(Unknown Source:147)

06-22 19:49:17.992  5278  6722 I LSPosed-Bridge: 	at de.robv.android.xposed.XposedBridge$AdditionalHookInfo.callback(Unknown Source:147)

06-22 19:49:17.992  5278  6722 I LSPosed-Bridge: 	at LSPHooker_.getCameraInfo(Unknown Source:15)

06-22 19:49:17.992  5278  6722 I LSPosed-Bridge: 	at LSPHooker_.getCameraInfo(Unknown Source:15)

06-22 19:49:17.992  5278  6722 I LSPosed-Bridge: 	at z74.e(chromium-Monochrome.aab-stable-573513121:6)

06-22 19:49:17.992  5278  6722 I LSPosed-Bridge: 	at z74.e(chromium-Monochrome.aab-stable-573513121:6)

06-22 19:49:17.992  5278  6722 I LSPosed-Bridge: 	at org.chromium.media.VideoCaptureFactory.getCaptureApiType(chromium-Monochrome.aab-stable-573513121:8)

06-22 19:49:17.992  5278  6722 I LSPosed-Bridge: 	at org.chromium.media.VideoCaptureFactory.getCaptureApiType(chromium-Monochrome.aab-stable-573513121:8)

06-22 19:49:18.003  5278  6722 I LSPosed-Bridge: 5278 PermLabel 10122 android.permission.CAMERA getCameraInfo args0: 1; args1: android.hardware.Camera$CameraInfo@47ad56f; res= null; stacktrace=java.lang.Exception

06-22 19:49:18.003  5278  6722 I LSPosed-Bridge: 	at com.example.permlabel.hookCamera$1.afterHookedMethod(hookCamera.java:21)

06-22 19:49:18.003  5278  6722 I LSPosed-Bridge: 	at de.robv.android.xposed.XposedBridge$AdditionalHookInfo.callback(Unknown Source:147)

06-22 19:49:18.003  5278  6722 I LSPosed-Bridge: 	at LSPHooker_.getCameraInfo(Unknown Source:15)

06-22 19:49:18.003  5278  6722 I LSPosed-Bridge: 	at z74.e(chromium-Monochrome.aab-stable-573513121:6)

06-22 19:49:18.003  5278  6722 I LSPosed-Bridge: 	at org.chromium.media.VideoCaptureFactory.getFacingMode(chromium-Monochrome.aab-stable-573513121:10)

06-22 19:49:18.003  5278  6722 I chatty  : uid=10122(homeworkout.homeworkouts.noequipment) ThreadPoolSingl identical 1 line

06-22 19:49:18.004  5278  6722 I LSPosed-Bridge: 5278 PermLabel 10122 android.permission.CAMERA getCameraInfo args0: 1; args1: android.hardware.Camera$CameraInfo@47ad56f; res= null; stacktrace=java.lang.Exception

06-22 19:49:18.004  5278  6722 I LSPosed-Bridge: 	at com.example.permlabel.hookCamera$1.afterHookedMethod(hookCamera.java:21)

06-22 19:49:18.004  5278  6722 I LSPosed-Bridge: 	at de.robv.android.xposed.XposedBridge$AdditionalHookInfo.callback(Unknown Source:147)

06-22 19:49:18.004  5278  6722 I LSPosed-Bridge: 	at LSPHooker_.getCameraInfo(Unknown Source:15)

06-22 19:49:18.004  5278  6722 I LSPosed-Bridge: 	at z74.e(chromium-Monochrome.aab-stable-573513121:6)

06-22 19:49:18.004  5278  6722 I LSPosed-Bridge: 	at org.chromium.media.VideoCaptureFactory.getFacingMode(chromium-Monochrome.aab-stable-573513121:10)

06-22 19:49:18.015  5278  6722 I LSPosed-Bridge: 5278 PermLabel 10122 android.permission.CAMERA getCameraInfo args0: 0; args1: android.hardware.Camera$CameraInfo@509598b; res= null; stacktrace=java.lang.Exception

06-22 19:49:18.015  5278  6722 I LSPosed-Bridge: 	at com.example.permlabel.hookCamera$1.afterHookedMethod(hookCamera.java:21)

06-22 19:49:18.015  5278  6722 I LSPosed-Bridge: 	at de.robv.android.xposed.XposedBridge$AdditionalHookInfo.callback(Unknown Source:147)

06-22 19:49:18.015  5278  6722 I LSPosed-Bridge: 	at LSPHooker_.getCameraInfo(Unknown Source:15)

06-22 19:49:18.015  5278  6722 I LSPosed-Bridge: 	at z74.e(chromium-Monochrome.aab-stable-573513121:6)

06-22 19:49:18.015  5278  6722 I LSPosed-Bridge: 	at org.chromium.media.VideoCaptureFactory.getDeviceName(chromium-Monochrome.aab-stable-573513121:15)

06-22 19:49:18.015  5278  6722 I chatty  : uid=10122(homeworkout.homeworkouts.noequipment) ThreadPoolSingl identical 1 line

06-22 19:49:18.016  5278  6722 I LSPosed-Bridge: 5278 PermLabel 10122 android.permission.CAMERA getCameraInfo args0: 0; args1: android.hardware.Camera$CameraInfo@509598b; res= null; stacktrace=java.lang.Exception

06-22 19:49:18.016  5278  6722 I LSPosed-Bridge: 	at com.example.permlabel.hookCamera$1.afterHookedMethod(hookCamera.java:21)

06-22 19:49:18.016  5278  6722 I LSPosed-Bridge: 	at de.robv.android.xposed.XposedBridge$AdditionalHookInfo.callback(Unknown Source:147)

06-22 19:49:18.016  5278  6722 I LSPosed-Bridge: 	at LSPHooker_.getCameraInfo(Unknown Source:15)

06-22 19:49:18.016  5278  6722 I LSPosed-Bridge: 	at z74.e(chromium-Monochrome.aab-stable-573513121:6)

06-22 19:49:18.016  5278  6722 I LSPosed-Bridge: 	at org.chromium.media.VideoCaptureFactory.getDeviceName(chromium-Monochrome.aab-stable-573513121:15)

06-22 19:49:18.003  5278  5278 W ThreadPoolSingl: type=1400 audit(0.0:1388): avc: denied { read } for name="u:object_r:vendor_camera_prop:s0" dev="tmpfs" ino=14470 scontext=u:r:untrusted_app:s0:c122,c256,c512,c768 tcontext=u:object_r:vendor_camera_prop:s0 tclass=file permissive=0

06-22 19:49:18.032  5278  6722 I LSPosed-Bridge: 5278 PermLabel 10122 android.permission.CAMERA getCameraInfo args0: 0; args1: android.hardware.Camera$CameraInfo@2b20367; res= null; stacktrace=java.lang.Exception

06-22 19:49:18.032  5278  6722 I LSPosed-Bridge: 	at com.example.permlabel.hookCamera$1.afterHookedMethod(hookCamera.java:21)

06-22 19:49:18.032  5278  6722 I LSPosed-Bridge: 	at de.robv.android.xposed.XposedBridge$AdditionalHookInfo.callback(Unknown Source:147)

06-22 19:49:18.032  5278  6722 I LSPosed-Bridge: 	at LSPHooker_.getCameraInfo(Unknown Source:15)

06-22 19:49:18.032  5278  6722 I LSPosed-Bridge: 	at z74.e(chromium-Monochrome.aab-stable-573513121:6)

06-22 19:49:18.032  5278  6722 I LSPosed-Bridge: 	at org.chromium.media.VideoCaptureFactory.getCaptureApiType(chromium-Monochrome.aab-stable-573513121:8)

06-22 19:49:18.032  5278  6722 I chatty  : uid=10122(homeworkout.homeworkouts.noequipment) ThreadPoolSingl identical 1 line

06-22 19:49:18.033  5278  6722 I LSPosed-Bridge: 5278 PermLabel 10122 android.permission.CAMERA getCameraInfo args0: 0; args1: android.hardware.Camera$CameraInfo@2b20367; res= null; stacktrace=java.lang.Exception

06-22 19:49:18.033  5278  6722 I LSPosed-Bridge: 	at com.example.permlabel.hookCamera$1.afterHookedMethod(hookCamera.java:21)

06-22 19:49:18.033  5278  6722 I LSPosed-Bridge: 	at de.robv.android.xposed.XposedBridge$AdditionalHookInfo.callback(Unknown Source:147)

06-22 19:49:18.033  5278  6722 I LSPosed-Bridge: 	at LSPHooker_.getCameraInfo(Unknown Source:15)

06-22 19:49:18.033  5278  6722 I LSPosed-Bridge: 	at z74.e(chromium-Monochrome.aab-stable-573513121:6)

06-22 19:49:18.033  5278  6722 I LSPosed-Bridge: 	at org.chromium.media.VideoCaptureFactory.getCaptureApiType(chromium-Monochrome.aab-stable-573513121:8)

06-22 19:49:18.033  5278  5278 W ThreadPoolSingl: type=1400 audit(0.0:1390): avc: denied { read } for name="u:object_r:vendor_camera_prop:s0" dev="tmpfs" ino=14470 scontext=u:r:untrusted_app:s0:c122,c256,c512,c768 tcontext=u:object_r:vendor_camera_prop:s0 tclass=file permissive=0

06-22 19:49:18.043  5278  6722 I LSPosed-Bridge: 5278 PermLabel 10122 android.permission.CAMERA getCameraInfo args0: 0; args1: android.hardware.Camera$CameraInfo@a516f03; res= null; stacktrace=java.lang.Exception

06-22 19:49:18.043  5278  6722 I LSPosed-Bridge: 	at com.example.permlabel.hookCamera$1.afterHookedMethod(hookCamera.java:21)

06-22 19:49:18.043  5278  6722 I LSPosed-Bridge: 	at de.robv.android.xposed.XposedBridge$AdditionalHookInfo.callback(Unknown Source:147)

06-22 19:49:18.043  5278  6722 I LSPosed-Bridge: 	at LSPHooker_.getCameraInfo(Unknown Source:15)

06-22 19:49:18.043  5278  6722 I LSPosed-Bridge: 	at z74.e(chromium-Monochrome.aab-stable-573513121:6)

06-22 19:49:18.043  5278  6722 I LSPosed-Bridge: 	at org.chromium.media.VideoCaptureFactory.getFacingMode(chromium-Monochrome.aab-stable-573513121:10)

06-22 19:49:18.044  5278  6722 I chatty  : uid=10122(homeworkout.homeworkouts.noequipment) ThreadPoolSingl identical 1 line

06-22 19:49:18.044  5278  6722 I LSPosed-Bridge: 5278 PermLabel 10122 android.permission.CAMERA getCameraInfo args0: 0; args1: android.hardware.Camera$CameraInfo@a516f03; res= null; stacktrace=java.lang.Exception

06-22 19:49:18.044  5278  6722 I LSPosed-Bridge: 	at com.example.permlabel.hookCamera$1.afterHookedMethod(hookCamera.java:21)

06-22 19:49:18.044  5278  6722 I LSPosed-Bridge: 	at de.robv.android.xposed.XposedBridge$AdditionalHookInfo.callback(Unknown Source:147)

06-22 19:49:18.044  5278  6722 I LSPosed-Bridge: 	at LSPHooker_.getCameraInfo(Unknown Source:15)

06-22 19:49:18.044  5278  6722 I LSPosed-Bridge: 	at z74.e(chromium-Monochrome.aab-stable-573513121:6)

06-22 19:49:18.044  5278  6722 I LSPosed-Bridge: 	at org.chromium.media.VideoCaptureFactory.getFacingMode(chromium-Monochrome.aab-stable-573513121:10)

06-22 19:49:37.054  5278  6722 I LSPosed-Bridge: 5278 PermLabel 10122 android.permission.CAMERA getCameraInfo args0: 1; args1: android.hardware.Camera$CameraInfo@18172b1; res= null; stacktrace=java.lang.Exception

06-22 19:49:37.054  5278  6722 I LSPosed-Bridge: 5278 PermLabel 10122 android.permission.CAMERA getCameraInfo args0: 1; args1: android.hardware.Camera$CameraInfo@18172b1; res= null; stacktrace=java.lang.Exception

06-22 19:49:37.054  5278  6722 I LSPosed-Bridge: 	at com.example.permlabel.hookCamera$1.afterHookedMethod(hookCamera.java:21)

06-22 19:49:37.054  5278  6722 I LSPosed-Bridge: 	at com.example.permlabel.hookCamera$1.afterHookedMethod(hookCamera.java:21)

06-22 19:49:37.054  5278  6722 I LSPosed-Bridge: 	at de.robv.android.xposed.XposedBridge$AdditionalHookInfo.callback(Unknown Source:147)

06-22 19:49:37.054  5278  6722 I LSPosed-Bridge: 	at de.robv.android.xposed.XposedBridge$AdditionalHookInfo.callback(Unknown Source:147)

06-22 19:49:37.054  5278  6722 I LSPosed-Bridge: 	at LSPHooker_.getCameraInfo(Unknown Source:15)

06-22 19:49:37.054  5278  6722 I LSPosed-Bridge: 	at LSPHooker_.getCameraInfo(Unknown Source:15)

06-22 19:49:37.054  5278  6722 I LSPosed-Bridge: 	at z74.e(chromium-Monochrome.aab-stable-573513121:6)

06-22 19:49:37.054  5278  6722 I LSPosed-Bridge: 	at z74.e(chromium-Monochrome.aab-stable-573513121:6)

06-22 19:49:37.054  5278  6722 I LSPosed-Bridge: 	at org.chromium.media.VideoCaptureFactory.getDeviceName(chromium-Monochrome.aab-stable-573513121:15)

06-22 19:49:37.054  5278  6722 I LSPosed-Bridge: 	at org.chromium.media.VideoCaptureFactory.getDeviceName(chromium-Monochrome.aab-stable-573513121:15)

06-22 19:49:37.054  5278  6722 I chatty  : uid=10122(homeworkout.homeworkouts.noequipment) ThreadPoolSingl identical 1 line

06-22 19:49:37.054  5278  6722 I chatty  : uid=10122(homeworkout.homeworkouts.noequipment) ThreadPoolSingl identical 1 line

06-22 19:49:37.054  5278  6722 I LSPosed-Bridge: 5278 PermLabel 10122 android.permission.CAMERA getCameraInfo args0: 1; args1: android.hardware.Camera$CameraInfo@18172b1; res= null; stacktrace=java.lang.Exception

06-22 19:49:37.054  5278  6722 I LSPosed-Bridge: 5278 PermLabel 10122 android.permission.CAMERA getCameraInfo args0: 1; args1: android.hardware.Camera$CameraInfo@18172b1; res= null; stacktrace=java.lang.Exception

06-22 19:49:37.054  5278  6722 I LSPosed-Bridge: 	at com.example.permlabel.hookCamera$1.afterHookedMethod(hookCamera.java:21)

06-22 19:49:37.054  5278  6722 I LSPosed-Bridge: 	at com.example.permlabel.hookCamera$1.afterHookedMethod(hookCamera.java:21)

06-22 19:49:37.054  5278  6722 I LSPosed-Bridge: 	at de.robv.android.xposed.XposedBridge$AdditionalHookInfo.callback(Unknown Source:147)

06-22 19:49:37.054  5278  6722 I LSPosed-Bridge: 	at de.robv.android.xposed.XposedBridge$AdditionalHookInfo.callback(Unknown Source:147)

06-22 19:49:37.054  5278  6722 I LSPosed-Bridge: 	at LSPHooker_.getCameraInfo(Unknown Source:15)

06-22 19:49:37.054  5278  6722 I LSPosed-Bridge: 	at LSPHooker_.getCameraInfo(Unknown Source:15)

06-22 19:49:37.054  5278  6722 I LSPosed-Bridge: 	at z74.e(chromium-Monochrome.aab-stable-573513121:6)

06-22 19:49:37.054  5278  6722 I LSPosed-Bridge: 	at z74.e(chromium-Monochrome.aab-stable-573513121:6)

06-22 19:49:37.054  5278  6722 I LSPosed-Bridge: 	at org.chromium.media.VideoCaptureFactory.getDeviceName(chromium-Monochrome.aab-stable-573513121:15)

06-22 19:49:37.054  5278  6722 I LSPosed-Bridge: 	at org.chromium.media.VideoCaptureFactory.getDeviceName(chromium-Monochrome.aab-stable-573513121:15)

06-22 19:49:37.073  5278  6722 I LSPosed-Bridge: 5278 PermLabel 10122 android.permission.CAMERA getCameraInfo args0: 1; args1: android.hardware.Camera$CameraInfo@e15b322; res= null; stacktrace=java.lang.Exception

06-22 19:49:37.073  5278  6722 I LSPosed-Bridge: 	at com.example.permlabel.hookCamera$1.afterHookedMethod(hookCamera.java:21)

06-22 19:49:37.073  5278  6722 I LSPosed-Bridge: 	at de.robv.android.xposed.XposedBridge$AdditionalHookInfo.callback(Unknown Source:147)

06-22 19:49:37.073  5278  6722 I LSPosed-Bridge: 	at LSPHooker_.getCameraInfo(Unknown Source:15)

06-22 19:49:37.073  5278  6722 I LSPosed-Bridge: 	at z74.e(chromium-Monochrome.aab-stable-573513121:6)

06-22 19:49:37.073  5278  6722 I LSPosed-Bridge: 	at org.chromium.media.VideoCaptureFactory.getCaptureApiType(chromium-Monochrome.aab-stable-573513121:8)

06-22 19:49:37.073  5278  6722 I chatty  : uid=10122(homeworkout.homeworkouts.noequipment) ThreadPoolSingl identical 1 line

06-22 19:49:37.074  5278  6722 I LSPosed-Bridge: 5278 PermLabel 10122 android.permission.CAMERA getCameraInfo args0: 1; args1: android.hardware.Camera$CameraInfo@e15b322; res= null; stacktrace=java.lang.Exception

06-22 19:49:37.074  5278  6722 I LSPosed-Bridge: 	at com.example.permlabel.hookCamera$1.afterHookedMethod(hookCamera.java:21)

06-22 19:49:37.074  5278  6722 I LSPosed-Bridge: 	at de.robv.android.xposed.XposedBridge$AdditionalHookInfo.callback(Unknown Source:147)

06-22 19:49:37.074  5278  6722 I LSPosed-Bridge: 	at LSPHooker_.getCameraInfo(Unknown Source:15)

06-22 19:49:37.074  5278  6722 I LSPosed-Bridge: 	at z74.e(chromium-Monochrome.aab-stable-573513121:6)

06-22 19:49:37.074  5278  6722 I LSPosed-Bridge: 	at org.chromium.media.VideoCaptureFactory.getCaptureApiType(chromium-Monochrome.aab-stable-573513121:8)

06-22 19:49:37.073  5278  5278 W ThreadPoolSingl: type=1400 audit(0.0:1418): avc: denied { read } for name="u:object_r:vendor_camera_prop:s0" dev="tmpfs" ino=14470 scontext=u:r:untrusted_app:s0:c122,c256,c512,c768 tcontext=u:object_r:vendor_camera_prop:s0 tclass=file permissive=0

06-22 19:49:37.088  5278  6722 I LSPosed-Bridge: 5278 PermLabel 10122 android.permission.CAMERA getCameraInfo args0: 1; args1: android.hardware.Camera$CameraInfo@87fdf6e; res= null; stacktrace=java.lang.Exception

06-22 19:49:37.088  5278  6722 I LSPosed-Bridge: 5278 PermLabel 10122 android.permission.CAMERA getCameraInfo args0: 1; args1: android.hardware.Camera$CameraInfo@87fdf6e; res= null; stacktrace=java.lang.Exception

06-22 19:49:37.088  5278  6722 I LSPosed-Bridge: 	at com.example.permlabel.hookCamera$1.afterHookedMethod(hookCamera.java:21)

06-22 19:49:37.088  5278  6722 I LSPosed-Bridge: 	at com.example.permlabel.hookCamera$1.afterHookedMethod(hookCamera.java:21)

06-22 19:49:37.088  5278  6722 I LSPosed-Bridge: 	at de.robv.android.xposed.XposedBridge$AdditionalHookInfo.callback(Unknown Source:147)

06-22 19:49:37.088  5278  6722 I LSPosed-Bridge: 	at de.robv.android.xposed.XposedBridge$AdditionalHookInfo.callback(Unknown Source:147)

06-22 19:49:37.088  5278  6722 I LSPosed-Bridge: 	at LSPHooker_.getCameraInfo(Unknown Source:15)

06-22 19:49:37.088  5278  6722 I LSPosed-Bridge: 	at LSPHooker_.getCameraInfo(Unknown Source:15)

06-22 19:49:37.088  5278  6722 I LSPosed-Bridge: 	at z74.e(chromium-Monochrome.aab-stable-573513121:6)

06-22 19:49:37.088  5278  6722 I LSPosed-Bridge: 	at z74.e(chromium-Monochrome.aab-stable-573513121:6)

06-22 19:49:37.088  5278  6722 I LSPosed-Bridge: 	at org.chromium.media.VideoCaptureFactory.getFacingMode(chromium-Monochrome.aab-stable-573513121:10)

06-22 19:49:37.088  5278  6722 I LSPosed-Bridge: 	at org.chromium.media.VideoCaptureFactory.getFacingMode(chromium-Monochrome.aab-stable-573513121:10)

06-22 19:49:37.088  5278  6722 I chatty  : uid=10122(homeworkout.homeworkouts.noequipment) ThreadPoolSingl identical 1 line

06-22 19:49:37.088  5278  6722 I chatty  : uid=10122(homeworkout.homeworkouts.noequipment) ThreadPoolSingl identical 1 line

06-22 19:49:37.088  5278  6722 I LSPosed-Bridge: 5278 PermLabel 10122 android.permission.CAMERA getCameraInfo args0: 1; args1: android.hardware.Camera$CameraInfo@87fdf6e; res= null; stacktrace=java.lang.Exception

06-22 19:49:37.088  5278  6722 I LSPosed-Bridge: 5278 PermLabel 10122 android.permission.CAMERA getCameraInfo args0: 1; args1: android.hardware.Camera$CameraInfo@87fdf6e; res= null; stacktrace=java.lang.Exception

06-22 19:49:37.088  5278  6722 I LSPosed-Bridge: 	at com.example.permlabel.hookCamera$1.afterHookedMethod(hookCamera.java:21)

06-22 19:49:37.088  5278  6722 I LSPosed-Bridge: 	at com.example.permlabel.hookCamera$1.afterHookedMethod(hookCamera.java:21)

06-22 19:49:37.088  5278  6722 I LSPosed-Bridge: 	at de.robv.android.xposed.XposedBridge$AdditionalHookInfo.callback(Unknown Source:147)

06-22 19:49:37.088  5278  6722 I LSPosed-Bridge: 	at de.robv.android.xposed.XposedBridge$AdditionalHookInfo.callback(Unknown Source:147)

06-22 19:49:37.088  5278  6722 I LSPosed-Bridge: 	at LSPHooker_.getCameraInfo(Unknown Source:15)

06-22 19:49:37.088  5278  6722 I LSPosed-Bridge: 	at LSPHooker_.getCameraInfo(Unknown Source:15)

06-22 19:49:37.088  5278  6722 I LSPosed-Bridge: 	at z74.e(chromium-Monochrome.aab-stable-573513121:6)

06-22 19:49:37.088  5278  6722 I LSPosed-Bridge: 	at z74.e(chromium-Monochrome.aab-stable-573513121:6)

06-22 19:49:37.088  5278  6722 I LSPosed-Bridge: 	at org.chromium.media.VideoCaptureFactory.getFacingMode(chromium-Monochrome.aab-stable-573513121:10)

06-22 19:49:37.088  5278  6722 I LSPosed-Bridge: 	at org.chromium.media.VideoCaptureFactory.getFacingMode(chromium-Monochrome.aab-stable-573513121:10)

06-22 19:49:37.098  5278  6722 I LSPosed-Bridge: 5278 PermLabel 10122 android.permission.CAMERA getCameraInfo args0: 0; args1: android.hardware.Camera$CameraInfo@74e847a; res= null; stacktrace=java.lang.Exception

06-22 19:49:37.098  5278  6722 I LSPosed-Bridge: 5278 PermLabel 10122 android.permission.CAMERA getCameraInfo args0: 0; args1: android.hardware.Camera$CameraInfo@74e847a; res= null; stacktrace=java.lang.Exception

06-22 19:49:37.098  5278  6722 I LSPosed-Bridge: 5278 PermLabel 10122 android.permission.CAMERA getCameraInfo args0: 0; args1: android.hardware.Camera$CameraInfo@74e847a; res= null; stacktrace=java.lang.Exception

06-22 19:49:37.098  5278  6722 I LSPosed-Bridge: 	at com.example.permlabel.hookCamera$1.afterHookedMethod(hookCamera.java:21)

06-22 19:49:37.098  5278  6722 I LSPosed-Bridge: 	at com.example.permlabel.hookCamera$1.afterHookedMethod(hookCamera.java:21)

06-22 19:49:37.098  5278  6722 I LSPosed-Bridge: 	at com.example.permlabel.hookCamera$1.afterHookedMethod(hookCamera.java:21)

06-22 19:49:37.098  5278  6722 I LSPosed-Bridge: 	at de.robv.android.xposed.XposedBridge$AdditionalHookInfo.callback(Unknown Source:147)

06-22 19:49:37.098  5278  6722 I LSPosed-Bridge: 	at de.robv.android.xposed.XposedBridge$AdditionalHookInfo.callback(Unknown Source:147)

06-22 19:49:37.098  5278  6722 I LSPosed-Bridge: 	at de.robv.android.xposed.XposedBridge$AdditionalHookInfo.callback(Unknown Source:147)

06-22 19:49:37.098  5278  6722 I LSPosed-Bridge: 	at LSPHooker_.getCameraInfo(Unknown Source:15)

06-22 19:49:37.098  5278  6722 I LSPosed-Bridge: 	at LSPHooker_.getCameraInfo(Unknown Source:15)

06-22 19:49:37.098  5278  6722 I LSPosed-Bridge: 	at LSPHooker_.getCameraInfo(Unknown Source:15)

06-22 19:49:37.098  5278  6722 I LSPosed-Bridge: 	at z74.e(chromium-Monochrome.aab-stable-573513121:6)

06-22 19:49:37.098  5278  6722 I LSPosed-Bridge: 	at z74.e(chromium-Monochrome.aab-stable-573513121:6)

06-22 19:49:37.098  5278  6722 I LSPosed-Bridge: 	at z74.e(chromium-Monochrome.aab-stable-573513121:6)

06-22 19:49:37.098  5278  6722 I LSPosed-Bridge: 	at org.chromium.media.VideoCaptureFactory.getDeviceName(chromium-Monochrome.aab-stable-573513121:15)

06-22 19:49:37.098  5278  6722 I LSPosed-Bridge: 	at org.chromium.media.VideoCaptureFactory.getDeviceName(chromium-Monochrome.aab-stable-573513121:15)

06-22 19:49:37.098  5278  6722 I LSPosed-Bridge: 	at org.chromium.media.VideoCaptureFactory.getDeviceName(chromium-Monochrome.aab-stable-573513121:15)

06-22 19:49:37.098 30117 30117 I Input   : injectMotionEvent: MotionEvent { action=ACTION_MOVE, actionButton=0, id[0]=0, x[0]=56.0, y[0]=133.0, toolType[0]=TOOL_TYPE_UNKNOWN, buttonState=0, metaState=0, flags=0x0, edgeFlags=0x0, pointerCount=1, historySize=0, eventTime=699781, downTime=699781, deviceId=5, source=0x1002 }

06-22 19:49:37.098 30117 30117 I Input   : injectMotionEvent: MotionEvent { action=ACTION_MOVE, actionButton=0, id[0]=0, x[0]=56.0, y[0]=133.0, toolType[0]=TOOL_TYPE_UNKNOWN, buttonState=0, metaState=0, flags=0x0, edgeFlags=0x0, pointerCount=1, historySize=0, eventTime=699781, downTime=699781, deviceId=5, source=0x1002 }

06-22 19:49:37.098 30117 30117 I Input   : injectMotionEvent: MotionEvent { action=ACTION_MOVE, actionButton=0, id[0]=0, x[0]=56.0, y[0]=133.0, toolType[0]=TOOL_TYPE_UNKNOWN, buttonState=0, metaState=0, flags=0x0, edgeFlags=0x0, pointerCount=1, historySize=0, eventTime=699781, downTime=699781, deviceId=5, source=0x1002 }

06-22 19:49:37.098   551   551 I ConfigStore: android::hardware::configstore::V1_0::ISurfaceFlingerConfigs::hasHDRDisplay retrieved: 0

06-22 19:49:37.098   551   551 I ConfigStore: android::hardware::configstore::V1_0::ISurfaceFlingerConfigs::hasHDRDisplay retrieved: 0

06-22 19:49:37.098   551   551 I ConfigStore: android::hardware::configstore::V1_0::ISurfaceFlingerConfigs::hasHDRDisplay retrieved: 0

06-22 19:49:37.098  5278  6722 I LSPosed-Bridge: 5278 PermLabel 10122 android.permission.CAMERA getCameraInfo args0: 0; args1: android.hardware.Camera$CameraInfo@74e847a; res= null; stacktrace=java.lang.Exception

06-22 19:49:37.098  5278  6722 I LSPosed-Bridge: 5278 PermLabel 10122 android.permission.CAMERA getCameraInfo args0: 0; args1: android.hardware.Camera$CameraInfo@74e847a; res= null; stacktrace=java.lang.Exception

06-22 19:49:37.098  5278  6722 I LSPosed-Bridge: 5278 PermLabel 10122 android.permission.CAMERA getCameraInfo args0: 0; args1: android.hardware.Camera$CameraInfo@74e847a; res= null; stacktrace=java.lang.Exception

06-22 19:49:37.098  5278  6722 I LSPosed-Bridge: 	at com.example.permlabel.hookCamera$1.afterHookedMethod(hookCamera.java:21)

06-22 19:49:37.098  5278  6722 I LSPosed-Bridge: 	at com.example.permlabel.hookCamera$1.afterHookedMethod(hookCamera.java:21)

06-22 19:49:37.098  5278  6722 I LSPosed-Bridge: 	at com.example.permlabel.hookCamera$1.afterHookedMethod(hookCamera.java:21)

06-22 19:49:37.098  5278  6722 I LSPosed-Bridge: 	at de.robv.android.xposed.XposedBridge$AdditionalHookInfo.callback(Unknown Source:147)

06-22 19:49:37.098  5278  6722 I LSPosed-Bridge: 	at de.robv.android.xposed.XposedBridge$AdditionalHookInfo.callback(Unknown Source:147)

06-22 19:49:37.098  5278  6722 I LSPosed-Bridge: 	at de.robv.android.xposed.XposedBridge$AdditionalHookInfo.callback(Unknown Source:147)

06-22 19:49:37.098  5278  6722 I LSPosed-Bridge: 	at LSPHooker_.getCameraInfo(Unknown Source:15)

06-22 19:49:37.098  5278  6722 I LSPosed-Bridge: 	at LSPHooker_.getCameraInfo(Unknown Source:15)

06-22 19:49:37.098  5278  6722 I LSPosed-Bridge: 	at LSPHooker_.getCameraInfo(Unknown Source:15)

06-22 19:49:37.098  5278  6722 I LSPosed-Bridge: 	at z74.e(chromium-Monochrome.aab-stable-573513121:6)

06-22 19:49:37.098  5278  6722 I LSPosed-Bridge: 	at z74.e(chromium-Monochrome.aab-stable-573513121:6)

06-22 19:49:37.098  5278  6722 I LSPosed-Bridge: 	at z74.e(chromium-Monochrome.aab-stable-573513121:6)

06-22 19:49:37.098  5278  6722 I LSPosed-Bridge: 	at org.chromium.media.VideoCaptureFactory.getDeviceName(chromium-Monochrome.aab-stable-573513121:15)

06-22 19:49:37.098  5278  6722 I LSPosed-Bridge: 	at org.chromium.media.VideoCaptureFactory.getDeviceName(chromium-Monochrome.aab-stable-573513121:15)

06-22 19:49:37.098  5278  6722 I LSPosed-Bridge: 	at org.chromium.media.VideoCaptureFactory.getDeviceName(chromium-Monochrome.aab-stable-573513121:15)

06-22 19:49:37.098  5278  6722 I LSPosed-Bridge: 5278 PermLabel 10122 android.permission.CAMERA getCameraInfo args0: 0; args1: android.hardware.Camera$CameraInfo@74e847a; res= null; stacktrace=java.lang.Exception

06-22 19:49:37.098  5278  6722 I LSPosed-Bridge: 5278 PermLabel 10122 android.permission.CAMERA getCameraInfo args0: 0; args1: android.hardware.Camera$CameraInfo@74e847a; res= null; stacktrace=java.lang.Exception

06-22 19:49:37.098  5278  6722 I LSPosed-Bridge: 5278 PermLabel 10122 android.permission.CAMERA getCameraInfo args0: 0; args1: android.hardware.Camera$CameraInfo@74e847a; res= null; stacktrace=java.lang.Exception

06-22 19:49:37.098  5278  6722 I LSPosed-Bridge: 	at com.example.permlabel.hookCamera$1.afterHookedMethod(hookCamera.java:21)

06-22 19:49:37.098  5278  6722 I LSPosed-Bridge: 	at com.example.permlabel.hookCamera$1.afterHookedMethod(hookCamera.java:21)

06-22 19:49:37.098  5278  6722 I LSPosed-Bridge: 	at com.example.permlabel.hookCamera$1.afterHookedMethod(hookCamera.java:21)

06-22 19:49:37.098  5278  6722 I LSPosed-Bridge: 	at de.robv.android.xposed.XposedBridge$AdditionalHookInfo.callback(Unknown Source:147)

06-22 19:49:37.098  5278  6722 I LSPosed-Bridge: 	at de.robv.android.xposed.XposedBridge$AdditionalHookInfo.callback(Unknown Source:147)

06-22 19:49:37.098  5278  6722 I LSPosed-Bridge: 	at de.robv.android.xposed.XposedBridge$AdditionalHookInfo.callback(Unknown Source:147)

06-22 19:49:37.098  5278  6722 I LSPosed-Bridge: 	at LSPHooker_.getCameraInfo(Unknown Source:15)

06-22 19:49:37.098  5278  6722 I LSPosed-Bridge: 	at LSPHooker_.getCameraInfo(Unknown Source:15)

06-22 19:49:37.098  5278  6722 I LSPosed-Bridge: 	at LSPHooker_.getCameraInfo(Unknown Source:15)

06-22 19:49:37.098  5278  6722 I LSPosed-Bridge: 	at z74.e(chromium-Monochrome.aab-stable-573513121:6)

06-22 19:49:37.098  5278  6722 I LSPosed-Bridge: 	at z74.e(chromium-Monochrome.aab-stable-573513121:6)

06-22 19:49:37.098  5278  6722 I LSPosed-Bridge: 	at z74.e(chromium-Monochrome.aab-stable-573513121:6)

06-22 19:49:37.098  5278  6722 I LSPosed-Bridge: 	at org.chromium.media.VideoCaptureFactory.getDeviceName(chromium-Monochrome.aab-stable-573513121:15)

06-22 19:49:37.098  5278  6722 I LSPosed-Bridge: 	at org.chromium.media.VideoCaptureFactory.getDeviceName(chromium-Monochrome.aab-stable-573513121:15)

06-22 19:49:37.098  5278  6722 I LSPosed-Bridge: 	at org.chromium.media.VideoCaptureFactory.getDeviceName(chromium-Monochrome.aab-stable-573513121:15)

06-22 19:49:37.123  5278  6722 I LSPosed-Bridge: 5278 PermLabel 10122 android.permission.CAMERA getCameraInfo args0: 0; args1: android.hardware.Camera$CameraInfo@d306e46; res= null; stacktrace=java.lang.Exception

06-22 19:49:37.123  5278  6722 I LSPosed-Bridge: 	at com.example.permlabel.hookCamera$1.afterHookedMethod(hookCamera.java:21)

06-22 19:49:37.123  5278  6722 I LSPosed-Bridge: 	at de.robv.android.xposed.XposedBridge$AdditionalHookInfo.callback(Unknown Source:147)

06-22 19:49:37.123  5278  6722 I LSPosed-Bridge: 	at LSPHooker_.getCameraInfo(Unknown Source:15)

06-22 19:49:37.123  5278  6722 I LSPosed-Bridge: 	at z74.e(chromium-Monochrome.aab-stable-573513121:6)

06-22 19:49:37.123  5278  6722 I LSPosed-Bridge: 	at org.chromium.media.VideoCaptureFactory.getCaptureApiType(chromium-Monochrome.aab-stable-573513121:8)

06-22 19:49:37.123  5278  6722 I chatty  : uid=10122(homeworkout.homeworkouts.noequipment) ThreadPoolSingl identical 1 line

06-22 19:49:37.124  5278  6722 I LSPosed-Bridge: 5278 PermLabel 10122 android.permission.CAMERA getCameraInfo args0: 0; args1: android.hardware.Camera$CameraInfo@d306e46; res= null; stacktrace=java.lang.Exception

06-22 19:49:37.124  5278  6722 I LSPosed-Bridge: 	at com.example.permlabel.hookCamera$1.afterHookedMethod(hookCamera.java:21)

06-22 19:49:37.124  5278  6722 I LSPosed-Bridge: 	at de.robv.android.xposed.XposedBridge$AdditionalHookInfo.callback(Unknown Source:147)

06-22 19:49:37.124  5278  6722 I LSPosed-Bridge: 	at LSPHooker_.getCameraInfo(Unknown Source:15)

06-22 19:49:37.124  5278  6722 I LSPosed-Bridge: 	at z74.e(chromium-Monochrome.aab-stable-573513121:6)

06-22 19:49:37.124  5278  6722 I LSPosed-Bridge: 	at org.chromium.media.VideoCaptureFactory.getCaptureApiType(chromium-Monochrome.aab-stable-573513121:8)

06-22 19:49:37.123  5278  5278 W ThreadPoolSingl: type=1400 audit(0.0:1421): avc: denied { read } for name="u:object_r:vendor_camera_prop:s0" dev="tmpfs" ino=14470 scontext=u:r:untrusted_app:s0:c122,c256,c512,c768 tcontext=u:object_r:vendor_camera_prop:s0 tclass=file permissive=0

06-22 19:49:37.135  5278  6722 I LSPosed-Bridge: 5278 PermLabel 10122 android.permission.CAMERA getCameraInfo args0: 0; args1: android.hardware.Camera$CameraInfo@6f528d2; res= null; stacktrace=java.lang.Exception

06-22 19:49:37.135  5278  6722 I LSPosed-Bridge: 	at com.example.permlabel.hookCamera$1.afterHookedMethod(hookCamera.java:21)

06-22 19:49:37.135  5278  6722 I LSPosed-Bridge: 	at de.robv.android.xposed.XposedBridge$AdditionalHookInfo.callback(Unknown Source:147)

06-22 19:49:37.135  5278  6722 I LSPosed-Bridge: 	at LSPHooker_.getCameraInfo(Unknown Source:15)

06-22 19:49:37.135  5278  6722 I LSPosed-Bridge: 	at z74.e(chromium-Monochrome.aab-stable-573513121:6)

06-22 19:49:37.135  5278  6722 I LSPosed-Bridge: 	at org.chromium.media.VideoCaptureFactory.getFacingMode(chromium-Monochrome.aab-stable-573513121:10)

06-22 19:49:37.137  5278  6722 I LSPosed-Bridge: 5278 PermLabel 10122 android.permission.CAMERA getCameraInfo args0: 0; args1: android.hardware.Camera$CameraInfo@6f528d2; res= null; stacktrace=java.lang.Exception

06-22 19:49:37.137  5278  6722 I LSPosed-Bridge: 	at com.example.permlabel.hookCamera$1.afterHookedMethod(hookCamera.java:21)

06-22 19:49:37.137  5278  6722 I LSPosed-Bridge: 	at de.robv.android.xposed.XposedBridge$AdditionalHookInfo.callback(Unknown Source:147)

06-22 19:49:37.137  5278  6722 I LSPosed-Bridge: 	at LSPHooker_.getCameraInfo(Unknown Source:15)

06-22 19:49:37.137  5278  6722 I LSPosed-Bridge: 	at z74.e(chromium-Monochrome.aab-stable-573513121:6)

