06-22 19:39:36.235  5278  6722 I LSPosed-Bridge: 5278 PermLabel 10122 android.permission.CAMERA getCameraInfo args0: 1; args1: android.hardware.Camera$CameraInfo@299c476; res= null; stacktrace=java.lang.Exception

06-22 19:39:36.235  5278  6722 I LSPosed-Bridge: 5278 PermLabel 10122 android.permission.CAMERA getCameraInfo args0: 1; args1: android.hardware.Camera$CameraInfo@299c476; res= null; stacktrace=java.lang.Exception

06-22 19:39:36.235  5278  6722 I LSPosed-Bridge: 	at com.example.permlabel.hookCamera$1.afterHookedMethod(hookCamera.java:21)

06-22 19:39:36.235  5278  6722 I LSPosed-Bridge: 	at com.example.permlabel.hookCamera$1.afterHookedMethod(hookCamera.java:21)

06-22 19:39:36.235  5278  6722 I LSPosed-Bridge: 	at de.robv.android.xposed.XposedBridge$AdditionalHookInfo.callback(Unknown Source:147)

06-22 19:39:36.235  5278  6722 I LSPosed-Bridge: 	at de.robv.android.xposed.XposedBridge$AdditionalHookInfo.callback(Unknown Source:147)

06-22 19:39:36.235  5278  6722 I LSPosed-Bridge: 	at LSPHooker_.getCameraInfo(Unknown Source:15)

06-22 19:39:36.235  5278  6722 I LSPosed-Bridge: 	at LSPHooker_.getCameraInfo(Unknown Source:15)

06-22 19:39:36.235  5278  6722 I LSPosed-Bridge: 	at z74.e(chromium-Monochrome.aab-stable-573513121:6)

06-22 19:39:36.235  5278  6722 I LSPosed-Bridge: 	at z74.e(chromium-Monochrome.aab-stable-573513121:6)

06-22 19:39:36.235  5278  6722 I LSPosed-Bridge: 	at org.chromium.media.VideoCaptureFactory.getDeviceName(chromium-Monochrome.aab-stable-573513121:15)

06-22 19:39:36.235  5278  6722 I LSPosed-Bridge: 	at org.chromium.media.VideoCaptureFactory.getDeviceName(chromium-Monochrome.aab-stable-573513121:15)

06-22 19:39:36.235  5278  6722 I chatty  : uid=10122(homeworkout.homeworkouts.noequipment) ThreadPoolSingl identical 1 line

06-22 19:39:36.235  5278  6722 I chatty  : uid=10122(homeworkout.homeworkouts.noequipment) ThreadPoolSingl identical 1 line

06-22 19:39:36.235  5278  6722 I LSPosed-Bridge: 5278 PermLabel 10122 android.permission.CAMERA getCameraInfo args0: 1; args1: android.hardware.Camera$CameraInfo@299c476; res= null; stacktrace=java.lang.Exception

06-22 19:39:36.235  5278  6722 I LSPosed-Bridge: 5278 PermLabel 10122 android.permission.CAMERA getCameraInfo args0: 1; args1: android.hardware.Camera$CameraInfo@299c476; res= null; stacktrace=java.lang.Exception

06-22 19:39:36.235  5278  6722 I LSPosed-Bridge: 	at com.example.permlabel.hookCamera$1.afterHookedMethod(hookCamera.java:21)

06-22 19:39:36.235  5278  6722 I LSPosed-Bridge: 	at com.example.permlabel.hookCamera$1.afterHookedMethod(hookCamera.java:21)

06-22 19:39:36.235  5278  6722 I LSPosed-Bridge: 	at de.robv.android.xposed.XposedBridge$AdditionalHookInfo.callback(Unknown Source:147)

06-22 19:39:36.235  5278  6722 I LSPosed-Bridge: 	at de.robv.android.xposed.XposedBridge$AdditionalHookInfo.callback(Unknown Source:147)

06-22 19:39:36.235  5278  6722 I LSPosed-Bridge: 	at LSPHooker_.getCameraInfo(Unknown Source:15)

06-22 19:39:36.235  5278  6722 I LSPosed-Bridge: 	at LSPHooker_.getCameraInfo(Unknown Source:15)

06-22 19:39:36.235  5278  6722 I LSPosed-Bridge: 	at z74.e(chromium-Monochrome.aab-stable-573513121:6)

06-22 19:39:36.235  5278  6722 I LSPosed-Bridge: 	at z74.e(chromium-Monochrome.aab-stable-573513121:6)

06-22 19:39:36.235  5278  6722 I LSPosed-Bridge: 	at org.chromium.media.VideoCaptureFactory.getDeviceName(chromium-Monochrome.aab-stable-573513121:15)

06-22 19:39:36.235  5278  6722 I LSPosed-Bridge: 	at org.chromium.media.VideoCaptureFactory.getDeviceName(chromium-Monochrome.aab-stable-573513121:15)

06-22 19:39:36.265  5278  6722 I LSPosed-Bridge: 5278 PermLabel 10122 android.permission.CAMERA getCameraInfo args0: 1; args1: android.hardware.Camera$CameraInfo@9d5b202; res= null; stacktrace=java.lang.Exception

06-22 19:39:36.265  5278  6722 I LSPosed-Bridge: 	at com.example.permlabel.hookCamera$1.afterHookedMethod(hookCamera.java:21)

06-22 19:39:36.265  5278  6722 I LSPosed-Bridge: 	at de.robv.android.xposed.XposedBridge$AdditionalHookInfo.callback(Unknown Source:147)

06-22 19:39:36.265  5278  6722 I LSPosed-Bridge: 	at LSPHooker_.getCameraInfo(Unknown Source:15)

06-22 19:39:36.265  5278  6722 I LSPosed-Bridge: 	at z74.e(chromium-Monochrome.aab-stable-573513121:6)

06-22 19:39:36.265  5278  6722 I LSPosed-Bridge: 	at org.chromium.media.VideoCaptureFactory.getCaptureApiType(chromium-Monochrome.aab-stable-573513121:8)

06-22 19:39:36.265  5278  6722 I chatty  : uid=10122(homeworkout.homeworkouts.noequipment) ThreadPoolSingl identical 1 line

06-22 19:39:36.266  5278  6722 I LSPosed-Bridge: 5278 PermLabel 10122 android.permission.CAMERA getCameraInfo args0: 1; args1: android.hardware.Camera$CameraInfo@9d5b202; res= null; stacktrace=java.lang.Exception

06-22 19:39:36.266  5278  6722 I LSPosed-Bridge: 	at com.example.permlabel.hookCamera$1.afterHookedMethod(hookCamera.java:21)

06-22 19:39:36.266  5278  6722 I LSPosed-Bridge: 	at de.robv.android.xposed.XposedBridge$AdditionalHookInfo.callback(Unknown Source:147)

06-22 19:39:36.266  5278  6722 I LSPosed-Bridge: 	at LSPHooker_.getCameraInfo(Unknown Source:15)

06-22 19:39:36.266  5278  6722 I LSPosed-Bridge: 	at z74.e(chromium-Monochrome.aab-stable-573513121:6)

06-22 19:39:36.266  5278  6722 I LSPosed-Bridge: 	at org.chromium.media.VideoCaptureFactory.getCaptureApiType(chromium-Monochrome.aab-stable-573513121:8)

06-22 19:39:36.280  5278  6722 I LSPosed-Bridge: 5278 PermLabel 10122 android.permission.CAMERA getCameraInfo args0: 1; args1: android.hardware.Camera$CameraInfo@8f0ec4e; res= null; stacktrace=java.lang.Exception

06-22 19:39:36.280  5278  6722 I LSPosed-Bridge: 5278 PermLabel 10122 android.permission.CAMERA getCameraInfo args0: 1; args1: android.hardware.Camera$CameraInfo@8f0ec4e; res= null; stacktrace=java.lang.Exception

06-22 19:39:36.280  5278  6722 I LSPosed-Bridge: 	at com.example.permlabel.hookCamera$1.afterHookedMethod(hookCamera.java:21)

06-22 19:39:36.280  5278  6722 I LSPosed-Bridge: 	at com.example.permlabel.hookCamera$1.afterHookedMethod(hookCamera.java:21)

06-22 19:39:36.280  5278  6722 I LSPosed-Bridge: 	at de.robv.android.xposed.XposedBridge$AdditionalHookInfo.callback(Unknown Source:147)

06-22 19:39:36.280  5278  6722 I LSPosed-Bridge: 	at de.robv.android.xposed.XposedBridge$AdditionalHookInfo.callback(Unknown Source:147)

06-22 19:39:36.280  5278  6722 I LSPosed-Bridge: 	at LSPHooker_.getCameraInfo(Unknown Source:15)

06-22 19:39:36.280  5278  6722 I LSPosed-Bridge: 	at LSPHooker_.getCameraInfo(Unknown Source:15)

06-22 19:39:36.280  5278  6722 I LSPosed-Bridge: 	at z74.e(chromium-Monochrome.aab-stable-573513121:6)

06-22 19:39:36.280  5278  6722 I LSPosed-Bridge: 	at z74.e(chromium-Monochrome.aab-stable-573513121:6)

06-22 19:39:36.280  5278  6722 I LSPosed-Bridge: 	at org.chromium.media.VideoCaptureFactory.getFacingMode(chromium-Monochrome.aab-stable-573513121:10)

06-22 19:39:36.280  5278  6722 I LSPosed-Bridge: 	at org.chromium.media.VideoCaptureFactory.getFacingMode(chromium-Monochrome.aab-stable-573513121:10)

06-22 19:39:36.280  5278  6722 I chatty  : uid=10122(homeworkout.homeworkouts.noequipment) ThreadPoolSingl identical 1 line

06-22 19:39:36.280  5278  6722 I chatty  : uid=10122(homeworkout.homeworkouts.noequipment) ThreadPoolSingl identical 1 line

06-22 19:39:36.280  5278  6722 I LSPosed-Bridge: 5278 PermLabel 10122 android.permission.CAMERA getCameraInfo args0: 1; args1: android.hardware.Camera$CameraInfo@8f0ec4e; res= null; stacktrace=java.lang.Exception

06-22 19:39:36.280  5278  6722 I LSPosed-Bridge: 5278 PermLabel 10122 android.permission.CAMERA getCameraInfo args0: 1; args1: android.hardware.Camera$CameraInfo@8f0ec4e; res= null; stacktrace=java.lang.Exception

06-22 19:39:36.280  5278  6722 I LSPosed-Bridge: 	at com.example.permlabel.hookCamera$1.afterHookedMethod(hookCamera.java:21)

06-22 19:39:36.280  5278  6722 I LSPosed-Bridge: 	at com.example.permlabel.hookCamera$1.afterHookedMethod(hookCamera.java:21)

06-22 19:39:36.280  5278  6722 I LSPosed-Bridge: 	at de.robv.android.xposed.XposedBridge$AdditionalHookInfo.callback(Unknown Source:147)

06-22 19:39:36.280  5278  6722 I LSPosed-Bridge: 	at de.robv.android.xposed.XposedBridge$AdditionalHookInfo.callback(Unknown Source:147)

06-22 19:39:36.280  5278  6722 I LSPosed-Bridge: 	at LSPHooker_.getCameraInfo(Unknown Source:15)

06-22 19:39:36.280  5278  6722 I LSPosed-Bridge: 	at LSPHooker_.getCameraInfo(Unknown Source:15)

06-22 19:39:36.280  5278  6722 I LSPosed-Bridge: 	at z74.e(chromium-Monochrome.aab-stable-573513121:6)

06-22 19:39:36.280  5278  6722 I LSPosed-Bridge: 	at z74.e(chromium-Monochrome.aab-stable-573513121:6)

06-22 19:39:36.280  5278  6722 I LSPosed-Bridge: 	at org.chromium.media.VideoCaptureFactory.getFacingMode(chromium-Monochrome.aab-stable-573513121:10)

06-22 19:39:36.280  5278  6722 I LSPosed-Bridge: 	at org.chromium.media.VideoCaptureFactory.getFacingMode(chromium-Monochrome.aab-stable-573513121:10)

06-22 19:39:36.304   551   551 I ConfigStore: android::hardware::configstore::V1_0::ISurfaceFlingerConfigs::hasHDRDisplay retrieved: 0

06-22 19:39:36.304  1570  2085 I LSPosed-Bridge: 5278 PermLabel 10122 AMS.checkPermission: Binder.getCallingPid() = 911; uid = 10122; Binder.getCallingUid() = 1047; getNameForUid: null; getPackagesForUid: null; permName: android.permission.CAMERA; type = 1; res = -1; stacktrace=java.lang.Exception

06-22 19:39:36.304  1570  2085 I LSPosed-Bridge: 	at com.example.permlabel.requirePerm$1$2.afterHookedMethod(requirePerm.java:133)

06-22 19:39:36.304  1570  2085 I LSPosed-Bridge: 	at de.robv.android.xposed.XposedBridge$AdditionalHookInfo.callback(Unknown Source:147)

06-22 19:39:36.304  1570  2085 I LSPosed-Bridge: 	at LSPHooker_.checkPermission(Unknown Source:25)

06-22 19:39:36.304  1570  2085 I LSPosed-Bridge: 	at com.android.server.am.ActivityManagerService$PermissionController.checkPermission(ActivityManagerService.java:9248)

06-22 19:39:36.304  1570  2085 I LSPosed-Bridge: 	at android.os.IPermissionController$Stub.onTransact(IPermissionController.java:56)

06-22 19:39:36.304  1570  2085 I LSPosed-Bridge: 	at android.os.Binder.execTransact(Binder.java:731)

06-22 19:39:36.420  1570  5478 I LSPosed-Bridge: 5278 PermLabel 10122 AMS.checkPermission: Binder.getCallingPid() = 911; uid = 10122; Binder.getCallingUid() = 1047; getNameForUid: null; getPackagesForUid: null; permName: android.permission.CAMERA; type = 1; res = -1; stacktrace=java.lang.Exception

06-22 19:39:36.420  1570  5478 I LSPosed-Bridge: 	at com.example.permlabel.requirePerm$1$2.afterHookedMethod(requirePerm.java:133)

06-22 19:39:36.420  1570  5478 I LSPosed-Bridge: 	at de.robv.android.xposed.XposedBridge$AdditionalHookInfo.callback(Unknown Source:147)

06-22 19:39:36.420  1570  5478 I LSPosed-Bridge: 	at LSPHooker_.checkPermission(Unknown Source:25)

06-22 19:39:36.420  1570  5478 I LSPosed-Bridge: 	at com.android.server.am.ActivityManagerService$PermissionController.checkPermission(ActivityManagerService.java:9248)

06-22 19:39:36.420  1570  5478 I LSPosed-Bridge: 	at android.os.IPermissionController$Stub.onTransact(IPermissionController.java:56)

06-22 19:39:36.420  1570  5478 I LSPosed-Bridge: 	at android.os.Binder.execTransact(Binder.java:731)

06-22 19:39:36.525   551   551 I ConfigStore: android::hardware::configstore::V1_0::ISurfaceFlingerConfigs::hasHDRDisplay retrieved: 0

06-22 19:39:36.525  1570  2085 I LSPosed-Bridge: 5278 PermLabel 10122 AMS.checkPermission: Binder.getCallingPid() = 911; uid = 10122; Binder.getCallingUid() = 1047; getNameForUid: null; getPackagesForUid: null; permName: android.permission.CAMERA; type = 1; res = -1; stacktrace=java.lang.Exception

06-22 19:39:36.525  1570  2085 I LSPosed-Bridge: 	at com.example.permlabel.requirePerm$1$2.afterHookedMethod(requirePerm.java:133)

06-22 19:39:36.525  1570  2085 I LSPosed-Bridge: 	at de.robv.android.xposed.XposedBridge$AdditionalHookInfo.callback(Unknown Source:147)

06-22 19:39:36.525  1570  2085 I LSPosed-Bridge: 	at LSPHooker_.checkPermission(Unknown Source:25)

06-22 19:39:36.525  1570  2085 I LSPosed-Bridge: 	at com.android.server.am.ActivityManagerService$PermissionController.checkPermission(ActivityManagerService.java:9248)

06-22 19:39:36.525  1570  2085 I LSPosed-Bridge: 	at android.os.IPermissionController$Stub.onTransact(IPermissionController.java:56)

06-22 19:39:36.525  1570  2085 I LSPosed-Bridge: 	at android.os.Binder.execTransact(Binder.java:731)

06-22 19:39:36.525   551   551 I ConfigStore: android::hardware::configstore::V1_0::ISurfaceFlingerConfigs::hasHDRDisplay retrieved: 0

06-22 19:39:36.525   911  4292 W ServiceManager: Permission failure: android.permission.CAMERA from uid=10122 pid=5278

06-22 19:39:36.629  1570  7756 I LSPosed-Bridge: 5278 PermLabel 10122 AMS.checkPermission: Binder.getCallingPid() = 911; uid = 10122; Binder.getCallingUid() = 1047; getNameForUid: null; getPackagesForUid: null; permName: android.permission.CAMERA; type = 1; res = -1; stacktrace=java.lang.Exception

06-22 19:39:36.629  1570  7756 I LSPosed-Bridge: 	at com.example.permlabel.requirePerm$1$2.afterHookedMethod(requirePerm.java:133)

06-22 19:39:36.629  1570  7756 I LSPosed-Bridge: 	at de.robv.android.xposed.XposedBridge$AdditionalHookInfo.callback(Unknown Source:147)

06-22 19:39:36.629  1570  7756 I LSPosed-Bridge: 	at LSPHooker_.checkPermission(Unknown Source:25)

06-22 19:39:36.629  1570  7756 I LSPosed-Bridge: 	at com.android.server.am.ActivityManagerService$PermissionController.checkPermission(ActivityManagerService.java:9248)

06-22 19:39:36.629  1570  7756 I LSPosed-Bridge: 	at android.os.IPermissionController$Stub.onTransact(IPermissionController.java:56)

06-22 19:39:36.629  1570  7756 I LSPosed-Bridge: 	at android.os.Binder.execTransact(Binder.java:731)

06-22 19:39:36.732  1570  1720 I LSPosed-Bridge: 5278 PermLabel 10122 AMS.checkPermission: Binder.getCallingPid() = 911; uid = 10122; Binder.getCallingUid() = 1047; getNameForUid: null; getPackagesForUid: null; permName: android.permission.CAMERA; type = 1; res = -1; stacktrace=java.lang.Exception

06-22 19:39:36.732  1570  1720 I LSPosed-Bridge: 	at com.example.permlabel.requirePerm$1$2.afterHookedMethod(requirePerm.java:133)

06-22 19:39:36.732  1570  1720 I LSPosed-Bridge: 	at de.robv.android.xposed.XposedBridge$AdditionalHookInfo.callback(Unknown Source:147)

06-22 19:39:36.732  1570  1720 I LSPosed-Bridge: 	at LSPHooker_.checkPermission(Unknown Source:25)

06-22 19:39:36.732  1570  1720 I LSPosed-Bridge: 	at com.android.server.am.ActivityManagerService$PermissionController.checkPermission(ActivityManagerService.java:9248)

06-22 19:39:36.732  1570  1720 I LSPosed-Bridge: 	at android.os.IPermissionController$Stub.onTransact(IPermissionController.java:56)

06-22 19:39:36.732  1570  1720 I LSPosed-Bridge: 	at android.os.Binder.execTransact(Binder.java:731)

06-22 19:39:36.835  1570  5492 I LSPosed-Bridge: 5278 PermLabel 10122 AMS.checkPermission: Binder.getCallingPid() = 911; uid = 10122; Binder.getCallingUid() = 1047; getNameForUid: null; getPackagesForUid: null; permName: android.permission.CAMERA; type = 1; res = -1; stacktrace=java.lang.Exception

06-22 19:39:36.835  1570  5492 I LSPosed-Bridge: 	at com.example.permlabel.requirePerm$1$2.afterHookedMethod(requirePerm.java:133)

06-22 19:39:36.835  1570  5492 I LSPosed-Bridge: 	at de.robv.android.xposed.XposedBridge$AdditionalHookInfo.callback(Unknown Source:147)

06-22 19:39:36.835  1570  5492 I LSPosed-Bridge: 	at LSPHooker_.checkPermission(Unknown Source:25)

06-22 19:39:36.835  1570  5492 I LSPosed-Bridge: 	at com.android.server.am.ActivityManagerService$PermissionController.checkPermission(ActivityManagerService.java:9248)

06-22 19:39:36.835  1570  5492 I LSPosed-Bridge: 	at android.os.IPermissionController$Stub.onTransact(IPermissionController.java:56)

06-22 19:39:36.835  1570  5492 I LSPosed-Bridge: 	at android.os.Binder.execTransact(Binder.java:731)

06-22 19:39:36.939  1570  1848 I LSPosed-Bridge: 5278 PermLabel 10122 AMS.checkPermission: Binder.getCallingPid() = 911; uid = 10122; Binder.getCallingUid() = 1047; getNameForUid: null; getPackagesForUid: null; permName: android.permission.CAMERA; type = 1; res = -1; stacktrace=java.lang.Exception

06-22 19:39:36.939  1570  1848 I LSPosed-Bridge: 	at com.example.permlabel.requirePerm$1$2.afterHookedMethod(requirePerm.java:133)

06-22 19:39:36.939  1570  1848 I LSPosed-Bridge: 	at de.robv.android.xposed.XposedBridge$AdditionalHookInfo.callback(Unknown Source:147)

06-22 19:39:36.939  1570  1848 I LSPosed-Bridge: 	at LSPHooker_.checkPermission(Unknown Source:25)

06-22 19:39:36.939  1570  1848 I LSPosed-Bridge: 	at com.android.server.am.ActivityManagerService$PermissionController.checkPermission(ActivityManagerService.java:9248)

06-22 19:39:36.939  1570  1848 I LSPosed-Bridge: 	at android.os.IPermissionController$Stub.onTransact(IPermissionController.java:56)

06-22 19:39:36.939  1570  1848 I LSPosed-Bridge: 	at android.os.Binder.execTransact(Binder.java:731)

06-22 19:39:36.939   911  4292 W ServiceManager: Permission failure: android.permission.CAMERA from uid=10122 pid=5278

06-22 19:39:36.939   911  4292 E CameraService: Permission Denial: can't use the camera pid=5278, uid=10122

06-22 19:39:36.939   551   551 I ConfigStore: android::hardware::configstore::V1_0::ISurfaceFlingerConfigs::hasHDRDisplay retrieved: 0

06-22 19:39:36.939  5278  6722 W CameraBase: An error occurred while connecting to camera 1: Status(-8): '1: validateClientPermissionsLocked:906: Caller "homeworkout.homeworkouts.noequipment" (PID 10122, UID 5278) cannot open camera "1" without camera permission'

06-22 19:39:36.939  9355  9370 W JavaBinder: BinderProxy is being destroyed but the application did not call unlinkToDeath to unlink all of its death recipients beforehand.  Releasing leaked death recipient: X.0Pq

06-22 19:39:37.042   551   551 I ConfigStore: android::hardware::configstore::V1_0::ISurfaceFlingerConfigs::hasHDRDisplay retrieved: 0

06-22 19:39:37.042  1570  5491 I LSPosed-Bridge: 5278 PermLabel 10122 AMS.checkPermission: Binder.getCallingPid() = 911; uid = 10122; Binder.getCallingUid() = 1047; getNameForUid: null; getPackagesForUid: null; permName: android.permission.CAMERA; type = 1; res = -1; stacktrace=java.lang.Exception

06-22 19:39:37.042  1570  5491 I LSPosed-Bridge: 	at com.example.permlabel.requirePerm$1$2.afterHookedMethod(requirePerm.java:133)

06-22 19:39:37.042  1570  5491 I LSPosed-Bridge: 	at de.robv.android.xposed.XposedBridge$AdditionalHookInfo.callback(Unknown Source:147)

06-22 19:39:37.042  1570  5491 I LSPosed-Bridge: 	at LSPHooker_.checkPermission(Unknown Source:25)

06-22 19:39:37.042  1570  5491 I LSPosed-Bridge: 	at com.android.server.am.ActivityManagerService$PermissionController.checkPermission(ActivityManagerService.java:9248)

06-22 19:39:37.042  1570  5491 I LSPosed-Bridge: 	at android.os.IPermissionController$Stub.onTransact(IPermissionController.java:56)

06-22 19:39:37.042  1570  5491 I LSPosed-Bridge: 	at android.os.Binder.execTransact(Binder.java:731)

06-22 19:39:37.042   551   551 I ConfigStore: android::hardware::configstore::V1_0::ISurfaceFlingerConfigs::hasHDRDisplay retrieved: 0

06-22 19:39:37.042   911  4292 W ServiceManager: Permission failure: android.permission.CAMERA from uid=10122 pid=5278

06-22 19:39:37.042   911  4292 E CameraService: Permission Denial: can't use the camera pid=5278, uid=10122

06-22 19:39:37.145  1570  5491 I LSPosed-Bridge: 5278 PermLabel 10122 AMS.checkPermission: Binder.getCallingPid() = 911; uid = 10122; Binder.getCallingUid() = 1047; getNameForUid: null; getPackagesForUid: null; permName: android.permission.CAMERA; type = 1; res = -1; stacktrace=java.lang.Exception

06-22 19:39:37.145  1570  5491 I LSPosed-Bridge: 	at com.example.permlabel.requirePerm$1$2.afterHookedMethod(requirePerm.java:133)

06-22 19:39:37.145  1570  5491 I LSPosed-Bridge: 	at de.robv.android.xposed.XposedBridge$AdditionalHookInfo.callback(Unknown Source:147)

06-22 19:39:37.145  1570  5491 I LSPosed-Bridge: 	at LSPHooker_.checkPermission(Unknown Source:25)

06-22 19:39:37.145  1570  5491 I LSPosed-Bridge: 	at com.android.server.am.ActivityManagerService$PermissionController.checkPermission(ActivityManagerService.java:9248)

06-22 19:39:37.145  1570  5491 I LSPosed-Bridge: 	at android.os.IPermissionController$Stub.onTransact(IPermissionController.java:56)

06-22 19:39:37.145  1570  5491 I LSPosed-Bridge: 	at android.os.Binder.execTransact(Binder.java:731)

06-22 19:39:37.148  5278  6722 I LSPosed-Bridge: 5278 PermLabel 10122 android.permission.CAMERA open cameraId: 1; res= null; stacktrace=java.lang.Exception

06-22 19:39:37.148  5278  6722 I LSPosed-Bridge: 5278 PermLabel 10122 android.permission.CAMERA open cameraId: 1; res= null; stacktrace=java.lang.Exception

06-22 19:39:37.148  5278  6722 I LSPosed-Bridge: 	at com.example.permlabel.hookCamera$3.afterHookedMethod(hookCamera.java:49)

06-22 19:39:37.148  5278  6722 I LSPosed-Bridge: 	at com.example.permlabel.hookCamera$3.afterHookedMethod(hookCamera.java:49)

06-22 19:39:37.148  5278  6722 I LSPosed-Bridge: 	at de.robv.android.xposed.XposedBridge$AdditionalHookInfo.callback(Unknown Source:147)

06-22 19:39:37.148  5278  6722 I LSPosed-Bridge: 	at de.robv.android.xposed.XposedBridge$AdditionalHookInfo.callback(Unknown Source:147)

06-22 19:39:37.148  5278  6722 I LSPosed-Bridge: 	at LSPHooker_.open(Unknown Source:12)

06-22 19:39:37.148  5278  6722 I LSPosed-Bridge: 	at LSPHooker_.open(Unknown Source:12)

06-22 19:39:37.148  5278  6722 I LSPosed-Bridge: 	at org.chromium.media.VideoCaptureFactory.isZoomSupported(chromium-Monochrome.aab-stable-573513121:10)

06-22 19:39:37.148  5278  6722 I LSPosed-Bridge: 	at org.chromium.media.VideoCaptureFactory.isZoomSupported(chromium-Monochrome.aab-stable-573513121:10)

06-22 19:39:37.148  5278  6722 I chatty  : uid=10122(homeworkout.homeworkouts.noequipment) ThreadPoolSingl identical 1 line

06-22 19:39:37.148  5278  6722 I chatty  : uid=10122(homeworkout.homeworkouts.noequipment) ThreadPoolSingl identical 1 line

06-22 19:39:37.148  5278  6722 I LSPosed-Bridge: 5278 PermLabel 10122 android.permission.CAMERA open cameraId: 1; res= null; stacktrace=java.lang.Exception

06-22 19:39:37.148  5278  6722 I LSPosed-Bridge: 5278 PermLabel 10122 android.permission.CAMERA open cameraId: 1; res= null; stacktrace=java.lang.Exception

06-22 19:39:37.148  5278  6722 I LSPosed-Bridge: 	at com.example.permlabel.hookCamera$3.afterHookedMethod(hookCamera.java:49)

06-22 19:39:37.148  5278  6722 I LSPosed-Bridge: 	at com.example.permlabel.hookCamera$3.afterHookedMethod(hookCamera.java:49)

06-22 19:39:37.148  5278  6722 I LSPosed-Bridge: 	at de.robv.android.xposed.XposedBridge$AdditionalHookInfo.callback(Unknown Source:147)

06-22 19:39:37.148  5278  6722 I LSPosed-Bridge: 	at de.robv.android.xposed.XposedBridge$AdditionalHookInfo.callback(Unknown Source:147)

06-22 19:39:37.148  5278  6722 I LSPosed-Bridge: 	at LSPHooker_.open(Unknown Source:12)

06-22 19:39:37.148  5278  6722 I LSPosed-Bridge: 	at LSPHooker_.open(Unknown Source:12)

06-22 19:39:37.148  5278  6722 I LSPosed-Bridge: 	at org.chromium.media.VideoCaptureFactory.isZoomSupported(chromium-Monochrome.aab-stable-573513121:10)

06-22 19:39:37.148  5278  6722 I LSPosed-Bridge: 	at org.chromium.media.VideoCaptureFactory.isZoomSupported(chromium-Monochrome.aab-stable-573513121:10)

06-22 19:39:37.170  1570  5491 I LSPosed-Bridge: 5278 PermLabel 10122 AMS.checkPermission: Binder.getCallingPid() = 911; uid = 10122; Binder.getCallingUid() = 1047; getNameForUid: null; getPackagesForUid: null; permName: android.permission.CAMERA; type = 1; res = -1; stacktrace=java.lang.Exception

06-22 19:39:37.170  1570  5491 I LSPosed-Bridge: 	at com.example.permlabel.requirePerm$1$2.afterHookedMethod(requirePerm.java:133)

06-22 19:39:37.170  1570  5491 I LSPosed-Bridge: 	at de.robv.android.xposed.XposedBridge$AdditionalHookInfo.callback(Unknown Source:147)

06-22 19:39:37.170  1570  5491 I LSPosed-Bridge: 	at LSPHooker_.checkPermission(Unknown Source:25)

06-22 19:39:37.170  1570  5491 I LSPosed-Bridge: 	at com.android.server.am.ActivityManagerService$PermissionController.checkPermission(ActivityManagerService.java:9248)

06-22 19:39:37.170  1570  5491 I LSPosed-Bridge: 	at android.os.IPermissionController$Stub.onTransact(IPermissionController.java:56)

06-22 19:39:37.170  1570  5491 I LSPosed-Bridge: 	at android.os.Binder.execTransact(Binder.java:731)

06-22 19:39:37.276  1570  2700 I LSPosed-Bridge: 5278 PermLabel 10122 AMS.checkPermission: Binder.getCallingPid() = 911; uid = 10122; Binder.getCallingUid() = 1047; getNameForUid: null; getPackagesForUid: null; permName: android.permission.CAMERA; type = 1; res = -1; stacktrace=java.lang.Exception

06-22 19:39:37.276  1570  2700 I LSPosed-Bridge: 	at com.example.permlabel.requirePerm$1$2.afterHookedMethod(requirePerm.java:133)

06-22 19:39:37.276  1570  2700 I LSPosed-Bridge: 	at de.robv.android.xposed.XposedBridge$AdditionalHookInfo.callback(Unknown Source:147)

06-22 19:39:37.276  1570  2700 I LSPosed-Bridge: 	at LSPHooker_.checkPermission(Unknown Source:25)

06-22 19:39:37.276  1570  2700 I LSPosed-Bridge: 	at com.android.server.am.ActivityManagerService$PermissionController.checkPermission(ActivityManagerService.java:9248)

06-22 19:39:37.276  1570  2700 I LSPosed-Bridge: 	at android.os.IPermissionController$Stub.onTransact(IPermissionController.java:56)

06-22 19:39:37.276  1570  2700 I LSPosed-Bridge: 	at android.os.Binder.execTransact(Binder.java:731)

06-22 19:39:37.276   911  4292 W ServiceManager: Permission failure: android.permission.CAMERA from uid=10122 pid=5278

06-22 19:39:37.380  1570  1583 I LSPosed-Bridge: 5278 PermLabel 10122 AMS.checkPermission: Binder.getCallingPid() = 911; uid = 10122; Binder.getCallingUid() = 1047; getNameForUid: null; getPackagesForUid: null; permName: android.permission.CAMERA; type = 1; res = -1; stacktrace=java.lang.Exception

06-22 19:39:37.380  1570  1583 I LSPosed-Bridge: 	at com.example.permlabel.requirePerm$1$2.afterHookedMethod(requirePerm.java:133)

06-22 19:39:37.380  1570  1583 I LSPosed-Bridge: 	at de.robv.android.xposed.XposedBridge$AdditionalHookInfo.callback(Unknown Source:147)

06-22 19:39:37.380  1570  1583 I LSPosed-Bridge: 	at LSPHooker_.checkPermission(Unknown Source:25)

06-22 19:39:37.380  1570  1583 I LSPosed-Bridge: 	at com.android.server.am.ActivityManagerService$PermissionController.checkPermission(ActivityManagerService.java:9248)

06-22 19:39:37.380  1570  1583 I LSPosed-Bridge: 	at android.os.IPermissionController$Stub.onTransact(IPermissionController.java:56)

06-22 19:39:37.380  1570  1583 I LSPosed-Bridge: 	at android.os.Binder.execTransact(Binder.java:731)

06-22 19:39:37.483  1570  5501 I LSPosed-Bridge: 5278 PermLabel 10122 AMS.checkPermission: Binder.getCallingPid() = 911; uid = 10122; Binder.getCallingUid() = 1047; getNameForUid: null; getPackagesForUid: null; permName: android.permission.CAMERA; type = 1; res = -1; stacktrace=java.lang.Exception

06-22 19:39:37.483  1570  5501 I LSPosed-Bridge: 	at com.example.permlabel.requirePerm$1$2.afterHookedMethod(requirePerm.java:133)

06-22 19:39:37.483  1570  5501 I LSPosed-Bridge: 	at de.robv.android.xposed.XposedBridge$AdditionalHookInfo.callback(Unknown Source:147)

06-22 19:39:37.483  1570  5501 I LSPosed-Bridge: 	at LSPHooker_.checkPermission(Unknown Source:25)

06-22 19:39:37.483  1570  5501 I LSPosed-Bridge: 	at com.android.server.am.ActivityManagerService$PermissionController.checkPermission(ActivityManagerService.java:9248)

06-22 19:39:37.483  1570  5501 I LSPosed-Bridge: 	at android.os.IPermissionController$Stub.onTransact(IPermissionController.java:56)

06-22 19:39:37.483  1570  5501 I LSPosed-Bridge: 	at android.os.Binder.execTransact(Binder.java:731)

06-22 19:39:37.586  1570  5501 I LSPosed-Bridge: 5278 PermLabel 10122 AMS.checkPermission: Binder.getCallingPid() = 911; uid = 10122; Binder.getCallingUid() = 1047; getNameForUid: null; getPackagesForUid: null; permName: android.permission.CAMERA; type = 1; res = -1; stacktrace=java.lang.Exception

06-22 19:39:37.586  1570  5501 I LSPosed-Bridge: 	at com.example.permlabel.requirePerm$1$2.afterHookedMethod(requirePerm.java:133)

06-22 19:39:37.586  1570  5501 I LSPosed-Bridge: 	at de.robv.android.xposed.XposedBridge$AdditionalHookInfo.callback(Unknown Source:147)

06-22 19:39:37.586  1570  5501 I LSPosed-Bridge: 	at LSPHooker_.checkPermission(Unknown Source:25)

06-22 19:39:37.586  1570  5501 I LSPosed-Bridge: 	at com.android.server.am.ActivityManagerService$PermissionController.checkPermission(ActivityManagerService.java:9248)

06-22 19:39:37.586  1570  5501 I LSPosed-Bridge: 	at android.os.IPermissionController$Stub.onTransact(IPermissionController.java:56)

06-22 19:39:37.586  1570  5501 I LSPosed-Bridge: 	at android.os.Binder.execTransact(Binder.java:731)

06-22 19:39:37.689  1570  2700 I LSPosed-Bridge: 5278 PermLabel 10122 AMS.checkPermission: Binder.getCallingPid() = 911; uid = 10122; Binder.getCallingUid() = 1047; getNameForUid: null; getPackagesForUid: null; permName: android.permission.CAMERA; type = 1; res = -1; stacktrace=java.lang.Exception

06-22 19:39:37.689  1570  2700 I LSPosed-Bridge: 	at com.example.permlabel.requirePerm$1$2.afterHookedMethod(requirePerm.java:133)

06-22 19:39:37.689  1570  2700 I LSPosed-Bridge: 	at de.robv.android.xposed.XposedBridge$AdditionalHookInfo.callback(Unknown Source:147)

06-22 19:39:37.689  1570  2700 I LSPosed-Bridge: 	at LSPHooker_.checkPermission(Unknown Source:25)

06-22 19:39:37.689  1570  2700 I LSPosed-Bridge: 	at com.android.server.am.ActivityManagerService$PermissionController.checkPermission(ActivityManagerService.java:9248)

06-22 19:39:37.689  1570  2700 I LSPosed-Bridge: 	at android.os.IPermissionController$Stub.onTransact(IPermissionController.java:56)

06-22 19:39:37.689  1570  2700 I LSPosed-Bridge: 	at android.os.Binder.execTransact(Binder.java:731)

06-22 19:39:37.797  1570  2700 I LSPosed-Bridge: 5278 PermLabel 10122 AMS.checkPermission: Binder.getCallingPid() = 911; uid = 10122; Binder.getCallingUid() = 1047; getNameForUid: null; getPackagesForUid: null; permName: android.permission.CAMERA; type = 1; res = -1; stacktrace=java.lang.Exception

06-22 19:39:37.797  1570  2700 I LSPosed-Bridge: 	at com.example.permlabel.requirePerm$1$2.afterHookedMethod(requirePerm.java:133)

06-22 19:39:37.797  1570  2700 I LSPosed-Bridge: 	at de.robv.android.xposed.XposedBridge$AdditionalHookInfo.callback(Unknown Source:147)

06-22 19:39:37.797  1570  2700 I LSPosed-Bridge: 	at LSPHooker_.checkPermission(Unknown Source:25)

06-22 19:39:37.797  1570  2700 I LSPosed-Bridge: 	at com.android.server.am.ActivityManagerService$PermissionController.checkPermission(ActivityManagerService.java:9248)

06-22 19:39:37.797  1570  2700 I LSPosed-Bridge: 	at android.os.IPermissionController$Stub.onTransact(IPermissionController.java:56)

06-22 19:39:37.797  1570  2700 I LSPosed-Bridge: 	at android.os.Binder.execTransact(Binder.java:731)

06-22 19:39:37.901  1570  2700 I LSPosed-Bridge: 5278 PermLabel 10122 AMS.checkPermission: Binder.getCallingPid() = 911; uid = 10122; Binder.getCallingUid() = 1047; getNameForUid: null; getPackagesForUid: null; permName: android.permission.CAMERA; type = 1; res = -1; stacktrace=java.lang.Exception

06-22 19:39:37.901  1570  2700 I LSPosed-Bridge: 	at com.example.permlabel.requirePerm$1$2.afterHookedMethod(requirePerm.java:133)

06-22 19:39:37.901  1570  2700 I LSPosed-Bridge: 	at de.robv.android.xposed.XposedBridge$AdditionalHookInfo.callback(Unknown Source:147)

06-22 19:39:37.901  1570  2700 I LSPosed-Bridge: 	at LSPHooker_.checkPermission(Unknown Source:25)

06-22 19:39:37.901  1570  2700 I LSPosed-Bridge: 	at com.android.server.am.ActivityManagerService$PermissionController.checkPermission(ActivityManagerService.java:9248)

06-22 19:39:37.901  1570  2700 I LSPosed-Bridge: 	at android.os.IPermissionController$Stub.onTransact(IPermissionController.java:56)

06-22 19:39:37.901  1570  2700 I LSPosed-Bridge: 	at android.os.Binder.execTransact(Binder.java:731)

06-22 19:39:38.004  1570  2700 I LSPosed-Bridge: 5278 PermLabel 10122 AMS.checkPermission: Binder.getCallingPid() = 911; uid = 10122; Binder.getCallingUid() = 1047; getNameForUid: null; getPackagesForUid: null; permName: android.permission.CAMERA; type = 1; res = -1; stacktrace=java.lang.Exception

06-22 19:39:38.004  1570  2700 I LSPosed-Bridge: 	at com.example.permlabel.requirePerm$1$2.afterHookedMethod(requirePerm.java:133)

06-22 19:39:38.004  1570  2700 I LSPosed-Bridge: 	at de.robv.android.xposed.XposedBridge$AdditionalHookInfo.callback(Unknown Source:147)

06-22 19:39:38.004  1570  2700 I LSPosed-Bridge: 	at LSPHooker_.checkPermission(Unknown Source:25)

06-22 19:39:38.004  1570  2700 I LSPosed-Bridge: 	at com.android.server.am.ActivityManagerService$PermissionController.checkPermission(ActivityManagerService.java:9248)

06-22 19:39:38.004  1570  2700 I LSPosed-Bridge: 	at android.os.IPermissionController$Stub.onTransact(IPermissionController.java:56)

06-22 19:39:38.004  1570  2700 I LSPosed-Bridge: 	at android.os.Binder.execTransact(Binder.java:731)

06-22 19:39:38.004   911  4292 W ServiceManager: Permission failure: android.permission.CAMERA from uid=10122 pid=5278

06-22 19:39:38.004   911  4292 E CameraService: Permission Denial: can't use the camera pid=5278, uid=10122

06-22 19:39:38.005  5278  6722 W CameraBase: An error occurred while connecting to camera 1: Status(-8): '1: validateClientPermissionsLocked:906: Caller "homeworkout.homeworkouts.noequipment" (PID 10122, UID 5278) cannot open camera "1" without camera permission'

06-22 19:39:38.005  5278  6722 W CameraBase: An error occurred while connecting to camera 1: Status(-8): '1: validateClientPermissionsLocked:906: Caller "homeworkout.homeworkouts.noequipment" (PID 10122, UID 5278) cannot open camera "1" without camera permission'

06-22 19:39:38.005  5278  6722 E Camera  : Camera  err=-13

06-22 19:39:38.005  5278  6722 E Camera  : Camera  err=-13

06-22 19:39:38.005  5278  6722 I LSPosed-Bridge: 5278 PermLabel 10122 android.permission.CAMERA open cameraId: 1; res= null; stacktrace=java.lang.Exception

06-22 19:39:38.005  5278  6722 I LSPosed-Bridge: 5278 PermLabel 10122 android.permission.CAMERA open cameraId: 1; res= null; stacktrace=java.lang.Exception

06-22 19:39:38.005  5278  6722 I LSPosed-Bridge: 	at com.example.permlabel.hookCamera$3.afterHookedMethod(hookCamera.java:49)

06-22 19:39:38.005  5278  6722 I LSPosed-Bridge: 	at com.example.permlabel.hookCamera$3.afterHookedMethod(hookCamera.java:49)

06-22 19:39:38.005  5278  6722 I LSPosed-Bridge: 	at de.robv.android.xposed.XposedBridge$AdditionalHookInfo.callback(Unknown Source:147)

06-22 19:39:38.005  5278  6722 I LSPosed-Bridge: 	at de.robv.android.xposed.XposedBridge$AdditionalHookInfo.callback(Unknown Source:147)

06-22 19:39:38.005  5278  6722 I LSPosed-Bridge: 	at LSPHooker_.open(Unknown Source:12)

06-22 19:39:38.005  5278  6722 I LSPosed-Bridge: 	at LSPHooker_.open(Unknown Source:12)

06-22 19:39:38.005  5278  6722 I LSPosed-Bridge: 	at org.chromium.media.VideoCaptureFactory.getDeviceSupportedFormats(chromium-Monochrome.aab-stable-573513121:13)

06-22 19:39:38.005  5278  6722 I LSPosed-Bridge: 	at org.chromium.media.VideoCaptureFactory.getDeviceSupportedFormats(chromium-Monochrome.aab-stable-573513121:13)

06-22 19:39:38.005  5278  6722 I chatty  : uid=10122(homeworkout.homeworkouts.noequipment) ThreadPoolSingl identical 1 line

06-22 19:39:38.005  5278  6722 I chatty  : uid=10122(homeworkout.homeworkouts.noequipment) ThreadPoolSingl identical 1 line

06-22 19:39:38.005  5278  6722 I LSPosed-Bridge: 5278 PermLabel 10122 android.permission.CAMERA open cameraId: 1; res= null; stacktrace=java.lang.Exception

06-22 19:39:38.005  5278  6722 I LSPosed-Bridge: 5278 PermLabel 10122 android.permission.CAMERA open cameraId: 1; res= null; stacktrace=java.lang.Exception

06-22 19:39:38.005  5278  6722 I LSPosed-Bridge: 	at com.example.permlabel.hookCamera$3.afterHookedMethod(hookCamera.java:49)

06-22 19:39:38.005  5278  6722 I LSPosed-Bridge: 	at com.example.permlabel.hookCamera$3.afterHookedMethod(hookCamera.java:49)

06-22 19:39:38.005  5278  6722 I LSPosed-Bridge: 	at de.robv.android.xposed.XposedBridge$AdditionalHookInfo.callback(Unknown Source:147)

06-22 19:39:38.005  5278  6722 I LSPosed-Bridge: 	at de.robv.android.xposed.XposedBridge$AdditionalHookInfo.callback(Unknown Source:147)

06-22 19:39:38.005  5278  6722 I LSPosed-Bridge: 	at LSPHooker_.open(Unknown Source:12)

06-22 19:39:38.005  5278  6722 I LSPosed-Bridge: 	at LSPHooker_.open(Unknown Source:12)

06-22 19:39:38.005  5278  6722 I LSPosed-Bridge: 	at org.chromium.media.VideoCaptureFactory.getDeviceSupportedFormats(chromium-Monochrome.aab-stable-573513121:13)

06-22 19:39:38.005  5278  6722 I LSPosed-Bridge: 	at org.chromium.media.VideoCaptureFactory.getDeviceSupportedFormats(chromium-Monochrome.aab-stable-573513121:13)

06-22 19:39:38.005  5278  6722 E cr_VideoCapture: Camera.open: 

06-22 19:39:38.005  5278  6722 E cr_VideoCapture: Camera.open: 

06-22 19:39:38.005  5278  6722 E cr_VideoCapture: java.lang.RuntimeException: Fail to connect to camera service

06-22 19:39:38.005  5278  6722 E cr_VideoCapture: java.lang.RuntimeException: Fail to connect to camera service

06-22 19:39:38.005  5278  6722 E cr_VideoCapture: 	at android.hardware.Camera.<init>(Camera.java:669)

06-22 19:39:38.005  5278  6722 E cr_VideoCapture: 	at android.hardware.Camera.<init>(Camera.java:669)

06-22 19:39:38.005  5278  6722 E cr_VideoCapture: 	at android.hardware.Camera.open(Camera.java:460)

06-22 19:39:38.005  5278  6722 E cr_VideoCapture: 	at android.hardware.Camera.open(Camera.java:460)

06-22 19:39:38.005  5278  6722 E cr_VideoCapture: 	at java.lang.reflect.Method.invoke(Native Method)

06-22 19:39:38.005  5278  6722 E cr_VideoCapture: 	at java.lang.reflect.Method.invoke(Native Method)

06-22 19:39:38.005  5278  6722 E cr_VideoCapture: 	at org.lsposed.lspd.nativebridge.HookBridge.invokeOriginalMethod(Native Method)

06-22 19:39:38.005  5278  6722 E cr_VideoCapture: 	at org.lsposed.lspd.nativebridge.HookBridge.invokeOriginalMethod(Native Method)

06-22 19:39:38.005  5278  6722 E cr_VideoCapture: 	at de.robv.android.xposed.XposedBridge$AdditionalHookInfo.callback(Unknown Source:110)

06-22 19:39:38.005  5278  6722 E cr_VideoCapture: 	at de.robv.android.xposed.XposedBridge$AdditionalHookInfo.callback(Unknown Source:110)

06-22 19:39:38.005  5278  6722 E cr_VideoCapture: 	at LSPHooker_.open(Unknown Source:12)

06-22 19:39:38.005  5278  6722 E cr_VideoCapture: 	at LSPHooker_.open(Unknown Source:12)

06-22 19:39:38.005  5278  6722 E cr_VideoCapture: 	at org.chromium.media.VideoCaptureFactory.getDeviceSupportedFormats(chromium-Monochrome.aab-stable-573513121:13)

06-22 19:39:38.005  5278  6722 E cr_VideoCapture: 	at org.chromium.media.VideoCaptureFactory.getDeviceSupportedFormats(chromium-Monochrome.aab-stable-573513121:13)

06-22 19:39:38.150  5278  6722 I LSPosed-Bridge: 5278 PermLabel 10122 android.permission.CAMERA getCameraInfo args0: 0; args1: android.hardware.Camera$CameraInfo@3830f5b; res= null; stacktrace=java.lang.Exception

06-22 19:39:38.150  5278  6722 I LSPosed-Bridge: 	at com.example.permlabel.hookCamera$1.afterHookedMethod(hookCamera.java:21)

06-22 19:39:38.150  5278  6722 I LSPosed-Bridge: 	at de.robv.android.xposed.XposedBridge$AdditionalHookInfo.callback(Unknown Source:147)

06-22 19:39:38.150  5278  6722 I LSPosed-Bridge: 	at LSPHooker_.getCameraInfo(Unknown Source:15)

06-22 19:39:38.150  5278  6722 I LSPosed-Bridge: 	at z74.e(chromium-Monochrome.aab-stable-573513121:6)

06-22 19:39:38.150  5278  6722 I LSPosed-Bridge: 	at org.chromium.media.VideoCaptureFactory.getDeviceName(chromium-Monochrome.aab-stable-573513121:15)

06-22 19:39:38.151  5278  6722 I chatty  : uid=10122(homeworkout.homeworkouts.noequipment) ThreadPoolSingl identical 1 line

06-22 19:39:38.151  5278  6722 I LSPosed-Bridge: 5278 PermLabel 10122 android.permission.CAMERA getCameraInfo args0: 0; args1: android.hardware.Camera$CameraInfo@3830f5b; res= null; stacktrace=java.lang.Exception

06-22 19:39:38.151  5278  6722 I LSPosed-Bridge: 	at com.example.permlabel.hookCamera$1.afterHookedMethod(hookCamera.java:21)

06-22 19:39:38.151  5278  6722 I LSPosed-Bridge: 	at de.robv.android.xposed.XposedBridge$AdditionalHookInfo.callback(Unknown Source:147)

06-22 19:39:38.151  5278  6722 I LSPosed-Bridge: 	at LSPHooker_.getCameraInfo(Unknown Source:15)

06-22 19:39:38.151  5278  6722 I LSPosed-Bridge: 	at z74.e(chromium-Monochrome.aab-stable-573513121:6)

06-22 19:39:38.151  5278  6722 I LSPosed-Bridge: 	at org.chromium.media.VideoCaptureFactory.getDeviceName(chromium-Monochrome.aab-stable-573513121:15)

06-22 19:39:38.172  5278  6722 I LSPosed-Bridge: 5278 PermLabel 10122 android.permission.CAMERA getCameraInfo args0: 0; args1: android.hardware.Camera$CameraInfo@cd94637; res= null; stacktrace=java.lang.Exception

06-22 19:39:38.172  5278  6722 I LSPosed-Bridge: 	at com.example.permlabel.hookCamera$1.afterHookedMethod(hookCamera.java:21)

06-22 19:39:38.172  5278  6722 I LSPosed-Bridge: 	at de.robv.android.xposed.XposedBridge$AdditionalHookInfo.callback(Unknown Source:147)

06-22 19:39:38.172  5278  6722 I LSPosed-Bridge: 	at LSPHooker_.getCameraInfo(Unknown Source:15)

06-22 19:39:38.172  5278  6722 I LSPosed-Bridge: 	at z74.e(chromium-Monochrome.aab-stable-573513121:6)

06-22 19:39:38.172  5278  6722 I LSPosed-Bridge: 	at org.chromium.media.VideoCaptureFactory.getCaptureApiType(chromium-Monochrome.aab-stable-573513121:8)

06-22 19:39:38.172  5278  6722 I chatty  : uid=10122(homeworkout.homeworkouts.noequipment) ThreadPoolSingl identical 1 line

06-22 19:39:38.173  5278  6722 I LSPosed-Bridge: 5278 PermLabel 10122 android.permission.CAMERA getCameraInfo args0: 0; args1: android.hardware.Camera$CameraInfo@cd94637; res= null; stacktrace=java.lang.Exception

06-22 19:39:38.173  5278  6722 I LSPosed-Bridge: 	at com.example.permlabel.hookCamera$1.afterHookedMethod(hookCamera.java:21)

06-22 19:39:38.173  5278  6722 I LSPosed-Bridge: 	at de.robv.android.xposed.XposedBridge$AdditionalHookInfo.callback(Unknown Source:147)

06-22 19:39:38.173  5278  6722 I LSPosed-Bridge: 	at LSPHooker_.getCameraInfo(Unknown Source:15)

06-22 19:39:38.173  5278  6722 I LSPosed-Bridge: 	at z74.e(chromium-Monochrome.aab-stable-573513121:6)

06-22 19:39:38.173  5278  6722 I LSPosed-Bridge: 	at org.chromium.media.VideoCaptureFactory.getCaptureApiType(chromium-Monochrome.aab-stable-573513121:8)

06-22 19:39:38.182  5278  6722 I LSPosed-Bridge: 5278 PermLabel 10122 android.permission.CAMERA getCameraInfo args0: 0; args1: android.hardware.Camera$CameraInfo@1f20ed3; res= null; stacktrace=java.lang.Exception

06-22 19:39:38.182  5278  6722 I LSPosed-Bridge: 	at com.example.permlabel.hookCamera$1.afterHookedMethod(hookCamera.java:21)

06-22 19:39:38.182  5278  6722 I LSPosed-Bridge: 	at de.robv.android.xposed.XposedBridge$AdditionalHookInfo.callback(Unknown Source:147)

06-22 19:39:38.182  5278  6722 I LSPosed-Bridge: 	at LSPHooker_.getCameraInfo(Unknown Source:15)

06-22 19:39:38.182  5278  6722 I LSPosed-Bridge: 	at z74.e(chromium-Monochrome.aab-stable-573513121:6)

06-22 19:39:38.182  5278  6722 I LSPosed-Bridge: 	at org.chromium.media.VideoCaptureFactory.getFacingMode(chromium-Monochrome.aab-stable-573513121:10)

06-22 19:39:38.183  5278  6722 I chatty  : uid=10122(homeworkout.homeworkouts.noequipment) ThreadPoolSingl identical 1 line

06-22 19:39:38.183  5278  6722 I LSPosed-Bridge: 5278 PermLabel 10122 android.permission.CAMERA getCameraInfo args0: 0; args1: android.hardware.Camera$CameraInfo@1f20ed3; res= null; stacktrace=java.lang.Exception

06-22 19:39:38.183  5278  6722 I LSPosed-Bridge: 	at com.example.permlabel.hookCamera$1.afterHookedMethod(hookCamera.java:21)

06-22 19:39:38.183  5278  6722 I LSPosed-Bridge: 	at de.robv.android.xposed.XposedBridge$AdditionalHookInfo.callback(Unknown Source:147)

06-22 19:39:38.183  5278  6722 I LSPosed-Bridge: 	at LSPHooker_.getCameraInfo(Unknown Source:15)

06-22 19:39:38.183  5278  6722 I LSPosed-Bridge: 	at z74.e(chromium-Monochrome.aab-stable-573513121:6)

06-22 19:39:38.183  5278  6722 I LSPosed-Bridge: 	at org.chromium.media.VideoCaptureFactory.getFacingMode(chromium-Monochrome.aab-stable-573513121:10)

06-22 19:39:38.190  1570  2700 I LSPosed-Bridge: 5278 PermLabel 10122 AMS.checkPermission: Binder.getCallingPid() = 911; uid = 10122; Binder.getCallingUid() = 1047; getNameForUid: null; getPackagesForUid: null; permName: android.permission.CAMERA; type = 1; res = -1; stacktrace=java.lang.Exception

06-22 19:39:38.190  1570  2700 I LSPosed-Bridge: 	at com.example.permlabel.requirePerm$1$2.afterHookedMethod(requirePerm.java:133)

06-22 19:39:38.190  1570  2700 I LSPosed-Bridge: 	at de.robv.android.xposed.XposedBridge$AdditionalHookInfo.callback(Unknown Source:147)

06-22 19:39:38.190  1570  2700 I LSPosed-Bridge: 	at LSPHooker_.checkPermission(Unknown Source:25)

06-22 19:39:38.190  1570  2700 I LSPosed-Bridge: 	at com.android.server.am.ActivityManagerService$PermissionController.checkPermission(ActivityManagerService.java:9248)

06-22 19:39:38.190  1570  2700 I LSPosed-Bridge: 	at android.os.IPermissionController$Stub.onTransact(IPermissionController.java:56)

06-22 19:39:38.190  1570  2700 I LSPosed-Bridge: 	at android.os.Binder.execTransact(Binder.java:731)

06-22 19:39:38.190   911  4292 W ServiceManager: Permission failure: android.permission.CAMERA from uid=10122 pid=5278

06-22 19:39:38.190   911  4292 E CameraService: Permission Denial: can't use the camera pid=5278, uid=10122

06-22 19:39:38.293  1570  2700 I LSPosed-Bridge: 5278 PermLabel 10122 AMS.checkPermission: Binder.getCallingPid() = 911; uid = 10122; Binder.getCallingUid() = 1047; getNameForUid: null; getPackagesForUid: null; permName: android.permission.CAMERA; type = 1; res = -1; stacktrace=java.lang.Exception

06-22 19:39:38.293  1570  2700 I LSPosed-Bridge: 	at com.example.permlabel.requirePerm$1$2.afterHookedMethod(requirePerm.java:133)

06-22 19:39:38.293  1570  2700 I LSPosed-Bridge: 	at de.robv.android.xposed.XposedBridge$AdditionalHookInfo.callback(Unknown Source:147)

06-22 19:39:38.293  1570  2700 I LSPosed-Bridge: 	at LSPHooker_.checkPermission(Unknown Source:25)

06-22 19:39:38.293  1570  2700 I LSPosed-Bridge: 	at com.android.server.am.ActivityManagerService$PermissionController.checkPermission(ActivityManagerService.java:9248)

06-22 19:39:38.293  1570  2700 I LSPosed-Bridge: 	at android.os.IPermissionController$Stub.onTransact(IPermissionController.java:56)

06-22 19:39:38.293  1570  2700 I LSPosed-Bridge: 	at android.os.Binder.execTransact(Binder.java:731)

06-22 19:39:38.396  1570  1852 I LSPosed-Bridge: 5278 PermLabel 10122 AMS.checkPermission: Binder.getCallingPid() = 911; uid = 10122; Binder.getCallingUid() = 1047; getNameForUid: null; getPackagesForUid: null; permName: android.permission.CAMERA; type = 1; res = -1; stacktrace=java.lang.Exception

06-22 19:39:38.396  1570  1852 I LSPosed-Bridge: 	at com.example.permlabel.requirePerm$1$2.afterHookedMethod(requirePerm.java:133)

06-22 19:39:38.396  1570  1852 I LSPosed-Bridge: 	at de.robv.android.xposed.XposedBridge$AdditionalHookInfo.callback(Unknown Source:147)

06-22 19:39:38.396  1570  1852 I LSPosed-Bridge: 	at LSPHooker_.checkPermission(Unknown Source:25)

06-22 19:39:38.396  1570  1852 I LSPosed-Bridge: 	at com.android.server.am.ActivityManagerService$PermissionController.checkPermission(ActivityManagerService.java:9248)

06-22 19:39:38.396  1570  1852 I LSPosed-Bridge: 	at android.os.IPermissionController$Stub.onTransact(IPermissionController.java:56)

06-22 19:39:38.396  1570  1852 I LSPosed-Bridge: 	at android.os.Binder.execTransact(Binder.java:731)

06-22 19:39:38.501  1570  1582 I LSPosed-Bridge: 5278 PermLabel 10122 AMS.checkPermission: Binder.getCallingPid() = 911; uid = 10122; Binder.getCallingUid() = 1047; getNameForUid: null; getPackagesForUid: null; permName: android.permission.CAMERA; type = 1; res = -1; stacktrace=java.lang.Exception

06-22 19:39:38.501  1570  1582 I LSPosed-Bridge: 	at com.example.permlabel.requirePerm$1$2.afterHookedMethod(requirePerm.java:133)

06-22 19:39:38.501  1570  1582 I LSPosed-Bridge: 	at de.robv.android.xposed.XposedBridge$AdditionalHookInfo.callback(Unknown Source:147)

06-22 19:39:38.501  1570  1582 I LSPosed-Bridge: 	at LSPHooker_.checkPermission(Unknown Source:25)

06-22 19:39:38.501  1570  1582 I LSPosed-Bridge: 	at com.android.server.am.ActivityManagerService$PermissionController.checkPermission(ActivityManagerService.java:9248)

06-22 19:39:38.501  1570  1582 I LSPosed-Bridge: 	at android.os.IPermissionController$Stub.onTransact(IPermissionController.java:56)

06-22 19:39:38.501  1570  1582 I LSPosed-Bridge: 	at android.os.Binder.execTransact(Binder.java:731)

06-22 19:39:38.501   911  4292 W ServiceManager: Permission failure: android.permission.CAMERA from uid=10122 pid=5278

06-22 19:39:38.501   911  4292 E CameraService: Permission Denial: can't use the camera pid=5278, uid=10122

06-22 19:39:38.604  1570  5500 I LSPosed-Bridge: 5278 PermLabel 10122 AMS.checkPermission: Binder.getCallingPid() = 911; uid = 10122; Binder.getCallingUid() = 1047; getNameForUid: null; getPackagesForUid: null; permName: android.permission.CAMERA; type = 1; res = -1; stacktrace=java.lang.Exception

06-22 19:39:38.604  1570  5500 I LSPosed-Bridge: 	at com.example.permlabel.requirePerm$1$2.afterHookedMethod(requirePerm.java:133)

06-22 19:39:38.604  1570  5500 I LSPosed-Bridge: 	at de.robv.android.xposed.XposedBridge$AdditionalHookInfo.callback(Unknown Source:147)

06-22 19:39:38.604  1570  5500 I LSPosed-Bridge: 	at LSPHooker_.checkPermission(Unknown Source:25)

