06-22 19:50:50.538  1570  5500 I LSPosed-Bridge: 5278 PermLabel 10122 AMS.checkPermission: Binder.getCallingPid() = 5278; uid = 10122; Binder.getCallingUid() = 10122; getNameForUid: homeworkout.homeworkouts.noequipment; getPackagesForUid: [homeworkout.homeworkouts.noequipment]; permName: com.google.android.gms.permission.AD_ID; type = 0; res = -1; stacktrace=java.lang.Exception

06-22 19:50:50.538  1570  5500 I LSPosed-Bridge: 	at com.example.permlabel.requirePerm$1$2.afterHookedMethod(requirePerm.java:127)

06-22 19:50:50.538  1570  5500 I LSPosed-Bridge: 	at de.robv.android.xposed.XposedBridge$AdditionalHookInfo.callback(Unknown Source:147)

06-22 19:50:50.538  1570  5500 I LSPosed-Bridge: 	at LSPHooker_.checkPermission(Unknown Source:25)

06-22 19:50:50.538  1570  5500 I LSPosed-Bridge: 	at android.app.IActivityManager$Stub.onTransact(IActivityManager.java:664)

06-22 19:50:50.538  1570  5500 I LSPosed-Bridge: 	at com.android.server.am.ActivityManagerService.onTransact(ActivityManagerService.java:3346)

06-22 19:50:50.538  1570  5500 I LSPosed-Bridge: 	at android.os.Binder.execTransact(Binder.java:731)

06-22 19:50:50.887  1570  5487 I LSPosed-Bridge: 5278 PermLabel 10122 AMS.checkPermission: Binder.getCallingPid() = 5278; uid = 10122; Binder.getCallingUid() = 10122; getNameForUid: homeworkout.homeworkouts.noequipment; getPackagesForUid: [homeworkout.homeworkouts.noequipment]; permName: android.permission.GET_TASKS; type = 0; res = -1; stacktrace=java.lang.Exception

06-22 19:50:50.887  1570  5487 I LSPosed-Bridge: 	at com.example.permlabel.requirePerm$1$2.afterHookedMethod(requirePerm.java:127)

06-22 19:50:50.887  1570  5487 I LSPosed-Bridge: 	at de.robv.android.xposed.XposedBridge$AdditionalHookInfo.callback(Unknown Source:147)

06-22 19:50:50.887  1570  5487 I LSPosed-Bridge: 	at LSPHooker_.checkPermission(Unknown Source:25)

06-22 19:50:50.887  1570  5487 I LSPosed-Bridge: 	at com.android.server.am.ActivityManagerService.isGetTasksAllowed(ActivityManagerService.java:10902)

06-22 19:50:50.887  1570  5487 I LSPosed-Bridge: 	at com.android.server.am.ActivityManagerService.getRunningAppProcesses(ActivityManagerService.java:16139)

06-22 19:50:50.887  1570  5487 I LSPosed-Bridge: 	at android.app.IActivityManager$Stub.onTransact(IActivityManager.java:1088)

06-22 19:50:50.887  1570  5487 I LSPosed-Bridge: 	at com.android.server.am.ActivityManagerService.onTransact(ActivityManagerService.java:3346)

06-22 19:50:50.887  1570  5487 I LSPosed-Bridge: 	at android.os.Binder.execTransact(Binder.java:731)

06-22 19:50:51.216  5278  5278 I LSPosed-Bridge: 5278 PermLabel 10122 ContextImpl.checkPermission: pid = 5278; uid = 10122; permName: com.google.android.gms.permission.AD_ID; type = 0; res = -1; stacktrace=java.lang.Exception

06-22 19:50:51.216  5278  5278 I LSPosed-Bridge: 	at com.example.permlabel.requestPerm$2.afterHookedMethod(requestPerm.java:212)

06-22 19:50:51.216  5278  5278 I LSPosed-Bridge: 	at de.robv.android.xposed.XposedBridge$AdditionalHookInfo.callback(Unknown Source:147)

06-22 19:50:51.216  5278  5278 I LSPosed-Bridge: 	at LSPHooker_.checkPermission(Unknown Source:25)

06-22 19:50:51.216  5278  5278 I LSPosed-Bridge: 	at android.content.ContextWrapper.checkPermission(ContextWrapper.java:738)

06-22 19:50:51.216  5278  5278 I LSPosed-Bridge: 	at com.google.android.gms.ads.nonagon.signals.a.b(:com.google.android.gms.policy_ads_fdr_dynamite@231710101@231710100057.526733554.526733554:3)

06-22 19:50:51.216  5278  5278 I LSPosed-Bridge: 	at com.google.android.gms.ads.nonagon.signals.fp.a(:com.google.android.gms.policy_ads_fdr_dynamite@231710101@231710100057.526733554.526733554:3)

06-22 19:50:51.216  5278  5278 I LSPosed-Bridge: 	at com.google.android.gms.ads.nonagon.ad.common.ci.a(:com.google.android.gms.policy_ads_fdr_dynamite@231710101@231710100057.526733554.526733554:0)

06-22 19:50:51.216  5278  5278 I LSPosed-Bridge: 	at com.google.android.gms.ads.nonagon.ad.common.ci.b(:com.google.android.gms.policy_ads_fdr_dynamite@231710101@231710100057.526733554.526733554:1)

06-22 19:50:51.216  5278  5278 I LSPosed-Bridge: 	at com.google.android.gms.ads.nonagon.ad.common.ai.d(:com.google.android.gms.policy_ads_fdr_dynamite@231710101@231710100057.526733554.526733554:29)

06-22 19:50:51.216  5278  5278 I LSPosed-Bridge: 	at com.google.android.gms.ads.nonagon.ad.common.ai.b(:com.google.android.gms.policy_ads_fdr_dynamite@231710101@231710100057.526733554.526733554:0)

06-22 19:50:51.216  5278  5278 I LSPosed-Bridge: 	at com.google.android.gms.ads.nonagon.slot.common.q.d(:com.google.android.gms.policy_ads_fdr_dynamite@231710101@231710100057.526733554.526733554:2)

06-22 19:50:51.216  5278  5278 I LSPosed-Bridge: 	at com.google.android.gms.ads.nonagon.slot.common.q.c(:com.google.android.gms.policy_ads_fdr_dynamite@231710101@231710100057.526733554.526733554:0)

06-22 19:50:51.216  5278  5278 I LSPosed-Bridge: 	at com.google.android.gms.ads.nonagon.slot.rewarded.ae.c(:com.google.android.gms.policy_ads_fdr_dynamite@231710101@231710100057.526733554.526733554:12)

06-22 19:50:51.216  5278  5278 I LSPosed-Bridge: 	at com.google.android.gms.ads.nonagon.slot.rewarded.am.g(:com.google.android.gms.policy_ads_fdr_dynamite@231710101@231710100057.526733554.526733554:4)

06-22 19:50:51.216  5278  5278 I LSPosed-Bridge: 	at com.google.android.gms.ads.internal.reward.client.c.bN(:com.google.android.gms.policy_ads_fdr_dynamite@231710101@231710100057.526733554.526733554:54)

06-22 19:50:51.216  5278  5278 I LSPosed-Bridge: 	at agb.onTransact(:com.google.android.gms.policy_ads_fdr_dynamite@231710101@231710100057.526733554.526733554:4)

06-22 19:50:51.216  5278  5278 I LSPosed-Bridge: 	at android.os.Binder.transact(Binder.java:667)

06-22 19:50:51.216  5278  5278 I LSPosed-Bridge: 	at com.google.android.gms.internal.ads._da.b(SourceFile:2)

06-22 19:50:51.216  5278  5278 I LSPosed-Bridge: 	at com.google.android.gms.internal.ads.kh.zza(SourceFile:3)

06-22 19:50:51.216  5278  5278 I LSPosed-Bridge: 	at com.google.android.gms.internal.ads.th.a(SourceFile:7)

06-22 19:50:51.216  5278  5278 I LSPosed-Bridge: 	at com.google.android.gms.internal.ads.th.a(SourceFile:10)

06-22 19:50:51.216  5278  5278 I LSPosed-Bridge: 	at com.zjsoft.admob.C.a(SourceFile:35)

06-22 19:50:51.216  5278  5278 I LSPosed-Bridge: 	at com.zjsoft.admob.C.a(SourceFile:1)

06-22 19:50:51.216  5278  5278 I LSPosed-Bridge: 	at com.zjsoft.admob.z.run(SourceFile:2)

06-22 19:50:51.216  5278  5278 I LSPosed-Bridge: 	at android.app.Activity.runOnUiThread(Activity.java:6282)

06-22 19:50:51.216  5278  5278 I LSPosed-Bridge: 	at com.zjsoft.admob.A.a(SourceFile:1)

06-22 19:50:51.216  5278  5278 I LSPosed-Bridge: 	at com.zjsoft.admob.b.a(SourceFile:10)

06-22 19:50:51.216  5278  5278 I LSPosed-Bridge: 	at com.zjsoft.admob.C.a(SourceFile:6)

06-22 19:50:51.216  5278  5278 I LSPosed-Bridge: 	at com.zjsoft.baseadlib.a.a.i.a(SourceFile:9)

06-22 19:50:51.216  5278  5278 I LSPosed-Bridge: 	at com.zjsoft.baseadlib.a.a.i.a(SourceFile:2)

06-22 19:50:51.216  5278  5278 I LSPosed-Bridge: 	at com.zjsoft.baseadlib.a.a.h.a(SourceFile:3)

06-22 19:50:51.216  5278  5278 I LSPosed-Bridge: 	at com.zjsoft.admob.B.onRewardedVideoAdFailedToLoad(SourceFile:3)

06-22 19:50:51.216  5278  5278 I LSPosed-Bridge: 	at com.google.android.gms.internal.ads.zzatt.onRewardedVideoAdFailedToLoad(SourceFile:2)

06-22 19:50:51.216  5278  5278 I LSPosed-Bridge: 	at com.google.android.gms.internal.ads.zzatp.a(SourceFile:3)

06-22 19:50:51.216  5278  5278 I LSPosed-Bridge: 	at com.google.android.gms.internal.ads.zzgt.onTransact(SourceFile:3)

06-22 19:50:51.216  5278  5278 I LSPosed-Bridge: 	at android.os.Binder.transact(Binder.java:667)

06-22 19:50:51.216  5278  5278 I LSPosed-Bridge: 	at aga.ba(:com.google.android.gms.policy_ads_fdr_dynamite@231710101@231710100057.526733554.526733554:2)

06-22 19:50:51.216  5278  5278 I LSPosed-Bridge: 	at com.google.android.gms.ads.internal.reward.client.h.e(:com.google.android.gms.policy_ads_fdr_dynamite@231710101@231710100057.526733554.526733554:0)

06-22 19:50:51.216  5278  5278 I LSPosed-Bridge: 	at com.google.android.gms.ads.nonagon.slot.rewarded.e.a(:com.google.android.gms.policy_ads_fdr_dynamite@231710101@231710100057.526733554.526733554:0)

06-22 19:50:51.216  5278  5278 I LSPosed-Bridge: 	at com.google.android.gms.ads.nonagon.slot.common.p.a(:com.google.android.gms.policy_ads_fdr_dynamite@231710101@231710100057.526733554.526733554:2)

06-22 19:50:51.216  5278  5278 I LSPosed-Bridge: 	at com.google.android.gms.ads.nonagon.slot.rewarded.w.bn(:com.google.android.gms.policy_ads_fdr_dynamite@231710101@231710100057.526733554.526733554:3)

06-22 19:50:51.216  5278  5278 I LSPosed-Bridge: 	at com.google.android.gms.ads.nonagon.slot.rewarded.a

06-22 19:50:51.216  1570  5888 I LSPosed-Bridge: 5278 PermLabel 10122 AMS.checkPermission: Binder.getCallingPid() = 5278; uid = 10122; Binder.getCallingUid() = 10122; getNameForUid: homeworkout.homeworkouts.noequipment; getPackagesForUid: [homeworkout.homeworkouts.noequipment]; permName: android.permission.GET_TASKS; type = 0; res = -1; stacktrace=java.lang.Exception

06-22 19:50:51.216  1570  5888 I LSPosed-Bridge: 	at com.example.permlabel.requirePerm$1$2.afterHookedMethod(requirePerm.java:127)

06-22 19:50:51.216  1570  5888 I LSPosed-Bridge: 	at de.robv.android.xposed.XposedBridge$AdditionalHookInfo.callback(Unknown Source:147)

06-22 19:50:51.216  1570  5888 I LSPosed-Bridge: 	at LSPHooker_.checkPermission(Unknown Source:25)

06-22 19:50:51.216  1570  5888 I LSPosed-Bridge: 	at com.android.server.am.ActivityManagerService.isGetTasksAllowed(ActivityManagerService.java:10902)

06-22 19:50:51.216  1570  5888 I LSPosed-Bridge: 	at com.android.server.am.ActivityManagerService.getRunningAppProcesses(ActivityManagerService.java:16139)

06-22 19:50:51.216  1570  5888 I LSPosed-Bridge: 	at android.app.IActivityManager$Stub.onTransact(IActivityManager.java:1088)

06-22 19:50:51.216  1570  5888 I LSPosed-Bridge: 	at com.android.server.am.ActivityManagerService.onTransact(ActivityManagerService.java:3346)

06-22 19:50:51.216  1570  5888 I LSPosed-Bridge: 	at android.os.Binder.execTransact(Binder.java:731)

06-22 19:50:51.544  1570  1852 I LSPosed-Bridge: 5278 PermLabel 10122 AMS.checkPermission: Binder.getCallingPid() = 5278; uid = 10122; Binder.getCallingUid() = 10122; getNameForUid: homeworkout.homeworkouts.noequipment; getPackagesForUid: [homeworkout.homeworkouts.noequipment]; permName: android.permission.GET_TASKS; type = 0; res = -1; stacktrace=java.lang.Exception

06-22 19:50:51.544  1570  1852 I LSPosed-Bridge: 	at com.example.permlabel.requirePerm$1$2.afterHookedMethod(requirePerm.java:127)

06-22 19:50:51.544  1570  1852 I LSPosed-Bridge: 	at de.robv.android.xposed.XposedBridge$AdditionalHookInfo.callback(Unknown Source:147)

06-22 19:50:51.544  1570  1852 I LSPosed-Bridge: 	at LSPHooker_.checkPermission(Unknown Source:25)

06-22 19:50:51.544  1570  1852 I LSPosed-Bridge: 	at com.android.server.am.ActivityManagerService.isGetTasksAllowed(ActivityManagerService.java:10902)

06-22 19:50:51.544  1570  1852 I LSPosed-Bridge: 	at com.android.server.am.ActivityManagerService.getRunningAppProcesses(ActivityManagerService.java:16139)

06-22 19:50:51.544  1570  1852 I LSPosed-Bridge: 	at android.app.IActivityManager$Stub.onTransact(IActivityManager.java:1088)

06-22 19:50:51.544  1570  1852 I LSPosed-Bridge: 	at com.android.server.am.ActivityManagerService.onTransact(ActivityManagerService.java:3346)

06-22 19:50:51.544  1570  1852 I LSPosed-Bridge: 	at android.os.Binder.execTransact(Binder.java:731)

06-22 19:50:51.841  1570  5500 I LSPosed-Bridge: 5278 PermLabel 10122 AMS.checkPermission: Binder.getCallingPid() = 5278; uid = 10122; Binder.getCallingUid() = 10122; getNameForUid: homeworkout.homeworkouts.noequipment; getPackagesForUid: [homeworkout.homeworkouts.noequipment]; permName: android.permission.GET_TASKS; type = 0; res = -1; stacktrace=java.lang.Exception

06-22 19:50:51.841  1570  5500 I LSPosed-Bridge: 	at com.example.permlabel.requirePerm$1$2.afterHookedMethod(requirePerm.java:127)

06-22 19:50:51.841  1570  5500 I LSPosed-Bridge: 	at de.robv.android.xposed.XposedBridge$AdditionalHookInfo.callback(Unknown Source:147)

06-22 19:50:51.841  1570  5500 I LSPosed-Bridge: 	at LSPHooker_.checkPermission(Unknown Source:25)

06-22 19:50:51.841  1570  5500 I LSPosed-Bridge: 	at com.android.server.am.ActivityManagerService.isGetTasksAllowed(ActivityManagerService.java:10902)

06-22 19:50:51.841  1570  5500 I LSPosed-Bridge: 	at com.android.server.am.ActivityManagerService.getRunningAppProcesses(ActivityManagerService.java:16139)

06-22 19:50:51.841  1570  5500 I LSPosed-Bridge: 	at android.app.IActivityManager$Stub.onTransact(IActivityManager.java:1088)

06-22 19:50:51.841  1570  5500 I LSPosed-Bridge: 	at com.android.server.am.ActivityManagerService.onTransact(ActivityManagerService.java:3346)

06-22 19:50:51.841  1570  5500 I LSPosed-Bridge: 	at android.os.Binder.execTransact(Binder.java:731)

06-22 19:50:52.080  1570  5500 I LSPosed-Bridge: 5278 PermLabel 10122 AMS.checkPermission: Binder.getCallingPid() = 5278; uid = 10122; Binder.getCallingUid() = 10122; getNameForUid: homeworkout.homeworkouts.noequipment; getPackagesForUid: [homeworkout.homeworkouts.noequipment]; permName: android.permission.GET_TASKS; type = 0; res = -1; stacktrace=java.lang.Exception

06-22 19:50:52.080  1570  5500 I LSPosed-Bridge: 	at com.example.permlabel.requirePerm$1$2.afterHookedMethod(requirePerm.java:127)

06-22 19:50:52.080  1570  5500 I LSPosed-Bridge: 	at de.robv.android.xposed.XposedBridge$AdditionalHookInfo.callback(Unknown Source:147)

06-22 19:50:52.080  1570  5500 I LSPosed-Bridge: 	at LSPHooker_.checkPermission(Unknown Source:25)

06-22 19:50:52.080  1570  5500 I LSPosed-Bridge: 	at com.android.server.am.ActivityManagerService.isGetTasksAllowed(ActivityManagerService.java:10902)

06-22 19:50:52.080  1570  5500 I LSPosed-Bridge: 	at com.android.server.am.ActivityManagerService.getRunningAppProcesses(ActivityManagerService.java:16139)

06-22 19:50:52.080  1570  5500 I LSPosed-Bridge: 	at android.app.IActivityManager$Stub.onTransact(IActivityManager.java:1088)

06-22 19:50:52.080  1570  5500 I LSPosed-Bridge: 	at com.android.server.am.ActivityManagerService.onTransact(ActivityManagerService.java:3346)

06-22 19:50:52.080  1570  5500 I LSPosed-Bridge: 	at android.os.Binder.execTransact(Binder.java:731)

06-22 19:50:52.080   551   551 I ConfigStore: android::hardware::configstore::V1_0::ISurfaceFlingerConfigs::hasHDRDisplay retrieved: 0

06-22 19:51:41.506  1570  5888 I LSPosed-Bridge: 5278 PermLabel 10122 AMS.checkPermission: Binder.getCallingPid() = 5278; uid = 10122; Binder.getCallingUid() = 10122; getNameForUid: homeworkout.homeworkouts.noequipment; getPackagesForUid: [homeworkout.homeworkouts.noequipment]; permName: android.permission.GET_TASKS; type = 0; res = -1; stacktrace=java.lang.Exception

06-22 19:51:41.506  1570  5888 I LSPosed-Bridge: 	at com.example.permlabel.requirePerm$1$2.afterHookedMethod(requirePerm.java:127)

06-22 19:51:41.506  1570  5888 I LSPosed-Bridge: 	at de.robv.android.xposed.XposedBridge$AdditionalHookInfo.callback(Unknown Source:147)

06-22 19:51:41.506  1570  5888 I LSPosed-Bridge: 	at LSPHooker_.checkPermission(Unknown Source:25)

06-22 19:51:41.506  1570  5888 I LSPosed-Bridge: 	at com.android.server.am.ActivityManagerService.isGetTasksAllowed(ActivityManagerService.java:10902)

06-22 19:51:41.506  1570  5888 I LSPosed-Bridge: 	at com.android.server.am.ActivityManagerService.getRunningAppProcesses(ActivityManagerService.java:16139)

06-22 19:51:41.506  1570  5888 I LSPosed-Bridge: 	at android.app.IActivityManager$Stub.onTransact(IActivityManager.java:1088)

06-22 19:51:41.506  1570  5888 I LSPosed-Bridge: 	at com.android.server.am.ActivityManagerService.onTransact(ActivityManagerService.java:3346)

06-22 19:51:41.506  1570  5888 I LSPosed-Bridge: 	at android.os.Binder.execTransact(Binder.java:731)

06-22 19:51:41.646   551   551 I ConfigStore: android::hardware::configstore::V1_0::ISurfaceFlingerConfigs::hasHDRDisplay retrieved: 0

06-22 19:51:41.646  1570  5487 I LSPosed-Bridge: 5278 PermLabel 10122 AMS.checkPermission: Binder.getCallingPid() = 5278; uid = 10122; Binder.getCallingUid() = 10122; getNameForUid: homeworkout.homeworkouts.noequipment; getPackagesForUid: [homeworkout.homeworkouts.noequipment]; permName: android.permission.GET_TASKS; type = 0; res = -1; stacktrace=java.lang.Exception

06-22 19:51:41.646  1570  5487 I LSPosed-Bridge: 	at com.example.permlabel.requirePerm$1$2.afterHookedMethod(requirePerm.java:127)

06-22 19:51:41.646  1570  5487 I LSPosed-Bridge: 	at de.robv.android.xposed.XposedBridge$AdditionalHookInfo.callback(Unknown Source:147)

06-22 19:51:41.646  1570  5487 I LSPosed-Bridge: 	at LSPHooker_.checkPermission(Unknown Source:25)

06-22 19:51:41.646  1570  5487 I LSPosed-Bridge: 	at com.android.server.am.ActivityManagerService.isGetTasksAllowed(ActivityManagerService.java:10902)

06-22 19:51:41.646  1570  5487 I LSPosed-Bridge: 	at com.android.server.am.ActivityManagerService.getRunningAppProcesses(ActivityManagerService.java:16139)

06-22 19:51:41.646  1570  5487 I LSPosed-Bridge: 	at android.app.IActivityManager$Stub.onTransact(IActivityManager.java:1088)

06-22 19:51:41.646  1570  5487 I LSPosed-Bridge: 	at com.android.server.am.ActivityManagerService.onTransact(ActivityManagerService.java:3346)

06-22 19:51:41.646  1570  5487 I LSPosed-Bridge: 	at android.os.Binder.execTransact(Binder.java:731)

06-22 19:51:41.646  5278  5278 I Ads     : Please set theme of AdActivity to @android:style/Theme.Translucent to enable transparent background interstitial ad.

06-22 19:51:42.204  1570  5504 I LSPosed-Bridge: 5278 PermLabel 10122 AMS.checkPermission: Binder.getCallingPid() = 5278; uid = 10122; Binder.getCallingUid() = 10122; getNameForUid: homeworkout.homeworkouts.noequipment; getPackagesForUid: [homeworkout.homeworkouts.noequipment]; permName: android.permission.GET_TASKS; type = 0; res = -1; stacktrace=java.lang.Exception

06-22 19:51:42.204  1570  5504 I LSPosed-Bridge: 	at com.example.permlabel.requirePerm$1$2.afterHookedMethod(requirePerm.java:127)

06-22 19:51:42.204  1570  5504 I LSPosed-Bridge: 	at de.robv.android.xposed.XposedBridge$AdditionalHookInfo.callback(Unknown Source:147)

06-22 19:51:42.204  1570  5504 I LSPosed-Bridge: 	at LSPHooker_.checkPermission(Unknown Source:25)

06-22 19:51:42.204  1570  5504 I LSPosed-Bridge: 	at com.android.server.am.ActivityManagerService.isGetTasksAllowed(ActivityManagerService.java:10902)

06-22 19:51:42.204  1570  5504 I LSPosed-Bridge: 	at com.android.server.am.ActivityManagerService.getRunningAppProcesses(ActivityManagerService.java:16139)

06-22 19:51:42.204  1570  5504 I LSPosed-Bridge: 	at android.app.IActivityManager$Stub.onTransact(IActivityManager.java:1088)

06-22 19:51:42.204  1570  5504 I LSPosed-Bridge: 	at com.android.server.am.ActivityManagerService.onTransact(ActivityManagerService.java:3346)

06-22 19:51:42.204  1570  5504 I LSPosed-Bridge: 	at android.os.Binder.execTransact(Binder.java:731)

06-22 19:51:42.228  1570  5888 I LSPosed-Bridge: 5278 PermLabel 10122 AMS.checkPermission: Binder.getCallingPid() = 5278; uid = 10122; Binder.getCallingUid() = 10122; getNameForUid: homeworkout.homeworkouts.noequipment; getPackagesForUid: [homeworkout.homeworkouts.noequipment]; permName: android.permission.GET_TASKS; type = 0; res = -1; stacktrace=java.lang.Exception

06-22 19:51:42.228  1570  5888 I LSPosed-Bridge: 	at com.example.permlabel.requirePerm$1$2.afterHookedMethod(requirePerm.java:127)

06-22 19:51:42.228  1570  5888 I LSPosed-Bridge: 	at de.robv.android.xposed.XposedBridge$AdditionalHookInfo.callback(Unknown Source:147)

06-22 19:51:42.228  1570  5888 I LSPosed-Bridge: 	at LSPHooker_.checkPermission(Unknown Source:25)

06-22 19:51:42.228  1570  5888 I LSPosed-Bridge: 	at com.android.server.am.ActivityManagerService.isGetTasksAllowed(ActivityManagerService.java:10902)

06-22 19:51:42.228  1570  5888 I LSPosed-Bridge: 	at com.android.server.am.ActivityManagerService.getRunningAppProcesses(ActivityManagerService.java:16139)

06-22 19:51:42.228  1570  5888 I LSPosed-Bridge: 	at android.app.IActivityManager$Stub.onTransact(IActivityManager.java:1088)

06-22 19:51:42.228  1570  5888 I LSPosed-Bridge: 	at com.android.server.am.ActivityManagerService.onTransact(ActivityManagerService.java:3346)

06-22 19:51:42.228  1570  5888 I LSPosed-Bridge: 	at android.os.Binder.execTransact(Binder.java:731)

06-22 19:51:42.607  1570  5487 I LSPosed-Bridge: 5278 PermLabel 10122 AMS.checkPermission: Binder.getCallingPid() = 5278; uid = 10122; Binder.getCallingUid() = 10122; getNameForUid: homeworkout.homeworkouts.noequipment; getPackagesForUid: [homeworkout.homeworkouts.noequipment]; permName: android.permission.GET_TASKS; type = 0; res = -1; stacktrace=java.lang.Exception

06-22 19:51:42.607  1570  5487 I LSPosed-Bridge: 	at com.example.permlabel.requirePerm$1$2.afterHookedMethod(requirePerm.java:127)

06-22 19:51:42.607  1570  5487 I LSPosed-Bridge: 	at de.robv.android.xposed.XposedBridge$AdditionalHookInfo.callback(Unknown Source:147)

06-22 19:51:42.607  1570  5487 I LSPosed-Bridge: 	at LSPHooker_.checkPermission(Unknown Source:25)

06-22 19:51:42.607  1570  5487 I LSPosed-Bridge: 	at com.android.server.am.ActivityManagerService.isGetTasksAllowed(ActivityManagerService.java:10902)

06-22 19:51:42.607  1570  5487 I LSPosed-Bridge: 	at com.android.server.am.ActivityManagerService.getRunningAppProcesses(ActivityManagerService.java:16139)

06-22 19:51:42.607  1570  5487 I LSPosed-Bridge: 	at android.app.IActivityManager$Stub.onTransact(IActivityManager.java:1088)

06-22 19:51:42.607  1570  5487 I LSPosed-Bridge: 	at com.android.server.am.ActivityManagerService.onTransact(ActivityManagerService.java:3346)

06-22 19:51:42.607  1570  5487 I LSPosed-Bridge: 	at android.os.Binder.execTransact(Binder.java:731)

06-22 19:51:42.607  5278  5278 I LSPosed-Bridge: 5278 PermLabel 10122 ContextImpl.checkPermission: pid = 5278; uid = 10122; permName: com.google.android.gms.permission.AD_ID; type = 0; res = -1; stacktrace=java.lang.Exception

06-22 19:51:42.607  5278  5278 I LSPosed-Bridge: 	at com.example.permlabel.requestPerm$2.afterHookedMethod(requestPerm.java:212)

06-22 19:51:42.607  5278  5278 I LSPosed-Bridge: 	at de.robv.android.xposed.XposedBridge$AdditionalHookInfo.callback(Unknown Source:147)

06-22 19:51:42.607  5278  5278 I LSPosed-Bridge: 	at LSPHooker_.checkPermission(Unknown Source:25)

06-22 19:51:42.607  5278  5278 I LSPosed-Bridge: 	at android.content.ContextWrapper.checkPermission(ContextWrapper.java:738)

06-22 19:51:42.607  5278  5278 I LSPosed-Bridge: 	at com.google.android.gms.ads.nonagon.signals.a.b(:com.google.android.gms.policy_ads_fdr_dynamite@231710101@231710100057.526733554.526733554:3)

06-22 19:51:42.607  5278  5278 I LSPosed-Bridge: 	at com.google.android.gms.ads.nonagon.signals.fp.a(:com.google.android.gms.policy_ads_fdr_dynamite@231710101@231710100057.526733554.526733554:3)

06-22 19:51:42.607  5278  5278 I LSPosed-Bridge: 	at com.google.android.gms.ads.nonagon.ad.common.ci.a(:com.google.android.gms.policy_ads_fdr_dynamite@231710101@231710100057.526733554.526733554:0)

06-22 19:51:42.607  5278  5278 I LSPosed-Bridge: 	at com.google.android.gms.ads.nonagon.ad.common.ci.b(:com.google.android.gms.policy_ads_fdr_dynamite@231710101@231710100057.526733554.526733554:1)

06-22 19:51:42.607  5278  5278 I LSPosed-Bridge: 	at com.google.android.gms.ads.nonagon.ad.common.ai.d(:com.google.android.gms.policy_ads_fdr_dynamite@231710101@231710100057.526733554.526733554:29)

06-22 19:51:42.607  5278  5278 I LSPosed-Bridge: 	at com.google.android.gms.ads.nonagon.ad.common.ai.b(:com.google.android.gms.policy_ads_fdr_dynamite@231710101@231710100057.526733554.526733554:0)

06-22 19:51:42.607  5278  5278 I LSPosed-Bridge: 	at com.google.android.gms.ads.nonagon.shim.adapters.b.c(:com.google.android.gms.policy_ads_fdr_dynamite@231710101@231710100057.526733554.526733554:19)

06-22 19:51:42.607  5278  5278 I LSPosed-Bridge: 	at com.google.android.gms.ads.nonagon.shim.d.g(:com.google.android.gms.policy_ads_fdr_dynamite@231710101@231710100057.526733554.526733554:2)

06-22 19:51:42.607  5278  5278 I LSPosed-Bridge: 	at com.google.android.gms.ads.internal.client.aw.bN(:com.google.android.gms.policy_ads_fdr_dynamite@231710101@231710100057.526733554.526733554:10)

06-22 19:51:42.607  5278  5278 I LSPosed-Bridge: 	at agb.onTransact(:com.google.android.gms.policy_ads_fdr_dynamite@231710101@231710100057.526733554.526733554:4)

06-22 19:51:42.607  5278  5278 I LSPosed-Bridge: 	at android.os.Binder.transact(Binder.java:667)

06-22 19:51:42.607  5278  5278 I LSPosed-Bridge: 	at com.google.android.gms.internal.ads._da.b(SourceFile:2)

06-22 19:51:42.607  5278  5278 I LSPosed-Bridge: 	at com.google.android.gms.internal.ads.Vla.zzb(SourceFile:3)

06-22 19:51:42.607  5278  5278 I LSPosed-Bridge: 	at com.google.android.gms.ads.d.a(SourceFile:1)

06-22 19:51:42.607  5278  5278 I LSPosed-Bridge: 	at com.google.android.gms.ads.d.a(SourceFile:3)

06-22 19:51:42.607  5278  5278 I LSPosed-Bridge: 	at com.zjsoft.admob.q.a(SourceFile:54)

06-22 19:51:42.607  5278  5278 I LSPosed-Bridge: 	at com.zjsoft.admob.q.a(SourceFile:1)

06-22 19:51:42.607  5278  5278 I LSPosed-Bridge: 	at com.zjsoft.admob.m.run(SourceFile:2)

06-22 19:51:42.607  5278  5278 I LSPosed-Bridge: 	at android.app.Activity.runOnUiThread(Activity.java:6282)

06-22 19:51:42.607  5278  5278 I LSPosed-Bridge: 	at com.zjsoft.admob.n.a(SourceFile:1)

06-22 19:51:42.607  5278  5278 I LSPosed-Bridge: 	at com.zjsoft.admob.b.a(SourceFile:10)

06-22 19:51:42.607  5278  5278 I LSPosed-Bridge: 	at com.zjsoft.admob.q.a(SourceFile:7)

06-22 19:51:42.607  5278  5278 I LSPosed-Bridge: 	at com.zjsoft.baseadlib.a.a.b.a(SourceFile:8)

06-22 19:51:42.607  5278  5278 I LSPosed-Bridge: 	at com.zjsoft.baseadlib.a.a.b.a(SourceFile:2)

06-22 19:51:42.607  5278  5278 I LSPosed-Bridge: 	at com.zjsoft.baseadlib.a.a.a.a(SourceFile:4)

06-22 19:51:42.607  5278  5278 I LSPosed-Bridge: 	at com.zjsoft.admob.p.onAdFailedToLoad(SourceFile:4)

06-22 19:51:42.607  5278  5278 I LSPosed-Bridge: 	at com.google.android.gms.internal.ads.zzva.onAdFailedToLoad(SourceFile:1)

06-22 19:51:42.607  5278  5278 I LSPosed-Bridge: 	at com.google.android.gms.internal.ads.zzwm.a(SourceFile:9)

06-22 19:51:42.607  5278  5278 I LSPosed-Bridge: 	at com.google.android.gms.internal.ads.zzgt.onTransact(SourceFile:3)

06-22 19:51:42.607  5278  5278 I LSPosed-Bridge: 	at android.os.Binder.transact(Binder.java:667)

06-22 19:51:42.607  5278  5278 I LSPosed-Bridge: 	at aga.ba(:com.google.android.gms.policy_ads_fdr_dynamite@231710101@231710100057.526733554.526733554:2)

06-22 19:51:42.607  5278  5278 I LSPosed-Bridge: 	at com.google.android.gms.ads.internal.client.ap.d(:com.google.android.gms.policy_ads_fdr_dynamite@231710101@231710100057.526733554.526733554:0)

06-22 19:51:42.607  5278  5278 I LSPosed-Bridge: 	at com.google.android.gms.ads.nonagon.shim.u.a(:com.google.android.gms.policy_ads_fdr_dynamite@231710101@231710100057.526733554.526733554:0)

06-22 19:51:42.607  5278  5278 I LSPosed-Bridge: 	at com.google.android.gms.ads.nonagon.slot.common.p.a(:com.google.android.gms.policy_ads_fdr_dynamite@231710101@231710100057.526733554.526733554:2)

06-22 19:51:42.607  5278  5278 I LSPosed-Bridge: 	at com.google.android.gms.ads.nonagon.shim.z.bn(:com.google.android.gms.policy_ads_fdr_dynamite@231710101@231710100057.526733554.526733554:2)

06-22 19:51:42.607  5278  5278 I LSPosed-Bridge: 	at com.google.android.gms.ads.nonagon.shim.listeners.a.bn(:com.google.android.gms.policy_ads_fdr_dynamite@231710101@231710100057.526733554.526733554:2)

06-22 19:51:42.607  5278  5278 I LSPosed-Bridge: 	at com.google.android.gms.ads.nonagon.shim.loaders.f.run(:com.google.android.gms.policy_ads_fdr_dynamite@231710101@231710100057.526733554.526733554:0)

06-22 19:51:42.607  5278  5278 I LSPosed-Bridge: 	at android.os.Handler.handleCallback(Handler.java:873)

06-22 19:51:42.607  5278  5278 I LSPosed-Bridge: 	at android.os.Handler.dispatchMessage(Handler.java:99)

06-22 19:51:42.607  5278  5278 I LSPosed-Bridge: 	at atm.a(:com.google.an

06-22 19:51:42.637  1570  5500 I LSPosed-Bridge: 5278 PermLabel 10122 AMS.checkPermission: Binder.getCallingPid() = 5278; uid = 10122; Binder.getCallingUid() = 10122; getNameForUid: homeworkout.homeworkouts.noequipment; getPackagesForUid: [homeworkout.homeworkouts.noequipment]; permName: android.permission.GET_TASKS; type = 0; res = -1; stacktrace=java.lang.Exception

06-22 19:51:42.637  1570  5500 I LSPosed-Bridge: 	at com.example.permlabel.requirePerm$1$2.afterHookedMethod(requirePerm.java:127)

06-22 19:51:42.637  1570  5500 I LSPosed-Bridge: 	at de.robv.android.xposed.XposedBridge$AdditionalHookInfo.callback(Unknown Source:147)

06-22 19:51:42.637  1570  5500 I LSPosed-Bridge: 	at LSPHooker_.checkPermission(Unknown Source:25)

06-22 19:51:42.637  1570  5500 I LSPosed-Bridge: 	at com.android.server.am.ActivityManagerService.isGetTasksAllowed(ActivityManagerService.java:10902)

06-22 19:51:42.637  1570  5500 I LSPosed-Bridge: 	at com.android.server.am.ActivityManagerService.getRunningAppProcesses(ActivityManagerService.java:16139)

06-22 19:51:42.637  1570  5500 I LSPosed-Bridge: 	at android.app.IActivityManager$Stub.onTransact(IActivityManager.java:1088)

06-22 19:51:42.637  1570  5500 I LSPosed-Bridge: 	at com.android.server.am.ActivityManagerService.onTransact(ActivityManagerService.java:3346)

06-22 19:51:42.637  1570  5500 I LSPosed-Bridge: 	at android.os.Binder.execTransact(Binder.java:731)

06-22 19:52:25.605  1570  1852 I LSPosed-Bridge: 5278 PermLabel 10122 AMS.checkPermission: Binder.getCallingPid() = 5278; uid = 10122; Binder.getCallingUid() = 10122; getNameForUid: homeworkout.homeworkouts.noequipment; getPackagesForUid: [homeworkout.homeworkouts.noequipment]; permName: android.permission.GET_TASKS; type = 0; res = -1; stacktrace=java.lang.Exception

06-22 19:52:25.605  1570  1852 I LSPosed-Bridge: 	at com.example.permlabel.requirePerm$1$2.afterHookedMethod(requirePerm.java:127)

06-22 19:52:25.605  1570  1852 I LSPosed-Bridge: 	at de.robv.android.xposed.XposedBridge$AdditionalHookInfo.callback(Unknown Source:147)

06-22 19:52:25.605  1570  1852 I LSPosed-Bridge: 	at LSPHooker_.checkPermission(Unknown Source:25)

06-22 19:52:25.605  1570  1852 I LSPosed-Bridge: 	at com.android.server.am.ActivityManagerService.isGetTasksAllowed(ActivityManagerService.java:10902)

06-22 19:52:25.605  1570  1852 I LSPosed-Bridge: 	at com.android.server.am.ActivityManagerService.getRunningAppProcesses(ActivityManagerService.java:16139)

06-22 19:52:25.605  1570  1852 I LSPosed-Bridge: 	at android.app.IActivityManager$Stub.onTransact(IActivityManager.java:1088)

06-22 19:52:25.605  1570  1852 I LSPosed-Bridge: 	at com.android.server.am.ActivityManagerService.onTransact(ActivityManagerService.java:3346)

06-22 19:52:25.605  1570  1852 I LSPosed-Bridge: 	at android.os.Binder.execTransact(Binder.java:731)

06-22 19:52:25.605   551   551 I ConfigStore: android::hardware::configstore::V1_0::ISurfaceFlingerConfigs::hasHDRDisplay retrieved: 0

06-22 19:52:26.586  1570  5504 I LSPosed-Bridge: 5278 PermLabel 10122 AMS.checkPermission: Binder.getCallingPid() = 5278; uid = 10122; Binder.getCallingUid() = 10122; getNameForUid: homeworkout.homeworkouts.noequipment; getPackagesForUid: [homeworkout.homeworkouts.noequipment]; permName: android.permission.GET_TASKS; type = 0; res = -1; stacktrace=java.lang.Exception

06-22 19:52:26.586  1570  5504 I LSPosed-Bridge: 	at com.example.permlabel.requirePerm$1$2.afterHookedMethod(requirePerm.java:127)

06-22 19:52:26.586  1570  5504 I LSPosed-Bridge: 	at de.robv.android.xposed.XposedBridge$AdditionalHookInfo.callback(Unknown Source:147)

06-22 19:52:26.586  1570  5504 I LSPosed-Bridge: 	at LSPHooker_.checkPermission(Unknown Source:25)

06-22 19:52:26.586  1570  5504 I LSPosed-Bridge: 	at com.android.server.am.ActivityManagerService.isGetTasksAllowed(ActivityManagerService.java:10902)

06-22 19:52:26.586  1570  5504 I LSPosed-Bridge: 	at com.android.server.am.ActivityManagerService.getRunningAppProcesses(ActivityManagerService.java:16139)

06-22 19:52:26.586  1570  5504 I LSPosed-Bridge: 	at android.app.IActivityManager$Stub.onTransact(IActivityManager.java:1088)

06-22 19:52:26.586  1570  5504 I LSPosed-Bridge: 	at com.android.server.am.ActivityManagerService.onTransact(ActivityManagerService.java:3346)

06-22 19:52:26.586  1570  5504 I LSPosed-Bridge: 	at android.os.Binder.execTransact(Binder.java:731)

06-22 19:52:26.586  1570  4136 I LSPosed-Bridge: 5278 PermLabel 10122 AMS.checkPermission: Binder.getCallingPid() = 5278; uid = 10122; Binder.getCallingUid() = 10122; getNameForUid: homeworkout.homeworkouts.noequipment; getPackagesForUid: [homeworkout.homeworkouts.noequipment]; permName: com.google.android.gms.permission.AD_ID; type = 0; res = -1; stacktrace=java.lang.Exception

06-22 19:52:26.586  1570  4136 I LSPosed-Bridge: 	at com.example.permlabel.requirePerm$1$2.afterHookedMethod(requirePerm.java:127)

06-22 19:52:26.586  1570  4136 I LSPosed-Bridge: 	at de.robv.android.xposed.XposedBridge$AdditionalHookInfo.callback(Unknown Source:147)

06-22 19:52:26.586  1570  4136 I LSPosed-Bridge: 	at LSPHooker_.checkPermission(Unknown Source:25)

06-22 19:52:26.586  1570  4136 I LSPosed-Bridge: 	at android.app.IActivityManager$Stub.onTransact(IActivityManager.java:664)

06-22 19:52:26.586  1570  4136 I LSPosed-Bridge: 	at com.android.server.am.ActivityManagerService.onTransact(ActivityManagerService.java:3346)

06-22 19:52:26.586  1570  4136 I LSPosed-Bridge: 	at android.os.Binder.execTransact(Binder.java:731)

06-22 19:52:27.029  1570  8442 I LSPosed-Bridge: 5278 PermLabel 10122 AMS.checkPermission: Binder.getCallingPid() = 5278; uid = 10122; Binder.getCallingUid() = 10122; getNameForUid: homeworkout.homeworkouts.noequipment; getPackagesForUid: [homeworkout.homeworkouts.noequipment]; permName: com.google.android.gms.permission.AD_ID; type = 0; res = -1; stacktrace=java.lang.Exception

06-22 19:52:27.029  1570  8442 I LSPosed-Bridge: 	at com.example.permlabel.requirePerm$1$2.afterHookedMethod(requirePerm.java:127)

06-22 19:52:27.029  1570  8442 I LSPosed-Bridge: 	at de.robv.android.xposed.XposedBridge$AdditionalHookInfo.callback(Unknown Source:147)

06-22 19:52:27.029  1570  8442 I LSPosed-Bridge: 	at LSPHooker_.checkPermission(Unknown Source:25)

06-22 19:52:27.029  1570  8442 I LSPosed-Bridge: 	at android.app.IActivityManager$Stub.onTransact(IActivityManager.java:664)

06-22 19:52:27.029  1570  8442 I LSPosed-Bridge: 	at com.android.server.am.ActivityManagerService.onTransact(ActivityManagerService.java:3346)

06-22 19:52:27.029  1570  8442 I LSPosed-Bridge: 	at android.os.Binder.execTransact(Binder.java:731)

06-22 19:52:27.029  1570  1852 I LSPosed-Bridge: 5278 PermLabel 10122 AMS.checkPermission: Binder.getCallingPid() = 5278; uid = 10122; Binder.getCallingUid() = 10122; getNameForUid: homeworkout.homeworkouts.noequipment; getPackagesForUid: [homeworkout.homeworkouts.noequipment]; permName: android.permission.GET_TASKS; type = 0; res = -1; stacktrace=java.lang.Exception

06-22 19:52:27.029  1570  1852 I LSPosed-Bridge: 	at com.example.permlabel.requirePerm$1$2.afterHookedMethod(requirePerm.java:127)

06-22 19:52:27.029  1570  1852 I LSPosed-Bridge: 	at de.robv.android.xposed.XposedBridge$AdditionalHookInfo.callback(Unknown Source:147)

06-22 19:52:27.029  1570  1852 I LSPosed-Bridge: 	at LSPHooker_.checkPermission(Unknown Source:25)

06-22 19:52:27.029  1570  1852 I LSPosed-Bridge: 	at com.android.server.am.ActivityManagerService.isGetTasksAllowed(ActivityManagerService.java:10902)

06-22 19:52:27.029  1570  1852 I LSPosed-Bridge: 	at com.android.server.am.ActivityManagerService.getRunningAppProcesses(ActivityManagerService.java:16139)

06-22 19:52:27.029  1570  1852 I LSPosed-Bridge: 	at android.app.IActivityManager$Stub.onTransact(IActivityManager.java:1088)

06-22 19:52:27.029  1570  1852 I LSPosed-Bridge: 	at com.android.server.am.ActivityManagerService.onTransact(ActivityManagerService.java:3346)

06-22 19:52:27.029  1570  1852 I LSPosed-Bridge: 	at android.os.Binder.execTransact(Binder.java:731)

06-22 19:52:32.193  1570  8442 I LSPosed-Bridge: 5278 PermLabel 10122 AMS.checkPermission: Binder.getCallingPid() = 5278; uid = 10122; Binder.getCallingUid() = 10122; getNameForUid: homeworkout.homeworkouts.noequipment; getPackagesForUid: [homeworkout.homeworkouts.noequipment]; permName: android.permission.GET_TASKS; type = 0; res = -1; stacktrace=java.lang.Exception

06-22 19:52:32.193  1570  8442 I LSPosed-Bridge: 	at com.example.permlabel.requirePerm$1$2.afterHookedMethod(requirePerm.java:127)

06-22 19:52:32.193  1570  8442 I LSPosed-Bridge: 	at de.robv.android.xposed.XposedBridge$AdditionalHookInfo.callback(Unknown Source:147)

06-22 19:52:32.193  1570  8442 I LSPosed-Bridge: 	at LSPHooker_.checkPermission(Unknown Source:25)

06-22 19:52:32.193  1570  8442 I LSPosed-Bridge: 	at com.android.server.am.ActivityManagerService.isGetTasksAllowed(ActivityManagerService.java:10902)

06-22 19:52:32.193  1570  8442 I LSPosed-Bridge: 	at com.android.server.am.ActivityManagerService.getRunningAppProcesses(ActivityManagerService.java:16139)

06-22 19:52:32.193  1570  8442 I LSPosed-Bridge: 	at android.app.IActivityManager$Stub.onTransact(IActivityManager.java:1088)

06-22 19:52:32.193  1570  8442 I LSPosed-Bridge: 	at com.android.server.am.ActivityManagerService.onTransact(ActivityManagerService.java:3346)

06-22 19:52:32.193  1570  8442 I LSPosed-Bridge: 	at android.os.Binder.execTransact(Binder.java:731)

06-22 19:52:32.193  5278  5278 I LSPosed-Bridge: 5278 PermLabel 10122 ContextImpl.checkPermission: pid = 5278; uid = 10122; permName: com.google.android.gms.permission.AD_ID; type = 0; res = -1; stacktrace=java.lang.Exception

06-22 19:52:32.193  5278  5278 I LSPosed-Bridge: 	at com.example.permlabel.requestPerm$2.afterHookedMethod(requestPerm.java:212)

06-22 19:52:32.193  5278  5278 I LSPosed-Bridge: 	at de.robv.android.xposed.XposedBridge$AdditionalHookInfo.callback(Unknown Source:147)

06-22 19:52:32.193  5278  5278 I LSPosed-Bridge: 	at LSPHooker_.checkPermission(Unknown Source:25)

06-22 19:52:32.193  5278  5278 I LSPosed-Bridge: 	at android.content.ContextWrapper.checkPermission(ContextWrapper.java:738)

06-22 19:52:32.193  5278  5278 I LSPosed-Bridge: 	at com.google.android.gms.ads.nonagon.signals.a.b(:com.google.android.gms.policy_ads_fdr_dynamite@231710101@231710100057.526733554.526733554:3)

06-22 19:52:32.193  5278  5278 I LSPosed-Bridge: 	at com.google.android.gms.ads.nonagon.signals.fp.a(:com.google.android.gms.policy_ads_fdr_dynamite@231710101@231710100057.526733554.526733554:3)

06-22 19:52:32.193  5278  5278 I LSPosed-Bridge: 	at com.google.android.gms.ads.nonagon.ad.common.ci.a(:com.google.android.gms.policy_ads_fdr_dynamite@231710101@231710100057.526733554.526733554:0)

06-22 19:52:32.193  5278  5278 I LSPosed-Bridge: 	at com.google.android.gms.ads.nonagon.ad.common.ci.b(:com.google.android.gms.policy_ads_fdr_dynamite@231710101@231710100057.526733554.526733554:1)

06-22 19:52:32.193  5278  5278 I LSPosed-Bridge: 	at com.google.android.gms.ads.nonagon.ad.common.ai.d(:com.google.android.gms.policy_ads_fdr_dynamite@231710101@231710100057.526733554.526733554:29)

06-22 19:52:32.193  5278  5278 I LSPosed-Bridge: 	at com.google.android.gms.ads.nonagon.ad.common.ai.b(:com.google.android.gms.policy_ads_fdr_dynamite@231710101@231710100057.526733554.526733554:0)

06-22 19:52:32.193  5278  5278 I LSPosed-Bridge: 	at com.google.android.gms.ads.nonagon.shim.adapters.b.c(:com.google.android.gms.policy_ads_fdr_dynamite@231710101@231710100057.526733554.526733554:19)

06-22 19:52:32.193  5278  5278 I LSPosed-Bridge: 	at com.google.android.gms.ads.nonagon.shim.d.g(:com.google.android.gms.policy_ads_fdr_dynamite@231710101@231710100057.526733554.526733554:2)

06-22 19:52:32.193  5278  5278 I LSPosed-Bridge: 	at com.google.android.gms.ads.internal.client.aw.bN(:com.google.android.gms.policy_ads_fdr_dynamite@231710101@231710100057.526733554.526733554:10)

06-22 19:52:32.193  5278  5278 I LSPosed-Bridge: 	at agb.onTransact(:com.google.android.gms.policy_ads_fdr_dynamite@231710101@231710100057.526733554.526733554:4)

06-22 19:52:32.193  5278  5278 I LSPosed-Bridge: 	at android.os.Binder.transact(Binder.java:667)

06-22 19:52:32.193  5278  5278 I LSPosed-Bridge: 	at com.google.android.gms.internal.ads._da.b(SourceFile:2)

06-22 19:52:32.193  5278  5278 I LSPosed-Bridge: 	at com.google.android.gms.internal.ads.Vla.zzb(SourceFile:3)

06-22 19:52:32.193  5278  5278 I LSPosed-Bridge: 	at com.google.android.gms.ads.d.a(SourceFile:1)

06-22 19:52:32.193  5278  5278 I LSPosed-Bridge: 	at com.google.android.gms.ads.d.a(SourceFile:3)

06-22 19:52:32.193  5278  5278 I LSPosed-Bridge: 	at com.zjsoft.admob.q.a(SourceFile:54)

06-22 19:52:32.193  5278  5278 I LSPosed-Bridge: 	at com.zjsoft.admob.q.a(SourceFile:1)

06-22 19:52:32.193  5278  5278 I LSPosed-Bridge: 	at com.zjsoft.admob.m.run(SourceFile:2)

06-22 19:52:32.193  5278  5278 I LSPosed-Bridge: 	at android.app.Activity.runOnUiThread(Activity.java:6282)

06-22 19:52:32.193  5278  5278 I LSPosed-Bridge: 	at com.zjsoft.admob.n.a(SourceFile:1)

06-22 19:52:32.193  5278  5278 I LSPosed-Bridge: 	at com.zjsoft.admob.b.a(SourceFile:10)

06-22 19:52:32.193  5278  5278 I LSPosed-Bridge: 	at com.zjsoft.admob.q.a(SourceFile:7)

06-22 19:52:32.193  5278  5278 I LSPosed-Bridge: 	at com.zjsoft.baseadlib.a.a.b.a(SourceFile:8)

06-22 19:52:32.193  5278  5278 I LSPosed-Bridge: 	at com.zjsoft.baseadlib.a.a.b.a(SourceFile:2)

06-22 19:52:32.193  5278  5278 I LSPosed-Bridge: 	at com.zjsoft.baseadlib.a.a.a.a(SourceFile:4)

06-22 19:52:32.193  5278  5278 I LSPosed-Bridge: 	at c.e.a.h.a(SourceFile:5)

06-22 19:52:32.193  5278  5278 I LSPosed-Bridge: 	at com.zjsoft.baseadlib.a.a.b.a(SourceFile:8)

06-22 19:52:32.193  5278  5278 I LSPosed-Bridge: 	at com.zjsoft.baseadlib.a.a.b.<init>(SourceFile:13)

06-22 19:52:32.193  5278  5278 I LSPosed-Bridge: 	at com.zjsoft.baseadlib.a.a.b.<init>(SourceFile:17)

06-22 19:52:32.193  5278  5278 I LSPosed-Bridge: 	at homeworkout.homeworkouts.noequipment.frag.b.a(SourceFile:10)

06-22 19:52:32.193  5278  5278 I LSPosed-Bridge: 	at homeworkout.homeworkouts.noequipment.frag.ra.a(SourceFile:11)

06-22 19:52:32.193  5278  5278 I LSPosed-Bridge: 	at androidx.fragment.app.Fragment.b(SourceFile:7)

06-22 19:52:32.193  5278  5278 I LSPosed-Bridge: 	at androidx.fragment.app.FragmentManagerImpl.moveToState(SourceFile:65)

06-22 19:52:32.193  5278  5278 I LSPosed-Bridge: 	at androidx.fragment.app.FragmentManagerImpl.moveFragmentToExpectedState(SourceFile:6)

06-22 19:52:32.193  5278  5278 I LSPosed-Bridge: 	at androidx.fragment.app.FragmentManagerImpl.moveToState(SourceFile:150)

06-22 19:52:32.193  5278  5278 I LSPosed-Bridge: 	at androidx.fragment.app.a.e(SourceFile:25)

06-22 19:52:32.193  5278  5278 I LSPosed-Bridge: 	at androidx.fragment.app.FragmentManagerImpl.executeOps(SourceFile:6)

06-22 19:52:32.193  5278  5278 I LSPosed-Bridge: 	at androidx.fragment.app.FragmentManagerImpl.executeOpsTogether(SourceFile:14)

06-22 19:52:32.193  5278  5278 I LSPosed-Bridge: 	at androidx.fragment.app.FragmentManagerImpl.removeRedundantOperationsAndExecute(SourceFile:10)

06-22 19:52:32.193  5278  5278 I LSPosed-Bridge: 	at androidx.fragment.app.FragmentManagerImpl.execPendingActions(SourceFile:4)

06-22 19:52:32.193  5278  5278 I LSPosed-Bridge: 	at androidx.fragment.app.m.run(SourceFile:1)

06-22 19:52:32.193  5278  5278 I LSPosed-Bridge: 	at android.os.Handler.handleCallback(Handler.java:873)

06-22 19:52:32.193  5278  5278 I LSPosed-Bridge: 	at android.os.Handler.dispatchMessage(Handler.java:99)

06-22 19:52:32.193  5278  5278 I LSPosed-Bridge: 	at android.os.Looper.loop(Looper.java:193)

06-22 19:52:32.193  5278  5278 I LSPosed-Bridge: 	at android.app.ActivityThread.main(ActivityThread.java:6692)

06-22 19:52:32.193  5278  5278 I LSPosed-Bridge: 	at java.lang.reflect.Method.invoke(Native Method)

06-22 19:52:32.193  5278  5278 I LSPosed-Bridge: 	at com.android.internal.os.RuntimeInit$MethodAndArgsCaller.run(RuntimeInit.java:493)

06-22 19:52:32.193  5278  5278 I LSPosed-Bridge: 	at com.android.internal.os.ZygoteInit.main(ZygoteInit.java:858)

06-22 19:52:32.572  1570  8442 I LSPosed-Bridge: 5278 PermLabel 10122 AMS.checkPermission: Binder.getCallingPid() = 5278; uid = 10122; Binder.getCallingUid() = 10122; getNameForUid: homeworkout.homeworkouts.noequipment; getPackagesForUid: [homeworkout.homeworkouts.noequipment]; permName: android.permission.GET_TASKS; type = 0; res = -1; stacktrace=java.lang.Exception

06-22 19:52:32.572  1570  8442 I LSPosed-Bridge: 	at com.example.permlabel.requirePerm$1$2.afterHookedMethod(requirePerm.java:127)

06-22 19:52:32.572  1570  8442 I LSPosed-Bridge: 	at de.robv.android.xposed.XposedBridge$AdditionalHookInfo.callback(Unknown Source:147)

06-22 19:52:32.572  1570  8442 I LSPosed-Bridge: 	at LSPHooker_.checkPermission(Unknown Source:25)

06-22 19:52:32.572  1570  8442 I LSPosed-Bridge: 	at com.android.server.am.ActivityManagerService.isGetTasksAllowed(ActivityManagerService.java:10902)

06-22 19:52:32.572  1570  8442 I LSPosed-Bridge: 	at com.android.server.am.ActivityManagerService.getRunningAppProcesses(ActivityManagerService.java:16139)

06-22 19:52:32.572  1570  8442 I LSPosed-Bridge: 	at android.app.IActivityManager$Stub.onTransact(IActivityManager.java:1088)

06-22 19:52:32.572  1570  8442 I LSPosed-Bridge: 	at com.android.server.am.ActivityManagerService.onTransact(ActivityManagerService.java:3346)

06-22 19:52:32.572  1570  8442 I LSPosed-Bridge: 	at android.os.Binder.execTransact(Binder.java:731)

06-22 19:52:32.880  1570  4136 I LSPosed-Bridge: 5278 PermLabel 10122 AMS.checkPermission: Binder.getCallingPid() = 5278; uid = 10122; Binder.getCallingUid() = 10122; getNameForUid: homeworkout.homeworkouts.noequipment; getPackagesForUid: [homeworkout.homeworkouts.noequipment]; permName: android.permission.GET_TASKS; type = 0; res = -1; stacktrace=java.lang.Exception

06-22 19:52:32.880  1570  4136 I LSPosed-Bridge: 	at com.example.permlabel.requirePerm$1$2.afterHookedMethod(requirePerm.java:127)

06-22 19:52:32.880  1570  4136 I LSPosed-Bridge: 	at de.robv.android.xposed.XposedBridge$AdditionalHookInfo.callback(Unknown Source:147)

06-22 19:52:32.880  1570  4136 I LSPosed-Bridge: 	at LSPHooker_.checkPermission(Unknown Source:25)

06-22 19:52:32.880  1570  4136 I LSPosed-Bridge: 	at com.android.server.am.ActivityManagerService.isGetTasksAllowed(ActivityManagerService.java:10902)

06-22 19:52:32.880  1570  4136 I LSPosed-Bridge: 	at com.android.server.am.ActivityManagerService.getRunningAppProcesses(ActivityManagerService.java:16139)

06-22 19:52:32.880  1570  4136 I LSPosed-Bridge: 	at android.app.IActivityManager$Stub.onTransact(IActivityManager.java:1088)

06-22 19:52:32.880  1570  4136 I LSPosed-Bridge: 	at com.android.server.am.ActivityManagerService.onTransact(ActivityManagerService.java:3346)

06-22 19:52:32.880  1570  4136 I LSPosed-Bridge: 	at android.os.Binder.execTransact(Binder.java:731)

06-22 19:53:11.114  1570  5479 I LSPosed-Bridge: 5278 PermLabel 10122 AMS.checkPermission: Binder.getCallingPid() = 5278; uid = 10122; Binder.getCallingUid() = 10122; getNameForUid: homeworkout.homeworkouts.noequipment; getPackagesForUid: [homeworkout.homeworkouts.noequipment]; permName: android.permission.GET_TASKS; type = 0; res = -1; stacktrace=java.lang.Exception

06-22 19:53:11.114  1570  5479 I LSPosed-Bridge: 	at com.example.permlabel.requirePerm$1$2.afterHookedMethod(requirePerm.java:127)

06-22 19:53:11.114  1570  5479 I LSPosed-Bridge: 	at de.robv.android.xposed.XposedBridge$AdditionalHookInfo.callback(Unknown Source:147)

06-22 19:53:11.114  1570  5479 I LSPosed-Bridge: 	at LSPHooker_.checkPermission(Unknown Source:25)

06-22 19:53:11.114  1570  5479 I LSPosed-Bridge: 	at com.android.server.am.ActivityManagerService.isGetTasksAllowed(ActivityManagerService.java:10902)

06-22 19:53:11.114  1570  5479 I LSPosed-Bridge: 	at com.android.server.am.ActivityManagerService.getRunningAppProcesses(ActivityManagerService.java:16139)

06-22 19:53:11.114  1570  5479 I LSPosed-Bridge: 	at android.app.IActivityManager$Stub.onTransact(IActivityManager.java:1088)

06-22 19:53:11.114  1570  5479 I LSPosed-Bridge: 	at com.android.server.am.ActivityManagerService.onTransact(ActivityManagerService.java:3346)

06-22 19:53:11.114  1570  5479 I LSPosed-Bridge: 	at android.os.Binder.execTransact(Binder.java:731)

06-22 19:53:11.262  1570  5479 I LSPosed-Bridge: 5278 PermLabel 10122 AMS.checkPermission: Binder.getCallingPid() = 5278; uid = 10122; Binder.getCallingUid() = 10122; getNameForUid: homeworkout.homeworkouts.noequipment; getPackagesForUid: [homeworkout.homeworkouts.noequipment]; permName: android.permission.GET_TASKS; type = 0; res = -1; stacktrace=java.lang.Exception

06-22 19:53:11.262  1570  5479 I LSPosed-Bridge: 	at com.example.permlabel.requirePerm$1$2.afterHookedMethod(requirePerm.java:127)

06-22 19:53:11.262  1570  5479 I LSPosed-Bridge: 	at de.robv.android.xposed.XposedBridge$AdditionalHookInfo.callback(Unknown Source:147)

06-22 19:53:11.262  1570  5479 I LSPosed-Bridge: 	at LSPHooker_.checkPermission(Unknown Source:25)

06-22 19:53:11.262  1570  5479 I LSPosed-Bridge: 	at com.android.server.am.ActivityManagerService.isGetTasksAllowed(ActivityManagerService.java:10902)

06-22 19:53:11.262  1570  5479 I LSPosed-Bridge: 	at com.android.server.am.ActivityManagerService.getRunningAppProcesses(ActivityManagerService.java:16139)

06-22 19:53:11.262  1570  5479 I LSPosed-Bridge: 	at android.app.IActivityManager$Stub.onTransact(IActivityManager.java:1088)

