06-22 19:49:30.448  1570  7756 I LSPosed-Bridge: 	at com.android.server.am.ActivityManagerService.getRunningAppProcesses(ActivityManagerService.java:16139)

06-22 19:49:30.448  1570  7756 I LSPosed-Bridge: 	at android.app.IActivityManager$Stub.onTransact(IActivityManager.java:1088)

06-22 19:49:30.448  1570  7756 I LSPosed-Bridge: 	at com.android.server.am.ActivityManagerService.onTransact(ActivityManagerService.java:3346)

06-22 19:49:30.448  1570  7756 I LSPosed-Bridge: 	at android.os.Binder.execTransact(Binder.java:731)

06-22 19:49:30.718  1570  5487 I LSPosed-Bridge: 5278 PermLabel 10122 AMS.checkPermission: Binder.getCallingPid() = 5278; uid = 10122; Binder.getCallingUid() = 10122; getNameForUid: homeworkout.homeworkouts.noequipment; getPackagesForUid: [homeworkout.homeworkouts.noequipment]; permName: android.permission.GET_TASKS; type = 0; res = -1; stacktrace=java.lang.Exception

06-22 19:49:30.718  1570  5487 I LSPosed-Bridge: 	at com.example.permlabel.requirePerm$1$2.afterHookedMethod(requirePerm.java:127)

06-22 19:49:30.718  1570  5487 I LSPosed-Bridge: 	at de.robv.android.xposed.XposedBridge$AdditionalHookInfo.callback(Unknown Source:147)

06-22 19:49:30.718  1570  5487 I LSPosed-Bridge: 	at LSPHooker_.checkPermission(Unknown Source:25)

06-22 19:49:30.718  1570  5487 I LSPosed-Bridge: 	at com.android.server.am.ActivityManagerService.isGetTasksAllowed(ActivityManagerService.java:10902)

06-22 19:49:30.718  1570  5487 I LSPosed-Bridge: 	at com.android.server.am.ActivityManagerService.getRunningAppProcesses(ActivityManagerService.java:16139)

06-22 19:49:30.718  1570  5487 I LSPosed-Bridge: 	at android.app.IActivityManager$Stub.onTransact(IActivityManager.java:1088)

06-22 19:49:30.718  1570  5487 I LSPosed-Bridge: 	at com.android.server.am.ActivityManagerService.onTransact(ActivityManagerService.java:3346)

06-22 19:49:30.718  1570  5487 I LSPosed-Bridge: 	at android.os.Binder.execTransact(Binder.java:731)

06-22 19:49:30.718  1570  5500 I LSPosed-Bridge: 5278 PermLabel 10122 AMS.checkPermission: Binder.getCallingPid() = 5278; uid = 10122; Binder.getCallingUid() = 10122; getNameForUid: homeworkout.homeworkouts.noequipment; getPackagesForUid: [homeworkout.homeworkouts.noequipment]; permName: com.google.android.gms.permission.AD_ID; type = 0; res = -1; stacktrace=java.lang.Exception

06-22 19:49:30.718  1570  5500 I LSPosed-Bridge: 	at com.example.permlabel.requirePerm$1$2.afterHookedMethod(requirePerm.java:127)

06-22 19:49:30.718  1570  5500 I LSPosed-Bridge: 	at de.robv.android.xposed.XposedBridge$AdditionalHookInfo.callback(Unknown Source:147)

06-22 19:49:30.718  1570  5500 I LSPosed-Bridge: 	at LSPHooker_.checkPermission(Unknown Source:25)

06-22 19:49:30.718  1570  5500 I LSPosed-Bridge: 	at android.app.IActivityManager$Stub.onTransact(IActivityManager.java:664)

06-22 19:49:30.718  1570  5500 I LSPosed-Bridge: 	at com.android.server.am.ActivityManagerService.onTransact(ActivityManagerService.java:3346)

06-22 19:49:30.718  1570  5500 I LSPosed-Bridge: 	at android.os.Binder.execTransact(Binder.java:731)

06-22 19:49:30.878  1570  4136 I LSPosed-Bridge: 5278 PermLabel 10122 AMS.checkPermission: Binder.getCallingPid() = 5278; uid = 10122; Binder.getCallingUid() = 10122; getNameForUid: homeworkout.homeworkouts.noequipment; getPackagesForUid: [homeworkout.homeworkouts.noequipment]; permName: android.permission.GET_TASKS; type = 0; res = -1; stacktrace=java.lang.Exception

06-22 19:49:30.878  1570  4136 I LSPosed-Bridge: 	at com.example.permlabel.requirePerm$1$2.afterHookedMethod(requirePerm.java:127)

06-22 19:49:30.878  1570  4136 I LSPosed-Bridge: 	at de.robv.android.xposed.XposedBridge$AdditionalHookInfo.callback(Unknown Source:147)

06-22 19:49:30.878  1570  4136 I LSPosed-Bridge: 	at LSPHooker_.checkPermission(Unknown Source:25)

06-22 19:49:30.878  1570  4136 I LSPosed-Bridge: 	at com.android.server.am.ActivityManagerService.isGetTasksAllowed(ActivityManagerService.java:10902)

06-22 19:49:30.878  1570  4136 I LSPosed-Bridge: 	at com.android.server.am.ActivityManagerService.getRunningAppProcesses(ActivityManagerService.java:16139)

06-22 19:49:30.878  1570  4136 I LSPosed-Bridge: 	at android.app.IActivityManager$Stub.onTransact(IActivityManager.java:1088)

06-22 19:49:30.878  1570  4136 I LSPosed-Bridge: 	at com.android.server.am.ActivityManagerService.onTransact(ActivityManagerService.java:3346)

06-22 19:49:30.878  1570  4136 I LSPosed-Bridge: 	at android.os.Binder.execTransact(Binder.java:731)

06-22 19:50:14.675  1570  5487 I LSPosed-Bridge: 5278 PermLabel 10122 AMS.checkPermission: Binder.getCallingPid() = 5278; uid = 10122; Binder.getCallingUid() = 10122; getNameForUid: homeworkout.homeworkouts.noequipment; getPackagesForUid: [homeworkout.homeworkouts.noequipment]; permName: android.permission.GET_TASKS; type = 0; res = -1; stacktrace=java.lang.Exception

06-22 19:50:14.675  1570  5487 I LSPosed-Bridge: 	at com.example.permlabel.requirePerm$1$2.afterHookedMethod(requirePerm.java:127)

06-22 19:50:14.675  1570  5487 I LSPosed-Bridge: 	at de.robv.android.xposed.XposedBridge$AdditionalHookInfo.callback(Unknown Source:147)

06-22 19:50:14.675  1570  5487 I LSPosed-Bridge: 	at LSPHooker_.checkPermission(Unknown Source:25)

06-22 19:50:14.675  1570  5487 I LSPosed-Bridge: 	at com.android.server.am.ActivityManagerService.isGetTasksAllowed(ActivityManagerService.java:10902)

06-22 19:50:14.675  1570  5487 I LSPosed-Bridge: 	at com.android.server.am.ActivityManagerService.getRunningAppProcesses(ActivityManagerService.java:16139)

06-22 19:50:14.675  1570  5487 I LSPosed-Bridge: 	at android.app.IActivityManager$Stub.onTransact(IActivityManager.java:1088)

06-22 19:50:14.675  1570  5487 I LSPosed-Bridge: 	at com.android.server.am.ActivityManagerService.onTransact(ActivityManagerService.java:3346)

06-22 19:50:14.675  1570  5487 I LSPosed-Bridge: 	at android.os.Binder.execTransact(Binder.java:731)

06-22 19:50:15.140  5278  5278 I LSPosed-Bridge: 5278 PermLabel 10122 ContextImpl.checkPermission: pid = 5278; uid = 10122; permName: com.google.android.gms.permission.AD_ID; type = 0; res = -1; stacktrace=java.lang.Exception

06-22 19:50:15.140  5278  5278 I LSPosed-Bridge: 	at com.example.permlabel.requestPerm$2.afterHookedMethod(requestPerm.java:212)

06-22 19:50:15.140  5278  5278 I LSPosed-Bridge: 	at de.robv.android.xposed.XposedBridge$AdditionalHookInfo.callback(Unknown Source:147)

06-22 19:50:15.140  5278  5278 I LSPosed-Bridge: 	at LSPHooker_.checkPermission(Unknown Source:25)

06-22 19:50:15.140  5278  5278 I LSPosed-Bridge: 	at android.content.ContextWrapper.checkPermission(ContextWrapper.java:738)

06-22 19:50:15.140  5278  5278 I LSPosed-Bridge: 	at com.google.android.gms.ads.nonagon.signals.a.b(:com.google.android.gms.policy_ads_fdr_dynamite@231710101@231710100057.526733554.526733554:3)

06-22 19:50:15.140  5278  5278 I LSPosed-Bridge: 	at com.google.android.gms.ads.nonagon.signals.fp.a(:com.google.android.gms.policy_ads_fdr_dynamite@231710101@231710100057.526733554.526733554:3)

06-22 19:50:15.140  5278  5278 I LSPosed-Bridge: 	at com.google.android.gms.ads.nonagon.ad.common.ci.a(:com.google.android.gms.policy_ads_fdr_dynamite@231710101@231710100057.526733554.526733554:0)

06-22 19:50:15.140  5278  5278 I LSPosed-Bridge: 	at com.google.android.gms.ads.nonagon.ad.common.ci.b(:com.google.android.gms.policy_ads_fdr_dynamite@231710101@231710100057.526733554.526733554:1)

06-22 19:50:15.140  5278  5278 I LSPosed-Bridge: 	at com.google.android.gms.ads.nonagon.ad.common.ai.d(:com.google.android.gms.policy_ads_fdr_dynamite@231710101@231710100057.526733554.526733554:29)

06-22 19:50:15.140  5278  5278 I LSPosed-Bridge: 	at com.google.android.gms.ads.nonagon.ad.common.ai.b(:com.google.android.gms.policy_ads_fdr_dynamite@231710101@231710100057.526733554.526733554:0)

06-22 19:50:15.140  5278  5278 I LSPosed-Bridge: 	at com.google.android.gms.ads.nonagon.shim.adapters.b.c(:com.google.android.gms.policy_ads_fdr_dynamite@231710101@231710100057.526733554.526733554:19)

06-22 19:50:15.140  5278  5278 I LSPosed-Bridge: 	at com.google.android.gms.ads.nonagon.shim.d.g(:com.google.android.gms.policy_ads_fdr_dynamite@231710101@231710100057.526733554.526733554:2)

06-22 19:50:15.140  5278  5278 I LSPosed-Bridge: 	at com.google.android.gms.ads.internal.client.aw.bN(:com.google.android.gms.policy_ads_fdr_dynamite@231710101@231710100057.526733554.526733554:10)

06-22 19:50:15.140  5278  5278 I LSPosed-Bridge: 	at agb.onTransact(:com.google.android.gms.policy_ads_fdr_dynamite@231710101@231710100057.526733554.526733554:4)

06-22 19:50:15.140  5278  5278 I LSPosed-Bridge: 	at android.os.Binder.transact(Binder.java:667)

06-22 19:50:15.140  5278  5278 I LSPosed-Bridge: 	at com.google.android.gms.internal.ads._da.b(SourceFile:2)

06-22 19:50:15.140  5278  5278 I LSPosed-Bridge: 	at com.google.android.gms.internal.ads.Vla.zzb(SourceFile:3)

06-22 19:50:15.140  5278  5278 I LSPosed-Bridge: 	at com.google.android.gms.ads.d.a(SourceFile:1)

06-22 19:50:15.140  5278  5278 I LSPosed-Bridge: 	at com.google.android.gms.ads.d.a(SourceFile:3)

06-22 19:50:15.140  5278  5278 I LSPosed-Bridge: 	at com.zjsoft.admob.q.a(SourceFile:54)

06-22 19:50:15.140  5278  5278 I LSPosed-Bridge: 	at com.zjsoft.admob.q.a(SourceFile:1)

06-22 19:50:15.140  5278  5278 I LSPosed-Bridge: 	at com.zjsoft.admob.m.run(SourceFile:2)

06-22 19:50:15.140  5278  5278 I LSPosed-Bridge: 	at android.app.Activity.runOnUiThread(Activity.java:6282)

06-22 19:50:15.140  5278  5278 I LSPosed-Bridge: 	at com.zjsoft.admob.n.a(SourceFile:1)

06-22 19:50:15.140  5278  5278 I LSPosed-Bridge: 	at com.zjsoft.admob.b.a(SourceFile:10)

06-22 19:50:15.140  5278  5278 I LSPosed-Bridge: 	at com.zjsoft.admob.q.a(SourceFile:7)

06-22 19:50:15.140  5278  5278 I LSPosed-Bridge: 	at com.zjsoft.baseadlib.a.a.b.a(SourceFile:8)

06-22 19:50:15.140  5278  5278 I LSPosed-Bridge: 	at com.zjsoft.baseadlib.a.a.b.a(SourceFile:2)

06-22 19:50:15.140  5278  5278 I LSPosed-Bridge: 	at com.zjsoft.baseadlib.a.a.a.a(SourceFile:4)

06-22 19:50:15.140  5278  5278 I LSPosed-Bridge: 	at com.zjsoft.admob.p.onAdFailedToLoad(SourceFile:4)

06-22 19:50:15.140  5278  5278 I LSPosed-Bridge: 	at com.google.android.gms.internal.ads.zzva.onAdFailedToLoad(SourceFile:1)

06-22 19:50:15.140  5278  5278 I LSPosed-Bridge: 	at com.google.android.gms.internal.ads.zzwm.a(SourceFile:9)

06-22 19:50:15.140  5278  5278 I LSPosed-Bridge: 	at com.google.android.gms.internal.ads.zzgt.onTransact(SourceFile:3)

06-22 19:50:15.140  5278  5278 I LSPosed-Bridge: 	at android.os.Binder.transact(Binder.java:667)

06-22 19:50:15.140  5278  5278 I LSPosed-Bridge: 	at aga.ba(:com.google.android.gms.policy_ads_fdr_dynamite@231710101@231710100057.526733554.526733554:2)

06-22 19:50:15.140  5278  5278 I LSPosed-Bridge: 	at com.google.android.gms.ads.internal.client.ap.d(:com.google.android.gms.policy_ads_fdr_dynamite@231710101@231710100057.526733554.526733554:0)

06-22 19:50:15.140  5278  5278 I LSPosed-Bridge: 	at com.google.android.gms.ads.nonagon.shim.u.a(:com.google.android.gms.policy_ads_fdr_dynamite@231710101@231710100057.526733554.526733554:0)

06-22 19:50:15.140  5278  5278 I LSPosed-Bridge: 	at com.google.android.gms.ads.nonagon.slot.common.p.a(:com.google.android.gms.policy_ads_fdr_dynamite@231710101@231710100057.526733554.526733554:2)

06-22 19:50:15.140  5278  5278 I LSPosed-Bridge: 	at com.google.android.gms.ads.nonagon.shim.z.bn(:com.google.android.gms.policy_ads_fdr_dynamite@231710101@231710100057.526733554.526733554:2)

06-22 19:50:15.140  5278  5278 I LSPosed-Bridge: 	at com.google.android.gms.ads.nonagon.shim.listeners.a.bn(:com.google.android.gms.policy_ads_fdr_dynamite@231710101@231710100057.526733554.526733554:2)

06-22 19:50:15.140  5278  5278 I LSPosed-Bridge: 	at com.google.android.gms.ads.nonagon.shim.loaders.f.run(:com.google.android.gms.policy_ads_fdr_dynamite@231710101@231710100057.526733554.526733554:0)

06-22 19:50:15.140  5278  5278 I LSPosed-Bridge: 	at android.os.Handler.handleCallback(Handler.java:873)

06-22 19:50:15.140  5278  5278 I LSPosed-Bridge: 	at android.os.Handler.dispatchMessage(Handler.java:99)

06-22 19:50:15.140  5278  5278 I LSPosed-Bridge: 	at atm.a(:com.google.an

06-22 19:50:15.140  1570  5504 I LSPosed-Bridge: 5278 PermLabel 10122 AMS.checkPermission: Binder.getCallingPid() = 5278; uid = 10122; Binder.getCallingUid() = 10122; getNameForUid: homeworkout.homeworkouts.noequipment; getPackagesForUid: [homeworkout.homeworkouts.noequipment]; permName: android.permission.GET_TASKS; type = 0; res = -1; stacktrace=java.lang.Exception

06-22 19:50:15.140  1570  5504 I LSPosed-Bridge: 	at com.example.permlabel.requirePerm$1$2.afterHookedMethod(requirePerm.java:127)

06-22 19:50:15.140  1570  5504 I LSPosed-Bridge: 	at de.robv.android.xposed.XposedBridge$AdditionalHookInfo.callback(Unknown Source:147)

06-22 19:50:15.140  1570  5504 I LSPosed-Bridge: 	at LSPHooker_.checkPermission(Unknown Source:25)

06-22 19:50:15.140  1570  5504 I LSPosed-Bridge: 	at com.android.server.am.ActivityManagerService.isGetTasksAllowed(ActivityManagerService.java:10902)

06-22 19:50:15.140  1570  5504 I LSPosed-Bridge: 	at com.android.server.am.ActivityManagerService.getRunningAppProcesses(ActivityManagerService.java:16139)

06-22 19:50:15.140  1570  5504 I LSPosed-Bridge: 	at android.app.IActivityManager$Stub.onTransact(IActivityManager.java:1088)

06-22 19:50:15.140  1570  5504 I LSPosed-Bridge: 	at com.android.server.am.ActivityManagerService.onTransact(ActivityManagerService.java:3346)

06-22 19:50:15.140  1570  5504 I LSPosed-Bridge: 	at android.os.Binder.execTransact(Binder.java:731)

06-22 19:50:15.523   551   551 I ConfigStore: android::hardware::configstore::V1_0::ISurfaceFlingerConfigs::hasHDRDisplay retrieved: 0

06-22 19:50:15.523  5278  5278 I Ads     : Please set theme of AdActivity to @android:style/Theme.Translucent to enable transparent background interstitial ad.

06-22 19:50:15.523  1570  5487 I LSPosed-Bridge: 5278 PermLabel 10122 AMS.checkPermission: Binder.getCallingPid() = 5278; uid = 10122; Binder.getCallingUid() = 10122; getNameForUid: homeworkout.homeworkouts.noequipment; getPackagesForUid: [homeworkout.homeworkouts.noequipment]; permName: android.permission.GET_TASKS; type = 0; res = -1; stacktrace=java.lang.Exception

06-22 19:50:15.523  1570  5487 I LSPosed-Bridge: 	at com.example.permlabel.requirePerm$1$2.afterHookedMethod(requirePerm.java:127)

06-22 19:50:15.523  1570  5487 I LSPosed-Bridge: 	at de.robv.android.xposed.XposedBridge$AdditionalHookInfo.callback(Unknown Source:147)

06-22 19:50:15.523  1570  5487 I LSPosed-Bridge: 	at LSPHooker_.checkPermission(Unknown Source:25)

06-22 19:50:15.523  1570  5487 I LSPosed-Bridge: 	at com.android.server.am.ActivityManagerService.isGetTasksAllowed(ActivityManagerService.java:10902)

06-22 19:50:15.523  1570  5487 I LSPosed-Bridge: 	at com.android.server.am.ActivityManagerService.getRunningAppProcesses(ActivityManagerService.java:16139)

06-22 19:50:15.523  1570  5487 I LSPosed-Bridge: 	at android.app.IActivityManager$Stub.onTransact(IActivityManager.java:1088)

06-22 19:50:15.523  1570  5487 I LSPosed-Bridge: 	at com.android.server.am.ActivityManagerService.onTransact(ActivityManagerService.java:3346)

06-22 19:50:15.523  1570  5487 I LSPosed-Bridge: 	at android.os.Binder.execTransact(Binder.java:731)

06-22 19:50:18.117  1570  5487 I LSPosed-Bridge: 5278 PermLabel 10122 AMS.checkPermission: Binder.getCallingPid() = 5278; uid = 10122; Binder.getCallingUid() = 10122; getNameForUid: homeworkout.homeworkouts.noequipment; getPackagesForUid: [homeworkout.homeworkouts.noequipment]; permName: android.permission.GET_TASKS; type = 0; res = -1; stacktrace=java.lang.Exception

06-22 19:50:18.117  1570  5487 I LSPosed-Bridge: 	at com.example.permlabel.requirePerm$1$2.afterHookedMethod(requirePerm.java:127)

06-22 19:50:18.117  1570  5487 I LSPosed-Bridge: 	at de.robv.android.xposed.XposedBridge$AdditionalHookInfo.callback(Unknown Source:147)

06-22 19:50:18.117  1570  5487 I LSPosed-Bridge: 	at LSPHooker_.checkPermission(Unknown Source:25)

06-22 19:50:18.117  1570  5487 I LSPosed-Bridge: 	at com.android.server.am.ActivityManagerService.isGetTasksAllowed(ActivityManagerService.java:10902)

06-22 19:50:18.117  1570  5487 I LSPosed-Bridge: 	at com.android.server.am.ActivityManagerService.getRunningAppProcesses(ActivityManagerService.java:16139)

06-22 19:50:18.117  1570  5487 I LSPosed-Bridge: 	at android.app.IActivityManager$Stub.onTransact(IActivityManager.java:1088)

06-22 19:50:18.117  1570  5487 I LSPosed-Bridge: 	at com.android.server.am.ActivityManagerService.onTransact(ActivityManagerService.java:3346)

06-22 19:50:18.117  1570  5487 I LSPosed-Bridge: 	at android.os.Binder.execTransact(Binder.java:731)

06-22 19:50:18.224  5278  5278 I Ads     : Please set theme of AdActivity to @android:style/Theme.Translucent to enable transparent background interstitial ad.

06-22 19:50:18.224  1570  5504 I LSPosed-Bridge: 5278 PermLabel 10122 AMS.checkPermission: Binder.getCallingPid() = 5278; uid = 10122; Binder.getCallingUid() = 10122; getNameForUid: homeworkout.homeworkouts.noequipment; getPackagesForUid: [homeworkout.homeworkouts.noequipment]; permName: android.permission.GET_TASKS; type = 0; res = -1; stacktrace=java.lang.Exception

06-22 19:50:18.224  1570  5504 I LSPosed-Bridge: 	at com.example.permlabel.requirePerm$1$2.afterHookedMethod(requirePerm.java:127)

06-22 19:50:18.224  1570  5504 I LSPosed-Bridge: 	at de.robv.android.xposed.XposedBridge$AdditionalHookInfo.callback(Unknown Source:147)

06-22 19:50:18.224  1570  5504 I LSPosed-Bridge: 	at LSPHooker_.checkPermission(Unknown Source:25)

06-22 19:50:18.224  1570  5504 I LSPosed-Bridge: 	at com.android.server.am.ActivityManagerService.isGetTasksAllowed(ActivityManagerService.java:10902)

06-22 19:50:18.224  1570  5504 I LSPosed-Bridge: 	at com.android.server.am.ActivityManagerService.getRunningAppProcesses(ActivityManagerService.java:16139)

06-22 19:50:18.224  1570  5504 I LSPosed-Bridge: 	at android.app.IActivityManager$Stub.onTransact(IActivityManager.java:1088)

06-22 19:50:18.224  1570  5504 I LSPosed-Bridge: 	at com.android.server.am.ActivityManagerService.onTransact(ActivityManagerService.java:3346)

06-22 19:50:18.224  1570  5504 I LSPosed-Bridge: 	at android.os.Binder.execTransact(Binder.java:731)

06-22 19:50:18.224   551   551 I ConfigStore: android::hardware::configstore::V1_0::ISurfaceFlingerConfigs::hasHDRDisplay retrieved: 0

06-22 19:50:18.224  5278 31277 I AudioManager: In isSpeakerphoneOn(), calling application: homeworkout.homeworkouts.noequipment

06-22 19:50:18.429  1570  1852 I LSPosed-Bridge: 5278 PermLabel 10122 AMS.checkPermission: Binder.getCallingPid() = 5278; uid = 10122; Binder.getCallingUid() = 10122; getNameForUid: homeworkout.homeworkouts.noequipment; getPackagesForUid: [homeworkout.homeworkouts.noequipment]; permName: android.permission.GET_TASKS; type = 0; res = -1; stacktrace=java.lang.Exception

06-22 19:50:18.429  1570  1852 I LSPosed-Bridge: 	at com.example.permlabel.requirePerm$1$2.afterHookedMethod(requirePerm.java:127)

06-22 19:50:18.429  1570  1852 I LSPosed-Bridge: 	at de.robv.android.xposed.XposedBridge$AdditionalHookInfo.callback(Unknown Source:147)

06-22 19:50:18.429  1570  1852 I LSPosed-Bridge: 	at LSPHooker_.checkPermission(Unknown Source:25)

06-22 19:50:18.429  1570  1852 I LSPosed-Bridge: 	at com.android.server.am.ActivityManagerService.isGetTasksAllowed(ActivityManagerService.java:10902)

06-22 19:50:18.429  1570  1852 I LSPosed-Bridge: 	at com.android.server.am.ActivityManagerService.getRunningAppProcesses(ActivityManagerService.java:16139)

06-22 19:50:18.429  1570  1852 I LSPosed-Bridge: 	at android.app.IActivityManager$Stub.onTransact(IActivityManager.java:1088)

06-22 19:50:18.429  1570  1852 I LSPosed-Bridge: 	at com.android.server.am.ActivityManagerService.onTransact(ActivityManagerService.java:3346)

06-22 19:50:18.429  1570  1852 I LSPosed-Bridge: 	at android.os.Binder.execTransact(Binder.java:731)

06-22 19:50:18.593   551   551 I ConfigStore: android::hardware::configstore::V1_0::ISurfaceFlingerConfigs::hasHDRDisplay retrieved: 0

06-22 19:50:18.593  1570  5500 I LSPosed-Bridge: 5278 PermLabel 10122 AMS.checkPermission: Binder.getCallingPid() = 5278; uid = 10122; Binder.getCallingUid() = 10122; getNameForUid: homeworkout.homeworkouts.noequipment; getPackagesForUid: [homeworkout.homeworkouts.noequipment]; permName: android.permission.GET_TASKS; type = 0; res = -1; stacktrace=java.lang.Exception

06-22 19:50:18.593  1570  5500 I LSPosed-Bridge: 	at com.example.permlabel.requirePerm$1$2.afterHookedMethod(requirePerm.java:127)

06-22 19:50:18.593  1570  5500 I LSPosed-Bridge: 	at de.robv.android.xposed.XposedBridge$AdditionalHookInfo.callback(Unknown Source:147)

06-22 19:50:18.593  1570  5500 I LSPosed-Bridge: 	at LSPHooker_.checkPermission(Unknown Source:25)

06-22 19:50:18.593  1570  5500 I LSPosed-Bridge: 	at com.android.server.am.ActivityManagerService.isGetTasksAllowed(ActivityManagerService.java:10902)

06-22 19:50:18.593  1570  5500 I LSPosed-Bridge: 	at com.android.server.am.ActivityManagerService.getRunningAppProcesses(ActivityManagerService.java:16139)

06-22 19:50:18.593  1570  5500 I LSPosed-Bridge: 	at android.app.IActivityManager$Stub.onTransact(IActivityManager.java:1088)

06-22 19:50:18.593  1570  5500 I LSPosed-Bridge: 	at com.android.server.am.ActivityManagerService.onTransact(ActivityManagerService.java:3346)

06-22 19:50:18.593  1570  5500 I LSPosed-Bridge: 	at android.os.Binder.execTransact(Binder.java:731)

06-22 19:50:18.593  5278  5278 I Ads     : Please set theme of AdActivity to @android:style/Theme.Translucent to enable transparent background interstitial ad.

06-22 19:50:18.741  1570  5487 I LSPosed-Bridge: 5278 PermLabel 10122 AMS.checkPermission: Binder.getCallingPid() = 5278; uid = 10122; Binder.getCallingUid() = 10122; getNameForUid: homeworkout.homeworkouts.noequipment; getPackagesForUid: [homeworkout.homeworkouts.noequipment]; permName: android.permission.GET_TASKS; type = 0; res = -1; stacktrace=java.lang.Exception

06-22 19:50:18.741  1570  5487 I LSPosed-Bridge: 	at com.example.permlabel.requirePerm$1$2.afterHookedMethod(requirePerm.java:127)

06-22 19:50:18.741  1570  5487 I LSPosed-Bridge: 	at de.robv.android.xposed.XposedBridge$AdditionalHookInfo.callback(Unknown Source:147)

06-22 19:50:18.741  1570  5487 I LSPosed-Bridge: 	at LSPHooker_.checkPermission(Unknown Source:25)

06-22 19:50:18.741  1570  5487 I LSPosed-Bridge: 	at com.android.server.am.ActivityManagerService.isGetTasksAllowed(ActivityManagerService.java:10902)

06-22 19:50:18.741  1570  5487 I LSPosed-Bridge: 	at com.android.server.am.ActivityManagerService.getRunningAppProcesses(ActivityManagerService.java:16139)

06-22 19:50:18.741  1570  5487 I LSPosed-Bridge: 	at android.app.IActivityManager$Stub.onTransact(IActivityManager.java:1088)

06-22 19:50:18.741  1570  5487 I LSPosed-Bridge: 	at com.android.server.am.ActivityManagerService.onTransact(ActivityManagerService.java:3346)

06-22 19:50:18.741  1570  5487 I LSPosed-Bridge: 	at android.os.Binder.execTransact(Binder.java:731)

06-22 19:50:18.741  5278  5278 I LSPosed-Bridge: 5278 PermLabel 10122 ContextImpl.checkPermission: pid = 5278; uid = 10122; permName: com.google.android.gms.permission.AD_ID; type = 0; res = -1; stacktrace=java.lang.Exception

06-22 19:50:18.741  5278  5278 I LSPosed-Bridge: 	at com.example.permlabel.requestPerm$2.afterHookedMethod(requestPerm.java:212)

06-22 19:50:18.741  5278  5278 I LSPosed-Bridge: 	at de.robv.android.xposed.XposedBridge$AdditionalHookInfo.callback(Unknown Source:147)

06-22 19:50:18.741  5278  5278 I LSPosed-Bridge: 	at LSPHooker_.checkPermission(Unknown Source:25)

06-22 19:50:18.741  5278  5278 I LSPosed-Bridge: 	at android.content.ContextWrapper.checkPermission(ContextWrapper.java:738)

06-22 19:50:18.741  5278  5278 I LSPosed-Bridge: 	at com.google.android.gms.ads.nonagon.signals.a.b(:com.google.android.gms.policy_ads_fdr_dynamite@231710101@231710100057.526733554.526733554:3)

06-22 19:50:18.741  5278  5278 I LSPosed-Bridge: 	at com.google.android.gms.ads.nonagon.signals.fp.a(:com.google.android.gms.policy_ads_fdr_dynamite@231710101@231710100057.526733554.526733554:3)

06-22 19:50:18.741  5278  5278 I LSPosed-Bridge: 	at com.google.android.gms.ads.nonagon.ad.common.ci.a(:com.google.android.gms.policy_ads_fdr_dynamite@231710101@231710100057.526733554.526733554:0)

06-22 19:50:18.741  5278  5278 I LSPosed-Bridge: 	at com.google.android.gms.ads.nonagon.ad.common.ci.b(:com.google.android.gms.policy_ads_fdr_dynamite@231710101@231710100057.526733554.526733554:1)

06-22 19:50:18.741  5278  5278 I LSPosed-Bridge: 	at com.google.android.gms.ads.nonagon.ad.common.ai.d(:com.google.android.gms.policy_ads_fdr_dynamite@231710101@231710100057.526733554.526733554:29)

06-22 19:50:18.741  5278  5278 I LSPosed-Bridge: 	at com.google.android.gms.ads.nonagon.ad.common.ai.b(:com.google.android.gms.policy_ads_fdr_dynamite@231710101@231710100057.526733554.526733554:0)

06-22 19:50:18.741  5278  5278 I LSPosed-Bridge: 	at com.google.android.gms.ads.nonagon.shim.adapters.b.c(:com.google.android.gms.policy_ads_fdr_dynamite@231710101@231710100057.526733554.526733554:19)

06-22 19:50:18.741  5278  5278 I LSPosed-Bridge: 	at com.google.android.gms.ads.nonagon.shim.d.g(:com.google.android.gms.policy_ads_fdr_dynamite@231710101@231710100057.526733554.526733554:2)

06-22 19:50:18.741  5278  5278 I LSPosed-Bridge: 	at com.google.android.gms.ads.internal.client.aw.bN(:com.google.android.gms.policy_ads_fdr_dynamite@231710101@231710100057.526733554.526733554:10)

06-22 19:50:18.741  5278  5278 I LSPosed-Bridge: 	at agb.onTransact(:com.google.android.gms.policy_ads_fdr_dynamite@231710101@231710100057.526733554.526733554:4)

06-22 19:50:18.741  5278  5278 I LSPosed-Bridge: 	at android.os.Binder.transact(Binder.java:667)

06-22 19:50:18.741  5278  5278 I LSPosed-Bridge: 	at com.google.android.gms.internal.ads._da.b(SourceFile:2)

06-22 19:50:18.741  5278  5278 I LSPosed-Bridge: 	at com.google.android.gms.internal.ads.Vla.zzb(SourceFile:3)

06-22 19:50:18.741  5278  5278 I LSPosed-Bridge: 	at com.google.android.gms.ads.d.a(SourceFile:1)

06-22 19:50:18.741  5278  5278 I LSPosed-Bridge: 	at com.google.android.gms.ads.d.a(SourceFile:3)

06-22 19:50:18.741  5278  5278 I LSPosed-Bridge: 	at com.zjsoft.admob.q.a(SourceFile:54)

06-22 19:50:18.741  5278  5278 I LSPosed-Bridge: 	at com.zjsoft.admob.q.a(SourceFile:1)

06-22 19:50:18.741  5278  5278 I LSPosed-Bridge: 	at com.zjsoft.admob.m.run(SourceFile:2)

06-22 19:50:18.741  5278  5278 I LSPosed-Bridge: 	at android.app.Activity.runOnUiThread(Activity.java:6282)

06-22 19:50:18.741  5278  5278 I LSPosed-Bridge: 	at com.zjsoft.admob.n.a(SourceFile:1)

06-22 19:50:18.741  5278  5278 I LSPosed-Bridge: 	at com.zjsoft.admob.b.a(SourceFile:10)

06-22 19:50:18.741  5278  5278 I LSPosed-Bridge: 	at com.zjsoft.admob.q.a(SourceFile:7)

06-22 19:50:18.741  5278  5278 I LSPosed-Bridge: 	at com.zjsoft.baseadlib.a.a.b.a(SourceFile:8)

06-22 19:50:18.741  5278  5278 I LSPosed-Bridge: 	at com.zjsoft.baseadlib.a.a.b.a(SourceFile:2)

06-22 19:50:18.741  5278  5278 I LSPosed-Bridge: 	at com.zjsoft.baseadlib.a.a.a.a(SourceFile:4)

06-22 19:50:18.741  5278  5278 I LSPosed-Bridge: 	at com.zjsoft.admob.p.onAdFailedToLoad(SourceFile:4)

06-22 19:50:18.741  5278  5278 I LSPosed-Bridge: 	at com.google.android.gms.internal.ads.zzva.onAdFailedToLoad(SourceFile:1)

06-22 19:50:18.741  5278  5278 I LSPosed-Bridge: 	at com.google.android.gms.internal.ads.zzwm.a(SourceFile:9)

06-22 19:50:18.741  5278  5278 I LSPosed-Bridge: 	at com.google.android.gms.internal.ads.zzgt.onTransact(SourceFile:3)

06-22 19:50:18.741  5278  5278 I LSPosed-Bridge: 	at android.os.Binder.transact(Binder.java:667)

06-22 19:50:18.741  5278  5278 I LSPosed-Bridge: 	at aga.ba(:com.google.android.gms.policy_ads_fdr_dynamite@231710101@231710100057.526733554.526733554:2)

06-22 19:50:18.741  5278  5278 I LSPosed-Bridge: 	at com.google.android.gms.ads.internal.client.ap.d(:com.google.android.gms.policy_ads_fdr_dynamite@231710101@231710100057.526733554.526733554:0)

06-22 19:50:18.741  5278  5278 I LSPosed-Bridge: 	at com.google.android.gms.ads.nonagon.shim.u.a(:com.google.android.gms.policy_ads_fdr_dynamite@231710101@231710100057.526733554.526733554:0)

06-22 19:50:18.741  5278  5278 I LSPosed-Bridge: 	at com.google.android.gms.ads.nonagon.slot.common.p.a(:com.google.android.gms.policy_ads_fdr_dynamite@231710101@231710100057.526733554.526733554:2)

06-22 19:50:18.741  5278  5278 I LSPosed-Bridge: 	at com.google.android.gms.ads.nonagon.shim.z.bn(:com.google.android.gms.policy_ads_fdr_dynamite@231710101@231710100057.526733554.526733554:2)

06-22 19:50:18.741  5278  5278 I LSPosed-Bridge: 	at com.google.android.gms.ads.nonagon.shim.listeners.a.bn(:com.google.android.gms.policy_ads_fdr_dynamite@231710101@231710100057.526733554.526733554:2)

06-22 19:50:18.741  5278  5278 I LSPosed-Bridge: 	at com.google.android.gms.ads.nonagon.shim.loaders.f.run(:com.google.android.gms.policy_ads_fdr_dynamite@231710101@231710100057.526733554.526733554:0)

06-22 19:50:18.741  5278  5278 I LSPosed-Bridge: 	at android.os.Handler.handleCallback(Handler.java:873)

06-22 19:50:18.741  5278  5278 I LSPosed-Bridge: 	at android.os.Handler.dispatchMessage(Handler.java:99)

06-22 19:50:18.741  5278  5278 I LSPosed-Bridge: 	at atm.a(:com.google.an

06-22 19:50:18.899  1570  1852 I LSPosed-Bridge: 5278 PermLabel 10122 AMS.checkPermission: Binder.getCallingPid() = 5278; uid = 10122; Binder.getCallingUid() = 10122; getNameForUid: homeworkout.homeworkouts.noequipment; getPackagesForUid: [homeworkout.homeworkouts.noequipment]; permName: com.google.android.gms.permission.AD_ID; type = 0; res = -1; stacktrace=java.lang.Exception

06-22 19:50:18.899  1570  1852 I LSPosed-Bridge: 	at com.example.permlabel.requirePerm$1$2.afterHookedMethod(requirePerm.java:127)

06-22 19:50:18.899  1570  1852 I LSPosed-Bridge: 	at de.robv.android.xposed.XposedBridge$AdditionalHookInfo.callback(Unknown Source:147)

06-22 19:50:18.899  1570  1852 I LSPosed-Bridge: 	at LSPHooker_.checkPermission(Unknown Source:25)

06-22 19:50:18.899  1570  1852 I LSPosed-Bridge: 	at android.app.IActivityManager$Stub.onTransact(IActivityManager.java:664)

06-22 19:50:18.899  1570  1852 I LSPosed-Bridge: 	at com.android.server.am.ActivityManagerService.onTransact(ActivityManagerService.java:3346)

06-22 19:50:18.899  1570  1852 I LSPosed-Bridge: 	at android.os.Binder.execTransact(Binder.java:731)

06-22 19:50:18.899  1570  5504 I LSPosed-Bridge: 5278 PermLabel 10122 AMS.checkPermission: Binder.getCallingPid() = 5278; uid = 10122; Binder.getCallingUid() = 10122; getNameForUid: homeworkout.homeworkouts.noequipment; getPackagesForUid: [homeworkout.homeworkouts.noequipment]; permName: android.permission.GET_TASKS; type = 0; res = -1; stacktrace=java.lang.Exception

06-22 19:50:18.899  1570  5504 I LSPosed-Bridge: 	at com.example.permlabel.requirePerm$1$2.afterHookedMethod(requirePerm.java:127)

06-22 19:50:18.899  1570  5504 I LSPosed-Bridge: 	at de.robv.android.xposed.XposedBridge$AdditionalHookInfo.callback(Unknown Source:147)

06-22 19:50:18.899  1570  5504 I LSPosed-Bridge: 	at LSPHooker_.checkPermission(Unknown Source:25)

06-22 19:50:18.899  1570  5504 I LSPosed-Bridge: 	at com.android.server.am.ActivityManagerService.isGetTasksAllowed(ActivityManagerService.java:10902)

06-22 19:50:18.899  1570  5504 I LSPosed-Bridge: 	at com.android.server.am.ActivityManagerService.getRunningAppProcesses(ActivityManagerService.java:16139)

06-22 19:50:18.899  1570  5504 I LSPosed-Bridge: 	at android.app.IActivityManager$Stub.onTransact(IActivityManager.java:1088)

06-22 19:50:18.899  1570  5504 I LSPosed-Bridge: 	at com.android.server.am.ActivityManagerService.onTransact(ActivityManagerService.java:3346)

06-22 19:50:18.899  1570  5504 I LSPosed-Bridge: 	at android.os.Binder.execTransact(Binder.java:731)

06-22 19:50:36.464  1570  5504 I LSPosed-Bridge: 5278 PermLabel 10122 AMS.checkPermission: Binder.getCallingPid() = 5278; uid = 10122; Binder.getCallingUid() = 10122; getNameForUid: homeworkout.homeworkouts.noequipment; getPackagesForUid: [homeworkout.homeworkouts.noequipment]; permName: android.permission.GET_TASKS; type = 0; res = -1; stacktrace=java.lang.Exception

06-22 19:50:36.464  1570  5504 I LSPosed-Bridge: 	at com.example.permlabel.requirePerm$1$2.afterHookedMethod(requirePerm.java:127)

06-22 19:50:36.464  1570  5504 I LSPosed-Bridge: 	at de.robv.android.xposed.XposedBridge$AdditionalHookInfo.callback(Unknown Source:147)

06-22 19:50:36.464  1570  5504 I LSPosed-Bridge: 	at LSPHooker_.checkPermission(Unknown Source:25)

06-22 19:50:36.464  1570  5504 I LSPosed-Bridge: 	at com.android.server.am.ActivityManagerService.isGetTasksAllowed(ActivityManagerService.java:10902)

06-22 19:50:36.464  1570  5504 I LSPosed-Bridge: 	at com.android.server.am.ActivityManagerService.getRunningAppProcesses(ActivityManagerService.java:16139)

06-22 19:50:36.464  1570  5504 I LSPosed-Bridge: 	at android.app.IActivityManager$Stub.onTransact(IActivityManager.java:1088)

06-22 19:50:36.464  1570  5504 I LSPosed-Bridge: 	at com.android.server.am.ActivityManagerService.onTransact(ActivityManagerService.java:3346)

06-22 19:50:36.464  1570  5504 I LSPosed-Bridge: 	at android.os.Binder.execTransact(Binder.java:731)

06-22 19:50:37.048  5278  5278 I LSPosed-Bridge: 5278 PermLabel 10122 ContextImpl.checkPermission: pid = 5278; uid = 10122; permName: com.google.android.gms.permission.AD_ID; type = 0; res = -1; stacktrace=java.lang.Exception

06-22 19:50:37.048  5278  5278 I LSPosed-Bridge: 	at com.example.permlabel.requestPerm$2.afterHookedMethod(requestPerm.java:212)

06-22 19:50:37.048  5278  5278 I LSPosed-Bridge: 	at de.robv.android.xposed.XposedBridge$AdditionalHookInfo.callback(Unknown Source:147)

06-22 19:50:37.048  5278  5278 I LSPosed-Bridge: 	at LSPHooker_.checkPermission(Unknown Source:25)

06-22 19:50:37.048  5278  5278 I LSPosed-Bridge: 	at android.content.ContextWrapper.checkPermission(ContextWrapper.java:738)

06-22 19:50:37.048  5278  5278 I LSPosed-Bridge: 	at com.google.android.gms.ads.nonagon.signals.a.b(:com.google.android.gms.policy_ads_fdr_dynamite@231710101@231710100057.526733554.526733554:3)

06-22 19:50:37.048  5278  5278 I LSPosed-Bridge: 	at com.google.android.gms.ads.nonagon.signals.fp.a(:com.google.android.gms.policy_ads_fdr_dynamite@231710101@231710100057.526733554.526733554:3)

06-22 19:50:37.048  5278  5278 I LSPosed-Bridge: 	at com.google.android.gms.ads.nonagon.ad.common.ci.a(:com.google.android.gms.policy_ads_fdr_dynamite@231710101@231710100057.526733554.526733554:0)

06-22 19:50:37.048  5278  5278 I LSPosed-Bridge: 	at com.google.android.gms.ads.nonagon.ad.common.ci.b(:com.google.android.gms.policy_ads_fdr_dynamite@231710101@231710100057.526733554.526733554:1)

06-22 19:50:37.048  5278  5278 I LSPosed-Bridge: 	at com.google.android.gms.ads.nonagon.ad.common.ai.d(:com.google.android.gms.policy_ads_fdr_dynamite@231710101@231710100057.526733554.526733554:29)

06-22 19:50:37.048  5278  5278 I LSPosed-Bridge: 	at com.google.android.gms.ads.nonagon.ad.common.ai.b(:com.google.android.gms.policy_ads_fdr_dynamite@231710101@231710100057.526733554.526733554:0)

06-22 19:50:37.048  5278  5278 I LSPosed-Bridge: 	at com.google.android.gms.ads.nonagon.shim.adapters.b.c(:com.google.android.gms.policy_ads_fdr_dynamite@231710101@231710100057.526733554.526733554:19)

06-22 19:50:37.048  5278  5278 I LSPosed-Bridge: 	at com.google.android.gms.ads.nonagon.shim.d.g(:com.google.android.gms.policy_ads_fdr_dynamite@231710101@231710100057.526733554.526733554:2)

06-22 19:50:37.048  5278  5278 I LSPosed-Bridge: 	at com.google.android.gms.ads.internal.client.aw.bN(:com.google.android.gms.policy_ads_fdr_dynamite@231710101@231710100057.526733554.526733554:10)

06-22 19:50:37.048  5278  5278 I LSPosed-Bridge: 	at agb.onTransact(:com.google.android.gms.policy_ads_fdr_dynamite@231710101@231710100057.526733554.526733554:4)

06-22 19:50:37.048  5278  5278 I LSPosed-Bridge: 	at android.os.Binder.transact(Binder.java:667)

06-22 19:50:37.048  5278  5278 I LSPosed-Bridge: 	at com.google.android.gms.internal.ads._da.b(SourceFile:2)

06-22 19:50:37.048  5278  5278 I LSPosed-Bridge: 	at com.google.android.gms.internal.ads.Vla.zzb(SourceFile:3)

06-22 19:50:37.048  5278  5278 I LSPosed-Bridge: 	at com.google.android.gms.ads.d.a(SourceFile:1)

06-22 19:50:37.048  5278  5278 I LSPosed-Bridge: 	at com.google.android.gms.ads.d.a(SourceFile:3)

06-22 19:50:37.048  5278  5278 I LSPosed-Bridge: 	at com.zjsoft.admob.q.a(SourceFile:54)

06-22 19:50:37.048  5278  5278 I LSPosed-Bridge: 	at com.zjsoft.admob.q.a(SourceFile:1)

06-22 19:50:37.048  5278  5278 I LSPosed-Bridge: 	at com.zjsoft.admob.m.run(SourceFile:2)

06-22 19:50:37.048  5278  5278 I LSPosed-Bridge: 	at android.app.Activity.runOnUiThread(Activity.java:6282)

06-22 19:50:37.048  5278  5278 I LSPosed-Bridge: 	at com.zjsoft.admob.n.a(SourceFile:1)

06-22 19:50:37.048  5278  5278 I LSPosed-Bridge: 	at com.zjsoft.admob.b.a(SourceFile:10)

06-22 19:50:37.048  5278  5278 I LSPosed-Bridge: 	at com.zjsoft.admob.q.a(SourceFile:7)

06-22 19:50:37.048  5278  5278 I LSPosed-Bridge: 	at com.zjsoft.baseadlib.a.a.b.a(SourceFile:8)

06-22 19:50:37.048  5278  5278 I LSPosed-Bridge: 	at com.zjsoft.baseadlib.a.a.b.a(SourceFile:2)

06-22 19:50:37.048  5278  5278 I LSPosed-Bridge: 	at com.zjsoft.baseadlib.a.a.a.a(SourceFile:4)

06-22 19:50:37.048  5278  5278 I LSPosed-Bridge: 	at com.zjsoft.admob.p.onAdFailedToLoad(SourceFile:4)

06-22 19:50:37.048  5278  5278 I LSPosed-Bridge: 	at com.google.android.gms.internal.ads.zzva.onAdFailedToLoad(SourceFile:1)

06-22 19:50:37.048  5278  5278 I LSPosed-Bridge: 	at com.google.android.gms.internal.ads.zzwm.a(SourceFile:9)

06-22 19:50:37.048  5278  5278 I LSPosed-Bridge: 	at com.google.android.gms.internal.ads.zzgt.onTransact(SourceFile:3)

06-22 19:50:37.048  5278  5278 I LSPosed-Bridge: 	at android.os.Binder.transact(Binder.java:667)

06-22 19:50:37.048  5278  5278 I LSPosed-Bridge: 	at aga.ba(:com.google.android.gms.policy_ads_fdr_dynamite@231710101@231710100057.526733554.526733554:2)

06-22 19:50:37.048  5278  5278 I LSPosed-Bridge: 	at com.google.android.gms.ads.internal.client.ap.d(:com.google.android.gms.policy_ads_fdr_dynamite@231710101@231710100057.526733554.526733554:0)

06-22 19:50:37.048  5278  5278 I LSPosed-Bridge: 	at com.google.android.gms.ads.nonagon.shim.u.a(:com.google.android.gms.policy_ads_fdr_dynamite@231710101@231710100057.526733554.526733554:0)

06-22 19:50:37.048  5278  5278 I LSPosed-Bridge: 	at com.google.android.gms.ads.nonagon.slot.common.p.a(:com.google.android.gms.policy_ads_fdr_dynamite@231710101@231710100057.526733554.526733554:2)

06-22 19:50:37.048  5278  5278 I LSPosed-Bridge: 	at com.google.android.gms.ads.nonagon.shim.z.bn(:com.google.android.gms.policy_ads_fdr_dynamite@231710101@231710100057.526733554.526733554:2)

06-22 19:50:37.048  5278  5278 I LSPosed-Bridge: 	at com.google.android.gms.ads.nonagon.shim.listeners.a.bn(:com.google.android.gms.policy_ads_fdr_dynamite@231710101@231710100057.526733554.526733554:2)

06-22 19:50:37.048  5278  5278 I LSPosed-Bridge: 	at com.google.android.gms.ads.nonagon.shim.loaders.f.run(:com.google.android.gms.policy_ads_fdr_dynamite@231710101@231710100057.526733554.526733554:0)

06-22 19:50:37.048  5278  5278 I LSPosed-Bridge: 	at android.os.Handler.handleCallback(Handler.java:873)

06-22 19:50:37.048  5278  5278 I LSPosed-Bridge: 	at android.os.Handler.dispatchMessage(Handler.java:99)

06-22 19:50:37.048  5278  5278 I LSPosed-Bridge: 	at atm.a(:com.google.an

06-22 19:50:37.048  1570  5504 I LSPosed-Bridge: 5278 PermLabel 10122 AMS.checkPermission: Binder.getCallingPid() = 5278; uid = 10122; Binder.getCallingUid() = 10122; getNameForUid: homeworkout.homeworkouts.noequipment; getPackagesForUid: [homeworkout.homeworkouts.noequipment]; permName: android.permission.GET_TASKS; type = 0; res = -1; stacktrace=java.lang.Exception

06-22 19:50:37.048  1570  5504 I LSPosed-Bridge: 	at com.example.permlabel.requirePerm$1$2.afterHookedMethod(requirePerm.java:127)

06-22 19:50:37.048  1570  5504 I LSPosed-Bridge: 	at de.robv.android.xposed.XposedBridge$AdditionalHookInfo.callback(Unknown Source:147)

06-22 19:50:37.048  1570  5504 I LSPosed-Bridge: 	at LSPHooker_.checkPermission(Unknown Source:25)

06-22 19:50:37.048  1570  5504 I LSPosed-Bridge: 	at com.android.server.am.ActivityManagerService.isGetTasksAllowed(ActivityManagerService.java:10902)

06-22 19:50:37.048  1570  5504 I LSPosed-Bridge: 	at com.android.server.am.ActivityManagerService.getRunningAppProcesses(ActivityManagerService.java:16139)

06-22 19:50:37.048  1570  5504 I LSPosed-Bridge: 	at android.app.IActivityManager$Stub.onTransact(IActivityManager.java:1088)

06-22 19:50:37.048  1570  5504 I LSPosed-Bridge: 	at com.android.server.am.ActivityManagerService.onTransact(ActivityManagerService.java:3346)

06-22 19:50:37.048  1570  5504 I LSPosed-Bridge: 	at android.os.Binder.execTransact(Binder.java:731)

06-22 19:50:37.652  5278 32015 I AudioManager: In isSpeakerphoneOn(), calling application: homeworkout.homeworkouts.noequipment

06-22 19:50:37.652  1570  5487 I AudioService: In isSpeakerphoneOn(), mForcedUseForCommExt: 0

06-22 19:50:37.652  1570  1852 I LSPosed-Bridge: 5278 PermLabel 10122 AMS.checkPermission: Binder.getCallingPid() = 5278; uid = 10122; Binder.getCallingUid() = 10122; getNameForUid: homeworkout.homeworkouts.noequipment; getPackagesForUid: [homeworkout.homeworkouts.noequipment]; permName: android.permission.GET_TASKS; type = 0; res = -1; stacktrace=java.lang.Exception

06-22 19:50:37.652  1570  1852 I LSPosed-Bridge: 	at com.example.permlabel.requirePerm$1$2.afterHookedMethod(requirePerm.java:127)

06-22 19:50:37.652  1570  1852 I LSPosed-Bridge: 	at de.robv.android.xposed.XposedBridge$AdditionalHookInfo.callback(Unknown Source:147)

06-22 19:50:37.652  1570  1852 I LSPosed-Bridge: 	at LSPHooker_.checkPermission(Unknown Source:25)

06-22 19:50:37.652  1570  1852 I LSPosed-Bridge: 	at com.android.server.am.ActivityManagerService.isGetTasksAllowed(ActivityManagerService.java:10902)

06-22 19:50:37.652  1570  1852 I LSPosed-Bridge: 	at com.android.server.am.ActivityManagerService.getRunningAppProcesses(ActivityManagerService.java:16139)

06-22 19:50:37.652  1570  1852 I LSPosed-Bridge: 	at android.app.IActivityManager$Stub.onTransact(IActivityManager.java:1088)

06-22 19:50:37.652  1570  1852 I LSPosed-Bridge: 	at com.android.server.am.ActivityManagerService.onTransact(ActivityManagerService.java:3346)

06-22 19:50:37.652  1570  1852 I LSPosed-Bridge: 	at android.os.Binder.execTransact(Binder.java:731)

06-22 19:50:43.133  1570  5487 I LSPosed-Bridge: 5278 PermLabel 10122 AMS.checkPermission: Binder.getCallingPid() = 5278; uid = 10122; Binder.getCallingUid() = 10122; getNameForUid: homeworkout.homeworkouts.noequipment; getPackagesForUid: [homeworkout.homeworkouts.noequipment]; permName: android.permission.GET_TASKS; type = 0; res = -1; stacktrace=java.lang.Exception

06-22 19:50:43.133  1570  5487 I LSPosed-Bridge: 	at com.example.permlabel.requirePerm$1$2.afterHookedMethod(requirePerm.java:127)

06-22 19:50:43.133  1570  5487 I LSPosed-Bridge: 	at de.robv.android.xposed.XposedBridge$AdditionalHookInfo.callback(Unknown Source:147)

06-22 19:50:43.133  1570  5487 I LSPosed-Bridge: 	at LSPHooker_.checkPermission(Unknown Source:25)

06-22 19:50:43.133  1570  5487 I LSPosed-Bridge: 	at com.android.server.am.ActivityManagerService.isGetTasksAllowed(ActivityManagerService.java:10902)

06-22 19:50:43.133  1570  5487 I LSPosed-Bridge: 	at com.android.server.am.ActivityManagerService.getRunningAppProcesses(ActivityManagerService.java:16139)

06-22 19:50:43.133  1570  5487 I LSPosed-Bridge: 	at android.app.IActivityManager$Stub.onTransact(IActivityManager.java:1088)

06-22 19:50:43.133  1570  5487 I LSPosed-Bridge: 	at com.android.server.am.ActivityManagerService.onTransact(ActivityManagerService.java:3346)

06-22 19:50:43.133  1570  5487 I LSPosed-Bridge: 	at android.os.Binder.execTransact(Binder.java:731)

06-22 19:50:43.714  1570  5888 I LSPosed-Bridge: 5278 PermLabel 10122 AMS.checkPermission: Binder.getCallingPid() = 5278; uid = 10122; Binder.getCallingUid() = 10122; getNameForUid: homeworkout.homeworkouts.noequipment; getPackagesForUid: [homeworkout.homeworkouts.noequipment]; permName: android.permission.GET_TASKS; type = 0; res = -1; stacktrace=java.lang.Exception

06-22 19:50:43.714  1570  5888 I LSPosed-Bridge: 	at com.example.permlabel.requirePerm$1$2.afterHookedMethod(requirePerm.java:127)

06-22 19:50:43.714  1570  5888 I LSPosed-Bridge: 	at de.robv.android.xposed.XposedBridge$AdditionalHookInfo.callback(Unknown Source:147)

06-22 19:50:43.714  1570  5888 I LSPosed-Bridge: 	at LSPHooker_.checkPermission(Unknown Source:25)

06-22 19:50:43.714  1570  5888 I LSPosed-Bridge: 	at com.android.server.am.ActivityManagerService.isGetTasksAllowed(ActivityManagerService.java:10902)

06-22 19:50:43.714  1570  5888 I LSPosed-Bridge: 	at com.android.server.am.ActivityManagerService.getRunningAppProcesses(ActivityManagerService.java:16139)

06-22 19:50:43.714  1570  5888 I LSPosed-Bridge: 	at android.app.IActivityManager$Stub.onTransact(IActivityManager.java:1088)

06-22 19:50:43.714  1570  5888 I LSPosed-Bridge: 	at com.android.server.am.ActivityManagerService.onTransact(ActivityManagerService.java:3346)

06-22 19:50:43.714  1570  5888 I LSPosed-Bridge: 	at android.os.Binder.execTransact(Binder.java:731)

06-22 19:50:43.714  1570  5487 I LSPosed-Bridge: 5278 PermLabel 10122 AMS.checkPermission: Binder.getCallingPid() = 5278; uid = 10122; Binder.getCallingUid() = 10122; getNameForUid: homeworkout.homeworkouts.noequipment; getPackagesForUid: [homeworkout.homeworkouts.noequipment]; permName: com.google.android.gms.permission.AD_ID; type = 0; res = -1; stacktrace=java.lang.Exception

06-22 19:50:43.714  1570  5487 I LSPosed-Bridge: 	at com.example.permlabel.requirePerm$1$2.afterHookedMethod(requirePerm.java:127)

06-22 19:50:43.714  1570  5487 I LSPosed-Bridge: 	at de.robv.android.xposed.XposedBridge$AdditionalHookInfo.callback(Unknown Source:147)

06-22 19:50:43.714  1570  5487 I LSPosed-Bridge: 	at LSPHooker_.checkPermission(Unknown Source:25)

06-22 19:50:43.714  1570  5487 I LSPosed-Bridge: 	at android.app.IActivityManager$Stub.onTransact(IActivityManager.java:664)

06-22 19:50:43.714  1570  5487 I LSPosed-Bridge: 	at com.android.server.am.ActivityManagerService.onTransact(ActivityManagerService.java:3346)

06-22 19:50:43.714  1570  5487 I LSPosed-Bridge: 	at android.os.Binder.execTransact(Binder.java:731)

06-22 19:50:44.035  1570  1852 I LSPosed-Bridge: 5278 PermLabel 10122 AMS.checkPermission: Binder.getCallingPid() = 5278; uid = 10122; Binder.getCallingUid() = 10122; getNameForUid: homeworkout.homeworkouts.noequipment; getPackagesForUid: [homeworkout.homeworkouts.noequipment]; permName: android.permission.GET_TASKS; type = 0; res = -1; stacktrace=java.lang.Exception

06-22 19:50:44.035  1570  1852 I LSPosed-Bridge: 	at com.example.permlabel.requirePerm$1$2.afterHookedMethod(requirePerm.java:127)

06-22 19:50:44.035  1570  1852 I LSPosed-Bridge: 	at de.robv.android.xposed.XposedBridge$AdditionalHookInfo.callback(Unknown Source:147)

06-22 19:50:44.035  1570  1852 I LSPosed-Bridge: 	at LSPHooker_.checkPermission(Unknown Source:25)

06-22 19:50:44.035  1570  1852 I LSPosed-Bridge: 	at com.android.server.am.ActivityManagerService.isGetTasksAllowed(ActivityManagerService.java:10902)

06-22 19:50:44.035  1570  1852 I LSPosed-Bridge: 	at com.android.server.am.ActivityManagerService.getRunningAppProcesses(ActivityManagerService.java:16139)

06-22 19:50:44.035  1570  1852 I LSPosed-Bridge: 	at android.app.IActivityManager$Stub.onTransact(IActivityManager.java:1088)

06-22 19:50:44.035  1570  1852 I LSPosed-Bridge: 	at com.android.server.am.ActivityManagerService.onTransact(ActivityManagerService.java:3346)

06-22 19:50:44.035  1570  1852 I LSPosed-Bridge: 	at android.os.Binder.execTransact(Binder.java:731)

06-22 19:50:44.035  5278  5278 I Ads     : Please set theme of AdActivity to @android:style/Theme.Translucent to enable transparent background interstitial ad.

06-22 19:50:50.538  1570  5888 I LSPosed-Bridge: 5278 PermLabel 10122 AMS.checkPermission: Binder.getCallingPid() = 5278; uid = 10122; Binder.getCallingUid() = 10122; getNameForUid: homeworkout.homeworkouts.noequipment; getPackagesForUid: [homeworkout.homeworkouts.noequipment]; permName: android.permission.GET_TASKS; type = 0; res = -1; stacktrace=java.lang.Exception

06-22 19:50:50.538  1570  5888 I LSPosed-Bridge: 	at com.example.permlabel.requirePerm$1$2.afterHookedMethod(requirePerm.java:127)

06-22 19:50:50.538  1570  5888 I LSPosed-Bridge: 	at de.robv.android.xposed.XposedBridge$AdditionalHookInfo.callback(Unknown Source:147)

06-22 19:50:50.538  1570  5888 I LSPosed-Bridge: 	at LSPHooker_.checkPermission(Unknown Source:25)

06-22 19:50:50.538  1570  5888 I LSPosed-Bridge: 	at com.android.server.am.ActivityManagerService.isGetTasksAllowed(ActivityManagerService.java:10902)

06-22 19:50:50.538  1570  5888 I LSPosed-Bridge: 	at com.android.server.am.ActivityManagerService.getRunningAppProcesses(ActivityManagerService.java:16139)

06-22 19:50:50.538  1570  5888 I LSPosed-Bridge: 	at android.app.IActivityManager$Stub.onTransact(IActivityManager.java:1088)

06-22 19:50:50.538  1570  5888 I LSPosed-Bridge: 	at com.android.server.am.ActivityManagerService.onTransact(ActivityManagerService.java:3346)

06-22 19:50:50.538  1570  5888 I LSPosed-Bridge: 	at android.os.Binder.execTransact(Binder.java:731)

