06-22 20:00:34.178  5278  5278 I LSPosed-Bridge: 	at com.google.android.gms.internal.ads.Vla.zzb(SourceFile:3)

06-22 20:00:34.178  5278  5278 I LSPosed-Bridge: 	at com.google.android.gms.ads.d.a(SourceFile:1)

06-22 20:00:34.178  5278  5278 I LSPosed-Bridge: 	at com.google.android.gms.ads.d.a(SourceFile:3)

06-22 20:00:34.178  5278  5278 I LSPosed-Bridge: 	at com.zjsoft.admob.q.a(SourceFile:54)

06-22 20:00:34.178  5278  5278 I LSPosed-Bridge: 	at com.zjsoft.admob.q.a(SourceFile:1)

06-22 20:00:34.178  5278  5278 I LSPosed-Bridge: 	at com.zjsoft.admob.m.run(SourceFile:2)

06-22 20:00:34.178  5278  5278 I LSPosed-Bridge: 	at android.app.Activity.runOnUiThread(Activity.java:6282)

06-22 20:00:34.178  5278  5278 I LSPosed-Bridge: 	at com.zjsoft.admob.n.a(SourceFile:1)

06-22 20:00:34.178  5278  5278 I LSPosed-Bridge: 	at com.zjsoft.admob.b.a(SourceFile:10)

06-22 20:00:34.178  5278  5278 I LSPosed-Bridge: 	at com.zjsoft.admob.q.a(SourceFile:7)

06-22 20:00:34.178  5278  5278 I LSPosed-Bridge: 	at com.zjsoft.baseadlib.a.a.b.a(SourceFile:8)

06-22 20:00:34.178  5278  5278 I LSPosed-Bridge: 	at com.zjsoft.baseadlib.a.a.b.a(SourceFile:2)

06-22 20:00:34.178  5278  5278 I LSPosed-Bridge: 	at com.zjsoft.baseadlib.a.a.a.a(SourceFile:4)

06-22 20:00:34.178  5278  5278 I LSPosed-Bridge: 	at com.zjsoft.admob.p.onAdFailedToLoad(SourceFile:4)

06-22 20:00:34.178  5278  5278 I LSPosed-Bridge: 	at com.google.android.gms.internal.ads.zzva.onAdFailedToLoad(SourceFile:1)

06-22 20:00:34.178  5278  5278 I LSPosed-Bridge: 	at com.google.android.gms.internal.ads.zzwm.a(SourceFile:9)

06-22 20:00:34.178  5278  5278 I LSPosed-Bridge: 	at com.google.android.gms.internal.ads.zzgt.onTransact(SourceFile:3)

06-22 20:00:34.178  5278  5278 I LSPosed-Bridge: 	at android.os.Binder.transact(Binder.java:667)

06-22 20:00:34.178  5278  5278 I LSPosed-Bridge: 	at aga.ba(:com.google.android.gms.policy_ads_fdr_dynamite@231710101@231710100057.526733554.526733554:2)

06-22 20:00:34.178  5278  5278 I LSPosed-Bridge: 	at com.google.android.gms.ads.internal.client.ap.d(:com.google.android.gms.policy_ads_fdr_dynamite@231710101@231710100057.526733554.526733554:0)

06-22 20:00:34.178  5278  5278 I LSPosed-Bridge: 	at com.google.android.gms.ads.nonagon.shim.u.a(:com.google.android.gms.policy_ads_fdr_dynamite@231710101@231710100057.526733554.526733554:0)

06-22 20:00:34.178  5278  5278 I LSPosed-Bridge: 	at com.google.android.gms.ads.nonagon.slot.common.p.a(:com.google.android.gms.policy_ads_fdr_dynamite@231710101@231710100057.526733554.526733554:2)

06-22 20:00:34.178  5278  5278 I LSPosed-Bridge: 	at com.google.android.gms.ads.nonagon.shim.z.bn(:com.google.android.gms.policy_ads_fdr_dynamite@231710101@231710100057.526733554.526733554:2)

06-22 20:00:34.178  5278  5278 I LSPosed-Bridge: 	at com.google.android.gms.ads.nonagon.shim.listeners.a.bn(:com.google.android.gms.policy_ads_fdr_dynamite@231710101@231710100057.526733554.526733554:2)

06-22 20:00:34.178  5278  5278 I LSPosed-Bridge: 	at com.google.android.gms.ads.nonagon.shim.loaders.f.run(:com.google.android.gms.policy_ads_fdr_dynamite@231710101@231710100057.526733554.526733554:0)

06-22 20:00:34.178  5278  5278 I LSPosed-Bridge: 	at android.os.Handler.handleCallback(Handler.java:873)

06-22 20:00:34.178  5278  5278 I LSPosed-Bridge: 	at android.os.Handler.dispatchMessage(Handler.java:99)

06-22 20:00:34.178  5278  5278 I LSPosed-Bridge: 	at atm.a(:com.google.an

06-22 20:00:34.313  5278  5278 I LSPosed-Bridge: 5278 PermLabel 10122 ContextImpl.checkPermission: pid = 5278; uid = 10122; permName: com.google.android.gms.permission.AD_ID; type = 0; res = -1; stacktrace=java.lang.Exception

06-22 20:00:34.313  5278  5278 I LSPosed-Bridge: 	at com.example.permlabel.requestPerm$2.afterHookedMethod(requestPerm.java:212)

06-22 20:00:34.313  5278  5278 I LSPosed-Bridge: 	at de.robv.android.xposed.XposedBridge$AdditionalHookInfo.callback(Unknown Source:147)

06-22 20:00:34.313  5278  5278 I LSPosed-Bridge: 	at LSPHooker_.checkPermission(Unknown Source:25)

06-22 20:00:34.313  5278  5278 I LSPosed-Bridge: 	at android.content.ContextWrapper.checkPermission(ContextWrapper.java:738)

06-22 20:00:34.313  5278  5278 I LSPosed-Bridge: 	at com.google.android.gms.ads.nonagon.signals.a.b(:com.google.android.gms.policy_ads_fdr_dynamite@231710101@231710100057.526733554.526733554:3)

06-22 20:00:34.313  5278  5278 I LSPosed-Bridge: 	at com.google.android.gms.ads.nonagon.signals.fp.a(:com.google.android.gms.policy_ads_fdr_dynamite@231710101@231710100057.526733554.526733554:3)

06-22 20:00:34.313  5278  5278 I LSPosed-Bridge: 	at com.google.android.gms.ads.nonagon.ad.common.ci.a(:com.google.android.gms.policy_ads_fdr_dynamite@231710101@231710100057.526733554.526733554:0)

06-22 20:00:34.313  5278  5278 I LSPosed-Bridge: 	at com.google.android.gms.ads.nonagon.ad.common.ci.b(:com.google.android.gms.policy_ads_fdr_dynamite@231710101@231710100057.526733554.526733554:1)

06-22 20:00:34.313  5278  5278 I LSPosed-Bridge: 	at com.google.android.gms.ads.nonagon.ad.common.ai.d(:com.google.android.gms.policy_ads_fdr_dynamite@231710101@231710100057.526733554.526733554:29)

06-22 20:00:34.313  5278  5278 I LSPosed-Bridge: 	at com.google.android.gms.ads.nonagon.ad.common.ai.b(:com.google.android.gms.policy_ads_fdr_dynamite@231710101@231710100057.526733554.526733554:0)

06-22 20:00:34.313  5278  5278 I LSPosed-Bridge: 	at com.google.android.gms.ads.nonagon.shim.ai.L(:com.google.android.gms.policy_ads_fdr_dynamite@231710101@231710100057.526733554.526733554:25)

06-22 20:00:34.313  5278  5278 I LSPosed-Bridge: 	at com.google.android.gms.ads.nonagon.shim.ab.L(:com.google.android.gms.policy_ads_fdr_dynamite@231710101@231710100057.526733554.526733554:0)

06-22 20:00:34.313  5278  5278 I LSPosed-Bridge: 	at com.google.android.gms.ads.internal.client.bf.bN(:com.google.android.gms.policy_ads_fdr_dynamite@231710101@231710100057.526733554.526733554:100)

06-22 20:00:34.313  5278  5278 I LSPosed-Bridge: 	at agb.onTransact(:com.google.android.gms.policy_ads_fdr_dynamite@231710101@231710100057.526733554.526733554:4)

06-22 20:00:34.313  5278  5278 I LSPosed-Bridge: 	at android.os.Binder.transact(Binder.java:667)

06-22 20:00:34.313  5278  5278 I LSPosed-Bridge: 	at com.google.android.gms.internal.ads._da.a(SourceFile:2)

06-22 20:00:34.313  5278  5278 I LSPosed-Bridge: 	at com.google.android.gms.internal.ads.ama.zza(SourceFile:3)

06-22 20:00:34.313  5278  5278 I LSPosed-Bridge: 	at com.google.android.gms.internal.ads.Lma.a(SourceFile:24)

06-22 20:00:34.313  5278  5278 I LSPosed-Bridge: 	at com.google.android.gms.ads.j.a(SourceFile:1)

06-22 20:00:34.313  5278  5278 I LSPosed-Bridge: 	at com.zjsoft.admob.l.a(SourceFile:44)

06-22 20:00:34.313  5278  5278 I LSPosed-Bridge: 	at com.zjsoft.admob.l.a(SourceFile:1)

06-22 20:00:34.313  5278  5278 I LSPosed-Bridge: 	at com.zjsoft.admob.h.run(SourceFile:2)

06-22 20:00:34.313  5278  5278 I LSPosed-Bridge: 	at android.app.Activity.runOnUiThread(Activity.java:6282)

06-22 20:00:34.313  5278  5278 I LSPosed-Bridge: 	at com.zjsoft.admob.i.a(SourceFile:1)

06-22 20:00:34.313  5278  5278 I LSPosed-Bridge: 	at com.zjsoft.admob.b.a(SourceFile:10)

06-22 20:00:34.313  5278  5278 I LSPosed-Bridge: 	at com.zjsoft.admob.l.a(SourceFile:8)

06-22 20:00:34.313  5278  5278 I LSPosed-Bridge: 	at com.zjsoft.baseadlib.a.a.e.a(SourceFile:9)

06-22 20:00:34.313  5278  5278 I LSPosed-Bridge: 	at com.zjsoft.baseadlib.a.a.e.a(SourceFile:2)

06-22 20:00:34.313  5278  5278 I LSPosed-Bridge: 	at com.zjsoft.baseadlib.a.a.d.a(SourceFile:4)

06-22 20:00:34.313  5278  5278 I LSPosed-Bridge: 	at com.zjsoft.admob.j.onAdFailedToLoad(SourceFile:3)

06-22 20:00:34.313  5278  5278 I LSPosed-Bridge: 	at com.google.android.gms.internal.ads.zzva.onAdFailedToLoad(SourceFile:1)

06-22 20:00:34.313  5278  5278 I LSPosed-Bridge: 	at com.google.android.gms.internal.ads.zzwm.a(SourceFile:9)

06-22 20:00:34.313  5278  5278 I LSPosed-Bridge: 	at com.google.android.gms.internal.ads.zzgt.onTransact(SourceFile:3)

06-22 20:00:34.313  5278  5278 I LSPosed-Bridge: 	at android.os.Binder.transact(Binder.java:667)

06-22 20:00:34.313  5278  5278 I LSPosed-Bridge: 	at aga.ba(:com.google.android.gms.policy_ads_fdr_dynamite@231710101@231710100057.526733554.526733554:2)

06-22 20:00:34.313  5278  5278 I LSPosed-Bridge: 	at com.google.android.gms.ads.internal.client.ap.d(:com.google.android.gms.policy_ads_fdr_dynamite@231710101@231710100057.526733554.526733554:0)

06-22 20:00:34.313  5278  5278 I LSPosed-Bridge: 	at com.google.android.gms.ads.nonagon.shim.u.a(:com.google.android.gms.policy_ads_fdr_dynamite@231710101@231710100057.526733554.526733554:0)

06-22 20:00:34.313  5278  5278 I LSPosed-Bridge: 	at com.google.android.gms.ads.nonagon.slot.common.p.a(:com.google.android.gms.policy_ads_fdr_dynamite@231710101@231710100057.526733554.526733554:2)

06-22 20:00:34.313  5278  5278 I LSPosed-Bridge: 	at com.google.android.gms.ads.nonagon.shim.z.bn(:com.google.android.gms.policy_ads_fdr_dynamite@231710101@231710100057.526733554.526733554:2)

06-22 20:00:34.313  5278  5278 I LSPosed-Bridge: 	at com.google.android.gms.ads.nonagon.ad.event.e.a(:com.google.android.gms.policy_ads_fdr_dynamite@231710101@231710100057.526733554.526733554:0)

06-22 20:00:34.313  5278  5278 I LSPosed-Bridge: 	at com.google.android.gms.ads.nonagon.ad.event.du.run(:com.google.android.gms.policy_ads_fdr_dynamite@231710101@231710100057.526733554.526733554:2)

06-22 20:00:34.313  5278  5278 I LSPosed-Bridge: 	at com.google.android.gms.ads.internal.util.future.c.execute(:com.google.android.gms.policy_ads_fdr_dynamite@231710101@231710100057.5267335

06-22 20:00:34.313  1570  8442 I LSPosed-Bridge: 5278 PermLabel 10122 AMS.checkPermission: Binder.getCallingPid() = 5278; uid = 10122; Binder.getCallingUid() = 10122; getNameForUid: homeworkout.homeworkouts.noequipment; getPackagesForUid: [homeworkout.homeworkouts.noequipment]; permName: android.permission.GET_TASKS; type = 0; res = -1; stacktrace=java.lang.Exception

06-22 20:00:34.313  1570  8442 I LSPosed-Bridge: 	at com.example.permlabel.requirePerm$1$2.afterHookedMethod(requirePerm.java:127)

06-22 20:00:34.313  1570  8442 I LSPosed-Bridge: 	at de.robv.android.xposed.XposedBridge$AdditionalHookInfo.callback(Unknown Source:147)

06-22 20:00:34.313  1570  8442 I LSPosed-Bridge: 	at LSPHooker_.checkPermission(Unknown Source:25)

06-22 20:00:34.313  1570  8442 I LSPosed-Bridge: 	at com.android.server.am.ActivityManagerService.isGetTasksAllowed(ActivityManagerService.java:10902)

06-22 20:00:34.313  1570  8442 I LSPosed-Bridge: 	at com.android.server.am.ActivityManagerService.getRunningAppProcesses(ActivityManagerService.java:16139)

06-22 20:00:34.313  1570  8442 I LSPosed-Bridge: 	at android.app.IActivityManager$Stub.onTransact(IActivityManager.java:1088)

06-22 20:00:34.313  1570  8442 I LSPosed-Bridge: 	at com.android.server.am.ActivityManagerService.onTransact(ActivityManagerService.java:3346)

06-22 20:00:34.313  1570  8442 I LSPosed-Bridge: 	at android.os.Binder.execTransact(Binder.java:731)

06-22 20:00:34.487  1570  1582 I LSPosed-Bridge: 5278 PermLabel 10122 AMS.checkPermission: Binder.getCallingPid() = 5278; uid = 10122; Binder.getCallingUid() = 10122; getNameForUid: homeworkout.homeworkouts.noequipment; getPackagesForUid: [homeworkout.homeworkouts.noequipment]; permName: android.permission.GET_TASKS; type = 0; res = -1; stacktrace=java.lang.Exception

06-22 20:00:34.487  1570  1582 I LSPosed-Bridge: 	at com.example.permlabel.requirePerm$1$2.afterHookedMethod(requirePerm.java:127)

06-22 20:00:34.487  1570  1582 I LSPosed-Bridge: 	at de.robv.android.xposed.XposedBridge$AdditionalHookInfo.callback(Unknown Source:147)

06-22 20:00:34.487  1570  1582 I LSPosed-Bridge: 	at LSPHooker_.checkPermission(Unknown Source:25)

06-22 20:00:34.487  1570  1582 I LSPosed-Bridge: 	at com.android.server.am.ActivityManagerService.isGetTasksAllowed(ActivityManagerService.java:10902)

06-22 20:00:34.487  1570  1582 I LSPosed-Bridge: 	at com.android.server.am.ActivityManagerService.getRunningAppProcesses(ActivityManagerService.java:16139)

06-22 20:00:34.487  1570  1582 I LSPosed-Bridge: 	at android.app.IActivityManager$Stub.onTransact(IActivityManager.java:1088)

06-22 20:00:34.487  1570  1582 I LSPosed-Bridge: 	at com.android.server.am.ActivityManagerService.onTransact(ActivityManagerService.java:3346)

06-22 20:00:34.487  1570  1582 I LSPosed-Bridge: 	at android.os.Binder.execTransact(Binder.java:731)

06-22 20:00:34.615  1570  6941 I LSPosed-Bridge: 5278 PermLabel 10122 AMS.checkPermission: Binder.getCallingPid() = 5278; uid = 10122; Binder.getCallingUid() = 10122; getNameForUid: homeworkout.homeworkouts.noequipment; getPackagesForUid: [homeworkout.homeworkouts.noequipment]; permName: com.google.android.gms.permission.AD_ID; type = 0; res = -1; stacktrace=java.lang.Exception

06-22 20:00:34.615  1570  6941 I LSPosed-Bridge: 	at com.example.permlabel.requirePerm$1$2.afterHookedMethod(requirePerm.java:127)

06-22 20:00:34.615  1570  6941 I LSPosed-Bridge: 	at de.robv.android.xposed.XposedBridge$AdditionalHookInfo.callback(Unknown Source:147)

06-22 20:00:34.615  1570  6941 I LSPosed-Bridge: 	at LSPHooker_.checkPermission(Unknown Source:25)

06-22 20:00:34.615  1570  6941 I LSPosed-Bridge: 	at android.app.IActivityManager$Stub.onTransact(IActivityManager.java:664)

06-22 20:00:34.615  1570  6941 I LSPosed-Bridge: 	at com.android.server.am.ActivityManagerService.onTransact(ActivityManagerService.java:3346)

06-22 20:00:34.615  1570  6941 I LSPosed-Bridge: 	at android.os.Binder.execTransact(Binder.java:731)

06-22 20:00:34.615  1570  4136 I LSPosed-Bridge: 5278 PermLabel 10122 AMS.checkPermission: Binder.getCallingPid() = 5278; uid = 10122; Binder.getCallingUid() = 10122; getNameForUid: homeworkout.homeworkouts.noequipment; getPackagesForUid: [homeworkout.homeworkouts.noequipment]; permName: android.permission.GET_TASKS; type = 0; res = -1; stacktrace=java.lang.Exception

06-22 20:00:34.615  1570  4136 I LSPosed-Bridge: 	at com.example.permlabel.requirePerm$1$2.afterHookedMethod(requirePerm.java:127)

06-22 20:00:34.615  1570  4136 I LSPosed-Bridge: 	at de.robv.android.xposed.XposedBridge$AdditionalHookInfo.callback(Unknown Source:147)

06-22 20:00:34.615  1570  4136 I LSPosed-Bridge: 	at LSPHooker_.checkPermission(Unknown Source:25)

06-22 20:00:34.615  1570  4136 I LSPosed-Bridge: 	at com.android.server.am.ActivityManagerService.isGetTasksAllowed(ActivityManagerService.java:10902)

06-22 20:00:34.615  1570  4136 I LSPosed-Bridge: 	at com.android.server.am.ActivityManagerService.getRunningAppProcesses(ActivityManagerService.java:16139)

06-22 20:00:34.615  1570  4136 I LSPosed-Bridge: 	at android.app.IActivityManager$Stub.onTransact(IActivityManager.java:1088)

06-22 20:00:34.615  1570  4136 I LSPosed-Bridge: 	at com.android.server.am.ActivityManagerService.onTransact(ActivityManagerService.java:3346)

06-22 20:00:34.615  1570  4136 I LSPosed-Bridge: 	at android.os.Binder.execTransact(Binder.java:731)

06-22 20:00:40.551  1570  1582 I LSPosed-Bridge: 5278 PermLabel 10122 AMS.checkPermission: Binder.getCallingPid() = 5278; uid = 10122; Binder.getCallingUid() = 10122; getNameForUid: homeworkout.homeworkouts.noequipment; getPackagesForUid: [homeworkout.homeworkouts.noequipment]; permName: android.permission.GET_TASKS; type = 0; res = -1; stacktrace=java.lang.Exception

06-22 20:00:40.551  1570  1582 I LSPosed-Bridge: 	at com.example.permlabel.requirePerm$1$2.afterHookedMethod(requirePerm.java:127)

06-22 20:00:40.551  1570  1582 I LSPosed-Bridge: 	at de.robv.android.xposed.XposedBridge$AdditionalHookInfo.callback(Unknown Source:147)

06-22 20:00:40.551  1570  1582 I LSPosed-Bridge: 	at LSPHooker_.checkPermission(Unknown Source:25)

06-22 20:00:40.551  1570  1582 I LSPosed-Bridge: 	at com.android.server.am.ActivityManagerService.isGetTasksAllowed(ActivityManagerService.java:10902)

06-22 20:00:40.551  1570  1582 I LSPosed-Bridge: 	at com.android.server.am.ActivityManagerService.getRunningAppProcesses(ActivityManagerService.java:16139)

06-22 20:00:40.551  1570  1582 I LSPosed-Bridge: 	at android.app.IActivityManager$Stub.onTransact(IActivityManager.java:1088)

06-22 20:00:40.551  1570  1582 I LSPosed-Bridge: 	at com.android.server.am.ActivityManagerService.onTransact(ActivityManagerService.java:3346)

06-22 20:00:40.551  1570  1582 I LSPosed-Bridge: 	at android.os.Binder.execTransact(Binder.java:731)

06-22 20:00:41.029   551   551 I ConfigStore: android::hardware::configstore::V1_0::ISurfaceFlingerConfigs::hasHDRDisplay retrieved: 0

06-22 20:00:41.029  1570  5488 I LSPosed-Bridge: 5278 PermLabel 10122 AMS.checkPermission: Binder.getCallingPid() = 5278; uid = 10122; Binder.getCallingUid() = 10122; getNameForUid: homeworkout.homeworkouts.noequipment; getPackagesForUid: [homeworkout.homeworkouts.noequipment]; permName: android.permission.GET_TASKS; type = 0; res = -1; stacktrace=java.lang.Exception

06-22 20:00:41.029  1570  5488 I LSPosed-Bridge: 	at com.example.permlabel.requirePerm$1$2.afterHookedMethod(requirePerm.java:127)

06-22 20:00:41.029  1570  5488 I LSPosed-Bridge: 	at de.robv.android.xposed.XposedBridge$AdditionalHookInfo.callback(Unknown Source:147)

06-22 20:00:41.029  1570  5488 I LSPosed-Bridge: 	at LSPHooker_.checkPermission(Unknown Source:25)

06-22 20:00:41.029  1570  5488 I LSPosed-Bridge: 	at com.android.server.am.ActivityManagerService.isGetTasksAllowed(ActivityManagerService.java:10902)

06-22 20:00:41.029  1570  5488 I LSPosed-Bridge: 	at com.android.server.am.ActivityManagerService.getRunningAppProcesses(ActivityManagerService.java:16139)

06-22 20:00:41.029  1570  5488 I LSPosed-Bridge: 	at android.app.IActivityManager$Stub.onTransact(IActivityManager.java:1088)

06-22 20:00:41.029  1570  5488 I LSPosed-Bridge: 	at com.android.server.am.ActivityManagerService.onTransact(ActivityManagerService.java:3346)

06-22 20:00:41.029  1570  5488 I LSPosed-Bridge: 	at android.os.Binder.execTransact(Binder.java:731)

06-22 20:00:41.344  1570  1582 I LSPosed-Bridge: 5278 PermLabel 10122 AMS.checkPermission: Binder.getCallingPid() = 5278; uid = 10122; Binder.getCallingUid() = 10122; getNameForUid: homeworkout.homeworkouts.noequipment; getPackagesForUid: [homeworkout.homeworkouts.noequipment]; permName: android.permission.GET_TASKS; type = 0; res = -1; stacktrace=java.lang.Exception

06-22 20:00:41.344  1570  1582 I LSPosed-Bridge: 	at com.example.permlabel.requirePerm$1$2.afterHookedMethod(requirePerm.java:127)

06-22 20:00:41.344  1570  1582 I LSPosed-Bridge: 	at de.robv.android.xposed.XposedBridge$AdditionalHookInfo.callback(Unknown Source:147)

06-22 20:00:41.344  1570  1582 I LSPosed-Bridge: 	at LSPHooker_.checkPermission(Unknown Source:25)

06-22 20:00:41.344  1570  1582 I LSPosed-Bridge: 	at com.android.server.am.ActivityManagerService.isGetTasksAllowed(ActivityManagerService.java:10902)

06-22 20:00:41.344  1570  1582 I LSPosed-Bridge: 	at com.android.server.am.ActivityManagerService.getRunningAppProcesses(ActivityManagerService.java:16139)

06-22 20:00:41.344  1570  1582 I LSPosed-Bridge: 	at android.app.IActivityManager$Stub.onTransact(IActivityManager.java:1088)

06-22 20:00:41.344  1570  1582 I LSPosed-Bridge: 	at com.android.server.am.ActivityManagerService.onTransact(ActivityManagerService.java:3346)

06-22 20:00:41.344  1570  1582 I LSPosed-Bridge: 	at android.os.Binder.execTransact(Binder.java:731)

06-22 20:00:41.344  5278 21919 I AudioManager: In isSpeakerphoneOn(), calling application: homeworkout.homeworkouts.noequipment

06-22 20:00:41.344   551   551 I ConfigStore: android::hardware::configstore::V1_0::ISurfaceFlingerConfigs::hasHDRDisplay retrieved: 0

06-22 20:00:41.344  1570  5488 I AudioService: In isSpeakerphoneOn(), mForcedUseForCommExt: 0

06-22 20:00:41.344  5278  5278 I Ads     : Please set theme of AdActivity to @android:style/Theme.Translucent to enable transparent background interstitial ad.

06-22 20:00:41.344   551   551 I ConfigStore: android::hardware::configstore::V1_0::ISurfaceFlingerConfigs::hasHDRDisplay retrieved: 0

06-22 20:00:47.520  5278 21924 I AudioManager: In isSpeakerphoneOn(), calling application: homeworkout.homeworkouts.noequipment

06-22 20:00:47.520  1570  4136 I AudioService: In isSpeakerphoneOn(), mForcedUseForCommExt: 0

06-22 20:00:47.520  1570  5488 I LSPosed-Bridge: 5278 PermLabel 10122 AMS.checkPermission: Binder.getCallingPid() = 5278; uid = 10122; Binder.getCallingUid() = 10122; getNameForUid: homeworkout.homeworkouts.noequipment; getPackagesForUid: [homeworkout.homeworkouts.noequipment]; permName: android.permission.GET_TASKS; type = 0; res = -1; stacktrace=java.lang.Exception

06-22 20:00:47.520  1570  5488 I LSPosed-Bridge: 	at com.example.permlabel.requirePerm$1$2.afterHookedMethod(requirePerm.java:127)

06-22 20:00:47.520  1570  5488 I LSPosed-Bridge: 	at de.robv.android.xposed.XposedBridge$AdditionalHookInfo.callback(Unknown Source:147)

06-22 20:00:47.520  1570  5488 I LSPosed-Bridge: 	at LSPHooker_.checkPermission(Unknown Source:25)

06-22 20:00:47.520  1570  5488 I LSPosed-Bridge: 	at com.android.server.am.ActivityManagerService.isGetTasksAllowed(ActivityManagerService.java:10902)

06-22 20:00:47.520  1570  5488 I LSPosed-Bridge: 	at com.android.server.am.ActivityManagerService.getRunningAppProcesses(ActivityManagerService.java:16139)

06-22 20:00:47.520  1570  5488 I LSPosed-Bridge: 	at android.app.IActivityManager$Stub.onTransact(IActivityManager.java:1088)

06-22 20:00:47.520  1570  5488 I LSPosed-Bridge: 	at com.android.server.am.ActivityManagerService.onTransact(ActivityManagerService.java:3346)

06-22 20:00:47.520  1570  5488 I LSPosed-Bridge: 	at android.os.Binder.execTransact(Binder.java:731)

06-22 20:00:47.520  5278  5278 I LSPosed-Bridge: 5278 PermLabel 10122 ContextImpl.checkPermission: pid = 5278; uid = 10122; permName: com.google.android.gms.permission.AD_ID; type = 0; res = -1; stacktrace=java.lang.Exception

06-22 20:00:47.520  5278  5278 I LSPosed-Bridge: 	at com.example.permlabel.requestPerm$2.afterHookedMethod(requestPerm.java:212)

06-22 20:00:47.520  5278  5278 I LSPosed-Bridge: 	at de.robv.android.xposed.XposedBridge$AdditionalHookInfo.callback(Unknown Source:147)

06-22 20:00:47.520  5278  5278 I LSPosed-Bridge: 	at LSPHooker_.checkPermission(Unknown Source:25)

06-22 20:00:47.520  5278  5278 I LSPosed-Bridge: 	at android.content.ContextWrapper.checkPermission(ContextWrapper.java:738)

06-22 20:00:47.520  5278  5278 I LSPosed-Bridge: 	at com.google.android.gms.ads.nonagon.signals.a.b(:com.google.android.gms.policy_ads_fdr_dynamite@231710101@231710100057.526733554.526733554:3)

06-22 20:00:47.520  5278  5278 I LSPosed-Bridge: 	at com.google.android.gms.ads.nonagon.signals.fp.a(:com.google.android.gms.policy_ads_fdr_dynamite@231710101@231710100057.526733554.526733554:3)

06-22 20:00:47.520  5278  5278 I LSPosed-Bridge: 	at com.google.android.gms.ads.nonagon.ad.common.ci.a(:com.google.android.gms.policy_ads_fdr_dynamite@231710101@231710100057.526733554.526733554:0)

06-22 20:00:47.520  5278  5278 I LSPosed-Bridge: 	at com.google.android.gms.ads.nonagon.ad.common.ci.b(:com.google.android.gms.policy_ads_fdr_dynamite@231710101@231710100057.526733554.526733554:1)

06-22 20:00:47.520  5278  5278 I LSPosed-Bridge: 	at com.google.android.gms.ads.nonagon.ad.common.ai.d(:com.google.android.gms.policy_ads_fdr_dynamite@231710101@231710100057.526733554.526733554:29)

06-22 20:00:47.520  5278  5278 I LSPosed-Bridge: 	at com.google.android.gms.ads.nonagon.ad.common.ai.b(:com.google.android.gms.policy_ads_fdr_dynamite@231710101@231710100057.526733554.526733554:0)

06-22 20:00:47.520  5278  5278 I LSPosed-Bridge: 	at com.google.android.gms.ads.nonagon.shim.adapters.b.c(:com.google.android.gms.policy_ads_fdr_dynamite@231710101@231710100057.526733554.526733554:19)

06-22 20:00:47.520  5278  5278 I LSPosed-Bridge: 	at com.google.android.gms.ads.nonagon.shim.d.g(:com.google.android.gms.policy_ads_fdr_dynamite@231710101@231710100057.526733554.526733554:2)

06-22 20:00:47.520  5278  5278 I LSPosed-Bridge: 	at com.google.android.gms.ads.internal.client.aw.bN(:com.google.android.gms.policy_ads_fdr_dynamite@231710101@231710100057.526733554.526733554:10)

06-22 20:00:47.520  5278  5278 I LSPosed-Bridge: 	at agb.onTransact(:com.google.android.gms.policy_ads_fdr_dynamite@231710101@231710100057.526733554.526733554:4)

06-22 20:00:47.520  5278  5278 I LSPosed-Bridge: 	at android.os.Binder.transact(Binder.java:667)

06-22 20:00:47.520  5278  5278 I LSPosed-Bridge: 	at com.google.android.gms.internal.ads._da.b(SourceFile:2)

06-22 20:00:47.520  5278  5278 I LSPosed-Bridge: 	at com.google.android.gms.internal.ads.Vla.zzb(SourceFile:3)

06-22 20:00:47.520  5278  5278 I LSPosed-Bridge: 	at com.google.android.gms.ads.d.a(SourceFile:1)

06-22 20:00:47.520  5278  5278 I LSPosed-Bridge: 	at com.google.android.gms.ads.d.a(SourceFile:3)

06-22 20:00:47.520  5278  5278 I LSPosed-Bridge: 	at com.zjsoft.admob.q.a(SourceFile:54)

06-22 20:00:47.520  5278  5278 I LSPosed-Bridge: 	at com.zjsoft.admob.q.a(SourceFile:1)

06-22 20:00:47.520  5278  5278 I LSPosed-Bridge: 	at com.zjsoft.admob.m.run(SourceFile:2)

06-22 20:00:47.520  5278  5278 I LSPosed-Bridge: 	at android.app.Activity.runOnUiThread(Activity.java:6282)

06-22 20:00:47.520  5278  5278 I LSPosed-Bridge: 	at com.zjsoft.admob.n.a(SourceFile:1)

06-22 20:00:47.520  5278  5278 I LSPosed-Bridge: 	at com.zjsoft.admob.b.a(SourceFile:10)

06-22 20:00:47.520  5278  5278 I LSPosed-Bridge: 	at com.zjsoft.admob.q.a(SourceFile:7)

06-22 20:00:47.520  5278  5278 I LSPosed-Bridge: 	at com.zjsoft.baseadlib.a.a.b.a(SourceFile:8)

06-22 20:00:47.520  5278  5278 I LSPosed-Bridge: 	at com.zjsoft.baseadlib.a.a.b.a(SourceFile:2)

06-22 20:00:47.520  5278  5278 I LSPosed-Bridge: 	at com.zjsoft.baseadlib.a.a.a.a(SourceFile:4)

06-22 20:00:47.520  5278  5278 I LSPosed-Bridge: 	at c.e.a.h.a(SourceFile:5)

06-22 20:00:47.520  5278  5278 I LSPosed-Bridge: 	at com.zjsoft.baseadlib.a.a.b.a(SourceFile:8)

06-22 20:00:47.520  5278  5278 I LSPosed-Bridge: 	at com.zjsoft.baseadlib.a.a.b.<init>(SourceFile:13)

06-22 20:00:47.520  5278  5278 I LSPosed-Bridge: 	at com.zjsoft.baseadlib.a.a.b.<init>(SourceFile:17)

06-22 20:00:47.520  5278  5278 I LSPosed-Bridge: 	at homeworkout.homeworkouts.noequipment.BaseActivity.p(SourceFile:7)

06-22 20:00:47.520  5278  5278 I LSPosed-Bridge: 	at homeworkout.homeworkouts.noequipment.BaseActivity.onResume(SourceFile:2)

06-22 20:00:47.520  5278  5278 I LSPosed-Bridge: 	at android.app.Instrumentation.callActivityOnResume(Instrumentation.java:1413)

06-22 20:00:47.520  5278  5278 I LSPosed-Bridge: 	at android.app.Activity.performResume(Activity.java:7292)

06-22 20:00:47.520  5278  5278 I LSPosed-Bridge: 	at android.app.ActivityThread.performResumeActivity(ActivityThread.java:3777)

06-22 20:00:47.520  5278  5278 I LSPosed-Bridge: 	at android.app.ActivityThread.handleResumeActivity(ActivityThread.java:3817)

06-22 20:00:47.520  5278  5278 I LSPosed-Bridge: 	at android.app.servertransaction.ResumeActivityItem.execute(ResumeActivityItem.java:51)

06-22 20:00:47.520  5278  5278 I LSPosed-Bridge: 	at android.app.servertransaction.TransactionExecutor.executeLifecycleState(TransactionExecutor.java:145)

06-22 20:00:47.520  5278  5278 I LSPosed-Bridge: 	at android.app.servertransaction.TransactionExecutor.execute(TransactionExecutor.java:70)

06-22 20:00:47.520  5278  5278 I LSPosed-Bridge: 	at android.app.ActivityThread$H.handleMessage(ActivityThread.java:1809)

06-22 20:00:47.520  5278  5278 I LSPosed-Bridge: 	at android.os.Handler.dispatchMessage(Handler.java:106)

06-22 20:00:47.520  5278  5278 I LSPosed-Bridge: 	at android.os.Looper.loop(Looper.java:193)

06-22 20:00:47.520  5278  5278 I LSPosed-Bridge: 	at android.app.ActivityThread.main(ActivityThread.java:6692)

06-22 20:00:47.520  5278  5278 I LSPosed-Bridge: 	at java.lang.reflect.Method.invoke(Native Method)

06-22 20:00:47.520  5278  5278 I LSPosed-Bridge: 	at com.android.internal.os.RuntimeInit$MethodAndArgsCaller.run(RuntimeInit.java:493)

06-22 20:00:47.520  5278  5278 I LSPosed-Bridge: 	at com.android.internal.os.ZygoteInit.main(ZygoteInit.java:858)

06-22 20:00:48.044   551   551 I ConfigStore: android::hardware::configstore::V1_0::ISurfaceFlingerConfigs::hasHDRDisplay retrieved: 0

06-22 20:00:48.044  1570  5488 I LSPosed-Bridge: 5278 PermLabel 10122 AMS.checkPermission: Binder.getCallingPid() = 5278; uid = 10122; Binder.getCallingUid() = 10122; getNameForUid: homeworkout.homeworkouts.noequipment; getPackagesForUid: [homeworkout.homeworkouts.noequipment]; permName: android.permission.GET_TASKS; type = 0; res = -1; stacktrace=java.lang.Exception

06-22 20:00:48.044  1570  5488 I LSPosed-Bridge: 	at com.example.permlabel.requirePerm$1$2.afterHookedMethod(requirePerm.java:127)

06-22 20:00:48.044  1570  5488 I LSPosed-Bridge: 	at de.robv.android.xposed.XposedBridge$AdditionalHookInfo.callback(Unknown Source:147)

06-22 20:00:48.044  1570  5488 I LSPosed-Bridge: 	at LSPHooker_.checkPermission(Unknown Source:25)

06-22 20:00:48.044  1570  5488 I LSPosed-Bridge: 	at com.android.server.am.ActivityManagerService.isGetTasksAllowed(ActivityManagerService.java:10902)

06-22 20:00:48.044  1570  5488 I LSPosed-Bridge: 	at com.android.server.am.ActivityManagerService.getRunningAppProcesses(ActivityManagerService.java:16139)

06-22 20:00:48.044  1570  5488 I LSPosed-Bridge: 	at android.app.IActivityManager$Stub.onTransact(IActivityManager.java:1088)

06-22 20:00:48.044  1570  5488 I LSPosed-Bridge: 	at com.android.server.am.ActivityManagerService.onTransact(ActivityManagerService.java:3346)

06-22 20:00:48.044  1570  5488 I LSPosed-Bridge: 	at android.os.Binder.execTransact(Binder.java:731)

06-22 20:00:48.409  5278  5278 I Ads     : Please set theme of AdActivity to @android:style/Theme.Translucent to enable transparent background interstitial ad.

06-22 20:00:48.409  1570  4136 I LSPosed-Bridge: 5278 PermLabel 10122 AMS.checkPermission: Binder.getCallingPid() = 5278; uid = 10122; Binder.getCallingUid() = 10122; getNameForUid: homeworkout.homeworkouts.noequipment; getPackagesForUid: [homeworkout.homeworkouts.noequipment]; permName: android.permission.GET_TASKS; type = 0; res = -1; stacktrace=java.lang.Exception

06-22 20:00:48.409  1570  4136 I LSPosed-Bridge: 	at com.example.permlabel.requirePerm$1$2.afterHookedMethod(requirePerm.java:127)

06-22 20:00:48.409  1570  4136 I LSPosed-Bridge: 	at de.robv.android.xposed.XposedBridge$AdditionalHookInfo.callback(Unknown Source:147)

06-22 20:00:48.409  1570  4136 I LSPosed-Bridge: 	at LSPHooker_.checkPermission(Unknown Source:25)

06-22 20:00:48.409  1570  4136 I LSPosed-Bridge: 	at com.android.server.am.ActivityManagerService.isGetTasksAllowed(ActivityManagerService.java:10902)

06-22 20:00:48.409  1570  4136 I LSPosed-Bridge: 	at com.android.server.am.ActivityManagerService.getRunningAppProcesses(ActivityManagerService.java:16139)

06-22 20:00:48.409  1570  4136 I LSPosed-Bridge: 	at android.app.IActivityManager$Stub.onTransact(IActivityManager.java:1088)

06-22 20:00:48.409  1570  4136 I LSPosed-Bridge: 	at com.android.server.am.ActivityManagerService.onTransact(ActivityManagerService.java:3346)

06-22 20:00:48.409  1570  4136 I LSPosed-Bridge: 	at android.os.Binder.execTransact(Binder.java:731)

06-22 20:01:02.761  1570  5488 I LSPosed-Bridge: 5278 PermLabel 10122 AMS.checkPermission: Binder.getCallingPid() = 5278; uid = 10122; Binder.getCallingUid() = 10122; getNameForUid: homeworkout.homeworkouts.noequipment; getPackagesForUid: [homeworkout.homeworkouts.noequipment]; permName: android.permission.GET_TASKS; type = 0; res = -1; stacktrace=java.lang.Exception

06-22 20:01:02.761  1570  5488 I LSPosed-Bridge: 	at com.example.permlabel.requirePerm$1$2.afterHookedMethod(requirePerm.java:127)

06-22 20:01:02.761  1570  5488 I LSPosed-Bridge: 	at de.robv.android.xposed.XposedBridge$AdditionalHookInfo.callback(Unknown Source:147)

06-22 20:01:02.761  1570  5488 I LSPosed-Bridge: 	at LSPHooker_.checkPermission(Unknown Source:25)

06-22 20:01:02.761  1570  5488 I LSPosed-Bridge: 	at com.android.server.am.ActivityManagerService.isGetTasksAllowed(ActivityManagerService.java:10902)

06-22 20:01:02.761  1570  5488 I LSPosed-Bridge: 	at com.android.server.am.ActivityManagerService.getRunningAppProcesses(ActivityManagerService.java:16139)

06-22 20:01:02.761  1570  5488 I LSPosed-Bridge: 	at android.app.IActivityManager$Stub.onTransact(IActivityManager.java:1088)

06-22 20:01:02.761  1570  5488 I LSPosed-Bridge: 	at com.android.server.am.ActivityManagerService.onTransact(ActivityManagerService.java:3346)

06-22 20:01:02.761  1570  5488 I LSPosed-Bridge: 	at android.os.Binder.execTransact(Binder.java:731)

06-22 20:01:03.359  1570  8442 I LSPosed-Bridge: 5278 PermLabel 10122 AMS.checkPermission: Binder.getCallingPid() = 5278; uid = 10122; Binder.getCallingUid() = 10122; getNameForUid: homeworkout.homeworkouts.noequipment; getPackagesForUid: [homeworkout.homeworkouts.noequipment]; permName: com.google.android.gms.permission.AD_ID; type = 0; res = -1; stacktrace=java.lang.Exception

06-22 20:01:03.359  1570  8442 I LSPosed-Bridge: 	at com.example.permlabel.requirePerm$1$2.afterHookedMethod(requirePerm.java:127)

06-22 20:01:03.359  1570  8442 I LSPosed-Bridge: 	at de.robv.android.xposed.XposedBridge$AdditionalHookInfo.callback(Unknown Source:147)

06-22 20:01:03.359  1570  8442 I LSPosed-Bridge: 	at LSPHooker_.checkPermission(Unknown Source:25)

06-22 20:01:03.359  1570  8442 I LSPosed-Bridge: 	at android.app.IActivityManager$Stub.onTransact(IActivityManager.java:664)

06-22 20:01:03.359  1570  8442 I LSPosed-Bridge: 	at com.android.server.am.ActivityManagerService.onTransact(ActivityManagerService.java:3346)

06-22 20:01:03.359  1570  8442 I LSPosed-Bridge: 	at android.os.Binder.execTransact(Binder.java:731)

06-22 20:01:03.359  1570  5488 I LSPosed-Bridge: 5278 PermLabel 10122 AMS.checkPermission: Binder.getCallingPid() = 5278; uid = 10122; Binder.getCallingUid() = 10122; getNameForUid: homeworkout.homeworkouts.noequipment; getPackagesForUid: [homeworkout.homeworkouts.noequipment]; permName: android.permission.GET_TASKS; type = 0; res = -1; stacktrace=java.lang.Exception

06-22 20:01:03.359  1570  5488 I LSPosed-Bridge: 	at com.example.permlabel.requirePerm$1$2.afterHookedMethod(requirePerm.java:127)

06-22 20:01:03.359  1570  5488 I LSPosed-Bridge: 	at de.robv.android.xposed.XposedBridge$AdditionalHookInfo.callback(Unknown Source:147)

06-22 20:01:03.359  1570  5488 I LSPosed-Bridge: 	at LSPHooker_.checkPermission(Unknown Source:25)

06-22 20:01:03.359  1570  5488 I LSPosed-Bridge: 	at com.android.server.am.ActivityManagerService.isGetTasksAllowed(ActivityManagerService.java:10902)

06-22 20:01:03.359  1570  5488 I LSPosed-Bridge: 	at com.android.server.am.ActivityManagerService.getRunningAppProcesses(ActivityManagerService.java:16139)

06-22 20:01:03.359  1570  5488 I LSPosed-Bridge: 	at android.app.IActivityManager$Stub.onTransact(IActivityManager.java:1088)

06-22 20:01:03.359  1570  5488 I LSPosed-Bridge: 	at com.android.server.am.ActivityManagerService.onTransact(ActivityManagerService.java:3346)

06-22 20:01:03.359  1570  5488 I LSPosed-Bridge: 	at android.os.Binder.execTransact(Binder.java:731)

06-22 20:01:03.705  5278  5278 I Ads     : Please set theme of AdActivity to @android:style/Theme.Translucent to enable transparent background interstitial ad.

06-22 20:01:03.705  1570  5488 I LSPosed-Bridge: 5278 PermLabel 10122 AMS.checkPermission: Binder.getCallingPid() = 5278; uid = 10122; Binder.getCallingUid() = 10122; getNameForUid: homeworkout.homeworkouts.noequipment; getPackagesForUid: [homeworkout.homeworkouts.noequipment]; permName: android.permission.GET_TASKS; type = 0; res = -1; stacktrace=java.lang.Exception

06-22 20:01:03.705  1570  5488 I LSPosed-Bridge: 	at com.example.permlabel.requirePerm$1$2.afterHookedMethod(requirePerm.java:127)

06-22 20:01:03.705  1570  5488 I LSPosed-Bridge: 	at de.robv.android.xposed.XposedBridge$AdditionalHookInfo.callback(Unknown Source:147)

06-22 20:01:03.705  1570  5488 I LSPosed-Bridge: 	at LSPHooker_.checkPermission(Unknown Source:25)

06-22 20:01:03.705  1570  5488 I LSPosed-Bridge: 	at com.android.server.am.ActivityManagerService.isGetTasksAllowed(ActivityManagerService.java:10902)

06-22 20:01:03.705  1570  5488 I LSPosed-Bridge: 	at com.android.server.am.ActivityManagerService.getRunningAppProcesses(ActivityManagerService.java:16139)

06-22 20:01:03.705  1570  5488 I LSPosed-Bridge: 	at android.app.IActivityManager$Stub.onTransact(IActivityManager.java:1088)

06-22 20:01:03.705  1570  5488 I LSPosed-Bridge: 	at com.android.server.am.ActivityManagerService.onTransact(ActivityManagerService.java:3346)

06-22 20:01:03.705  1570  5488 I LSPosed-Bridge: 	at android.os.Binder.execTransact(Binder.java:731)

06-22 20:01:10.278  1570  8442 I LSPosed-Bridge: 5278 PermLabel 10122 AMS.checkPermission: Binder.getCallingPid() = 5278; uid = 10122; Binder.getCallingUid() = 10122; getNameForUid: homeworkout.homeworkouts.noequipment; getPackagesForUid: [homeworkout.homeworkouts.noequipment]; permName: com.google.android.gms.permission.AD_ID; type = 0; res = -1; stacktrace=java.lang.Exception

06-22 20:01:10.278  1570  8442 I LSPosed-Bridge: 	at com.example.permlabel.requirePerm$1$2.afterHookedMethod(requirePerm.java:127)

06-22 20:01:10.278  1570  8442 I LSPosed-Bridge: 	at de.robv.android.xposed.XposedBridge$AdditionalHookInfo.callback(Unknown Source:147)

06-22 20:01:10.278  1570  8442 I LSPosed-Bridge: 	at LSPHooker_.checkPermission(Unknown Source:25)

06-22 20:01:10.278  1570  8442 I LSPosed-Bridge: 	at android.app.IActivityManager$Stub.onTransact(IActivityManager.java:664)

06-22 20:01:10.278  1570  8442 I LSPosed-Bridge: 	at com.android.server.am.ActivityManagerService.onTransact(ActivityManagerService.java:3346)

06-22 20:01:10.278  1570  8442 I LSPosed-Bridge: 	at android.os.Binder.execTransact(Binder.java:731)

06-22 20:01:10.278  1570  4136 I LSPosed-Bridge: 5278 PermLabel 10122 AMS.checkPermission: Binder.getCallingPid() = 5278; uid = 10122; Binder.getCallingUid() = 10122; getNameForUid: homeworkout.homeworkouts.noequipment; getPackagesForUid: [homeworkout.homeworkouts.noequipment]; permName: android.permission.GET_TASKS; type = 0; res = -1; stacktrace=java.lang.Exception

06-22 20:01:10.278  1570  4136 I LSPosed-Bridge: 	at com.example.permlabel.requirePerm$1$2.afterHookedMethod(requirePerm.java:127)

06-22 20:01:10.278  1570  4136 I LSPosed-Bridge: 	at de.robv.android.xposed.XposedBridge$AdditionalHookInfo.callback(Unknown Source:147)

06-22 20:01:10.278  1570  4136 I LSPosed-Bridge: 	at LSPHooker_.checkPermission(Unknown Source:25)

06-22 20:01:10.278  1570  4136 I LSPosed-Bridge: 	at com.android.server.am.ActivityManagerService.isGetTasksAllowed(ActivityManagerService.java:10902)

06-22 20:01:10.278  1570  4136 I LSPosed-Bridge: 	at com.android.server.am.ActivityManagerService.getRunningAppProcesses(ActivityManagerService.java:16139)

06-22 20:01:10.278  1570  4136 I LSPosed-Bridge: 	at android.app.IActivityManager$Stub.onTransact(IActivityManager.java:1088)

06-22 20:01:10.278  1570  4136 I LSPosed-Bridge: 	at com.android.server.am.ActivityManagerService.onTransact(ActivityManagerService.java:3346)

06-22 20:01:10.278  1570  4136 I LSPosed-Bridge: 	at android.os.Binder.execTransact(Binder.java:731)

06-22 20:01:10.597  1570  1852 I LSPosed-Bridge: 5278 PermLabel 10122 AMS.checkPermission: Binder.getCallingPid() = 5278; uid = 10122; Binder.getCallingUid() = 10122; getNameForUid: homeworkout.homeworkouts.noequipment; getPackagesForUid: [homeworkout.homeworkouts.noequipment]; permName: android.permission.GET_TASKS; type = 0; res = -1; stacktrace=java.lang.Exception

06-22 20:01:10.597  1570  1852 I LSPosed-Bridge: 	at com.example.permlabel.requirePerm$1$2.afterHookedMethod(requirePerm.java:127)

06-22 20:01:10.597  1570  1852 I LSPosed-Bridge: 	at de.robv.android.xposed.XposedBridge$AdditionalHookInfo.callback(Unknown Source:147)

06-22 20:01:10.597  1570  1852 I LSPosed-Bridge: 	at LSPHooker_.checkPermission(Unknown Source:25)

06-22 20:01:10.597  1570  1852 I LSPosed-Bridge: 	at com.android.server.am.ActivityManagerService.isGetTasksAllowed(ActivityManagerService.java:10902)

06-22 20:01:10.597  1570  1852 I LSPosed-Bridge: 	at com.android.server.am.ActivityManagerService.getRunningAppProcesses(ActivityManagerService.java:16139)

06-22 20:01:10.597  1570  1852 I LSPosed-Bridge: 	at android.app.IActivityManager$Stub.onTransact(IActivityManager.java:1088)

06-22 20:01:10.597  1570  1852 I LSPosed-Bridge: 	at com.android.server.am.ActivityManagerService.onTransact(ActivityManagerService.java:3346)

06-22 20:01:10.597  1570  1852 I LSPosed-Bridge: 	at android.os.Binder.execTransact(Binder.java:731)

06-22 20:01:10.932  1570  8442 I LSPosed-Bridge: 5278 PermLabel 10122 AMS.checkPermission: Binder.getCallingPid() = 5278; uid = 10122; Binder.getCallingUid() = 10122; getNameForUid: homeworkout.homeworkouts.noequipment; getPackagesForUid: [homeworkout.homeworkouts.noequipment]; permName: android.permission.GET_TASKS; type = 0; res = -1; stacktrace=java.lang.Exception

06-22 20:01:10.932  1570  8442 I LSPosed-Bridge: 	at com.example.permlabel.requirePerm$1$2.afterHookedMethod(requirePerm.java:127)

06-22 20:01:10.932  1570  8442 I LSPosed-Bridge: 	at de.robv.android.xposed.XposedBridge$AdditionalHookInfo.callback(Unknown Source:147)

06-22 20:01:10.932  1570  8442 I LSPosed-Bridge: 	at LSPHooker_.checkPermission(Unknown Source:25)

06-22 20:01:10.932  1570  8442 I LSPosed-Bridge: 	at com.android.server.am.ActivityManagerService.isGetTasksAllowed(ActivityManagerService.java:10902)

06-22 20:01:10.932  1570  8442 I LSPosed-Bridge: 	at com.android.server.am.ActivityManagerService.getRunningAppProcesses(ActivityManagerService.java:16139)

06-22 20:01:10.932  1570  8442 I LSPosed-Bridge: 	at android.app.IActivityManager$Stub.onTransact(IActivityManager.java:1088)

06-22 20:01:10.932  1570  8442 I LSPosed-Bridge: 	at com.android.server.am.ActivityManagerService.onTransact(ActivityManagerService.java:3346)

06-22 20:01:10.932  1570  8442 I LSPosed-Bridge: 	at android.os.Binder.execTransact(Binder.java:731)

06-22 20:01:11.238  1570  8442 I LSPosed-Bridge: 5278 PermLabel 10122 AMS.checkPermission: Binder.getCallingPid() = 5278; uid = 10122; Binder.getCallingUid() = 10122; getNameForUid: homeworkout.homeworkouts.noequipment; getPackagesForUid: [homeworkout.homeworkouts.noequipment]; permName: com.google.android.gms.permission.AD_ID; type = 0; res = -1; stacktrace=java.lang.Exception

06-22 20:01:11.238  1570  8442 I LSPosed-Bridge: 	at com.example.permlabel.requirePerm$1$2.afterHookedMethod(requirePerm.java:127)

06-22 20:01:11.238  1570  8442 I LSPosed-Bridge: 	at de.robv.android.xposed.XposedBridge$AdditionalHookInfo.callback(Unknown Source:147)

06-22 20:01:11.238  1570  8442 I LSPosed-Bridge: 	at LSPHooker_.checkPermission(Unknown Source:25)

06-22 20:01:11.238  1570  8442 I LSPosed-Bridge: 	at android.app.IActivityManager$Stub.onTransact(IActivityManager.java:664)

06-22 20:01:11.238  1570  8442 I LSPosed-Bridge: 	at com.android.server.am.ActivityManagerService.onTransact(ActivityManagerService.java:3346)

06-22 20:01:11.238  1570  8442 I LSPosed-Bridge: 	at android.os.Binder.execTransact(Binder.java:731)

06-22 20:01:11.238   551   551 I ConfigStore: android::hardware::configstore::V1_0::ISurfaceFlingerConfigs::hasHDRDisplay retrieved: 0

06-22 20:01:11.238  1570  1852 I LSPosed-Bridge: 5278 PermLabel 10122 AMS.checkPermission: Binder.getCallingPid() = 5278; uid = 10122; Binder.getCallingUid() = 10122; getNameForUid: homeworkout.homeworkouts.noequipment; getPackagesForUid: [homeworkout.homeworkouts.noequipment]; permName: android.permission.GET_TASKS; type = 0; res = -1; stacktrace=java.lang.Exception

06-22 20:01:11.238  1570  1852 I LSPosed-Bridge: 	at com.example.permlabel.requirePerm$1$2.afterHookedMethod(requirePerm.java:127)

06-22 20:01:11.238  1570  1852 I LSPosed-Bridge: 	at de.robv.android.xposed.XposedBridge$AdditionalHookInfo.callback(Unknown Source:147)

06-22 20:01:11.238  1570  1852 I LSPosed-Bridge: 	at LSPHooker_.checkPermission(Unknown Source:25)

06-22 20:01:11.238  1570  1852 I LSPosed-Bridge: 	at com.android.server.am.ActivityManagerService.isGetTasksAllowed(ActivityManagerService.java:10902)

06-22 20:01:11.238  1570  1852 I LSPosed-Bridge: 	at com.android.server.am.ActivityManagerService.getRunningAppProcesses(ActivityManagerService.java:16139)

06-22 20:01:11.238  1570  1852 I LSPosed-Bridge: 	at android.app.IActivityManager$Stub.onTransact(IActivityManager.java:1088)

06-22 20:01:11.238  1570  1852 I LSPosed-Bridge: 	at com.android.server.am.ActivityManagerService.onTransact(ActivityManagerService.java:3346)

06-22 20:01:11.238  1570  1852 I LSPosed-Bridge: 	at android.os.Binder.execTransact(Binder.java:731)

06-22 20:01:11.512  1570  8442 I LSPosed-Bridge: 5278 PermLabel 10122 AMS.checkPermission: Binder.getCallingPid() = 5278; uid = 10122; Binder.getCallingUid() = 10122; getNameForUid: homeworkout.homeworkouts.noequipment; getPackagesForUid: [homeworkout.homeworkouts.noequipment]; permName: android.permission.GET_TASKS; type = 0; res = -1; stacktrace=java.lang.Exception

06-22 20:01:11.512  1570  8442 I LSPosed-Bridge: 	at com.example.permlabel.requirePerm$1$2.afterHookedMethod(requirePerm.java:127)

06-22 20:01:11.512  1570  8442 I LSPosed-Bridge: 	at de.robv.android.xposed.XposedBridge$AdditionalHookInfo.callback(Unknown Source:147)

06-22 20:01:11.512  1570  8442 I LSPosed-Bridge: 	at LSPHooker_.checkPermission(Unknown Source:25)

06-22 20:01:11.512  1570  8442 I LSPosed-Bridge: 	at com.android.server.am.ActivityManagerService.isGetTasksAllowed(ActivityManagerService.java:10902)

06-22 20:01:11.512  1570  8442 I LSPosed-Bridge: 	at com.android.server.am.ActivityManagerService.getRunningAppProcesses(ActivityManagerService.java:16139)

06-22 20:01:11.512  1570  8442 I LSPosed-Bridge: 	at android.app.IActivityManager$Stub.onTransact(IActivityManager.java:1088)

06-22 20:01:11.512  1570  8442 I LSPosed-Bridge: 	at com.android.server.am.ActivityManagerService.onTransact(ActivityManagerService.java:3346)

06-22 20:01:11.512  1570  8442 I LSPosed-Bridge: 	at android.os.Binder.execTransact(Binder.java:731)

06-22 20:01:11.928  1570  5564 I LSPosed-Bridge: 5278 PermLabel 10122 AMS.checkPermission: Binder.getCallingPid() = 5278; uid = 10122; Binder.getCallingUid() = 10122; getNameForUid: homeworkout.homeworkouts.noequipment; getPackagesForUid: [homeworkout.homeworkouts.noequipment]; permName: com.google.android.gms.permission.AD_ID; type = 0; res = -1; stacktrace=java.lang.Exception

06-22 20:01:11.928  1570  5564 I LSPosed-Bridge: 	at com.example.permlabel.requirePerm$1$2.afterHookedMethod(requirePerm.java:127)

06-22 20:01:11.928  1570  5564 I LSPosed-Bridge: 	at de.robv.android.xposed.XposedBridge$AdditionalHookInfo.callback(Unknown Source:147)

06-22 20:01:11.928  1570  5564 I LSPosed-Bridge: 	at LSPHooker_.checkPermission(Unknown Source:25)

06-22 20:01:11.928  1570  5564 I LSPosed-Bridge: 	at android.app.IActivityManager$Stub.onTransact(IActivityManager.java:664)

06-22 20:01:11.928  1570  5564 I LSPosed-Bridge: 	at com.android.server.am.ActivityManagerService.onTransact(ActivityManagerService.java:3346)

06-22 20:01:11.928  1570  5564 I LSPosed-Bridge: 	at android.os.Binder.execTransact(Binder.java:731)

06-22 20:01:11.928  1570  8442 I LSPosed-Bridge: 5278 PermLabel 10122 AMS.checkPermission: Binder.getCallingPid() = 5278; uid = 10122; Binder.getCallingUid() = 10122; getNameForUid: homeworkout.homeworkouts.noequipment; getPackagesForUid: [homeworkout.homeworkouts.noequipment]; permName: android.permission.GET_TASKS; type = 0; res = -1; stacktrace=java.lang.Exception

06-22 20:01:11.928  1570  8442 I LSPosed-Bridge: 	at com.example.permlabel.requirePerm$1$2.afterHookedMethod(requirePerm.java:127)

06-22 20:01:11.928  1570  8442 I LSPosed-Bridge: 	at de.robv.android.xposed.XposedBridge$AdditionalHookInfo.callback(Unknown Source:147)

06-22 20:01:11.928  1570  8442 I LSPosed-Bridge: 	at LSPHooker_.checkPermission(Unknown Source:25)

06-22 20:01:11.928  1570  8442 I LSPosed-Bridge: 	at com.android.server.am.ActivityManagerService.isGetTasksAllowed(ActivityManagerService.java:10902)

06-22 20:01:11.928  1570  8442 I LSPosed-Bridge: 	at com.android.server.am.ActivityManagerService.getRunningAppProcesses(ActivityManagerService.java:16139)

06-22 20:01:11.928  1570  8442 I LSPosed-Bridge: 	at android.app.IActivityManager$Stub.onTransact(IActivityManager.java:1088)

06-22 20:01:11.928  1570  8442 I LSPosed-Bridge: 	at com.android.server.am.ActivityManagerService.onTransact(ActivityManagerService.java:3346)

06-22 20:01:11.928  1570  8442 I LSPosed-Bridge: 	at android.os.Binder.execTransact(Binder.java:731)

06-22 20:01:16.850  1570  1582 I LSPosed-Bridge: 5278 PermLabel 10122 AMS.checkPermission: Binder.getCallingPid() = 5278; uid = 10122; Binder.getCallingUid() = 10122; getNameForUid: homeworkout.homeworkouts.noequipment; getPackagesForUid: [homeworkout.homeworkouts.noequipment]; permName: android.permission.GET_TASKS; type = 0; res = -1; stacktrace=java.lang.Exception

06-22 20:01:16.850  1570  1582 I LSPosed-Bridge: 	at com.example.permlabel.requirePerm$1$2.afterHookedMethod(requirePerm.java:127)

06-22 20:01:16.850  1570  1582 I LSPosed-Bridge: 	at de.robv.android.xposed.XposedBridge$AdditionalHookInfo.callback(Unknown Source:147)

06-22 20:01:16.850  1570  1582 I LSPosed-Bridge: 	at LSPHooker_.checkPermission(Unknown Source:25)

06-22 20:01:16.850  1570  1582 I LSPosed-Bridge: 	at com.android.server.am.ActivityManagerService.isGetTasksAllowed(ActivityManagerService.java:10902)

06-22 20:01:16.850  1570  1582 I LSPosed-Bridge: 	at com.android.server.am.ActivityManagerService.getRunningAppProcesses(ActivityManagerService.java:16139)

