06-22 15:38:08.650  1565  2962 I LSPosed-Bridge: 18914 PermLabel 10118 AMS.checkPermission: Binder.getCallingPid() = 909; uid = 10118; Binder.getCallingUid() = 1047; getNameForUid: null; getPackagesForUid: null; permName: android.permission.CAMERA; type = 1; res = -1; stacktrace=java.lang.Exception

06-22 15:38:08.650  1565  2962 I LSPosed-Bridge: 	at com.example.permlabel.requirePerm$1$2.afterHookedMethod(requirePerm.java:133)

06-22 15:38:08.650  1565  2962 I LSPosed-Bridge: 	at de.robv.android.xposed.XposedBridge$AdditionalHookInfo.callback(Unknown Source:147)

06-22 15:38:08.650  1565  2962 I LSPosed-Bridge: 	at LSPHooker_.checkPermission(Unknown Source:25)

06-22 15:38:08.650  1565  2962 I LSPosed-Bridge: 	at com.android.server.am.ActivityManagerService$PermissionController.checkPermission(ActivityManagerService.java:9248)

06-22 15:38:08.650  1565  2962 I LSPosed-Bridge: 	at android.os.IPermissionController$Stub.onTransact(IPermissionController.java:56)

06-22 15:38:08.650  1565  2962 I LSPosed-Bridge: 	at android.os.Binder.execTransact(Binder.java:731)

06-22 15:38:08.650   549   549 I ConfigStore: android::hardware::configstore::V1_0::ISurfaceFlingerConfigs::hasHDRDisplay retrieved: 0

06-22 15:38:08.650   909   909 W ServiceManager: Permission failure: android.permission.CAMERA from uid=10118 pid=18914

06-22 15:38:08.650   909   909 E CameraService: Permission Denial: can't use the camera pid=18914, uid=10118

06-22 15:38:08.754   549   549 I ConfigStore: android::hardware::configstore::V1_0::ISurfaceFlingerConfigs::hasHDRDisplay retrieved: 0

06-22 15:38:08.754  1565  2962 I LSPosed-Bridge: 18914 PermLabel 10118 AMS.checkPermission: Binder.getCallingPid() = 909; uid = 10118; Binder.getCallingUid() = 1047; getNameForUid: null; getPackagesForUid: null; permName: android.permission.CAMERA; type = 1; res = -1; stacktrace=java.lang.Exception

06-22 15:38:08.754  1565  2962 I LSPosed-Bridge: 	at com.example.permlabel.requirePerm$1$2.afterHookedMethod(requirePerm.java:133)

06-22 15:38:08.754  1565  2962 I LSPosed-Bridge: 	at de.robv.android.xposed.XposedBridge$AdditionalHookInfo.callback(Unknown Source:147)

06-22 15:38:08.754  1565  2962 I LSPosed-Bridge: 	at LSPHooker_.checkPermission(Unknown Source:25)

06-22 15:38:08.754  1565  2962 I LSPosed-Bridge: 	at com.android.server.am.ActivityManagerService$PermissionController.checkPermission(ActivityManagerService.java:9248)

06-22 15:38:08.754  1565  2962 I LSPosed-Bridge: 	at android.os.IPermissionController$Stub.onTransact(IPermissionController.java:56)

06-22 15:38:08.754  1565  2962 I LSPosed-Bridge: 	at android.os.Binder.execTransact(Binder.java:731)

06-22 15:38:08.858  1565  2962 I LSPosed-Bridge: 18914 PermLabel 10118 AMS.checkPermission: Binder.getCallingPid() = 909; uid = 10118; Binder.getCallingUid() = 1047; getNameForUid: null; getPackagesForUid: null; permName: android.permission.CAMERA; type = 1; res = -1; stacktrace=java.lang.Exception

06-22 15:38:08.858  1565  2962 I LSPosed-Bridge: 	at com.example.permlabel.requirePerm$1$2.afterHookedMethod(requirePerm.java:133)

06-22 15:38:08.858  1565  2962 I LSPosed-Bridge: 	at de.robv.android.xposed.XposedBridge$AdditionalHookInfo.callback(Unknown Source:147)

06-22 15:38:08.858  1565  2962 I LSPosed-Bridge: 	at LSPHooker_.checkPermission(Unknown Source:25)

06-22 15:38:08.858  1565  2962 I LSPosed-Bridge: 	at com.android.server.am.ActivityManagerService$PermissionController.checkPermission(ActivityManagerService.java:9248)

06-22 15:38:08.858  1565  2962 I LSPosed-Bridge: 	at android.os.IPermissionController$Stub.onTransact(IPermissionController.java:56)

06-22 15:38:08.858  1565  2962 I LSPosed-Bridge: 	at android.os.Binder.execTransact(Binder.java:731)

06-22 15:38:08.962  1565  7803 I LSPosed-Bridge: 18914 PermLabel 10118 AMS.checkPermission: Binder.getCallingPid() = 909; uid = 10118; Binder.getCallingUid() = 1047; getNameForUid: null; getPackagesForUid: null; permName: android.permission.CAMERA; type = 1; res = -1; stacktrace=java.lang.Exception

06-22 15:38:08.962  1565  7803 I LSPosed-Bridge: 	at com.example.permlabel.requirePerm$1$2.afterHookedMethod(requirePerm.java:133)

06-22 15:38:08.962  1565  7803 I LSPosed-Bridge: 	at de.robv.android.xposed.XposedBridge$AdditionalHookInfo.callback(Unknown Source:147)

06-22 15:38:08.962  1565  7803 I LSPosed-Bridge: 	at LSPHooker_.checkPermission(Unknown Source:25)

06-22 15:38:08.962  1565  7803 I LSPosed-Bridge: 	at com.android.server.am.ActivityManagerService$PermissionController.checkPermission(ActivityManagerService.java:9248)

06-22 15:38:08.962  1565  7803 I LSPosed-Bridge: 	at android.os.IPermissionController$Stub.onTransact(IPermissionController.java:56)

06-22 15:38:08.962  1565  7803 I LSPosed-Bridge: 	at android.os.Binder.execTransact(Binder.java:731)

06-22 15:38:08.962   909   909 W ServiceManager: Permission failure: android.permission.CAMERA from uid=10118 pid=18914

06-22 15:38:08.962   909   909 E CameraService: Permission Denial: can't use the camera pid=18914, uid=10118

06-22 15:38:08.962   549   549 I ConfigStore: android::hardware::configstore::V1_0::ISurfaceFlingerConfigs::hasHDRDisplay retrieved: 0

06-22 15:38:09.065  1565  7803 I LSPosed-Bridge: 18914 PermLabel 10118 AMS.checkPermission: Binder.getCallingPid() = 909; uid = 10118; Binder.getCallingUid() = 1047; getNameForUid: null; getPackagesForUid: null; permName: android.permission.CAMERA; type = 1; res = -1; stacktrace=java.lang.Exception

06-22 15:38:09.065  1565  7803 I LSPosed-Bridge: 	at com.example.permlabel.requirePerm$1$2.afterHookedMethod(requirePerm.java:133)

06-22 15:38:09.065  1565  7803 I LSPosed-Bridge: 	at de.robv.android.xposed.XposedBridge$AdditionalHookInfo.callback(Unknown Source:147)

06-22 15:38:09.065  1565  7803 I LSPosed-Bridge: 	at LSPHooker_.checkPermission(Unknown Source:25)

06-22 15:38:09.065  1565  7803 I LSPosed-Bridge: 	at com.android.server.am.ActivityManagerService$PermissionController.checkPermission(ActivityManagerService.java:9248)

06-22 15:38:09.065  1565  7803 I LSPosed-Bridge: 	at android.os.IPermissionController$Stub.onTransact(IPermissionController.java:56)

06-22 15:38:09.065  1565  7803 I LSPosed-Bridge: 	at android.os.Binder.execTransact(Binder.java:731)

06-22 15:38:09.065   909   909 W ServiceManager: Permission failure: android.permission.CAMERA from uid=10118 pid=18914

06-22 15:38:09.065   909   909 E CameraService: Permission Denial: can't use the camera pid=18914, uid=10118

06-22 15:38:09.065 18914 19112 W CameraBase: An error occurred while connecting to camera 0: Status(-8): '1: validateClientPermissionsLocked:906: Caller "com.nb.filmhall" (PID 10118, UID 18914) cannot open camera "0" without camera permission'

06-22 15:38:09.168  1565  2962 I LSPosed-Bridge: 18914 PermLabel 10118 AMS.checkPermission: Binder.getCallingPid() = 909; uid = 10118; Binder.getCallingUid() = 1047; getNameForUid: null; getPackagesForUid: null; permName: android.permission.CAMERA; type = 1; res = -1; stacktrace=java.lang.Exception

06-22 15:38:09.168  1565  2962 I LSPosed-Bridge: 	at com.example.permlabel.requirePerm$1$2.afterHookedMethod(requirePerm.java:133)

06-22 15:38:09.168  1565  2962 I LSPosed-Bridge: 	at de.robv.android.xposed.XposedBridge$AdditionalHookInfo.callback(Unknown Source:147)

06-22 15:38:09.168  1565  2962 I LSPosed-Bridge: 	at LSPHooker_.checkPermission(Unknown Source:25)

06-22 15:38:09.168  1565  2962 I LSPosed-Bridge: 	at com.android.server.am.ActivityManagerService$PermissionController.checkPermission(ActivityManagerService.java:9248)

06-22 15:38:09.168  1565  2962 I LSPosed-Bridge: 	at android.os.IPermissionController$Stub.onTransact(IPermissionController.java:56)

06-22 15:38:09.168  1565  2962 I LSPosed-Bridge: 	at android.os.Binder.execTransact(Binder.java:731)

06-22 15:38:09.272  1565  2962 I LSPosed-Bridge: 18914 PermLabel 10118 AMS.checkPermission: Binder.getCallingPid() = 909; uid = 10118; Binder.getCallingUid() = 1047; getNameForUid: null; getPackagesForUid: null; permName: android.permission.CAMERA; type = 1; res = -1; stacktrace=java.lang.Exception

06-22 15:38:09.272  1565  2962 I LSPosed-Bridge: 	at com.example.permlabel.requirePerm$1$2.afterHookedMethod(requirePerm.java:133)

06-22 15:38:09.272  1565  2962 I LSPosed-Bridge: 	at de.robv.android.xposed.XposedBridge$AdditionalHookInfo.callback(Unknown Source:147)

06-22 15:38:09.272  1565  2962 I LSPosed-Bridge: 	at LSPHooker_.checkPermission(Unknown Source:25)

06-22 15:38:09.272  1565  2962 I LSPosed-Bridge: 	at com.android.server.am.ActivityManagerService$PermissionController.checkPermission(ActivityManagerService.java:9248)

06-22 15:38:09.272  1565  2962 I LSPosed-Bridge: 	at android.os.IPermissionController$Stub.onTransact(IPermissionController.java:56)

06-22 15:38:09.272  1565  2962 I LSPosed-Bridge: 	at android.os.Binder.execTransact(Binder.java:731)

06-22 15:38:09.272   909   909 W ServiceManager: Permission failure: android.permission.CAMERA from uid=10118 pid=18914

06-22 15:38:09.272   909   909 E CameraService: Permission Denial: can't use the camera pid=18914, uid=10118

06-22 15:38:09.272 18914 19112 W CameraBase: An error occurred while connecting to camera 0: Status(-8): '1: validateClientPermissionsLocked:906: Caller "com.nb.filmhall" (PID 10118, UID 18914) cannot open camera "0" without camera permission'

06-22 15:38:09.272 18914 19112 E Camera  : Camera  err=-13

06-22 15:38:09.273 18914 19112 I LSPosed-Bridge: 18914 PermLabel 10118 android.permission.CAMERA open cameraId: 0; res= null; stacktrace=java.lang.Exception

06-22 15:38:09.273 18914 19112 I LSPosed-Bridge: 18914 PermLabel 10118 android.permission.CAMERA open cameraId: 0; res= null; stacktrace=java.lang.Exception

06-22 15:38:09.273 18914 19112 I LSPosed-Bridge: 	at com.example.permlabel.hookCamera$3.afterHookedMethod(hookCamera.java:49)

06-22 15:38:09.273 18914 19112 I LSPosed-Bridge: 	at com.example.permlabel.hookCamera$3.afterHookedMethod(hookCamera.java:49)

06-22 15:38:09.273 18914 19112 I LSPosed-Bridge: 	at de.robv.android.xposed.XposedBridge$AdditionalHookInfo.callback(Unknown Source:147)

06-22 15:38:09.273 18914 19112 I LSPosed-Bridge: 	at de.robv.android.xposed.XposedBridge$AdditionalHookInfo.callback(Unknown Source:147)

06-22 15:38:09.273 18914 19112 I LSPosed-Bridge: 	at LSPHooker_.open(Unknown Source:12)

06-22 15:38:09.273 18914 19112 I LSPosed-Bridge: 	at LSPHooker_.open(Unknown Source:12)

06-22 15:38:09.273 18914 19112 I LSPosed-Bridge: 	at org.chromium.media.VideoCaptureFactory.isZoomSupported(chromium-Monochrome.aab-stable-573513121:10)

06-22 15:38:09.273 18914 19112 I LSPosed-Bridge: 	at org.chromium.media.VideoCaptureFactory.isZoomSupported(chromium-Monochrome.aab-stable-573513121:10)

06-22 15:38:09.273 18914 19112 I chatty  : uid=10118(com.nb.filmhall) ThreadPoolSingl identical 1 line

06-22 15:38:09.273 18914 19112 I chatty  : uid=10118(com.nb.filmhall) ThreadPoolSingl identical 1 line

06-22 15:38:09.273 18914 19112 I LSPosed-Bridge: 18914 PermLabel 10118 android.permission.CAMERA open cameraId: 0; res= null; stacktrace=java.lang.Exception

06-22 15:38:09.273 18914 19112 I LSPosed-Bridge: 18914 PermLabel 10118 android.permission.CAMERA open cameraId: 0; res= null; stacktrace=java.lang.Exception

06-22 15:38:09.273 18914 19112 I LSPosed-Bridge: 	at com.example.permlabel.hookCamera$3.afterHookedMethod(hookCamera.java:49)

06-22 15:38:09.273 18914 19112 I LSPosed-Bridge: 	at com.example.permlabel.hookCamera$3.afterHookedMethod(hookCamera.java:49)

06-22 15:38:09.273 18914 19112 I LSPosed-Bridge: 	at de.robv.android.xposed.XposedBridge$AdditionalHookInfo.callback(Unknown Source:147)

06-22 15:38:09.273 18914 19112 I LSPosed-Bridge: 	at de.robv.android.xposed.XposedBridge$AdditionalHookInfo.callback(Unknown Source:147)

06-22 15:38:09.273 18914 19112 I LSPosed-Bridge: 	at LSPHooker_.open(Unknown Source:12)

06-22 15:38:09.273 18914 19112 I LSPosed-Bridge: 	at LSPHooker_.open(Unknown Source:12)

06-22 15:38:09.273 18914 19112 I LSPosed-Bridge: 	at org.chromium.media.VideoCaptureFactory.isZoomSupported(chromium-Monochrome.aab-stable-573513121:10)

06-22 15:38:09.273 18914 19112 I LSPosed-Bridge: 	at org.chromium.media.VideoCaptureFactory.isZoomSupported(chromium-Monochrome.aab-stable-573513121:10)

06-22 15:38:09.273 18914 19112 E cr_VideoCapture: Camera.open: 

06-22 15:38:09.273 18914 19112 E cr_VideoCapture: Camera.open: 

06-22 15:38:09.273 18914 19112 E cr_VideoCapture: java.lang.RuntimeException: Fail to connect to camera service

06-22 15:38:09.273 18914 19112 E cr_VideoCapture: java.lang.RuntimeException: Fail to connect to camera service

06-22 15:38:09.273 18914 19112 E cr_VideoCapture: 	at android.hardware.Camera.<init>(Camera.java:669)

06-22 15:38:09.273 18914 19112 E cr_VideoCapture: 	at android.hardware.Camera.<init>(Camera.java:669)

06-22 15:38:09.273 18914 19112 E cr_VideoCapture: 	at android.hardware.Camera.open(Camera.java:460)

06-22 15:38:09.273 18914 19112 E cr_VideoCapture: 	at android.hardware.Camera.open(Camera.java:460)

06-22 15:38:09.273 18914 19112 E cr_VideoCapture: 	at java.lang.reflect.Method.invoke(Native Method)

06-22 15:38:09.273 18914 19112 E cr_VideoCapture: 	at java.lang.reflect.Method.invoke(Native Method)

06-22 15:38:09.273 18914 19112 E cr_VideoCapture: 	at org.lsposed.lspd.nativebridge.HookBridge.invokeOriginalMethod(Native Method)

06-22 15:38:09.273 18914 19112 E cr_VideoCapture: 	at org.lsposed.lspd.nativebridge.HookBridge.invokeOriginalMethod(Native Method)

06-22 15:38:09.273 18914 19112 E cr_VideoCapture: 	at de.robv.android.xposed.XposedBridge$AdditionalHookInfo.callback(Unknown Source:110)

06-22 15:38:09.273 18914 19112 E cr_VideoCapture: 	at de.robv.android.xposed.XposedBridge$AdditionalHookInfo.callback(Unknown Source:110)

06-22 15:38:09.273 18914 19112 E cr_VideoCapture: 	at LSPHooker_.open(Unknown Source:12)

06-22 15:38:09.273 18914 19112 E cr_VideoCapture: 	at LSPHooker_.open(Unknown Source:12)

06-22 15:38:09.273 18914 19112 E cr_VideoCapture: 	at org.chromium.media.VideoCaptureFactory.isZoomSupported(chromium-Monochrome.aab-stable-573513121:10)

06-22 15:38:09.273 18914 19112 E cr_VideoCapture: 	at org.chromium.media.VideoCaptureFactory.isZoomSupported(chromium-Monochrome.aab-stable-573513121:10)

06-22 15:38:09.273 18914 18914 W ThreadPoolSingl: type=1400 audit(0.0:1036): avc: denied { read } for name="u:object_r:vendor_camera_prop:s0" dev="tmpfs" ino=14636 scontext=u:r:untrusted_app:s0:c118,c256,c512,c768 tcontext=u:object_r:vendor_camera_prop:s0 tclass=file permissive=0

06-22 15:38:09.273 18914 18914 W ThreadPoolSingl: type=1400 audit(0.0:1036): avc: denied { read } for name="u:object_r:vendor_camera_prop:s0" dev="tmpfs" ino=14636 scontext=u:r:untrusted_app:s0:c118,c256,c512,c768 tcontext=u:object_r:vendor_camera_prop:s0 tclass=file permissive=0

06-22 15:38:09.282  1565  7803 I LSPosed-Bridge: 18914 PermLabel 10118 AMS.checkPermission: Binder.getCallingPid() = 909; uid = 10118; Binder.getCallingUid() = 1047; getNameForUid: null; getPackagesForUid: null; permName: android.permission.CAMERA; type = 1; res = -1; stacktrace=java.lang.Exception

06-22 15:38:09.282  1565  7803 I LSPosed-Bridge: 	at com.example.permlabel.requirePerm$1$2.afterHookedMethod(requirePerm.java:133)

06-22 15:38:09.282  1565  7803 I LSPosed-Bridge: 	at de.robv.android.xposed.XposedBridge$AdditionalHookInfo.callback(Unknown Source:147)

06-22 15:38:09.282  1565  7803 I LSPosed-Bridge: 	at LSPHooker_.checkPermission(Unknown Source:25)

06-22 15:38:09.282  1565  7803 I LSPosed-Bridge: 	at com.android.server.am.ActivityManagerService$PermissionController.checkPermission(ActivityManagerService.java:9248)

06-22 15:38:09.282  1565  7803 I LSPosed-Bridge: 	at android.os.IPermissionController$Stub.onTransact(IPermissionController.java:56)

06-22 15:38:09.282  1565  7803 I LSPosed-Bridge: 	at android.os.Binder.execTransact(Binder.java:731)

06-22 15:38:09.282   909   909 W ServiceManager: Permission failure: android.permission.CAMERA from uid=10118 pid=18914

06-22 15:38:09.282   909   909 E CameraService: Permission Denial: can't use the camera pid=18914, uid=10118

06-22 15:38:09.282 18914 19112 W CameraBase: An error occurred while connecting to camera 0: Status(-8): '1: validateClientPermissionsLocked:906: Caller "com.nb.filmhall" (PID 10118, UID 18914) cannot open camera "0" without camera permission'

06-22 15:38:09.384  1565  2962 I LSPosed-Bridge: 18914 PermLabel 10118 AMS.checkPermission: Binder.getCallingPid() = 909; uid = 10118; Binder.getCallingUid() = 1047; getNameForUid: null; getPackagesForUid: null; permName: android.permission.CAMERA; type = 1; res = -1; stacktrace=java.lang.Exception

06-22 15:38:09.384  1565  2962 I LSPosed-Bridge: 	at com.example.permlabel.requirePerm$1$2.afterHookedMethod(requirePerm.java:133)

06-22 15:38:09.384  1565  2962 I LSPosed-Bridge: 	at de.robv.android.xposed.XposedBridge$AdditionalHookInfo.callback(Unknown Source:147)

06-22 15:38:09.384  1565  2962 I LSPosed-Bridge: 	at LSPHooker_.checkPermission(Unknown Source:25)

06-22 15:38:09.384  1565  2962 I LSPosed-Bridge: 	at com.android.server.am.ActivityManagerService$PermissionController.checkPermission(ActivityManagerService.java:9248)

06-22 15:38:09.384  1565  2962 I LSPosed-Bridge: 	at android.os.IPermissionController$Stub.onTransact(IPermissionController.java:56)

06-22 15:38:09.384  1565  2962 I LSPosed-Bridge: 	at android.os.Binder.execTransact(Binder.java:731)

06-22 15:38:09.487  1565  2473 I LSPosed-Bridge: 18914 PermLabel 10118 AMS.checkPermission: Binder.getCallingPid() = 909; uid = 10118; Binder.getCallingUid() = 1047; getNameForUid: null; getPackagesForUid: null; permName: android.permission.CAMERA; type = 1; res = -1; stacktrace=java.lang.Exception

06-22 15:38:09.487  1565  2473 I LSPosed-Bridge: 	at com.example.permlabel.requirePerm$1$2.afterHookedMethod(requirePerm.java:133)

06-22 15:38:09.487  1565  2473 I LSPosed-Bridge: 	at de.robv.android.xposed.XposedBridge$AdditionalHookInfo.callback(Unknown Source:147)

06-22 15:38:09.487  1565  2473 I LSPosed-Bridge: 	at LSPHooker_.checkPermission(Unknown Source:25)

06-22 15:38:09.487  1565  2473 I LSPosed-Bridge: 	at com.android.server.am.ActivityManagerService$PermissionController.checkPermission(ActivityManagerService.java:9248)

06-22 15:38:09.487  1565  2473 I LSPosed-Bridge: 	at android.os.IPermissionController$Stub.onTransact(IPermissionController.java:56)

06-22 15:38:09.487  1565  2473 I LSPosed-Bridge: 	at android.os.Binder.execTransact(Binder.java:731)

06-22 15:38:09.487   909   909 W ServiceManager: Permission failure: android.permission.CAMERA from uid=10118 pid=18914

06-22 15:38:09.487   909   909 E CameraService: Permission Denial: can't use the camera pid=18914, uid=10118

06-22 15:38:09.487 18914 19112 W CameraBase: An error occurred while connecting to camera 0: Status(-8): '1: validateClientPermissionsLocked:906: Caller "com.nb.filmhall" (PID 10118, UID 18914) cannot open camera "0" without camera permission'

06-22 15:38:09.589  1565  2962 I LSPosed-Bridge: 18914 PermLabel 10118 AMS.checkPermission: Binder.getCallingPid() = 909; uid = 10118; Binder.getCallingUid() = 1047; getNameForUid: null; getPackagesForUid: null; permName: android.permission.CAMERA; type = 1; res = -1; stacktrace=java.lang.Exception

06-22 15:38:09.589  1565  2962 I LSPosed-Bridge: 	at com.example.permlabel.requirePerm$1$2.afterHookedMethod(requirePerm.java:133)

06-22 15:38:09.589  1565  2962 I LSPosed-Bridge: 	at de.robv.android.xposed.XposedBridge$AdditionalHookInfo.callback(Unknown Source:147)

06-22 15:38:09.589  1565  2962 I LSPosed-Bridge: 	at LSPHooker_.checkPermission(Unknown Source:25)

06-22 15:38:09.589  1565  2962 I LSPosed-Bridge: 	at com.android.server.am.ActivityManagerService$PermissionController.checkPermission(ActivityManagerService.java:9248)

06-22 15:38:09.589  1565  2962 I LSPosed-Bridge: 	at android.os.IPermissionController$Stub.onTransact(IPermissionController.java:56)

06-22 15:38:09.589  1565  2962 I LSPosed-Bridge: 	at android.os.Binder.execTransact(Binder.java:731)

06-22 15:38:09.589   909   909 W ServiceManager: Permission failure: android.permission.CAMERA from uid=10118 pid=18914

06-22 15:38:09.589   909   909 E CameraService: Permission Denial: can't use the camera pid=18914, uid=10118

06-22 15:38:09.589 18914 19112 W CameraBase: An error occurred while connecting to camera 0: Status(-8): '1: validateClientPermissionsLocked:906: Caller "com.nb.filmhall" (PID 10118, UID 18914) cannot open camera "0" without camera permission'

06-22 15:38:09.691  1565  2962 I LSPosed-Bridge: 18914 PermLabel 10118 AMS.checkPermission: Binder.getCallingPid() = 909; uid = 10118; Binder.getCallingUid() = 1047; getNameForUid: null; getPackagesForUid: null; permName: android.permission.CAMERA; type = 1; res = -1; stacktrace=java.lang.Exception

06-22 15:38:09.691  1565  2962 I LSPosed-Bridge: 	at com.example.permlabel.requirePerm$1$2.afterHookedMethod(requirePerm.java:133)

06-22 15:38:09.691  1565  2962 I LSPosed-Bridge: 	at de.robv.android.xposed.XposedBridge$AdditionalHookInfo.callback(Unknown Source:147)

06-22 15:38:09.691  1565  2962 I LSPosed-Bridge: 	at LSPHooker_.checkPermission(Unknown Source:25)

06-22 15:38:09.691  1565  2962 I LSPosed-Bridge: 	at com.android.server.am.ActivityManagerService$PermissionController.checkPermission(ActivityManagerService.java:9248)

06-22 15:38:09.691  1565  2962 I LSPosed-Bridge: 	at android.os.IPermissionController$Stub.onTransact(IPermissionController.java:56)

06-22 15:38:09.691  1565  2962 I LSPosed-Bridge: 	at android.os.Binder.execTransact(Binder.java:731)

06-22 15:38:09.794  1565  2473 I LSPosed-Bridge: 18914 PermLabel 10118 AMS.checkPermission: Binder.getCallingPid() = 909; uid = 10118; Binder.getCallingUid() = 1047; getNameForUid: null; getPackagesForUid: null; permName: android.permission.CAMERA; type = 1; res = -1; stacktrace=java.lang.Exception

06-22 15:38:09.794  1565  2473 I LSPosed-Bridge: 	at com.example.permlabel.requirePerm$1$2.afterHookedMethod(requirePerm.java:133)

06-22 15:38:09.794  1565  2473 I LSPosed-Bridge: 	at de.robv.android.xposed.XposedBridge$AdditionalHookInfo.callback(Unknown Source:147)

06-22 15:38:09.794  1565  2473 I LSPosed-Bridge: 	at LSPHooker_.checkPermission(Unknown Source:25)

06-22 15:38:09.794  1565  2473 I LSPosed-Bridge: 	at com.android.server.am.ActivityManagerService$PermissionController.checkPermission(ActivityManagerService.java:9248)

06-22 15:38:09.794  1565  2473 I LSPosed-Bridge: 	at android.os.IPermissionController$Stub.onTransact(IPermissionController.java:56)

06-22 15:38:09.794  1565  2473 I LSPosed-Bridge: 	at android.os.Binder.execTransact(Binder.java:731)

06-22 15:38:09.794   909   909 W ServiceManager: Permission failure: android.permission.CAMERA from uid=10118 pid=18914

06-22 15:38:09.794   909   909 E CameraService: Permission Denial: can't use the camera pid=18914, uid=10118

06-22 15:38:09.794 18914 19112 W CameraBase: An error occurred while connecting to camera 0: Status(-8): '1: validateClientPermissionsLocked:906: Caller "com.nb.filmhall" (PID 10118, UID 18914) cannot open camera "0" without camera permission'

06-22 15:38:09.897   549   549 I ConfigStore: android::hardware::configstore::V1_0::ISurfaceFlingerConfigs::hasHDRDisplay retrieved: 0

06-22 15:38:09.897  1565  2473 I LSPosed-Bridge: 18914 PermLabel 10118 AMS.checkPermission: Binder.getCallingPid() = 909; uid = 10118; Binder.getCallingUid() = 1047; getNameForUid: null; getPackagesForUid: null; permName: android.permission.CAMERA; type = 1; res = -1; stacktrace=java.lang.Exception

06-22 15:38:09.897  1565  2473 I LSPosed-Bridge: 	at com.example.permlabel.requirePerm$1$2.afterHookedMethod(requirePerm.java:133)

06-22 15:38:09.897  1565  2473 I LSPosed-Bridge: 	at de.robv.android.xposed.XposedBridge$AdditionalHookInfo.callback(Unknown Source:147)

06-22 15:38:09.897  1565  2473 I LSPosed-Bridge: 	at LSPHooker_.checkPermission(Unknown Source:25)

06-22 15:38:09.897  1565  2473 I LSPosed-Bridge: 	at com.android.server.am.ActivityManagerService$PermissionController.checkPermission(ActivityManagerService.java:9248)

06-22 15:38:09.897  1565  2473 I LSPosed-Bridge: 	at android.os.IPermissionController$Stub.onTransact(IPermissionController.java:56)

06-22 15:38:09.897  1565  2473 I LSPosed-Bridge: 	at android.os.Binder.execTransact(Binder.java:731)

06-22 15:38:10.001  1565  2473 I LSPosed-Bridge: 18914 PermLabel 10118 AMS.checkPermission: Binder.getCallingPid() = 909; uid = 10118; Binder.getCallingUid() = 1047; getNameForUid: null; getPackagesForUid: null; permName: android.permission.CAMERA; type = 1; res = -1; stacktrace=java.lang.Exception

06-22 15:38:10.001  1565  2473 I LSPosed-Bridge: 	at com.example.permlabel.requirePerm$1$2.afterHookedMethod(requirePerm.java:133)

06-22 15:38:10.001  1565  2473 I LSPosed-Bridge: 	at de.robv.android.xposed.XposedBridge$AdditionalHookInfo.callback(Unknown Source:147)

06-22 15:38:10.001  1565  2473 I LSPosed-Bridge: 	at LSPHooker_.checkPermission(Unknown Source:25)

06-22 15:38:10.001  1565  2473 I LSPosed-Bridge: 	at com.android.server.am.ActivityManagerService$PermissionController.checkPermission(ActivityManagerService.java:9248)

06-22 15:38:10.001  1565  2473 I LSPosed-Bridge: 	at android.os.IPermissionController$Stub.onTransact(IPermissionController.java:56)

06-22 15:38:10.001  1565  2473 I LSPosed-Bridge: 	at android.os.Binder.execTransact(Binder.java:731)

06-22 15:38:10.001   909   909 W ServiceManager: Permission failure: android.permission.CAMERA from uid=10118 pid=18914

06-22 15:38:10.001   909   909 E CameraService: Permission Denial: can't use the camera pid=18914, uid=10118

06-22 15:38:10.106  1565  2473 I LSPosed-Bridge: 18914 PermLabel 10118 AMS.checkPermission: Binder.getCallingPid() = 909; uid = 10118; Binder.getCallingUid() = 1047; getNameForUid: null; getPackagesForUid: null; permName: android.permission.CAMERA; type = 1; res = -1; stacktrace=java.lang.Exception

06-22 15:38:10.106  1565  2473 I LSPosed-Bridge: 	at com.example.permlabel.requirePerm$1$2.afterHookedMethod(requirePerm.java:133)

06-22 15:38:10.106  1565  2473 I LSPosed-Bridge: 	at de.robv.android.xposed.XposedBridge$AdditionalHookInfo.callback(Unknown Source:147)

06-22 15:38:10.106  1565  2473 I LSPosed-Bridge: 	at LSPHooker_.checkPermission(Unknown Source:25)

06-22 15:38:10.106  1565  2473 I LSPosed-Bridge: 	at com.android.server.am.ActivityManagerService$PermissionController.checkPermission(ActivityManagerService.java:9248)

06-22 15:38:10.106  1565  2473 I LSPosed-Bridge: 	at android.os.IPermissionController$Stub.onTransact(IPermissionController.java:56)

06-22 15:38:10.106  1565  2473 I LSPosed-Bridge: 	at android.os.Binder.execTransact(Binder.java:731)

06-22 15:38:10.108 18914 19112 I LSPosed-Bridge: 18914 PermLabel 10118 android.permission.CAMERA open cameraId: 0; res= null; stacktrace=java.lang.Exception

06-22 15:38:10.108 18914 19112 I LSPosed-Bridge: 18914 PermLabel 10118 android.permission.CAMERA open cameraId: 0; res= null; stacktrace=java.lang.Exception

06-22 15:38:10.108 18914 19112 I LSPosed-Bridge: 	at com.example.permlabel.hookCamera$3.afterHookedMethod(hookCamera.java:49)

06-22 15:38:10.108 18914 19112 I LSPosed-Bridge: 	at com.example.permlabel.hookCamera$3.afterHookedMethod(hookCamera.java:49)

06-22 15:38:10.108 18914 19112 I LSPosed-Bridge: 	at de.robv.android.xposed.XposedBridge$AdditionalHookInfo.callback(Unknown Source:147)

06-22 15:38:10.108 18914 19112 I LSPosed-Bridge: 	at de.robv.android.xposed.XposedBridge$AdditionalHookInfo.callback(Unknown Source:147)

06-22 15:38:10.108 18914 19112 I LSPosed-Bridge: 	at LSPHooker_.open(Unknown Source:12)

06-22 15:38:10.108 18914 19112 I LSPosed-Bridge: 	at LSPHooker_.open(Unknown Source:12)

06-22 15:38:10.108 18914 19112 I LSPosed-Bridge: 	at org.chromium.media.VideoCaptureFactory.getDeviceSupportedFormats(chromium-Monochrome.aab-stable-573513121:13)

06-22 15:38:10.108 18914 19112 I LSPosed-Bridge: 	at org.chromium.media.VideoCaptureFactory.getDeviceSupportedFormats(chromium-Monochrome.aab-stable-573513121:13)

06-22 15:38:10.108 18914 19112 I chatty  : uid=10118(com.nb.filmhall) ThreadPoolSingl identical 1 line

06-22 15:38:10.108 18914 19112 I chatty  : uid=10118(com.nb.filmhall) ThreadPoolSingl identical 1 line

06-22 15:38:10.108 18914 19112 I LSPosed-Bridge: 18914 PermLabel 10118 android.permission.CAMERA open cameraId: 0; res= null; stacktrace=java.lang.Exception

06-22 15:38:10.108 18914 19112 I LSPosed-Bridge: 18914 PermLabel 10118 android.permission.CAMERA open cameraId: 0; res= null; stacktrace=java.lang.Exception

06-22 15:38:10.108 18914 19112 I LSPosed-Bridge: 	at com.example.permlabel.hookCamera$3.afterHookedMethod(hookCamera.java:49)

06-22 15:38:10.108 18914 19112 I LSPosed-Bridge: 	at com.example.permlabel.hookCamera$3.afterHookedMethod(hookCamera.java:49)

06-22 15:38:10.108 18914 19112 I LSPosed-Bridge: 	at de.robv.android.xposed.XposedBridge$AdditionalHookInfo.callback(Unknown Source:147)

06-22 15:38:10.108 18914 19112 I LSPosed-Bridge: 	at de.robv.android.xposed.XposedBridge$AdditionalHookInfo.callback(Unknown Source:147)

06-22 15:38:10.108 18914 19112 I LSPosed-Bridge: 	at LSPHooker_.open(Unknown Source:12)

06-22 15:38:10.108 18914 19112 I LSPosed-Bridge: 	at LSPHooker_.open(Unknown Source:12)

06-22 15:38:10.108 18914 19112 I LSPosed-Bridge: 	at org.chromium.media.VideoCaptureFactory.getDeviceSupportedFormats(chromium-Monochrome.aab-stable-573513121:13)

06-22 15:38:10.108 18914 19112 I LSPosed-Bridge: 	at org.chromium.media.VideoCaptureFactory.getDeviceSupportedFormats(chromium-Monochrome.aab-stable-573513121:13)

06-22 15:38:10.108 18914 19112 E cr_VideoCapture: Camera.open: 

06-22 15:38:10.108 18914 19112 E cr_VideoCapture: Camera.open: 

06-22 15:38:10.108 18914 19112 E cr_VideoCapture: java.lang.RuntimeException: Fail to connect to camera service

06-22 15:38:10.108 18914 19112 E cr_VideoCapture: java.lang.RuntimeException: Fail to connect to camera service

06-22 15:38:10.108 18914 19112 E cr_VideoCapture: 	at android.hardware.Camera.<init>(Camera.java:669)

06-22 15:38:10.108 18914 19112 E cr_VideoCapture: 	at android.hardware.Camera.<init>(Camera.java:669)

06-22 15:38:10.108 18914 19112 E cr_VideoCapture: 	at android.hardware.Camera.open(Camera.java:460)

06-22 15:38:10.108 18914 19112 E cr_VideoCapture: 	at android.hardware.Camera.open(Camera.java:460)

06-22 15:38:10.108 18914 19112 E cr_VideoCapture: 	at java.lang.reflect.Method.invoke(Native Method)

06-22 15:38:10.108 18914 19112 E cr_VideoCapture: 	at java.lang.reflect.Method.invoke(Native Method)

06-22 15:38:10.108 18914 19112 E cr_VideoCapture: 	at org.lsposed.lspd.nativebridge.HookBridge.invokeOriginalMethod(Native Method)

06-22 15:38:10.108 18914 19112 E cr_VideoCapture: 	at org.lsposed.lspd.nativebridge.HookBridge.invokeOriginalMethod(Native Method)

06-22 15:38:10.108 18914 19112 E cr_VideoCapture: 	at de.robv.android.xposed.XposedBridge$AdditionalHookInfo.callback(Unknown Source:110)

06-22 15:38:10.108 18914 19112 E cr_VideoCapture: 	at de.robv.android.xposed.XposedBridge$AdditionalHookInfo.callback(Unknown Source:110)

06-22 15:38:10.108 18914 19112 E cr_VideoCapture: 	at LSPHooker_.open(Unknown Source:12)

06-22 15:38:10.108 18914 19112 E cr_VideoCapture: 	at LSPHooker_.open(Unknown Source:12)

06-22 15:38:10.108 18914 19112 E cr_VideoCapture: 	at org.chromium.media.VideoCaptureFactory.getDeviceSupportedFormats(chromium-Monochrome.aab-stable-573513121:13)

06-22 15:38:10.108 18914 19112 E cr_VideoCapture: 	at org.chromium.media.VideoCaptureFactory.getDeviceSupportedFormats(chromium-Monochrome.aab-stable-573513121:13)
