06-22 15:38:06.490 18914 19112 I LSPosed-Bridge: 18914 PermLabel 10118 android.permission.CAMERA getCameraInfo args0: 1; args1: android.hardware.Camera$CameraInfo@77cf6a6; res= null; stacktrace=java.lang.Exception

06-22 15:38:06.490 18914 19112 I LSPosed-Bridge: 18914 PermLabel 10118 android.permission.CAMERA getCameraInfo args0: 1; args1: android.hardware.Camera$CameraInfo@77cf6a6; res= null; stacktrace=java.lang.Exception

06-22 15:38:06.490 18914 19112 I LSPosed-Bridge: 	at com.example.permlabel.hookCamera$1.afterHookedMethod(hookCamera.java:21)

06-22 15:38:06.490 18914 19112 I LSPosed-Bridge: 	at com.example.permlabel.hookCamera$1.afterHookedMethod(hookCamera.java:21)

06-22 15:38:06.490 18914 19112 I LSPosed-Bridge: 	at de.robv.android.xposed.XposedBridge$AdditionalHookInfo.callback(Unknown Source:147)

06-22 15:38:06.490 18914 19112 I LSPosed-Bridge: 	at de.robv.android.xposed.XposedBridge$AdditionalHookInfo.callback(Unknown Source:147)

06-22 15:38:06.490 18914 19112 I LSPosed-Bridge: 	at LSPHooker_.getCameraInfo(Unknown Source:15)

06-22 15:38:06.490 18914 19112 I LSPosed-Bridge: 	at LSPHooker_.getCameraInfo(Unknown Source:15)

06-22 15:38:06.490 18914 19112 I LSPosed-Bridge: 	at z74.e(chromium-Monochrome.aab-stable-573513121:6)

06-22 15:38:06.490 18914 19112 I LSPosed-Bridge: 	at z74.e(chromium-Monochrome.aab-stable-573513121:6)

06-22 15:38:06.490 18914 19112 I LSPosed-Bridge: 	at org.chromium.media.VideoCaptureFactory.getDeviceName(chromium-Monochrome.aab-stable-573513121:15)

06-22 15:38:06.490 18914 19112 I LSPosed-Bridge: 	at org.chromium.media.VideoCaptureFactory.getDeviceName(chromium-Monochrome.aab-stable-573513121:15)

06-22 15:38:06.490 18914 19112 I LSPosed-Bridge: 18914 PermLabel 10118 android.permission.CAMERA getCameraInfo args0: 1; args1: android.hardware.Camera$CameraInfo@77cf6a6; res= null; stacktrace=java.lang.Exception

06-22 15:38:06.490 18914 19112 I LSPosed-Bridge: 18914 PermLabel 10118 android.permission.CAMERA getCameraInfo args0: 1; args1: android.hardware.Camera$CameraInfo@77cf6a6; res= null; stacktrace=java.lang.Exception

06-22 15:38:06.490 18914 19112 I LSPosed-Bridge: 	at com.example.permlabel.hookCamera$1.afterHookedMethod(hookCamera.java:21)

06-22 15:38:06.490 18914 19112 I LSPosed-Bridge: 	at com.example.permlabel.hookCamera$1.afterHookedMethod(hookCamera.java:21)

06-22 15:38:06.490 18914 19112 I LSPosed-Bridge: 	at de.robv.android.xposed.XposedBridge$AdditionalHookInfo.callback(Unknown Source:147)

06-22 15:38:06.490 18914 19112 I LSPosed-Bridge: 	at de.robv.android.xposed.XposedBridge$AdditionalHookInfo.callback(Unknown Source:147)

06-22 15:38:06.490 18914 19112 I LSPosed-Bridge: 	at LSPHooker_.getCameraInfo(Unknown Source:15)

06-22 15:38:06.490 18914 19112 I LSPosed-Bridge: 	at LSPHooker_.getCameraInfo(Unknown Source:15)

06-22 15:38:06.490 18914 19112 I LSPosed-Bridge: 	at z74.e(chromium-Monochrome.aab-stable-573513121:6)

06-22 15:38:06.490 18914 19112 I LSPosed-Bridge: 	at z74.e(chromium-Monochrome.aab-stable-573513121:6)

06-22 15:38:06.490 18914 19112 I LSPosed-Bridge: 	at org.chromium.media.VideoCaptureFactory.getDeviceName(chromium-Monochrome.aab-stable-573513121:15)

06-22 15:38:06.490 18914 19112 I LSPosed-Bridge: 	at org.chromium.media.VideoCaptureFactory.getDeviceName(chromium-Monochrome.aab-stable-573513121:15)

06-22 15:38:06.490   549   549 I ConfigStore: android::hardware::configstore::V1_0::ISurfaceFlingerConfigs::hasHDRDisplay retrieved: 0

06-22 15:38:06.490   549   549 I ConfigStore: android::hardware::configstore::V1_0::ISurfaceFlingerConfigs::hasHDRDisplay retrieved: 0

06-22 15:38:06.492 18914 19112 I LSPosed-Bridge: 18914 PermLabel 10118 android.permission.CAMERA getCameraInfo args0: 1; args1: android.hardware.Camera$CameraInfo@77cf6a6; res= null; stacktrace=java.lang.Exception

06-22 15:38:06.492 18914 19112 I LSPosed-Bridge: 	at com.example.permlabel.hookCamera$1.afterHookedMethod(hookCamera.java:21)

06-22 15:38:06.492 18914 19112 I LSPosed-Bridge: 	at de.robv.android.xposed.XposedBridge$AdditionalHookInfo.callback(Unknown Source:147)

06-22 15:38:06.492 18914 19112 I LSPosed-Bridge: 	at LSPHooker_.getCameraInfo(Unknown Source:15)

06-22 15:38:06.492 18914 19112 I LSPosed-Bridge: 	at z74.e(chromium-Monochrome.aab-stable-573513121:6)

06-22 15:38:06.492 18914 19112 I LSPosed-Bridge: 	at org.chromium.media.VideoCaptureFactory.getDeviceName(chromium-Monochrome.aab-stable-573513121:15)

06-22 15:38:06.519 18914 19112 I LSPosed-Bridge: 18914 PermLabel 10118 android.permission.CAMERA getCameraInfo args0: 1; args1: android.hardware.Camera$CameraInfo@ff1d732; res= null; stacktrace=java.lang.Exception

06-22 15:38:06.519 18914 19112 I LSPosed-Bridge: 	at com.example.permlabel.hookCamera$1.afterHookedMethod(hookCamera.java:21)

06-22 15:38:06.519 18914 19112 I LSPosed-Bridge: 	at de.robv.android.xposed.XposedBridge$AdditionalHookInfo.callback(Unknown Source:147)

06-22 15:38:06.519 18914 19112 I LSPosed-Bridge: 	at LSPHooker_.getCameraInfo(Unknown Source:15)

06-22 15:38:06.519 18914 19112 I LSPosed-Bridge: 	at z74.e(chromium-Monochrome.aab-stable-573513121:6)

06-22 15:38:06.519 18914 19112 I LSPosed-Bridge: 	at org.chromium.media.VideoCaptureFactory.getCaptureApiType(chromium-Monochrome.aab-stable-573513121:8)

06-22 15:38:06.521 18914 19112 I LSPosed-Bridge: 18914 PermLabel 10118 android.permission.CAMERA getCameraInfo args0: 1; args1: android.hardware.Camera$CameraInfo@ff1d732; res= null; stacktrace=java.lang.Exception

06-22 15:38:06.521 18914 19112 I LSPosed-Bridge: 	at com.example.permlabel.hookCamera$1.afterHookedMethod(hookCamera.java:21)

06-22 15:38:06.521 18914 19112 I LSPosed-Bridge: 	at de.robv.android.xposed.XposedBridge$AdditionalHookInfo.callback(Unknown Source:147)

06-22 15:38:06.521 18914 19112 I LSPosed-Bridge: 	at LSPHooker_.getCameraInfo(Unknown Source:15)

06-22 15:38:06.521 18914 19112 I LSPosed-Bridge: 	at z74.e(chromium-Monochrome.aab-stable-573513121:6)

06-22 15:38:06.521 18914 19112 I LSPosed-Bridge: 	at org.chromium.media.VideoCaptureFactory.getCaptureApiType(chromium-Monochrome.aab-stable-573513121:8)

06-22 15:38:06.521   549   549 I ConfigStore: android::hardware::configstore::V1_0::ISurfaceFlingerConfigs::hasHDRDisplay retrieved: 0

06-22 15:38:06.536 18914 19112 I LSPosed-Bridge: 18914 PermLabel 10118 android.permission.CAMERA getCameraInfo args0: 1; args1: android.hardware.Camera$CameraInfo@662347e; res= null; stacktrace=java.lang.Exception

06-22 15:38:06.536 18914 19112 I LSPosed-Bridge: 	at com.example.permlabel.hookCamera$1.afterHookedMethod(hookCamera.java:21)

06-22 15:38:06.536 18914 19112 I LSPosed-Bridge: 	at de.robv.android.xposed.XposedBridge$AdditionalHookInfo.callback(Unknown Source:147)

06-22 15:38:06.536 18914 19112 I LSPosed-Bridge: 	at LSPHooker_.getCameraInfo(Unknown Source:15)

06-22 15:38:06.536 18914 19112 I LSPosed-Bridge: 	at z74.e(chromium-Monochrome.aab-stable-573513121:6)

06-22 15:38:06.536 18914 19112 I LSPosed-Bridge: 	at org.chromium.media.VideoCaptureFactory.getFacingMode(chromium-Monochrome.aab-stable-573513121:10)

06-22 15:38:06.536 18914 19112 I chatty  : uid=10118(com.nb.filmhall) ThreadPoolSingl identical 1 line

06-22 15:38:06.537 18914 19112 I LSPosed-Bridge: 18914 PermLabel 10118 android.permission.CAMERA getCameraInfo args0: 1; args1: android.hardware.Camera$CameraInfo@662347e; res= null; stacktrace=java.lang.Exception

06-22 15:38:06.537 18914 19112 I LSPosed-Bridge: 	at com.example.permlabel.hookCamera$1.afterHookedMethod(hookCamera.java:21)

06-22 15:38:06.537 18914 19112 I LSPosed-Bridge: 	at de.robv.android.xposed.XposedBridge$AdditionalHookInfo.callback(Unknown Source:147)

06-22 15:38:06.537 18914 19112 I LSPosed-Bridge: 	at LSPHooker_.getCameraInfo(Unknown Source:15)

06-22 15:38:06.537 18914 19112 I LSPosed-Bridge: 	at z74.e(chromium-Monochrome.aab-stable-573513121:6)

06-22 15:38:06.537 18914 19112 I LSPosed-Bridge: 	at org.chromium.media.VideoCaptureFactory.getFacingMode(chromium-Monochrome.aab-stable-573513121:10)

06-22 15:38:06.549  1565  2962 I LSPosed-Bridge: 18914 PermLabel 10118 AMS.checkPermission: Binder.getCallingPid() = 909; uid = 10118; Binder.getCallingUid() = 1047; getNameForUid: null; getPackagesForUid: null; permName: android.permission.CAMERA; type = 1; res = -1; stacktrace=java.lang.Exception

06-22 15:38:06.549  1565  2962 I LSPosed-Bridge: 	at com.example.permlabel.requirePerm$1$2.afterHookedMethod(requirePerm.java:133)

06-22 15:38:06.549  1565  2962 I LSPosed-Bridge: 	at de.robv.android.xposed.XposedBridge$AdditionalHookInfo.callback(Unknown Source:147)

06-22 15:38:06.549  1565  2962 I LSPosed-Bridge: 	at LSPHooker_.checkPermission(Unknown Source:25)

06-22 15:38:06.549  1565  2962 I LSPosed-Bridge: 	at com.android.server.am.ActivityManagerService$PermissionController.checkPermission(ActivityManagerService.java:9248)

06-22 15:38:06.549  1565  2962 I LSPosed-Bridge: 	at android.os.IPermissionController$Stub.onTransact(IPermissionController.java:56)

06-22 15:38:06.549  1565  2962 I LSPosed-Bridge: 	at android.os.Binder.execTransact(Binder.java:731)

06-22 15:38:06.549   909   909 W ServiceManager: Permission failure: android.permission.CAMERA from uid=10118 pid=18914

06-22 15:38:06.549   909   909 E CameraService: Permission Denial: can't use the camera pid=18914, uid=10118

06-22 15:38:06.549 18914 19112 W CameraBase: An error occurred while connecting to camera 1: Status(-8): '1: validateClientPermissionsLocked:906: Caller "com.nb.filmhall" (PID 10118, UID 18914) cannot open camera "1" without camera permission'

06-22 15:38:06.651  1565  2962 I LSPosed-Bridge: 18914 PermLabel 10118 AMS.checkPermission: Binder.getCallingPid() = 909; uid = 10118; Binder.getCallingUid() = 1047; getNameForUid: null; getPackagesForUid: null; permName: android.permission.CAMERA; type = 1; res = -1; stacktrace=java.lang.Exception

06-22 15:38:06.651  1565  2962 I LSPosed-Bridge: 	at com.example.permlabel.requirePerm$1$2.afterHookedMethod(requirePerm.java:133)

06-22 15:38:06.651  1565  2962 I LSPosed-Bridge: 	at de.robv.android.xposed.XposedBridge$AdditionalHookInfo.callback(Unknown Source:147)

06-22 15:38:06.651  1565  2962 I LSPosed-Bridge: 	at LSPHooker_.checkPermission(Unknown Source:25)

06-22 15:38:06.651  1565  2962 I LSPosed-Bridge: 	at com.android.server.am.ActivityManagerService$PermissionController.checkPermission(ActivityManagerService.java:9248)

06-22 15:38:06.651  1565  2962 I LSPosed-Bridge: 	at android.os.IPermissionController$Stub.onTransact(IPermissionController.java:56)

06-22 15:38:06.651  1565  2962 I LSPosed-Bridge: 	at android.os.Binder.execTransact(Binder.java:731)

06-22 15:38:06.754  1565  2962 I LSPosed-Bridge: 18914 PermLabel 10118 AMS.checkPermission: Binder.getCallingPid() = 909; uid = 10118; Binder.getCallingUid() = 1047; getNameForUid: null; getPackagesForUid: null; permName: android.permission.CAMERA; type = 1; res = -1; stacktrace=java.lang.Exception

06-22 15:38:06.754  1565  2962 I LSPosed-Bridge: 	at com.example.permlabel.requirePerm$1$2.afterHookedMethod(requirePerm.java:133)

06-22 15:38:06.754  1565  2962 I LSPosed-Bridge: 	at de.robv.android.xposed.XposedBridge$AdditionalHookInfo.callback(Unknown Source:147)

06-22 15:38:06.754  1565  2962 I LSPosed-Bridge: 	at LSPHooker_.checkPermission(Unknown Source:25)

06-22 15:38:06.754  1565  2962 I LSPosed-Bridge: 	at com.android.server.am.ActivityManagerService$PermissionController.checkPermission(ActivityManagerService.java:9248)

06-22 15:38:06.754  1565  2962 I LSPosed-Bridge: 	at android.os.IPermissionController$Stub.onTransact(IPermissionController.java:56)

06-22 15:38:06.754  1565  2962 I LSPosed-Bridge: 	at android.os.Binder.execTransact(Binder.java:731)

06-22 15:38:06.754   909   909 W ServiceManager: Permission failure: android.permission.CAMERA from uid=10118 pid=18914

06-22 15:38:06.754   909   909 E CameraService: Permission Denial: can't use the camera pid=18914, uid=10118

06-22 15:38:06.857  1565  2962 I LSPosed-Bridge: 18914 PermLabel 10118 AMS.checkPermission: Binder.getCallingPid() = 909; uid = 10118; Binder.getCallingUid() = 1047; getNameForUid: null; getPackagesForUid: null; permName: android.permission.CAMERA; type = 1; res = -1; stacktrace=java.lang.Exception

06-22 15:38:06.857  1565  2962 I LSPosed-Bridge: 	at com.example.permlabel.requirePerm$1$2.afterHookedMethod(requirePerm.java:133)

06-22 15:38:06.857  1565  2962 I LSPosed-Bridge: 	at de.robv.android.xposed.XposedBridge$AdditionalHookInfo.callback(Unknown Source:147)

06-22 15:38:06.857  1565  2962 I LSPosed-Bridge: 	at LSPHooker_.checkPermission(Unknown Source:25)

06-22 15:38:06.857  1565  2962 I LSPosed-Bridge: 	at com.android.server.am.ActivityManagerService$PermissionController.checkPermission(ActivityManagerService.java:9248)

06-22 15:38:06.857  1565  2962 I LSPosed-Bridge: 	at android.os.IPermissionController$Stub.onTransact(IPermissionController.java:56)

06-22 15:38:06.857  1565  2962 I LSPosed-Bridge: 	at android.os.Binder.execTransact(Binder.java:731)

06-22 15:38:06.857   909   909 W ServiceManager: Permission failure: android.permission.CAMERA from uid=10118 pid=18914

06-22 15:38:06.857   909   909 E CameraService: Permission Denial: can't use the camera pid=18914, uid=10118

06-22 15:38:06.960  1565  7803 I LSPosed-Bridge: 18914 PermLabel 10118 AMS.checkPermission: Binder.getCallingPid() = 909; uid = 10118; Binder.getCallingUid() = 1047; getNameForUid: null; getPackagesForUid: null; permName: android.permission.CAMERA; type = 1; res = -1; stacktrace=java.lang.Exception

06-22 15:38:06.960  1565  7803 I LSPosed-Bridge: 	at com.example.permlabel.requirePerm$1$2.afterHookedMethod(requirePerm.java:133)

06-22 15:38:06.960  1565  7803 I LSPosed-Bridge: 	at de.robv.android.xposed.XposedBridge$AdditionalHookInfo.callback(Unknown Source:147)

06-22 15:38:06.960  1565  7803 I LSPosed-Bridge: 	at LSPHooker_.checkPermission(Unknown Source:25)

06-22 15:38:06.960  1565  7803 I LSPosed-Bridge: 	at com.android.server.am.ActivityManagerService$PermissionController.checkPermission(ActivityManagerService.java:9248)

06-22 15:38:06.960  1565  7803 I LSPosed-Bridge: 	at android.os.IPermissionController$Stub.onTransact(IPermissionController.java:56)

06-22 15:38:06.960  1565  7803 I LSPosed-Bridge: 	at android.os.Binder.execTransact(Binder.java:731)

06-22 15:38:07.064  1565  7803 I LSPosed-Bridge: 18914 PermLabel 10118 AMS.checkPermission: Binder.getCallingPid() = 909; uid = 10118; Binder.getCallingUid() = 1047; getNameForUid: null; getPackagesForUid: null; permName: android.permission.CAMERA; type = 1; res = -1; stacktrace=java.lang.Exception

06-22 15:38:07.064  1565  7803 I LSPosed-Bridge: 	at com.example.permlabel.requirePerm$1$2.afterHookedMethod(requirePerm.java:133)

06-22 15:38:07.064  1565  7803 I LSPosed-Bridge: 	at de.robv.android.xposed.XposedBridge$AdditionalHookInfo.callback(Unknown Source:147)

06-22 15:38:07.064  1565  7803 I LSPosed-Bridge: 	at LSPHooker_.checkPermission(Unknown Source:25)

06-22 15:38:07.064  1565  7803 I LSPosed-Bridge: 	at com.android.server.am.ActivityManagerService$PermissionController.checkPermission(ActivityManagerService.java:9248)

06-22 15:38:07.064  1565  7803 I LSPosed-Bridge: 	at android.os.IPermissionController$Stub.onTransact(IPermissionController.java:56)

06-22 15:38:07.064  1565  7803 I LSPosed-Bridge: 	at android.os.Binder.execTransact(Binder.java:731)

06-22 15:38:07.064   909   909 W ServiceManager: Permission failure: android.permission.CAMERA from uid=10118 pid=18914

06-22 15:38:07.064   909   909 E CameraService: Permission Denial: can't use the camera pid=18914, uid=10118

06-22 15:38:07.168  1565  7803 I LSPosed-Bridge: 18914 PermLabel 10118 AMS.checkPermission: Binder.getCallingPid() = 909; uid = 10118; Binder.getCallingUid() = 1047; getNameForUid: null; getPackagesForUid: null; permName: android.permission.CAMERA; type = 1; res = -1; stacktrace=java.lang.Exception

06-22 15:38:07.168  1565  7803 I LSPosed-Bridge: 	at com.example.permlabel.requirePerm$1$2.afterHookedMethod(requirePerm.java:133)

06-22 15:38:07.168  1565  7803 I LSPosed-Bridge: 	at de.robv.android.xposed.XposedBridge$AdditionalHookInfo.callback(Unknown Source:147)

06-22 15:38:07.168  1565  7803 I LSPosed-Bridge: 	at LSPHooker_.checkPermission(Unknown Source:25)

06-22 15:38:07.168  1565  7803 I LSPosed-Bridge: 	at com.android.server.am.ActivityManagerService$PermissionController.checkPermission(ActivityManagerService.java:9248)

06-22 15:38:07.168  1565  7803 I LSPosed-Bridge: 	at android.os.IPermissionController$Stub.onTransact(IPermissionController.java:56)

06-22 15:38:07.168  1565  7803 I LSPosed-Bridge: 	at android.os.Binder.execTransact(Binder.java:731)

06-22 15:38:07.168   909   909 W ServiceManager: Permission failure: android.permission.CAMERA from uid=10118 pid=18914

06-22 15:38:07.168   909   909 E CameraService: Permission Denial: can't use the camera pid=18914, uid=10118

06-22 15:38:07.272  1565  7803 I LSPosed-Bridge: 18914 PermLabel 10118 AMS.checkPermission: Binder.getCallingPid() = 909; uid = 10118; Binder.getCallingUid() = 1047; getNameForUid: null; getPackagesForUid: null; permName: android.permission.CAMERA; type = 1; res = -1; stacktrace=java.lang.Exception

06-22 15:38:07.272  1565  7803 I LSPosed-Bridge: 	at com.example.permlabel.requirePerm$1$2.afterHookedMethod(requirePerm.java:133)

06-22 15:38:07.272  1565  7803 I LSPosed-Bridge: 	at de.robv.android.xposed.XposedBridge$AdditionalHookInfo.callback(Unknown Source:147)

06-22 15:38:07.272  1565  7803 I LSPosed-Bridge: 	at LSPHooker_.checkPermission(Unknown Source:25)

06-22 15:38:07.272  1565  7803 I LSPosed-Bridge: 	at com.android.server.am.ActivityManagerService$PermissionController.checkPermission(ActivityManagerService.java:9248)

06-22 15:38:07.272  1565  7803 I LSPosed-Bridge: 	at android.os.IPermissionController$Stub.onTransact(IPermissionController.java:56)

06-22 15:38:07.272  1565  7803 I LSPosed-Bridge: 	at android.os.Binder.execTransact(Binder.java:731)

06-22 15:38:07.272   909   909 W ServiceManager: Permission failure: android.permission.CAMERA from uid=10118 pid=18914

06-22 15:38:07.272   909   909 E CameraService: Permission Denial: can't use the camera pid=18914, uid=10118

06-22 15:38:07.272 18914 19112 W CameraBase: An error occurred while connecting to camera 1: Status(-8): '1: validateClientPermissionsLocked:906: Caller "com.nb.filmhall" (PID 10118, UID 18914) cannot open camera "1" without camera permission'

06-22 15:38:07.377  1565  7803 I LSPosed-Bridge: 18914 PermLabel 10118 AMS.checkPermission: Binder.getCallingPid() = 909; uid = 10118; Binder.getCallingUid() = 1047; getNameForUid: null; getPackagesForUid: null; permName: android.permission.CAMERA; type = 1; res = -1; stacktrace=java.lang.Exception

06-22 15:38:07.377  1565  7803 I LSPosed-Bridge: 	at com.example.permlabel.requirePerm$1$2.afterHookedMethod(requirePerm.java:133)

06-22 15:38:07.377  1565  7803 I LSPosed-Bridge: 	at de.robv.android.xposed.XposedBridge$AdditionalHookInfo.callback(Unknown Source:147)

06-22 15:38:07.377  1565  7803 I LSPosed-Bridge: 	at LSPHooker_.checkPermission(Unknown Source:25)

06-22 15:38:07.377  1565  7803 I LSPosed-Bridge: 	at com.android.server.am.ActivityManagerService$PermissionController.checkPermission(ActivityManagerService.java:9248)

06-22 15:38:07.377  1565  7803 I LSPosed-Bridge: 	at android.os.IPermissionController$Stub.onTransact(IPermissionController.java:56)

06-22 15:38:07.377  1565  7803 I LSPosed-Bridge: 	at android.os.Binder.execTransact(Binder.java:731)

06-22 15:38:07.377   909   909 W ServiceManager: Permission failure: android.permission.CAMERA from uid=10118 pid=18914

06-22 15:38:07.377   909   909 E CameraService: Permission Denial: can't use the camera pid=18914, uid=10118

06-22 15:38:07.379 18914 19112 I LSPosed-Bridge: 18914 PermLabel 10118 android.permission.CAMERA open cameraId: 1; res= null; stacktrace=java.lang.Exception

06-22 15:38:07.379 18914 19112 I LSPosed-Bridge: 	at com.example.permlabel.hookCamera$3.afterHookedMethod(hookCamera.java:49)

06-22 15:38:07.379 18914 19112 I LSPosed-Bridge: 	at de.robv.android.xposed.XposedBridge$AdditionalHookInfo.callback(Unknown Source:147)

06-22 15:38:07.379 18914 19112 I LSPosed-Bridge: 	at LSPHooker_.open(Unknown Source:12)

06-22 15:38:07.379 18914 19112 I LSPosed-Bridge: 	at org.chromium.media.VideoCaptureFactory.isZoomSupported(chromium-Monochrome.aab-stable-573513121:10)

06-22 15:38:07.381 18914 19112 I LSPosed-Bridge: 18914 PermLabel 10118 android.permission.CAMERA open cameraId: 1; res= null; stacktrace=java.lang.Exception

06-22 15:38:07.381 18914 19112 I LSPosed-Bridge: 	at com.example.permlabel.hookCamera$3.afterHookedMethod(hookCamera.java:49)

06-22 15:38:07.381 18914 19112 I LSPosed-Bridge: 	at de.robv.android.xposed.XposedBridge$AdditionalHookInfo.callback(Unknown Source:147)

06-22 15:38:07.381 18914 19112 I LSPosed-Bridge: 	at LSPHooker_.open(Unknown Source:12)

06-22 15:38:07.381 18914 19112 I LSPosed-Bridge: 	at org.chromium.media.VideoCaptureFactory.isZoomSupported(chromium-Monochrome.aab-stable-573513121:10)

06-22 15:38:07.408  1565  7803 I LSPosed-Bridge: 18914 PermLabel 10118 AMS.checkPermission: Binder.getCallingPid() = 909; uid = 10118; Binder.getCallingUid() = 1047; getNameForUid: null; getPackagesForUid: null; permName: android.permission.CAMERA; type = 1; res = -1; stacktrace=java.lang.Exception

06-22 15:38:07.408  1565  7803 I LSPosed-Bridge: 	at com.example.permlabel.requirePerm$1$2.afterHookedMethod(requirePerm.java:133)

06-22 15:38:07.408  1565  7803 I LSPosed-Bridge: 	at de.robv.android.xposed.XposedBridge$AdditionalHookInfo.callback(Unknown Source:147)

06-22 15:38:07.408  1565  7803 I LSPosed-Bridge: 	at LSPHooker_.checkPermission(Unknown Source:25)

06-22 15:38:07.408  1565  7803 I LSPosed-Bridge: 	at com.android.server.am.ActivityManagerService$PermissionController.checkPermission(ActivityManagerService.java:9248)

06-22 15:38:07.408  1565  7803 I LSPosed-Bridge: 	at android.os.IPermissionController$Stub.onTransact(IPermissionController.java:56)

06-22 15:38:07.408  1565  7803 I LSPosed-Bridge: 	at android.os.Binder.execTransact(Binder.java:731)

06-22 15:38:07.511  1565  7803 I LSPosed-Bridge: 18914 PermLabel 10118 AMS.checkPermission: Binder.getCallingPid() = 909; uid = 10118; Binder.getCallingUid() = 1047; getNameForUid: null; getPackagesForUid: null; permName: android.permission.CAMERA; type = 1; res = -1; stacktrace=java.lang.Exception

06-22 15:38:07.511  1565  7803 I LSPosed-Bridge: 	at com.example.permlabel.requirePerm$1$2.afterHookedMethod(requirePerm.java:133)

06-22 15:38:07.511  1565  7803 I LSPosed-Bridge: 	at de.robv.android.xposed.XposedBridge$AdditionalHookInfo.callback(Unknown Source:147)

06-22 15:38:07.511  1565  7803 I LSPosed-Bridge: 	at LSPHooker_.checkPermission(Unknown Source:25)

06-22 15:38:07.511  1565  7803 I LSPosed-Bridge: 	at com.android.server.am.ActivityManagerService$PermissionController.checkPermission(ActivityManagerService.java:9248)

06-22 15:38:07.511  1565  7803 I LSPosed-Bridge: 	at android.os.IPermissionController$Stub.onTransact(IPermissionController.java:56)

06-22 15:38:07.511  1565  7803 I LSPosed-Bridge: 	at android.os.Binder.execTransact(Binder.java:731)

06-22 15:38:07.616  1565  7803 I LSPosed-Bridge: 18914 PermLabel 10118 AMS.checkPermission: Binder.getCallingPid() = 909; uid = 10118; Binder.getCallingUid() = 1047; getNameForUid: null; getPackagesForUid: null; permName: android.permission.CAMERA; type = 1; res = -1; stacktrace=java.lang.Exception

06-22 15:38:07.616  1565  7803 I LSPosed-Bridge: 	at com.example.permlabel.requirePerm$1$2.afterHookedMethod(requirePerm.java:133)

06-22 15:38:07.616  1565  7803 I LSPosed-Bridge: 	at de.robv.android.xposed.XposedBridge$AdditionalHookInfo.callback(Unknown Source:147)

06-22 15:38:07.616  1565  7803 I LSPosed-Bridge: 	at LSPHooker_.checkPermission(Unknown Source:25)

06-22 15:38:07.616  1565  7803 I LSPosed-Bridge: 	at com.android.server.am.ActivityManagerService$PermissionController.checkPermission(ActivityManagerService.java:9248)

06-22 15:38:07.616  1565  7803 I LSPosed-Bridge: 	at android.os.IPermissionController$Stub.onTransact(IPermissionController.java:56)

06-22 15:38:07.616  1565  7803 I LSPosed-Bridge: 	at android.os.Binder.execTransact(Binder.java:731)

06-22 15:38:07.721  1565  7803 I LSPosed-Bridge: 18914 PermLabel 10118 AMS.checkPermission: Binder.getCallingPid() = 909; uid = 10118; Binder.getCallingUid() = 1047; getNameForUid: null; getPackagesForUid: null; permName: android.permission.CAMERA; type = 1; res = -1; stacktrace=java.lang.Exception

06-22 15:38:07.721  1565  7803 I LSPosed-Bridge: 	at com.example.permlabel.requirePerm$1$2.afterHookedMethod(requirePerm.java:133)

06-22 15:38:07.721  1565  7803 I LSPosed-Bridge: 	at de.robv.android.xposed.XposedBridge$AdditionalHookInfo.callback(Unknown Source:147)

06-22 15:38:07.721  1565  7803 I LSPosed-Bridge: 	at LSPHooker_.checkPermission(Unknown Source:25)

06-22 15:38:07.721  1565  7803 I LSPosed-Bridge: 	at com.android.server.am.ActivityManagerService$PermissionController.checkPermission(ActivityManagerService.java:9248)

06-22 15:38:07.721  1565  7803 I LSPosed-Bridge: 	at android.os.IPermissionController$Stub.onTransact(IPermissionController.java:56)

06-22 15:38:07.721  1565  7803 I LSPosed-Bridge: 	at android.os.Binder.execTransact(Binder.java:731)

06-22 15:38:07.721   909   909 W ServiceManager: Permission failure: android.permission.CAMERA from uid=10118 pid=18914

06-22 15:38:07.721   909   909 E CameraService: Permission Denial: can't use the camera pid=18914, uid=10118

06-22 15:38:07.825  1565  7803 I LSPosed-Bridge: 18914 PermLabel 10118 AMS.checkPermission: Binder.getCallingPid() = 909; uid = 10118; Binder.getCallingUid() = 1047; getNameForUid: null; getPackagesForUid: null; permName: android.permission.CAMERA; type = 1; res = -1; stacktrace=java.lang.Exception

06-22 15:38:07.825  1565  7803 I LSPosed-Bridge: 	at com.example.permlabel.requirePerm$1$2.afterHookedMethod(requirePerm.java:133)

06-22 15:38:07.825  1565  7803 I LSPosed-Bridge: 	at de.robv.android.xposed.XposedBridge$AdditionalHookInfo.callback(Unknown Source:147)

06-22 15:38:07.825  1565  7803 I LSPosed-Bridge: 	at LSPHooker_.checkPermission(Unknown Source:25)

06-22 15:38:07.825  1565  7803 I LSPosed-Bridge: 	at com.android.server.am.ActivityManagerService$PermissionController.checkPermission(ActivityManagerService.java:9248)

06-22 15:38:07.825  1565  7803 I LSPosed-Bridge: 	at android.os.IPermissionController$Stub.onTransact(IPermissionController.java:56)

06-22 15:38:07.825  1565  7803 I LSPosed-Bridge: 	at android.os.Binder.execTransact(Binder.java:731)

06-22 15:38:07.825   909   909 W ServiceManager: Permission failure: android.permission.CAMERA from uid=10118 pid=18914

06-22 15:38:07.825   909   909 E CameraService: Permission Denial: can't use the camera pid=18914, uid=10118

06-22 15:38:07.825 18914 19112 W CameraBase: An error occurred while connecting to camera 1: Status(-8): '1: validateClientPermissionsLocked:906: Caller "com.nb.filmhall" (PID 10118, UID 18914) cannot open camera "1" without camera permission'

06-22 15:38:07.928  1565  7803 I LSPosed-Bridge: 18914 PermLabel 10118 AMS.checkPermission: Binder.getCallingPid() = 909; uid = 10118; Binder.getCallingUid() = 1047; getNameForUid: null; getPackagesForUid: null; permName: android.permission.CAMERA; type = 1; res = -1; stacktrace=java.lang.Exception

06-22 15:38:07.928  1565  7803 I LSPosed-Bridge: 	at com.example.permlabel.requirePerm$1$2.afterHookedMethod(requirePerm.java:133)

06-22 15:38:07.928  1565  7803 I LSPosed-Bridge: 	at de.robv.android.xposed.XposedBridge$AdditionalHookInfo.callback(Unknown Source:147)

06-22 15:38:07.928  1565  7803 I LSPosed-Bridge: 	at LSPHooker_.checkPermission(Unknown Source:25)

06-22 15:38:07.928  1565  7803 I LSPosed-Bridge: 	at com.android.server.am.ActivityManagerService$PermissionController.checkPermission(ActivityManagerService.java:9248)

06-22 15:38:07.928  1565  7803 I LSPosed-Bridge: 	at android.os.IPermissionController$Stub.onTransact(IPermissionController.java:56)

06-22 15:38:07.928  1565  7803 I LSPosed-Bridge: 	at android.os.Binder.execTransact(Binder.java:731)

06-22 15:38:07.928   909   909 W ServiceManager: Permission failure: android.permission.CAMERA from uid=10118 pid=18914

06-22 15:38:07.928   909   909 E CameraService: Permission Denial: can't use the camera pid=18914, uid=10118

06-22 15:38:08.031  1565  7803 I LSPosed-Bridge: 18914 PermLabel 10118 AMS.checkPermission: Binder.getCallingPid() = 909; uid = 10118; Binder.getCallingUid() = 1047; getNameForUid: null; getPackagesForUid: null; permName: android.permission.CAMERA; type = 1; res = -1; stacktrace=java.lang.Exception

06-22 15:38:08.031  1565  7803 I LSPosed-Bridge: 	at com.example.permlabel.requirePerm$1$2.afterHookedMethod(requirePerm.java:133)

06-22 15:38:08.031  1565  7803 I LSPosed-Bridge: 	at de.robv.android.xposed.XposedBridge$AdditionalHookInfo.callback(Unknown Source:147)

06-22 15:38:08.031  1565  7803 I LSPosed-Bridge: 	at LSPHooker_.checkPermission(Unknown Source:25)

06-22 15:38:08.031  1565  7803 I LSPosed-Bridge: 	at com.android.server.am.ActivityManagerService$PermissionController.checkPermission(ActivityManagerService.java:9248)

06-22 15:38:08.031  1565  7803 I LSPosed-Bridge: 	at android.os.IPermissionController$Stub.onTransact(IPermissionController.java:56)

06-22 15:38:08.031  1565  7803 I LSPosed-Bridge: 	at android.os.Binder.execTransact(Binder.java:731)

06-22 15:38:08.134  1565  7803 I LSPosed-Bridge: 18914 PermLabel 10118 AMS.checkPermission: Binder.getCallingPid() = 909; uid = 10118; Binder.getCallingUid() = 1047; getNameForUid: null; getPackagesForUid: null; permName: android.permission.CAMERA; type = 1; res = -1; stacktrace=java.lang.Exception

06-22 15:38:08.134  1565  7803 I LSPosed-Bridge: 	at com.example.permlabel.requirePerm$1$2.afterHookedMethod(requirePerm.java:133)

06-22 15:38:08.134  1565  7803 I LSPosed-Bridge: 	at de.robv.android.xposed.XposedBridge$AdditionalHookInfo.callback(Unknown Source:147)

06-22 15:38:08.134  1565  7803 I LSPosed-Bridge: 	at LSPHooker_.checkPermission(Unknown Source:25)

06-22 15:38:08.134  1565  7803 I LSPosed-Bridge: 	at com.android.server.am.ActivityManagerService$PermissionController.checkPermission(ActivityManagerService.java:9248)

06-22 15:38:08.134  1565  7803 I LSPosed-Bridge: 	at android.os.IPermissionController$Stub.onTransact(IPermissionController.java:56)

06-22 15:38:08.134  1565  7803 I LSPosed-Bridge: 	at android.os.Binder.execTransact(Binder.java:731)

06-22 15:38:08.239  1565  2962 I LSPosed-Bridge: 18914 PermLabel 10118 AMS.checkPermission: Binder.getCallingPid() = 909; uid = 10118; Binder.getCallingUid() = 1047; getNameForUid: null; getPackagesForUid: null; permName: android.permission.CAMERA; type = 1; res = -1; stacktrace=java.lang.Exception

06-22 15:38:08.239  1565  2962 I LSPosed-Bridge: 	at com.example.permlabel.requirePerm$1$2.afterHookedMethod(requirePerm.java:133)

06-22 15:38:08.239  1565  2962 I LSPosed-Bridge: 	at de.robv.android.xposed.XposedBridge$AdditionalHookInfo.callback(Unknown Source:147)

06-22 15:38:08.239  1565  2962 I LSPosed-Bridge: 	at LSPHooker_.checkPermission(Unknown Source:25)

06-22 15:38:08.239  1565  2962 I LSPosed-Bridge: 	at com.android.server.am.ActivityManagerService$PermissionController.checkPermission(ActivityManagerService.java:9248)

06-22 15:38:08.239  1565  2962 I LSPosed-Bridge: 	at android.os.IPermissionController$Stub.onTransact(IPermissionController.java:56)

06-22 15:38:08.239  1565  2962 I LSPosed-Bridge: 	at android.os.Binder.execTransact(Binder.java:731)

06-22 15:38:08.239   909   909 W ServiceManager: Permission failure: android.permission.CAMERA from uid=10118 pid=18914

06-22 15:38:08.239   909   909 E CameraService: Permission Denial: can't use the camera pid=18914, uid=10118

06-22 15:38:08.241 18914 19112 I LSPosed-Bridge: 18914 PermLabel 10118 android.permission.CAMERA open cameraId: 1; res= null; stacktrace=java.lang.Exception

06-22 15:38:08.241 18914 19112 I LSPosed-Bridge: 18914 PermLabel 10118 android.permission.CAMERA open cameraId: 1; res= null; stacktrace=java.lang.Exception

06-22 15:38:08.241 18914 19112 I LSPosed-Bridge: 	at com.example.permlabel.hookCamera$3.afterHookedMethod(hookCamera.java:49)

06-22 15:38:08.241 18914 19112 I LSPosed-Bridge: 	at com.example.permlabel.hookCamera$3.afterHookedMethod(hookCamera.java:49)

06-22 15:38:08.241 18914 19112 I LSPosed-Bridge: 	at de.robv.android.xposed.XposedBridge$AdditionalHookInfo.callback(Unknown Source:147)

06-22 15:38:08.241 18914 19112 I LSPosed-Bridge: 	at de.robv.android.xposed.XposedBridge$AdditionalHookInfo.callback(Unknown Source:147)

06-22 15:38:08.241 18914 19112 I LSPosed-Bridge: 	at LSPHooker_.open(Unknown Source:12)

06-22 15:38:08.241 18914 19112 I LSPosed-Bridge: 	at LSPHooker_.open(Unknown Source:12)

06-22 15:38:08.241 18914 19112 I LSPosed-Bridge: 	at org.chromium.media.VideoCaptureFactory.getDeviceSupportedFormats(chromium-Monochrome.aab-stable-573513121:13)

06-22 15:38:08.241 18914 19112 I LSPosed-Bridge: 	at org.chromium.media.VideoCaptureFactory.getDeviceSupportedFormats(chromium-Monochrome.aab-stable-573513121:13)

06-22 15:38:08.241 18914 19112 I chatty  : uid=10118(com.nb.filmhall) ThreadPoolSingl identical 1 line

06-22 15:38:08.241 18914 19112 I chatty  : uid=10118(com.nb.filmhall) ThreadPoolSingl identical 1 line

06-22 15:38:08.241 18914 19112 I LSPosed-Bridge: 18914 PermLabel 10118 android.permission.CAMERA open cameraId: 1; res= null; stacktrace=java.lang.Exception

06-22 15:38:08.241 18914 19112 I LSPosed-Bridge: 18914 PermLabel 10118 android.permission.CAMERA open cameraId: 1; res= null; stacktrace=java.lang.Exception

06-22 15:38:08.241 18914 19112 I LSPosed-Bridge: 	at com.example.permlabel.hookCamera$3.afterHookedMethod(hookCamera.java:49)

06-22 15:38:08.241 18914 19112 I LSPosed-Bridge: 	at com.example.permlabel.hookCamera$3.afterHookedMethod(hookCamera.java:49)

06-22 15:38:08.241 18914 19112 I LSPosed-Bridge: 	at de.robv.android.xposed.XposedBridge$AdditionalHookInfo.callback(Unknown Source:147)

06-22 15:38:08.241 18914 19112 I LSPosed-Bridge: 	at de.robv.android.xposed.XposedBridge$AdditionalHookInfo.callback(Unknown Source:147)

06-22 15:38:08.241 18914 19112 I LSPosed-Bridge: 	at LSPHooker_.open(Unknown Source:12)

06-22 15:38:08.241 18914 19112 I LSPosed-Bridge: 	at LSPHooker_.open(Unknown Source:12)

06-22 15:38:08.241 18914 19112 I LSPosed-Bridge: 	at org.chromium.media.VideoCaptureFactory.getDeviceSupportedFormats(chromium-Monochrome.aab-stable-573513121:13)

06-22 15:38:08.241 18914 19112 I LSPosed-Bridge: 	at org.chromium.media.VideoCaptureFactory.getDeviceSupportedFormats(chromium-Monochrome.aab-stable-573513121:13)

06-22 15:38:08.241 18914 19112 E cr_VideoCapture: Camera.open: 

06-22 15:38:08.241 18914 19112 E cr_VideoCapture: Camera.open: 

06-22 15:38:08.241 18914 19112 E cr_VideoCapture: java.lang.RuntimeException: Fail to connect to camera service

06-22 15:38:08.241 18914 19112 E cr_VideoCapture: java.lang.RuntimeException: Fail to connect to camera service

06-22 15:38:08.241 18914 19112 E cr_VideoCapture: 	at android.hardware.Camera.<init>(Camera.java:669)

06-22 15:38:08.241 18914 19112 E cr_VideoCapture: 	at android.hardware.Camera.<init>(Camera.java:669)

06-22 15:38:08.241 18914 19112 E cr_VideoCapture: 	at android.hardware.Camera.open(Camera.java:460)

06-22 15:38:08.241 18914 19112 E cr_VideoCapture: 	at android.hardware.Camera.open(Camera.java:460)

06-22 15:38:08.241 18914 19112 E cr_VideoCapture: 	at java.lang.reflect.Method.invoke(Native Method)

06-22 15:38:08.241 18914 19112 E cr_VideoCapture: 	at java.lang.reflect.Method.invoke(Native Method)

06-22 15:38:08.241 18914 19112 E cr_VideoCapture: 	at org.lsposed.lspd.nativebridge.HookBridge.invokeOriginalMethod(Native Method)

06-22 15:38:08.241 18914 19112 E cr_VideoCapture: 	at org.lsposed.lspd.nativebridge.HookBridge.invokeOriginalMethod(Native Method)

06-22 15:38:08.241 18914 19112 E cr_VideoCapture: 	at de.robv.android.xposed.XposedBridge$AdditionalHookInfo.callback(Unknown Source:110)

06-22 15:38:08.241 18914 19112 E cr_VideoCapture: 	at de.robv.android.xposed.XposedBridge$AdditionalHookInfo.callback(Unknown Source:110)

06-22 15:38:08.241 18914 19112 E cr_VideoCapture: 	at LSPHooker_.open(Unknown Source:12)

06-22 15:38:08.241 18914 19112 E cr_VideoCapture: 	at LSPHooker_.open(Unknown Source:12)

06-22 15:38:08.241 18914 19112 E cr_VideoCapture: 	at org.chromium.media.VideoCaptureFactory.getDeviceSupportedFormats(chromium-Monochrome.aab-stable-573513121:13)

06-22 15:38:08.241 18914 19112 E cr_VideoCapture: 	at org.chromium.media.VideoCaptureFactory.getDeviceSupportedFormats(chromium-Monochrome.aab-stable-573513121:13)

06-22 15:38:08.393 18914 19112 I LSPosed-Bridge: 18914 PermLabel 10118 android.permission.CAMERA getCameraInfo args0: 0; args1: android.hardware.Camera$CameraInfo@182e778; res= null; stacktrace=java.lang.Exception

06-22 15:38:08.393 18914 19112 I LSPosed-Bridge: 18914 PermLabel 10118 android.permission.CAMERA getCameraInfo args0: 0; args1: android.hardware.Camera$CameraInfo@182e778; res= null; stacktrace=java.lang.Exception

06-22 15:38:08.393 18914 19112 I LSPosed-Bridge: 	at com.example.permlabel.hookCamera$1.afterHookedMethod(hookCamera.java:21)

06-22 15:38:08.393 18914 19112 I LSPosed-Bridge: 	at com.example.permlabel.hookCamera$1.afterHookedMethod(hookCamera.java:21)

06-22 15:38:08.393 18914 19112 I LSPosed-Bridge: 	at de.robv.android.xposed.XposedBridge$AdditionalHookInfo.callback(Unknown Source:147)

06-22 15:38:08.393 18914 19112 I LSPosed-Bridge: 	at de.robv.android.xposed.XposedBridge$AdditionalHookInfo.callback(Unknown Source:147)

06-22 15:38:08.393 18914 19112 I LSPosed-Bridge: 	at LSPHooker_.getCameraInfo(Unknown Source:15)

06-22 15:38:08.393 18914 19112 I LSPosed-Bridge: 	at LSPHooker_.getCameraInfo(Unknown Source:15)

06-22 15:38:08.393 18914 19112 I LSPosed-Bridge: 	at z74.e(chromium-Monochrome.aab-stable-573513121:6)

06-22 15:38:08.393 18914 19112 I LSPosed-Bridge: 	at z74.e(chromium-Monochrome.aab-stable-573513121:6)

06-22 15:38:08.393 18914 19112 I LSPosed-Bridge: 	at org.chromium.media.VideoCaptureFactory.getDeviceName(chromium-Monochrome.aab-stable-573513121:15)

06-22 15:38:08.393 18914 19112 I LSPosed-Bridge: 	at org.chromium.media.VideoCaptureFactory.getDeviceName(chromium-Monochrome.aab-stable-573513121:15)

06-22 15:38:08.393   549   549 I ConfigStore: android::hardware::configstore::V1_0::ISurfaceFlingerConfigs::hasHDRDisplay retrieved: 0

06-22 15:38:08.393   549   549 I ConfigStore: android::hardware::configstore::V1_0::ISurfaceFlingerConfigs::hasHDRDisplay retrieved: 0

06-22 15:38:08.393 18914 19112 I LSPosed-Bridge: 18914 PermLabel 10118 android.permission.CAMERA getCameraInfo args0: 0; args1: android.hardware.Camera$CameraInfo@182e778; res= null; stacktrace=java.lang.Exception

06-22 15:38:08.393 18914 19112 I LSPosed-Bridge: 18914 PermLabel 10118 android.permission.CAMERA getCameraInfo args0: 0; args1: android.hardware.Camera$CameraInfo@182e778; res= null; stacktrace=java.lang.Exception

06-22 15:38:08.393 18914 19112 I LSPosed-Bridge: 	at com.example.permlabel.hookCamera$1.afterHookedMethod(hookCamera.java:21)

06-22 15:38:08.393 18914 19112 I LSPosed-Bridge: 	at com.example.permlabel.hookCamera$1.afterHookedMethod(hookCamera.java:21)

06-22 15:38:08.393 18914 19112 I LSPosed-Bridge: 	at de.robv.android.xposed.XposedBridge$AdditionalHookInfo.callback(Unknown Source:147)

06-22 15:38:08.393 18914 19112 I LSPosed-Bridge: 	at de.robv.android.xposed.XposedBridge$AdditionalHookInfo.callback(Unknown Source:147)

06-22 15:38:08.393 18914 19112 I LSPosed-Bridge: 	at LSPHooker_.getCameraInfo(Unknown Source:15)

06-22 15:38:08.393 18914 19112 I LSPosed-Bridge: 	at LSPHooker_.getCameraInfo(Unknown Source:15)

06-22 15:38:08.393 18914 19112 I LSPosed-Bridge: 	at z74.e(chromium-Monochrome.aab-stable-573513121:6)

06-22 15:38:08.393 18914 19112 I LSPosed-Bridge: 	at z74.e(chromium-Monochrome.aab-stable-573513121:6)

06-22 15:38:08.393 18914 19112 I LSPosed-Bridge: 	at org.chromium.media.VideoCaptureFactory.getDeviceName(chromium-Monochrome.aab-stable-573513121:15)

06-22 15:38:08.393 18914 19112 I LSPosed-Bridge: 	at org.chromium.media.VideoCaptureFactory.getDeviceName(chromium-Monochrome.aab-stable-573513121:15)

06-22 15:38:08.394 18914 19112 I LSPosed-Bridge: 18914 PermLabel 10118 android.permission.CAMERA getCameraInfo args0: 0; args1: android.hardware.Camera$CameraInfo@182e778; res= null; stacktrace=java.lang.Exception

06-22 15:38:08.394 18914 19112 I LSPosed-Bridge: 	at com.example.permlabel.hookCamera$1.afterHookedMethod(hookCamera.java:21)

06-22 15:38:08.394 18914 19112 I LSPosed-Bridge: 	at de.robv.android.xposed.XposedBridge$AdditionalHookInfo.callback(Unknown Source:147)

06-22 15:38:08.394 18914 19112 I LSPosed-Bridge: 	at LSPHooker_.getCameraInfo(Unknown Source:15)

06-22 15:38:08.394 18914 19112 I LSPosed-Bridge: 	at z74.e(chromium-Monochrome.aab-stable-573513121:6)

06-22 15:38:08.394 18914 19112 I LSPosed-Bridge: 	at org.chromium.media.VideoCaptureFactory.getDeviceName(chromium-Monochrome.aab-stable-573513121:15)

06-22 15:38:08.394   549   549 I ConfigStore: android::hardware::configstore::V1_0::ISurfaceFlingerConfigs::hasHDRDisplay retrieved: 0

06-22 15:38:08.417 18914 19112 I LSPosed-Bridge: 18914 PermLabel 10118 android.permission.CAMERA getCameraInfo args0: 0; args1: android.hardware.Camera$CameraInfo@c0992bc; res= null; stacktrace=java.lang.Exception

06-22 15:38:08.417 18914 19112 I LSPosed-Bridge: 18914 PermLabel 10118 android.permission.CAMERA getCameraInfo args0: 0; args1: android.hardware.Camera$CameraInfo@c0992bc; res= null; stacktrace=java.lang.Exception

06-22 15:38:08.417 18914 19112 I LSPosed-Bridge: 	at com.example.permlabel.hookCamera$1.afterHookedMethod(hookCamera.java:21)

06-22 15:38:08.417 18914 19112 I LSPosed-Bridge: 	at com.example.permlabel.hookCamera$1.afterHookedMethod(hookCamera.java:21)

06-22 15:38:08.417 18914 19112 I LSPosed-Bridge: 	at de.robv.android.xposed.XposedBridge$AdditionalHookInfo.callback(Unknown Source:147)

06-22 15:38:08.417 18914 19112 I LSPosed-Bridge: 	at de.robv.android.xposed.XposedBridge$AdditionalHookInfo.callback(Unknown Source:147)

06-22 15:38:08.417 18914 19112 I LSPosed-Bridge: 	at LSPHooker_.getCameraInfo(Unknown Source:15)

06-22 15:38:08.417 18914 19112 I LSPosed-Bridge: 	at LSPHooker_.getCameraInfo(Unknown Source:15)

06-22 15:38:08.417 18914 19112 I LSPosed-Bridge: 	at z74.e(chromium-Monochrome.aab-stable-573513121:6)

06-22 15:38:08.417 18914 19112 I LSPosed-Bridge: 	at z74.e(chromium-Monochrome.aab-stable-573513121:6)

06-22 15:38:08.417 18914 19112 I LSPosed-Bridge: 	at org.chromium.media.VideoCaptureFactory.getCaptureApiType(chromium-Monochrome.aab-stable-573513121:8)

06-22 15:38:08.417 18914 19112 I LSPosed-Bridge: 	at org.chromium.media.VideoCaptureFactory.getCaptureApiType(chromium-Monochrome.aab-stable-573513121:8)

06-22 15:38:08.417 18914 19112 I chatty  : uid=10118(com.nb.filmhall) ThreadPoolSingl identical 1 line

06-22 15:38:08.417 18914 19112 I chatty  : uid=10118(com.nb.filmhall) ThreadPoolSingl identical 1 line

06-22 15:38:08.417 18914 19112 I LSPosed-Bridge: 18914 PermLabel 10118 android.permission.CAMERA getCameraInfo args0: 0; args1: android.hardware.Camera$CameraInfo@c0992bc; res= null; stacktrace=java.lang.Exception

06-22 15:38:08.417 18914 19112 I LSPosed-Bridge: 18914 PermLabel 10118 android.permission.CAMERA getCameraInfo args0: 0; args1: android.hardware.Camera$CameraInfo@c0992bc; res= null; stacktrace=java.lang.Exception

06-22 15:38:08.417 18914 19112 I LSPosed-Bridge: 	at com.example.permlabel.hookCamera$1.afterHookedMethod(hookCamera.java:21)

06-22 15:38:08.417 18914 19112 I LSPosed-Bridge: 	at com.example.permlabel.hookCamera$1.afterHookedMethod(hookCamera.java:21)

06-22 15:38:08.417 18914 19112 I LSPosed-Bridge: 	at de.robv.android.xposed.XposedBridge$AdditionalHookInfo.callback(Unknown Source:147)

06-22 15:38:08.417 18914 19112 I LSPosed-Bridge: 	at de.robv.android.xposed.XposedBridge$AdditionalHookInfo.callback(Unknown Source:147)

06-22 15:38:08.417 18914 19112 I LSPosed-Bridge: 	at LSPHooker_.getCameraInfo(Unknown Source:15)

06-22 15:38:08.417 18914 19112 I LSPosed-Bridge: 	at LSPHooker_.getCameraInfo(Unknown Source:15)

06-22 15:38:08.417 18914 19112 I LSPosed-Bridge: 	at z74.e(chromium-Monochrome.aab-stable-573513121:6)

06-22 15:38:08.417 18914 19112 I LSPosed-Bridge: 	at z74.e(chromium-Monochrome.aab-stable-573513121:6)

06-22 15:38:08.417 18914 19112 I LSPosed-Bridge: 	at org.chromium.media.VideoCaptureFactory.getCaptureApiType(chromium-Monochrome.aab-stable-573513121:8)

06-22 15:38:08.417 18914 19112 I LSPosed-Bridge: 	at org.chromium.media.VideoCaptureFactory.getCaptureApiType(chromium-Monochrome.aab-stable-573513121:8)

06-22 15:38:08.432 18914 19112 I LSPosed-Bridge: 18914 PermLabel 10118 android.permission.CAMERA getCameraInfo args0: 0; args1: android.hardware.Camera$CameraInfo@13522ec; res= null; stacktrace=java.lang.Exception

06-22 15:38:08.432 18914 19112 I LSPosed-Bridge: 	at com.example.permlabel.hookCamera$1.afterHookedMethod(hookCamera.java:21)

06-22 15:38:08.432 18914 19112 I LSPosed-Bridge: 	at de.robv.android.xposed.XposedBridge$AdditionalHookInfo.callback(Unknown Source:147)

06-22 15:38:08.432 18914 19112 I LSPosed-Bridge: 	at LSPHooker_.getCameraInfo(Unknown Source:15)

06-22 15:38:08.432 18914 19112 I LSPosed-Bridge: 	at z74.e(chromium-Monochrome.aab-stable-573513121:6)

06-22 15:38:08.432 18914 19112 I LSPosed-Bridge: 	at org.chromium.media.VideoCaptureFactory.getFacingMode(chromium-Monochrome.aab-stable-573513121:10)

06-22 15:38:08.433 18914 19112 I chatty  : uid=10118(com.nb.filmhall) ThreadPoolSingl identical 1 line

06-22 15:38:08.433 18914 19112 I LSPosed-Bridge: 18914 PermLabel 10118 android.permission.CAMERA getCameraInfo args0: 0; args1: android.hardware.Camera$CameraInfo@13522ec; res= null; stacktrace=java.lang.Exception

06-22 15:38:08.433 18914 19112 I LSPosed-Bridge: 	at com.example.permlabel.hookCamera$1.afterHookedMethod(hookCamera.java:21)

06-22 15:38:08.433 18914 19112 I LSPosed-Bridge: 	at de.robv.android.xposed.XposedBridge$AdditionalHookInfo.callback(Unknown Source:147)

06-22 15:38:08.433 18914 19112 I LSPosed-Bridge: 	at LSPHooker_.getCameraInfo(Unknown Source:15)

06-22 15:38:08.433 18914 19112 I LSPosed-Bridge: 	at z74.e(chromium-Monochrome.aab-stable-573513121:6)

06-22 15:38:08.433 18914 19112 I LSPosed-Bridge: 	at org.chromium.media.VideoCaptureFactory.getFacingMode(chromium-Monochrome.aab-stable-573513121:10)

06-22 15:38:08.444  1565  2473 I LSPosed-Bridge: 18914 PermLabel 10118 AMS.checkPermission: Binder.getCallingPid() = 909; uid = 10118; Binder.getCallingUid() = 1047; getNameForUid: null; getPackagesForUid: null; permName: android.permission.CAMERA; type = 1; res = -1; stacktrace=java.lang.Exception

06-22 15:38:08.444  1565  2473 I LSPosed-Bridge: 	at com.example.permlabel.requirePerm$1$2.afterHookedMethod(requirePerm.java:133)

06-22 15:38:08.444  1565  2473 I LSPosed-Bridge: 	at de.robv.android.xposed.XposedBridge$AdditionalHookInfo.callback(Unknown Source:147)

06-22 15:38:08.444  1565  2473 I LSPosed-Bridge: 	at LSPHooker_.checkPermission(Unknown Source:25)

06-22 15:38:08.444  1565  2473 I LSPosed-Bridge: 	at com.android.server.am.ActivityManagerService$PermissionController.checkPermission(ActivityManagerService.java:9248)

06-22 15:38:08.444  1565  2473 I LSPosed-Bridge: 	at android.os.IPermissionController$Stub.onTransact(IPermissionController.java:56)

06-22 15:38:08.444  1565  2473 I LSPosed-Bridge: 	at android.os.Binder.execTransact(Binder.java:731)

06-22 15:38:08.444   909   909 W ServiceManager: Permission failure: android.permission.CAMERA from uid=10118 pid=18914

06-22 15:38:08.444   909   909 E CameraService: Permission Denial: can't use the camera pid=18914, uid=10118

06-22 15:38:08.547  1565  2962 I LSPosed-Bridge: 18914 PermLabel 10118 AMS.checkPermission: Binder.getCallingPid() = 909; uid = 10118; Binder.getCallingUid() = 1047; getNameForUid: null; getPackagesForUid: null; permName: android.permission.CAMERA; type = 1; res = -1; stacktrace=java.lang.Exception

06-22 15:38:08.547  1565  2962 I LSPosed-Bridge: 	at com.example.permlabel.requirePerm$1$2.afterHookedMethod(requirePerm.java:133)

06-22 15:38:08.547  1565  2962 I LSPosed-Bridge: 	at de.robv.android.xposed.XposedBridge$AdditionalHookInfo.callback(Unknown Source:147)

06-22 15:38:08.547  1565  2962 I LSPosed-Bridge: 	at LSPHooker_.checkPermission(Unknown Source:25)

06-22 15:38:08.547  1565  2962 I LSPosed-Bridge: 	at com.android.server.am.ActivityManagerService$PermissionController.checkPermission(ActivityManagerService.java:9248)

06-22 15:38:08.547  1565  2962 I LSPosed-Bridge: 	at android.os.IPermissionController$Stub.onTransact(IPermissionController.java:56)

06-22 15:38:08.547  1565  2962 I LSPosed-Bridge: 	at android.os.Binder.execTransact(Binder.java:731)

06-22 15:38:08.547   549   549 I ConfigStore: android::hardware::configstore::V1_0::ISurfaceFlingerConfigs::hasHDRDisplay retrieved: 0

06-22 15:38:08.547   909   909 W ServiceManager: Permission failure: android.permission.CAMERA from uid=10118 pid=18914

06-22 15:38:08.547   909   909 E CameraService: Permission Denial: can't use the camera pid=18914, uid=10118

06-22 15:38:08.547   549   549 I ConfigStore: android::hardware::configstore::V1_0::ISurfaceFlingerConfigs::hasHDRDisplay retrieved: 0

