09-02 15:14:14.690  9612  9612 I LSPosed-Bridge: 	at android.app.servertransaction.TransactionExecutor.cycleToPath(TransactionExecutor.java:165)

09-02 15:14:14.690  9612  9612 I LSPosed-Bridge: 	at android.app.servertransaction.TransactionExecutor.executeLifecycleState(TransactionExecutor.java:142)

09-02 15:14:14.690  9612  9612 I LSPosed-Bridge: 	at android.app.servertransaction.TransactionExecutor.execute(TransactionExecutor.java:70)

09-02 15:14:14.690  9612  9612 I LSPosed-Bridge: 	at android.app.ActivityThread$H.handleMessage(ActivityThread.java:1809)

09-02 15:14:14.690  9612  9612 I LSPosed-Bridge: 	at android.os.Handler.dispatchMessage(Handler.java:106)

09-02 15:14:14.690  9612  9612 I LSPosed-Bridge: 	at android.os.Looper.loop(Looper.java:193)

09-02 15:14:14.690  9612  9612 I LSPosed-Bridge: 	at android.app.ActivityThread.main(ActivityThread.java:6692)

09-02 15:14:14.690  9612  9612 I LSPosed-Bridge: 	at java.lang.reflect.Method.invoke(Native Method)

09-02 15:14:14.690  9612  9612 I LSPosed-Bridge: 	at com.android.internal.os.RuntimeInit$MethodAndArgsCaller.run(RuntimeInit.java:493)

09-02 15:14:14.690  9612  9612 I LSPosed-Bridge: 	at com.android.internal.os.ZygoteInit.main(ZygoteInit.java:858)

09-02 15:14:19.549   559   559 I ConfigStore: android::hardware::configstore::V1_0::ISurfaceFlingerConfigs::hasHDRDisplay retrieved: 0

09-02 15:14:19.549  9612  9612 I LSPosed-Bridge: 9612 PermLabel permName: android.permission.READ_PHONE_STATE; getRunningAppProcesses =[android.app.ActivityManager$RunningAppProcessInfo@30a8416, android.app.ActivityManager$RunningAppProcessInfo@ebd2197]; stacktrace=java.lang.Exception

09-02 15:14:19.549  9612  9612 I LSPosed-Bridge: 	at com.example.permlabel.hookBinder_test$2.afterHookedMethod(hookBinder_test.java:95)

09-02 15:14:19.549  9612  9612 I LSPosed-Bridge: 	at de.robv.android.xposed.XposedBridge$AdditionalHookInfo.callback(Unknown Source:147)

09-02 15:14:19.549  9612  9612 I LSPosed-Bridge: 	at LSPHooker_.getRunningAppProcesses(Unknown Source:8)

09-02 15:14:19.549  9612  9612 I LSPosed-Bridge: 	at com.MobileTicket.TicketActivityManager$Companion.isAppOnForeground(TicketActivityManager.kt:165)

09-02 15:14:19.549  9612  9612 I LSPosed-Bridge: 	at com.MobileTicket.TicketActivityManager.onActivityStopped(TicketActivityManager.kt:71)

09-02 15:14:19.549  9612  9612 I LSPosed-Bridge: 	at android.app.Application.dispatchActivityStopped(Application.java:257)

09-02 15:14:19.549  9612  9612 I LSPosed-Bridge: 	at android.app.Activity.onStop(Activity.java:1914)

09-02 15:14:19.549  9612  9612 I LSPosed-Bridge: 	at androidx.fragment.app.FragmentActivity.onStop(FragmentActivity.java:559)

09-02 15:14:19.549  9612  9612 I LSPosed-Bridge: 	at androidx.appcompat.app.AppCompatActivity.onStop(AppCompatActivity.java:216)

09-02 15:14:19.549  9612  9612 I LSPosed-Bridge: 	at com.alipay.mobile.framework.app.ui.BaseAppCompatActivity.f(BaseAppCompatActivity.java:314)

09-02 15:14:19.549  9612  9612 I LSPosed-Bridge: 	at com.alipay.mobile.framework.app.ui.BaseAppCompatActivity.onStop(BaseAppCompatActivity.java:308)

09-02 15:14:19.549  9612  9612 I LSPosed-Bridge: 	at android.app.Instrumentation.callActivityOnStop(Instrumentation.java:1433)

09-02 15:14:19.549  9612  9612 I LSPosed-Bridge: 	at android.app.Activity.performStop(Activity.java:7367)

09-02 15:14:19.549  9612  9612 I LSPosed-Bridge: 	at android.app.ActivityThread.callActivityOnStop(ActivityThread.java:4144)

09-02 15:14:19.549  9612  9612 I LSPosed-Bridge: 	at android.app.ActivityThread.performStopActivityInner(ActivityThread.java:4122)

09-02 15:14:19.549  9612  9612 I LSPosed-Bridge: 	at android.app.ActivityThread.handleStopActivity(ActivityThread.java:4197)

09-02 15:14:19.549  9612  9612 I LSPosed-Bridge: 	at android.app.servertransaction.TransactionExecutor.performLifecycleSequence(TransactionExecutor.java:192)

09-02 15:14:19.549  9612  9612 I LSPosed-Bridge: 	at android.app.servertransaction.TransactionExecutor.cycleToPath(TransactionExecutor.java:165)

09-02 15:14:19.549  9612  9612 I LSPosed-Bridge: 	at android.app.servertransaction.TransactionExecutor.executeLifecycleState(TransactionExecutor.java:142)

09-02 15:14:19.549  9612  9612 I LSPosed-Bridge: 	at android.app.servertransaction.TransactionExecutor.execute(TransactionExecutor.java:70)

09-02 15:14:19.549  9612  9612 I LSPosed-Bridge: 	at android.app.ActivityThread$H.handleMessage(ActivityThread.java:1809)

09-02 15:14:19.549  9612  9612 I LSPosed-Bridge: 	at android.os.Handler.dispatchMessage(Handler.java:106)

09-02 15:14:19.549  9612  9612 I LSPosed-Bridge: 	at android.os.Looper.loop(Looper.java:193)

09-02 15:14:19.549  9612  9612 I LSPosed-Bridge: 	at android.app.ActivityThread.main(ActivityThread.java:6692)

09-02 15:14:19.549  9612  9612 I LSPosed-Bridge: 	at java.lang.reflect.Method.invoke(Native Method)

09-02 15:14:19.549  9612  9612 I LSPosed-Bridge: 	at com.android.internal.os.RuntimeInit$MethodAndArgsCaller.run(RuntimeInit.java:493)

09-02 15:14:19.549  9612  9612 I LSPosed-Bridge: 	at com.android.internal.os.ZygoteInit.main(ZygoteInit.java:858)

09-02 15:14:24.385  9612  9612 I LSPosed-Bridge: 9612 PermLabel getRunningAppProcesses processName: com.MobileTicket:push pid: 10022

09-02 15:14:24.385  9612  9612 I LSPosed-Bridge: 9612 PermLabel getRunningAppProcesses importance: 300 pid: 10022

09-02 15:14:24.385  9612  9612 I LSPosed-Bridge: 9612 PermLabel getRunningAppProcesses packageName com.MobileTicket at index 0 in process 10022

09-02 15:14:24.385  9612  9612 I LSPosed-Bridge: 9612 PermLabel permName: android.permission.READ_PHONE_STATE; getRunningAppProcesses =[android.app.ActivityManager$RunningAppProcessInfo@5d9d678, android.app.ActivityManager$RunningAppProcessInfo@5e91151]; stacktrace=java.lang.Exception

09-02 15:14:24.385  9612  9612 I LSPosed-Bridge: 	at com.example.permlabel.hookBinder_test$2.afterHookedMethod(hookBinder_test.java:95)

09-02 15:14:24.385  9612  9612 I LSPosed-Bridge: 	at de.robv.android.xposed.XposedBridge$AdditionalHookInfo.callback(Unknown Source:147)

09-02 15:14:24.385  9612  9612 I LSPosed-Bridge: 	at LSPHooker_.getRunningAppProcesses(Unknown Source:8)

09-02 15:14:24.385  9612  9612 I LSPosed-Bridge: 	at com.MobileTicket.TicketActivityManager$Companion.isAppOnForeground(TicketActivityManager.kt:165)

09-02 15:14:24.385  9612  9612 I LSPosed-Bridge: 	at com.MobileTicket.TicketActivityManager.onActivityStopped(TicketActivityManager.kt:71)

09-02 15:14:24.385  9612  9612 I LSPosed-Bridge: 	at android.app.Application.dispatchActivityStopped(Application.java:257)

09-02 15:14:24.385  9612  9612 I LSPosed-Bridge: 	at android.app.Activity.onStop(Activity.java:1914)

09-02 15:14:24.385  9612  9612 I LSPosed-Bridge: 	at androidx.fragment.app.FragmentActivity.onStop(FragmentActivity.java:559)

09-02 15:14:24.385  9612  9612 I LSPosed-Bridge: 	at androidx.appcompat.app.AppCompatActivity.onStop(AppCompatActivity.java:216)

09-02 15:14:24.385  9612  9612 I LSPosed-Bridge: 	at com.alipay.mobile.framework.app.ui.BaseAppCompatActivity.f(BaseAppCompatActivity.java:314)

09-02 15:14:24.385  9612  9612 I LSPosed-Bridge: 	at com.alipay.mobile.framework.app.ui.BaseAppCompatActivity.onStop(BaseAppCompatActivity.java:308)

09-02 15:14:24.385  9612  9612 I LSPosed-Bridge: 	at android.app.Instrumentation.callActivityOnStop(Instrumentation.java:1433)

09-02 15:14:24.385  9612  9612 I LSPosed-Bridge: 	at android.app.Activity.performStop(Activity.java:7367)

09-02 15:14:24.385  9612  9612 I LSPosed-Bridge: 	at android.app.ActivityThread.callActivityOnStop(ActivityThread.java:4144)

09-02 15:14:24.385  9612  9612 I LSPosed-Bridge: 	at android.app.ActivityThread.performStopActivityInner(ActivityThread.java:4122)

09-02 15:14:24.385  9612  9612 I LSPosed-Bridge: 	at android.app.ActivityThread.handleStopActivity(ActivityThread.java:4197)

09-02 15:14:24.385  9612  9612 I LSPosed-Bridge: 	at android.app.servertransaction.TransactionExecutor.performLifecycleSequence(TransactionExecutor.java:192)

09-02 15:14:24.385  9612  9612 I LSPosed-Bridge: 	at android.app.servertransaction.TransactionExecutor.cycleToPath(TransactionExecutor.java:165)

09-02 15:14:24.385  9612  9612 I LSPosed-Bridge: 	at android.app.servertransaction.TransactionExecutor.executeLifecycleState(TransactionExecutor.java:142)

09-02 15:14:24.385  9612  9612 I LSPosed-Bridge: 	at android.app.servertransaction.TransactionExecutor.execute(TransactionExecutor.java:70)

09-02 15:14:24.385  9612  9612 I LSPosed-Bridge: 	at android.app.ActivityThread$H.handleMessage(ActivityThread.java:1809)

09-02 15:14:24.385  9612  9612 I LSPosed-Bridge: 	at android.os.Handler.dispatchMessage(Handler.java:106)

09-02 15:14:24.385  9612  9612 I LSPosed-Bridge: 	at android.os.Looper.loop(Looper.java:193)

09-02 15:14:24.385  9612  9612 I LSPosed-Bridge: 	at android.app.ActivityThread.main(ActivityThread.java:6692)

09-02 15:14:24.385  9612  9612 I LSPosed-Bridge: 	at java.lang.reflect.Method.invoke(Native Method)

09-02 15:14:24.385  9612  9612 I LSPosed-Bridge: 	at com.android.internal.os.RuntimeInit$MethodAndArgsCaller.run(RuntimeInit.java:493)

09-02 15:14:24.385  9612  9612 I LSPosed-Bridge: 	at com.android.internal.os.ZygoteInit.main(ZygoteInit.java:858)

09-02 15:14:29.220  9612  9612 I LSPosed-Bridge: 9612 PermLabel permName: android.permission.READ_PHONE_STATE; getRunningAppProcesses =[android.app.ActivityManager$RunningAppProcessInfo@e021fad, android.app.ActivityManager$RunningAppProcessInfo@95c62e2]; stacktrace=java.lang.Exception

09-02 15:14:29.220  9612  9612 I LSPosed-Bridge: 	at com.example.permlabel.hookBinder_test$2.afterHookedMethod(hookBinder_test.java:95)

09-02 15:14:29.220  9612  9612 I LSPosed-Bridge: 	at de.robv.android.xposed.XposedBridge$AdditionalHookInfo.callback(Unknown Source:147)

09-02 15:14:29.220  9612  9612 I LSPosed-Bridge: 	at LSPHooker_.getRunningAppProcesses(Unknown Source:8)

09-02 15:14:29.220  9612  9612 I LSPosed-Bridge: 	at com.MobileTicket.TicketActivityManager$Companion.isAppOnForeground(TicketActivityManager.kt:165)

09-02 15:14:29.220  9612  9612 I LSPosed-Bridge: 	at com.MobileTicket.TicketActivityManager.onActivityStopped(TicketActivityManager.kt:71)

09-02 15:14:29.220  9612  9612 I LSPosed-Bridge: 	at android.app.Application.dispatchActivityStopped(Application.java:257)

09-02 15:14:29.220  9612  9612 I LSPosed-Bridge: 	at android.app.Activity.onStop(Activity.java:1914)

09-02 15:14:29.220  9612  9612 I LSPosed-Bridge: 	at androidx.fragment.app.FragmentActivity.onStop(FragmentActivity.java:559)

09-02 15:14:29.220  9612  9612 I LSPosed-Bridge: 	at androidx.appcompat.app.AppCompatActivity.onStop(AppCompatActivity.java:216)

09-02 15:14:29.220  9612  9612 I LSPosed-Bridge: 	at com.alipay.mobile.framework.app.ui.BaseAppCompatActivity.f(BaseAppCompatActivity.java:314)

09-02 15:14:29.220  9612  9612 I LSPosed-Bridge: 	at com.alipay.mobile.framework.app.ui.BaseAppCompatActivity.onStop(BaseAppCompatActivity.java:308)

09-02 15:14:29.220  9612  9612 I LSPosed-Bridge: 	at android.app.Instrumentation.callActivityOnStop(Instrumentation.java:1433)

09-02 15:14:29.220  9612  9612 I LSPosed-Bridge: 	at android.app.Activity.performStop(Activity.java:7367)

09-02 15:14:29.220  9612  9612 I LSPosed-Bridge: 	at android.app.ActivityThread.callActivityOnStop(ActivityThread.java:4144)

09-02 15:14:29.220  9612  9612 I LSPosed-Bridge: 	at android.app.ActivityThread.performStopActivityInner(ActivityThread.java:4122)

09-02 15:14:29.220  9612  9612 I LSPosed-Bridge: 	at android.app.ActivityThread.handleStopActivity(ActivityThread.java:4197)

09-02 15:14:29.220  9612  9612 I LSPosed-Bridge: 	at android.app.servertransaction.TransactionExecutor.performLifecycleSequence(TransactionExecutor.java:192)

09-02 15:14:29.220  9612  9612 I LSPosed-Bridge: 	at android.app.servertransaction.TransactionExecutor.cycleToPath(TransactionExecutor.java:165)

09-02 15:14:29.220  9612  9612 I LSPosed-Bridge: 	at android.app.servertransaction.TransactionExecutor.executeLifecycleState(TransactionExecutor.java:142)

09-02 15:14:29.220  9612  9612 I LSPosed-Bridge: 	at android.app.servertransaction.TransactionExecutor.execute(TransactionExecutor.java:70)

09-02 15:14:29.220  9612  9612 I LSPosed-Bridge: 	at android.app.ActivityThread$H.handleMessage(ActivityThread.java:1809)

09-02 15:14:29.220  9612  9612 I LSPosed-Bridge: 	at android.os.Handler.dispatchMessage(Handler.java:106)

09-02 15:14:29.220  9612  9612 I LSPosed-Bridge: 	at android.os.Looper.loop(Looper.java:193)

09-02 15:14:29.220  9612  9612 I LSPosed-Bridge: 	at android.app.ActivityThread.main(ActivityThread.java:6692)

09-02 15:14:29.220  9612  9612 I LSPosed-Bridge: 	at java.lang.reflect.Method.invoke(Native Method)

09-02 15:14:29.220  9612  9612 I LSPosed-Bridge: 	at com.android.internal.os.RuntimeInit$MethodAndArgsCaller.run(RuntimeInit.java:493)

09-02 15:14:29.220  9612  9612 I LSPosed-Bridge: 	at com.android.internal.os.ZygoteInit.main(ZygoteInit.java:858)

09-02 15:14:34.053  9612  9612 I LSPosed-Bridge: 9612 PermLabel hookBinder_test 10134 interfaceBinder =android.app.IActivityManager; arg0 = 81; arg1 = android.os.Parcel@8ac2c30; arg2 = android.os.Parcel@b69e562; arg3 = 0; res = true; stacktrace=java.lang.Exception

09-02 15:14:34.053  9612  9612 I LSPosed-Bridge: 	at com.example.permlabel.hookBinder_test$1.afterHookedMethod(hookBinder_test.java:55)

09-02 15:14:34.053  9612  9612 I LSPosed-Bridge: 	at de.robv.android.xposed.XposedBridge$AdditionalHookInfo.callback(Unknown Source:147)

09-02 15:14:34.053  9612  9612 I LSPosed-Bridge: 	at LSPHooker_.transact(Unknown Source:28)

09-02 15:14:34.053  9612  9612 I LSPosed-Bridge: 	at android.app.IActivityManager$Stub$Proxy.getRunningAppProcesses(IActivityManager.java:5366)

09-02 15:14:34.053  9612  9612 I LSPosed-Bridge: 	at android.app.ActivityManager.getRunningAppProcesses(ActivityManager.java:3435)

09-02 15:14:34.053  9612  9612 I LSPosed-Bridge: 	at java.lang.reflect.Method.invoke(Native Method)

09-02 15:14:34.053  9612  9612 I LSPosed-Bridge: 	at org.lsposed.lspd.nativebridge.HookBridge.invokeOriginalMethod(Native Method)

09-02 15:14:34.053  9612  9612 I LSPosed-Bridge: 	at de.robv.android.xposed.XposedBridge$AdditionalHookInfo.callback(Unknown Source:110)

09-02 15:14:34.053  9612  9612 I LSPosed-Bridge: 	at LSPHooker_.getRunningAppProcesses(Unknown Source:8)

09-02 15:14:34.053  9612  9612 I LSPosed-Bridge: 	at com.MobileTicket.TicketActivityManager$Companion.isAppOnForeground(TicketActivityManager.kt:165)

09-02 15:14:34.053  9612  9612 I LSPosed-Bridge: 	at com.MobileTicket.TicketActivityManager.onActivityStopped(TicketActivityManager.kt:71)

09-02 15:14:34.053  9612  9612 I LSPosed-Bridge: 	at android.app.Application.dispatchActivityStopped(Application.java:257)

09-02 15:14:34.053  9612  9612 I LSPosed-Bridge: 	at android.app.Activity.onStop(Activity.java:1914)

09-02 15:14:34.053  9612  9612 I LSPosed-Bridge: 	at androidx.fragment.app.FragmentActivity.onStop(FragmentActivity.java:559)

09-02 15:14:34.053  9612  9612 I LSPosed-Bridge: 	at androidx.appcompat.app.AppCompatActivity.onStop(AppCompatActivity.java:216)

09-02 15:14:34.053  9612  9612 I LSPosed-Bridge: 	at com.alipay.mobile.framework.app.ui.BaseAppCompatActivity.f(BaseAppCompatActivity.java:314)

09-02 15:14:34.053  9612  9612 I LSPosed-Bridge: 	at com.alipay.mobile.framework.app.ui.BaseAppCompatActivity.onStop(BaseAppCompatActivity.java:308)

09-02 15:14:34.053  9612  9612 I LSPosed-Bridge: 	at android.app.Instrumentation.callActivityOnStop(Instrumentation.java:1433)

09-02 15:14:34.053  9612  9612 I LSPosed-Bridge: 	at android.app.Activity.performStop(Activity.java:7367)

09-02 15:14:34.053  9612  9612 I LSPosed-Bridge: 	at android.app.ActivityThread.callActivityOnStop(ActivityThread.java:4144)

09-02 15:14:34.053  9612  9612 I LSPosed-Bridge: 	at android.app.ActivityThread.performStopActivityInner(ActivityThread.java:4122)

09-02 15:14:34.053  9612  9612 I LSPosed-Bridge: 	at android.app.ActivityThread.handleStopActivity(ActivityThread.java:4197)

09-02 15:14:34.053  9612  9612 I LSPosed-Bridge: 	at android.app.servertransaction.TransactionExecutor.performLifecycleSequence(TransactionExecutor.java:192)

09-02 15:14:34.053  9612  9612 I LSPosed-Bridge: 	at android.app.servertransaction.TransactionExecutor.cycleToPath(TransactionExecutor.java:165)

09-02 15:14:34.053  9612  9612 I LSPosed-Bridge: 	at android.app.servertransaction.TransactionExecutor.executeLifecycleState(TransactionExecutor.java:142)

09-02 15:14:34.053  9612  9612 I LSPosed-Bridge: 	at android.app.servertransaction.TransactionExecutor.execute(TransactionExecutor.java:70)

09-02 15:14:34.053  9612  9612 I LSPosed-Bridge: 	at android.app.ActivityThread$H.handleMessage(ActivityThread.java:1809)

09-02 15:14:34.053  9612  9612 I LSPosed-Bridge: 	at android.os.Handler.dispatchMessage(Handler.java:106)

09-02 15:14:34.053  9612  9612 I LSPosed-Bridge: 	at android.os.Looper.loop(Looper.java:193)

09-02 15:14:34.053  9612  9612 I LSPosed-Bridge: 	at android.app.ActivityThread.main(ActivityThread.java:6692)

09-02 15:14:34.053  9612  9612 I LSPosed-Bridge: 	at java.lang.reflect.Method.invoke(Native Method)

09-02 15:14:34.053  9612  9612 I LSPosed-Bridge: 	at com.android.internal.os.RuntimeInit$MethodAndArgsCaller.run(RuntimeInit.java:493)

09-02 15:14:34.053  9612  9612 I LSPosed-Bridge: 	at com.android.internal.os.ZygoteInit.main(ZygoteInit.java:858)

09-02 15:14:34.053  9612  9612 I LSPosed-Bridge: 9612 PermLabel getRunningAppProcesses =android.app.ActivityManager$RunningAppProcessInfo@6fd8efc

09-02 15:14:34.053  9612  9612 I LSPosed-Bridge: 9612 PermLabel getRunningAppProcesses processName: com.MobileTicket pid: 9612

09-02 15:14:34.053  9612  9612 I LSPosed-Bridge: 9612 PermLabel getRunningAppProcesses importance: 400 pid: 9612

09-02 15:14:34.053  9612  9612 I LSPosed-Bridge: 9612 PermLabel getRunningAppProcesses packageName com.MobileTicket at index 0 in process 9612

09-02 15:14:34.053  9612  9612 I LSPosed-Bridge: 9612 PermLabel getRunningAppProcesses =android.app.ActivityManager$RunningAppProcessInfo@e6ed985

09-02 15:14:34.053  9612  9612 I LSPosed-Bridge: 9612 PermLabel getRunningAppProcesses processName: com.MobileTicket:push pid: 10022

09-02 15:14:34.053  9612  9612 I LSPosed-Bridge: 9612 PermLabel getRunningAppProcesses importance: 300 pid: 10022

09-02 15:14:34.053  9612  9612 I LSPosed-Bridge: 9612 PermLabel getRunningAppProcesses packageName com.MobileTicket at index 0 in process 10022

09-02 15:14:34.053   559   559 I ConfigStore: android::hardware::configstore::V1_0::ISurfaceFlingerConfigs::hasHDRDisplay retrieved: 0

09-02 15:14:34.053  9612  9612 I LSPosed-Bridge: 9612 PermLabel permName: android.permission.READ_PHONE_STATE; getRunningAppProcesses =[android.app.ActivityManager$RunningAppProcessInfo@6fd8efc, android.app.ActivityManager$RunningAppProcessInfo@e6ed985]; stacktrace=java.lang.Exception

09-02 15:14:34.053  9612  9612 I LSPosed-Bridge: 	at com.example.permlabel.hookBinder_test$2.afterHookedMethod(hookBinder_test.java:95)

09-02 15:14:34.053  9612  9612 I LSPosed-Bridge: 	at de.robv.android.xposed.XposedBridge$AdditionalHookInfo.callback(Unknown Source:147)

09-02 15:14:34.053  9612  9612 I LSPosed-Bridge: 	at LSPHooker_.getRunningAppProcesses(Unknown Source:8)

09-02 15:14:34.053  9612  9612 I LSPosed-Bridge: 	at com.MobileTicket.TicketActivityManager$Companion.isAppOnForeground(TicketActivityManager.kt:165)

09-02 15:14:34.053  9612  9612 I LSPosed-Bridge: 	at com.MobileTicket.TicketActivityManager.onActivityStopped(TicketActivityManager.kt:71)

09-02 15:14:34.053  9612  9612 I LSPosed-Bridge: 	at android.app.Application.dispatchActivityStopped(Application.java:257)

09-02 15:14:34.053  9612  9612 I LSPosed-Bridge: 	at android.app.Activity.onStop(Activity.java:1914)

09-02 15:14:34.053  9612  9612 I LSPosed-Bridge: 	at androidx.fragment.app.FragmentActivity.onStop(FragmentActivity.java:559)

09-02 15:14:34.053  9612  9612 I LSPosed-Bridge: 	at androidx.appcompat.app.AppCompatActivity.onStop(AppCompatActivity.java:216)

09-02 15:14:34.053  9612  9612 I LSPosed-Bridge: 	at com.alipay.mobile.framework.app.ui.BaseAppCompatActivity.f(BaseAppCompatActivity.java:314)

09-02 15:14:34.053  9612  9612 I LSPosed-Bridge: 	at com.alipay.mobile.framework.app.ui.BaseAppCompatActivity.onStop(BaseAppCompatActivity.java:308)

09-02 15:14:34.053  9612  9612 I LSPosed-Bridge: 	at android.app.Instrumentation.callActivityOnStop(Instrumentation.java:1433)

09-02 15:14:34.053  9612  9612 I LSPosed-Bridge: 	at android.app.Activity.performStop(Activity.java:7367)

09-02 15:14:34.053  9612  9612 I LSPosed-Bridge: 	at android.app.ActivityThread.callActivityOnStop(ActivityThread.java:4144)

09-02 15:14:34.053  9612  9612 I LSPosed-Bridge: 	at android.app.ActivityThread.performStopActivityInner(ActivityThread.java:4122)

09-02 15:14:34.053  9612  9612 I LSPosed-Bridge: 	at android.app.ActivityThread.handleStopActivity(ActivityThread.java:4197)

09-02 15:14:34.053  9612  9612 I LSPosed-Bridge: 	at android.app.servertransaction.TransactionExecutor.performLifecycleSequence(TransactionExecutor.java:192)

09-02 15:14:34.053  9612  9612 I LSPosed-Bridge: 	at android.app.servertransaction.TransactionExecutor.cycleToPath(TransactionExecutor.java:165)

09-02 15:14:34.053  9612  9612 I LSPosed-Bridge: 	at android.app.servertransaction.TransactionExecutor.executeLifecycleState(TransactionExecutor.java:142)

09-02 15:14:34.053  9612  9612 I LSPosed-Bridge: 	at android.app.servertransaction.TransactionExecutor.execute(TransactionExecutor.java:70)

09-02 15:14:34.053  9612  9612 I LSPosed-Bridge: 	at android.app.ActivityThread$H.handleMessage(ActivityThread.java:1809)

09-02 15:14:34.053  9612  9612 I LSPosed-Bridge: 	at android.os.Handler.dispatchMessage(Handler.java:106)

09-02 15:14:34.053  9612  9612 I LSPosed-Bridge: 	at android.os.Looper.loop(Looper.java:193)

09-02 15:14:34.053  9612  9612 I LSPosed-Bridge: 	at android.app.ActivityThread.main(ActivityThread.java:6692)

09-02 15:14:34.053  9612  9612 I LSPosed-Bridge: 	at java.lang.reflect.Method.invoke(Native Method)

09-02 15:14:34.053  9612  9612 I LSPosed-Bridge: 	at com.android.internal.os.RuntimeInit$MethodAndArgsCaller.run(RuntimeInit.java:493)

09-02 15:14:34.053  9612  9612 I LSPosed-Bridge: 	at com.android.internal.os.ZygoteInit.main(ZygoteInit.java:858)

09-02 15:14:38.926  9612  9612 I LSPosed-Bridge: 9612 PermLabel permName: android.permission.READ_PHONE_STATE; getRunningAppProcesses =[android.app.ActivityManager$RunningAppProcessInfo@5c548a3, android.app.ActivityManager$RunningAppProcessInfo@233c7a0]; stacktrace=java.lang.Exception

09-02 15:14:38.926  9612  9612 I LSPosed-Bridge: 	at com.example.permlabel.hookBinder_test$2.afterHookedMethod(hookBinder_test.java:95)

09-02 15:14:38.926  9612  9612 I LSPosed-Bridge: 	at de.robv.android.xposed.XposedBridge$AdditionalHookInfo.callback(Unknown Source:147)

09-02 15:14:38.926  9612  9612 I LSPosed-Bridge: 	at LSPHooker_.getRunningAppProcesses(Unknown Source:8)

09-02 15:14:38.926  9612  9612 I LSPosed-Bridge: 	at com.MobileTicket.TicketActivityManager$Companion.isAppOnForeground(TicketActivityManager.kt:165)

09-02 15:14:38.926  9612  9612 I LSPosed-Bridge: 	at com.MobileTicket.TicketActivityManager.onActivityStopped(TicketActivityManager.kt:71)

09-02 15:14:38.926  9612  9612 I LSPosed-Bridge: 	at android.app.Application.dispatchActivityStopped(Application.java:257)

09-02 15:14:38.926  9612  9612 I LSPosed-Bridge: 	at android.app.Activity.onStop(Activity.java:1914)

09-02 15:14:38.926  9612  9612 I LSPosed-Bridge: 	at androidx.fragment.app.FragmentActivity.onStop(FragmentActivity.java:559)

09-02 15:14:38.926  9612  9612 I LSPosed-Bridge: 	at androidx.appcompat.app.AppCompatActivity.onStop(AppCompatActivity.java:216)

09-02 15:14:38.926  9612  9612 I LSPosed-Bridge: 	at com.alipay.mobile.framework.app.ui.BaseAppCompatActivity.f(BaseAppCompatActivity.java:314)

09-02 15:14:38.926  9612  9612 I LSPosed-Bridge: 	at com.alipay.mobile.framework.app.ui.BaseAppCompatActivity.onStop(BaseAppCompatActivity.java:308)

09-02 15:14:38.926  9612  9612 I LSPosed-Bridge: 	at android.app.Instrumentation.callActivityOnStop(Instrumentation.java:1433)

09-02 15:14:38.926  9612  9612 I LSPosed-Bridge: 	at android.app.Activity.performStop(Activity.java:7367)

09-02 15:14:38.926  9612  9612 I LSPosed-Bridge: 	at android.app.ActivityThread.callActivityOnStop(ActivityThread.java:4144)

09-02 15:14:38.926  9612  9612 I LSPosed-Bridge: 	at android.app.ActivityThread.performStopActivityInner(ActivityThread.java:4122)

09-02 15:14:38.926  9612  9612 I LSPosed-Bridge: 	at android.app.ActivityThread.handleStopActivity(ActivityThread.java:4197)

09-02 15:14:38.926  9612  9612 I LSPosed-Bridge: 	at android.app.servertransaction.TransactionExecutor.performLifecycleSequence(TransactionExecutor.java:192)

09-02 15:14:38.926  9612  9612 I LSPosed-Bridge: 	at android.app.servertransaction.TransactionExecutor.cycleToPath(TransactionExecutor.java:165)

09-02 15:14:38.926  9612  9612 I LSPosed-Bridge: 	at android.app.servertransaction.TransactionExecutor.executeLifecycleState(TransactionExecutor.java:142)

09-02 15:14:38.926  9612  9612 I LSPosed-Bridge: 	at android.app.servertransaction.TransactionExecutor.execute(TransactionExecutor.java:70)

09-02 15:14:38.926  9612  9612 I LSPosed-Bridge: 	at android.app.ActivityThread$H.handleMessage(ActivityThread.java:1809)

09-02 15:14:38.926  9612  9612 I LSPosed-Bridge: 	at android.os.Handler.dispatchMessage(Handler.java:106)

09-02 15:14:38.926  9612  9612 I LSPosed-Bridge: 	at android.os.Looper.loop(Looper.java:193)

09-02 15:14:38.926  9612  9612 I LSPosed-Bridge: 	at android.app.ActivityThread.main(ActivityThread.java:6692)

09-02 15:14:38.926  9612  9612 I LSPosed-Bridge: 	at java.lang.reflect.Method.invoke(Native Method)

09-02 15:14:38.926  9612  9612 I LSPosed-Bridge: 	at com.android.internal.os.RuntimeInit$MethodAndArgsCaller.run(RuntimeInit.java:493)

09-02 15:14:38.926  9612  9612 I LSPosed-Bridge: 	at com.android.internal.os.ZygoteInit.main(ZygoteInit.java:858)

09-02 15:14:43.679  9612  9612 I LSPosed-Bridge: 9612 PermLabel permName: android.permission.READ_PHONE_STATE; getRunningAppProcesses =[android.app.ActivityManager$RunningAppProcessInfo@4275e4b, android.app.ActivityManager$RunningAppProcessInfo@c803028]; stacktrace=java.lang.Exception

09-02 15:14:43.679  9612  9612 I LSPosed-Bridge: 	at com.example.permlabel.hookBinder_test$2.afterHookedMethod(hookBinder_test.java:95)

09-02 15:14:43.679  9612  9612 I LSPosed-Bridge: 	at de.robv.android.xposed.XposedBridge$AdditionalHookInfo.callback(Unknown Source:147)

09-02 15:14:43.679  9612  9612 I LSPosed-Bridge: 	at LSPHooker_.getRunningAppProcesses(Unknown Source:8)

09-02 15:14:43.679  9612  9612 I LSPosed-Bridge: 	at com.MobileTicket.TicketActivityManager$Companion.isAppOnForeground(TicketActivityManager.kt:165)

09-02 15:14:43.679  9612  9612 I LSPosed-Bridge: 	at com.MobileTicket.TicketActivityManager.onActivityStopped(TicketActivityManager.kt:71)

09-02 15:14:43.679  9612  9612 I LSPosed-Bridge: 	at android.app.Application.dispatchActivityStopped(Application.java:257)

09-02 15:14:43.679  9612  9612 I LSPosed-Bridge: 	at android.app.Activity.onStop(Activity.java:1914)

09-02 15:14:43.679  9612  9612 I LSPosed-Bridge: 	at androidx.fragment.app.FragmentActivity.onStop(FragmentActivity.java:559)

09-02 15:14:43.679  9612  9612 I LSPosed-Bridge: 	at androidx.appcompat.app.AppCompatActivity.onStop(AppCompatActivity.java:216)

09-02 15:14:43.679  9612  9612 I LSPosed-Bridge: 	at com.alipay.mobile.framework.app.ui.BaseAppCompatActivity.f(BaseAppCompatActivity.java:314)

09-02 15:14:43.679  9612  9612 I LSPosed-Bridge: 	at com.alipay.mobile.framework.app.ui.BaseAppCompatActivity.onStop(BaseAppCompatActivity.java:308)

09-02 15:14:43.679  9612  9612 I LSPosed-Bridge: 	at android.app.Instrumentation.callActivityOnStop(Instrumentation.java:1433)

09-02 15:14:43.679  9612  9612 I LSPosed-Bridge: 	at android.app.Activity.performStop(Activity.java:7367)

09-02 15:14:43.679  9612  9612 I LSPosed-Bridge: 	at android.app.ActivityThread.callActivityOnStop(ActivityThread.java:4144)

09-02 15:14:43.679  9612  9612 I LSPosed-Bridge: 	at android.app.ActivityThread.performStopActivityInner(ActivityThread.java:4122)

09-02 15:14:43.679  9612  9612 I LSPosed-Bridge: 	at android.app.ActivityThread.handleStopActivity(ActivityThread.java:4197)

09-02 15:14:43.679  9612  9612 I LSPosed-Bridge: 	at android.app.servertransaction.TransactionExecutor.performLifecycleSequence(TransactionExecutor.java:192)

09-02 15:14:43.679  9612  9612 I LSPosed-Bridge: 	at android.app.servertransaction.TransactionExecutor.cycleToPath(TransactionExecutor.java:165)

09-02 15:14:43.679  9612  9612 I LSPosed-Bridge: 	at android.app.servertransaction.TransactionExecutor.executeLifecycleState(TransactionExecutor.java:142)

09-02 15:14:43.679  9612  9612 I LSPosed-Bridge: 	at android.app.servertransaction.TransactionExecutor.execute(TransactionExecutor.java:70)

09-02 15:14:43.679  9612  9612 I LSPosed-Bridge: 	at android.app.ActivityThread$H.handleMessage(ActivityThread.java:1809)

09-02 15:14:43.679  9612  9612 I LSPosed-Bridge: 	at android.os.Handler.dispatchMessage(Handler.java:106)

09-02 15:14:43.679  9612  9612 I LSPosed-Bridge: 	at android.os.Looper.loop(Looper.java:193)

09-02 15:14:43.679  9612  9612 I LSPosed-Bridge: 	at android.app.ActivityThread.main(ActivityThread.java:6692)

09-02 15:14:43.679  9612  9612 I LSPosed-Bridge: 	at java.lang.reflect.Method.invoke(Native Method)

09-02 15:14:43.679  9612  9612 I LSPosed-Bridge: 	at com.android.internal.os.RuntimeInit$MethodAndArgsCaller.run(RuntimeInit.java:493)

09-02 15:14:43.679  9612  9612 I LSPosed-Bridge: 	at com.android.internal.os.ZygoteInit.main(ZygoteInit.java:858)

09-02 15:14:43.679   559   559 I ConfigStore: android::hardware::configstore::V1_0::ISurfaceFlingerConfigs::hasHDRDisplay retrieved: 0

09-02 15:14:48.518  9612  9612 I LSPosed-Bridge: 9612 PermLabel getRunningAppProcesses importance: 400 pid: 9612

09-02 15:14:48.518  9612  9612 I LSPosed-Bridge: 9612 PermLabel getRunningAppProcesses packageName com.MobileTicket at index 0 in process 9612

09-02 15:14:48.518  9612  9612 I LSPosed-Bridge: 9612 PermLabel getRunningAppProcesses =android.app.ActivityManager$RunningAppProcessInfo@66bcf36

09-02 15:14:48.518  9612  9612 I LSPosed-Bridge: 9612 PermLabel getRunningAppProcesses processName: com.MobileTicket:push pid: 10022

09-02 15:14:48.518  9612  9612 I LSPosed-Bridge: 9612 PermLabel getRunningAppProcesses importance: 300 pid: 10022

09-02 15:14:48.518  9612  9612 I LSPosed-Bridge: 9612 PermLabel getRunningAppProcesses packageName com.MobileTicket at index 0 in process 10022

09-02 15:14:48.518  9612 10709 I LSPosed-Bridge: 9612 PermLabel hookBinder_test 10134 interfaceBinder =android.content.pm.IPackageManager; arg0 = 19; arg1 = android.os.Parcel@bc5d063; arg2 = android.os.Parcel@b6044df; arg3 = 0; res = true; stacktrace=java.lang.Exception

09-02 15:14:48.518  9612 10709 I LSPosed-Bridge: 	at com.example.permlabel.hookBinder_test$1.afterHookedMethod(hookBinder_test.java:55)

09-02 15:14:48.518  9612 10709 I LSPosed-Bridge: 	at de.robv.android.xposed.XposedBridge$AdditionalHookInfo.callback(Unknown Source:147)

09-02 15:14:48.518  9612 10709 I LSPosed-Bridge: 	at LSPHooker_.transact(Unknown Source:28)

09-02 15:14:48.518  9612 10709 I LSPosed-Bridge: 	at android.content.pm.IPackageManager$Stub$Proxy.checkPermission(IPackageManager.java:3285)

09-02 15:14:48.518  9612 10709 I LSPosed-Bridge: 	at android.app.ApplicationPackageManager.checkPermission(ApplicationPackageManager.java:581)

09-02 15:14:48.518  9612 10709 I LSPosed-Bridge: 	at java.lang.reflect.Method.invoke(Native Method)

09-02 15:14:48.518  9612 10709 I LSPosed-Bridge: 	at org.lsposed.lspd.nativebridge.HookBridge.invokeOriginalMethod(Native Method)

09-02 15:14:48.518  9612 10709 I LSPosed-Bridge: 	at de.robv.android.xposed.XposedBridge$AdditionalHookInfo.callback(Unknown Source:110)

09-02 15:14:48.518  9612 10709 I LSPosed-Bridge: 	at LSPHooker_.checkPermission(Unknown Source:14)

09-02 15:14:48.518  9612 10709 I LSPosed-Bridge: 	at com.bonree.sdk.bb.ad.a(SourceFile:1372)

09-02 15:14:48.518  9612 10709 I LSPosed-Bridge: 	at com.bonree.sdk.ap.c.l(SourceFile:519)

09-02 15:14:48.518  9612 10709 I LSPosed-Bridge: 	at com.bonree.sdk.au.c.b(SourceFile:138)

09-02 15:14:48.518  9612 10709 I LSPosed-Bridge: 	at com.bonree.sdk.au.a.a(SourceFile:58)

09-02 15:14:48.518  9612 10709 I LSPosed-Bridge: 	at com.bonree.sdk.au.a.c(SourceFile:168)

09-02 15:14:48.518  9612 10709 I LSPosed-Bridge: 	at com.bonree.sdk.f.d.c(SourceFile:425)

09-02 15:14:48.518  9612 10709 I LSPosed-Bridge: 	at com.bonree.sdk.f.d.a(SourceFile:398)

09-02 15:14:48.518  9612 10709 I LSPosed-Bridge: 	at com.bonree.sdk.f.d.d(SourceFile:498)

09-02 15:14:48.518  9612 10709 I LSPosed-Bridge: 	at com.bonree.sdk.f.d.a(SourceFile:146)

09-02 15:14:48.518  9612 10709 I LSPosed-Bridge: 	at com.bonree.sdk.b.a.a(SourceFile:79)

09-02 15:14:48.518  9612 10709 I LSPosed-Bridge: 	at com.bonree.sdk.d.c$a.a(SourceFile:225)

09-02 15:14:48.518  9612 10709 I LSPosed-Bridge: 	at com.bonree.sdk.d.c$a.handleMessage(SourceFile:133)

09-02 15:14:48.518  9612 10709 I LSPosed-Bridge: 	at android.os.Handler.dispatchMessage(Handler.java:106)

09-02 15:14:48.518  9612 10709 I LSPosed-Bridge: 	at android.os.Looper.loop(Looper.java:193)

09-02 15:14:48.518  9612 10709 I LSPosed-Bridge: 	at android.os.HandlerThread.run(HandlerThread.java:65)

09-02 15:14:48.518  9612  9612 I LSPosed-Bridge: 9612 PermLabel permName: android.permission.READ_PHONE_STATE; getRunningAppProcesses =[android.app.ActivityManager$RunningAppProcessInfo@e3cf8d1, android.app.ActivityManager$RunningAppProcessInfo@66bcf36]; stacktrace=java.lang.Exception

09-02 15:14:48.518  9612  9612 I LSPosed-Bridge: 	at com.example.permlabel.hookBinder_test$2.afterHookedMethod(hookBinder_test.java:95)

09-02 15:14:48.518  9612  9612 I LSPosed-Bridge: 	at de.robv.android.xposed.XposedBridge$AdditionalHookInfo.callback(Unknown Source:147)

09-02 15:14:48.518  9612  9612 I LSPosed-Bridge: 	at LSPHooker_.getRunningAppProcesses(Unknown Source:8)

09-02 15:14:48.518  9612  9612 I LSPosed-Bridge: 	at com.MobileTicket.TicketActivityManager$Companion.isAppOnForeground(TicketActivityManager.kt:165)

09-02 15:14:48.518  9612  9612 I LSPosed-Bridge: 	at com.MobileTicket.TicketActivityManager.onActivityStopped(TicketActivityManager.kt:71)

09-02 15:14:48.518  9612  9612 I LSPosed-Bridge: 	at android.app.Application.dispatchActivityStopped(Application.java:257)

09-02 15:14:48.518  9612  9612 I LSPosed-Bridge: 	at android.app.Activity.onStop(Activity.java:1914)

09-02 15:14:48.518  9612  9612 I LSPosed-Bridge: 	at androidx.fragment.app.FragmentActivity.onStop(FragmentActivity.java:559)

09-02 15:14:48.518  9612  9612 I LSPosed-Bridge: 	at androidx.appcompat.app.AppCompatActivity.onStop(AppCompatActivity.java:216)

09-02 15:14:48.518  9612  9612 I LSPosed-Bridge: 	at com.alipay.mobile.framework.app.ui.BaseAppCompatActivity.f(BaseAppCompatActivity.java:314)

09-02 15:14:48.518  9612  9612 I LSPosed-Bridge: 	at com.alipay.mobile.framework.app.ui.BaseAppCompatActivity.onStop(BaseAppCompatActivity.java:308)

09-02 15:14:48.518  9612  9612 I LSPosed-Bridge: 	at android.app.Instrumentation.callActivityOnStop(Instrumentation.java:1433)

09-02 15:14:48.518  9612  9612 I LSPosed-Bridge: 	at android.app.Activity.performStop(Activity.java:7367)

09-02 15:14:48.518  9612  9612 I LSPosed-Bridge: 	at android.app.ActivityThread.callActivityOnStop(ActivityThread.java:4144)

09-02 15:14:48.518  9612  9612 I LSPosed-Bridge: 	at android.app.ActivityThread.performStopActivityInner(ActivityThread.java:4122)

09-02 15:14:48.518  9612  9612 I LSPosed-Bridge: 	at android.app.ActivityThread.handleStopActivity(ActivityThread.java:4197)

09-02 15:14:48.518  9612  9612 I LSPosed-Bridge: 	at android.app.servertransaction.TransactionExecutor.performLifecycleSequence(TransactionExecutor.java:192)

09-02 15:14:48.518  9612  9612 I LSPosed-Bridge: 	at android.app.servertransaction.TransactionExecutor.cycleToPath(TransactionExecutor.java:165)

09-02 15:14:48.518  9612  9612 I LSPosed-Bridge: 	at android.app.servertransaction.TransactionExecutor.executeLifecycleState(TransactionExecutor.java:142)

09-02 15:14:48.518  9612  9612 I LSPosed-Bridge: 	at android.app.servertransaction.TransactionExecutor.execute(TransactionExecutor.java:70)

09-02 15:14:48.518  9612  9612 I LSPosed-Bridge: 	at android.app.ActivityThread$H.handleMessage(ActivityThread.java:1809)

09-02 15:14:48.518  9612  9612 I LSPosed-Bridge: 	at android.os.Handler.dispatchMessage(Handler.java:106)

09-02 15:14:48.518  9612  9612 I LSPosed-Bridge: 	at android.os.Looper.loop(Looper.java:193)

09-02 15:14:48.518  9612  9612 I LSPosed-Bridge: 	at android.app.ActivityThread.main(ActivityThread.java:6692)

09-02 15:14:48.518  9612  9612 I LSPosed-Bridge: 	at java.lang.reflect.Method.invoke(Native Method)

09-02 15:14:48.518  9612  9612 I LSPosed-Bridge: 	at com.android.internal.os.RuntimeInit$MethodAndArgsCaller.run(RuntimeInit.java:493)

09-02 15:14:48.518  9612  9612 I LSPosed-Bridge: 	at com.android.internal.os.ZygoteInit.main(ZygoteInit.java:858)

09-02 15:14:48.518  9612 10709 I LSPosed-Bridge: 9612 PermLabel 10134 PM.checkPermission permName:android.permission.ACCESS_NETWORK_STATE; Package name: com.MobileTicket; Result: 0; stacktrace=java.lang.Exception

09-02 15:14:48.518  9612 10709 I LSPosed-Bridge: 	at com.example.permlabel.requestPerm$1.afterHookedMethod(requestPerm.java:132)

09-02 15:14:48.518  9612 10709 I LSPosed-Bridge: 	at de.robv.android.xposed.XposedBridge$AdditionalHookInfo.callback(Unknown Source:147)

09-02 15:14:48.518  9612 10709 I LSPosed-Bridge: 	at LSPHooker_.checkPermission(Unknown Source:14)

09-02 15:14:48.518  9612 10709 I LSPosed-Bridge: 	at com.bonree.sdk.bb.ad.a(SourceFile:1372)

09-02 15:14:48.518  9612 10709 I LSPosed-Bridge: 	at com.bonree.sdk.ap.c.l(SourceFile:519)

09-02 15:14:48.518  9612 10709 I LSPosed-Bridge: 	at com.bonree.sdk.au.c.b(SourceFile:138)

09-02 15:14:48.518  9612 10709 I LSPosed-Bridge: 	at com.bonree.sdk.au.a.a(SourceFile:58)

09-02 15:14:48.518  9612 10709 I LSPosed-Bridge: 	at com.bonree.sdk.au.a.c(SourceFile:168)

09-02 15:14:48.518  9612 10709 I LSPosed-Bridge: 	at com.bonree.sdk.f.d.c(SourceFile:425)

09-02 15:14:48.518  9612 10709 I LSPosed-Bridge: 	at com.bonree.sdk.f.d.a(SourceFile:398)

09-02 15:14:48.518  9612 10709 I LSPosed-Bridge: 	at com.bonree.sdk.f.d.d(SourceFile:498)

09-02 15:14:48.518  9612 10709 I LSPosed-Bridge: 	at com.bonree.sdk.f.d.a(SourceFile:146)

09-02 15:14:48.518  9612 10709 I LSPosed-Bridge: 	at com.bonree.sdk.b.a.a(SourceFile:79)

09-02 15:14:48.518  9612 10709 I LSPosed-Bridge: 	at com.bonree.sdk.d.c$a.a(SourceFile:225)

09-02 15:14:48.518  9612 10709 I LSPosed-Bridge: 	at com.bonree.sdk.d.c$a.handleMessage(SourceFile:133)

09-02 15:14:48.518  9612 10709 I LSPosed-Bridge: 	at android.os.Handler.dispatchMessage(Handler.java:106)

09-02 15:14:48.518  9612 10709 I LSPosed-Bridge: 	at android.os.Looper.loop(Looper.java:193)

09-02 15:14:48.518  9612 10709 I LSPosed-Bridge: 	at android.os.HandlerThread.run(HandlerThread.java:65)

09-02 15:14:53.335  9612  9612 I LSPosed-Bridge: 9612 PermLabel permName: android.permission.READ_PHONE_STATE; getRunningAppProcesses =[android.app.ActivityManager$RunningAppProcessInfo@e33a129, android.app.ActivityManager$RunningAppProcessInfo@5cc4cae]; stacktrace=java.lang.Exception

09-02 15:14:53.335  9612  9612 I LSPosed-Bridge: 	at com.example.permlabel.hookBinder_test$2.afterHookedMethod(hookBinder_test.java:95)

09-02 15:14:53.335  9612  9612 I LSPosed-Bridge: 	at de.robv.android.xposed.XposedBridge$AdditionalHookInfo.callback(Unknown Source:147)

09-02 15:14:53.335  9612  9612 I LSPosed-Bridge: 	at LSPHooker_.getRunningAppProcesses(Unknown Source:8)

09-02 15:14:53.335  9612  9612 I LSPosed-Bridge: 	at com.MobileTicket.TicketActivityManager$Companion.isAppOnForeground(TicketActivityManager.kt:165)

09-02 15:14:53.335  9612  9612 I LSPosed-Bridge: 	at com.MobileTicket.TicketActivityManager.onActivityStopped(TicketActivityManager.kt:71)

09-02 15:14:53.335  9612  9612 I LSPosed-Bridge: 	at android.app.Application.dispatchActivityStopped(Application.java:257)

09-02 15:14:53.335  9612  9612 I LSPosed-Bridge: 	at android.app.Activity.onStop(Activity.java:1914)

09-02 15:14:53.335  9612  9612 I LSPosed-Bridge: 	at androidx.fragment.app.FragmentActivity.onStop(FragmentActivity.java:559)

09-02 15:14:53.335  9612  9612 I LSPosed-Bridge: 	at androidx.appcompat.app.AppCompatActivity.onStop(AppCompatActivity.java:216)

09-02 15:14:53.335  9612  9612 I LSPosed-Bridge: 	at com.alipay.mobile.framework.app.ui.BaseAppCompatActivity.f(BaseAppCompatActivity.java:314)

09-02 15:14:53.335  9612  9612 I LSPosed-Bridge: 	at com.alipay.mobile.framework.app.ui.BaseAppCompatActivity.onStop(BaseAppCompatActivity.java:308)

09-02 15:14:53.335  9612  9612 I LSPosed-Bridge: 	at android.app.Instrumentation.callActivityOnStop(Instrumentation.java:1433)

09-02 15:14:53.335  9612  9612 I LSPosed-Bridge: 	at android.app.Activity.performStop(Activity.java:7367)

09-02 15:14:53.335  9612  9612 I LSPosed-Bridge: 	at android.app.ActivityThread.callActivityOnStop(ActivityThread.java:4144)

09-02 15:14:53.335  9612  9612 I LSPosed-Bridge: 	at android.app.ActivityThread.performStopActivityInner(ActivityThread.java:4122)

09-02 15:14:53.335  9612  9612 I LSPosed-Bridge: 	at android.app.ActivityThread.handleStopActivity(ActivityThread.java:4197)

09-02 15:14:53.335  9612  9612 I LSPosed-Bridge: 	at android.app.servertransaction.TransactionExecutor.performLifecycleSequence(TransactionExecutor.java:192)

09-02 15:14:53.335  9612  9612 I LSPosed-Bridge: 	at android.app.servertransaction.TransactionExecutor.cycleToPath(TransactionExecutor.java:165)

09-02 15:14:53.335  9612  9612 I LSPosed-Bridge: 	at android.app.servertransaction.TransactionExecutor.executeLifecycleState(TransactionExecutor.java:142)

09-02 15:14:53.335  9612  9612 I LSPosed-Bridge: 	at android.app.servertransaction.TransactionExecutor.execute(TransactionExecutor.java:70)

09-02 15:14:53.335  9612  9612 I LSPosed-Bridge: 	at android.app.ActivityThread$H.handleMessage(ActivityThread.java:1809)

09-02 15:14:53.335  9612  9612 I LSPosed-Bridge: 	at android.os.Handler.dispatchMessage(Handler.java:106)

09-02 15:14:53.335  9612  9612 I LSPosed-Bridge: 	at android.os.Looper.loop(Looper.java:193)

09-02 15:14:53.335  9612  9612 I LSPosed-Bridge: 	at android.app.ActivityThread.main(ActivityThread.java:6692)

09-02 15:14:53.335  9612  9612 I LSPosed-Bridge: 	at java.lang.reflect.Method.invoke(Native Method)

09-02 15:14:53.335  9612  9612 I LSPosed-Bridge: 	at com.android.internal.os.RuntimeInit$MethodAndArgsCaller.run(RuntimeInit.java:493)

09-02 15:14:53.335  9612  9612 I LSPosed-Bridge: 	at com.android.internal.os.ZygoteInit.main(ZygoteInit.java:858)

09-02 15:14:58.204  9612  9612 I LSPosed-Bridge: 9612 PermLabel permName: android.permission.READ_PHONE_STATE; getRunningAppProcesses =[android.app.ActivityManager$RunningAppProcessInfo@a2210a, android.app.ActivityManager$RunningAppProcessInfo@2d54d7b]; stacktrace=java.lang.Exception

09-02 15:14:58.204  9612  9612 I LSPosed-Bridge: 	at com.example.permlabel.hookBinder_test$2.afterHookedMethod(hookBinder_test.java:95)

09-02 15:14:58.204  9612  9612 I LSPosed-Bridge: 	at de.robv.android.xposed.XposedBridge$AdditionalHookInfo.callback(Unknown Source:147)

09-02 15:14:58.204  9612  9612 I LSPosed-Bridge: 	at LSPHooker_.getRunningAppProcesses(Unknown Source:8)

09-02 15:14:58.204  9612  9612 I LSPosed-Bridge: 	at com.MobileTicket.TicketActivityManager$Companion.isAppOnForeground(TicketActivityManager.kt:165)

09-02 15:14:58.204  9612  9612 I LSPosed-Bridge: 	at com.MobileTicket.TicketActivityManager.onActivityStopped(TicketActivityManager.kt:71)

09-02 15:14:58.204  9612  9612 I LSPosed-Bridge: 	at android.app.Application.dispatchActivityStopped(Application.java:257)

09-02 15:14:58.204  9612  9612 I LSPosed-Bridge: 	at android.app.Activity.onStop(Activity.java:1914)

09-02 15:14:58.204  9612  9612 I LSPosed-Bridge: 	at androidx.fragment.app.FragmentActivity.onStop(FragmentActivity.java:559)

09-02 15:14:58.204  9612  9612 I LSPosed-Bridge: 	at androidx.appcompat.app.AppCompatActivity.onStop(AppCompatActivity.java:216)

09-02 15:14:58.204  9612  9612 I LSPosed-Bridge: 	at com.alipay.mobile.framework.app.ui.BaseAppCompatActivity.f(BaseAppCompatActivity.java:314)

09-02 15:14:58.204  9612  9612 I LSPosed-Bridge: 	at com.alipay.mobile.framework.app.ui.BaseAppCompatActivity.onStop(BaseAppCompatActivity.java:308)

09-02 15:14:58.204  9612  9612 I LSPosed-Bridge: 	at android.app.Instrumentation.callActivityOnStop(Instrumentation.java:1433)

09-02 15:14:58.204  9612  9612 I LSPosed-Bridge: 	at android.app.Activity.performStop(Activity.java:7367)

09-02 15:14:58.204  9612  9612 I LSPosed-Bridge: 	at android.app.ActivityThread.callActivityOnStop(ActivityThread.java:4144)

09-02 15:14:58.204  9612  9612 I LSPosed-Bridge: 	at android.app.ActivityThread.performStopActivityInner(ActivityThread.java:4122)

09-02 15:14:58.204  9612  9612 I LSPosed-Bridge: 	at android.app.ActivityThread.handleStopActivity(ActivityThread.java:4197)

09-02 15:14:58.204  9612  9612 I LSPosed-Bridge: 	at android.app.servertransaction.TransactionExecutor.performLifecycleSequence(TransactionExecutor.java:192)

09-02 15:14:58.204  9612  9612 I LSPosed-Bridge: 	at android.app.servertransaction.TransactionExecutor.cycleToPath(TransactionExecutor.java:165)

09-02 15:14:58.204  9612  9612 I LSPosed-Bridge: 	at android.app.servertransaction.TransactionExecutor.executeLifecycleState(TransactionExecutor.java:142)

09-02 15:14:58.204  9612  9612 I LSPosed-Bridge: 	at android.app.servertransaction.TransactionExecutor.execute(TransactionExecutor.java:70)

09-02 15:14:58.204  9612  9612 I LSPosed-Bridge: 	at android.app.ActivityThread$H.handleMessage(ActivityThread.java:1809)

09-02 15:14:58.204  9612  9612 I LSPosed-Bridge: 	at android.os.Handler.dispatchMessage(Handler.java:106)

09-02 15:14:58.204  9612  9612 I LSPosed-Bridge: 	at android.os.Looper.loop(Looper.java:193)

09-02 15:14:58.204  9612  9612 I LSPosed-Bridge: 	at android.app.ActivityThread.main(ActivityThread.java:6692)

09-02 15:14:58.204  9612  9612 I LSPosed-Bridge: 	at java.lang.reflect.Method.invoke(Native Method)

09-02 15:14:58.204  9612  9612 I LSPosed-Bridge: 	at com.android.internal.os.RuntimeInit$MethodAndArgsCaller.run(RuntimeInit.java:493)

09-02 15:14:58.204  9612  9612 I LSPosed-Bridge: 	at com.android.internal.os.ZygoteInit.main(ZygoteInit.java:858)

09-02 15:14:58.204   559   559 I ConfigStore: android::hardware::configstore::V1_0::ISurfaceFlingerConfigs::hasHDRDisplay retrieved: 0

09-02 15:15:02.903   559   559 I ConfigStore: android::hardware::configstore::V1_0::ISurfaceFlingerConfigs::hasHDRDisplay retrieved: 0

09-02 15:15:02.903  9612  9612 I LSPosed-Bridge: 9612 PermLabel permName: android.permission.READ_PHONE_STATE; getRunningAppProcesses =[android.app.ActivityManager$RunningAppProcessInfo@fbd654e, android.app.ActivityManager$RunningAppProcessInfo@d6166f]; stacktrace=java.lang.Exception

09-02 15:15:02.903  9612  9612 I LSPosed-Bridge: 	at com.example.permlabel.hookBinder_test$2.afterHookedMethod(hookBinder_test.java:95)

09-02 15:15:02.903  9612  9612 I LSPosed-Bridge: 	at de.robv.android.xposed.XposedBridge$AdditionalHookInfo.callback(Unknown Source:147)

09-02 15:15:02.903  9612  9612 I LSPosed-Bridge: 	at LSPHooker_.getRunningAppProcesses(Unknown Source:8)

09-02 15:15:02.903  9612  9612 I LSPosed-Bridge: 	at com.MobileTicket.TicketActivityManager$Companion.isAppOnForeground(TicketActivityManager.kt:165)

09-02 15:15:02.903  9612  9612 I LSPosed-Bridge: 	at com.MobileTicket.TicketActivityManager.onActivityStopped(TicketActivityManager.kt:71)

09-02 15:15:02.903  9612  9612 I LSPosed-Bridge: 	at android.app.Application.dispatchActivityStopped(Application.java:257)

09-02 15:15:02.903  9612  9612 I LSPosed-Bridge: 	at android.app.Activity.onStop(Activity.java:1914)

09-02 15:15:02.903  9612  9612 I LSPosed-Bridge: 	at androidx.fragment.app.FragmentActivity.onStop(FragmentActivity.java:559)

09-02 15:15:02.903  9612  9612 I LSPosed-Bridge: 	at androidx.appcompat.app.AppCompatActivity.onStop(AppCompatActivity.java:216)

09-02 15:15:02.903  9612  9612 I LSPosed-Bridge: 	at com.alipay.mobile.framework.app.ui.BaseAppCompatActivity.f(BaseAppCompatActivity.java:314)

09-02 15:15:02.903  9612  9612 I LSPosed-Bridge: 	at com.alipay.mobile.framework.app.ui.BaseAppCompatActivity.onStop(BaseAppCompatActivity.java:308)

09-02 15:15:02.903  9612  9612 I LSPosed-Bridge: 	at android.app.Instrumentation.callActivityOnStop(Instrumentation.java:1433)

09-02 15:15:02.903  9612  9612 I LSPosed-Bridge: 	at android.app.Activity.performStop(Activity.java:7367)

09-02 15:15:02.903  9612  9612 I LSPosed-Bridge: 	at android.app.ActivityThread.callActivityOnStop(ActivityThread.java:4144)

09-02 15:15:02.903  9612  9612 I LSPosed-Bridge: 	at android.app.ActivityThread.performStopActivityInner(ActivityThread.java:4122)

09-02 15:15:02.903  9612  9612 I LSPosed-Bridge: 	at android.app.ActivityThread.handleStopActivity(ActivityThread.java:4197)

09-02 15:15:02.903  9612  9612 I LSPosed-Bridge: 	at android.app.servertransaction.TransactionExecutor.performLifecycleSequence(TransactionExecutor.java:192)

09-02 15:15:02.903  9612  9612 I LSPosed-Bridge: 	at android.app.servertransaction.TransactionExecutor.cycleToPath(TransactionExecutor.java:165)

09-02 15:15:02.903  9612  9612 I LSPosed-Bridge: 	at android.app.servertransaction.TransactionExecutor.executeLifecycleState(TransactionExecutor.java:142)

