09-02 15:13:19.857  9612  9612 I LSPosed-Bridge: 	at android.app.ActivityThread.main(ActivityThread.java:6692)

09-02 15:13:19.857  9612  9612 I LSPosed-Bridge: 	at java.lang.reflect.Method.invoke(Native Method)

09-02 15:13:19.857  9612  9612 I LSPosed-Bridge: 	at com.android.internal.os.RuntimeInit$MethodAndArgsCaller.run(RuntimeInit.java:493)

09-02 15:13:19.857  9612  9612 I LSPosed-Bridge: 	at com.android.internal.os.ZygoteInit.main(ZygoteInit.java:858)

09-02 15:13:20.624   559   559 I ConfigStore: android::hardware::configstore::V1_0::ISurfaceFlingerConfigs::hasHDRDisplay retrieved: 0

09-02 15:13:20.624   559   559 I ConfigStore: android::hardware::configstore::V1_0::ISurfaceFlingerConfigs::hasHDRDisplay retrieved: 0

09-02 15:13:20.624  9612 10712 I LSPosed-Bridge: 9612 PermLabel 10134 ContextImpl Binder.getCallingPid() = 9612; Binder.getCallingUid() = 10134; permName: android.permission.READ_PHONE_STATE; res = -1; stacktrace=java.lang.Exception

09-02 15:13:20.624  9612 10712 I LSPosed-Bridge: 9612 PermLabel 10134 ContextImpl Binder.getCallingPid() = 9612; Binder.getCallingUid() = 10134; permName: android.permission.READ_PHONE_STATE; res = -1; stacktrace=java.lang.Exception

09-02 15:13:20.624  9612 10712 I LSPosed-Bridge: 	at com.example.permlabel.requestPerm$2.afterHookedMethod(requestPerm.java:186)

09-02 15:13:20.624  9612 10712 I LSPosed-Bridge: 	at com.example.permlabel.requestPerm$2.afterHookedMethod(requestPerm.java:186)

09-02 15:13:20.624  9612 10712 I LSPosed-Bridge: 	at de.robv.android.xposed.XposedBridge$AdditionalHookInfo.callback(Unknown Source:147)

09-02 15:13:20.624  9612 10712 I LSPosed-Bridge: 	at de.robv.android.xposed.XposedBridge$AdditionalHookInfo.callback(Unknown Source:147)

09-02 15:13:20.624  9612 10712 I LSPosed-Bridge: 	at LSPHooker_.checkPermission(Unknown Source:25)

09-02 15:13:20.624  9612 10712 I LSPosed-Bridge: 	at LSPHooker_.checkPermission(Unknown Source:25)

09-02 15:13:20.624  9612 10712 I LSPosed-Bridge: 	at android.content.ContextWrapper.checkPermission(ContextWrapper.java:738)

09-02 15:13:20.624  9612 10712 I LSPosed-Bridge: 	at android.content.ContextWrapper.checkPermission(ContextWrapper.java:738)

09-02 15:13:20.624  9612 10712 I LSPosed-Bridge: 	at com.bangcle.everisk.b.e.b(Utils.java:136)

09-02 15:13:20.624  9612 10712 I LSPosed-Bridge: 	at com.bangcle.everisk.b.e.b(Utils.java:136)

09-02 15:13:20.624  9612 10712 I LSPosed-Bridge: 	at com.bangcle.everisk.b.e.a(Utils.java:145)

09-02 15:13:20.624  9612 10712 I LSPosed-Bridge: 	at com.bangcle.everisk.b.e.a(Utils.java:145)

09-02 15:13:20.624  9612 10712 I LSPosed-Bridge: 	at com.bangcle.everisk.b.e.c(Utils.java:550)

09-02 15:13:20.624  9612 10712 I LSPosed-Bridge: 	at com.bangcle.everisk.b.e.c(Utils.java:550)

09-02 15:13:20.624  9612 10712 I LSPosed-Bridge: 	at com.bangcle.everisk.b.e.e(Utils.java:232)

09-02 15:13:20.624  9612 10712 I LSPosed-Bridge: 	at com.bangcle.everisk.b.e.e(Utils.java:232)

09-02 15:13:20.624  9612 10712 I LSPosed-Bridge: 	at com.bangcle.everisk.a.b.a.b(DevInfoChecker.java:25)

09-02 15:13:20.624  9612 10712 I LSPosed-Bridge: 	at com.bangcle.everisk.a.b.a.b(DevInfoChecker.java:25)

09-02 15:13:20.624  9612 10712 I LSPosed-Bridge: 	at com.bangcle.everisk.a.a.run(Checker.java:27)

09-02 15:13:20.624  9612 10712 I LSPosed-Bridge: 	at com.bangcle.everisk.a.a.run(Checker.java:27)

09-02 15:13:20.624  9612 10712 I LSPosed-Bridge: 	at com.bangcle.everisk.a.b.handleMessage(EventDispatcher.java:33)

09-02 15:13:20.624  9612 10712 I LSPosed-Bridge: 	at com.bangcle.everisk.a.b.handleMessage(EventDispatcher.java:33)

09-02 15:13:20.624  9612 10712 I LSPosed-Bridge: 	at android.os.Handler.dispatchMessage(Handler.java:106)

09-02 15:13:20.624  9612 10712 I LSPosed-Bridge: 	at android.os.Handler.dispatchMessage(Handler.java:106)

09-02 15:13:20.624  9612 10712 I LSPosed-Bridge: 	at android.os.Looper.loop(Looper.java:193)

09-02 15:13:20.624  9612 10712 I LSPosed-Bridge: 	at android.os.Looper.loop(Looper.java:193)

09-02 15:13:20.624  9612 10712 I LSPosed-Bridge: 	at android.os.HandlerThread.run(HandlerThread.java:65)

09-02 15:13:20.624  9612 10712 I LSPosed-Bridge: 	at android.os.HandlerThread.run(HandlerThread.java:65)

09-02 15:13:20.624  9612 10712 I LSPosed-Bridge: 9612 PermLabel 10134 ContextImpl.checkPermission: pid = 9612; uid = 10134; permName: android.permission.READ_PHONE_STATE; type = 1; res = -1; stacktrace=java.lang.Exception

09-02 15:13:20.624  9612 10712 I LSPosed-Bridge: 9612 PermLabel 10134 ContextImpl.checkPermission: pid = 9612; uid = 10134; permName: android.permission.READ_PHONE_STATE; type = 1; res = -1; stacktrace=java.lang.Exception

09-02 15:13:20.624  9612 10712 I LSPosed-Bridge: 	at com.example.permlabel.requestPerm$2.afterHookedMethod(requestPerm.java:210)

09-02 15:13:20.624  9612 10712 I LSPosed-Bridge: 	at com.example.permlabel.requestPerm$2.afterHookedMethod(requestPerm.java:210)

09-02 15:13:20.624  9612 10712 I LSPosed-Bridge: 	at de.robv.android.xposed.XposedBridge$AdditionalHookInfo.callback(Unknown Source:147)

09-02 15:13:20.624  9612 10712 I LSPosed-Bridge: 	at de.robv.android.xposed.XposedBridge$AdditionalHookInfo.callback(Unknown Source:147)

09-02 15:13:20.624  9612 10712 I LSPosed-Bridge: 	at LSPHooker_.checkPermission(Unknown Source:25)

09-02 15:13:20.624  9612 10712 I LSPosed-Bridge: 	at LSPHooker_.checkPermission(Unknown Source:25)

09-02 15:13:20.624  9612 10712 I LSPosed-Bridge: 	at android.content.ContextWrapper.checkPermission(ContextWrapper.java:738)

09-02 15:13:20.624  9612 10712 I LSPosed-Bridge: 	at android.content.ContextWrapper.checkPermission(ContextWrapper.java:738)

09-02 15:13:20.624  9612 10712 I LSPosed-Bridge: 	at com.bangcle.everisk.b.e.b(Utils.java:136)

09-02 15:13:20.624  9612 10712 I LSPosed-Bridge: 	at com.bangcle.everisk.b.e.b(Utils.java:136)

09-02 15:13:20.624  9612 10712 I LSPosed-Bridge: 	at com.bangcle.everisk.b.e.a(Utils.java:145)

09-02 15:13:20.624  9612 10712 I LSPosed-Bridge: 	at com.bangcle.everisk.b.e.a(Utils.java:145)

09-02 15:13:20.624  9612 10712 I LSPosed-Bridge: 	at com.bangcle.everisk.b.e.c(Utils.java:550)

09-02 15:13:20.624  9612 10712 I LSPosed-Bridge: 	at com.bangcle.everisk.b.e.c(Utils.java:550)

09-02 15:13:20.624  9612 10712 I LSPosed-Bridge: 	at com.bangcle.everisk.b.e.e(Utils.java:232)

09-02 15:13:20.624  9612 10712 I LSPosed-Bridge: 	at com.bangcle.everisk.b.e.e(Utils.java:232)

09-02 15:13:20.624  9612 10712 I LSPosed-Bridge: 	at com.bangcle.everisk.a.b.a.b(DevInfoChecker.java:25)

09-02 15:13:20.624  9612 10712 I LSPosed-Bridge: 	at com.bangcle.everisk.a.b.a.b(DevInfoChecker.java:25)

09-02 15:13:20.624  9612 10712 I LSPosed-Bridge: 	at com.bangcle.everisk.a.a.run(Checker.java:27)

09-02 15:13:20.624  9612 10712 I LSPosed-Bridge: 	at com.bangcle.everisk.a.a.run(Checker.java:27)

09-02 15:13:20.624  9612 10712 I LSPosed-Bridge: 	at com.bangcle.everisk.a.b.handleMessage(EventDispatcher.java:33)

09-02 15:13:20.624  9612 10712 I LSPosed-Bridge: 	at com.bangcle.everisk.a.b.handleMessage(EventDispatcher.java:33)

09-02 15:13:20.624  9612 10712 I LSPosed-Bridge: 	at android.os.Handler.dispatchMessage(Handler.java:106)

09-02 15:13:20.624  9612 10712 I LSPosed-Bridge: 	at android.os.Handler.dispatchMessage(Handler.java:106)

09-02 15:13:20.624  9612 10712 I LSPosed-Bridge: 	at android.os.Looper.loop(Looper.java:193)

09-02 15:13:20.624  9612 10712 I LSPosed-Bridge: 	at android.os.Looper.loop(Looper.java:193)

09-02 15:13:20.624  9612 10712 I LSPosed-Bridge: 	at android.os.HandlerThread.run(HandlerThread.java:65)

09-02 15:13:20.624  9612 10712 I LSPosed-Bridge: 	at android.os.HandlerThread.run(HandlerThread.java:65)

09-02 15:13:20.624   559   559 I ConfigStore: android::hardware::configstore::V1_0::ISurfaceFlingerConfigs::hasHDRDisplay retrieved: 0

09-02 15:13:20.624   559   559 I ConfigStore: android::hardware::configstore::V1_0::ISurfaceFlingerConfigs::hasHDRDisplay retrieved: 0

09-02 15:13:20.629  9612 10712 I LSPosed-Bridge: 9612 PermLabel 10134 ContextImpl Binder.getCallingPid() = 9612; Binder.getCallingUid() = 10134; permName: android.permission.READ_PHONE_STATE; res = -1; stacktrace=java.lang.Exception

09-02 15:13:20.629  9612 10712 I LSPosed-Bridge: 	at com.example.permlabel.requestPerm$2.afterHookedMethod(requestPerm.java:186)

09-02 15:13:20.629  9612 10712 I LSPosed-Bridge: 	at de.robv.android.xposed.XposedBridge$AdditionalHookInfo.callback(Unknown Source:147)

09-02 15:13:20.629  9612 10712 I LSPosed-Bridge: 	at LSPHooker_.checkPermission(Unknown Source:25)

09-02 15:13:20.629  9612 10712 I LSPosed-Bridge: 	at android.content.ContextWrapper.checkPermission(ContextWrapper.java:738)

09-02 15:13:20.629  9612 10712 I LSPosed-Bridge: 	at com.bangcle.everisk.b.e.b(Utils.java:136)

09-02 15:13:20.629  9612 10712 I LSPosed-Bridge: 	at com.bangcle.everisk.b.e.a(Utils.java:145)

09-02 15:13:20.629  9612 10712 I LSPosed-Bridge: 	at com.bangcle.everisk.b.e.c(Utils.java:550)

09-02 15:13:20.629  9612 10712 I LSPosed-Bridge: 	at com.bangcle.everisk.b.e.e(Utils.java:233)

09-02 15:13:20.629  9612 10712 I LSPosed-Bridge: 	at com.bangcle.everisk.a.b.a.b(DevInfoChecker.java:25)

09-02 15:13:20.629  9612 10712 I LSPosed-Bridge: 	at com.bangcle.everisk.a.a.run(Checker.java:27)

09-02 15:13:20.629  9612 10712 I LSPosed-Bridge: 	at com.bangcle.everisk.a.b.handleMessage(EventDispatcher.java:33)

09-02 15:13:20.629  9612 10712 I LSPosed-Bridge: 	at android.os.Handler.dispatchMessage(Handler.java:106)

09-02 15:13:20.629  9612 10712 I LSPosed-Bridge: 	at android.os.Looper.loop(Looper.java:193)

09-02 15:13:20.629  9612 10712 I LSPosed-Bridge: 	at android.os.HandlerThread.run(HandlerThread.java:65)

09-02 15:13:20.638  9612 10712 I LSPosed-Bridge: 9612 PermLabel 10134 ContextImpl.checkPermission: pid = 9612; uid = 10134; permName: android.permission.READ_PHONE_STATE; type = 1; res = -1; stacktrace=java.lang.Exception

09-02 15:13:20.638  9612 10712 I LSPosed-Bridge: 	at com.example.permlabel.requestPerm$2.afterHookedMethod(requestPerm.java:210)

09-02 15:13:20.638  9612 10712 I LSPosed-Bridge: 	at de.robv.android.xposed.XposedBridge$AdditionalHookInfo.callback(Unknown Source:147)

09-02 15:13:20.638  9612 10712 I LSPosed-Bridge: 	at LSPHooker_.checkPermission(Unknown Source:25)

09-02 15:13:20.638  9612 10712 I LSPosed-Bridge: 	at android.content.ContextWrapper.checkPermission(ContextWrapper.java:738)

09-02 15:13:20.638  9612 10712 I LSPosed-Bridge: 	at com.bangcle.everisk.b.e.b(Utils.java:136)

09-02 15:13:20.638  9612 10712 I LSPosed-Bridge: 	at com.bangcle.everisk.b.e.a(Utils.java:145)

09-02 15:13:20.638  9612 10712 I LSPosed-Bridge: 	at com.bangcle.everisk.b.e.c(Utils.java:550)

09-02 15:13:20.638  9612 10712 I LSPosed-Bridge: 	at com.bangcle.everisk.b.e.e(Utils.java:233)

09-02 15:13:20.638  9612 10712 I LSPosed-Bridge: 	at com.bangcle.everisk.a.b.a.b(DevInfoChecker.java:25)

09-02 15:13:20.638  9612 10712 I LSPosed-Bridge: 	at com.bangcle.everisk.a.a.run(Checker.java:27)

09-02 15:13:20.638  9612 10712 I LSPosed-Bridge: 	at com.bangcle.everisk.a.b.handleMessage(EventDispatcher.java:33)

09-02 15:13:20.638  9612 10712 I LSPosed-Bridge: 	at android.os.Handler.dispatchMessage(Handler.java:106)

09-02 15:13:20.638  9612 10712 I LSPosed-Bridge: 	at android.os.Looper.loop(Looper.java:193)

09-02 15:13:20.638  9612 10712 I LSPosed-Bridge: 	at android.os.HandlerThread.run(HandlerThread.java:65)

09-02 15:13:20.644   559   559 I ConfigStore: android::hardware::configstore::V1_0::ISurfaceFlingerConfigs::hasHDRDisplay retrieved: 0

09-02 15:13:20.644  9612 10712 I LSPosed-Bridge: 9612 PermLabel 10134 ContextImpl Binder.getCallingPid() = 9612; Binder.getCallingUid() = 10134; permName: android.permission.READ_PHONE_STATE; res = -1; stacktrace=java.lang.Exception

09-02 15:13:20.644  9612 10712 I LSPosed-Bridge: 	at com.example.permlabel.requestPerm$2.afterHookedMethod(requestPerm.java:186)

09-02 15:13:20.644  9612 10712 I LSPosed-Bridge: 	at de.robv.android.xposed.XposedBridge$AdditionalHookInfo.callback(Unknown Source:147)

09-02 15:13:20.644  9612 10712 I LSPosed-Bridge: 	at LSPHooker_.checkPermission(Unknown Source:25)

09-02 15:13:20.644  9612 10712 I LSPosed-Bridge: 	at android.content.ContextWrapper.checkPermission(ContextWrapper.java:738)

09-02 15:13:20.644  9612 10712 I LSPosed-Bridge: 	at com.bangcle.everisk.b.e.b(Utils.java:136)

09-02 15:13:20.644  9612 10712 I LSPosed-Bridge: 	at com.bangcle.everisk.b.e.a(Utils.java:145)

09-02 15:13:20.644  9612 10712 I LSPosed-Bridge: 	at com.bangcle.everisk.b.e.m(Utils.java:1001)

09-02 15:13:20.644  9612 10712 I LSPosed-Bridge: 	at com.bangcle.everisk.b.e.e(Utils.java:259)

09-02 15:13:20.644  9612 10712 I LSPosed-Bridge: 	at com.bangcle.everisk.a.b.a.b(DevInfoChecker.java:25)

09-02 15:13:20.644  9612 10712 I LSPosed-Bridge: 	at com.bangcle.everisk.a.a.run(Checker.java:27)

09-02 15:13:20.644  9612 10712 I LSPosed-Bridge: 	at com.bangcle.everisk.a.b.handleMessage(EventDispatcher.java:33)

09-02 15:13:20.644  9612 10712 I LSPosed-Bridge: 	at android.os.Handler.dispatchMessage(Handler.java:106)

09-02 15:13:20.644  9612 10712 I LSPosed-Bridge: 	at android.os.Looper.loop(Looper.java:193)

09-02 15:13:20.644  9612 10712 I LSPosed-Bridge: 	at android.os.HandlerThread.run(HandlerThread.java:65)

09-02 15:13:20.644   559   559 I ConfigStore: android::hardware::configstore::V1_0::ISurfaceFlingerConfigs::hasHDRDisplay retrieved: 0

09-02 15:13:20.644   559   559 I ConfigStore: android::hardware::configstore::V1_0::ISurfaceFlingerConfigs::hasHDRDisplay retrieved: 0

09-02 15:13:20.645  9612 10712 I LSPosed-Bridge: 9612 PermLabel 10134 ContextImpl.checkPermission: pid = 9612; uid = 10134; permName: android.permission.READ_PHONE_STATE; type = 1; res = -1; stacktrace=java.lang.Exception

09-02 15:13:20.645  9612 10712 I LSPosed-Bridge: 	at com.example.permlabel.requestPerm$2.afterHookedMethod(requestPerm.java:210)

09-02 15:13:20.645  9612 10712 I LSPosed-Bridge: 	at de.robv.android.xposed.XposedBridge$AdditionalHookInfo.callback(Unknown Source:147)

09-02 15:13:20.645  9612 10712 I LSPosed-Bridge: 	at LSPHooker_.checkPermission(Unknown Source:25)

09-02 15:13:20.645  9612 10712 I LSPosed-Bridge: 	at android.content.ContextWrapper.checkPermission(ContextWrapper.java:738)

09-02 15:13:20.645  9612 10712 I LSPosed-Bridge: 	at com.bangcle.everisk.b.e.b(Utils.java:136)

09-02 15:13:20.645  9612 10712 I LSPosed-Bridge: 	at com.bangcle.everisk.b.e.a(Utils.java:145)

09-02 15:13:20.645  9612 10712 I LSPosed-Bridge: 	at com.bangcle.everisk.b.e.m(Utils.java:1001)

09-02 15:13:20.645  9612 10712 I LSPosed-Bridge: 	at com.bangcle.everisk.b.e.e(Utils.java:259)

09-02 15:13:20.645  9612 10712 I LSPosed-Bridge: 	at com.bangcle.everisk.a.b.a.b(DevInfoChecker.java:25)

09-02 15:13:20.645  9612 10712 I LSPosed-Bridge: 	at com.bangcle.everisk.a.a.run(Checker.java:27)

09-02 15:13:20.645  9612 10712 I LSPosed-Bridge: 	at com.bangcle.everisk.a.b.handleMessage(EventDispatcher.java:33)

09-02 15:13:20.645  9612 10712 I LSPosed-Bridge: 	at android.os.Handler.dispatchMessage(Handler.java:106)

09-02 15:13:20.645  9612 10712 I LSPosed-Bridge: 	at android.os.Looper.loop(Looper.java:193)

09-02 15:13:20.645  9612 10712 I LSPosed-Bridge: 	at android.os.HandlerThread.run(HandlerThread.java:65)

09-02 15:13:20.650  9612 10712 I LSPosed-Bridge: 9612 PermLabel 10134 ContextImpl Binder.getCallingPid() = 9612; Binder.getCallingUid() = 10134; permName: android.permission.READ_PHONE_STATE; res = -1; stacktrace=java.lang.Exception

09-02 15:13:20.650  9612 10712 I LSPosed-Bridge: 9612 PermLabel 10134 ContextImpl Binder.getCallingPid() = 9612; Binder.getCallingUid() = 10134; permName: android.permission.READ_PHONE_STATE; res = -1; stacktrace=java.lang.Exception

09-02 15:13:20.650  9612 10712 I LSPosed-Bridge: 	at com.example.permlabel.requestPerm$2.afterHookedMethod(requestPerm.java:186)

09-02 15:13:20.650  9612 10712 I LSPosed-Bridge: 	at com.example.permlabel.requestPerm$2.afterHookedMethod(requestPerm.java:186)

09-02 15:13:20.650  9612 10712 I LSPosed-Bridge: 	at de.robv.android.xposed.XposedBridge$AdditionalHookInfo.callback(Unknown Source:147)

09-02 15:13:20.650  9612 10712 I LSPosed-Bridge: 	at de.robv.android.xposed.XposedBridge$AdditionalHookInfo.callback(Unknown Source:147)

09-02 15:13:20.650  9612 10712 I LSPosed-Bridge: 	at LSPHooker_.checkPermission(Unknown Source:25)

09-02 15:13:20.650  9612 10712 I LSPosed-Bridge: 	at LSPHooker_.checkPermission(Unknown Source:25)

09-02 15:13:20.650  9612 10712 I LSPosed-Bridge: 	at android.content.ContextWrapper.checkPermission(ContextWrapper.java:738)

09-02 15:13:20.650  9612 10712 I LSPosed-Bridge: 	at android.content.ContextWrapper.checkPermission(ContextWrapper.java:738)

09-02 15:13:20.650  9612 10712 I LSPosed-Bridge: 	at com.bangcle.everisk.b.e.b(Utils.java:136)

09-02 15:13:20.650  9612 10712 I LSPosed-Bridge: 	at com.bangcle.everisk.b.e.b(Utils.java:136)

09-02 15:13:20.650  9612 10712 I LSPosed-Bridge: 	at com.bangcle.everisk.b.e.a(Utils.java:145)

09-02 15:13:20.650  9612 10712 I LSPosed-Bridge: 	at com.bangcle.everisk.b.e.a(Utils.java:145)

09-02 15:13:20.650  9612 10712 I LSPosed-Bridge: 	at com.bangcle.everisk.b.e.k(Utils.java:591)

09-02 15:13:20.650  9612 10712 I LSPosed-Bridge: 	at com.bangcle.everisk.b.e.k(Utils.java:591)

09-02 15:13:20.650  9612 10712 I LSPosed-Bridge: 	at com.bangcle.everisk.b.e.e(Utils.java:260)

09-02 15:13:20.650  9612 10712 I LSPosed-Bridge: 	at com.bangcle.everisk.b.e.e(Utils.java:260)

09-02 15:13:20.650  9612 10712 I LSPosed-Bridge: 	at com.bangcle.everisk.a.b.a.b(DevInfoChecker.java:25)

09-02 15:13:20.650  9612 10712 I LSPosed-Bridge: 	at com.bangcle.everisk.a.b.a.b(DevInfoChecker.java:25)

09-02 15:13:20.650  9612 10712 I LSPosed-Bridge: 	at com.bangcle.everisk.a.a.run(Checker.java:27)

09-02 15:13:20.650  9612 10712 I LSPosed-Bridge: 	at com.bangcle.everisk.a.a.run(Checker.java:27)

09-02 15:13:20.650  9612 10712 I LSPosed-Bridge: 	at com.bangcle.everisk.a.b.handleMessage(EventDispatcher.java:33)

09-02 15:13:20.650  9612 10712 I LSPosed-Bridge: 	at com.bangcle.everisk.a.b.handleMessage(EventDispatcher.java:33)

09-02 15:13:20.650  9612 10712 I LSPosed-Bridge: 	at android.os.Handler.dispatchMessage(Handler.java:106)

09-02 15:13:20.650  9612 10712 I LSPosed-Bridge: 	at android.os.Handler.dispatchMessage(Handler.java:106)

09-02 15:13:20.650  9612 10712 I LSPosed-Bridge: 	at android.os.Looper.loop(Looper.java:193)

09-02 15:13:20.650  9612 10712 I LSPosed-Bridge: 	at android.os.Looper.loop(Looper.java:193)

09-02 15:13:20.650  9612 10712 I LSPosed-Bridge: 	at android.os.HandlerThread.run(HandlerThread.java:65)

09-02 15:13:20.650  9612 10712 I LSPosed-Bridge: 	at android.os.HandlerThread.run(HandlerThread.java:65)

09-02 15:13:20.650  9612 10712 I LSPosed-Bridge: 9612 PermLabel 10134 ContextImpl.checkPermission: pid = 9612; uid = 10134; permName: android.permission.READ_PHONE_STATE; type = 1; res = -1; stacktrace=java.lang.Exception

09-02 15:13:20.650  9612 10712 I LSPosed-Bridge: 9612 PermLabel 10134 ContextImpl.checkPermission: pid = 9612; uid = 10134; permName: android.permission.READ_PHONE_STATE; type = 1; res = -1; stacktrace=java.lang.Exception

09-02 15:13:20.650  9612 10712 I LSPosed-Bridge: 	at com.example.permlabel.requestPerm$2.afterHookedMethod(requestPerm.java:210)

09-02 15:13:20.650  9612 10712 I LSPosed-Bridge: 	at com.example.permlabel.requestPerm$2.afterHookedMethod(requestPerm.java:210)

09-02 15:13:20.650  9612 10712 I LSPosed-Bridge: 	at de.robv.android.xposed.XposedBridge$AdditionalHookInfo.callback(Unknown Source:147)

09-02 15:13:20.650  9612 10712 I LSPosed-Bridge: 	at de.robv.android.xposed.XposedBridge$AdditionalHookInfo.callback(Unknown Source:147)

09-02 15:13:20.650  9612 10712 I LSPosed-Bridge: 	at LSPHooker_.checkPermission(Unknown Source:25)

09-02 15:13:20.650  9612 10712 I LSPosed-Bridge: 	at LSPHooker_.checkPermission(Unknown Source:25)

09-02 15:13:20.650  9612 10712 I LSPosed-Bridge: 	at android.content.ContextWrapper.checkPermission(ContextWrapper.java:738)

09-02 15:13:20.650  9612 10712 I LSPosed-Bridge: 	at android.content.ContextWrapper.checkPermission(ContextWrapper.java:738)

09-02 15:13:20.650  9612 10712 I LSPosed-Bridge: 	at com.bangcle.everisk.b.e.b(Utils.java:136)

09-02 15:13:20.650  9612 10712 I LSPosed-Bridge: 	at com.bangcle.everisk.b.e.b(Utils.java:136)

09-02 15:13:20.650  9612 10712 I LSPosed-Bridge: 	at com.bangcle.everisk.b.e.a(Utils.java:145)

09-02 15:13:20.650  9612 10712 I LSPosed-Bridge: 	at com.bangcle.everisk.b.e.a(Utils.java:145)

09-02 15:13:20.650  9612 10712 I LSPosed-Bridge: 	at com.bangcle.everisk.b.e.k(Utils.java:591)

09-02 15:13:20.650  9612 10712 I LSPosed-Bridge: 	at com.bangcle.everisk.b.e.k(Utils.java:591)

09-02 15:13:20.650  9612 10712 I LSPosed-Bridge: 	at com.bangcle.everisk.b.e.e(Utils.java:260)

09-02 15:13:20.650  9612 10712 I LSPosed-Bridge: 	at com.bangcle.everisk.b.e.e(Utils.java:260)

09-02 15:13:20.650  9612 10712 I LSPosed-Bridge: 	at com.bangcle.everisk.a.b.a.b(DevInfoChecker.java:25)

09-02 15:13:20.650  9612 10712 I LSPosed-Bridge: 	at com.bangcle.everisk.a.b.a.b(DevInfoChecker.java:25)

09-02 15:13:20.650  9612 10712 I LSPosed-Bridge: 	at com.bangcle.everisk.a.a.run(Checker.java:27)

09-02 15:13:20.650  9612 10712 I LSPosed-Bridge: 	at com.bangcle.everisk.a.a.run(Checker.java:27)

09-02 15:13:20.650  9612 10712 I LSPosed-Bridge: 	at com.bangcle.everisk.a.b.handleMessage(EventDispatcher.java:33)

09-02 15:13:20.650  9612 10712 I LSPosed-Bridge: 	at com.bangcle.everisk.a.b.handleMessage(EventDispatcher.java:33)

09-02 15:13:20.650  9612 10712 I LSPosed-Bridge: 	at android.os.Handler.dispatchMessage(Handler.java:106)

09-02 15:13:20.650  9612 10712 I LSPosed-Bridge: 	at android.os.Handler.dispatchMessage(Handler.java:106)

09-02 15:13:20.650  9612 10712 I LSPosed-Bridge: 	at android.os.Looper.loop(Looper.java:193)

09-02 15:13:20.650  9612 10712 I LSPosed-Bridge: 	at android.os.Looper.loop(Looper.java:193)

09-02 15:13:20.650  9612 10712 I LSPosed-Bridge: 	at android.os.HandlerThread.run(HandlerThread.java:65)

09-02 15:13:20.650  9612 10712 I LSPosed-Bridge: 	at android.os.HandlerThread.run(HandlerThread.java:65)

09-02 15:13:25.745  1552  2923 I LSPosed-Bridge: 9612 PermLabel 10134 AMS.checkPermission: Binder.getCallingPid() = 1904; uid = 10134; Binder.getCallingUid() = 1001; getNameForUid: android.uid.phone:1001; getPackagesForUid: [com.android.mms.service, com.qualcomm.qcrilmsgtunnel, com.qualcomm.qti.telephonyservice, org.codeaurora.ims, com.qualcomm.simcontacts, com.qualcomm.qti.uim, com.qti.qualcomm.datastatusnotification, com.qti.qualcomm.deviceinfo, com.qualcomm.qti.callfeaturessetting, com.qualcomm.qti.autoregistration, com.qti.confuridialer, com.android.stk, com.android.providers.telephony, com.qualcomm.qti.networksetting, com.qualcomm.qti.lpa, com.android.phone, com.qualcomm.qti.ims, com.qti.xdivert]; permName: android.permission.READ_PHONE_STATE; type = 1; res = -1; stacktrace=java.lang.Exception

09-02 15:13:25.745  1552  2923 I LSPosed-Bridge: 	at com.example.permlabel.requirePerm$1$2.afterHookedMethod(requirePerm.java:130)

09-02 15:13:25.745  1552  2923 I LSPosed-Bridge: 	at de.robv.android.xposed.XposedBridge$AdditionalHookInfo.callback(Unknown Source:147)

09-02 15:13:25.745  1552  2923 I LSPosed-Bridge: 	at LSPHooker_.checkPermission(Unknown Source:25)

09-02 15:13:25.745  1552  2923 I LSPosed-Bridge: 	at android.app.IActivityManager$Stub.onTransact(IActivityManager.java:664)

09-02 15:13:25.745  1552  2923 I LSPosed-Bridge: 	at com.android.server.am.ActivityManagerService.onTransact(ActivityManagerService.java:3346)

09-02 15:13:25.745  1552  2923 I LSPosed-Bridge: 	at android.os.Binder.execTransact(Binder.java:731)

09-02 15:13:25.898  1552  2923 I LSPosed-Bridge: 9612 PermLabel 10134 AMS.checkPermission: Binder.getCallingPid() = 1904; uid = 10134; Binder.getCallingUid() = 1001; getNameForUid: android.uid.phone:1001; getPackagesForUid: [com.android.mms.service, com.qualcomm.qcrilmsgtunnel, com.qualcomm.qti.telephonyservice, org.codeaurora.ims, com.qualcomm.simcontacts, com.qualcomm.qti.uim, com.qti.qualcomm.datastatusnotification, com.qti.qualcomm.deviceinfo, com.qualcomm.qti.callfeaturessetting, com.qualcomm.qti.autoregistration, com.qti.confuridialer, com.android.stk, com.android.providers.telephony, com.qualcomm.qti.networksetting, com.qualcomm.qti.lpa, com.android.phone, com.qualcomm.qti.ims, com.qti.xdivert]; permName: android.permission.READ_PHONE_STATE; type = 1; res = -1; stacktrace=java.lang.Exception

09-02 15:13:25.898  1552  2923 I LSPosed-Bridge: 	at com.example.permlabel.requirePerm$1$2.afterHookedMethod(requirePerm.java:130)

09-02 15:13:25.898  1552  2923 I LSPosed-Bridge: 	at de.robv.android.xposed.XposedBridge$AdditionalHookInfo.callback(Unknown Source:147)

09-02 15:13:25.898  1552  2923 I LSPosed-Bridge: 	at LSPHooker_.checkPermission(Unknown Source:25)

09-02 15:13:25.898  1552  2923 I LSPosed-Bridge: 	at android.app.IActivityManager$Stub.onTransact(IActivityManager.java:664)

09-02 15:13:25.898  1552  2923 I LSPosed-Bridge: 	at com.android.server.am.ActivityManagerService.onTransact(ActivityManagerService.java:3346)

09-02 15:13:25.898  1552  2923 I LSPosed-Bridge: 	at android.os.Binder.execTransact(Binder.java:731)

09-02 15:13:25.917  9612 11576 I LSPosed-Bridge: 9612 PermLabel 10134; permName: android.permission.READ_PHONE_STATE; getSubscriberId res = null; stacktrace=java.lang.Exception

09-02 15:13:25.917  9612 11576 I LSPosed-Bridge: 	at com.example.permlabel.hookBinder_test$6.afterHookedMethod(hookBinder_test.java:124)

09-02 15:13:25.917  9612 11576 I LSPosed-Bridge: 	at de.robv.android.xposed.XposedBridge$AdditionalHookInfo.callback(Unknown Source:147)

09-02 15:13:25.917  9612 11576 I LSPosed-Bridge: 	at LSPHooker_.getSubscriberId(Unknown Source:8)

09-02 15:13:25.917  9612 11576 I LSPosed-Bridge: 	at com.taobao.wireless.security.adapter.datacollection.h.b(Unknown Source:4)

09-02 15:13:25.917  9612 11576 I LSPosed-Bridge: 	at com.taobao.wireless.security.adapter.datacollection.DeviceInfoCapturer.doCommandForString(Unknown Source:324)

09-02 15:13:26.030  9612 11576 I LSPosed-Bridge: 9612 PermLabel permName: android.permission.READ_PHONE_STATE; getRunningAppProcesses =[android.app.ActivityManager$RunningAppProcessInfo@299f48a, android.app.ActivityManager$RunningAppProcessInfo@4d56571, android.app.ActivityManager$RunningAppProcessInfo@a2acf56]; stacktrace=java.lang.Exception

09-02 15:13:26.030  9612 11576 I LSPosed-Bridge: 	at com.example.permlabel.hookBinder_test$2.afterHookedMethod(hookBinder_test.java:95)

09-02 15:13:26.030  9612 11576 I LSPosed-Bridge: 	at de.robv.android.xposed.XposedBridge$AdditionalHookInfo.callback(Unknown Source:147)

09-02 15:13:26.030  9612 11576 I LSPosed-Bridge: 	at LSPHooker_.getRunningAppProcesses(Unknown Source:8)

09-02 15:13:26.030  9612 11576 I LSPosed-Bridge: 	at com.taobao.wireless.security.adapter.datacollection.f.e(Unknown Source:19)

09-02 15:13:26.030  9612 11576 I LSPosed-Bridge: 	at com.taobao.wireless.security.adapter.datacollection.DeviceInfoCapturer.doCommandForString(Unknown Source:246)

09-02 15:13:26.043  1552  8137 I LSPosed-Bridge: 9612 PermLabel 10134 AMS.checkPermission: Binder.getCallingPid() = 1904; uid = 10134; Binder.getCallingUid() = 1001; getNameForUid: android.uid.phone:1001; getPackagesForUid: [com.android.mms.service, com.qualcomm.qcrilmsgtunnel, com.qualcomm.qti.telephonyservice, org.codeaurora.ims, com.qualcomm.simcontacts, com.qualcomm.qti.uim, com.qti.qualcomm.datastatusnotification, com.qti.qualcomm.deviceinfo, com.qualcomm.qti.callfeaturessetting, com.qualcomm.qti.autoregistration, com.qti.confuridialer, com.android.stk, com.android.providers.telephony, com.qualcomm.qti.networksetting, com.qualcomm.qti.lpa, com.android.phone, com.qualcomm.qti.ims, com.qti.xdivert]; permName: android.permission.READ_PHONE_STATE; type = 1; res = -1; stacktrace=java.lang.Exception

09-02 15:13:26.043  1552  8137 I LSPosed-Bridge: 	at com.example.permlabel.requirePerm$1$2.afterHookedMethod(requirePerm.java:130)

09-02 15:13:26.043  1552  8137 I LSPosed-Bridge: 	at de.robv.android.xposed.XposedBridge$AdditionalHookInfo.callback(Unknown Source:147)

09-02 15:13:26.043  1552  8137 I LSPosed-Bridge: 	at LSPHooker_.checkPermission(Unknown Source:25)

09-02 15:13:26.043  1552  8137 I LSPosed-Bridge: 	at android.app.IActivityManager$Stub.onTransact(IActivityManager.java:664)

09-02 15:13:26.043  1552  8137 I LSPosed-Bridge: 	at com.android.server.am.ActivityManagerService.onTransact(ActivityManagerService.java:3346)

09-02 15:13:26.043  1552  8137 I LSPosed-Bridge: 	at android.os.Binder.execTransact(Binder.java:731)

09-02 15:13:38.594  1552  8140 I LSPosed-Bridge: 9612 PermLabel 10134 AMS.checkPermission: Binder.getCallingPid() = 1904; uid = 10134; Binder.getCallingUid() = 1001; getNameForUid: android.uid.phone:1001; getPackagesForUid: [com.android.mms.service, com.qualcomm.qcrilmsgtunnel, com.qualcomm.qti.telephonyservice, org.codeaurora.ims, com.qualcomm.simcontacts, com.qualcomm.qti.uim, com.qti.qualcomm.datastatusnotification, com.qti.qualcomm.deviceinfo, com.qualcomm.qti.callfeaturessetting, com.qualcomm.qti.autoregistration, com.qti.confuridialer, com.android.stk, com.android.providers.telephony, com.qualcomm.qti.networksetting, com.qualcomm.qti.lpa, com.android.phone, com.qualcomm.qti.ims, com.qti.xdivert]; permName: android.permission.READ_PHONE_STATE; type = 1; res = -1; stacktrace=java.lang.Exception

09-02 15:13:38.594  1552  8140 I LSPosed-Bridge: 	at com.example.permlabel.requirePerm$1$2.afterHookedMethod(requirePerm.java:130)

09-02 15:13:38.594  1552  8140 I LSPosed-Bridge: 	at de.robv.android.xposed.XposedBridge$AdditionalHookInfo.callback(Unknown Source:147)

09-02 15:13:38.594  1552  8140 I LSPosed-Bridge: 	at LSPHooker_.checkPermission(Unknown Source:25)

09-02 15:13:38.594  1552  8140 I LSPosed-Bridge: 	at android.app.IActivityManager$Stub.onTransact(IActivityManager.java:664)

09-02 15:13:38.594  1552  8140 I LSPosed-Bridge: 	at com.android.server.am.ActivityManagerService.onTransact(ActivityManagerService.java:3346)

09-02 15:13:38.594  1552  8140 I LSPosed-Bridge: 	at android.os.Binder.execTransact(Binder.java:731)

09-02 15:14:00.315   559   559 I ConfigStore: android::hardware::configstore::V1_0::ISurfaceFlingerConfigs::hasHDRDisplay retrieved: 0

09-02 15:14:00.315  9612  9612 I LSPosed-Bridge: 9612 PermLabel permName: android.permission.READ_PHONE_STATE; getRunningAppProcesses =[android.app.ActivityManager$RunningAppProcessInfo@a1c0ad6, android.app.ActivityManager$RunningAppProcessInfo@c20157]; stacktrace=java.lang.Exception

09-02 15:14:00.315  9612  9612 I LSPosed-Bridge: 	at com.example.permlabel.hookBinder_test$2.afterHookedMethod(hookBinder_test.java:95)

09-02 15:14:00.315  9612  9612 I LSPosed-Bridge: 	at de.robv.android.xposed.XposedBridge$AdditionalHookInfo.callback(Unknown Source:147)

09-02 15:14:00.315  9612  9612 I LSPosed-Bridge: 	at LSPHooker_.getRunningAppProcesses(Unknown Source:8)

09-02 15:14:00.315  9612  9612 I LSPosed-Bridge: 	at com.MobileTicket.TicketActivityManager$Companion.isAppOnForeground(TicketActivityManager.kt:165)

09-02 15:14:00.315  9612  9612 I LSPosed-Bridge: 	at com.MobileTicket.TicketActivityManager.onActivityStopped(TicketActivityManager.kt:71)

09-02 15:14:00.315  9612  9612 I LSPosed-Bridge: 	at android.app.Application.dispatchActivityStopped(Application.java:257)

09-02 15:14:00.315  9612  9612 I LSPosed-Bridge: 	at android.app.Activity.onStop(Activity.java:1914)

09-02 15:14:00.315  9612  9612 I LSPosed-Bridge: 	at androidx.fragment.app.FragmentActivity.onStop(FragmentActivity.java:559)

09-02 15:14:00.315  9612  9612 I LSPosed-Bridge: 	at androidx.appcompat.app.AppCompatActivity.onStop(AppCompatActivity.java:216)

09-02 15:14:00.315  9612  9612 I LSPosed-Bridge: 	at com.alipay.mobile.framework.app.ui.BaseAppCompatActivity.f(BaseAppCompatActivity.java:314)

09-02 15:14:00.315  9612  9612 I LSPosed-Bridge: 	at com.alipay.mobile.framework.app.ui.BaseAppCompatActivity.onStop(BaseAppCompatActivity.java:308)

09-02 15:14:00.315  9612  9612 I LSPosed-Bridge: 	at android.app.Instrumentation.callActivityOnStop(Instrumentation.java:1433)

09-02 15:14:00.315  9612  9612 I LSPosed-Bridge: 	at android.app.Activity.performStop(Activity.java:7367)

09-02 15:14:00.315  9612  9612 I LSPosed-Bridge: 	at android.app.ActivityThread.callActivityOnStop(ActivityThread.java:4144)

09-02 15:14:00.315  9612  9612 I LSPosed-Bridge: 	at android.app.ActivityThread.performStopActivityInner(ActivityThread.java:4122)

09-02 15:14:00.315  9612  9612 I LSPosed-Bridge: 	at android.app.ActivityThread.handleStopActivity(ActivityThread.java:4197)

09-02 15:14:00.315  9612  9612 I LSPosed-Bridge: 	at android.app.servertransaction.TransactionExecutor.performLifecycleSequence(TransactionExecutor.java:192)

09-02 15:14:00.315  9612  9612 I LSPosed-Bridge: 	at android.app.servertransaction.TransactionExecutor.cycleToPath(TransactionExecutor.java:165)

09-02 15:14:00.315  9612  9612 I LSPosed-Bridge: 	at android.app.servertransaction.TransactionExecutor.executeLifecycleState(TransactionExecutor.java:142)

09-02 15:14:00.315  9612  9612 I LSPosed-Bridge: 	at android.app.servertransaction.TransactionExecutor.execute(TransactionExecutor.java:70)

09-02 15:14:00.315  9612  9612 I LSPosed-Bridge: 	at android.app.ActivityThread$H.handleMessage(ActivityThread.java:1809)

09-02 15:14:00.315  9612  9612 I LSPosed-Bridge: 	at android.os.Handler.dispatchMessage(Handler.java:106)

09-02 15:14:00.315  9612  9612 I LSPosed-Bridge: 	at android.os.Looper.loop(Looper.java:193)

09-02 15:14:00.315  9612  9612 I LSPosed-Bridge: 	at android.app.ActivityThread.main(ActivityThread.java:6692)

09-02 15:14:00.315  9612  9612 I LSPosed-Bridge: 	at java.lang.reflect.Method.invoke(Native Method)

09-02 15:14:00.315  9612  9612 I LSPosed-Bridge: 	at com.android.internal.os.RuntimeInit$MethodAndArgsCaller.run(RuntimeInit.java:493)

09-02 15:14:00.315  9612  9612 I LSPosed-Bridge: 	at com.android.internal.os.ZygoteInit.main(ZygoteInit.java:858)

09-02 15:14:00.315   559   559 I ConfigStore: android::hardware::configstore::V1_0::ISurfaceFlingerConfigs::hasHDRDisplay retrieved: 0

09-02 15:14:05.089  9612  9612 I LSPosed-Bridge: 9612 PermLabel getRunningAppProcesses packageName com.MobileTicket at index 0 in process 9612

09-02 15:14:05.089  9612  9612 I LSPosed-Bridge: 9612 PermLabel getRunningAppProcesses =android.app.ActivityManager$RunningAppProcessInfo@355e086

09-02 15:14:05.089  9612  9612 I LSPosed-Bridge: 9612 PermLabel getRunningAppProcesses processName: com.MobileTicket:push pid: 10022

09-02 15:14:05.089  9612  9612 I LSPosed-Bridge: 9612 PermLabel getRunningAppProcesses importance: 300 pid: 10022

09-02 15:14:05.089  9612  9612 I LSPosed-Bridge: 9612 PermLabel getRunningAppProcesses packageName com.MobileTicket at index 0 in process 10022

09-02 15:14:05.089  9612 10709 I LSPosed-Bridge: 9612 PermLabel hookBinder_test 10134 interfaceBinder =android.net.INetworkStatsService; arg0 = 11; arg1 = android.os.Parcel@3d32f7e; arg2 = android.os.Parcel@f62baa5; arg3 = 0; res = true; stacktrace=java.lang.Exception

09-02 15:14:05.089  9612 10709 I LSPosed-Bridge: 	at com.example.permlabel.hookBinder_test$1.afterHookedMethod(hookBinder_test.java:55)

09-02 15:14:05.089  9612 10709 I LSPosed-Bridge: 	at de.robv.android.xposed.XposedBridge$AdditionalHookInfo.callback(Unknown Source:147)

09-02 15:14:05.089  9612 10709 I LSPosed-Bridge: 	at LSPHooker_.transact(Unknown Source:28)

09-02 15:14:05.089  9612 10709 I LSPosed-Bridge: 	at android.net.INetworkStatsService$Stub$Proxy.getUidStats(INetworkStatsService.java:471)

09-02 15:14:05.089  9612 10709 I LSPosed-Bridge: 	at android.net.TrafficStats.getUidTxBytes(TrafficStats.java:728)

09-02 15:14:05.089  9612 10709 I LSPosed-Bridge: 	at com.bonree.sdk.au.c.b(SourceFile:124)

09-02 15:14:05.089  9612 10709 I LSPosed-Bridge: 	at com.bonree.sdk.au.a.a(SourceFile:58)

09-02 15:14:05.089  9612 10709 I LSPosed-Bridge: 	at com.bonree.sdk.au.a.c(SourceFile:168)

09-02 15:14:05.089  9612 10709 I LSPosed-Bridge: 	at com.bonree.sdk.f.d.c(SourceFile:425)

09-02 15:14:05.089  9612 10709 I LSPosed-Bridge: 	at com.bonree.sdk.f.d.a(SourceFile:398)

09-02 15:14:05.089  9612 10709 I LSPosed-Bridge: 	at com.bonree.sdk.f.d.d(SourceFile:498)

09-02 15:14:05.089  9612 10709 I LSPosed-Bridge: 	at com.bonree.sdk.f.d.a(SourceFile:146)

09-02 15:14:05.089  9612 10709 I LSPosed-Bridge: 	at com.bonree.sdk.b.a.a(SourceFile:79)

09-02 15:14:05.089  9612 10709 I LSPosed-Bridge: 	at com.bonree.sdk.d.c$a.a(SourceFile:225)

09-02 15:14:05.089  9612 10709 I LSPosed-Bridge: 	at com.bonree.sdk.d.c$a.handleMessage(SourceFile:133)

09-02 15:14:05.089  9612 10709 I LSPosed-Bridge: 	at android.os.Handler.dispatchMessage(Handler.java:106)

09-02 15:14:05.089  9612 10709 I LSPosed-Bridge: 	at android.os.Looper.loop(Looper.java:193)

09-02 15:14:05.089  9612 10709 I LSPosed-Bridge: 	at android.os.HandlerThread.run(HandlerThread.java:65)

09-02 15:14:05.089  9612  9612 I LSPosed-Bridge: 9612 PermLabel permName: android.permission.READ_PHONE_STATE; getRunningAppProcesses =[android.app.ActivityManager$RunningAppProcessInfo@74a3d61, android.app.ActivityManager$RunningAppProcessInfo@355e086]; stacktrace=java.lang.Exception

09-02 15:14:05.089  9612  9612 I LSPosed-Bridge: 	at com.example.permlabel.hookBinder_test$2.afterHookedMethod(hookBinder_test.java:95)

09-02 15:14:05.089  9612  9612 I LSPosed-Bridge: 	at de.robv.android.xposed.XposedBridge$AdditionalHookInfo.callback(Unknown Source:147)

09-02 15:14:05.089  9612  9612 I LSPosed-Bridge: 	at LSPHooker_.getRunningAppProcesses(Unknown Source:8)

09-02 15:14:05.089  9612  9612 I LSPosed-Bridge: 	at com.MobileTicket.TicketActivityManager$Companion.isAppOnForeground(TicketActivityManager.kt:165)

09-02 15:14:05.089  9612  9612 I LSPosed-Bridge: 	at com.MobileTicket.TicketActivityManager.onActivityStopped(TicketActivityManager.kt:71)

09-02 15:14:05.089  9612  9612 I LSPosed-Bridge: 	at android.app.Application.dispatchActivityStopped(Application.java:257)

09-02 15:14:05.089  9612  9612 I LSPosed-Bridge: 	at android.app.Activity.onStop(Activity.java:1914)

09-02 15:14:05.089  9612  9612 I LSPosed-Bridge: 	at androidx.fragment.app.FragmentActivity.onStop(FragmentActivity.java:559)

09-02 15:14:05.089  9612  9612 I LSPosed-Bridge: 	at androidx.appcompat.app.AppCompatActivity.onStop(AppCompatActivity.java:216)

09-02 15:14:05.089  9612  9612 I LSPosed-Bridge: 	at com.alipay.mobile.framework.app.ui.BaseAppCompatActivity.f(BaseAppCompatActivity.java:314)

09-02 15:14:05.089  9612  9612 I LSPosed-Bridge: 	at com.alipay.mobile.framework.app.ui.BaseAppCompatActivity.onStop(BaseAppCompatActivity.java:308)

09-02 15:14:05.089  9612  9612 I LSPosed-Bridge: 	at android.app.Instrumentation.callActivityOnStop(Instrumentation.java:1433)

09-02 15:14:05.089  9612  9612 I LSPosed-Bridge: 	at android.app.Activity.performStop(Activity.java:7367)

09-02 15:14:05.089  9612  9612 I LSPosed-Bridge: 	at android.app.ActivityThread.callActivityOnStop(ActivityThread.java:4144)

09-02 15:14:05.089  9612  9612 I LSPosed-Bridge: 	at android.app.ActivityThread.performStopActivityInner(ActivityThread.java:4122)

09-02 15:14:05.089  9612  9612 I LSPosed-Bridge: 	at android.app.ActivityThread.handleStopActivity(ActivityThread.java:4197)

09-02 15:14:05.089  9612  9612 I LSPosed-Bridge: 	at android.app.servertransaction.TransactionExecutor.performLifecycleSequence(TransactionExecutor.java:192)

09-02 15:14:05.089  9612  9612 I LSPosed-Bridge: 	at android.app.servertransaction.TransactionExecutor.cycleToPath(TransactionExecutor.java:165)

09-02 15:14:05.089  9612  9612 I LSPosed-Bridge: 	at android.app.servertransaction.TransactionExecutor.executeLifecycleState(TransactionExecutor.java:142)

09-02 15:14:05.089  9612  9612 I LSPosed-Bridge: 	at android.app.servertransaction.TransactionExecutor.execute(TransactionExecutor.java:70)

09-02 15:14:05.089  9612  9612 I LSPosed-Bridge: 	at android.app.ActivityThread$H.handleMessage(ActivityThread.java:1809)

09-02 15:14:05.089  9612  9612 I LSPosed-Bridge: 	at android.os.Handler.dispatchMessage(Handler.java:106)

09-02 15:14:05.089  9612  9612 I LSPosed-Bridge: 	at android.os.Looper.loop(Looper.java:193)

09-02 15:14:05.089  9612  9612 I LSPosed-Bridge: 	at android.app.ActivityThread.main(ActivityThread.java:6692)

09-02 15:14:05.089  9612  9612 I LSPosed-Bridge: 	at java.lang.reflect.Method.invoke(Native Method)

09-02 15:14:05.089  9612  9612 I LSPosed-Bridge: 	at com.android.internal.os.RuntimeInit$MethodAndArgsCaller.run(RuntimeInit.java:493)

09-02 15:14:05.089  9612  9612 I LSPosed-Bridge: 	at com.android.internal.os.ZygoteInit.main(ZygoteInit.java:858)

09-02 15:14:09.851  9612  9612 I LSPosed-Bridge: 9612 PermLabel getRunningAppProcesses packageName com.MobileTicket at index 0 in process 9612

09-02 15:14:09.851  9612  9612 I LSPosed-Bridge: 9612 PermLabel getRunningAppProcesses =android.app.ActivityManager$RunningAppProcessInfo@332567b

09-02 15:14:09.851  9612  9612 I LSPosed-Bridge: 9612 PermLabel getRunningAppProcesses processName: com.MobileTicket:push pid: 10022

09-02 15:14:09.851  9612  9612 I LSPosed-Bridge: 9612 PermLabel getRunningAppProcesses importance: 300 pid: 10022

09-02 15:14:09.851  9612  9612 I LSPosed-Bridge: 9612 PermLabel getRunningAppProcesses packageName com.MobileTicket at index 0 in process 10022

09-02 15:14:09.851  9612  9612 I LSPosed-Bridge: 9612 PermLabel permName: android.permission.READ_PHONE_STATE; getRunningAppProcesses =[android.app.ActivityManager$RunningAppProcessInfo@d99ae0a, android.app.ActivityManager$RunningAppProcessInfo@332567b]; stacktrace=java.lang.Exception

09-02 15:14:09.851  9612  9612 I LSPosed-Bridge: 	at com.example.permlabel.hookBinder_test$2.afterHookedMethod(hookBinder_test.java:95)

09-02 15:14:09.851  9612  9612 I LSPosed-Bridge: 	at de.robv.android.xposed.XposedBridge$AdditionalHookInfo.callback(Unknown Source:147)

09-02 15:14:09.851  9612  9612 I LSPosed-Bridge: 	at LSPHooker_.getRunningAppProcesses(Unknown Source:8)

09-02 15:14:09.851  9612  9612 I LSPosed-Bridge: 	at com.MobileTicket.TicketActivityManager$Companion.isAppOnForeground(TicketActivityManager.kt:165)

09-02 15:14:09.851  9612  9612 I LSPosed-Bridge: 	at com.MobileTicket.TicketActivityManager.onActivityStopped(TicketActivityManager.kt:71)

09-02 15:14:09.851  9612  9612 I LSPosed-Bridge: 	at android.app.Application.dispatchActivityStopped(Application.java:257)

09-02 15:14:09.851  9612  9612 I LSPosed-Bridge: 	at android.app.Activity.onStop(Activity.java:1914)

09-02 15:14:09.851  9612  9612 I LSPosed-Bridge: 	at androidx.fragment.app.FragmentActivity.onStop(FragmentActivity.java:559)

09-02 15:14:09.851  9612  9612 I LSPosed-Bridge: 	at androidx.appcompat.app.AppCompatActivity.onStop(AppCompatActivity.java:216)

09-02 15:14:09.851  9612  9612 I LSPosed-Bridge: 	at com.alipay.mobile.framework.app.ui.BaseAppCompatActivity.f(BaseAppCompatActivity.java:314)

09-02 15:14:09.851  9612  9612 I LSPosed-Bridge: 	at com.alipay.mobile.framework.app.ui.BaseAppCompatActivity.onStop(BaseAppCompatActivity.java:308)

09-02 15:14:09.851  9612  9612 I LSPosed-Bridge: 	at android.app.Instrumentation.callActivityOnStop(Instrumentation.java:1433)

09-02 15:14:09.851  9612  9612 I LSPosed-Bridge: 	at android.app.Activity.performStop(Activity.java:7367)

09-02 15:14:09.851  9612  9612 I LSPosed-Bridge: 	at android.app.ActivityThread.callActivityOnStop(ActivityThread.java:4144)

09-02 15:14:09.851  9612  9612 I LSPosed-Bridge: 	at android.app.ActivityThread.performStopActivityInner(ActivityThread.java:4122)

09-02 15:14:09.851  9612  9612 I LSPosed-Bridge: 	at android.app.ActivityThread.handleStopActivity(ActivityThread.java:4197)

09-02 15:14:09.851  9612  9612 I LSPosed-Bridge: 	at android.app.servertransaction.TransactionExecutor.performLifecycleSequence(TransactionExecutor.java:192)

09-02 15:14:09.851  9612  9612 I LSPosed-Bridge: 	at android.app.servertransaction.TransactionExecutor.cycleToPath(TransactionExecutor.java:165)

09-02 15:14:09.851  9612  9612 I LSPosed-Bridge: 	at android.app.servertransaction.TransactionExecutor.executeLifecycleState(TransactionExecutor.java:142)

09-02 15:14:09.851  9612  9612 I LSPosed-Bridge: 	at android.app.servertransaction.TransactionExecutor.execute(TransactionExecutor.java:70)

09-02 15:14:09.851  9612  9612 I LSPosed-Bridge: 	at android.app.ActivityThread$H.handleMessage(ActivityThread.java:1809)

09-02 15:14:09.851  9612  9612 I LSPosed-Bridge: 	at android.os.Handler.dispatchMessage(Handler.java:106)

09-02 15:14:09.851  9612  9612 I LSPosed-Bridge: 	at android.os.Looper.loop(Looper.java:193)

09-02 15:14:09.851  9612  9612 I LSPosed-Bridge: 	at android.app.ActivityThread.main(ActivityThread.java:6692)

09-02 15:14:09.851  9612  9612 I LSPosed-Bridge: 	at java.lang.reflect.Method.invoke(Native Method)

09-02 15:14:09.851  9612  9612 I LSPosed-Bridge: 	at com.android.internal.os.RuntimeInit$MethodAndArgsCaller.run(RuntimeInit.java:493)

09-02 15:14:09.851  9612  9612 I LSPosed-Bridge: 	at com.android.internal.os.ZygoteInit.main(ZygoteInit.java:858)

09-02 15:14:14.690  9612  9612 I LSPosed-Bridge: 9612 PermLabel getRunningAppProcesses importance: 300 pid: 10022

09-02 15:14:14.690  9612  9612 I LSPosed-Bridge: 9612 PermLabel getRunningAppProcesses packageName com.MobileTicket at index 0 in process 10022

09-02 15:14:14.690  1552  2922 I LSPosed-Bridge: 9612 PermLabel 10134 AMS.checkPermission: Binder.getCallingPid() = 9612; uid = 10134; Binder.getCallingUid() = 10134; getNameForUid: com.MobileTicket; getPackagesForUid: [com.MobileTicket]; permName: android.permission.ACCESS_NETWORK_STATE; type = 0; res = 0; stacktrace=java.lang.Exception

09-02 15:14:14.690  1552  2922 I LSPosed-Bridge: 	at com.example.permlabel.requirePerm$1$2.afterHookedMethod(requirePerm.java:124)

09-02 15:14:14.690  1552  2922 I LSPosed-Bridge: 	at de.robv.android.xposed.XposedBridge$AdditionalHookInfo.callback(Unknown Source:147)

09-02 15:14:14.690  1552  2922 I LSPosed-Bridge: 	at LSPHooker_.checkPermission(Unknown Source:25)

09-02 15:14:14.690  1552  2922 I LSPosed-Bridge: 	at android.app.ContextImpl.checkPermission(ContextImpl.java:1751)

09-02 15:14:14.690  1552  2922 I LSPosed-Bridge: 	at android.app.ContextImpl.checkCallingOrSelfPermission(ContextImpl.java:1791)

09-02 15:14:14.690  1552  2922 I LSPosed-Bridge: 	at android.app.ContextImpl.enforceCallingOrSelfPermission(ContextImpl.java:1841)

09-02 15:14:14.690  1552  2922 I LSPosed-Bridge: 	at com.android.server.ConnectivityService.enforceAccessPermission(ConnectivityService.java:1672)

09-02 15:14:14.690  1552  2922 I LSPosed-Bridge: 	at com.android.server.ConnectivityService.getActiveNetworkInfo(ConnectivityService.java:1178)

09-02 15:14:14.690  1552  2922 I LSPosed-Bridge: 	at android.net.IConnectivityManager$Stub.onTransact(IConnectivityManager.java:85)

09-02 15:14:14.690  1552  2922 I LSPosed-Bridge: 	at android.os.Binder.execTransact(Binder.java:731)

09-02 15:14:14.690   559   559 I ConfigStore: android::hardware::configstore::V1_0::ISurfaceFlingerConfigs::hasHDRDisplay retrieved: 0

09-02 15:14:14.690  9612  9612 I LSPosed-Bridge: 9612 PermLabel permName: android.permission.READ_PHONE_STATE; getRunningAppProcesses =[android.app.ActivityManager$RunningAppProcessInfo@88af7d9, android.app.ActivityManager$RunningAppProcessInfo@585d59e]; stacktrace=java.lang.Exception

09-02 15:14:14.690  9612  9612 I LSPosed-Bridge: 	at com.example.permlabel.hookBinder_test$2.afterHookedMethod(hookBinder_test.java:95)

09-02 15:14:14.690  9612  9612 I LSPosed-Bridge: 	at de.robv.android.xposed.XposedBridge$AdditionalHookInfo.callback(Unknown Source:147)

09-02 15:14:14.690  9612  9612 I LSPosed-Bridge: 	at LSPHooker_.getRunningAppProcesses(Unknown Source:8)

09-02 15:14:14.690  9612  9612 I LSPosed-Bridge: 	at com.MobileTicket.TicketActivityManager$Companion.isAppOnForeground(TicketActivityManager.kt:165)

09-02 15:14:14.690  9612  9612 I LSPosed-Bridge: 	at com.MobileTicket.TicketActivityManager.onActivityStopped(TicketActivityManager.kt:71)

09-02 15:14:14.690  9612  9612 I LSPosed-Bridge: 	at android.app.Application.dispatchActivityStopped(Application.java:257)

09-02 15:14:14.690  9612  9612 I LSPosed-Bridge: 	at android.app.Activity.onStop(Activity.java:1914)

09-02 15:14:14.690  9612  9612 I LSPosed-Bridge: 	at androidx.fragment.app.FragmentActivity.onStop(FragmentActivity.java:559)

09-02 15:14:14.690  9612  9612 I LSPosed-Bridge: 	at androidx.appcompat.app.AppCompatActivity.onStop(AppCompatActivity.java:216)

09-02 15:14:14.690  9612  9612 I LSPosed-Bridge: 	at com.alipay.mobile.framework.app.ui.BaseAppCompatActivity.f(BaseAppCompatActivity.java:314)

09-02 15:14:14.690  9612  9612 I LSPosed-Bridge: 	at com.alipay.mobile.framework.app.ui.BaseAppCompatActivity.onStop(BaseAppCompatActivity.java:308)

09-02 15:14:14.690  9612  9612 I LSPosed-Bridge: 	at android.app.Instrumentation.callActivityOnStop(Instrumentation.java:1433)

09-02 15:14:14.690  9612  9612 I LSPosed-Bridge: 	at android.app.Activity.performStop(Activity.java:7367)

09-02 15:14:14.690  9612  9612 I LSPosed-Bridge: 	at android.app.ActivityThread.callActivityOnStop(ActivityThread.java:4144)

09-02 15:14:14.690  9612  9612 I LSPosed-Bridge: 	at android.app.ActivityThread.performStopActivityInner(ActivityThread.java:4122)

09-02 15:14:14.690  9612  9612 I LSPosed-Bridge: 	at android.app.ActivityThread.handleStopActivity(ActivityThread.java:4197)

09-02 15:14:14.690  9612  9612 I LSPosed-Bridge: 	at android.app.servertransaction.TransactionExecutor.performLifecycleSequence(TransactionExecutor.java:192)

