09-02 15:13:09.388  9612  9612 I LSPosed-Bridge: 	at android.os.Looper.loop(Looper.java:193)

09-02 15:13:09.388  9612  9612 I LSPosed-Bridge: 	at android.os.Looper.loop(Looper.java:193)

09-02 15:13:09.388  9612  9612 I LSPosed-Bridge: 	at android.app.ActivityThread.main(ActivityThread.java:6692)

09-02 15:13:09.388  9612  9612 I LSPosed-Bridge: 	at android.app.ActivityThread.main(ActivityThread.java:6692)

09-02 15:13:09.388  9612  9612 I LSPosed-Bridge: 	at android.app.ActivityThread.main(ActivityThread.java:6692)

09-02 15:13:09.388  9612  9612 I LSPosed-Bridge: 	at java.lang.reflect.Method.invoke(Native Method)

09-02 15:13:09.388  9612  9612 I LSPosed-Bridge: 	at java.lang.reflect.Method.invoke(Native Method)

09-02 15:13:09.388  9612  9612 I LSPosed-Bridge: 	at java.lang.reflect.Method.invoke(Native Method)

09-02 15:13:09.388  9612  9612 I LSPosed-Bridge: 	at com.android.internal.os.RuntimeInit$MethodAndArgsCaller.run(RuntimeInit.java:493)

09-02 15:13:09.388  9612  9612 I LSPosed-Bridge: 	at com.android.internal.os.RuntimeInit$MethodAndArgsCaller.run(RuntimeInit.java:493)

09-02 15:13:09.388  9612  9612 I LSPosed-Bridge: 	at com.android.internal.os.RuntimeInit$MethodAndArgsCaller.run(RuntimeInit.java:493)

09-02 15:13:09.388  9612  9612 I LSPosed-Bridge: 	at com.android.internal.os.ZygoteInit.main(ZygoteInit.java:858)

09-02 15:13:09.388  9612  9612 I LSPosed-Bridge: 	at com.android.internal.os.ZygoteInit.main(ZygoteInit.java:858)

09-02 15:13:09.388  9612  9612 I LSPosed-Bridge: 	at com.android.internal.os.ZygoteInit.main(ZygoteInit.java:858)

09-02 15:13:09.388  9612  9612 I LSPosed-Bridge: 9612 PermLabel 10134 ContextImpl.checkPermission: askedperm = []; permName: android.permission.READ_PHONE_STATE; android.os.Process.myPid() = 9612; type = 1

09-02 15:13:09.388  9612  9612 I LSPosed-Bridge: 9612 PermLabel 10134 ContextImpl.checkPermission: askedperm = []; permName: android.permission.READ_PHONE_STATE; android.os.Process.myPid() = 9612; type = 1

09-02 15:13:09.388  9612  9612 I LSPosed-Bridge: 9612 PermLabel 10134 ContextImpl.checkPermission: askedperm = []; permName: android.permission.READ_PHONE_STATE; android.os.Process.myPid() = 9612; type = 1

09-02 15:13:09.388  9612  9612 I LSPosed-Bridge: 9612 PermLabel 10134 ContextImpl.checkPermission: pid = 9612; uid = 10134; Binder.getCallingPid() =9612; Binder.getCallingUid() = 10134; permName: android.permission.READ_PHONE_STATE; type = 1; res = -1; stacktrace=java.lang.Exception

09-02 15:13:09.388  9612  9612 I LSPosed-Bridge: 9612 PermLabel 10134 ContextImpl.checkPermission: pid = 9612; uid = 10134; Binder.getCallingPid() =9612; Binder.getCallingUid() = 10134; permName: android.permission.READ_PHONE_STATE; type = 1; res = -1; stacktrace=java.lang.Exception

09-02 15:13:09.388  9612  9612 I LSPosed-Bridge: 9612 PermLabel 10134 ContextImpl.checkPermission: pid = 9612; uid = 10134; Binder.getCallingPid() =9612; Binder.getCallingUid() = 10134; permName: android.permission.READ_PHONE_STATE; type = 1; res = -1; stacktrace=java.lang.Exception

09-02 15:13:09.388  9612  9612 I LSPosed-Bridge: 	at com.example.permlabel.requestPerm$2.afterHookedMethod(requestPerm.java:193)

09-02 15:13:09.388  9612  9612 I LSPosed-Bridge: 	at com.example.permlabel.requestPerm$2.afterHookedMethod(requestPerm.java:193)

09-02 15:13:09.388  9612  9612 I LSPosed-Bridge: 	at com.example.permlabel.requestPerm$2.afterHookedMethod(requestPerm.java:193)

09-02 15:13:09.388  9612  9612 I LSPosed-Bridge: 	at de.robv.android.xposed.XposedBridge$AdditionalHookInfo.callback(Unknown Source:147)

09-02 15:13:09.388  9612  9612 I LSPosed-Bridge: 	at de.robv.android.xposed.XposedBridge$AdditionalHookInfo.callback(Unknown Source:147)

09-02 15:13:09.388  9612  9612 I LSPosed-Bridge: 	at de.robv.android.xposed.XposedBridge$AdditionalHookInfo.callback(Unknown Source:147)

09-02 15:13:09.388  9612  9612 I LSPosed-Bridge: 	at LSPHooker_.checkPermission(Unknown Source:25)

09-02 15:13:09.388  9612  9612 I LSPosed-Bridge: 	at LSPHooker_.checkPermission(Unknown Source:25)

09-02 15:13:09.388  9612  9612 I LSPosed-Bridge: 	at LSPHooker_.checkPermission(Unknown Source:25)

09-02 15:13:09.388  9612  9612 I LSPosed-Bridge: 	at android.app.ContextImpl.checkCallingOrSelfPermission(ContextImpl.java:1791)

09-02 15:13:09.388  9612  9612 I LSPosed-Bridge: 	at android.app.ContextImpl.checkCallingOrSelfPermission(ContextImpl.java:1791)

09-02 15:13:09.388  9612  9612 I LSPosed-Bridge: 	at android.app.ContextImpl.checkCallingOrSelfPermission(ContextImpl.java:1791)

09-02 15:13:09.388  9612  9612 I LSPosed-Bridge: 	at android.content.ContextWrapper.checkCallingOrSelfPermission(ContextWrapper.java:754)

09-02 15:13:09.388  9612  9612 I LSPosed-Bridge: 	at android.content.ContextWrapper.checkCallingOrSelfPermission(ContextWrapper.java:754)

09-02 15:13:09.388  9612  9612 I LSPosed-Bridge: 	at android.content.ContextWrapper.checkCallingOrSelfPermission(ContextWrapper.java:754)

09-02 15:13:09.388  9612  9612 I LSPosed-Bridge: 	at com.alipay.mobile.common.logging.helper.ClientIdHelper.initClientId(ClientIdHelper.java:42)

09-02 15:13:09.388  9612  9612 I LSPosed-Bridge: 	at com.alipay.mobile.common.logging.helper.ClientIdHelper.initClientId(ClientIdHelper.java:42)

09-02 15:13:09.388  9612  9612 I LSPosed-Bridge: 	at com.alipay.mobile.common.logging.helper.ClientIdHelper.initClientId(ClientIdHelper.java:42)

09-02 15:13:09.388  9612  9612 I LSPosed-Bridge: 	at com.alipay.mobile.common.logging.ContextInfo.<init>(ContextInfo.java:124)

09-02 15:13:09.388  9612  9612 I LSPosed-Bridge: 	at com.alipay.mobile.common.logging.ContextInfo.<init>(ContextInfo.java:124)

09-02 15:13:09.388  9612  9612 I LSPosed-Bridge: 	at com.alipay.mobile.common.logging.ContextInfo.<init>(ContextInfo.java:124)

09-02 15:13:09.388  9612  9612 I LSPosed-Bridge: 	at com.alipay.mobile.common.logging.LogContextImpl.<init>(LogContextImpl.java:232)

09-02 15:13:09.388  9612  9612 I LSPosed-Bridge: 	at com.alipay.mobile.common.logging.LogContextImpl.<init>(LogContextImpl.java:232)

09-02 15:13:09.388  9612  9612 I LSPosed-Bridge: 	at com.alipay.mobile.common.logging.LogContextImpl.<init>(LogContextImpl.java:232)

09-02 15:13:09.388  9612  9612 I LSPosed-Bridge: 	at com.alipay.mobile.common.logging.LoggerFactoryBinder.bind(LoggerFactoryBinder.java:337)

09-02 15:13:09.388  9612  9612 I LSPosed-Bridge: 	at com.alipay.mobile.common.logging.LoggerFactoryBinder.bind(LoggerFactoryBinder.java:337)

09-02 15:13:09.388  9612  9612 I LSPosed-Bridge: 	at com.alipay.mobile.common.logging.LoggerFactoryBinder.bind(LoggerFactoryBinder.java:337)

09-02 15:13:09.388  9612  9612 I LSPosed-Bridge: 	at java.lang.reflect.Method.invoke(Native Method)

09-02 15:13:09.388  9612  9612 I LSPosed-Bridge: 	at java.lang.reflect.Method.invoke(Native Method)

09-02 15:13:09.388  9612  9612 I LSPosed-Bridge: 	at java.lang.reflect.Method.invoke(Native Method)

09-02 15:13:09.388  9612  9612 I LSPosed-Bridge: 	at com.alipay.mobile.common.logging.api.LoggerFactory.init(LoggerFactory.java:224)

09-02 15:13:09.388  9612  9612 I LSPosed-Bridge: 	at com.alipay.mobile.common.logging.api.LoggerFactory.init(LoggerFactory.java:224)

09-02 15:13:09.388  9612  9612 I LSPosed-Bridge: 	at com.alipay.mobile.common.logging.api.LoggerFactory.init(LoggerFactory.java:224)

09-02 15:13:09.388  9612  9612 I LSPosed-Bridge: 	at com.alipay.mobile.common.logging.api.LoggerFactory.initQuinoxless(LoggerFactory.java:235)

09-02 15:13:09.388  9612  9612 I LSPosed-Bridge: 	at com.alipay.mobile.common.logging.api.LoggerFactory.initQuinoxless(LoggerFactory.java:235)

09-02 15:13:09.388  9612  9612 I LSPosed-Bridge: 	at com.alipay.mobile.common.logging.api.LoggerFactory.initQuinoxless(LoggerFactory.java:235)

09-02 15:13:09.388  9612  9612 I LSPosed-Bridge: 	at java.lang.reflect.Method.invoke(Native Method)

09-02 15:13:09.388  9612  9612 I LSPosed-Bridge: 	at java.lang.reflect.Method.invoke(Native Method)

09-02 15:13:09.388  9612  9612 I LSPosed-Bridge: 	at java.lang.reflect.Method.invoke(Native Method)

09-02 15:13:09.388  9612  9612 I LSPosed-Bridge: 	at com.alipay.mobile.framework.quinoxless.QuinoxlessFramework.g(QuinoxlessFramework.java:314)

09-02 15:13:09.388  9612  9612 I LSPosed-Bridge: 	at com.alipay.mobile.framework.quinoxless.QuinoxlessFramework.g(QuinoxlessFramework.java:314)

09-02 15:13:09.388  9612  9612 I LSPosed-Bridge: 	at com.alipay.mobile.framework.quinoxless.QuinoxlessFramework.g(QuinoxlessFramework.java:314)

09-02 15:13:09.388  9612  9612 I LSPosed-Bridge: 	at com.alipay.mobile.framework.quinoxless.QuinoxlessFramework.a(QuinoxlessFramework.java:76)

09-02 15:13:09.388  9612  9612 I LSPosed-Bridge: 	at com.alipay.mobile.framework.quinoxless.QuinoxlessFramework.a(QuinoxlessFramework.java:76)

09-02 15:13:09.388  9612  9612 I LSPosed-Bridge: 	at com.alipay.mobile.framework.quinoxless.QuinoxlessFramework.a(QuinoxlessFramework.java:76)

09-02 15:13:09.388  9612  9612 I LSPosed-Bridge: 	at com.alipay.mobile.framework.quinoxless.QuinoxlessFramework.setup(QuinoxlessFramework.java:127)

09-02 15:13:09.388  9612  9612 I LSPosed-Bridge: 	at com.alipay.mobile.framework.quinoxless.QuinoxlessFramework.setup(QuinoxlessFramework.java:127)

09-02 15:13:09.388  9612  9612 I LSPosed-Bridge: 	at com.alipay.mobile.framework.quinoxless.QuinoxlessFramework.setup(QuinoxlessFramework.java:127)

09-02 15:13:09.388  9612  9612 I LSPosed-Bridge: 	at com.MobileTicket.MyApplication.attachBaseContext(MyApplication.kt:60)

09-02 15:13:09.388  9612  9612 I LSPosed-Bridge: 	at com.MobileTicket.MyApplication.attachBaseContext(MyApplication.kt:60)

09-02 15:13:09.388  9612  9612 I LSPosed-Bridge: 	at com.MobileTicket.MyApplication.attachBaseContext(MyApplication.kt:60)

09-02 15:13:09.388  9612  9612 I LSPosed-Bridge: 	at android.app.Application.attach(Application.java:212)

09-02 15:13:09.388  9612  9612 I LSPosed-Bridge: 	at android.app.Application.attach(Application.java:212)

09-02 15:13:09.388  9612  9612 I LSPosed-Bridge: 	at android.app.Application.attach(Application.java:212)

09-02 15:13:09.388  9612  9612 I LSPosed-Bridge: 	at android.app.Instrumentation.newApplication(Instrumentation.java:1122)

09-02 15:13:09.388  9612  9612 I LSPosed-Bridge: 	at android.app.Instrumentation.newApplication(Instrumentation.java:1122)

09-02 15:13:09.388  9612  9612 I LSPosed-Bridge: 	at android.app.Instrumentation.newApplication(Instrumentation.java:1122)

09-02 15:13:09.388  9612  9612 I LSPosed-Bridge: 	at android.app.LoadedApk.makeApplication(LoadedApk.java:1061)

09-02 15:13:09.388  9612  9612 I LSPosed-Bridge: 	at android.app.LoadedApk.makeApplication(LoadedApk.java:1061)

09-02 15:13:09.388  9612  9612 I LSPosed-Bridge: 	at android.app.LoadedApk.makeApplication(LoadedApk.java:1061)

09-02 15:13:09.388  9612  9612 I LSPosed-Bridge: 	at android.app.ActivityThread.handleBindApplication(ActivityThread.java:5856)

09-02 15:13:09.388  9612  9612 I LSPosed-Bridge: 	at android.app.ActivityThread.handleBindApplication(ActivityThread.java:5856)

09-02 15:13:09.388  9612  9612 I LSPosed-Bridge: 	at android.app.ActivityThread.handleBindApplication(ActivityThread.java:5856)

09-02 15:13:09.388  9612  9612 I LSPosed-Bridge: 	at android.app.ActivityThread.access$1100(ActivityThread.java:200)

09-02 15:13:09.388  9612  9612 I LSPosed-Bridge: 	at android.app.ActivityThread.access$1100(ActivityThread.java:200)

09-02 15:13:09.388  9612  9612 I LSPosed-Bridge: 	at android.app.ActivityThread.access$1100(ActivityThread.java:200)

09-02 15:13:09.388  9612  9612 I LSPosed-Bridge: 	at android.app.ActivityThread$H.handleMessage(ActivityThread.java:1651)

09-02 15:13:09.388  9612  9612 I LSPosed-Bridge: 	at android.app.ActivityThread$H.handleMessage(ActivityThread.java:1651)

09-02 15:13:09.388  9612  9612 I LSPosed-Bridge: 	at android.app.ActivityThread$H.handleMessage(ActivityThread.java:1651)

09-02 15:13:09.388  9612  9612 I LSPosed-Bridge: 	at android.os.Handler.dispatchMessage(Handler.java:106)

09-02 15:13:09.388  9612  9612 I LSPosed-Bridge: 	at android.os.Handler.dispatchMessage(Handler.java:106)

09-02 15:13:09.388  9612  9612 I LSPosed-Bridge: 	at android.os.Handler.dispatchMessage(Handler.java:106)

09-02 15:13:09.388  9612  9612 I LSPosed-Bridge: 	at android.os.Looper.loop(Looper.java:193)

09-02 15:13:09.388  9612  9612 I LSPosed-Bridge: 	at android.os.Looper.loop(Looper.java:193)

09-02 15:13:09.388  9612  9612 I LSPosed-Bridge: 	at android.os.Looper.loop(Looper.java:193)

09-02 15:13:09.388  9612  9612 I LSPosed-Bridge: 	at android.app.ActivityThread.main(ActivityThread.java:6692)

09-02 15:13:09.388  9612  9612 I LSPosed-Bridge: 	at android.app.ActivityThread.main(ActivityThread.java:6692)

09-02 15:13:09.388  9612  9612 I LSPosed-Bridge: 	at android.app.ActivityThread.main(ActivityThread.java:6692)

09-02 15:13:09.388  9612  9612 I LSPosed-Bridge: 	at java.lang.reflect.Method.invoke(Native Method)

09-02 15:13:09.388  9612  9612 I LSPosed-Bridge: 	at java.lang.reflect.Method.invoke(Native Method)

09-02 15:13:09.388  9612  9612 I LSPosed-Bridge: 	at java.lang.reflect.Method.invoke(Native Method)

09-02 15:13:09.388  9612  9612 I LSPosed-Bridge: 	at com.android.internal.os.RuntimeInit$MethodAndArgsCaller.run(RuntimeInit.java:493)

09-02 15:13:09.388  9612  9612 I LSPosed-Bridge: 	at com.android.internal.os.RuntimeInit$MethodAndArgsCaller.run(RuntimeInit.java:493)

09-02 15:13:09.388  9612  9612 I LSPosed-Bridge: 	at com.android.internal.os.RuntimeInit$MethodAndArgsCaller.run(RuntimeInit.java:493)

09-02 15:13:09.388  9612  9612 I LSPosed-Bridge: 	at com.android.internal.os.ZygoteInit.main(ZygoteInit.java:858)

09-02 15:13:09.388  9612  9612 I LSPosed-Bridge: 	at com.android.internal.os.ZygoteInit.main(ZygoteInit.java:858)

09-02 15:13:09.388  9612  9612 I LSPosed-Bridge: 	at com.android.internal.os.ZygoteInit.main(ZygoteInit.java:858)

09-02 15:13:09.389  9582  9695 W ehq     : (Possibly expected) - Error changing state for com.google.android.apps.docs.drive.directsharing.ChooserTargetService

09-02 15:13:09.389  9612  9612 I LSPosed-Bridge: 9612 PermLabel 10134 ContextImpl.checkPermission: pid = 9612; uid = 10134; permName: android.permission.READ_PHONE_STATE; type = 1; res = -1; stacktrace=java.lang.Exception

09-02 15:13:09.389  9612  9612 I LSPosed-Bridge: 	at com.example.permlabel.requestPerm$2.afterHookedMethod(requestPerm.java:210)

09-02 15:13:09.389  9612  9612 I LSPosed-Bridge: 	at de.robv.android.xposed.XposedBridge$AdditionalHookInfo.callback(Unknown Source:147)

09-02 15:13:09.389  9612  9612 I LSPosed-Bridge: 	at LSPHooker_.checkPermission(Unknown Source:25)

09-02 15:13:09.389  9612  9612 I LSPosed-Bridge: 	at android.app.ContextImpl.checkCallingOrSelfPermission(ContextImpl.java:1791)

09-02 15:13:09.389  9612  9612 I LSPosed-Bridge: 	at android.content.ContextWrapper.checkCallingOrSelfPermission(ContextWrapper.java:754)

09-02 15:13:09.389  9612  9612 I LSPosed-Bridge: 	at com.alipay.mobile.common.logging.helper.ClientIdHelper.initClientId(ClientIdHelper.java:42)

09-02 15:13:09.389  9612  9612 I LSPosed-Bridge: 	at com.alipay.mobile.common.logging.ContextInfo.<init>(ContextInfo.java:124)

09-02 15:13:09.389  9612  9612 I LSPosed-Bridge: 	at com.alipay.mobile.common.logging.LogContextImpl.<init>(LogContextImpl.java:232)

09-02 15:13:09.389  9612  9612 I LSPosed-Bridge: 	at com.alipay.mobile.common.logging.LoggerFactoryBinder.bind(LoggerFactoryBinder.java:337)

09-02 15:13:09.389  9612  9612 I LSPosed-Bridge: 	at java.lang.reflect.Method.invoke(Native Method)

09-02 15:13:09.389  9612  9612 I LSPosed-Bridge: 	at com.alipay.mobile.common.logging.api.LoggerFactory.init(LoggerFactory.java:224)

09-02 15:13:09.389  9612  9612 I LSPosed-Bridge: 	at com.alipay.mobile.common.logging.api.LoggerFactory.initQuinoxless(LoggerFactory.java:235)

09-02 15:13:09.389  9612  9612 I LSPosed-Bridge: 	at java.lang.reflect.Method.invoke(Native Method)

09-02 15:13:09.389  9612  9612 I LSPosed-Bridge: 	at com.alipay.mobile.framework.quinoxless.QuinoxlessFramework.g(QuinoxlessFramework.java:314)

09-02 15:13:09.389  9612  9612 I LSPosed-Bridge: 	at com.alipay.mobile.framework.quinoxless.QuinoxlessFramework.a(QuinoxlessFramework.java:76)

09-02 15:13:09.389  9612  9612 I LSPosed-Bridge: 	at com.alipay.mobile.framework.quinoxless.QuinoxlessFramework.setup(QuinoxlessFramework.java:127)

09-02 15:13:09.389  9612  9612 I LSPosed-Bridge: 	at com.MobileTicket.MyApplication.attachBaseContext(MyApplication.kt:60)

09-02 15:13:09.389  9612  9612 I LSPosed-Bridge: 	at android.app.Application.attach(Application.java:212)

09-02 15:13:09.389  9612  9612 I LSPosed-Bridge: 	at android.app.Instrumentation.newApplication(Instrumentation.java:1122)

09-02 15:13:09.389  9612  9612 I LSPosed-Bridge: 	at android.app.LoadedApk.makeApplication(LoadedApk.java:1061)

09-02 15:13:09.389  9612  9612 I LSPosed-Bridge: 	at android.app.ActivityThread.handleBindApplication(ActivityThread.java:5856)

09-02 15:13:09.389  9612  9612 I LSPosed-Bridge: 	at android.app.ActivityThread.access$1100(ActivityThread.java:200)

09-02 15:13:09.389  9612  9612 I LSPosed-Bridge: 	at android.app.ActivityThread$H.handleMessage(ActivityThread.java:1651)

09-02 15:13:09.389  9612  9612 I LSPosed-Bridge: 	at android.os.Handler.dispatchMessage(Handler.java:106)

09-02 15:13:09.389  9612  9612 I LSPosed-Bridge: 	at android.os.Looper.loop(Looper.java:193)

09-02 15:13:09.389  9612  9612 I LSPosed-Bridge: 	at android.app.ActivityThread.main(ActivityThread.java:6692)

09-02 15:13:09.389  9612  9612 I LSPosed-Bridge: 	at java.lang.reflect.Method.invoke(Native Method)

09-02 15:13:09.389  9612  9612 I LSPosed-Bridge: 	at com.android.internal.os.RuntimeInit$MethodAndArgsCaller.run(RuntimeInit.java:493)

09-02 15:13:09.389  9612  9612 I LSPosed-Bridge: 	at com.android.internal.os.ZygoteInit.main(ZygoteInit.java:858)

09-02 15:13:12.341  1552  1859 I LSPosed-Bridge: 9612 PermLabel 10134 AMS.checkPermission: Binder.getCallingPid() = 1904; uid = 10134; Binder.getCallingUid() = 1001; getNameForUid: android.uid.phone:1001; getPackagesForUid: [com.android.mms.service, com.qualcomm.qcrilmsgtunnel, com.qualcomm.qti.telephonyservice, org.codeaurora.ims, com.qualcomm.simcontacts, com.qualcomm.qti.uim, com.qti.qualcomm.datastatusnotification, com.qti.qualcomm.deviceinfo, com.qualcomm.qti.callfeaturessetting, com.qualcomm.qti.autoregistration, com.qti.confuridialer, com.android.stk, com.android.providers.telephony, com.qualcomm.qti.networksetting, com.qualcomm.qti.lpa, com.android.phone, com.qualcomm.qti.ims, com.qti.xdivert]; permName: android.permission.READ_PHONE_STATE; type = 1; res = -1; stacktrace=java.lang.Exception

09-02 15:13:12.341  1552  1859 I LSPosed-Bridge: 	at com.example.permlabel.requirePerm$1$2.afterHookedMethod(requirePerm.java:130)

09-02 15:13:12.341  1552  1859 I LSPosed-Bridge: 	at de.robv.android.xposed.XposedBridge$AdditionalHookInfo.callback(Unknown Source:147)

09-02 15:13:12.341  1552  1859 I LSPosed-Bridge: 	at LSPHooker_.checkPermission(Unknown Source:25)

09-02 15:13:12.341  1552  1859 I LSPosed-Bridge: 	at android.app.IActivityManager$Stub.onTransact(IActivityManager.java:664)

09-02 15:13:12.341  1552  1859 I LSPosed-Bridge: 	at com.android.server.am.ActivityManagerService.onTransact(ActivityManagerService.java:3346)

09-02 15:13:12.341  1552  1859 I LSPosed-Bridge: 	at android.os.Binder.execTransact(Binder.java:731)

09-02 15:13:12.341  1904  3839 I LSPosed-Bridge: 1904 PermLabel 1001 ContextImpl Binder.getCallingPid() = 9612; Binder.getCallingUid() = 10134; permName: android.permission.READ_PHONE_STATE; res = -1; stacktrace=java.lang.Exception

09-02 15:13:12.341  1904  3839 I LSPosed-Bridge: 	at com.example.permlabel.requestPerm$2.afterHookedMethod(requestPerm.java:186)

09-02 15:13:12.341  1904  3839 I LSPosed-Bridge: 	at de.robv.android.xposed.XposedBridge$AdditionalHookInfo.callback(Unknown Source:147)

09-02 15:13:12.341  1904  3839 I LSPosed-Bridge: 	at LSPHooker_.checkPermission(Unknown Source:25)

09-02 15:13:12.341  1904  3839 I LSPosed-Bridge: 	at android.app.ContextImpl.enforcePermission(ContextImpl.java:1822)

09-02 15:13:12.341  1904  3839 I LSPosed-Bridge: 	at android.content.ContextWrapper.enforcePermission(ContextWrapper.java:765)

09-02 15:13:12.341  1904  3839 I LSPosed-Bridge: 	at android.content.ContextWrapper.enforcePermission(ContextWrapper.java:765)

09-02 15:13:12.341  1904  3839 I LSPosed-Bridge: 	at com.android.internal.telephony.TelephonyPermissions.checkReadPhoneState(TelephonyPermissions.java:117)

09-02 15:13:12.341  1904  3839 I LSPosed-Bridge: 	at com.android.internal.telephony.TelephonyPermissions.checkReadPhoneState(TelephonyPermissions.java:101)

09-02 15:13:12.341  1904  3839 I LSPosed-Bridge: 	at com.android.internal.telephony.TelephonyPermissions.checkCallingOrSelfReadPhoneState(TelephonyPermissions.java:74)

09-02 15:13:12.341  1904  3839 I LSPosed-Bridge: 	at com.android.phone.PhoneInterfaceManager.getDeviceId(PhoneInterfaceManager.java:3490)

09-02 15:13:12.341  1904  3839 I LSPosed-Bridge: 	at com.android.internal.telephony.ITelephony$Stub.onTransact(ITelephony.java:1712)

09-02 15:13:12.341  1904  3839 I LSPosed-Bridge: 	at android.os.Binder.execTransact(Binder.java:731)

09-02 15:13:12.420  1552  8140 I LSPosed-Bridge: 9612 PermLabel 10134 AMS.checkPermission: Binder.getCallingPid() = 1904; uid = 10134; Binder.getCallingUid() = 1001; getNameForUid: android.uid.phone:1001; getPackagesForUid: [com.android.mms.service, com.qualcomm.qcrilmsgtunnel, com.qualcomm.qti.telephonyservice, org.codeaurora.ims, com.qualcomm.simcontacts, com.qualcomm.qti.uim, com.qti.qualcomm.datastatusnotification, com.qti.qualcomm.deviceinfo, com.qualcomm.qti.callfeaturessetting, com.qualcomm.qti.autoregistration, com.qti.confuridialer, com.android.stk, com.android.providers.telephony, com.qualcomm.qti.networksetting, com.qualcomm.qti.lpa, com.android.phone, com.qualcomm.qti.ims, com.qti.xdivert]; permName: android.permission.READ_PHONE_STATE; type = 1; res = -1; stacktrace=java.lang.Exception

09-02 15:13:12.420  1552  8140 I LSPosed-Bridge: 	at com.example.permlabel.requirePerm$1$2.afterHookedMethod(requirePerm.java:130)

09-02 15:13:12.420  1552  8140 I LSPosed-Bridge: 	at de.robv.android.xposed.XposedBridge$AdditionalHookInfo.callback(Unknown Source:147)

09-02 15:13:12.420  1552  8140 I LSPosed-Bridge: 	at LSPHooker_.checkPermission(Unknown Source:25)

09-02 15:13:12.420  1552  8140 I LSPosed-Bridge: 	at android.app.IActivityManager$Stub.onTransact(IActivityManager.java:664)

09-02 15:13:12.420  1552  8140 I LSPosed-Bridge: 	at com.android.server.am.ActivityManagerService.onTransact(ActivityManagerService.java:3346)

09-02 15:13:12.420  1552  8140 I LSPosed-Bridge: 	at android.os.Binder.execTransact(Binder.java:731)

09-02 15:13:12.420 10022 10022 I LSPosed-Bridge:   Loading class com.example.permlabel.hookLocationExtra_test

09-02 15:13:12.436  1552  8140 I LSPosed-Bridge: 9612 PermLabel 10134 AMS.checkPermission: Binder.getCallingPid() = 1904; uid = 10134; Binder.getCallingUid() = 1001; getNameForUid: android.uid.phone:1001; getPackagesForUid: [com.android.mms.service, com.qualcomm.qcrilmsgtunnel, com.qualcomm.qti.telephonyservice, org.codeaurora.ims, com.qualcomm.simcontacts, com.qualcomm.qti.uim, com.qti.qualcomm.datastatusnotification, com.qti.qualcomm.deviceinfo, com.qualcomm.qti.callfeaturessetting, com.qualcomm.qti.autoregistration, com.qti.confuridialer, com.android.stk, com.android.providers.telephony, com.qualcomm.qti.networksetting, com.qualcomm.qti.lpa, com.android.phone, com.qualcomm.qti.ims, com.qti.xdivert]; permName: android.permission.READ_PHONE_STATE; type = 1; res = -1; stacktrace=java.lang.Exception

09-02 15:13:12.436  1552  8140 I LSPosed-Bridge: 	at com.example.permlabel.requirePerm$1$2.afterHookedMethod(requirePerm.java:130)

09-02 15:13:12.436  1552  8140 I LSPosed-Bridge: 	at de.robv.android.xposed.XposedBridge$AdditionalHookInfo.callback(Unknown Source:147)

09-02 15:13:12.436  1552  8140 I LSPosed-Bridge: 	at LSPHooker_.checkPermission(Unknown Source:25)

09-02 15:13:12.436  1552  8140 I LSPosed-Bridge: 	at android.app.IActivityManager$Stub.onTransact(IActivityManager.java:664)

09-02 15:13:12.436  1552  8140 I LSPosed-Bridge: 	at com.android.server.am.ActivityManagerService.onTransact(ActivityManagerService.java:3346)

09-02 15:13:12.436  1552  8140 I LSPosed-Bridge: 	at android.os.Binder.execTransact(Binder.java:731)

09-02 15:13:12.440  9612 10047 I LSPosed-Bridge: 9612 PermLabel hookBinder_test 10134 interfaceBinder =com.android.internal.telephony.IPhoneSubInfo; arg0 = 8; arg1 = android.os.Parcel@44ea5b8; arg2 = android.os.Parcel@396f01b; arg3 = 0; res = true; stacktrace=java.lang.Exception

09-02 15:13:12.440  9612 10047 I LSPosed-Bridge: 	at com.example.permlabel.hookBinder_test$1.afterHookedMethod(hookBinder_test.java:55)

09-02 15:13:12.440  9612 10047 I LSPosed-Bridge: 	at de.robv.android.xposed.XposedBridge$AdditionalHookInfo.callback(Unknown Source:147)

09-02 15:13:12.440  9612 10047 I LSPosed-Bridge: 	at LSPHooker_.transact(Unknown Source:28)

09-02 15:13:12.440  9612 10047 I LSPosed-Bridge: 	at com.android.internal.telephony.IPhoneSubInfo$Stub$Proxy.getSubscriberIdForSubscriber(IPhoneSubInfo.java:577)

09-02 15:13:12.440  9612 10047 I LSPosed-Bridge: 	at android.telephony.TelephonyManager.getSubscriberId(TelephonyManager.java:2870)

09-02 15:13:12.440  9612 10047 I LSPosed-Bridge: 	at android.telephony.TelephonyManager.getSubscriberId(TelephonyManager.java:2852)

09-02 15:13:12.440  9612 10047 I LSPosed-Bridge: 	at java.lang.reflect.Method.invoke(Native Method)

09-02 15:13:12.440  9612 10047 I LSPosed-Bridge: 	at org.lsposed.lspd.nativebridge.HookBridge.invokeOriginalMethod(Native Method)

09-02 15:13:12.440  9612 10047 I LSPosed-Bridge: 	at de.robv.android.xposed.XposedBridge$AdditionalHookInfo.callback(Unknown Source:110)

09-02 15:13:12.440  9612 10047 I LSPosed-Bridge: 	at LSPHooker_.getSubscriberId(Unknown Source:8)

09-02 15:13:12.440  9612 10047 I LSPosed-Bridge: 	at com.ta.utdid2.android.utils.PhoneInfoUtils.getImsi(Unknown Source:114)

09-02 15:13:12.440  9612 10047 I LSPosed-Bridge: 	at com.ta.utdid2.device.DeviceInfo.a(Unknown Source:50)

09-02 15:13:12.440  9612 10047 I LSPosed-Bridge: 	at com.ta.utdid2.device.DeviceInfo.getDevice(Unknown Source:72)

09-02 15:13:12.440  9612 10047 I LSPosed-Bridge: 	at com.ta.utdid2.device.UTDevice.a(Unknown Source:50)

09-02 15:13:12.440  9612 10047 I LSPosed-Bridge: 	at com.ta.utdid2.device.UTDevice.getUtdid(Unknown Source:14)

09-02 15:13:12.440  9612 10047 I LSPosed-Bridge: 	at com.ut.device.UTDevice.getUtdid(Unknown Source:19)

09-02 15:13:12.440  9612 10047 I LSPosed-Bridge: 	at com.alipay.mobile.common.info.DeviceInfo$2.run(DeviceInfo.java:320)

09-02 15:13:12.440  9612 10047 I LSPosed-Bridge: 	at java.lang.Thread.run(Thread.java:764)

09-02 15:13:12.440  9612 10047 I LSPosed-Bridge: 9612 PermLabel 10134; permName: android.permission.READ_PHONE_STATE; getSubscriberId res = null; stacktrace=java.lang.Exception

09-02 15:13:12.440  9612 10047 I LSPosed-Bridge: 	at com.example.permlabel.hookBinder_test$6.afterHookedMethod(hookBinder_test.java:124)

09-02 15:13:12.440  9612 10047 I LSPosed-Bridge: 	at de.robv.android.xposed.XposedBridge$AdditionalHookInfo.callback(Unknown Source:147)

09-02 15:13:12.440  9612 10047 I LSPosed-Bridge: 	at LSPHooker_.getSubscriberId(Unknown Source:8)

09-02 15:13:12.440  9612 10047 I LSPosed-Bridge: 	at com.ta.utdid2.android.utils.PhoneInfoUtils.getImsi(Unknown Source:114)

09-02 15:13:12.440  9612 10047 I LSPosed-Bridge: 	at com.ta.utdid2.device.DeviceInfo.a(Unknown Source:50)

09-02 15:13:12.440  9612 10047 I LSPosed-Bridge: 	at com.ta.utdid2.device.DeviceInfo.getDevice(Unknown Source:72)

09-02 15:13:12.440  9612 10047 I LSPosed-Bridge: 	at com.ta.utdid2.device.UTDevice.a(Unknown Source:50)

09-02 15:13:12.440  9612 10047 I LSPosed-Bridge: 	at com.ta.utdid2.device.UTDevice.getUtdid(Unknown Source:14)

09-02 15:13:12.440  9612 10047 I LSPosed-Bridge: 	at com.ut.device.UTDevice.getUtdid(Unknown Source:19)

09-02 15:13:12.440  9612 10047 I LSPosed-Bridge: 	at com.alipay.mobile.common.info.DeviceInfo$2.run(DeviceInfo.java:320)

09-02 15:13:12.440  9612 10047 I LSPosed-Bridge: 	at java.lang.Thread.run(Thread.java:764)

09-02 15:13:12.522 10030 10030 I LSPosed-Bridge: 10030 PermLabel 10134 permission_group_mapping =android.permission.READ_PHONE_STATE Telephone

09-02 15:13:12.527 10030 10030 W System.err: android.content.pm.PackageManager$NameNotFoundException: com.huawei.android.launcher.permission.READ_SETTINGS

09-02 15:13:12.527 10030 10030 W System.err: 	at android.app.ApplicationPackageManager.getPermissionInfo(ApplicationPackageManager.java:315)

09-02 15:13:12.527 10030 10030 W System.err: 	at com.example.permlabel.requestPerm.handleLoadPackage(requestPerm.java:90)

09-02 15:13:12.527 10030 10030 W System.err: 	at de.robv.android.xposed.IXposedHookLoadPackage$Wrapper.handleLoadPackage(Unknown Source:2)

09-02 15:13:12.527 10030 10030 W System.err: 	at de.robv.android.xposed.callbacks.XC_LoadPackage.call(Unknown Source:6)

09-02 15:13:12.527 10030 10030 W System.err: 	at de.robv.android.xposed.callbacks.XCallback.callAll(Unknown Source:26)

09-02 15:13:12.527 10030 10030 W System.err: 	at I.afterHookedMethod(Unknown Source:1)

09-02 15:13:12.527 10030 10030 W System.err: 	at de.robv.android.xposed.XposedBridge$AdditionalHookInfo.callback(Unknown Source:147)

09-02 15:13:12.527 10030 10030 W System.err: 	at LSPHooker_.getClassLoader(Unknown Source:8)

09-02 15:13:12.527 10030 10030 W System.err: 	at android.app.LoadedApk.getResources(LoadedApk.java:1032)

09-02 15:13:12.527 10030 10030 W System.err: 	at android.app.ContextImpl.createAppContext(ContextImpl.java:2345)

09-02 15:13:12.527 10030 10030 W System.err: 	at android.app.ActivityThread.handleBindApplication(ActivityThread.java:5759)

09-02 15:13:12.527 10030 10030 W System.err: 	at android.app.ActivityThread.access$1100(ActivityThread.java:200)

09-02 15:13:12.527 10030 10030 W System.err: 	at android.app.ActivityThread$H.handleMessage(ActivityThread.java:1651)

09-02 15:13:12.527 10030 10030 W System.err: 	at android.os.Handler.dispatchMessage(Handler.java:106)

09-02 15:13:12.527 10030 10030 W System.err: 	at android.os.Looper.loop(Looper.java:193)

09-02 15:13:12.527 10030 10030 W System.err: 	at android.app.ActivityThread.main(ActivityThread.java:6692)

09-02 15:13:12.527 10030 10030 W System.err: 	at java.lang.reflect.Method.invoke(Native Method)

09-02 15:13:12.527 10030 10030 W System.err: 	at com.android.internal.os.RuntimeInit$MethodAndArgsCaller.run(RuntimeInit.java:493)

09-02 15:13:12.527 10030 10030 W System.err: 	at com.android.internal.os.ZygoteInit.main(ZygoteInit.java:858)

09-02 15:13:12.527 10030 10030 W System.err: android.content.pm.PackageManager$NameNotFoundException: com.huawei.android.launcher.permission.WRITE_SETTINGS

09-02 15:13:12.527 10022 10022 I LSPosed-Bridge: 10022 PermLabel 10134 permission_group_mapping =android.permission.READ_PHONE_STATE Telephone

09-02 15:13:12.527 10030 10030 W System.err: 	at android.app.ApplicationPackageManager.getPermissionInfo(ApplicationPackageManager.java:315)

09-02 15:13:12.527 10030 10030 W System.err: 	at com.example.permlabel.requestPerm.handleLoadPackage(requestPerm.java:90)

09-02 15:13:12.527 10030 10030 W System.err: 	at de.robv.android.xposed.IXposedHookLoadPackage$Wrapper.handleLoadPackage(Unknown Source:2)

09-02 15:13:12.527 10030 10030 W System.err: 	at de.robv.android.xposed.callbacks.XC_LoadPackage.call(Unknown Source:6)

09-02 15:13:12.527 10030 10030 W System.err: 	at de.robv.android.xposed.callbacks.XCallback.callAll(Unknown Source:26)

09-02 15:13:12.527 10030 10030 W System.err: 	at I.afterHookedMethod(Unknown Source:1)

09-02 15:13:12.527 10030 10030 W System.err: 	at de.robv.android.xposed.XposedBridge$AdditionalHookInfo.callback(Unknown Source:147)

09-02 15:13:12.527 10030 10030 W System.err: 	at LSPHooker_.getClassLoader(Unknown Source:8)

09-02 15:13:12.527 10030 10030 W System.err: 	at android.app.LoadedApk.getResources(LoadedApk.java:1032)

09-02 15:13:12.527 10030 10030 W System.err: 	at android.app.ContextImpl.createAppContext(ContextImpl.java:2345)

09-02 15:13:12.527 10030 10030 W System.err: 	at android.app.ActivityThread.handleBindApplication(ActivityThread.java:5759)

09-02 15:13:12.527 10030 10030 W System.err: 	at android.app.ActivityThread.access$1100(ActivityThread.java:200)

09-02 15:13:12.527 10030 10030 W System.err: 	at android.app.ActivityThread$H.handleMessage(ActivityThread.java:1651)

09-02 15:13:12.527 10030 10030 W System.err: 	at android.os.Handler.dispatchMessage(Handler.java:106)

09-02 15:13:12.527 10030 10030 W System.err: 	at android.os.Looper.loop(Looper.java:193)

09-02 15:13:12.527 10030 10030 W System.err: 	at android.app.ActivityThread.main(ActivityThread.java:6692)

09-02 15:13:12.527 10030 10030 W System.err: 	at java.lang.reflect.Method.invoke(Native Method)

09-02 15:13:12.527 10030 10030 W System.err: 	at com.android.internal.os.RuntimeInit$MethodAndArgsCaller.run(RuntimeInit.java:493)

09-02 15:13:12.527 10030 10030 W System.err: 	at com.android.internal.os.ZygoteInit.main(ZygoteInit.java:858)

09-02 15:13:12.527 10030 10030 W System.err: android.content.pm.PackageManager$NameNotFoundException: com.sec.android.provider.badge.permission.READ

09-02 15:13:12.527 10030 10030 W System.err: 	at android.app.ApplicationPackageManager.getPermissionInfo(ApplicationPackageManager.java:315)

09-02 15:13:12.527 10030 10030 W System.err: 	at com.example.permlabel.requestPerm.handleLoadPackage(requestPerm.java:90)

09-02 15:13:12.534 10030 10030 W System.err: 	at android.os.Handler.dispatchMessage(Handler.java:106)

09-02 15:13:12.534 10030 10030 W System.err: 	at android.os.Handler.dispatchMessage(Handler.java:106)

09-02 15:13:12.534 10030 10030 W System.err: 	at android.os.Looper.loop(Looper.java:193)

09-02 15:13:12.534 10030 10030 W System.err: 	at android.os.Looper.loop(Looper.java:193)

09-02 15:13:12.534 10030 10030 W System.err: 	at android.app.ActivityThread.main(ActivityThread.java:6692)

09-02 15:13:12.534 10030 10030 W System.err: 	at android.app.ActivityThread.main(ActivityThread.java:6692)

09-02 15:13:12.534 10030 10030 W System.err: 	at java.lang.reflect.Method.invoke(Native Method)

09-02 15:13:12.534 10030 10030 W System.err: 	at java.lang.reflect.Method.invoke(Native Method)

09-02 15:13:12.534 10030 10030 W System.err: 	at com.android.internal.os.RuntimeInit$MethodAndArgsCaller.run(RuntimeInit.java:493)

09-02 15:13:12.534 10030 10030 W System.err: 	at com.android.internal.os.RuntimeInit$MethodAndArgsCaller.run(RuntimeInit.java:493)

09-02 15:13:12.534 10022 10022 W System.err: android.content.pm.PackageManager$NameNotFoundException: com.huawei.android.launcher.permission.WRITE_SETTINGS

09-02 15:13:12.534 10022 10022 W System.err: android.content.pm.PackageManager$NameNotFoundException: com.huawei.android.launcher.permission.WRITE_SETTINGS

09-02 15:13:12.534 10030 10030 W System.err: 	at com.android.internal.os.ZygoteInit.main(ZygoteInit.java:858)

09-02 15:13:12.534 10030 10030 W System.err: 	at com.android.internal.os.ZygoteInit.main(ZygoteInit.java:858)

09-02 15:13:12.534 10022 10022 W System.err: 	at android.app.ApplicationPackageManager.getPermissionInfo(ApplicationPackageManager.java:315)

09-02 15:13:12.534 10022 10022 W System.err: 	at android.app.ApplicationPackageManager.getPermissionInfo(ApplicationPackageManager.java:315)

09-02 15:13:12.534 10022 10022 W System.err: 	at com.example.permlabel.requestPerm.handleLoadPackage(requestPerm.java:90)

09-02 15:13:12.534 10022 10022 W System.err: 	at com.example.permlabel.requestPerm.handleLoadPackage(requestPerm.java:90)

09-02 15:13:12.534 10022 10022 W System.err: 	at de.robv.android.xposed.IXposedHookLoadPackage$Wrapper.handleLoadPackage(Unknown Source:2)

09-02 15:13:12.534 10022 10022 W System.err: 	at de.robv.android.xposed.IXposedHookLoadPackage$Wrapper.handleLoadPackage(Unknown Source:2)

09-02 15:13:12.534 10022 10022 W System.err: 	at de.robv.android.xposed.callbacks.XC_LoadPackage.call(Unknown Source:6)

09-02 15:13:12.534 10022 10022 W System.err: 	at de.robv.android.xposed.callbacks.XC_LoadPackage.call(Unknown Source:6)

09-02 15:13:12.534 10022 10022 W System.err: 	at de.robv.android.xposed.callbacks.XCallback.callAll(Unknown Source:26)

09-02 15:13:12.534 10022 10022 W System.err: 	at de.robv.android.xposed.callbacks.XCallback.callAll(Unknown Source:26)

09-02 15:13:12.534 10022 10022 W System.err: 	at I.afterHookedMethod(Unknown Source:1)

09-02 15:13:12.534 10022 10022 W System.err: 	at I.afterHookedMethod(Unknown Source:1)

09-02 15:13:12.534 10022 10022 W System.err: 	at de.robv.android.xposed.XposedBridge$AdditionalHookInfo.callback(Unknown Source:147)

09-02 15:13:12.534 10022 10022 W System.err: 	at de.robv.android.xposed.XposedBridge$AdditionalHookInfo.callback(Unknown Source:147)

09-02 15:13:12.534 10022 10022 W System.err: 	at LSPHooker_.getClassLoader(Unknown Source:8)

09-02 15:13:12.534 10022 10022 W System.err: 	at LSPHooker_.getClassLoader(Unknown Source:8)

09-02 15:13:12.534 10030 10030 I LSPosed-Bridge: 10030 PermLabel 10134 all_declared permissions =android.permission.INTERNET android.permission.ACCESS_NETWORK_STATE android.permission.ACCESS_WIFI_STATE android.permission.CHANGE_WIFI_STATE android.permission.WRITE_EXTERNAL_STORAGE android.permission.READ_EXTERNAL_STORAGE android.permission.ACCESS_FINE_LOCATION android.permission.ACCESS_COARSE_LOCATION android.permission.BLUETOOTH android.permission.BLUETOOTH_ADMIN android.permission.MANAGE_DOCUMENTS android.permission.ZTE_HEARTYSERVICE_MANAGEMENT android.permission.READ_PHONE_STATE android.permission.CAMERA android.permission.REQUEST_INSTALL_PACKAGES com.MobileTicket.permission.MIPUSH_RECEIVE com.coloros.mcs.permission.RECIEVE_MCS_MESSAGE com.heytap.mcs.permission.RECIEVE_MCS_MESSAGE android.permission.RECORD_AUDIO com.oppo.launcher.permission.READ_SETTINGS com.oppo.launcher.permission.WRITE_SETTINGS com.huawei.android.launcher.permission.CHANGE_BADGE com.huawei.android.launcher.permission.READ_SETTINGS com.huawei.android.launcher.permission.WRITE_SETTINGS com.sec.android.provider.badge.permission.READ com.sec.android.provider.badge.permission.WRITE com.android.permission.GET_INSTALLED_APPS com.huawei.settings.permission.GET_ELDER_CARE_PACKAGE_NAME com.huawei.settings.permission.ELDER_CARE_BROADCAST com.MobileTicket.permission.PROCESS_PUSH_MSG com.MobileTicket.permission.PUSH_PROVIDER android.permission.SYSTEM_ALERT_WINDOW android.permission.USE_FINGERPRINT android.permission.MANAGE_FINGERPRINT cn.org.ifaa.permission.USE_IFAA_MANAGER android.permission.USE_FACERECOGNITION oppo.permission.USE_FACE android.permission.USE_BIOMETRIC android.permission.FLASHLIGHT android.permission.VIBRATE android.permission.R com.asus.msa.SupplementaryDID.ACCESS freemme.permission.msa android.permission.WAKE_LOCK android.permission.QUERY_ALL_PACKAGES 

09-02 15:13:12.534 10030 10030 I LSPosed-Bridge: 10030 PermLabel 10134 all_declared permissions =android.permission.INTERNET android.permission.ACCESS_NETWORK_STATE android.permission.ACCESS_WIFI_STATE android.permission.CHANGE_WIFI_STATE android.permission.WRITE_EXTERNAL_STORAGE android.permission.READ_EXTERNAL_STORAGE android.permission.ACCESS_FINE_LOCATION android.permission.ACCESS_COARSE_LOCATION android.permission.BLUETOOTH android.permission.BLUETOOTH_ADMIN android.permission.MANAGE_DOCUMENTS android.permission.ZTE_HEARTYSERVICE_MANAGEMENT android.permission.READ_PHONE_STATE android.permission.CAMERA android.permission.REQUEST_INSTALL_PACKAGES com.MobileTicket.permission.MIPUSH_RECEIVE com.coloros.mcs.permission.RECIEVE_MCS_MESSAGE com.heytap.mcs.permission.RECIEVE_MCS_MESSAGE android.permission.RECORD_AUDIO com.oppo.launcher.permission.READ_SETTINGS com.oppo.launcher.permission.WRITE_SETTINGS com.huawei.android.launcher.permission.CHANGE_BADGE com.huawei.android.launcher.permission.READ_SETTINGS com.huawei.android.launcher.permission.WRITE_SETTINGS com.sec.android.provider.badge.permission.READ com.sec.android.provider.badge.permission.WRITE com.android.permission.GET_INSTALLED_APPS com.huawei.settings.permission.GET_ELDER_CARE_PACKAGE_NAME com.huawei.settings.permission.ELDER_CARE_BROADCAST com.MobileTicket.permission.PROCESS_PUSH_MSG com.MobileTicket.permission.PUSH_PROVIDER android.permission.SYSTEM_ALERT_WINDOW android.permission.USE_FINGERPRINT android.permission.MANAGE_FINGERPRINT cn.org.ifaa.permission.USE_IFAA_MANAGER android.permission.USE_FACERECOGNITION oppo.permission.USE_FACE android.permission.USE_BIOMETRIC android.permission.FLASHLIGHT android.permission.VIBRATE android.permission.R com.asus.msa.SupplementaryDID.ACCESS freemme.permission.msa android.permission.WAKE_LOCK android.permission.QUERY_ALL_PACKAGES 

09-02 15:13:12.534 10022 10022 W System.err: 	at android.app.LoadedApk.getResources(LoadedApk.java:1032)

09-02 15:13:12.534 10022 10022 W System.err: 	at android.app.LoadedApk.getResources(LoadedApk.java:1032)

09-02 15:13:12.534 10022 10022 W System.err: 	at android.app.ContextImpl.createAppContext(ContextImpl.java:2345)

09-02 15:13:12.534 10022 10022 W System.err: 	at android.app.ContextImpl.createAppContext(ContextImpl.java:2345)

09-02 15:13:12.534 10022 10022 W System.err: 	at android.app.ActivityThread.handleBindApplication(ActivityThread.java:5759)

09-02 15:13:12.534 10022 10022 W System.err: 	at android.app.ActivityThread.handleBindApplication(ActivityThread.java:5759)

09-02 15:13:12.534 10022 10022 W System.err: 	at android.app.ActivityThread.access$1100(ActivityThread.java:200)

09-02 15:13:12.534 10022 10022 W System.err: 	at android.app.ActivityThread.access$1100(ActivityThread.java:200)

09-02 15:13:12.534 10022 10022 W System.err: 	at android.app.ActivityThread$H.handleMessage(ActivityThread.java:1651)

09-02 15:13:12.534 10022 10022 W System.err: 	at android.app.ActivityThread$H.handleMessage(ActivityThread.java:1651)

09-02 15:13:12.534 10022 10022 W System.err: 	at android.os.Handler.dispatchMessage(Handler.java:106)

09-02 15:13:12.534 10022 10022 W System.err: 	at android.os.Handler.dispatchMessage(Handler.java:106)

09-02 15:13:12.534 10022 10022 W System.err: 	at android.os.Looper.loop(Looper.java:193)

09-02 15:13:12.534 10022 10022 W System.err: 	at android.os.Looper.loop(Looper.java:193)

09-02 15:13:12.534 10022 10022 W System.err: 	at android.app.ActivityThread.main(ActivityThread.java:6692)

09-02 15:13:12.534 10022 10022 W System.err: 	at android.app.ActivityThread.main(ActivityThread.java:6692)

09-02 15:13:12.534 10030 10030 I LSPosed-Bridge: 10030 PermLabel 10134 declared normal_permissions =android.permission.INTERNET android.permission.ACCESS_NETWORK_STATE android.permission.ACCESS_WIFI_STATE android.permission.CHANGE_WIFI_STATE android.permission.BLUETOOTH android.permission.BLUETOOTH_ADMIN android.permission.USE_FINGERPRINT android.permission.USE_BIOMETRIC android.permission.FLASHLIGHT android.permission.VIBRATE android.permission.WAKE_LOCK 

09-02 15:13:12.534 10030 10030 I LSPosed-Bridge: 10030 PermLabel 10134 declared normal_permissions =android.permission.INTERNET android.permission.ACCESS_NETWORK_STATE android.permission.ACCESS_WIFI_STATE android.permission.CHANGE_WIFI_STATE android.permission.BLUETOOTH android.permission.BLUETOOTH_ADMIN android.permission.USE_FINGERPRINT android.permission.USE_BIOMETRIC android.permission.FLASHLIGHT android.permission.VIBRATE android.permission.WAKE_LOCK 

09-02 15:13:12.534 10022 10022 W System.err: 	at java.lang.reflect.Method.invoke(Native Method)

09-02 15:13:12.534 10022 10022 W System.err: 	at java.lang.reflect.Method.invoke(Native Method)

09-02 15:13:12.534 10022 10022 W System.err: 	at com.android.internal.os.RuntimeInit$MethodAndArgsCaller.run(RuntimeInit.java:493)

09-02 15:13:12.534 10022 10022 W System.err: 	at com.android.internal.os.RuntimeInit$MethodAndArgsCaller.run(RuntimeInit.java:493)

09-02 15:13:12.534 10022 10022 W System.err: 	at com.android.internal.os.ZygoteInit.main(ZygoteInit.java:858)

09-02 15:13:12.534 10022 10022 W System.err: 	at com.android.internal.os.ZygoteInit.main(ZygoteInit.java:858)

09-02 15:13:12.534 10030 10030 I LSPosed-Bridge: 10030 PermLabel 10134 declared dangerous_permissions =android.permission.WRITE_EXTERNAL_STORAGE android.permission.READ_EXTERNAL_STORAGE android.permission.ACCESS_FINE_LOCATION android.permission.ACCESS_COARSE_LOCATION android.permission.READ_PHONE_STATE android.permission.CAMERA android.permission.RECORD_AUDIO 

09-02 15:13:12.534 10030 10030 I LSPosed-Bridge: 10030 PermLabel 10134 declared dangerous_permissions =android.permission.WRITE_EXTERNAL_STORAGE android.permission.READ_EXTERNAL_STORAGE android.permission.ACCESS_FINE_LOCATION android.permission.ACCESS_COARSE_LOCATION android.permission.READ_PHONE_STATE android.permission.CAMERA android.permission.RECORD_AUDIO 

09-02 15:13:12.534 10030 10030 I LSPosed-Bridge: 10030 PermLabel 10134 declared dangerous_group =Storage Storage Location Location Telephone Camera Microphone 

09-02 15:13:12.534 10030 10030 I LSPosed-Bridge: 10030 PermLabel 10134 declared dangerous_group =Storage Storage Location Location Telephone Camera Microphone 

09-02 15:13:12.534 10022 10022 W System.err: android.content.pm.PackageManager$NameNotFoundException: com.sec.android.provider.badge.permission.READ

09-02 15:13:12.534 10022 10022 W System.err: android.content.pm.PackageManager$NameNotFoundException: com.sec.android.provider.badge.permission.READ

09-02 15:13:12.534 10022 10022 W System.err: 	at android.app.ApplicationPackageManager.getPermissionInfo(ApplicationPackageManager.java:315)

09-02 15:13:12.534 10022 10022 W System.err: 	at android.app.ApplicationPackageManager.getPermissionInfo(ApplicationPackageManager.java:315)

09-02 15:13:12.534 10022 10022 W System.err: 	at com.example.permlabel.requestPerm.handleLoadPackage(requestPerm.java:90)

09-02 15:13:12.534 10022 10022 W System.err: 	at com.example.permlabel.requestPerm.handleLoadPackage(requestPerm.java:90)

09-02 15:13:12.534 10022 10022 W System.err: 	at de.robv.android.xposed.IXposedHookLoadPackage$Wrapper.handleLoadPackage(Unknown Source:2)

09-02 15:13:12.534 10022 10022 W System.err: 	at de.robv.android.xposed.IXposedHookLoadPackage$Wrapper.handleLoadPackage(Unknown Source:2)

09-02 15:13:12.534 10022 10022 W System.err: 	at de.robv.android.xposed.callbacks.XC_LoadPackage.call(Unknown Source:6)

09-02 15:13:12.534 10022 10022 W System.err: 	at de.robv.android.xposed.callbacks.XC_LoadPackage.call(Unknown Source:6)

09-02 15:13:12.534 10022 10022 W System.err: 	at de.robv.android.xposed.callbacks.XCallback.callAll(Unknown Source:26)

09-02 15:13:12.534 10022 10022 W System.err: 	at de.robv.android.xposed.callbacks.XCallback.callAll(Unknown Source:26)

09-02 15:13:12.534 10022 10022 W System.err: 	at I.afterHookedMethod(Unknown Source:1)

09-02 15:13:12.534 10022 10022 W System.err: 	at I.afterHookedMethod(Unknown Source:1)

09-02 15:13:12.534 10022 10022 W System.err: 	at de.robv.android.xposed.XposedBridge$AdditionalHookInfo.callback(Unknown Source:147)

09-02 15:13:12.534 10022 10022 W System.err: 	at de.robv.android.xposed.XposedBridge$AdditionalHookInfo.callback(Unknown Source:147)

09-02 15:13:12.534 10022 10022 W System.err: 	at LSPHooker_.getClassLoader(Unknown Source:8)

09-02 15:13:12.534 10022 10022 W System.err: 	at LSPHooker_.getClassLoader(Unknown Source:8)

09-02 15:13:12.534 10022 10022 W System.err: 	at android.app.LoadedApk.getResources(LoadedApk.java:1032)

09-02 15:13:12.534 10022 10022 W System.err: 	at android.app.LoadedApk.getResources(LoadedApk.java:1032)

09-02 15:13:12.534 10022 10022 W System.err: 	at android.app.ContextImpl.createAppContext(ContextImpl.java:2345)

09-02 15:13:12.534 10022 10022 W System.err: 	at android.app.ContextImpl.createAppContext(ContextImpl.java:2345)

09-02 15:13:12.534 10022 10022 W System.err: 	at android.app.ActivityThread.handleBindApplication(ActivityThread.java:5759)

09-02 15:13:12.534 10022 10022 W System.err: 	at android.app.ActivityThread.handleBindApplication(ActivityThread.java:5759)

09-02 15:13:12.534 10022 10022 W System.err: 	at android.app.ActivityThread.access$1100(ActivityThread.java:200)

09-02 15:13:12.534 10022 10022 W System.err: 	at android.app.ActivityThread.access$1100(ActivityThread.java:200)

09-02 15:13:12.534 10022 10022 W System.err: 	at android.app.ActivityThread$H.handleMessage(ActivityThread.java:1651)

09-02 15:13:12.534 10022 10022 W System.err: 	at android.app.ActivityThread$H.handleMessage(ActivityThread.java:1651)

09-02 15:13:12.534 10022 10022 W System.err: 	at android.os.Handler.dispatchMessage(Handler.java:106)

09-02 15:13:12.534 10022 10022 W System.err: 	at android.os.Handler.dispatchMessage(Handler.java:106)

09-02 15:13:12.534 10022 10022 W System.err: 	at android.os.Looper.loop(Looper.java:193)

09-02 15:13:12.534 10022 10022 W System.err: 	at android.os.Looper.loop(Looper.java:193)

09-02 15:13:12.534 10022 10022 W System.err: 	at android.app.ActivityThread.main(ActivityThread.java:6692)

09-02 15:13:12.534 10022 10022 W System.err: 	at android.app.ActivityThread.main(ActivityThread.java:6692)

09-02 15:13:12.534 10022 10022 W System.err: 	at java.lang.reflect.Method.invoke(Native Method)

09-02 15:13:12.534 10022 10022 W System.err: 	at java.lang.reflect.Method.invoke(Native Method)

09-02 15:13:12.534 10022 10022 W System.err: 	at com.android.internal.os.RuntimeInit$MethodAndArgsCaller.run(RuntimeInit.java:493)

09-02 15:13:12.534 10022 10022 W System.err: 	at com.android.internal.os.RuntimeInit$MethodAndArgsCaller.run(RuntimeInit.java:493)

09-02 15:13:12.534 10022 10022 W System.err: 	at com.android.internal.os.ZygoteInit.main(ZygoteInit.java:858)

