09-02 15:15:02.903  9612  9612 I LSPosed-Bridge: 	at android.app.servertransaction.TransactionExecutor.execute(TransactionExecutor.java:70)

09-02 15:15:02.903  9612  9612 I LSPosed-Bridge: 	at android.app.ActivityThread$H.handleMessage(ActivityThread.java:1809)

09-02 15:15:02.903  9612  9612 I LSPosed-Bridge: 	at android.os.Handler.dispatchMessage(Handler.java:106)

09-02 15:15:02.903  9612  9612 I LSPosed-Bridge: 	at android.os.Looper.loop(Looper.java:193)

09-02 15:15:02.903  9612  9612 I LSPosed-Bridge: 	at android.app.ActivityThread.main(ActivityThread.java:6692)

09-02 15:15:02.903  9612  9612 I LSPosed-Bridge: 	at java.lang.reflect.Method.invoke(Native Method)

09-02 15:15:02.903  9612  9612 I LSPosed-Bridge: 	at com.android.internal.os.RuntimeInit$MethodAndArgsCaller.run(RuntimeInit.java:493)

09-02 15:15:02.903  9612  9612 I LSPosed-Bridge: 	at com.android.internal.os.ZygoteInit.main(ZygoteInit.java:858)

09-02 15:15:02.903   559   559 I ConfigStore: android::hardware::configstore::V1_0::ISurfaceFlingerConfigs::hasHDRDisplay retrieved: 0

09-02 15:15:07.737  9612  9612 I LSPosed-Bridge: 9612 PermLabel permName: android.permission.READ_PHONE_STATE; getRunningAppProcesses =[android.app.ActivityManager$RunningAppProcessInfo@f339ea2, android.app.ActivityManager$RunningAppProcessInfo@69c1733]; stacktrace=java.lang.Exception

09-02 15:15:07.737  9612  9612 I LSPosed-Bridge: 	at com.example.permlabel.hookBinder_test$2.afterHookedMethod(hookBinder_test.java:95)

09-02 15:15:07.737  9612  9612 I LSPosed-Bridge: 	at de.robv.android.xposed.XposedBridge$AdditionalHookInfo.callback(Unknown Source:147)

09-02 15:15:07.737  9612  9612 I LSPosed-Bridge: 	at LSPHooker_.getRunningAppProcesses(Unknown Source:8)

09-02 15:15:07.737  9612  9612 I LSPosed-Bridge: 	at com.MobileTicket.TicketActivityManager$Companion.isAppOnForeground(TicketActivityManager.kt:165)

09-02 15:15:07.737  9612  9612 I LSPosed-Bridge: 	at com.MobileTicket.TicketActivityManager.onActivityStopped(TicketActivityManager.kt:71)

09-02 15:15:07.737  9612  9612 I LSPosed-Bridge: 	at android.app.Application.dispatchActivityStopped(Application.java:257)

09-02 15:15:07.737  9612  9612 I LSPosed-Bridge: 	at android.app.Activity.onStop(Activity.java:1914)

09-02 15:15:07.737  9612  9612 I LSPosed-Bridge: 	at androidx.fragment.app.FragmentActivity.onStop(FragmentActivity.java:559)

09-02 15:15:07.737  9612  9612 I LSPosed-Bridge: 	at androidx.appcompat.app.AppCompatActivity.onStop(AppCompatActivity.java:216)

09-02 15:15:07.737  9612  9612 I LSPosed-Bridge: 	at com.alipay.mobile.framework.app.ui.BaseAppCompatActivity.f(BaseAppCompatActivity.java:314)

09-02 15:15:07.737  9612  9612 I LSPosed-Bridge: 	at com.alipay.mobile.framework.app.ui.BaseAppCompatActivity.onStop(BaseAppCompatActivity.java:308)

09-02 15:15:07.737  9612  9612 I LSPosed-Bridge: 	at android.app.Instrumentation.callActivityOnStop(Instrumentation.java:1433)

09-02 15:15:07.737  9612  9612 I LSPosed-Bridge: 	at android.app.Activity.performStop(Activity.java:7367)

09-02 15:15:07.737  9612  9612 I LSPosed-Bridge: 	at android.app.ActivityThread.callActivityOnStop(ActivityThread.java:4144)

09-02 15:15:07.737  9612  9612 I LSPosed-Bridge: 	at android.app.ActivityThread.performStopActivityInner(ActivityThread.java:4122)

09-02 15:15:07.737  9612  9612 I LSPosed-Bridge: 	at android.app.ActivityThread.handleStopActivity(ActivityThread.java:4197)

09-02 15:15:07.737  9612  9612 I LSPosed-Bridge: 	at android.app.servertransaction.TransactionExecutor.performLifecycleSequence(TransactionExecutor.java:192)

09-02 15:15:07.737  9612  9612 I LSPosed-Bridge: 	at android.app.servertransaction.TransactionExecutor.cycleToPath(TransactionExecutor.java:165)

09-02 15:15:07.737  9612  9612 I LSPosed-Bridge: 	at android.app.servertransaction.TransactionExecutor.executeLifecycleState(TransactionExecutor.java:142)

09-02 15:15:07.737  9612  9612 I LSPosed-Bridge: 	at android.app.servertransaction.TransactionExecutor.execute(TransactionExecutor.java:70)

09-02 15:15:07.737  9612  9612 I LSPosed-Bridge: 	at android.app.ActivityThread$H.handleMessage(ActivityThread.java:1809)

09-02 15:15:07.737  9612  9612 I LSPosed-Bridge: 	at android.os.Handler.dispatchMessage(Handler.java:106)

09-02 15:15:07.737  9612  9612 I LSPosed-Bridge: 	at android.os.Looper.loop(Looper.java:193)

09-02 15:15:07.737  9612  9612 I LSPosed-Bridge: 	at android.app.ActivityThread.main(ActivityThread.java:6692)

09-02 15:15:07.737  9612  9612 I LSPosed-Bridge: 	at java.lang.reflect.Method.invoke(Native Method)

09-02 15:15:07.737  9612  9612 I LSPosed-Bridge: 	at com.android.internal.os.RuntimeInit$MethodAndArgsCaller.run(RuntimeInit.java:493)

09-02 15:15:07.737  9612  9612 I LSPosed-Bridge: 	at com.android.internal.os.ZygoteInit.main(ZygoteInit.java:858)

09-02 15:15:07.737  9612 10709 I LSPosed-Bridge: 9612 PermLabel hookBinder_test 10134 interfaceBinder =android.net.INetworkStatsService; arg0 = 11; arg1 = android.os.Parcel@11698be; arg2 = android.os.Parcel@5348b3; arg3 = 0; res = true; stacktrace=java.lang.Exception

09-02 15:15:07.737  9612 10709 I LSPosed-Bridge: 	at com.example.permlabel.hookBinder_test$1.afterHookedMethod(hookBinder_test.java:55)

09-02 15:15:07.737  9612 10709 I LSPosed-Bridge: 	at de.robv.android.xposed.XposedBridge$AdditionalHookInfo.callback(Unknown Source:147)

09-02 15:15:07.737  9612 10709 I LSPosed-Bridge: 	at LSPHooker_.transact(Unknown Source:28)

09-02 15:15:07.737  9612 10709 I LSPosed-Bridge: 	at android.net.INetworkStatsService$Stub$Proxy.getUidStats(INetworkStatsService.java:471)

09-02 15:15:07.737  9612 10709 I LSPosed-Bridge: 	at android.net.TrafficStats.getUidTxBytes(TrafficStats.java:728)

09-02 15:15:07.737  9612 10709 I LSPosed-Bridge: 	at com.bonree.sdk.au.c.b(SourceFile:124)

09-02 15:15:07.737  9612 10709 I LSPosed-Bridge: 	at com.bonree.sdk.au.a.a(SourceFile:58)

09-02 15:15:07.737  9612 10709 I LSPosed-Bridge: 	at com.bonree.sdk.au.a.c(SourceFile:168)

09-02 15:15:07.737  9612 10709 I LSPosed-Bridge: 	at com.bonree.sdk.f.d.c(SourceFile:425)

09-02 15:15:07.737  9612 10709 I LSPosed-Bridge: 	at com.bonree.sdk.f.d.a(SourceFile:398)

09-02 15:15:07.737  9612 10709 I LSPosed-Bridge: 	at com.bonree.sdk.f.d.d(SourceFile:498)

09-02 15:15:07.737  9612 10709 I LSPosed-Bridge: 	at com.bonree.sdk.f.d.a(SourceFile:146)

09-02 15:15:07.737  9612 10709 I LSPosed-Bridge: 	at com.bonree.sdk.b.a.a(SourceFile:79)

09-02 15:15:07.737  9612 10709 I LSPosed-Bridge: 	at com.bonree.sdk.d.c$a.a(SourceFile:225)

09-02 15:15:07.737  9612 10709 I LSPosed-Bridge: 	at com.bonree.sdk.d.c$a.handleMessage(SourceFile:133)

09-02 15:15:07.737  9612 10709 I LSPosed-Bridge: 	at android.os.Handler.dispatchMessage(Handler.java:106)

09-02 15:15:07.737  9612 10709 I LSPosed-Bridge: 	at android.os.Looper.loop(Looper.java:193)

09-02 15:15:07.737  9612 10709 I LSPosed-Bridge: 	at android.os.HandlerThread.run(HandlerThread.java:65)

09-02 15:15:12.566  9612 10709 I LSPosed-Bridge: 9612 PermLabel hookBinder_test 10134 interfaceBinder =android.net.INetworkStatsService; arg0 = 11; arg1 = android.os.Parcel@756096b; arg2 = android.os.Parcel@fc7ee97; arg3 = 0; res = true; stacktrace=java.lang.Exception

09-02 15:15:12.566  9612 10709 I LSPosed-Bridge: 	at com.example.permlabel.hookBinder_test$1.afterHookedMethod(hookBinder_test.java:55)

09-02 15:15:12.566  9612 10709 I LSPosed-Bridge: 	at de.robv.android.xposed.XposedBridge$AdditionalHookInfo.callback(Unknown Source:147)

09-02 15:15:12.566  9612 10709 I LSPosed-Bridge: 	at LSPHooker_.transact(Unknown Source:28)

09-02 15:15:12.566  9612 10709 I LSPosed-Bridge: 	at android.net.INetworkStatsService$Stub$Proxy.getUidStats(INetworkStatsService.java:471)

09-02 15:15:12.566  9612 10709 I LSPosed-Bridge: 	at android.net.TrafficStats.getUidTxBytes(TrafficStats.java:728)

09-02 15:15:12.566  9612 10709 I LSPosed-Bridge: 	at com.bonree.sdk.au.c.b(SourceFile:124)

09-02 15:15:12.566  9612 10709 I LSPosed-Bridge: 	at com.bonree.sdk.au.a.a(SourceFile:58)

09-02 15:15:12.566  9612 10709 I LSPosed-Bridge: 	at com.bonree.sdk.au.a.c(SourceFile:168)

09-02 15:15:12.566  9612 10709 I LSPosed-Bridge: 	at com.bonree.sdk.f.d.c(SourceFile:425)

09-02 15:15:12.566  9612 10709 I LSPosed-Bridge: 	at com.bonree.sdk.f.d.a(SourceFile:398)

09-02 15:15:12.566  9612 10709 I LSPosed-Bridge: 	at com.bonree.sdk.f.d.d(SourceFile:498)

09-02 15:15:12.566  9612 10709 I LSPosed-Bridge: 	at com.bonree.sdk.f.d.a(SourceFile:146)

09-02 15:15:12.566  9612 10709 I LSPosed-Bridge: 	at com.bonree.sdk.b.a.a(SourceFile:79)

09-02 15:15:12.566  9612 10709 I LSPosed-Bridge: 	at com.bonree.sdk.d.c$a.a(SourceFile:225)

09-02 15:15:12.566  9612 10709 I LSPosed-Bridge: 	at com.bonree.sdk.d.c$a.handleMessage(SourceFile:133)

09-02 15:15:12.566  9612 10709 I LSPosed-Bridge: 	at android.os.Handler.dispatchMessage(Handler.java:106)

09-02 15:15:12.566  9612 10709 I LSPosed-Bridge: 	at android.os.Looper.loop(Looper.java:193)

09-02 15:15:12.566  9612 10709 I LSPosed-Bridge: 	at android.os.HandlerThread.run(HandlerThread.java:65)

09-02 15:15:12.566   559   559 I ConfigStore: android::hardware::configstore::V1_0::ISurfaceFlingerConfigs::hasHDRDisplay retrieved: 0

09-02 15:15:12.566  9612  9612 I LSPosed-Bridge: 9612 PermLabel permName: android.permission.READ_PHONE_STATE; getRunningAppProcesses =[android.app.ActivityManager$RunningAppProcessInfo@a263d24, android.app.ActivityManager$RunningAppProcessInfo@6c1308d]; stacktrace=java.lang.Exception

09-02 15:15:12.566  9612  9612 I LSPosed-Bridge: 	at com.example.permlabel.hookBinder_test$2.afterHookedMethod(hookBinder_test.java:95)

09-02 15:15:12.566  9612  9612 I LSPosed-Bridge: 	at de.robv.android.xposed.XposedBridge$AdditionalHookInfo.callback(Unknown Source:147)

09-02 15:15:12.566  9612  9612 I LSPosed-Bridge: 	at LSPHooker_.getRunningAppProcesses(Unknown Source:8)

09-02 15:15:12.566  9612  9612 I LSPosed-Bridge: 	at com.MobileTicket.TicketActivityManager$Companion.isAppOnForeground(TicketActivityManager.kt:165)

09-02 15:15:12.566  9612  9612 I LSPosed-Bridge: 	at com.MobileTicket.TicketActivityManager.onActivityStopped(TicketActivityManager.kt:71)

09-02 15:15:12.566  9612  9612 I LSPosed-Bridge: 	at android.app.Application.dispatchActivityStopped(Application.java:257)

09-02 15:15:12.566  9612  9612 I LSPosed-Bridge: 	at android.app.Activity.onStop(Activity.java:1914)

09-02 15:15:12.566  9612  9612 I LSPosed-Bridge: 	at androidx.fragment.app.FragmentActivity.onStop(FragmentActivity.java:559)

09-02 15:15:12.566  9612  9612 I LSPosed-Bridge: 	at androidx.appcompat.app.AppCompatActivity.onStop(AppCompatActivity.java:216)

09-02 15:15:12.566  9612  9612 I LSPosed-Bridge: 	at com.alipay.mobile.framework.app.ui.BaseAppCompatActivity.f(BaseAppCompatActivity.java:314)

09-02 15:15:12.566  9612  9612 I LSPosed-Bridge: 	at com.alipay.mobile.framework.app.ui.BaseAppCompatActivity.onStop(BaseAppCompatActivity.java:308)

09-02 15:15:12.566  9612  9612 I LSPosed-Bridge: 	at android.app.Instrumentation.callActivityOnStop(Instrumentation.java:1433)

09-02 15:15:12.566  9612  9612 I LSPosed-Bridge: 	at android.app.Activity.performStop(Activity.java:7367)

09-02 15:15:12.566  9612  9612 I LSPosed-Bridge: 	at android.app.ActivityThread.callActivityOnStop(ActivityThread.java:4144)

09-02 15:15:12.566  9612  9612 I LSPosed-Bridge: 	at android.app.ActivityThread.performStopActivityInner(ActivityThread.java:4122)

09-02 15:15:12.566  9612  9612 I LSPosed-Bridge: 	at android.app.ActivityThread.handleStopActivity(ActivityThread.java:4197)

09-02 15:15:12.566  9612  9612 I LSPosed-Bridge: 	at android.app.servertransaction.TransactionExecutor.performLifecycleSequence(TransactionExecutor.java:192)

09-02 15:15:12.566  9612  9612 I LSPosed-Bridge: 	at android.app.servertransaction.TransactionExecutor.cycleToPath(TransactionExecutor.java:165)

09-02 15:15:12.566  9612  9612 I LSPosed-Bridge: 	at android.app.servertransaction.TransactionExecutor.executeLifecycleState(TransactionExecutor.java:142)

09-02 15:15:12.566  9612  9612 I LSPosed-Bridge: 	at android.app.servertransaction.TransactionExecutor.execute(TransactionExecutor.java:70)

09-02 15:15:12.566  9612  9612 I LSPosed-Bridge: 	at android.app.ActivityThread$H.handleMessage(ActivityThread.java:1809)

09-02 15:15:12.566  9612  9612 I LSPosed-Bridge: 	at android.os.Handler.dispatchMessage(Handler.java:106)

09-02 15:15:12.566  9612  9612 I LSPosed-Bridge: 	at android.os.Looper.loop(Looper.java:193)

09-02 15:15:12.566  9612  9612 I LSPosed-Bridge: 	at android.app.ActivityThread.main(ActivityThread.java:6692)

09-02 15:15:12.566  9612  9612 I LSPosed-Bridge: 	at java.lang.reflect.Method.invoke(Native Method)

09-02 15:15:12.566  9612  9612 I LSPosed-Bridge: 	at com.android.internal.os.RuntimeInit$MethodAndArgsCaller.run(RuntimeInit.java:493)

09-02 15:15:12.566  9612  9612 I LSPosed-Bridge: 	at com.android.internal.os.ZygoteInit.main(ZygoteInit.java:858)

09-02 15:15:12.566   559   559 I ConfigStore: android::hardware::configstore::V1_0::ISurfaceFlingerConfigs::hasHDRDisplay retrieved: 0

09-02 15:15:17.469  9612  9612 I LSPosed-Bridge: 9612 PermLabel getRunningAppProcesses processName: com.MobileTicket:push pid: 10022

09-02 15:15:17.469  9612  9612 I LSPosed-Bridge: 9612 PermLabel getRunningAppProcesses importance: 300 pid: 10022

09-02 15:15:17.469  9612  9612 I LSPosed-Bridge: 9612 PermLabel getRunningAppProcesses packageName com.MobileTicket at index 0 in process 10022

09-02 15:15:17.469  9612  9612 I LSPosed-Bridge: 9612 PermLabel permName: android.permission.READ_PHONE_STATE; getRunningAppProcesses =[android.app.ActivityManager$RunningAppProcessInfo@1824948, android.app.ActivityManager$RunningAppProcessInfo@c7d53e1]; stacktrace=java.lang.Exception

09-02 15:15:17.469  9612  9612 I LSPosed-Bridge: 	at com.example.permlabel.hookBinder_test$2.afterHookedMethod(hookBinder_test.java:95)

09-02 15:15:17.469  9612  9612 I LSPosed-Bridge: 	at de.robv.android.xposed.XposedBridge$AdditionalHookInfo.callback(Unknown Source:147)

09-02 15:15:17.469  9612  9612 I LSPosed-Bridge: 	at LSPHooker_.getRunningAppProcesses(Unknown Source:8)

09-02 15:15:17.469  9612  9612 I LSPosed-Bridge: 	at com.MobileTicket.TicketActivityManager$Companion.isAppOnForeground(TicketActivityManager.kt:165)

09-02 15:15:17.469  9612  9612 I LSPosed-Bridge: 	at com.MobileTicket.TicketActivityManager.onActivityStopped(TicketActivityManager.kt:71)

09-02 15:15:17.469  9612  9612 I LSPosed-Bridge: 	at android.app.Application.dispatchActivityStopped(Application.java:257)

09-02 15:15:17.469  9612  9612 I LSPosed-Bridge: 	at android.app.Activity.onStop(Activity.java:1914)

09-02 15:15:17.469  9612  9612 I LSPosed-Bridge: 	at androidx.fragment.app.FragmentActivity.onStop(FragmentActivity.java:559)

09-02 15:15:17.469  9612  9612 I LSPosed-Bridge: 	at androidx.appcompat.app.AppCompatActivity.onStop(AppCompatActivity.java:216)

09-02 15:15:17.469  9612  9612 I LSPosed-Bridge: 	at com.alipay.mobile.framework.app.ui.BaseAppCompatActivity.f(BaseAppCompatActivity.java:314)

09-02 15:15:17.469  9612  9612 I LSPosed-Bridge: 	at com.alipay.mobile.framework.app.ui.BaseAppCompatActivity.onStop(BaseAppCompatActivity.java:308)

09-02 15:15:17.469  9612  9612 I LSPosed-Bridge: 	at android.app.Instrumentation.callActivityOnStop(Instrumentation.java:1433)

09-02 15:15:17.469  9612  9612 I LSPosed-Bridge: 	at android.app.Activity.performStop(Activity.java:7367)

09-02 15:15:17.469  9612  9612 I LSPosed-Bridge: 	at android.app.ActivityThread.callActivityOnStop(ActivityThread.java:4144)

09-02 15:15:17.469  9612  9612 I LSPosed-Bridge: 	at android.app.ActivityThread.performStopActivityInner(ActivityThread.java:4122)

09-02 15:15:17.469  9612  9612 I LSPosed-Bridge: 	at android.app.ActivityThread.handleStopActivity(ActivityThread.java:4197)

09-02 15:15:17.469  9612  9612 I LSPosed-Bridge: 	at android.app.servertransaction.TransactionExecutor.performLifecycleSequence(TransactionExecutor.java:192)

09-02 15:15:17.469  9612  9612 I LSPosed-Bridge: 	at android.app.servertransaction.TransactionExecutor.cycleToPath(TransactionExecutor.java:165)

09-02 15:15:17.469  9612  9612 I LSPosed-Bridge: 	at android.app.servertransaction.TransactionExecutor.executeLifecycleState(TransactionExecutor.java:142)

09-02 15:15:17.469  9612  9612 I LSPosed-Bridge: 	at android.app.servertransaction.TransactionExecutor.execute(TransactionExecutor.java:70)

09-02 15:15:17.469  9612  9612 I LSPosed-Bridge: 	at android.app.ActivityThread$H.handleMessage(ActivityThread.java:1809)

09-02 15:15:17.469  9612  9612 I LSPosed-Bridge: 	at android.os.Handler.dispatchMessage(Handler.java:106)

09-02 15:15:17.469  9612  9612 I LSPosed-Bridge: 	at android.os.Looper.loop(Looper.java:193)

09-02 15:15:17.469  9612  9612 I LSPosed-Bridge: 	at android.app.ActivityThread.main(ActivityThread.java:6692)

09-02 15:15:17.469  9612  9612 I LSPosed-Bridge: 	at java.lang.reflect.Method.invoke(Native Method)

09-02 15:15:17.469  9612  9612 I LSPosed-Bridge: 	at com.android.internal.os.RuntimeInit$MethodAndArgsCaller.run(RuntimeInit.java:493)

09-02 15:15:17.469  9612  9612 I LSPosed-Bridge: 	at com.android.internal.os.ZygoteInit.main(ZygoteInit.java:858)

09-02 15:15:22.344  9612  9612 I LSPosed-Bridge: 9612 PermLabel permName: android.permission.READ_PHONE_STATE; getRunningAppProcesses =[android.app.ActivityManager$RunningAppProcessInfo@7c749fc, android.app.ActivityManager$RunningAppProcessInfo@d4d7885]; stacktrace=java.lang.Exception

09-02 15:15:22.344  9612  9612 I LSPosed-Bridge: 	at com.example.permlabel.hookBinder_test$2.afterHookedMethod(hookBinder_test.java:95)

09-02 15:15:22.344  9612  9612 I LSPosed-Bridge: 	at de.robv.android.xposed.XposedBridge$AdditionalHookInfo.callback(Unknown Source:147)

09-02 15:15:22.344  9612  9612 I LSPosed-Bridge: 	at LSPHooker_.getRunningAppProcesses(Unknown Source:8)

09-02 15:15:22.344  9612  9612 I LSPosed-Bridge: 	at com.MobileTicket.TicketActivityManager$Companion.isAppOnForeground(TicketActivityManager.kt:165)

09-02 15:15:22.344  9612  9612 I LSPosed-Bridge: 	at com.MobileTicket.TicketActivityManager.onActivityStopped(TicketActivityManager.kt:71)

09-02 15:15:22.344  9612  9612 I LSPosed-Bridge: 	at android.app.Application.dispatchActivityStopped(Application.java:257)

09-02 15:15:22.344  9612  9612 I LSPosed-Bridge: 	at android.app.Activity.onStop(Activity.java:1914)

09-02 15:15:22.344  9612  9612 I LSPosed-Bridge: 	at androidx.fragment.app.FragmentActivity.onStop(FragmentActivity.java:559)

09-02 15:15:22.344  9612  9612 I LSPosed-Bridge: 	at androidx.appcompat.app.AppCompatActivity.onStop(AppCompatActivity.java:216)

09-02 15:15:22.344  9612  9612 I LSPosed-Bridge: 	at com.alipay.mobile.framework.app.ui.BaseAppCompatActivity.f(BaseAppCompatActivity.java:314)

09-02 15:15:22.344  9612  9612 I LSPosed-Bridge: 	at com.alipay.mobile.framework.app.ui.BaseAppCompatActivity.onStop(BaseAppCompatActivity.java:308)

09-02 15:15:22.344  9612  9612 I LSPosed-Bridge: 	at android.app.Instrumentation.callActivityOnStop(Instrumentation.java:1433)

09-02 15:15:22.344  9612  9612 I LSPosed-Bridge: 	at android.app.Activity.performStop(Activity.java:7367)

09-02 15:15:22.344  9612  9612 I LSPosed-Bridge: 	at android.app.ActivityThread.callActivityOnStop(ActivityThread.java:4144)

09-02 15:15:22.344  9612  9612 I LSPosed-Bridge: 	at android.app.ActivityThread.performStopActivityInner(ActivityThread.java:4122)

09-02 15:15:22.344  9612  9612 I LSPosed-Bridge: 	at android.app.ActivityThread.handleStopActivity(ActivityThread.java:4197)

09-02 15:15:22.344  9612  9612 I LSPosed-Bridge: 	at android.app.servertransaction.TransactionExecutor.performLifecycleSequence(TransactionExecutor.java:192)

09-02 15:15:22.344  9612  9612 I LSPosed-Bridge: 	at android.app.servertransaction.TransactionExecutor.cycleToPath(TransactionExecutor.java:165)

09-02 15:15:22.344  9612  9612 I LSPosed-Bridge: 	at android.app.servertransaction.TransactionExecutor.executeLifecycleState(TransactionExecutor.java:142)

09-02 15:15:22.344  9612  9612 I LSPosed-Bridge: 	at android.app.servertransaction.TransactionExecutor.execute(TransactionExecutor.java:70)

09-02 15:15:22.344  9612  9612 I LSPosed-Bridge: 	at android.app.ActivityThread$H.handleMessage(ActivityThread.java:1809)

09-02 15:15:22.344  9612  9612 I LSPosed-Bridge: 	at android.os.Handler.dispatchMessage(Handler.java:106)

09-02 15:15:22.344  9612  9612 I LSPosed-Bridge: 	at android.os.Looper.loop(Looper.java:193)

09-02 15:15:22.344  9612  9612 I LSPosed-Bridge: 	at android.app.ActivityThread.main(ActivityThread.java:6692)

09-02 15:15:22.344  9612  9612 I LSPosed-Bridge: 	at java.lang.reflect.Method.invoke(Native Method)

09-02 15:15:22.344  9612  9612 I LSPosed-Bridge: 	at com.android.internal.os.RuntimeInit$MethodAndArgsCaller.run(RuntimeInit.java:493)

09-02 15:15:22.344  9612  9612 I LSPosed-Bridge: 	at com.android.internal.os.ZygoteInit.main(ZygoteInit.java:858)

09-02 15:15:22.344  9612 10709 I LSPosed-Bridge: 9612 PermLabel hookBinder_test 10134 interfaceBinder =android.net.INetworkStatsService; arg0 = 11; arg1 = android.os.Parcel@b903eb2; arg2 = android.os.Parcel@8ac2c30; arg3 = 0; res = true; stacktrace=java.lang.Exception

09-02 15:15:22.344  9612 10709 I LSPosed-Bridge: 	at com.example.permlabel.hookBinder_test$1.afterHookedMethod(hookBinder_test.java:55)

09-02 15:15:22.344  9612 10709 I LSPosed-Bridge: 	at de.robv.android.xposed.XposedBridge$AdditionalHookInfo.callback(Unknown Source:147)

09-02 15:15:22.344  9612 10709 I LSPosed-Bridge: 	at LSPHooker_.transact(Unknown Source:28)

09-02 15:15:22.344  9612 10709 I LSPosed-Bridge: 	at android.net.INetworkStatsService$Stub$Proxy.getUidStats(INetworkStatsService.java:471)

09-02 15:15:22.344  9612 10709 I LSPosed-Bridge: 	at android.net.TrafficStats.getUidTxBytes(TrafficStats.java:728)

09-02 15:15:22.344  9612 10709 I LSPosed-Bridge: 	at com.bonree.sdk.au.c.b(SourceFile:124)

09-02 15:15:22.344  9612 10709 I LSPosed-Bridge: 	at com.bonree.sdk.au.a.a(SourceFile:58)

09-02 15:15:22.344  9612 10709 I LSPosed-Bridge: 	at com.bonree.sdk.au.a.c(SourceFile:168)

09-02 15:15:22.344  9612 10709 I LSPosed-Bridge: 	at com.bonree.sdk.f.d.c(SourceFile:425)

09-02 15:15:22.344  9612 10709 I LSPosed-Bridge: 	at com.bonree.sdk.f.d.a(SourceFile:398)

09-02 15:15:22.344  9612 10709 I LSPosed-Bridge: 	at com.bonree.sdk.f.d.d(SourceFile:498)

09-02 15:15:22.344  9612 10709 I LSPosed-Bridge: 	at com.bonree.sdk.f.d.a(SourceFile:146)

09-02 15:15:22.344  9612 10709 I LSPosed-Bridge: 	at com.bonree.sdk.b.a.a(SourceFile:79)

09-02 15:15:22.344  9612 10709 I LSPosed-Bridge: 	at com.bonree.sdk.d.c$a.a(SourceFile:225)

09-02 15:15:22.344  9612 10709 I LSPosed-Bridge: 	at com.bonree.sdk.d.c$a.handleMessage(SourceFile:133)

09-02 15:15:22.344  9612 10709 I LSPosed-Bridge: 	at android.os.Handler.dispatchMessage(Handler.java:106)

09-02 15:15:22.344  9612 10709 I LSPosed-Bridge: 	at android.os.Looper.loop(Looper.java:193)

09-02 15:15:22.344  9612 10709 I LSPosed-Bridge: 	at android.os.HandlerThread.run(HandlerThread.java:65)

09-02 15:15:27.175  9612  9612 I LSPosed-Bridge: 9612 PermLabel permName: android.permission.READ_PHONE_STATE; getRunningAppProcesses =[android.app.ActivityManager$RunningAppProcessInfo@4412aa5, android.app.ActivityManager$RunningAppProcessInfo@b5b9e7a]; stacktrace=java.lang.Exception

09-02 15:15:27.175  9612  9612 I LSPosed-Bridge: 	at com.example.permlabel.hookBinder_test$2.afterHookedMethod(hookBinder_test.java:95)

09-02 15:15:27.175  9612  9612 I LSPosed-Bridge: 	at de.robv.android.xposed.XposedBridge$AdditionalHookInfo.callback(Unknown Source:147)

09-02 15:15:27.175  9612  9612 I LSPosed-Bridge: 	at LSPHooker_.getRunningAppProcesses(Unknown Source:8)

09-02 15:15:27.175  9612  9612 I LSPosed-Bridge: 	at com.MobileTicket.TicketActivityManager$Companion.isAppOnForeground(TicketActivityManager.kt:165)

09-02 15:15:27.175  9612  9612 I LSPosed-Bridge: 	at com.MobileTicket.TicketActivityManager.onActivityStopped(TicketActivityManager.kt:71)

09-02 15:15:27.175  9612  9612 I LSPosed-Bridge: 	at android.app.Application.dispatchActivityStopped(Application.java:257)

09-02 15:15:27.175  9612  9612 I LSPosed-Bridge: 	at android.app.Activity.onStop(Activity.java:1914)

09-02 15:15:27.175  9612  9612 I LSPosed-Bridge: 	at androidx.fragment.app.FragmentActivity.onStop(FragmentActivity.java:559)

09-02 15:15:27.175  9612  9612 I LSPosed-Bridge: 	at androidx.appcompat.app.AppCompatActivity.onStop(AppCompatActivity.java:216)

09-02 15:15:27.175  9612  9612 I LSPosed-Bridge: 	at com.alipay.mobile.framework.app.ui.BaseAppCompatActivity.f(BaseAppCompatActivity.java:314)

09-02 15:15:27.175  9612  9612 I LSPosed-Bridge: 	at com.alipay.mobile.framework.app.ui.BaseAppCompatActivity.onStop(BaseAppCompatActivity.java:308)

09-02 15:15:27.175  9612  9612 I LSPosed-Bridge: 	at android.app.Instrumentation.callActivityOnStop(Instrumentation.java:1433)

09-02 15:15:27.175  9612  9612 I LSPosed-Bridge: 	at android.app.Activity.performStop(Activity.java:7367)

09-02 15:15:27.175  9612  9612 I LSPosed-Bridge: 	at android.app.ActivityThread.callActivityOnStop(ActivityThread.java:4144)

09-02 15:15:27.175  9612  9612 I LSPosed-Bridge: 	at android.app.ActivityThread.performStopActivityInner(ActivityThread.java:4122)

09-02 15:15:27.175  9612  9612 I LSPosed-Bridge: 	at android.app.ActivityThread.handleStopActivity(ActivityThread.java:4197)

09-02 15:15:27.175  9612  9612 I LSPosed-Bridge: 	at android.app.servertransaction.TransactionExecutor.performLifecycleSequence(TransactionExecutor.java:192)

09-02 15:15:27.175  9612  9612 I LSPosed-Bridge: 	at android.app.servertransaction.TransactionExecutor.cycleToPath(TransactionExecutor.java:165)

09-02 15:15:27.175  9612  9612 I LSPosed-Bridge: 	at android.app.servertransaction.TransactionExecutor.executeLifecycleState(TransactionExecutor.java:142)

09-02 15:15:27.175  9612  9612 I LSPosed-Bridge: 	at android.app.servertransaction.TransactionExecutor.execute(TransactionExecutor.java:70)

09-02 15:15:27.175  9612  9612 I LSPosed-Bridge: 	at android.app.ActivityThread$H.handleMessage(ActivityThread.java:1809)

09-02 15:15:27.175  9612  9612 I LSPosed-Bridge: 	at android.os.Handler.dispatchMessage(Handler.java:106)

09-02 15:15:27.175  9612  9612 I LSPosed-Bridge: 	at android.os.Looper.loop(Looper.java:193)

09-02 15:15:27.175  9612  9612 I LSPosed-Bridge: 	at android.app.ActivityThread.main(ActivityThread.java:6692)

09-02 15:15:27.175  9612  9612 I LSPosed-Bridge: 	at java.lang.reflect.Method.invoke(Native Method)

09-02 15:15:27.175  9612  9612 I LSPosed-Bridge: 	at com.android.internal.os.RuntimeInit$MethodAndArgsCaller.run(RuntimeInit.java:493)

09-02 15:15:27.175  9612  9612 I LSPosed-Bridge: 	at com.android.internal.os.ZygoteInit.main(ZygoteInit.java:858)

09-02 15:15:32.211   559   559 I ConfigStore: android::hardware::configstore::V1_0::ISurfaceFlingerConfigs::hasHDRDisplay retrieved: 0

09-02 15:15:32.211  9612  9612 I LSPosed-Bridge: 9612 PermLabel permName: android.permission.READ_PHONE_STATE; getRunningAppProcesses =[android.app.ActivityManager$RunningAppProcessInfo@aa0a740, android.app.ActivityManager$RunningAppProcessInfo@4dce679]; stacktrace=java.lang.Exception

09-02 15:15:32.211  9612  9612 I LSPosed-Bridge: 	at com.example.permlabel.hookBinder_test$2.afterHookedMethod(hookBinder_test.java:95)

09-02 15:15:32.211  9612  9612 I LSPosed-Bridge: 	at de.robv.android.xposed.XposedBridge$AdditionalHookInfo.callback(Unknown Source:147)

09-02 15:15:32.211  9612  9612 I LSPosed-Bridge: 	at LSPHooker_.getRunningAppProcesses(Unknown Source:8)

09-02 15:15:32.211  9612  9612 I LSPosed-Bridge: 	at com.MobileTicket.TicketActivityManager$Companion.isAppOnForeground(TicketActivityManager.kt:165)

09-02 15:15:32.211  9612  9612 I LSPosed-Bridge: 	at com.MobileTicket.TicketActivityManager.onActivityStopped(TicketActivityManager.kt:71)

09-02 15:15:32.211  9612  9612 I LSPosed-Bridge: 	at android.app.Application.dispatchActivityStopped(Application.java:257)

09-02 15:15:32.211  9612  9612 I LSPosed-Bridge: 	at android.app.Activity.onStop(Activity.java:1914)

09-02 15:15:32.211  9612  9612 I LSPosed-Bridge: 	at androidx.fragment.app.FragmentActivity.onStop(FragmentActivity.java:559)

09-02 15:15:32.211  9612  9612 I LSPosed-Bridge: 	at androidx.appcompat.app.AppCompatActivity.onStop(AppCompatActivity.java:216)

09-02 15:15:32.211  9612  9612 I LSPosed-Bridge: 	at com.alipay.mobile.framework.app.ui.BaseAppCompatActivity.f(BaseAppCompatActivity.java:314)

09-02 15:15:32.211  9612  9612 I LSPosed-Bridge: 	at com.alipay.mobile.framework.app.ui.BaseAppCompatActivity.onStop(BaseAppCompatActivity.java:308)

09-02 15:15:32.211  9612  9612 I LSPosed-Bridge: 	at android.app.Instrumentation.callActivityOnStop(Instrumentation.java:1433)

09-02 15:15:32.211  9612  9612 I LSPosed-Bridge: 	at android.app.Activity.performStop(Activity.java:7367)

09-02 15:15:32.211  9612  9612 I LSPosed-Bridge: 	at android.app.ActivityThread.callActivityOnStop(ActivityThread.java:4144)

09-02 15:15:32.211  9612  9612 I LSPosed-Bridge: 	at android.app.ActivityThread.performStopActivityInner(ActivityThread.java:4122)

09-02 15:15:32.211  9612  9612 I LSPosed-Bridge: 	at android.app.ActivityThread.handleStopActivity(ActivityThread.java:4197)

09-02 15:15:32.211  9612  9612 I LSPosed-Bridge: 	at android.app.servertransaction.TransactionExecutor.performLifecycleSequence(TransactionExecutor.java:192)

09-02 15:15:32.211  9612  9612 I LSPosed-Bridge: 	at android.app.servertransaction.TransactionExecutor.cycleToPath(TransactionExecutor.java:165)

09-02 15:15:32.211  9612  9612 I LSPosed-Bridge: 	at android.app.servertransaction.TransactionExecutor.executeLifecycleState(TransactionExecutor.java:142)

09-02 15:15:32.211  9612  9612 I LSPosed-Bridge: 	at android.app.servertransaction.TransactionExecutor.execute(TransactionExecutor.java:70)

09-02 15:15:32.211  9612  9612 I LSPosed-Bridge: 	at android.app.ActivityThread$H.handleMessage(ActivityThread.java:1809)

09-02 15:15:32.211  9612  9612 I LSPosed-Bridge: 	at android.os.Handler.dispatchMessage(Handler.java:106)

09-02 15:15:32.211  9612  9612 I LSPosed-Bridge: 	at android.os.Looper.loop(Looper.java:193)

09-02 15:15:32.211  9612  9612 I LSPosed-Bridge: 	at android.app.ActivityThread.main(ActivityThread.java:6692)

09-02 15:15:32.211  9612  9612 I LSPosed-Bridge: 	at java.lang.reflect.Method.invoke(Native Method)

09-02 15:15:32.211  9612  9612 I LSPosed-Bridge: 	at com.android.internal.os.RuntimeInit$MethodAndArgsCaller.run(RuntimeInit.java:493)

09-02 15:15:32.211  9612  9612 I LSPosed-Bridge: 	at com.android.internal.os.ZygoteInit.main(ZygoteInit.java:858)

09-02 15:15:32.211   559   559 I ConfigStore: android::hardware::configstore::V1_0::ISurfaceFlingerConfigs::hasHDRDisplay retrieved: 0

09-02 15:15:36.845  9612  9612 I LSPosed-Bridge: 9612 PermLabel permName: android.permission.READ_PHONE_STATE; getRunningAppProcesses =[android.app.ActivityManager$RunningAppProcessInfo@62bde99, android.app.ActivityManager$RunningAppProcessInfo@1d6955e]; stacktrace=java.lang.Exception

09-02 15:15:36.845  9612  9612 I LSPosed-Bridge: 	at com.example.permlabel.hookBinder_test$2.afterHookedMethod(hookBinder_test.java:95)

09-02 15:15:36.845  9612  9612 I LSPosed-Bridge: 	at de.robv.android.xposed.XposedBridge$AdditionalHookInfo.callback(Unknown Source:147)

09-02 15:15:36.845  9612  9612 I LSPosed-Bridge: 	at LSPHooker_.getRunningAppProcesses(Unknown Source:8)

09-02 15:15:36.845  9612  9612 I LSPosed-Bridge: 	at com.MobileTicket.TicketActivityManager$Companion.isAppOnForeground(TicketActivityManager.kt:165)

09-02 15:15:36.845  9612  9612 I LSPosed-Bridge: 	at com.MobileTicket.TicketActivityManager.onActivityStopped(TicketActivityManager.kt:71)

09-02 15:15:36.845  9612  9612 I LSPosed-Bridge: 	at android.app.Application.dispatchActivityStopped(Application.java:257)

09-02 15:15:36.845  9612  9612 I LSPosed-Bridge: 	at android.app.Activity.onStop(Activity.java:1914)

09-02 15:15:36.845  9612  9612 I LSPosed-Bridge: 	at androidx.fragment.app.FragmentActivity.onStop(FragmentActivity.java:559)

09-02 15:15:36.845  9612  9612 I LSPosed-Bridge: 	at androidx.appcompat.app.AppCompatActivity.onStop(AppCompatActivity.java:216)

09-02 15:15:36.845  9612  9612 I LSPosed-Bridge: 	at com.alipay.mobile.framework.app.ui.BaseAppCompatActivity.f(BaseAppCompatActivity.java:314)

09-02 15:15:36.845  9612  9612 I LSPosed-Bridge: 	at com.alipay.mobile.framework.app.ui.BaseAppCompatActivity.onStop(BaseAppCompatActivity.java:308)

09-02 15:15:36.845  9612  9612 I LSPosed-Bridge: 	at android.app.Instrumentation.callActivityOnStop(Instrumentation.java:1433)

09-02 15:15:36.845  9612  9612 I LSPosed-Bridge: 	at android.app.Activity.performStop(Activity.java:7367)

09-02 15:15:36.845  9612  9612 I LSPosed-Bridge: 	at android.app.ActivityThread.callActivityOnStop(ActivityThread.java:4144)

09-02 15:15:36.845  9612  9612 I LSPosed-Bridge: 	at android.app.ActivityThread.performStopActivityInner(ActivityThread.java:4122)

09-02 15:15:36.845  9612  9612 I LSPosed-Bridge: 	at android.app.ActivityThread.handleStopActivity(ActivityThread.java:4197)

09-02 15:15:36.845  9612  9612 I LSPosed-Bridge: 	at android.app.servertransaction.TransactionExecutor.performLifecycleSequence(TransactionExecutor.java:192)

09-02 15:15:36.845  9612  9612 I LSPosed-Bridge: 	at android.app.servertransaction.TransactionExecutor.cycleToPath(TransactionExecutor.java:165)

09-02 15:15:36.845  9612  9612 I LSPosed-Bridge: 	at android.app.servertransaction.TransactionExecutor.executeLifecycleState(TransactionExecutor.java:142)

09-02 15:15:36.845  9612  9612 I LSPosed-Bridge: 	at android.app.servertransaction.TransactionExecutor.execute(TransactionExecutor.java:70)

09-02 15:15:36.845  9612  9612 I LSPosed-Bridge: 	at android.app.ActivityThread$H.handleMessage(ActivityThread.java:1809)

09-02 15:15:36.845  9612  9612 I LSPosed-Bridge: 	at android.os.Handler.dispatchMessage(Handler.java:106)

09-02 15:15:36.845  9612  9612 I LSPosed-Bridge: 	at android.os.Looper.loop(Looper.java:193)

09-02 15:15:36.845  9612  9612 I LSPosed-Bridge: 	at android.app.ActivityThread.main(ActivityThread.java:6692)

09-02 15:15:36.845  9612  9612 I LSPosed-Bridge: 	at java.lang.reflect.Method.invoke(Native Method)

09-02 15:15:36.845  9612  9612 I LSPosed-Bridge: 	at com.android.internal.os.RuntimeInit$MethodAndArgsCaller.run(RuntimeInit.java:493)

09-02 15:15:36.845  9612  9612 I LSPosed-Bridge: 	at com.android.internal.os.ZygoteInit.main(ZygoteInit.java:858)

09-02 15:15:41.649  9612  9612 I LSPosed-Bridge: 9612 PermLabel permName: android.permission.READ_PHONE_STATE; getRunningAppProcesses =[android.app.ActivityManager$RunningAppProcessInfo@f4465b2, android.app.ActivityManager$RunningAppProcessInfo@c7b903]; stacktrace=java.lang.Exception

09-02 15:15:41.649  9612  9612 I LSPosed-Bridge: 	at com.example.permlabel.hookBinder_test$2.afterHookedMethod(hookBinder_test.java:95)

09-02 15:15:41.649  9612  9612 I LSPosed-Bridge: 	at de.robv.android.xposed.XposedBridge$AdditionalHookInfo.callback(Unknown Source:147)

09-02 15:15:41.649  9612  9612 I LSPosed-Bridge: 	at LSPHooker_.getRunningAppProcesses(Unknown Source:8)

09-02 15:15:41.649  9612  9612 I LSPosed-Bridge: 	at com.MobileTicket.TicketActivityManager$Companion.isAppOnForeground(TicketActivityManager.kt:165)

09-02 15:15:41.649  9612  9612 I LSPosed-Bridge: 	at com.MobileTicket.TicketActivityManager.onActivityStopped(TicketActivityManager.kt:71)

09-02 15:15:41.649  9612  9612 I LSPosed-Bridge: 	at android.app.Application.dispatchActivityStopped(Application.java:257)

09-02 15:15:41.649  9612  9612 I LSPosed-Bridge: 	at android.app.Activity.onStop(Activity.java:1914)

09-02 15:15:41.649  9612  9612 I LSPosed-Bridge: 	at androidx.fragment.app.FragmentActivity.onStop(FragmentActivity.java:559)

09-02 15:15:41.649  9612  9612 I LSPosed-Bridge: 	at androidx.appcompat.app.AppCompatActivity.onStop(AppCompatActivity.java:216)

09-02 15:15:41.649  9612  9612 I LSPosed-Bridge: 	at com.alipay.mobile.framework.app.ui.BaseAppCompatActivity.f(BaseAppCompatActivity.java:314)

09-02 15:15:41.649  9612  9612 I LSPosed-Bridge: 	at com.alipay.mobile.framework.app.ui.BaseAppCompatActivity.onStop(BaseAppCompatActivity.java:308)

09-02 15:15:41.649  9612  9612 I LSPosed-Bridge: 	at android.app.Instrumentation.callActivityOnStop(Instrumentation.java:1433)

09-02 15:15:41.649  9612  9612 I LSPosed-Bridge: 	at android.app.Activity.performStop(Activity.java:7367)

09-02 15:15:41.649  9612  9612 I LSPosed-Bridge: 	at android.app.ActivityThread.callActivityOnStop(ActivityThread.java:4144)

09-02 15:15:41.649  9612  9612 I LSPosed-Bridge: 	at android.app.ActivityThread.performStopActivityInner(ActivityThread.java:4122)

09-02 15:15:41.649  9612  9612 I LSPosed-Bridge: 	at android.app.ActivityThread.handleStopActivity(ActivityThread.java:4197)

09-02 15:15:41.649  9612  9612 I LSPosed-Bridge: 	at android.app.servertransaction.TransactionExecutor.performLifecycleSequence(TransactionExecutor.java:192)

09-02 15:15:41.649  9612  9612 I LSPosed-Bridge: 	at android.app.servertransaction.TransactionExecutor.cycleToPath(TransactionExecutor.java:165)

09-02 15:15:41.649  9612  9612 I LSPosed-Bridge: 	at android.app.servertransaction.TransactionExecutor.executeLifecycleState(TransactionExecutor.java:142)

09-02 15:15:41.649  9612  9612 I LSPosed-Bridge: 	at android.app.servertransaction.TransactionExecutor.execute(TransactionExecutor.java:70)

09-02 15:15:41.649  9612  9612 I LSPosed-Bridge: 	at android.app.ActivityThread$H.handleMessage(ActivityThread.java:1809)

09-02 15:15:41.649  9612  9612 I LSPosed-Bridge: 	at android.os.Handler.dispatchMessage(Handler.java:106)

09-02 15:15:41.649  9612  9612 I LSPosed-Bridge: 	at android.os.Looper.loop(Looper.java:193)

09-02 15:15:41.649  9612  9612 I LSPosed-Bridge: 	at android.app.ActivityThread.main(ActivityThread.java:6692)

09-02 15:15:41.649  9612  9612 I LSPosed-Bridge: 	at java.lang.reflect.Method.invoke(Native Method)

09-02 15:15:41.649  9612  9612 I LSPosed-Bridge: 	at com.android.internal.os.RuntimeInit$MethodAndArgsCaller.run(RuntimeInit.java:493)

09-02 15:15:41.649  9612  9612 I LSPosed-Bridge: 	at com.android.internal.os.ZygoteInit.main(ZygoteInit.java:858)

09-02 15:15:46.476  9612  9612 I LSPosed-Bridge: 9612 PermLabel getRunningAppProcesses processName: com.MobileTicket pid: 9612

09-02 15:15:46.476  9612  9612 I LSPosed-Bridge: 9612 PermLabel getRunningAppProcesses importance: 400 pid: 9612

09-02 15:15:46.476  9612  9612 I LSPosed-Bridge: 9612 PermLabel getRunningAppProcesses packageName com.MobileTicket at index 0 in process 9612

09-02 15:15:46.476  9612  9612 I LSPosed-Bridge: 9612 PermLabel getRunningAppProcesses =android.app.ActivityManager$RunningAppProcessInfo@4c0c77f

09-02 15:15:46.476  9612  9612 I LSPosed-Bridge: 9612 PermLabel getRunningAppProcesses processName: com.MobileTicket:push pid: 10022

09-02 15:15:46.476  9612  9612 I LSPosed-Bridge: 9612 PermLabel getRunningAppProcesses importance: 300 pid: 10022

09-02 15:15:46.476  9612  9612 I LSPosed-Bridge: 9612 PermLabel getRunningAppProcesses packageName com.MobileTicket at index 0 in process 10022

09-02 15:15:46.476  9612 10709 I LSPosed-Bridge: 9612 PermLabel hookBinder_test 10134 interfaceBinder =android.net.INetworkStatsService; arg0 = 11; arg1 = android.os.Parcel@3ae4c59; arg2 = android.os.Parcel@756096b; arg3 = 0; res = true; stacktrace=java.lang.Exception

09-02 15:15:46.476  9612 10709 I LSPosed-Bridge: 	at com.example.permlabel.hookBinder_test$1.afterHookedMethod(hookBinder_test.java:55)

09-02 15:15:46.476  9612 10709 I LSPosed-Bridge: 	at de.robv.android.xposed.XposedBridge$AdditionalHookInfo.callback(Unknown Source:147)

09-02 15:15:46.476  9612 10709 I LSPosed-Bridge: 	at LSPHooker_.transact(Unknown Source:28)

09-02 15:15:46.476  9612 10709 I LSPosed-Bridge: 	at android.net.INetworkStatsService$Stub$Proxy.getUidStats(INetworkStatsService.java:471)

09-02 15:15:46.476  9612 10709 I LSPosed-Bridge: 	at android.net.TrafficStats.getUidTxBytes(TrafficStats.java:728)

09-02 15:15:46.476  9612 10709 I LSPosed-Bridge: 	at com.bonree.sdk.au.c.b(SourceFile:124)

09-02 15:15:46.476  9612 10709 I LSPosed-Bridge: 	at com.bonree.sdk.au.a.a(SourceFile:58)

09-02 15:15:46.476  9612 10709 I LSPosed-Bridge: 	at com.bonree.sdk.au.a.c(SourceFile:168)

09-02 15:15:46.476  9612 10709 I LSPosed-Bridge: 	at com.bonree.sdk.f.d.c(SourceFile:425)

09-02 15:15:46.476  9612 10709 I LSPosed-Bridge: 	at com.bonree.sdk.f.d.a(SourceFile:398)

09-02 15:15:46.476  9612 10709 I LSPosed-Bridge: 	at com.bonree.sdk.f.d.d(SourceFile:498)

09-02 15:15:46.476  9612 10709 I LSPosed-Bridge: 	at com.bonree.sdk.f.d.a(SourceFile:146)

09-02 15:15:46.476  9612 10709 I LSPosed-Bridge: 	at com.bonree.sdk.b.a.a(SourceFile:79)

09-02 15:15:46.476  9612 10709 I LSPosed-Bridge: 	at com.bonree.sdk.d.c$a.a(SourceFile:225)

09-02 15:15:46.476  9612 10709 I LSPosed-Bridge: 	at com.bonree.sdk.d.c$a.handleMessage(SourceFile:133)

09-02 15:15:46.476  9612 10709 I LSPosed-Bridge: 	at android.os.Handler.dispatchMessage(Handler.java:106)

09-02 15:15:46.476  9612 10709 I LSPosed-Bridge: 	at android.os.Looper.loop(Looper.java:193)

09-02 15:15:46.476  9612 10709 I LSPosed-Bridge: 	at android.os.HandlerThread.run(HandlerThread.java:65)

09-02 15:15:46.476  9612  9612 I LSPosed-Bridge: 9612 PermLabel permName: android.permission.READ_PHONE_STATE; getRunningAppProcesses =[android.app.ActivityManager$RunningAppProcessInfo@6ef09e, android.app.ActivityManager$RunningAppProcessInfo@4c0c77f]; stacktrace=java.lang.Exception

09-02 15:15:46.476  9612  9612 I LSPosed-Bridge: 	at com.example.permlabel.hookBinder_test$2.afterHookedMethod(hookBinder_test.java:95)

09-02 15:15:46.476  9612  9612 I LSPosed-Bridge: 	at de.robv.android.xposed.XposedBridge$AdditionalHookInfo.callback(Unknown Source:147)

09-02 15:15:46.476  9612  9612 I LSPosed-Bridge: 	at LSPHooker_.getRunningAppProcesses(Unknown Source:8)

09-02 15:15:46.476  9612  9612 I LSPosed-Bridge: 	at com.MobileTicket.TicketActivityManager$Companion.isAppOnForeground(TicketActivityManager.kt:165)

09-02 15:15:46.476  9612  9612 I LSPosed-Bridge: 	at com.MobileTicket.TicketActivityManager.onActivityStopped(TicketActivityManager.kt:71)

09-02 15:15:46.476  9612  9612 I LSPosed-Bridge: 	at android.app.Application.dispatchActivityStopped(Application.java:257)

09-02 15:15:46.476  9612  9612 I LSPosed-Bridge: 	at android.app.Activity.onStop(Activity.java:1914)

09-02 15:15:46.476  9612  9612 I LSPosed-Bridge: 	at androidx.fragment.app.FragmentActivity.onStop(FragmentActivity.java:559)

09-02 15:15:46.476  9612  9612 I LSPosed-Bridge: 	at androidx.appcompat.app.AppCompatActivity.onStop(AppCompatActivity.java:216)

09-02 15:15:46.476  9612  9612 I LSPosed-Bridge: 	at com.alipay.mobile.framework.app.ui.BaseAppCompatActivity.f(BaseAppCompatActivity.java:314)

09-02 15:15:46.476  9612  9612 I LSPosed-Bridge: 	at com.alipay.mobile.framework.app.ui.BaseAppCompatActivity.onStop(BaseAppCompatActivity.java:308)

09-02 15:15:46.476  9612  9612 I LSPosed-Bridge: 	at android.app.Instrumentation.callActivityOnStop(Instrumentation.java:1433)

09-02 15:15:46.476  9612  9612 I LSPosed-Bridge: 	at android.app.Activity.performStop(Activity.java:7367)

09-02 15:15:46.476  9612  9612 I LSPosed-Bridge: 	at android.app.ActivityThread.callActivityOnStop(ActivityThread.java:4144)

09-02 15:15:46.476  9612  9612 I LSPosed-Bridge: 	at android.app.ActivityThread.performStopActivityInner(ActivityThread.java:4122)

09-02 15:15:46.476  9612  9612 I LSPosed-Bridge: 	at android.app.ActivityThread.handleStopActivity(ActivityThread.java:4197)

09-02 15:15:46.476  9612  9612 I LSPosed-Bridge: 	at android.app.servertransaction.TransactionExecutor.performLifecycleSequence(TransactionExecutor.java:192)

09-02 15:15:46.476  9612  9612 I LSPosed-Bridge: 	at android.app.servertransaction.TransactionExecutor.cycleToPath(TransactionExecutor.java:165)

09-02 15:15:46.476  9612  9612 I LSPosed-Bridge: 	at android.app.servertransaction.TransactionExecutor.executeLifecycleState(TransactionExecutor.java:142)

09-02 15:15:46.476  9612  9612 I LSPosed-Bridge: 	at android.app.servertransaction.TransactionExecutor.execute(TransactionExecutor.java:70)

09-02 15:15:46.476  9612  9612 I LSPosed-Bridge: 	at android.app.ActivityThread$H.handleMessage(ActivityThread.java:1809)

09-02 15:15:46.476  9612  9612 I LSPosed-Bridge: 	at android.os.Handler.dispatchMessage(Handler.java:106)

09-02 15:15:46.476  9612  9612 I LSPosed-Bridge: 	at android.os.Looper.loop(Looper.java:193)

09-02 15:15:46.476  9612  9612 I LSPosed-Bridge: 	at android.app.ActivityThread.main(ActivityThread.java:6692)

09-02 15:15:46.476  9612  9612 I LSPosed-Bridge: 	at java.lang.reflect.Method.invoke(Native Method)

09-02 15:15:46.476  9612  9612 I LSPosed-Bridge: 	at com.android.internal.os.RuntimeInit$MethodAndArgsCaller.run(RuntimeInit.java:493)

09-02 15:15:46.476  9612  9612 I LSPosed-Bridge: 	at com.android.internal.os.ZygoteInit.main(ZygoteInit.java:858)

09-02 15:15:49.166 17572 17572 I LSPosed-Bridge: 17572 PermLabel 10134 permission_group_mapping =android.permission.READ_PHONE_STATE Telephone

09-02 15:15:49.166 17572 17572 I LSPosed-Bridge: 17572 PermLabel 10134 permission_group_mapping =android.permission.CAMERA Camera

09-02 15:15:49.183 17572 17572 W System.err: android.content.pm.PackageManager$NameNotFoundException: android.permission.QUERY_ALL_PACKAGES

09-02 15:15:49.183 17572 17572 W System.err: android.content.pm.PackageManager$NameNotFoundException: android.permission.QUERY_ALL_PACKAGES

09-02 15:15:49.183 17572 17572 W System.err: 	at android.app.ApplicationPackageManager.getPermissionInfo(ApplicationPackageManager.java:315)

09-02 15:15:49.183 17572 17572 W System.err: 	at android.app.ApplicationPackageManager.getPermissionInfo(ApplicationPackageManager.java:315)

09-02 15:15:49.183 17572 17572 W System.err: 	at com.example.permlabel.requestPerm.handleLoadPackage(requestPerm.java:90)

09-02 15:15:49.183 17572 17572 W System.err: 	at com.example.permlabel.requestPerm.handleLoadPackage(requestPerm.java:90)

09-02 15:15:49.183 17572 17572 W System.err: 	at de.robv.android.xposed.IXposedHookLoadPackage$Wrapper.handleLoadPackage(Unknown Source:2)

09-02 15:15:49.183 17572 17572 W System.err: 	at de.robv.android.xposed.IXposedHookLoadPackage$Wrapper.handleLoadPackage(Unknown Source:2)

09-02 15:15:49.183 17572 17572 W System.err: 	at de.robv.android.xposed.callbacks.XC_LoadPackage.call(Unknown Source:6)

09-02 15:15:49.183 17572 17572 W System.err: 	at de.robv.android.xposed.callbacks.XC_LoadPackage.call(Unknown Source:6)

09-02 15:15:49.183 17572 17572 W System.err: 	at de.robv.android.xposed.callbacks.XCallback.callAll(Unknown Source:26)

09-02 15:15:49.183 17572 17572 W System.err: 	at de.robv.android.xposed.callbacks.XCallback.callAll(Unknown Source:26)

09-02 15:15:49.183 17572 17572 W System.err: 	at I.afterHookedMethod(Unknown Source:1)

09-02 15:15:49.183 17572 17572 W System.err: 	at I.afterHookedMethod(Unknown Source:1)

09-02 15:15:49.183 17572 17572 W System.err: 	at de.robv.android.xposed.XposedBridge$AdditionalHookInfo.callback(Unknown Source:147)

09-02 15:15:49.183 17572 17572 W System.err: 	at de.robv.android.xposed.XposedBridge$AdditionalHookInfo.callback(Unknown Source:147)

09-02 15:15:49.183 17572 17572 W System.err: 	at LSPHooker_.getClassLoader(Unknown Source:8)

09-02 15:15:49.183 17572 17572 W System.err: 	at LSPHooker_.getClassLoader(Unknown Source:8)

09-02 15:15:49.183 17572 17572 W System.err: 	at android.app.LoadedApk.getResources(LoadedApk.java:1032)

09-02 15:15:49.183 17572 17572 W System.err: 	at android.app.LoadedApk.getResources(LoadedApk.java:1032)

09-02 15:15:49.183 17572 17572 W System.err: 	at android.app.ContextImpl.createAppContext(ContextImpl.java:2345)

09-02 15:15:49.183 17572 17572 W System.err: 	at android.app.ContextImpl.createAppContext(ContextImpl.java:2345)

09-02 15:15:49.183 17572 17572 W System.err: 	at android.app.ActivityThread.handleBindApplication(ActivityThread.java:5759)

09-02 15:15:49.183 17572 17572 W System.err: 	at android.app.ActivityThread.handleBindApplication(ActivityThread.java:5759)

09-02 15:15:49.183 17572 17572 W System.err: 	at android.app.ActivityThread.access$1100(ActivityThread.java:200)

09-02 15:15:49.183 17572 17572 W System.err: 	at android.app.ActivityThread.access$1100(ActivityThread.java:200)

09-02 15:15:49.183 17572 17572 W System.err: 	at android.app.ActivityThread$H.handleMessage(ActivityThread.java:1651)

09-02 15:15:49.183 17572 17572 W System.err: 	at android.app.ActivityThread$H.handleMessage(ActivityThread.java:1651)

09-02 15:15:49.183 17572 17572 W System.err: 	at android.os.Handler.dispatchMessage(Handler.java:106)

09-02 15:15:49.183 17572 17572 W System.err: 	at android.os.Handler.dispatchMessage(Handler.java:106)

09-02 15:15:49.183 17572 17572 W System.err: 	at android.os.Looper.loop(Looper.java:193)

09-02 15:15:49.183 17572 17572 W System.err: 	at android.os.Looper.loop(Looper.java:193)

09-02 15:15:49.183 17572 17572 W System.err: 	at android.app.ActivityThread.main(ActivityThread.java:6692)

09-02 15:15:49.183 17572 17572 W System.err: 	at android.app.ActivityThread.main(ActivityThread.java:6692)

09-02 15:15:49.183 17572 17572 W System.err: 	at java.lang.reflect.Method.invoke(Native Method)

09-02 15:15:49.183 17572 17572 W System.err: 	at java.lang.reflect.Method.invoke(Native Method)

09-02 15:15:49.183 17572 17572 W System.err: 	at com.android.internal.os.RuntimeInit$MethodAndArgsCaller.run(RuntimeInit.java:493)

09-02 15:15:49.183 17572 17572 W System.err: 	at com.android.internal.os.RuntimeInit$MethodAndArgsCaller.run(RuntimeInit.java:493)

09-02 15:15:49.183 17572 17572 W System.err: 	at com.android.internal.os.ZygoteInit.main(ZygoteInit.java:858)

