06-11 23:19:19.734  1568  1845 I LSPosed-Bridge: 	at com.example.permlabel.requirePerm$1$2.afterHookedMethod(requirePerm.java:123)

06-11 23:19:19.734  1568  1845 I LSPosed-Bridge: 	at de.robv.android.xposed.XposedBridge$AdditionalHookInfo.callback(Unknown Source:147)

06-11 23:19:19.734  1568  1845 I LSPosed-Bridge: 	at LSPHooker_.checkPermission(Unknown Source:25)

06-11 23:19:19.734  1568  1845 I LSPosed-Bridge: 	at android.app.IActivityManager$Stub.onTransact(IActivityManager.java:664)

06-11 23:19:19.734  1568  1845 I LSPosed-Bridge: 	at com.android.server.am.ActivityManagerService.onTransact(ActivityManagerService.java:3346)

06-11 23:19:19.734  1568  1845 I LSPosed-Bridge: 	at android.os.Binder.execTransact(Binder.java:731)

06-11 23:19:19.737  5625  9378 I LSPosed-Bridge: 5625 PermLabel 10124; permName: android.permission.ACCESS_COARSE_LOCATION; getCellLocation res = null; stacktrace=java.lang.Exception

06-11 23:19:19.737  5625  9378 I LSPosed-Bridge: 	at com.example.permlabel.hookLocationExtra_test$3.afterHookedMethod(hookLocationExtra_test.java:52)

06-11 23:19:19.737  5625  9378 I LSPosed-Bridge: 	at de.robv.android.xposed.XposedBridge$AdditionalHookInfo.callback(Unknown Source:147)

06-11 23:19:19.737  5625  9378 I LSPosed-Bridge: 	at LSPHooker_.getCellLocation(Unknown Source:8)

06-11 23:19:19.737  5625  9378 I LSPosed-Bridge: 	at com.qihoo.utils.DeviceUtils.getCid(AppStore:5)

06-11 23:19:19.737  5625  9378 I LSPosed-Bridge: 	at com.qihoo.utils.Wa.a(AppStore:3)

06-11 23:19:19.737  5625  9378 I LSPosed-Bridge: 	at com.qihoo360.common.helper.a.b.g(AppStore:9)

06-11 23:19:19.737  5625  9378 I LSPosed-Bridge: 	at com.qihoo360.common.helper.a.b.d(AppStore:3)

06-11 23:19:19.737  5625  9378 I LSPosed-Bridge: 	at com.qihoo360.common.helper.a.b.a(AppStore:1)

06-11 23:19:19.737  5625  9378 I LSPosed-Bridge: 	at com.qihoo.appstore.N.a.f.onRequestInterceptor(AppStore:10)

06-11 23:19:19.737  5625  9378 I LSPosed-Bridge: 	at com.android.volleypro.interceptor.InterceptorManager.processRequestInterceptor(AppStore:3)

06-11 23:19:19.737  5625  9378 I LSPosed-Bridge: 	at com.android.volleypro.toolbox.VolleyBasicNetwork.performRequest(AppStore:9)

06-11 23:19:19.737  5625  9378 I LSPosed-Bridge: 	at com.android.volleypro.toolbox.NetworkDispatcherSafe.run(AppStore:9)

06-11 23:19:19.849  9310  9310 I LSPosed-Bridge: 9310 PermLabel 10124 permission_group_mapping =android.permission.ACCESS_COARSE_LOCATION Location

06-11 23:19:19.849  2163  2163 I QcrilOemhookMsgTunnel: [1]invokeOemRilRequestRaw: serial=1101 length=24

06-11 23:19:20.231  1568  7946 I LSPosed-Bridge: 5580 PermLabel 10124 AMS.checkPermission: Binder.getCallingPid() = 1903; uid = 10124; Binder.getCallingUid() = 1001; getNameForUid: android.uid.phone:1001; getPackagesForUid: [com.qualcomm.qti.callfeaturessetting, com.android.stk, com.qualcomm.qti.lpa, com.qualcomm.qcrilmsgtunnel, com.android.phone, com.qti.qualcomm.deviceinfo, com.qualcomm.simcontacts, com.qualcomm.qti.networksetting, com.android.mms.service, com.qti.qualcomm.datastatusnotification, org.codeaurora.ims, com.qti.xdivert, com.qualcomm.qti.autoregistration, com.qti.confuridialer, com.qualcomm.qti.uim, com.android.providers.telephony, com.qualcomm.qti.ims, com.qualcomm.qti.telephonyservice]; permName: android.permission.ACCESS_COARSE_LOCATION; type = 1; res = -1; stacktrace=java.lang.Exception

06-11 23:19:20.231  1568  7946 I LSPosed-Bridge: 	at com.example.permlabel.requirePerm$1$2.afterHookedMethod(requirePerm.java:123)

06-11 23:19:20.231  1568  7946 I LSPosed-Bridge: 	at de.robv.android.xposed.XposedBridge$AdditionalHookInfo.callback(Unknown Source:147)

06-11 23:19:20.231  1568  7946 I LSPosed-Bridge: 	at LSPHooker_.checkPermission(Unknown Source:25)

06-11 23:19:20.231  1568  7946 I LSPosed-Bridge: 	at android.app.IActivityManager$Stub.onTransact(IActivityManager.java:664)

06-11 23:19:20.231  1568  7946 I LSPosed-Bridge: 	at com.android.server.am.ActivityManagerService.onTransact(ActivityManagerService.java:3346)

06-11 23:19:20.231  1568  7946 I LSPosed-Bridge: 	at android.os.Binder.execTransact(Binder.java:731)

06-11 23:19:20.233  5580  8557 I LSPosed-Bridge: 5580 PermLabel 10124; permName: android.permission.ACCESS_COARSE_LOCATION; getCellLocation res = null; stacktrace=java.lang.Exception

06-11 23:19:20.233  5580  8557 I LSPosed-Bridge: 	at com.example.permlabel.hookLocationExtra_test$3.afterHookedMethod(hookLocationExtra_test.java:52)

06-11 23:19:20.233  5580  8557 I LSPosed-Bridge: 	at de.robv.android.xposed.XposedBridge$AdditionalHookInfo.callback(Unknown Source:147)

06-11 23:19:20.233  5580  8557 I LSPosed-Bridge: 	at LSPHooker_.getCellLocation(Unknown Source:8)

06-11 23:19:20.233  5580  8557 I LSPosed-Bridge: 	at com.qihoo.utils.DeviceUtils.getLac(pm_22:6)

06-11 23:19:20.233  5580  8557 I LSPosed-Bridge: 	at pm_22.J.a(pm_22:116)

06-11 23:19:20.233  5580  8557 I LSPosed-Bridge: 	at pm_22.J.a(pm_22:17)

06-11 23:19:20.233  5580  8557 I LSPosed-Bridge: 	at pm_22.r.a(pm_22:17)

06-11 23:19:20.233  5580  8557 I LSPosed-Bridge: 	at pm_22.r.b(pm_22:4)

06-11 23:19:20.233  5580  8557 I LSPosed-Bridge: 	at pm_22.m.b(pm_22:7)

06-11 23:19:20.233  5580  8557 I LSPosed-Bridge: 	at pm_22.pb.a(pm_22:2)

06-11 23:19:20.233  5580  8557 I LSPosed-Bridge: 	at pm_22.ld.run(pm_22:15)

06-11 23:19:20.233  5580  8557 I LSPosed-Bridge: 	at pm_22.Ae.a(pm_22:58)

06-11 23:19:20.233  5580  8557 I LSPosed-Bridge: 	at pm_22.Ae.a(pm_22:4)

06-11 23:19:20.233  5580  8557 I LSPosed-Bridge: 	at pm_22.Ae$a.run(pm_22:43)

06-11 23:19:20.243  1568  2056 I LSPosed-Bridge: 5580 PermLabel 10124 AMS.checkPermission: Binder.getCallingPid() = 1903; uid = 10124; Binder.getCallingUid() = 1001; getNameForUid: android.uid.phone:1001; getPackagesForUid: [com.qualcomm.qti.callfeaturessetting, com.android.stk, com.qualcomm.qti.lpa, com.qualcomm.qcrilmsgtunnel, com.android.phone, com.qti.qualcomm.deviceinfo, com.qualcomm.simcontacts, com.qualcomm.qti.networksetting, com.android.mms.service, com.qti.qualcomm.datastatusnotification, org.codeaurora.ims, com.qti.xdivert, com.qualcomm.qti.autoregistration, com.qti.confuridialer, com.qualcomm.qti.uim, com.android.providers.telephony, com.qualcomm.qti.ims, com.qualcomm.qti.telephonyservice]; permName: android.permission.ACCESS_COARSE_LOCATION; type = 1; res = -1; stacktrace=java.lang.Exception

06-11 23:19:20.243  1568  2056 I LSPosed-Bridge: 	at com.example.permlabel.requirePerm$1$2.afterHookedMethod(requirePerm.java:123)

06-11 23:19:20.243  1568  2056 I LSPosed-Bridge: 	at de.robv.android.xposed.XposedBridge$AdditionalHookInfo.callback(Unknown Source:147)

06-11 23:19:20.243  1568  2056 I LSPosed-Bridge: 	at LSPHooker_.checkPermission(Unknown Source:25)

06-11 23:19:20.243  1568  2056 I LSPosed-Bridge: 	at android.app.IActivityManager$Stub.onTransact(IActivityManager.java:664)

06-11 23:19:20.243  1568  2056 I LSPosed-Bridge: 	at com.android.server.am.ActivityManagerService.onTransact(ActivityManagerService.java:3346)

06-11 23:19:20.243  1568  2056 I LSPosed-Bridge: 	at android.os.Binder.execTransact(Binder.java:731)

06-11 23:19:20.247  5580  8557 I LSPosed-Bridge: 5580 PermLabel 10124; permName: android.permission.ACCESS_COARSE_LOCATION; getCellLocation res = null; stacktrace=java.lang.Exception

06-11 23:19:20.247  5580  8557 I LSPosed-Bridge: 	at com.example.permlabel.hookLocationExtra_test$3.afterHookedMethod(hookLocationExtra_test.java:52)

06-11 23:19:20.247  5580  8557 I LSPosed-Bridge: 	at de.robv.android.xposed.XposedBridge$AdditionalHookInfo.callback(Unknown Source:147)

06-11 23:19:20.247  5580  8557 I LSPosed-Bridge: 	at LSPHooker_.getCellLocation(Unknown Source:8)

06-11 23:19:20.247  5580  8557 I LSPosed-Bridge: 	at com.qihoo.utils.DeviceUtils.getCid(pm_22:6)

06-11 23:19:20.247  5580  8557 I LSPosed-Bridge: 	at pm_22.J.a(pm_22:119)

06-11 23:19:20.247  5580  8557 I LSPosed-Bridge: 	at pm_22.J.a(pm_22:17)

06-11 23:19:20.247  5580  8557 I LSPosed-Bridge: 	at pm_22.r.a(pm_22:17)

06-11 23:19:20.247  5580  8557 I LSPosed-Bridge: 	at pm_22.r.b(pm_22:4)

06-11 23:19:20.247  5580  8557 I LSPosed-Bridge: 	at pm_22.m.b(pm_22:7)

06-11 23:19:20.247  5580  8557 I LSPosed-Bridge: 	at pm_22.pb.a(pm_22:2)

06-11 23:19:20.247  5580  8557 I LSPosed-Bridge: 	at pm_22.ld.run(pm_22:15)

06-11 23:19:20.247  5580  8557 I LSPosed-Bridge: 	at pm_22.Ae.a(pm_22:58)

06-11 23:19:20.247  5580  8557 I LSPosed-Bridge: 	at pm_22.Ae.a(pm_22:4)

06-11 23:19:20.247  5580  8557 I LSPosed-Bridge: 	at pm_22.Ae$a.run(pm_22:43)

06-11 23:19:21.070  1568  1845 I LSPosed-Bridge: 5580 PermLabel 10124 AMS.checkPermission: Binder.getCallingPid() = 1903; uid = 10124; Binder.getCallingUid() = 1001; getNameForUid: android.uid.phone:1001; getPackagesForUid: [com.qualcomm.qti.callfeaturessetting, com.android.stk, com.qualcomm.qti.lpa, com.qualcomm.qcrilmsgtunnel, com.android.phone, com.qti.qualcomm.deviceinfo, com.qualcomm.simcontacts, com.qualcomm.qti.networksetting, com.android.mms.service, com.qti.qualcomm.datastatusnotification, org.codeaurora.ims, com.qti.xdivert, com.qualcomm.qti.autoregistration, com.qti.confuridialer, com.qualcomm.qti.uim, com.android.providers.telephony, com.qualcomm.qti.ims, com.qualcomm.qti.telephonyservice]; permName: android.permission.ACCESS_COARSE_LOCATION; type = 1; res = -1; stacktrace=java.lang.Exception

06-11 23:19:21.070  1568  1845 I LSPosed-Bridge: 	at com.example.permlabel.requirePerm$1$2.afterHookedMethod(requirePerm.java:123)

06-11 23:19:21.070  1568  1845 I LSPosed-Bridge: 	at de.robv.android.xposed.XposedBridge$AdditionalHookInfo.callback(Unknown Source:147)

06-11 23:19:21.070  1568  1845 I LSPosed-Bridge: 	at LSPHooker_.checkPermission(Unknown Source:25)

06-11 23:19:21.070  1568  1845 I LSPosed-Bridge: 	at android.app.IActivityManager$Stub.onTransact(IActivityManager.java:664)

06-11 23:19:21.070  1568  1845 I LSPosed-Bridge: 	at com.android.server.am.ActivityManagerService.onTransact(ActivityManagerService.java:3346)

06-11 23:19:21.070  1568  1845 I LSPosed-Bridge: 	at android.os.Binder.execTransact(Binder.java:731)

06-11 23:19:21.070   560   560 I ConfigStore: android::hardware::configstore::V1_0::ISurfaceFlingerConfigs::hasHDRDisplay retrieved: 0

06-11 23:19:21.074  5580  5580 I LSPosed-Bridge: 5580 PermLabel 10124; permName: android.permission.ACCESS_COARSE_LOCATION; getCellLocation res = null; stacktrace=java.lang.Exception

06-11 23:19:21.074  5580  5580 I LSPosed-Bridge: 	at com.example.permlabel.hookLocationExtra_test$3.afterHookedMethod(hookLocationExtra_test.java:52)

06-11 23:19:21.074  5580  5580 I LSPosed-Bridge: 	at de.robv.android.xposed.XposedBridge$AdditionalHookInfo.callback(Unknown Source:147)

06-11 23:19:21.074  5580  5580 I LSPosed-Bridge: 	at LSPHooker_.getCellLocation(Unknown Source:8)

06-11 23:19:21.074  5580  5580 I LSPosed-Bridge: 	at com.qihoo.utils.DeviceUtils.getLac(Unknown Source:41)

06-11 23:19:21.074  5580  5580 I LSPosed-Bridge: 	at qlockscreen_25.tj.b(Unknown Source:0)

06-11 23:19:21.074  5580  5580 I LSPosed-Bridge: 	at qlockscreen_25.lk.e(Unknown Source:383)

06-11 23:19:21.074  5580  5580 I LSPosed-Bridge: 	at qlockscreen_25.lk.a(Unknown Source:37)

06-11 23:19:21.074  5580  5580 I LSPosed-Bridge: 	at qlockscreen_25.lk.e(Unknown Source:21)

06-11 23:19:21.074  5580  5580 I LSPosed-Bridge: 	at qlockscreen_25.Xf.a(Unknown Source:3)

06-11 23:19:21.074  5580  5580 I LSPosed-Bridge: 	at qlockscreen_25.Xf.a(Unknown Source:21)

06-11 23:19:21.074  5580  5580 I LSPosed-Bridge: 	at qlockscreen_25.Nf.a(Unknown Source:29)

06-11 23:19:21.074  5580  5580 I LSPosed-Bridge: 	at com.dplatform.qlockscreen.example.LockScreenApp.a(Unknown Source:22)

06-11 23:19:21.074  5580  5580 I LSPosed-Bridge: 	at com.dplatform.qlockscreen.example.LockScreenApp.onCreate(Unknown Source:94)

06-11 23:19:21.074  5580  5580 I LSPosed-Bridge: 	at com.qihoo360.replugin.component.a.b.a(AppStore:13)

06-11 23:19:21.074  5580  5580 I LSPosed-Bridge: 	at com.qihoo360.loader2.s.e(AppStore:11)

06-11 23:19:21.074  5580  5580 I LSPosed-Bridge: 	at com.qihoo360.loader2.s.a(AppStore:1)

06-11 23:19:21.074  5580  5580 I LSPosed-Bridge: 	at com.qihoo360.loader2.r.run(AppStore:1)

06-11 23:19:21.074  5580  5580 I LSPosed-Bridge: 	at android.os.Handler.handleCallback(Handler.java:873)

06-11 23:19:21.074  5580  5580 I LSPosed-Bridge: 	at android.os.Handler.dispatchMessage(Handler.java:99)

06-11 23:19:21.074  5580  5580 I LSPosed-Bridge: 	at android.os.Looper.loop(Looper.java:193)

06-11 23:19:21.074  5580  5580 I LSPosed-Bridge: 	at android.app.ActivityThread.main(ActivityThread.java:6692)

06-11 23:19:21.074  5580  5580 I LSPosed-Bridge: 	at java.lang.reflect.Method.invoke(Native Method)

06-11 23:19:21.074  5580  5580 I LSPosed-Bridge: 	at com.android.internal.os.RuntimeInit$MethodAndArgsCaller.run(RuntimeInit.java:493)

06-11 23:19:21.074  5580  5580 I LSPosed-Bridge: 	at com.android.internal.os.ZygoteInit.main(ZygoteInit.java:858)

06-11 23:19:21.094  1568  6200 I LSPosed-Bridge: 5580 PermLabel 10124 AMS.checkPermission: Binder.getCallingPid() = 1903; uid = 10124; Binder.getCallingUid() = 1001; getNameForUid: android.uid.phone:1001; getPackagesForUid: [com.qualcomm.qti.callfeaturessetting, com.android.stk, com.qualcomm.qti.lpa, com.qualcomm.qcrilmsgtunnel, com.android.phone, com.qti.qualcomm.deviceinfo, com.qualcomm.simcontacts, com.qualcomm.qti.networksetting, com.android.mms.service, com.qti.qualcomm.datastatusnotification, org.codeaurora.ims, com.qti.xdivert, com.qualcomm.qti.autoregistration, com.qti.confuridialer, com.qualcomm.qti.uim, com.android.providers.telephony, com.qualcomm.qti.ims, com.qualcomm.qti.telephonyservice]; permName: android.permission.ACCESS_COARSE_LOCATION; type = 1; res = -1; stacktrace=java.lang.Exception

06-11 23:19:21.094  1568  6200 I LSPosed-Bridge: 	at com.example.permlabel.requirePerm$1$2.afterHookedMethod(requirePerm.java:123)

06-11 23:19:21.094  1568  6200 I LSPosed-Bridge: 	at de.robv.android.xposed.XposedBridge$AdditionalHookInfo.callback(Unknown Source:147)

06-11 23:19:21.094  1568  6200 I LSPosed-Bridge: 	at LSPHooker_.checkPermission(Unknown Source:25)

06-11 23:19:21.094  1568  6200 I LSPosed-Bridge: 	at android.app.IActivityManager$Stub.onTransact(IActivityManager.java:664)

06-11 23:19:21.094  1568  6200 I LSPosed-Bridge: 	at com.android.server.am.ActivityManagerService.onTransact(ActivityManagerService.java:3346)

06-11 23:19:21.094  1568  6200 I LSPosed-Bridge: 	at android.os.Binder.execTransact(Binder.java:731)

06-11 23:19:21.097  5580  5580 I LSPosed-Bridge: 5580 PermLabel 10124; permName: android.permission.ACCESS_COARSE_LOCATION; getCellLocation res = null; stacktrace=java.lang.Exception

06-11 23:19:21.097  5580  5580 I LSPosed-Bridge: 	at com.example.permlabel.hookLocationExtra_test$3.afterHookedMethod(hookLocationExtra_test.java:52)

06-11 23:19:21.097  5580  5580 I LSPosed-Bridge: 	at de.robv.android.xposed.XposedBridge$AdditionalHookInfo.callback(Unknown Source:147)

06-11 23:19:21.097  5580  5580 I LSPosed-Bridge: 	at LSPHooker_.getCellLocation(Unknown Source:8)

06-11 23:19:21.097  5580  5580 I LSPosed-Bridge: 	at com.qihoo.utils.DeviceUtils.getCid(Unknown Source:43)

06-11 23:19:21.097  5580  5580 I LSPosed-Bridge: 	at qlockscreen_25.tj.a(Unknown Source:0)

06-11 23:19:21.097  5580  5580 I LSPosed-Bridge: 	at qlockscreen_25.lk.e(Unknown Source:403)

06-11 23:19:21.097  5580  5580 I LSPosed-Bridge: 	at qlockscreen_25.lk.a(Unknown Source:37)

06-11 23:19:21.097  5580  5580 I LSPosed-Bridge: 	at qlockscreen_25.lk.e(Unknown Source:21)

06-11 23:19:21.097  5580  5580 I LSPosed-Bridge: 	at qlockscreen_25.Xf.a(Unknown Source:3)

06-11 23:19:21.097  5580  5580 I LSPosed-Bridge: 	at qlockscreen_25.Xf.a(Unknown Source:21)

06-11 23:19:21.097  5580  5580 I LSPosed-Bridge: 	at qlockscreen_25.Nf.a(Unknown Source:29)

06-11 23:19:21.097  5580  5580 I LSPosed-Bridge: 	at com.dplatform.qlockscreen.example.LockScreenApp.a(Unknown Source:22)

06-11 23:19:21.097  5580  5580 I LSPosed-Bridge: 	at com.dplatform.qlockscreen.example.LockScreenApp.onCreate(Unknown Source:94)

06-11 23:19:21.097  5580  5580 I LSPosed-Bridge: 	at com.qihoo360.replugin.component.a.b.a(AppStore:13)

06-11 23:19:21.097  5580  5580 I LSPosed-Bridge: 	at com.qihoo360.loader2.s.e(AppStore:11)

06-11 23:19:21.097  5580  5580 I LSPosed-Bridge: 	at com.qihoo360.loader2.s.a(AppStore:1)

06-11 23:19:21.097  5580  5580 I LSPosed-Bridge: 	at com.qihoo360.loader2.r.run(AppStore:1)

06-11 23:19:21.097  5580  5580 I LSPosed-Bridge: 	at android.os.Handler.handleCallback(Handler.java:873)

06-11 23:19:21.097  5580  5580 I LSPosed-Bridge: 	at android.os.Handler.dispatchMessage(Handler.java:99)

06-11 23:19:21.097  5580  5580 I LSPosed-Bridge: 	at android.os.Looper.loop(Looper.java:193)

06-11 23:19:21.097  5580  5580 I LSPosed-Bridge: 	at android.app.ActivityThread.main(ActivityThread.java:6692)

06-11 23:19:21.097  5580  5580 I LSPosed-Bridge: 	at java.lang.reflect.Method.invoke(Native Method)

06-11 23:19:21.097  5580  5580 I LSPosed-Bridge: 	at com.android.internal.os.RuntimeInit$MethodAndArgsCaller.run(RuntimeInit.java:493)

06-11 23:19:21.097  5580  5580 I LSPosed-Bridge: 	at com.android.internal.os.ZygoteInit.main(ZygoteInit.java:858)

06-11 23:19:21.134  1568  6200 I LSPosed-Bridge: 5580 PermLabel 10124 AMS.checkPermission: Binder.getCallingPid() = 1903; uid = 10124; Binder.getCallingUid() = 1001; getNameForUid: android.uid.phone:1001; getPackagesForUid: [com.qualcomm.qti.callfeaturessetting, com.android.stk, com.qualcomm.qti.lpa, com.qualcomm.qcrilmsgtunnel, com.android.phone, com.qti.qualcomm.deviceinfo, com.qualcomm.simcontacts, com.qualcomm.qti.networksetting, com.android.mms.service, com.qti.qualcomm.datastatusnotification, org.codeaurora.ims, com.qti.xdivert, com.qualcomm.qti.autoregistration, com.qti.confuridialer, com.qualcomm.qti.uim, com.android.providers.telephony, com.qualcomm.qti.ims, com.qualcomm.qti.telephonyservice]; permName: android.permission.ACCESS_COARSE_LOCATION; type = 1; res = -1; stacktrace=java.lang.Exception

06-11 23:19:21.134  1568  6200 I LSPosed-Bridge: 	at com.example.permlabel.requirePerm$1$2.afterHookedMethod(requirePerm.java:123)

06-11 23:19:21.134  1568  6200 I LSPosed-Bridge: 	at de.robv.android.xposed.XposedBridge$AdditionalHookInfo.callback(Unknown Source:147)

06-11 23:19:21.134  1568  6200 I LSPosed-Bridge: 	at LSPHooker_.checkPermission(Unknown Source:25)

06-11 23:19:21.134  1568  6200 I LSPosed-Bridge: 	at android.app.IActivityManager$Stub.onTransact(IActivityManager.java:664)

06-11 23:19:21.134  1568  6200 I LSPosed-Bridge: 	at com.android.server.am.ActivityManagerService.onTransact(ActivityManagerService.java:3346)

06-11 23:19:21.134  1568  6200 I LSPosed-Bridge: 	at android.os.Binder.execTransact(Binder.java:731)

06-11 23:19:21.141  8019  8090 I Finsky  : [364] war.h(7): Already at the latest configurations for experiment package com.google.android.finsky.regular.

06-11 23:19:21.141  1879  1879 I QRCSService: onStartCommand- Call

06-11 23:19:21.141  5580  8862 I LSPosed-Bridge: 5580 PermLabel 10124; permName: android.permission.ACCESS_COARSE_LOCATION; getCellLocation res = null; stacktrace=java.lang.Exception

06-11 23:19:21.141  5580  8862 I LSPosed-Bridge: 	at com.example.permlabel.hookLocationExtra_test$3.afterHookedMethod(hookLocationExtra_test.java:52)

06-11 23:19:21.141  5580  8862 I LSPosed-Bridge: 	at de.robv.android.xposed.XposedBridge$AdditionalHookInfo.callback(Unknown Source:147)

06-11 23:19:21.141  5580  8862 I LSPosed-Bridge: 	at LSPHooker_.getCellLocation(Unknown Source:8)

06-11 23:19:21.141  5580  8862 I LSPosed-Bridge: 	at com.qihoo.utils.DeviceUtils.getLac(AppStore:5)

06-11 23:19:21.141  5580  8862 I LSPosed-Bridge: 	at com.qihoo.utils.Wa.c(AppStore:1)

06-11 23:19:21.141  5580  8862 I LSPosed-Bridge: 	at com.qihoo360.common.helper.a.b.g(AppStore:8)

06-11 23:19:21.141  5580  8862 I LSPosed-Bridge: 	at com.qihoo360.common.helper.a.b.d(AppStore:3)

06-11 23:19:21.141  5580  8862 I LSPosed-Bridge: 	at com.qihoo360.common.helper.a.b.a(AppStore:1)

06-11 23:19:21.141  5580  8862 I LSPosed-Bridge: 	at com.qihoo.appstore.N.a.f.onRequestInterceptor(AppStore:10)

06-11 23:19:21.141  5580  8862 I LSPosed-Bridge: 	at com.android.volleypro.interceptor.InterceptorManager.processRequestInterceptor(AppStore:3)

06-11 23:19:21.141  5580  8862 I LSPosed-Bridge: 	at com.android.volleypro.toolbox.VolleyBasicNetwork.performRequest(AppStore:9)

06-11 23:19:21.141  5580  8862 I LSPosed-Bridge: 	at com.android.volleypro.toolbox.NetworkDispatcherSafe.run(AppStore:9)

06-11 23:19:21.161  1568  1715 I LSPosed-Bridge: 5580 PermLabel 10124 AMS.checkPermission: Binder.getCallingPid() = 1903; uid = 10124; Binder.getCallingUid() = 1001; getNameForUid: android.uid.phone:1001; getPackagesForUid: [com.qualcomm.qti.callfeaturessetting, com.android.stk, com.qualcomm.qti.lpa, com.qualcomm.qcrilmsgtunnel, com.android.phone, com.qti.qualcomm.deviceinfo, com.qualcomm.simcontacts, com.qualcomm.qti.networksetting, com.android.mms.service, com.qti.qualcomm.datastatusnotification, org.codeaurora.ims, com.qti.xdivert, com.qualcomm.qti.autoregistration, com.qti.confuridialer, com.qualcomm.qti.uim, com.android.providers.telephony, com.qualcomm.qti.ims, com.qualcomm.qti.telephonyservice]; permName: android.permission.ACCESS_COARSE_LOCATION; type = 1; res = -1; stacktrace=java.lang.Exception

06-11 23:19:21.161  1568  1715 I LSPosed-Bridge: 	at com.example.permlabel.requirePerm$1$2.afterHookedMethod(requirePerm.java:123)

06-11 23:19:21.161  1568  1715 I LSPosed-Bridge: 	at de.robv.android.xposed.XposedBridge$AdditionalHookInfo.callback(Unknown Source:147)

06-11 23:19:21.161  1568  1715 I LSPosed-Bridge: 	at LSPHooker_.checkPermission(Unknown Source:25)

06-11 23:19:21.161  1568  1715 I LSPosed-Bridge: 	at android.app.IActivityManager$Stub.onTransact(IActivityManager.java:664)

06-11 23:19:21.161  1568  1715 I LSPosed-Bridge: 	at com.android.server.am.ActivityManagerService.onTransact(ActivityManagerService.java:3346)

06-11 23:19:21.161  1568  1715 I LSPosed-Bridge: 	at android.os.Binder.execTransact(Binder.java:731)

06-11 23:19:21.172  5580  8862 I LSPosed-Bridge: 5580 PermLabel 10124; permName: android.permission.ACCESS_COARSE_LOCATION; getCellLocation res = null; stacktrace=java.lang.Exception

06-11 23:19:21.172  5580  8862 I LSPosed-Bridge: 	at com.example.permlabel.hookLocationExtra_test$3.afterHookedMethod(hookLocationExtra_test.java:52)

06-11 23:19:21.172  5580  8862 I LSPosed-Bridge: 	at de.robv.android.xposed.XposedBridge$AdditionalHookInfo.callback(Unknown Source:147)

06-11 23:19:21.172  5580  8862 I LSPosed-Bridge: 	at LSPHooker_.getCellLocation(Unknown Source:8)

06-11 23:19:21.172  5580  8862 I LSPosed-Bridge: 	at com.qihoo.utils.DeviceUtils.getCid(AppStore:5)

06-11 23:19:21.172  5580  8862 I LSPosed-Bridge: 	at com.qihoo.utils.Wa.a(AppStore:3)

06-11 23:19:21.172  5580  8862 I LSPosed-Bridge: 	at com.qihoo360.common.helper.a.b.g(AppStore:9)

06-11 23:19:21.172  5580  8862 I LSPosed-Bridge: 	at com.qihoo360.common.helper.a.b.d(AppStore:3)

06-11 23:19:21.172  5580  8862 I LSPosed-Bridge: 	at com.qihoo360.common.helper.a.b.a(AppStore:1)

06-11 23:19:21.172  5580  8862 I LSPosed-Bridge: 	at com.qihoo.appstore.N.a.f.onRequestInterceptor(AppStore:10)

06-11 23:19:21.172  5580  8862 I LSPosed-Bridge: 	at com.android.volleypro.interceptor.InterceptorManager.processRequestInterceptor(AppStore:3)

06-11 23:19:21.172  5580  8862 I LSPosed-Bridge: 	at com.android.volleypro.toolbox.VolleyBasicNetwork.performRequest(AppStore:9)

06-11 23:19:21.172  5580  8862 I LSPosed-Bridge: 	at com.android.volleypro.toolbox.NetworkDispatcherSafe.run(AppStore:9)

06-11 23:19:21.574  1568  6166 I LSPosed-Bridge: 5580 PermLabel 10124 AMS.checkPermission: Binder.getCallingPid() = 1903; uid = 10124; Binder.getCallingUid() = 1001; getNameForUid: android.uid.phone:1001; getPackagesForUid: [com.qualcomm.qti.callfeaturessetting, com.android.stk, com.qualcomm.qti.lpa, com.qualcomm.qcrilmsgtunnel, com.android.phone, com.qti.qualcomm.deviceinfo, com.qualcomm.simcontacts, com.qualcomm.qti.networksetting, com.android.mms.service, com.qti.qualcomm.datastatusnotification, org.codeaurora.ims, com.qti.xdivert, com.qualcomm.qti.autoregistration, com.qti.confuridialer, com.qualcomm.qti.uim, com.android.providers.telephony, com.qualcomm.qti.ims, com.qualcomm.qti.telephonyservice]; permName: android.permission.ACCESS_COARSE_LOCATION; type = 1; res = -1; stacktrace=java.lang.Exception

06-11 23:19:21.574  1568  6166 I LSPosed-Bridge: 	at com.example.permlabel.requirePerm$1$2.afterHookedMethod(requirePerm.java:123)

06-11 23:19:21.574  1568  6166 I LSPosed-Bridge: 	at de.robv.android.xposed.XposedBridge$AdditionalHookInfo.callback(Unknown Source:147)

06-11 23:19:21.574  1568  6166 I LSPosed-Bridge: 	at LSPHooker_.checkPermission(Unknown Source:25)

06-11 23:19:21.574  1568  6166 I LSPosed-Bridge: 	at android.app.IActivityManager$Stub.onTransact(IActivityManager.java:664)

06-11 23:19:21.574  1568  6166 I LSPosed-Bridge: 	at com.android.server.am.ActivityManagerService.onTransact(ActivityManagerService.java:3346)

06-11 23:19:21.574  1568  6166 I LSPosed-Bridge: 	at android.os.Binder.execTransact(Binder.java:731)

06-11 23:19:21.577  5580  5580 I LSPosed-Bridge: 5580 PermLabel 10124; permName: android.permission.ACCESS_COARSE_LOCATION; getCellLocation res = null; stacktrace=java.lang.Exception

06-11 23:19:21.577  5580  5580 I LSPosed-Bridge: 	at com.example.permlabel.hookLocationExtra_test$3.afterHookedMethod(hookLocationExtra_test.java:52)

06-11 23:19:21.577  5580  5580 I LSPosed-Bridge: 	at de.robv.android.xposed.XposedBridge$AdditionalHookInfo.callback(Unknown Source:147)

06-11 23:19:21.577  5580  5580 I LSPosed-Bridge: 	at LSPHooker_.getCellLocation(Unknown Source:8)

06-11 23:19:21.577  5580  5580 I LSPosed-Bridge: 	at com.qihoo.utils.DeviceUtils.getLac(notification_controller_158:5)

06-11 23:19:21.577  5580  5580 I LSPosed-Bridge: 	at com.qihoo.utils.S.b(notification_controller_158:1)

06-11 23:19:21.577  5580  5580 I LSPosed-Bridge: 	at com.qihoo360.common.helper.m.l(notification_controller_158:39)

06-11 23:19:21.577  5580  5580 I LSPosed-Bridge: 	at com.qihoo360.common.helper.m.a(notification_controller_158:21)

06-11 23:19:21.577  5580  5580 I LSPosed-Bridge: 	at com.qihoo360.common.helper.m.o(notification_controller_158:4)

06-11 23:19:21.577  5580  5580 I LSPosed-Bridge: 	at com.qihoo.appstore.popup.i.a(notification_controller_158:24)

06-11 23:19:21.577  5580  5580 I LSPosed-Bridge: 	at com.qihoo.appstore.popup.i.j(notification_controller_158:5)

06-11 23:19:21.577  5580  5580 I LSPosed-Bridge: 	at com.qihoo.appstore.notification.controller.NotificationControllerApplication.onCreate(notification_controller_158:13)

06-11 23:19:21.577  5580  5580 I LSPosed-Bridge: 	at com.qihoo360.replugin.component.a.b.a(AppStore:13)

06-11 23:19:21.577  5580  5580 I LSPosed-Bridge: 	at com.qihoo360.loader2.s.e(AppStore:11)

06-11 23:19:21.577  5580  5580 I LSPosed-Bridge: 	at com.qihoo360.loader2.s.a(AppStore:1)

06-11 23:19:21.577  5580  5580 I LSPosed-Bridge: 	at com.qihoo360.loader2.r.run(AppStore:1)

06-11 23:19:21.577  5580  5580 I LSPosed-Bridge: 	at android.os.Handler.handleCallback(Handler.java:873)

06-11 23:19:21.577  5580  5580 I LSPosed-Bridge: 	at android.os.Handler.dispatchMessage(Handler.java:99)

06-11 23:19:21.577  5580  5580 I LSPosed-Bridge: 	at android.os.Looper.loop(Looper.java:193)

06-11 23:19:21.577  5580  5580 I LSPosed-Bridge: 	at android.app.ActivityThread.main(ActivityThread.java:6692)

06-11 23:19:21.577  5580  5580 I LSPosed-Bridge: 	at java.lang.reflect.Method.invoke(Native Method)

06-11 23:19:21.577  5580  5580 I LSPosed-Bridge: 	at com.android.internal.os.RuntimeInit$MethodAndArgsCaller.run(RuntimeInit.java:493)

06-11 23:19:21.577  5580  5580 I LSPosed-Bridge: 	at com.android.internal.os.ZygoteInit.main(ZygoteInit.java:858)

06-11 23:19:21.587  1708  1708 I BluetoothFtpService:  not started Adapter STATE: 12

06-11 23:19:21.587  1568  6166 I LSPosed-Bridge: 5580 PermLabel 10124 AMS.checkPermission: Binder.getCallingPid() = 1903; uid = 10124; Binder.getCallingUid() = 1001; getNameForUid: android.uid.phone:1001; getPackagesForUid: [com.qualcomm.qti.callfeaturessetting, com.android.stk, com.qualcomm.qti.lpa, com.qualcomm.qcrilmsgtunnel, com.android.phone, com.qti.qualcomm.deviceinfo, com.qualcomm.simcontacts, com.qualcomm.qti.networksetting, com.android.mms.service, com.qti.qualcomm.datastatusnotification, org.codeaurora.ims, com.qti.xdivert, com.qualcomm.qti.autoregistration, com.qti.confuridialer, com.qualcomm.qti.uim, com.android.providers.telephony, com.qualcomm.qti.ims, com.qualcomm.qti.telephonyservice]; permName: android.permission.ACCESS_COARSE_LOCATION; type = 1; res = -1; stacktrace=java.lang.Exception

06-11 23:19:21.587  1568  6166 I LSPosed-Bridge: 	at com.example.permlabel.requirePerm$1$2.afterHookedMethod(requirePerm.java:123)

06-11 23:19:21.587  1568  6166 I LSPosed-Bridge: 	at de.robv.android.xposed.XposedBridge$AdditionalHookInfo.callback(Unknown Source:147)

06-11 23:19:21.587  1568  6166 I LSPosed-Bridge: 	at LSPHooker_.checkPermission(Unknown Source:25)

06-11 23:19:21.587  1568  6166 I LSPosed-Bridge: 	at android.app.IActivityManager$Stub.onTransact(IActivityManager.java:664)

06-11 23:19:21.587  1568  6166 I LSPosed-Bridge: 	at com.android.server.am.ActivityManagerService.onTransact(ActivityManagerService.java:3346)

06-11 23:19:21.587  1568  6166 I LSPosed-Bridge: 	at android.os.Binder.execTransact(Binder.java:731)

06-11 23:19:21.589  5580  5580 I LSPosed-Bridge: 5580 PermLabel 10124; permName: android.permission.ACCESS_COARSE_LOCATION; getCellLocation res = null; stacktrace=java.lang.Exception

06-11 23:19:21.589  5580  5580 I LSPosed-Bridge: 	at com.example.permlabel.hookLocationExtra_test$3.afterHookedMethod(hookLocationExtra_test.java:52)

06-11 23:19:21.589  5580  5580 I LSPosed-Bridge: 	at de.robv.android.xposed.XposedBridge$AdditionalHookInfo.callback(Unknown Source:147)

06-11 23:19:21.589  5580  5580 I LSPosed-Bridge: 	at LSPHooker_.getCellLocation(Unknown Source:8)

06-11 23:19:21.589  5580  5580 I LSPosed-Bridge: 	at com.qihoo.utils.DeviceUtils.getCid(notification_controller_158:5)

06-11 23:19:21.589  5580  5580 I LSPosed-Bridge: 	at com.qihoo.utils.S.a(notification_controller_158:1)

06-11 23:19:21.589  5580  5580 I LSPosed-Bridge: 	at com.qihoo360.common.helper.m.l(notification_controller_158:40)

06-11 23:19:21.589  5580  5580 I LSPosed-Bridge: 	at com.qihoo360.common.helper.m.a(notification_controller_158:21)

06-11 23:19:21.589  5580  5580 I LSPosed-Bridge: 	at com.qihoo360.common.helper.m.o(notification_controller_158:4)

06-11 23:19:21.589  5580  5580 I LSPosed-Bridge: 	at com.qihoo.appstore.popup.i.a(notification_controller_158:24)

06-11 23:19:21.589  5580  5580 I LSPosed-Bridge: 	at com.qihoo.appstore.popup.i.j(notification_controller_158:5)

06-11 23:19:21.589  5580  5580 I LSPosed-Bridge: 	at com.qihoo.appstore.notification.controller.NotificationControllerApplication.onCreate(notification_controller_158:13)

06-11 23:19:21.589  5580  5580 I LSPosed-Bridge: 	at com.qihoo360.replugin.component.a.b.a(AppStore:13)

06-11 23:19:21.589  5580  5580 I LSPosed-Bridge: 	at com.qihoo360.loader2.s.e(AppStore:11)

06-11 23:19:21.589  5580  5580 I LSPosed-Bridge: 	at com.qihoo360.loader2.s.a(AppStore:1)

06-11 23:19:21.589  5580  5580 I LSPosed-Bridge: 	at com.qihoo360.loader2.r.run(AppStore:1)

06-11 23:19:21.589  5580  5580 I LSPosed-Bridge: 	at android.os.Handler.handleCallback(Handler.java:873)

06-11 23:19:21.589  5580  5580 I LSPosed-Bridge: 	at android.os.Handler.dispatchMessage(Handler.java:99)

06-11 23:19:21.589  5580  5580 I LSPosed-Bridge: 	at android.os.Looper.loop(Looper.java:193)

06-11 23:19:21.589  5580  5580 I LSPosed-Bridge: 	at android.app.ActivityThread.main(ActivityThread.java:6692)

06-11 23:19:21.589  5580  5580 I LSPosed-Bridge: 	at java.lang.reflect.Method.invoke(Native Method)

06-11 23:19:21.589  5580  5580 I LSPosed-Bridge: 	at com.android.internal.os.RuntimeInit$MethodAndArgsCaller.run(RuntimeInit.java:493)

06-11 23:19:21.589  5580  5580 I LSPosed-Bridge: 	at com.android.internal.os.ZygoteInit.main(ZygoteInit.java:858)

06-11 23:19:21.590  1568  3659 I LSPosed-Bridge: 5580 PermLabel 10124 AMS.checkPermission: Binder.getCallingPid() = 1903; uid = 10124; Binder.getCallingUid() = 1001; getNameForUid: android.uid.phone:1001; getPackagesForUid: [com.qualcomm.qti.callfeaturessetting, com.android.stk, com.qualcomm.qti.lpa, com.qualcomm.qcrilmsgtunnel, com.android.phone, com.qti.qualcomm.deviceinfo, com.qualcomm.simcontacts, com.qualcomm.qti.networksetting, com.android.mms.service, com.qti.qualcomm.datastatusnotification, org.codeaurora.ims, com.qti.xdivert, com.qualcomm.qti.autoregistration, com.qti.confuridialer, com.qualcomm.qti.uim, com.android.providers.telephony, com.qualcomm.qti.ims, com.qualcomm.qti.telephonyservice]; permName: android.permission.ACCESS_COARSE_LOCATION; type = 1; res = -1; stacktrace=java.lang.Exception

06-11 23:19:21.590  1568  3659 I LSPosed-Bridge: 	at com.example.permlabel.requirePerm$1$2.afterHookedMethod(requirePerm.java:123)

06-11 23:19:21.590  1568  3659 I LSPosed-Bridge: 	at de.robv.android.xposed.XposedBridge$AdditionalHookInfo.callback(Unknown Source:147)

06-11 23:19:21.590  1568  3659 I LSPosed-Bridge: 	at LSPHooker_.checkPermission(Unknown Source:25)

06-11 23:19:21.590  1568  3659 I LSPosed-Bridge: 	at android.app.IActivityManager$Stub.onTransact(IActivityManager.java:664)

06-11 23:19:21.590  1568  3659 I LSPosed-Bridge: 	at com.android.server.am.ActivityManagerService.onTransact(ActivityManagerService.java:3346)

06-11 23:19:21.590  1568  3659 I LSPosed-Bridge: 	at android.os.Binder.execTransact(Binder.java:731)

06-11 23:19:21.593  5580  9626 I LSPosed-Bridge: 5580 PermLabel 10124; permName: android.permission.ACCESS_COARSE_LOCATION; getCellLocation res = null; stacktrace=java.lang.Exception

06-11 23:19:21.593  5580  9626 I LSPosed-Bridge: 	at com.example.permlabel.hookLocationExtra_test$3.afterHookedMethod(hookLocationExtra_test.java:52)

06-11 23:19:21.593  5580  9626 I LSPosed-Bridge: 	at de.robv.android.xposed.XposedBridge$AdditionalHookInfo.callback(Unknown Source:147)

06-11 23:19:21.593  5580  9626 I LSPosed-Bridge: 	at LSPHooker_.getCellLocation(Unknown Source:8)

06-11 23:19:21.593  5580  9626 I LSPosed-Bridge: 	at com.qihoo.utils.DeviceUtils.getLac(notification_controller_158:5)

06-11 23:19:21.593  5580  9626 I LSPosed-Bridge: 	at com.qihoo.utils.S.b(notification_controller_158:1)

06-11 23:19:21.593  5580  9626 I LSPosed-Bridge: 	at com.qihoo360.common.helper.m.l(notification_controller_158:39)

06-11 23:19:21.593  5580  9626 I LSPosed-Bridge: 	at com.qihoo360.common.helper.m.a(notification_controller_158:21)

06-11 23:19:21.593  5580  9626 I LSPosed-Bridge: 	at com.qihoo360.common.helper.m.r(notification_controller_158:7)

06-11 23:19:21.593  5580  9626 I LSPosed-Bridge: 	at com.qihoo.appstore.notification.controller.pullwrapper.remind.RemindManager$requestRemindConfig$1.invokeSuspend(notification_controller_158:14)

06-11 23:19:21.593  5580  9626 I LSPosed-Bridge: 	at kotlin.coroutines.jvm.internal.BaseContinuationImpl.resumeWith(notification_controller_158:3)

06-11 23:19:21.593  5580  9626 I LSPosed-Bridge: 	at kotlinx.coroutines.Q.run(notification_controller_158:22)

06-11 23:19:21.593  5580  9626 I LSPosed-Bridge: 	at kotlinx.coroutines.scheduling.CoroutineScheduler.a(notification_controller_158:31)

06-11 23:19:21.593  5580  9626 I LSPosed-Bridge: 	at kotlinx.coroutines.scheduling.CoroutineScheduler$c.a(notification_controller_158:18)

06-11 23:19:21.593  5580  9626 I LSPosed-Bridge: 	at kotlinx.coroutines.scheduling.CoroutineScheduler$c.f(notification_controller_158:4)

06-11 23:19:21.593  5580  9626 I LSPosed-Bridge: 	at kotlinx.coroutines.scheduling.CoroutineScheduler$c.run(notification_controller_158:1)

06-11 23:19:21.593  1708  1708 I BluetoothFtpService: onStartCommand

06-11 23:19:21.604  1568  6166 I LSPosed-Bridge: 5580 PermLabel 10124 AMS.checkPermission: Binder.getCallingPid() = 1903; uid = 10124; Binder.getCallingUid() = 1001; getNameForUid: android.uid.phone:1001; getPackagesForUid: [com.qualcomm.qti.callfeaturessetting, com.android.stk, com.qualcomm.qti.lpa, com.qualcomm.qcrilmsgtunnel, com.android.phone, com.qti.qualcomm.deviceinfo, com.qualcomm.simcontacts, com.qualcomm.qti.networksetting, com.android.mms.service, com.qti.qualcomm.datastatusnotification, org.codeaurora.ims, com.qti.xdivert, com.qualcomm.qti.autoregistration, com.qti.confuridialer, com.qualcomm.qti.uim, com.android.providers.telephony, com.qualcomm.qti.ims, com.qualcomm.qti.telephonyservice]; permName: android.permission.ACCESS_COARSE_LOCATION; type = 1; res = -1; stacktrace=java.lang.Exception

06-11 23:19:21.604  1568  6166 I LSPosed-Bridge: 	at com.example.permlabel.requirePerm$1$2.afterHookedMethod(requirePerm.java:123)

06-11 23:19:21.604  1568  6166 I LSPosed-Bridge: 	at de.robv.android.xposed.XposedBridge$AdditionalHookInfo.callback(Unknown Source:147)

06-11 23:19:21.604  1568  6166 I LSPosed-Bridge: 	at LSPHooker_.checkPermission(Unknown Source:25)

06-11 23:19:21.604  1568  6166 I LSPosed-Bridge: 	at android.app.IActivityManager$Stub.onTransact(IActivityManager.java:664)

06-11 23:19:21.604  1568  6166 I LSPosed-Bridge: 	at com.android.server.am.ActivityManagerService.onTransact(ActivityManagerService.java:3346)

06-11 23:19:21.604  1568  6166 I LSPosed-Bridge: 	at android.os.Binder.execTransact(Binder.java:731)

06-11 23:19:21.606  5580  9626 I LSPosed-Bridge: 5580 PermLabel 10124; permName: android.permission.ACCESS_COARSE_LOCATION; getCellLocation res = null; stacktrace=java.lang.Exception

06-11 23:19:21.606  5580  9626 I LSPosed-Bridge: 	at com.example.permlabel.hookLocationExtra_test$3.afterHookedMethod(hookLocationExtra_test.java:52)

06-11 23:19:21.606  5580  9626 I LSPosed-Bridge: 	at de.robv.android.xposed.XposedBridge$AdditionalHookInfo.callback(Unknown Source:147)

06-11 23:19:21.606  5580  9626 I LSPosed-Bridge: 	at LSPHooker_.getCellLocation(Unknown Source:8)

06-11 23:19:21.606  5580  9626 I LSPosed-Bridge: 	at com.qihoo.utils.DeviceUtils.getCid(notification_controller_158:5)

06-11 23:19:21.606  5580  9626 I LSPosed-Bridge: 	at com.qihoo.utils.S.a(notification_controller_158:1)

06-11 23:19:21.606  5580  9626 I LSPosed-Bridge: 	at com.qihoo360.common.helper.m.l(notification_controller_158:40)

06-11 23:19:21.606  5580  9626 I LSPosed-Bridge: 	at com.qihoo360.common.helper.m.a(notification_controller_158:21)

06-11 23:19:21.606  5580  9626 I LSPosed-Bridge: 	at com.qihoo360.common.helper.m.r(notification_controller_158:7)

06-11 23:19:21.606  5580  9626 I LSPosed-Bridge: 	at com.qihoo.appstore.notification.controller.pullwrapper.remind.RemindManager$requestRemindConfig$1.invokeSuspend(notification_controller_158:14)

06-11 23:19:21.606  5580  9626 I LSPosed-Bridge: 	at kotlin.coroutines.jvm.internal.BaseContinuationImpl.resumeWith(notification_controller_158:3)

06-11 23:19:21.606  5580  9626 I LSPosed-Bridge: 	at kotlinx.coroutines.Q.run(notification_controller_158:22)

06-11 23:19:21.606  5580  9626 I LSPosed-Bridge: 	at kotlinx.coroutines.scheduling.CoroutineScheduler.a(notification_controller_158:31)

06-11 23:19:21.606  5580  9626 I LSPosed-Bridge: 	at kotlinx.coroutines.scheduling.CoroutineScheduler$c.a(notification_controller_158:18)

06-11 23:19:21.606  5580  9626 I LSPosed-Bridge: 	at kotlinx.coroutines.scheduling.CoroutineScheduler$c.f(notification_controller_158:4)

06-11 23:19:21.606  5580  9626 I LSPosed-Bridge: 	at kotlinx.coroutines.scheduling.CoroutineScheduler$c.run(notification_controller_158:1)

06-11 23:19:21.652  1568  1845 I LSPosed-Bridge: 5580 PermLabel 10124 AMS.checkPermission: Binder.getCallingPid() = 1903; uid = 10124; Binder.getCallingUid() = 1001; getNameForUid: android.uid.phone:1001; getPackagesForUid: [com.qualcomm.qti.callfeaturessetting, com.android.stk, com.qualcomm.qti.lpa, com.qualcomm.qcrilmsgtunnel, com.android.phone, com.qti.qualcomm.deviceinfo, com.qualcomm.simcontacts, com.qualcomm.qti.networksetting, com.android.mms.service, com.qti.qualcomm.datastatusnotification, org.codeaurora.ims, com.qti.xdivert, com.qualcomm.qti.autoregistration, com.qti.confuridialer, com.qualcomm.qti.uim, com.android.providers.telephony, com.qualcomm.qti.ims, com.qualcomm.qti.telephonyservice]; permName: android.permission.ACCESS_COARSE_LOCATION; type = 1; res = -1; stacktrace=java.lang.Exception

06-11 23:19:21.652  1568  1845 I LSPosed-Bridge: 	at com.example.permlabel.requirePerm$1$2.afterHookedMethod(requirePerm.java:123)

06-11 23:19:21.652  1568  1845 I LSPosed-Bridge: 	at de.robv.android.xposed.XposedBridge$AdditionalHookInfo.callback(Unknown Source:147)

06-11 23:19:21.652  1568  1845 I LSPosed-Bridge: 	at LSPHooker_.checkPermission(Unknown Source:25)

06-11 23:19:21.652  1568  1845 I LSPosed-Bridge: 	at android.app.IActivityManager$Stub.onTransact(IActivityManager.java:664)

06-11 23:19:21.652  1568  1845 I LSPosed-Bridge: 	at com.android.server.am.ActivityManagerService.onTransact(ActivityManagerService.java:3346)

06-11 23:19:21.652  1568  1845 I LSPosed-Bridge: 	at android.os.Binder.execTransact(Binder.java:731)

06-11 23:19:21.652  1568  6166 I LSPosed-Bridge: 5580 PermLabel 10124 AMS.checkPermission: Binder.getCallingPid() = 5580; uid = 10124; Binder.getCallingUid() = 10124; getNameForUid: com.qihoo.appstore; getPackagesForUid: [com.qihoo.appstore]; permName: android.permission.ACCESS_NETWORK_STATE; type = 0; res = 0; stacktrace=java.lang.Exception

06-11 23:19:21.652  1568  6166 I LSPosed-Bridge: 	at com.example.permlabel.requirePerm$1$2.afterHookedMethod(requirePerm.java:117)

06-11 23:19:21.652  1568  6166 I LSPosed-Bridge: 	at de.robv.android.xposed.XposedBridge$AdditionalHookInfo.callback(Unknown Source:147)

06-11 23:19:21.652  1568  6166 I LSPosed-Bridge: 	at LSPHooker_.checkPermission(Unknown Source:25)

06-11 23:19:21.652  1568  6166 I LSPosed-Bridge: 	at android.app.ContextImpl.checkPermission(ContextImpl.java:1751)

06-11 23:19:21.652  1568  6166 I LSPosed-Bridge: 	at android.app.ContextImpl.checkCallingOrSelfPermission(ContextImpl.java:1791)

06-11 23:19:21.652  1568  6166 I LSPosed-Bridge: 	at android.app.ContextImpl.enforceCallingOrSelfPermission(ContextImpl.java:1841)

06-11 23:19:21.652  1568  6166 I LSPosed-Bridge: 	at com.android.server.ConnectivityService.enforceAccessPermission(ConnectivityService.java:1672)

06-11 23:19:21.652  1568  6166 I LSPosed-Bridge: 	at com.android.server.ConnectivityService.getActiveNetworkInfo(ConnectivityService.java:1178)

06-11 23:19:21.652  1568  6166 I LSPosed-Bridge: 	at android.net.IConnectivityManager$Stub.onTransact(IConnectivityManager.java:85)

06-11 23:19:21.652  1568  6166 I LSPosed-Bridge: 	at android.os.Binder.execTransact(Binder.java:731)

06-11 23:19:21.652  5625  9329 I LSPosed-Bridge: 5625 PermLabel 10124 ContextImpl.checkPermission: pid = 5625; uid = 10124; permName: android.permission.CALL_PHONE; type = 1; res = -1; stacktrace=java.lang.Exception

06-11 23:19:21.652  5625  9329 I LSPosed-Bridge: 	at com.example.permlabel.requestPerm$2.afterHookedMethod(requestPerm.java:201)

06-11 23:19:21.652  5625  9329 I LSPosed-Bridge: 	at de.robv.android.xposed.XposedBridge$AdditionalHookInfo.callback(Unknown Source:147)

06-11 23:19:21.652  5625  9329 I LSPosed-Bridge: 	at LSPHooker_.checkPermission(Unknown Source:25)

06-11 23:19:21.652  5625  9329 I LSPosed-Bridge: 	at android.app.ContextImpl.checkSelfPermission(ContextImpl.java:1801)

06-11 23:19:21.652  5625  9329 I LSPosed-Bridge: 	at android.content.ContextWrapper.checkSelfPermission(ContextWrapper.java:759)

06-11 23:19:21.652  5625  9329 I LSPosed-Bridge: 	at android.content.ContextWrapper.checkSelfPermission(ContextWrapper.java:759)

06-11 23:19:21.652  5625  9329 I LSPosed-Bridge: 	at android.content.ContextWrapper.checkSelfPermission(ContextWrapper.java:759)

06-11 23:19:21.652  5625  9329 I LSPosed-Bridge: 	at java.lang.reflect.Method.invoke(Native Method)

06-11 23:19:21.652  5625  9329 I LSPosed-Bridge: 	at com.qihoo360.mobilesafe.authguidelib.romadapter.utils.PermissionUtils.invokeCheckSelfPermission(PermissionUtils.java:179)

06-11 23:19:21.652  5625  9329 I LSPosed-Bridge: 	at com.qihoo360.mobilesafe.authguidelib.romadapter.QueryAuthUtils.querySpecialAuthStatus(QueryAuthUtils.java:152)

06-11 23:19:21.652  5625  9329 I LSPosed-Bridge: 	at com.qihoo360.mobilesafe.authguidelib.romadapter.QueryAuthUtils.queryCommonRomAuthStatus(QueryAuthUtils.java:678)

06-11 23:19:21.652  5625  9329 I LSPosed-Bridge: 	at com.qihoo360.mobilesafe.authguidelib.romadapter.rom.Rom.doQueryActionAndUpdate(Rom.java:646)

06-11 23:19:21.652  5625  9329 I LSPosed-Bridge: 	at com.qihoo360.mobilesafe.authguidelib.romadapter.rom.Rom.doFilterQuery(Rom.java:468)

06-11 23:19:21.652  5625  9329 I LSPosed-Bridge: 	at com.qihoo360.mobilesafe.authguidelib.romadapter.rom.Rom.queryAuthStatus(Rom.java:269)

06-11 23:19:21.652  5625  9329 I LSPosed-Bridge: 	at com.qihoo360.mobilesafe.authguidelib.romadapter.rom.CommonRom.queryAuthStatus(CommonRom.java:85)

06-11 23:19:21.652  5625  9329 I LSPosed-Bridge: 	at com.qihoo360.mobilesafe.authguidelib.AuthGuider.processCurrentRom(AuthGuider.java:202)

06-11 23:19:21.652  5625  9329 I LSPosed-Bridge: 	at com.qihoo360.mobilesafe.authguidelib.RealTimeAuthConfigManager.dealResponseData(RealTimeAuthConfigManager.java:45)

06-11 23:19:21.652  5625  9329 I LSPosed-Bridge: 	at com.qihoo360.mobilesafe.authguidelib.RealTimeAuthConfigManager.access$100(RealTimeAuthConfigManager.java:22)

06-11 23:19:21.652  5625  9329 I LSPosed-Bridge: 	at com.qihoo360.mobilesafe.authguidelib.RealTimeAuthConfigManager$1.onResponse(RealTimeAuthConfigManager.java:75)

06-11 23:19:21.652  5625  9329 I LSPosed-Bridge: 	at com.qihoo.authguidesdk.export.api.mockimpl.network.NetworkHttpGet$1.run(NetworkHttpGet.java:58)

06-11 23:19:21.652  5625  9329 I LSPosed-Bridge: 	at com.qihoo.authguidesdk.utils.ThreadUtils$1.doInBackground(ThreadUtils.java:26)

06-11 23:19:21.652  5625  9329 I LSPosed-Bridge: 	at com.qihoo.authguidesdk.utils.ThreadUtils$1.doInBackground(ThreadUtils.java:23)

06-11 23:19:21.652  5625  9329 I LSPosed-Bridge: 	at android.os.AsyncTask$2.call(AsyncTask.java:333)

06-11 23:19:21.652  5625  9329 I LSPosed-Bridge: 	at java.util.concurrent.FutureTask.run(FutureTask.java:266)

06-11 23:19:21.652  5625  9329 I LSPosed-Bridge: 	at java.util.concurrent.ThreadPoolExecutor.runWorker(ThreadPoolExecutor.java:1167)

06-11 23:19:21.652  5625  9329 I LSPosed-Bridge: 	at java.util.concurrent.ThreadPoolExecutor$Worker.run(ThreadPoolExecutor.java:641)

06-11 23:19:21.652  5625  9329 I LSPosed-Bridge: 	at java.lang.Thread.run(Thread.java:764)

06-11 23:19:21.654  5580  5580 I LSPosed-Bridge: 5580 PermLabel 10124; permName: android.permission.ACCESS_COARSE_LOCATION; getCellLocation res = null; stacktrace=java.lang.Exception

06-11 23:19:21.654  5580  5580 I LSPosed-Bridge: 	at com.example.permlabel.hookLocationExtra_test$3.afterHookedMethod(hookLocationExtra_test.java:52)

06-11 23:19:21.654  5580  5580 I LSPosed-Bridge: 	at de.robv.android.xposed.XposedBridge$AdditionalHookInfo.callback(Unknown Source:147)

06-11 23:19:21.654  5580  5580 I LSPosed-Bridge: 	at LSPHooker_.getCellLocation(Unknown Source:8)

06-11 23:19:21.654  5580  5580 I LSPosed-Bridge: 	at com.qihoo.utils.DeviceUtils.getLac(notification_controller_158:5)

06-11 23:19:21.654  5580  5580 I LSPosed-Bridge: 	at com.qihoo.utils.S.b(notification_controller_158:1)

06-11 23:19:21.654  5580  5580 I LSPosed-Bridge: 	at com.qihoo360.common.helper.m.l(notification_controller_158:39)

06-11 23:19:21.654  5580  5580 I LSPosed-Bridge: 	at com.qihoo360.common.helper.m.a(notification_controller_158:21)

06-11 23:19:21.654  5580  5580 I LSPosed-Bridge: 	at com.qihoo.appstore.notification.controller.pullwrapper.manager.A.e(notification_controller_158:3)

06-11 23:19:21.654  5580  5580 I LSPosed-Bridge: 	at com.qihoo.appstore.notification.controller.pullwrapper.component.PullService.onStartCommand(notification_controller_158:4)

06-11 23:19:21.654  5580  5580 I LSPosed-Bridge: 	at com.qihoo360.replugin.component.service.a.e.handleMessage(AppStore:7)

06-11 23:19:21.654  5580  5580 I LSPosed-Bridge: 	at android.os.Handler.dispatchMessage(Handler.java:106)

06-11 23:19:21.654  5580  5580 I LSPosed-Bridge: 	at android.os.Looper.loop(Looper.java:193)

06-11 23:19:21.654  5580  5580 I LSPosed-Bridge: 	at android.app.ActivityThread.main(ActivityThread.java:6692)

06-11 23:19:21.654  5580  5580 I LSPosed-Bridge: 	at java.lang.reflect.Method.invoke(Native Method)

06-11 23:19:21.654  5580  5580 I LSPosed-Bridge: 	at com.android.internal.os.RuntimeInit$MethodAndArgsCaller.run(RuntimeInit.java:493)

06-11 23:19:21.654  5580  5580 I LSPosed-Bridge: 	at com.android.internal.os.ZygoteInit.main(ZygoteInit.java:858)

06-11 23:19:21.661  1568  1845 I LSPosed-Bridge: 5580 PermLabel 10124 AMS.checkPermission: Binder.getCallingPid() = 1903; uid = 10124; Binder.getCallingUid() = 1001; getNameForUid: android.uid.phone:1001; getPackagesForUid: [com.qualcomm.qti.callfeaturessetting, com.android.stk, com.qualcomm.qti.lpa, com.qualcomm.qcrilmsgtunnel, com.android.phone, com.qti.qualcomm.deviceinfo, com.qualcomm.simcontacts, com.qualcomm.qti.networksetting, com.android.mms.service, com.qti.qualcomm.datastatusnotification, org.codeaurora.ims, com.qti.xdivert, com.qualcomm.qti.autoregistration, com.qti.confuridialer, com.qualcomm.qti.uim, com.android.providers.telephony, com.qualcomm.qti.ims, com.qualcomm.qti.telephonyservice]; permName: android.permission.ACCESS_COARSE_LOCATION; type = 1; res = -1; stacktrace=java.lang.Exception

