06-11 23:19:15.935  1568  1706 I LSPosed-Bridge: 5580 PermLabel 10124 AMS.checkPermission: Binder.getCallingPid() = 1903; uid = 10124; Binder.getCallingUid() = 1001; getNameForUid: android.uid.phone:1001; getPackagesForUid: [com.qualcomm.qti.callfeaturessetting, com.android.stk, com.qualcomm.qti.lpa, com.qualcomm.qcrilmsgtunnel, com.android.phone, com.qti.qualcomm.deviceinfo, com.qualcomm.simcontacts, com.qualcomm.qti.networksetting, com.android.mms.service, com.qti.qualcomm.datastatusnotification, org.codeaurora.ims, com.qti.xdivert, com.qualcomm.qti.autoregistration, com.qti.confuridialer, com.qualcomm.qti.uim, com.android.providers.telephony, com.qualcomm.qti.ims, com.qualcomm.qti.telephonyservice]; permName: android.permission.ACCESS_COARSE_LOCATION; type = 1; res = -1; stacktrace=java.lang.Exception

06-11 23:19:15.935  1568  1706 I LSPosed-Bridge: 	at com.example.permlabel.requirePerm$1$2.afterHookedMethod(requirePerm.java:123)

06-11 23:19:15.935  1568  1706 I LSPosed-Bridge: 	at de.robv.android.xposed.XposedBridge$AdditionalHookInfo.callback(Unknown Source:147)

06-11 23:19:15.935  1568  1706 I LSPosed-Bridge: 	at LSPHooker_.checkPermission(Unknown Source:25)

06-11 23:19:15.935  1568  1706 I LSPosed-Bridge: 	at android.app.IActivityManager$Stub.onTransact(IActivityManager.java:664)

06-11 23:19:15.935  1568  1706 I LSPosed-Bridge: 	at com.android.server.am.ActivityManagerService.onTransact(ActivityManagerService.java:3346)

06-11 23:19:15.935  1568  1706 I LSPosed-Bridge: 	at android.os.Binder.execTransact(Binder.java:731)

06-11 23:19:15.935  1903  3570 I LSPosed-Bridge: 1903 PermLabel 1001 ContextImpl.checkPermission: pid = 5580; uid = 10124; permName: android.permission.ACCESS_COARSE_LOCATION; type = 1; res = -1; stacktrace=java.lang.Exception

06-11 23:19:15.935  1903  3570 I LSPosed-Bridge: 	at com.example.permlabel.requestPerm$2.afterHookedMethod(requestPerm.java:201)

06-11 23:19:15.935  1903  3570 I LSPosed-Bridge: 	at de.robv.android.xposed.XposedBridge$AdditionalHookInfo.callback(Unknown Source:147)

06-11 23:19:15.935  1903  3570 I LSPosed-Bridge: 	at LSPHooker_.checkPermission(Unknown Source:25)

06-11 23:19:15.935  1903  3570 I LSPosed-Bridge: 	at android.app.ContextImpl.enforcePermission(ContextImpl.java:1822)

06-11 23:19:15.935  1903  3570 I LSPosed-Bridge: 	at android.content.ContextWrapper.enforcePermission(ContextWrapper.java:765)

06-11 23:19:15.935  1903  3570 I LSPosed-Bridge: 	at android.content.ContextWrapper.enforcePermission(ContextWrapper.java:765)

06-11 23:19:15.935  1903  3570 I LSPosed-Bridge: 	at android.telephony.LocationAccessPolicy.canAccessCellLocation(LocationAccessPolicy.java:71)

06-11 23:19:15.935  1903  3570 I LSPosed-Bridge: 	at com.android.phone.PhoneInterfaceManager.getCellLocation(PhoneInterfaceManager.java:1696)

06-11 23:19:15.935  1903  3570 I LSPosed-Bridge: 	at com.android.internal.telephony.ITelephony$Stub.onTransact(ITelephony.java:465)

06-11 23:19:15.935  1903  3570 I LSPosed-Bridge: 	at android.os.Binder.execTransact(Binder.java:731)

06-11 23:19:15.936  5580  8863 I LSPosed-Bridge: 5580 PermLabel 10124; permName: android.permission.ACCESS_COARSE_LOCATION; getCellLocation res = null; stacktrace=java.lang.Exception

06-11 23:19:15.936  5580  8863 I LSPosed-Bridge: 	at com.example.permlabel.hookLocationExtra_test$3.afterHookedMethod(hookLocationExtra_test.java:52)

06-11 23:19:15.936  5580  8863 I LSPosed-Bridge: 	at de.robv.android.xposed.XposedBridge$AdditionalHookInfo.callback(Unknown Source:147)

06-11 23:19:15.936  5580  8863 I LSPosed-Bridge: 	at LSPHooker_.getCellLocation(Unknown Source:8)

06-11 23:19:15.936  5580  8863 I LSPosed-Bridge: 	at com.qihoo.utils.DeviceUtils.getCid(AppStore:5)

06-11 23:19:15.936  5580  8863 I LSPosed-Bridge: 	at com.qihoo.utils.Wa.a(AppStore:3)

06-11 23:19:15.936  5580  8863 I LSPosed-Bridge: 	at com.qihoo360.common.helper.a.b.g(AppStore:9)

06-11 23:19:15.936  5580  8863 I LSPosed-Bridge: 	at com.qihoo360.common.helper.a.b.d(AppStore:3)

06-11 23:19:15.936  5580  8863 I LSPosed-Bridge: 	at com.qihoo360.common.helper.a.b.a(AppStore:1)

06-11 23:19:15.936  5580  8863 I LSPosed-Bridge: 	at com.qihoo.appstore.N.a.f.onRequestInterceptor(AppStore:10)

06-11 23:19:15.936  5580  8863 I LSPosed-Bridge: 	at com.android.volleypro.interceptor.InterceptorManager.processRequestInterceptor(AppStore:3)

06-11 23:19:15.936  5580  8863 I LSPosed-Bridge: 	at com.android.volleypro.toolbox.VolleyBasicNetwork.performRequest(AppStore:9)

06-11 23:19:15.936  5580  8863 I LSPosed-Bridge: 	at com.android.volleypro.toolbox.NetworkDispatcherSafe.run(AppStore:9)

06-11 23:19:16.068  1568  4063 I LSPosed-Bridge: 5580 PermLabel 10124 AMS.checkPermission: Binder.getCallingPid() = 1903; uid = 10124; Binder.getCallingUid() = 1001; getNameForUid: android.uid.phone:1001; getPackagesForUid: [com.qualcomm.qti.callfeaturessetting, com.android.stk, com.qualcomm.qti.lpa, com.qualcomm.qcrilmsgtunnel, com.android.phone, com.qti.qualcomm.deviceinfo, com.qualcomm.simcontacts, com.qualcomm.qti.networksetting, com.android.mms.service, com.qti.qualcomm.datastatusnotification, org.codeaurora.ims, com.qti.xdivert, com.qualcomm.qti.autoregistration, com.qti.confuridialer, com.qualcomm.qti.uim, com.android.providers.telephony, com.qualcomm.qti.ims, com.qualcomm.qti.telephonyservice]; permName: android.permission.ACCESS_COARSE_LOCATION; type = 1; res = -1; stacktrace=java.lang.Exception

06-11 23:19:16.068  1568  4063 I LSPosed-Bridge: 	at com.example.permlabel.requirePerm$1$2.afterHookedMethod(requirePerm.java:123)

06-11 23:19:16.068  1568  4063 I LSPosed-Bridge: 	at de.robv.android.xposed.XposedBridge$AdditionalHookInfo.callback(Unknown Source:147)

06-11 23:19:16.068  1568  4063 I LSPosed-Bridge: 	at LSPHooker_.checkPermission(Unknown Source:25)

06-11 23:19:16.068  1568  4063 I LSPosed-Bridge: 	at android.app.IActivityManager$Stub.onTransact(IActivityManager.java:664)

06-11 23:19:16.068  1568  4063 I LSPosed-Bridge: 	at com.android.server.am.ActivityManagerService.onTransact(ActivityManagerService.java:3346)

06-11 23:19:16.068  1568  4063 I LSPosed-Bridge: 	at android.os.Binder.execTransact(Binder.java:731)

06-11 23:19:16.070  5580  8861 I LSPosed-Bridge: 5580 PermLabel 10124; permName: android.permission.ACCESS_COARSE_LOCATION; getCellLocation res = null; stacktrace=java.lang.Exception

06-11 23:19:16.070  5580  8861 I LSPosed-Bridge: 	at com.example.permlabel.hookLocationExtra_test$3.afterHookedMethod(hookLocationExtra_test.java:52)

06-11 23:19:16.070  5580  8861 I LSPosed-Bridge: 	at de.robv.android.xposed.XposedBridge$AdditionalHookInfo.callback(Unknown Source:147)

06-11 23:19:16.070  5580  8861 I LSPosed-Bridge: 	at LSPHooker_.getCellLocation(Unknown Source:8)

06-11 23:19:16.070  5580  8861 I LSPosed-Bridge: 	at com.qihoo.utils.DeviceUtils.getLac(AppStore:5)

06-11 23:19:16.070  5580  8861 I LSPosed-Bridge: 	at com.qihoo.utils.Wa.c(AppStore:1)

06-11 23:19:16.070  5580  8861 I LSPosed-Bridge: 	at com.qihoo360.common.helper.a.b.g(AppStore:8)

06-11 23:19:16.070  5580  8861 I LSPosed-Bridge: 	at com.qihoo360.common.helper.a.b.d(AppStore:3)

06-11 23:19:16.070  5580  8861 I LSPosed-Bridge: 	at com.qihoo360.common.helper.a.b.a(AppStore:1)

06-11 23:19:16.070  5580  8861 I LSPosed-Bridge: 	at com.qihoo.appstore.N.a.f.onRequestInterceptor(AppStore:10)

06-11 23:19:16.070  5580  8861 I LSPosed-Bridge: 	at com.android.volleypro.interceptor.InterceptorManager.processRequestInterceptor(AppStore:3)

06-11 23:19:16.070  5580  8861 I LSPosed-Bridge: 	at com.android.volleypro.toolbox.VolleyBasicNetwork.performRequest(AppStore:9)

06-11 23:19:16.070  5580  8861 I LSPosed-Bridge: 	at com.android.volleypro.toolbox.NetworkDispatcherSafe.run(AppStore:9)

06-11 23:19:16.144  1568  4760 I LSPosed-Bridge: 5580 PermLabel 10124 AMS.checkPermission: Binder.getCallingPid() = 1903; uid = 10124; Binder.getCallingUid() = 1001; getNameForUid: android.uid.phone:1001; getPackagesForUid: [com.qualcomm.qti.callfeaturessetting, com.android.stk, com.qualcomm.qti.lpa, com.qualcomm.qcrilmsgtunnel, com.android.phone, com.qti.qualcomm.deviceinfo, com.qualcomm.simcontacts, com.qualcomm.qti.networksetting, com.android.mms.service, com.qti.qualcomm.datastatusnotification, org.codeaurora.ims, com.qti.xdivert, com.qualcomm.qti.autoregistration, com.qti.confuridialer, com.qualcomm.qti.uim, com.android.providers.telephony, com.qualcomm.qti.ims, com.qualcomm.qti.telephonyservice]; permName: android.permission.ACCESS_COARSE_LOCATION; type = 1; res = -1; stacktrace=java.lang.Exception

06-11 23:19:16.144  1568  4760 I LSPosed-Bridge: 	at com.example.permlabel.requirePerm$1$2.afterHookedMethod(requirePerm.java:123)

06-11 23:19:16.144  1568  4760 I LSPosed-Bridge: 	at de.robv.android.xposed.XposedBridge$AdditionalHookInfo.callback(Unknown Source:147)

06-11 23:19:16.144  1568  4760 I LSPosed-Bridge: 	at LSPHooker_.checkPermission(Unknown Source:25)

06-11 23:19:16.144  1568  4760 I LSPosed-Bridge: 	at android.app.IActivityManager$Stub.onTransact(IActivityManager.java:664)

06-11 23:19:16.144  1568  4760 I LSPosed-Bridge: 	at com.android.server.am.ActivityManagerService.onTransact(ActivityManagerService.java:3346)

06-11 23:19:16.144  1568  4760 I LSPosed-Bridge: 	at android.os.Binder.execTransact(Binder.java:731)

06-11 23:19:16.146  5580  8861 I LSPosed-Bridge: 5580 PermLabel 10124; permName: android.permission.ACCESS_COARSE_LOCATION; getCellLocation res = null; stacktrace=java.lang.Exception

06-11 23:19:16.146  5580  8861 I LSPosed-Bridge: 	at com.example.permlabel.hookLocationExtra_test$3.afterHookedMethod(hookLocationExtra_test.java:52)

06-11 23:19:16.146  5580  8861 I LSPosed-Bridge: 	at de.robv.android.xposed.XposedBridge$AdditionalHookInfo.callback(Unknown Source:147)

06-11 23:19:16.146  5580  8861 I LSPosed-Bridge: 	at LSPHooker_.getCellLocation(Unknown Source:8)

06-11 23:19:16.146  5580  8861 I LSPosed-Bridge: 	at com.qihoo.utils.DeviceUtils.getCid(AppStore:5)

06-11 23:19:16.146  5580  8861 I LSPosed-Bridge: 	at com.qihoo.utils.Wa.a(AppStore:3)

06-11 23:19:16.146  5580  8861 I LSPosed-Bridge: 	at com.qihoo360.common.helper.a.b.g(AppStore:9)

06-11 23:19:16.146  5580  8861 I LSPosed-Bridge: 	at com.qihoo360.common.helper.a.b.d(AppStore:3)

06-11 23:19:16.146  5580  8861 I LSPosed-Bridge: 	at com.qihoo360.common.helper.a.b.a(AppStore:1)

06-11 23:19:16.146  5580  8861 I LSPosed-Bridge: 	at com.qihoo.appstore.N.a.f.onRequestInterceptor(AppStore:10)

06-11 23:19:16.146  5580  8861 I LSPosed-Bridge: 	at com.android.volleypro.interceptor.InterceptorManager.processRequestInterceptor(AppStore:3)

06-11 23:19:16.146  5580  8861 I LSPosed-Bridge: 	at com.android.volleypro.toolbox.VolleyBasicNetwork.performRequest(AppStore:9)

06-11 23:19:16.146  5580  8861 I LSPosed-Bridge: 	at com.android.volleypro.toolbox.NetworkDispatcherSafe.run(AppStore:9)

06-11 23:19:16.259  1568  4760 I LSPosed-Bridge: 5580 PermLabel 10124 AMS.checkPermission: Binder.getCallingPid() = 1903; uid = 10124; Binder.getCallingUid() = 1001; getNameForUid: android.uid.phone:1001; getPackagesForUid: [com.qualcomm.qti.callfeaturessetting, com.android.stk, com.qualcomm.qti.lpa, com.qualcomm.qcrilmsgtunnel, com.android.phone, com.qti.qualcomm.deviceinfo, com.qualcomm.simcontacts, com.qualcomm.qti.networksetting, com.android.mms.service, com.qti.qualcomm.datastatusnotification, org.codeaurora.ims, com.qti.xdivert, com.qualcomm.qti.autoregistration, com.qti.confuridialer, com.qualcomm.qti.uim, com.android.providers.telephony, com.qualcomm.qti.ims, com.qualcomm.qti.telephonyservice]; permName: android.permission.ACCESS_COARSE_LOCATION; type = 1; res = -1; stacktrace=java.lang.Exception

06-11 23:19:16.259  1568  4760 I LSPosed-Bridge: 	at com.example.permlabel.requirePerm$1$2.afterHookedMethod(requirePerm.java:123)

06-11 23:19:16.259  1568  4760 I LSPosed-Bridge: 	at de.robv.android.xposed.XposedBridge$AdditionalHookInfo.callback(Unknown Source:147)

06-11 23:19:16.259  1568  4760 I LSPosed-Bridge: 	at LSPHooker_.checkPermission(Unknown Source:25)

06-11 23:19:16.259  1568  4760 I LSPosed-Bridge: 	at android.app.IActivityManager$Stub.onTransact(IActivityManager.java:664)

06-11 23:19:16.259  1568  4760 I LSPosed-Bridge: 	at com.android.server.am.ActivityManagerService.onTransact(ActivityManagerService.java:3346)

06-11 23:19:16.259  1568  4760 I LSPosed-Bridge: 	at android.os.Binder.execTransact(Binder.java:731)

06-11 23:19:16.261  5580  8862 I LSPosed-Bridge: 5580 PermLabel 10124; permName: android.permission.ACCESS_COARSE_LOCATION; getCellLocation res = null; stacktrace=java.lang.Exception

06-11 23:19:16.261  5580  8862 I LSPosed-Bridge: 	at com.example.permlabel.hookLocationExtra_test$3.afterHookedMethod(hookLocationExtra_test.java:52)

06-11 23:19:16.261  5580  8862 I LSPosed-Bridge: 	at de.robv.android.xposed.XposedBridge$AdditionalHookInfo.callback(Unknown Source:147)

06-11 23:19:16.261  5580  8862 I LSPosed-Bridge: 	at LSPHooker_.getCellLocation(Unknown Source:8)

06-11 23:19:16.261  5580  8862 I LSPosed-Bridge: 	at com.qihoo.utils.DeviceUtils.getLac(AppStore:5)

06-11 23:19:16.261  5580  8862 I LSPosed-Bridge: 	at com.qihoo.utils.Wa.c(AppStore:1)

06-11 23:19:16.261  5580  8862 I LSPosed-Bridge: 	at com.qihoo360.common.helper.a.b.g(AppStore:8)

06-11 23:19:16.261  5580  8862 I LSPosed-Bridge: 	at com.qihoo360.common.helper.a.b.d(AppStore:3)

06-11 23:19:16.261  5580  8862 I LSPosed-Bridge: 	at com.qihoo360.common.helper.a.b.a(AppStore:1)

06-11 23:19:16.261  5580  8862 I LSPosed-Bridge: 	at com.qihoo.appstore.N.a.f.onRequestInterceptor(AppStore:10)

06-11 23:19:16.261  5580  8862 I LSPosed-Bridge: 	at com.android.volleypro.interceptor.InterceptorManager.processRequestInterceptor(AppStore:3)

06-11 23:19:16.261  5580  8862 I LSPosed-Bridge: 	at com.android.volleypro.toolbox.VolleyBasicNetwork.performRequest(AppStore:9)

06-11 23:19:16.261  5580  8862 I LSPosed-Bridge: 	at com.android.volleypro.toolbox.NetworkDispatcherSafe.run(AppStore:9)

06-11 23:19:16.311  1568  1875 I LSPosed-Bridge: 5580 PermLabel 10124 AMS.checkPermission: Binder.getCallingPid() = 1903; uid = 10124; Binder.getCallingUid() = 1001; getNameForUid: android.uid.phone:1001; getPackagesForUid: [com.qualcomm.qti.callfeaturessetting, com.android.stk, com.qualcomm.qti.lpa, com.qualcomm.qcrilmsgtunnel, com.android.phone, com.qti.qualcomm.deviceinfo, com.qualcomm.simcontacts, com.qualcomm.qti.networksetting, com.android.mms.service, com.qti.qualcomm.datastatusnotification, org.codeaurora.ims, com.qti.xdivert, com.qualcomm.qti.autoregistration, com.qti.confuridialer, com.qualcomm.qti.uim, com.android.providers.telephony, com.qualcomm.qti.ims, com.qualcomm.qti.telephonyservice]; permName: android.permission.ACCESS_COARSE_LOCATION; type = 1; res = -1; stacktrace=java.lang.Exception

06-11 23:19:16.311  1568  1875 I LSPosed-Bridge: 	at com.example.permlabel.requirePerm$1$2.afterHookedMethod(requirePerm.java:123)

06-11 23:19:16.311  1568  1875 I LSPosed-Bridge: 	at de.robv.android.xposed.XposedBridge$AdditionalHookInfo.callback(Unknown Source:147)

06-11 23:19:16.311  1568  1875 I LSPosed-Bridge: 	at LSPHooker_.checkPermission(Unknown Source:25)

06-11 23:19:16.311  1568  1875 I LSPosed-Bridge: 	at android.app.IActivityManager$Stub.onTransact(IActivityManager.java:664)

06-11 23:19:16.311  1568  1875 I LSPosed-Bridge: 	at com.android.server.am.ActivityManagerService.onTransact(ActivityManagerService.java:3346)

06-11 23:19:16.311  1568  1875 I LSPosed-Bridge: 	at android.os.Binder.execTransact(Binder.java:731)

06-11 23:19:16.314  5580  8862 I LSPosed-Bridge: 5580 PermLabel 10124; permName: android.permission.ACCESS_COARSE_LOCATION; getCellLocation res = null; stacktrace=java.lang.Exception

06-11 23:19:16.314  5580  8862 I LSPosed-Bridge: 	at com.example.permlabel.hookLocationExtra_test$3.afterHookedMethod(hookLocationExtra_test.java:52)

06-11 23:19:16.314  5580  8862 I LSPosed-Bridge: 	at de.robv.android.xposed.XposedBridge$AdditionalHookInfo.callback(Unknown Source:147)

06-11 23:19:16.314  5580  8862 I LSPosed-Bridge: 	at LSPHooker_.getCellLocation(Unknown Source:8)

06-11 23:19:16.314  5580  8862 I LSPosed-Bridge: 	at com.qihoo.utils.DeviceUtils.getCid(AppStore:5)

06-11 23:19:16.314  5580  8862 I LSPosed-Bridge: 	at com.qihoo.utils.Wa.a(AppStore:3)

06-11 23:19:16.314  5580  8862 I LSPosed-Bridge: 	at com.qihoo360.common.helper.a.b.g(AppStore:9)

06-11 23:19:16.314  5580  8862 I LSPosed-Bridge: 	at com.qihoo360.common.helper.a.b.d(AppStore:3)

06-11 23:19:16.314  5580  8862 I LSPosed-Bridge: 	at com.qihoo360.common.helper.a.b.a(AppStore:1)

06-11 23:19:16.314  5580  8862 I LSPosed-Bridge: 	at com.qihoo.appstore.N.a.f.onRequestInterceptor(AppStore:10)

06-11 23:19:16.314  5580  8862 I LSPosed-Bridge: 	at com.android.volleypro.interceptor.InterceptorManager.processRequestInterceptor(AppStore:3)

06-11 23:19:16.314  5580  8862 I LSPosed-Bridge: 	at com.android.volleypro.toolbox.VolleyBasicNetwork.performRequest(AppStore:9)

06-11 23:19:16.314  5580  8862 I LSPosed-Bridge: 	at com.android.volleypro.toolbox.NetworkDispatcherSafe.run(AppStore:9)

06-11 23:19:16.323  5580  8868 I LSPosed-Bridge: 5580 PermLabel 10124 ContextImpl.checkPermission: askedperm = [android.permission.READ_EXTERNAL_STORAGE, android.permission.WRITE_EXTERNAL_STORAGE, android.permission.READ_PHONE_STATE]; permName: android.permission.ACCESS_COARSE_LOCATION; android.os.Process.myPid() = 5580; type = 1

06-11 23:19:16.323  5580  8868 I LSPosed-Bridge: 5580 PermLabel 10124 ContextImpl.checkPermission: askedperm = [android.permission.READ_EXTERNAL_STORAGE, android.permission.WRITE_EXTERNAL_STORAGE, android.permission.READ_PHONE_STATE]; permName: android.permission.ACCESS_COARSE_LOCATION; android.os.Process.myPid() = 5580; type = 1

06-11 23:19:16.323  5580  8868 I LSPosed-Bridge: 5580 PermLabel 10124 ContextImpl.checkPermission: pid = 5580; uid = 10124; Binder.getCallingPid() =5580; Binder.getCallingUid() = 10124; permName: android.permission.ACCESS_COARSE_LOCATION; type = 1; res = -1; stacktrace=java.lang.Exception

06-11 23:19:16.323  5580  8868 I LSPosed-Bridge: 5580 PermLabel 10124 ContextImpl.checkPermission: pid = 5580; uid = 10124; Binder.getCallingPid() =5580; Binder.getCallingUid() = 10124; permName: android.permission.ACCESS_COARSE_LOCATION; type = 1; res = -1; stacktrace=java.lang.Exception

06-11 23:19:16.323  5580  8868 I LSPosed-Bridge: 	at com.example.permlabel.requestPerm$2.afterHookedMethod(requestPerm.java:184)

06-11 23:19:16.323  5580  8868 I LSPosed-Bridge: 	at com.example.permlabel.requestPerm$2.afterHookedMethod(requestPerm.java:184)

06-11 23:19:16.323  5580  8868 I LSPosed-Bridge: 	at de.robv.android.xposed.XposedBridge$AdditionalHookInfo.callback(Unknown Source:147)

06-11 23:19:16.323  5580  8868 I LSPosed-Bridge: 	at de.robv.android.xposed.XposedBridge$AdditionalHookInfo.callback(Unknown Source:147)

06-11 23:19:16.323  5580  8868 I LSPosed-Bridge: 	at LSPHooker_.checkPermission(Unknown Source:25)

06-11 23:19:16.323  5580  8868 I LSPosed-Bridge: 	at LSPHooker_.checkPermission(Unknown Source:25)

06-11 23:19:16.323  5580  8868 I LSPosed-Bridge: 	at android.app.ContextImpl.checkSelfPermission(ContextImpl.java:1801)

06-11 23:19:16.323  5580  8868 I LSPosed-Bridge: 	at android.app.ContextImpl.checkSelfPermission(ContextImpl.java:1801)

06-11 23:19:16.323  5580  8868 I LSPosed-Bridge: 	at android.content.ContextWrapper.checkSelfPermission(ContextWrapper.java:759)

06-11 23:19:16.323  5580  8868 I LSPosed-Bridge: 	at android.content.ContextWrapper.checkSelfPermission(ContextWrapper.java:759)

06-11 23:19:16.323  5580  8868 I LSPosed-Bridge: 	at android.content.ContextWrapper.checkSelfPermission(ContextWrapper.java:759)

06-11 23:19:16.323  5580  8868 I LSPosed-Bridge: 	at android.content.ContextWrapper.checkSelfPermission(ContextWrapper.java:759)

06-11 23:19:16.323  5580  8868 I LSPosed-Bridge: 	at android.content.ContextWrapper.checkSelfPermission(ContextWrapper.java:759)

06-11 23:19:16.323  5580  8868 I LSPosed-Bridge: 	at android.content.ContextWrapper.checkSelfPermission(ContextWrapper.java:759)

06-11 23:19:16.323  5580  8868 I LSPosed-Bridge: 	at java.lang.reflect.Method.invoke(Native Method)

06-11 23:19:16.323  5580  8868 I LSPosed-Bridge: 	at java.lang.reflect.Method.invoke(Native Method)

06-11 23:19:16.323  5580  8868 I LSPosed-Bridge: 	at com.qihoo360.mobilesafe.authguidelib.romadapter.utils.PermissionUtils.invokeCheckSelfPermission(PermissionUtils.java:179)

06-11 23:19:16.323  5580  8868 I LSPosed-Bridge: 	at com.qihoo360.mobilesafe.authguidelib.romadapter.utils.PermissionUtils.invokeCheckSelfPermission(PermissionUtils.java:179)

06-11 23:19:16.323  5580  8868 I LSPosed-Bridge: 	at com.qihoo360.mobilesafe.authguidelib.romadapter.QueryAuthUtils.querySpecialAuthStatus(QueryAuthUtils.java:152)

06-11 23:19:16.323  5580  8868 I LSPosed-Bridge: 	at com.qihoo360.mobilesafe.authguidelib.romadapter.QueryAuthUtils.querySpecialAuthStatus(QueryAuthUtils.java:152)

06-11 23:19:16.323  5580  8868 I LSPosed-Bridge: 	at com.qihoo360.mobilesafe.authguidelib.romadapter.QueryAuthUtils.queryCommonRomAuthStatus(QueryAuthUtils.java:678)

06-11 23:19:16.323  5580  8868 I LSPosed-Bridge: 	at com.qihoo360.mobilesafe.authguidelib.romadapter.QueryAuthUtils.queryCommonRomAuthStatus(QueryAuthUtils.java:678)

06-11 23:19:16.323  5580  8868 I LSPosed-Bridge: 	at com.qihoo360.mobilesafe.authguidelib.romadapter.rom.Rom.doQueryActionAndUpdate(Rom.java:646)

06-11 23:19:16.323  5580  8868 I LSPosed-Bridge: 	at com.qihoo360.mobilesafe.authguidelib.romadapter.rom.Rom.doQueryActionAndUpdate(Rom.java:646)

06-11 23:19:16.323  5580  8868 I LSPosed-Bridge: 	at com.qihoo360.mobilesafe.authguidelib.romadapter.rom.Rom.doFilterQuery(Rom.java:468)

06-11 23:19:16.323  5580  8868 I LSPosed-Bridge: 	at com.qihoo360.mobilesafe.authguidelib.romadapter.rom.Rom.doFilterQuery(Rom.java:468)

06-11 23:19:16.323  5580  8868 I LSPosed-Bridge: 	at com.qihoo360.mobilesafe.authguidelib.romadapter.rom.Rom.queryAuthStatus(Rom.java:269)

06-11 23:19:16.323  5580  8868 I LSPosed-Bridge: 	at com.qihoo360.mobilesafe.authguidelib.romadapter.rom.Rom.queryAuthStatus(Rom.java:269)

06-11 23:19:16.323  5580  8868 I LSPosed-Bridge: 	at com.qihoo360.mobilesafe.authguidelib.romadapter.rom.CommonRom.queryAuthStatus(CommonRom.java:85)

06-11 23:19:16.323  5580  8868 I LSPosed-Bridge: 	at com.qihoo360.mobilesafe.authguidelib.romadapter.rom.CommonRom.queryAuthStatus(CommonRom.java:85)

06-11 23:19:16.323  5580  8868 I LSPosed-Bridge: 	at com.qihoo360.mobilesafe.authguidelib.AuthGuider.processCurrentRom(AuthGuider.java:202)

06-11 23:19:16.323  5580  8868 I LSPosed-Bridge: 	at com.qihoo360.mobilesafe.authguidelib.AuthGuider.processCurrentRom(AuthGuider.java:202)

06-11 23:19:16.323  5580  8868 I LSPosed-Bridge: 	at com.qihoo360.mobilesafe.authguidelib.AuthGuider.init(AuthGuider.java:181)

06-11 23:19:16.323  5580  8868 I LSPosed-Bridge: 	at com.qihoo360.mobilesafe.authguidelib.AuthGuider.init(AuthGuider.java:181)

06-11 23:19:16.323  5580  8868 I LSPosed-Bridge: 	at com.qihoo360.mobilesafe.authguidelib.AuthGuider.<init>(AuthGuider.java:151)

06-11 23:19:16.323  5580  8868 I LSPosed-Bridge: 	at com.qihoo360.mobilesafe.authguidelib.AuthGuider.<init>(AuthGuider.java:151)

06-11 23:19:16.323  5580  8868 I LSPosed-Bridge: 	at com.qihoo.appstore.plugin.authguider.Plugin$1.init(Plugin.java:90)

06-11 23:19:16.323  5580  8868 I LSPosed-Bridge: 	at com.qihoo.appstore.plugin.authguider.Plugin$1.init(Plugin.java:90)

06-11 23:19:16.323  5580  8868 I LSPosed-Bridge: 	at com.qihoo.appstore.plugin.authguider.IAuthGuiderInterface$Stub.onTransact(IAuthGuiderInterface.java:57)

06-11 23:19:16.323  5580  8868 I LSPosed-Bridge: 	at com.qihoo.appstore.plugin.authguider.IAuthGuiderInterface$Stub.onTransact(IAuthGuiderInterface.java:57)

06-11 23:19:16.323  5580  8868 I LSPosed-Bridge: 	at android.os.Binder.transact(Binder.java:667)

06-11 23:19:16.323  5580  8868 I LSPosed-Bridge: 	at android.os.Binder.transact(Binder.java:667)

06-11 23:19:16.323  5580  8868 I LSPosed-Bridge: 	at persist_16.p$a$a.a(persist_16:114)

06-11 23:19:16.323  5580  8868 I LSPosed-Bridge: 	at persist_16.p$a$a.a(persist_16:114)

06-11 23:19:16.323  5580  8868 I LSPosed-Bridge: 	at persist_16.ab.a(persist_16:50)

06-11 23:19:16.323  5580  8868 I LSPosed-Bridge: 	at persist_16.ab.a(persist_16:50)

06-11 23:19:16.323  5580  8868 I LSPosed-Bridge: 	at persist_16.af$1.run(persist_16:59)

06-11 23:19:16.323  5580  8868 I LSPosed-Bridge: 	at persist_16.af$1.run(persist_16:59)

06-11 23:19:16.323  5580  8868 I LSPosed-Bridge: 	at java.util.concurrent.Executors$RunnableAdapter.call(Executors.java:458)

06-11 23:19:16.323  5580  8868 I LSPosed-Bridge: 	at java.util.concurrent.Executors$RunnableAdapter.call(Executors.java:458)

06-11 23:19:16.323  5580  8868 I LSPosed-Bridge: 	at java.util.concurrent.FutureTask.run(FutureTask.java:266)

06-11 23:19:16.323  5580  8868 I LSPosed-Bridge: 	at java.util.concurrent.FutureTask.run(FutureTask.java:266)

06-11 23:19:16.323  5580  8868 I LSPosed-Bridge: 	at java.util.concurrent.ThreadPoolExecutor.runWorker(ThreadPoolExecutor.java:1167)

06-11 23:19:16.323  5580  8868 I LSPosed-Bridge: 	at java.util.concurrent.ThreadPoolExecutor.runWorker(ThreadPoolExecutor.java:1167)

06-11 23:19:16.323  5580  8868 I LSPosed-Bridge: 	at java.util.concurrent.ThreadPoolExecutor$Worker.run(ThreadPoolExecutor.java:641)

06-11 23:19:16.323  5580  8868 I LSPosed-Bridge: 	at java.util.concurrent.ThreadPoolExecutor$Worker.run(ThreadPoolExecutor.java:641)

06-11 23:19:16.323  5580  8868 I LSPosed-Bridge: 	at java.lang.Thread.run(Thread.java:764)

06-11 23:19:16.323  5580  8868 I LSPosed-Bridge: 	at java.lang.Thread.run(Thread.java:764)

06-11 23:19:16.324  5580  8868 I LSPosed-Bridge: 5580 PermLabel 10124 ContextImpl.checkPermission: pid = 5580; uid = 10124; permName: android.permission.ACCESS_COARSE_LOCATION; type = 1; res = -1; stacktrace=java.lang.Exception

06-11 23:19:16.324  5580  8868 I LSPosed-Bridge: 	at com.example.permlabel.requestPerm$2.afterHookedMethod(requestPerm.java:201)

06-11 23:19:16.324  5580  8868 I LSPosed-Bridge: 	at de.robv.android.xposed.XposedBridge$AdditionalHookInfo.callback(Unknown Source:147)

06-11 23:19:16.324  5580  8868 I LSPosed-Bridge: 	at LSPHooker_.checkPermission(Unknown Source:25)

06-11 23:19:16.324  5580  8868 I LSPosed-Bridge: 	at android.app.ContextImpl.checkSelfPermission(ContextImpl.java:1801)

06-11 23:19:16.324  5580  8868 I LSPosed-Bridge: 	at android.content.ContextWrapper.checkSelfPermission(ContextWrapper.java:759)

06-11 23:19:16.324  5580  8868 I LSPosed-Bridge: 	at android.content.ContextWrapper.checkSelfPermission(ContextWrapper.java:759)

06-11 23:19:16.324  5580  8868 I LSPosed-Bridge: 	at android.content.ContextWrapper.checkSelfPermission(ContextWrapper.java:759)

06-11 23:19:16.324  5580  8868 I LSPosed-Bridge: 	at java.lang.reflect.Method.invoke(Native Method)

06-11 23:19:16.324  5580  8868 I LSPosed-Bridge: 	at com.qihoo360.mobilesafe.authguidelib.romadapter.utils.PermissionUtils.invokeCheckSelfPermission(PermissionUtils.java:179)

06-11 23:19:16.324  5580  8868 I LSPosed-Bridge: 	at com.qihoo360.mobilesafe.authguidelib.romadapter.QueryAuthUtils.querySpecialAuthStatus(QueryAuthUtils.java:152)

06-11 23:19:16.324  5580  8868 I LSPosed-Bridge: 	at com.qihoo360.mobilesafe.authguidelib.romadapter.QueryAuthUtils.queryCommonRomAuthStatus(QueryAuthUtils.java:678)

06-11 23:19:16.324  5580  8868 I LSPosed-Bridge: 	at com.qihoo360.mobilesafe.authguidelib.romadapter.rom.Rom.doQueryActionAndUpdate(Rom.java:646)

06-11 23:19:16.324  5580  8868 I LSPosed-Bridge: 	at com.qihoo360.mobilesafe.authguidelib.romadapter.rom.Rom.doFilterQuery(Rom.java:468)

06-11 23:19:16.324  5580  8868 I LSPosed-Bridge: 	at com.qihoo360.mobilesafe.authguidelib.romadapter.rom.Rom.queryAuthStatus(Rom.java:269)

06-11 23:19:16.324  5580  8868 I LSPosed-Bridge: 	at com.qihoo360.mobilesafe.authguidelib.romadapter.rom.CommonRom.queryAuthStatus(CommonRom.java:85)

06-11 23:19:16.324  5580  8868 I LSPosed-Bridge: 	at com.qihoo360.mobilesafe.authguidelib.AuthGuider.processCurrentRom(AuthGuider.java:202)

06-11 23:19:16.324  5580  8868 I LSPosed-Bridge: 	at com.qihoo360.mobilesafe.authguidelib.AuthGuider.init(AuthGuider.java:181)

06-11 23:19:16.324  5580  8868 I LSPosed-Bridge: 	at com.qihoo360.mobilesafe.authguidelib.AuthGuider.<init>(AuthGuider.java:151)

06-11 23:19:16.324  5580  8868 I LSPosed-Bridge: 	at com.qihoo.appstore.plugin.authguider.Plugin$1.init(Plugin.java:90)

06-11 23:19:16.324  5580  8868 I LSPosed-Bridge: 	at com.qihoo.appstore.plugin.authguider.IAuthGuiderInterface$Stub.onTransact(IAuthGuiderInterface.java:57)

06-11 23:19:16.324  5580  8868 I LSPosed-Bridge: 	at android.os.Binder.transact(Binder.java:667)

06-11 23:19:16.324  5580  8868 I LSPosed-Bridge: 	at persist_16.p$a$a.a(persist_16:114)

06-11 23:19:16.324  5580  8868 I LSPosed-Bridge: 	at persist_16.ab.a(persist_16:50)

06-11 23:19:16.324  5580  8868 I LSPosed-Bridge: 	at persist_16.af$1.run(persist_16:59)

06-11 23:19:16.324  5580  8868 I LSPosed-Bridge: 	at java.util.concurrent.Executors$RunnableAdapter.call(Executors.java:458)

06-11 23:19:16.324  5580  8868 I LSPosed-Bridge: 	at java.util.concurrent.FutureTask.run(FutureTask.java:266)

06-11 23:19:16.324  5580  8868 I LSPosed-Bridge: 	at java.util.concurrent.ThreadPoolExecutor.runWorker(ThreadPoolExecutor.java:1167)

06-11 23:19:16.324  5580  8868 I LSPosed-Bridge: 	at java.util.concurrent.ThreadPoolExecutor$Worker.run(ThreadPoolExecutor.java:641)

06-11 23:19:16.324  5580  8868 I LSPosed-Bridge: 	at java.lang.Thread.run(Thread.java:764)

06-11 23:19:16.447   560   560 I ConfigStore: android::hardware::configstore::V1_0::ISurfaceFlingerConfigs::hasHDRDisplay retrieved: 0

06-11 23:19:16.447  1568  6199 I LSPosed-Bridge: 5580 PermLabel 10124 AMS.checkPermission: Binder.getCallingPid() = 1903; uid = 10124; Binder.getCallingUid() = 1001; getNameForUid: android.uid.phone:1001; getPackagesForUid: [com.qualcomm.qti.callfeaturessetting, com.android.stk, com.qualcomm.qti.lpa, com.qualcomm.qcrilmsgtunnel, com.android.phone, com.qti.qualcomm.deviceinfo, com.qualcomm.simcontacts, com.qualcomm.qti.networksetting, com.android.mms.service, com.qti.qualcomm.datastatusnotification, org.codeaurora.ims, com.qti.xdivert, com.qualcomm.qti.autoregistration, com.qti.confuridialer, com.qualcomm.qti.uim, com.android.providers.telephony, com.qualcomm.qti.ims, com.qualcomm.qti.telephonyservice]; permName: android.permission.ACCESS_COARSE_LOCATION; type = 1; res = -1; stacktrace=java.lang.Exception

06-11 23:19:16.447  1568  6199 I LSPosed-Bridge: 	at com.example.permlabel.requirePerm$1$2.afterHookedMethod(requirePerm.java:123)

06-11 23:19:16.447  1568  6199 I LSPosed-Bridge: 	at de.robv.android.xposed.XposedBridge$AdditionalHookInfo.callback(Unknown Source:147)

06-11 23:19:16.447  1568  6199 I LSPosed-Bridge: 	at LSPHooker_.checkPermission(Unknown Source:25)

06-11 23:19:16.447  1568  6199 I LSPosed-Bridge: 	at android.app.IActivityManager$Stub.onTransact(IActivityManager.java:664)

06-11 23:19:16.447  1568  6199 I LSPosed-Bridge: 	at com.android.server.am.ActivityManagerService.onTransact(ActivityManagerService.java:3346)

06-11 23:19:16.447  1568  6199 I LSPosed-Bridge: 	at android.os.Binder.execTransact(Binder.java:731)

06-11 23:19:16.447   560   560 I ConfigStore: android::hardware::configstore::V1_0::ISurfaceFlingerConfigs::hasHDRDisplay retrieved: 0

06-11 23:19:16.458  5580  8860 I LSPosed-Bridge: 5580 PermLabel 10124; permName: android.permission.ACCESS_COARSE_LOCATION; getCellLocation res = null; stacktrace=java.lang.Exception

06-11 23:19:16.458  5580  8860 I LSPosed-Bridge: 	at com.example.permlabel.hookLocationExtra_test$3.afterHookedMethod(hookLocationExtra_test.java:52)

06-11 23:19:16.458  5580  8860 I LSPosed-Bridge: 	at de.robv.android.xposed.XposedBridge$AdditionalHookInfo.callback(Unknown Source:147)

06-11 23:19:16.458  5580  8860 I LSPosed-Bridge: 	at LSPHooker_.getCellLocation(Unknown Source:8)

06-11 23:19:16.458  5580  8860 I LSPosed-Bridge: 	at com.qihoo.utils.DeviceUtils.getLac(AppStore:5)

06-11 23:19:16.458  5580  8860 I LSPosed-Bridge: 	at com.qihoo.utils.Wa.c(AppStore:1)

06-11 23:19:16.458  5580  8860 I LSPosed-Bridge: 	at com.qihoo360.common.helper.a.b.g(AppStore:8)

06-11 23:19:16.458  5580  8860 I LSPosed-Bridge: 	at com.qihoo360.common.helper.a.b.d(AppStore:3)

06-11 23:19:16.458  5580  8860 I LSPosed-Bridge: 	at com.qihoo360.common.helper.a.b.a(AppStore:1)

06-11 23:19:16.458  5580  8860 I LSPosed-Bridge: 	at com.qihoo.appstore.N.a.f.onRequestInterceptor(AppStore:10)

06-11 23:19:16.458  5580  8860 I LSPosed-Bridge: 	at com.android.volleypro.interceptor.InterceptorManager.processRequestInterceptor(AppStore:3)

06-11 23:19:16.458  5580  8860 I LSPosed-Bridge: 	at com.android.volleypro.toolbox.VolleyBasicNetwork.performRequest(AppStore:9)

06-11 23:19:16.458  5580  8860 I LSPosed-Bridge: 	at com.android.volleypro.toolbox.NetworkDispatcherSafe.run(AppStore:9)

06-11 23:19:16.458   560   560 I ConfigStore: android::hardware::configstore::V1_0::ISurfaceFlingerConfigs::hasHDRDisplay retrieved: 0

06-11 23:19:16.542  1568  4760 I LSPosed-Bridge: 5580 PermLabel 10124 AMS.checkPermission: Binder.getCallingPid() = 1903; uid = 10124; Binder.getCallingUid() = 1001; getNameForUid: android.uid.phone:1001; getPackagesForUid: [com.qualcomm.qti.callfeaturessetting, com.android.stk, com.qualcomm.qti.lpa, com.qualcomm.qcrilmsgtunnel, com.android.phone, com.qti.qualcomm.deviceinfo, com.qualcomm.simcontacts, com.qualcomm.qti.networksetting, com.android.mms.service, com.qti.qualcomm.datastatusnotification, org.codeaurora.ims, com.qti.xdivert, com.qualcomm.qti.autoregistration, com.qti.confuridialer, com.qualcomm.qti.uim, com.android.providers.telephony, com.qualcomm.qti.ims, com.qualcomm.qti.telephonyservice]; permName: android.permission.ACCESS_COARSE_LOCATION; type = 1; res = -1; stacktrace=java.lang.Exception

06-11 23:19:16.542  1568  4760 I LSPosed-Bridge: 	at com.example.permlabel.requirePerm$1$2.afterHookedMethod(requirePerm.java:123)

06-11 23:19:16.542  1568  4760 I LSPosed-Bridge: 	at de.robv.android.xposed.XposedBridge$AdditionalHookInfo.callback(Unknown Source:147)

06-11 23:19:16.542  1568  4760 I LSPosed-Bridge: 	at LSPHooker_.checkPermission(Unknown Source:25)

06-11 23:19:16.542  1568  4760 I LSPosed-Bridge: 	at android.app.IActivityManager$Stub.onTransact(IActivityManager.java:664)

06-11 23:19:16.542  1568  4760 I LSPosed-Bridge: 	at com.android.server.am.ActivityManagerService.onTransact(ActivityManagerService.java:3346)

06-11 23:19:16.542  1568  4760 I LSPosed-Bridge: 	at android.os.Binder.execTransact(Binder.java:731)

06-11 23:19:16.557   560   560 I ConfigStore: android::hardware::configstore::V1_0::ISurfaceFlingerConfigs::hasHDRDisplay retrieved: 0

06-11 23:19:16.557  5580  8860 I LSPosed-Bridge: 5580 PermLabel 10124; permName: android.permission.ACCESS_COARSE_LOCATION; getCellLocation res = null; stacktrace=java.lang.Exception

06-11 23:19:16.557  5580  8860 I LSPosed-Bridge: 	at com.example.permlabel.hookLocationExtra_test$3.afterHookedMethod(hookLocationExtra_test.java:52)

06-11 23:19:16.557  5580  8860 I LSPosed-Bridge: 	at de.robv.android.xposed.XposedBridge$AdditionalHookInfo.callback(Unknown Source:147)

06-11 23:19:16.557  5580  8860 I LSPosed-Bridge: 	at LSPHooker_.getCellLocation(Unknown Source:8)

06-11 23:19:16.557  5580  8860 I LSPosed-Bridge: 	at com.qihoo.utils.DeviceUtils.getCid(AppStore:5)

06-11 23:19:16.557  5580  8860 I LSPosed-Bridge: 	at com.qihoo.utils.Wa.a(AppStore:3)

06-11 23:19:16.557  5580  8860 I LSPosed-Bridge: 	at com.qihoo360.common.helper.a.b.g(AppStore:9)

06-11 23:19:16.557  5580  8860 I LSPosed-Bridge: 	at com.qihoo360.common.helper.a.b.d(AppStore:3)

06-11 23:19:16.557  5580  8860 I LSPosed-Bridge: 	at com.qihoo360.common.helper.a.b.a(AppStore:1)

06-11 23:19:16.557  5580  8860 I LSPosed-Bridge: 	at com.qihoo.appstore.N.a.f.onRequestInterceptor(AppStore:10)

06-11 23:19:16.557  5580  8860 I LSPosed-Bridge: 	at com.android.volleypro.interceptor.InterceptorManager.processRequestInterceptor(AppStore:3)

06-11 23:19:16.557  5580  8860 I LSPosed-Bridge: 	at com.android.volleypro.toolbox.VolleyBasicNetwork.performRequest(AppStore:9)

06-11 23:19:16.557  5580  8860 I LSPosed-Bridge: 	at com.android.volleypro.toolbox.NetworkDispatcherSafe.run(AppStore:9)

06-11 23:19:16.557   560   560 I ConfigStore: android::hardware::configstore::V1_0::ISurfaceFlingerConfigs::hasHDRDisplay retrieved: 0

06-11 23:19:16.914  1568  7946 I LSPosed-Bridge: 5580 PermLabel 10124 AMS.checkPermission: Binder.getCallingPid() = 1903; uid = 10124; Binder.getCallingUid() = 1001; getNameForUid: android.uid.phone:1001; getPackagesForUid: [com.qualcomm.qti.callfeaturessetting, com.android.stk, com.qualcomm.qti.lpa, com.qualcomm.qcrilmsgtunnel, com.android.phone, com.qti.qualcomm.deviceinfo, com.qualcomm.simcontacts, com.qualcomm.qti.networksetting, com.android.mms.service, com.qti.qualcomm.datastatusnotification, org.codeaurora.ims, com.qti.xdivert, com.qualcomm.qti.autoregistration, com.qti.confuridialer, com.qualcomm.qti.uim, com.android.providers.telephony, com.qualcomm.qti.ims, com.qualcomm.qti.telephonyservice]; permName: android.permission.ACCESS_COARSE_LOCATION; type = 1; res = -1; stacktrace=java.lang.Exception

06-11 23:19:16.914  1568  7946 I LSPosed-Bridge: 	at com.example.permlabel.requirePerm$1$2.afterHookedMethod(requirePerm.java:123)

06-11 23:19:16.914  1568  7946 I LSPosed-Bridge: 	at de.robv.android.xposed.XposedBridge$AdditionalHookInfo.callback(Unknown Source:147)

06-11 23:19:16.914  1568  7946 I LSPosed-Bridge: 	at LSPHooker_.checkPermission(Unknown Source:25)

06-11 23:19:16.914  1568  7946 I LSPosed-Bridge: 	at android.app.IActivityManager$Stub.onTransact(IActivityManager.java:664)

06-11 23:19:16.914  1568  7946 I LSPosed-Bridge: 	at com.android.server.am.ActivityManagerService.onTransact(ActivityManagerService.java:3346)

06-11 23:19:16.914  1568  7946 I LSPosed-Bridge: 	at android.os.Binder.execTransact(Binder.java:731)

06-11 23:19:16.975  5580  8559 I LSPosed-Bridge: 5580 PermLabel 10124; permName: android.permission.ACCESS_COARSE_LOCATION; getCellLocation res = null; stacktrace=java.lang.Exception

06-11 23:19:16.975  5580  8559 I LSPosed-Bridge: 	at com.example.permlabel.hookLocationExtra_test$3.afterHookedMethod(hookLocationExtra_test.java:52)

06-11 23:19:16.975  5580  8559 I LSPosed-Bridge: 	at de.robv.android.xposed.XposedBridge$AdditionalHookInfo.callback(Unknown Source:147)

06-11 23:19:16.975  5580  8559 I LSPosed-Bridge: 	at LSPHooker_.getCellLocation(Unknown Source:8)

06-11 23:19:16.975  5580  8559 I LSPosed-Bridge: 	at com.qihoo.utils.DeviceUtils.getLac(pm_22:6)

06-11 23:19:16.975  5580  8559 I LSPosed-Bridge: 	at pm_22.J.a(pm_22:116)

06-11 23:19:16.975  5580  8559 I LSPosed-Bridge: 	at pm_22.J.a(pm_22:17)

06-11 23:19:16.975  5580  8559 I LSPosed-Bridge: 	at pm_22.r.a(pm_22:17)

06-11 23:19:16.975  5580  8559 I LSPosed-Bridge: 	at pm_22.r.b(pm_22:4)

06-11 23:19:16.975  5580  8559 I LSPosed-Bridge: 	at pm_22.m.b(pm_22:7)

06-11 23:19:16.975  5580  8559 I LSPosed-Bridge: 	at pm_22.pb.a(pm_22:2)

06-11 23:19:16.975  5580  8559 I LSPosed-Bridge: 	at pm_22.ld.run(pm_22:15)

06-11 23:19:16.975  5580  8559 I LSPosed-Bridge: 	at pm_22.Ae.a(pm_22:58)

06-11 23:19:16.975  5580  8559 I LSPosed-Bridge: 	at pm_22.Ae.a(pm_22:4)

06-11 23:19:16.975  5580  8559 I LSPosed-Bridge: 	at pm_22.Ae$a.run(pm_22:43)

06-11 23:19:16.975   560   560 I ConfigStore: android::hardware::configstore::V1_0::ISurfaceFlingerConfigs::hasHDRDisplay retrieved: 0

06-11 23:19:16.999   560   560 I ConfigStore: android::hardware::configstore::V1_0::ISurfaceFlingerConfigs::hasHDRDisplay retrieved: 0

06-11 23:19:16.999  1568  2056 I LSPosed-Bridge: 5580 PermLabel 10124 AMS.checkPermission: Binder.getCallingPid() = 1903; uid = 10124; Binder.getCallingUid() = 1001; getNameForUid: android.uid.phone:1001; getPackagesForUid: [com.qualcomm.qti.callfeaturessetting, com.android.stk, com.qualcomm.qti.lpa, com.qualcomm.qcrilmsgtunnel, com.android.phone, com.qti.qualcomm.deviceinfo, com.qualcomm.simcontacts, com.qualcomm.qti.networksetting, com.android.mms.service, com.qti.qualcomm.datastatusnotification, org.codeaurora.ims, com.qti.xdivert, com.qualcomm.qti.autoregistration, com.qti.confuridialer, com.qualcomm.qti.uim, com.android.providers.telephony, com.qualcomm.qti.ims, com.qualcomm.qti.telephonyservice]; permName: android.permission.ACCESS_COARSE_LOCATION; type = 1; res = -1; stacktrace=java.lang.Exception

06-11 23:19:16.999  1568  2056 I LSPosed-Bridge: 	at com.example.permlabel.requirePerm$1$2.afterHookedMethod(requirePerm.java:123)

06-11 23:19:16.999  1568  2056 I LSPosed-Bridge: 	at de.robv.android.xposed.XposedBridge$AdditionalHookInfo.callback(Unknown Source:147)

06-11 23:19:16.999  1568  2056 I LSPosed-Bridge: 	at LSPHooker_.checkPermission(Unknown Source:25)

06-11 23:19:16.999  1568  2056 I LSPosed-Bridge: 	at android.app.IActivityManager$Stub.onTransact(IActivityManager.java:664)

06-11 23:19:16.999  1568  2056 I LSPosed-Bridge: 	at com.android.server.am.ActivityManagerService.onTransact(ActivityManagerService.java:3346)

06-11 23:19:16.999  1568  2056 I LSPosed-Bridge: 	at android.os.Binder.execTransact(Binder.java:731)

06-11 23:19:16.999   560   560 I ConfigStore: android::hardware::configstore::V1_0::ISurfaceFlingerConfigs::hasHDRDisplay retrieved: 0

06-11 23:19:16.999   560   560 I ConfigStore: android::hardware::configstore::V1_0::ISurfaceFlingerConfigs::hasHDRDisplay retrieved: 0

06-11 23:19:17.000  1568  4760 I LSPosed-Bridge: 5580 PermLabel 10124 AMS.checkPermission: Binder.getCallingPid() = 5580; uid = 10124; Binder.getCallingUid() = 10124; getNameForUid: com.qihoo.appstore; getPackagesForUid: [com.qihoo.appstore]; permName: android.permission.BLUETOOTH_ADMIN; type = 0; res = 0; stacktrace=java.lang.Exception

06-11 23:19:17.000  1568  4760 I LSPosed-Bridge: 	at com.example.permlabel.requirePerm$1$2.afterHookedMethod(requirePerm.java:117)

06-11 23:19:17.000  1568  4760 I LSPosed-Bridge: 	at de.robv.android.xposed.XposedBridge$AdditionalHookInfo.callback(Unknown Source:147)

06-11 23:19:17.000  1568  4760 I LSPosed-Bridge: 	at LSPHooker_.checkPermission(Unknown Source:25)

06-11 23:19:17.000  1568  4760 I LSPosed-Bridge: 	at android.app.IActivityManager$Stub.onTransact(IActivityManager.java:664)

06-11 23:19:17.000  1568  4760 I LSPosed-Bridge: 	at com.android.server.am.ActivityManagerService.onTransact(ActivityManagerService.java:3346)

06-11 23:19:17.000  1568  4760 I LSPosed-Bridge: 	at android.os.Binder.execTransact(Binder.java:731)

06-11 23:19:17.000  1903  2047 I LSPosed-Bridge: 1903 PermLabel 1001 ContextImpl.checkPermission: pid = 5580; uid = 10124; permName: android.permission.ACCESS_COARSE_LOCATION; type = 1; res = -1; stacktrace=java.lang.Exception

06-11 23:19:17.000  1903  2047 I LSPosed-Bridge: 	at com.example.permlabel.requestPerm$2.afterHookedMethod(requestPerm.java:201)

06-11 23:19:17.000  1903  2047 I LSPosed-Bridge: 	at de.robv.android.xposed.XposedBridge$AdditionalHookInfo.callback(Unknown Source:147)

06-11 23:19:17.000  1903  2047 I LSPosed-Bridge: 	at LSPHooker_.checkPermission(Unknown Source:25)

06-11 23:19:17.000  1903  2047 I LSPosed-Bridge: 	at android.app.ContextImpl.enforcePermission(ContextImpl.java:1822)

06-11 23:19:17.000  1903  2047 I LSPosed-Bridge: 	at android.content.ContextWrapper.enforcePermission(ContextWrapper.java:765)

06-11 23:19:17.000  1903  2047 I LSPosed-Bridge: 	at android.content.ContextWrapper.enforcePermission(ContextWrapper.java:765)

06-11 23:19:17.000  1903  2047 I LSPosed-Bridge: 	at android.telephony.LocationAccessPolicy.canAccessCellLocation(LocationAccessPolicy.java:71)

06-11 23:19:17.000  1903  2047 I LSPosed-Bridge: 	at com.android.phone.PhoneInterfaceManager.getCellLocation(PhoneInterfaceManager.java:1696)

06-11 23:19:17.000  1903  2047 I LSPosed-Bridge: 	at com.android.internal.telephony.ITelephony$Stub.onTransact(ITelephony.java:465)

06-11 23:19:17.000  1903  2047 I LSPosed-Bridge: 	at android.os.Binder.execTransact(Binder.java:731)

06-11 23:19:17.000  5580  8559 I LSPosed-Bridge: 5580 PermLabel 10124; permName: android.permission.ACCESS_COARSE_LOCATION; getCellLocation res = null; stacktrace=java.lang.Exception

06-11 23:19:17.000  5580  8559 I LSPosed-Bridge: 	at com.example.permlabel.hookLocationExtra_test$3.afterHookedMethod(hookLocationExtra_test.java:52)

06-11 23:19:17.000  5580  8559 I LSPosed-Bridge: 	at de.robv.android.xposed.XposedBridge$AdditionalHookInfo.callback(Unknown Source:147)

06-11 23:19:17.000  5580  8559 I LSPosed-Bridge: 	at LSPHooker_.getCellLocation(Unknown Source:8)

06-11 23:19:17.000  5580  8559 I LSPosed-Bridge: 	at com.qihoo.utils.DeviceUtils.getCid(pm_22:6)

06-11 23:19:17.000  5580  8559 I LSPosed-Bridge: 	at pm_22.J.a(pm_22:119)

06-11 23:19:17.000  5580  8559 I LSPosed-Bridge: 	at pm_22.J.a(pm_22:17)

06-11 23:19:17.000  5580  8559 I LSPosed-Bridge: 	at pm_22.r.a(pm_22:17)

06-11 23:19:17.000  5580  8559 I LSPosed-Bridge: 	at pm_22.r.b(pm_22:4)

06-11 23:19:17.000  5580  8559 I LSPosed-Bridge: 	at pm_22.m.b(pm_22:7)

06-11 23:19:17.000  5580  8559 I LSPosed-Bridge: 	at pm_22.pb.a(pm_22:2)

06-11 23:19:17.000  5580  8559 I LSPosed-Bridge: 	at pm_22.ld.run(pm_22:15)

06-11 23:19:17.000  5580  8559 I LSPosed-Bridge: 	at pm_22.Ae.a(pm_22:58)

06-11 23:19:17.000  5580  8559 I LSPosed-Bridge: 	at pm_22.Ae.a(pm_22:4)

06-11 23:19:17.000  5580  8559 I LSPosed-Bridge: 	at pm_22.Ae$a.run(pm_22:43)

06-11 23:19:17.036   515   515 I QCamera : <HAL><INFO> closeCamera: 2485: [KPI Perf]: X PROFILE_CLOSE_CAMERA camera id 0, rc: 0

06-11 23:19:17.036  1568  7552 I LSPosed-Bridge: 5580 PermLabel 10124 AMS.checkPermission: Binder.getCallingPid() = 1903; uid = 10124; Binder.getCallingUid() = 1001; getNameForUid: android.uid.phone:1001; getPackagesForUid: [com.qualcomm.qti.callfeaturessetting, com.android.stk, com.qualcomm.qti.lpa, com.qualcomm.qcrilmsgtunnel, com.android.phone, com.qti.qualcomm.deviceinfo, com.qualcomm.simcontacts, com.qualcomm.qti.networksetting, com.android.mms.service, com.qti.qualcomm.datastatusnotification, org.codeaurora.ims, com.qti.xdivert, com.qualcomm.qti.autoregistration, com.qti.confuridialer, com.qualcomm.qti.uim, com.android.providers.telephony, com.qualcomm.qti.ims, com.qualcomm.qti.telephonyservice]; permName: android.permission.ACCESS_COARSE_LOCATION; type = 1; res = -1; stacktrace=java.lang.Exception

06-11 23:19:17.036  1568  7552 I LSPosed-Bridge: 	at com.example.permlabel.requirePerm$1$2.afterHookedMethod(requirePerm.java:123)

06-11 23:19:17.036  1568  7552 I LSPosed-Bridge: 	at de.robv.android.xposed.XposedBridge$AdditionalHookInfo.callback(Unknown Source:147)

06-11 23:19:17.036  1568  7552 I LSPosed-Bridge: 	at LSPHooker_.checkPermission(Unknown Source:25)

06-11 23:19:17.036  1568  7552 I LSPosed-Bridge: 	at android.app.IActivityManager$Stub.onTransact(IActivityManager.java:664)

06-11 23:19:17.036  1568  7552 I LSPosed-Bridge: 	at com.android.server.am.ActivityManagerService.onTransact(ActivityManagerService.java:3346)

06-11 23:19:17.036  1568  7552 I LSPosed-Bridge: 	at android.os.Binder.execTransact(Binder.java:731)

06-11 23:19:17.036  1568  1875 I LSPosed-Bridge: 5580 PermLabel 10124 AMS.checkPermission: Binder.getCallingPid() = 5580; uid = 10124; Binder.getCallingUid() = 10124; getNameForUid: com.qihoo.appstore; getPackagesForUid: [com.qihoo.appstore]; permName: android.permission.KILL_BACKGROUND_PROCESSES; type = 0; res = 0; stacktrace=java.lang.Exception

06-11 23:19:17.036  1568  1875 I LSPosed-Bridge: 	at com.example.permlabel.requirePerm$1$2.afterHookedMethod(requirePerm.java:117)

06-11 23:19:17.036  1568  1875 I LSPosed-Bridge: 	at de.robv.android.xposed.XposedBridge$AdditionalHookInfo.callback(Unknown Source:147)

06-11 23:19:17.036  1568  1875 I LSPosed-Bridge: 	at LSPHooker_.checkPermission(Unknown Source:25)

06-11 23:19:17.036  1568  1875 I LSPosed-Bridge: 	at android.app.IActivityManager$Stub.onTransact(IActivityManager.java:664)

06-11 23:19:17.036  1568  1875 I LSPosed-Bridge: 	at com.android.server.am.ActivityManagerService.onTransact(ActivityManagerService.java:3346)

06-11 23:19:17.036  1568  1875 I LSPosed-Bridge: 	at android.os.Binder.execTransact(Binder.java:731)

06-11 23:19:17.101  5580  8387 I LSPosed-Bridge: 5580 PermLabel 10124; permName: android.permission.ACCESS_COARSE_LOCATION; getCellLocation res = null; stacktrace=java.lang.Exception

06-11 23:19:17.101  5580  8387 I LSPosed-Bridge: 	at com.example.permlabel.hookLocationExtra_test$3.afterHookedMethod(hookLocationExtra_test.java:52)

06-11 23:19:17.101  5580  8387 I LSPosed-Bridge: 	at de.robv.android.xposed.XposedBridge$AdditionalHookInfo.callback(Unknown Source:147)

06-11 23:19:17.101  5580  8387 I LSPosed-Bridge: 	at LSPHooker_.getCellLocation(Unknown Source:8)

06-11 23:19:17.101  5580  8387 I LSPosed-Bridge: 	at com.qihoo.utils.DeviceUtils.getLac(AppStore:5)

06-11 23:19:17.101  5580  8387 I LSPosed-Bridge: 	at com.qihoo.utils.Wa.c(AppStore:1)

06-11 23:19:17.101  5580  8387 I LSPosed-Bridge: 	at com.qihoo360.common.helper.q.Y(AppStore:39)

06-11 23:19:17.101  5580  8387 I LSPosed-Bridge: 	at com.qihoo360.common.helper.q.a(AppStore:91)

06-11 23:19:17.101  5580  8387 I LSPosed-Bridge: 	at com.qihoo.appstore.appupdate.I.a(AppStore:139)

06-11 23:19:17.101  5580  8387 I LSPosed-Bridge: 	at com.qihoo.appstore.appupdate.I.a(AppStore:43)

06-11 23:19:17.101  5580  8387 I LSPosed-Bridge: 	at com.qihoo.appstore.appupdate.I.a(AppStore:18)

06-11 23:19:17.101  5580  8387 I LSPosed-Bridge: 	at com.qihoo.appstore.appupdate.y.run(AppStore:1)

06-11 23:19:17.101  5580  8387 I LSPosed-Bridge: 	at com.qihoo.utils.thread.d.run(AppStore:6)

