06-11 23:19:40.175 10080 10080 I LSPosed-Bridge: 10080 PermLabel 10124 declared dangerous_permissions =android.permission.READ_PHONE_STATE android.permission.READ_EXTERNAL_STORAGE android.permission.WRITE_EXTERNAL_STORAGE android.permission.ACCESS_COARSE_LOCATION android.permission.ACCESS_FINE_LOCATION android.permission.CALL_PHONE android.permission.READ_CALL_LOG android.permission.WRITE_CALL_LOG android.permission.PROCESS_OUTGOING_CALLS android.permission.ANSWER_PHONE_CALLS android.permission.READ_CONTACTS android.permission.WRITE_CONTACTS android.permission.READ_SMS android.permission.SEND_SMS android.permission.RECEIVE_SMS android.permission.READ_CALENDAR android.permission.WRITE_CALENDAR android.permission.CAMERA android.permission.READ_CELL_BROADCASTS android.permission.READ_PHONE_NUMBERS android.permission.GET_ACCOUNTS 

06-11 23:19:40.175 10080 10080 I LSPosed-Bridge: 10080 PermLabel 10124 declared dangerous_permissions =android.permission.READ_PHONE_STATE android.permission.READ_EXTERNAL_STORAGE android.permission.WRITE_EXTERNAL_STORAGE android.permission.ACCESS_COARSE_LOCATION android.permission.ACCESS_FINE_LOCATION android.permission.CALL_PHONE android.permission.READ_CALL_LOG android.permission.WRITE_CALL_LOG android.permission.PROCESS_OUTGOING_CALLS android.permission.ANSWER_PHONE_CALLS android.permission.READ_CONTACTS android.permission.WRITE_CONTACTS android.permission.READ_SMS android.permission.SEND_SMS android.permission.RECEIVE_SMS android.permission.READ_CALENDAR android.permission.WRITE_CALENDAR android.permission.CAMERA android.permission.READ_CELL_BROADCASTS android.permission.READ_PHONE_NUMBERS android.permission.GET_ACCOUNTS 

06-11 23:19:40.175 10080 10080 I LSPosed-Bridge: 10080 PermLabel 10124 declared dangerous_group =Telephone Storage Storage Location Location Telephone Call logs Call logs Call logs Telephone Contacts Contacts SMS SMS SMS Calendar Calendar Camera SMS Telephone Contacts 

06-11 23:19:40.175 10080 10080 I LSPosed-Bridge: 10080 PermLabel 10124 declared dangerous_group =Telephone Storage Storage Location Location Telephone Call logs Call logs Call logs Telephone Contacts Contacts SMS SMS SMS Calendar Calendar Camera SMS Telephone Contacts 

06-11 23:19:47.602  1568  1715 I LSPosed-Bridge: 5580 PermLabel 10124 AMS.checkPermission: Binder.getCallingPid() = 5580; uid = 10124; Binder.getCallingUid() = 10124; getNameForUid: com.qihoo.appstore; getPackagesForUid: [com.qihoo.appstore]; permName: android.permission.ACCESS_NETWORK_STATE; type = 0; res = 0; stacktrace=java.lang.Exception

06-11 23:19:47.602  1568  1715 I LSPosed-Bridge: 	at com.example.permlabel.requirePerm$1$2.afterHookedMethod(requirePerm.java:117)

06-11 23:19:47.602  1568  1715 I LSPosed-Bridge: 	at de.robv.android.xposed.XposedBridge$AdditionalHookInfo.callback(Unknown Source:147)

06-11 23:19:47.602  1568  1715 I LSPosed-Bridge: 	at LSPHooker_.checkPermission(Unknown Source:25)

06-11 23:19:47.602  1568  1715 I LSPosed-Bridge: 	at android.app.ContextImpl.checkPermission(ContextImpl.java:1751)

06-11 23:19:47.602  1568  1715 I LSPosed-Bridge: 	at android.app.ContextImpl.checkCallingOrSelfPermission(ContextImpl.java:1791)

06-11 23:19:47.602  1568  1715 I LSPosed-Bridge: 	at android.app.ContextImpl.enforceCallingOrSelfPermission(ContextImpl.java:1841)

06-11 23:19:47.602  1568  1715 I LSPosed-Bridge: 	at com.android.server.ConnectivityService.enforceAccessPermission(ConnectivityService.java:1672)

06-11 23:19:47.602  1568  1715 I LSPosed-Bridge: 	at com.android.server.ConnectivityService.getActiveNetworkInfo(ConnectivityService.java:1178)

06-11 23:19:47.602  1568  1715 I LSPosed-Bridge: 	at android.net.IConnectivityManager$Stub.onTransact(IConnectivityManager.java:85)

06-11 23:19:47.602  1568  1715 I LSPosed-Bridge: 	at android.os.Binder.execTransact(Binder.java:731)

06-11 23:19:47.602 10440 10440 W webview_servic: JIT profile information will not be recorded: profile file does not exits.

06-11 23:19:47.602  1568  7247 I LSPosed-Bridge: 5580 PermLabel 10124 AMS.checkPermission: Binder.getCallingPid() = 1903; uid = 10124; Binder.getCallingUid() = 1001; getNameForUid: android.uid.phone:1001; getPackagesForUid: [com.qualcomm.qti.callfeaturessetting, com.android.stk, com.qualcomm.qti.lpa, com.qualcomm.qcrilmsgtunnel, com.android.phone, com.qti.qualcomm.deviceinfo, com.qualcomm.simcontacts, com.qualcomm.qti.networksetting, com.android.mms.service, com.qti.qualcomm.datastatusnotification, org.codeaurora.ims, com.qti.xdivert, com.qualcomm.qti.autoregistration, com.qti.confuridialer, com.qualcomm.qti.uim, com.android.providers.telephony, com.qualcomm.qti.ims, com.qualcomm.qti.telephonyservice]; permName: android.permission.ACCESS_COARSE_LOCATION; type = 1; res = -1; stacktrace=java.lang.Exception

06-11 23:19:47.602  1568  7247 I LSPosed-Bridge: 	at com.example.permlabel.requirePerm$1$2.afterHookedMethod(requirePerm.java:123)

06-11 23:19:47.602  1568  7247 I LSPosed-Bridge: 	at de.robv.android.xposed.XposedBridge$AdditionalHookInfo.callback(Unknown Source:147)

06-11 23:19:47.602  1568  7247 I LSPosed-Bridge: 	at LSPHooker_.checkPermission(Unknown Source:25)

06-11 23:19:47.602  1568  7247 I LSPosed-Bridge: 	at android.app.IActivityManager$Stub.onTransact(IActivityManager.java:664)

06-11 23:19:47.602  1568  7247 I LSPosed-Bridge: 	at com.android.server.am.ActivityManagerService.onTransact(ActivityManagerService.java:3346)

06-11 23:19:47.602  1568  7247 I LSPosed-Bridge: 	at android.os.Binder.execTransact(Binder.java:731)

06-11 23:19:47.608  5580  5580 I LSPosed-Bridge: 5580 PermLabel 10124; permName: android.permission.ACCESS_COARSE_LOCATION; getCellLocation res = null; stacktrace=java.lang.Exception

06-11 23:19:47.608  5580  5580 I LSPosed-Bridge: 	at com.example.permlabel.hookLocationExtra_test$3.afterHookedMethod(hookLocationExtra_test.java:52)

06-11 23:19:47.608  5580  5580 I LSPosed-Bridge: 	at de.robv.android.xposed.XposedBridge$AdditionalHookInfo.callback(Unknown Source:147)

06-11 23:19:47.608  5580  5580 I LSPosed-Bridge: 	at LSPHooker_.getCellLocation(Unknown Source:8)

06-11 23:19:47.608  5580  5580 I LSPosed-Bridge: 	at com.qihoo.utils.DeviceUtils.getLac(recommend_516:5)

06-11 23:19:47.608  5580  5580 I LSPosed-Bridge: 	at recommend_516.JE.b(recommend_516:1)

06-11 23:19:47.608  5580  5580 I LSPosed-Bridge: 	at recommend_516.IH.g(recommend_516:40)

06-11 23:19:47.608  5580  5580 I LSPosed-Bridge: 	at recommend_516.IH.a(recommend_516:25)

06-11 23:19:47.608  5580  5580 I LSPosed-Bridge: 	at recommend_516.IH.c(recommend_516:13)

06-11 23:19:47.608  5580  5580 I LSPosed-Bridge: 	at recommend_516.hH.h(recommend_516:3)

06-11 23:19:47.608  5580  5580 I LSPosed-Bridge: 	at recommend_516.hH.f(recommend_516:4)

06-11 23:19:47.608  5580  5580 I LSPosed-Bridge: 	at com.qihoo360.mobilesafe.recommend.RecommendApplication.onCreate(recommend_516:12)

06-11 23:19:47.608  5580  5580 I LSPosed-Bridge: 	at com.qihoo360.replugin.component.a.b.a(AppStore:13)

06-11 23:19:47.608  5580  5580 I LSPosed-Bridge: 	at com.qihoo360.loader2.s.e(AppStore:11)

06-11 23:19:47.608  5580  5580 I LSPosed-Bridge: 	at com.qihoo360.loader2.s.a(AppStore:1)

06-11 23:19:47.608  5580  5580 I LSPosed-Bridge: 	at com.qihoo360.loader2.r.run(AppStore:1)

06-11 23:19:47.608  5580  5580 I LSPosed-Bridge: 	at android.os.Handler.handleCallback(Handler.java:873)

06-11 23:19:47.608  5580  5580 I LSPosed-Bridge: 	at android.os.Handler.dispatchMessage(Handler.java:99)

06-11 23:19:47.608  5580  5580 I LSPosed-Bridge: 	at android.os.Looper.loop(Looper.java:193)

06-11 23:19:47.608  5580  5580 I LSPosed-Bridge: 	at android.app.ActivityThread.main(ActivityThread.java:6692)

06-11 23:19:47.608  5580  5580 I LSPosed-Bridge: 	at java.lang.reflect.Method.invoke(Native Method)

06-11 23:19:47.608  5580  5580 I LSPosed-Bridge: 	at com.android.internal.os.RuntimeInit$MethodAndArgsCaller.run(RuntimeInit.java:493)

06-11 23:19:47.608  5580  5580 I LSPosed-Bridge: 	at com.android.internal.os.ZygoteInit.main(ZygoteInit.java:858)

06-11 23:19:47.618  1568  7247 I LSPosed-Bridge: 5580 PermLabel 10124 AMS.checkPermission: Binder.getCallingPid() = 1903; uid = 10124; Binder.getCallingUid() = 1001; getNameForUid: android.uid.phone:1001; getPackagesForUid: [com.qualcomm.qti.callfeaturessetting, com.android.stk, com.qualcomm.qti.lpa, com.qualcomm.qcrilmsgtunnel, com.android.phone, com.qti.qualcomm.deviceinfo, com.qualcomm.simcontacts, com.qualcomm.qti.networksetting, com.android.mms.service, com.qti.qualcomm.datastatusnotification, org.codeaurora.ims, com.qti.xdivert, com.qualcomm.qti.autoregistration, com.qti.confuridialer, com.qualcomm.qti.uim, com.android.providers.telephony, com.qualcomm.qti.ims, com.qualcomm.qti.telephonyservice]; permName: android.permission.ACCESS_COARSE_LOCATION; type = 1; res = -1; stacktrace=java.lang.Exception

06-11 23:19:47.618  1568  7247 I LSPosed-Bridge: 	at com.example.permlabel.requirePerm$1$2.afterHookedMethod(requirePerm.java:123)

06-11 23:19:47.618  1568  7247 I LSPosed-Bridge: 	at de.robv.android.xposed.XposedBridge$AdditionalHookInfo.callback(Unknown Source:147)

06-11 23:19:47.618  1568  7247 I LSPosed-Bridge: 	at LSPHooker_.checkPermission(Unknown Source:25)

06-11 23:19:47.618  1568  7247 I LSPosed-Bridge: 	at android.app.IActivityManager$Stub.onTransact(IActivityManager.java:664)

06-11 23:19:47.618  1568  7247 I LSPosed-Bridge: 	at com.android.server.am.ActivityManagerService.onTransact(ActivityManagerService.java:3346)

06-11 23:19:47.618  1568  7247 I LSPosed-Bridge: 	at android.os.Binder.execTransact(Binder.java:731)

06-11 23:19:47.622  5580  5580 I LSPosed-Bridge: 5580 PermLabel 10124; permName: android.permission.ACCESS_COARSE_LOCATION; getCellLocation res = null; stacktrace=java.lang.Exception

06-11 23:19:47.622  5580  5580 I LSPosed-Bridge: 	at com.example.permlabel.hookLocationExtra_test$3.afterHookedMethod(hookLocationExtra_test.java:52)

06-11 23:19:47.622  5580  5580 I LSPosed-Bridge: 	at de.robv.android.xposed.XposedBridge$AdditionalHookInfo.callback(Unknown Source:147)

06-11 23:19:47.622  5580  5580 I LSPosed-Bridge: 	at LSPHooker_.getCellLocation(Unknown Source:8)

06-11 23:19:47.622  5580  5580 I LSPosed-Bridge: 	at com.qihoo.utils.DeviceUtils.getCid(recommend_516:5)

06-11 23:19:47.622  5580  5580 I LSPosed-Bridge: 	at recommend_516.JE.a(recommend_516:1)

06-11 23:19:47.622  5580  5580 I LSPosed-Bridge: 	at recommend_516.IH.g(recommend_516:41)

06-11 23:19:47.622  5580  5580 I LSPosed-Bridge: 	at recommend_516.IH.a(recommend_516:25)

06-11 23:19:47.622  5580  5580 I LSPosed-Bridge: 	at recommend_516.IH.c(recommend_516:13)

06-11 23:19:47.622  5580  5580 I LSPosed-Bridge: 	at recommend_516.hH.h(recommend_516:3)

06-11 23:19:47.622  5580  5580 I LSPosed-Bridge: 	at recommend_516.hH.f(recommend_516:4)

06-11 23:19:47.622  5580  5580 I LSPosed-Bridge: 	at com.qihoo360.mobilesafe.recommend.RecommendApplication.onCreate(recommend_516:12)

06-11 23:19:47.622  5580  5580 I LSPosed-Bridge: 	at com.qihoo360.replugin.component.a.b.a(AppStore:13)

06-11 23:19:47.622  5580  5580 I LSPosed-Bridge: 	at com.qihoo360.loader2.s.e(AppStore:11)

06-11 23:19:47.622  5580  5580 I LSPosed-Bridge: 	at com.qihoo360.loader2.s.a(AppStore:1)

06-11 23:19:47.622  5580  5580 I LSPosed-Bridge: 	at com.qihoo360.loader2.r.run(AppStore:1)

06-11 23:19:47.622  5580  5580 I LSPosed-Bridge: 	at android.os.Handler.handleCallback(Handler.java:873)

06-11 23:19:47.622  5580  5580 I LSPosed-Bridge: 	at android.os.Handler.dispatchMessage(Handler.java:99)

06-11 23:19:47.622  5580  5580 I LSPosed-Bridge: 	at android.os.Looper.loop(Looper.java:193)

06-11 23:19:47.622  5580  5580 I LSPosed-Bridge: 	at android.app.ActivityThread.main(ActivityThread.java:6692)

06-11 23:19:47.622  5580  5580 I LSPosed-Bridge: 	at java.lang.reflect.Method.invoke(Native Method)

06-11 23:19:47.622  5580  5580 I LSPosed-Bridge: 	at com.android.internal.os.RuntimeInit$MethodAndArgsCaller.run(RuntimeInit.java:493)

06-11 23:19:47.622  5580  5580 I LSPosed-Bridge: 	at com.android.internal.os.ZygoteInit.main(ZygoteInit.java:858)

06-11 23:19:47.650  1568  7247 I LSPosed-Bridge: 5580 PermLabel 10124 AMS.checkPermission: Binder.getCallingPid() = 1903; uid = 10124; Binder.getCallingUid() = 1001; getNameForUid: android.uid.phone:1001; getPackagesForUid: [com.qualcomm.qti.callfeaturessetting, com.android.stk, com.qualcomm.qti.lpa, com.qualcomm.qcrilmsgtunnel, com.android.phone, com.qti.qualcomm.deviceinfo, com.qualcomm.simcontacts, com.qualcomm.qti.networksetting, com.android.mms.service, com.qti.qualcomm.datastatusnotification, org.codeaurora.ims, com.qti.xdivert, com.qualcomm.qti.autoregistration, com.qti.confuridialer, com.qualcomm.qti.uim, com.android.providers.telephony, com.qualcomm.qti.ims, com.qualcomm.qti.telephonyservice]; permName: android.permission.ACCESS_COARSE_LOCATION; type = 1; res = -1; stacktrace=java.lang.Exception

06-11 23:19:47.650  1568  7247 I LSPosed-Bridge: 	at com.example.permlabel.requirePerm$1$2.afterHookedMethod(requirePerm.java:123)

06-11 23:19:47.650  1568  7247 I LSPosed-Bridge: 	at de.robv.android.xposed.XposedBridge$AdditionalHookInfo.callback(Unknown Source:147)

06-11 23:19:47.650  1568  7247 I LSPosed-Bridge: 	at LSPHooker_.checkPermission(Unknown Source:25)

06-11 23:19:47.650  1568  7247 I LSPosed-Bridge: 	at android.app.IActivityManager$Stub.onTransact(IActivityManager.java:664)

06-11 23:19:47.650  1568  7247 I LSPosed-Bridge: 	at com.android.server.am.ActivityManagerService.onTransact(ActivityManagerService.java:3346)

06-11 23:19:47.650  1568  7247 I LSPosed-Bridge: 	at android.os.Binder.execTransact(Binder.java:731)

06-11 23:19:47.650   560   560 I ConfigStore: android::hardware::configstore::V1_0::ISurfaceFlingerConfigs::hasHDRDisplay retrieved: 0

06-11 23:19:47.660  5580  8863 I LSPosed-Bridge: 5580 PermLabel 10124; permName: android.permission.ACCESS_COARSE_LOCATION; getCellLocation res = null; stacktrace=java.lang.Exception

06-11 23:19:47.660  5580  8863 I LSPosed-Bridge: 	at com.example.permlabel.hookLocationExtra_test$3.afterHookedMethod(hookLocationExtra_test.java:52)

06-11 23:19:47.660  5580  8863 I LSPosed-Bridge: 	at de.robv.android.xposed.XposedBridge$AdditionalHookInfo.callback(Unknown Source:147)

06-11 23:19:47.660  5580  8863 I LSPosed-Bridge: 	at LSPHooker_.getCellLocation(Unknown Source:8)

06-11 23:19:47.660  5580  8863 I LSPosed-Bridge: 	at com.qihoo.utils.DeviceUtils.getLac(AppStore:5)

06-11 23:19:47.660  5580  8863 I LSPosed-Bridge: 	at com.qihoo.utils.Wa.c(AppStore:1)

06-11 23:19:47.660  5580  8863 I LSPosed-Bridge: 	at com.qihoo360.common.helper.a.b.g(AppStore:8)

06-11 23:19:47.660  5580  8863 I LSPosed-Bridge: 	at com.qihoo360.common.helper.a.b.d(AppStore:3)

06-11 23:19:47.660  5580  8863 I LSPosed-Bridge: 	at com.qihoo360.common.helper.a.b.a(AppStore:1)

06-11 23:19:47.660  5580  8863 I LSPosed-Bridge: 	at com.qihoo.appstore.N.a.f.onRequestInterceptor(AppStore:10)

06-11 23:19:47.660  5580  8863 I LSPosed-Bridge: 	at com.android.volleypro.interceptor.InterceptorManager.processRequestInterceptor(AppStore:3)

06-11 23:19:47.660  5580  8863 I LSPosed-Bridge: 	at com.android.volleypro.toolbox.VolleyBasicNetwork.performRequest(AppStore:9)

06-11 23:19:47.660  5580  8863 I LSPosed-Bridge: 	at com.android.volleypro.toolbox.NetworkDispatcherSafe.run(AppStore:9)

06-11 23:19:47.670  1568  7247 I LSPosed-Bridge: 5580 PermLabel 10124 AMS.checkPermission: Binder.getCallingPid() = 1903; uid = 10124; Binder.getCallingUid() = 1001; getNameForUid: android.uid.phone:1001; getPackagesForUid: [com.qualcomm.qti.callfeaturessetting, com.android.stk, com.qualcomm.qti.lpa, com.qualcomm.qcrilmsgtunnel, com.android.phone, com.qti.qualcomm.deviceinfo, com.qualcomm.simcontacts, com.qualcomm.qti.networksetting, com.android.mms.service, com.qti.qualcomm.datastatusnotification, org.codeaurora.ims, com.qti.xdivert, com.qualcomm.qti.autoregistration, com.qti.confuridialer, com.qualcomm.qti.uim, com.android.providers.telephony, com.qualcomm.qti.ims, com.qualcomm.qti.telephonyservice]; permName: android.permission.ACCESS_COARSE_LOCATION; type = 1; res = -1; stacktrace=java.lang.Exception

06-11 23:19:47.670  1568  7247 I LSPosed-Bridge: 	at com.example.permlabel.requirePerm$1$2.afterHookedMethod(requirePerm.java:123)

06-11 23:19:47.670  1568  7247 I LSPosed-Bridge: 	at de.robv.android.xposed.XposedBridge$AdditionalHookInfo.callback(Unknown Source:147)

06-11 23:19:47.670  1568  7247 I LSPosed-Bridge: 	at LSPHooker_.checkPermission(Unknown Source:25)

06-11 23:19:47.670  1568  7247 I LSPosed-Bridge: 	at android.app.IActivityManager$Stub.onTransact(IActivityManager.java:664)

06-11 23:19:47.670  1568  7247 I LSPosed-Bridge: 	at com.android.server.am.ActivityManagerService.onTransact(ActivityManagerService.java:3346)

06-11 23:19:47.670  1568  7247 I LSPosed-Bridge: 	at android.os.Binder.execTransact(Binder.java:731)

06-11 23:19:47.674  5580  8863 I LSPosed-Bridge: 5580 PermLabel 10124; permName: android.permission.ACCESS_COARSE_LOCATION; getCellLocation res = null; stacktrace=java.lang.Exception

06-11 23:19:47.674  5580  8863 I LSPosed-Bridge: 	at com.example.permlabel.hookLocationExtra_test$3.afterHookedMethod(hookLocationExtra_test.java:52)

06-11 23:19:47.674  5580  8863 I LSPosed-Bridge: 	at de.robv.android.xposed.XposedBridge$AdditionalHookInfo.callback(Unknown Source:147)

06-11 23:19:47.674  5580  8863 I LSPosed-Bridge: 	at LSPHooker_.getCellLocation(Unknown Source:8)

06-11 23:19:47.674  5580  8863 I LSPosed-Bridge: 	at com.qihoo.utils.DeviceUtils.getCid(AppStore:5)

06-11 23:19:47.674  5580  8863 I LSPosed-Bridge: 	at com.qihoo.utils.Wa.a(AppStore:3)

06-11 23:19:47.674  5580  8863 I LSPosed-Bridge: 	at com.qihoo360.common.helper.a.b.g(AppStore:9)

06-11 23:19:47.674  5580  8863 I LSPosed-Bridge: 	at com.qihoo360.common.helper.a.b.d(AppStore:3)

06-11 23:19:47.674  5580  8863 I LSPosed-Bridge: 	at com.qihoo360.common.helper.a.b.a(AppStore:1)

06-11 23:19:47.674  5580  8863 I LSPosed-Bridge: 	at com.qihoo.appstore.N.a.f.onRequestInterceptor(AppStore:10)

06-11 23:19:47.674  5580  8863 I LSPosed-Bridge: 	at com.android.volleypro.interceptor.InterceptorManager.processRequestInterceptor(AppStore:3)

06-11 23:19:47.674  5580  8863 I LSPosed-Bridge: 	at com.android.volleypro.toolbox.VolleyBasicNetwork.performRequest(AppStore:9)

06-11 23:19:47.674  5580  8863 I LSPosed-Bridge: 	at com.android.volleypro.toolbox.NetworkDispatcherSafe.run(AppStore:9)

06-11 23:19:48.625  1568  1581 I LSPosed-Bridge: 5580 PermLabel 10124 AMS.checkPermission: Binder.getCallingPid() = 1903; uid = 10124; Binder.getCallingUid() = 1001; getNameForUid: android.uid.phone:1001; getPackagesForUid: [com.qualcomm.qti.callfeaturessetting, com.android.stk, com.qualcomm.qti.lpa, com.qualcomm.qcrilmsgtunnel, com.android.phone, com.qti.qualcomm.deviceinfo, com.qualcomm.simcontacts, com.qualcomm.qti.networksetting, com.android.mms.service, com.qti.qualcomm.datastatusnotification, org.codeaurora.ims, com.qti.xdivert, com.qualcomm.qti.autoregistration, com.qti.confuridialer, com.qualcomm.qti.uim, com.android.providers.telephony, com.qualcomm.qti.ims, com.qualcomm.qti.telephonyservice]; permName: android.permission.ACCESS_COARSE_LOCATION; type = 1; res = -1; stacktrace=java.lang.Exception

06-11 23:19:48.625  1568  1581 I LSPosed-Bridge: 	at com.example.permlabel.requirePerm$1$2.afterHookedMethod(requirePerm.java:123)

06-11 23:19:48.625  1568  1581 I LSPosed-Bridge: 	at de.robv.android.xposed.XposedBridge$AdditionalHookInfo.callback(Unknown Source:147)

06-11 23:19:48.625  1568  1581 I LSPosed-Bridge: 	at LSPHooker_.checkPermission(Unknown Source:25)

06-11 23:19:48.625  1568  1581 I LSPosed-Bridge: 	at android.app.IActivityManager$Stub.onTransact(IActivityManager.java:664)

06-11 23:19:48.625  1568  1581 I LSPosed-Bridge: 	at com.android.server.am.ActivityManagerService.onTransact(ActivityManagerService.java:3346)

06-11 23:19:48.625  1568  1581 I LSPosed-Bridge: 	at android.os.Binder.execTransact(Binder.java:731)

06-11 23:19:48.625  1568  7247 I LSPosed-Bridge: 5580 PermLabel 10124 AMS.checkPermission: Binder.getCallingPid() = 5580; uid = 10124; Binder.getCallingUid() = 10124; getNameForUid: com.qihoo.appstore; getPackagesForUid: [com.qihoo.appstore]; permName: android.permission.ACCESS_NETWORK_STATE; type = 0; res = 0; stacktrace=java.lang.Exception

06-11 23:19:48.625  1568  7247 I LSPosed-Bridge: 	at com.example.permlabel.requirePerm$1$2.afterHookedMethod(requirePerm.java:117)

06-11 23:19:48.625  1568  7247 I LSPosed-Bridge: 	at de.robv.android.xposed.XposedBridge$AdditionalHookInfo.callback(Unknown Source:147)

06-11 23:19:48.625  1568  7247 I LSPosed-Bridge: 	at LSPHooker_.checkPermission(Unknown Source:25)

06-11 23:19:48.625  1568  7247 I LSPosed-Bridge: 	at android.app.ContextImpl.checkPermission(ContextImpl.java:1751)

06-11 23:19:48.625  1568  7247 I LSPosed-Bridge: 	at android.app.ContextImpl.checkCallingOrSelfPermission(ContextImpl.java:1791)

06-11 23:19:48.625  1568  7247 I LSPosed-Bridge: 	at android.app.ContextImpl.enforceCallingOrSelfPermission(ContextImpl.java:1841)

06-11 23:19:48.625  1568  7247 I LSPosed-Bridge: 	at com.android.server.ConnectivityService.enforceAccessPermission(ConnectivityService.java:1672)

06-11 23:19:48.625  1568  7247 I LSPosed-Bridge: 	at com.android.server.ConnectivityService.getNetworkCapabilities(ConnectivityService.java:1424)

06-11 23:19:48.625  1568  7247 I LSPosed-Bridge: 	at android.net.IConnectivityManager$Stub.onTransact(IConnectivityManager.java:268)

06-11 23:19:48.625  1568  7247 I LSPosed-Bridge: 	at android.os.Binder.execTransact(Binder.java:731)

06-11 23:19:48.628  5580  9626 I LSPosed-Bridge: 5580 PermLabel 10124; permName: android.permission.ACCESS_COARSE_LOCATION; getCellLocation res = null; stacktrace=java.lang.Exception

06-11 23:19:48.628  5580  9626 I LSPosed-Bridge: 	at com.example.permlabel.hookLocationExtra_test$3.afterHookedMethod(hookLocationExtra_test.java:52)

06-11 23:19:48.628  5580  9626 I LSPosed-Bridge: 	at de.robv.android.xposed.XposedBridge$AdditionalHookInfo.callback(Unknown Source:147)

06-11 23:19:48.628  5580  9626 I LSPosed-Bridge: 	at LSPHooker_.getCellLocation(Unknown Source:8)

06-11 23:19:48.628  5580  9626 I LSPosed-Bridge: 	at com.qihoo.utils.DeviceUtils.getLac(notification_controller_158:5)

06-11 23:19:48.628  5580  9626 I LSPosed-Bridge: 	at com.qihoo.utils.S.b(notification_controller_158:1)

06-11 23:19:48.628  5580  9626 I LSPosed-Bridge: 	at com.qihoo360.common.helper.m.l(notification_controller_158:39)

06-11 23:19:48.628  5580  9626 I LSPosed-Bridge: 	at com.qihoo360.common.helper.m.a(notification_controller_158:21)

06-11 23:19:48.628  5580  9626 I LSPosed-Bridge: 	at com.qihoo.appstore.notification.controller.pullwrapper.manager.b.d(notification_controller_158:1)

06-11 23:19:48.628  5580  9626 I LSPosed-Bridge: 	at com.qihoo.appstore.notification.controller.tasks.PullTask$start$1.invokeSuspend(notification_controller_158:18)

06-11 23:19:48.628  5580  9626 I LSPosed-Bridge: 	at kotlin.coroutines.jvm.internal.BaseContinuationImpl.resumeWith(notification_controller_158:3)

06-11 23:19:48.628  5580  9626 I LSPosed-Bridge: 	at kotlinx.coroutines.Q.run(notification_controller_158:22)

06-11 23:19:48.628  5580  9626 I LSPosed-Bridge: 	at kotlinx.coroutines.scheduling.CoroutineScheduler.a(notification_controller_158:31)

06-11 23:19:48.628  5580  9626 I LSPosed-Bridge: 	at kotlinx.coroutines.scheduling.CoroutineScheduler$c.a(notification_controller_158:18)

06-11 23:19:48.628  5580  9626 I LSPosed-Bridge: 	at kotlinx.coroutines.scheduling.CoroutineScheduler$c.f(notification_controller_158:4)

06-11 23:19:48.628  5580  9626 I LSPosed-Bridge: 	at kotlinx.coroutines.scheduling.CoroutineScheduler$c.run(notification_controller_158:1)

06-11 23:19:48.643  1568  7247 I LSPosed-Bridge: 5580 PermLabel 10124 AMS.checkPermission: Binder.getCallingPid() = 1903; uid = 10124; Binder.getCallingUid() = 1001; getNameForUid: android.uid.phone:1001; getPackagesForUid: [com.qualcomm.qti.callfeaturessetting, com.android.stk, com.qualcomm.qti.lpa, com.qualcomm.qcrilmsgtunnel, com.android.phone, com.qti.qualcomm.deviceinfo, com.qualcomm.simcontacts, com.qualcomm.qti.networksetting, com.android.mms.service, com.qti.qualcomm.datastatusnotification, org.codeaurora.ims, com.qti.xdivert, com.qualcomm.qti.autoregistration, com.qti.confuridialer, com.qualcomm.qti.uim, com.android.providers.telephony, com.qualcomm.qti.ims, com.qualcomm.qti.telephonyservice]; permName: android.permission.ACCESS_COARSE_LOCATION; type = 1; res = -1; stacktrace=java.lang.Exception

06-11 23:19:48.643  1568  7247 I LSPosed-Bridge: 	at com.example.permlabel.requirePerm$1$2.afterHookedMethod(requirePerm.java:123)

06-11 23:19:48.643  1568  7247 I LSPosed-Bridge: 	at de.robv.android.xposed.XposedBridge$AdditionalHookInfo.callback(Unknown Source:147)

06-11 23:19:48.643  1568  7247 I LSPosed-Bridge: 	at LSPHooker_.checkPermission(Unknown Source:25)

06-11 23:19:48.643  1568  7247 I LSPosed-Bridge: 	at android.app.IActivityManager$Stub.onTransact(IActivityManager.java:664)

06-11 23:19:48.643  1568  7247 I LSPosed-Bridge: 	at com.android.server.am.ActivityManagerService.onTransact(ActivityManagerService.java:3346)

06-11 23:19:48.643  1568  7247 I LSPosed-Bridge: 	at android.os.Binder.execTransact(Binder.java:731)

06-11 23:19:48.649  5580  8557 I LSPosed-Bridge: 5580 PermLabel 10124; permName: android.permission.ACCESS_COARSE_LOCATION; getCellLocation res = null; stacktrace=java.lang.Exception

06-11 23:19:48.649  5580  8557 I LSPosed-Bridge: 	at com.example.permlabel.hookLocationExtra_test$3.afterHookedMethod(hookLocationExtra_test.java:52)

06-11 23:19:48.649  5580  8557 I LSPosed-Bridge: 	at de.robv.android.xposed.XposedBridge$AdditionalHookInfo.callback(Unknown Source:147)

06-11 23:19:48.649  5580  8557 I LSPosed-Bridge: 	at LSPHooker_.getCellLocation(Unknown Source:8)

06-11 23:19:48.649  5580  8557 I LSPosed-Bridge: 	at com.qihoo.utils.DeviceUtils.getLac(pm_22:6)

06-11 23:19:48.649  5580  8557 I LSPosed-Bridge: 	at pm_22.J.a(pm_22:116)

06-11 23:19:48.649  5580  8557 I LSPosed-Bridge: 	at pm_22.J.a(pm_22:17)

06-11 23:19:48.649  5580  8557 I LSPosed-Bridge: 	at pm_22.r.a(pm_22:17)

06-11 23:19:48.649  5580  8557 I LSPosed-Bridge: 	at pm_22.X.a(pm_22:86)

06-11 23:19:48.649  5580  8557 I LSPosed-Bridge: 	at pm_22.X.a(pm_22:107)

06-11 23:19:48.649  5580  8557 I LSPosed-Bridge: 	at pm_22.X.b(pm_22:17)

06-11 23:19:48.649  5580  8557 I LSPosed-Bridge: 	at pm_22.Q.b(Unknown Source:11)

06-11 23:19:48.649  5580  8557 I LSPosed-Bridge: 	at pm_22.pb.a(pm_22:2)

06-11 23:19:48.649  5580  8557 I LSPosed-Bridge: 	at pm_22.ld.run(pm_22:15)

06-11 23:19:48.649  5580  8557 I LSPosed-Bridge: 	at pm_22.Ae.a(pm_22:58)

06-11 23:19:48.649  5580  8557 I LSPosed-Bridge: 	at pm_22.Ae.a(pm_22:4)

06-11 23:19:48.649  5580  8557 I LSPosed-Bridge: 	at pm_22.Ae$a.run(pm_22:43)

06-11 23:19:48.686  1568  3659 I LSPosed-Bridge: 5580 PermLabel 10124 AMS.checkPermission: Binder.getCallingPid() = 1903; uid = 10124; Binder.getCallingUid() = 1001; getNameForUid: android.uid.phone:1001; getPackagesForUid: [com.qualcomm.qti.callfeaturessetting, com.android.stk, com.qualcomm.qti.lpa, com.qualcomm.qcrilmsgtunnel, com.android.phone, com.qti.qualcomm.deviceinfo, com.qualcomm.simcontacts, com.qualcomm.qti.networksetting, com.android.mms.service, com.qti.qualcomm.datastatusnotification, org.codeaurora.ims, com.qti.xdivert, com.qualcomm.qti.autoregistration, com.qti.confuridialer, com.qualcomm.qti.uim, com.android.providers.telephony, com.qualcomm.qti.ims, com.qualcomm.qti.telephonyservice]; permName: android.permission.ACCESS_COARSE_LOCATION; type = 1; res = -1; stacktrace=java.lang.Exception

06-11 23:19:48.686  1568  3659 I LSPosed-Bridge: 	at com.example.permlabel.requirePerm$1$2.afterHookedMethod(requirePerm.java:123)

06-11 23:19:48.686  1568  3659 I LSPosed-Bridge: 	at de.robv.android.xposed.XposedBridge$AdditionalHookInfo.callback(Unknown Source:147)

06-11 23:19:48.686  1568  3659 I LSPosed-Bridge: 	at LSPHooker_.checkPermission(Unknown Source:25)

06-11 23:19:48.686  1568  3659 I LSPosed-Bridge: 	at android.app.IActivityManager$Stub.onTransact(IActivityManager.java:664)

06-11 23:19:48.686  1568  3659 I LSPosed-Bridge: 	at com.android.server.am.ActivityManagerService.onTransact(ActivityManagerService.java:3346)

06-11 23:19:48.686  1568  3659 I LSPosed-Bridge: 	at android.os.Binder.execTransact(Binder.java:731)

06-11 23:19:48.689  5580  9626 I LSPosed-Bridge: 5580 PermLabel 10124; permName: android.permission.ACCESS_COARSE_LOCATION; getCellLocation res = null; stacktrace=java.lang.Exception

06-11 23:19:48.689  5580  9626 I LSPosed-Bridge: 	at com.example.permlabel.hookLocationExtra_test$3.afterHookedMethod(hookLocationExtra_test.java:52)

06-11 23:19:48.689  5580  9626 I LSPosed-Bridge: 	at de.robv.android.xposed.XposedBridge$AdditionalHookInfo.callback(Unknown Source:147)

06-11 23:19:48.689  5580  9626 I LSPosed-Bridge: 	at LSPHooker_.getCellLocation(Unknown Source:8)

06-11 23:19:48.689  5580  9626 I LSPosed-Bridge: 	at com.qihoo.utils.DeviceUtils.getCid(notification_controller_158:5)

06-11 23:19:48.689  5580  9626 I LSPosed-Bridge: 	at com.qihoo.utils.S.a(notification_controller_158:1)

06-11 23:19:48.689  5580  9626 I LSPosed-Bridge: 	at com.qihoo360.common.helper.m.l(notification_controller_158:40)

06-11 23:19:48.689  5580  9626 I LSPosed-Bridge: 	at com.qihoo360.common.helper.m.a(notification_controller_158:21)

06-11 23:19:48.689  5580  9626 I LSPosed-Bridge: 	at com.qihoo.appstore.notification.controller.pullwrapper.manager.b.d(notification_controller_158:1)

06-11 23:19:48.689  5580  9626 I LSPosed-Bridge: 	at com.qihoo.appstore.notification.controller.tasks.PullTask$start$1.invokeSuspend(notification_controller_158:18)

06-11 23:19:48.689  5580  9626 I LSPosed-Bridge: 	at kotlin.coroutines.jvm.internal.BaseContinuationImpl.resumeWith(notification_controller_158:3)

06-11 23:19:48.689  5580  9626 I LSPosed-Bridge: 	at kotlinx.coroutines.Q.run(notification_controller_158:22)

06-11 23:19:48.689  5580  9626 I LSPosed-Bridge: 	at kotlinx.coroutines.scheduling.CoroutineScheduler.a(notification_controller_158:31)

06-11 23:19:48.689  5580  9626 I LSPosed-Bridge: 	at kotlinx.coroutines.scheduling.CoroutineScheduler$c.a(notification_controller_158:18)

06-11 23:19:48.689  5580  9626 I LSPosed-Bridge: 	at kotlinx.coroutines.scheduling.CoroutineScheduler$c.f(notification_controller_158:4)

06-11 23:19:48.689  5580  9626 I LSPosed-Bridge: 	at kotlinx.coroutines.scheduling.CoroutineScheduler$c.run(notification_controller_158:1)

06-11 23:19:48.689   560   560 I ConfigStore: android::hardware::configstore::V1_0::ISurfaceFlingerConfigs::hasHDRDisplay retrieved: 0

06-11 23:19:48.694   560   560 I ConfigStore: android::hardware::configstore::V1_0::ISurfaceFlingerConfigs::hasHDRDisplay retrieved: 0

06-11 23:19:48.694  1568  9407 I LSPosed-Bridge: 5580 PermLabel 10124 AMS.checkPermission: Binder.getCallingPid() = 1903; uid = 10124; Binder.getCallingUid() = 1001; getNameForUid: android.uid.phone:1001; getPackagesForUid: [com.qualcomm.qti.callfeaturessetting, com.android.stk, com.qualcomm.qti.lpa, com.qualcomm.qcrilmsgtunnel, com.android.phone, com.qti.qualcomm.deviceinfo, com.qualcomm.simcontacts, com.qualcomm.qti.networksetting, com.android.mms.service, com.qti.qualcomm.datastatusnotification, org.codeaurora.ims, com.qti.xdivert, com.qualcomm.qti.autoregistration, com.qti.confuridialer, com.qualcomm.qti.uim, com.android.providers.telephony, com.qualcomm.qti.ims, com.qualcomm.qti.telephonyservice]; permName: android.permission.ACCESS_COARSE_LOCATION; type = 1; res = -1; stacktrace=java.lang.Exception

06-11 23:19:48.694  1568  9407 I LSPosed-Bridge: 	at com.example.permlabel.requirePerm$1$2.afterHookedMethod(requirePerm.java:123)

06-11 23:19:48.694  1568  9407 I LSPosed-Bridge: 	at de.robv.android.xposed.XposedBridge$AdditionalHookInfo.callback(Unknown Source:147)

06-11 23:19:48.694  1568  9407 I LSPosed-Bridge: 	at LSPHooker_.checkPermission(Unknown Source:25)

06-11 23:19:48.694  1568  9407 I LSPosed-Bridge: 	at android.app.IActivityManager$Stub.onTransact(IActivityManager.java:664)

06-11 23:19:48.694  1568  9407 I LSPosed-Bridge: 	at com.android.server.am.ActivityManagerService.onTransact(ActivityManagerService.java:3346)

06-11 23:19:48.694  1568  9407 I LSPosed-Bridge: 	at android.os.Binder.execTransact(Binder.java:731)

06-11 23:19:48.697  5580  8557 I LSPosed-Bridge: 5580 PermLabel 10124; permName: android.permission.ACCESS_COARSE_LOCATION; getCellLocation res = null; stacktrace=java.lang.Exception

06-11 23:19:48.697  5580  8557 I LSPosed-Bridge: 	at com.example.permlabel.hookLocationExtra_test$3.afterHookedMethod(hookLocationExtra_test.java:52)

06-11 23:19:48.697  5580  8557 I LSPosed-Bridge: 	at de.robv.android.xposed.XposedBridge$AdditionalHookInfo.callback(Unknown Source:147)

06-11 23:19:48.697  5580  8557 I LSPosed-Bridge: 	at LSPHooker_.getCellLocation(Unknown Source:8)

06-11 23:19:48.697  5580  8557 I LSPosed-Bridge: 	at com.qihoo.utils.DeviceUtils.getCid(pm_22:6)

06-11 23:19:48.697  5580  8557 I LSPosed-Bridge: 	at pm_22.J.a(pm_22:119)

06-11 23:19:48.697  5580  8557 I LSPosed-Bridge: 	at pm_22.J.a(pm_22:17)

06-11 23:19:48.697  5580  8557 I LSPosed-Bridge: 	at pm_22.r.a(pm_22:17)

06-11 23:19:48.697  5580  8557 I LSPosed-Bridge: 	at pm_22.X.a(pm_22:86)

06-11 23:19:48.697  5580  8557 I LSPosed-Bridge: 	at pm_22.X.a(pm_22:107)

06-11 23:19:48.697  5580  8557 I LSPosed-Bridge: 	at pm_22.X.b(pm_22:17)

06-11 23:19:48.697  5580  8557 I LSPosed-Bridge: 	at pm_22.Q.b(Unknown Source:11)

06-11 23:19:48.697  5580  8557 I LSPosed-Bridge: 	at pm_22.pb.a(pm_22:2)

06-11 23:19:48.697  5580  8557 I LSPosed-Bridge: 	at pm_22.ld.run(pm_22:15)

06-11 23:19:48.697  5580  8557 I LSPosed-Bridge: 	at pm_22.Ae.a(pm_22:58)

06-11 23:19:48.697  5580  8557 I LSPosed-Bridge: 	at pm_22.Ae.a(pm_22:4)

06-11 23:19:48.697  5580  8557 I LSPosed-Bridge: 	at pm_22.Ae$a.run(pm_22:43)

06-11 23:19:59.131  1568  1662 W ActivityManager: Unable to start service Intent { act=com.google.android.gms.drive.ApiService.RESET_AFTER_BOOT flg=0x4 cmp=com.google.android.gms/.drive.api.ApiService (has extras) } U=0: not found

06-11 23:19:59.131  5625  8451 I LSPosed-Bridge: 5625 PermLabel 10124 ContextImpl.checkPermission: pid = 5625; uid = 10124; permName: android.permission.ACCESS_COARSE_LOCATION; type = 1; res = -1; stacktrace=java.lang.Exception

06-11 23:19:59.131  5625  8451 I LSPosed-Bridge: 	at com.example.permlabel.requestPerm$2.afterHookedMethod(requestPerm.java:201)

06-11 23:19:59.131  5625  8451 I LSPosed-Bridge: 	at de.robv.android.xposed.XposedBridge$AdditionalHookInfo.callback(Unknown Source:147)

06-11 23:19:59.131  5625  8451 I LSPosed-Bridge: 	at LSPHooker_.checkPermission(Unknown Source:25)

06-11 23:19:59.131  5625  8451 I LSPosed-Bridge: 	at android.content.ContextWrapper.checkPermission(ContextWrapper.java:738)

06-11 23:19:59.131  5625  8451 I LSPosed-Bridge: 	at com.qihoo.antispam.c.n.a(AppStore:1)

06-11 23:19:59.131  5625  8451 I LSPosed-Bridge: 	at com.qihoo.antispam.holmes.d.f.a(AppStore:7)

06-11 23:19:59.131  5625  8451 I LSPosed-Bridge: 	at com.qihoo.antispam.holmes.h.d.c(AppStore:5)

06-11 23:19:59.131  5625  8451 I LSPosed-Bridge: 	at com.qihoo.antispam.holmes.h.d$1.b(AppStore:1)

06-11 23:19:59.131  5625  8451 I LSPosed-Bridge: 	at com.qihoo.antispam.holmes.d.h$a.f(AppStore:4)

06-11 23:19:59.131  5625  8451 I LSPosed-Bridge: 	at com.qihoo.antispam.holmes.d.h$1.run(AppStore:3)

06-11 23:19:59.131  5625  8451 I LSPosed-Bridge: 	at java.util.concurrent.Executors$RunnableAdapter.call(Executors.java:458)

06-11 23:19:59.131  5625  8451 I LSPosed-Bridge: 	at java.util.concurrent.FutureTask.runAndReset(FutureTask.java:307)

06-11 23:19:59.131  5625  8451 I LSPosed-Bridge: 	at java.util.concurrent.ScheduledThreadPoolExecutor$ScheduledFutureTask.run(ScheduledThreadPoolExecutor.java:302)

06-11 23:19:59.131  5625  8451 I LSPosed-Bridge: 	at java.util.concurrent.ThreadPoolExecutor.runWorker(ThreadPoolExecutor.java:1167)

06-11 23:19:59.131  5625  8451 I LSPosed-Bridge: 	at java.util.concurrent.ThreadPoolExecutor$Worker.run(ThreadPoolExecutor.java:641)

06-11 23:19:59.131  5625  8451 I LSPosed-Bridge: 	at java.lang.Thread.run(Thread.java:764)

06-11 23:19:59.131 10433 10685 I Finsky  : [414] agyp.d(2): SysUA: Disable SystemUpdateActivity, because Android is lower than Q

06-11 23:19:59.156  2248  2445 E bmtu    : Phenotype API error. Event # dppl@8d68fc77, EventCode: 5 [CONTEXT service_id=51 ]

06-11 23:19:59.156  2248  2445 E bmtu    : bmsq: 29503

06-11 23:19:59.156  2248  2445 E bmtu    : 	at bmul.a(:com.google.android.gms@231715028@23.17.15 (100400-534251769):4)

06-11 23:19:59.156  2248  2445 E bmtu    : 	at bmty.b(:com.google.android.gms@231715028@23.17.15 (100400-534251769):7)

06-11 23:19:59.156  2248  2445 E bmtu    : 	at bmtx.g(:com.google.android.gms@231715028@23.17.15 (100400-534251769):0)

06-11 23:19:59.156  2248  2445 E bmtu    : 	at bmtu.e(:com.google.android.gms@231715028@23.17.15 (100400-534251769):4)

06-11 23:19:59.156  2248  2445 E bmtu    : 	at bmtu.f(:com.google.android.gms@231715028@23.17.15 (100400-534251769):2)

06-11 23:19:59.156  2248  2445 E bmtu    : 	at awqx.er(:com.google.android.gms@231715028@23.17.15 (100400-534251769):1)

06-11 23:19:59.156  2248  2445 E bmtu    : 	at awrd.run(:com.google.android.gms@231715028@23.17.15 (100400-534251769):14)

06-11 23:19:59.156  2248  2445 E bmtu    : 	at ctrv.run(:com.google.android.gms@231715028@23.17.15 (100400-534251769):2)

06-11 23:19:59.156  2248  2445 E bmtu    : 	at adod.c(:com.google.android.gms@231715028@23.17.15 (100400-534251769):6)

06-11 23:19:59.156  2248  2445 E bmtu    : 	at adod.run(:com.google.android.gms@231715028@23.17.15 (100400-534251769):8)

06-11 23:19:59.156  2248  2445 E bmtu    : 	at java.util.concurrent.ThreadPoolExecutor.runWorker(ThreadPoolExecutor.java:1167)

06-11 23:19:59.156  2248  2445 E bmtu    : 	at java.util.concurrent.ThreadPoolExecutor$Worker.run(ThreadPoolExecutor.java:641)

06-11 23:19:59.156  2248  2445 E bmtu    : 	at adto.run(:com.google.android.gms@231715028@23.17.15 (100400-534251769):0)

06-11 23:19:59.156  2248  2445 E bmtu    : 	at java.lang.Thread.run(Thread.java:764)

06-11 23:19:59.156  2248  2445 W AsyncOperation: operation=CommitToConfigurationOperationCall, opStatusCode=29503 [CONTEXT service_id=51 ]

06-11 23:19:59.156  2248  2445 W AsyncOperation: OperationException[Status{statusCode=unknown status code: 29503, resolution=null}]

06-11 23:19:59.156  2248  2445 W AsyncOperation: 	at bmtu.e(:com.google.android.gms@231715028@23.17.15 (100400-534251769):6)

06-11 23:19:59.156  2248  2445 W AsyncOperation: 	at bmtu.f(:com.google.android.gms@231715028@23.17.15 (100400-534251769):2)

06-11 23:19:59.156  2248  2445 W AsyncOperation: 	at awqx.er(:com.google.android.gms@231715028@23.17.15 (100400-534251769):1)

06-11 23:19:59.156  2248  2445 W AsyncOperation: 	at awrd.run(:com.google.android.gms@231715028@23.17.15 (100400-534251769):14)

06-11 23:19:59.156  2248  2445 W AsyncOperation: 	at ctrv.run(:com.google.android.gms@231715028@23.17.15 (100400-534251769):2)

06-11 23:19:59.156  2248  2445 W AsyncOperation: 	at adod.c(:com.google.android.gms@231715028@23.17.15 (100400-534251769):6)

06-11 23:19:59.156  2248  2445 W AsyncOperation: 	at adod.run(:com.google.android.gms@231715028@23.17.15 (100400-534251769):8)

06-11 23:19:59.156  2248  2445 W AsyncOperation: 	at java.util.concurrent.ThreadPoolExecutor.runWorker(ThreadPoolExecutor.java:1167)

06-11 23:19:59.156  2248  2445 W AsyncOperation: 	at java.util.concurrent.ThreadPoolExecutor$Worker.run(ThreadPoolExecutor.java:641)

06-11 23:19:59.156  2248  2445 W AsyncOperation: 	at adto.run(:com.google.android.gms@231715028@23.17.15 (100400-534251769):0)

06-11 23:19:59.156  2248  2445 W AsyncOperation: 	at java.lang.Thread.run(Thread.java:764)

06-11 23:19:59.156  1568 10599 I LSPosed-Bridge: 5580 PermLabel 10124 AMS.checkPermission: Binder.getCallingPid() = 1903; uid = 10124; Binder.getCallingUid() = 1001; getNameForUid: android.uid.phone:1001; getPackagesForUid: [com.qualcomm.qti.callfeaturessetting, com.android.stk, com.qualcomm.qti.lpa, com.qualcomm.qcrilmsgtunnel, com.android.phone, com.qti.qualcomm.deviceinfo, com.qualcomm.simcontacts, com.qualcomm.qti.networksetting, com.android.mms.service, com.qti.qualcomm.datastatusnotification, org.codeaurora.ims, com.qti.xdivert, com.qualcomm.qti.autoregistration, com.qti.confuridialer, com.qualcomm.qti.uim, com.android.providers.telephony, com.qualcomm.qti.ims, com.qualcomm.qti.telephonyservice]; permName: android.permission.ACCESS_COARSE_LOCATION; type = 1; res = -1; stacktrace=java.lang.Exception

06-11 23:19:59.156  1568 10599 I LSPosed-Bridge: 	at com.example.permlabel.requirePerm$1$2.afterHookedMethod(requirePerm.java:123)

06-11 23:19:59.156  1568 10599 I LSPosed-Bridge: 	at de.robv.android.xposed.XposedBridge$AdditionalHookInfo.callback(Unknown Source:147)

06-11 23:19:59.156  1568 10599 I LSPosed-Bridge: 	at LSPHooker_.checkPermission(Unknown Source:25)

06-11 23:19:59.156  1568 10599 I LSPosed-Bridge: 	at android.app.IActivityManager$Stub.onTransact(IActivityManager.java:664)

06-11 23:19:59.156  1568 10599 I LSPosed-Bridge: 	at com.android.server.am.ActivityManagerService.onTransact(ActivityManagerService.java:3346)

06-11 23:19:59.156  1568 10599 I LSPosed-Bridge: 	at android.os.Binder.execTransact(Binder.java:731)

06-11 23:19:59.162  5580  9626 I LSPosed-Bridge: 5580 PermLabel 10124; permName: android.permission.ACCESS_COARSE_LOCATION; getCellLocation res = null; stacktrace=java.lang.Exception

06-11 23:19:59.162  5580  9626 I LSPosed-Bridge: 	at com.example.permlabel.hookLocationExtra_test$3.afterHookedMethod(hookLocationExtra_test.java:52)

06-11 23:19:59.162  5580  9626 I LSPosed-Bridge: 	at de.robv.android.xposed.XposedBridge$AdditionalHookInfo.callback(Unknown Source:147)

06-11 23:19:59.162  5580  9626 I LSPosed-Bridge: 	at LSPHooker_.getCellLocation(Unknown Source:8)

06-11 23:19:59.162  5580  9626 I LSPosed-Bridge: 	at com.qihoo.utils.DeviceUtils.getLac(notification_controller_158:5)

06-11 23:19:59.162  5580  9626 I LSPosed-Bridge: 	at com.qihoo.utils.S.b(notification_controller_158:1)

06-11 23:19:59.162  5580  9626 I LSPosed-Bridge: 	at com.qihoo360.common.helper.m.l(notification_controller_158:39)

06-11 23:19:59.162  5580  9626 I LSPosed-Bridge: 	at com.qihoo360.common.helper.m.a(notification_controller_158:21)

06-11 23:19:59.162  5580  9626 I LSPosed-Bridge: 	at com.qihoo.appstore.notification.controller.pullwrapper.manager.A.g(notification_controller_158:2)

06-11 23:19:59.162  5580  9626 I LSPosed-Bridge: 	at com.qihoo.appstore.notification.controller.tasks.PullTask$start$1.invokeSuspend(notification_controller_158:19)

06-11 23:19:59.162  5580  9626 I LSPosed-Bridge: 	at kotlin.coroutines.jvm.internal.BaseContinuationImpl.resumeWith(notification_controller_158:3)

06-11 23:19:59.162  5580  9626 I LSPosed-Bridge: 	at kotlinx.coroutines.Q.run(notification_controller_158:22)

06-11 23:19:59.162  5580  9626 I LSPosed-Bridge: 	at kotlinx.coroutines.scheduling.CoroutineScheduler.a(notification_controller_158:31)

06-11 23:19:59.162  5580  9626 I LSPosed-Bridge: 	at kotlinx.coroutines.scheduling.CoroutineScheduler$c.a(notification_controller_158:18)

06-11 23:19:59.162  5580  9626 I LSPosed-Bridge: 	at kotlinx.coroutines.scheduling.CoroutineScheduler$c.f(notification_controller_158:4)

06-11 23:19:59.162  5580  9626 I LSPosed-Bridge: 	at kotlinx.coroutines.scheduling.CoroutineScheduler$c.run(notification_controller_158:1)

06-11 23:19:59.232  1568  7247 I LSPosed-Bridge: 5580 PermLabel 10124 AMS.checkPermission: Binder.getCallingPid() = 5580; uid = 10124; Binder.getCallingUid() = 10124; getNameForUid: com.qihoo.appstore; getPackagesForUid: [com.qihoo.appstore]; permName: android.permission.ACCESS_NETWORK_STATE; type = 0; res = 0; stacktrace=java.lang.Exception

06-11 23:19:59.232  1568  7247 I LSPosed-Bridge: 	at com.example.permlabel.requirePerm$1$2.afterHookedMethod(requirePerm.java:117)

06-11 23:19:59.232  1568  7247 I LSPosed-Bridge: 	at de.robv.android.xposed.XposedBridge$AdditionalHookInfo.callback(Unknown Source:147)

06-11 23:19:59.232  1568  7247 I LSPosed-Bridge: 	at LSPHooker_.checkPermission(Unknown Source:25)

06-11 23:19:59.232  1568  7247 I LSPosed-Bridge: 	at android.app.ContextImpl.checkPermission(ContextImpl.java:1751)

06-11 23:19:59.232  1568  7247 I LSPosed-Bridge: 	at android.app.ContextImpl.checkCallingOrSelfPermission(ContextImpl.java:1791)

06-11 23:19:59.232  1568  7247 I LSPosed-Bridge: 	at android.app.ContextImpl.enforceCallingOrSelfPermission(ContextImpl.java:1841)

06-11 23:19:59.232  1568  7247 I LSPosed-Bridge: 	at com.android.server.ConnectivityService.enforceAccessPermission(ConnectivityService.java:1672)

06-11 23:19:59.232  1568  7247 I LSPosed-Bridge: 	at com.android.server.ConnectivityService.getActiveNetworkInfo(ConnectivityService.java:1178)

06-11 23:19:59.232  1568  7247 I LSPosed-Bridge: 	at android.net.IConnectivityManager$Stub.onTransact(IConnectivityManager.java:85)

06-11 23:19:59.232  1568  7247 I LSPosed-Bridge: 	at android.os.Binder.execTransact(Binder.java:731)

06-11 23:19:59.232  1568  9923 I LSPosed-Bridge: 5580 PermLabel 10124 AMS.checkPermission: Binder.getCallingPid() = 1903; uid = 10124; Binder.getCallingUid() = 1001; getNameForUid: android.uid.phone:1001; getPackagesForUid: [com.qualcomm.qti.callfeaturessetting, com.android.stk, com.qualcomm.qti.lpa, com.qualcomm.qcrilmsgtunnel, com.android.phone, com.qti.qualcomm.deviceinfo, com.qualcomm.simcontacts, com.qualcomm.qti.networksetting, com.android.mms.service, com.qti.qualcomm.datastatusnotification, org.codeaurora.ims, com.qti.xdivert, com.qualcomm.qti.autoregistration, com.qti.confuridialer, com.qualcomm.qti.uim, com.android.providers.telephony, com.qualcomm.qti.ims, com.qualcomm.qti.telephonyservice]; permName: android.permission.ACCESS_COARSE_LOCATION; type = 1; res = -1; stacktrace=java.lang.Exception

06-11 23:19:59.232  1568  9923 I LSPosed-Bridge: 	at com.example.permlabel.requirePerm$1$2.afterHookedMethod(requirePerm.java:123)

06-11 23:19:59.232  1568  9923 I LSPosed-Bridge: 	at de.robv.android.xposed.XposedBridge$AdditionalHookInfo.callback(Unknown Source:147)

06-11 23:19:59.232  1568  9923 I LSPosed-Bridge: 	at LSPHooker_.checkPermission(Unknown Source:25)

06-11 23:19:59.232  1568  9923 I LSPosed-Bridge: 	at android.app.IActivityManager$Stub.onTransact(IActivityManager.java:664)

06-11 23:19:59.232  1568  9923 I LSPosed-Bridge: 	at com.android.server.am.ActivityManagerService.onTransact(ActivityManagerService.java:3346)

06-11 23:19:59.232  1568  9923 I LSPosed-Bridge: 	at android.os.Binder.execTransact(Binder.java:731)

06-11 23:19:59.251  1730  1730 W BatteryMeterDrawableBase: readFile cmd from/sys/class/power_supply/usb/charger_type data -> prop = 0

06-11 23:19:59.251  1730  1730 W BatteryMeterDrawableBase:  isQuickCharging = 0

06-11 23:19:59.251  5580  9626 I LSPosed-Bridge: 5580 PermLabel 10124; permName: android.permission.ACCESS_COARSE_LOCATION; getCellLocation res = null; stacktrace=java.lang.Exception

06-11 23:19:59.251  5580  9626 I LSPosed-Bridge: 	at com.example.permlabel.hookLocationExtra_test$3.afterHookedMethod(hookLocationExtra_test.java:52)

06-11 23:19:59.251  5580  9626 I LSPosed-Bridge: 	at de.robv.android.xposed.XposedBridge$AdditionalHookInfo.callback(Unknown Source:147)

06-11 23:19:59.251  5580  9626 I LSPosed-Bridge: 	at LSPHooker_.getCellLocation(Unknown Source:8)

06-11 23:19:59.251  5580  9626 I LSPosed-Bridge: 	at com.qihoo.utils.DeviceUtils.getCid(notification_controller_158:5)

06-11 23:19:59.251  5580  9626 I LSPosed-Bridge: 	at com.qihoo.utils.S.a(notification_controller_158:1)

06-11 23:19:59.251  5580  9626 I LSPosed-Bridge: 	at com.qihoo360.common.helper.m.l(notification_controller_158:40)

06-11 23:19:59.251  5580  9626 I LSPosed-Bridge: 	at com.qihoo360.common.helper.m.a(notification_controller_158:21)

06-11 23:19:59.251  5580  9626 I LSPosed-Bridge: 	at com.qihoo.appstore.notification.controller.pullwrapper.manager.A.g(notification_controller_158:2)

06-11 23:19:59.251  5580  9626 I LSPosed-Bridge: 	at com.qihoo.appstore.notification.controller.tasks.PullTask$start$1.invokeSuspend(notification_controller_158:19)

06-11 23:19:59.251  5580  9626 I LSPosed-Bridge: 	at kotlin.coroutines.jvm.internal.BaseContinuationImpl.resumeWith(notification_controller_158:3)

06-11 23:19:59.251  5580  9626 I LSPosed-Bridge: 	at kotlinx.coroutines.Q.run(notification_controller_158:22)

06-11 23:19:59.251  5580  9626 I LSPosed-Bridge: 	at kotlinx.coroutines.scheduling.CoroutineScheduler.a(notification_controller_158:31)

06-11 23:19:59.251  5580  9626 I LSPosed-Bridge: 	at kotlinx.coroutines.scheduling.CoroutineScheduler$c.a(notification_controller_158:18)

06-11 23:19:59.251  5580  9626 I LSPosed-Bridge: 	at kotlinx.coroutines.scheduling.CoroutineScheduler$c.f(notification_controller_158:4)

06-11 23:19:59.251  5580  9626 I LSPosed-Bridge: 	at kotlinx.coroutines.scheduling.CoroutineScheduler$c.run(notification_controller_158:1)

06-11 23:20:02.652   560   560 I ConfigStore: android::hardware::configstore::V1_0::ISurfaceFlingerConfigs::hasHDRDisplay retrieved: 0

