06-11 23:20:02.652  1568  1851 I LSPosed-Bridge: 5580 PermLabel 10124 AMS.checkPermission: Binder.getCallingPid() = 1903; uid = 10124; Binder.getCallingUid() = 1001; getNameForUid: android.uid.phone:1001; getPackagesForUid: [com.qualcomm.qti.callfeaturessetting, com.android.stk, com.qualcomm.qti.lpa, com.qualcomm.qcrilmsgtunnel, com.android.phone, com.qti.qualcomm.deviceinfo, com.qualcomm.simcontacts, com.qualcomm.qti.networksetting, com.android.mms.service, com.qti.qualcomm.datastatusnotification, org.codeaurora.ims, com.qti.xdivert, com.qualcomm.qti.autoregistration, com.qti.confuridialer, com.qualcomm.qti.uim, com.android.providers.telephony, com.qualcomm.qti.ims, com.qualcomm.qti.telephonyservice]; permName: android.permission.ACCESS_COARSE_LOCATION; type = 1; res = -1; stacktrace=java.lang.Exception

06-11 23:20:02.652  1568  1851 I LSPosed-Bridge: 	at com.example.permlabel.requirePerm$1$2.afterHookedMethod(requirePerm.java:123)

06-11 23:20:02.652  1568  1851 I LSPosed-Bridge: 	at de.robv.android.xposed.XposedBridge$AdditionalHookInfo.callback(Unknown Source:147)

06-11 23:20:02.652  1568  1851 I LSPosed-Bridge: 	at LSPHooker_.checkPermission(Unknown Source:25)

06-11 23:20:02.652  1568  1851 I LSPosed-Bridge: 	at android.app.IActivityManager$Stub.onTransact(IActivityManager.java:664)

06-11 23:20:02.652  1568  1851 I LSPosed-Bridge: 	at com.android.server.am.ActivityManagerService.onTransact(ActivityManagerService.java:3346)

06-11 23:20:02.652  1568  1851 I LSPosed-Bridge: 	at android.os.Binder.execTransact(Binder.java:731)

06-11 23:20:02.652   560   560 I ConfigStore: android::hardware::configstore::V1_0::ISurfaceFlingerConfigs::hasHDRDisplay retrieved: 0

06-11 23:20:02.654  5580  9626 I LSPosed-Bridge: 5580 PermLabel 10124; permName: android.permission.ACCESS_COARSE_LOCATION; getCellLocation res = null; stacktrace=java.lang.Exception

06-11 23:20:02.654  5580  9626 I LSPosed-Bridge: 	at com.example.permlabel.hookLocationExtra_test$3.afterHookedMethod(hookLocationExtra_test.java:52)

06-11 23:20:02.654  5580  9626 I LSPosed-Bridge: 	at de.robv.android.xposed.XposedBridge$AdditionalHookInfo.callback(Unknown Source:147)

06-11 23:20:02.654  5580  9626 I LSPosed-Bridge: 	at LSPHooker_.getCellLocation(Unknown Source:8)

06-11 23:20:02.654  5580  9626 I LSPosed-Bridge: 	at com.qihoo.utils.DeviceUtils.getLac(notification_controller_158:5)

06-11 23:20:02.654  5580  9626 I LSPosed-Bridge: 	at com.qihoo.utils.S.b(notification_controller_158:1)

06-11 23:20:02.654  5580  9626 I LSPosed-Bridge: 	at com.qihoo360.common.helper.m.l(notification_controller_158:39)

06-11 23:20:02.654  5580  9626 I LSPosed-Bridge: 	at com.qihoo360.common.helper.m.a(notification_controller_158:21)

06-11 23:20:02.654  5580  9626 I LSPosed-Bridge: 	at com.qihoo.appstore.notification.controller.pullwrapper.manager.j.a(notification_controller_158:82)

06-11 23:20:02.654  5580  9626 I LSPosed-Bridge: 	at com.qihoo.appstore.notification.controller.tasks.PullTask$start$1.invokeSuspend(notification_controller_158:25)

06-11 23:20:02.654  5580  9626 I LSPosed-Bridge: 	at kotlin.coroutines.jvm.internal.BaseContinuationImpl.resumeWith(notification_controller_158:3)

06-11 23:20:02.654  5580  9626 I LSPosed-Bridge: 	at kotlinx.coroutines.Q.run(notification_controller_158:22)

06-11 23:20:02.654  5580  9626 I LSPosed-Bridge: 	at kotlinx.coroutines.scheduling.CoroutineScheduler.a(notification_controller_158:31)

06-11 23:20:02.654  5580  9626 I LSPosed-Bridge: 	at kotlinx.coroutines.scheduling.CoroutineScheduler$c.a(notification_controller_158:18)

06-11 23:20:02.654  5580  9626 I LSPosed-Bridge: 	at kotlinx.coroutines.scheduling.CoroutineScheduler$c.f(notification_controller_158:4)

06-11 23:20:02.654  5580  9626 I LSPosed-Bridge: 	at kotlinx.coroutines.scheduling.CoroutineScheduler$c.run(notification_controller_158:1)

06-11 23:20:02.666  1568  1568 W Looper  : Slow dispatch took 1056ms main h=android.app.job.JobServiceEngine$JobHandler c=null m=1

06-11 23:20:02.666  1568  4517 I LSPosed-Bridge: 5580 PermLabel 10124 AMS.checkPermission: Binder.getCallingPid() = 1903; uid = 10124; Binder.getCallingUid() = 1001; getNameForUid: android.uid.phone:1001; getPackagesForUid: [com.qualcomm.qti.callfeaturessetting, com.android.stk, com.qualcomm.qti.lpa, com.qualcomm.qcrilmsgtunnel, com.android.phone, com.qti.qualcomm.deviceinfo, com.qualcomm.simcontacts, com.qualcomm.qti.networksetting, com.android.mms.service, com.qti.qualcomm.datastatusnotification, org.codeaurora.ims, com.qti.xdivert, com.qualcomm.qti.autoregistration, com.qti.confuridialer, com.qualcomm.qti.uim, com.android.providers.telephony, com.qualcomm.qti.ims, com.qualcomm.qti.telephonyservice]; permName: android.permission.ACCESS_COARSE_LOCATION; type = 1; res = -1; stacktrace=java.lang.Exception

06-11 23:20:02.666  1568  4517 I LSPosed-Bridge: 	at com.example.permlabel.requirePerm$1$2.afterHookedMethod(requirePerm.java:123)

06-11 23:20:02.666  1568  4517 I LSPosed-Bridge: 	at de.robv.android.xposed.XposedBridge$AdditionalHookInfo.callback(Unknown Source:147)

06-11 23:20:02.666  1568  4517 I LSPosed-Bridge: 	at LSPHooker_.checkPermission(Unknown Source:25)

06-11 23:20:02.666  1568  4517 I LSPosed-Bridge: 	at android.app.IActivityManager$Stub.onTransact(IActivityManager.java:664)

06-11 23:20:02.666  1568  4517 I LSPosed-Bridge: 	at com.android.server.am.ActivityManagerService.onTransact(ActivityManagerService.java:3346)

06-11 23:20:02.666  1568  4517 I LSPosed-Bridge: 	at android.os.Binder.execTransact(Binder.java:731)

06-11 23:20:02.673  5580  9626 I LSPosed-Bridge: 5580 PermLabel 10124; permName: android.permission.ACCESS_COARSE_LOCATION; getCellLocation res = null; stacktrace=java.lang.Exception

06-11 23:20:02.673  5580  9626 I LSPosed-Bridge: 	at com.example.permlabel.hookLocationExtra_test$3.afterHookedMethod(hookLocationExtra_test.java:52)

06-11 23:20:02.673  5580  9626 I LSPosed-Bridge: 	at de.robv.android.xposed.XposedBridge$AdditionalHookInfo.callback(Unknown Source:147)

06-11 23:20:02.673  5580  9626 I LSPosed-Bridge: 	at LSPHooker_.getCellLocation(Unknown Source:8)

06-11 23:20:02.673  5580  9626 I LSPosed-Bridge: 	at com.qihoo.utils.DeviceUtils.getCid(notification_controller_158:5)

06-11 23:20:02.673  5580  9626 I LSPosed-Bridge: 	at com.qihoo.utils.S.a(notification_controller_158:1)

06-11 23:20:02.673  5580  9626 I LSPosed-Bridge: 	at com.qihoo360.common.helper.m.l(notification_controller_158:40)

06-11 23:20:02.673  5580  9626 I LSPosed-Bridge: 	at com.qihoo360.common.helper.m.a(notification_controller_158:21)

06-11 23:20:02.673  5580  9626 I LSPosed-Bridge: 	at com.qihoo.appstore.notification.controller.pullwrapper.manager.j.a(notification_controller_158:82)

06-11 23:20:02.673  5580  9626 I LSPosed-Bridge: 	at com.qihoo.appstore.notification.controller.tasks.PullTask$start$1.invokeSuspend(notification_controller_158:25)

06-11 23:20:02.673  5580  9626 I LSPosed-Bridge: 	at kotlin.coroutines.jvm.internal.BaseContinuationImpl.resumeWith(notification_controller_158:3)

06-11 23:20:02.673  5580  9626 I LSPosed-Bridge: 	at kotlinx.coroutines.Q.run(notification_controller_158:22)

06-11 23:20:02.673  5580  9626 I LSPosed-Bridge: 	at kotlinx.coroutines.scheduling.CoroutineScheduler.a(notification_controller_158:31)

06-11 23:20:02.673  5580  9626 I LSPosed-Bridge: 	at kotlinx.coroutines.scheduling.CoroutineScheduler$c.a(notification_controller_158:18)

06-11 23:20:02.673  5580  9626 I LSPosed-Bridge: 	at kotlinx.coroutines.scheduling.CoroutineScheduler$c.f(notification_controller_158:4)

06-11 23:20:02.673  5580  9626 I LSPosed-Bridge: 	at kotlinx.coroutines.scheduling.CoroutineScheduler$c.run(notification_controller_158:1)

06-11 23:20:02.695  1568  7552 I LSPosed-Bridge: 5580 PermLabel 10124 AMS.checkPermission: Binder.getCallingPid() = 1903; uid = 10124; Binder.getCallingUid() = 1001; getNameForUid: android.uid.phone:1001; getPackagesForUid: [com.qualcomm.qti.callfeaturessetting, com.android.stk, com.qualcomm.qti.lpa, com.qualcomm.qcrilmsgtunnel, com.android.phone, com.qti.qualcomm.deviceinfo, com.qualcomm.simcontacts, com.qualcomm.qti.networksetting, com.android.mms.service, com.qti.qualcomm.datastatusnotification, org.codeaurora.ims, com.qti.xdivert, com.qualcomm.qti.autoregistration, com.qti.confuridialer, com.qualcomm.qti.uim, com.android.providers.telephony, com.qualcomm.qti.ims, com.qualcomm.qti.telephonyservice]; permName: android.permission.ACCESS_COARSE_LOCATION; type = 1; res = -1; stacktrace=java.lang.Exception

06-11 23:20:02.695  1568  7552 I LSPosed-Bridge: 	at com.example.permlabel.requirePerm$1$2.afterHookedMethod(requirePerm.java:123)

06-11 23:20:02.695  1568  7552 I LSPosed-Bridge: 	at de.robv.android.xposed.XposedBridge$AdditionalHookInfo.callback(Unknown Source:147)

06-11 23:20:02.695  1568  7552 I LSPosed-Bridge: 	at LSPHooker_.checkPermission(Unknown Source:25)

06-11 23:20:02.695  1568  7552 I LSPosed-Bridge: 	at android.app.IActivityManager$Stub.onTransact(IActivityManager.java:664)

06-11 23:20:02.695  1568  7552 I LSPosed-Bridge: 	at com.android.server.am.ActivityManagerService.onTransact(ActivityManagerService.java:3346)

06-11 23:20:02.695  1568  7552 I LSPosed-Bridge: 	at android.os.Binder.execTransact(Binder.java:731)

06-11 23:20:02.695  1568  1568 W Looper  : Drained

06-11 23:20:02.697  5580  9626 I LSPosed-Bridge: 5580 PermLabel 10124; permName: android.permission.ACCESS_COARSE_LOCATION; getCellLocation res = null; stacktrace=java.lang.Exception

06-11 23:20:02.697  5580  9626 I LSPosed-Bridge: 	at com.example.permlabel.hookLocationExtra_test$3.afterHookedMethod(hookLocationExtra_test.java:52)

06-11 23:20:02.697  5580  9626 I LSPosed-Bridge: 	at de.robv.android.xposed.XposedBridge$AdditionalHookInfo.callback(Unknown Source:147)

06-11 23:20:02.697  5580  9626 I LSPosed-Bridge: 	at LSPHooker_.getCellLocation(Unknown Source:8)

06-11 23:20:02.697  5580  9626 I LSPosed-Bridge: 	at com.qihoo.utils.DeviceUtils.getLac(notification_controller_158:5)

06-11 23:20:02.697  5580  9626 I LSPosed-Bridge: 	at com.qihoo.utils.S.b(notification_controller_158:1)

06-11 23:20:02.697  5580  9626 I LSPosed-Bridge: 	at com.qihoo360.common.helper.m.l(notification_controller_158:39)

06-11 23:20:02.697  5580  9626 I LSPosed-Bridge: 	at com.qihoo360.common.helper.m.a(notification_controller_158:21)

06-11 23:20:02.697  5580  9626 I LSPosed-Bridge: 	at com.qihoo.appstore.newmedia.c.a(notification_controller_158:7)

06-11 23:20:02.697  5580  9626 I LSPosed-Bridge: 	at com.qihoo.appstore.notification.controller.tasks.PullTask$start$1.invokeSuspend(notification_controller_158:26)

06-11 23:20:02.697  5580  9626 I LSPosed-Bridge: 	at kotlin.coroutines.jvm.internal.BaseContinuationImpl.resumeWith(notification_controller_158:3)

06-11 23:20:02.697  5580  9626 I LSPosed-Bridge: 	at kotlinx.coroutines.Q.run(notification_controller_158:22)

06-11 23:20:02.697  5580  9626 I LSPosed-Bridge: 	at kotlinx.coroutines.scheduling.CoroutineScheduler.a(notification_controller_158:31)

06-11 23:20:02.697  5580  9626 I LSPosed-Bridge: 	at kotlinx.coroutines.scheduling.CoroutineScheduler$c.a(notification_controller_158:18)

06-11 23:20:02.697  5580  9626 I LSPosed-Bridge: 	at kotlinx.coroutines.scheduling.CoroutineScheduler$c.f(notification_controller_158:4)

06-11 23:20:02.697  5580  9626 I LSPosed-Bridge: 	at kotlinx.coroutines.scheduling.CoroutineScheduler$c.run(notification_controller_158:1)

06-11 23:20:02.723  1568  1581 I LSPosed-Bridge: 5580 PermLabel 10124 AMS.checkPermission: Binder.getCallingPid() = 1903; uid = 10124; Binder.getCallingUid() = 1001; getNameForUid: android.uid.phone:1001; getPackagesForUid: [com.qualcomm.qti.callfeaturessetting, com.android.stk, com.qualcomm.qti.lpa, com.qualcomm.qcrilmsgtunnel, com.android.phone, com.qti.qualcomm.deviceinfo, com.qualcomm.simcontacts, com.qualcomm.qti.networksetting, com.android.mms.service, com.qti.qualcomm.datastatusnotification, org.codeaurora.ims, com.qti.xdivert, com.qualcomm.qti.autoregistration, com.qti.confuridialer, com.qualcomm.qti.uim, com.android.providers.telephony, com.qualcomm.qti.ims, com.qualcomm.qti.telephonyservice]; permName: android.permission.ACCESS_COARSE_LOCATION; type = 1; res = -1; stacktrace=java.lang.Exception

06-11 23:20:02.723  1568  1581 I LSPosed-Bridge: 	at com.example.permlabel.requirePerm$1$2.afterHookedMethod(requirePerm.java:123)

06-11 23:20:02.723  1568  1581 I LSPosed-Bridge: 	at de.robv.android.xposed.XposedBridge$AdditionalHookInfo.callback(Unknown Source:147)

06-11 23:20:02.723  1568  1581 I LSPosed-Bridge: 	at LSPHooker_.checkPermission(Unknown Source:25)

06-11 23:20:02.723  1568  1581 I LSPosed-Bridge: 	at android.app.IActivityManager$Stub.onTransact(IActivityManager.java:664)

06-11 23:20:02.723  1568  1581 I LSPosed-Bridge: 	at com.android.server.am.ActivityManagerService.onTransact(ActivityManagerService.java:3346)

06-11 23:20:02.723  1568  1581 I LSPosed-Bridge: 	at android.os.Binder.execTransact(Binder.java:731)

06-11 23:20:02.725  5580  9626 I LSPosed-Bridge: 5580 PermLabel 10124; permName: android.permission.ACCESS_COARSE_LOCATION; getCellLocation res = null; stacktrace=java.lang.Exception

06-11 23:20:02.725  5580  9626 I LSPosed-Bridge: 	at com.example.permlabel.hookLocationExtra_test$3.afterHookedMethod(hookLocationExtra_test.java:52)

06-11 23:20:02.725  5580  9626 I LSPosed-Bridge: 	at de.robv.android.xposed.XposedBridge$AdditionalHookInfo.callback(Unknown Source:147)

06-11 23:20:02.725  5580  9626 I LSPosed-Bridge: 	at LSPHooker_.getCellLocation(Unknown Source:8)

06-11 23:20:02.725  5580  9626 I LSPosed-Bridge: 	at com.qihoo.utils.DeviceUtils.getCid(notification_controller_158:5)

06-11 23:20:02.725  5580  9626 I LSPosed-Bridge: 	at com.qihoo.utils.S.a(notification_controller_158:1)

06-11 23:20:02.725  5580  9626 I LSPosed-Bridge: 	at com.qihoo360.common.helper.m.l(notification_controller_158:40)

06-11 23:20:02.725  5580  9626 I LSPosed-Bridge: 	at com.qihoo360.common.helper.m.a(notification_controller_158:21)

06-11 23:20:02.725  5580  9626 I LSPosed-Bridge: 	at com.qihoo.appstore.newmedia.c.a(notification_controller_158:7)

06-11 23:20:02.725  5580  9626 I LSPosed-Bridge: 	at com.qihoo.appstore.notification.controller.tasks.PullTask$start$1.invokeSuspend(notification_controller_158:26)

06-11 23:20:02.725  5580  9626 I LSPosed-Bridge: 	at kotlin.coroutines.jvm.internal.BaseContinuationImpl.resumeWith(notification_controller_158:3)

06-11 23:20:02.725  5580  9626 I LSPosed-Bridge: 	at kotlinx.coroutines.Q.run(notification_controller_158:22)

06-11 23:20:02.725  5580  9626 I LSPosed-Bridge: 	at kotlinx.coroutines.scheduling.CoroutineScheduler.a(notification_controller_158:31)

06-11 23:20:02.725  5580  9626 I LSPosed-Bridge: 	at kotlinx.coroutines.scheduling.CoroutineScheduler$c.a(notification_controller_158:18)

06-11 23:20:02.725  5580  9626 I LSPosed-Bridge: 	at kotlinx.coroutines.scheduling.CoroutineScheduler$c.f(notification_controller_158:4)

06-11 23:20:02.725  5580  9626 I LSPosed-Bridge: 	at kotlinx.coroutines.scheduling.CoroutineScheduler$c.run(notification_controller_158:1)

06-11 23:20:02.725   560   560 I ConfigStore: android::hardware::configstore::V1_0::ISurfaceFlingerConfigs::hasHDRDisplay retrieved: 0

06-11 23:20:03.133  5580 11070 I LSPosed-Bridge: 5580 PermLabel 10124 PM.checkPermission permName:android.permission.ACCESS_COARSE_LOCATION; Package name: com.qihoo.appstore; Result: -1; stacktrace=java.lang.Exception

06-11 23:20:03.133  5580 11070 I LSPosed-Bridge: 	at com.example.permlabel.requestPerm$1.afterHookedMethod(requestPerm.java:123)

06-11 23:20:03.133  5580 11070 I LSPosed-Bridge: 	at de.robv.android.xposed.XposedBridge$AdditionalHookInfo.callback(Unknown Source:147)

06-11 23:20:03.133  5580 11070 I LSPosed-Bridge: 	at LSPHooker_.checkPermission(Unknown Source:14)

06-11 23:20:03.133  5580 11070 I LSPosed-Bridge: 5580 PermLabel 10124 PM.checkPermission permName:android.permission.ACCESS_FINE_LOCATION; Package name: com.qihoo.appstore; Result: -1; stacktrace=java.lang.Exception

06-11 23:20:03.133  5580 11070 I LSPosed-Bridge: 	at com.example.permlabel.requestPerm$1.afterHookedMethod(requestPerm.java:123)

06-11 23:20:03.133  5580 11070 I LSPosed-Bridge: 	at de.robv.android.xposed.XposedBridge$AdditionalHookInfo.callback(Unknown Source:147)

06-11 23:20:03.133  5580 11070 I LSPosed-Bridge: 	at LSPHooker_.checkPermission(Unknown Source:14)

06-11 23:20:03.198  5580 11070 I LSPosed-Bridge: 5580 PermLabel 10124 PM.checkPermission permName:android.permission.ACCESS_COARSE_LOCATION; Package name: com.qihoo.appstore; Result: -1; stacktrace=java.lang.Exception

06-11 23:20:03.198  5580 11070 I LSPosed-Bridge: 	at com.example.permlabel.requestPerm$1.afterHookedMethod(requestPerm.java:123)

06-11 23:20:03.198  5580 11070 I LSPosed-Bridge: 	at de.robv.android.xposed.XposedBridge$AdditionalHookInfo.callback(Unknown Source:147)

06-11 23:20:03.198  5580 11070 I LSPosed-Bridge: 	at LSPHooker_.checkPermission(Unknown Source:14)

06-11 23:20:04.872  1568  4517 I LSPosed-Bridge: 5580 PermLabel 10124 AMS.checkPermission: Binder.getCallingPid() = 1903; uid = 10124; Binder.getCallingUid() = 1001; getNameForUid: android.uid.phone:1001; getPackagesForUid: [com.qualcomm.qti.callfeaturessetting, com.android.stk, com.qualcomm.qti.lpa, com.qualcomm.qcrilmsgtunnel, com.android.phone, com.qti.qualcomm.deviceinfo, com.qualcomm.simcontacts, com.qualcomm.qti.networksetting, com.android.mms.service, com.qti.qualcomm.datastatusnotification, org.codeaurora.ims, com.qti.xdivert, com.qualcomm.qti.autoregistration, com.qti.confuridialer, com.qualcomm.qti.uim, com.android.providers.telephony, com.qualcomm.qti.ims, com.qualcomm.qti.telephonyservice]; permName: android.permission.ACCESS_COARSE_LOCATION; type = 1; res = -1; stacktrace=java.lang.Exception

06-11 23:20:04.872  1568  4517 I LSPosed-Bridge: 	at com.example.permlabel.requirePerm$1$2.afterHookedMethod(requirePerm.java:123)

06-11 23:20:04.872  1568  4517 I LSPosed-Bridge: 	at de.robv.android.xposed.XposedBridge$AdditionalHookInfo.callback(Unknown Source:147)

06-11 23:20:04.872  1568  4517 I LSPosed-Bridge: 	at LSPHooker_.checkPermission(Unknown Source:25)

06-11 23:20:04.872  1568  4517 I LSPosed-Bridge: 	at android.app.IActivityManager$Stub.onTransact(IActivityManager.java:664)

06-11 23:20:04.872  1568  4517 I LSPosed-Bridge: 	at com.android.server.am.ActivityManagerService.onTransact(ActivityManagerService.java:3346)

06-11 23:20:04.872  1568  4517 I LSPosed-Bridge: 	at android.os.Binder.execTransact(Binder.java:731)

06-11 23:20:04.899  5580 11037 I LSPosed-Bridge: 5580 PermLabel 10124; permName: android.permission.ACCESS_COARSE_LOCATION; getCellLocation res = null; stacktrace=java.lang.Exception

06-11 23:20:04.899  5580 11037 I LSPosed-Bridge: 	at com.example.permlabel.hookLocationExtra_test$3.afterHookedMethod(hookLocationExtra_test.java:52)

06-11 23:20:04.899  5580 11037 I LSPosed-Bridge: 	at de.robv.android.xposed.XposedBridge$AdditionalHookInfo.callback(Unknown Source:147)

06-11 23:20:04.899  5580 11037 I LSPosed-Bridge: 	at LSPHooker_.getCellLocation(Unknown Source:8)

06-11 23:20:04.899  5580 11037 I LSPosed-Bridge: 	at com.qihoo.utils.DeviceUtils.getLac(AppStore:5)

06-11 23:20:04.899  5580 11037 I LSPosed-Bridge: 	at com.qihoo.utils.Wa.c(AppStore:1)

06-11 23:20:04.899  5580 11037 I LSPosed-Bridge: 	at com.qihoo360.common.helper.q.Y(AppStore:39)

06-11 23:20:04.899  5580 11037 I LSPosed-Bridge: 	at com.qihoo360.common.helper.q.a(AppStore:91)

06-11 23:20:04.899  5580 11037 I LSPosed-Bridge: 	at com.qihoo360.common.helper.q.ta(AppStore:2)

06-11 23:20:04.899  5580 11037 I LSPosed-Bridge: 	at e.i.q.i.c(AppStore:3)

06-11 23:20:04.899  5580 11037 I LSPosed-Bridge: 	at e.i.q.a.run(Unknown Source:0)

06-11 23:20:04.899  5580 11037 I LSPosed-Bridge: 	at java.util.concurrent.Executors$RunnableAdapter.call(Executors.java:458)

06-11 23:20:04.899  5580 11037 I LSPosed-Bridge: 	at java.util.concurrent.FutureTask.run(FutureTask.java:266)

06-11 23:20:04.899  5580 11037 I LSPosed-Bridge: 	at java.util.concurrent.ScheduledThreadPoolExecutor$ScheduledFutureTask.run(ScheduledThreadPoolExecutor.java:301)

06-11 23:20:04.899  5580 11037 I LSPosed-Bridge: 	at java.util.concurrent.ThreadPoolExecutor.runWorker(ThreadPoolExecutor.java:1167)

06-11 23:20:04.899  5580 11037 I LSPosed-Bridge: 	at java.util.concurrent.ThreadPoolExecutor$Worker.run(ThreadPoolExecutor.java:641)

06-11 23:20:04.899  5580 11037 I LSPosed-Bridge: 	at java.lang.Thread.run(Thread.java:764)

06-11 23:20:04.899  5580 11037 I LSPosed-Bridge: 	at com.qihoo.utils.thread.e.run(AppStore:2)

06-11 23:20:05.030  1568  1851 I LSPosed-Bridge: 5580 PermLabel 10124 AMS.checkPermission: Binder.getCallingPid() = 1903; uid = 10124; Binder.getCallingUid() = 1001; getNameForUid: android.uid.phone:1001; getPackagesForUid: [com.qualcomm.qti.callfeaturessetting, com.android.stk, com.qualcomm.qti.lpa, com.qualcomm.qcrilmsgtunnel, com.android.phone, com.qti.qualcomm.deviceinfo, com.qualcomm.simcontacts, com.qualcomm.qti.networksetting, com.android.mms.service, com.qti.qualcomm.datastatusnotification, org.codeaurora.ims, com.qti.xdivert, com.qualcomm.qti.autoregistration, com.qti.confuridialer, com.qualcomm.qti.uim, com.android.providers.telephony, com.qualcomm.qti.ims, com.qualcomm.qti.telephonyservice]; permName: android.permission.ACCESS_COARSE_LOCATION; type = 1; res = -1; stacktrace=java.lang.Exception

06-11 23:20:05.030  1568  1851 I LSPosed-Bridge: 	at com.example.permlabel.requirePerm$1$2.afterHookedMethod(requirePerm.java:123)

06-11 23:20:05.030  1568  1851 I LSPosed-Bridge: 	at de.robv.android.xposed.XposedBridge$AdditionalHookInfo.callback(Unknown Source:147)

06-11 23:20:05.030  1568  1851 I LSPosed-Bridge: 	at LSPHooker_.checkPermission(Unknown Source:25)

06-11 23:20:05.030  1568  1851 I LSPosed-Bridge: 	at android.app.IActivityManager$Stub.onTransact(IActivityManager.java:664)

06-11 23:20:05.030  1568  1851 I LSPosed-Bridge: 	at com.android.server.am.ActivityManagerService.onTransact(ActivityManagerService.java:3346)

06-11 23:20:05.030  1568  1851 I LSPosed-Bridge: 	at android.os.Binder.execTransact(Binder.java:731)

06-11 23:20:05.030   560   560 I ConfigStore: android::hardware::configstore::V1_0::ISurfaceFlingerConfigs::hasHDRDisplay retrieved: 0

06-11 23:20:05.032  5580 11037 I LSPosed-Bridge: 5580 PermLabel 10124; permName: android.permission.ACCESS_COARSE_LOCATION; getCellLocation res = null; stacktrace=java.lang.Exception

06-11 23:20:05.032  5580 11037 I LSPosed-Bridge: 	at com.example.permlabel.hookLocationExtra_test$3.afterHookedMethod(hookLocationExtra_test.java:52)

06-11 23:20:05.032  5580 11037 I LSPosed-Bridge: 	at de.robv.android.xposed.XposedBridge$AdditionalHookInfo.callback(Unknown Source:147)

06-11 23:20:05.032  5580 11037 I LSPosed-Bridge: 	at LSPHooker_.getCellLocation(Unknown Source:8)

06-11 23:20:05.032  5580 11037 I LSPosed-Bridge: 	at com.qihoo.utils.DeviceUtils.getCid(AppStore:5)

06-11 23:20:05.032  5580 11037 I LSPosed-Bridge: 	at com.qihoo.utils.Wa.a(AppStore:3)

06-11 23:20:05.032  5580 11037 I LSPosed-Bridge: 	at com.qihoo360.common.helper.q.Y(AppStore:40)

06-11 23:20:05.032  5580 11037 I LSPosed-Bridge: 	at com.qihoo360.common.helper.q.a(AppStore:91)

06-11 23:20:05.032  5580 11037 I LSPosed-Bridge: 	at com.qihoo360.common.helper.q.ta(AppStore:2)

06-11 23:20:05.032  5580 11037 I LSPosed-Bridge: 	at e.i.q.i.c(AppStore:3)

06-11 23:20:05.032  5580 11037 I LSPosed-Bridge: 	at e.i.q.a.run(Unknown Source:0)

06-11 23:20:05.032  5580 11037 I LSPosed-Bridge: 	at java.util.concurrent.Executors$RunnableAdapter.call(Executors.java:458)

06-11 23:20:05.032  5580 11037 I LSPosed-Bridge: 	at java.util.concurrent.FutureTask.run(FutureTask.java:266)

06-11 23:20:05.032  5580 11037 I LSPosed-Bridge: 	at java.util.concurrent.ScheduledThreadPoolExecutor$ScheduledFutureTask.run(ScheduledThreadPoolExecutor.java:301)

06-11 23:20:05.032  5580 11037 I LSPosed-Bridge: 	at java.util.concurrent.ThreadPoolExecutor.runWorker(ThreadPoolExecutor.java:1167)

06-11 23:20:05.032  5580 11037 I LSPosed-Bridge: 	at java.util.concurrent.ThreadPoolExecutor$Worker.run(ThreadPoolExecutor.java:641)

06-11 23:20:05.032  5580 11037 I LSPosed-Bridge: 	at java.lang.Thread.run(Thread.java:764)

06-11 23:20:05.032  5580 11037 I LSPosed-Bridge: 	at com.qihoo.utils.thread.e.run(AppStore:2)

06-11 23:20:05.032   560   560 I ConfigStore: android::hardware::configstore::V1_0::ISurfaceFlingerConfigs::hasHDRDisplay retrieved: 0

06-11 23:20:05.095  1568  1860 I LSPosed-Bridge: 5580 PermLabel 10124 AMS.checkPermission: Binder.getCallingPid() = 1903; uid = 10124; Binder.getCallingUid() = 1001; getNameForUid: android.uid.phone:1001; getPackagesForUid: [com.qualcomm.qti.callfeaturessetting, com.android.stk, com.qualcomm.qti.lpa, com.qualcomm.qcrilmsgtunnel, com.android.phone, com.qti.qualcomm.deviceinfo, com.qualcomm.simcontacts, com.qualcomm.qti.networksetting, com.android.mms.service, com.qti.qualcomm.datastatusnotification, org.codeaurora.ims, com.qti.xdivert, com.qualcomm.qti.autoregistration, com.qti.confuridialer, com.qualcomm.qti.uim, com.android.providers.telephony, com.qualcomm.qti.ims, com.qualcomm.qti.telephonyservice]; permName: android.permission.ACCESS_COARSE_LOCATION; type = 1; res = -1; stacktrace=java.lang.Exception

06-11 23:20:05.095  1568  1860 I LSPosed-Bridge: 	at com.example.permlabel.requirePerm$1$2.afterHookedMethod(requirePerm.java:123)

06-11 23:20:05.095  1568  1860 I LSPosed-Bridge: 	at de.robv.android.xposed.XposedBridge$AdditionalHookInfo.callback(Unknown Source:147)

06-11 23:20:05.095  1568  1860 I LSPosed-Bridge: 	at LSPHooker_.checkPermission(Unknown Source:25)

06-11 23:20:05.095  1568  1860 I LSPosed-Bridge: 	at android.app.IActivityManager$Stub.onTransact(IActivityManager.java:664)

06-11 23:20:05.095  1568  1860 I LSPosed-Bridge: 	at com.android.server.am.ActivityManagerService.onTransact(ActivityManagerService.java:3346)

06-11 23:20:05.095  1568  1860 I LSPosed-Bridge: 	at android.os.Binder.execTransact(Binder.java:731)

06-11 23:20:05.122 10433 11136 E PhenotypeCombinedFlags: Config package com.google.android.gms.phenotype cannot use PROCESS_STABLE backing without declarative registration. See go/phenotype-android-integration#phenotype for more information. This will lead to stale flags.

06-11 23:20:05.122  5580  8861 I LSPosed-Bridge: 5580 PermLabel 10124; permName: android.permission.ACCESS_COARSE_LOCATION; getCellLocation res = null; stacktrace=java.lang.Exception

06-11 23:20:05.122  5580  8861 I LSPosed-Bridge: 	at com.example.permlabel.hookLocationExtra_test$3.afterHookedMethod(hookLocationExtra_test.java:52)

06-11 23:20:05.122  5580  8861 I LSPosed-Bridge: 	at de.robv.android.xposed.XposedBridge$AdditionalHookInfo.callback(Unknown Source:147)

06-11 23:20:05.122  5580  8861 I LSPosed-Bridge: 	at LSPHooker_.getCellLocation(Unknown Source:8)

06-11 23:20:05.122  5580  8861 I LSPosed-Bridge: 	at com.qihoo.utils.DeviceUtils.getLac(AppStore:5)

06-11 23:20:05.122  5580  8861 I LSPosed-Bridge: 	at com.qihoo.utils.Wa.c(AppStore:1)

06-11 23:20:05.122  5580  8861 I LSPosed-Bridge: 	at com.qihoo360.common.helper.a.b.g(AppStore:8)

06-11 23:20:05.122  5580  8861 I LSPosed-Bridge: 	at com.qihoo360.common.helper.a.b.d(AppStore:3)

06-11 23:20:05.122  5580  8861 I LSPosed-Bridge: 	at com.qihoo360.common.helper.a.b.a(AppStore:1)

06-11 23:20:05.122  5580  8861 I LSPosed-Bridge: 	at com.qihoo.appstore.N.a.f.onRequestInterceptor(AppStore:10)

06-11 23:20:05.122  5580  8861 I LSPosed-Bridge: 	at com.android.volleypro.interceptor.InterceptorManager.processRequestInterceptor(AppStore:3)

06-11 23:20:05.122  5580  8861 I LSPosed-Bridge: 	at com.android.volleypro.toolbox.VolleyBasicNetwork.performRequest(AppStore:9)

06-11 23:20:05.122  5580  8861 I LSPosed-Bridge: 	at com.android.volleypro.toolbox.NetworkDispatcherSafe.run(AppStore:9)

06-11 23:20:05.141  1568  6199 I LSPosed-Bridge: 5580 PermLabel 10124 AMS.checkPermission: Binder.getCallingPid() = 1903; uid = 10124; Binder.getCallingUid() = 1001; getNameForUid: android.uid.phone:1001; getPackagesForUid: [com.qualcomm.qti.callfeaturessetting, com.android.stk, com.qualcomm.qti.lpa, com.qualcomm.qcrilmsgtunnel, com.android.phone, com.qti.qualcomm.deviceinfo, com.qualcomm.simcontacts, com.qualcomm.qti.networksetting, com.android.mms.service, com.qti.qualcomm.datastatusnotification, org.codeaurora.ims, com.qti.xdivert, com.qualcomm.qti.autoregistration, com.qti.confuridialer, com.qualcomm.qti.uim, com.android.providers.telephony, com.qualcomm.qti.ims, com.qualcomm.qti.telephonyservice]; permName: android.permission.ACCESS_COARSE_LOCATION; type = 1; res = -1; stacktrace=java.lang.Exception

06-11 23:20:05.141  1568  6199 I LSPosed-Bridge: 	at com.example.permlabel.requirePerm$1$2.afterHookedMethod(requirePerm.java:123)

06-11 23:20:05.141  1568  6199 I LSPosed-Bridge: 	at de.robv.android.xposed.XposedBridge$AdditionalHookInfo.callback(Unknown Source:147)

06-11 23:20:05.141  1568  6199 I LSPosed-Bridge: 	at LSPHooker_.checkPermission(Unknown Source:25)

06-11 23:20:05.141  1568  6199 I LSPosed-Bridge: 	at android.app.IActivityManager$Stub.onTransact(IActivityManager.java:664)

06-11 23:20:05.141  1568  6199 I LSPosed-Bridge: 	at com.android.server.am.ActivityManagerService.onTransact(ActivityManagerService.java:3346)

06-11 23:20:05.141  1568  6199 I LSPosed-Bridge: 	at android.os.Binder.execTransact(Binder.java:731)

06-11 23:20:05.143  5580  8861 I LSPosed-Bridge: 5580 PermLabel 10124; permName: android.permission.ACCESS_COARSE_LOCATION; getCellLocation res = null; stacktrace=java.lang.Exception

06-11 23:20:05.143  5580  8861 I LSPosed-Bridge: 	at com.example.permlabel.hookLocationExtra_test$3.afterHookedMethod(hookLocationExtra_test.java:52)

06-11 23:20:05.143  5580  8861 I LSPosed-Bridge: 	at de.robv.android.xposed.XposedBridge$AdditionalHookInfo.callback(Unknown Source:147)

06-11 23:20:05.143  5580  8861 I LSPosed-Bridge: 	at LSPHooker_.getCellLocation(Unknown Source:8)

06-11 23:20:05.143  5580  8861 I LSPosed-Bridge: 	at com.qihoo.utils.DeviceUtils.getCid(AppStore:5)

06-11 23:20:05.143  5580  8861 I LSPosed-Bridge: 	at com.qihoo.utils.Wa.a(AppStore:3)

06-11 23:20:05.143  5580  8861 I LSPosed-Bridge: 	at com.qihoo360.common.helper.a.b.g(AppStore:9)

06-11 23:20:05.143  5580  8861 I LSPosed-Bridge: 	at com.qihoo360.common.helper.a.b.d(AppStore:3)

06-11 23:20:05.143  5580  8861 I LSPosed-Bridge: 	at com.qihoo360.common.helper.a.b.a(AppStore:1)

06-11 23:20:05.143  5580  8861 I LSPosed-Bridge: 	at com.qihoo.appstore.N.a.f.onRequestInterceptor(AppStore:10)

06-11 23:20:05.143  5580  8861 I LSPosed-Bridge: 	at com.android.volleypro.interceptor.InterceptorManager.processRequestInterceptor(AppStore:3)

06-11 23:20:05.143  5580  8861 I LSPosed-Bridge: 	at com.android.volleypro.toolbox.VolleyBasicNetwork.performRequest(AppStore:9)

06-11 23:20:05.143  5580  8861 I LSPosed-Bridge: 	at com.android.volleypro.toolbox.NetworkDispatcherSafe.run(AppStore:9)

06-11 23:20:05.188  5580 11070 I LSPosed-Bridge: 5580 PermLabel 10124 PM.checkPermission permName:android.permission.ACCESS_COARSE_LOCATION; Package name: com.qihoo.appstore; Result: -1; stacktrace=java.lang.Exception

06-11 23:20:05.188  5580 11070 I LSPosed-Bridge: 	at com.example.permlabel.requestPerm$1.afterHookedMethod(requestPerm.java:123)

06-11 23:20:05.188  5580 11070 I LSPosed-Bridge: 	at de.robv.android.xposed.XposedBridge$AdditionalHookInfo.callback(Unknown Source:147)

06-11 23:20:05.188  5580 11070 I LSPosed-Bridge: 	at LSPHooker_.checkPermission(Unknown Source:14)

06-11 23:20:05.189  5580 11070 I LSPosed-Bridge: 5580 PermLabel 10124 PM.checkPermission permName:android.permission.ACCESS_COARSE_LOCATION; Package name: com.qihoo.appstore; Result: -1; stacktrace=java.lang.Exception

06-11 23:20:05.189  5580 11070 I LSPosed-Bridge: 	at com.example.permlabel.requestPerm$1.afterHookedMethod(requestPerm.java:123)

06-11 23:20:05.189  5580 11070 I LSPosed-Bridge: 	at de.robv.android.xposed.XposedBridge$AdditionalHookInfo.callback(Unknown Source:147)

06-11 23:20:05.189  5580 11070 I LSPosed-Bridge: 	at LSPHooker_.checkPermission(Unknown Source:14)

06-11 23:20:07.162  1568  7377 I LSPosed-Bridge: 5580 PermLabel 10124 AMS.checkPermission: Binder.getCallingPid() = 1903; uid = 10124; Binder.getCallingUid() = 1001; getNameForUid: android.uid.phone:1001; getPackagesForUid: [com.qualcomm.qti.callfeaturessetting, com.android.stk, com.qualcomm.qti.lpa, com.qualcomm.qcrilmsgtunnel, com.android.phone, com.qti.qualcomm.deviceinfo, com.qualcomm.simcontacts, com.qualcomm.qti.networksetting, com.android.mms.service, com.qti.qualcomm.datastatusnotification, org.codeaurora.ims, com.qti.xdivert, com.qualcomm.qti.autoregistration, com.qti.confuridialer, com.qualcomm.qti.uim, com.android.providers.telephony, com.qualcomm.qti.ims, com.qualcomm.qti.telephonyservice]; permName: android.permission.ACCESS_COARSE_LOCATION; type = 1; res = -1; stacktrace=java.lang.Exception

06-11 23:20:07.162  1568  7377 I LSPosed-Bridge: 	at com.example.permlabel.requirePerm$1$2.afterHookedMethod(requirePerm.java:123)

06-11 23:20:07.162  1568  7377 I LSPosed-Bridge: 	at de.robv.android.xposed.XposedBridge$AdditionalHookInfo.callback(Unknown Source:147)

06-11 23:20:07.162  1568  7377 I LSPosed-Bridge: 	at LSPHooker_.checkPermission(Unknown Source:25)

06-11 23:20:07.162  1568  7377 I LSPosed-Bridge: 	at android.app.IActivityManager$Stub.onTransact(IActivityManager.java:664)

06-11 23:20:07.162  1568  7377 I LSPosed-Bridge: 	at com.android.server.am.ActivityManagerService.onTransact(ActivityManagerService.java:3346)

06-11 23:20:07.162  1568  7377 I LSPosed-Bridge: 	at android.os.Binder.execTransact(Binder.java:731)

06-11 23:20:07.164  5580  8555 I LSPosed-Bridge: 5580 PermLabel 10124; permName: android.permission.ACCESS_COARSE_LOCATION; getCellLocation res = null; stacktrace=java.lang.Exception

06-11 23:20:07.164  5580  8555 I LSPosed-Bridge: 	at com.example.permlabel.hookLocationExtra_test$3.afterHookedMethod(hookLocationExtra_test.java:52)

06-11 23:20:07.164  5580  8555 I LSPosed-Bridge: 	at de.robv.android.xposed.XposedBridge$AdditionalHookInfo.callback(Unknown Source:147)

06-11 23:20:07.164  5580  8555 I LSPosed-Bridge: 	at LSPHooker_.getCellLocation(Unknown Source:8)

06-11 23:20:07.164  5580  8555 I LSPosed-Bridge: 	at com.qihoo.utils.DeviceUtils.getLac(pm_22:6)

06-11 23:20:07.164  5580  8555 I LSPosed-Bridge: 	at pm_22.J.a(pm_22:116)

06-11 23:20:07.164  5580  8555 I LSPosed-Bridge: 	at pm_22.J.a(pm_22:17)

06-11 23:20:07.164  5580  8555 I LSPosed-Bridge: 	at pm_22.r.a(pm_22:17)

06-11 23:20:07.164  5580  8555 I LSPosed-Bridge: 	at pm_22.r.b(pm_22:4)

06-11 23:20:07.164  5580  8555 I LSPosed-Bridge: 	at pm_22.m.b(pm_22:7)

06-11 23:20:07.164  5580  8555 I LSPosed-Bridge: 	at pm_22.pb.a(pm_22:2)

06-11 23:20:07.164  5580  8555 I LSPosed-Bridge: 	at pm_22.ld.run(pm_22:15)

06-11 23:20:07.164  5580  8555 I LSPosed-Bridge: 	at pm_22.Ae.a(pm_22:58)

06-11 23:20:07.164  5580  8555 I LSPosed-Bridge: 	at pm_22.Ae.a(pm_22:4)

06-11 23:20:07.164  5580  8555 I LSPosed-Bridge: 	at pm_22.Ae$a.run(pm_22:43)

06-11 23:20:07.174  1568  7377 I LSPosed-Bridge: 5580 PermLabel 10124 AMS.checkPermission: Binder.getCallingPid() = 1903; uid = 10124; Binder.getCallingUid() = 1001; getNameForUid: android.uid.phone:1001; getPackagesForUid: [com.qualcomm.qti.callfeaturessetting, com.android.stk, com.qualcomm.qti.lpa, com.qualcomm.qcrilmsgtunnel, com.android.phone, com.qti.qualcomm.deviceinfo, com.qualcomm.simcontacts, com.qualcomm.qti.networksetting, com.android.mms.service, com.qti.qualcomm.datastatusnotification, org.codeaurora.ims, com.qti.xdivert, com.qualcomm.qti.autoregistration, com.qti.confuridialer, com.qualcomm.qti.uim, com.android.providers.telephony, com.qualcomm.qti.ims, com.qualcomm.qti.telephonyservice]; permName: android.permission.ACCESS_COARSE_LOCATION; type = 1; res = -1; stacktrace=java.lang.Exception

06-11 23:20:07.174  1568  7377 I LSPosed-Bridge: 	at com.example.permlabel.requirePerm$1$2.afterHookedMethod(requirePerm.java:123)

06-11 23:20:07.174  1568  7377 I LSPosed-Bridge: 	at de.robv.android.xposed.XposedBridge$AdditionalHookInfo.callback(Unknown Source:147)

06-11 23:20:07.174  1568  7377 I LSPosed-Bridge: 	at LSPHooker_.checkPermission(Unknown Source:25)

06-11 23:20:07.174  1568  7377 I LSPosed-Bridge: 	at android.app.IActivityManager$Stub.onTransact(IActivityManager.java:664)

06-11 23:20:07.174  1568  7377 I LSPosed-Bridge: 	at com.android.server.am.ActivityManagerService.onTransact(ActivityManagerService.java:3346)

06-11 23:20:07.174  1568  7377 I LSPosed-Bridge: 	at android.os.Binder.execTransact(Binder.java:731)

06-11 23:20:07.177  5580  8555 I LSPosed-Bridge: 5580 PermLabel 10124; permName: android.permission.ACCESS_COARSE_LOCATION; getCellLocation res = null; stacktrace=java.lang.Exception

06-11 23:20:07.177  5580  8555 I LSPosed-Bridge: 	at com.example.permlabel.hookLocationExtra_test$3.afterHookedMethod(hookLocationExtra_test.java:52)

06-11 23:20:07.177  5580  8555 I LSPosed-Bridge: 	at de.robv.android.xposed.XposedBridge$AdditionalHookInfo.callback(Unknown Source:147)

06-11 23:20:07.177  5580  8555 I LSPosed-Bridge: 	at LSPHooker_.getCellLocation(Unknown Source:8)

06-11 23:20:07.177  5580  8555 I LSPosed-Bridge: 	at com.qihoo.utils.DeviceUtils.getCid(pm_22:6)

06-11 23:20:07.177  5580  8555 I LSPosed-Bridge: 	at pm_22.J.a(pm_22:119)

06-11 23:20:07.177  5580  8555 I LSPosed-Bridge: 	at pm_22.J.a(pm_22:17)

06-11 23:20:07.177  5580  8555 I LSPosed-Bridge: 	at pm_22.r.a(pm_22:17)

06-11 23:20:07.177  5580  8555 I LSPosed-Bridge: 	at pm_22.r.b(pm_22:4)

06-11 23:20:07.177  5580  8555 I LSPosed-Bridge: 	at pm_22.m.b(pm_22:7)

06-11 23:20:07.177  5580  8555 I LSPosed-Bridge: 	at pm_22.pb.a(pm_22:2)

06-11 23:20:07.177  5580  8555 I LSPosed-Bridge: 	at pm_22.ld.run(pm_22:15)

06-11 23:20:07.177  5580  8555 I LSPosed-Bridge: 	at pm_22.Ae.a(pm_22:58)

06-11 23:20:07.177  5580  8555 I LSPosed-Bridge: 	at pm_22.Ae.a(pm_22:4)

06-11 23:20:07.177  5580  8555 I LSPosed-Bridge: 	at pm_22.Ae$a.run(pm_22:43)

06-11 23:20:09.815  1568  3658 I LSPosed-Bridge: 5580 PermLabel 10124 AMS.checkPermission: Binder.getCallingPid() = 1903; uid = 10124; Binder.getCallingUid() = 1001; getNameForUid: android.uid.phone:1001; getPackagesForUid: [com.qualcomm.qti.callfeaturessetting, com.android.stk, com.qualcomm.qti.lpa, com.qualcomm.qcrilmsgtunnel, com.android.phone, com.qti.qualcomm.deviceinfo, com.qualcomm.simcontacts, com.qualcomm.qti.networksetting, com.android.mms.service, com.qti.qualcomm.datastatusnotification, org.codeaurora.ims, com.qti.xdivert, com.qualcomm.qti.autoregistration, com.qti.confuridialer, com.qualcomm.qti.uim, com.android.providers.telephony, com.qualcomm.qti.ims, com.qualcomm.qti.telephonyservice]; permName: android.permission.ACCESS_COARSE_LOCATION; type = 1; res = -1; stacktrace=java.lang.Exception

06-11 23:20:09.815  1568  3658 I LSPosed-Bridge: 	at com.example.permlabel.requirePerm$1$2.afterHookedMethod(requirePerm.java:123)

06-11 23:20:09.815  1568  3658 I LSPosed-Bridge: 	at de.robv.android.xposed.XposedBridge$AdditionalHookInfo.callback(Unknown Source:147)

06-11 23:20:09.815  1568  3658 I LSPosed-Bridge: 	at LSPHooker_.checkPermission(Unknown Source:25)

06-11 23:20:09.815  1568  3658 I LSPosed-Bridge: 	at android.app.IActivityManager$Stub.onTransact(IActivityManager.java:664)

06-11 23:20:09.815  1568  3658 I LSPosed-Bridge: 	at com.android.server.am.ActivityManagerService.onTransact(ActivityManagerService.java:3346)

06-11 23:20:09.815  1568  3658 I LSPosed-Bridge: 	at android.os.Binder.execTransact(Binder.java:731)

06-11 23:20:09.818  5580  5580 I LSPosed-Bridge: 5580 PermLabel 10124; permName: android.permission.ACCESS_COARSE_LOCATION; getCellLocation res = null; stacktrace=java.lang.Exception

06-11 23:20:09.818  5580  5580 I LSPosed-Bridge: 	at com.example.permlabel.hookLocationExtra_test$3.afterHookedMethod(hookLocationExtra_test.java:52)

06-11 23:20:09.818  5580  5580 I LSPosed-Bridge: 	at de.robv.android.xposed.XposedBridge$AdditionalHookInfo.callback(Unknown Source:147)

06-11 23:20:09.818  5580  5580 I LSPosed-Bridge: 	at LSPHooker_.getCellLocation(Unknown Source:8)

06-11 23:20:09.818  5580  5580 I LSPosed-Bridge: 	at com.qihoo.utils.DeviceUtils.getLac(AppStore:5)

06-11 23:20:09.818  5580  5580 I LSPosed-Bridge: 	at com.qihoo.utils.Wa.c(AppStore:1)

06-11 23:20:09.818  5580  5580 I LSPosed-Bridge: 	at com.qihoo360.common.helper.q.Y(AppStore:39)

06-11 23:20:09.818  5580  5580 I LSPosed-Bridge: 	at com.qihoo360.common.helper.q.a(AppStore:91)

06-11 23:20:09.818  5580  5580 I LSPosed-Bridge: 	at com.qihoo.appstore.base.F.a(AppStore:26)

06-11 23:20:09.818  5580  5580 I LSPosed-Bridge: 	at com.qihoo.appstore.base.F.a(AppStore:1)

06-11 23:20:09.818  5580  5580 I LSPosed-Bridge: 	at com.qihoo.appstore.base.z.a(AppStore:14)

06-11 23:20:09.818  5580  5580 I LSPosed-Bridge: 	at com.qihoo.appstore.base.z.a(AppStore:1)

06-11 23:20:09.818  5580  5580 I LSPosed-Bridge: 	at com.qihoo.appstore.base.y.a(AppStore:2)

06-11 23:20:09.818  5580  5580 I LSPosed-Bridge: 	at com.qihoo.appstore.base.y.a(AppStore:1)

06-11 23:20:09.818  5580  5580 I LSPosed-Bridge: 	at com.qihoo.appstore.base.C.a(AppStore:3)

06-11 23:20:09.818  5580  5580 I LSPosed-Bridge: 	at com.qihoo.appstore.base.C.onResponse(AppStore:1)

06-11 23:20:09.818  5580  5580 I LSPosed-Bridge: 	at com.android.volley.toolbox.JsonRequest.deliverResponse(AppStore:1)

06-11 23:20:09.818  5580  5580 I LSPosed-Bridge: 	at com.android.volley.ExecutorDelivery$ResponseDeliveryRunnable.run(AppStore:4)

06-11 23:20:09.818  5580  5580 I LSPosed-Bridge: 	at android.os.Handler.handleCallback(Handler.java:873)

06-11 23:20:09.818  5580  5580 I LSPosed-Bridge: 	at android.os.Handler.dispatchMessage(Handler.java:99)

06-11 23:20:09.818  5580  5580 I LSPosed-Bridge: 	at android.os.Looper.loop(Looper.java:193)

06-11 23:20:09.818  5580  5580 I LSPosed-Bridge: 	at android.app.ActivityThread.main(ActivityThread.java:6692)

06-11 23:20:09.818  5580  5580 I LSPosed-Bridge: 	at java.lang.reflect.Method.invoke(Native Method)

06-11 23:20:09.818  5580  5580 I LSPosed-Bridge: 	at com.android.internal.os.RuntimeInit$MethodAndArgsCaller.run(RuntimeInit.java:493)

06-11 23:20:09.818  5580  5580 I LSPosed-Bridge: 	at com.android.internal.os.ZygoteInit.main(ZygoteInit.java:858)

06-11 23:20:09.827  1568  1715 I LSPosed-Bridge: 5580 PermLabel 10124 AMS.checkPermission: Binder.getCallingPid() = 1903; uid = 10124; Binder.getCallingUid() = 1001; getNameForUid: android.uid.phone:1001; getPackagesForUid: [com.qualcomm.qti.callfeaturessetting, com.android.stk, com.qualcomm.qti.lpa, com.qualcomm.qcrilmsgtunnel, com.android.phone, com.qti.qualcomm.deviceinfo, com.qualcomm.simcontacts, com.qualcomm.qti.networksetting, com.android.mms.service, com.qti.qualcomm.datastatusnotification, org.codeaurora.ims, com.qti.xdivert, com.qualcomm.qti.autoregistration, com.qti.confuridialer, com.qualcomm.qti.uim, com.android.providers.telephony, com.qualcomm.qti.ims, com.qualcomm.qti.telephonyservice]; permName: android.permission.ACCESS_COARSE_LOCATION; type = 1; res = -1; stacktrace=java.lang.Exception

06-11 23:20:09.827  1568  1715 I LSPosed-Bridge: 	at com.example.permlabel.requirePerm$1$2.afterHookedMethod(requirePerm.java:123)

06-11 23:20:09.827  1568  1715 I LSPosed-Bridge: 	at de.robv.android.xposed.XposedBridge$AdditionalHookInfo.callback(Unknown Source:147)

06-11 23:20:09.827  1568  1715 I LSPosed-Bridge: 	at LSPHooker_.checkPermission(Unknown Source:25)

06-11 23:20:09.827  1568  1715 I LSPosed-Bridge: 	at android.app.IActivityManager$Stub.onTransact(IActivityManager.java:664)

06-11 23:20:09.827  1568  1715 I LSPosed-Bridge: 	at com.android.server.am.ActivityManagerService.onTransact(ActivityManagerService.java:3346)

06-11 23:20:09.827  1568  1715 I LSPosed-Bridge: 	at android.os.Binder.execTransact(Binder.java:731)

06-11 23:20:09.830  5580  5580 I LSPosed-Bridge: 5580 PermLabel 10124; permName: android.permission.ACCESS_COARSE_LOCATION; getCellLocation res = null; stacktrace=java.lang.Exception

06-11 23:20:09.830  5580  5580 I LSPosed-Bridge: 	at com.example.permlabel.hookLocationExtra_test$3.afterHookedMethod(hookLocationExtra_test.java:52)

06-11 23:20:09.830  5580  5580 I LSPosed-Bridge: 	at de.robv.android.xposed.XposedBridge$AdditionalHookInfo.callback(Unknown Source:147)

06-11 23:20:09.830  5580  5580 I LSPosed-Bridge: 	at LSPHooker_.getCellLocation(Unknown Source:8)

06-11 23:20:09.830  5580  5580 I LSPosed-Bridge: 	at com.qihoo.utils.DeviceUtils.getCid(AppStore:5)

06-11 23:20:09.830  5580  5580 I LSPosed-Bridge: 	at com.qihoo.utils.Wa.a(AppStore:3)

06-11 23:20:09.830  5580  5580 I LSPosed-Bridge: 	at com.qihoo360.common.helper.q.Y(AppStore:40)

06-11 23:20:09.830  5580  5580 I LSPosed-Bridge: 	at com.qihoo360.common.helper.q.a(AppStore:91)

06-11 23:20:09.830  5580  5580 I LSPosed-Bridge: 	at com.qihoo.appstore.base.F.a(AppStore:26)

06-11 23:20:09.830  5580  5580 I LSPosed-Bridge: 	at com.qihoo.appstore.base.F.a(AppStore:1)

06-11 23:20:09.830  5580  5580 I LSPosed-Bridge: 	at com.qihoo.appstore.base.z.a(AppStore:14)

06-11 23:20:09.830  5580  5580 I LSPosed-Bridge: 	at com.qihoo.appstore.base.z.a(AppStore:1)

06-11 23:20:09.830  5580  5580 I LSPosed-Bridge: 	at com.qihoo.appstore.base.y.a(AppStore:2)

06-11 23:20:09.830  5580  5580 I LSPosed-Bridge: 	at com.qihoo.appstore.base.y.a(AppStore:1)

06-11 23:20:09.830  5580  5580 I LSPosed-Bridge: 	at com.qihoo.appstore.base.C.a(AppStore:3)

06-11 23:20:09.830  5580  5580 I LSPosed-Bridge: 	at com.qihoo.appstore.base.C.onResponse(AppStore:1)

06-11 23:20:09.830  5580  5580 I LSPosed-Bridge: 	at com.android.volley.toolbox.JsonRequest.deliverResponse(AppStore:1)

06-11 23:20:09.830  5580  5580 I LSPosed-Bridge: 	at com.android.volley.ExecutorDelivery$ResponseDeliveryRunnable.run(AppStore:4)

06-11 23:20:09.830  5580  5580 I LSPosed-Bridge: 	at android.os.Handler.handleCallback(Handler.java:873)

06-11 23:20:09.830  5580  5580 I LSPosed-Bridge: 	at android.os.Handler.dispatchMessage(Handler.java:99)

06-11 23:20:09.830  5580  5580 I LSPosed-Bridge: 	at android.os.Looper.loop(Looper.java:193)

06-11 23:20:09.830  5580  5580 I LSPosed-Bridge: 	at android.app.ActivityThread.main(ActivityThread.java:6692)

06-11 23:20:09.830  5580  5580 I LSPosed-Bridge: 	at java.lang.reflect.Method.invoke(Native Method)

06-11 23:20:09.830  5580  5580 I LSPosed-Bridge: 	at com.android.internal.os.RuntimeInit$MethodAndArgsCaller.run(RuntimeInit.java:493)

06-11 23:20:09.830  5580  5580 I LSPosed-Bridge: 	at com.android.internal.os.ZygoteInit.main(ZygoteInit.java:858)

06-11 23:20:09.830  5580  8363 W ws001   : NRH lcl.fc: c=com.qihoo360.replugin.CustomPlugin

06-11 23:20:11.096  5625  8452 I LSPosed-Bridge: 5625 PermLabel 10124 ContextImpl.checkPermission: pid = 5625; uid = 10124; permName: android.permission.ACCESS_COARSE_LOCATION; type = 1; res = -1; stacktrace=java.lang.Exception

06-11 23:20:11.096  5625  8452 I LSPosed-Bridge: 	at com.example.permlabel.requestPerm$2.afterHookedMethod(requestPerm.java:201)

06-11 23:20:11.096  5625  8452 I LSPosed-Bridge: 	at de.robv.android.xposed.XposedBridge$AdditionalHookInfo.callback(Unknown Source:147)

06-11 23:20:11.096  5625  8452 I LSPosed-Bridge: 	at LSPHooker_.checkPermission(Unknown Source:25)

06-11 23:20:11.096  5625  8452 I LSPosed-Bridge: 	at android.content.ContextWrapper.checkPermission(ContextWrapper.java:738)

06-11 23:20:11.096  5625  8452 I LSPosed-Bridge: 	at com.qihoo.antispam.c.n.a(AppStore:1)

06-11 23:20:11.096  5625  8452 I LSPosed-Bridge: 	at com.qihoo.antispam.a.c.h(AppStore:4)

06-11 23:20:11.096  5625  8452 I LSPosed-Bridge: 	at com.qihoo.antispam.holmes.info.DeviceInfoCollector.collectPackageInfo(AppStore:27)

06-11 23:20:11.096  5625  8452 I LSPosed-Bridge: 	at com.qihoo.antispam.holmes.info.DeviceInfoCollector.collectDeviceInfo(AppStore:10)

06-11 23:20:11.096  5625  8452 I LSPosed-Bridge: 	at com.qihoo.antispam.holmes.h.d.e(AppStore:5)

06-11 23:20:11.096  5625  8452 I LSPosed-Bridge: 	at com.qihoo.antispam.holmes.h.d.f(AppStore:1)

06-11 23:20:11.096  5625  8452 I LSPosed-Bridge: 	at com.qihoo.antispam.holmes.h.d.h(AppStore:3)

06-11 23:20:11.096  5625  8452 I LSPosed-Bridge: 	at com.qihoo.antispam.holmes.h.d.a(AppStore:2)

06-11 23:20:11.096  5625  8452 I LSPosed-Bridge: 	at com.qihoo.antispam.holmes.h.d$1.a(AppStore:1)

06-11 23:20:11.096  5625  8452 I LSPosed-Bridge: 	at com.qihoo.antispam.holmes.d.g.run(AppStore:1)

06-11 23:20:11.096  5625  8452 I LSPosed-Bridge: 	at java.util.concurrent.Executors$RunnableAdapter.call(Executors.java:458)

06-11 23:20:11.096  5625  8452 I LSPosed-Bridge: 	at java.util.concurrent.FutureTask.run(FutureTask.java:266)

06-11 23:20:11.096  5625  8452 I LSPosed-Bridge: 	at java.util.concurrent.ThreadPoolExecutor.runWorker(ThreadPoolExecutor.java:1167)

06-11 23:20:11.096  5625  8452 I LSPosed-Bridge: 	at java.util.concurrent.ThreadPoolExecutor$Worker.run(ThreadPoolExecutor.java:641)

06-11 23:20:11.096  5625  8452 I LSPosed-Bridge: 	at java.lang.Thread.run(Thread.java:764)

