06-25 10:03:05.255  5207  5207 I LSPosed-Bridge: 5207 PermLabel 10137 permission_group_mapping =android.permission.CAMERA Camera

06-25 10:03:05.278  1567  1567 W Looper  : Slow delivery took 223ms main h=android.os.Handler c=android.app.-$$Lambda$LoadedApk$ReceiverDispatcher$Args$_BumDX2UKsnxLVrE6UJsJZkotuA@9d9f38f m=0

06-25 10:03:05.278  1567  1567 W Looper  : Slow delivery took 223ms main h=android.os.Handler c=android.app.-$$Lambda$LoadedApk$ReceiverDispatcher$Args$_BumDX2UKsnxLVrE6UJsJZkotuA@9d9f38f m=0

06-25 10:03:05.278  5207  5207 I LSPosed-Bridge: 5207 PermLabel 10137 permission_type_mapping =getui.permission.GetuiService.com.Qunar 2; 

06-25 10:03:05.278  5207  5207 I LSPosed-Bridge: 5207 PermLabel 10137 permission_type_mapping =getui.permission.GetuiService.com.Qunar 2; 

06-25 10:03:05.278  5207  5207 I LSPosed-Bridge: 5207 PermLabel 10137 all_declared permissions =android.permission.INTERNET android.permission.WRITE_EXTERNAL_STORAGE qutui.permission.GPushReceiver.com.Qunar android.permission.RECEIVE_USER_PRESENT android.permission.WAKE_LOCK android.permission.ACCESS_NETWORK_STATE android.permission.ACCESS_FINE_LOCATION android.permission.ACCESS_WIFI_STATE android.permission.GET_TASKS android.permission.READ_EXTERNAL_STORAGE android.permission.VIBRATE android.permission.READ_CONTACTS android.permission.RECORD_AUDIO com.android.launcher.permission.INSTALL_SHORTCUT android.permission.CAMERA android.permission.FLASHLIGHT android.permission.WRITE_CALENDAR android.permission.READ_CALENDAR android.permission.GET_PACKAGE_SIZE android.permission.REQUEST_INSTALL_PACKAGES android.permission.SYSTEM_ALERT_WINDOW android.permission.USE_FINGERPRINT android.permission.USE_CREDENTIALS android.permission.CHANGE_NETWORK_STATE android.permission.WRITE_SETTINGS android.permission.CALL_PHONE android.permission.SYSTEM_OVERLAY_WINDOW android.permission.BLUETOOTH android.permission.CHANGE_WIFI_STATE android.permission.NFC android.permission.BLUETOOTH_CONNECT android.permission.MODIFY_AUDIO_SETTINGS android.permission.ACCESS_COARSE_LOCATION android.permission.FOREGROUND_SERVICE android.permission.CAPTURE_AUDIO_OUTPUT com.huawei.android.launcher.permission.CHANGE_BADGE android.permission.USE_BIOMETRIC com.asus.msa.SupplementaryDID.ACCESS freemme.permission.msa android.permission.MOUNT_UNMOUNT_FILESYSTEMS android.permission.SCHEDULE_EXACT_ALARM getui.permission.GetuiService.com.Qunar 

06-25 10:03:05.278  5207  5207 I LSPosed-Bridge: 5207 PermLabel 10137 all_declared permissions =android.permission.INTERNET android.permission.WRITE_EXTERNAL_STORAGE qutui.permission.GPushReceiver.com.Qunar android.permission.RECEIVE_USER_PRESENT android.permission.WAKE_LOCK android.permission.ACCESS_NETWORK_STATE android.permission.ACCESS_FINE_LOCATION android.permission.ACCESS_WIFI_STATE android.permission.GET_TASKS android.permission.READ_EXTERNAL_STORAGE android.permission.VIBRATE android.permission.READ_CONTACTS android.permission.RECORD_AUDIO com.android.launcher.permission.INSTALL_SHORTCUT android.permission.CAMERA android.permission.FLASHLIGHT android.permission.WRITE_CALENDAR android.permission.READ_CALENDAR android.permission.GET_PACKAGE_SIZE android.permission.REQUEST_INSTALL_PACKAGES android.permission.SYSTEM_ALERT_WINDOW android.permission.USE_FINGERPRINT android.permission.USE_CREDENTIALS android.permission.CHANGE_NETWORK_STATE android.permission.WRITE_SETTINGS android.permission.CALL_PHONE android.permission.SYSTEM_OVERLAY_WINDOW android.permission.BLUETOOTH android.permission.CHANGE_WIFI_STATE android.permission.NFC android.permission.BLUETOOTH_CONNECT android.permission.MODIFY_AUDIO_SETTINGS android.permission.ACCESS_COARSE_LOCATION android.permission.FOREGROUND_SERVICE android.permission.CAPTURE_AUDIO_OUTPUT com.huawei.android.launcher.permission.CHANGE_BADGE android.permission.USE_BIOMETRIC com.asus.msa.SupplementaryDID.ACCESS freemme.permission.msa android.permission.MOUNT_UNMOUNT_FILESYSTEMS android.permission.SCHEDULE_EXACT_ALARM getui.permission.GetuiService.com.Qunar 

06-25 10:03:05.278  5207  5207 I LSPosed-Bridge: 5207 PermLabel 10137 declared normal_permissions =android.permission.INTERNET android.permission.WAKE_LOCK android.permission.ACCESS_NETWORK_STATE android.permission.ACCESS_WIFI_STATE android.permission.GET_TASKS android.permission.VIBRATE com.android.launcher.permission.INSTALL_SHORTCUT android.permission.FLASHLIGHT android.permission.GET_PACKAGE_SIZE android.permission.USE_FINGERPRINT android.permission.USE_CREDENTIALS android.permission.CHANGE_NETWORK_STATE android.permission.BLUETOOTH android.permission.CHANGE_WIFI_STATE android.permission.NFC android.permission.MODIFY_AUDIO_SETTINGS android.permission.FOREGROUND_SERVICE android.permission.USE_BIOMETRIC 

06-25 10:03:05.278  5207  5207 I LSPosed-Bridge: 5207 PermLabel 10137 declared normal_permissions =android.permission.INTERNET android.permission.WAKE_LOCK android.permission.ACCESS_NETWORK_STATE android.permission.ACCESS_WIFI_STATE android.permission.GET_TASKS android.permission.VIBRATE com.android.launcher.permission.INSTALL_SHORTCUT android.permission.FLASHLIGHT android.permission.GET_PACKAGE_SIZE android.permission.USE_FINGERPRINT android.permission.USE_CREDENTIALS android.permission.CHANGE_NETWORK_STATE android.permission.BLUETOOTH android.permission.CHANGE_WIFI_STATE android.permission.NFC android.permission.MODIFY_AUDIO_SETTINGS android.permission.FOREGROUND_SERVICE android.permission.USE_BIOMETRIC 

06-25 10:03:05.278  5207  5207 I LSPosed-Bridge: 5207 PermLabel 10137 declared dangerous_permissions =android.permission.WRITE_EXTERNAL_STORAGE android.permission.ACCESS_FINE_LOCATION android.permission.READ_EXTERNAL_STORAGE android.permission.READ_CONTACTS android.permission.RECORD_AUDIO android.permission.CAMERA android.permission.WRITE_CALENDAR android.permission.READ_CALENDAR android.permission.CALL_PHONE android.permission.ACCESS_COARSE_LOCATION 

06-25 10:03:05.278  5207  5207 I LSPosed-Bridge: 5207 PermLabel 10137 declared dangerous_permissions =android.permission.WRITE_EXTERNAL_STORAGE android.permission.ACCESS_FINE_LOCATION android.permission.READ_EXTERNAL_STORAGE android.permission.READ_CONTACTS android.permission.RECORD_AUDIO android.permission.CAMERA android.permission.WRITE_CALENDAR android.permission.READ_CALENDAR android.permission.CALL_PHONE android.permission.ACCESS_COARSE_LOCATION 

06-25 10:03:05.278  5207  5207 I LSPosed-Bridge: 5207 PermLabel 10137 declared dangerous_group =Storage Location Storage Contacts Microphone Camera Calendar Calendar Telephone Location 

06-25 10:03:05.278  5207  5207 I LSPosed-Bridge: 5207 PermLabel 10137 declared dangerous_group =Storage Location Storage Contacts Microphone Camera Calendar Calendar Telephone Location 

06-25 10:04:35.072  9384  9384 I LSPosed-Bridge: 9384 PermLabel 10137 permission_group_mapping =android.permission.CAMERA Camera

06-25 10:04:35.100  9384  9384 W System.err: android.content.pm.PackageManager$NameNotFoundException: android.permission.SCHEDULE_EXACT_ALARM

06-25 10:04:35.100  9384  9384 W System.err: 	at android.app.ApplicationPackageManager.getPermissionInfo(ApplicationPackageManager.java:315)

06-25 10:04:35.100  9384  9384 W System.err: 	at com.example.permlabel.requestPerm.handleLoadPackage(requestPerm.java:96)

06-25 10:04:35.100  9384  9384 W System.err: 	at de.robv.android.xposed.IXposedHookLoadPackage$Wrapper.handleLoadPackage(Unknown Source:2)

06-25 10:04:35.100  9384  9384 W System.err: 	at de.robv.android.xposed.callbacks.XC_LoadPackage.call(Unknown Source:6)

06-25 10:04:35.100  9384  9384 W System.err: 	at de.robv.android.xposed.callbacks.XCallback.callAll(Unknown Source:26)

06-25 10:04:35.100  9384  9384 W System.err: 	at I.afterHookedMethod(Unknown Source:1)

06-25 10:04:35.100  9384  9384 W System.err: 	at de.robv.android.xposed.XposedBridge$AdditionalHookInfo.callback(Unknown Source:147)

06-25 10:04:35.100  9384  9384 W System.err: 	at LSPHooker_.getClassLoader(Unknown Source:8)

06-25 10:04:35.100  9384  9384 W System.err: 	at android.app.LoadedApk.getResources(LoadedApk.java:1032)

06-25 10:04:35.100  9384  9384 W System.err: 	at android.app.ContextImpl.createAppContext(ContextImpl.java:2345)

06-25 10:04:35.100  9384  9384 W System.err: 	at android.app.ActivityThread.handleBindApplication(ActivityThread.java:5759)

06-25 10:04:35.100  9384  9384 W System.err: 	at android.app.ActivityThread.access$1100(ActivityThread.java:200)

06-25 10:04:35.100  9384  9384 W System.err: 	at android.app.ActivityThread$H.handleMessage(ActivityThread.java:1651)

06-25 10:04:35.100  9384  9384 W System.err: 	at android.os.Handler.dispatchMessage(Handler.java:106)

06-25 10:04:35.100  9384  9384 W System.err: 	at android.os.Looper.loop(Looper.java:193)

06-25 10:04:35.100  9384  9384 W System.err: 	at android.app.ActivityThread.main(ActivityThread.java:6692)

06-25 10:04:35.100  9384  9384 W System.err: 	at java.lang.reflect.Method.invoke(Native Method)

06-25 10:04:35.100  9384  9384 W System.err: 	at com.android.internal.os.RuntimeInit$MethodAndArgsCaller.run(RuntimeInit.java:493)

06-25 10:04:35.100  9384  9384 W System.err: 	at com.android.internal.os.ZygoteInit.main(ZygoteInit.java:858)

06-25 10:04:35.100   553   553 I ConfigStore: android::hardware::configstore::V1_0::ISurfaceFlingerConfigs::hasHDRDisplay retrieved: 0

06-25 10:04:35.100  9384  9384 I LSPosed-Bridge: 9384 PermLabel 10137 permission_type_mapping =getui.permission.GetuiService.com.Qunar 2; 

06-25 10:04:35.100  9384  9384 I LSPosed-Bridge: 9384 PermLabel 10137 all_declared permissions =android.permission.INTERNET android.permission.WRITE_EXTERNAL_STORAGE qutui.permission.GPushReceiver.com.Qunar android.permission.RECEIVE_USER_PRESENT android.permission.WAKE_LOCK android.permission.ACCESS_NETWORK_STATE android.permission.ACCESS_FINE_LOCATION android.permission.ACCESS_WIFI_STATE android.permission.GET_TASKS android.permission.READ_EXTERNAL_STORAGE android.permission.VIBRATE android.permission.READ_CONTACTS android.permission.RECORD_AUDIO com.android.launcher.permission.INSTALL_SHORTCUT android.permission.CAMERA android.permission.FLASHLIGHT android.permission.WRITE_CALENDAR android.permission.READ_CALENDAR android.permission.GET_PACKAGE_SIZE android.permission.REQUEST_INSTALL_PACKAGES android.permission.SYSTEM_ALERT_WINDOW android.permission.USE_FINGERPRINT android.permission.USE_CREDENTIALS android.permission.CHANGE_NETWORK_STATE android.permission.WRITE_SETTINGS android.permission.CALL_PHONE android.permission.SYSTEM_OVERLAY_WINDOW android.permission.BLUETOOTH android.permission.CHANGE_WIFI_STATE android.permission.NFC android.permission.BLUETOOTH_CONNECT android.permission.MODIFY_AUDIO_SETTINGS android.permission.ACCESS_COARSE_LOCATION android.permission.FOREGROUND_SERVICE android.permission.CAPTURE_AUDIO_OUTPUT com.huawei.android.launcher.permission.CHANGE_BADGE android.permission.USE_BIOMETRIC com.asus.msa.SupplementaryDID.ACCESS freemme.permission.msa android.permission.MOUNT_UNMOUNT_FILESYSTEMS android.permission.SCHEDULE_EXACT_ALARM getui.permission.GetuiService.com.Qunar 

06-25 10:04:35.100  9384  9384 I LSPosed-Bridge: 9384 PermLabel 10137 declared normal_permissions =android.permission.INTERNET android.permission.WAKE_LOCK android.permission.ACCESS_NETWORK_STATE android.permission.ACCESS_WIFI_STATE android.permission.GET_TASKS android.permission.VIBRATE com.android.launcher.permission.INSTALL_SHORTCUT android.permission.FLASHLIGHT android.permission.GET_PACKAGE_SIZE android.permission.USE_FINGERPRINT android.permission.USE_CREDENTIALS android.permission.CHANGE_NETWORK_STATE android.permission.BLUETOOTH android.permission.CHANGE_WIFI_STATE android.permission.NFC android.permission.MODIFY_AUDIO_SETTINGS android.permission.FOREGROUND_SERVICE android.permission.USE_BIOMETRIC 

06-25 10:04:35.101  9384  9384 I LSPosed-Bridge: 9384 PermLabel 10137 declared dangerous_permissions =android.permission.WRITE_EXTERNAL_STORAGE android.permission.ACCESS_FINE_LOCATION android.permission.READ_EXTERNAL_STORAGE android.permission.READ_CONTACTS android.permission.RECORD_AUDIO android.permission.CAMERA android.permission.WRITE_CALENDAR android.permission.READ_CALENDAR android.permission.CALL_PHONE android.permission.ACCESS_COARSE_LOCATION 

06-25 10:04:35.101  9384  9384 I LSPosed-Bridge: 9384 PermLabel 10137 declared dangerous_group =Storage Location Storage Contacts Microphone Camera Calendar Calendar Telephone Location 

06-25 10:04:35.101   553   553 I ConfigStore: android::hardware::configstore::V1_0::ISurfaceFlingerConfigs::hasHDRDisplay retrieved: 0

06-25 10:04:38.418  1567  1580 I LSPosed-Bridge: 5207 PermLabel 10137 AMS.checkPermission: Binder.getCallingPid() = 5207; uid = 10137; Binder.getCallingUid() = 10137; getNameForUid: com.Qunar; getPackagesForUid: [com.Qunar]; permName: android.permission.ACCESS_NETWORK_STATE; type = 0; res = 0; stacktrace=java.lang.Exception

06-25 10:04:38.418  1567  1580 I LSPosed-Bridge: 	at com.example.permlabel.requirePerm$1$2.afterHookedMethod(requirePerm.java:131)

06-25 10:04:38.418  1567  1580 I LSPosed-Bridge: 	at de.robv.android.xposed.XposedBridge$AdditionalHookInfo.callback(Unknown Source:147)

06-25 10:04:38.418  1567  1580 I LSPosed-Bridge: 	at LSPHooker_.checkPermission(Unknown Source:25)

06-25 10:04:38.418  1567  1580 I LSPosed-Bridge: 	at android.app.ContextImpl.checkPermission(ContextImpl.java:1751)

06-25 10:04:38.418  1567  1580 I LSPosed-Bridge: 	at android.app.ContextImpl.checkCallingOrSelfPermission(ContextImpl.java:1791)

06-25 10:04:38.418  1567  1580 I LSPosed-Bridge: 	at android.app.ContextImpl.enforceCallingOrSelfPermission(ContextImpl.java:1841)

06-25 10:04:38.418  1567  1580 I LSPosed-Bridge: 	at com.android.server.ConnectivityService.enforceAccessPermission(ConnectivityService.java:1672)

06-25 10:04:38.418  1567  1580 I LSPosed-Bridge: 	at com.android.server.ConnectivityService.getActiveNetworkInfo(ConnectivityService.java:1178)

06-25 10:04:38.418  1567  1580 I LSPosed-Bridge: 	at android.net.IConnectivityManager$Stub.onTransact(IConnectivityManager.java:85)

06-25 10:04:38.418  1567  1580 I LSPosed-Bridge: 	at android.os.Binder.execTransact(Binder.java:731)

06-25 10:04:38.418  9839  9839 I LSPosed-Bridge: 9839 PermLabel 10137 permission_group_mapping =android.permission.CAMERA Camera

06-25 10:04:38.441  9839  9839 I LSPosed-Bridge: 9839 PermLabel 10137 permission_type_mapping =getui.permission.GetuiService.com.Qunar 2; 

06-25 10:04:38.441  9839  9839 I LSPosed-Bridge: 9839 PermLabel 10137 permission_type_mapping =getui.permission.GetuiService.com.Qunar 2; 

06-25 10:04:38.441  9839  9839 I LSPosed-Bridge: 9839 PermLabel 10137 all_declared permissions =android.permission.INTERNET android.permission.WRITE_EXTERNAL_STORAGE qutui.permission.GPushReceiver.com.Qunar android.permission.RECEIVE_USER_PRESENT android.permission.WAKE_LOCK android.permission.ACCESS_NETWORK_STATE android.permission.ACCESS_FINE_LOCATION android.permission.ACCESS_WIFI_STATE android.permission.GET_TASKS android.permission.READ_EXTERNAL_STORAGE android.permission.VIBRATE android.permission.READ_CONTACTS android.permission.RECORD_AUDIO com.android.launcher.permission.INSTALL_SHORTCUT android.permission.CAMERA android.permission.FLASHLIGHT android.permission.WRITE_CALENDAR android.permission.READ_CALENDAR android.permission.GET_PACKAGE_SIZE android.permission.REQUEST_INSTALL_PACKAGES android.permission.SYSTEM_ALERT_WINDOW android.permission.USE_FINGERPRINT android.permission.USE_CREDENTIALS android.permission.CHANGE_NETWORK_STATE android.permission.WRITE_SETTINGS android.permission.CALL_PHONE android.permission.SYSTEM_OVERLAY_WINDOW android.permission.BLUETOOTH android.permission.CHANGE_WIFI_STATE android.permission.NFC android.permission.BLUETOOTH_CONNECT android.permission.MODIFY_AUDIO_SETTINGS android.permission.ACCESS_COARSE_LOCATION android.permission.FOREGROUND_SERVICE android.permission.CAPTURE_AUDIO_OUTPUT com.huawei.android.launcher.permission.CHANGE_BADGE android.permission.USE_BIOMETRIC com.asus.msa.SupplementaryDID.ACCESS freemme.permission.msa android.permission.MOUNT_UNMOUNT_FILESYSTEMS android.permission.SCHEDULE_EXACT_ALARM getui.permission.GetuiService.com.Qunar 

06-25 10:04:38.441  9839  9839 I LSPosed-Bridge: 9839 PermLabel 10137 all_declared permissions =android.permission.INTERNET android.permission.WRITE_EXTERNAL_STORAGE qutui.permission.GPushReceiver.com.Qunar android.permission.RECEIVE_USER_PRESENT android.permission.WAKE_LOCK android.permission.ACCESS_NETWORK_STATE android.permission.ACCESS_FINE_LOCATION android.permission.ACCESS_WIFI_STATE android.permission.GET_TASKS android.permission.READ_EXTERNAL_STORAGE android.permission.VIBRATE android.permission.READ_CONTACTS android.permission.RECORD_AUDIO com.android.launcher.permission.INSTALL_SHORTCUT android.permission.CAMERA android.permission.FLASHLIGHT android.permission.WRITE_CALENDAR android.permission.READ_CALENDAR android.permission.GET_PACKAGE_SIZE android.permission.REQUEST_INSTALL_PACKAGES android.permission.SYSTEM_ALERT_WINDOW android.permission.USE_FINGERPRINT android.permission.USE_CREDENTIALS android.permission.CHANGE_NETWORK_STATE android.permission.WRITE_SETTINGS android.permission.CALL_PHONE android.permission.SYSTEM_OVERLAY_WINDOW android.permission.BLUETOOTH android.permission.CHANGE_WIFI_STATE android.permission.NFC android.permission.BLUETOOTH_CONNECT android.permission.MODIFY_AUDIO_SETTINGS android.permission.ACCESS_COARSE_LOCATION android.permission.FOREGROUND_SERVICE android.permission.CAPTURE_AUDIO_OUTPUT com.huawei.android.launcher.permission.CHANGE_BADGE android.permission.USE_BIOMETRIC com.asus.msa.SupplementaryDID.ACCESS freemme.permission.msa android.permission.MOUNT_UNMOUNT_FILESYSTEMS android.permission.SCHEDULE_EXACT_ALARM getui.permission.GetuiService.com.Qunar 

06-25 10:04:38.441  9839  9839 I LSPosed-Bridge: 9839 PermLabel 10137 declared normal_permissions =android.permission.INTERNET android.permission.WAKE_LOCK android.permission.ACCESS_NETWORK_STATE android.permission.ACCESS_WIFI_STATE android.permission.GET_TASKS android.permission.VIBRATE com.android.launcher.permission.INSTALL_SHORTCUT android.permission.FLASHLIGHT android.permission.GET_PACKAGE_SIZE android.permission.USE_FINGERPRINT android.permission.USE_CREDENTIALS android.permission.CHANGE_NETWORK_STATE android.permission.BLUETOOTH android.permission.CHANGE_WIFI_STATE android.permission.NFC android.permission.MODIFY_AUDIO_SETTINGS android.permission.FOREGROUND_SERVICE android.permission.USE_BIOMETRIC 

06-25 10:04:38.441  9839  9839 I LSPosed-Bridge: 9839 PermLabel 10137 declared normal_permissions =android.permission.INTERNET android.permission.WAKE_LOCK android.permission.ACCESS_NETWORK_STATE android.permission.ACCESS_WIFI_STATE android.permission.GET_TASKS android.permission.VIBRATE com.android.launcher.permission.INSTALL_SHORTCUT android.permission.FLASHLIGHT android.permission.GET_PACKAGE_SIZE android.permission.USE_FINGERPRINT android.permission.USE_CREDENTIALS android.permission.CHANGE_NETWORK_STATE android.permission.BLUETOOTH android.permission.CHANGE_WIFI_STATE android.permission.NFC android.permission.MODIFY_AUDIO_SETTINGS android.permission.FOREGROUND_SERVICE android.permission.USE_BIOMETRIC 

06-25 10:04:38.441  9839  9839 I LSPosed-Bridge: 9839 PermLabel 10137 declared dangerous_permissions =android.permission.WRITE_EXTERNAL_STORAGE android.permission.ACCESS_FINE_LOCATION android.permission.READ_EXTERNAL_STORAGE android.permission.READ_CONTACTS android.permission.RECORD_AUDIO android.permission.CAMERA android.permission.WRITE_CALENDAR android.permission.READ_CALENDAR android.permission.CALL_PHONE android.permission.ACCESS_COARSE_LOCATION 

06-25 10:04:38.441  9839  9839 I LSPosed-Bridge: 9839 PermLabel 10137 declared dangerous_permissions =android.permission.WRITE_EXTERNAL_STORAGE android.permission.ACCESS_FINE_LOCATION android.permission.READ_EXTERNAL_STORAGE android.permission.READ_CONTACTS android.permission.RECORD_AUDIO android.permission.CAMERA android.permission.WRITE_CALENDAR android.permission.READ_CALENDAR android.permission.CALL_PHONE android.permission.ACCESS_COARSE_LOCATION 

06-25 10:04:38.441  9839  9839 I LSPosed-Bridge: 9839 PermLabel 10137 declared dangerous_group =Storage Location Storage Contacts Microphone Camera Calendar Calendar Telephone Location 

06-25 10:04:38.441  9839  9839 I LSPosed-Bridge: 9839 PermLabel 10137 declared dangerous_group =Storage Location Storage Contacts Microphone Camera Calendar Calendar Telephone Location 

06-25 10:19:20.129  5207  7307 I LSPosed-Bridge: 5207 PermLabel 10137 android.permission.CAMERA getCameraInfo args0: 1; args1: android.hardware.Camera$CameraInfo@5310a48; res= null; stacktrace=java.lang.Exception

06-25 10:19:20.129  5207  7307 I LSPosed-Bridge: 	at com.example.permlabel.hookCamera$1.afterHookedMethod(hookCamera.java:21)

06-25 10:19:20.129  5207  7307 I LSPosed-Bridge: 	at de.robv.android.xposed.XposedBridge$AdditionalHookInfo.callback(Unknown Source:147)

06-25 10:19:20.129  5207  7307 I LSPosed-Bridge: 	at LSPHooker_.getCameraInfo(Unknown Source:15)

06-25 10:19:20.129  5207  7307 I LSPosed-Bridge: 	at z74.e(chromium-Monochrome.aab-stable-573513121:6)

06-25 10:19:20.129  5207  7307 I LSPosed-Bridge: 	at org.chromium.media.VideoCaptureFactory.getDeviceName(chromium-Monochrome.aab-stable-573513121:15)

06-25 10:19:20.130  5207  7307 I LSPosed-Bridge: 5207 PermLabel 10137 android.permission.CAMERA getCameraInfo args0: 1; args1: android.hardware.Camera$CameraInfo@5310a48; res= null; stacktrace=java.lang.Exception

06-25 10:19:20.130  5207  7307 I LSPosed-Bridge: 	at com.example.permlabel.hookCamera$1.afterHookedMethod(hookCamera.java:21)

06-25 10:19:20.130  5207  7307 I LSPosed-Bridge: 	at de.robv.android.xposed.XposedBridge$AdditionalHookInfo.callback(Unknown Source:147)

06-25 10:19:20.130  5207  7307 I LSPosed-Bridge: 	at LSPHooker_.getCameraInfo(Unknown Source:15)

06-25 10:19:20.130  5207  7307 I LSPosed-Bridge: 	at z74.e(chromium-Monochrome.aab-stable-573513121:6)

06-25 10:19:20.130  5207  7307 I LSPosed-Bridge: 	at org.chromium.media.VideoCaptureFactory.getDeviceName(chromium-Monochrome.aab-stable-573513121:15)

06-25 10:19:20.154  5207  7307 I LSPosed-Bridge: 5207 PermLabel 10137 android.permission.CAMERA getCameraInfo args0: 1; args1: android.hardware.Camera$CameraInfo@88cda60; res= null; stacktrace=java.lang.Exception

06-25 10:19:20.154  5207  7307 I LSPosed-Bridge: 5207 PermLabel 10137 android.permission.CAMERA getCameraInfo args0: 1; args1: android.hardware.Camera$CameraInfo@88cda60; res= null; stacktrace=java.lang.Exception

06-25 10:19:20.154  5207  7307 I LSPosed-Bridge: 	at com.example.permlabel.hookCamera$1.afterHookedMethod(hookCamera.java:21)

06-25 10:19:20.154  5207  7307 I LSPosed-Bridge: 	at com.example.permlabel.hookCamera$1.afterHookedMethod(hookCamera.java:21)

06-25 10:19:20.154  5207  7307 I LSPosed-Bridge: 	at de.robv.android.xposed.XposedBridge$AdditionalHookInfo.callback(Unknown Source:147)

06-25 10:19:20.154  5207  7307 I LSPosed-Bridge: 	at de.robv.android.xposed.XposedBridge$AdditionalHookInfo.callback(Unknown Source:147)

06-25 10:19:20.154  5207  7307 I LSPosed-Bridge: 	at LSPHooker_.getCameraInfo(Unknown Source:15)

06-25 10:19:20.154  5207  7307 I LSPosed-Bridge: 	at LSPHooker_.getCameraInfo(Unknown Source:15)

06-25 10:19:20.154  5207  7307 I LSPosed-Bridge: 	at z74.e(chromium-Monochrome.aab-stable-573513121:6)

06-25 10:19:20.154  5207  7307 I LSPosed-Bridge: 	at z74.e(chromium-Monochrome.aab-stable-573513121:6)

06-25 10:19:20.154  5207  7307 I LSPosed-Bridge: 	at org.chromium.media.VideoCaptureFactory.getCaptureApiType(chromium-Monochrome.aab-stable-573513121:8)

06-25 10:19:20.154  5207  7307 I LSPosed-Bridge: 	at org.chromium.media.VideoCaptureFactory.getCaptureApiType(chromium-Monochrome.aab-stable-573513121:8)

06-25 10:19:20.154  5207  7307 I LSPosed-Bridge: 5207 PermLabel 10137 android.permission.CAMERA getCameraInfo args0: 1; args1: android.hardware.Camera$CameraInfo@88cda60; res= null; stacktrace=java.lang.Exception

06-25 10:19:20.154  5207  7307 I LSPosed-Bridge: 5207 PermLabel 10137 android.permission.CAMERA getCameraInfo args0: 1; args1: android.hardware.Camera$CameraInfo@88cda60; res= null; stacktrace=java.lang.Exception

06-25 10:19:20.154  5207  7307 I LSPosed-Bridge: 	at com.example.permlabel.hookCamera$1.afterHookedMethod(hookCamera.java:21)

06-25 10:19:20.154  5207  7307 I LSPosed-Bridge: 	at com.example.permlabel.hookCamera$1.afterHookedMethod(hookCamera.java:21)

06-25 10:19:20.154  5207  7307 I LSPosed-Bridge: 	at de.robv.android.xposed.XposedBridge$AdditionalHookInfo.callback(Unknown Source:147)

06-25 10:19:20.154  5207  7307 I LSPosed-Bridge: 	at de.robv.android.xposed.XposedBridge$AdditionalHookInfo.callback(Unknown Source:147)

06-25 10:19:20.154  5207  7307 I LSPosed-Bridge: 	at LSPHooker_.getCameraInfo(Unknown Source:15)

06-25 10:19:20.154  5207  7307 I LSPosed-Bridge: 	at LSPHooker_.getCameraInfo(Unknown Source:15)

06-25 10:19:20.154  5207  7307 I LSPosed-Bridge: 	at z74.e(chromium-Monochrome.aab-stable-573513121:6)

06-25 10:19:20.154  5207  7307 I LSPosed-Bridge: 	at z74.e(chromium-Monochrome.aab-stable-573513121:6)

06-25 10:19:20.154  5207  7307 I LSPosed-Bridge: 	at org.chromium.media.VideoCaptureFactory.getCaptureApiType(chromium-Monochrome.aab-stable-573513121:8)

06-25 10:19:20.154  5207  7307 I LSPosed-Bridge: 	at org.chromium.media.VideoCaptureFactory.getCaptureApiType(chromium-Monochrome.aab-stable-573513121:8)

06-25 10:19:20.168  5207  7307 I LSPosed-Bridge: 5207 PermLabel 10137 android.permission.CAMERA getCameraInfo args0: 1; args1: android.hardware.Camera$CameraInfo@3d90dbf; res= null; stacktrace=java.lang.Exception

06-25 10:19:20.168  5207  7307 I LSPosed-Bridge: 5207 PermLabel 10137 android.permission.CAMERA getCameraInfo args0: 1; args1: android.hardware.Camera$CameraInfo@3d90dbf; res= null; stacktrace=java.lang.Exception

06-25 10:19:20.168  5207  7307 I LSPosed-Bridge: 	at com.example.permlabel.hookCamera$1.afterHookedMethod(hookCamera.java:21)

06-25 10:19:20.168  5207  7307 I LSPosed-Bridge: 	at com.example.permlabel.hookCamera$1.afterHookedMethod(hookCamera.java:21)

06-25 10:19:20.168  5207  7307 I LSPosed-Bridge: 	at de.robv.android.xposed.XposedBridge$AdditionalHookInfo.callback(Unknown Source:147)

06-25 10:19:20.168  5207  7307 I LSPosed-Bridge: 	at de.robv.android.xposed.XposedBridge$AdditionalHookInfo.callback(Unknown Source:147)

06-25 10:19:20.168  5207  7307 I LSPosed-Bridge: 	at LSPHooker_.getCameraInfo(Unknown Source:15)

06-25 10:19:20.168  5207  7307 I LSPosed-Bridge: 	at LSPHooker_.getCameraInfo(Unknown Source:15)

06-25 10:19:20.168  5207  7307 I LSPosed-Bridge: 	at z74.e(chromium-Monochrome.aab-stable-573513121:6)

06-25 10:19:20.168  5207  7307 I LSPosed-Bridge: 	at z74.e(chromium-Monochrome.aab-stable-573513121:6)

06-25 10:19:20.168  5207  7307 I LSPosed-Bridge: 	at org.chromium.media.VideoCaptureFactory.getFacingMode(chromium-Monochrome.aab-stable-573513121:10)

06-25 10:19:20.168  5207  7307 I LSPosed-Bridge: 	at org.chromium.media.VideoCaptureFactory.getFacingMode(chromium-Monochrome.aab-stable-573513121:10)

06-25 10:19:20.168  5207  7307 I LSPosed-Bridge: 5207 PermLabel 10137 android.permission.CAMERA getCameraInfo args0: 1; args1: android.hardware.Camera$CameraInfo@3d90dbf; res= null; stacktrace=java.lang.Exception

06-25 10:19:20.168  5207  7307 I LSPosed-Bridge: 5207 PermLabel 10137 android.permission.CAMERA getCameraInfo args0: 1; args1: android.hardware.Camera$CameraInfo@3d90dbf; res= null; stacktrace=java.lang.Exception

06-25 10:19:20.168  5207  7307 I LSPosed-Bridge: 	at com.example.permlabel.hookCamera$1.afterHookedMethod(hookCamera.java:21)

06-25 10:19:20.168  5207  7307 I LSPosed-Bridge: 	at com.example.permlabel.hookCamera$1.afterHookedMethod(hookCamera.java:21)

06-25 10:19:20.168  5207  7307 I LSPosed-Bridge: 	at de.robv.android.xposed.XposedBridge$AdditionalHookInfo.callback(Unknown Source:147)

06-25 10:19:20.168  5207  7307 I LSPosed-Bridge: 	at de.robv.android.xposed.XposedBridge$AdditionalHookInfo.callback(Unknown Source:147)

06-25 10:19:20.168  5207  7307 I LSPosed-Bridge: 	at LSPHooker_.getCameraInfo(Unknown Source:15)

06-25 10:19:20.168  5207  7307 I LSPosed-Bridge: 	at LSPHooker_.getCameraInfo(Unknown Source:15)

06-25 10:19:20.168  5207  7307 I LSPosed-Bridge: 	at z74.e(chromium-Monochrome.aab-stable-573513121:6)

06-25 10:19:20.168  5207  7307 I LSPosed-Bridge: 	at z74.e(chromium-Monochrome.aab-stable-573513121:6)

06-25 10:19:20.168  5207  7307 I LSPosed-Bridge: 	at org.chromium.media.VideoCaptureFactory.getFacingMode(chromium-Monochrome.aab-stable-573513121:10)

06-25 10:19:20.168  5207  7307 I LSPosed-Bridge: 	at org.chromium.media.VideoCaptureFactory.getFacingMode(chromium-Monochrome.aab-stable-573513121:10)

06-25 10:19:20.197  1567  4055 I LSPosed-Bridge: 5207 PermLabel 10137 AMS.checkPermission: Binder.getCallingPid() = 912; uid = 10137; Binder.getCallingUid() = 1047; getNameForUid: null; getPackagesForUid: null; permName: android.permission.CAMERA; type = 1; res = -1; stacktrace=java.lang.Exception

06-25 10:19:20.197  1567  4055 I LSPosed-Bridge: 	at com.example.permlabel.requirePerm$1$2.afterHookedMethod(requirePerm.java:137)

06-25 10:19:20.197  1567  4055 I LSPosed-Bridge: 	at de.robv.android.xposed.XposedBridge$AdditionalHookInfo.callback(Unknown Source:147)

06-25 10:19:20.197  1567  4055 I LSPosed-Bridge: 	at LSPHooker_.checkPermission(Unknown Source:25)

06-25 10:19:20.197  1567  4055 I LSPosed-Bridge: 	at com.android.server.am.ActivityManagerService$PermissionController.checkPermission(ActivityManagerService.java:9248)

06-25 10:19:20.197  1567  4055 I LSPosed-Bridge: 	at android.os.IPermissionController$Stub.onTransact(IPermissionController.java:56)

06-25 10:19:20.197  1567  4055 I LSPosed-Bridge: 	at android.os.Binder.execTransact(Binder.java:731)

06-25 10:19:20.302  1567  4055 I LSPosed-Bridge: 5207 PermLabel 10137 AMS.checkPermission: Binder.getCallingPid() = 912; uid = 10137; Binder.getCallingUid() = 1047; getNameForUid: null; getPackagesForUid: null; permName: android.permission.CAMERA; type = 1; res = -1; stacktrace=java.lang.Exception

06-25 10:19:20.302  1567  4055 I LSPosed-Bridge: 	at com.example.permlabel.requirePerm$1$2.afterHookedMethod(requirePerm.java:137)

06-25 10:19:20.302  1567  4055 I LSPosed-Bridge: 	at de.robv.android.xposed.XposedBridge$AdditionalHookInfo.callback(Unknown Source:147)

06-25 10:19:20.302  1567  4055 I LSPosed-Bridge: 	at LSPHooker_.checkPermission(Unknown Source:25)

06-25 10:19:20.302  1567  4055 I LSPosed-Bridge: 	at com.android.server.am.ActivityManagerService$PermissionController.checkPermission(ActivityManagerService.java:9248)

06-25 10:19:20.302  1567  4055 I LSPosed-Bridge: 	at android.os.IPermissionController$Stub.onTransact(IPermissionController.java:56)

06-25 10:19:20.302  1567  4055 I LSPosed-Bridge: 	at android.os.Binder.execTransact(Binder.java:731)

06-25 10:19:20.406  1567  4055 I LSPosed-Bridge: 5207 PermLabel 10137 AMS.checkPermission: Binder.getCallingPid() = 912; uid = 10137; Binder.getCallingUid() = 1047; getNameForUid: null; getPackagesForUid: null; permName: android.permission.CAMERA; type = 1; res = -1; stacktrace=java.lang.Exception

06-25 10:19:20.406  1567  4055 I LSPosed-Bridge: 	at com.example.permlabel.requirePerm$1$2.afterHookedMethod(requirePerm.java:137)

06-25 10:19:20.406  1567  4055 I LSPosed-Bridge: 	at de.robv.android.xposed.XposedBridge$AdditionalHookInfo.callback(Unknown Source:147)

06-25 10:19:20.406  1567  4055 I LSPosed-Bridge: 	at LSPHooker_.checkPermission(Unknown Source:25)

06-25 10:19:20.406  1567  4055 I LSPosed-Bridge: 	at com.android.server.am.ActivityManagerService$PermissionController.checkPermission(ActivityManagerService.java:9248)

06-25 10:19:20.406  1567  4055 I LSPosed-Bridge: 	at android.os.IPermissionController$Stub.onTransact(IPermissionController.java:56)

06-25 10:19:20.406  1567  4055 I LSPosed-Bridge: 	at android.os.Binder.execTransact(Binder.java:731)

06-25 10:19:20.406   912 24091 W ServiceManager: Permission failure: android.permission.CAMERA from uid=10137 pid=5207

06-25 10:19:20.406   912 24091 E CameraService: Permission Denial: can't use the camera pid=5207, uid=10137

06-25 10:19:20.509  1567  5892 I LSPosed-Bridge: 5207 PermLabel 10137 AMS.checkPermission: Binder.getCallingPid() = 912; uid = 10137; Binder.getCallingUid() = 1047; getNameForUid: null; getPackagesForUid: null; permName: android.permission.CAMERA; type = 1; res = -1; stacktrace=java.lang.Exception

06-25 10:19:20.509  1567  5892 I LSPosed-Bridge: 	at com.example.permlabel.requirePerm$1$2.afterHookedMethod(requirePerm.java:137)

06-25 10:19:20.509  1567  5892 I LSPosed-Bridge: 	at de.robv.android.xposed.XposedBridge$AdditionalHookInfo.callback(Unknown Source:147)

06-25 10:19:20.509  1567  5892 I LSPosed-Bridge: 	at LSPHooker_.checkPermission(Unknown Source:25)

06-25 10:19:20.509  1567  5892 I LSPosed-Bridge: 	at com.android.server.am.ActivityManagerService$PermissionController.checkPermission(ActivityManagerService.java:9248)

06-25 10:19:20.509  1567  5892 I LSPosed-Bridge: 	at android.os.IPermissionController$Stub.onTransact(IPermissionController.java:56)

06-25 10:19:20.509  1567  5892 I LSPosed-Bridge: 	at android.os.Binder.execTransact(Binder.java:731)

06-25 10:19:20.509   912 24091 W ServiceManager: Permission failure: android.permission.CAMERA from uid=10137 pid=5207

06-25 10:19:20.509   912 24091 E CameraService: Permission Denial: can't use the camera pid=5207, uid=10137

06-25 10:19:20.613  1567  5892 I LSPosed-Bridge: 5207 PermLabel 10137 AMS.checkPermission: Binder.getCallingPid() = 912; uid = 10137; Binder.getCallingUid() = 1047; getNameForUid: null; getPackagesForUid: null; permName: android.permission.CAMERA; type = 1; res = -1; stacktrace=java.lang.Exception

06-25 10:19:20.613  1567  5892 I LSPosed-Bridge: 	at com.example.permlabel.requirePerm$1$2.afterHookedMethod(requirePerm.java:137)

06-25 10:19:20.613  1567  5892 I LSPosed-Bridge: 	at de.robv.android.xposed.XposedBridge$AdditionalHookInfo.callback(Unknown Source:147)

06-25 10:19:20.613  1567  5892 I LSPosed-Bridge: 	at LSPHooker_.checkPermission(Unknown Source:25)

06-25 10:19:20.613  1567  5892 I LSPosed-Bridge: 	at com.android.server.am.ActivityManagerService$PermissionController.checkPermission(ActivityManagerService.java:9248)

06-25 10:19:20.613  1567  5892 I LSPosed-Bridge: 	at android.os.IPermissionController$Stub.onTransact(IPermissionController.java:56)

06-25 10:19:20.613  1567  5892 I LSPosed-Bridge: 	at android.os.Binder.execTransact(Binder.java:731)

06-25 10:19:20.613   912 24091 W ServiceManager: Permission failure: android.permission.CAMERA from uid=10137 pid=5207

06-25 10:19:20.613   912 24091 E CameraService: Permission Denial: can't use the camera pid=5207, uid=10137

06-25 10:19:20.716  1567  4055 I LSPosed-Bridge: 5207 PermLabel 10137 AMS.checkPermission: Binder.getCallingPid() = 912; uid = 10137; Binder.getCallingUid() = 1047; getNameForUid: null; getPackagesForUid: null; permName: android.permission.CAMERA; type = 1; res = -1; stacktrace=java.lang.Exception

06-25 10:19:20.716  1567  4055 I LSPosed-Bridge: 	at com.example.permlabel.requirePerm$1$2.afterHookedMethod(requirePerm.java:137)

06-25 10:19:20.716  1567  4055 I LSPosed-Bridge: 	at de.robv.android.xposed.XposedBridge$AdditionalHookInfo.callback(Unknown Source:147)

06-25 10:19:20.716  1567  4055 I LSPosed-Bridge: 	at LSPHooker_.checkPermission(Unknown Source:25)

06-25 10:19:20.716  1567  4055 I LSPosed-Bridge: 	at com.android.server.am.ActivityManagerService$PermissionController.checkPermission(ActivityManagerService.java:9248)

06-25 10:19:20.716  1567  4055 I LSPosed-Bridge: 	at android.os.IPermissionController$Stub.onTransact(IPermissionController.java:56)

06-25 10:19:20.716  1567  4055 I LSPosed-Bridge: 	at android.os.Binder.execTransact(Binder.java:731)

06-25 10:19:20.820  1567  4055 I LSPosed-Bridge: 5207 PermLabel 10137 AMS.checkPermission: Binder.getCallingPid() = 912; uid = 10137; Binder.getCallingUid() = 1047; getNameForUid: null; getPackagesForUid: null; permName: android.permission.CAMERA; type = 1; res = -1; stacktrace=java.lang.Exception

06-25 10:19:20.820  1567  4055 I LSPosed-Bridge: 	at com.example.permlabel.requirePerm$1$2.afterHookedMethod(requirePerm.java:137)

06-25 10:19:20.820  1567  4055 I LSPosed-Bridge: 	at de.robv.android.xposed.XposedBridge$AdditionalHookInfo.callback(Unknown Source:147)

06-25 10:19:20.820  1567  4055 I LSPosed-Bridge: 	at LSPHooker_.checkPermission(Unknown Source:25)

06-25 10:19:20.820  1567  4055 I LSPosed-Bridge: 	at com.android.server.am.ActivityManagerService$PermissionController.checkPermission(ActivityManagerService.java:9248)

06-25 10:19:20.820  1567  4055 I LSPosed-Bridge: 	at android.os.IPermissionController$Stub.onTransact(IPermissionController.java:56)

06-25 10:19:20.820  1567  4055 I LSPosed-Bridge: 	at android.os.Binder.execTransact(Binder.java:731)

06-25 10:19:20.925  1567  4055 I LSPosed-Bridge: 5207 PermLabel 10137 AMS.checkPermission: Binder.getCallingPid() = 912; uid = 10137; Binder.getCallingUid() = 1047; getNameForUid: null; getPackagesForUid: null; permName: android.permission.CAMERA; type = 1; res = -1; stacktrace=java.lang.Exception

06-25 10:19:20.925  1567  4055 I LSPosed-Bridge: 	at com.example.permlabel.requirePerm$1$2.afterHookedMethod(requirePerm.java:137)

06-25 10:19:20.925  1567  4055 I LSPosed-Bridge: 	at de.robv.android.xposed.XposedBridge$AdditionalHookInfo.callback(Unknown Source:147)

06-25 10:19:20.925  1567  4055 I LSPosed-Bridge: 	at LSPHooker_.checkPermission(Unknown Source:25)

06-25 10:19:20.925  1567  4055 I LSPosed-Bridge: 	at com.android.server.am.ActivityManagerService$PermissionController.checkPermission(ActivityManagerService.java:9248)

06-25 10:19:20.925  1567  4055 I LSPosed-Bridge: 	at android.os.IPermissionController$Stub.onTransact(IPermissionController.java:56)

06-25 10:19:20.925  1567  4055 I LSPosed-Bridge: 	at android.os.Binder.execTransact(Binder.java:731)

06-25 10:19:20.925   912 24091 W ServiceManager: Permission failure: android.permission.CAMERA from uid=10137 pid=5207

06-25 10:19:20.925   912 24091 E CameraService: Permission Denial: can't use the camera pid=5207, uid=10137

06-25 10:19:21.028  1567  4055 I LSPosed-Bridge: 5207 PermLabel 10137 AMS.checkPermission: Binder.getCallingPid() = 912; uid = 10137; Binder.getCallingUid() = 1047; getNameForUid: null; getPackagesForUid: null; permName: android.permission.CAMERA; type = 1; res = -1; stacktrace=java.lang.Exception

06-25 10:19:21.028  1567  4055 I LSPosed-Bridge: 	at com.example.permlabel.requirePerm$1$2.afterHookedMethod(requirePerm.java:137)

06-25 10:19:21.028  1567  4055 I LSPosed-Bridge: 	at de.robv.android.xposed.XposedBridge$AdditionalHookInfo.callback(Unknown Source:147)

06-25 10:19:21.028  1567  4055 I LSPosed-Bridge: 	at LSPHooker_.checkPermission(Unknown Source:25)

06-25 10:19:21.028  1567  4055 I LSPosed-Bridge: 	at com.android.server.am.ActivityManagerService$PermissionController.checkPermission(ActivityManagerService.java:9248)

06-25 10:19:21.028  1567  4055 I LSPosed-Bridge: 	at android.os.IPermissionController$Stub.onTransact(IPermissionController.java:56)

06-25 10:19:21.028  1567  4055 I LSPosed-Bridge: 	at android.os.Binder.execTransact(Binder.java:731)

06-25 10:19:21.030  5207  7307 I LSPosed-Bridge: 5207 PermLabel 10137 android.permission.CAMERA open cameraId: 1; res= null; stacktrace=java.lang.Exception

06-25 10:19:21.030  5207  7307 I LSPosed-Bridge: 5207 PermLabel 10137 android.permission.CAMERA open cameraId: 1; res= null; stacktrace=java.lang.Exception

06-25 10:19:21.030  5207  7307 I LSPosed-Bridge: 	at com.example.permlabel.hookCamera$3.afterHookedMethod(hookCamera.java:49)

06-25 10:19:21.030  5207  7307 I LSPosed-Bridge: 	at com.example.permlabel.hookCamera$3.afterHookedMethod(hookCamera.java:49)

06-25 10:19:21.030  5207  7307 I LSPosed-Bridge: 	at de.robv.android.xposed.XposedBridge$AdditionalHookInfo.callback(Unknown Source:147)

06-25 10:19:21.030  5207  7307 I LSPosed-Bridge: 	at de.robv.android.xposed.XposedBridge$AdditionalHookInfo.callback(Unknown Source:147)

06-25 10:19:21.030  5207  7307 I LSPosed-Bridge: 	at LSPHooker_.open(Unknown Source:12)

06-25 10:19:21.030  5207  7307 I LSPosed-Bridge: 	at LSPHooker_.open(Unknown Source:12)

06-25 10:19:21.030  5207  7307 I LSPosed-Bridge: 	at org.chromium.media.VideoCaptureFactory.isZoomSupported(chromium-Monochrome.aab-stable-573513121:10)

06-25 10:19:21.030  5207  7307 I LSPosed-Bridge: 	at org.chromium.media.VideoCaptureFactory.isZoomSupported(chromium-Monochrome.aab-stable-573513121:10)

06-25 10:19:21.030  5207  7307 I LSPosed-Bridge: 5207 PermLabel 10137 android.permission.CAMERA open cameraId: 1; res= null; stacktrace=java.lang.Exception

06-25 10:19:21.030  5207  7307 I LSPosed-Bridge: 5207 PermLabel 10137 android.permission.CAMERA open cameraId: 1; res= null; stacktrace=java.lang.Exception

06-25 10:19:21.030  5207  7307 I LSPosed-Bridge: 	at com.example.permlabel.hookCamera$3.afterHookedMethod(hookCamera.java:49)

06-25 10:19:21.030  5207  7307 I LSPosed-Bridge: 	at com.example.permlabel.hookCamera$3.afterHookedMethod(hookCamera.java:49)

06-25 10:19:21.030  5207  7307 I LSPosed-Bridge: 	at de.robv.android.xposed.XposedBridge$AdditionalHookInfo.callback(Unknown Source:147)

06-25 10:19:21.030  5207  7307 I LSPosed-Bridge: 	at de.robv.android.xposed.XposedBridge$AdditionalHookInfo.callback(Unknown Source:147)

06-25 10:19:21.030  5207  7307 I LSPosed-Bridge: 	at LSPHooker_.open(Unknown Source:12)

06-25 10:19:21.030  5207  7307 I LSPosed-Bridge: 	at LSPHooker_.open(Unknown Source:12)

06-25 10:19:21.030  5207  7307 I LSPosed-Bridge: 	at org.chromium.media.VideoCaptureFactory.isZoomSupported(chromium-Monochrome.aab-stable-573513121:10)

06-25 10:19:21.030  5207  7307 I LSPosed-Bridge: 	at org.chromium.media.VideoCaptureFactory.isZoomSupported(chromium-Monochrome.aab-stable-573513121:10)

06-25 10:19:21.064  1567  4055 I LSPosed-Bridge: 5207 PermLabel 10137 AMS.checkPermission: Binder.getCallingPid() = 912; uid = 10137; Binder.getCallingUid() = 1047; getNameForUid: null; getPackagesForUid: null; permName: android.permission.CAMERA; type = 1; res = -1; stacktrace=java.lang.Exception

06-25 10:19:21.064  1567  4055 I LSPosed-Bridge: 	at com.example.permlabel.requirePerm$1$2.afterHookedMethod(requirePerm.java:137)

06-25 10:19:21.064  1567  4055 I LSPosed-Bridge: 	at de.robv.android.xposed.XposedBridge$AdditionalHookInfo.callback(Unknown Source:147)

06-25 10:19:21.064  1567  4055 I LSPosed-Bridge: 	at LSPHooker_.checkPermission(Unknown Source:25)

06-25 10:19:21.064  1567  4055 I LSPosed-Bridge: 	at com.android.server.am.ActivityManagerService$PermissionController.checkPermission(ActivityManagerService.java:9248)

06-25 10:19:21.064  1567  4055 I LSPosed-Bridge: 	at android.os.IPermissionController$Stub.onTransact(IPermissionController.java:56)

06-25 10:19:21.064  1567  4055 I LSPosed-Bridge: 	at android.os.Binder.execTransact(Binder.java:731)

06-25 10:19:21.168  1567  4055 I LSPosed-Bridge: 5207 PermLabel 10137 AMS.checkPermission: Binder.getCallingPid() = 912; uid = 10137; Binder.getCallingUid() = 1047; getNameForUid: null; getPackagesForUid: null; permName: android.permission.CAMERA; type = 1; res = -1; stacktrace=java.lang.Exception

06-25 10:19:21.168  1567  4055 I LSPosed-Bridge: 	at com.example.permlabel.requirePerm$1$2.afterHookedMethod(requirePerm.java:137)

06-25 10:19:21.168  1567  4055 I LSPosed-Bridge: 	at de.robv.android.xposed.XposedBridge$AdditionalHookInfo.callback(Unknown Source:147)

06-25 10:19:21.168  1567  4055 I LSPosed-Bridge: 	at LSPHooker_.checkPermission(Unknown Source:25)

06-25 10:19:21.168  1567  4055 I LSPosed-Bridge: 	at com.android.server.am.ActivityManagerService$PermissionController.checkPermission(ActivityManagerService.java:9248)

06-25 10:19:21.168  1567  4055 I LSPosed-Bridge: 	at android.os.IPermissionController$Stub.onTransact(IPermissionController.java:56)

06-25 10:19:21.168  1567  4055 I LSPosed-Bridge: 	at android.os.Binder.execTransact(Binder.java:731)

06-25 10:19:21.168   912 24091 W ServiceManager: Permission failure: android.permission.CAMERA from uid=10137 pid=5207

06-25 10:19:21.272  1567  5892 I LSPosed-Bridge: 5207 PermLabel 10137 AMS.checkPermission: Binder.getCallingPid() = 912; uid = 10137; Binder.getCallingUid() = 1047; getNameForUid: null; getPackagesForUid: null; permName: android.permission.CAMERA; type = 1; res = -1; stacktrace=java.lang.Exception

06-25 10:19:21.272  1567  5892 I LSPosed-Bridge: 	at com.example.permlabel.requirePerm$1$2.afterHookedMethod(requirePerm.java:137)

06-25 10:19:21.272  1567  5892 I LSPosed-Bridge: 	at de.robv.android.xposed.XposedBridge$AdditionalHookInfo.callback(Unknown Source:147)

06-25 10:19:21.272  1567  5892 I LSPosed-Bridge: 	at LSPHooker_.checkPermission(Unknown Source:25)

06-25 10:19:21.272  1567  5892 I LSPosed-Bridge: 	at com.android.server.am.ActivityManagerService$PermissionController.checkPermission(ActivityManagerService.java:9248)

06-25 10:19:21.272  1567  5892 I LSPosed-Bridge: 	at android.os.IPermissionController$Stub.onTransact(IPermissionController.java:56)

06-25 10:19:21.272  1567  5892 I LSPosed-Bridge: 	at android.os.Binder.execTransact(Binder.java:731)

06-25 10:19:21.272   912 24091 W ServiceManager: Permission failure: android.permission.CAMERA from uid=10137 pid=5207

06-25 10:19:21.272   912 24091 E CameraService: Permission Denial: can't use the camera pid=5207, uid=10137

06-25 10:19:21.376  1567  4055 I LSPosed-Bridge: 5207 PermLabel 10137 AMS.checkPermission: Binder.getCallingPid() = 912; uid = 10137; Binder.getCallingUid() = 1047; getNameForUid: null; getPackagesForUid: null; permName: android.permission.CAMERA; type = 1; res = -1; stacktrace=java.lang.Exception

06-25 10:19:21.376  1567  4055 I LSPosed-Bridge: 	at com.example.permlabel.requirePerm$1$2.afterHookedMethod(requirePerm.java:137)

06-25 10:19:21.376  1567  4055 I LSPosed-Bridge: 	at de.robv.android.xposed.XposedBridge$AdditionalHookInfo.callback(Unknown Source:147)

06-25 10:19:21.376  1567  4055 I LSPosed-Bridge: 	at LSPHooker_.checkPermission(Unknown Source:25)

06-25 10:19:21.376  1567  4055 I LSPosed-Bridge: 	at com.android.server.am.ActivityManagerService$PermissionController.checkPermission(ActivityManagerService.java:9248)

06-25 10:19:21.376  1567  4055 I LSPosed-Bridge: 	at android.os.IPermissionController$Stub.onTransact(IPermissionController.java:56)

06-25 10:19:21.376  1567  4055 I LSPosed-Bridge: 	at android.os.Binder.execTransact(Binder.java:731)

06-25 10:19:21.376   912 24091 W ServiceManager: Permission failure: android.permission.CAMERA from uid=10137 pid=5207

06-25 10:19:21.480  1567  4055 I LSPosed-Bridge: 5207 PermLabel 10137 AMS.checkPermission: Binder.getCallingPid() = 912; uid = 10137; Binder.getCallingUid() = 1047; getNameForUid: null; getPackagesForUid: null; permName: android.permission.CAMERA; type = 1; res = -1; stacktrace=java.lang.Exception

06-25 10:19:21.480  1567  4055 I LSPosed-Bridge: 	at com.example.permlabel.requirePerm$1$2.afterHookedMethod(requirePerm.java:137)

06-25 10:19:21.480  1567  4055 I LSPosed-Bridge: 	at de.robv.android.xposed.XposedBridge$AdditionalHookInfo.callback(Unknown Source:147)

06-25 10:19:21.480  1567  4055 I LSPosed-Bridge: 	at LSPHooker_.checkPermission(Unknown Source:25)

06-25 10:19:21.480  1567  4055 I LSPosed-Bridge: 	at com.android.server.am.ActivityManagerService$PermissionController.checkPermission(ActivityManagerService.java:9248)

06-25 10:19:21.480  1567  4055 I LSPosed-Bridge: 	at android.os.IPermissionController$Stub.onTransact(IPermissionController.java:56)

06-25 10:19:21.480  1567  4055 I LSPosed-Bridge: 	at android.os.Binder.execTransact(Binder.java:731)

06-25 10:19:21.480   912 24091 W ServiceManager: Permission failure: android.permission.CAMERA from uid=10137 pid=5207

06-25 10:19:21.480   912 24091 E CameraService: Permission Denial: can't use the camera pid=5207, uid=10137

06-25 10:19:21.583  1567  4055 I LSPosed-Bridge: 5207 PermLabel 10137 AMS.checkPermission: Binder.getCallingPid() = 912; uid = 10137; Binder.getCallingUid() = 1047; getNameForUid: null; getPackagesForUid: null; permName: android.permission.CAMERA; type = 1; res = -1; stacktrace=java.lang.Exception

06-25 10:19:21.583  1567  4055 I LSPosed-Bridge: 	at com.example.permlabel.requirePerm$1$2.afterHookedMethod(requirePerm.java:137)

06-25 10:19:21.583  1567  4055 I LSPosed-Bridge: 	at de.robv.android.xposed.XposedBridge$AdditionalHookInfo.callback(Unknown Source:147)

06-25 10:19:21.583  1567  4055 I LSPosed-Bridge: 	at LSPHooker_.checkPermission(Unknown Source:25)

06-25 10:19:21.583  1567  4055 I LSPosed-Bridge: 	at com.android.server.am.ActivityManagerService$PermissionController.checkPermission(ActivityManagerService.java:9248)

06-25 10:19:21.583  1567  4055 I LSPosed-Bridge: 	at android.os.IPermissionController$Stub.onTransact(IPermissionController.java:56)

06-25 10:19:21.583  1567  4055 I LSPosed-Bridge: 	at android.os.Binder.execTransact(Binder.java:731)

06-25 10:19:21.687  1567  4055 I LSPosed-Bridge: 5207 PermLabel 10137 AMS.checkPermission: Binder.getCallingPid() = 912; uid = 10137; Binder.getCallingUid() = 1047; getNameForUid: null; getPackagesForUid: null; permName: android.permission.CAMERA; type = 1; res = -1; stacktrace=java.lang.Exception

06-25 10:19:21.687  1567  4055 I LSPosed-Bridge: 	at com.example.permlabel.requirePerm$1$2.afterHookedMethod(requirePerm.java:137)

06-25 10:19:21.687  1567  4055 I LSPosed-Bridge: 	at de.robv.android.xposed.XposedBridge$AdditionalHookInfo.callback(Unknown Source:147)

