06-25 10:19:21.687  1567  4055 I LSPosed-Bridge: 	at LSPHooker_.checkPermission(Unknown Source:25)

06-25 10:19:21.687  1567  4055 I LSPosed-Bridge: 	at com.android.server.am.ActivityManagerService$PermissionController.checkPermission(ActivityManagerService.java:9248)

06-25 10:19:21.687  1567  4055 I LSPosed-Bridge: 	at android.os.IPermissionController$Stub.onTransact(IPermissionController.java:56)

06-25 10:19:21.687  1567  4055 I LSPosed-Bridge: 	at android.os.Binder.execTransact(Binder.java:731)

06-25 10:19:21.791  1567  4055 I LSPosed-Bridge: 5207 PermLabel 10137 AMS.checkPermission: Binder.getCallingPid() = 912; uid = 10137; Binder.getCallingUid() = 1047; getNameForUid: null; getPackagesForUid: null; permName: android.permission.CAMERA; type = 1; res = -1; stacktrace=java.lang.Exception

06-25 10:19:21.791  1567  4055 I LSPosed-Bridge: 	at com.example.permlabel.requirePerm$1$2.afterHookedMethod(requirePerm.java:137)

06-25 10:19:21.791  1567  4055 I LSPosed-Bridge: 	at de.robv.android.xposed.XposedBridge$AdditionalHookInfo.callback(Unknown Source:147)

06-25 10:19:21.791  1567  4055 I LSPosed-Bridge: 	at LSPHooker_.checkPermission(Unknown Source:25)

06-25 10:19:21.791  1567  4055 I LSPosed-Bridge: 	at com.android.server.am.ActivityManagerService$PermissionController.checkPermission(ActivityManagerService.java:9248)

06-25 10:19:21.791  1567  4055 I LSPosed-Bridge: 	at android.os.IPermissionController$Stub.onTransact(IPermissionController.java:56)

06-25 10:19:21.791  1567  4055 I LSPosed-Bridge: 	at android.os.Binder.execTransact(Binder.java:731)

06-25 10:19:21.791   912 24091 W ServiceManager: Permission failure: android.permission.CAMERA from uid=10137 pid=5207

06-25 10:19:21.894  1567  4055 I LSPosed-Bridge: 5207 PermLabel 10137 AMS.checkPermission: Binder.getCallingPid() = 912; uid = 10137; Binder.getCallingUid() = 1047; getNameForUid: null; getPackagesForUid: null; permName: android.permission.CAMERA; type = 1; res = -1; stacktrace=java.lang.Exception

06-25 10:19:21.894  1567  4055 I LSPosed-Bridge: 	at com.example.permlabel.requirePerm$1$2.afterHookedMethod(requirePerm.java:137)

06-25 10:19:21.894  1567  4055 I LSPosed-Bridge: 	at de.robv.android.xposed.XposedBridge$AdditionalHookInfo.callback(Unknown Source:147)

06-25 10:19:21.894  1567  4055 I LSPosed-Bridge: 	at LSPHooker_.checkPermission(Unknown Source:25)

06-25 10:19:21.894  1567  4055 I LSPosed-Bridge: 	at com.android.server.am.ActivityManagerService$PermissionController.checkPermission(ActivityManagerService.java:9248)

06-25 10:19:21.894  1567  4055 I LSPosed-Bridge: 	at android.os.IPermissionController$Stub.onTransact(IPermissionController.java:56)

06-25 10:19:21.894  1567  4055 I LSPosed-Bridge: 	at android.os.Binder.execTransact(Binder.java:731)

06-25 10:19:21.896  5207  7307 I LSPosed-Bridge: 5207 PermLabel 10137 android.permission.CAMERA open cameraId: 1; res= null; stacktrace=java.lang.Exception

06-25 10:19:21.896  5207  7307 I LSPosed-Bridge: 5207 PermLabel 10137 android.permission.CAMERA open cameraId: 1; res= null; stacktrace=java.lang.Exception

06-25 10:19:21.896  5207  7307 I LSPosed-Bridge: 	at com.example.permlabel.hookCamera$3.afterHookedMethod(hookCamera.java:49)

06-25 10:19:21.896  5207  7307 I LSPosed-Bridge: 	at com.example.permlabel.hookCamera$3.afterHookedMethod(hookCamera.java:49)

06-25 10:19:21.896  5207  7307 I LSPosed-Bridge: 	at de.robv.android.xposed.XposedBridge$AdditionalHookInfo.callback(Unknown Source:147)

06-25 10:19:21.896  5207  7307 I LSPosed-Bridge: 	at de.robv.android.xposed.XposedBridge$AdditionalHookInfo.callback(Unknown Source:147)

06-25 10:19:21.896  5207  7307 I LSPosed-Bridge: 	at LSPHooker_.open(Unknown Source:12)

06-25 10:19:21.896  5207  7307 I LSPosed-Bridge: 	at LSPHooker_.open(Unknown Source:12)

06-25 10:19:21.896  5207  7307 I LSPosed-Bridge: 	at org.chromium.media.VideoCaptureFactory.getDeviceSupportedFormats(chromium-Monochrome.aab-stable-573513121:13)

06-25 10:19:21.896  5207  7307 I LSPosed-Bridge: 	at org.chromium.media.VideoCaptureFactory.getDeviceSupportedFormats(chromium-Monochrome.aab-stable-573513121:13)

06-25 10:19:21.896  5207  7307 I LSPosed-Bridge: 5207 PermLabel 10137 android.permission.CAMERA open cameraId: 1; res= null; stacktrace=java.lang.Exception

06-25 10:19:21.896  5207  7307 I LSPosed-Bridge: 5207 PermLabel 10137 android.permission.CAMERA open cameraId: 1; res= null; stacktrace=java.lang.Exception

06-25 10:19:21.896  5207  7307 I LSPosed-Bridge: 	at com.example.permlabel.hookCamera$3.afterHookedMethod(hookCamera.java:49)

06-25 10:19:21.896  5207  7307 I LSPosed-Bridge: 	at com.example.permlabel.hookCamera$3.afterHookedMethod(hookCamera.java:49)

06-25 10:19:21.896  5207  7307 I LSPosed-Bridge: 	at de.robv.android.xposed.XposedBridge$AdditionalHookInfo.callback(Unknown Source:147)

06-25 10:19:21.896  5207  7307 I LSPosed-Bridge: 	at de.robv.android.xposed.XposedBridge$AdditionalHookInfo.callback(Unknown Source:147)

06-25 10:19:21.896  5207  7307 I LSPosed-Bridge: 	at LSPHooker_.open(Unknown Source:12)

06-25 10:19:21.896  5207  7307 I LSPosed-Bridge: 	at LSPHooker_.open(Unknown Source:12)

06-25 10:19:21.896  5207  7307 I LSPosed-Bridge: 	at org.chromium.media.VideoCaptureFactory.getDeviceSupportedFormats(chromium-Monochrome.aab-stable-573513121:13)

06-25 10:19:21.896  5207  7307 I LSPosed-Bridge: 	at org.chromium.media.VideoCaptureFactory.getDeviceSupportedFormats(chromium-Monochrome.aab-stable-573513121:13)

06-25 10:19:21.896  5207  7307 E cr_VideoCapture: Camera.open: 

06-25 10:19:21.896  5207  7307 E cr_VideoCapture: Camera.open: 

06-25 10:19:21.896  5207  7307 E cr_VideoCapture: java.lang.RuntimeException: Fail to connect to camera service

06-25 10:19:21.896  5207  7307 E cr_VideoCapture: java.lang.RuntimeException: Fail to connect to camera service

06-25 10:19:21.896  5207  7307 E cr_VideoCapture: 	at android.hardware.Camera.<init>(Camera.java:669)

06-25 10:19:21.896  5207  7307 E cr_VideoCapture: 	at android.hardware.Camera.<init>(Camera.java:669)

06-25 10:19:21.896  5207  7307 E cr_VideoCapture: 	at android.hardware.Camera.open(Camera.java:460)

06-25 10:19:21.896  5207  7307 E cr_VideoCapture: 	at android.hardware.Camera.open(Camera.java:460)

06-25 10:19:21.896  5207  7307 E cr_VideoCapture: 	at java.lang.reflect.Method.invoke(Native Method)

06-25 10:19:21.896  5207  7307 E cr_VideoCapture: 	at java.lang.reflect.Method.invoke(Native Method)

06-25 10:19:21.896  5207  7307 E cr_VideoCapture: 	at org.lsposed.lspd.nativebridge.HookBridge.invokeOriginalMethod(Native Method)

06-25 10:19:21.896  5207  7307 E cr_VideoCapture: 	at org.lsposed.lspd.nativebridge.HookBridge.invokeOriginalMethod(Native Method)

06-25 10:19:21.896  5207  7307 E cr_VideoCapture: 	at de.robv.android.xposed.XposedBridge$AdditionalHookInfo.callback(Unknown Source:110)

06-25 10:19:21.896  5207  7307 E cr_VideoCapture: 	at de.robv.android.xposed.XposedBridge$AdditionalHookInfo.callback(Unknown Source:110)

06-25 10:19:21.896  5207  7307 E cr_VideoCapture: 	at LSPHooker_.open(Unknown Source:12)

06-25 10:19:21.896  5207  7307 E cr_VideoCapture: 	at LSPHooker_.open(Unknown Source:12)

06-25 10:19:21.896  5207  7307 E cr_VideoCapture: 	at org.chromium.media.VideoCaptureFactory.getDeviceSupportedFormats(chromium-Monochrome.aab-stable-573513121:13)

06-25 10:19:21.896  5207  7307 E cr_VideoCapture: 	at org.chromium.media.VideoCaptureFactory.getDeviceSupportedFormats(chromium-Monochrome.aab-stable-573513121:13)

06-25 10:19:21.908  5207  7307 I LSPosed-Bridge: 5207 PermLabel 10137 android.permission.CAMERA getCameraInfo args0: 0; args1: android.hardware.Camera$CameraInfo@6b49124; res= null; stacktrace=java.lang.Exception

06-25 10:19:21.908  5207  7307 I LSPosed-Bridge: 5207 PermLabel 10137 android.permission.CAMERA getCameraInfo args0: 0; args1: android.hardware.Camera$CameraInfo@6b49124; res= null; stacktrace=java.lang.Exception

06-25 10:19:21.908  5207  7307 I LSPosed-Bridge: 	at com.example.permlabel.hookCamera$1.afterHookedMethod(hookCamera.java:21)

06-25 10:19:21.908  5207  7307 I LSPosed-Bridge: 	at com.example.permlabel.hookCamera$1.afterHookedMethod(hookCamera.java:21)

06-25 10:19:21.908  5207  7307 I LSPosed-Bridge: 	at de.robv.android.xposed.XposedBridge$AdditionalHookInfo.callback(Unknown Source:147)

06-25 10:19:21.908  5207  7307 I LSPosed-Bridge: 	at de.robv.android.xposed.XposedBridge$AdditionalHookInfo.callback(Unknown Source:147)

06-25 10:19:21.908  5207  7307 I LSPosed-Bridge: 	at LSPHooker_.getCameraInfo(Unknown Source:15)

06-25 10:19:21.908  5207  7307 I LSPosed-Bridge: 	at LSPHooker_.getCameraInfo(Unknown Source:15)

06-25 10:19:21.908  5207  7307 I LSPosed-Bridge: 	at z74.e(chromium-Monochrome.aab-stable-573513121:6)

06-25 10:19:21.908  5207  7307 I LSPosed-Bridge: 	at z74.e(chromium-Monochrome.aab-stable-573513121:6)

06-25 10:19:21.908  5207  7307 I LSPosed-Bridge: 	at org.chromium.media.VideoCaptureFactory.getDeviceName(chromium-Monochrome.aab-stable-573513121:15)

06-25 10:19:21.908  5207  7307 I LSPosed-Bridge: 	at org.chromium.media.VideoCaptureFactory.getDeviceName(chromium-Monochrome.aab-stable-573513121:15)

06-25 10:19:21.908  5207  7307 I LSPosed-Bridge: 5207 PermLabel 10137 android.permission.CAMERA getCameraInfo args0: 0; args1: android.hardware.Camera$CameraInfo@6b49124; res= null; stacktrace=java.lang.Exception

06-25 10:19:21.908  5207  7307 I LSPosed-Bridge: 5207 PermLabel 10137 android.permission.CAMERA getCameraInfo args0: 0; args1: android.hardware.Camera$CameraInfo@6b49124; res= null; stacktrace=java.lang.Exception

06-25 10:19:21.908  5207  7307 I LSPosed-Bridge: 	at com.example.permlabel.hookCamera$1.afterHookedMethod(hookCamera.java:21)

06-25 10:19:21.908  5207  7307 I LSPosed-Bridge: 	at com.example.permlabel.hookCamera$1.afterHookedMethod(hookCamera.java:21)

06-25 10:19:21.908  5207  7307 I LSPosed-Bridge: 	at de.robv.android.xposed.XposedBridge$AdditionalHookInfo.callback(Unknown Source:147)

06-25 10:19:21.908  5207  7307 I LSPosed-Bridge: 	at de.robv.android.xposed.XposedBridge$AdditionalHookInfo.callback(Unknown Source:147)

06-25 10:19:21.908  5207  7307 I LSPosed-Bridge: 	at LSPHooker_.getCameraInfo(Unknown Source:15)

06-25 10:19:21.908  5207  7307 I LSPosed-Bridge: 	at LSPHooker_.getCameraInfo(Unknown Source:15)

06-25 10:19:21.908  5207  7307 I LSPosed-Bridge: 	at z74.e(chromium-Monochrome.aab-stable-573513121:6)

06-25 10:19:21.908  5207  7307 I LSPosed-Bridge: 	at z74.e(chromium-Monochrome.aab-stable-573513121:6)

06-25 10:19:21.908  5207  7307 I LSPosed-Bridge: 	at org.chromium.media.VideoCaptureFactory.getDeviceName(chromium-Monochrome.aab-stable-573513121:15)

06-25 10:19:21.908  5207  7307 I LSPosed-Bridge: 	at org.chromium.media.VideoCaptureFactory.getDeviceName(chromium-Monochrome.aab-stable-573513121:15)

06-25 10:19:21.924  5207  7307 I LSPosed-Bridge: 5207 PermLabel 10137 android.permission.CAMERA getCameraInfo args0: 0; args1: android.hardware.Camera$CameraInfo@dd93653; res= null; stacktrace=java.lang.Exception

06-25 10:19:21.924  5207  7307 I LSPosed-Bridge: 5207 PermLabel 10137 android.permission.CAMERA getCameraInfo args0: 0; args1: android.hardware.Camera$CameraInfo@dd93653; res= null; stacktrace=java.lang.Exception

06-25 10:19:21.924  5207  7307 I LSPosed-Bridge: 	at com.example.permlabel.hookCamera$1.afterHookedMethod(hookCamera.java:21)

06-25 10:19:21.924  5207  7307 I LSPosed-Bridge: 	at com.example.permlabel.hookCamera$1.afterHookedMethod(hookCamera.java:21)

06-25 10:19:21.924  5207  7307 I LSPosed-Bridge: 	at de.robv.android.xposed.XposedBridge$AdditionalHookInfo.callback(Unknown Source:147)

06-25 10:19:21.924  5207  7307 I LSPosed-Bridge: 	at de.robv.android.xposed.XposedBridge$AdditionalHookInfo.callback(Unknown Source:147)

06-25 10:19:21.924  5207  7307 I LSPosed-Bridge: 	at LSPHooker_.getCameraInfo(Unknown Source:15)

06-25 10:19:21.924  5207  7307 I LSPosed-Bridge: 	at LSPHooker_.getCameraInfo(Unknown Source:15)

06-25 10:19:21.924  5207  7307 I LSPosed-Bridge: 	at z74.e(chromium-Monochrome.aab-stable-573513121:6)

06-25 10:19:21.924  5207  7307 I LSPosed-Bridge: 	at z74.e(chromium-Monochrome.aab-stable-573513121:6)

06-25 10:19:21.924  5207  7307 I LSPosed-Bridge: 	at org.chromium.media.VideoCaptureFactory.getCaptureApiType(chromium-Monochrome.aab-stable-573513121:8)

06-25 10:19:21.924  5207  7307 I LSPosed-Bridge: 	at org.chromium.media.VideoCaptureFactory.getCaptureApiType(chromium-Monochrome.aab-stable-573513121:8)

06-25 10:19:21.924  5207  7307 I LSPosed-Bridge: 5207 PermLabel 10137 android.permission.CAMERA getCameraInfo args0: 0; args1: android.hardware.Camera$CameraInfo@dd93653; res= null; stacktrace=java.lang.Exception

06-25 10:19:21.924  5207  7307 I LSPosed-Bridge: 5207 PermLabel 10137 android.permission.CAMERA getCameraInfo args0: 0; args1: android.hardware.Camera$CameraInfo@dd93653; res= null; stacktrace=java.lang.Exception

06-25 10:19:21.924  5207  7307 I LSPosed-Bridge: 	at com.example.permlabel.hookCamera$1.afterHookedMethod(hookCamera.java:21)

06-25 10:19:21.924  5207  7307 I LSPosed-Bridge: 	at com.example.permlabel.hookCamera$1.afterHookedMethod(hookCamera.java:21)

06-25 10:19:21.924  5207  7307 I LSPosed-Bridge: 	at de.robv.android.xposed.XposedBridge$AdditionalHookInfo.callback(Unknown Source:147)

06-25 10:19:21.924  5207  7307 I LSPosed-Bridge: 	at de.robv.android.xposed.XposedBridge$AdditionalHookInfo.callback(Unknown Source:147)

06-25 10:19:21.924  5207  7307 I LSPosed-Bridge: 	at LSPHooker_.getCameraInfo(Unknown Source:15)

06-25 10:19:21.924  5207  7307 I LSPosed-Bridge: 	at LSPHooker_.getCameraInfo(Unknown Source:15)

06-25 10:19:21.924  5207  7307 I LSPosed-Bridge: 	at z74.e(chromium-Monochrome.aab-stable-573513121:6)

06-25 10:19:21.924  5207  7307 I LSPosed-Bridge: 	at z74.e(chromium-Monochrome.aab-stable-573513121:6)

06-25 10:19:21.924  5207  7307 I LSPosed-Bridge: 	at org.chromium.media.VideoCaptureFactory.getCaptureApiType(chromium-Monochrome.aab-stable-573513121:8)

06-25 10:19:21.924  5207  7307 I LSPosed-Bridge: 	at org.chromium.media.VideoCaptureFactory.getCaptureApiType(chromium-Monochrome.aab-stable-573513121:8)

06-25 10:19:21.935  5207  7307 I LSPosed-Bridge: 5207 PermLabel 10137 android.permission.CAMERA getCameraInfo args0: 0; args1: android.hardware.Camera$CameraInfo@c03848e; res= null; stacktrace=java.lang.Exception

06-25 10:19:21.935  5207  7307 I LSPosed-Bridge: 5207 PermLabel 10137 android.permission.CAMERA getCameraInfo args0: 0; args1: android.hardware.Camera$CameraInfo@c03848e; res= null; stacktrace=java.lang.Exception

06-25 10:19:21.935  5207  7307 I LSPosed-Bridge: 	at com.example.permlabel.hookCamera$1.afterHookedMethod(hookCamera.java:21)

06-25 10:19:21.935  5207  7307 I LSPosed-Bridge: 	at com.example.permlabel.hookCamera$1.afterHookedMethod(hookCamera.java:21)

06-25 10:19:21.935  5207  7307 I LSPosed-Bridge: 	at de.robv.android.xposed.XposedBridge$AdditionalHookInfo.callback(Unknown Source:147)

06-25 10:19:21.935  5207  7307 I LSPosed-Bridge: 	at de.robv.android.xposed.XposedBridge$AdditionalHookInfo.callback(Unknown Source:147)

06-25 10:19:21.935  5207  7307 I LSPosed-Bridge: 	at LSPHooker_.getCameraInfo(Unknown Source:15)

06-25 10:19:21.935  5207  7307 I LSPosed-Bridge: 	at LSPHooker_.getCameraInfo(Unknown Source:15)

06-25 10:19:21.935  5207  7307 I LSPosed-Bridge: 	at z74.e(chromium-Monochrome.aab-stable-573513121:6)

06-25 10:19:21.935  5207  7307 I LSPosed-Bridge: 	at z74.e(chromium-Monochrome.aab-stable-573513121:6)

06-25 10:19:21.935  5207  7307 I LSPosed-Bridge: 	at org.chromium.media.VideoCaptureFactory.getFacingMode(chromium-Monochrome.aab-stable-573513121:10)

06-25 10:19:21.935  5207  7307 I LSPosed-Bridge: 	at org.chromium.media.VideoCaptureFactory.getFacingMode(chromium-Monochrome.aab-stable-573513121:10)

06-25 10:19:21.935  5207  7307 I LSPosed-Bridge: 5207 PermLabel 10137 android.permission.CAMERA getCameraInfo args0: 0; args1: android.hardware.Camera$CameraInfo@c03848e; res= null; stacktrace=java.lang.Exception

06-25 10:19:21.935  5207  7307 I LSPosed-Bridge: 5207 PermLabel 10137 android.permission.CAMERA getCameraInfo args0: 0; args1: android.hardware.Camera$CameraInfo@c03848e; res= null; stacktrace=java.lang.Exception

06-25 10:19:21.935  5207  7307 I LSPosed-Bridge: 	at com.example.permlabel.hookCamera$1.afterHookedMethod(hookCamera.java:21)

06-25 10:19:21.935  5207  7307 I LSPosed-Bridge: 	at com.example.permlabel.hookCamera$1.afterHookedMethod(hookCamera.java:21)

06-25 10:19:21.935  5207  7307 I LSPosed-Bridge: 	at de.robv.android.xposed.XposedBridge$AdditionalHookInfo.callback(Unknown Source:147)

06-25 10:19:21.935  5207  7307 I LSPosed-Bridge: 	at de.robv.android.xposed.XposedBridge$AdditionalHookInfo.callback(Unknown Source:147)

06-25 10:19:21.935  5207  7307 I LSPosed-Bridge: 	at LSPHooker_.getCameraInfo(Unknown Source:15)

06-25 10:19:21.935  5207  7307 I LSPosed-Bridge: 	at LSPHooker_.getCameraInfo(Unknown Source:15)

06-25 10:19:21.935  5207  7307 I LSPosed-Bridge: 	at z74.e(chromium-Monochrome.aab-stable-573513121:6)

06-25 10:19:21.935  5207  7307 I LSPosed-Bridge: 	at z74.e(chromium-Monochrome.aab-stable-573513121:6)

06-25 10:19:21.935  5207  7307 I LSPosed-Bridge: 	at org.chromium.media.VideoCaptureFactory.getFacingMode(chromium-Monochrome.aab-stable-573513121:10)

06-25 10:19:21.935  5207  7307 I LSPosed-Bridge: 	at org.chromium.media.VideoCaptureFactory.getFacingMode(chromium-Monochrome.aab-stable-573513121:10)

06-25 10:19:21.943  1567  4055 I LSPosed-Bridge: 5207 PermLabel 10137 AMS.checkPermission: Binder.getCallingPid() = 912; uid = 10137; Binder.getCallingUid() = 1047; getNameForUid: null; getPackagesForUid: null; permName: android.permission.CAMERA; type = 1; res = -1; stacktrace=java.lang.Exception

06-25 10:19:21.943  1567  4055 I LSPosed-Bridge: 	at com.example.permlabel.requirePerm$1$2.afterHookedMethod(requirePerm.java:137)

06-25 10:19:21.943  1567  4055 I LSPosed-Bridge: 	at de.robv.android.xposed.XposedBridge$AdditionalHookInfo.callback(Unknown Source:147)

06-25 10:19:21.943  1567  4055 I LSPosed-Bridge: 	at LSPHooker_.checkPermission(Unknown Source:25)

06-25 10:19:21.943  1567  4055 I LSPosed-Bridge: 	at com.android.server.am.ActivityManagerService$PermissionController.checkPermission(ActivityManagerService.java:9248)

06-25 10:19:21.943  1567  4055 I LSPosed-Bridge: 	at android.os.IPermissionController$Stub.onTransact(IPermissionController.java:56)

06-25 10:19:21.943  1567  4055 I LSPosed-Bridge: 	at android.os.Binder.execTransact(Binder.java:731)

06-25 10:19:21.943   912 24091 W ServiceManager: Permission failure: android.permission.CAMERA from uid=10137 pid=5207

06-25 10:19:21.943   912 24091 E CameraService: Permission Denial: can't use the camera pid=5207, uid=10137

06-25 10:19:22.046  1567  5892 I LSPosed-Bridge: 5207 PermLabel 10137 AMS.checkPermission: Binder.getCallingPid() = 912; uid = 10137; Binder.getCallingUid() = 1047; getNameForUid: null; getPackagesForUid: null; permName: android.permission.CAMERA; type = 1; res = -1; stacktrace=java.lang.Exception

06-25 10:19:22.046  1567  5892 I LSPosed-Bridge: 	at com.example.permlabel.requirePerm$1$2.afterHookedMethod(requirePerm.java:137)

06-25 10:19:22.046  1567  5892 I LSPosed-Bridge: 	at de.robv.android.xposed.XposedBridge$AdditionalHookInfo.callback(Unknown Source:147)

06-25 10:19:22.046  1567  5892 I LSPosed-Bridge: 	at LSPHooker_.checkPermission(Unknown Source:25)

06-25 10:19:22.046  1567  5892 I LSPosed-Bridge: 	at com.android.server.am.ActivityManagerService$PermissionController.checkPermission(ActivityManagerService.java:9248)

06-25 10:19:22.046  1567  5892 I LSPosed-Bridge: 	at android.os.IPermissionController$Stub.onTransact(IPermissionController.java:56)

06-25 10:19:22.046  1567  5892 I LSPosed-Bridge: 	at android.os.Binder.execTransact(Binder.java:731)

06-25 10:19:22.149  1567  4055 I LSPosed-Bridge: 5207 PermLabel 10137 AMS.checkPermission: Binder.getCallingPid() = 912; uid = 10137; Binder.getCallingUid() = 1047; getNameForUid: null; getPackagesForUid: null; permName: android.permission.CAMERA; type = 1; res = -1; stacktrace=java.lang.Exception

06-25 10:19:22.149  1567  4055 I LSPosed-Bridge: 	at com.example.permlabel.requirePerm$1$2.afterHookedMethod(requirePerm.java:137)

06-25 10:19:22.149  1567  4055 I LSPosed-Bridge: 	at de.robv.android.xposed.XposedBridge$AdditionalHookInfo.callback(Unknown Source:147)

06-25 10:19:22.149  1567  4055 I LSPosed-Bridge: 	at LSPHooker_.checkPermission(Unknown Source:25)

06-25 10:19:22.149  1567  4055 I LSPosed-Bridge: 	at com.android.server.am.ActivityManagerService$PermissionController.checkPermission(ActivityManagerService.java:9248)

06-25 10:19:22.149  1567  4055 I LSPosed-Bridge: 	at android.os.IPermissionController$Stub.onTransact(IPermissionController.java:56)

06-25 10:19:22.149  1567  4055 I LSPosed-Bridge: 	at android.os.Binder.execTransact(Binder.java:731)

06-25 10:19:22.253  1567  4055 I LSPosed-Bridge: 5207 PermLabel 10137 AMS.checkPermission: Binder.getCallingPid() = 912; uid = 10137; Binder.getCallingUid() = 1047; getNameForUid: null; getPackagesForUid: null; permName: android.permission.CAMERA; type = 1; res = -1; stacktrace=java.lang.Exception

06-25 10:19:22.253  1567  4055 I LSPosed-Bridge: 	at com.example.permlabel.requirePerm$1$2.afterHookedMethod(requirePerm.java:137)

06-25 10:19:22.253  1567  4055 I LSPosed-Bridge: 	at de.robv.android.xposed.XposedBridge$AdditionalHookInfo.callback(Unknown Source:147)

06-25 10:19:22.253  1567  4055 I LSPosed-Bridge: 	at LSPHooker_.checkPermission(Unknown Source:25)

06-25 10:19:22.253  1567  4055 I LSPosed-Bridge: 	at com.android.server.am.ActivityManagerService$PermissionController.checkPermission(ActivityManagerService.java:9248)

06-25 10:19:22.253  1567  4055 I LSPosed-Bridge: 	at android.os.IPermissionController$Stub.onTransact(IPermissionController.java:56)

06-25 10:19:22.253  1567  4055 I LSPosed-Bridge: 	at android.os.Binder.execTransact(Binder.java:731)

06-25 10:19:22.253   912 24091 W ServiceManager: Permission failure: android.permission.CAMERA from uid=10137 pid=5207

06-25 10:19:22.253   912 24091 E CameraService: Permission Denial: can't use the camera pid=5207, uid=10137

06-25 10:19:22.356  1567  4055 I LSPosed-Bridge: 5207 PermLabel 10137 AMS.checkPermission: Binder.getCallingPid() = 912; uid = 10137; Binder.getCallingUid() = 1047; getNameForUid: null; getPackagesForUid: null; permName: android.permission.CAMERA; type = 1; res = -1; stacktrace=java.lang.Exception

06-25 10:19:22.356  1567  4055 I LSPosed-Bridge: 	at com.example.permlabel.requirePerm$1$2.afterHookedMethod(requirePerm.java:137)

06-25 10:19:22.356  1567  4055 I LSPosed-Bridge: 	at de.robv.android.xposed.XposedBridge$AdditionalHookInfo.callback(Unknown Source:147)

06-25 10:19:22.356  1567  4055 I LSPosed-Bridge: 	at LSPHooker_.checkPermission(Unknown Source:25)

06-25 10:19:22.356  1567  4055 I LSPosed-Bridge: 	at com.android.server.am.ActivityManagerService$PermissionController.checkPermission(ActivityManagerService.java:9248)

06-25 10:19:22.356  1567  4055 I LSPosed-Bridge: 	at android.os.IPermissionController$Stub.onTransact(IPermissionController.java:56)

06-25 10:19:22.356  1567  4055 I LSPosed-Bridge: 	at android.os.Binder.execTransact(Binder.java:731)

06-25 10:19:22.461  1567  4055 I LSPosed-Bridge: 5207 PermLabel 10137 AMS.checkPermission: Binder.getCallingPid() = 912; uid = 10137; Binder.getCallingUid() = 1047; getNameForUid: null; getPackagesForUid: null; permName: android.permission.CAMERA; type = 1; res = -1; stacktrace=java.lang.Exception

06-25 10:19:22.461  1567  4055 I LSPosed-Bridge: 	at com.example.permlabel.requirePerm$1$2.afterHookedMethod(requirePerm.java:137)

06-25 10:19:22.461  1567  4055 I LSPosed-Bridge: 	at de.robv.android.xposed.XposedBridge$AdditionalHookInfo.callback(Unknown Source:147)

06-25 10:19:22.461  1567  4055 I LSPosed-Bridge: 	at LSPHooker_.checkPermission(Unknown Source:25)

06-25 10:19:22.461  1567  4055 I LSPosed-Bridge: 	at com.android.server.am.ActivityManagerService$PermissionController.checkPermission(ActivityManagerService.java:9248)

06-25 10:19:22.461  1567  4055 I LSPosed-Bridge: 	at android.os.IPermissionController$Stub.onTransact(IPermissionController.java:56)

06-25 10:19:22.461  1567  4055 I LSPosed-Bridge: 	at android.os.Binder.execTransact(Binder.java:731)

06-25 10:19:22.565  1567  4055 I LSPosed-Bridge: 5207 PermLabel 10137 AMS.checkPermission: Binder.getCallingPid() = 912; uid = 10137; Binder.getCallingUid() = 1047; getNameForUid: null; getPackagesForUid: null; permName: android.permission.CAMERA; type = 1; res = -1; stacktrace=java.lang.Exception

06-25 10:19:22.565  1567  4055 I LSPosed-Bridge: 	at com.example.permlabel.requirePerm$1$2.afterHookedMethod(requirePerm.java:137)

06-25 10:19:22.565  1567  4055 I LSPosed-Bridge: 	at de.robv.android.xposed.XposedBridge$AdditionalHookInfo.callback(Unknown Source:147)

06-25 10:19:22.565  1567  4055 I LSPosed-Bridge: 	at LSPHooker_.checkPermission(Unknown Source:25)

06-25 10:19:22.565  1567  4055 I LSPosed-Bridge: 	at com.android.server.am.ActivityManagerService$PermissionController.checkPermission(ActivityManagerService.java:9248)

06-25 10:19:22.565  1567  4055 I LSPosed-Bridge: 	at android.os.IPermissionController$Stub.onTransact(IPermissionController.java:56)

06-25 10:19:22.565  1567  4055 I LSPosed-Bridge: 	at android.os.Binder.execTransact(Binder.java:731)

06-25 10:19:22.565   912 24091 W ServiceManager: Permission failure: android.permission.CAMERA from uid=10137 pid=5207

06-25 10:19:22.565   912 24091 E CameraService: Permission Denial: can't use the camera pid=5207, uid=10137

06-25 10:19:22.565  5207  7307 W CameraBase: An error occurred while connecting to camera 0: Status(-8): '1: validateClientPermissionsLocked:906: Caller "com.Qunar" (PID 10137, UID 5207) cannot open camera "0" without camera permission'

06-25 10:19:22.668  1567  4055 I LSPosed-Bridge: 5207 PermLabel 10137 AMS.checkPermission: Binder.getCallingPid() = 912; uid = 10137; Binder.getCallingUid() = 1047; getNameForUid: null; getPackagesForUid: null; permName: android.permission.CAMERA; type = 1; res = -1; stacktrace=java.lang.Exception

06-25 10:19:22.668  1567  4055 I LSPosed-Bridge: 	at com.example.permlabel.requirePerm$1$2.afterHookedMethod(requirePerm.java:137)

06-25 10:19:22.668  1567  4055 I LSPosed-Bridge: 	at de.robv.android.xposed.XposedBridge$AdditionalHookInfo.callback(Unknown Source:147)

06-25 10:19:22.668  1567  4055 I LSPosed-Bridge: 	at LSPHooker_.checkPermission(Unknown Source:25)

06-25 10:19:22.668  1567  4055 I LSPosed-Bridge: 	at com.android.server.am.ActivityManagerService$PermissionController.checkPermission(ActivityManagerService.java:9248)

06-25 10:19:22.668  1567  4055 I LSPosed-Bridge: 	at android.os.IPermissionController$Stub.onTransact(IPermissionController.java:56)

06-25 10:19:22.668  1567  4055 I LSPosed-Bridge: 	at android.os.Binder.execTransact(Binder.java:731)

06-25 10:19:22.668   912 24091 W ServiceManager: Permission failure: android.permission.CAMERA from uid=10137 pid=5207

06-25 10:19:22.668   912 24091 E CameraService: Permission Denial: can't use the camera pid=5207, uid=10137

06-25 10:19:22.771  1567  4055 I LSPosed-Bridge: 5207 PermLabel 10137 AMS.checkPermission: Binder.getCallingPid() = 912; uid = 10137; Binder.getCallingUid() = 1047; getNameForUid: null; getPackagesForUid: null; permName: android.permission.CAMERA; type = 1; res = -1; stacktrace=java.lang.Exception

06-25 10:19:22.771  1567  4055 I LSPosed-Bridge: 	at com.example.permlabel.requirePerm$1$2.afterHookedMethod(requirePerm.java:137)

06-25 10:19:22.771  1567  4055 I LSPosed-Bridge: 	at de.robv.android.xposed.XposedBridge$AdditionalHookInfo.callback(Unknown Source:147)

06-25 10:19:22.771  1567  4055 I LSPosed-Bridge: 	at LSPHooker_.checkPermission(Unknown Source:25)

06-25 10:19:22.771  1567  4055 I LSPosed-Bridge: 	at com.android.server.am.ActivityManagerService$PermissionController.checkPermission(ActivityManagerService.java:9248)

06-25 10:19:22.771  1567  4055 I LSPosed-Bridge: 	at android.os.IPermissionController$Stub.onTransact(IPermissionController.java:56)

06-25 10:19:22.771  1567  4055 I LSPosed-Bridge: 	at android.os.Binder.execTransact(Binder.java:731)

06-25 10:19:22.771   912 24091 W ServiceManager: Permission failure: android.permission.CAMERA from uid=10137 pid=5207

06-25 10:19:22.773  5207  7307 I LSPosed-Bridge: 5207 PermLabel 10137 android.permission.CAMERA open cameraId: 0; res= null; stacktrace=java.lang.Exception

06-25 10:19:22.773  5207  7307 I LSPosed-Bridge: 5207 PermLabel 10137 android.permission.CAMERA open cameraId: 0; res= null; stacktrace=java.lang.Exception

06-25 10:19:22.773  5207  7307 I LSPosed-Bridge: 	at com.example.permlabel.hookCamera$3.afterHookedMethod(hookCamera.java:49)

06-25 10:19:22.773  5207  7307 I LSPosed-Bridge: 	at com.example.permlabel.hookCamera$3.afterHookedMethod(hookCamera.java:49)

06-25 10:19:22.773  5207  7307 I LSPosed-Bridge: 	at de.robv.android.xposed.XposedBridge$AdditionalHookInfo.callback(Unknown Source:147)

06-25 10:19:22.773  5207  7307 I LSPosed-Bridge: 	at de.robv.android.xposed.XposedBridge$AdditionalHookInfo.callback(Unknown Source:147)

06-25 10:19:22.773  5207  7307 I LSPosed-Bridge: 	at LSPHooker_.open(Unknown Source:12)

06-25 10:19:22.773  5207  7307 I LSPosed-Bridge: 	at LSPHooker_.open(Unknown Source:12)

06-25 10:19:22.773  5207  7307 I LSPosed-Bridge: 	at org.chromium.media.VideoCaptureFactory.isZoomSupported(chromium-Monochrome.aab-stable-573513121:10)

06-25 10:19:22.773  5207  7307 I LSPosed-Bridge: 	at org.chromium.media.VideoCaptureFactory.isZoomSupported(chromium-Monochrome.aab-stable-573513121:10)

06-25 10:19:22.773  5207  7307 I LSPosed-Bridge: 5207 PermLabel 10137 android.permission.CAMERA open cameraId: 0; res= null; stacktrace=java.lang.Exception

06-25 10:19:22.773  5207  7307 I LSPosed-Bridge: 5207 PermLabel 10137 android.permission.CAMERA open cameraId: 0; res= null; stacktrace=java.lang.Exception

06-25 10:19:22.773  5207  7307 I LSPosed-Bridge: 	at com.example.permlabel.hookCamera$3.afterHookedMethod(hookCamera.java:49)

06-25 10:19:22.773  5207  7307 I LSPosed-Bridge: 	at com.example.permlabel.hookCamera$3.afterHookedMethod(hookCamera.java:49)

06-25 10:19:22.773  5207  7307 I LSPosed-Bridge: 	at de.robv.android.xposed.XposedBridge$AdditionalHookInfo.callback(Unknown Source:147)

06-25 10:19:22.773  5207  7307 I LSPosed-Bridge: 	at de.robv.android.xposed.XposedBridge$AdditionalHookInfo.callback(Unknown Source:147)

06-25 10:19:22.773  5207  7307 I LSPosed-Bridge: 	at LSPHooker_.open(Unknown Source:12)

06-25 10:19:22.773  5207  7307 I LSPosed-Bridge: 	at LSPHooker_.open(Unknown Source:12)

06-25 10:19:22.773  5207  7307 I LSPosed-Bridge: 	at org.chromium.media.VideoCaptureFactory.isZoomSupported(chromium-Monochrome.aab-stable-573513121:10)

06-25 10:19:22.773  5207  7307 I LSPosed-Bridge: 	at org.chromium.media.VideoCaptureFactory.isZoomSupported(chromium-Monochrome.aab-stable-573513121:10)

06-25 10:19:22.773  5207  7307 E cr_VideoCapture: Camera.open: 

06-25 10:19:22.773  5207  7307 E cr_VideoCapture: Camera.open: 

06-25 10:19:22.773  5207  7307 E cr_VideoCapture: java.lang.RuntimeException: Fail to connect to camera service

06-25 10:19:22.773  5207  7307 E cr_VideoCapture: java.lang.RuntimeException: Fail to connect to camera service

06-25 10:19:22.773  5207  7307 E cr_VideoCapture: 	at android.hardware.Camera.<init>(Camera.java:669)

06-25 10:19:22.773  5207  7307 E cr_VideoCapture: 	at android.hardware.Camera.<init>(Camera.java:669)

06-25 10:19:22.773  5207  7307 E cr_VideoCapture: 	at android.hardware.Camera.open(Camera.java:460)

06-25 10:19:22.773  5207  7307 E cr_VideoCapture: 	at android.hardware.Camera.open(Camera.java:460)

06-25 10:19:22.773  5207  7307 E cr_VideoCapture: 	at java.lang.reflect.Method.invoke(Native Method)

06-25 10:19:22.773  5207  7307 E cr_VideoCapture: 	at java.lang.reflect.Method.invoke(Native Method)

06-25 10:19:22.773  5207  7307 E cr_VideoCapture: 	at org.lsposed.lspd.nativebridge.HookBridge.invokeOriginalMethod(Native Method)

06-25 10:19:22.773  5207  7307 E cr_VideoCapture: 	at org.lsposed.lspd.nativebridge.HookBridge.invokeOriginalMethod(Native Method)

06-25 10:19:22.773  5207  7307 E cr_VideoCapture: 	at de.robv.android.xposed.XposedBridge$AdditionalHookInfo.callback(Unknown Source:110)

06-25 10:19:22.773  5207  7307 E cr_VideoCapture: 	at de.robv.android.xposed.XposedBridge$AdditionalHookInfo.callback(Unknown Source:110)

06-25 10:19:22.773  5207  7307 E cr_VideoCapture: 	at LSPHooker_.open(Unknown Source:12)

06-25 10:19:22.773  5207  7307 E cr_VideoCapture: 	at LSPHooker_.open(Unknown Source:12)

06-25 10:19:22.773  5207  7307 E cr_VideoCapture: 	at org.chromium.media.VideoCaptureFactory.isZoomSupported(chromium-Monochrome.aab-stable-573513121:10)

06-25 10:19:22.773  5207  7307 E cr_VideoCapture: 	at org.chromium.media.VideoCaptureFactory.isZoomSupported(chromium-Monochrome.aab-stable-573513121:10)

06-25 10:19:22.783  1567  4055 I LSPosed-Bridge: 5207 PermLabel 10137 AMS.checkPermission: Binder.getCallingPid() = 912; uid = 10137; Binder.getCallingUid() = 1047; getNameForUid: null; getPackagesForUid: null; permName: android.permission.CAMERA; type = 1; res = -1; stacktrace=java.lang.Exception

06-25 10:19:22.783  1567  4055 I LSPosed-Bridge: 	at com.example.permlabel.requirePerm$1$2.afterHookedMethod(requirePerm.java:137)

06-25 10:19:22.783  1567  4055 I LSPosed-Bridge: 	at de.robv.android.xposed.XposedBridge$AdditionalHookInfo.callback(Unknown Source:147)

06-25 10:19:22.783  1567  4055 I LSPosed-Bridge: 	at LSPHooker_.checkPermission(Unknown Source:25)

06-25 10:19:22.783  1567  4055 I LSPosed-Bridge: 	at com.android.server.am.ActivityManagerService$PermissionController.checkPermission(ActivityManagerService.java:9248)

06-25 10:19:22.783  1567  4055 I LSPosed-Bridge: 	at android.os.IPermissionController$Stub.onTransact(IPermissionController.java:56)

06-25 10:19:22.783  1567  4055 I LSPosed-Bridge: 	at android.os.Binder.execTransact(Binder.java:731)

06-25 10:19:22.783   912 24091 W ServiceManager: Permission failure: android.permission.CAMERA from uid=10137 pid=5207

06-25 10:19:22.783   912 24091 E CameraService: Permission Denial: can't use the camera pid=5207, uid=10137

06-25 10:19:22.886  1567  4055 I LSPosed-Bridge: 5207 PermLabel 10137 AMS.checkPermission: Binder.getCallingPid() = 912; uid = 10137; Binder.getCallingUid() = 1047; getNameForUid: null; getPackagesForUid: null; permName: android.permission.CAMERA; type = 1; res = -1; stacktrace=java.lang.Exception

06-25 10:19:22.886  1567  4055 I LSPosed-Bridge: 	at com.example.permlabel.requirePerm$1$2.afterHookedMethod(requirePerm.java:137)

06-25 10:19:22.886  1567  4055 I LSPosed-Bridge: 	at de.robv.android.xposed.XposedBridge$AdditionalHookInfo.callback(Unknown Source:147)

06-25 10:19:22.886  1567  4055 I LSPosed-Bridge: 	at LSPHooker_.checkPermission(Unknown Source:25)

06-25 10:19:22.886  1567  4055 I LSPosed-Bridge: 	at com.android.server.am.ActivityManagerService$PermissionController.checkPermission(ActivityManagerService.java:9248)

06-25 10:19:22.886  1567  4055 I LSPosed-Bridge: 	at android.os.IPermissionController$Stub.onTransact(IPermissionController.java:56)

06-25 10:19:22.886  1567  4055 I LSPosed-Bridge: 	at android.os.Binder.execTransact(Binder.java:731)

06-25 10:19:22.886   912 24091 W ServiceManager: Permission failure: android.permission.CAMERA from uid=10137 pid=5207

06-25 10:19:22.886   912 24091 E CameraService: Permission Denial: can't use the camera pid=5207, uid=10137

06-25 10:19:22.989  1567  4055 I LSPosed-Bridge: 5207 PermLabel 10137 AMS.checkPermission: Binder.getCallingPid() = 912; uid = 10137; Binder.getCallingUid() = 1047; getNameForUid: null; getPackagesForUid: null; permName: android.permission.CAMERA; type = 1; res = -1; stacktrace=java.lang.Exception

06-25 10:19:22.989  1567  4055 I LSPosed-Bridge: 	at com.example.permlabel.requirePerm$1$2.afterHookedMethod(requirePerm.java:137)

06-25 10:19:22.989  1567  4055 I LSPosed-Bridge: 	at de.robv.android.xposed.XposedBridge$AdditionalHookInfo.callback(Unknown Source:147)

06-25 10:19:22.989  1567  4055 I LSPosed-Bridge: 	at LSPHooker_.checkPermission(Unknown Source:25)

06-25 10:19:22.989  1567  4055 I LSPosed-Bridge: 	at com.android.server.am.ActivityManagerService$PermissionController.checkPermission(ActivityManagerService.java:9248)

06-25 10:19:22.989  1567  4055 I LSPosed-Bridge: 	at android.os.IPermissionController$Stub.onTransact(IPermissionController.java:56)

06-25 10:19:22.989  1567  4055 I LSPosed-Bridge: 	at android.os.Binder.execTransact(Binder.java:731)

06-25 10:19:22.989   912 24091 W ServiceManager: Permission failure: android.permission.CAMERA from uid=10137 pid=5207

06-25 10:19:23.094  1567  4055 I LSPosed-Bridge: 5207 PermLabel 10137 AMS.checkPermission: Binder.getCallingPid() = 912; uid = 10137; Binder.getCallingUid() = 1047; getNameForUid: null; getPackagesForUid: null; permName: android.permission.CAMERA; type = 1; res = -1; stacktrace=java.lang.Exception

06-25 10:19:23.094  1567  4055 I LSPosed-Bridge: 	at com.example.permlabel.requirePerm$1$2.afterHookedMethod(requirePerm.java:137)

06-25 10:19:23.094  1567  4055 I LSPosed-Bridge: 	at de.robv.android.xposed.XposedBridge$AdditionalHookInfo.callback(Unknown Source:147)

06-25 10:19:23.094  1567  4055 I LSPosed-Bridge: 	at LSPHooker_.checkPermission(Unknown Source:25)

06-25 10:19:23.094  1567  4055 I LSPosed-Bridge: 	at com.android.server.am.ActivityManagerService$PermissionController.checkPermission(ActivityManagerService.java:9248)

06-25 10:19:23.094  1567  4055 I LSPosed-Bridge: 	at android.os.IPermissionController$Stub.onTransact(IPermissionController.java:56)

06-25 10:19:23.094  1567  4055 I LSPosed-Bridge: 	at android.os.Binder.execTransact(Binder.java:731)

06-25 10:19:23.197  1567  4055 I LSPosed-Bridge: 5207 PermLabel 10137 AMS.checkPermission: Binder.getCallingPid() = 912; uid = 10137; Binder.getCallingUid() = 1047; getNameForUid: null; getPackagesForUid: null; permName: android.permission.CAMERA; type = 1; res = -1; stacktrace=java.lang.Exception

06-25 10:19:23.197  1567  4055 I LSPosed-Bridge: 	at com.example.permlabel.requirePerm$1$2.afterHookedMethod(requirePerm.java:137)

06-25 10:19:23.197  1567  4055 I LSPosed-Bridge: 	at de.robv.android.xposed.XposedBridge$AdditionalHookInfo.callback(Unknown Source:147)

06-25 10:19:23.197  1567  4055 I LSPosed-Bridge: 	at LSPHooker_.checkPermission(Unknown Source:25)

06-25 10:19:23.197  1567  4055 I LSPosed-Bridge: 	at com.android.server.am.ActivityManagerService$PermissionController.checkPermission(ActivityManagerService.java:9248)

06-25 10:19:23.197  1567  4055 I LSPosed-Bridge: 	at android.os.IPermissionController$Stub.onTransact(IPermissionController.java:56)

06-25 10:19:23.197  1567  4055 I LSPosed-Bridge: 	at android.os.Binder.execTransact(Binder.java:731)

06-25 10:19:23.301  1567  4055 I LSPosed-Bridge: 5207 PermLabel 10137 AMS.checkPermission: Binder.getCallingPid() = 912; uid = 10137; Binder.getCallingUid() = 1047; getNameForUid: null; getPackagesForUid: null; permName: android.permission.CAMERA; type = 1; res = -1; stacktrace=java.lang.Exception

06-25 10:19:23.301  1567  4055 I LSPosed-Bridge: 	at com.example.permlabel.requirePerm$1$2.afterHookedMethod(requirePerm.java:137)

06-25 10:19:23.301  1567  4055 I LSPosed-Bridge: 	at de.robv.android.xposed.XposedBridge$AdditionalHookInfo.callback(Unknown Source:147)

06-25 10:19:23.301  1567  4055 I LSPosed-Bridge: 	at LSPHooker_.checkPermission(Unknown Source:25)

06-25 10:19:23.301  1567  4055 I LSPosed-Bridge: 	at com.android.server.am.ActivityManagerService$PermissionController.checkPermission(ActivityManagerService.java:9248)

06-25 10:19:23.301  1567  4055 I LSPosed-Bridge: 	at android.os.IPermissionController$Stub.onTransact(IPermissionController.java:56)

06-25 10:19:23.301  1567  4055 I LSPosed-Bridge: 	at android.os.Binder.execTransact(Binder.java:731)

06-25 10:19:23.301   912 24091 W ServiceManager: Permission failure: android.permission.CAMERA from uid=10137 pid=5207

06-25 10:19:23.301   912 24091 E CameraService: Permission Denial: can't use the camera pid=5207, uid=10137

06-25 10:19:23.403   912 24091 I CameraService: CameraService::connect call (PID -1 "com.Qunar", camera ID 0) for HAL version default and Camera API version 1

06-25 10:19:23.403  1567  4055 I LSPosed-Bridge: 5207 PermLabel 10137 AMS.checkPermission: Binder.getCallingPid() = 912; uid = 10137; Binder.getCallingUid() = 1047; getNameForUid: null; getPackagesForUid: null; permName: android.permission.CAMERA; type = 1; res = -1; stacktrace=java.lang.Exception

06-25 10:19:23.403  1567  4055 I LSPosed-Bridge: 	at com.example.permlabel.requirePerm$1$2.afterHookedMethod(requirePerm.java:137)

06-25 10:19:23.403  1567  4055 I LSPosed-Bridge: 	at de.robv.android.xposed.XposedBridge$AdditionalHookInfo.callback(Unknown Source:147)

06-25 10:19:23.403  1567  4055 I LSPosed-Bridge: 	at LSPHooker_.checkPermission(Unknown Source:25)

06-25 10:19:23.403  1567  4055 I LSPosed-Bridge: 	at com.android.server.am.ActivityManagerService$PermissionController.checkPermission(ActivityManagerService.java:9248)

06-25 10:19:23.403  1567  4055 I LSPosed-Bridge: 	at android.os.IPermissionController$Stub.onTransact(IPermissionController.java:56)

06-25 10:19:23.403  1567  4055 I LSPosed-Bridge: 	at android.os.Binder.execTransact(Binder.java:731)

06-25 10:19:23.506  1567  4055 I LSPosed-Bridge: 5207 PermLabel 10137 AMS.checkPermission: Binder.getCallingPid() = 912; uid = 10137; Binder.getCallingUid() = 1047; getNameForUid: null; getPackagesForUid: null; permName: android.permission.CAMERA; type = 1; res = -1; stacktrace=java.lang.Exception

06-25 10:19:23.506  1567  4055 I LSPosed-Bridge: 	at com.example.permlabel.requirePerm$1$2.afterHookedMethod(requirePerm.java:137)

06-25 10:19:23.506  1567  4055 I LSPosed-Bridge: 	at de.robv.android.xposed.XposedBridge$AdditionalHookInfo.callback(Unknown Source:147)

06-25 10:19:23.506  1567  4055 I LSPosed-Bridge: 	at LSPHooker_.checkPermission(Unknown Source:25)

06-25 10:19:23.506  1567  4055 I LSPosed-Bridge: 	at com.android.server.am.ActivityManagerService$PermissionController.checkPermission(ActivityManagerService.java:9248)

06-25 10:19:23.506  1567  4055 I LSPosed-Bridge: 	at android.os.IPermissionController$Stub.onTransact(IPermissionController.java:56)

06-25 10:19:23.506  1567  4055 I LSPosed-Bridge: 	at android.os.Binder.execTransact(Binder.java:731)

06-25 10:19:23.506   912 24091 W ServiceManager: Permission failure: android.permission.CAMERA from uid=10137 pid=5207

06-25 10:19:23.506   912 24091 E CameraService: Permission Denial: can't use the camera pid=5207, uid=10137

06-25 10:19:23.610  1567  4055 I LSPosed-Bridge: 5207 PermLabel 10137 AMS.checkPermission: Binder.getCallingPid() = 912; uid = 10137; Binder.getCallingUid() = 1047; getNameForUid: null; getPackagesForUid: null; permName: android.permission.CAMERA; type = 1; res = -1; stacktrace=java.lang.Exception

06-25 10:19:23.610  1567  4055 I LSPosed-Bridge: 	at com.example.permlabel.requirePerm$1$2.afterHookedMethod(requirePerm.java:137)

06-25 10:19:23.610  1567  4055 I LSPosed-Bridge: 	at de.robv.android.xposed.XposedBridge$AdditionalHookInfo.callback(Unknown Source:147)

06-25 10:19:23.610  1567  4055 I LSPosed-Bridge: 	at LSPHooker_.checkPermission(Unknown Source:25)

06-25 10:19:23.610  1567  4055 I LSPosed-Bridge: 	at com.android.server.am.ActivityManagerService$PermissionController.checkPermission(ActivityManagerService.java:9248)

06-25 10:19:23.610  1567  4055 I LSPosed-Bridge: 	at android.os.IPermissionController$Stub.onTransact(IPermissionController.java:56)

06-25 10:19:23.610  1567  4055 I LSPosed-Bridge: 	at android.os.Binder.execTransact(Binder.java:731)

06-25 10:19:23.610   912 24091 W ServiceManager: Permission failure: android.permission.CAMERA from uid=10137 pid=5207

06-25 10:19:23.612  5207  7307 I LSPosed-Bridge: 5207 PermLabel 10137 android.permission.CAMERA open cameraId: 0; res= null; stacktrace=java.lang.Exception

06-25 10:19:23.612  5207  7307 I LSPosed-Bridge: 5207 PermLabel 10137 android.permission.CAMERA open cameraId: 0; res= null; stacktrace=java.lang.Exception

06-25 10:19:23.612  5207  7307 I LSPosed-Bridge: 	at com.example.permlabel.hookCamera$3.afterHookedMethod(hookCamera.java:49)

06-25 10:19:23.612  5207  7307 I LSPosed-Bridge: 	at com.example.permlabel.hookCamera$3.afterHookedMethod(hookCamera.java:49)

06-25 10:19:23.612  5207  7307 I LSPosed-Bridge: 	at de.robv.android.xposed.XposedBridge$AdditionalHookInfo.callback(Unknown Source:147)

06-25 10:19:23.612  5207  7307 I LSPosed-Bridge: 	at de.robv.android.xposed.XposedBridge$AdditionalHookInfo.callback(Unknown Source:147)

06-25 10:19:23.612  5207  7307 I LSPosed-Bridge: 	at LSPHooker_.open(Unknown Source:12)

06-25 10:19:23.612  5207  7307 I LSPosed-Bridge: 	at LSPHooker_.open(Unknown Source:12)

06-25 10:19:23.612  5207  7307 I LSPosed-Bridge: 	at org.chromium.media.VideoCaptureFactory.getDeviceSupportedFormats(chromium-Monochrome.aab-stable-573513121:13)

06-25 10:19:23.612  5207  7307 I LSPosed-Bridge: 	at org.chromium.media.VideoCaptureFactory.getDeviceSupportedFormats(chromium-Monochrome.aab-stable-573513121:13)

06-25 10:19:23.612  5207  7307 I LSPosed-Bridge: 5207 PermLabel 10137 android.permission.CAMERA open cameraId: 0; res= null; stacktrace=java.lang.Exception

06-25 10:19:23.612  5207  7307 I LSPosed-Bridge: 5207 PermLabel 10137 android.permission.CAMERA open cameraId: 0; res= null; stacktrace=java.lang.Exception

06-25 10:19:23.612  5207  7307 I LSPosed-Bridge: 	at com.example.permlabel.hookCamera$3.afterHookedMethod(hookCamera.java:49)

06-25 10:19:23.612  5207  7307 I LSPosed-Bridge: 	at com.example.permlabel.hookCamera$3.afterHookedMethod(hookCamera.java:49)

06-25 10:19:23.612  5207  7307 I LSPosed-Bridge: 	at de.robv.android.xposed.XposedBridge$AdditionalHookInfo.callback(Unknown Source:147)

06-25 10:19:23.612  5207  7307 I LSPosed-Bridge: 	at de.robv.android.xposed.XposedBridge$AdditionalHookInfo.callback(Unknown Source:147)

06-25 10:19:23.612  5207  7307 I LSPosed-Bridge: 	at LSPHooker_.open(Unknown Source:12)

06-25 10:19:23.612  5207  7307 I LSPosed-Bridge: 	at LSPHooker_.open(Unknown Source:12)

06-25 10:19:23.612  5207  7307 I LSPosed-Bridge: 	at org.chromium.media.VideoCaptureFactory.getDeviceSupportedFormats(chromium-Monochrome.aab-stable-573513121:13)

06-25 10:19:23.612  5207  7307 I LSPosed-Bridge: 	at org.chromium.media.VideoCaptureFactory.getDeviceSupportedFormats(chromium-Monochrome.aab-stable-573513121:13)

06-25 10:19:23.612  5207  7307 E cr_VideoCapture: Camera.open: 

06-25 10:19:23.612  5207  7307 E cr_VideoCapture: Camera.open: 

06-25 10:19:23.612  5207  7307 E cr_VideoCapture: java.lang.RuntimeException: Fail to connect to camera service

06-25 10:19:23.612  5207  7307 E cr_VideoCapture: java.lang.RuntimeException: Fail to connect to camera service

06-25 10:19:23.612  5207  7307 E cr_VideoCapture: 	at android.hardware.Camera.<init>(Camera.java:669)

06-25 10:19:23.612  5207  7307 E cr_VideoCapture: 	at android.hardware.Camera.<init>(Camera.java:669)

06-25 10:19:23.612  5207  7307 E cr_VideoCapture: 	at android.hardware.Camera.open(Camera.java:460)

06-25 10:19:23.612  5207  7307 E cr_VideoCapture: 	at android.hardware.Camera.open(Camera.java:460)

06-25 10:19:23.612  5207  7307 E cr_VideoCapture: 	at java.lang.reflect.Method.invoke(Native Method)

06-25 10:19:23.612  5207  7307 E cr_VideoCapture: 	at java.lang.reflect.Method.invoke(Native Method)

06-25 10:19:23.612  5207  7307 E cr_VideoCapture: 	at org.lsposed.lspd.nativebridge.HookBridge.invokeOriginalMethod(Native Method)

06-25 10:19:23.612  5207  7307 E cr_VideoCapture: 	at org.lsposed.lspd.nativebridge.HookBridge.invokeOriginalMethod(Native Method)

06-25 10:19:23.612  5207  7307 E cr_VideoCapture: 	at de.robv.android.xposed.XposedBridge$AdditionalHookInfo.callback(Unknown Source:110)

06-25 10:19:23.612  5207  7307 E cr_VideoCapture: 	at de.robv.android.xposed.XposedBridge$AdditionalHookInfo.callback(Unknown Source:110)

06-25 10:19:23.612  5207  7307 E cr_VideoCapture: 	at LSPHooker_.open(Unknown Source:12)

06-25 10:19:23.612  5207  7307 E cr_VideoCapture: 	at LSPHooker_.open(Unknown Source:12)

06-25 10:19:23.612  5207  7307 E cr_VideoCapture: 	at org.chromium.media.VideoCaptureFactory.getDeviceSupportedFormats(chromium-Monochrome.aab-stable-573513121:13)

06-25 10:19:23.612  5207  7307 E cr_VideoCapture: 	at org.chromium.media.VideoCaptureFactory.getDeviceSupportedFormats(chromium-Monochrome.aab-stable-573513121:13)

06-25 10:19:26.638  5207  7307 I LSPosed-Bridge: 5207 PermLabel 10137 android.permission.CAMERA getCameraInfo args0: 1; args1: android.hardware.Camera$CameraInfo@211b2b2; res= null; stacktrace=java.lang.Exception

06-25 10:19:26.638  5207  7307 I LSPosed-Bridge: 5207 PermLabel 10137 android.permission.CAMERA getCameraInfo args0: 1; args1: android.hardware.Camera$CameraInfo@211b2b2; res= null; stacktrace=java.lang.Exception

06-25 10:19:26.638  5207  7307 I LSPosed-Bridge: 	at com.example.permlabel.hookCamera$1.afterHookedMethod(hookCamera.java:21)

06-25 10:19:26.638  5207  7307 I LSPosed-Bridge: 	at com.example.permlabel.hookCamera$1.afterHookedMethod(hookCamera.java:21)

06-25 10:19:26.638  5207  7307 I LSPosed-Bridge: 	at de.robv.android.xposed.XposedBridge$AdditionalHookInfo.callback(Unknown Source:147)

06-25 10:19:26.638  5207  7307 I LSPosed-Bridge: 	at de.robv.android.xposed.XposedBridge$AdditionalHookInfo.callback(Unknown Source:147)

06-25 10:19:26.638  5207  7307 I LSPosed-Bridge: 	at LSPHooker_.getCameraInfo(Unknown Source:15)

06-25 10:19:26.638  5207  7307 I LSPosed-Bridge: 	at LSPHooker_.getCameraInfo(Unknown Source:15)

