07-26 04:51:37.730  5723 13996 I LSPosed-Bridge: 	at java.util.concurrent.ThreadPoolExecutor.runWorker(ThreadPoolExecutor.java:1167)

07-26 04:51:37.730  5723 13996 I LSPosed-Bridge: 	at java.util.concurrent.ThreadPoolExecutor$Worker.run(ThreadPoolExecutor.java:641)

07-26 04:51:37.730  5723 13996 I LSPosed-Bridge: 	at java.util.concurrent.ThreadPoolExecutor$Worker.run(ThreadPoolExecutor.java:641)

07-26 04:51:37.730  5723 13996 I LSPosed-Bridge: 	at java.util.concurrent.ThreadPoolExecutor$Worker.run(ThreadPoolExecutor.java:641)

07-26 04:51:37.730  5723 13996 I LSPosed-Bridge: 	at java.util.concurrent.ThreadPoolExecutor$Worker.run(ThreadPoolExecutor.java:641)

07-26 04:51:37.730  5723 13996 I LSPosed-Bridge: 	at java.lang.Thread.run(Thread.java:764)

07-26 04:51:37.730  5723 13996 I LSPosed-Bridge: 	at java.lang.Thread.run(Thread.java:764)

07-26 04:51:37.730  5723 13996 I LSPosed-Bridge: 	at java.lang.Thread.run(Thread.java:764)

07-26 04:51:37.730  5723 13996 I LSPosed-Bridge: 	at java.lang.Thread.run(Thread.java:764)

07-26 04:51:37.730  5723  5723 I LSPosed-Bridge: 5723 PermLabel 10120 ContextImpl.checkPermission: pid = 5723; uid = 10120; permName: android.permission.READ_PHONE_STATE; type = 1; res = -1; stacktrace=java.lang.Exception

07-26 04:51:37.730  5723  5723 I LSPosed-Bridge: 5723 PermLabel 10120 ContextImpl.checkPermission: pid = 5723; uid = 10120; permName: android.permission.READ_PHONE_STATE; type = 1; res = -1; stacktrace=java.lang.Exception

07-26 04:51:37.730  5723  5723 I LSPosed-Bridge: 5723 PermLabel 10120 ContextImpl.checkPermission: pid = 5723; uid = 10120; permName: android.permission.READ_PHONE_STATE; type = 1; res = -1; stacktrace=java.lang.Exception

07-26 04:51:37.730  5723  5723 I LSPosed-Bridge: 5723 PermLabel 10120 ContextImpl.checkPermission: pid = 5723; uid = 10120; permName: android.permission.READ_PHONE_STATE; type = 1; res = -1; stacktrace=java.lang.Exception

07-26 04:51:37.730  5723  5723 I LSPosed-Bridge: 	at com.example.permlabel.requestPerm$2.afterHookedMethod(requestPerm.java:224)

07-26 04:51:37.730  5723  5723 I LSPosed-Bridge: 	at com.example.permlabel.requestPerm$2.afterHookedMethod(requestPerm.java:224)

07-26 04:51:37.730  5723  5723 I LSPosed-Bridge: 	at com.example.permlabel.requestPerm$2.afterHookedMethod(requestPerm.java:224)

07-26 04:51:37.730  5723  5723 I LSPosed-Bridge: 	at com.example.permlabel.requestPerm$2.afterHookedMethod(requestPerm.java:224)

07-26 04:51:37.730  5723  5723 I LSPosed-Bridge: 	at de.robv.android.xposed.XposedBridge$AdditionalHookInfo.callback(Unknown Source:147)

07-26 04:51:37.730  5723  5723 I LSPosed-Bridge: 	at de.robv.android.xposed.XposedBridge$AdditionalHookInfo.callback(Unknown Source:147)

07-26 04:51:37.730  5723  5723 I LSPosed-Bridge: 	at de.robv.android.xposed.XposedBridge$AdditionalHookInfo.callback(Unknown Source:147)

07-26 04:51:37.730  5723  5723 I LSPosed-Bridge: 	at de.robv.android.xposed.XposedBridge$AdditionalHookInfo.callback(Unknown Source:147)

07-26 04:51:37.730  5723  5723 I LSPosed-Bridge: 	at LSPHooker_.checkPermission(Unknown Source:25)

07-26 04:51:37.730  5723  5723 I LSPosed-Bridge: 	at LSPHooker_.checkPermission(Unknown Source:25)

07-26 04:51:37.730  5723  5723 I LSPosed-Bridge: 	at LSPHooker_.checkPermission(Unknown Source:25)

07-26 04:51:37.730  5723  5723 I LSPosed-Bridge: 	at LSPHooker_.checkPermission(Unknown Source:25)

07-26 04:51:37.730  5723  5723 I LSPosed-Bridge: 	at android.app.ContextImpl.checkSelfPermission(ContextImpl.java:1801)

07-26 04:51:37.730  5723  5723 I LSPosed-Bridge: 	at android.app.ContextImpl.checkSelfPermission(ContextImpl.java:1801)

07-26 04:51:37.730  5723  5723 I LSPosed-Bridge: 	at android.app.ContextImpl.checkSelfPermission(ContextImpl.java:1801)

07-26 04:51:37.730  5723  5723 I LSPosed-Bridge: 	at android.app.ContextImpl.checkSelfPermission(ContextImpl.java:1801)

07-26 04:51:37.730  5723  5723 I LSPosed-Bridge: 	at android.content.ContextWrapper.checkSelfPermission(ContextWrapper.java:759)

07-26 04:51:37.730  5723  5723 I LSPosed-Bridge: 	at android.content.ContextWrapper.checkSelfPermission(ContextWrapper.java:759)

07-26 04:51:37.730  5723  5723 I LSPosed-Bridge: 	at android.content.ContextWrapper.checkSelfPermission(ContextWrapper.java:759)

07-26 04:51:37.730  5723  5723 I LSPosed-Bridge: 	at android.content.ContextWrapper.checkSelfPermission(ContextWrapper.java:759)

07-26 04:51:37.730  5723  5723 I LSPosed-Bridge: 	at java.lang.reflect.Method.invoke(Native Method)

07-26 04:51:37.730  5723  5723 I LSPosed-Bridge: 	at java.lang.reflect.Method.invoke(Native Method)

07-26 04:51:37.730  5723  5723 I LSPosed-Bridge: 	at java.lang.reflect.Method.invoke(Native Method)

07-26 04:51:37.730  5723  5723 I LSPosed-Bridge: 	at java.lang.reflect.Method.invoke(Native Method)

07-26 04:51:37.730  5723  5723 I LSPosed-Bridge: 	at com.umeng.umcrash.UMCrashUtils.checkPermission(SourceFile:4)

07-26 04:51:37.730  5723  5723 I LSPosed-Bridge: 	at com.umeng.umcrash.UMCrashUtils.checkPermission(SourceFile:4)

07-26 04:51:37.730  5723  5723 I LSPosed-Bridge: 	at com.umeng.umcrash.UMCrashUtils.checkPermission(SourceFile:4)

07-26 04:51:37.730  5723  5723 I LSPosed-Bridge: 	at com.umeng.umcrash.UMCrashUtils.checkPermission(SourceFile:4)

07-26 04:51:37.730  5723  5723 I LSPosed-Bridge: 	at com.umeng.umcrash.UMCrashUtils.getNetworkOperatorName(SourceFile:2)

07-26 04:51:37.730  5723  5723 I LSPosed-Bridge: 	at com.umeng.umcrash.UMCrashUtils.getNetworkOperatorName(SourceFile:2)

07-26 04:51:37.730  5723  5723 I LSPosed-Bridge: 	at com.umeng.umcrash.UMCrashUtils.getNetworkOperatorName(SourceFile:2)

07-26 04:51:37.730  5723  5723 I LSPosed-Bridge: 	at com.umeng.umcrash.UMCrashUtils.getNetworkOperatorName(SourceFile:2)

07-26 04:51:37.730  5723  5723 I LSPosed-Bridge: 	at com.umeng.umcrash.UMCrash.init(SourceFile:24)

07-26 04:51:37.730  5723  5723 I LSPosed-Bridge: 	at com.umeng.umcrash.UMCrash.init(SourceFile:24)

07-26 04:51:37.730  5723  5723 I LSPosed-Bridge: 	at com.umeng.umcrash.UMCrash.init(SourceFile:24)

07-26 04:51:37.730  5723  5723 I LSPosed-Bridge: 	at com.umeng.umcrash.UMCrash.init(SourceFile:24)

07-26 04:51:37.730  5723  5723 I LSPosed-Bridge: 	at java.lang.reflect.Method.invoke(Native Method)

07-26 04:51:37.730  5723  5723 I LSPosed-Bridge: 	at java.lang.reflect.Method.invoke(Native Method)

07-26 04:51:37.730  5723  5723 I LSPosed-Bridge: 	at java.lang.reflect.Method.invoke(Native Method)

07-26 04:51:37.730  5723  5723 I LSPosed-Bridge: 	at java.lang.reflect.Method.invoke(Native Method)

07-26 04:51:37.730  5723  5723 I LSPosed-Bridge: 	at com.umeng.commonsdk.UMConfigure.init(SourceFile:107)

07-26 04:51:37.730  5723  5723 I LSPosed-Bridge: 	at com.umeng.commonsdk.UMConfigure.init(SourceFile:107)

07-26 04:51:37.730  5723  5723 I LSPosed-Bridge: 	at com.umeng.commonsdk.UMConfigure.init(SourceFile:107)

07-26 04:51:37.730  5723  5723 I LSPosed-Bridge: 	at com.umeng.commonsdk.UMConfigure.init(SourceFile:107)

07-26 04:51:37.730  5723  5723 I LSPosed-Bridge: 	at com.yuanli.simplerecipes.app.MyApplication.a(SourceFile:5)

07-26 04:51:37.730  5723  5723 I LSPosed-Bridge: 	at com.yuanli.simplerecipes.app.MyApplication.a(SourceFile:5)

07-26 04:51:37.730  5723  5723 I LSPosed-Bridge: 	at com.yuanli.simplerecipes.app.MyApplication.a(SourceFile:5)

07-26 04:51:37.730  5723  5723 I LSPosed-Bridge: 	at com.yuanli.simplerecipes.app.MyApplication.a(SourceFile:5)

07-26 04:51:37.730  5723  5723 I LSPosed-Bridge: 	at com.yuanli.simplerecipes.ui.activity.GuidePagesActivity.j(SourceFile:2)

07-26 04:51:37.730  5723  5723 I LSPosed-Bridge: 	at com.yuanli.simplerecipes.ui.activity.GuidePagesActivity.j(SourceFile:2)

07-26 04:51:37.730  5723  5723 I LSPosed-Bridge: 	at com.yuanli.simplerecipes.ui.activity.GuidePagesActivity.j(SourceFile:2)

07-26 04:51:37.730  5723  5723 I LSPosed-Bridge: 	at com.yuanli.simplerecipes.ui.activity.GuidePagesActivity.j(SourceFile:2)

07-26 04:51:37.730  5723  5723 I LSPosed-Bridge: 	at v7.a$c.onClick(SourceFile:2)

07-26 04:51:37.730  5723  5723 I LSPosed-Bridge: 	at v7.a$c.onClick(SourceFile:2)

07-26 04:51:37.730  5723  5723 I LSPosed-Bridge: 	at v7.a$c.onClick(SourceFile:2)

07-26 04:51:37.730  5723  5723 I LSPosed-Bridge: 	at v7.a$c.onClick(SourceFile:2)

07-26 04:51:37.730  5723  5723 I LSPosed-Bridge: 	at android.view.View.performClick(View.java:6597)

07-26 04:51:37.730  5723  5723 I LSPosed-Bridge: 	at android.view.View.performClick(View.java:6597)

07-26 04:51:37.730  5723  5723 I LSPosed-Bridge: 	at android.view.View.performClick(View.java:6597)

07-26 04:51:37.730  5723  5723 I LSPosed-Bridge: 	at android.view.View.performClick(View.java:6597)

07-26 04:51:37.730  5723  5723 I LSPosed-Bridge: 	at android.view.View.performClickInternal(View.java:6574)

07-26 04:51:37.730  5723  5723 I LSPosed-Bridge: 	at android.view.View.performClickInternal(View.java:6574)

07-26 04:51:37.730  5723  5723 I LSPosed-Bridge: 	at android.view.View.performClickInternal(View.java:6574)

07-26 04:51:37.730  5723  5723 I LSPosed-Bridge: 	at android.view.View.performClickInternal(View.java:6574)

07-26 04:51:37.730  5723  5723 I LSPosed-Bridge: 	at android.view.View.access$3100(View.java:778)

07-26 04:51:37.730  5723  5723 I LSPosed-Bridge: 	at android.view.View.access$3100(View.java:778)

07-26 04:51:37.730  5723  5723 I LSPosed-Bridge: 	at android.view.View.access$3100(View.java:778)

07-26 04:51:37.730  5723  5723 I LSPosed-Bridge: 	at android.view.View.access$3100(View.java:778)

07-26 04:51:37.730  5723  5723 I LSPosed-Bridge: 	at android.view.View$PerformClick.run(View.java:25889)

07-26 04:51:37.730  5723  5723 I LSPosed-Bridge: 	at android.view.View$PerformClick.run(View.java:25889)

07-26 04:51:37.730  5723  5723 I LSPosed-Bridge: 	at android.view.View$PerformClick.run(View.java:25889)

07-26 04:51:37.730  5723  5723 I LSPosed-Bridge: 	at android.view.View$PerformClick.run(View.java:25889)

07-26 04:51:37.730  5723  5723 I LSPosed-Bridge: 	at android.os.Handler.handleCallback(Handler.java:873)

07-26 04:51:37.730  5723  5723 I LSPosed-Bridge: 	at android.os.Handler.handleCallback(Handler.java:873)

07-26 04:51:37.730  5723  5723 I LSPosed-Bridge: 	at android.os.Handler.handleCallback(Handler.java:873)

07-26 04:51:37.730  5723  5723 I LSPosed-Bridge: 	at android.os.Handler.handleCallback(Handler.java:873)

07-26 04:51:37.730  5723  5723 I LSPosed-Bridge: 	at android.os.Handler.dispatchMessage(Handler.java:99)

07-26 04:51:37.730  5723  5723 I LSPosed-Bridge: 	at android.os.Handler.dispatchMessage(Handler.java:99)

07-26 04:51:37.730  5723  5723 I LSPosed-Bridge: 	at android.os.Handler.dispatchMessage(Handler.java:99)

07-26 04:51:37.730  5723  5723 I LSPosed-Bridge: 	at android.os.Handler.dispatchMessage(Handler.java:99)

07-26 04:51:37.730  5723  5723 I LSPosed-Bridge: 	at android.os.Looper.loop(Looper.java:193)

07-26 04:51:37.730  5723  5723 I LSPosed-Bridge: 	at android.os.Looper.loop(Looper.java:193)

07-26 04:51:37.730  5723  5723 I LSPosed-Bridge: 	at android.os.Looper.loop(Looper.java:193)

07-26 04:51:37.730  5723  5723 I LSPosed-Bridge: 	at android.os.Looper.loop(Looper.java:193)

07-26 04:51:37.730  5723  5723 I LSPosed-Bridge: 	at android.app.ActivityThread.main(ActivityThread.java:6692)

07-26 04:51:37.730  5723  5723 I LSPosed-Bridge: 	at android.app.ActivityThread.main(ActivityThread.java:6692)

07-26 04:51:37.730  5723  5723 I LSPosed-Bridge: 	at android.app.ActivityThread.main(ActivityThread.java:6692)

07-26 04:51:37.730  5723  5723 I LSPosed-Bridge: 	at android.app.ActivityThread.main(ActivityThread.java:6692)

07-26 04:51:37.730  5723  5723 I LSPosed-Bridge: 	at java.lang.reflect.Method.invoke(Native Method)

07-26 04:51:37.730  5723  5723 I LSPosed-Bridge: 	at java.lang.reflect.Method.invoke(Native Method)

07-26 04:51:37.730  5723  5723 I LSPosed-Bridge: 	at java.lang.reflect.Method.invoke(Native Method)

07-26 04:51:37.730  5723  5723 I LSPosed-Bridge: 	at java.lang.reflect.Method.invoke(Native Method)

07-26 04:51:37.730  5723  5723 I LSPosed-Bridge: 	at com.android.internal.os.RuntimeInit$MethodAndArgsCaller.run(RuntimeInit.java:493)

07-26 04:51:37.730  5723  5723 I LSPosed-Bridge: 	at com.android.internal.os.RuntimeInit$MethodAndArgsCaller.run(RuntimeInit.java:493)

07-26 04:51:37.730  5723  5723 I LSPosed-Bridge: 	at com.android.internal.os.RuntimeInit$MethodAndArgsCaller.run(RuntimeInit.java:493)

07-26 04:51:37.730  5723  5723 I LSPosed-Bridge: 	at com.android.internal.os.RuntimeInit$MethodAndArgsCaller.run(RuntimeInit.java:493)

07-26 04:51:37.730  5723  5723 I LSPosed-Bridge: 	at com.android.internal.os.ZygoteInit.main(ZygoteInit.java:858)

07-26 04:51:37.730  5723  5723 I LSPosed-Bridge: 	at com.android.internal.os.ZygoteInit.main(ZygoteInit.java:858)

07-26 04:51:37.730  5723  5723 I LSPosed-Bridge: 	at com.android.internal.os.ZygoteInit.main(ZygoteInit.java:858)

07-26 04:51:37.730  5723  5723 I LSPosed-Bridge: 	at com.android.internal.os.ZygoteInit.main(ZygoteInit.java:858)

07-26 04:51:37.741  5723 13996 I LSPosed-Bridge: 5723 PermLabel hookBinder_test 10120 interfaceBinder =android.content.pm.IPackageManager; arg0 = 3; arg1 = android.os.Parcel@3fd43ca; arg2 = android.os.Parcel@8692b07; arg3 = 0; res = true; stacktrace=java.lang.Exception

07-26 04:51:37.741  5723 13996 I LSPosed-Bridge: 	at com.example.permlabel.hookBinder_test$1.afterHookedMethod(hookBinder_test.java:69)

07-26 04:51:37.741  5723 13996 I LSPosed-Bridge: 	at de.robv.android.xposed.XposedBridge$AdditionalHookInfo.callback(Unknown Source:147)

07-26 04:51:37.741  5723 13996 I LSPosed-Bridge: 	at LSPHooker_.transact(Unknown Source:28)

07-26 04:51:37.741  5723 13996 I LSPosed-Bridge: 	at android.content.pm.IPackageManager$Stub$Proxy.getPackageInfo(IPackageManager.java:2876)

07-26 04:51:37.741  5723 13996 I LSPosed-Bridge: 	at android.app.ApplicationPackageManager.getPackageInfoAsUser(ApplicationPackageManager.java:174)

07-26 04:51:37.741  5723 13996 I LSPosed-Bridge: 	at android.app.ApplicationPackageManager.getPackageInfo(ApplicationPackageManager.java:152)

07-26 04:51:37.741  5723 13996 I LSPosed-Bridge: 	at com.tencent.bugly.crashreport.common.info.b.o(SourceFile:26)

07-26 04:51:37.741  5723 13996 I LSPosed-Bridge: 	at com.tencent.bugly.crashreport.common.info.b.n(SourceFile:4)

07-26 04:51:37.741  5723 13996 I LSPosed-Bridge: 	at com.tencent.bugly.crashreport.common.info.a.R(SourceFile:2)

07-26 04:51:37.741  5723 13996 I LSPosed-Bridge: 	at com.tencent.bugly.proguard.ah.a(SourceFile:107)

07-26 04:51:37.741  5723 13996 I LSPosed-Bridge: 	at com.tencent.bugly.crashreport.biz.a.c(SourceFile:45)

07-26 04:51:37.741  5723 13996 I LSPosed-Bridge: 	at com.tencent.bugly.crashreport.biz.a.a(SourceFile:1)

07-26 04:51:37.741  5723 13996 I LSPosed-Bridge: 	at com.tencent.bugly.crashreport.biz.a$2.run(SourceFile:1)

07-26 04:51:37.741  5723 13996 I LSPosed-Bridge: 	at java.util.concurrent.Executors$RunnableAdapter.call(Executors.java:458)

07-26 04:51:37.741  5723 13996 I LSPosed-Bridge: 	at java.util.concurrent.FutureTask.run(FutureTask.java:266)

07-26 04:51:37.741  5723 13996 I LSPosed-Bridge: 	at java.util.concurrent.ScheduledThreadPoolExecutor$ScheduledFutureTask.run(ScheduledThreadPoolExecutor.java:301)

07-26 04:51:37.741  5723 13996 I LSPosed-Bridge: 	at java.util.concurrent.ThreadPoolExecutor.runWorker(ThreadPoolExecutor.java:1167)

07-26 04:51:37.741  5723 13996 I LSPosed-Bridge: 	at java.util.concurrent.ThreadPoolExecutor$Worker.run(ThreadPoolExecutor.java:641)

07-26 04:51:37.741  5723 13996 I LSPosed-Bridge: 	at java.lang.Thread.run(Thread.java:764)

07-26 04:51:37.741  5723  5723 I LSPosed-Bridge: 5723 PermLabel hookBinder_test 10120 interfaceBinder =android.content.pm.IPackageManager; arg0 = 9; arg1 = android.os.Parcel@3adcb33; arg2 = android.os.Parcel@79658c9; arg3 = 0; res = true; stacktrace=java.lang.Exception

07-26 04:51:37.741  5723  5723 I LSPosed-Bridge: 	at com.example.permlabel.hookBinder_test$1.afterHookedMethod(hookBinder_test.java:69)

07-26 04:51:37.741  5723  5723 I LSPosed-Bridge: 	at de.robv.android.xposed.XposedBridge$AdditionalHookInfo.callback(Unknown Source:147)

07-26 04:51:37.741  5723  5723 I LSPosed-Bridge: 	at LSPHooker_.transact(Unknown Source:28)

07-26 04:51:37.741  5723  5723 I LSPosed-Bridge: 	at android.content.pm.IPackageManager$Stub$Proxy.getPermissionInfo(IPackageManager.java:3008)

07-26 04:51:37.741  5723  5723 I LSPosed-Bridge: 	at android.app.ApplicationPackageManager.getPermissionInfo(ApplicationPackageManager.java:306)

07-26 04:51:37.741  5723  5723 I LSPosed-Bridge: 	at com.example.permlabel.requestPerm$2.afterHookedMethod(requestPerm.java:190)

07-26 04:51:37.741  5723  5723 I LSPosed-Bridge: 	at de.robv.android.xposed.XposedBridge$AdditionalHookInfo.callback(Unknown Source:147)

07-26 04:51:37.741  5723  5723 I LSPosed-Bridge: 	at LSPHooker_.checkPermission(Unknown Source:25)

07-26 04:51:37.741  5723  5723 I LSPosed-Bridge: 	at android.app.ContextImpl.checkSelfPermission(ContextImpl.java:1801)

07-26 04:51:37.741  5723  5723 I LSPosed-Bridge: 	at android.content.ContextWrapper.checkSelfPermission(ContextWrapper.java:759)

07-26 04:51:37.741  5723  5723 I LSPosed-Bridge: 	at java.lang.reflect.Method.invoke(Native Method)

07-26 04:51:37.741  5723  5723 I LSPosed-Bridge: 	at com.efs.sdk.base.core.util.NetworkUtil.checkPermission(SourceFile:4)

07-26 04:51:37.741  5723  5723 I LSPosed-Bridge: 	at com.efs.sdk.base.core.util.NetworkUtil.getNetworkTypeUmeng(SourceFile:2)

07-26 04:51:37.741  5723  5723 I LSPosed-Bridge: 	at com.umeng.umcrash.UMCrash.init(SourceFile:39)

07-26 04:51:37.741  5723  5723 I LSPosed-Bridge: 	at java.lang.reflect.Method.invoke(Native Method)

07-26 04:51:37.741  5723  5723 I LSPosed-Bridge: 	at com.umeng.commonsdk.UMConfigure.init(SourceFile:107)

07-26 04:51:37.741  5723  5723 I LSPosed-Bridge: 	at com.yuanli.simplerecipes.app.MyApplication.a(SourceFile:5)

07-26 04:51:37.741  5723  5723 I LSPosed-Bridge: 	at com.yuanli.simplerecipes.ui.activity.GuidePagesActivity.j(SourceFile:2)

07-26 04:51:37.741  5723  5723 I LSPosed-Bridge: 	at v7.a$c.onClick(SourceFile:2)

07-26 04:51:37.741  5723  5723 I LSPosed-Bridge: 	at android.view.View.performClick(View.java:6597)

07-26 04:51:37.741  5723  5723 I LSPosed-Bridge: 	at android.view.View.performClickInternal(View.java:6574)

07-26 04:51:37.741  5723  5723 I LSPosed-Bridge: 	at android.view.View.access$3100(View.java:778)

07-26 04:51:37.741  5723  5723 I LSPosed-Bridge: 	at android.view.View$PerformClick.run(View.java:25889)

07-26 04:51:37.741  5723  5723 I LSPosed-Bridge: 	at android.os.Handler.handleCallback(Handler.java:873)

07-26 04:51:37.741  5723  5723 I LSPosed-Bridge: 	at android.os.Handler.dispatchMessage(Handler.java:99)

07-26 04:51:37.741  5723  5723 I LSPosed-Bridge: 	at android.os.Looper.loop(Looper.java:193)

07-26 04:51:37.741  5723  5723 I LSPosed-Bridge: 	at android.app.ActivityThread.main(ActivityThread.java:6692)

07-26 04:51:37.741  5723  5723 I LSPosed-Bridge: 	at java.lang.reflect.Method.invoke(Native Method)

07-26 04:51:37.741  5723  5723 I LSPosed-Bridge: 	at com.android.internal.os.RuntimeInit$MethodAndArgsCaller.run(RuntimeInit.java:493)

07-26 04:51:37.741  5723  5723 I LSPosed-Bridge: 	at com.android.internal.os.ZygoteInit.main(ZygoteInit.java:858)

07-26 04:51:37.741  5723  5723 I LSPosed-Bridge: 5723 PermLabel 10120 ContextImpl Binder.getCallingPid() = 5723; Binder.getCallingUid() = 10120; permName: android.permission.READ_PHONE_STATE; res = -1; stacktrace=java.lang.Exception

07-26 04:51:37.741  5723  5723 I LSPosed-Bridge: 	at com.example.permlabel.requestPerm$2.afterHookedMethod(requestPerm.java:200)

07-26 04:51:37.741  5723  5723 I LSPosed-Bridge: 	at de.robv.android.xposed.XposedBridge$AdditionalHookInfo.callback(Unknown Source:147)

07-26 04:51:37.741  5723  5723 I LSPosed-Bridge: 	at LSPHooker_.checkPermission(Unknown Source:25)

07-26 04:51:37.741  5723  5723 I LSPosed-Bridge: 	at android.app.ContextImpl.checkSelfPermission(ContextImpl.java:1801)

07-26 04:51:37.741  5723  5723 I LSPosed-Bridge: 	at android.content.ContextWrapper.checkSelfPermission(ContextWrapper.java:759)

07-26 04:51:37.741  5723  5723 I LSPosed-Bridge: 	at java.lang.reflect.Method.invoke(Native Method)

07-26 04:51:37.741  5723  5723 I LSPosed-Bridge: 	at com.efs.sdk.base.core.util.NetworkUtil.checkPermission(SourceFile:4)

07-26 04:51:37.741  5723  5723 I LSPosed-Bridge: 	at com.efs.sdk.base.core.util.NetworkUtil.getNetworkTypeUmeng(SourceFile:2)

07-26 04:51:37.741  5723  5723 I LSPosed-Bridge: 	at com.umeng.umcrash.UMCrash.init(SourceFile:39)

07-26 04:51:37.741  5723  5723 I LSPosed-Bridge: 	at java.lang.reflect.Method.invoke(Native Method)

07-26 04:51:37.741  5723  5723 I LSPosed-Bridge: 	at com.umeng.commonsdk.UMConfigure.init(SourceFile:107)

07-26 04:51:37.741  5723  5723 I LSPosed-Bridge: 	at com.yuanli.simplerecipes.app.MyApplication.a(SourceFile:5)

07-26 04:51:37.741  5723  5723 I LSPosed-Bridge: 	at com.yuanli.simplerecipes.ui.activity.GuidePagesActivity.j(SourceFile:2)

07-26 04:51:37.741  5723  5723 I LSPosed-Bridge: 	at v7.a$c.onClick(SourceFile:2)

07-26 04:51:37.741  5723  5723 I LSPosed-Bridge: 	at android.view.View.performClick(View.java:6597)

07-26 04:51:37.741  5723  5723 I LSPosed-Bridge: 	at android.view.View.performClickInternal(View.java:6574)

07-26 04:51:37.741  5723  5723 I LSPosed-Bridge: 	at android.view.View.access$3100(View.java:778)

07-26 04:51:37.741  5723  5723 I LSPosed-Bridge: 	at android.view.View$PerformClick.run(View.java:25889)

07-26 04:51:37.741  5723  5723 I LSPosed-Bridge: 	at android.os.Handler.handleCallback(Handler.java:873)

07-26 04:51:37.741  5723  5723 I LSPosed-Bridge: 	at android.os.Handler.dispatchMessage(Handler.java:99)

07-26 04:51:37.741  5723  5723 I LSPosed-Bridge: 	at android.os.Looper.loop(Looper.java:193)

07-26 04:51:37.741  5723  5723 I LSPosed-Bridge: 	at android.app.ActivityThread.main(ActivityThread.java:6692)

07-26 04:51:37.741  5723  5723 I LSPosed-Bridge: 	at java.lang.reflect.Method.invoke(Native Method)

07-26 04:51:37.741  5723  5723 I LSPosed-Bridge: 	at com.android.internal.os.RuntimeInit$MethodAndArgsCaller.run(RuntimeInit.java:493)

07-26 04:51:37.741  5723  5723 I LSPosed-Bridge: 	at com.android.internal.os.ZygoteInit.main(ZygoteInit.java:858)

07-26 04:51:37.742  5723 13996 I LSPosed-Bridge: 5723 PermLabel hookBinder_test 10120 interfaceBinder =android.content.pm.IPackageManager; arg0 = 3; arg1 = android.os.Parcel@8692b07; arg2 = android.os.Parcel@3fd43ca; arg3 = 0; res = true; stacktrace=java.lang.Exception

07-26 04:51:37.742  5723 13996 I LSPosed-Bridge: 	at com.example.permlabel.hookBinder_test$1.afterHookedMethod(hookBinder_test.java:69)

07-26 04:51:37.742  5723 13996 I LSPosed-Bridge: 	at de.robv.android.xposed.XposedBridge$AdditionalHookInfo.callback(Unknown Source:147)

07-26 04:51:37.742  5723 13996 I LSPosed-Bridge: 	at LSPHooker_.transact(Unknown Source:28)

07-26 04:51:37.742  5723 13996 I LSPosed-Bridge: 	at android.content.pm.IPackageManager$Stub$Proxy.getPackageInfo(IPackageManager.java:2876)

07-26 04:51:37.742  5723 13996 I LSPosed-Bridge: 	at android.app.ApplicationPackageManager.getPackageInfoAsUser(ApplicationPackageManager.java:174)

07-26 04:51:37.742  5723 13996 I LSPosed-Bridge: 	at android.app.ApplicationPackageManager.getPackageInfo(ApplicationPackageManager.java:152)

07-26 04:51:37.742  5723 13996 I LSPosed-Bridge: 	at com.tencent.bugly.crashreport.common.info.b.o(SourceFile:26)

07-26 04:51:37.742  5723 13996 I LSPosed-Bridge: 	at com.tencent.bugly.crashreport.common.info.b.n(SourceFile:4)

07-26 04:51:37.742  5723 13996 I LSPosed-Bridge: 	at com.tencent.bugly.crashreport.common.info.a.R(SourceFile:2)

07-26 04:51:37.742  5723 13996 I LSPosed-Bridge: 	at com.tencent.bugly.proguard.ah.a(SourceFile:107)

07-26 04:51:37.742  5723 13996 I LSPosed-Bridge: 	at com.tencent.bugly.crashreport.biz.a.c(SourceFile:45)

07-26 04:51:37.742  5723 13996 I LSPosed-Bridge: 	at com.tencent.bugly.crashreport.biz.a.a(SourceFile:1)

07-26 04:51:37.742  5723 13996 I LSPosed-Bridge: 	at com.tencent.bugly.crashreport.biz.a$2.run(SourceFile:1)

07-26 04:51:37.742  5723 13996 I LSPosed-Bridge: 	at java.util.concurrent.Executors$RunnableAdapter.call(Executors.java:458)

07-26 04:51:37.742  5723 13996 I LSPosed-Bridge: 	at java.util.concurrent.FutureTask.run(FutureTask.java:266)

07-26 04:51:37.742  5723 13996 I LSPosed-Bridge: 	at java.util.concurrent.ScheduledThreadPoolExecutor$ScheduledFutureTask.run(ScheduledThreadPoolExecutor.java:301)

07-26 04:51:37.742  5723 13996 I LSPosed-Bridge: 	at java.util.concurrent.ThreadPoolExecutor.runWorker(ThreadPoolExecutor.java:1167)

07-26 04:51:37.742  5723 13996 I LSPosed-Bridge: 	at java.util.concurrent.ThreadPoolExecutor$Worker.run(ThreadPoolExecutor.java:641)

07-26 04:51:37.742  5723 13996 I LSPosed-Bridge: 	at java.lang.Thread.run(Thread.java:764)

07-26 04:51:37.742  5723  5723 I LSPosed-Bridge: 5723 PermLabel 10120 ContextImpl.checkPermission: pid = 5723; uid = 10120; permName: android.permission.READ_PHONE_STATE; type = 1; res = -1; stacktrace=java.lang.Exception

07-26 04:51:37.742  5723  5723 I LSPosed-Bridge: 	at com.example.permlabel.requestPerm$2.afterHookedMethod(requestPerm.java:224)

07-26 04:51:37.742  5723  5723 I LSPosed-Bridge: 	at de.robv.android.xposed.XposedBridge$AdditionalHookInfo.callback(Unknown Source:147)

07-26 04:51:37.742  5723  5723 I LSPosed-Bridge: 	at LSPHooker_.checkPermission(Unknown Source:25)

07-26 04:51:37.742  5723  5723 I LSPosed-Bridge: 	at android.app.ContextImpl.checkSelfPermission(ContextImpl.java:1801)

07-26 04:51:37.742  5723  5723 I LSPosed-Bridge: 	at android.content.ContextWrapper.checkSelfPermission(ContextWrapper.java:759)

07-26 04:51:37.742  5723  5723 I LSPosed-Bridge: 	at java.lang.reflect.Method.invoke(Native Method)

07-26 04:51:37.742  5723  5723 I LSPosed-Bridge: 	at com.efs.sdk.base.core.util.NetworkUtil.checkPermission(SourceFile:4)

07-26 04:51:37.742  5723  5723 I LSPosed-Bridge: 	at com.efs.sdk.base.core.util.NetworkUtil.getNetworkTypeUmeng(SourceFile:2)

07-26 04:51:37.742  5723  5723 I LSPosed-Bridge: 	at com.umeng.umcrash.UMCrash.init(SourceFile:39)

07-26 04:51:37.742  5723  5723 I LSPosed-Bridge: 	at java.lang.reflect.Method.invoke(Native Method)

07-26 04:51:37.742  5723  5723 I LSPosed-Bridge: 	at com.umeng.commonsdk.UMConfigure.init(SourceFile:107)

07-26 04:51:37.742  5723  5723 I LSPosed-Bridge: 	at com.yuanli.simplerecipes.app.MyApplication.a(SourceFile:5)

07-26 04:51:37.742  5723  5723 I LSPosed-Bridge: 	at com.yuanli.simplerecipes.ui.activity.GuidePagesActivity.j(SourceFile:2)

07-26 04:51:37.742  5723  5723 I LSPosed-Bridge: 	at v7.a$c.onClick(SourceFile:2)

07-26 04:51:37.742  5723  5723 I LSPosed-Bridge: 	at android.view.View.performClick(View.java:6597)

07-26 04:51:37.742  5723  5723 I LSPosed-Bridge: 	at android.view.View.performClickInternal(View.java:6574)

07-26 04:51:37.742  5723  5723 I LSPosed-Bridge: 	at android.view.View.access$3100(View.java:778)

07-26 04:51:37.742  5723  5723 I LSPosed-Bridge: 	at android.view.View$PerformClick.run(View.java:25889)

07-26 04:51:37.742  5723  5723 I LSPosed-Bridge: 	at android.os.Handler.handleCallback(Handler.java:873)

07-26 04:51:37.742  5723  5723 I LSPosed-Bridge: 	at android.os.Handler.dispatchMessage(Handler.java:99)

07-26 04:51:37.742  5723  5723 I LSPosed-Bridge: 	at android.os.Looper.loop(Looper.java:193)

07-26 04:51:37.742  5723  5723 I LSPosed-Bridge: 	at android.app.ActivityThread.main(ActivityThread.java:6692)

07-26 04:51:37.742  5723  5723 I LSPosed-Bridge: 	at java.lang.reflect.Method.invoke(Native Method)

07-26 04:51:37.742  5723  5723 I LSPosed-Bridge: 	at com.android.internal.os.RuntimeInit$MethodAndArgsCaller.run(RuntimeInit.java:493)

07-26 04:51:37.742  5723  5723 I LSPosed-Bridge: 	at com.android.internal.os.ZygoteInit.main(ZygoteInit.java:858)

07-26 04:51:37.742  5723  5723 E i.simplerecipe: Invalid ID 0x00000000.

07-26 04:51:37.742  5723 13996 I LSPosed-Bridge: 5723 PermLabel hookBinder_test 10120 interfaceBinder =android.content.pm.IPackageManager; arg0 = 3; arg1 = android.os.Parcel@79658c9; arg2 = android.os.Parcel@3adcb33; arg3 = 0; res = true; stacktrace=java.lang.Exception

07-26 04:51:37.742  5723 13996 I LSPosed-Bridge: 	at com.example.permlabel.hookBinder_test$1.afterHookedMethod(hookBinder_test.java:69)

07-26 04:51:37.742  5723 13996 I LSPosed-Bridge: 	at de.robv.android.xposed.XposedBridge$AdditionalHookInfo.callback(Unknown Source:147)

07-26 04:51:37.742  5723 13996 I LSPosed-Bridge: 	at LSPHooker_.transact(Unknown Source:28)

07-26 04:51:37.742  5723 13996 I LSPosed-Bridge: 	at android.content.pm.IPackageManager$Stub$Proxy.getPackageInfo(IPackageManager.java:2876)

07-26 04:51:37.742  5723 13996 I LSPosed-Bridge: 	at android.app.ApplicationPackageManager.getPackageInfoAsUser(ApplicationPackageManager.java:174)

07-26 04:51:37.742  5723 13996 I LSPosed-Bridge: 	at android.app.ApplicationPackageManager.getPackageInfo(ApplicationPackageManager.java:152)

07-26 04:51:37.742  5723 13996 I LSPosed-Bridge: 	at com.tencent.bugly.crashreport.common.info.b.o(SourceFile:26)

07-26 04:51:37.742  5723 13996 I LSPosed-Bridge: 	at com.tencent.bugly.crashreport.common.info.b.n(SourceFile:4)

07-26 04:51:37.742  5723 13996 I LSPosed-Bridge: 	at com.tencent.bugly.crashreport.common.info.a.R(SourceFile:2)

07-26 04:51:37.742  5723 13996 I LSPosed-Bridge: 	at com.tencent.bugly.proguard.ah.a(SourceFile:107)

07-26 04:51:37.742  5723 13996 I LSPosed-Bridge: 	at com.tencent.bugly.crashreport.biz.a.c(SourceFile:45)

07-26 04:51:37.742  5723 13996 I LSPosed-Bridge: 	at com.tencent.bugly.crashreport.biz.a.a(SourceFile:1)

07-26 04:51:37.742  5723 13996 I LSPosed-Bridge: 	at com.tencent.bugly.crashreport.biz.a$2.run(SourceFile:1)

07-26 04:51:37.742  5723 13996 I LSPosed-Bridge: 	at java.util.concurrent.Executors$RunnableAdapter.call(Executors.java:458)

07-26 04:51:37.742  5723 13996 I LSPosed-Bridge: 	at java.util.concurrent.FutureTask.run(FutureTask.java:266)

07-26 04:51:37.742  5723 13996 I LSPosed-Bridge: 	at java.util.concurrent.ScheduledThreadPoolExecutor$ScheduledFutureTask.run(ScheduledThreadPoolExecutor.java:301)

07-26 04:51:37.742  5723 13996 I LSPosed-Bridge: 	at java.util.concurrent.ThreadPoolExecutor.runWorker(ThreadPoolExecutor.java:1167)

07-26 04:51:37.742  5723 13996 I LSPosed-Bridge: 	at java.util.concurrent.ThreadPoolExecutor$Worker.run(ThreadPoolExecutor.java:641)

07-26 04:51:37.742  5723 13996 I LSPosed-Bridge: 	at java.lang.Thread.run(Thread.java:764)

07-26 04:51:37.745  5723 13996 I LSPosed-Bridge: 5723 PermLabel hookBinder_test 10120 interfaceBinder =android.content.pm.IPackageManager; arg0 = 3; arg1 = android.os.Parcel@3adcb33; arg2 = android.os.Parcel@79658c9; arg3 = 0; res = true; stacktrace=java.lang.Exception

07-26 04:51:37.745  5723 13996 I LSPosed-Bridge: 	at com.example.permlabel.hookBinder_test$1.afterHookedMethod(hookBinder_test.java:69)

07-26 04:51:37.745  5723 13996 I LSPosed-Bridge: 	at de.robv.android.xposed.XposedBridge$AdditionalHookInfo.callback(Unknown Source:147)

07-26 04:51:37.745  5723 13996 I LSPosed-Bridge: 	at LSPHooker_.transact(Unknown Source:28)

07-26 04:51:37.745  5723 13996 I LSPosed-Bridge: 	at android.content.pm.IPackageManager$Stub$Proxy.getPackageInfo(IPackageManager.java:2876)

07-26 04:51:37.745  5723 13996 I LSPosed-Bridge: 	at android.app.ApplicationPackageManager.getPackageInfoAsUser(ApplicationPackageManager.java:174)

07-26 04:51:37.745  5723 13996 I LSPosed-Bridge: 	at android.app.ApplicationPackageManager.getPackageInfo(ApplicationPackageManager.java:152)

07-26 04:51:37.745  5723 13996 I LSPosed-Bridge: 	at com.tencent.bugly.crashreport.common.info.b.o(SourceFile:26)

07-26 04:51:37.745  5723 13996 I LSPosed-Bridge: 	at com.tencent.bugly.crashreport.common.info.b.n(SourceFile:4)

07-26 04:51:37.745  5723 13996 I LSPosed-Bridge: 	at com.tencent.bugly.crashreport.common.info.a.R(SourceFile:2)

07-26 04:51:37.745  5723 13996 I LSPosed-Bridge: 	at com.tencent.bugly.proguard.ah.a(SourceFile:107)

07-26 04:51:37.745  5723 13996 I LSPosed-Bridge: 	at com.tencent.bugly.crashreport.biz.a.c(SourceFile:45)

07-26 04:51:37.745  5723 13996 I LSPosed-Bridge: 	at com.tencent.bugly.crashreport.biz.a.a(SourceFile:1)

07-26 04:51:37.745  5723 13996 I LSPosed-Bridge: 	at com.tencent.bugly.crashreport.biz.a$2.run(SourceFile:1)

07-26 04:51:37.745  5723 13996 I LSPosed-Bridge: 	at java.util.concurrent.Executors$RunnableAdapter.call(Executors.java:458)

07-26 04:51:37.745  5723 13996 I LSPosed-Bridge: 	at java.util.concurrent.FutureTask.run(FutureTask.java:266)

07-26 04:51:37.745  5723 13996 I LSPosed-Bridge: 	at java.util.concurrent.ScheduledThreadPoolExecutor$ScheduledFutureTask.run(ScheduledThreadPoolExecutor.java:301)

07-26 04:51:37.745  5723 13996 I LSPosed-Bridge: 	at java.util.concurrent.ThreadPoolExecutor.runWorker(ThreadPoolExecutor.java:1167)

07-26 04:51:37.745  5723 13996 I LSPosed-Bridge: 	at java.util.concurrent.ThreadPoolExecutor$Worker.run(ThreadPoolExecutor.java:641)

07-26 04:51:37.745  5723 13996 I LSPosed-Bridge: 	at java.lang.Thread.run(Thread.java:764)

07-26 04:51:37.745  5723  5723 I LSPosed-Bridge: 5723 PermLabel hookBinder_test 10120 interfaceBinder =android.content.pm.IPackageManager; arg0 = 9; arg1 = android.os.Parcel@8692b07; arg2 = android.os.Parcel@3fd43ca; arg3 = 0; res = true; stacktrace=java.lang.Exception

07-26 04:51:37.745  5723  5723 I LSPosed-Bridge: 	at com.example.permlabel.hookBinder_test$1.afterHookedMethod(hookBinder_test.java:69)

07-26 04:51:37.745  5723  5723 I LSPosed-Bridge: 	at de.robv.android.xposed.XposedBridge$AdditionalHookInfo.callback(Unknown Source:147)

07-26 04:51:37.745  5723  5723 I LSPosed-Bridge: 	at LSPHooker_.transact(Unknown Source:28)

07-26 04:51:37.745  5723  5723 I LSPosed-Bridge: 	at android.content.pm.IPackageManager$Stub$Proxy.getPermissionInfo(IPackageManager.java:3008)

07-26 04:51:37.745  5723  5723 I LSPosed-Bridge: 	at android.app.ApplicationPackageManager.getPermissionInfo(ApplicationPackageManager.java:306)

07-26 04:51:37.745  5723  5723 I LSPosed-Bridge: 	at com.example.permlabel.requestPerm$2.afterHookedMethod(requestPerm.java:190)

07-26 04:51:37.745  5723  5723 I LSPosed-Bridge: 	at de.robv.android.xposed.XposedBridge$AdditionalHookInfo.callback(Unknown Source:147)

07-26 04:51:37.745  5723  5723 I LSPosed-Bridge: 	at LSPHooker_.checkPermission(Unknown Source:25)

07-26 04:51:37.745  5723  5723 I LSPosed-Bridge: 	at android.app.ContextImpl.checkSelfPermission(ContextImpl.java:1801)

07-26 04:51:37.745  5723  5723 I LSPosed-Bridge: 	at android.content.ContextWrapper.checkSelfPermission(ContextWrapper.java:759)

07-26 04:51:37.745  5723  5723 I LSPosed-Bridge: 	at java.lang.reflect.Method.invoke(Native Method)

07-26 04:51:37.745  5723  5723 I LSPosed-Bridge: 	at com.umeng.umcrash.UMCrashUtils.checkPermission(SourceFile:4)

07-26 04:51:37.745  5723  5723 I LSPosed-Bridge: 	at com.umeng.umcrash.UMCrashUtils.getNetworkOperatorName(SourceFile:2)

07-26 04:51:37.745  5723  5723 I LSPosed-Bridge: 	at com.umeng.umcrash.UMCrash.initReporter(SourceFile:4)

07-26 04:51:37.745  5723  5723 I LSPosed-Bridge: 	at com.umeng.umcrash.UMCrash.init(SourceFile:52)

07-26 04:51:37.745  5723  5723 I LSPosed-Bridge: 	at java.lang.reflect.Method.invoke(Native Method)

07-26 04:51:37.745  5723  5723 I LSPosed-Bridge: 	at com.umeng.commonsdk.UMConfigure.init(SourceFile:107)

07-26 04:51:37.745  5723  5723 I LSPosed-Bridge: 	at com.yuanli.simplerecipes.app.MyApplication.a(SourceFile:5)

07-26 04:51:37.745  5723  5723 I LSPosed-Bridge: 	at com.yuanli.simplerecipes.ui.activity.GuidePagesActivity.j(SourceFile:2)

07-26 04:51:37.745  5723  5723 I LSPosed-Bridge: 	at v7.a$c.onClick(SourceFile:2)

07-26 04:51:37.745  5723  5723 I LSPosed-Bridge: 	at android.view.View.performClick(View.java:6597)

07-26 04:51:37.745  5723  5723 I LSPosed-Bridge: 	at android.view.View.performClickInternal(View.java:6574)

07-26 04:51:37.745  5723  5723 I LSPosed-Bridge: 	at android.view.View.access$3100(View.java:778)

07-26 04:51:37.745  5723  5723 I LSPosed-Bridge: 	at android.view.View$PerformClick.run(View.java:25889)

07-26 04:51:37.745  5723  5723 I LSPosed-Bridge: 	at android.os.Handler.handleCallback(Handler.java:873)

07-26 04:51:37.745  5723  5723 I LSPosed-Bridge: 	at android.os.Handler.dispatchMessage(Handler.java:99)

07-26 04:51:37.745  5723  5723 I LSPosed-Bridge: 	at android.os.Looper.loop(Looper.java:193)

07-26 04:51:37.745  5723  5723 I LSPosed-Bridge: 	at android.app.ActivityThread.main(ActivityThread.java:6692)

07-26 04:51:37.745  5723  5723 I LSPosed-Bridge: 	at java.lang.reflect.Method.invoke(Native Method)

07-26 04:51:37.745  5723  5723 I LSPosed-Bridge: 	at com.android.internal.os.RuntimeInit$MethodAndArgsCaller.run(RuntimeInit.java:493)

07-26 04:51:37.745  5723  5723 I LSPosed-Bridge: 	at com.android.internal.os.ZygoteInit.main(ZygoteInit.java:858)

07-26 04:51:37.745  5723 13996 I LSPosed-Bridge: 5723 PermLabel hookBinder_test 10120 interfaceBinder =android.content.pm.IPackageManager; arg0 = 3; arg1 = android.os.Parcel@79658c9; arg2 = android.os.Parcel@3adcb33; arg3 = 0; res = true; stacktrace=java.lang.Exception

07-26 04:51:37.745  5723 13996 I LSPosed-Bridge: 	at com.example.permlabel.hookBinder_test$1.afterHookedMethod(hookBinder_test.java:69)

07-26 04:51:37.745  5723 13996 I LSPosed-Bridge: 	at de.robv.android.xposed.XposedBridge$AdditionalHookInfo.callback(Unknown Source:147)

07-26 04:51:37.745  5723 13996 I LSPosed-Bridge: 	at LSPHooker_.transact(Unknown Source:28)

07-26 04:51:37.745  5723 13996 I LSPosed-Bridge: 	at android.content.pm.IPackageManager$Stub$Proxy.getPackageInfo(IPackageManager.java:2876)

07-26 04:51:37.745  5723 13996 I LSPosed-Bridge: 	at android.app.ApplicationPackageManager.getPackageInfoAsUser(ApplicationPackageManager.java:174)

07-26 04:51:37.745  5723 13996 I LSPosed-Bridge: 	at android.app.ApplicationPackageManager.getPackageInfo(ApplicationPackageManager.java:152)

07-26 04:51:37.745  5723 13996 I LSPosed-Bridge: 	at com.tencent.bugly.crashreport.common.info.b.o(SourceFile:26)

07-26 04:51:37.745  5723 13996 I LSPosed-Bridge: 	at com.tencent.bugly.crashreport.common.info.b.n(SourceFile:4)

07-26 04:51:37.745  5723 13996 I LSPosed-Bridge: 	at com.tencent.bugly.crashreport.common.info.a.R(SourceFile:2)

07-26 04:51:37.745  5723 13996 I LSPosed-Bridge: 	at com.tencent.bugly.proguard.ah.a(SourceFile:107)

07-26 04:51:37.745  5723 13996 I LSPosed-Bridge: 	at com.tencent.bugly.crashreport.biz.a.c(SourceFile:45)

07-26 04:51:37.745  5723 13996 I LSPosed-Bridge: 	at com.tencent.bugly.crashreport.biz.a.a(SourceFile:1)

07-26 04:51:37.745  5723 13996 I LSPosed-Bridge: 	at com.tencent.bugly.crashreport.biz.a$2.run(SourceFile:1)

07-26 04:51:37.745  5723 13996 I LSPosed-Bridge: 	at java.util.concurrent.Executors$RunnableAdapter.call(Executors.java:458)

07-26 04:51:37.745  5723 13996 I LSPosed-Bridge: 	at java.util.concurrent.FutureTask.run(FutureTask.java:266)

07-26 04:51:37.745  5723 13996 I LSPosed-Bridge: 	at java.util.concurrent.ScheduledThreadPoolExecutor$ScheduledFutureTask.run(ScheduledThreadPoolExecutor.java:301)

07-26 04:51:37.745  5723 13996 I LSPosed-Bridge: 	at java.util.concurrent.ThreadPoolExecutor.runWorker(ThreadPoolExecutor.java:1167)

07-26 04:51:37.745  5723 13996 I LSPosed-Bridge: 	at java.util.concurrent.ThreadPoolExecutor$Worker.run(ThreadPoolExecutor.java:641)

07-26 04:51:37.745  5723 13996 I LSPosed-Bridge: 	at java.lang.Thread.run(Thread.java:764)

07-26 04:51:37.745  5723  5723 I LSPosed-Bridge: 5723 PermLabel 10120 ContextImpl Binder.getCallingPid() = 5723; Binder.getCallingUid() = 10120; permName: android.permission.READ_PHONE_STATE; res = -1; stacktrace=java.lang.Exception

07-26 04:51:37.745  5723  5723 I LSPosed-Bridge: 	at com.example.permlabel.requestPerm$2.afterHookedMethod(requestPerm.java:200)

07-26 04:51:37.745  5723  5723 I LSPosed-Bridge: 	at de.robv.android.xposed.XposedBridge$AdditionalHookInfo.callback(Unknown Source:147)

07-26 04:51:37.745  5723  5723 I LSPosed-Bridge: 	at LSPHooker_.checkPermission(Unknown Source:25)

07-26 04:51:37.745  5723  5723 I LSPosed-Bridge: 	at android.app.ContextImpl.checkSelfPermission(ContextImpl.java:1801)

07-26 04:51:37.745  5723  5723 I LSPosed-Bridge: 	at android.content.ContextWrapper.checkSelfPermission(ContextWrapper.java:759)

07-26 04:51:37.745  5723  5723 I LSPosed-Bridge: 	at java.lang.reflect.Method.invoke(Native Method)

07-26 04:51:37.745  5723  5723 I LSPosed-Bridge: 	at com.umeng.umcrash.UMCrashUtils.checkPermission(SourceFile:4)

07-26 04:51:37.745  5723  5723 I LSPosed-Bridge: 	at com.umeng.umcrash.UMCrashUtils.getNetworkOperatorName(SourceFile:2)

07-26 04:51:37.745  5723  5723 I LSPosed-Bridge: 	at com.umeng.umcrash.UMCrash.initReporter(SourceFile:4)

07-26 04:51:37.745  5723  5723 I LSPosed-Bridge: 	at com.umeng.umcrash.UMCrash.init(SourceFile:52)

07-26 04:51:37.745  5723  5723 I LSPosed-Bridge: 	at java.lang.reflect.Method.invoke(Native Method)

07-26 04:51:37.745  5723  5723 I LSPosed-Bridge: 	at com.umeng.commonsdk.UMConfigure.init(SourceFile:107)

07-26 04:51:37.745  5723  5723 I LSPosed-Bridge: 	at com.yuanli.simplerecipes.app.MyApplication.a(SourceFile:5)

07-26 04:51:37.745  5723  5723 I LSPosed-Bridge: 	at com.yuanli.simplerecipes.ui.activity.GuidePagesActivity.j(SourceFile:2)

07-26 04:51:37.745  5723  5723 I LSPosed-Bridge: 	at v7.a$c.onClick(SourceFile:2)

07-26 04:51:37.745  5723  5723 I LSPosed-Bridge: 	at android.view.View.performClick(View.java:6597)

07-26 04:51:37.745  5723  5723 I LSPosed-Bridge: 	at android.view.View.performClickInternal(View.java:6574)

07-26 04:51:37.745  5723  5723 I LSPosed-Bridge: 	at android.view.View.access$3100(View.java:778)

07-26 04:51:37.745  5723  5723 I LSPosed-Bridge: 	at android.view.View$PerformClick.run(View.java:25889)

07-26 04:51:37.745  5723  5723 I LSPosed-Bridge: 	at android.os.Handler.handleCallback(Handler.java:873)

07-26 04:51:37.745  5723  5723 I LSPosed-Bridge: 	at android.os.Handler.dispatchMessage(Handler.java:99)

07-26 04:51:37.745  5723  5723 I LSPosed-Bridge: 	at android.os.Looper.loop(Looper.java:193)

07-26 04:51:37.745  5723  5723 I LSPosed-Bridge: 	at android.app.ActivityThread.main(ActivityThread.java:6692)

07-26 04:51:37.745  5723  5723 I LSPosed-Bridge: 	at java.lang.reflect.Method.invoke(Native Method)

07-26 04:51:37.745  5723  5723 I LSPosed-Bridge: 	at com.android.internal.os.RuntimeInit$MethodAndArgsCaller.run(RuntimeInit.java:493)

07-26 04:51:37.745  5723  5723 I LSPosed-Bridge: 	at com.android.internal.os.ZygoteInit.main(ZygoteInit.java:858)

07-26 04:51:37.746  5723 13996 I LSPosed-Bridge: 5723 PermLabel hookBinder_test 10120 interfaceBinder =android.content.pm.IPackageManager; arg0 = 3; arg1 = android.os.Parcel@3fd43ca; arg2 = android.os.Parcel@8692b07; arg3 = 0; res = true; stacktrace=java.lang.Exception

07-26 04:51:37.746  5723 13996 I LSPosed-Bridge: 	at com.example.permlabel.hookBinder_test$1.afterHookedMethod(hookBinder_test.java:69)

07-26 04:51:37.746  5723 13996 I LSPosed-Bridge: 	at de.robv.android.xposed.XposedBridge$AdditionalHookInfo.callback(Unknown Source:147)

07-26 04:51:37.746  5723 13996 I LSPosed-Bridge: 	at LSPHooker_.transact(Unknown Source:28)

07-26 04:51:37.746  5723 13996 I LSPosed-Bridge: 	at android.content.pm.IPackageManager$Stub$Proxy.getPackageInfo(IPackageManager.java:2876)

07-26 04:51:37.746  5723 13996 I LSPosed-Bridge: 	at android.app.ApplicationPackageManager.getPackageInfoAsUser(ApplicationPackageManager.java:174)

07-26 04:51:37.746  5723 13996 I LSPosed-Bridge: 	at android.app.ApplicationPackageManager.getPackageInfo(ApplicationPackageManager.java:152)

07-26 04:51:37.746  5723 13996 I LSPosed-Bridge: 	at com.tencent.bugly.crashreport.common.info.b.o(SourceFile:26)

07-26 04:51:37.746  5723 13996 I LSPosed-Bridge: 	at com.tencent.bugly.crashreport.common.info.b.n(SourceFile:4)

07-26 04:51:37.746  5723 13996 I LSPosed-Bridge: 	at com.tencent.bugly.crashreport.common.info.a.R(SourceFile:2)

07-26 04:51:37.746  5723 13996 I LSPosed-Bridge: 	at com.tencent.bugly.proguard.ah.a(SourceFile:107)

07-26 04:51:37.746  5723 13996 I LSPosed-Bridge: 	at com.tencent.bugly.crashreport.biz.a.c(SourceFile:45)

07-26 04:51:37.746  5723 13996 I LSPosed-Bridge: 	at com.tencent.bugly.crashreport.biz.a.a(SourceFile:1)

07-26 04:51:37.746  5723 13996 I LSPosed-Bridge: 	at com.tencent.bugly.crashreport.biz.a$2.run(SourceFile:1)

07-26 04:51:37.746  5723 13996 I LSPosed-Bridge: 	at java.util.concurrent.Executors$RunnableAdapter.call(Executors.java:458)

07-26 04:51:37.746  5723 13996 I LSPosed-Bridge: 	at java.util.concurrent.FutureTask.run(FutureTask.java:266)

07-26 04:51:37.746  5723 13996 I LSPosed-Bridge: 	at java.util.concurrent.ScheduledThreadPoolExecutor$ScheduledFutureTask.run(ScheduledThreadPoolExecutor.java:301)

07-26 04:51:37.746  5723 13996 I LSPosed-Bridge: 	at java.util.concurrent.ThreadPoolExecutor.runWorker(ThreadPoolExecutor.java:1167)

07-26 04:51:37.746  5723 13996 I LSPosed-Bridge: 	at java.util.concurrent.ThreadPoolExecutor$Worker.run(ThreadPoolExecutor.java:641)

07-26 04:51:37.746  5723 13996 I LSPosed-Bridge: 	at java.lang.Thread.run(Thread.java:764)

07-26 04:51:37.746  5723  5723 I LSPosed-Bridge: 5723 PermLabel 10120 ContextImpl.checkPermission: pid = 5723; uid = 10120; permName: android.permission.READ_PHONE_STATE; type = 1; res = -1; stacktrace=java.lang.Exception

07-26 04:51:37.746  5723  5723 I LSPosed-Bridge: 	at com.example.permlabel.requestPerm$2.afterHookedMethod(requestPerm.java:224)

07-26 04:51:37.746  5723  5723 I LSPosed-Bridge: 	at de.robv.android.xposed.XposedBridge$AdditionalHookInfo.callback(Unknown Source:147)

07-26 04:51:37.746  5723  5723 I LSPosed-Bridge: 	at LSPHooker_.checkPermission(Unknown Source:25)

07-26 04:51:37.746  5723  5723 I LSPosed-Bridge: 	at android.app.ContextImpl.checkSelfPermission(ContextImpl.java:1801)

07-26 04:51:37.746  5723  5723 I LSPosed-Bridge: 	at android.content.ContextWrapper.checkSelfPermission(ContextWrapper.java:759)

07-26 04:51:37.746  5723  5723 I LSPosed-Bridge: 	at java.lang.reflect.Method.invoke(Native Method)

07-26 04:51:37.746  5723  5723 I LSPosed-Bridge: 	at com.umeng.umcrash.UMCrashUtils.checkPermission(SourceFile:4)

07-26 04:51:37.746  5723  5723 I LSPosed-Bridge: 	at com.umeng.umcrash.UMCrashUtils.getNetworkOperatorName(SourceFile:2)

07-26 04:51:37.746  5723  5723 I LSPosed-Bridge: 	at com.umeng.umcrash.UMCrash.initReporter(SourceFile:4)

07-26 04:51:37.746  5723  5723 I LSPosed-Bridge: 	at com.umeng.umcrash.UMCrash.init(SourceFile:52)

07-26 04:51:37.746  5723  5723 I LSPosed-Bridge: 	at java.lang.reflect.Method.invoke(Native Method)

07-26 04:51:37.746  5723  5723 I LSPosed-Bridge: 	at com.umeng.commonsdk.UMConfigure.init(SourceFile:107)

07-26 04:51:37.746  5723  5723 I LSPosed-Bridge: 	at com.yuanli.simplerecipes.app.MyApplication.a(SourceFile:5)

07-26 04:51:37.746  5723  5723 I LSPosed-Bridge: 	at com.yuanli.simplerecipes.ui.activity.GuidePagesActivity.j(SourceFile:2)

07-26 04:51:37.746  5723  5723 I LSPosed-Bridge: 	at v7.a$c.onClick(SourceFile:2)

07-26 04:51:37.746  5723  5723 I LSPosed-Bridge: 	at android.view.View.performClick(View.java:6597)

07-26 04:51:37.746  5723  5723 I LSPosed-Bridge: 	at android.view.View.performClickInternal(View.java:6574)

07-26 04:51:37.746  5723  5723 I LSPosed-Bridge: 	at android.view.View.access$3100(View.java:778)

07-26 04:51:37.746  5723  5723 I LSPosed-Bridge: 	at android.view.View$PerformClick.run(View.java:25889)

07-26 04:51:37.746  5723  5723 I LSPosed-Bridge: 	at android.os.Handler.handleCallback(Handler.java:873)

07-26 04:51:37.746  5723  5723 I LSPosed-Bridge: 	at android.os.Handler.dispatchMessage(Handler.java:99)

07-26 04:51:37.746  5723  5723 I LSPosed-Bridge: 	at android.os.Looper.loop(Looper.java:193)

07-26 04:51:37.746  5723  5723 I LSPosed-Bridge: 	at android.app.ActivityThread.main(ActivityThread.java:6692)

07-26 04:51:37.746  5723  5723 I LSPosed-Bridge: 	at java.lang.reflect.Method.invoke(Native Method)

07-26 04:51:37.746  5723  5723 I LSPosed-Bridge: 	at com.android.internal.os.RuntimeInit$MethodAndArgsCaller.run(RuntimeInit.java:493)

07-26 04:51:37.746  5723  5723 I LSPosed-Bridge: 	at com.android.internal.os.ZygoteInit.main(ZygoteInit.java:858)

07-26 04:51:37.746  5723  5723 E i.simplerecipe: Invalid ID 0x00000000.

07-26 04:51:37.746  5723 13996 I LSPosed-Bridge: 5723 PermLabel hookBinder_test 10120 interfaceBinder =android.content.pm.IPackageManager; arg0 = 3; arg1 = android.os.Parcel@8692b07; arg2 = android.os.Parcel@3fd43ca; arg3 = 0; res = true; stacktrace=java.lang.Exception

07-26 04:51:37.746  5723 13996 I LSPosed-Bridge: 	at com.example.permlabel.hookBinder_test$1.afterHookedMethod(hookBinder_test.java:69)

07-26 04:51:37.746  5723 13996 I LSPosed-Bridge: 	at de.robv.android.xposed.XposedBridge$AdditionalHookInfo.callback(Unknown Source:147)

07-26 04:51:37.746  5723 13996 I LSPosed-Bridge: 	at LSPHooker_.transact(Unknown Source:28)

07-26 04:51:37.746  5723 13996 I LSPosed-Bridge: 	at android.content.pm.IPackageManager$Stub$Proxy.getPackageInfo(IPackageManager.java:2876)

07-26 04:51:37.746  5723 13996 I LSPosed-Bridge: 	at android.app.ApplicationPackageManager.getPackageInfoAsUser(ApplicationPackageManager.java:174)

07-26 04:51:37.746  5723 13996 I LSPosed-Bridge: 	at android.app.ApplicationPackageManager.getPackageInfo(ApplicationPackageManager.java:152)

07-26 04:51:37.746  5723 13996 I LSPosed-Bridge: 	at com.tencent.bugly.crashreport.common.info.b.o(SourceFile:26)

07-26 04:51:37.746  5723 13996 I LSPosed-Bridge: 	at com.tencent.bugly.crashreport.common.info.b.n(SourceFile:4)

07-26 04:51:37.746  5723 13996 I LSPosed-Bridge: 	at com.tencent.bugly.crashreport.common.info.a.R(SourceFile:2)

