06-24 16:05:58.628  1564  2285 I LSPosed-Bridge: 	at com.example.permlabel.requirePerm$1$2.afterHookedMethod(requirePerm.java:133)

06-24 16:05:58.628  1564  2285 I LSPosed-Bridge: 	at de.robv.android.xposed.XposedBridge$AdditionalHookInfo.callback(Unknown Source:147)

06-24 16:05:58.628  1564  2285 I LSPosed-Bridge: 	at LSPHooker_.checkPermission(Unknown Source:25)

06-24 16:05:58.628  1564  2285 I LSPosed-Bridge: 	at com.android.server.am.ActivityManagerService$PermissionController.checkPermission(ActivityManagerService.java:9248)

06-24 16:05:58.628  1564  2285 I LSPosed-Bridge: 	at android.os.IPermissionController$Stub.onTransact(IPermissionController.java:56)

06-24 16:05:58.628  1564  2285 I LSPosed-Bridge: 	at android.os.Binder.execTransact(Binder.java:731)

06-24 16:05:58.733  1564  2285 I LSPosed-Bridge: 5233 PermLabel 10125 AMS.checkPermission: Binder.getCallingPid() = 911; uid = 10125; Binder.getCallingUid() = 1047; getNameForUid: null; getPackagesForUid: null; permName: android.permission.CAMERA; type = 1; res = -1; stacktrace=java.lang.Exception

06-24 16:05:58.733  1564  2285 I LSPosed-Bridge: 	at com.example.permlabel.requirePerm$1$2.afterHookedMethod(requirePerm.java:133)

06-24 16:05:58.733  1564  2285 I LSPosed-Bridge: 	at de.robv.android.xposed.XposedBridge$AdditionalHookInfo.callback(Unknown Source:147)

06-24 16:05:58.733  1564  2285 I LSPosed-Bridge: 	at LSPHooker_.checkPermission(Unknown Source:25)

06-24 16:05:58.733  1564  2285 I LSPosed-Bridge: 	at com.android.server.am.ActivityManagerService$PermissionController.checkPermission(ActivityManagerService.java:9248)

06-24 16:05:58.733  1564  2285 I LSPosed-Bridge: 	at android.os.IPermissionController$Stub.onTransact(IPermissionController.java:56)

06-24 16:05:58.733  1564  2285 I LSPosed-Bridge: 	at android.os.Binder.execTransact(Binder.java:731)

06-24 16:05:58.837  1564  2285 I LSPosed-Bridge: 5233 PermLabel 10125 AMS.checkPermission: Binder.getCallingPid() = 911; uid = 10125; Binder.getCallingUid() = 1047; getNameForUid: null; getPackagesForUid: null; permName: android.permission.CAMERA; type = 1; res = -1; stacktrace=java.lang.Exception

06-24 16:05:58.837  1564  2285 I LSPosed-Bridge: 	at com.example.permlabel.requirePerm$1$2.afterHookedMethod(requirePerm.java:133)

06-24 16:05:58.837  1564  2285 I LSPosed-Bridge: 	at de.robv.android.xposed.XposedBridge$AdditionalHookInfo.callback(Unknown Source:147)

06-24 16:05:58.837  1564  2285 I LSPosed-Bridge: 	at LSPHooker_.checkPermission(Unknown Source:25)

06-24 16:05:58.837  1564  2285 I LSPosed-Bridge: 	at com.android.server.am.ActivityManagerService$PermissionController.checkPermission(ActivityManagerService.java:9248)

06-24 16:05:58.837  1564  2285 I LSPosed-Bridge: 	at android.os.IPermissionController$Stub.onTransact(IPermissionController.java:56)

06-24 16:05:58.837  1564  2285 I LSPosed-Bridge: 	at android.os.Binder.execTransact(Binder.java:731)

06-24 16:05:58.837   911   911 W ServiceManager: Permission failure: android.permission.CAMERA from uid=10125 pid=5233

06-24 16:05:58.837   911   911 E CameraService: Permission Denial: can't use the camera pid=5233, uid=10125

06-24 16:05:58.940  1564  2285 I LSPosed-Bridge: 5233 PermLabel 10125 AMS.checkPermission: Binder.getCallingPid() = 911; uid = 10125; Binder.getCallingUid() = 1047; getNameForUid: null; getPackagesForUid: null; permName: android.permission.CAMERA; type = 1; res = -1; stacktrace=java.lang.Exception

06-24 16:05:58.940  1564  2285 I LSPosed-Bridge: 	at com.example.permlabel.requirePerm$1$2.afterHookedMethod(requirePerm.java:133)

06-24 16:05:58.940  1564  2285 I LSPosed-Bridge: 	at de.robv.android.xposed.XposedBridge$AdditionalHookInfo.callback(Unknown Source:147)

06-24 16:05:58.940  1564  2285 I LSPosed-Bridge: 	at LSPHooker_.checkPermission(Unknown Source:25)

06-24 16:05:58.940  1564  2285 I LSPosed-Bridge: 	at com.android.server.am.ActivityManagerService$PermissionController.checkPermission(ActivityManagerService.java:9248)

06-24 16:05:58.940  1564  2285 I LSPosed-Bridge: 	at android.os.IPermissionController$Stub.onTransact(IPermissionController.java:56)

06-24 16:05:58.940  1564  2285 I LSPosed-Bridge: 	at android.os.Binder.execTransact(Binder.java:731)

06-24 16:05:58.940   911   911 W ServiceManager: Permission failure: android.permission.CAMERA from uid=10125 pid=5233

06-24 16:05:58.940   911   911 E CameraService: Permission Denial: can't use the camera pid=5233, uid=10125

06-24 16:05:59.043  1564  2285 I LSPosed-Bridge: 5233 PermLabel 10125 AMS.checkPermission: Binder.getCallingPid() = 911; uid = 10125; Binder.getCallingUid() = 1047; getNameForUid: null; getPackagesForUid: null; permName: android.permission.CAMERA; type = 1; res = -1; stacktrace=java.lang.Exception

06-24 16:05:59.043  1564  2285 I LSPosed-Bridge: 	at com.example.permlabel.requirePerm$1$2.afterHookedMethod(requirePerm.java:133)

06-24 16:05:59.043  1564  2285 I LSPosed-Bridge: 	at de.robv.android.xposed.XposedBridge$AdditionalHookInfo.callback(Unknown Source:147)

06-24 16:05:59.043  1564  2285 I LSPosed-Bridge: 	at LSPHooker_.checkPermission(Unknown Source:25)

06-24 16:05:59.043  1564  2285 I LSPosed-Bridge: 	at com.android.server.am.ActivityManagerService$PermissionController.checkPermission(ActivityManagerService.java:9248)

06-24 16:05:59.043  1564  2285 I LSPosed-Bridge: 	at android.os.IPermissionController$Stub.onTransact(IPermissionController.java:56)

06-24 16:05:59.043  1564  2285 I LSPosed-Bridge: 	at android.os.Binder.execTransact(Binder.java:731)

06-24 16:05:59.043   911   911 W ServiceManager: Permission failure: android.permission.CAMERA from uid=10125 pid=5233

06-24 16:05:59.043   911   911 E CameraService: Permission Denial: can't use the camera pid=5233, uid=10125

06-24 16:05:59.145  1564  1855 I LSPosed-Bridge: 5233 PermLabel 10125 AMS.checkPermission: Binder.getCallingPid() = 911; uid = 10125; Binder.getCallingUid() = 1047; getNameForUid: null; getPackagesForUid: null; permName: android.permission.CAMERA; type = 1; res = -1; stacktrace=java.lang.Exception

06-24 16:05:59.145  1564  1855 I LSPosed-Bridge: 	at com.example.permlabel.requirePerm$1$2.afterHookedMethod(requirePerm.java:133)

06-24 16:05:59.145  1564  1855 I LSPosed-Bridge: 	at de.robv.android.xposed.XposedBridge$AdditionalHookInfo.callback(Unknown Source:147)

06-24 16:05:59.145  1564  1855 I LSPosed-Bridge: 	at LSPHooker_.checkPermission(Unknown Source:25)

06-24 16:05:59.145  1564  1855 I LSPosed-Bridge: 	at com.android.server.am.ActivityManagerService$PermissionController.checkPermission(ActivityManagerService.java:9248)

06-24 16:05:59.145  1564  1855 I LSPosed-Bridge: 	at android.os.IPermissionController$Stub.onTransact(IPermissionController.java:56)

06-24 16:05:59.145  1564  1855 I LSPosed-Bridge: 	at android.os.Binder.execTransact(Binder.java:731)

06-24 16:05:59.248  1564  1843 I LSPosed-Bridge: 5233 PermLabel 10125 AMS.checkPermission: Binder.getCallingPid() = 911; uid = 10125; Binder.getCallingUid() = 1047; getNameForUid: null; getPackagesForUid: null; permName: android.permission.CAMERA; type = 1; res = -1; stacktrace=java.lang.Exception

06-24 16:05:59.248  1564  1843 I LSPosed-Bridge: 	at com.example.permlabel.requirePerm$1$2.afterHookedMethod(requirePerm.java:133)

06-24 16:05:59.248  1564  1843 I LSPosed-Bridge: 	at de.robv.android.xposed.XposedBridge$AdditionalHookInfo.callback(Unknown Source:147)

06-24 16:05:59.248  1564  1843 I LSPosed-Bridge: 	at LSPHooker_.checkPermission(Unknown Source:25)

06-24 16:05:59.248  1564  1843 I LSPosed-Bridge: 	at com.android.server.am.ActivityManagerService$PermissionController.checkPermission(ActivityManagerService.java:9248)

06-24 16:05:59.248  1564  1843 I LSPosed-Bridge: 	at android.os.IPermissionController$Stub.onTransact(IPermissionController.java:56)

06-24 16:05:59.248  1564  1843 I LSPosed-Bridge: 	at android.os.Binder.execTransact(Binder.java:731)

06-24 16:05:59.351  1564  1843 I LSPosed-Bridge: 5233 PermLabel 10125 AMS.checkPermission: Binder.getCallingPid() = 911; uid = 10125; Binder.getCallingUid() = 1047; getNameForUid: null; getPackagesForUid: null; permName: android.permission.CAMERA; type = 1; res = -1; stacktrace=java.lang.Exception

06-24 16:05:59.351  1564  1843 I LSPosed-Bridge: 	at com.example.permlabel.requirePerm$1$2.afterHookedMethod(requirePerm.java:133)

06-24 16:05:59.351  1564  1843 I LSPosed-Bridge: 	at de.robv.android.xposed.XposedBridge$AdditionalHookInfo.callback(Unknown Source:147)

06-24 16:05:59.351  1564  1843 I LSPosed-Bridge: 	at LSPHooker_.checkPermission(Unknown Source:25)

06-24 16:05:59.351  1564  1843 I LSPosed-Bridge: 	at com.android.server.am.ActivityManagerService$PermissionController.checkPermission(ActivityManagerService.java:9248)

06-24 16:05:59.351  1564  1843 I LSPosed-Bridge: 	at android.os.IPermissionController$Stub.onTransact(IPermissionController.java:56)

06-24 16:05:59.351  1564  1843 I LSPosed-Bridge: 	at android.os.Binder.execTransact(Binder.java:731)

06-24 16:05:59.351   552   552 I ConfigStore: android::hardware::configstore::V1_0::ISurfaceFlingerConfigs::hasHDRDisplay retrieved: 0

06-24 16:05:59.351   911   911 W ServiceManager: Permission failure: android.permission.CAMERA from uid=10125 pid=5233

06-24 16:05:59.351   911   911 E CameraService: Permission Denial: can't use the camera pid=5233, uid=10125

06-24 16:05:59.351   552   552 I ConfigStore: android::hardware::configstore::V1_0::ISurfaceFlingerConfigs::hasHDRDisplay retrieved: 0

06-24 16:05:59.352  5233  5548 W CameraBase: An error occurred while connecting to camera 0: Status(-8): '1: validateClientPermissionsLocked:906: Caller "com.nb.filmhall" (PID 10125, UID 5233) cannot open camera "0" without camera permission'

06-24 16:05:59.352  5233  5548 W CameraBase: An error occurred while connecting to camera 0: Status(-8): '1: validateClientPermissionsLocked:906: Caller "com.nb.filmhall" (PID 10125, UID 5233) cannot open camera "0" without camera permission'

06-24 16:05:59.352  5233  5548 E Camera  : Camera  err=-13

06-24 16:05:59.352  5233  5548 E Camera  : Camera  err=-13

06-24 16:05:59.352  5233  5548 I LSPosed-Bridge: 5233 PermLabel 10125 android.permission.CAMERA open cameraId: 0; res= null; stacktrace=java.lang.Exception

06-24 16:05:59.352  5233  5548 I LSPosed-Bridge: 5233 PermLabel 10125 android.permission.CAMERA open cameraId: 0; res= null; stacktrace=java.lang.Exception

06-24 16:05:59.352  5233  5548 I LSPosed-Bridge: 	at com.example.permlabel.hookCamera$3.afterHookedMethod(hookCamera.java:49)

06-24 16:05:59.352  5233  5548 I LSPosed-Bridge: 	at com.example.permlabel.hookCamera$3.afterHookedMethod(hookCamera.java:49)

06-24 16:05:59.352  5233  5548 I LSPosed-Bridge: 	at de.robv.android.xposed.XposedBridge$AdditionalHookInfo.callback(Unknown Source:147)

06-24 16:05:59.352  5233  5548 I LSPosed-Bridge: 	at de.robv.android.xposed.XposedBridge$AdditionalHookInfo.callback(Unknown Source:147)

06-24 16:05:59.352  5233  5548 I LSPosed-Bridge: 	at LSPHooker_.open(Unknown Source:12)

06-24 16:05:59.352  5233  5548 I LSPosed-Bridge: 	at LSPHooker_.open(Unknown Source:12)

06-24 16:05:59.352  5233  5548 I LSPosed-Bridge: 	at org.chromium.media.VideoCaptureFactory.isZoomSupported(chromium-Monochrome.aab-stable-573513121:10)

06-24 16:05:59.352  5233  5548 I LSPosed-Bridge: 	at org.chromium.media.VideoCaptureFactory.isZoomSupported(chromium-Monochrome.aab-stable-573513121:10)

06-24 16:05:59.352  5233  5548 I chatty  : uid=10125(com.nb.filmhall) ThreadPoolSingl identical 1 line

06-24 16:05:59.352  5233  5548 I chatty  : uid=10125(com.nb.filmhall) ThreadPoolSingl identical 1 line

06-24 16:05:59.352  5233  5548 I LSPosed-Bridge: 5233 PermLabel 10125 android.permission.CAMERA open cameraId: 0; res= null; stacktrace=java.lang.Exception

06-24 16:05:59.352  5233  5548 I LSPosed-Bridge: 5233 PermLabel 10125 android.permission.CAMERA open cameraId: 0; res= null; stacktrace=java.lang.Exception

06-24 16:05:59.352  5233  5548 I LSPosed-Bridge: 	at com.example.permlabel.hookCamera$3.afterHookedMethod(hookCamera.java:49)

06-24 16:05:59.352  5233  5548 I LSPosed-Bridge: 	at com.example.permlabel.hookCamera$3.afterHookedMethod(hookCamera.java:49)

06-24 16:05:59.352  5233  5548 I LSPosed-Bridge: 	at de.robv.android.xposed.XposedBridge$AdditionalHookInfo.callback(Unknown Source:147)

06-24 16:05:59.352  5233  5548 I LSPosed-Bridge: 	at de.robv.android.xposed.XposedBridge$AdditionalHookInfo.callback(Unknown Source:147)

06-24 16:05:59.352  5233  5548 I LSPosed-Bridge: 	at LSPHooker_.open(Unknown Source:12)

06-24 16:05:59.352  5233  5548 I LSPosed-Bridge: 	at LSPHooker_.open(Unknown Source:12)

06-24 16:05:59.352  5233  5548 I LSPosed-Bridge: 	at org.chromium.media.VideoCaptureFactory.isZoomSupported(chromium-Monochrome.aab-stable-573513121:10)

06-24 16:05:59.352  5233  5548 I LSPosed-Bridge: 	at org.chromium.media.VideoCaptureFactory.isZoomSupported(chromium-Monochrome.aab-stable-573513121:10)

06-24 16:05:59.352  5233  5548 E cr_VideoCapture: Camera.open: 

06-24 16:05:59.352  5233  5548 E cr_VideoCapture: Camera.open: 

06-24 16:05:59.352  5233  5548 E cr_VideoCapture: java.lang.RuntimeException: Fail to connect to camera service

06-24 16:05:59.352  5233  5548 E cr_VideoCapture: java.lang.RuntimeException: Fail to connect to camera service

06-24 16:05:59.352  5233  5548 E cr_VideoCapture: 	at android.hardware.Camera.<init>(Camera.java:669)

06-24 16:05:59.352  5233  5548 E cr_VideoCapture: 	at android.hardware.Camera.<init>(Camera.java:669)

06-24 16:05:59.352  5233  5548 E cr_VideoCapture: 	at android.hardware.Camera.open(Camera.java:460)

06-24 16:05:59.352  5233  5548 E cr_VideoCapture: 	at android.hardware.Camera.open(Camera.java:460)

06-24 16:05:59.352  5233  5548 E cr_VideoCapture: 	at java.lang.reflect.Method.invoke(Native Method)

06-24 16:05:59.352  5233  5548 E cr_VideoCapture: 	at java.lang.reflect.Method.invoke(Native Method)

06-24 16:05:59.352  5233  5548 E cr_VideoCapture: 	at org.lsposed.lspd.nativebridge.HookBridge.invokeOriginalMethod(Native Method)

06-24 16:05:59.352  5233  5548 E cr_VideoCapture: 	at org.lsposed.lspd.nativebridge.HookBridge.invokeOriginalMethod(Native Method)

06-24 16:05:59.352  5233  5548 E cr_VideoCapture: 	at de.robv.android.xposed.XposedBridge$AdditionalHookInfo.callback(Unknown Source:110)

06-24 16:05:59.352  5233  5548 E cr_VideoCapture: 	at de.robv.android.xposed.XposedBridge$AdditionalHookInfo.callback(Unknown Source:110)

06-24 16:05:59.352  5233  5548 E cr_VideoCapture: 	at LSPHooker_.open(Unknown Source:12)

06-24 16:05:59.352  5233  5548 E cr_VideoCapture: 	at LSPHooker_.open(Unknown Source:12)

06-24 16:05:59.352  5233  5548 E cr_VideoCapture: 	at org.chromium.media.VideoCaptureFactory.isZoomSupported(chromium-Monochrome.aab-stable-573513121:10)

06-24 16:05:59.352  5233  5548 E cr_VideoCapture: 	at org.chromium.media.VideoCaptureFactory.isZoomSupported(chromium-Monochrome.aab-stable-573513121:10)

06-24 16:05:59.360  1564  1855 I LSPosed-Bridge: 5233 PermLabel 10125 AMS.checkPermission: Binder.getCallingPid() = 911; uid = 10125; Binder.getCallingUid() = 1047; getNameForUid: null; getPackagesForUid: null; permName: android.permission.CAMERA; type = 1; res = -1; stacktrace=java.lang.Exception

06-24 16:05:59.360  1564  1855 I LSPosed-Bridge: 	at com.example.permlabel.requirePerm$1$2.afterHookedMethod(requirePerm.java:133)

06-24 16:05:59.360  1564  1855 I LSPosed-Bridge: 	at de.robv.android.xposed.XposedBridge$AdditionalHookInfo.callback(Unknown Source:147)

06-24 16:05:59.360  1564  1855 I LSPosed-Bridge: 	at LSPHooker_.checkPermission(Unknown Source:25)

06-24 16:05:59.360  1564  1855 I LSPosed-Bridge: 	at com.android.server.am.ActivityManagerService$PermissionController.checkPermission(ActivityManagerService.java:9248)

06-24 16:05:59.360  1564  1855 I LSPosed-Bridge: 	at android.os.IPermissionController$Stub.onTransact(IPermissionController.java:56)

06-24 16:05:59.360  1564  1855 I LSPosed-Bridge: 	at android.os.Binder.execTransact(Binder.java:731)

06-24 16:05:59.360   911   911 W ServiceManager: Permission failure: android.permission.CAMERA from uid=10125 pid=5233

06-24 16:05:59.360   911   911 E CameraService: Permission Denial: can't use the camera pid=5233, uid=10125

06-24 16:05:59.360  5233  5548 W CameraBase: An error occurred while connecting to camera 0: Status(-8): '1: validateClientPermissionsLocked:906: Caller "com.nb.filmhall" (PID 10125, UID 5233) cannot open camera "0" without camera permission'

06-24 16:05:59.463  1564  1855 I LSPosed-Bridge: 5233 PermLabel 10125 AMS.checkPermission: Binder.getCallingPid() = 911; uid = 10125; Binder.getCallingUid() = 1047; getNameForUid: null; getPackagesForUid: null; permName: android.permission.CAMERA; type = 1; res = -1; stacktrace=java.lang.Exception

06-24 16:05:59.463  1564  1855 I LSPosed-Bridge: 	at com.example.permlabel.requirePerm$1$2.afterHookedMethod(requirePerm.java:133)

06-24 16:05:59.463  1564  1855 I LSPosed-Bridge: 	at de.robv.android.xposed.XposedBridge$AdditionalHookInfo.callback(Unknown Source:147)

06-24 16:05:59.463  1564  1855 I LSPosed-Bridge: 	at LSPHooker_.checkPermission(Unknown Source:25)

06-24 16:05:59.463  1564  1855 I LSPosed-Bridge: 	at com.android.server.am.ActivityManagerService$PermissionController.checkPermission(ActivityManagerService.java:9248)

06-24 16:05:59.463  1564  1855 I LSPosed-Bridge: 	at android.os.IPermissionController$Stub.onTransact(IPermissionController.java:56)

06-24 16:05:59.463  1564  1855 I LSPosed-Bridge: 	at android.os.Binder.execTransact(Binder.java:731)

06-24 16:05:59.463   911   911 W ServiceManager: Permission failure: android.permission.CAMERA from uid=10125 pid=5233

06-24 16:05:59.463   911   911 E CameraService: Permission Denial: can't use the camera pid=5233, uid=10125

06-24 16:05:59.567   552   552 I ConfigStore: android::hardware::configstore::V1_0::ISurfaceFlingerConfigs::hasHDRDisplay retrieved: 0

06-24 16:05:59.567  1564  1855 I LSPosed-Bridge: 5233 PermLabel 10125 AMS.checkPermission: Binder.getCallingPid() = 911; uid = 10125; Binder.getCallingUid() = 1047; getNameForUid: null; getPackagesForUid: null; permName: android.permission.CAMERA; type = 1; res = -1; stacktrace=java.lang.Exception

06-24 16:05:59.567  1564  1855 I LSPosed-Bridge: 	at com.example.permlabel.requirePerm$1$2.afterHookedMethod(requirePerm.java:133)

06-24 16:05:59.567  1564  1855 I LSPosed-Bridge: 	at de.robv.android.xposed.XposedBridge$AdditionalHookInfo.callback(Unknown Source:147)

06-24 16:05:59.567  1564  1855 I LSPosed-Bridge: 	at LSPHooker_.checkPermission(Unknown Source:25)

06-24 16:05:59.567  1564  1855 I LSPosed-Bridge: 	at com.android.server.am.ActivityManagerService$PermissionController.checkPermission(ActivityManagerService.java:9248)

06-24 16:05:59.567  1564  1855 I LSPosed-Bridge: 	at android.os.IPermissionController$Stub.onTransact(IPermissionController.java:56)

06-24 16:05:59.567  1564  1855 I LSPosed-Bridge: 	at android.os.Binder.execTransact(Binder.java:731)

06-24 16:05:59.671  1564  1855 I LSPosed-Bridge: 5233 PermLabel 10125 AMS.checkPermission: Binder.getCallingPid() = 911; uid = 10125; Binder.getCallingUid() = 1047; getNameForUid: null; getPackagesForUid: null; permName: android.permission.CAMERA; type = 1; res = -1; stacktrace=java.lang.Exception

06-24 16:05:59.671  1564  1855 I LSPosed-Bridge: 	at com.example.permlabel.requirePerm$1$2.afterHookedMethod(requirePerm.java:133)

06-24 16:05:59.671  1564  1855 I LSPosed-Bridge: 	at de.robv.android.xposed.XposedBridge$AdditionalHookInfo.callback(Unknown Source:147)

06-24 16:05:59.671  1564  1855 I LSPosed-Bridge: 	at LSPHooker_.checkPermission(Unknown Source:25)

06-24 16:05:59.671  1564  1855 I LSPosed-Bridge: 	at com.android.server.am.ActivityManagerService$PermissionController.checkPermission(ActivityManagerService.java:9248)

06-24 16:05:59.671  1564  1855 I LSPosed-Bridge: 	at android.os.IPermissionController$Stub.onTransact(IPermissionController.java:56)

06-24 16:05:59.671  1564  1855 I LSPosed-Bridge: 	at android.os.Binder.execTransact(Binder.java:731)

06-24 16:05:59.774  1564  1855 I LSPosed-Bridge: 5233 PermLabel 10125 AMS.checkPermission: Binder.getCallingPid() = 911; uid = 10125; Binder.getCallingUid() = 1047; getNameForUid: null; getPackagesForUid: null; permName: android.permission.CAMERA; type = 1; res = -1; stacktrace=java.lang.Exception

06-24 16:05:59.774  1564  1855 I LSPosed-Bridge: 	at com.example.permlabel.requirePerm$1$2.afterHookedMethod(requirePerm.java:133)

06-24 16:05:59.774  1564  1855 I LSPosed-Bridge: 	at de.robv.android.xposed.XposedBridge$AdditionalHookInfo.callback(Unknown Source:147)

06-24 16:05:59.774  1564  1855 I LSPosed-Bridge: 	at LSPHooker_.checkPermission(Unknown Source:25)

06-24 16:05:59.774  1564  1855 I LSPosed-Bridge: 	at com.android.server.am.ActivityManagerService$PermissionController.checkPermission(ActivityManagerService.java:9248)

06-24 16:05:59.774  1564  1855 I LSPosed-Bridge: 	at android.os.IPermissionController$Stub.onTransact(IPermissionController.java:56)

06-24 16:05:59.774  1564  1855 I LSPosed-Bridge: 	at android.os.Binder.execTransact(Binder.java:731)

06-24 16:05:59.774   911   911 W ServiceManager: Permission failure: android.permission.CAMERA from uid=10125 pid=5233

06-24 16:05:59.877  1564  1855 I LSPosed-Bridge: 5233 PermLabel 10125 AMS.checkPermission: Binder.getCallingPid() = 911; uid = 10125; Binder.getCallingUid() = 1047; getNameForUid: null; getPackagesForUid: null; permName: android.permission.CAMERA; type = 1; res = -1; stacktrace=java.lang.Exception

06-24 16:05:59.877  1564  1855 I LSPosed-Bridge: 	at com.example.permlabel.requirePerm$1$2.afterHookedMethod(requirePerm.java:133)

06-24 16:05:59.877  1564  1855 I LSPosed-Bridge: 	at de.robv.android.xposed.XposedBridge$AdditionalHookInfo.callback(Unknown Source:147)

06-24 16:05:59.877  1564  1855 I LSPosed-Bridge: 	at LSPHooker_.checkPermission(Unknown Source:25)

06-24 16:05:59.877  1564  1855 I LSPosed-Bridge: 	at com.android.server.am.ActivityManagerService$PermissionController.checkPermission(ActivityManagerService.java:9248)

06-24 16:05:59.877  1564  1855 I LSPosed-Bridge: 	at android.os.IPermissionController$Stub.onTransact(IPermissionController.java:56)

06-24 16:05:59.877  1564  1855 I LSPosed-Bridge: 	at android.os.Binder.execTransact(Binder.java:731)

06-24 16:05:59.877   911   911 W ServiceManager: Permission failure: android.permission.CAMERA from uid=10125 pid=5233

06-24 16:05:59.877   911   911 E CameraService: Permission Denial: can't use the camera pid=5233, uid=10125

06-24 16:05:59.980  1564  1855 I LSPosed-Bridge: 5233 PermLabel 10125 AMS.checkPermission: Binder.getCallingPid() = 911; uid = 10125; Binder.getCallingUid() = 1047; getNameForUid: null; getPackagesForUid: null; permName: android.permission.CAMERA; type = 1; res = -1; stacktrace=java.lang.Exception

06-24 16:05:59.980  1564  1855 I LSPosed-Bridge: 	at com.example.permlabel.requirePerm$1$2.afterHookedMethod(requirePerm.java:133)

06-24 16:05:59.980  1564  1855 I LSPosed-Bridge: 	at de.robv.android.xposed.XposedBridge$AdditionalHookInfo.callback(Unknown Source:147)

06-24 16:05:59.980  1564  1855 I LSPosed-Bridge: 	at LSPHooker_.checkPermission(Unknown Source:25)

06-24 16:05:59.980  1564  1855 I LSPosed-Bridge: 	at com.android.server.am.ActivityManagerService$PermissionController.checkPermission(ActivityManagerService.java:9248)

06-24 16:05:59.980  1564  1855 I LSPosed-Bridge: 	at android.os.IPermissionController$Stub.onTransact(IPermissionController.java:56)

06-24 16:05:59.980  1564  1855 I LSPosed-Bridge: 	at android.os.Binder.execTransact(Binder.java:731)

06-24 16:05:59.980   911   911 W ServiceManager: Permission failure: android.permission.CAMERA from uid=10125 pid=5233

06-24 16:05:59.980   911   911 E CameraService: Permission Denial: can't use the camera pid=5233, uid=10125

06-24 16:06:00.083  1564  2285 I LSPosed-Bridge: 5233 PermLabel 10125 AMS.checkPermission: Binder.getCallingPid() = 911; uid = 10125; Binder.getCallingUid() = 1047; getNameForUid: null; getPackagesForUid: null; permName: android.permission.CAMERA; type = 1; res = -1; stacktrace=java.lang.Exception

06-24 16:06:00.083  1564  2285 I LSPosed-Bridge: 	at com.example.permlabel.requirePerm$1$2.afterHookedMethod(requirePerm.java:133)

06-24 16:06:00.083  1564  2285 I LSPosed-Bridge: 	at de.robv.android.xposed.XposedBridge$AdditionalHookInfo.callback(Unknown Source:147)

06-24 16:06:00.083  1564  2285 I LSPosed-Bridge: 	at LSPHooker_.checkPermission(Unknown Source:25)

06-24 16:06:00.083  1564  2285 I LSPosed-Bridge: 	at com.android.server.am.ActivityManagerService$PermissionController.checkPermission(ActivityManagerService.java:9248)

06-24 16:06:00.083  1564  2285 I LSPosed-Bridge: 	at android.os.IPermissionController$Stub.onTransact(IPermissionController.java:56)

06-24 16:06:00.083  1564  2285 I LSPosed-Bridge: 	at android.os.Binder.execTransact(Binder.java:731)

06-24 16:06:00.186  1564  2285 I LSPosed-Bridge: 5233 PermLabel 10125 AMS.checkPermission: Binder.getCallingPid() = 911; uid = 10125; Binder.getCallingUid() = 1047; getNameForUid: null; getPackagesForUid: null; permName: android.permission.CAMERA; type = 1; res = -1; stacktrace=java.lang.Exception

06-24 16:06:00.186  1564  2285 I LSPosed-Bridge: 	at com.example.permlabel.requirePerm$1$2.afterHookedMethod(requirePerm.java:133)

06-24 16:06:00.186  1564  2285 I LSPosed-Bridge: 	at de.robv.android.xposed.XposedBridge$AdditionalHookInfo.callback(Unknown Source:147)

06-24 16:06:00.186  1564  2285 I LSPosed-Bridge: 	at LSPHooker_.checkPermission(Unknown Source:25)

06-24 16:06:00.186  1564  2285 I LSPosed-Bridge: 	at com.android.server.am.ActivityManagerService$PermissionController.checkPermission(ActivityManagerService.java:9248)

06-24 16:06:00.186  1564  2285 I LSPosed-Bridge: 	at android.os.IPermissionController$Stub.onTransact(IPermissionController.java:56)

06-24 16:06:00.186  1564  2285 I LSPosed-Bridge: 	at android.os.Binder.execTransact(Binder.java:731)

06-24 16:06:00.188   552   552 I ConfigStore: android::hardware::configstore::V1_0::ISurfaceFlingerConfigs::hasHDRDisplay retrieved: 0

06-24 16:06:00.188   552   552 I ConfigStore: android::hardware::configstore::V1_0::ISurfaceFlingerConfigs::hasHDRDisplay retrieved: 0

06-24 16:06:00.188  5233  5548 I LSPosed-Bridge: 5233 PermLabel 10125 android.permission.CAMERA open cameraId: 0; res= null; stacktrace=java.lang.Exception

06-24 16:06:00.188  5233  5548 I LSPosed-Bridge: 5233 PermLabel 10125 android.permission.CAMERA open cameraId: 0; res= null; stacktrace=java.lang.Exception

06-24 16:06:00.188  5233  5548 I LSPosed-Bridge: 	at com.example.permlabel.hookCamera$3.afterHookedMethod(hookCamera.java:49)

06-24 16:06:00.188  5233  5548 I LSPosed-Bridge: 	at com.example.permlabel.hookCamera$3.afterHookedMethod(hookCamera.java:49)

06-24 16:06:00.188  5233  5548 I LSPosed-Bridge: 	at de.robv.android.xposed.XposedBridge$AdditionalHookInfo.callback(Unknown Source:147)

06-24 16:06:00.188  5233  5548 I LSPosed-Bridge: 	at de.robv.android.xposed.XposedBridge$AdditionalHookInfo.callback(Unknown Source:147)

06-24 16:06:00.188  5233  5548 I LSPosed-Bridge: 	at LSPHooker_.open(Unknown Source:12)

06-24 16:06:00.188  5233  5548 I LSPosed-Bridge: 	at LSPHooker_.open(Unknown Source:12)

06-24 16:06:00.188  5233  5548 I LSPosed-Bridge: 	at org.chromium.media.VideoCaptureFactory.getDeviceSupportedFormats(chromium-Monochrome.aab-stable-573513121:13)

06-24 16:06:00.188  5233  5548 I LSPosed-Bridge: 	at org.chromium.media.VideoCaptureFactory.getDeviceSupportedFormats(chromium-Monochrome.aab-stable-573513121:13)

06-24 16:06:00.188  5233  5548 I chatty  : uid=10125(com.nb.filmhall) ThreadPoolSingl identical 1 line

06-24 16:06:00.188  5233  5548 I chatty  : uid=10125(com.nb.filmhall) ThreadPoolSingl identical 1 line

06-24 16:06:00.188  5233  5548 I LSPosed-Bridge: 5233 PermLabel 10125 android.permission.CAMERA open cameraId: 0; res= null; stacktrace=java.lang.Exception

06-24 16:06:00.188  5233  5548 I LSPosed-Bridge: 5233 PermLabel 10125 android.permission.CAMERA open cameraId: 0; res= null; stacktrace=java.lang.Exception

06-24 16:06:00.188  5233  5548 I LSPosed-Bridge: 	at com.example.permlabel.hookCamera$3.afterHookedMethod(hookCamera.java:49)

06-24 16:06:00.188  5233  5548 I LSPosed-Bridge: 	at com.example.permlabel.hookCamera$3.afterHookedMethod(hookCamera.java:49)

06-24 16:06:00.188  5233  5548 I LSPosed-Bridge: 	at de.robv.android.xposed.XposedBridge$AdditionalHookInfo.callback(Unknown Source:147)

06-24 16:06:00.188  5233  5548 I LSPosed-Bridge: 	at de.robv.android.xposed.XposedBridge$AdditionalHookInfo.callback(Unknown Source:147)

06-24 16:06:00.188  5233  5548 I LSPosed-Bridge: 	at LSPHooker_.open(Unknown Source:12)

06-24 16:06:00.188  5233  5548 I LSPosed-Bridge: 	at LSPHooker_.open(Unknown Source:12)

06-24 16:06:00.188  5233  5548 I LSPosed-Bridge: 	at org.chromium.media.VideoCaptureFactory.getDeviceSupportedFormats(chromium-Monochrome.aab-stable-573513121:13)

06-24 16:06:00.188  5233  5548 I LSPosed-Bridge: 	at org.chromium.media.VideoCaptureFactory.getDeviceSupportedFormats(chromium-Monochrome.aab-stable-573513121:13)

06-24 16:06:00.188  5233  5548 E cr_VideoCapture: Camera.open: 

06-24 16:06:00.188  5233  5548 E cr_VideoCapture: Camera.open: 

06-24 16:06:00.188  5233  5548 E cr_VideoCapture: java.lang.RuntimeException: Fail to connect to camera service

06-24 16:06:00.188  5233  5548 E cr_VideoCapture: java.lang.RuntimeException: Fail to connect to camera service

06-24 16:06:00.188  5233  5548 E cr_VideoCapture: 	at android.hardware.Camera.<init>(Camera.java:669)

06-24 16:06:00.188  5233  5548 E cr_VideoCapture: 	at android.hardware.Camera.<init>(Camera.java:669)

06-24 16:06:00.188  5233  5548 E cr_VideoCapture: 	at android.hardware.Camera.open(Camera.java:460)

06-24 16:06:00.188  5233  5548 E cr_VideoCapture: 	at android.hardware.Camera.open(Camera.java:460)

06-24 16:06:00.188  5233  5548 E cr_VideoCapture: 	at java.lang.reflect.Method.invoke(Native Method)

06-24 16:06:00.188  5233  5548 E cr_VideoCapture: 	at java.lang.reflect.Method.invoke(Native Method)

06-24 16:06:00.188  5233  5548 E cr_VideoCapture: 	at org.lsposed.lspd.nativebridge.HookBridge.invokeOriginalMethod(Native Method)

06-24 16:06:00.188  5233  5548 E cr_VideoCapture: 	at org.lsposed.lspd.nativebridge.HookBridge.invokeOriginalMethod(Native Method)

06-24 16:06:00.188  5233  5548 E cr_VideoCapture: 	at de.robv.android.xposed.XposedBridge$AdditionalHookInfo.callback(Unknown Source:110)

06-24 16:06:00.188  5233  5548 E cr_VideoCapture: 	at de.robv.android.xposed.XposedBridge$AdditionalHookInfo.callback(Unknown Source:110)

06-24 16:06:00.188  5233  5548 E cr_VideoCapture: 	at LSPHooker_.open(Unknown Source:12)

06-24 16:06:00.188  5233  5548 E cr_VideoCapture: 	at LSPHooker_.open(Unknown Source:12)

06-24 16:06:00.188  5233  5548 E cr_VideoCapture: 	at org.chromium.media.VideoCaptureFactory.getDeviceSupportedFormats(chromium-Monochrome.aab-stable-573513121:13)

06-24 16:06:00.188  5233  5548 E cr_VideoCapture: 	at org.chromium.media.VideoCaptureFactory.getDeviceSupportedFormats(chromium-Monochrome.aab-stable-573513121:13)
