06-24 16:05:56.607  5233  5548 I LSPosed-Bridge: 5233 PermLabel 10125 android.permission.CAMERA getCameraInfo args0: 1; args1: android.hardware.Camera$CameraInfo@e6c0694; res= null; stacktrace=java.lang.Exception

06-24 16:05:56.607  5233  5548 I LSPosed-Bridge: 5233 PermLabel 10125 android.permission.CAMERA getCameraInfo args0: 1; args1: android.hardware.Camera$CameraInfo@e6c0694; res= null; stacktrace=java.lang.Exception

06-24 16:05:56.607  5233  5548 I LSPosed-Bridge: 	at com.example.permlabel.hookCamera$1.afterHookedMethod(hookCamera.java:21)

06-24 16:05:56.607  5233  5548 I LSPosed-Bridge: 	at com.example.permlabel.hookCamera$1.afterHookedMethod(hookCamera.java:21)

06-24 16:05:56.607  5233  5548 I LSPosed-Bridge: 	at de.robv.android.xposed.XposedBridge$AdditionalHookInfo.callback(Unknown Source:147)

06-24 16:05:56.607  5233  5548 I LSPosed-Bridge: 	at de.robv.android.xposed.XposedBridge$AdditionalHookInfo.callback(Unknown Source:147)

06-24 16:05:56.607  5233  5548 I LSPosed-Bridge: 	at LSPHooker_.getCameraInfo(Unknown Source:15)

06-24 16:05:56.607  5233  5548 I LSPosed-Bridge: 	at LSPHooker_.getCameraInfo(Unknown Source:15)

06-24 16:05:56.607  5233  5548 I LSPosed-Bridge: 	at z74.e(chromium-Monochrome.aab-stable-573513121:6)

06-24 16:05:56.607  5233  5548 I LSPosed-Bridge: 	at z74.e(chromium-Monochrome.aab-stable-573513121:6)

06-24 16:05:56.607  5233  5548 I LSPosed-Bridge: 	at org.chromium.media.VideoCaptureFactory.getDeviceName(chromium-Monochrome.aab-stable-573513121:15)

06-24 16:05:56.607  5233  5548 I LSPosed-Bridge: 	at org.chromium.media.VideoCaptureFactory.getDeviceName(chromium-Monochrome.aab-stable-573513121:15)

06-24 16:05:56.607  5233  5548 I chatty  : uid=10125(com.nb.filmhall) ThreadPoolSingl identical 1 line

06-24 16:05:56.607  5233  5548 I chatty  : uid=10125(com.nb.filmhall) ThreadPoolSingl identical 1 line

06-24 16:05:56.607  5233  5548 I LSPosed-Bridge: 5233 PermLabel 10125 android.permission.CAMERA getCameraInfo args0: 1; args1: android.hardware.Camera$CameraInfo@e6c0694; res= null; stacktrace=java.lang.Exception

06-24 16:05:56.607  5233  5548 I LSPosed-Bridge: 5233 PermLabel 10125 android.permission.CAMERA getCameraInfo args0: 1; args1: android.hardware.Camera$CameraInfo@e6c0694; res= null; stacktrace=java.lang.Exception

06-24 16:05:56.607  5233  5548 I LSPosed-Bridge: 	at com.example.permlabel.hookCamera$1.afterHookedMethod(hookCamera.java:21)

06-24 16:05:56.607  5233  5548 I LSPosed-Bridge: 	at com.example.permlabel.hookCamera$1.afterHookedMethod(hookCamera.java:21)

06-24 16:05:56.607  5233  5548 I LSPosed-Bridge: 	at de.robv.android.xposed.XposedBridge$AdditionalHookInfo.callback(Unknown Source:147)

06-24 16:05:56.607  5233  5548 I LSPosed-Bridge: 	at de.robv.android.xposed.XposedBridge$AdditionalHookInfo.callback(Unknown Source:147)

06-24 16:05:56.607  5233  5548 I LSPosed-Bridge: 	at LSPHooker_.getCameraInfo(Unknown Source:15)

06-24 16:05:56.607  5233  5548 I LSPosed-Bridge: 	at LSPHooker_.getCameraInfo(Unknown Source:15)

06-24 16:05:56.607  5233  5548 I LSPosed-Bridge: 	at z74.e(chromium-Monochrome.aab-stable-573513121:6)

06-24 16:05:56.607  5233  5548 I LSPosed-Bridge: 	at z74.e(chromium-Monochrome.aab-stable-573513121:6)

06-24 16:05:56.607  5233  5548 I LSPosed-Bridge: 	at org.chromium.media.VideoCaptureFactory.getDeviceName(chromium-Monochrome.aab-stable-573513121:15)

06-24 16:05:56.607  5233  5548 I LSPosed-Bridge: 	at org.chromium.media.VideoCaptureFactory.getDeviceName(chromium-Monochrome.aab-stable-573513121:15)

06-24 16:05:56.636  5233  5548 I LSPosed-Bridge: 5233 PermLabel 10125 android.permission.CAMERA getCameraInfo args0: 1; args1: android.hardware.Camera$CameraInfo@29dce7e; res= null; stacktrace=java.lang.Exception

06-24 16:05:56.636  5233  5548 I LSPosed-Bridge: 	at com.example.permlabel.hookCamera$1.afterHookedMethod(hookCamera.java:21)

06-24 16:05:56.636  5233  5548 I LSPosed-Bridge: 	at de.robv.android.xposed.XposedBridge$AdditionalHookInfo.callback(Unknown Source:147)

06-24 16:05:56.636  5233  5548 I LSPosed-Bridge: 	at LSPHooker_.getCameraInfo(Unknown Source:15)

06-24 16:05:56.636  5233  5548 I LSPosed-Bridge: 	at z74.e(chromium-Monochrome.aab-stable-573513121:6)

06-24 16:05:56.636  5233  5548 I LSPosed-Bridge: 	at org.chromium.media.VideoCaptureFactory.getCaptureApiType(chromium-Monochrome.aab-stable-573513121:8)

06-24 16:05:56.637  5233  5548 I chatty  : uid=10125(com.nb.filmhall) ThreadPoolSingl identical 1 line

06-24 16:05:56.637  5233  5548 I LSPosed-Bridge: 5233 PermLabel 10125 android.permission.CAMERA getCameraInfo args0: 1; args1: android.hardware.Camera$CameraInfo@29dce7e; res= null; stacktrace=java.lang.Exception

06-24 16:05:56.637  5233  5548 I LSPosed-Bridge: 	at com.example.permlabel.hookCamera$1.afterHookedMethod(hookCamera.java:21)

06-24 16:05:56.637  5233  5548 I LSPosed-Bridge: 	at de.robv.android.xposed.XposedBridge$AdditionalHookInfo.callback(Unknown Source:147)

06-24 16:05:56.637  5233  5548 I LSPosed-Bridge: 	at LSPHooker_.getCameraInfo(Unknown Source:15)

06-24 16:05:56.637  5233  5548 I LSPosed-Bridge: 	at z74.e(chromium-Monochrome.aab-stable-573513121:6)

06-24 16:05:56.637  5233  5548 I LSPosed-Bridge: 	at org.chromium.media.VideoCaptureFactory.getCaptureApiType(chromium-Monochrome.aab-stable-573513121:8)

06-24 16:05:56.655  5233  5548 I LSPosed-Bridge: 5233 PermLabel 10125 android.permission.CAMERA getCameraInfo args0: 1; args1: android.hardware.Camera$CameraInfo@744548a; res= null; stacktrace=java.lang.Exception

06-24 16:05:56.655  5233  5548 I LSPosed-Bridge: 	at com.example.permlabel.hookCamera$1.afterHookedMethod(hookCamera.java:21)

06-24 16:05:56.655  5233  5548 I LSPosed-Bridge: 	at de.robv.android.xposed.XposedBridge$AdditionalHookInfo.callback(Unknown Source:147)

06-24 16:05:56.655  5233  5548 I LSPosed-Bridge: 	at LSPHooker_.getCameraInfo(Unknown Source:15)

06-24 16:05:56.655  5233  5548 I LSPosed-Bridge: 	at z74.e(chromium-Monochrome.aab-stable-573513121:6)

06-24 16:05:56.655  5233  5548 I LSPosed-Bridge: 	at org.chromium.media.VideoCaptureFactory.getFacingMode(chromium-Monochrome.aab-stable-573513121:10)

06-24 16:05:56.656  5233  5548 I chatty  : uid=10125(com.nb.filmhall) ThreadPoolSingl identical 1 line

06-24 16:05:56.656  5233  5548 I LSPosed-Bridge: 5233 PermLabel 10125 android.permission.CAMERA getCameraInfo args0: 1; args1: android.hardware.Camera$CameraInfo@744548a; res= null; stacktrace=java.lang.Exception

06-24 16:05:56.656  5233  5548 I LSPosed-Bridge: 	at com.example.permlabel.hookCamera$1.afterHookedMethod(hookCamera.java:21)

06-24 16:05:56.656  5233  5548 I LSPosed-Bridge: 	at de.robv.android.xposed.XposedBridge$AdditionalHookInfo.callback(Unknown Source:147)

06-24 16:05:56.656  5233  5548 I LSPosed-Bridge: 	at LSPHooker_.getCameraInfo(Unknown Source:15)

06-24 16:05:56.656  5233  5548 I LSPosed-Bridge: 	at z74.e(chromium-Monochrome.aab-stable-573513121:6)

06-24 16:05:56.656  5233  5548 I LSPosed-Bridge: 	at org.chromium.media.VideoCaptureFactory.getFacingMode(chromium-Monochrome.aab-stable-573513121:10)

06-24 16:05:56.668  1564  1843 I LSPosed-Bridge: 5233 PermLabel 10125 AMS.checkPermission: Binder.getCallingPid() = 911; uid = 10125; Binder.getCallingUid() = 1047; getNameForUid: null; getPackagesForUid: null; permName: android.permission.CAMERA; type = 1; res = -1; stacktrace=java.lang.Exception

06-24 16:05:56.668  1564  1843 I LSPosed-Bridge: 	at com.example.permlabel.requirePerm$1$2.afterHookedMethod(requirePerm.java:133)

06-24 16:05:56.668  1564  1843 I LSPosed-Bridge: 	at de.robv.android.xposed.XposedBridge$AdditionalHookInfo.callback(Unknown Source:147)

06-24 16:05:56.668  1564  1843 I LSPosed-Bridge: 	at LSPHooker_.checkPermission(Unknown Source:25)

06-24 16:05:56.668  1564  1843 I LSPosed-Bridge: 	at com.android.server.am.ActivityManagerService$PermissionController.checkPermission(ActivityManagerService.java:9248)

06-24 16:05:56.668  1564  1843 I LSPosed-Bridge: 	at android.os.IPermissionController$Stub.onTransact(IPermissionController.java:56)

06-24 16:05:56.668  1564  1843 I LSPosed-Bridge: 	at android.os.Binder.execTransact(Binder.java:731)

06-24 16:05:56.668   911   911 W ServiceManager: Permission failure: android.permission.CAMERA from uid=10125 pid=5233

06-24 16:05:56.772  1564  1843 I LSPosed-Bridge: 5233 PermLabel 10125 AMS.checkPermission: Binder.getCallingPid() = 911; uid = 10125; Binder.getCallingUid() = 1047; getNameForUid: null; getPackagesForUid: null; permName: android.permission.CAMERA; type = 1; res = -1; stacktrace=java.lang.Exception

06-24 16:05:56.772  1564  1843 I LSPosed-Bridge: 	at com.example.permlabel.requirePerm$1$2.afterHookedMethod(requirePerm.java:133)

06-24 16:05:56.772  1564  1843 I LSPosed-Bridge: 	at de.robv.android.xposed.XposedBridge$AdditionalHookInfo.callback(Unknown Source:147)

06-24 16:05:56.772  1564  1843 I LSPosed-Bridge: 	at LSPHooker_.checkPermission(Unknown Source:25)

06-24 16:05:56.772  1564  1843 I LSPosed-Bridge: 	at com.android.server.am.ActivityManagerService$PermissionController.checkPermission(ActivityManagerService.java:9248)

06-24 16:05:56.772  1564  1843 I LSPosed-Bridge: 	at android.os.IPermissionController$Stub.onTransact(IPermissionController.java:56)

06-24 16:05:56.772  1564  1843 I LSPosed-Bridge: 	at android.os.Binder.execTransact(Binder.java:731)

06-24 16:05:56.772   911   911 W ServiceManager: Permission failure: android.permission.CAMERA from uid=10125 pid=5233

06-24 16:05:56.772   911   911 E CameraService: Permission Denial: can't use the camera pid=5233, uid=10125

06-24 16:05:56.876  1564  1855 I LSPosed-Bridge: 5233 PermLabel 10125 AMS.checkPermission: Binder.getCallingPid() = 911; uid = 10125; Binder.getCallingUid() = 1047; getNameForUid: null; getPackagesForUid: null; permName: android.permission.CAMERA; type = 1; res = -1; stacktrace=java.lang.Exception

06-24 16:05:56.876  1564  1855 I LSPosed-Bridge: 	at com.example.permlabel.requirePerm$1$2.afterHookedMethod(requirePerm.java:133)

06-24 16:05:56.876  1564  1855 I LSPosed-Bridge: 	at de.robv.android.xposed.XposedBridge$AdditionalHookInfo.callback(Unknown Source:147)

06-24 16:05:56.876  1564  1855 I LSPosed-Bridge: 	at LSPHooker_.checkPermission(Unknown Source:25)

06-24 16:05:56.876  1564  1855 I LSPosed-Bridge: 	at com.android.server.am.ActivityManagerService$PermissionController.checkPermission(ActivityManagerService.java:9248)

06-24 16:05:56.876  1564  1855 I LSPosed-Bridge: 	at android.os.IPermissionController$Stub.onTransact(IPermissionController.java:56)

06-24 16:05:56.876  1564  1855 I LSPosed-Bridge: 	at android.os.Binder.execTransact(Binder.java:731)

06-24 16:05:56.876   552   552 I ConfigStore: android::hardware::configstore::V1_0::ISurfaceFlingerConfigs::hasHDRDisplay retrieved: 0

06-24 16:05:56.876   911   911 W ServiceManager: Permission failure: android.permission.CAMERA from uid=10125 pid=5233

06-24 16:05:56.982  1564  1855 I LSPosed-Bridge: 5233 PermLabel 10125 AMS.checkPermission: Binder.getCallingPid() = 911; uid = 10125; Binder.getCallingUid() = 1047; getNameForUid: null; getPackagesForUid: null; permName: android.permission.CAMERA; type = 1; res = -1; stacktrace=java.lang.Exception

06-24 16:05:56.982  1564  1855 I LSPosed-Bridge: 	at com.example.permlabel.requirePerm$1$2.afterHookedMethod(requirePerm.java:133)

06-24 16:05:56.982  1564  1855 I LSPosed-Bridge: 	at de.robv.android.xposed.XposedBridge$AdditionalHookInfo.callback(Unknown Source:147)

06-24 16:05:56.982  1564  1855 I LSPosed-Bridge: 	at LSPHooker_.checkPermission(Unknown Source:25)

06-24 16:05:56.982  1564  1855 I LSPosed-Bridge: 	at com.android.server.am.ActivityManagerService$PermissionController.checkPermission(ActivityManagerService.java:9248)

06-24 16:05:56.982  1564  1855 I LSPosed-Bridge: 	at android.os.IPermissionController$Stub.onTransact(IPermissionController.java:56)

06-24 16:05:56.982  1564  1855 I LSPosed-Bridge: 	at android.os.Binder.execTransact(Binder.java:731)

06-24 16:05:56.982   911   911 W ServiceManager: Permission failure: android.permission.CAMERA from uid=10125 pid=5233

06-24 16:05:56.982   911   911 E CameraService: Permission Denial: can't use the camera pid=5233, uid=10125

06-24 16:05:57.087  1564  2285 I LSPosed-Bridge: 5233 PermLabel 10125 AMS.checkPermission: Binder.getCallingPid() = 911; uid = 10125; Binder.getCallingUid() = 1047; getNameForUid: null; getPackagesForUid: null; permName: android.permission.CAMERA; type = 1; res = -1; stacktrace=java.lang.Exception

06-24 16:05:57.087  1564  2285 I LSPosed-Bridge: 	at com.example.permlabel.requirePerm$1$2.afterHookedMethod(requirePerm.java:133)

06-24 16:05:57.087  1564  2285 I LSPosed-Bridge: 	at de.robv.android.xposed.XposedBridge$AdditionalHookInfo.callback(Unknown Source:147)

06-24 16:05:57.087  1564  2285 I LSPosed-Bridge: 	at LSPHooker_.checkPermission(Unknown Source:25)

06-24 16:05:57.087  1564  2285 I LSPosed-Bridge: 	at com.android.server.am.ActivityManagerService$PermissionController.checkPermission(ActivityManagerService.java:9248)

06-24 16:05:57.087  1564  2285 I LSPosed-Bridge: 	at android.os.IPermissionController$Stub.onTransact(IPermissionController.java:56)

06-24 16:05:57.087  1564  2285 I LSPosed-Bridge: 	at android.os.Binder.execTransact(Binder.java:731)

06-24 16:05:57.087   911   911 W ServiceManager: Permission failure: android.permission.CAMERA from uid=10125 pid=5233

06-24 16:05:57.087   911   911 E CameraService: Permission Denial: can't use the camera pid=5233, uid=10125

06-24 16:05:57.190  1564  2285 I LSPosed-Bridge: 5233 PermLabel 10125 AMS.checkPermission: Binder.getCallingPid() = 911; uid = 10125; Binder.getCallingUid() = 1047; getNameForUid: null; getPackagesForUid: null; permName: android.permission.CAMERA; type = 1; res = -1; stacktrace=java.lang.Exception

06-24 16:05:57.190  1564  2285 I LSPosed-Bridge: 	at com.example.permlabel.requirePerm$1$2.afterHookedMethod(requirePerm.java:133)

06-24 16:05:57.190  1564  2285 I LSPosed-Bridge: 	at de.robv.android.xposed.XposedBridge$AdditionalHookInfo.callback(Unknown Source:147)

06-24 16:05:57.190  1564  2285 I LSPosed-Bridge: 	at LSPHooker_.checkPermission(Unknown Source:25)

06-24 16:05:57.190  1564  2285 I LSPosed-Bridge: 	at com.android.server.am.ActivityManagerService$PermissionController.checkPermission(ActivityManagerService.java:9248)

06-24 16:05:57.190  1564  2285 I LSPosed-Bridge: 	at android.os.IPermissionController$Stub.onTransact(IPermissionController.java:56)

06-24 16:05:57.190  1564  2285 I LSPosed-Bridge: 	at android.os.Binder.execTransact(Binder.java:731)

06-24 16:05:57.190   911   911 W ServiceManager: Permission failure: android.permission.CAMERA from uid=10125 pid=5233

06-24 16:05:57.293  1564  2285 I LSPosed-Bridge: 5233 PermLabel 10125 AMS.checkPermission: Binder.getCallingPid() = 911; uid = 10125; Binder.getCallingUid() = 1047; getNameForUid: null; getPackagesForUid: null; permName: android.permission.CAMERA; type = 1; res = -1; stacktrace=java.lang.Exception

06-24 16:05:57.293  1564  2285 I LSPosed-Bridge: 	at com.example.permlabel.requirePerm$1$2.afterHookedMethod(requirePerm.java:133)

06-24 16:05:57.293  1564  2285 I LSPosed-Bridge: 	at de.robv.android.xposed.XposedBridge$AdditionalHookInfo.callback(Unknown Source:147)

06-24 16:05:57.293  1564  2285 I LSPosed-Bridge: 	at LSPHooker_.checkPermission(Unknown Source:25)

06-24 16:05:57.293  1564  2285 I LSPosed-Bridge: 	at com.android.server.am.ActivityManagerService$PermissionController.checkPermission(ActivityManagerService.java:9248)

06-24 16:05:57.293  1564  2285 I LSPosed-Bridge: 	at android.os.IPermissionController$Stub.onTransact(IPermissionController.java:56)

06-24 16:05:57.293  1564  2285 I LSPosed-Bridge: 	at android.os.Binder.execTransact(Binder.java:731)

06-24 16:05:57.293   911   911 W ServiceManager: Permission failure: android.permission.CAMERA from uid=10125 pid=5233

06-24 16:05:57.293   911   911 E CameraService: Permission Denial: can't use the camera pid=5233, uid=10125

06-24 16:05:57.395   552   552 I ConfigStore: android::hardware::configstore::V1_0::ISurfaceFlingerConfigs::hasHDRDisplay retrieved: 0

06-24 16:05:57.395  1564  1855 I LSPosed-Bridge: 5233 PermLabel 10125 AMS.checkPermission: Binder.getCallingPid() = 911; uid = 10125; Binder.getCallingUid() = 1047; getNameForUid: null; getPackagesForUid: null; permName: android.permission.CAMERA; type = 1; res = -1; stacktrace=java.lang.Exception

06-24 16:05:57.395  1564  1855 I LSPosed-Bridge: 	at com.example.permlabel.requirePerm$1$2.afterHookedMethod(requirePerm.java:133)

06-24 16:05:57.395  1564  1855 I LSPosed-Bridge: 	at de.robv.android.xposed.XposedBridge$AdditionalHookInfo.callback(Unknown Source:147)

06-24 16:05:57.395  1564  1855 I LSPosed-Bridge: 	at LSPHooker_.checkPermission(Unknown Source:25)

06-24 16:05:57.395  1564  1855 I LSPosed-Bridge: 	at com.android.server.am.ActivityManagerService$PermissionController.checkPermission(ActivityManagerService.java:9248)

06-24 16:05:57.395  1564  1855 I LSPosed-Bridge: 	at android.os.IPermissionController$Stub.onTransact(IPermissionController.java:56)

06-24 16:05:57.395  1564  1855 I LSPosed-Bridge: 	at android.os.Binder.execTransact(Binder.java:731)

06-24 16:05:57.500  1564  1855 I LSPosed-Bridge: 5233 PermLabel 10125 AMS.checkPermission: Binder.getCallingPid() = 911; uid = 10125; Binder.getCallingUid() = 1047; getNameForUid: null; getPackagesForUid: null; permName: android.permission.CAMERA; type = 1; res = -1; stacktrace=java.lang.Exception

06-24 16:05:57.500  1564  1855 I LSPosed-Bridge: 	at com.example.permlabel.requirePerm$1$2.afterHookedMethod(requirePerm.java:133)

06-24 16:05:57.500  1564  1855 I LSPosed-Bridge: 	at de.robv.android.xposed.XposedBridge$AdditionalHookInfo.callback(Unknown Source:147)

06-24 16:05:57.500  1564  1855 I LSPosed-Bridge: 	at LSPHooker_.checkPermission(Unknown Source:25)

06-24 16:05:57.500  1564  1855 I LSPosed-Bridge: 	at com.android.server.am.ActivityManagerService$PermissionController.checkPermission(ActivityManagerService.java:9248)

06-24 16:05:57.500  1564  1855 I LSPosed-Bridge: 	at android.os.IPermissionController$Stub.onTransact(IPermissionController.java:56)

06-24 16:05:57.500  1564  1855 I LSPosed-Bridge: 	at android.os.Binder.execTransact(Binder.java:731)

06-24 16:05:57.500   911   911 W ServiceManager: Permission failure: android.permission.CAMERA from uid=10125 pid=5233

06-24 16:05:57.500   911   911 E CameraService: Permission Denial: can't use the camera pid=5233, uid=10125

06-24 16:05:57.502  5233  5548 I LSPosed-Bridge: 5233 PermLabel 10125 android.permission.CAMERA open cameraId: 1; res= null; stacktrace=java.lang.Exception

06-24 16:05:57.502  5233  5548 I LSPosed-Bridge: 5233 PermLabel 10125 android.permission.CAMERA open cameraId: 1; res= null; stacktrace=java.lang.Exception

06-24 16:05:57.502  5233  5548 I LSPosed-Bridge: 	at com.example.permlabel.hookCamera$3.afterHookedMethod(hookCamera.java:49)

06-24 16:05:57.502  5233  5548 I LSPosed-Bridge: 	at com.example.permlabel.hookCamera$3.afterHookedMethod(hookCamera.java:49)

06-24 16:05:57.502  5233  5548 I LSPosed-Bridge: 	at de.robv.android.xposed.XposedBridge$AdditionalHookInfo.callback(Unknown Source:147)

06-24 16:05:57.502  5233  5548 I LSPosed-Bridge: 	at de.robv.android.xposed.XposedBridge$AdditionalHookInfo.callback(Unknown Source:147)

06-24 16:05:57.502  5233  5548 I LSPosed-Bridge: 	at LSPHooker_.open(Unknown Source:12)

06-24 16:05:57.502  5233  5548 I LSPosed-Bridge: 	at LSPHooker_.open(Unknown Source:12)

06-24 16:05:57.502  5233  5548 I LSPosed-Bridge: 	at org.chromium.media.VideoCaptureFactory.isZoomSupported(chromium-Monochrome.aab-stable-573513121:10)

06-24 16:05:57.502  5233  5548 I LSPosed-Bridge: 	at org.chromium.media.VideoCaptureFactory.isZoomSupported(chromium-Monochrome.aab-stable-573513121:10)

06-24 16:05:57.502  5233  5548 I chatty  : uid=10125(com.nb.filmhall) ThreadPoolSingl identical 1 line

06-24 16:05:57.502  5233  5548 I chatty  : uid=10125(com.nb.filmhall) ThreadPoolSingl identical 1 line

06-24 16:05:57.502  5233  5548 I LSPosed-Bridge: 5233 PermLabel 10125 android.permission.CAMERA open cameraId: 1; res= null; stacktrace=java.lang.Exception

06-24 16:05:57.502  5233  5548 I LSPosed-Bridge: 5233 PermLabel 10125 android.permission.CAMERA open cameraId: 1; res= null; stacktrace=java.lang.Exception

06-24 16:05:57.502  5233  5548 I LSPosed-Bridge: 	at com.example.permlabel.hookCamera$3.afterHookedMethod(hookCamera.java:49)

06-24 16:05:57.502  5233  5548 I LSPosed-Bridge: 	at com.example.permlabel.hookCamera$3.afterHookedMethod(hookCamera.java:49)

06-24 16:05:57.502  5233  5548 I LSPosed-Bridge: 	at de.robv.android.xposed.XposedBridge$AdditionalHookInfo.callback(Unknown Source:147)

06-24 16:05:57.502  5233  5548 I LSPosed-Bridge: 	at de.robv.android.xposed.XposedBridge$AdditionalHookInfo.callback(Unknown Source:147)

06-24 16:05:57.502  5233  5548 I LSPosed-Bridge: 	at LSPHooker_.open(Unknown Source:12)

06-24 16:05:57.502  5233  5548 I LSPosed-Bridge: 	at LSPHooker_.open(Unknown Source:12)

06-24 16:05:57.502  5233  5548 I LSPosed-Bridge: 	at org.chromium.media.VideoCaptureFactory.isZoomSupported(chromium-Monochrome.aab-stable-573513121:10)

06-24 16:05:57.502  5233  5548 I LSPosed-Bridge: 	at org.chromium.media.VideoCaptureFactory.isZoomSupported(chromium-Monochrome.aab-stable-573513121:10)

06-24 16:05:57.502  5233  5548 E cr_VideoCapture: Camera.open: 

06-24 16:05:57.502  5233  5548 E cr_VideoCapture: Camera.open: 

06-24 16:05:57.502  5233  5548 E cr_VideoCapture: java.lang.RuntimeException: Fail to connect to camera service

06-24 16:05:57.502  5233  5548 E cr_VideoCapture: java.lang.RuntimeException: Fail to connect to camera service

06-24 16:05:57.502  5233  5548 E cr_VideoCapture: 	at android.hardware.Camera.<init>(Camera.java:669)

06-24 16:05:57.502  5233  5548 E cr_VideoCapture: 	at android.hardware.Camera.<init>(Camera.java:669)

06-24 16:05:57.502  5233  5548 E cr_VideoCapture: 	at android.hardware.Camera.open(Camera.java:460)

06-24 16:05:57.502  5233  5548 E cr_VideoCapture: 	at android.hardware.Camera.open(Camera.java:460)

06-24 16:05:57.502  5233  5548 E cr_VideoCapture: 	at java.lang.reflect.Method.invoke(Native Method)

06-24 16:05:57.502  5233  5548 E cr_VideoCapture: 	at java.lang.reflect.Method.invoke(Native Method)

06-24 16:05:57.502  5233  5548 E cr_VideoCapture: 	at org.lsposed.lspd.nativebridge.HookBridge.invokeOriginalMethod(Native Method)

06-24 16:05:57.502  5233  5548 E cr_VideoCapture: 	at org.lsposed.lspd.nativebridge.HookBridge.invokeOriginalMethod(Native Method)

06-24 16:05:57.502  5233  5548 E cr_VideoCapture: 	at de.robv.android.xposed.XposedBridge$AdditionalHookInfo.callback(Unknown Source:110)

06-24 16:05:57.502  5233  5548 E cr_VideoCapture: 	at de.robv.android.xposed.XposedBridge$AdditionalHookInfo.callback(Unknown Source:110)

06-24 16:05:57.502  5233  5548 E cr_VideoCapture: 	at LSPHooker_.open(Unknown Source:12)

06-24 16:05:57.502  5233  5548 E cr_VideoCapture: 	at LSPHooker_.open(Unknown Source:12)

06-24 16:05:57.502  5233  5548 E cr_VideoCapture: 	at org.chromium.media.VideoCaptureFactory.isZoomSupported(chromium-Monochrome.aab-stable-573513121:10)

06-24 16:05:57.502  5233  5548 E cr_VideoCapture: 	at org.chromium.media.VideoCaptureFactory.isZoomSupported(chromium-Monochrome.aab-stable-573513121:10)

06-24 16:05:57.511  1564  1855 I LSPosed-Bridge: 5233 PermLabel 10125 AMS.checkPermission: Binder.getCallingPid() = 911; uid = 10125; Binder.getCallingUid() = 1047; getNameForUid: null; getPackagesForUid: null; permName: android.permission.CAMERA; type = 1; res = -1; stacktrace=java.lang.Exception

06-24 16:05:57.511  1564  1855 I LSPosed-Bridge: 	at com.example.permlabel.requirePerm$1$2.afterHookedMethod(requirePerm.java:133)

06-24 16:05:57.511  1564  1855 I LSPosed-Bridge: 	at de.robv.android.xposed.XposedBridge$AdditionalHookInfo.callback(Unknown Source:147)

06-24 16:05:57.511  1564  1855 I LSPosed-Bridge: 	at LSPHooker_.checkPermission(Unknown Source:25)

06-24 16:05:57.511  1564  1855 I LSPosed-Bridge: 	at com.android.server.am.ActivityManagerService$PermissionController.checkPermission(ActivityManagerService.java:9248)

06-24 16:05:57.511  1564  1855 I LSPosed-Bridge: 	at android.os.IPermissionController$Stub.onTransact(IPermissionController.java:56)

06-24 16:05:57.511  1564  1855 I LSPosed-Bridge: 	at android.os.Binder.execTransact(Binder.java:731)

06-24 16:05:57.511   911   911 W ServiceManager: Permission failure: android.permission.CAMERA from uid=10125 pid=5233

06-24 16:05:57.511   911   911 E CameraService: Permission Denial: can't use the camera pid=5233, uid=10125

06-24 16:05:57.511   552   552 I ConfigStore: android::hardware::configstore::V1_0::ISurfaceFlingerConfigs::hasHDRDisplay retrieved: 0

06-24 16:05:57.615  1564  2285 I LSPosed-Bridge: 5233 PermLabel 10125 AMS.checkPermission: Binder.getCallingPid() = 911; uid = 10125; Binder.getCallingUid() = 1047; getNameForUid: null; getPackagesForUid: null; permName: android.permission.CAMERA; type = 1; res = -1; stacktrace=java.lang.Exception

06-24 16:05:57.615  1564  2285 I LSPosed-Bridge: 	at com.example.permlabel.requirePerm$1$2.afterHookedMethod(requirePerm.java:133)

06-24 16:05:57.615  1564  2285 I LSPosed-Bridge: 	at de.robv.android.xposed.XposedBridge$AdditionalHookInfo.callback(Unknown Source:147)

06-24 16:05:57.615  1564  2285 I LSPosed-Bridge: 	at LSPHooker_.checkPermission(Unknown Source:25)

06-24 16:05:57.615  1564  2285 I LSPosed-Bridge: 	at com.android.server.am.ActivityManagerService$PermissionController.checkPermission(ActivityManagerService.java:9248)

06-24 16:05:57.615  1564  2285 I LSPosed-Bridge: 	at android.os.IPermissionController$Stub.onTransact(IPermissionController.java:56)

06-24 16:05:57.615  1564  2285 I LSPosed-Bridge: 	at android.os.Binder.execTransact(Binder.java:731)

06-24 16:05:57.718  1564  1855 I LSPosed-Bridge: 5233 PermLabel 10125 AMS.checkPermission: Binder.getCallingPid() = 911; uid = 10125; Binder.getCallingUid() = 1047; getNameForUid: null; getPackagesForUid: null; permName: android.permission.CAMERA; type = 1; res = -1; stacktrace=java.lang.Exception

06-24 16:05:57.718  1564  1855 I LSPosed-Bridge: 	at com.example.permlabel.requirePerm$1$2.afterHookedMethod(requirePerm.java:133)

06-24 16:05:57.718  1564  1855 I LSPosed-Bridge: 	at de.robv.android.xposed.XposedBridge$AdditionalHookInfo.callback(Unknown Source:147)

06-24 16:05:57.718  1564  1855 I LSPosed-Bridge: 	at LSPHooker_.checkPermission(Unknown Source:25)

06-24 16:05:57.718  1564  1855 I LSPosed-Bridge: 	at com.android.server.am.ActivityManagerService$PermissionController.checkPermission(ActivityManagerService.java:9248)

06-24 16:05:57.718  1564  1855 I LSPosed-Bridge: 	at android.os.IPermissionController$Stub.onTransact(IPermissionController.java:56)

06-24 16:05:57.718  1564  1855 I LSPosed-Bridge: 	at android.os.Binder.execTransact(Binder.java:731)

06-24 16:05:57.822  1564  1855 I LSPosed-Bridge: 5233 PermLabel 10125 AMS.checkPermission: Binder.getCallingPid() = 911; uid = 10125; Binder.getCallingUid() = 1047; getNameForUid: null; getPackagesForUid: null; permName: android.permission.CAMERA; type = 1; res = -1; stacktrace=java.lang.Exception

06-24 16:05:57.822  1564  1855 I LSPosed-Bridge: 	at com.example.permlabel.requirePerm$1$2.afterHookedMethod(requirePerm.java:133)

06-24 16:05:57.822  1564  1855 I LSPosed-Bridge: 	at de.robv.android.xposed.XposedBridge$AdditionalHookInfo.callback(Unknown Source:147)

06-24 16:05:57.822  1564  1855 I LSPosed-Bridge: 	at LSPHooker_.checkPermission(Unknown Source:25)

06-24 16:05:57.822  1564  1855 I LSPosed-Bridge: 	at com.android.server.am.ActivityManagerService$PermissionController.checkPermission(ActivityManagerService.java:9248)

06-24 16:05:57.822  1564  1855 I LSPosed-Bridge: 	at android.os.IPermissionController$Stub.onTransact(IPermissionController.java:56)

06-24 16:05:57.822  1564  1855 I LSPosed-Bridge: 	at android.os.Binder.execTransact(Binder.java:731)

06-24 16:05:57.822   911   911 W ServiceManager: Permission failure: android.permission.CAMERA from uid=10125 pid=5233

06-24 16:05:57.822   911   911 E CameraService: Permission Denial: can't use the camera pid=5233, uid=10125

06-24 16:05:57.925  1564  1855 I LSPosed-Bridge: 5233 PermLabel 10125 AMS.checkPermission: Binder.getCallingPid() = 911; uid = 10125; Binder.getCallingUid() = 1047; getNameForUid: null; getPackagesForUid: null; permName: android.permission.CAMERA; type = 1; res = -1; stacktrace=java.lang.Exception

06-24 16:05:57.925  1564  1855 I LSPosed-Bridge: 	at com.example.permlabel.requirePerm$1$2.afterHookedMethod(requirePerm.java:133)

06-24 16:05:57.925  1564  1855 I LSPosed-Bridge: 	at de.robv.android.xposed.XposedBridge$AdditionalHookInfo.callback(Unknown Source:147)

06-24 16:05:57.925  1564  1855 I LSPosed-Bridge: 	at LSPHooker_.checkPermission(Unknown Source:25)

06-24 16:05:57.925  1564  1855 I LSPosed-Bridge: 	at com.android.server.am.ActivityManagerService$PermissionController.checkPermission(ActivityManagerService.java:9248)

06-24 16:05:57.925  1564  1855 I LSPosed-Bridge: 	at android.os.IPermissionController$Stub.onTransact(IPermissionController.java:56)

06-24 16:05:57.925  1564  1855 I LSPosed-Bridge: 	at android.os.Binder.execTransact(Binder.java:731)

06-24 16:05:57.925   911   911 W ServiceManager: Permission failure: android.permission.CAMERA from uid=10125 pid=5233

06-24 16:05:58.029  1564  1855 I LSPosed-Bridge: 5233 PermLabel 10125 AMS.checkPermission: Binder.getCallingPid() = 911; uid = 10125; Binder.getCallingUid() = 1047; getNameForUid: null; getPackagesForUid: null; permName: android.permission.CAMERA; type = 1; res = -1; stacktrace=java.lang.Exception

06-24 16:05:58.029  1564  1855 I LSPosed-Bridge: 	at com.example.permlabel.requirePerm$1$2.afterHookedMethod(requirePerm.java:133)

06-24 16:05:58.029  1564  1855 I LSPosed-Bridge: 	at de.robv.android.xposed.XposedBridge$AdditionalHookInfo.callback(Unknown Source:147)

06-24 16:05:58.029  1564  1855 I LSPosed-Bridge: 	at LSPHooker_.checkPermission(Unknown Source:25)

06-24 16:05:58.029  1564  1855 I LSPosed-Bridge: 	at com.android.server.am.ActivityManagerService$PermissionController.checkPermission(ActivityManagerService.java:9248)

06-24 16:05:58.029  1564  1855 I LSPosed-Bridge: 	at android.os.IPermissionController$Stub.onTransact(IPermissionController.java:56)

06-24 16:05:58.029  1564  1855 I LSPosed-Bridge: 	at android.os.Binder.execTransact(Binder.java:731)

06-24 16:05:58.029   911   911 W ServiceManager: Permission failure: android.permission.CAMERA from uid=10125 pid=5233

06-24 16:05:58.029   911   911 E CameraService: Permission Denial: can't use the camera pid=5233, uid=10125

06-24 16:05:58.132   552   552 I ConfigStore: android::hardware::configstore::V1_0::ISurfaceFlingerConfigs::hasHDRDisplay retrieved: 0

06-24 16:05:58.132   552   552 I ConfigStore: android::hardware::configstore::V1_0::ISurfaceFlingerConfigs::hasHDRDisplay retrieved: 0

06-24 16:05:58.132  1564  1855 I LSPosed-Bridge: 5233 PermLabel 10125 AMS.checkPermission: Binder.getCallingPid() = 911; uid = 10125; Binder.getCallingUid() = 1047; getNameForUid: null; getPackagesForUid: null; permName: android.permission.CAMERA; type = 1; res = -1; stacktrace=java.lang.Exception

06-24 16:05:58.132  1564  1855 I LSPosed-Bridge: 	at com.example.permlabel.requirePerm$1$2.afterHookedMethod(requirePerm.java:133)

06-24 16:05:58.132  1564  1855 I LSPosed-Bridge: 	at de.robv.android.xposed.XposedBridge$AdditionalHookInfo.callback(Unknown Source:147)

06-24 16:05:58.132  1564  1855 I LSPosed-Bridge: 	at LSPHooker_.checkPermission(Unknown Source:25)

06-24 16:05:58.132  1564  1855 I LSPosed-Bridge: 	at com.android.server.am.ActivityManagerService$PermissionController.checkPermission(ActivityManagerService.java:9248)

06-24 16:05:58.132  1564  1855 I LSPosed-Bridge: 	at android.os.IPermissionController$Stub.onTransact(IPermissionController.java:56)

06-24 16:05:58.132  1564  1855 I LSPosed-Bridge: 	at android.os.Binder.execTransact(Binder.java:731)

06-24 16:05:58.236  1564  1855 I LSPosed-Bridge: 5233 PermLabel 10125 AMS.checkPermission: Binder.getCallingPid() = 911; uid = 10125; Binder.getCallingUid() = 1047; getNameForUid: null; getPackagesForUid: null; permName: android.permission.CAMERA; type = 1; res = -1; stacktrace=java.lang.Exception

06-24 16:05:58.236  1564  1855 I LSPosed-Bridge: 	at com.example.permlabel.requirePerm$1$2.afterHookedMethod(requirePerm.java:133)

06-24 16:05:58.236  1564  1855 I LSPosed-Bridge: 	at de.robv.android.xposed.XposedBridge$AdditionalHookInfo.callback(Unknown Source:147)

06-24 16:05:58.236  1564  1855 I LSPosed-Bridge: 	at LSPHooker_.checkPermission(Unknown Source:25)

06-24 16:05:58.236  1564  1855 I LSPosed-Bridge: 	at com.android.server.am.ActivityManagerService$PermissionController.checkPermission(ActivityManagerService.java:9248)

06-24 16:05:58.236  1564  1855 I LSPosed-Bridge: 	at android.os.IPermissionController$Stub.onTransact(IPermissionController.java:56)

06-24 16:05:58.236  1564  1855 I LSPosed-Bridge: 	at android.os.Binder.execTransact(Binder.java:731)

06-24 16:05:58.340  1564  1855 I LSPosed-Bridge: 5233 PermLabel 10125 AMS.checkPermission: Binder.getCallingPid() = 911; uid = 10125; Binder.getCallingUid() = 1047; getNameForUid: null; getPackagesForUid: null; permName: android.permission.CAMERA; type = 1; res = -1; stacktrace=java.lang.Exception

06-24 16:05:58.340  1564  1855 I LSPosed-Bridge: 	at com.example.permlabel.requirePerm$1$2.afterHookedMethod(requirePerm.java:133)

06-24 16:05:58.340  1564  1855 I LSPosed-Bridge: 	at de.robv.android.xposed.XposedBridge$AdditionalHookInfo.callback(Unknown Source:147)

06-24 16:05:58.340  1564  1855 I LSPosed-Bridge: 	at LSPHooker_.checkPermission(Unknown Source:25)

06-24 16:05:58.340  1564  1855 I LSPosed-Bridge: 	at com.android.server.am.ActivityManagerService$PermissionController.checkPermission(ActivityManagerService.java:9248)

06-24 16:05:58.340  1564  1855 I LSPosed-Bridge: 	at android.os.IPermissionController$Stub.onTransact(IPermissionController.java:56)

06-24 16:05:58.340  1564  1855 I LSPosed-Bridge: 	at android.os.Binder.execTransact(Binder.java:731)

06-24 16:05:58.340   911   911 W ServiceManager: Permission failure: android.permission.CAMERA from uid=10125 pid=5233

06-24 16:05:58.340   911   911 E CameraService: Permission Denial: can't use the camera pid=5233, uid=10125

06-24 16:05:58.342  5233  5548 I LSPosed-Bridge: 5233 PermLabel 10125 android.permission.CAMERA open cameraId: 1; res= null; stacktrace=java.lang.Exception

06-24 16:05:58.342  5233  5548 I LSPosed-Bridge: 5233 PermLabel 10125 android.permission.CAMERA open cameraId: 1; res= null; stacktrace=java.lang.Exception

06-24 16:05:58.342  5233  5548 I LSPosed-Bridge: 	at com.example.permlabel.hookCamera$3.afterHookedMethod(hookCamera.java:49)

06-24 16:05:58.342  5233  5548 I LSPosed-Bridge: 	at com.example.permlabel.hookCamera$3.afterHookedMethod(hookCamera.java:49)

06-24 16:05:58.342  5233  5548 I LSPosed-Bridge: 	at de.robv.android.xposed.XposedBridge$AdditionalHookInfo.callback(Unknown Source:147)

06-24 16:05:58.342  5233  5548 I LSPosed-Bridge: 	at de.robv.android.xposed.XposedBridge$AdditionalHookInfo.callback(Unknown Source:147)

06-24 16:05:58.342  5233  5548 I LSPosed-Bridge: 	at LSPHooker_.open(Unknown Source:12)

06-24 16:05:58.342  5233  5548 I LSPosed-Bridge: 	at LSPHooker_.open(Unknown Source:12)

06-24 16:05:58.342  5233  5548 I LSPosed-Bridge: 	at org.chromium.media.VideoCaptureFactory.getDeviceSupportedFormats(chromium-Monochrome.aab-stable-573513121:13)

06-24 16:05:58.342  5233  5548 I LSPosed-Bridge: 	at org.chromium.media.VideoCaptureFactory.getDeviceSupportedFormats(chromium-Monochrome.aab-stable-573513121:13)

06-24 16:05:58.342  5233  5548 I chatty  : uid=10125(com.nb.filmhall) ThreadPoolSingl identical 1 line

06-24 16:05:58.342  5233  5548 I chatty  : uid=10125(com.nb.filmhall) ThreadPoolSingl identical 1 line

06-24 16:05:58.342  5233  5548 I LSPosed-Bridge: 5233 PermLabel 10125 android.permission.CAMERA open cameraId: 1; res= null; stacktrace=java.lang.Exception

06-24 16:05:58.342  5233  5548 I LSPosed-Bridge: 5233 PermLabel 10125 android.permission.CAMERA open cameraId: 1; res= null; stacktrace=java.lang.Exception

06-24 16:05:58.342  5233  5548 I LSPosed-Bridge: 	at com.example.permlabel.hookCamera$3.afterHookedMethod(hookCamera.java:49)

06-24 16:05:58.342  5233  5548 I LSPosed-Bridge: 	at com.example.permlabel.hookCamera$3.afterHookedMethod(hookCamera.java:49)

06-24 16:05:58.342  5233  5548 I LSPosed-Bridge: 	at de.robv.android.xposed.XposedBridge$AdditionalHookInfo.callback(Unknown Source:147)

06-24 16:05:58.342  5233  5548 I LSPosed-Bridge: 	at de.robv.android.xposed.XposedBridge$AdditionalHookInfo.callback(Unknown Source:147)

06-24 16:05:58.342  5233  5548 I LSPosed-Bridge: 	at LSPHooker_.open(Unknown Source:12)

06-24 16:05:58.342  5233  5548 I LSPosed-Bridge: 	at LSPHooker_.open(Unknown Source:12)

06-24 16:05:58.342  5233  5548 I LSPosed-Bridge: 	at org.chromium.media.VideoCaptureFactory.getDeviceSupportedFormats(chromium-Monochrome.aab-stable-573513121:13)

06-24 16:05:58.342  5233  5548 I LSPosed-Bridge: 	at org.chromium.media.VideoCaptureFactory.getDeviceSupportedFormats(chromium-Monochrome.aab-stable-573513121:13)

06-24 16:05:58.342  5233  5548 E cr_VideoCapture: Camera.open: 

06-24 16:05:58.342  5233  5548 E cr_VideoCapture: Camera.open: 

06-24 16:05:58.342  5233  5548 E cr_VideoCapture: java.lang.RuntimeException: Fail to connect to camera service

06-24 16:05:58.342  5233  5548 E cr_VideoCapture: java.lang.RuntimeException: Fail to connect to camera service

06-24 16:05:58.342  5233  5548 E cr_VideoCapture: 	at android.hardware.Camera.<init>(Camera.java:669)

06-24 16:05:58.342  5233  5548 E cr_VideoCapture: 	at android.hardware.Camera.<init>(Camera.java:669)

06-24 16:05:58.342  5233  5548 E cr_VideoCapture: 	at android.hardware.Camera.open(Camera.java:460)

06-24 16:05:58.342  5233  5548 E cr_VideoCapture: 	at android.hardware.Camera.open(Camera.java:460)

06-24 16:05:58.342  5233  5548 E cr_VideoCapture: 	at java.lang.reflect.Method.invoke(Native Method)

06-24 16:05:58.342  5233  5548 E cr_VideoCapture: 	at java.lang.reflect.Method.invoke(Native Method)

06-24 16:05:58.342  5233  5548 E cr_VideoCapture: 	at org.lsposed.lspd.nativebridge.HookBridge.invokeOriginalMethod(Native Method)

06-24 16:05:58.342  5233  5548 E cr_VideoCapture: 	at org.lsposed.lspd.nativebridge.HookBridge.invokeOriginalMethod(Native Method)

06-24 16:05:58.342  5233  5548 E cr_VideoCapture: 	at de.robv.android.xposed.XposedBridge$AdditionalHookInfo.callback(Unknown Source:110)

06-24 16:05:58.342  5233  5548 E cr_VideoCapture: 	at de.robv.android.xposed.XposedBridge$AdditionalHookInfo.callback(Unknown Source:110)

06-24 16:05:58.342  5233  5548 E cr_VideoCapture: 	at LSPHooker_.open(Unknown Source:12)

06-24 16:05:58.342  5233  5548 E cr_VideoCapture: 	at LSPHooker_.open(Unknown Source:12)

06-24 16:05:58.342  5233  5548 E cr_VideoCapture: 	at org.chromium.media.VideoCaptureFactory.getDeviceSupportedFormats(chromium-Monochrome.aab-stable-573513121:13)

06-24 16:05:58.342  5233  5548 E cr_VideoCapture: 	at org.chromium.media.VideoCaptureFactory.getDeviceSupportedFormats(chromium-Monochrome.aab-stable-573513121:13)

06-24 16:05:58.496  5233  5548 I LSPosed-Bridge: 5233 PermLabel 10125 android.permission.CAMERA getCameraInfo args0: 0; args1: android.hardware.Camera$CameraInfo@494d2db; res= null; stacktrace=java.lang.Exception

06-24 16:05:58.496  5233  5548 I LSPosed-Bridge: 5233 PermLabel 10125 android.permission.CAMERA getCameraInfo args0: 0; args1: android.hardware.Camera$CameraInfo@494d2db; res= null; stacktrace=java.lang.Exception

06-24 16:05:58.496  5233  5548 I LSPosed-Bridge: 	at com.example.permlabel.hookCamera$1.afterHookedMethod(hookCamera.java:21)

06-24 16:05:58.496  5233  5548 I LSPosed-Bridge: 	at com.example.permlabel.hookCamera$1.afterHookedMethod(hookCamera.java:21)

06-24 16:05:58.496  5233  5548 I LSPosed-Bridge: 	at de.robv.android.xposed.XposedBridge$AdditionalHookInfo.callback(Unknown Source:147)

06-24 16:05:58.496  5233  5548 I LSPosed-Bridge: 	at de.robv.android.xposed.XposedBridge$AdditionalHookInfo.callback(Unknown Source:147)

06-24 16:05:58.496  5233  5548 I LSPosed-Bridge: 	at LSPHooker_.getCameraInfo(Unknown Source:15)

06-24 16:05:58.496  5233  5548 I LSPosed-Bridge: 	at LSPHooker_.getCameraInfo(Unknown Source:15)

06-24 16:05:58.496  5233  5548 I LSPosed-Bridge: 	at z74.e(chromium-Monochrome.aab-stable-573513121:6)

06-24 16:05:58.496  5233  5548 I LSPosed-Bridge: 	at z74.e(chromium-Monochrome.aab-stable-573513121:6)

06-24 16:05:58.496  5233  5548 I LSPosed-Bridge: 	at org.chromium.media.VideoCaptureFactory.getDeviceName(chromium-Monochrome.aab-stable-573513121:15)

06-24 16:05:58.496  5233  5548 I LSPosed-Bridge: 	at org.chromium.media.VideoCaptureFactory.getDeviceName(chromium-Monochrome.aab-stable-573513121:15)

06-24 16:05:58.496  5233  5548 I chatty  : uid=10125(com.nb.filmhall) ThreadPoolSingl identical 1 line

06-24 16:05:58.496  5233  5548 I chatty  : uid=10125(com.nb.filmhall) ThreadPoolSingl identical 1 line

06-24 16:05:58.496  5233  5548 I LSPosed-Bridge: 5233 PermLabel 10125 android.permission.CAMERA getCameraInfo args0: 0; args1: android.hardware.Camera$CameraInfo@494d2db; res= null; stacktrace=java.lang.Exception

06-24 16:05:58.496  5233  5548 I LSPosed-Bridge: 5233 PermLabel 10125 android.permission.CAMERA getCameraInfo args0: 0; args1: android.hardware.Camera$CameraInfo@494d2db; res= null; stacktrace=java.lang.Exception

06-24 16:05:58.496  5233  5548 I LSPosed-Bridge: 	at com.example.permlabel.hookCamera$1.afterHookedMethod(hookCamera.java:21)

06-24 16:05:58.496  5233  5548 I LSPosed-Bridge: 	at com.example.permlabel.hookCamera$1.afterHookedMethod(hookCamera.java:21)

06-24 16:05:58.496  5233  5548 I LSPosed-Bridge: 	at de.robv.android.xposed.XposedBridge$AdditionalHookInfo.callback(Unknown Source:147)

06-24 16:05:58.496  5233  5548 I LSPosed-Bridge: 	at de.robv.android.xposed.XposedBridge$AdditionalHookInfo.callback(Unknown Source:147)

06-24 16:05:58.496  5233  5548 I LSPosed-Bridge: 	at LSPHooker_.getCameraInfo(Unknown Source:15)

06-24 16:05:58.496  5233  5548 I LSPosed-Bridge: 	at LSPHooker_.getCameraInfo(Unknown Source:15)

06-24 16:05:58.496  5233  5548 I LSPosed-Bridge: 	at z74.e(chromium-Monochrome.aab-stable-573513121:6)

06-24 16:05:58.496  5233  5548 I LSPosed-Bridge: 	at z74.e(chromium-Monochrome.aab-stable-573513121:6)

06-24 16:05:58.496  5233  5548 I LSPosed-Bridge: 	at org.chromium.media.VideoCaptureFactory.getDeviceName(chromium-Monochrome.aab-stable-573513121:15)

06-24 16:05:58.496  5233  5548 I LSPosed-Bridge: 	at org.chromium.media.VideoCaptureFactory.getDeviceName(chromium-Monochrome.aab-stable-573513121:15)

06-24 16:05:58.509  5233  5548 I LSPosed-Bridge: 5233 PermLabel 10125 android.permission.CAMERA getCameraInfo args0: 0; args1: android.hardware.Camera$CameraInfo@403c1b7; res= null; stacktrace=java.lang.Exception

06-24 16:05:58.509  5233  5548 I LSPosed-Bridge: 5233 PermLabel 10125 android.permission.CAMERA getCameraInfo args0: 0; args1: android.hardware.Camera$CameraInfo@403c1b7; res= null; stacktrace=java.lang.Exception

06-24 16:05:58.509  5233  5548 I LSPosed-Bridge: 	at com.example.permlabel.hookCamera$1.afterHookedMethod(hookCamera.java:21)

06-24 16:05:58.509  5233  5548 I LSPosed-Bridge: 	at com.example.permlabel.hookCamera$1.afterHookedMethod(hookCamera.java:21)

06-24 16:05:58.509  5233  5548 I LSPosed-Bridge: 	at de.robv.android.xposed.XposedBridge$AdditionalHookInfo.callback(Unknown Source:147)

06-24 16:05:58.509  5233  5548 I LSPosed-Bridge: 	at de.robv.android.xposed.XposedBridge$AdditionalHookInfo.callback(Unknown Source:147)

06-24 16:05:58.509  5233  5548 I LSPosed-Bridge: 	at LSPHooker_.getCameraInfo(Unknown Source:15)

06-24 16:05:58.509  5233  5548 I LSPosed-Bridge: 	at LSPHooker_.getCameraInfo(Unknown Source:15)

06-24 16:05:58.509  5233  5548 I LSPosed-Bridge: 	at z74.e(chromium-Monochrome.aab-stable-573513121:6)

06-24 16:05:58.509  5233  5548 I LSPosed-Bridge: 	at z74.e(chromium-Monochrome.aab-stable-573513121:6)

06-24 16:05:58.509  5233  5548 I LSPosed-Bridge: 	at org.chromium.media.VideoCaptureFactory.getCaptureApiType(chromium-Monochrome.aab-stable-573513121:8)

06-24 16:05:58.509  5233  5548 I LSPosed-Bridge: 	at org.chromium.media.VideoCaptureFactory.getCaptureApiType(chromium-Monochrome.aab-stable-573513121:8)

06-24 16:05:58.509  5233  5548 I chatty  : uid=10125(com.nb.filmhall) ThreadPoolSingl identical 1 line

06-24 16:05:58.509  5233  5548 I chatty  : uid=10125(com.nb.filmhall) ThreadPoolSingl identical 1 line

06-24 16:05:58.509  5233  5548 I LSPosed-Bridge: 5233 PermLabel 10125 android.permission.CAMERA getCameraInfo args0: 0; args1: android.hardware.Camera$CameraInfo@403c1b7; res= null; stacktrace=java.lang.Exception

06-24 16:05:58.509  5233  5548 I LSPosed-Bridge: 5233 PermLabel 10125 android.permission.CAMERA getCameraInfo args0: 0; args1: android.hardware.Camera$CameraInfo@403c1b7; res= null; stacktrace=java.lang.Exception

06-24 16:05:58.509  5233  5548 I LSPosed-Bridge: 	at com.example.permlabel.hookCamera$1.afterHookedMethod(hookCamera.java:21)

06-24 16:05:58.509  5233  5548 I LSPosed-Bridge: 	at com.example.permlabel.hookCamera$1.afterHookedMethod(hookCamera.java:21)

06-24 16:05:58.509  5233  5548 I LSPosed-Bridge: 	at de.robv.android.xposed.XposedBridge$AdditionalHookInfo.callback(Unknown Source:147)

06-24 16:05:58.509  5233  5548 I LSPosed-Bridge: 	at de.robv.android.xposed.XposedBridge$AdditionalHookInfo.callback(Unknown Source:147)

06-24 16:05:58.509  5233  5548 I LSPosed-Bridge: 	at LSPHooker_.getCameraInfo(Unknown Source:15)

06-24 16:05:58.509  5233  5548 I LSPosed-Bridge: 	at LSPHooker_.getCameraInfo(Unknown Source:15)

06-24 16:05:58.509  5233  5548 I LSPosed-Bridge: 	at z74.e(chromium-Monochrome.aab-stable-573513121:6)

06-24 16:05:58.509  5233  5548 I LSPosed-Bridge: 	at z74.e(chromium-Monochrome.aab-stable-573513121:6)

06-24 16:05:58.509  5233  5548 I LSPosed-Bridge: 	at org.chromium.media.VideoCaptureFactory.getCaptureApiType(chromium-Monochrome.aab-stable-573513121:8)

06-24 16:05:58.509  5233  5548 I LSPosed-Bridge: 	at org.chromium.media.VideoCaptureFactory.getCaptureApiType(chromium-Monochrome.aab-stable-573513121:8)

06-24 16:05:58.516  5233  5548 I LSPosed-Bridge: 5233 PermLabel 10125 android.permission.CAMERA getCameraInfo args0: 0; args1: android.hardware.Camera$CameraInfo@408c253; res= null; stacktrace=java.lang.Exception

06-24 16:05:58.516  5233  5548 I LSPosed-Bridge: 	at com.example.permlabel.hookCamera$1.afterHookedMethod(hookCamera.java:21)

06-24 16:05:58.516  5233  5548 I LSPosed-Bridge: 	at de.robv.android.xposed.XposedBridge$AdditionalHookInfo.callback(Unknown Source:147)

06-24 16:05:58.516  5233  5548 I LSPosed-Bridge: 	at LSPHooker_.getCameraInfo(Unknown Source:15)

06-24 16:05:58.516  5233  5548 I LSPosed-Bridge: 	at z74.e(chromium-Monochrome.aab-stable-573513121:6)

06-24 16:05:58.516  5233  5548 I LSPosed-Bridge: 	at org.chromium.media.VideoCaptureFactory.getFacingMode(chromium-Monochrome.aab-stable-573513121:10)

06-24 16:05:58.517  5233  5548 I chatty  : uid=10125(com.nb.filmhall) ThreadPoolSingl identical 1 line

06-24 16:05:58.517  5233  5548 I LSPosed-Bridge: 5233 PermLabel 10125 android.permission.CAMERA getCameraInfo args0: 0; args1: android.hardware.Camera$CameraInfo@408c253; res= null; stacktrace=java.lang.Exception

06-24 16:05:58.517  5233  5548 I LSPosed-Bridge: 	at com.example.permlabel.hookCamera$1.afterHookedMethod(hookCamera.java:21)

06-24 16:05:58.517  5233  5548 I LSPosed-Bridge: 	at de.robv.android.xposed.XposedBridge$AdditionalHookInfo.callback(Unknown Source:147)

06-24 16:05:58.517  5233  5548 I LSPosed-Bridge: 	at LSPHooker_.getCameraInfo(Unknown Source:15)

06-24 16:05:58.517  5233  5548 I LSPosed-Bridge: 	at z74.e(chromium-Monochrome.aab-stable-573513121:6)

06-24 16:05:58.517  5233  5548 I LSPosed-Bridge: 	at org.chromium.media.VideoCaptureFactory.getFacingMode(chromium-Monochrome.aab-stable-573513121:10)

06-24 16:05:58.525  1564  2285 I LSPosed-Bridge: 5233 PermLabel 10125 AMS.checkPermission: Binder.getCallingPid() = 911; uid = 10125; Binder.getCallingUid() = 1047; getNameForUid: null; getPackagesForUid: null; permName: android.permission.CAMERA; type = 1; res = -1; stacktrace=java.lang.Exception

06-24 16:05:58.525  1564  2285 I LSPosed-Bridge: 	at com.example.permlabel.requirePerm$1$2.afterHookedMethod(requirePerm.java:133)

06-24 16:05:58.525  1564  2285 I LSPosed-Bridge: 	at de.robv.android.xposed.XposedBridge$AdditionalHookInfo.callback(Unknown Source:147)

06-24 16:05:58.525  1564  2285 I LSPosed-Bridge: 	at LSPHooker_.checkPermission(Unknown Source:25)

06-24 16:05:58.525  1564  2285 I LSPosed-Bridge: 	at com.android.server.am.ActivityManagerService$PermissionController.checkPermission(ActivityManagerService.java:9248)

06-24 16:05:58.525  1564  2285 I LSPosed-Bridge: 	at android.os.IPermissionController$Stub.onTransact(IPermissionController.java:56)

06-24 16:05:58.525  1564  2285 I LSPosed-Bridge: 	at android.os.Binder.execTransact(Binder.java:731)

06-24 16:05:58.525   911   911 W ServiceManager: Permission failure: android.permission.CAMERA from uid=10125 pid=5233

06-24 16:05:58.525   911   911 E CameraService: Permission Denial: can't use the camera pid=5233, uid=10125

06-24 16:05:58.628  1564  2285 I LSPosed-Bridge: 5233 PermLabel 10125 AMS.checkPermission: Binder.getCallingPid() = 911; uid = 10125; Binder.getCallingUid() = 1047; getNameForUid: null; getPackagesForUid: null; permName: android.permission.CAMERA; type = 1; res = -1; stacktrace=java.lang.Exception

