07-20 01:29:00.353  1568  4725 I LSPosed-Bridge: 	at com.example.permlabel.requirePerm$1$2.afterHookedMethod(requirePerm.java:136)

07-20 01:29:00.353  1568  4725 I LSPosed-Bridge: 	at de.robv.android.xposed.XposedBridge$AdditionalHookInfo.callback(Unknown Source:147)

07-20 01:29:00.353  1568  4725 I LSPosed-Bridge: 	at LSPHooker_.checkPermission(Unknown Source:25)

07-20 01:29:00.353  1568  4725 I LSPosed-Bridge: 	at com.android.server.am.ActivityManagerService.isGetTasksAllowed(ActivityManagerService.java:10902)

07-20 01:29:00.353  1568  4725 I LSPosed-Bridge: 	at com.android.server.am.ActivityManagerService.getRunningAppProcesses(ActivityManagerService.java:16139)

07-20 01:29:00.353  1568  4725 I LSPosed-Bridge: 	at android.app.IActivityManager$Stub.onTransact(IActivityManager.java:1088)

07-20 01:29:00.353  1568  4725 I LSPosed-Bridge: 	at com.android.server.am.ActivityManagerService.onTransact(ActivityManagerService.java:3346)

07-20 01:29:00.353  1568  4725 I LSPosed-Bridge: 	at android.os.Binder.execTransact(Binder.java:731)

07-20 01:29:03.742  1568  8250 I LSPosed-Bridge: 5791 PermLabel 10116 AMS.checkPermission: Binder.getCallingPid() = 5791; uid = 10116; Binder.getCallingUid() = 10116; getNameForUid: com.bqg.ddnoverl; getPackagesForUid: [com.bqg.ddnoverl]; permName: android.permission.GET_TASKS; type = 0; res = -1; stacktrace=java.lang.Exception

07-20 01:29:03.742  1568  8250 I LSPosed-Bridge: 	at com.example.permlabel.requirePerm$1$2.afterHookedMethod(requirePerm.java:136)

07-20 01:29:03.742  1568  8250 I LSPosed-Bridge: 	at de.robv.android.xposed.XposedBridge$AdditionalHookInfo.callback(Unknown Source:147)

07-20 01:29:03.742  1568  8250 I LSPosed-Bridge: 	at LSPHooker_.checkPermission(Unknown Source:25)

07-20 01:29:03.742  1568  8250 I LSPosed-Bridge: 	at com.android.server.am.ActivityManagerService.isGetTasksAllowed(ActivityManagerService.java:10902)

07-20 01:29:03.742  1568  8250 I LSPosed-Bridge: 	at com.android.server.am.ActivityManagerService.getRunningAppProcesses(ActivityManagerService.java:16139)

07-20 01:29:03.742  1568  8250 I LSPosed-Bridge: 	at android.app.IActivityManager$Stub.onTransact(IActivityManager.java:1088)

07-20 01:29:03.742  1568  8250 I LSPosed-Bridge: 	at com.android.server.am.ActivityManagerService.onTransact(ActivityManagerService.java:3346)

07-20 01:29:03.742  1568  8250 I LSPosed-Bridge: 	at android.os.Binder.execTransact(Binder.java:731)

07-20 01:29:07.419  1568  4725 I LSPosed-Bridge: 5791 PermLabel 10116 AMS.checkPermission: Binder.getCallingPid() = 5791; uid = 10116; Binder.getCallingUid() = 10116; getNameForUid: com.bqg.ddnoverl; getPackagesForUid: [com.bqg.ddnoverl]; permName: android.permission.GET_TASKS; type = 0; res = -1; stacktrace=java.lang.Exception

07-20 01:29:07.419  1568  4725 I LSPosed-Bridge: 	at com.example.permlabel.requirePerm$1$2.afterHookedMethod(requirePerm.java:136)

07-20 01:29:07.419  1568  4725 I LSPosed-Bridge: 	at de.robv.android.xposed.XposedBridge$AdditionalHookInfo.callback(Unknown Source:147)

07-20 01:29:07.419  1568  4725 I LSPosed-Bridge: 	at LSPHooker_.checkPermission(Unknown Source:25)

07-20 01:29:07.419  1568  4725 I LSPosed-Bridge: 	at com.android.server.am.ActivityManagerService.isGetTasksAllowed(ActivityManagerService.java:10902)

07-20 01:29:07.419  1568  4725 I LSPosed-Bridge: 	at com.android.server.am.ActivityManagerService.getRunningAppProcesses(ActivityManagerService.java:16139)

07-20 01:29:07.419  1568  4725 I LSPosed-Bridge: 	at android.app.IActivityManager$Stub.onTransact(IActivityManager.java:1088)

07-20 01:29:07.419  1568  4725 I LSPosed-Bridge: 	at com.android.server.am.ActivityManagerService.onTransact(ActivityManagerService.java:3346)

07-20 01:29:07.419  1568  4725 I LSPosed-Bridge: 	at android.os.Binder.execTransact(Binder.java:731)

07-20 01:29:14.549  1568  8250 I LSPosed-Bridge: 5791 PermLabel 10116 AMS.checkPermission: Binder.getCallingPid() = 5791; uid = 10116; Binder.getCallingUid() = 10116; getNameForUid: com.bqg.ddnoverl; getPackagesForUid: [com.bqg.ddnoverl]; permName: android.permission.GET_TASKS; type = 0; res = -1; stacktrace=java.lang.Exception

07-20 01:29:14.549  1568  8250 I LSPosed-Bridge: 	at com.example.permlabel.requirePerm$1$2.afterHookedMethod(requirePerm.java:136)

07-20 01:29:14.549  1568  8250 I LSPosed-Bridge: 	at de.robv.android.xposed.XposedBridge$AdditionalHookInfo.callback(Unknown Source:147)

07-20 01:29:14.549  1568  8250 I LSPosed-Bridge: 	at LSPHooker_.checkPermission(Unknown Source:25)

07-20 01:29:14.549  1568  8250 I LSPosed-Bridge: 	at com.android.server.am.ActivityManagerService.isGetTasksAllowed(ActivityManagerService.java:10902)

07-20 01:29:14.549  1568  8250 I LSPosed-Bridge: 	at com.android.server.am.ActivityManagerService.getRunningAppProcesses(ActivityManagerService.java:16139)

07-20 01:29:14.549  1568  8250 I LSPosed-Bridge: 	at android.app.IActivityManager$Stub.onTransact(IActivityManager.java:1088)

07-20 01:29:14.549  1568  8250 I LSPosed-Bridge: 	at com.android.server.am.ActivityManagerService.onTransact(ActivityManagerService.java:3346)

07-20 01:29:14.549  1568  8250 I LSPosed-Bridge: 	at android.os.Binder.execTransact(Binder.java:731)

07-20 01:29:14.549  1568  1580 I LSPosed-Bridge: 5791 PermLabel 10116 AMS.checkPermission: Binder.getCallingPid() = 5791; uid = 10116; Binder.getCallingUid() = 10116; getNameForUid: com.bqg.ddnoverl; getPackagesForUid: [com.bqg.ddnoverl]; permName: android.permission.ACCESS_NETWORK_STATE; type = 0; res = 0; stacktrace=java.lang.Exception

07-20 01:29:14.549  1568  1580 I LSPosed-Bridge: 	at com.example.permlabel.requirePerm$1$2.afterHookedMethod(requirePerm.java:136)

07-20 01:29:14.549  1568  1580 I LSPosed-Bridge: 	at de.robv.android.xposed.XposedBridge$AdditionalHookInfo.callback(Unknown Source:147)

07-20 01:29:14.549  1568  1580 I LSPosed-Bridge: 	at LSPHooker_.checkPermission(Unknown Source:25)

07-20 01:29:14.549  1568  1580 I LSPosed-Bridge: 	at android.app.ContextImpl.checkPermission(ContextImpl.java:1751)

07-20 01:29:14.549  1568  1580 I LSPosed-Bridge: 	at android.app.ContextImpl.checkCallingOrSelfPermission(ContextImpl.java:1791)

07-20 01:29:14.549  1568  1580 I LSPosed-Bridge: 	at android.app.ContextImpl.enforceCallingOrSelfPermission(ContextImpl.java:1841)

07-20 01:29:14.549  1568  1580 I LSPosed-Bridge: 	at com.android.server.ConnectivityService.enforceAccessPermission(ConnectivityService.java:1672)

07-20 01:29:14.549  1568  1580 I LSPosed-Bridge: 	at com.android.server.ConnectivityService.getActiveNetworkInfo(ConnectivityService.java:1178)

07-20 01:29:14.549  1568  1580 I LSPosed-Bridge: 	at android.net.IConnectivityManager$Stub.onTransact(IConnectivityManager.java:85)

07-20 01:29:14.549  1568  1580 I LSPosed-Bridge: 	at android.os.Binder.execTransact(Binder.java:731)

07-20 01:29:18.228  1568  1580 I LSPosed-Bridge: 5791 PermLabel 10116 AMS.checkPermission: Binder.getCallingPid() = 5791; uid = 10116; Binder.getCallingUid() = 10116; getNameForUid: com.bqg.ddnoverl; getPackagesForUid: [com.bqg.ddnoverl]; permName: android.permission.ACCESS_NETWORK_STATE; type = 0; res = 0; stacktrace=java.lang.Exception

07-20 01:29:18.228  1568  1580 I LSPosed-Bridge: 	at com.example.permlabel.requirePerm$1$2.afterHookedMethod(requirePerm.java:136)

07-20 01:29:18.228  1568  1580 I LSPosed-Bridge: 	at de.robv.android.xposed.XposedBridge$AdditionalHookInfo.callback(Unknown Source:147)

07-20 01:29:18.228  1568  1580 I LSPosed-Bridge: 	at LSPHooker_.checkPermission(Unknown Source:25)

07-20 01:29:18.228  1568  1580 I LSPosed-Bridge: 	at android.app.ContextImpl.checkPermission(ContextImpl.java:1751)

07-20 01:29:18.228  1568  1580 I LSPosed-Bridge: 	at android.app.ContextImpl.checkCallingOrSelfPermission(ContextImpl.java:1791)

07-20 01:29:18.228  1568  1580 I LSPosed-Bridge: 	at android.app.ContextImpl.enforceCallingOrSelfPermission(ContextImpl.java:1841)

07-20 01:29:18.228  1568  1580 I LSPosed-Bridge: 	at com.android.server.ConnectivityService.enforceAccessPermission(ConnectivityService.java:1672)

07-20 01:29:18.228  1568  1580 I LSPosed-Bridge: 	at com.android.server.ConnectivityService.getActiveNetworkInfo(ConnectivityService.java:1178)

07-20 01:29:18.228  1568  1580 I LSPosed-Bridge: 	at android.net.IConnectivityManager$Stub.onTransact(IConnectivityManager.java:85)

07-20 01:29:18.228  1568  1580 I LSPosed-Bridge: 	at android.os.Binder.execTransact(Binder.java:731)

07-20 01:29:18.228  1568  1855 I LSPosed-Bridge: 5791 PermLabel 10116 AMS.checkPermission: Binder.getCallingPid() = 5791; uid = 10116; Binder.getCallingUid() = 10116; getNameForUid: com.bqg.ddnoverl; getPackagesForUid: [com.bqg.ddnoverl]; permName: android.permission.GET_TASKS; type = 0; res = -1; stacktrace=java.lang.Exception

07-20 01:29:18.228  1568  1855 I LSPosed-Bridge: 	at com.example.permlabel.requirePerm$1$2.afterHookedMethod(requirePerm.java:136)

07-20 01:29:18.228  1568  1855 I LSPosed-Bridge: 	at de.robv.android.xposed.XposedBridge$AdditionalHookInfo.callback(Unknown Source:147)

07-20 01:29:18.228  1568  1855 I LSPosed-Bridge: 	at LSPHooker_.checkPermission(Unknown Source:25)

07-20 01:29:18.228  1568  1855 I LSPosed-Bridge: 	at com.android.server.am.ActivityManagerService.isGetTasksAllowed(ActivityManagerService.java:10902)

07-20 01:29:18.228  1568  1855 I LSPosed-Bridge: 	at com.android.server.am.ActivityManagerService.getRunningAppProcesses(ActivityManagerService.java:16139)

07-20 01:29:18.228  1568  1855 I LSPosed-Bridge: 	at android.app.IActivityManager$Stub.onTransact(IActivityManager.java:1088)

07-20 01:29:18.228  1568  1855 I LSPosed-Bridge: 	at com.android.server.am.ActivityManagerService.onTransact(ActivityManagerService.java:3346)

07-20 01:29:18.228  1568  1855 I LSPosed-Bridge: 	at android.os.Binder.execTransact(Binder.java:731)

07-20 01:29:22.768  1568  1855 I LSPosed-Bridge: 5791 PermLabel 10116 AMS.checkPermission: Binder.getCallingPid() = 5791; uid = 10116; Binder.getCallingUid() = 10116; getNameForUid: com.bqg.ddnoverl; getPackagesForUid: [com.bqg.ddnoverl]; permName: android.permission.GET_TASKS; type = 0; res = -1; stacktrace=java.lang.Exception

07-20 01:29:22.768  1568  1855 I LSPosed-Bridge: 	at com.example.permlabel.requirePerm$1$2.afterHookedMethod(requirePerm.java:136)

07-20 01:29:22.768  1568  1855 I LSPosed-Bridge: 	at de.robv.android.xposed.XposedBridge$AdditionalHookInfo.callback(Unknown Source:147)

07-20 01:29:22.768  1568  1855 I LSPosed-Bridge: 	at LSPHooker_.checkPermission(Unknown Source:25)

07-20 01:29:22.768  1568  1855 I LSPosed-Bridge: 	at com.android.server.am.ActivityManagerService.isGetTasksAllowed(ActivityManagerService.java:10902)

07-20 01:29:22.768  1568  1855 I LSPosed-Bridge: 	at com.android.server.am.ActivityManagerService.getRunningAppProcesses(ActivityManagerService.java:16139)

07-20 01:29:22.768  1568  1855 I LSPosed-Bridge: 	at android.app.IActivityManager$Stub.onTransact(IActivityManager.java:1088)

07-20 01:29:22.768  1568  1855 I LSPosed-Bridge: 	at com.android.server.am.ActivityManagerService.onTransact(ActivityManagerService.java:3346)

07-20 01:29:22.768  1568  1855 I LSPosed-Bridge: 	at android.os.Binder.execTransact(Binder.java:731)

07-20 01:29:32.428  1568  1580 I LSPosed-Bridge: 5791 PermLabel 10116 AMS.checkPermission: Binder.getCallingPid() = 5791; uid = 10116; Binder.getCallingUid() = 10116; getNameForUid: com.bqg.ddnoverl; getPackagesForUid: [com.bqg.ddnoverl]; permName: android.permission.GET_TASKS; type = 0; res = -1; stacktrace=java.lang.Exception

07-20 01:29:32.428  1568  1580 I LSPosed-Bridge: 	at com.example.permlabel.requirePerm$1$2.afterHookedMethod(requirePerm.java:136)

07-20 01:29:32.428  1568  1580 I LSPosed-Bridge: 	at de.robv.android.xposed.XposedBridge$AdditionalHookInfo.callback(Unknown Source:147)

07-20 01:29:32.428  1568  1580 I LSPosed-Bridge: 	at LSPHooker_.checkPermission(Unknown Source:25)

07-20 01:29:32.428  1568  1580 I LSPosed-Bridge: 	at com.android.server.am.ActivityManagerService.isGetTasksAllowed(ActivityManagerService.java:10902)

07-20 01:29:32.428  1568  1580 I LSPosed-Bridge: 	at com.android.server.am.ActivityManagerService.getRunningAppProcesses(ActivityManagerService.java:16139)

07-20 01:29:32.428  1568  1580 I LSPosed-Bridge: 	at android.app.IActivityManager$Stub.onTransact(IActivityManager.java:1088)

07-20 01:29:32.428  1568  1580 I LSPosed-Bridge: 	at com.android.server.am.ActivityManagerService.onTransact(ActivityManagerService.java:3346)

07-20 01:29:32.428  1568  1580 I LSPosed-Bridge: 	at android.os.Binder.execTransact(Binder.java:731)

07-20 01:29:39.694  1568  1580 I LSPosed-Bridge: 5791 PermLabel 10116 AMS.checkPermission: Binder.getCallingPid() = 5791; uid = 10116; Binder.getCallingUid() = 10116; getNameForUid: com.bqg.ddnoverl; getPackagesForUid: [com.bqg.ddnoverl]; permName: android.permission.GET_TASKS; type = 0; res = -1; stacktrace=java.lang.Exception

07-20 01:29:39.694  1568  1580 I LSPosed-Bridge: 	at com.example.permlabel.requirePerm$1$2.afterHookedMethod(requirePerm.java:136)

07-20 01:29:39.694  1568  1580 I LSPosed-Bridge: 	at de.robv.android.xposed.XposedBridge$AdditionalHookInfo.callback(Unknown Source:147)

07-20 01:29:39.694  1568  1580 I LSPosed-Bridge: 	at LSPHooker_.checkPermission(Unknown Source:25)

07-20 01:29:39.694  1568  1580 I LSPosed-Bridge: 	at com.android.server.am.ActivityManagerService.isGetTasksAllowed(ActivityManagerService.java:10902)

07-20 01:29:39.694  1568  1580 I LSPosed-Bridge: 	at com.android.server.am.ActivityManagerService.getRunningAppProcesses(ActivityManagerService.java:16139)

07-20 01:29:39.694  1568  1580 I LSPosed-Bridge: 	at android.app.IActivityManager$Stub.onTransact(IActivityManager.java:1088)

07-20 01:29:39.694  1568  1580 I LSPosed-Bridge: 	at com.android.server.am.ActivityManagerService.onTransact(ActivityManagerService.java:3346)

07-20 01:29:39.694  1568  1580 I LSPosed-Bridge: 	at android.os.Binder.execTransact(Binder.java:731)

07-20 01:29:47.006  1568  8250 I LSPosed-Bridge: 5791 PermLabel 10116 AMS.checkPermission: Binder.getCallingPid() = 5791; uid = 10116; Binder.getCallingUid() = 10116; getNameForUid: com.bqg.ddnoverl; getPackagesForUid: [com.bqg.ddnoverl]; permName: android.permission.GET_TASKS; type = 0; res = -1; stacktrace=java.lang.Exception

07-20 01:29:47.006  1568  8250 I LSPosed-Bridge: 	at com.example.permlabel.requirePerm$1$2.afterHookedMethod(requirePerm.java:136)

07-20 01:29:47.006  1568  8250 I LSPosed-Bridge: 	at de.robv.android.xposed.XposedBridge$AdditionalHookInfo.callback(Unknown Source:147)

07-20 01:29:47.006  1568  8250 I LSPosed-Bridge: 	at LSPHooker_.checkPermission(Unknown Source:25)

07-20 01:29:47.006  1568  8250 I LSPosed-Bridge: 	at com.android.server.am.ActivityManagerService.isGetTasksAllowed(ActivityManagerService.java:10902)

07-20 01:29:47.006  1568  8250 I LSPosed-Bridge: 	at com.android.server.am.ActivityManagerService.getRunningAppProcesses(ActivityManagerService.java:16139)

07-20 01:29:47.006  1568  8250 I LSPosed-Bridge: 	at android.app.IActivityManager$Stub.onTransact(IActivityManager.java:1088)

07-20 01:29:47.006  1568  8250 I LSPosed-Bridge: 	at com.android.server.am.ActivityManagerService.onTransact(ActivityManagerService.java:3346)

07-20 01:29:47.006  1568  8250 I LSPosed-Bridge: 	at android.os.Binder.execTransact(Binder.java:731)

07-20 01:29:54.366  1568  8250 I LSPosed-Bridge: 5791 PermLabel 10116 AMS.checkPermission: Binder.getCallingPid() = 5791; uid = 10116; Binder.getCallingUid() = 10116; getNameForUid: com.bqg.ddnoverl; getPackagesForUid: [com.bqg.ddnoverl]; permName: android.permission.GET_TASKS; type = 0; res = -1; stacktrace=java.lang.Exception

07-20 01:29:54.366  1568  8250 I LSPosed-Bridge: 	at com.example.permlabel.requirePerm$1$2.afterHookedMethod(requirePerm.java:136)

07-20 01:29:54.366  1568  8250 I LSPosed-Bridge: 	at de.robv.android.xposed.XposedBridge$AdditionalHookInfo.callback(Unknown Source:147)

07-20 01:29:54.366  1568  8250 I LSPosed-Bridge: 	at LSPHooker_.checkPermission(Unknown Source:25)

07-20 01:29:54.366  1568  8250 I LSPosed-Bridge: 	at com.android.server.am.ActivityManagerService.isGetTasksAllowed(ActivityManagerService.java:10902)

07-20 01:29:54.366  1568  8250 I LSPosed-Bridge: 	at com.android.server.am.ActivityManagerService.getRunningAppProcesses(ActivityManagerService.java:16139)

07-20 01:29:54.366  1568  8250 I LSPosed-Bridge: 	at android.app.IActivityManager$Stub.onTransact(IActivityManager.java:1088)

07-20 01:29:54.366  1568  8250 I LSPosed-Bridge: 	at com.android.server.am.ActivityManagerService.onTransact(ActivityManagerService.java:3346)

07-20 01:29:54.366  1568  8250 I LSPosed-Bridge: 	at android.os.Binder.execTransact(Binder.java:731)

07-20 01:30:29.788  1568  1856 I LSPosed-Bridge: 5791 PermLabel 10116 AMS.checkPermission: Binder.getCallingPid() = 5791; uid = 10116; Binder.getCallingUid() = 10116; getNameForUid: com.bqg.ddnoverl; getPackagesForUid: [com.bqg.ddnoverl]; permName: android.permission.GET_TASKS; type = 0; res = -1; stacktrace=java.lang.Exception

07-20 01:30:29.788  1568  1856 I LSPosed-Bridge: 	at com.example.permlabel.requirePerm$1$2.afterHookedMethod(requirePerm.java:136)

07-20 01:30:29.788  1568  1856 I LSPosed-Bridge: 	at de.robv.android.xposed.XposedBridge$AdditionalHookInfo.callback(Unknown Source:147)

07-20 01:30:29.788  1568  1856 I LSPosed-Bridge: 	at LSPHooker_.checkPermission(Unknown Source:25)

07-20 01:30:29.788  1568  1856 I LSPosed-Bridge: 	at com.android.server.am.ActivityManagerService.isGetTasksAllowed(ActivityManagerService.java:10902)

07-20 01:30:29.788  1568  1856 I LSPosed-Bridge: 	at com.android.server.am.ActivityManagerService.getRunningAppProcesses(ActivityManagerService.java:16139)

07-20 01:30:29.788  1568  1856 I LSPosed-Bridge: 	at android.app.IActivityManager$Stub.onTransact(IActivityManager.java:1088)

07-20 01:30:29.788  1568  1856 I LSPosed-Bridge: 	at com.android.server.am.ActivityManagerService.onTransact(ActivityManagerService.java:3346)

07-20 01:30:29.788  1568  1856 I LSPosed-Bridge: 	at android.os.Binder.execTransact(Binder.java:731)

07-20 01:30:29.788  5791  5791 I LSPosed-Bridge: 5791 PermLabel hookBinder_test 10116 interfaceBinder =android.app.IActivityManager; arg0 = 81; arg1 = android.os.Parcel@9985708; arg2 = android.os.Parcel@bcfef2c; arg3 = 0; res = true; stacktrace=java.lang.Exception

07-20 01:30:29.788  5791  5791 I LSPosed-Bridge: 	at com.example.permlabel.hookBinder_test$1.afterHookedMethod(hookBinder_test.java:67)

07-20 01:30:29.788  5791  5791 I LSPosed-Bridge: 	at de.robv.android.xposed.XposedBridge$AdditionalHookInfo.callback(Unknown Source:147)

07-20 01:30:29.788  5791  5791 I LSPosed-Bridge: 	at LSPHooker_.transact(Unknown Source:28)

07-20 01:30:29.788  5791  5791 I LSPosed-Bridge: 	at android.app.IActivityManager$Stub$Proxy.getRunningAppProcesses(IActivityManager.java:5366)

07-20 01:30:29.788  5791  5791 I LSPosed-Bridge: 	at android.app.ActivityManager.getRunningAppProcesses(ActivityManager.java:3435)

07-20 01:30:29.788  5791  5791 I LSPosed-Bridge: 	at java.lang.reflect.Method.invoke(Native Method)

07-20 01:30:29.788  5791  5791 I LSPosed-Bridge: 	at org.lsposed.lspd.nativebridge.HookBridge.invokeOriginalMethod(Native Method)

07-20 01:30:29.788  5791  5791 I LSPosed-Bridge: 	at de.robv.android.xposed.XposedBridge$AdditionalHookInfo.callback(Unknown Source:110)

07-20 01:30:29.788  5791  5791 I LSPosed-Bridge: 	at LSPHooker_.getRunningAppProcesses(Unknown Source:8)

07-20 01:30:29.788  5791  5791 I LSPosed-Bridge: 	at com.biquge.book.activitys.baseInfo.BaseActivity.isAppOnForeground(BaseActivity.java:189)

07-20 01:30:29.788  5791  5791 I LSPosed-Bridge: 	at com.biquge.book.activitys.baseInfo.BaseActivity.onStop(BaseActivity.java:247)

07-20 01:30:29.788  5791  5791 I LSPosed-Bridge: 	at android.app.Instrumentation.callActivityOnStop(Instrumentation.java:1433)

07-20 01:30:29.788  5791  5791 I LSPosed-Bridge: 	at android.app.Activity.performStop(Activity.java:7367)

07-20 01:30:29.788  5791  5791 I LSPosed-Bridge: 	at android.app.ActivityThread.callActivityOnStop(ActivityThread.java:4144)

07-20 01:30:29.788  5791  5791 I LSPosed-Bridge: 	at android.app.ActivityThread.performStopActivityInner(ActivityThread.java:4122)

07-20 01:30:29.788  5791  5791 I LSPosed-Bridge: 	at android.app.ActivityThread.handleStopActivity(ActivityThread.java:4197)

07-20 01:30:29.788  5791  5791 I LSPosed-Bridge: 	at android.app.servertransaction.StopActivityItem.execute(StopActivityItem.java:41)

07-20 01:30:29.788  5791  5791 I LSPosed-Bridge: 	at android.app.servertransaction.TransactionExecutor.executeLifecycleState(TransactionExecutor.java:145)

07-20 01:30:29.788  5791  5791 I LSPosed-Bridge: 	at android.app.servertransaction.TransactionExecutor.execute(TransactionExecutor.java:70)

07-20 01:30:29.788  5791  5791 I LSPosed-Bridge: 	at android.app.ActivityThread$H.handleMessage(ActivityThread.java:1809)

07-20 01:30:29.788  5791  5791 I LSPosed-Bridge: 	at android.os.Handler.dispatchMessage(Handler.java:106)

07-20 01:30:29.788  5791  5791 I LSPosed-Bridge: 	at android.os.Looper.loop(Looper.java:193)

07-20 01:30:29.788  5791  5791 I LSPosed-Bridge: 	at android.app.ActivityThread.main(ActivityThread.java:6692)

07-20 01:30:29.788  5791  5791 I LSPosed-Bridge: 	at java.lang.reflect.Method.invoke(Native Method)

07-20 01:30:29.788  5791  5791 I LSPosed-Bridge: 	at com.android.internal.os.RuntimeInit$MethodAndArgsCaller.run(RuntimeInit.java:493)

07-20 01:30:29.788  5791  5791 I LSPosed-Bridge: 	at com.android.internal.os.ZygoteInit.main(ZygoteInit.java:858)

07-20 01:30:29.788  5791  5791 I LSPosed-Bridge: 5791 PermLabel getRunningAppProcesses =android.app.ActivityManager$RunningAppProcessInfo@b839ea6

07-20 01:30:29.788  5791  5791 I LSPosed-Bridge: 5791 PermLabel getRunningAppProcesses processName: com.bqg.ddnoverl pid: 5791

07-20 01:30:29.788  5791  5791 I LSPosed-Bridge: 5791 PermLabel getRunningAppProcesses importance: 100 pid: 5791

07-20 01:30:29.788  5791  5791 I LSPosed-Bridge: 5791 PermLabel getRunningAppProcesses packageName com.bqg.ddnoverl at index 0 in process 5791

07-20 01:30:29.788  5791  5791 I LSPosed-Bridge: 5791 PermLabel getRunningAppProcesses =android.app.ActivityManager$RunningAppProcessInfo@bc550e7

07-20 01:30:29.788  5791  5791 I LSPosed-Bridge: 5791 PermLabel getRunningAppProcesses processName: com.bqg.ddnoverl:player pid: 8453

07-20 01:30:29.788  5791  5791 I LSPosed-Bridge: 5791 PermLabel getRunningAppProcesses importance: 125 pid: 8453

07-20 01:30:29.788  5791  5791 I LSPosed-Bridge: 5791 PermLabel getRunningAppProcesses packageName com.bqg.ddnoverl at index 0 in process 8453

07-20 01:30:33.130  1568  8250 I LSPosed-Bridge: 5791 PermLabel 10116 AMS.checkPermission: Binder.getCallingPid() = 5791; uid = 10116; Binder.getCallingUid() = 10116; getNameForUid: com.bqg.ddnoverl; getPackagesForUid: [com.bqg.ddnoverl]; permName: android.permission.GET_TASKS; type = 0; res = -1; stacktrace=java.lang.Exception

07-20 01:30:33.130  1568  8250 I LSPosed-Bridge: 	at com.example.permlabel.requirePerm$1$2.afterHookedMethod(requirePerm.java:136)

07-20 01:30:33.130  1568  8250 I LSPosed-Bridge: 	at de.robv.android.xposed.XposedBridge$AdditionalHookInfo.callback(Unknown Source:147)

07-20 01:30:33.130  1568  8250 I LSPosed-Bridge: 	at LSPHooker_.checkPermission(Unknown Source:25)

07-20 01:30:33.130  1568  8250 I LSPosed-Bridge: 	at com.android.server.am.ActivityManagerService.isGetTasksAllowed(ActivityManagerService.java:10902)

07-20 01:30:33.130  1568  8250 I LSPosed-Bridge: 	at com.android.server.am.ActivityManagerService.getRunningAppProcesses(ActivityManagerService.java:16139)

07-20 01:30:33.130  1568  8250 I LSPosed-Bridge: 	at android.app.IActivityManager$Stub.onTransact(IActivityManager.java:1088)

07-20 01:30:33.130  1568  8250 I LSPosed-Bridge: 	at com.android.server.am.ActivityManagerService.onTransact(ActivityManagerService.java:3346)

07-20 01:30:33.130  1568  8250 I LSPosed-Bridge: 	at android.os.Binder.execTransact(Binder.java:731)

07-20 01:30:40.396  1568 11929 I LSPosed-Bridge: 5791 PermLabel 10116 AMS.checkPermission: Binder.getCallingPid() = 5791; uid = 10116; Binder.getCallingUid() = 10116; getNameForUid: com.bqg.ddnoverl; getPackagesForUid: [com.bqg.ddnoverl]; permName: android.permission.GET_TASKS; type = 0; res = -1; stacktrace=java.lang.Exception

07-20 01:30:40.396  1568 11929 I LSPosed-Bridge: 	at com.example.permlabel.requirePerm$1$2.afterHookedMethod(requirePerm.java:136)

07-20 01:30:40.396  1568 11929 I LSPosed-Bridge: 	at de.robv.android.xposed.XposedBridge$AdditionalHookInfo.callback(Unknown Source:147)

07-20 01:30:40.396  1568 11929 I LSPosed-Bridge: 	at LSPHooker_.checkPermission(Unknown Source:25)

07-20 01:30:40.396  1568 11929 I LSPosed-Bridge: 	at com.android.server.am.ActivityManagerService.isGetTasksAllowed(ActivityManagerService.java:10902)

07-20 01:30:40.396  1568 11929 I LSPosed-Bridge: 	at com.android.server.am.ActivityManagerService.getRunningAppProcesses(ActivityManagerService.java:16139)

07-20 01:30:40.396  1568 11929 I LSPosed-Bridge: 	at android.app.IActivityManager$Stub.onTransact(IActivityManager.java:1088)

07-20 01:30:40.396  1568 11929 I LSPosed-Bridge: 	at com.android.server.am.ActivityManagerService.onTransact(ActivityManagerService.java:3346)

07-20 01:30:40.396  1568 11929 I LSPosed-Bridge: 	at android.os.Binder.execTransact(Binder.java:731)

07-20 01:30:40.396  5791  8511 I LSPosed-Bridge: 5791 PermLabel hookBinder_test 10116 interfaceBinder =android.net.IConnectivityManager; arg0 = 3; arg1 = android.os.Parcel@6140884; arg2 = android.os.Parcel@bcfef2c; arg3 = 0; res = true; stacktrace=java.lang.Exception

07-20 01:30:40.396  5791  8511 I LSPosed-Bridge: 	at com.example.permlabel.hookBinder_test$1.afterHookedMethod(hookBinder_test.java:67)

07-20 01:30:40.396  5791  8511 I LSPosed-Bridge: 	at de.robv.android.xposed.XposedBridge$AdditionalHookInfo.callback(Unknown Source:147)

07-20 01:30:40.396  5791  8511 I LSPosed-Bridge: 	at LSPHooker_.transact(Unknown Source:28)

07-20 01:30:40.396  5791  8511 I LSPosed-Bridge: 	at android.net.IConnectivityManager$Stub$Proxy.getActiveNetworkInfo(IConnectivityManager.java:1206)

07-20 01:30:40.396  5791  8511 I LSPosed-Bridge: 	at android.net.ConnectivityManager.getActiveNetworkInfo(ConnectivityManager.java:890)

07-20 01:30:40.396  5791  8511 I LSPosed-Bridge: 	at com.baidu.ubc.BehaviorModel.isNetWorkEnabled(Unknown Source:17)

07-20 01:30:40.396  5791  8511 I LSPosed-Bridge: 	at com.baidu.ubc.BehaviorModel.sendArrivalData(Unknown Source:2)

07-20 01:30:40.396  5791  8511 I LSPosed-Bridge: 	at com.baidu.ubc.BehaviorProcessor$8.run(:2)

07-20 01:30:40.396  5791  8511 I LSPosed-Bridge: 	at java.util.concurrent.Executors$RunnableAdapter.call(Executors.java:458)

07-20 01:30:40.396  5791  8511 I LSPosed-Bridge: 	at java.util.concurrent.FutureTask.run(FutureTask.java:266)

07-20 01:30:40.396  5791  8511 I LSPosed-Bridge: 	at java.util.concurrent.ScheduledThreadPoolExecutor$ScheduledFutureTask.run(ScheduledThreadPoolExecutor.java:301)

07-20 01:30:40.396  5791  8511 I LSPosed-Bridge: 	at java.util.concurrent.ThreadPoolExecutor.runWorker(ThreadPoolExecutor.java:1167)

07-20 01:30:40.396  5791  8511 I LSPosed-Bridge: 	at java.util.concurrent.ThreadPoolExecutor$Worker.run(ThreadPoolExecutor.java:641)

07-20 01:30:40.396  5791  8511 I LSPosed-Bridge: 	at java.lang.Thread.run(Thread.java:764)

07-20 01:30:40.396  5791  5791 I LSPosed-Bridge: 5791 PermLabel hookBinder_test 10116 interfaceBinder =android.app.IActivityManager; arg0 = 81; arg1 = android.os.Parcel@9985708; arg2 = android.os.Parcel@5942e97; arg3 = 0; res = true; stacktrace=java.lang.Exception

07-20 01:30:40.396  5791  5791 I LSPosed-Bridge: 	at com.example.permlabel.hookBinder_test$1.afterHookedMethod(hookBinder_test.java:67)

07-20 01:30:40.396  5791  5791 I LSPosed-Bridge: 	at de.robv.android.xposed.XposedBridge$AdditionalHookInfo.callback(Unknown Source:147)

07-20 01:30:40.396  5791  5791 I LSPosed-Bridge: 	at LSPHooker_.transact(Unknown Source:28)

07-20 01:30:40.396  5791  5791 I LSPosed-Bridge: 	at android.app.IActivityManager$Stub$Proxy.getRunningAppProcesses(IActivityManager.java:5366)

07-20 01:30:40.396  5791  5791 I LSPosed-Bridge: 	at android.app.ActivityManager.getRunningAppProcesses(ActivityManager.java:3435)

07-20 01:30:40.396  5791  5791 I LSPosed-Bridge: 	at java.lang.reflect.Method.invoke(Native Method)

07-20 01:30:40.396  5791  5791 I LSPosed-Bridge: 	at org.lsposed.lspd.nativebridge.HookBridge.invokeOriginalMethod(Native Method)

07-20 01:30:40.396  5791  5791 I LSPosed-Bridge: 	at de.robv.android.xposed.XposedBridge$AdditionalHookInfo.callback(Unknown Source:110)

07-20 01:30:40.396  5791  5791 I LSPosed-Bridge: 	at LSPHooker_.getRunningAppProcesses(Unknown Source:8)

07-20 01:30:40.396  5791  5791 I LSPosed-Bridge: 	at com.biquge.book.activitys.baseInfo.BaseActivity.isAppOnForeground(BaseActivity.java:189)

07-20 01:30:40.396  5791  5791 I LSPosed-Bridge: 	at com.biquge.book.activitys.baseInfo.BaseActivity.onStop(BaseActivity.java:247)

07-20 01:30:40.396  5791  5791 I LSPosed-Bridge: 	at android.app.Instrumentation.callActivityOnStop(Instrumentation.java:1433)

07-20 01:30:40.396  5791  5791 I LSPosed-Bridge: 	at android.app.Activity.performStop(Activity.java:7367)

07-20 01:30:40.396  5791  5791 I LSPosed-Bridge: 	at android.app.ActivityThread.callActivityOnStop(ActivityThread.java:4144)

07-20 01:30:40.396  5791  5791 I LSPosed-Bridge: 	at android.app.ActivityThread.performStopActivityInner(ActivityThread.java:4122)

07-20 01:30:40.396  5791  5791 I LSPosed-Bridge: 	at android.app.ActivityThread.handleStopActivity(ActivityThread.java:4197)

07-20 01:30:40.396  5791  5791 I LSPosed-Bridge: 	at android.app.servertransaction.TransactionExecutor.performLifecycleSequence(TransactionExecutor.java:192)

07-20 01:30:40.396  5791  5791 I LSPosed-Bridge: 	at android.app.servertransaction.TransactionExecutor.cycleToPath(TransactionExecutor.java:165)

07-20 01:30:40.396  5791  5791 I LSPosed-Bridge: 	at android.app.servertransaction.TransactionExecutor.executeLifecycleState(TransactionExecutor.java:142)

07-20 01:30:40.396  5791  5791 I LSPosed-Bridge: 	at android.app.servertransaction.TransactionExecutor.execute(TransactionExecutor.java:70)

07-20 01:30:40.396  5791  5791 I LSPosed-Bridge: 	at android.app.ActivityThread$H.handleMessage(ActivityThread.java:1809)

07-20 01:30:40.396  5791  5791 I LSPosed-Bridge: 	at android.os.Handler.dispatchMessage(Handler.java:106)

07-20 01:30:40.396  5791  5791 I LSPosed-Bridge: 	at android.os.Looper.loop(Looper.java:193)

07-20 01:30:40.396  5791  5791 I LSPosed-Bridge: 	at android.app.ActivityThread.main(ActivityThread.java:6692)

07-20 01:30:40.396  5791  5791 I LSPosed-Bridge: 	at java.lang.reflect.Method.invoke(Native Method)

07-20 01:30:40.396  5791  5791 I LSPosed-Bridge: 	at com.android.internal.os.RuntimeInit$MethodAndArgsCaller.run(RuntimeInit.java:493)

07-20 01:30:40.396  5791  5791 I LSPosed-Bridge: 	at com.android.internal.os.ZygoteInit.main(ZygoteInit.java:858)

07-20 01:30:40.396  5791  5791 I LSPosed-Bridge: 5791 PermLabel getRunningAppProcesses =android.app.ActivityManager$RunningAppProcessInfo@24509f5

07-20 01:30:40.396  5791  5791 I LSPosed-Bridge: 5791 PermLabel getRunningAppProcesses processName: com.bqg.ddnoverl pid: 5791

07-20 01:30:40.396  5791  5791 I LSPosed-Bridge: 5791 PermLabel getRunningAppProcesses importance: 100 pid: 5791

07-20 01:30:40.396  5791  5791 I LSPosed-Bridge: 5791 PermLabel getRunningAppProcesses packageName com.bqg.ddnoverl at index 0 in process 5791

07-20 01:30:40.396  5791  5791 I LSPosed-Bridge: 5791 PermLabel getRunningAppProcesses =android.app.ActivityManager$RunningAppProcessInfo@8ec138a

07-20 01:30:40.396  5791  5791 I LSPosed-Bridge: 5791 PermLabel getRunningAppProcesses processName: com.bqg.ddnoverl:player pid: 8453

07-20 01:30:40.396  5791  5791 I LSPosed-Bridge: 5791 PermLabel getRunningAppProcesses importance: 125 pid: 8453

07-20 01:30:40.396  5791  5791 I LSPosed-Bridge: 5791 PermLabel getRunningAppProcesses packageName com.bqg.ddnoverl at index 0 in process 8453

07-20 01:30:44.024  1568  1856 I LSPosed-Bridge: 5791 PermLabel 10116 AMS.checkPermission: Binder.getCallingPid() = 5791; uid = 10116; Binder.getCallingUid() = 10116; getNameForUid: com.bqg.ddnoverl; getPackagesForUid: [com.bqg.ddnoverl]; permName: android.permission.ACCESS_NETWORK_STATE; type = 0; res = 0; stacktrace=java.lang.Exception

07-20 01:30:44.024  1568  1856 I LSPosed-Bridge: 	at com.example.permlabel.requirePerm$1$2.afterHookedMethod(requirePerm.java:136)

07-20 01:30:44.024  1568  1856 I LSPosed-Bridge: 	at de.robv.android.xposed.XposedBridge$AdditionalHookInfo.callback(Unknown Source:147)

07-20 01:30:44.024  1568  1856 I LSPosed-Bridge: 	at LSPHooker_.checkPermission(Unknown Source:25)

07-20 01:30:44.024  1568  1856 I LSPosed-Bridge: 	at android.app.ContextImpl.checkPermission(ContextImpl.java:1751)

07-20 01:30:44.024  1568  1856 I LSPosed-Bridge: 	at android.app.ContextImpl.checkCallingOrSelfPermission(ContextImpl.java:1791)

07-20 01:30:44.024  1568  1856 I LSPosed-Bridge: 	at android.app.ContextImpl.enforceCallingOrSelfPermission(ContextImpl.java:1841)

07-20 01:30:44.024  1568  1856 I LSPosed-Bridge: 	at com.android.server.ConnectivityService.enforceAccessPermission(ConnectivityService.java:1672)

07-20 01:30:44.024  1568  1856 I LSPosed-Bridge: 	at com.android.server.ConnectivityService.getActiveNetworkInfo(ConnectivityService.java:1178)

07-20 01:30:44.024  1568  1856 I LSPosed-Bridge: 	at android.net.IConnectivityManager$Stub.onTransact(IConnectivityManager.java:85)

07-20 01:30:44.024  1568  1856 I LSPosed-Bridge: 	at android.os.Binder.execTransact(Binder.java:731)

07-20 01:30:44.024  1568 11929 I LSPosed-Bridge: 5791 PermLabel 10116 AMS.checkPermission: Binder.getCallingPid() = 5791; uid = 10116; Binder.getCallingUid() = 10116; getNameForUid: com.bqg.ddnoverl; getPackagesForUid: [com.bqg.ddnoverl]; permName: android.permission.GET_TASKS; type = 0; res = -1; stacktrace=java.lang.Exception

07-20 01:30:44.024  1568 11929 I LSPosed-Bridge: 	at com.example.permlabel.requirePerm$1$2.afterHookedMethod(requirePerm.java:136)

07-20 01:30:44.024  1568 11929 I LSPosed-Bridge: 	at de.robv.android.xposed.XposedBridge$AdditionalHookInfo.callback(Unknown Source:147)

07-20 01:30:44.024  1568 11929 I LSPosed-Bridge: 	at LSPHooker_.checkPermission(Unknown Source:25)

07-20 01:30:44.024  1568 11929 I LSPosed-Bridge: 	at com.android.server.am.ActivityManagerService.isGetTasksAllowed(ActivityManagerService.java:10902)

07-20 01:30:44.024  1568 11929 I LSPosed-Bridge: 	at com.android.server.am.ActivityManagerService.getRunningAppProcesses(ActivityManagerService.java:16139)

07-20 01:30:44.024  1568 11929 I LSPosed-Bridge: 	at android.app.IActivityManager$Stub.onTransact(IActivityManager.java:1088)

07-20 01:30:44.024  1568 11929 I LSPosed-Bridge: 	at com.android.server.am.ActivityManagerService.onTransact(ActivityManagerService.java:3346)

07-20 01:30:44.024  1568 11929 I LSPosed-Bridge: 	at android.os.Binder.execTransact(Binder.java:731)

07-20 01:30:44.024  5791  8511 I LSPosed-Bridge: 5791 PermLabel hookBinder_test 10116 interfaceBinder =android.net.IConnectivityManager; arg0 = 3; arg1 = android.os.Parcel@bcfef2c; arg2 = android.os.Parcel@6140884; arg3 = 0; res = true; stacktrace=java.lang.Exception

07-20 01:30:44.024  5791  8511 I LSPosed-Bridge: 	at com.example.permlabel.hookBinder_test$1.afterHookedMethod(hookBinder_test.java:67)

07-20 01:30:44.024  5791  8511 I LSPosed-Bridge: 	at de.robv.android.xposed.XposedBridge$AdditionalHookInfo.callback(Unknown Source:147)

07-20 01:30:44.024  5791  8511 I LSPosed-Bridge: 	at LSPHooker_.transact(Unknown Source:28)

07-20 01:30:44.024  5791  8511 I LSPosed-Bridge: 	at android.net.IConnectivityManager$Stub$Proxy.getActiveNetworkInfo(IConnectivityManager.java:1206)

07-20 01:30:44.024  5791  8511 I LSPosed-Bridge: 	at android.net.ConnectivityManager.getActiveNetworkInfo(ConnectivityManager.java:890)

07-20 01:30:44.024  5791  8511 I LSPosed-Bridge: 	at com.baidu.ubc.BehaviorModel.isNetWorkEnabled(Unknown Source:17)

07-20 01:30:44.024  5791  8511 I LSPosed-Bridge: 	at com.baidu.ubc.BehaviorModel.sendArrivalData(Unknown Source:2)

07-20 01:30:44.024  5791  8511 I LSPosed-Bridge: 	at com.baidu.ubc.BehaviorProcessor$8.run(:2)

07-20 01:30:44.024  5791  8511 I LSPosed-Bridge: 	at java.util.concurrent.Executors$RunnableAdapter.call(Executors.java:458)

07-20 01:30:44.024  5791  8511 I LSPosed-Bridge: 	at java.util.concurrent.FutureTask.run(FutureTask.java:266)

07-20 01:30:44.024  5791  8511 I LSPosed-Bridge: 	at java.util.concurrent.ScheduledThreadPoolExecutor$ScheduledFutureTask.run(ScheduledThreadPoolExecutor.java:301)

07-20 01:30:44.024  5791  8511 I LSPosed-Bridge: 	at java.util.concurrent.ThreadPoolExecutor.runWorker(ThreadPoolExecutor.java:1167)

07-20 01:30:44.024  5791  8511 I LSPosed-Bridge: 	at java.util.concurrent.ThreadPoolExecutor$Worker.run(ThreadPoolExecutor.java:641)

07-20 01:30:44.024  5791  8511 I LSPosed-Bridge: 	at java.lang.Thread.run(Thread.java:764)

07-20 01:30:47.638  1568  8250 I LSPosed-Bridge: 5791 PermLabel 10116 AMS.checkPermission: Binder.getCallingPid() = 5791; uid = 10116; Binder.getCallingUid() = 10116; getNameForUid: com.bqg.ddnoverl; getPackagesForUid: [com.bqg.ddnoverl]; permName: android.permission.GET_TASKS; type = 0; res = -1; stacktrace=java.lang.Exception

07-20 01:30:47.638  1568  8250 I LSPosed-Bridge: 	at com.example.permlabel.requirePerm$1$2.afterHookedMethod(requirePerm.java:136)

07-20 01:30:47.638  1568  8250 I LSPosed-Bridge: 	at de.robv.android.xposed.XposedBridge$AdditionalHookInfo.callback(Unknown Source:147)

07-20 01:30:47.638  1568  8250 I LSPosed-Bridge: 	at LSPHooker_.checkPermission(Unknown Source:25)

07-20 01:30:47.638  1568  8250 I LSPosed-Bridge: 	at com.android.server.am.ActivityManagerService.isGetTasksAllowed(ActivityManagerService.java:10902)

07-20 01:30:47.638  1568  8250 I LSPosed-Bridge: 	at com.android.server.am.ActivityManagerService.getRunningAppProcesses(ActivityManagerService.java:16139)

07-20 01:30:47.638  1568  8250 I LSPosed-Bridge: 	at android.app.IActivityManager$Stub.onTransact(IActivityManager.java:1088)

07-20 01:30:47.638  1568  8250 I LSPosed-Bridge: 	at com.android.server.am.ActivityManagerService.onTransact(ActivityManagerService.java:3346)

07-20 01:30:47.638  1568  8250 I LSPosed-Bridge: 	at android.os.Binder.execTransact(Binder.java:731)

07-20 01:30:47.638  1568 11929 I LSPosed-Bridge: 5791 PermLabel 10116 AMS.checkPermission: Binder.getCallingPid() = 5791; uid = 10116; Binder.getCallingUid() = 10116; getNameForUid: com.bqg.ddnoverl; getPackagesForUid: [com.bqg.ddnoverl]; permName: android.permission.ACCESS_NETWORK_STATE; type = 0; res = 0; stacktrace=java.lang.Exception

07-20 01:30:47.638  1568 11929 I LSPosed-Bridge: 	at com.example.permlabel.requirePerm$1$2.afterHookedMethod(requirePerm.java:136)

07-20 01:30:47.638  1568 11929 I LSPosed-Bridge: 	at de.robv.android.xposed.XposedBridge$AdditionalHookInfo.callback(Unknown Source:147)

07-20 01:30:47.638  1568 11929 I LSPosed-Bridge: 	at LSPHooker_.checkPermission(Unknown Source:25)

07-20 01:30:47.638  1568 11929 I LSPosed-Bridge: 	at android.app.ContextImpl.checkPermission(ContextImpl.java:1751)

07-20 01:30:47.638  1568 11929 I LSPosed-Bridge: 	at android.app.ContextImpl.checkCallingOrSelfPermission(ContextImpl.java:1791)

07-20 01:30:47.638  1568 11929 I LSPosed-Bridge: 	at android.app.ContextImpl.enforceCallingOrSelfPermission(ContextImpl.java:1841)

07-20 01:30:47.638  1568 11929 I LSPosed-Bridge: 	at com.android.server.ConnectivityService.enforceAccessPermission(ConnectivityService.java:1672)

07-20 01:30:47.638  1568 11929 I LSPosed-Bridge: 	at com.android.server.ConnectivityService.getActiveNetworkInfo(ConnectivityService.java:1178)

07-20 01:30:47.638  1568 11929 I LSPosed-Bridge: 	at android.net.IConnectivityManager$Stub.onTransact(IConnectivityManager.java:85)

07-20 01:30:47.638  1568 11929 I LSPosed-Bridge: 	at android.os.Binder.execTransact(Binder.java:731)

07-20 01:30:51.244  1568  1856 I LSPosed-Bridge: 5791 PermLabel 10116 AMS.checkPermission: Binder.getCallingPid() = 5791; uid = 10116; Binder.getCallingUid() = 10116; getNameForUid: com.bqg.ddnoverl; getPackagesForUid: [com.bqg.ddnoverl]; permName: android.permission.GET_TASKS; type = 0; res = -1; stacktrace=java.lang.Exception

07-20 01:30:51.244  1568  1856 I LSPosed-Bridge: 	at com.example.permlabel.requirePerm$1$2.afterHookedMethod(requirePerm.java:136)

07-20 01:30:51.244  1568  1856 I LSPosed-Bridge: 	at de.robv.android.xposed.XposedBridge$AdditionalHookInfo.callback(Unknown Source:147)

07-20 01:30:51.244  1568  1856 I LSPosed-Bridge: 	at LSPHooker_.checkPermission(Unknown Source:25)

07-20 01:30:51.244  1568  1856 I LSPosed-Bridge: 	at com.android.server.am.ActivityManagerService.isGetTasksAllowed(ActivityManagerService.java:10902)

07-20 01:30:51.244  1568  1856 I LSPosed-Bridge: 	at com.android.server.am.ActivityManagerService.getRunningAppProcesses(ActivityManagerService.java:16139)

07-20 01:30:51.244  1568  1856 I LSPosed-Bridge: 	at android.app.IActivityManager$Stub.onTransact(IActivityManager.java:1088)

07-20 01:30:51.244  1568  1856 I LSPosed-Bridge: 	at com.android.server.am.ActivityManagerService.onTransact(ActivityManagerService.java:3346)

07-20 01:30:51.244  1568  1856 I LSPosed-Bridge: 	at android.os.Binder.execTransact(Binder.java:731)

07-20 01:30:51.244  5791  8511 I LSPosed-Bridge: 5791 PermLabel hookBinder_test 10116 interfaceBinder =android.net.IConnectivityManager; arg0 = 3; arg1 = android.os.Parcel@8adf144; arg2 = android.os.Parcel@1a17750; arg3 = 0; res = true; stacktrace=java.lang.Exception

07-20 01:30:51.244  5791  8511 I LSPosed-Bridge: 	at com.example.permlabel.hookBinder_test$1.afterHookedMethod(hookBinder_test.java:67)

07-20 01:30:51.244  5791  8511 I LSPosed-Bridge: 	at de.robv.android.xposed.XposedBridge$AdditionalHookInfo.callback(Unknown Source:147)

07-20 01:30:51.244  5791  8511 I LSPosed-Bridge: 	at LSPHooker_.transact(Unknown Source:28)

07-20 01:30:51.244  5791  8511 I LSPosed-Bridge: 	at android.net.IConnectivityManager$Stub$Proxy.getActiveNetworkInfo(IConnectivityManager.java:1206)

07-20 01:30:51.244  5791  8511 I LSPosed-Bridge: 	at android.net.ConnectivityManager.getActiveNetworkInfo(ConnectivityManager.java:890)

07-20 01:30:51.244  5791  8511 I LSPosed-Bridge: 	at com.baidu.ubc.BehaviorModel.isNetWorkEnabled(Unknown Source:17)

07-20 01:30:51.244  5791  8511 I LSPosed-Bridge: 	at com.baidu.ubc.BehaviorModel.sendArrivalData(Unknown Source:2)

07-20 01:30:51.244  5791  8511 I LSPosed-Bridge: 	at com.baidu.ubc.BehaviorProcessor$8.run(:2)

07-20 01:30:51.244  5791  8511 I LSPosed-Bridge: 	at java.util.concurrent.Executors$RunnableAdapter.call(Executors.java:458)

07-20 01:30:51.244  5791  8511 I LSPosed-Bridge: 	at java.util.concurrent.FutureTask.run(FutureTask.java:266)

07-20 01:30:51.244  5791  8511 I LSPosed-Bridge: 	at java.util.concurrent.ScheduledThreadPoolExecutor$ScheduledFutureTask.run(ScheduledThreadPoolExecutor.java:301)

07-20 01:30:51.244  5791  8511 I LSPosed-Bridge: 	at java.util.concurrent.ThreadPoolExecutor.runWorker(ThreadPoolExecutor.java:1167)

07-20 01:30:51.244  5791  8511 I LSPosed-Bridge: 	at java.util.concurrent.ThreadPoolExecutor$Worker.run(ThreadPoolExecutor.java:641)

07-20 01:30:51.244  5791  8511 I LSPosed-Bridge: 	at java.lang.Thread.run(Thread.java:764)

07-20 01:30:51.244  5791  5791 I LSPosed-Bridge: 5791 PermLabel hookBinder_test 10116 interfaceBinder =android.app.IActivityManager; arg0 = 81; arg1 = android.os.Parcel@cbc0d9c; arg2 = android.os.Parcel@adf83a5; arg3 = 0; res = true; stacktrace=java.lang.Exception

07-20 01:30:51.244  5791  5791 I LSPosed-Bridge: 	at com.example.permlabel.hookBinder_test$1.afterHookedMethod(hookBinder_test.java:67)

07-20 01:30:51.244  5791  5791 I LSPosed-Bridge: 	at de.robv.android.xposed.XposedBridge$AdditionalHookInfo.callback(Unknown Source:147)

07-20 01:30:51.244  5791  5791 I LSPosed-Bridge: 	at LSPHooker_.transact(Unknown Source:28)

07-20 01:30:51.244  5791  5791 I LSPosed-Bridge: 	at android.app.IActivityManager$Stub$Proxy.getRunningAppProcesses(IActivityManager.java:5366)

07-20 01:30:51.244  5791  5791 I LSPosed-Bridge: 	at android.app.ActivityManager.getRunningAppProcesses(ActivityManager.java:3435)

07-20 01:30:51.244  5791  5791 I LSPosed-Bridge: 	at java.lang.reflect.Method.invoke(Native Method)

07-20 01:30:51.244  5791  5791 I LSPosed-Bridge: 	at org.lsposed.lspd.nativebridge.HookBridge.invokeOriginalMethod(Native Method)

07-20 01:30:51.244  5791  5791 I LSPosed-Bridge: 	at de.robv.android.xposed.XposedBridge$AdditionalHookInfo.callback(Unknown Source:110)

07-20 01:30:51.244  5791  5791 I LSPosed-Bridge: 	at LSPHooker_.getRunningAppProcesses(Unknown Source:8)

07-20 01:30:51.244  5791  5791 I LSPosed-Bridge: 	at com.biquge.book.activitys.baseInfo.BaseActivity.isAppOnForeground(BaseActivity.java:189)

07-20 01:30:51.244  5791  5791 I LSPosed-Bridge: 	at com.biquge.book.activitys.baseInfo.BaseActivity.onStop(BaseActivity.java:247)

07-20 01:30:51.244  5791  5791 I LSPosed-Bridge: 	at android.app.Instrumentation.callActivityOnStop(Instrumentation.java:1433)

07-20 01:30:51.244  5791  5791 I LSPosed-Bridge: 	at android.app.Activity.performStop(Activity.java:7367)

07-20 01:30:51.244  5791  5791 I LSPosed-Bridge: 	at android.app.ActivityThread.callActivityOnStop(ActivityThread.java:4144)

07-20 01:30:51.244  5791  5791 I LSPosed-Bridge: 	at android.app.ActivityThread.performStopActivityInner(ActivityThread.java:4122)

07-20 01:30:51.244  5791  5791 I LSPosed-Bridge: 	at android.app.ActivityThread.performStopActivity(ActivityThread.java:4041)

07-20 01:30:51.244  5791  5791 I LSPosed-Bridge: 	at android.app.LocalActivityManager.moveToState(LocalActivityManager.java:203)

07-20 01:30:51.244  5791  5791 I LSPosed-Bridge: 	at android.app.LocalActivityManager.dispatchStop(LocalActivityManager.java:597)

07-20 01:30:51.244  5791  5791 I LSPosed-Bridge: 	at android.app.ActivityGroup.onStop(ActivityGroup.java:82)

07-20 01:30:51.244  5791  5791 I LSPosed-Bridge: 	at android.app.Instrumentation.callActivityOnStop(Instrumentation.java:1433)

07-20 01:30:51.244  5791  5791 I LSPosed-Bridge: 	at android.app.Activity.performStop(Activity.java:7367)

07-20 01:30:51.244  5791  5791 I LSPosed-Bridge: 	at android.app.ActivityThread.callActivityOnStop(ActivityThread.java:4144)

07-20 01:30:51.244  5791  5791 I LSPosed-Bridge: 	at android.app.ActivityThread.performStopActivityInner(ActivityThread.java:4122)

07-20 01:30:51.244  5791  5791 I LSPosed-Bridge: 	at android.app.ActivityThread.handleStopActivity(ActivityThread.java:4197)

07-20 01:30:51.244  5791  5791 I LSPosed-Bridge: 	at android.app.servertransaction.StopActivityItem.execute(StopActivityItem.java:41)

07-20 01:30:51.244  5791  5791 I LSPosed-Bridge: 	at android.app.servertransaction.TransactionExecutor.executeLifecycleState(TransactionExecutor.java:145)

07-20 01:30:51.244  5791  5791 I LSPosed-Bridge: 	at android.app.servertransaction.TransactionExecutor.execute(TransactionExecutor.java:70)

07-20 01:30:51.244  5791  5791 I LSPosed-Bridge: 	at android.app.ActivityThread$H.handleMessage(ActivityThread.java:1809)

07-20 01:30:51.244  5791  5791 I LSPosed-Bridge: 	at android.os.Handler.dispatchMessage(Handler.java:106)

07-20 01:30:51.244  5791  5791 I LSPosed-Bridge: 	at android.os.Looper.loop(Looper.java:193)

07-20 01:30:51.244  5791  5791 I LSPosed-Bridge: 	at android.app.ActivityThread.main(ActivityThread.java:6692)

07-20 01:30:51.244  5791  5791 I LSPosed-Bridge: 	at java.lang.reflect.Method.invoke(Native Method)

07-20 01:30:51.244  5791  5791 I LSPosed-Bridge: 	at com.android.internal.os.RuntimeInit$MethodAndArgsCaller.run(RuntimeInit.java:493)

07-20 01:30:51.244  5791  5791 I LSPosed-Bridge: 	at com.android.internal.os.ZygoteInit.main(ZygoteInit.java:858)

07-20 01:30:51.244  5791  5791 I LSPosed-Bridge: 5791 PermLabel getRunningAppProcesses =android.app.ActivityManager$RunningAppProcessInfo@724572b

07-20 01:30:51.244  5791  5791 I LSPosed-Bridge: 5791 PermLabel getRunningAppProcesses processName: com.bqg.ddnoverl pid: 5791

07-20 01:30:51.244  5791  5791 I LSPosed-Bridge: 5791 PermLabel getRunningAppProcesses importance: 100 pid: 5791

07-20 01:30:51.244  5791  5791 I LSPosed-Bridge: 5791 PermLabel getRunningAppProcesses packageName com.bqg.ddnoverl at index 0 in process 5791

07-20 01:30:51.244  5791  5791 I LSPosed-Bridge: 5791 PermLabel getRunningAppProcesses =android.app.ActivityManager$RunningAppProcessInfo@34a6788

07-20 01:30:51.244  5791  5791 I LSPosed-Bridge: 5791 PermLabel getRunningAppProcesses processName: com.bqg.ddnoverl:player pid: 8453

07-20 01:30:51.244  5791  5791 I LSPosed-Bridge: 5791 PermLabel getRunningAppProcesses importance: 125 pid: 8453

07-20 01:30:51.244  5791  5791 I LSPosed-Bridge: 5791 PermLabel getRunningAppProcesses packageName com.bqg.ddnoverl at index 0 in process 8453

07-20 01:30:54.771  1568  1856 I LSPosed-Bridge: 5791 PermLabel 10116 AMS.checkPermission: Binder.getCallingPid() = 5791; uid = 10116; Binder.getCallingUid() = 10116; getNameForUid: com.bqg.ddnoverl; getPackagesForUid: [com.bqg.ddnoverl]; permName: android.permission.ACCESS_NETWORK_STATE; type = 0; res = 0; stacktrace=java.lang.Exception

07-20 01:30:54.771  1568  1856 I LSPosed-Bridge: 	at com.example.permlabel.requirePerm$1$2.afterHookedMethod(requirePerm.java:136)

07-20 01:30:54.771  1568  1856 I LSPosed-Bridge: 	at de.robv.android.xposed.XposedBridge$AdditionalHookInfo.callback(Unknown Source:147)

07-20 01:30:54.771  1568  1856 I LSPosed-Bridge: 	at LSPHooker_.checkPermission(Unknown Source:25)

