06-18 19:14:17.364  8272  8460 I LSPosed-Bridge: 8272 PermLabel 10137 android.permission.CAMERA getCameraInfo args0: 1; args1: android.hardware.Camera$CameraInfo@5688661; res= null; stacktrace=java.lang.Exception

06-18 19:14:17.364  8272  8460 I LSPosed-Bridge: 8272 PermLabel 10137 android.permission.CAMERA getCameraInfo args0: 1; args1: android.hardware.Camera$CameraInfo@5688661; res= null; stacktrace=java.lang.Exception

06-18 19:14:17.364  8272  8460 I LSPosed-Bridge: 	at com.example.permlabel.hookCamera$1.afterHookedMethod(hookCamera.java:21)

06-18 19:14:17.364  8272  8460 I LSPosed-Bridge: 	at com.example.permlabel.hookCamera$1.afterHookedMethod(hookCamera.java:21)

06-18 19:14:17.364  8272  8460 I LSPosed-Bridge: 	at de.robv.android.xposed.XposedBridge$AdditionalHookInfo.callback(Unknown Source:147)

06-18 19:14:17.364  8272  8460 I LSPosed-Bridge: 	at de.robv.android.xposed.XposedBridge$AdditionalHookInfo.callback(Unknown Source:147)

06-18 19:14:17.364  8272  8460 I LSPosed-Bridge: 	at LSPHooker_.getCameraInfo(Unknown Source:15)

06-18 19:14:17.364  8272  8460 I LSPosed-Bridge: 	at LSPHooker_.getCameraInfo(Unknown Source:15)

06-18 19:14:17.364  8272  8460 I LSPosed-Bridge: 	at z74.e(chromium-Monochrome.aab-stable-573513121:6)

06-18 19:14:17.364  8272  8460 I LSPosed-Bridge: 	at z74.e(chromium-Monochrome.aab-stable-573513121:6)

06-18 19:14:17.364  8272  8460 I LSPosed-Bridge: 	at org.chromium.media.VideoCaptureFactory.getDeviceName(chromium-Monochrome.aab-stable-573513121:15)

06-18 19:14:17.364  8272  8460 I LSPosed-Bridge: 	at org.chromium.media.VideoCaptureFactory.getDeviceName(chromium-Monochrome.aab-stable-573513121:15)

06-18 19:14:17.364  8272  8460 I LSPosed-Bridge: 8272 PermLabel 10137 android.permission.CAMERA getCameraInfo args0: 1; args1: android.hardware.Camera$CameraInfo@5688661; res= null; stacktrace=java.lang.Exception

06-18 19:14:17.364  8272  8460 I LSPosed-Bridge: 8272 PermLabel 10137 android.permission.CAMERA getCameraInfo args0: 1; args1: android.hardware.Camera$CameraInfo@5688661; res= null; stacktrace=java.lang.Exception

06-18 19:14:17.364  8272  8460 I LSPosed-Bridge: 	at com.example.permlabel.hookCamera$1.afterHookedMethod(hookCamera.java:21)

06-18 19:14:17.364  8272  8460 I LSPosed-Bridge: 	at com.example.permlabel.hookCamera$1.afterHookedMethod(hookCamera.java:21)

06-18 19:14:17.364  8272  8460 I LSPosed-Bridge: 	at de.robv.android.xposed.XposedBridge$AdditionalHookInfo.callback(Unknown Source:147)

06-18 19:14:17.364  8272  8460 I LSPosed-Bridge: 	at de.robv.android.xposed.XposedBridge$AdditionalHookInfo.callback(Unknown Source:147)

06-18 19:14:17.364  8272  8460 I LSPosed-Bridge: 	at LSPHooker_.getCameraInfo(Unknown Source:15)

06-18 19:14:17.364  8272  8460 I LSPosed-Bridge: 	at LSPHooker_.getCameraInfo(Unknown Source:15)

06-18 19:14:17.364  8272  8460 I LSPosed-Bridge: 	at z74.e(chromium-Monochrome.aab-stable-573513121:6)

06-18 19:14:17.364  8272  8460 I LSPosed-Bridge: 	at z74.e(chromium-Monochrome.aab-stable-573513121:6)

06-18 19:14:17.364  8272  8460 I LSPosed-Bridge: 	at org.chromium.media.VideoCaptureFactory.getDeviceName(chromium-Monochrome.aab-stable-573513121:15)

06-18 19:14:17.364  8272  8460 I LSPosed-Bridge: 	at org.chromium.media.VideoCaptureFactory.getDeviceName(chromium-Monochrome.aab-stable-573513121:15)

06-18 19:14:17.395  8272  8460 I LSPosed-Bridge: 8272 PermLabel 10137 android.permission.CAMERA getCameraInfo args0: 1; args1: android.hardware.Camera$CameraInfo@9f76674; res= null; stacktrace=java.lang.Exception

06-18 19:14:17.395  8272  8460 I LSPosed-Bridge: 8272 PermLabel 10137 android.permission.CAMERA getCameraInfo args0: 1; args1: android.hardware.Camera$CameraInfo@9f76674; res= null; stacktrace=java.lang.Exception

06-18 19:14:17.395  8272  8460 I LSPosed-Bridge: 	at com.example.permlabel.hookCamera$1.afterHookedMethod(hookCamera.java:21)

06-18 19:14:17.395  8272  8460 I LSPosed-Bridge: 	at com.example.permlabel.hookCamera$1.afterHookedMethod(hookCamera.java:21)

06-18 19:14:17.395  8272  8460 I LSPosed-Bridge: 	at de.robv.android.xposed.XposedBridge$AdditionalHookInfo.callback(Unknown Source:147)

06-18 19:14:17.395  8272  8460 I LSPosed-Bridge: 	at de.robv.android.xposed.XposedBridge$AdditionalHookInfo.callback(Unknown Source:147)

06-18 19:14:17.395  8272  8460 I LSPosed-Bridge: 	at LSPHooker_.getCameraInfo(Unknown Source:15)

06-18 19:14:17.395  8272  8460 I LSPosed-Bridge: 	at LSPHooker_.getCameraInfo(Unknown Source:15)

06-18 19:14:17.395  8272  8460 I LSPosed-Bridge: 	at z74.e(chromium-Monochrome.aab-stable-573513121:6)

06-18 19:14:17.395  8272  8460 I LSPosed-Bridge: 	at z74.e(chromium-Monochrome.aab-stable-573513121:6)

06-18 19:14:17.395  8272  8460 I LSPosed-Bridge: 	at org.chromium.media.VideoCaptureFactory.getCaptureApiType(chromium-Monochrome.aab-stable-573513121:8)

06-18 19:14:17.395  8272  8460 I LSPosed-Bridge: 	at org.chromium.media.VideoCaptureFactory.getCaptureApiType(chromium-Monochrome.aab-stable-573513121:8)

06-18 19:14:17.395  8272  8460 I LSPosed-Bridge: 8272 PermLabel 10137 android.permission.CAMERA getCameraInfo args0: 1; args1: android.hardware.Camera$CameraInfo@9f76674; res= null; stacktrace=java.lang.Exception

06-18 19:14:17.395  8272  8460 I LSPosed-Bridge: 8272 PermLabel 10137 android.permission.CAMERA getCameraInfo args0: 1; args1: android.hardware.Camera$CameraInfo@9f76674; res= null; stacktrace=java.lang.Exception

06-18 19:14:17.395  8272  8460 I LSPosed-Bridge: 	at com.example.permlabel.hookCamera$1.afterHookedMethod(hookCamera.java:21)

06-18 19:14:17.395  8272  8460 I LSPosed-Bridge: 	at com.example.permlabel.hookCamera$1.afterHookedMethod(hookCamera.java:21)

06-18 19:14:17.395  8272  8460 I LSPosed-Bridge: 	at de.robv.android.xposed.XposedBridge$AdditionalHookInfo.callback(Unknown Source:147)

06-18 19:14:17.395  8272  8460 I LSPosed-Bridge: 	at de.robv.android.xposed.XposedBridge$AdditionalHookInfo.callback(Unknown Source:147)

06-18 19:14:17.395  8272  8460 I LSPosed-Bridge: 	at LSPHooker_.getCameraInfo(Unknown Source:15)

06-18 19:14:17.395  8272  8460 I LSPosed-Bridge: 	at LSPHooker_.getCameraInfo(Unknown Source:15)

06-18 19:14:17.395  8272  8460 I LSPosed-Bridge: 	at z74.e(chromium-Monochrome.aab-stable-573513121:6)

06-18 19:14:17.395  8272  8460 I LSPosed-Bridge: 	at z74.e(chromium-Monochrome.aab-stable-573513121:6)

06-18 19:14:17.395  8272  8460 I LSPosed-Bridge: 	at org.chromium.media.VideoCaptureFactory.getCaptureApiType(chromium-Monochrome.aab-stable-573513121:8)

06-18 19:14:17.395  8272  8460 I LSPosed-Bridge: 	at org.chromium.media.VideoCaptureFactory.getCaptureApiType(chromium-Monochrome.aab-stable-573513121:8)

06-18 19:14:17.404   553   553 I ConfigStore: android::hardware::configstore::V1_0::ISurfaceFlingerConfigs::hasHDRDisplay retrieved: 0

06-18 19:14:17.404   553   553 I ConfigStore: android::hardware::configstore::V1_0::ISurfaceFlingerConfigs::hasHDRDisplay retrieved: 0

06-18 19:14:17.404   553   553 I ConfigStore: android::hardware::configstore::V1_0::ISurfaceFlingerConfigs::hasHDRDisplay retrieved: 0

06-18 19:14:17.404   553   553 I ConfigStore: android::hardware::configstore::V1_0::ISurfaceFlingerConfigs::hasHDRDisplay retrieved: 0

06-18 19:14:17.404  8272  8460 I LSPosed-Bridge: 8272 PermLabel 10137 android.permission.CAMERA getCameraInfo args0: 1; args1: android.hardware.Camera$CameraInfo@8d0c7e3; res= null; stacktrace=java.lang.Exception

06-18 19:14:17.404  8272  8460 I LSPosed-Bridge: 8272 PermLabel 10137 android.permission.CAMERA getCameraInfo args0: 1; args1: android.hardware.Camera$CameraInfo@8d0c7e3; res= null; stacktrace=java.lang.Exception

06-18 19:14:17.404  8272  8460 I LSPosed-Bridge: 	at com.example.permlabel.hookCamera$1.afterHookedMethod(hookCamera.java:21)

06-18 19:14:17.404  8272  8460 I LSPosed-Bridge: 	at com.example.permlabel.hookCamera$1.afterHookedMethod(hookCamera.java:21)

06-18 19:14:17.404  8272  8460 I LSPosed-Bridge: 	at de.robv.android.xposed.XposedBridge$AdditionalHookInfo.callback(Unknown Source:147)

06-18 19:14:17.404  8272  8460 I LSPosed-Bridge: 	at de.robv.android.xposed.XposedBridge$AdditionalHookInfo.callback(Unknown Source:147)

06-18 19:14:17.404  8272  8460 I LSPosed-Bridge: 	at LSPHooker_.getCameraInfo(Unknown Source:15)

06-18 19:14:17.404  8272  8460 I LSPosed-Bridge: 	at LSPHooker_.getCameraInfo(Unknown Source:15)

06-18 19:14:17.404  8272  8460 I LSPosed-Bridge: 	at z74.e(chromium-Monochrome.aab-stable-573513121:6)

06-18 19:14:17.404  8272  8460 I LSPosed-Bridge: 	at z74.e(chromium-Monochrome.aab-stable-573513121:6)

06-18 19:14:17.404  8272  8460 I LSPosed-Bridge: 	at org.chromium.media.VideoCaptureFactory.getFacingMode(chromium-Monochrome.aab-stable-573513121:10)

06-18 19:14:17.404  8272  8460 I LSPosed-Bridge: 	at org.chromium.media.VideoCaptureFactory.getFacingMode(chromium-Monochrome.aab-stable-573513121:10)

06-18 19:14:17.404  8272  8460 I LSPosed-Bridge: 8272 PermLabel 10137 android.permission.CAMERA getCameraInfo args0: 1; args1: android.hardware.Camera$CameraInfo@8d0c7e3; res= null; stacktrace=java.lang.Exception

06-18 19:14:17.404  8272  8460 I LSPosed-Bridge: 8272 PermLabel 10137 android.permission.CAMERA getCameraInfo args0: 1; args1: android.hardware.Camera$CameraInfo@8d0c7e3; res= null; stacktrace=java.lang.Exception

06-18 19:14:17.404  8272  8460 I LSPosed-Bridge: 	at com.example.permlabel.hookCamera$1.afterHookedMethod(hookCamera.java:21)

06-18 19:14:17.404  8272  8460 I LSPosed-Bridge: 	at com.example.permlabel.hookCamera$1.afterHookedMethod(hookCamera.java:21)

06-18 19:14:17.404  8272  8460 I LSPosed-Bridge: 	at de.robv.android.xposed.XposedBridge$AdditionalHookInfo.callback(Unknown Source:147)

06-18 19:14:17.404  8272  8460 I LSPosed-Bridge: 	at de.robv.android.xposed.XposedBridge$AdditionalHookInfo.callback(Unknown Source:147)

06-18 19:14:17.404  8272  8460 I LSPosed-Bridge: 	at LSPHooker_.getCameraInfo(Unknown Source:15)

06-18 19:14:17.404  8272  8460 I LSPosed-Bridge: 	at LSPHooker_.getCameraInfo(Unknown Source:15)

06-18 19:14:17.404  8272  8460 I LSPosed-Bridge: 	at z74.e(chromium-Monochrome.aab-stable-573513121:6)

06-18 19:14:17.404  8272  8460 I LSPosed-Bridge: 	at z74.e(chromium-Monochrome.aab-stable-573513121:6)

06-18 19:14:17.404  8272  8460 I LSPosed-Bridge: 	at org.chromium.media.VideoCaptureFactory.getFacingMode(chromium-Monochrome.aab-stable-573513121:10)

06-18 19:14:17.404  8272  8460 I LSPosed-Bridge: 	at org.chromium.media.VideoCaptureFactory.getFacingMode(chromium-Monochrome.aab-stable-573513121:10)

06-18 19:14:17.416  1565  1855 I LSPosed-Bridge: 8272 PermLabel 10137 AMS.checkPermission: Binder.getCallingPid() = 908; uid = 10137; Binder.getCallingUid() = 1047; getNameForUid: null; getPackagesForUid: null; permName: android.permission.CAMERA; type = 1; res = -1; stacktrace=java.lang.Exception

06-18 19:14:17.416  1565  1855 I LSPosed-Bridge: 	at com.example.permlabel.requirePerm$1$2.afterHookedMethod(requirePerm.java:125)

06-18 19:14:17.416  1565  1855 I LSPosed-Bridge: 	at de.robv.android.xposed.XposedBridge$AdditionalHookInfo.callback(Unknown Source:147)

06-18 19:14:17.416  1565  1855 I LSPosed-Bridge: 	at LSPHooker_.checkPermission(Unknown Source:25)

06-18 19:14:17.416  1565  1855 I LSPosed-Bridge: 	at com.android.server.am.ActivityManagerService$PermissionController.checkPermission(ActivityManagerService.java:9248)

06-18 19:14:17.416  1565  1855 I LSPosed-Bridge: 	at android.os.IPermissionController$Stub.onTransact(IPermissionController.java:56)

06-18 19:14:17.416  1565  1855 I LSPosed-Bridge: 	at android.os.Binder.execTransact(Binder.java:731)

06-18 19:14:17.416   908  4207 W ServiceManager: Permission failure: android.permission.CAMERA from uid=10137 pid=8272

06-18 19:14:17.416   908  4207 E CameraService: Permission Denial: can't use the camera pid=8272, uid=10137

06-18 19:14:17.519  1565  1855 I LSPosed-Bridge: 8272 PermLabel 10137 AMS.checkPermission: Binder.getCallingPid() = 908; uid = 10137; Binder.getCallingUid() = 1047; getNameForUid: null; getPackagesForUid: null; permName: android.permission.CAMERA; type = 1; res = -1; stacktrace=java.lang.Exception

06-18 19:14:17.519  1565  1855 I LSPosed-Bridge: 	at com.example.permlabel.requirePerm$1$2.afterHookedMethod(requirePerm.java:125)

06-18 19:14:17.519  1565  1855 I LSPosed-Bridge: 	at de.robv.android.xposed.XposedBridge$AdditionalHookInfo.callback(Unknown Source:147)

06-18 19:14:17.519  1565  1855 I LSPosed-Bridge: 	at LSPHooker_.checkPermission(Unknown Source:25)

06-18 19:14:17.519  1565  1855 I LSPosed-Bridge: 	at com.android.server.am.ActivityManagerService$PermissionController.checkPermission(ActivityManagerService.java:9248)

06-18 19:14:17.519  1565  1855 I LSPosed-Bridge: 	at android.os.IPermissionController$Stub.onTransact(IPermissionController.java:56)

06-18 19:14:17.519  1565  1855 I LSPosed-Bridge: 	at android.os.Binder.execTransact(Binder.java:731)

06-18 19:14:17.519   908  4207 W ServiceManager: Permission failure: android.permission.CAMERA from uid=10137 pid=8272

06-18 19:14:17.519   908  4207 E CameraService: Permission Denial: can't use the camera pid=8272, uid=10137

06-18 19:14:17.622   553   553 I ConfigStore: android::hardware::configstore::V1_0::ISurfaceFlingerConfigs::hasHDRDisplay retrieved: 0

06-18 19:14:17.622  1565  1855 I LSPosed-Bridge: 8272 PermLabel 10137 AMS.checkPermission: Binder.getCallingPid() = 908; uid = 10137; Binder.getCallingUid() = 1047; getNameForUid: null; getPackagesForUid: null; permName: android.permission.CAMERA; type = 1; res = -1; stacktrace=java.lang.Exception

06-18 19:14:17.622  1565  1855 I LSPosed-Bridge: 	at com.example.permlabel.requirePerm$1$2.afterHookedMethod(requirePerm.java:125)

06-18 19:14:17.622  1565  1855 I LSPosed-Bridge: 	at de.robv.android.xposed.XposedBridge$AdditionalHookInfo.callback(Unknown Source:147)

06-18 19:14:17.622  1565  1855 I LSPosed-Bridge: 	at LSPHooker_.checkPermission(Unknown Source:25)

06-18 19:14:17.622  1565  1855 I LSPosed-Bridge: 	at com.android.server.am.ActivityManagerService$PermissionController.checkPermission(ActivityManagerService.java:9248)

06-18 19:14:17.622  1565  1855 I LSPosed-Bridge: 	at android.os.IPermissionController$Stub.onTransact(IPermissionController.java:56)

06-18 19:14:17.622  1565  1855 I LSPosed-Bridge: 	at android.os.Binder.execTransact(Binder.java:731)

06-18 19:14:17.622   908  4207 W ServiceManager: Permission failure: android.permission.CAMERA from uid=10137 pid=8272

06-18 19:14:17.622   908  4207 E CameraService: Permission Denial: can't use the camera pid=8272, uid=10137

06-18 19:14:17.725  1565  1855 I LSPosed-Bridge: 8272 PermLabel 10137 AMS.checkPermission: Binder.getCallingPid() = 908; uid = 10137; Binder.getCallingUid() = 1047; getNameForUid: null; getPackagesForUid: null; permName: android.permission.CAMERA; type = 1; res = -1; stacktrace=java.lang.Exception

06-18 19:14:17.725  1565  1855 I LSPosed-Bridge: 	at com.example.permlabel.requirePerm$1$2.afterHookedMethod(requirePerm.java:125)

06-18 19:14:17.725  1565  1855 I LSPosed-Bridge: 	at de.robv.android.xposed.XposedBridge$AdditionalHookInfo.callback(Unknown Source:147)

06-18 19:14:17.725  1565  1855 I LSPosed-Bridge: 	at LSPHooker_.checkPermission(Unknown Source:25)

06-18 19:14:17.725  1565  1855 I LSPosed-Bridge: 	at com.android.server.am.ActivityManagerService$PermissionController.checkPermission(ActivityManagerService.java:9248)

06-18 19:14:17.725  1565  1855 I LSPosed-Bridge: 	at android.os.IPermissionController$Stub.onTransact(IPermissionController.java:56)

06-18 19:14:17.725  1565  1855 I LSPosed-Bridge: 	at android.os.Binder.execTransact(Binder.java:731)

06-18 19:14:17.725   908  4207 W ServiceManager: Permission failure: android.permission.CAMERA from uid=10137 pid=8272

06-18 19:14:17.725   908  4207 E CameraService: Permission Denial: can't use the camera pid=8272, uid=10137

06-18 19:14:17.829  1565  1855 I LSPosed-Bridge: 8272 PermLabel 10137 AMS.checkPermission: Binder.getCallingPid() = 908; uid = 10137; Binder.getCallingUid() = 1047; getNameForUid: null; getPackagesForUid: null; permName: android.permission.CAMERA; type = 1; res = -1; stacktrace=java.lang.Exception

06-18 19:14:17.829  1565  1855 I LSPosed-Bridge: 	at com.example.permlabel.requirePerm$1$2.afterHookedMethod(requirePerm.java:125)

06-18 19:14:17.829  1565  1855 I LSPosed-Bridge: 	at de.robv.android.xposed.XposedBridge$AdditionalHookInfo.callback(Unknown Source:147)

06-18 19:14:17.829  1565  1855 I LSPosed-Bridge: 	at LSPHooker_.checkPermission(Unknown Source:25)

06-18 19:14:17.829  1565  1855 I LSPosed-Bridge: 	at com.android.server.am.ActivityManagerService$PermissionController.checkPermission(ActivityManagerService.java:9248)

06-18 19:14:17.829  1565  1855 I LSPosed-Bridge: 	at android.os.IPermissionController$Stub.onTransact(IPermissionController.java:56)

06-18 19:14:17.829  1565  1855 I LSPosed-Bridge: 	at android.os.Binder.execTransact(Binder.java:731)

06-18 19:14:17.933  1565  1855 I LSPosed-Bridge: 8272 PermLabel 10137 AMS.checkPermission: Binder.getCallingPid() = 908; uid = 10137; Binder.getCallingUid() = 1047; getNameForUid: null; getPackagesForUid: null; permName: android.permission.CAMERA; type = 1; res = -1; stacktrace=java.lang.Exception

06-18 19:14:17.933  1565  1855 I LSPosed-Bridge: 	at com.example.permlabel.requirePerm$1$2.afterHookedMethod(requirePerm.java:125)

06-18 19:14:17.933  1565  1855 I LSPosed-Bridge: 	at de.robv.android.xposed.XposedBridge$AdditionalHookInfo.callback(Unknown Source:147)

06-18 19:14:17.933  1565  1855 I LSPosed-Bridge: 	at LSPHooker_.checkPermission(Unknown Source:25)

06-18 19:14:17.933  1565  1855 I LSPosed-Bridge: 	at com.android.server.am.ActivityManagerService$PermissionController.checkPermission(ActivityManagerService.java:9248)

06-18 19:14:17.933  1565  1855 I LSPosed-Bridge: 	at android.os.IPermissionController$Stub.onTransact(IPermissionController.java:56)

06-18 19:14:17.933  1565  1855 I LSPosed-Bridge: 	at android.os.Binder.execTransact(Binder.java:731)

06-18 19:14:17.933   908  4207 W ServiceManager: Permission failure: android.permission.CAMERA from uid=10137 pid=8272

06-18 19:14:17.933   908  4207 E CameraService: Permission Denial: can't use the camera pid=8272, uid=10137

06-18 19:14:18.036  1565  1855 I LSPosed-Bridge: 8272 PermLabel 10137 AMS.checkPermission: Binder.getCallingPid() = 908; uid = 10137; Binder.getCallingUid() = 1047; getNameForUid: null; getPackagesForUid: null; permName: android.permission.CAMERA; type = 1; res = -1; stacktrace=java.lang.Exception

06-18 19:14:18.036  1565  1855 I LSPosed-Bridge: 	at com.example.permlabel.requirePerm$1$2.afterHookedMethod(requirePerm.java:125)

06-18 19:14:18.036  1565  1855 I LSPosed-Bridge: 	at de.robv.android.xposed.XposedBridge$AdditionalHookInfo.callback(Unknown Source:147)

06-18 19:14:18.036  1565  1855 I LSPosed-Bridge: 	at LSPHooker_.checkPermission(Unknown Source:25)

06-18 19:14:18.036  1565  1855 I LSPosed-Bridge: 	at com.android.server.am.ActivityManagerService$PermissionController.checkPermission(ActivityManagerService.java:9248)

06-18 19:14:18.036  1565  1855 I LSPosed-Bridge: 	at android.os.IPermissionController$Stub.onTransact(IPermissionController.java:56)

06-18 19:14:18.036  1565  1855 I LSPosed-Bridge: 	at android.os.Binder.execTransact(Binder.java:731)

06-18 19:14:18.139  1565  6421 I LSPosed-Bridge: 8272 PermLabel 10137 AMS.checkPermission: Binder.getCallingPid() = 908; uid = 10137; Binder.getCallingUid() = 1047; getNameForUid: null; getPackagesForUid: null; permName: android.permission.CAMERA; type = 1; res = -1; stacktrace=java.lang.Exception

06-18 19:14:18.139  1565  6421 I LSPosed-Bridge: 	at com.example.permlabel.requirePerm$1$2.afterHookedMethod(requirePerm.java:125)

06-18 19:14:18.139  1565  6421 I LSPosed-Bridge: 	at de.robv.android.xposed.XposedBridge$AdditionalHookInfo.callback(Unknown Source:147)

06-18 19:14:18.139  1565  6421 I LSPosed-Bridge: 	at LSPHooker_.checkPermission(Unknown Source:25)

06-18 19:14:18.139  1565  6421 I LSPosed-Bridge: 	at com.android.server.am.ActivityManagerService$PermissionController.checkPermission(ActivityManagerService.java:9248)

06-18 19:14:18.139  1565  6421 I LSPosed-Bridge: 	at android.os.IPermissionController$Stub.onTransact(IPermissionController.java:56)

06-18 19:14:18.139  1565  6421 I LSPosed-Bridge: 	at android.os.Binder.execTransact(Binder.java:731)

06-18 19:14:18.243  1565  1855 I LSPosed-Bridge: 8272 PermLabel 10137 AMS.checkPermission: Binder.getCallingPid() = 908; uid = 10137; Binder.getCallingUid() = 1047; getNameForUid: null; getPackagesForUid: null; permName: android.permission.CAMERA; type = 1; res = -1; stacktrace=java.lang.Exception

06-18 19:14:18.243  1565  1855 I LSPosed-Bridge: 	at com.example.permlabel.requirePerm$1$2.afterHookedMethod(requirePerm.java:125)

06-18 19:14:18.243  1565  1855 I LSPosed-Bridge: 	at de.robv.android.xposed.XposedBridge$AdditionalHookInfo.callback(Unknown Source:147)

06-18 19:14:18.243  1565  1855 I LSPosed-Bridge: 	at LSPHooker_.checkPermission(Unknown Source:25)

06-18 19:14:18.243  1565  1855 I LSPosed-Bridge: 	at com.android.server.am.ActivityManagerService$PermissionController.checkPermission(ActivityManagerService.java:9248)

06-18 19:14:18.243  1565  1855 I LSPosed-Bridge: 	at android.os.IPermissionController$Stub.onTransact(IPermissionController.java:56)

06-18 19:14:18.243  1565  1855 I LSPosed-Bridge: 	at android.os.Binder.execTransact(Binder.java:731)

06-18 19:14:18.243   908  4207 W ServiceManager: Permission failure: android.permission.CAMERA from uid=10137 pid=8272

06-18 19:14:18.243   908  4207 E CameraService: Permission Denial: can't use the camera pid=8272, uid=10137

06-18 19:14:18.245  8272  8460 I LSPosed-Bridge: 8272 PermLabel 10137 android.permission.CAMERA open cameraId: 1; res= null; stacktrace=java.lang.Exception

06-18 19:14:18.245  8272  8460 I LSPosed-Bridge: 8272 PermLabel 10137 android.permission.CAMERA open cameraId: 1; res= null; stacktrace=java.lang.Exception

06-18 19:14:18.245  8272  8460 I LSPosed-Bridge: 	at com.example.permlabel.hookCamera$3.afterHookedMethod(hookCamera.java:49)

06-18 19:14:18.245  8272  8460 I LSPosed-Bridge: 	at com.example.permlabel.hookCamera$3.afterHookedMethod(hookCamera.java:49)

06-18 19:14:18.245  8272  8460 I LSPosed-Bridge: 	at de.robv.android.xposed.XposedBridge$AdditionalHookInfo.callback(Unknown Source:147)

06-18 19:14:18.245  8272  8460 I LSPosed-Bridge: 	at de.robv.android.xposed.XposedBridge$AdditionalHookInfo.callback(Unknown Source:147)

06-18 19:14:18.245  8272  8460 I LSPosed-Bridge: 	at LSPHooker_.open(Unknown Source:12)

06-18 19:14:18.245  8272  8460 I LSPosed-Bridge: 	at LSPHooker_.open(Unknown Source:12)

06-18 19:14:18.245  8272  8460 I LSPosed-Bridge: 	at org.chromium.media.VideoCaptureFactory.isZoomSupported(chromium-Monochrome.aab-stable-573513121:10)

06-18 19:14:18.245  8272  8460 I LSPosed-Bridge: 	at org.chromium.media.VideoCaptureFactory.isZoomSupported(chromium-Monochrome.aab-stable-573513121:10)

06-18 19:14:18.245  8272  8460 I LSPosed-Bridge: 8272 PermLabel 10137 android.permission.CAMERA open cameraId: 1; res= null; stacktrace=java.lang.Exception

06-18 19:14:18.245  8272  8460 I LSPosed-Bridge: 8272 PermLabel 10137 android.permission.CAMERA open cameraId: 1; res= null; stacktrace=java.lang.Exception

06-18 19:14:18.245  8272  8460 I LSPosed-Bridge: 	at com.example.permlabel.hookCamera$3.afterHookedMethod(hookCamera.java:49)

06-18 19:14:18.245  8272  8460 I LSPosed-Bridge: 	at com.example.permlabel.hookCamera$3.afterHookedMethod(hookCamera.java:49)

06-18 19:14:18.245  8272  8460 I LSPosed-Bridge: 	at de.robv.android.xposed.XposedBridge$AdditionalHookInfo.callback(Unknown Source:147)

06-18 19:14:18.245  8272  8460 I LSPosed-Bridge: 	at de.robv.android.xposed.XposedBridge$AdditionalHookInfo.callback(Unknown Source:147)

06-18 19:14:18.245  8272  8460 I LSPosed-Bridge: 	at LSPHooker_.open(Unknown Source:12)

06-18 19:14:18.245  8272  8460 I LSPosed-Bridge: 	at LSPHooker_.open(Unknown Source:12)

06-18 19:14:18.245  8272  8460 I LSPosed-Bridge: 	at org.chromium.media.VideoCaptureFactory.isZoomSupported(chromium-Monochrome.aab-stable-573513121:10)

06-18 19:14:18.245  8272  8460 I LSPosed-Bridge: 	at org.chromium.media.VideoCaptureFactory.isZoomSupported(chromium-Monochrome.aab-stable-573513121:10)

06-18 19:14:18.266  1565  1855 I LSPosed-Bridge: 8272 PermLabel 10137 AMS.checkPermission: Binder.getCallingPid() = 908; uid = 10137; Binder.getCallingUid() = 1047; getNameForUid: null; getPackagesForUid: null; permName: android.permission.CAMERA; type = 1; res = -1; stacktrace=java.lang.Exception

06-18 19:14:18.266  1565  1855 I LSPosed-Bridge: 	at com.example.permlabel.requirePerm$1$2.afterHookedMethod(requirePerm.java:125)

06-18 19:14:18.266  1565  1855 I LSPosed-Bridge: 	at de.robv.android.xposed.XposedBridge$AdditionalHookInfo.callback(Unknown Source:147)

06-18 19:14:18.266  1565  1855 I LSPosed-Bridge: 	at LSPHooker_.checkPermission(Unknown Source:25)

06-18 19:14:18.266  1565  1855 I LSPosed-Bridge: 	at com.android.server.am.ActivityManagerService$PermissionController.checkPermission(ActivityManagerService.java:9248)

06-18 19:14:18.266  1565  1855 I LSPosed-Bridge: 	at android.os.IPermissionController$Stub.onTransact(IPermissionController.java:56)

06-18 19:14:18.266  1565  1855 I LSPosed-Bridge: 	at android.os.Binder.execTransact(Binder.java:731)

06-18 19:14:18.266   908  4207 W ServiceManager: Permission failure: android.permission.CAMERA from uid=10137 pid=8272

06-18 19:14:18.266   908  4207 E CameraService: Permission Denial: can't use the camera pid=8272, uid=10137

06-18 19:14:18.369  1565  1855 I LSPosed-Bridge: 8272 PermLabel 10137 AMS.checkPermission: Binder.getCallingPid() = 908; uid = 10137; Binder.getCallingUid() = 1047; getNameForUid: null; getPackagesForUid: null; permName: android.permission.CAMERA; type = 1; res = -1; stacktrace=java.lang.Exception

06-18 19:14:18.369  1565  1855 I LSPosed-Bridge: 	at com.example.permlabel.requirePerm$1$2.afterHookedMethod(requirePerm.java:125)

06-18 19:14:18.369  1565  1855 I LSPosed-Bridge: 	at de.robv.android.xposed.XposedBridge$AdditionalHookInfo.callback(Unknown Source:147)

06-18 19:14:18.369  1565  1855 I LSPosed-Bridge: 	at LSPHooker_.checkPermission(Unknown Source:25)

06-18 19:14:18.369  1565  1855 I LSPosed-Bridge: 	at com.android.server.am.ActivityManagerService$PermissionController.checkPermission(ActivityManagerService.java:9248)

06-18 19:14:18.369  1565  1855 I LSPosed-Bridge: 	at android.os.IPermissionController$Stub.onTransact(IPermissionController.java:56)

06-18 19:14:18.369  1565  1855 I LSPosed-Bridge: 	at android.os.Binder.execTransact(Binder.java:731)

06-18 19:14:18.474  1565  1855 I LSPosed-Bridge: 8272 PermLabel 10137 AMS.checkPermission: Binder.getCallingPid() = 908; uid = 10137; Binder.getCallingUid() = 1047; getNameForUid: null; getPackagesForUid: null; permName: android.permission.CAMERA; type = 1; res = -1; stacktrace=java.lang.Exception

06-18 19:14:18.474  1565  1855 I LSPosed-Bridge: 	at com.example.permlabel.requirePerm$1$2.afterHookedMethod(requirePerm.java:125)

06-18 19:14:18.474  1565  1855 I LSPosed-Bridge: 	at de.robv.android.xposed.XposedBridge$AdditionalHookInfo.callback(Unknown Source:147)

06-18 19:14:18.474  1565  1855 I LSPosed-Bridge: 	at LSPHooker_.checkPermission(Unknown Source:25)

06-18 19:14:18.474  1565  1855 I LSPosed-Bridge: 	at com.android.server.am.ActivityManagerService$PermissionController.checkPermission(ActivityManagerService.java:9248)

06-18 19:14:18.474  1565  1855 I LSPosed-Bridge: 	at android.os.IPermissionController$Stub.onTransact(IPermissionController.java:56)

06-18 19:14:18.474  1565  1855 I LSPosed-Bridge: 	at android.os.Binder.execTransact(Binder.java:731)

06-18 19:14:18.577  1565  1855 I LSPosed-Bridge: 8272 PermLabel 10137 AMS.checkPermission: Binder.getCallingPid() = 908; uid = 10137; Binder.getCallingUid() = 1047; getNameForUid: null; getPackagesForUid: null; permName: android.permission.CAMERA; type = 1; res = -1; stacktrace=java.lang.Exception

06-18 19:14:18.577  1565  1855 I LSPosed-Bridge: 	at com.example.permlabel.requirePerm$1$2.afterHookedMethod(requirePerm.java:125)

06-18 19:14:18.577  1565  1855 I LSPosed-Bridge: 	at de.robv.android.xposed.XposedBridge$AdditionalHookInfo.callback(Unknown Source:147)

06-18 19:14:18.577  1565  1855 I LSPosed-Bridge: 	at LSPHooker_.checkPermission(Unknown Source:25)

06-18 19:14:18.577  1565  1855 I LSPosed-Bridge: 	at com.android.server.am.ActivityManagerService$PermissionController.checkPermission(ActivityManagerService.java:9248)

06-18 19:14:18.577  1565  1855 I LSPosed-Bridge: 	at android.os.IPermissionController$Stub.onTransact(IPermissionController.java:56)

06-18 19:14:18.577  1565  1855 I LSPosed-Bridge: 	at android.os.Binder.execTransact(Binder.java:731)

06-18 19:14:18.681  1565  1855 I LSPosed-Bridge: 8272 PermLabel 10137 AMS.checkPermission: Binder.getCallingPid() = 908; uid = 10137; Binder.getCallingUid() = 1047; getNameForUid: null; getPackagesForUid: null; permName: android.permission.CAMERA; type = 1; res = -1; stacktrace=java.lang.Exception

06-18 19:14:18.681  1565  1855 I LSPosed-Bridge: 	at com.example.permlabel.requirePerm$1$2.afterHookedMethod(requirePerm.java:125)

06-18 19:14:18.681  1565  1855 I LSPosed-Bridge: 	at de.robv.android.xposed.XposedBridge$AdditionalHookInfo.callback(Unknown Source:147)

06-18 19:14:18.681  1565  1855 I LSPosed-Bridge: 	at LSPHooker_.checkPermission(Unknown Source:25)

06-18 19:14:18.681  1565  1855 I LSPosed-Bridge: 	at com.android.server.am.ActivityManagerService$PermissionController.checkPermission(ActivityManagerService.java:9248)

06-18 19:14:18.681  1565  1855 I LSPosed-Bridge: 	at android.os.IPermissionController$Stub.onTransact(IPermissionController.java:56)

06-18 19:14:18.681  1565  1855 I LSPosed-Bridge: 	at android.os.Binder.execTransact(Binder.java:731)

06-18 19:14:18.681   908  4207 W ServiceManager: Permission failure: android.permission.CAMERA from uid=10137 pid=8272

06-18 19:14:18.785  1565  1855 I LSPosed-Bridge: 8272 PermLabel 10137 AMS.checkPermission: Binder.getCallingPid() = 908; uid = 10137; Binder.getCallingUid() = 1047; getNameForUid: null; getPackagesForUid: null; permName: android.permission.CAMERA; type = 1; res = -1; stacktrace=java.lang.Exception

06-18 19:14:18.785  1565  1855 I LSPosed-Bridge: 	at com.example.permlabel.requirePerm$1$2.afterHookedMethod(requirePerm.java:125)

06-18 19:14:18.785  1565  1855 I LSPosed-Bridge: 	at de.robv.android.xposed.XposedBridge$AdditionalHookInfo.callback(Unknown Source:147)

06-18 19:14:18.785  1565  1855 I LSPosed-Bridge: 	at LSPHooker_.checkPermission(Unknown Source:25)

06-18 19:14:18.785  1565  1855 I LSPosed-Bridge: 	at com.android.server.am.ActivityManagerService$PermissionController.checkPermission(ActivityManagerService.java:9248)

06-18 19:14:18.785  1565  1855 I LSPosed-Bridge: 	at android.os.IPermissionController$Stub.onTransact(IPermissionController.java:56)

06-18 19:14:18.785  1565  1855 I LSPosed-Bridge: 	at android.os.Binder.execTransact(Binder.java:731)

06-18 19:14:18.890  1565  1855 I LSPosed-Bridge: 8272 PermLabel 10137 AMS.checkPermission: Binder.getCallingPid() = 908; uid = 10137; Binder.getCallingUid() = 1047; getNameForUid: null; getPackagesForUid: null; permName: android.permission.CAMERA; type = 1; res = -1; stacktrace=java.lang.Exception

06-18 19:14:18.890  1565  1855 I LSPosed-Bridge: 	at com.example.permlabel.requirePerm$1$2.afterHookedMethod(requirePerm.java:125)

06-18 19:14:18.890  1565  1855 I LSPosed-Bridge: 	at de.robv.android.xposed.XposedBridge$AdditionalHookInfo.callback(Unknown Source:147)

06-18 19:14:18.890  1565  1855 I LSPosed-Bridge: 	at LSPHooker_.checkPermission(Unknown Source:25)

06-18 19:14:18.890  1565  1855 I LSPosed-Bridge: 	at com.android.server.am.ActivityManagerService$PermissionController.checkPermission(ActivityManagerService.java:9248)

06-18 19:14:18.890  1565  1855 I LSPosed-Bridge: 	at android.os.IPermissionController$Stub.onTransact(IPermissionController.java:56)

06-18 19:14:18.890  1565  1855 I LSPosed-Bridge: 	at android.os.Binder.execTransact(Binder.java:731)

06-18 19:14:18.890   908  4207 W ServiceManager: Permission failure: android.permission.CAMERA from uid=10137 pid=8272

06-18 19:14:18.890   908  4207 E CameraService: Permission Denial: can't use the camera pid=8272, uid=10137

06-18 19:14:18.993  1565  1855 I LSPosed-Bridge: 8272 PermLabel 10137 AMS.checkPermission: Binder.getCallingPid() = 908; uid = 10137; Binder.getCallingUid() = 1047; getNameForUid: null; getPackagesForUid: null; permName: android.permission.CAMERA; type = 1; res = -1; stacktrace=java.lang.Exception

06-18 19:14:18.993  1565  1855 I LSPosed-Bridge: 	at com.example.permlabel.requirePerm$1$2.afterHookedMethod(requirePerm.java:125)

06-18 19:14:18.993  1565  1855 I LSPosed-Bridge: 	at de.robv.android.xposed.XposedBridge$AdditionalHookInfo.callback(Unknown Source:147)

06-18 19:14:18.993  1565  1855 I LSPosed-Bridge: 	at LSPHooker_.checkPermission(Unknown Source:25)

06-18 19:14:18.993  1565  1855 I LSPosed-Bridge: 	at com.android.server.am.ActivityManagerService$PermissionController.checkPermission(ActivityManagerService.java:9248)

06-18 19:14:18.993  1565  1855 I LSPosed-Bridge: 	at android.os.IPermissionController$Stub.onTransact(IPermissionController.java:56)

06-18 19:14:18.993  1565  1855 I LSPosed-Bridge: 	at android.os.Binder.execTransact(Binder.java:731)

06-18 19:14:19.097  1565  1855 I LSPosed-Bridge: 8272 PermLabel 10137 AMS.checkPermission: Binder.getCallingPid() = 908; uid = 10137; Binder.getCallingUid() = 1047; getNameForUid: null; getPackagesForUid: null; permName: android.permission.CAMERA; type = 1; res = -1; stacktrace=java.lang.Exception

06-18 19:14:19.097  1565  1855 I LSPosed-Bridge: 	at com.example.permlabel.requirePerm$1$2.afterHookedMethod(requirePerm.java:125)

06-18 19:14:19.097  1565  1855 I LSPosed-Bridge: 	at de.robv.android.xposed.XposedBridge$AdditionalHookInfo.callback(Unknown Source:147)

06-18 19:14:19.097  1565  1855 I LSPosed-Bridge: 	at LSPHooker_.checkPermission(Unknown Source:25)

06-18 19:14:19.097  1565  1855 I LSPosed-Bridge: 	at com.android.server.am.ActivityManagerService$PermissionController.checkPermission(ActivityManagerService.java:9248)

06-18 19:14:19.097  1565  1855 I LSPosed-Bridge: 	at android.os.IPermissionController$Stub.onTransact(IPermissionController.java:56)

06-18 19:14:19.097  1565  1855 I LSPosed-Bridge: 	at android.os.Binder.execTransact(Binder.java:731)

06-18 19:14:19.097   908  4207 W ServiceManager: Permission failure: android.permission.CAMERA from uid=10137 pid=8272

06-18 19:14:19.099  8272  8460 I LSPosed-Bridge: 8272 PermLabel 10137 android.permission.CAMERA open cameraId: 1; res= null; stacktrace=java.lang.Exception

06-18 19:14:19.099  8272  8460 I LSPosed-Bridge: 	at com.example.permlabel.hookCamera$3.afterHookedMethod(hookCamera.java:49)

06-18 19:14:19.099  8272  8460 I LSPosed-Bridge: 	at de.robv.android.xposed.XposedBridge$AdditionalHookInfo.callback(Unknown Source:147)

06-18 19:14:19.099  8272  8460 I LSPosed-Bridge: 	at LSPHooker_.open(Unknown Source:12)

06-18 19:14:19.099  8272  8460 I LSPosed-Bridge: 	at org.chromium.media.VideoCaptureFactory.getDeviceSupportedFormats(chromium-Monochrome.aab-stable-573513121:13)

06-18 19:14:19.100  8272  8460 I LSPosed-Bridge: 8272 PermLabel 10137 android.permission.CAMERA open cameraId: 1; res= null; stacktrace=java.lang.Exception

06-18 19:14:19.100  8272  8460 I LSPosed-Bridge: 	at com.example.permlabel.hookCamera$3.afterHookedMethod(hookCamera.java:49)

06-18 19:14:19.100  8272  8460 I LSPosed-Bridge: 	at de.robv.android.xposed.XposedBridge$AdditionalHookInfo.callback(Unknown Source:147)

06-18 19:14:19.100  8272  8460 I LSPosed-Bridge: 	at LSPHooker_.open(Unknown Source:12)

06-18 19:14:19.100  8272  8460 I LSPosed-Bridge: 	at org.chromium.media.VideoCaptureFactory.getDeviceSupportedFormats(chromium-Monochrome.aab-stable-573513121:13)

06-18 19:14:19.100  8272  8460 E cr_VideoCapture: Camera.open: 

06-18 19:14:19.100  8272  8460 E cr_VideoCapture: java.lang.RuntimeException: Fail to connect to camera service

06-18 19:14:19.100  8272  8460 E cr_VideoCapture: 	at android.hardware.Camera.<init>(Camera.java:669)

06-18 19:14:19.100  8272  8460 E cr_VideoCapture: 	at android.hardware.Camera.open(Camera.java:460)

06-18 19:14:19.100  8272  8460 E cr_VideoCapture: 	at java.lang.reflect.Method.invoke(Native Method)

06-18 19:14:19.100  8272  8460 E cr_VideoCapture: 	at org.lsposed.lspd.nativebridge.HookBridge.invokeOriginalMethod(Native Method)

06-18 19:14:19.100  8272  8460 E cr_VideoCapture: 	at de.robv.android.xposed.XposedBridge$AdditionalHookInfo.callback(Unknown Source:110)

06-18 19:14:19.100  8272  8460 E cr_VideoCapture: 	at LSPHooker_.open(Unknown Source:12)

06-18 19:14:19.100  8272  8460 E cr_VideoCapture: 	at org.chromium.media.VideoCaptureFactory.getDeviceSupportedFormats(chromium-Monochrome.aab-stable-573513121:13)

06-18 19:14:19.254 10537 10537 I Input   : injectMotionEvent: MotionEvent { action=ACTION_DOWN, actionButton=0, id[0]=0, x[0]=592.0, y[0]=113.0, toolType[0]=TOOL_TYPE_UNKNOWN, buttonState=0, metaState=0, flags=0x0, edgeFlags=0x0, pointerCount=1, historySize=0, eventTime=186839, downTime=186839, deviceId=3, source=0x1002 }

06-18 19:14:19.254  8272  8460 I LSPosed-Bridge: 8272 PermLabel 10137 android.permission.CAMERA getCameraInfo args0: 0; args1: android.hardware.Camera$CameraInfo@e5920f8; res= null; stacktrace=java.lang.Exception

06-18 19:14:19.254  8272  8460 I LSPosed-Bridge: 	at com.example.permlabel.hookCamera$1.afterHookedMethod(hookCamera.java:21)

06-18 19:14:19.254  8272  8460 I LSPosed-Bridge: 	at de.robv.android.xposed.XposedBridge$AdditionalHookInfo.callback(Unknown Source:147)

06-18 19:14:19.254  8272  8460 I LSPosed-Bridge: 	at LSPHooker_.getCameraInfo(Unknown Source:15)

06-18 19:14:19.254  8272  8460 I LSPosed-Bridge: 	at z74.e(chromium-Monochrome.aab-stable-573513121:6)

06-18 19:14:19.254  8272  8460 I LSPosed-Bridge: 	at org.chromium.media.VideoCaptureFactory.getDeviceName(chromium-Monochrome.aab-stable-573513121:15)

06-18 19:14:19.255  8272  8460 I LSPosed-Bridge: 8272 PermLabel 10137 android.permission.CAMERA getCameraInfo args0: 0; args1: android.hardware.Camera$CameraInfo@e5920f8; res= null; stacktrace=java.lang.Exception

06-18 19:14:19.255  8272  8460 I LSPosed-Bridge: 	at com.example.permlabel.hookCamera$1.afterHookedMethod(hookCamera.java:21)

06-18 19:14:19.255  8272  8460 I LSPosed-Bridge: 	at de.robv.android.xposed.XposedBridge$AdditionalHookInfo.callback(Unknown Source:147)

06-18 19:14:19.255  8272  8460 I LSPosed-Bridge: 	at LSPHooker_.getCameraInfo(Unknown Source:15)

06-18 19:14:19.255  8272  8460 I LSPosed-Bridge: 	at z74.e(chromium-Monochrome.aab-stable-573513121:6)

06-18 19:14:19.255  8272  8460 I LSPosed-Bridge: 	at org.chromium.media.VideoCaptureFactory.getDeviceName(chromium-Monochrome.aab-stable-573513121:15)

06-18 19:14:19.275  8272  8460 I LSPosed-Bridge: 8272 PermLabel 10137 android.permission.CAMERA getCameraInfo args0: 0; args1: android.hardware.Camera$CameraInfo@9569737; res= null; stacktrace=java.lang.Exception

06-18 19:14:19.275  8272  8460 I LSPosed-Bridge: 8272 PermLabel 10137 android.permission.CAMERA getCameraInfo args0: 0; args1: android.hardware.Camera$CameraInfo@9569737; res= null; stacktrace=java.lang.Exception

06-18 19:14:19.275  8272  8460 I LSPosed-Bridge: 	at com.example.permlabel.hookCamera$1.afterHookedMethod(hookCamera.java:21)

06-18 19:14:19.275  8272  8460 I LSPosed-Bridge: 	at com.example.permlabel.hookCamera$1.afterHookedMethod(hookCamera.java:21)

06-18 19:14:19.275  8272  8460 I LSPosed-Bridge: 	at de.robv.android.xposed.XposedBridge$AdditionalHookInfo.callback(Unknown Source:147)

06-18 19:14:19.275  8272  8460 I LSPosed-Bridge: 	at de.robv.android.xposed.XposedBridge$AdditionalHookInfo.callback(Unknown Source:147)

06-18 19:14:19.275  8272  8460 I LSPosed-Bridge: 	at LSPHooker_.getCameraInfo(Unknown Source:15)

06-18 19:14:19.275  8272  8460 I LSPosed-Bridge: 	at LSPHooker_.getCameraInfo(Unknown Source:15)

06-18 19:14:19.275  8272  8460 I LSPosed-Bridge: 	at z74.e(chromium-Monochrome.aab-stable-573513121:6)

06-18 19:14:19.275  8272  8460 I LSPosed-Bridge: 	at z74.e(chromium-Monochrome.aab-stable-573513121:6)

06-18 19:14:19.275  8272  8460 I LSPosed-Bridge: 	at org.chromium.media.VideoCaptureFactory.getCaptureApiType(chromium-Monochrome.aab-stable-573513121:8)

06-18 19:14:19.275  8272  8460 I LSPosed-Bridge: 	at org.chromium.media.VideoCaptureFactory.getCaptureApiType(chromium-Monochrome.aab-stable-573513121:8)

06-18 19:14:19.275  8272  8460 I LSPosed-Bridge: 8272 PermLabel 10137 android.permission.CAMERA getCameraInfo args0: 0; args1: android.hardware.Camera$CameraInfo@9569737; res= null; stacktrace=java.lang.Exception

06-18 19:14:19.275  8272  8460 I LSPosed-Bridge: 8272 PermLabel 10137 android.permission.CAMERA getCameraInfo args0: 0; args1: android.hardware.Camera$CameraInfo@9569737; res= null; stacktrace=java.lang.Exception

06-18 19:14:19.275  8272  8460 I LSPosed-Bridge: 	at com.example.permlabel.hookCamera$1.afterHookedMethod(hookCamera.java:21)

06-18 19:14:19.275  8272  8460 I LSPosed-Bridge: 	at com.example.permlabel.hookCamera$1.afterHookedMethod(hookCamera.java:21)

06-18 19:14:19.275  8272  8460 I LSPosed-Bridge: 	at de.robv.android.xposed.XposedBridge$AdditionalHookInfo.callback(Unknown Source:147)

06-18 19:14:19.275  8272  8460 I LSPosed-Bridge: 	at de.robv.android.xposed.XposedBridge$AdditionalHookInfo.callback(Unknown Source:147)

06-18 19:14:19.275  8272  8460 I LSPosed-Bridge: 	at LSPHooker_.getCameraInfo(Unknown Source:15)

06-18 19:14:19.275  8272  8460 I LSPosed-Bridge: 	at LSPHooker_.getCameraInfo(Unknown Source:15)

06-18 19:14:19.275  8272  8460 I LSPosed-Bridge: 	at z74.e(chromium-Monochrome.aab-stable-573513121:6)

06-18 19:14:19.275  8272  8460 I LSPosed-Bridge: 	at z74.e(chromium-Monochrome.aab-stable-573513121:6)

06-18 19:14:19.275  8272  8460 I LSPosed-Bridge: 	at org.chromium.media.VideoCaptureFactory.getCaptureApiType(chromium-Monochrome.aab-stable-573513121:8)

06-18 19:14:19.275  8272  8460 I LSPosed-Bridge: 	at org.chromium.media.VideoCaptureFactory.getCaptureApiType(chromium-Monochrome.aab-stable-573513121:8)

06-18 19:14:19.286  8272  8460 I LSPosed-Bridge: 8272 PermLabel 10137 android.permission.CAMERA getCameraInfo args0: 0; args1: android.hardware.Camera$CameraInfo@e2475c2; res= null; stacktrace=java.lang.Exception

06-18 19:14:19.286  8272  8460 I LSPosed-Bridge: 8272 PermLabel 10137 android.permission.CAMERA getCameraInfo args0: 0; args1: android.hardware.Camera$CameraInfo@e2475c2; res= null; stacktrace=java.lang.Exception

06-18 19:14:19.286  8272  8460 I LSPosed-Bridge: 	at com.example.permlabel.hookCamera$1.afterHookedMethod(hookCamera.java:21)

06-18 19:14:19.286  8272  8460 I LSPosed-Bridge: 	at com.example.permlabel.hookCamera$1.afterHookedMethod(hookCamera.java:21)

06-18 19:14:19.286  8272  8460 I LSPosed-Bridge: 	at de.robv.android.xposed.XposedBridge$AdditionalHookInfo.callback(Unknown Source:147)

06-18 19:14:19.286  8272  8460 I LSPosed-Bridge: 	at de.robv.android.xposed.XposedBridge$AdditionalHookInfo.callback(Unknown Source:147)

06-18 19:14:19.286  8272  8460 I LSPosed-Bridge: 	at LSPHooker_.getCameraInfo(Unknown Source:15)

06-18 19:14:19.286  8272  8460 I LSPosed-Bridge: 	at LSPHooker_.getCameraInfo(Unknown Source:15)

06-18 19:14:19.286  8272  8460 I LSPosed-Bridge: 	at z74.e(chromium-Monochrome.aab-stable-573513121:6)

06-18 19:14:19.286  8272  8460 I LSPosed-Bridge: 	at z74.e(chromium-Monochrome.aab-stable-573513121:6)

06-18 19:14:19.286  8272  8460 I LSPosed-Bridge: 	at org.chromium.media.VideoCaptureFactory.getFacingMode(chromium-Monochrome.aab-stable-573513121:10)

06-18 19:14:19.286  8272  8460 I LSPosed-Bridge: 	at org.chromium.media.VideoCaptureFactory.getFacingMode(chromium-Monochrome.aab-stable-573513121:10)

06-18 19:14:19.286  8272  8460 I LSPosed-Bridge: 8272 PermLabel 10137 android.permission.CAMERA getCameraInfo args0: 0; args1: android.hardware.Camera$CameraInfo@e2475c2; res= null; stacktrace=java.lang.Exception

06-18 19:14:19.286  8272  8460 I LSPosed-Bridge: 8272 PermLabel 10137 android.permission.CAMERA getCameraInfo args0: 0; args1: android.hardware.Camera$CameraInfo@e2475c2; res= null; stacktrace=java.lang.Exception

06-18 19:14:19.286  8272  8460 I LSPosed-Bridge: 	at com.example.permlabel.hookCamera$1.afterHookedMethod(hookCamera.java:21)

06-18 19:14:19.286  8272  8460 I LSPosed-Bridge: 	at com.example.permlabel.hookCamera$1.afterHookedMethod(hookCamera.java:21)

06-18 19:14:19.286  8272  8460 I LSPosed-Bridge: 	at de.robv.android.xposed.XposedBridge$AdditionalHookInfo.callback(Unknown Source:147)

06-18 19:14:19.286  8272  8460 I LSPosed-Bridge: 	at de.robv.android.xposed.XposedBridge$AdditionalHookInfo.callback(Unknown Source:147)

06-18 19:14:19.286  8272  8460 I LSPosed-Bridge: 	at LSPHooker_.getCameraInfo(Unknown Source:15)

06-18 19:14:19.286  8272  8460 I LSPosed-Bridge: 	at LSPHooker_.getCameraInfo(Unknown Source:15)

06-18 19:14:19.286  8272  8460 I LSPosed-Bridge: 	at z74.e(chromium-Monochrome.aab-stable-573513121:6)

06-18 19:14:19.286  8272  8460 I LSPosed-Bridge: 	at z74.e(chromium-Monochrome.aab-stable-573513121:6)

06-18 19:14:19.286  8272  8460 I LSPosed-Bridge: 	at org.chromium.media.VideoCaptureFactory.getFacingMode(chromium-Monochrome.aab-stable-573513121:10)

06-18 19:14:19.286  8272  8460 I LSPosed-Bridge: 	at org.chromium.media.VideoCaptureFactory.getFacingMode(chromium-Monochrome.aab-stable-573513121:10)

06-18 19:14:19.293  1565  1855 I LSPosed-Bridge: 8272 PermLabel 10137 AMS.checkPermission: Binder.getCallingPid() = 908; uid = 10137; Binder.getCallingUid() = 1047; getNameForUid: null; getPackagesForUid: null; permName: android.permission.CAMERA; type = 1; res = -1; stacktrace=java.lang.Exception

06-18 19:14:19.293  1565  1855 I LSPosed-Bridge: 	at com.example.permlabel.requirePerm$1$2.afterHookedMethod(requirePerm.java:125)

06-18 19:14:19.293  1565  1855 I LSPosed-Bridge: 	at de.robv.android.xposed.XposedBridge$AdditionalHookInfo.callback(Unknown Source:147)

06-18 19:14:19.293  1565  1855 I LSPosed-Bridge: 	at LSPHooker_.checkPermission(Unknown Source:25)

06-18 19:14:19.293  1565  1855 I LSPosed-Bridge: 	at com.android.server.am.ActivityManagerService$PermissionController.checkPermission(ActivityManagerService.java:9248)

06-18 19:14:19.293  1565  1855 I LSPosed-Bridge: 	at android.os.IPermissionController$Stub.onTransact(IPermissionController.java:56)

06-18 19:14:19.293  1565  1855 I LSPosed-Bridge: 	at android.os.Binder.execTransact(Binder.java:731)

06-18 19:14:19.293   908   908 W ServiceManager: Permission failure: android.permission.CAMERA from uid=10137 pid=8272

06-18 19:14:19.293   908   908 E CameraService: Permission Denial: can't use the camera pid=8272, uid=10137

06-18 19:14:19.396  1565  1855 I LSPosed-Bridge: 8272 PermLabel 10137 AMS.checkPermission: Binder.getCallingPid() = 908; uid = 10137; Binder.getCallingUid() = 1047; getNameForUid: null; getPackagesForUid: null; permName: android.permission.CAMERA; type = 1; res = -1; stacktrace=java.lang.Exception

06-18 19:14:19.396  1565  1855 I LSPosed-Bridge: 	at com.example.permlabel.requirePerm$1$2.afterHookedMethod(requirePerm.java:125)

06-18 19:14:19.396  1565  1855 I LSPosed-Bridge: 	at de.robv.android.xposed.XposedBridge$AdditionalHookInfo.callback(Unknown Source:147)

06-18 19:14:19.396  1565  1855 I LSPosed-Bridge: 	at LSPHooker_.checkPermission(Unknown Source:25)

06-18 19:14:19.396  1565  1855 I LSPosed-Bridge: 	at com.android.server.am.ActivityManagerService$PermissionController.checkPermission(ActivityManagerService.java:9248)

06-18 19:14:19.396  1565  1855 I LSPosed-Bridge: 	at android.os.IPermissionController$Stub.onTransact(IPermissionController.java:56)

06-18 19:14:19.396  1565  1855 I LSPosed-Bridge: 	at android.os.Binder.execTransact(Binder.java:731)

06-18 19:14:19.499  1565  5487 I LSPosed-Bridge: 8272 PermLabel 10137 AMS.checkPermission: Binder.getCallingPid() = 908; uid = 10137; Binder.getCallingUid() = 1047; getNameForUid: null; getPackagesForUid: null; permName: android.permission.CAMERA; type = 1; res = -1; stacktrace=java.lang.Exception

06-18 19:14:19.499  1565  5487 I LSPosed-Bridge: 	at com.example.permlabel.requirePerm$1$2.afterHookedMethod(requirePerm.java:125)

06-18 19:14:19.499  1565  5487 I LSPosed-Bridge: 	at de.robv.android.xposed.XposedBridge$AdditionalHookInfo.callback(Unknown Source:147)

06-18 19:14:19.499  1565  5487 I LSPosed-Bridge: 	at LSPHooker_.checkPermission(Unknown Source:25)

06-18 19:14:19.499  1565  5487 I LSPosed-Bridge: 	at com.android.server.am.ActivityManagerService$PermissionController.checkPermission(ActivityManagerService.java:9248)

06-18 19:14:19.499  1565  5487 I LSPosed-Bridge: 	at android.os.IPermissionController$Stub.onTransact(IPermissionController.java:56)

06-18 19:14:19.499  1565  5487 I LSPosed-Bridge: 	at android.os.Binder.execTransact(Binder.java:731)

06-18 19:14:19.602  1565  6421 I LSPosed-Bridge: 8272 PermLabel 10137 AMS.checkPermission: Binder.getCallingPid() = 908; uid = 10137; Binder.getCallingUid() = 1047; getNameForUid: null; getPackagesForUid: null; permName: android.permission.CAMERA; type = 1; res = -1; stacktrace=java.lang.Exception

06-18 19:14:19.602  1565  6421 I LSPosed-Bridge: 	at com.example.permlabel.requirePerm$1$2.afterHookedMethod(requirePerm.java:125)

06-18 19:14:19.602  1565  6421 I LSPosed-Bridge: 	at de.robv.android.xposed.XposedBridge$AdditionalHookInfo.callback(Unknown Source:147)

06-18 19:14:19.602  1565  6421 I LSPosed-Bridge: 	at LSPHooker_.checkPermission(Unknown Source:25)

