06-18 19:14:19.602  1565  6421 I LSPosed-Bridge: 	at com.android.server.am.ActivityManagerService$PermissionController.checkPermission(ActivityManagerService.java:9248)

06-18 19:14:19.602  1565  6421 I LSPosed-Bridge: 	at android.os.IPermissionController$Stub.onTransact(IPermissionController.java:56)

06-18 19:14:19.602  1565  6421 I LSPosed-Bridge: 	at android.os.Binder.execTransact(Binder.java:731)

06-18 19:14:19.705   553   553 I ConfigStore: android::hardware::configstore::V1_0::ISurfaceFlingerConfigs::hasHDRDisplay retrieved: 0

06-18 19:14:19.705  1565  6421 I LSPosed-Bridge: 8272 PermLabel 10137 AMS.checkPermission: Binder.getCallingPid() = 908; uid = 10137; Binder.getCallingUid() = 1047; getNameForUid: null; getPackagesForUid: null; permName: android.permission.CAMERA; type = 1; res = -1; stacktrace=java.lang.Exception

06-18 19:14:19.705  1565  6421 I LSPosed-Bridge: 	at com.example.permlabel.requirePerm$1$2.afterHookedMethod(requirePerm.java:125)

06-18 19:14:19.705  1565  6421 I LSPosed-Bridge: 	at de.robv.android.xposed.XposedBridge$AdditionalHookInfo.callback(Unknown Source:147)

06-18 19:14:19.705  1565  6421 I LSPosed-Bridge: 	at LSPHooker_.checkPermission(Unknown Source:25)

06-18 19:14:19.705  1565  6421 I LSPosed-Bridge: 	at com.android.server.am.ActivityManagerService$PermissionController.checkPermission(ActivityManagerService.java:9248)

06-18 19:14:19.705  1565  6421 I LSPosed-Bridge: 	at android.os.IPermissionController$Stub.onTransact(IPermissionController.java:56)

06-18 19:14:19.705  1565  6421 I LSPosed-Bridge: 	at android.os.Binder.execTransact(Binder.java:731)

06-18 19:14:19.808  1565  1855 I LSPosed-Bridge: 8272 PermLabel 10137 AMS.checkPermission: Binder.getCallingPid() = 908; uid = 10137; Binder.getCallingUid() = 1047; getNameForUid: null; getPackagesForUid: null; permName: android.permission.CAMERA; type = 1; res = -1; stacktrace=java.lang.Exception

06-18 19:14:19.808  1565  1855 I LSPosed-Bridge: 	at com.example.permlabel.requirePerm$1$2.afterHookedMethod(requirePerm.java:125)

06-18 19:14:19.808  1565  1855 I LSPosed-Bridge: 	at de.robv.android.xposed.XposedBridge$AdditionalHookInfo.callback(Unknown Source:147)

06-18 19:14:19.808  1565  1855 I LSPosed-Bridge: 	at LSPHooker_.checkPermission(Unknown Source:25)

06-18 19:14:19.808  1565  1855 I LSPosed-Bridge: 	at com.android.server.am.ActivityManagerService$PermissionController.checkPermission(ActivityManagerService.java:9248)

06-18 19:14:19.808  1565  1855 I LSPosed-Bridge: 	at android.os.IPermissionController$Stub.onTransact(IPermissionController.java:56)

06-18 19:14:19.808  1565  1855 I LSPosed-Bridge: 	at android.os.Binder.execTransact(Binder.java:731)

06-18 19:14:19.911  1565  6421 I LSPosed-Bridge: 8272 PermLabel 10137 AMS.checkPermission: Binder.getCallingPid() = 908; uid = 10137; Binder.getCallingUid() = 1047; getNameForUid: null; getPackagesForUid: null; permName: android.permission.CAMERA; type = 1; res = -1; stacktrace=java.lang.Exception

06-18 19:14:19.911  1565  6421 I LSPosed-Bridge: 	at com.example.permlabel.requirePerm$1$2.afterHookedMethod(requirePerm.java:125)

06-18 19:14:19.911  1565  6421 I LSPosed-Bridge: 	at de.robv.android.xposed.XposedBridge$AdditionalHookInfo.callback(Unknown Source:147)

06-18 19:14:19.911  1565  6421 I LSPosed-Bridge: 	at LSPHooker_.checkPermission(Unknown Source:25)

06-18 19:14:19.911  1565  6421 I LSPosed-Bridge: 	at com.android.server.am.ActivityManagerService$PermissionController.checkPermission(ActivityManagerService.java:9248)

06-18 19:14:19.911  1565  6421 I LSPosed-Bridge: 	at android.os.IPermissionController$Stub.onTransact(IPermissionController.java:56)

06-18 19:14:19.911  1565  6421 I LSPosed-Bridge: 	at android.os.Binder.execTransact(Binder.java:731)

06-18 19:14:20.014  1565  6421 I LSPosed-Bridge: 8272 PermLabel 10137 AMS.checkPermission: Binder.getCallingPid() = 908; uid = 10137; Binder.getCallingUid() = 1047; getNameForUid: null; getPackagesForUid: null; permName: android.permission.CAMERA; type = 1; res = -1; stacktrace=java.lang.Exception

06-18 19:14:20.014  1565  6421 I LSPosed-Bridge: 	at com.example.permlabel.requirePerm$1$2.afterHookedMethod(requirePerm.java:125)

06-18 19:14:20.014  1565  6421 I LSPosed-Bridge: 	at de.robv.android.xposed.XposedBridge$AdditionalHookInfo.callback(Unknown Source:147)

06-18 19:14:20.014  1565  6421 I LSPosed-Bridge: 	at LSPHooker_.checkPermission(Unknown Source:25)

06-18 19:14:20.014  1565  6421 I LSPosed-Bridge: 	at com.android.server.am.ActivityManagerService$PermissionController.checkPermission(ActivityManagerService.java:9248)

06-18 19:14:20.014  1565  6421 I LSPosed-Bridge: 	at android.os.IPermissionController$Stub.onTransact(IPermissionController.java:56)

06-18 19:14:20.014  1565  6421 I LSPosed-Bridge: 	at android.os.Binder.execTransact(Binder.java:731)

06-18 19:14:20.014   908   908 W ServiceManager: Permission failure: android.permission.CAMERA from uid=10137 pid=8272

06-18 19:14:20.014   908   908 E CameraService: Permission Denial: can't use the camera pid=8272, uid=10137

06-18 19:14:20.118  1565  6421 I LSPosed-Bridge: 8272 PermLabel 10137 AMS.checkPermission: Binder.getCallingPid() = 908; uid = 10137; Binder.getCallingUid() = 1047; getNameForUid: null; getPackagesForUid: null; permName: android.permission.CAMERA; type = 1; res = -1; stacktrace=java.lang.Exception

06-18 19:14:20.118  1565  6421 I LSPosed-Bridge: 	at com.example.permlabel.requirePerm$1$2.afterHookedMethod(requirePerm.java:125)

06-18 19:14:20.118  1565  6421 I LSPosed-Bridge: 	at de.robv.android.xposed.XposedBridge$AdditionalHookInfo.callback(Unknown Source:147)

06-18 19:14:20.118  1565  6421 I LSPosed-Bridge: 	at LSPHooker_.checkPermission(Unknown Source:25)

06-18 19:14:20.118  1565  6421 I LSPosed-Bridge: 	at com.android.server.am.ActivityManagerService$PermissionController.checkPermission(ActivityManagerService.java:9248)

06-18 19:14:20.118  1565  6421 I LSPosed-Bridge: 	at android.os.IPermissionController$Stub.onTransact(IPermissionController.java:56)

06-18 19:14:20.118  1565  6421 I LSPosed-Bridge: 	at android.os.Binder.execTransact(Binder.java:731)

06-18 19:14:20.120  8272  8460 I LSPosed-Bridge: 8272 PermLabel 10137 android.permission.CAMERA open cameraId: 0; res= null; stacktrace=java.lang.Exception

06-18 19:14:20.120  8272  8460 I LSPosed-Bridge: 8272 PermLabel 10137 android.permission.CAMERA open cameraId: 0; res= null; stacktrace=java.lang.Exception

06-18 19:14:20.120  8272  8460 I LSPosed-Bridge: 	at com.example.permlabel.hookCamera$3.afterHookedMethod(hookCamera.java:49)

06-18 19:14:20.120  8272  8460 I LSPosed-Bridge: 	at com.example.permlabel.hookCamera$3.afterHookedMethod(hookCamera.java:49)

06-18 19:14:20.120  8272  8460 I LSPosed-Bridge: 	at de.robv.android.xposed.XposedBridge$AdditionalHookInfo.callback(Unknown Source:147)

06-18 19:14:20.120  8272  8460 I LSPosed-Bridge: 	at de.robv.android.xposed.XposedBridge$AdditionalHookInfo.callback(Unknown Source:147)

06-18 19:14:20.120  8272  8460 I LSPosed-Bridge: 	at LSPHooker_.open(Unknown Source:12)

06-18 19:14:20.120  8272  8460 I LSPosed-Bridge: 	at LSPHooker_.open(Unknown Source:12)

06-18 19:14:20.120  8272  8460 I LSPosed-Bridge: 	at org.chromium.media.VideoCaptureFactory.isZoomSupported(chromium-Monochrome.aab-stable-573513121:10)

06-18 19:14:20.120  8272  8460 I LSPosed-Bridge: 	at org.chromium.media.VideoCaptureFactory.isZoomSupported(chromium-Monochrome.aab-stable-573513121:10)

06-18 19:14:20.120  8272  8460 I LSPosed-Bridge: 8272 PermLabel 10137 android.permission.CAMERA open cameraId: 0; res= null; stacktrace=java.lang.Exception

06-18 19:14:20.120  8272  8460 I LSPosed-Bridge: 8272 PermLabel 10137 android.permission.CAMERA open cameraId: 0; res= null; stacktrace=java.lang.Exception

06-18 19:14:20.120  8272  8460 I LSPosed-Bridge: 	at com.example.permlabel.hookCamera$3.afterHookedMethod(hookCamera.java:49)

06-18 19:14:20.120  8272  8460 I LSPosed-Bridge: 	at com.example.permlabel.hookCamera$3.afterHookedMethod(hookCamera.java:49)

06-18 19:14:20.120  8272  8460 I LSPosed-Bridge: 	at de.robv.android.xposed.XposedBridge$AdditionalHookInfo.callback(Unknown Source:147)

06-18 19:14:20.120  8272  8460 I LSPosed-Bridge: 	at de.robv.android.xposed.XposedBridge$AdditionalHookInfo.callback(Unknown Source:147)

06-18 19:14:20.120  8272  8460 I LSPosed-Bridge: 	at LSPHooker_.open(Unknown Source:12)

06-18 19:14:20.120  8272  8460 I LSPosed-Bridge: 	at LSPHooker_.open(Unknown Source:12)

06-18 19:14:20.120  8272  8460 I LSPosed-Bridge: 	at org.chromium.media.VideoCaptureFactory.isZoomSupported(chromium-Monochrome.aab-stable-573513121:10)

06-18 19:14:20.120  8272  8460 I LSPosed-Bridge: 	at org.chromium.media.VideoCaptureFactory.isZoomSupported(chromium-Monochrome.aab-stable-573513121:10)

06-18 19:14:20.120  8272  8460 E cr_VideoCapture: Camera.open: 

06-18 19:14:20.120  8272  8460 E cr_VideoCapture: Camera.open: 

06-18 19:14:20.120  8272  8460 E cr_VideoCapture: java.lang.RuntimeException: Fail to connect to camera service

06-18 19:14:20.120  8272  8460 E cr_VideoCapture: java.lang.RuntimeException: Fail to connect to camera service

06-18 19:14:20.120  8272  8460 E cr_VideoCapture: 	at android.hardware.Camera.<init>(Camera.java:669)

06-18 19:14:20.120  8272  8460 E cr_VideoCapture: 	at android.hardware.Camera.<init>(Camera.java:669)

06-18 19:14:20.120  8272  8460 E cr_VideoCapture: 	at android.hardware.Camera.open(Camera.java:460)

06-18 19:14:20.120  8272  8460 E cr_VideoCapture: 	at android.hardware.Camera.open(Camera.java:460)

06-18 19:14:20.120  8272  8460 E cr_VideoCapture: 	at java.lang.reflect.Method.invoke(Native Method)

06-18 19:14:20.120  8272  8460 E cr_VideoCapture: 	at java.lang.reflect.Method.invoke(Native Method)

06-18 19:14:20.120  8272  8460 E cr_VideoCapture: 	at org.lsposed.lspd.nativebridge.HookBridge.invokeOriginalMethod(Native Method)

06-18 19:14:20.120  8272  8460 E cr_VideoCapture: 	at org.lsposed.lspd.nativebridge.HookBridge.invokeOriginalMethod(Native Method)

06-18 19:14:20.120  8272  8460 E cr_VideoCapture: 	at de.robv.android.xposed.XposedBridge$AdditionalHookInfo.callback(Unknown Source:110)

06-18 19:14:20.120  8272  8460 E cr_VideoCapture: 	at de.robv.android.xposed.XposedBridge$AdditionalHookInfo.callback(Unknown Source:110)

06-18 19:14:20.120  8272  8460 E cr_VideoCapture: 	at LSPHooker_.open(Unknown Source:12)

06-18 19:14:20.120  8272  8460 E cr_VideoCapture: 	at LSPHooker_.open(Unknown Source:12)

06-18 19:14:20.120  8272  8460 E cr_VideoCapture: 	at org.chromium.media.VideoCaptureFactory.isZoomSupported(chromium-Monochrome.aab-stable-573513121:10)

06-18 19:14:20.120  8272  8460 E cr_VideoCapture: 	at org.chromium.media.VideoCaptureFactory.isZoomSupported(chromium-Monochrome.aab-stable-573513121:10)

06-18 19:14:20.133   908   908 I CameraService: CameraService::connect call (PID -1 "com.newandromo.dev631029.app807991", camera ID 0) for HAL version default and Camera API version 1

06-18 19:14:20.133  1565  6421 I LSPosed-Bridge: 8272 PermLabel 10137 AMS.checkPermission: Binder.getCallingPid() = 908; uid = 10137; Binder.getCallingUid() = 1047; getNameForUid: null; getPackagesForUid: null; permName: android.permission.CAMERA; type = 1; res = -1; stacktrace=java.lang.Exception

06-18 19:14:20.133  1565  6421 I LSPosed-Bridge: 	at com.example.permlabel.requirePerm$1$2.afterHookedMethod(requirePerm.java:125)

06-18 19:14:20.133  1565  6421 I LSPosed-Bridge: 	at de.robv.android.xposed.XposedBridge$AdditionalHookInfo.callback(Unknown Source:147)

06-18 19:14:20.133  1565  6421 I LSPosed-Bridge: 	at LSPHooker_.checkPermission(Unknown Source:25)

06-18 19:14:20.133  1565  6421 I LSPosed-Bridge: 	at com.android.server.am.ActivityManagerService$PermissionController.checkPermission(ActivityManagerService.java:9248)

06-18 19:14:20.133  1565  6421 I LSPosed-Bridge: 	at android.os.IPermissionController$Stub.onTransact(IPermissionController.java:56)

06-18 19:14:20.133  1565  6421 I LSPosed-Bridge: 	at android.os.Binder.execTransact(Binder.java:731)

06-18 19:14:20.236  1565  2356 I LSPosed-Bridge: 8272 PermLabel 10137 AMS.checkPermission: Binder.getCallingPid() = 908; uid = 10137; Binder.getCallingUid() = 1047; getNameForUid: null; getPackagesForUid: null; permName: android.permission.CAMERA; type = 1; res = -1; stacktrace=java.lang.Exception

06-18 19:14:20.236  1565  2356 I LSPosed-Bridge: 	at com.example.permlabel.requirePerm$1$2.afterHookedMethod(requirePerm.java:125)

06-18 19:14:20.236  1565  2356 I LSPosed-Bridge: 	at de.robv.android.xposed.XposedBridge$AdditionalHookInfo.callback(Unknown Source:147)

06-18 19:14:20.236  1565  2356 I LSPosed-Bridge: 	at LSPHooker_.checkPermission(Unknown Source:25)

06-18 19:14:20.236  1565  2356 I LSPosed-Bridge: 	at com.android.server.am.ActivityManagerService$PermissionController.checkPermission(ActivityManagerService.java:9248)

06-18 19:14:20.236  1565  2356 I LSPosed-Bridge: 	at android.os.IPermissionController$Stub.onTransact(IPermissionController.java:56)

06-18 19:14:20.236  1565  2356 I LSPosed-Bridge: 	at android.os.Binder.execTransact(Binder.java:731)

06-18 19:14:20.236   908   908 W ServiceManager: Permission failure: android.permission.CAMERA from uid=10137 pid=8272

06-18 19:14:20.236   908   908 E CameraService: Permission Denial: can't use the camera pid=8272, uid=10137

06-18 19:14:20.340  1565  2356 I LSPosed-Bridge: 8272 PermLabel 10137 AMS.checkPermission: Binder.getCallingPid() = 908; uid = 10137; Binder.getCallingUid() = 1047; getNameForUid: null; getPackagesForUid: null; permName: android.permission.CAMERA; type = 1; res = -1; stacktrace=java.lang.Exception

06-18 19:14:20.340  1565  2356 I LSPosed-Bridge: 	at com.example.permlabel.requirePerm$1$2.afterHookedMethod(requirePerm.java:125)

06-18 19:14:20.340  1565  2356 I LSPosed-Bridge: 	at de.robv.android.xposed.XposedBridge$AdditionalHookInfo.callback(Unknown Source:147)

06-18 19:14:20.340  1565  2356 I LSPosed-Bridge: 	at LSPHooker_.checkPermission(Unknown Source:25)

06-18 19:14:20.340  1565  2356 I LSPosed-Bridge: 	at com.android.server.am.ActivityManagerService$PermissionController.checkPermission(ActivityManagerService.java:9248)

06-18 19:14:20.340  1565  2356 I LSPosed-Bridge: 	at android.os.IPermissionController$Stub.onTransact(IPermissionController.java:56)

06-18 19:14:20.340  1565  2356 I LSPosed-Bridge: 	at android.os.Binder.execTransact(Binder.java:731)

06-18 19:14:20.340   908   908 W ServiceManager: Permission failure: android.permission.CAMERA from uid=10137 pid=8272

06-18 19:14:20.340   908   908 E CameraService: Permission Denial: can't use the camera pid=8272, uid=10137

06-18 19:14:20.446  1565  2356 I LSPosed-Bridge: 8272 PermLabel 10137 AMS.checkPermission: Binder.getCallingPid() = 908; uid = 10137; Binder.getCallingUid() = 1047; getNameForUid: null; getPackagesForUid: null; permName: android.permission.CAMERA; type = 1; res = -1; stacktrace=java.lang.Exception

06-18 19:14:20.446  1565  2356 I LSPosed-Bridge: 	at com.example.permlabel.requirePerm$1$2.afterHookedMethod(requirePerm.java:125)

06-18 19:14:20.446  1565  2356 I LSPosed-Bridge: 	at de.robv.android.xposed.XposedBridge$AdditionalHookInfo.callback(Unknown Source:147)

06-18 19:14:20.446  1565  2356 I LSPosed-Bridge: 	at LSPHooker_.checkPermission(Unknown Source:25)

06-18 19:14:20.446  1565  2356 I LSPosed-Bridge: 	at com.android.server.am.ActivityManagerService$PermissionController.checkPermission(ActivityManagerService.java:9248)

06-18 19:14:20.446  1565  2356 I LSPosed-Bridge: 	at android.os.IPermissionController$Stub.onTransact(IPermissionController.java:56)

06-18 19:14:20.446  1565  2356 I LSPosed-Bridge: 	at android.os.Binder.execTransact(Binder.java:731)

06-18 19:14:20.446   908   908 W ServiceManager: Permission failure: android.permission.CAMERA from uid=10137 pid=8272

06-18 19:14:20.446   908   908 E CameraService: Permission Denial: can't use the camera pid=8272, uid=10137

06-18 19:14:20.550  1565  2356 I LSPosed-Bridge: 8272 PermLabel 10137 AMS.checkPermission: Binder.getCallingPid() = 908; uid = 10137; Binder.getCallingUid() = 1047; getNameForUid: null; getPackagesForUid: null; permName: android.permission.CAMERA; type = 1; res = -1; stacktrace=java.lang.Exception

06-18 19:14:20.550  1565  2356 I LSPosed-Bridge: 	at com.example.permlabel.requirePerm$1$2.afterHookedMethod(requirePerm.java:125)

06-18 19:14:20.550  1565  2356 I LSPosed-Bridge: 	at de.robv.android.xposed.XposedBridge$AdditionalHookInfo.callback(Unknown Source:147)

06-18 19:14:20.550  1565  2356 I LSPosed-Bridge: 	at LSPHooker_.checkPermission(Unknown Source:25)

06-18 19:14:20.550  1565  2356 I LSPosed-Bridge: 	at com.android.server.am.ActivityManagerService$PermissionController.checkPermission(ActivityManagerService.java:9248)

06-18 19:14:20.550  1565  2356 I LSPosed-Bridge: 	at android.os.IPermissionController$Stub.onTransact(IPermissionController.java:56)

06-18 19:14:20.550  1565  2356 I LSPosed-Bridge: 	at android.os.Binder.execTransact(Binder.java:731)

06-18 19:14:20.654  1565  2356 I LSPosed-Bridge: 8272 PermLabel 10137 AMS.checkPermission: Binder.getCallingPid() = 908; uid = 10137; Binder.getCallingUid() = 1047; getNameForUid: null; getPackagesForUid: null; permName: android.permission.CAMERA; type = 1; res = -1; stacktrace=java.lang.Exception

06-18 19:14:20.654  1565  2356 I LSPosed-Bridge: 	at com.example.permlabel.requirePerm$1$2.afterHookedMethod(requirePerm.java:125)

06-18 19:14:20.654  1565  2356 I LSPosed-Bridge: 	at de.robv.android.xposed.XposedBridge$AdditionalHookInfo.callback(Unknown Source:147)

06-18 19:14:20.654  1565  2356 I LSPosed-Bridge: 	at LSPHooker_.checkPermission(Unknown Source:25)

06-18 19:14:20.654  1565  2356 I LSPosed-Bridge: 	at com.android.server.am.ActivityManagerService$PermissionController.checkPermission(ActivityManagerService.java:9248)

06-18 19:14:20.654  1565  2356 I LSPosed-Bridge: 	at android.os.IPermissionController$Stub.onTransact(IPermissionController.java:56)

06-18 19:14:20.654  1565  2356 I LSPosed-Bridge: 	at android.os.Binder.execTransact(Binder.java:731)

06-18 19:14:20.654   908   908 W ServiceManager: Permission failure: android.permission.CAMERA from uid=10137 pid=8272

06-18 19:14:20.654   908   908 E CameraService: Permission Denial: can't use the camera pid=8272, uid=10137

06-18 19:14:20.756   908   908 I CameraService: CameraService::connect call (PID -1 "com.newandromo.dev631029.app807991", camera ID 0) for HAL version default and Camera API version 1

06-18 19:14:20.756  1565  2356 I LSPosed-Bridge: 8272 PermLabel 10137 AMS.checkPermission: Binder.getCallingPid() = 908; uid = 10137; Binder.getCallingUid() = 1047; getNameForUid: null; getPackagesForUid: null; permName: android.permission.CAMERA; type = 1; res = -1; stacktrace=java.lang.Exception

06-18 19:14:20.756  1565  2356 I LSPosed-Bridge: 	at com.example.permlabel.requirePerm$1$2.afterHookedMethod(requirePerm.java:125)

06-18 19:14:20.756  1565  2356 I LSPosed-Bridge: 	at de.robv.android.xposed.XposedBridge$AdditionalHookInfo.callback(Unknown Source:147)

06-18 19:14:20.756  1565  2356 I LSPosed-Bridge: 	at LSPHooker_.checkPermission(Unknown Source:25)

06-18 19:14:20.756  1565  2356 I LSPosed-Bridge: 	at com.android.server.am.ActivityManagerService$PermissionController.checkPermission(ActivityManagerService.java:9248)

06-18 19:14:20.756  1565  2356 I LSPosed-Bridge: 	at android.os.IPermissionController$Stub.onTransact(IPermissionController.java:56)

06-18 19:14:20.756  1565  2356 I LSPosed-Bridge: 	at android.os.Binder.execTransact(Binder.java:731)

06-18 19:14:20.859  1565  2356 I LSPosed-Bridge: 8272 PermLabel 10137 AMS.checkPermission: Binder.getCallingPid() = 908; uid = 10137; Binder.getCallingUid() = 1047; getNameForUid: null; getPackagesForUid: null; permName: android.permission.CAMERA; type = 1; res = -1; stacktrace=java.lang.Exception

06-18 19:14:20.859  1565  2356 I LSPosed-Bridge: 	at com.example.permlabel.requirePerm$1$2.afterHookedMethod(requirePerm.java:125)

06-18 19:14:20.859  1565  2356 I LSPosed-Bridge: 	at de.robv.android.xposed.XposedBridge$AdditionalHookInfo.callback(Unknown Source:147)

06-18 19:14:20.859  1565  2356 I LSPosed-Bridge: 	at LSPHooker_.checkPermission(Unknown Source:25)

06-18 19:14:20.859  1565  2356 I LSPosed-Bridge: 	at com.android.server.am.ActivityManagerService$PermissionController.checkPermission(ActivityManagerService.java:9248)

06-18 19:14:20.859  1565  2356 I LSPosed-Bridge: 	at android.os.IPermissionController$Stub.onTransact(IPermissionController.java:56)

06-18 19:14:20.859  1565  2356 I LSPosed-Bridge: 	at android.os.Binder.execTransact(Binder.java:731)

06-18 19:14:20.859   908   908 W ServiceManager: Permission failure: android.permission.CAMERA from uid=10137 pid=8272

06-18 19:14:20.859   908   908 E CameraService: Permission Denial: can't use the camera pid=8272, uid=10137

06-18 19:14:20.963  1565  1855 I LSPosed-Bridge: 8272 PermLabel 10137 AMS.checkPermission: Binder.getCallingPid() = 908; uid = 10137; Binder.getCallingUid() = 1047; getNameForUid: null; getPackagesForUid: null; permName: android.permission.CAMERA; type = 1; res = -1; stacktrace=java.lang.Exception

06-18 19:14:20.963  1565  1855 I LSPosed-Bridge: 	at com.example.permlabel.requirePerm$1$2.afterHookedMethod(requirePerm.java:125)

06-18 19:14:20.963  1565  1855 I LSPosed-Bridge: 	at de.robv.android.xposed.XposedBridge$AdditionalHookInfo.callback(Unknown Source:147)

06-18 19:14:20.963  1565  1855 I LSPosed-Bridge: 	at LSPHooker_.checkPermission(Unknown Source:25)

06-18 19:14:20.963  1565  1855 I LSPosed-Bridge: 	at com.android.server.am.ActivityManagerService$PermissionController.checkPermission(ActivityManagerService.java:9248)

06-18 19:14:20.963  1565  1855 I LSPosed-Bridge: 	at android.os.IPermissionController$Stub.onTransact(IPermissionController.java:56)

06-18 19:14:20.963  1565  1855 I LSPosed-Bridge: 	at android.os.Binder.execTransact(Binder.java:731)

06-18 19:14:20.965  8272  8460 I LSPosed-Bridge: 8272 PermLabel 10137 android.permission.CAMERA open cameraId: 0; res= null; stacktrace=java.lang.Exception

06-18 19:14:20.965  8272  8460 I LSPosed-Bridge: 	at com.example.permlabel.hookCamera$3.afterHookedMethod(hookCamera.java:49)

06-18 19:14:20.965  8272  8460 I LSPosed-Bridge: 	at de.robv.android.xposed.XposedBridge$AdditionalHookInfo.callback(Unknown Source:147)

06-18 19:14:20.965  8272  8460 I LSPosed-Bridge: 	at LSPHooker_.open(Unknown Source:12)

06-18 19:14:20.965  8272  8460 I LSPosed-Bridge: 	at org.chromium.media.VideoCaptureFactory.getDeviceSupportedFormats(chromium-Monochrome.aab-stable-573513121:13)

06-18 19:14:20.966  8272  8460 I LSPosed-Bridge: 8272 PermLabel 10137 android.permission.CAMERA open cameraId: 0; res= null; stacktrace=java.lang.Exception

06-18 19:14:20.966  8272  8460 I LSPosed-Bridge: 	at com.example.permlabel.hookCamera$3.afterHookedMethod(hookCamera.java:49)

06-18 19:14:20.966  8272  8460 I LSPosed-Bridge: 	at de.robv.android.xposed.XposedBridge$AdditionalHookInfo.callback(Unknown Source:147)

06-18 19:14:20.966  8272  8460 I LSPosed-Bridge: 	at LSPHooker_.open(Unknown Source:12)

06-18 19:14:20.966  8272  8460 I LSPosed-Bridge: 	at org.chromium.media.VideoCaptureFactory.getDeviceSupportedFormats(chromium-Monochrome.aab-stable-573513121:13)

06-18 19:14:20.966  8272  8460 E cr_VideoCapture: Camera.open: 

06-18 19:14:20.966  8272  8460 E cr_VideoCapture: java.lang.RuntimeException: Fail to connect to camera service

06-18 19:14:20.966  8272  8460 E cr_VideoCapture: 	at android.hardware.Camera.<init>(Camera.java:669)

06-18 19:14:20.966  8272  8460 E cr_VideoCapture: 	at android.hardware.Camera.open(Camera.java:460)

06-18 19:14:20.966  8272  8460 E cr_VideoCapture: 	at java.lang.reflect.Method.invoke(Native Method)

06-18 19:14:20.966  8272  8460 E cr_VideoCapture: 	at org.lsposed.lspd.nativebridge.HookBridge.invokeOriginalMethod(Native Method)

06-18 19:14:20.966  8272  8460 E cr_VideoCapture: 	at de.robv.android.xposed.XposedBridge$AdditionalHookInfo.callback(Unknown Source:110)

06-18 19:14:20.966  8272  8460 E cr_VideoCapture: 	at LSPHooker_.open(Unknown Source:12)

06-18 19:14:20.966  8272  8460 E cr_VideoCapture: 	at org.chromium.media.VideoCaptureFactory.getDeviceSupportedFormats(chromium-Monochrome.aab-stable-573513121:13)

06-18 19:15:31.380  8272  8460 I LSPosed-Bridge: 8272 PermLabel 10137 android.permission.CAMERA getCameraInfo args0: 1; args1: android.hardware.Camera$CameraInfo@a9c63dd; res= null; stacktrace=java.lang.Exception

06-18 19:15:31.380  8272  8460 I LSPosed-Bridge: 	at com.example.permlabel.hookCamera$1.afterHookedMethod(hookCamera.java:21)

06-18 19:15:31.380  8272  8460 I LSPosed-Bridge: 	at de.robv.android.xposed.XposedBridge$AdditionalHookInfo.callback(Unknown Source:147)

06-18 19:15:31.380  8272  8460 I LSPosed-Bridge: 	at LSPHooker_.getCameraInfo(Unknown Source:15)

06-18 19:15:31.380  8272  8460 I LSPosed-Bridge: 	at z74.e(chromium-Monochrome.aab-stable-573513121:6)

06-18 19:15:31.380  8272  8460 I LSPosed-Bridge: 	at org.chromium.media.VideoCaptureFactory.getDeviceName(chromium-Monochrome.aab-stable-573513121:15)

06-18 19:15:31.383  8272  8460 I LSPosed-Bridge: 8272 PermLabel 10137 android.permission.CAMERA getCameraInfo args0: 1; args1: android.hardware.Camera$CameraInfo@a9c63dd; res= null; stacktrace=java.lang.Exception

06-18 19:15:31.383  8272  8460 I LSPosed-Bridge: 	at com.example.permlabel.hookCamera$1.afterHookedMethod(hookCamera.java:21)

06-18 19:15:31.383  8272  8460 I LSPosed-Bridge: 	at de.robv.android.xposed.XposedBridge$AdditionalHookInfo.callback(Unknown Source:147)

06-18 19:15:31.383  8272  8460 I LSPosed-Bridge: 	at LSPHooker_.getCameraInfo(Unknown Source:15)

06-18 19:15:31.383  8272  8460 I LSPosed-Bridge: 	at z74.e(chromium-Monochrome.aab-stable-573513121:6)

06-18 19:15:31.383  8272  8460 I LSPosed-Bridge: 	at org.chromium.media.VideoCaptureFactory.getDeviceName(chromium-Monochrome.aab-stable-573513121:15)

06-18 19:15:31.411  8272  8460 I LSPosed-Bridge: 8272 PermLabel 10137 android.permission.CAMERA getCameraInfo args0: 1; args1: android.hardware.Camera$CameraInfo@3d60f20; res= null; stacktrace=java.lang.Exception

06-18 19:15:31.411  8272  8460 I LSPosed-Bridge: 	at com.example.permlabel.hookCamera$1.afterHookedMethod(hookCamera.java:21)

06-18 19:15:31.411  8272  8460 I LSPosed-Bridge: 	at de.robv.android.xposed.XposedBridge$AdditionalHookInfo.callback(Unknown Source:147)

06-18 19:15:31.411  8272  8460 I LSPosed-Bridge: 	at LSPHooker_.getCameraInfo(Unknown Source:15)

06-18 19:15:31.411  8272  8460 I LSPosed-Bridge: 	at z74.e(chromium-Monochrome.aab-stable-573513121:6)

06-18 19:15:31.411  8272  8460 I LSPosed-Bridge: 	at org.chromium.media.VideoCaptureFactory.getCaptureApiType(chromium-Monochrome.aab-stable-573513121:8)

06-18 19:15:31.412  8272  8460 I LSPosed-Bridge: 8272 PermLabel 10137 android.permission.CAMERA getCameraInfo args0: 1; args1: android.hardware.Camera$CameraInfo@3d60f20; res= null; stacktrace=java.lang.Exception

06-18 19:15:31.412  8272  8460 I LSPosed-Bridge: 	at com.example.permlabel.hookCamera$1.afterHookedMethod(hookCamera.java:21)

06-18 19:15:31.412  8272  8460 I LSPosed-Bridge: 	at de.robv.android.xposed.XposedBridge$AdditionalHookInfo.callback(Unknown Source:147)

06-18 19:15:31.412  8272  8460 I LSPosed-Bridge: 	at LSPHooker_.getCameraInfo(Unknown Source:15)

06-18 19:15:31.412  8272  8460 I LSPosed-Bridge: 	at z74.e(chromium-Monochrome.aab-stable-573513121:6)

06-18 19:15:31.412  8272  8460 I LSPosed-Bridge: 	at org.chromium.media.VideoCaptureFactory.getCaptureApiType(chromium-Monochrome.aab-stable-573513121:8)

06-18 19:15:31.424  8272  8460 I LSPosed-Bridge: 8272 PermLabel 10137 android.permission.CAMERA getCameraInfo args0: 1; args1: android.hardware.Camera$CameraInfo@318597f; res= null; stacktrace=java.lang.Exception

06-18 19:15:31.424  8272  8460 I LSPosed-Bridge: 8272 PermLabel 10137 android.permission.CAMERA getCameraInfo args0: 1; args1: android.hardware.Camera$CameraInfo@318597f; res= null; stacktrace=java.lang.Exception

06-18 19:15:31.424  8272  8460 I LSPosed-Bridge: 	at com.example.permlabel.hookCamera$1.afterHookedMethod(hookCamera.java:21)

06-18 19:15:31.424  8272  8460 I LSPosed-Bridge: 	at com.example.permlabel.hookCamera$1.afterHookedMethod(hookCamera.java:21)

06-18 19:15:31.424  8272  8460 I LSPosed-Bridge: 	at de.robv.android.xposed.XposedBridge$AdditionalHookInfo.callback(Unknown Source:147)

06-18 19:15:31.424  8272  8460 I LSPosed-Bridge: 	at de.robv.android.xposed.XposedBridge$AdditionalHookInfo.callback(Unknown Source:147)

06-18 19:15:31.424  8272  8460 I LSPosed-Bridge: 	at LSPHooker_.getCameraInfo(Unknown Source:15)

06-18 19:15:31.424  8272  8460 I LSPosed-Bridge: 	at LSPHooker_.getCameraInfo(Unknown Source:15)

06-18 19:15:31.424  8272  8460 I LSPosed-Bridge: 	at z74.e(chromium-Monochrome.aab-stable-573513121:6)

06-18 19:15:31.424  8272  8460 I LSPosed-Bridge: 	at z74.e(chromium-Monochrome.aab-stable-573513121:6)

06-18 19:15:31.424  8272  8460 I LSPosed-Bridge: 	at org.chromium.media.VideoCaptureFactory.getFacingMode(chromium-Monochrome.aab-stable-573513121:10)

06-18 19:15:31.424  8272  8460 I LSPosed-Bridge: 	at org.chromium.media.VideoCaptureFactory.getFacingMode(chromium-Monochrome.aab-stable-573513121:10)

06-18 19:15:31.424  8272  8460 I LSPosed-Bridge: 8272 PermLabel 10137 android.permission.CAMERA getCameraInfo args0: 1; args1: android.hardware.Camera$CameraInfo@318597f; res= null; stacktrace=java.lang.Exception

06-18 19:15:31.424  8272  8460 I LSPosed-Bridge: 8272 PermLabel 10137 android.permission.CAMERA getCameraInfo args0: 1; args1: android.hardware.Camera$CameraInfo@318597f; res= null; stacktrace=java.lang.Exception

06-18 19:15:31.424  8272  8460 I LSPosed-Bridge: 	at com.example.permlabel.hookCamera$1.afterHookedMethod(hookCamera.java:21)

06-18 19:15:31.424  8272  8460 I LSPosed-Bridge: 	at com.example.permlabel.hookCamera$1.afterHookedMethod(hookCamera.java:21)

06-18 19:15:31.424  8272  8460 I LSPosed-Bridge: 	at de.robv.android.xposed.XposedBridge$AdditionalHookInfo.callback(Unknown Source:147)

06-18 19:15:31.424  8272  8460 I LSPosed-Bridge: 	at de.robv.android.xposed.XposedBridge$AdditionalHookInfo.callback(Unknown Source:147)

06-18 19:15:31.424  8272  8460 I LSPosed-Bridge: 	at LSPHooker_.getCameraInfo(Unknown Source:15)

06-18 19:15:31.424  8272  8460 I LSPosed-Bridge: 	at LSPHooker_.getCameraInfo(Unknown Source:15)

06-18 19:15:31.424  8272  8460 I LSPosed-Bridge: 	at z74.e(chromium-Monochrome.aab-stable-573513121:6)

06-18 19:15:31.424  8272  8460 I LSPosed-Bridge: 	at z74.e(chromium-Monochrome.aab-stable-573513121:6)

06-18 19:15:31.424  8272  8460 I LSPosed-Bridge: 	at org.chromium.media.VideoCaptureFactory.getFacingMode(chromium-Monochrome.aab-stable-573513121:10)

06-18 19:15:31.424  8272  8460 I LSPosed-Bridge: 	at org.chromium.media.VideoCaptureFactory.getFacingMode(chromium-Monochrome.aab-stable-573513121:10)

06-18 19:15:31.424  8272  8272 W ThreadPoolSingl: type=1400 audit(0.0:788): avc: denied { read } for name="u:object_r:vendor_camera_prop:s0" dev="tmpfs" ino=13876 scontext=u:r:untrusted_app:s0:c137,c256,c512,c768 tcontext=u:object_r:vendor_camera_prop:s0 tclass=file permissive=0

06-18 19:15:31.424  8272  8272 W ThreadPoolSingl: type=1400 audit(0.0:788): avc: denied { read } for name="u:object_r:vendor_camera_prop:s0" dev="tmpfs" ino=13876 scontext=u:r:untrusted_app:s0:c137,c256,c512,c768 tcontext=u:object_r:vendor_camera_prop:s0 tclass=file permissive=0

06-18 19:15:31.434  8272  8460 I LSPosed-Bridge: 8272 PermLabel 10137 android.permission.CAMERA getCameraInfo args0: 0; args1: android.hardware.Camera$CameraInfo@bf7b2aa; res= null; stacktrace=java.lang.Exception

06-18 19:15:31.434  8272  8460 I LSPosed-Bridge: 	at com.example.permlabel.hookCamera$1.afterHookedMethod(hookCamera.java:21)

06-18 19:15:31.434  8272  8460 I LSPosed-Bridge: 	at de.robv.android.xposed.XposedBridge$AdditionalHookInfo.callback(Unknown Source:147)

06-18 19:15:31.434  8272  8460 I LSPosed-Bridge: 	at LSPHooker_.getCameraInfo(Unknown Source:15)

06-18 19:15:31.434  8272  8460 I LSPosed-Bridge: 	at z74.e(chromium-Monochrome.aab-stable-573513121:6)

06-18 19:15:31.434  8272  8460 I LSPosed-Bridge: 	at org.chromium.media.VideoCaptureFactory.getDeviceName(chromium-Monochrome.aab-stable-573513121:15)

06-18 19:15:31.435  8272  8460 I LSPosed-Bridge: 8272 PermLabel 10137 android.permission.CAMERA getCameraInfo args0: 0; args1: android.hardware.Camera$CameraInfo@bf7b2aa; res= null; stacktrace=java.lang.Exception

06-18 19:15:31.435  8272  8460 I LSPosed-Bridge: 	at com.example.permlabel.hookCamera$1.afterHookedMethod(hookCamera.java:21)

06-18 19:15:31.435  8272  8460 I LSPosed-Bridge: 	at de.robv.android.xposed.XposedBridge$AdditionalHookInfo.callback(Unknown Source:147)

06-18 19:15:31.435  8272  8460 I LSPosed-Bridge: 	at LSPHooker_.getCameraInfo(Unknown Source:15)

06-18 19:15:31.435  8272  8460 I LSPosed-Bridge: 	at z74.e(chromium-Monochrome.aab-stable-573513121:6)

06-18 19:15:31.435  8272  8460 I LSPosed-Bridge: 	at org.chromium.media.VideoCaptureFactory.getDeviceName(chromium-Monochrome.aab-stable-573513121:15)

06-18 19:15:31.455  8272  8460 I LSPosed-Bridge: 8272 PermLabel 10137 android.permission.CAMERA getCameraInfo args0: 0; args1: android.hardware.Camera$CameraInfo@15c5211; res= null; stacktrace=java.lang.Exception

06-18 19:15:31.455  8272  8460 I LSPosed-Bridge: 8272 PermLabel 10137 android.permission.CAMERA getCameraInfo args0: 0; args1: android.hardware.Camera$CameraInfo@15c5211; res= null; stacktrace=java.lang.Exception

06-18 19:15:31.455  8272  8460 I LSPosed-Bridge: 	at com.example.permlabel.hookCamera$1.afterHookedMethod(hookCamera.java:21)

06-18 19:15:31.455  8272  8460 I LSPosed-Bridge: 	at com.example.permlabel.hookCamera$1.afterHookedMethod(hookCamera.java:21)

06-18 19:15:31.455  8272  8460 I LSPosed-Bridge: 	at de.robv.android.xposed.XposedBridge$AdditionalHookInfo.callback(Unknown Source:147)

06-18 19:15:31.455  8272  8460 I LSPosed-Bridge: 	at de.robv.android.xposed.XposedBridge$AdditionalHookInfo.callback(Unknown Source:147)

06-18 19:15:31.455  8272  8460 I LSPosed-Bridge: 	at LSPHooker_.getCameraInfo(Unknown Source:15)

06-18 19:15:31.455  8272  8460 I LSPosed-Bridge: 	at LSPHooker_.getCameraInfo(Unknown Source:15)

06-18 19:15:31.455  8272  8460 I LSPosed-Bridge: 	at z74.e(chromium-Monochrome.aab-stable-573513121:6)

06-18 19:15:31.455  8272  8460 I LSPosed-Bridge: 	at z74.e(chromium-Monochrome.aab-stable-573513121:6)

06-18 19:15:31.455  8272  8460 I LSPosed-Bridge: 	at org.chromium.media.VideoCaptureFactory.getCaptureApiType(chromium-Monochrome.aab-stable-573513121:8)

06-18 19:15:31.455  8272  8460 I LSPosed-Bridge: 	at org.chromium.media.VideoCaptureFactory.getCaptureApiType(chromium-Monochrome.aab-stable-573513121:8)

06-18 19:15:31.455  8272  8460 I LSPosed-Bridge: 8272 PermLabel 10137 android.permission.CAMERA getCameraInfo args0: 0; args1: android.hardware.Camera$CameraInfo@15c5211; res= null; stacktrace=java.lang.Exception

06-18 19:15:31.455  8272  8460 I LSPosed-Bridge: 8272 PermLabel 10137 android.permission.CAMERA getCameraInfo args0: 0; args1: android.hardware.Camera$CameraInfo@15c5211; res= null; stacktrace=java.lang.Exception

06-18 19:15:31.455  8272  8460 I LSPosed-Bridge: 	at com.example.permlabel.hookCamera$1.afterHookedMethod(hookCamera.java:21)

06-18 19:15:31.455  8272  8460 I LSPosed-Bridge: 	at com.example.permlabel.hookCamera$1.afterHookedMethod(hookCamera.java:21)

06-18 19:15:31.455  8272  8460 I LSPosed-Bridge: 	at de.robv.android.xposed.XposedBridge$AdditionalHookInfo.callback(Unknown Source:147)

06-18 19:15:31.455  8272  8460 I LSPosed-Bridge: 	at de.robv.android.xposed.XposedBridge$AdditionalHookInfo.callback(Unknown Source:147)

06-18 19:15:31.455  8272  8460 I LSPosed-Bridge: 	at LSPHooker_.getCameraInfo(Unknown Source:15)

06-18 19:15:31.455  8272  8460 I LSPosed-Bridge: 	at LSPHooker_.getCameraInfo(Unknown Source:15)

06-18 19:15:31.455  8272  8460 I LSPosed-Bridge: 	at z74.e(chromium-Monochrome.aab-stable-573513121:6)

06-18 19:15:31.455  8272  8460 I LSPosed-Bridge: 	at z74.e(chromium-Monochrome.aab-stable-573513121:6)

06-18 19:15:31.455  8272  8460 I LSPosed-Bridge: 	at org.chromium.media.VideoCaptureFactory.getCaptureApiType(chromium-Monochrome.aab-stable-573513121:8)

06-18 19:15:31.455  8272  8460 I LSPosed-Bridge: 	at org.chromium.media.VideoCaptureFactory.getCaptureApiType(chromium-Monochrome.aab-stable-573513121:8)

06-18 19:15:31.455   553   553 I ConfigStore: android::hardware::configstore::V1_0::ISurfaceFlingerConfigs::hasHDRDisplay retrieved: 0

06-18 19:15:31.455   553   553 I ConfigStore: android::hardware::configstore::V1_0::ISurfaceFlingerConfigs::hasHDRDisplay retrieved: 0

06-18 19:15:31.465  8272  8460 I LSPosed-Bridge: 8272 PermLabel 10137 android.permission.CAMERA getCameraInfo args0: 0; args1: android.hardware.Camera$CameraInfo@bdba9e4; res= null; stacktrace=java.lang.Exception

06-18 19:15:31.465  8272  8460 I LSPosed-Bridge: 8272 PermLabel 10137 android.permission.CAMERA getCameraInfo args0: 0; args1: android.hardware.Camera$CameraInfo@bdba9e4; res= null; stacktrace=java.lang.Exception

06-18 19:15:31.465  8272  8460 I LSPosed-Bridge: 	at com.example.permlabel.hookCamera$1.afterHookedMethod(hookCamera.java:21)

06-18 19:15:31.465  8272  8460 I LSPosed-Bridge: 	at com.example.permlabel.hookCamera$1.afterHookedMethod(hookCamera.java:21)

06-18 19:15:31.465  8272  8460 I LSPosed-Bridge: 	at de.robv.android.xposed.XposedBridge$AdditionalHookInfo.callback(Unknown Source:147)

06-18 19:15:31.465  8272  8460 I LSPosed-Bridge: 	at de.robv.android.xposed.XposedBridge$AdditionalHookInfo.callback(Unknown Source:147)

06-18 19:15:31.465  8272  8460 I LSPosed-Bridge: 	at LSPHooker_.getCameraInfo(Unknown Source:15)

06-18 19:15:31.465  8272  8460 I LSPosed-Bridge: 	at LSPHooker_.getCameraInfo(Unknown Source:15)

06-18 19:15:31.465  8272  8460 I LSPosed-Bridge: 	at z74.e(chromium-Monochrome.aab-stable-573513121:6)

06-18 19:15:31.465  8272  8460 I LSPosed-Bridge: 	at z74.e(chromium-Monochrome.aab-stable-573513121:6)

06-18 19:15:31.465  8272  8460 I LSPosed-Bridge: 	at org.chromium.media.VideoCaptureFactory.getFacingMode(chromium-Monochrome.aab-stable-573513121:10)

06-18 19:15:31.465  8272  8460 I LSPosed-Bridge: 	at org.chromium.media.VideoCaptureFactory.getFacingMode(chromium-Monochrome.aab-stable-573513121:10)

06-18 19:15:31.465  8272  8460 I LSPosed-Bridge: 8272 PermLabel 10137 android.permission.CAMERA getCameraInfo args0: 0; args1: android.hardware.Camera$CameraInfo@bdba9e4; res= null; stacktrace=java.lang.Exception

06-18 19:15:31.465  8272  8460 I LSPosed-Bridge: 8272 PermLabel 10137 android.permission.CAMERA getCameraInfo args0: 0; args1: android.hardware.Camera$CameraInfo@bdba9e4; res= null; stacktrace=java.lang.Exception

06-18 19:15:31.465  8272  8460 I LSPosed-Bridge: 	at com.example.permlabel.hookCamera$1.afterHookedMethod(hookCamera.java:21)

06-18 19:15:31.465  8272  8460 I LSPosed-Bridge: 	at com.example.permlabel.hookCamera$1.afterHookedMethod(hookCamera.java:21)

06-18 19:15:31.465  8272  8460 I LSPosed-Bridge: 	at de.robv.android.xposed.XposedBridge$AdditionalHookInfo.callback(Unknown Source:147)

06-18 19:15:31.465  8272  8460 I LSPosed-Bridge: 	at de.robv.android.xposed.XposedBridge$AdditionalHookInfo.callback(Unknown Source:147)

06-18 19:15:31.465  8272  8460 I LSPosed-Bridge: 	at LSPHooker_.getCameraInfo(Unknown Source:15)

06-18 19:15:31.465  8272  8460 I LSPosed-Bridge: 	at LSPHooker_.getCameraInfo(Unknown Source:15)

06-18 19:15:31.465  8272  8460 I LSPosed-Bridge: 	at z74.e(chromium-Monochrome.aab-stable-573513121:6)

06-18 19:15:31.465  8272  8460 I LSPosed-Bridge: 	at z74.e(chromium-Monochrome.aab-stable-573513121:6)

06-18 19:15:31.465  8272  8460 I LSPosed-Bridge: 	at org.chromium.media.VideoCaptureFactory.getFacingMode(chromium-Monochrome.aab-stable-573513121:10)

06-18 19:15:31.465  8272  8460 I LSPosed-Bridge: 	at org.chromium.media.VideoCaptureFactory.getFacingMode(chromium-Monochrome.aab-stable-573513121:10)

06-18 19:16:04.174  8272  8460 I LSPosed-Bridge: 8272 PermLabel 10137 android.permission.CAMERA getCameraInfo args0: 1; args1: android.hardware.Camera$CameraInfo@6c22b48; res= null; stacktrace=java.lang.Exception

06-18 19:16:04.174  8272  8460 I LSPosed-Bridge: 	at com.example.permlabel.hookCamera$1.afterHookedMethod(hookCamera.java:21)

06-18 19:16:04.174  8272  8460 I LSPosed-Bridge: 	at de.robv.android.xposed.XposedBridge$AdditionalHookInfo.callback(Unknown Source:147)

06-18 19:16:04.174  8272  8460 I LSPosed-Bridge: 	at LSPHooker_.getCameraInfo(Unknown Source:15)

06-18 19:16:04.174  8272  8460 I LSPosed-Bridge: 	at z74.e(chromium-Monochrome.aab-stable-573513121:6)

06-18 19:16:04.174  8272  8460 I LSPosed-Bridge: 	at org.chromium.media.VideoCaptureFactory.getDeviceName(chromium-Monochrome.aab-stable-573513121:15)

06-18 19:16:04.175  8272  8460 I LSPosed-Bridge: 8272 PermLabel 10137 android.permission.CAMERA getCameraInfo args0: 1; args1: android.hardware.Camera$CameraInfo@6c22b48; res= null; stacktrace=java.lang.Exception

06-18 19:16:04.175  8272  8460 I LSPosed-Bridge: 	at com.example.permlabel.hookCamera$1.afterHookedMethod(hookCamera.java:21)

06-18 19:16:04.175  8272  8460 I LSPosed-Bridge: 	at de.robv.android.xposed.XposedBridge$AdditionalHookInfo.callback(Unknown Source:147)

06-18 19:16:04.175  8272  8460 I LSPosed-Bridge: 	at LSPHooker_.getCameraInfo(Unknown Source:15)

06-18 19:16:04.175  8272  8460 I LSPosed-Bridge: 	at z74.e(chromium-Monochrome.aab-stable-573513121:6)

06-18 19:16:04.175  8272  8460 I LSPosed-Bridge: 	at org.chromium.media.VideoCaptureFactory.getDeviceName(chromium-Monochrome.aab-stable-573513121:15)

06-18 19:16:04.198  8272  8460 I LSPosed-Bridge: 8272 PermLabel 10137 android.permission.CAMERA getCameraInfo args0: 1; args1: android.hardware.Camera$CameraInfo@83da1c7; res= null; stacktrace=java.lang.Exception

06-18 19:16:04.198  8272  8460 I LSPosed-Bridge: 8272 PermLabel 10137 android.permission.CAMERA getCameraInfo args0: 1; args1: android.hardware.Camera$CameraInfo@83da1c7; res= null; stacktrace=java.lang.Exception

06-18 19:16:04.198  8272  8460 I LSPosed-Bridge: 	at com.example.permlabel.hookCamera$1.afterHookedMethod(hookCamera.java:21)

06-18 19:16:04.198  8272  8460 I LSPosed-Bridge: 	at com.example.permlabel.hookCamera$1.afterHookedMethod(hookCamera.java:21)

06-18 19:16:04.198  8272  8460 I LSPosed-Bridge: 	at de.robv.android.xposed.XposedBridge$AdditionalHookInfo.callback(Unknown Source:147)

06-18 19:16:04.198  8272  8460 I LSPosed-Bridge: 	at de.robv.android.xposed.XposedBridge$AdditionalHookInfo.callback(Unknown Source:147)

06-18 19:16:04.198  8272  8460 I LSPosed-Bridge: 	at LSPHooker_.getCameraInfo(Unknown Source:15)

06-18 19:16:04.198  8272  8460 I LSPosed-Bridge: 	at LSPHooker_.getCameraInfo(Unknown Source:15)

06-18 19:16:04.198  8272  8460 I LSPosed-Bridge: 	at z74.e(chromium-Monochrome.aab-stable-573513121:6)

06-18 19:16:04.198  8272  8460 I LSPosed-Bridge: 	at z74.e(chromium-Monochrome.aab-stable-573513121:6)

06-18 19:16:04.198  8272  8460 I LSPosed-Bridge: 	at org.chromium.media.VideoCaptureFactory.getCaptureApiType(chromium-Monochrome.aab-stable-573513121:8)

06-18 19:16:04.198  8272  8460 I LSPosed-Bridge: 	at org.chromium.media.VideoCaptureFactory.getCaptureApiType(chromium-Monochrome.aab-stable-573513121:8)

06-18 19:16:04.198  8272  8460 I LSPosed-Bridge: 8272 PermLabel 10137 android.permission.CAMERA getCameraInfo args0: 1; args1: android.hardware.Camera$CameraInfo@83da1c7; res= null; stacktrace=java.lang.Exception

06-18 19:16:04.198  8272  8460 I LSPosed-Bridge: 8272 PermLabel 10137 android.permission.CAMERA getCameraInfo args0: 1; args1: android.hardware.Camera$CameraInfo@83da1c7; res= null; stacktrace=java.lang.Exception

06-18 19:16:04.198  8272  8460 I LSPosed-Bridge: 	at com.example.permlabel.hookCamera$1.afterHookedMethod(hookCamera.java:21)

06-18 19:16:04.198  8272  8460 I LSPosed-Bridge: 	at com.example.permlabel.hookCamera$1.afterHookedMethod(hookCamera.java:21)

06-18 19:16:04.198  8272  8460 I LSPosed-Bridge: 	at de.robv.android.xposed.XposedBridge$AdditionalHookInfo.callback(Unknown Source:147)

06-18 19:16:04.198  8272  8460 I LSPosed-Bridge: 	at de.robv.android.xposed.XposedBridge$AdditionalHookInfo.callback(Unknown Source:147)

06-18 19:16:04.198  8272  8460 I LSPosed-Bridge: 	at LSPHooker_.getCameraInfo(Unknown Source:15)

06-18 19:16:04.198  8272  8460 I LSPosed-Bridge: 	at LSPHooker_.getCameraInfo(Unknown Source:15)

06-18 19:16:04.198  8272  8460 I LSPosed-Bridge: 	at z74.e(chromium-Monochrome.aab-stable-573513121:6)

06-18 19:16:04.198  8272  8460 I LSPosed-Bridge: 	at z74.e(chromium-Monochrome.aab-stable-573513121:6)

06-18 19:16:04.198  8272  8460 I LSPosed-Bridge: 	at org.chromium.media.VideoCaptureFactory.getCaptureApiType(chromium-Monochrome.aab-stable-573513121:8)

06-18 19:16:04.198  8272  8460 I LSPosed-Bridge: 	at org.chromium.media.VideoCaptureFactory.getCaptureApiType(chromium-Monochrome.aab-stable-573513121:8)

06-18 19:16:04.206  8272  8460 I LSPosed-Bridge: 8272 PermLabel 10137 android.permission.CAMERA getCameraInfo args0: 1; args1: android.hardware.Camera$CameraInfo@b90ad92; res= null; stacktrace=java.lang.Exception

06-18 19:16:04.206  8272  8460 I LSPosed-Bridge: 8272 PermLabel 10137 android.permission.CAMERA getCameraInfo args0: 1; args1: android.hardware.Camera$CameraInfo@b90ad92; res= null; stacktrace=java.lang.Exception

06-18 19:16:04.206  8272  8460 I LSPosed-Bridge: 	at com.example.permlabel.hookCamera$1.afterHookedMethod(hookCamera.java:21)

06-18 19:16:04.206  8272  8460 I LSPosed-Bridge: 	at com.example.permlabel.hookCamera$1.afterHookedMethod(hookCamera.java:21)

06-18 19:16:04.206  8272  8460 I LSPosed-Bridge: 	at de.robv.android.xposed.XposedBridge$AdditionalHookInfo.callback(Unknown Source:147)

06-18 19:16:04.206  8272  8460 I LSPosed-Bridge: 	at de.robv.android.xposed.XposedBridge$AdditionalHookInfo.callback(Unknown Source:147)

06-18 19:16:04.206  8272  8460 I LSPosed-Bridge: 	at LSPHooker_.getCameraInfo(Unknown Source:15)

06-18 19:16:04.206  8272  8460 I LSPosed-Bridge: 	at LSPHooker_.getCameraInfo(Unknown Source:15)

06-18 19:16:04.206  8272  8460 I LSPosed-Bridge: 	at z74.e(chromium-Monochrome.aab-stable-573513121:6)

06-18 19:16:04.206  8272  8460 I LSPosed-Bridge: 	at z74.e(chromium-Monochrome.aab-stable-573513121:6)

06-18 19:16:04.206  8272  8460 I LSPosed-Bridge: 	at org.chromium.media.VideoCaptureFactory.getFacingMode(chromium-Monochrome.aab-stable-573513121:10)

06-18 19:16:04.206  8272  8460 I LSPosed-Bridge: 	at org.chromium.media.VideoCaptureFactory.getFacingMode(chromium-Monochrome.aab-stable-573513121:10)

06-18 19:16:04.206  8272  8460 I LSPosed-Bridge: 8272 PermLabel 10137 android.permission.CAMERA getCameraInfo args0: 1; args1: android.hardware.Camera$CameraInfo@b90ad92; res= null; stacktrace=java.lang.Exception

06-18 19:16:04.206  8272  8460 I LSPosed-Bridge: 8272 PermLabel 10137 android.permission.CAMERA getCameraInfo args0: 1; args1: android.hardware.Camera$CameraInfo@b90ad92; res= null; stacktrace=java.lang.Exception

06-18 19:16:04.206  8272  8460 I LSPosed-Bridge: 	at com.example.permlabel.hookCamera$1.afterHookedMethod(hookCamera.java:21)

06-18 19:16:04.206  8272  8460 I LSPosed-Bridge: 	at com.example.permlabel.hookCamera$1.afterHookedMethod(hookCamera.java:21)

06-18 19:16:04.206  8272  8460 I LSPosed-Bridge: 	at de.robv.android.xposed.XposedBridge$AdditionalHookInfo.callback(Unknown Source:147)

06-18 19:16:04.206  8272  8460 I LSPosed-Bridge: 	at de.robv.android.xposed.XposedBridge$AdditionalHookInfo.callback(Unknown Source:147)

06-18 19:16:04.206  8272  8460 I LSPosed-Bridge: 	at LSPHooker_.getCameraInfo(Unknown Source:15)

06-18 19:16:04.206  8272  8460 I LSPosed-Bridge: 	at LSPHooker_.getCameraInfo(Unknown Source:15)

06-18 19:16:04.206  8272  8460 I LSPosed-Bridge: 	at z74.e(chromium-Monochrome.aab-stable-573513121:6)

06-18 19:16:04.206  8272  8460 I LSPosed-Bridge: 	at z74.e(chromium-Monochrome.aab-stable-573513121:6)

06-18 19:16:04.206  8272  8460 I LSPosed-Bridge: 	at org.chromium.media.VideoCaptureFactory.getFacingMode(chromium-Monochrome.aab-stable-573513121:10)

06-18 19:16:04.206  8272  8460 I LSPosed-Bridge: 	at org.chromium.media.VideoCaptureFactory.getFacingMode(chromium-Monochrome.aab-stable-573513121:10)

06-18 19:16:04.225  8272  8460 I LSPosed-Bridge: 8272 PermLabel 10137 android.permission.CAMERA getCameraInfo args0: 0; args1: android.hardware.Camera$CameraInfo@4101819; res= null; stacktrace=java.lang.Exception

06-18 19:16:04.225  8272  8460 I LSPosed-Bridge: 	at com.example.permlabel.hookCamera$1.afterHookedMethod(hookCamera.java:21)

06-18 19:16:04.225  8272  8460 I LSPosed-Bridge: 	at de.robv.android.xposed.XposedBridge$AdditionalHookInfo.callback(Unknown Source:147)

06-18 19:16:04.225  8272  8460 I LSPosed-Bridge: 	at LSPHooker_.getCameraInfo(Unknown Source:15)

06-18 19:16:04.225  8272  8460 I LSPosed-Bridge: 	at z74.e(chromium-Monochrome.aab-stable-573513121:6)

06-18 19:16:04.225  8272  8460 I LSPosed-Bridge: 	at org.chromium.media.VideoCaptureFactory.getDeviceName(chromium-Monochrome.aab-stable-573513121:15)

06-18 19:16:04.226  8272  8460 I LSPosed-Bridge: 8272 PermLabel 10137 android.permission.CAMERA getCameraInfo args0: 0; args1: android.hardware.Camera$CameraInfo@4101819; res= null; stacktrace=java.lang.Exception

06-18 19:16:04.226  8272  8460 I LSPosed-Bridge: 	at com.example.permlabel.hookCamera$1.afterHookedMethod(hookCamera.java:21)

06-18 19:16:04.226  8272  8460 I LSPosed-Bridge: 	at de.robv.android.xposed.XposedBridge$AdditionalHookInfo.callback(Unknown Source:147)

06-18 19:16:04.226  8272  8460 I LSPosed-Bridge: 	at LSPHooker_.getCameraInfo(Unknown Source:15)

