08-06 19:50:11.417  5786  6022 I LSPosed-Bridge: 	at r.w.c.d.d.a.run(SourceFile:23)

08-06 19:50:11.417  5786  6022 I LSPosed-Bridge: 	at r.w.c.d.d.a.run(SourceFile:23)

08-06 19:50:11.417  5786  6022 I LSPosed-Bridge: 	at r.w.c.d.d.a.run(SourceFile:23)

08-06 19:50:11.417  5786  6022 I LSPosed-Bridge: 	at java.lang.Thread.run(Thread.java:764)

08-06 19:50:11.417  5786  6022 I LSPosed-Bridge: 	at java.lang.Thread.run(Thread.java:764)

08-06 19:50:11.417  5786  6022 I LSPosed-Bridge: 	at java.lang.Thread.run(Thread.java:764)

08-06 19:50:11.417  5786  6022 I LSPosed-Bridge: 	at android.os.Handler.handleCallback(Handler.java:873)

08-06 19:50:11.417  5786  6022 I LSPosed-Bridge: 	at android.os.Handler.handleCallback(Handler.java:873)

08-06 19:50:11.417  5786  6022 I LSPosed-Bridge: 	at android.os.Handler.handleCallback(Handler.java:873)

08-06 19:50:11.417  5786  6022 I LSPosed-Bridge: 	at android.os.Handler.dispatchMessage(Handler.java:99)

08-06 19:50:11.417  5786  6022 I LSPosed-Bridge: 	at android.os.Handler.dispatchMessage(Handler.java:99)

08-06 19:50:11.417  5786  6022 I LSPosed-Bridge: 	at android.os.Handler.dispatchMessage(Handler.java:99)

08-06 19:50:11.417  5786  6022 I LSPosed-Bridge: 	at android.os.Looper.loop(Looper.java:193)

08-06 19:50:11.417  5786  6022 I LSPosed-Bridge: 	at android.os.Looper.loop(Looper.java:193)

08-06 19:50:11.417  5786  6022 I LSPosed-Bridge: 	at android.os.Looper.loop(Looper.java:193)

08-06 19:50:11.417  5786  6022 I LSPosed-Bridge: 	at android.os.HandlerThread.run(HandlerThread.java:65)

08-06 19:50:11.417  5786  6022 I LSPosed-Bridge: 	at android.os.HandlerThread.run(HandlerThread.java:65)

08-06 19:50:11.417  5786  6022 I LSPosed-Bridge: 	at android.os.HandlerThread.run(HandlerThread.java:65)

08-06 19:50:11.417  5786  6022 I LSPosed-Bridge: 5786 PermLabel 10141 ContextImpl.checkPermission: askedperm = []; permName: android.permission.READ_PHONE_STATE; android.os.Process.myPid() = 5786; type = 1

08-06 19:50:11.417  5786  6022 I LSPosed-Bridge: 5786 PermLabel 10141 ContextImpl.checkPermission: askedperm = []; permName: android.permission.READ_PHONE_STATE; android.os.Process.myPid() = 5786; type = 1

08-06 19:50:11.417  5786  6022 I LSPosed-Bridge: 5786 PermLabel 10141 ContextImpl.checkPermission: askedperm = []; permName: android.permission.READ_PHONE_STATE; android.os.Process.myPid() = 5786; type = 1

08-06 19:50:11.417  5786  6022 I LSPosed-Bridge: 5786 PermLabel 10141 ContextImpl.checkPermission: pid = 5786; uid = 10141; Binder.getCallingPid() =5786; Binder.getCallingUid() = 10141; permName: android.permission.READ_PHONE_STATE; type = 1; res = -1; stacktrace=java.lang.Exception

08-06 19:50:11.417  5786  6022 I LSPosed-Bridge: 5786 PermLabel 10141 ContextImpl.checkPermission: pid = 5786; uid = 10141; Binder.getCallingPid() =5786; Binder.getCallingUid() = 10141; permName: android.permission.READ_PHONE_STATE; type = 1; res = -1; stacktrace=java.lang.Exception

08-06 19:50:11.417  5786  6022 I LSPosed-Bridge: 5786 PermLabel 10141 ContextImpl.checkPermission: pid = 5786; uid = 10141; Binder.getCallingPid() =5786; Binder.getCallingUid() = 10141; permName: android.permission.READ_PHONE_STATE; type = 1; res = -1; stacktrace=java.lang.Exception

08-06 19:50:11.417  5786  6022 I LSPosed-Bridge: 	at com.example.permlabel.requestPerm$2.afterHookedMethod(requestPerm.java:205)

08-06 19:50:11.417  5786  6022 I LSPosed-Bridge: 	at com.example.permlabel.requestPerm$2.afterHookedMethod(requestPerm.java:205)

08-06 19:50:11.417  5786  6022 I LSPosed-Bridge: 	at com.example.permlabel.requestPerm$2.afterHookedMethod(requestPerm.java:205)

08-06 19:50:11.417  5786  6022 I LSPosed-Bridge: 	at de.robv.android.xposed.XposedBridge$AdditionalHookInfo.callback(Unknown Source:147)

08-06 19:50:11.417  5786  6022 I LSPosed-Bridge: 	at de.robv.android.xposed.XposedBridge$AdditionalHookInfo.callback(Unknown Source:147)

08-06 19:50:11.417  5786  6022 I LSPosed-Bridge: 	at de.robv.android.xposed.XposedBridge$AdditionalHookInfo.callback(Unknown Source:147)

08-06 19:50:11.417  5786  6022 I LSPosed-Bridge: 	at LSPHooker_.checkPermission(Unknown Source:25)

08-06 19:50:11.417  5786  6022 I LSPosed-Bridge: 	at LSPHooker_.checkPermission(Unknown Source:25)

08-06 19:50:11.417  5786  6022 I LSPosed-Bridge: 	at LSPHooker_.checkPermission(Unknown Source:25)

08-06 19:50:11.417  5786  6022 I LSPosed-Bridge: 	at android.content.ContextWrapper.checkPermission(ContextWrapper.java:738)

08-06 19:50:11.417  5786  6022 I LSPosed-Bridge: 	at android.content.ContextWrapper.checkPermission(ContextWrapper.java:738)

08-06 19:50:11.417  5786  6022 I LSPosed-Bridge: 	at android.content.ContextWrapper.checkPermission(ContextWrapper.java:738)

08-06 19:50:11.417  5786  6022 I LSPosed-Bridge: 	at n.h.d.a.checkSelfPermission(SourceFile:2)

08-06 19:50:11.417  5786  6022 I LSPosed-Bridge: 	at n.h.d.a.checkSelfPermission(SourceFile:2)

08-06 19:50:11.417  5786  6022 I LSPosed-Bridge: 	at n.h.d.a.checkSelfPermission(SourceFile:2)

08-06 19:50:11.417  5786  6022 I LSPosed-Bridge: 	at j.a.e.k.c(SourceFile:5)

08-06 19:50:11.417  5786  6022 I LSPosed-Bridge: 	at j.a.e.k.c(SourceFile:5)

08-06 19:50:11.417  5786  6022 I LSPosed-Bridge: 	at j.a.e.k.c(SourceFile:5)

08-06 19:50:11.417  5786  6022 I LSPosed-Bridge: 	at r.w.c.v.s.f(SourceFile:3)

08-06 19:50:11.417  5786  6022 I LSPosed-Bridge: 	at r.w.c.v.s.f(SourceFile:3)

08-06 19:50:11.417  5786  6022 I LSPosed-Bridge: 	at r.w.c.v.s.f(SourceFile:3)

08-06 19:50:11.417  5786  6022 I LSPosed-Bridge: 	at r.w.c.d.d.c.a(SourceFile:9)

08-06 19:50:11.417  5786  6022 I LSPosed-Bridge: 	at r.w.c.d.d.c.a(SourceFile:9)

08-06 19:50:11.417  5786  6022 I LSPosed-Bridge: 	at r.w.c.d.d.c.a(SourceFile:9)

08-06 19:50:11.417  5786  6022 I LSPosed-Bridge: 	at r.w.c.d.d.a.run(SourceFile:23)

08-06 19:50:11.417  5786  6022 I LSPosed-Bridge: 	at r.w.c.d.d.a.run(SourceFile:23)

08-06 19:50:11.417  5786  6022 I LSPosed-Bridge: 	at r.w.c.d.d.a.run(SourceFile:23)

08-06 19:50:11.417  5786  6022 I LSPosed-Bridge: 	at java.lang.Thread.run(Thread.java:764)

08-06 19:50:11.417  5786  6022 I LSPosed-Bridge: 	at java.lang.Thread.run(Thread.java:764)

08-06 19:50:11.417  5786  6022 I LSPosed-Bridge: 	at java.lang.Thread.run(Thread.java:764)

08-06 19:50:11.417  5786  6022 I LSPosed-Bridge: 	at android.os.Handler.handleCallback(Handler.java:873)

08-06 19:50:11.417  5786  6022 I LSPosed-Bridge: 	at android.os.Handler.handleCallback(Handler.java:873)

08-06 19:50:11.417  5786  6022 I LSPosed-Bridge: 	at android.os.Handler.handleCallback(Handler.java:873)

08-06 19:50:11.417  5786  6022 I LSPosed-Bridge: 	at android.os.Handler.dispatchMessage(Handler.java:99)

08-06 19:50:11.417  5786  6022 I LSPosed-Bridge: 	at android.os.Handler.dispatchMessage(Handler.java:99)

08-06 19:50:11.417  5786  6022 I LSPosed-Bridge: 	at android.os.Handler.dispatchMessage(Handler.java:99)

08-06 19:50:11.417  5786  6022 I LSPosed-Bridge: 	at android.os.Looper.loop(Looper.java:193)

08-06 19:50:11.417  5786  6022 I LSPosed-Bridge: 	at android.os.Looper.loop(Looper.java:193)

08-06 19:50:11.417  5786  6022 I LSPosed-Bridge: 	at android.os.Looper.loop(Looper.java:193)

08-06 19:50:11.417  5786  6022 I LSPosed-Bridge: 	at android.os.HandlerThread.run(HandlerThread.java:65)

08-06 19:50:11.417  5786  6022 I LSPosed-Bridge: 	at android.os.HandlerThread.run(HandlerThread.java:65)

08-06 19:50:11.417  5786  6022 I LSPosed-Bridge: 	at android.os.HandlerThread.run(HandlerThread.java:65)

08-06 19:50:11.417  5786 13506 I LSPosed-Bridge: 5786 PermLabel hookBinder_test 10141 interfaceBinder =com.android.internal.telephony.ISub; arg0 = 22; arg1 = android.os.Parcel@62b9f74; arg2 = android.os.Parcel@2e06c9d; arg3 = 0; res = true; stacktrace=java.lang.Exception

08-06 19:50:11.417  5786 13506 I LSPosed-Bridge: 5786 PermLabel hookBinder_test 10141 interfaceBinder =com.android.internal.telephony.ISub; arg0 = 22; arg1 = android.os.Parcel@62b9f74; arg2 = android.os.Parcel@2e06c9d; arg3 = 0; res = true; stacktrace=java.lang.Exception

08-06 19:50:11.417  5786 13506 I LSPosed-Bridge: 5786 PermLabel hookBinder_test 10141 interfaceBinder =com.android.internal.telephony.ISub; arg0 = 22; arg1 = android.os.Parcel@62b9f74; arg2 = android.os.Parcel@2e06c9d; arg3 = 0; res = true; stacktrace=java.lang.Exception

08-06 19:50:11.417  5786 13506 I LSPosed-Bridge: 	at com.example.permlabel.hookBinder_test$1.afterHookedMethod(hookBinder_test.java:67)

08-06 19:50:11.417  5786 13506 I LSPosed-Bridge: 	at com.example.permlabel.hookBinder_test$1.afterHookedMethod(hookBinder_test.java:67)

08-06 19:50:11.417  5786 13506 I LSPosed-Bridge: 	at com.example.permlabel.hookBinder_test$1.afterHookedMethod(hookBinder_test.java:67)

08-06 19:50:11.417  5786 13506 I LSPosed-Bridge: 	at de.robv.android.xposed.XposedBridge$AdditionalHookInfo.callback(Unknown Source:147)

08-06 19:50:11.417  5786 13506 I LSPosed-Bridge: 	at de.robv.android.xposed.XposedBridge$AdditionalHookInfo.callback(Unknown Source:147)

08-06 19:50:11.417  5786 13506 I LSPosed-Bridge: 	at de.robv.android.xposed.XposedBridge$AdditionalHookInfo.callback(Unknown Source:147)

08-06 19:50:11.417  5786 13506 I LSPosed-Bridge: 	at LSPHooker_.transact(Unknown Source:28)

08-06 19:50:11.417  5786 13506 I LSPosed-Bridge: 	at LSPHooker_.transact(Unknown Source:28)

08-06 19:50:11.417  5786 13506 I LSPosed-Bridge: 	at LSPHooker_.transact(Unknown Source:28)

08-06 19:50:11.417  5786 13506 I LSPosed-Bridge: 	at com.android.internal.telephony.ISub$Stub$Proxy.getPhoneId(ISub.java:882)

08-06 19:50:11.417  5786 13506 I LSPosed-Bridge: 	at com.android.internal.telephony.ISub$Stub$Proxy.getPhoneId(ISub.java:882)

08-06 19:50:11.417  5786 13506 I LSPosed-Bridge: 	at com.android.internal.telephony.ISub$Stub$Proxy.getPhoneId(ISub.java:882)

08-06 19:50:11.417  5786 13506 I LSPosed-Bridge: 	at android.telephony.SubscriptionManager.getPhoneId(SubscriptionManager.java:1224)

08-06 19:50:11.417  5786 13506 I LSPosed-Bridge: 	at android.telephony.SubscriptionManager.getPhoneId(SubscriptionManager.java:1224)

08-06 19:50:11.417  5786 13506 I LSPosed-Bridge: 	at android.telephony.SubscriptionManager.getPhoneId(SubscriptionManager.java:1224)

08-06 19:50:11.417  5786 13506 I LSPosed-Bridge: 	at android.telephony.TelephonyManager.getSimOperatorNumeric(TelephonyManager.java:2615)

08-06 19:50:11.417  5786 13506 I LSPosed-Bridge: 	at android.telephony.TelephonyManager.getSimOperatorNumeric(TelephonyManager.java:2615)

08-06 19:50:11.417  5786 13506 I LSPosed-Bridge: 	at android.telephony.TelephonyManager.getSimOperatorNumeric(TelephonyManager.java:2615)

08-06 19:50:11.417  5786 13506 I LSPosed-Bridge: 	at android.telephony.TelephonyManager.getSimOperatorNumeric(TelephonyManager.java:2600)

08-06 19:50:11.417  5786 13506 I LSPosed-Bridge: 	at android.telephony.TelephonyManager.getSimOperatorNumeric(TelephonyManager.java:2600)

08-06 19:50:11.417  5786 13506 I LSPosed-Bridge: 	at android.telephony.TelephonyManager.getSimOperatorNumeric(TelephonyManager.java:2600)

08-06 19:50:11.417  5786 13506 I LSPosed-Bridge: 	at android.telephony.TelephonyManager.getSimOperator(TelephonyManager.java:2559)

08-06 19:50:11.417  5786 13506 I LSPosed-Bridge: 	at android.telephony.TelephonyManager.getSimOperator(TelephonyManager.java:2559)

08-06 19:50:11.417  5786 13506 I LSPosed-Bridge: 	at android.telephony.TelephonyManager.getSimOperator(TelephonyManager.java:2559)

08-06 19:50:11.417  5786 13506 I LSPosed-Bridge: 	at com.geetest.onelogin.l.q.c(SourceFile:2)

08-06 19:50:11.417  5786 13506 I LSPosed-Bridge: 	at com.geetest.onelogin.l.q.c(SourceFile:2)

08-06 19:50:11.417  5786 13506 I LSPosed-Bridge: 	at com.geetest.onelogin.l.q.c(SourceFile:2)

08-06 19:50:11.417  5786 13506 I LSPosed-Bridge: 	at com.geetest.onelogin.e.b.c(SourceFile:4)

08-06 19:50:11.417  5786 13506 I LSPosed-Bridge: 	at com.geetest.onelogin.e.b.c(SourceFile:4)

08-06 19:50:11.417  5786 13506 I LSPosed-Bridge: 	at com.geetest.onelogin.e.b.c(SourceFile:4)

08-06 19:50:11.417  5786 13506 I LSPosed-Bridge: 	at com.geetest.onelogin.e.c.a(SourceFile:6)

08-06 19:50:11.417  5786 13506 I LSPosed-Bridge: 	at com.geetest.onelogin.e.c.a(SourceFile:6)

08-06 19:50:11.417  5786 13506 I LSPosed-Bridge: 	at com.geetest.onelogin.e.c.a(SourceFile:6)

08-06 19:50:11.417  5786 13506 I LSPosed-Bridge: 	at com.geetest.onelogin.k.d.a(SourceFile:7)

08-06 19:50:11.417  5786 13506 I LSPosed-Bridge: 	at com.geetest.onelogin.k.d.a(SourceFile:7)

08-06 19:50:11.417  5786 13506 I LSPosed-Bridge: 	at com.geetest.onelogin.k.d.a(SourceFile:7)

08-06 19:50:11.417  5786 13506 I LSPosed-Bridge: 	at com.geetest.onelogin.k.d.d(SourceFile:28)

08-06 19:50:11.417  5786 13506 I LSPosed-Bridge: 	at com.geetest.onelogin.k.d.d(SourceFile:28)

08-06 19:50:11.417  5786 13506 I LSPosed-Bridge: 	at com.geetest.onelogin.k.d.d(SourceFile:28)

08-06 19:50:11.417  5786 13506 I LSPosed-Bridge: 	at com.geetest.onelogin.k.d.c(SourceFile:2)

08-06 19:50:11.417  5786 13506 I LSPosed-Bridge: 	at com.geetest.onelogin.k.d.c(SourceFile:2)

08-06 19:50:11.417  5786 13506 I LSPosed-Bridge: 	at com.geetest.onelogin.k.d.c(SourceFile:2)

08-06 19:50:11.417  5786 13506 I LSPosed-Bridge: 	at com.geetest.onelogin.k.d$4.run(SourceFile:2)

08-06 19:50:11.417  5786 13506 I LSPosed-Bridge: 	at com.geetest.onelogin.k.d$4.run(SourceFile:2)

08-06 19:50:11.417  5786 13506 I LSPosed-Bridge: 	at com.geetest.onelogin.k.d$4.run(SourceFile:2)

08-06 19:50:11.417  5786 13506 I LSPosed-Bridge: 	at java.util.concurrent.ThreadPoolExecutor.runWorker(ThreadPoolExecutor.java:1167)

08-06 19:50:11.417  5786 13506 I LSPosed-Bridge: 	at java.util.concurrent.ThreadPoolExecutor.runWorker(ThreadPoolExecutor.java:1167)

08-06 19:50:11.417  5786 13506 I LSPosed-Bridge: 	at java.util.concurrent.ThreadPoolExecutor.runWorker(ThreadPoolExecutor.java:1167)

08-06 19:50:11.417  5786 13506 I LSPosed-Bridge: 	at java.util.concurrent.ThreadPoolExecutor$Worker.run(ThreadPoolExecutor.java:641)

08-06 19:50:11.417  5786 13506 I LSPosed-Bridge: 	at java.util.concurrent.ThreadPoolExecutor$Worker.run(ThreadPoolExecutor.java:641)

08-06 19:50:11.417  5786 13506 I LSPosed-Bridge: 	at java.util.concurrent.ThreadPoolExecutor$Worker.run(ThreadPoolExecutor.java:641)

08-06 19:50:11.417  5786 13506 I LSPosed-Bridge: 	at java.lang.Thread.run(Thread.java:764)

08-06 19:50:11.417  5786 13506 I LSPosed-Bridge: 	at java.lang.Thread.run(Thread.java:764)

08-06 19:50:11.417  5786 13506 I LSPosed-Bridge: 	at java.lang.Thread.run(Thread.java:764)

08-06 19:50:11.418  5786  6022 I LSPosed-Bridge: 5786 PermLabel 10141 ContextImpl.checkPermission: pid = 5786; uid = 10141; permName: android.permission.READ_PHONE_STATE; type = 1; res = -1; stacktrace=java.lang.Exception

08-06 19:50:11.418  5786  6022 I LSPosed-Bridge: 	at com.example.permlabel.requestPerm$2.afterHookedMethod(requestPerm.java:222)

08-06 19:50:11.418  5786  6022 I LSPosed-Bridge: 	at de.robv.android.xposed.XposedBridge$AdditionalHookInfo.callback(Unknown Source:147)

08-06 19:50:11.418  5786  6022 I LSPosed-Bridge: 	at LSPHooker_.checkPermission(Unknown Source:25)

08-06 19:50:11.418  5786  6022 I LSPosed-Bridge: 	at android.content.ContextWrapper.checkPermission(ContextWrapper.java:738)

08-06 19:50:11.418  5786  6022 I LSPosed-Bridge: 	at n.h.d.a.checkSelfPermission(SourceFile:2)

08-06 19:50:11.418  5786  6022 I LSPosed-Bridge: 	at j.a.e.k.c(SourceFile:5)

08-06 19:50:11.418  5786  6022 I LSPosed-Bridge: 	at r.w.c.v.s.f(SourceFile:3)

08-06 19:50:11.418  5786  6022 I LSPosed-Bridge: 	at r.w.c.d.d.c.a(SourceFile:9)

08-06 19:50:11.418  5786  6022 I LSPosed-Bridge: 	at r.w.c.d.d.a.run(SourceFile:23)

08-06 19:50:11.418  5786  6022 I LSPosed-Bridge: 	at java.lang.Thread.run(Thread.java:764)

08-06 19:50:11.418  5786  6022 I LSPosed-Bridge: 	at android.os.Handler.handleCallback(Handler.java:873)

08-06 19:50:11.418  5786  6022 I LSPosed-Bridge: 	at android.os.Handler.dispatchMessage(Handler.java:99)

08-06 19:50:11.418  5786  6022 I LSPosed-Bridge: 	at android.os.Looper.loop(Looper.java:193)

08-06 19:50:11.418  5786  6022 I LSPosed-Bridge: 	at android.os.HandlerThread.run(HandlerThread.java:65)

08-06 19:50:11.418  5786 13506 W Settings: Setting airplane_mode_on has moved from android.provider.Settings.System to android.provider.Settings.Global, returning read-only value.

08-06 19:50:11.421  5786  6022 I LSPosed-Bridge: 5786 PermLabel hookBinder_test 10141 interfaceBinder =android.content.pm.IPackageManager; arg0 = 9; arg1 = android.os.Parcel@9afcda4; arg2 = android.os.Parcel@15ab70d; arg3 = 0; res = true; stacktrace=java.lang.Exception

08-06 19:50:11.421  5786  6022 I LSPosed-Bridge: 	at com.example.permlabel.hookBinder_test$1.afterHookedMethod(hookBinder_test.java:67)

08-06 19:50:11.421  5786  6022 I LSPosed-Bridge: 	at de.robv.android.xposed.XposedBridge$AdditionalHookInfo.callback(Unknown Source:147)

08-06 19:50:11.421  5786  6022 I LSPosed-Bridge: 	at LSPHooker_.transact(Unknown Source:28)

08-06 19:50:11.421  5786  6022 I LSPosed-Bridge: 	at android.content.pm.IPackageManager$Stub$Proxy.getPermissionInfo(IPackageManager.java:3008)

08-06 19:50:11.421  5786  6022 I LSPosed-Bridge: 	at android.app.ApplicationPackageManager.getPermissionInfo(ApplicationPackageManager.java:306)

08-06 19:50:11.421  5786  6022 I LSPosed-Bridge: 	at com.example.permlabel.requestPerm$2.afterHookedMethod(requestPerm.java:188)

08-06 19:50:11.421  5786  6022 I LSPosed-Bridge: 	at de.robv.android.xposed.XposedBridge$AdditionalHookInfo.callback(Unknown Source:147)

08-06 19:50:11.421  5786  6022 I LSPosed-Bridge: 	at LSPHooker_.checkPermission(Unknown Source:25)

08-06 19:50:11.421  5786  6022 I LSPosed-Bridge: 	at android.content.ContextWrapper.checkPermission(ContextWrapper.java:738)

08-06 19:50:11.421  5786  6022 I LSPosed-Bridge: 	at n.h.d.a.checkSelfPermission(SourceFile:2)

08-06 19:50:11.421  5786  6022 I LSPosed-Bridge: 	at j.a.e.k.c(SourceFile:5)

08-06 19:50:11.421  5786  6022 I LSPosed-Bridge: 	at r.w.c.v.s.f(SourceFile:3)

08-06 19:50:11.421  5786  6022 I LSPosed-Bridge: 	at r.w.c.d.d.c.a(SourceFile:12)

08-06 19:50:11.421  5786  6022 I LSPosed-Bridge: 	at r.w.c.d.d.a.run(SourceFile:23)

08-06 19:50:11.421  5786  6022 I LSPosed-Bridge: 	at java.lang.Thread.run(Thread.java:764)

08-06 19:50:11.421  5786  6022 I LSPosed-Bridge: 	at android.os.Handler.handleCallback(Handler.java:873)

08-06 19:50:11.421  5786  6022 I LSPosed-Bridge: 	at android.os.Handler.dispatchMessage(Handler.java:99)

08-06 19:50:11.421  5786  6022 I LSPosed-Bridge: 	at android.os.Looper.loop(Looper.java:193)

08-06 19:50:11.421  5786  6022 I LSPosed-Bridge: 	at android.os.HandlerThread.run(HandlerThread.java:65)

08-06 19:50:11.421  5786  5994 I LSPosed-Bridge: 5786 PermLabel hookBinder_test 10141 interfaceBinder =com.yy.sdk.config.IConfig; arg0 = 1; arg1 = android.os.Parcel@27d4962; arg2 = android.os.Parcel@df5d208; arg3 = 0; res = true; stacktrace=java.lang.Exception

08-06 19:50:11.421  5786  5994 I LSPosed-Bridge: 	at com.example.permlabel.hookBinder_test$1.afterHookedMethod(hookBinder_test.java:67)

08-06 19:50:11.421  5786  5994 I LSPosed-Bridge: 	at de.robv.android.xposed.XposedBridge$AdditionalHookInfo.callback(Unknown Source:147)

08-06 19:50:11.421  5786  5994 I LSPosed-Bridge: 	at LSPHooker_.transact(Unknown Source:28)

08-06 19:50:11.421  5786  5994 I LSPosed-Bridge: 	at r.w.c.h.c$a$a.f(SourceFile:4)

08-06 19:50:11.421  5786  5994 I LSPosed-Bridge: 	at r.w.a.p4.g0.U(SourceFile:2)

08-06 19:50:11.421  5786  5994 I LSPosed-Bridge: 	at r.w.c.e.e.i(SourceFile:2)

08-06 19:50:11.421  5786  5994 I LSPosed-Bridge: 	at r.w.c.e.h.q(SourceFile:1)

08-06 19:50:11.421  5786  5994 I LSPosed-Bridge: 	at j.a.x.c.c0.c.h.e(SourceFile:1)

08-06 19:50:11.421  5786  5994 I LSPosed-Bridge: 	at j.a.x.c.b$c.run(SourceFile:16)

08-06 19:50:11.421  5786  5994 I LSPosed-Bridge: 	at j.a.x.c.g0.k.run(SourceFile:1)

08-06 19:50:11.421  5786  5994 I LSPosed-Bridge: 	at java.util.concurrent.Executors$RunnableAdapter.call(Executors.java:458)

08-06 19:50:11.421  5786  5994 I LSPosed-Bridge: 	at java.util.concurrent.FutureTask.run(FutureTask.java:266)

08-06 19:50:11.421  5786  5994 I LSPosed-Bridge: 	at java.util.concurrent.ThreadPoolExecutor.runWorker(ThreadPoolExecutor.java:1167)

08-06 19:50:11.421  5786  5994 I LSPosed-Bridge: 	at java.util.concurrent.ThreadPoolExecutor$Worker.run(ThreadPoolExecutor.java:641)

08-06 19:50:11.421  5786  5994 I LSPosed-Bridge: 	at java.lang.Thread.run(Thread.java:764)

08-06 19:50:11.421  5786  6022 I LSPosed-Bridge: 5786 PermLabel 10141 ContextImpl Binder.getCallingPid() = 5786; Binder.getCallingUid() = 10141; permName: android.permission.READ_PHONE_STATE; res = -1; stacktrace=java.lang.Exception

08-06 19:50:11.421  5786  6022 I LSPosed-Bridge: 	at com.example.permlabel.requestPerm$2.afterHookedMethod(requestPerm.java:198)

08-06 19:50:11.421  5786  6022 I LSPosed-Bridge: 	at de.robv.android.xposed.XposedBridge$AdditionalHookInfo.callback(Unknown Source:147)

08-06 19:50:11.421  5786  6022 I LSPosed-Bridge: 	at LSPHooker_.checkPermission(Unknown Source:25)

08-06 19:50:11.421  5786  6022 I LSPosed-Bridge: 	at android.content.ContextWrapper.checkPermission(ContextWrapper.java:738)

08-06 19:50:11.421  5786  6022 I LSPosed-Bridge: 	at n.h.d.a.checkSelfPermission(SourceFile:2)

08-06 19:50:11.421  5786  6022 I LSPosed-Bridge: 	at j.a.e.k.c(SourceFile:5)

08-06 19:50:11.421  5786  6022 I LSPosed-Bridge: 	at r.w.c.v.s.f(SourceFile:3)

08-06 19:50:11.421  5786  6022 I LSPosed-Bridge: 	at r.w.c.d.d.c.a(SourceFile:12)

08-06 19:50:11.421  5786  6022 I LSPosed-Bridge: 	at r.w.c.d.d.a.run(SourceFile:23)

08-06 19:50:11.421  5786  6022 I LSPosed-Bridge: 	at java.lang.Thread.run(Thread.java:764)

08-06 19:50:11.421  5786  6022 I LSPosed-Bridge: 	at android.os.Handler.handleCallback(Handler.java:873)

08-06 19:50:11.421  5786  6022 I LSPosed-Bridge: 	at android.os.Handler.dispatchMessage(Handler.java:99)

08-06 19:50:11.421  5786  6022 I LSPosed-Bridge: 	at android.os.Looper.loop(Looper.java:193)

08-06 19:50:11.421  5786  6022 I LSPosed-Bridge: 	at android.os.HandlerThread.run(HandlerThread.java:65)

08-06 19:50:11.421  5786 13506 I LSPosed-Bridge: 5786 PermLabel hookBinder_test 10141 interfaceBinder =android.content.pm.IPackageManager; arg0 = 19; arg1 = android.os.Parcel@7c8bd79; arg2 = android.os.Parcel@2719dd3; arg3 = 0; res = true; stacktrace=java.lang.Exception

08-06 19:50:11.421  5786 13506 I LSPosed-Bridge: 	at com.example.permlabel.hookBinder_test$1.afterHookedMethod(hookBinder_test.java:67)

08-06 19:50:11.421  5786 13506 I LSPosed-Bridge: 	at de.robv.android.xposed.XposedBridge$AdditionalHookInfo.callback(Unknown Source:147)

08-06 19:50:11.421  5786 13506 I LSPosed-Bridge: 	at LSPHooker_.transact(Unknown Source:28)

08-06 19:50:11.421  5786 13506 I LSPosed-Bridge: 	at android.content.pm.IPackageManager$Stub$Proxy.checkPermission(IPackageManager.java:3285)

08-06 19:50:11.421  5786 13506 I LSPosed-Bridge: 	at android.app.ApplicationPackageManager.checkPermission(ApplicationPackageManager.java:581)

08-06 19:50:11.421  5786 13506 I LSPosed-Bridge: 	at java.lang.reflect.Method.invoke(Native Method)

08-06 19:50:11.421  5786 13506 I LSPosed-Bridge: 	at org.lsposed.lspd.nativebridge.HookBridge.invokeOriginalMethod(Native Method)

08-06 19:50:11.421  5786 13506 I LSPosed-Bridge: 	at de.robv.android.xposed.XposedBridge$AdditionalHookInfo.callback(Unknown Source:110)

08-06 19:50:11.421  5786 13506 I LSPosed-Bridge: 	at LSPHooker_.checkPermission(Unknown Source:14)

08-06 19:50:11.421  5786 13506 I LSPosed-Bridge: 	at r.e.a.l.k(SourceFile:2)

08-06 19:50:11.421  5786 13506 I LSPosed-Bridge: 	at com.geetest.onelogin.l.s.a(SourceFile:2)

08-06 19:50:11.421  5786 13506 I LSPosed-Bridge: 	at com.geetest.onelogin.e.e.<init>(SourceFile:5)

08-06 19:50:11.421  5786 13506 I LSPosed-Bridge: 	at com.geetest.onelogin.e.b.c(SourceFile:5)

08-06 19:50:11.421  5786 13506 I LSPosed-Bridge: 	at com.geetest.onelogin.e.c.a(SourceFile:6)

08-06 19:50:11.421  5786 13506 I LSPosed-Bridge: 	at com.geetest.onelogin.k.d.a(SourceFile:7)

08-06 19:50:11.421  5786 13506 I LSPosed-Bridge: 	at com.geetest.onelogin.k.d.d(SourceFile:28)

08-06 19:50:11.421  5786 13506 I LSPosed-Bridge: 	at com.geetest.onelogin.k.d.c(SourceFile:2)

08-06 19:50:11.421  5786 13506 I LSPosed-Bridge: 	at com.geetest.onelogin.k.d$4.run(SourceFile:2)

08-06 19:50:11.421  5786 13506 I LSPosed-Bridge: 	at java.util.concurrent.ThreadPoolExecutor.runWorker(ThreadPoolExecutor.java:1167)

08-06 19:50:11.421  5786 13506 I LSPosed-Bridge: 	at java.util.concurrent.ThreadPoolExecutor$Worker.run(ThreadPoolExecutor.java:641)

08-06 19:50:11.421  5786 13506 I LSPosed-Bridge: 	at java.lang.Thread.run(Thread.java:764)

08-06 19:50:11.422  5786  6022 I LSPosed-Bridge: 5786 PermLabel 10141 ContextImpl.checkPermission: pid = 5786; uid = 10141; permName: android.permission.READ_PHONE_STATE; type = 1; res = -1; stacktrace=java.lang.Exception

08-06 19:50:11.422  5786  6022 I LSPosed-Bridge: 	at com.example.permlabel.requestPerm$2.afterHookedMethod(requestPerm.java:222)

08-06 19:50:11.422  5786  6022 I LSPosed-Bridge: 	at de.robv.android.xposed.XposedBridge$AdditionalHookInfo.callback(Unknown Source:147)

08-06 19:50:11.422  5786  6022 I LSPosed-Bridge: 	at LSPHooker_.checkPermission(Unknown Source:25)

08-06 19:50:11.422  5786  6022 I LSPosed-Bridge: 	at android.content.ContextWrapper.checkPermission(ContextWrapper.java:738)

08-06 19:50:11.422  5786  6022 I LSPosed-Bridge: 	at n.h.d.a.checkSelfPermission(SourceFile:2)

08-06 19:50:11.422  5786  6022 I LSPosed-Bridge: 	at j.a.e.k.c(SourceFile:5)

08-06 19:50:11.422  5786  6022 I LSPosed-Bridge: 	at r.w.c.v.s.f(SourceFile:3)

08-06 19:50:11.422  5786  6022 I LSPosed-Bridge: 	at r.w.c.d.d.c.a(SourceFile:12)

08-06 19:50:11.422  5786  6022 I LSPosed-Bridge: 	at r.w.c.d.d.a.run(SourceFile:23)

08-06 19:50:11.422  5786  6022 I LSPosed-Bridge: 	at java.lang.Thread.run(Thread.java:764)

08-06 19:50:11.422  5786  6022 I LSPosed-Bridge: 	at android.os.Handler.handleCallback(Handler.java:873)

08-06 19:50:11.422  5786  6022 I LSPosed-Bridge: 	at android.os.Handler.dispatchMessage(Handler.java:99)

08-06 19:50:11.422  5786  6022 I LSPosed-Bridge: 	at android.os.Looper.loop(Looper.java:193)

08-06 19:50:11.422  5786  6022 I LSPosed-Bridge: 	at android.os.HandlerThread.run(HandlerThread.java:65)

08-06 19:50:11.422  5786 13506 I LSPosed-Bridge: 5786 PermLabel 10141 PM.checkPermission permName:android.permission.CHANGE_NETWORK_STATE; Package name: com.yy.huanju; Result: 0; stacktrace=java.lang.Exception

08-06 19:50:11.422  5786 13506 I LSPosed-Bridge: 	at com.example.permlabel.requestPerm$1.afterHookedMethod(requestPerm.java:144)

08-06 19:50:11.422  5786 13506 I LSPosed-Bridge: 	at de.robv.android.xposed.XposedBridge$AdditionalHookInfo.callback(Unknown Source:147)

08-06 19:50:11.422  5786 13506 I LSPosed-Bridge: 	at LSPHooker_.checkPermission(Unknown Source:14)

08-06 19:50:11.422  5786 13506 I LSPosed-Bridge: 	at r.e.a.l.k(SourceFile:2)

08-06 19:50:11.422  5786 13506 I LSPosed-Bridge: 	at com.geetest.onelogin.l.s.a(SourceFile:2)

08-06 19:50:11.422  5786 13506 I LSPosed-Bridge: 	at com.geetest.onelogin.e.e.<init>(SourceFile:5)

08-06 19:50:11.422  5786 13506 I LSPosed-Bridge: 	at com.geetest.onelogin.e.b.c(SourceFile:5)

08-06 19:50:11.422  5786 13506 I LSPosed-Bridge: 	at com.geetest.onelogin.e.c.a(SourceFile:6)

08-06 19:50:11.422  5786 13506 I LSPosed-Bridge: 	at com.geetest.onelogin.k.d.a(SourceFile:7)

08-06 19:50:11.422  5786 13506 I LSPosed-Bridge: 	at com.geetest.onelogin.k.d.d(SourceFile:28)

08-06 19:50:11.422  5786 13506 I LSPosed-Bridge: 	at com.geetest.onelogin.k.d.c(SourceFile:2)

08-06 19:50:11.422  5786 13506 I LSPosed-Bridge: 	at com.geetest.onelogin.k.d$4.run(SourceFile:2)

08-06 19:50:11.422  5786 13506 I LSPosed-Bridge: 	at java.util.concurrent.ThreadPoolExecutor.runWorker(ThreadPoolExecutor.java:1167)

08-06 19:50:11.422  5786 13506 I LSPosed-Bridge: 	at java.util.concurrent.ThreadPoolExecutor$Worker.run(ThreadPoolExecutor.java:641)

08-06 19:50:11.422  5786 13506 I LSPosed-Bridge: 	at java.lang.Thread.run(Thread.java:764)

08-06 19:50:11.422  5786 13506 I LSPosed-Bridge: 5786 PermLabel hookBinder_test 10141 interfaceBinder =android.content.pm.IPackageManager; arg0 = 19; arg1 = android.os.Parcel@df5d208; arg2 = android.os.Parcel@27d4962; arg3 = 0; res = true; stacktrace=java.lang.Exception

08-06 19:50:11.422  5786 13506 I LSPosed-Bridge: 	at com.example.permlabel.hookBinder_test$1.afterHookedMethod(hookBinder_test.java:67)

08-06 19:50:11.422  5786 13506 I LSPosed-Bridge: 	at de.robv.android.xposed.XposedBridge$AdditionalHookInfo.callback(Unknown Source:147)

08-06 19:50:11.422  5786 13506 I LSPosed-Bridge: 	at LSPHooker_.transact(Unknown Source:28)

08-06 19:50:11.422  5786 13506 I LSPosed-Bridge: 	at android.content.pm.IPackageManager$Stub$Proxy.checkPermission(IPackageManager.java:3285)

08-06 19:50:11.422  5786 13506 I LSPosed-Bridge: 	at android.app.ApplicationPackageManager.checkPermission(ApplicationPackageManager.java:581)

08-06 19:50:11.422  5786 13506 I LSPosed-Bridge: 	at java.lang.reflect.Method.invoke(Native Method)

08-06 19:50:11.422  5786 13506 I LSPosed-Bridge: 	at org.lsposed.lspd.nativebridge.HookBridge.invokeOriginalMethod(Native Method)

08-06 19:50:11.422  5786 13506 I LSPosed-Bridge: 	at de.robv.android.xposed.XposedBridge$AdditionalHookInfo.callback(Unknown Source:110)

08-06 19:50:11.422  5786 13506 I LSPosed-Bridge: 	at LSPHooker_.checkPermission(Unknown Source:14)

08-06 19:50:11.422  5786 13506 I LSPosed-Bridge: 	at r.e.a.l.k(SourceFile:2)

08-06 19:50:11.422  5786 13506 I LSPosed-Bridge: 	at com.geetest.onelogin.l.s.a(SourceFile:2)

08-06 19:50:11.422  5786 13506 I LSPosed-Bridge: 	at com.geetest.onelogin.e.e.<init>(SourceFile:5)

08-06 19:50:11.422  5786 13506 I LSPosed-Bridge: 	at com.geetest.onelogin.e.b.c(SourceFile:5)

08-06 19:50:11.422  5786 13506 I LSPosed-Bridge: 	at com.geetest.onelogin.e.c.a(SourceFile:6)

08-06 19:50:11.422  5786 13506 I LSPosed-Bridge: 	at com.geetest.onelogin.k.d.a(SourceFile:7)

08-06 19:50:11.422  5786 13506 I LSPosed-Bridge: 	at com.geetest.onelogin.k.d.d(SourceFile:28)

08-06 19:50:11.422  5786 13506 I LSPosed-Bridge: 	at com.geetest.onelogin.k.d.c(SourceFile:2)

08-06 19:50:11.422  5786 13506 I LSPosed-Bridge: 	at com.geetest.onelogin.k.d$4.run(SourceFile:2)

08-06 19:50:11.422  5786 13506 I LSPosed-Bridge: 	at java.util.concurrent.ThreadPoolExecutor.runWorker(ThreadPoolExecutor.java:1167)

08-06 19:50:11.422  5786 13506 I LSPosed-Bridge: 	at java.util.concurrent.ThreadPoolExecutor$Worker.run(ThreadPoolExecutor.java:641)

08-06 19:50:11.422  5786 13506 I LSPosed-Bridge: 	at java.lang.Thread.run(Thread.java:764)

08-06 19:50:11.422  5786  6022 I LSPosed-Bridge: 5786 PermLabel hookBinder_test 10141 interfaceBinder =android.app.IActivityManager; arg0 = 49; arg1 = android.os.Parcel@15ab70d; arg2 = android.os.Parcel@9afcda4; arg3 = 0; res = true; stacktrace=java.lang.Exception

08-06 19:50:11.422  5786  6022 I LSPosed-Bridge: 	at com.example.permlabel.hookBinder_test$1.afterHookedMethod(hookBinder_test.java:67)

08-06 19:50:11.422  5786  6022 I LSPosed-Bridge: 	at de.robv.android.xposed.XposedBridge$AdditionalHookInfo.callback(Unknown Source:147)

08-06 19:50:11.422  5786  6022 I LSPosed-Bridge: 	at LSPHooker_.transact(Unknown Source:28)

08-06 19:50:11.422  5786  6022 I LSPosed-Bridge: 	at android.app.IActivityManager$Stub$Proxy.checkPermission(IActivityManager.java:4722)

08-06 19:50:11.422  5786  6022 I LSPosed-Bridge: 	at android.app.ContextImpl.checkPermission(ContextImpl.java:1751)

08-06 19:50:11.422  5786  6022 I LSPosed-Bridge: 	at java.lang.reflect.Method.invoke(Native Method)

08-06 19:50:11.422  5786  6022 I LSPosed-Bridge: 	at org.lsposed.lspd.nativebridge.HookBridge.invokeOriginalMethod(Native Method)

08-06 19:50:11.422  5786  6022 I LSPosed-Bridge: 	at de.robv.android.xposed.XposedBridge$AdditionalHookInfo.callback(Unknown Source:110)

08-06 19:50:11.422  5786  6022 I LSPosed-Bridge: 	at LSPHooker_.checkPermission(Unknown Source:25)

08-06 19:50:11.422  5786  6022 I LSPosed-Bridge: 	at android.content.ContextWrapper.checkPermission(ContextWrapper.java:738)

08-06 19:50:11.422  5786  6022 I LSPosed-Bridge: 	at n.h.d.a.checkSelfPermission(SourceFile:2)

08-06 19:50:11.422  5786  6022 I LSPosed-Bridge: 	at j.a.e.k.c(SourceFile:5)

08-06 19:50:11.422  5786  6022 I LSPosed-Bridge: 	at r.w.c.v.s.f(SourceFile:3)

08-06 19:50:11.422  5786  6022 I LSPosed-Bridge: 	at r.w.c.d.d.c.a(SourceFile:27)

08-06 19:50:11.422  5786  6022 I LSPosed-Bridge: 	at r.w.c.d.d.a.run(SourceFile:23)

08-06 19:50:11.422  5786  6022 I LSPosed-Bridge: 	at java.lang.Thread.run(Thread.java:764)

08-06 19:50:11.422  5786  6022 I LSPosed-Bridge: 	at android.os.Handler.handleCallback(Handler.java:873)

08-06 19:50:11.422  5786  6022 I LSPosed-Bridge: 	at android.os.Handler.dispatchMessage(Handler.java:99)

08-06 19:50:11.422  5786  6022 I LSPosed-Bridge: 	at android.os.Looper.loop(Looper.java:193)

08-06 19:50:11.422  5786  6022 I LSPosed-Bridge: 	at android.os.HandlerThread.run(HandlerThread.java:65)

08-06 19:50:11.423  5786 13506 I LSPosed-Bridge: 5786 PermLabel 10141 PM.checkPermission permName:android.permission.CHANGE_WIFI_STATE; Package name: com.yy.huanju; Result: 0; stacktrace=java.lang.Exception

08-06 19:50:11.423  5786 13506 I LSPosed-Bridge: 5786 PermLabel 10141 PM.checkPermission permName:android.permission.CHANGE_WIFI_STATE; Package name: com.yy.huanju; Result: 0; stacktrace=java.lang.Exception

08-06 19:50:11.423  5786 13506 I LSPosed-Bridge: 	at com.example.permlabel.requestPerm$1.afterHookedMethod(requestPerm.java:144)

08-06 19:50:11.423  5786 13506 I LSPosed-Bridge: 	at com.example.permlabel.requestPerm$1.afterHookedMethod(requestPerm.java:144)

08-06 19:50:11.423  5786 13506 I LSPosed-Bridge: 	at de.robv.android.xposed.XposedBridge$AdditionalHookInfo.callback(Unknown Source:147)

08-06 19:50:11.423  5786 13506 I LSPosed-Bridge: 	at de.robv.android.xposed.XposedBridge$AdditionalHookInfo.callback(Unknown Source:147)

08-06 19:50:11.423  5786 13506 I LSPosed-Bridge: 	at LSPHooker_.checkPermission(Unknown Source:14)

08-06 19:50:11.423  5786 13506 I LSPosed-Bridge: 	at LSPHooker_.checkPermission(Unknown Source:14)

08-06 19:50:11.423  5786 13506 I LSPosed-Bridge: 	at r.e.a.l.k(SourceFile:2)

08-06 19:50:11.423  5786 13506 I LSPosed-Bridge: 	at r.e.a.l.k(SourceFile:2)

08-06 19:50:11.423  5786 13506 I LSPosed-Bridge: 	at com.geetest.onelogin.l.s.a(SourceFile:2)

08-06 19:50:11.423  5786 13506 I LSPosed-Bridge: 	at com.geetest.onelogin.l.s.a(SourceFile:2)

08-06 19:50:11.423  5786 13506 I LSPosed-Bridge: 	at com.geetest.onelogin.e.e.<init>(SourceFile:5)

08-06 19:50:11.423  5786 13506 I LSPosed-Bridge: 	at com.geetest.onelogin.e.e.<init>(SourceFile:5)

08-06 19:50:11.423  5786 13506 I LSPosed-Bridge: 	at com.geetest.onelogin.e.b.c(SourceFile:5)

08-06 19:50:11.423  5786 13506 I LSPosed-Bridge: 	at com.geetest.onelogin.e.b.c(SourceFile:5)

08-06 19:50:11.423  5786 13506 I LSPosed-Bridge: 	at com.geetest.onelogin.e.c.a(SourceFile:6)

08-06 19:50:11.423  5786 13506 I LSPosed-Bridge: 	at com.geetest.onelogin.e.c.a(SourceFile:6)

08-06 19:50:11.423  5786 13506 I LSPosed-Bridge: 	at com.geetest.onelogin.k.d.a(SourceFile:7)

08-06 19:50:11.423  5786 13506 I LSPosed-Bridge: 	at com.geetest.onelogin.k.d.a(SourceFile:7)

08-06 19:50:11.423  5786 13506 I LSPosed-Bridge: 	at com.geetest.onelogin.k.d.d(SourceFile:28)

08-06 19:50:11.423  5786 13506 I LSPosed-Bridge: 	at com.geetest.onelogin.k.d.d(SourceFile:28)

08-06 19:50:11.423  5786 13506 I LSPosed-Bridge: 	at com.geetest.onelogin.k.d.c(SourceFile:2)

08-06 19:50:11.423  5786 13506 I LSPosed-Bridge: 	at com.geetest.onelogin.k.d.c(SourceFile:2)

08-06 19:50:11.423  5786 13506 I LSPosed-Bridge: 	at com.geetest.onelogin.k.d$4.run(SourceFile:2)

08-06 19:50:11.423  5786 13506 I LSPosed-Bridge: 	at com.geetest.onelogin.k.d$4.run(SourceFile:2)

08-06 19:50:11.423  5786 13506 I LSPosed-Bridge: 	at java.util.concurrent.ThreadPoolExecutor.runWorker(ThreadPoolExecutor.java:1167)

08-06 19:50:11.423  5786 13506 I LSPosed-Bridge: 	at java.util.concurrent.ThreadPoolExecutor.runWorker(ThreadPoolExecutor.java:1167)

08-06 19:50:11.423  5786 13506 I LSPosed-Bridge: 	at java.util.concurrent.ThreadPoolExecutor$Worker.run(ThreadPoolExecutor.java:641)

08-06 19:50:11.423  5786 13506 I LSPosed-Bridge: 	at java.util.concurrent.ThreadPoolExecutor$Worker.run(ThreadPoolExecutor.java:641)

08-06 19:50:11.423  5786 13506 I LSPosed-Bridge: 	at java.lang.Thread.run(Thread.java:764)

08-06 19:50:11.423  5786 13506 I LSPosed-Bridge: 	at java.lang.Thread.run(Thread.java:764)

08-06 19:50:11.423  5786  6022 I LSPosed-Bridge: 5786 PermLabel hookBinder_test 10141 interfaceBinder =android.content.pm.IPackageManager; arg0 = 9; arg1 = android.os.Parcel@27d4962; arg2 = android.os.Parcel@df5d208; arg3 = 0; res = true; stacktrace=java.lang.Exception

08-06 19:50:11.423  5786  6022 I LSPosed-Bridge: 5786 PermLabel hookBinder_test 10141 interfaceBinder =android.content.pm.IPackageManager; arg0 = 9; arg1 = android.os.Parcel@27d4962; arg2 = android.os.Parcel@df5d208; arg3 = 0; res = true; stacktrace=java.lang.Exception

08-06 19:50:11.423  5786  6022 I LSPosed-Bridge: 	at com.example.permlabel.hookBinder_test$1.afterHookedMethod(hookBinder_test.java:67)

08-06 19:50:11.423  5786  6022 I LSPosed-Bridge: 	at com.example.permlabel.hookBinder_test$1.afterHookedMethod(hookBinder_test.java:67)

08-06 19:50:11.423  5786  6022 I LSPosed-Bridge: 	at de.robv.android.xposed.XposedBridge$AdditionalHookInfo.callback(Unknown Source:147)

08-06 19:50:11.423  5786  6022 I LSPosed-Bridge: 	at de.robv.android.xposed.XposedBridge$AdditionalHookInfo.callback(Unknown Source:147)

08-06 19:50:11.423  5786  6022 I LSPosed-Bridge: 	at LSPHooker_.transact(Unknown Source:28)

08-06 19:50:11.423  5786  6022 I LSPosed-Bridge: 	at LSPHooker_.transact(Unknown Source:28)

08-06 19:50:11.423  5786  6022 I LSPosed-Bridge: 	at android.content.pm.IPackageManager$Stub$Proxy.getPermissionInfo(IPackageManager.java:3008)

08-06 19:50:11.423  5786  6022 I LSPosed-Bridge: 	at android.content.pm.IPackageManager$Stub$Proxy.getPermissionInfo(IPackageManager.java:3008)

08-06 19:50:11.423  5786  6022 I LSPosed-Bridge: 	at android.app.ApplicationPackageManager.getPermissionInfo(ApplicationPackageManager.java:306)

08-06 19:50:11.423  5786  6022 I LSPosed-Bridge: 	at android.app.ApplicationPackageManager.getPermissionInfo(ApplicationPackageManager.java:306)

08-06 19:50:11.423  5786  6022 I LSPosed-Bridge: 	at com.example.permlabel.requestPerm$2.afterHookedMethod(requestPerm.java:188)

08-06 19:50:11.423  5786  6022 I LSPosed-Bridge: 	at com.example.permlabel.requestPerm$2.afterHookedMethod(requestPerm.java:188)

08-06 19:50:11.423  5786  6022 I LSPosed-Bridge: 	at de.robv.android.xposed.XposedBridge$AdditionalHookInfo.callback(Unknown Source:147)

08-06 19:50:11.423  5786  6022 I LSPosed-Bridge: 	at de.robv.android.xposed.XposedBridge$AdditionalHookInfo.callback(Unknown Source:147)

08-06 19:50:11.423  5786  6022 I LSPosed-Bridge: 	at LSPHooker_.checkPermission(Unknown Source:25)

08-06 19:50:11.423  5786  6022 I LSPosed-Bridge: 	at LSPHooker_.checkPermission(Unknown Source:25)

08-06 19:50:11.423  5786  6022 I LSPosed-Bridge: 	at android.content.ContextWrapper.checkPermission(ContextWrapper.java:738)

08-06 19:50:11.423  5786  6022 I LSPosed-Bridge: 	at android.content.ContextWrapper.checkPermission(ContextWrapper.java:738)

08-06 19:50:11.423  5786  6022 I LSPosed-Bridge: 	at n.h.d.a.checkSelfPermission(SourceFile:2)

08-06 19:50:11.423  5786  6022 I LSPosed-Bridge: 	at n.h.d.a.checkSelfPermission(SourceFile:2)

08-06 19:50:11.423  5786  6022 I LSPosed-Bridge: 	at j.a.e.k.c(SourceFile:5)

08-06 19:50:11.423  5786  6022 I LSPosed-Bridge: 	at j.a.e.k.c(SourceFile:5)

08-06 19:50:11.423  5786  6022 I LSPosed-Bridge: 	at r.w.c.v.s.f(SourceFile:3)

08-06 19:50:11.423  5786  6022 I LSPosed-Bridge: 	at r.w.c.v.s.f(SourceFile:3)

08-06 19:50:11.423  5786  6022 I LSPosed-Bridge: 	at r.w.c.d.d.c.a(SourceFile:27)

08-06 19:50:11.423  5786  6022 I LSPosed-Bridge: 	at r.w.c.d.d.c.a(SourceFile:27)

08-06 19:50:11.423  5786  6022 I LSPosed-Bridge: 	at r.w.c.d.d.a.run(SourceFile:23)

08-06 19:50:11.423  5786  6022 I LSPosed-Bridge: 	at r.w.c.d.d.a.run(SourceFile:23)

08-06 19:50:11.423  5786  6022 I LSPosed-Bridge: 	at java.lang.Thread.run(Thread.java:764)

08-06 19:50:11.423  5786  6022 I LSPosed-Bridge: 	at java.lang.Thread.run(Thread.java:764)

08-06 19:50:11.423  5786  6022 I LSPosed-Bridge: 	at android.os.Handler.handleCallback(Handler.java:873)

08-06 19:50:11.423  5786  6022 I LSPosed-Bridge: 	at android.os.Handler.handleCallback(Handler.java:873)

08-06 19:50:11.423  5786  6022 I LSPosed-Bridge: 	at android.os.Handler.dispatchMessage(Handler.java:99)

08-06 19:50:11.423  5786  6022 I LSPosed-Bridge: 	at android.os.Handler.dispatchMessage(Handler.java:99)

08-06 19:50:11.423  5786  6022 I LSPosed-Bridge: 	at android.os.Looper.loop(Looper.java:193)

08-06 19:50:11.423  5786  6022 I LSPosed-Bridge: 	at android.os.Looper.loop(Looper.java:193)

08-06 19:50:11.423  5786  6022 I LSPosed-Bridge: 	at android.os.HandlerThread.run(HandlerThread.java:65)

08-06 19:50:11.423  5786  6022 I LSPosed-Bridge: 	at android.os.HandlerThread.run(HandlerThread.java:65)

08-06 19:50:11.423  5786 13506 I LSPosed-Bridge: 5786 PermLabel hookBinder_test 10141 interfaceBinder =android.content.pm.IPackageManager; arg0 = 19; arg1 = android.os.Parcel@9afcda4; arg2 = android.os.Parcel@15ab70d; arg3 = 0; res = true; stacktrace=java.lang.Exception

08-06 19:50:11.423  5786 13506 I LSPosed-Bridge: 5786 PermLabel hookBinder_test 10141 interfaceBinder =android.content.pm.IPackageManager; arg0 = 19; arg1 = android.os.Parcel@9afcda4; arg2 = android.os.Parcel@15ab70d; arg3 = 0; res = true; stacktrace=java.lang.Exception

08-06 19:50:11.423  5786 13506 I LSPosed-Bridge: 	at com.example.permlabel.hookBinder_test$1.afterHookedMethod(hookBinder_test.java:67)

08-06 19:50:11.423  5786 13506 I LSPosed-Bridge: 	at com.example.permlabel.hookBinder_test$1.afterHookedMethod(hookBinder_test.java:67)

08-06 19:50:11.423  5786 13506 I LSPosed-Bridge: 	at de.robv.android.xposed.XposedBridge$AdditionalHookInfo.callback(Unknown Source:147)

08-06 19:50:11.423  5786 13506 I LSPosed-Bridge: 	at de.robv.android.xposed.XposedBridge$AdditionalHookInfo.callback(Unknown Source:147)

08-06 19:50:11.423  5786 13506 I LSPosed-Bridge: 	at LSPHooker_.transact(Unknown Source:28)

08-06 19:50:11.423  5786 13506 I LSPosed-Bridge: 	at LSPHooker_.transact(Unknown Source:28)

08-06 19:50:11.423  5786 13506 I LSPosed-Bridge: 	at android.content.pm.IPackageManager$Stub$Proxy.checkPermission(IPackageManager.java:3285)

08-06 19:50:11.423  5786 13506 I LSPosed-Bridge: 	at android.content.pm.IPackageManager$Stub$Proxy.checkPermission(IPackageManager.java:3285)

08-06 19:50:11.423  5786 13506 I LSPosed-Bridge: 	at android.app.ApplicationPackageManager.checkPermission(ApplicationPackageManager.java:581)

08-06 19:50:11.423  5786 13506 I LSPosed-Bridge: 	at android.app.ApplicationPackageManager.checkPermission(ApplicationPackageManager.java:581)

08-06 19:50:11.423  5786 13506 I LSPosed-Bridge: 	at java.lang.reflect.Method.invoke(Native Method)

08-06 19:50:11.423  5786 13506 I LSPosed-Bridge: 	at java.lang.reflect.Method.invoke(Native Method)

08-06 19:50:11.423  5786 13506 I LSPosed-Bridge: 	at org.lsposed.lspd.nativebridge.HookBridge.invokeOriginalMethod(Native Method)

08-06 19:50:11.423  5786 13506 I LSPosed-Bridge: 	at org.lsposed.lspd.nativebridge.HookBridge.invokeOriginalMethod(Native Method)

08-06 19:50:11.423  5786 13506 I LSPosed-Bridge: 	at de.robv.android.xposed.XposedBridge$AdditionalHookInfo.callback(Unknown Source:110)

08-06 19:50:11.423  5786 13506 I LSPosed-Bridge: 	at de.robv.android.xposed.XposedBridge$AdditionalHookInfo.callback(Unknown Source:110)

08-06 19:50:11.423  5786 13506 I LSPosed-Bridge: 	at LSPHooker_.checkPermission(Unknown Source:14)

08-06 19:50:11.423  5786 13506 I LSPosed-Bridge: 	at LSPHooker_.checkPermission(Unknown Source:14)

08-06 19:50:11.423  5786 13506 I LSPosed-Bridge: 	at r.e.a.l.k(SourceFile:2)

08-06 19:50:11.423  5786 13506 I LSPosed-Bridge: 	at r.e.a.l.k(SourceFile:2)

08-06 19:50:11.423  5786 13506 I LSPosed-Bridge: 	at com.geetest.onelogin.l.s.a(SourceFile:2)

08-06 19:50:11.423  5786 13506 I LSPosed-Bridge: 	at com.geetest.onelogin.l.s.a(SourceFile:2)

08-06 19:50:11.423  5786 13506 I LSPosed-Bridge: 	at com.geetest.onelogin.e.e.<init>(SourceFile:5)

08-06 19:50:11.423  5786 13506 I LSPosed-Bridge: 	at com.geetest.onelogin.e.e.<init>(SourceFile:5)

08-06 19:50:11.423  5786 13506 I LSPosed-Bridge: 	at com.geetest.onelogin.e.b.c(SourceFile:5)

08-06 19:50:11.423  5786 13506 I LSPosed-Bridge: 	at com.geetest.onelogin.e.b.c(SourceFile:5)

08-06 19:50:11.423  5786 13506 I LSPosed-Bridge: 	at com.geetest.onelogin.e.c.a(SourceFile:6)

08-06 19:50:11.423  5786 13506 I LSPosed-Bridge: 	at com.geetest.onelogin.e.c.a(SourceFile:6)

08-06 19:50:11.423  5786 13506 I LSPosed-Bridge: 	at com.geetest.onelogin.k.d.a(SourceFile:7)

08-06 19:50:11.423  5786 13506 I LSPosed-Bridge: 	at com.geetest.onelogin.k.d.a(SourceFile:7)

08-06 19:50:11.423  5786 13506 I LSPosed-Bridge: 	at com.geetest.onelogin.k.d.d(SourceFile:28)

08-06 19:50:11.423  5786 13506 I LSPosed-Bridge: 	at com.geetest.onelogin.k.d.d(SourceFile:28)

08-06 19:50:11.423  5786 13506 I LSPosed-Bridge: 	at com.geetest.onelogin.k.d.c(SourceFile:2)

08-06 19:50:11.423  5786 13506 I LSPosed-Bridge: 	at com.geetest.onelogin.k.d.c(SourceFile:2)

08-06 19:50:11.423  5786 13506 I LSPosed-Bridge: 	at com.geetest.onelogin.k.d$4.run(SourceFile:2)

08-06 19:50:11.423  5786 13506 I LSPosed-Bridge: 	at com.geetest.onelogin.k.d$4.run(SourceFile:2)

08-06 19:50:11.423  5786 13506 I LSPosed-Bridge: 	at java.util.concurrent.ThreadPoolExecutor.runWorker(ThreadPoolExecutor.java:1167)

08-06 19:50:11.423  5786 13506 I LSPosed-Bridge: 	at java.util.concurrent.ThreadPoolExecutor.runWorker(ThreadPoolExecutor.java:1167)

08-06 19:50:11.423  5786 13506 I LSPosed-Bridge: 	at java.util.concurrent.ThreadPoolExecutor$Worker.run(ThreadPoolExecutor.java:641)

08-06 19:50:11.423  5786 13506 I LSPosed-Bridge: 	at java.util.concurrent.ThreadPoolExecutor$Worker.run(ThreadPoolExecutor.java:641)

08-06 19:50:11.423  5786 13506 I LSPosed-Bridge: 	at java.lang.Thread.run(Thread.java:764)

08-06 19:50:11.423  5786 13506 I LSPosed-Bridge: 	at java.lang.Thread.run(Thread.java:764)

08-06 19:50:11.423  5786  6022 I LSPosed-Bridge: 5786 PermLabel 10141 ContextImpl Binder.getCallingPid() = 5786; Binder.getCallingUid() = 10141; permName: android.permission.READ_PHONE_STATE; res = -1; stacktrace=java.lang.Exception

08-06 19:50:11.423  5786  6022 I LSPosed-Bridge: 5786 PermLabel 10141 ContextImpl Binder.getCallingPid() = 5786; Binder.getCallingUid() = 10141; permName: android.permission.READ_PHONE_STATE; res = -1; stacktrace=java.lang.Exception

08-06 19:50:11.423  5786  6022 I LSPosed-Bridge: 	at com.example.permlabel.requestPerm$2.afterHookedMethod(requestPerm.java:198)

08-06 19:50:11.423  5786  6022 I LSPosed-Bridge: 	at com.example.permlabel.requestPerm$2.afterHookedMethod(requestPerm.java:198)

08-06 19:50:11.423  5786  6022 I LSPosed-Bridge: 	at de.robv.android.xposed.XposedBridge$AdditionalHookInfo.callback(Unknown Source:147)

08-06 19:50:11.423  5786  6022 I LSPosed-Bridge: 	at de.robv.android.xposed.XposedBridge$AdditionalHookInfo.callback(Unknown Source:147)

08-06 19:50:11.423  5786  6022 I LSPosed-Bridge: 	at LSPHooker_.checkPermission(Unknown Source:25)

08-06 19:50:11.423  5786  6022 I LSPosed-Bridge: 	at LSPHooker_.checkPermission(Unknown Source:25)

08-06 19:50:11.423  5786  6022 I LSPosed-Bridge: 	at android.content.ContextWrapper.checkPermission(ContextWrapper.java:738)

08-06 19:50:11.423  5786  6022 I LSPosed-Bridge: 	at android.content.ContextWrapper.checkPermission(ContextWrapper.java:738)

08-06 19:50:11.423  5786  6022 I LSPosed-Bridge: 	at n.h.d.a.checkSelfPermission(SourceFile:2)

08-06 19:50:11.423  5786  6022 I LSPosed-Bridge: 	at n.h.d.a.checkSelfPermission(SourceFile:2)

08-06 19:50:11.423  5786  6022 I LSPosed-Bridge: 	at j.a.e.k.c(SourceFile:5)

08-06 19:50:11.423  5786  6022 I LSPosed-Bridge: 	at j.a.e.k.c(SourceFile:5)

08-06 19:50:11.423  5786  6022 I LSPosed-Bridge: 	at r.w.c.v.s.f(SourceFile:3)

08-06 19:50:11.423  5786  6022 I LSPosed-Bridge: 	at r.w.c.v.s.f(SourceFile:3)

08-06 19:50:11.423  5786  6022 I LSPosed-Bridge: 	at r.w.c.d.d.c.a(SourceFile:27)

08-06 19:50:11.423  5786  6022 I LSPosed-Bridge: 	at r.w.c.d.d.c.a(SourceFile:27)

08-06 19:50:11.423  5786  6022 I LSPosed-Bridge: 	at r.w.c.d.d.a.run(SourceFile:23)

08-06 19:50:11.423  5786  6022 I LSPosed-Bridge: 	at r.w.c.d.d.a.run(SourceFile:23)

08-06 19:50:11.423  5786  6022 I LSPosed-Bridge: 	at java.lang.Thread.run(Thread.java:764)

08-06 19:50:11.423  5786  6022 I LSPosed-Bridge: 	at java.lang.Thread.run(Thread.java:764)

08-06 19:50:11.423  5786  6022 I LSPosed-Bridge: 	at android.os.Handler.handleCallback(Handler.java:873)

08-06 19:50:11.423  5786  6022 I LSPosed-Bridge: 	at android.os.Handler.handleCallback(Handler.java:873)

08-06 19:50:11.423  5786  6022 I LSPosed-Bridge: 	at android.os.Handler.dispatchMessage(Handler.java:99)

08-06 19:50:11.423  5786  6022 I LSPosed-Bridge: 	at android.os.Handler.dispatchMessage(Handler.java:99)

08-06 19:50:11.423  5786  6022 I LSPosed-Bridge: 	at android.os.Looper.loop(Looper.java:193)

08-06 19:50:11.423  5786  6022 I LSPosed-Bridge: 	at android.os.Looper.loop(Looper.java:193)

08-06 19:50:11.423  5786  6022 I LSPosed-Bridge: 	at android.os.HandlerThread.run(HandlerThread.java:65)

08-06 19:50:11.423  5786  6022 I LSPosed-Bridge: 	at android.os.HandlerThread.run(HandlerThread.java:65)

