08-06 19:53:42.357  5786  5994 I LSPosed-Bridge: 	at java.util.concurrent.Executors$RunnableAdapter.call(Executors.java:458)

08-06 19:53:42.357  5786  5994 I LSPosed-Bridge: 	at java.util.concurrent.FutureTask.run(FutureTask.java:266)

08-06 19:53:42.357  5786  5994 I LSPosed-Bridge: 	at java.util.concurrent.FutureTask.run(FutureTask.java:266)

08-06 19:53:42.357  5786  5994 I LSPosed-Bridge: 	at java.util.concurrent.ThreadPoolExecutor.runWorker(ThreadPoolExecutor.java:1167)

08-06 19:53:42.357  5786  5994 I LSPosed-Bridge: 	at java.util.concurrent.ThreadPoolExecutor.runWorker(ThreadPoolExecutor.java:1167)

08-06 19:53:42.357  5786  5994 I LSPosed-Bridge: 	at java.util.concurrent.ThreadPoolExecutor$Worker.run(ThreadPoolExecutor.java:641)

08-06 19:53:42.357  5786  5994 I LSPosed-Bridge: 	at java.util.concurrent.ThreadPoolExecutor$Worker.run(ThreadPoolExecutor.java:641)

08-06 19:53:42.357  5786  5994 I LSPosed-Bridge: 	at java.lang.Thread.run(Thread.java:764)

08-06 19:53:42.357  5786  5994 I LSPosed-Bridge: 	at java.lang.Thread.run(Thread.java:764)

08-06 19:53:42.357  5786  5994 I LSPosed-Bridge: 5786 PermLabel 10141 ContextImpl.checkPermission: pid = 5786; uid = 10141; permName: android.permission.READ_PHONE_STATE; type = 1; res = -1; stacktrace=java.lang.Exception

08-06 19:53:42.357  5786  5994 I LSPosed-Bridge: 5786 PermLabel 10141 ContextImpl.checkPermission: pid = 5786; uid = 10141; permName: android.permission.READ_PHONE_STATE; type = 1; res = -1; stacktrace=java.lang.Exception

08-06 19:53:42.357  5786  5994 I LSPosed-Bridge: 	at com.example.permlabel.requestPerm$2.afterHookedMethod(requestPerm.java:222)

08-06 19:53:42.357  5786  5994 I LSPosed-Bridge: 	at com.example.permlabel.requestPerm$2.afterHookedMethod(requestPerm.java:222)

08-06 19:53:42.357  5786  5994 I LSPosed-Bridge: 	at de.robv.android.xposed.XposedBridge$AdditionalHookInfo.callback(Unknown Source:147)

08-06 19:53:42.357  5786  5994 I LSPosed-Bridge: 	at de.robv.android.xposed.XposedBridge$AdditionalHookInfo.callback(Unknown Source:147)

08-06 19:53:42.357  5786  5994 I LSPosed-Bridge: 	at LSPHooker_.checkPermission(Unknown Source:25)

08-06 19:53:42.357  5786  5994 I LSPosed-Bridge: 	at LSPHooker_.checkPermission(Unknown Source:25)

08-06 19:53:42.357  5786  5994 I LSPosed-Bridge: 	at android.content.ContextWrapper.checkPermission(ContextWrapper.java:738)

08-06 19:53:42.357  5786  5994 I LSPosed-Bridge: 	at android.content.ContextWrapper.checkPermission(ContextWrapper.java:738)

08-06 19:53:42.357  5786  5994 I LSPosed-Bridge: 	at n.h.d.a.checkSelfPermission(SourceFile:2)

08-06 19:53:42.357  5786  5994 I LSPosed-Bridge: 	at n.h.d.a.checkSelfPermission(SourceFile:2)

08-06 19:53:42.357  5786  5994 I LSPosed-Bridge: 	at j.a.e.k.c(SourceFile:5)

08-06 19:53:42.357  5786  5994 I LSPosed-Bridge: 	at j.a.e.k.c(SourceFile:5)

08-06 19:53:42.357  5786  5994 I LSPosed-Bridge: 	at r.w.c.v.s.f(SourceFile:3)

08-06 19:53:42.357  5786  5994 I LSPosed-Bridge: 	at r.w.c.v.s.f(SourceFile:3)

08-06 19:53:42.357  5786  5994 I LSPosed-Bridge: 	at r.w.c.e.e.b(SourceFile:7)

08-06 19:53:42.357  5786  5994 I LSPosed-Bridge: 	at r.w.c.e.e.b(SourceFile:7)

08-06 19:53:42.357  5786  5994 I LSPosed-Bridge: 	at r.w.c.e.h.d(SourceFile:1)

08-06 19:53:42.357  5786  5994 I LSPosed-Bridge: 	at r.w.c.e.h.d(SourceFile:1)

08-06 19:53:42.357  5786  5994 I LSPosed-Bridge: 	at j.a.x.c.c0.c.h.f(SourceFile:34)

08-06 19:53:42.357  5786  5994 I LSPosed-Bridge: 	at j.a.x.c.c0.c.h.f(SourceFile:34)

08-06 19:53:42.357  5786  5994 I LSPosed-Bridge: 	at j.a.x.c.c0.c.h.h(SourceFile:6)

08-06 19:53:42.357  5786  5994 I LSPosed-Bridge: 	at j.a.x.c.c0.c.h.h(SourceFile:6)

08-06 19:53:42.357  5786  5994 I LSPosed-Bridge: 	at j.a.x.c.c0.c.h.i(SourceFile:8)

08-06 19:53:42.357  5786  5994 I LSPosed-Bridge: 	at j.a.x.c.c0.c.h.i(SourceFile:8)

08-06 19:53:42.357  5786  5994 I LSPosed-Bridge: 	at j.a.x.c.c0.c.h.e(SourceFile:30)

08-06 19:53:42.357  5786  5994 I LSPosed-Bridge: 	at j.a.x.c.c0.c.h.e(SourceFile:30)

08-06 19:53:42.357  5786  5994 I LSPosed-Bridge: 	at j.a.x.c.b$c.run(SourceFile:16)

08-06 19:53:42.357  5786  5994 I LSPosed-Bridge: 	at j.a.x.c.b$c.run(SourceFile:16)

08-06 19:53:42.357  5786  5994 I LSPosed-Bridge: 	at j.a.x.c.g0.k.run(SourceFile:1)

08-06 19:53:42.357  5786  5994 I LSPosed-Bridge: 	at j.a.x.c.g0.k.run(SourceFile:1)

08-06 19:53:42.357  5786  5994 I LSPosed-Bridge: 	at java.util.concurrent.Executors$RunnableAdapter.call(Executors.java:458)

08-06 19:53:42.357  5786  5994 I LSPosed-Bridge: 	at java.util.concurrent.Executors$RunnableAdapter.call(Executors.java:458)

08-06 19:53:42.357  5786  5994 I LSPosed-Bridge: 	at java.util.concurrent.FutureTask.run(FutureTask.java:266)

08-06 19:53:42.357  5786  5994 I LSPosed-Bridge: 	at java.util.concurrent.FutureTask.run(FutureTask.java:266)

08-06 19:53:42.357  5786  5994 I LSPosed-Bridge: 	at java.util.concurrent.ThreadPoolExecutor.runWorker(ThreadPoolExecutor.java:1167)

08-06 19:53:42.357  5786  5994 I LSPosed-Bridge: 	at java.util.concurrent.ThreadPoolExecutor.runWorker(ThreadPoolExecutor.java:1167)

08-06 19:53:42.357  5786  5994 I LSPosed-Bridge: 	at java.util.concurrent.ThreadPoolExecutor$Worker.run(ThreadPoolExecutor.java:641)

08-06 19:53:42.357  5786  5994 I LSPosed-Bridge: 	at java.util.concurrent.ThreadPoolExecutor$Worker.run(ThreadPoolExecutor.java:641)

08-06 19:53:42.357  5786  5994 I LSPosed-Bridge: 	at java.lang.Thread.run(Thread.java:764)

08-06 19:53:42.357  5786  5994 I LSPosed-Bridge: 	at java.lang.Thread.run(Thread.java:764)

08-06 19:54:09.683 19653 20452 W System.err: 	at o.k.a.w0.c.c.c.h.call(SourceFile:25)

08-06 19:54:09.683 19653 20452 W System.err: 	at o.k.a.w0.c.c.c.h.call(SourceFile:25)

08-06 19:54:09.683 19653 20452 W System.err: 	at java.util.concurrent.FutureTask.run(FutureTask.java:266)

08-06 19:54:09.683 19653 20452 W System.err: 	at java.util.concurrent.FutureTask.run(FutureTask.java:266)

08-06 19:54:09.683 19653 20452 W System.err: 	at java.util.concurrent.ThreadPoolExecutor.runWorker(ThreadPoolExecutor.java:1167)

08-06 19:54:09.683 19653 20452 W System.err: 	at java.util.concurrent.ThreadPoolExecutor.runWorker(ThreadPoolExecutor.java:1167)

08-06 19:54:09.683 19653 20452 W System.err: 	at java.util.concurrent.ThreadPoolExecutor$Worker.run(ThreadPoolExecutor.java:641)

08-06 19:54:09.683 19653 20452 W System.err: 	at java.util.concurrent.ThreadPoolExecutor$Worker.run(ThreadPoolExecutor.java:641)

08-06 19:54:09.683 19653 20452 W System.err: 	at java.lang.Thread.run(Thread.java:764)

08-06 19:54:09.683 19653 20452 W System.err: 	at java.lang.Thread.run(Thread.java:764)

08-06 19:54:09.683 19653 20452 W System.err: Caused by: java.lang.UnsupportedOperationException: Shame on you for calling the hidden API getPackageSizeInfoAsUser(). Shame!

08-06 19:54:09.683 19653 20452 W System.err: Caused by: java.lang.UnsupportedOperationException: Shame on you for calling the hidden API getPackageSizeInfoAsUser(). Shame!

08-06 19:54:09.683 19653 20452 W System.err: 	at android.app.ApplicationPackageManager.getPackageSizeInfoAsUser(ApplicationPackageManager.java:2220)

08-06 19:54:09.683 19653 20452 W System.err: 	at android.app.ApplicationPackageManager.getPackageSizeInfoAsUser(ApplicationPackageManager.java:2220)

08-06 19:54:09.683 19653 20452 W System.err: 	at android.content.pm.PackageManager.getPackageSizeInfo(PackageManager.java:5517)

08-06 19:54:09.683 19653 20452 W System.err: 	at android.content.pm.PackageManager.getPackageSizeInfo(PackageManager.java:5517)

08-06 19:54:09.683 19653 20452 W System.err: 	... 9 more

08-06 19:54:09.683 19653 20452 W System.err: 	... 9 more

08-06 19:54:09.683  5786  5994 I LSPosed-Bridge: 5786 PermLabel 10141 ContextImpl Binder.getCallingPid() = 5786; Binder.getCallingUid() = 10141; permName: android.permission.READ_PHONE_STATE; res = -1; stacktrace=java.lang.Exception

08-06 19:54:09.683  5786  5994 I LSPosed-Bridge: 5786 PermLabel 10141 ContextImpl Binder.getCallingPid() = 5786; Binder.getCallingUid() = 10141; permName: android.permission.READ_PHONE_STATE; res = -1; stacktrace=java.lang.Exception

08-06 19:54:09.683  5786  5994 I LSPosed-Bridge: 	at com.example.permlabel.requestPerm$2.afterHookedMethod(requestPerm.java:198)

08-06 19:54:09.683  5786  5994 I LSPosed-Bridge: 	at com.example.permlabel.requestPerm$2.afterHookedMethod(requestPerm.java:198)

08-06 19:54:09.683  5786  5994 I LSPosed-Bridge: 	at de.robv.android.xposed.XposedBridge$AdditionalHookInfo.callback(Unknown Source:147)

08-06 19:54:09.683  5786  5994 I LSPosed-Bridge: 	at de.robv.android.xposed.XposedBridge$AdditionalHookInfo.callback(Unknown Source:147)

08-06 19:54:09.683  5786  5994 I LSPosed-Bridge: 	at LSPHooker_.checkPermission(Unknown Source:25)

08-06 19:54:09.683  5786  5994 I LSPosed-Bridge: 	at LSPHooker_.checkPermission(Unknown Source:25)

08-06 19:54:09.683  5786  5994 I LSPosed-Bridge: 	at android.content.ContextWrapper.checkPermission(ContextWrapper.java:738)

08-06 19:54:09.683  5786  5994 I LSPosed-Bridge: 	at android.content.ContextWrapper.checkPermission(ContextWrapper.java:738)

08-06 19:54:09.683  5786  5994 I LSPosed-Bridge: 	at n.h.d.a.checkSelfPermission(SourceFile:2)

08-06 19:54:09.683  5786  5994 I LSPosed-Bridge: 	at n.h.d.a.checkSelfPermission(SourceFile:2)

08-06 19:54:09.683  5786  5994 I LSPosed-Bridge: 	at j.a.e.k.c(SourceFile:5)

08-06 19:54:09.683  5786  5994 I LSPosed-Bridge: 	at j.a.e.k.c(SourceFile:5)

08-06 19:54:09.683  5786  5994 I LSPosed-Bridge: 	at r.w.c.v.s.f(SourceFile:3)

08-06 19:54:09.683  5786  5994 I LSPosed-Bridge: 	at r.w.c.v.s.f(SourceFile:3)

08-06 19:54:09.683  5786  5994 I LSPosed-Bridge: 	at r.w.c.e.e.f(SourceFile:6)

08-06 19:54:09.683  5786  5994 I LSPosed-Bridge: 	at r.w.c.e.e.f(SourceFile:6)

08-06 19:54:09.683  5786  5994 I LSPosed-Bridge: 	at r.w.c.e.h.h(SourceFile:1)

08-06 19:54:09.683  5786  5994 I LSPosed-Bridge: 	at r.w.c.e.h.h(SourceFile:1)

08-06 19:54:09.683  5786  5994 I LSPosed-Bridge: 	at j.a.x.c.c0.c.h.f(SourceFile:27)

08-06 19:54:09.683  5786  5994 I LSPosed-Bridge: 	at j.a.x.c.c0.c.h.f(SourceFile:27)

08-06 19:54:09.683  5786  5994 I LSPosed-Bridge: 	at j.a.x.c.c0.c.h.h(SourceFile:6)

08-06 19:54:09.683  5786  5994 I LSPosed-Bridge: 	at j.a.x.c.c0.c.h.h(SourceFile:6)

08-06 19:54:09.683  5786  5994 I LSPosed-Bridge: 	at j.a.x.c.c0.c.h.i(SourceFile:8)

08-06 19:54:09.683  5786  5994 I LSPosed-Bridge: 	at j.a.x.c.c0.c.h.i(SourceFile:8)

08-06 19:54:09.683  5786  5994 I LSPosed-Bridge: 	at j.a.x.c.c0.c.h.e(SourceFile:30)

08-06 19:54:09.683  5786  5994 I LSPosed-Bridge: 	at j.a.x.c.c0.c.h.e(SourceFile:30)

08-06 19:54:09.683  5786  5994 I LSPosed-Bridge: 	at j.a.x.c.b$c.run(SourceFile:16)

08-06 19:54:09.683  5786  5994 I LSPosed-Bridge: 	at j.a.x.c.b$c.run(SourceFile:16)

08-06 19:54:09.683  5786  5994 I LSPosed-Bridge: 	at j.a.x.c.g0.k.run(SourceFile:1)

08-06 19:54:09.683  5786  5994 I LSPosed-Bridge: 	at j.a.x.c.g0.k.run(SourceFile:1)

08-06 19:54:09.683  5786  5994 I LSPosed-Bridge: 	at java.util.concurrent.Executors$RunnableAdapter.call(Executors.java:458)

08-06 19:54:09.683  5786  5994 I LSPosed-Bridge: 	at java.util.concurrent.Executors$RunnableAdapter.call(Executors.java:458)

08-06 19:54:09.683  5786  5994 I LSPosed-Bridge: 	at java.util.concurrent.FutureTask.run(FutureTask.java:266)

08-06 19:54:09.683  5786  5994 I LSPosed-Bridge: 	at java.util.concurrent.FutureTask.run(FutureTask.java:266)

08-06 19:54:09.683  5786  5994 I LSPosed-Bridge: 	at java.util.concurrent.ThreadPoolExecutor.runWorker(ThreadPoolExecutor.java:1167)

08-06 19:54:09.683  5786  5994 I LSPosed-Bridge: 	at java.util.concurrent.ThreadPoolExecutor.runWorker(ThreadPoolExecutor.java:1167)

08-06 19:54:09.683  5786  5994 I LSPosed-Bridge: 	at java.util.concurrent.ThreadPoolExecutor$Worker.run(ThreadPoolExecutor.java:641)

08-06 19:54:09.683  5786  5994 I LSPosed-Bridge: 	at java.util.concurrent.ThreadPoolExecutor$Worker.run(ThreadPoolExecutor.java:641)

08-06 19:54:09.683  5786  5994 I LSPosed-Bridge: 	at java.lang.Thread.run(Thread.java:764)

08-06 19:54:09.683  5786  5994 I LSPosed-Bridge: 	at java.lang.Thread.run(Thread.java:764)

08-06 19:54:09.683 19976 20424 I awcn.HttpSession: |[seq:HTTP1]  httpStatusCode:200

08-06 19:54:09.683 19976 20424 I awcn.HttpSession: |[seq:HTTP1]  httpStatusCode:200

08-06 19:54:09.683 19976 20424 I awcn.HttpSession: |[seq:HTTP1]  response headers:{null=[HTTP/1.1 200 OK], X-Cache=[HIT TCP_MEM_HIT dirn:9:388898819], Server=[Tengine], X-Swift-CacheTime=[578], Connection=[keep-alive], X-Android-Received-Millis=[1691322849681], EagleId=[2ff6269916913228530417875e], Date=[Sun, 06 Aug 2023 11:48:06 GMT], Via=[cache12.l2nu20-1[0,0,200-0,H], cache17.l2nu20-1[1,0], cache17.l2nu20-1[1,0], cache7.tw5[0,0,200-0,H], cache5.tw5[1,0]], X-Android-Selected-Protocol=[http/1.1], Strict-Transport-Security=[max-age=31536000], Cache-Control=[max-age=600, s-maxage=600], EagleEye-TraceId=[2ff6309816913224863474168e], Ali-Swift-Global-Savetime=[1691322486], Timing-Allow-Origin=[*, *], X-Android-Response-Source=[NETWORK 200], X-Android-Sent-Millis=[1691322849256], X-Swift-SaveTime=[Sun, 06 Aug 2023 11:48:28 GMT], Content-Length=[385], Age=[367]}

08-06 19:54:09.683 19976 20424 I awcn.HttpSession: |[seq:HTTP1]  response headers:{null=[HTTP/1.1 200 OK], X-Cache=[HIT TCP_MEM_HIT dirn:9:388898819], Server=[Tengine], X-Swift-CacheTime=[578], Connection=[keep-alive], X-Android-Received-Millis=[1691322849681], EagleId=[2ff6269916913228530417875e], Date=[Sun, 06 Aug 2023 11:48:06 GMT], Via=[cache12.l2nu20-1[0,0,200-0,H], cache17.l2nu20-1[1,0], cache17.l2nu20-1[1,0], cache7.tw5[0,0,200-0,H], cache5.tw5[1,0]], X-Android-Selected-Protocol=[http/1.1], Strict-Transport-Security=[max-age=31536000], Cache-Control=[max-age=600, s-maxage=600], EagleEye-TraceId=[2ff6309816913224863474168e], Ali-Swift-Global-Savetime=[1691322486], Timing-Allow-Origin=[*, *], X-Android-Response-Source=[NETWORK 200], X-Android-Sent-Millis=[1691322849256], X-Swift-SaveTime=[Sun, 06 Aug 2023 11:48:28 GMT], Content-Length=[385], Age=[367]}

08-06 19:54:09.683 19976 20424 I anet.NetworkTask: |[seq:HTTP1] onResponseCode code:200

08-06 19:54:09.683 19976 20424 I anet.NetworkTask: |[seq:HTTP1] onResponseCode code:200

08-06 19:54:09.683  5786  5994 I LSPosed-Bridge: 5786 PermLabel 10141 ContextImpl.checkPermission: pid = 5786; uid = 10141; permName: android.permission.READ_PHONE_STATE; type = 1; res = -1; stacktrace=java.lang.Exception

08-06 19:54:09.683  5786  5994 I LSPosed-Bridge: 5786 PermLabel 10141 ContextImpl.checkPermission: pid = 5786; uid = 10141; permName: android.permission.READ_PHONE_STATE; type = 1; res = -1; stacktrace=java.lang.Exception

08-06 19:54:09.683  5786  5994 I LSPosed-Bridge: 	at com.example.permlabel.requestPerm$2.afterHookedMethod(requestPerm.java:222)

08-06 19:54:09.683  5786  5994 I LSPosed-Bridge: 	at com.example.permlabel.requestPerm$2.afterHookedMethod(requestPerm.java:222)

08-06 19:54:09.683  5786  5994 I LSPosed-Bridge: 	at de.robv.android.xposed.XposedBridge$AdditionalHookInfo.callback(Unknown Source:147)

08-06 19:54:09.683  5786  5994 I LSPosed-Bridge: 	at de.robv.android.xposed.XposedBridge$AdditionalHookInfo.callback(Unknown Source:147)

08-06 19:54:09.683  5786  5994 I LSPosed-Bridge: 	at LSPHooker_.checkPermission(Unknown Source:25)

08-06 19:54:09.683  5786  5994 I LSPosed-Bridge: 	at LSPHooker_.checkPermission(Unknown Source:25)

08-06 19:54:09.683  5786  5994 I LSPosed-Bridge: 	at android.content.ContextWrapper.checkPermission(ContextWrapper.java:738)

08-06 19:54:09.683  5786  5994 I LSPosed-Bridge: 	at android.content.ContextWrapper.checkPermission(ContextWrapper.java:738)

08-06 19:54:09.683  5786  5994 I LSPosed-Bridge: 	at n.h.d.a.checkSelfPermission(SourceFile:2)

08-06 19:54:09.683  5786  5994 I LSPosed-Bridge: 	at n.h.d.a.checkSelfPermission(SourceFile:2)

08-06 19:54:09.683  5786  5994 I LSPosed-Bridge: 	at j.a.e.k.c(SourceFile:5)

08-06 19:54:09.683  5786  5994 I LSPosed-Bridge: 	at j.a.e.k.c(SourceFile:5)

08-06 19:54:09.683  5786  5994 I LSPosed-Bridge: 	at r.w.c.v.s.f(SourceFile:3)

08-06 19:54:09.683  5786  5994 I LSPosed-Bridge: 	at r.w.c.v.s.f(SourceFile:3)

08-06 19:54:09.683  5786  5994 I LSPosed-Bridge: 	at r.w.c.e.e.f(SourceFile:6)

08-06 19:54:09.683  5786  5994 I LSPosed-Bridge: 	at r.w.c.e.e.f(SourceFile:6)

08-06 19:54:09.683  5786  5994 I LSPosed-Bridge: 	at r.w.c.e.h.h(SourceFile:1)

08-06 19:54:09.683  5786  5994 I LSPosed-Bridge: 	at r.w.c.e.h.h(SourceFile:1)

08-06 19:54:09.683  5786  5994 I LSPosed-Bridge: 	at j.a.x.c.c0.c.h.f(SourceFile:27)

08-06 19:54:09.683  5786  5994 I LSPosed-Bridge: 	at j.a.x.c.c0.c.h.f(SourceFile:27)

08-06 19:54:09.683  5786  5994 I LSPosed-Bridge: 	at j.a.x.c.c0.c.h.h(SourceFile:6)

08-06 19:54:09.683  5786  5994 I LSPosed-Bridge: 	at j.a.x.c.c0.c.h.h(SourceFile:6)

08-06 19:54:09.683  5786  5994 I LSPosed-Bridge: 	at j.a.x.c.c0.c.h.i(SourceFile:8)

08-06 19:54:09.683  5786  5994 I LSPosed-Bridge: 	at j.a.x.c.c0.c.h.i(SourceFile:8)

08-06 19:54:09.683  5786  5994 I LSPosed-Bridge: 	at j.a.x.c.c0.c.h.e(SourceFile:30)

08-06 19:54:09.683  5786  5994 I LSPosed-Bridge: 	at j.a.x.c.c0.c.h.e(SourceFile:30)

08-06 19:54:09.683  5786  5994 I LSPosed-Bridge: 	at j.a.x.c.b$c.run(SourceFile:16)

08-06 19:54:09.683  5786  5994 I LSPosed-Bridge: 	at j.a.x.c.b$c.run(SourceFile:16)

08-06 19:54:09.683  5786  5994 I LSPosed-Bridge: 	at j.a.x.c.g0.k.run(SourceFile:1)

08-06 19:54:09.683  5786  5994 I LSPosed-Bridge: 	at j.a.x.c.g0.k.run(SourceFile:1)

08-06 19:54:09.683  5786  5994 I LSPosed-Bridge: 	at java.util.concurrent.Executors$RunnableAdapter.call(Executors.java:458)

08-06 19:54:09.683  5786  5994 I LSPosed-Bridge: 	at java.util.concurrent.Executors$RunnableAdapter.call(Executors.java:458)

08-06 19:54:09.683  5786  5994 I LSPosed-Bridge: 	at java.util.concurrent.FutureTask.run(FutureTask.java:266)

08-06 19:54:09.683  5786  5994 I LSPosed-Bridge: 	at java.util.concurrent.FutureTask.run(FutureTask.java:266)

08-06 19:54:09.683  5786  5994 I LSPosed-Bridge: 	at java.util.concurrent.ThreadPoolExecutor.runWorker(ThreadPoolExecutor.java:1167)

08-06 19:54:09.683  5786  5994 I LSPosed-Bridge: 	at java.util.concurrent.ThreadPoolExecutor.runWorker(ThreadPoolExecutor.java:1167)

08-06 19:54:09.683  5786  5994 I LSPosed-Bridge: 	at java.util.concurrent.ThreadPoolExecutor$Worker.run(ThreadPoolExecutor.java:641)

08-06 19:54:09.683  5786  5994 I LSPosed-Bridge: 	at java.util.concurrent.ThreadPoolExecutor$Worker.run(ThreadPoolExecutor.java:641)

08-06 19:54:09.683  5786  5994 I LSPosed-Bridge: 	at java.lang.Thread.run(Thread.java:764)

08-06 19:54:09.683  5786  5994 I LSPosed-Bridge: 	at java.lang.Thread.run(Thread.java:764)

08-06 19:54:09.683 19976 20424 I anet.NetworkTask: |[seq:HTTP1] onResponseCode headers:{null=[HTTP/1.1 200 OK], X-Cache=[HIT TCP_MEM_HIT dirn:9:388898819], Server=[Tengine], X-Swift-CacheTime=[578], Connection=[keep-alive], X-Android-Received-Millis=[1691322849681], EagleId=[2ff6269916913228530417875e], Date=[Sun, 06 Aug 2023 11:48:06 GMT], Via=[cache12.l2nu20-1[0,0,200-0,H], cache17.l2nu20-1[1,0], cache17.l2nu20-1[1,0], cache7.tw5[0,0,200-0,H], cache5.tw5[1,0]], X-Android-Selected-Protocol=[http/1.1], Strict-Transport-Security=[max-age=31536000], Cache-Control=[max-age=600, s-maxage=600], EagleEye-TraceId=[2ff6309816913224863474168e], Ali-Swift-Global-Savetime=[1691322486], Timing-Allow-Origin=[*, *], X-Android-Response-Source=[NETWORK 200], X-Android-Sent-Millis=[1691322849256], X-Swift-SaveTime=[Sun, 06 Aug 2023 11:48:28 GMT], Content-Length=[385], Age=[367]}

08-06 19:54:09.683 19976 20424 I anet.NetworkTask: |[seq:HTTP1] onResponseCode headers:{null=[HTTP/1.1 200 OK], X-Cache=[HIT TCP_MEM_HIT dirn:9:388898819], Server=[Tengine], X-Swift-CacheTime=[578], Connection=[keep-alive], X-Android-Received-Millis=[1691322849681], EagleId=[2ff6269916913228530417875e], Date=[Sun, 06 Aug 2023 11:48:06 GMT], Via=[cache12.l2nu20-1[0,0,200-0,H], cache17.l2nu20-1[1,0], cache17.l2nu20-1[1,0], cache7.tw5[0,0,200-0,H], cache5.tw5[1,0]], X-Android-Selected-Protocol=[http/1.1], Strict-Transport-Security=[max-age=31536000], Cache-Control=[max-age=600, s-maxage=600], EagleEye-TraceId=[2ff6309816913224863474168e], Ali-Swift-Global-Savetime=[1691322486], Timing-Allow-Origin=[*, *], X-Android-Response-Source=[NETWORK 200], X-Android-Sent-Millis=[1691322849256], X-Swift-SaveTime=[Sun, 06 Aug 2023 11:48:28 GMT], Content-Length=[385], Age=[367]}

08-06 19:54:09.693  5786  5994 I LSPosed-Bridge: 5786 PermLabel 10141 ContextImpl Binder.getCallingPid() = 5786; Binder.getCallingUid() = 10141; permName: android.permission.READ_PHONE_STATE; res = -1; stacktrace=java.lang.Exception

08-06 19:54:09.693  5786  5994 I LSPosed-Bridge: 5786 PermLabel 10141 ContextImpl Binder.getCallingPid() = 5786; Binder.getCallingUid() = 10141; permName: android.permission.READ_PHONE_STATE; res = -1; stacktrace=java.lang.Exception

08-06 19:54:09.693  5786  5994 I LSPosed-Bridge: 	at com.example.permlabel.requestPerm$2.afterHookedMethod(requestPerm.java:198)

08-06 19:54:09.693  5786  5994 I LSPosed-Bridge: 	at com.example.permlabel.requestPerm$2.afterHookedMethod(requestPerm.java:198)

08-06 19:54:09.693  5786  5994 I LSPosed-Bridge: 	at de.robv.android.xposed.XposedBridge$AdditionalHookInfo.callback(Unknown Source:147)

08-06 19:54:09.693  5786  5994 I LSPosed-Bridge: 	at de.robv.android.xposed.XposedBridge$AdditionalHookInfo.callback(Unknown Source:147)

08-06 19:54:09.693  5786  5994 I LSPosed-Bridge: 	at LSPHooker_.checkPermission(Unknown Source:25)

08-06 19:54:09.693  5786  5994 I LSPosed-Bridge: 	at LSPHooker_.checkPermission(Unknown Source:25)

08-06 19:54:09.693  5786  5994 I LSPosed-Bridge: 	at android.content.ContextWrapper.checkPermission(ContextWrapper.java:738)

08-06 19:54:09.693  5786  5994 I LSPosed-Bridge: 	at android.content.ContextWrapper.checkPermission(ContextWrapper.java:738)

08-06 19:54:09.693  5786  5994 I LSPosed-Bridge: 	at n.h.d.a.checkSelfPermission(SourceFile:2)

08-06 19:54:09.693  5786  5994 I LSPosed-Bridge: 	at n.h.d.a.checkSelfPermission(SourceFile:2)

08-06 19:54:09.693  5786  5994 I LSPosed-Bridge: 	at j.a.e.k.c(SourceFile:5)

08-06 19:54:09.693  5786  5994 I LSPosed-Bridge: 	at j.a.e.k.c(SourceFile:5)

08-06 19:54:09.693  5786  5994 I LSPosed-Bridge: 	at r.w.c.v.s.f(SourceFile:3)

08-06 19:54:09.693  5786  5994 I LSPosed-Bridge: 	at r.w.c.v.s.f(SourceFile:3)

08-06 19:54:09.693  5786  5994 I LSPosed-Bridge: 	at r.w.c.e.e.g(SourceFile:6)

08-06 19:54:09.693  5786  5994 I LSPosed-Bridge: 	at r.w.c.e.e.g(SourceFile:6)

08-06 19:54:09.693  5786  5994 I LSPosed-Bridge: 	at r.w.c.e.h.i(SourceFile:1)

08-06 19:54:09.693  5786  5994 I LSPosed-Bridge: 	at r.w.c.e.h.i(SourceFile:1)

08-06 19:54:09.693  5786  5994 I LSPosed-Bridge: 	at j.a.x.c.c0.c.h.f(SourceFile:28)

08-06 19:54:09.693  5786  5994 I LSPosed-Bridge: 	at j.a.x.c.c0.c.h.f(SourceFile:28)

08-06 19:54:09.693  5786  5994 I LSPosed-Bridge: 	at j.a.x.c.c0.c.h.h(SourceFile:6)

08-06 19:54:09.693  5786  5994 I LSPosed-Bridge: 	at j.a.x.c.c0.c.h.h(SourceFile:6)

08-06 19:54:09.693  5786  5994 I LSPosed-Bridge: 	at j.a.x.c.c0.c.h.i(SourceFile:8)

08-06 19:54:09.693  5786  5994 I LSPosed-Bridge: 	at j.a.x.c.c0.c.h.i(SourceFile:8)

08-06 19:54:09.693  5786  5994 I LSPosed-Bridge: 	at j.a.x.c.c0.c.h.e(SourceFile:30)

08-06 19:54:09.693  5786  5994 I LSPosed-Bridge: 	at j.a.x.c.c0.c.h.e(SourceFile:30)

08-06 19:54:09.693  5786  5994 I LSPosed-Bridge: 	at j.a.x.c.b$c.run(SourceFile:16)

08-06 19:54:09.693  5786  5994 I LSPosed-Bridge: 	at j.a.x.c.b$c.run(SourceFile:16)

08-06 19:54:09.693  5786  5994 I LSPosed-Bridge: 	at j.a.x.c.g0.k.run(SourceFile:1)

08-06 19:54:09.693  5786  5994 I LSPosed-Bridge: 	at j.a.x.c.g0.k.run(SourceFile:1)

08-06 19:54:09.693  5786  5994 I LSPosed-Bridge: 	at java.util.concurrent.Executors$RunnableAdapter.call(Executors.java:458)

08-06 19:54:09.693  5786  5994 I LSPosed-Bridge: 	at java.util.concurrent.Executors$RunnableAdapter.call(Executors.java:458)

08-06 19:54:09.693  5786  5994 I LSPosed-Bridge: 	at java.util.concurrent.FutureTask.run(FutureTask.java:266)

08-06 19:54:09.693  5786  5994 I LSPosed-Bridge: 	at java.util.concurrent.FutureTask.run(FutureTask.java:266)

08-06 19:54:09.693  5786  5994 I LSPosed-Bridge: 	at java.util.concurrent.ThreadPoolExecutor.runWorker(ThreadPoolExecutor.java:1167)

08-06 19:54:09.693  5786  5994 I LSPosed-Bridge: 	at java.util.concurrent.ThreadPoolExecutor.runWorker(ThreadPoolExecutor.java:1167)

08-06 19:54:09.693  5786  5994 I LSPosed-Bridge: 	at java.util.concurrent.ThreadPoolExecutor$Worker.run(ThreadPoolExecutor.java:641)

08-06 19:54:09.693  5786  5994 I LSPosed-Bridge: 	at java.util.concurrent.ThreadPoolExecutor$Worker.run(ThreadPoolExecutor.java:641)

08-06 19:54:09.693  5786  5994 I LSPosed-Bridge: 	at java.lang.Thread.run(Thread.java:764)

08-06 19:54:09.693  5786  5994 I LSPosed-Bridge: 	at java.lang.Thread.run(Thread.java:764)

08-06 19:54:09.693  5786  5994 I LSPosed-Bridge: 5786 PermLabel 10141 ContextImpl.checkPermission: pid = 5786; uid = 10141; permName: android.permission.READ_PHONE_STATE; type = 1; res = -1; stacktrace=java.lang.Exception

08-06 19:54:09.693  5786  5994 I LSPosed-Bridge: 5786 PermLabel 10141 ContextImpl.checkPermission: pid = 5786; uid = 10141; permName: android.permission.READ_PHONE_STATE; type = 1; res = -1; stacktrace=java.lang.Exception

08-06 19:54:09.693  5786  5994 I LSPosed-Bridge: 	at com.example.permlabel.requestPerm$2.afterHookedMethod(requestPerm.java:222)

08-06 19:54:09.693  5786  5994 I LSPosed-Bridge: 	at com.example.permlabel.requestPerm$2.afterHookedMethod(requestPerm.java:222)

08-06 19:54:09.693  5786  5994 I LSPosed-Bridge: 	at de.robv.android.xposed.XposedBridge$AdditionalHookInfo.callback(Unknown Source:147)

08-06 19:54:09.693  5786  5994 I LSPosed-Bridge: 	at de.robv.android.xposed.XposedBridge$AdditionalHookInfo.callback(Unknown Source:147)

08-06 19:54:09.693  5786  5994 I LSPosed-Bridge: 	at LSPHooker_.checkPermission(Unknown Source:25)

08-06 19:54:09.693  5786  5994 I LSPosed-Bridge: 	at LSPHooker_.checkPermission(Unknown Source:25)

08-06 19:54:09.693  5786  5994 I LSPosed-Bridge: 	at android.content.ContextWrapper.checkPermission(ContextWrapper.java:738)

08-06 19:54:09.693  5786  5994 I LSPosed-Bridge: 	at android.content.ContextWrapper.checkPermission(ContextWrapper.java:738)

08-06 19:54:09.693  5786  5994 I LSPosed-Bridge: 	at n.h.d.a.checkSelfPermission(SourceFile:2)

08-06 19:54:09.693  5786  5994 I LSPosed-Bridge: 	at n.h.d.a.checkSelfPermission(SourceFile:2)

08-06 19:54:09.693  5786  5994 I LSPosed-Bridge: 	at j.a.e.k.c(SourceFile:5)

08-06 19:54:09.693  5786  5994 I LSPosed-Bridge: 	at j.a.e.k.c(SourceFile:5)

08-06 19:54:09.693  5786  5994 I LSPosed-Bridge: 	at r.w.c.v.s.f(SourceFile:3)

08-06 19:54:09.693  5786  5994 I LSPosed-Bridge: 	at r.w.c.v.s.f(SourceFile:3)

08-06 19:54:09.693  5786  5994 I LSPosed-Bridge: 	at r.w.c.e.e.g(SourceFile:6)

08-06 19:54:09.693  5786  5994 I LSPosed-Bridge: 	at r.w.c.e.e.g(SourceFile:6)

08-06 19:54:09.693  5786  5994 I LSPosed-Bridge: 	at r.w.c.e.h.i(SourceFile:1)

08-06 19:54:09.693  5786  5994 I LSPosed-Bridge: 	at r.w.c.e.h.i(SourceFile:1)

08-06 19:54:09.693  5786  5994 I LSPosed-Bridge: 	at j.a.x.c.c0.c.h.f(SourceFile:28)

08-06 19:54:09.693  5786  5994 I LSPosed-Bridge: 	at j.a.x.c.c0.c.h.f(SourceFile:28)

08-06 19:54:09.693  5786  5994 I LSPosed-Bridge: 	at j.a.x.c.c0.c.h.h(SourceFile:6)

08-06 19:54:09.693  5786  5994 I LSPosed-Bridge: 	at j.a.x.c.c0.c.h.h(SourceFile:6)

08-06 19:54:09.693  5786  5994 I LSPosed-Bridge: 	at j.a.x.c.c0.c.h.i(SourceFile:8)

08-06 19:54:09.693  5786  5994 I LSPosed-Bridge: 	at j.a.x.c.c0.c.h.i(SourceFile:8)

08-06 19:54:09.693  5786  5994 I LSPosed-Bridge: 	at j.a.x.c.c0.c.h.e(SourceFile:30)

08-06 19:54:09.693  5786  5994 I LSPosed-Bridge: 	at j.a.x.c.c0.c.h.e(SourceFile:30)

08-06 19:54:09.693  5786  5994 I LSPosed-Bridge: 	at j.a.x.c.b$c.run(SourceFile:16)

08-06 19:54:09.693  5786  5994 I LSPosed-Bridge: 	at j.a.x.c.b$c.run(SourceFile:16)

08-06 19:54:09.693  5786  5994 I LSPosed-Bridge: 	at j.a.x.c.g0.k.run(SourceFile:1)

08-06 19:54:09.693  5786  5994 I LSPosed-Bridge: 	at j.a.x.c.g0.k.run(SourceFile:1)

08-06 19:54:09.693  5786  5994 I LSPosed-Bridge: 	at java.util.concurrent.Executors$RunnableAdapter.call(Executors.java:458)

08-06 19:54:09.693  5786  5994 I LSPosed-Bridge: 	at java.util.concurrent.Executors$RunnableAdapter.call(Executors.java:458)

08-06 19:54:09.693  5786  5994 I LSPosed-Bridge: 	at java.util.concurrent.FutureTask.run(FutureTask.java:266)

08-06 19:54:09.693  5786  5994 I LSPosed-Bridge: 	at java.util.concurrent.FutureTask.run(FutureTask.java:266)

08-06 19:54:09.693  5786  5994 I LSPosed-Bridge: 	at java.util.concurrent.ThreadPoolExecutor.runWorker(ThreadPoolExecutor.java:1167)

08-06 19:54:09.693  5786  5994 I LSPosed-Bridge: 	at java.util.concurrent.ThreadPoolExecutor.runWorker(ThreadPoolExecutor.java:1167)

08-06 19:54:09.693  5786  5994 I LSPosed-Bridge: 	at java.util.concurrent.ThreadPoolExecutor$Worker.run(ThreadPoolExecutor.java:641)

08-06 19:54:09.693  5786  5994 I LSPosed-Bridge: 	at java.util.concurrent.ThreadPoolExecutor$Worker.run(ThreadPoolExecutor.java:641)

08-06 19:54:09.693  5786  5994 I LSPosed-Bridge: 	at java.lang.Thread.run(Thread.java:764)

08-06 19:54:09.693  5786  5994 I LSPosed-Bridge: 	at java.lang.Thread.run(Thread.java:764)

08-06 19:54:09.699 19976 20424 I anet.NetworkTask: |[seq:HTTP1] [onFinish] code:200 msg:SUCCESS

08-06 19:54:09.699  5786  5994 I LSPosed-Bridge: 5786 PermLabel hookBinder_test 10141 interfaceBinder =android.content.pm.IPackageManager; arg0 = 9; arg1 = android.os.Parcel@2ef2ed9; arg2 = android.os.Parcel@9522a29; arg3 = 0; res = true; stacktrace=java.lang.Exception

08-06 19:54:09.699  5786  5994 I LSPosed-Bridge: 	at com.example.permlabel.hookBinder_test$1.afterHookedMethod(hookBinder_test.java:67)

08-06 19:54:09.699  5786  5994 I LSPosed-Bridge: 	at de.robv.android.xposed.XposedBridge$AdditionalHookInfo.callback(Unknown Source:147)

08-06 19:54:09.699  5786  5994 I LSPosed-Bridge: 	at LSPHooker_.transact(Unknown Source:28)

08-06 19:54:09.699  5786  5994 I LSPosed-Bridge: 	at android.content.pm.IPackageManager$Stub$Proxy.getPermissionInfo(IPackageManager.java:3008)

08-06 19:54:09.699  5786  5994 I LSPosed-Bridge: 	at android.app.ApplicationPackageManager.getPermissionInfo(ApplicationPackageManager.java:306)

08-06 19:54:09.699  5786  5994 I LSPosed-Bridge: 	at com.example.permlabel.requestPerm$2.afterHookedMethod(requestPerm.java:188)

08-06 19:54:09.699  5786  5994 I LSPosed-Bridge: 	at de.robv.android.xposed.XposedBridge$AdditionalHookInfo.callback(Unknown Source:147)

08-06 19:54:09.699  5786  5994 I LSPosed-Bridge: 	at LSPHooker_.checkPermission(Unknown Source:25)

08-06 19:54:09.699  5786  5994 I LSPosed-Bridge: 	at android.content.ContextWrapper.checkPermission(ContextWrapper.java:738)

08-06 19:54:09.699  5786  5994 I LSPosed-Bridge: 	at n.h.d.a.checkSelfPermission(SourceFile:2)

08-06 19:54:09.699  5786  5994 I LSPosed-Bridge: 	at j.a.e.k.c(SourceFile:5)

08-06 19:54:09.699  5786  5994 I LSPosed-Bridge: 	at r.w.c.v.s.f(SourceFile:3)

08-06 19:54:09.699  5786  5994 I LSPosed-Bridge: 	at r.w.c.e.e.b(SourceFile:7)

08-06 19:54:09.699  5786  5994 I LSPosed-Bridge: 	at r.w.c.e.h.d(SourceFile:1)

08-06 19:54:09.699  5786  5994 I LSPosed-Bridge: 	at j.a.x.c.c0.c.h.f(SourceFile:34)

08-06 19:54:09.699  5786  5994 I LSPosed-Bridge: 	at j.a.x.c.c0.c.h.h(SourceFile:6)

08-06 19:54:09.699  5786  5994 I LSPosed-Bridge: 	at j.a.x.c.c0.c.h.i(SourceFile:8)

08-06 19:54:09.699  5786  5994 I LSPosed-Bridge: 	at j.a.x.c.c0.c.h.e(SourceFile:30)

08-06 19:54:09.699  5786  5994 I LSPosed-Bridge: 	at j.a.x.c.b$c.run(SourceFile:16)

08-06 19:54:09.699  5786  5994 I LSPosed-Bridge: 	at j.a.x.c.g0.k.run(SourceFile:1)

08-06 19:54:09.699  5786  5994 I LSPosed-Bridge: 	at java.util.concurrent.Executors$RunnableAdapter.call(Executors.java:458)

08-06 19:54:09.699  5786  5994 I LSPosed-Bridge: 	at java.util.concurrent.FutureTask.run(FutureTask.java:266)

08-06 19:54:09.699  5786  5994 I LSPosed-Bridge: 	at java.util.concurrent.ThreadPoolExecutor.runWorker(ThreadPoolExecutor.java:1167)

08-06 19:54:09.699  5786  5994 I LSPosed-Bridge: 	at java.util.concurrent.ThreadPoolExecutor$Worker.run(ThreadPoolExecutor.java:641)

08-06 19:54:09.699  5786  5994 I LSPosed-Bridge: 	at java.lang.Thread.run(Thread.java:764)

08-06 19:54:09.699  5786  5786 I LSPosed-Bridge: 5786 PermLabel hookBinder_test 10141 interfaceBinder =android.view.accessibility.IAccessibilityInteractionConnectionCallback; arg0 = 2; arg1 = android.os.Parcel@61ff97; arg2 = null; arg3 = 1; res = true; stacktrace=java.lang.Exception

08-06 19:54:09.699  5786  5786 I LSPosed-Bridge: 	at com.example.permlabel.hookBinder_test$1.afterHookedMethod(hookBinder_test.java:67)

08-06 19:54:09.699  5786  5786 I LSPosed-Bridge: 	at de.robv.android.xposed.XposedBridge$AdditionalHookInfo.callback(Unknown Source:147)

08-06 19:54:09.699  5786  5786 I LSPosed-Bridge: 	at LSPHooker_.transact(Unknown Source:28)

08-06 19:54:09.699  5786  5786 I LSPosed-Bridge: 	at android.view.accessibility.IAccessibilityInteractionConnectionCallback$Stub$Proxy.setFindAccessibilityNodeInfosResult(IAccessibilityInteractionConnectionCallback.java:146)

08-06 19:54:09.699  5786  5786 I LSPosed-Bridge: 	at android.view.AccessibilityInteractionController.updateInfosForViewportAndReturnFindNodeResult(AccessibilityInteractionController.java:869)

08-06 19:54:09.699  5786  5786 I LSPosed-Bridge: 	at android.view.AccessibilityInteractionController.findAccessibilityNodeInfoByAccessibilityIdUiThread(AccessibilityInteractionController.java:340)

08-06 19:54:09.699  5786  5786 I LSPosed-Bridge: 	at android.view.AccessibilityInteractionController.access$400(AccessibilityInteractionController.java:67)

08-06 19:54:09.699  5786  5786 I LSPosed-Bridge: 	at android.view.AccessibilityInteractionController$PrivateHandler.handleMessage(AccessibilityInteractionController.java:1324)

08-06 19:54:09.699  5786  5786 I LSPosed-Bridge: 	at android.os.Handler.dispatchMessage(Handler.java:106)

08-06 19:54:09.699  5786  5786 I LSPosed-Bridge: 	at android.os.Looper.loop(Looper.java:193)

08-06 19:54:09.699  5786  5786 I LSPosed-Bridge: 	at android.app.ActivityThread.main(ActivityThread.java:6692)

08-06 19:54:09.699  5786  5786 I LSPosed-Bridge: 	at java.lang.reflect.Method.invoke(Native Method)

08-06 19:54:09.699  5786  5786 I LSPosed-Bridge: 	at com.android.internal.os.RuntimeInit$MethodAndArgsCaller.run(RuntimeInit.java:493)

08-06 19:54:09.699  5786  5786 I LSPosed-Bridge: 	at com.android.internal.os.ZygoteInit.main(ZygoteInit.java:858)

08-06 19:54:09.699  5786  5994 I LSPosed-Bridge: 5786 PermLabel 10141 ContextImpl Binder.getCallingPid() = 5786; Binder.getCallingUid() = 10141; permName: android.permission.READ_PHONE_STATE; res = -1; stacktrace=java.lang.Exception

08-06 19:54:09.699  5786  5994 I LSPosed-Bridge: 	at com.example.permlabel.requestPerm$2.afterHookedMethod(requestPerm.java:198)

08-06 19:54:09.699  5786  5994 I LSPosed-Bridge: 	at de.robv.android.xposed.XposedBridge$AdditionalHookInfo.callback(Unknown Source:147)

08-06 19:54:09.699  5786  5994 I LSPosed-Bridge: 	at LSPHooker_.checkPermission(Unknown Source:25)

08-06 19:54:09.699  5786  5994 I LSPosed-Bridge: 	at android.content.ContextWrapper.checkPermission(ContextWrapper.java:738)

08-06 19:54:09.699  5786  5994 I LSPosed-Bridge: 	at n.h.d.a.checkSelfPermission(SourceFile:2)

08-06 19:54:09.699  5786  5994 I LSPosed-Bridge: 	at j.a.e.k.c(SourceFile:5)

08-06 19:54:09.699  5786  5994 I LSPosed-Bridge: 	at r.w.c.v.s.f(SourceFile:3)

08-06 19:54:09.699  5786  5994 I LSPosed-Bridge: 	at r.w.c.e.e.b(SourceFile:7)

08-06 19:54:09.699  5786  5994 I LSPosed-Bridge: 	at r.w.c.e.h.d(SourceFile:1)

08-06 19:54:09.699  5786  5994 I LSPosed-Bridge: 	at j.a.x.c.c0.c.h.f(SourceFile:34)

08-06 19:54:09.699  5786  5994 I LSPosed-Bridge: 	at j.a.x.c.c0.c.h.h(SourceFile:6)

08-06 19:54:09.699  5786  5994 I LSPosed-Bridge: 	at j.a.x.c.c0.c.h.i(SourceFile:8)

08-06 19:54:09.699  5786  5994 I LSPosed-Bridge: 	at j.a.x.c.c0.c.h.e(SourceFile:30)

08-06 19:54:09.699  5786  5994 I LSPosed-Bridge: 	at j.a.x.c.b$c.run(SourceFile:16)

08-06 19:54:09.699  5786  5994 I LSPosed-Bridge: 	at j.a.x.c.g0.k.run(SourceFile:1)

08-06 19:54:09.699  5786  5994 I LSPosed-Bridge: 	at java.util.concurrent.Executors$RunnableAdapter.call(Executors.java:458)

08-06 19:54:09.699  5786  5994 I LSPosed-Bridge: 	at java.util.concurrent.FutureTask.run(FutureTask.java:266)

08-06 19:54:09.699  5786  5994 I LSPosed-Bridge: 	at java.util.concurrent.ThreadPoolExecutor.runWorker(ThreadPoolExecutor.java:1167)

08-06 19:54:09.699  5786  5994 I LSPosed-Bridge: 	at java.util.concurrent.ThreadPoolExecutor$Worker.run(ThreadPoolExecutor.java:641)

08-06 19:54:09.699  5786  5994 I LSPosed-Bridge: 	at java.lang.Thread.run(Thread.java:764)

08-06 19:54:09.701 19653 20452 W System.err: 	at o.k.a.w0.c.c.c.h.call(SourceFile:25)

08-06 19:54:09.701 19653 20452 W System.err: 	at java.util.concurrent.FutureTask.run(FutureTask.java:266)

08-06 19:54:09.701 19653 20452 W System.err: 	at java.util.concurrent.ThreadPoolExecutor.runWorker(ThreadPoolExecutor.java:1167)

08-06 19:54:09.701 19653 20452 W System.err: 	at java.util.concurrent.ThreadPoolExecutor$Worker.run(ThreadPoolExecutor.java:641)

08-06 19:54:09.701 19653 20452 W System.err: 	at java.lang.Thread.run(Thread.java:764)

08-06 19:54:09.701 19653 20452 W System.err: Caused by: java.lang.UnsupportedOperationException: Shame on you for calling the hidden API getPackageSizeInfoAsUser(). Shame!

08-06 19:54:09.701 19653 20452 W System.err: 	at android.app.ApplicationPackageManager.getPackageSizeInfoAsUser(ApplicationPackageManager.java:2220)

08-06 19:54:09.701 19653 20452 W System.err: 	at android.content.pm.PackageManager.getPackageSizeInfo(PackageManager.java:5517)

08-06 19:54:09.701 19653 20452 W System.err: 	... 9 more

08-06 19:54:09.701  5786  5994 I LSPosed-Bridge: 5786 PermLabel 10141 ContextImpl.checkPermission: pid = 5786; uid = 10141; permName: android.permission.READ_PHONE_STATE; type = 1; res = -1; stacktrace=java.lang.Exception

08-06 19:54:09.701  5786  5994 I LSPosed-Bridge: 	at com.example.permlabel.requestPerm$2.afterHookedMethod(requestPerm.java:222)

08-06 19:54:09.701  5786  5994 I LSPosed-Bridge: 	at de.robv.android.xposed.XposedBridge$AdditionalHookInfo.callback(Unknown Source:147)

08-06 19:54:09.701  5786  5994 I LSPosed-Bridge: 	at LSPHooker_.checkPermission(Unknown Source:25)

08-06 19:54:09.701  5786  5994 I LSPosed-Bridge: 	at android.content.ContextWrapper.checkPermission(ContextWrapper.java:738)

08-06 19:54:09.701  5786  5994 I LSPosed-Bridge: 	at n.h.d.a.checkSelfPermission(SourceFile:2)

08-06 19:54:09.701  5786  5994 I LSPosed-Bridge: 	at j.a.e.k.c(SourceFile:5)

08-06 19:54:09.701  5786  5994 I LSPosed-Bridge: 	at r.w.c.v.s.f(SourceFile:3)

08-06 19:54:09.701  5786  5994 I LSPosed-Bridge: 	at r.w.c.e.e.b(SourceFile:7)

08-06 19:54:09.701  5786  5994 I LSPosed-Bridge: 	at r.w.c.e.h.d(SourceFile:1)

08-06 19:54:09.701  5786  5994 I LSPosed-Bridge: 	at j.a.x.c.c0.c.h.f(SourceFile:34)

08-06 19:54:09.701  5786  5994 I LSPosed-Bridge: 	at j.a.x.c.c0.c.h.h(SourceFile:6)

08-06 19:54:09.701  5786  5994 I LSPosed-Bridge: 	at j.a.x.c.c0.c.h.i(SourceFile:8)

08-06 19:54:09.701  5786  5994 I LSPosed-Bridge: 	at j.a.x.c.c0.c.h.e(SourceFile:30)

08-06 19:54:09.701  5786  5994 I LSPosed-Bridge: 	at j.a.x.c.b$c.run(SourceFile:16)

08-06 19:54:09.701  5786  5994 I LSPosed-Bridge: 	at j.a.x.c.g0.k.run(SourceFile:1)

08-06 19:54:09.701  5786  5994 I LSPosed-Bridge: 	at java.util.concurrent.Executors$RunnableAdapter.call(Executors.java:458)

08-06 19:54:09.701  5786  5994 I LSPosed-Bridge: 	at java.util.concurrent.FutureTask.run(FutureTask.java:266)

08-06 19:54:09.701  5786  5994 I LSPosed-Bridge: 	at java.util.concurrent.ThreadPoolExecutor.runWorker(ThreadPoolExecutor.java:1167)

08-06 19:54:09.701  5786  5994 I LSPosed-Bridge: 	at java.util.concurrent.ThreadPoolExecutor$Worker.run(ThreadPoolExecutor.java:641)

08-06 19:54:09.701  5786  5994 I LSPosed-Bridge: 	at java.lang.Thread.run(Thread.java:764)

08-06 19:54:09.701 19976 20424 I anet.Repeater: |[seq:HTTP1] [onFinish] 

08-06 19:54:23.694  5786  5994 I LSPosed-Bridge: 5786 PermLabel hookBinder_test 10141 interfaceBinder =android.content.pm.IPackageManager; arg0 = 9; arg1 = android.os.Parcel@2ef2ed9; arg2 = android.os.Parcel@1cbbb3c; arg3 = 0; res = true; stacktrace=java.lang.Exception

08-06 19:54:23.694  5786  5994 I LSPosed-Bridge: 5786 PermLabel hookBinder_test 10141 interfaceBinder =android.content.pm.IPackageManager; arg0 = 9; arg1 = android.os.Parcel@2ef2ed9; arg2 = android.os.Parcel@1cbbb3c; arg3 = 0; res = true; stacktrace=java.lang.Exception

08-06 19:54:23.694  5786  5994 I LSPosed-Bridge: 	at com.example.permlabel.hookBinder_test$1.afterHookedMethod(hookBinder_test.java:67)

08-06 19:54:23.694  5786  5994 I LSPosed-Bridge: 	at com.example.permlabel.hookBinder_test$1.afterHookedMethod(hookBinder_test.java:67)

08-06 19:54:23.694  5786  5994 I LSPosed-Bridge: 	at de.robv.android.xposed.XposedBridge$AdditionalHookInfo.callback(Unknown Source:147)

08-06 19:54:23.694  5786  5994 I LSPosed-Bridge: 	at de.robv.android.xposed.XposedBridge$AdditionalHookInfo.callback(Unknown Source:147)

08-06 19:54:23.694  5786  5994 I LSPosed-Bridge: 	at LSPHooker_.transact(Unknown Source:28)

08-06 19:54:23.694  5786  5994 I LSPosed-Bridge: 	at LSPHooker_.transact(Unknown Source:28)

08-06 19:54:23.694  5786  5994 I LSPosed-Bridge: 	at android.content.pm.IPackageManager$Stub$Proxy.getPermissionInfo(IPackageManager.java:3008)

08-06 19:54:23.694  5786  5994 I LSPosed-Bridge: 	at android.content.pm.IPackageManager$Stub$Proxy.getPermissionInfo(IPackageManager.java:3008)

08-06 19:54:23.694  5786  5994 I LSPosed-Bridge: 	at android.app.ApplicationPackageManager.getPermissionInfo(ApplicationPackageManager.java:306)

08-06 19:54:23.694  5786  5994 I LSPosed-Bridge: 	at android.app.ApplicationPackageManager.getPermissionInfo(ApplicationPackageManager.java:306)

08-06 19:54:23.694  5786  5994 I LSPosed-Bridge: 	at com.example.permlabel.requestPerm$2.afterHookedMethod(requestPerm.java:188)

08-06 19:54:23.694  5786  5994 I LSPosed-Bridge: 	at com.example.permlabel.requestPerm$2.afterHookedMethod(requestPerm.java:188)

08-06 19:54:23.694  5786  5994 I LSPosed-Bridge: 	at de.robv.android.xposed.XposedBridge$AdditionalHookInfo.callback(Unknown Source:147)

08-06 19:54:23.694  5786  5994 I LSPosed-Bridge: 	at de.robv.android.xposed.XposedBridge$AdditionalHookInfo.callback(Unknown Source:147)

08-06 19:54:23.694  5786  5994 I LSPosed-Bridge: 	at LSPHooker_.checkPermission(Unknown Source:25)

08-06 19:54:23.694  5786  5994 I LSPosed-Bridge: 	at LSPHooker_.checkPermission(Unknown Source:25)

08-06 19:54:23.694  5786  5994 I LSPosed-Bridge: 	at android.content.ContextWrapper.checkPermission(ContextWrapper.java:738)

08-06 19:54:23.694  5786  5994 I LSPosed-Bridge: 	at android.content.ContextWrapper.checkPermission(ContextWrapper.java:738)

08-06 19:54:23.694  5786  5994 I LSPosed-Bridge: 	at n.h.d.a.checkSelfPermission(SourceFile:2)

08-06 19:54:23.694  5786  5994 I LSPosed-Bridge: 	at n.h.d.a.checkSelfPermission(SourceFile:2)

08-06 19:54:23.694  5786  5994 I LSPosed-Bridge: 	at j.a.e.k.c(SourceFile:5)

08-06 19:54:23.694  5786  5994 I LSPosed-Bridge: 	at j.a.e.k.c(SourceFile:5)

08-06 19:54:23.694  5786  5994 I LSPosed-Bridge: 	at r.w.c.v.s.f(SourceFile:3)

08-06 19:54:23.694  5786  5994 I LSPosed-Bridge: 	at r.w.c.v.s.f(SourceFile:3)

08-06 19:54:23.694  5786  5994 I LSPosed-Bridge: 	at r.w.c.e.e.f(SourceFile:6)

08-06 19:54:23.694  5786  5994 I LSPosed-Bridge: 	at r.w.c.e.e.f(SourceFile:6)

08-06 19:54:23.694  5786  5994 I LSPosed-Bridge: 	at r.w.c.e.h.h(SourceFile:1)

08-06 19:54:23.694  5786  5994 I LSPosed-Bridge: 	at r.w.c.e.h.h(SourceFile:1)

08-06 19:54:23.694  5786  5994 I LSPosed-Bridge: 	at j.a.x.c.c0.c.h.f(SourceFile:27)

08-06 19:54:23.694  5786  5994 I LSPosed-Bridge: 	at j.a.x.c.c0.c.h.f(SourceFile:27)

08-06 19:54:23.694  5786  5994 I LSPosed-Bridge: 	at j.a.x.c.c0.c.h.h(SourceFile:6)

08-06 19:54:23.694  5786  5994 I LSPosed-Bridge: 	at j.a.x.c.c0.c.h.h(SourceFile:6)

08-06 19:54:23.694  5786  5994 I LSPosed-Bridge: 	at j.a.x.c.c0.c.h.i(SourceFile:8)

08-06 19:54:23.694  5786  5994 I LSPosed-Bridge: 	at j.a.x.c.c0.c.h.i(SourceFile:8)

08-06 19:54:23.694  5786  5994 I LSPosed-Bridge: 	at j.a.x.c.c0.c.h.e(SourceFile:30)

08-06 19:54:23.694  5786  5994 I LSPosed-Bridge: 	at j.a.x.c.c0.c.h.e(SourceFile:30)

08-06 19:54:23.694  5786  5994 I LSPosed-Bridge: 	at j.a.x.c.b$c.run(SourceFile:16)

08-06 19:54:23.694  5786  5994 I LSPosed-Bridge: 	at j.a.x.c.b$c.run(SourceFile:16)

08-06 19:54:23.694  5786  5994 I LSPosed-Bridge: 	at j.a.x.c.g0.k.run(SourceFile:1)

08-06 19:54:23.694  5786  5994 I LSPosed-Bridge: 	at j.a.x.c.g0.k.run(SourceFile:1)

08-06 19:54:23.694  5786  5994 I LSPosed-Bridge: 	at java.util.concurrent.Executors$RunnableAdapter.call(Executors.java:458)

08-06 19:54:23.694  5786  5994 I LSPosed-Bridge: 	at java.util.concurrent.Executors$RunnableAdapter.call(Executors.java:458)

08-06 19:54:23.694  5786  5994 I LSPosed-Bridge: 	at java.util.concurrent.FutureTask.run(FutureTask.java:266)

08-06 19:54:23.694  5786  5994 I LSPosed-Bridge: 	at java.util.concurrent.FutureTask.run(FutureTask.java:266)

08-06 19:54:23.694  5786  5994 I LSPosed-Bridge: 	at java.util.concurrent.ThreadPoolExecutor.runWorker(ThreadPoolExecutor.java:1167)

08-06 19:54:23.694  5786  5994 I LSPosed-Bridge: 	at java.util.concurrent.ThreadPoolExecutor.runWorker(ThreadPoolExecutor.java:1167)

08-06 19:54:23.694  5786  5994 I LSPosed-Bridge: 	at java.util.concurrent.ThreadPoolExecutor$Worker.run(ThreadPoolExecutor.java:641)

08-06 19:54:23.694  5786  5994 I LSPosed-Bridge: 	at java.util.concurrent.ThreadPoolExecutor$Worker.run(ThreadPoolExecutor.java:641)

08-06 19:54:23.694  5786  5994 I LSPosed-Bridge: 	at java.lang.Thread.run(Thread.java:764)

08-06 19:54:23.694  5786  5994 I LSPosed-Bridge: 	at java.lang.Thread.run(Thread.java:764)

08-06 19:54:23.694  5786  5994 I LSPosed-Bridge: 5786 PermLabel 10141 ContextImpl Binder.getCallingPid() = 5786; Binder.getCallingUid() = 10141; permName: android.permission.READ_PHONE_STATE; res = -1; stacktrace=java.lang.Exception

08-06 19:54:23.694  5786  5994 I LSPosed-Bridge: 5786 PermLabel 10141 ContextImpl Binder.getCallingPid() = 5786; Binder.getCallingUid() = 10141; permName: android.permission.READ_PHONE_STATE; res = -1; stacktrace=java.lang.Exception

08-06 19:54:23.694  5786  5994 I LSPosed-Bridge: 	at com.example.permlabel.requestPerm$2.afterHookedMethod(requestPerm.java:198)

08-06 19:54:23.694  5786  5994 I LSPosed-Bridge: 	at com.example.permlabel.requestPerm$2.afterHookedMethod(requestPerm.java:198)

08-06 19:54:23.694  5786  5994 I LSPosed-Bridge: 	at de.robv.android.xposed.XposedBridge$AdditionalHookInfo.callback(Unknown Source:147)

08-06 19:54:23.694  5786  5994 I LSPosed-Bridge: 	at de.robv.android.xposed.XposedBridge$AdditionalHookInfo.callback(Unknown Source:147)

08-06 19:54:23.694  5786  5994 I LSPosed-Bridge: 	at LSPHooker_.checkPermission(Unknown Source:25)

08-06 19:54:23.694  5786  5994 I LSPosed-Bridge: 	at LSPHooker_.checkPermission(Unknown Source:25)

08-06 19:54:23.694  5786  5994 I LSPosed-Bridge: 	at android.content.ContextWrapper.checkPermission(ContextWrapper.java:738)

08-06 19:54:23.694  5786  5994 I LSPosed-Bridge: 	at android.content.ContextWrapper.checkPermission(ContextWrapper.java:738)

08-06 19:54:23.694  5786  5994 I LSPosed-Bridge: 	at n.h.d.a.checkSelfPermission(SourceFile:2)

08-06 19:54:23.694  5786  5994 I LSPosed-Bridge: 	at n.h.d.a.checkSelfPermission(SourceFile:2)

08-06 19:54:23.694  5786  5994 I LSPosed-Bridge: 	at j.a.e.k.c(SourceFile:5)

08-06 19:54:23.694  5786  5994 I LSPosed-Bridge: 	at j.a.e.k.c(SourceFile:5)

08-06 19:54:23.694  5786  5994 I LSPosed-Bridge: 	at r.w.c.v.s.f(SourceFile:3)

08-06 19:54:23.694  5786  5994 I LSPosed-Bridge: 	at r.w.c.v.s.f(SourceFile:3)

08-06 19:54:23.694  5786  5994 I LSPosed-Bridge: 	at r.w.c.e.e.f(SourceFile:6)

08-06 19:54:23.694  5786  5994 I LSPosed-Bridge: 	at r.w.c.e.e.f(SourceFile:6)

08-06 19:54:23.694  5786  5994 I LSPosed-Bridge: 	at r.w.c.e.h.h(SourceFile:1)

08-06 19:54:23.694  5786  5994 I LSPosed-Bridge: 	at r.w.c.e.h.h(SourceFile:1)

08-06 19:54:23.694  5786  5994 I LSPosed-Bridge: 	at j.a.x.c.c0.c.h.f(SourceFile:27)

08-06 19:54:23.694  5786  5994 I LSPosed-Bridge: 	at j.a.x.c.c0.c.h.f(SourceFile:27)

08-06 19:54:23.694  5786  5994 I LSPosed-Bridge: 	at j.a.x.c.c0.c.h.h(SourceFile:6)

08-06 19:54:23.694  5786  5994 I LSPosed-Bridge: 	at j.a.x.c.c0.c.h.h(SourceFile:6)

08-06 19:54:23.694  5786  5994 I LSPosed-Bridge: 	at j.a.x.c.c0.c.h.i(SourceFile:8)

08-06 19:54:23.694  5786  5994 I LSPosed-Bridge: 	at j.a.x.c.c0.c.h.i(SourceFile:8)

08-06 19:54:23.694  5786  5994 I LSPosed-Bridge: 	at j.a.x.c.c0.c.h.e(SourceFile:30)

08-06 19:54:23.694  5786  5994 I LSPosed-Bridge: 	at j.a.x.c.c0.c.h.e(SourceFile:30)

08-06 19:54:23.694  5786  5994 I LSPosed-Bridge: 	at j.a.x.c.b$c.run(SourceFile:16)

08-06 19:54:23.694  5786  5994 I LSPosed-Bridge: 	at j.a.x.c.b$c.run(SourceFile:16)

08-06 19:54:23.694  5786  5994 I LSPosed-Bridge: 	at j.a.x.c.g0.k.run(SourceFile:1)

08-06 19:54:23.694  5786  5994 I LSPosed-Bridge: 	at j.a.x.c.g0.k.run(SourceFile:1)

08-06 19:54:23.694  5786  5994 I LSPosed-Bridge: 	at java.util.concurrent.Executors$RunnableAdapter.call(Executors.java:458)

08-06 19:54:23.694  5786  5994 I LSPosed-Bridge: 	at java.util.concurrent.Executors$RunnableAdapter.call(Executors.java:458)

08-06 19:54:23.694  5786  5994 I LSPosed-Bridge: 	at java.util.concurrent.FutureTask.run(FutureTask.java:266)

