07-23 04:18:58.937  5597  7182 I LSPosed-Bridge: 	at com.tendcloud.tenddata.cf.e(Unknown Source:11)

07-23 04:18:58.937  5597  7182 I LSPosed-Bridge: 	at com.tendcloud.tenddata.cf.h(Unknown Source:36)

07-23 04:18:58.937  5597  7182 I LSPosed-Bridge: 	at com.tendcloud.tenddata.cf.h(Unknown Source:36)

07-23 04:18:58.937  5597  7182 I LSPosed-Bridge: 	at com.tendcloud.tenddata.es.c(Unknown Source:23)

07-23 04:18:58.937  5597  7182 I LSPosed-Bridge: 	at com.tendcloud.tenddata.es.c(Unknown Source:23)

07-23 04:18:58.937  5597  7182 I LSPosed-Bridge: 	at com.tendcloud.tenddata.es.a(Unknown Source:25)

07-23 04:18:58.937  5597  7182 I LSPosed-Bridge: 	at com.tendcloud.tenddata.es.a(Unknown Source:25)

07-23 04:18:58.937  5597  7182 I LSPosed-Bridge: 	at com.tendcloud.tenddata.aa.b(Unknown Source:38)

07-23 04:18:58.937  5597  7182 I LSPosed-Bridge: 	at com.tendcloud.tenddata.aa.b(Unknown Source:38)

07-23 04:18:58.937  5597  7182 I LSPosed-Bridge: 	at com.tendcloud.tenddata.aa.a(Unknown Source:0)

07-23 04:18:58.937  5597  7182 I LSPosed-Bridge: 	at com.tendcloud.tenddata.aa.a(Unknown Source:0)

07-23 04:18:58.937  5597  7182 I LSPosed-Bridge: 	at com.tendcloud.tenddata.eq.handleMessage(Unknown Source:4)

07-23 04:18:58.937  5597  7182 I LSPosed-Bridge: 	at com.tendcloud.tenddata.eq.handleMessage(Unknown Source:4)

07-23 04:18:58.937  5597  7182 I LSPosed-Bridge: 	at android.os.Handler.dispatchMessage(Handler.java:106)

07-23 04:18:58.937  5597  7182 I LSPosed-Bridge: 	at android.os.Handler.dispatchMessage(Handler.java:106)

07-23 04:18:58.937  5597  7182 I LSPosed-Bridge: 	at android.os.Looper.loop(Looper.java:193)

07-23 04:18:58.937  5597  7182 I LSPosed-Bridge: 	at android.os.Looper.loop(Looper.java:193)

07-23 04:18:58.937  5597  7182 I LSPosed-Bridge: 	at android.os.HandlerThread.run(HandlerThread.java:65)

07-23 04:18:58.937  5597  7182 I LSPosed-Bridge: 	at android.os.HandlerThread.run(HandlerThread.java:65)

07-23 04:18:58.937  5597  7182 I LSPosed-Bridge: 5597 PermLabel 10140 ContextImpl.checkPermission: pid = 5597; uid = 10140; permName: android.permission.READ_PHONE_STATE; type = 1; res = -1; stacktrace=java.lang.Exception

07-23 04:18:58.937  5597  7182 I LSPosed-Bridge: 5597 PermLabel 10140 ContextImpl.checkPermission: pid = 5597; uid = 10140; permName: android.permission.READ_PHONE_STATE; type = 1; res = -1; stacktrace=java.lang.Exception

07-23 04:18:58.937  5597  7182 I LSPosed-Bridge: 	at com.example.permlabel.requestPerm$2.afterHookedMethod(requestPerm.java:229)

07-23 04:18:58.937  5597  7182 I LSPosed-Bridge: 	at com.example.permlabel.requestPerm$2.afterHookedMethod(requestPerm.java:229)

07-23 04:18:58.937  5597  7182 I LSPosed-Bridge: 	at de.robv.android.xposed.XposedBridge$AdditionalHookInfo.callback(Unknown Source:147)

07-23 04:18:58.937  5597  7182 I LSPosed-Bridge: 	at de.robv.android.xposed.XposedBridge$AdditionalHookInfo.callback(Unknown Source:147)

07-23 04:18:58.937  5597  7182 I LSPosed-Bridge: 	at LSPHooker_.checkPermission(Unknown Source:25)

07-23 04:18:58.937  5597  7182 I LSPosed-Bridge: 	at LSPHooker_.checkPermission(Unknown Source:25)

07-23 04:18:58.937  5597  7182 I LSPosed-Bridge: 	at android.app.ContextImpl.checkSelfPermission(ContextImpl.java:1801)

07-23 04:18:58.937  5597  7182 I LSPosed-Bridge: 	at android.app.ContextImpl.checkSelfPermission(ContextImpl.java:1801)

07-23 04:18:58.937  5597  7182 I LSPosed-Bridge: 	at android.content.ContextWrapper.checkSelfPermission(ContextWrapper.java:759)

07-23 04:18:58.937  5597  7182 I LSPosed-Bridge: 	at android.content.ContextWrapper.checkSelfPermission(ContextWrapper.java:759)

07-23 04:18:58.937  5597  7182 I LSPosed-Bridge: 	at com.tendcloud.tenddata.cf.e(Unknown Source:11)

07-23 04:18:58.937  5597  7182 I LSPosed-Bridge: 	at com.tendcloud.tenddata.cf.e(Unknown Source:11)

07-23 04:18:58.937  5597  7182 I LSPosed-Bridge: 	at com.tendcloud.tenddata.cf.h(Unknown Source:36)

07-23 04:18:58.937  5597  7182 I LSPosed-Bridge: 	at com.tendcloud.tenddata.cf.h(Unknown Source:36)

07-23 04:18:58.937  5597  7182 I LSPosed-Bridge: 	at com.tendcloud.tenddata.es.c(Unknown Source:23)

07-23 04:18:58.937  5597  7182 I LSPosed-Bridge: 	at com.tendcloud.tenddata.es.c(Unknown Source:23)

07-23 04:18:58.937  5597  7182 I LSPosed-Bridge: 	at com.tendcloud.tenddata.es.a(Unknown Source:25)

07-23 04:18:58.937  5597  7182 I LSPosed-Bridge: 	at com.tendcloud.tenddata.es.a(Unknown Source:25)

07-23 04:18:58.937  5597  7182 I LSPosed-Bridge: 	at com.tendcloud.tenddata.aa.b(Unknown Source:38)

07-23 04:18:58.937  5597  7182 I LSPosed-Bridge: 	at com.tendcloud.tenddata.aa.b(Unknown Source:38)

07-23 04:18:58.937  5597  7182 I LSPosed-Bridge: 	at com.tendcloud.tenddata.aa.a(Unknown Source:0)

07-23 04:18:58.937  5597  7182 I LSPosed-Bridge: 	at com.tendcloud.tenddata.aa.a(Unknown Source:0)

07-23 04:18:58.937  5597  7182 I LSPosed-Bridge: 	at com.tendcloud.tenddata.eq.handleMessage(Unknown Source:4)

07-23 04:18:58.937  5597  7182 I LSPosed-Bridge: 	at com.tendcloud.tenddata.eq.handleMessage(Unknown Source:4)

07-23 04:18:58.937  5597  7182 I LSPosed-Bridge: 	at android.os.Handler.dispatchMessage(Handler.java:106)

07-23 04:18:58.937  5597  7182 I LSPosed-Bridge: 	at android.os.Handler.dispatchMessage(Handler.java:106)

07-23 04:18:58.937  5597  7182 I LSPosed-Bridge: 	at android.os.Looper.loop(Looper.java:193)

07-23 04:18:58.937  5597  7182 I LSPosed-Bridge: 	at android.os.Looper.loop(Looper.java:193)

07-23 04:18:58.937  5597  7182 I LSPosed-Bridge: 	at android.os.HandlerThread.run(HandlerThread.java:65)

07-23 04:18:58.937  5597  7182 I LSPosed-Bridge: 	at android.os.HandlerThread.run(HandlerThread.java:65)

07-23 04:18:58.940  5597  7182 I LSPosed-Bridge: 5597 PermLabel 10140 ContextImpl Binder.getCallingPid() = 5597; Binder.getCallingUid() = 10140; permName: android.permission.READ_PHONE_STATE; res = -1; stacktrace=java.lang.Exception

07-23 04:18:58.940  5597  7182 I LSPosed-Bridge: 	at com.example.permlabel.requestPerm$2.afterHookedMethod(requestPerm.java:205)

07-23 04:18:58.940  5597  7182 I LSPosed-Bridge: 	at de.robv.android.xposed.XposedBridge$AdditionalHookInfo.callback(Unknown Source:147)

07-23 04:18:58.940  5597  7182 I LSPosed-Bridge: 	at LSPHooker_.checkPermission(Unknown Source:25)

07-23 04:18:58.940  5597  7182 I LSPosed-Bridge: 	at android.app.ContextImpl.checkSelfPermission(ContextImpl.java:1801)

07-23 04:18:58.940  5597  7182 I LSPosed-Bridge: 	at android.content.ContextWrapper.checkSelfPermission(ContextWrapper.java:759)

07-23 04:18:58.940  5597  7182 I LSPosed-Bridge: 	at com.tendcloud.tenddata.cf.d(Unknown Source:11)

07-23 04:18:58.940  5597  7182 I LSPosed-Bridge: 	at com.tendcloud.tenddata.cf.h(Unknown Source:40)

07-23 04:18:58.940  5597  7182 I LSPosed-Bridge: 	at com.tendcloud.tenddata.es.c(Unknown Source:23)

07-23 04:18:58.940  5597  7182 I LSPosed-Bridge: 	at com.tendcloud.tenddata.es.a(Unknown Source:25)

07-23 04:18:58.940  5597  7182 I LSPosed-Bridge: 	at com.tendcloud.tenddata.aa.b(Unknown Source:38)

07-23 04:18:58.940  5597  7182 I LSPosed-Bridge: 	at com.tendcloud.tenddata.aa.a(Unknown Source:0)

07-23 04:18:58.940  5597  7182 I LSPosed-Bridge: 	at com.tendcloud.tenddata.eq.handleMessage(Unknown Source:4)

07-23 04:18:58.940  5597  7182 I LSPosed-Bridge: 	at android.os.Handler.dispatchMessage(Handler.java:106)

07-23 04:18:58.940  5597  7182 I LSPosed-Bridge: 	at android.os.Looper.loop(Looper.java:193)

07-23 04:18:58.940  5597  7182 I LSPosed-Bridge: 	at android.os.HandlerThread.run(HandlerThread.java:65)

07-23 04:18:58.940   559   559 I ConfigStore: android::hardware::configstore::V1_0::ISurfaceFlingerConfigs::hasHDRDisplay retrieved: 0

07-23 04:18:58.941  5597  7182 I LSPosed-Bridge: 5597 PermLabel 10140 ContextImpl.checkPermission: pid = 5597; uid = 10140; permName: android.permission.READ_PHONE_STATE; type = 1; res = -1; stacktrace=java.lang.Exception

07-23 04:18:58.941  5597  7182 I LSPosed-Bridge: 	at com.example.permlabel.requestPerm$2.afterHookedMethod(requestPerm.java:229)

07-23 04:18:58.941  5597  7182 I LSPosed-Bridge: 	at de.robv.android.xposed.XposedBridge$AdditionalHookInfo.callback(Unknown Source:147)

07-23 04:18:58.941  5597  7182 I LSPosed-Bridge: 	at LSPHooker_.checkPermission(Unknown Source:25)

07-23 04:18:58.941  5597  7182 I LSPosed-Bridge: 	at android.app.ContextImpl.checkSelfPermission(ContextImpl.java:1801)

07-23 04:18:58.941  5597  7182 I LSPosed-Bridge: 	at android.content.ContextWrapper.checkSelfPermission(ContextWrapper.java:759)

07-23 04:18:58.941  5597  7182 I LSPosed-Bridge: 	at com.tendcloud.tenddata.cf.d(Unknown Source:11)

07-23 04:18:58.941  5597  7182 I LSPosed-Bridge: 	at com.tendcloud.tenddata.cf.h(Unknown Source:40)

07-23 04:18:58.941  5597  7182 I LSPosed-Bridge: 	at com.tendcloud.tenddata.es.c(Unknown Source:23)

07-23 04:18:58.941  5597  7182 I LSPosed-Bridge: 	at com.tendcloud.tenddata.es.a(Unknown Source:25)

07-23 04:18:58.941  5597  7182 I LSPosed-Bridge: 	at com.tendcloud.tenddata.aa.b(Unknown Source:38)

07-23 04:18:58.941  5597  7182 I LSPosed-Bridge: 	at com.tendcloud.tenddata.aa.a(Unknown Source:0)

07-23 04:18:58.941  5597  7182 I LSPosed-Bridge: 	at com.tendcloud.tenddata.eq.handleMessage(Unknown Source:4)

07-23 04:18:58.941  5597  7182 I LSPosed-Bridge: 	at android.os.Handler.dispatchMessage(Handler.java:106)

07-23 04:18:58.941  5597  7182 I LSPosed-Bridge: 	at android.os.Looper.loop(Looper.java:193)

07-23 04:18:58.941  5597  7182 I LSPosed-Bridge: 	at android.os.HandlerThread.run(HandlerThread.java:65)

07-23 04:18:58.941   559   559 I ConfigStore: android::hardware::configstore::V1_0::ISurfaceFlingerConfigs::hasHDRDisplay retrieved: 0

07-23 04:18:58.943  1551  1676 I LSPosed-Bridge: 5597 PermLabel 10140 AMS.checkPermission: Binder.getCallingPid() = 1896; uid = 10140; Binder.getCallingUid() = 1001; getNameForUid: android.uid.phone:1001; getPackagesForUid: [com.qualcomm.qcrilmsgtunnel, com.qualcomm.qti.lpa, com.qualcomm.simcontacts, com.qualcomm.qti.autoregistration, org.codeaurora.ims, com.qti.confuridialer, com.android.stk, com.qti.qualcomm.deviceinfo, com.android.providers.telephony, com.qualcomm.qti.telephonyservice, com.android.phone, com.qualcomm.qti.uim, com.qualcomm.qti.ims, com.qualcomm.qti.callfeaturessetting, com.qti.xdivert, com.android.mms.service, com.qualcomm.qti.networksetting, com.qti.qualcomm.datastatusnotification]; permName: android.permission.READ_PHONE_STATE; type = 1; res = -1; stacktrace=java.lang.Exception

07-23 04:18:58.943  1551  1676 I LSPosed-Bridge: 	at com.example.permlabel.requirePerm$1$2.afterHookedMethod(requirePerm.java:150)

07-23 04:18:58.943  1551  1676 I LSPosed-Bridge: 	at de.robv.android.xposed.XposedBridge$AdditionalHookInfo.callback(Unknown Source:147)

07-23 04:18:58.943  1551  1676 I LSPosed-Bridge: 	at LSPHooker_.checkPermission(Unknown Source:25)

07-23 04:18:58.943  1551  1676 I LSPosed-Bridge: 	at android.app.IActivityManager$Stub.onTransact(IActivityManager.java:664)

07-23 04:18:58.943  1551  1676 I LSPosed-Bridge: 	at com.android.server.am.ActivityManagerService.onTransact(ActivityManagerService.java:3346)

07-23 04:18:58.943  1551  1676 I LSPosed-Bridge: 	at android.os.Binder.execTransact(Binder.java:731)

07-23 04:18:59.261  5597  7182 I LSPosed-Bridge: 5597 PermLabel hookBinder_test 10140 interfaceBinder =android.content.pm.IPackageManager; arg0 = 9; arg1 = android.os.Parcel@a8b8713; arg2 = android.os.Parcel@b8981a4; arg3 = 0; res = true; stacktrace=java.lang.Exception

07-23 04:18:59.261  5597  7182 I LSPosed-Bridge: 5597 PermLabel hookBinder_test 10140 interfaceBinder =android.content.pm.IPackageManager; arg0 = 9; arg1 = android.os.Parcel@a8b8713; arg2 = android.os.Parcel@b8981a4; arg3 = 0; res = true; stacktrace=java.lang.Exception

07-23 04:18:59.261  5597  7182 I LSPosed-Bridge: 	at com.example.permlabel.hookBinder_test$1.afterHookedMethod(hookBinder_test.java:75)

07-23 04:18:59.261  5597  7182 I LSPosed-Bridge: 	at com.example.permlabel.hookBinder_test$1.afterHookedMethod(hookBinder_test.java:75)

07-23 04:18:59.261  5597  7182 I LSPosed-Bridge: 	at de.robv.android.xposed.XposedBridge$AdditionalHookInfo.callback(Unknown Source:147)

07-23 04:18:59.261  5597  7182 I LSPosed-Bridge: 	at de.robv.android.xposed.XposedBridge$AdditionalHookInfo.callback(Unknown Source:147)

07-23 04:18:59.261  5597  7182 I LSPosed-Bridge: 	at LSPHooker_.transact(Unknown Source:28)

07-23 04:18:59.261  5597  7182 I LSPosed-Bridge: 	at LSPHooker_.transact(Unknown Source:28)

07-23 04:18:59.261  5597  7182 I LSPosed-Bridge: 	at android.content.pm.IPackageManager$Stub$Proxy.getPermissionInfo(IPackageManager.java:3008)

07-23 04:18:59.261  5597  7182 I LSPosed-Bridge: 	at android.content.pm.IPackageManager$Stub$Proxy.getPermissionInfo(IPackageManager.java:3008)

07-23 04:18:59.261  5597  7182 I LSPosed-Bridge: 	at android.app.ApplicationPackageManager.getPermissionInfo(ApplicationPackageManager.java:306)

07-23 04:18:59.261  5597  7182 I LSPosed-Bridge: 	at android.app.ApplicationPackageManager.getPermissionInfo(ApplicationPackageManager.java:306)

07-23 04:18:59.261  5597  7182 I LSPosed-Bridge: 	at com.example.permlabel.requestPerm$2.afterHookedMethod(requestPerm.java:195)

07-23 04:18:59.261  5597  7182 I LSPosed-Bridge: 	at com.example.permlabel.requestPerm$2.afterHookedMethod(requestPerm.java:195)

07-23 04:18:59.261  5597  7182 I LSPosed-Bridge: 	at de.robv.android.xposed.XposedBridge$AdditionalHookInfo.callback(Unknown Source:147)

07-23 04:18:59.261  5597  7182 I LSPosed-Bridge: 	at de.robv.android.xposed.XposedBridge$AdditionalHookInfo.callback(Unknown Source:147)

07-23 04:18:59.261  5597  7182 I LSPosed-Bridge: 	at LSPHooker_.checkPermission(Unknown Source:25)

07-23 04:18:59.261  5597  7182 I LSPosed-Bridge: 	at LSPHooker_.checkPermission(Unknown Source:25)

07-23 04:18:59.261  5597  7182 I LSPosed-Bridge: 	at android.app.ContextImpl.checkSelfPermission(ContextImpl.java:1801)

07-23 04:18:59.261  5597  7182 I LSPosed-Bridge: 	at android.app.ContextImpl.checkSelfPermission(ContextImpl.java:1801)

07-23 04:18:59.261  5597  7182 I LSPosed-Bridge: 	at android.content.ContextWrapper.checkSelfPermission(ContextWrapper.java:759)

07-23 04:18:59.261  5597  7182 I LSPosed-Bridge: 	at android.content.ContextWrapper.checkSelfPermission(ContextWrapper.java:759)

07-23 04:18:59.261  5597  7182 I LSPosed-Bridge: 	at com.tendcloud.tenddata.cf.c(Unknown Source:11)

07-23 04:18:59.261  5597  7182 I LSPosed-Bridge: 	at com.tendcloud.tenddata.cf.c(Unknown Source:11)

07-23 04:18:59.261  5597  7182 I LSPosed-Bridge: 	at com.tendcloud.tenddata.es.a(Unknown Source:183)

07-23 04:18:59.261  5597  7182 I LSPosed-Bridge: 	at com.tendcloud.tenddata.es.a(Unknown Source:183)

07-23 04:18:59.261  5597  7182 I LSPosed-Bridge: 	at com.tendcloud.tenddata.es.a(Unknown Source:53)

07-23 04:18:59.261  5597  7182 I LSPosed-Bridge: 	at com.tendcloud.tenddata.es.a(Unknown Source:53)

07-23 04:18:59.261  5597  7182 I LSPosed-Bridge: 	at com.tendcloud.tenddata.aa.b(Unknown Source:38)

07-23 04:18:59.261  5597  7182 I LSPosed-Bridge: 	at com.tendcloud.tenddata.aa.b(Unknown Source:38)

07-23 04:18:59.261  5597  7182 I LSPosed-Bridge: 	at com.tendcloud.tenddata.aa.a(Unknown Source:0)

07-23 04:18:59.261  5597  7182 I LSPosed-Bridge: 	at com.tendcloud.tenddata.aa.a(Unknown Source:0)

07-23 04:18:59.261  5597  7182 I LSPosed-Bridge: 	at com.tendcloud.tenddata.eq.handleMessage(Unknown Source:4)

07-23 04:18:59.261  5597  7182 I LSPosed-Bridge: 	at com.tendcloud.tenddata.eq.handleMessage(Unknown Source:4)

07-23 04:18:59.261  5597  7182 I LSPosed-Bridge: 	at android.os.Handler.dispatchMessage(Handler.java:106)

07-23 04:18:59.261  5597  7182 I LSPosed-Bridge: 	at android.os.Handler.dispatchMessage(Handler.java:106)

07-23 04:18:59.261  5597  7182 I LSPosed-Bridge: 	at android.os.Looper.loop(Looper.java:193)

07-23 04:18:59.261  5597  7182 I LSPosed-Bridge: 	at android.os.Looper.loop(Looper.java:193)

07-23 04:18:59.261  5597  7182 I LSPosed-Bridge: 	at android.os.HandlerThread.run(HandlerThread.java:65)

07-23 04:18:59.261  5597  7182 I LSPosed-Bridge: 	at android.os.HandlerThread.run(HandlerThread.java:65)

07-23 04:18:59.261  5597  7146 I LSPosed-Bridge: 5597 PermLabel hookBinder_test 10140 interfaceBinder =android.content.pm.IPackageManager; arg0 = 9; arg1 = android.os.Parcel@ae67a71; arg2 = android.os.Parcel@cc17d46; arg3 = 0; res = true; stacktrace=java.lang.Exception

07-23 04:18:59.261  5597  7146 I LSPosed-Bridge: 5597 PermLabel hookBinder_test 10140 interfaceBinder =android.content.pm.IPackageManager; arg0 = 9; arg1 = android.os.Parcel@ae67a71; arg2 = android.os.Parcel@cc17d46; arg3 = 0; res = true; stacktrace=java.lang.Exception

07-23 04:18:59.261  5597  7146 I LSPosed-Bridge: 	at com.example.permlabel.hookBinder_test$1.afterHookedMethod(hookBinder_test.java:75)

07-23 04:18:59.261  5597  7146 I LSPosed-Bridge: 	at com.example.permlabel.hookBinder_test$1.afterHookedMethod(hookBinder_test.java:75)

07-23 04:18:59.261  5597  7146 I LSPosed-Bridge: 	at de.robv.android.xposed.XposedBridge$AdditionalHookInfo.callback(Unknown Source:147)

07-23 04:18:59.261  5597  7146 I LSPosed-Bridge: 	at de.robv.android.xposed.XposedBridge$AdditionalHookInfo.callback(Unknown Source:147)

07-23 04:18:59.261  5597  7146 I LSPosed-Bridge: 	at LSPHooker_.transact(Unknown Source:28)

07-23 04:18:59.261  5597  7146 I LSPosed-Bridge: 	at LSPHooker_.transact(Unknown Source:28)

07-23 04:18:59.261  5597  7146 I LSPosed-Bridge: 	at android.content.pm.IPackageManager$Stub$Proxy.getPermissionInfo(IPackageManager.java:3008)

07-23 04:18:59.261  5597  7146 I LSPosed-Bridge: 	at android.content.pm.IPackageManager$Stub$Proxy.getPermissionInfo(IPackageManager.java:3008)

07-23 04:18:59.261  5597  7146 I LSPosed-Bridge: 	at android.app.ApplicationPackageManager.getPermissionInfo(ApplicationPackageManager.java:306)

07-23 04:18:59.261  5597  7146 I LSPosed-Bridge: 	at android.app.ApplicationPackageManager.getPermissionInfo(ApplicationPackageManager.java:306)

07-23 04:18:59.261  5597  7146 I LSPosed-Bridge: 	at com.example.permlabel.requestPerm$2.afterHookedMethod(requestPerm.java:195)

07-23 04:18:59.261  5597  7146 I LSPosed-Bridge: 	at com.example.permlabel.requestPerm$2.afterHookedMethod(requestPerm.java:195)

07-23 04:18:59.261  5597  7146 I LSPosed-Bridge: 	at de.robv.android.xposed.XposedBridge$AdditionalHookInfo.callback(Unknown Source:147)

07-23 04:18:59.261  5597  7146 I LSPosed-Bridge: 	at de.robv.android.xposed.XposedBridge$AdditionalHookInfo.callback(Unknown Source:147)

07-23 04:18:59.261  5597  7146 I LSPosed-Bridge: 	at LSPHooker_.checkPermission(Unknown Source:25)

07-23 04:18:59.261  5597  7146 I LSPosed-Bridge: 	at LSPHooker_.checkPermission(Unknown Source:25)

07-23 04:18:59.261  5597  7146 I LSPosed-Bridge: 	at android.app.ContextImpl.checkCallingOrSelfPermission(ContextImpl.java:1791)

07-23 04:18:59.261  5597  7146 I LSPosed-Bridge: 	at android.app.ContextImpl.checkCallingOrSelfPermission(ContextImpl.java:1791)

07-23 04:18:59.261  5597  7146 I LSPosed-Bridge: 	at android.content.ContextWrapper.checkCallingOrSelfPermission(ContextWrapper.java:754)

07-23 04:18:59.261  5597  7146 I LSPosed-Bridge: 	at android.content.ContextWrapper.checkCallingOrSelfPermission(ContextWrapper.java:754)

07-23 04:18:59.261  5597  7146 I LSPosed-Bridge: 	at com.tencent.smtt.utils.b.l(Unknown Source:5)

07-23 04:18:59.261  5597  7146 I LSPosed-Bridge: 	at com.tencent.smtt.utils.b.l(Unknown Source:5)

07-23 04:18:59.261  5597  7146 I LSPosed-Bridge: 	at com.tencent.smtt.sdk.TbsShareManager.a(Unknown Source:81)

07-23 04:18:59.261  5597  7146 I LSPosed-Bridge: 	at com.tencent.smtt.sdk.TbsShareManager.a(Unknown Source:81)

07-23 04:18:59.261  5597  7146 I LSPosed-Bridge: 	at com.tencent.smtt.sdk.TbsShareManager.getBackupCoreVersion(Unknown Source:1)

07-23 04:18:59.261  5597  7146 I LSPosed-Bridge: 	at com.tencent.smtt.sdk.TbsShareManager.getBackupCoreVersion(Unknown Source:1)

07-23 04:18:59.261  5597  7146 I LSPosed-Bridge: 	at com.tencent.smtt.sdk.TbsDownloader.c(Unknown Source:25)

07-23 04:18:59.261  5597  7146 I LSPosed-Bridge: 	at com.tencent.smtt.sdk.TbsDownloader.c(Unknown Source:25)

07-23 04:18:59.261  5597  7146 I LSPosed-Bridge: 	at com.tencent.smtt.sdk.TbsDownloader.g(Unknown Source:42)

07-23 04:18:59.261  5597  7146 I LSPosed-Bridge: 	at com.tencent.smtt.sdk.TbsDownloader.g(Unknown Source:42)

07-23 04:18:59.261  5597  7146 I LSPosed-Bridge: 	at com.tencent.smtt.sdk.TbsDownloader.a(Unknown Source:494)

07-23 04:18:59.261  5597  7146 I LSPosed-Bridge: 	at com.tencent.smtt.sdk.TbsDownloader.a(Unknown Source:494)

07-23 04:18:59.261  5597  7146 I LSPosed-Bridge: 	at com.tencent.smtt.sdk.TbsDownloader.b(Unknown Source:510)

07-23 04:18:59.261  5597  7146 I LSPosed-Bridge: 	at com.tencent.smtt.sdk.TbsDownloader.b(Unknown Source:510)

07-23 04:18:59.261  5597  7146 I LSPosed-Bridge: 	at com.tencent.smtt.sdk.TbsDownloader.a(Unknown Source:0)

07-23 04:18:59.261  5597  7146 I LSPosed-Bridge: 	at com.tencent.smtt.sdk.TbsDownloader.a(Unknown Source:0)

07-23 04:18:59.261  5597  7146 I LSPosed-Bridge: 	at com.tencent.smtt.sdk.TbsDownloader$2.handleMessage(Unknown Source:166)

07-23 04:18:59.261  5597  7146 I LSPosed-Bridge: 	at com.tencent.smtt.sdk.TbsDownloader$2.handleMessage(Unknown Source:166)

07-23 04:18:59.261  5597  7146 I LSPosed-Bridge: 	at android.os.Handler.dispatchMessage(Handler.java:106)

07-23 04:18:59.261  5597  7146 I LSPosed-Bridge: 	at android.os.Handler.dispatchMessage(Handler.java:106)

07-23 04:18:59.261  5597  7146 I LSPosed-Bridge: 	at android.os.Looper.loop(Looper.java:193)

07-23 04:18:59.261  5597  7146 I LSPosed-Bridge: 	at android.os.Looper.loop(Looper.java:193)

07-23 04:18:59.261  5597  7146 I LSPosed-Bridge: 	at android.os.HandlerThread.run(HandlerThread.java:65)

07-23 04:18:59.261  5597  7146 I LSPosed-Bridge: 	at android.os.HandlerThread.run(HandlerThread.java:65)

07-23 04:18:59.261  5597  7182 I LSPosed-Bridge: 5597 PermLabel 10140 ContextImpl Binder.getCallingPid() = 5597; Binder.getCallingUid() = 10140; permName: android.permission.READ_PHONE_STATE; res = -1; stacktrace=java.lang.Exception

07-23 04:18:59.261  5597  7182 I LSPosed-Bridge: 5597 PermLabel 10140 ContextImpl Binder.getCallingPid() = 5597; Binder.getCallingUid() = 10140; permName: android.permission.READ_PHONE_STATE; res = -1; stacktrace=java.lang.Exception

07-23 04:18:59.261  5597  7182 I LSPosed-Bridge: 	at com.example.permlabel.requestPerm$2.afterHookedMethod(requestPerm.java:205)

07-23 04:18:59.261  5597  7182 I LSPosed-Bridge: 	at com.example.permlabel.requestPerm$2.afterHookedMethod(requestPerm.java:205)

07-23 04:18:59.261  5597  7182 I LSPosed-Bridge: 	at de.robv.android.xposed.XposedBridge$AdditionalHookInfo.callback(Unknown Source:147)

07-23 04:18:59.261  5597  7182 I LSPosed-Bridge: 	at de.robv.android.xposed.XposedBridge$AdditionalHookInfo.callback(Unknown Source:147)

07-23 04:18:59.261  5597  7182 I LSPosed-Bridge: 	at LSPHooker_.checkPermission(Unknown Source:25)

07-23 04:18:59.261  5597  7182 I LSPosed-Bridge: 	at LSPHooker_.checkPermission(Unknown Source:25)

07-23 04:18:59.261  5597  7182 I LSPosed-Bridge: 	at android.app.ContextImpl.checkSelfPermission(ContextImpl.java:1801)

07-23 04:18:59.261  5597  7182 I LSPosed-Bridge: 	at android.app.ContextImpl.checkSelfPermission(ContextImpl.java:1801)

07-23 04:18:59.261  5597  7182 I LSPosed-Bridge: 	at android.content.ContextWrapper.checkSelfPermission(ContextWrapper.java:759)

07-23 04:18:59.261  5597  7182 I LSPosed-Bridge: 	at android.content.ContextWrapper.checkSelfPermission(ContextWrapper.java:759)

07-23 04:18:59.261  5597  7182 I LSPosed-Bridge: 	at com.tendcloud.tenddata.cf.c(Unknown Source:11)

07-23 04:18:59.261  5597  7182 I LSPosed-Bridge: 	at com.tendcloud.tenddata.cf.c(Unknown Source:11)

07-23 04:18:59.261  5597  7182 I LSPosed-Bridge: 	at com.tendcloud.tenddata.es.a(Unknown Source:183)

07-23 04:18:59.261  5597  7182 I LSPosed-Bridge: 	at com.tendcloud.tenddata.es.a(Unknown Source:183)

07-23 04:18:59.261  5597  7182 I LSPosed-Bridge: 	at com.tendcloud.tenddata.es.a(Unknown Source:53)

07-23 04:18:59.261  5597  7182 I LSPosed-Bridge: 	at com.tendcloud.tenddata.es.a(Unknown Source:53)

07-23 04:18:59.261  5597  7182 I LSPosed-Bridge: 	at com.tendcloud.tenddata.aa.b(Unknown Source:38)

07-23 04:18:59.261  5597  7182 I LSPosed-Bridge: 	at com.tendcloud.tenddata.aa.b(Unknown Source:38)

07-23 04:18:59.261  5597  7182 I LSPosed-Bridge: 	at com.tendcloud.tenddata.aa.a(Unknown Source:0)

07-23 04:18:59.261  5597  7182 I LSPosed-Bridge: 	at com.tendcloud.tenddata.aa.a(Unknown Source:0)

07-23 04:18:59.261  5597  7182 I LSPosed-Bridge: 	at com.tendcloud.tenddata.eq.handleMessage(Unknown Source:4)

07-23 04:18:59.261  5597  7182 I LSPosed-Bridge: 	at com.tendcloud.tenddata.eq.handleMessage(Unknown Source:4)

07-23 04:18:59.261  5597  7182 I LSPosed-Bridge: 	at android.os.Handler.dispatchMessage(Handler.java:106)

07-23 04:18:59.261  5597  7182 I LSPosed-Bridge: 	at android.os.Handler.dispatchMessage(Handler.java:106)

07-23 04:18:59.261  5597  7182 I LSPosed-Bridge: 	at android.os.Looper.loop(Looper.java:193)

07-23 04:18:59.261  5597  7182 I LSPosed-Bridge: 	at android.os.Looper.loop(Looper.java:193)

07-23 04:18:59.261  5597  7182 I LSPosed-Bridge: 	at android.os.HandlerThread.run(HandlerThread.java:65)

07-23 04:18:59.261  5597  7182 I LSPosed-Bridge: 	at android.os.HandlerThread.run(HandlerThread.java:65)

07-23 04:18:59.261  5597  7146 I LSPosed-Bridge: 5597 PermLabel 10140 ContextImpl.checkPermission: pid = 5597; uid = 10140; permName: android.permission.READ_EXTERNAL_STORAGE; type = 1; res = -1; stacktrace=java.lang.Exception

07-23 04:18:59.261  5597  7146 I LSPosed-Bridge: 5597 PermLabel 10140 ContextImpl.checkPermission: pid = 5597; uid = 10140; permName: android.permission.READ_EXTERNAL_STORAGE; type = 1; res = -1; stacktrace=java.lang.Exception

07-23 04:18:59.261  5597  7146 I LSPosed-Bridge: 	at com.example.permlabel.requestPerm$2.afterHookedMethod(requestPerm.java:229)

07-23 04:18:59.261  5597  7146 I LSPosed-Bridge: 	at com.example.permlabel.requestPerm$2.afterHookedMethod(requestPerm.java:229)

07-23 04:18:59.261  5597  7146 I LSPosed-Bridge: 	at de.robv.android.xposed.XposedBridge$AdditionalHookInfo.callback(Unknown Source:147)

07-23 04:18:59.261  5597  7146 I LSPosed-Bridge: 	at de.robv.android.xposed.XposedBridge$AdditionalHookInfo.callback(Unknown Source:147)

07-23 04:18:59.261  5597  7146 I LSPosed-Bridge: 	at LSPHooker_.checkPermission(Unknown Source:25)

07-23 04:18:59.261  5597  7146 I LSPosed-Bridge: 	at LSPHooker_.checkPermission(Unknown Source:25)

07-23 04:18:59.261  5597  7146 I LSPosed-Bridge: 	at android.app.ContextImpl.checkCallingOrSelfPermission(ContextImpl.java:1791)

07-23 04:18:59.261  5597  7146 I LSPosed-Bridge: 	at android.app.ContextImpl.checkCallingOrSelfPermission(ContextImpl.java:1791)

07-23 04:18:59.261  5597  7146 I LSPosed-Bridge: 	at android.content.ContextWrapper.checkCallingOrSelfPermission(ContextWrapper.java:754)

07-23 04:18:59.261  5597  7146 I LSPosed-Bridge: 	at android.content.ContextWrapper.checkCallingOrSelfPermission(ContextWrapper.java:754)

07-23 04:18:59.261  5597  7146 I LSPosed-Bridge: 	at com.tencent.smtt.utils.b.l(Unknown Source:5)

07-23 04:18:59.261  5597  7146 I LSPosed-Bridge: 	at com.tencent.smtt.utils.b.l(Unknown Source:5)

07-23 04:18:59.261  5597  7146 I LSPosed-Bridge: 	at com.tencent.smtt.sdk.TbsShareManager.a(Unknown Source:81)

07-23 04:18:59.261  5597  7146 I LSPosed-Bridge: 	at com.tencent.smtt.sdk.TbsShareManager.a(Unknown Source:81)

07-23 04:18:59.261  5597  7146 I LSPosed-Bridge: 	at com.tencent.smtt.sdk.TbsShareManager.getBackupCoreVersion(Unknown Source:1)

07-23 04:18:59.261  5597  7146 I LSPosed-Bridge: 	at com.tencent.smtt.sdk.TbsShareManager.getBackupCoreVersion(Unknown Source:1)

07-23 04:18:59.261  5597  7146 I LSPosed-Bridge: 	at com.tencent.smtt.sdk.TbsDownloader.c(Unknown Source:25)

07-23 04:18:59.261  5597  7146 I LSPosed-Bridge: 	at com.tencent.smtt.sdk.TbsDownloader.c(Unknown Source:25)

07-23 04:18:59.261  5597  7146 I LSPosed-Bridge: 	at com.tencent.smtt.sdk.TbsDownloader.g(Unknown Source:42)

07-23 04:18:59.261  5597  7146 I LSPosed-Bridge: 	at com.tencent.smtt.sdk.TbsDownloader.g(Unknown Source:42)

07-23 04:18:59.261  5597  7146 I LSPosed-Bridge: 	at com.tencent.smtt.sdk.TbsDownloader.a(Unknown Source:494)

07-23 04:18:59.261  5597  7146 I LSPosed-Bridge: 	at com.tencent.smtt.sdk.TbsDownloader.a(Unknown Source:494)

07-23 04:18:59.261  5597  7146 I LSPosed-Bridge: 	at com.tencent.smtt.sdk.TbsDownloader.b(Unknown Source:510)

07-23 04:18:59.261  5597  7146 I LSPosed-Bridge: 	at com.tencent.smtt.sdk.TbsDownloader.b(Unknown Source:510)

07-23 04:18:59.261  5597  7146 I LSPosed-Bridge: 	at com.tencent.smtt.sdk.TbsDownloader.a(Unknown Source:0)

07-23 04:18:59.261  5597  7146 I LSPosed-Bridge: 	at com.tencent.smtt.sdk.TbsDownloader.a(Unknown Source:0)

07-23 04:18:59.261  5597  7146 I LSPosed-Bridge: 	at com.tencent.smtt.sdk.TbsDownloader$2.handleMessage(Unknown Source:166)

07-23 04:18:59.261  5597  7146 I LSPosed-Bridge: 	at com.tencent.smtt.sdk.TbsDownloader$2.handleMessage(Unknown Source:166)

07-23 04:18:59.261  5597  7146 I LSPosed-Bridge: 	at android.os.Handler.dispatchMessage(Handler.java:106)

07-23 04:18:59.261  5597  7146 I LSPosed-Bridge: 	at android.os.Handler.dispatchMessage(Handler.java:106)

07-23 04:18:59.261  5597  7146 I LSPosed-Bridge: 	at android.os.Looper.loop(Looper.java:193)

07-23 04:18:59.261  5597  7146 I LSPosed-Bridge: 	at android.os.Looper.loop(Looper.java:193)

07-23 04:18:59.261  5597  7146 I LSPosed-Bridge: 	at android.os.HandlerThread.run(HandlerThread.java:65)

07-23 04:18:59.261  5597  7146 I LSPosed-Bridge: 	at android.os.HandlerThread.run(HandlerThread.java:65)

07-23 04:18:59.261  5597  7182 I LSPosed-Bridge: 5597 PermLabel 10140 ContextImpl.checkPermission: pid = 5597; uid = 10140; permName: android.permission.READ_PHONE_STATE; type = 1; res = -1; stacktrace=java.lang.Exception

07-23 04:18:59.261  5597  7182 I LSPosed-Bridge: 5597 PermLabel 10140 ContextImpl.checkPermission: pid = 5597; uid = 10140; permName: android.permission.READ_PHONE_STATE; type = 1; res = -1; stacktrace=java.lang.Exception

07-23 04:18:59.261  5597  7182 I LSPosed-Bridge: 	at com.example.permlabel.requestPerm$2.afterHookedMethod(requestPerm.java:229)

07-23 04:18:59.261  5597  7182 I LSPosed-Bridge: 	at com.example.permlabel.requestPerm$2.afterHookedMethod(requestPerm.java:229)

07-23 04:18:59.261  5597  7182 I LSPosed-Bridge: 	at de.robv.android.xposed.XposedBridge$AdditionalHookInfo.callback(Unknown Source:147)

07-23 04:18:59.261  5597  7182 I LSPosed-Bridge: 	at de.robv.android.xposed.XposedBridge$AdditionalHookInfo.callback(Unknown Source:147)

07-23 04:18:59.261  5597  7182 I LSPosed-Bridge: 	at LSPHooker_.checkPermission(Unknown Source:25)

07-23 04:18:59.261  5597  7182 I LSPosed-Bridge: 	at LSPHooker_.checkPermission(Unknown Source:25)

07-23 04:18:59.261  5597  7182 I LSPosed-Bridge: 	at android.app.ContextImpl.checkSelfPermission(ContextImpl.java:1801)

07-23 04:18:59.261  5597  7182 I LSPosed-Bridge: 	at android.app.ContextImpl.checkSelfPermission(ContextImpl.java:1801)

07-23 04:18:59.261  5597  7182 I LSPosed-Bridge: 	at android.content.ContextWrapper.checkSelfPermission(ContextWrapper.java:759)

07-23 04:18:59.261  5597  7182 I LSPosed-Bridge: 	at android.content.ContextWrapper.checkSelfPermission(ContextWrapper.java:759)

07-23 04:18:59.261  5597  7182 I LSPosed-Bridge: 	at com.tendcloud.tenddata.cf.c(Unknown Source:11)

07-23 04:18:59.261  5597  7182 I LSPosed-Bridge: 	at com.tendcloud.tenddata.cf.c(Unknown Source:11)

07-23 04:18:59.261  5597  7182 I LSPosed-Bridge: 	at com.tendcloud.tenddata.es.a(Unknown Source:183)

07-23 04:18:59.261  5597  7182 I LSPosed-Bridge: 	at com.tendcloud.tenddata.es.a(Unknown Source:183)

07-23 04:18:59.261  5597  7182 I LSPosed-Bridge: 	at com.tendcloud.tenddata.es.a(Unknown Source:53)

07-23 04:18:59.261  5597  7182 I LSPosed-Bridge: 	at com.tendcloud.tenddata.es.a(Unknown Source:53)

07-23 04:18:59.261  5597  7182 I LSPosed-Bridge: 	at com.tendcloud.tenddata.aa.b(Unknown Source:38)

07-23 04:18:59.261  5597  7182 I LSPosed-Bridge: 	at com.tendcloud.tenddata.aa.b(Unknown Source:38)

07-23 04:18:59.261  5597  7182 I LSPosed-Bridge: 	at com.tendcloud.tenddata.aa.a(Unknown Source:0)

07-23 04:18:59.261  5597  7182 I LSPosed-Bridge: 	at com.tendcloud.tenddata.aa.a(Unknown Source:0)

07-23 04:18:59.261  5597  7182 I LSPosed-Bridge: 	at com.tendcloud.tenddata.eq.handleMessage(Unknown Source:4)

07-23 04:18:59.261  5597  7182 I LSPosed-Bridge: 	at com.tendcloud.tenddata.eq.handleMessage(Unknown Source:4)

07-23 04:18:59.261  5597  7182 I LSPosed-Bridge: 	at android.os.Handler.dispatchMessage(Handler.java:106)

07-23 04:18:59.261  5597  7182 I LSPosed-Bridge: 	at android.os.Handler.dispatchMessage(Handler.java:106)

07-23 04:18:59.261  5597  7182 I LSPosed-Bridge: 	at android.os.Looper.loop(Looper.java:193)

07-23 04:18:59.261  5597  7182 I LSPosed-Bridge: 	at android.os.Looper.loop(Looper.java:193)

07-23 04:18:59.261  5597  7182 I LSPosed-Bridge: 	at android.os.HandlerThread.run(HandlerThread.java:65)

07-23 04:18:59.261  5597  7182 I LSPosed-Bridge: 	at android.os.HandlerThread.run(HandlerThread.java:65)

07-23 04:18:59.272  5597  7182 I LSPosed-Bridge: 5597 PermLabel 10140 ContextImpl Binder.getCallingPid() = 5597; Binder.getCallingUid() = 10140; permName: android.permission.READ_PHONE_STATE; res = -1; stacktrace=java.lang.Exception

07-23 04:18:59.272  5597  7182 I LSPosed-Bridge: 5597 PermLabel 10140 ContextImpl Binder.getCallingPid() = 5597; Binder.getCallingUid() = 10140; permName: android.permission.READ_PHONE_STATE; res = -1; stacktrace=java.lang.Exception

07-23 04:18:59.272  5597  7182 I LSPosed-Bridge: 	at com.example.permlabel.requestPerm$2.afterHookedMethod(requestPerm.java:205)

07-23 04:18:59.272  5597  7182 I LSPosed-Bridge: 	at com.example.permlabel.requestPerm$2.afterHookedMethod(requestPerm.java:205)

07-23 04:18:59.272  5597  7182 I LSPosed-Bridge: 	at de.robv.android.xposed.XposedBridge$AdditionalHookInfo.callback(Unknown Source:147)

07-23 04:18:59.272  5597  7182 I LSPosed-Bridge: 	at de.robv.android.xposed.XposedBridge$AdditionalHookInfo.callback(Unknown Source:147)

07-23 04:18:59.272  5597  7182 I LSPosed-Bridge: 	at LSPHooker_.checkPermission(Unknown Source:25)

07-23 04:18:59.272  5597  7182 I LSPosed-Bridge: 	at LSPHooker_.checkPermission(Unknown Source:25)

07-23 04:18:59.272  5597  7182 I LSPosed-Bridge: 	at android.app.ContextImpl.checkSelfPermission(ContextImpl.java:1801)

07-23 04:18:59.272  5597  7182 I LSPosed-Bridge: 	at android.app.ContextImpl.checkSelfPermission(ContextImpl.java:1801)

07-23 04:18:59.272  5597  7182 I LSPosed-Bridge: 	at android.content.ContextWrapper.checkSelfPermission(ContextWrapper.java:759)

07-23 04:18:59.272  5597  7182 I LSPosed-Bridge: 	at android.content.ContextWrapper.checkSelfPermission(ContextWrapper.java:759)

07-23 04:18:59.272  5597  7182 I LSPosed-Bridge: 	at com.tendcloud.tenddata.cf.e(Unknown Source:11)

07-23 04:18:59.272  5597  7182 I LSPosed-Bridge: 	at com.tendcloud.tenddata.cf.e(Unknown Source:11)

07-23 04:18:59.272  5597  7182 I LSPosed-Bridge: 	at com.tendcloud.tenddata.es.a(Unknown Source:199)

07-23 04:18:59.272  5597  7182 I LSPosed-Bridge: 	at com.tendcloud.tenddata.es.a(Unknown Source:199)

07-23 04:18:59.272  5597  7182 I LSPosed-Bridge: 	at com.tendcloud.tenddata.es.a(Unknown Source:53)

07-23 04:18:59.272  5597  7182 I LSPosed-Bridge: 	at com.tendcloud.tenddata.es.a(Unknown Source:53)

07-23 04:18:59.272  5597  7182 I LSPosed-Bridge: 	at com.tendcloud.tenddata.aa.b(Unknown Source:38)

07-23 04:18:59.272  5597  7182 I LSPosed-Bridge: 	at com.tendcloud.tenddata.aa.b(Unknown Source:38)

07-23 04:18:59.272  5597  7182 I LSPosed-Bridge: 	at com.tendcloud.tenddata.aa.a(Unknown Source:0)

07-23 04:18:59.272  5597  7182 I LSPosed-Bridge: 	at com.tendcloud.tenddata.aa.a(Unknown Source:0)

07-23 04:18:59.272  5597  7182 I LSPosed-Bridge: 	at com.tendcloud.tenddata.eq.handleMessage(Unknown Source:4)

07-23 04:18:59.272  5597  7182 I LSPosed-Bridge: 	at com.tendcloud.tenddata.eq.handleMessage(Unknown Source:4)

07-23 04:18:59.272  5597  7182 I LSPosed-Bridge: 	at android.os.Handler.dispatchMessage(Handler.java:106)

07-23 04:18:59.272  5597  7182 I LSPosed-Bridge: 	at android.os.Handler.dispatchMessage(Handler.java:106)

07-23 04:18:59.272  5597  7182 I LSPosed-Bridge: 	at android.os.Looper.loop(Looper.java:193)

07-23 04:18:59.272  5597  7182 I LSPosed-Bridge: 	at android.os.Looper.loop(Looper.java:193)

07-23 04:18:59.272  5597  7182 I LSPosed-Bridge: 	at android.os.HandlerThread.run(HandlerThread.java:65)

07-23 04:18:59.272  5597  7182 I LSPosed-Bridge: 	at android.os.HandlerThread.run(HandlerThread.java:65)

07-23 04:18:59.272  5597  7182 I LSPosed-Bridge: 5597 PermLabel 10140 ContextImpl.checkPermission: pid = 5597; uid = 10140; permName: android.permission.READ_PHONE_STATE; type = 1; res = -1; stacktrace=java.lang.Exception

07-23 04:18:59.272  5597  7182 I LSPosed-Bridge: 5597 PermLabel 10140 ContextImpl.checkPermission: pid = 5597; uid = 10140; permName: android.permission.READ_PHONE_STATE; type = 1; res = -1; stacktrace=java.lang.Exception

07-23 04:18:59.272  5597  7182 I LSPosed-Bridge: 	at com.example.permlabel.requestPerm$2.afterHookedMethod(requestPerm.java:229)

07-23 04:18:59.272  5597  7182 I LSPosed-Bridge: 	at com.example.permlabel.requestPerm$2.afterHookedMethod(requestPerm.java:229)

07-23 04:18:59.272  5597  7182 I LSPosed-Bridge: 	at de.robv.android.xposed.XposedBridge$AdditionalHookInfo.callback(Unknown Source:147)

07-23 04:18:59.272  5597  7182 I LSPosed-Bridge: 	at de.robv.android.xposed.XposedBridge$AdditionalHookInfo.callback(Unknown Source:147)

07-23 04:18:59.272  5597  7182 I LSPosed-Bridge: 	at LSPHooker_.checkPermission(Unknown Source:25)

07-23 04:18:59.272  5597  7182 I LSPosed-Bridge: 	at LSPHooker_.checkPermission(Unknown Source:25)

07-23 04:18:59.272  5597  7182 I LSPosed-Bridge: 	at android.app.ContextImpl.checkSelfPermission(ContextImpl.java:1801)

07-23 04:18:59.272  5597  7182 I LSPosed-Bridge: 	at android.app.ContextImpl.checkSelfPermission(ContextImpl.java:1801)

07-23 04:18:59.272  5597  7182 I LSPosed-Bridge: 	at android.content.ContextWrapper.checkSelfPermission(ContextWrapper.java:759)

07-23 04:18:59.272  5597  7182 I LSPosed-Bridge: 	at android.content.ContextWrapper.checkSelfPermission(ContextWrapper.java:759)

07-23 04:18:59.272  5597  7182 I LSPosed-Bridge: 	at com.tendcloud.tenddata.cf.e(Unknown Source:11)

07-23 04:18:59.272  5597  7182 I LSPosed-Bridge: 	at com.tendcloud.tenddata.cf.e(Unknown Source:11)

07-23 04:18:59.272  5597  7182 I LSPosed-Bridge: 	at com.tendcloud.tenddata.es.a(Unknown Source:199)

07-23 04:18:59.272  5597  7182 I LSPosed-Bridge: 	at com.tendcloud.tenddata.es.a(Unknown Source:199)

07-23 04:18:59.272  5597  7182 I LSPosed-Bridge: 	at com.tendcloud.tenddata.es.a(Unknown Source:53)

07-23 04:18:59.272  5597  7182 I LSPosed-Bridge: 	at com.tendcloud.tenddata.es.a(Unknown Source:53)

07-23 04:18:59.272  5597  7182 I LSPosed-Bridge: 	at com.tendcloud.tenddata.aa.b(Unknown Source:38)

07-23 04:18:59.272  5597  7182 I LSPosed-Bridge: 	at com.tendcloud.tenddata.aa.b(Unknown Source:38)

07-23 04:18:59.272  5597  7182 I LSPosed-Bridge: 	at com.tendcloud.tenddata.aa.a(Unknown Source:0)

07-23 04:18:59.272  5597  7182 I LSPosed-Bridge: 	at com.tendcloud.tenddata.aa.a(Unknown Source:0)

07-23 04:18:59.272  5597  7182 I LSPosed-Bridge: 	at com.tendcloud.tenddata.eq.handleMessage(Unknown Source:4)

07-23 04:18:59.272  5597  7182 I LSPosed-Bridge: 	at com.tendcloud.tenddata.eq.handleMessage(Unknown Source:4)

07-23 04:18:59.272  5597  7182 I LSPosed-Bridge: 	at android.os.Handler.dispatchMessage(Handler.java:106)

07-23 04:18:59.272  5597  7182 I LSPosed-Bridge: 	at android.os.Handler.dispatchMessage(Handler.java:106)

07-23 04:18:59.272  5597  7182 I LSPosed-Bridge: 	at android.os.Looper.loop(Looper.java:193)

07-23 04:18:59.272  5597  7182 I LSPosed-Bridge: 	at android.os.Looper.loop(Looper.java:193)

07-23 04:18:59.272  5597  7182 I LSPosed-Bridge: 	at android.os.HandlerThread.run(HandlerThread.java:65)

07-23 04:18:59.272  5597  7182 I LSPosed-Bridge: 	at android.os.HandlerThread.run(HandlerThread.java:65)

07-23 04:18:59.272   559   559 I ConfigStore: android::hardware::configstore::V1_0::ISurfaceFlingerConfigs::hasHDRDisplay retrieved: 0

07-23 04:18:59.272   559   559 I ConfigStore: android::hardware::configstore::V1_0::ISurfaceFlingerConfigs::hasHDRDisplay retrieved: 0

07-23 04:18:59.274  5597  7182 I LSPosed-Bridge: 5597 PermLabel hookBinder_test 10140 interfaceBinder =android.app.IActivityManager; arg0 = 49; arg1 = android.os.Parcel@ae67a71; arg2 = android.os.Parcel@b8981a4; arg3 = 0; res = true; stacktrace=java.lang.Exception

07-23 04:18:59.274  5597  7182 I LSPosed-Bridge: 	at com.example.permlabel.hookBinder_test$1.afterHookedMethod(hookBinder_test.java:75)

07-23 04:18:59.274  5597  7182 I LSPosed-Bridge: 	at de.robv.android.xposed.XposedBridge$AdditionalHookInfo.callback(Unknown Source:147)

07-23 04:18:59.274  5597  7182 I LSPosed-Bridge: 	at LSPHooker_.transact(Unknown Source:28)

07-23 04:18:59.274  5597  7182 I LSPosed-Bridge: 	at android.app.IActivityManager$Stub$Proxy.checkPermission(IActivityManager.java:4722)

07-23 04:18:59.274  5597  7182 I LSPosed-Bridge: 	at android.app.ContextImpl.checkPermission(ContextImpl.java:1751)

07-23 04:18:59.274  5597  7182 I LSPosed-Bridge: 	at java.lang.reflect.Method.invoke(Native Method)

07-23 04:18:59.274  5597  7182 I LSPosed-Bridge: 	at org.lsposed.lspd.nativebridge.HookBridge.invokeOriginalMethod(Native Method)

07-23 04:18:59.274  5597  7182 I LSPosed-Bridge: 	at de.robv.android.xposed.XposedBridge$AdditionalHookInfo.callback(Unknown Source:110)

07-23 04:18:59.274  5597  7182 I LSPosed-Bridge: 	at LSPHooker_.checkPermission(Unknown Source:25)

07-23 04:18:59.274  5597  7182 I LSPosed-Bridge: 	at android.app.ContextImpl.checkSelfPermission(ContextImpl.java:1801)

07-23 04:18:59.274  5597  7182 I LSPosed-Bridge: 	at android.content.ContextWrapper.checkSelfPermission(ContextWrapper.java:759)

07-23 04:18:59.274  5597  7182 I LSPosed-Bridge: 	at com.tendcloud.tenddata.cf.d(Unknown Source:11)

07-23 04:18:59.274  5597  7182 I LSPosed-Bridge: 	at com.tendcloud.tenddata.es.a(Unknown Source:215)

07-23 04:18:59.274  5597  7182 I LSPosed-Bridge: 	at com.tendcloud.tenddata.es.a(Unknown Source:53)

07-23 04:18:59.274  5597  7182 I LSPosed-Bridge: 	at com.tendcloud.tenddata.aa.b(Unknown Source:38)

07-23 04:18:59.274  5597  7182 I LSPosed-Bridge: 	at com.tendcloud.tenddata.aa.a(Unknown Source:0)

07-23 04:18:59.274  5597  7182 I LSPosed-Bridge: 	at com.tendcloud.tenddata.eq.handleMessage(Unknown Source:4)

07-23 04:18:59.274  5597  7182 I LSPosed-Bridge: 	at android.os.Handler.dispatchMessage(Handler.java:106)

07-23 04:18:59.274  5597  7182 I LSPosed-Bridge: 	at android.os.Looper.loop(Looper.java:193)

07-23 04:18:59.274  5597  7182 I LSPosed-Bridge: 	at android.os.HandlerThread.run(HandlerThread.java:65)

07-23 04:18:59.274  5597  7146 I LSPosed-Bridge: 5597 PermLabel hookBinder_test 10140 interfaceBinder =android.content.pm.IPackageManager; arg0 = 13; arg1 = android.os.Parcel@68a1912; arg2 = android.os.Parcel@ce08736; arg3 = 0; res = true; stacktrace=java.lang.Exception

07-23 04:18:59.274  5597  7146 I LSPosed-Bridge: 	at com.example.permlabel.hookBinder_test$1.afterHookedMethod(hookBinder_test.java:75)

07-23 04:18:59.274  5597  7146 I LSPosed-Bridge: 	at de.robv.android.xposed.XposedBridge$AdditionalHookInfo.callback(Unknown Source:147)

07-23 04:18:59.274  5597  7146 I LSPosed-Bridge: 	at LSPHooker_.transact(Unknown Source:28)

07-23 04:18:59.274  5597  7146 I LSPosed-Bridge: 	at android.content.pm.IPackageManager$Stub$Proxy.getApplicationInfo(IPackageManager.java:3104)

07-23 04:18:59.274  5597  7146 I LSPosed-Bridge: 	at android.app.ActivityThread.getPackageInfo(ActivityThread.java:1988)

07-23 04:18:59.274  5597  7146 I LSPosed-Bridge: 	at android.app.ContextImpl.createPackageContextAsUser(ContextImpl.java:2100)

07-23 04:18:59.274  5597  7146 I LSPosed-Bridge: 	at android.app.ContextImpl.createPackageContext(ContextImpl.java:2087)

07-23 04:18:59.274  5597  7146 I LSPosed-Bridge: 	at android.content.ContextWrapper.createPackageContext(ContextWrapper.java:852)

07-23 04:18:59.274  5597  7146 I LSPosed-Bridge: 	at com.tencent.smtt.sdk.TbsShareManager.getPackageContext(Unknown Source:39)

07-23 04:18:59.274  5597  7146 I LSPosed-Bridge: 	at com.tencent.smtt.sdk.TbsShareManager.getBackupDecoupleCoreVersion(Unknown Source:1)

07-23 04:18:59.274  5597  7146 I LSPosed-Bridge: 	at com.tencent.smtt.sdk.TbsDownloader.c(Unknown Source:163)

07-23 04:18:59.274  5597  7146 I LSPosed-Bridge: 	at com.tencent.smtt.sdk.TbsDownloader.g(Unknown Source:42)

07-23 04:18:59.274  5597  7146 I LSPosed-Bridge: 	at com.tencent.smtt.sdk.TbsDownloader.a(Unknown Source:494)

07-23 04:18:59.274  5597  7146 I LSPosed-Bridge: 	at com.tencent.smtt.sdk.TbsDownloader.b(Unknown Source:510)

07-23 04:18:59.274  5597  7146 I LSPosed-Bridge: 	at com.tencent.smtt.sdk.TbsDownloader.a(Unknown Source:0)

07-23 04:18:59.274  5597  7146 I LSPosed-Bridge: 	at com.tencent.smtt.sdk.TbsDownloader$2.handleMessage(Unknown Source:166)

07-23 04:18:59.274  5597  7146 I LSPosed-Bridge: 	at android.os.Handler.dispatchMessage(Handler.java:106)

07-23 04:18:59.274  5597  7146 I LSPosed-Bridge: 	at android.os.Looper.loop(Looper.java:193)

07-23 04:18:59.274  5597  7146 I LSPosed-Bridge: 	at android.os.HandlerThread.run(HandlerThread.java:65)

07-23 04:18:59.274  5597  7182 I LSPosed-Bridge: 5597 PermLabel hookBinder_test 10140 interfaceBinder =android.content.pm.IPackageManager; arg0 = 9; arg1 = android.os.Parcel@b8981a4; arg2 = android.os.Parcel@ae67a71; arg3 = 0; res = true; stacktrace=java.lang.Exception

07-23 04:18:59.274  5597  7182 I LSPosed-Bridge: 	at com.example.permlabel.hookBinder_test$1.afterHookedMethod(hookBinder_test.java:75)

07-23 04:18:59.274  5597  7182 I LSPosed-Bridge: 	at de.robv.android.xposed.XposedBridge$AdditionalHookInfo.callback(Unknown Source:147)

07-23 04:18:59.274  5597  7182 I LSPosed-Bridge: 	at LSPHooker_.transact(Unknown Source:28)

07-23 04:18:59.274  5597  7182 I LSPosed-Bridge: 	at android.content.pm.IPackageManager$Stub$Proxy.getPermissionInfo(IPackageManager.java:3008)

07-23 04:18:59.274  5597  7182 I LSPosed-Bridge: 	at android.app.ApplicationPackageManager.getPermissionInfo(ApplicationPackageManager.java:306)

07-23 04:18:59.274  5597  7182 I LSPosed-Bridge: 	at com.example.permlabel.requestPerm$2.afterHookedMethod(requestPerm.java:195)

07-23 04:18:59.274  5597  7182 I LSPosed-Bridge: 	at de.robv.android.xposed.XposedBridge$AdditionalHookInfo.callback(Unknown Source:147)

07-23 04:18:59.274  5597  7182 I LSPosed-Bridge: 	at LSPHooker_.checkPermission(Unknown Source:25)

07-23 04:18:59.274  5597  7182 I LSPosed-Bridge: 	at android.app.ContextImpl.checkSelfPermission(ContextImpl.java:1801)

07-23 04:18:59.274  5597  7182 I LSPosed-Bridge: 	at android.content.ContextWrapper.checkSelfPermission(ContextWrapper.java:759)

07-23 04:18:59.274  5597  7182 I LSPosed-Bridge: 	at com.tendcloud.tenddata.cf.d(Unknown Source:11)

07-23 04:18:59.274  5597  7182 I LSPosed-Bridge: 	at com.tendcloud.tenddata.es.a(Unknown Source:215)

07-23 04:18:59.274  5597  7182 I LSPosed-Bridge: 	at com.tendcloud.tenddata.es.a(Unknown Source:53)

07-23 04:18:59.274  5597  7182 I LSPosed-Bridge: 	at com.tendcloud.tenddata.aa.b(Unknown Source:38)

07-23 04:18:59.274  5597  7182 I LSPosed-Bridge: 	at com.tendcloud.tenddata.aa.a(Unknown Source:0)

07-23 04:18:59.274  5597  7182 I LSPosed-Bridge: 	at com.tendcloud.tenddata.eq.handleMessage(Unknown Source:4)

07-23 04:18:59.274  5597  7182 I LSPosed-Bridge: 	at android.os.Handler.dispatchMessage(Handler.java:106)

07-23 04:18:59.274  5597  7182 I LSPosed-Bridge: 	at android.os.Looper.loop(Looper.java:193)

07-23 04:18:59.274  5597  7182 I LSPosed-Bridge: 	at android.os.HandlerThread.run(HandlerThread.java:65)

07-23 04:18:59.274  5597  7182 I LSPosed-Bridge: 5597 PermLabel 10140 ContextImpl Binder.getCallingPid() = 5597; Binder.getCallingUid() = 10140; permName: android.permission.READ_PHONE_STATE; res = -1; stacktrace=java.lang.Exception

07-23 04:18:59.274  5597  7182 I LSPosed-Bridge: 	at com.example.permlabel.requestPerm$2.afterHookedMethod(requestPerm.java:205)

07-23 04:18:59.274  5597  7182 I LSPosed-Bridge: 	at de.robv.android.xposed.XposedBridge$AdditionalHookInfo.callback(Unknown Source:147)

07-23 04:18:59.274  5597  7182 I LSPosed-Bridge: 	at LSPHooker_.checkPermission(Unknown Source:25)

07-23 04:18:59.274  5597  7182 I LSPosed-Bridge: 	at android.app.ContextImpl.checkSelfPermission(ContextImpl.java:1801)

07-23 04:18:59.274  5597  7182 I LSPosed-Bridge: 	at android.content.ContextWrapper.checkSelfPermission(ContextWrapper.java:759)

07-23 04:18:59.274  5597  7182 I LSPosed-Bridge: 	at com.tendcloud.tenddata.cf.d(Unknown Source:11)

07-23 04:18:59.274  5597  7182 I LSPosed-Bridge: 	at com.tendcloud.tenddata.es.a(Unknown Source:215)

07-23 04:18:59.274  5597  7182 I LSPosed-Bridge: 	at com.tendcloud.tenddata.es.a(Unknown Source:53)

07-23 04:18:59.274  5597  7182 I LSPosed-Bridge: 	at com.tendcloud.tenddata.aa.b(Unknown Source:38)

07-23 04:18:59.274  5597  7182 I LSPosed-Bridge: 	at com.tendcloud.tenddata.aa.a(Unknown Source:0)

07-23 04:18:59.274  5597  7182 I LSPosed-Bridge: 	at com.tendcloud.tenddata.eq.handleMessage(Unknown Source:4)

07-23 04:18:59.274  5597  7182 I LSPosed-Bridge: 	at android.os.Handler.dispatchMessage(Handler.java:106)

