08-03 20:16:28.273  6190  6190 I LSPosed-Bridge: 6190 PermLabel hookBinder_test 10136 interfaceBinder =android.app.IActivityManager; arg0 = 81; arg1 = android.os.Parcel@adfe42; arg2 = android.os.Parcel@6998e53; arg3 = 0; res = true; stacktrace=java.lang.Exception

08-03 20:16:28.273  6190  6190 I LSPosed-Bridge: 	at com.example.permlabel.hookBinder_test$1.afterHookedMethod(hookBinder_test.java:51)

08-03 20:16:28.273  6190  6190 I LSPosed-Bridge: 	at de.robv.android.xposed.XposedBridge$AdditionalHookInfo.callback(Unknown Source:147)

08-03 20:16:28.273  6190  6190 I LSPosed-Bridge: 	at LSPHooker_.transact(Unknown Source:28)

08-03 20:16:28.273  6190  6190 I LSPosed-Bridge: 	at android.app.IActivityManager$Stub$Proxy.getRunningAppProcesses(IActivityManager.java:5366)

08-03 20:16:28.273  6190  6190 I LSPosed-Bridge: 	at android.app.ActivityManager.getRunningAppProcesses(ActivityManager.java:3435)

08-03 20:16:28.273  6190  6190 I LSPosed-Bridge: 	at java.lang.reflect.Method.invoke(Native Method)

08-03 20:16:28.273  6190  6190 I LSPosed-Bridge: 	at org.lsposed.lspd.nativebridge.HookBridge.invokeOriginalMethod(Native Method)

08-03 20:16:28.273  6190  6190 I LSPosed-Bridge: 	at de.robv.android.xposed.XposedBridge$AdditionalHookInfo.callback(Unknown Source:110)

08-03 20:16:28.273  6190  6190 I LSPosed-Bridge: 	at LSPHooker_.getRunningAppProcesses(Unknown Source:8)

08-03 20:16:28.273  6190  6190 I LSPosed-Bridge: 	at gz.lifesense.weidong.application.a.b(AppProcessManager.java:66)

08-03 20:16:28.273  6190  6190 I LSPosed-Bridge: 	at gz.lifesense.weidong.application.a.a(AppProcessManager.java:53)

08-03 20:16:28.273  6190  6190 I LSPosed-Bridge: 	at gz.lifesense.weidong.application.LifesenseApplication.onCreate(LifesenseApplication.java:173)

08-03 20:16:28.273  6190  6190 I LSPosed-Bridge: 	at android.app.Instrumentation.callApplicationOnCreate(Instrumentation.java:1155)

08-03 20:16:28.273  6190  6190 I LSPosed-Bridge: 	at android.app.ActivityThread.handleBindApplication(ActivityThread.java:5885)

08-03 20:16:28.273  6190  6190 I LSPosed-Bridge: 	at android.app.ActivityThread.access$1100(ActivityThread.java:200)

08-03 20:16:28.273  6190  6190 I LSPosed-Bridge: 	at android.app.ActivityThread$H.handleMessage(ActivityThread.java:1651)

08-03 20:16:28.273  6190  6190 I LSPosed-Bridge: 	at android.os.Handler.dispatchMessage(Handler.java:106)

08-03 20:16:28.273  6190  6190 I LSPosed-Bridge: 	at android.os.Looper.loop(Looper.java:193)

08-03 20:16:28.273  6190  6190 I LSPosed-Bridge: 	at android.app.ActivityThread.main(ActivityThread.java:6692)

08-03 20:16:28.273  6190  6190 I LSPosed-Bridge: 	at java.lang.reflect.Method.invoke(Native Method)

08-03 20:16:28.273  6190  6190 I LSPosed-Bridge: 	at com.android.internal.os.RuntimeInit$MethodAndArgsCaller.run(RuntimeInit.java:493)

08-03 20:16:28.273  6190  6190 I LSPosed-Bridge: 	at com.android.internal.os.ZygoteInit.main(ZygoteInit.java:858)

08-03 20:16:28.273  5846  5881 W System  : A resource failed to call close. 

08-03 20:16:28.273  5846  5881 W System  : A resource failed to call close. 

08-03 20:16:28.273  6190  6190 I LSPosed-Bridge: 6190 PermLabel getRunningAppProcesses =android.app.ActivityManager$RunningAppProcessInfo@6f2b243

08-03 20:16:28.273  6190  6190 I LSPosed-Bridge: 6190 PermLabel getRunningAppProcesses processName: gz.lifesense.weidong pid: 5846

08-03 20:16:28.273  6190  6190 I LSPosed-Bridge: 6190 PermLabel getRunningAppProcesses importance: 100 pid: 5846

08-03 20:16:28.273  6190  6190 I LSPosed-Bridge: 6190 PermLabel getRunningAppProcesses packageName gz.lifesense.weidong at index 0 in process 5846

08-03 20:16:28.273  6190  6190 I LSPosed-Bridge: 6190 PermLabel getRunningAppProcesses =android.app.ActivityManager$RunningAppProcessInfo@63c653e

08-03 20:16:28.273  6190  6190 I LSPosed-Bridge: 6190 PermLabel getRunningAppProcesses processName: gz.lifesense.weidong:push pid: 6190

08-03 20:16:28.273  6190  6190 I LSPosed-Bridge: 6190 PermLabel getRunningAppProcesses importance: 125 pid: 6190

08-03 20:16:28.273  6190  6190 I LSPosed-Bridge: 6190 PermLabel getRunningAppProcesses packageName gz.lifesense.weidong at index 0 in process 6190

08-03 20:16:28.273  6190  6190 I LSPosed-Bridge: 6190 PermLabel permName: android.permission.READ_PHONE_STATE; getRunningAppProcesses =[android.app.ActivityManager$RunningAppProcessInfo@6f2b243, android.app.ActivityManager$RunningAppProcessInfo@63c653e]; stacktrace=java.lang.Exception

08-03 20:16:28.273  6190  6190 I LSPosed-Bridge: 	at com.example.permlabel.hookBinder_test$2.afterHookedMethod(hookBinder_test.java:91)

08-03 20:16:28.273  6190  6190 I LSPosed-Bridge: 	at de.robv.android.xposed.XposedBridge$AdditionalHookInfo.callback(Unknown Source:147)

08-03 20:16:28.273  6190  6190 I LSPosed-Bridge: 	at LSPHooker_.getRunningAppProcesses(Unknown Source:8)

08-03 20:16:28.273  6190  6190 I LSPosed-Bridge: 	at gz.lifesense.weidong.application.a.b(AppProcessManager.java:66)

08-03 20:16:28.273  6190  6190 I LSPosed-Bridge: 	at gz.lifesense.weidong.application.a.a(AppProcessManager.java:53)

08-03 20:16:28.273  6190  6190 I LSPosed-Bridge: 	at gz.lifesense.weidong.application.LifesenseApplication.onCreate(LifesenseApplication.java:173)

08-03 20:16:28.273  6190  6190 I LSPosed-Bridge: 	at android.app.Instrumentation.callApplicationOnCreate(Instrumentation.java:1155)

08-03 20:16:28.273  6190  6190 I LSPosed-Bridge: 	at android.app.ActivityThread.handleBindApplication(ActivityThread.java:5885)

08-03 20:16:28.273  6190  6190 I LSPosed-Bridge: 	at android.app.ActivityThread.access$1100(ActivityThread.java:200)

08-03 20:16:28.273  6190  6190 I LSPosed-Bridge: 	at android.app.ActivityThread$H.handleMessage(ActivityThread.java:1651)

08-03 20:16:28.273  6190  6190 I LSPosed-Bridge: 	at android.os.Handler.dispatchMessage(Handler.java:106)

08-03 20:16:28.273  6190  6190 I LSPosed-Bridge: 	at android.os.Looper.loop(Looper.java:193)

08-03 20:16:28.273  6190  6190 I LSPosed-Bridge: 	at android.app.ActivityThread.main(ActivityThread.java:6692)

08-03 20:16:28.273  6190  6190 I LSPosed-Bridge: 	at java.lang.reflect.Method.invoke(Native Method)

08-03 20:16:28.273  6190  6190 I LSPosed-Bridge: 	at com.android.internal.os.RuntimeInit$MethodAndArgsCaller.run(RuntimeInit.java:493)

08-03 20:16:28.273  6190  6190 I LSPosed-Bridge: 	at com.android.internal.os.ZygoteInit.main(ZygoteInit.java:858)

08-03 20:16:28.273  6190  6309 I LSPosed-Bridge: 6190 PermLabel hookBinder_test 10136 interfaceBinder =android.content.pm.IPackageManager; arg0 = 13; arg1 = android.os.Parcel@a7880c0; arg2 = android.os.Parcel@10981f9; arg3 = 0; res = true; stacktrace=java.lang.Exception

08-03 20:16:28.273  6190  6309 I LSPosed-Bridge: 	at com.example.permlabel.hookBinder_test$1.afterHookedMethod(hookBinder_test.java:51)

08-03 20:16:28.273  6190  6309 I LSPosed-Bridge: 	at de.robv.android.xposed.XposedBridge$AdditionalHookInfo.callback(Unknown Source:147)

08-03 20:16:28.273  6190  6309 I LSPosed-Bridge: 	at LSPHooker_.transact(Unknown Source:28)

08-03 20:16:28.273  6190  6309 I LSPosed-Bridge: 	at android.content.pm.IPackageManager$Stub$Proxy.getApplicationInfo(IPackageManager.java:3104)

08-03 20:16:28.273  6190  6309 I LSPosed-Bridge: 	at android.app.ApplicationPackageManager.getApplicationInfoAsUser(ApplicationPackageManager.java:384)

08-03 20:16:28.273  6190  6309 I LSPosed-Bridge: 	at android.app.ApplicationPackageManager.getApplicationInfo(ApplicationPackageManager.java:377)

08-03 20:16:28.273  6190  6309 I LSPosed-Bridge: 	at cn.jiguang.af.a.a(Unknown Source:20)

08-03 20:16:28.273  6190  6309 I LSPosed-Bridge: 	at cn.jiguang.af.a.d(Unknown Source:0)

08-03 20:16:28.273  6190  6309 I LSPosed-Bridge: 	at cn.jiguang.a.a.b(Unknown Source:44)

08-03 20:16:28.273  6190  6309 I LSPosed-Bridge: 	at cn.jiguang.a.c.run(Unknown Source:6)

08-03 20:16:28.273  6190  6309 I LSPosed-Bridge: 	at java.util.concurrent.ThreadPoolExecutor.runWorker(ThreadPoolExecutor.java:1167)

08-03 20:16:28.273  6190  6309 I LSPosed-Bridge: 	at java.util.concurrent.ThreadPoolExecutor$Worker.run(ThreadPoolExecutor.java:641)

08-03 20:16:28.273  6190  6309 I LSPosed-Bridge: 	at java.lang.Thread.run(Thread.java:764)

08-03 20:16:28.358  1565  1577 I LSPosed-Bridge: 5846 PermLabel 10136 AMS.checkPermission: Binder.getCallingPid() = 1889; uid = 10136; Binder.getCallingUid() = 1001; getNameForUid: android.uid.phone:1001; getPackagesForUid: [com.android.providers.telephony, com.qualcomm.qti.uim, com.qualcomm.qti.ims, com.android.stk, com.qti.qualcomm.deviceinfo, com.android.phone, org.codeaurora.ims, com.qti.qualcomm.datastatusnotification, com.qualcomm.qti.telephonyservice, com.qualcomm.qti.callfeaturessetting, com.qti.xdivert, com.qualcomm.simcontacts, com.qualcomm.qti.autoregistration, com.android.mms.service, com.qualcomm.qti.lpa, com.qti.confuridialer, com.qualcomm.qti.networksetting, com.qualcomm.qcrilmsgtunnel]; permName: android.permission.READ_PHONE_STATE; type = 1; res = -1; stacktrace=java.lang.Exception

08-03 20:16:28.358  1565  1577 I LSPosed-Bridge: 	at com.example.permlabel.requirePerm$1$2.afterHookedMethod(requirePerm.java:126)

08-03 20:16:28.358  1565  1577 I LSPosed-Bridge: 	at de.robv.android.xposed.XposedBridge$AdditionalHookInfo.callback(Unknown Source:147)

08-03 20:16:28.358  1565  1577 I LSPosed-Bridge: 	at LSPHooker_.checkPermission(Unknown Source:25)

08-03 20:16:28.358  1565  1577 I LSPosed-Bridge: 	at android.app.IActivityManager$Stub.onTransact(IActivityManager.java:664)

08-03 20:16:28.358  1565  1577 I LSPosed-Bridge: 	at com.android.server.am.ActivityManagerService.onTransact(ActivityManagerService.java:3346)

08-03 20:16:28.358  1565  1577 I LSPosed-Bridge: 	at android.os.Binder.execTransact(Binder.java:731)

08-03 20:16:28.358  1565  1671 W InputManager: Input event injection from pid 6208 failed.

08-03 20:16:28.380  1565  1671 I LSPosed-Bridge: 5846 PermLabel 10136 AMS.checkPermission: Binder.getCallingPid() = 1889; uid = 10136; Binder.getCallingUid() = 1001; getNameForUid: android.uid.phone:1001; getPackagesForUid: [com.android.providers.telephony, com.qualcomm.qti.uim, com.qualcomm.qti.ims, com.android.stk, com.qti.qualcomm.deviceinfo, com.android.phone, org.codeaurora.ims, com.qti.qualcomm.datastatusnotification, com.qualcomm.qti.telephonyservice, com.qualcomm.qti.callfeaturessetting, com.qti.xdivert, com.qualcomm.simcontacts, com.qualcomm.qti.autoregistration, com.android.mms.service, com.qualcomm.qti.lpa, com.qti.confuridialer, com.qualcomm.qti.networksetting, com.qualcomm.qcrilmsgtunnel]; permName: android.permission.READ_PHONE_STATE; type = 1; res = -1; stacktrace=java.lang.Exception

08-03 20:16:28.380  1565  1671 I LSPosed-Bridge: 	at com.example.permlabel.requirePerm$1$2.afterHookedMethod(requirePerm.java:126)

08-03 20:16:28.380  1565  1671 I LSPosed-Bridge: 	at de.robv.android.xposed.XposedBridge$AdditionalHookInfo.callback(Unknown Source:147)

08-03 20:16:28.380  1565  1671 I LSPosed-Bridge: 	at LSPHooker_.checkPermission(Unknown Source:25)

08-03 20:16:28.380  1565  1671 I LSPosed-Bridge: 	at android.app.IActivityManager$Stub.onTransact(IActivityManager.java:664)

08-03 20:16:28.380  1565  1671 I LSPosed-Bridge: 	at com.android.server.am.ActivityManagerService.onTransact(ActivityManagerService.java:3346)

08-03 20:16:28.380  1565  1671 I LSPosed-Bridge: 	at android.os.Binder.execTransact(Binder.java:731)

08-03 20:16:28.380  5846  6178 I LSPosed-Bridge: 5846 PermLabel hookBinder_test 10136 interfaceBinder =android.os.storage.IStorageManager; arg0 = 30; arg1 = android.os.Parcel@f9319c0; arg2 = android.os.Parcel@d646163; arg3 = 0; res = true; stacktrace=java.lang.Exception

08-03 20:16:28.380  5846  6178 I LSPosed-Bridge: 	at com.example.permlabel.hookBinder_test$1.afterHookedMethod(hookBinder_test.java:51)

08-03 20:16:28.380  5846  6178 I LSPosed-Bridge: 	at de.robv.android.xposed.XposedBridge$AdditionalHookInfo.callback(Unknown Source:147)

08-03 20:16:28.380  5846  6178 I LSPosed-Bridge: 	at LSPHooker_.transact(Unknown Source:28)

08-03 20:16:28.380  5846  6178 I LSPosed-Bridge: 	at android.os.storage.IStorageManager$Stub$Proxy.getVolumeList(IStorageManager.java:909)

08-03 20:16:28.380  5846  6178 I LSPosed-Bridge: 	at android.os.storage.StorageManager.getVolumeList(StorageManager.java:1169)

08-03 20:16:28.380  5846  6178 I LSPosed-Bridge: 	at android.os.Environment$UserEnvironment.getExternalDirs(Environment.java:91)

08-03 20:16:28.380  5846  6178 I LSPosed-Bridge: 	at android.os.Environment.getExternalStorageDirectory(Environment.java:481)

08-03 20:16:28.380  5846  6178 I LSPosed-Bridge: 	at com.tencent.smtt.utils.k.a(Unknown Source:12)

08-03 20:16:28.380  5846  6178 I LSPosed-Bridge: 	at com.tencent.smtt.sdk.TbsDownloader.a(Unknown Source:33)

08-03 20:16:28.380  5846  6178 I LSPosed-Bridge: 	at com.tencent.smtt.sdk.ag.a(Unknown Source:60)

08-03 20:16:28.380  5846  6178 I LSPosed-Bridge: 	at com.tencent.smtt.sdk.TbsDownloader.a(Unknown Source:1700)

08-03 20:16:28.380  5846  6178 I LSPosed-Bridge: 	at com.tencent.smtt.sdk.TbsDownloader.c(Unknown Source:635)

08-03 20:16:28.380  5846  6178 I LSPosed-Bridge: 	at com.tencent.smtt.sdk.TbsDownloader.a(Unknown Source:0)

08-03 20:16:28.380  5846  6178 I LSPosed-Bridge: 	at com.tencent.smtt.sdk.aj.handleMessage(Unknown Source:378)

08-03 20:16:28.380  5846  6178 I LSPosed-Bridge: 	at android.os.Handler.dispatchMessage(Handler.java:106)

08-03 20:16:28.380  5846  6178 I LSPosed-Bridge: 	at android.os.Looper.loop(Looper.java:193)

08-03 20:16:28.380  5846  6178 I LSPosed-Bridge: 	at android.os.HandlerThread.run(HandlerThread.java:65)

08-03 20:16:28.387  5846  6317 I LSPosed-Bridge: 5846 PermLabel hookBinder_test 10136 interfaceBinder =com.android.internal.telephony.IPhoneSubInfo; arg0 = 8; arg1 = android.os.Parcel@b07bf16; arg2 = android.os.Parcel@6430a16; arg3 = 0; res = true; stacktrace=java.lang.Exception

08-03 20:16:28.387  5846  6317 I LSPosed-Bridge: 	at com.example.permlabel.hookBinder_test$1.afterHookedMethod(hookBinder_test.java:51)

08-03 20:16:28.387  5846  6317 I LSPosed-Bridge: 	at de.robv.android.xposed.XposedBridge$AdditionalHookInfo.callback(Unknown Source:147)

08-03 20:16:28.387  5846  6317 I LSPosed-Bridge: 	at LSPHooker_.transact(Unknown Source:28)

08-03 20:16:28.387  5846  6317 I LSPosed-Bridge: 	at com.android.internal.telephony.IPhoneSubInfo$Stub$Proxy.getSubscriberIdForSubscriber(IPhoneSubInfo.java:577)

08-03 20:16:28.387  5846  6317 I LSPosed-Bridge: 	at android.telephony.TelephonyManager.getSubscriberId(TelephonyManager.java:2870)

08-03 20:16:28.387  5846  6317 I LSPosed-Bridge: 	at android.telephony.TelephonyManager.getSubscriberId(TelephonyManager.java:2852)

08-03 20:16:28.387  5846  6317 I LSPosed-Bridge: 	at java.lang.reflect.Method.invoke(Native Method)

08-03 20:16:28.387  5846  6317 I LSPosed-Bridge: 	at org.lsposed.lspd.nativebridge.HookBridge.invokeOriginalMethod(Native Method)

08-03 20:16:28.387  5846  6317 I LSPosed-Bridge: 	at de.robv.android.xposed.XposedBridge$AdditionalHookInfo.callback(Unknown Source:110)

08-03 20:16:28.387  5846  6317 I LSPosed-Bridge: 	at LSPHooker_.getSubscriberId(Unknown Source:8)

08-03 20:16:28.387  5846  6317 I LSPosed-Bridge: 	at com.chuanglan.shanyan_sdk.c.g.a(Unknown Source:10)

08-03 20:16:28.387  5846  6317 I LSPosed-Bridge: 	at com.chuanglan.shanyan_sdk.e.g$1.run(Unknown Source:145)

08-03 20:16:28.387  5846  6317 I LSPosed-Bridge: 	at java.util.concurrent.ThreadPoolExecutor.runWorker(ThreadPoolExecutor.java:1167)

08-03 20:16:28.387  5846  6317 I LSPosed-Bridge: 	at java.util.concurrent.ThreadPoolExecutor$Worker.run(ThreadPoolExecutor.java:641)

08-03 20:16:28.387  5846  6317 I LSPosed-Bridge: 	at java.lang.Thread.run(Thread.java:764)

08-03 20:16:28.387  6208  6208 I Input   : injectMotionEvent: MotionEvent { action=ACTION_MOVE, actionButton=0, id[0]=0, x[0]=360.0, y[0]=1171.0, toolType[0]=TOOL_TYPE_UNKNOWN, buttonState=0, metaState=0, flags=0x0, edgeFlags=0x0, pointerCount=1, historySize=0, eventTime=53132, downTime=53132, deviceId=4, source=0x1002 }

08-03 20:16:28.387  5846  6317 I LSPosed-Bridge: 5846 PermLabel 10136; permName: android.permission.READ_PHONE_STATE; getSubscriberId res = null; stacktrace=java.lang.Exception

08-03 20:16:28.387  5846  6317 I LSPosed-Bridge: 	at com.example.permlabel.hookBinder_test$6.afterHookedMethod(hookBinder_test.java:120)

08-03 20:16:28.387  5846  6317 I LSPosed-Bridge: 	at de.robv.android.xposed.XposedBridge$AdditionalHookInfo.callback(Unknown Source:147)

08-03 20:16:28.387  5846  6317 I LSPosed-Bridge: 	at LSPHooker_.getSubscriberId(Unknown Source:8)

08-03 20:16:28.387  5846  6317 I LSPosed-Bridge: 	at com.chuanglan.shanyan_sdk.c.g.a(Unknown Source:10)

08-03 20:16:28.387  5846  6317 I LSPosed-Bridge: 	at com.chuanglan.shanyan_sdk.e.g$1.run(Unknown Source:145)

08-03 20:16:28.387  5846  6317 I LSPosed-Bridge: 	at java.util.concurrent.ThreadPoolExecutor.runWorker(ThreadPoolExecutor.java:1167)

08-03 20:16:28.387  5846  6317 I LSPosed-Bridge: 	at java.util.concurrent.ThreadPoolExecutor$Worker.run(ThreadPoolExecutor.java:641)

08-03 20:16:28.387  5846  6317 I LSPosed-Bridge: 	at java.lang.Thread.run(Thread.java:764)

08-03 20:16:28.402  6112  6274 I GnpSdk  : GrowthKit enabled by flag, registered to Phenotype and schedule jobs.

08-03 20:16:28.402  1565  5241 I LSPosed-Bridge: 5846 PermLabel 10136 AMS.checkPermission: Binder.getCallingPid() = 1889; uid = 10136; Binder.getCallingUid() = 1001; getNameForUid: android.uid.phone:1001; getPackagesForUid: [com.android.providers.telephony, com.qualcomm.qti.uim, com.qualcomm.qti.ims, com.android.stk, com.qti.qualcomm.deviceinfo, com.android.phone, org.codeaurora.ims, com.qti.qualcomm.datastatusnotification, com.qualcomm.qti.telephonyservice, com.qualcomm.qti.callfeaturessetting, com.qti.xdivert, com.qualcomm.simcontacts, com.qualcomm.qti.autoregistration, com.android.mms.service, com.qualcomm.qti.lpa, com.qti.confuridialer, com.qualcomm.qti.networksetting, com.qualcomm.qcrilmsgtunnel]; permName: android.permission.READ_PHONE_STATE; type = 1; res = -1; stacktrace=java.lang.Exception

08-03 20:16:28.402  1565  5241 I LSPosed-Bridge: 	at com.example.permlabel.requirePerm$1$2.afterHookedMethod(requirePerm.java:126)

08-03 20:16:28.402  1565  5241 I LSPosed-Bridge: 	at de.robv.android.xposed.XposedBridge$AdditionalHookInfo.callback(Unknown Source:147)

08-03 20:16:28.402  1565  5241 I LSPosed-Bridge: 	at LSPHooker_.checkPermission(Unknown Source:25)

08-03 20:16:28.402  1565  5241 I LSPosed-Bridge: 	at android.app.IActivityManager$Stub.onTransact(IActivityManager.java:664)

08-03 20:16:28.402  1565  5241 I LSPosed-Bridge: 	at com.android.server.am.ActivityManagerService.onTransact(ActivityManagerService.java:3346)

08-03 20:16:28.402  1565  5241 I LSPosed-Bridge: 	at android.os.Binder.execTransact(Binder.java:731)

08-03 20:16:28.410  6190  6190 I LSPosed-Bridge: 6190 PermLabel permName: android.permission.READ_PHONE_STATE; getRunningAppProcesses =[android.app.ActivityManager$RunningAppProcessInfo@d45da03, android.app.ActivityManager$RunningAppProcessInfo@7ced80]; stacktrace=java.lang.Exception

08-03 20:16:28.410  6190  6190 I LSPosed-Bridge: 	at com.example.permlabel.hookBinder_test$2.afterHookedMethod(hookBinder_test.java:91)

08-03 20:16:28.410  6190  6190 I LSPosed-Bridge: 	at de.robv.android.xposed.XposedBridge$AdditionalHookInfo.callback(Unknown Source:147)

08-03 20:16:28.410  6190  6190 I LSPosed-Bridge: 	at LSPHooker_.getRunningAppProcesses(Unknown Source:8)

08-03 20:16:28.410  6190  6190 I LSPosed-Bridge: 	at cn.jiguang.f.a.a(Unknown Source:33)

08-03 20:16:28.410  6190  6190 I LSPosed-Bridge: 	at cn.jiguang.d.a.a(Unknown Source:17)

08-03 20:16:28.410  6190  6190 I LSPosed-Bridge: 	at cn.jiguang.api.JCoreManager.init(Unknown Source:21)

08-03 20:16:28.410  6190  6190 I LSPosed-Bridge: 	at cn.jiguang.api.JCoreManager.onEvent(Unknown Source:0)

08-03 20:16:28.410  6190  6190 I LSPosed-Bridge: 	at cn.jpush.android.service.PushReceiver.onReceive(Unknown Source:43)

08-03 20:16:28.410  6190  6190 I LSPosed-Bridge: 	at android.app.LoadedApk$ReceiverDispatcher$Args.lambda$getRunnable$0(LoadedApk.java:1391)

08-03 20:16:28.410  6190  6190 I LSPosed-Bridge: 	at android.app.-$$Lambda$LoadedApk$ReceiverDispatcher$Args$_BumDX2UKsnxLVrE6UJsJZkotuA.run(Unknown Source:2)

08-03 20:16:28.410  6190  6190 I LSPosed-Bridge: 	at android.os.Handler.handleCallback(Handler.java:873)

08-03 20:16:28.410  6190  6190 I LSPosed-Bridge: 	at android.os.Handler.dispatchMessage(Handler.java:99)

08-03 20:16:28.410  6190  6190 I LSPosed-Bridge: 	at android.os.Looper.loop(Looper.java:193)

08-03 20:16:28.410  6190  6190 I LSPosed-Bridge: 	at android.app.ActivityThread.main(ActivityThread.java:6692)

08-03 20:16:28.410  6190  6190 I LSPosed-Bridge: 	at java.lang.reflect.Method.invoke(Native Method)

08-03 20:16:28.410  6190  6190 I LSPosed-Bridge: 	at com.android.internal.os.RuntimeInit$MethodAndArgsCaller.run(RuntimeInit.java:493)

08-03 20:16:28.410  6190  6190 I LSPosed-Bridge: 	at com.android.internal.os.ZygoteInit.main(ZygoteInit.java:858)

08-03 20:16:28.410  6190  6309 I LSPosed-Bridge: 6190 PermLabel hookBinder_test 10136 interfaceBinder =android.os.IUserManager; arg0 = 52; arg1 = android.os.Parcel@178556d; arg2 = android.os.Parcel@adfe42; arg3 = 0; res = true; stacktrace=java.lang.Exception

08-03 20:16:28.410  6190  6309 I LSPosed-Bridge: 	at com.example.permlabel.hookBinder_test$1.afterHookedMethod(hookBinder_test.java:51)

08-03 20:16:28.410  6190  6309 I LSPosed-Bridge: 	at de.robv.android.xposed.XposedBridge$AdditionalHookInfo.callback(Unknown Source:147)

08-03 20:16:28.410  6190  6309 I LSPosed-Bridge: 	at LSPHooker_.transact(Unknown Source:28)

08-03 20:16:28.410  6190  6309 I LSPosed-Bridge: 	at android.os.IUserManager$Stub$Proxy.isUserUnlockingOrUnlocked(IUserManager.java:1813)

08-03 20:16:28.410  6190  6309 I LSPosed-Bridge: 	at android.os.UserManager.isUserUnlockingOrUnlocked(UserManager.java:1553)

08-03 20:16:28.410  6190  6309 I LSPosed-Bridge: 	at android.app.ContextImpl.getSharedPreferences(ContextImpl.java:418)

08-03 20:16:28.410  6190  6309 I LSPosed-Bridge: 	at android.app.ContextImpl.getSharedPreferences(ContextImpl.java:404)

08-03 20:16:28.410  6190  6309 I LSPosed-Bridge: 	at android.content.ContextWrapper.getSharedPreferences(ContextWrapper.java:174)

08-03 20:16:28.410  6190  6309 I LSPosed-Bridge: 	at cn.jiguang.g.b.b(Unknown Source:25)

08-03 20:16:28.410  6190  6309 I LSPosed-Bridge: 	at cn.jiguang.g.b.b(Unknown Source:2)

08-03 20:16:28.410  6190  6309 I LSPosed-Bridge: 	at cn.jiguang.g.b.a(Unknown Source:0)

08-03 20:16:28.410  6190  6309 I LSPosed-Bridge: 	at cn.jiguang.b.a.<init>(Unknown Source:17)

08-03 20:16:28.410  6190  6309 I LSPosed-Bridge: 	at cn.jiguang.b.a.<clinit>(Unknown Source:2)

08-03 20:16:28.410  6190  6309 I LSPosed-Bridge: 	at cn.jiguang.b.a.a(Unknown Source:0)

08-03 20:16:28.410  6190  6309 I LSPosed-Bridge: 	at cn.jiguang.a.a.b(Unknown Source:147)

08-03 20:16:28.410  6190  6309 I LSPosed-Bridge: 	at cn.jiguang.a.c.run(Unknown Source:6)

08-03 20:16:28.410  6190  6309 I LSPosed-Bridge: 	at java.util.concurrent.ThreadPoolExecutor.runWorker(ThreadPoolExecutor.java:1167)

08-03 20:16:28.410  6190  6309 I LSPosed-Bridge: 	at java.util.concurrent.ThreadPoolExecutor$Worker.run(ThreadPoolExecutor.java:641)

08-03 20:16:28.410  6190  6309 I LSPosed-Bridge: 	at java.lang.Thread.run(Thread.java:764)

08-03 20:16:28.420  6190  6255 I LSPosed-Bridge: 6190 PermLabel permName: android.permission.READ_PHONE_STATE; getRunningAppProcesses =[android.app.ActivityManager$RunningAppProcessInfo@bbb2e75, android.app.ActivityManager$RunningAppProcessInfo@a589e0a]; stacktrace=java.lang.Exception

08-03 20:16:28.420  6190  6255 I LSPosed-Bridge: 	at com.example.permlabel.hookBinder_test$2.afterHookedMethod(hookBinder_test.java:91)

08-03 20:16:28.420  6190  6255 I LSPosed-Bridge: 	at de.robv.android.xposed.XposedBridge$AdditionalHookInfo.callback(Unknown Source:147)

08-03 20:16:28.420  6190  6255 I LSPosed-Bridge: 	at LSPHooker_.getRunningAppProcesses(Unknown Source:8)

08-03 20:16:28.420  6190  6255 I LSPosed-Bridge: 	at cn.jiguang.f.a.a(Unknown Source:33)

08-03 20:16:28.420  6190  6255 I LSPosed-Bridge: 	at cn.jpush.android.service.DataShare.bind(Unknown Source:28)

08-03 20:16:28.420  6190  6255 I LSPosed-Bridge: 	at cn.jiguang.android.IDataShare$Stub.onTransact(Unknown Source:32)

08-03 20:16:28.420  6190  6255 I LSPosed-Bridge: 	at android.os.Binder.execTransact(Binder.java:731)

08-03 20:16:28.420  6208  6208 I Input   : injectMotionEvent: MotionEvent { action=ACTION_MOVE, actionButton=0, id[0]=0, x[0]=360.0, y[0]=1171.0, toolType[0]=TOOL_TYPE_UNKNOWN, buttonState=0, metaState=0, flags=0x0, edgeFlags=0x0, pointerCount=1, historySize=0, eventTime=53166, downTime=53166, deviceId=4, source=0x1002 }

08-03 20:16:28.420  6190  6309 I LSPosed-Bridge: 6190 PermLabel hookBinder_test 10136 interfaceBinder =android.os.IUserManager; arg0 = 52; arg1 = android.os.Parcel@adfe42; arg2 = android.os.Parcel@178556d; arg3 = 0; res = true; stacktrace=java.lang.Exception

08-03 20:16:28.420  6190  6309 I LSPosed-Bridge: 	at com.example.permlabel.hookBinder_test$1.afterHookedMethod(hookBinder_test.java:51)

08-03 20:16:28.420  6190  6309 I LSPosed-Bridge: 	at de.robv.android.xposed.XposedBridge$AdditionalHookInfo.callback(Unknown Source:147)

08-03 20:16:28.420  6190  6309 I LSPosed-Bridge: 	at LSPHooker_.transact(Unknown Source:28)

08-03 20:16:28.420  6190  6309 I LSPosed-Bridge: 	at android.os.IUserManager$Stub$Proxy.isUserUnlockingOrUnlocked(IUserManager.java:1813)

08-03 20:16:28.420  6190  6309 I LSPosed-Bridge: 	at android.os.UserManager.isUserUnlockingOrUnlocked(UserManager.java:1553)

08-03 20:16:28.420  6190  6309 I LSPosed-Bridge: 	at android.app.ContextImpl.getSharedPreferences(ContextImpl.java:418)

08-03 20:16:28.420  6190  6309 I LSPosed-Bridge: 	at android.app.ContextImpl.getSharedPreferences(ContextImpl.java:404)

08-03 20:16:28.420  6190  6309 I LSPosed-Bridge: 	at android.content.ContextWrapper.getSharedPreferences(ContextWrapper.java:174)

08-03 20:16:28.420  6190  6309 I LSPosed-Bridge: 	at cn.jiguang.g.b.b(Unknown Source:25)

08-03 20:16:28.420  6190  6309 I LSPosed-Bridge: 	at cn.jiguang.g.b.b(Unknown Source:2)

08-03 20:16:28.420  6190  6309 I LSPosed-Bridge: 	at cn.jiguang.g.b.a(Unknown Source:0)

08-03 20:16:28.420  6190  6309 I LSPosed-Bridge: 	at cn.jiguang.d.b.a(Unknown Source:4)

08-03 20:16:28.420  6190  6309 I LSPosed-Bridge: 	at cn.jiguang.b.a.c(Unknown Source:10)

08-03 20:16:28.420  6190  6309 I LSPosed-Bridge: 	at cn.jiguang.a.a.b(Unknown Source:150)

08-03 20:16:28.420  6190  6309 I LSPosed-Bridge: 	at cn.jiguang.a.c.run(Unknown Source:6)

08-03 20:16:28.420  6190  6309 I LSPosed-Bridge: 	at java.util.concurrent.ThreadPoolExecutor.runWorker(ThreadPoolExecutor.java:1167)

08-03 20:16:28.420  6190  6309 I LSPosed-Bridge: 	at java.util.concurrent.ThreadPoolExecutor$Worker.run(ThreadPoolExecutor.java:641)

08-03 20:16:28.420  6190  6309 I LSPosed-Bridge: 	at java.lang.Thread.run(Thread.java:764)

08-03 20:16:28.431   551   551 I ConfigStore: android::hardware::configstore::V1_0::ISurfaceFlingerConfigs::hasHDRDisplay retrieved: 0

08-03 20:16:28.431  5846  6219 I LSPosed-Bridge: 5846 PermLabel hookBinder_test 10136 interfaceBinder =android.content.pm.IPackageManager; arg0 = 19; arg1 = android.os.Parcel@70ef0ee; arg2 = android.os.Parcel@60d7432; arg3 = 0; res = true; stacktrace=java.lang.Exception

08-03 20:16:28.431  5846  6219 I LSPosed-Bridge: 	at com.example.permlabel.hookBinder_test$1.afterHookedMethod(hookBinder_test.java:51)

08-03 20:16:28.431  5846  6219 I LSPosed-Bridge: 	at de.robv.android.xposed.XposedBridge$AdditionalHookInfo.callback(Unknown Source:147)

08-03 20:16:28.431  5846  6219 I LSPosed-Bridge: 	at LSPHooker_.transact(Unknown Source:28)

08-03 20:16:28.431  5846  6219 I LSPosed-Bridge: 	at android.content.pm.IPackageManager$Stub$Proxy.checkPermission(IPackageManager.java:3285)

08-03 20:16:28.431  5846  6219 I LSPosed-Bridge: 	at android.app.ApplicationPackageManager.checkPermission(ApplicationPackageManager.java:581)

08-03 20:16:28.431  5846  6219 I LSPosed-Bridge: 	at java.lang.reflect.Method.invoke(Native Method)

08-03 20:16:28.431  5846  6219 I LSPosed-Bridge: 	at org.lsposed.lspd.nativebridge.HookBridge.invokeOriginalMethod(Native Method)

08-03 20:16:28.431  5846  6219 I LSPosed-Bridge: 	at de.robv.android.xposed.XposedBridge$AdditionalHookInfo.callback(Unknown Source:110)

08-03 20:16:28.431  5846  6219 I LSPosed-Bridge: 	at LSPHooker_.checkPermission(Unknown Source:14)

08-03 20:16:28.431  5846  6219 I LSPosed-Bridge: 	at com.cmic.sso.sdk.utils.l.a(Unknown Source:8)

08-03 20:16:28.431  5846  6219 I LSPosed-Bridge: 	at com.cmic.sso.sdk.auth.AuthnHelper.getNetworkType(Unknown Source:11)

08-03 20:16:28.431  5846  6219 I LSPosed-Bridge: 	at com.chuanglan.shanyan_sdk.c.g.e(Unknown Source:4)

08-03 20:16:28.431  5846  6219 I LSPosed-Bridge: 	at com.chuanglan.shanyan_sdk.e.n.b(Unknown Source:9)

08-03 20:16:28.431  5846  6219 I LSPosed-Bridge: 	at com.chuanglan.shanyan_sdk.e.n.a(Unknown Source:0)

08-03 20:16:28.431  5846  6219 I LSPosed-Bridge: 	at com.chuanglan.shanyan_sdk.a$11.run(Unknown Source:39)

08-03 20:16:28.431  5846  6219 I LSPosed-Bridge: 	at java.util.concurrent.ThreadPoolExecutor.runWorker(ThreadPoolExecutor.java:1167)

08-03 20:16:28.431  5846  6219 I LSPosed-Bridge: 	at java.util.concurrent.ThreadPoolExecutor$Worker.run(ThreadPoolExecutor.java:641)

08-03 20:16:28.431  5846  6219 I LSPosed-Bridge: 	at java.lang.Thread.run(Thread.java:764)

08-03 20:16:28.431  1565  3394 W InputManager: Input event injection from pid 6208 failed.

08-03 20:16:28.431  5846  6219 I LSPosed-Bridge: 5846 PermLabel 10136 PM.checkPermission permName:android.permission.READ_PHONE_STATE; Package name: gz.lifesense.weidong; Result: -1; stacktrace=java.lang.Exception

08-03 20:16:28.431  5846  6219 I LSPosed-Bridge: 	at com.example.permlabel.requestPerm$1.afterHookedMethod(requestPerm.java:128)

08-03 20:16:28.431  5846  6219 I LSPosed-Bridge: 	at de.robv.android.xposed.XposedBridge$AdditionalHookInfo.callback(Unknown Source:147)

08-03 20:16:28.431  5846  6219 I LSPosed-Bridge: 	at LSPHooker_.checkPermission(Unknown Source:14)

08-03 20:16:28.431  5846  6219 I LSPosed-Bridge: 	at com.cmic.sso.sdk.utils.l.a(Unknown Source:8)

08-03 20:16:28.431  5846  6219 I LSPosed-Bridge: 	at com.cmic.sso.sdk.auth.AuthnHelper.getNetworkType(Unknown Source:11)

08-03 20:16:28.431  5846  6219 I LSPosed-Bridge: 	at com.chuanglan.shanyan_sdk.c.g.e(Unknown Source:4)

08-03 20:16:28.431  5846  6219 I LSPosed-Bridge: 	at com.chuanglan.shanyan_sdk.e.n.b(Unknown Source:9)

08-03 20:16:28.431  5846  6219 I LSPosed-Bridge: 	at com.chuanglan.shanyan_sdk.e.n.a(Unknown Source:0)

08-03 20:16:28.431  5846  6219 I LSPosed-Bridge: 	at com.chuanglan.shanyan_sdk.a$11.run(Unknown Source:39)

08-03 20:16:28.431  5846  6219 I LSPosed-Bridge: 	at java.util.concurrent.ThreadPoolExecutor.runWorker(ThreadPoolExecutor.java:1167)

08-03 20:16:28.431  5846  6219 I LSPosed-Bridge: 	at java.util.concurrent.ThreadPoolExecutor$Worker.run(ThreadPoolExecutor.java:641)

08-03 20:16:28.431  5846  6219 I LSPosed-Bridge: 	at java.lang.Thread.run(Thread.java:764)

08-03 20:16:28.431  6208  6208 I Input   : injectMotionEvent: MotionEvent { action=ACTION_MOVE, actionButton=0, id[0]=0, x[0]=360.0, y[0]=1171.0, toolType[0]=TOOL_TYPE_UNKNOWN, buttonState=0, metaState=0, flags=0x0, edgeFlags=0x0, pointerCount=1, historySize=0, eventTime=53177, downTime=53177, deviceId=4, source=0x1002 }

08-03 20:16:28.507  1565  3394 I LSPosed-Bridge: 5846 PermLabel 10136 AMS.checkPermission: Binder.getCallingPid() = 1889; uid = 10136; Binder.getCallingUid() = 1001; getNameForUid: android.uid.phone:1001; getPackagesForUid: [com.android.providers.telephony, com.qualcomm.qti.uim, com.qualcomm.qti.ims, com.android.stk, com.qti.qualcomm.deviceinfo, com.android.phone, org.codeaurora.ims, com.qti.qualcomm.datastatusnotification, com.qualcomm.qti.telephonyservice, com.qualcomm.qti.callfeaturessetting, com.qti.xdivert, com.qualcomm.simcontacts, com.qualcomm.qti.autoregistration, com.android.mms.service, com.qualcomm.qti.lpa, com.qti.confuridialer, com.qualcomm.qti.networksetting, com.qualcomm.qcrilmsgtunnel]; permName: android.permission.READ_PHONE_STATE; type = 1; res = -1; stacktrace=java.lang.Exception

08-03 20:16:28.507  1565  3394 I LSPosed-Bridge: 	at com.example.permlabel.requirePerm$1$2.afterHookedMethod(requirePerm.java:126)

08-03 20:16:28.507  1565  3394 I LSPosed-Bridge: 	at de.robv.android.xposed.XposedBridge$AdditionalHookInfo.callback(Unknown Source:147)

08-03 20:16:28.507  1565  3394 I LSPosed-Bridge: 	at LSPHooker_.checkPermission(Unknown Source:25)

08-03 20:16:28.507  1565  3394 I LSPosed-Bridge: 	at android.app.IActivityManager$Stub.onTransact(IActivityManager.java:664)

08-03 20:16:28.507  1565  3394 I LSPosed-Bridge: 	at com.android.server.am.ActivityManagerService.onTransact(ActivityManagerService.java:3346)

08-03 20:16:28.507  1565  3394 I LSPosed-Bridge: 	at android.os.Binder.execTransact(Binder.java:731)

08-03 20:16:28.507  3589  3850 E mtopsdk : [seq:MTOP2]|[traceId:5f7f441eaab14053bcabf4e36b552e98] |start

08-03 20:16:28.532  1565  1671 I LSPosed-Bridge: 5846 PermLabel 10136 AMS.checkPermission: Binder.getCallingPid() = 1889; uid = 10136; Binder.getCallingUid() = 1001; getNameForUid: android.uid.phone:1001; getPackagesForUid: [com.android.providers.telephony, com.qualcomm.qti.uim, com.qualcomm.qti.ims, com.android.stk, com.qti.qualcomm.deviceinfo, com.android.phone, org.codeaurora.ims, com.qti.qualcomm.datastatusnotification, com.qualcomm.qti.telephonyservice, com.qualcomm.qti.callfeaturessetting, com.qti.xdivert, com.qualcomm.simcontacts, com.qualcomm.qti.autoregistration, com.android.mms.service, com.qualcomm.qti.lpa, com.qti.confuridialer, com.qualcomm.qti.networksetting, com.qualcomm.qcrilmsgtunnel]; permName: android.permission.READ_PHONE_STATE; type = 1; res = -1; stacktrace=java.lang.Exception

08-03 20:16:28.532  1565  1671 I LSPosed-Bridge: 	at com.example.permlabel.requirePerm$1$2.afterHookedMethod(requirePerm.java:126)

08-03 20:16:28.532  1565  1671 I LSPosed-Bridge: 	at de.robv.android.xposed.XposedBridge$AdditionalHookInfo.callback(Unknown Source:147)

08-03 20:16:28.532  1565  1671 I LSPosed-Bridge: 	at LSPHooker_.checkPermission(Unknown Source:25)

08-03 20:16:28.532  1565  1671 I LSPosed-Bridge: 	at android.app.IActivityManager$Stub.onTransact(IActivityManager.java:664)

08-03 20:16:28.532  1565  1671 I LSPosed-Bridge: 	at com.android.server.am.ActivityManagerService.onTransact(ActivityManagerService.java:3346)

08-03 20:16:28.532  1565  1671 I LSPosed-Bridge: 	at android.os.Binder.execTransact(Binder.java:731)

08-03 20:16:28.551  5846  6343 I LSPosed-Bridge: 5846 PermLabel hookBinder_test 10136 interfaceBinder =android.content.pm.IPackageManager; arg0 = 19; arg1 = android.os.Parcel@b07bf16; arg2 = android.os.Parcel@6430a16; arg3 = 0; res = true; stacktrace=java.lang.Exception

08-03 20:16:28.551  5846  6343 I LSPosed-Bridge: 	at com.example.permlabel.hookBinder_test$1.afterHookedMethod(hookBinder_test.java:51)

08-03 20:16:28.551  5846  6343 I LSPosed-Bridge: 	at de.robv.android.xposed.XposedBridge$AdditionalHookInfo.callback(Unknown Source:147)

08-03 20:16:28.551  5846  6343 I LSPosed-Bridge: 	at LSPHooker_.transact(Unknown Source:28)

08-03 20:16:28.551  5846  6343 I LSPosed-Bridge: 	at android.content.pm.IPackageManager$Stub$Proxy.checkPermission(IPackageManager.java:3285)

08-03 20:16:28.551  5846  6343 I LSPosed-Bridge: 	at android.app.ApplicationPackageManager.checkPermission(ApplicationPackageManager.java:581)

08-03 20:16:28.551  5846  6343 I LSPosed-Bridge: 	at java.lang.reflect.Method.invoke(Native Method)

08-03 20:16:28.551  5846  6343 I LSPosed-Bridge: 	at org.lsposed.lspd.nativebridge.HookBridge.invokeOriginalMethod(Native Method)

08-03 20:16:28.551  5846  6343 I LSPosed-Bridge: 	at de.robv.android.xposed.XposedBridge$AdditionalHookInfo.callback(Unknown Source:110)

08-03 20:16:28.551  5846  6343 I LSPosed-Bridge: 	at LSPHooker_.checkPermission(Unknown Source:14)

08-03 20:16:28.551  5846  6343 I LSPosed-Bridge: 	at com.cmic.sso.sdk.utils.l.a(Unknown Source:8)

08-03 20:16:28.551  5846  6343 I LSPosed-Bridge: 	at com.cmic.sso.sdk.auth.AuthnHelper.commonInit(Unknown Source:100)

08-03 20:16:28.551  5846  6343 I LSPosed-Bridge: 	at com.cmic.sso.sdk.auth.AuthnHelper.access$100(Unknown Source:0)

08-03 20:16:28.551  5846  6343 I LSPosed-Bridge: 	at com.cmic.sso.sdk.auth.AuthnHelper$4.a(Unknown Source:34)

08-03 20:16:28.551  5846  6343 I LSPosed-Bridge: 	at com.cmic.sso.sdk.utils.w$a.run(Unknown Source:9)

08-03 20:16:28.551  5846  6343 I LSPosed-Bridge: 	at java.util.concurrent.ThreadPoolExecutor.runWorker(ThreadPoolExecutor.java:1167)

08-03 20:16:28.551  5846  6343 I LSPosed-Bridge: 	at java.util.concurrent.ThreadPoolExecutor$Worker.run(ThreadPoolExecutor.java:641)

08-03 20:16:28.551  5846  6343 I LSPosed-Bridge: 	at java.lang.Thread.run(Thread.java:764)

08-03 20:16:28.551  3589  3850 I mtopsdk.XState: [getValue]Attention :Use XState Local Mode: key:netType

08-03 20:16:28.551  3589  3850 I mtopsdk.XState: [getValue]Attention :Use XState Local Mode: key:nq

08-03 20:16:28.551  3589  3850 I mtopsdk.XState: [getValue]Attention :Use XState Local Mode: key:INNER$umt

08-03 20:16:28.551  5846  6343 I LSPosed-Bridge: 5846 PermLabel 10136 PM.checkPermission permName:android.permission.READ_PHONE_STATE; Package name: gz.lifesense.weidong; Result: -1; stacktrace=java.lang.Exception

08-03 20:16:28.551  5846  6343 I LSPosed-Bridge: 	at com.example.permlabel.requestPerm$1.afterHookedMethod(requestPerm.java:128)

08-03 20:16:28.551  5846  6343 I LSPosed-Bridge: 	at de.robv.android.xposed.XposedBridge$AdditionalHookInfo.callback(Unknown Source:147)

08-03 20:16:28.551  5846  6343 I LSPosed-Bridge: 	at LSPHooker_.checkPermission(Unknown Source:14)

08-03 20:16:28.551  5846  6343 I LSPosed-Bridge: 	at com.cmic.sso.sdk.utils.l.a(Unknown Source:8)

08-03 20:16:28.551  5846  6343 I LSPosed-Bridge: 	at com.cmic.sso.sdk.auth.AuthnHelper.commonInit(Unknown Source:100)

08-03 20:16:28.551  5846  6343 I LSPosed-Bridge: 	at com.cmic.sso.sdk.auth.AuthnHelper.access$100(Unknown Source:0)

08-03 20:16:28.551  5846  6343 I LSPosed-Bridge: 	at com.cmic.sso.sdk.auth.AuthnHelper$4.a(Unknown Source:34)

08-03 20:16:28.551  5846  6343 I LSPosed-Bridge: 	at com.cmic.sso.sdk.utils.w$a.run(Unknown Source:9)

08-03 20:16:28.551  5846  6343 I LSPosed-Bridge: 	at java.util.concurrent.ThreadPoolExecutor.runWorker(ThreadPoolExecutor.java:1167)

08-03 20:16:28.551  5846  6343 I LSPosed-Bridge: 	at java.util.concurrent.ThreadPoolExecutor$Worker.run(ThreadPoolExecutor.java:641)

08-03 20:16:28.551  5846  6343 I LSPosed-Bridge: 	at java.lang.Thread.run(Thread.java:764)

08-03 20:16:28.567  5846  6343 I LSPosed-Bridge: 5846 PermLabel 10136 PM.checkPermission permName:android.permission.READ_PHONE_STATE; Package name: gz.lifesense.weidong; Result: -1; stacktrace=java.lang.Exception

08-03 20:16:28.567  5846  6343 I LSPosed-Bridge: 	at com.example.permlabel.requestPerm$1.afterHookedMethod(requestPerm.java:128)

08-03 20:16:28.567  5846  6343 I LSPosed-Bridge: 	at de.robv.android.xposed.XposedBridge$AdditionalHookInfo.callback(Unknown Source:147)

08-03 20:16:28.567  5846  6343 I LSPosed-Bridge: 	at LSPHooker_.checkPermission(Unknown Source:14)

08-03 20:16:28.567  5846  6343 I LSPosed-Bridge: 	at com.cmic.sso.sdk.utils.l.a(Unknown Source:8)

08-03 20:16:28.567  5846  6343 I LSPosed-Bridge: 	at com.cmic.sso.sdk.a.b.f(Unknown Source:2)

08-03 20:16:28.567  5846  6343 I LSPosed-Bridge: 	at com.cmic.sso.sdk.a.b.a(Unknown Source:0)

08-03 20:16:28.567  5846  6343 I LSPosed-Bridge: 	at com.cmic.sso.sdk.auth.AuthnHelper.commonInit(Unknown Source:148)

08-03 20:16:28.567  5846  6343 I LSPosed-Bridge: 	at com.cmic.sso.sdk.auth.AuthnHelper.access$100(Unknown Source:0)

08-03 20:16:28.567  5846  6343 I LSPosed-Bridge: 	at com.cmic.sso.sdk.auth.AuthnHelper$4.a(Unknown Source:34)

08-03 20:16:28.567  5846  6343 I LSPosed-Bridge: 	at com.cmic.sso.sdk.utils.w$a.run(Unknown Source:9)

08-03 20:16:28.567  5846  6343 I LSPosed-Bridge: 	at java.util.concurrent.ThreadPoolExecutor.runWorker(ThreadPoolExecutor.java:1167)

08-03 20:16:28.567  5846  6343 I LSPosed-Bridge: 	at java.util.concurrent.ThreadPoolExecutor$Worker.run(ThreadPoolExecutor.java:641)

08-03 20:16:28.567  5846  6343 I LSPosed-Bridge: 	at java.lang.Thread.run(Thread.java:764)

08-03 20:16:28.594  6190  6354 I LSPosed-Bridge: 6190 PermLabel hookBinder_test 10136 interfaceBinder =android.app.IActivityManager; arg0 = 49; arg1 = android.os.Parcel@521c59d; arg2 = android.os.Parcel@6998e53; arg3 = 0; res = true; stacktrace=java.lang.Exception

08-03 20:16:28.594  6190  6354 I LSPosed-Bridge: 6190 PermLabel hookBinder_test 10136 interfaceBinder =android.app.IActivityManager; arg0 = 49; arg1 = android.os.Parcel@521c59d; arg2 = android.os.Parcel@6998e53; arg3 = 0; res = true; stacktrace=java.lang.Exception

08-03 20:16:28.594  6190  6354 I LSPosed-Bridge: 	at com.example.permlabel.hookBinder_test$1.afterHookedMethod(hookBinder_test.java:51)

08-03 20:16:28.594  6190  6354 I LSPosed-Bridge: 	at com.example.permlabel.hookBinder_test$1.afterHookedMethod(hookBinder_test.java:51)

08-03 20:16:28.594  6190  6354 I LSPosed-Bridge: 	at de.robv.android.xposed.XposedBridge$AdditionalHookInfo.callback(Unknown Source:147)

08-03 20:16:28.594  6190  6354 I LSPosed-Bridge: 	at de.robv.android.xposed.XposedBridge$AdditionalHookInfo.callback(Unknown Source:147)

08-03 20:16:28.594  6190  6354 I LSPosed-Bridge: 	at LSPHooker_.transact(Unknown Source:28)

08-03 20:16:28.594  6190  6354 I LSPosed-Bridge: 	at LSPHooker_.transact(Unknown Source:28)

08-03 20:16:28.594  6190  6354 I LSPosed-Bridge: 	at android.app.IActivityManager$Stub$Proxy.checkPermission(IActivityManager.java:4722)

08-03 20:16:28.594  6190  6354 I LSPosed-Bridge: 	at android.app.IActivityManager$Stub$Proxy.checkPermission(IActivityManager.java:4722)

08-03 20:16:28.594  6190  6354 I LSPosed-Bridge: 	at android.app.ContextImpl.checkPermission(ContextImpl.java:1751)

08-03 20:16:28.594  6190  6354 I LSPosed-Bridge: 	at android.app.ContextImpl.checkPermission(ContextImpl.java:1751)

08-03 20:16:28.594  6190  6354 I LSPosed-Bridge: 	at java.lang.reflect.Method.invoke(Native Method)

08-03 20:16:28.594  6190  6354 I LSPosed-Bridge: 	at java.lang.reflect.Method.invoke(Native Method)

08-03 20:16:28.594  6190  6354 I LSPosed-Bridge: 	at org.lsposed.lspd.nativebridge.HookBridge.invokeOriginalMethod(Native Method)

08-03 20:16:28.594  6190  6354 I LSPosed-Bridge: 	at org.lsposed.lspd.nativebridge.HookBridge.invokeOriginalMethod(Native Method)

08-03 20:16:28.594  6190  6354 I LSPosed-Bridge: 	at de.robv.android.xposed.XposedBridge$AdditionalHookInfo.callback(Unknown Source:110)

08-03 20:16:28.594  6190  6354 I LSPosed-Bridge: 	at de.robv.android.xposed.XposedBridge$AdditionalHookInfo.callback(Unknown Source:110)

08-03 20:16:28.594  6190  6354 I LSPosed-Bridge: 	at LSPHooker_.checkPermission(Unknown Source:25)

08-03 20:16:28.594  6190  6354 I LSPosed-Bridge: 	at LSPHooker_.checkPermission(Unknown Source:25)

08-03 20:16:28.594  6190  6354 I LSPosed-Bridge: 	at android.app.ContextImpl.checkSelfPermission(ContextImpl.java:1801)

08-03 20:16:28.594  6190  6354 I LSPosed-Bridge: 	at android.app.ContextImpl.checkSelfPermission(ContextImpl.java:1801)

08-03 20:16:28.594  6190  6354 I LSPosed-Bridge: 	at android.content.ContextWrapper.checkSelfPermission(ContextWrapper.java:759)

08-03 20:16:28.594  6190  6354 I LSPosed-Bridge: 	at android.content.ContextWrapper.checkSelfPermission(ContextWrapper.java:759)

08-03 20:16:28.594  6190  6354 I LSPosed-Bridge: 	at cn.jiguang.f.a.c(Unknown Source:16)

08-03 20:16:28.594  6190  6354 I LSPosed-Bridge: 	at cn.jiguang.f.a.c(Unknown Source:16)

08-03 20:16:28.594  6190  6354 I LSPosed-Bridge: 	at cn.jiguang.f.a.d(Unknown Source:3)

08-03 20:16:28.594  6190  6354 I LSPosed-Bridge: 	at cn.jiguang.f.a.d(Unknown Source:3)

08-03 20:16:28.594  6190  6354 I LSPosed-Bridge: 	at cn.jiguang.am.h.h(Unknown Source:43)

08-03 20:16:28.594  6190  6354 I LSPosed-Bridge: 	at cn.jiguang.am.h.h(Unknown Source:43)

08-03 20:16:28.594  6190  6354 I LSPosed-Bridge: 	at cn.jiguang.am.h.c(Unknown Source:0)

08-03 20:16:28.594  6190  6354 I LSPosed-Bridge: 	at cn.jiguang.am.h.c(Unknown Source:0)

08-03 20:16:28.594  6190  6354 I LSPosed-Bridge: 	at cn.jiguang.am.j.run(Unknown Source:22)

08-03 20:16:28.594  6190  6354 I LSPosed-Bridge: 	at cn.jiguang.am.j.run(Unknown Source:22)

08-03 20:16:28.594  6190  6354 I LSPosed-Bridge: 	at java.util.concurrent.ThreadPoolExecutor.runWorker(ThreadPoolExecutor.java:1167)

08-03 20:16:28.594  6190  6354 I LSPosed-Bridge: 	at java.util.concurrent.ThreadPoolExecutor.runWorker(ThreadPoolExecutor.java:1167)

08-03 20:16:28.594  6190  6354 I LSPosed-Bridge: 	at java.util.concurrent.ThreadPoolExecutor$Worker.run(ThreadPoolExecutor.java:641)

08-03 20:16:28.594  6190  6354 I LSPosed-Bridge: 	at java.util.concurrent.ThreadPoolExecutor$Worker.run(ThreadPoolExecutor.java:641)

08-03 20:16:28.594  6190  6354 I LSPosed-Bridge: 	at java.lang.Thread.run(Thread.java:764)

08-03 20:16:28.594  6190  6354 I LSPosed-Bridge: 	at java.lang.Thread.run(Thread.java:764)

08-03 20:16:28.594  6190  6341 I LSPosed-Bridge: 6190 PermLabel 10136 ContextImpl Binder.getCallingPid() = 6190; Binder.getCallingUid() = 10136; permName: android.permission.READ_PHONE_STATE; res = -1; stacktrace=java.lang.Exception

08-03 20:16:28.594  6190  6341 I LSPosed-Bridge: 6190 PermLabel 10136 ContextImpl Binder.getCallingPid() = 6190; Binder.getCallingUid() = 10136; permName: android.permission.READ_PHONE_STATE; res = -1; stacktrace=java.lang.Exception

08-03 20:16:28.594  6190  6341 I LSPosed-Bridge: 	at com.example.permlabel.requestPerm$2.afterHookedMethod(requestPerm.java:182)

08-03 20:16:28.594  6190  6341 I LSPosed-Bridge: 	at com.example.permlabel.requestPerm$2.afterHookedMethod(requestPerm.java:182)

08-03 20:16:28.594  6190  6341 I LSPosed-Bridge: 	at de.robv.android.xposed.XposedBridge$AdditionalHookInfo.callback(Unknown Source:147)

08-03 20:16:28.594  6190  6341 I LSPosed-Bridge: 	at de.robv.android.xposed.XposedBridge$AdditionalHookInfo.callback(Unknown Source:147)

08-03 20:16:28.594  6190  6341 I LSPosed-Bridge: 	at LSPHooker_.checkPermission(Unknown Source:25)

08-03 20:16:28.594  6190  6341 I LSPosed-Bridge: 	at LSPHooker_.checkPermission(Unknown Source:25)

08-03 20:16:28.594  6190  6341 I LSPosed-Bridge: 	at android.app.ContextImpl.checkSelfPermission(ContextImpl.java:1801)

08-03 20:16:28.594  6190  6341 I LSPosed-Bridge: 	at android.app.ContextImpl.checkSelfPermission(ContextImpl.java:1801)

08-03 20:16:28.594  6190  6341 I LSPosed-Bridge: 	at android.content.ContextWrapper.checkSelfPermission(ContextWrapper.java:759)

08-03 20:16:28.594  6190  6341 I LSPosed-Bridge: 	at android.content.ContextWrapper.checkSelfPermission(ContextWrapper.java:759)

08-03 20:16:28.594  6190  6341 I LSPosed-Bridge: 	at cn.jiguang.f.a.c(Unknown Source:16)

08-03 20:16:28.594  6190  6341 I LSPosed-Bridge: 	at cn.jiguang.f.a.c(Unknown Source:16)

08-03 20:16:28.594  6190  6341 I LSPosed-Bridge: 	at cn.jiguang.f.a.d(Unknown Source:15)

08-03 20:16:28.594  6190  6341 I LSPosed-Bridge: 	at cn.jiguang.f.a.d(Unknown Source:15)

08-03 20:16:28.594  6190  6341 I LSPosed-Bridge: 	at cn.jiguang.aa.a.a(Unknown Source:129)

08-03 20:16:28.594  6190  6341 I LSPosed-Bridge: 	at cn.jiguang.aa.a.a(Unknown Source:129)

08-03 20:16:28.594  6190  6341 I LSPosed-Bridge: 	at cn.jiguang.v.b.a(Unknown Source:498)

08-03 20:16:28.594  6190  6341 I LSPosed-Bridge: 	at cn.jiguang.v.b.a(Unknown Source:498)

08-03 20:16:28.594  6190  6341 I LSPosed-Bridge: 	at cn.jiguang.h.a.a(Unknown Source:19)

08-03 20:16:28.594  6190  6341 I LSPosed-Bridge: 	at cn.jiguang.h.a.a(Unknown Source:19)

08-03 20:16:28.594  6190  6341 I LSPosed-Bridge: 	at cn.jiguang.am.d.a(Unknown Source:0)

08-03 20:16:28.594  6190  6341 I LSPosed-Bridge: 	at cn.jiguang.am.d.a(Unknown Source:0)

08-03 20:16:28.594  6190  6341 I LSPosed-Bridge: 	at cn.jiguang.c.a.onActionRun(Unknown Source:313)

08-03 20:16:28.594  6190  6341 I LSPosed-Bridge: 	at cn.jiguang.c.a.onActionRun(Unknown Source:313)

08-03 20:16:28.594  6190  6341 I LSPosed-Bridge: 	at cn.jiguang.am.b.a(Unknown Source:70)

08-03 20:16:28.594  6190  6341 I LSPosed-Bridge: 	at cn.jiguang.am.b.a(Unknown Source:70)

08-03 20:16:28.594  6190  6341 I LSPosed-Bridge: 	at cn.jiguang.ai.a.a(Unknown Source:138)

08-03 20:16:28.594  6190  6341 I LSPosed-Bridge: 	at cn.jiguang.ai.a.a(Unknown Source:138)

08-03 20:16:28.594  6190  6341 I LSPosed-Bridge: 	at cn.jiguang.af.d.run(Unknown Source:6)

08-03 20:16:28.594  6190  6341 I LSPosed-Bridge: 	at cn.jiguang.af.d.run(Unknown Source:6)

08-03 20:16:28.594  6190  6341 I LSPosed-Bridge: 	at java.util.concurrent.ThreadPoolExecutor.runWorker(ThreadPoolExecutor.java:1167)

08-03 20:16:28.594  6190  6341 I LSPosed-Bridge: 	at java.util.concurrent.ThreadPoolExecutor.runWorker(ThreadPoolExecutor.java:1167)

08-03 20:16:28.594  6190  6341 I LSPosed-Bridge: 	at java.util.concurrent.ThreadPoolExecutor$Worker.run(ThreadPoolExecutor.java:641)

08-03 20:16:28.594  6190  6341 I LSPosed-Bridge: 	at java.util.concurrent.ThreadPoolExecutor$Worker.run(ThreadPoolExecutor.java:641)

08-03 20:16:28.594  6190  6341 I LSPosed-Bridge: 	at java.lang.Thread.run(Thread.java:764)

08-03 20:16:28.594  6190  6341 I LSPosed-Bridge: 	at java.lang.Thread.run(Thread.java:764)

