07-25 22:43:03.854  5792 15310 I LSPosed-Bridge: 	at android.os.HandlerThread.run(HandlerThread.java:65)

07-25 22:43:03.854  5792 15310 I LSPosed-Bridge: 	at com.loc.e$b.run(Unknown Source:0)

07-25 22:43:03.854  5792 15310 I LSPosed-Bridge: 5792 PermLabel 10126 ContextImpl.checkPermission: pid = 5792; uid = 10126; permName: android.permission.ACCESS_COARSE_LOCATION; type = 1; res = -1; stacktrace=java.lang.Exception

07-25 22:43:03.854  5792 15310 I LSPosed-Bridge: 	at com.example.permlabel.requestPerm$2.afterHookedMethod(requestPerm.java:224)

07-25 22:43:03.854  5792 15310 I LSPosed-Bridge: 	at de.robv.android.xposed.XposedBridge$AdditionalHookInfo.callback(Unknown Source:147)

07-25 22:43:03.854  5792 15310 I LSPosed-Bridge: 	at LSPHooker_.checkPermission(Unknown Source:25)

07-25 22:43:03.854  5792 15310 I LSPosed-Bridge: 	at android.app.ContextImpl.checkSelfPermission(ContextImpl.java:1801)

07-25 22:43:03.854  5792 15310 I LSPosed-Bridge: 	at java.lang.reflect.Method.invoke(Native Method)

07-25 22:43:03.854  5792 15310 I LSPosed-Bridge: 	at com.loc.fm.a(Unknown Source:63)

07-25 22:43:03.854  5792 15310 I LSPosed-Bridge: 	at com.loc.fm.a(Unknown Source:4)

07-25 22:43:03.854  5792 15310 I LSPosed-Bridge: 	at com.loc.fm.b(Unknown Source:0)

07-25 22:43:03.854  5792 15310 I LSPosed-Bridge: 	at com.loc.fq.e(Unknown Source:36)

07-25 22:43:03.854  5792 15310 I LSPosed-Bridge: 	at com.loc.ej.c(Unknown Source:209)

07-25 22:43:03.854  5792 15310 I LSPosed-Bridge: 	at com.loc.ej.a(Unknown Source:167)

07-25 22:43:03.854  5792 15310 I LSPosed-Bridge: 	at com.loc.e.b(Unknown Source:175)

07-25 22:43:03.854  5792 15310 I LSPosed-Bridge: 	at com.loc.e.b(Unknown Source:0)

07-25 22:43:03.854  5792 15310 I LSPosed-Bridge: 	at com.loc.e$a.handleMessage(Unknown Source:266)

07-25 22:43:03.854  5792 15310 I LSPosed-Bridge: 	at android.os.Handler.dispatchMessage(Handler.java:106)

07-25 22:43:03.854  5792 15310 I LSPosed-Bridge: 	at android.os.Looper.loop(Looper.java:193)

07-25 22:43:03.854  5792 15310 I LSPosed-Bridge: 	at android.os.HandlerThread.run(HandlerThread.java:65)

07-25 22:43:03.854  5792 15310 I LSPosed-Bridge: 	at com.loc.e$b.run(Unknown Source:0)

07-25 22:43:05.910   552   552 I ConfigStore: android::hardware::configstore::V1_0::ISurfaceFlingerConfigs::hasHDRDisplay retrieved: 0

07-25 22:43:05.910  5792 15310 I LSPosed-Bridge: 5792 PermLabel 10126 ContextImpl.checkPermission: pid = 5792; uid = 10126; permName: android.permission.ACCESS_COARSE_LOCATION; type = 1; res = -1; stacktrace=java.lang.Exception

07-25 22:43:05.910  5792 15310 I LSPosed-Bridge: 	at com.example.permlabel.requestPerm$2.afterHookedMethod(requestPerm.java:224)

07-25 22:43:05.910  5792 15310 I LSPosed-Bridge: 	at de.robv.android.xposed.XposedBridge$AdditionalHookInfo.callback(Unknown Source:147)

07-25 22:43:05.910  5792 15310 I LSPosed-Bridge: 	at LSPHooker_.checkPermission(Unknown Source:25)

07-25 22:43:05.910  5792 15310 I LSPosed-Bridge: 	at android.app.ContextImpl.checkSelfPermission(ContextImpl.java:1801)

07-25 22:43:05.910  5792 15310 I LSPosed-Bridge: 	at java.lang.reflect.Method.invoke(Native Method)

07-25 22:43:05.910  5792 15310 I LSPosed-Bridge: 	at com.loc.fm.a(Unknown Source:63)

07-25 22:43:05.910  5792 15310 I LSPosed-Bridge: 	at com.loc.fm.a(Unknown Source:4)

07-25 22:43:05.910  5792 15310 I LSPosed-Bridge: 	at com.loc.fm.b(Unknown Source:0)

07-25 22:43:05.910  5792 15310 I LSPosed-Bridge: 	at com.loc.fq.e(Unknown Source:36)

07-25 22:43:05.910  5792 15310 I LSPosed-Bridge: 	at com.loc.ej.c(Unknown Source:209)

07-25 22:43:05.910  5792 15310 I LSPosed-Bridge: 	at com.loc.ej.a(Unknown Source:167)

07-25 22:43:05.910  5792 15310 I LSPosed-Bridge: 	at com.loc.e.b(Unknown Source:175)

07-25 22:43:05.910  5792 15310 I LSPosed-Bridge: 	at com.loc.e.b(Unknown Source:0)

07-25 22:43:05.910  5792 15310 I LSPosed-Bridge: 	at com.loc.e$a.handleMessage(Unknown Source:266)

07-25 22:43:05.910  5792 15310 I LSPosed-Bridge: 	at android.os.Handler.dispatchMessage(Handler.java:106)

07-25 22:43:05.910  5792 15310 I LSPosed-Bridge: 	at android.os.Looper.loop(Looper.java:193)

07-25 22:43:05.910  5792 15310 I LSPosed-Bridge: 	at android.os.HandlerThread.run(HandlerThread.java:65)

07-25 22:43:05.910  5792 15310 I LSPosed-Bridge: 	at com.loc.e$b.run(Unknown Source:0)

07-25 22:43:07.947  5792 15310 I LSPosed-Bridge: 5792 PermLabel 10126 ContextImpl.checkPermission: pid = 5792; uid = 10126; permName: android.permission.ACCESS_COARSE_LOCATION; type = 1; res = -1; stacktrace=java.lang.Exception

07-25 22:43:07.947  5792 15310 I LSPosed-Bridge: 	at com.example.permlabel.requestPerm$2.afterHookedMethod(requestPerm.java:224)

07-25 22:43:07.947  5792 15310 I LSPosed-Bridge: 	at de.robv.android.xposed.XposedBridge$AdditionalHookInfo.callback(Unknown Source:147)

07-25 22:43:07.947  5792 15310 I LSPosed-Bridge: 	at LSPHooker_.checkPermission(Unknown Source:25)

07-25 22:43:07.947  5792 15310 I LSPosed-Bridge: 	at android.app.ContextImpl.checkSelfPermission(ContextImpl.java:1801)

07-25 22:43:07.947  5792 15310 I LSPosed-Bridge: 	at java.lang.reflect.Method.invoke(Native Method)

07-25 22:43:07.947  5792 15310 I LSPosed-Bridge: 	at com.loc.fm.a(Unknown Source:63)

07-25 22:43:07.947  5792 15310 I LSPosed-Bridge: 	at com.loc.fm.a(Unknown Source:4)

07-25 22:43:07.947  5792 15310 I LSPosed-Bridge: 	at com.loc.fm.b(Unknown Source:0)

07-25 22:43:07.947  5792 15310 I LSPosed-Bridge: 	at com.loc.fq.e(Unknown Source:36)

07-25 22:43:07.947  5792 15310 I LSPosed-Bridge: 	at com.loc.ej.c(Unknown Source:209)

07-25 22:43:07.947  5792 15310 I LSPosed-Bridge: 	at com.loc.ej.a(Unknown Source:167)

07-25 22:43:07.947  5792 15310 I LSPosed-Bridge: 	at com.loc.e.b(Unknown Source:175)

07-25 22:43:07.947  5792 15310 I LSPosed-Bridge: 	at com.loc.e.b(Unknown Source:0)

07-25 22:43:07.947  5792 15310 I LSPosed-Bridge: 	at com.loc.e$a.handleMessage(Unknown Source:266)

07-25 22:43:07.947  5792 15310 I LSPosed-Bridge: 	at android.os.Handler.dispatchMessage(Handler.java:106)

07-25 22:43:07.947  5792 15310 I LSPosed-Bridge: 	at android.os.Looper.loop(Looper.java:193)

07-25 22:43:07.947  5792 15310 I LSPosed-Bridge: 	at android.os.HandlerThread.run(HandlerThread.java:65)

07-25 22:43:07.947  5792 15310 I LSPosed-Bridge: 	at com.loc.e$b.run(Unknown Source:0)

07-25 22:43:09.972  5792 15310 I LSPosed-Bridge: 5792 PermLabel 10126 ContextImpl.checkPermission: pid = 5792; uid = 10126; permName: android.permission.ACCESS_COARSE_LOCATION; type = 1; res = -1; stacktrace=java.lang.Exception

07-25 22:43:09.972  5792 15310 I LSPosed-Bridge: 	at com.example.permlabel.requestPerm$2.afterHookedMethod(requestPerm.java:224)

07-25 22:43:09.972  5792 15310 I LSPosed-Bridge: 	at de.robv.android.xposed.XposedBridge$AdditionalHookInfo.callback(Unknown Source:147)

07-25 22:43:09.972  5792 15310 I LSPosed-Bridge: 	at LSPHooker_.checkPermission(Unknown Source:25)

07-25 22:43:09.972  5792 15310 I LSPosed-Bridge: 	at android.app.ContextImpl.checkSelfPermission(ContextImpl.java:1801)

07-25 22:43:09.972  5792 15310 I LSPosed-Bridge: 	at java.lang.reflect.Method.invoke(Native Method)

07-25 22:43:09.972  5792 15310 I LSPosed-Bridge: 	at com.loc.fm.a(Unknown Source:63)

07-25 22:43:09.972  5792 15310 I LSPosed-Bridge: 	at com.loc.fm.a(Unknown Source:4)

07-25 22:43:09.972  5792 15310 I LSPosed-Bridge: 	at com.loc.fm.b(Unknown Source:0)

07-25 22:43:09.972  5792 15310 I LSPosed-Bridge: 	at com.loc.fq.e(Unknown Source:36)

07-25 22:43:09.972  5792 15310 I LSPosed-Bridge: 	at com.loc.ej.c(Unknown Source:209)

07-25 22:43:09.972  5792 15310 I LSPosed-Bridge: 	at com.loc.ej.a(Unknown Source:167)

07-25 22:43:09.972  5792 15310 I LSPosed-Bridge: 	at com.loc.e.b(Unknown Source:175)

07-25 22:43:09.972  5792 15310 I LSPosed-Bridge: 	at com.loc.e.b(Unknown Source:0)

07-25 22:43:09.972  5792 15310 I LSPosed-Bridge: 	at com.loc.e$a.handleMessage(Unknown Source:266)

07-25 22:43:09.972  5792 15310 I LSPosed-Bridge: 	at android.os.Handler.dispatchMessage(Handler.java:106)

07-25 22:43:09.972  5792 15310 I LSPosed-Bridge: 	at android.os.Looper.loop(Looper.java:193)

07-25 22:43:09.972  5792 15310 I LSPosed-Bridge: 	at android.os.HandlerThread.run(HandlerThread.java:65)

07-25 22:43:09.972  5792 15310 I LSPosed-Bridge: 	at com.loc.e$b.run(Unknown Source:0)

07-25 22:43:12.026  5792 15310 I LSPosed-Bridge: 5792 PermLabel 10126 ContextImpl.checkPermission: pid = 5792; uid = 10126; permName: android.permission.ACCESS_COARSE_LOCATION; type = 1; res = -1; stacktrace=java.lang.Exception

07-25 22:43:12.026  5792 15310 I LSPosed-Bridge: 	at com.example.permlabel.requestPerm$2.afterHookedMethod(requestPerm.java:224)

07-25 22:43:12.026  5792 15310 I LSPosed-Bridge: 	at de.robv.android.xposed.XposedBridge$AdditionalHookInfo.callback(Unknown Source:147)

07-25 22:43:12.026  5792 15310 I LSPosed-Bridge: 	at LSPHooker_.checkPermission(Unknown Source:25)

07-25 22:43:12.026  5792 15310 I LSPosed-Bridge: 	at android.app.ContextImpl.checkSelfPermission(ContextImpl.java:1801)

07-25 22:43:12.026  5792 15310 I LSPosed-Bridge: 	at java.lang.reflect.Method.invoke(Native Method)

07-25 22:43:12.026  5792 15310 I LSPosed-Bridge: 	at com.loc.fm.a(Unknown Source:63)

07-25 22:43:12.026  5792 15310 I LSPosed-Bridge: 	at com.loc.fm.a(Unknown Source:4)

07-25 22:43:12.026  5792 15310 I LSPosed-Bridge: 	at com.loc.fm.b(Unknown Source:0)

07-25 22:43:12.026  5792 15310 I LSPosed-Bridge: 	at com.loc.fq.e(Unknown Source:36)

07-25 22:43:12.026  5792 15310 I LSPosed-Bridge: 	at com.loc.ej.c(Unknown Source:209)

07-25 22:43:12.026  5792 15310 I LSPosed-Bridge: 	at com.loc.ej.a(Unknown Source:167)

07-25 22:43:12.026  5792 15310 I LSPosed-Bridge: 	at com.loc.e.b(Unknown Source:175)

07-25 22:43:12.026  5792 15310 I LSPosed-Bridge: 	at com.loc.e.b(Unknown Source:0)

07-25 22:43:12.026  5792 15310 I LSPosed-Bridge: 	at com.loc.e$a.handleMessage(Unknown Source:266)

07-25 22:43:12.026  5792 15310 I LSPosed-Bridge: 	at android.os.Handler.dispatchMessage(Handler.java:106)

07-25 22:43:12.026  5792 15310 I LSPosed-Bridge: 	at android.os.Looper.loop(Looper.java:193)

07-25 22:43:12.026  5792 15310 I LSPosed-Bridge: 	at android.os.HandlerThread.run(HandlerThread.java:65)

07-25 22:43:12.026  5792 15310 I LSPosed-Bridge: 	at com.loc.e$b.run(Unknown Source:0)

07-25 22:43:14.051  5792 15310 I LSPosed-Bridge: 5792 PermLabel hookBinder_test 10126 interfaceBinder =android.content.pm.IPackageManager; arg0 = 9; arg1 = android.os.Parcel@4c52551; arg2 = android.os.Parcel@869bbb8; arg3 = 0; res = true; stacktrace=java.lang.Exception

07-25 22:43:14.051  5792 15310 I LSPosed-Bridge: 	at com.example.permlabel.hookBinder_test$1.afterHookedMethod(hookBinder_test.java:69)

07-25 22:43:14.051  5792 15310 I LSPosed-Bridge: 	at de.robv.android.xposed.XposedBridge$AdditionalHookInfo.callback(Unknown Source:147)

07-25 22:43:14.051  5792 15310 I LSPosed-Bridge: 	at LSPHooker_.transact(Unknown Source:28)

07-25 22:43:14.051  5792 15310 I LSPosed-Bridge: 	at android.content.pm.IPackageManager$Stub$Proxy.getPermissionInfo(IPackageManager.java:3008)

07-25 22:43:14.051  5792 15310 I LSPosed-Bridge: 	at android.app.ApplicationPackageManager.getPermissionInfo(ApplicationPackageManager.java:306)

07-25 22:43:14.051  5792 15310 I LSPosed-Bridge: 	at com.example.permlabel.requestPerm$2.afterHookedMethod(requestPerm.java:190)

07-25 22:43:14.051  5792 15310 I LSPosed-Bridge: 	at de.robv.android.xposed.XposedBridge$AdditionalHookInfo.callback(Unknown Source:147)

07-25 22:43:14.051  5792 15310 I LSPosed-Bridge: 	at LSPHooker_.checkPermission(Unknown Source:25)

07-25 22:43:14.051  5792 15310 I LSPosed-Bridge: 	at android.app.ContextImpl.checkSelfPermission(ContextImpl.java:1801)

07-25 22:43:14.051  5792 15310 I LSPosed-Bridge: 	at java.lang.reflect.Method.invoke(Native Method)

07-25 22:43:14.051  5792 15310 I LSPosed-Bridge: 	at com.loc.fm.a(Unknown Source:63)

07-25 22:43:14.051  5792 15310 I LSPosed-Bridge: 	at com.loc.fm.a(Unknown Source:4)

07-25 22:43:14.051  5792 15310 I LSPosed-Bridge: 	at com.loc.fm.b(Unknown Source:0)

07-25 22:43:14.051  5792 15310 I LSPosed-Bridge: 	at com.loc.fq.e(Unknown Source:36)

07-25 22:43:14.051  5792 15310 I LSPosed-Bridge: 	at com.loc.ej.c(Unknown Source:209)

07-25 22:43:14.051  5792 15310 I LSPosed-Bridge: 	at com.loc.ej.a(Unknown Source:167)

07-25 22:43:14.051  5792 15310 I LSPosed-Bridge: 	at com.loc.e.b(Unknown Source:175)

07-25 22:43:14.051  5792 15310 I LSPosed-Bridge: 	at com.loc.e.b(Unknown Source:0)

07-25 22:43:14.051  5792 15310 I LSPosed-Bridge: 	at com.loc.e$a.handleMessage(Unknown Source:266)

07-25 22:43:14.051  5792 15310 I LSPosed-Bridge: 	at android.os.Handler.dispatchMessage(Handler.java:106)

07-25 22:43:14.051  5792 15310 I LSPosed-Bridge: 	at android.os.Looper.loop(Looper.java:193)

07-25 22:43:14.051  5792 15310 I LSPosed-Bridge: 	at android.os.HandlerThread.run(HandlerThread.java:65)

07-25 22:43:14.051  5792 15310 I LSPosed-Bridge: 	at com.loc.e$b.run(Unknown Source:0)

07-25 22:43:14.051  5792 15310 I LSPosed-Bridge: 5792 PermLabel 10126 ContextImpl.checkPermission: pid = 5792; uid = 10126; permName: android.permission.ACCESS_COARSE_LOCATION; type = 1; res = -1; stacktrace=java.lang.Exception

07-25 22:43:14.051  5792 15310 I LSPosed-Bridge: 	at com.example.permlabel.requestPerm$2.afterHookedMethod(requestPerm.java:224)

07-25 22:43:14.051  5792 15310 I LSPosed-Bridge: 	at de.robv.android.xposed.XposedBridge$AdditionalHookInfo.callback(Unknown Source:147)

07-25 22:43:14.051  5792 15310 I LSPosed-Bridge: 	at LSPHooker_.checkPermission(Unknown Source:25)

07-25 22:43:14.051  5792 15310 I LSPosed-Bridge: 	at android.app.ContextImpl.checkSelfPermission(ContextImpl.java:1801)

07-25 22:43:14.051  5792 15310 I LSPosed-Bridge: 	at java.lang.reflect.Method.invoke(Native Method)

07-25 22:43:14.051  5792 15310 I LSPosed-Bridge: 	at com.loc.fm.a(Unknown Source:63)

07-25 22:43:14.051  5792 15310 I LSPosed-Bridge: 	at com.loc.fm.a(Unknown Source:4)

07-25 22:43:14.051  5792 15310 I LSPosed-Bridge: 	at com.loc.fm.b(Unknown Source:0)

07-25 22:43:14.051  5792 15310 I LSPosed-Bridge: 	at com.loc.fq.e(Unknown Source:36)

07-25 22:43:14.051  5792 15310 I LSPosed-Bridge: 	at com.loc.ej.c(Unknown Source:209)

07-25 22:43:14.051  5792 15310 I LSPosed-Bridge: 	at com.loc.ej.a(Unknown Source:167)

07-25 22:43:14.051  5792 15310 I LSPosed-Bridge: 	at com.loc.e.b(Unknown Source:175)

07-25 22:43:14.051  5792 15310 I LSPosed-Bridge: 	at com.loc.e.b(Unknown Source:0)

07-25 22:43:14.051  5792 15310 I LSPosed-Bridge: 	at com.loc.e$a.handleMessage(Unknown Source:266)

07-25 22:43:14.051  5792 15310 I LSPosed-Bridge: 	at android.os.Handler.dispatchMessage(Handler.java:106)

07-25 22:43:14.051  5792 15310 I LSPosed-Bridge: 	at android.os.Looper.loop(Looper.java:193)

07-25 22:43:14.051  5792 15310 I LSPosed-Bridge: 	at android.os.HandlerThread.run(HandlerThread.java:65)

07-25 22:43:14.051  5792 15310 I LSPosed-Bridge: 	at com.loc.e$b.run(Unknown Source:0)

07-25 22:43:16.064  5792 15310 I LSPosed-Bridge: 5792 PermLabel 10126 ContextImpl.checkPermission: pid = 5792; uid = 10126; permName: android.permission.ACCESS_COARSE_LOCATION; type = 1; res = -1; stacktrace=java.lang.Exception

07-25 22:43:16.064  5792 15310 I LSPosed-Bridge: 	at com.example.permlabel.requestPerm$2.afterHookedMethod(requestPerm.java:224)

07-25 22:43:16.064  5792 15310 I LSPosed-Bridge: 	at de.robv.android.xposed.XposedBridge$AdditionalHookInfo.callback(Unknown Source:147)

07-25 22:43:16.064  5792 15310 I LSPosed-Bridge: 	at LSPHooker_.checkPermission(Unknown Source:25)

07-25 22:43:16.064  5792 15310 I LSPosed-Bridge: 	at android.app.ContextImpl.checkSelfPermission(ContextImpl.java:1801)

07-25 22:43:16.064  5792 15310 I LSPosed-Bridge: 	at java.lang.reflect.Method.invoke(Native Method)

07-25 22:43:16.064  5792 15310 I LSPosed-Bridge: 	at com.loc.fm.a(Unknown Source:63)

07-25 22:43:16.064  5792 15310 I LSPosed-Bridge: 	at com.loc.fm.a(Unknown Source:4)

07-25 22:43:16.064  5792 15310 I LSPosed-Bridge: 	at com.loc.fm.b(Unknown Source:0)

07-25 22:43:16.064  5792 15310 I LSPosed-Bridge: 	at com.loc.fq.e(Unknown Source:36)

07-25 22:43:16.064  5792 15310 I LSPosed-Bridge: 	at com.loc.ej.c(Unknown Source:209)

07-25 22:43:16.064  5792 15310 I LSPosed-Bridge: 	at com.loc.ej.a(Unknown Source:167)

07-25 22:43:16.064  5792 15310 I LSPosed-Bridge: 	at com.loc.e.b(Unknown Source:175)

07-25 22:43:16.064  5792 15310 I LSPosed-Bridge: 	at com.loc.e.b(Unknown Source:0)

07-25 22:43:16.064  5792 15310 I LSPosed-Bridge: 	at com.loc.e$a.handleMessage(Unknown Source:266)

07-25 22:43:16.064  5792 15310 I LSPosed-Bridge: 	at android.os.Handler.dispatchMessage(Handler.java:106)

07-25 22:43:16.064  5792 15310 I LSPosed-Bridge: 	at android.os.Looper.loop(Looper.java:193)

07-25 22:43:16.064  5792 15310 I LSPosed-Bridge: 	at android.os.HandlerThread.run(HandlerThread.java:65)

07-25 22:43:16.064  5792 15310 I LSPosed-Bridge: 	at com.loc.e$b.run(Unknown Source:0)

07-25 22:43:18.104  5792 15310 I LSPosed-Bridge: 5792 PermLabel 10126 ContextImpl.checkPermission: pid = 5792; uid = 10126; permName: android.permission.ACCESS_COARSE_LOCATION; type = 1; res = -1; stacktrace=java.lang.Exception

07-25 22:43:18.104  5792 15310 I LSPosed-Bridge: 	at com.example.permlabel.requestPerm$2.afterHookedMethod(requestPerm.java:224)

07-25 22:43:18.104  5792 15310 I LSPosed-Bridge: 	at de.robv.android.xposed.XposedBridge$AdditionalHookInfo.callback(Unknown Source:147)

07-25 22:43:18.104  5792 15310 I LSPosed-Bridge: 	at LSPHooker_.checkPermission(Unknown Source:25)

07-25 22:43:18.104  5792 15310 I LSPosed-Bridge: 	at android.app.ContextImpl.checkSelfPermission(ContextImpl.java:1801)

07-25 22:43:18.104  5792 15310 I LSPosed-Bridge: 	at java.lang.reflect.Method.invoke(Native Method)

07-25 22:43:18.104  5792 15310 I LSPosed-Bridge: 	at com.loc.fm.a(Unknown Source:63)

07-25 22:43:18.104  5792 15310 I LSPosed-Bridge: 	at com.loc.fm.a(Unknown Source:4)

07-25 22:43:18.104  5792 15310 I LSPosed-Bridge: 	at com.loc.fm.b(Unknown Source:0)

07-25 22:43:18.104  5792 15310 I LSPosed-Bridge: 	at com.loc.fq.e(Unknown Source:36)

07-25 22:43:18.104  5792 15310 I LSPosed-Bridge: 	at com.loc.ej.c(Unknown Source:209)

07-25 22:43:18.104  5792 15310 I LSPosed-Bridge: 	at com.loc.ej.a(Unknown Source:167)

07-25 22:43:18.104  5792 15310 I LSPosed-Bridge: 	at com.loc.e.b(Unknown Source:175)

07-25 22:43:18.104  5792 15310 I LSPosed-Bridge: 	at com.loc.e.b(Unknown Source:0)

07-25 22:43:18.104  5792 15310 I LSPosed-Bridge: 	at com.loc.e$a.handleMessage(Unknown Source:266)

07-25 22:43:18.104  5792 15310 I LSPosed-Bridge: 	at android.os.Handler.dispatchMessage(Handler.java:106)

07-25 22:43:18.104  5792 15310 I LSPosed-Bridge: 	at android.os.Looper.loop(Looper.java:193)

07-25 22:43:18.104  5792 15310 I LSPosed-Bridge: 	at android.os.HandlerThread.run(HandlerThread.java:65)

07-25 22:43:18.104  5792 15310 I LSPosed-Bridge: 	at com.loc.e$b.run(Unknown Source:0)

07-25 22:43:18.104   552   552 I ConfigStore: android::hardware::configstore::V1_0::ISurfaceFlingerConfigs::hasHDRDisplay retrieved: 0

07-25 22:43:20.138  5792 15310 I LSPosed-Bridge: 5792 PermLabel hookBinder_test 10126 interfaceBinder =android.content.pm.IPackageManager; arg0 = 9; arg1 = android.os.Parcel@ea8ce2e; arg2 = android.os.Parcel@1a58d3c; arg3 = 0; res = true; stacktrace=java.lang.Exception

07-25 22:43:20.138  5792 15310 I LSPosed-Bridge: 	at com.example.permlabel.hookBinder_test$1.afterHookedMethod(hookBinder_test.java:69)

07-25 22:43:20.138  5792 15310 I LSPosed-Bridge: 	at de.robv.android.xposed.XposedBridge$AdditionalHookInfo.callback(Unknown Source:147)

07-25 22:43:20.138  5792 15310 I LSPosed-Bridge: 	at LSPHooker_.transact(Unknown Source:28)

07-25 22:43:20.138  5792 15310 I LSPosed-Bridge: 	at android.content.pm.IPackageManager$Stub$Proxy.getPermissionInfo(IPackageManager.java:3008)

07-25 22:43:20.138  5792 15310 I LSPosed-Bridge: 	at android.app.ApplicationPackageManager.getPermissionInfo(ApplicationPackageManager.java:306)

07-25 22:43:20.138  5792 15310 I LSPosed-Bridge: 	at com.example.permlabel.requestPerm$2.afterHookedMethod(requestPerm.java:190)

07-25 22:43:20.138  5792 15310 I LSPosed-Bridge: 	at de.robv.android.xposed.XposedBridge$AdditionalHookInfo.callback(Unknown Source:147)

07-25 22:43:20.138  5792 15310 I LSPosed-Bridge: 	at LSPHooker_.checkPermission(Unknown Source:25)

07-25 22:43:20.138  5792 15310 I LSPosed-Bridge: 	at android.app.ContextImpl.checkSelfPermission(ContextImpl.java:1801)

07-25 22:43:20.138  5792 15310 I LSPosed-Bridge: 	at java.lang.reflect.Method.invoke(Native Method)

07-25 22:43:20.138  5792 15310 I LSPosed-Bridge: 	at com.loc.fm.a(Unknown Source:63)

07-25 22:43:20.138  5792 15310 I LSPosed-Bridge: 	at com.loc.fm.a(Unknown Source:4)

07-25 22:43:20.138  5792 15310 I LSPosed-Bridge: 	at com.loc.fm.b(Unknown Source:0)

07-25 22:43:20.138  5792 15310 I LSPosed-Bridge: 	at com.loc.fq.e(Unknown Source:36)

07-25 22:43:20.138  5792 15310 I LSPosed-Bridge: 	at com.loc.ej.c(Unknown Source:209)

07-25 22:43:20.138  5792 15310 I LSPosed-Bridge: 	at com.loc.ej.a(Unknown Source:167)

07-25 22:43:20.138  5792 15310 I LSPosed-Bridge: 	at com.loc.e.b(Unknown Source:175)

07-25 22:43:20.138  5792 15310 I LSPosed-Bridge: 	at com.loc.e.b(Unknown Source:0)

07-25 22:43:20.138  5792 15310 I LSPosed-Bridge: 	at com.loc.e$a.handleMessage(Unknown Source:266)

07-25 22:43:20.138  5792 15310 I LSPosed-Bridge: 	at android.os.Handler.dispatchMessage(Handler.java:106)

07-25 22:43:20.138  5792 15310 I LSPosed-Bridge: 	at android.os.Looper.loop(Looper.java:193)

07-25 22:43:20.138  5792 15310 I LSPosed-Bridge: 	at android.os.HandlerThread.run(HandlerThread.java:65)

07-25 22:43:20.138  5792 15310 I LSPosed-Bridge: 	at com.loc.e$b.run(Unknown Source:0)

07-25 22:43:20.138  5792 15310 I LSPosed-Bridge: 5792 PermLabel 10126 ContextImpl.checkPermission: pid = 5792; uid = 10126; permName: android.permission.ACCESS_COARSE_LOCATION; type = 1; res = -1; stacktrace=java.lang.Exception

07-25 22:43:20.138  5792 15310 I LSPosed-Bridge: 	at com.example.permlabel.requestPerm$2.afterHookedMethod(requestPerm.java:224)

07-25 22:43:20.138  5792 15310 I LSPosed-Bridge: 	at de.robv.android.xposed.XposedBridge$AdditionalHookInfo.callback(Unknown Source:147)

07-25 22:43:20.138  5792 15310 I LSPosed-Bridge: 	at LSPHooker_.checkPermission(Unknown Source:25)

07-25 22:43:20.138  5792 15310 I LSPosed-Bridge: 	at android.app.ContextImpl.checkSelfPermission(ContextImpl.java:1801)

07-25 22:43:20.138  5792 15310 I LSPosed-Bridge: 	at java.lang.reflect.Method.invoke(Native Method)

07-25 22:43:20.138  5792 15310 I LSPosed-Bridge: 	at com.loc.fm.a(Unknown Source:63)

07-25 22:43:20.138  5792 15310 I LSPosed-Bridge: 	at com.loc.fm.a(Unknown Source:4)

07-25 22:43:20.138  5792 15310 I LSPosed-Bridge: 	at com.loc.fm.b(Unknown Source:0)

07-25 22:43:20.138  5792 15310 I LSPosed-Bridge: 	at com.loc.fq.e(Unknown Source:36)

07-25 22:43:20.138  5792 15310 I LSPosed-Bridge: 	at com.loc.ej.c(Unknown Source:209)

07-25 22:43:20.138  5792 15310 I LSPosed-Bridge: 	at com.loc.ej.a(Unknown Source:167)

07-25 22:43:20.138  5792 15310 I LSPosed-Bridge: 	at com.loc.e.b(Unknown Source:175)

07-25 22:43:20.138  5792 15310 I LSPosed-Bridge: 	at com.loc.e.b(Unknown Source:0)

07-25 22:43:20.138  5792 15310 I LSPosed-Bridge: 	at com.loc.e$a.handleMessage(Unknown Source:266)

07-25 22:43:20.138  5792 15310 I LSPosed-Bridge: 	at android.os.Handler.dispatchMessage(Handler.java:106)

07-25 22:43:20.138  5792 15310 I LSPosed-Bridge: 	at android.os.Looper.loop(Looper.java:193)

07-25 22:43:20.138  5792 15310 I LSPosed-Bridge: 	at android.os.HandlerThread.run(HandlerThread.java:65)

07-25 22:43:20.138  5792 15310 I LSPosed-Bridge: 	at com.loc.e$b.run(Unknown Source:0)

07-25 22:43:22.181  1567  1874 I LSPosed-Bridge: 5792 PermLabel 10126 AMS.checkPermission: Binder.getCallingPid() = 1913; uid = 10126; Binder.getCallingUid() = 1001; getNameForUid: android.uid.phone:1001; getPackagesForUid: [com.android.stk, com.qti.xdivert, com.qualcomm.qti.networksetting, com.android.phone, com.android.mms.service, com.qualcomm.qti.lpa, com.qualcomm.simcontacts, com.qualcomm.qti.callfeaturessetting, com.qualcomm.qti.ims, org.codeaurora.ims, com.qualcomm.qti.telephonyservice, com.android.providers.telephony, com.qualcomm.qti.uim, com.qti.qualcomm.deviceinfo, com.qti.confuridialer, com.qualcomm.qcrilmsgtunnel, com.qti.qualcomm.datastatusnotification, com.qualcomm.qti.autoregistration]; permName: android.permission.ACCESS_COARSE_LOCATION; type = 1; res = -1; stacktrace=java.lang.Exception

07-25 22:43:22.181  1567  1874 I LSPosed-Bridge: 	at com.example.permlabel.requirePerm$1$2.afterHookedMethod(requirePerm.java:144)

07-25 22:43:22.181  1567  1874 I LSPosed-Bridge: 	at de.robv.android.xposed.XposedBridge$AdditionalHookInfo.callback(Unknown Source:147)

07-25 22:43:22.181  1567  1874 I LSPosed-Bridge: 	at LSPHooker_.checkPermission(Unknown Source:25)

07-25 22:43:22.181  1567  1874 I LSPosed-Bridge: 	at android.app.IActivityManager$Stub.onTransact(IActivityManager.java:664)

07-25 22:43:22.181  1567  1874 I LSPosed-Bridge: 	at com.android.server.am.ActivityManagerService.onTransact(ActivityManagerService.java:3346)

07-25 22:43:22.181  1567  1874 I LSPosed-Bridge: 	at android.os.Binder.execTransact(Binder.java:731)

07-25 22:43:22.181   552   552 I ConfigStore: android::hardware::configstore::V1_0::ISurfaceFlingerConfigs::hasHDRDisplay retrieved: 0

07-25 22:43:22.183  5792 15310 I LSPosed-Bridge: 5792 PermLabel hookBinder_test 10126 interfaceBinder =com.android.internal.telephony.ITelephony; arg0 = 41; arg1 = android.os.Parcel@e29cec6; arg2 = android.os.Parcel@4c52551; arg3 = 0; res = true; stacktrace=java.lang.Exception

07-25 22:43:22.183  5792 15310 I LSPosed-Bridge: 	at com.example.permlabel.hookBinder_test$1.afterHookedMethod(hookBinder_test.java:69)

07-25 22:43:22.183  5792 15310 I LSPosed-Bridge: 	at de.robv.android.xposed.XposedBridge$AdditionalHookInfo.callback(Unknown Source:147)

07-25 22:43:22.183  5792 15310 I LSPosed-Bridge: 	at LSPHooker_.transact(Unknown Source:28)

07-25 22:43:22.183  5792 15310 I LSPosed-Bridge: 	at com.android.internal.telephony.ITelephony$Stub$Proxy.getCellLocation(ITelephony.java:3128)

07-25 22:43:22.183  5792 15310 I LSPosed-Bridge: 	at android.telephony.TelephonyManager.getCellLocation(TelephonyManager.java:1401)

07-25 22:43:22.183  5792 15310 I LSPosed-Bridge: 	at java.lang.reflect.Method.invoke(Native Method)

07-25 22:43:22.183  5792 15310 I LSPosed-Bridge: 	at org.lsposed.lspd.nativebridge.HookBridge.invokeOriginalMethod(Native Method)

07-25 22:43:22.183  5792 15310 I LSPosed-Bridge: 	at de.robv.android.xposed.XposedBridge$AdditionalHookInfo.callback(Unknown Source:110)

07-25 22:43:22.183  5792 15310 I LSPosed-Bridge: 	at LSPHooker_.getCellLocation(Unknown Source:8)

07-25 22:43:22.183  5792 15310 I LSPosed-Bridge: 	at com.loc.et.r(Unknown Source:5)

07-25 22:43:22.183  5792 15310 I LSPosed-Bridge: 	at com.loc.et.t(Unknown Source:6)

07-25 22:43:22.183  5792 15310 I LSPosed-Bridge: 	at com.loc.et.a(Unknown Source:17)

07-25 22:43:22.183  5792 15310 I LSPosed-Bridge: 	at com.loc.ej.a(Unknown Source:157)

07-25 22:43:22.183  5792 15310 I LSPosed-Bridge: 	at com.loc.e.b(Unknown Source:175)

07-25 22:43:22.183  5792 15310 I LSPosed-Bridge: 	at com.loc.e.b(Unknown Source:0)

07-25 22:43:22.183  5792 15310 I LSPosed-Bridge: 	at com.loc.e$a.handleMessage(Unknown Source:266)

07-25 22:43:22.183  5792 15310 I LSPosed-Bridge: 	at android.os.Handler.dispatchMessage(Handler.java:106)

07-25 22:43:22.183  5792 15310 I LSPosed-Bridge: 	at android.os.Looper.loop(Looper.java:193)

07-25 22:43:22.183  5792 15310 I LSPosed-Bridge: 	at android.os.HandlerThread.run(HandlerThread.java:65)

07-25 22:43:22.183  5792 15310 I LSPosed-Bridge: 	at com.loc.e$b.run(Unknown Source:0)

07-25 22:43:22.183   552   552 I ConfigStore: android::hardware::configstore::V1_0::ISurfaceFlingerConfigs::hasHDRDisplay retrieved: 0

07-25 22:43:22.183  5792 15310 I LSPosed-Bridge: 5792 PermLabel 10126; permName: android.permission.ACCESS_COARSE_LOCATION; getCellLocation res = null; stacktrace=java.lang.Exception

07-25 22:43:22.183  5792 15310 I LSPosed-Bridge: 	at com.example.permlabel.hookLocationExtra_test$3.afterHookedMethod(hookLocationExtra_test.java:73)

07-25 22:43:22.183  5792 15310 I LSPosed-Bridge: 	at de.robv.android.xposed.XposedBridge$AdditionalHookInfo.callback(Unknown Source:147)

07-25 22:43:22.183  5792 15310 I LSPosed-Bridge: 	at LSPHooker_.getCellLocation(Unknown Source:8)

07-25 22:43:22.183  5792 15310 I LSPosed-Bridge: 	at com.loc.et.r(Unknown Source:5)

07-25 22:43:22.183  5792 15310 I LSPosed-Bridge: 	at com.loc.et.t(Unknown Source:6)

07-25 22:43:22.183  5792 15310 I LSPosed-Bridge: 	at com.loc.et.a(Unknown Source:17)

07-25 22:43:22.183  5792 15310 I LSPosed-Bridge: 	at com.loc.ej.a(Unknown Source:157)

07-25 22:43:22.183  5792 15310 I LSPosed-Bridge: 	at com.loc.e.b(Unknown Source:175)

07-25 22:43:22.183  5792 15310 I LSPosed-Bridge: 	at com.loc.e.b(Unknown Source:0)

07-25 22:43:22.183  5792 15310 I LSPosed-Bridge: 	at com.loc.e$a.handleMessage(Unknown Source:266)

07-25 22:43:22.183  5792 15310 I LSPosed-Bridge: 	at android.os.Handler.dispatchMessage(Handler.java:106)

07-25 22:43:22.183  5792 15310 I LSPosed-Bridge: 	at android.os.Looper.loop(Looper.java:193)

07-25 22:43:22.183  5792 15310 I LSPosed-Bridge: 	at android.os.HandlerThread.run(HandlerThread.java:65)

07-25 22:43:22.183  5792 15310 I LSPosed-Bridge: 	at com.loc.e$b.run(Unknown Source:0)

07-25 22:43:22.190  1567  1874 I LSPosed-Bridge: 5792 PermLabel 10126 AMS.checkPermission: Binder.getCallingPid() = 1913; uid = 10126; Binder.getCallingUid() = 1001; getNameForUid: android.uid.phone:1001; getPackagesForUid: [com.android.stk, com.qti.xdivert, com.qualcomm.qti.networksetting, com.android.phone, com.android.mms.service, com.qualcomm.qti.lpa, com.qualcomm.simcontacts, com.qualcomm.qti.callfeaturessetting, com.qualcomm.qti.ims, org.codeaurora.ims, com.qualcomm.qti.telephonyservice, com.android.providers.telephony, com.qualcomm.qti.uim, com.qti.qualcomm.deviceinfo, com.qti.confuridialer, com.qualcomm.qcrilmsgtunnel, com.qti.qualcomm.datastatusnotification, com.qualcomm.qti.autoregistration]; permName: android.permission.ACCESS_COARSE_LOCATION; type = 1; res = -1; stacktrace=java.lang.Exception

07-25 22:43:22.190  1567  1874 I LSPosed-Bridge: 	at com.example.permlabel.requirePerm$1$2.afterHookedMethod(requirePerm.java:144)

07-25 22:43:22.190  1567  1874 I LSPosed-Bridge: 	at de.robv.android.xposed.XposedBridge$AdditionalHookInfo.callback(Unknown Source:147)

07-25 22:43:22.190  1567  1874 I LSPosed-Bridge: 	at LSPHooker_.checkPermission(Unknown Source:25)

07-25 22:43:22.190  1567  1874 I LSPosed-Bridge: 	at android.app.IActivityManager$Stub.onTransact(IActivityManager.java:664)

07-25 22:43:22.190  1567  1874 I LSPosed-Bridge: 	at com.android.server.am.ActivityManagerService.onTransact(ActivityManagerService.java:3346)

07-25 22:43:22.190  1567  1874 I LSPosed-Bridge: 	at android.os.Binder.execTransact(Binder.java:731)

07-25 22:43:22.192  5792 15310 I LSPosed-Bridge: 5792 PermLabel 10126; permName: android.permission.ACCESS_COARSE_LOCATION; getAllCellInfo res = null; stacktrace=java.lang.Exception

07-25 22:43:22.192  5792 15310 I LSPosed-Bridge: 	at com.example.permlabel.hookLocationExtra_test$4.afterHookedMethod(hookLocationExtra_test.java:80)

07-25 22:43:22.192  5792 15310 I LSPosed-Bridge: 	at de.robv.android.xposed.XposedBridge$AdditionalHookInfo.callback(Unknown Source:147)

07-25 22:43:22.192  5792 15310 I LSPosed-Bridge: 	at LSPHooker_.getAllCellInfo(Unknown Source:8)

07-25 22:43:22.192  5792 15310 I LSPosed-Bridge: 	at com.loc.et.u(Unknown Source:17)

07-25 22:43:22.192  5792 15310 I LSPosed-Bridge: 	at com.loc.et.a(Unknown Source:24)

07-25 22:43:22.192  5792 15310 I LSPosed-Bridge: 	at com.loc.ej.a(Unknown Source:157)

07-25 22:43:22.192  5792 15310 I LSPosed-Bridge: 	at com.loc.e.b(Unknown Source:175)

07-25 22:43:22.192  5792 15310 I LSPosed-Bridge: 	at com.loc.e.b(Unknown Source:0)

07-25 22:43:22.192  5792 15310 I LSPosed-Bridge: 	at com.loc.e$a.handleMessage(Unknown Source:266)

07-25 22:43:22.192  5792 15310 I LSPosed-Bridge: 	at android.os.Handler.dispatchMessage(Handler.java:106)

07-25 22:43:22.192  5792 15310 I LSPosed-Bridge: 	at android.os.Looper.loop(Looper.java:193)

07-25 22:43:22.192  5792 15310 I LSPosed-Bridge: 	at android.os.HandlerThread.run(HandlerThread.java:65)

07-25 22:43:22.192  5792 15310 I LSPosed-Bridge: 	at com.loc.e$b.run(Unknown Source:0)

07-25 22:43:22.195  5792 15310 I LSPosed-Bridge: 5792 PermLabel hookBinder_test 10126 interfaceBinder =android.content.pm.IPackageManager; arg0 = 9; arg1 = android.os.Parcel@4c52551; arg2 = android.os.Parcel@e29cec6; arg3 = 0; res = true; stacktrace=java.lang.Exception

07-25 22:43:22.195  5792 15310 I LSPosed-Bridge: 	at com.example.permlabel.hookBinder_test$1.afterHookedMethod(hookBinder_test.java:69)

07-25 22:43:22.195  5792 15310 I LSPosed-Bridge: 	at de.robv.android.xposed.XposedBridge$AdditionalHookInfo.callback(Unknown Source:147)

07-25 22:43:22.195  5792 15310 I LSPosed-Bridge: 	at LSPHooker_.transact(Unknown Source:28)

07-25 22:43:22.195  5792 15310 I LSPosed-Bridge: 	at android.content.pm.IPackageManager$Stub$Proxy.getPermissionInfo(IPackageManager.java:3008)

07-25 22:43:22.195  5792 15310 I LSPosed-Bridge: 	at android.app.ApplicationPackageManager.getPermissionInfo(ApplicationPackageManager.java:306)

07-25 22:43:22.195  5792 15310 I LSPosed-Bridge: 	at com.example.permlabel.requestPerm$2.afterHookedMethod(requestPerm.java:190)

07-25 22:43:22.195  5792 15310 I LSPosed-Bridge: 	at de.robv.android.xposed.XposedBridge$AdditionalHookInfo.callback(Unknown Source:147)

07-25 22:43:22.195  5792 15310 I LSPosed-Bridge: 	at LSPHooker_.checkPermission(Unknown Source:25)

07-25 22:43:22.195  5792 15310 I LSPosed-Bridge: 	at android.app.ContextImpl.checkSelfPermission(ContextImpl.java:1801)

07-25 22:43:22.195  5792 15310 I LSPosed-Bridge: 	at java.lang.reflect.Method.invoke(Native Method)

07-25 22:43:22.195  5792 15310 I LSPosed-Bridge: 	at com.loc.fm.a(Unknown Source:63)

07-25 22:43:22.195  5792 15310 I LSPosed-Bridge: 	at com.loc.fm.a(Unknown Source:4)

07-25 22:43:22.195  5792 15310 I LSPosed-Bridge: 	at com.loc.fm.b(Unknown Source:0)

07-25 22:43:22.195  5792 15310 I LSPosed-Bridge: 	at com.loc.fq.e(Unknown Source:36)

07-25 22:43:22.195  5792 15310 I LSPosed-Bridge: 	at com.loc.ej.c(Unknown Source:209)

07-25 22:43:22.195  5792 15310 I LSPosed-Bridge: 	at com.loc.ej.a(Unknown Source:167)

07-25 22:43:22.195  5792 15310 I LSPosed-Bridge: 	at com.loc.e.b(Unknown Source:175)

07-25 22:43:22.195  5792 15310 I LSPosed-Bridge: 	at com.loc.e.b(Unknown Source:0)

07-25 22:43:22.195  5792 15310 I LSPosed-Bridge: 	at com.loc.e$a.handleMessage(Unknown Source:266)

07-25 22:43:22.195  5792 15310 I LSPosed-Bridge: 	at android.os.Handler.dispatchMessage(Handler.java:106)

07-25 22:43:22.195  5792 15310 I LSPosed-Bridge: 	at android.os.Looper.loop(Looper.java:193)

07-25 22:43:22.195  5792 15310 I LSPosed-Bridge: 	at android.os.HandlerThread.run(HandlerThread.java:65)

07-25 22:43:22.195  5792 15310 I LSPosed-Bridge: 	at com.loc.e$b.run(Unknown Source:0)

07-25 22:43:22.195  5792 15310 I LSPosed-Bridge: 5792 PermLabel 10126 ContextImpl.checkPermission: pid = 5792; uid = 10126; permName: android.permission.ACCESS_COARSE_LOCATION; type = 1; res = -1; stacktrace=java.lang.Exception

07-25 22:43:22.195  5792 15310 I LSPosed-Bridge: 	at com.example.permlabel.requestPerm$2.afterHookedMethod(requestPerm.java:224)

07-25 22:43:22.195  5792 15310 I LSPosed-Bridge: 	at de.robv.android.xposed.XposedBridge$AdditionalHookInfo.callback(Unknown Source:147)

07-25 22:43:22.195  5792 15310 I LSPosed-Bridge: 	at LSPHooker_.checkPermission(Unknown Source:25)

07-25 22:43:22.195  5792 15310 I LSPosed-Bridge: 	at android.app.ContextImpl.checkSelfPermission(ContextImpl.java:1801)

07-25 22:43:22.195  5792 15310 I LSPosed-Bridge: 	at java.lang.reflect.Method.invoke(Native Method)

07-25 22:43:22.195  5792 15310 I LSPosed-Bridge: 	at com.loc.fm.a(Unknown Source:63)

07-25 22:43:22.195  5792 15310 I LSPosed-Bridge: 	at com.loc.fm.a(Unknown Source:4)

07-25 22:43:22.195  5792 15310 I LSPosed-Bridge: 	at com.loc.fm.b(Unknown Source:0)

07-25 22:43:22.195  5792 15310 I LSPosed-Bridge: 	at com.loc.fq.e(Unknown Source:36)

07-25 22:43:22.195  5792 15310 I LSPosed-Bridge: 	at com.loc.ej.c(Unknown Source:209)

07-25 22:43:22.195  5792 15310 I LSPosed-Bridge: 	at com.loc.ej.a(Unknown Source:167)

07-25 22:43:22.195  5792 15310 I LSPosed-Bridge: 	at com.loc.e.b(Unknown Source:175)

07-25 22:43:22.195  5792 15310 I LSPosed-Bridge: 	at com.loc.e.b(Unknown Source:0)

07-25 22:43:22.195  5792 15310 I LSPosed-Bridge: 	at com.loc.e$a.handleMessage(Unknown Source:266)

07-25 22:43:22.195  5792 15310 I LSPosed-Bridge: 	at android.os.Handler.dispatchMessage(Handler.java:106)

07-25 22:43:22.195  5792 15310 I LSPosed-Bridge: 	at android.os.Looper.loop(Looper.java:193)

07-25 22:43:22.195  5792 15310 I LSPosed-Bridge: 	at android.os.HandlerThread.run(HandlerThread.java:65)

07-25 22:43:22.195  5792 15310 I LSPosed-Bridge: 	at com.loc.e$b.run(Unknown Source:0)

07-25 22:43:24.188   552   552 I ConfigStore: android::hardware::configstore::V1_0::ISurfaceFlingerConfigs::hasHDRDisplay retrieved: 0

07-25 22:43:24.188  5792 15310 I LSPosed-Bridge: 5792 PermLabel hookBinder_test 10126 interfaceBinder =android.content.pm.IPackageManager; arg0 = 9; arg1 = android.os.Parcel@e29cec6; arg2 = android.os.Parcel@4c52551; arg3 = 0; res = true; stacktrace=java.lang.Exception

07-25 22:43:24.188  5792 15310 I LSPosed-Bridge: 	at com.example.permlabel.hookBinder_test$1.afterHookedMethod(hookBinder_test.java:69)

07-25 22:43:24.188  5792 15310 I LSPosed-Bridge: 	at de.robv.android.xposed.XposedBridge$AdditionalHookInfo.callback(Unknown Source:147)

07-25 22:43:24.188  5792 15310 I LSPosed-Bridge: 	at LSPHooker_.transact(Unknown Source:28)

07-25 22:43:24.188  5792 15310 I LSPosed-Bridge: 	at android.content.pm.IPackageManager$Stub$Proxy.getPermissionInfo(IPackageManager.java:3008)

07-25 22:43:24.188  5792 15310 I LSPosed-Bridge: 	at android.app.ApplicationPackageManager.getPermissionInfo(ApplicationPackageManager.java:306)

07-25 22:43:24.188  5792 15310 I LSPosed-Bridge: 	at com.example.permlabel.requestPerm$2.afterHookedMethod(requestPerm.java:190)

07-25 22:43:24.188  5792 15310 I LSPosed-Bridge: 	at de.robv.android.xposed.XposedBridge$AdditionalHookInfo.callback(Unknown Source:147)

07-25 22:43:24.188  5792 15310 I LSPosed-Bridge: 	at LSPHooker_.checkPermission(Unknown Source:25)

07-25 22:43:24.188  5792 15310 I LSPosed-Bridge: 	at android.app.ContextImpl.checkSelfPermission(ContextImpl.java:1801)

07-25 22:43:24.188  5792 15310 I LSPosed-Bridge: 	at java.lang.reflect.Method.invoke(Native Method)

07-25 22:43:24.188  5792 15310 I LSPosed-Bridge: 	at com.loc.fm.a(Unknown Source:63)

07-25 22:43:24.188  5792 15310 I LSPosed-Bridge: 	at com.loc.fm.a(Unknown Source:4)

07-25 22:43:24.188  5792 15310 I LSPosed-Bridge: 	at com.loc.fm.b(Unknown Source:0)

07-25 22:43:24.188  5792 15310 I LSPosed-Bridge: 	at com.loc.fq.e(Unknown Source:36)

07-25 22:43:24.188  5792 15310 I LSPosed-Bridge: 	at com.loc.ej.c(Unknown Source:209)

07-25 22:43:24.188  5792 15310 I LSPosed-Bridge: 	at com.loc.ej.a(Unknown Source:167)

07-25 22:43:24.188  5792 15310 I LSPosed-Bridge: 	at com.loc.e.b(Unknown Source:175)

07-25 22:43:24.188  5792 15310 I LSPosed-Bridge: 	at com.loc.e.b(Unknown Source:0)

07-25 22:43:24.188  5792 15310 I LSPosed-Bridge: 	at com.loc.e$a.handleMessage(Unknown Source:266)

07-25 22:43:24.188  5792 15310 I LSPosed-Bridge: 	at android.os.Handler.dispatchMessage(Handler.java:106)

07-25 22:43:24.188  5792 15310 I LSPosed-Bridge: 	at android.os.Looper.loop(Looper.java:193)

07-25 22:43:24.188  5792 15310 I LSPosed-Bridge: 	at android.os.HandlerThread.run(HandlerThread.java:65)

07-25 22:43:24.188  5792 15310 I LSPosed-Bridge: 	at com.loc.e$b.run(Unknown Source:0)

07-25 22:43:24.188   552   552 I ConfigStore: android::hardware::configstore::V1_0::ISurfaceFlingerConfigs::hasHDRDisplay retrieved: 0

07-25 22:43:24.188  5792 15310 I LSPosed-Bridge: 5792 PermLabel 10126 ContextImpl.checkPermission: pid = 5792; uid = 10126; permName: android.permission.ACCESS_COARSE_LOCATION; type = 1; res = -1; stacktrace=java.lang.Exception

07-25 22:43:24.188  5792 15310 I LSPosed-Bridge: 	at com.example.permlabel.requestPerm$2.afterHookedMethod(requestPerm.java:224)

07-25 22:43:24.188  5792 15310 I LSPosed-Bridge: 	at de.robv.android.xposed.XposedBridge$AdditionalHookInfo.callback(Unknown Source:147)

07-25 22:43:24.188  5792 15310 I LSPosed-Bridge: 	at LSPHooker_.checkPermission(Unknown Source:25)

07-25 22:43:24.188  5792 15310 I LSPosed-Bridge: 	at android.app.ContextImpl.checkSelfPermission(ContextImpl.java:1801)

07-25 22:43:24.188  5792 15310 I LSPosed-Bridge: 	at java.lang.reflect.Method.invoke(Native Method)

07-25 22:43:24.188  5792 15310 I LSPosed-Bridge: 	at com.loc.fm.a(Unknown Source:63)

07-25 22:43:24.188  5792 15310 I LSPosed-Bridge: 	at com.loc.fm.a(Unknown Source:4)

07-25 22:43:24.188  5792 15310 I LSPosed-Bridge: 	at com.loc.fm.b(Unknown Source:0)

07-25 22:43:24.188  5792 15310 I LSPosed-Bridge: 	at com.loc.fq.e(Unknown Source:36)

07-25 22:43:24.188  5792 15310 I LSPosed-Bridge: 	at com.loc.ej.c(Unknown Source:209)

07-25 22:43:24.188  5792 15310 I LSPosed-Bridge: 	at com.loc.ej.a(Unknown Source:167)

07-25 22:43:24.188  5792 15310 I LSPosed-Bridge: 	at com.loc.e.b(Unknown Source:175)

07-25 22:43:24.188  5792 15310 I LSPosed-Bridge: 	at com.loc.e.b(Unknown Source:0)

07-25 22:43:24.188  5792 15310 I LSPosed-Bridge: 	at com.loc.e$a.handleMessage(Unknown Source:266)

07-25 22:43:24.188  5792 15310 I LSPosed-Bridge: 	at android.os.Handler.dispatchMessage(Handler.java:106)

07-25 22:43:24.188  5792 15310 I LSPosed-Bridge: 	at android.os.Looper.loop(Looper.java:193)

07-25 22:43:24.188  5792 15310 I LSPosed-Bridge: 	at android.os.HandlerThread.run(HandlerThread.java:65)

07-25 22:43:24.188  5792 15310 I LSPosed-Bridge: 	at com.loc.e$b.run(Unknown Source:0)

07-25 22:43:26.233  5792 15310 I LSPosed-Bridge: 5792 PermLabel 10126 ContextImpl.checkPermission: pid = 5792; uid = 10126; permName: android.permission.ACCESS_COARSE_LOCATION; type = 1; res = -1; stacktrace=java.lang.Exception

07-25 22:43:26.233  5792 15310 I LSPosed-Bridge: 	at com.example.permlabel.requestPerm$2.afterHookedMethod(requestPerm.java:224)

07-25 22:43:26.233  5792 15310 I LSPosed-Bridge: 	at de.robv.android.xposed.XposedBridge$AdditionalHookInfo.callback(Unknown Source:147)

07-25 22:43:26.233  5792 15310 I LSPosed-Bridge: 	at LSPHooker_.checkPermission(Unknown Source:25)

07-25 22:43:26.233  5792 15310 I LSPosed-Bridge: 	at android.app.ContextImpl.checkSelfPermission(ContextImpl.java:1801)

07-25 22:43:26.233  5792 15310 I LSPosed-Bridge: 	at java.lang.reflect.Method.invoke(Native Method)

07-25 22:43:26.233  5792 15310 I LSPosed-Bridge: 	at com.loc.fm.a(Unknown Source:63)

07-25 22:43:26.233  5792 15310 I LSPosed-Bridge: 	at com.loc.fm.a(Unknown Source:4)

07-25 22:43:26.233  5792 15310 I LSPosed-Bridge: 	at com.loc.fm.b(Unknown Source:0)

07-25 22:43:26.233  5792 15310 I LSPosed-Bridge: 	at com.loc.fq.e(Unknown Source:36)

07-25 22:43:26.233  5792 15310 I LSPosed-Bridge: 	at com.loc.ej.c(Unknown Source:209)

07-25 22:43:26.233  5792 15310 I LSPosed-Bridge: 	at com.loc.ej.a(Unknown Source:167)

07-25 22:43:26.233  5792 15310 I LSPosed-Bridge: 	at com.loc.e.b(Unknown Source:175)

07-25 22:43:26.233  5792 15310 I LSPosed-Bridge: 	at com.loc.e.b(Unknown Source:0)

07-25 22:43:26.233  5792 15310 I LSPosed-Bridge: 	at com.loc.e$a.handleMessage(Unknown Source:266)

07-25 22:43:26.233  5792 15310 I LSPosed-Bridge: 	at android.os.Handler.dispatchMessage(Handler.java:106)

07-25 22:43:26.233  5792 15310 I LSPosed-Bridge: 	at android.os.Looper.loop(Looper.java:193)

07-25 22:43:26.233  5792 15310 I LSPosed-Bridge: 	at android.os.HandlerThread.run(HandlerThread.java:65)

07-25 22:43:26.233  5792 15310 I LSPosed-Bridge: 	at com.loc.e$b.run(Unknown Source:0)

07-25 22:43:28.275  5792 15310 I LSPosed-Bridge: 5792 PermLabel hookBinder_test 10126 interfaceBinder =android.content.pm.IPackageManager; arg0 = 9; arg1 = android.os.Parcel@4c52551; arg2 = android.os.Parcel@c4c5bdb; arg3 = 0; res = true; stacktrace=java.lang.Exception

07-25 22:43:28.275  5792 15310 I LSPosed-Bridge: 	at com.example.permlabel.hookBinder_test$1.afterHookedMethod(hookBinder_test.java:69)

07-25 22:43:28.275  5792 15310 I LSPosed-Bridge: 	at de.robv.android.xposed.XposedBridge$AdditionalHookInfo.callback(Unknown Source:147)

07-25 22:43:28.275  5792 15310 I LSPosed-Bridge: 	at LSPHooker_.transact(Unknown Source:28)

07-25 22:43:28.275  5792 15310 I LSPosed-Bridge: 	at android.content.pm.IPackageManager$Stub$Proxy.getPermissionInfo(IPackageManager.java:3008)

07-25 22:43:28.275  5792 15310 I LSPosed-Bridge: 	at android.app.ApplicationPackageManager.getPermissionInfo(ApplicationPackageManager.java:306)

07-25 22:43:28.275  5792 15310 I LSPosed-Bridge: 	at com.example.permlabel.requestPerm$2.afterHookedMethod(requestPerm.java:190)

07-25 22:43:28.275  5792 15310 I LSPosed-Bridge: 	at de.robv.android.xposed.XposedBridge$AdditionalHookInfo.callback(Unknown Source:147)

07-25 22:43:28.275  5792 15310 I LSPosed-Bridge: 	at LSPHooker_.checkPermission(Unknown Source:25)

07-25 22:43:28.275  5792 15310 I LSPosed-Bridge: 	at android.app.ContextImpl.checkSelfPermission(ContextImpl.java:1801)

07-25 22:43:28.275  5792 15310 I LSPosed-Bridge: 	at java.lang.reflect.Method.invoke(Native Method)

07-25 22:43:28.275  5792 15310 I LSPosed-Bridge: 	at com.loc.fm.a(Unknown Source:63)

07-25 22:43:28.275  5792 15310 I LSPosed-Bridge: 	at com.loc.fm.a(Unknown Source:4)

07-25 22:43:28.275  5792 15310 I LSPosed-Bridge: 	at com.loc.fm.b(Unknown Source:0)

07-25 22:43:28.275  5792 15310 I LSPosed-Bridge: 	at com.loc.fq.e(Unknown Source:36)

07-25 22:43:28.275  5792 15310 I LSPosed-Bridge: 	at com.loc.ej.c(Unknown Source:209)

07-25 22:43:28.275  5792 15310 I LSPosed-Bridge: 	at com.loc.ej.a(Unknown Source:167)

07-25 22:43:28.275  5792 15310 I LSPosed-Bridge: 	at com.loc.e.b(Unknown Source:175)

07-25 22:43:28.275  5792 15310 I LSPosed-Bridge: 	at com.loc.e.b(Unknown Source:0)

07-25 22:43:28.275  5792 15310 I LSPosed-Bridge: 	at com.loc.e$a.handleMessage(Unknown Source:266)

07-25 22:43:28.275  5792 15310 I LSPosed-Bridge: 	at android.os.Handler.dispatchMessage(Handler.java:106)

07-25 22:43:28.275  5792 15310 I LSPosed-Bridge: 	at android.os.Looper.loop(Looper.java:193)

07-25 22:43:28.275  5792 15310 I LSPosed-Bridge: 	at android.os.HandlerThread.run(HandlerThread.java:65)

07-25 22:43:28.275  5792 15310 I LSPosed-Bridge: 	at com.loc.e$b.run(Unknown Source:0)

07-25 22:43:28.275  5792 15310 I LSPosed-Bridge: 5792 PermLabel 10126 ContextImpl.checkPermission: pid = 5792; uid = 10126; permName: android.permission.ACCESS_COARSE_LOCATION; type = 1; res = -1; stacktrace=java.lang.Exception

07-25 22:43:28.275  5792 15310 I LSPosed-Bridge: 	at com.example.permlabel.requestPerm$2.afterHookedMethod(requestPerm.java:224)

07-25 22:43:28.275  5792 15310 I LSPosed-Bridge: 	at de.robv.android.xposed.XposedBridge$AdditionalHookInfo.callback(Unknown Source:147)

07-25 22:43:28.275  5792 15310 I LSPosed-Bridge: 	at LSPHooker_.checkPermission(Unknown Source:25)

07-25 22:43:28.275  5792 15310 I LSPosed-Bridge: 	at android.app.ContextImpl.checkSelfPermission(ContextImpl.java:1801)

07-25 22:43:28.275  5792 15310 I LSPosed-Bridge: 	at java.lang.reflect.Method.invoke(Native Method)

07-25 22:43:28.275  5792 15310 I LSPosed-Bridge: 	at com.loc.fm.a(Unknown Source:63)

07-25 22:43:28.275  5792 15310 I LSPosed-Bridge: 	at com.loc.fm.a(Unknown Source:4)

07-25 22:43:28.275  5792 15310 I LSPosed-Bridge: 	at com.loc.fm.b(Unknown Source:0)

07-25 22:43:28.275  5792 15310 I LSPosed-Bridge: 	at com.loc.fq.e(Unknown Source:36)

07-25 22:43:28.275  5792 15310 I LSPosed-Bridge: 	at com.loc.ej.c(Unknown Source:209)

07-25 22:43:28.275  5792 15310 I LSPosed-Bridge: 	at com.loc.ej.a(Unknown Source:167)

07-25 22:43:28.275  5792 15310 I LSPosed-Bridge: 	at com.loc.e.b(Unknown Source:175)

07-25 22:43:28.275  5792 15310 I LSPosed-Bridge: 	at com.loc.e.b(Unknown Source:0)

07-25 22:43:28.275  5792 15310 I LSPosed-Bridge: 	at com.loc.e$a.handleMessage(Unknown Source:266)

07-25 22:43:28.275  5792 15310 I LSPosed-Bridge: 	at android.os.Handler.dispatchMessage(Handler.java:106)

07-25 22:43:28.275  5792 15310 I LSPosed-Bridge: 	at android.os.Looper.loop(Looper.java:193)

07-25 22:43:28.275  5792 15310 I LSPosed-Bridge: 	at android.os.HandlerThread.run(HandlerThread.java:65)

07-25 22:43:28.275  5792 15310 I LSPosed-Bridge: 	at com.loc.e$b.run(Unknown Source:0)

07-25 22:43:30.311  5792 15310 I LSPosed-Bridge: 5792 PermLabel hookBinder_test 10126 interfaceBinder =android.content.pm.IPackageManager; arg0 = 9; arg1 = android.os.Parcel@4c52551; arg2 = android.os.Parcel@c4c5bdb; arg3 = 0; res = true; stacktrace=java.lang.Exception

07-25 22:43:30.311  5792 15310 I LSPosed-Bridge: 	at com.example.permlabel.hookBinder_test$1.afterHookedMethod(hookBinder_test.java:69)

07-25 22:43:30.311  5792 15310 I LSPosed-Bridge: 	at de.robv.android.xposed.XposedBridge$AdditionalHookInfo.callback(Unknown Source:147)

07-25 22:43:30.311  5792 15310 I LSPosed-Bridge: 	at LSPHooker_.transact(Unknown Source:28)

07-25 22:43:30.311  5792 15310 I LSPosed-Bridge: 	at android.content.pm.IPackageManager$Stub$Proxy.getPermissionInfo(IPackageManager.java:3008)

