07-25 22:37:41.454   552   552 I ConfigStore: android::hardware::configstore::V1_0::ISurfaceFlingerConfigs::hasHDRDisplay retrieved: 0

07-25 22:37:41.454  5792  5792 I LSPosed-Bridge: 5792 PermLabel 10126 permission_group_mapping =android.permission.ACCESS_COARSE_LOCATION Location

07-25 22:37:41.454   552   552 I ConfigStore: android::hardware::configstore::V1_0::ISurfaceFlingerConfigs::hasHDRDisplay retrieved: 0

07-25 22:37:41.482  5792  5792 I LSPosed-Bridge: 5792 PermLabel 10126 permission_type_mapping =com.gemmy.kinbos.app.client.permission.MIPUSH_RECEIVE 2; 

07-25 22:37:41.482  5792  5792 I LSPosed-Bridge: 5792 PermLabel 10126 permission_type_mapping =com.gemmy.kinbos.app.client.permission.MIPUSH_RECEIVE 2; 

07-25 22:37:41.482  5792  5792 I LSPosed-Bridge: 5792 PermLabel 10126 all_declared permissions =android.permission.ACCESS_COARSE_LOCATION android.permission.ACCESS_FINE_LOCATION android.permission.ACCESS_NETWORK_STATE android.permission.ACCESS_WIFI_STATE android.permission.CHANGE_WIFI_STATE android.permission.INTERNET android.permission.READ_PHONE_STATE android.permission.WRITE_EXTERNAL_STORAGE android.permission.READ_LOGS android.permission.MOUNT_UNMOUNT_FILESYSTEMS android.permission.ACCESS_LOCATION_EXTRA_COMMANDS android.permission.READ_EXTERNAL_STORAGE android.permission.CAMERA android.permission.VIBRATE android.permission.WAKE_LOCK android.permission.BROADCAST_PACKAGE_ADDED android.permission.BROADCAST_PACKAGE_CHANGED android.permission.BROADCAST_PACKAGE_INSTALL android.permission.BROADCAST_PACKAGE_REPLACED android.permission.GET_TASKS android.permission.RECEIVE_BOOT_COMPLETED android.permission.REQUEST_INSTALL_PACKAGES com.gemmy.kinbos.app.client.permission.PROCESS_PUSH_MSG com.gemmy.kinbos.app.client.permission.PUSH_PROVIDER android.permission.FOREGROUND_SERVICE com.meizu.flyme.push.permission.RECEIVE com.gemmy.kinbos.app.client.push.permission.MESSAGE com.meizu.c2dm.permission.RECEIVE com.gemmy.kinbos.app.client.permission.C2D_MESSAGE com.coloros.mcs.permission.RECIEVE_MCS_MESSAGE com.heytap.mcs.permission.RECIEVE_MCS_MESSAGE com.vivo.notification.permission.BADGE_ICON com.gemmy.kinbos.app.client.permission.MIPUSH_RECEIVE android.permission.FLASHLIGHT com.huawei.appmarket.service.commondata.permission.GET_COMMON_DATA 

07-25 22:37:41.482  5792  5792 I LSPosed-Bridge: 5792 PermLabel 10126 all_declared permissions =android.permission.ACCESS_COARSE_LOCATION android.permission.ACCESS_FINE_LOCATION android.permission.ACCESS_NETWORK_STATE android.permission.ACCESS_WIFI_STATE android.permission.CHANGE_WIFI_STATE android.permission.INTERNET android.permission.READ_PHONE_STATE android.permission.WRITE_EXTERNAL_STORAGE android.permission.READ_LOGS android.permission.MOUNT_UNMOUNT_FILESYSTEMS android.permission.ACCESS_LOCATION_EXTRA_COMMANDS android.permission.READ_EXTERNAL_STORAGE android.permission.CAMERA android.permission.VIBRATE android.permission.WAKE_LOCK android.permission.BROADCAST_PACKAGE_ADDED android.permission.BROADCAST_PACKAGE_CHANGED android.permission.BROADCAST_PACKAGE_INSTALL android.permission.BROADCAST_PACKAGE_REPLACED android.permission.GET_TASKS android.permission.RECEIVE_BOOT_COMPLETED android.permission.REQUEST_INSTALL_PACKAGES com.gemmy.kinbos.app.client.permission.PROCESS_PUSH_MSG com.gemmy.kinbos.app.client.permission.PUSH_PROVIDER android.permission.FOREGROUND_SERVICE com.meizu.flyme.push.permission.RECEIVE com.gemmy.kinbos.app.client.push.permission.MESSAGE com.meizu.c2dm.permission.RECEIVE com.gemmy.kinbos.app.client.permission.C2D_MESSAGE com.coloros.mcs.permission.RECIEVE_MCS_MESSAGE com.heytap.mcs.permission.RECIEVE_MCS_MESSAGE com.vivo.notification.permission.BADGE_ICON com.gemmy.kinbos.app.client.permission.MIPUSH_RECEIVE android.permission.FLASHLIGHT com.huawei.appmarket.service.commondata.permission.GET_COMMON_DATA 

07-25 22:37:41.482  5792  5792 I LSPosed-Bridge: 5792 PermLabel 10126 declared normal_permissions =android.permission.ACCESS_NETWORK_STATE android.permission.ACCESS_WIFI_STATE android.permission.CHANGE_WIFI_STATE android.permission.INTERNET android.permission.ACCESS_LOCATION_EXTRA_COMMANDS android.permission.VIBRATE android.permission.WAKE_LOCK android.permission.GET_TASKS android.permission.RECEIVE_BOOT_COMPLETED android.permission.FOREGROUND_SERVICE android.permission.FLASHLIGHT com.huawei.appmarket.service.commondata.permission.GET_COMMON_DATA 

07-25 22:37:41.482  5792  5792 I LSPosed-Bridge: 5792 PermLabel 10126 declared normal_permissions =android.permission.ACCESS_NETWORK_STATE android.permission.ACCESS_WIFI_STATE android.permission.CHANGE_WIFI_STATE android.permission.INTERNET android.permission.ACCESS_LOCATION_EXTRA_COMMANDS android.permission.VIBRATE android.permission.WAKE_LOCK android.permission.GET_TASKS android.permission.RECEIVE_BOOT_COMPLETED android.permission.FOREGROUND_SERVICE android.permission.FLASHLIGHT com.huawei.appmarket.service.commondata.permission.GET_COMMON_DATA 

07-25 22:37:41.482  5792  5792 I LSPosed-Bridge: 5792 PermLabel 10126 declared dangerous_permissions =android.permission.ACCESS_COARSE_LOCATION android.permission.ACCESS_FINE_LOCATION android.permission.READ_PHONE_STATE android.permission.WRITE_EXTERNAL_STORAGE android.permission.READ_EXTERNAL_STORAGE android.permission.CAMERA 

07-25 22:37:41.482  5792  5792 I LSPosed-Bridge: 5792 PermLabel 10126 declared dangerous_permissions =android.permission.ACCESS_COARSE_LOCATION android.permission.ACCESS_FINE_LOCATION android.permission.READ_PHONE_STATE android.permission.WRITE_EXTERNAL_STORAGE android.permission.READ_EXTERNAL_STORAGE android.permission.CAMERA 

07-25 22:37:41.482  5792  5792 I LSPosed-Bridge: 5792 PermLabel 10126 declared dangerous_group =Location Location Telephone Storage Storage Camera 

07-25 22:37:41.482  5792  5792 I LSPosed-Bridge: 5792 PermLabel 10126 declared dangerous_group =Location Location Telephone Storage Storage Camera 

07-25 22:38:15.976  8667  8667 I LSPosed-Bridge: 8667 PermLabel 10126 permission_group_mapping =android.permission.ACCESS_COARSE_LOCATION Location

07-25 22:38:16.027  8667  8667 I LSPosed-Bridge: 8667 PermLabel 10126 permission_type_mapping =com.gemmy.kinbos.app.client.permission.MIPUSH_RECEIVE 2; 

07-25 22:38:16.027  8667  8667 I LSPosed-Bridge: 8667 PermLabel 10126 all_declared permissions =android.permission.ACCESS_COARSE_LOCATION android.permission.ACCESS_FINE_LOCATION android.permission.ACCESS_NETWORK_STATE android.permission.ACCESS_WIFI_STATE android.permission.CHANGE_WIFI_STATE android.permission.INTERNET android.permission.READ_PHONE_STATE android.permission.WRITE_EXTERNAL_STORAGE android.permission.READ_LOGS android.permission.MOUNT_UNMOUNT_FILESYSTEMS android.permission.ACCESS_LOCATION_EXTRA_COMMANDS android.permission.READ_EXTERNAL_STORAGE android.permission.CAMERA android.permission.VIBRATE android.permission.WAKE_LOCK android.permission.BROADCAST_PACKAGE_ADDED android.permission.BROADCAST_PACKAGE_CHANGED android.permission.BROADCAST_PACKAGE_INSTALL android.permission.BROADCAST_PACKAGE_REPLACED android.permission.GET_TASKS android.permission.RECEIVE_BOOT_COMPLETED android.permission.REQUEST_INSTALL_PACKAGES com.gemmy.kinbos.app.client.permission.PROCESS_PUSH_MSG com.gemmy.kinbos.app.client.permission.PUSH_PROVIDER android.permission.FOREGROUND_SERVICE com.meizu.flyme.push.permission.RECEIVE com.gemmy.kinbos.app.client.push.permission.MESSAGE com.meizu.c2dm.permission.RECEIVE com.gemmy.kinbos.app.client.permission.C2D_MESSAGE com.coloros.mcs.permission.RECIEVE_MCS_MESSAGE com.heytap.mcs.permission.RECIEVE_MCS_MESSAGE com.vivo.notification.permission.BADGE_ICON com.gemmy.kinbos.app.client.permission.MIPUSH_RECEIVE android.permission.FLASHLIGHT com.huawei.appmarket.service.commondata.permission.GET_COMMON_DATA 

07-25 22:38:16.028  8667  8667 I LSPosed-Bridge: 8667 PermLabel 10126 declared normal_permissions =android.permission.ACCESS_NETWORK_STATE android.permission.ACCESS_WIFI_STATE android.permission.CHANGE_WIFI_STATE android.permission.INTERNET android.permission.ACCESS_LOCATION_EXTRA_COMMANDS android.permission.VIBRATE android.permission.WAKE_LOCK android.permission.GET_TASKS android.permission.RECEIVE_BOOT_COMPLETED android.permission.FOREGROUND_SERVICE android.permission.FLASHLIGHT com.huawei.appmarket.service.commondata.permission.GET_COMMON_DATA 

07-25 22:38:16.028  8667  8667 I LSPosed-Bridge: 8667 PermLabel 10126 declared dangerous_permissions =android.permission.ACCESS_COARSE_LOCATION android.permission.ACCESS_FINE_LOCATION android.permission.READ_PHONE_STATE android.permission.WRITE_EXTERNAL_STORAGE android.permission.READ_EXTERNAL_STORAGE android.permission.CAMERA 

07-25 22:38:16.028  8667  8667 I LSPosed-Bridge: 8667 PermLabel 10126 declared dangerous_group =Location Location Telephone Storage Storage Camera 

07-25 22:38:17.619  1567  1716 I LSPosed-Bridge: 8667 PermLabel 10126 AMS.checkPermission: Binder.getCallingPid() = 1913; uid = 10126; Binder.getCallingUid() = 1001; getNameForUid: android.uid.phone:1001; getPackagesForUid: [com.android.stk, com.qti.xdivert, com.qualcomm.qti.networksetting, com.android.phone, com.android.mms.service, com.qualcomm.qti.lpa, com.qualcomm.simcontacts, com.qualcomm.qti.callfeaturessetting, com.qualcomm.qti.ims, org.codeaurora.ims, com.qualcomm.qti.telephonyservice, com.android.providers.telephony, com.qualcomm.qti.uim, com.qti.qualcomm.deviceinfo, com.qti.confuridialer, com.qualcomm.qcrilmsgtunnel, com.qti.qualcomm.datastatusnotification, com.qualcomm.qti.autoregistration]; permName: android.permission.ACCESS_COARSE_LOCATION; type = 1; res = -1; stacktrace=java.lang.Exception

07-25 22:38:17.619  1567  1716 I LSPosed-Bridge: 	at com.example.permlabel.requirePerm$1$2.afterHookedMethod(requirePerm.java:144)

07-25 22:38:17.619  1567  1716 I LSPosed-Bridge: 	at de.robv.android.xposed.XposedBridge$AdditionalHookInfo.callback(Unknown Source:147)

07-25 22:38:17.619  1567  1716 I LSPosed-Bridge: 	at LSPHooker_.checkPermission(Unknown Source:25)

07-25 22:38:17.619  1567  1716 I LSPosed-Bridge: 	at android.app.IActivityManager$Stub.onTransact(IActivityManager.java:664)

07-25 22:38:17.619  1567  1716 I LSPosed-Bridge: 	at com.android.server.am.ActivityManagerService.onTransact(ActivityManagerService.java:3346)

07-25 22:38:17.619  1567  1716 I LSPosed-Bridge: 	at android.os.Binder.execTransact(Binder.java:731)

07-25 22:38:17.619   552   552 I ConfigStore: android::hardware::configstore::V1_0::ISurfaceFlingerConfigs::hasHDRDisplay retrieved: 0

07-25 22:38:17.619   552   552 I ConfigStore: android::hardware::configstore::V1_0::ISurfaceFlingerConfigs::hasHDRDisplay retrieved: 0

07-25 22:38:17.623  8667  8893 I LSPosed-Bridge: 8667 PermLabel 10126; permName: android.permission.ACCESS_COARSE_LOCATION; getCellLocation res = null; stacktrace=java.lang.Exception

07-25 22:38:17.623  8667  8893 I LSPosed-Bridge: 	at com.example.permlabel.hookLocationExtra_test$3.afterHookedMethod(hookLocationExtra_test.java:73)

07-25 22:38:17.623  8667  8893 I LSPosed-Bridge: 	at de.robv.android.xposed.XposedBridge$AdditionalHookInfo.callback(Unknown Source:147)

07-25 22:38:17.623  8667  8893 I LSPosed-Bridge: 	at LSPHooker_.getCellLocation(Unknown Source:8)

07-25 22:38:17.623  8667  8893 I LSPosed-Bridge: 	at com.loc.et.r(Unknown Source:5)

07-25 22:38:17.623  8667  8893 I LSPosed-Bridge: 	at com.loc.et.t(Unknown Source:6)

07-25 22:38:17.623  8667  8893 I LSPosed-Bridge: 	at com.loc.et.a(Unknown Source:17)

07-25 22:38:17.623  8667  8893 I LSPosed-Bridge: 	at com.loc.ej.b(Unknown Source:37)

07-25 22:38:17.623  8667  8893 I LSPosed-Bridge: 	at com.loc.d.a(Unknown Source:10)

07-25 22:38:17.623  8667  8893 I LSPosed-Bridge: 	at com.loc.d.b(Unknown Source:59)

07-25 22:38:17.623  8667  8893 I LSPosed-Bridge: 	at com.loc.d.l(Unknown Source:6)

07-25 22:38:17.623  8667  8893 I LSPosed-Bridge: 	at com.loc.d.m(Unknown Source:94)

07-25 22:38:17.623  8667  8893 I LSPosed-Bridge: 	at com.loc.d.h(Unknown Source:0)

07-25 22:38:17.623  8667  8893 I LSPosed-Bridge: 	at com.loc.d$a.handleMessage(Unknown Source:215)

07-25 22:38:17.623  8667  8893 I LSPosed-Bridge: 	at android.os.Handler.dispatchMessage(Handler.java:106)

07-25 22:38:17.623  8667  8893 I LSPosed-Bridge: 	at android.os.Looper.loop(Looper.java:193)

07-25 22:38:17.623  8667  8893 I LSPosed-Bridge: 	at android.os.HandlerThread.run(HandlerThread.java:65)

07-25 22:38:17.623  8667  8893 I LSPosed-Bridge: 	at com.loc.d$b.run(Unknown Source:0)

07-25 22:38:17.642  8852  8918 W AppInitScheduler|Run:   Finished MobileConfigSessionlessInit in 144ms

07-25 22:38:17.642  8852  8918 W AppInitScheduler|Run: Running DownloadedFbResources

07-25 22:38:17.642  1567  1716 I LSPosed-Bridge: 8667 PermLabel 10126 AMS.checkPermission: Binder.getCallingPid() = 1913; uid = 10126; Binder.getCallingUid() = 1001; getNameForUid: android.uid.phone:1001; getPackagesForUid: [com.android.stk, com.qti.xdivert, com.qualcomm.qti.networksetting, com.android.phone, com.android.mms.service, com.qualcomm.qti.lpa, com.qualcomm.simcontacts, com.qualcomm.qti.callfeaturessetting, com.qualcomm.qti.ims, org.codeaurora.ims, com.qualcomm.qti.telephonyservice, com.android.providers.telephony, com.qualcomm.qti.uim, com.qti.qualcomm.deviceinfo, com.qti.confuridialer, com.qualcomm.qcrilmsgtunnel, com.qti.qualcomm.datastatusnotification, com.qualcomm.qti.autoregistration]; permName: android.permission.ACCESS_COARSE_LOCATION; type = 1; res = -1; stacktrace=java.lang.Exception

07-25 22:38:17.642  1567  1716 I LSPosed-Bridge: 	at com.example.permlabel.requirePerm$1$2.afterHookedMethod(requirePerm.java:144)

07-25 22:38:17.642  1567  1716 I LSPosed-Bridge: 	at de.robv.android.xposed.XposedBridge$AdditionalHookInfo.callback(Unknown Source:147)

07-25 22:38:17.642  1567  1716 I LSPosed-Bridge: 	at LSPHooker_.checkPermission(Unknown Source:25)

07-25 22:38:17.642  1567  1716 I LSPosed-Bridge: 	at android.app.IActivityManager$Stub.onTransact(IActivityManager.java:664)

07-25 22:38:17.642  1567  1716 I LSPosed-Bridge: 	at com.android.server.am.ActivityManagerService.onTransact(ActivityManagerService.java:3346)

07-25 22:38:17.642  1567  1716 I LSPosed-Bridge: 	at android.os.Binder.execTransact(Binder.java:731)

07-25 22:38:17.648  8667  8893 I LSPosed-Bridge: 8667 PermLabel 10126; permName: android.permission.ACCESS_COARSE_LOCATION; getAllCellInfo res = null; stacktrace=java.lang.Exception

07-25 22:38:17.648  8667  8893 I LSPosed-Bridge: 	at com.example.permlabel.hookLocationExtra_test$4.afterHookedMethod(hookLocationExtra_test.java:80)

07-25 22:38:17.648  8667  8893 I LSPosed-Bridge: 	at de.robv.android.xposed.XposedBridge$AdditionalHookInfo.callback(Unknown Source:147)

07-25 22:38:17.648  8667  8893 I LSPosed-Bridge: 	at LSPHooker_.getAllCellInfo(Unknown Source:8)

07-25 22:38:17.648  8667  8893 I LSPosed-Bridge: 	at com.loc.et.u(Unknown Source:17)

07-25 22:38:17.648  8667  8893 I LSPosed-Bridge: 	at com.loc.et.a(Unknown Source:24)

07-25 22:38:17.648  8667  8893 I LSPosed-Bridge: 	at com.loc.ej.b(Unknown Source:37)

07-25 22:38:17.648  8667  8893 I LSPosed-Bridge: 	at com.loc.d.a(Unknown Source:10)

07-25 22:38:17.648  8667  8893 I LSPosed-Bridge: 	at com.loc.d.b(Unknown Source:59)

07-25 22:38:17.648  8667  8893 I LSPosed-Bridge: 	at com.loc.d.l(Unknown Source:6)

07-25 22:38:17.648  8667  8893 I LSPosed-Bridge: 	at com.loc.d.m(Unknown Source:94)

07-25 22:38:17.648  8667  8893 I LSPosed-Bridge: 	at com.loc.d.h(Unknown Source:0)

07-25 22:38:17.648  8667  8893 I LSPosed-Bridge: 	at com.loc.d$a.handleMessage(Unknown Source:215)

07-25 22:38:17.648  8667  8893 I LSPosed-Bridge: 	at android.os.Handler.dispatchMessage(Handler.java:106)

07-25 22:38:17.648  8667  8893 I LSPosed-Bridge: 	at android.os.Looper.loop(Looper.java:193)

07-25 22:38:17.648  8667  8893 I LSPosed-Bridge: 	at android.os.HandlerThread.run(HandlerThread.java:65)

07-25 22:38:17.648  8667  8893 I LSPosed-Bridge: 	at com.loc.d$b.run(Unknown Source:0)

07-25 22:38:17.648  8550  8761 I android.youtub: Rejecting re-init on previously-failed class java.lang.Class<djy>: java.lang.NoClassDefFoundError: Failed resolution of: Landroid/webkit/WebViewRenderProcessClient;

07-25 22:38:17.648  8550  8761 I android.youtub:   at dkx dmo.e(java.lang.String, int, java.util.List) (PG:1)

07-25 22:38:17.648  8550  8761 I android.youtub:   at dkx dld.j(java.lang.String, int, ayv) (PG:2)

07-25 22:38:17.648  8550  8761 I android.youtub:   at void see.f(rxr, int, sdz, android.os.Bundle, long) (PG:30)

07-25 22:38:17.648  8550  8761 I android.youtub:   at void see.b(rxr, int, sdz, android.os.Bundle) (PG:1)

07-25 22:38:17.648  8550  8761 I android.youtub:   at void rrj.a() (PG:5)

07-25 22:38:17.648  8550  8761 I android.youtub:   at void rrl.b(android.content.Intent, rxd, long) (PG:2)

07-25 22:38:17.648  8550  8761 I android.youtub:   at void lju.az(rye, android.content.Intent, rxd, long) (PG:4)

07-25 22:38:17.648  8550  8761 I android.youtub:   at void rrb.run() (PG:11)

07-25 22:38:17.648  8550  8761 I android.youtub:   at void igi.run() (PG:10)

07-25 22:38:17.648  8550  8761 I android.youtub:   at void ptw.run() (PG:1)

07-25 22:38:17.648  8550  8761 I android.youtub:   at void java.util.concurrent.ThreadPoolExecutor.runWorker(java.util.concurrent.ThreadPoolExecutor$Worker) (ThreadPoolExecutor.java:1167)

07-25 22:38:17.648  8550  8761 I android.youtub:   at void java.util.concurrent.ThreadPoolExecutor$Worker.run() (ThreadPoolExecutor.java:641)

07-25 22:38:17.648  8550  8761 I android.youtub:   at void omo.run() (PG:149)

07-25 22:38:17.655  8667  8893 I LSPosed-Bridge: 8667 PermLabel hookBinder_test 10126 interfaceBinder =android.content.pm.IPackageManager; arg0 = 9; arg1 = android.os.Parcel@aab57ac; arg2 = android.os.Parcel@ed8215f; arg3 = 0; res = true; stacktrace=java.lang.Exception

07-25 22:38:17.655  8667  8893 I LSPosed-Bridge: 8667 PermLabel hookBinder_test 10126 interfaceBinder =android.content.pm.IPackageManager; arg0 = 9; arg1 = android.os.Parcel@aab57ac; arg2 = android.os.Parcel@ed8215f; arg3 = 0; res = true; stacktrace=java.lang.Exception

07-25 22:38:17.655  8667  8893 I LSPosed-Bridge: 	at com.example.permlabel.hookBinder_test$1.afterHookedMethod(hookBinder_test.java:69)

07-25 22:38:17.655  8667  8893 I LSPosed-Bridge: 	at com.example.permlabel.hookBinder_test$1.afterHookedMethod(hookBinder_test.java:69)

07-25 22:38:17.655  8667  8893 I LSPosed-Bridge: 	at de.robv.android.xposed.XposedBridge$AdditionalHookInfo.callback(Unknown Source:147)

07-25 22:38:17.655  8667  8893 I LSPosed-Bridge: 	at de.robv.android.xposed.XposedBridge$AdditionalHookInfo.callback(Unknown Source:147)

07-25 22:38:17.655  8667  8893 I LSPosed-Bridge: 	at LSPHooker_.transact(Unknown Source:28)

07-25 22:38:17.655  8667  8893 I LSPosed-Bridge: 	at LSPHooker_.transact(Unknown Source:28)

07-25 22:38:17.655  8667  8893 I LSPosed-Bridge: 	at android.content.pm.IPackageManager$Stub$Proxy.getPermissionInfo(IPackageManager.java:3008)

07-25 22:38:17.655  8667  8893 I LSPosed-Bridge: 	at android.content.pm.IPackageManager$Stub$Proxy.getPermissionInfo(IPackageManager.java:3008)

07-25 22:38:17.655  8667  8893 I LSPosed-Bridge: 	at android.app.ApplicationPackageManager.getPermissionInfo(ApplicationPackageManager.java:306)

07-25 22:38:17.655  8667  8893 I LSPosed-Bridge: 	at android.app.ApplicationPackageManager.getPermissionInfo(ApplicationPackageManager.java:306)

07-25 22:38:17.655  8667  8893 I LSPosed-Bridge: 	at com.example.permlabel.requestPerm$2.afterHookedMethod(requestPerm.java:190)

07-25 22:38:17.655  8667  8893 I LSPosed-Bridge: 	at com.example.permlabel.requestPerm$2.afterHookedMethod(requestPerm.java:190)

07-25 22:38:17.655  8667  8893 I LSPosed-Bridge: 	at de.robv.android.xposed.XposedBridge$AdditionalHookInfo.callback(Unknown Source:147)

07-25 22:38:17.655  8667  8893 I LSPosed-Bridge: 	at de.robv.android.xposed.XposedBridge$AdditionalHookInfo.callback(Unknown Source:147)

07-25 22:38:17.655  8667  8893 I LSPosed-Bridge: 	at LSPHooker_.checkPermission(Unknown Source:25)

07-25 22:38:17.655  8667  8893 I LSPosed-Bridge: 	at LSPHooker_.checkPermission(Unknown Source:25)

07-25 22:38:17.655  8667  8893 I LSPosed-Bridge: 	at android.app.ContextImpl.checkSelfPermission(ContextImpl.java:1801)

07-25 22:38:17.655  8667  8893 I LSPosed-Bridge: 	at android.app.ContextImpl.checkSelfPermission(ContextImpl.java:1801)

07-25 22:38:17.655  8667  8893 I LSPosed-Bridge: 	at java.lang.reflect.Method.invoke(Native Method)

07-25 22:38:17.655  8667  8893 I LSPosed-Bridge: 	at java.lang.reflect.Method.invoke(Native Method)

07-25 22:38:17.655  8667  8893 I LSPosed-Bridge: 	at com.loc.fm.a(Unknown Source:63)

07-25 22:38:17.655  8667  8893 I LSPosed-Bridge: 	at com.loc.fm.a(Unknown Source:63)

07-25 22:38:17.655  8667  8893 I LSPosed-Bridge: 	at com.loc.fm.a(Unknown Source:4)

07-25 22:38:17.655  8667  8893 I LSPosed-Bridge: 	at com.loc.fm.a(Unknown Source:4)

07-25 22:38:17.655  8667  8893 I LSPosed-Bridge: 	at com.loc.fm.b(Unknown Source:0)

07-25 22:38:17.655  8667  8893 I LSPosed-Bridge: 	at com.loc.fm.b(Unknown Source:0)

07-25 22:38:17.655  8667  8893 I LSPosed-Bridge: 	at com.loc.fq.e(Unknown Source:36)

07-25 22:38:17.655  8667  8893 I LSPosed-Bridge: 	at com.loc.fq.e(Unknown Source:36)

07-25 22:38:17.655  8667  8893 I LSPosed-Bridge: 	at com.loc.ej.c(Unknown Source:209)

07-25 22:38:17.655  8667  8893 I LSPosed-Bridge: 	at com.loc.ej.c(Unknown Source:209)

07-25 22:38:17.655  8667  8893 I LSPosed-Bridge: 	at com.loc.ej.b(Unknown Source:40)

07-25 22:38:17.655  8667  8893 I LSPosed-Bridge: 	at com.loc.ej.b(Unknown Source:40)

07-25 22:38:17.655  8667  8893 I LSPosed-Bridge: 	at com.loc.d.a(Unknown Source:10)

07-25 22:38:17.655  8667  8893 I LSPosed-Bridge: 	at com.loc.d.a(Unknown Source:10)

07-25 22:38:17.655  8667  8893 I LSPosed-Bridge: 	at com.loc.d.b(Unknown Source:59)

07-25 22:38:17.655  8667  8893 I LSPosed-Bridge: 	at com.loc.d.b(Unknown Source:59)

07-25 22:38:17.655  8667  8893 I LSPosed-Bridge: 	at com.loc.d.l(Unknown Source:6)

07-25 22:38:17.655  8667  8893 I LSPosed-Bridge: 	at com.loc.d.l(Unknown Source:6)

07-25 22:38:17.655  8667  8893 I LSPosed-Bridge: 	at com.loc.d.m(Unknown Source:94)

07-25 22:38:17.655  8667  8893 I LSPosed-Bridge: 	at com.loc.d.m(Unknown Source:94)

07-25 22:38:17.655  8667  8893 I LSPosed-Bridge: 	at com.loc.d.h(Unknown Source:0)

07-25 22:38:17.655  8667  8893 I LSPosed-Bridge: 	at com.loc.d.h(Unknown Source:0)

07-25 22:38:17.655  8667  8893 I LSPosed-Bridge: 	at com.loc.d$a.handleMessage(Unknown Source:215)

07-25 22:38:17.655  8667  8893 I LSPosed-Bridge: 	at com.loc.d$a.handleMessage(Unknown Source:215)

07-25 22:38:17.655  8667  8893 I LSPosed-Bridge: 	at android.os.Handler.dispatchMessage(Handler.java:106)

07-25 22:38:17.655  8667  8893 I LSPosed-Bridge: 	at android.os.Handler.dispatchMessage(Handler.java:106)

07-25 22:38:17.655  8667  8893 I LSPosed-Bridge: 	at android.os.Looper.loop(Looper.java:193)

07-25 22:38:17.655  8667  8893 I LSPosed-Bridge: 	at android.os.Looper.loop(Looper.java:193)

07-25 22:38:17.655  8667  8893 I LSPosed-Bridge: 	at android.os.HandlerThread.run(HandlerThread.java:65)

07-25 22:38:17.655  8667  8893 I LSPosed-Bridge: 	at android.os.HandlerThread.run(HandlerThread.java:65)

07-25 22:38:17.655  8667  8893 I LSPosed-Bridge: 	at com.loc.d$b.run(Unknown Source:0)

07-25 22:38:17.655  8667  8893 I LSPosed-Bridge: 	at com.loc.d$b.run(Unknown Source:0)

07-25 22:38:17.655  8667  8893 I LSPosed-Bridge: 8667 PermLabel 10126 ContextImpl.checkPermission: askedperm = []; permName: android.permission.ACCESS_COARSE_LOCATION; android.os.Process.myPid() = 8667; type = 1

07-25 22:38:17.655  8667  8893 I LSPosed-Bridge: 8667 PermLabel 10126 ContextImpl.checkPermission: askedperm = []; permName: android.permission.ACCESS_COARSE_LOCATION; android.os.Process.myPid() = 8667; type = 1

07-25 22:38:17.655  8667  8893 I LSPosed-Bridge: 8667 PermLabel 10126 ContextImpl.checkPermission: pid = 8667; uid = 10126; Binder.getCallingPid() =8667; Binder.getCallingUid() = 10126; permName: android.permission.ACCESS_COARSE_LOCATION; type = 1; res = -1; stacktrace=java.lang.Exception

07-25 22:38:17.655  8667  8893 I LSPosed-Bridge: 8667 PermLabel 10126 ContextImpl.checkPermission: pid = 8667; uid = 10126; Binder.getCallingPid() =8667; Binder.getCallingUid() = 10126; permName: android.permission.ACCESS_COARSE_LOCATION; type = 1; res = -1; stacktrace=java.lang.Exception

07-25 22:38:17.655  8667  8893 I LSPosed-Bridge: 	at com.example.permlabel.requestPerm$2.afterHookedMethod(requestPerm.java:207)

07-25 22:38:17.655  8667  8893 I LSPosed-Bridge: 	at com.example.permlabel.requestPerm$2.afterHookedMethod(requestPerm.java:207)

07-25 22:38:17.655  8667  8893 I LSPosed-Bridge: 	at de.robv.android.xposed.XposedBridge$AdditionalHookInfo.callback(Unknown Source:147)

07-25 22:38:17.655  8667  8893 I LSPosed-Bridge: 	at de.robv.android.xposed.XposedBridge$AdditionalHookInfo.callback(Unknown Source:147)

07-25 22:38:17.655  8667  8893 I LSPosed-Bridge: 	at LSPHooker_.checkPermission(Unknown Source:25)

07-25 22:38:17.655  8667  8893 I LSPosed-Bridge: 	at LSPHooker_.checkPermission(Unknown Source:25)

07-25 22:38:17.655  8667  8893 I LSPosed-Bridge: 	at android.app.ContextImpl.checkSelfPermission(ContextImpl.java:1801)

07-25 22:38:17.655  8667  8893 I LSPosed-Bridge: 	at android.app.ContextImpl.checkSelfPermission(ContextImpl.java:1801)

07-25 22:38:17.655  8667  8893 I LSPosed-Bridge: 	at java.lang.reflect.Method.invoke(Native Method)

07-25 22:38:17.655  8667  8893 I LSPosed-Bridge: 	at java.lang.reflect.Method.invoke(Native Method)

07-25 22:38:17.655  8667  8893 I LSPosed-Bridge: 	at com.loc.fm.a(Unknown Source:63)

07-25 22:38:17.655  8667  8893 I LSPosed-Bridge: 	at com.loc.fm.a(Unknown Source:63)

07-25 22:38:17.655  8667  8893 I LSPosed-Bridge: 	at com.loc.fm.a(Unknown Source:4)

07-25 22:38:17.655  8667  8893 I LSPosed-Bridge: 	at com.loc.fm.a(Unknown Source:4)

07-25 22:38:17.655  8667  8893 I LSPosed-Bridge: 	at com.loc.fm.b(Unknown Source:0)

07-25 22:38:17.655  8667  8893 I LSPosed-Bridge: 	at com.loc.fm.b(Unknown Source:0)

07-25 22:38:17.655  8667  8893 I LSPosed-Bridge: 	at com.loc.fq.e(Unknown Source:36)

07-25 22:38:17.655  8667  8893 I LSPosed-Bridge: 	at com.loc.fq.e(Unknown Source:36)

07-25 22:38:17.655  8667  8893 I LSPosed-Bridge: 	at com.loc.ej.c(Unknown Source:209)

07-25 22:38:17.655  8667  8893 I LSPosed-Bridge: 	at com.loc.ej.c(Unknown Source:209)

07-25 22:38:17.655  8667  8893 I LSPosed-Bridge: 	at com.loc.ej.b(Unknown Source:40)

07-25 22:38:17.655  8667  8893 I LSPosed-Bridge: 	at com.loc.ej.b(Unknown Source:40)

07-25 22:38:17.655  8667  8893 I LSPosed-Bridge: 	at com.loc.d.a(Unknown Source:10)

07-25 22:38:17.655  8667  8893 I LSPosed-Bridge: 	at com.loc.d.a(Unknown Source:10)

07-25 22:38:17.655  8667  8893 I LSPosed-Bridge: 	at com.loc.d.b(Unknown Source:59)

07-25 22:38:17.655  8667  8893 I LSPosed-Bridge: 	at com.loc.d.b(Unknown Source:59)

07-25 22:38:17.655  8667  8893 I LSPosed-Bridge: 	at com.loc.d.l(Unknown Source:6)

07-25 22:38:17.655  8667  8893 I LSPosed-Bridge: 	at com.loc.d.l(Unknown Source:6)

07-25 22:38:17.655  8667  8893 I LSPosed-Bridge: 	at com.loc.d.m(Unknown Source:94)

07-25 22:38:17.655  8667  8893 I LSPosed-Bridge: 	at com.loc.d.m(Unknown Source:94)

07-25 22:38:17.655  8667  8893 I LSPosed-Bridge: 	at com.loc.d.h(Unknown Source:0)

07-25 22:38:17.655  8667  8893 I LSPosed-Bridge: 	at com.loc.d.h(Unknown Source:0)

07-25 22:38:17.655  8667  8893 I LSPosed-Bridge: 	at com.loc.d$a.handleMessage(Unknown Source:215)

07-25 22:38:17.655  8667  8893 I LSPosed-Bridge: 	at com.loc.d$a.handleMessage(Unknown Source:215)

07-25 22:38:17.655  8667  8893 I LSPosed-Bridge: 	at android.os.Handler.dispatchMessage(Handler.java:106)

07-25 22:38:17.655  8667  8893 I LSPosed-Bridge: 	at android.os.Handler.dispatchMessage(Handler.java:106)

07-25 22:38:17.655  8667  8893 I LSPosed-Bridge: 	at android.os.Looper.loop(Looper.java:193)

07-25 22:38:17.655  8667  8893 I LSPosed-Bridge: 	at android.os.Looper.loop(Looper.java:193)

07-25 22:38:17.655  8667  8893 I LSPosed-Bridge: 	at android.os.HandlerThread.run(HandlerThread.java:65)

07-25 22:38:17.655  8667  8893 I LSPosed-Bridge: 	at android.os.HandlerThread.run(HandlerThread.java:65)

07-25 22:38:17.655  8667  8893 I LSPosed-Bridge: 	at com.loc.d$b.run(Unknown Source:0)

07-25 22:38:17.655  8667  8893 I LSPosed-Bridge: 	at com.loc.d$b.run(Unknown Source:0)

07-25 22:38:17.656  8667  8893 I LSPosed-Bridge: 8667 PermLabel 10126 ContextImpl.checkPermission: pid = 8667; uid = 10126; permName: android.permission.ACCESS_COARSE_LOCATION; type = 1; res = -1; stacktrace=java.lang.Exception

07-25 22:38:17.656  8667  8893 I LSPosed-Bridge: 	at com.example.permlabel.requestPerm$2.afterHookedMethod(requestPerm.java:224)

07-25 22:38:17.656  8667  8893 I LSPosed-Bridge: 	at de.robv.android.xposed.XposedBridge$AdditionalHookInfo.callback(Unknown Source:147)

07-25 22:38:17.656  8667  8893 I LSPosed-Bridge: 	at LSPHooker_.checkPermission(Unknown Source:25)

07-25 22:38:17.656  8667  8893 I LSPosed-Bridge: 	at android.app.ContextImpl.checkSelfPermission(ContextImpl.java:1801)

07-25 22:38:17.656  8667  8893 I LSPosed-Bridge: 	at java.lang.reflect.Method.invoke(Native Method)

07-25 22:38:17.656  8667  8893 I LSPosed-Bridge: 	at com.loc.fm.a(Unknown Source:63)

07-25 22:38:17.656  8667  8893 I LSPosed-Bridge: 	at com.loc.fm.a(Unknown Source:4)

07-25 22:38:17.656  8667  8893 I LSPosed-Bridge: 	at com.loc.fm.b(Unknown Source:0)

07-25 22:38:17.656  8667  8893 I LSPosed-Bridge: 	at com.loc.fq.e(Unknown Source:36)

07-25 22:38:17.656  8667  8893 I LSPosed-Bridge: 	at com.loc.ej.c(Unknown Source:209)

07-25 22:38:17.656  8667  8893 I LSPosed-Bridge: 	at com.loc.ej.b(Unknown Source:40)

07-25 22:38:17.656  8667  8893 I LSPosed-Bridge: 	at com.loc.d.a(Unknown Source:10)

07-25 22:38:17.656  8667  8893 I LSPosed-Bridge: 	at com.loc.d.b(Unknown Source:59)

07-25 22:38:17.656  8667  8893 I LSPosed-Bridge: 	at com.loc.d.l(Unknown Source:6)

07-25 22:38:17.656  8667  8893 I LSPosed-Bridge: 	at com.loc.d.m(Unknown Source:94)

07-25 22:38:17.656  8667  8893 I LSPosed-Bridge: 	at com.loc.d.h(Unknown Source:0)

07-25 22:38:17.656  8667  8893 I LSPosed-Bridge: 	at com.loc.d$a.handleMessage(Unknown Source:215)

07-25 22:38:17.656  8667  8893 I LSPosed-Bridge: 	at android.os.Handler.dispatchMessage(Handler.java:106)

07-25 22:38:17.656  8667  8893 I LSPosed-Bridge: 	at android.os.Looper.loop(Looper.java:193)

07-25 22:38:17.656  8667  8893 I LSPosed-Bridge: 	at android.os.HandlerThread.run(HandlerThread.java:65)

07-25 22:38:17.656  8667  8893 I LSPosed-Bridge: 	at com.loc.d$b.run(Unknown Source:0)

07-25 22:38:17.648  8550  8761 I android.youtub:   at void java.lang.Thread.run() (Thread.java:764)

07-25 22:38:18.184  1567  1716 I LSPosed-Bridge: 5792 PermLabel 10126 AMS.checkPermission: Binder.getCallingPid() = 1913; uid = 10126; Binder.getCallingUid() = 1001; getNameForUid: android.uid.phone:1001; getPackagesForUid: [com.android.stk, com.qti.xdivert, com.qualcomm.qti.networksetting, com.android.phone, com.android.mms.service, com.qualcomm.qti.lpa, com.qualcomm.simcontacts, com.qualcomm.qti.callfeaturessetting, com.qualcomm.qti.ims, org.codeaurora.ims, com.qualcomm.qti.telephonyservice, com.android.providers.telephony, com.qualcomm.qti.uim, com.qti.qualcomm.deviceinfo, com.qti.confuridialer, com.qualcomm.qcrilmsgtunnel, com.qti.qualcomm.datastatusnotification, com.qualcomm.qti.autoregistration]; permName: android.permission.ACCESS_COARSE_LOCATION; type = 1; res = -1; stacktrace=java.lang.Exception

07-25 22:38:18.184  1567  1716 I LSPosed-Bridge: 	at com.example.permlabel.requirePerm$1$2.afterHookedMethod(requirePerm.java:144)

07-25 22:38:18.184  1567  1716 I LSPosed-Bridge: 	at de.robv.android.xposed.XposedBridge$AdditionalHookInfo.callback(Unknown Source:147)

07-25 22:38:18.184  1567  1716 I LSPosed-Bridge: 	at LSPHooker_.checkPermission(Unknown Source:25)

07-25 22:38:18.184  1567  1716 I LSPosed-Bridge: 	at android.app.IActivityManager$Stub.onTransact(IActivityManager.java:664)

07-25 22:38:18.184  1567  1716 I LSPosed-Bridge: 	at com.android.server.am.ActivityManagerService.onTransact(ActivityManagerService.java:3346)

07-25 22:38:18.184  1567  1716 I LSPosed-Bridge: 	at android.os.Binder.execTransact(Binder.java:731)

07-25 22:38:18.191  5792  8896 I LSPosed-Bridge: 5792 PermLabel 10126; permName: android.permission.ACCESS_COARSE_LOCATION; getCellLocation res = null; stacktrace=java.lang.Exception

07-25 22:38:18.191  5792  8896 I LSPosed-Bridge: 	at com.example.permlabel.hookLocationExtra_test$3.afterHookedMethod(hookLocationExtra_test.java:73)

07-25 22:38:18.191  5792  8896 I LSPosed-Bridge: 	at de.robv.android.xposed.XposedBridge$AdditionalHookInfo.callback(Unknown Source:147)

07-25 22:38:18.191  5792  8896 I LSPosed-Bridge: 	at LSPHooker_.getCellLocation(Unknown Source:8)

07-25 22:38:18.191  5792  8896 I LSPosed-Bridge: 	at com.loc.et.r(Unknown Source:5)

07-25 22:38:18.191  5792  8896 I LSPosed-Bridge: 	at com.loc.et.t(Unknown Source:6)

07-25 22:38:18.191  5792  8896 I LSPosed-Bridge: 	at com.loc.et.a(Unknown Source:17)

07-25 22:38:18.191  5792  8896 I LSPosed-Bridge: 	at com.loc.ej.c(Unknown Source:36)

07-25 22:38:18.191  5792  8896 I LSPosed-Bridge: 	at com.loc.e.a(Unknown Source:52)

07-25 22:38:18.191  5792  8896 I LSPosed-Bridge: 	at com.loc.e.a(Unknown Source:0)

07-25 22:38:18.191  5792  8896 I LSPosed-Bridge: 	at com.loc.e$a.handleMessage(Unknown Source:272)

07-25 22:38:18.191  5792  8896 I LSPosed-Bridge: 	at android.os.Handler.dispatchMessage(Handler.java:106)

07-25 22:38:18.191  5792  8896 I LSPosed-Bridge: 	at android.os.Looper.loop(Looper.java:193)

07-25 22:38:18.191  5792  8896 I LSPosed-Bridge: 	at android.os.HandlerThread.run(HandlerThread.java:65)

07-25 22:38:18.191  5792  8896 I LSPosed-Bridge: 	at com.loc.e$b.run(Unknown Source:0)

07-25 22:38:18.216  1567  4884 I LSPosed-Bridge: 5792 PermLabel 10126 AMS.checkPermission: Binder.getCallingPid() = 1913; uid = 10126; Binder.getCallingUid() = 1001; getNameForUid: android.uid.phone:1001; getPackagesForUid: [com.android.stk, com.qti.xdivert, com.qualcomm.qti.networksetting, com.android.phone, com.android.mms.service, com.qualcomm.qti.lpa, com.qualcomm.simcontacts, com.qualcomm.qti.callfeaturessetting, com.qualcomm.qti.ims, org.codeaurora.ims, com.qualcomm.qti.telephonyservice, com.android.providers.telephony, com.qualcomm.qti.uim, com.qti.qualcomm.deviceinfo, com.qti.confuridialer, com.qualcomm.qcrilmsgtunnel, com.qti.qualcomm.datastatusnotification, com.qualcomm.qti.autoregistration]; permName: android.permission.ACCESS_COARSE_LOCATION; type = 1; res = -1; stacktrace=java.lang.Exception

07-25 22:38:18.216  1567  4884 I LSPosed-Bridge: 	at com.example.permlabel.requirePerm$1$2.afterHookedMethod(requirePerm.java:144)

07-25 22:38:18.216  1567  4884 I LSPosed-Bridge: 	at de.robv.android.xposed.XposedBridge$AdditionalHookInfo.callback(Unknown Source:147)

07-25 22:38:18.216  1567  4884 I LSPosed-Bridge: 	at LSPHooker_.checkPermission(Unknown Source:25)

07-25 22:38:18.216  1567  4884 I LSPosed-Bridge: 	at android.app.IActivityManager$Stub.onTransact(IActivityManager.java:664)

07-25 22:38:18.216  1567  4884 I LSPosed-Bridge: 	at com.android.server.am.ActivityManagerService.onTransact(ActivityManagerService.java:3346)

07-25 22:38:18.216  1567  4884 I LSPosed-Bridge: 	at android.os.Binder.execTransact(Binder.java:731)

07-25 22:38:18.231  5792  8896 I LSPosed-Bridge: 5792 PermLabel 10126; permName: android.permission.ACCESS_COARSE_LOCATION; getAllCellInfo res = null; stacktrace=java.lang.Exception

07-25 22:38:18.231  5792  8896 I LSPosed-Bridge: 	at com.example.permlabel.hookLocationExtra_test$4.afterHookedMethod(hookLocationExtra_test.java:80)

07-25 22:38:18.231  5792  8896 I LSPosed-Bridge: 	at de.robv.android.xposed.XposedBridge$AdditionalHookInfo.callback(Unknown Source:147)

07-25 22:38:18.231  5792  8896 I LSPosed-Bridge: 	at LSPHooker_.getAllCellInfo(Unknown Source:8)

07-25 22:38:18.231  5792  8896 I LSPosed-Bridge: 	at com.loc.et.u(Unknown Source:17)

07-25 22:38:18.231  5792  8896 I LSPosed-Bridge: 	at com.loc.et.a(Unknown Source:24)

07-25 22:38:18.231  5792  8896 I LSPosed-Bridge: 	at com.loc.ej.c(Unknown Source:36)

07-25 22:38:18.231  5792  8896 I LSPosed-Bridge: 	at com.loc.e.a(Unknown Source:52)

07-25 22:38:18.231  5792  8896 I LSPosed-Bridge: 	at com.loc.e.a(Unknown Source:0)

07-25 22:38:18.231  5792  8896 I LSPosed-Bridge: 	at com.loc.e$a.handleMessage(Unknown Source:272)

07-25 22:38:18.231  5792  8896 I LSPosed-Bridge: 	at android.os.Handler.dispatchMessage(Handler.java:106)

07-25 22:38:18.231  5792  8896 I LSPosed-Bridge: 	at android.os.Looper.loop(Looper.java:193)

07-25 22:38:18.231  5792  8896 I LSPosed-Bridge: 	at android.os.HandlerThread.run(HandlerThread.java:65)

07-25 22:38:18.231  5792  8896 I LSPosed-Bridge: 	at com.loc.e$b.run(Unknown Source:0)

07-25 22:38:20.050  5792  8896 I LSPosed-Bridge: 5792 PermLabel hookBinder_test 10126 interfaceBinder =android.content.pm.IPackageManager; arg0 = 9; arg1 = android.os.Parcel@2a86ece; arg2 = android.os.Parcel@50a099b; arg3 = 0; res = true; stacktrace=java.lang.Exception

07-25 22:38:20.050  5792  8896 I LSPosed-Bridge: 	at com.example.permlabel.hookBinder_test$1.afterHookedMethod(hookBinder_test.java:69)

07-25 22:38:20.050  5792  8896 I LSPosed-Bridge: 	at de.robv.android.xposed.XposedBridge$AdditionalHookInfo.callback(Unknown Source:147)

07-25 22:38:20.050  5792  8896 I LSPosed-Bridge: 	at LSPHooker_.transact(Unknown Source:28)

07-25 22:38:20.050  5792  8896 I LSPosed-Bridge: 	at android.content.pm.IPackageManager$Stub$Proxy.getPermissionInfo(IPackageManager.java:3008)

07-25 22:38:20.050  5792  8896 I LSPosed-Bridge: 	at android.app.ApplicationPackageManager.getPermissionInfo(ApplicationPackageManager.java:306)

07-25 22:38:20.050  5792  8896 I LSPosed-Bridge: 	at com.example.permlabel.requestPerm$2.afterHookedMethod(requestPerm.java:190)

07-25 22:38:20.050  5792  8896 I LSPosed-Bridge: 	at de.robv.android.xposed.XposedBridge$AdditionalHookInfo.callback(Unknown Source:147)

07-25 22:38:20.050  5792  8896 I LSPosed-Bridge: 	at LSPHooker_.checkPermission(Unknown Source:25)

07-25 22:38:20.050  5792  8896 I LSPosed-Bridge: 	at android.app.ContextImpl.checkSelfPermission(ContextImpl.java:1801)

07-25 22:38:20.050  5792  8896 I LSPosed-Bridge: 	at java.lang.reflect.Method.invoke(Native Method)

07-25 22:38:20.050  5792  8896 I LSPosed-Bridge: 	at com.loc.fm.a(Unknown Source:63)

07-25 22:38:20.050  5792  8896 I LSPosed-Bridge: 	at com.loc.fm.a(Unknown Source:4)

07-25 22:38:20.050  5792  8896 I LSPosed-Bridge: 	at com.loc.fm.b(Unknown Source:0)

07-25 22:38:20.050  5792  8896 I LSPosed-Bridge: 	at com.loc.fq.e(Unknown Source:36)

07-25 22:38:20.050  5792  8896 I LSPosed-Bridge: 	at com.loc.ej.c(Unknown Source:209)

07-25 22:38:20.050  5792  8896 I LSPosed-Bridge: 	at com.loc.ej.a(Unknown Source:167)

07-25 22:38:20.050  5792  8896 I LSPosed-Bridge: 	at com.loc.e.b(Unknown Source:175)

07-25 22:38:20.050  5792  8896 I LSPosed-Bridge: 	at com.loc.e.b(Unknown Source:0)

07-25 22:38:20.050  5792  8896 I LSPosed-Bridge: 	at com.loc.e$a.handleMessage(Unknown Source:266)

07-25 22:38:20.050  5792  8896 I LSPosed-Bridge: 	at android.os.Handler.dispatchMessage(Handler.java:106)

07-25 22:38:20.050  5792  8896 I LSPosed-Bridge: 	at android.os.Looper.loop(Looper.java:193)

07-25 22:38:20.050  5792  8896 I LSPosed-Bridge: 	at android.os.HandlerThread.run(HandlerThread.java:65)

07-25 22:38:20.050  5792  8896 I LSPosed-Bridge: 	at com.loc.e$b.run(Unknown Source:0)

07-25 22:38:20.050  7661  7911 W System.err: java.lang.reflect.InvocationTargetException

07-25 22:38:20.050  7661  7911 W System.err: 	at java.lang.reflect.Method.invoke(Native Method)

07-25 22:38:20.050  7661  7911 W System.err: 	at o.h.i.d.d.b.r(SourceFile:8)

07-25 22:38:20.050  7661  7911 W System.err: 	at o.k.a.b1.s.b.g(SourceFile:2)

07-25 22:38:20.050  7661  7911 W System.err: 	at o.k.a.b1.s.e.run(SourceFile:21)

07-25 22:38:20.050  5792  8896 I LSPosed-Bridge: 5792 PermLabel 10126 ContextImpl.checkPermission: askedperm = []; permName: android.permission.ACCESS_COARSE_LOCATION; android.os.Process.myPid() = 5792; type = 1

07-25 22:38:20.050  7661  7911 W System.err: 	at java.util.concurrent.ThreadPoolExecutor.runWorker(ThreadPoolExecutor.java:1167)

07-25 22:38:20.050  7661  7911 W System.err: 	at java.util.concurrent.ThreadPoolExecutor$Worker.run(ThreadPoolExecutor.java:641)

07-25 22:38:20.051  7661  7911 W System.err: 	at java.lang.Thread.run(Thread.java:764)

07-25 22:38:20.051  7661  7911 W System.err: 	at java.lang.Thread.run(Thread.java:764)

07-25 22:38:20.051  7661  7911 W System.err: Caused by: java.lang.UnsupportedOperationException: Shame on you for calling the hidden API getPackageSizeInfoAsUser(). Shame!

07-25 22:38:20.051  7661  7911 W System.err: Caused by: java.lang.UnsupportedOperationException: Shame on you for calling the hidden API getPackageSizeInfoAsUser(). Shame!

07-25 22:38:20.051  7661  7911 W System.err: 	at android.app.ApplicationPackageManager.getPackageSizeInfoAsUser(ApplicationPackageManager.java:2220)

07-25 22:38:20.051  7661  7911 W System.err: 	at android.app.ApplicationPackageManager.getPackageSizeInfoAsUser(ApplicationPackageManager.java:2220)

07-25 22:38:20.051  7661  7911 W System.err: 	at android.content.pm.PackageManager.getPackageSizeInfo(PackageManager.java:5517)

07-25 22:38:20.051  7661  7911 W System.err: 	at android.content.pm.PackageManager.getPackageSizeInfo(PackageManager.java:5517)

07-25 22:38:20.051  7661  7911 W System.err: 	... 7 more

07-25 22:38:20.051  7661  7911 W System.err: 	... 7 more

07-25 22:38:20.051  5792  8896 I LSPosed-Bridge: 5792 PermLabel 10126 ContextImpl.checkPermission: pid = 5792; uid = 10126; Binder.getCallingPid() =5792; Binder.getCallingUid() = 10126; permName: android.permission.ACCESS_COARSE_LOCATION; type = 1; res = -1; stacktrace=java.lang.Exception

07-25 22:38:20.051  5792  8896 I LSPosed-Bridge: 5792 PermLabel 10126 ContextImpl.checkPermission: pid = 5792; uid = 10126; Binder.getCallingPid() =5792; Binder.getCallingUid() = 10126; permName: android.permission.ACCESS_COARSE_LOCATION; type = 1; res = -1; stacktrace=java.lang.Exception

07-25 22:38:20.051  5792  8896 I LSPosed-Bridge: 	at com.example.permlabel.requestPerm$2.afterHookedMethod(requestPerm.java:207)

07-25 22:38:20.051  5792  8896 I LSPosed-Bridge: 	at com.example.permlabel.requestPerm$2.afterHookedMethod(requestPerm.java:207)

07-25 22:38:20.051  5792  8896 I LSPosed-Bridge: 	at de.robv.android.xposed.XposedBridge$AdditionalHookInfo.callback(Unknown Source:147)

07-25 22:38:20.051  5792  8896 I LSPosed-Bridge: 	at de.robv.android.xposed.XposedBridge$AdditionalHookInfo.callback(Unknown Source:147)

07-25 22:38:20.051  5792  8896 I LSPosed-Bridge: 	at LSPHooker_.checkPermission(Unknown Source:25)

07-25 22:38:20.051  5792  8896 I LSPosed-Bridge: 	at LSPHooker_.checkPermission(Unknown Source:25)

07-25 22:38:20.051  5792  8896 I LSPosed-Bridge: 	at android.app.ContextImpl.checkSelfPermission(ContextImpl.java:1801)

07-25 22:38:20.051  5792  8896 I LSPosed-Bridge: 	at android.app.ContextImpl.checkSelfPermission(ContextImpl.java:1801)

07-25 22:38:20.051  5792  8896 I LSPosed-Bridge: 	at java.lang.reflect.Method.invoke(Native Method)

07-25 22:38:20.051  5792  8896 I LSPosed-Bridge: 	at java.lang.reflect.Method.invoke(Native Method)

07-25 22:38:20.051  5792  8896 I LSPosed-Bridge: 	at com.loc.fm.a(Unknown Source:63)

07-25 22:38:20.051  5792  8896 I LSPosed-Bridge: 	at com.loc.fm.a(Unknown Source:63)

07-25 22:38:20.051  5792  8896 I LSPosed-Bridge: 	at com.loc.fm.a(Unknown Source:4)

07-25 22:38:20.051  5792  8896 I LSPosed-Bridge: 	at com.loc.fm.a(Unknown Source:4)

07-25 22:38:20.051  5792  8896 I LSPosed-Bridge: 	at com.loc.fm.b(Unknown Source:0)

07-25 22:38:20.051  5792  8896 I LSPosed-Bridge: 	at com.loc.fm.b(Unknown Source:0)

07-25 22:38:20.051  5792  8896 I LSPosed-Bridge: 	at com.loc.fq.e(Unknown Source:36)

07-25 22:38:20.051  5792  8896 I LSPosed-Bridge: 	at com.loc.fq.e(Unknown Source:36)

07-25 22:38:20.051  5792  8896 I LSPosed-Bridge: 	at com.loc.ej.c(Unknown Source:209)

07-25 22:38:20.051  5792  8896 I LSPosed-Bridge: 	at com.loc.ej.c(Unknown Source:209)

07-25 22:38:20.051  5792  8896 I LSPosed-Bridge: 	at com.loc.ej.a(Unknown Source:167)

07-25 22:38:20.051  5792  8896 I LSPosed-Bridge: 	at com.loc.ej.a(Unknown Source:167)

07-25 22:38:20.051  5792  8896 I LSPosed-Bridge: 	at com.loc.e.b(Unknown Source:175)

07-25 22:38:20.051  5792  8896 I LSPosed-Bridge: 	at com.loc.e.b(Unknown Source:175)

07-25 22:38:20.051  5792  8896 I LSPosed-Bridge: 	at com.loc.e.b(Unknown Source:0)

07-25 22:38:20.051  5792  8896 I LSPosed-Bridge: 	at com.loc.e.b(Unknown Source:0)

07-25 22:38:20.051  5792  8896 I LSPosed-Bridge: 	at com.loc.e$a.handleMessage(Unknown Source:266)

07-25 22:38:20.051  5792  8896 I LSPosed-Bridge: 	at com.loc.e$a.handleMessage(Unknown Source:266)

07-25 22:38:20.051  5792  8896 I LSPosed-Bridge: 	at android.os.Handler.dispatchMessage(Handler.java:106)

07-25 22:38:20.051  5792  8896 I LSPosed-Bridge: 	at android.os.Handler.dispatchMessage(Handler.java:106)

07-25 22:38:20.051  5792  8896 I LSPosed-Bridge: 	at android.os.Looper.loop(Looper.java:193)

07-25 22:38:20.051  5792  8896 I LSPosed-Bridge: 	at android.os.Looper.loop(Looper.java:193)

07-25 22:38:20.051  5792  8896 I LSPosed-Bridge: 	at android.os.HandlerThread.run(HandlerThread.java:65)

07-25 22:38:20.051  5792  8896 I LSPosed-Bridge: 	at android.os.HandlerThread.run(HandlerThread.java:65)

07-25 22:38:20.051  5792  8896 I LSPosed-Bridge: 	at com.loc.e$b.run(Unknown Source:0)

07-25 22:38:20.051  5792  8896 I LSPosed-Bridge: 	at com.loc.e$b.run(Unknown Source:0)

07-25 22:38:20.051  5792  8896 I LSPosed-Bridge: 5792 PermLabel 10126 ContextImpl.checkPermission: pid = 5792; uid = 10126; permName: android.permission.ACCESS_COARSE_LOCATION; type = 1; res = -1; stacktrace=java.lang.Exception

07-25 22:38:20.051  5792  8896 I LSPosed-Bridge: 5792 PermLabel 10126 ContextImpl.checkPermission: pid = 5792; uid = 10126; permName: android.permission.ACCESS_COARSE_LOCATION; type = 1; res = -1; stacktrace=java.lang.Exception

07-25 22:38:20.051  5792  8896 I LSPosed-Bridge: 	at com.example.permlabel.requestPerm$2.afterHookedMethod(requestPerm.java:224)

07-25 22:38:20.051  5792  8896 I LSPosed-Bridge: 	at com.example.permlabel.requestPerm$2.afterHookedMethod(requestPerm.java:224)

07-25 22:38:20.051  5792  8896 I LSPosed-Bridge: 	at de.robv.android.xposed.XposedBridge$AdditionalHookInfo.callback(Unknown Source:147)

07-25 22:38:20.051  5792  8896 I LSPosed-Bridge: 	at de.robv.android.xposed.XposedBridge$AdditionalHookInfo.callback(Unknown Source:147)

07-25 22:38:20.051  5792  8896 I LSPosed-Bridge: 	at LSPHooker_.checkPermission(Unknown Source:25)

07-25 22:38:20.051  5792  8896 I LSPosed-Bridge: 	at LSPHooker_.checkPermission(Unknown Source:25)

07-25 22:38:20.051  5792  8896 I LSPosed-Bridge: 	at android.app.ContextImpl.checkSelfPermission(ContextImpl.java:1801)

07-25 22:38:20.051  5792  8896 I LSPosed-Bridge: 	at android.app.ContextImpl.checkSelfPermission(ContextImpl.java:1801)

07-25 22:38:20.051  5792  8896 I LSPosed-Bridge: 	at java.lang.reflect.Method.invoke(Native Method)

07-25 22:38:20.051  5792  8896 I LSPosed-Bridge: 	at java.lang.reflect.Method.invoke(Native Method)

07-25 22:38:20.051  5792  8896 I LSPosed-Bridge: 	at com.loc.fm.a(Unknown Source:63)

07-25 22:38:20.051  5792  8896 I LSPosed-Bridge: 	at com.loc.fm.a(Unknown Source:63)

07-25 22:38:20.051  5792  8896 I LSPosed-Bridge: 	at com.loc.fm.a(Unknown Source:4)

07-25 22:38:20.051  5792  8896 I LSPosed-Bridge: 	at com.loc.fm.a(Unknown Source:4)

07-25 22:38:20.051  5792  8896 I LSPosed-Bridge: 	at com.loc.fm.b(Unknown Source:0)

07-25 22:38:20.051  5792  8896 I LSPosed-Bridge: 	at com.loc.fm.b(Unknown Source:0)

07-25 22:38:20.051  5792  8896 I LSPosed-Bridge: 	at com.loc.fq.e(Unknown Source:36)

07-25 22:38:20.051  5792  8896 I LSPosed-Bridge: 	at com.loc.fq.e(Unknown Source:36)

07-25 22:38:20.051  5792  8896 I LSPosed-Bridge: 	at com.loc.ej.c(Unknown Source:209)

07-25 22:38:20.051  5792  8896 I LSPosed-Bridge: 	at com.loc.ej.c(Unknown Source:209)

07-25 22:38:20.051  5792  8896 I LSPosed-Bridge: 	at com.loc.ej.a(Unknown Source:167)

07-25 22:38:20.051  5792  8896 I LSPosed-Bridge: 	at com.loc.ej.a(Unknown Source:167)

07-25 22:38:20.051  5792  8896 I LSPosed-Bridge: 	at com.loc.e.b(Unknown Source:175)

07-25 22:38:20.051  5792  8896 I LSPosed-Bridge: 	at com.loc.e.b(Unknown Source:175)

07-25 22:38:20.051  5792  8896 I LSPosed-Bridge: 	at com.loc.e.b(Unknown Source:0)

07-25 22:38:20.051  5792  8896 I LSPosed-Bridge: 	at com.loc.e.b(Unknown Source:0)

07-25 22:38:20.051  5792  8896 I LSPosed-Bridge: 	at com.loc.e$a.handleMessage(Unknown Source:266)

07-25 22:38:20.051  5792  8896 I LSPosed-Bridge: 	at com.loc.e$a.handleMessage(Unknown Source:266)

07-25 22:38:20.051  5792  8896 I LSPosed-Bridge: 	at android.os.Handler.dispatchMessage(Handler.java:106)

07-25 22:38:20.051  5792  8896 I LSPosed-Bridge: 	at android.os.Handler.dispatchMessage(Handler.java:106)

07-25 22:38:20.051  5792  8896 I LSPosed-Bridge: 	at android.os.Looper.loop(Looper.java:193)

07-25 22:38:20.051  5792  8896 I LSPosed-Bridge: 	at android.os.Looper.loop(Looper.java:193)

07-25 22:38:20.051  5792  8896 I LSPosed-Bridge: 	at android.os.HandlerThread.run(HandlerThread.java:65)

07-25 22:38:20.051  5792  8896 I LSPosed-Bridge: 	at android.os.HandlerThread.run(HandlerThread.java:65)

07-25 22:38:20.051  5792  8896 I LSPosed-Bridge: 	at com.loc.e$b.run(Unknown Source:0)

07-25 22:38:20.051  5792  8896 I LSPosed-Bridge: 	at com.loc.e$b.run(Unknown Source:0)

