07-25 22:40:15.348 15219 15308 I LSPosed-Bridge: 	at com.loc.h.a(Unknown Source:27)

07-25 22:40:15.348 15219 15308 I LSPosed-Bridge: 	at com.loc.d$a.handleMessage(Unknown Source:229)

07-25 22:40:15.348 15219 15308 I LSPosed-Bridge: 	at com.loc.d$a.handleMessage(Unknown Source:229)

07-25 22:40:15.348 15219 15308 I LSPosed-Bridge: 	at android.os.Handler.dispatchMessage(Handler.java:106)

07-25 22:40:15.348 15219 15308 I LSPosed-Bridge: 	at android.os.Handler.dispatchMessage(Handler.java:106)

07-25 22:40:15.348 15219 15308 I LSPosed-Bridge: 	at android.os.Looper.loop(Looper.java:193)

07-25 22:40:15.348 15219 15308 I LSPosed-Bridge: 	at android.os.Looper.loop(Looper.java:193)

07-25 22:40:15.348 15219 15308 I LSPosed-Bridge: 	at android.os.HandlerThread.run(HandlerThread.java:65)

07-25 22:40:15.348 15219 15308 I LSPosed-Bridge: 	at android.os.HandlerThread.run(HandlerThread.java:65)

07-25 22:40:15.348 15219 15308 I LSPosed-Bridge: 	at com.loc.d$b.run(Unknown Source:0)

07-25 22:40:15.348 15219 15308 I LSPosed-Bridge: 	at com.loc.d$b.run(Unknown Source:0)

07-25 22:40:15.348 15219 15308 I LSPosed-Bridge: 15219 PermLabel 10126 ContextImpl.checkPermission: pid = 15219; uid = 10126; permName: android.permission.READ_PHONE_STATE; type = 1; res = -1; stacktrace=java.lang.Exception

07-25 22:40:15.348 15219 15308 I LSPosed-Bridge: 15219 PermLabel 10126 ContextImpl.checkPermission: pid = 15219; uid = 10126; permName: android.permission.READ_PHONE_STATE; type = 1; res = -1; stacktrace=java.lang.Exception

07-25 22:40:15.348 15219 15308 I LSPosed-Bridge: 	at com.example.permlabel.requestPerm$2.afterHookedMethod(requestPerm.java:224)

07-25 22:40:15.348 15219 15308 I LSPosed-Bridge: 	at com.example.permlabel.requestPerm$2.afterHookedMethod(requestPerm.java:224)

07-25 22:40:15.348 15219 15308 I LSPosed-Bridge: 	at de.robv.android.xposed.XposedBridge$AdditionalHookInfo.callback(Unknown Source:147)

07-25 22:40:15.348 15219 15308 I LSPosed-Bridge: 	at de.robv.android.xposed.XposedBridge$AdditionalHookInfo.callback(Unknown Source:147)

07-25 22:40:15.348 15219 15308 I LSPosed-Bridge: 	at LSPHooker_.checkPermission(Unknown Source:25)

07-25 22:40:15.348 15219 15308 I LSPosed-Bridge: 	at LSPHooker_.checkPermission(Unknown Source:25)

07-25 22:40:15.348 15219 15308 I LSPosed-Bridge: 	at android.app.ContextImpl.checkCallingOrSelfPermission(ContextImpl.java:1791)

07-25 22:40:15.348 15219 15308 I LSPosed-Bridge: 	at android.app.ContextImpl.checkCallingOrSelfPermission(ContextImpl.java:1791)

07-25 22:40:15.348 15219 15308 I LSPosed-Bridge: 	at android.content.ContextWrapper.checkCallingOrSelfPermission(ContextWrapper.java:754)

07-25 22:40:15.348 15219 15308 I LSPosed-Bridge: 	at android.content.ContextWrapper.checkCallingOrSelfPermission(ContextWrapper.java:754)

07-25 22:40:15.348 15219 15308 I LSPosed-Bridge: 	at com.loc.o.c(Unknown Source:2)

07-25 22:40:15.348 15219 15308 I LSPosed-Bridge: 	at com.loc.o.c(Unknown Source:2)

07-25 22:40:15.348 15219 15308 I LSPosed-Bridge: 	at com.loc.o.O(Unknown Source:16)

07-25 22:40:15.348 15219 15308 I LSPosed-Bridge: 	at com.loc.o.O(Unknown Source:16)

07-25 22:40:15.348 15219 15308 I LSPosed-Bridge: 	at com.loc.o.d(Unknown Source:0)

07-25 22:40:15.348 15219 15308 I LSPosed-Bridge: 	at com.loc.o.d(Unknown Source:0)

07-25 22:40:15.348 15219 15308 I LSPosed-Bridge: 	at com.loc.bt.a(Unknown Source:58)

07-25 22:40:15.348 15219 15308 I LSPosed-Bridge: 	at com.loc.bt.a(Unknown Source:58)

07-25 22:40:15.348 15219 15308 I LSPosed-Bridge: 	at com.loc.ao.a(Unknown Source:4)

07-25 22:40:15.348 15219 15308 I LSPosed-Bridge: 	at com.loc.ao.a(Unknown Source:4)

07-25 22:40:15.348 15219 15308 I LSPosed-Bridge: 	at com.loc.ao.a(Unknown Source:19)

07-25 22:40:15.348 15219 15308 I LSPosed-Bridge: 	at com.loc.ao.a(Unknown Source:19)

07-25 22:40:15.348 15219 15308 I LSPosed-Bridge: 	at com.loc.an.a(Unknown Source:2)

07-25 22:40:15.348 15219 15308 I LSPosed-Bridge: 	at com.loc.an.a(Unknown Source:2)

07-25 22:40:15.348 15219 15308 I LSPosed-Bridge: 	at com.loc.an.a(Unknown Source:54)

07-25 22:40:15.348 15219 15308 I LSPosed-Bridge: 	at com.loc.an.a(Unknown Source:54)

07-25 22:40:15.348 15219 15308 I LSPosed-Bridge: 	at com.loc.an.a(Unknown Source:7)

07-25 22:40:15.348 15219 15308 I LSPosed-Bridge: 	at com.loc.an.a(Unknown Source:7)

07-25 22:40:15.348 15219 15308 I LSPosed-Bridge: 	at com.loc.fo.a(Unknown Source:6)

07-25 22:40:15.348 15219 15308 I LSPosed-Bridge: 	at com.loc.fo.a(Unknown Source:6)

07-25 22:40:15.348 15219 15308 I LSPosed-Bridge: 	at com.loc.fo.a(Unknown Source:8)

07-25 22:40:15.348 15219 15308 I LSPosed-Bridge: 	at com.loc.fo.a(Unknown Source:8)

07-25 22:40:15.348 15219 15308 I LSPosed-Bridge: 	at com.loc.h.i(Unknown Source:234)

07-25 22:40:15.348 15219 15308 I LSPosed-Bridge: 	at com.loc.h.i(Unknown Source:234)

07-25 22:40:15.348 15219 15308 I LSPosed-Bridge: 	at com.loc.h.a(Unknown Source:27)

07-25 22:40:15.348 15219 15308 I LSPosed-Bridge: 	at com.loc.h.a(Unknown Source:27)

07-25 22:40:15.348 15219 15308 I LSPosed-Bridge: 	at com.loc.d$a.handleMessage(Unknown Source:229)

07-25 22:40:15.348 15219 15308 I LSPosed-Bridge: 	at com.loc.d$a.handleMessage(Unknown Source:229)

07-25 22:40:15.348 15219 15308 I LSPosed-Bridge: 	at android.os.Handler.dispatchMessage(Handler.java:106)

07-25 22:40:15.348 15219 15308 I LSPosed-Bridge: 	at android.os.Handler.dispatchMessage(Handler.java:106)

07-25 22:40:15.348 15219 15308 I LSPosed-Bridge: 	at android.os.Looper.loop(Looper.java:193)

07-25 22:40:15.348 15219 15308 I LSPosed-Bridge: 	at android.os.Looper.loop(Looper.java:193)

07-25 22:40:15.348 15219 15308 I LSPosed-Bridge: 	at android.os.HandlerThread.run(HandlerThread.java:65)

07-25 22:40:15.348 15219 15308 I LSPosed-Bridge: 	at android.os.HandlerThread.run(HandlerThread.java:65)

07-25 22:40:15.348 15219 15308 I LSPosed-Bridge: 	at com.loc.d$b.run(Unknown Source:0)

07-25 22:40:15.348 15219 15308 I LSPosed-Bridge: 	at com.loc.d$b.run(Unknown Source:0)

07-25 22:40:15.354   552   552 I ConfigStore: android::hardware::configstore::V1_0::ISurfaceFlingerConfigs::hasHDRDisplay retrieved: 0

07-25 22:40:15.354  2872  2872 I A       : onStop

07-25 22:40:15.354 15219 15308 I LSPosed-Bridge: 15219 PermLabel 10126 ContextImpl Binder.getCallingPid() = 15219; Binder.getCallingUid() = 10126; permName: android.permission.READ_PHONE_STATE; res = -1; stacktrace=java.lang.Exception

07-25 22:40:15.354 15219 15308 I LSPosed-Bridge: 	at com.example.permlabel.requestPerm$2.afterHookedMethod(requestPerm.java:200)

07-25 22:40:15.354 15219 15308 I LSPosed-Bridge: 	at de.robv.android.xposed.XposedBridge$AdditionalHookInfo.callback(Unknown Source:147)

07-25 22:40:15.354 15219 15308 I LSPosed-Bridge: 	at LSPHooker_.checkPermission(Unknown Source:25)

07-25 22:40:15.354 15219 15308 I LSPosed-Bridge: 	at android.app.ContextImpl.checkCallingOrSelfPermission(ContextImpl.java:1791)

07-25 22:40:15.354 15219 15308 I LSPosed-Bridge: 	at android.content.ContextWrapper.checkCallingOrSelfPermission(ContextWrapper.java:754)

07-25 22:40:15.354 15219 15308 I LSPosed-Bridge: 	at com.loc.o.c(Unknown Source:2)

07-25 22:40:15.354 15219 15308 I LSPosed-Bridge: 	at com.loc.o.L(Unknown Source:16)

07-25 22:40:15.354 15219 15308 I LSPosed-Bridge: 	at com.loc.o.b(Unknown Source:0)

07-25 22:40:15.354 15219 15308 I LSPosed-Bridge: 	at com.loc.bt.a(Unknown Source:70)

07-25 22:40:15.354 15219 15308 I LSPosed-Bridge: 	at com.loc.ao.a(Unknown Source:4)

07-25 22:40:15.354 15219 15308 I LSPosed-Bridge: 	at com.loc.ao.a(Unknown Source:19)

07-25 22:40:15.354 15219 15308 I LSPosed-Bridge: 	at com.loc.an.a(Unknown Source:2)

07-25 22:40:15.354 15219 15308 I LSPosed-Bridge: 	at com.loc.an.a(Unknown Source:54)

07-25 22:40:15.354 15219 15308 I LSPosed-Bridge: 	at com.loc.an.a(Unknown Source:7)

07-25 22:40:15.354 15219 15308 I LSPosed-Bridge: 	at com.loc.fo.a(Unknown Source:6)

07-25 22:40:15.354 15219 15308 I LSPosed-Bridge: 	at com.loc.fo.a(Unknown Source:8)

07-25 22:40:15.354 15219 15308 I LSPosed-Bridge: 	at com.loc.h.i(Unknown Source:234)

07-25 22:40:15.354 15219 15308 I LSPosed-Bridge: 	at com.loc.h.a(Unknown Source:27)

07-25 22:40:15.354 15219 15308 I LSPosed-Bridge: 	at com.loc.d$a.handleMessage(Unknown Source:229)

07-25 22:40:15.354 15219 15308 I LSPosed-Bridge: 	at android.os.Handler.dispatchMessage(Handler.java:106)

07-25 22:40:15.354 15219 15308 I LSPosed-Bridge: 	at android.os.Looper.loop(Looper.java:193)

07-25 22:40:15.354 15219 15308 I LSPosed-Bridge: 	at android.os.HandlerThread.run(HandlerThread.java:65)

07-25 22:40:15.354 15219 15308 I LSPosed-Bridge: 	at com.loc.d$b.run(Unknown Source:0)

07-25 22:40:15.355  5792  5792 I LSPosed-Bridge: 5792 PermLabel hookBinder_test 10126 interfaceBinder =android.app.IActivityManager; arg0 = 186; arg1 = android.os.Parcel@5e84c98; arg2 = android.os.Parcel@c0bb63d; arg3 = 0; res = true; stacktrace=java.lang.Exception

07-25 22:40:15.355  5792  5792 I LSPosed-Bridge: 	at com.example.permlabel.hookBinder_test$1.afterHookedMethod(hookBinder_test.java:69)

07-25 22:40:15.355  5792  5792 I LSPosed-Bridge: 	at de.robv.android.xposed.XposedBridge$AdditionalHookInfo.callback(Unknown Source:147)

07-25 22:40:15.355  5792  5792 I LSPosed-Bridge: 	at LSPHooker_.transact(Unknown Source:28)

07-25 22:40:15.355  5792  5792 I LSPosed-Bridge: 	at android.app.IActivityManager$Stub$Proxy.getActivityDisplayId(IActivityManager.java:7560)

07-25 22:40:15.355  5792  5792 I LSPosed-Bridge: 	at android.app.ActivityThread.createBaseContextForActivity(ActivityThread.java:2994)

07-25 22:40:15.355  5792  5792 I LSPosed-Bridge: 	at android.app.ActivityThread.performLaunchActivity(ActivityThread.java:2828)

07-25 22:40:15.355  5792  5792 I LSPosed-Bridge: 	at android.app.ActivityThread.handleLaunchActivity(ActivityThread.java:3049)

07-25 22:40:15.355  5792  5792 I LSPosed-Bridge: 	at android.app.servertransaction.LaunchActivityItem.execute(LaunchActivityItem.java:78)

07-25 22:40:15.355  5792  5792 I LSPosed-Bridge: 	at android.app.servertransaction.TransactionExecutor.executeCallbacks(TransactionExecutor.java:108)

07-25 22:40:15.355  5792  5792 I LSPosed-Bridge: 	at android.app.servertransaction.TransactionExecutor.execute(TransactionExecutor.java:68)

07-25 22:40:15.355  5792  5792 I LSPosed-Bridge: 	at android.app.ActivityThread$H.handleMessage(ActivityThread.java:1809)

07-25 22:40:15.355  5792  5792 I LSPosed-Bridge: 	at android.os.Handler.dispatchMessage(Handler.java:106)

07-25 22:40:15.355  5792  5792 I LSPosed-Bridge: 	at android.os.Looper.loop(Looper.java:193)

07-25 22:40:15.355  5792  5792 I LSPosed-Bridge: 	at android.app.ActivityThread.main(ActivityThread.java:6692)

07-25 22:40:15.355  5792  5792 I LSPosed-Bridge: 	at java.lang.reflect.Method.invoke(Native Method)

07-25 22:40:15.355  5792  5792 I LSPosed-Bridge: 	at com.android.internal.os.RuntimeInit$MethodAndArgsCaller.run(RuntimeInit.java:493)

07-25 22:40:15.355  5792  5792 I LSPosed-Bridge: 	at com.android.internal.os.ZygoteInit.main(ZygoteInit.java:858)

07-25 22:40:15.355 15219 15308 I LSPosed-Bridge: 15219 PermLabel 10126 ContextImpl.checkPermission: pid = 15219; uid = 10126; permName: android.permission.READ_PHONE_STATE; type = 1; res = -1; stacktrace=java.lang.Exception

07-25 22:40:15.355 15219 15308 I LSPosed-Bridge: 	at com.example.permlabel.requestPerm$2.afterHookedMethod(requestPerm.java:224)

07-25 22:40:15.355 15219 15308 I LSPosed-Bridge: 	at de.robv.android.xposed.XposedBridge$AdditionalHookInfo.callback(Unknown Source:147)

07-25 22:40:15.355 15219 15308 I LSPosed-Bridge: 	at LSPHooker_.checkPermission(Unknown Source:25)

07-25 22:40:15.355 15219 15308 I LSPosed-Bridge: 	at android.app.ContextImpl.checkCallingOrSelfPermission(ContextImpl.java:1791)

07-25 22:40:15.355 15219 15308 I LSPosed-Bridge: 	at android.content.ContextWrapper.checkCallingOrSelfPermission(ContextWrapper.java:754)

07-25 22:40:15.355 15219 15308 I LSPosed-Bridge: 	at com.loc.o.c(Unknown Source:2)

07-25 22:40:15.355 15219 15308 I LSPosed-Bridge: 	at com.loc.o.L(Unknown Source:16)

07-25 22:40:15.355 15219 15308 I LSPosed-Bridge: 	at com.loc.o.b(Unknown Source:0)

07-25 22:40:15.355 15219 15308 I LSPosed-Bridge: 	at com.loc.bt.a(Unknown Source:70)

07-25 22:40:15.355 15219 15308 I LSPosed-Bridge: 	at com.loc.ao.a(Unknown Source:4)

07-25 22:40:15.355 15219 15308 I LSPosed-Bridge: 	at com.loc.ao.a(Unknown Source:19)

07-25 22:40:15.355 15219 15308 I LSPosed-Bridge: 	at com.loc.an.a(Unknown Source:2)

07-25 22:40:15.355 15219 15308 I LSPosed-Bridge: 	at com.loc.an.a(Unknown Source:54)

07-25 22:40:15.355 15219 15308 I LSPosed-Bridge: 	at com.loc.an.a(Unknown Source:7)

07-25 22:40:15.355 15219 15308 I LSPosed-Bridge: 	at com.loc.fo.a(Unknown Source:6)

07-25 22:40:15.355 15219 15308 I LSPosed-Bridge: 	at com.loc.fo.a(Unknown Source:8)

07-25 22:40:15.355 15219 15308 I LSPosed-Bridge: 	at com.loc.h.i(Unknown Source:234)

07-25 22:40:15.355 15219 15308 I LSPosed-Bridge: 	at com.loc.h.a(Unknown Source:27)

07-25 22:40:15.355 15219 15308 I LSPosed-Bridge: 	at com.loc.d$a.handleMessage(Unknown Source:229)

07-25 22:40:15.355 15219 15308 I LSPosed-Bridge: 	at android.os.Handler.dispatchMessage(Handler.java:106)

07-25 22:40:15.355 15219 15308 I LSPosed-Bridge: 	at android.os.Looper.loop(Looper.java:193)

07-25 22:40:15.355 15219 15308 I LSPosed-Bridge: 	at android.os.HandlerThread.run(HandlerThread.java:65)

07-25 22:40:15.355 15219 15308 I LSPosed-Bridge: 	at com.loc.d$b.run(Unknown Source:0)

07-25 22:40:15.526  5792  7610 I awcn.SessionCenter: |[seq:umeng:5991ad76f5ade4266c000d27] [forground]

07-25 22:40:15.526 15219 15308 I LSPosed-Bridge: 15219 PermLabel hookBinder_test 10126 interfaceBinder =android.content.pm.IPackageManager; arg0 = 9; arg1 = android.os.Parcel@4367836; arg2 = android.os.Parcel@67f64bf; arg3 = 0; res = true; stacktrace=java.lang.Exception

07-25 22:40:15.526 15219 15308 I LSPosed-Bridge: 	at com.example.permlabel.hookBinder_test$1.afterHookedMethod(hookBinder_test.java:69)

07-25 22:40:15.526 15219 15308 I LSPosed-Bridge: 	at de.robv.android.xposed.XposedBridge$AdditionalHookInfo.callback(Unknown Source:147)

07-25 22:40:15.526 15219 15308 I LSPosed-Bridge: 	at LSPHooker_.transact(Unknown Source:28)

07-25 22:40:15.526 15219 15308 I LSPosed-Bridge: 	at android.content.pm.IPackageManager$Stub$Proxy.getPermissionInfo(IPackageManager.java:3008)

07-25 22:40:15.526 15219 15308 I LSPosed-Bridge: 	at android.app.ApplicationPackageManager.getPermissionInfo(ApplicationPackageManager.java:306)

07-25 22:40:15.526 15219 15308 I LSPosed-Bridge: 	at com.example.permlabel.requestPerm$2.afterHookedMethod(requestPerm.java:190)

07-25 22:40:15.526 15219 15308 I LSPosed-Bridge: 	at de.robv.android.xposed.XposedBridge$AdditionalHookInfo.callback(Unknown Source:147)

07-25 22:40:15.526 15219 15308 I LSPosed-Bridge: 	at LSPHooker_.checkPermission(Unknown Source:25)

07-25 22:40:15.526 15219 15308 I LSPosed-Bridge: 	at android.app.ContextImpl.checkCallingOrSelfPermission(ContextImpl.java:1791)

07-25 22:40:15.526 15219 15308 I LSPosed-Bridge: 	at android.content.ContextWrapper.checkCallingOrSelfPermission(ContextWrapper.java:754)

07-25 22:40:15.526 15219 15308 I LSPosed-Bridge: 	at com.loc.o.c(Unknown Source:2)

07-25 22:40:15.526 15219 15308 I LSPosed-Bridge: 	at com.loc.o.O(Unknown Source:16)

07-25 22:40:15.526 15219 15308 I LSPosed-Bridge: 	at com.loc.o.d(Unknown Source:0)

07-25 22:40:15.526 15219 15308 I LSPosed-Bridge: 	at com.loc.bt.a(Unknown Source:58)

07-25 22:40:15.526 15219 15308 I LSPosed-Bridge: 	at com.loc.ao.a(Unknown Source:4)

07-25 22:40:15.526 15219 15308 I LSPosed-Bridge: 	at com.loc.ao.a(Unknown Source:19)

07-25 22:40:15.526 15219 15308 I LSPosed-Bridge: 	at com.loc.an.a(Unknown Source:2)

07-25 22:40:15.526 15219 15308 I LSPosed-Bridge: 	at com.loc.an.a(Unknown Source:54)

07-25 22:40:15.526 15219 15308 I LSPosed-Bridge: 	at com.loc.an.a(Unknown Source:7)

07-25 22:40:15.526 15219 15308 I LSPosed-Bridge: 	at com.loc.fo.a(Unknown Source:6)

07-25 22:40:15.526 15219 15308 I LSPosed-Bridge: 	at com.loc.fo.a(Unknown Source:8)

07-25 22:40:15.526 15219 15308 I LSPosed-Bridge: 	at com.loc.ej.c(Unknown Source:229)

07-25 22:40:15.526 15219 15308 I LSPosed-Bridge: 	at com.loc.ej.b(Unknown Source:40)

07-25 22:40:15.526 15219 15308 I LSPosed-Bridge: 	at com.loc.d.a(Unknown Source:10)

07-25 22:40:15.526 15219 15308 I LSPosed-Bridge: 	at com.loc.d.b(Unknown Source:59)

07-25 22:40:15.526 15219 15308 I LSPosed-Bridge: 	at com.loc.d.l(Unknown Source:6)

07-25 22:40:15.526 15219 15308 I LSPosed-Bridge: 	at com.loc.d.m(Unknown Source:94)

07-25 22:40:15.526 15219 15308 I LSPosed-Bridge: 	at com.loc.d.h(Unknown Source:0)

07-25 22:40:15.526 15219 15308 I LSPosed-Bridge: 	at com.loc.d$a.handleMessage(Unknown Source:215)

07-25 22:40:15.526 15219 15308 I LSPosed-Bridge: 	at android.os.Handler.dispatchMessage(Handler.java:106)

07-25 22:40:15.526 15219 15308 I LSPosed-Bridge: 	at android.os.Looper.loop(Looper.java:193)

07-25 22:40:15.526 15219 15308 I LSPosed-Bridge: 	at android.os.HandlerThread.run(HandlerThread.java:65)

07-25 22:40:15.526 15219 15308 I LSPosed-Bridge: 	at com.loc.d$b.run(Unknown Source:0)

07-25 22:40:15.526  5792  7610 I awcn.HttpDispatcher:  sendAmdcRequest hosts:[amdcopen.m.taobao.com, umengacs.m.taobao.com]

07-25 22:40:15.526  5792  7610 I awcn.AmdcThreadPoolExecutor:  merge amdc request delay:2749

07-25 22:40:15.526  5792  5792 I LSPosed-Bridge: 5792 PermLabel hookBinder_test 10126 interfaceBinder =android.app.IActivityManager; arg0 = 204; arg1 = android.os.Parcel@c0bb63d; arg2 = android.os.Parcel@5e84c98; arg3 = 0; res = true; stacktrace=java.lang.Exception

07-25 22:40:15.526  5792  5792 I LSPosed-Bridge: 	at com.example.permlabel.hookBinder_test$1.afterHookedMethod(hookBinder_test.java:69)

07-25 22:40:15.526  5792  5792 I LSPosed-Bridge: 	at de.robv.android.xposed.XposedBridge$AdditionalHookInfo.callback(Unknown Source:147)

07-25 22:40:15.526  5792  5792 I LSPosed-Bridge: 	at LSPHooker_.transact(Unknown Source:28)

07-25 22:40:15.526  5792  5792 I LSPosed-Bridge: 	at android.app.IActivityManager$Stub$Proxy.isTopOfTask(IActivityManager.java:7934)

07-25 22:40:15.526  5792  5792 I LSPosed-Bridge: 	at android.app.Activity.isTopOfTask(Activity.java:6411)

07-25 22:40:15.526  5792  5792 I LSPosed-Bridge: 	at android.app.Activity.onResume(Activity.java:1344)

07-25 22:40:15.526  5792  5792 I LSPosed-Bridge: 	at d.n.a.d.onResume(FragmentActivity.java:1)

07-25 22:40:15.526  5792  5792 I LSPosed-Bridge: 	at android.app.Instrumentation.callActivityOnResume(Instrumentation.java:1413)

07-25 22:40:15.526  5792  5792 I LSPosed-Bridge: 	at android.app.Activity.performResume(Activity.java:7292)

07-25 22:40:15.526  5792  5792 I LSPosed-Bridge: 	at android.app.ActivityThread.performResumeActivity(ActivityThread.java:3777)

07-25 22:40:15.526  5792  5792 I LSPosed-Bridge: 	at android.app.ActivityThread.handleResumeActivity(ActivityThread.java:3817)

07-25 22:40:15.526  5792  5792 I LSPosed-Bridge: 	at android.app.servertransaction.ResumeActivityItem.execute(ResumeActivityItem.java:51)

07-25 22:40:15.526  5792  5792 I LSPosed-Bridge: 	at android.app.servertransaction.TransactionExecutor.executeLifecycleState(TransactionExecutor.java:145)

07-25 22:40:15.526  5792  5792 I LSPosed-Bridge: 	at android.app.servertransaction.TransactionExecutor.execute(TransactionExecutor.java:70)

07-25 22:40:15.526  5792  5792 I LSPosed-Bridge: 	at android.app.ActivityThread$H.handleMessage(ActivityThread.java:1809)

07-25 22:40:15.526  5792  5792 I LSPosed-Bridge: 	at android.os.Handler.dispatchMessage(Handler.java:106)

07-25 22:40:15.526  5792  5792 I LSPosed-Bridge: 	at android.os.Looper.loop(Looper.java:193)

07-25 22:40:15.526  5792  5792 I LSPosed-Bridge: 	at android.app.ActivityThread.main(ActivityThread.java:6692)

07-25 22:40:15.526  5792  5792 I LSPosed-Bridge: 	at java.lang.reflect.Method.invoke(Native Method)

07-25 22:40:15.526  5792  5792 I LSPosed-Bridge: 	at com.android.internal.os.RuntimeInit$MethodAndArgsCaller.run(RuntimeInit.java:493)

07-25 22:40:15.526  5792  5792 I LSPosed-Bridge: 	at com.android.internal.os.ZygoteInit.main(ZygoteInit.java:858)

07-25 22:40:15.526 15219 15308 I LSPosed-Bridge: 15219 PermLabel 10126 ContextImpl Binder.getCallingPid() = 15219; Binder.getCallingUid() = 10126; permName: android.permission.READ_PHONE_STATE; res = -1; stacktrace=java.lang.Exception

07-25 22:40:15.526 15219 15308 I LSPosed-Bridge: 	at com.example.permlabel.requestPerm$2.afterHookedMethod(requestPerm.java:200)

07-25 22:40:15.526 15219 15308 I LSPosed-Bridge: 	at de.robv.android.xposed.XposedBridge$AdditionalHookInfo.callback(Unknown Source:147)

07-25 22:40:15.526 15219 15308 I LSPosed-Bridge: 	at LSPHooker_.checkPermission(Unknown Source:25)

07-25 22:40:15.526 15219 15308 I LSPosed-Bridge: 	at android.app.ContextImpl.checkCallingOrSelfPermission(ContextImpl.java:1791)

07-25 22:40:15.526 15219 15308 I LSPosed-Bridge: 	at android.content.ContextWrapper.checkCallingOrSelfPermission(ContextWrapper.java:754)

07-25 22:40:15.526 15219 15308 I LSPosed-Bridge: 	at com.loc.o.c(Unknown Source:2)

07-25 22:40:15.526 15219 15308 I LSPosed-Bridge: 	at com.loc.o.O(Unknown Source:16)

07-25 22:40:15.526 15219 15308 I LSPosed-Bridge: 	at com.loc.o.d(Unknown Source:0)

07-25 22:40:15.526 15219 15308 I LSPosed-Bridge: 	at com.loc.bt.a(Unknown Source:58)

07-25 22:40:15.526 15219 15308 I LSPosed-Bridge: 	at com.loc.ao.a(Unknown Source:4)

07-25 22:40:15.526 15219 15308 I LSPosed-Bridge: 	at com.loc.ao.a(Unknown Source:19)

07-25 22:40:15.526 15219 15308 I LSPosed-Bridge: 	at com.loc.an.a(Unknown Source:2)

07-25 22:40:15.526 15219 15308 I LSPosed-Bridge: 	at com.loc.an.a(Unknown Source:54)

07-25 22:40:15.526 15219 15308 I LSPosed-Bridge: 	at com.loc.an.a(Unknown Source:7)

07-25 22:40:15.526 15219 15308 I LSPosed-Bridge: 	at com.loc.fo.a(Unknown Source:6)

07-25 22:40:15.526 15219 15308 I LSPosed-Bridge: 	at com.loc.fo.a(Unknown Source:8)

07-25 22:40:15.526 15219 15308 I LSPosed-Bridge: 	at com.loc.ej.c(Unknown Source:229)

07-25 22:40:15.526 15219 15308 I LSPosed-Bridge: 	at com.loc.ej.b(Unknown Source:40)

07-25 22:40:15.526 15219 15308 I LSPosed-Bridge: 	at com.loc.d.a(Unknown Source:10)

07-25 22:40:15.526 15219 15308 I LSPosed-Bridge: 	at com.loc.d.b(Unknown Source:59)

07-25 22:40:15.526 15219 15308 I LSPosed-Bridge: 	at com.loc.d.l(Unknown Source:6)

07-25 22:40:15.526 15219 15308 I LSPosed-Bridge: 	at com.loc.d.m(Unknown Source:94)

07-25 22:40:15.526 15219 15308 I LSPosed-Bridge: 	at com.loc.d.h(Unknown Source:0)

07-25 22:40:15.526 15219 15308 I LSPosed-Bridge: 	at com.loc.d$a.handleMessage(Unknown Source:215)

07-25 22:40:15.526 15219 15308 I LSPosed-Bridge: 	at android.os.Handler.dispatchMessage(Handler.java:106)

07-25 22:40:15.526 15219 15308 I LSPosed-Bridge: 	at android.os.Looper.loop(Looper.java:193)

07-25 22:40:15.526 15219 15308 I LSPosed-Bridge: 	at android.os.HandlerThread.run(HandlerThread.java:65)

07-25 22:40:15.526 15219 15308 I LSPosed-Bridge: 	at com.loc.d$b.run(Unknown Source:0)

07-25 22:40:15.527 15219 15308 I LSPosed-Bridge: 15219 PermLabel 10126 ContextImpl.checkPermission: pid = 15219; uid = 10126; permName: android.permission.READ_PHONE_STATE; type = 1; res = -1; stacktrace=java.lang.Exception

07-25 22:40:15.527 15219 15308 I LSPosed-Bridge: 	at com.example.permlabel.requestPerm$2.afterHookedMethod(requestPerm.java:224)

07-25 22:40:15.527 15219 15308 I LSPosed-Bridge: 	at de.robv.android.xposed.XposedBridge$AdditionalHookInfo.callback(Unknown Source:147)

07-25 22:40:15.527 15219 15308 I LSPosed-Bridge: 	at LSPHooker_.checkPermission(Unknown Source:25)

07-25 22:40:15.527 15219 15308 I LSPosed-Bridge: 	at android.app.ContextImpl.checkCallingOrSelfPermission(ContextImpl.java:1791)

07-25 22:40:15.527 15219 15308 I LSPosed-Bridge: 	at android.content.ContextWrapper.checkCallingOrSelfPermission(ContextWrapper.java:754)

07-25 22:40:15.527 15219 15308 I LSPosed-Bridge: 	at com.loc.o.c(Unknown Source:2)

07-25 22:40:15.527 15219 15308 I LSPosed-Bridge: 	at com.loc.o.O(Unknown Source:16)

07-25 22:40:15.527 15219 15308 I LSPosed-Bridge: 	at com.loc.o.d(Unknown Source:0)

07-25 22:40:15.527 15219 15308 I LSPosed-Bridge: 	at com.loc.bt.a(Unknown Source:58)

07-25 22:40:15.527 15219 15308 I LSPosed-Bridge: 	at com.loc.ao.a(Unknown Source:4)

07-25 22:40:15.527 15219 15308 I LSPosed-Bridge: 	at com.loc.ao.a(Unknown Source:19)

07-25 22:40:15.527 15219 15308 I LSPosed-Bridge: 	at com.loc.an.a(Unknown Source:2)

07-25 22:40:15.527 15219 15308 I LSPosed-Bridge: 	at com.loc.an.a(Unknown Source:54)

07-25 22:40:15.527 15219 15308 I LSPosed-Bridge: 	at com.loc.an.a(Unknown Source:7)

07-25 22:40:15.527 15219 15308 I LSPosed-Bridge: 	at com.loc.fo.a(Unknown Source:6)

07-25 22:40:15.527 15219 15308 I LSPosed-Bridge: 	at com.loc.fo.a(Unknown Source:8)

07-25 22:40:15.527 15219 15308 I LSPosed-Bridge: 	at com.loc.ej.c(Unknown Source:229)

07-25 22:40:15.527 15219 15308 I LSPosed-Bridge: 	at com.loc.ej.b(Unknown Source:40)

07-25 22:40:15.527 15219 15308 I LSPosed-Bridge: 	at com.loc.d.a(Unknown Source:10)

07-25 22:40:15.527 15219 15308 I LSPosed-Bridge: 	at com.loc.d.b(Unknown Source:59)

07-25 22:40:15.527 15219 15308 I LSPosed-Bridge: 	at com.loc.d.l(Unknown Source:6)

07-25 22:40:15.527 15219 15308 I LSPosed-Bridge: 	at com.loc.d.m(Unknown Source:94)

07-25 22:40:15.527 15219 15308 I LSPosed-Bridge: 	at com.loc.d.h(Unknown Source:0)

07-25 22:40:15.527 15219 15308 I LSPosed-Bridge: 	at com.loc.d$a.handleMessage(Unknown Source:215)

07-25 22:40:15.527 15219 15308 I LSPosed-Bridge: 	at android.os.Handler.dispatchMessage(Handler.java:106)

07-25 22:40:15.527 15219 15308 I LSPosed-Bridge: 	at android.os.Looper.loop(Looper.java:193)

07-25 22:40:15.527 15219 15308 I LSPosed-Bridge: 	at android.os.HandlerThread.run(HandlerThread.java:65)

07-25 22:40:15.527 15219 15308 I LSPosed-Bridge: 	at com.loc.d$b.run(Unknown Source:0)

07-25 22:40:15.533 15219 15308 I LSPosed-Bridge: 15219 PermLabel 10126 ContextImpl Binder.getCallingPid() = 15219; Binder.getCallingUid() = 10126; permName: android.permission.READ_PHONE_STATE; res = -1; stacktrace=java.lang.Exception

07-25 22:40:15.533 15219 15308 I LSPosed-Bridge: 	at com.example.permlabel.requestPerm$2.afterHookedMethod(requestPerm.java:200)

07-25 22:40:15.533 15219 15308 I LSPosed-Bridge: 	at de.robv.android.xposed.XposedBridge$AdditionalHookInfo.callback(Unknown Source:147)

07-25 22:40:15.533 15219 15308 I LSPosed-Bridge: 	at LSPHooker_.checkPermission(Unknown Source:25)

07-25 22:40:15.533 15219 15308 I LSPosed-Bridge: 	at android.app.ContextImpl.checkCallingOrSelfPermission(ContextImpl.java:1791)

07-25 22:40:15.533 15219 15308 I LSPosed-Bridge: 	at android.content.ContextWrapper.checkCallingOrSelfPermission(ContextWrapper.java:754)

07-25 22:40:15.533 15219 15308 I LSPosed-Bridge: 	at com.loc.o.c(Unknown Source:2)

07-25 22:40:15.533 15219 15308 I LSPosed-Bridge: 	at com.loc.o.L(Unknown Source:16)

07-25 22:40:15.533 15219 15308 I LSPosed-Bridge: 	at com.loc.o.b(Unknown Source:0)

07-25 22:40:15.533 15219 15308 I LSPosed-Bridge: 	at com.loc.bt.a(Unknown Source:70)

07-25 22:40:15.533 15219 15308 I LSPosed-Bridge: 	at com.loc.ao.a(Unknown Source:4)

07-25 22:40:15.533 15219 15308 I LSPosed-Bridge: 	at com.loc.ao.a(Unknown Source:19)

07-25 22:40:15.533 15219 15308 I LSPosed-Bridge: 	at com.loc.an.a(Unknown Source:2)

07-25 22:40:15.533 15219 15308 I LSPosed-Bridge: 	at com.loc.an.a(Unknown Source:54)

07-25 22:40:15.533 15219 15308 I LSPosed-Bridge: 	at com.loc.an.a(Unknown Source:7)

07-25 22:40:15.533 15219 15308 I LSPosed-Bridge: 	at com.loc.fo.a(Unknown Source:6)

07-25 22:40:15.533 15219 15308 I LSPosed-Bridge: 	at com.loc.fo.a(Unknown Source:8)

07-25 22:40:15.533 15219 15308 I LSPosed-Bridge: 	at com.loc.ej.c(Unknown Source:229)

07-25 22:40:15.533 15219 15308 I LSPosed-Bridge: 	at com.loc.ej.b(Unknown Source:40)

07-25 22:40:15.533 15219 15308 I LSPosed-Bridge: 	at com.loc.d.a(Unknown Source:10)

07-25 22:40:15.533 15219 15308 I LSPosed-Bridge: 	at com.loc.d.b(Unknown Source:59)

07-25 22:40:15.533 15219 15308 I LSPosed-Bridge: 	at com.loc.d.l(Unknown Source:6)

07-25 22:40:15.533 15219 15308 I LSPosed-Bridge: 	at com.loc.d.m(Unknown Source:94)

07-25 22:40:15.533 15219 15308 I LSPosed-Bridge: 	at com.loc.d.h(Unknown Source:0)

07-25 22:40:15.533 15219 15308 I LSPosed-Bridge: 	at com.loc.d$a.handleMessage(Unknown Source:215)

07-25 22:40:15.533 15219 15308 I LSPosed-Bridge: 	at android.os.Handler.dispatchMessage(Handler.java:106)

07-25 22:40:15.533 15219 15308 I LSPosed-Bridge: 	at android.os.Looper.loop(Looper.java:193)

07-25 22:40:15.533 15219 15308 I LSPosed-Bridge: 	at android.os.HandlerThread.run(HandlerThread.java:65)

07-25 22:40:15.533 15219 15308 I LSPosed-Bridge: 	at com.loc.d$b.run(Unknown Source:0)

07-25 22:40:15.534 15219 15308 I LSPosed-Bridge: 15219 PermLabel 10126 ContextImpl.checkPermission: pid = 15219; uid = 10126; permName: android.permission.READ_PHONE_STATE; type = 1; res = -1; stacktrace=java.lang.Exception

07-25 22:40:15.534 15219 15308 I LSPosed-Bridge: 	at com.example.permlabel.requestPerm$2.afterHookedMethod(requestPerm.java:224)

07-25 22:40:15.534 15219 15308 I LSPosed-Bridge: 	at de.robv.android.xposed.XposedBridge$AdditionalHookInfo.callback(Unknown Source:147)

07-25 22:40:15.534 15219 15308 I LSPosed-Bridge: 	at LSPHooker_.checkPermission(Unknown Source:25)

07-25 22:40:15.534 15219 15308 I LSPosed-Bridge: 	at android.app.ContextImpl.checkCallingOrSelfPermission(ContextImpl.java:1791)

07-25 22:40:15.534 15219 15308 I LSPosed-Bridge: 	at android.content.ContextWrapper.checkCallingOrSelfPermission(ContextWrapper.java:754)

07-25 22:40:15.534 15219 15308 I LSPosed-Bridge: 	at com.loc.o.c(Unknown Source:2)

07-25 22:40:15.534 15219 15308 I LSPosed-Bridge: 	at com.loc.o.L(Unknown Source:16)

07-25 22:40:15.534 15219 15308 I LSPosed-Bridge: 	at com.loc.o.b(Unknown Source:0)

07-25 22:40:15.534 15219 15308 I LSPosed-Bridge: 	at com.loc.bt.a(Unknown Source:70)

07-25 22:40:15.534 15219 15308 I LSPosed-Bridge: 	at com.loc.ao.a(Unknown Source:4)

07-25 22:40:15.534 15219 15308 I LSPosed-Bridge: 	at com.loc.ao.a(Unknown Source:19)

07-25 22:40:15.534 15219 15308 I LSPosed-Bridge: 	at com.loc.an.a(Unknown Source:2)

07-25 22:40:15.534 15219 15308 I LSPosed-Bridge: 	at com.loc.an.a(Unknown Source:54)

07-25 22:40:15.534 15219 15308 I LSPosed-Bridge: 	at com.loc.an.a(Unknown Source:7)

07-25 22:40:15.534 15219 15308 I LSPosed-Bridge: 	at com.loc.fo.a(Unknown Source:6)

07-25 22:40:15.534 15219 15308 I LSPosed-Bridge: 	at com.loc.fo.a(Unknown Source:8)

07-25 22:40:15.534 15219 15308 I LSPosed-Bridge: 	at com.loc.ej.c(Unknown Source:229)

07-25 22:40:15.534 15219 15308 I LSPosed-Bridge: 	at com.loc.ej.b(Unknown Source:40)

07-25 22:40:15.534 15219 15308 I LSPosed-Bridge: 	at com.loc.d.a(Unknown Source:10)

07-25 22:40:15.534 15219 15308 I LSPosed-Bridge: 	at com.loc.d.b(Unknown Source:59)

07-25 22:40:15.534 15219 15308 I LSPosed-Bridge: 	at com.loc.d.l(Unknown Source:6)

07-25 22:40:15.534 15219 15308 I LSPosed-Bridge: 	at com.loc.d.m(Unknown Source:94)

07-25 22:40:15.534 15219 15308 I LSPosed-Bridge: 	at com.loc.d.h(Unknown Source:0)

07-25 22:40:15.534 15219 15308 I LSPosed-Bridge: 	at com.loc.d$a.handleMessage(Unknown Source:215)

07-25 22:40:15.534 15219 15308 I LSPosed-Bridge: 	at android.os.Handler.dispatchMessage(Handler.java:106)

07-25 22:40:15.534 15219 15308 I LSPosed-Bridge: 	at android.os.Looper.loop(Looper.java:193)

07-25 22:40:15.534 15219 15308 I LSPosed-Bridge: 	at android.os.HandlerThread.run(HandlerThread.java:65)

07-25 22:40:15.534 15219 15308 I LSPosed-Bridge: 	at com.loc.d$b.run(Unknown Source:0)

07-25 22:40:17.676  5792 15310 I LSPosed-Bridge: 5792 PermLabel 10126 ContextImpl Binder.getCallingPid() = 5792; Binder.getCallingUid() = 10126; permName: android.permission.READ_PHONE_STATE; res = -1; stacktrace=java.lang.Exception

07-25 22:40:17.676  5792 15310 I LSPosed-Bridge: 5792 PermLabel 10126 ContextImpl Binder.getCallingPid() = 5792; Binder.getCallingUid() = 10126; permName: android.permission.READ_PHONE_STATE; res = -1; stacktrace=java.lang.Exception

07-25 22:40:17.676  5792 15310 I LSPosed-Bridge: 	at com.example.permlabel.requestPerm$2.afterHookedMethod(requestPerm.java:200)

07-25 22:40:17.676  5792 15310 I LSPosed-Bridge: 	at com.example.permlabel.requestPerm$2.afterHookedMethod(requestPerm.java:200)

07-25 22:40:17.676  5792 15310 I LSPosed-Bridge: 	at de.robv.android.xposed.XposedBridge$AdditionalHookInfo.callback(Unknown Source:147)

07-25 22:40:17.676  5792 15310 I LSPosed-Bridge: 	at de.robv.android.xposed.XposedBridge$AdditionalHookInfo.callback(Unknown Source:147)

07-25 22:40:17.676  5792 15310 I LSPosed-Bridge: 	at LSPHooker_.checkPermission(Unknown Source:25)

07-25 22:40:17.676  5792 15310 I LSPosed-Bridge: 	at LSPHooker_.checkPermission(Unknown Source:25)

07-25 22:40:17.676  5792 15310 I LSPosed-Bridge: 	at android.app.ContextImpl.checkCallingOrSelfPermission(ContextImpl.java:1791)

07-25 22:40:17.676  5792 15310 I LSPosed-Bridge: 	at android.app.ContextImpl.checkCallingOrSelfPermission(ContextImpl.java:1791)

07-25 22:40:17.676  5792 15310 I LSPosed-Bridge: 	at android.content.ContextWrapper.checkCallingOrSelfPermission(ContextWrapper.java:754)

07-25 22:40:17.676  5792 15310 I LSPosed-Bridge: 	at android.content.ContextWrapper.checkCallingOrSelfPermission(ContextWrapper.java:754)

07-25 22:40:17.676  5792 15310 I LSPosed-Bridge: 	at com.loc.o.c(Unknown Source:2)

07-25 22:40:17.676  5792 15310 I LSPosed-Bridge: 	at com.loc.o.c(Unknown Source:2)

07-25 22:40:17.676  5792 15310 I LSPosed-Bridge: 	at com.loc.o.v(Unknown Source:37)

07-25 22:40:17.676  5792 15310 I LSPosed-Bridge: 	at com.loc.o.v(Unknown Source:37)

07-25 22:40:17.676  5792 15310 I LSPosed-Bridge: 	at com.loc.j.a(Unknown Source:13)

07-25 22:40:17.676  5792 15310 I LSPosed-Bridge: 	at com.loc.j.a(Unknown Source:13)

07-25 22:40:17.676  5792 15310 I LSPosed-Bridge: 	at com.loc.j.f(Unknown Source:6)

07-25 22:40:17.676  5792 15310 I LSPosed-Bridge: 	at com.loc.j.f(Unknown Source:6)

07-25 22:40:17.676  5792 15310 I LSPosed-Bridge: 	at com.loc.j.e(Unknown Source:18)

07-25 22:40:17.676  5792 15310 I LSPosed-Bridge: 	at com.loc.j.e(Unknown Source:18)

07-25 22:40:17.676  5792 15310 I LSPosed-Bridge: 	at com.loc.j.a(Unknown Source:25)

07-25 22:40:17.676  5792 15310 I LSPosed-Bridge: 	at com.loc.j.a(Unknown Source:25)

07-25 22:40:17.676  5792 15310 I LSPosed-Bridge: 	at com.loc.e.b(Unknown Source:356)

07-25 22:40:17.676  5792 15310 I LSPosed-Bridge: 	at com.loc.e.b(Unknown Source:356)

07-25 22:40:17.676  5792 15310 I LSPosed-Bridge: 	at com.loc.e.b(Unknown Source:0)

07-25 22:40:17.676  5792 15310 I LSPosed-Bridge: 	at com.loc.e.b(Unknown Source:0)

07-25 22:40:17.676  5792 15310 I LSPosed-Bridge: 	at com.loc.e$a.handleMessage(Unknown Source:266)

07-25 22:40:17.676  5792 15310 I LSPosed-Bridge: 	at com.loc.e$a.handleMessage(Unknown Source:266)

07-25 22:40:17.676  5792 15310 I LSPosed-Bridge: 	at android.os.Handler.dispatchMessage(Handler.java:106)

07-25 22:40:17.676  5792 15310 I LSPosed-Bridge: 	at android.os.Handler.dispatchMessage(Handler.java:106)

07-25 22:40:17.676  5792 15310 I LSPosed-Bridge: 	at android.os.Looper.loop(Looper.java:193)

07-25 22:40:17.676  5792 15310 I LSPosed-Bridge: 	at android.os.Looper.loop(Looper.java:193)

07-25 22:40:17.676  5792 15310 I LSPosed-Bridge: 	at android.os.HandlerThread.run(HandlerThread.java:65)

07-25 22:40:17.676  5792 15310 I LSPosed-Bridge: 	at android.os.HandlerThread.run(HandlerThread.java:65)

07-25 22:40:17.676  5792 15310 I LSPosed-Bridge: 	at com.loc.e$b.run(Unknown Source:0)

07-25 22:40:17.676  5792 15310 I LSPosed-Bridge: 	at com.loc.e$b.run(Unknown Source:0)

07-25 22:40:17.676   552   552 I ConfigStore: android::hardware::configstore::V1_0::ISurfaceFlingerConfigs::hasHDRDisplay retrieved: 0

07-25 22:40:17.676   552   552 I ConfigStore: android::hardware::configstore::V1_0::ISurfaceFlingerConfigs::hasHDRDisplay retrieved: 0

07-25 22:40:17.676  5792 15310 I LSPosed-Bridge: 5792 PermLabel 10126 ContextImpl.checkPermission: pid = 5792; uid = 10126; permName: android.permission.READ_PHONE_STATE; type = 1; res = -1; stacktrace=java.lang.Exception

07-25 22:40:17.676  5792 15310 I LSPosed-Bridge: 5792 PermLabel 10126 ContextImpl.checkPermission: pid = 5792; uid = 10126; permName: android.permission.READ_PHONE_STATE; type = 1; res = -1; stacktrace=java.lang.Exception

07-25 22:40:17.676  5792 15310 I LSPosed-Bridge: 	at com.example.permlabel.requestPerm$2.afterHookedMethod(requestPerm.java:224)

07-25 22:40:17.676  5792 15310 I LSPosed-Bridge: 	at com.example.permlabel.requestPerm$2.afterHookedMethod(requestPerm.java:224)

07-25 22:40:17.676  5792 15310 I LSPosed-Bridge: 	at de.robv.android.xposed.XposedBridge$AdditionalHookInfo.callback(Unknown Source:147)

07-25 22:40:17.676  5792 15310 I LSPosed-Bridge: 	at de.robv.android.xposed.XposedBridge$AdditionalHookInfo.callback(Unknown Source:147)

07-25 22:40:17.676  5792 15310 I LSPosed-Bridge: 	at LSPHooker_.checkPermission(Unknown Source:25)

07-25 22:40:17.676  5792 15310 I LSPosed-Bridge: 	at LSPHooker_.checkPermission(Unknown Source:25)

07-25 22:40:17.676  5792 15310 I LSPosed-Bridge: 	at android.app.ContextImpl.checkCallingOrSelfPermission(ContextImpl.java:1791)

07-25 22:40:17.676  5792 15310 I LSPosed-Bridge: 	at android.app.ContextImpl.checkCallingOrSelfPermission(ContextImpl.java:1791)

07-25 22:40:17.676  5792 15310 I LSPosed-Bridge: 	at android.content.ContextWrapper.checkCallingOrSelfPermission(ContextWrapper.java:754)

07-25 22:40:17.676  5792 15310 I LSPosed-Bridge: 	at android.content.ContextWrapper.checkCallingOrSelfPermission(ContextWrapper.java:754)

07-25 22:40:17.676  5792 15310 I LSPosed-Bridge: 	at com.loc.o.c(Unknown Source:2)

07-25 22:40:17.676  5792 15310 I LSPosed-Bridge: 	at com.loc.o.c(Unknown Source:2)

07-25 22:40:17.676  5792 15310 I LSPosed-Bridge: 	at com.loc.o.v(Unknown Source:37)

07-25 22:40:17.676  5792 15310 I LSPosed-Bridge: 	at com.loc.o.v(Unknown Source:37)

07-25 22:40:17.676  5792 15310 I LSPosed-Bridge: 	at com.loc.j.a(Unknown Source:13)

07-25 22:40:17.676  5792 15310 I LSPosed-Bridge: 	at com.loc.j.a(Unknown Source:13)

07-25 22:40:17.676  5792 15310 I LSPosed-Bridge: 	at com.loc.j.f(Unknown Source:6)

07-25 22:40:17.676  5792 15310 I LSPosed-Bridge: 	at com.loc.j.f(Unknown Source:6)

07-25 22:40:17.676  5792 15310 I LSPosed-Bridge: 	at com.loc.j.e(Unknown Source:18)

07-25 22:40:17.676  5792 15310 I LSPosed-Bridge: 	at com.loc.j.e(Unknown Source:18)

07-25 22:40:17.676  5792 15310 I LSPosed-Bridge: 	at com.loc.j.a(Unknown Source:25)

07-25 22:40:17.676  5792 15310 I LSPosed-Bridge: 	at com.loc.j.a(Unknown Source:25)

07-25 22:40:17.676  5792 15310 I LSPosed-Bridge: 	at com.loc.e.b(Unknown Source:356)

07-25 22:40:17.676  5792 15310 I LSPosed-Bridge: 	at com.loc.e.b(Unknown Source:356)

07-25 22:40:17.676  5792 15310 I LSPosed-Bridge: 	at com.loc.e.b(Unknown Source:0)

07-25 22:40:17.676  5792 15310 I LSPosed-Bridge: 	at com.loc.e.b(Unknown Source:0)

07-25 22:40:17.676  5792 15310 I LSPosed-Bridge: 	at com.loc.e$a.handleMessage(Unknown Source:266)

07-25 22:40:17.676  5792 15310 I LSPosed-Bridge: 	at com.loc.e$a.handleMessage(Unknown Source:266)

07-25 22:40:17.676  5792 15310 I LSPosed-Bridge: 	at android.os.Handler.dispatchMessage(Handler.java:106)

07-25 22:40:17.676  5792 15310 I LSPosed-Bridge: 	at android.os.Handler.dispatchMessage(Handler.java:106)

07-25 22:40:17.676  5792 15310 I LSPosed-Bridge: 	at android.os.Looper.loop(Looper.java:193)

07-25 22:40:17.676  5792 15310 I LSPosed-Bridge: 	at android.os.Looper.loop(Looper.java:193)

07-25 22:40:17.676  5792 15310 I LSPosed-Bridge: 	at android.os.HandlerThread.run(HandlerThread.java:65)

07-25 22:40:17.676  5792 15310 I LSPosed-Bridge: 	at android.os.HandlerThread.run(HandlerThread.java:65)

07-25 22:40:17.676  5792 15310 I LSPosed-Bridge: 	at com.loc.e$b.run(Unknown Source:0)

07-25 22:40:17.676  5792 15310 I LSPosed-Bridge: 	at com.loc.e$b.run(Unknown Source:0)

07-25 22:40:17.676   552   552 I ConfigStore: android::hardware::configstore::V1_0::ISurfaceFlingerConfigs::hasHDRDisplay retrieved: 0

07-25 22:40:17.676   552   552 I ConfigStore: android::hardware::configstore::V1_0::ISurfaceFlingerConfigs::hasHDRDisplay retrieved: 0

07-25 22:45:15.409 15219 15308 I LSPosed-Bridge: 15219 PermLabel 10126 ContextImpl Binder.getCallingPid() = 15219; Binder.getCallingUid() = 10126; permName: android.permission.READ_PHONE_STATE; res = -1; stacktrace=java.lang.Exception

07-25 22:45:15.409 15219 15308 I LSPosed-Bridge: 	at com.example.permlabel.requestPerm$2.afterHookedMethod(requestPerm.java:200)

07-25 22:45:15.409 15219 15308 I LSPosed-Bridge: 	at de.robv.android.xposed.XposedBridge$AdditionalHookInfo.callback(Unknown Source:147)

07-25 22:45:15.409 15219 15308 I LSPosed-Bridge: 	at LSPHooker_.checkPermission(Unknown Source:25)

07-25 22:45:15.409 15219 15308 I LSPosed-Bridge: 	at android.app.ContextImpl.checkCallingOrSelfPermission(ContextImpl.java:1791)

07-25 22:45:15.409 15219 15308 I LSPosed-Bridge: 	at android.content.ContextWrapper.checkCallingOrSelfPermission(ContextWrapper.java:754)

07-25 22:45:15.409 15219 15308 I LSPosed-Bridge: 	at com.loc.o.c(Unknown Source:2)

07-25 22:45:15.409 15219 15308 I LSPosed-Bridge: 	at com.loc.o.O(Unknown Source:16)

07-25 22:45:15.409 15219 15308 I LSPosed-Bridge: 	at com.loc.o.d(Unknown Source:0)

07-25 22:45:15.409 15219 15308 I LSPosed-Bridge: 	at com.loc.bt.a(Unknown Source:58)

07-25 22:45:15.409 15219 15308 I LSPosed-Bridge: 	at com.loc.ao.a(Unknown Source:4)

07-25 22:45:15.409 15219 15308 I LSPosed-Bridge: 	at com.loc.ao.a(Unknown Source:19)

07-25 22:45:15.409 15219 15308 I LSPosed-Bridge: 	at com.loc.an.a(Unknown Source:2)

07-25 22:45:15.409 15219 15308 I LSPosed-Bridge: 	at com.loc.an.a(Unknown Source:54)

07-25 22:45:15.409 15219 15308 I LSPosed-Bridge: 	at com.loc.an.a(Unknown Source:7)

07-25 22:45:15.409 15219 15308 I LSPosed-Bridge: 	at com.loc.fo.a(Unknown Source:6)

07-25 22:45:15.409 15219 15308 I LSPosed-Bridge: 	at com.loc.fo.a(Unknown Source:8)

07-25 22:45:15.409 15219 15308 I LSPosed-Bridge: 	at com.loc.h.i(Unknown Source:234)

07-25 22:45:15.409 15219 15308 I LSPosed-Bridge: 	at com.loc.h.a(Unknown Source:27)

07-25 22:45:15.409 15219 15308 I LSPosed-Bridge: 	at com.loc.d$a.handleMessage(Unknown Source:103)

07-25 22:45:15.409 15219 15308 I LSPosed-Bridge: 	at android.os.Handler.dispatchMessage(Handler.java:106)

07-25 22:45:15.409 15219 15308 I LSPosed-Bridge: 	at android.os.Looper.loop(Looper.java:193)

07-25 22:45:15.409 15219 15308 I LSPosed-Bridge: 	at android.os.HandlerThread.run(HandlerThread.java:65)

07-25 22:45:15.409 15219 15308 I LSPosed-Bridge: 	at com.loc.d$b.run(Unknown Source:0)

07-25 22:45:15.411 15219 15308 I LSPosed-Bridge: 15219 PermLabel 10126 ContextImpl.checkPermission: pid = 15219; uid = 10126; permName: android.permission.READ_PHONE_STATE; type = 1; res = -1; stacktrace=java.lang.Exception

07-25 22:45:15.411 15219 15308 I LSPosed-Bridge: 	at com.example.permlabel.requestPerm$2.afterHookedMethod(requestPerm.java:224)

07-25 22:45:15.411 15219 15308 I LSPosed-Bridge: 	at de.robv.android.xposed.XposedBridge$AdditionalHookInfo.callback(Unknown Source:147)

07-25 22:45:15.411 15219 15308 I LSPosed-Bridge: 	at LSPHooker_.checkPermission(Unknown Source:25)

07-25 22:45:15.411 15219 15308 I LSPosed-Bridge: 	at android.app.ContextImpl.checkCallingOrSelfPermission(ContextImpl.java:1791)

07-25 22:45:15.411 15219 15308 I LSPosed-Bridge: 	at android.content.ContextWrapper.checkCallingOrSelfPermission(ContextWrapper.java:754)

07-25 22:45:15.411 15219 15308 I LSPosed-Bridge: 	at com.loc.o.c(Unknown Source:2)

07-25 22:45:15.411 15219 15308 I LSPosed-Bridge: 	at com.loc.o.O(Unknown Source:16)

07-25 22:45:15.411 15219 15308 I LSPosed-Bridge: 	at com.loc.o.d(Unknown Source:0)

07-25 22:45:15.411 15219 15308 I LSPosed-Bridge: 	at com.loc.bt.a(Unknown Source:58)

07-25 22:45:15.411 15219 15308 I LSPosed-Bridge: 	at com.loc.ao.a(Unknown Source:4)

07-25 22:45:15.411 15219 15308 I LSPosed-Bridge: 	at com.loc.ao.a(Unknown Source:19)

07-25 22:45:15.411 15219 15308 I LSPosed-Bridge: 	at com.loc.an.a(Unknown Source:2)

07-25 22:45:15.411 15219 15308 I LSPosed-Bridge: 	at com.loc.an.a(Unknown Source:54)

07-25 22:45:15.411 15219 15308 I LSPosed-Bridge: 	at com.loc.an.a(Unknown Source:7)

07-25 22:45:15.411 15219 15308 I LSPosed-Bridge: 	at com.loc.fo.a(Unknown Source:6)

07-25 22:45:15.411 15219 15308 I LSPosed-Bridge: 	at com.loc.fo.a(Unknown Source:8)

07-25 22:45:15.411 15219 15308 I LSPosed-Bridge: 	at com.loc.h.i(Unknown Source:234)

07-25 22:45:15.411 15219 15308 I LSPosed-Bridge: 	at com.loc.h.a(Unknown Source:27)

07-25 22:45:15.411 15219 15308 I LSPosed-Bridge: 	at com.loc.d$a.handleMessage(Unknown Source:103)

07-25 22:45:15.411 15219 15308 I LSPosed-Bridge: 	at android.os.Handler.dispatchMessage(Handler.java:106)

07-25 22:45:15.411 15219 15308 I LSPosed-Bridge: 	at android.os.Looper.loop(Looper.java:193)

07-25 22:45:15.411 15219 15308 I LSPosed-Bridge: 	at android.os.HandlerThread.run(HandlerThread.java:65)

07-25 22:45:15.411 15219 15308 I LSPosed-Bridge: 	at com.loc.d$b.run(Unknown Source:0)

07-25 22:45:15.415 15219 15308 I LSPosed-Bridge: 15219 PermLabel 10126 ContextImpl Binder.getCallingPid() = 15219; Binder.getCallingUid() = 10126; permName: android.permission.READ_PHONE_STATE; res = -1; stacktrace=java.lang.Exception

07-25 22:45:15.415 15219 15308 I LSPosed-Bridge: 	at com.example.permlabel.requestPerm$2.afterHookedMethod(requestPerm.java:200)

07-25 22:45:15.415 15219 15308 I LSPosed-Bridge: 	at de.robv.android.xposed.XposedBridge$AdditionalHookInfo.callback(Unknown Source:147)

07-25 22:45:15.415 15219 15308 I LSPosed-Bridge: 	at LSPHooker_.checkPermission(Unknown Source:25)

07-25 22:45:15.415 15219 15308 I LSPosed-Bridge: 	at android.app.ContextImpl.checkCallingOrSelfPermission(ContextImpl.java:1791)

07-25 22:45:15.415 15219 15308 I LSPosed-Bridge: 	at android.content.ContextWrapper.checkCallingOrSelfPermission(ContextWrapper.java:754)

07-25 22:45:15.415 15219 15308 I LSPosed-Bridge: 	at com.loc.o.c(Unknown Source:2)

07-25 22:45:15.415 15219 15308 I LSPosed-Bridge: 	at com.loc.o.L(Unknown Source:16)

07-25 22:45:15.415 15219 15308 I LSPosed-Bridge: 	at com.loc.o.b(Unknown Source:0)

07-25 22:45:15.415 15219 15308 I LSPosed-Bridge: 	at com.loc.bt.a(Unknown Source:70)

07-25 22:45:15.415 15219 15308 I LSPosed-Bridge: 	at com.loc.ao.a(Unknown Source:4)

07-25 22:45:15.415 15219 15308 I LSPosed-Bridge: 	at com.loc.ao.a(Unknown Source:19)

07-25 22:45:15.415 15219 15308 I LSPosed-Bridge: 	at com.loc.an.a(Unknown Source:2)

07-25 22:45:15.415 15219 15308 I LSPosed-Bridge: 	at com.loc.an.a(Unknown Source:54)

07-25 22:45:15.415 15219 15308 I LSPosed-Bridge: 	at com.loc.an.a(Unknown Source:7)

07-25 22:45:15.415 15219 15308 I LSPosed-Bridge: 	at com.loc.fo.a(Unknown Source:6)

07-25 22:45:15.415 15219 15308 I LSPosed-Bridge: 	at com.loc.fo.a(Unknown Source:8)

07-25 22:45:15.415 15219 15308 I LSPosed-Bridge: 	at com.loc.h.i(Unknown Source:234)

07-25 22:45:15.415 15219 15308 I LSPosed-Bridge: 	at com.loc.h.a(Unknown Source:27)

07-25 22:45:15.415 15219 15308 I LSPosed-Bridge: 	at com.loc.d$a.handleMessage(Unknown Source:103)

07-25 22:45:15.415 15219 15308 I LSPosed-Bridge: 	at android.os.Handler.dispatchMessage(Handler.java:106)

07-25 22:45:15.415 15219 15308 I LSPosed-Bridge: 	at android.os.Looper.loop(Looper.java:193)

07-25 22:45:15.415 15219 15308 I LSPosed-Bridge: 	at android.os.HandlerThread.run(HandlerThread.java:65)

07-25 22:45:15.415 15219 15308 I LSPosed-Bridge: 	at com.loc.d$b.run(Unknown Source:0)

07-25 22:45:15.416 15219 15308 I LSPosed-Bridge: 15219 PermLabel 10126 ContextImpl.checkPermission: pid = 15219; uid = 10126; permName: android.permission.READ_PHONE_STATE; type = 1; res = -1; stacktrace=java.lang.Exception

07-25 22:45:15.416 15219 15308 I LSPosed-Bridge: 	at com.example.permlabel.requestPerm$2.afterHookedMethod(requestPerm.java:224)

07-25 22:45:15.416 15219 15308 I LSPosed-Bridge: 	at de.robv.android.xposed.XposedBridge$AdditionalHookInfo.callback(Unknown Source:147)

07-25 22:45:15.416 15219 15308 I LSPosed-Bridge: 	at LSPHooker_.checkPermission(Unknown Source:25)

07-25 22:45:15.416 15219 15308 I LSPosed-Bridge: 	at android.app.ContextImpl.checkCallingOrSelfPermission(ContextImpl.java:1791)

07-25 22:45:15.416 15219 15308 I LSPosed-Bridge: 	at android.content.ContextWrapper.checkCallingOrSelfPermission(ContextWrapper.java:754)

07-25 22:45:15.416 15219 15308 I LSPosed-Bridge: 	at com.loc.o.c(Unknown Source:2)

07-25 22:45:15.416 15219 15308 I LSPosed-Bridge: 	at com.loc.o.L(Unknown Source:16)

07-25 22:45:15.416 15219 15308 I LSPosed-Bridge: 	at com.loc.o.b(Unknown Source:0)

07-25 22:45:15.416 15219 15308 I LSPosed-Bridge: 	at com.loc.bt.a(Unknown Source:70)

07-25 22:45:15.416 15219 15308 I LSPosed-Bridge: 	at com.loc.ao.a(Unknown Source:4)

07-25 22:45:15.416 15219 15308 I LSPosed-Bridge: 	at com.loc.ao.a(Unknown Source:19)

07-25 22:45:15.416 15219 15308 I LSPosed-Bridge: 	at com.loc.an.a(Unknown Source:2)

07-25 22:45:15.416 15219 15308 I LSPosed-Bridge: 	at com.loc.an.a(Unknown Source:54)

07-25 22:45:15.416 15219 15308 I LSPosed-Bridge: 	at com.loc.an.a(Unknown Source:7)

07-25 22:45:15.416 15219 15308 I LSPosed-Bridge: 	at com.loc.fo.a(Unknown Source:6)

07-25 22:45:15.416 15219 15308 I LSPosed-Bridge: 	at com.loc.fo.a(Unknown Source:8)

07-25 22:45:15.416 15219 15308 I LSPosed-Bridge: 	at com.loc.h.i(Unknown Source:234)

07-25 22:45:15.416 15219 15308 I LSPosed-Bridge: 	at com.loc.h.a(Unknown Source:27)

07-25 22:45:15.416 15219 15308 I LSPosed-Bridge: 	at com.loc.d$a.handleMessage(Unknown Source:103)

