08-12 04:50:01.356  5773  5773 I LSPosed-Bridge: 	at android.app.ActivityThread.performResumeActivity(ActivityThread.java:3777)

08-12 04:50:01.356  5773  5773 I LSPosed-Bridge: 	at android.app.ActivityThread.handleResumeActivity(ActivityThread.java:3817)

08-12 04:50:01.356  5773  5773 I LSPosed-Bridge: 	at android.app.servertransaction.ResumeActivityItem.execute(ResumeActivityItem.java:51)

08-12 04:50:01.356  5773  5773 I LSPosed-Bridge: 	at android.app.servertransaction.TransactionExecutor.executeLifecycleState(TransactionExecutor.java:145)

08-12 04:50:01.356  5773  5773 I LSPosed-Bridge: 	at android.app.servertransaction.TransactionExecutor.execute(TransactionExecutor.java:70)

08-12 04:50:01.356  5773  5773 I LSPosed-Bridge: 	at android.app.ActivityThread$H.handleMessage(ActivityThread.java:1809)

08-12 04:50:01.356  5773  5773 I LSPosed-Bridge: 	at android.os.Handler.dispatchMessage(Handler.java:106)

08-12 04:50:01.356  5773  5773 I LSPosed-Bridge: 	at android.os.Looper.loop(Looper.java:193)

08-12 04:50:01.356  5773  5773 I LSPosed-Bridge: 	at android.app.ActivityThread.main(ActivityThread.java:6692)

08-12 04:50:01.356  5773  5773 I LSPosed-Bridge: 	at java.lang.reflect.Method.invoke(Native Method)

08-12 04:50:01.356  5773  5773 I LSPosed-Bridge: 	at com.android.internal.os.RuntimeInit$MethodAndArgsCaller.run(RuntimeInit.java:493)

08-12 04:50:01.356  5773  5773 I LSPosed-Bridge: 	at com.android.internal.os.ZygoteInit.main(ZygoteInit.java:858)

08-12 04:50:01.385  1577  5114 I LSPosed-Bridge: 5773 PermLabel 10149 AMS.checkPermission: Binder.getCallingPid() = 5773; uid = 10149; Binder.getCallingUid() = 10149; getNameForUid: kr.co.company.hwahae; getPackagesForUid: [kr.co.company.hwahae]; permName: android.permission.GET_TASKS; type = 0; res = -1; stacktrace=java.lang.Exception

08-12 04:50:01.385  1577  5114 I LSPosed-Bridge: 	at com.example.permlabel.requirePerm$1$2.afterHookedMethod(requirePerm.java:131)

08-12 04:50:01.385  1577  5114 I LSPosed-Bridge: 	at de.robv.android.xposed.XposedBridge$AdditionalHookInfo.callback(Unknown Source:147)

08-12 04:50:01.385  1577  5114 I LSPosed-Bridge: 	at LSPHooker_.checkPermission(Unknown Source:25)

08-12 04:50:01.385  1577  5114 I LSPosed-Bridge: 	at com.android.server.am.ActivityManagerService.isGetTasksAllowed(ActivityManagerService.java:10902)

08-12 04:50:01.385  1577  5114 I LSPosed-Bridge: 	at com.android.server.am.ActivityManagerService.getRunningAppProcesses(ActivityManagerService.java:16139)

08-12 04:50:01.385  1577  5114 I LSPosed-Bridge: 	at android.app.IActivityManager$Stub.onTransact(IActivityManager.java:1088)

08-12 04:50:01.385  1577  5114 I LSPosed-Bridge: 	at com.android.server.am.ActivityManagerService.onTransact(ActivityManagerService.java:3346)

08-12 04:50:01.385  1577  5114 I LSPosed-Bridge: 	at android.os.Binder.execTransact(Binder.java:731)

08-12 04:50:06.392  1577  5066 I LSPosed-Bridge: 5773 PermLabel 10149 AMS.checkPermission: Binder.getCallingPid() = 5773; uid = 10149; Binder.getCallingUid() = 10149; getNameForUid: kr.co.company.hwahae; getPackagesForUid: [kr.co.company.hwahae]; permName: android.permission.GET_TASKS; type = 0; res = -1; stacktrace=java.lang.Exception

08-12 04:50:06.392  1577  5066 I LSPosed-Bridge: 	at com.example.permlabel.requirePerm$1$2.afterHookedMethod(requirePerm.java:131)

08-12 04:50:06.392  1577  5066 I LSPosed-Bridge: 	at de.robv.android.xposed.XposedBridge$AdditionalHookInfo.callback(Unknown Source:147)

08-12 04:50:06.392  1577  5066 I LSPosed-Bridge: 	at LSPHooker_.checkPermission(Unknown Source:25)

08-12 04:50:06.392  1577  5066 I LSPosed-Bridge: 	at com.android.server.am.ActivityManagerService.isGetTasksAllowed(ActivityManagerService.java:10902)

08-12 04:50:06.392  1577  5066 I LSPosed-Bridge: 	at com.android.server.am.ActivityManagerService.getRunningAppProcesses(ActivityManagerService.java:16139)

08-12 04:50:06.392  1577  5066 I LSPosed-Bridge: 	at android.app.IActivityManager$Stub.onTransact(IActivityManager.java:1088)

08-12 04:50:06.392  1577  5066 I LSPosed-Bridge: 	at com.android.server.am.ActivityManagerService.onTransact(ActivityManagerService.java:3346)

08-12 04:50:06.392  1577  5066 I LSPosed-Bridge: 	at android.os.Binder.execTransact(Binder.java:731)

08-12 04:50:06.392  5773  5773 I LSPosed-Bridge: 5773 PermLabel hookBinder_test 10149 interfaceBinder =android.hardware.display.IDisplayManager; arg0 = 1; arg1 = android.os.Parcel@6833262; arg2 = android.os.Parcel@23e3ce9; arg3 = 0; res = true; stacktrace=java.lang.Exception

08-12 04:50:06.392  5773  5773 I LSPosed-Bridge: 	at com.example.permlabel.hookBinder_test$1.afterHookedMethod(hookBinder_test.java:62)

08-12 04:50:06.392  5773  5773 I LSPosed-Bridge: 	at de.robv.android.xposed.XposedBridge$AdditionalHookInfo.callback(Unknown Source:147)

08-12 04:50:06.392  5773  5773 I LSPosed-Bridge: 	at LSPHooker_.transact(Unknown Source:28)

08-12 04:50:06.392  5773  5773 I LSPosed-Bridge: 	at android.hardware.display.IDisplayManager$Stub$Proxy.getDisplayInfo(IDisplayManager.java:404)

08-12 04:50:06.392  5773  5773 I LSPosed-Bridge: 	at android.hardware.display.DisplayManagerGlobal.getDisplayInfo(DisplayManagerGlobal.java:124)

08-12 04:50:06.392  5773  5773 I LSPosed-Bridge: 	at android.view.Display.updateDisplayInfoLocked(Display.java:1046)

08-12 04:50:06.392  5773  5773 I LSPosed-Bridge: 	at android.view.Display.getState(Display.java:1014)

08-12 04:50:06.392  5773  5773 I LSPosed-Bridge: 	at android.view.ViewRootImpl.setView(ViewRootImpl.java:667)

08-12 04:50:06.392  5773  5773 I LSPosed-Bridge: 	at android.view.WindowManagerGlobal.addView(WindowManagerGlobal.java:356)

08-12 04:50:06.392  5773  5773 I LSPosed-Bridge: 	at android.view.WindowManagerImpl.addView(WindowManagerImpl.java:94)

08-12 04:50:06.392  5773  5773 I LSPosed-Bridge: 	at android.app.ActivityThread.handleResumeActivity(ActivityThread.java:3869)

08-12 04:50:06.392  5773  5773 I LSPosed-Bridge: 	at android.app.servertransaction.ResumeActivityItem.execute(ResumeActivityItem.java:51)

08-12 04:50:06.392  5773  5773 I LSPosed-Bridge: 	at android.app.servertransaction.TransactionExecutor.executeLifecycleState(TransactionExecutor.java:145)

08-12 04:50:06.392  5773  5773 I LSPosed-Bridge: 	at android.app.servertransaction.TransactionExecutor.execute(TransactionExecutor.java:70)

08-12 04:50:06.392  5773  5773 I LSPosed-Bridge: 	at android.app.ActivityThread$H.handleMessage(ActivityThread.java:1809)

08-12 04:50:06.392  5773  5773 I LSPosed-Bridge: 	at android.os.Handler.dispatchMessage(Handler.java:106)

08-12 04:50:06.392  5773  5773 I LSPosed-Bridge: 	at android.os.Looper.loop(Looper.java:193)

08-12 04:50:06.392  5773  5773 I LSPosed-Bridge: 	at android.app.ActivityThread.main(ActivityThread.java:6692)

08-12 04:50:06.392  5773  5773 I LSPosed-Bridge: 	at java.lang.reflect.Method.invoke(Native Method)

08-12 04:50:06.392  5773  5773 I LSPosed-Bridge: 	at com.android.internal.os.RuntimeInit$MethodAndArgsCaller.run(RuntimeInit.java:493)

08-12 04:50:06.392  5773  5773 I LSPosed-Bridge: 	at com.android.internal.os.ZygoteInit.main(ZygoteInit.java:858)

08-12 04:50:06.414  1577  2712 I LSPosed-Bridge: 5773 PermLabel 10149 AMS.checkPermission: Binder.getCallingPid() = 5773; uid = 10149; Binder.getCallingUid() = 10149; getNameForUid: kr.co.company.hwahae; getPackagesForUid: [kr.co.company.hwahae]; permName: android.permission.GET_TASKS; type = 0; res = -1; stacktrace=java.lang.Exception

08-12 04:50:06.414  1577  2712 I LSPosed-Bridge: 	at com.example.permlabel.requirePerm$1$2.afterHookedMethod(requirePerm.java:131)

08-12 04:50:06.414  1577  2712 I LSPosed-Bridge: 	at de.robv.android.xposed.XposedBridge$AdditionalHookInfo.callback(Unknown Source:147)

08-12 04:50:06.414  1577  2712 I LSPosed-Bridge: 	at LSPHooker_.checkPermission(Unknown Source:25)

08-12 04:50:06.414  1577  2712 I LSPosed-Bridge: 	at com.android.server.am.ActivityManagerService.isGetTasksAllowed(ActivityManagerService.java:10902)

08-12 04:50:06.414  1577  2712 I LSPosed-Bridge: 	at com.android.server.am.ActivityManagerService.getRunningAppProcesses(ActivityManagerService.java:16139)

08-12 04:50:06.414  1577  2712 I LSPosed-Bridge: 	at android.app.IActivityManager$Stub.onTransact(IActivityManager.java:1088)

08-12 04:50:06.414  1577  2712 I LSPosed-Bridge: 	at com.android.server.am.ActivityManagerService.onTransact(ActivityManagerService.java:3346)

08-12 04:50:06.414  1577  2712 I LSPosed-Bridge: 	at android.os.Binder.execTransact(Binder.java:731)

08-12 04:50:06.414  5773  5773 I LSPosed-Bridge: 5773 PermLabel hookBinder_test 10149 interfaceBinder =android.view.IWindowSession; arg0 = 6; arg1 = android.os.Parcel@a172f58; arg2 = android.os.Parcel@f029e07; arg3 = 0; res = true; stacktrace=java.lang.Exception

08-12 04:50:06.414  5773  5773 I LSPosed-Bridge: 	at com.example.permlabel.hookBinder_test$1.afterHookedMethod(hookBinder_test.java:62)

08-12 04:50:06.414  5773  5773 I LSPosed-Bridge: 	at de.robv.android.xposed.XposedBridge$AdditionalHookInfo.callback(Unknown Source:147)

08-12 04:50:06.414  5773  5773 I LSPosed-Bridge: 	at LSPHooker_.transact(Unknown Source:28)

08-12 04:50:06.414  5773  5773 I LSPosed-Bridge: 	at android.view.IWindowSession$Stub$Proxy.relayout(IWindowSession.java:956)

08-12 04:50:06.414  5773  5773 I LSPosed-Bridge: 	at android.view.ViewRootImpl.relayoutWindow(ViewRootImpl.java:6568)

08-12 04:50:06.414  5773  5773 I LSPosed-Bridge: 	at android.view.ViewRootImpl.performTraversals(ViewRootImpl.java:2001)

08-12 04:50:06.414  5773  5773 I LSPosed-Bridge: 	at android.view.ViewRootImpl.doTraversal(ViewRootImpl.java:1465)

08-12 04:50:06.414  5773  5773 I LSPosed-Bridge: 	at android.view.ViewRootImpl$TraversalRunnable.run(ViewRootImpl.java:7205)

08-12 04:50:06.414  5773  5773 I LSPosed-Bridge: 	at android.view.Choreographer$CallbackRecord.run(Choreographer.java:1004)

08-12 04:50:06.414  5773  5773 I LSPosed-Bridge: 	at android.view.Choreographer.doCallbacks(Choreographer.java:816)

08-12 04:50:06.414  5773  5773 I LSPosed-Bridge: 	at android.view.Choreographer.doFrame(Choreographer.java:751)

08-12 04:50:06.414  5773  5773 I LSPosed-Bridge: 	at android.view.Choreographer$FrameDisplayEventReceiver.run(Choreographer.java:990)

08-12 04:50:06.414  5773  5773 I LSPosed-Bridge: 	at android.os.Handler.handleCallback(Handler.java:873)

08-12 04:50:06.414  5773  5773 I LSPosed-Bridge: 	at android.os.Handler.dispatchMessage(Handler.java:99)

08-12 04:50:06.414  5773  5773 I LSPosed-Bridge: 	at android.os.Looper.loop(Looper.java:193)

08-12 04:50:06.414  5773  5773 I LSPosed-Bridge: 	at android.app.ActivityThread.main(ActivityThread.java:6692)

08-12 04:50:06.414  5773  5773 I LSPosed-Bridge: 	at java.lang.reflect.Method.invoke(Native Method)

08-12 04:50:06.414  5773  5773 I LSPosed-Bridge: 	at com.android.internal.os.RuntimeInit$MethodAndArgsCaller.run(RuntimeInit.java:493)

08-12 04:50:06.414  5773  5773 I LSPosed-Bridge: 	at com.android.internal.os.ZygoteInit.main(ZygoteInit.java:858)

08-12 04:50:06.414  5773  6062 I LSPosed-Bridge: 5773 PermLabel hookBinder_test 10149 interfaceBinder =android.app.IActivityManager; arg0 = 81; arg1 = android.os.Parcel@24c7d2d; arg2 = android.os.Parcel@1feb4b0; arg3 = 0; res = true; stacktrace=java.lang.Exception

08-12 04:50:06.414  5773  6062 I LSPosed-Bridge: 	at com.example.permlabel.hookBinder_test$1.afterHookedMethod(hookBinder_test.java:62)

08-12 04:50:06.414  5773  6062 I LSPosed-Bridge: 	at de.robv.android.xposed.XposedBridge$AdditionalHookInfo.callback(Unknown Source:147)

08-12 04:50:06.414  5773  6062 I LSPosed-Bridge: 	at LSPHooker_.transact(Unknown Source:28)

08-12 04:50:06.414  5773  6062 I LSPosed-Bridge: 	at android.app.IActivityManager$Stub$Proxy.getRunningAppProcesses(IActivityManager.java:5366)

08-12 04:50:06.414  5773  6062 I LSPosed-Bridge: 	at android.app.ActivityManager.getRunningAppProcesses(ActivityManager.java:3435)

08-12 04:50:06.414  5773  6062 I LSPosed-Bridge: 	at java.lang.reflect.Method.invoke(Native Method)

08-12 04:50:06.414  5773  6062 I LSPosed-Bridge: 	at org.lsposed.lspd.nativebridge.HookBridge.invokeOriginalMethod(Native Method)

08-12 04:50:06.414  5773  6062 I LSPosed-Bridge: 	at de.robv.android.xposed.XposedBridge$AdditionalHookInfo.callback(Unknown Source:110)

08-12 04:50:06.414  5773  6062 I LSPosed-Bridge: 	at LSPHooker_.getRunningAppProcesses(Unknown Source:8)

08-12 04:50:06.414  5773  6062 I LSPosed-Bridge: 	at com.google.firebase.crashlytics.internal.common.CommonUtils.getAppProcessInfo(SourceFile:2)

08-12 04:50:06.414  5773  6062 I LSPosed-Bridge: 	at com.google.firebase.crashlytics.internal.common.CrashlyticsController.writeSessionEvent(SourceFile:10)

08-12 04:50:06.414  5773  6062 I LSPosed-Bridge: 	at com.google.firebase.crashlytics.internal.common.CrashlyticsController.doWriteNonFatal(SourceFile:11)

08-12 04:50:06.414  5773  6062 I LSPosed-Bridge: 	at com.google.firebase.crashlytics.internal.common.CrashlyticsController.access$2100(SourceFile:1)

08-12 04:50:06.414  5773  6062 I LSPosed-Bridge: 	at com.google.firebase.crashlytics.internal.common.CrashlyticsController$11.run(SourceFile:4)

08-12 04:50:06.414  5773  6062 I LSPosed-Bridge: 	at com.google.firebase.crashlytics.internal.common.CrashlyticsBackgroundWorker$2.call(SourceFile:2)

08-12 04:50:06.414  5773  6062 I LSPosed-Bridge: 	at com.google.firebase.crashlytics.internal.common.CrashlyticsBackgroundWorker$2.call(SourceFile:1)

08-12 04:50:06.414  5773  6062 I LSPosed-Bridge: 	at com.google.firebase.crashlytics.internal.common.CrashlyticsBackgroundWorker$3.then(SourceFile:1)

08-12 04:50:06.414  5773  6062 I LSPosed-Bridge: 	at com.google.android.gms.tasks.zzc.run(SourceFile:3)

08-12 04:50:06.414  5773  6062 I LSPosed-Bridge: 	at java.util.concurrent.ThreadPoolExecutor.runWorker(ThreadPoolExecutor.java:1167)

08-12 04:50:06.414  5773  6062 I LSPosed-Bridge: 	at java.util.concurrent.ThreadPoolExecutor$Worker.run(ThreadPoolExecutor.java:641)

08-12 04:50:06.414  5773  6062 I LSPosed-Bridge: 	at com.google.firebase.crashlytics.internal.common.ExecutorUtils$1$1.onRun(SourceFile:1)

08-12 04:50:06.414  5773  6062 I LSPosed-Bridge: 	at com.google.firebase.crashlytics.internal.common.BackgroundPriorityRunnable.run(SourceFile:2)

08-12 04:50:06.414  5773  6062 I LSPosed-Bridge: 	at java.lang.Thread.run(Thread.java:764)

08-12 04:50:11.482   558   558 I ConfigStore: android::hardware::configstore::V1_0::ISurfaceFlingerConfigs::hasHDRDisplay retrieved: 0

08-12 04:50:11.482  1577  5066 I LSPosed-Bridge: 5773 PermLabel 10149 AMS.checkPermission: Binder.getCallingPid() = 5773; uid = 10149; Binder.getCallingUid() = 10149; getNameForUid: kr.co.company.hwahae; getPackagesForUid: [kr.co.company.hwahae]; permName: android.permission.GET_TASKS; type = 0; res = -1; stacktrace=java.lang.Exception

08-12 04:50:11.482  1577  5066 I LSPosed-Bridge: 	at com.example.permlabel.requirePerm$1$2.afterHookedMethod(requirePerm.java:131)

08-12 04:50:11.482  1577  5066 I LSPosed-Bridge: 	at de.robv.android.xposed.XposedBridge$AdditionalHookInfo.callback(Unknown Source:147)

08-12 04:50:11.482  1577  5066 I LSPosed-Bridge: 	at LSPHooker_.checkPermission(Unknown Source:25)

08-12 04:50:11.482  1577  5066 I LSPosed-Bridge: 	at com.android.server.am.ActivityManagerService.isGetTasksAllowed(ActivityManagerService.java:10902)

08-12 04:50:11.482  1577  5066 I LSPosed-Bridge: 	at com.android.server.am.ActivityManagerService.getRunningAppProcesses(ActivityManagerService.java:16139)

08-12 04:50:11.482  1577  5066 I LSPosed-Bridge: 	at android.app.IActivityManager$Stub.onTransact(IActivityManager.java:1088)

08-12 04:50:11.482  1577  5066 I LSPosed-Bridge: 	at com.android.server.am.ActivityManagerService.onTransact(ActivityManagerService.java:3346)

08-12 04:50:11.482  1577  5066 I LSPosed-Bridge: 	at android.os.Binder.execTransact(Binder.java:731)

08-12 04:50:11.497  1577  5066 I LSPosed-Bridge: 5773 PermLabel 10149 AMS.checkPermission: Binder.getCallingPid() = 5773; uid = 10149; Binder.getCallingUid() = 10149; getNameForUid: kr.co.company.hwahae; getPackagesForUid: [kr.co.company.hwahae]; permName: android.permission.GET_TASKS; type = 0; res = -1; stacktrace=java.lang.Exception

08-12 04:50:11.497  1577  5066 I LSPosed-Bridge: 	at com.example.permlabel.requirePerm$1$2.afterHookedMethod(requirePerm.java:131)

08-12 04:50:11.497  1577  5066 I LSPosed-Bridge: 	at de.robv.android.xposed.XposedBridge$AdditionalHookInfo.callback(Unknown Source:147)

08-12 04:50:11.497  1577  5066 I LSPosed-Bridge: 	at LSPHooker_.checkPermission(Unknown Source:25)

08-12 04:50:11.497  1577  5066 I LSPosed-Bridge: 	at com.android.server.am.ActivityManagerService.isGetTasksAllowed(ActivityManagerService.java:10902)

08-12 04:50:11.497  1577  5066 I LSPosed-Bridge: 	at com.android.server.am.ActivityManagerService.getRunningAppProcesses(ActivityManagerService.java:16139)

08-12 04:50:11.497  1577  5066 I LSPosed-Bridge: 	at android.app.IActivityManager$Stub.onTransact(IActivityManager.java:1088)

08-12 04:50:11.497  1577  5066 I LSPosed-Bridge: 	at com.android.server.am.ActivityManagerService.onTransact(ActivityManagerService.java:3346)

08-12 04:50:11.497  1577  5066 I LSPosed-Bridge: 	at android.os.Binder.execTransact(Binder.java:731)

08-12 04:50:16.469  5773  6050 I LSPosed-Bridge: 5773 PermLabel hookBinder_test 10149 interfaceBinder =; arg0 = 1; arg1 = android.os.Parcel@25b3948; arg2 = android.os.Parcel@af228a8; arg3 = 0; res = true; stacktrace=java.lang.Exception

08-12 04:50:16.469  5773  6050 I LSPosed-Bridge: 	at com.example.permlabel.hookBinder_test$1.afterHookedMethod(hookBinder_test.java:62)

08-12 04:50:16.469  5773  6050 I LSPosed-Bridge: 	at de.robv.android.xposed.XposedBridge$AdditionalHookInfo.callback(Unknown Source:147)

08-12 04:50:16.469  5773  6050 I LSPosed-Bridge: 	at LSPHooker_.transact(Unknown Source:28)

08-12 04:50:16.469  5773  6050 I LSPosed-Bridge: 	at android.os.ServiceManagerProxy.getService(ServiceManagerNative.java:125)

08-12 04:50:16.469  5773  6050 I LSPosed-Bridge: 	at android.os.ServiceManager.rawGetService(ServiceManager.java:253)

08-12 04:50:16.469  5773  6050 I LSPosed-Bridge: 	at android.os.ServiceManager.getService(ServiceManager.java:124)

08-12 04:50:16.469  5773  6050 I LSPosed-Bridge: 	at android.telephony.SubscriptionManager.getDefaultDataSubscriptionId(SubscriptionManager.java:1381)

08-12 04:50:16.469  5773  6050 I LSPosed-Bridge: 	at android.telephony.TelephonyManager.getSimOperatorNumeric(TelephonyManager.java:2589)

08-12 04:50:16.469  5773  6050 I LSPosed-Bridge: 	at android.telephony.TelephonyManager.getSimOperator(TelephonyManager.java:2559)

08-12 04:50:16.469  5773  6050 I LSPosed-Bridge: 	at com.google.android.datatransport.cct.CctTransportBackend.decorate(SourceFile:16)

08-12 04:50:16.469  5773  6050 I LSPosed-Bridge: 	at com.google.android.datatransport.runtime.scheduling.DefaultScheduler.lambda$schedule$1(SourceFile:7)

08-12 04:50:16.469  5773  6050 I LSPosed-Bridge: 	at com.google.android.datatransport.runtime.scheduling.DefaultScheduler.a(Unknown Source:0)

08-12 04:50:16.469  5773  6050 I LSPosed-Bridge: 	at ua.b.run(Unknown Source:8)

08-12 04:50:16.469  5773  6050 I LSPosed-Bridge: 	at com.google.android.datatransport.runtime.SafeLoggingExecutor$SafeLoggingRunnable.run(SourceFile:1)

08-12 04:50:16.469  5773  6050 I LSPosed-Bridge: 	at java.util.concurrent.ThreadPoolExecutor.runWorker(ThreadPoolExecutor.java:1167)

08-12 04:50:16.469  5773  6050 I LSPosed-Bridge: 	at java.util.concurrent.ThreadPoolExecutor$Worker.run(ThreadPoolExecutor.java:641)

08-12 04:50:16.469  5773  6050 I LSPosed-Bridge: 	at java.lang.Thread.run(Thread.java:764)

08-12 04:50:16.469  5773  6057 I LSPosed-Bridge: 5773 PermLabel hookBinder_test 10149 interfaceBinder =android.content.pm.IPackageManager; arg0 = 13; arg1 = android.os.Parcel@adbf620; arg2 = android.os.Parcel@165bbd9; arg3 = 0; res = true; stacktrace=java.lang.Exception

08-12 04:50:16.469  5773  6057 I LSPosed-Bridge: 	at com.example.permlabel.hookBinder_test$1.afterHookedMethod(hookBinder_test.java:62)

08-12 04:50:16.469  5773  6057 I LSPosed-Bridge: 	at de.robv.android.xposed.XposedBridge$AdditionalHookInfo.callback(Unknown Source:147)

08-12 04:50:16.469  5773  6057 I LSPosed-Bridge: 	at LSPHooker_.transact(Unknown Source:28)

08-12 04:50:16.469  5773  6057 I LSPosed-Bridge: 	at android.content.pm.IPackageManager$Stub$Proxy.getApplicationInfo(IPackageManager.java:3104)

08-12 04:50:16.469  5773  6057 I LSPosed-Bridge: 	at android.app.ApplicationPackageManager.getApplicationInfoAsUser(ApplicationPackageManager.java:384)

08-12 04:50:16.469  5773  6057 I LSPosed-Bridge: 	at android.app.ApplicationPackageManager.getApplicationInfo(ApplicationPackageManager.java:377)

08-12 04:50:16.469  5773  6057 I LSPosed-Bridge: 	at m.cr.a(:com.google.android.gms.dynamite_measurementdynamite@233013028@23.30.13 (100400-0):7)

08-12 04:50:16.469  5773  6057 I LSPosed-Bridge: 	at m.ek.c(:com.google.android.gms.dynamite_measurementdynamite@233013028@23.30.13 (100400-0):42)

08-12 04:50:16.469  5773  6057 I LSPosed-Bridge: 	at m.ek.d(:com.google.android.gms.dynamite_measurementdynamite@233013028@23.30.13 (100400-0):4)

08-12 04:50:16.469  5773  6057 I LSPosed-Bridge: 	at m.ek.g(:com.google.android.gms.dynamite_measurementdynamite@233013028@23.30.13 (100400-0):6)

08-12 04:50:16.469  5773  6057 I LSPosed-Bridge: 	at m.kj.onActivityResumed(:com.google.android.gms.dynamite_measurementdynamite@233013028@23.30.13 (100400-0):82)

08-12 04:50:16.469  5773  6057 I LSPosed-Bridge: 	at com.google.android.gms.measurement.internal.AppMeasurementDynamiteService.onActivityResumed(:com.google.android.gms.dynamite_measurementdynamite@233013028@23.30.13 (100400-0):29)

08-12 04:50:16.469  5773  6057 I LSPosed-Bridge: 	at m.df.a(:com.google.android.gms.dynamite_measurementdynamite@233013028@23.30.13 (100400-0):104)

08-12 04:50:16.469  5773  6057 I LSPosed-Bridge: 	at m.am.onTransact(:com.google.android.gms.dynamite_measurementdynamite@233013028@23.30.13 (100400-0):21)

08-12 04:50:16.469  5773  6057 I LSPosed-Bridge: 	at android.os.Binder.transact(Binder.java:667)

08-12 04:50:16.469  5773  6057 I LSPosed-Bridge: 	at com.google.android.gms.internal.measurement.zzbm.zzc(SourceFile:2)

08-12 04:50:16.469  5773  6057 I LSPosed-Bridge: 	at com.google.android.gms.internal.measurement.zzca.onActivityResumed(SourceFile:4)

08-12 04:50:16.469  5773  6057 I LSPosed-Bridge: 	at com.google.android.gms.internal.measurement.zzdz.zza(SourceFile:2)

08-12 04:50:16.469  5773  6057 I LSPosed-Bridge: 	at com.google.android.gms.internal.measurement.zzdu.run(SourceFile:2)

08-12 04:50:16.469  5773  6057 I LSPosed-Bridge: 	at java.util.concurrent.ThreadPoolExecutor.runWorker(ThreadPoolExecutor.java:1167)

08-12 04:50:16.469  5773  6057 I LSPosed-Bridge: 	at java.util.concurrent.ThreadPoolExecutor$Worker.run(ThreadPoolExecutor.java:641)

08-12 04:50:16.469  5773  6057 I LSPosed-Bridge: 	at java.lang.Thread.run(Thread.java:764)

08-12 04:50:16.469  1577  2079 I LSPosed-Bridge: 5773 PermLabel 10149 AMS.checkPermission: Binder.getCallingPid() = 5773; uid = 10149; Binder.getCallingUid() = 10149; getNameForUid: kr.co.company.hwahae; getPackagesForUid: [kr.co.company.hwahae]; permName: android.permission.GET_TASKS; type = 0; res = -1; stacktrace=java.lang.Exception

08-12 04:50:16.469  1577  2079 I LSPosed-Bridge: 	at com.example.permlabel.requirePerm$1$2.afterHookedMethod(requirePerm.java:131)

08-12 04:50:16.469  1577  2079 I LSPosed-Bridge: 	at de.robv.android.xposed.XposedBridge$AdditionalHookInfo.callback(Unknown Source:147)

08-12 04:50:16.469  1577  2079 I LSPosed-Bridge: 	at LSPHooker_.checkPermission(Unknown Source:25)

08-12 04:50:16.469  1577  2079 I LSPosed-Bridge: 	at com.android.server.am.ActivityManagerService.isGetTasksAllowed(ActivityManagerService.java:10902)

08-12 04:50:16.469  1577  2079 I LSPosed-Bridge: 	at com.android.server.am.ActivityManagerService.getRunningAppProcesses(ActivityManagerService.java:16139)

08-12 04:50:16.469  1577  2079 I LSPosed-Bridge: 	at android.app.IActivityManager$Stub.onTransact(IActivityManager.java:1088)

08-12 04:50:16.469  1577  2079 I LSPosed-Bridge: 	at com.android.server.am.ActivityManagerService.onTransact(ActivityManagerService.java:3346)

08-12 04:50:16.469  1577  2079 I LSPosed-Bridge: 	at android.os.Binder.execTransact(Binder.java:731)

08-12 04:50:16.469  5773  6120 I LSPosed-Bridge: 5773 PermLabel hookBinder_test 10149 interfaceBinder =android.content.pm.IPackageManager; arg0 = 13; arg1 = android.os.Parcel@ea2d387; arg2 = android.os.Parcel@97107c6; arg3 = 0; res = true; stacktrace=java.lang.Exception

08-12 04:50:16.469  5773  6120 I LSPosed-Bridge: 	at com.example.permlabel.hookBinder_test$1.afterHookedMethod(hookBinder_test.java:62)

08-12 04:50:16.469  5773  6120 I LSPosed-Bridge: 	at de.robv.android.xposed.XposedBridge$AdditionalHookInfo.callback(Unknown Source:147)

08-12 04:50:16.469  5773  6120 I LSPosed-Bridge: 	at LSPHooker_.transact(Unknown Source:28)

08-12 04:50:16.469  5773  6120 I LSPosed-Bridge: 	at android.content.pm.IPackageManager$Stub$Proxy.getApplicationInfo(IPackageManager.java:3104)

08-12 04:50:16.469  5773  6120 I LSPosed-Bridge: 	at android.app.ApplicationPackageManager.getApplicationInfoAsUser(ApplicationPackageManager.java:384)

08-12 04:50:16.469  5773  6120 I LSPosed-Bridge: 	at android.app.ApplicationPackageManager.getApplicationInfo(ApplicationPackageManager.java:377)

08-12 04:50:16.469  5773  6120 I LSPosed-Bridge: 	at m.cr.a(:com.google.android.gms.dynamite_measurementdynamite@233013028@23.30.13 (100400-0):7)

08-12 04:50:16.469  5773  6120 I LSPosed-Bridge: 	at m.ek.c(:com.google.android.gms.dynamite_measurementdynamite@233013028@23.30.13 (100400-0):42)

08-12 04:50:16.469  5773  6120 I LSPosed-Bridge: 	at m.ek.d(:com.google.android.gms.dynamite_measurementdynamite@233013028@23.30.13 (100400-0):4)

08-12 04:50:16.469  5773  6120 I LSPosed-Bridge: 	at m.ek.g(:com.google.android.gms.dynamite_measurementdynamite@233013028@23.30.13 (100400-0):6)

08-12 04:50:16.469  5773  6120 I LSPosed-Bridge: 	at m.ly.run(:com.google.android.gms.dynamite_measurementdynamite@233013028@23.30.13 (100400-0):38)

08-12 04:50:16.469  5773  6120 I LSPosed-Bridge: 	at java.util.concurrent.Executors$RunnableAdapter.call(Executors.java:458)

08-12 04:50:16.469  5773  6120 I LSPosed-Bridge: 	at java.util.concurrent.FutureTask.run(FutureTask.java:266)

08-12 04:50:16.469  5773  6120 I LSPosed-Bridge: 	at m.it.run(:com.google.android.gms.dynamite_measurementdynamite@233013028@23.30.13 (100400-0):48)

08-12 04:50:16.495  1577  2712 I LSPosed-Bridge: 5773 PermLabel 10149 AMS.checkPermission: Binder.getCallingPid() = 5773; uid = 10149; Binder.getCallingUid() = 10149; getNameForUid: kr.co.company.hwahae; getPackagesForUid: [kr.co.company.hwahae]; permName: android.permission.GET_TASKS; type = 0; res = -1; stacktrace=java.lang.Exception

08-12 04:50:16.495  1577  2712 I LSPosed-Bridge: 	at com.example.permlabel.requirePerm$1$2.afterHookedMethod(requirePerm.java:131)

08-12 04:50:16.495  1577  2712 I LSPosed-Bridge: 	at de.robv.android.xposed.XposedBridge$AdditionalHookInfo.callback(Unknown Source:147)

08-12 04:50:16.495  1577  2712 I LSPosed-Bridge: 	at LSPHooker_.checkPermission(Unknown Source:25)

08-12 04:50:16.495  1577  2712 I LSPosed-Bridge: 	at com.android.server.am.ActivityManagerService.isGetTasksAllowed(ActivityManagerService.java:10902)

08-12 04:50:16.495  1577  2712 I LSPosed-Bridge: 	at com.android.server.am.ActivityManagerService.getRunningAppProcesses(ActivityManagerService.java:16139)

08-12 04:50:16.495  1577  2712 I LSPosed-Bridge: 	at android.app.IActivityManager$Stub.onTransact(IActivityManager.java:1088)

08-12 04:50:16.495  1577  2712 I LSPosed-Bridge: 	at com.android.server.am.ActivityManagerService.onTransact(ActivityManagerService.java:3346)

08-12 04:50:16.495  1577  2712 I LSPosed-Bridge: 	at android.os.Binder.execTransact(Binder.java:731)

08-12 04:50:16.495   558   558 I ConfigStore: android::hardware::configstore::V1_0::ISurfaceFlingerConfigs::hasHDRDisplay retrieved: 0

08-12 04:50:16.495  5773  5773 I LSPosed-Bridge: 5773 PermLabel hookBinder_test 10149 interfaceBinder =android.view.IWindowSession; arg0 = 6; arg1 = android.os.Parcel@ea2d387; arg2 = android.os.Parcel@165bbd9; arg3 = 0; res = true; stacktrace=java.lang.Exception

08-12 04:50:16.495  5773  5773 I LSPosed-Bridge: 	at com.example.permlabel.hookBinder_test$1.afterHookedMethod(hookBinder_test.java:62)

08-12 04:50:16.495  5773  5773 I LSPosed-Bridge: 	at de.robv.android.xposed.XposedBridge$AdditionalHookInfo.callback(Unknown Source:147)

08-12 04:50:16.495  5773  5773 I LSPosed-Bridge: 	at LSPHooker_.transact(Unknown Source:28)

08-12 04:50:16.495  5773  5773 I LSPosed-Bridge: 	at android.view.IWindowSession$Stub$Proxy.relayout(IWindowSession.java:956)

08-12 04:50:16.495  5773  5773 I LSPosed-Bridge: 	at android.view.ViewRootImpl.relayoutWindow(ViewRootImpl.java:6568)

08-12 04:50:16.495  5773  5773 I LSPosed-Bridge: 	at android.view.ViewRootImpl.performTraversals(ViewRootImpl.java:2001)

08-12 04:50:16.495  5773  5773 I LSPosed-Bridge: 	at android.view.ViewRootImpl.doTraversal(ViewRootImpl.java:1465)

08-12 04:50:16.495  5773  5773 I LSPosed-Bridge: 	at android.view.ViewRootImpl$TraversalRunnable.run(ViewRootImpl.java:7205)

08-12 04:50:16.495  5773  5773 I LSPosed-Bridge: 	at android.view.Choreographer$CallbackRecord.run(Choreographer.java:1004)

08-12 04:50:16.495  5773  5773 I LSPosed-Bridge: 	at android.view.Choreographer.doCallbacks(Choreographer.java:816)

08-12 04:50:16.495  5773  5773 I LSPosed-Bridge: 	at android.view.Choreographer.doFrame(Choreographer.java:751)

08-12 04:50:16.495  5773  5773 I LSPosed-Bridge: 	at android.view.Choreographer$FrameDisplayEventReceiver.run(Choreographer.java:990)

08-12 04:50:16.495  5773  5773 I LSPosed-Bridge: 	at android.os.Handler.handleCallback(Handler.java:873)

08-12 04:50:16.495  5773  5773 I LSPosed-Bridge: 	at android.os.Handler.dispatchMessage(Handler.java:99)

08-12 04:50:16.495  5773  5773 I LSPosed-Bridge: 	at android.os.Looper.loop(Looper.java:193)

08-12 04:50:16.495  5773  5773 I LSPosed-Bridge: 	at android.app.ActivityThread.main(ActivityThread.java:6692)

08-12 04:50:16.495  5773  5773 I LSPosed-Bridge: 	at java.lang.reflect.Method.invoke(Native Method)

08-12 04:50:16.495  5773  5773 I LSPosed-Bridge: 	at com.android.internal.os.RuntimeInit$MethodAndArgsCaller.run(RuntimeInit.java:493)

08-12 04:50:16.495  5773  5773 I LSPosed-Bridge: 	at com.android.internal.os.ZygoteInit.main(ZygoteInit.java:858)

08-12 04:50:21.529  5773  6050 I LSPosed-Bridge: 5773 PermLabel hookBinder_test 10149 interfaceBinder =com.android.internal.telephony.ISub; arg0 = 22; arg1 = android.os.Parcel@305cce8; arg2 = android.os.Parcel@8f86cdf; arg3 = 0; res = true; stacktrace=java.lang.Exception

08-12 04:50:21.529  5773  6050 I LSPosed-Bridge: 	at com.example.permlabel.hookBinder_test$1.afterHookedMethod(hookBinder_test.java:62)

08-12 04:50:21.529  5773  6050 I LSPosed-Bridge: 	at de.robv.android.xposed.XposedBridge$AdditionalHookInfo.callback(Unknown Source:147)

08-12 04:50:21.529  5773  6050 I LSPosed-Bridge: 	at LSPHooker_.transact(Unknown Source:28)

08-12 04:50:21.529  5773  6050 I LSPosed-Bridge: 	at com.android.internal.telephony.ISub$Stub$Proxy.getPhoneId(ISub.java:882)

08-12 04:50:21.529  5773  6050 I LSPosed-Bridge: 	at android.telephony.SubscriptionManager.getPhoneId(SubscriptionManager.java:1224)

08-12 04:50:21.529  5773  6050 I LSPosed-Bridge: 	at android.telephony.TelephonyManager.getSimOperatorNumeric(TelephonyManager.java:2615)

08-12 04:50:21.529  5773  6050 I LSPosed-Bridge: 	at android.telephony.TelephonyManager.getSimOperatorNumeric(TelephonyManager.java:2600)

08-12 04:50:21.529  5773  6050 I LSPosed-Bridge: 	at android.telephony.TelephonyManager.getSimOperator(TelephonyManager.java:2559)

08-12 04:50:21.529  5773  6050 I LSPosed-Bridge: 	at com.google.android.datatransport.cct.CctTransportBackend.decorate(SourceFile:16)

08-12 04:50:21.529  5773  6050 I LSPosed-Bridge: 	at com.google.android.datatransport.runtime.scheduling.DefaultScheduler.lambda$schedule$1(SourceFile:7)

08-12 04:50:21.529  5773  6050 I LSPosed-Bridge: 	at com.google.android.datatransport.runtime.scheduling.DefaultScheduler.a(Unknown Source:0)

08-12 04:50:21.529  5773  6050 I LSPosed-Bridge: 	at ua.b.run(Unknown Source:8)

08-12 04:50:21.529  5773  6050 I LSPosed-Bridge: 	at com.google.android.datatransport.runtime.SafeLoggingExecutor$SafeLoggingRunnable.run(SourceFile:1)

08-12 04:50:21.529  5773  6050 I LSPosed-Bridge: 	at java.util.concurrent.ThreadPoolExecutor.runWorker(ThreadPoolExecutor.java:1167)

08-12 04:50:21.529  5773  6050 I LSPosed-Bridge: 	at java.util.concurrent.ThreadPoolExecutor$Worker.run(ThreadPoolExecutor.java:641)

08-12 04:50:21.529  5773  6050 I LSPosed-Bridge: 	at java.lang.Thread.run(Thread.java:764)

08-12 04:50:21.529  1577  5114 I LSPosed-Bridge: 5773 PermLabel 10149 AMS.checkPermission: Binder.getCallingPid() = 5773; uid = 10149; Binder.getCallingUid() = 10149; getNameForUid: kr.co.company.hwahae; getPackagesForUid: [kr.co.company.hwahae]; permName: android.permission.GET_TASKS; type = 0; res = -1; stacktrace=java.lang.Exception

08-12 04:50:21.529  1577  5114 I LSPosed-Bridge: 	at com.example.permlabel.requirePerm$1$2.afterHookedMethod(requirePerm.java:131)

08-12 04:50:21.529  1577  5114 I LSPosed-Bridge: 	at de.robv.android.xposed.XposedBridge$AdditionalHookInfo.callback(Unknown Source:147)

08-12 04:50:21.529  1577  5114 I LSPosed-Bridge: 	at LSPHooker_.checkPermission(Unknown Source:25)

08-12 04:50:21.529  1577  5114 I LSPosed-Bridge: 	at com.android.server.am.ActivityManagerService.isGetTasksAllowed(ActivityManagerService.java:10902)

08-12 04:50:21.529  1577  5114 I LSPosed-Bridge: 	at com.android.server.am.ActivityManagerService.getRunningAppProcesses(ActivityManagerService.java:16139)

08-12 04:50:21.529  1577  5114 I LSPosed-Bridge: 	at android.app.IActivityManager$Stub.onTransact(IActivityManager.java:1088)

08-12 04:50:21.529  1577  5114 I LSPosed-Bridge: 	at com.android.server.am.ActivityManagerService.onTransact(ActivityManagerService.java:3346)

08-12 04:50:21.529  1577  5114 I LSPosed-Bridge: 	at android.os.Binder.execTransact(Binder.java:731)

08-12 04:50:21.622  1577  2712 I LSPosed-Bridge: 5773 PermLabel 10149 AMS.checkPermission: Binder.getCallingPid() = 5773; uid = 10149; Binder.getCallingUid() = 10149; getNameForUid: kr.co.company.hwahae; getPackagesForUid: [kr.co.company.hwahae]; permName: android.permission.GET_TASKS; type = 0; res = -1; stacktrace=java.lang.Exception

08-12 04:50:21.622  1577  2712 I LSPosed-Bridge: 	at com.example.permlabel.requirePerm$1$2.afterHookedMethod(requirePerm.java:131)

08-12 04:50:21.622  1577  2712 I LSPosed-Bridge: 	at de.robv.android.xposed.XposedBridge$AdditionalHookInfo.callback(Unknown Source:147)

08-12 04:50:21.622  1577  2712 I LSPosed-Bridge: 	at LSPHooker_.checkPermission(Unknown Source:25)

08-12 04:50:21.622  1577  2712 I LSPosed-Bridge: 	at com.android.server.am.ActivityManagerService.isGetTasksAllowed(ActivityManagerService.java:10902)

08-12 04:50:21.622  1577  2712 I LSPosed-Bridge: 	at com.android.server.am.ActivityManagerService.getRunningAppProcesses(ActivityManagerService.java:16139)

08-12 04:50:21.622  1577  2712 I LSPosed-Bridge: 	at android.app.IActivityManager$Stub.onTransact(IActivityManager.java:1088)

08-12 04:50:21.622  1577  2712 I LSPosed-Bridge: 	at com.android.server.am.ActivityManagerService.onTransact(ActivityManagerService.java:3346)

08-12 04:50:21.622  1577  2712 I LSPosed-Bridge: 	at android.os.Binder.execTransact(Binder.java:731)

08-12 04:50:26.611  1577  2079 I LSPosed-Bridge: 5773 PermLabel 10149 AMS.checkPermission: Binder.getCallingPid() = 5773; uid = 10149; Binder.getCallingUid() = 10149; getNameForUid: kr.co.company.hwahae; getPackagesForUid: [kr.co.company.hwahae]; permName: android.permission.GET_TASKS; type = 0; res = -1; stacktrace=java.lang.Exception

08-12 04:50:26.611  1577  2079 I LSPosed-Bridge: 	at com.example.permlabel.requirePerm$1$2.afterHookedMethod(requirePerm.java:131)

08-12 04:50:26.611  1577  2079 I LSPosed-Bridge: 	at de.robv.android.xposed.XposedBridge$AdditionalHookInfo.callback(Unknown Source:147)

08-12 04:50:26.611  1577  2079 I LSPosed-Bridge: 	at LSPHooker_.checkPermission(Unknown Source:25)

08-12 04:50:26.611  1577  2079 I LSPosed-Bridge: 	at com.android.server.am.ActivityManagerService.isGetTasksAllowed(ActivityManagerService.java:10902)

08-12 04:50:26.611  1577  2079 I LSPosed-Bridge: 	at com.android.server.am.ActivityManagerService.getRunningAppProcesses(ActivityManagerService.java:16139)

08-12 04:50:26.611  1577  2079 I LSPosed-Bridge: 	at android.app.IActivityManager$Stub.onTransact(IActivityManager.java:1088)

08-12 04:50:26.611  1577  2079 I LSPosed-Bridge: 	at com.android.server.am.ActivityManagerService.onTransact(ActivityManagerService.java:3346)

08-12 04:50:26.611  1577  2079 I LSPosed-Bridge: 	at android.os.Binder.execTransact(Binder.java:731)

08-12 04:50:26.637  1577  5066 I LSPosed-Bridge: 5773 PermLabel 10149 AMS.checkPermission: Binder.getCallingPid() = 5773; uid = 10149; Binder.getCallingUid() = 10149; getNameForUid: kr.co.company.hwahae; getPackagesForUid: [kr.co.company.hwahae]; permName: android.permission.GET_TASKS; type = 0; res = -1; stacktrace=java.lang.Exception

08-12 04:50:26.637  1577  5066 I LSPosed-Bridge: 	at com.example.permlabel.requirePerm$1$2.afterHookedMethod(requirePerm.java:131)

08-12 04:50:26.637  1577  5066 I LSPosed-Bridge: 	at de.robv.android.xposed.XposedBridge$AdditionalHookInfo.callback(Unknown Source:147)

08-12 04:50:26.637  1577  5066 I LSPosed-Bridge: 	at LSPHooker_.checkPermission(Unknown Source:25)

08-12 04:50:26.637  1577  5066 I LSPosed-Bridge: 	at com.android.server.am.ActivityManagerService.isGetTasksAllowed(ActivityManagerService.java:10902)

08-12 04:50:26.637  1577  5066 I LSPosed-Bridge: 	at com.android.server.am.ActivityManagerService.getRunningAppProcesses(ActivityManagerService.java:16139)

08-12 04:50:26.637  1577  5066 I LSPosed-Bridge: 	at android.app.IActivityManager$Stub.onTransact(IActivityManager.java:1088)

08-12 04:50:26.637  1577  5066 I LSPosed-Bridge: 	at com.android.server.am.ActivityManagerService.onTransact(ActivityManagerService.java:3346)

08-12 04:50:26.637  1577  5066 I LSPosed-Bridge: 	at android.os.Binder.execTransact(Binder.java:731)

08-12 04:50:31.531  1577  1863 I LSPosed-Bridge: 5773 PermLabel 10149 AMS.checkPermission: Binder.getCallingPid() = 5773; uid = 10149; Binder.getCallingUid() = 10149; getNameForUid: kr.co.company.hwahae; getPackagesForUid: [kr.co.company.hwahae]; permName: android.permission.GET_TASKS; type = 0; res = -1; stacktrace=java.lang.Exception

08-12 04:50:31.531  1577  1863 I LSPosed-Bridge: 	at com.example.permlabel.requirePerm$1$2.afterHookedMethod(requirePerm.java:131)

08-12 04:50:31.531  1577  1863 I LSPosed-Bridge: 	at de.robv.android.xposed.XposedBridge$AdditionalHookInfo.callback(Unknown Source:147)

08-12 04:50:31.531  1577  1863 I LSPosed-Bridge: 	at LSPHooker_.checkPermission(Unknown Source:25)

08-12 04:50:31.531  1577  1863 I LSPosed-Bridge: 	at com.android.server.am.ActivityManagerService.isGetTasksAllowed(ActivityManagerService.java:10902)

08-12 04:50:31.531  1577  1863 I LSPosed-Bridge: 	at com.android.server.am.ActivityManagerService.getRunningAppProcesses(ActivityManagerService.java:16139)

08-12 04:50:31.531  1577  1863 I LSPosed-Bridge: 	at android.app.IActivityManager$Stub.onTransact(IActivityManager.java:1088)

08-12 04:50:31.531  1577  1863 I LSPosed-Bridge: 	at com.android.server.am.ActivityManagerService.onTransact(ActivityManagerService.java:3346)

08-12 04:50:31.531  1577  1863 I LSPosed-Bridge: 	at android.os.Binder.execTransact(Binder.java:731)

08-12 04:50:31.531  5773  5773 I LSPosed-Bridge: 5773 PermLabel hookBinder_test 10149 interfaceBinder =android.app.IActivityManager; arg0 = 204; arg1 = android.os.Parcel@4b5d983; arg2 = android.os.Parcel@3f07d3c; arg3 = 0; res = true; stacktrace=java.lang.Exception

08-12 04:50:31.531  5773  5773 I LSPosed-Bridge: 	at com.example.permlabel.hookBinder_test$1.afterHookedMethod(hookBinder_test.java:62)

08-12 04:50:31.531  5773  5773 I LSPosed-Bridge: 	at de.robv.android.xposed.XposedBridge$AdditionalHookInfo.callback(Unknown Source:147)

08-12 04:50:31.531  5773  5773 I LSPosed-Bridge: 	at LSPHooker_.transact(Unknown Source:28)

08-12 04:50:31.531  5773  5773 I LSPosed-Bridge: 	at android.app.IActivityManager$Stub$Proxy.isTopOfTask(IActivityManager.java:7934)

08-12 04:50:31.531  5773  5773 I LSPosed-Bridge: 	at android.app.Activity.isTopOfTask(Activity.java:6411)

08-12 04:50:31.531  5773  5773 I LSPosed-Bridge: 	at android.app.Activity.onResume(Activity.java:1344)

08-12 04:50:31.531  5773  5773 I LSPosed-Bridge: 	at androidx.fragment.app.h.onResume(SourceFile:2)

08-12 04:50:31.531  5773  5773 I LSPosed-Bridge: 	at oe.f.onResume(SourceFile:1)

08-12 04:50:31.531  5773  5773 I LSPosed-Bridge: 	at android.app.Instrumentation.callActivityOnResume(Instrumentation.java:1413)

08-12 04:50:31.531  5773  5773 I LSPosed-Bridge: 	at android.app.Activity.performResume(Activity.java:7292)

08-12 04:50:31.531  5773  5773 I LSPosed-Bridge: 	at android.app.ActivityThread.performResumeActivity(ActivityThread.java:3777)

08-12 04:50:31.531  5773  5773 I LSPosed-Bridge: 	at android.app.ActivityThread.handleResumeActivity(ActivityThread.java:3817)

08-12 04:50:31.531  5773  5773 I LSPosed-Bridge: 	at android.app.servertransaction.ResumeActivityItem.execute(ResumeActivityItem.java:51)

08-12 04:50:31.531  5773  5773 I LSPosed-Bridge: 	at android.app.servertransaction.TransactionExecutor.executeLifecycleState(TransactionExecutor.java:145)

08-12 04:50:31.531  5773  5773 I LSPosed-Bridge: 	at android.app.servertransaction.TransactionExecutor.execute(TransactionExecutor.java:70)

08-12 04:50:31.531  5773  5773 I LSPosed-Bridge: 	at android.app.ActivityThread$H.handleMessage(ActivityThread.java:1809)

08-12 04:50:31.531  5773  5773 I LSPosed-Bridge: 	at android.os.Handler.dispatchMessage(Handler.java:106)

08-12 04:50:31.531  5773  5773 I LSPosed-Bridge: 	at android.os.Looper.loop(Looper.java:193)

08-12 04:50:31.531  5773  5773 I LSPosed-Bridge: 	at android.app.ActivityThread.main(ActivityThread.java:6692)

08-12 04:50:31.531  5773  5773 I LSPosed-Bridge: 	at java.lang.reflect.Method.invoke(Native Method)

08-12 04:50:31.531  5773  5773 I LSPosed-Bridge: 	at com.android.internal.os.RuntimeInit$MethodAndArgsCaller.run(RuntimeInit.java:493)

08-12 04:50:31.531  5773  5773 I LSPosed-Bridge: 	at com.android.internal.os.ZygoteInit.main(ZygoteInit.java:858)

08-12 04:50:31.561  5773  6050 I LSPosed-Bridge: 5773 PermLabel hookBinder_test 10149 interfaceBinder =android.app.job.IJobScheduler; arg0 = 6; arg1 = android.os.Parcel@b2352a6; arg2 = android.os.Parcel@4b5d983; arg3 = 0; res = true; stacktrace=java.lang.Exception

08-12 04:50:31.561  5773  6050 I LSPosed-Bridge: 	at com.example.permlabel.hookBinder_test$1.afterHookedMethod(hookBinder_test.java:62)

08-12 04:50:31.561  5773  6050 I LSPosed-Bridge: 	at de.robv.android.xposed.XposedBridge$AdditionalHookInfo.callback(Unknown Source:147)

08-12 04:50:31.561  5773  6050 I LSPosed-Bridge: 	at LSPHooker_.transact(Unknown Source:28)

08-12 04:50:31.561  5773  6050 I LSPosed-Bridge: 	at android.app.job.IJobScheduler$Stub$Proxy.getAllPendingJobs(IJobScheduler.java:287)

08-12 04:50:31.561  5773  6050 I LSPosed-Bridge: 	at android.app.JobSchedulerImpl.getAllPendingJobs(JobSchedulerImpl.java:87)

08-12 04:50:31.561  5773  6050 I LSPosed-Bridge: 	at com.google.android.datatransport.runtime.scheduling.jobscheduling.JobInfoScheduler.isJobServiceOn(SourceFile:1)

08-12 04:50:31.561  5773  6050 I LSPosed-Bridge: 	at com.google.android.datatransport.runtime.scheduling.jobscheduling.JobInfoScheduler.schedule(SourceFile:6)

08-12 04:50:31.561  5773  6050 I LSPosed-Bridge: 	at com.google.android.datatransport.runtime.scheduling.jobscheduling.JobInfoScheduler.schedule(SourceFile:1)

08-12 04:50:31.561  5773  6050 I LSPosed-Bridge: 	at com.google.android.datatransport.runtime.scheduling.DefaultScheduler.lambda$schedule$0(SourceFile:2)

08-12 04:50:31.561  5773  6050 I LSPosed-Bridge: 	at com.google.android.datatransport.runtime.scheduling.DefaultScheduler.b(Unknown Source:0)

08-12 04:50:31.561  5773  6050 I LSPosed-Bridge: 	at ua.a.execute(Unknown Source:6)

08-12 04:50:31.561  5773  6050 I LSPosed-Bridge: 	at com.google.android.datatransport.runtime.scheduling.persistence.SQLiteEventStore.runCriticalSection(SourceFile:3)

08-12 04:50:31.561  5773  6050 I LSPosed-Bridge: 	at com.google.android.datatransport.runtime.scheduling.DefaultScheduler.lambda$schedule$1(SourceFile:8)

08-12 04:50:31.561  5773  6050 I LSPosed-Bridge: 	at com.google.android.datatransport.runtime.scheduling.DefaultScheduler.a(Unknown Source:0)

08-12 04:50:31.561  5773  6050 I LSPosed-Bridge: 	at ua.b.run(Unknown Source:8)

08-12 04:50:31.561  5773  6050 I LSPosed-Bridge: 	at com.google.android.datatransport.runtime.SafeLoggingExecutor$SafeLoggingRunnable.run(SourceFile:1)

08-12 04:50:31.561  5773  6050 I LSPosed-Bridge: 	at java.util.concurrent.ThreadPoolExecutor.runWorker(ThreadPoolExecutor.java:1167)

08-12 04:50:31.561  5773  6050 I LSPosed-Bridge: 	at java.util.concurrent.ThreadPoolExecutor$Worker.run(ThreadPoolExecutor.java:641)

08-12 04:50:31.561  5773  6050 I LSPosed-Bridge: 	at java.lang.Thread.run(Thread.java:764)

08-12 04:50:31.561  1577  5066 I LSPosed-Bridge: 5773 PermLabel 10149 AMS.checkPermission: Binder.getCallingPid() = 5773; uid = 10149; Binder.getCallingUid() = 10149; getNameForUid: kr.co.company.hwahae; getPackagesForUid: [kr.co.company.hwahae]; permName: android.permission.GET_TASKS; type = 0; res = -1; stacktrace=java.lang.Exception

08-12 04:50:31.561  1577  5066 I LSPosed-Bridge: 	at com.example.permlabel.requirePerm$1$2.afterHookedMethod(requirePerm.java:131)

08-12 04:50:31.561  1577  5066 I LSPosed-Bridge: 	at de.robv.android.xposed.XposedBridge$AdditionalHookInfo.callback(Unknown Source:147)

08-12 04:50:31.561  1577  5066 I LSPosed-Bridge: 	at LSPHooker_.checkPermission(Unknown Source:25)

08-12 04:50:31.561  1577  5066 I LSPosed-Bridge: 	at com.android.server.am.ActivityManagerService.isGetTasksAllowed(ActivityManagerService.java:10902)

08-12 04:50:31.561  1577  5066 I LSPosed-Bridge: 	at com.android.server.am.ActivityManagerService.getRunningAppProcesses(ActivityManagerService.java:16139)

08-12 04:50:31.561  1577  5066 I LSPosed-Bridge: 	at android.app.IActivityManager$Stub.onTransact(IActivityManager.java:1088)

08-12 04:50:31.561  1577  5066 I LSPosed-Bridge: 	at com.android.server.am.ActivityManagerService.onTransact(ActivityManagerService.java:3346)

08-12 04:50:31.561  1577  5066 I LSPosed-Bridge: 	at android.os.Binder.execTransact(Binder.java:731)

08-12 04:50:36.573  5773  6050 I LSPosed-Bridge: 5773 PermLabel hookBinder_test 10149 interfaceBinder =; arg0 = 1; arg1 = android.os.Parcel@eb8d315; arg2 = android.os.Parcel@add8de1; arg3 = 0; res = true; stacktrace=java.lang.Exception

08-12 04:50:36.573  5773  6050 I LSPosed-Bridge: 	at com.example.permlabel.hookBinder_test$1.afterHookedMethod(hookBinder_test.java:62)

08-12 04:50:36.573  5773  6050 I LSPosed-Bridge: 	at de.robv.android.xposed.XposedBridge$AdditionalHookInfo.callback(Unknown Source:147)

08-12 04:50:36.573  5773  6050 I LSPosed-Bridge: 	at LSPHooker_.transact(Unknown Source:28)

08-12 04:50:36.573  5773  6050 I LSPosed-Bridge: 	at android.os.ServiceManagerProxy.getService(ServiceManagerNative.java:125)

08-12 04:50:36.573  5773  6050 I LSPosed-Bridge: 	at android.os.ServiceManager.rawGetService(ServiceManager.java:253)

08-12 04:50:36.573  5773  6050 I LSPosed-Bridge: 	at android.os.ServiceManager.getService(ServiceManager.java:124)

08-12 04:50:36.573  5773  6050 I LSPosed-Bridge: 	at android.telephony.SubscriptionManager.getDefaultSmsSubscriptionId(SubscriptionManager.java:1328)

08-12 04:50:36.573  5773  6050 I LSPosed-Bridge: 	at android.telephony.TelephonyManager.getSimOperatorNumeric(TelephonyManager.java:2591)

08-12 04:50:36.573  5773  6050 I LSPosed-Bridge: 	at android.telephony.TelephonyManager.getSimOperator(TelephonyManager.java:2559)

08-12 04:50:36.573  5773  6050 I LSPosed-Bridge: 	at com.google.android.datatransport.cct.CctTransportBackend.decorate(SourceFile:16)

08-12 04:50:36.573  5773  6050 I LSPosed-Bridge: 	at com.google.android.datatransport.runtime.scheduling.DefaultScheduler.lambda$schedule$1(SourceFile:7)

08-12 04:50:36.573  5773  6050 I LSPosed-Bridge: 	at com.google.android.datatransport.runtime.scheduling.DefaultScheduler.a(Unknown Source:0)

08-12 04:50:36.573  5773  6050 I LSPosed-Bridge: 	at ua.b.run(Unknown Source:8)

08-12 04:50:36.573  5773  6050 I LSPosed-Bridge: 	at com.google.android.datatransport.runtime.SafeLoggingExecutor$SafeLoggingRunnable.run(SourceFile:1)

08-12 04:50:36.573  5773  6050 I LSPosed-Bridge: 	at java.util.concurrent.ThreadPoolExecutor.runWorker(ThreadPoolExecutor.java:1167)

08-12 04:50:36.573  5773  6050 I LSPosed-Bridge: 	at java.util.concurrent.ThreadPoolExecutor$Worker.run(ThreadPoolExecutor.java:641)

08-12 04:50:36.573  5773  6050 I LSPosed-Bridge: 	at java.lang.Thread.run(Thread.java:764)

08-12 04:50:36.573  1577  2712 I LSPosed-Bridge: 5773 PermLabel 10149 AMS.checkPermission: Binder.getCallingPid() = 5773; uid = 10149; Binder.getCallingUid() = 10149; getNameForUid: kr.co.company.hwahae; getPackagesForUid: [kr.co.company.hwahae]; permName: android.permission.GET_TASKS; type = 0; res = -1; stacktrace=java.lang.Exception

08-12 04:50:36.573  1577  2712 I LSPosed-Bridge: 	at com.example.permlabel.requirePerm$1$2.afterHookedMethod(requirePerm.java:131)

