08-12 04:47:40.500  1577  5874 I LSPosed-Bridge: 	at com.android.server.am.ActivityManagerService.getRunningAppProcesses(ActivityManagerService.java:16139)

08-12 04:47:40.500  1577  5874 I LSPosed-Bridge: 	at android.app.IActivityManager$Stub.onTransact(IActivityManager.java:1088)

08-12 04:47:40.500  1577  5874 I LSPosed-Bridge: 	at com.android.server.am.ActivityManagerService.onTransact(ActivityManagerService.java:3346)

08-12 04:47:40.500  1577  5874 I LSPosed-Bridge: 	at android.os.Binder.execTransact(Binder.java:731)

08-12 04:47:45.649  1577  3045 I LSPosed-Bridge: 5773 PermLabel 10149 AMS.checkPermission: Binder.getCallingPid() = 5773; uid = 10149; Binder.getCallingUid() = 10149; getNameForUid: kr.co.company.hwahae; getPackagesForUid: [kr.co.company.hwahae]; permName: android.permission.GET_TASKS; type = 0; res = -1; stacktrace=java.lang.Exception

08-12 04:47:45.649  1577  3045 I LSPosed-Bridge: 	at com.example.permlabel.requirePerm$1$2.afterHookedMethod(requirePerm.java:131)

08-12 04:47:45.649  1577  3045 I LSPosed-Bridge: 	at de.robv.android.xposed.XposedBridge$AdditionalHookInfo.callback(Unknown Source:147)

08-12 04:47:45.649  1577  3045 I LSPosed-Bridge: 	at LSPHooker_.checkPermission(Unknown Source:25)

08-12 04:47:45.649  1577  3045 I LSPosed-Bridge: 	at com.android.server.am.ActivityManagerService.isGetTasksAllowed(ActivityManagerService.java:10902)

08-12 04:47:45.649  1577  3045 I LSPosed-Bridge: 	at com.android.server.am.ActivityManagerService.getRunningAppProcesses(ActivityManagerService.java:16139)

08-12 04:47:45.649  1577  3045 I LSPosed-Bridge: 	at android.app.IActivityManager$Stub.onTransact(IActivityManager.java:1088)

08-12 04:47:45.649  1577  3045 I LSPosed-Bridge: 	at com.android.server.am.ActivityManagerService.onTransact(ActivityManagerService.java:3346)

08-12 04:47:45.649  1577  3045 I LSPosed-Bridge: 	at android.os.Binder.execTransact(Binder.java:731)

08-12 04:47:45.677  1577  3015 I LSPosed-Bridge: 5773 PermLabel 10149 AMS.checkPermission: Binder.getCallingPid() = 5773; uid = 10149; Binder.getCallingUid() = 10149; getNameForUid: kr.co.company.hwahae; getPackagesForUid: [kr.co.company.hwahae]; permName: android.permission.GET_TASKS; type = 0; res = -1; stacktrace=java.lang.Exception

08-12 04:47:45.677  1577  3015 I LSPosed-Bridge: 	at com.example.permlabel.requirePerm$1$2.afterHookedMethod(requirePerm.java:131)

08-12 04:47:45.677  1577  3015 I LSPosed-Bridge: 	at de.robv.android.xposed.XposedBridge$AdditionalHookInfo.callback(Unknown Source:147)

08-12 04:47:45.677  1577  3015 I LSPosed-Bridge: 	at LSPHooker_.checkPermission(Unknown Source:25)

08-12 04:47:45.677  1577  3015 I LSPosed-Bridge: 	at com.android.server.am.ActivityManagerService.isGetTasksAllowed(ActivityManagerService.java:10902)

08-12 04:47:45.677  1577  3015 I LSPosed-Bridge: 	at com.android.server.am.ActivityManagerService.getRunningAppProcesses(ActivityManagerService.java:16139)

08-12 04:47:45.677  1577  3015 I LSPosed-Bridge: 	at android.app.IActivityManager$Stub.onTransact(IActivityManager.java:1088)

08-12 04:47:45.677  1577  3015 I LSPosed-Bridge: 	at com.android.server.am.ActivityManagerService.onTransact(ActivityManagerService.java:3346)

08-12 04:47:45.677  1577  3015 I LSPosed-Bridge: 	at android.os.Binder.execTransact(Binder.java:731)

08-12 04:47:45.677  5773  5773 I LSPosed-Bridge: 5773 PermLabel hookBinder_test 10149 interfaceBinder =android.view.IWindowSession; arg0 = 14; arg1 = android.os.Parcel@79e25c8; arg2 = android.os.Parcel@dd01d62; arg3 = 0; res = true; stacktrace=java.lang.Exception

08-12 04:47:45.677  5773  5773 I LSPosed-Bridge: 	at com.example.permlabel.hookBinder_test$1.afterHookedMethod(hookBinder_test.java:62)

08-12 04:47:45.677  5773  5773 I LSPosed-Bridge: 	at de.robv.android.xposed.XposedBridge$AdditionalHookInfo.callback(Unknown Source:147)

08-12 04:47:45.677  5773  5773 I LSPosed-Bridge: 	at LSPHooker_.transact(Unknown Source:28)

08-12 04:47:45.677  5773  5773 I LSPosed-Bridge: 	at android.view.IWindowSession$Stub$Proxy.getInTouchMode(IWindowSession.java:1174)

08-12 04:47:45.677  5773  5773 I LSPosed-Bridge: 	at android.view.ViewRootImpl.isInTouchMode(ViewRootImpl.java:618)

08-12 04:47:45.677  5773  5773 I LSPosed-Bridge: 	at android.view.ViewRootImpl.performTraversals(ViewRootImpl.java:2402)

08-12 04:47:45.677  5773  5773 I LSPosed-Bridge: 	at android.view.ViewRootImpl.doTraversal(ViewRootImpl.java:1465)

08-12 04:47:45.677  5773  5773 I LSPosed-Bridge: 	at android.view.ViewRootImpl$TraversalRunnable.run(ViewRootImpl.java:7205)

08-12 04:47:45.677  5773  5773 I LSPosed-Bridge: 	at android.view.Choreographer$CallbackRecord.run(Choreographer.java:1004)

08-12 04:47:45.677  5773  5773 I LSPosed-Bridge: 	at android.view.Choreographer.doCallbacks(Choreographer.java:816)

08-12 04:47:45.677  5773  5773 I LSPosed-Bridge: 	at android.view.Choreographer.doFrame(Choreographer.java:751)

08-12 04:47:45.677  5773  5773 I LSPosed-Bridge: 	at android.view.Choreographer$FrameDisplayEventReceiver.run(Choreographer.java:990)

08-12 04:47:45.677  5773  5773 I LSPosed-Bridge: 	at android.os.Handler.handleCallback(Handler.java:873)

08-12 04:47:45.677  5773  5773 I LSPosed-Bridge: 	at android.os.Handler.dispatchMessage(Handler.java:99)

08-12 04:47:45.677  5773  5773 I LSPosed-Bridge: 	at android.os.Looper.loop(Looper.java:193)

08-12 04:47:45.677  5773  5773 I LSPosed-Bridge: 	at android.app.ActivityThread.main(ActivityThread.java:6692)

08-12 04:47:45.677  5773  5773 I LSPosed-Bridge: 	at java.lang.reflect.Method.invoke(Native Method)

08-12 04:47:45.677  5773  5773 I LSPosed-Bridge: 	at com.android.internal.os.RuntimeInit$MethodAndArgsCaller.run(RuntimeInit.java:493)

08-12 04:47:45.677  5773  5773 I LSPosed-Bridge: 	at com.android.internal.os.ZygoteInit.main(ZygoteInit.java:858)

08-12 04:47:50.631  1577  3045 I LSPosed-Bridge: 5773 PermLabel 10149 AMS.checkPermission: Binder.getCallingPid() = 5773; uid = 10149; Binder.getCallingUid() = 10149; getNameForUid: kr.co.company.hwahae; getPackagesForUid: [kr.co.company.hwahae]; permName: android.permission.GET_TASKS; type = 0; res = -1; stacktrace=java.lang.Exception

08-12 04:47:50.631  1577  3045 I LSPosed-Bridge: 	at com.example.permlabel.requirePerm$1$2.afterHookedMethod(requirePerm.java:131)

08-12 04:47:50.631  1577  3045 I LSPosed-Bridge: 	at de.robv.android.xposed.XposedBridge$AdditionalHookInfo.callback(Unknown Source:147)

08-12 04:47:50.631  1577  3045 I LSPosed-Bridge: 	at LSPHooker_.checkPermission(Unknown Source:25)

08-12 04:47:50.631  1577  3045 I LSPosed-Bridge: 	at com.android.server.am.ActivityManagerService.isGetTasksAllowed(ActivityManagerService.java:10902)

08-12 04:47:50.631  1577  3045 I LSPosed-Bridge: 	at com.android.server.am.ActivityManagerService.getRunningAppProcesses(ActivityManagerService.java:16139)

08-12 04:47:50.631  1577  3045 I LSPosed-Bridge: 	at android.app.IActivityManager$Stub.onTransact(IActivityManager.java:1088)

08-12 04:47:50.631  1577  3045 I LSPosed-Bridge: 	at com.android.server.am.ActivityManagerService.onTransact(ActivityManagerService.java:3346)

08-12 04:47:50.631  1577  3045 I LSPosed-Bridge: 	at android.os.Binder.execTransact(Binder.java:731)

08-12 04:47:50.631  5773  5773 I LSPosed-Bridge: 5773 PermLabel hookBinder_test 10149 interfaceBinder =android.hardware.display.IDisplayManager; arg0 = 1; arg1 = android.os.Parcel@f5d8984; arg2 = android.os.Parcel@9390d1; arg3 = 0; res = true; stacktrace=java.lang.Exception

08-12 04:47:50.631  5773  5773 I LSPosed-Bridge: 	at com.example.permlabel.hookBinder_test$1.afterHookedMethod(hookBinder_test.java:62)

08-12 04:47:50.631  5773  5773 I LSPosed-Bridge: 	at de.robv.android.xposed.XposedBridge$AdditionalHookInfo.callback(Unknown Source:147)

08-12 04:47:50.631  5773  5773 I LSPosed-Bridge: 	at LSPHooker_.transact(Unknown Source:28)

08-12 04:47:50.631  5773  5773 I LSPosed-Bridge: 	at android.hardware.display.IDisplayManager$Stub$Proxy.getDisplayInfo(IDisplayManager.java:404)

08-12 04:47:50.631  5773  5773 I LSPosed-Bridge: 	at android.hardware.display.DisplayManagerGlobal.getDisplayInfo(DisplayManagerGlobal.java:124)

08-12 04:47:50.631  5773  5773 I LSPosed-Bridge: 	at android.view.Display.updateDisplayInfoLocked(Display.java:1046)

08-12 04:47:50.631  5773  5773 I LSPosed-Bridge: 	at android.view.Display.getState(Display.java:1014)

08-12 04:47:50.631  5773  5773 I LSPosed-Bridge: 	at android.view.ViewRootImpl.setView(ViewRootImpl.java:667)

08-12 04:47:50.631  5773  5773 I LSPosed-Bridge: 	at android.view.WindowManagerGlobal.addView(WindowManagerGlobal.java:356)

08-12 04:47:50.631  5773  5773 I LSPosed-Bridge: 	at android.view.WindowManagerImpl.addView(WindowManagerImpl.java:94)

08-12 04:47:50.631  5773  5773 I LSPosed-Bridge: 	at android.app.ActivityThread.handleResumeActivity(ActivityThread.java:3869)

08-12 04:47:50.631  5773  5773 I LSPosed-Bridge: 	at android.app.servertransaction.ResumeActivityItem.execute(ResumeActivityItem.java:51)

08-12 04:47:50.631  5773  5773 I LSPosed-Bridge: 	at android.app.servertransaction.TransactionExecutor.executeLifecycleState(TransactionExecutor.java:145)

08-12 04:47:50.631  5773  5773 I LSPosed-Bridge: 	at android.app.servertransaction.TransactionExecutor.execute(TransactionExecutor.java:70)

08-12 04:47:50.631  5773  5773 I LSPosed-Bridge: 	at android.app.ActivityThread$H.handleMessage(ActivityThread.java:1809)

08-12 04:47:50.631  5773  5773 I LSPosed-Bridge: 	at android.os.Handler.dispatchMessage(Handler.java:106)

08-12 04:47:50.631  5773  5773 I LSPosed-Bridge: 	at android.os.Looper.loop(Looper.java:193)

08-12 04:47:50.631  5773  5773 I LSPosed-Bridge: 	at android.app.ActivityThread.main(ActivityThread.java:6692)

08-12 04:47:50.631  5773  5773 I LSPosed-Bridge: 	at java.lang.reflect.Method.invoke(Native Method)

08-12 04:47:50.631  5773  5773 I LSPosed-Bridge: 	at com.android.internal.os.RuntimeInit$MethodAndArgsCaller.run(RuntimeInit.java:493)

08-12 04:47:50.631  5773  5773 I LSPosed-Bridge: 	at com.android.internal.os.ZygoteInit.main(ZygoteInit.java:858)

08-12 04:47:50.661  1577  1591 I LSPosed-Bridge: 5773 PermLabel 10149 AMS.checkPermission: Binder.getCallingPid() = 5773; uid = 10149; Binder.getCallingUid() = 10149; getNameForUid: kr.co.company.hwahae; getPackagesForUid: [kr.co.company.hwahae]; permName: android.permission.GET_TASKS; type = 0; res = -1; stacktrace=java.lang.Exception

08-12 04:47:50.661  1577  1591 I LSPosed-Bridge: 	at com.example.permlabel.requirePerm$1$2.afterHookedMethod(requirePerm.java:131)

08-12 04:47:50.661  1577  1591 I LSPosed-Bridge: 	at de.robv.android.xposed.XposedBridge$AdditionalHookInfo.callback(Unknown Source:147)

08-12 04:47:50.661  1577  1591 I LSPosed-Bridge: 	at LSPHooker_.checkPermission(Unknown Source:25)

08-12 04:47:50.661  1577  1591 I LSPosed-Bridge: 	at com.android.server.am.ActivityManagerService.isGetTasksAllowed(ActivityManagerService.java:10902)

08-12 04:47:50.661  1577  1591 I LSPosed-Bridge: 	at com.android.server.am.ActivityManagerService.getRunningAppProcesses(ActivityManagerService.java:16139)

08-12 04:47:50.661  1577  1591 I LSPosed-Bridge: 	at android.app.IActivityManager$Stub.onTransact(IActivityManager.java:1088)

08-12 04:47:50.661  1577  1591 I LSPosed-Bridge: 	at com.android.server.am.ActivityManagerService.onTransact(ActivityManagerService.java:3346)

08-12 04:47:50.661  1577  1591 I LSPosed-Bridge: 	at android.os.Binder.execTransact(Binder.java:731)

08-12 04:47:55.797  1577  2739 I LSPosed-Bridge: 5773 PermLabel 10149 AMS.checkPermission: Binder.getCallingPid() = 5773; uid = 10149; Binder.getCallingUid() = 10149; getNameForUid: kr.co.company.hwahae; getPackagesForUid: [kr.co.company.hwahae]; permName: android.permission.GET_TASKS; type = 0; res = -1; stacktrace=java.lang.Exception

08-12 04:47:55.797  1577  2739 I LSPosed-Bridge: 	at com.example.permlabel.requirePerm$1$2.afterHookedMethod(requirePerm.java:131)

08-12 04:47:55.797  1577  2739 I LSPosed-Bridge: 	at de.robv.android.xposed.XposedBridge$AdditionalHookInfo.callback(Unknown Source:147)

08-12 04:47:55.797  1577  2739 I LSPosed-Bridge: 	at LSPHooker_.checkPermission(Unknown Source:25)

08-12 04:47:55.797  1577  2739 I LSPosed-Bridge: 	at com.android.server.am.ActivityManagerService.isGetTasksAllowed(ActivityManagerService.java:10902)

08-12 04:47:55.797  1577  2739 I LSPosed-Bridge: 	at com.android.server.am.ActivityManagerService.getRunningAppProcesses(ActivityManagerService.java:16139)

08-12 04:47:55.797  1577  2739 I LSPosed-Bridge: 	at android.app.IActivityManager$Stub.onTransact(IActivityManager.java:1088)

08-12 04:47:55.797  1577  2739 I LSPosed-Bridge: 	at com.android.server.am.ActivityManagerService.onTransact(ActivityManagerService.java:3346)

08-12 04:47:55.797  1577  2739 I LSPosed-Bridge: 	at android.os.Binder.execTransact(Binder.java:731)

08-12 04:47:55.797  5773  5773 I LSPosed-Bridge: 5773 PermLabel hookBinder_test 10149 interfaceBinder =android.hardware.display.IDisplayManager; arg0 = 1; arg1 = android.os.Parcel@b03dadd; arg2 = android.os.Parcel@50723c6; arg3 = 0; res = true; stacktrace=java.lang.Exception

08-12 04:47:55.797  5773  5773 I LSPosed-Bridge: 	at com.example.permlabel.hookBinder_test$1.afterHookedMethod(hookBinder_test.java:62)

08-12 04:47:55.797  5773  5773 I LSPosed-Bridge: 	at de.robv.android.xposed.XposedBridge$AdditionalHookInfo.callback(Unknown Source:147)

08-12 04:47:55.797  5773  5773 I LSPosed-Bridge: 	at LSPHooker_.transact(Unknown Source:28)

08-12 04:47:55.797  5773  5773 I LSPosed-Bridge: 	at android.hardware.display.IDisplayManager$Stub$Proxy.getDisplayInfo(IDisplayManager.java:404)

08-12 04:47:55.797  5773  5773 I LSPosed-Bridge: 	at android.hardware.display.DisplayManagerGlobal.getDisplayInfo(DisplayManagerGlobal.java:124)

08-12 04:47:55.797  5773  5773 I LSPosed-Bridge: 	at android.view.Display.updateDisplayInfoLocked(Display.java:1046)

08-12 04:47:55.797  5773  5773 I LSPosed-Bridge: 	at android.view.Display.getState(Display.java:1014)

08-12 04:47:55.797  5773  5773 I LSPosed-Bridge: 	at android.view.ViewRootImpl.setView(ViewRootImpl.java:667)

08-12 04:47:55.797  5773  5773 I LSPosed-Bridge: 	at android.view.WindowManagerGlobal.addView(WindowManagerGlobal.java:356)

08-12 04:47:55.797  5773  5773 I LSPosed-Bridge: 	at android.view.WindowManagerImpl.addView(WindowManagerImpl.java:94)

08-12 04:47:55.797  5773  5773 I LSPosed-Bridge: 	at android.app.ActivityThread.handleResumeActivity(ActivityThread.java:3869)

08-12 04:47:55.797  5773  5773 I LSPosed-Bridge: 	at android.app.servertransaction.ResumeActivityItem.execute(ResumeActivityItem.java:51)

08-12 04:47:55.797  5773  5773 I LSPosed-Bridge: 	at android.app.servertransaction.TransactionExecutor.executeLifecycleState(TransactionExecutor.java:145)

08-12 04:47:55.797  5773  5773 I LSPosed-Bridge: 	at android.app.servertransaction.TransactionExecutor.execute(TransactionExecutor.java:70)

08-12 04:47:55.797  5773  5773 I LSPosed-Bridge: 	at android.app.ActivityThread$H.handleMessage(ActivityThread.java:1809)

08-12 04:47:55.797  5773  5773 I LSPosed-Bridge: 	at android.os.Handler.dispatchMessage(Handler.java:106)

08-12 04:47:55.797  5773  5773 I LSPosed-Bridge: 	at android.os.Looper.loop(Looper.java:193)

08-12 04:47:55.797  5773  5773 I LSPosed-Bridge: 	at android.app.ActivityThread.main(ActivityThread.java:6692)

08-12 04:47:55.797  5773  5773 I LSPosed-Bridge: 	at java.lang.reflect.Method.invoke(Native Method)

08-12 04:47:55.797  5773  5773 I LSPosed-Bridge: 	at com.android.internal.os.RuntimeInit$MethodAndArgsCaller.run(RuntimeInit.java:493)

08-12 04:47:55.797  5773  5773 I LSPosed-Bridge: 	at com.android.internal.os.ZygoteInit.main(ZygoteInit.java:858)

08-12 04:47:55.817  1577  2739 I LSPosed-Bridge: 5773 PermLabel 10149 AMS.checkPermission: Binder.getCallingPid() = 5773; uid = 10149; Binder.getCallingUid() = 10149; getNameForUid: kr.co.company.hwahae; getPackagesForUid: [kr.co.company.hwahae]; permName: android.permission.GET_TASKS; type = 0; res = -1; stacktrace=java.lang.Exception

08-12 04:47:55.817  1577  2739 I LSPosed-Bridge: 	at com.example.permlabel.requirePerm$1$2.afterHookedMethod(requirePerm.java:131)

08-12 04:47:55.817  1577  2739 I LSPosed-Bridge: 	at de.robv.android.xposed.XposedBridge$AdditionalHookInfo.callback(Unknown Source:147)

08-12 04:47:55.817  1577  2739 I LSPosed-Bridge: 	at LSPHooker_.checkPermission(Unknown Source:25)

08-12 04:47:55.817  1577  2739 I LSPosed-Bridge: 	at com.android.server.am.ActivityManagerService.isGetTasksAllowed(ActivityManagerService.java:10902)

08-12 04:47:55.817  1577  2739 I LSPosed-Bridge: 	at com.android.server.am.ActivityManagerService.getRunningAppProcesses(ActivityManagerService.java:16139)

08-12 04:47:55.817  1577  2739 I LSPosed-Bridge: 	at android.app.IActivityManager$Stub.onTransact(IActivityManager.java:1088)

08-12 04:47:55.817  1577  2739 I LSPosed-Bridge: 	at com.android.server.am.ActivityManagerService.onTransact(ActivityManagerService.java:3346)

08-12 04:47:55.817  1577  2739 I LSPosed-Bridge: 	at android.os.Binder.execTransact(Binder.java:731)

08-12 04:47:55.817  5773  6050 I LSPosed-Bridge: 5773 PermLabel hookBinder_test 10149 interfaceBinder =android.app.job.IJobScheduler; arg0 = 6; arg1 = android.os.Parcel@a2026d7; arg2 = android.os.Parcel@2562ade; arg3 = 0; res = true; stacktrace=java.lang.Exception

08-12 04:47:55.817  5773  6050 I LSPosed-Bridge: 	at com.example.permlabel.hookBinder_test$1.afterHookedMethod(hookBinder_test.java:62)

08-12 04:47:55.817  5773  6050 I LSPosed-Bridge: 	at de.robv.android.xposed.XposedBridge$AdditionalHookInfo.callback(Unknown Source:147)

08-12 04:47:55.817  5773  6050 I LSPosed-Bridge: 	at LSPHooker_.transact(Unknown Source:28)

08-12 04:47:55.817  5773  6050 I LSPosed-Bridge: 	at android.app.job.IJobScheduler$Stub$Proxy.getAllPendingJobs(IJobScheduler.java:287)

08-12 04:47:55.817  5773  6050 I LSPosed-Bridge: 	at android.app.JobSchedulerImpl.getAllPendingJobs(JobSchedulerImpl.java:87)

08-12 04:47:55.817  5773  6050 I LSPosed-Bridge: 	at com.google.android.datatransport.runtime.scheduling.jobscheduling.JobInfoScheduler.isJobServiceOn(SourceFile:1)

08-12 04:47:55.817  5773  6050 I LSPosed-Bridge: 	at com.google.android.datatransport.runtime.scheduling.jobscheduling.JobInfoScheduler.schedule(SourceFile:6)

08-12 04:47:55.817  5773  6050 I LSPosed-Bridge: 	at com.google.android.datatransport.runtime.scheduling.jobscheduling.JobInfoScheduler.schedule(SourceFile:1)

08-12 04:47:55.817  5773  6050 I LSPosed-Bridge: 	at com.google.android.datatransport.runtime.scheduling.DefaultScheduler.lambda$schedule$0(SourceFile:2)

08-12 04:47:55.817  5773  6050 I LSPosed-Bridge: 	at com.google.android.datatransport.runtime.scheduling.DefaultScheduler.b(Unknown Source:0)

08-12 04:47:55.817  5773  6050 I LSPosed-Bridge: 	at ua.a.execute(Unknown Source:6)

08-12 04:47:55.817  5773  6050 I LSPosed-Bridge: 	at com.google.android.datatransport.runtime.scheduling.persistence.SQLiteEventStore.runCriticalSection(SourceFile:3)

08-12 04:47:55.817  5773  6050 I LSPosed-Bridge: 	at com.google.android.datatransport.runtime.scheduling.DefaultScheduler.lambda$schedule$1(SourceFile:8)

08-12 04:47:55.817  5773  6050 I LSPosed-Bridge: 	at com.google.android.datatransport.runtime.scheduling.DefaultScheduler.a(Unknown Source:0)

08-12 04:47:55.817  5773  6050 I LSPosed-Bridge: 	at ua.b.run(Unknown Source:8)

08-12 04:47:55.817  5773  6050 I LSPosed-Bridge: 	at com.google.android.datatransport.runtime.SafeLoggingExecutor$SafeLoggingRunnable.run(SourceFile:1)

08-12 04:47:55.817  5773  6050 I LSPosed-Bridge: 	at java.util.concurrent.ThreadPoolExecutor.runWorker(ThreadPoolExecutor.java:1167)

08-12 04:47:55.817  5773  6050 I LSPosed-Bridge: 	at java.util.concurrent.ThreadPoolExecutor$Worker.run(ThreadPoolExecutor.java:641)

08-12 04:47:55.817  5773  6050 I LSPosed-Bridge: 	at java.lang.Thread.run(Thread.java:764)

08-12 04:48:00.722  1577  1591 I LSPosed-Bridge: 5773 PermLabel 10149 AMS.checkPermission: Binder.getCallingPid() = 5773; uid = 10149; Binder.getCallingUid() = 10149; getNameForUid: kr.co.company.hwahae; getPackagesForUid: [kr.co.company.hwahae]; permName: android.permission.GET_TASKS; type = 0; res = -1; stacktrace=java.lang.Exception

08-12 04:48:00.722  1577  1591 I LSPosed-Bridge: 	at com.example.permlabel.requirePerm$1$2.afterHookedMethod(requirePerm.java:131)

08-12 04:48:00.722  1577  1591 I LSPosed-Bridge: 	at de.robv.android.xposed.XposedBridge$AdditionalHookInfo.callback(Unknown Source:147)

08-12 04:48:00.722  1577  1591 I LSPosed-Bridge: 	at LSPHooker_.checkPermission(Unknown Source:25)

08-12 04:48:00.722  1577  1591 I LSPosed-Bridge: 	at com.android.server.am.ActivityManagerService.isGetTasksAllowed(ActivityManagerService.java:10902)

08-12 04:48:00.722  1577  1591 I LSPosed-Bridge: 	at com.android.server.am.ActivityManagerService.getRunningAppProcesses(ActivityManagerService.java:16139)

08-12 04:48:00.722  1577  1591 I LSPosed-Bridge: 	at android.app.IActivityManager$Stub.onTransact(IActivityManager.java:1088)

08-12 04:48:00.722  1577  1591 I LSPosed-Bridge: 	at com.android.server.am.ActivityManagerService.onTransact(ActivityManagerService.java:3346)

08-12 04:48:00.722  1577  1591 I LSPosed-Bridge: 	at android.os.Binder.execTransact(Binder.java:731)

08-12 04:48:00.747  5773  6050 I LSPosed-Bridge: 5773 PermLabel hookBinder_test 10149 interfaceBinder =android.content.pm.IPackageManager; arg0 = 3; arg1 = android.os.Parcel@817dc9c; arg2 = android.os.Parcel@2562ade; arg3 = 0; res = true; stacktrace=java.lang.Exception

08-12 04:48:00.747  5773  6050 I LSPosed-Bridge: 	at com.example.permlabel.hookBinder_test$1.afterHookedMethod(hookBinder_test.java:62)

08-12 04:48:00.747  5773  6050 I LSPosed-Bridge: 	at de.robv.android.xposed.XposedBridge$AdditionalHookInfo.callback(Unknown Source:147)

08-12 04:48:00.747  5773  6050 I LSPosed-Bridge: 	at LSPHooker_.transact(Unknown Source:28)

08-12 04:48:00.747  5773  6050 I LSPosed-Bridge: 	at android.content.pm.IPackageManager$Stub$Proxy.getPackageInfo(IPackageManager.java:2876)

08-12 04:48:00.747  5773  6050 I LSPosed-Bridge: 	at android.app.ApplicationPackageManager.getPackageInfoAsUser(ApplicationPackageManager.java:174)

08-12 04:48:00.747  5773  6050 I LSPosed-Bridge: 	at android.app.ApplicationPackageManager.getPackageInfo(ApplicationPackageManager.java:152)

08-12 04:48:00.747  5773  6050 I LSPosed-Bridge: 	at com.google.android.datatransport.cct.CctTransportBackend.getPackageVersionCode(SourceFile:2)

08-12 04:48:00.747  5773  6050 I LSPosed-Bridge: 	at com.google.android.datatransport.cct.CctTransportBackend.decorate(SourceFile:17)

08-12 04:48:00.747  5773  6050 I LSPosed-Bridge: 	at com.google.android.datatransport.runtime.scheduling.DefaultScheduler.lambda$schedule$1(SourceFile:7)

08-12 04:48:00.747  5773  6050 I LSPosed-Bridge: 	at com.google.android.datatransport.runtime.scheduling.DefaultScheduler.a(Unknown Source:0)

08-12 04:48:00.747  5773  6050 I LSPosed-Bridge: 	at ua.b.run(Unknown Source:8)

08-12 04:48:00.747  5773  6050 I LSPosed-Bridge: 	at com.google.android.datatransport.runtime.SafeLoggingExecutor$SafeLoggingRunnable.run(SourceFile:1)

08-12 04:48:00.747  5773  6050 I LSPosed-Bridge: 	at java.util.concurrent.ThreadPoolExecutor.runWorker(ThreadPoolExecutor.java:1167)

08-12 04:48:00.747  5773  6050 I LSPosed-Bridge: 	at java.util.concurrent.ThreadPoolExecutor$Worker.run(ThreadPoolExecutor.java:641)

08-12 04:48:00.747  5773  6050 I LSPosed-Bridge: 	at java.lang.Thread.run(Thread.java:764)

08-12 04:48:00.747  1577  1682 I LSPosed-Bridge: 5773 PermLabel 10149 AMS.checkPermission: Binder.getCallingPid() = 5773; uid = 10149; Binder.getCallingUid() = 10149; getNameForUid: kr.co.company.hwahae; getPackagesForUid: [kr.co.company.hwahae]; permName: android.permission.GET_TASKS; type = 0; res = -1; stacktrace=java.lang.Exception

08-12 04:48:00.747  1577  1682 I LSPosed-Bridge: 	at com.example.permlabel.requirePerm$1$2.afterHookedMethod(requirePerm.java:131)

08-12 04:48:00.747  1577  1682 I LSPosed-Bridge: 	at de.robv.android.xposed.XposedBridge$AdditionalHookInfo.callback(Unknown Source:147)

08-12 04:48:00.747  1577  1682 I LSPosed-Bridge: 	at LSPHooker_.checkPermission(Unknown Source:25)

08-12 04:48:00.747  1577  1682 I LSPosed-Bridge: 	at com.android.server.am.ActivityManagerService.isGetTasksAllowed(ActivityManagerService.java:10902)

08-12 04:48:00.747  1577  1682 I LSPosed-Bridge: 	at com.android.server.am.ActivityManagerService.getRunningAppProcesses(ActivityManagerService.java:16139)

08-12 04:48:00.747  1577  1682 I LSPosed-Bridge: 	at android.app.IActivityManager$Stub.onTransact(IActivityManager.java:1088)

08-12 04:48:00.747  1577  1682 I LSPosed-Bridge: 	at com.android.server.am.ActivityManagerService.onTransact(ActivityManagerService.java:3346)

08-12 04:48:00.747  1577  1682 I LSPosed-Bridge: 	at android.os.Binder.execTransact(Binder.java:731)

08-12 04:48:05.884  1577  1591 I LSPosed-Bridge: 5773 PermLabel 10149 AMS.checkPermission: Binder.getCallingPid() = 5773; uid = 10149; Binder.getCallingUid() = 10149; getNameForUid: kr.co.company.hwahae; getPackagesForUid: [kr.co.company.hwahae]; permName: android.permission.GET_TASKS; type = 0; res = -1; stacktrace=java.lang.Exception

08-12 04:48:05.884  1577  1591 I LSPosed-Bridge: 	at com.example.permlabel.requirePerm$1$2.afterHookedMethod(requirePerm.java:131)

08-12 04:48:05.884  1577  1591 I LSPosed-Bridge: 	at de.robv.android.xposed.XposedBridge$AdditionalHookInfo.callback(Unknown Source:147)

08-12 04:48:05.884  1577  1591 I LSPosed-Bridge: 	at LSPHooker_.checkPermission(Unknown Source:25)

08-12 04:48:05.884  1577  1591 I LSPosed-Bridge: 	at com.android.server.am.ActivityManagerService.isGetTasksAllowed(ActivityManagerService.java:10902)

08-12 04:48:05.884  1577  1591 I LSPosed-Bridge: 	at com.android.server.am.ActivityManagerService.getRunningAppProcesses(ActivityManagerService.java:16139)

08-12 04:48:05.884  1577  1591 I LSPosed-Bridge: 	at android.app.IActivityManager$Stub.onTransact(IActivityManager.java:1088)

08-12 04:48:05.884  1577  1591 I LSPosed-Bridge: 	at com.android.server.am.ActivityManagerService.onTransact(ActivityManagerService.java:3346)

08-12 04:48:05.884  1577  1591 I LSPosed-Bridge: 	at android.os.Binder.execTransact(Binder.java:731)

08-12 04:48:05.908  1577  3044 I LSPosed-Bridge: 5773 PermLabel 10149 AMS.checkPermission: Binder.getCallingPid() = 5773; uid = 10149; Binder.getCallingUid() = 10149; getNameForUid: kr.co.company.hwahae; getPackagesForUid: [kr.co.company.hwahae]; permName: android.permission.GET_TASKS; type = 0; res = -1; stacktrace=java.lang.Exception

08-12 04:48:05.908  1577  3044 I LSPosed-Bridge: 	at com.example.permlabel.requirePerm$1$2.afterHookedMethod(requirePerm.java:131)

08-12 04:48:05.908  1577  3044 I LSPosed-Bridge: 	at de.robv.android.xposed.XposedBridge$AdditionalHookInfo.callback(Unknown Source:147)

08-12 04:48:05.908  1577  3044 I LSPosed-Bridge: 	at LSPHooker_.checkPermission(Unknown Source:25)

08-12 04:48:05.908  1577  3044 I LSPosed-Bridge: 	at com.android.server.am.ActivityManagerService.isGetTasksAllowed(ActivityManagerService.java:10902)

08-12 04:48:05.908  1577  3044 I LSPosed-Bridge: 	at com.android.server.am.ActivityManagerService.getRunningAppProcesses(ActivityManagerService.java:16139)

08-12 04:48:05.908  1577  3044 I LSPosed-Bridge: 	at android.app.IActivityManager$Stub.onTransact(IActivityManager.java:1088)

08-12 04:48:05.908  1577  3044 I LSPosed-Bridge: 	at com.android.server.am.ActivityManagerService.onTransact(ActivityManagerService.java:3346)

08-12 04:48:05.908  1577  3044 I LSPosed-Bridge: 	at android.os.Binder.execTransact(Binder.java:731)

08-12 04:48:10.846  1577  2712 I LSPosed-Bridge: 5773 PermLabel 10149 AMS.checkPermission: Binder.getCallingPid() = 5773; uid = 10149; Binder.getCallingUid() = 10149; getNameForUid: kr.co.company.hwahae; getPackagesForUid: [kr.co.company.hwahae]; permName: android.permission.GET_TASKS; type = 0; res = -1; stacktrace=java.lang.Exception

08-12 04:48:10.846  1577  2712 I LSPosed-Bridge: 	at com.example.permlabel.requirePerm$1$2.afterHookedMethod(requirePerm.java:131)

08-12 04:48:10.846  1577  2712 I LSPosed-Bridge: 	at de.robv.android.xposed.XposedBridge$AdditionalHookInfo.callback(Unknown Source:147)

08-12 04:48:10.846  1577  2712 I LSPosed-Bridge: 	at LSPHooker_.checkPermission(Unknown Source:25)

08-12 04:48:10.846  1577  2712 I LSPosed-Bridge: 	at com.android.server.am.ActivityManagerService.isGetTasksAllowed(ActivityManagerService.java:10902)

08-12 04:48:10.846  1577  2712 I LSPosed-Bridge: 	at com.android.server.am.ActivityManagerService.getRunningAppProcesses(ActivityManagerService.java:16139)

08-12 04:48:10.846  1577  2712 I LSPosed-Bridge: 	at android.app.IActivityManager$Stub.onTransact(IActivityManager.java:1088)

08-12 04:48:10.846  1577  2712 I LSPosed-Bridge: 	at com.android.server.am.ActivityManagerService.onTransact(ActivityManagerService.java:3346)

08-12 04:48:10.846  1577  2712 I LSPosed-Bridge: 	at android.os.Binder.execTransact(Binder.java:731)

08-12 04:48:10.846  5773  6057 I LSPosed-Bridge: 5773 PermLabel hookBinder_test 10149 interfaceBinder =android.content.pm.IPackageManager; arg0 = 13; arg1 = android.os.Parcel@9d72f50; arg2 = android.os.Parcel@8e9b549; arg3 = 0; res = true; stacktrace=java.lang.Exception

08-12 04:48:10.846  5773  6057 I LSPosed-Bridge: 	at com.example.permlabel.hookBinder_test$1.afterHookedMethod(hookBinder_test.java:62)

08-12 04:48:10.846  5773  6057 I LSPosed-Bridge: 	at de.robv.android.xposed.XposedBridge$AdditionalHookInfo.callback(Unknown Source:147)

08-12 04:48:10.846  5773  6057 I LSPosed-Bridge: 	at LSPHooker_.transact(Unknown Source:28)

08-12 04:48:10.846  5773  6057 I LSPosed-Bridge: 	at android.content.pm.IPackageManager$Stub$Proxy.getApplicationInfo(IPackageManager.java:3104)

08-12 04:48:10.846  5773  6057 I LSPosed-Bridge: 	at android.app.ApplicationPackageManager.getApplicationInfoAsUser(ApplicationPackageManager.java:384)

08-12 04:48:10.846  5773  6057 I LSPosed-Bridge: 	at android.app.ApplicationPackageManager.getApplicationInfo(ApplicationPackageManager.java:377)

08-12 04:48:10.846  5773  6057 I LSPosed-Bridge: 	at m.cr.a(:com.google.android.gms.dynamite_measurementdynamite@233013028@23.30.13 (100400-0):7)

08-12 04:48:10.846  5773  6057 I LSPosed-Bridge: 	at m.ek.c(:com.google.android.gms.dynamite_measurementdynamite@233013028@23.30.13 (100400-0):42)

08-12 04:48:10.846  5773  6057 I LSPosed-Bridge: 	at m.ek.d(:com.google.android.gms.dynamite_measurementdynamite@233013028@23.30.13 (100400-0):4)

08-12 04:48:10.846  5773  6057 I LSPosed-Bridge: 	at m.ek.g(:com.google.android.gms.dynamite_measurementdynamite@233013028@23.30.13 (100400-0):6)

08-12 04:48:10.846  5773  6057 I LSPosed-Bridge: 	at m.kj.onActivityResumed(:com.google.android.gms.dynamite_measurementdynamite@233013028@23.30.13 (100400-0):52)

08-12 04:48:10.846  5773  6057 I LSPosed-Bridge: 	at com.google.android.gms.measurement.internal.AppMeasurementDynamiteService.onActivityResumed(:com.google.android.gms.dynamite_measurementdynamite@233013028@23.30.13 (100400-0):29)

08-12 04:48:10.846  5773  6057 I LSPosed-Bridge: 	at m.df.a(:com.google.android.gms.dynamite_measurementdynamite@233013028@23.30.13 (100400-0):104)

08-12 04:48:10.846  5773  6057 I LSPosed-Bridge: 	at m.am.onTransact(:com.google.android.gms.dynamite_measurementdynamite@233013028@23.30.13 (100400-0):21)

08-12 04:48:10.846  5773  6057 I LSPosed-Bridge: 	at android.os.Binder.transact(Binder.java:667)

08-12 04:48:10.846  5773  6057 I LSPosed-Bridge: 	at com.google.android.gms.internal.measurement.zzbm.zzc(SourceFile:2)

08-12 04:48:10.846  5773  6057 I LSPosed-Bridge: 	at com.google.android.gms.internal.measurement.zzca.onActivityResumed(SourceFile:4)

08-12 04:48:10.846  5773  6057 I LSPosed-Bridge: 	at com.google.android.gms.internal.measurement.zzdz.zza(SourceFile:2)

08-12 04:48:10.846  5773  6057 I LSPosed-Bridge: 	at com.google.android.gms.internal.measurement.zzdu.run(SourceFile:2)

08-12 04:48:10.846  5773  6057 I LSPosed-Bridge: 	at java.util.concurrent.ThreadPoolExecutor.runWorker(ThreadPoolExecutor.java:1167)

08-12 04:48:10.846  5773  6057 I LSPosed-Bridge: 	at java.util.concurrent.ThreadPoolExecutor$Worker.run(ThreadPoolExecutor.java:641)

08-12 04:48:10.846  5773  6057 I LSPosed-Bridge: 	at java.lang.Thread.run(Thread.java:764)

08-12 04:48:10.874  1577  2739 I LSPosed-Bridge: 5773 PermLabel 10149 AMS.checkPermission: Binder.getCallingPid() = 5773; uid = 10149; Binder.getCallingUid() = 10149; getNameForUid: kr.co.company.hwahae; getPackagesForUid: [kr.co.company.hwahae]; permName: android.permission.GET_TASKS; type = 0; res = -1; stacktrace=java.lang.Exception

08-12 04:48:10.874  1577  2739 I LSPosed-Bridge: 	at com.example.permlabel.requirePerm$1$2.afterHookedMethod(requirePerm.java:131)

08-12 04:48:10.874  1577  2739 I LSPosed-Bridge: 	at de.robv.android.xposed.XposedBridge$AdditionalHookInfo.callback(Unknown Source:147)

08-12 04:48:10.874  1577  2739 I LSPosed-Bridge: 	at LSPHooker_.checkPermission(Unknown Source:25)

08-12 04:48:10.874  1577  2739 I LSPosed-Bridge: 	at com.android.server.am.ActivityManagerService.isGetTasksAllowed(ActivityManagerService.java:10902)

08-12 04:48:10.874  1577  2739 I LSPosed-Bridge: 	at com.android.server.am.ActivityManagerService.getRunningAppProcesses(ActivityManagerService.java:16139)

08-12 04:48:10.874  1577  2739 I LSPosed-Bridge: 	at android.app.IActivityManager$Stub.onTransact(IActivityManager.java:1088)

08-12 04:48:10.874  1577  2739 I LSPosed-Bridge: 	at com.android.server.am.ActivityManagerService.onTransact(ActivityManagerService.java:3346)

08-12 04:48:10.874  1577  2739 I LSPosed-Bridge: 	at android.os.Binder.execTransact(Binder.java:731)

08-12 04:48:15.887  5773  5773 I LSPosed-Bridge: 5773 PermLabel hookBinder_test 10149 interfaceBinder =android.hardware.display.IDisplayManager; arg0 = 1; arg1 = android.os.Parcel@e8581e6; arg2 = android.os.Parcel@846f44e; arg3 = 0; res = true; stacktrace=java.lang.Exception

08-12 04:48:15.887  5773  5773 I LSPosed-Bridge: 	at com.example.permlabel.hookBinder_test$1.afterHookedMethod(hookBinder_test.java:62)

08-12 04:48:15.887  5773  5773 I LSPosed-Bridge: 	at de.robv.android.xposed.XposedBridge$AdditionalHookInfo.callback(Unknown Source:147)

08-12 04:48:15.887  5773  5773 I LSPosed-Bridge: 	at LSPHooker_.transact(Unknown Source:28)

08-12 04:48:15.887  5773  5773 I LSPosed-Bridge: 	at android.hardware.display.IDisplayManager$Stub$Proxy.getDisplayInfo(IDisplayManager.java:404)

08-12 04:48:15.887  5773  5773 I LSPosed-Bridge: 	at android.hardware.display.DisplayManagerGlobal.getDisplayInfo(DisplayManagerGlobal.java:124)

08-12 04:48:15.887  5773  5773 I LSPosed-Bridge: 	at android.view.Display.updateDisplayInfoLocked(Display.java:1046)

08-12 04:48:15.887  5773  5773 I LSPosed-Bridge: 	at android.view.Display.getState(Display.java:1014)

08-12 04:48:15.887  5773  5773 I LSPosed-Bridge: 	at android.view.ViewRootImpl.setView(ViewRootImpl.java:667)

08-12 04:48:15.887  5773  5773 I LSPosed-Bridge: 	at android.view.WindowManagerGlobal.addView(WindowManagerGlobal.java:356)

08-12 04:48:15.887  5773  5773 I LSPosed-Bridge: 	at android.view.WindowManagerImpl.addView(WindowManagerImpl.java:94)

08-12 04:48:15.887  5773  5773 I LSPosed-Bridge: 	at android.app.ActivityThread.handleResumeActivity(ActivityThread.java:3869)

08-12 04:48:15.887  5773  5773 I LSPosed-Bridge: 	at android.app.servertransaction.ResumeActivityItem.execute(ResumeActivityItem.java:51)

08-12 04:48:15.887  5773  5773 I LSPosed-Bridge: 	at android.app.servertransaction.TransactionExecutor.executeLifecycleState(TransactionExecutor.java:145)

08-12 04:48:15.887  5773  5773 I LSPosed-Bridge: 	at android.app.servertransaction.TransactionExecutor.execute(TransactionExecutor.java:70)

08-12 04:48:15.887  5773  5773 I LSPosed-Bridge: 	at android.app.ActivityThread$H.handleMessage(ActivityThread.java:1809)

08-12 04:48:15.887  5773  5773 I LSPosed-Bridge: 	at android.os.Handler.dispatchMessage(Handler.java:106)

08-12 04:48:15.887  5773  5773 I LSPosed-Bridge: 	at android.os.Looper.loop(Looper.java:193)

08-12 04:48:15.887  5773  5773 I LSPosed-Bridge: 	at android.app.ActivityThread.main(ActivityThread.java:6692)

08-12 04:48:15.887  5773  5773 I LSPosed-Bridge: 	at java.lang.reflect.Method.invoke(Native Method)

08-12 04:48:15.887  5773  5773 I LSPosed-Bridge: 	at com.android.internal.os.RuntimeInit$MethodAndArgsCaller.run(RuntimeInit.java:493)

08-12 04:48:15.887  5773  5773 I LSPosed-Bridge: 	at com.android.internal.os.ZygoteInit.main(ZygoteInit.java:858)

08-12 04:48:15.887  1577  3044 I LSPosed-Bridge: 5773 PermLabel 10149 AMS.checkPermission: Binder.getCallingPid() = 5773; uid = 10149; Binder.getCallingUid() = 10149; getNameForUid: kr.co.company.hwahae; getPackagesForUid: [kr.co.company.hwahae]; permName: android.permission.GET_TASKS; type = 0; res = -1; stacktrace=java.lang.Exception

08-12 04:48:15.887  1577  3044 I LSPosed-Bridge: 	at com.example.permlabel.requirePerm$1$2.afterHookedMethod(requirePerm.java:131)

08-12 04:48:15.887  1577  3044 I LSPosed-Bridge: 	at de.robv.android.xposed.XposedBridge$AdditionalHookInfo.callback(Unknown Source:147)

08-12 04:48:15.887  1577  3044 I LSPosed-Bridge: 	at LSPHooker_.checkPermission(Unknown Source:25)

08-12 04:48:15.887  1577  3044 I LSPosed-Bridge: 	at com.android.server.am.ActivityManagerService.isGetTasksAllowed(ActivityManagerService.java:10902)

08-12 04:48:15.887  1577  3044 I LSPosed-Bridge: 	at com.android.server.am.ActivityManagerService.getRunningAppProcesses(ActivityManagerService.java:16139)

08-12 04:48:15.887  1577  3044 I LSPosed-Bridge: 	at android.app.IActivityManager$Stub.onTransact(IActivityManager.java:1088)

08-12 04:48:15.887  1577  3044 I LSPosed-Bridge: 	at com.android.server.am.ActivityManagerService.onTransact(ActivityManagerService.java:3346)

08-12 04:48:15.887  1577  3044 I LSPosed-Bridge: 	at android.os.Binder.execTransact(Binder.java:731)

08-12 04:48:15.887  1577  1591 I LSPosed-Bridge: 5773 PermLabel 10149 AMS.checkPermission: Binder.getCallingPid() = 5773; uid = 10149; Binder.getCallingUid() = 10149; getNameForUid: kr.co.company.hwahae; getPackagesForUid: [kr.co.company.hwahae]; permName: android.permission.ACCESS_NETWORK_STATE; type = 0; res = 0; stacktrace=java.lang.Exception

08-12 04:48:15.887  1577  1591 I LSPosed-Bridge: 	at com.example.permlabel.requirePerm$1$2.afterHookedMethod(requirePerm.java:131)

08-12 04:48:15.887  1577  1591 I LSPosed-Bridge: 	at de.robv.android.xposed.XposedBridge$AdditionalHookInfo.callback(Unknown Source:147)

08-12 04:48:15.887  1577  1591 I LSPosed-Bridge: 	at LSPHooker_.checkPermission(Unknown Source:25)

08-12 04:48:15.887  1577  1591 I LSPosed-Bridge: 	at android.app.ContextImpl.checkPermission(ContextImpl.java:1751)

08-12 04:48:15.887  1577  1591 I LSPosed-Bridge: 	at android.app.ContextImpl.checkCallingOrSelfPermission(ContextImpl.java:1791)

08-12 04:48:15.887  1577  1591 I LSPosed-Bridge: 	at android.app.ContextImpl.enforceCallingOrSelfPermission(ContextImpl.java:1841)

08-12 04:48:15.887  1577  1591 I LSPosed-Bridge: 	at com.android.server.ConnectivityService.enforceAccessPermission(ConnectivityService.java:1672)

08-12 04:48:15.887  1577  1591 I LSPosed-Bridge: 	at com.android.server.ConnectivityService.getActiveNetworkInfo(ConnectivityService.java:1178)

08-12 04:48:15.887  1577  1591 I LSPosed-Bridge: 	at android.net.IConnectivityManager$Stub.onTransact(IConnectivityManager.java:85)

08-12 04:48:15.887  1577  1591 I LSPosed-Bridge: 	at android.os.Binder.execTransact(Binder.java:731)

08-12 04:48:15.912  5773  6050 I LSPosed-Bridge: 5773 PermLabel hookBinder_test 10149 interfaceBinder =android.content.pm.IPackageManager; arg0 = 3; arg1 = android.os.Parcel@3a93ac3; arg2 = android.os.Parcel@d49367c; arg3 = 0; res = true; stacktrace=java.lang.Exception

08-12 04:48:15.912  5773  6050 I LSPosed-Bridge: 	at com.example.permlabel.hookBinder_test$1.afterHookedMethod(hookBinder_test.java:62)

08-12 04:48:15.912  5773  6050 I LSPosed-Bridge: 	at de.robv.android.xposed.XposedBridge$AdditionalHookInfo.callback(Unknown Source:147)

08-12 04:48:15.912  5773  6050 I LSPosed-Bridge: 	at LSPHooker_.transact(Unknown Source:28)

08-12 04:48:15.912  5773  6050 I LSPosed-Bridge: 	at android.content.pm.IPackageManager$Stub$Proxy.getPackageInfo(IPackageManager.java:2876)

08-12 04:48:15.912  5773  6050 I LSPosed-Bridge: 	at android.app.ApplicationPackageManager.getPackageInfoAsUser(ApplicationPackageManager.java:174)

08-12 04:48:15.912  5773  6050 I LSPosed-Bridge: 	at android.app.ApplicationPackageManager.getPackageInfo(ApplicationPackageManager.java:152)

08-12 04:48:15.912  5773  6050 I LSPosed-Bridge: 	at com.google.android.datatransport.cct.CctTransportBackend.getPackageVersionCode(SourceFile:2)

08-12 04:48:15.912  5773  6050 I LSPosed-Bridge: 	at com.google.android.datatransport.cct.CctTransportBackend.decorate(SourceFile:17)

08-12 04:48:15.912  5773  6050 I LSPosed-Bridge: 	at com.google.android.datatransport.runtime.scheduling.DefaultScheduler.lambda$schedule$1(SourceFile:7)

08-12 04:48:15.912  5773  6050 I LSPosed-Bridge: 	at com.google.android.datatransport.runtime.scheduling.DefaultScheduler.a(Unknown Source:0)

08-12 04:48:15.912  5773  6050 I LSPosed-Bridge: 	at ua.b.run(Unknown Source:8)

08-12 04:48:15.912  5773  6050 I LSPosed-Bridge: 	at com.google.android.datatransport.runtime.SafeLoggingExecutor$SafeLoggingRunnable.run(SourceFile:1)

08-12 04:48:15.912  5773  6050 I LSPosed-Bridge: 	at java.util.concurrent.ThreadPoolExecutor.runWorker(ThreadPoolExecutor.java:1167)

08-12 04:48:15.912  5773  6050 I LSPosed-Bridge: 	at java.util.concurrent.ThreadPoolExecutor$Worker.run(ThreadPoolExecutor.java:641)

08-12 04:48:15.912  5773  6050 I LSPosed-Bridge: 	at java.lang.Thread.run(Thread.java:764)

08-12 04:48:15.912  1577  3044 I LSPosed-Bridge: 5773 PermLabel 10149 AMS.checkPermission: Binder.getCallingPid() = 5773; uid = 10149; Binder.getCallingUid() = 10149; getNameForUid: kr.co.company.hwahae; getPackagesForUid: [kr.co.company.hwahae]; permName: android.permission.GET_TASKS; type = 0; res = -1; stacktrace=java.lang.Exception

08-12 04:48:15.912  1577  3044 I LSPosed-Bridge: 	at com.example.permlabel.requirePerm$1$2.afterHookedMethod(requirePerm.java:131)

08-12 04:48:15.912  1577  3044 I LSPosed-Bridge: 	at de.robv.android.xposed.XposedBridge$AdditionalHookInfo.callback(Unknown Source:147)

08-12 04:48:15.912  1577  3044 I LSPosed-Bridge: 	at LSPHooker_.checkPermission(Unknown Source:25)

08-12 04:48:15.912  1577  3044 I LSPosed-Bridge: 	at com.android.server.am.ActivityManagerService.isGetTasksAllowed(ActivityManagerService.java:10902)

08-12 04:48:15.912  1577  3044 I LSPosed-Bridge: 	at com.android.server.am.ActivityManagerService.getRunningAppProcesses(ActivityManagerService.java:16139)

08-12 04:48:15.912  1577  3044 I LSPosed-Bridge: 	at android.app.IActivityManager$Stub.onTransact(IActivityManager.java:1088)

08-12 04:48:15.912  1577  3044 I LSPosed-Bridge: 	at com.android.server.am.ActivityManagerService.onTransact(ActivityManagerService.java:3346)

08-12 04:48:15.912  1577  3044 I LSPosed-Bridge: 	at android.os.Binder.execTransact(Binder.java:731)

08-12 04:48:20.942  1577  2712 I LSPosed-Bridge: 5773 PermLabel 10149 AMS.checkPermission: Binder.getCallingPid() = 5773; uid = 10149; Binder.getCallingUid() = 10149; getNameForUid: kr.co.company.hwahae; getPackagesForUid: [kr.co.company.hwahae]; permName: android.permission.GET_TASKS; type = 0; res = -1; stacktrace=java.lang.Exception

08-12 04:48:20.942  1577  2712 I LSPosed-Bridge: 	at com.example.permlabel.requirePerm$1$2.afterHookedMethod(requirePerm.java:131)

08-12 04:48:20.942  1577  2712 I LSPosed-Bridge: 	at de.robv.android.xposed.XposedBridge$AdditionalHookInfo.callback(Unknown Source:147)

08-12 04:48:20.942  1577  2712 I LSPosed-Bridge: 	at LSPHooker_.checkPermission(Unknown Source:25)

08-12 04:48:20.942  1577  2712 I LSPosed-Bridge: 	at com.android.server.am.ActivityManagerService.isGetTasksAllowed(ActivityManagerService.java:10902)

08-12 04:48:20.942  1577  2712 I LSPosed-Bridge: 	at com.android.server.am.ActivityManagerService.getRunningAppProcesses(ActivityManagerService.java:16139)

08-12 04:48:20.942  1577  2712 I LSPosed-Bridge: 	at android.app.IActivityManager$Stub.onTransact(IActivityManager.java:1088)

08-12 04:48:20.942  1577  2712 I LSPosed-Bridge: 	at com.android.server.am.ActivityManagerService.onTransact(ActivityManagerService.java:3346)

08-12 04:48:20.942  1577  2712 I LSPosed-Bridge: 	at android.os.Binder.execTransact(Binder.java:731)

08-12 04:48:20.962  5773  6050 I LSPosed-Bridge: 5773 PermLabel hookBinder_test 10149 interfaceBinder =; arg0 = 1; arg1 = android.os.Parcel@13eeeea; arg2 = android.os.Parcel@fec761b; arg3 = 0; res = true; stacktrace=java.lang.Exception

08-12 04:48:20.962  5773  6050 I LSPosed-Bridge: 	at com.example.permlabel.hookBinder_test$1.afterHookedMethod(hookBinder_test.java:62)

08-12 04:48:20.962  5773  6050 I LSPosed-Bridge: 	at de.robv.android.xposed.XposedBridge$AdditionalHookInfo.callback(Unknown Source:147)

08-12 04:48:20.962  5773  6050 I LSPosed-Bridge: 	at LSPHooker_.transact(Unknown Source:28)

08-12 04:48:20.962  5773  6050 I LSPosed-Bridge: 	at android.os.ServiceManagerProxy.getService(ServiceManagerNative.java:125)

08-12 04:48:20.962  5773  6050 I LSPosed-Bridge: 	at android.os.ServiceManager.rawGetService(ServiceManager.java:253)

08-12 04:48:20.962  5773  6050 I LSPosed-Bridge: 	at android.os.ServiceManager.getService(ServiceManager.java:124)

08-12 04:48:20.962  5773  6050 I LSPosed-Bridge: 	at android.telephony.SubscriptionManager.getPhoneId(SubscriptionManager.java:1222)

08-12 04:48:20.962  5773  6050 I LSPosed-Bridge: 	at android.telephony.TelephonyManager.getSimOperatorNumeric(TelephonyManager.java:2615)

08-12 04:48:20.962  5773  6050 I LSPosed-Bridge: 	at android.telephony.TelephonyManager.getSimOperatorNumeric(TelephonyManager.java:2600)

08-12 04:48:20.962  5773  6050 I LSPosed-Bridge: 	at android.telephony.TelephonyManager.getSimOperator(TelephonyManager.java:2559)

08-12 04:48:20.962  5773  6050 I LSPosed-Bridge: 	at com.google.android.datatransport.cct.CctTransportBackend.decorate(SourceFile:16)

08-12 04:48:20.962  5773  6050 I LSPosed-Bridge: 	at com.google.android.datatransport.runtime.scheduling.DefaultScheduler.lambda$schedule$1(SourceFile:7)

08-12 04:48:20.962  5773  6050 I LSPosed-Bridge: 	at com.google.android.datatransport.runtime.scheduling.DefaultScheduler.a(Unknown Source:0)

08-12 04:48:20.962  5773  6050 I LSPosed-Bridge: 	at ua.b.run(Unknown Source:8)

08-12 04:48:20.962  5773  6050 I LSPosed-Bridge: 	at com.google.android.datatransport.runtime.SafeLoggingExecutor$SafeLoggingRunnable.run(SourceFile:1)

08-12 04:48:20.962  5773  6050 I LSPosed-Bridge: 	at java.util.concurrent.ThreadPoolExecutor.runWorker(ThreadPoolExecutor.java:1167)

08-12 04:48:20.962  5773  6050 I LSPosed-Bridge: 	at java.util.concurrent.ThreadPoolExecutor$Worker.run(ThreadPoolExecutor.java:641)

08-12 04:48:20.962  5773  6050 I LSPosed-Bridge: 	at java.lang.Thread.run(Thread.java:764)

08-12 04:48:20.962  1577  1682 I LSPosed-Bridge: 5773 PermLabel 10149 AMS.checkPermission: Binder.getCallingPid() = 5773; uid = 10149; Binder.getCallingUid() = 10149; getNameForUid: kr.co.company.hwahae; getPackagesForUid: [kr.co.company.hwahae]; permName: android.permission.GET_TASKS; type = 0; res = -1; stacktrace=java.lang.Exception

08-12 04:48:20.962  1577  1682 I LSPosed-Bridge: 	at com.example.permlabel.requirePerm$1$2.afterHookedMethod(requirePerm.java:131)

08-12 04:48:20.962  1577  1682 I LSPosed-Bridge: 	at de.robv.android.xposed.XposedBridge$AdditionalHookInfo.callback(Unknown Source:147)

08-12 04:48:20.962  1577  1682 I LSPosed-Bridge: 	at LSPHooker_.checkPermission(Unknown Source:25)

08-12 04:48:20.962  1577  1682 I LSPosed-Bridge: 	at com.android.server.am.ActivityManagerService.isGetTasksAllowed(ActivityManagerService.java:10902)

08-12 04:48:20.962  1577  1682 I LSPosed-Bridge: 	at com.android.server.am.ActivityManagerService.getRunningAppProcesses(ActivityManagerService.java:16139)

08-12 04:48:20.962  1577  1682 I LSPosed-Bridge: 	at android.app.IActivityManager$Stub.onTransact(IActivityManager.java:1088)

08-12 04:48:20.962  1577  1682 I LSPosed-Bridge: 	at com.android.server.am.ActivityManagerService.onTransact(ActivityManagerService.java:3346)

08-12 04:48:20.962  1577  1682 I LSPosed-Bridge: 	at android.os.Binder.execTransact(Binder.java:731)

08-12 04:48:20.962  5773  6050 I LSPosed-Bridge: 5773 PermLabel hookBinder_test 10149 interfaceBinder =com.android.internal.telephony.ISub; arg0 = 22; arg1 = android.os.Parcel@5dc90f9; arg2 = android.os.Parcel@35ed9a7; arg3 = 0; res = true; stacktrace=java.lang.Exception

08-12 04:48:20.962  5773  6050 I LSPosed-Bridge: 	at com.example.permlabel.hookBinder_test$1.afterHookedMethod(hookBinder_test.java:62)

08-12 04:48:20.962  5773  6050 I LSPosed-Bridge: 	at de.robv.android.xposed.XposedBridge$AdditionalHookInfo.callback(Unknown Source:147)

08-12 04:48:20.962  5773  6050 I LSPosed-Bridge: 	at LSPHooker_.transact(Unknown Source:28)

08-12 04:48:20.962  5773  6050 I LSPosed-Bridge: 	at com.android.internal.telephony.ISub$Stub$Proxy.getPhoneId(ISub.java:882)

08-12 04:48:20.962  5773  6050 I LSPosed-Bridge: 	at android.telephony.SubscriptionManager.getPhoneId(SubscriptionManager.java:1224)

08-12 04:48:20.962  5773  6050 I LSPosed-Bridge: 	at android.telephony.TelephonyManager.getSimOperatorNumeric(TelephonyManager.java:2615)

08-12 04:48:20.962  5773  6050 I LSPosed-Bridge: 	at android.telephony.TelephonyManager.getSimOperatorNumeric(TelephonyManager.java:2600)

