08-12 04:47:09.110  5773  6179 I LSPosed-Bridge: 	at ld.a.resumeWith(SourceFile:4)

08-12 04:47:09.110  5773  6179 I LSPosed-Bridge: 	at be.e1.run(SourceFile:22)

08-12 04:47:09.110  5773  6179 I LSPosed-Bridge: 	at be.o1.Q0(SourceFile:15)

08-12 04:47:09.110  5773  6179 I LSPosed-Bridge: 	at be.g.c1(SourceFile:4)

08-12 04:47:09.110  5773  6179 I LSPosed-Bridge: 	at be.j.a(SourceFile:10)

08-12 04:47:09.110  5773  6179 I LSPosed-Bridge: 	at be.i.e(SourceFile:1)

08-12 04:47:09.110  5773  6179 I LSPosed-Bridge: 	at be.j.b(SourceFile:2)

08-12 04:47:09.110  5773  6179 I LSPosed-Bridge: 	at be.i.f(SourceFile:1)

08-12 04:47:09.110  5773  6179 I LSPosed-Bridge: 	at e7.b$t0.invokeSuspend(SourceFile:2)

08-12 04:47:09.110  5773  6179 I LSPosed-Bridge: 	at ld.a.resumeWith(SourceFile:4)

08-12 04:47:09.110  5773  6179 I LSPosed-Bridge: 	at be.e1.run(SourceFile:22)

08-12 04:47:09.110  5773  6179 I LSPosed-Bridge: 	at java.util.concurrent.ThreadPoolExecutor.runWorker(ThreadPoolExecutor.java:1167)

08-12 04:47:09.110  5773  6179 I LSPosed-Bridge: 	at java.util.concurrent.ThreadPoolExecutor$Worker.run(ThreadPoolExecutor.java:641)

08-12 04:47:09.110  5773  6179 I LSPosed-Bridge: 	at java.lang.Thread.run(Thread.java:764)

08-12 04:47:09.110  1577 10361 I LSPosed-Bridge: 5773 PermLabel 10149 AMS.checkPermission: Binder.getCallingPid() = 5773; uid = 10149; Binder.getCallingUid() = 10149; getNameForUid: kr.co.company.hwahae; getPackagesForUid: [kr.co.company.hwahae]; permName: android.permission.GET_TASKS; type = 0; res = -1; stacktrace=java.lang.Exception

08-12 04:47:09.110  1577 10361 I LSPosed-Bridge: 	at com.example.permlabel.requirePerm$1$2.afterHookedMethod(requirePerm.java:131)

08-12 04:47:09.110  1577 10361 I LSPosed-Bridge: 	at de.robv.android.xposed.XposedBridge$AdditionalHookInfo.callback(Unknown Source:147)

08-12 04:47:09.110  1577 10361 I LSPosed-Bridge: 	at LSPHooker_.checkPermission(Unknown Source:25)

08-12 04:47:09.110  1577 10361 I LSPosed-Bridge: 	at com.android.server.am.ActivityManagerService.isGetTasksAllowed(ActivityManagerService.java:10902)

08-12 04:47:09.110  1577 10361 I LSPosed-Bridge: 	at com.android.server.am.ActivityManagerService.getRunningAppProcesses(ActivityManagerService.java:16139)

08-12 04:47:09.110  1577 10361 I LSPosed-Bridge: 	at android.app.IActivityManager$Stub.onTransact(IActivityManager.java:1088)

08-12 04:47:09.110  1577 10361 I LSPosed-Bridge: 	at com.android.server.am.ActivityManagerService.onTransact(ActivityManagerService.java:3346)

08-12 04:47:09.110  1577 10361 I LSPosed-Bridge: 	at android.os.Binder.execTransact(Binder.java:731)

08-12 04:47:09.110   558   558 I ConfigStore: android::hardware::configstore::V1_0::ISurfaceFlingerConfigs::hasHDRDisplay retrieved: 0

08-12 04:47:09.133  1577 10361 I LSPosed-Bridge: 5773 PermLabel 10149 AMS.checkPermission: Binder.getCallingPid() = 5773; uid = 10149; Binder.getCallingUid() = 10149; getNameForUid: kr.co.company.hwahae; getPackagesForUid: [kr.co.company.hwahae]; permName: android.permission.GET_TASKS; type = 0; res = -1; stacktrace=java.lang.Exception

08-12 04:47:09.133  1577 10361 I LSPosed-Bridge: 	at com.example.permlabel.requirePerm$1$2.afterHookedMethod(requirePerm.java:131)

08-12 04:47:09.133  1577 10361 I LSPosed-Bridge: 	at de.robv.android.xposed.XposedBridge$AdditionalHookInfo.callback(Unknown Source:147)

08-12 04:47:09.133  1577 10361 I LSPosed-Bridge: 	at LSPHooker_.checkPermission(Unknown Source:25)

08-12 04:47:09.133  1577 10361 I LSPosed-Bridge: 	at com.android.server.am.ActivityManagerService.isGetTasksAllowed(ActivityManagerService.java:10902)

08-12 04:47:09.133  1577 10361 I LSPosed-Bridge: 	at com.android.server.am.ActivityManagerService.getRunningAppProcesses(ActivityManagerService.java:16139)

08-12 04:47:09.133  1577 10361 I LSPosed-Bridge: 	at android.app.IActivityManager$Stub.onTransact(IActivityManager.java:1088)

08-12 04:47:09.133  1577 10361 I LSPosed-Bridge: 	at com.android.server.am.ActivityManagerService.onTransact(ActivityManagerService.java:3346)

08-12 04:47:09.133  1577 10361 I LSPosed-Bridge: 	at android.os.Binder.execTransact(Binder.java:731)

08-12 04:47:14.161  5773  6120 I LSPosed-Bridge: 5773 PermLabel hookBinder_test 10149 interfaceBinder =android.content.pm.IPackageManager; arg0 = 13; arg1 = android.os.Parcel@194a27d; arg2 = android.os.Parcel@5ece3d8; arg3 = 0; res = true; stacktrace=java.lang.Exception

08-12 04:47:14.161  5773  6120 I LSPosed-Bridge: 	at com.example.permlabel.hookBinder_test$1.afterHookedMethod(hookBinder_test.java:62)

08-12 04:47:14.161  5773  6120 I LSPosed-Bridge: 	at de.robv.android.xposed.XposedBridge$AdditionalHookInfo.callback(Unknown Source:147)

08-12 04:47:14.161  5773  6120 I LSPosed-Bridge: 	at LSPHooker_.transact(Unknown Source:28)

08-12 04:47:14.161  5773  6120 I LSPosed-Bridge: 	at android.content.pm.IPackageManager$Stub$Proxy.getApplicationInfo(IPackageManager.java:3104)

08-12 04:47:14.161  5773  6120 I LSPosed-Bridge: 	at android.app.ApplicationPackageManager.getApplicationInfoAsUser(ApplicationPackageManager.java:384)

08-12 04:47:14.161  5773  6120 I LSPosed-Bridge: 	at android.app.ApplicationPackageManager.getApplicationInfo(ApplicationPackageManager.java:377)

08-12 04:47:14.161  5773  6120 I LSPosed-Bridge: 	at m.cr.a(:com.google.android.gms.dynamite_measurementdynamite@233013028@23.30.13 (100400-0):7)

08-12 04:47:14.161  5773  6120 I LSPosed-Bridge: 	at m.ek.c(:com.google.android.gms.dynamite_measurementdynamite@233013028@23.30.13 (100400-0):42)

08-12 04:47:14.161  5773  6120 I LSPosed-Bridge: 	at m.ek.d(:com.google.android.gms.dynamite_measurementdynamite@233013028@23.30.13 (100400-0):4)

08-12 04:47:14.161  5773  6120 I LSPosed-Bridge: 	at m.ek.g(:com.google.android.gms.dynamite_measurementdynamite@233013028@23.30.13 (100400-0):6)

08-12 04:47:14.161  5773  6120 I LSPosed-Bridge: 	at m.ky.A(:com.google.android.gms.dynamite_measurementdynamite@233013028@23.30.13 (100400-0):134)

08-12 04:47:14.161  5773  6120 I LSPosed-Bridge: 	at m.ks.run(:com.google.android.gms.dynamite_measurementdynamite@233013028@23.30.13 (100400-0):39)

08-12 04:47:14.161  5773  6120 I LSPosed-Bridge: 	at java.util.concurrent.Executors$RunnableAdapter.call(Executors.java:458)

08-12 04:47:14.161  5773  6120 I LSPosed-Bridge: 	at java.util.concurrent.FutureTask.run(FutureTask.java:266)

08-12 04:47:14.161  5773  6120 I LSPosed-Bridge: 	at m.it.run(:com.google.android.gms.dynamite_measurementdynamite@233013028@23.30.13 (100400-0):48)

08-12 04:47:14.161  1577  2716 I LSPosed-Bridge: 5773 PermLabel 10149 AMS.checkPermission: Binder.getCallingPid() = 5773; uid = 10149; Binder.getCallingUid() = 10149; getNameForUid: kr.co.company.hwahae; getPackagesForUid: [kr.co.company.hwahae]; permName: android.permission.GET_TASKS; type = 0; res = -1; stacktrace=java.lang.Exception

08-12 04:47:14.161  1577  2716 I LSPosed-Bridge: 	at com.example.permlabel.requirePerm$1$2.afterHookedMethod(requirePerm.java:131)

08-12 04:47:14.161  1577  2716 I LSPosed-Bridge: 	at de.robv.android.xposed.XposedBridge$AdditionalHookInfo.callback(Unknown Source:147)

08-12 04:47:14.161  1577  2716 I LSPosed-Bridge: 	at LSPHooker_.checkPermission(Unknown Source:25)

08-12 04:47:14.161  1577  2716 I LSPosed-Bridge: 	at com.android.server.am.ActivityManagerService.isGetTasksAllowed(ActivityManagerService.java:10902)

08-12 04:47:14.161  1577  2716 I LSPosed-Bridge: 	at com.android.server.am.ActivityManagerService.getRunningAppProcesses(ActivityManagerService.java:16139)

08-12 04:47:14.161  1577  2716 I LSPosed-Bridge: 	at android.app.IActivityManager$Stub.onTransact(IActivityManager.java:1088)

08-12 04:47:14.161  1577  2716 I LSPosed-Bridge: 	at com.android.server.am.ActivityManagerService.onTransact(ActivityManagerService.java:3346)

08-12 04:47:14.161  1577  2716 I LSPosed-Bridge: 	at android.os.Binder.execTransact(Binder.java:731)

08-12 04:47:14.161  5773  6050 I LSPosed-Bridge: 5773 PermLabel hookBinder_test 10149 interfaceBinder =; arg0 = 1; arg1 = android.os.Parcel@bcafa75; arg2 = android.os.Parcel@8daf10b; arg3 = 0; res = true; stacktrace=java.lang.Exception

08-12 04:47:14.161  5773  6050 I LSPosed-Bridge: 	at com.example.permlabel.hookBinder_test$1.afterHookedMethod(hookBinder_test.java:62)

08-12 04:47:14.161  5773  6050 I LSPosed-Bridge: 	at de.robv.android.xposed.XposedBridge$AdditionalHookInfo.callback(Unknown Source:147)

08-12 04:47:14.161  5773  6050 I LSPosed-Bridge: 	at LSPHooker_.transact(Unknown Source:28)

08-12 04:47:14.161  5773  6050 I LSPosed-Bridge: 	at android.os.ServiceManagerProxy.getService(ServiceManagerNative.java:125)

08-12 04:47:14.161  5773  6050 I LSPosed-Bridge: 	at android.os.ServiceManager.rawGetService(ServiceManager.java:253)

08-12 04:47:14.161  5773  6050 I LSPosed-Bridge: 	at android.os.ServiceManager.getService(ServiceManager.java:124)

08-12 04:47:14.161  5773  6050 I LSPosed-Bridge: 	at android.telephony.SubscriptionManager.getDefaultDataSubscriptionId(SubscriptionManager.java:1381)

08-12 04:47:14.161  5773  6050 I LSPosed-Bridge: 	at android.telephony.TelephonyManager.getSimOperatorNumeric(TelephonyManager.java:2589)

08-12 04:47:14.161  5773  6050 I LSPosed-Bridge: 	at android.telephony.TelephonyManager.getSimOperator(TelephonyManager.java:2559)

08-12 04:47:14.161  5773  6050 I LSPosed-Bridge: 	at com.google.android.datatransport.cct.CctTransportBackend.decorate(SourceFile:16)

08-12 04:47:14.161  5773  6050 I LSPosed-Bridge: 	at com.google.android.datatransport.runtime.scheduling.DefaultScheduler.lambda$schedule$1(SourceFile:7)

08-12 04:47:14.161  5773  6050 I LSPosed-Bridge: 	at com.google.android.datatransport.runtime.scheduling.DefaultScheduler.a(Unknown Source:0)

08-12 04:47:14.161  5773  6050 I LSPosed-Bridge: 	at ua.b.run(Unknown Source:8)

08-12 04:47:14.161  5773  6050 I LSPosed-Bridge: 	at com.google.android.datatransport.runtime.SafeLoggingExecutor$SafeLoggingRunnable.run(SourceFile:1)

08-12 04:47:14.161  5773  6050 I LSPosed-Bridge: 	at java.util.concurrent.ThreadPoolExecutor.runWorker(ThreadPoolExecutor.java:1167)

08-12 04:47:14.161  5773  6050 I LSPosed-Bridge: 	at java.util.concurrent.ThreadPoolExecutor$Worker.run(ThreadPoolExecutor.java:641)

08-12 04:47:14.161  5773  6050 I LSPosed-Bridge: 	at java.lang.Thread.run(Thread.java:764)

08-12 04:47:14.180  1577  1682 I LSPosed-Bridge: 5773 PermLabel 10149 AMS.checkPermission: Binder.getCallingPid() = 5773; uid = 10149; Binder.getCallingUid() = 10149; getNameForUid: kr.co.company.hwahae; getPackagesForUid: [kr.co.company.hwahae]; permName: android.permission.GET_TASKS; type = 0; res = -1; stacktrace=java.lang.Exception

08-12 04:47:14.180  1577  1682 I LSPosed-Bridge: 	at com.example.permlabel.requirePerm$1$2.afterHookedMethod(requirePerm.java:131)

08-12 04:47:14.180  1577  1682 I LSPosed-Bridge: 	at de.robv.android.xposed.XposedBridge$AdditionalHookInfo.callback(Unknown Source:147)

08-12 04:47:14.180  1577  1682 I LSPosed-Bridge: 	at LSPHooker_.checkPermission(Unknown Source:25)

08-12 04:47:14.180  1577  1682 I LSPosed-Bridge: 	at com.android.server.am.ActivityManagerService.isGetTasksAllowed(ActivityManagerService.java:10902)

08-12 04:47:14.180  1577  1682 I LSPosed-Bridge: 	at com.android.server.am.ActivityManagerService.getRunningAppProcesses(ActivityManagerService.java:16139)

08-12 04:47:14.180  1577  1682 I LSPosed-Bridge: 	at android.app.IActivityManager$Stub.onTransact(IActivityManager.java:1088)

08-12 04:47:14.180  1577  1682 I LSPosed-Bridge: 	at com.android.server.am.ActivityManagerService.onTransact(ActivityManagerService.java:3346)

08-12 04:47:14.180  1577  1682 I LSPosed-Bridge: 	at android.os.Binder.execTransact(Binder.java:731)

08-12 04:47:19.319  1577  2738 I LSPosed-Bridge: 5773 PermLabel 10149 AMS.checkPermission: Binder.getCallingPid() = 5773; uid = 10149; Binder.getCallingUid() = 10149; getNameForUid: kr.co.company.hwahae; getPackagesForUid: [kr.co.company.hwahae]; permName: android.permission.GET_TASKS; type = 0; res = -1; stacktrace=java.lang.Exception

08-12 04:47:19.319  1577  2738 I LSPosed-Bridge: 	at com.example.permlabel.requirePerm$1$2.afterHookedMethod(requirePerm.java:131)

08-12 04:47:19.319  1577  2738 I LSPosed-Bridge: 	at de.robv.android.xposed.XposedBridge$AdditionalHookInfo.callback(Unknown Source:147)

08-12 04:47:19.319  1577  2738 I LSPosed-Bridge: 	at LSPHooker_.checkPermission(Unknown Source:25)

08-12 04:47:19.319  1577  2738 I LSPosed-Bridge: 	at com.android.server.am.ActivityManagerService.isGetTasksAllowed(ActivityManagerService.java:10902)

08-12 04:47:19.319  1577  2738 I LSPosed-Bridge: 	at com.android.server.am.ActivityManagerService.getRunningAppProcesses(ActivityManagerService.java:16139)

08-12 04:47:19.319  1577  2738 I LSPosed-Bridge: 	at android.app.IActivityManager$Stub.onTransact(IActivityManager.java:1088)

08-12 04:47:19.319  1577  2738 I LSPosed-Bridge: 	at com.android.server.am.ActivityManagerService.onTransact(ActivityManagerService.java:3346)

08-12 04:47:19.319  1577  2738 I LSPosed-Bridge: 	at android.os.Binder.execTransact(Binder.java:731)

08-12 04:47:19.319  5773  6179 I LSPosed-Bridge: 5773 PermLabel hookBinder_test 10149 interfaceBinder =android.app.IActivityManager; arg0 = 59; arg1 = android.os.Parcel@1e6493c; arg2 = android.os.Parcel@70cee39; arg3 = 0; res = true; stacktrace=java.lang.Exception

08-12 04:47:19.319  5773  6179 I LSPosed-Bridge: 	at com.example.permlabel.hookBinder_test$1.afterHookedMethod(hookBinder_test.java:62)

08-12 04:47:19.319  5773  6179 I LSPosed-Bridge: 	at de.robv.android.xposed.XposedBridge$AdditionalHookInfo.callback(Unknown Source:147)

08-12 04:47:19.319  5773  6179 I LSPosed-Bridge: 	at LSPHooker_.transact(Unknown Source:28)

08-12 04:47:19.319  5773  6179 I LSPosed-Bridge: 	at android.app.IActivityManager$Stub$Proxy.getIntentSender(IActivityManager.java:4937)

08-12 04:47:19.319  5773  6179 I LSPosed-Bridge: 	at android.app.PendingIntent.getBroadcastAsUser(PendingIntent.java:568)

08-12 04:47:19.319  5773  6179 I LSPosed-Bridge: 	at android.app.PendingIntent.getBroadcast(PendingIntent.java:552)

08-12 04:47:19.319  5773  6179 I LSPosed-Bridge: 	at bo.app.t.c(SourceFile:6)

08-12 04:47:19.319  5773  6179 I LSPosed-Bridge: 	at bo.app.t.m(SourceFile:5)

08-12 04:47:19.319  5773  6179 I LSPosed-Bridge: 	at bo.app.p.d(SourceFile:3)

08-12 04:47:19.319  5773  6179 I LSPosed-Bridge: 	at bo.app.p.openSession(SourceFile:3)

08-12 04:47:19.319  5773  6179 I LSPosed-Bridge: 	at e7.b$w.a(SourceFile:3)

08-12 04:47:19.319  5773  6179 I LSPosed-Bridge: 	at e7.b$w.invoke(SourceFile:1)

08-12 04:47:19.319  5773  6179 I LSPosed-Bridge: 	at e7.b$t0$a.invokeSuspend(SourceFile:2)

08-12 04:47:19.319  5773  6179 I LSPosed-Bridge: 	at ld.a.resumeWith(SourceFile:4)

08-12 04:47:19.319  5773  6179 I LSPosed-Bridge: 	at be.e1.run(SourceFile:22)

08-12 04:47:19.319  5773  6179 I LSPosed-Bridge: 	at be.o1.Q0(SourceFile:15)

08-12 04:47:19.319  5773  6179 I LSPosed-Bridge: 	at be.g.c1(SourceFile:4)

08-12 04:47:19.319  5773  6179 I LSPosed-Bridge: 	at be.j.a(SourceFile:10)

08-12 04:47:19.319  5773  6179 I LSPosed-Bridge: 	at be.i.e(SourceFile:1)

08-12 04:47:19.319  5773  6179 I LSPosed-Bridge: 	at be.j.b(SourceFile:2)

08-12 04:47:19.319  5773  6179 I LSPosed-Bridge: 	at be.i.f(SourceFile:1)

08-12 04:47:19.319  5773  6179 I LSPosed-Bridge: 	at e7.b$t0.invokeSuspend(SourceFile:2)

08-12 04:47:19.319  5773  6179 I LSPosed-Bridge: 	at ld.a.resumeWith(SourceFile:4)

08-12 04:47:19.319  5773  6179 I LSPosed-Bridge: 	at be.e1.run(SourceFile:22)

08-12 04:47:19.319  5773  6179 I LSPosed-Bridge: 	at java.util.concurrent.ThreadPoolExecutor.runWorker(ThreadPoolExecutor.java:1167)

08-12 04:47:19.319  5773  6179 I LSPosed-Bridge: 	at java.util.concurrent.ThreadPoolExecutor$Worker.run(ThreadPoolExecutor.java:641)

08-12 04:47:19.319  5773  6179 I LSPosed-Bridge: 	at java.lang.Thread.run(Thread.java:764)

08-12 04:47:19.343  1577  5885 I LSPosed-Bridge: 5773 PermLabel 10149 AMS.checkPermission: Binder.getCallingPid() = 5773; uid = 10149; Binder.getCallingUid() = 10149; getNameForUid: kr.co.company.hwahae; getPackagesForUid: [kr.co.company.hwahae]; permName: android.permission.GET_TASKS; type = 0; res = -1; stacktrace=java.lang.Exception

08-12 04:47:19.343  1577  5885 I LSPosed-Bridge: 	at com.example.permlabel.requirePerm$1$2.afterHookedMethod(requirePerm.java:131)

08-12 04:47:19.343  1577  5885 I LSPosed-Bridge: 	at de.robv.android.xposed.XposedBridge$AdditionalHookInfo.callback(Unknown Source:147)

08-12 04:47:19.343  1577  5885 I LSPosed-Bridge: 	at LSPHooker_.checkPermission(Unknown Source:25)

08-12 04:47:19.343  1577  5885 I LSPosed-Bridge: 	at com.android.server.am.ActivityManagerService.isGetTasksAllowed(ActivityManagerService.java:10902)

08-12 04:47:19.343  1577  5885 I LSPosed-Bridge: 	at com.android.server.am.ActivityManagerService.getRunningAppProcesses(ActivityManagerService.java:16139)

08-12 04:47:19.343  1577  5885 I LSPosed-Bridge: 	at android.app.IActivityManager$Stub.onTransact(IActivityManager.java:1088)

08-12 04:47:19.343  1577  5885 I LSPosed-Bridge: 	at com.android.server.am.ActivityManagerService.onTransact(ActivityManagerService.java:3346)

08-12 04:47:19.343  1577  5885 I LSPosed-Bridge: 	at android.os.Binder.execTransact(Binder.java:731)

08-12 04:47:25.359  1577  5066 I LSPosed-Bridge: 5773 PermLabel 10149 AMS.checkPermission: Binder.getCallingPid() = 5773; uid = 10149; Binder.getCallingUid() = 10149; getNameForUid: kr.co.company.hwahae; getPackagesForUid: [kr.co.company.hwahae]; permName: android.permission.GET_TASKS; type = 0; res = -1; stacktrace=java.lang.Exception

08-12 04:47:25.359  1577  5066 I LSPosed-Bridge: 	at com.example.permlabel.requirePerm$1$2.afterHookedMethod(requirePerm.java:131)

08-12 04:47:25.359  1577  5066 I LSPosed-Bridge: 	at de.robv.android.xposed.XposedBridge$AdditionalHookInfo.callback(Unknown Source:147)

08-12 04:47:25.359  1577  5066 I LSPosed-Bridge: 	at LSPHooker_.checkPermission(Unknown Source:25)

08-12 04:47:25.359  1577  5066 I LSPosed-Bridge: 	at com.android.server.am.ActivityManagerService.isGetTasksAllowed(ActivityManagerService.java:10902)

08-12 04:47:25.359  1577  5066 I LSPosed-Bridge: 	at com.android.server.am.ActivityManagerService.getRunningAppProcesses(ActivityManagerService.java:16139)

08-12 04:47:25.359  1577  5066 I LSPosed-Bridge: 	at android.app.IActivityManager$Stub.onTransact(IActivityManager.java:1088)

08-12 04:47:25.359  1577  5066 I LSPosed-Bridge: 	at com.android.server.am.ActivityManagerService.onTransact(ActivityManagerService.java:3346)

08-12 04:47:25.359  1577  5066 I LSPosed-Bridge: 	at android.os.Binder.execTransact(Binder.java:731)

08-12 04:47:25.359  5773  6179 I LSPosed-Bridge: 5773 PermLabel hookBinder_test 10149 interfaceBinder =android.app.IActivityManager; arg0 = 59; arg1 = android.os.Parcel@ad6c8a1; arg2 = android.os.Parcel@fa14b0a; arg3 = 0; res = true; stacktrace=java.lang.Exception

08-12 04:47:25.359  5773  6179 I LSPosed-Bridge: 	at com.example.permlabel.hookBinder_test$1.afterHookedMethod(hookBinder_test.java:62)

08-12 04:47:25.359  5773  6179 I LSPosed-Bridge: 	at de.robv.android.xposed.XposedBridge$AdditionalHookInfo.callback(Unknown Source:147)

08-12 04:47:25.359  5773  6179 I LSPosed-Bridge: 	at LSPHooker_.transact(Unknown Source:28)

08-12 04:47:25.359  5773  6179 I LSPosed-Bridge: 	at android.app.IActivityManager$Stub$Proxy.getIntentSender(IActivityManager.java:4937)

08-12 04:47:25.359  5773  6179 I LSPosed-Bridge: 	at android.app.PendingIntent.getBroadcastAsUser(PendingIntent.java:568)

08-12 04:47:25.359  5773  6179 I LSPosed-Bridge: 	at android.app.PendingIntent.getBroadcast(PendingIntent.java:552)

08-12 04:47:25.359  5773  6179 I LSPosed-Bridge: 	at bo.app.t.c(SourceFile:6)

08-12 04:47:25.359  5773  6179 I LSPosed-Bridge: 	at bo.app.t.m(SourceFile:5)

08-12 04:47:25.359  5773  6179 I LSPosed-Bridge: 	at bo.app.p.d(SourceFile:3)

08-12 04:47:25.359  5773  6179 I LSPosed-Bridge: 	at bo.app.p.openSession(SourceFile:3)

08-12 04:47:25.359  5773  6179 I LSPosed-Bridge: 	at e7.b$w.a(SourceFile:3)

08-12 04:47:25.359  5773  6179 I LSPosed-Bridge: 	at e7.b$w.invoke(SourceFile:1)

08-12 04:47:25.359  5773  6179 I LSPosed-Bridge: 	at e7.b$t0$a.invokeSuspend(SourceFile:2)

08-12 04:47:25.359  5773  6179 I LSPosed-Bridge: 	at ld.a.resumeWith(SourceFile:4)

08-12 04:47:25.359  5773  6179 I LSPosed-Bridge: 	at be.e1.run(SourceFile:22)

08-12 04:47:25.359  5773  6179 I LSPosed-Bridge: 	at be.o1.Q0(SourceFile:15)

08-12 04:47:25.359  5773  6179 I LSPosed-Bridge: 	at be.g.c1(SourceFile:4)

08-12 04:47:25.359  5773  6179 I LSPosed-Bridge: 	at be.j.a(SourceFile:10)

08-12 04:47:25.359  5773  6179 I LSPosed-Bridge: 	at be.i.e(SourceFile:1)

08-12 04:47:25.359  5773  6179 I LSPosed-Bridge: 	at be.j.b(SourceFile:2)

08-12 04:47:25.359  5773  6179 I LSPosed-Bridge: 	at be.i.f(SourceFile:1)

08-12 04:47:25.359  5773  6179 I LSPosed-Bridge: 	at e7.b$t0.invokeSuspend(SourceFile:2)

08-12 04:47:25.359  5773  6179 I LSPosed-Bridge: 	at ld.a.resumeWith(SourceFile:4)

08-12 04:47:25.359  5773  6179 I LSPosed-Bridge: 	at be.e1.run(SourceFile:22)

08-12 04:47:25.359  5773  6179 I LSPosed-Bridge: 	at java.util.concurrent.ThreadPoolExecutor.runWorker(ThreadPoolExecutor.java:1167)

08-12 04:47:25.359  5773  6179 I LSPosed-Bridge: 	at java.util.concurrent.ThreadPoolExecutor$Worker.run(ThreadPoolExecutor.java:641)

08-12 04:47:25.359  5773  6179 I LSPosed-Bridge: 	at java.lang.Thread.run(Thread.java:764)

08-12 04:47:25.398  1577  1682 I LSPosed-Bridge: 5773 PermLabel 10149 AMS.checkPermission: Binder.getCallingPid() = 5773; uid = 10149; Binder.getCallingUid() = 10149; getNameForUid: kr.co.company.hwahae; getPackagesForUid: [kr.co.company.hwahae]; permName: android.permission.GET_TASKS; type = 0; res = -1; stacktrace=java.lang.Exception

08-12 04:47:25.398  1577  1682 I LSPosed-Bridge: 	at com.example.permlabel.requirePerm$1$2.afterHookedMethod(requirePerm.java:131)

08-12 04:47:25.398  1577  1682 I LSPosed-Bridge: 	at de.robv.android.xposed.XposedBridge$AdditionalHookInfo.callback(Unknown Source:147)

08-12 04:47:25.398  1577  1682 I LSPosed-Bridge: 	at LSPHooker_.checkPermission(Unknown Source:25)

08-12 04:47:25.398  1577  1682 I LSPosed-Bridge: 	at com.android.server.am.ActivityManagerService.isGetTasksAllowed(ActivityManagerService.java:10902)

08-12 04:47:25.398  1577  1682 I LSPosed-Bridge: 	at com.android.server.am.ActivityManagerService.getRunningAppProcesses(ActivityManagerService.java:16139)

08-12 04:47:25.398  1577  1682 I LSPosed-Bridge: 	at android.app.IActivityManager$Stub.onTransact(IActivityManager.java:1088)

08-12 04:47:25.398  1577  1682 I LSPosed-Bridge: 	at com.android.server.am.ActivityManagerService.onTransact(ActivityManagerService.java:3346)

08-12 04:47:25.398  1577  1682 I LSPosed-Bridge: 	at android.os.Binder.execTransact(Binder.java:731)

08-12 04:47:25.398  5773  5773 I LSPosed-Bridge: 5773 PermLabel hookBinder_test 10149 interfaceBinder =android.hardware.display.IDisplayManager; arg0 = 1; arg1 = android.os.Parcel@df9d01f; arg2 = android.os.Parcel@3ee7ebf; arg3 = 0; res = true; stacktrace=java.lang.Exception

08-12 04:47:25.398  5773  5773 I LSPosed-Bridge: 	at com.example.permlabel.hookBinder_test$1.afterHookedMethod(hookBinder_test.java:62)

08-12 04:47:25.398  5773  5773 I LSPosed-Bridge: 	at de.robv.android.xposed.XposedBridge$AdditionalHookInfo.callback(Unknown Source:147)

08-12 04:47:25.398  5773  5773 I LSPosed-Bridge: 	at LSPHooker_.transact(Unknown Source:28)

08-12 04:47:25.398  5773  5773 I LSPosed-Bridge: 	at android.hardware.display.IDisplayManager$Stub$Proxy.getDisplayInfo(IDisplayManager.java:404)

08-12 04:47:25.398  5773  5773 I LSPosed-Bridge: 	at android.hardware.display.DisplayManagerGlobal.getDisplayInfo(DisplayManagerGlobal.java:124)

08-12 04:47:25.398  5773  5773 I LSPosed-Bridge: 	at android.view.Display.updateDisplayInfoLocked(Display.java:1046)

08-12 04:47:25.398  5773  5773 I LSPosed-Bridge: 	at android.view.Display.getRealSize(Display.java:980)

08-12 04:47:25.398  5773  5773 I LSPosed-Bridge: 	at android.view.ThreadedRenderer.setLightCenter(ThreadedRenderer.java:595)

08-12 04:47:25.398  5773  5773 I LSPosed-Bridge: 	at android.view.ThreadedRenderer.setup(ThreadedRenderer.java:584)

08-12 04:47:25.398  5773  5773 I LSPosed-Bridge: 	at android.view.ViewRootImpl.performTraversals(ViewRootImpl.java:2258)

08-12 04:47:25.398  5773  5773 I LSPosed-Bridge: 	at android.view.ViewRootImpl.doTraversal(ViewRootImpl.java:1465)

08-12 04:47:25.398  5773  5773 I LSPosed-Bridge: 	at android.view.ViewRootImpl$TraversalRunnable.run(ViewRootImpl.java:7205)

08-12 04:47:25.398  5773  5773 I LSPosed-Bridge: 	at android.view.Choreographer$CallbackRecord.run(Choreographer.java:1004)

08-12 04:47:25.398  5773  5773 I LSPosed-Bridge: 	at android.view.Choreographer.doCallbacks(Choreographer.java:816)

08-12 04:47:25.398  5773  5773 I LSPosed-Bridge: 	at android.view.Choreographer.doFrame(Choreographer.java:751)

08-12 04:47:25.398  5773  5773 I LSPosed-Bridge: 	at android.view.Choreographer$FrameDisplayEventReceiver.run(Choreographer.java:990)

08-12 04:47:25.398  5773  5773 I LSPosed-Bridge: 	at android.os.Handler.handleCallback(Handler.java:873)

08-12 04:47:25.398  5773  5773 I LSPosed-Bridge: 	at android.os.Handler.dispatchMessage(Handler.java:99)

08-12 04:47:25.398  5773  5773 I LSPosed-Bridge: 	at android.os.Looper.loop(Looper.java:193)

08-12 04:47:25.398  5773  5773 I LSPosed-Bridge: 	at android.app.ActivityThread.main(ActivityThread.java:6692)

08-12 04:47:25.398  5773  5773 I LSPosed-Bridge: 	at java.lang.reflect.Method.invoke(Native Method)

08-12 04:47:25.398  5773  5773 I LSPosed-Bridge: 	at com.android.internal.os.RuntimeInit$MethodAndArgsCaller.run(RuntimeInit.java:493)

08-12 04:47:25.398  5773  5773 I LSPosed-Bridge: 	at com.android.internal.os.ZygoteInit.main(ZygoteInit.java:858)

08-12 04:47:30.338  1577  5066 I LSPosed-Bridge: 5773 PermLabel 10149 AMS.checkPermission: Binder.getCallingPid() = 5773; uid = 10149; Binder.getCallingUid() = 10149; getNameForUid: kr.co.company.hwahae; getPackagesForUid: [kr.co.company.hwahae]; permName: android.permission.GET_TASKS; type = 0; res = -1; stacktrace=java.lang.Exception

08-12 04:47:30.338  1577  5066 I LSPosed-Bridge: 	at com.example.permlabel.requirePerm$1$2.afterHookedMethod(requirePerm.java:131)

08-12 04:47:30.338  1577  5066 I LSPosed-Bridge: 	at de.robv.android.xposed.XposedBridge$AdditionalHookInfo.callback(Unknown Source:147)

08-12 04:47:30.338  1577  5066 I LSPosed-Bridge: 	at LSPHooker_.checkPermission(Unknown Source:25)

08-12 04:47:30.338  1577  5066 I LSPosed-Bridge: 	at com.android.server.am.ActivityManagerService.isGetTasksAllowed(ActivityManagerService.java:10902)

08-12 04:47:30.338  1577  5066 I LSPosed-Bridge: 	at com.android.server.am.ActivityManagerService.getRunningAppProcesses(ActivityManagerService.java:16139)

08-12 04:47:30.338  1577  5066 I LSPosed-Bridge: 	at android.app.IActivityManager$Stub.onTransact(IActivityManager.java:1088)

08-12 04:47:30.338  1577  5066 I LSPosed-Bridge: 	at com.android.server.am.ActivityManagerService.onTransact(ActivityManagerService.java:3346)

08-12 04:47:30.338  1577  5066 I LSPosed-Bridge: 	at android.os.Binder.execTransact(Binder.java:731)

08-12 04:47:30.418  5773  5773 I LSPosed-Bridge: 5773 PermLabel hookBinder_test 10149 interfaceBinder =android.view.accessibility.IAccessibilityManager; arg0 = 2; arg1 = android.os.Parcel@87742df; arg2 = null; arg3 = 1; res = true; stacktrace=java.lang.Exception

08-12 04:47:30.418  5773  5773 I LSPosed-Bridge: 	at com.example.permlabel.hookBinder_test$1.afterHookedMethod(hookBinder_test.java:62)

08-12 04:47:30.418  5773  5773 I LSPosed-Bridge: 	at de.robv.android.xposed.XposedBridge$AdditionalHookInfo.callback(Unknown Source:147)

08-12 04:47:30.418  5773  5773 I LSPosed-Bridge: 	at LSPHooker_.transact(Unknown Source:28)

08-12 04:47:30.418  5773  5773 I LSPosed-Bridge: 	at android.view.accessibility.IAccessibilityManager$Stub$Proxy.sendAccessibilityEvent(IAccessibilityManager.java:279)

08-12 04:47:30.418  5773  5773 I LSPosed-Bridge: 	at android.view.accessibility.AccessibilityManager.sendAccessibilityEvent(AccessibilityManager.java:505)

08-12 04:47:30.418  5773  5773 I LSPosed-Bridge: 	at android.view.ViewRootImpl.requestSendAccessibilityEvent(ViewRootImpl.java:7602)

08-12 04:47:30.418  5773  5773 I LSPosed-Bridge: 	at android.view.View.sendAccessibilityEventUncheckedInternal(View.java:7449)

08-12 04:47:30.418  5773  5773 I LSPosed-Bridge: 	at android.view.View.sendAccessibilityEventUnchecked(View.java:7421)

08-12 04:47:30.418  5773  5773 I LSPosed-Bridge: 	at android.view.ViewRootImpl$SendWindowContentChangedAccessibilityEvent.run(ViewRootImpl.java:8412)

08-12 04:47:30.418  5773  5773 I LSPosed-Bridge: 	at android.view.ViewRootImpl$SendWindowContentChangedAccessibilityEvent.removeCallbacksAndRun(ViewRootImpl.java:8467)

08-12 04:47:30.418  5773  5773 I LSPosed-Bridge: 	at android.view.ViewRootImpl.requestSendAccessibilityEvent(ViewRootImpl.java:7561)

08-12 04:47:30.418  5773  5773 I LSPosed-Bridge: 	at android.view.View.sendAccessibilityEventUncheckedInternal(View.java:7449)

08-12 04:47:30.418  5773  5773 I LSPosed-Bridge: 	at android.view.View.sendAccessibilityEventUnchecked(View.java:7421)

08-12 04:47:30.418  5773  5773 I LSPosed-Bridge: 	at android.view.View.sendAccessibilityEventInternal(View.java:7398)

08-12 04:47:30.418  5773  5773 I LSPosed-Bridge: 	at android.view.View.sendAccessibilityEvent(View.java:7365)

08-12 04:47:30.418  5773  5773 I LSPosed-Bridge: 	at com.android.internal.policy.DecorView.sendAccessibilityEvent(DecorView.java:576)

08-12 04:47:30.418  5773  5773 I LSPosed-Bridge: 	at android.view.ViewRootImpl.performTraversals(ViewRootImpl.java:2449)

08-12 04:47:30.418  5773  5773 I LSPosed-Bridge: 	at android.view.ViewRootImpl.doTraversal(ViewRootImpl.java:1465)

08-12 04:47:30.418  5773  5773 I LSPosed-Bridge: 	at android.view.ViewRootImpl$TraversalRunnable.run(ViewRootImpl.java:7205)

08-12 04:47:30.418  5773  5773 I LSPosed-Bridge: 	at android.view.Choreographer$CallbackRecord.run(Choreographer.java:1004)

08-12 04:47:30.418  5773  5773 I LSPosed-Bridge: 	at android.view.Choreographer.doCallbacks(Choreographer.java:816)

08-12 04:47:30.418  5773  5773 I LSPosed-Bridge: 	at android.view.Choreographer.doFrame(Choreographer.java:751)

08-12 04:47:30.418  5773  5773 I LSPosed-Bridge: 	at android.view.Choreographer$FrameDisplayEventReceiver.run(Choreographer.java:990)

08-12 04:47:30.418  5773  5773 I LSPosed-Bridge: 	at android.os.Handler.handleCallback(Handler.java:873)

08-12 04:47:30.418  5773  5773 I LSPosed-Bridge: 	at android.os.Handler.dispatchMessage(Handler.java:99)

08-12 04:47:30.418  5773  5773 I LSPosed-Bridge: 	at android.os.Looper.loop(Looper.java:193)

08-12 04:47:30.418  5773  5773 I LSPosed-Bridge: 	at android.app.ActivityThread.main(ActivityThread.java:6692)

08-12 04:47:30.418  5773  5773 I LSPosed-Bridge: 	at java.lang.reflect.Method.invoke(Native Method)

08-12 04:47:30.418  5773  5773 I LSPosed-Bridge: 	at com.android.internal.os.RuntimeInit$MethodAndArgsCaller.run(RuntimeInit.java:493)

08-12 04:47:30.418  5773  5773 I LSPosed-Bridge: 	at com.android.internal.os.ZygoteInit.main(ZygoteInit.java:858)

08-12 04:47:30.418  1577  3015 I LSPosed-Bridge: 5773 PermLabel 10149 AMS.checkPermission: Binder.getCallingPid() = 5773; uid = 10149; Binder.getCallingUid() = 10149; getNameForUid: kr.co.company.hwahae; getPackagesForUid: [kr.co.company.hwahae]; permName: android.permission.GET_TASKS; type = 0; res = -1; stacktrace=java.lang.Exception

08-12 04:47:30.418  1577  3015 I LSPosed-Bridge: 	at com.example.permlabel.requirePerm$1$2.afterHookedMethod(requirePerm.java:131)

08-12 04:47:30.418  1577  3015 I LSPosed-Bridge: 	at de.robv.android.xposed.XposedBridge$AdditionalHookInfo.callback(Unknown Source:147)

08-12 04:47:30.418  1577  3015 I LSPosed-Bridge: 	at LSPHooker_.checkPermission(Unknown Source:25)

08-12 04:47:30.418  1577  3015 I LSPosed-Bridge: 	at com.android.server.am.ActivityManagerService.isGetTasksAllowed(ActivityManagerService.java:10902)

08-12 04:47:30.418  1577  3015 I LSPosed-Bridge: 	at com.android.server.am.ActivityManagerService.getRunningAppProcesses(ActivityManagerService.java:16139)

08-12 04:47:30.418  1577  3015 I LSPosed-Bridge: 	at android.app.IActivityManager$Stub.onTransact(IActivityManager.java:1088)

08-12 04:47:30.418  1577  3015 I LSPosed-Bridge: 	at com.android.server.am.ActivityManagerService.onTransact(ActivityManagerService.java:3346)

08-12 04:47:30.418  1577  3015 I LSPosed-Bridge: 	at android.os.Binder.execTransact(Binder.java:731)

08-12 04:47:30.418   558   558 I ConfigStore: android::hardware::configstore::V1_0::ISurfaceFlingerConfigs::hasHDRDisplay retrieved: 0

08-12 04:47:30.418   558   558 I ConfigStore: android::hardware::configstore::V1_0::ISurfaceFlingerConfigs::hasHDRDisplay retrieved: 0

08-12 04:47:30.418  5773  5773 I LSPosed-Bridge: 5773 PermLabel hookBinder_test 10149 interfaceBinder =android.view.accessibility.IAccessibilityManager; arg0 = 2; arg1 = android.os.Parcel@87742df; arg2 = null; arg3 = 1; res = true; stacktrace=java.lang.Exception

08-12 04:47:30.418  5773  5773 I LSPosed-Bridge: 	at com.example.permlabel.hookBinder_test$1.afterHookedMethod(hookBinder_test.java:62)

08-12 04:47:30.418  5773  5773 I LSPosed-Bridge: 	at de.robv.android.xposed.XposedBridge$AdditionalHookInfo.callback(Unknown Source:147)

08-12 04:47:30.418  5773  5773 I LSPosed-Bridge: 	at LSPHooker_.transact(Unknown Source:28)

08-12 04:47:30.418  5773  5773 I LSPosed-Bridge: 	at android.view.accessibility.IAccessibilityManager$Stub$Proxy.sendAccessibilityEvent(IAccessibilityManager.java:279)

08-12 04:47:30.418  5773  5773 I LSPosed-Bridge: 	at android.view.accessibility.AccessibilityManager.sendAccessibilityEvent(AccessibilityManager.java:505)

08-12 04:47:30.418  5773  5773 I LSPosed-Bridge: 	at android.view.ViewRootImpl.requestSendAccessibilityEvent(ViewRootImpl.java:7602)

08-12 04:47:30.418  5773  5773 I LSPosed-Bridge: 	at android.view.View.sendAccessibilityEventUncheckedInternal(View.java:7449)

08-12 04:47:30.418  5773  5773 I LSPosed-Bridge: 	at android.view.View.sendAccessibilityEventUnchecked(View.java:7421)

08-12 04:47:30.418  5773  5773 I LSPosed-Bridge: 	at android.view.View.sendAccessibilityEventInternal(View.java:7398)

08-12 04:47:30.418  5773  5773 I LSPosed-Bridge: 	at android.view.View.sendAccessibilityEvent(View.java:7365)

08-12 04:47:30.418  5773  5773 I LSPosed-Bridge: 	at com.android.internal.policy.DecorView.sendAccessibilityEvent(DecorView.java:576)

08-12 04:47:30.418  5773  5773 I LSPosed-Bridge: 	at android.view.ViewRootImpl.performTraversals(ViewRootImpl.java:2449)

08-12 04:47:30.418  5773  5773 I LSPosed-Bridge: 	at android.view.ViewRootImpl.doTraversal(ViewRootImpl.java:1465)

08-12 04:47:30.418  5773  5773 I LSPosed-Bridge: 	at android.view.ViewRootImpl$TraversalRunnable.run(ViewRootImpl.java:7205)

08-12 04:47:30.418  5773  5773 I LSPosed-Bridge: 	at android.view.Choreographer$CallbackRecord.run(Choreographer.java:1004)

08-12 04:47:30.418  5773  5773 I LSPosed-Bridge: 	at android.view.Choreographer.doCallbacks(Choreographer.java:816)

08-12 04:47:30.418  5773  5773 I LSPosed-Bridge: 	at android.view.Choreographer.doFrame(Choreographer.java:751)

08-12 04:47:30.418  5773  5773 I LSPosed-Bridge: 	at android.view.Choreographer$FrameDisplayEventReceiver.run(Choreographer.java:990)

08-12 04:47:30.418  5773  5773 I LSPosed-Bridge: 	at android.os.Handler.handleCallback(Handler.java:873)

08-12 04:47:30.418  5773  5773 I LSPosed-Bridge: 	at android.os.Handler.dispatchMessage(Handler.java:99)

08-12 04:47:30.418  5773  5773 I LSPosed-Bridge: 	at android.os.Looper.loop(Looper.java:193)

08-12 04:47:30.418  5773  5773 I LSPosed-Bridge: 	at android.app.ActivityThread.main(ActivityThread.java:6692)

08-12 04:47:30.418  5773  5773 I LSPosed-Bridge: 	at java.lang.reflect.Method.invoke(Native Method)

08-12 04:47:30.418  5773  5773 I LSPosed-Bridge: 	at com.android.internal.os.RuntimeInit$MethodAndArgsCaller.run(RuntimeInit.java:493)

08-12 04:47:30.418  5773  5773 I LSPosed-Bridge: 	at com.android.internal.os.ZygoteInit.main(ZygoteInit.java:858)

08-12 04:47:35.246  5773  6120 I LSPosed-Bridge: 5773 PermLabel hookBinder_test 10149 interfaceBinder =android.content.pm.IPackageManager; arg0 = 13; arg1 = android.os.Parcel@5c2fb02; arg2 = android.os.Parcel@bbb61fd; arg3 = 0; res = true; stacktrace=java.lang.Exception

08-12 04:47:35.246  5773  6120 I LSPosed-Bridge: 	at com.example.permlabel.hookBinder_test$1.afterHookedMethod(hookBinder_test.java:62)

08-12 04:47:35.246  5773  6120 I LSPosed-Bridge: 	at de.robv.android.xposed.XposedBridge$AdditionalHookInfo.callback(Unknown Source:147)

08-12 04:47:35.246  5773  6120 I LSPosed-Bridge: 	at LSPHooker_.transact(Unknown Source:28)

08-12 04:47:35.246  5773  6120 I LSPosed-Bridge: 	at android.content.pm.IPackageManager$Stub$Proxy.getApplicationInfo(IPackageManager.java:3104)

08-12 04:47:35.246  5773  6120 I LSPosed-Bridge: 	at android.app.ApplicationPackageManager.getApplicationInfoAsUser(ApplicationPackageManager.java:384)

08-12 04:47:35.246  5773  6120 I LSPosed-Bridge: 	at android.app.ApplicationPackageManager.getApplicationInfo(ApplicationPackageManager.java:377)

08-12 04:47:35.246  5773  6120 I LSPosed-Bridge: 	at m.cr.a(:com.google.android.gms.dynamite_measurementdynamite@233013028@23.30.13 (100400-0):7)

08-12 04:47:35.246  5773  6120 I LSPosed-Bridge: 	at m.ek.c(:com.google.android.gms.dynamite_measurementdynamite@233013028@23.30.13 (100400-0):42)

08-12 04:47:35.246  5773  6120 I LSPosed-Bridge: 	at m.ek.d(:com.google.android.gms.dynamite_measurementdynamite@233013028@23.30.13 (100400-0):4)

08-12 04:47:35.246  5773  6120 I LSPosed-Bridge: 	at m.ek.h(:com.google.android.gms.dynamite_measurementdynamite@233013028@23.30.13 (100400-0):13)

08-12 04:47:35.246  5773  6120 I LSPosed-Bridge: 	at m.ix.a(:com.google.android.gms.dynamite_measurementdynamite@233013028@23.30.13 (100400-0):6)

08-12 04:47:35.246  5773  6120 I LSPosed-Bridge: 	at m.ix.u(:com.google.android.gms.dynamite_measurementdynamite@233013028@23.30.13 (100400-0):1)

08-12 04:47:35.246  5773  6120 I LSPosed-Bridge: 	at m.kk.U(:com.google.android.gms.dynamite_measurementdynamite@233013028@23.30.13 (100400-0):5)

08-12 04:47:35.246  5773  6120 I LSPosed-Bridge: 	at m.kk.E(:com.google.android.gms.dynamite_measurementdynamite@233013028@23.30.13 (100400-0):31)

08-12 04:47:35.246  5773  6120 I LSPosed-Bridge: 	at m.ky.A(:com.google.android.gms.dynamite_measurementdynamite@233013028@23.30.13 (100400-0):188)

08-12 04:47:35.246  5773  6120 I LSPosed-Bridge: 	at m.ks.run(:com.google.android.gms.dynamite_measurementdynamite@233013028@23.30.13 (100400-0):39)

08-12 04:47:35.246  5773  6120 I LSPosed-Bridge: 	at java.util.concurrent.Executors$RunnableAdapter.call(Executors.java:458)

08-12 04:47:35.246  5773  6120 I LSPosed-Bridge: 	at java.util.concurrent.FutureTask.run(FutureTask.java:266)

08-12 04:47:35.246  5773  6120 I LSPosed-Bridge: 	at m.it.run(:com.google.android.gms.dynamite_measurementdynamite@233013028@23.30.13 (100400-0):48)

08-12 04:47:35.246  5773  6050 I LSPosed-Bridge: 5773 PermLabel hookBinder_test 10149 interfaceBinder =com.android.internal.telephony.ISub; arg0 = 27; arg1 = android.os.Parcel@60db3e0; arg2 = android.os.Parcel@f41844d; arg3 = 0; res = true; stacktrace=java.lang.Exception

08-12 04:47:35.246  5773  6050 I LSPosed-Bridge: 	at com.example.permlabel.hookBinder_test$1.afterHookedMethod(hookBinder_test.java:62)

08-12 04:47:35.246  5773  6050 I LSPosed-Bridge: 	at de.robv.android.xposed.XposedBridge$AdditionalHookInfo.callback(Unknown Source:147)

08-12 04:47:35.246  5773  6050 I LSPosed-Bridge: 	at LSPHooker_.transact(Unknown Source:28)

08-12 04:47:35.246  5773  6050 I LSPosed-Bridge: 	at com.android.internal.telephony.ISub$Stub$Proxy.getDefaultSmsSubId(ISub.java:963)

08-12 04:47:35.246  5773  6050 I LSPosed-Bridge: 	at android.telephony.SubscriptionManager.getDefaultSmsSubscriptionId(SubscriptionManager.java:1330)

08-12 04:47:35.246  5773  6050 I LSPosed-Bridge: 	at android.telephony.TelephonyManager.getSimOperatorNumeric(TelephonyManager.java:2591)

08-12 04:47:35.246  5773  6050 I LSPosed-Bridge: 	at android.telephony.TelephonyManager.getSimOperator(TelephonyManager.java:2559)

08-12 04:47:35.246  5773  6050 I LSPosed-Bridge: 	at com.google.android.datatransport.cct.CctTransportBackend.decorate(SourceFile:16)

08-12 04:47:35.246  5773  6050 I LSPosed-Bridge: 	at com.google.android.datatransport.runtime.scheduling.DefaultScheduler.lambda$schedule$1(SourceFile:7)

08-12 04:47:35.246  5773  6050 I LSPosed-Bridge: 	at com.google.android.datatransport.runtime.scheduling.DefaultScheduler.a(Unknown Source:0)

08-12 04:47:35.246  5773  6050 I LSPosed-Bridge: 	at ua.b.run(Unknown Source:8)

08-12 04:47:35.246  5773  6050 I LSPosed-Bridge: 	at com.google.android.datatransport.runtime.SafeLoggingExecutor$SafeLoggingRunnable.run(SourceFile:1)

08-12 04:47:35.246  5773  6050 I LSPosed-Bridge: 	at java.util.concurrent.ThreadPoolExecutor.runWorker(ThreadPoolExecutor.java:1167)

08-12 04:47:35.246  5773  6050 I LSPosed-Bridge: 	at java.util.concurrent.ThreadPoolExecutor$Worker.run(ThreadPoolExecutor.java:641)

08-12 04:47:35.246  5773  6050 I LSPosed-Bridge: 	at java.lang.Thread.run(Thread.java:764)

08-12 04:47:35.246  1577  5874 I LSPosed-Bridge: 5773 PermLabel 10149 AMS.checkPermission: Binder.getCallingPid() = 5773; uid = 10149; Binder.getCallingUid() = 10149; getNameForUid: kr.co.company.hwahae; getPackagesForUid: [kr.co.company.hwahae]; permName: android.permission.GET_TASKS; type = 0; res = -1; stacktrace=java.lang.Exception

08-12 04:47:35.246  1577  5874 I LSPosed-Bridge: 	at com.example.permlabel.requirePerm$1$2.afterHookedMethod(requirePerm.java:131)

08-12 04:47:35.246  1577  5874 I LSPosed-Bridge: 	at de.robv.android.xposed.XposedBridge$AdditionalHookInfo.callback(Unknown Source:147)

08-12 04:47:35.246  1577  5874 I LSPosed-Bridge: 	at LSPHooker_.checkPermission(Unknown Source:25)

08-12 04:47:35.246  1577  5874 I LSPosed-Bridge: 	at com.android.server.am.ActivityManagerService.isGetTasksAllowed(ActivityManagerService.java:10902)

08-12 04:47:35.246  1577  5874 I LSPosed-Bridge: 	at com.android.server.am.ActivityManagerService.getRunningAppProcesses(ActivityManagerService.java:16139)

08-12 04:47:35.246  1577  5874 I LSPosed-Bridge: 	at android.app.IActivityManager$Stub.onTransact(IActivityManager.java:1088)

08-12 04:47:35.246  1577  5874 I LSPosed-Bridge: 	at com.android.server.am.ActivityManagerService.onTransact(ActivityManagerService.java:3346)

08-12 04:47:35.246  1577  5874 I LSPosed-Bridge: 	at android.os.Binder.execTransact(Binder.java:731)

08-12 04:47:35.268  1577  3045 I LSPosed-Bridge: 5773 PermLabel 10149 AMS.checkPermission: Binder.getCallingPid() = 5773; uid = 10149; Binder.getCallingUid() = 10149; getNameForUid: kr.co.company.hwahae; getPackagesForUid: [kr.co.company.hwahae]; permName: android.permission.GET_TASKS; type = 0; res = -1; stacktrace=java.lang.Exception

08-12 04:47:35.268  1577  3045 I LSPosed-Bridge: 	at com.example.permlabel.requirePerm$1$2.afterHookedMethod(requirePerm.java:131)

08-12 04:47:35.268  1577  3045 I LSPosed-Bridge: 	at de.robv.android.xposed.XposedBridge$AdditionalHookInfo.callback(Unknown Source:147)

08-12 04:47:35.268  1577  3045 I LSPosed-Bridge: 	at LSPHooker_.checkPermission(Unknown Source:25)

08-12 04:47:35.268  1577  3045 I LSPosed-Bridge: 	at com.android.server.am.ActivityManagerService.isGetTasksAllowed(ActivityManagerService.java:10902)

08-12 04:47:35.268  1577  3045 I LSPosed-Bridge: 	at com.android.server.am.ActivityManagerService.getRunningAppProcesses(ActivityManagerService.java:16139)

08-12 04:47:35.268  1577  3045 I LSPosed-Bridge: 	at android.app.IActivityManager$Stub.onTransact(IActivityManager.java:1088)

08-12 04:47:35.268  1577  3045 I LSPosed-Bridge: 	at com.android.server.am.ActivityManagerService.onTransact(ActivityManagerService.java:3346)

08-12 04:47:35.268  1577  3045 I LSPosed-Bridge: 	at android.os.Binder.execTransact(Binder.java:731)

08-12 04:47:35.268  5773  6062 I LSPosed-Bridge: 5773 PermLabel hookBinder_test 10149 interfaceBinder =android.app.IActivityManager; arg0 = 81; arg1 = android.os.Parcel@3f12f7f; arg2 = android.os.Parcel@60db3e0; arg3 = 0; res = true; stacktrace=java.lang.Exception

08-12 04:47:35.268  5773  6062 I LSPosed-Bridge: 	at com.example.permlabel.hookBinder_test$1.afterHookedMethod(hookBinder_test.java:62)

08-12 04:47:35.268  5773  6062 I LSPosed-Bridge: 	at de.robv.android.xposed.XposedBridge$AdditionalHookInfo.callback(Unknown Source:147)

08-12 04:47:35.268  5773  6062 I LSPosed-Bridge: 	at LSPHooker_.transact(Unknown Source:28)

08-12 04:47:35.268  5773  6062 I LSPosed-Bridge: 	at android.app.IActivityManager$Stub$Proxy.getRunningAppProcesses(IActivityManager.java:5366)

08-12 04:47:35.268  5773  6062 I LSPosed-Bridge: 	at android.app.ActivityManager.getRunningAppProcesses(ActivityManager.java:3435)

08-12 04:47:35.268  5773  6062 I LSPosed-Bridge: 	at java.lang.reflect.Method.invoke(Native Method)

08-12 04:47:35.268  5773  6062 I LSPosed-Bridge: 	at org.lsposed.lspd.nativebridge.HookBridge.invokeOriginalMethod(Native Method)

08-12 04:47:35.268  5773  6062 I LSPosed-Bridge: 	at de.robv.android.xposed.XposedBridge$AdditionalHookInfo.callback(Unknown Source:110)

08-12 04:47:35.268  5773  6062 I LSPosed-Bridge: 	at LSPHooker_.getRunningAppProcesses(Unknown Source:8)

08-12 04:47:35.268  5773  6062 I LSPosed-Bridge: 	at com.google.firebase.crashlytics.internal.common.CommonUtils.getAppProcessInfo(SourceFile:2)

08-12 04:47:35.268  5773  6062 I LSPosed-Bridge: 	at com.google.firebase.crashlytics.internal.common.CrashlyticsController.writeSessionEvent(SourceFile:10)

08-12 04:47:35.268  5773  6062 I LSPosed-Bridge: 	at com.google.firebase.crashlytics.internal.common.CrashlyticsController.doWriteNonFatal(SourceFile:11)

08-12 04:47:35.268  5773  6062 I LSPosed-Bridge: 	at com.google.firebase.crashlytics.internal.common.CrashlyticsController.access$2100(SourceFile:1)

08-12 04:47:35.268  5773  6062 I LSPosed-Bridge: 	at com.google.firebase.crashlytics.internal.common.CrashlyticsController$11.run(SourceFile:4)

08-12 04:47:35.268  5773  6062 I LSPosed-Bridge: 	at com.google.firebase.crashlytics.internal.common.CrashlyticsBackgroundWorker$2.call(SourceFile:2)

08-12 04:47:35.268  5773  6062 I LSPosed-Bridge: 	at com.google.firebase.crashlytics.internal.common.CrashlyticsBackgroundWorker$2.call(SourceFile:1)

08-12 04:47:35.268  5773  6062 I LSPosed-Bridge: 	at com.google.firebase.crashlytics.internal.common.CrashlyticsBackgroundWorker$3.then(SourceFile:1)

08-12 04:47:35.268  5773  6062 I LSPosed-Bridge: 	at com.google.android.gms.tasks.zzc.run(SourceFile:3)

08-12 04:47:35.268  5773  6062 I LSPosed-Bridge: 	at java.util.concurrent.ThreadPoolExecutor.runWorker(ThreadPoolExecutor.java:1167)

08-12 04:47:35.268  5773  6062 I LSPosed-Bridge: 	at java.util.concurrent.ThreadPoolExecutor$Worker.run(ThreadPoolExecutor.java:641)

08-12 04:47:35.268  5773  6062 I LSPosed-Bridge: 	at com.google.firebase.crashlytics.internal.common.ExecutorUtils$1$1.onRun(SourceFile:1)

08-12 04:47:35.268  5773  6062 I LSPosed-Bridge: 	at com.google.firebase.crashlytics.internal.common.BackgroundPriorityRunnable.run(SourceFile:2)

08-12 04:47:35.268  5773  6062 I LSPosed-Bridge: 	at java.lang.Thread.run(Thread.java:764)

08-12 04:47:40.482  1577  5874 I LSPosed-Bridge: 5773 PermLabel 10149 AMS.checkPermission: Binder.getCallingPid() = 5773; uid = 10149; Binder.getCallingUid() = 10149; getNameForUid: kr.co.company.hwahae; getPackagesForUid: [kr.co.company.hwahae]; permName: android.permission.GET_TASKS; type = 0; res = -1; stacktrace=java.lang.Exception

08-12 04:47:40.482  1577  5874 I LSPosed-Bridge: 	at com.example.permlabel.requirePerm$1$2.afterHookedMethod(requirePerm.java:131)

08-12 04:47:40.482  1577  5874 I LSPosed-Bridge: 	at de.robv.android.xposed.XposedBridge$AdditionalHookInfo.callback(Unknown Source:147)

08-12 04:47:40.482  1577  5874 I LSPosed-Bridge: 	at LSPHooker_.checkPermission(Unknown Source:25)

08-12 04:47:40.482  1577  5874 I LSPosed-Bridge: 	at com.android.server.am.ActivityManagerService.isGetTasksAllowed(ActivityManagerService.java:10902)

08-12 04:47:40.482  1577  5874 I LSPosed-Bridge: 	at com.android.server.am.ActivityManagerService.getRunningAppProcesses(ActivityManagerService.java:16139)

08-12 04:47:40.482  1577  5874 I LSPosed-Bridge: 	at android.app.IActivityManager$Stub.onTransact(IActivityManager.java:1088)

08-12 04:47:40.482  1577  5874 I LSPosed-Bridge: 	at com.android.server.am.ActivityManagerService.onTransact(ActivityManagerService.java:3346)

08-12 04:47:40.482  1577  5874 I LSPosed-Bridge: 	at android.os.Binder.execTransact(Binder.java:731)

08-12 04:47:40.500  1577  5874 I LSPosed-Bridge: 5773 PermLabel 10149 AMS.checkPermission: Binder.getCallingPid() = 5773; uid = 10149; Binder.getCallingUid() = 10149; getNameForUid: kr.co.company.hwahae; getPackagesForUid: [kr.co.company.hwahae]; permName: android.permission.GET_TASKS; type = 0; res = -1; stacktrace=java.lang.Exception

08-12 04:47:40.500  1577  5874 I LSPosed-Bridge: 	at com.example.permlabel.requirePerm$1$2.afterHookedMethod(requirePerm.java:131)

08-12 04:47:40.500  1577  5874 I LSPosed-Bridge: 	at de.robv.android.xposed.XposedBridge$AdditionalHookInfo.callback(Unknown Source:147)

08-12 04:47:40.500  1577  5874 I LSPosed-Bridge: 	at LSPHooker_.checkPermission(Unknown Source:25)

08-12 04:47:40.500  1577  5874 I LSPosed-Bridge: 	at com.android.server.am.ActivityManagerService.isGetTasksAllowed(ActivityManagerService.java:10902)

