08-12 04:51:36.850  1577  5066 I LSPosed-Bridge: 	at com.android.server.am.ActivityManagerService.isGetTasksAllowed(ActivityManagerService.java:10902)

08-12 04:51:36.850  1577  5066 I LSPosed-Bridge: 	at com.android.server.am.ActivityManagerService.getRunningAppProcesses(ActivityManagerService.java:16139)

08-12 04:51:36.850  1577  5066 I LSPosed-Bridge: 	at android.app.IActivityManager$Stub.onTransact(IActivityManager.java:1088)

08-12 04:51:36.850  1577  5066 I LSPosed-Bridge: 	at com.android.server.am.ActivityManagerService.onTransact(ActivityManagerService.java:3346)

08-12 04:51:36.850  1577  5066 I LSPosed-Bridge: 	at android.os.Binder.execTransact(Binder.java:731)

08-12 04:51:41.712  5773  6120 I LSPosed-Bridge: 5773 PermLabel hookBinder_test 10149 interfaceBinder =android.content.pm.IPackageManager; arg0 = 13; arg1 = android.os.Parcel@96b9b19; arg2 = android.os.Parcel@a68d7de; arg3 = 0; res = true; stacktrace=java.lang.Exception

08-12 04:51:41.712  5773  6120 I LSPosed-Bridge: 	at com.example.permlabel.hookBinder_test$1.afterHookedMethod(hookBinder_test.java:62)

08-12 04:51:41.712  5773  6120 I LSPosed-Bridge: 	at de.robv.android.xposed.XposedBridge$AdditionalHookInfo.callback(Unknown Source:147)

08-12 04:51:41.712  5773  6120 I LSPosed-Bridge: 	at LSPHooker_.transact(Unknown Source:28)

08-12 04:51:41.712  5773  6120 I LSPosed-Bridge: 	at android.content.pm.IPackageManager$Stub$Proxy.getApplicationInfo(IPackageManager.java:3104)

08-12 04:51:41.712  5773  6120 I LSPosed-Bridge: 	at android.app.ApplicationPackageManager.getApplicationInfoAsUser(ApplicationPackageManager.java:384)

08-12 04:51:41.712  5773  6120 I LSPosed-Bridge: 	at android.app.ApplicationPackageManager.getApplicationInfo(ApplicationPackageManager.java:377)

08-12 04:51:41.712  5773  6120 I LSPosed-Bridge: 	at m.cr.a(:com.google.android.gms.dynamite_measurementdynamite@233013028@23.30.13 (100400-0):7)

08-12 04:51:41.712  5773  6120 I LSPosed-Bridge: 	at m.ek.c(:com.google.android.gms.dynamite_measurementdynamite@233013028@23.30.13 (100400-0):42)

08-12 04:51:41.712  5773  6120 I LSPosed-Bridge: 	at m.ek.d(:com.google.android.gms.dynamite_measurementdynamite@233013028@23.30.13 (100400-0):4)

08-12 04:51:41.712  5773  6120 I LSPosed-Bridge: 	at m.ek.g(:com.google.android.gms.dynamite_measurementdynamite@233013028@23.30.13 (100400-0):6)

08-12 04:51:41.712  5773  6120 I LSPosed-Bridge: 	at m.ly.run(:com.google.android.gms.dynamite_measurementdynamite@233013028@23.30.13 (100400-0):38)

08-12 04:51:41.712  5773  6120 I LSPosed-Bridge: 	at java.util.concurrent.Executors$RunnableAdapter.call(Executors.java:458)

08-12 04:51:41.712  5773  6120 I LSPosed-Bridge: 	at java.util.concurrent.FutureTask.run(FutureTask.java:266)

08-12 04:51:41.712  5773  6120 I LSPosed-Bridge: 	at m.it.run(:com.google.android.gms.dynamite_measurementdynamite@233013028@23.30.13 (100400-0):48)

08-12 04:51:41.712 22350 22417 E libc    : Access denied finding property "ro.serialno"

08-12 04:51:41.712  5773  6057 I LSPosed-Bridge: 5773 PermLabel hookBinder_test 10149 interfaceBinder =android.content.pm.IPackageManager; arg0 = 13; arg1 = android.os.Parcel@1342c8c; arg2 = android.os.Parcel@42172f4; arg3 = 0; res = true; stacktrace=java.lang.Exception

08-12 04:51:41.712  5773  6057 I LSPosed-Bridge: 	at com.example.permlabel.hookBinder_test$1.afterHookedMethod(hookBinder_test.java:62)

08-12 04:51:41.712  5773  6057 I LSPosed-Bridge: 	at de.robv.android.xposed.XposedBridge$AdditionalHookInfo.callback(Unknown Source:147)

08-12 04:51:41.712  5773  6057 I LSPosed-Bridge: 	at LSPHooker_.transact(Unknown Source:28)

08-12 04:51:41.712  5773  6057 I LSPosed-Bridge: 	at android.content.pm.IPackageManager$Stub$Proxy.getApplicationInfo(IPackageManager.java:3104)

08-12 04:51:41.712  5773  6057 I LSPosed-Bridge: 	at android.app.ApplicationPackageManager.getApplicationInfoAsUser(ApplicationPackageManager.java:384)

08-12 04:51:41.712  5773  6057 I LSPosed-Bridge: 	at android.app.ApplicationPackageManager.getApplicationInfo(ApplicationPackageManager.java:377)

08-12 04:51:41.712  5773  6057 I LSPosed-Bridge: 	at m.cr.a(:com.google.android.gms.dynamite_measurementdynamite@233013028@23.30.13 (100400-0):7)

08-12 04:51:41.712  5773  6057 I LSPosed-Bridge: 	at m.ek.c(:com.google.android.gms.dynamite_measurementdynamite@233013028@23.30.13 (100400-0):42)

08-12 04:51:41.712  5773  6057 I LSPosed-Bridge: 	at m.ek.d(:com.google.android.gms.dynamite_measurementdynamite@233013028@23.30.13 (100400-0):4)

08-12 04:51:41.712  5773  6057 I LSPosed-Bridge: 	at m.ek.g(:com.google.android.gms.dynamite_measurementdynamite@233013028@23.30.13 (100400-0):6)

08-12 04:51:41.712  5773  6057 I LSPosed-Bridge: 	at m.kj.onActivityResumed(:com.google.android.gms.dynamite_measurementdynamite@233013028@23.30.13 (100400-0):82)

08-12 04:51:41.712  5773  6057 I LSPosed-Bridge: 	at com.google.android.gms.measurement.internal.AppMeasurementDynamiteService.onActivityResumed(:com.google.android.gms.dynamite_measurementdynamite@233013028@23.30.13 (100400-0):29)

08-12 04:51:41.712  5773  6057 I LSPosed-Bridge: 	at m.df.a(:com.google.android.gms.dynamite_measurementdynamite@233013028@23.30.13 (100400-0):104)

08-12 04:51:41.712  5773  6057 I LSPosed-Bridge: 	at m.am.onTransact(:com.google.android.gms.dynamite_measurementdynamite@233013028@23.30.13 (100400-0):21)

08-12 04:51:41.712  5773  6057 I LSPosed-Bridge: 	at android.os.Binder.transact(Binder.java:667)

08-12 04:51:41.712  5773  6057 I LSPosed-Bridge: 	at com.google.android.gms.internal.measurement.zzbm.zzc(SourceFile:2)

08-12 04:51:41.712  5773  6057 I LSPosed-Bridge: 	at com.google.android.gms.internal.measurement.zzca.onActivityResumed(SourceFile:4)

08-12 04:51:41.712  5773  6057 I LSPosed-Bridge: 	at com.google.android.gms.internal.measurement.zzdz.zza(SourceFile:2)

08-12 04:51:41.712  5773  6057 I LSPosed-Bridge: 	at com.google.android.gms.internal.measurement.zzdu.run(SourceFile:2)

08-12 04:51:41.712  5773  6057 I LSPosed-Bridge: 	at java.util.concurrent.ThreadPoolExecutor.runWorker(ThreadPoolExecutor.java:1167)

08-12 04:51:41.712  5773  6057 I LSPosed-Bridge: 	at java.util.concurrent.ThreadPoolExecutor$Worker.run(ThreadPoolExecutor.java:641)

08-12 04:51:41.712  5773  6057 I LSPosed-Bridge: 	at java.lang.Thread.run(Thread.java:764)

08-12 04:51:41.712  1577  5066 I LSPosed-Bridge: 5773 PermLabel 10149 AMS.checkPermission: Binder.getCallingPid() = 5773; uid = 10149; Binder.getCallingUid() = 10149; getNameForUid: kr.co.company.hwahae; getPackagesForUid: [kr.co.company.hwahae]; permName: android.permission.GET_TASKS; type = 0; res = -1; stacktrace=java.lang.Exception

08-12 04:51:41.712  1577  5066 I LSPosed-Bridge: 	at com.example.permlabel.requirePerm$1$2.afterHookedMethod(requirePerm.java:131)

08-12 04:51:41.712  1577  5066 I LSPosed-Bridge: 	at de.robv.android.xposed.XposedBridge$AdditionalHookInfo.callback(Unknown Source:147)

08-12 04:51:41.712  1577  5066 I LSPosed-Bridge: 	at LSPHooker_.checkPermission(Unknown Source:25)

08-12 04:51:41.712  1577  5066 I LSPosed-Bridge: 	at com.android.server.am.ActivityManagerService.isGetTasksAllowed(ActivityManagerService.java:10902)

08-12 04:51:41.712  1577  5066 I LSPosed-Bridge: 	at com.android.server.am.ActivityManagerService.getRunningAppProcesses(ActivityManagerService.java:16139)

08-12 04:51:41.712  1577  5066 I LSPosed-Bridge: 	at android.app.IActivityManager$Stub.onTransact(IActivityManager.java:1088)

08-12 04:51:41.712  1577  5066 I LSPosed-Bridge: 	at com.android.server.am.ActivityManagerService.onTransact(ActivityManagerService.java:3346)

08-12 04:51:41.712  1577  5066 I LSPosed-Bridge: 	at android.os.Binder.execTransact(Binder.java:731)

08-12 04:51:41.744  1577  5114 I LSPosed-Bridge: 5773 PermLabel 10149 AMS.checkPermission: Binder.getCallingPid() = 5773; uid = 10149; Binder.getCallingUid() = 10149; getNameForUid: kr.co.company.hwahae; getPackagesForUid: [kr.co.company.hwahae]; permName: android.permission.GET_TASKS; type = 0; res = -1; stacktrace=java.lang.Exception

08-12 04:51:41.744  1577  5114 I LSPosed-Bridge: 	at com.example.permlabel.requirePerm$1$2.afterHookedMethod(requirePerm.java:131)

08-12 04:51:41.744  1577  5114 I LSPosed-Bridge: 	at de.robv.android.xposed.XposedBridge$AdditionalHookInfo.callback(Unknown Source:147)

08-12 04:51:41.744  1577  5114 I LSPosed-Bridge: 	at LSPHooker_.checkPermission(Unknown Source:25)

08-12 04:51:41.744  1577  5114 I LSPosed-Bridge: 	at com.android.server.am.ActivityManagerService.isGetTasksAllowed(ActivityManagerService.java:10902)

08-12 04:51:41.744  1577  5114 I LSPosed-Bridge: 	at com.android.server.am.ActivityManagerService.getRunningAppProcesses(ActivityManagerService.java:16139)

08-12 04:51:41.744  1577  5114 I LSPosed-Bridge: 	at android.app.IActivityManager$Stub.onTransact(IActivityManager.java:1088)

08-12 04:51:41.744  1577  5114 I LSPosed-Bridge: 	at com.android.server.am.ActivityManagerService.onTransact(ActivityManagerService.java:3346)

08-12 04:51:41.744  1577  5114 I LSPosed-Bridge: 	at android.os.Binder.execTransact(Binder.java:731)

08-12 04:51:46.662  5773  6050 I LSPosed-Bridge: 5773 PermLabel hookBinder_test 10149 interfaceBinder =; arg0 = 1; arg1 = android.os.Parcel@fca50f9; arg2 = android.os.Parcel@82c2071; arg3 = 0; res = true; stacktrace=java.lang.Exception

08-12 04:51:46.662  5773  6050 I LSPosed-Bridge: 	at com.example.permlabel.hookBinder_test$1.afterHookedMethod(hookBinder_test.java:62)

08-12 04:51:46.662  5773  6050 I LSPosed-Bridge: 	at de.robv.android.xposed.XposedBridge$AdditionalHookInfo.callback(Unknown Source:147)

08-12 04:51:46.662  5773  6050 I LSPosed-Bridge: 	at LSPHooker_.transact(Unknown Source:28)

08-12 04:51:46.662  5773  6050 I LSPosed-Bridge: 	at android.os.ServiceManagerProxy.getService(ServiceManagerNative.java:125)

08-12 04:51:46.662  5773  6050 I LSPosed-Bridge: 	at android.os.ServiceManager.rawGetService(ServiceManager.java:253)

08-12 04:51:46.662  5773  6050 I LSPosed-Bridge: 	at android.os.ServiceManager.getService(ServiceManager.java:124)

08-12 04:51:46.662  5773  6050 I LSPosed-Bridge: 	at android.telephony.SubscriptionManager.getDefaultDataSubscriptionId(SubscriptionManager.java:1381)

08-12 04:51:46.662  5773  6050 I LSPosed-Bridge: 	at android.telephony.TelephonyManager.getSimOperatorNumeric(TelephonyManager.java:2589)

08-12 04:51:46.662  5773  6050 I LSPosed-Bridge: 	at android.telephony.TelephonyManager.getSimOperator(TelephonyManager.java:2559)

08-12 04:51:46.662  5773  6050 I LSPosed-Bridge: 	at com.google.android.datatransport.cct.CctTransportBackend.decorate(SourceFile:16)

08-12 04:51:46.662  5773  6050 I LSPosed-Bridge: 	at com.google.android.datatransport.runtime.scheduling.DefaultScheduler.lambda$schedule$1(SourceFile:7)

08-12 04:51:46.662  5773  6050 I LSPosed-Bridge: 	at com.google.android.datatransport.runtime.scheduling.DefaultScheduler.a(Unknown Source:0)

08-12 04:51:46.662  5773  6050 I LSPosed-Bridge: 	at ua.b.run(Unknown Source:8)

08-12 04:51:46.662  5773  6050 I LSPosed-Bridge: 	at com.google.android.datatransport.runtime.SafeLoggingExecutor$SafeLoggingRunnable.run(SourceFile:1)

08-12 04:51:46.662  5773  6050 I LSPosed-Bridge: 	at java.util.concurrent.ThreadPoolExecutor.runWorker(ThreadPoolExecutor.java:1167)

08-12 04:51:46.662  5773  6050 I LSPosed-Bridge: 	at java.util.concurrent.ThreadPoolExecutor$Worker.run(ThreadPoolExecutor.java:641)

08-12 04:51:46.662  5773  6050 I LSPosed-Bridge: 	at java.lang.Thread.run(Thread.java:764)

08-12 04:51:46.662  1577  1591 I LSPosed-Bridge: 5773 PermLabel 10149 AMS.checkPermission: Binder.getCallingPid() = 5773; uid = 10149; Binder.getCallingUid() = 10149; getNameForUid: kr.co.company.hwahae; getPackagesForUid: [kr.co.company.hwahae]; permName: android.permission.GET_TASKS; type = 0; res = -1; stacktrace=java.lang.Exception

08-12 04:51:46.662  1577  1591 I LSPosed-Bridge: 	at com.example.permlabel.requirePerm$1$2.afterHookedMethod(requirePerm.java:131)

08-12 04:51:46.662  1577  1591 I LSPosed-Bridge: 	at de.robv.android.xposed.XposedBridge$AdditionalHookInfo.callback(Unknown Source:147)

08-12 04:51:46.662  1577  1591 I LSPosed-Bridge: 	at LSPHooker_.checkPermission(Unknown Source:25)

08-12 04:51:46.662  1577  1591 I LSPosed-Bridge: 	at com.android.server.am.ActivityManagerService.isGetTasksAllowed(ActivityManagerService.java:10902)

08-12 04:51:46.662  1577  1591 I LSPosed-Bridge: 	at com.android.server.am.ActivityManagerService.getRunningAppProcesses(ActivityManagerService.java:16139)

08-12 04:51:46.662  1577  1591 I LSPosed-Bridge: 	at android.app.IActivityManager$Stub.onTransact(IActivityManager.java:1088)

08-12 04:51:46.662  1577  1591 I LSPosed-Bridge: 	at com.android.server.am.ActivityManagerService.onTransact(ActivityManagerService.java:3346)

08-12 04:51:46.662  1577  1591 I LSPosed-Bridge: 	at android.os.Binder.execTransact(Binder.java:731)

08-12 04:51:46.662  5773  6120 I LSPosed-Bridge: 5773 PermLabel hookBinder_test 10149 interfaceBinder =android.content.pm.IPackageManager; arg0 = 13; arg1 = android.os.Parcel@1a27426; arg2 = android.os.Parcel@e1b43ec; arg3 = 0; res = true; stacktrace=java.lang.Exception

08-12 04:51:46.662  5773  6120 I LSPosed-Bridge: 	at com.example.permlabel.hookBinder_test$1.afterHookedMethod(hookBinder_test.java:62)

08-12 04:51:46.662  5773  6120 I LSPosed-Bridge: 	at de.robv.android.xposed.XposedBridge$AdditionalHookInfo.callback(Unknown Source:147)

08-12 04:51:46.662  5773  6120 I LSPosed-Bridge: 	at LSPHooker_.transact(Unknown Source:28)

08-12 04:51:46.662  5773  6120 I LSPosed-Bridge: 	at android.content.pm.IPackageManager$Stub$Proxy.getApplicationInfo(IPackageManager.java:3104)

08-12 04:51:46.662  5773  6120 I LSPosed-Bridge: 	at android.app.ApplicationPackageManager.getApplicationInfoAsUser(ApplicationPackageManager.java:384)

08-12 04:51:46.662  5773  6120 I LSPosed-Bridge: 	at android.app.ApplicationPackageManager.getApplicationInfo(ApplicationPackageManager.java:377)

08-12 04:51:46.662  5773  6120 I LSPosed-Bridge: 	at m.cr.a(:com.google.android.gms.dynamite_measurementdynamite@233013028@23.30.13 (100400-0):7)

08-12 04:51:46.662  5773  6120 I LSPosed-Bridge: 	at m.ek.c(:com.google.android.gms.dynamite_measurementdynamite@233013028@23.30.13 (100400-0):42)

08-12 04:51:46.662  5773  6120 I LSPosed-Bridge: 	at m.ek.d(:com.google.android.gms.dynamite_measurementdynamite@233013028@23.30.13 (100400-0):4)

08-12 04:51:46.662  5773  6120 I LSPosed-Bridge: 	at m.ix.a(:com.google.android.gms.dynamite_measurementdynamite@233013028@23.30.13 (100400-0):71)

08-12 04:51:46.662  5773  6120 I LSPosed-Bridge: 	at m.ix.u(:com.google.android.gms.dynamite_measurementdynamite@233013028@23.30.13 (100400-0):1)

08-12 04:51:46.662  5773  6120 I LSPosed-Bridge: 	at m.ly.run(:com.google.android.gms.dynamite_measurementdynamite@233013028@23.30.13 (100400-0):127)

08-12 04:51:46.662  5773  6120 I LSPosed-Bridge: 	at java.util.concurrent.Executors$RunnableAdapter.call(Executors.java:458)

08-12 04:51:46.662  5773  6120 I LSPosed-Bridge: 	at java.util.concurrent.FutureTask.run(FutureTask.java:266)

08-12 04:51:46.662  5773  6120 I LSPosed-Bridge: 	at m.it.run(:com.google.android.gms.dynamite_measurementdynamite@233013028@23.30.13 (100400-0):48)

08-12 04:51:46.683  1577  1591 I LSPosed-Bridge: 5773 PermLabel 10149 AMS.checkPermission: Binder.getCallingPid() = 5773; uid = 10149; Binder.getCallingUid() = 10149; getNameForUid: kr.co.company.hwahae; getPackagesForUid: [kr.co.company.hwahae]; permName: android.permission.GET_TASKS; type = 0; res = -1; stacktrace=java.lang.Exception

08-12 04:51:46.683  1577  1591 I LSPosed-Bridge: 	at com.example.permlabel.requirePerm$1$2.afterHookedMethod(requirePerm.java:131)

08-12 04:51:46.683  1577  1591 I LSPosed-Bridge: 	at de.robv.android.xposed.XposedBridge$AdditionalHookInfo.callback(Unknown Source:147)

08-12 04:51:46.683  1577  1591 I LSPosed-Bridge: 	at LSPHooker_.checkPermission(Unknown Source:25)

08-12 04:51:46.683  1577  1591 I LSPosed-Bridge: 	at com.android.server.am.ActivityManagerService.isGetTasksAllowed(ActivityManagerService.java:10902)

08-12 04:51:46.683  1577  1591 I LSPosed-Bridge: 	at com.android.server.am.ActivityManagerService.getRunningAppProcesses(ActivityManagerService.java:16139)

08-12 04:51:46.683  1577  1591 I LSPosed-Bridge: 	at android.app.IActivityManager$Stub.onTransact(IActivityManager.java:1088)

08-12 04:51:46.683  1577  1591 I LSPosed-Bridge: 	at com.android.server.am.ActivityManagerService.onTransact(ActivityManagerService.java:3346)

08-12 04:51:46.683  1577  1591 I LSPosed-Bridge: 	at android.os.Binder.execTransact(Binder.java:731)

08-12 04:51:51.578  1577  5066 I LSPosed-Bridge: 5773 PermLabel 10149 AMS.checkPermission: Binder.getCallingPid() = 5773; uid = 10149; Binder.getCallingUid() = 10149; getNameForUid: kr.co.company.hwahae; getPackagesForUid: [kr.co.company.hwahae]; permName: android.permission.GET_TASKS; type = 0; res = -1; stacktrace=java.lang.Exception

08-12 04:51:51.578  1577  5066 I LSPosed-Bridge: 	at com.example.permlabel.requirePerm$1$2.afterHookedMethod(requirePerm.java:131)

08-12 04:51:51.578  1577  5066 I LSPosed-Bridge: 	at de.robv.android.xposed.XposedBridge$AdditionalHookInfo.callback(Unknown Source:147)

08-12 04:51:51.578  1577  5066 I LSPosed-Bridge: 	at LSPHooker_.checkPermission(Unknown Source:25)

08-12 04:51:51.578  1577  5066 I LSPosed-Bridge: 	at com.android.server.am.ActivityManagerService.isGetTasksAllowed(ActivityManagerService.java:10902)

08-12 04:51:51.578  1577  5066 I LSPosed-Bridge: 	at com.android.server.am.ActivityManagerService.getRunningAppProcesses(ActivityManagerService.java:16139)

08-12 04:51:51.578  1577  5066 I LSPosed-Bridge: 	at android.app.IActivityManager$Stub.onTransact(IActivityManager.java:1088)

08-12 04:51:51.578  1577  5066 I LSPosed-Bridge: 	at com.android.server.am.ActivityManagerService.onTransact(ActivityManagerService.java:3346)

08-12 04:51:51.578  1577  5066 I LSPosed-Bridge: 	at android.os.Binder.execTransact(Binder.java:731)

08-12 04:51:51.578  5773  6057 I LSPosed-Bridge: 5773 PermLabel hookBinder_test 10149 interfaceBinder =android.content.pm.IPackageManager; arg0 = 13; arg1 = android.os.Parcel@b42d3d3; arg2 = android.os.Parcel@3c2e9c2; arg3 = 0; res = true; stacktrace=java.lang.Exception

08-12 04:51:51.578  5773  6057 I LSPosed-Bridge: 	at com.example.permlabel.hookBinder_test$1.afterHookedMethod(hookBinder_test.java:62)

08-12 04:51:51.578  5773  6057 I LSPosed-Bridge: 	at de.robv.android.xposed.XposedBridge$AdditionalHookInfo.callback(Unknown Source:147)

08-12 04:51:51.578  5773  6057 I LSPosed-Bridge: 	at LSPHooker_.transact(Unknown Source:28)

08-12 04:51:51.578  5773  6057 I LSPosed-Bridge: 	at android.content.pm.IPackageManager$Stub$Proxy.getApplicationInfo(IPackageManager.java:3104)

08-12 04:51:51.578  5773  6057 I LSPosed-Bridge: 	at android.app.ApplicationPackageManager.getApplicationInfoAsUser(ApplicationPackageManager.java:384)

08-12 04:51:51.578  5773  6057 I LSPosed-Bridge: 	at android.app.ApplicationPackageManager.getApplicationInfo(ApplicationPackageManager.java:377)

08-12 04:51:51.578  5773  6057 I LSPosed-Bridge: 	at m.cr.a(:com.google.android.gms.dynamite_measurementdynamite@233013028@23.30.13 (100400-0):7)

08-12 04:51:51.578  5773  6057 I LSPosed-Bridge: 	at m.ek.c(:com.google.android.gms.dynamite_measurementdynamite@233013028@23.30.13 (100400-0):42)

08-12 04:51:51.578  5773  6057 I LSPosed-Bridge: 	at m.ek.d(:com.google.android.gms.dynamite_measurementdynamite@233013028@23.30.13 (100400-0):4)

08-12 04:51:51.578  5773  6057 I LSPosed-Bridge: 	at m.ek.g(:com.google.android.gms.dynamite_measurementdynamite@233013028@23.30.13 (100400-0):6)

08-12 04:51:51.578  5773  6057 I LSPosed-Bridge: 	at m.kj.onActivityResumed(:com.google.android.gms.dynamite_measurementdynamite@233013028@23.30.13 (100400-0):82)

08-12 04:51:51.578  5773  6057 I LSPosed-Bridge: 	at com.google.android.gms.measurement.internal.AppMeasurementDynamiteService.onActivityResumed(:com.google.android.gms.dynamite_measurementdynamite@233013028@23.30.13 (100400-0):29)

08-12 04:51:51.578  5773  6057 I LSPosed-Bridge: 	at m.df.a(:com.google.android.gms.dynamite_measurementdynamite@233013028@23.30.13 (100400-0):104)

08-12 04:51:51.578  5773  6057 I LSPosed-Bridge: 	at m.am.onTransact(:com.google.android.gms.dynamite_measurementdynamite@233013028@23.30.13 (100400-0):21)

08-12 04:51:51.578  5773  6057 I LSPosed-Bridge: 	at android.os.Binder.transact(Binder.java:667)

08-12 04:51:51.578  5773  6057 I LSPosed-Bridge: 	at com.google.android.gms.internal.measurement.zzbm.zzc(SourceFile:2)

08-12 04:51:51.578  5773  6057 I LSPosed-Bridge: 	at com.google.android.gms.internal.measurement.zzca.onActivityResumed(SourceFile:4)

08-12 04:51:51.578  5773  6057 I LSPosed-Bridge: 	at com.google.android.gms.internal.measurement.zzdz.zza(SourceFile:2)

08-12 04:51:51.578  5773  6057 I LSPosed-Bridge: 	at com.google.android.gms.internal.measurement.zzdu.run(SourceFile:2)

08-12 04:51:51.578  5773  6057 I LSPosed-Bridge: 	at java.util.concurrent.ThreadPoolExecutor.runWorker(ThreadPoolExecutor.java:1167)

08-12 04:51:51.578  5773  6057 I LSPosed-Bridge: 	at java.util.concurrent.ThreadPoolExecutor$Worker.run(ThreadPoolExecutor.java:641)

08-12 04:51:51.578  5773  6057 I LSPosed-Bridge: 	at java.lang.Thread.run(Thread.java:764)

08-12 04:51:51.578  5773  5773 I LSPosed-Bridge: 5773 PermLabel hookBinder_test 10149 interfaceBinder =android.hardware.display.IDisplayManager; arg0 = 1; arg1 = android.os.Parcel@85abd2; arg2 = android.os.Parcel@536cc28; arg3 = 0; res = true; stacktrace=java.lang.Exception

08-12 04:51:51.578  5773  5773 I LSPosed-Bridge: 	at com.example.permlabel.hookBinder_test$1.afterHookedMethod(hookBinder_test.java:62)

08-12 04:51:51.578  5773  5773 I LSPosed-Bridge: 	at de.robv.android.xposed.XposedBridge$AdditionalHookInfo.callback(Unknown Source:147)

08-12 04:51:51.578  5773  5773 I LSPosed-Bridge: 	at LSPHooker_.transact(Unknown Source:28)

08-12 04:51:51.578  5773  5773 I LSPosed-Bridge: 	at android.hardware.display.IDisplayManager$Stub$Proxy.getDisplayInfo(IDisplayManager.java:404)

08-12 04:51:51.578  5773  5773 I LSPosed-Bridge: 	at android.hardware.display.DisplayManagerGlobal.getDisplayInfo(DisplayManagerGlobal.java:124)

08-12 04:51:51.578  5773  5773 I LSPosed-Bridge: 	at android.view.Display.updateDisplayInfoLocked(Display.java:1046)

08-12 04:51:51.578  5773  5773 I LSPosed-Bridge: 	at android.view.Display.getState(Display.java:1014)

08-12 04:51:51.578  5773  5773 I LSPosed-Bridge: 	at android.view.ViewRootImpl.setView(ViewRootImpl.java:667)

08-12 04:51:51.578  5773  5773 I LSPosed-Bridge: 	at android.view.WindowManagerGlobal.addView(WindowManagerGlobal.java:356)

08-12 04:51:51.578  5773  5773 I LSPosed-Bridge: 	at android.view.WindowManagerImpl.addView(WindowManagerImpl.java:94)

08-12 04:51:51.578  5773  5773 I LSPosed-Bridge: 	at android.app.ActivityThread.handleResumeActivity(ActivityThread.java:3869)

08-12 04:51:51.578  5773  5773 I LSPosed-Bridge: 	at android.app.servertransaction.ResumeActivityItem.execute(ResumeActivityItem.java:51)

08-12 04:51:51.578  5773  5773 I LSPosed-Bridge: 	at android.app.servertransaction.TransactionExecutor.executeLifecycleState(TransactionExecutor.java:145)

08-12 04:51:51.578  5773  5773 I LSPosed-Bridge: 	at android.app.servertransaction.TransactionExecutor.execute(TransactionExecutor.java:70)

08-12 04:51:51.578  5773  5773 I LSPosed-Bridge: 	at android.app.ActivityThread$H.handleMessage(ActivityThread.java:1809)

08-12 04:51:51.578  5773  5773 I LSPosed-Bridge: 	at android.os.Handler.dispatchMessage(Handler.java:106)

08-12 04:51:51.578  5773  5773 I LSPosed-Bridge: 	at android.os.Looper.loop(Looper.java:193)

08-12 04:51:51.578  5773  5773 I LSPosed-Bridge: 	at android.app.ActivityThread.main(ActivityThread.java:6692)

08-12 04:51:51.578  5773  5773 I LSPosed-Bridge: 	at java.lang.reflect.Method.invoke(Native Method)

08-12 04:51:51.578  5773  5773 I LSPosed-Bridge: 	at com.android.internal.os.RuntimeInit$MethodAndArgsCaller.run(RuntimeInit.java:493)

08-12 04:51:51.578  5773  5773 I LSPosed-Bridge: 	at com.android.internal.os.ZygoteInit.main(ZygoteInit.java:858)

08-12 04:51:51.594  1577  2712 I LSPosed-Bridge: 5773 PermLabel 10149 AMS.checkPermission: Binder.getCallingPid() = 5773; uid = 10149; Binder.getCallingUid() = 10149; getNameForUid: kr.co.company.hwahae; getPackagesForUid: [kr.co.company.hwahae]; permName: android.permission.GET_TASKS; type = 0; res = -1; stacktrace=java.lang.Exception

08-12 04:51:51.594  1577  2712 I LSPosed-Bridge: 	at com.example.permlabel.requirePerm$1$2.afterHookedMethod(requirePerm.java:131)

08-12 04:51:51.594  1577  2712 I LSPosed-Bridge: 	at de.robv.android.xposed.XposedBridge$AdditionalHookInfo.callback(Unknown Source:147)

08-12 04:51:51.594  1577  2712 I LSPosed-Bridge: 	at LSPHooker_.checkPermission(Unknown Source:25)

08-12 04:51:51.594  1577  2712 I LSPosed-Bridge: 	at com.android.server.am.ActivityManagerService.isGetTasksAllowed(ActivityManagerService.java:10902)

08-12 04:51:51.594  1577  2712 I LSPosed-Bridge: 	at com.android.server.am.ActivityManagerService.getRunningAppProcesses(ActivityManagerService.java:16139)

08-12 04:51:51.594  1577  2712 I LSPosed-Bridge: 	at android.app.IActivityManager$Stub.onTransact(IActivityManager.java:1088)

08-12 04:51:51.594  1577  2712 I LSPosed-Bridge: 	at com.android.server.am.ActivityManagerService.onTransact(ActivityManagerService.java:3346)

08-12 04:51:51.594  1577  2712 I LSPosed-Bridge: 	at android.os.Binder.execTransact(Binder.java:731)

08-12 04:51:56.670  1577  2738 I LSPosed-Bridge: 5773 PermLabel 10149 AMS.checkPermission: Binder.getCallingPid() = 5773; uid = 10149; Binder.getCallingUid() = 10149; getNameForUid: kr.co.company.hwahae; getPackagesForUid: [kr.co.company.hwahae]; permName: android.permission.GET_TASKS; type = 0; res = -1; stacktrace=java.lang.Exception

08-12 04:51:56.670  1577  2738 I LSPosed-Bridge: 	at com.example.permlabel.requirePerm$1$2.afterHookedMethod(requirePerm.java:131)

08-12 04:51:56.670  1577  2738 I LSPosed-Bridge: 	at de.robv.android.xposed.XposedBridge$AdditionalHookInfo.callback(Unknown Source:147)

08-12 04:51:56.670  1577  2738 I LSPosed-Bridge: 	at LSPHooker_.checkPermission(Unknown Source:25)

08-12 04:51:56.670  1577  2738 I LSPosed-Bridge: 	at com.android.server.am.ActivityManagerService.isGetTasksAllowed(ActivityManagerService.java:10902)

08-12 04:51:56.670  1577  2738 I LSPosed-Bridge: 	at com.android.server.am.ActivityManagerService.getRunningAppProcesses(ActivityManagerService.java:16139)

08-12 04:51:56.670  1577  2738 I LSPosed-Bridge: 	at android.app.IActivityManager$Stub.onTransact(IActivityManager.java:1088)

08-12 04:51:56.670  1577  2738 I LSPosed-Bridge: 	at com.android.server.am.ActivityManagerService.onTransact(ActivityManagerService.java:3346)

08-12 04:51:56.670  1577  2738 I LSPosed-Bridge: 	at android.os.Binder.execTransact(Binder.java:731)

08-12 04:51:56.690  5773  6120 I LSPosed-Bridge: 5773 PermLabel hookBinder_test 10149 interfaceBinder =android.content.pm.IPackageManager; arg0 = 13; arg1 = android.os.Parcel@c59564a; arg2 = android.os.Parcel@fae8231; arg3 = 0; res = true; stacktrace=java.lang.Exception

08-12 04:51:56.690  5773  6120 I LSPosed-Bridge: 	at com.example.permlabel.hookBinder_test$1.afterHookedMethod(hookBinder_test.java:62)

08-12 04:51:56.690  5773  6120 I LSPosed-Bridge: 	at de.robv.android.xposed.XposedBridge$AdditionalHookInfo.callback(Unknown Source:147)

08-12 04:51:56.690  5773  6120 I LSPosed-Bridge: 	at LSPHooker_.transact(Unknown Source:28)

08-12 04:51:56.690  5773  6120 I LSPosed-Bridge: 	at android.content.pm.IPackageManager$Stub$Proxy.getApplicationInfo(IPackageManager.java:3104)

08-12 04:51:56.690  5773  6120 I LSPosed-Bridge: 	at android.app.ApplicationPackageManager.getApplicationInfoAsUser(ApplicationPackageManager.java:384)

08-12 04:51:56.690  5773  6120 I LSPosed-Bridge: 	at android.app.ApplicationPackageManager.getApplicationInfo(ApplicationPackageManager.java:377)

08-12 04:51:56.690  5773  6120 I LSPosed-Bridge: 	at m.cr.a(:com.google.android.gms.dynamite_measurementdynamite@233013028@23.30.13 (100400-0):7)

08-12 04:51:56.690  5773  6120 I LSPosed-Bridge: 	at m.ek.c(:com.google.android.gms.dynamite_measurementdynamite@233013028@23.30.13 (100400-0):42)

08-12 04:51:56.690  5773  6120 I LSPosed-Bridge: 	at m.ek.d(:com.google.android.gms.dynamite_measurementdynamite@233013028@23.30.13 (100400-0):4)

08-12 04:51:56.690  5773  6120 I LSPosed-Bridge: 	at m.ix.a(:com.google.android.gms.dynamite_measurementdynamite@233013028@23.30.13 (100400-0):71)

08-12 04:51:56.690  5773  6120 I LSPosed-Bridge: 	at m.ix.u(:com.google.android.gms.dynamite_measurementdynamite@233013028@23.30.13 (100400-0):1)

08-12 04:51:56.690  5773  6120 I LSPosed-Bridge: 	at m.kk.U(:com.google.android.gms.dynamite_measurementdynamite@233013028@23.30.13 (100400-0):5)

08-12 04:51:56.690  5773  6120 I LSPosed-Bridge: 	at m.kk.E(:com.google.android.gms.dynamite_measurementdynamite@233013028@23.30.13 (100400-0):31)

08-12 04:51:56.690  5773  6120 I LSPosed-Bridge: 	at m.ky.A(:com.google.android.gms.dynamite_measurementdynamite@233013028@23.30.13 (100400-0):188)

08-12 04:51:56.690  5773  6120 I LSPosed-Bridge: 	at m.ks.run(:com.google.android.gms.dynamite_measurementdynamite@233013028@23.30.13 (100400-0):39)

08-12 04:51:56.690  5773  6120 I LSPosed-Bridge: 	at java.util.concurrent.Executors$RunnableAdapter.call(Executors.java:458)

08-12 04:51:56.690  5773  6120 I LSPosed-Bridge: 	at java.util.concurrent.FutureTask.run(FutureTask.java:266)

08-12 04:51:56.690  5773  6120 I LSPosed-Bridge: 	at m.it.run(:com.google.android.gms.dynamite_measurementdynamite@233013028@23.30.13 (100400-0):48)

08-12 04:51:56.690  5773  5773 I LSPosed-Bridge: 5773 PermLabel hookBinder_test 10149 interfaceBinder =android.app.IActivityManager; arg0 = 35; arg1 = android.os.Parcel@739c1aa; arg2 = android.os.Parcel@104dc02; arg3 = 0; res = true; stacktrace=java.lang.Exception

08-12 04:51:56.690  5773  5773 I LSPosed-Bridge: 	at com.example.permlabel.hookBinder_test$1.afterHookedMethod(hookBinder_test.java:62)

08-12 04:51:56.690  5773  5773 I LSPosed-Bridge: 	at de.robv.android.xposed.XposedBridge$AdditionalHookInfo.callback(Unknown Source:147)

08-12 04:51:56.690  5773  5773 I LSPosed-Bridge: 	at LSPHooker_.transact(Unknown Source:28)

08-12 04:51:56.690  5773  5773 I LSPosed-Bridge: 	at android.app.IActivityManager$Stub$Proxy.activityResumed(IActivityManager.java:4417)

08-12 04:51:56.690  5773  5773 I LSPosed-Bridge: 	at android.app.servertransaction.ResumeActivityItem.postExecute(ResumeActivityItem.java:61)

08-12 04:51:56.690  5773  5773 I LSPosed-Bridge: 	at android.app.servertransaction.TransactionExecutor.executeLifecycleState(TransactionExecutor.java:146)

08-12 04:51:56.690  5773  5773 I LSPosed-Bridge: 	at android.app.servertransaction.TransactionExecutor.execute(TransactionExecutor.java:70)

08-12 04:51:56.690  5773  5773 I LSPosed-Bridge: 	at android.app.ActivityThread$H.handleMessage(ActivityThread.java:1809)

08-12 04:51:56.690  5773  5773 I LSPosed-Bridge: 	at android.os.Handler.dispatchMessage(Handler.java:106)

08-12 04:51:56.690  5773  5773 I LSPosed-Bridge: 	at android.os.Looper.loop(Looper.java:193)

08-12 04:51:56.690  5773  5773 I LSPosed-Bridge: 	at android.app.ActivityThread.main(ActivityThread.java:6692)

08-12 04:51:56.690  5773  5773 I LSPosed-Bridge: 	at java.lang.reflect.Method.invoke(Native Method)

08-12 04:51:56.690  5773  5773 I LSPosed-Bridge: 	at com.android.internal.os.RuntimeInit$MethodAndArgsCaller.run(RuntimeInit.java:493)

08-12 04:51:56.690  5773  5773 I LSPosed-Bridge: 	at com.android.internal.os.ZygoteInit.main(ZygoteInit.java:858)

08-12 04:51:56.690  5773  6050 I LSPosed-Bridge: 5773 PermLabel hookBinder_test 10149 interfaceBinder =com.android.internal.telephony.ISub; arg0 = 25; arg1 = android.os.Parcel@6366533; arg2 = android.os.Parcel@5669fb5; arg3 = 0; res = true; stacktrace=java.lang.Exception

08-12 04:51:56.690  5773  6050 I LSPosed-Bridge: 	at com.example.permlabel.hookBinder_test$1.afterHookedMethod(hookBinder_test.java:62)

08-12 04:51:56.690  5773  6050 I LSPosed-Bridge: 	at de.robv.android.xposed.XposedBridge$AdditionalHookInfo.callback(Unknown Source:147)

08-12 04:51:56.690  5773  6050 I LSPosed-Bridge: 	at LSPHooker_.transact(Unknown Source:28)

08-12 04:51:56.690  5773  6050 I LSPosed-Bridge: 	at com.android.internal.telephony.ISub$Stub$Proxy.getDefaultVoiceSubId(ISub.java:931)

08-12 04:51:56.690  5773  6050 I LSPosed-Bridge: 	at android.telephony.SubscriptionManager.getDefaultVoiceSubscriptionId(SubscriptionManager.java:1277)

08-12 04:51:56.690  5773  6050 I LSPosed-Bridge: 	at android.telephony.TelephonyManager.getSimOperatorNumeric(TelephonyManager.java:2593)

08-12 04:51:56.690  5773  6050 I LSPosed-Bridge: 	at android.telephony.TelephonyManager.getSimOperator(TelephonyManager.java:2559)

08-12 04:51:56.690  5773  6050 I LSPosed-Bridge: 	at com.google.android.datatransport.cct.CctTransportBackend.decorate(SourceFile:16)

08-12 04:51:56.690  5773  6050 I LSPosed-Bridge: 	at com.google.android.datatransport.runtime.scheduling.DefaultScheduler.lambda$schedule$1(SourceFile:7)

08-12 04:51:56.690  5773  6050 I LSPosed-Bridge: 	at com.google.android.datatransport.runtime.scheduling.DefaultScheduler.a(Unknown Source:0)

08-12 04:51:56.690  5773  6050 I LSPosed-Bridge: 	at ua.b.run(Unknown Source:8)

08-12 04:51:56.690  5773  6050 I LSPosed-Bridge: 	at com.google.android.datatransport.runtime.SafeLoggingExecutor$SafeLoggingRunnable.run(SourceFile:1)

08-12 04:51:56.690  5773  6050 I LSPosed-Bridge: 	at java.util.concurrent.ThreadPoolExecutor.runWorker(ThreadPoolExecutor.java:1167)

08-12 04:51:56.690  5773  6050 I LSPosed-Bridge: 	at java.util.concurrent.ThreadPoolExecutor$Worker.run(ThreadPoolExecutor.java:641)

08-12 04:51:56.690  5773  6050 I LSPosed-Bridge: 	at java.lang.Thread.run(Thread.java:764)

08-12 04:51:56.690  1577  2738 I LSPosed-Bridge: 5773 PermLabel 10149 AMS.checkPermission: Binder.getCallingPid() = 5773; uid = 10149; Binder.getCallingUid() = 10149; getNameForUid: kr.co.company.hwahae; getPackagesForUid: [kr.co.company.hwahae]; permName: android.permission.GET_TASKS; type = 0; res = -1; stacktrace=java.lang.Exception

08-12 04:51:56.690  1577  2738 I LSPosed-Bridge: 	at com.example.permlabel.requirePerm$1$2.afterHookedMethod(requirePerm.java:131)

08-12 04:51:56.690  1577  2738 I LSPosed-Bridge: 	at de.robv.android.xposed.XposedBridge$AdditionalHookInfo.callback(Unknown Source:147)

08-12 04:51:56.690  1577  2738 I LSPosed-Bridge: 	at LSPHooker_.checkPermission(Unknown Source:25)

08-12 04:51:56.690  1577  2738 I LSPosed-Bridge: 	at com.android.server.am.ActivityManagerService.isGetTasksAllowed(ActivityManagerService.java:10902)

08-12 04:51:56.690  1577  2738 I LSPosed-Bridge: 	at com.android.server.am.ActivityManagerService.getRunningAppProcesses(ActivityManagerService.java:16139)

08-12 04:51:56.690  1577  2738 I LSPosed-Bridge: 	at android.app.IActivityManager$Stub.onTransact(IActivityManager.java:1088)

08-12 04:51:56.690  1577  2738 I LSPosed-Bridge: 	at com.android.server.am.ActivityManagerService.onTransact(ActivityManagerService.java:3346)

08-12 04:51:56.690  1577  2738 I LSPosed-Bridge: 	at android.os.Binder.execTransact(Binder.java:731)

08-12 04:52:01.741  5773  6179 I LSPosed-Bridge: 5773 PermLabel hookBinder_test 10149 interfaceBinder =android.app.IActivityManager; arg0 = 59; arg1 = android.os.Parcel@1eed66b; arg2 = android.os.Parcel@104dc02; arg3 = 0; res = true; stacktrace=java.lang.Exception

08-12 04:52:01.741  5773  6179 I LSPosed-Bridge: 	at com.example.permlabel.hookBinder_test$1.afterHookedMethod(hookBinder_test.java:62)

08-12 04:52:01.741  5773  6179 I LSPosed-Bridge: 	at de.robv.android.xposed.XposedBridge$AdditionalHookInfo.callback(Unknown Source:147)

08-12 04:52:01.741  5773  6179 I LSPosed-Bridge: 	at LSPHooker_.transact(Unknown Source:28)

08-12 04:52:01.741  5773  6179 I LSPosed-Bridge: 	at android.app.IActivityManager$Stub$Proxy.getIntentSender(IActivityManager.java:4937)

08-12 04:52:01.741  5773  6179 I LSPosed-Bridge: 	at android.app.PendingIntent.getBroadcastAsUser(PendingIntent.java:568)

08-12 04:52:01.741  5773  6179 I LSPosed-Bridge: 	at android.app.PendingIntent.getBroadcast(PendingIntent.java:552)

08-12 04:52:01.741  5773  6179 I LSPosed-Bridge: 	at bo.app.t.c(SourceFile:6)

08-12 04:52:01.741  5773  6179 I LSPosed-Bridge: 	at bo.app.t.m(SourceFile:5)

08-12 04:52:01.741  5773  6179 I LSPosed-Bridge: 	at bo.app.p.d(SourceFile:3)

08-12 04:52:01.741  5773  6179 I LSPosed-Bridge: 	at bo.app.p.openSession(SourceFile:3)

08-12 04:52:01.741  5773  6179 I LSPosed-Bridge: 	at e7.b$w.a(SourceFile:3)

08-12 04:52:01.741  5773  6179 I LSPosed-Bridge: 	at e7.b$w.invoke(SourceFile:1)

08-12 04:52:01.741  5773  6179 I LSPosed-Bridge: 	at e7.b$t0$a.invokeSuspend(SourceFile:2)

08-12 04:52:01.741  5773  6179 I LSPosed-Bridge: 	at ld.a.resumeWith(SourceFile:4)

08-12 04:52:01.741  5773  6179 I LSPosed-Bridge: 	at be.e1.run(SourceFile:22)

08-12 04:52:01.741  5773  6179 I LSPosed-Bridge: 	at be.o1.Q0(SourceFile:15)

08-12 04:52:01.741  5773  6179 I LSPosed-Bridge: 	at be.g.c1(SourceFile:4)

08-12 04:52:01.741  5773  6179 I LSPosed-Bridge: 	at be.j.a(SourceFile:10)

08-12 04:52:01.741  5773  6179 I LSPosed-Bridge: 	at be.i.e(SourceFile:1)

08-12 04:52:01.741  5773  6179 I LSPosed-Bridge: 	at be.j.b(SourceFile:2)

08-12 04:52:01.741  5773  6179 I LSPosed-Bridge: 	at be.i.f(SourceFile:1)

08-12 04:52:01.741  5773  6179 I LSPosed-Bridge: 	at e7.b$t0.invokeSuspend(SourceFile:2)

08-12 04:52:01.741  5773  6179 I LSPosed-Bridge: 	at ld.a.resumeWith(SourceFile:4)

08-12 04:52:01.741  5773  6179 I LSPosed-Bridge: 	at be.e1.run(SourceFile:22)

08-12 04:52:01.741  5773  6179 I LSPosed-Bridge: 	at java.util.concurrent.ThreadPoolExecutor.runWorker(ThreadPoolExecutor.java:1167)

08-12 04:52:01.741  5773  6179 I LSPosed-Bridge: 	at java.util.concurrent.ThreadPoolExecutor$Worker.run(ThreadPoolExecutor.java:641)

08-12 04:52:01.741  5773  6179 I LSPosed-Bridge: 	at java.lang.Thread.run(Thread.java:764)

08-12 04:52:01.741  1577  5114 I LSPosed-Bridge: 5773 PermLabel 10149 AMS.checkPermission: Binder.getCallingPid() = 5773; uid = 10149; Binder.getCallingUid() = 10149; getNameForUid: kr.co.company.hwahae; getPackagesForUid: [kr.co.company.hwahae]; permName: android.permission.GET_TASKS; type = 0; res = -1; stacktrace=java.lang.Exception

08-12 04:52:01.741  1577  5114 I LSPosed-Bridge: 	at com.example.permlabel.requirePerm$1$2.afterHookedMethod(requirePerm.java:131)

08-12 04:52:01.741  1577  5114 I LSPosed-Bridge: 	at de.robv.android.xposed.XposedBridge$AdditionalHookInfo.callback(Unknown Source:147)

08-12 04:52:01.741  1577  5114 I LSPosed-Bridge: 	at LSPHooker_.checkPermission(Unknown Source:25)

08-12 04:52:01.741  1577  5114 I LSPosed-Bridge: 	at com.android.server.am.ActivityManagerService.isGetTasksAllowed(ActivityManagerService.java:10902)

08-12 04:52:01.741  1577  5114 I LSPosed-Bridge: 	at com.android.server.am.ActivityManagerService.getRunningAppProcesses(ActivityManagerService.java:16139)

08-12 04:52:01.741  1577  5114 I LSPosed-Bridge: 	at android.app.IActivityManager$Stub.onTransact(IActivityManager.java:1088)

08-12 04:52:01.741  1577  5114 I LSPosed-Bridge: 	at com.android.server.am.ActivityManagerService.onTransact(ActivityManagerService.java:3346)

08-12 04:52:01.741  1577  5114 I LSPosed-Bridge: 	at android.os.Binder.execTransact(Binder.java:731)

08-12 04:52:01.769  1577  2738 I LSPosed-Bridge: 5773 PermLabel 10149 AMS.checkPermission: Binder.getCallingPid() = 5773; uid = 10149; Binder.getCallingUid() = 10149; getNameForUid: kr.co.company.hwahae; getPackagesForUid: [kr.co.company.hwahae]; permName: android.permission.GET_TASKS; type = 0; res = -1; stacktrace=java.lang.Exception

08-12 04:52:01.769  1577  2738 I LSPosed-Bridge: 	at com.example.permlabel.requirePerm$1$2.afterHookedMethod(requirePerm.java:131)

08-12 04:52:01.769  1577  2738 I LSPosed-Bridge: 	at de.robv.android.xposed.XposedBridge$AdditionalHookInfo.callback(Unknown Source:147)

08-12 04:52:01.769  1577  2738 I LSPosed-Bridge: 	at LSPHooker_.checkPermission(Unknown Source:25)

08-12 04:52:01.769  1577  2738 I LSPosed-Bridge: 	at com.android.server.am.ActivityManagerService.isGetTasksAllowed(ActivityManagerService.java:10902)

08-12 04:52:01.769  1577  2738 I LSPosed-Bridge: 	at com.android.server.am.ActivityManagerService.getRunningAppProcesses(ActivityManagerService.java:16139)

08-12 04:52:01.769  1577  2738 I LSPosed-Bridge: 	at android.app.IActivityManager$Stub.onTransact(IActivityManager.java:1088)

08-12 04:52:01.769  1577  2738 I LSPosed-Bridge: 	at com.android.server.am.ActivityManagerService.onTransact(ActivityManagerService.java:3346)

08-12 04:52:01.769  1577  2738 I LSPosed-Bridge: 	at android.os.Binder.execTransact(Binder.java:731)

08-12 04:52:06.754  1577  5890 I LSPosed-Bridge: 5773 PermLabel 10149 AMS.checkPermission: Binder.getCallingPid() = 5773; uid = 10149; Binder.getCallingUid() = 10149; getNameForUid: kr.co.company.hwahae; getPackagesForUid: [kr.co.company.hwahae]; permName: android.permission.GET_TASKS; type = 0; res = -1; stacktrace=java.lang.Exception

08-12 04:52:06.754  1577  5890 I LSPosed-Bridge: 	at com.example.permlabel.requirePerm$1$2.afterHookedMethod(requirePerm.java:131)

08-12 04:52:06.754  1577  5890 I LSPosed-Bridge: 	at de.robv.android.xposed.XposedBridge$AdditionalHookInfo.callback(Unknown Source:147)

08-12 04:52:06.754  1577  5890 I LSPosed-Bridge: 	at LSPHooker_.checkPermission(Unknown Source:25)

08-12 04:52:06.754  1577  5890 I LSPosed-Bridge: 	at com.android.server.am.ActivityManagerService.isGetTasksAllowed(ActivityManagerService.java:10902)

08-12 04:52:06.754  1577  5890 I LSPosed-Bridge: 	at com.android.server.am.ActivityManagerService.getRunningAppProcesses(ActivityManagerService.java:16139)

08-12 04:52:06.754  1577  5890 I LSPosed-Bridge: 	at android.app.IActivityManager$Stub.onTransact(IActivityManager.java:1088)

08-12 04:52:06.754  1577  5890 I LSPosed-Bridge: 	at com.android.server.am.ActivityManagerService.onTransact(ActivityManagerService.java:3346)

08-12 04:52:06.754  1577  5890 I LSPosed-Bridge: 	at android.os.Binder.execTransact(Binder.java:731)

08-12 04:52:06.775   558   558 I ConfigStore: android::hardware::configstore::V1_0::ISurfaceFlingerConfigs::hasHDRDisplay retrieved: 0

08-12 04:52:06.775  1577  5890 I LSPosed-Bridge: 5773 PermLabel 10149 AMS.checkPermission: Binder.getCallingPid() = 5773; uid = 10149; Binder.getCallingUid() = 10149; getNameForUid: kr.co.company.hwahae; getPackagesForUid: [kr.co.company.hwahae]; permName: android.permission.GET_TASKS; type = 0; res = -1; stacktrace=java.lang.Exception

08-12 04:52:06.775  1577  5890 I LSPosed-Bridge: 	at com.example.permlabel.requirePerm$1$2.afterHookedMethod(requirePerm.java:131)

08-12 04:52:06.775  1577  5890 I LSPosed-Bridge: 	at de.robv.android.xposed.XposedBridge$AdditionalHookInfo.callback(Unknown Source:147)

08-12 04:52:06.775  1577  5890 I LSPosed-Bridge: 	at LSPHooker_.checkPermission(Unknown Source:25)

08-12 04:52:06.775  1577  5890 I LSPosed-Bridge: 	at com.android.server.am.ActivityManagerService.isGetTasksAllowed(ActivityManagerService.java:10902)

08-12 04:52:06.775  1577  5890 I LSPosed-Bridge: 	at com.android.server.am.ActivityManagerService.getRunningAppProcesses(ActivityManagerService.java:16139)

08-12 04:52:06.775  1577  5890 I LSPosed-Bridge: 	at android.app.IActivityManager$Stub.onTransact(IActivityManager.java:1088)

08-12 04:52:06.775  1577  5890 I LSPosed-Bridge: 	at com.android.server.am.ActivityManagerService.onTransact(ActivityManagerService.java:3346)

08-12 04:52:06.775  1577  5890 I LSPosed-Bridge: 	at android.os.Binder.execTransact(Binder.java:731)

08-12 04:52:11.801  1577  1863 I LSPosed-Bridge: 5773 PermLabel 10149 AMS.checkPermission: Binder.getCallingPid() = 5773; uid = 10149; Binder.getCallingUid() = 10149; getNameForUid: kr.co.company.hwahae; getPackagesForUid: [kr.co.company.hwahae]; permName: android.permission.GET_TASKS; type = 0; res = -1; stacktrace=java.lang.Exception

08-12 04:52:11.801  1577  1863 I LSPosed-Bridge: 	at com.example.permlabel.requirePerm$1$2.afterHookedMethod(requirePerm.java:131)

08-12 04:52:11.801  1577  1863 I LSPosed-Bridge: 	at de.robv.android.xposed.XposedBridge$AdditionalHookInfo.callback(Unknown Source:147)

08-12 04:52:11.801  1577  1863 I LSPosed-Bridge: 	at LSPHooker_.checkPermission(Unknown Source:25)

08-12 04:52:11.801  1577  1863 I LSPosed-Bridge: 	at com.android.server.am.ActivityManagerService.isGetTasksAllowed(ActivityManagerService.java:10902)

08-12 04:52:11.801  1577  1863 I LSPosed-Bridge: 	at com.android.server.am.ActivityManagerService.getRunningAppProcesses(ActivityManagerService.java:16139)

08-12 04:52:11.801  1577  1863 I LSPosed-Bridge: 	at android.app.IActivityManager$Stub.onTransact(IActivityManager.java:1088)

08-12 04:52:11.801  1577  1863 I LSPosed-Bridge: 	at com.android.server.am.ActivityManagerService.onTransact(ActivityManagerService.java:3346)

08-12 04:52:11.801  1577  1863 I LSPosed-Bridge: 	at android.os.Binder.execTransact(Binder.java:731)

08-12 04:52:11.817  1577  1863 I LSPosed-Bridge: 5773 PermLabel 10149 AMS.checkPermission: Binder.getCallingPid() = 5773; uid = 10149; Binder.getCallingUid() = 10149; getNameForUid: kr.co.company.hwahae; getPackagesForUid: [kr.co.company.hwahae]; permName: android.permission.GET_TASKS; type = 0; res = -1; stacktrace=java.lang.Exception

08-12 04:52:11.817  1577  1863 I LSPosed-Bridge: 	at com.example.permlabel.requirePerm$1$2.afterHookedMethod(requirePerm.java:131)

08-12 04:52:11.817  1577  1863 I LSPosed-Bridge: 	at de.robv.android.xposed.XposedBridge$AdditionalHookInfo.callback(Unknown Source:147)

08-12 04:52:11.817  1577  1863 I LSPosed-Bridge: 	at LSPHooker_.checkPermission(Unknown Source:25)

08-12 04:52:11.817  1577  1863 I LSPosed-Bridge: 	at com.android.server.am.ActivityManagerService.isGetTasksAllowed(ActivityManagerService.java:10902)

08-12 04:52:11.817  1577  1863 I LSPosed-Bridge: 	at com.android.server.am.ActivityManagerService.getRunningAppProcesses(ActivityManagerService.java:16139)

08-12 04:52:11.817  1577  1863 I LSPosed-Bridge: 	at android.app.IActivityManager$Stub.onTransact(IActivityManager.java:1088)

08-12 04:52:11.817  1577  1863 I LSPosed-Bridge: 	at com.android.server.am.ActivityManagerService.onTransact(ActivityManagerService.java:3346)

08-12 04:52:11.817  1577  1863 I LSPosed-Bridge: 	at android.os.Binder.execTransact(Binder.java:731)

08-12 04:52:11.817  5773  5773 I LSPosed-Bridge: 5773 PermLabel hookBinder_test 10149 interfaceBinder =android.view.accessibility.IAccessibilityManager; arg0 = 2; arg1 = android.os.Parcel@71092b1; arg2 = null; arg3 = 1; res = true; stacktrace=java.lang.Exception

08-12 04:52:11.817  5773  5773 I LSPosed-Bridge: 	at com.example.permlabel.hookBinder_test$1.afterHookedMethod(hookBinder_test.java:62)

08-12 04:52:11.817  5773  5773 I LSPosed-Bridge: 	at de.robv.android.xposed.XposedBridge$AdditionalHookInfo.callback(Unknown Source:147)

08-12 04:52:11.817  5773  5773 I LSPosed-Bridge: 	at LSPHooker_.transact(Unknown Source:28)

08-12 04:52:11.817  5773  5773 I LSPosed-Bridge: 	at android.view.accessibility.IAccessibilityManager$Stub$Proxy.sendAccessibilityEvent(IAccessibilityManager.java:279)

08-12 04:52:11.817  5773  5773 I LSPosed-Bridge: 	at android.view.accessibility.AccessibilityManager.sendAccessibilityEvent(AccessibilityManager.java:505)

08-12 04:52:11.817  5773  5773 I LSPosed-Bridge: 	at android.view.ViewRootImpl.requestSendAccessibilityEvent(ViewRootImpl.java:7602)

08-12 04:52:11.817  5773  5773 I LSPosed-Bridge: 	at android.view.ViewGroup.requestSendAccessibilityEvent(ViewGroup.java:1049)

08-12 04:52:11.817  5773  5773 I LSPosed-Bridge: 	at android.view.ViewGroup.requestSendAccessibilityEvent(ViewGroup.java:1049)

08-12 04:52:11.817  5773  5773 I LSPosed-Bridge: 	at android.view.ViewGroup.requestSendAccessibilityEvent(ViewGroup.java:1049)

08-12 04:52:11.817  5773  5773 I LSPosed-Bridge: 	at android.view.ViewGroup.requestSendAccessibilityEvent(ViewGroup.java:1049)

08-12 04:52:11.817  5773  5773 I LSPosed-Bridge: 	at android.view.View.sendAccessibilityEventUncheckedInternal(View.java:7449)

08-12 04:52:11.817  5773  5773 I LSPosed-Bridge: 	at android.view.View.sendAccessibilityEventUnchecked(View.java:7421)

08-12 04:52:11.817  5773  5773 I LSPosed-Bridge: 	at android.view.ViewRootImpl$SendWindowContentChangedAccessibilityEvent.run(ViewRootImpl.java:8412)

08-12 04:52:11.817  5773  5773 I LSPosed-Bridge: 	at android.view.ViewRootImpl$SendWindowContentChangedAccessibilityEvent.removeCallbacksAndRun(ViewRootImpl.java:8467)

08-12 04:52:11.817  5773  5773 I LSPosed-Bridge: 	at android.view.ViewRootImpl$SendWindowContentChangedAccessibilityEvent.runOrPost(ViewRootImpl.java:8459)

08-12 04:52:11.817  5773  5773 I LSPosed-Bridge: 	at android.view.ViewRootImpl.postSendWindowContentChangedCallback(ViewRootImpl.java:7509)

08-12 04:52:11.817  5773  5773 I LSPosed-Bridge: 	at android.view.ViewRootImpl.notifySubtreeAccessibilityStateChanged(ViewRootImpl.java:7692)

08-12 04:52:11.817  5773  5773 I LSPosed-Bridge: 	at android.view.ViewGroup.notifySubtreeAccessibilityStateChanged(ViewGroup.java:3669)

08-12 04:52:11.817  5773  5773 I LSPosed-Bridge: 	at android.view.ViewGroup.notifySubtreeAccessibilityStateChanged(ViewGroup.java:3669)

08-12 04:52:11.817  5773  5773 I LSPosed-Bridge: 	at android.view.ViewGroup.notifySubtreeAccessibilityStateChanged(ViewGroup.java:3669)

08-12 04:52:11.817  5773  5773 I LSPosed-Bridge: 	at android.view.ViewGroup.notifySubtreeAccessibilityStateChanged(ViewGroup.java:3669)

