07-26 02:14:33.996  1565  1583 I LSPosed-Bridge: 5679 PermLabel 10124 AMS.checkPermission: Binder.getCallingPid() = 5679; uid = 10124; Binder.getCallingUid() = 10124; getNameForUid: com.xuesaieducation.jijin; getPackagesForUid: [com.xuesaieducation.jijin]; permName: android.permission.GET_TASKS; type = 0; res = -1; stacktrace=java.lang.Exception

07-26 02:14:33.996  1565  1583 I LSPosed-Bridge: 	at com.example.permlabel.requirePerm$1$2.afterHookedMethod(requirePerm.java:138)

07-26 02:14:33.996  1565  1583 I LSPosed-Bridge: 	at de.robv.android.xposed.XposedBridge$AdditionalHookInfo.callback(Unknown Source:147)

07-26 02:14:33.996  1565  1583 I LSPosed-Bridge: 	at LSPHooker_.checkPermission(Unknown Source:25)

07-26 02:14:33.996  1565  1583 I LSPosed-Bridge: 	at com.android.server.am.ActivityManagerService.isGetTasksAllowed(ActivityManagerService.java:10902)

07-26 02:14:33.996  1565  1583 I LSPosed-Bridge: 	at com.android.server.am.ActivityManagerService.getRunningAppProcesses(ActivityManagerService.java:16139)

07-26 02:14:33.996  1565  1583 I LSPosed-Bridge: 	at android.app.IActivityManager$Stub.onTransact(IActivityManager.java:1088)

07-26 02:14:33.996  1565  1583 I LSPosed-Bridge: 	at com.android.server.am.ActivityManagerService.onTransact(ActivityManagerService.java:3346)

07-26 02:14:33.996  1565  1583 I LSPosed-Bridge: 	at android.os.Binder.execTransact(Binder.java:731)

07-26 02:15:34.938  1565  3198 I LSPosed-Bridge: 5679 PermLabel 10124 AMS.checkPermission: Binder.getCallingPid() = 5679; uid = 10124; Binder.getCallingUid() = 10124; getNameForUid: com.xuesaieducation.jijin; getPackagesForUid: [com.xuesaieducation.jijin]; permName: android.permission.GET_TASKS; type = 0; res = -1; stacktrace=java.lang.Exception

07-26 02:15:34.938  1565  3198 I LSPosed-Bridge: 	at com.example.permlabel.requirePerm$1$2.afterHookedMethod(requirePerm.java:138)

07-26 02:15:34.938  1565  3198 I LSPosed-Bridge: 	at de.robv.android.xposed.XposedBridge$AdditionalHookInfo.callback(Unknown Source:147)

07-26 02:15:34.938  1565  3198 I LSPosed-Bridge: 	at LSPHooker_.checkPermission(Unknown Source:25)

07-26 02:15:34.938  1565  3198 I LSPosed-Bridge: 	at com.android.server.am.ActivityManagerService.isGetTasksAllowed(ActivityManagerService.java:10902)

07-26 02:15:34.938  1565  3198 I LSPosed-Bridge: 	at com.android.server.am.ActivityManagerService.getRunningAppProcesses(ActivityManagerService.java:16139)

07-26 02:15:34.938  1565  3198 I LSPosed-Bridge: 	at android.app.IActivityManager$Stub.onTransact(IActivityManager.java:1088)

07-26 02:15:34.938  1565  3198 I LSPosed-Bridge: 	at com.android.server.am.ActivityManagerService.onTransact(ActivityManagerService.java:3346)

07-26 02:15:34.938  1565  3198 I LSPosed-Bridge: 	at android.os.Binder.execTransact(Binder.java:731)

07-26 02:15:34.984  1565  3198 I LSPosed-Bridge: 5679 PermLabel 10124 AMS.checkPermission: Binder.getCallingPid() = 5679; uid = 10124; Binder.getCallingUid() = 10124; getNameForUid: com.xuesaieducation.jijin; getPackagesForUid: [com.xuesaieducation.jijin]; permName: android.permission.GET_TASKS; type = 0; res = -1; stacktrace=java.lang.Exception

07-26 02:15:34.984  1565  3198 I LSPosed-Bridge: 	at com.example.permlabel.requirePerm$1$2.afterHookedMethod(requirePerm.java:138)

07-26 02:15:34.984  1565  3198 I LSPosed-Bridge: 	at de.robv.android.xposed.XposedBridge$AdditionalHookInfo.callback(Unknown Source:147)

07-26 02:15:34.984  1565  3198 I LSPosed-Bridge: 	at LSPHooker_.checkPermission(Unknown Source:25)

07-26 02:15:34.984  1565  3198 I LSPosed-Bridge: 	at com.android.server.am.ActivityManagerService.isGetTasksAllowed(ActivityManagerService.java:10902)

07-26 02:15:34.984  1565  3198 I LSPosed-Bridge: 	at com.android.server.am.ActivityManagerService.getRunningAppProcesses(ActivityManagerService.java:16139)

07-26 02:15:34.984  1565  3198 I LSPosed-Bridge: 	at android.app.IActivityManager$Stub.onTransact(IActivityManager.java:1088)

07-26 02:15:34.984  1565  3198 I LSPosed-Bridge: 	at com.android.server.am.ActivityManagerService.onTransact(ActivityManagerService.java:3346)

07-26 02:15:34.984  1565  3198 I LSPosed-Bridge: 	at android.os.Binder.execTransact(Binder.java:731)

07-26 02:15:35.052  1565  3200 I LSPosed-Bridge: 5679 PermLabel 10124 AMS.checkPermission: Binder.getCallingPid() = 5679; uid = 10124; Binder.getCallingUid() = 10124; getNameForUid: com.xuesaieducation.jijin; getPackagesForUid: [com.xuesaieducation.jijin]; permName: android.permission.GET_TASKS; type = 0; res = -1; stacktrace=java.lang.Exception

07-26 02:15:35.052  1565  3200 I LSPosed-Bridge: 	at com.example.permlabel.requirePerm$1$2.afterHookedMethod(requirePerm.java:138)

07-26 02:15:35.052  1565  3200 I LSPosed-Bridge: 	at de.robv.android.xposed.XposedBridge$AdditionalHookInfo.callback(Unknown Source:147)

07-26 02:15:35.052  1565  3200 I LSPosed-Bridge: 	at LSPHooker_.checkPermission(Unknown Source:25)

07-26 02:15:35.052  1565  3200 I LSPosed-Bridge: 	at com.android.server.am.ActivityManagerService.isGetTasksAllowed(ActivityManagerService.java:10902)

07-26 02:15:35.052  1565  3200 I LSPosed-Bridge: 	at com.android.server.am.ActivityManagerService.getRunningAppProcesses(ActivityManagerService.java:16139)

07-26 02:15:35.052  1565  3200 I LSPosed-Bridge: 	at android.app.IActivityManager$Stub.onTransact(IActivityManager.java:1088)

07-26 02:15:35.052  1565  3200 I LSPosed-Bridge: 	at com.android.server.am.ActivityManagerService.onTransact(ActivityManagerService.java:3346)

07-26 02:15:35.052  1565  3200 I LSPosed-Bridge: 	at android.os.Binder.execTransact(Binder.java:731)

07-26 02:15:35.056  1565  3198 I LSPosed-Bridge: 5679 PermLabel 10124 AMS.checkPermission: Binder.getCallingPid() = 5679; uid = 10124; Binder.getCallingUid() = 10124; getNameForUid: com.xuesaieducation.jijin; getPackagesForUid: [com.xuesaieducation.jijin]; permName: android.permission.GET_TASKS; type = 0; res = -1; stacktrace=java.lang.Exception

07-26 02:15:35.056  1565  3198 I LSPosed-Bridge: 	at com.example.permlabel.requirePerm$1$2.afterHookedMethod(requirePerm.java:138)

07-26 02:15:35.056  1565  3198 I LSPosed-Bridge: 	at de.robv.android.xposed.XposedBridge$AdditionalHookInfo.callback(Unknown Source:147)

07-26 02:15:35.056  1565  3198 I LSPosed-Bridge: 	at LSPHooker_.checkPermission(Unknown Source:25)

07-26 02:15:35.056  1565  3198 I LSPosed-Bridge: 	at com.android.server.am.ActivityManagerService.isGetTasksAllowed(ActivityManagerService.java:10902)

07-26 02:15:35.056  1565  3198 I LSPosed-Bridge: 	at com.android.server.am.ActivityManagerService.getRunningAppProcesses(ActivityManagerService.java:16139)

07-26 02:15:35.056  1565  3198 I LSPosed-Bridge: 	at android.app.IActivityManager$Stub.onTransact(IActivityManager.java:1088)

07-26 02:15:35.056  1565  3198 I LSPosed-Bridge: 	at com.android.server.am.ActivityManagerService.onTransact(ActivityManagerService.java:3346)

07-26 02:15:35.056  1565  3198 I LSPosed-Bridge: 	at android.os.Binder.execTransact(Binder.java:731)

07-26 02:15:35.062  1565  5879 I LSPosed-Bridge: 5679 PermLabel 10124 AMS.checkPermission: Binder.getCallingPid() = 5679; uid = 10124; Binder.getCallingUid() = 10124; getNameForUid: com.xuesaieducation.jijin; getPackagesForUid: [com.xuesaieducation.jijin]; permName: android.permission.GET_TASKS; type = 0; res = -1; stacktrace=java.lang.Exception

07-26 02:15:35.062  1565  5879 I LSPosed-Bridge: 	at com.example.permlabel.requirePerm$1$2.afterHookedMethod(requirePerm.java:138)

07-26 02:15:35.062  1565  5879 I LSPosed-Bridge: 	at de.robv.android.xposed.XposedBridge$AdditionalHookInfo.callback(Unknown Source:147)

07-26 02:15:35.062  1565  5879 I LSPosed-Bridge: 	at LSPHooker_.checkPermission(Unknown Source:25)

07-26 02:15:35.062  1565  5879 I LSPosed-Bridge: 	at com.android.server.am.ActivityManagerService.isGetTasksAllowed(ActivityManagerService.java:10902)

07-26 02:15:35.062  1565  5879 I LSPosed-Bridge: 	at com.android.server.am.ActivityManagerService.getRunningAppProcesses(ActivityManagerService.java:16139)

07-26 02:15:35.062  1565  5879 I LSPosed-Bridge: 	at android.app.IActivityManager$Stub.onTransact(IActivityManager.java:1088)

07-26 02:15:35.062  1565  5879 I LSPosed-Bridge: 	at com.android.server.am.ActivityManagerService.onTransact(ActivityManagerService.java:3346)

07-26 02:15:35.062  1565  5879 I LSPosed-Bridge: 	at android.os.Binder.execTransact(Binder.java:731)

07-26 02:15:35.072  1565  5879 I LSPosed-Bridge: 5679 PermLabel 10124 AMS.checkPermission: Binder.getCallingPid() = 5679; uid = 10124; Binder.getCallingUid() = 10124; getNameForUid: com.xuesaieducation.jijin; getPackagesForUid: [com.xuesaieducation.jijin]; permName: android.permission.GET_TASKS; type = 0; res = -1; stacktrace=java.lang.Exception

07-26 02:15:35.072  1565  5879 I LSPosed-Bridge: 	at com.example.permlabel.requirePerm$1$2.afterHookedMethod(requirePerm.java:138)

07-26 02:15:35.072  1565  5879 I LSPosed-Bridge: 	at de.robv.android.xposed.XposedBridge$AdditionalHookInfo.callback(Unknown Source:147)

07-26 02:15:35.072  1565  5879 I LSPosed-Bridge: 	at LSPHooker_.checkPermission(Unknown Source:25)

07-26 02:15:35.072  1565  5879 I LSPosed-Bridge: 	at com.android.server.am.ActivityManagerService.isGetTasksAllowed(ActivityManagerService.java:10902)

07-26 02:15:35.072  1565  5879 I LSPosed-Bridge: 	at com.android.server.am.ActivityManagerService.getRunningAppProcesses(ActivityManagerService.java:16139)

07-26 02:15:35.072  1565  5879 I LSPosed-Bridge: 	at android.app.IActivityManager$Stub.onTransact(IActivityManager.java:1088)

07-26 02:15:35.072  1565  5879 I LSPosed-Bridge: 	at com.android.server.am.ActivityManagerService.onTransact(ActivityManagerService.java:3346)

07-26 02:15:35.072  1565  5879 I LSPosed-Bridge: 	at android.os.Binder.execTransact(Binder.java:731)

07-26 02:15:35.072  5679  5679 I LSPosed-Bridge: 5679 PermLabel hookBinder_test 10124 interfaceBinder =android.app.IActivityManager; arg0 = 81; arg1 = android.os.Parcel@9ca178f; arg2 = android.os.Parcel@847e664; arg3 = 0; res = true; stacktrace=java.lang.Exception

07-26 02:15:35.072  5679  5679 I LSPosed-Bridge: 	at com.example.permlabel.hookBinder_test$1.afterHookedMethod(hookBinder_test.java:69)

07-26 02:15:35.072  5679  5679 I LSPosed-Bridge: 	at de.robv.android.xposed.XposedBridge$AdditionalHookInfo.callback(Unknown Source:147)

07-26 02:15:35.072  5679  5679 I LSPosed-Bridge: 	at LSPHooker_.transact(Unknown Source:28)

07-26 02:15:35.072  5679  5679 I LSPosed-Bridge: 	at android.app.IActivityManager$Stub$Proxy.getRunningAppProcesses(IActivityManager.java:5366)

07-26 02:15:35.072  5679  5679 I LSPosed-Bridge: 	at android.app.ActivityManager.getRunningAppProcesses(ActivityManager.java:3435)

07-26 02:15:35.072  5679  5679 I LSPosed-Bridge: 	at java.lang.reflect.Method.invoke(Native Method)

07-26 02:15:35.072  5679  5679 I LSPosed-Bridge: 	at org.lsposed.lspd.nativebridge.HookBridge.invokeOriginalMethod(Native Method)

07-26 02:15:35.072  5679  5679 I LSPosed-Bridge: 	at de.robv.android.xposed.XposedBridge$AdditionalHookInfo.callback(Unknown Source:110)

07-26 02:15:35.072  5679  5679 I LSPosed-Bridge: 	at LSPHooker_.getRunningAppProcesses(Unknown Source:8)

07-26 02:15:35.072  5679  5679 I LSPosed-Bridge: 	at com.alibaba.sdk.android.utils.crashdefend.e.a(CrashDefendUtils.java:169)

07-26 02:15:35.072  5679  5679 I LSPosed-Bridge: 	at com.alibaba.sdk.android.utils.crashdefend.e.a(CrashDefendUtils.java:155)

07-26 02:15:35.072  5679  5679 I LSPosed-Bridge: 	at com.alibaba.sdk.android.utils.crashdefend.e.a(CrashDefendUtils.java:94)

07-26 02:15:35.072  5679  5679 I LSPosed-Bridge: 	at com.alibaba.sdk.android.utils.crashdefend.b.a(CrashDefendManager.java:79)

07-26 02:15:35.072  5679  5679 I LSPosed-Bridge: 	at com.alibaba.sdk.android.utils.crashdefend.b.<init>(CrashDefendManager.java:69)

07-26 02:15:35.072  5679  5679 I LSPosed-Bridge: 	at com.alibaba.sdk.android.utils.crashdefend.b.a(CrashDefendManager.java:28)

07-26 02:15:35.072  5679  5679 I LSPosed-Bridge: 	at com.alibaba.sdk.android.utils.AlicloudTrackerManager.<init>(AlicloudTrackerManager.java:32)

07-26 02:15:35.072  5679  5679 I LSPosed-Bridge: 	at com.alibaba.sdk.android.utils.AlicloudTrackerManager.getInstance(AlicloudTrackerManager.java:45)

07-26 02:15:35.072  5679  5679 I LSPosed-Bridge: 	at com.alibaba.sdk.android.httpdns.d.b.a(Unknown Source:7)

07-26 02:15:35.072  5679  5679 I LSPosed-Bridge: 	at com.alibaba.sdk.android.httpdns.HttpDns.getService(Unknown Source:34)

07-26 02:15:35.072  5679  5679 I LSPosed-Bridge: 	at com.xisaieducation.mvp.network.OkHttpDns.<init>(OkHttpDns.java:25)

07-26 02:15:35.072  5679  5679 I LSPosed-Bridge: 	at com.xisaieducation.mvp.network.OkHttpDns.getInstance(OkHttpDns.java:37)

07-26 02:15:35.072  5679  5679 I LSPosed-Bridge: 	at com.xisaieducation.MyApplication.otherInit(MyApplication.java:117)

07-26 02:15:35.072  5679  5679 I LSPosed-Bridge: 	at com.xisaieducation.MyApplication.onCreate(MyApplication.java:92)

07-26 02:15:35.072  5679  5679 I LSPosed-Bridge: 	at com.xisaieducation.dialog.AgreementPolicyDialog.OnClick(AgreementPolicyDialog.java:96)

07-26 02:15:35.072  5679  5679 I LSPosed-Bridge: 	at com.xisaieducation.dialog.AgreementPolicyDialog_ViewBinding$2.doClick(AgreementPolicyDialog_ViewBinding.java:47)

07-26 02:15:35.072  5679  5679 I LSPosed-Bridge: 	at butterknife.internal.DebouncingOnClickListener.onClick(DebouncingOnClickListener.java:26)

07-26 02:15:35.072  5679  5679 I LSPosed-Bridge: 	at android.view.View.performClick(View.java:6597)

07-26 02:15:35.072  5679  5679 I LSPosed-Bridge: 	at android.view.View.performClickInternal(View.java:6574)

07-26 02:15:35.072  5679  5679 I LSPosed-Bridge: 	at android.view.View.access$3100(View.java:778)

07-26 02:15:35.072  5679  5679 I LSPosed-Bridge: 	at android.view.View$PerformClick.run(View.java:25889)

07-26 02:15:35.072  5679  5679 I LSPosed-Bridge: 	at android.os.Handler.handleCallback(Handler.java:873)

07-26 02:15:35.072  5679  5679 I LSPosed-Bridge: 	at android.os.Handler.dispatchMessage(Handler.java:99)

07-26 02:15:35.072  5679  5679 I LSPosed-Bridge: 	at android.os.Looper.loop(Looper.java:193)

07-26 02:15:35.072  5679  5679 I LSPosed-Bridge: 	at android.app.ActivityThread.main(ActivityThread.java:6692)

07-26 02:15:35.072  5679  5679 I LSPosed-Bridge: 	at java.lang.reflect.Method.invoke(Native Method)

07-26 02:15:35.072  5679  5679 I LSPosed-Bridge: 	at com.android.internal.os.RuntimeInit$MethodAndArgsCaller.run(RuntimeInit.java:493)

07-26 02:15:35.072  5679  5679 I LSPosed-Bridge: 	at com.android.internal.os.ZygoteInit.main(ZygoteInit.java:858)

07-26 02:15:35.072  5679  5679 I LSPosed-Bridge: 5679 PermLabel getRunningAppProcesses =android.app.ActivityManager$RunningAppProcessInfo@af831c1

07-26 02:15:35.072  5679  5679 I LSPosed-Bridge: 5679 PermLabel getRunningAppProcesses processName: com.xuesaieducation.jijin pid: 5679

07-26 02:15:35.072  5679  5679 I LSPosed-Bridge: 5679 PermLabel getRunningAppProcesses importance: 100 pid: 5679

07-26 02:15:35.072  5679  5679 I LSPosed-Bridge: 5679 PermLabel getRunningAppProcesses packageName com.xuesaieducation.jijin at index 0 in process 5679

07-26 02:15:35.075  1565  3198 I LSPosed-Bridge: 5679 PermLabel 10124 AMS.checkPermission: Binder.getCallingPid() = 5679; uid = 10124; Binder.getCallingUid() = 10124; getNameForUid: com.xuesaieducation.jijin; getPackagesForUid: [com.xuesaieducation.jijin]; permName: android.permission.GET_TASKS; type = 0; res = -1; stacktrace=java.lang.Exception

07-26 02:15:35.075  1565  3198 I LSPosed-Bridge: 	at com.example.permlabel.requirePerm$1$2.afterHookedMethod(requirePerm.java:138)

07-26 02:15:35.075  1565  3198 I LSPosed-Bridge: 	at de.robv.android.xposed.XposedBridge$AdditionalHookInfo.callback(Unknown Source:147)

07-26 02:15:35.075  1565  3198 I LSPosed-Bridge: 	at LSPHooker_.checkPermission(Unknown Source:25)

07-26 02:15:35.075  1565  3198 I LSPosed-Bridge: 	at com.android.server.am.ActivityManagerService.isGetTasksAllowed(ActivityManagerService.java:10902)

07-26 02:15:35.075  1565  3198 I LSPosed-Bridge: 	at com.android.server.am.ActivityManagerService.getRunningAppProcesses(ActivityManagerService.java:16139)

07-26 02:15:35.075  1565  3198 I LSPosed-Bridge: 	at android.app.IActivityManager$Stub.onTransact(IActivityManager.java:1088)

07-26 02:15:35.075  1565  3198 I LSPosed-Bridge: 	at com.android.server.am.ActivityManagerService.onTransact(ActivityManagerService.java:3346)

07-26 02:15:35.075  1565  3198 I LSPosed-Bridge: 	at android.os.Binder.execTransact(Binder.java:731)

07-26 02:15:35.075  5679  5679 I LSPosed-Bridge: 5679 PermLabel hookBinder_test 10124 interfaceBinder =android.app.IActivityManager; arg0 = 81; arg1 = android.os.Parcel@847e664; arg2 = android.os.Parcel@9ca178f; arg3 = 0; res = true; stacktrace=java.lang.Exception

07-26 02:15:35.075  5679  5679 I LSPosed-Bridge: 	at com.example.permlabel.hookBinder_test$1.afterHookedMethod(hookBinder_test.java:69)

07-26 02:15:35.075  5679  5679 I LSPosed-Bridge: 	at de.robv.android.xposed.XposedBridge$AdditionalHookInfo.callback(Unknown Source:147)

07-26 02:15:35.075  5679  5679 I LSPosed-Bridge: 	at LSPHooker_.transact(Unknown Source:28)

07-26 02:15:35.075  5679  5679 I LSPosed-Bridge: 	at android.app.IActivityManager$Stub$Proxy.getRunningAppProcesses(IActivityManager.java:5366)

07-26 02:15:35.075  5679  5679 I LSPosed-Bridge: 	at android.app.ActivityManager.getRunningAppProcesses(ActivityManager.java:3435)

07-26 02:15:35.075  5679  5679 I LSPosed-Bridge: 	at java.lang.reflect.Method.invoke(Native Method)

07-26 02:15:35.075  5679  5679 I LSPosed-Bridge: 	at org.lsposed.lspd.nativebridge.HookBridge.invokeOriginalMethod(Native Method)

07-26 02:15:35.075  5679  5679 I LSPosed-Bridge: 	at de.robv.android.xposed.XposedBridge$AdditionalHookInfo.callback(Unknown Source:110)

07-26 02:15:35.075  5679  5679 I LSPosed-Bridge: 	at LSPHooker_.getRunningAppProcesses(Unknown Source:8)

07-26 02:15:35.075  5679  5679 I LSPosed-Bridge: 	at com.alibaba.sdk.android.utils.crashdefend.e.a(CrashDefendUtils.java:169)

07-26 02:15:35.075  5679  5679 I LSPosed-Bridge: 	at com.alibaba.sdk.android.utils.crashdefend.e.a(CrashDefendUtils.java:155)

07-26 02:15:35.075  5679  5679 I LSPosed-Bridge: 	at com.alibaba.sdk.android.utils.crashdefend.e.a(CrashDefendUtils.java:64)

07-26 02:15:35.075  5679  5679 I LSPosed-Bridge: 	at com.alibaba.sdk.android.utils.crashdefend.b.a(CrashDefendManager.java:186)

07-26 02:15:35.075  5679  5679 I LSPosed-Bridge: 	at com.alibaba.sdk.android.utils.AlicloudTrackerManager.registerCrashDefend(AlicloudTrackerManager.java:94)

07-26 02:15:35.075  5679  5679 I LSPosed-Bridge: 	at com.alibaba.sdk.android.httpdns.d.b.a(Unknown Source:20)

07-26 02:15:35.075  5679  5679 I LSPosed-Bridge: 	at com.alibaba.sdk.android.httpdns.HttpDns.getService(Unknown Source:34)

07-26 02:15:35.075  5679  5679 I LSPosed-Bridge: 	at com.xisaieducation.mvp.network.OkHttpDns.<init>(OkHttpDns.java:25)

07-26 02:15:35.075  5679  5679 I LSPosed-Bridge: 	at com.xisaieducation.mvp.network.OkHttpDns.getInstance(OkHttpDns.java:37)

07-26 02:15:35.075  5679  5679 I LSPosed-Bridge: 	at com.xisaieducation.MyApplication.otherInit(MyApplication.java:117)

07-26 02:15:35.075  5679  5679 I LSPosed-Bridge: 	at com.xisaieducation.MyApplication.onCreate(MyApplication.java:92)

07-26 02:15:35.075  5679  5679 I LSPosed-Bridge: 	at com.xisaieducation.dialog.AgreementPolicyDialog.OnClick(AgreementPolicyDialog.java:96)

07-26 02:15:35.075  5679  5679 I LSPosed-Bridge: 	at com.xisaieducation.dialog.AgreementPolicyDialog_ViewBinding$2.doClick(AgreementPolicyDialog_ViewBinding.java:47)

07-26 02:15:35.075  5679  5679 I LSPosed-Bridge: 	at butterknife.internal.DebouncingOnClickListener.onClick(DebouncingOnClickListener.java:26)

07-26 02:15:35.075  5679  5679 I LSPosed-Bridge: 	at android.view.View.performClick(View.java:6597)

07-26 02:15:35.075  5679  5679 I LSPosed-Bridge: 	at android.view.View.performClickInternal(View.java:6574)

07-26 02:15:35.075  5679  5679 I LSPosed-Bridge: 	at android.view.View.access$3100(View.java:778)

07-26 02:15:35.075  5679  5679 I LSPosed-Bridge: 	at android.view.View$PerformClick.run(View.java:25889)

07-26 02:15:35.075  5679  5679 I LSPosed-Bridge: 	at android.os.Handler.handleCallback(Handler.java:873)

07-26 02:15:35.075  5679  5679 I LSPosed-Bridge: 	at android.os.Handler.dispatchMessage(Handler.java:99)

07-26 02:15:35.075  5679  5679 I LSPosed-Bridge: 	at android.os.Looper.loop(Looper.java:193)

07-26 02:15:35.075  5679  5679 I LSPosed-Bridge: 	at android.app.ActivityThread.main(ActivityThread.java:6692)

07-26 02:15:35.075  5679  5679 I LSPosed-Bridge: 	at java.lang.reflect.Method.invoke(Native Method)

07-26 02:15:35.075  5679  5679 I LSPosed-Bridge: 	at com.android.internal.os.RuntimeInit$MethodAndArgsCaller.run(RuntimeInit.java:493)

07-26 02:15:35.075  5679  5679 I LSPosed-Bridge: 	at com.android.internal.os.ZygoteInit.main(ZygoteInit.java:858)

07-26 02:15:35.149  1565  3198 I LSPosed-Bridge: 5679 PermLabel 10124 AMS.checkPermission: Binder.getCallingPid() = 5679; uid = 10124; Binder.getCallingUid() = 10124; getNameForUid: com.xuesaieducation.jijin; getPackagesForUid: [com.xuesaieducation.jijin]; permName: android.permission.GET_TASKS; type = 0; res = -1; stacktrace=java.lang.Exception

07-26 02:15:35.149  1565  3198 I LSPosed-Bridge: 	at com.example.permlabel.requirePerm$1$2.afterHookedMethod(requirePerm.java:138)

07-26 02:15:35.149  1565  3198 I LSPosed-Bridge: 	at de.robv.android.xposed.XposedBridge$AdditionalHookInfo.callback(Unknown Source:147)

07-26 02:15:35.149  1565  3198 I LSPosed-Bridge: 	at LSPHooker_.checkPermission(Unknown Source:25)

07-26 02:15:35.149  1565  3198 I LSPosed-Bridge: 	at com.android.server.am.ActivityManagerService.isGetTasksAllowed(ActivityManagerService.java:10902)

07-26 02:15:35.149  1565  3198 I LSPosed-Bridge: 	at com.android.server.am.ActivityManagerService.getRunningAppProcesses(ActivityManagerService.java:16139)

07-26 02:15:35.149  1565  3198 I LSPosed-Bridge: 	at android.app.IActivityManager$Stub.onTransact(IActivityManager.java:1088)

07-26 02:15:35.149  1565  3198 I LSPosed-Bridge: 	at com.android.server.am.ActivityManagerService.onTransact(ActivityManagerService.java:3346)

07-26 02:15:35.149  1565  3198 I LSPosed-Bridge: 	at android.os.Binder.execTransact(Binder.java:731)

07-26 02:15:35.173  1565  3200 I LSPosed-Bridge: 5679 PermLabel 10124 AMS.checkPermission: Binder.getCallingPid() = 5679; uid = 10124; Binder.getCallingUid() = 10124; getNameForUid: com.xuesaieducation.jijin; getPackagesForUid: [com.xuesaieducation.jijin]; permName: android.permission.GET_TASKS; type = 0; res = -1; stacktrace=java.lang.Exception

07-26 02:15:35.173  1565  3200 I LSPosed-Bridge: 	at com.example.permlabel.requirePerm$1$2.afterHookedMethod(requirePerm.java:138)

07-26 02:15:35.173  1565  3200 I LSPosed-Bridge: 	at de.robv.android.xposed.XposedBridge$AdditionalHookInfo.callback(Unknown Source:147)

07-26 02:15:35.173  1565  3200 I LSPosed-Bridge: 	at LSPHooker_.checkPermission(Unknown Source:25)

07-26 02:15:35.173  1565  3200 I LSPosed-Bridge: 	at com.android.server.am.ActivityManagerService.isGetTasksAllowed(ActivityManagerService.java:10902)

07-26 02:15:35.173  1565  3200 I LSPosed-Bridge: 	at com.android.server.am.ActivityManagerService.getRunningAppProcesses(ActivityManagerService.java:16139)

07-26 02:15:35.173  1565  3200 I LSPosed-Bridge: 	at android.app.IActivityManager$Stub.onTransact(IActivityManager.java:1088)

07-26 02:15:35.173  1565  3200 I LSPosed-Bridge: 	at com.android.server.am.ActivityManagerService.onTransact(ActivityManagerService.java:3346)

07-26 02:15:35.173  1565  3200 I LSPosed-Bridge: 	at android.os.Binder.execTransact(Binder.java:731)

07-26 02:15:35.177  1565  4367 I LSPosed-Bridge: 5679 PermLabel 10124 AMS.checkPermission: Binder.getCallingPid() = 5679; uid = 10124; Binder.getCallingUid() = 10124; getNameForUid: com.xuesaieducation.jijin; getPackagesForUid: [com.xuesaieducation.jijin]; permName: android.permission.GET_TASKS; type = 0; res = -1; stacktrace=java.lang.Exception

07-26 02:15:35.177  1565  4367 I LSPosed-Bridge: 	at com.example.permlabel.requirePerm$1$2.afterHookedMethod(requirePerm.java:138)

07-26 02:15:35.177  1565  4367 I LSPosed-Bridge: 	at de.robv.android.xposed.XposedBridge$AdditionalHookInfo.callback(Unknown Source:147)

07-26 02:15:35.177  1565  4367 I LSPosed-Bridge: 	at LSPHooker_.checkPermission(Unknown Source:25)

07-26 02:15:35.177  1565  4367 I LSPosed-Bridge: 	at com.android.server.am.ActivityManagerService.isGetTasksAllowed(ActivityManagerService.java:10902)

07-26 02:15:35.177  1565  4367 I LSPosed-Bridge: 	at com.android.server.am.ActivityManagerService.getRunningAppProcesses(ActivityManagerService.java:16139)

07-26 02:15:35.177  1565  4367 I LSPosed-Bridge: 	at android.app.IActivityManager$Stub.onTransact(IActivityManager.java:1088)

07-26 02:15:35.177  1565  4367 I LSPosed-Bridge: 	at com.android.server.am.ActivityManagerService.onTransact(ActivityManagerService.java:3346)

07-26 02:15:35.177  1565  4367 I LSPosed-Bridge: 	at android.os.Binder.execTransact(Binder.java:731)

07-26 02:15:35.253  1565  3200 I LSPosed-Bridge: 5679 PermLabel 10124 AMS.checkPermission: Binder.getCallingPid() = 5679; uid = 10124; Binder.getCallingUid() = 10124; getNameForUid: com.xuesaieducation.jijin; getPackagesForUid: [com.xuesaieducation.jijin]; permName: android.permission.GET_TASKS; type = 0; res = -1; stacktrace=java.lang.Exception

07-26 02:15:35.253  1565  3200 I LSPosed-Bridge: 	at com.example.permlabel.requirePerm$1$2.afterHookedMethod(requirePerm.java:138)

07-26 02:15:35.253  1565  3200 I LSPosed-Bridge: 	at de.robv.android.xposed.XposedBridge$AdditionalHookInfo.callback(Unknown Source:147)

07-26 02:15:35.253  1565  3200 I LSPosed-Bridge: 	at LSPHooker_.checkPermission(Unknown Source:25)

07-26 02:15:35.253  1565  3200 I LSPosed-Bridge: 	at com.android.server.am.ActivityManagerService.isGetTasksAllowed(ActivityManagerService.java:10902)

07-26 02:15:35.253  1565  3200 I LSPosed-Bridge: 	at com.android.server.am.ActivityManagerService.getRunningAppProcesses(ActivityManagerService.java:16139)

07-26 02:15:35.253  1565  3200 I LSPosed-Bridge: 	at android.app.IActivityManager$Stub.onTransact(IActivityManager.java:1088)

07-26 02:15:35.253  1565  3200 I LSPosed-Bridge: 	at com.android.server.am.ActivityManagerService.onTransact(ActivityManagerService.java:3346)

07-26 02:15:35.253  1565  3200 I LSPosed-Bridge: 	at android.os.Binder.execTransact(Binder.java:731)

07-26 02:15:35.253  5679  8535 I LSPosed-Bridge: 5679 PermLabel hookBinder_test 10124 interfaceBinder =android.content.pm.IPackageManager; arg0 = 3; arg1 = android.os.Parcel@8e74b6d; arg2 = android.os.Parcel@c126508; arg3 = 0; res = true; stacktrace=java.lang.Exception

07-26 02:15:35.253  5679  8535 I LSPosed-Bridge: 	at com.example.permlabel.hookBinder_test$1.afterHookedMethod(hookBinder_test.java:69)

07-26 02:15:35.253  5679  8535 I LSPosed-Bridge: 	at de.robv.android.xposed.XposedBridge$AdditionalHookInfo.callback(Unknown Source:147)

07-26 02:15:35.253  5679  8535 I LSPosed-Bridge: 	at LSPHooker_.transact(Unknown Source:28)

07-26 02:15:35.253  5679  8535 I LSPosed-Bridge: 	at android.content.pm.IPackageManager$Stub$Proxy.getPackageInfo(IPackageManager.java:2876)

07-26 02:15:35.253  5679  8535 I LSPosed-Bridge: 	at android.app.ApplicationPackageManager.getPackageInfoAsUser(ApplicationPackageManager.java:174)

07-26 02:15:35.253  5679  8535 I LSPosed-Bridge: 	at android.app.ApplicationPackageManager.getPackageInfo(ApplicationPackageManager.java:152)

07-26 02:15:35.253  5679  8535 I LSPosed-Bridge: 	at com.tencent.smtt.utils.b.e(Unknown Source:9)

07-26 02:15:35.253  5679  8535 I LSPosed-Bridge: 	at com.tencent.smtt.sdk.TbsDownloader.b(Unknown Source:191)

07-26 02:15:35.253  5679  8535 I LSPosed-Bridge: 	at com.tencent.smtt.sdk.TbsDownloader.a(Unknown Source:0)

07-26 02:15:35.253  5679  8535 I LSPosed-Bridge: 	at com.tencent.smtt.sdk.TbsDownloader$2.handleMessage(Unknown Source:456)

07-26 02:15:35.253  5679  8535 I LSPosed-Bridge: 	at android.os.Handler.dispatchMessage(Handler.java:106)

07-26 02:15:35.253  5679  8535 I LSPosed-Bridge: 	at android.os.Looper.loop(Looper.java:193)

07-26 02:15:35.253  5679  8535 I LSPosed-Bridge: 	at android.os.HandlerThread.run(HandlerThread.java:65)

07-26 02:15:35.253  5679  5679 I LSPosed-Bridge: 5679 PermLabel hookBinder_test 10124 interfaceBinder =android.app.IActivityManager; arg0 = 81; arg1 = android.os.Parcel@9ba7784; arg2 = android.os.Parcel@ce97005; arg3 = 0; res = true; stacktrace=java.lang.Exception

07-26 02:15:35.253  5679  5679 I LSPosed-Bridge: 	at com.example.permlabel.hookBinder_test$1.afterHookedMethod(hookBinder_test.java:69)

07-26 02:15:35.253  5679  5679 I LSPosed-Bridge: 	at de.robv.android.xposed.XposedBridge$AdditionalHookInfo.callback(Unknown Source:147)

07-26 02:15:35.253  5679  5679 I LSPosed-Bridge: 	at LSPHooker_.transact(Unknown Source:28)

07-26 02:15:35.253  5679  5679 I LSPosed-Bridge: 	at android.app.IActivityManager$Stub$Proxy.getRunningAppProcesses(IActivityManager.java:5366)

07-26 02:15:35.253  5679  5679 I LSPosed-Bridge: 	at android.app.ActivityManager.getRunningAppProcesses(ActivityManager.java:3435)

07-26 02:15:35.253  5679  5679 I LSPosed-Bridge: 	at java.lang.reflect.Method.invoke(Native Method)

07-26 02:15:35.253  5679  5679 I LSPosed-Bridge: 	at org.lsposed.lspd.nativebridge.HookBridge.invokeOriginalMethod(Native Method)

07-26 02:15:35.253  5679  5679 I LSPosed-Bridge: 	at de.robv.android.xposed.XposedBridge$AdditionalHookInfo.callback(Unknown Source:110)

07-26 02:15:35.253  5679  5679 I LSPosed-Bridge: 	at LSPHooker_.getRunningAppProcesses(Unknown Source:8)

07-26 02:15:35.253  5679  5679 I LSPosed-Bridge: 	at com.taobao.accs.utl.j.a(Taobao:82)

07-26 02:15:35.253  5679  5679 I LSPosed-Bridge: 	at com.taobao.accs.utl.j.a(Taobao:58)

07-26 02:15:35.253  5679  5679 I LSPosed-Bridge: 	at com.taobao.accs.utl.UtilityImpl.isMainProcess(Taobao:690)

07-26 02:15:35.253  5679  5679 I LSPosed-Bridge: 	at org.android.agoo.huawei.HuaWeiRegister.register(Unknown Source:7)

07-26 02:15:35.253  5679  5679 I LSPosed-Bridge: 	at com.xisaieducation.MyApplication.initUmeng(MyApplication.java:305)

07-26 02:15:35.253  5679  5679 I LSPosed-Bridge: 	at com.xisaieducation.MyApplication.otherInit(MyApplication.java:122)

07-26 02:15:35.253  5679  5679 I LSPosed-Bridge: 	at com.xisaieducation.MyApplication.onCreate(MyApplication.java:92)

07-26 02:15:35.253  5679  5679 I LSPosed-Bridge: 	at com.xisaieducation.dialog.AgreementPolicyDialog.OnClick(AgreementPolicyDialog.java:96)

07-26 02:15:35.253  5679  5679 I LSPosed-Bridge: 	at com.xisaieducation.dialog.AgreementPolicyDialog_ViewBinding$2.doClick(AgreementPolicyDialog_ViewBinding.java:47)

07-26 02:15:35.253  5679  5679 I LSPosed-Bridge: 	at butterknife.internal.DebouncingOnClickListener.onClick(DebouncingOnClickListener.java:26)

07-26 02:15:35.253  5679  5679 I LSPosed-Bridge: 	at android.view.View.performClick(View.java:6597)

07-26 02:15:35.253  5679  5679 I LSPosed-Bridge: 	at android.view.View.performClickInternal(View.java:6574)

07-26 02:15:35.253  5679  5679 I LSPosed-Bridge: 	at android.view.View.access$3100(View.java:778)

07-26 02:15:35.253  5679  5679 I LSPosed-Bridge: 	at android.view.View$PerformClick.run(View.java:25889)

07-26 02:15:35.253  5679  5679 I LSPosed-Bridge: 	at android.os.Handler.handleCallback(Handler.java:873)

07-26 02:15:35.253  5679  5679 I LSPosed-Bridge: 	at android.os.Handler.dispatchMessage(Handler.java:99)

07-26 02:15:35.253  5679  5679 I LSPosed-Bridge: 	at android.os.Looper.loop(Looper.java:193)

07-26 02:15:35.253  5679  5679 I LSPosed-Bridge: 	at android.app.ActivityThread.main(ActivityThread.java:6692)

07-26 02:15:35.253  5679  5679 I LSPosed-Bridge: 	at java.lang.reflect.Method.invoke(Native Method)

07-26 02:15:35.253  5679  5679 I LSPosed-Bridge: 	at com.android.internal.os.RuntimeInit$MethodAndArgsCaller.run(RuntimeInit.java:493)

07-26 02:15:35.253  5679  5679 I LSPosed-Bridge: 	at com.android.internal.os.ZygoteInit.main(ZygoteInit.java:858)

07-26 02:15:35.727  1565  4367 I LSPosed-Bridge: 5679 PermLabel 10124 AMS.checkPermission: Binder.getCallingPid() = 5679; uid = 10124; Binder.getCallingUid() = 10124; getNameForUid: com.xuesaieducation.jijin; getPackagesForUid: [com.xuesaieducation.jijin]; permName: android.permission.GET_TASKS; type = 0; res = -1; stacktrace=java.lang.Exception

07-26 02:15:35.727  1565  4367 I LSPosed-Bridge: 	at com.example.permlabel.requirePerm$1$2.afterHookedMethod(requirePerm.java:138)

07-26 02:15:35.727  1565  4367 I LSPosed-Bridge: 	at de.robv.android.xposed.XposedBridge$AdditionalHookInfo.callback(Unknown Source:147)

07-26 02:15:35.727  1565  4367 I LSPosed-Bridge: 	at LSPHooker_.checkPermission(Unknown Source:25)

07-26 02:15:35.727  1565  4367 I LSPosed-Bridge: 	at com.android.server.am.ActivityManagerService.isGetTasksAllowed(ActivityManagerService.java:10902)

07-26 02:15:35.727  1565  4367 I LSPosed-Bridge: 	at com.android.server.am.ActivityManagerService.getRunningAppProcesses(ActivityManagerService.java:16139)

07-26 02:15:35.727  1565  4367 I LSPosed-Bridge: 	at android.app.IActivityManager$Stub.onTransact(IActivityManager.java:1088)

07-26 02:15:35.727  1565  4367 I LSPosed-Bridge: 	at com.android.server.am.ActivityManagerService.onTransact(ActivityManagerService.java:3346)

07-26 02:15:35.727  1565  4367 I LSPosed-Bridge: 	at android.os.Binder.execTransact(Binder.java:731)

07-26 02:15:35.735  1565  4367 I LSPosed-Bridge: 5679 PermLabel 10124 AMS.checkPermission: Binder.getCallingPid() = 5679; uid = 10124; Binder.getCallingUid() = 10124; getNameForUid: com.xuesaieducation.jijin; getPackagesForUid: [com.xuesaieducation.jijin]; permName: android.permission.GET_TASKS; type = 0; res = -1; stacktrace=java.lang.Exception

07-26 02:15:35.735  1565  4367 I LSPosed-Bridge: 	at com.example.permlabel.requirePerm$1$2.afterHookedMethod(requirePerm.java:138)

07-26 02:15:35.735  1565  4367 I LSPosed-Bridge: 	at de.robv.android.xposed.XposedBridge$AdditionalHookInfo.callback(Unknown Source:147)

07-26 02:15:35.735  1565  4367 I LSPosed-Bridge: 	at LSPHooker_.checkPermission(Unknown Source:25)

07-26 02:15:35.735  1565  4367 I LSPosed-Bridge: 	at com.android.server.am.ActivityManagerService.isGetTasksAllowed(ActivityManagerService.java:10902)

07-26 02:15:35.735  1565  4367 I LSPosed-Bridge: 	at com.android.server.am.ActivityManagerService.getServices(ActivityManagerService.java:20573)

07-26 02:15:35.735  1565  4367 I LSPosed-Bridge: 	at android.app.IActivityManager$Stub.onTransact(IActivityManager.java:1064)

07-26 02:15:35.735  1565  4367 I LSPosed-Bridge: 	at com.android.server.am.ActivityManagerService.onTransact(ActivityManagerService.java:3346)

07-26 02:15:35.735  1565  4367 I LSPosed-Bridge: 	at android.os.Binder.execTransact(Binder.java:731)

07-26 02:15:35.735  5679  8611 I LSPosed-Bridge: 5679 PermLabel hookBinder_test 10124 interfaceBinder =android.app.IActivityManager; arg0 = 79; arg1 = android.os.Parcel@b9d8f49; arg2 = android.os.Parcel@f34704e; arg3 = 0; res = true; stacktrace=java.lang.Exception

07-26 02:15:35.735  5679  8611 I LSPosed-Bridge: 	at com.example.permlabel.hookBinder_test$1.afterHookedMethod(hookBinder_test.java:69)

07-26 02:15:35.735  5679  8611 I LSPosed-Bridge: 	at de.robv.android.xposed.XposedBridge$AdditionalHookInfo.callback(Unknown Source:147)

07-26 02:15:35.735  5679  8611 I LSPosed-Bridge: 	at LSPHooker_.transact(Unknown Source:28)

07-26 02:15:35.735  5679  8611 I LSPosed-Bridge: 	at android.app.IActivityManager$Stub$Proxy.getServices(IActivityManager.java:5324)

07-26 02:15:35.735  5679  8611 I LSPosed-Bridge: 	at android.app.ActivityManager.getRunningServices(ActivityManager.java:2490)

07-26 02:15:35.735  5679  8611 I LSPosed-Bridge: 	at com.taobao.accs.utl.UtilityImpl.k(Taobao:550)

07-26 02:15:35.735  5679  8611 I LSPosed-Bridge: 	at com.taobao.accs.net.j.<init>(Taobao:105)

07-26 02:15:35.735  5679  8611 I LSPosed-Bridge: 	at com.taobao.accs.internal.a.<init>(Taobao:27)

07-26 02:15:35.735  5679  8611 I LSPosed-Bridge: 	at com.taobao.accs.internal.ACCSManagerImpl.<init>(Taobao:174)

07-26 02:15:35.735  5679  8611 I LSPosed-Bridge: 	at com.taobao.accs.ACCSManager.createAccsInstance(Taobao:449)

07-26 02:15:35.735  5679  8611 I LSPosed-Bridge: 	at com.taobao.accs.ACCSManager.getAccsInstance(Taobao:434)

07-26 02:15:35.735  5679  8611 I LSPosed-Bridge: 	at com.taobao.agoo.TaobaoRegister.register(Taobao:132)

07-26 02:15:35.735  5679  8611 I LSPosed-Bridge: 	at com.umeng.message.PushAgent$2.run(PushAgent.java:206)

07-26 02:15:35.735  5679  8611 I LSPosed-Bridge: 	at java.util.concurrent.Executors$RunnableAdapter.call(Executors.java:458)

07-26 02:15:35.735  5679  8611 I LSPosed-Bridge: 	at java.util.concurrent.FutureTask.run(FutureTask.java:266)

07-26 02:15:35.735  5679  8611 I LSPosed-Bridge: 	at java.util.concurrent.ScheduledThreadPoolExecutor$ScheduledFutureTask.run(ScheduledThreadPoolExecutor.java:301)

07-26 02:15:35.735  5679  8611 I LSPosed-Bridge: 	at java.util.concurrent.ThreadPoolExecutor.runWorker(ThreadPoolExecutor.java:1167)

07-26 02:15:35.735  5679  8611 I LSPosed-Bridge: 	at java.util.concurrent.ThreadPoolExecutor$Worker.run(ThreadPoolExecutor.java:641)

07-26 02:15:35.735  5679  8611 I LSPosed-Bridge: 	at java.lang.Thread.run(Thread.java:764)

07-26 02:15:35.786  1565  3198 I LSPosed-Bridge: 5679 PermLabel 10124 AMS.checkPermission: Binder.getCallingPid() = 5679; uid = 10124; Binder.getCallingUid() = 10124; getNameForUid: com.xuesaieducation.jijin; getPackagesForUid: [com.xuesaieducation.jijin]; permName: android.permission.GET_TASKS; type = 0; res = -1; stacktrace=java.lang.Exception

07-26 02:15:35.786  1565  3198 I LSPosed-Bridge: 	at com.example.permlabel.requirePerm$1$2.afterHookedMethod(requirePerm.java:138)

07-26 02:15:35.786  1565  3198 I LSPosed-Bridge: 	at de.robv.android.xposed.XposedBridge$AdditionalHookInfo.callback(Unknown Source:147)

07-26 02:15:35.786  1565  3198 I LSPosed-Bridge: 	at LSPHooker_.checkPermission(Unknown Source:25)

07-26 02:15:35.786  1565  3198 I LSPosed-Bridge: 	at com.android.server.am.ActivityManagerService.isGetTasksAllowed(ActivityManagerService.java:10902)

07-26 02:15:35.786  1565  3198 I LSPosed-Bridge: 	at com.android.server.am.ActivityManagerService.getRunningAppProcesses(ActivityManagerService.java:16139)

07-26 02:15:35.786  1565  3198 I LSPosed-Bridge: 	at android.app.IActivityManager$Stub.onTransact(IActivityManager.java:1088)

07-26 02:15:35.786  1565  3198 I LSPosed-Bridge: 	at com.android.server.am.ActivityManagerService.onTransact(ActivityManagerService.java:3346)

07-26 02:15:35.786  1565  3198 I LSPosed-Bridge: 	at android.os.Binder.execTransact(Binder.java:731)

07-26 02:15:35.996  1565  4950 I LSPosed-Bridge: 5679 PermLabel 10124 AMS.checkPermission: Binder.getCallingPid() = 5679; uid = 10124; Binder.getCallingUid() = 10124; getNameForUid: com.xuesaieducation.jijin; getPackagesForUid: [com.xuesaieducation.jijin]; permName: android.permission.GET_TASKS; type = 0; res = -1; stacktrace=java.lang.Exception

07-26 02:15:35.996  1565  4950 I LSPosed-Bridge: 	at com.example.permlabel.requirePerm$1$2.afterHookedMethod(requirePerm.java:138)

07-26 02:15:35.996  1565  4950 I LSPosed-Bridge: 	at de.robv.android.xposed.XposedBridge$AdditionalHookInfo.callback(Unknown Source:147)

07-26 02:15:35.996  1565  4950 I LSPosed-Bridge: 	at LSPHooker_.checkPermission(Unknown Source:25)

07-26 02:15:35.996  1565  4950 I LSPosed-Bridge: 	at com.android.server.am.ActivityManagerService.isGetTasksAllowed(ActivityManagerService.java:10902)

07-26 02:15:35.996  1565  4950 I LSPosed-Bridge: 	at com.android.server.am.ActivityManagerService.getServices(ActivityManagerService.java:20573)

07-26 02:15:35.996  1565  4950 I LSPosed-Bridge: 	at android.app.IActivityManager$Stub.onTransact(IActivityManager.java:1064)

07-26 02:15:35.996  1565  4950 I LSPosed-Bridge: 	at com.android.server.am.ActivityManagerService.onTransact(ActivityManagerService.java:3346)

07-26 02:15:35.996  1565  4950 I LSPosed-Bridge: 	at android.os.Binder.execTransact(Binder.java:731)

07-26 02:15:36.014   552   552 I ConfigStore: android::hardware::configstore::V1_0::ISurfaceFlingerConfigs::hasHDRDisplay retrieved: 0

07-26 02:15:36.014  1565  3200 I LSPosed-Bridge: 5679 PermLabel 10124 AMS.checkPermission: Binder.getCallingPid() = 5679; uid = 10124; Binder.getCallingUid() = 10124; getNameForUid: com.xuesaieducation.jijin; getPackagesForUid: [com.xuesaieducation.jijin]; permName: android.permission.GET_TASKS; type = 0; res = -1; stacktrace=java.lang.Exception

07-26 02:15:36.014  1565  3200 I LSPosed-Bridge: 	at com.example.permlabel.requirePerm$1$2.afterHookedMethod(requirePerm.java:138)

07-26 02:15:36.014  1565  3200 I LSPosed-Bridge: 	at de.robv.android.xposed.XposedBridge$AdditionalHookInfo.callback(Unknown Source:147)

07-26 02:15:36.014  1565  3200 I LSPosed-Bridge: 	at LSPHooker_.checkPermission(Unknown Source:25)

07-26 02:15:36.014  1565  3200 I LSPosed-Bridge: 	at com.android.server.am.ActivityManagerService.isGetTasksAllowed(ActivityManagerService.java:10902)

07-26 02:15:36.014  1565  3200 I LSPosed-Bridge: 	at com.android.server.am.ActivityManagerService.getServices(ActivityManagerService.java:20573)

07-26 02:15:36.014  1565  3200 I LSPosed-Bridge: 	at android.app.IActivityManager$Stub.onTransact(IActivityManager.java:1064)

07-26 02:15:36.014  1565  3200 I LSPosed-Bridge: 	at com.android.server.am.ActivityManagerService.onTransact(ActivityManagerService.java:3346)

07-26 02:15:36.014  1565  3200 I LSPosed-Bridge: 	at android.os.Binder.execTransact(Binder.java:731)
