08-09 03:21:54.375  1574  6751 I LSPosed-Bridge: 8413 PermLabel 10138 AMS.checkPermission: Binder.getCallingPid() = 8413; uid = 10138; Binder.getCallingUid() = 10138; getNameForUid: com.xingin.xhs; getPackagesForUid: [com.xingin.xhs]; permName: android.permission.GET_TASKS; type = 0; res = -1; stacktrace=java.lang.Exception

08-09 03:21:54.375  1574  6751 I LSPosed-Bridge: 	at com.example.permlabel.requirePerm$1$2.afterHookedMethod(requirePerm.java:132)

08-09 03:21:54.375  1574  6751 I LSPosed-Bridge: 	at de.robv.android.xposed.XposedBridge$AdditionalHookInfo.callback(Unknown Source:147)

08-09 03:21:54.375  1574  6751 I LSPosed-Bridge: 	at LSPHooker_.checkPermission(Unknown Source:25)

08-09 03:21:54.375  1574  6751 I LSPosed-Bridge: 	at com.android.server.am.ActivityManagerService.isGetTasksAllowed(ActivityManagerService.java:10902)

08-09 03:21:54.375  1574  6751 I LSPosed-Bridge: 	at com.android.server.am.ActivityManagerService.getFilteredTasks(ActivityManagerService.java:10884)

08-09 03:21:54.375  1574  6751 I LSPosed-Bridge: 	at com.android.server.am.ActivityManagerService.getTasks(ActivityManagerService.java:10872)

08-09 03:21:54.375  1574  6751 I LSPosed-Bridge: 	at android.app.IActivityManager$Stub.onTransact(IActivityManager.java:288)

08-09 03:21:54.375  1574  6751 I LSPosed-Bridge: 	at com.android.server.am.ActivityManagerService.onTransact(ActivityManagerService.java:3346)

08-09 03:21:54.375  1574  6751 I LSPosed-Bridge: 	at android.os.Binder.execTransact(Binder.java:731)

08-09 03:21:54.375  8413 17123 I LSPosed-Bridge: 8413 PermLabel hookBinder_test 10138 interfaceBinder =android.content.pm.IPackageManager; arg0 = 13; arg1 = android.os.Parcel@3384655; arg2 = android.os.Parcel@f22086a; arg3 = 0; res = true; stacktrace=java.lang.Exception

08-09 03:21:54.375  8413 17123 I LSPosed-Bridge: 	at com.example.permlabel.hookBinder_test$1.afterHookedMethod(hookBinder_test.java:63)

08-09 03:21:54.375  8413 17123 I LSPosed-Bridge: 	at de.robv.android.xposed.XposedBridge$AdditionalHookInfo.callback(Unknown Source:147)

08-09 03:21:54.375  8413 17123 I LSPosed-Bridge: 	at LSPHooker_.transact(Unknown Source:28)

08-09 03:21:54.375  8413 17123 I LSPosed-Bridge: 	at android.content.pm.IPackageManager$Stub$Proxy.getApplicationInfo(IPackageManager.java:3104)

08-09 03:21:54.375  8413 17123 I LSPosed-Bridge: 	at android.app.ApplicationPackageManager.getApplicationInfoAsUser(ApplicationPackageManager.java:384)

08-09 03:21:54.375  8413 17123 I LSPosed-Bridge: 	at android.app.ApplicationPackageManager.getApplicationInfo(ApplicationPackageManager.java:377)

08-09 03:21:54.375  8413 17123 I LSPosed-Bridge: 	at m.cr.a(:com.google.android.gms.dynamite_measurementdynamite@233013028@23.30.13 (100400-0):7)

08-09 03:21:54.375  8413 17123 I LSPosed-Bridge: 	at m.ek.c(:com.google.android.gms.dynamite_measurementdynamite@233013028@23.30.13 (100400-0):42)

08-09 03:21:54.375  8413 17123 I LSPosed-Bridge: 	at m.ek.d(:com.google.android.gms.dynamite_measurementdynamite@233013028@23.30.13 (100400-0):4)

08-09 03:21:54.375  8413 17123 I LSPosed-Bridge: 	at m.ek.g(:com.google.android.gms.dynamite_measurementdynamite@233013028@23.30.13 (100400-0):6)

08-09 03:21:54.375  8413 17123 I LSPosed-Bridge: 	at m.kj.onActivitySaveInstanceState(:com.google.android.gms.dynamite_measurementdynamite@233013028@23.30.13 (100400-0):11)

08-09 03:21:54.375  8413 17123 I LSPosed-Bridge: 	at com.google.android.gms.measurement.internal.AppMeasurementDynamiteService.onActivitySaveInstanceState(:com.google.android.gms.dynamite_measurementdynamite@233013028@23.30.13 (100400-0):34)

08-09 03:21:54.375  8413 17123 I LSPosed-Bridge: 	at m.df.a(:com.google.android.gms.dynamite_measurementdynamite@233013028@23.30.13 (100400-0):97)

08-09 03:21:54.375  8413 17123 I LSPosed-Bridge: 	at m.am.onTransact(:com.google.android.gms.dynamite_measurementdynamite@233013028@23.30.13 (100400-0):21)

08-09 03:21:54.375  8413 17123 I LSPosed-Bridge: 	at android.os.Binder.transact(Binder.java:667)

08-09 03:21:54.375  8413 17123 I LSPosed-Bridge: 	at com.google.android.gms.internal.measurement.zzq.zza(Unknown Source:2)

08-09 03:21:54.375  8413 17123 I LSPosed-Bridge: 	at com.google.android.gms.internal.measurement.zzdp.onActivitySaveInstanceState(Unknown Source:5)

08-09 03:21:54.375  8413 17123 I LSPosed-Bridge: 	at com.google.android.gms.internal.measurement.zzfc.zzgd(Unknown Source:3)

08-09 03:21:54.375  8413 17123 I LSPosed-Bridge: 	at com.google.android.gms.internal.measurement.zzea$zzb.run(Unknown Source:3)

08-09 03:21:54.375  8413 17123 I LSPosed-Bridge: 	at java.util.concurrent.ThreadPoolExecutor.runWorker(ThreadPoolExecutor.java:1167)

08-09 03:21:54.375  8413 17123 I LSPosed-Bridge: 	at java.util.concurrent.ThreadPoolExecutor$Worker.run(ThreadPoolExecutor.java:641)

08-09 03:21:54.375  8413 17123 I LSPosed-Bridge: 	at java.lang.Thread.run(Thread.java:764)

08-09 03:21:54.375  8413 17143 I LSPosed-Bridge: 8413 PermLabel hookBinder_test 10138 interfaceBinder =cn.jiguang.android.IDataShare; arg0 = 3; arg1 = android.os.Parcel@8f54df8; arg2 = android.os.Parcel@403f2d1; arg3 = 0; res = true; stacktrace=java.lang.Exception

08-09 03:21:54.375  8413 17143 I LSPosed-Bridge: 	at com.example.permlabel.hookBinder_test$1.afterHookedMethod(hookBinder_test.java:63)

08-09 03:21:54.375  8413 17143 I LSPosed-Bridge: 	at de.robv.android.xposed.XposedBridge$AdditionalHookInfo.callback(Unknown Source:147)

08-09 03:21:54.375  8413 17143 I LSPosed-Bridge: 	at LSPHooker_.transact(Unknown Source:28)

08-09 03:21:54.375  8413 17143 I LSPosed-Bridge: 	at cn.jiguang.android.IDataShare$Stub$a.execute(Unknown Source:36)

08-09 03:21:54.375  8413 17143 I LSPosed-Bridge: 	at cn.jiguang.c.b.b(Unknown Source:88)

08-09 03:21:54.375  8413 17143 I LSPosed-Bridge: 	at cn.jiguang.c.b.onEvent(Unknown Source:199)

08-09 03:21:54.375  8413 17143 I LSPosed-Bridge: 	at cn.jiguang.internal.JCoreInternalHelper.onEvent(Unknown Source:12)

08-09 03:21:54.375  8413 17143 I LSPosed-Bridge: 	at cn.jiguang.api.JCoreManager.onEvent(Unknown Source:68)

08-09 03:21:54.375  8413 17143 I LSPosed-Bridge: 	at cn.jiguang.api.JCoreManager.onEvent(Unknown Source:14)

08-09 03:21:54.375  8413 17143 I LSPosed-Bridge: 	at cn.jiguang.ap.f.b(Unknown Source:35)

08-09 03:21:54.375  8413 17143 I LSPosed-Bridge: 	at cn.jiguang.ap.f.d(Unknown Source:6)

08-09 03:21:54.375  8413 17143 I LSPosed-Bridge: 	at cn.jiguang.ap.i.c(Unknown Source:248)

08-09 03:21:54.375  8413 17143 I LSPosed-Bridge: 	at cn.jiguang.ap.i.b(Unknown Source:45)

08-09 03:21:54.375  8413 17143 I LSPosed-Bridge: 	at cn.jiguang.ap.i.a(Unknown Source:46)

08-09 03:21:54.375  8413 17143 I LSPosed-Bridge: 	at cn.jiguang.ap.i.g(Unknown Source:0)

08-09 03:21:54.375  8413 17143 I LSPosed-Bridge: 	at cn.jiguang.ap.i.c(Unknown Source:0)

08-09 03:21:54.375  8413 17143 I LSPosed-Bridge: 	at cn.jiguang.ap.i$1.run(Unknown Source:309)

08-09 03:21:54.375  8413 17143 I LSPosed-Bridge: 	at cn.jiguang.ap.f$1.a(Unknown Source:4)

08-09 03:21:54.375  8413 17143 I LSPosed-Bridge: 	at cn.jiguang.bn.b.run(Unknown Source:9)

08-09 03:21:54.375  8413 17143 I LSPosed-Bridge: 	at java.util.concurrent.ThreadPoolExecutor.runWorker(ThreadPoolExecutor.java:1167)

08-09 03:21:54.375  8413 17143 I LSPosed-Bridge: 	at java.util.concurrent.ThreadPoolExecutor$Worker.run(ThreadPoolExecutor.java:641)

08-09 03:21:54.375  8413 17143 I LSPosed-Bridge: 	at java.lang.Thread.run(Thread.java:764)

08-09 03:21:57.716  8413 17123 I LSPosed-Bridge: 8413 PermLabel hookBinder_test 10138 interfaceBinder =android.content.pm.IPackageManager; arg0 = 13; arg1 = android.os.Parcel@780da50; arg2 = android.os.Parcel@403f2d1; arg3 = 0; res = true; stacktrace=java.lang.Exception

08-09 03:21:57.716  8413 17123 I LSPosed-Bridge: 	at com.example.permlabel.hookBinder_test$1.afterHookedMethod(hookBinder_test.java:63)

08-09 03:21:57.716  8413 17123 I LSPosed-Bridge: 	at de.robv.android.xposed.XposedBridge$AdditionalHookInfo.callback(Unknown Source:147)

08-09 03:21:57.716  8413 17123 I LSPosed-Bridge: 	at LSPHooker_.transact(Unknown Source:28)

08-09 03:21:57.716  8413 17123 I LSPosed-Bridge: 	at android.content.pm.IPackageManager$Stub$Proxy.getApplicationInfo(IPackageManager.java:3104)

08-09 03:21:57.716  8413 17123 I LSPosed-Bridge: 	at android.app.ApplicationPackageManager.getApplicationInfoAsUser(ApplicationPackageManager.java:384)

08-09 03:21:57.716  8413 17123 I LSPosed-Bridge: 	at android.app.ApplicationPackageManager.getApplicationInfo(ApplicationPackageManager.java:377)

08-09 03:21:57.716  8413 17123 I LSPosed-Bridge: 	at m.cr.a(:com.google.android.gms.dynamite_measurementdynamite@233013028@23.30.13 (100400-0):7)

08-09 03:21:57.716  8413 17123 I LSPosed-Bridge: 	at m.ek.c(:com.google.android.gms.dynamite_measurementdynamite@233013028@23.30.13 (100400-0):42)

08-09 03:21:57.716  8413 17123 I LSPosed-Bridge: 	at m.ek.d(:com.google.android.gms.dynamite_measurementdynamite@233013028@23.30.13 (100400-0):4)

08-09 03:21:57.716  8413 17123 I LSPosed-Bridge: 	at m.ek.g(:com.google.android.gms.dynamite_measurementdynamite@233013028@23.30.13 (100400-0):6)

08-09 03:21:57.716  8413 17123 I LSPosed-Bridge: 	at m.kj.onActivityDestroyed(:com.google.android.gms.dynamite_measurementdynamite@233013028@23.30.13 (100400-0):22)

08-09 03:21:57.716  8413 17123 I LSPosed-Bridge: 	at com.google.android.gms.measurement.internal.AppMeasurementDynamiteService.onActivityDestroyed(:com.google.android.gms.dynamite_measurementdynamite@233013028@23.30.13 (100400-0):29)

08-09 03:21:57.716  8413 17123 I LSPosed-Bridge: 	at m.df.a(:com.google.android.gms.dynamite_measurementdynamite@233013028@23.30.13 (100400-0):118)

08-09 03:21:57.716  8413 17123 I LSPosed-Bridge: 	at m.am.onTransact(:com.google.android.gms.dynamite_measurementdynamite@233013028@23.30.13 (100400-0):21)

08-09 03:21:57.716  8413 17123 I LSPosed-Bridge: 	at android.os.Binder.transact(Binder.java:667)

08-09 03:21:57.716  8413 17123 I LSPosed-Bridge: 	at com.google.android.gms.internal.measurement.zzq.zza(Unknown Source:2)

08-09 03:21:57.716  8413 17123 I LSPosed-Bridge: 	at com.google.android.gms.internal.measurement.zzdp.onActivityDestroyed(Unknown Source:4)

08-09 03:21:57.716  8413 17123 I LSPosed-Bridge: 	at com.google.android.gms.internal.measurement.zzfd.zzgd(Unknown Source:16)

08-09 03:21:57.716  8413 17123 I LSPosed-Bridge: 	at com.google.android.gms.internal.measurement.zzea$zzb.run(Unknown Source:3)

08-09 03:21:57.716  8413 17123 I LSPosed-Bridge: 	at java.util.concurrent.ThreadPoolExecutor.runWorker(ThreadPoolExecutor.java:1167)

08-09 03:21:57.716  8413 17123 I LSPosed-Bridge: 	at java.util.concurrent.ThreadPoolExecutor$Worker.run(ThreadPoolExecutor.java:641)

08-09 03:21:57.716  8413 17123 I LSPosed-Bridge: 	at java.lang.Thread.run(Thread.java:764)

08-09 03:21:57.716  8413  8413 I LSPosed-Bridge: 8413 PermLabel hookBinder_test 10138 interfaceBinder =android.view.accessibility.IAccessibilityManager; arg0 = 7; arg1 = android.os.Parcel@8c773cd; arg2 = android.os.Parcel@fc2f482; arg3 = 0; res = true; stacktrace=java.lang.Exception

08-09 03:21:57.716  8413  8413 I LSPosed-Bridge: 	at com.example.permlabel.hookBinder_test$1.afterHookedMethod(hookBinder_test.java:63)

08-09 03:21:57.716  8413  8413 I LSPosed-Bridge: 	at de.robv.android.xposed.XposedBridge$AdditionalHookInfo.callback(Unknown Source:147)

08-09 03:21:57.716  8413  8413 I LSPosed-Bridge: 	at LSPHooker_.transact(Unknown Source:28)

08-09 03:21:57.716  8413  8413 I LSPosed-Bridge: 	at android.view.accessibility.IAccessibilityManager$Stub$Proxy.removeAccessibilityInteractionConnection(IAccessibilityManager.java:369)

08-09 03:21:57.716  8413  8413 I LSPosed-Bridge: 	at android.view.accessibility.AccessibilityManager.removeAccessibilityInteractionConnection(AccessibilityManager.java:1014)

08-09 03:21:57.716  8413  8413 I LSPosed-Bridge: 	at android.view.ViewRootImpl$AccessibilityInteractionConnectionManager.ensureNoConnection(ViewRootImpl.java:8225)

08-09 03:21:57.716  8413  8413 I LSPosed-Bridge: 	at android.view.ViewRootImpl.dispatchDetachedFromWindow(ViewRootImpl.java:3826)

08-09 03:21:57.716  8413  8413 I LSPosed-Bridge: 	at android.view.ViewRootImpl.doDie(ViewRootImpl.java:6775)

08-09 03:21:57.716  8413  8413 I LSPosed-Bridge: 	at android.view.ViewRootImpl.die(ViewRootImpl.java:6752)

08-09 03:21:57.716  8413  8413 I LSPosed-Bridge: 	at android.view.WindowManagerGlobal.removeViewLocked(WindowManagerGlobal.java:458)

08-09 03:21:57.716  8413  8413 I LSPosed-Bridge: 	at android.view.WindowManagerGlobal.removeView(WindowManagerGlobal.java:396)

08-09 03:21:57.716  8413  8413 I LSPosed-Bridge: 	at android.view.WindowManagerImpl.removeViewImmediate(WindowManagerImpl.java:126)

08-09 03:21:57.716  8413  8413 I LSPosed-Bridge: 	at android.app.ActivityThread.handleDestroyActivity(ActivityThread.java:4499)

08-09 03:21:57.716  8413  8413 I LSPosed-Bridge: 	at android.app.servertransaction.DestroyActivityItem.execute(DestroyActivityItem.java:39)

08-09 03:21:57.716  8413  8413 I LSPosed-Bridge: 	at android.app.servertransaction.TransactionExecutor.executeLifecycleState(TransactionExecutor.java:145)

08-09 03:21:57.716  8413  8413 I LSPosed-Bridge: 	at android.app.servertransaction.TransactionExecutor.execute(TransactionExecutor.java:70)

08-09 03:21:57.716  8413  8413 I LSPosed-Bridge: 	at android.app.ActivityThread$H.handleMessage(ActivityThread.java:1809)

08-09 03:21:57.716  8413  8413 I LSPosed-Bridge: 	at android.os.Handler.dispatchMessage(Handler.java:106)

08-09 03:21:57.716  8413  8413 I LSPosed-Bridge: 	at android.os.Looper.loop(Looper.java:193)

08-09 03:21:57.716  8413  8413 I LSPosed-Bridge: 	at tc3.c$a.run(SentryPlus.java:1)

08-09 03:21:57.716  8413  8413 I LSPosed-Bridge: 	at android.os.Handler.handleCallback(Handler.java:873)

08-09 03:21:57.716  8413  8413 I LSPosed-Bridge: 	at android.os.Handler.dispatchMessage(Handler.java:99)

08-09 03:21:57.716  8413  8413 I LSPosed-Bridge: 	at android.os.Looper.loop(Looper.java:193)

08-09 03:21:57.716  8413  8413 I LSPosed-Bridge: 	at android.app.ActivityThread.main(ActivityThread.java:6692)

08-09 03:21:57.716  8413  8413 I LSPosed-Bridge: 	at java.lang.reflect.Method.invoke(Native Method)

08-09 03:21:57.716  8413  8413 I LSPosed-Bridge: 	at com.android.internal.os.RuntimeInit$MethodAndArgsCaller.run(RuntimeInit.java:493)

08-09 03:21:57.716  8413  8413 I LSPosed-Bridge: 	at com.android.internal.os.ZygoteInit.main(ZygoteInit.java:858)

08-09 03:21:57.716  1574  1859 I LSPosed-Bridge: 8413 PermLabel 10138 AMS.checkPermission: Binder.getCallingPid() = 8413; uid = 10138; Binder.getCallingUid() = 10138; getNameForUid: com.xingin.xhs; getPackagesForUid: [com.xingin.xhs]; permName: android.permission.GET_TASKS; type = 0; res = -1; stacktrace=java.lang.Exception

08-09 03:21:57.716  1574  1859 I LSPosed-Bridge: 	at com.example.permlabel.requirePerm$1$2.afterHookedMethod(requirePerm.java:132)

08-09 03:21:57.716  1574  1859 I LSPosed-Bridge: 	at de.robv.android.xposed.XposedBridge$AdditionalHookInfo.callback(Unknown Source:147)

08-09 03:21:57.716  1574  1859 I LSPosed-Bridge: 	at LSPHooker_.checkPermission(Unknown Source:25)

08-09 03:21:57.716  1574  1859 I LSPosed-Bridge: 	at com.android.server.am.ActivityManagerService.isGetTasksAllowed(ActivityManagerService.java:10902)

08-09 03:21:57.716  1574  1859 I LSPosed-Bridge: 	at com.android.server.am.ActivityManagerService.getFilteredTasks(ActivityManagerService.java:10884)

08-09 03:21:57.716  1574  1859 I LSPosed-Bridge: 	at com.android.server.am.ActivityManagerService.getTasks(ActivityManagerService.java:10872)

08-09 03:21:57.716  1574  1859 I LSPosed-Bridge: 	at android.app.IActivityManager$Stub.onTransact(IActivityManager.java:288)

08-09 03:21:57.716  1574  1859 I LSPosed-Bridge: 	at com.android.server.am.ActivityManagerService.onTransact(ActivityManagerService.java:3346)

08-09 03:21:57.716  1574  1859 I LSPosed-Bridge: 	at android.os.Binder.execTransact(Binder.java:731)

08-09 03:22:01.480  1574  6898 I LSPosed-Bridge: 8413 PermLabel 10138 AMS.checkPermission: Binder.getCallingPid() = 8413; uid = 10138; Binder.getCallingUid() = 10138; getNameForUid: com.xingin.xhs; getPackagesForUid: [com.xingin.xhs]; permName: android.permission.GET_TASKS; type = 0; res = -1; stacktrace=java.lang.Exception

08-09 03:22:01.480  1574  6898 I LSPosed-Bridge: 	at com.example.permlabel.requirePerm$1$2.afterHookedMethod(requirePerm.java:132)

08-09 03:22:01.480  1574  6898 I LSPosed-Bridge: 	at de.robv.android.xposed.XposedBridge$AdditionalHookInfo.callback(Unknown Source:147)

08-09 03:22:01.480  1574  6898 I LSPosed-Bridge: 	at LSPHooker_.checkPermission(Unknown Source:25)

08-09 03:22:01.480  1574  6898 I LSPosed-Bridge: 	at com.android.server.am.ActivityManagerService.isGetTasksAllowed(ActivityManagerService.java:10902)

08-09 03:22:01.480  1574  6898 I LSPosed-Bridge: 	at com.android.server.am.ActivityManagerService.getFilteredTasks(ActivityManagerService.java:10884)

08-09 03:22:01.480  1574  6898 I LSPosed-Bridge: 	at com.android.server.am.ActivityManagerService.getTasks(ActivityManagerService.java:10872)

08-09 03:22:01.480  1574  6898 I LSPosed-Bridge: 	at android.app.IActivityManager$Stub.onTransact(IActivityManager.java:288)

08-09 03:22:01.480  1574  6898 I LSPosed-Bridge: 	at com.android.server.am.ActivityManagerService.onTransact(ActivityManagerService.java:3346)

08-09 03:22:01.480  1574  6898 I LSPosed-Bridge: 	at android.os.Binder.execTransact(Binder.java:731)

08-09 03:22:01.480  8413 17143 I LSPosed-Bridge: 8413 PermLabel hookBinder_test 10138 interfaceBinder =cn.jiguang.android.IDataShare; arg0 = 3; arg1 = android.os.Parcel@7a54998; arg2 = android.os.Parcel@15cd5f1; arg3 = 0; res = true; stacktrace=java.lang.Exception

08-09 03:22:01.480  8413 17143 I LSPosed-Bridge: 	at com.example.permlabel.hookBinder_test$1.afterHookedMethod(hookBinder_test.java:63)

08-09 03:22:01.480  8413 17143 I LSPosed-Bridge: 	at de.robv.android.xposed.XposedBridge$AdditionalHookInfo.callback(Unknown Source:147)

08-09 03:22:01.480  8413 17143 I LSPosed-Bridge: 	at LSPHooker_.transact(Unknown Source:28)

08-09 03:22:01.480  8413 17143 I LSPosed-Bridge: 	at cn.jiguang.android.IDataShare$Stub$a.execute(Unknown Source:36)

08-09 03:22:01.480  8413 17143 I LSPosed-Bridge: 	at cn.jiguang.c.b.b(Unknown Source:88)

08-09 03:22:01.480  8413 17143 I LSPosed-Bridge: 	at cn.jiguang.c.b.onEvent(Unknown Source:199)

08-09 03:22:01.480  8413 17143 I LSPosed-Bridge: 	at cn.jiguang.internal.JCoreInternalHelper.onEvent(Unknown Source:12)

08-09 03:22:01.480  8413 17143 I LSPosed-Bridge: 	at cn.jiguang.api.JCoreManager.onEvent(Unknown Source:68)

08-09 03:22:01.480  8413 17143 I LSPosed-Bridge: 	at cn.jiguang.api.JCoreManager.onEvent(Unknown Source:14)

08-09 03:22:01.480  8413 17143 I LSPosed-Bridge: 	at cn.jiguang.ap.f.b(Unknown Source:35)

08-09 03:22:01.480  8413 17143 I LSPosed-Bridge: 	at cn.jiguang.ap.f.d(Unknown Source:6)

08-09 03:22:01.480  8413 17143 I LSPosed-Bridge: 	at cn.jiguang.ap.i.c(Unknown Source:248)

08-09 03:22:01.480  8413 17143 I LSPosed-Bridge: 	at cn.jiguang.ap.i.b(Unknown Source:45)

08-09 03:22:01.480  8413 17143 I LSPosed-Bridge: 	at cn.jiguang.ap.i.a(Unknown Source:46)

08-09 03:22:01.480  8413 17143 I LSPosed-Bridge: 	at cn.jiguang.ap.i.g(Unknown Source:0)

08-09 03:22:01.480  8413 17143 I LSPosed-Bridge: 	at cn.jiguang.ap.i.c(Unknown Source:0)

08-09 03:22:01.480  8413 17143 I LSPosed-Bridge: 	at cn.jiguang.ap.i$1.run(Unknown Source:309)

08-09 03:22:01.480  8413 17143 I LSPosed-Bridge: 	at cn.jiguang.ap.f$1.a(Unknown Source:4)

08-09 03:22:01.480  8413 17143 I LSPosed-Bridge: 	at cn.jiguang.bn.b.run(Unknown Source:9)

08-09 03:22:01.480  8413 17143 I LSPosed-Bridge: 	at java.util.concurrent.ThreadPoolExecutor.runWorker(ThreadPoolExecutor.java:1167)

08-09 03:22:01.480  8413 17143 I LSPosed-Bridge: 	at java.util.concurrent.ThreadPoolExecutor$Worker.run(ThreadPoolExecutor.java:641)

08-09 03:22:01.480  8413 17143 I LSPosed-Bridge: 	at java.lang.Thread.run(Thread.java:764)

08-09 03:22:05.314  8413 17143 I LSPosed-Bridge: 8413 PermLabel hookBinder_test 10138 interfaceBinder =cn.jiguang.android.IDataShare; arg0 = 3; arg1 = android.os.Parcel@cf6551c; arg2 = android.os.Parcel@15cd5f1; arg3 = 0; res = true; stacktrace=java.lang.Exception

08-09 03:22:05.314  8413 17143 I LSPosed-Bridge: 	at com.example.permlabel.hookBinder_test$1.afterHookedMethod(hookBinder_test.java:63)

08-09 03:22:05.314  8413 17143 I LSPosed-Bridge: 	at de.robv.android.xposed.XposedBridge$AdditionalHookInfo.callback(Unknown Source:147)

08-09 03:22:05.314  8413 17143 I LSPosed-Bridge: 	at LSPHooker_.transact(Unknown Source:28)

08-09 03:22:05.314  8413 17143 I LSPosed-Bridge: 	at cn.jiguang.android.IDataShare$Stub$a.execute(Unknown Source:36)

08-09 03:22:05.314  8413 17143 I LSPosed-Bridge: 	at cn.jiguang.c.b.b(Unknown Source:88)

08-09 03:22:05.314  8413 17143 I LSPosed-Bridge: 	at cn.jiguang.c.b.onEvent(Unknown Source:199)

08-09 03:22:05.314  8413 17143 I LSPosed-Bridge: 	at cn.jiguang.internal.JCoreInternalHelper.onEvent(Unknown Source:12)

08-09 03:22:05.314  8413 17143 I LSPosed-Bridge: 	at cn.jiguang.api.JCoreManager.onEvent(Unknown Source:68)

08-09 03:22:05.314  8413 17143 I LSPosed-Bridge: 	at cn.jiguang.api.JCoreManager.onEvent(Unknown Source:14)

08-09 03:22:05.314  8413 17143 I LSPosed-Bridge: 	at cn.jiguang.ap.f.b(Unknown Source:35)

08-09 03:22:05.314  8413 17143 I LSPosed-Bridge: 	at cn.jiguang.ap.f.d(Unknown Source:6)

08-09 03:22:05.314  8413 17143 I LSPosed-Bridge: 	at cn.jiguang.ap.i.c(Unknown Source:248)

08-09 03:22:05.314  8413 17143 I LSPosed-Bridge: 	at cn.jiguang.ap.i.b(Unknown Source:45)

08-09 03:22:05.314  8413 17143 I LSPosed-Bridge: 	at cn.jiguang.ap.i.a(Unknown Source:46)

08-09 03:22:05.314  8413 17143 I LSPosed-Bridge: 	at cn.jiguang.ap.i.g(Unknown Source:0)

08-09 03:22:05.314  8413 17143 I LSPosed-Bridge: 	at cn.jiguang.ap.i.c(Unknown Source:0)

08-09 03:22:05.314  8413 17143 I LSPosed-Bridge: 	at cn.jiguang.ap.i$1.run(Unknown Source:309)

08-09 03:22:05.314  8413 17143 I LSPosed-Bridge: 	at cn.jiguang.ap.f$1.a(Unknown Source:4)

08-09 03:22:05.314  8413 17143 I LSPosed-Bridge: 	at cn.jiguang.bn.b.run(Unknown Source:9)

08-09 03:22:05.314  8413 17143 I LSPosed-Bridge: 	at java.util.concurrent.ThreadPoolExecutor.runWorker(ThreadPoolExecutor.java:1167)

08-09 03:22:05.314  8413 17143 I LSPosed-Bridge: 	at java.util.concurrent.ThreadPoolExecutor$Worker.run(ThreadPoolExecutor.java:641)

08-09 03:22:05.314  8413 17143 I LSPosed-Bridge: 	at java.lang.Thread.run(Thread.java:764)

08-09 03:22:05.314  1574  2530 I LSPosed-Bridge: 8413 PermLabel 10138 AMS.checkPermission: Binder.getCallingPid() = 8413; uid = 10138; Binder.getCallingUid() = 10138; getNameForUid: com.xingin.xhs; getPackagesForUid: [com.xingin.xhs]; permName: android.permission.GET_TASKS; type = 0; res = -1; stacktrace=java.lang.Exception

08-09 03:22:05.314  1574  2530 I LSPosed-Bridge: 	at com.example.permlabel.requirePerm$1$2.afterHookedMethod(requirePerm.java:132)

08-09 03:22:05.314  1574  2530 I LSPosed-Bridge: 	at de.robv.android.xposed.XposedBridge$AdditionalHookInfo.callback(Unknown Source:147)

08-09 03:22:05.314  1574  2530 I LSPosed-Bridge: 	at LSPHooker_.checkPermission(Unknown Source:25)

08-09 03:22:05.314  1574  2530 I LSPosed-Bridge: 	at com.android.server.am.ActivityManagerService.isGetTasksAllowed(ActivityManagerService.java:10902)

08-09 03:22:05.314  1574  2530 I LSPosed-Bridge: 	at com.android.server.am.ActivityManagerService.getFilteredTasks(ActivityManagerService.java:10884)

08-09 03:22:05.314  1574  2530 I LSPosed-Bridge: 	at com.android.server.am.ActivityManagerService.getTasks(ActivityManagerService.java:10872)

08-09 03:22:05.314  1574  2530 I LSPosed-Bridge: 	at android.app.IActivityManager$Stub.onTransact(IActivityManager.java:288)

08-09 03:22:05.314  1574  2530 I LSPosed-Bridge: 	at com.android.server.am.ActivityManagerService.onTransact(ActivityManagerService.java:3346)

08-09 03:22:05.314  1574  2530 I LSPosed-Bridge: 	at android.os.Binder.execTransact(Binder.java:731)

08-09 03:22:08.980  1574  1586 I LSPosed-Bridge: 8413 PermLabel 10138 AMS.checkPermission: Binder.getCallingPid() = 8413; uid = 10138; Binder.getCallingUid() = 10138; getNameForUid: com.xingin.xhs; getPackagesForUid: [com.xingin.xhs]; permName: android.permission.GET_TASKS; type = 0; res = -1; stacktrace=java.lang.Exception

08-09 03:22:08.980  1574  1586 I LSPosed-Bridge: 	at com.example.permlabel.requirePerm$1$2.afterHookedMethod(requirePerm.java:132)

08-09 03:22:08.980  1574  1586 I LSPosed-Bridge: 	at de.robv.android.xposed.XposedBridge$AdditionalHookInfo.callback(Unknown Source:147)

08-09 03:22:08.980  1574  1586 I LSPosed-Bridge: 	at LSPHooker_.checkPermission(Unknown Source:25)

08-09 03:22:08.980  1574  1586 I LSPosed-Bridge: 	at com.android.server.am.ActivityManagerService.isGetTasksAllowed(ActivityManagerService.java:10902)

08-09 03:22:08.980  1574  1586 I LSPosed-Bridge: 	at com.android.server.am.ActivityManagerService.getFilteredTasks(ActivityManagerService.java:10884)

08-09 03:22:08.980  1574  1586 I LSPosed-Bridge: 	at com.android.server.am.ActivityManagerService.getTasks(ActivityManagerService.java:10872)

08-09 03:22:08.980  1574  1586 I LSPosed-Bridge: 	at android.app.IActivityManager$Stub.onTransact(IActivityManager.java:288)

08-09 03:22:08.980  1574  1586 I LSPosed-Bridge: 	at com.android.server.am.ActivityManagerService.onTransact(ActivityManagerService.java:3346)

08-09 03:22:08.980  1574  1586 I LSPosed-Bridge: 	at android.os.Binder.execTransact(Binder.java:731)

08-09 03:22:12.651  1574  1859 I LSPosed-Bridge: 8413 PermLabel 10138 AMS.checkPermission: Binder.getCallingPid() = 8413; uid = 10138; Binder.getCallingUid() = 10138; getNameForUid: com.xingin.xhs; getPackagesForUid: [com.xingin.xhs]; permName: android.permission.GET_TASKS; type = 0; res = -1; stacktrace=java.lang.Exception

08-09 03:22:12.651  1574  1859 I LSPosed-Bridge: 	at com.example.permlabel.requirePerm$1$2.afterHookedMethod(requirePerm.java:132)

08-09 03:22:12.651  1574  1859 I LSPosed-Bridge: 	at de.robv.android.xposed.XposedBridge$AdditionalHookInfo.callback(Unknown Source:147)

08-09 03:22:12.651  1574  1859 I LSPosed-Bridge: 	at LSPHooker_.checkPermission(Unknown Source:25)

08-09 03:22:12.651  1574  1859 I LSPosed-Bridge: 	at com.android.server.am.ActivityManagerService.isGetTasksAllowed(ActivityManagerService.java:10902)

08-09 03:22:12.651  1574  1859 I LSPosed-Bridge: 	at com.android.server.am.ActivityManagerService.getFilteredTasks(ActivityManagerService.java:10884)

08-09 03:22:12.651  1574  1859 I LSPosed-Bridge: 	at com.android.server.am.ActivityManagerService.getTasks(ActivityManagerService.java:10872)

08-09 03:22:12.651  1574  1859 I LSPosed-Bridge: 	at android.app.IActivityManager$Stub.onTransact(IActivityManager.java:288)

08-09 03:22:12.651  1574  1859 I LSPosed-Bridge: 	at com.android.server.am.ActivityManagerService.onTransact(ActivityManagerService.java:3346)

08-09 03:22:12.651  1574  1859 I LSPosed-Bridge: 	at android.os.Binder.execTransact(Binder.java:731)

08-09 03:22:12.651  8413  8413 I LSPosed-Bridge: 8413 PermLabel hookBinder_test 10138 interfaceBinder =android.view.accessibility.IAccessibilityManager; arg0 = 7; arg1 = android.os.Parcel@98e8df9; arg2 = android.os.Parcel@88a813e; arg3 = 0; res = true; stacktrace=java.lang.Exception

08-09 03:22:12.651  8413  8413 I LSPosed-Bridge: 	at com.example.permlabel.hookBinder_test$1.afterHookedMethod(hookBinder_test.java:63)

08-09 03:22:12.651  8413  8413 I LSPosed-Bridge: 	at de.robv.android.xposed.XposedBridge$AdditionalHookInfo.callback(Unknown Source:147)

08-09 03:22:12.651  8413  8413 I LSPosed-Bridge: 	at LSPHooker_.transact(Unknown Source:28)

08-09 03:22:12.651  8413  8413 I LSPosed-Bridge: 	at android.view.accessibility.IAccessibilityManager$Stub$Proxy.removeAccessibilityInteractionConnection(IAccessibilityManager.java:369)

08-09 03:22:12.651  8413  8413 I LSPosed-Bridge: 	at android.view.accessibility.AccessibilityManager.removeAccessibilityInteractionConnection(AccessibilityManager.java:1014)

08-09 03:22:12.651  8413  8413 I LSPosed-Bridge: 	at android.view.ViewRootImpl$AccessibilityInteractionConnectionManager.ensureNoConnection(ViewRootImpl.java:8225)

08-09 03:22:12.651  8413  8413 I LSPosed-Bridge: 	at android.view.ViewRootImpl.dispatchDetachedFromWindow(ViewRootImpl.java:3826)

08-09 03:22:12.651  8413  8413 I LSPosed-Bridge: 	at android.view.ViewRootImpl.doDie(ViewRootImpl.java:6775)

08-09 03:22:12.651  8413  8413 I LSPosed-Bridge: 	at android.view.ViewRootImpl.die(ViewRootImpl.java:6752)

08-09 03:22:12.651  8413  8413 I LSPosed-Bridge: 	at android.view.WindowManagerGlobal.removeViewLocked(WindowManagerGlobal.java:458)

08-09 03:22:12.651  8413  8413 I LSPosed-Bridge: 	at android.view.WindowManagerGlobal.removeView(WindowManagerGlobal.java:396)

08-09 03:22:12.651  8413  8413 I LSPosed-Bridge: 	at android.view.WindowManagerImpl.removeViewImmediate(WindowManagerImpl.java:126)

08-09 03:22:12.651  8413  8413 I LSPosed-Bridge: 	at android.app.ActivityThread.handleDestroyActivity(ActivityThread.java:4499)

08-09 03:22:12.651  8413  8413 I LSPosed-Bridge: 	at android.app.servertransaction.DestroyActivityItem.execute(DestroyActivityItem.java:39)

08-09 03:22:12.651  8413  8413 I LSPosed-Bridge: 	at android.app.servertransaction.TransactionExecutor.executeLifecycleState(TransactionExecutor.java:145)

08-09 03:22:12.651  8413  8413 I LSPosed-Bridge: 	at android.app.servertransaction.TransactionExecutor.execute(TransactionExecutor.java:70)

08-09 03:22:12.651  8413  8413 I LSPosed-Bridge: 	at android.app.ActivityThread$H.handleMessage(ActivityThread.java:1809)

08-09 03:22:12.651  8413  8413 I LSPosed-Bridge: 	at android.os.Handler.dispatchMessage(Handler.java:106)

08-09 03:22:12.651  8413  8413 I LSPosed-Bridge: 	at android.os.Looper.loop(Looper.java:193)

08-09 03:22:12.651  8413  8413 I LSPosed-Bridge: 	at tc3.c$a.run(SentryPlus.java:1)

08-09 03:22:12.651  8413  8413 I LSPosed-Bridge: 	at android.os.Handler.handleCallback(Handler.java:873)

08-09 03:22:12.651  8413  8413 I LSPosed-Bridge: 	at android.os.Handler.dispatchMessage(Handler.java:99)

08-09 03:22:12.651  8413  8413 I LSPosed-Bridge: 	at android.os.Looper.loop(Looper.java:193)

08-09 03:22:12.651  8413  8413 I LSPosed-Bridge: 	at android.app.ActivityThread.main(ActivityThread.java:6692)

08-09 03:22:12.651  8413  8413 I LSPosed-Bridge: 	at java.lang.reflect.Method.invoke(Native Method)

08-09 03:22:12.651  8413  8413 I LSPosed-Bridge: 	at com.android.internal.os.RuntimeInit$MethodAndArgsCaller.run(RuntimeInit.java:493)

08-09 03:22:12.651  8413  8413 I LSPosed-Bridge: 	at com.android.internal.os.ZygoteInit.main(ZygoteInit.java:858)

08-09 03:22:12.651  8413 17143 I LSPosed-Bridge: 8413 PermLabel hookBinder_test 10138 interfaceBinder =cn.jiguang.android.IDataShare; arg0 = 3; arg1 = android.os.Parcel@ba664ec; arg2 = android.os.Parcel@32110b5; arg3 = 0; res = true; stacktrace=java.lang.Exception

08-09 03:22:12.651  8413 17143 I LSPosed-Bridge: 	at com.example.permlabel.hookBinder_test$1.afterHookedMethod(hookBinder_test.java:63)

08-09 03:22:12.651  8413 17143 I LSPosed-Bridge: 	at de.robv.android.xposed.XposedBridge$AdditionalHookInfo.callback(Unknown Source:147)

08-09 03:22:12.651  8413 17143 I LSPosed-Bridge: 	at LSPHooker_.transact(Unknown Source:28)

08-09 03:22:12.651  8413 17143 I LSPosed-Bridge: 	at cn.jiguang.android.IDataShare$Stub$a.execute(Unknown Source:36)

08-09 03:22:12.651  8413 17143 I LSPosed-Bridge: 	at cn.jiguang.c.b.b(Unknown Source:88)

08-09 03:22:12.651  8413 17143 I LSPosed-Bridge: 	at cn.jiguang.c.b.onEvent(Unknown Source:199)

08-09 03:22:12.651  8413 17143 I LSPosed-Bridge: 	at cn.jiguang.internal.JCoreInternalHelper.onEvent(Unknown Source:12)

08-09 03:22:12.651  8413 17143 I LSPosed-Bridge: 	at cn.jiguang.api.JCoreManager.onEvent(Unknown Source:68)

08-09 03:22:12.651  8413 17143 I LSPosed-Bridge: 	at cn.jiguang.api.JCoreManager.onEvent(Unknown Source:14)

08-09 03:22:12.651  8413 17143 I LSPosed-Bridge: 	at cn.jiguang.ap.f.b(Unknown Source:35)

08-09 03:22:12.651  8413 17143 I LSPosed-Bridge: 	at cn.jiguang.ap.f.d(Unknown Source:6)

08-09 03:22:12.651  8413 17143 I LSPosed-Bridge: 	at cn.jiguang.ap.i.c(Unknown Source:248)

08-09 03:22:12.651  8413 17143 I LSPosed-Bridge: 	at cn.jiguang.ap.i.b(Unknown Source:45)

08-09 03:22:12.651  8413 17143 I LSPosed-Bridge: 	at cn.jiguang.ap.i.a(Unknown Source:46)

08-09 03:22:12.651  8413 17143 I LSPosed-Bridge: 	at cn.jiguang.ap.i.g(Unknown Source:0)

08-09 03:22:12.651  8413 17143 I LSPosed-Bridge: 	at cn.jiguang.ap.i.c(Unknown Source:0)

08-09 03:22:12.651  8413 17143 I LSPosed-Bridge: 	at cn.jiguang.ap.i$1.run(Unknown Source:309)

08-09 03:22:12.651  8413 17143 I LSPosed-Bridge: 	at cn.jiguang.ap.f$1.a(Unknown Source:4)

08-09 03:22:12.651  8413 17143 I LSPosed-Bridge: 	at cn.jiguang.bn.b.run(Unknown Source:9)

08-09 03:22:12.651  8413 17143 I LSPosed-Bridge: 	at java.util.concurrent.ThreadPoolExecutor.runWorker(ThreadPoolExecutor.java:1167)

08-09 03:22:12.651  8413 17143 I LSPosed-Bridge: 	at java.util.concurrent.ThreadPoolExecutor$Worker.run(ThreadPoolExecutor.java:641)

08-09 03:22:12.651  8413 17143 I LSPosed-Bridge: 	at java.lang.Thread.run(Thread.java:764)

08-09 03:22:16.045  1574  1859 I LSPosed-Bridge: 8413 PermLabel 10138 AMS.checkPermission: Binder.getCallingPid() = 8413; uid = 10138; Binder.getCallingUid() = 10138; getNameForUid: com.xingin.xhs; getPackagesForUid: [com.xingin.xhs]; permName: android.permission.GET_TASKS; type = 0; res = -1; stacktrace=java.lang.Exception

08-09 03:22:16.045  1574  1859 I LSPosed-Bridge: 	at com.example.permlabel.requirePerm$1$2.afterHookedMethod(requirePerm.java:132)

08-09 03:22:16.045  1574  1859 I LSPosed-Bridge: 	at de.robv.android.xposed.XposedBridge$AdditionalHookInfo.callback(Unknown Source:147)

08-09 03:22:16.045  1574  1859 I LSPosed-Bridge: 	at LSPHooker_.checkPermission(Unknown Source:25)

08-09 03:22:16.045  1574  1859 I LSPosed-Bridge: 	at com.android.server.am.ActivityManagerService.isGetTasksAllowed(ActivityManagerService.java:10902)

08-09 03:22:16.045  1574  1859 I LSPosed-Bridge: 	at com.android.server.am.ActivityManagerService.getFilteredTasks(ActivityManagerService.java:10884)

08-09 03:22:16.045  1574  1859 I LSPosed-Bridge: 	at com.android.server.am.ActivityManagerService.getTasks(ActivityManagerService.java:10872)

08-09 03:22:16.045  1574  1859 I LSPosed-Bridge: 	at android.app.IActivityManager$Stub.onTransact(IActivityManager.java:288)

08-09 03:22:16.045  1574  1859 I LSPosed-Bridge: 	at com.android.server.am.ActivityManagerService.onTransact(ActivityManagerService.java:3346)

08-09 03:22:16.045  1574  1859 I LSPosed-Bridge: 	at android.os.Binder.execTransact(Binder.java:731)

08-09 03:22:19.869  1574  6751 I LSPosed-Bridge: 8413 PermLabel 10138 AMS.checkPermission: Binder.getCallingPid() = 8413; uid = 10138; Binder.getCallingUid() = 10138; getNameForUid: com.xingin.xhs; getPackagesForUid: [com.xingin.xhs]; permName: android.permission.GET_TASKS; type = 0; res = -1; stacktrace=java.lang.Exception

08-09 03:22:19.869  1574  6751 I LSPosed-Bridge: 	at com.example.permlabel.requirePerm$1$2.afterHookedMethod(requirePerm.java:132)

08-09 03:22:19.869  1574  6751 I LSPosed-Bridge: 	at de.robv.android.xposed.XposedBridge$AdditionalHookInfo.callback(Unknown Source:147)

08-09 03:22:19.869  1574  6751 I LSPosed-Bridge: 	at LSPHooker_.checkPermission(Unknown Source:25)

08-09 03:22:19.869  1574  6751 I LSPosed-Bridge: 	at com.android.server.am.ActivityManagerService.isGetTasksAllowed(ActivityManagerService.java:10902)

08-09 03:22:19.869  1574  6751 I LSPosed-Bridge: 	at com.android.server.am.ActivityManagerService.getFilteredTasks(ActivityManagerService.java:10884)

08-09 03:22:19.869  1574  6751 I LSPosed-Bridge: 	at com.android.server.am.ActivityManagerService.getTasks(ActivityManagerService.java:10872)

08-09 03:22:19.869  1574  6751 I LSPosed-Bridge: 	at android.app.IActivityManager$Stub.onTransact(IActivityManager.java:288)

08-09 03:22:19.869  1574  6751 I LSPosed-Bridge: 	at com.android.server.am.ActivityManagerService.onTransact(ActivityManagerService.java:3346)

08-09 03:22:19.869  1574  6751 I LSPosed-Bridge: 	at android.os.Binder.execTransact(Binder.java:731)

08-09 03:22:19.869   558   558 I ConfigStore: android::hardware::configstore::V1_0::ISurfaceFlingerConfigs::hasHDRDisplay retrieved: 0

08-09 03:22:19.869  8413 17123 I LSPosed-Bridge: 8413 PermLabel hookBinder_test 10138 interfaceBinder =android.content.pm.IPackageManager; arg0 = 13; arg1 = android.os.Parcel@6116199; arg2 = android.os.Parcel@e954621; arg3 = 0; res = true; stacktrace=java.lang.Exception

08-09 03:22:19.869  8413 17123 I LSPosed-Bridge: 	at com.example.permlabel.hookBinder_test$1.afterHookedMethod(hookBinder_test.java:63)

08-09 03:22:19.869  8413 17123 I LSPosed-Bridge: 	at de.robv.android.xposed.XposedBridge$AdditionalHookInfo.callback(Unknown Source:147)

08-09 03:22:19.869  8413 17123 I LSPosed-Bridge: 	at LSPHooker_.transact(Unknown Source:28)

08-09 03:22:19.869  8413 17123 I LSPosed-Bridge: 	at android.content.pm.IPackageManager$Stub$Proxy.getApplicationInfo(IPackageManager.java:3104)

08-09 03:22:19.869  8413 17123 I LSPosed-Bridge: 	at android.app.ApplicationPackageManager.getApplicationInfoAsUser(ApplicationPackageManager.java:384)

08-09 03:22:19.869  8413 17123 I LSPosed-Bridge: 	at android.app.ApplicationPackageManager.getApplicationInfo(ApplicationPackageManager.java:377)

08-09 03:22:19.869  8413 17123 I LSPosed-Bridge: 	at m.cr.a(:com.google.android.gms.dynamite_measurementdynamite@233013028@23.30.13 (100400-0):7)

08-09 03:22:19.869  8413 17123 I LSPosed-Bridge: 	at m.ek.c(:com.google.android.gms.dynamite_measurementdynamite@233013028@23.30.13 (100400-0):42)

08-09 03:22:19.869  8413 17123 I LSPosed-Bridge: 	at m.ek.d(:com.google.android.gms.dynamite_measurementdynamite@233013028@23.30.13 (100400-0):4)

08-09 03:22:19.869  8413 17123 I LSPosed-Bridge: 	at m.ek.g(:com.google.android.gms.dynamite_measurementdynamite@233013028@23.30.13 (100400-0):6)

08-09 03:22:19.869  8413 17123 I LSPosed-Bridge: 	at m.kj.onActivitySaveInstanceState(:com.google.android.gms.dynamite_measurementdynamite@233013028@23.30.13 (100400-0):11)

08-09 03:22:19.869  8413 17123 I LSPosed-Bridge: 	at com.google.android.gms.measurement.internal.AppMeasurementDynamiteService.onActivitySaveInstanceState(:com.google.android.gms.dynamite_measurementdynamite@233013028@23.30.13 (100400-0):34)

08-09 03:22:19.869  8413 17123 I LSPosed-Bridge: 	at m.df.a(:com.google.android.gms.dynamite_measurementdynamite@233013028@23.30.13 (100400-0):97)

08-09 03:22:19.869  8413 17123 I LSPosed-Bridge: 	at m.am.onTransact(:com.google.android.gms.dynamite_measurementdynamite@233013028@23.30.13 (100400-0):21)

08-09 03:22:19.869  8413 17123 I LSPosed-Bridge: 	at android.os.Binder.transact(Binder.java:667)

08-09 03:22:19.869  8413 17123 I LSPosed-Bridge: 	at com.google.android.gms.internal.measurement.zzq.zza(Unknown Source:2)

08-09 03:22:19.869  8413 17123 I LSPosed-Bridge: 	at com.google.android.gms.internal.measurement.zzdp.onActivitySaveInstanceState(Unknown Source:5)

08-09 03:22:19.869  8413 17123 I LSPosed-Bridge: 	at com.google.android.gms.internal.measurement.zzfc.zzgd(Unknown Source:3)

08-09 03:22:19.869  8413 17123 I LSPosed-Bridge: 	at com.google.android.gms.internal.measurement.zzea$zzb.run(Unknown Source:3)

08-09 03:22:19.869  8413 17123 I LSPosed-Bridge: 	at java.util.concurrent.ThreadPoolExecutor.runWorker(ThreadPoolExecutor.java:1167)

08-09 03:22:19.869  8413 17123 I LSPosed-Bridge: 	at java.util.concurrent.ThreadPoolExecutor$Worker.run(ThreadPoolExecutor.java:641)

08-09 03:22:19.869  8413 17123 I LSPosed-Bridge: 	at java.lang.Thread.run(Thread.java:764)

08-09 03:22:23.499  1574  2530 I LSPosed-Bridge: 8413 PermLabel 10138 AMS.checkPermission: Binder.getCallingPid() = 8413; uid = 10138; Binder.getCallingUid() = 10138; getNameForUid: com.xingin.xhs; getPackagesForUid: [com.xingin.xhs]; permName: android.permission.GET_TASKS; type = 0; res = -1; stacktrace=java.lang.Exception

08-09 03:22:23.499  1574  2530 I LSPosed-Bridge: 	at com.example.permlabel.requirePerm$1$2.afterHookedMethod(requirePerm.java:132)

08-09 03:22:23.499  1574  2530 I LSPosed-Bridge: 	at de.robv.android.xposed.XposedBridge$AdditionalHookInfo.callback(Unknown Source:147)

08-09 03:22:23.499  1574  2530 I LSPosed-Bridge: 	at LSPHooker_.checkPermission(Unknown Source:25)

08-09 03:22:23.499  1574  2530 I LSPosed-Bridge: 	at com.android.server.am.ActivityManagerService.isGetTasksAllowed(ActivityManagerService.java:10902)

08-09 03:22:23.499  1574  2530 I LSPosed-Bridge: 	at com.android.server.am.ActivityManagerService.getFilteredTasks(ActivityManagerService.java:10884)

08-09 03:22:23.499  1574  2530 I LSPosed-Bridge: 	at com.android.server.am.ActivityManagerService.getTasks(ActivityManagerService.java:10872)

08-09 03:22:23.499  1574  2530 I LSPosed-Bridge: 	at android.app.IActivityManager$Stub.onTransact(IActivityManager.java:288)

08-09 03:22:23.499  1574  2530 I LSPosed-Bridge: 	at com.android.server.am.ActivityManagerService.onTransact(ActivityManagerService.java:3346)

08-09 03:22:23.499  1574  2530 I LSPosed-Bridge: 	at android.os.Binder.execTransact(Binder.java:731)

08-09 03:22:27.179  8413 17143 I LSPosed-Bridge: 8413 PermLabel hookBinder_test 10138 interfaceBinder =cn.jiguang.android.IDataShare; arg0 = 3; arg1 = android.os.Parcel@270785d; arg2 = android.os.Parcel@be2b03d; arg3 = 0; res = true; stacktrace=java.lang.Exception

08-09 03:22:27.179  8413 17143 I LSPosed-Bridge: 	at com.example.permlabel.hookBinder_test$1.afterHookedMethod(hookBinder_test.java:63)

08-09 03:22:27.179  8413 17143 I LSPosed-Bridge: 	at de.robv.android.xposed.XposedBridge$AdditionalHookInfo.callback(Unknown Source:147)

08-09 03:22:27.179  8413 17143 I LSPosed-Bridge: 	at LSPHooker_.transact(Unknown Source:28)

08-09 03:22:27.179  8413 17143 I LSPosed-Bridge: 	at cn.jiguang.android.IDataShare$Stub$a.execute(Unknown Source:36)

08-09 03:22:27.179  8413 17143 I LSPosed-Bridge: 	at cn.jiguang.c.b.a(Unknown Source:110)

08-09 03:22:27.179  8413 17143 I LSPosed-Bridge: 	at cn.jiguang.c.b.onEvent(Unknown Source:155)

08-09 03:22:27.179  8413 17143 I LSPosed-Bridge: 	at cn.jiguang.internal.JCoreInternalHelper.onEvent(Unknown Source:12)

08-09 03:22:27.179  8413 17143 I LSPosed-Bridge: 	at cn.jiguang.api.JCoreManager.onEvent(Unknown Source:68)

08-09 03:22:27.179  8413 17143 I LSPosed-Bridge: 	at cn.jiguang.api.JCoreManager.onEvent(Unknown Source:14)

08-09 03:22:27.179  8413 17143 I LSPosed-Bridge: 	at cn.jiguang.ap.f.a(Unknown Source:32)

08-09 03:22:27.179  8413 17143 I LSPosed-Bridge: 	at cn.jiguang.ap.f.a(Unknown Source:25)

08-09 03:22:27.179  8413 17143 I LSPosed-Bridge: 	at cn.jiguang.ap.i.c(Unknown Source:126)

08-09 03:22:27.179  8413 17143 I LSPosed-Bridge: 	at cn.jiguang.ap.i.b(Unknown Source:45)

08-09 03:22:27.179  8413 17143 I LSPosed-Bridge: 	at cn.jiguang.ap.i.a(Unknown Source:46)

08-09 03:22:27.179  8413 17143 I LSPosed-Bridge: 	at cn.jiguang.ap.i.g(Unknown Source:0)

08-09 03:22:27.179  8413 17143 I LSPosed-Bridge: 	at cn.jiguang.ap.i.c(Unknown Source:0)

08-09 03:22:27.179  8413 17143 I LSPosed-Bridge: 	at cn.jiguang.ap.i$1.run(Unknown Source:309)

08-09 03:22:27.179  8413 17143 I LSPosed-Bridge: 	at cn.jiguang.ap.f$1.a(Unknown Source:4)

08-09 03:22:27.179  8413 17143 I LSPosed-Bridge: 	at cn.jiguang.bn.b.run(Unknown Source:9)

08-09 03:22:27.179  8413 17143 I LSPosed-Bridge: 	at java.util.concurrent.ThreadPoolExecutor.runWorker(ThreadPoolExecutor.java:1167)

08-09 03:22:27.179  8413 17143 I LSPosed-Bridge: 	at java.util.concurrent.ThreadPoolExecutor$Worker.run(ThreadPoolExecutor.java:641)

08-09 03:22:27.179  8413 17143 I LSPosed-Bridge: 	at java.lang.Thread.run(Thread.java:764)

08-09 03:22:27.179  8413 17123 I LSPosed-Bridge: 8413 PermLabel hookBinder_test 10138 interfaceBinder =android.content.pm.IPackageManager; arg0 = 13; arg1 = android.os.Parcel@40d6173; arg2 = android.os.Parcel@28e32ed; arg3 = 0; res = true; stacktrace=java.lang.Exception

08-09 03:22:27.179  8413 17123 I LSPosed-Bridge: 	at com.example.permlabel.hookBinder_test$1.afterHookedMethod(hookBinder_test.java:63)

08-09 03:22:27.179  8413 17123 I LSPosed-Bridge: 	at de.robv.android.xposed.XposedBridge$AdditionalHookInfo.callback(Unknown Source:147)

08-09 03:22:27.179  8413 17123 I LSPosed-Bridge: 	at LSPHooker_.transact(Unknown Source:28)

08-09 03:22:27.179  8413 17123 I LSPosed-Bridge: 	at android.content.pm.IPackageManager$Stub$Proxy.getApplicationInfo(IPackageManager.java:3104)

08-09 03:22:27.179  8413 17123 I LSPosed-Bridge: 	at android.app.ApplicationPackageManager.getApplicationInfoAsUser(ApplicationPackageManager.java:384)

08-09 03:22:27.179  8413 17123 I LSPosed-Bridge: 	at android.app.ApplicationPackageManager.getApplicationInfo(ApplicationPackageManager.java:377)

08-09 03:22:27.179  8413 17123 I LSPosed-Bridge: 	at m.cr.a(:com.google.android.gms.dynamite_measurementdynamite@233013028@23.30.13 (100400-0):7)

08-09 03:22:27.179  8413 17123 I LSPosed-Bridge: 	at m.ek.c(:com.google.android.gms.dynamite_measurementdynamite@233013028@23.30.13 (100400-0):42)

08-09 03:22:27.179  8413 17123 I LSPosed-Bridge: 	at m.ek.d(:com.google.android.gms.dynamite_measurementdynamite@233013028@23.30.13 (100400-0):4)

08-09 03:22:27.179  8413 17123 I LSPosed-Bridge: 	at m.ek.g(:com.google.android.gms.dynamite_measurementdynamite@233013028@23.30.13 (100400-0):6)

08-09 03:22:27.179  8413 17123 I LSPosed-Bridge: 	at m.kj.onActivityDestroyed(:com.google.android.gms.dynamite_measurementdynamite@233013028@23.30.13 (100400-0):22)

08-09 03:22:27.179  8413 17123 I LSPosed-Bridge: 	at com.google.android.gms.measurement.internal.AppMeasurementDynamiteService.onActivityDestroyed(:com.google.android.gms.dynamite_measurementdynamite@233013028@23.30.13 (100400-0):29)

08-09 03:22:27.179  8413 17123 I LSPosed-Bridge: 	at m.df.a(:com.google.android.gms.dynamite_measurementdynamite@233013028@23.30.13 (100400-0):118)

08-09 03:22:27.179  8413 17123 I LSPosed-Bridge: 	at m.am.onTransact(:com.google.android.gms.dynamite_measurementdynamite@233013028@23.30.13 (100400-0):21)

08-09 03:22:27.179  8413 17123 I LSPosed-Bridge: 	at android.os.Binder.transact(Binder.java:667)

08-09 03:22:27.179  8413 17123 I LSPosed-Bridge: 	at com.google.android.gms.internal.measurement.zzq.zza(Unknown Source:2)

08-09 03:22:27.179  8413 17123 I LSPosed-Bridge: 	at com.google.android.gms.internal.measurement.zzdp.onActivityDestroyed(Unknown Source:4)

08-09 03:22:27.179  8413 17123 I LSPosed-Bridge: 	at com.google.android.gms.internal.measurement.zzfd.zzgd(Unknown Source:16)

08-09 03:22:27.179  8413 17123 I LSPosed-Bridge: 	at com.google.android.gms.internal.measurement.zzea$zzb.run(Unknown Source:3)

08-09 03:22:27.179  8413 17123 I LSPosed-Bridge: 	at java.util.concurrent.ThreadPoolExecutor.runWorker(ThreadPoolExecutor.java:1167)

08-09 03:22:27.179  8413 17123 I LSPosed-Bridge: 	at java.util.concurrent.ThreadPoolExecutor$Worker.run(ThreadPoolExecutor.java:641)

08-09 03:22:27.179  8413 17123 I LSPosed-Bridge: 	at java.lang.Thread.run(Thread.java:764)

08-09 03:22:27.179  1574  2530 I LSPosed-Bridge: 8413 PermLabel 10138 AMS.checkPermission: Binder.getCallingPid() = 8413; uid = 10138; Binder.getCallingUid() = 10138; getNameForUid: com.xingin.xhs; getPackagesForUid: [com.xingin.xhs]; permName: android.permission.GET_TASKS; type = 0; res = -1; stacktrace=java.lang.Exception

08-09 03:22:27.179  1574  2530 I LSPosed-Bridge: 	at com.example.permlabel.requirePerm$1$2.afterHookedMethod(requirePerm.java:132)

08-09 03:22:27.179  1574  2530 I LSPosed-Bridge: 	at de.robv.android.xposed.XposedBridge$AdditionalHookInfo.callback(Unknown Source:147)

08-09 03:22:27.179  1574  2530 I LSPosed-Bridge: 	at LSPHooker_.checkPermission(Unknown Source:25)

08-09 03:22:27.179  1574  2530 I LSPosed-Bridge: 	at com.android.server.am.ActivityManagerService.isGetTasksAllowed(ActivityManagerService.java:10902)

08-09 03:22:27.179  1574  2530 I LSPosed-Bridge: 	at com.android.server.am.ActivityManagerService.getFilteredTasks(ActivityManagerService.java:10884)

08-09 03:22:27.179  1574  2530 I LSPosed-Bridge: 	at com.android.server.am.ActivityManagerService.getTasks(ActivityManagerService.java:10872)

08-09 03:22:27.179  1574  2530 I LSPosed-Bridge: 	at android.app.IActivityManager$Stub.onTransact(IActivityManager.java:288)

08-09 03:22:27.179  1574  2530 I LSPosed-Bridge: 	at com.android.server.am.ActivityManagerService.onTransact(ActivityManagerService.java:3346)

08-09 03:22:27.179  1574  2530 I LSPosed-Bridge: 	at android.os.Binder.execTransact(Binder.java:731)

08-09 03:22:30.599  8413 17123 I LSPosed-Bridge: 8413 PermLabel hookBinder_test 10138 interfaceBinder =android.content.pm.IPackageManager; arg0 = 13; arg1 = android.os.Parcel@be2b03d; arg2 = android.os.Parcel@9b4c78a; arg3 = 0; res = true; stacktrace=java.lang.Exception

08-09 03:22:30.599  8413 17123 I LSPosed-Bridge: 	at com.example.permlabel.hookBinder_test$1.afterHookedMethod(hookBinder_test.java:63)

08-09 03:22:30.599  8413 17123 I LSPosed-Bridge: 	at de.robv.android.xposed.XposedBridge$AdditionalHookInfo.callback(Unknown Source:147)

08-09 03:22:30.599  8413 17123 I LSPosed-Bridge: 	at LSPHooker_.transact(Unknown Source:28)

08-09 03:22:30.599  8413 17123 I LSPosed-Bridge: 	at android.content.pm.IPackageManager$Stub$Proxy.getApplicationInfo(IPackageManager.java:3104)

08-09 03:22:30.599  8413 17123 I LSPosed-Bridge: 	at android.app.ApplicationPackageManager.getApplicationInfoAsUser(ApplicationPackageManager.java:384)

08-09 03:22:30.599  8413 17123 I LSPosed-Bridge: 	at android.app.ApplicationPackageManager.getApplicationInfo(ApplicationPackageManager.java:377)

