08-06 19:18:51.125  8287  9483 I LSPosed-Bridge: 	at com.ishumei.O000O00000oO.O00O0000o0OO.O000O00000oO(Unknown Source:40)

08-06 19:18:51.125  8287  9483 I LSPosed-Bridge: 	at com.ishumei.O0000O000000oO.O0000O000000oO.O0000O000000oO(Unknown Source:654)

08-06 19:18:51.125  8287  9483 I LSPosed-Bridge: 	at com.ishumei.O0000O000000oO.O000O0000OoO$1$1.O0000O000000oO(Unknown Source:44)

08-06 19:18:51.125  8287  9483 I LSPosed-Bridge: 	at com.ishumei.O0000O000000oO.O000O0000OoO$O0000O000000oO$1.run(Unknown Source:21)

08-06 19:18:51.125  8287  9483 I LSPosed-Bridge: 	at android.os.Handler.handleCallback(Handler.java:873)

08-06 19:18:51.125  8287  9483 I LSPosed-Bridge: 	at android.os.Handler.dispatchMessage(Handler.java:99)

08-06 19:18:51.125  8287  9483 I LSPosed-Bridge: 	at android.os.Looper.loop(Looper.java:193)

08-06 19:18:51.125  8287  9483 I LSPosed-Bridge: 	at android.os.HandlerThread.run(HandlerThread.java:65)

08-06 19:18:51.125  8187  8739 I doujia.phoenix:   at void m.a.n.a.b.c(boolean) (SourceFile:25)

08-06 19:18:51.125  8187  8739 I doujia.phoenix:   at java.util.concurrent.Future m.a.n.a.b.a(m.a.l, java.lang.Object, android.os.Handler, m.a.j) (SourceFile:3)

08-06 19:18:51.125  8187  8739 I doujia.phoenix:   at void s.e.g.b.b(s.e.d) (SourceFile:48)

08-06 19:18:51.125  8187  8739 I doujia.phoenix:   at java.lang.String s.c.b.e.b.a(s.c.a.a) (SourceFile:14)

08-06 19:18:51.125  8187  8739 I doujia.phoenix:   at void s.c.c.b.a.b(java.lang.String, s.c.a.a) (SourceFile:7)

08-06 19:18:51.125  8187  8739 I doujia.phoenix:   at mtopsdk.mtop.common.ApiID mtopsdk.mtop.intf.MtopBuilder.asyncRequest(s.d.c.b) (SourceFile:22)

08-06 19:18:51.125  8187  8739 I doujia.phoenix:   at mtopsdk.mtop.common.ApiID mtopsdk.mtop.intf.MtopBuilder.asyncRequest() (SourceFile:27)

08-06 19:18:51.125  8187  8739 I doujia.phoenix:   at void o.l.a.g.c.a.a(com.alibaba.fastjson.JSONArray, o.l.a.b.a.c.j) (SourceFile:36)

08-06 19:18:51.125  8187  8739 I doujia.phoenix:   at void o.l.a.g.c.a$b.upload(java.util.Collection, o.l.a.b.a.c.j) (SourceFile:12)

08-06 19:18:51.125  8187  8739 I doujia.phoenix:   at void o.l.a.b.a.c.b$a.send(int) (SourceFile:11)

08-06 19:18:51.125  8187  8739 I doujia.phoenix:   at void o.l.a.b.a.c.g$b.a() (SourceFile:7)

08-06 19:18:51.125  8187  8739 I doujia.phoenix:   at void o.l.a.b.a.c.g$d.run() (SourceFile:1)

08-06 19:18:51.125  8187  8739 I doujia.phoenix:   at void android.os.Handler.handleCallback(android.os.Message) (Handler.java:873)

08-06 19:18:51.125  8187  8739 I doujia.phoenix:   at void android.os.Handler.dispatchMessage(android.os.Message) (Handler.java:99)

08-06 19:18:51.125  8187  8739 I doujia.phoenix:   at void android.os.Looper.loop() (Looper.java:193)

08-06 19:18:51.125  8187  8739 I doujia.phoenix:   at void android.os.HandlerThread.run() (HandlerThread.java:65)

08-06 19:18:51.125  8187  8739 I doujia.phoenix: Caused by: java.lang.ClassNotFoundException: Didn't find class "android.webkit.PacProcessor" on path: DexPathList[[zip file "/data/app/com.android.chrome-2ntWflrQRroS2eHr74uk9A==/base.apk"],nativeLibraryDirectories=[/data/app/com.android.chrome-2ntWflrQRroS2eHr74uk9A==/lib/arm64, /data/app/com.android.chrome-2ntWflrQRroS2eHr74uk9A==/base.apk!/lib/arm64-v8a, /system/lib64, /vendor/lib64]]

08-06 19:18:51.125  8187  8739 I doujia.phoenix:   at java.lang.Class dalvik.system.BaseDexClassLoader.findClass(java.lang.String) (BaseDexClassLoader.java:134)

08-06 19:18:51.125  8187  8739 I doujia.phoenix:   at java.lang.Class java.lang.ClassLoader.loadClass(java.lang.String, boolean) (ClassLoader.java:379)

08-06 19:18:51.125  8187  8739 I doujia.phoenix:   at java.lang.Class java.lang.ClassLoader.loadClass(java.lang.String) (ClassLoader.java:312)

08-06 19:18:51.125  8187  8739 I doujia.phoenix:   at java.lang.Class java.lang.Class.classForName(java.lang.String, boolean, java.lang.ClassLoader) (Class.java:-2)

08-06 19:18:51.125  8187  8739 I doujia.phoenix:   at java.lang.Class java.lang.Class.forName(java.lang.String, boolean, java.lang.ClassLoader) (Class.java:453)

08-06 19:18:51.125  8187  8739 I doujia.phoenix:   at java.lang.Class android.webkit.WebViewFactory.getWebViewProviderClass(java.lang.ClassLoader) (WebViewFactory.java:176)

08-06 19:18:51.125  8187  8739 I doujia.phoenix:   at java.lang.Class android.webkit.WebViewFactory.getProviderClass() (WebViewFactory.java:459)

08-06 19:18:51.125  8187  8739 I doujia.phoenix:   at android.webkit.WebViewFactoryProvider android.webkit.WebViewFactory.getProvider() (WebViewFactory.java:251)

08-06 19:18:51.125  8187  8739 I doujia.phoenix:   at android.webkit.CookieManager android.webkit.CookieManager.getInstance() (CookieManager.java:40)

08-06 19:18:51.125  8187  8739 I doujia.phoenix:   at void m.a.q.d.e(android.content.Context) (SourceFile:11)

08-06 19:18:51.125  8187  8739 I doujia.phoenix:   at void anetwork.channel.http.NetworkSdkSetting.init(android.content.Context) (SourceFile:11)

08-06 19:18:51.125  8287  9483 I LSPosed-Bridge: 8287 PermLabel 10136 PM.checkPermission permName:android.permission.ACCESS_COARSE_LOCATION; Package name: com.yibasan.lizhifm; Result: -1; stacktrace=java.lang.Exception

08-06 19:18:51.125  8287  9483 I LSPosed-Bridge: 	at com.example.permlabel.requestPerm$1.afterHookedMethod(requestPerm.java:144)

08-06 19:18:51.125  8287  9483 I LSPosed-Bridge: 	at de.robv.android.xposed.XposedBridge$AdditionalHookInfo.callback(Unknown Source:147)

08-06 19:18:51.125  8287  9483 I LSPosed-Bridge: 	at LSPHooker_.checkPermission(Unknown Source:14)

08-06 19:18:51.125  8287  9483 I LSPosed-Bridge: 	at com.ishumei.O000O00000oO.O00O0000o0OO.O000O00000oO(Unknown Source:40)

08-06 19:18:51.125  8287  9483 I LSPosed-Bridge: 	at com.ishumei.O0000O000000oO.O0000O000000oO.O0000O000000oO(Unknown Source:654)

08-06 19:18:51.125  8287  9483 I LSPosed-Bridge: 	at com.ishumei.O0000O000000oO.O000O0000OoO$1$1.O0000O000000oO(Unknown Source:44)

08-06 19:18:51.125  8287  9483 I LSPosed-Bridge: 	at com.ishumei.O0000O000000oO.O000O0000OoO$O0000O000000oO$1.run(Unknown Source:21)

08-06 19:18:51.125  8287  9483 I LSPosed-Bridge: 	at android.os.Handler.handleCallback(Handler.java:873)

08-06 19:18:51.125  8287  9483 I LSPosed-Bridge: 	at android.os.Handler.dispatchMessage(Handler.java:99)

08-06 19:18:51.125  8287  9483 I LSPosed-Bridge: 	at android.os.Looper.loop(Looper.java:193)

08-06 19:18:51.125  8287  9483 I LSPosed-Bridge: 	at android.os.HandlerThread.run(HandlerThread.java:65)

08-06 19:18:51.125  8187  8739 I doujia.phoenix:   at void anetwork.channel.unified.UnifiedNetworkDelegate.<init>(android.content.Context) (SourceFile:3)

08-06 19:18:51.125  8187  8739 I doujia.phoenix:   at void anetwork.channel.http.HttpNetworkDelegate.<init>(android.content.Context) (SourceFile:1)

08-06 19:18:51.125  8187  8739 I doujia.phoenix:   at void m.a.n.a.b.c(boolean) (SourceFile:25)

08-06 19:18:51.125  8187  8739 I doujia.phoenix:   at java.util.concurrent.Future m.a.n.a.b.a(m.a.l, java.lang.Object, android.os.Handler, m.a.j) (SourceFile:3)

08-06 19:18:51.125  8187  8739 I doujia.phoenix:   at void s.e.g.b.b(s.e.d) (SourceFile:48)

08-06 19:18:51.125  8187  8739 I doujia.phoenix:   at java.lang.String s.c.b.e.b.a(s.c.a.a) (SourceFile:14)

08-06 19:18:51.125  8187  8739 I doujia.phoenix:   at void s.c.c.b.a.b(java.lang.String, s.c.a.a) (SourceFile:7)

08-06 19:18:51.125  8187  8739 I doujia.phoenix:   at mtopsdk.mtop.common.ApiID mtopsdk.mtop.intf.MtopBuilder.asyncRequest(s.d.c.b) (SourceFile:22)

08-06 19:18:51.125   554   554 I ConfigStore: android::hardware::configstore::V1_0::ISurfaceFlingerConfigs::hasHDRDisplay retrieved: 0

08-06 19:18:51.125  8187  8739 I doujia.phoenix:   at mtopsdk.mtop.common.ApiID mtopsdk.mtop.intf.MtopBuilder.asyncRequest() (SourceFile:27)

08-06 19:18:51.125  8187  8739 I doujia.phoenix:   at void o.l.a.g.c.a.a(com.alibaba.fastjson.JSONArray, o.l.a.b.a.c.j) (SourceFile:36)

08-06 19:18:51.125  8187  8739 I doujia.phoenix:   at void o.l.a.g.c.a$b.upload(java.util.Collection, o.l.a.b.a.c.j) (SourceFile:12)

08-06 19:18:51.125  8187  8739 I doujia.phoenix:   at void o.l.a.b.a.c.b$a.send(int) (SourceFile:11)

08-06 19:18:51.125  8187  8739 I doujia.phoenix:   at void o.l.a.b.a.c.g$b.a() (SourceFile:7)

08-06 19:18:51.125  8187  8739 I doujia.phoenix:   at void o.l.a.b.a.c.g$d.run() (SourceFile:1)

08-06 19:18:51.125  8187  8739 I doujia.phoenix:   at void android.os.Handler.handleCallback(android.os.Message) (Handler.java:873)

08-06 19:18:51.125  8187  8739 I doujia.phoenix:   at void android.os.Handler.dispatchMessage(android.os.Message) (Handler.java:99)

08-06 19:18:51.125  8187  8739 I doujia.phoenix:   at void android.os.Looper.loop() (Looper.java:193)

08-06 19:18:51.125  8187  8739 I doujia.phoenix:   at void android.os.HandlerThread.run() (HandlerThread.java:65)

08-06 19:18:51.125  8187  8739 I doujia.phoenix: 

08-06 19:18:51.127   554   554 I ConfigStore: android::hardware::configstore::V1_0::ISurfaceFlingerConfigs::hasHDRDisplay retrieved: 0

08-06 19:18:51.127  8287  9483 I LSPosed-Bridge: 8287 PermLabel hookBinder_test 10136 interfaceBinder =android.content.pm.IPackageManager; arg0 = 19; arg1 = android.os.Parcel@705ed85; arg2 = android.os.Parcel@d403dc9; arg3 = 0; res = true; stacktrace=java.lang.Exception

08-06 19:18:51.127  8287  9483 I LSPosed-Bridge: 	at com.example.permlabel.hookBinder_test$1.afterHookedMethod(hookBinder_test.java:67)

08-06 19:18:51.127  8287  9483 I LSPosed-Bridge: 	at de.robv.android.xposed.XposedBridge$AdditionalHookInfo.callback(Unknown Source:147)

08-06 19:18:51.127  8287  9483 I LSPosed-Bridge: 	at LSPHooker_.transact(Unknown Source:28)

08-06 19:18:51.127  8287  9483 I LSPosed-Bridge: 	at android.content.pm.IPackageManager$Stub$Proxy.checkPermission(IPackageManager.java:3285)

08-06 19:18:51.127  8287  9483 I LSPosed-Bridge: 	at android.app.ApplicationPackageManager.checkPermission(ApplicationPackageManager.java:581)

08-06 19:18:51.127  8287  9483 I LSPosed-Bridge: 	at java.lang.reflect.Method.invoke(Native Method)

08-06 19:18:51.127  8287  9483 I LSPosed-Bridge: 	at org.lsposed.lspd.nativebridge.HookBridge.invokeOriginalMethod(Native Method)

08-06 19:18:51.127  8287  9483 I LSPosed-Bridge: 	at de.robv.android.xposed.XposedBridge$AdditionalHookInfo.callback(Unknown Source:110)

08-06 19:18:51.127  8287  9483 I LSPosed-Bridge: 	at LSPHooker_.checkPermission(Unknown Source:14)

08-06 19:18:51.127  8287  9483 I LSPosed-Bridge: 	at com.ishumei.O000O00000oO.O000O0000OoO.O000O0000O0oO(Unknown Source:36)

08-06 19:18:51.127  8287  9483 I LSPosed-Bridge: 	at com.ishumei.O0000O000000oO.O0000O000000oO.O0000O000000oO(Unknown Source:683)

08-06 19:18:51.127  8287  9483 I LSPosed-Bridge: 	at com.ishumei.O0000O000000oO.O000O0000OoO$1$1.O0000O000000oO(Unknown Source:44)

08-06 19:18:51.127  8287  9483 I LSPosed-Bridge: 	at com.ishumei.O0000O000000oO.O000O0000OoO$O0000O000000oO$1.run(Unknown Source:21)

08-06 19:18:51.127  8287  9483 I LSPosed-Bridge: 	at android.os.Handler.handleCallback(Handler.java:873)

08-06 19:18:51.127  8287  9483 I LSPosed-Bridge: 	at android.os.Handler.dispatchMessage(Handler.java:99)

08-06 19:18:51.127  8287  9483 I LSPosed-Bridge: 	at android.os.Looper.loop(Looper.java:193)

08-06 19:18:51.127  8287  9483 I LSPosed-Bridge: 	at android.os.HandlerThread.run(HandlerThread.java:65)

08-06 19:18:51.127  8287  9483 I LSPosed-Bridge: 8287 PermLabel 10136 PM.checkPermission permName:android.permission.ACCESS_COARSE_LOCATION; Package name: com.yibasan.lizhifm; Result: -1; stacktrace=java.lang.Exception

08-06 19:18:51.127  8287  9483 I LSPosed-Bridge: 	at com.example.permlabel.requestPerm$1.afterHookedMethod(requestPerm.java:144)

08-06 19:18:51.127  8287  9483 I LSPosed-Bridge: 	at de.robv.android.xposed.XposedBridge$AdditionalHookInfo.callback(Unknown Source:147)

08-06 19:18:51.127  8287  9483 I LSPosed-Bridge: 	at LSPHooker_.checkPermission(Unknown Source:14)

08-06 19:18:51.127  8287  9483 I LSPosed-Bridge: 	at com.ishumei.O000O00000oO.O000O0000OoO.O000O0000O0oO(Unknown Source:36)

08-06 19:18:51.127  8287  9483 I LSPosed-Bridge: 	at com.ishumei.O0000O000000oO.O0000O000000oO.O0000O000000oO(Unknown Source:683)

08-06 19:18:51.127  8287  9483 I LSPosed-Bridge: 	at com.ishumei.O0000O000000oO.O000O0000OoO$1$1.O0000O000000oO(Unknown Source:44)

08-06 19:18:51.127  8287  9483 I LSPosed-Bridge: 	at com.ishumei.O0000O000000oO.O000O0000OoO$O0000O000000oO$1.run(Unknown Source:21)

08-06 19:18:51.127  8287  9483 I LSPosed-Bridge: 	at android.os.Handler.handleCallback(Handler.java:873)

08-06 19:18:51.127  8287  9483 I LSPosed-Bridge: 	at android.os.Handler.dispatchMessage(Handler.java:99)

08-06 19:18:51.127  8287  9483 I LSPosed-Bridge: 	at android.os.Looper.loop(Looper.java:193)

08-06 19:18:51.127  8287  9483 I LSPosed-Bridge: 	at android.os.HandlerThread.run(HandlerThread.java:65)

08-06 19:18:51.449   554   554 I ConfigStore: android::hardware::configstore::V1_0::ISurfaceFlingerConfigs::hasHDRDisplay retrieved: 0

08-06 19:18:51.449   554   554 I ConfigStore: android::hardware::configstore::V1_0::ISurfaceFlingerConfigs::hasHDRDisplay retrieved: 0

08-06 19:18:51.449  8287  9483 I LSPosed-Bridge: 8287 PermLabel hookBinder_test 10136 interfaceBinder =android.content.pm.IPackageManager; arg0 = 9; arg1 = android.os.Parcel@bd07066; arg2 = android.os.Parcel@ee31fa7; arg3 = 0; res = true; stacktrace=java.lang.Exception

08-06 19:18:51.449  8287  9483 I LSPosed-Bridge: 	at com.example.permlabel.hookBinder_test$1.afterHookedMethod(hookBinder_test.java:67)

08-06 19:18:51.449  8287  9483 I LSPosed-Bridge: 	at de.robv.android.xposed.XposedBridge$AdditionalHookInfo.callback(Unknown Source:147)

08-06 19:18:51.449  8287  9483 I LSPosed-Bridge: 	at LSPHooker_.transact(Unknown Source:28)

08-06 19:18:51.449  8287  9483 I LSPosed-Bridge: 	at android.content.pm.IPackageManager$Stub$Proxy.getPermissionInfo(IPackageManager.java:3008)

08-06 19:18:51.449  8287  9483 I LSPosed-Bridge: 	at android.app.ApplicationPackageManager.getPermissionInfo(ApplicationPackageManager.java:306)

08-06 19:18:51.449  8287  9483 I LSPosed-Bridge: 	at com.example.permlabel.requestPerm$2.afterHookedMethod(requestPerm.java:188)

08-06 19:18:51.449  8287  9483 I LSPosed-Bridge: 	at de.robv.android.xposed.XposedBridge$AdditionalHookInfo.callback(Unknown Source:147)

08-06 19:18:51.449  8287  9483 I LSPosed-Bridge: 	at LSPHooker_.checkPermission(Unknown Source:25)

08-06 19:18:51.449  8287  9483 I LSPosed-Bridge: 	at android.app.ContextImpl.checkSelfPermission(ContextImpl.java:1801)

08-06 19:18:51.449  8287  9483 I LSPosed-Bridge: 	at android.content.ContextWrapper.checkSelfPermission(ContextWrapper.java:759)

08-06 19:18:51.449  8287  9483 I LSPosed-Bridge: 	at com.ishumei.O000O00000oO.O0000O000000oO.O000O0000Oo0O(Unknown Source:161)

08-06 19:18:51.449  8287  9483 I LSPosed-Bridge: 	at com.ishumei.O0000O000000oO.O0000O000000oO.O0000O000000oO(Unknown Source:956)

08-06 19:18:51.449  8287  9483 I LSPosed-Bridge: 	at com.ishumei.O0000O000000oO.O000O0000OoO$1$1.O0000O000000oO(Unknown Source:44)

08-06 19:18:51.449  8287  9483 I LSPosed-Bridge: 	at com.ishumei.O0000O000000oO.O000O0000OoO$O0000O000000oO$1.run(Unknown Source:21)

08-06 19:18:51.449  8287  9483 I LSPosed-Bridge: 	at android.os.Handler.handleCallback(Handler.java:873)

08-06 19:18:51.449  8287  9483 I LSPosed-Bridge: 	at android.os.Handler.dispatchMessage(Handler.java:99)

08-06 19:18:51.449  8287  9483 I LSPosed-Bridge: 	at android.os.Looper.loop(Looper.java:193)

08-06 19:18:51.449  8287  9483 I LSPosed-Bridge: 	at android.os.HandlerThread.run(HandlerThread.java:65)

08-06 19:18:51.449  8287  9483 I LSPosed-Bridge: 8287 PermLabel 10136 ContextImpl.checkPermission: askedperm = []; permName: android.permission.ACCESS_COARSE_LOCATION; android.os.Process.myPid() = 8287; type = 1

08-06 19:18:51.450  8287  9483 I LSPosed-Bridge: 8287 PermLabel 10136 ContextImpl.checkPermission: pid = 8287; uid = 10136; Binder.getCallingPid() =8287; Binder.getCallingUid() = 10136; permName: android.permission.ACCESS_COARSE_LOCATION; type = 1; res = -1; stacktrace=java.lang.Exception

08-06 19:18:51.450  8287  9483 I LSPosed-Bridge: 8287 PermLabel 10136 ContextImpl.checkPermission: pid = 8287; uid = 10136; Binder.getCallingPid() =8287; Binder.getCallingUid() = 10136; permName: android.permission.ACCESS_COARSE_LOCATION; type = 1; res = -1; stacktrace=java.lang.Exception

08-06 19:18:51.450  8287  9483 I LSPosed-Bridge: 	at com.example.permlabel.requestPerm$2.afterHookedMethod(requestPerm.java:205)

08-06 19:18:51.450  8287  9483 I LSPosed-Bridge: 	at com.example.permlabel.requestPerm$2.afterHookedMethod(requestPerm.java:205)

08-06 19:18:51.450  8287  9483 I LSPosed-Bridge: 	at de.robv.android.xposed.XposedBridge$AdditionalHookInfo.callback(Unknown Source:147)

08-06 19:18:51.450  8287  9483 I LSPosed-Bridge: 	at de.robv.android.xposed.XposedBridge$AdditionalHookInfo.callback(Unknown Source:147)

08-06 19:18:51.450  8287  9483 I LSPosed-Bridge: 	at LSPHooker_.checkPermission(Unknown Source:25)

08-06 19:18:51.450  8287  9483 I LSPosed-Bridge: 	at LSPHooker_.checkPermission(Unknown Source:25)

08-06 19:18:51.450  8287  9483 I LSPosed-Bridge: 	at android.app.ContextImpl.checkSelfPermission(ContextImpl.java:1801)

08-06 19:18:51.450  8287  9483 I LSPosed-Bridge: 	at android.app.ContextImpl.checkSelfPermission(ContextImpl.java:1801)

08-06 19:18:51.450  8287  9483 I LSPosed-Bridge: 	at android.content.ContextWrapper.checkSelfPermission(ContextWrapper.java:759)

08-06 19:18:51.450  8287  9483 I LSPosed-Bridge: 	at android.content.ContextWrapper.checkSelfPermission(ContextWrapper.java:759)

08-06 19:18:51.450  8287  9483 I LSPosed-Bridge: 	at com.ishumei.O000O00000oO.O0000O000000oO.O000O0000Oo0O(Unknown Source:161)

08-06 19:18:51.450  8287  9483 I LSPosed-Bridge: 	at com.ishumei.O000O00000oO.O0000O000000oO.O000O0000Oo0O(Unknown Source:161)

08-06 19:18:51.450  8287  9483 I LSPosed-Bridge: 	at com.ishumei.O0000O000000oO.O0000O000000oO.O0000O000000oO(Unknown Source:956)

08-06 19:18:51.450  8287  9483 I LSPosed-Bridge: 	at com.ishumei.O0000O000000oO.O0000O000000oO.O0000O000000oO(Unknown Source:956)

08-06 19:18:51.450  8287  9483 I LSPosed-Bridge: 	at com.ishumei.O0000O000000oO.O000O0000OoO$1$1.O0000O000000oO(Unknown Source:44)

08-06 19:18:51.450  8287  9483 I LSPosed-Bridge: 	at com.ishumei.O0000O000000oO.O000O0000OoO$1$1.O0000O000000oO(Unknown Source:44)

08-06 19:18:51.450  8287  9483 I LSPosed-Bridge: 	at com.ishumei.O0000O000000oO.O000O0000OoO$O0000O000000oO$1.run(Unknown Source:21)

08-06 19:18:51.450  8287  9483 I LSPosed-Bridge: 	at com.ishumei.O0000O000000oO.O000O0000OoO$O0000O000000oO$1.run(Unknown Source:21)

08-06 19:18:51.450  8287  9483 I LSPosed-Bridge: 	at android.os.Handler.handleCallback(Handler.java:873)

08-06 19:18:51.450  8287  9483 I LSPosed-Bridge: 	at android.os.Handler.handleCallback(Handler.java:873)

08-06 19:18:51.450  8287  9483 I LSPosed-Bridge: 	at android.os.Handler.dispatchMessage(Handler.java:99)

08-06 19:18:51.450  8287  9483 I LSPosed-Bridge: 	at android.os.Handler.dispatchMessage(Handler.java:99)

08-06 19:18:51.450  8287  9483 I LSPosed-Bridge: 	at android.os.Looper.loop(Looper.java:193)

08-06 19:18:51.450  8287  9483 I LSPosed-Bridge: 	at android.os.Looper.loop(Looper.java:193)

08-06 19:18:51.450  8287  9483 I LSPosed-Bridge: 	at android.os.HandlerThread.run(HandlerThread.java:65)

08-06 19:18:51.450  8287  9483 I LSPosed-Bridge: 	at android.os.HandlerThread.run(HandlerThread.java:65)

08-06 19:18:51.450   554   554 I ConfigStore: android::hardware::configstore::V1_0::ISurfaceFlingerConfigs::hasHDRDisplay retrieved: 0

08-06 19:18:51.450   554   554 I ConfigStore: android::hardware::configstore::V1_0::ISurfaceFlingerConfigs::hasHDRDisplay retrieved: 0

08-06 19:18:51.450  8287  9483 I LSPosed-Bridge: 8287 PermLabel 10136 ContextImpl.checkPermission: pid = 8287; uid = 10136; permName: android.permission.ACCESS_COARSE_LOCATION; type = 1; res = -1; stacktrace=java.lang.Exception

08-06 19:18:51.450  8287  9483 I LSPosed-Bridge: 8287 PermLabel 10136 ContextImpl.checkPermission: pid = 8287; uid = 10136; permName: android.permission.ACCESS_COARSE_LOCATION; type = 1; res = -1; stacktrace=java.lang.Exception

08-06 19:18:51.450  8287  9483 I LSPosed-Bridge: 	at com.example.permlabel.requestPerm$2.afterHookedMethod(requestPerm.java:222)

08-06 19:18:51.450  8287  9483 I LSPosed-Bridge: 	at com.example.permlabel.requestPerm$2.afterHookedMethod(requestPerm.java:222)

08-06 19:18:51.450  8287  9483 I LSPosed-Bridge: 	at de.robv.android.xposed.XposedBridge$AdditionalHookInfo.callback(Unknown Source:147)

08-06 19:18:51.450  8287  9483 I LSPosed-Bridge: 	at de.robv.android.xposed.XposedBridge$AdditionalHookInfo.callback(Unknown Source:147)

08-06 19:18:51.450  8287  9483 I LSPosed-Bridge: 	at LSPHooker_.checkPermission(Unknown Source:25)

08-06 19:18:51.450  8287  9483 I LSPosed-Bridge: 	at LSPHooker_.checkPermission(Unknown Source:25)

08-06 19:18:51.450  8287  9483 I LSPosed-Bridge: 	at android.app.ContextImpl.checkSelfPermission(ContextImpl.java:1801)

08-06 19:18:51.450  8287  9483 I LSPosed-Bridge: 	at android.app.ContextImpl.checkSelfPermission(ContextImpl.java:1801)

08-06 19:18:51.450  8287  9483 I LSPosed-Bridge: 	at android.content.ContextWrapper.checkSelfPermission(ContextWrapper.java:759)

08-06 19:18:51.450  8287  9483 I LSPosed-Bridge: 	at android.content.ContextWrapper.checkSelfPermission(ContextWrapper.java:759)

08-06 19:18:51.450  8287  9483 I LSPosed-Bridge: 	at com.ishumei.O000O00000oO.O0000O000000oO.O000O0000Oo0O(Unknown Source:161)

08-06 19:18:51.450  8287  9483 I LSPosed-Bridge: 	at com.ishumei.O000O00000oO.O0000O000000oO.O000O0000Oo0O(Unknown Source:161)

08-06 19:18:51.450  8287  9483 I LSPosed-Bridge: 	at com.ishumei.O0000O000000oO.O0000O000000oO.O0000O000000oO(Unknown Source:956)

08-06 19:18:51.450  8287  9483 I LSPosed-Bridge: 	at com.ishumei.O0000O000000oO.O0000O000000oO.O0000O000000oO(Unknown Source:956)

08-06 19:18:51.450  8287  9483 I LSPosed-Bridge: 	at com.ishumei.O0000O000000oO.O000O0000OoO$1$1.O0000O000000oO(Unknown Source:44)

08-06 19:18:51.450  8287  9483 I LSPosed-Bridge: 	at com.ishumei.O0000O000000oO.O000O0000OoO$1$1.O0000O000000oO(Unknown Source:44)

08-06 19:18:51.450  8287  9483 I LSPosed-Bridge: 	at com.ishumei.O0000O000000oO.O000O0000OoO$O0000O000000oO$1.run(Unknown Source:21)

08-06 19:18:51.450  8287  9483 I LSPosed-Bridge: 	at com.ishumei.O0000O000000oO.O000O0000OoO$O0000O000000oO$1.run(Unknown Source:21)

08-06 19:18:51.450  8287  9483 I LSPosed-Bridge: 	at android.os.Handler.handleCallback(Handler.java:873)

08-06 19:18:51.450  8287  9483 I LSPosed-Bridge: 	at android.os.Handler.handleCallback(Handler.java:873)

08-06 19:18:51.450  8287  9483 I LSPosed-Bridge: 	at android.os.Handler.dispatchMessage(Handler.java:99)

08-06 19:18:51.450  8287  9483 I LSPosed-Bridge: 	at android.os.Handler.dispatchMessage(Handler.java:99)

08-06 19:18:51.450  8287  9483 I LSPosed-Bridge: 	at android.os.Looper.loop(Looper.java:193)

08-06 19:18:51.450  8287  9483 I LSPosed-Bridge: 	at android.os.Looper.loop(Looper.java:193)

08-06 19:18:51.450  8287  9483 I LSPosed-Bridge: 	at android.os.HandlerThread.run(HandlerThread.java:65)

08-06 19:18:51.450  8287  9483 I LSPosed-Bridge: 	at android.os.HandlerThread.run(HandlerThread.java:65)

08-06 19:18:51.512  1531  6247 I LSPosed-Bridge: 8287 PermLabel 10136 AMS.checkPermission: Binder.getCallingPid() = 1886; uid = 10136; Binder.getCallingUid() = 1001; getNameForUid: android.uid.phone:1001; getPackagesForUid: [com.android.phone, com.qualcomm.qti.networksetting, com.qualcomm.qti.lpa, com.qualcomm.qcrilmsgtunnel, com.qti.confuridialer, com.qualcomm.qti.uim, com.qualcomm.qti.ims, com.qualcomm.qti.telephonyservice, com.qualcomm.qti.callfeaturessetting, com.android.mms.service, com.qti.qualcomm.datastatusnotification, com.qualcomm.simcontacts, com.qti.xdivert, com.android.stk, com.qti.qualcomm.deviceinfo, com.qualcomm.qti.autoregistration, org.codeaurora.ims, com.android.providers.telephony]; permName: android.permission.ACCESS_COARSE_LOCATION; type = 1; res = -1; stacktrace=java.lang.Exception

08-06 19:18:51.512  1531  6247 I LSPosed-Bridge: 	at com.example.permlabel.requirePerm$1$2.afterHookedMethod(requirePerm.java:142)

08-06 19:18:51.512  1531  6247 I LSPosed-Bridge: 	at de.robv.android.xposed.XposedBridge$AdditionalHookInfo.callback(Unknown Source:147)

08-06 19:18:51.512  1531  6247 I LSPosed-Bridge: 	at LSPHooker_.checkPermission(Unknown Source:25)

08-06 19:18:51.512  1531  6247 I LSPosed-Bridge: 	at android.app.IActivityManager$Stub.onTransact(IActivityManager.java:664)

08-06 19:18:51.512  1531  6247 I LSPosed-Bridge: 	at com.android.server.am.ActivityManagerService.onTransact(ActivityManagerService.java:3346)

08-06 19:18:51.512  1531  6247 I LSPosed-Bridge: 	at android.os.Binder.execTransact(Binder.java:731)

08-06 19:18:51.517  2140  2140 I QcrilOemhookMsgTunnel: [1]invokeOemRilRequestRaw: serial=1159 length=24

08-06 19:18:51.517  8287  9471 I LSPosed-Bridge: 8287 PermLabel 10136; permName: android.permission.ACCESS_COARSE_LOCATION; getAllCellInfo res = null; stacktrace=java.lang.Exception

08-06 19:18:51.517  8287  9471 I LSPosed-Bridge: 	at com.example.permlabel.hookLocationExtra_test$4.afterHookedMethod(hookLocationExtra_test.java:78)

08-06 19:18:51.517  8287  9471 I LSPosed-Bridge: 	at de.robv.android.xposed.XposedBridge$AdditionalHookInfo.callback(Unknown Source:147)

08-06 19:18:51.517  8287  9471 I LSPosed-Bridge: 	at LSPHooker_.getAllCellInfo(Unknown Source:8)

08-06 19:18:51.517  8287  9471 I LSPosed-Bridge: 	at com.yibasan.lizhifm.asmhook.PrivacyMethodHook.getAllCellInfo(SourceFile:5)

08-06 19:18:51.517  8287  9471 I LSPosed-Bridge: 	at com.yibasan.lizhifm.sdk.platformtools.h.b(SourceFile:3)

08-06 19:18:51.517  8287  9471 I LSPosed-Bridge: 	at com.yibasan.lizhifm.netcheck.c.q.k(SourceFile:7)

08-06 19:18:51.517  8287  9471 I LSPosed-Bridge: 	at com.yibasan.lizhifm.netcheck.c.q.e(SourceFile:37)

08-06 19:18:51.517  8287  9471 I LSPosed-Bridge: 	at com.yibasan.lizhifm.netcheck.checker.netchecktask.d.n(SourceFile:6)

08-06 19:18:51.517  8287  9471 I LSPosed-Bridge: 	at com.yibasan.lizhifm.netcheck.checker.netchecktask.d.h(SourceFile:1)

08-06 19:18:51.517  8287  9471 I LSPosed-Bridge: 	at com.yibasan.lizhifm.netcheck.checker.netchecktask.d$a.run(SourceFile:1)

08-06 19:18:51.517  8287  9471 I LSPosed-Bridge: 	at com.yibasan.lizhifm.sdk.platformtools.executor.j$b.a(SourceFile:1)

08-06 19:18:51.517  8287  9471 I LSPosed-Bridge: 	at com.yibasan.lizhifm.sdk.platformtools.executor.j$b.accept(SourceFile:1)

08-06 19:18:51.517  8287  9471 I LSPosed-Bridge: 	at io.reactivex.internal.observers.LambdaObserver.onNext(SourceFile:2)

08-06 19:18:51.517  8287  9471 I LSPosed-Bridge: 	at io.reactivex.internal.operators.observable.ObservableObserveOn$ObserveOnObserver.drainNormal(SourceFile:11)

08-06 19:18:51.517  8287  9471 I LSPosed-Bridge: 	at io.reactivex.internal.operators.observable.ObservableObserveOn$ObserveOnObserver.run(SourceFile:3)

08-06 19:18:51.517  8287  9471 I LSPosed-Bridge: 	at io.reactivex.internal.schedulers.ScheduledRunnable.run(SourceFile:2)

08-06 19:18:51.517  8287  9471 I LSPosed-Bridge: 	at io.reactivex.internal.schedulers.ScheduledRunnable.call(SourceFile:1)

08-06 19:18:51.517  8287  9471 I LSPosed-Bridge: 	at java.util.concurrent.FutureTask.run(FutureTask.java:266)

08-06 19:18:51.517  8287  9471 I LSPosed-Bridge: 	at java.util.concurrent.ScheduledThreadPoolExecutor$ScheduledFutureTask.run(ScheduledThreadPoolExecutor.java:301)

08-06 19:18:51.517  8287  9471 I LSPosed-Bridge: 	at java.util.concurrent.ThreadPoolExecutor.runWorker(ThreadPoolExecutor.java:1167)

08-06 19:18:51.517  8287  9471 I LSPosed-Bridge: 	at java.util.concurrent.ThreadPoolExecutor$Worker.run(ThreadPoolExecutor.java:641)

08-06 19:18:51.517  8287  9471 I LSPosed-Bridge: 	at java.lang.Thread.run(Thread.java:764)

08-06 19:18:51.517  8287  9415 I LSPosed-Bridge: 8287 PermLabel hookBinder_test 10136 interfaceBinder =android.content.pm.IPackageManager; arg0 = 9; arg1 = android.os.Parcel@7f58654; arg2 = android.os.Parcel@705ed85; arg3 = 0; res = true; stacktrace=java.lang.Exception

08-06 19:18:51.517  8287  9415 I LSPosed-Bridge: 	at com.example.permlabel.hookBinder_test$1.afterHookedMethod(hookBinder_test.java:67)

08-06 19:18:51.517  8287  9415 I LSPosed-Bridge: 	at de.robv.android.xposed.XposedBridge$AdditionalHookInfo.callback(Unknown Source:147)

08-06 19:18:51.517  8287  9415 I LSPosed-Bridge: 	at LSPHooker_.transact(Unknown Source:28)

08-06 19:18:51.517  8287  9415 I LSPosed-Bridge: 	at android.content.pm.IPackageManager$Stub$Proxy.getPermissionInfo(IPackageManager.java:3008)

08-06 19:18:51.517  8287  9415 I LSPosed-Bridge: 	at android.app.ApplicationPackageManager.getPermissionInfo(ApplicationPackageManager.java:306)

08-06 19:18:51.517  8287  9415 I LSPosed-Bridge: 	at com.example.permlabel.requestPerm$2.afterHookedMethod(requestPerm.java:188)

08-06 19:18:51.517  8287  9415 I LSPosed-Bridge: 	at de.robv.android.xposed.XposedBridge$AdditionalHookInfo.callback(Unknown Source:147)

08-06 19:18:51.517  8287  9415 I LSPosed-Bridge: 	at LSPHooker_.checkPermission(Unknown Source:25)

08-06 19:18:51.517  8287  9415 I LSPosed-Bridge: 	at android.content.ContextWrapper.checkPermission(ContextWrapper.java:738)

08-06 19:18:51.517  8287  9415 I LSPosed-Bridge: 	at androidx.core.content.ContextCompat.checkSelfPermission(SourceFile:1)

08-06 19:18:51.517  8287  9415 I LSPosed-Bridge: 	at java.lang.reflect.Method.invoke(Native Method)

08-06 19:18:51.517  8287  9415 I LSPosed-Bridge: 	at com.sensorsdata.analytics.android.sdk.util.SensorsDataUtils.checkHasPermission(SourceFile:8)

08-06 19:18:51.517  8287  9415 I LSPosed-Bridge: 	at com.sensorsdata.analytics.android.sdk.util.SensorsDataUtils.getCarrier(SourceFile:1)

08-06 19:18:51.517  8287  9415 I LSPosed-Bridge: 	at com.sensorsdata.analytics.android.sdk.AbstractSensorsDataAPI.getCarrier(SourceFile:2)

08-06 19:18:51.517  8287  9415 I LSPosed-Bridge: 	at com.sensorsdata.analytics.android.sdk.AbstractSensorsDataAPI.trackEvent(SourceFile:20)

08-06 19:18:51.517  8287  9415 I LSPosed-Bridge: 	at com.sensorsdata.analytics.android.sdk.SensorsDataAPI$11.run(SourceFile:2)

08-06 19:18:51.517  8287  9415 I LSPosed-Bridge: 	at java.util.concurrent.ThreadPoolExecutor.runWorker(ThreadPoolExecutor.java:1167)

08-06 19:18:51.517  8287  9415 I LSPosed-Bridge: 	at java.util.concurrent.ThreadPoolExecutor$Worker.run(ThreadPoolExecutor.java:641)

08-06 19:18:51.517  8287  9415 I LSPosed-Bridge: 	at java.lang.Thread.run(Thread.java:764)

08-06 19:18:51.517  8287  9415 I LSPosed-Bridge: 8287 PermLabel 10136 ContextImpl Binder.getCallingPid() = 8287; Binder.getCallingUid() = 10136; permName: android.permission.READ_PHONE_STATE; res = -1; stacktrace=java.lang.Exception

08-06 19:18:51.517  8287  9415 I LSPosed-Bridge: 	at com.example.permlabel.requestPerm$2.afterHookedMethod(requestPerm.java:198)

08-06 19:18:51.517  8287  9415 I LSPosed-Bridge: 	at de.robv.android.xposed.XposedBridge$AdditionalHookInfo.callback(Unknown Source:147)

08-06 19:18:51.517  8287  9415 I LSPosed-Bridge: 	at LSPHooker_.checkPermission(Unknown Source:25)

08-06 19:18:51.517  8287  9415 I LSPosed-Bridge: 	at android.content.ContextWrapper.checkPermission(ContextWrapper.java:738)

08-06 19:18:51.517  8287  9415 I LSPosed-Bridge: 	at androidx.core.content.ContextCompat.checkSelfPermission(SourceFile:1)

08-06 19:18:51.517  8287  9415 I LSPosed-Bridge: 	at java.lang.reflect.Method.invoke(Native Method)

08-06 19:18:51.517  8287  9415 I LSPosed-Bridge: 	at com.sensorsdata.analytics.android.sdk.util.SensorsDataUtils.checkHasPermission(SourceFile:8)

08-06 19:18:51.517  8287  9415 I LSPosed-Bridge: 	at com.sensorsdata.analytics.android.sdk.util.SensorsDataUtils.getCarrier(SourceFile:1)

08-06 19:18:51.517  8287  9415 I LSPosed-Bridge: 	at com.sensorsdata.analytics.android.sdk.AbstractSensorsDataAPI.getCarrier(SourceFile:2)

08-06 19:18:51.517  8287  9415 I LSPosed-Bridge: 	at com.sensorsdata.analytics.android.sdk.AbstractSensorsDataAPI.trackEvent(SourceFile:20)

08-06 19:18:51.517  8287  9415 I LSPosed-Bridge: 	at com.sensorsdata.analytics.android.sdk.SensorsDataAPI$11.run(SourceFile:2)

08-06 19:18:51.517  8287  9415 I LSPosed-Bridge: 	at java.util.concurrent.ThreadPoolExecutor.runWorker(ThreadPoolExecutor.java:1167)

08-06 19:18:51.517  8287  9415 I LSPosed-Bridge: 	at java.util.concurrent.ThreadPoolExecutor$Worker.run(ThreadPoolExecutor.java:641)

08-06 19:18:51.517  8287  9415 I LSPosed-Bridge: 	at java.lang.Thread.run(Thread.java:764)

08-06 19:19:02.320   554   554 I ConfigStore: android::hardware::configstore::V1_0::ISurfaceFlingerConfigs::hasHDRDisplay retrieved: 0

08-06 19:19:02.320 11024 11024 I LSPosed-Bridge: 11024 PermLabel 10136 permission_group_mapping =android.permission.ACCESS_COARSE_LOCATION Location
