07-22 23:27:27.526 14718 14833 I LSPosed-Bridge: 	at f.a.j2.a$a.run(:5)

07-22 23:27:27.526 14718 14833 I LSPosed-Bridge: 	at f.a.j2.a$a.run(:5)

07-22 23:27:27.526 14718 14833 I LSPosed-Bridge: 	at f.a.j2.a$a.run(:5)

07-22 23:27:27.526 14718 14833 I LSPosed-Bridge: 	at f.a.j2.a$a.run(:5)

07-22 23:27:27.526 14718 14833 I LSPosed-Bridge: 14718 PermLabel 10147 ContextImpl.checkPermission: askedperm = []; permName: android.permission.READ_PHONE_STATE; android.os.Process.myPid() = 14718; type = 1

07-22 23:27:27.526 14718 14833 I LSPosed-Bridge: 14718 PermLabel 10147 ContextImpl.checkPermission: askedperm = []; permName: android.permission.READ_PHONE_STATE; android.os.Process.myPid() = 14718; type = 1

07-22 23:27:27.526 14718 14833 I LSPosed-Bridge: 14718 PermLabel 10147 ContextImpl.checkPermission: askedperm = []; permName: android.permission.READ_PHONE_STATE; android.os.Process.myPid() = 14718; type = 1

07-22 23:27:27.526 14718 14833 I LSPosed-Bridge: 14718 PermLabel 10147 ContextImpl.checkPermission: askedperm = []; permName: android.permission.READ_PHONE_STATE; android.os.Process.myPid() = 14718; type = 1

07-22 23:27:27.526 14718 14756 I LSPosed-Bridge: 14718 PermLabel hookBinder_test 10147 interfaceBinder =android.content.pm.IPackageManager; arg0 = 34; arg1 = android.os.Parcel@4622d12; arg2 = android.os.Parcel@e2f032b; arg3 = 0; res = true; stacktrace=java.lang.Exception

07-22 23:27:27.526 14718 14756 I LSPosed-Bridge: 14718 PermLabel hookBinder_test 10147 interfaceBinder =android.content.pm.IPackageManager; arg0 = 34; arg1 = android.os.Parcel@4622d12; arg2 = android.os.Parcel@e2f032b; arg3 = 0; res = true; stacktrace=java.lang.Exception

07-22 23:27:27.526 14718 14756 I LSPosed-Bridge: 14718 PermLabel hookBinder_test 10147 interfaceBinder =android.content.pm.IPackageManager; arg0 = 34; arg1 = android.os.Parcel@4622d12; arg2 = android.os.Parcel@e2f032b; arg3 = 0; res = true; stacktrace=java.lang.Exception

07-22 23:27:27.526 14718 14756 I LSPosed-Bridge: 14718 PermLabel hookBinder_test 10147 interfaceBinder =android.content.pm.IPackageManager; arg0 = 34; arg1 = android.os.Parcel@4622d12; arg2 = android.os.Parcel@e2f032b; arg3 = 0; res = true; stacktrace=java.lang.Exception

07-22 23:27:27.526 14718 14756 I LSPosed-Bridge: 	at com.example.permlabel.hookBinder_test$1.afterHookedMethod(hookBinder_test.java:75)

07-22 23:27:27.526 14718 14756 I LSPosed-Bridge: 	at com.example.permlabel.hookBinder_test$1.afterHookedMethod(hookBinder_test.java:75)

07-22 23:27:27.526 14718 14756 I LSPosed-Bridge: 	at com.example.permlabel.hookBinder_test$1.afterHookedMethod(hookBinder_test.java:75)

07-22 23:27:27.526 14718 14756 I LSPosed-Bridge: 	at com.example.permlabel.hookBinder_test$1.afterHookedMethod(hookBinder_test.java:75)

07-22 23:27:27.526 14718 14756 I LSPosed-Bridge: 	at de.robv.android.xposed.XposedBridge$AdditionalHookInfo.callback(Unknown Source:147)

07-22 23:27:27.526 14718 14756 I LSPosed-Bridge: 	at de.robv.android.xposed.XposedBridge$AdditionalHookInfo.callback(Unknown Source:147)

07-22 23:27:27.526 14718 14756 I LSPosed-Bridge: 	at de.robv.android.xposed.XposedBridge$AdditionalHookInfo.callback(Unknown Source:147)

07-22 23:27:27.526 14718 14756 I LSPosed-Bridge: 	at de.robv.android.xposed.XposedBridge$AdditionalHookInfo.callback(Unknown Source:147)

07-22 23:27:27.526 14718 14756 I LSPosed-Bridge: 	at LSPHooker_.transact(Unknown Source:28)

07-22 23:27:27.526 14718 14756 I LSPosed-Bridge: 	at LSPHooker_.transact(Unknown Source:28)

07-22 23:27:27.526 14718 14756 I LSPosed-Bridge: 	at LSPHooker_.transact(Unknown Source:28)

07-22 23:27:27.526 14718 14756 I LSPosed-Bridge: 	at LSPHooker_.transact(Unknown Source:28)

07-22 23:27:27.526 14718 14756 I LSPosed-Bridge: 	at android.content.pm.IPackageManager$Stub$Proxy.getPackagesForUid(IPackageManager.java:3558)

07-22 23:27:27.526 14718 14756 I LSPosed-Bridge: 	at android.content.pm.IPackageManager$Stub$Proxy.getPackagesForUid(IPackageManager.java:3558)

07-22 23:27:27.526 14718 14756 I LSPosed-Bridge: 	at android.content.pm.IPackageManager$Stub$Proxy.getPackagesForUid(IPackageManager.java:3558)

07-22 23:27:27.526 14718 14756 I LSPosed-Bridge: 	at android.content.pm.IPackageManager$Stub$Proxy.getPackagesForUid(IPackageManager.java:3558)

07-22 23:27:27.526 14718 14756 I LSPosed-Bridge: 	at android.app.ApplicationPackageManager.getPackagesForUid(ApplicationPackageManager.java:731)

07-22 23:27:27.526 14718 14756 I LSPosed-Bridge: 	at android.app.ApplicationPackageManager.getPackagesForUid(ApplicationPackageManager.java:731)

07-22 23:27:27.526 14718 14756 I LSPosed-Bridge: 	at android.app.ApplicationPackageManager.getPackagesForUid(ApplicationPackageManager.java:731)

07-22 23:27:27.526 14718 14756 I LSPosed-Bridge: 	at android.app.ApplicationPackageManager.getPackagesForUid(ApplicationPackageManager.java:731)

07-22 23:27:27.526 14718 14833 I LSPosed-Bridge: 14718 PermLabel 10147 ContextImpl.checkPermission: pid = 14718; uid = 10147; Binder.getCallingPid() =14718; Binder.getCallingUid() = 10147; permName: android.permission.READ_PHONE_STATE; type = 1; res = -1; stacktrace=java.lang.Exception

07-22 23:27:27.526 14718 14833 I LSPosed-Bridge: 14718 PermLabel 10147 ContextImpl.checkPermission: pid = 14718; uid = 10147; Binder.getCallingPid() =14718; Binder.getCallingUid() = 10147; permName: android.permission.READ_PHONE_STATE; type = 1; res = -1; stacktrace=java.lang.Exception

07-22 23:27:27.526 14718 14833 I LSPosed-Bridge: 14718 PermLabel 10147 ContextImpl.checkPermission: pid = 14718; uid = 10147; Binder.getCallingPid() =14718; Binder.getCallingUid() = 10147; permName: android.permission.READ_PHONE_STATE; type = 1; res = -1; stacktrace=java.lang.Exception

07-22 23:27:27.526 14718 14833 I LSPosed-Bridge: 14718 PermLabel 10147 ContextImpl.checkPermission: pid = 14718; uid = 10147; Binder.getCallingPid() =14718; Binder.getCallingUid() = 10147; permName: android.permission.READ_PHONE_STATE; type = 1; res = -1; stacktrace=java.lang.Exception

07-22 23:27:27.526 14718 14833 I LSPosed-Bridge: 	at com.example.permlabel.requestPerm$2.afterHookedMethod(requestPerm.java:212)

07-22 23:27:27.526 14718 14833 I LSPosed-Bridge: 	at com.example.permlabel.requestPerm$2.afterHookedMethod(requestPerm.java:212)

07-22 23:27:27.526 14718 14833 I LSPosed-Bridge: 	at com.example.permlabel.requestPerm$2.afterHookedMethod(requestPerm.java:212)

07-22 23:27:27.526 14718 14833 I LSPosed-Bridge: 	at com.example.permlabel.requestPerm$2.afterHookedMethod(requestPerm.java:212)

07-22 23:27:27.526 14718 14833 I LSPosed-Bridge: 	at de.robv.android.xposed.XposedBridge$AdditionalHookInfo.callback(Unknown Source:147)

07-22 23:27:27.526 14718 14833 I LSPosed-Bridge: 	at de.robv.android.xposed.XposedBridge$AdditionalHookInfo.callback(Unknown Source:147)

07-22 23:27:27.526 14718 14833 I LSPosed-Bridge: 	at de.robv.android.xposed.XposedBridge$AdditionalHookInfo.callback(Unknown Source:147)

07-22 23:27:27.526 14718 14833 I LSPosed-Bridge: 	at de.robv.android.xposed.XposedBridge$AdditionalHookInfo.callback(Unknown Source:147)

07-22 23:27:27.526 14718 14833 I LSPosed-Bridge: 	at LSPHooker_.checkPermission(Unknown Source:25)

07-22 23:27:27.526 14718 14833 I LSPosed-Bridge: 	at LSPHooker_.checkPermission(Unknown Source:25)

07-22 23:27:27.526 14718 14833 I LSPosed-Bridge: 	at LSPHooker_.checkPermission(Unknown Source:25)

07-22 23:27:27.526 14718 14833 I LSPosed-Bridge: 	at LSPHooker_.checkPermission(Unknown Source:25)

07-22 23:27:27.526 14718 14833 I LSPosed-Bridge: 	at android.app.ContextImpl.checkSelfPermission(ContextImpl.java:1801)

07-22 23:27:27.526 14718 14833 I LSPosed-Bridge: 	at android.app.ContextImpl.checkSelfPermission(ContextImpl.java:1801)

07-22 23:27:27.526 14718 14833 I LSPosed-Bridge: 	at android.app.ContextImpl.checkSelfPermission(ContextImpl.java:1801)

07-22 23:27:27.526 14718 14833 I LSPosed-Bridge: 	at android.app.ContextImpl.checkSelfPermission(ContextImpl.java:1801)

07-22 23:27:27.526 14718 14833 I LSPosed-Bridge: 	at android.content.ContextWrapper.checkSelfPermission(ContextWrapper.java:759)

07-22 23:27:27.526 14718 14833 I LSPosed-Bridge: 	at android.content.ContextWrapper.checkSelfPermission(ContextWrapper.java:759)

07-22 23:27:27.526 14718 14833 I LSPosed-Bridge: 	at android.content.ContextWrapper.checkSelfPermission(ContextWrapper.java:759)

07-22 23:27:27.526 14718 14833 I LSPosed-Bridge: 	at android.content.ContextWrapper.checkSelfPermission(ContextWrapper.java:759)

07-22 23:27:27.526 14718 14833 I LSPosed-Bridge: 	at java.lang.reflect.Method.invoke(Native Method)

07-22 23:27:27.526 14718 14833 I LSPosed-Bridge: 	at java.lang.reflect.Method.invoke(Native Method)

07-22 23:27:27.526 14718 14833 I LSPosed-Bridge: 	at java.lang.reflect.Method.invoke(Native Method)

07-22 23:27:27.526 14718 14833 I LSPosed-Bridge: 	at java.lang.reflect.Method.invoke(Native Method)

07-22 23:27:27.526 14718 14833 I LSPosed-Bridge: 	at com.umeng.umcrash.UMCrashUtils.checkPermission(Unknown Source:33)

07-22 23:27:27.526 14718 14833 I LSPosed-Bridge: 	at com.umeng.umcrash.UMCrashUtils.checkPermission(Unknown Source:33)

07-22 23:27:27.526 14718 14833 I LSPosed-Bridge: 	at com.umeng.umcrash.UMCrashUtils.checkPermission(Unknown Source:33)

07-22 23:27:27.526 14718 14833 I LSPosed-Bridge: 	at com.umeng.umcrash.UMCrashUtils.checkPermission(Unknown Source:33)

07-22 23:27:27.526 14718 14833 I LSPosed-Bridge: 	at com.umeng.umcrash.UMCrashUtils.getNetworkOperatorName(Unknown Source:15)

07-22 23:27:27.526 14718 14833 I LSPosed-Bridge: 	at com.umeng.umcrash.UMCrashUtils.getNetworkOperatorName(Unknown Source:15)

07-22 23:27:27.526 14718 14833 I LSPosed-Bridge: 	at com.umeng.umcrash.UMCrashUtils.getNetworkOperatorName(Unknown Source:15)

07-22 23:27:27.526 14718 14833 I LSPosed-Bridge: 	at com.umeng.umcrash.UMCrashUtils.getNetworkOperatorName(Unknown Source:15)

07-22 23:27:27.526 14718 14833 I LSPosed-Bridge: 	at com.umeng.umcrash.UMCrash.init(Unknown Source:159)

07-22 23:27:27.526 14718 14833 I LSPosed-Bridge: 	at com.umeng.umcrash.UMCrash.init(Unknown Source:159)

07-22 23:27:27.526 14718 14833 I LSPosed-Bridge: 	at com.umeng.umcrash.UMCrash.init(Unknown Source:159)

07-22 23:27:27.526 14718 14833 I LSPosed-Bridge: 	at com.umeng.umcrash.UMCrash.init(Unknown Source:159)

07-22 23:27:27.526 14718 14833 I LSPosed-Bridge: 	at java.lang.reflect.Method.invoke(Native Method)

07-22 23:27:27.526 14718 14833 I LSPosed-Bridge: 	at java.lang.reflect.Method.invoke(Native Method)

07-22 23:27:27.526 14718 14833 I LSPosed-Bridge: 	at java.lang.reflect.Method.invoke(Native Method)

07-22 23:27:27.526 14718 14833 I LSPosed-Bridge: 	at java.lang.reflect.Method.invoke(Native Method)

07-22 23:27:27.526 14718 14833 I LSPosed-Bridge: 	at com.umeng.commonsdk.UMConfigure.init(Unknown Source:698)

07-22 23:27:27.526 14718 14833 I LSPosed-Bridge: 	at com.umeng.commonsdk.UMConfigure.init(Unknown Source:698)

07-22 23:27:27.526 14718 14833 I LSPosed-Bridge: 	at com.umeng.commonsdk.UMConfigure.init(Unknown Source:698)

07-22 23:27:27.526 14718 14833 I LSPosed-Bridge: 	at com.umeng.commonsdk.UMConfigure.init(Unknown Source:698)

07-22 23:27:27.526 14718 14833 I LSPosed-Bridge: 	at j.p.a.a.a.c.b(Unknown Source:44)

07-22 23:27:27.526 14718 14833 I LSPosed-Bridge: 	at j.p.a.a.a.c.b(Unknown Source:44)

07-22 23:27:27.526 14718 14833 I LSPosed-Bridge: 	at j.p.a.a.a.c.b(Unknown Source:44)

07-22 23:27:27.526 14718 14833 I LSPosed-Bridge: 	at j.p.a.a.a.c.b(Unknown Source:44)

07-22 23:27:27.526 14718 14833 I LSPosed-Bridge: 	at j.o.b.d.a.c.b(:2)

07-22 23:27:27.526 14718 14833 I LSPosed-Bridge: 	at j.o.b.d.a.c.b(:2)

07-22 23:27:27.526 14718 14833 I LSPosed-Bridge: 	at j.o.b.d.a.c.b(:2)

07-22 23:27:27.526 14718 14833 I LSPosed-Bridge: 	at j.o.b.d.a.c.b(:2)

07-22 23:27:27.526 14718 14833 I LSPosed-Bridge: 	at j.o.c.b.d.b.h(:5)

07-22 23:27:27.526 14718 14833 I LSPosed-Bridge: 	at j.o.c.b.d.b.h(:5)

07-22 23:27:27.526 14718 14833 I LSPosed-Bridge: 	at j.o.c.b.d.b.h(:5)

07-22 23:27:27.526 14718 14833 I LSPosed-Bridge: 	at j.o.c.b.d.b.h(:5)

07-22 23:27:27.526 14718 14833 I LSPosed-Bridge: 	at q.o.k.a.a.f(:2)

07-22 23:27:27.526 14718 14833 I LSPosed-Bridge: 	at q.o.k.a.a.f(:2)

07-22 23:27:27.526 14718 14833 I LSPosed-Bridge: 	at q.o.k.a.a.f(:2)

07-22 23:27:27.526 14718 14833 I LSPosed-Bridge: 	at q.o.k.a.a.f(:2)

07-22 23:27:27.526 14718 14833 I LSPosed-Bridge: 	at f.a.k0.run(Unknown Source:70)

07-22 23:27:27.526 14718 14833 I LSPosed-Bridge: 	at f.a.k0.run(Unknown Source:70)

07-22 23:27:27.526 14718 14833 I LSPosed-Bridge: 	at f.a.k0.run(Unknown Source:70)

07-22 23:27:27.526 14718 14833 I LSPosed-Bridge: 	at f.a.k0.run(Unknown Source:70)

07-22 23:27:27.526 14718 14833 I LSPosed-Bridge: 	at f.a.j2.a.k(Unknown Source:0)

07-22 23:27:27.526 14718 14833 I LSPosed-Bridge: 	at f.a.j2.a.k(Unknown Source:0)

07-22 23:27:27.526 14718 14833 I LSPosed-Bridge: 	at f.a.j2.a.k(Unknown Source:0)

07-22 23:27:27.526 14718 14833 I LSPosed-Bridge: 	at f.a.j2.a.k(Unknown Source:0)

07-22 23:27:27.526 14718 14833 I LSPosed-Bridge: 	at f.a.j2.a$a.run(:5)

07-22 23:27:27.526 14718 14833 I LSPosed-Bridge: 	at f.a.j2.a$a.run(:5)

07-22 23:27:27.526 14718 14833 I LSPosed-Bridge: 	at f.a.j2.a$a.run(:5)

07-22 23:27:27.526 14718 14833 I LSPosed-Bridge: 	at f.a.j2.a$a.run(:5)

07-22 23:27:27.526 14718 14833 I LSPosed-Bridge: 14718 PermLabel 10147 ContextImpl.checkPermission: pid = 14718; uid = 10147; permName: android.permission.READ_PHONE_STATE; type = 1; res = -1; stacktrace=java.lang.Exception

07-22 23:27:27.526 14718 14833 I LSPosed-Bridge: 14718 PermLabel 10147 ContextImpl.checkPermission: pid = 14718; uid = 10147; permName: android.permission.READ_PHONE_STATE; type = 1; res = -1; stacktrace=java.lang.Exception

07-22 23:27:27.526 14718 14833 I LSPosed-Bridge: 14718 PermLabel 10147 ContextImpl.checkPermission: pid = 14718; uid = 10147; permName: android.permission.READ_PHONE_STATE; type = 1; res = -1; stacktrace=java.lang.Exception

07-22 23:27:27.526 14718 14833 I LSPosed-Bridge: 14718 PermLabel 10147 ContextImpl.checkPermission: pid = 14718; uid = 10147; permName: android.permission.READ_PHONE_STATE; type = 1; res = -1; stacktrace=java.lang.Exception

07-22 23:27:27.526 14718 14833 I LSPosed-Bridge: 	at com.example.permlabel.requestPerm$2.afterHookedMethod(requestPerm.java:229)

07-22 23:27:27.526 14718 14833 I LSPosed-Bridge: 	at com.example.permlabel.requestPerm$2.afterHookedMethod(requestPerm.java:229)

07-22 23:27:27.526 14718 14833 I LSPosed-Bridge: 	at com.example.permlabel.requestPerm$2.afterHookedMethod(requestPerm.java:229)

07-22 23:27:27.526 14718 14833 I LSPosed-Bridge: 	at com.example.permlabel.requestPerm$2.afterHookedMethod(requestPerm.java:229)

07-22 23:27:27.526 14718 14833 I LSPosed-Bridge: 	at de.robv.android.xposed.XposedBridge$AdditionalHookInfo.callback(Unknown Source:147)

07-22 23:27:27.526 14718 14833 I LSPosed-Bridge: 	at de.robv.android.xposed.XposedBridge$AdditionalHookInfo.callback(Unknown Source:147)

07-22 23:27:27.526 14718 14833 I LSPosed-Bridge: 	at de.robv.android.xposed.XposedBridge$AdditionalHookInfo.callback(Unknown Source:147)

07-22 23:27:27.526 14718 14833 I LSPosed-Bridge: 	at de.robv.android.xposed.XposedBridge$AdditionalHookInfo.callback(Unknown Source:147)

07-22 23:27:27.526 14718 14833 I LSPosed-Bridge: 	at LSPHooker_.checkPermission(Unknown Source:25)

07-22 23:27:27.526 14718 14833 I LSPosed-Bridge: 	at LSPHooker_.checkPermission(Unknown Source:25)

07-22 23:27:27.526 14718 14833 I LSPosed-Bridge: 	at LSPHooker_.checkPermission(Unknown Source:25)

07-22 23:27:27.526 14718 14833 I LSPosed-Bridge: 	at LSPHooker_.checkPermission(Unknown Source:25)

07-22 23:27:27.526 14718 14833 I LSPosed-Bridge: 	at android.app.ContextImpl.checkSelfPermission(ContextImpl.java:1801)

07-22 23:27:27.526 14718 14833 I LSPosed-Bridge: 	at android.app.ContextImpl.checkSelfPermission(ContextImpl.java:1801)

07-22 23:27:27.526 14718 14833 I LSPosed-Bridge: 	at android.app.ContextImpl.checkSelfPermission(ContextImpl.java:1801)

07-22 23:27:27.526 14718 14833 I LSPosed-Bridge: 	at android.app.ContextImpl.checkSelfPermission(ContextImpl.java:1801)

07-22 23:27:27.526 14718 14833 I LSPosed-Bridge: 	at android.content.ContextWrapper.checkSelfPermission(ContextWrapper.java:759)

07-22 23:27:27.526 14718 14833 I LSPosed-Bridge: 	at android.content.ContextWrapper.checkSelfPermission(ContextWrapper.java:759)

07-22 23:27:27.526 14718 14833 I LSPosed-Bridge: 	at android.content.ContextWrapper.checkSelfPermission(ContextWrapper.java:759)

07-22 23:27:27.526 14718 14833 I LSPosed-Bridge: 	at android.content.ContextWrapper.checkSelfPermission(ContextWrapper.java:759)

07-22 23:27:27.526 14718 14833 I LSPosed-Bridge: 	at java.lang.reflect.Method.invoke(Native Method)

07-22 23:27:27.526 14718 14833 I LSPosed-Bridge: 	at java.lang.reflect.Method.invoke(Native Method)

07-22 23:27:27.526 14718 14833 I LSPosed-Bridge: 	at java.lang.reflect.Method.invoke(Native Method)

07-22 23:27:27.526 14718 14833 I LSPosed-Bridge: 	at java.lang.reflect.Method.invoke(Native Method)

07-22 23:27:27.526 14718 14833 I LSPosed-Bridge: 	at com.umeng.umcrash.UMCrashUtils.checkPermission(Unknown Source:33)

07-22 23:27:27.526 14718 14833 I LSPosed-Bridge: 	at com.umeng.umcrash.UMCrashUtils.checkPermission(Unknown Source:33)

07-22 23:27:27.526 14718 14833 I LSPosed-Bridge: 	at com.umeng.umcrash.UMCrashUtils.checkPermission(Unknown Source:33)

07-22 23:27:27.526 14718 14833 I LSPosed-Bridge: 	at com.umeng.umcrash.UMCrashUtils.checkPermission(Unknown Source:33)

07-22 23:27:27.526 14718 14833 I LSPosed-Bridge: 	at com.umeng.umcrash.UMCrashUtils.getNetworkOperatorName(Unknown Source:15)

07-22 23:27:27.526 14718 14833 I LSPosed-Bridge: 	at com.umeng.umcrash.UMCrashUtils.getNetworkOperatorName(Unknown Source:15)

07-22 23:27:27.526 14718 14833 I LSPosed-Bridge: 	at com.umeng.umcrash.UMCrashUtils.getNetworkOperatorName(Unknown Source:15)

07-22 23:27:27.526 14718 14833 I LSPosed-Bridge: 	at com.umeng.umcrash.UMCrashUtils.getNetworkOperatorName(Unknown Source:15)

07-22 23:27:27.526 14718 14833 I LSPosed-Bridge: 	at com.umeng.umcrash.UMCrash.init(Unknown Source:159)

07-22 23:27:27.526 14718 14833 I LSPosed-Bridge: 	at com.umeng.umcrash.UMCrash.init(Unknown Source:159)

07-22 23:27:27.526 14718 14833 I LSPosed-Bridge: 	at com.umeng.umcrash.UMCrash.init(Unknown Source:159)

07-22 23:27:27.526 14718 14833 I LSPosed-Bridge: 	at com.umeng.umcrash.UMCrash.init(Unknown Source:159)

07-22 23:27:27.526 14718 14833 I LSPosed-Bridge: 	at java.lang.reflect.Method.invoke(Native Method)

07-22 23:27:27.526 14718 14833 I LSPosed-Bridge: 	at java.lang.reflect.Method.invoke(Native Method)

07-22 23:27:27.526 14718 14833 I LSPosed-Bridge: 	at java.lang.reflect.Method.invoke(Native Method)

07-22 23:27:27.526 14718 14833 I LSPosed-Bridge: 	at java.lang.reflect.Method.invoke(Native Method)

07-22 23:27:27.526 14718 14833 I LSPosed-Bridge: 	at com.umeng.commonsdk.UMConfigure.init(Unknown Source:698)

07-22 23:27:27.526 14718 14833 I LSPosed-Bridge: 	at com.umeng.commonsdk.UMConfigure.init(Unknown Source:698)

07-22 23:27:27.526 14718 14833 I LSPosed-Bridge: 	at com.umeng.commonsdk.UMConfigure.init(Unknown Source:698)

07-22 23:27:27.526 14718 14833 I LSPosed-Bridge: 	at com.umeng.commonsdk.UMConfigure.init(Unknown Source:698)

07-22 23:27:27.526 14718 14833 I LSPosed-Bridge: 	at j.p.a.a.a.c.b(Unknown Source:44)

07-22 23:27:27.526 14718 14833 I LSPosed-Bridge: 	at j.p.a.a.a.c.b(Unknown Source:44)

07-22 23:27:27.526 14718 14833 I LSPosed-Bridge: 	at j.p.a.a.a.c.b(Unknown Source:44)

07-22 23:27:27.526 14718 14833 I LSPosed-Bridge: 	at j.p.a.a.a.c.b(Unknown Source:44)

07-22 23:27:27.526 14718 14833 I LSPosed-Bridge: 	at j.o.b.d.a.c.b(:2)

07-22 23:27:27.526 14718 14833 I LSPosed-Bridge: 	at j.o.b.d.a.c.b(:2)

07-22 23:27:27.526 14718 14833 I LSPosed-Bridge: 	at j.o.b.d.a.c.b(:2)

07-22 23:27:27.526 14718 14833 I LSPosed-Bridge: 	at j.o.b.d.a.c.b(:2)

07-22 23:27:27.526 14718 14833 I LSPosed-Bridge: 	at j.o.c.b.d.b.h(:5)

07-22 23:27:27.526 14718 14833 I LSPosed-Bridge: 	at j.o.c.b.d.b.h(:5)

07-22 23:27:27.526 14718 14833 I LSPosed-Bridge: 	at j.o.c.b.d.b.h(:5)

07-22 23:27:27.526 14718 14833 I LSPosed-Bridge: 	at j.o.c.b.d.b.h(:5)

07-22 23:27:27.526 14718 14833 I LSPosed-Bridge: 	at q.o.k.a.a.f(:2)

07-22 23:27:27.526 14718 14833 I LSPosed-Bridge: 	at q.o.k.a.a.f(:2)

07-22 23:27:27.526 14718 14833 I LSPosed-Bridge: 	at q.o.k.a.a.f(:2)

07-22 23:27:27.526 14718 14833 I LSPosed-Bridge: 	at q.o.k.a.a.f(:2)

07-22 23:27:27.526 14718 14833 I LSPosed-Bridge: 	at f.a.k0.run(Unknown Source:70)

07-22 23:27:27.526 14718 14833 I LSPosed-Bridge: 	at f.a.k0.run(Unknown Source:70)

07-22 23:27:27.526 14718 14833 I LSPosed-Bridge: 	at f.a.k0.run(Unknown Source:70)

07-22 23:27:27.526 14718 14833 I LSPosed-Bridge: 	at f.a.k0.run(Unknown Source:70)

07-22 23:27:27.526 14718 14833 I LSPosed-Bridge: 	at f.a.j2.a.k(Unknown Source:0)

07-22 23:27:27.526 14718 14833 I LSPosed-Bridge: 	at f.a.j2.a.k(Unknown Source:0)

07-22 23:27:27.526 14718 14833 I LSPosed-Bridge: 	at f.a.j2.a.k(Unknown Source:0)

07-22 23:27:27.526 14718 14833 I LSPosed-Bridge: 	at f.a.j2.a.k(Unknown Source:0)

07-22 23:27:27.526 14718 14833 I LSPosed-Bridge: 	at f.a.j2.a$a.run(:5)

07-22 23:27:27.526 14718 14833 I LSPosed-Bridge: 	at f.a.j2.a$a.run(:5)

07-22 23:27:27.526 14718 14833 I LSPosed-Bridge: 	at f.a.j2.a$a.run(:5)

07-22 23:27:27.526 14718 14833 I LSPosed-Bridge: 	at f.a.j2.a$a.run(:5)

07-22 23:27:27.526 14718 14756 I LSPosed-Bridge: 14718 PermLabel hookBinder_test 10147 interfaceBinder =android.content.pm.IPackageManager; arg0 = 34; arg1 = android.os.Parcel@ca4bb78; arg2 = android.os.Parcel@a129251; arg3 = 0; res = true; stacktrace=java.lang.Exception

07-22 23:27:27.526 14718 14756 I LSPosed-Bridge: 14718 PermLabel hookBinder_test 10147 interfaceBinder =android.content.pm.IPackageManager; arg0 = 34; arg1 = android.os.Parcel@ca4bb78; arg2 = android.os.Parcel@a129251; arg3 = 0; res = true; stacktrace=java.lang.Exception

07-22 23:27:27.526 14718 14756 I LSPosed-Bridge: 14718 PermLabel hookBinder_test 10147 interfaceBinder =android.content.pm.IPackageManager; arg0 = 34; arg1 = android.os.Parcel@ca4bb78; arg2 = android.os.Parcel@a129251; arg3 = 0; res = true; stacktrace=java.lang.Exception

07-22 23:27:27.526 14718 14756 I LSPosed-Bridge: 14718 PermLabel hookBinder_test 10147 interfaceBinder =android.content.pm.IPackageManager; arg0 = 34; arg1 = android.os.Parcel@ca4bb78; arg2 = android.os.Parcel@a129251; arg3 = 0; res = true; stacktrace=java.lang.Exception

07-22 23:27:27.526 14718 14756 I LSPosed-Bridge: 	at com.example.permlabel.hookBinder_test$1.afterHookedMethod(hookBinder_test.java:75)

07-22 23:27:27.526 14718 14756 I LSPosed-Bridge: 	at com.example.permlabel.hookBinder_test$1.afterHookedMethod(hookBinder_test.java:75)

07-22 23:27:27.526 14718 14756 I LSPosed-Bridge: 	at com.example.permlabel.hookBinder_test$1.afterHookedMethod(hookBinder_test.java:75)

07-22 23:27:27.526 14718 14756 I LSPosed-Bridge: 	at com.example.permlabel.hookBinder_test$1.afterHookedMethod(hookBinder_test.java:75)

07-22 23:27:27.526 14718 14756 I LSPosed-Bridge: 	at de.robv.android.xposed.XposedBridge$AdditionalHookInfo.callback(Unknown Source:147)

07-22 23:27:27.526 14718 14756 I LSPosed-Bridge: 	at de.robv.android.xposed.XposedBridge$AdditionalHookInfo.callback(Unknown Source:147)

07-22 23:27:27.526 14718 14756 I LSPosed-Bridge: 	at de.robv.android.xposed.XposedBridge$AdditionalHookInfo.callback(Unknown Source:147)

07-22 23:27:27.526 14718 14756 I LSPosed-Bridge: 	at de.robv.android.xposed.XposedBridge$AdditionalHookInfo.callback(Unknown Source:147)

07-22 23:27:27.526 14718 14756 I LSPosed-Bridge: 	at LSPHooker_.transact(Unknown Source:28)

07-22 23:27:27.526 14718 14756 I LSPosed-Bridge: 	at LSPHooker_.transact(Unknown Source:28)

07-22 23:27:27.526 14718 14756 I LSPosed-Bridge: 	at LSPHooker_.transact(Unknown Source:28)

07-22 23:27:27.526 14718 14756 I LSPosed-Bridge: 	at LSPHooker_.transact(Unknown Source:28)

07-22 23:27:27.526 14718 14756 I LSPosed-Bridge: 	at android.content.pm.IPackageManager$Stub$Proxy.getPackagesForUid(IPackageManager.java:3558)

07-22 23:27:27.526 14718 14756 I LSPosed-Bridge: 	at android.content.pm.IPackageManager$Stub$Proxy.getPackagesForUid(IPackageManager.java:3558)

07-22 23:27:27.526 14718 14756 I LSPosed-Bridge: 	at android.content.pm.IPackageManager$Stub$Proxy.getPackagesForUid(IPackageManager.java:3558)

07-22 23:27:27.526 14718 14756 I LSPosed-Bridge: 	at android.content.pm.IPackageManager$Stub$Proxy.getPackagesForUid(IPackageManager.java:3558)

07-22 23:27:27.526 14718 14756 I LSPosed-Bridge: 	at android.app.ApplicationPackageManager.getPackagesForUid(ApplicationPackageManager.java:731)

07-22 23:27:27.526 14718 14756 I LSPosed-Bridge: 	at android.app.ApplicationPackageManager.getPackagesForUid(ApplicationPackageManager.java:731)

07-22 23:27:27.526 14718 14756 I LSPosed-Bridge: 	at android.app.ApplicationPackageManager.getPackagesForUid(ApplicationPackageManager.java:731)

07-22 23:27:27.526 14718 14756 I LSPosed-Bridge: 	at android.app.ApplicationPackageManager.getPackagesForUid(ApplicationPackageManager.java:731)

07-22 23:27:27.526  1572  1854 W InputManager: Input event injection from pid 14853 failed.

07-22 23:27:27.526  1572  1854 W InputManager: Input event injection from pid 14853 failed.

07-22 23:27:27.526  1572  1854 W InputManager: Input event injection from pid 14853 failed.

07-22 23:27:27.526  1572  1854 W InputManager: Input event injection from pid 14853 failed.

07-22 23:27:27.533 14718 14756 I LSPosed-Bridge: 14718 PermLabel hookBinder_test 10147 interfaceBinder =android.content.pm.IPackageManager; arg0 = 34; arg1 = android.os.Parcel@574dce3; arg2 = android.os.Parcel@ecd7034; arg3 = 0; res = true; stacktrace=java.lang.Exception

07-22 23:27:27.533 14718 14756 I LSPosed-Bridge: 14718 PermLabel hookBinder_test 10147 interfaceBinder =android.content.pm.IPackageManager; arg0 = 34; arg1 = android.os.Parcel@574dce3; arg2 = android.os.Parcel@ecd7034; arg3 = 0; res = true; stacktrace=java.lang.Exception

07-22 23:27:27.533 14718 14756 I LSPosed-Bridge: 	at com.example.permlabel.hookBinder_test$1.afterHookedMethod(hookBinder_test.java:75)

07-22 23:27:27.533 14718 14756 I LSPosed-Bridge: 	at com.example.permlabel.hookBinder_test$1.afterHookedMethod(hookBinder_test.java:75)

07-22 23:27:27.533 14718 14756 I LSPosed-Bridge: 	at de.robv.android.xposed.XposedBridge$AdditionalHookInfo.callback(Unknown Source:147)

07-22 23:27:27.533 14718 14756 I LSPosed-Bridge: 	at de.robv.android.xposed.XposedBridge$AdditionalHookInfo.callback(Unknown Source:147)

07-22 23:27:27.533 14718 14756 I LSPosed-Bridge: 	at LSPHooker_.transact(Unknown Source:28)

07-22 23:27:27.533 14718 14756 I LSPosed-Bridge: 	at LSPHooker_.transact(Unknown Source:28)

07-22 23:27:27.533 14718 14756 I LSPosed-Bridge: 	at android.content.pm.IPackageManager$Stub$Proxy.getPackagesForUid(IPackageManager.java:3558)

07-22 23:27:27.533 14718 14756 I LSPosed-Bridge: 	at android.content.pm.IPackageManager$Stub$Proxy.getPackagesForUid(IPackageManager.java:3558)

07-22 23:27:27.533 14718 14756 I LSPosed-Bridge: 	at android.app.ApplicationPackageManager.getPackagesForUid(ApplicationPackageManager.java:731)

07-22 23:27:27.533 14718 14756 I LSPosed-Bridge: 	at android.app.ApplicationPackageManager.getPackagesForUid(ApplicationPackageManager.java:731)

07-22 23:27:27.533 14718 14833 I LSPosed-Bridge: 14718 PermLabel 10147 ContextImpl Binder.getCallingPid() = 14718; Binder.getCallingUid() = 10147; permName: android.permission.READ_PHONE_STATE; res = -1; stacktrace=java.lang.Exception

07-22 23:27:27.533 14718 14833 I LSPosed-Bridge: 14718 PermLabel 10147 ContextImpl Binder.getCallingPid() = 14718; Binder.getCallingUid() = 10147; permName: android.permission.READ_PHONE_STATE; res = -1; stacktrace=java.lang.Exception

07-22 23:27:27.533 14718 14833 I LSPosed-Bridge: 	at com.example.permlabel.requestPerm$2.afterHookedMethod(requestPerm.java:205)

07-22 23:27:27.533 14718 14833 I LSPosed-Bridge: 	at com.example.permlabel.requestPerm$2.afterHookedMethod(requestPerm.java:205)

07-22 23:27:27.533 14718 14833 I LSPosed-Bridge: 	at de.robv.android.xposed.XposedBridge$AdditionalHookInfo.callback(Unknown Source:147)

07-22 23:27:27.533 14718 14833 I LSPosed-Bridge: 	at de.robv.android.xposed.XposedBridge$AdditionalHookInfo.callback(Unknown Source:147)

07-22 23:27:27.533 14718 14833 I LSPosed-Bridge: 	at LSPHooker_.checkPermission(Unknown Source:25)

07-22 23:27:27.533 14718 14833 I LSPosed-Bridge: 	at LSPHooker_.checkPermission(Unknown Source:25)

07-22 23:27:27.533 14718 14833 I LSPosed-Bridge: 	at android.app.ContextImpl.checkSelfPermission(ContextImpl.java:1801)

07-22 23:27:27.533 14718 14833 I LSPosed-Bridge: 	at android.app.ContextImpl.checkSelfPermission(ContextImpl.java:1801)

07-22 23:27:27.533 14718 14833 I LSPosed-Bridge: 	at android.content.ContextWrapper.checkSelfPermission(ContextWrapper.java:759)

07-22 23:27:27.533 14718 14833 I LSPosed-Bridge: 	at android.content.ContextWrapper.checkSelfPermission(ContextWrapper.java:759)

07-22 23:27:27.533 14718 14833 I LSPosed-Bridge: 	at java.lang.reflect.Method.invoke(Native Method)

07-22 23:27:27.533 14718 14833 I LSPosed-Bridge: 	at java.lang.reflect.Method.invoke(Native Method)

07-22 23:27:27.533 14718 14833 I LSPosed-Bridge: 	at com.efs.sdk.base.core.util.NetworkUtil.checkPermission(Unknown Source:33)

07-22 23:27:27.533 14718 14833 I LSPosed-Bridge: 	at com.efs.sdk.base.core.util.NetworkUtil.checkPermission(Unknown Source:33)

07-22 23:27:27.533 14718 14833 I LSPosed-Bridge: 	at com.efs.sdk.base.core.util.NetworkUtil.getNetworkTypeUmeng(Unknown Source:10)

07-22 23:27:27.533 14718 14833 I LSPosed-Bridge: 	at com.efs.sdk.base.core.util.NetworkUtil.getNetworkTypeUmeng(Unknown Source:10)

07-22 23:27:27.533 14718 14833 I LSPosed-Bridge: 	at com.umeng.umcrash.UMCrash.init(Unknown Source:260)

07-22 23:27:27.533 14718 14833 I LSPosed-Bridge: 	at com.umeng.umcrash.UMCrash.init(Unknown Source:260)

07-22 23:27:27.533 14718 14833 I LSPosed-Bridge: 	at java.lang.reflect.Method.invoke(Native Method)

07-22 23:27:27.533 14718 14833 I LSPosed-Bridge: 	at java.lang.reflect.Method.invoke(Native Method)

07-22 23:27:27.533 14718 14833 I LSPosed-Bridge: 	at com.umeng.commonsdk.UMConfigure.init(Unknown Source:698)

07-22 23:27:27.533 14718 14833 I LSPosed-Bridge: 	at com.umeng.commonsdk.UMConfigure.init(Unknown Source:698)

07-22 23:27:27.533 14718 14833 I LSPosed-Bridge: 	at j.p.a.a.a.c.b(Unknown Source:44)

07-22 23:27:27.533 14718 14833 I LSPosed-Bridge: 	at j.p.a.a.a.c.b(Unknown Source:44)

07-22 23:27:27.533 14718 14833 I LSPosed-Bridge: 	at j.o.b.d.a.c.b(:2)

07-22 23:27:27.533 14718 14833 I LSPosed-Bridge: 	at j.o.b.d.a.c.b(:2)

07-22 23:27:27.533 14718 14833 I LSPosed-Bridge: 	at j.o.c.b.d.b.h(:5)

07-22 23:27:27.533 14718 14833 I LSPosed-Bridge: 	at j.o.c.b.d.b.h(:5)

07-22 23:27:27.533 14718 14833 I LSPosed-Bridge: 	at q.o.k.a.a.f(:2)

07-22 23:27:27.533 14718 14833 I LSPosed-Bridge: 	at q.o.k.a.a.f(:2)

07-22 23:27:27.533 14718 14833 I LSPosed-Bridge: 	at f.a.k0.run(Unknown Source:70)

07-22 23:27:27.533 14718 14833 I LSPosed-Bridge: 	at f.a.k0.run(Unknown Source:70)

07-22 23:27:27.533 14718 14833 I LSPosed-Bridge: 	at f.a.j2.a.k(Unknown Source:0)

07-22 23:27:27.533 14718 14833 I LSPosed-Bridge: 	at f.a.j2.a.k(Unknown Source:0)

07-22 23:27:27.533 14718 14833 I LSPosed-Bridge: 	at f.a.j2.a$a.run(:5)

07-22 23:27:27.533 14718 14833 I LSPosed-Bridge: 	at f.a.j2.a$a.run(:5)

07-22 23:27:27.533 14718 14833 I LSPosed-Bridge: 14718 PermLabel 10147 ContextImpl.checkPermission: pid = 14718; uid = 10147; permName: android.permission.READ_PHONE_STATE; type = 1; res = -1; stacktrace=java.lang.Exception

07-22 23:27:27.533 14718 14833 I LSPosed-Bridge: 14718 PermLabel 10147 ContextImpl.checkPermission: pid = 14718; uid = 10147; permName: android.permission.READ_PHONE_STATE; type = 1; res = -1; stacktrace=java.lang.Exception

07-22 23:27:27.533 14718 14833 I LSPosed-Bridge: 	at com.example.permlabel.requestPerm$2.afterHookedMethod(requestPerm.java:229)

07-22 23:27:27.533 14718 14833 I LSPosed-Bridge: 	at com.example.permlabel.requestPerm$2.afterHookedMethod(requestPerm.java:229)

07-22 23:27:27.533 14718 14833 I LSPosed-Bridge: 	at de.robv.android.xposed.XposedBridge$AdditionalHookInfo.callback(Unknown Source:147)

07-22 23:27:27.533 14718 14833 I LSPosed-Bridge: 	at de.robv.android.xposed.XposedBridge$AdditionalHookInfo.callback(Unknown Source:147)

07-22 23:27:27.533 14718 14833 I LSPosed-Bridge: 	at LSPHooker_.checkPermission(Unknown Source:25)

07-22 23:27:27.533 14718 14833 I LSPosed-Bridge: 	at LSPHooker_.checkPermission(Unknown Source:25)

07-22 23:27:27.533 14718 14833 I LSPosed-Bridge: 	at android.app.ContextImpl.checkSelfPermission(ContextImpl.java:1801)

07-22 23:27:27.533 14718 14833 I LSPosed-Bridge: 	at android.app.ContextImpl.checkSelfPermission(ContextImpl.java:1801)

07-22 23:27:27.533 14718 14833 I LSPosed-Bridge: 	at android.content.ContextWrapper.checkSelfPermission(ContextWrapper.java:759)

07-22 23:27:27.533 14718 14833 I LSPosed-Bridge: 	at android.content.ContextWrapper.checkSelfPermission(ContextWrapper.java:759)

07-22 23:27:27.533 14718 14833 I LSPosed-Bridge: 	at java.lang.reflect.Method.invoke(Native Method)

07-22 23:27:27.533 14718 14833 I LSPosed-Bridge: 	at java.lang.reflect.Method.invoke(Native Method)

07-22 23:27:27.533 14718 14833 I LSPosed-Bridge: 	at com.efs.sdk.base.core.util.NetworkUtil.checkPermission(Unknown Source:33)

07-22 23:27:27.533 14718 14833 I LSPosed-Bridge: 	at com.efs.sdk.base.core.util.NetworkUtil.checkPermission(Unknown Source:33)

07-22 23:27:27.533 14718 14833 I LSPosed-Bridge: 	at com.efs.sdk.base.core.util.NetworkUtil.getNetworkTypeUmeng(Unknown Source:10)

07-22 23:27:27.533 14718 14833 I LSPosed-Bridge: 	at com.efs.sdk.base.core.util.NetworkUtil.getNetworkTypeUmeng(Unknown Source:10)

07-22 23:27:27.533 14718 14833 I LSPosed-Bridge: 	at com.umeng.umcrash.UMCrash.init(Unknown Source:260)

07-22 23:27:27.533 14718 14833 I LSPosed-Bridge: 	at com.umeng.umcrash.UMCrash.init(Unknown Source:260)

07-22 23:27:27.533 14718 14833 I LSPosed-Bridge: 	at java.lang.reflect.Method.invoke(Native Method)

07-22 23:27:27.533 14718 14833 I LSPosed-Bridge: 	at java.lang.reflect.Method.invoke(Native Method)

07-22 23:27:27.533 14718 14833 I LSPosed-Bridge: 	at com.umeng.commonsdk.UMConfigure.init(Unknown Source:698)

07-22 23:27:27.533 14718 14833 I LSPosed-Bridge: 	at com.umeng.commonsdk.UMConfigure.init(Unknown Source:698)

07-22 23:27:27.533 14718 14833 I LSPosed-Bridge: 	at j.p.a.a.a.c.b(Unknown Source:44)

07-22 23:27:27.533 14718 14833 I LSPosed-Bridge: 	at j.p.a.a.a.c.b(Unknown Source:44)

07-22 23:27:27.533 14718 14833 I LSPosed-Bridge: 	at j.o.b.d.a.c.b(:2)

07-22 23:27:27.533 14718 14833 I LSPosed-Bridge: 	at j.o.b.d.a.c.b(:2)

07-22 23:27:27.533 14718 14833 I LSPosed-Bridge: 	at j.o.c.b.d.b.h(:5)

07-22 23:27:27.533 14718 14833 I LSPosed-Bridge: 	at j.o.c.b.d.b.h(:5)

07-22 23:27:27.533 14718 14833 I LSPosed-Bridge: 	at q.o.k.a.a.f(:2)

07-22 23:27:27.533 14718 14833 I LSPosed-Bridge: 	at q.o.k.a.a.f(:2)

07-22 23:27:27.533 14718 14833 I LSPosed-Bridge: 	at f.a.k0.run(Unknown Source:70)

07-22 23:27:27.533 14718 14833 I LSPosed-Bridge: 	at f.a.k0.run(Unknown Source:70)

07-22 23:27:27.533 14718 14833 I LSPosed-Bridge: 	at f.a.j2.a.k(Unknown Source:0)

07-22 23:27:27.533 14718 14833 I LSPosed-Bridge: 	at f.a.j2.a.k(Unknown Source:0)

07-22 23:27:27.533 14718 14833 I LSPosed-Bridge: 	at f.a.j2.a$a.run(:5)

07-22 23:27:27.533 14718 14833 I LSPosed-Bridge: 	at f.a.j2.a$a.run(:5)

07-22 23:27:27.533 14718 14756 I LSPosed-Bridge: 14718 PermLabel hookBinder_test 10147 interfaceBinder =android.content.pm.IPackageManager; arg0 = 34; arg1 = android.os.Parcel@e2f032b; arg2 = android.os.Parcel@4622d12; arg3 = 0; res = true; stacktrace=java.lang.Exception

07-22 23:27:27.533 14718 14756 I LSPosed-Bridge: 14718 PermLabel hookBinder_test 10147 interfaceBinder =android.content.pm.IPackageManager; arg0 = 34; arg1 = android.os.Parcel@e2f032b; arg2 = android.os.Parcel@4622d12; arg3 = 0; res = true; stacktrace=java.lang.Exception

07-22 23:27:27.533 14718 14756 I LSPosed-Bridge: 	at com.example.permlabel.hookBinder_test$1.afterHookedMethod(hookBinder_test.java:75)

07-22 23:27:27.533 14718 14756 I LSPosed-Bridge: 	at com.example.permlabel.hookBinder_test$1.afterHookedMethod(hookBinder_test.java:75)

07-22 23:27:27.533 14718 14756 I LSPosed-Bridge: 	at de.robv.android.xposed.XposedBridge$AdditionalHookInfo.callback(Unknown Source:147)

07-22 23:27:27.533 14718 14756 I LSPosed-Bridge: 	at de.robv.android.xposed.XposedBridge$AdditionalHookInfo.callback(Unknown Source:147)

07-22 23:27:27.533 14718 14756 I LSPosed-Bridge: 	at LSPHooker_.transact(Unknown Source:28)

07-22 23:27:27.533 14718 14756 I LSPosed-Bridge: 	at LSPHooker_.transact(Unknown Source:28)

07-22 23:27:27.533 14718 14756 I LSPosed-Bridge: 	at android.content.pm.IPackageManager$Stub$Proxy.getPackagesForUid(IPackageManager.java:3558)

07-22 23:27:27.533 14718 14756 I LSPosed-Bridge: 	at android.content.pm.IPackageManager$Stub$Proxy.getPackagesForUid(IPackageManager.java:3558)

07-22 23:27:27.533 14718 14756 I LSPosed-Bridge: 	at android.app.ApplicationPackageManager.getPackagesForUid(ApplicationPackageManager.java:731)

07-22 23:27:27.533 14718 14756 I LSPosed-Bridge: 	at android.app.ApplicationPackageManager.getPackagesForUid(ApplicationPackageManager.java:731)

07-22 23:27:27.533 14718 14756 I LSPosed-Bridge: 14718 PermLabel hookBinder_test 10147 interfaceBinder =android.content.pm.IPackageManager; arg0 = 34; arg1 = android.os.Parcel@4622d12; arg2 = android.os.Parcel@e2f032b; arg3 = 0; res = true; stacktrace=java.lang.Exception

07-22 23:27:27.533 14718 14756 I LSPosed-Bridge: 14718 PermLabel hookBinder_test 10147 interfaceBinder =android.content.pm.IPackageManager; arg0 = 34; arg1 = android.os.Parcel@4622d12; arg2 = android.os.Parcel@e2f032b; arg3 = 0; res = true; stacktrace=java.lang.Exception

07-22 23:27:27.533 14718 14756 I LSPosed-Bridge: 	at com.example.permlabel.hookBinder_test$1.afterHookedMethod(hookBinder_test.java:75)

07-22 23:27:27.533 14718 14756 I LSPosed-Bridge: 	at com.example.permlabel.hookBinder_test$1.afterHookedMethod(hookBinder_test.java:75)

07-22 23:27:27.533 14718 14756 I LSPosed-Bridge: 	at de.robv.android.xposed.XposedBridge$AdditionalHookInfo.callback(Unknown Source:147)

07-22 23:27:27.533 14718 14756 I LSPosed-Bridge: 	at de.robv.android.xposed.XposedBridge$AdditionalHookInfo.callback(Unknown Source:147)

07-22 23:27:27.533 14718 14756 I LSPosed-Bridge: 	at LSPHooker_.transact(Unknown Source:28)

07-22 23:27:27.533 14718 14756 I LSPosed-Bridge: 	at LSPHooker_.transact(Unknown Source:28)

07-22 23:27:27.533 14718 14756 I LSPosed-Bridge: 	at android.content.pm.IPackageManager$Stub$Proxy.getPackagesForUid(IPackageManager.java:3558)

07-22 23:27:27.533 14718 14756 I LSPosed-Bridge: 	at android.content.pm.IPackageManager$Stub$Proxy.getPackagesForUid(IPackageManager.java:3558)

07-22 23:27:27.533 14718 14756 I LSPosed-Bridge: 	at android.app.ApplicationPackageManager.getPackagesForUid(ApplicationPackageManager.java:731)

07-22 23:27:27.533 14718 14756 I LSPosed-Bridge: 	at android.app.ApplicationPackageManager.getPackagesForUid(ApplicationPackageManager.java:731)

07-22 23:27:27.533  1572  5625 W InputManager: Input event injection from pid 14853 failed.

07-22 23:27:27.533  1572  5625 W InputManager: Input event injection from pid 14853 failed.

07-22 23:27:27.533 14718 14833 E .card.carddiar: Invalid ID 0x00000000.

07-22 23:27:27.533 14718 14833 E .card.carddiar: Invalid ID 0x00000000.

07-22 23:27:27.533 14718 14756 I LSPosed-Bridge: 14718 PermLabel hookBinder_test 10147 interfaceBinder =android.content.pm.IPackageManager; arg0 = 34; arg1 = android.os.Parcel@e2f032b; arg2 = android.os.Parcel@4622d12; arg3 = 0; res = true; stacktrace=java.lang.Exception

07-22 23:27:27.533 14718 14756 I LSPosed-Bridge: 14718 PermLabel hookBinder_test 10147 interfaceBinder =android.content.pm.IPackageManager; arg0 = 34; arg1 = android.os.Parcel@e2f032b; arg2 = android.os.Parcel@4622d12; arg3 = 0; res = true; stacktrace=java.lang.Exception

07-22 23:27:27.533 14718 14756 I LSPosed-Bridge: 	at com.example.permlabel.hookBinder_test$1.afterHookedMethod(hookBinder_test.java:75)

07-22 23:27:27.533 14718 14756 I LSPosed-Bridge: 	at com.example.permlabel.hookBinder_test$1.afterHookedMethod(hookBinder_test.java:75)

07-22 23:27:27.533 14718 14756 I LSPosed-Bridge: 	at de.robv.android.xposed.XposedBridge$AdditionalHookInfo.callback(Unknown Source:147)

07-22 23:27:27.533 14718 14756 I LSPosed-Bridge: 	at de.robv.android.xposed.XposedBridge$AdditionalHookInfo.callback(Unknown Source:147)

07-22 23:27:27.533 14718 14756 I LSPosed-Bridge: 	at LSPHooker_.transact(Unknown Source:28)

07-22 23:27:27.533 14718 14756 I LSPosed-Bridge: 	at LSPHooker_.transact(Unknown Source:28)

07-22 23:27:27.533 14718 14756 I LSPosed-Bridge: 	at android.content.pm.IPackageManager$Stub$Proxy.getPackagesForUid(IPackageManager.java:3558)

07-22 23:27:27.533 14718 14756 I LSPosed-Bridge: 	at android.content.pm.IPackageManager$Stub$Proxy.getPackagesForUid(IPackageManager.java:3558)

07-22 23:27:27.533 14718 14756 I LSPosed-Bridge: 	at android.app.ApplicationPackageManager.getPackagesForUid(ApplicationPackageManager.java:731)

07-22 23:27:27.533 14718 14756 I LSPosed-Bridge: 	at android.app.ApplicationPackageManager.getPackagesForUid(ApplicationPackageManager.java:731)

07-22 23:27:27.535 14718 14756 I LSPosed-Bridge: 14718 PermLabel hookBinder_test 10147 interfaceBinder =android.content.pm.IPackageManager; arg0 = 34; arg1 = android.os.Parcel@e2f032b; arg2 = android.os.Parcel@4622d12; arg3 = 0; res = true; stacktrace=java.lang.Exception

07-22 23:27:27.535 14718 14756 I LSPosed-Bridge: 	at com.example.permlabel.hookBinder_test$1.afterHookedMethod(hookBinder_test.java:75)

07-22 23:27:27.535 14718 14756 I LSPosed-Bridge: 	at de.robv.android.xposed.XposedBridge$AdditionalHookInfo.callback(Unknown Source:147)

07-22 23:27:27.535 14718 14756 I LSPosed-Bridge: 	at LSPHooker_.transact(Unknown Source:28)

07-22 23:27:27.535 14718 14756 I LSPosed-Bridge: 	at android.content.pm.IPackageManager$Stub$Proxy.getPackagesForUid(IPackageManager.java:3558)

07-22 23:27:27.535 14718 14756 I LSPosed-Bridge: 	at android.app.ApplicationPackageManager.getPackagesForUid(ApplicationPackageManager.java:731)

07-22 23:27:27.535 14853 14853 I Input   : injectMotionEvent: MotionEvent { action=ACTION_MOVE, actionButton=0, id[0]=0, x[0]=107.0, y[0]=180.0, toolType[0]=TOOL_TYPE_UNKNOWN, buttonState=0, metaState=0, flags=0x0, edgeFlags=0x0, pointerCount=1, historySize=0, eventTime=2670012, downTime=2670012, deviceId=5, source=0x1002 }

07-22 23:27:27.535 14718 14833 I LSPosed-Bridge: 14718 PermLabel hookBinder_test 10147 interfaceBinder =android.app.IActivityManager; arg0 = 49; arg1 = android.os.Parcel@ecd7034; arg2 = android.os.Parcel@574dce3; arg3 = 0; res = true; stacktrace=java.lang.Exception

07-22 23:27:27.535 14718 14833 I LSPosed-Bridge: 	at com.example.permlabel.hookBinder_test$1.afterHookedMethod(hookBinder_test.java:75)

07-22 23:27:27.535 14718 14833 I LSPosed-Bridge: 	at de.robv.android.xposed.XposedBridge$AdditionalHookInfo.callback(Unknown Source:147)

07-22 23:27:27.535 14718 14833 I LSPosed-Bridge: 	at LSPHooker_.transact(Unknown Source:28)

07-22 23:27:27.535 14718 14833 I LSPosed-Bridge: 	at android.app.IActivityManager$Stub$Proxy.checkPermission(IActivityManager.java:4722)

07-22 23:27:27.535 14718 14833 I LSPosed-Bridge: 	at android.app.ContextImpl.checkPermission(ContextImpl.java:1751)

07-22 23:27:27.535 14718 14833 I LSPosed-Bridge: 	at java.lang.reflect.Method.invoke(Native Method)

07-22 23:27:27.535 14718 14833 I LSPosed-Bridge: 	at org.lsposed.lspd.nativebridge.HookBridge.invokeOriginalMethod(Native Method)

07-22 23:27:27.535 14718 14833 I LSPosed-Bridge: 	at de.robv.android.xposed.XposedBridge$AdditionalHookInfo.callback(Unknown Source:110)

07-22 23:27:27.535 14718 14833 I LSPosed-Bridge: 	at LSPHooker_.checkPermission(Unknown Source:25)

07-22 23:27:27.535 14718 14833 I LSPosed-Bridge: 	at android.app.ContextImpl.checkSelfPermission(ContextImpl.java:1801)

07-22 23:27:27.535 14718 14833 I LSPosed-Bridge: 	at android.content.ContextWrapper.checkSelfPermission(ContextWrapper.java:759)

07-22 23:27:27.535 14718 14833 I LSPosed-Bridge: 	at java.lang.reflect.Method.invoke(Native Method)

07-22 23:27:27.535 14718 14833 I LSPosed-Bridge: 	at com.umeng.umcrash.UMCrashUtils.checkPermission(Unknown Source:33)

07-22 23:27:27.535 14718 14833 I LSPosed-Bridge: 	at com.umeng.umcrash.UMCrashUtils.getNetworkOperatorName(Unknown Source:15)

07-22 23:27:27.535 14718 14833 I LSPosed-Bridge: 	at com.umeng.umcrash.UMCrash.initReporter(Unknown Source:24)

07-22 23:27:27.535 14718 14833 I LSPosed-Bridge: 	at com.umeng.umcrash.UMCrash.init(Unknown Source:352)

07-22 23:27:27.535 14718 14833 I LSPosed-Bridge: 	at java.lang.reflect.Method.invoke(Native Method)

07-22 23:27:27.535 14718 14833 I LSPosed-Bridge: 	at com.umeng.commonsdk.UMConfigure.init(Unknown Source:698)

07-22 23:27:27.535 14718 14833 I LSPosed-Bridge: 	at j.p.a.a.a.c.b(Unknown Source:44)

07-22 23:27:27.535 14718 14833 I LSPosed-Bridge: 	at j.o.b.d.a.c.b(:2)

07-22 23:27:27.535 14718 14833 I LSPosed-Bridge: 	at j.o.c.b.d.b.h(:5)

07-22 23:27:27.535 14718 14833 I LSPosed-Bridge: 	at q.o.k.a.a.f(:2)

07-22 23:27:27.535 14718 14833 I LSPosed-Bridge: 	at f.a.k0.run(Unknown Source:70)

07-22 23:27:27.535 14718 14833 I LSPosed-Bridge: 	at f.a.j2.a.k(Unknown Source:0)

07-22 23:27:27.535 14718 14833 I LSPosed-Bridge: 	at f.a.j2.a$a.run(:5)

07-22 23:27:27.535 14718 14756 I LSPosed-Bridge: 14718 PermLabel hookBinder_test 10147 interfaceBinder =android.content.pm.IPackageManager; arg0 = 34; arg1 = android.os.Parcel@4622d12; arg2 = android.os.Parcel@e2f032b; arg3 = 0; res = true; stacktrace=java.lang.Exception

07-22 23:27:27.535 14718 14756 I LSPosed-Bridge: 	at com.example.permlabel.hookBinder_test$1.afterHookedMethod(hookBinder_test.java:75)

07-22 23:27:27.535 14718 14756 I LSPosed-Bridge: 	at de.robv.android.xposed.XposedBridge$AdditionalHookInfo.callback(Unknown Source:147)

07-22 23:27:27.535 14718 14756 I LSPosed-Bridge: 	at LSPHooker_.transact(Unknown Source:28)

07-22 23:27:27.535 14718 14756 I LSPosed-Bridge: 	at android.content.pm.IPackageManager$Stub$Proxy.getPackagesForUid(IPackageManager.java:3558)

07-22 23:27:27.535 14718 14756 I LSPosed-Bridge: 	at android.app.ApplicationPackageManager.getPackagesForUid(ApplicationPackageManager.java:731)

07-22 23:27:27.535 14718 14833 I LSPosed-Bridge: 14718 PermLabel hookBinder_test 10147 interfaceBinder =android.content.pm.IPackageManager; arg0 = 9; arg1 = android.os.Parcel@574dce3; arg2 = android.os.Parcel@ecd7034; arg3 = 0; res = true; stacktrace=java.lang.Exception

07-22 23:27:27.535 14718 14833 I LSPosed-Bridge: 	at com.example.permlabel.hookBinder_test$1.afterHookedMethod(hookBinder_test.java:75)

07-22 23:27:27.535 14718 14833 I LSPosed-Bridge: 	at de.robv.android.xposed.XposedBridge$AdditionalHookInfo.callback(Unknown Source:147)

07-22 23:27:27.535 14718 14833 I LSPosed-Bridge: 	at LSPHooker_.transact(Unknown Source:28)

07-22 23:27:27.535 14718 14833 I LSPosed-Bridge: 	at android.content.pm.IPackageManager$Stub$Proxy.getPermissionInfo(IPackageManager.java:3008)

07-22 23:27:27.535 14718 14833 I LSPosed-Bridge: 	at android.app.ApplicationPackageManager.getPermissionInfo(ApplicationPackageManager.java:306)

07-22 23:27:27.535 14718 14833 I LSPosed-Bridge: 	at com.example.permlabel.requestPerm$2.afterHookedMethod(requestPerm.java:195)

07-22 23:27:27.535 14718 14833 I LSPosed-Bridge: 	at de.robv.android.xposed.XposedBridge$AdditionalHookInfo.callback(Unknown Source:147)

07-22 23:27:27.535 14718 14833 I LSPosed-Bridge: 	at LSPHooker_.checkPermission(Unknown Source:25)

07-22 23:27:27.535 14718 14833 I LSPosed-Bridge: 	at android.app.ContextImpl.checkSelfPermission(ContextImpl.java:1801)

07-22 23:27:27.535 14718 14833 I LSPosed-Bridge: 	at android.content.ContextWrapper.checkSelfPermission(ContextWrapper.java:759)

07-22 23:27:27.535 14718 14833 I LSPosed-Bridge: 	at java.lang.reflect.Method.invoke(Native Method)

07-22 23:27:27.535 14718 14833 I LSPosed-Bridge: 	at com.umeng.umcrash.UMCrashUtils.checkPermission(Unknown Source:33)

07-22 23:27:27.535 14718 14833 I LSPosed-Bridge: 	at com.umeng.umcrash.UMCrashUtils.getNetworkOperatorName(Unknown Source:15)

07-22 23:27:27.535 14718 14833 I LSPosed-Bridge: 	at com.umeng.umcrash.UMCrash.initReporter(Unknown Source:24)

07-22 23:27:27.535 14718 14833 I LSPosed-Bridge: 	at com.umeng.umcrash.UMCrash.init(Unknown Source:352)

07-22 23:27:27.535 14718 14833 I LSPosed-Bridge: 	at java.lang.reflect.Method.invoke(Native Method)

07-22 23:27:27.535 14718 14833 I LSPosed-Bridge: 	at com.umeng.commonsdk.UMConfigure.init(Unknown Source:698)

07-22 23:27:27.535 14718 14833 I LSPosed-Bridge: 	at j.p.a.a.a.c.b(Unknown Source:44)

07-22 23:27:27.535 14718 14833 I LSPosed-Bridge: 	at j.o.b.d.a.c.b(:2)

07-22 23:27:27.535 14718 14833 I LSPosed-Bridge: 	at j.o.c.b.d.b.h(:5)

07-22 23:27:27.535 14718 14833 I LSPosed-Bridge: 	at q.o.k.a.a.f(:2)

07-22 23:27:27.535 14718 14833 I LSPosed-Bridge: 	at f.a.k0.run(Unknown Source:70)

07-22 23:27:27.535 14718 14833 I LSPosed-Bridge: 	at f.a.j2.a.k(Unknown Source:0)

07-22 23:27:27.535 14718 14833 I LSPosed-Bridge: 	at f.a.j2.a$a.run(:5)

07-22 23:27:27.535 14718 14756 I LSPosed-Bridge: 14718 PermLabel hookBinder_test 10147 interfaceBinder =android.content.pm.IPackageManager; arg0 = 34; arg1 = android.os.Parcel@e2f032b; arg2 = android.os.Parcel@4622d12; arg3 = 0; res = true; stacktrace=java.lang.Exception

