07-22 23:27:27.535 14718 14756 I LSPosed-Bridge: 	at com.example.permlabel.hookBinder_test$1.afterHookedMethod(hookBinder_test.java:75)

07-22 23:27:27.535 14718 14756 I LSPosed-Bridge: 	at de.robv.android.xposed.XposedBridge$AdditionalHookInfo.callback(Unknown Source:147)

07-22 23:27:27.535 14718 14756 I LSPosed-Bridge: 	at LSPHooker_.transact(Unknown Source:28)

07-22 23:27:27.535 14718 14756 I LSPosed-Bridge: 	at android.content.pm.IPackageManager$Stub$Proxy.getPackagesForUid(IPackageManager.java:3558)

07-22 23:27:27.535 14718 14756 I LSPosed-Bridge: 	at android.app.ApplicationPackageManager.getPackagesForUid(ApplicationPackageManager.java:731)

07-22 23:27:27.535 14718 14833 I LSPosed-Bridge: 14718 PermLabel 10147 ContextImpl Binder.getCallingPid() = 14718; Binder.getCallingUid() = 10147; permName: android.permission.READ_PHONE_STATE; res = -1; stacktrace=java.lang.Exception

07-22 23:27:27.535 14718 14833 I LSPosed-Bridge: 	at com.example.permlabel.requestPerm$2.afterHookedMethod(requestPerm.java:205)

07-22 23:27:27.535 14718 14833 I LSPosed-Bridge: 	at de.robv.android.xposed.XposedBridge$AdditionalHookInfo.callback(Unknown Source:147)

07-22 23:27:27.535 14718 14833 I LSPosed-Bridge: 	at LSPHooker_.checkPermission(Unknown Source:25)

07-22 23:27:27.535 14718 14833 I LSPosed-Bridge: 	at android.app.ContextImpl.checkSelfPermission(ContextImpl.java:1801)

07-22 23:27:27.535 14718 14833 I LSPosed-Bridge: 	at android.content.ContextWrapper.checkSelfPermission(ContextWrapper.java:759)

07-22 23:27:27.535 14718 14833 I LSPosed-Bridge: 	at java.lang.reflect.Method.invoke(Native Method)

07-22 23:27:27.535 14718 14833 I LSPosed-Bridge: 	at com.umeng.umcrash.UMCrashUtils.checkPermission(Unknown Source:33)

07-22 23:27:27.535 14718 14833 I LSPosed-Bridge: 	at com.umeng.umcrash.UMCrashUtils.getNetworkOperatorName(Unknown Source:15)

07-22 23:27:27.535 14718 14833 I LSPosed-Bridge: 	at com.umeng.umcrash.UMCrash.initReporter(Unknown Source:24)

07-22 23:27:27.535 14718 14833 I LSPosed-Bridge: 	at com.umeng.umcrash.UMCrash.init(Unknown Source:352)

07-22 23:27:27.535 14718 14833 I LSPosed-Bridge: 	at java.lang.reflect.Method.invoke(Native Method)

07-22 23:27:27.535 14718 14833 I LSPosed-Bridge: 	at com.umeng.commonsdk.UMConfigure.init(Unknown Source:698)

07-22 23:27:27.535 14718 14833 I LSPosed-Bridge: 	at j.p.a.a.a.c.b(Unknown Source:44)

07-22 23:27:27.535 14718 14833 I LSPosed-Bridge: 	at j.o.b.d.a.c.b(:2)

07-22 23:27:27.535 14718 14833 I LSPosed-Bridge: 	at j.o.c.b.d.b.h(:5)

07-22 23:27:27.535 14718 14833 I LSPosed-Bridge: 	at q.o.k.a.a.f(:2)

07-22 23:27:27.535 14718 14833 I LSPosed-Bridge: 	at f.a.k0.run(Unknown Source:70)

07-22 23:27:27.535 14718 14833 I LSPosed-Bridge: 	at f.a.j2.a.k(Unknown Source:0)

07-22 23:27:27.535 14718 14833 I LSPosed-Bridge: 	at f.a.j2.a$a.run(:5)

07-22 23:27:27.536 14718 14833 I LSPosed-Bridge: 14718 PermLabel 10147 ContextImpl.checkPermission: pid = 14718; uid = 10147; permName: android.permission.READ_PHONE_STATE; type = 1; res = -1; stacktrace=java.lang.Exception

07-22 23:27:27.536 14718 14833 I LSPosed-Bridge: 	at com.example.permlabel.requestPerm$2.afterHookedMethod(requestPerm.java:229)

07-22 23:27:27.536 14718 14833 I LSPosed-Bridge: 	at de.robv.android.xposed.XposedBridge$AdditionalHookInfo.callback(Unknown Source:147)

07-22 23:27:27.536 14718 14833 I LSPosed-Bridge: 	at LSPHooker_.checkPermission(Unknown Source:25)

07-22 23:27:27.536 14718 14833 I LSPosed-Bridge: 	at android.app.ContextImpl.checkSelfPermission(ContextImpl.java:1801)

07-22 23:27:27.536 14718 14833 I LSPosed-Bridge: 	at android.content.ContextWrapper.checkSelfPermission(ContextWrapper.java:759)

07-22 23:27:27.536 14718 14833 I LSPosed-Bridge: 	at java.lang.reflect.Method.invoke(Native Method)

07-22 23:27:27.536 14718 14833 I LSPosed-Bridge: 	at com.umeng.umcrash.UMCrashUtils.checkPermission(Unknown Source:33)

07-22 23:27:27.536 14718 14833 I LSPosed-Bridge: 	at com.umeng.umcrash.UMCrashUtils.getNetworkOperatorName(Unknown Source:15)

07-22 23:27:27.536 14718 14833 I LSPosed-Bridge: 	at com.umeng.umcrash.UMCrash.initReporter(Unknown Source:24)

07-22 23:27:27.536 14718 14833 I LSPosed-Bridge: 	at com.umeng.umcrash.UMCrash.init(Unknown Source:352)

07-22 23:27:27.536 14718 14833 I LSPosed-Bridge: 	at java.lang.reflect.Method.invoke(Native Method)

07-22 23:27:27.536 14718 14833 I LSPosed-Bridge: 	at com.umeng.commonsdk.UMConfigure.init(Unknown Source:698)

07-22 23:27:27.536 14718 14833 I LSPosed-Bridge: 	at j.p.a.a.a.c.b(Unknown Source:44)

07-22 23:27:27.536 14718 14833 I LSPosed-Bridge: 	at j.o.b.d.a.c.b(:2)

07-22 23:27:27.536 14718 14833 I LSPosed-Bridge: 	at j.o.c.b.d.b.h(:5)

07-22 23:27:27.536 14718 14833 I LSPosed-Bridge: 	at q.o.k.a.a.f(:2)

07-22 23:27:27.536 14718 14833 I LSPosed-Bridge: 	at f.a.k0.run(Unknown Source:70)

07-22 23:27:27.536 14718 14833 I LSPosed-Bridge: 	at f.a.j2.a.k(Unknown Source:0)

07-22 23:27:27.536 14718 14833 I LSPosed-Bridge: 	at f.a.j2.a$a.run(:5)

07-22 23:27:27.536 14718 14756 I LSPosed-Bridge: 14718 PermLabel hookBinder_test 10147 interfaceBinder =android.content.pm.IPackageManager; arg0 = 34; arg1 = android.os.Parcel@ecd7034; arg2 = android.os.Parcel@574dce3; arg3 = 0; res = true; stacktrace=java.lang.Exception

07-22 23:27:27.536 14718 14756 I LSPosed-Bridge: 	at com.example.permlabel.hookBinder_test$1.afterHookedMethod(hookBinder_test.java:75)

07-22 23:27:27.536 14718 14756 I LSPosed-Bridge: 	at de.robv.android.xposed.XposedBridge$AdditionalHookInfo.callback(Unknown Source:147)

07-22 23:27:27.536 14718 14756 I LSPosed-Bridge: 	at LSPHooker_.transact(Unknown Source:28)

07-22 23:27:27.536 14718 14756 I LSPosed-Bridge: 	at android.content.pm.IPackageManager$Stub$Proxy.getPackagesForUid(IPackageManager.java:3558)

07-22 23:27:27.536 14718 14756 I LSPosed-Bridge: 	at android.app.ApplicationPackageManager.getPackagesForUid(ApplicationPackageManager.java:731)

07-22 23:27:27.536  1572  1854 W InputManager: Input event injection from pid 14853 failed.

07-22 23:27:27.536 14718 14756 I LSPosed-Bridge: 14718 PermLabel hookBinder_test 10147 interfaceBinder =android.content.pm.IPackageManager; arg0 = 34; arg1 = android.os.Parcel@574dce3; arg2 = android.os.Parcel@ecd7034; arg3 = 0; res = true; stacktrace=java.lang.Exception

07-22 23:27:27.536 14718 14756 I LSPosed-Bridge: 	at com.example.permlabel.hookBinder_test$1.afterHookedMethod(hookBinder_test.java:75)

07-22 23:27:27.536 14718 14756 I LSPosed-Bridge: 	at de.robv.android.xposed.XposedBridge$AdditionalHookInfo.callback(Unknown Source:147)

07-22 23:27:27.536 14718 14756 I LSPosed-Bridge: 	at LSPHooker_.transact(Unknown Source:28)

07-22 23:27:27.536 14718 14756 I LSPosed-Bridge: 	at android.content.pm.IPackageManager$Stub$Proxy.getPackagesForUid(IPackageManager.java:3558)

07-22 23:27:27.536 14718 14756 I LSPosed-Bridge: 	at android.app.ApplicationPackageManager.getPackagesForUid(ApplicationPackageManager.java:731)

07-22 23:27:27.536 14718 14833 E .card.carddiar: Invalid ID 0x00000000.

07-22 23:27:27.536 14853 14853 I Input   : injectMotionEvent: MotionEvent { action=ACTION_MOVE, actionButton=0, id[0]=0, x[0]=107.0, y[0]=180.0, toolType[0]=TOOL_TYPE_UNKNOWN, buttonState=0, metaState=0, flags=0x0, edgeFlags=0x0, pointerCount=1, historySize=0, eventTime=2670013, downTime=2670013, deviceId=5, source=0x1002 }

07-22 23:27:27.536 14718 14756 I LSPosed-Bridge: 14718 PermLabel hookBinder_test 10147 interfaceBinder =android.content.pm.IPackageManager; arg0 = 34; arg1 = android.os.Parcel@ecd7034; arg2 = android.os.Parcel@574dce3; arg3 = 0; res = true; stacktrace=java.lang.Exception

07-22 23:27:27.536 14718 14756 I LSPosed-Bridge: 	at com.example.permlabel.hookBinder_test$1.afterHookedMethod(hookBinder_test.java:75)

07-22 23:27:27.536 14718 14756 I LSPosed-Bridge: 	at de.robv.android.xposed.XposedBridge$AdditionalHookInfo.callback(Unknown Source:147)

07-22 23:27:27.536 14718 14756 I LSPosed-Bridge: 	at LSPHooker_.transact(Unknown Source:28)

07-22 23:27:27.536 14718 14756 I LSPosed-Bridge: 	at android.content.pm.IPackageManager$Stub$Proxy.getPackagesForUid(IPackageManager.java:3558)

07-22 23:27:27.536 14718 14756 I LSPosed-Bridge: 	at android.app.ApplicationPackageManager.getPackagesForUid(ApplicationPackageManager.java:731)

07-22 23:27:27.555 14718 14833 I LSPosed-Bridge: 14718 PermLabel hookBinder_test 10147 interfaceBinder =android.app.IActivityManager; arg0 = 81; arg1 = android.os.Parcel@ecd7034; arg2 = android.os.Parcel@574dce3; arg3 = 0; res = true; stacktrace=java.lang.Exception

07-22 23:27:27.555 14718 14833 I LSPosed-Bridge: 	at com.example.permlabel.hookBinder_test$1.afterHookedMethod(hookBinder_test.java:75)

07-22 23:27:27.555 14718 14833 I LSPosed-Bridge: 	at de.robv.android.xposed.XposedBridge$AdditionalHookInfo.callback(Unknown Source:147)

07-22 23:27:27.555 14718 14833 I LSPosed-Bridge: 	at LSPHooker_.transact(Unknown Source:28)

07-22 23:27:27.555 14718 14833 I LSPosed-Bridge: 	at android.app.IActivityManager$Stub$Proxy.getRunningAppProcesses(IActivityManager.java:5366)

07-22 23:27:27.555 14718 14833 I LSPosed-Bridge: 	at android.app.ActivityManager.getRunningAppProcesses(ActivityManager.java:3435)

07-22 23:27:27.555 14718 14833 I LSPosed-Bridge: 	at java.lang.reflect.Method.invoke(Native Method)

07-22 23:27:27.555 14718 14833 I LSPosed-Bridge: 	at org.lsposed.lspd.nativebridge.HookBridge.invokeOriginalMethod(Native Method)

07-22 23:27:27.555 14718 14833 I LSPosed-Bridge: 	at de.robv.android.xposed.XposedBridge$AdditionalHookInfo.callback(Unknown Source:110)

07-22 23:27:27.555 14718 14833 I LSPosed-Bridge: 	at LSPHooker_.getRunningAppProcesses(Unknown Source:8)

07-22 23:27:27.555 14718 14833 I LSPosed-Bridge: 	at com.efs.sdk.launch.c.f(Unknown Source:22)

07-22 23:27:27.555 14718 14833 I LSPosed-Bridge: 	at com.efs.sdk.launch.c.e(Unknown Source:1)

07-22 23:27:27.555 14718 14833 I LSPosed-Bridge: 	at com.efs.sdk.launch.LaunchManager.init(Unknown Source:24)

07-22 23:27:27.555 14718 14833 I LSPosed-Bridge: 	at com.umeng.umcrash.UMCrash.init(Unknown Source:486)

07-22 23:27:27.555 14718 14833 I LSPosed-Bridge: 	at java.lang.reflect.Method.invoke(Native Method)

07-22 23:27:27.555 14718 14833 I LSPosed-Bridge: 	at com.umeng.commonsdk.UMConfigure.init(Unknown Source:698)

07-22 23:27:27.555 14718 14833 I LSPosed-Bridge: 	at j.p.a.a.a.c.b(Unknown Source:44)

07-22 23:27:27.555 14718 14833 I LSPosed-Bridge: 	at j.o.b.d.a.c.b(:2)

07-22 23:27:27.555 14718 14833 I LSPosed-Bridge: 	at j.o.c.b.d.b.h(:5)

07-22 23:27:27.555 14718 14833 I LSPosed-Bridge: 	at q.o.k.a.a.f(:2)

07-22 23:27:27.555 14718 14833 I LSPosed-Bridge: 	at f.a.k0.run(Unknown Source:70)

07-22 23:27:27.555 14718 14833 I LSPosed-Bridge: 	at f.a.j2.a.k(Unknown Source:0)

07-22 23:27:27.555 14718 14833 I LSPosed-Bridge: 	at f.a.j2.a$a.run(:5)

07-22 23:27:27.555 14718 14833 I LSPosed-Bridge: 14718 PermLabel getRunningAppProcesses =android.app.ActivityManager$RunningAppProcessInfo@ccf02ae

07-22 23:27:27.555 14718 14833 I LSPosed-Bridge: 14718 PermLabel getRunningAppProcesses processName: com.card.carddiary pid: 14718

07-22 23:27:27.555 14718 14833 I LSPosed-Bridge: 14718 PermLabel getRunningAppProcesses importance: 100 pid: 14718

07-22 23:27:27.555 14718 14833 I LSPosed-Bridge: 14718 PermLabel getRunningAppProcesses packageName com.card.carddiary at index 0 in process 14718

07-22 23:27:27.555 14718 14756 I LSPosed-Bridge: 14718 PermLabel hookBinder_test 10147 interfaceBinder =android.content.pm.IPackageManager; arg0 = 34; arg1 = android.os.Parcel@f9687a5; arg2 = android.os.Parcel@c6540ed; arg3 = 0; res = true; stacktrace=java.lang.Exception

07-22 23:27:27.555 14718 14756 I LSPosed-Bridge: 	at com.example.permlabel.hookBinder_test$1.afterHookedMethod(hookBinder_test.java:75)

07-22 23:27:27.555 14718 14756 I LSPosed-Bridge: 	at de.robv.android.xposed.XposedBridge$AdditionalHookInfo.callback(Unknown Source:147)

07-22 23:27:27.555 14718 14756 I LSPosed-Bridge: 	at LSPHooker_.transact(Unknown Source:28)

07-22 23:27:27.555 14718 14756 I LSPosed-Bridge: 	at android.content.pm.IPackageManager$Stub$Proxy.getPackagesForUid(IPackageManager.java:3558)

07-22 23:27:27.555 14718 14756 I LSPosed-Bridge: 	at android.app.ApplicationPackageManager.getPackagesForUid(ApplicationPackageManager.java:731)

07-22 23:27:27.555 14853 14853 I Input   : injectMotionEvent: MotionEvent { action=ACTION_MOVE, actionButton=0, id[0]=0, x[0]=107.0, y[0]=180.0, toolType[0]=TOOL_TYPE_UNKNOWN, buttonState=0, metaState=0, flags=0x0, edgeFlags=0x0, pointerCount=1, historySize=0, eventTime=2670032, downTime=2670032, deviceId=5, source=0x1002 }

07-22 23:27:27.555 14718 14833 I LSPosed-Bridge: 14718 PermLabel permName: android.permission.READ_PHONE_STATE; getRunningAppProcesses =[android.app.ActivityManager$RunningAppProcessInfo@ccf02ae]; stacktrace=java.lang.Exception

07-22 23:27:27.555 14718 14833 I LSPosed-Bridge: 	at com.example.permlabel.hookBinder_test$2.afterHookedMethod(hookBinder_test.java:115)

07-22 23:27:27.555 14718 14833 I LSPosed-Bridge: 	at de.robv.android.xposed.XposedBridge$AdditionalHookInfo.callback(Unknown Source:147)

07-22 23:27:27.555 14718 14833 I LSPosed-Bridge: 	at LSPHooker_.getRunningAppProcesses(Unknown Source:8)

07-22 23:27:27.555 14718 14833 I LSPosed-Bridge: 	at com.efs.sdk.launch.c.f(Unknown Source:22)

07-22 23:27:27.555 14718 14833 I LSPosed-Bridge: 	at com.efs.sdk.launch.c.e(Unknown Source:1)

07-22 23:27:27.555 14718 14833 I LSPosed-Bridge: 	at com.efs.sdk.launch.LaunchManager.init(Unknown Source:24)

07-22 23:27:27.555 14718 14833 I LSPosed-Bridge: 	at com.umeng.umcrash.UMCrash.init(Unknown Source:486)

07-22 23:27:27.555 14718 14833 I LSPosed-Bridge: 	at java.lang.reflect.Method.invoke(Native Method)

07-22 23:27:27.555 14718 14833 I LSPosed-Bridge: 	at com.umeng.commonsdk.UMConfigure.init(Unknown Source:698)

07-22 23:27:27.555 14718 14833 I LSPosed-Bridge: 	at j.p.a.a.a.c.b(Unknown Source:44)

07-22 23:27:27.555 14718 14833 I LSPosed-Bridge: 	at j.o.b.d.a.c.b(:2)

07-22 23:27:27.555 14718 14833 I LSPosed-Bridge: 	at j.o.c.b.d.b.h(:5)

07-22 23:27:27.555 14718 14833 I LSPosed-Bridge: 	at q.o.k.a.a.f(:2)

07-22 23:27:27.555 14718 14833 I LSPosed-Bridge: 	at f.a.k0.run(Unknown Source:70)

07-22 23:27:27.555 14718 14833 I LSPosed-Bridge: 	at f.a.j2.a.k(Unknown Source:0)

07-22 23:27:27.555 14718 14833 I LSPosed-Bridge: 	at f.a.j2.a$a.run(:5)

07-22 23:27:27.555 14718 14718 I LSPosed-Bridge: 14718 PermLabel hookBinder_test 10147 interfaceBinder =android.security.IKeystoreService; arg0 = 5; arg1 = android.os.Parcel@4622d12; arg2 = android.os.Parcel@e2f032b; arg3 = 0; res = true; stacktrace=java.lang.Exception

07-22 23:27:27.555 14718 14718 I LSPosed-Bridge: 	at com.example.permlabel.hookBinder_test$1.afterHookedMethod(hookBinder_test.java:75)

07-22 23:27:27.555 14718 14718 I LSPosed-Bridge: 	at de.robv.android.xposed.XposedBridge$AdditionalHookInfo.callback(Unknown Source:147)

07-22 23:27:27.555 14718 14718 I LSPosed-Bridge: 	at LSPHooker_.transact(Unknown Source:28)

07-22 23:27:27.555 14718 14718 I LSPosed-Bridge: 	at android.security.IKeystoreService$Stub$Proxy.exist(IKeystoreService.java:844)

07-22 23:27:27.555 14718 14718 I LSPosed-Bridge: 	at android.security.KeyStore.contains(KeyStore.java:241)

07-22 23:27:27.555 14718 14718 I LSPosed-Bridge: 	at android.security.keystore.AndroidKeyStoreSpi.engineGetKey(AndroidKeyStoreSpi.java:96)

07-22 23:27:27.555 14718 14718 I LSPosed-Bridge: 	at java.security.KeyStore.getKey(KeyStore.java:1062)

07-22 23:27:27.555 14718 14718 I LSPosed-Bridge: 	at l.a.a.a.b.a(Unknown Source:8)

07-22 23:27:27.555 14718 14718 I LSPosed-Bridge: 	at l.a.a.a.b.e(Unknown Source:0)

07-22 23:27:27.555 14718 14718 I LSPosed-Bridge: 	at l.a.a.a.b.b(Unknown Source:20)

07-22 23:27:27.555 14718 14718 I LSPosed-Bridge: 	at l.a.a.a.a.a(:2)

07-22 23:27:27.555 14718 14718 I LSPosed-Bridge: 	at j.p.b.a.f.n$b.invoke(:3)

07-22 23:27:27.555 14718 14718 I LSPosed-Bridge: 	at q.g.getValue(Unknown Source:20)

07-22 23:27:27.555 14718 14718 I LSPosed-Bridge: 	at j.p.b.a.f.d.c(:6)

07-22 23:27:27.555 14718 14718 I LSPosed-Bridge: 	at j.p.b.a.f.d.d(Unknown Source:21)

07-22 23:27:27.555 14718 14718 I LSPosed-Bridge: 	at j.p.b.a.f.l.r(:5)

07-22 23:27:27.555 14718 14718 I LSPosed-Bridge: 	at org.carddiary.carddiary.MainActivity.onResume(:3)

07-22 23:27:27.555 14718 14718 I LSPosed-Bridge: 	at android.app.Instrumentation.callActivityOnResume(Instrumentation.java:1413)

07-22 23:27:27.555 14718 14718 I LSPosed-Bridge: 	at android.app.Activity.performResume(Activity.java:7292)

07-22 23:27:27.555 14718 14718 I LSPosed-Bridge: 	at android.app.ActivityThread.performResumeActivity(ActivityThread.java:3777)

07-22 23:27:27.555 14718 14718 I LSPosed-Bridge: 	at android.app.ActivityThread.handleResumeActivity(ActivityThread.java:3817)

07-22 23:27:27.555 14718 14718 I LSPosed-Bridge: 	at android.app.servertransaction.ResumeActivityItem.execute(ResumeActivityItem.java:51)

07-22 23:27:27.555 14718 14718 I LSPosed-Bridge: 	at android.app.servertransaction.TransactionExecutor.executeLifecycleState(TransactionExecutor.java:145)

07-22 23:27:27.555 14718 14718 I LSPosed-Bridge: 	at android.app.servertransaction.TransactionExecutor.execute(TransactionExecutor.java:70)

07-22 23:27:27.555 14718 14718 I LSPosed-Bridge: 	at android.app.ActivityThread$H.handleMessage(ActivityThread.java:1809)

07-22 23:27:27.555 14718 14718 I LSPosed-Bridge: 	at android.os.Handler.dispatchMessage(Handler.java:106)

07-22 23:27:27.555 14718 14718 I LSPosed-Bridge: 	at android.os.Looper.loop(Looper.java:193)

07-22 23:27:27.555 14718 14718 I LSPosed-Bridge: 	at android.app.ActivityThread.main(ActivityThread.java:6692)

07-22 23:27:27.555 14718 14718 I LSPosed-Bridge: 	at java.lang.reflect.Method.invoke(Native Method)

07-22 23:27:27.555 14718 14718 I LSPosed-Bridge: 	at com.android.internal.os.RuntimeInit$MethodAndArgsCaller.run(RuntimeInit.java:493)

07-22 23:27:27.555 14718 14718 I LSPosed-Bridge: 	at com.android.internal.os.ZygoteInit.main(ZygoteInit.java:858)

07-22 23:27:27.555 14718 14756 I LSPosed-Bridge: 14718 PermLabel hookBinder_test 10147 interfaceBinder =android.content.pm.IPackageManager; arg0 = 34; arg1 = android.os.Parcel@a129251; arg2 = android.os.Parcel@ca4bb78; arg3 = 0; res = true; stacktrace=java.lang.Exception

07-22 23:27:27.555 14718 14756 I LSPosed-Bridge: 	at com.example.permlabel.hookBinder_test$1.afterHookedMethod(hookBinder_test.java:75)

07-22 23:27:27.555 14718 14756 I LSPosed-Bridge: 	at de.robv.android.xposed.XposedBridge$AdditionalHookInfo.callback(Unknown Source:147)

07-22 23:27:27.555 14718 14756 I LSPosed-Bridge: 	at LSPHooker_.transact(Unknown Source:28)

07-22 23:27:27.555 14718 14756 I LSPosed-Bridge: 	at android.content.pm.IPackageManager$Stub$Proxy.getPackagesForUid(IPackageManager.java:3558)

07-22 23:27:27.555 14718 14756 I LSPosed-Bridge: 	at android.app.ApplicationPackageManager.getPackagesForUid(ApplicationPackageManager.java:731)

07-22 23:27:27.571 14718 14718 I LSPosed-Bridge: 14718 PermLabel hookBinder_test 10147 interfaceBinder =android.security.IKeystoreService; arg0 = 5; arg1 = android.os.Parcel@ecd7034; arg2 = android.os.Parcel@574dce3; arg3 = 0; res = true; stacktrace=java.lang.Exception

07-22 23:27:27.571 14718 14718 I LSPosed-Bridge: 	at com.example.permlabel.hookBinder_test$1.afterHookedMethod(hookBinder_test.java:75)

07-22 23:27:27.571 14718 14718 I LSPosed-Bridge: 	at de.robv.android.xposed.XposedBridge$AdditionalHookInfo.callback(Unknown Source:147)

07-22 23:27:27.571 14718 14718 I LSPosed-Bridge: 	at LSPHooker_.transact(Unknown Source:28)

07-22 23:27:27.571 14718 14718 I LSPosed-Bridge: 	at android.security.IKeystoreService$Stub$Proxy.exist(IKeystoreService.java:844)

07-22 23:27:27.571 14718 14718 I LSPosed-Bridge: 	at android.security.KeyStore.contains(KeyStore.java:241)

07-22 23:27:27.571 14718 14718 I LSPosed-Bridge: 	at android.security.keystore.AndroidKeyStoreSpi.isKeyEntry(AndroidKeyStoreSpi.java:915)

07-22 23:27:27.571 14718 14718 I LSPosed-Bridge: 	at android.security.keystore.AndroidKeyStoreSpi.engineIsCertificateEntry(AndroidKeyStoreSpi.java:930)

07-22 23:27:27.571 14718 14718 I LSPosed-Bridge: 	at java.security.KeyStoreSpi.engineGetEntry(KeyStoreSpi.java:468)

07-22 23:27:27.571 14718 14718 I LSPosed-Bridge: 	at java.security.KeyStore.getEntry(KeyStore.java:1560)

07-22 23:27:27.571 14718 14718 I LSPosed-Bridge: 	at l.a.a.a.b.e(Unknown Source:13)

07-22 23:27:27.571 14718 14718 I LSPosed-Bridge: 	at l.a.a.a.b.b(Unknown Source:20)

07-22 23:27:27.571 14718 14718 I LSPosed-Bridge: 	at l.a.a.a.a.a(:2)

07-22 23:27:27.571 14718 14718 I LSPosed-Bridge: 	at j.p.b.a.f.n$b.invoke(:3)

07-22 23:27:27.571 14718 14718 I LSPosed-Bridge: 	at q.g.getValue(Unknown Source:20)

07-22 23:27:27.571 14718 14718 I LSPosed-Bridge: 	at j.p.b.a.f.d.c(:6)

07-22 23:27:27.571 14718 14718 I LSPosed-Bridge: 	at j.p.b.a.f.d.d(Unknown Source:21)

07-22 23:27:27.571 14718 14718 I LSPosed-Bridge: 	at j.p.b.a.f.l.r(:5)

07-22 23:27:27.571 14718 14718 I LSPosed-Bridge: 	at org.carddiary.carddiary.MainActivity.onResume(:3)

07-22 23:27:27.571 14718 14718 I LSPosed-Bridge: 	at android.app.Instrumentation.callActivityOnResume(Instrumentation.java:1413)

07-22 23:27:27.571 14718 14718 I LSPosed-Bridge: 	at android.app.Activity.performResume(Activity.java:7292)

07-22 23:27:27.571 14718 14718 I LSPosed-Bridge: 	at android.app.ActivityThread.performResumeActivity(ActivityThread.java:3777)

07-22 23:27:27.571 14718 14718 I LSPosed-Bridge: 	at android.app.ActivityThread.handleResumeActivity(ActivityThread.java:3817)

07-22 23:27:27.571 14718 14718 I LSPosed-Bridge: 	at android.app.servertransaction.ResumeActivityItem.execute(ResumeActivityItem.java:51)

07-22 23:27:27.571 14718 14718 I LSPosed-Bridge: 	at android.app.servertransaction.TransactionExecutor.executeLifecycleState(TransactionExecutor.java:145)

07-22 23:27:27.571 14718 14718 I LSPosed-Bridge: 	at android.app.servertransaction.TransactionExecutor.execute(TransactionExecutor.java:70)

07-22 23:27:27.571 14718 14718 I LSPosed-Bridge: 	at android.app.ActivityThread$H.handleMessage(ActivityThread.java:1809)

07-22 23:27:27.571 14718 14718 I LSPosed-Bridge: 	at android.os.Handler.dispatchMessage(Handler.java:106)

07-22 23:27:27.571 14718 14718 I LSPosed-Bridge: 	at android.os.Looper.loop(Looper.java:193)

07-22 23:27:27.571 14718 14718 I LSPosed-Bridge: 	at android.app.ActivityThread.main(ActivityThread.java:6692)

07-22 23:27:27.571 14718 14718 I LSPosed-Bridge: 	at java.lang.reflect.Method.invoke(Native Method)

07-22 23:27:27.571 14718 14718 I LSPosed-Bridge: 	at com.android.internal.os.RuntimeInit$MethodAndArgsCaller.run(RuntimeInit.java:493)

07-22 23:27:27.571 14718 14718 I LSPosed-Bridge: 	at com.android.internal.os.ZygoteInit.main(ZygoteInit.java:858)

07-22 23:27:27.571 14718 14756 I LSPosed-Bridge: 14718 PermLabel hookBinder_test 10147 interfaceBinder =android.content.pm.IPackageManager; arg0 = 34; arg1 = android.os.Parcel@a129251; arg2 = android.os.Parcel@ca4bb78; arg3 = 0; res = true; stacktrace=java.lang.Exception

07-22 23:27:27.571 14718 14756 I LSPosed-Bridge: 	at com.example.permlabel.hookBinder_test$1.afterHookedMethod(hookBinder_test.java:75)

07-22 23:27:27.571 14718 14756 I LSPosed-Bridge: 	at de.robv.android.xposed.XposedBridge$AdditionalHookInfo.callback(Unknown Source:147)

07-22 23:27:27.571 14718 14756 I LSPosed-Bridge: 	at LSPHooker_.transact(Unknown Source:28)

07-22 23:27:27.571 14718 14756 I LSPosed-Bridge: 	at android.content.pm.IPackageManager$Stub$Proxy.getPackagesForUid(IPackageManager.java:3558)

07-22 23:27:27.571 14718 14756 I LSPosed-Bridge: 	at android.app.ApplicationPackageManager.getPackagesForUid(ApplicationPackageManager.java:731)

07-22 23:27:27.571 14718 14756 I LSPosed-Bridge: 14718 PermLabel hookBinder_test 10147 interfaceBinder =android.content.pm.IPackageManager; arg0 = 34; arg1 = android.os.Parcel@ca4bb78; arg2 = android.os.Parcel@a129251; arg3 = 0; res = true; stacktrace=java.lang.Exception

07-22 23:27:27.571 14718 14756 I LSPosed-Bridge: 	at com.example.permlabel.hookBinder_test$1.afterHookedMethod(hookBinder_test.java:75)

07-22 23:27:27.571 14718 14756 I LSPosed-Bridge: 	at de.robv.android.xposed.XposedBridge$AdditionalHookInfo.callback(Unknown Source:147)

07-22 23:27:27.571 14718 14756 I LSPosed-Bridge: 	at LSPHooker_.transact(Unknown Source:28)

07-22 23:27:27.571 14718 14756 I LSPosed-Bridge: 	at android.content.pm.IPackageManager$Stub$Proxy.getPackagesForUid(IPackageManager.java:3558)

07-22 23:27:27.571 14718 14756 I LSPosed-Bridge: 	at android.app.ApplicationPackageManager.getPackagesForUid(ApplicationPackageManager.java:731)

07-22 23:27:27.571 14718 14882 I LSPosed-Bridge: 14718 PermLabel hookBinder_test 10147 interfaceBinder =android.content.pm.IPackageManager; arg0 = 9; arg1 = android.os.Parcel@f9687a5; arg2 = android.os.Parcel@c6540ed; arg3 = 0; res = true; stacktrace=java.lang.Exception

07-22 23:27:27.571 14718 14882 I LSPosed-Bridge: 	at com.example.permlabel.hookBinder_test$1.afterHookedMethod(hookBinder_test.java:75)

07-22 23:27:27.571 14718 14882 I LSPosed-Bridge: 	at de.robv.android.xposed.XposedBridge$AdditionalHookInfo.callback(Unknown Source:147)

07-22 23:27:27.571 14718 14882 I LSPosed-Bridge: 	at LSPHooker_.transact(Unknown Source:28)

07-22 23:27:27.571 14718 14882 I LSPosed-Bridge: 	at android.content.pm.IPackageManager$Stub$Proxy.getPermissionInfo(IPackageManager.java:3008)

07-22 23:27:27.571 14718 14882 I LSPosed-Bridge: 	at android.app.ApplicationPackageManager.getPermissionInfo(ApplicationPackageManager.java:306)

07-22 23:27:27.571 14718 14882 I LSPosed-Bridge: 	at com.example.permlabel.requestPerm$2.afterHookedMethod(requestPerm.java:195)

07-22 23:27:27.571 14718 14882 I LSPosed-Bridge: 	at de.robv.android.xposed.XposedBridge$AdditionalHookInfo.callback(Unknown Source:147)

07-22 23:27:27.571 14718 14882 I LSPosed-Bridge: 	at LSPHooker_.checkPermission(Unknown Source:25)

07-22 23:27:27.571 14718 14882 I LSPosed-Bridge: 	at android.app.ContextImpl.checkSelfPermission(ContextImpl.java:1801)

07-22 23:27:27.571 14718 14882 I LSPosed-Bridge: 	at android.content.ContextWrapper.checkSelfPermission(ContextWrapper.java:759)

07-22 23:27:27.571 14718 14882 I LSPosed-Bridge: 	at java.lang.reflect.Method.invoke(Native Method)

07-22 23:27:27.571 14718 14882 I LSPosed-Bridge: 	at com.efs.sdk.base.core.util.NetworkUtil.checkPermission(Unknown Source:33)

07-22 23:27:27.571 14718 14882 I LSPosed-Bridge: 	at com.efs.sdk.base.core.util.NetworkUtil.getNetworkTypeUmeng(Unknown Source:10)

07-22 23:27:27.571 14718 14882 I LSPosed-Bridge: 	at com.efs.sdk.base.core.controller.ControllerCenter.handleMessage(Unknown Source:436)

07-22 23:27:27.571 14718 14882 I LSPosed-Bridge: 	at android.os.Handler.dispatchMessage(Handler.java:102)

07-22 23:27:27.571 14718 14882 I LSPosed-Bridge: 	at android.os.Looper.loop(Looper.java:193)

07-22 23:27:27.571 14718 14882 I LSPosed-Bridge: 	at android.os.HandlerThread.run(HandlerThread.java:65)

07-22 23:27:27.571  1572  2461 W InputManager: Input event injection from pid 14853 failed.

07-22 23:27:27.571 14718 14882 I LSPosed-Bridge: 14718 PermLabel 10147 ContextImpl Binder.getCallingPid() = 14718; Binder.getCallingUid() = 10147; permName: android.permission.READ_PHONE_STATE; res = -1; stacktrace=java.lang.Exception

07-22 23:27:27.571 14718 14882 I LSPosed-Bridge: 	at com.example.permlabel.requestPerm$2.afterHookedMethod(requestPerm.java:205)

07-22 23:27:27.571 14718 14882 I LSPosed-Bridge: 	at de.robv.android.xposed.XposedBridge$AdditionalHookInfo.callback(Unknown Source:147)

07-22 23:27:27.571 14718 14882 I LSPosed-Bridge: 	at LSPHooker_.checkPermission(Unknown Source:25)

07-22 23:27:27.571 14718 14882 I LSPosed-Bridge: 	at android.app.ContextImpl.checkSelfPermission(ContextImpl.java:1801)

07-22 23:27:27.571 14718 14882 I LSPosed-Bridge: 	at android.content.ContextWrapper.checkSelfPermission(ContextWrapper.java:759)

07-22 23:27:27.571 14718 14882 I LSPosed-Bridge: 	at java.lang.reflect.Method.invoke(Native Method)

07-22 23:27:27.571 14718 14882 I LSPosed-Bridge: 	at com.efs.sdk.base.core.util.NetworkUtil.checkPermission(Unknown Source:33)

07-22 23:27:27.571 14718 14882 I LSPosed-Bridge: 	at com.efs.sdk.base.core.util.NetworkUtil.getNetworkTypeUmeng(Unknown Source:10)

07-22 23:27:27.571 14718 14882 I LSPosed-Bridge: 	at com.efs.sdk.base.core.controller.ControllerCenter.handleMessage(Unknown Source:436)

07-22 23:27:27.571 14718 14882 I LSPosed-Bridge: 	at android.os.Handler.dispatchMessage(Handler.java:102)

07-22 23:27:27.571 14718 14882 I LSPosed-Bridge: 	at android.os.Looper.loop(Looper.java:193)

07-22 23:27:27.571 14718 14882 I LSPosed-Bridge: 	at android.os.HandlerThread.run(HandlerThread.java:65)

07-22 23:27:27.572 14718 14718 I LSPosed-Bridge: 14718 PermLabel hookBinder_test 10147 interfaceBinder =android.security.IKeystoreService; arg0 = 5; arg1 = android.os.Parcel@e2f032b; arg2 = android.os.Parcel@4622d12; arg3 = 0; res = true; stacktrace=java.lang.Exception

07-22 23:27:27.572 14718 14718 I LSPosed-Bridge: 	at com.example.permlabel.hookBinder_test$1.afterHookedMethod(hookBinder_test.java:75)

07-22 23:27:27.572 14718 14718 I LSPosed-Bridge: 	at de.robv.android.xposed.XposedBridge$AdditionalHookInfo.callback(Unknown Source:147)

07-22 23:27:27.572 14718 14718 I LSPosed-Bridge: 	at LSPHooker_.transact(Unknown Source:28)

07-22 23:27:27.572 14718 14718 I LSPosed-Bridge: 	at android.security.IKeystoreService$Stub$Proxy.exist(IKeystoreService.java:844)

07-22 23:27:27.572 14718 14718 I LSPosed-Bridge: 	at android.security.KeyStore.contains(KeyStore.java:241)

07-22 23:27:27.572 14718 14718 I LSPosed-Bridge: 	at android.security.keystore.AndroidKeyStoreSpi.isKeyEntry(AndroidKeyStoreSpi.java:915)

07-22 23:27:27.572 14718 14718 I LSPosed-Bridge: 	at android.security.keystore.AndroidKeyStoreSpi.engineIsKeyEntry(AndroidKeyStoreSpi.java:911)

07-22 23:27:27.572 14718 14718 I LSPosed-Bridge: 	at java.security.KeyStoreSpi.engineGetEntry(KeyStoreSpi.java:471)

07-22 23:27:27.572 14718 14718 I LSPosed-Bridge: 	at java.security.KeyStore.getEntry(KeyStore.java:1560)

07-22 23:27:27.572 14718 14718 I LSPosed-Bridge: 	at l.a.a.a.b.e(Unknown Source:13)

07-22 23:27:27.572 14718 14718 I LSPosed-Bridge: 	at l.a.a.a.b.b(Unknown Source:20)

07-22 23:27:27.572 14718 14718 I LSPosed-Bridge: 	at l.a.a.a.a.a(:2)

07-22 23:27:27.572 14718 14718 I LSPosed-Bridge: 	at j.p.b.a.f.n$b.invoke(:3)

07-22 23:27:27.572 14718 14718 I LSPosed-Bridge: 	at q.g.getValue(Unknown Source:20)

07-22 23:27:27.572 14718 14718 I LSPosed-Bridge: 	at j.p.b.a.f.d.c(:6)

07-22 23:27:27.572 14718 14718 I LSPosed-Bridge: 	at j.p.b.a.f.d.d(Unknown Source:21)

07-22 23:27:27.572 14718 14718 I LSPosed-Bridge: 	at j.p.b.a.f.l.r(:5)

07-22 23:27:27.572 14718 14718 I LSPosed-Bridge: 	at org.carddiary.carddiary.MainActivity.onResume(:3)

07-22 23:27:27.572 14718 14718 I LSPosed-Bridge: 	at android.app.Instrumentation.callActivityOnResume(Instrumentation.java:1413)

07-22 23:27:27.572 14718 14718 I LSPosed-Bridge: 	at android.app.Activity.performResume(Activity.java:7292)

07-22 23:27:27.572 14718 14718 I LSPosed-Bridge: 	at android.app.ActivityThread.performResumeActivity(ActivityThread.java:3777)

07-22 23:27:27.572 14718 14718 I LSPosed-Bridge: 	at android.app.ActivityThread.handleResumeActivity(ActivityThread.java:3817)

07-22 23:27:27.572 14718 14718 I LSPosed-Bridge: 	at android.app.servertransaction.ResumeActivityItem.execute(ResumeActivityItem.java:51)

07-22 23:27:27.572 14718 14718 I LSPosed-Bridge: 	at android.app.servertransaction.TransactionExecutor.executeLifecycleState(TransactionExecutor.java:145)

07-22 23:27:27.572 14718 14718 I LSPosed-Bridge: 	at android.app.servertransaction.TransactionExecutor.execute(TransactionExecutor.java:70)

07-22 23:27:27.572 14718 14718 I LSPosed-Bridge: 	at android.app.ActivityThread$H.handleMessage(ActivityThread.java:1809)

07-22 23:27:27.572 14718 14718 I LSPosed-Bridge: 	at android.os.Handler.dispatchMessage(Handler.java:106)

07-22 23:27:27.572 14718 14718 I LSPosed-Bridge: 	at android.os.Looper.loop(Looper.java:193)

07-22 23:27:27.572 14718 14718 I LSPosed-Bridge: 	at android.app.ActivityThread.main(ActivityThread.java:6692)

07-22 23:27:27.572 14718 14718 I LSPosed-Bridge: 	at java.lang.reflect.Method.invoke(Native Method)

07-22 23:27:27.572 14718 14718 I LSPosed-Bridge: 	at com.android.internal.os.RuntimeInit$MethodAndArgsCaller.run(RuntimeInit.java:493)

07-22 23:27:27.572 14718 14718 I LSPosed-Bridge: 	at com.android.internal.os.ZygoteInit.main(ZygoteInit.java:858)

07-22 23:27:27.572 14718 14756 I LSPosed-Bridge: 14718 PermLabel hookBinder_test 10147 interfaceBinder =android.content.pm.IPackageManager; arg0 = 34; arg1 = android.os.Parcel@a129251; arg2 = android.os.Parcel@ca4bb78; arg3 = 0; res = true; stacktrace=java.lang.Exception

07-22 23:27:27.572 14718 14756 I LSPosed-Bridge: 	at com.example.permlabel.hookBinder_test$1.afterHookedMethod(hookBinder_test.java:75)

07-22 23:27:27.572 14718 14756 I LSPosed-Bridge: 	at de.robv.android.xposed.XposedBridge$AdditionalHookInfo.callback(Unknown Source:147)

07-22 23:27:27.572 14718 14756 I LSPosed-Bridge: 	at LSPHooker_.transact(Unknown Source:28)

07-22 23:27:27.572 14718 14756 I LSPosed-Bridge: 	at android.content.pm.IPackageManager$Stub$Proxy.getPackagesForUid(IPackageManager.java:3558)

07-22 23:27:27.572 14718 14756 I LSPosed-Bridge: 	at android.app.ApplicationPackageManager.getPackagesForUid(ApplicationPackageManager.java:731)

07-22 23:27:27.572 14853 14853 I Input   : injectMotionEvent: MotionEvent { action=ACTION_MOVE, actionButton=0, id[0]=0, x[0]=107.0, y[0]=180.0, toolType[0]=TOOL_TYPE_UNKNOWN, buttonState=0, metaState=0, flags=0x0, edgeFlags=0x0, pointerCount=1, historySize=0, eventTime=2670049, downTime=2670049, deviceId=5, source=0x1002 }

07-22 23:27:27.572 14718 14882 I LSPosed-Bridge: 14718 PermLabel 10147 ContextImpl.checkPermission: pid = 14718; uid = 10147; permName: android.permission.READ_PHONE_STATE; type = 1; res = -1; stacktrace=java.lang.Exception

07-22 23:27:27.572 14718 14882 I LSPosed-Bridge: 	at com.example.permlabel.requestPerm$2.afterHookedMethod(requestPerm.java:229)

07-22 23:27:27.572 14718 14882 I LSPosed-Bridge: 	at de.robv.android.xposed.XposedBridge$AdditionalHookInfo.callback(Unknown Source:147)

07-22 23:27:27.572 14718 14882 I LSPosed-Bridge: 	at LSPHooker_.checkPermission(Unknown Source:25)

07-22 23:27:27.572 14718 14882 I LSPosed-Bridge: 	at android.app.ContextImpl.checkSelfPermission(ContextImpl.java:1801)

07-22 23:27:27.572 14718 14882 I LSPosed-Bridge: 	at android.content.ContextWrapper.checkSelfPermission(ContextWrapper.java:759)

07-22 23:27:27.572 14718 14882 I LSPosed-Bridge: 	at java.lang.reflect.Method.invoke(Native Method)

07-22 23:27:27.572 14718 14882 I LSPosed-Bridge: 	at com.efs.sdk.base.core.util.NetworkUtil.checkPermission(Unknown Source:33)

07-22 23:27:27.572 14718 14882 I LSPosed-Bridge: 	at com.efs.sdk.base.core.util.NetworkUtil.getNetworkTypeUmeng(Unknown Source:10)

07-22 23:27:27.572 14718 14882 I LSPosed-Bridge: 	at com.efs.sdk.base.core.controller.ControllerCenter.handleMessage(Unknown Source:436)

07-22 23:27:27.572 14718 14882 I LSPosed-Bridge: 	at android.os.Handler.dispatchMessage(Handler.java:102)

07-22 23:27:27.572 14718 14882 I LSPosed-Bridge: 	at android.os.Looper.loop(Looper.java:193)

07-22 23:27:27.572 14718 14882 I LSPosed-Bridge: 	at android.os.HandlerThread.run(HandlerThread.java:65)

07-22 23:27:27.572 14718 14756 I LSPosed-Bridge: 14718 PermLabel hookBinder_test 10147 interfaceBinder =android.content.pm.IPackageManager; arg0 = 34; arg1 = android.os.Parcel@ca4bb78; arg2 = android.os.Parcel@a129251; arg3 = 0; res = true; stacktrace=java.lang.Exception

07-22 23:27:27.572 14718 14756 I LSPosed-Bridge: 	at com.example.permlabel.hookBinder_test$1.afterHookedMethod(hookBinder_test.java:75)

07-22 23:27:27.572 14718 14756 I LSPosed-Bridge: 	at de.robv.android.xposed.XposedBridge$AdditionalHookInfo.callback(Unknown Source:147)

07-22 23:27:27.572 14718 14756 I LSPosed-Bridge: 	at LSPHooker_.transact(Unknown Source:28)

07-22 23:27:27.572 14718 14756 I LSPosed-Bridge: 	at android.content.pm.IPackageManager$Stub$Proxy.getPackagesForUid(IPackageManager.java:3558)

07-22 23:27:27.572 14718 14756 I LSPosed-Bridge: 	at android.app.ApplicationPackageManager.getPackagesForUid(ApplicationPackageManager.java:731)

07-22 23:27:27.572 14718 14718 I LSPosed-Bridge: 14718 PermLabel hookBinder_test 10147 interfaceBinder =android.security.IKeystoreService; arg0 = 5; arg1 = android.os.Parcel@c6540ed; arg2 = android.os.Parcel@f9687a5; arg3 = 0; res = true; stacktrace=java.lang.Exception

07-22 23:27:27.572 14718 14718 I LSPosed-Bridge: 	at com.example.permlabel.hookBinder_test$1.afterHookedMethod(hookBinder_test.java:75)

07-22 23:27:27.572 14718 14718 I LSPosed-Bridge: 	at de.robv.android.xposed.XposedBridge$AdditionalHookInfo.callback(Unknown Source:147)

07-22 23:27:27.572 14718 14718 I LSPosed-Bridge: 	at LSPHooker_.transact(Unknown Source:28)

07-22 23:27:27.572 14718 14718 I LSPosed-Bridge: 	at android.security.IKeystoreService$Stub$Proxy.exist(IKeystoreService.java:844)

07-22 23:27:27.572 14718 14718 I LSPosed-Bridge: 	at android.security.KeyStore.contains(KeyStore.java:241)

07-22 23:27:27.572 14718 14718 I LSPosed-Bridge: 	at android.security.keystore.AndroidKeyStoreSpi.engineGetKey(AndroidKeyStoreSpi.java:96)

07-22 23:27:27.572 14718 14718 I LSPosed-Bridge: 	at java.security.KeyStoreSpi.engineGetEntry(KeyStoreSpi.java:482)

07-22 23:27:27.572 14718 14718 I LSPosed-Bridge: 	at java.security.KeyStore.getEntry(KeyStore.java:1560)

07-22 23:27:27.572 14718 14718 I LSPosed-Bridge: 	at l.a.a.a.b.e(Unknown Source:13)

07-22 23:27:27.572 14718 14718 I LSPosed-Bridge: 	at l.a.a.a.b.b(Unknown Source:20)

07-22 23:27:27.572 14718 14718 I LSPosed-Bridge: 	at l.a.a.a.a.a(:2)

07-22 23:27:27.572 14718 14718 I LSPosed-Bridge: 	at j.p.b.a.f.n$b.invoke(:3)

07-22 23:27:27.572 14718 14718 I LSPosed-Bridge: 	at q.g.getValue(Unknown Source:20)

07-22 23:27:27.572 14718 14718 I LSPosed-Bridge: 	at j.p.b.a.f.d.c(:6)

07-22 23:27:27.572 14718 14718 I LSPosed-Bridge: 	at j.p.b.a.f.d.d(Unknown Source:21)

07-22 23:27:27.572 14718 14718 I LSPosed-Bridge: 	at j.p.b.a.f.l.r(:5)

07-22 23:27:27.572 14718 14718 I LSPosed-Bridge: 	at org.carddiary.carddiary.MainActivity.onResume(:3)

07-22 23:27:27.572 14718 14718 I LSPosed-Bridge: 	at android.app.Instrumentation.callActivityOnResume(Instrumentation.java:1413)

07-22 23:27:27.572 14718 14718 I LSPosed-Bridge: 	at android.app.Activity.performResume(Activity.java:7292)

07-22 23:27:27.572 14718 14718 I LSPosed-Bridge: 	at android.app.ActivityThread.performResumeActivity(ActivityThread.java:3777)

07-22 23:27:27.572 14718 14718 I LSPosed-Bridge: 	at android.app.ActivityThread.handleResumeActivity(ActivityThread.java:3817)

07-22 23:27:27.572 14718 14718 I LSPosed-Bridge: 	at android.app.servertransaction.ResumeActivityItem.execute(ResumeActivityItem.java:51)

07-22 23:27:27.572 14718 14718 I LSPosed-Bridge: 	at android.app.servertransaction.TransactionExecutor.executeLifecycleState(TransactionExecutor.java:145)

07-22 23:27:27.572 14718 14718 I LSPosed-Bridge: 	at android.app.servertransaction.TransactionExecutor.execute(TransactionExecutor.java:70)

07-22 23:27:27.572 14718 14718 I LSPosed-Bridge: 	at android.app.ActivityThread$H.handleMessage(ActivityThread.java:1809)

07-22 23:27:27.572 14718 14718 I LSPosed-Bridge: 	at android.os.Handler.dispatchMessage(Handler.java:106)

07-22 23:27:27.572 14718 14718 I LSPosed-Bridge: 	at android.os.Looper.loop(Looper.java:193)

07-22 23:27:27.572 14718 14718 I LSPosed-Bridge: 	at android.app.ActivityThread.main(ActivityThread.java:6692)

07-22 23:27:27.572 14718 14718 I LSPosed-Bridge: 	at java.lang.reflect.Method.invoke(Native Method)

07-22 23:27:27.572 14718 14718 I LSPosed-Bridge: 	at com.android.internal.os.RuntimeInit$MethodAndArgsCaller.run(RuntimeInit.java:493)

07-22 23:27:27.572 14718 14718 I LSPosed-Bridge: 	at com.android.internal.os.ZygoteInit.main(ZygoteInit.java:858)
