08-06 05:55:52.383  7815  7815 I LSPosed-Bridge: 	at android.view.ViewGroup.requestSendAccessibilityEvent(ViewGroup.java:1049)

08-06 05:55:52.383  7815  7815 I LSPosed-Bridge: 	at android.view.ViewGroup.requestSendAccessibilityEvent(ViewGroup.java:1049)

08-06 05:55:52.383  7815  7815 I LSPosed-Bridge: 	at org.chromium.content.browser.accessibility.WebContentsAccessibilityImpl.A(chromium-Monochrome.aab-stable-579013821:31)

08-06 05:55:52.383  7815  7815 I LSPosed-Bridge: 	at sh4.a(chromium-Monochrome.aab-stable-579013821:11)

08-06 05:55:52.383  7815  7815 I LSPosed-Bridge: 	at org.chromium.content.browser.accessibility.WebContentsAccessibilityImpl.C(chromium-Monochrome.aab-stable-579013821:228)

08-06 05:55:52.383  7815  7815 I LSPosed-Bridge: 	at org.chromium.content.browser.accessibility.WebContentsAccessibilityImpl.handleContentChanged(chromium-Monochrome.aab-stable-579013821:3)

08-06 05:55:52.383  7815  7815 I LSPosed-Bridge: 	at android.os.MessageQueue.nativePollOnce(Native Method)

08-06 05:55:52.383  7815  7815 I LSPosed-Bridge: 	at android.os.MessageQueue.next(MessageQueue.java:326)

08-06 05:55:52.383  7815  7815 I LSPosed-Bridge: 	at android.os.Looper.loop(Looper.java:160)

08-06 05:55:52.383  7815  7815 I LSPosed-Bridge: 	at android.app.ActivityThread.main(ActivityThread.java:6692)

08-06 05:55:52.383  7815  7815 I LSPosed-Bridge: 	at java.lang.reflect.Method.invoke(Native Method)

08-06 05:55:52.383  7815  7815 I LSPosed-Bridge: 	at com.android.internal.os.RuntimeInit$MethodAndArgsCaller.run(RuntimeInit.java:493)

08-06 05:55:52.383  7815  7815 I LSPosed-Bridge: 	at com.android.internal.os.ZygoteInit.main(ZygoteInit.java:858)

08-06 05:55:52.383   915  5469 W ServiceManager: Permission failure: android.permission.CAMERA from uid=10153 pid=7815

08-06 05:55:52.383   915  5469 E CameraService: Permission Denial: can't use the camera pid=7815, uid=10153

08-06 05:55:52.383  7815  9643 W CameraBase: An error occurred while connecting to camera 0: Status(-8): '1: validateClientPermissionsLocked:906: Caller "com.mt.mtxx.mtxx" (PID 10153, UID 7815) cannot open camera "0" without camera permission'

08-06 05:55:52.383  7815  9643 E Camera  : Camera  err=-13

08-06 05:55:52.395  1574  5465 I LSPosed-Bridge: 7815 PermLabel 10153 AMS.checkPermission: Binder.getCallingPid() = 915; uid = 10153; Binder.getCallingUid() = 1047; getNameForUid: null; getPackagesForUid: null; permName: android.permission.CAMERA; type = 1; res = -1; stacktrace=java.lang.Exception

08-06 05:55:52.395  1574  5465 I LSPosed-Bridge: 	at com.example.permlabel.requirePerm$1$2.afterHookedMethod(requirePerm.java:130)

08-06 05:55:52.395  1574  5465 I LSPosed-Bridge: 	at de.robv.android.xposed.XposedBridge$AdditionalHookInfo.callback(Unknown Source:147)

08-06 05:55:52.395  1574  5465 I LSPosed-Bridge: 	at LSPHooker_.checkPermission(Unknown Source:25)

08-06 05:55:52.395  1574  5465 I LSPosed-Bridge: 	at com.android.server.am.ActivityManagerService$PermissionController.checkPermission(ActivityManagerService.java:9248)

08-06 05:55:52.395  1574  5465 I LSPosed-Bridge: 	at android.os.IPermissionController$Stub.onTransact(IPermissionController.java:56)

08-06 05:55:52.395  1574  5465 I LSPosed-Bridge: 	at android.os.Binder.execTransact(Binder.java:731)

08-06 05:55:52.395   915  5469 W ServiceManager: Permission failure: android.permission.CAMERA from uid=10153 pid=7815

08-06 05:55:52.395   915  5469 E CameraService: Permission Denial: can't use the camera pid=7815, uid=10153

08-06 05:55:52.498  1574  1851 I LSPosed-Bridge: 7815 PermLabel 10153 AMS.checkPermission: Binder.getCallingPid() = 915; uid = 10153; Binder.getCallingUid() = 1047; getNameForUid: null; getPackagesForUid: null; permName: android.permission.CAMERA; type = 1; res = -1; stacktrace=java.lang.Exception

08-06 05:55:52.498  1574  1851 I LSPosed-Bridge: 	at com.example.permlabel.requirePerm$1$2.afterHookedMethod(requirePerm.java:130)

08-06 05:55:52.498  1574  1851 I LSPosed-Bridge: 	at de.robv.android.xposed.XposedBridge$AdditionalHookInfo.callback(Unknown Source:147)

08-06 05:55:52.498  1574  1851 I LSPosed-Bridge: 	at LSPHooker_.checkPermission(Unknown Source:25)

08-06 05:55:52.498  1574  1851 I LSPosed-Bridge: 	at com.android.server.am.ActivityManagerService$PermissionController.checkPermission(ActivityManagerService.java:9248)

08-06 05:55:52.498  1574  1851 I LSPosed-Bridge: 	at android.os.IPermissionController$Stub.onTransact(IPermissionController.java:56)

08-06 05:55:52.498  1574  1851 I LSPosed-Bridge: 	at android.os.Binder.execTransact(Binder.java:731)

08-06 05:55:52.498 13518 13568 W AppInitScheduler|Run: Running AddProcessNameToErrorReport

08-06 05:55:52.601  1574  5465 I LSPosed-Bridge: 7815 PermLabel 10153 AMS.checkPermission: Binder.getCallingPid() = 915; uid = 10153; Binder.getCallingUid() = 1047; getNameForUid: null; getPackagesForUid: null; permName: android.permission.CAMERA; type = 1; res = -1; stacktrace=java.lang.Exception

08-06 05:55:52.601  1574  5465 I LSPosed-Bridge: 	at com.example.permlabel.requirePerm$1$2.afterHookedMethod(requirePerm.java:130)

08-06 05:55:52.601  1574  5465 I LSPosed-Bridge: 	at de.robv.android.xposed.XposedBridge$AdditionalHookInfo.callback(Unknown Source:147)

08-06 05:55:52.601  1574  5465 I LSPosed-Bridge: 	at LSPHooker_.checkPermission(Unknown Source:25)

08-06 05:55:52.601  1574  5465 I LSPosed-Bridge: 	at com.android.server.am.ActivityManagerService$PermissionController.checkPermission(ActivityManagerService.java:9248)

08-06 05:55:52.601  1574  5465 I LSPosed-Bridge: 	at android.os.IPermissionController$Stub.onTransact(IPermissionController.java:56)

08-06 05:55:52.601  1574  5465 I LSPosed-Bridge: 	at android.os.Binder.execTransact(Binder.java:731)

08-06 05:55:52.601   915  5469 W ServiceManager: Permission failure: android.permission.CAMERA from uid=10153 pid=7815

08-06 05:55:52.601   915  5469 E CameraService: Permission Denial: can't use the camera pid=7815, uid=10153

08-06 05:55:52.704  1574  5465 I LSPosed-Bridge: 7815 PermLabel 10153 AMS.checkPermission: Binder.getCallingPid() = 915; uid = 10153; Binder.getCallingUid() = 1047; getNameForUid: null; getPackagesForUid: null; permName: android.permission.CAMERA; type = 1; res = -1; stacktrace=java.lang.Exception

08-06 05:55:52.704  1574  5465 I LSPosed-Bridge: 	at com.example.permlabel.requirePerm$1$2.afterHookedMethod(requirePerm.java:130)

08-06 05:55:52.704  1574  5465 I LSPosed-Bridge: 	at de.robv.android.xposed.XposedBridge$AdditionalHookInfo.callback(Unknown Source:147)

08-06 05:55:52.704  1574  5465 I LSPosed-Bridge: 	at LSPHooker_.checkPermission(Unknown Source:25)

08-06 05:55:52.704  1574  5465 I LSPosed-Bridge: 	at com.android.server.am.ActivityManagerService$PermissionController.checkPermission(ActivityManagerService.java:9248)

08-06 05:55:52.704  1574  5465 I LSPosed-Bridge: 	at android.os.IPermissionController$Stub.onTransact(IPermissionController.java:56)

08-06 05:55:52.704  1574  5465 I LSPosed-Bridge: 	at android.os.Binder.execTransact(Binder.java:731)

08-06 05:55:52.704   915  5469 W ServiceManager: Permission failure: android.permission.CAMERA from uid=10153 pid=7815

08-06 05:55:52.704   915  5469 E CameraService: Permission Denial: can't use the camera pid=7815, uid=10153

08-06 05:55:52.704  7815  9643 W CameraBase: An error occurred while connecting to camera 0: Status(-8): '1: validateClientPermissionsLocked:906: Caller "com.mt.mtxx.mtxx" (PID 10153, UID 7815) cannot open camera "0" without camera permission'

08-06 05:55:52.806  1574  1851 I LSPosed-Bridge: 7815 PermLabel 10153 AMS.checkPermission: Binder.getCallingPid() = 915; uid = 10153; Binder.getCallingUid() = 1047; getNameForUid: null; getPackagesForUid: null; permName: android.permission.CAMERA; type = 1; res = -1; stacktrace=java.lang.Exception

08-06 05:55:52.806  1574  1851 I LSPosed-Bridge: 	at com.example.permlabel.requirePerm$1$2.afterHookedMethod(requirePerm.java:130)

08-06 05:55:52.806  1574  1851 I LSPosed-Bridge: 	at de.robv.android.xposed.XposedBridge$AdditionalHookInfo.callback(Unknown Source:147)

08-06 05:55:52.806  1574  1851 I LSPosed-Bridge: 	at LSPHooker_.checkPermission(Unknown Source:25)

08-06 05:55:52.806  1574  1851 I LSPosed-Bridge: 	at com.android.server.am.ActivityManagerService$PermissionController.checkPermission(ActivityManagerService.java:9248)

08-06 05:55:52.806  1574  1851 I LSPosed-Bridge: 	at android.os.IPermissionController$Stub.onTransact(IPermissionController.java:56)

08-06 05:55:52.806  1574  1851 I LSPosed-Bridge: 	at android.os.Binder.execTransact(Binder.java:731)

08-06 05:55:52.806 13518 13556 W AppInitScheduler|Run:   Finished INeedInitForGatekeepersListenerRegister in 4ms

08-06 05:55:52.912  1574  1851 I LSPosed-Bridge: 7815 PermLabel 10153 AMS.checkPermission: Binder.getCallingPid() = 915; uid = 10153; Binder.getCallingUid() = 1047; getNameForUid: null; getPackagesForUid: null; permName: android.permission.CAMERA; type = 1; res = -1; stacktrace=java.lang.Exception

08-06 05:55:52.912  1574  1851 I LSPosed-Bridge: 	at com.example.permlabel.requirePerm$1$2.afterHookedMethod(requirePerm.java:130)

08-06 05:55:52.912  1574  1851 I LSPosed-Bridge: 	at de.robv.android.xposed.XposedBridge$AdditionalHookInfo.callback(Unknown Source:147)

08-06 05:55:52.912  1574  1851 I LSPosed-Bridge: 	at LSPHooker_.checkPermission(Unknown Source:25)

08-06 05:55:52.912  1574  1851 I LSPosed-Bridge: 	at com.android.server.am.ActivityManagerService$PermissionController.checkPermission(ActivityManagerService.java:9248)

08-06 05:55:52.912  1574  1851 I LSPosed-Bridge: 	at android.os.IPermissionController$Stub.onTransact(IPermissionController.java:56)

08-06 05:55:52.912  1574  1851 I LSPosed-Bridge: 	at android.os.Binder.execTransact(Binder.java:731)

08-06 05:55:52.912   915  5469 W ServiceManager: Permission failure: android.permission.CAMERA from uid=10153 pid=7815

08-06 05:55:52.912   915  5469 E CameraService: Permission Denial: can't use the camera pid=7815, uid=10153

08-06 05:55:52.912 13518 13569 W msgr.AppInitScheduler|Run:   Finished RegisterMainLooperTracer in 1ms

08-06 05:55:53.015  1574  1851 I LSPosed-Bridge: 7815 PermLabel 10153 AMS.checkPermission: Binder.getCallingPid() = 915; uid = 10153; Binder.getCallingUid() = 1047; getNameForUid: null; getPackagesForUid: null; permName: android.permission.CAMERA; type = 1; res = -1; stacktrace=java.lang.Exception

08-06 05:55:53.015  1574  1851 I LSPosed-Bridge: 	at com.example.permlabel.requirePerm$1$2.afterHookedMethod(requirePerm.java:130)

08-06 05:55:53.015  1574  1851 I LSPosed-Bridge: 	at de.robv.android.xposed.XposedBridge$AdditionalHookInfo.callback(Unknown Source:147)

08-06 05:55:53.015  1574  1851 I LSPosed-Bridge: 	at LSPHooker_.checkPermission(Unknown Source:25)

08-06 05:55:53.015  1574  1851 I LSPosed-Bridge: 	at com.android.server.am.ActivityManagerService$PermissionController.checkPermission(ActivityManagerService.java:9248)

08-06 05:55:53.015  1574  1851 I LSPosed-Bridge: 	at android.os.IPermissionController$Stub.onTransact(IPermissionController.java:56)

08-06 05:55:53.015  1574  1851 I LSPosed-Bridge: 	at android.os.Binder.execTransact(Binder.java:731)

08-06 05:55:53.118  1574  1851 I LSPosed-Bridge: 7815 PermLabel 10153 AMS.checkPermission: Binder.getCallingPid() = 915; uid = 10153; Binder.getCallingUid() = 1047; getNameForUid: null; getPackagesForUid: null; permName: android.permission.CAMERA; type = 1; res = -1; stacktrace=java.lang.Exception

08-06 05:55:53.118  1574  1851 I LSPosed-Bridge: 	at com.example.permlabel.requirePerm$1$2.afterHookedMethod(requirePerm.java:130)

08-06 05:55:53.118  1574  1851 I LSPosed-Bridge: 	at de.robv.android.xposed.XposedBridge$AdditionalHookInfo.callback(Unknown Source:147)

08-06 05:55:53.118  1574  1851 I LSPosed-Bridge: 	at LSPHooker_.checkPermission(Unknown Source:25)

08-06 05:55:53.118  1574  1851 I LSPosed-Bridge: 	at com.android.server.am.ActivityManagerService$PermissionController.checkPermission(ActivityManagerService.java:9248)

08-06 05:55:53.118  1574  1851 I LSPosed-Bridge: 	at android.os.IPermissionController$Stub.onTransact(IPermissionController.java:56)

08-06 05:55:53.118  1574  1851 I LSPosed-Bridge: 	at android.os.Binder.execTransact(Binder.java:731)

08-06 05:55:53.226  1574  1851 I LSPosed-Bridge: 7815 PermLabel 10153 AMS.checkPermission: Binder.getCallingPid() = 915; uid = 10153; Binder.getCallingUid() = 1047; getNameForUid: null; getPackagesForUid: null; permName: android.permission.CAMERA; type = 1; res = -1; stacktrace=java.lang.Exception

08-06 05:55:53.226  1574  1851 I LSPosed-Bridge: 	at com.example.permlabel.requirePerm$1$2.afterHookedMethod(requirePerm.java:130)

08-06 05:55:53.226  1574  1851 I LSPosed-Bridge: 	at de.robv.android.xposed.XposedBridge$AdditionalHookInfo.callback(Unknown Source:147)

08-06 05:55:53.226  1574  1851 I LSPosed-Bridge: 	at LSPHooker_.checkPermission(Unknown Source:25)

08-06 05:55:53.226  1574  1851 I LSPosed-Bridge: 	at com.android.server.am.ActivityManagerService$PermissionController.checkPermission(ActivityManagerService.java:9248)

08-06 05:55:53.226  1574  1851 I LSPosed-Bridge: 	at android.os.IPermissionController$Stub.onTransact(IPermissionController.java:56)

08-06 05:55:53.226  1574  1851 I LSPosed-Bridge: 	at android.os.Binder.execTransact(Binder.java:731)

08-06 06:03:57.831  7815  7815 I LSPosed-Bridge: 7815 PermLabel hookBinder_test 10153 interfaceBinder =android.content.pm.IPackageManager; arg0 = 9; arg1 = android.os.Parcel@80960b1; arg2 = android.os.Parcel@914d63e; arg3 = 0; res = true; stacktrace=java.lang.Exception

08-06 06:03:57.831  7815  7815 I LSPosed-Bridge: 7815 PermLabel hookBinder_test 10153 interfaceBinder =android.content.pm.IPackageManager; arg0 = 9; arg1 = android.os.Parcel@80960b1; arg2 = android.os.Parcel@914d63e; arg3 = 0; res = true; stacktrace=java.lang.Exception

08-06 06:03:57.831  7815  7815 I LSPosed-Bridge: 	at com.example.permlabel.hookBinder_test$1.afterHookedMethod(hookBinder_test.java:55)

08-06 06:03:57.831  7815  7815 I LSPosed-Bridge: 	at com.example.permlabel.hookBinder_test$1.afterHookedMethod(hookBinder_test.java:55)

08-06 06:03:57.831  7815  7815 I LSPosed-Bridge: 	at de.robv.android.xposed.XposedBridge$AdditionalHookInfo.callback(Unknown Source:147)

08-06 06:03:57.831  7815  7815 I LSPosed-Bridge: 	at de.robv.android.xposed.XposedBridge$AdditionalHookInfo.callback(Unknown Source:147)

08-06 06:03:57.831  7815  7815 I LSPosed-Bridge: 	at LSPHooker_.transact(Unknown Source:28)

08-06 06:03:57.831  7815  7815 I LSPosed-Bridge: 	at LSPHooker_.transact(Unknown Source:28)

08-06 06:03:57.831  7815  7815 I LSPosed-Bridge: 	at android.content.pm.IPackageManager$Stub$Proxy.getPermissionInfo(IPackageManager.java:3008)

08-06 06:03:57.831  7815  7815 I LSPosed-Bridge: 	at android.content.pm.IPackageManager$Stub$Proxy.getPermissionInfo(IPackageManager.java:3008)

08-06 06:03:57.831  7815  7815 I LSPosed-Bridge: 	at android.app.ApplicationPackageManager.getPermissionInfo(ApplicationPackageManager.java:306)

08-06 06:03:57.831  7815  7815 I LSPosed-Bridge: 	at android.app.ApplicationPackageManager.getPermissionInfo(ApplicationPackageManager.java:306)

08-06 06:03:57.831  7815  7815 I LSPosed-Bridge: 	at com.example.permlabel.requestPerm$2.afterHookedMethod(requestPerm.java:176)

08-06 06:03:57.831  7815  7815 I LSPosed-Bridge: 	at com.example.permlabel.requestPerm$2.afterHookedMethod(requestPerm.java:176)

08-06 06:03:57.831  7815  7815 I LSPosed-Bridge: 	at de.robv.android.xposed.XposedBridge$AdditionalHookInfo.callback(Unknown Source:147)

08-06 06:03:57.831  7815  7815 I LSPosed-Bridge: 	at de.robv.android.xposed.XposedBridge$AdditionalHookInfo.callback(Unknown Source:147)

08-06 06:03:57.831  7815  7815 I LSPosed-Bridge: 	at LSPHooker_.checkPermission(Unknown Source:25)

08-06 06:03:57.831  7815  7815 I LSPosed-Bridge: 	at LSPHooker_.checkPermission(Unknown Source:25)

08-06 06:03:57.831  7815  7815 I LSPosed-Bridge: 	at android.content.ContextWrapper.checkPermission(ContextWrapper.java:738)

08-06 06:03:57.831  7815  7815 I LSPosed-Bridge: 	at android.content.ContextWrapper.checkPermission(ContextWrapper.java:738)

08-06 06:03:57.831  7815  7815 I LSPosed-Bridge: 	at android.content.ContextWrapper.checkPermission(ContextWrapper.java:738)

08-06 06:03:57.831  7815  7815 I LSPosed-Bridge: 	at android.content.ContextWrapper.checkPermission(ContextWrapper.java:738)

08-06 06:03:57.831  7815  7815 I LSPosed-Bridge: 	at androidx.core.content.q.a(SourceFile:1)

08-06 06:03:57.831  7815  7815 I LSPosed-Bridge: 	at androidx.core.content.q.a(SourceFile:1)

08-06 06:03:57.831  7815  7815 I LSPosed-Bridge: 	at com.meitu.library.uxkit.context.PermissionCompatActivity.se(SourceFile:3)

08-06 06:03:57.831  7815  7815 I LSPosed-Bridge: 	at com.meitu.library.uxkit.context.PermissionCompatActivity.se(SourceFile:3)

08-06 06:03:57.831  7815  7815 I LSPosed-Bridge: 	at com.meitu.library.uxkit.context.PermissionCompatActivity.te(Unknown Source:0)

08-06 06:03:57.831  7815  7815 I LSPosed-Bridge: 	at com.meitu.library.uxkit.context.PermissionCompatActivity.te(Unknown Source:0)

08-06 06:03:57.831  7815  7815 I LSPosed-Bridge: 	at com.mt.mtxx.camera.view.CameraActivity.bj(SourceFile:3)

08-06 06:03:57.831  7815  7815 I LSPosed-Bridge: 	at com.mt.mtxx.camera.view.CameraActivity.bj(SourceFile:3)

08-06 06:03:57.831  7815  7815 I LSPosed-Bridge: 	at com.mt.mtxx.camera.view.CameraActivity.cj(Unknown Source:11)

08-06 06:03:57.831  7815  7815 I LSPosed-Bridge: 	at com.mt.mtxx.camera.view.CameraActivity.cj(Unknown Source:11)

08-06 06:03:57.831  7815  7815 I LSPosed-Bridge: 	at com.mt.mtxx.camera.view.CameraActivity.onCreate(SourceFile:19)

08-06 06:03:57.831  7815  7815 I LSPosed-Bridge: 	at com.mt.mtxx.camera.view.CameraActivity.onCreate(SourceFile:19)

08-06 06:03:57.831  7815  7815 I LSPosed-Bridge: 	at android.app.Activity.performCreate(Activity.java:7136)

08-06 06:03:57.831  7815  7815 I LSPosed-Bridge: 	at android.app.Activity.performCreate(Activity.java:7136)

08-06 06:03:57.831  7815  7815 I LSPosed-Bridge: 	at android.app.Activity.performCreate(Activity.java:7127)

08-06 06:03:57.831  7815  7815 I LSPosed-Bridge: 	at android.app.Activity.performCreate(Activity.java:7127)

08-06 06:03:57.831  7815  7815 I LSPosed-Bridge: 	at android.app.Instrumentation.callActivityOnCreate(Instrumentation.java:1272)

08-06 06:03:57.831  7815  7815 I LSPosed-Bridge: 	at android.app.Instrumentation.callActivityOnCreate(Instrumentation.java:1272)

08-06 06:03:57.831  7815  7815 I LSPosed-Bridge: 	at android.app.ActivityThread.performLaunchActivity(ActivityThread.java:2894)

08-06 06:03:57.831  7815  7815 I LSPosed-Bridge: 	at android.app.ActivityThread.performLaunchActivity(ActivityThread.java:2894)

08-06 06:03:57.831  7815  7815 I LSPosed-Bridge: 	at android.app.ActivityThread.handleLaunchActivity(ActivityThread.java:3049)

08-06 06:03:57.831  7815  7815 I LSPosed-Bridge: 	at android.app.ActivityThread.handleLaunchActivity(ActivityThread.java:3049)

08-06 06:03:57.831  7815  7815 I LSPosed-Bridge: 	at android.app.servertransaction.LaunchActivityItem.execute(LaunchActivityItem.java:78)

08-06 06:03:57.831  7815  7815 I LSPosed-Bridge: 	at android.app.servertransaction.LaunchActivityItem.execute(LaunchActivityItem.java:78)

08-06 06:03:57.831  7815  7815 I LSPosed-Bridge: 	at android.app.servertransaction.TransactionExecutor.executeCallbacks(TransactionExecutor.java:108)

08-06 06:03:57.831  7815  7815 I LSPosed-Bridge: 	at android.app.servertransaction.TransactionExecutor.executeCallbacks(TransactionExecutor.java:108)

08-06 06:03:57.831  7815  7815 I LSPosed-Bridge: 	at android.app.servertransaction.TransactionExecutor.execute(TransactionExecutor.java:68)

08-06 06:03:57.831  7815  7815 I LSPosed-Bridge: 	at android.app.servertransaction.TransactionExecutor.execute(TransactionExecutor.java:68)

08-06 06:03:57.831  7815  7815 I LSPosed-Bridge: 	at android.app.ActivityThread$H.handleMessage(ActivityThread.java:1809)

08-06 06:03:57.831  7815  7815 I LSPosed-Bridge: 	at android.app.ActivityThread$H.handleMessage(ActivityThread.java:1809)

08-06 06:03:57.831  7815  7815 I LSPosed-Bridge: 	at android.os.Handler.dispatchMessage(Handler.java:106)

08-06 06:03:57.831  7815  7815 I LSPosed-Bridge: 	at android.os.Handler.dispatchMessage(Handler.java:106)

08-06 06:03:57.831  7815  7815 I LSPosed-Bridge: 	at android.os.Looper.loop(Looper.java:193)

08-06 06:03:57.831  7815  7815 I LSPosed-Bridge: 	at android.os.Looper.loop(Looper.java:193)

08-06 06:03:57.831  7815  7815 I LSPosed-Bridge: 	at android.app.ActivityThread.main(ActivityThread.java:6692)

08-06 06:03:57.831  7815  7815 I LSPosed-Bridge: 	at android.app.ActivityThread.main(ActivityThread.java:6692)

08-06 06:03:57.831  7815  7815 I LSPosed-Bridge: 	at java.lang.reflect.Method.invoke(Native Method)

08-06 06:03:57.831  7815  7815 I LSPosed-Bridge: 	at java.lang.reflect.Method.invoke(Native Method)

08-06 06:03:57.831  7815  7815 I LSPosed-Bridge: 	at com.android.internal.os.RuntimeInit$MethodAndArgsCaller.run(RuntimeInit.java:493)

08-06 06:03:57.831  7815  7815 I LSPosed-Bridge: 	at com.android.internal.os.RuntimeInit$MethodAndArgsCaller.run(RuntimeInit.java:493)

08-06 06:03:57.831  7815  7815 I LSPosed-Bridge: 	at com.android.internal.os.ZygoteInit.main(ZygoteInit.java:858)

08-06 06:03:57.831  7815  7815 I LSPosed-Bridge: 	at com.android.internal.os.ZygoteInit.main(ZygoteInit.java:858)

08-06 06:03:57.831  7815  7815 I LSPosed-Bridge: 7815 PermLabel 10153 ContextImpl.checkPermission: askedperm = [android.permission.WRITE_EXTERNAL_STORAGE]; permName: android.permission.CAMERA; android.os.Process.myPid() = 7815; type = 1

08-06 06:03:57.831  7815  7815 I LSPosed-Bridge: 7815 PermLabel 10153 ContextImpl.checkPermission: askedperm = [android.permission.WRITE_EXTERNAL_STORAGE]; permName: android.permission.CAMERA; android.os.Process.myPid() = 7815; type = 1

08-06 06:03:57.831  7815  7815 I LSPosed-Bridge: 7815 PermLabel 10153 ContextImpl.checkPermission: pid = 7815; uid = 10153; Binder.getCallingPid() =7815; Binder.getCallingUid() = 10153; permName: android.permission.CAMERA; type = 1; res = -1; stacktrace=java.lang.Exception

08-06 06:03:57.831  7815  7815 I LSPosed-Bridge: 7815 PermLabel 10153 ContextImpl.checkPermission: pid = 7815; uid = 10153; Binder.getCallingPid() =7815; Binder.getCallingUid() = 10153; permName: android.permission.CAMERA; type = 1; res = -1; stacktrace=java.lang.Exception

08-06 06:03:57.831  7815  7815 I LSPosed-Bridge: 	at com.example.permlabel.requestPerm$2.afterHookedMethod(requestPerm.java:193)

08-06 06:03:57.831  7815  7815 I LSPosed-Bridge: 	at com.example.permlabel.requestPerm$2.afterHookedMethod(requestPerm.java:193)

08-06 06:03:57.831  7815  7815 I LSPosed-Bridge: 	at de.robv.android.xposed.XposedBridge$AdditionalHookInfo.callback(Unknown Source:147)

08-06 06:03:57.831  7815  7815 I LSPosed-Bridge: 	at de.robv.android.xposed.XposedBridge$AdditionalHookInfo.callback(Unknown Source:147)

08-06 06:03:57.831  7815  7815 I LSPosed-Bridge: 	at LSPHooker_.checkPermission(Unknown Source:25)

08-06 06:03:57.831  7815  7815 I LSPosed-Bridge: 	at LSPHooker_.checkPermission(Unknown Source:25)

08-06 06:03:57.831  7815  7815 I LSPosed-Bridge: 	at android.content.ContextWrapper.checkPermission(ContextWrapper.java:738)

08-06 06:03:57.831  7815  7815 I LSPosed-Bridge: 	at android.content.ContextWrapper.checkPermission(ContextWrapper.java:738)

08-06 06:03:57.831  7815  7815 I LSPosed-Bridge: 	at android.content.ContextWrapper.checkPermission(ContextWrapper.java:738)

08-06 06:03:57.831  7815  7815 I LSPosed-Bridge: 	at android.content.ContextWrapper.checkPermission(ContextWrapper.java:738)

08-06 06:03:57.831  7815  7815 I LSPosed-Bridge: 	at androidx.core.content.q.a(SourceFile:1)

08-06 06:03:57.831  7815  7815 I LSPosed-Bridge: 	at androidx.core.content.q.a(SourceFile:1)

08-06 06:03:57.831  7815  7815 I LSPosed-Bridge: 	at com.meitu.library.uxkit.context.PermissionCompatActivity.se(SourceFile:3)

08-06 06:03:57.831  7815  7815 I LSPosed-Bridge: 	at com.meitu.library.uxkit.context.PermissionCompatActivity.se(SourceFile:3)

08-06 06:03:57.831  7815  7815 I LSPosed-Bridge: 	at com.meitu.library.uxkit.context.PermissionCompatActivity.te(Unknown Source:0)

08-06 06:03:57.831  7815  7815 I LSPosed-Bridge: 	at com.meitu.library.uxkit.context.PermissionCompatActivity.te(Unknown Source:0)

08-06 06:03:57.831  7815  7815 I LSPosed-Bridge: 	at com.mt.mtxx.camera.view.CameraActivity.bj(SourceFile:3)

08-06 06:03:57.831  7815  7815 I LSPosed-Bridge: 	at com.mt.mtxx.camera.view.CameraActivity.bj(SourceFile:3)

08-06 06:03:57.831  7815  7815 I LSPosed-Bridge: 	at com.mt.mtxx.camera.view.CameraActivity.cj(Unknown Source:11)

08-06 06:03:57.831  7815  7815 I LSPosed-Bridge: 	at com.mt.mtxx.camera.view.CameraActivity.cj(Unknown Source:11)

08-06 06:03:57.831  7815  7815 I LSPosed-Bridge: 	at com.mt.mtxx.camera.view.CameraActivity.onCreate(SourceFile:19)

08-06 06:03:57.831  7815  7815 I LSPosed-Bridge: 	at com.mt.mtxx.camera.view.CameraActivity.onCreate(SourceFile:19)

08-06 06:03:57.831  7815  7815 I LSPosed-Bridge: 	at android.app.Activity.performCreate(Activity.java:7136)

08-06 06:03:57.831  7815  7815 I LSPosed-Bridge: 	at android.app.Activity.performCreate(Activity.java:7136)

08-06 06:03:57.831  7815  7815 I LSPosed-Bridge: 	at android.app.Activity.performCreate(Activity.java:7127)

08-06 06:03:57.831  7815  7815 I LSPosed-Bridge: 	at android.app.Activity.performCreate(Activity.java:7127)

08-06 06:03:57.831  7815  7815 I LSPosed-Bridge: 	at android.app.Instrumentation.callActivityOnCreate(Instrumentation.java:1272)

08-06 06:03:57.831  7815  7815 I LSPosed-Bridge: 	at android.app.Instrumentation.callActivityOnCreate(Instrumentation.java:1272)

08-06 06:03:57.831  7815  7815 I LSPosed-Bridge: 	at android.app.ActivityThread.performLaunchActivity(ActivityThread.java:2894)

08-06 06:03:57.831  7815  7815 I LSPosed-Bridge: 	at android.app.ActivityThread.performLaunchActivity(ActivityThread.java:2894)

08-06 06:03:57.831  7815  7815 I LSPosed-Bridge: 	at android.app.ActivityThread.handleLaunchActivity(ActivityThread.java:3049)

08-06 06:03:57.831  7815  7815 I LSPosed-Bridge: 	at android.app.ActivityThread.handleLaunchActivity(ActivityThread.java:3049)

08-06 06:03:57.831  7815  7815 I LSPosed-Bridge: 	at android.app.servertransaction.LaunchActivityItem.execute(LaunchActivityItem.java:78)

08-06 06:03:57.831  7815  7815 I LSPosed-Bridge: 	at android.app.servertransaction.LaunchActivityItem.execute(LaunchActivityItem.java:78)

08-06 06:03:57.831  7815  7815 I LSPosed-Bridge: 	at android.app.servertransaction.TransactionExecutor.executeCallbacks(TransactionExecutor.java:108)

08-06 06:03:57.831  7815  7815 I LSPosed-Bridge: 	at android.app.servertransaction.TransactionExecutor.executeCallbacks(TransactionExecutor.java:108)

08-06 06:03:57.831  7815  7815 I LSPosed-Bridge: 	at android.app.servertransaction.TransactionExecutor.execute(TransactionExecutor.java:68)

08-06 06:03:57.831  7815  7815 I LSPosed-Bridge: 	at android.app.servertransaction.TransactionExecutor.execute(TransactionExecutor.java:68)

08-06 06:03:57.831  7815  7815 I LSPosed-Bridge: 	at android.app.ActivityThread$H.handleMessage(ActivityThread.java:1809)

08-06 06:03:57.831  7815  7815 I LSPosed-Bridge: 	at android.app.ActivityThread$H.handleMessage(ActivityThread.java:1809)

08-06 06:03:57.831  7815  7815 I LSPosed-Bridge: 	at android.os.Handler.dispatchMessage(Handler.java:106)

08-06 06:03:57.831  7815  7815 I LSPosed-Bridge: 	at android.os.Handler.dispatchMessage(Handler.java:106)

08-06 06:03:57.831  7815  7815 I LSPosed-Bridge: 	at android.os.Looper.loop(Looper.java:193)

08-06 06:03:57.831  7815  7815 I LSPosed-Bridge: 	at android.os.Looper.loop(Looper.java:193)

08-06 06:03:57.831  7815  7815 I LSPosed-Bridge: 	at android.app.ActivityThread.main(ActivityThread.java:6692)

08-06 06:03:57.831  7815  7815 I LSPosed-Bridge: 	at android.app.ActivityThread.main(ActivityThread.java:6692)

08-06 06:03:57.831  7815  7815 I LSPosed-Bridge: 	at java.lang.reflect.Method.invoke(Native Method)

08-06 06:03:57.831  7815  7815 I LSPosed-Bridge: 	at java.lang.reflect.Method.invoke(Native Method)

08-06 06:03:57.831  7815  7815 I LSPosed-Bridge: 	at com.android.internal.os.RuntimeInit$MethodAndArgsCaller.run(RuntimeInit.java:493)

08-06 06:03:57.831  7815  7815 I LSPosed-Bridge: 	at com.android.internal.os.RuntimeInit$MethodAndArgsCaller.run(RuntimeInit.java:493)

08-06 06:03:57.831  7815  7815 I LSPosed-Bridge: 	at com.android.internal.os.ZygoteInit.main(ZygoteInit.java:858)

08-06 06:03:57.831  7815  7815 I LSPosed-Bridge: 	at com.android.internal.os.ZygoteInit.main(ZygoteInit.java:858)

08-06 06:03:57.832  7815  7815 I LSPosed-Bridge: 7815 PermLabel 10153 ContextImpl.checkPermission: pid = 7815; uid = 10153; permName: android.permission.CAMERA; type = 1; res = -1; stacktrace=java.lang.Exception

08-06 06:03:57.832  7815  7815 I LSPosed-Bridge: 	at com.example.permlabel.requestPerm$2.afterHookedMethod(requestPerm.java:210)

08-06 06:03:57.832  7815  7815 I LSPosed-Bridge: 	at de.robv.android.xposed.XposedBridge$AdditionalHookInfo.callback(Unknown Source:147)

08-06 06:03:57.832  7815  7815 I LSPosed-Bridge: 	at LSPHooker_.checkPermission(Unknown Source:25)

08-06 06:03:57.832  7815  7815 I LSPosed-Bridge: 	at android.content.ContextWrapper.checkPermission(ContextWrapper.java:738)

08-06 06:03:57.832  7815  7815 I LSPosed-Bridge: 	at android.content.ContextWrapper.checkPermission(ContextWrapper.java:738)

08-06 06:03:57.832  7815  7815 I LSPosed-Bridge: 	at androidx.core.content.q.a(SourceFile:1)

08-06 06:03:57.832  7815  7815 I LSPosed-Bridge: 	at com.meitu.library.uxkit.context.PermissionCompatActivity.se(SourceFile:3)

08-06 06:03:57.832  7815  7815 I LSPosed-Bridge: 	at com.meitu.library.uxkit.context.PermissionCompatActivity.te(Unknown Source:0)

08-06 06:03:57.832  7815  7815 I LSPosed-Bridge: 	at com.mt.mtxx.camera.view.CameraActivity.bj(SourceFile:3)

08-06 06:03:57.832  7815  7815 I LSPosed-Bridge: 	at com.mt.mtxx.camera.view.CameraActivity.cj(Unknown Source:11)

08-06 06:03:57.832  7815  7815 I LSPosed-Bridge: 	at com.mt.mtxx.camera.view.CameraActivity.onCreate(SourceFile:19)

08-06 06:03:57.832  7815  7815 I LSPosed-Bridge: 	at android.app.Activity.performCreate(Activity.java:7136)

08-06 06:03:57.832  7815  7815 I LSPosed-Bridge: 	at android.app.Activity.performCreate(Activity.java:7127)

08-06 06:03:57.832  7815  7815 I LSPosed-Bridge: 	at android.app.Instrumentation.callActivityOnCreate(Instrumentation.java:1272)

08-06 06:03:57.832  7815  7815 I LSPosed-Bridge: 	at android.app.ActivityThread.performLaunchActivity(ActivityThread.java:2894)

08-06 06:03:57.832  7815  7815 I LSPosed-Bridge: 	at android.app.ActivityThread.handleLaunchActivity(ActivityThread.java:3049)

08-06 06:03:57.832  7815  7815 I LSPosed-Bridge: 	at android.app.servertransaction.LaunchActivityItem.execute(LaunchActivityItem.java:78)

08-06 06:03:57.832  7815  7815 I LSPosed-Bridge: 	at android.app.servertransaction.TransactionExecutor.executeCallbacks(TransactionExecutor.java:108)

08-06 06:03:57.832  7815  7815 I LSPosed-Bridge: 	at android.app.servertransaction.TransactionExecutor.execute(TransactionExecutor.java:68)

08-06 06:03:57.832  7815  7815 I LSPosed-Bridge: 	at android.app.ActivityThread$H.handleMessage(ActivityThread.java:1809)

08-06 06:03:57.832  7815  7815 I LSPosed-Bridge: 	at android.os.Handler.dispatchMessage(Handler.java:106)

08-06 06:03:57.832  7815  7815 I LSPosed-Bridge: 	at android.os.Looper.loop(Looper.java:193)

08-06 06:03:57.832  7815  7815 I LSPosed-Bridge: 	at android.app.ActivityThread.main(ActivityThread.java:6692)

08-06 06:03:57.832  7815  7815 I LSPosed-Bridge: 	at java.lang.reflect.Method.invoke(Native Method)

08-06 06:03:57.832  7815  7815 I LSPosed-Bridge: 	at com.android.internal.os.RuntimeInit$MethodAndArgsCaller.run(RuntimeInit.java:493)

08-06 06:03:57.832  7815  7815 I LSPosed-Bridge: 	at com.android.internal.os.ZygoteInit.main(ZygoteInit.java:858)

08-06 06:03:57.838  7815  7815 I LSPosed-Bridge: 7815 PermLabel 10153 ContextImpl.checkPermission: pid = 7815; uid = 10153; permName: android.permission.CAMERA; type = 1; res = -1; stacktrace=java.lang.Exception

08-06 06:03:57.838  7815  7815 I LSPosed-Bridge: 	at com.example.permlabel.requestPerm$2.afterHookedMethod(requestPerm.java:210)

08-06 06:03:57.838  7815  7815 I LSPosed-Bridge: 	at de.robv.android.xposed.XposedBridge$AdditionalHookInfo.callback(Unknown Source:147)

08-06 06:03:57.838  7815  7815 I LSPosed-Bridge: 	at LSPHooker_.checkPermission(Unknown Source:25)

08-06 06:03:57.838  7815  7815 I LSPosed-Bridge: 	at android.content.ContextWrapper.checkPermission(ContextWrapper.java:738)

08-06 06:03:57.838  7815  7815 I LSPosed-Bridge: 	at android.content.ContextWrapper.checkPermission(ContextWrapper.java:738)

08-06 06:03:57.838  7815  7815 I LSPosed-Bridge: 	at androidx.core.content.q.a(SourceFile:1)

08-06 06:03:57.838  7815  7815 I LSPosed-Bridge: 	at com.meitu.library.uxkit.context.PermissionCompatActivity.se(SourceFile:3)

08-06 06:03:57.838  7815  7815 I LSPosed-Bridge: 	at com.meitu.library.uxkit.context.PermissionCompatActivity.te(Unknown Source:0)

08-06 06:03:57.838  7815  7815 I LSPosed-Bridge: 	at com.meitu.library.uxkit.context.PermissionCompatActivity.ke(SourceFile:11)

08-06 06:03:57.838  7815  7815 I LSPosed-Bridge: 	at com.meitu.library.uxkit.context.PermissionCompatActivity.je(Unknown Source:6)

08-06 06:03:57.838  7815  7815 I LSPosed-Bridge: 	at com.mt.mtxx.camera.view.CameraActivity.bj(SourceFile:8)

08-06 06:03:57.838  7815  7815 I LSPosed-Bridge: 	at com.mt.mtxx.camera.view.CameraActivity.cj(Unknown Source:11)

08-06 06:03:57.838  7815  7815 I LSPosed-Bridge: 	at com.mt.mtxx.camera.view.CameraActivity.onCreate(SourceFile:19)

08-06 06:03:57.838  7815  7815 I LSPosed-Bridge: 	at android.app.Activity.performCreate(Activity.java:7136)

08-06 06:03:57.838  7815  7815 I LSPosed-Bridge: 	at android.app.Activity.performCreate(Activity.java:7127)

08-06 06:03:57.838  7815  7815 I LSPosed-Bridge: 	at android.app.Instrumentation.callActivityOnCreate(Instrumentation.java:1272)

08-06 06:03:57.838  7815  7815 I LSPosed-Bridge: 	at android.app.ActivityThread.performLaunchActivity(ActivityThread.java:2894)

08-06 06:03:57.838  7815  7815 I LSPosed-Bridge: 	at android.app.ActivityThread.handleLaunchActivity(ActivityThread.java:3049)

08-06 06:03:57.838  7815  7815 I LSPosed-Bridge: 	at android.app.servertransaction.LaunchActivityItem.execute(LaunchActivityItem.java:78)

08-06 06:03:57.838  7815  7815 I LSPosed-Bridge: 	at android.app.servertransaction.TransactionExecutor.executeCallbacks(TransactionExecutor.java:108)

08-06 06:03:57.838  7815  7815 I LSPosed-Bridge: 	at android.app.servertransaction.TransactionExecutor.execute(TransactionExecutor.java:68)

08-06 06:03:57.838  7815  7815 I LSPosed-Bridge: 	at android.app.ActivityThread$H.handleMessage(ActivityThread.java:1809)

08-06 06:03:57.838  7815  7815 I LSPosed-Bridge: 	at android.os.Handler.dispatchMessage(Handler.java:106)

08-06 06:03:57.838  7815  7815 I LSPosed-Bridge: 	at android.os.Looper.loop(Looper.java:193)

08-06 06:03:57.838  7815  7815 I LSPosed-Bridge: 	at android.app.ActivityThread.main(ActivityThread.java:6692)

08-06 06:03:57.838  7815  7815 I LSPosed-Bridge: 	at java.lang.reflect.Method.invoke(Native Method)

08-06 06:03:57.838  7815  7815 I LSPosed-Bridge: 	at com.android.internal.os.RuntimeInit$MethodAndArgsCaller.run(RuntimeInit.java:493)

08-06 06:03:57.838  7815  7815 I LSPosed-Bridge: 	at com.android.internal.os.ZygoteInit.main(ZygoteInit.java:858)

08-06 06:03:57.841  7815  7815 I LSPosed-Bridge: 7815 PermLabel 10153 requestPermissions (Activity): pid = 7815; permName: android.permission.CAMERA; stacktrace=java.lang.Exception

08-06 06:03:57.841  7815  7815 I LSPosed-Bridge: 	at com.example.permlabel.requestPerm$3.beforeHookedMethod(requestPerm.java:227)

08-06 06:03:57.841  7815  7815 I LSPosed-Bridge: 	at de.robv.android.xposed.XposedBridge$AdditionalHookInfo.callback(Unknown Source:79)

08-06 06:03:57.841  7815  7815 I LSPosed-Bridge: 	at LSPHooker_.requestPermissions(Unknown Source:18)

08-06 06:03:57.841  7815  7815 I LSPosed-Bridge: 	at androidx.core.app.q.p(SourceFile:10)

08-06 06:03:57.841  7815  7815 I LSPosed-Bridge: 	at com.meitu.library.uxkit.context.PermissionCompatActivity.ke(SourceFile:28)

08-06 06:03:57.841  7815  7815 I LSPosed-Bridge: 	at com.meitu.library.uxkit.context.PermissionCompatActivity.je(Unknown Source:6)

08-06 06:03:57.841  7815  7815 I LSPosed-Bridge: 	at com.mt.mtxx.camera.view.CameraActivity.bj(SourceFile:8)

08-06 06:03:57.841  7815  7815 I LSPosed-Bridge: 	at com.mt.mtxx.camera.view.CameraActivity.cj(Unknown Source:11)

08-06 06:03:57.841  7815  7815 I LSPosed-Bridge: 	at com.mt.mtxx.camera.view.CameraActivity.onCreate(SourceFile:19)

08-06 06:03:57.841  7815  7815 I LSPosed-Bridge: 	at android.app.Activity.performCreate(Activity.java:7136)

08-06 06:03:57.841  7815  7815 I LSPosed-Bridge: 	at android.app.Activity.performCreate(Activity.java:7127)

08-06 06:03:57.841  7815  7815 I LSPosed-Bridge: 	at android.app.Instrumentation.callActivityOnCreate(Instrumentation.java:1272)

08-06 06:03:57.841  7815  7815 I LSPosed-Bridge: 	at android.app.ActivityThread.performLaunchActivity(ActivityThread.java:2894)

08-06 06:03:57.841  7815  7815 I LSPosed-Bridge: 	at android.app.ActivityThread.handleLaunchActivity(ActivityThread.java:3049)

08-06 06:03:57.841  7815  7815 I LSPosed-Bridge: 	at android.app.servertransaction.LaunchActivityItem.execute(LaunchActivityItem.java:78)

08-06 06:03:57.841  7815  7815 I LSPosed-Bridge: 	at android.app.servertransaction.TransactionExecutor.executeCallbacks(TransactionExecutor.java:108)

08-06 06:03:57.841  7815  7815 I LSPosed-Bridge: 	at android.app.servertransaction.TransactionExecutor.execute(TransactionExecutor.java:68)

08-06 06:03:57.841  7815  7815 I LSPosed-Bridge: 	at android.app.ActivityThread$H.handleMessage(ActivityThread.java:1809)

08-06 06:03:57.841  7815  7815 I LSPosed-Bridge: 	at android.os.Handler.dispatchMessage(Handler.java:106)

08-06 06:03:57.841  7815  7815 I LSPosed-Bridge: 	at android.os.Looper.loop(Looper.java:193)

08-06 06:03:57.841  7815  7815 I LSPosed-Bridge: 	at android.app.ActivityThread.main(ActivityThread.java:6692)

08-06 06:03:57.841  7815  7815 I LSPosed-Bridge: 	at java.lang.reflect.Method.invoke(Native Method)

08-06 06:03:57.841  7815  7815 I LSPosed-Bridge: 	at com.android.internal.os.RuntimeInit$MethodAndArgsCaller.run(RuntimeInit.java:493)

08-06 06:03:57.841  7815  7815 I LSPosed-Bridge: 	at com.android.internal.os.ZygoteInit.main(ZygoteInit.java:858)

08-06 06:03:57.841  7815  7815 I LSPosed-Bridge: 7815 PermLabel 10153 requestPermissions (Activity): pid = 7815; permName: android.permission.WRITE_EXTERNAL_STORAGE; stacktrace=java.lang.Exception

08-06 06:03:57.841  7815  7815 I LSPosed-Bridge: 	at com.example.permlabel.requestPerm$3.beforeHookedMethod(requestPerm.java:227)

08-06 06:03:57.841  7815  7815 I LSPosed-Bridge: 	at de.robv.android.xposed.XposedBridge$AdditionalHookInfo.callback(Unknown Source:79)

08-06 06:03:57.841  7815  7815 I LSPosed-Bridge: 	at LSPHooker_.requestPermissions(Unknown Source:18)

08-06 06:03:57.841  7815  7815 I LSPosed-Bridge: 	at androidx.core.app.q.p(SourceFile:10)

08-06 06:03:57.841  7815  7815 I LSPosed-Bridge: 	at com.meitu.library.uxkit.context.PermissionCompatActivity.ke(SourceFile:28)

08-06 06:03:57.841  7815  7815 I LSPosed-Bridge: 	at com.meitu.library.uxkit.context.PermissionCompatActivity.je(Unknown Source:6)

08-06 06:03:57.841  7815  7815 I LSPosed-Bridge: 	at com.mt.mtxx.camera.view.CameraActivity.bj(SourceFile:8)

08-06 06:03:57.841  7815  7815 I LSPosed-Bridge: 	at com.mt.mtxx.camera.view.CameraActivity.cj(Unknown Source:11)

08-06 06:03:57.841  7815  7815 I LSPosed-Bridge: 	at com.mt.mtxx.camera.view.CameraActivity.onCreate(SourceFile:19)

08-06 06:03:57.841  7815  7815 I LSPosed-Bridge: 	at android.app.Activity.performCreate(Activity.java:7136)

08-06 06:03:57.841  7815  7815 I LSPosed-Bridge: 	at android.app.Activity.performCreate(Activity.java:7127)

08-06 06:03:57.841  7815  7815 I LSPosed-Bridge: 	at android.app.Instrumentation.callActivityOnCreate(Instrumentation.java:1272)

08-06 06:03:57.841  7815  7815 I LSPosed-Bridge: 	at android.app.ActivityThread.performLaunchActivity(ActivityThread.java:2894)

08-06 06:03:57.841  7815  7815 I LSPosed-Bridge: 	at android.app.ActivityThread.handleLaunchActivity(ActivityThread.java:3049)

08-06 06:03:57.841  7815  7815 I LSPosed-Bridge: 	at android.app.servertransaction.LaunchActivityItem.execute(LaunchActivityItem.java:78)

08-06 06:03:57.841  7815  7815 I LSPosed-Bridge: 	at android.app.servertransaction.TransactionExecutor.executeCallbacks(TransactionExecutor.java:108)

08-06 06:03:57.841  7815  7815 I LSPosed-Bridge: 	at android.app.servertransaction.TransactionExecutor.execute(TransactionExecutor.java:68)

08-06 06:03:57.841  7815  7815 I LSPosed-Bridge: 	at android.app.ActivityThread$H.handleMessage(ActivityThread.java:1809)

08-06 06:03:57.841  7815  7815 I LSPosed-Bridge: 	at android.os.Handler.dispatchMessage(Handler.java:106)

08-06 06:03:57.841  7815  7815 I LSPosed-Bridge: 	at android.os.Looper.loop(Looper.java:193)

08-06 06:03:57.841  7815  7815 I LSPosed-Bridge: 	at android.app.ActivityThread.main(ActivityThread.java:6692)

08-06 06:03:57.841  7815  7815 I LSPosed-Bridge: 	at java.lang.reflect.Method.invoke(Native Method)

08-06 06:03:57.841  7815  7815 I LSPosed-Bridge: 	at com.android.internal.os.RuntimeInit$MethodAndArgsCaller.run(RuntimeInit.java:493)

08-06 06:03:57.841  7815  7815 I LSPosed-Bridge: 	at com.android.internal.os.ZygoteInit.main(ZygoteInit.java:858)

08-06 06:03:57.844  1574  1851 I LSPosed-Bridge: 7815 PermLabel 10153 startActivityAsUser: Binder.getCallingPid() = 7815; Binder.getCallingUid() = 10153; intent = Intent { act=android.content.pm.action.REQUEST_PERMISSIONS pkg=com.google.android.packageinstaller (has extras) }; stacktrace=java.lang.Exception

08-06 06:03:57.844  1574  1851 I LSPosed-Bridge: 	at com.example.permlabel.requirePerm$1$1.beforeHookedMethod(requirePerm.java:68)

08-06 06:03:57.844  1574  1851 I LSPosed-Bridge: 	at de.robv.android.xposed.XposedBridge$AdditionalHookInfo.callback(Unknown Source:79)

08-06 06:03:57.844  1574  1851 I LSPosed-Bridge: 	at LSPHooker_.startActivity(Unknown Source:50)

08-06 06:03:57.844  1574  1851 I LSPosed-Bridge: 	at android.app.IActivityManager$Stub.onTransact$startActivity$(IActivityManager.java:10085)

08-06 06:03:57.844  1574  1851 I LSPosed-Bridge: 	at android.app.IActivityManager$Stub.onTransact(IActivityManager.java:122)

08-06 06:03:57.844  1574  1851 I LSPosed-Bridge: 	at com.android.server.am.ActivityManagerService.onTransact(ActivityManagerService.java:3346)

08-06 06:03:57.844  1574  1851 I LSPosed-Bridge: 	at android.os.Binder.execTransact(Binder.java:731)

08-06 06:03:57.844  1574  1851 I LSPosed-Bridge: 7815 PermLabel 10153 startActivityAsUser: intent = Intent { act=android.content.pm.action.REQUEST_PERMISSIONS pkg=com.google.android.packageinstaller (has extras) }

08-06 06:03:57.844  1574  1851 I LSPosed-Bridge: 7815 PermLabel 10153 startActivityAsUser permName: android.permission.CAMERA

08-06 06:03:57.844  1574  1851 I LSPosed-Bridge: 7815 PermLabel 10153 startActivityAsUser permName: android.permission.WRITE_EXTERNAL_STORAGE

08-06 06:03:58.048  7815  7815 I LSPosed-Bridge: 7815 PermLabel 10153 ContextImpl.checkPermission: pid = 7815; uid = 10153; permName: android.permission.CAMERA; type = 1; res = -1; stacktrace=java.lang.Exception

08-06 06:03:58.048  7815  7815 I LSPosed-Bridge: 	at com.example.permlabel.requestPerm$2.afterHookedMethod(requestPerm.java:210)

08-06 06:03:58.048  7815  7815 I LSPosed-Bridge: 	at de.robv.android.xposed.XposedBridge$AdditionalHookInfo.callback(Unknown Source:147)

08-06 06:03:58.048  7815  7815 I LSPosed-Bridge: 	at LSPHooker_.checkPermission(Unknown Source:25)

08-06 06:03:58.048  7815  7815 I LSPosed-Bridge: 	at android.content.ContextWrapper.checkPermission(ContextWrapper.java:738)

08-06 06:03:58.048  7815  7815 I LSPosed-Bridge: 	at android.content.ContextWrapper.checkPermission(ContextWrapper.java:738)

08-06 06:03:58.048  7815  7815 I LSPosed-Bridge: 	at androidx.core.content.q.a(SourceFile:1)

08-06 06:03:58.048  7815  7815 I LSPosed-Bridge: 	at com.meitu.library.uxkit.context.PermissionCompatActivity.se(SourceFile:3)

08-06 06:03:58.048  7815  7815 I LSPosed-Bridge: 	at com.meitu.library.uxkit.context.PermissionCompatActivity.xf(SourceFile:6)

08-06 06:03:58.048  7815  7815 I LSPosed-Bridge: 	at com.meitu.library.uxkit.context.PermissionCompatActivity$w.b(SourceFile:2)

08-06 06:03:58.048  7815  7815 I LSPosed-Bridge: 	at com.meitu.library.uxkit.context.PermissionCompatActivity$w.a(Unknown Source:8)

08-06 06:03:58.048  7815  7815 I LSPosed-Bridge: 	at com.meitu.util.w2.handleMessage(SourceFile:2)

08-06 06:03:58.048  7815  7815 I LSPosed-Bridge: 	at android.os.Handler.dispatchMessage(Handler.java:106)

08-06 06:03:58.048  7815  7815 I LSPosed-Bridge: 	at android.os.Looper.loop(Looper.java:193)

08-06 06:03:58.048  7815  7815 I LSPosed-Bridge: 	at android.app.ActivityThread.main(ActivityThread.java:6692)

08-06 06:03:58.048  7815  7815 I LSPosed-Bridge: 	at java.lang.reflect.Method.invoke(Native Method)

08-06 06:03:58.048  7815  7815 I LSPosed-Bridge: 	at com.android.internal.os.RuntimeInit$MethodAndArgsCaller.run(RuntimeInit.java:493)

08-06 06:03:58.048  7815  7815 I LSPosed-Bridge: 	at com.android.internal.os.ZygoteInit.main(ZygoteInit.java:858)

08-06 06:04:00.896   550   550 I ConfigStore: android::hardware::configstore::V1_0::ISurfaceFlingerConfigs::hasHDRDisplay retrieved: 0

08-06 06:04:00.896  7815  7815 I LSPosed-Bridge: 7815 PermLabel 10153 android.permission.CAMERA getCameraInfo args0: 0; args1: android.hardware.Camera$CameraInfo@e7220ce; res= null; stacktrace=java.lang.Exception

08-06 06:04:00.896  7815  7815 I LSPosed-Bridge: 	at com.example.permlabel.hookCamera$1.afterHookedMethod(hookCamera.java:21)

08-06 06:04:00.896  7815  7815 I LSPosed-Bridge: 	at de.robv.android.xposed.XposedBridge$AdditionalHookInfo.callback(Unknown Source:147)

08-06 06:04:00.896  7815  7815 I LSPosed-Bridge: 	at LSPHooker_.getCameraInfo(Unknown Source:15)

08-06 06:04:00.896  7815  7815 I LSPosed-Bridge: 	at com.meitu.library.media.camera.basecamera.e.a(Unknown Source:60)

08-06 06:04:00.896  7815  7815 I LSPosed-Bridge: 	at com.meitu.library.media.camera.basecamera.e.e(Unknown Source:37)

08-06 06:04:00.896  7815  7815 I LSPosed-Bridge: 	at com.meitu.library.media.camera.basecamera.t.m1(Unknown Source:6)

08-06 06:04:00.896  7815  7815 I LSPosed-Bridge: 	at com.meitu.library.media.camera.basecamera.t.k1(Unknown Source:6)

08-06 06:04:00.896  7815  7815 I LSPosed-Bridge: 	at com.meitu.library.media.camera.basecamera.t.<init>(Unknown Source:103)

08-06 06:04:00.896  7815  7815 I LSPosed-Bridge: 	at com.meitu.library.media.camera.MTCamera$q.c(Unknown Source:190)

08-06 06:04:00.896  7815  7815 I LSPosed-Bridge: 	at com.meitu.library.media.camera.MTCamera$q.b(Unknown Source:15)

08-06 06:04:00.896  7815  7815 I LSPosed-Bridge: 	at qu.k.p3(SourceFile:8)

08-06 06:04:00.896  7815  7815 I LSPosed-Bridge: 	at qu.k.<init>(Unknown Source:24)

08-06 06:04:00.896  7815  7815 I LSPosed-Bridge: 	at qu.v.a(Unknown Source:52)

08-06 06:04:00.896  7815  7815 I LSPosed-Bridge: 	at com.meitu.library.media.renderarch.arch.source.SourceManager.<init>(Unknown Source:88)

08-06 06:04:00.896  7815  7815 I LSPosed-Bridge: 	at com.meitu.library.media.renderarch.arch.source.SourceManager.<init>(Unknown Source:0)

08-06 06:04:00.896  7815  7815 I LSPosed-Bridge: 	at com.meitu.library.media.renderarch.arch.source.SourceManager$w.d(Unknown Source:9)

08-06 06:04:00.896  7815  7815 I LSPosed-Bridge: 	at uu.q.R2(Unknown Source:66)

08-06 06:04:00.896  7815  7815 I LSPosed-Bridge: 	at uu.q.<init>(Unknown Source:61)

08-06 06:04:00.896  7815  7815 I LSPosed-Bridge: 	at qu.u.<init>(Unknown Source:223)

08-06 06:04:00.896  7815  7815 I LSPosed-Bridge: 	at qu.w$q.j(Unknown Source:117)

08-06 06:04:00.896  7815  7815 I LSPosed-Bridge: 	at com.meitu.app.meitucamera.pipe.Pipeline.w1(SourceFile:59)

08-06 06:04:00.896  7815  7815 I LSPosed-Bridge: 	at com.meitu.app.meitucamera.pipe.i0.f(SourceFile:12)

08-06 06:04:00.896  7815  7815 I LSPosed-Bridge: 	at com.mt.mtxx.camera.presenter.CameraFragmentPresenter.e5(SourceFile:5)

08-06 06:04:00.896  7815  7815 I LSPosed-Bridge: 	at com.mt.mtxx.camera.view.CameraFragment.onCreate(SourceFile:7)

08-06 06:04:00.896  7815  7815 I LSPosed-Bridge: 	at androidx.fragment.app.Fragment.performCreate(SourceFile:5)

08-06 06:04:00.896  7815  7815 I LSPosed-Bridge: 	at androidx.fragment.app.f.e(SourceFile:5)

08-06 06:04:00.896  7815  7815 I LSPosed-Bridge: 	at androidx.fragment.app.o.D0(SourceFile:23)

08-06 06:04:00.896  7815  7815 I LSPosed-Bridge: 	at androidx.fragment.app.k.b(SourceFile:23)

08-06 06:04:00.896  7815  7815 I LSPosed-Bridge: 	at androidx.fragment.app.k.c(SourceFile:3)

08-06 06:04:00.896  7815  7815 I LSPosed-Bridge: 	at androidx.fragment.app.k.B(SourceFile:6)

08-06 06:04:00.896  7815  7815 I LSPosed-Bridge: 	at androidx.fragment.app.o.U(SourceFile:13)

08-06 06:04:00.896  7815  7815 I LSPosed-Bridge: 	at androidx.fragment.app.o.S0(SourceFile:10)

08-06 06:04:00.896  7815  7815 I LSPosed-Bridge: 	at androidx.fragment.app.o.R(SourceFile:4)

08-06 06:04:00.896  7815  7815 I LSPosed-Bridge: 	at androidx.fragment.app.r.t(Unknown Source:5)

08-06 06:04:00.896  7815  7815 I LSPosed-Bridge: 	at androidx.fragment.app.FragmentActivity.onResume(SourceFile:4)

