08-06 05:55:50.288  1574 11551 I LSPosed-Bridge: 	at android.os.Binder.execTransact(Binder.java:731)

08-06 05:55:50.399  1574  1678 I LSPosed-Bridge: 7815 PermLabel 10153 AMS.checkPermission: Binder.getCallingPid() = 915; uid = 10153; Binder.getCallingUid() = 1047; getNameForUid: null; getPackagesForUid: null; permName: android.permission.CAMERA; type = 1; res = -1; stacktrace=java.lang.Exception

08-06 05:55:50.399  1574  1678 I LSPosed-Bridge: 	at com.example.permlabel.requirePerm$1$2.afterHookedMethod(requirePerm.java:130)

08-06 05:55:50.399  1574  1678 I LSPosed-Bridge: 	at de.robv.android.xposed.XposedBridge$AdditionalHookInfo.callback(Unknown Source:147)

08-06 05:55:50.399  1574  1678 I LSPosed-Bridge: 	at LSPHooker_.checkPermission(Unknown Source:25)

08-06 05:55:50.399  1574  1678 I LSPosed-Bridge: 	at com.android.server.am.ActivityManagerService$PermissionController.checkPermission(ActivityManagerService.java:9248)

08-06 05:55:50.399  1574  1678 I LSPosed-Bridge: 	at android.os.IPermissionController$Stub.onTransact(IPermissionController.java:56)

08-06 05:55:50.399  1574  1678 I LSPosed-Bridge: 	at android.os.Binder.execTransact(Binder.java:731)

08-06 05:55:50.399   915  5469 W ServiceManager: Permission failure: android.permission.CAMERA from uid=10153 pid=7815

08-06 05:55:50.505  1574  5465 I LSPosed-Bridge: 7815 PermLabel 10153 AMS.checkPermission: Binder.getCallingPid() = 915; uid = 10153; Binder.getCallingUid() = 1047; getNameForUid: null; getPackagesForUid: null; permName: android.permission.CAMERA; type = 1; res = -1; stacktrace=java.lang.Exception

08-06 05:55:50.505  1574  5465 I LSPosed-Bridge: 	at com.example.permlabel.requirePerm$1$2.afterHookedMethod(requirePerm.java:130)

08-06 05:55:50.505  1574  5465 I LSPosed-Bridge: 	at de.robv.android.xposed.XposedBridge$AdditionalHookInfo.callback(Unknown Source:147)

08-06 05:55:50.505  1574  5465 I LSPosed-Bridge: 	at LSPHooker_.checkPermission(Unknown Source:25)

08-06 05:55:50.505  1574  5465 I LSPosed-Bridge: 	at com.android.server.am.ActivityManagerService$PermissionController.checkPermission(ActivityManagerService.java:9248)

08-06 05:55:50.505  1574  5465 I LSPosed-Bridge: 	at android.os.IPermissionController$Stub.onTransact(IPermissionController.java:56)

08-06 05:55:50.505  1574  5465 I LSPosed-Bridge: 	at android.os.Binder.execTransact(Binder.java:731)

08-06 05:55:50.505   915  5469 W ServiceManager: Permission failure: android.permission.CAMERA from uid=10153 pid=7815

08-06 05:55:50.505   915  5469 E CameraService: Permission Denial: can't use the camera pid=7815, uid=10153

08-06 05:55:50.505  7815  9643 W CameraBase: An error occurred while connecting to camera 1: Status(-8): '1: validateClientPermissionsLocked:906: Caller "com.mt.mtxx.mtxx" (PID 10153, UID 7815) cannot open camera "1" without camera permission'

08-06 05:55:50.607  1574  1851 I LSPosed-Bridge: 7815 PermLabel 10153 AMS.checkPermission: Binder.getCallingPid() = 915; uid = 10153; Binder.getCallingUid() = 1047; getNameForUid: null; getPackagesForUid: null; permName: android.permission.CAMERA; type = 1; res = -1; stacktrace=java.lang.Exception

08-06 05:55:50.607  1574  1851 I LSPosed-Bridge: 	at com.example.permlabel.requirePerm$1$2.afterHookedMethod(requirePerm.java:130)

08-06 05:55:50.607  1574  1851 I LSPosed-Bridge: 	at de.robv.android.xposed.XposedBridge$AdditionalHookInfo.callback(Unknown Source:147)

08-06 05:55:50.607  1574  1851 I LSPosed-Bridge: 	at LSPHooker_.checkPermission(Unknown Source:25)

08-06 05:55:50.607  1574  1851 I LSPosed-Bridge: 	at com.android.server.am.ActivityManagerService$PermissionController.checkPermission(ActivityManagerService.java:9248)

08-06 05:55:50.607  1574  1851 I LSPosed-Bridge: 	at android.os.IPermissionController$Stub.onTransact(IPermissionController.java:56)

08-06 05:55:50.607  1574  1851 I LSPosed-Bridge: 	at android.os.Binder.execTransact(Binder.java:731)

08-06 05:55:50.620  1574  1851 I LSPosed-Bridge: 7815 PermLabel 10153 AMS.checkPermission: Binder.getCallingPid() = 915; uid = 10153; Binder.getCallingUid() = 1047; getNameForUid: null; getPackagesForUid: null; permName: android.permission.CAMERA; type = 1; res = -1; stacktrace=java.lang.Exception

08-06 05:55:50.620  1574  1851 I LSPosed-Bridge: 	at com.example.permlabel.requirePerm$1$2.afterHookedMethod(requirePerm.java:130)

08-06 05:55:50.620  1574  1851 I LSPosed-Bridge: 	at de.robv.android.xposed.XposedBridge$AdditionalHookInfo.callback(Unknown Source:147)

08-06 05:55:50.620  1574  1851 I LSPosed-Bridge: 	at LSPHooker_.checkPermission(Unknown Source:25)

08-06 05:55:50.620  1574  1851 I LSPosed-Bridge: 	at com.android.server.am.ActivityManagerService$PermissionController.checkPermission(ActivityManagerService.java:9248)

08-06 05:55:50.620  1574  1851 I LSPosed-Bridge: 	at android.os.IPermissionController$Stub.onTransact(IPermissionController.java:56)

08-06 05:55:50.620  1574  1851 I LSPosed-Bridge: 	at android.os.Binder.execTransact(Binder.java:731)

08-06 05:55:50.620   915  5469 W ServiceManager: Permission failure: android.permission.CAMERA from uid=10153 pid=7815

08-06 05:55:50.620   915  5469 E CameraService: Permission Denial: can't use the camera pid=7815, uid=10153

08-06 05:55:50.723  1574  5185 I LSPosed-Bridge: 7815 PermLabel 10153 AMS.checkPermission: Binder.getCallingPid() = 915; uid = 10153; Binder.getCallingUid() = 1047; getNameForUid: null; getPackagesForUid: null; permName: android.permission.CAMERA; type = 1; res = -1; stacktrace=java.lang.Exception

08-06 05:55:50.723  1574  5185 I LSPosed-Bridge: 	at com.example.permlabel.requirePerm$1$2.afterHookedMethod(requirePerm.java:130)

08-06 05:55:50.723  1574  5185 I LSPosed-Bridge: 	at de.robv.android.xposed.XposedBridge$AdditionalHookInfo.callback(Unknown Source:147)

08-06 05:55:50.723  1574  5185 I LSPosed-Bridge: 	at LSPHooker_.checkPermission(Unknown Source:25)

08-06 05:55:50.723  1574  5185 I LSPosed-Bridge: 	at com.android.server.am.ActivityManagerService$PermissionController.checkPermission(ActivityManagerService.java:9248)

08-06 05:55:50.723  1574  5185 I LSPosed-Bridge: 	at android.os.IPermissionController$Stub.onTransact(IPermissionController.java:56)

08-06 05:55:50.723  1574  5185 I LSPosed-Bridge: 	at android.os.Binder.execTransact(Binder.java:731)

08-06 05:55:50.826  1574  3340 I LSPosed-Bridge: 7815 PermLabel 10153 AMS.checkPermission: Binder.getCallingPid() = 915; uid = 10153; Binder.getCallingUid() = 1047; getNameForUid: null; getPackagesForUid: null; permName: android.permission.CAMERA; type = 1; res = -1; stacktrace=java.lang.Exception

08-06 05:55:50.826  1574  3340 I LSPosed-Bridge: 	at com.example.permlabel.requirePerm$1$2.afterHookedMethod(requirePerm.java:130)

08-06 05:55:50.826  1574  3340 I LSPosed-Bridge: 	at de.robv.android.xposed.XposedBridge$AdditionalHookInfo.callback(Unknown Source:147)

08-06 05:55:50.826  1574  3340 I LSPosed-Bridge: 	at LSPHooker_.checkPermission(Unknown Source:25)

08-06 05:55:50.826  1574  3340 I LSPosed-Bridge: 	at com.android.server.am.ActivityManagerService$PermissionController.checkPermission(ActivityManagerService.java:9248)

08-06 05:55:50.826  1574  3340 I LSPosed-Bridge: 	at android.os.IPermissionController$Stub.onTransact(IPermissionController.java:56)

08-06 05:55:50.826  1574  3340 I LSPosed-Bridge: 	at android.os.Binder.execTransact(Binder.java:731)

08-06 05:55:50.929  1574  1851 I LSPosed-Bridge: 7815 PermLabel 10153 AMS.checkPermission: Binder.getCallingPid() = 915; uid = 10153; Binder.getCallingUid() = 1047; getNameForUid: null; getPackagesForUid: null; permName: android.permission.CAMERA; type = 1; res = -1; stacktrace=java.lang.Exception

08-06 05:55:50.929  1574  1851 I LSPosed-Bridge: 	at com.example.permlabel.requirePerm$1$2.afterHookedMethod(requirePerm.java:130)

08-06 05:55:50.929  1574  1851 I LSPosed-Bridge: 	at de.robv.android.xposed.XposedBridge$AdditionalHookInfo.callback(Unknown Source:147)

08-06 05:55:50.929  1574  1851 I LSPosed-Bridge: 	at LSPHooker_.checkPermission(Unknown Source:25)

08-06 05:55:50.929  1574  1851 I LSPosed-Bridge: 	at com.android.server.am.ActivityManagerService$PermissionController.checkPermission(ActivityManagerService.java:9248)

08-06 05:55:50.929  1574  1851 I LSPosed-Bridge: 	at android.os.IPermissionController$Stub.onTransact(IPermissionController.java:56)

08-06 05:55:50.929  1574  1851 I LSPosed-Bridge: 	at android.os.Binder.execTransact(Binder.java:731)

08-06 05:55:50.929   915  5469 W ServiceManager: Permission failure: android.permission.CAMERA from uid=10153 pid=7815

08-06 05:55:51.033  1574  5230 I LSPosed-Bridge: 7815 PermLabel 10153 AMS.checkPermission: Binder.getCallingPid() = 915; uid = 10153; Binder.getCallingUid() = 1047; getNameForUid: null; getPackagesForUid: null; permName: android.permission.CAMERA; type = 1; res = -1; stacktrace=java.lang.Exception

08-06 05:55:51.033  1574  5230 I LSPosed-Bridge: 	at com.example.permlabel.requirePerm$1$2.afterHookedMethod(requirePerm.java:130)

08-06 05:55:51.033  1574  5230 I LSPosed-Bridge: 	at de.robv.android.xposed.XposedBridge$AdditionalHookInfo.callback(Unknown Source:147)

08-06 05:55:51.033  1574  5230 I LSPosed-Bridge: 	at LSPHooker_.checkPermission(Unknown Source:25)

08-06 05:55:51.033  1574  5230 I LSPosed-Bridge: 	at com.android.server.am.ActivityManagerService$PermissionController.checkPermission(ActivityManagerService.java:9248)

08-06 05:55:51.033  1574  5230 I LSPosed-Bridge: 	at android.os.IPermissionController$Stub.onTransact(IPermissionController.java:56)

08-06 05:55:51.033  1574  5230 I LSPosed-Bridge: 	at android.os.Binder.execTransact(Binder.java:731)

08-06 05:55:51.138  1574  1851 I LSPosed-Bridge: 7815 PermLabel 10153 AMS.checkPermission: Binder.getCallingPid() = 915; uid = 10153; Binder.getCallingUid() = 1047; getNameForUid: null; getPackagesForUid: null; permName: android.permission.CAMERA; type = 1; res = -1; stacktrace=java.lang.Exception

08-06 05:55:51.138  1574  1851 I LSPosed-Bridge: 	at com.example.permlabel.requirePerm$1$2.afterHookedMethod(requirePerm.java:130)

08-06 05:55:51.138  1574  1851 I LSPosed-Bridge: 	at de.robv.android.xposed.XposedBridge$AdditionalHookInfo.callback(Unknown Source:147)

08-06 05:55:51.138  1574  1851 I LSPosed-Bridge: 	at LSPHooker_.checkPermission(Unknown Source:25)

08-06 05:55:51.138  1574  1851 I LSPosed-Bridge: 	at com.android.server.am.ActivityManagerService$PermissionController.checkPermission(ActivityManagerService.java:9248)

08-06 05:55:51.138  1574  1851 I LSPosed-Bridge: 	at android.os.IPermissionController$Stub.onTransact(IPermissionController.java:56)

08-06 05:55:51.138  1574  1851 I LSPosed-Bridge: 	at android.os.Binder.execTransact(Binder.java:731)

08-06 05:55:51.138   915  5469 W ServiceManager: Permission failure: android.permission.CAMERA from uid=10153 pid=7815

08-06 05:55:51.138   915  5469 E CameraService: Permission Denial: can't use the camera pid=7815, uid=10153

08-06 05:55:51.241  1574  3340 I LSPosed-Bridge: 7815 PermLabel 10153 AMS.checkPermission: Binder.getCallingPid() = 915; uid = 10153; Binder.getCallingUid() = 1047; getNameForUid: null; getPackagesForUid: null; permName: android.permission.CAMERA; type = 1; res = -1; stacktrace=java.lang.Exception

08-06 05:55:51.241  1574  3340 I LSPosed-Bridge: 	at com.example.permlabel.requirePerm$1$2.afterHookedMethod(requirePerm.java:130)

08-06 05:55:51.241  1574  3340 I LSPosed-Bridge: 	at de.robv.android.xposed.XposedBridge$AdditionalHookInfo.callback(Unknown Source:147)

08-06 05:55:51.241  1574  3340 I LSPosed-Bridge: 	at LSPHooker_.checkPermission(Unknown Source:25)

08-06 05:55:51.241  1574  3340 I LSPosed-Bridge: 	at com.android.server.am.ActivityManagerService$PermissionController.checkPermission(ActivityManagerService.java:9248)

08-06 05:55:51.241  1574  3340 I LSPosed-Bridge: 	at android.os.IPermissionController$Stub.onTransact(IPermissionController.java:56)

08-06 05:55:51.241  1574  3340 I LSPosed-Bridge: 	at android.os.Binder.execTransact(Binder.java:731)

08-06 05:55:51.344  1574  1851 I LSPosed-Bridge: 7815 PermLabel 10153 AMS.checkPermission: Binder.getCallingPid() = 915; uid = 10153; Binder.getCallingUid() = 1047; getNameForUid: null; getPackagesForUid: null; permName: android.permission.CAMERA; type = 1; res = -1; stacktrace=java.lang.Exception

08-06 05:55:51.344  1574  1851 I LSPosed-Bridge: 	at com.example.permlabel.requirePerm$1$2.afterHookedMethod(requirePerm.java:130)

08-06 05:55:51.344  1574  1851 I LSPosed-Bridge: 	at de.robv.android.xposed.XposedBridge$AdditionalHookInfo.callback(Unknown Source:147)

08-06 05:55:51.344  1574  1851 I LSPosed-Bridge: 	at LSPHooker_.checkPermission(Unknown Source:25)

08-06 05:55:51.344  1574  1851 I LSPosed-Bridge: 	at com.android.server.am.ActivityManagerService$PermissionController.checkPermission(ActivityManagerService.java:9248)

08-06 05:55:51.344  1574  1851 I LSPosed-Bridge: 	at android.os.IPermissionController$Stub.onTransact(IPermissionController.java:56)

08-06 05:55:51.344  1574  1851 I LSPosed-Bridge: 	at android.os.Binder.execTransact(Binder.java:731)

08-06 05:55:51.344   915  5469 W ServiceManager: Permission failure: android.permission.CAMERA from uid=10153 pid=7815

08-06 05:55:51.344   915  5469 E CameraService: Permission Denial: can't use the camera pid=7815, uid=10153

08-06 05:55:51.344  7815  9643 W CameraBase: An error occurred while connecting to camera 1: Status(-8): '1: validateClientPermissionsLocked:906: Caller "com.mt.mtxx.mtxx" (PID 10153, UID 7815) cannot open camera "1" without camera permission'

08-06 05:55:51.446  1574  1851 I LSPosed-Bridge: 7815 PermLabel 10153 AMS.checkPermission: Binder.getCallingPid() = 915; uid = 10153; Binder.getCallingUid() = 1047; getNameForUid: null; getPackagesForUid: null; permName: android.permission.CAMERA; type = 1; res = -1; stacktrace=java.lang.Exception

08-06 05:55:51.446  1574  1851 I LSPosed-Bridge: 	at com.example.permlabel.requirePerm$1$2.afterHookedMethod(requirePerm.java:130)

08-06 05:55:51.446  1574  1851 I LSPosed-Bridge: 	at de.robv.android.xposed.XposedBridge$AdditionalHookInfo.callback(Unknown Source:147)

08-06 05:55:51.446  1574  1851 I LSPosed-Bridge: 	at LSPHooker_.checkPermission(Unknown Source:25)

08-06 05:55:51.446  1574  1851 I LSPosed-Bridge: 	at com.android.server.am.ActivityManagerService$PermissionController.checkPermission(ActivityManagerService.java:9248)

08-06 05:55:51.446  1574  1851 I LSPosed-Bridge: 	at android.os.IPermissionController$Stub.onTransact(IPermissionController.java:56)

08-06 05:55:51.446  1574  1851 I LSPosed-Bridge: 	at android.os.Binder.execTransact(Binder.java:731)

08-06 05:55:51.479  7815  9643 I LSPosed-Bridge: 7815 PermLabel hookBinder_test 10153 interfaceBinder =android.media.IAudioService; arg0 = 55; arg1 = android.os.Parcel@842c3e4; arg2 = android.os.Parcel@f92214e; arg3 = 0; res = true; stacktrace=java.lang.Exception

08-06 05:55:51.479  7815  9643 I LSPosed-Bridge: 7815 PermLabel hookBinder_test 10153 interfaceBinder =android.media.IAudioService; arg0 = 55; arg1 = android.os.Parcel@842c3e4; arg2 = android.os.Parcel@f92214e; arg3 = 0; res = true; stacktrace=java.lang.Exception

08-06 05:55:51.479  7815  9643 I LSPosed-Bridge: 	at com.example.permlabel.hookBinder_test$1.afterHookedMethod(hookBinder_test.java:55)

08-06 05:55:51.479  7815  9643 I LSPosed-Bridge: 	at com.example.permlabel.hookBinder_test$1.afterHookedMethod(hookBinder_test.java:55)

08-06 05:55:51.479  7815  9643 I LSPosed-Bridge: 	at de.robv.android.xposed.XposedBridge$AdditionalHookInfo.callback(Unknown Source:147)

08-06 05:55:51.479  7815  9643 I LSPosed-Bridge: 	at de.robv.android.xposed.XposedBridge$AdditionalHookInfo.callback(Unknown Source:147)

08-06 05:55:51.479  7815  9643 I LSPosed-Bridge: 	at LSPHooker_.transact(Unknown Source:28)

08-06 05:55:51.479  7815  9643 I LSPosed-Bridge: 	at LSPHooker_.transact(Unknown Source:28)

08-06 05:55:51.479  7815  9643 I LSPosed-Bridge: 	at android.media.IAudioService$Stub$Proxy.isCameraSoundForced(IAudioService.java:1955)

08-06 05:55:51.479  7815  9643 I LSPosed-Bridge: 	at android.media.IAudioService$Stub$Proxy.isCameraSoundForced(IAudioService.java:1955)

08-06 05:55:51.479  7815  9643 I LSPosed-Bridge: 	at android.hardware.Camera.getCameraInfo(Camera.java:348)

08-06 05:55:51.479  7815  9643 I LSPosed-Bridge: 	at android.hardware.Camera.getCameraInfo(Camera.java:348)

08-06 05:55:51.479  7815  9643 I LSPosed-Bridge: 	at java.lang.reflect.Method.invoke(Native Method)

08-06 05:55:51.479  7815  9643 I LSPosed-Bridge: 	at java.lang.reflect.Method.invoke(Native Method)

08-06 05:55:51.479  7815  9643 I LSPosed-Bridge: 	at org.lsposed.lspd.nativebridge.HookBridge.invokeOriginalMethod(Native Method)

08-06 05:55:51.479  7815  9643 I LSPosed-Bridge: 	at org.lsposed.lspd.nativebridge.HookBridge.invokeOriginalMethod(Native Method)

08-06 05:55:51.479  7815  9643 I LSPosed-Bridge: 	at de.robv.android.xposed.XposedBridge$AdditionalHookInfo.callback(Unknown Source:110)

08-06 05:55:51.479  7815  9643 I LSPosed-Bridge: 	at de.robv.android.xposed.XposedBridge$AdditionalHookInfo.callback(Unknown Source:110)

08-06 05:55:51.479  7815  9643 I LSPosed-Bridge: 	at LSPHooker_.getCameraInfo(Unknown Source:15)

08-06 05:55:51.479  7815  9643 I LSPosed-Bridge: 	at LSPHooker_.getCameraInfo(Unknown Source:15)

08-06 05:55:51.479  7815  9643 I LSPosed-Bridge: 	at R74.e(chromium-Monochrome.aab-stable-579013821:6)

08-06 05:55:51.479  7815  9643 I LSPosed-Bridge: 	at R74.e(chromium-Monochrome.aab-stable-579013821:6)

08-06 05:55:51.479  7815  9643 I LSPosed-Bridge: 	at org.chromium.media.VideoCaptureFactory.getDeviceName(chromium-Monochrome.aab-stable-579013821:15)

08-06 05:55:51.479  7815  9643 I LSPosed-Bridge: 	at org.chromium.media.VideoCaptureFactory.getDeviceName(chromium-Monochrome.aab-stable-579013821:15)

08-06 05:55:51.479  7815  9643 I LSPosed-Bridge: 7815 PermLabel 10153 android.permission.CAMERA getCameraInfo args0: 0; args1: android.hardware.Camera$CameraInfo@855aa77; res= null; stacktrace=java.lang.Exception

08-06 05:55:51.479  7815  9643 I LSPosed-Bridge: 7815 PermLabel 10153 android.permission.CAMERA getCameraInfo args0: 0; args1: android.hardware.Camera$CameraInfo@855aa77; res= null; stacktrace=java.lang.Exception

08-06 05:55:51.479  7815  9643 I LSPosed-Bridge: 	at com.example.permlabel.hookCamera$1.afterHookedMethod(hookCamera.java:21)

08-06 05:55:51.479  7815  9643 I LSPosed-Bridge: 	at com.example.permlabel.hookCamera$1.afterHookedMethod(hookCamera.java:21)

08-06 05:55:51.479  7815  9643 I LSPosed-Bridge: 	at de.robv.android.xposed.XposedBridge$AdditionalHookInfo.callback(Unknown Source:147)

08-06 05:55:51.479  7815  9643 I LSPosed-Bridge: 	at de.robv.android.xposed.XposedBridge$AdditionalHookInfo.callback(Unknown Source:147)

08-06 05:55:51.479  7815  9643 I LSPosed-Bridge: 	at LSPHooker_.getCameraInfo(Unknown Source:15)

08-06 05:55:51.479  7815  9643 I LSPosed-Bridge: 	at LSPHooker_.getCameraInfo(Unknown Source:15)

08-06 05:55:51.479  7815  9643 I LSPosed-Bridge: 	at R74.e(chromium-Monochrome.aab-stable-579013821:6)

08-06 05:55:51.479  7815  9643 I LSPosed-Bridge: 	at R74.e(chromium-Monochrome.aab-stable-579013821:6)

08-06 05:55:51.479  7815  9643 I LSPosed-Bridge: 	at org.chromium.media.VideoCaptureFactory.getDeviceName(chromium-Monochrome.aab-stable-579013821:15)

08-06 05:55:51.479  7815  9643 I LSPosed-Bridge: 	at org.chromium.media.VideoCaptureFactory.getDeviceName(chromium-Monochrome.aab-stable-579013821:15)

08-06 05:55:51.479  7815  9643 I LSPosed-Bridge: 7815 PermLabel 10153 android.permission.CAMERA getCameraInfo args0: 0; args1: android.hardware.Camera$CameraInfo@855aa77; res= null; stacktrace=java.lang.Exception

08-06 05:55:51.479  7815  9643 I LSPosed-Bridge: 7815 PermLabel 10153 android.permission.CAMERA getCameraInfo args0: 0; args1: android.hardware.Camera$CameraInfo@855aa77; res= null; stacktrace=java.lang.Exception

08-06 05:55:51.479  7815  9643 I LSPosed-Bridge: 	at com.example.permlabel.hookCamera$1.afterHookedMethod(hookCamera.java:21)

08-06 05:55:51.479  7815  9643 I LSPosed-Bridge: 	at com.example.permlabel.hookCamera$1.afterHookedMethod(hookCamera.java:21)

08-06 05:55:51.479  7815  9643 I LSPosed-Bridge: 	at de.robv.android.xposed.XposedBridge$AdditionalHookInfo.callback(Unknown Source:147)

08-06 05:55:51.479  7815  9643 I LSPosed-Bridge: 	at de.robv.android.xposed.XposedBridge$AdditionalHookInfo.callback(Unknown Source:147)

08-06 05:55:51.479  7815  9643 I LSPosed-Bridge: 	at LSPHooker_.getCameraInfo(Unknown Source:15)

08-06 05:55:51.479  7815  9643 I LSPosed-Bridge: 	at LSPHooker_.getCameraInfo(Unknown Source:15)

08-06 05:55:51.479  7815  9643 I LSPosed-Bridge: 	at R74.e(chromium-Monochrome.aab-stable-579013821:6)

08-06 05:55:51.479  7815  9643 I LSPosed-Bridge: 	at R74.e(chromium-Monochrome.aab-stable-579013821:6)

08-06 05:55:51.479  7815  9643 I LSPosed-Bridge: 	at org.chromium.media.VideoCaptureFactory.getDeviceName(chromium-Monochrome.aab-stable-579013821:15)

08-06 05:55:51.479  7815  9643 I LSPosed-Bridge: 	at org.chromium.media.VideoCaptureFactory.getDeviceName(chromium-Monochrome.aab-stable-579013821:15)

08-06 05:55:51.479  2254 10384 I NetworkScheduler.Stats: (REDACTED) Task %s/%s finished executing. cause:%s result: %s elapsed_millis: %s uptime_millis: %s exec_start_elapsed_seconds: %s

08-06 05:55:51.479  2254 10384 I NetworkScheduler.Stats: (REDACTED) Task %s/%s finished executing. cause:%s result: %s elapsed_millis: %s uptime_millis: %s exec_start_elapsed_seconds: %s

08-06 05:55:51.507  7815  9643 I LSPosed-Bridge: 7815 PermLabel hookBinder_test 10153 interfaceBinder =android.media.IAudioService; arg0 = 55; arg1 = android.os.Parcel@653b77; arg2 = android.os.Parcel@842c3e4; arg3 = 0; res = true; stacktrace=java.lang.Exception

08-06 05:55:51.507  7815  9643 I LSPosed-Bridge: 7815 PermLabel hookBinder_test 10153 interfaceBinder =android.media.IAudioService; arg0 = 55; arg1 = android.os.Parcel@653b77; arg2 = android.os.Parcel@842c3e4; arg3 = 0; res = true; stacktrace=java.lang.Exception

08-06 05:55:51.507  7815  9643 I LSPosed-Bridge: 	at com.example.permlabel.hookBinder_test$1.afterHookedMethod(hookBinder_test.java:55)

08-06 05:55:51.507  7815  9643 I LSPosed-Bridge: 	at com.example.permlabel.hookBinder_test$1.afterHookedMethod(hookBinder_test.java:55)

08-06 05:55:51.507  7815  9643 I LSPosed-Bridge: 	at de.robv.android.xposed.XposedBridge$AdditionalHookInfo.callback(Unknown Source:147)

08-06 05:55:51.507  7815  9643 I LSPosed-Bridge: 	at de.robv.android.xposed.XposedBridge$AdditionalHookInfo.callback(Unknown Source:147)

08-06 05:55:51.507  7815  9643 I LSPosed-Bridge: 	at LSPHooker_.transact(Unknown Source:28)

08-06 05:55:51.507  7815  9643 I LSPosed-Bridge: 	at LSPHooker_.transact(Unknown Source:28)

08-06 05:55:51.507  7815  9643 I LSPosed-Bridge: 	at android.media.IAudioService$Stub$Proxy.isCameraSoundForced(IAudioService.java:1955)

08-06 05:55:51.507  7815  9643 I LSPosed-Bridge: 	at android.media.IAudioService$Stub$Proxy.isCameraSoundForced(IAudioService.java:1955)

08-06 05:55:51.507  7815  9643 I LSPosed-Bridge: 	at android.hardware.Camera.getCameraInfo(Camera.java:348)

08-06 05:55:51.507  7815  9643 I LSPosed-Bridge: 	at android.hardware.Camera.getCameraInfo(Camera.java:348)

08-06 05:55:51.507  7815  9643 I LSPosed-Bridge: 	at java.lang.reflect.Method.invoke(Native Method)

08-06 05:55:51.507  7815  9643 I LSPosed-Bridge: 	at java.lang.reflect.Method.invoke(Native Method)

08-06 05:55:51.507  7815  9643 I LSPosed-Bridge: 	at org.lsposed.lspd.nativebridge.HookBridge.invokeOriginalMethod(Native Method)

08-06 05:55:51.507  7815  9643 I LSPosed-Bridge: 	at org.lsposed.lspd.nativebridge.HookBridge.invokeOriginalMethod(Native Method)

08-06 05:55:51.507  7815  9643 I LSPosed-Bridge: 	at de.robv.android.xposed.XposedBridge$AdditionalHookInfo.callback(Unknown Source:110)

08-06 05:55:51.507  7815  9643 I LSPosed-Bridge: 	at de.robv.android.xposed.XposedBridge$AdditionalHookInfo.callback(Unknown Source:110)

08-06 05:55:51.507  7815  9643 I LSPosed-Bridge: 	at LSPHooker_.getCameraInfo(Unknown Source:15)

08-06 05:55:51.507  7815  9643 I LSPosed-Bridge: 	at LSPHooker_.getCameraInfo(Unknown Source:15)

08-06 05:55:51.507  7815  9643 I LSPosed-Bridge: 	at R74.e(chromium-Monochrome.aab-stable-579013821:6)

08-06 05:55:51.507  7815  9643 I LSPosed-Bridge: 	at R74.e(chromium-Monochrome.aab-stable-579013821:6)

08-06 05:55:51.507  7815  9643 I LSPosed-Bridge: 	at org.chromium.media.VideoCaptureFactory.getCaptureApiType(chromium-Monochrome.aab-stable-579013821:8)

08-06 05:55:51.507  7815  9643 I LSPosed-Bridge: 	at org.chromium.media.VideoCaptureFactory.getCaptureApiType(chromium-Monochrome.aab-stable-579013821:8)

08-06 05:55:51.507  7815  9643 I LSPosed-Bridge: 7815 PermLabel 10153 android.permission.CAMERA getCameraInfo args0: 0; args1: android.hardware.Camera$CameraInfo@fbdb58b; res= null; stacktrace=java.lang.Exception

08-06 05:55:51.507  7815  9643 I LSPosed-Bridge: 7815 PermLabel 10153 android.permission.CAMERA getCameraInfo args0: 0; args1: android.hardware.Camera$CameraInfo@fbdb58b; res= null; stacktrace=java.lang.Exception

08-06 05:55:51.507  7815  9643 I LSPosed-Bridge: 	at com.example.permlabel.hookCamera$1.afterHookedMethod(hookCamera.java:21)

08-06 05:55:51.507  7815  9643 I LSPosed-Bridge: 	at com.example.permlabel.hookCamera$1.afterHookedMethod(hookCamera.java:21)

08-06 05:55:51.507  7815  9643 I LSPosed-Bridge: 	at de.robv.android.xposed.XposedBridge$AdditionalHookInfo.callback(Unknown Source:147)

08-06 05:55:51.507  7815  9643 I LSPosed-Bridge: 	at de.robv.android.xposed.XposedBridge$AdditionalHookInfo.callback(Unknown Source:147)

08-06 05:55:51.507  7815  9643 I LSPosed-Bridge: 	at LSPHooker_.getCameraInfo(Unknown Source:15)

08-06 05:55:51.507  7815  9643 I LSPosed-Bridge: 	at LSPHooker_.getCameraInfo(Unknown Source:15)

08-06 05:55:51.507  7815  9643 I LSPosed-Bridge: 	at R74.e(chromium-Monochrome.aab-stable-579013821:6)

08-06 05:55:51.507  7815  9643 I LSPosed-Bridge: 	at R74.e(chromium-Monochrome.aab-stable-579013821:6)

08-06 05:55:51.507  7815  9643 I LSPosed-Bridge: 	at org.chromium.media.VideoCaptureFactory.getCaptureApiType(chromium-Monochrome.aab-stable-579013821:8)

08-06 05:55:51.507  7815  9643 I LSPosed-Bridge: 	at org.chromium.media.VideoCaptureFactory.getCaptureApiType(chromium-Monochrome.aab-stable-579013821:8)

08-06 05:55:51.507  7815  9643 I LSPosed-Bridge: 7815 PermLabel 10153 android.permission.CAMERA getCameraInfo args0: 0; args1: android.hardware.Camera$CameraInfo@fbdb58b; res= null; stacktrace=java.lang.Exception

08-06 05:55:51.507  7815  9643 I LSPosed-Bridge: 7815 PermLabel 10153 android.permission.CAMERA getCameraInfo args0: 0; args1: android.hardware.Camera$CameraInfo@fbdb58b; res= null; stacktrace=java.lang.Exception

08-06 05:55:51.507  7815  9643 I LSPosed-Bridge: 	at com.example.permlabel.hookCamera$1.afterHookedMethod(hookCamera.java:21)

08-06 05:55:51.507  7815  9643 I LSPosed-Bridge: 	at com.example.permlabel.hookCamera$1.afterHookedMethod(hookCamera.java:21)

08-06 05:55:51.507  7815  9643 I LSPosed-Bridge: 	at de.robv.android.xposed.XposedBridge$AdditionalHookInfo.callback(Unknown Source:147)

08-06 05:55:51.507  7815  9643 I LSPosed-Bridge: 	at de.robv.android.xposed.XposedBridge$AdditionalHookInfo.callback(Unknown Source:147)

08-06 05:55:51.507  7815  9643 I LSPosed-Bridge: 	at LSPHooker_.getCameraInfo(Unknown Source:15)

08-06 05:55:51.507  7815  9643 I LSPosed-Bridge: 	at LSPHooker_.getCameraInfo(Unknown Source:15)

08-06 05:55:51.507  7815  9643 I LSPosed-Bridge: 	at R74.e(chromium-Monochrome.aab-stable-579013821:6)

08-06 05:55:51.507  7815  9643 I LSPosed-Bridge: 	at R74.e(chromium-Monochrome.aab-stable-579013821:6)

08-06 05:55:51.507  7815  9643 I LSPosed-Bridge: 	at org.chromium.media.VideoCaptureFactory.getCaptureApiType(chromium-Monochrome.aab-stable-579013821:8)

08-06 05:55:51.507  7815  9643 I LSPosed-Bridge: 	at org.chromium.media.VideoCaptureFactory.getCaptureApiType(chromium-Monochrome.aab-stable-579013821:8)

08-06 05:55:51.527  7815  9643 I LSPosed-Bridge: 7815 PermLabel hookBinder_test 10153 interfaceBinder =android.media.IAudioService; arg0 = 55; arg1 = android.os.Parcel@842c3e4; arg2 = android.os.Parcel@653b77; arg3 = 0; res = true; stacktrace=java.lang.Exception

08-06 05:55:51.527  7815  9643 I LSPosed-Bridge: 7815 PermLabel hookBinder_test 10153 interfaceBinder =android.media.IAudioService; arg0 = 55; arg1 = android.os.Parcel@842c3e4; arg2 = android.os.Parcel@653b77; arg3 = 0; res = true; stacktrace=java.lang.Exception

08-06 05:55:51.527  7815  9643 I LSPosed-Bridge: 	at com.example.permlabel.hookBinder_test$1.afterHookedMethod(hookBinder_test.java:55)

08-06 05:55:51.527  7815  9643 I LSPosed-Bridge: 	at com.example.permlabel.hookBinder_test$1.afterHookedMethod(hookBinder_test.java:55)

08-06 05:55:51.527  7815  9643 I LSPosed-Bridge: 	at de.robv.android.xposed.XposedBridge$AdditionalHookInfo.callback(Unknown Source:147)

08-06 05:55:51.527  7815  9643 I LSPosed-Bridge: 	at de.robv.android.xposed.XposedBridge$AdditionalHookInfo.callback(Unknown Source:147)

08-06 05:55:51.527  7815  9643 I LSPosed-Bridge: 	at LSPHooker_.transact(Unknown Source:28)

08-06 05:55:51.527  7815  9643 I LSPosed-Bridge: 	at LSPHooker_.transact(Unknown Source:28)

08-06 05:55:51.527  7815  9643 I LSPosed-Bridge: 	at android.media.IAudioService$Stub$Proxy.isCameraSoundForced(IAudioService.java:1955)

08-06 05:55:51.527  7815  9643 I LSPosed-Bridge: 	at android.media.IAudioService$Stub$Proxy.isCameraSoundForced(IAudioService.java:1955)

08-06 05:55:51.527  7815  9643 I LSPosed-Bridge: 	at android.hardware.Camera.getCameraInfo(Camera.java:348)

08-06 05:55:51.527  7815  9643 I LSPosed-Bridge: 	at android.hardware.Camera.getCameraInfo(Camera.java:348)

08-06 05:55:51.527  7815  9643 I LSPosed-Bridge: 	at java.lang.reflect.Method.invoke(Native Method)

08-06 05:55:51.527  7815  9643 I LSPosed-Bridge: 	at java.lang.reflect.Method.invoke(Native Method)

08-06 05:55:51.527  7815  9643 I LSPosed-Bridge: 	at org.lsposed.lspd.nativebridge.HookBridge.invokeOriginalMethod(Native Method)

08-06 05:55:51.527  7815  9643 I LSPosed-Bridge: 	at org.lsposed.lspd.nativebridge.HookBridge.invokeOriginalMethod(Native Method)

08-06 05:55:51.527  7815  9643 I LSPosed-Bridge: 	at de.robv.android.xposed.XposedBridge$AdditionalHookInfo.callback(Unknown Source:110)

08-06 05:55:51.527  7815  9643 I LSPosed-Bridge: 	at de.robv.android.xposed.XposedBridge$AdditionalHookInfo.callback(Unknown Source:110)

08-06 05:55:51.527  7815  9643 I LSPosed-Bridge: 	at LSPHooker_.getCameraInfo(Unknown Source:15)

08-06 05:55:51.527  7815  9643 I LSPosed-Bridge: 	at LSPHooker_.getCameraInfo(Unknown Source:15)

08-06 05:55:51.527  7815  9643 I LSPosed-Bridge: 	at R74.e(chromium-Monochrome.aab-stable-579013821:6)

08-06 05:55:51.527  7815  9643 I LSPosed-Bridge: 	at R74.e(chromium-Monochrome.aab-stable-579013821:6)

08-06 05:55:51.527  7815  9643 I LSPosed-Bridge: 	at org.chromium.media.VideoCaptureFactory.getFacingMode(chromium-Monochrome.aab-stable-579013821:10)

08-06 05:55:51.527  7815  9643 I LSPosed-Bridge: 	at org.chromium.media.VideoCaptureFactory.getFacingMode(chromium-Monochrome.aab-stable-579013821:10)

08-06 05:55:51.527  7815  9643 I LSPosed-Bridge: 7815 PermLabel 10153 android.permission.CAMERA getCameraInfo args0: 0; args1: android.hardware.Camera$CameraInfo@9bf64fe; res= null; stacktrace=java.lang.Exception

08-06 05:55:51.527  7815  9643 I LSPosed-Bridge: 7815 PermLabel 10153 android.permission.CAMERA getCameraInfo args0: 0; args1: android.hardware.Camera$CameraInfo@9bf64fe; res= null; stacktrace=java.lang.Exception

08-06 05:55:51.527  7815  9643 I LSPosed-Bridge: 	at com.example.permlabel.hookCamera$1.afterHookedMethod(hookCamera.java:21)

08-06 05:55:51.527  7815  9643 I LSPosed-Bridge: 	at com.example.permlabel.hookCamera$1.afterHookedMethod(hookCamera.java:21)

08-06 05:55:51.527  7815  9643 I LSPosed-Bridge: 	at de.robv.android.xposed.XposedBridge$AdditionalHookInfo.callback(Unknown Source:147)

08-06 05:55:51.527  7815  9643 I LSPosed-Bridge: 	at de.robv.android.xposed.XposedBridge$AdditionalHookInfo.callback(Unknown Source:147)

08-06 05:55:51.527  7815  9643 I LSPosed-Bridge: 	at LSPHooker_.getCameraInfo(Unknown Source:15)

08-06 05:55:51.527  7815  9643 I LSPosed-Bridge: 	at LSPHooker_.getCameraInfo(Unknown Source:15)

08-06 05:55:51.527  7815  9643 I LSPosed-Bridge: 	at R74.e(chromium-Monochrome.aab-stable-579013821:6)

08-06 05:55:51.527  7815  9643 I LSPosed-Bridge: 	at R74.e(chromium-Monochrome.aab-stable-579013821:6)

08-06 05:55:51.527  7815  9643 I LSPosed-Bridge: 	at org.chromium.media.VideoCaptureFactory.getFacingMode(chromium-Monochrome.aab-stable-579013821:10)

08-06 05:55:51.527  7815  9643 I LSPosed-Bridge: 	at org.chromium.media.VideoCaptureFactory.getFacingMode(chromium-Monochrome.aab-stable-579013821:10)

08-06 05:55:51.527  7815  9643 I LSPosed-Bridge: 7815 PermLabel 10153 android.permission.CAMERA getCameraInfo args0: 0; args1: android.hardware.Camera$CameraInfo@9bf64fe; res= null; stacktrace=java.lang.Exception

08-06 05:55:51.527  7815  9643 I LSPosed-Bridge: 7815 PermLabel 10153 android.permission.CAMERA getCameraInfo args0: 0; args1: android.hardware.Camera$CameraInfo@9bf64fe; res= null; stacktrace=java.lang.Exception

08-06 05:55:51.527  7815  9643 I LSPosed-Bridge: 	at com.example.permlabel.hookCamera$1.afterHookedMethod(hookCamera.java:21)

08-06 05:55:51.527  7815  9643 I LSPosed-Bridge: 	at com.example.permlabel.hookCamera$1.afterHookedMethod(hookCamera.java:21)

08-06 05:55:51.527  7815  9643 I LSPosed-Bridge: 	at de.robv.android.xposed.XposedBridge$AdditionalHookInfo.callback(Unknown Source:147)

08-06 05:55:51.527  7815  9643 I LSPosed-Bridge: 	at de.robv.android.xposed.XposedBridge$AdditionalHookInfo.callback(Unknown Source:147)

08-06 05:55:51.527  7815  9643 I LSPosed-Bridge: 	at LSPHooker_.getCameraInfo(Unknown Source:15)

08-06 05:55:51.527  7815  9643 I LSPosed-Bridge: 	at LSPHooker_.getCameraInfo(Unknown Source:15)

08-06 05:55:51.527  7815  9643 I LSPosed-Bridge: 	at R74.e(chromium-Monochrome.aab-stable-579013821:6)

08-06 05:55:51.527  7815  9643 I LSPosed-Bridge: 	at R74.e(chromium-Monochrome.aab-stable-579013821:6)

08-06 05:55:51.527  7815  9643 I LSPosed-Bridge: 	at org.chromium.media.VideoCaptureFactory.getFacingMode(chromium-Monochrome.aab-stable-579013821:10)

08-06 05:55:51.527  7815  9643 I LSPosed-Bridge: 	at org.chromium.media.VideoCaptureFactory.getFacingMode(chromium-Monochrome.aab-stable-579013821:10)

08-06 05:55:51.549  1574  5185 I LSPosed-Bridge: 7815 PermLabel 10153 AMS.checkPermission: Binder.getCallingPid() = 915; uid = 10153; Binder.getCallingUid() = 1047; getNameForUid: null; getPackagesForUid: null; permName: android.permission.CAMERA; type = 1; res = -1; stacktrace=java.lang.Exception

08-06 05:55:51.549  1574  5185 I LSPosed-Bridge: 	at com.example.permlabel.requirePerm$1$2.afterHookedMethod(requirePerm.java:130)

08-06 05:55:51.549  1574  5185 I LSPosed-Bridge: 	at de.robv.android.xposed.XposedBridge$AdditionalHookInfo.callback(Unknown Source:147)

08-06 05:55:51.549  1574  5185 I LSPosed-Bridge: 	at LSPHooker_.checkPermission(Unknown Source:25)

08-06 05:55:51.549  1574  5185 I LSPosed-Bridge: 	at com.android.server.am.ActivityManagerService$PermissionController.checkPermission(ActivityManagerService.java:9248)

08-06 05:55:51.549  1574  5185 I LSPosed-Bridge: 	at android.os.IPermissionController$Stub.onTransact(IPermissionController.java:56)

08-06 05:55:51.549  1574  5185 I LSPosed-Bridge: 	at android.os.Binder.execTransact(Binder.java:731)

08-06 05:55:51.549   915  5469 W ServiceManager: Permission failure: android.permission.CAMERA from uid=10153 pid=7815

08-06 05:55:51.653  1574  3340 I LSPosed-Bridge: 7815 PermLabel 10153 AMS.checkPermission: Binder.getCallingPid() = 915; uid = 10153; Binder.getCallingUid() = 1047; getNameForUid: null; getPackagesForUid: null; permName: android.permission.CAMERA; type = 1; res = -1; stacktrace=java.lang.Exception

08-06 05:55:51.653  1574  3340 I LSPosed-Bridge: 	at com.example.permlabel.requirePerm$1$2.afterHookedMethod(requirePerm.java:130)

08-06 05:55:51.653  1574  3340 I LSPosed-Bridge: 	at de.robv.android.xposed.XposedBridge$AdditionalHookInfo.callback(Unknown Source:147)

08-06 05:55:51.653  1574  3340 I LSPosed-Bridge: 	at LSPHooker_.checkPermission(Unknown Source:25)

08-06 05:55:51.653  1574  3340 I LSPosed-Bridge: 	at com.android.server.am.ActivityManagerService$PermissionController.checkPermission(ActivityManagerService.java:9248)

08-06 05:55:51.653  1574  3340 I LSPosed-Bridge: 	at android.os.IPermissionController$Stub.onTransact(IPermissionController.java:56)

08-06 05:55:51.653  1574  3340 I LSPosed-Bridge: 	at android.os.Binder.execTransact(Binder.java:731)

08-06 05:55:51.653   915  5469 W ServiceManager: Permission failure: android.permission.CAMERA from uid=10153 pid=7815

08-06 05:55:51.653   915  5469 E CameraService: Permission Denial: can't use the camera pid=7815, uid=10153

08-06 05:55:51.757  1574  5185 I LSPosed-Bridge: 7815 PermLabel 10153 AMS.checkPermission: Binder.getCallingPid() = 915; uid = 10153; Binder.getCallingUid() = 1047; getNameForUid: null; getPackagesForUid: null; permName: android.permission.CAMERA; type = 1; res = -1; stacktrace=java.lang.Exception

08-06 05:55:51.757  1574  5185 I LSPosed-Bridge: 	at com.example.permlabel.requirePerm$1$2.afterHookedMethod(requirePerm.java:130)

08-06 05:55:51.757  1574  5185 I LSPosed-Bridge: 	at de.robv.android.xposed.XposedBridge$AdditionalHookInfo.callback(Unknown Source:147)

08-06 05:55:51.757  1574  5185 I LSPosed-Bridge: 	at LSPHooker_.checkPermission(Unknown Source:25)

08-06 05:55:51.757  1574  5185 I LSPosed-Bridge: 	at com.android.server.am.ActivityManagerService$PermissionController.checkPermission(ActivityManagerService.java:9248)

08-06 05:55:51.757  1574  5185 I LSPosed-Bridge: 	at android.os.IPermissionController$Stub.onTransact(IPermissionController.java:56)

08-06 05:55:51.757  1574  5185 I LSPosed-Bridge: 	at android.os.Binder.execTransact(Binder.java:731)

08-06 05:55:51.861  7815  7815 I LSPosed-Bridge: 7815 PermLabel hookBinder_test 10153 interfaceBinder =android.view.accessibility.IAccessibilityInteractionConnectionCallback; arg0 = 2; arg1 = android.os.Parcel@653b77; arg2 = null; arg3 = 1; res = true; stacktrace=java.lang.Exception

08-06 05:55:51.861  7815  7815 I LSPosed-Bridge: 	at com.example.permlabel.hookBinder_test$1.afterHookedMethod(hookBinder_test.java:55)

08-06 05:55:51.861  7815  7815 I LSPosed-Bridge: 	at de.robv.android.xposed.XposedBridge$AdditionalHookInfo.callback(Unknown Source:147)

08-06 05:55:51.861  7815  7815 I LSPosed-Bridge: 	at LSPHooker_.transact(Unknown Source:28)

08-06 05:55:51.861  7815  7815 I LSPosed-Bridge: 	at android.view.accessibility.IAccessibilityInteractionConnectionCallback$Stub$Proxy.setFindAccessibilityNodeInfosResult(IAccessibilityInteractionConnectionCallback.java:146)

08-06 05:55:51.861  7815  7815 I LSPosed-Bridge: 	at android.view.AccessibilityInteractionController.updateInfosForViewportAndReturnFindNodeResult(AccessibilityInteractionController.java:869)

08-06 05:55:51.861  7815  7815 I LSPosed-Bridge: 	at android.view.AccessibilityInteractionController.findAccessibilityNodeInfoByAccessibilityIdUiThread(AccessibilityInteractionController.java:340)

08-06 05:55:51.861  7815  7815 I LSPosed-Bridge: 	at android.view.AccessibilityInteractionController.access$400(AccessibilityInteractionController.java:67)

08-06 05:55:51.861  7815  7815 I LSPosed-Bridge: 	at android.view.AccessibilityInteractionController$PrivateHandler.handleMessage(AccessibilityInteractionController.java:1324)

08-06 05:55:51.861  7815  7815 I LSPosed-Bridge: 	at android.os.Handler.dispatchMessage(Handler.java:106)

08-06 05:55:51.861  7815  7815 I LSPosed-Bridge: 	at android.os.Looper.loop(Looper.java:193)

08-06 05:55:51.861  7815  7815 I LSPosed-Bridge: 	at android.app.ActivityThread.main(ActivityThread.java:6692)

08-06 05:55:51.861  7815  7815 I LSPosed-Bridge: 	at java.lang.reflect.Method.invoke(Native Method)

08-06 05:55:51.861  7815  7815 I LSPosed-Bridge: 	at com.android.internal.os.RuntimeInit$MethodAndArgsCaller.run(RuntimeInit.java:493)

08-06 05:55:51.861  7815  7815 I LSPosed-Bridge: 	at com.android.internal.os.ZygoteInit.main(ZygoteInit.java:858)

08-06 05:55:51.861  1574  5185 I LSPosed-Bridge: 7815 PermLabel 10153 AMS.checkPermission: Binder.getCallingPid() = 915; uid = 10153; Binder.getCallingUid() = 1047; getNameForUid: null; getPackagesForUid: null; permName: android.permission.CAMERA; type = 1; res = -1; stacktrace=java.lang.Exception

08-06 05:55:51.861  1574  5185 I LSPosed-Bridge: 	at com.example.permlabel.requirePerm$1$2.afterHookedMethod(requirePerm.java:130)

08-06 05:55:51.861  1574  5185 I LSPosed-Bridge: 	at de.robv.android.xposed.XposedBridge$AdditionalHookInfo.callback(Unknown Source:147)

08-06 05:55:51.861  1574  5185 I LSPosed-Bridge: 	at LSPHooker_.checkPermission(Unknown Source:25)

08-06 05:55:51.861  1574  5185 I LSPosed-Bridge: 	at com.android.server.am.ActivityManagerService$PermissionController.checkPermission(ActivityManagerService.java:9248)

08-06 05:55:51.861  1574  5185 I LSPosed-Bridge: 	at android.os.IPermissionController$Stub.onTransact(IPermissionController.java:56)

08-06 05:55:51.861  1574  5185 I LSPosed-Bridge: 	at android.os.Binder.execTransact(Binder.java:731)

08-06 05:55:51.969  1574  1677 I LSPosed-Bridge: 7815 PermLabel 10153 AMS.checkPermission: Binder.getCallingPid() = 915; uid = 10153; Binder.getCallingUid() = 1047; getNameForUid: null; getPackagesForUid: null; permName: android.permission.CAMERA; type = 1; res = -1; stacktrace=java.lang.Exception

08-06 05:55:51.969  1574  1677 I LSPosed-Bridge: 	at com.example.permlabel.requirePerm$1$2.afterHookedMethod(requirePerm.java:130)

08-06 05:55:51.969  1574  1677 I LSPosed-Bridge: 	at de.robv.android.xposed.XposedBridge$AdditionalHookInfo.callback(Unknown Source:147)

08-06 05:55:51.969  1574  1677 I LSPosed-Bridge: 	at LSPHooker_.checkPermission(Unknown Source:25)

08-06 05:55:51.969  1574  1677 I LSPosed-Bridge: 	at com.android.server.am.ActivityManagerService$PermissionController.checkPermission(ActivityManagerService.java:9248)

08-06 05:55:51.969  1574  1677 I LSPosed-Bridge: 	at android.os.IPermissionController$Stub.onTransact(IPermissionController.java:56)

08-06 05:55:51.969  1574  1677 I LSPosed-Bridge: 	at android.os.Binder.execTransact(Binder.java:731)

08-06 05:55:51.969   550   550 I ConfigStore: android::hardware::configstore::V1_0::ISurfaceFlingerConfigs::hasHDRDisplay retrieved: 0

08-06 05:55:51.969   915  5469 W ServiceManager: Permission failure: android.permission.CAMERA from uid=10153 pid=7815

08-06 05:55:52.072  1574  3340 I LSPosed-Bridge: 7815 PermLabel 10153 AMS.checkPermission: Binder.getCallingPid() = 915; uid = 10153; Binder.getCallingUid() = 1047; getNameForUid: null; getPackagesForUid: null; permName: android.permission.CAMERA; type = 1; res = -1; stacktrace=java.lang.Exception

08-06 05:55:52.072  1574  3340 I LSPosed-Bridge: 	at com.example.permlabel.requirePerm$1$2.afterHookedMethod(requirePerm.java:130)

08-06 05:55:52.072  1574  3340 I LSPosed-Bridge: 	at de.robv.android.xposed.XposedBridge$AdditionalHookInfo.callback(Unknown Source:147)

08-06 05:55:52.072  1574  3340 I LSPosed-Bridge: 	at LSPHooker_.checkPermission(Unknown Source:25)

08-06 05:55:52.072  1574  3340 I LSPosed-Bridge: 	at com.android.server.am.ActivityManagerService$PermissionController.checkPermission(ActivityManagerService.java:9248)

08-06 05:55:52.072  1574  3340 I LSPosed-Bridge: 	at android.os.IPermissionController$Stub.onTransact(IPermissionController.java:56)

08-06 05:55:52.072  1574  3340 I LSPosed-Bridge: 	at android.os.Binder.execTransact(Binder.java:731)

08-06 05:55:52.072 13518 13518 E SlowAppComponent: 0ms: MessengerApplication instantiating

08-06 05:55:52.072   915  5469 W ServiceManager: Permission failure: android.permission.CAMERA from uid=10153 pid=7815

08-06 05:55:52.072   915  5469 E CameraService: Permission Denial: can't use the camera pid=7815, uid=10153

08-06 05:55:52.175  1574  1851 I LSPosed-Bridge: 7815 PermLabel 10153 AMS.checkPermission: Binder.getCallingPid() = 915; uid = 10153; Binder.getCallingUid() = 1047; getNameForUid: null; getPackagesForUid: null; permName: android.permission.CAMERA; type = 1; res = -1; stacktrace=java.lang.Exception

08-06 05:55:52.175  1574  1851 I LSPosed-Bridge: 	at com.example.permlabel.requirePerm$1$2.afterHookedMethod(requirePerm.java:130)

08-06 05:55:52.175  1574  1851 I LSPosed-Bridge: 	at de.robv.android.xposed.XposedBridge$AdditionalHookInfo.callback(Unknown Source:147)

08-06 05:55:52.175  1574  1851 I LSPosed-Bridge: 	at LSPHooker_.checkPermission(Unknown Source:25)

08-06 05:55:52.175  1574  1851 I LSPosed-Bridge: 	at com.android.server.am.ActivityManagerService$PermissionController.checkPermission(ActivityManagerService.java:9248)

08-06 05:55:52.175  1574  1851 I LSPosed-Bridge: 	at android.os.IPermissionController$Stub.onTransact(IPermissionController.java:56)

08-06 05:55:52.175  1574  1851 I LSPosed-Bridge: 	at android.os.Binder.execTransact(Binder.java:731)

08-06 05:55:52.279  1574  1851 I LSPosed-Bridge: 7815 PermLabel 10153 AMS.checkPermission: Binder.getCallingPid() = 915; uid = 10153; Binder.getCallingUid() = 1047; getNameForUid: null; getPackagesForUid: null; permName: android.permission.CAMERA; type = 1; res = -1; stacktrace=java.lang.Exception

08-06 05:55:52.279  1574  1851 I LSPosed-Bridge: 	at com.example.permlabel.requirePerm$1$2.afterHookedMethod(requirePerm.java:130)

08-06 05:55:52.279  1574  1851 I LSPosed-Bridge: 	at de.robv.android.xposed.XposedBridge$AdditionalHookInfo.callback(Unknown Source:147)

08-06 05:55:52.279  1574  1851 I LSPosed-Bridge: 	at LSPHooker_.checkPermission(Unknown Source:25)

08-06 05:55:52.279  1574  1851 I LSPosed-Bridge: 	at com.android.server.am.ActivityManagerService$PermissionController.checkPermission(ActivityManagerService.java:9248)

08-06 05:55:52.279  1574  1851 I LSPosed-Bridge: 	at android.os.IPermissionController$Stub.onTransact(IPermissionController.java:56)

08-06 05:55:52.279  1574  1851 I LSPosed-Bridge: 	at android.os.Binder.execTransact(Binder.java:731)

08-06 05:55:52.279   915  5469 W ServiceManager: Permission failure: android.permission.CAMERA from uid=10153 pid=7815

08-06 05:55:52.279   915  5469 E CameraService: Permission Denial: can't use the camera pid=7815, uid=10153

08-06 05:55:52.279  7815  9643 W CameraBase: An error occurred while connecting to camera 0: Status(-8): '1: validateClientPermissionsLocked:906: Caller "com.mt.mtxx.mtxx" (PID 10153, UID 7815) cannot open camera "0" without camera permission'

08-06 05:55:52.383  1574  1851 I LSPosed-Bridge: 7815 PermLabel 10153 AMS.checkPermission: Binder.getCallingPid() = 915; uid = 10153; Binder.getCallingUid() = 1047; getNameForUid: null; getPackagesForUid: null; permName: android.permission.CAMERA; type = 1; res = -1; stacktrace=java.lang.Exception

08-06 05:55:52.383  1574  1851 I LSPosed-Bridge: 	at com.example.permlabel.requirePerm$1$2.afterHookedMethod(requirePerm.java:130)

08-06 05:55:52.383  1574  1851 I LSPosed-Bridge: 	at de.robv.android.xposed.XposedBridge$AdditionalHookInfo.callback(Unknown Source:147)

08-06 05:55:52.383  1574  1851 I LSPosed-Bridge: 	at LSPHooker_.checkPermission(Unknown Source:25)

08-06 05:55:52.383  1574  1851 I LSPosed-Bridge: 	at com.android.server.am.ActivityManagerService$PermissionController.checkPermission(ActivityManagerService.java:9248)

08-06 05:55:52.383  1574  1851 I LSPosed-Bridge: 	at android.os.IPermissionController$Stub.onTransact(IPermissionController.java:56)

08-06 05:55:52.383  1574  1851 I LSPosed-Bridge: 	at android.os.Binder.execTransact(Binder.java:731)

08-06 05:55:52.383  7815  7815 I LSPosed-Bridge: 7815 PermLabel hookBinder_test 10153 interfaceBinder =android.view.accessibility.IAccessibilityManager; arg0 = 2; arg1 = android.os.Parcel@653b77; arg2 = null; arg3 = 1; res = true; stacktrace=java.lang.Exception

08-06 05:55:52.383  7815  7815 I LSPosed-Bridge: 	at com.example.permlabel.hookBinder_test$1.afterHookedMethod(hookBinder_test.java:55)

08-06 05:55:52.383  7815  7815 I LSPosed-Bridge: 	at de.robv.android.xposed.XposedBridge$AdditionalHookInfo.callback(Unknown Source:147)

08-06 05:55:52.383  7815  7815 I LSPosed-Bridge: 	at LSPHooker_.transact(Unknown Source:28)

08-06 05:55:52.383  7815  7815 I LSPosed-Bridge: 	at android.view.accessibility.IAccessibilityManager$Stub$Proxy.sendAccessibilityEvent(IAccessibilityManager.java:279)

08-06 05:55:52.383  7815  7815 I LSPosed-Bridge: 	at android.view.accessibility.AccessibilityManager.sendAccessibilityEvent(AccessibilityManager.java:505)

08-06 05:55:52.383  7815  7815 I LSPosed-Bridge: 	at android.view.ViewRootImpl.requestSendAccessibilityEvent(ViewRootImpl.java:7602)

08-06 05:55:52.383  7815  7815 I LSPosed-Bridge: 	at android.view.ViewGroup.requestSendAccessibilityEvent(ViewGroup.java:1049)

08-06 05:55:52.383  7815  7815 I LSPosed-Bridge: 	at android.view.ViewGroup.requestSendAccessibilityEvent(ViewGroup.java:1049)

08-06 05:55:52.383  7815  7815 I LSPosed-Bridge: 	at android.view.ViewGroup.requestSendAccessibilityEvent(ViewGroup.java:1049)

08-06 05:55:52.383  7815  7815 I LSPosed-Bridge: 	at android.view.ViewGroup.requestSendAccessibilityEvent(ViewGroup.java:1049)

08-06 05:55:52.383  7815  7815 I LSPosed-Bridge: 	at android.view.ViewGroup.requestSendAccessibilityEvent(ViewGroup.java:1049)

08-06 05:55:52.383  7815  7815 I LSPosed-Bridge: 	at android.view.ViewGroup.requestSendAccessibilityEvent(ViewGroup.java:1049)

