08-05 08:25:54.225  1528 10448 I LSPosed-Bridge: 	at de.robv.android.xposed.XposedBridge$AdditionalHookInfo.callback(Unknown Source:147)

08-05 08:25:54.225  1528 10448 I LSPosed-Bridge: 	at LSPHooker_.checkPermission(Unknown Source:25)

08-05 08:25:54.225  1528 10448 I LSPosed-Bridge: 	at com.android.server.am.ActivityManagerService.isGetTasksAllowed(ActivityManagerService.java:10902)

08-05 08:25:54.225  1528 10448 I LSPosed-Bridge: 	at com.android.server.am.ActivityManagerService.getFilteredTasks(ActivityManagerService.java:10884)

08-05 08:25:54.225  1528 10448 I LSPosed-Bridge: 	at com.android.server.am.ActivityManagerService.getTasks(ActivityManagerService.java:10872)

08-05 08:25:54.225  1528 10448 I LSPosed-Bridge: 	at android.app.IActivityManager$Stub.onTransact(IActivityManager.java:288)

08-05 08:25:54.225  1528 10448 I LSPosed-Bridge: 	at com.android.server.am.ActivityManagerService.onTransact(ActivityManagerService.java:3346)

08-05 08:25:54.225  1528 10448 I LSPosed-Bridge: 	at android.os.Binder.execTransact(Binder.java:731)

08-05 08:26:08.368  1528  7594 I LSPosed-Bridge: 8612 PermLabel 10147 AMS.checkPermission: Binder.getCallingPid() = 8612; uid = 10147; Binder.getCallingUid() = 10147; getNameForUid: com.xingin.xhs; getPackagesForUid: [com.xingin.xhs]; permName: android.permission.GET_TASKS; type = 0; res = -1; stacktrace=java.lang.Exception

08-05 08:26:08.368  1528  7594 I LSPosed-Bridge: 	at com.example.permlabel.requirePerm$1$2.afterHookedMethod(requirePerm.java:117)

08-05 08:26:08.368  1528  7594 I LSPosed-Bridge: 	at de.robv.android.xposed.XposedBridge$AdditionalHookInfo.callback(Unknown Source:147)

08-05 08:26:08.368  1528  7594 I LSPosed-Bridge: 	at LSPHooker_.checkPermission(Unknown Source:25)

08-05 08:26:08.368  1528  7594 I LSPosed-Bridge: 	at com.android.server.am.ActivityManagerService.isGetTasksAllowed(ActivityManagerService.java:10902)

08-05 08:26:08.368  1528  7594 I LSPosed-Bridge: 	at com.android.server.am.ActivityManagerService.getFilteredTasks(ActivityManagerService.java:10884)

08-05 08:26:08.368  1528  7594 I LSPosed-Bridge: 	at com.android.server.am.ActivityManagerService.getTasks(ActivityManagerService.java:10872)

08-05 08:26:08.368  1528  7594 I LSPosed-Bridge: 	at android.app.IActivityManager$Stub.onTransact(IActivityManager.java:288)

08-05 08:26:08.368  1528  7594 I LSPosed-Bridge: 	at com.android.server.am.ActivityManagerService.onTransact(ActivityManagerService.java:3346)

08-05 08:26:08.368  1528  7594 I LSPosed-Bridge: 	at android.os.Binder.execTransact(Binder.java:731)

08-05 08:26:08.368  8612  8612 I LSPosed-Bridge: 8612 PermLabel hookBinder_test 10147 interfaceBinder =android.view.accessibility.IAccessibilityManager; arg0 = 7; arg1 = android.os.Parcel@6da4d93; arg2 = android.os.Parcel@258585; arg3 = 0; res = true; stacktrace=java.lang.Exception

08-05 08:26:08.368  8612  8612 I LSPosed-Bridge: 	at com.example.permlabel.hookBinder_test$1.afterHookedMethod(hookBinder_test.java:48)

08-05 08:26:08.368  8612  8612 I LSPosed-Bridge: 	at de.robv.android.xposed.XposedBridge$AdditionalHookInfo.callback(Unknown Source:147)

08-05 08:26:08.368  8612  8612 I LSPosed-Bridge: 	at LSPHooker_.transact(Unknown Source:28)

08-05 08:26:08.368  8612  8612 I LSPosed-Bridge: 	at android.view.accessibility.IAccessibilityManager$Stub$Proxy.removeAccessibilityInteractionConnection(IAccessibilityManager.java:369)

08-05 08:26:08.368  8612  8612 I LSPosed-Bridge: 	at android.view.accessibility.AccessibilityManager.removeAccessibilityInteractionConnection(AccessibilityManager.java:1014)

08-05 08:26:08.368  8612  8612 I LSPosed-Bridge: 	at android.view.ViewRootImpl$AccessibilityInteractionConnectionManager.ensureNoConnection(ViewRootImpl.java:8225)

08-05 08:26:08.368  8612  8612 I LSPosed-Bridge: 	at android.view.ViewRootImpl.dispatchDetachedFromWindow(ViewRootImpl.java:3826)

08-05 08:26:08.368  8612  8612 I LSPosed-Bridge: 	at android.view.ViewRootImpl.doDie(ViewRootImpl.java:6775)

08-05 08:26:08.368  8612  8612 I LSPosed-Bridge: 	at android.view.ViewRootImpl.die(ViewRootImpl.java:6752)

08-05 08:26:08.368  8612  8612 I LSPosed-Bridge: 	at android.view.WindowManagerGlobal.removeViewLocked(WindowManagerGlobal.java:458)

08-05 08:26:08.368  8612  8612 I LSPosed-Bridge: 	at android.view.WindowManagerGlobal.removeView(WindowManagerGlobal.java:396)

08-05 08:26:08.368  8612  8612 I LSPosed-Bridge: 	at android.view.WindowManagerImpl.removeViewImmediate(WindowManagerImpl.java:126)

08-05 08:26:08.368  8612  8612 I LSPosed-Bridge: 	at android.app.ActivityThread.handleDestroyActivity(ActivityThread.java:4499)

08-05 08:26:08.368  8612  8612 I LSPosed-Bridge: 	at android.app.servertransaction.DestroyActivityItem.execute(DestroyActivityItem.java:39)

08-05 08:26:08.368  8612  8612 I LSPosed-Bridge: 	at android.app.servertransaction.TransactionExecutor.executeLifecycleState(TransactionExecutor.java:145)

08-05 08:26:08.368  8612  8612 I LSPosed-Bridge: 	at android.app.servertransaction.TransactionExecutor.execute(TransactionExecutor.java:70)

08-05 08:26:08.368  8612  8612 I LSPosed-Bridge: 	at android.app.ActivityThread$H.handleMessage(ActivityThread.java:1809)

08-05 08:26:08.368  8612  8612 I LSPosed-Bridge: 	at android.os.Handler.dispatchMessage(Handler.java:106)

08-05 08:26:08.368  8612  8612 I LSPosed-Bridge: 	at android.os.Looper.loop(Looper.java:193)

08-05 08:26:08.368  8612  8612 I LSPosed-Bridge: 	at xv4.c$a.run(SentryPlus.java:1)

08-05 08:26:08.368  8612  8612 I LSPosed-Bridge: 	at android.os.Handler.handleCallback(Handler.java:873)

08-05 08:26:08.368  8612  8612 I LSPosed-Bridge: 	at android.os.Handler.dispatchMessage(Handler.java:99)

08-05 08:26:08.368  8612  8612 I LSPosed-Bridge: 	at android.os.Looper.loop(Looper.java:193)

08-05 08:26:08.368  8612  8612 I LSPosed-Bridge: 	at android.app.ActivityThread.main(ActivityThread.java:6692)

08-05 08:26:08.368  8612  8612 I LSPosed-Bridge: 	at java.lang.reflect.Method.invoke(Native Method)

08-05 08:26:08.368  8612  8612 I LSPosed-Bridge: 	at com.android.internal.os.RuntimeInit$MethodAndArgsCaller.run(RuntimeInit.java:493)

08-05 08:26:08.368  8612  8612 I LSPosed-Bridge: 	at com.android.internal.os.ZygoteInit.main(ZygoteInit.java:858)

08-05 08:26:08.368  8612 11553 I LSPosed-Bridge: 8612 PermLabel hookBinder_test 10147 interfaceBinder =android.app.IActivityManager; arg0 = 20; arg1 = android.os.Parcel@ff36afc; arg2 = android.os.Parcel@4e9f865; arg3 = 0; res = true; stacktrace=java.lang.Exception

08-05 08:26:08.368  8612 11553 I LSPosed-Bridge: 	at com.example.permlabel.hookBinder_test$1.afterHookedMethod(hookBinder_test.java:48)

08-05 08:26:08.368  8612 11553 I LSPosed-Bridge: 	at de.robv.android.xposed.XposedBridge$AdditionalHookInfo.callback(Unknown Source:147)

08-05 08:26:08.368  8612 11553 I LSPosed-Bridge: 	at LSPHooker_.transact(Unknown Source:28)

08-05 08:26:08.368  8612 11553 I LSPosed-Bridge: 	at android.app.IActivityManager$Stub$Proxy.getTasks(IActivityManager.java:4082)

08-05 08:26:08.368  8612 11553 I LSPosed-Bridge: 	at android.app.ActivityManager.getRunningTasks(ActivityManager.java:1994)

08-05 08:26:08.368  8612 11553 I LSPosed-Bridge: 	at com.alibaba.wireless.security.open.edgecomputing.ECMiscInfo.б(Unknown Source:10)

08-05 08:26:08.368  8612 11553 I LSPosed-Bridge: 	at com.alibaba.wireless.security.open.edgecomputing.ECMiscInfo.а(Unknown Source:0)

08-05 08:26:08.368  8612 11553 I LSPosed-Bridge: 	at com.alibaba.wireless.security.open.edgecomputing.ECMiscInfo$б.а(Unknown Source:26)

08-05 08:26:08.368  8612 11553 I LSPosed-Bridge: 	at com.alibaba.wireless.security.open.edgecomputing.ECMiscInfo$а.run(Unknown Source:8)

08-05 08:26:08.368  8612 11553 I LSPosed-Bridge: 	at android.os.Handler.handleCallback(Handler.java:873)

08-05 08:26:08.368  8612 11553 I LSPosed-Bridge: 	at android.os.Handler.dispatchMessage(Handler.java:99)

08-05 08:26:08.368  8612 11553 I LSPosed-Bridge: 	at android.os.Looper.loop(Looper.java:193)

08-05 08:26:08.368  8612 11553 I LSPosed-Bridge: 	at android.os.HandlerThread.run(HandlerThread.java:65)

08-05 08:26:15.676  1528  3238 I LSPosed-Bridge: 8612 PermLabel 10147 AMS.checkPermission: Binder.getCallingPid() = 8612; uid = 10147; Binder.getCallingUid() = 10147; getNameForUid: com.xingin.xhs; getPackagesForUid: [com.xingin.xhs]; permName: android.permission.GET_TASKS; type = 0; res = -1; stacktrace=java.lang.Exception

08-05 08:26:15.676  1528  3238 I LSPosed-Bridge: 	at com.example.permlabel.requirePerm$1$2.afterHookedMethod(requirePerm.java:117)

08-05 08:26:15.676  1528  3238 I LSPosed-Bridge: 	at de.robv.android.xposed.XposedBridge$AdditionalHookInfo.callback(Unknown Source:147)

08-05 08:26:15.676  1528  3238 I LSPosed-Bridge: 	at LSPHooker_.checkPermission(Unknown Source:25)

08-05 08:26:15.676  1528  3238 I LSPosed-Bridge: 	at com.android.server.am.ActivityManagerService.isGetTasksAllowed(ActivityManagerService.java:10902)

08-05 08:26:15.676  1528  3238 I LSPosed-Bridge: 	at com.android.server.am.ActivityManagerService.getFilteredTasks(ActivityManagerService.java:10884)

08-05 08:26:15.676  1528  3238 I LSPosed-Bridge: 	at com.android.server.am.ActivityManagerService.getTasks(ActivityManagerService.java:10872)

08-05 08:26:15.676  1528  3238 I LSPosed-Bridge: 	at android.app.IActivityManager$Stub.onTransact(IActivityManager.java:288)

08-05 08:26:15.676  1528  3238 I LSPosed-Bridge: 	at com.android.server.am.ActivityManagerService.onTransact(ActivityManagerService.java:3346)

08-05 08:26:15.676  1528  3238 I LSPosed-Bridge: 	at android.os.Binder.execTransact(Binder.java:731)

08-05 08:26:20.065  1528  7594 I LSPosed-Bridge: 8612 PermLabel 10147 AMS.checkPermission: Binder.getCallingPid() = 8612; uid = 10147; Binder.getCallingUid() = 10147; getNameForUid: com.xingin.xhs; getPackagesForUid: [com.xingin.xhs]; permName: android.permission.GET_TASKS; type = 0; res = -1; stacktrace=java.lang.Exception

08-05 08:26:20.065  1528  7594 I LSPosed-Bridge: 	at com.example.permlabel.requirePerm$1$2.afterHookedMethod(requirePerm.java:117)

08-05 08:26:20.065  1528  7594 I LSPosed-Bridge: 	at de.robv.android.xposed.XposedBridge$AdditionalHookInfo.callback(Unknown Source:147)

08-05 08:26:20.065  1528  7594 I LSPosed-Bridge: 	at LSPHooker_.checkPermission(Unknown Source:25)

08-05 08:26:20.065  1528  7594 I LSPosed-Bridge: 	at com.android.server.am.ActivityManagerService.isGetTasksAllowed(ActivityManagerService.java:10902)

08-05 08:26:20.065  1528  7594 I LSPosed-Bridge: 	at com.android.server.am.ActivityManagerService.getFilteredTasks(ActivityManagerService.java:10884)

08-05 08:26:20.065  1528  7594 I LSPosed-Bridge: 	at com.android.server.am.ActivityManagerService.getTasks(ActivityManagerService.java:10872)

08-05 08:26:20.065  1528  7594 I LSPosed-Bridge: 	at android.app.IActivityManager$Stub.onTransact(IActivityManager.java:288)

08-05 08:26:20.065  1528  7594 I LSPosed-Bridge: 	at com.android.server.am.ActivityManagerService.onTransact(ActivityManagerService.java:3346)

08-05 08:26:20.065  1528  7594 I LSPosed-Bridge: 	at android.os.Binder.execTransact(Binder.java:731)

08-05 08:26:22.509  1528  3238 I LSPosed-Bridge: 8612 PermLabel 10147 AMS.checkPermission: Binder.getCallingPid() = 8612; uid = 10147; Binder.getCallingUid() = 10147; getNameForUid: com.xingin.xhs; getPackagesForUid: [com.xingin.xhs]; permName: android.permission.GET_TASKS; type = 0; res = -1; stacktrace=java.lang.Exception

08-05 08:26:22.509  1528  3238 I LSPosed-Bridge: 	at com.example.permlabel.requirePerm$1$2.afterHookedMethod(requirePerm.java:117)

08-05 08:26:22.509  1528  3238 I LSPosed-Bridge: 	at de.robv.android.xposed.XposedBridge$AdditionalHookInfo.callback(Unknown Source:147)

08-05 08:26:22.509  1528  3238 I LSPosed-Bridge: 	at LSPHooker_.checkPermission(Unknown Source:25)

08-05 08:26:22.509  1528  3238 I LSPosed-Bridge: 	at com.android.server.am.ActivityManagerService.isGetTasksAllowed(ActivityManagerService.java:10902)

08-05 08:26:22.509  1528  3238 I LSPosed-Bridge: 	at com.android.server.am.ActivityManagerService.getFilteredTasks(ActivityManagerService.java:10884)

08-05 08:26:22.509  1528  3238 I LSPosed-Bridge: 	at com.android.server.am.ActivityManagerService.getTasks(ActivityManagerService.java:10872)

08-05 08:26:22.509  1528  3238 I LSPosed-Bridge: 	at android.app.IActivityManager$Stub.onTransact(IActivityManager.java:288)

08-05 08:26:22.509  1528  3238 I LSPosed-Bridge: 	at com.android.server.am.ActivityManagerService.onTransact(ActivityManagerService.java:3346)

08-05 08:26:22.509  1528  3238 I LSPosed-Bridge: 	at android.os.Binder.execTransact(Binder.java:731)

08-05 08:26:26.469  1528  3238 I LSPosed-Bridge: 8612 PermLabel 10147 AMS.checkPermission: Binder.getCallingPid() = 8612; uid = 10147; Binder.getCallingUid() = 10147; getNameForUid: com.xingin.xhs; getPackagesForUid: [com.xingin.xhs]; permName: android.permission.GET_TASKS; type = 0; res = -1; stacktrace=java.lang.Exception

08-05 08:26:26.469  1528  3238 I LSPosed-Bridge: 	at com.example.permlabel.requirePerm$1$2.afterHookedMethod(requirePerm.java:117)

08-05 08:26:26.469  1528  3238 I LSPosed-Bridge: 	at de.robv.android.xposed.XposedBridge$AdditionalHookInfo.callback(Unknown Source:147)

08-05 08:26:26.469  1528  3238 I LSPosed-Bridge: 	at LSPHooker_.checkPermission(Unknown Source:25)

08-05 08:26:26.469  1528  3238 I LSPosed-Bridge: 	at com.android.server.am.ActivityManagerService.isGetTasksAllowed(ActivityManagerService.java:10902)

08-05 08:26:26.469  1528  3238 I LSPosed-Bridge: 	at com.android.server.am.ActivityManagerService.getFilteredTasks(ActivityManagerService.java:10884)

08-05 08:26:26.469  1528  3238 I LSPosed-Bridge: 	at com.android.server.am.ActivityManagerService.getTasks(ActivityManagerService.java:10872)

08-05 08:26:26.469  1528  3238 I LSPosed-Bridge: 	at android.app.IActivityManager$Stub.onTransact(IActivityManager.java:288)

08-05 08:26:26.469  1528  3238 I LSPosed-Bridge: 	at com.android.server.am.ActivityManagerService.onTransact(ActivityManagerService.java:3346)

08-05 08:26:26.469  1528  3238 I LSPosed-Bridge: 	at android.os.Binder.execTransact(Binder.java:731)

08-05 08:26:30.001  8612 17804 I LSPosed-Bridge: 8612 PermLabel hookBinder_test 10147 interfaceBinder =com.android.internal.telephony.ISub; arg0 = 20; arg1 = android.os.Parcel@34e08a5; arg2 = android.os.Parcel@bb52298; arg3 = 0; res = true; stacktrace=java.lang.Exception

08-05 08:26:30.001  8612 17804 I LSPosed-Bridge: 	at com.example.permlabel.hookBinder_test$1.afterHookedMethod(hookBinder_test.java:48)

08-05 08:26:30.001  8612 17804 I LSPosed-Bridge: 	at de.robv.android.xposed.XposedBridge$AdditionalHookInfo.callback(Unknown Source:147)

08-05 08:26:30.001  8612 17804 I LSPosed-Bridge: 	at LSPHooker_.transact(Unknown Source:28)

08-05 08:26:30.001  8612 17804 I LSPosed-Bridge: 	at com.android.internal.telephony.ISub$Stub$Proxy.getDefaultSubId(ISub.java:847)

08-05 08:26:30.001  8612 17804 I LSPosed-Bridge: 	at android.telephony.SubscriptionManager.getDefaultSubscriptionId(SubscriptionManager.java:1254)

08-05 08:26:30.001  8612 17804 I LSPosed-Bridge: 	at android.telephony.TelephonyManager.getSubId(TelephonyManager.java:4890)

08-05 08:26:30.001  8612 17804 I LSPosed-Bridge: 	at android.telephony.TelephonyManager.getPhoneId(TelephonyManager.java:4918)

08-05 08:26:30.001  8612 17804 I LSPosed-Bridge: 	at android.telephony.TelephonyManager.getNetworkOperator(TelephonyManager.java:1785)

08-05 08:26:30.001  8612 17804 I LSPosed-Bridge: 	at tm3.d.g(Unknown Source:27)

08-05 08:26:30.001  8612 17804 I LSPosed-Bridge: 	at cn.jiguang.f.h.b(Unknown Source:19)

08-05 08:26:30.001  8612 17804 I LSPosed-Bridge: 	at cn.jiguang.az.f.i(Unknown Source:0)

08-05 08:26:30.001  8612 17804 I LSPosed-Bridge: 	at cn.jiguang.az.i.c(Unknown Source:30)

08-05 08:26:30.001  8612 17804 I LSPosed-Bridge: 	at cn.jiguang.az.i.b(Unknown Source:45)

08-05 08:26:30.001  8612 17804 I LSPosed-Bridge: 	at cn.jiguang.az.i.a(Unknown Source:46)

08-05 08:26:30.001  8612 17804 I LSPosed-Bridge: 	at cn.jiguang.az.i.g(Unknown Source:0)

08-05 08:26:30.001  8612 17804 I LSPosed-Bridge: 	at cn.jiguang.az.i.c(Unknown Source:0)

08-05 08:26:30.001  8612 17804 I LSPosed-Bridge: 	at cn.jiguang.az.i$1.run(Unknown Source:309)

08-05 08:26:30.001  8612 17804 I LSPosed-Bridge: 	at cn.jiguang.az.f$1.a(Unknown Source:4)

08-05 08:26:30.001  8612 17804 I LSPosed-Bridge: 	at cn.jiguang.bx.b.run(Unknown Source:9)

08-05 08:26:30.001  8612 17804 I LSPosed-Bridge: 	at java.util.concurrent.ThreadPoolExecutor.runWorker(ThreadPoolExecutor.java:1167)

08-05 08:26:30.001  8612 17804 I LSPosed-Bridge: 	at java.util.concurrent.ThreadPoolExecutor$Worker.run(ThreadPoolExecutor.java:641)

08-05 08:26:30.001  8612 17804 I LSPosed-Bridge: 	at java.lang.Thread.run(Thread.java:764)

08-05 08:26:30.001  1528  3238 I LSPosed-Bridge: 8612 PermLabel 10147 AMS.checkPermission: Binder.getCallingPid() = 8612; uid = 10147; Binder.getCallingUid() = 10147; getNameForUid: com.xingin.xhs; getPackagesForUid: [com.xingin.xhs]; permName: android.permission.GET_TASKS; type = 0; res = -1; stacktrace=java.lang.Exception

08-05 08:26:30.001  1528  3238 I LSPosed-Bridge: 	at com.example.permlabel.requirePerm$1$2.afterHookedMethod(requirePerm.java:117)

08-05 08:26:30.001  1528  3238 I LSPosed-Bridge: 	at de.robv.android.xposed.XposedBridge$AdditionalHookInfo.callback(Unknown Source:147)

08-05 08:26:30.001  1528  3238 I LSPosed-Bridge: 	at LSPHooker_.checkPermission(Unknown Source:25)

08-05 08:26:30.001  1528  3238 I LSPosed-Bridge: 	at com.android.server.am.ActivityManagerService.isGetTasksAllowed(ActivityManagerService.java:10902)

08-05 08:26:30.001  1528  3238 I LSPosed-Bridge: 	at com.android.server.am.ActivityManagerService.getFilteredTasks(ActivityManagerService.java:10884)

08-05 08:26:30.001  1528  3238 I LSPosed-Bridge: 	at com.android.server.am.ActivityManagerService.getTasks(ActivityManagerService.java:10872)

08-05 08:26:30.001  1528  3238 I LSPosed-Bridge: 	at android.app.IActivityManager$Stub.onTransact(IActivityManager.java:288)

08-05 08:26:30.001  1528  3238 I LSPosed-Bridge: 	at com.android.server.am.ActivityManagerService.onTransact(ActivityManagerService.java:3346)

08-05 08:26:30.001  1528  3238 I LSPosed-Bridge: 	at android.os.Binder.execTransact(Binder.java:731)

08-05 08:26:33.188  1528  3238 I LSPosed-Bridge: 8612 PermLabel 10147 AMS.checkPermission: Binder.getCallingPid() = 8612; uid = 10147; Binder.getCallingUid() = 10147; getNameForUid: com.xingin.xhs; getPackagesForUid: [com.xingin.xhs]; permName: android.permission.GET_TASKS; type = 0; res = -1; stacktrace=java.lang.Exception

08-05 08:26:33.188  1528  3238 I LSPosed-Bridge: 	at com.example.permlabel.requirePerm$1$2.afterHookedMethod(requirePerm.java:117)

08-05 08:26:33.188  1528  3238 I LSPosed-Bridge: 	at de.robv.android.xposed.XposedBridge$AdditionalHookInfo.callback(Unknown Source:147)

08-05 08:26:33.188  1528  3238 I LSPosed-Bridge: 	at LSPHooker_.checkPermission(Unknown Source:25)

08-05 08:26:33.188  1528  3238 I LSPosed-Bridge: 	at com.android.server.am.ActivityManagerService.isGetTasksAllowed(ActivityManagerService.java:10902)

08-05 08:26:33.188  1528  3238 I LSPosed-Bridge: 	at com.android.server.am.ActivityManagerService.getFilteredTasks(ActivityManagerService.java:10884)

08-05 08:26:33.188  1528  3238 I LSPosed-Bridge: 	at com.android.server.am.ActivityManagerService.getTasks(ActivityManagerService.java:10872)

08-05 08:26:33.188  1528  3238 I LSPosed-Bridge: 	at android.app.IActivityManager$Stub.onTransact(IActivityManager.java:288)

08-05 08:26:33.188  1528  3238 I LSPosed-Bridge: 	at com.android.server.am.ActivityManagerService.onTransact(ActivityManagerService.java:3346)

08-05 08:26:33.188  1528  3238 I LSPosed-Bridge: 	at android.os.Binder.execTransact(Binder.java:731)

08-05 08:26:33.188  8612 11553 I LSPosed-Bridge: 8612 PermLabel hookBinder_test 10147 interfaceBinder =android.app.IActivityManager; arg0 = 20; arg1 = android.os.Parcel@34e08a5; arg2 = android.os.Parcel@c38aa3; arg3 = 0; res = true; stacktrace=java.lang.Exception

08-05 08:26:33.188  8612 11553 I LSPosed-Bridge: 	at com.example.permlabel.hookBinder_test$1.afterHookedMethod(hookBinder_test.java:48)

08-05 08:26:33.188  8612 11553 I LSPosed-Bridge: 	at de.robv.android.xposed.XposedBridge$AdditionalHookInfo.callback(Unknown Source:147)

08-05 08:26:33.188  8612 11553 I LSPosed-Bridge: 	at LSPHooker_.transact(Unknown Source:28)

08-05 08:26:33.188  8612 11553 I LSPosed-Bridge: 	at android.app.IActivityManager$Stub$Proxy.getTasks(IActivityManager.java:4082)

08-05 08:26:33.188  8612 11553 I LSPosed-Bridge: 	at android.app.ActivityManager.getRunningTasks(ActivityManager.java:1994)

08-05 08:26:33.188  8612 11553 I LSPosed-Bridge: 	at com.alibaba.wireless.security.open.edgecomputing.ECMiscInfo.б(Unknown Source:10)

08-05 08:26:33.188  8612 11553 I LSPosed-Bridge: 	at com.alibaba.wireless.security.open.edgecomputing.ECMiscInfo.а(Unknown Source:0)

08-05 08:26:33.188  8612 11553 I LSPosed-Bridge: 	at com.alibaba.wireless.security.open.edgecomputing.ECMiscInfo$б.а(Unknown Source:26)

08-05 08:26:33.188  8612 11553 I LSPosed-Bridge: 	at com.alibaba.wireless.security.open.edgecomputing.ECMiscInfo$а.run(Unknown Source:8)

08-05 08:26:33.188  8612 11553 I LSPosed-Bridge: 	at android.os.Handler.handleCallback(Handler.java:873)

08-05 08:26:33.188  8612 11553 I LSPosed-Bridge: 	at android.os.Handler.dispatchMessage(Handler.java:99)

08-05 08:26:33.188  8612 11553 I LSPosed-Bridge: 	at android.os.Looper.loop(Looper.java:193)

08-05 08:26:33.188  8612 11553 I LSPosed-Bridge: 	at android.os.HandlerThread.run(HandlerThread.java:65)

08-05 08:26:36.779  1528  1863 I LSPosed-Bridge: 8612 PermLabel 10147 AMS.checkPermission: Binder.getCallingPid() = 8612; uid = 10147; Binder.getCallingUid() = 10147; getNameForUid: com.xingin.xhs; getPackagesForUid: [com.xingin.xhs]; permName: android.permission.GET_TASKS; type = 0; res = -1; stacktrace=java.lang.Exception

08-05 08:26:36.779  1528  1863 I LSPosed-Bridge: 	at com.example.permlabel.requirePerm$1$2.afterHookedMethod(requirePerm.java:117)

08-05 08:26:36.779  1528  1863 I LSPosed-Bridge: 	at de.robv.android.xposed.XposedBridge$AdditionalHookInfo.callback(Unknown Source:147)

08-05 08:26:36.779  1528  1863 I LSPosed-Bridge: 	at LSPHooker_.checkPermission(Unknown Source:25)

08-05 08:26:36.779  1528  1863 I LSPosed-Bridge: 	at com.android.server.am.ActivityManagerService.isGetTasksAllowed(ActivityManagerService.java:10902)

08-05 08:26:36.779  1528  1863 I LSPosed-Bridge: 	at com.android.server.am.ActivityManagerService.getFilteredTasks(ActivityManagerService.java:10884)

08-05 08:26:36.779  1528  1863 I LSPosed-Bridge: 	at com.android.server.am.ActivityManagerService.getTasks(ActivityManagerService.java:10872)

08-05 08:26:36.779  1528  1863 I LSPosed-Bridge: 	at android.app.IActivityManager$Stub.onTransact(IActivityManager.java:288)

08-05 08:26:36.779  1528  1863 I LSPosed-Bridge: 	at com.android.server.am.ActivityManagerService.onTransact(ActivityManagerService.java:3346)

08-05 08:26:36.779  1528  1863 I LSPosed-Bridge: 	at android.os.Binder.execTransact(Binder.java:731)

08-05 08:26:36.779  8612 17804 I LSPosed-Bridge: 8612 PermLabel hookBinder_test 10147 interfaceBinder =; arg0 = 1; arg1 = android.os.Parcel@3a0357a; arg2 = android.os.Parcel@b6c2f46; arg3 = 0; res = true; stacktrace=java.lang.Exception

08-05 08:26:36.779  8612 17804 I LSPosed-Bridge: 	at com.example.permlabel.hookBinder_test$1.afterHookedMethod(hookBinder_test.java:48)

08-05 08:26:36.779  8612 17804 I LSPosed-Bridge: 	at de.robv.android.xposed.XposedBridge$AdditionalHookInfo.callback(Unknown Source:147)

08-05 08:26:36.779  8612 17804 I LSPosed-Bridge: 	at LSPHooker_.transact(Unknown Source:28)

08-05 08:26:36.779  8612 17804 I LSPosed-Bridge: 	at android.os.ServiceManagerProxy.getService(ServiceManagerNative.java:125)

08-05 08:26:36.779  8612 17804 I LSPosed-Bridge: 	at android.os.ServiceManager.rawGetService(ServiceManager.java:253)

08-05 08:26:36.779  8612 17804 I LSPosed-Bridge: 	at android.os.ServiceManager.getService(ServiceManager.java:124)

08-05 08:26:36.779  8612 17804 I LSPosed-Bridge: 	at android.telephony.SubscriptionManager.getPhoneId(SubscriptionManager.java:1222)

08-05 08:26:36.779  8612 17804 I LSPosed-Bridge: 	at android.telephony.TelephonyManager.getPhoneId(TelephonyManager.java:4918)

08-05 08:26:36.779  8612 17804 I LSPosed-Bridge: 	at android.telephony.TelephonyManager.getNetworkOperator(TelephonyManager.java:1785)

08-05 08:26:36.779  8612 17804 I LSPosed-Bridge: 	at tm3.d.g(Unknown Source:27)

08-05 08:26:36.779  8612 17804 I LSPosed-Bridge: 	at cn.jiguang.f.h.b(Unknown Source:19)

08-05 08:26:36.779  8612 17804 I LSPosed-Bridge: 	at cn.jiguang.az.f.i(Unknown Source:0)

08-05 08:26:36.779  8612 17804 I LSPosed-Bridge: 	at cn.jiguang.az.i.c(Unknown Source:30)

08-05 08:26:36.779  8612 17804 I LSPosed-Bridge: 	at cn.jiguang.az.i.b(Unknown Source:45)

08-05 08:26:36.779  8612 17804 I LSPosed-Bridge: 	at cn.jiguang.az.i.a(Unknown Source:46)

08-05 08:26:36.779  8612 17804 I LSPosed-Bridge: 	at cn.jiguang.az.i.g(Unknown Source:0)

08-05 08:26:36.779  8612 17804 I LSPosed-Bridge: 	at cn.jiguang.az.i.c(Unknown Source:0)

08-05 08:26:36.779  8612 17804 I LSPosed-Bridge: 	at cn.jiguang.az.i$1.run(Unknown Source:309)

08-05 08:26:36.779  8612 17804 I LSPosed-Bridge: 	at cn.jiguang.az.f$1.a(Unknown Source:4)

08-05 08:26:36.779  8612 17804 I LSPosed-Bridge: 	at cn.jiguang.bx.b.run(Unknown Source:9)

08-05 08:26:36.779  8612 17804 I LSPosed-Bridge: 	at java.util.concurrent.ThreadPoolExecutor.runWorker(ThreadPoolExecutor.java:1167)

08-05 08:26:36.779  8612 17804 I LSPosed-Bridge: 	at java.util.concurrent.ThreadPoolExecutor$Worker.run(ThreadPoolExecutor.java:641)

08-05 08:26:36.779  8612 17804 I LSPosed-Bridge: 	at java.lang.Thread.run(Thread.java:764)

08-05 08:26:36.779  8612  9370 I LSPosed-Bridge: 8612 PermLabel hookBinder_test 10147 interfaceBinder =android.content.pm.IPackageManager; arg0 = 9; arg1 = android.os.Parcel@3abf9d2; arg2 = android.os.Parcel@c38aa3; arg3 = 0; res = true; stacktrace=java.lang.Exception

08-05 08:26:36.779  8612  9370 I LSPosed-Bridge: 	at com.example.permlabel.hookBinder_test$1.afterHookedMethod(hookBinder_test.java:48)

08-05 08:26:36.779  8612  9370 I LSPosed-Bridge: 	at de.robv.android.xposed.XposedBridge$AdditionalHookInfo.callback(Unknown Source:147)

08-05 08:26:36.779  8612  9370 I LSPosed-Bridge: 	at LSPHooker_.transact(Unknown Source:28)

08-05 08:26:36.779  8612  9370 I LSPosed-Bridge: 	at android.content.pm.IPackageManager$Stub$Proxy.getPermissionInfo(IPackageManager.java:3008)

08-05 08:26:36.779  8612  9370 I LSPosed-Bridge: 	at android.app.ApplicationPackageManager.getPermissionInfo(ApplicationPackageManager.java:306)

08-05 08:26:36.779  8612  9370 I LSPosed-Bridge: 	at com.example.permlabel.requestPerm$2.afterHookedMethod(requestPerm.java:169)

08-05 08:26:36.779  8612  9370 I LSPosed-Bridge: 	at de.robv.android.xposed.XposedBridge$AdditionalHookInfo.callback(Unknown Source:147)

08-05 08:26:36.779  8612  9370 I LSPosed-Bridge: 	at LSPHooker_.checkPermission(Unknown Source:25)

08-05 08:26:36.779  8612  9370 I LSPosed-Bridge: 	at android.content.ContextWrapper.checkPermission(ContextWrapper.java:738)

08-05 08:26:36.779  8612  9370 I LSPosed-Bridge: 	at z64.b.n(PermissionUtils.kt:9)

08-05 08:26:36.779  8612  9370 I LSPosed-Bridge: 	at w94.d.f(OnTrackerListenerImpl.kt:4)

08-05 08:26:36.779  8612  9370 I LSPosed-Bridge: 	at d24.n.q(TrackerCenter.java:6)

08-05 08:26:36.779  8612  9370 I LSPosed-Bridge: 	at d24.u$a.e(UbtTrackHelper.kt:7)

08-05 08:26:36.779  8612  9370 I LSPosed-Bridge: 	at d24.u$a.y(UbtTrackHelper.kt:26)

08-05 08:26:36.779  8612  9370 I LSPosed-Bridge: 	at d24.u$a$a.run(UbtTrackHelper.kt:2)

08-05 08:26:36.779  8612  9370 I LSPosed-Bridge: 	at java.util.concurrent.ThreadPoolExecutor.runWorker(ThreadPoolExecutor.java:1167)

08-05 08:26:36.779  8612  9370 I LSPosed-Bridge: 	at java.util.concurrent.ThreadPoolExecutor$Worker.run(ThreadPoolExecutor.java:641)

08-05 08:26:36.779  8612  9370 I LSPosed-Bridge: 	at java.lang.Thread.run(Thread.java:764)

08-05 08:26:36.779  8612  9370 I LSPosed-Bridge: 8612 PermLabel 10147 ContextImpl.checkPermission: pid = 8612; uid = 10147; permName: android.permission.ACCESS_FINE_LOCATION; type = 1; res = -1; stacktrace=java.lang.Exception

08-05 08:26:36.779  8612  9370 I LSPosed-Bridge: 	at com.example.permlabel.requestPerm$2.afterHookedMethod(requestPerm.java:203)

08-05 08:26:36.779  8612  9370 I LSPosed-Bridge: 	at de.robv.android.xposed.XposedBridge$AdditionalHookInfo.callback(Unknown Source:147)

08-05 08:26:36.779  8612  9370 I LSPosed-Bridge: 	at LSPHooker_.checkPermission(Unknown Source:25)

08-05 08:26:36.779  8612  9370 I LSPosed-Bridge: 	at android.content.ContextWrapper.checkPermission(ContextWrapper.java:738)

08-05 08:26:36.779  8612  9370 I LSPosed-Bridge: 	at z64.b.n(PermissionUtils.kt:9)

08-05 08:26:36.779  8612  9370 I LSPosed-Bridge: 	at w94.d.f(OnTrackerListenerImpl.kt:4)

08-05 08:26:36.779  8612  9370 I LSPosed-Bridge: 	at d24.n.q(TrackerCenter.java:6)

08-05 08:26:36.779  8612  9370 I LSPosed-Bridge: 	at d24.u$a.e(UbtTrackHelper.kt:7)

08-05 08:26:36.779  8612  9370 I LSPosed-Bridge: 	at d24.u$a.y(UbtTrackHelper.kt:26)

08-05 08:26:36.779  8612  9370 I LSPosed-Bridge: 	at d24.u$a$a.run(UbtTrackHelper.kt:2)

08-05 08:26:36.779  8612  9370 I LSPosed-Bridge: 	at java.util.concurrent.ThreadPoolExecutor.runWorker(ThreadPoolExecutor.java:1167)

08-05 08:26:36.779  8612  9370 I LSPosed-Bridge: 	at java.util.concurrent.ThreadPoolExecutor$Worker.run(ThreadPoolExecutor.java:641)

08-05 08:26:36.779  8612  9370 I LSPosed-Bridge: 	at java.lang.Thread.run(Thread.java:764)

08-05 08:26:36.779  8612 11553 I LSPosed-Bridge: 8612 PermLabel hookBinder_test 10147 interfaceBinder =android.app.IActivityManager; arg0 = 20; arg1 = android.os.Parcel@34e08a5; arg2 = android.os.Parcel@bb52298; arg3 = 0; res = true; stacktrace=java.lang.Exception

08-05 08:26:36.779  8612 11553 I LSPosed-Bridge: 	at com.example.permlabel.hookBinder_test$1.afterHookedMethod(hookBinder_test.java:48)

08-05 08:26:36.779  8612 11553 I LSPosed-Bridge: 	at de.robv.android.xposed.XposedBridge$AdditionalHookInfo.callback(Unknown Source:147)

08-05 08:26:36.779  8612 11553 I LSPosed-Bridge: 	at LSPHooker_.transact(Unknown Source:28)

08-05 08:26:36.779  8612 11553 I LSPosed-Bridge: 	at android.app.IActivityManager$Stub$Proxy.getTasks(IActivityManager.java:4082)

08-05 08:26:36.779  8612 11553 I LSPosed-Bridge: 	at android.app.ActivityManager.getRunningTasks(ActivityManager.java:1994)

08-05 08:26:36.779  8612 11553 I LSPosed-Bridge: 	at com.alibaba.wireless.security.open.edgecomputing.ECMiscInfo.б(Unknown Source:10)

08-05 08:26:36.779  8612 11553 I LSPosed-Bridge: 	at com.alibaba.wireless.security.open.edgecomputing.ECMiscInfo.а(Unknown Source:0)

08-05 08:26:36.779  8612 11553 I LSPosed-Bridge: 	at com.alibaba.wireless.security.open.edgecomputing.ECMiscInfo$б.а(Unknown Source:26)

08-05 08:26:36.779  8612 11553 I LSPosed-Bridge: 	at com.alibaba.wireless.security.open.edgecomputing.ECMiscInfo$а.run(Unknown Source:8)

08-05 08:26:36.779  8612 11553 I LSPosed-Bridge: 	at android.os.Handler.handleCallback(Handler.java:873)

08-05 08:26:36.779  8612 11553 I LSPosed-Bridge: 	at android.os.Handler.dispatchMessage(Handler.java:99)

08-05 08:26:36.779  8612 11553 I LSPosed-Bridge: 	at android.os.Looper.loop(Looper.java:193)

08-05 08:26:36.779  8612 11553 I LSPosed-Bridge: 	at android.os.HandlerThread.run(HandlerThread.java:65)

08-05 08:26:40.553  8612 17804 I LSPosed-Bridge: 8612 PermLabel hookBinder_test 10147 interfaceBinder =com.android.internal.telephony.ISub; arg0 = 20; arg1 = android.os.Parcel@bb52298; arg2 = android.os.Parcel@3abf9d2; arg3 = 0; res = true; stacktrace=java.lang.Exception

08-05 08:26:40.553  8612 17804 I LSPosed-Bridge: 	at com.example.permlabel.hookBinder_test$1.afterHookedMethod(hookBinder_test.java:48)

08-05 08:26:40.553  8612 17804 I LSPosed-Bridge: 	at de.robv.android.xposed.XposedBridge$AdditionalHookInfo.callback(Unknown Source:147)

08-05 08:26:40.553  8612 17804 I LSPosed-Bridge: 	at LSPHooker_.transact(Unknown Source:28)

08-05 08:26:40.553  8612 17804 I LSPosed-Bridge: 	at com.android.internal.telephony.ISub$Stub$Proxy.getDefaultSubId(ISub.java:847)

08-05 08:26:40.553  8612 17804 I LSPosed-Bridge: 	at android.telephony.SubscriptionManager.getDefaultSubscriptionId(SubscriptionManager.java:1254)

08-05 08:26:40.553  8612 17804 I LSPosed-Bridge: 	at android.telephony.TelephonyManager.getSubId(TelephonyManager.java:4890)

08-05 08:26:40.553  8612 17804 I LSPosed-Bridge: 	at android.telephony.TelephonyManager.getPhoneId(TelephonyManager.java:4918)

08-05 08:26:40.553  8612 17804 I LSPosed-Bridge: 	at android.telephony.TelephonyManager.getNetworkOperator(TelephonyManager.java:1785)

08-05 08:26:40.553  8612 17804 I LSPosed-Bridge: 	at tm3.d.g(Unknown Source:27)

08-05 08:26:40.553  8612 17804 I LSPosed-Bridge: 	at cn.jiguang.f.h.b(Unknown Source:19)

08-05 08:26:40.553  8612 17804 I LSPosed-Bridge: 	at cn.jiguang.az.f.i(Unknown Source:0)

08-05 08:26:40.553  8612 17804 I LSPosed-Bridge: 	at cn.jiguang.az.i.c(Unknown Source:30)

08-05 08:26:40.553  8612 17804 I LSPosed-Bridge: 	at cn.jiguang.az.i.b(Unknown Source:45)

08-05 08:26:40.553  8612 17804 I LSPosed-Bridge: 	at cn.jiguang.az.i.a(Unknown Source:46)

08-05 08:26:40.553  8612 17804 I LSPosed-Bridge: 	at cn.jiguang.az.i.g(Unknown Source:0)

08-05 08:26:40.553  8612 17804 I LSPosed-Bridge: 	at cn.jiguang.az.i.c(Unknown Source:0)

08-05 08:26:40.553  8612 17804 I LSPosed-Bridge: 	at cn.jiguang.az.i$1.run(Unknown Source:309)

08-05 08:26:40.553  8612 17804 I LSPosed-Bridge: 	at cn.jiguang.az.f$1.a(Unknown Source:4)

08-05 08:26:40.553  8612 17804 I LSPosed-Bridge: 	at cn.jiguang.bx.b.run(Unknown Source:9)

08-05 08:26:40.553  8612 17804 I LSPosed-Bridge: 	at java.util.concurrent.ThreadPoolExecutor.runWorker(ThreadPoolExecutor.java:1167)

08-05 08:26:40.553  8612 17804 I LSPosed-Bridge: 	at java.util.concurrent.ThreadPoolExecutor$Worker.run(ThreadPoolExecutor.java:641)

08-05 08:26:40.553  8612 17804 I LSPosed-Bridge: 	at java.lang.Thread.run(Thread.java:764)

08-05 08:26:40.553  1528  4479 I LSPosed-Bridge: 8612 PermLabel 10147 AMS.checkPermission: Binder.getCallingPid() = 8612; uid = 10147; Binder.getCallingUid() = 10147; getNameForUid: com.xingin.xhs; getPackagesForUid: [com.xingin.xhs]; permName: android.permission.GET_TASKS; type = 0; res = -1; stacktrace=java.lang.Exception

08-05 08:26:40.553  1528  4479 I LSPosed-Bridge: 	at com.example.permlabel.requirePerm$1$2.afterHookedMethod(requirePerm.java:117)

08-05 08:26:40.553  1528  4479 I LSPosed-Bridge: 	at de.robv.android.xposed.XposedBridge$AdditionalHookInfo.callback(Unknown Source:147)

08-05 08:26:40.553  1528  4479 I LSPosed-Bridge: 	at LSPHooker_.checkPermission(Unknown Source:25)

08-05 08:26:40.553  1528  4479 I LSPosed-Bridge: 	at com.android.server.am.ActivityManagerService.isGetTasksAllowed(ActivityManagerService.java:10902)

08-05 08:26:40.553  1528  4479 I LSPosed-Bridge: 	at com.android.server.am.ActivityManagerService.getFilteredTasks(ActivityManagerService.java:10884)

08-05 08:26:40.553  1528  4479 I LSPosed-Bridge: 	at com.android.server.am.ActivityManagerService.getTasks(ActivityManagerService.java:10872)

08-05 08:26:40.553  1528  4479 I LSPosed-Bridge: 	at android.app.IActivityManager$Stub.onTransact(IActivityManager.java:288)

08-05 08:26:40.553  1528  4479 I LSPosed-Bridge: 	at com.android.server.am.ActivityManagerService.onTransact(ActivityManagerService.java:3346)

08-05 08:26:40.553  1528  4479 I LSPosed-Bridge: 	at android.os.Binder.execTransact(Binder.java:731)

08-05 08:26:54.947  8612  9370 I LSPosed-Bridge: 8612 PermLabel hookBinder_test 10147 interfaceBinder =android.app.IActivityManager; arg0 = 49; arg1 = android.os.Parcel@c985866; arg2 = android.os.Parcel@6c194f2; arg3 = 0; res = true; stacktrace=java.lang.Exception

08-05 08:26:54.947  8612  9370 I LSPosed-Bridge: 	at com.example.permlabel.hookBinder_test$1.afterHookedMethod(hookBinder_test.java:48)

08-05 08:26:54.947  8612  9370 I LSPosed-Bridge: 	at de.robv.android.xposed.XposedBridge$AdditionalHookInfo.callback(Unknown Source:147)

08-05 08:26:54.947  8612  9370 I LSPosed-Bridge: 	at LSPHooker_.transact(Unknown Source:28)

08-05 08:26:54.947  8612  9370 I LSPosed-Bridge: 	at android.app.IActivityManager$Stub$Proxy.checkPermission(IActivityManager.java:4722)

08-05 08:26:54.947  8612  9370 I LSPosed-Bridge: 	at android.app.ContextImpl.checkPermission(ContextImpl.java:1751)

08-05 08:26:54.947  8612  9370 I LSPosed-Bridge: 	at java.lang.reflect.Method.invoke(Native Method)

08-05 08:26:54.947  8612  9370 I LSPosed-Bridge: 	at org.lsposed.lspd.nativebridge.HookBridge.invokeOriginalMethod(Native Method)

08-05 08:26:54.947  8612  9370 I LSPosed-Bridge: 	at de.robv.android.xposed.XposedBridge$AdditionalHookInfo.callback(Unknown Source:110)

08-05 08:26:54.947  8612  9370 I LSPosed-Bridge: 	at LSPHooker_.checkPermission(Unknown Source:25)

08-05 08:26:54.947  8612  9370 I LSPosed-Bridge: 	at android.content.ContextWrapper.checkPermission(ContextWrapper.java:738)

08-05 08:26:54.947  8612  9370 I LSPosed-Bridge: 	at z64.b.n(PermissionUtils.kt:9)

08-05 08:26:54.947  8612  9370 I LSPosed-Bridge: 	at w94.d.f(OnTrackerListenerImpl.kt:4)

08-05 08:26:54.947  8612  9370 I LSPosed-Bridge: 	at d24.n.q(TrackerCenter.java:6)

08-05 08:26:54.947  8612  9370 I LSPosed-Bridge: 	at d24.u$a.e(UbtTrackHelper.kt:7)

08-05 08:26:54.947  8612  9370 I LSPosed-Bridge: 	at d24.u$a.y(UbtTrackHelper.kt:26)

08-05 08:26:54.947  8612  9370 I LSPosed-Bridge: 	at d24.u$a$a.run(UbtTrackHelper.kt:2)

08-05 08:26:54.947  8612  9370 I LSPosed-Bridge: 	at java.util.concurrent.ThreadPoolExecutor.runWorker(ThreadPoolExecutor.java:1167)

08-05 08:26:54.947  8612  9370 I LSPosed-Bridge: 	at java.util.concurrent.ThreadPoolExecutor$Worker.run(ThreadPoolExecutor.java:641)

08-05 08:26:54.947  8612  9370 I LSPosed-Bridge: 	at java.lang.Thread.run(Thread.java:764)

08-05 08:26:54.947  8612  8612 I LSPosed-Bridge: 8612 PermLabel hookBinder_test 10147 interfaceBinder =android.app.IActivityManager; arg0 = 17; arg1 = android.os.Parcel@1ffc1c0; arg2 = null; arg3 = 1; res = true; stacktrace=java.lang.Exception

08-05 08:26:54.947  8612  8612 I LSPosed-Bridge: 	at com.example.permlabel.hookBinder_test$1.afterHookedMethod(hookBinder_test.java:48)

08-05 08:26:54.947  8612  8612 I LSPosed-Bridge: 	at de.robv.android.xposed.XposedBridge$AdditionalHookInfo.callback(Unknown Source:147)

08-05 08:26:54.947  8612  8612 I LSPosed-Bridge: 	at LSPHooker_.transact(Unknown Source:28)

08-05 08:26:54.947  8612  8612 I LSPosed-Bridge: 	at android.app.IActivityManager$Stub$Proxy.activityStopped(IActivityManager.java:4027)

08-05 08:26:54.947  8612  8612 I LSPosed-Bridge: 	at android.app.servertransaction.PendingTransactionActions$StopInfo.run(PendingTransactionActions.java:144)

08-05 08:26:54.947  8612  8612 I LSPosed-Bridge: 	at android.os.Handler.handleCallback(Handler.java:873)

08-05 08:26:54.947  8612  8612 I LSPosed-Bridge: 	at android.os.Handler.dispatchMessage(Handler.java:99)

08-05 08:26:54.947  8612  8612 I LSPosed-Bridge: 	at android.os.Looper.loop(Looper.java:193)

08-05 08:26:54.947  8612  8612 I LSPosed-Bridge: 	at xv4.c$a.run(SentryPlus.java:1)

08-05 08:26:54.947  8612  8612 I LSPosed-Bridge: 	at android.os.Handler.handleCallback(Handler.java:873)

08-05 08:26:54.947  8612  8612 I LSPosed-Bridge: 	at android.os.Handler.dispatchMessage(Handler.java:99)

08-05 08:26:54.947  8612  8612 I LSPosed-Bridge: 	at android.os.Looper.loop(Looper.java:193)

08-05 08:26:54.947  8612  8612 I LSPosed-Bridge: 	at android.app.ActivityThread.main(ActivityThread.java:6692)

08-05 08:26:54.947  8612  8612 I LSPosed-Bridge: 	at java.lang.reflect.Method.invoke(Native Method)

08-05 08:26:54.947  8612  8612 I LSPosed-Bridge: 	at com.android.internal.os.RuntimeInit$MethodAndArgsCaller.run(RuntimeInit.java:493)

08-05 08:26:54.947  8612  8612 I LSPosed-Bridge: 	at com.android.internal.os.ZygoteInit.main(ZygoteInit.java:858)

08-05 08:26:54.947  1528  1863 I LSPosed-Bridge: 8612 PermLabel 10147 AMS.checkPermission: Binder.getCallingPid() = 8612; uid = 10147; Binder.getCallingUid() = 10147; getNameForUid: com.xingin.xhs; getPackagesForUid: [com.xingin.xhs]; permName: android.permission.GET_TASKS; type = 0; res = -1; stacktrace=java.lang.Exception

08-05 08:26:54.947  1528  1863 I LSPosed-Bridge: 	at com.example.permlabel.requirePerm$1$2.afterHookedMethod(requirePerm.java:117)

08-05 08:26:54.947  1528  1863 I LSPosed-Bridge: 	at de.robv.android.xposed.XposedBridge$AdditionalHookInfo.callback(Unknown Source:147)

08-05 08:26:54.947  1528  1863 I LSPosed-Bridge: 	at LSPHooker_.checkPermission(Unknown Source:25)

08-05 08:26:54.947  1528  1863 I LSPosed-Bridge: 	at com.android.server.am.ActivityManagerService.isGetTasksAllowed(ActivityManagerService.java:10902)

08-05 08:26:54.947  1528  1863 I LSPosed-Bridge: 	at com.android.server.am.ActivityManagerService.getFilteredTasks(ActivityManagerService.java:10884)

08-05 08:26:54.947  1528  1863 I LSPosed-Bridge: 	at com.android.server.am.ActivityManagerService.getTasks(ActivityManagerService.java:10872)

08-05 08:26:54.947  1528  1863 I LSPosed-Bridge: 	at android.app.IActivityManager$Stub.onTransact(IActivityManager.java:288)

08-05 08:26:54.947  1528  1863 I LSPosed-Bridge: 	at com.android.server.am.ActivityManagerService.onTransact(ActivityManagerService.java:3346)

08-05 08:26:54.947  1528  1863 I LSPosed-Bridge: 	at android.os.Binder.execTransact(Binder.java:731)

08-05 08:26:54.947  8612 17804 I LSPosed-Bridge: 8612 PermLabel hookBinder_test 10147 interfaceBinder =; arg0 = 1; arg1 = android.os.Parcel@aaa5b68; arg2 = android.os.Parcel@b6c2f46; arg3 = 0; res = true; stacktrace=java.lang.Exception

08-05 08:26:54.947  8612 17804 I LSPosed-Bridge: 	at com.example.permlabel.hookBinder_test$1.afterHookedMethod(hookBinder_test.java:48)

08-05 08:26:54.947  8612 17804 I LSPosed-Bridge: 	at de.robv.android.xposed.XposedBridge$AdditionalHookInfo.callback(Unknown Source:147)

08-05 08:26:54.947  8612 17804 I LSPosed-Bridge: 	at LSPHooker_.transact(Unknown Source:28)

08-05 08:26:54.947  8612 17804 I LSPosed-Bridge: 	at android.os.ServiceManagerProxy.getService(ServiceManagerNative.java:125)

08-05 08:26:54.947  8612 17804 I LSPosed-Bridge: 	at android.os.ServiceManager.rawGetService(ServiceManager.java:253)

08-05 08:26:54.947  8612 17804 I LSPosed-Bridge: 	at android.os.ServiceManager.getService(ServiceManager.java:124)

08-05 08:26:54.947  8612 17804 I LSPosed-Bridge: 	at android.telephony.SubscriptionManager.getPhoneId(SubscriptionManager.java:1222)

08-05 08:26:54.947  8612 17804 I LSPosed-Bridge: 	at android.telephony.TelephonyManager.getPhoneId(TelephonyManager.java:4918)

08-05 08:26:54.947  8612 17804 I LSPosed-Bridge: 	at android.telephony.TelephonyManager.getNetworkOperator(TelephonyManager.java:1785)

08-05 08:26:54.947  8612 17804 I LSPosed-Bridge: 	at tm3.d.g(Unknown Source:27)

08-05 08:26:54.947  8612 17804 I LSPosed-Bridge: 	at cn.jiguang.f.h.b(Unknown Source:19)

08-05 08:26:54.947  8612 17804 I LSPosed-Bridge: 	at cn.jiguang.az.f.i(Unknown Source:0)

08-05 08:26:54.947  8612 17804 I LSPosed-Bridge: 	at cn.jiguang.az.i.c(Unknown Source:30)

08-05 08:26:54.947  8612 17804 I LSPosed-Bridge: 	at cn.jiguang.az.i.b(Unknown Source:45)

08-05 08:26:54.947  8612 17804 I LSPosed-Bridge: 	at cn.jiguang.az.i.a(Unknown Source:46)

08-05 08:26:54.947  8612 17804 I LSPosed-Bridge: 	at cn.jiguang.az.i.g(Unknown Source:0)

08-05 08:26:54.947  8612 17804 I LSPosed-Bridge: 	at cn.jiguang.az.i.c(Unknown Source:0)

08-05 08:26:54.947  8612 17804 I LSPosed-Bridge: 	at cn.jiguang.az.i$1.run(Unknown Source:309)

08-05 08:26:54.947  8612 17804 I LSPosed-Bridge: 	at cn.jiguang.az.f$1.a(Unknown Source:4)

08-05 08:26:54.947  8612 17804 I LSPosed-Bridge: 	at cn.jiguang.bx.b.run(Unknown Source:9)

08-05 08:26:54.947  8612 17804 I LSPosed-Bridge: 	at java.util.concurrent.ThreadPoolExecutor.runWorker(ThreadPoolExecutor.java:1167)

08-05 08:26:54.947  8612 17804 I LSPosed-Bridge: 	at java.util.concurrent.ThreadPoolExecutor$Worker.run(ThreadPoolExecutor.java:641)

08-05 08:26:54.947  8612 17804 I LSPosed-Bridge: 	at java.lang.Thread.run(Thread.java:764)

08-05 08:26:54.947  8612  9370 I LSPosed-Bridge: 8612 PermLabel hookBinder_test 10147 interfaceBinder =android.content.pm.IPackageManager; arg0 = 9; arg1 = android.os.Parcel@6c194f2; arg2 = android.os.Parcel@c985866; arg3 = 0; res = true; stacktrace=java.lang.Exception

08-05 08:26:54.947  8612  9370 I LSPosed-Bridge: 	at com.example.permlabel.hookBinder_test$1.afterHookedMethod(hookBinder_test.java:48)

08-05 08:26:54.947  8612  9370 I LSPosed-Bridge: 	at de.robv.android.xposed.XposedBridge$AdditionalHookInfo.callback(Unknown Source:147)

08-05 08:26:54.947  8612  9370 I LSPosed-Bridge: 	at LSPHooker_.transact(Unknown Source:28)

08-05 08:26:54.947  8612  9370 I LSPosed-Bridge: 	at android.content.pm.IPackageManager$Stub$Proxy.getPermissionInfo(IPackageManager.java:3008)

08-05 08:26:54.947  8612  9370 I LSPosed-Bridge: 	at android.app.ApplicationPackageManager.getPermissionInfo(ApplicationPackageManager.java:306)

08-05 08:26:54.947  8612  9370 I LSPosed-Bridge: 	at com.example.permlabel.requestPerm$2.afterHookedMethod(requestPerm.java:169)

08-05 08:26:54.947  8612  9370 I LSPosed-Bridge: 	at de.robv.android.xposed.XposedBridge$AdditionalHookInfo.callback(Unknown Source:147)

08-05 08:26:54.947  8612  9370 I LSPosed-Bridge: 	at LSPHooker_.checkPermission(Unknown Source:25)

08-05 08:26:54.947  8612  9370 I LSPosed-Bridge: 	at android.content.ContextWrapper.checkPermission(ContextWrapper.java:738)

08-05 08:26:54.947  8612  9370 I LSPosed-Bridge: 	at z64.b.n(PermissionUtils.kt:9)

08-05 08:26:54.947  8612  9370 I LSPosed-Bridge: 	at w94.d.f(OnTrackerListenerImpl.kt:4)

08-05 08:26:54.947  8612  9370 I LSPosed-Bridge: 	at d24.n.q(TrackerCenter.java:6)

08-05 08:26:54.947  8612  9370 I LSPosed-Bridge: 	at d24.u$a.e(UbtTrackHelper.kt:7)

08-05 08:26:54.947  8612  9370 I LSPosed-Bridge: 	at d24.u$a.y(UbtTrackHelper.kt:26)

08-05 08:26:54.947  8612  9370 I LSPosed-Bridge: 	at d24.u$a$a.run(UbtTrackHelper.kt:2)

08-05 08:26:54.947  8612  9370 I LSPosed-Bridge: 	at java.util.concurrent.ThreadPoolExecutor.runWorker(ThreadPoolExecutor.java:1167)

08-05 08:26:54.947  8612  9370 I LSPosed-Bridge: 	at java.util.concurrent.ThreadPoolExecutor$Worker.run(ThreadPoolExecutor.java:641)

08-05 08:26:54.947  8612  9370 I LSPosed-Bridge: 	at java.lang.Thread.run(Thread.java:764)

08-05 08:26:58.236  8612  8612 I LSPosed-Bridge: 8612 PermLabel hookBinder_test 10147 interfaceBinder =android.view.accessibility.IAccessibilityManager; arg0 = 7; arg1 = android.os.Parcel@b6c2f46; arg2 = android.os.Parcel@c985866; arg3 = 0; res = true; stacktrace=java.lang.Exception

08-05 08:26:58.236  8612  8612 I LSPosed-Bridge: 	at com.example.permlabel.hookBinder_test$1.afterHookedMethod(hookBinder_test.java:48)

08-05 08:26:58.236  8612  8612 I LSPosed-Bridge: 	at de.robv.android.xposed.XposedBridge$AdditionalHookInfo.callback(Unknown Source:147)

08-05 08:26:58.236  8612  8612 I LSPosed-Bridge: 	at LSPHooker_.transact(Unknown Source:28)

08-05 08:26:58.236  8612  8612 I LSPosed-Bridge: 	at android.view.accessibility.IAccessibilityManager$Stub$Proxy.removeAccessibilityInteractionConnection(IAccessibilityManager.java:369)

08-05 08:26:58.236  8612  8612 I LSPosed-Bridge: 	at android.view.accessibility.AccessibilityManager.removeAccessibilityInteractionConnection(AccessibilityManager.java:1014)

08-05 08:26:58.236  8612  8612 I LSPosed-Bridge: 	at android.view.ViewRootImpl$AccessibilityInteractionConnectionManager.ensureNoConnection(ViewRootImpl.java:8225)

08-05 08:26:58.236  8612  8612 I LSPosed-Bridge: 	at android.view.ViewRootImpl.dispatchDetachedFromWindow(ViewRootImpl.java:3826)

08-05 08:26:58.236  8612  8612 I LSPosed-Bridge: 	at android.view.ViewRootImpl.doDie(ViewRootImpl.java:6775)

08-05 08:26:58.236  8612  8612 I LSPosed-Bridge: 	at android.view.ViewRootImpl.die(ViewRootImpl.java:6752)

08-05 08:26:58.236  8612  8612 I LSPosed-Bridge: 	at android.view.WindowManagerGlobal.removeViewLocked(WindowManagerGlobal.java:458)

08-05 08:26:58.236  8612  8612 I LSPosed-Bridge: 	at android.view.WindowManagerGlobal.removeView(WindowManagerGlobal.java:396)

08-05 08:26:58.236  8612  8612 I LSPosed-Bridge: 	at android.view.WindowManagerImpl.removeViewImmediate(WindowManagerImpl.java:126)

08-05 08:26:58.236  8612  8612 I LSPosed-Bridge: 	at android.app.ActivityThread.handleDestroyActivity(ActivityThread.java:4499)

08-05 08:26:58.236  8612  8612 I LSPosed-Bridge: 	at android.app.servertransaction.DestroyActivityItem.execute(DestroyActivityItem.java:39)

08-05 08:26:58.236  8612  8612 I LSPosed-Bridge: 	at android.app.servertransaction.TransactionExecutor.executeLifecycleState(TransactionExecutor.java:145)

08-05 08:26:58.236  8612  8612 I LSPosed-Bridge: 	at android.app.servertransaction.TransactionExecutor.execute(TransactionExecutor.java:70)

08-05 08:26:58.236  8612  8612 I LSPosed-Bridge: 	at android.app.ActivityThread$H.handleMessage(ActivityThread.java:1809)

08-05 08:26:58.236  8612  8612 I LSPosed-Bridge: 	at android.os.Handler.dispatchMessage(Handler.java:106)

08-05 08:26:58.236  8612  8612 I LSPosed-Bridge: 	at android.os.Looper.loop(Looper.java:193)

08-05 08:26:58.236  8612  8612 I LSPosed-Bridge: 	at xv4.c$a.run(SentryPlus.java:1)

08-05 08:26:58.236  8612  8612 I LSPosed-Bridge: 	at android.os.Handler.handleCallback(Handler.java:873)

08-05 08:26:58.236  8612  8612 I LSPosed-Bridge: 	at android.os.Handler.dispatchMessage(Handler.java:99)

