06-24 20:15:10.105  1570  1655 I LSPosed-Bridge: 5290 PermLabel 10126 AMS.checkPermission: Binder.getCallingPid() = 911; uid = 10126; Binder.getCallingUid() = 1047; getNameForUid: null; getPackagesForUid: null; permName: android.permission.CAMERA; type = 1; res = -1; stacktrace=java.lang.Exception

06-24 20:15:10.105  1570  1655 I LSPosed-Bridge: 	at com.example.permlabel.requirePerm$1$2.afterHookedMethod(requirePerm.java:133)

06-24 20:15:10.105  1570  1655 I LSPosed-Bridge: 	at de.robv.android.xposed.XposedBridge$AdditionalHookInfo.callback(Unknown Source:147)

06-24 20:15:10.105  1570  1655 I LSPosed-Bridge: 	at LSPHooker_.checkPermission(Unknown Source:25)

06-24 20:15:10.105  1570  1655 I LSPosed-Bridge: 	at com.android.server.am.ActivityManagerService$PermissionController.checkPermission(ActivityManagerService.java:9248)

06-24 20:15:10.105  1570  1655 I LSPosed-Bridge: 	at android.os.IPermissionController$Stub.onTransact(IPermissionController.java:56)

06-24 20:15:10.105  1570  1655 I LSPosed-Bridge: 	at android.os.Binder.execTransact(Binder.java:731)

06-24 20:15:10.105   911  3334 W ServiceManager: Permission failure: android.permission.CAMERA from uid=10126 pid=5290

06-24 20:15:10.105   911  3334 E CameraService: Permission Denial: can't use the camera pid=5290, uid=10126

06-24 20:15:10.208  1570  2442 I LSPosed-Bridge: 5290 PermLabel 10126 AMS.checkPermission: Binder.getCallingPid() = 911; uid = 10126; Binder.getCallingUid() = 1047; getNameForUid: null; getPackagesForUid: null; permName: android.permission.CAMERA; type = 1; res = -1; stacktrace=java.lang.Exception

06-24 20:15:10.208  1570  2442 I LSPosed-Bridge: 	at com.example.permlabel.requirePerm$1$2.afterHookedMethod(requirePerm.java:133)

06-24 20:15:10.208  1570  2442 I LSPosed-Bridge: 	at de.robv.android.xposed.XposedBridge$AdditionalHookInfo.callback(Unknown Source:147)

06-24 20:15:10.208  1570  2442 I LSPosed-Bridge: 	at LSPHooker_.checkPermission(Unknown Source:25)

06-24 20:15:10.208  1570  2442 I LSPosed-Bridge: 	at com.android.server.am.ActivityManagerService$PermissionController.checkPermission(ActivityManagerService.java:9248)

06-24 20:15:10.208  1570  2442 I LSPosed-Bridge: 	at android.os.IPermissionController$Stub.onTransact(IPermissionController.java:56)

06-24 20:15:10.208  1570  2442 I LSPosed-Bridge: 	at android.os.Binder.execTransact(Binder.java:731)

06-24 20:15:10.208   911  3334 W ServiceManager: Permission failure: android.permission.CAMERA from uid=10126 pid=5290

06-24 20:15:10.208   911  3334 E CameraService: Permission Denial: can't use the camera pid=5290, uid=10126

06-24 20:15:10.310  1570  2442 I LSPosed-Bridge: 5290 PermLabel 10126 AMS.checkPermission: Binder.getCallingPid() = 911; uid = 10126; Binder.getCallingUid() = 1047; getNameForUid: null; getPackagesForUid: null; permName: android.permission.CAMERA; type = 1; res = -1; stacktrace=java.lang.Exception

06-24 20:15:10.310  1570  2442 I LSPosed-Bridge: 	at com.example.permlabel.requirePerm$1$2.afterHookedMethod(requirePerm.java:133)

06-24 20:15:10.310  1570  2442 I LSPosed-Bridge: 	at de.robv.android.xposed.XposedBridge$AdditionalHookInfo.callback(Unknown Source:147)

06-24 20:15:10.310  1570  2442 I LSPosed-Bridge: 	at LSPHooker_.checkPermission(Unknown Source:25)

06-24 20:15:10.310  1570  2442 I LSPosed-Bridge: 	at com.android.server.am.ActivityManagerService$PermissionController.checkPermission(ActivityManagerService.java:9248)

06-24 20:15:10.310  1570  2442 I LSPosed-Bridge: 	at android.os.IPermissionController$Stub.onTransact(IPermissionController.java:56)

06-24 20:15:10.310  1570  2442 I LSPosed-Bridge: 	at android.os.Binder.execTransact(Binder.java:731)

06-24 20:15:10.413  1570  2442 I LSPosed-Bridge: 5290 PermLabel 10126 AMS.checkPermission: Binder.getCallingPid() = 911; uid = 10126; Binder.getCallingUid() = 1047; getNameForUid: null; getPackagesForUid: null; permName: android.permission.CAMERA; type = 1; res = -1; stacktrace=java.lang.Exception

06-24 20:15:10.413  1570  2442 I LSPosed-Bridge: 	at com.example.permlabel.requirePerm$1$2.afterHookedMethod(requirePerm.java:133)

06-24 20:15:10.413  1570  2442 I LSPosed-Bridge: 	at de.robv.android.xposed.XposedBridge$AdditionalHookInfo.callback(Unknown Source:147)

06-24 20:15:10.413  1570  2442 I LSPosed-Bridge: 	at LSPHooker_.checkPermission(Unknown Source:25)

06-24 20:15:10.413  1570  2442 I LSPosed-Bridge: 	at com.android.server.am.ActivityManagerService$PermissionController.checkPermission(ActivityManagerService.java:9248)

06-24 20:15:10.413  1570  2442 I LSPosed-Bridge: 	at android.os.IPermissionController$Stub.onTransact(IPermissionController.java:56)

06-24 20:15:10.413  1570  2442 I LSPosed-Bridge: 	at android.os.Binder.execTransact(Binder.java:731)

06-24 20:15:10.517  1570  2442 I LSPosed-Bridge: 5290 PermLabel 10126 AMS.checkPermission: Binder.getCallingPid() = 911; uid = 10126; Binder.getCallingUid() = 1047; getNameForUid: null; getPackagesForUid: null; permName: android.permission.CAMERA; type = 1; res = -1; stacktrace=java.lang.Exception

06-24 20:15:10.517  1570  2442 I LSPosed-Bridge: 	at com.example.permlabel.requirePerm$1$2.afterHookedMethod(requirePerm.java:133)

06-24 20:15:10.517  1570  2442 I LSPosed-Bridge: 	at de.robv.android.xposed.XposedBridge$AdditionalHookInfo.callback(Unknown Source:147)

06-24 20:15:10.517  1570  2442 I LSPosed-Bridge: 	at LSPHooker_.checkPermission(Unknown Source:25)

06-24 20:15:10.517  1570  2442 I LSPosed-Bridge: 	at com.android.server.am.ActivityManagerService$PermissionController.checkPermission(ActivityManagerService.java:9248)

06-24 20:15:10.517  1570  2442 I LSPosed-Bridge: 	at android.os.IPermissionController$Stub.onTransact(IPermissionController.java:56)

06-24 20:15:10.517  1570  2442 I LSPosed-Bridge: 	at android.os.Binder.execTransact(Binder.java:731)

06-24 20:15:10.520  5290  6236 I LSPosed-Bridge: 5290 PermLabel 10126 android.permission.CAMERA open cameraId: 0; res= null; stacktrace=java.lang.Exception

06-24 20:15:10.520  5290  6236 I LSPosed-Bridge: 5290 PermLabel 10126 android.permission.CAMERA open cameraId: 0; res= null; stacktrace=java.lang.Exception

06-24 20:15:10.520  5290  6236 I LSPosed-Bridge: 	at com.example.permlabel.hookCamera$3.afterHookedMethod(hookCamera.java:49)

06-24 20:15:10.520  5290  6236 I LSPosed-Bridge: 	at com.example.permlabel.hookCamera$3.afterHookedMethod(hookCamera.java:49)

06-24 20:15:10.520  5290  6236 I LSPosed-Bridge: 	at de.robv.android.xposed.XposedBridge$AdditionalHookInfo.callback(Unknown Source:147)

06-24 20:15:10.520  5290  6236 I LSPosed-Bridge: 	at de.robv.android.xposed.XposedBridge$AdditionalHookInfo.callback(Unknown Source:147)

06-24 20:15:10.520  5290  6236 I LSPosed-Bridge: 	at LSPHooker_.open(Unknown Source:12)

06-24 20:15:10.520  5290  6236 I LSPosed-Bridge: 	at LSPHooker_.open(Unknown Source:12)

06-24 20:15:10.520  5290  6236 I LSPosed-Bridge: 	at org.chromium.media.VideoCaptureFactory.isZoomSupported(chromium-Monochrome.aab-stable-573513121:10)

06-24 20:15:10.520  5290  6236 I LSPosed-Bridge: 	at org.chromium.media.VideoCaptureFactory.isZoomSupported(chromium-Monochrome.aab-stable-573513121:10)

06-24 20:15:10.520  5290  6236 I chatty  : uid=10126(sixpack.sixpackabs.absworkout) ThreadPoolSingl identical 1 line

06-24 20:15:10.520  5290  6236 I chatty  : uid=10126(sixpack.sixpackabs.absworkout) ThreadPoolSingl identical 1 line

06-24 20:15:10.520  5290  6236 I LSPosed-Bridge: 5290 PermLabel 10126 android.permission.CAMERA open cameraId: 0; res= null; stacktrace=java.lang.Exception

06-24 20:15:10.520  5290  6236 I LSPosed-Bridge: 5290 PermLabel 10126 android.permission.CAMERA open cameraId: 0; res= null; stacktrace=java.lang.Exception

06-24 20:15:10.520  5290  6236 I LSPosed-Bridge: 	at com.example.permlabel.hookCamera$3.afterHookedMethod(hookCamera.java:49)

06-24 20:15:10.520  5290  6236 I LSPosed-Bridge: 	at com.example.permlabel.hookCamera$3.afterHookedMethod(hookCamera.java:49)

06-24 20:15:10.520  5290  6236 I LSPosed-Bridge: 	at de.robv.android.xposed.XposedBridge$AdditionalHookInfo.callback(Unknown Source:147)

06-24 20:15:10.520  5290  6236 I LSPosed-Bridge: 	at de.robv.android.xposed.XposedBridge$AdditionalHookInfo.callback(Unknown Source:147)

06-24 20:15:10.520  5290  6236 I LSPosed-Bridge: 	at LSPHooker_.open(Unknown Source:12)

06-24 20:15:10.520  5290  6236 I LSPosed-Bridge: 	at LSPHooker_.open(Unknown Source:12)

06-24 20:15:10.520  5290  6236 I LSPosed-Bridge: 	at org.chromium.media.VideoCaptureFactory.isZoomSupported(chromium-Monochrome.aab-stable-573513121:10)

06-24 20:15:10.520  5290  6236 I LSPosed-Bridge: 	at org.chromium.media.VideoCaptureFactory.isZoomSupported(chromium-Monochrome.aab-stable-573513121:10)

06-24 20:15:10.520  5290  6236 E cr_VideoCapture: Camera.open: 

06-24 20:15:10.520  5290  6236 E cr_VideoCapture: Camera.open: 

06-24 20:15:10.520  5290  6236 E cr_VideoCapture: java.lang.RuntimeException: Fail to connect to camera service

06-24 20:15:10.520  5290  6236 E cr_VideoCapture: java.lang.RuntimeException: Fail to connect to camera service

06-24 20:15:10.520  5290  6236 E cr_VideoCapture: 	at android.hardware.Camera.<init>(Camera.java:669)

06-24 20:15:10.520  5290  6236 E cr_VideoCapture: 	at android.hardware.Camera.<init>(Camera.java:669)

06-24 20:15:10.520  5290  6236 E cr_VideoCapture: 	at android.hardware.Camera.open(Camera.java:460)

06-24 20:15:10.520  5290  6236 E cr_VideoCapture: 	at android.hardware.Camera.open(Camera.java:460)

06-24 20:15:10.520  5290  6236 E cr_VideoCapture: 	at java.lang.reflect.Method.invoke(Native Method)

06-24 20:15:10.520  5290  6236 E cr_VideoCapture: 	at java.lang.reflect.Method.invoke(Native Method)

06-24 20:15:10.520  5290  6236 E cr_VideoCapture: 	at org.lsposed.lspd.nativebridge.HookBridge.invokeOriginalMethod(Native Method)

06-24 20:15:10.520  5290  6236 E cr_VideoCapture: 	at org.lsposed.lspd.nativebridge.HookBridge.invokeOriginalMethod(Native Method)

06-24 20:15:10.520  5290  6236 E cr_VideoCapture: 	at de.robv.android.xposed.XposedBridge$AdditionalHookInfo.callback(Unknown Source:110)

06-24 20:15:10.520  5290  6236 E cr_VideoCapture: 	at de.robv.android.xposed.XposedBridge$AdditionalHookInfo.callback(Unknown Source:110)

06-24 20:15:10.520  5290  6236 E cr_VideoCapture: 	at LSPHooker_.open(Unknown Source:12)

06-24 20:15:10.520  5290  6236 E cr_VideoCapture: 	at LSPHooker_.open(Unknown Source:12)

06-24 20:15:10.520  5290  6236 E cr_VideoCapture: 	at org.chromium.media.VideoCaptureFactory.isZoomSupported(chromium-Monochrome.aab-stable-573513121:10)

06-24 20:15:10.520  5290  6236 E cr_VideoCapture: 	at org.chromium.media.VideoCaptureFactory.isZoomSupported(chromium-Monochrome.aab-stable-573513121:10)

06-24 20:15:10.528  1570  2442 I LSPosed-Bridge: 5290 PermLabel 10126 AMS.checkPermission: Binder.getCallingPid() = 911; uid = 10126; Binder.getCallingUid() = 1047; getNameForUid: null; getPackagesForUid: null; permName: android.permission.CAMERA; type = 1; res = -1; stacktrace=java.lang.Exception

06-24 20:15:10.528  1570  2442 I LSPosed-Bridge: 	at com.example.permlabel.requirePerm$1$2.afterHookedMethod(requirePerm.java:133)

06-24 20:15:10.528  1570  2442 I LSPosed-Bridge: 	at de.robv.android.xposed.XposedBridge$AdditionalHookInfo.callback(Unknown Source:147)

06-24 20:15:10.528  1570  2442 I LSPosed-Bridge: 	at LSPHooker_.checkPermission(Unknown Source:25)

06-24 20:15:10.528  1570  2442 I LSPosed-Bridge: 	at com.android.server.am.ActivityManagerService$PermissionController.checkPermission(ActivityManagerService.java:9248)

06-24 20:15:10.528  1570  2442 I LSPosed-Bridge: 	at android.os.IPermissionController$Stub.onTransact(IPermissionController.java:56)

06-24 20:15:10.528  1570  2442 I LSPosed-Bridge: 	at android.os.Binder.execTransact(Binder.java:731)

06-24 20:15:10.528   911  3334 W ServiceManager: Permission failure: android.permission.CAMERA from uid=10126 pid=5290

06-24 20:15:10.528   911  3334 E CameraService: Permission Denial: can't use the camera pid=5290, uid=10126

06-24 20:15:10.639  1570  1582 I LSPosed-Bridge: 5290 PermLabel 10126 AMS.checkPermission: Binder.getCallingPid() = 911; uid = 10126; Binder.getCallingUid() = 1047; getNameForUid: null; getPackagesForUid: null; permName: android.permission.CAMERA; type = 1; res = -1; stacktrace=java.lang.Exception

06-24 20:15:10.639  1570  1582 I LSPosed-Bridge: 	at com.example.permlabel.requirePerm$1$2.afterHookedMethod(requirePerm.java:133)

06-24 20:15:10.639  1570  1582 I LSPosed-Bridge: 	at de.robv.android.xposed.XposedBridge$AdditionalHookInfo.callback(Unknown Source:147)

06-24 20:15:10.639  1570  1582 I LSPosed-Bridge: 	at LSPHooker_.checkPermission(Unknown Source:25)

06-24 20:15:10.639  1570  1582 I LSPosed-Bridge: 	at com.android.server.am.ActivityManagerService$PermissionController.checkPermission(ActivityManagerService.java:9248)

06-24 20:15:10.639  1570  1582 I LSPosed-Bridge: 	at android.os.IPermissionController$Stub.onTransact(IPermissionController.java:56)

06-24 20:15:10.639  1570  1582 I LSPosed-Bridge: 	at android.os.Binder.execTransact(Binder.java:731)

06-24 20:15:10.742  1570  1582 I LSPosed-Bridge: 5290 PermLabel 10126 AMS.checkPermission: Binder.getCallingPid() = 911; uid = 10126; Binder.getCallingUid() = 1047; getNameForUid: null; getPackagesForUid: null; permName: android.permission.CAMERA; type = 1; res = -1; stacktrace=java.lang.Exception

06-24 20:15:10.742  1570  1582 I LSPosed-Bridge: 	at com.example.permlabel.requirePerm$1$2.afterHookedMethod(requirePerm.java:133)

06-24 20:15:10.742  1570  1582 I LSPosed-Bridge: 	at de.robv.android.xposed.XposedBridge$AdditionalHookInfo.callback(Unknown Source:147)

06-24 20:15:10.742  1570  1582 I LSPosed-Bridge: 	at LSPHooker_.checkPermission(Unknown Source:25)

06-24 20:15:10.742  1570  1582 I LSPosed-Bridge: 	at com.android.server.am.ActivityManagerService$PermissionController.checkPermission(ActivityManagerService.java:9248)

06-24 20:15:10.742  1570  1582 I LSPosed-Bridge: 	at android.os.IPermissionController$Stub.onTransact(IPermissionController.java:56)

06-24 20:15:10.742  1570  1582 I LSPosed-Bridge: 	at android.os.Binder.execTransact(Binder.java:731)

06-24 20:15:10.742   911  3334 W ServiceManager: Permission failure: android.permission.CAMERA from uid=10126 pid=5290

06-24 20:15:10.742   911  3334 E CameraService: Permission Denial: can't use the camera pid=5290, uid=10126

06-24 20:15:10.845  1570  1582 I LSPosed-Bridge: 5290 PermLabel 10126 AMS.checkPermission: Binder.getCallingPid() = 911; uid = 10126; Binder.getCallingUid() = 1047; getNameForUid: null; getPackagesForUid: null; permName: android.permission.CAMERA; type = 1; res = -1; stacktrace=java.lang.Exception

06-24 20:15:10.845  1570  1582 I LSPosed-Bridge: 	at com.example.permlabel.requirePerm$1$2.afterHookedMethod(requirePerm.java:133)

06-24 20:15:10.845  1570  1582 I LSPosed-Bridge: 	at de.robv.android.xposed.XposedBridge$AdditionalHookInfo.callback(Unknown Source:147)

06-24 20:15:10.845  1570  1582 I LSPosed-Bridge: 	at LSPHooker_.checkPermission(Unknown Source:25)

06-24 20:15:10.845  1570  1582 I LSPosed-Bridge: 	at com.android.server.am.ActivityManagerService$PermissionController.checkPermission(ActivityManagerService.java:9248)

06-24 20:15:10.845  1570  1582 I LSPosed-Bridge: 	at android.os.IPermissionController$Stub.onTransact(IPermissionController.java:56)

06-24 20:15:10.845  1570  1582 I LSPosed-Bridge: 	at android.os.Binder.execTransact(Binder.java:731)

06-24 20:15:10.845   911  3334 W ServiceManager: Permission failure: android.permission.CAMERA from uid=10126 pid=5290

06-24 20:15:10.949  1570  1582 I LSPosed-Bridge: 5290 PermLabel 10126 AMS.checkPermission: Binder.getCallingPid() = 911; uid = 10126; Binder.getCallingUid() = 1047; getNameForUid: null; getPackagesForUid: null; permName: android.permission.CAMERA; type = 1; res = -1; stacktrace=java.lang.Exception

06-24 20:15:10.949  1570  1582 I LSPosed-Bridge: 	at com.example.permlabel.requirePerm$1$2.afterHookedMethod(requirePerm.java:133)

06-24 20:15:10.949  1570  1582 I LSPosed-Bridge: 	at de.robv.android.xposed.XposedBridge$AdditionalHookInfo.callback(Unknown Source:147)

06-24 20:15:10.949  1570  1582 I LSPosed-Bridge: 	at LSPHooker_.checkPermission(Unknown Source:25)

06-24 20:15:10.949  1570  1582 I LSPosed-Bridge: 	at com.android.server.am.ActivityManagerService$PermissionController.checkPermission(ActivityManagerService.java:9248)

06-24 20:15:10.949  1570  1582 I LSPosed-Bridge: 	at android.os.IPermissionController$Stub.onTransact(IPermissionController.java:56)

06-24 20:15:10.949  1570  1582 I LSPosed-Bridge: 	at android.os.Binder.execTransact(Binder.java:731)

06-24 20:15:10.949   911  3334 W ServiceManager: Permission failure: android.permission.CAMERA from uid=10126 pid=5290

06-24 20:15:10.949   911  3334 E CameraService: Permission Denial: can't use the camera pid=5290, uid=10126

06-24 20:15:11.052   554   554 I ConfigStore: android::hardware::configstore::V1_0::ISurfaceFlingerConfigs::hasHDRDisplay retrieved: 0

06-24 20:15:11.052  1570  5711 I LSPosed-Bridge: 5290 PermLabel 10126 AMS.checkPermission: Binder.getCallingPid() = 911; uid = 10126; Binder.getCallingUid() = 1047; getNameForUid: null; getPackagesForUid: null; permName: android.permission.CAMERA; type = 1; res = -1; stacktrace=java.lang.Exception

06-24 20:15:11.052  1570  5711 I LSPosed-Bridge: 	at com.example.permlabel.requirePerm$1$2.afterHookedMethod(requirePerm.java:133)

06-24 20:15:11.052  1570  5711 I LSPosed-Bridge: 	at de.robv.android.xposed.XposedBridge$AdditionalHookInfo.callback(Unknown Source:147)

06-24 20:15:11.052  1570  5711 I LSPosed-Bridge: 	at LSPHooker_.checkPermission(Unknown Source:25)

06-24 20:15:11.052  1570  5711 I LSPosed-Bridge: 	at com.android.server.am.ActivityManagerService$PermissionController.checkPermission(ActivityManagerService.java:9248)

06-24 20:15:11.052  1570  5711 I LSPosed-Bridge: 	at android.os.IPermissionController$Stub.onTransact(IPermissionController.java:56)

06-24 20:15:11.052  1570  5711 I LSPosed-Bridge: 	at android.os.Binder.execTransact(Binder.java:731)

06-24 20:15:11.161  1570  5687 I LSPosed-Bridge: 5290 PermLabel 10126 AMS.checkPermission: Binder.getCallingPid() = 911; uid = 10126; Binder.getCallingUid() = 1047; getNameForUid: null; getPackagesForUid: null; permName: android.permission.CAMERA; type = 1; res = -1; stacktrace=java.lang.Exception

06-24 20:15:11.161  1570  5687 I LSPosed-Bridge: 	at com.example.permlabel.requirePerm$1$2.afterHookedMethod(requirePerm.java:133)

06-24 20:15:11.161  1570  5687 I LSPosed-Bridge: 	at de.robv.android.xposed.XposedBridge$AdditionalHookInfo.callback(Unknown Source:147)

06-24 20:15:11.161  1570  5687 I LSPosed-Bridge: 	at LSPHooker_.checkPermission(Unknown Source:25)

06-24 20:15:11.161  1570  5687 I LSPosed-Bridge: 	at com.android.server.am.ActivityManagerService$PermissionController.checkPermission(ActivityManagerService.java:9248)

06-24 20:15:11.161  1570  5687 I LSPosed-Bridge: 	at android.os.IPermissionController$Stub.onTransact(IPermissionController.java:56)

06-24 20:15:11.161  1570  5687 I LSPosed-Bridge: 	at android.os.Binder.execTransact(Binder.java:731)

06-24 20:15:11.264  1570  5687 I LSPosed-Bridge: 5290 PermLabel 10126 AMS.checkPermission: Binder.getCallingPid() = 911; uid = 10126; Binder.getCallingUid() = 1047; getNameForUid: null; getPackagesForUid: null; permName: android.permission.CAMERA; type = 1; res = -1; stacktrace=java.lang.Exception

06-24 20:15:11.264  1570  5687 I LSPosed-Bridge: 	at com.example.permlabel.requirePerm$1$2.afterHookedMethod(requirePerm.java:133)

06-24 20:15:11.264  1570  5687 I LSPosed-Bridge: 	at de.robv.android.xposed.XposedBridge$AdditionalHookInfo.callback(Unknown Source:147)

06-24 20:15:11.264  1570  5687 I LSPosed-Bridge: 	at LSPHooker_.checkPermission(Unknown Source:25)

06-24 20:15:11.264  1570  5687 I LSPosed-Bridge: 	at com.android.server.am.ActivityManagerService$PermissionController.checkPermission(ActivityManagerService.java:9248)

06-24 20:15:11.264  1570  5687 I LSPosed-Bridge: 	at android.os.IPermissionController$Stub.onTransact(IPermissionController.java:56)

06-24 20:15:11.264  1570  5687 I LSPosed-Bridge: 	at android.os.Binder.execTransact(Binder.java:731)

06-24 20:15:11.369  1570  5687 I LSPosed-Bridge: 5290 PermLabel 10126 AMS.checkPermission: Binder.getCallingPid() = 911; uid = 10126; Binder.getCallingUid() = 1047; getNameForUid: null; getPackagesForUid: null; permName: android.permission.CAMERA; type = 1; res = -1; stacktrace=java.lang.Exception

06-24 20:15:11.369  1570  5687 I LSPosed-Bridge: 	at com.example.permlabel.requirePerm$1$2.afterHookedMethod(requirePerm.java:133)

06-24 20:15:11.369  1570  5687 I LSPosed-Bridge: 	at de.robv.android.xposed.XposedBridge$AdditionalHookInfo.callback(Unknown Source:147)

06-24 20:15:11.369  1570  5687 I LSPosed-Bridge: 	at LSPHooker_.checkPermission(Unknown Source:25)

06-24 20:15:11.369  1570  5687 I LSPosed-Bridge: 	at com.android.server.am.ActivityManagerService$PermissionController.checkPermission(ActivityManagerService.java:9248)

06-24 20:15:11.369  1570  5687 I LSPosed-Bridge: 	at android.os.IPermissionController$Stub.onTransact(IPermissionController.java:56)

06-24 20:15:11.369  1570  5687 I LSPosed-Bridge: 	at android.os.Binder.execTransact(Binder.java:731)

06-24 20:15:11.369   554   554 I ConfigStore: android::hardware::configstore::V1_0::ISurfaceFlingerConfigs::hasHDRDisplay retrieved: 0

06-24 20:15:11.371  5290  6236 I LSPosed-Bridge: 5290 PermLabel 10126 android.permission.CAMERA open cameraId: 0; res= null; stacktrace=java.lang.Exception

06-24 20:15:11.371  5290  6236 I LSPosed-Bridge: 5290 PermLabel 10126 android.permission.CAMERA open cameraId: 0; res= null; stacktrace=java.lang.Exception

06-24 20:15:11.371  5290  6236 I LSPosed-Bridge: 5290 PermLabel 10126 android.permission.CAMERA open cameraId: 0; res= null; stacktrace=java.lang.Exception

06-24 20:15:11.371  5290  6236 I LSPosed-Bridge: 	at com.example.permlabel.hookCamera$3.afterHookedMethod(hookCamera.java:49)

06-24 20:15:11.371  5290  6236 I LSPosed-Bridge: 	at com.example.permlabel.hookCamera$3.afterHookedMethod(hookCamera.java:49)

06-24 20:15:11.371  5290  6236 I LSPosed-Bridge: 	at com.example.permlabel.hookCamera$3.afterHookedMethod(hookCamera.java:49)

06-24 20:15:11.371  5290  6236 I LSPosed-Bridge: 	at de.robv.android.xposed.XposedBridge$AdditionalHookInfo.callback(Unknown Source:147)

06-24 20:15:11.371  5290  6236 I LSPosed-Bridge: 	at de.robv.android.xposed.XposedBridge$AdditionalHookInfo.callback(Unknown Source:147)

06-24 20:15:11.371  5290  6236 I LSPosed-Bridge: 	at de.robv.android.xposed.XposedBridge$AdditionalHookInfo.callback(Unknown Source:147)

06-24 20:15:11.371  5290  6236 I LSPosed-Bridge: 	at LSPHooker_.open(Unknown Source:12)

06-24 20:15:11.371  5290  6236 I LSPosed-Bridge: 	at LSPHooker_.open(Unknown Source:12)

06-24 20:15:11.371  5290  6236 I LSPosed-Bridge: 	at LSPHooker_.open(Unknown Source:12)

06-24 20:15:11.371  5290  6236 I LSPosed-Bridge: 	at org.chromium.media.VideoCaptureFactory.getDeviceSupportedFormats(chromium-Monochrome.aab-stable-573513121:13)

06-24 20:15:11.371  5290  6236 I LSPosed-Bridge: 	at org.chromium.media.VideoCaptureFactory.getDeviceSupportedFormats(chromium-Monochrome.aab-stable-573513121:13)

06-24 20:15:11.371  5290  6236 I LSPosed-Bridge: 	at org.chromium.media.VideoCaptureFactory.getDeviceSupportedFormats(chromium-Monochrome.aab-stable-573513121:13)

06-24 20:15:11.371   554   554 I ConfigStore: android::hardware::configstore::V1_0::ISurfaceFlingerConfigs::hasHDRDisplay retrieved: 0

06-24 20:15:11.371   554   554 I ConfigStore: android::hardware::configstore::V1_0::ISurfaceFlingerConfigs::hasHDRDisplay retrieved: 0

06-24 20:15:11.371   554   554 I ConfigStore: android::hardware::configstore::V1_0::ISurfaceFlingerConfigs::hasHDRDisplay retrieved: 0

06-24 20:15:11.371  5290  6236 I LSPosed-Bridge: 5290 PermLabel 10126 android.permission.CAMERA open cameraId: 0; res= null; stacktrace=java.lang.Exception

06-24 20:15:11.371  5290  6236 I LSPosed-Bridge: 5290 PermLabel 10126 android.permission.CAMERA open cameraId: 0; res= null; stacktrace=java.lang.Exception

06-24 20:15:11.371  5290  6236 I LSPosed-Bridge: 5290 PermLabel 10126 android.permission.CAMERA open cameraId: 0; res= null; stacktrace=java.lang.Exception

06-24 20:15:11.371  5290  6236 I LSPosed-Bridge: 	at com.example.permlabel.hookCamera$3.afterHookedMethod(hookCamera.java:49)

06-24 20:15:11.371  5290  6236 I LSPosed-Bridge: 	at com.example.permlabel.hookCamera$3.afterHookedMethod(hookCamera.java:49)

06-24 20:15:11.371  5290  6236 I LSPosed-Bridge: 	at com.example.permlabel.hookCamera$3.afterHookedMethod(hookCamera.java:49)

06-24 20:15:11.371  5290  6236 I LSPosed-Bridge: 	at de.robv.android.xposed.XposedBridge$AdditionalHookInfo.callback(Unknown Source:147)

06-24 20:15:11.371  5290  6236 I LSPosed-Bridge: 	at de.robv.android.xposed.XposedBridge$AdditionalHookInfo.callback(Unknown Source:147)

06-24 20:15:11.371  5290  6236 I LSPosed-Bridge: 	at de.robv.android.xposed.XposedBridge$AdditionalHookInfo.callback(Unknown Source:147)

06-24 20:15:11.371  5290  6236 I LSPosed-Bridge: 	at LSPHooker_.open(Unknown Source:12)

06-24 20:15:11.371  5290  6236 I LSPosed-Bridge: 	at LSPHooker_.open(Unknown Source:12)

06-24 20:15:11.371  5290  6236 I LSPosed-Bridge: 	at LSPHooker_.open(Unknown Source:12)

06-24 20:15:11.371  5290  6236 I LSPosed-Bridge: 	at org.chromium.media.VideoCaptureFactory.getDeviceSupportedFormats(chromium-Monochrome.aab-stable-573513121:13)

06-24 20:15:11.371  5290  6236 I LSPosed-Bridge: 	at org.chromium.media.VideoCaptureFactory.getDeviceSupportedFormats(chromium-Monochrome.aab-stable-573513121:13)

06-24 20:15:11.371  5290  6236 I LSPosed-Bridge: 	at org.chromium.media.VideoCaptureFactory.getDeviceSupportedFormats(chromium-Monochrome.aab-stable-573513121:13)

06-24 20:15:11.371  5290  6236 I LSPosed-Bridge: 5290 PermLabel 10126 android.permission.CAMERA open cameraId: 0; res= null; stacktrace=java.lang.Exception

06-24 20:15:11.371  5290  6236 I LSPosed-Bridge: 5290 PermLabel 10126 android.permission.CAMERA open cameraId: 0; res= null; stacktrace=java.lang.Exception

06-24 20:15:11.371  5290  6236 I LSPosed-Bridge: 5290 PermLabel 10126 android.permission.CAMERA open cameraId: 0; res= null; stacktrace=java.lang.Exception

06-24 20:15:11.371  5290  6236 I LSPosed-Bridge: 	at com.example.permlabel.hookCamera$3.afterHookedMethod(hookCamera.java:49)

06-24 20:15:11.371  5290  6236 I LSPosed-Bridge: 	at com.example.permlabel.hookCamera$3.afterHookedMethod(hookCamera.java:49)

06-24 20:15:11.371  5290  6236 I LSPosed-Bridge: 	at com.example.permlabel.hookCamera$3.afterHookedMethod(hookCamera.java:49)

06-24 20:15:11.371  5290  6236 I LSPosed-Bridge: 	at de.robv.android.xposed.XposedBridge$AdditionalHookInfo.callback(Unknown Source:147)

06-24 20:15:11.371  5290  6236 I LSPosed-Bridge: 	at de.robv.android.xposed.XposedBridge$AdditionalHookInfo.callback(Unknown Source:147)

06-24 20:15:11.371  5290  6236 I LSPosed-Bridge: 	at de.robv.android.xposed.XposedBridge$AdditionalHookInfo.callback(Unknown Source:147)

06-24 20:15:11.371  5290  6236 I LSPosed-Bridge: 	at LSPHooker_.open(Unknown Source:12)

06-24 20:15:11.371  5290  6236 I LSPosed-Bridge: 	at LSPHooker_.open(Unknown Source:12)

06-24 20:15:11.371  5290  6236 I LSPosed-Bridge: 	at LSPHooker_.open(Unknown Source:12)

06-24 20:15:11.371  5290  6236 I LSPosed-Bridge: 	at org.chromium.media.VideoCaptureFactory.getDeviceSupportedFormats(chromium-Monochrome.aab-stable-573513121:13)

06-24 20:15:11.371  5290  6236 I LSPosed-Bridge: 	at org.chromium.media.VideoCaptureFactory.getDeviceSupportedFormats(chromium-Monochrome.aab-stable-573513121:13)

06-24 20:15:11.371  5290  6236 I LSPosed-Bridge: 	at org.chromium.media.VideoCaptureFactory.getDeviceSupportedFormats(chromium-Monochrome.aab-stable-573513121:13)

06-24 20:15:11.371  5290  6236 E cr_VideoCapture: Camera.open: 

06-24 20:15:11.371  5290  6236 E cr_VideoCapture: Camera.open: 

06-24 20:15:11.371  5290  6236 E cr_VideoCapture: Camera.open: 

06-24 20:15:11.371  5290  6236 E cr_VideoCapture: java.lang.RuntimeException: Fail to connect to camera service

06-24 20:15:11.371  5290  6236 E cr_VideoCapture: java.lang.RuntimeException: Fail to connect to camera service

06-24 20:15:11.371  5290  6236 E cr_VideoCapture: java.lang.RuntimeException: Fail to connect to camera service

06-24 20:15:11.371  5290  6236 E cr_VideoCapture: 	at android.hardware.Camera.<init>(Camera.java:669)

06-24 20:15:11.371  5290  6236 E cr_VideoCapture: 	at android.hardware.Camera.<init>(Camera.java:669)

06-24 20:15:11.371  5290  6236 E cr_VideoCapture: 	at android.hardware.Camera.<init>(Camera.java:669)

06-24 20:15:11.371  5290  6236 E cr_VideoCapture: 	at android.hardware.Camera.open(Camera.java:460)

06-24 20:15:11.371  5290  6236 E cr_VideoCapture: 	at android.hardware.Camera.open(Camera.java:460)

06-24 20:15:11.371  5290  6236 E cr_VideoCapture: 	at android.hardware.Camera.open(Camera.java:460)

06-24 20:15:11.371  5290  6236 E cr_VideoCapture: 	at java.lang.reflect.Method.invoke(Native Method)

06-24 20:15:11.371  5290  6236 E cr_VideoCapture: 	at java.lang.reflect.Method.invoke(Native Method)

06-24 20:15:11.371  5290  6236 E cr_VideoCapture: 	at java.lang.reflect.Method.invoke(Native Method)

06-24 20:15:11.371  5290  6236 E cr_VideoCapture: 	at org.lsposed.lspd.nativebridge.HookBridge.invokeOriginalMethod(Native Method)

06-24 20:15:11.371  5290  6236 E cr_VideoCapture: 	at org.lsposed.lspd.nativebridge.HookBridge.invokeOriginalMethod(Native Method)

06-24 20:15:11.371  5290  6236 E cr_VideoCapture: 	at org.lsposed.lspd.nativebridge.HookBridge.invokeOriginalMethod(Native Method)

06-24 20:15:11.371  5290  6236 E cr_VideoCapture: 	at de.robv.android.xposed.XposedBridge$AdditionalHookInfo.callback(Unknown Source:110)

06-24 20:15:11.371  5290  6236 E cr_VideoCapture: 	at de.robv.android.xposed.XposedBridge$AdditionalHookInfo.callback(Unknown Source:110)

06-24 20:15:11.371  5290  6236 E cr_VideoCapture: 	at de.robv.android.xposed.XposedBridge$AdditionalHookInfo.callback(Unknown Source:110)

06-24 20:15:11.371  5290  6236 E cr_VideoCapture: 	at LSPHooker_.open(Unknown Source:12)

06-24 20:15:11.371  5290  6236 E cr_VideoCapture: 	at LSPHooker_.open(Unknown Source:12)

06-24 20:15:11.371  5290  6236 E cr_VideoCapture: 	at LSPHooker_.open(Unknown Source:12)

06-24 20:15:11.371  5290  6236 E cr_VideoCapture: 	at org.chromium.media.VideoCaptureFactory.getDeviceSupportedFormats(chromium-Monochrome.aab-stable-573513121:13)

06-24 20:15:11.371  5290  6236 E cr_VideoCapture: 	at org.chromium.media.VideoCaptureFactory.getDeviceSupportedFormats(chromium-Monochrome.aab-stable-573513121:13)

06-24 20:15:11.371  5290  6236 E cr_VideoCapture: 	at org.chromium.media.VideoCaptureFactory.getDeviceSupportedFormats(chromium-Monochrome.aab-stable-573513121:13)

06-24 20:15:11.371   554   554 I ConfigStore: android::hardware::configstore::V1_0::ISurfaceFlingerConfigs::hasHDRDisplay retrieved: 0

06-24 20:15:11.371   554   554 I ConfigStore: android::hardware::configstore::V1_0::ISurfaceFlingerConfigs::hasHDRDisplay retrieved: 0

06-24 20:15:11.371   554   554 I ConfigStore: android::hardware::configstore::V1_0::ISurfaceFlingerConfigs::hasHDRDisplay retrieved: 0

06-24 20:32:19.866  5290  6236 I LSPosed-Bridge: 5290 PermLabel 10126 android.permission.CAMERA getCameraInfo args0: 1; args1: android.hardware.Camera$CameraInfo@637f3b3; res= null; stacktrace=java.lang.Exception

06-24 20:32:19.866  5290  6236 I LSPosed-Bridge: 	at com.example.permlabel.hookCamera$1.afterHookedMethod(hookCamera.java:21)

06-24 20:32:19.866  5290  6236 I LSPosed-Bridge: 	at de.robv.android.xposed.XposedBridge$AdditionalHookInfo.callback(Unknown Source:147)

06-24 20:32:19.866  5290  6236 I LSPosed-Bridge: 	at LSPHooker_.getCameraInfo(Unknown Source:15)

06-24 20:32:19.866  5290  6236 I LSPosed-Bridge: 	at z74.e(chromium-Monochrome.aab-stable-573513121:6)

06-24 20:32:19.866  5290  6236 I LSPosed-Bridge: 	at org.chromium.media.VideoCaptureFactory.getDeviceName(chromium-Monochrome.aab-stable-573513121:15)

06-24 20:32:19.868  5290  6236 I LSPosed-Bridge: 5290 PermLabel 10126 android.permission.CAMERA getCameraInfo args0: 1; args1: android.hardware.Camera$CameraInfo@637f3b3; res= null; stacktrace=java.lang.Exception

06-24 20:32:19.868  5290  6236 I LSPosed-Bridge: 	at com.example.permlabel.hookCamera$1.afterHookedMethod(hookCamera.java:21)

06-24 20:32:19.868  5290  6236 I LSPosed-Bridge: 	at de.robv.android.xposed.XposedBridge$AdditionalHookInfo.callback(Unknown Source:147)

06-24 20:32:19.868  5290  6236 I LSPosed-Bridge: 	at LSPHooker_.getCameraInfo(Unknown Source:15)

06-24 20:32:19.868  5290  6236 I LSPosed-Bridge: 	at z74.e(chromium-Monochrome.aab-stable-573513121:6)

06-24 20:32:19.868  5290  6236 I LSPosed-Bridge: 	at org.chromium.media.VideoCaptureFactory.getDeviceName(chromium-Monochrome.aab-stable-573513121:15)

06-24 20:32:19.896  5290  6236 I LSPosed-Bridge: 5290 PermLabel 10126 android.permission.CAMERA getCameraInfo args0: 1; args1: android.hardware.Camera$CameraInfo@234180f; res= null; stacktrace=java.lang.Exception

06-24 20:32:19.896  5290  6236 I LSPosed-Bridge: 	at com.example.permlabel.hookCamera$1.afterHookedMethod(hookCamera.java:21)

06-24 20:32:19.896  5290  6236 I LSPosed-Bridge: 	at de.robv.android.xposed.XposedBridge$AdditionalHookInfo.callback(Unknown Source:147)

06-24 20:32:19.896  5290  6236 I LSPosed-Bridge: 	at LSPHooker_.getCameraInfo(Unknown Source:15)

06-24 20:32:19.896  5290  6236 I LSPosed-Bridge: 	at z74.e(chromium-Monochrome.aab-stable-573513121:6)

06-24 20:32:19.896  5290  6236 I LSPosed-Bridge: 	at org.chromium.media.VideoCaptureFactory.getCaptureApiType(chromium-Monochrome.aab-stable-573513121:8)

06-24 20:32:19.896  5290  6236 I chatty  : uid=10126(sixpack.sixpackabs.absworkout) ThreadPoolSingl identical 1 line

06-24 20:32:19.897  5290  6236 I LSPosed-Bridge: 5290 PermLabel 10126 android.permission.CAMERA getCameraInfo args0: 1; args1: android.hardware.Camera$CameraInfo@234180f; res= null; stacktrace=java.lang.Exception

06-24 20:32:19.897  5290  6236 I LSPosed-Bridge: 	at com.example.permlabel.hookCamera$1.afterHookedMethod(hookCamera.java:21)

06-24 20:32:19.897  5290  6236 I LSPosed-Bridge: 	at de.robv.android.xposed.XposedBridge$AdditionalHookInfo.callback(Unknown Source:147)

06-24 20:32:19.897  5290  6236 I LSPosed-Bridge: 	at LSPHooker_.getCameraInfo(Unknown Source:15)

06-24 20:32:19.897  5290  6236 I LSPosed-Bridge: 	at z74.e(chromium-Monochrome.aab-stable-573513121:6)

06-24 20:32:19.897  5290  6236 I LSPosed-Bridge: 	at org.chromium.media.VideoCaptureFactory.getCaptureApiType(chromium-Monochrome.aab-stable-573513121:8)

06-24 20:32:19.910  5290  6236 I LSPosed-Bridge: 5290 PermLabel 10126 android.permission.CAMERA getCameraInfo args0: 1; args1: android.hardware.Camera$CameraInfo@624262b; res= null; stacktrace=java.lang.Exception

06-24 20:32:19.910  5290  6236 I LSPosed-Bridge: 	at com.example.permlabel.hookCamera$1.afterHookedMethod(hookCamera.java:21)

06-24 20:32:19.910  5290  6236 I LSPosed-Bridge: 	at de.robv.android.xposed.XposedBridge$AdditionalHookInfo.callback(Unknown Source:147)

06-24 20:32:19.910  5290  6236 I LSPosed-Bridge: 	at LSPHooker_.getCameraInfo(Unknown Source:15)

06-24 20:32:19.910  5290  6236 I LSPosed-Bridge: 	at z74.e(chromium-Monochrome.aab-stable-573513121:6)

06-24 20:32:19.910  5290  6236 I LSPosed-Bridge: 	at org.chromium.media.VideoCaptureFactory.getFacingMode(chromium-Monochrome.aab-stable-573513121:10)

06-24 20:32:19.911  5290  6236 I chatty  : uid=10126(sixpack.sixpackabs.absworkout) ThreadPoolSingl identical 1 line

06-24 20:32:19.911  5290  6236 I LSPosed-Bridge: 5290 PermLabel 10126 android.permission.CAMERA getCameraInfo args0: 1; args1: android.hardware.Camera$CameraInfo@624262b; res= null; stacktrace=java.lang.Exception

06-24 20:32:19.911  5290  6236 I LSPosed-Bridge: 	at com.example.permlabel.hookCamera$1.afterHookedMethod(hookCamera.java:21)

06-24 20:32:19.911  5290  6236 I LSPosed-Bridge: 	at de.robv.android.xposed.XposedBridge$AdditionalHookInfo.callback(Unknown Source:147)

06-24 20:32:19.911  5290  6236 I LSPosed-Bridge: 	at LSPHooker_.getCameraInfo(Unknown Source:15)

06-24 20:32:19.911  5290  6236 I LSPosed-Bridge: 	at z74.e(chromium-Monochrome.aab-stable-573513121:6)

06-24 20:32:19.911  5290  6236 I LSPosed-Bridge: 	at org.chromium.media.VideoCaptureFactory.getFacingMode(chromium-Monochrome.aab-stable-573513121:10)

06-24 20:32:19.925   554   554 I ConfigStore: android::hardware::configstore::V1_0::ISurfaceFlingerConfigs::hasHDRDisplay retrieved: 0

06-24 20:32:19.925  5290  6236 I LSPosed-Bridge: 5290 PermLabel 10126 android.permission.CAMERA getCameraInfo args0: 0; args1: android.hardware.Camera$CameraInfo@cbcfa07; res= null; stacktrace=java.lang.Exception

06-24 20:32:19.925  5290  6236 I LSPosed-Bridge: 	at com.example.permlabel.hookCamera$1.afterHookedMethod(hookCamera.java:21)

06-24 20:32:19.925  5290  6236 I LSPosed-Bridge: 	at de.robv.android.xposed.XposedBridge$AdditionalHookInfo.callback(Unknown Source:147)

06-24 20:32:19.925  5290  6236 I LSPosed-Bridge: 	at LSPHooker_.getCameraInfo(Unknown Source:15)

06-24 20:32:19.925  5290  6236 I LSPosed-Bridge: 	at z74.e(chromium-Monochrome.aab-stable-573513121:6)

06-24 20:32:19.925  5290  6236 I LSPosed-Bridge: 	at org.chromium.media.VideoCaptureFactory.getDeviceName(chromium-Monochrome.aab-stable-573513121:15)

06-24 20:32:19.926  5290  6236 I chatty  : uid=10126(sixpack.sixpackabs.absworkout) ThreadPoolSingl identical 1 line

06-24 20:32:19.926  5290  6236 I LSPosed-Bridge: 5290 PermLabel 10126 android.permission.CAMERA getCameraInfo args0: 0; args1: android.hardware.Camera$CameraInfo@cbcfa07; res= null; stacktrace=java.lang.Exception

06-24 20:32:19.926  5290  6236 I LSPosed-Bridge: 	at com.example.permlabel.hookCamera$1.afterHookedMethod(hookCamera.java:21)

06-24 20:32:19.926  5290  6236 I LSPosed-Bridge: 	at de.robv.android.xposed.XposedBridge$AdditionalHookInfo.callback(Unknown Source:147)

06-24 20:32:19.926  5290  6236 I LSPosed-Bridge: 	at LSPHooker_.getCameraInfo(Unknown Source:15)

06-24 20:32:19.926  5290  6236 I LSPosed-Bridge: 	at z74.e(chromium-Monochrome.aab-stable-573513121:6)

06-24 20:32:19.926  5290  6236 I LSPosed-Bridge: 	at org.chromium.media.VideoCaptureFactory.getDeviceName(chromium-Monochrome.aab-stable-573513121:15)

06-24 20:32:19.945  5290  6236 I LSPosed-Bridge: 5290 PermLabel 10126 android.permission.CAMERA getCameraInfo args0: 0; args1: android.hardware.Camera$CameraInfo@d252fa3; res= null; stacktrace=java.lang.Exception

06-24 20:32:19.945  5290  6236 I LSPosed-Bridge: 	at com.example.permlabel.hookCamera$1.afterHookedMethod(hookCamera.java:21)

06-24 20:32:19.945  5290  6236 I LSPosed-Bridge: 	at de.robv.android.xposed.XposedBridge$AdditionalHookInfo.callback(Unknown Source:147)

06-24 20:32:19.945  5290  6236 I LSPosed-Bridge: 	at LSPHooker_.getCameraInfo(Unknown Source:15)

06-24 20:32:19.945  5290  6236 I LSPosed-Bridge: 	at z74.e(chromium-Monochrome.aab-stable-573513121:6)

06-24 20:32:19.945  5290  6236 I LSPosed-Bridge: 	at org.chromium.media.VideoCaptureFactory.getCaptureApiType(chromium-Monochrome.aab-stable-573513121:8)

06-24 20:32:19.946  5290  6236 I chatty  : uid=10126(sixpack.sixpackabs.absworkout) ThreadPoolSingl identical 1 line

06-24 20:32:19.946  5290  6236 I LSPosed-Bridge: 5290 PermLabel 10126 android.permission.CAMERA getCameraInfo args0: 0; args1: android.hardware.Camera$CameraInfo@d252fa3; res= null; stacktrace=java.lang.Exception

06-24 20:32:19.946  5290  6236 I LSPosed-Bridge: 	at com.example.permlabel.hookCamera$1.afterHookedMethod(hookCamera.java:21)

06-24 20:32:19.946  5290  6236 I LSPosed-Bridge: 	at de.robv.android.xposed.XposedBridge$AdditionalHookInfo.callback(Unknown Source:147)

06-24 20:32:19.946  5290  6236 I LSPosed-Bridge: 	at LSPHooker_.getCameraInfo(Unknown Source:15)

06-24 20:32:19.946  5290  6236 I LSPosed-Bridge: 	at z74.e(chromium-Monochrome.aab-stable-573513121:6)

06-24 20:32:19.946  5290  6236 I LSPosed-Bridge: 	at org.chromium.media.VideoCaptureFactory.getCaptureApiType(chromium-Monochrome.aab-stable-573513121:8)

06-24 20:32:19.958  5290  6236 I LSPosed-Bridge: 5290 PermLabel 10126 android.permission.CAMERA getCameraInfo args0: 0; args1: android.hardware.Camera$CameraInfo@5122ff; res= null; stacktrace=java.lang.Exception

06-24 20:32:19.958  5290  6236 I LSPosed-Bridge: 5290 PermLabel 10126 android.permission.CAMERA getCameraInfo args0: 0; args1: android.hardware.Camera$CameraInfo@5122ff; res= null; stacktrace=java.lang.Exception

06-24 20:32:19.958  5290  6236 I LSPosed-Bridge: 	at com.example.permlabel.hookCamera$1.afterHookedMethod(hookCamera.java:21)

06-24 20:32:19.958  5290  6236 I LSPosed-Bridge: 	at com.example.permlabel.hookCamera$1.afterHookedMethod(hookCamera.java:21)

06-24 20:32:19.958  5290  6236 I LSPosed-Bridge: 	at de.robv.android.xposed.XposedBridge$AdditionalHookInfo.callback(Unknown Source:147)

06-24 20:32:19.958  5290  6236 I LSPosed-Bridge: 	at de.robv.android.xposed.XposedBridge$AdditionalHookInfo.callback(Unknown Source:147)

06-24 20:32:19.958  5290  6236 I LSPosed-Bridge: 	at LSPHooker_.getCameraInfo(Unknown Source:15)

06-24 20:32:19.958  5290  6236 I LSPosed-Bridge: 	at LSPHooker_.getCameraInfo(Unknown Source:15)

06-24 20:32:19.958  5290  6236 I LSPosed-Bridge: 	at z74.e(chromium-Monochrome.aab-stable-573513121:6)

06-24 20:32:19.958  5290  6236 I LSPosed-Bridge: 	at z74.e(chromium-Monochrome.aab-stable-573513121:6)

06-24 20:32:19.958  5290  6236 I LSPosed-Bridge: 	at org.chromium.media.VideoCaptureFactory.getFacingMode(chromium-Monochrome.aab-stable-573513121:10)

06-24 20:32:19.958  5290  6236 I LSPosed-Bridge: 	at org.chromium.media.VideoCaptureFactory.getFacingMode(chromium-Monochrome.aab-stable-573513121:10)

06-24 20:32:19.958  5290  6236 I chatty  : uid=10126(sixpack.sixpackabs.absworkout) ThreadPoolSingl identical 1 line

06-24 20:32:19.958  5290  6236 I chatty  : uid=10126(sixpack.sixpackabs.absworkout) ThreadPoolSingl identical 1 line

06-24 20:32:19.958  5290  6236 I LSPosed-Bridge: 5290 PermLabel 10126 android.permission.CAMERA getCameraInfo args0: 0; args1: android.hardware.Camera$CameraInfo@5122ff; res= null; stacktrace=java.lang.Exception

06-24 20:32:19.958  5290  6236 I LSPosed-Bridge: 5290 PermLabel 10126 android.permission.CAMERA getCameraInfo args0: 0; args1: android.hardware.Camera$CameraInfo@5122ff; res= null; stacktrace=java.lang.Exception

06-24 20:32:19.958  5290  6236 I LSPosed-Bridge: 	at com.example.permlabel.hookCamera$1.afterHookedMethod(hookCamera.java:21)

06-24 20:32:19.958  5290  6236 I LSPosed-Bridge: 	at com.example.permlabel.hookCamera$1.afterHookedMethod(hookCamera.java:21)

06-24 20:32:19.958  5290  6236 I LSPosed-Bridge: 	at de.robv.android.xposed.XposedBridge$AdditionalHookInfo.callback(Unknown Source:147)

06-24 20:32:19.958  5290  6236 I LSPosed-Bridge: 	at de.robv.android.xposed.XposedBridge$AdditionalHookInfo.callback(Unknown Source:147)

06-24 20:32:19.958  5290  6236 I LSPosed-Bridge: 	at LSPHooker_.getCameraInfo(Unknown Source:15)

06-24 20:32:19.958  5290  6236 I LSPosed-Bridge: 	at LSPHooker_.getCameraInfo(Unknown Source:15)

06-24 20:32:19.958  5290  6236 I LSPosed-Bridge: 	at z74.e(chromium-Monochrome.aab-stable-573513121:6)

06-24 20:32:19.958  5290  6236 I LSPosed-Bridge: 	at z74.e(chromium-Monochrome.aab-stable-573513121:6)

06-24 20:32:19.958  5290  6236 I LSPosed-Bridge: 	at org.chromium.media.VideoCaptureFactory.getFacingMode(chromium-Monochrome.aab-stable-573513121:10)

06-24 20:32:19.958  5290  6236 I LSPosed-Bridge: 	at org.chromium.media.VideoCaptureFactory.getFacingMode(chromium-Monochrome.aab-stable-573513121:10)

06-24 20:32:19.958   554   554 I ConfigStore: android::hardware::configstore::V1_0::ISurfaceFlingerConfigs::hasHDRDisplay retrieved: 0

06-24 20:32:19.958   554   554 I ConfigStore: android::hardware::configstore::V1_0::ISurfaceFlingerConfigs::hasHDRDisplay retrieved: 0

06-24 20:33:35.956  5290  6236 I LSPosed-Bridge: 5290 PermLabel 10126 android.permission.CAMERA getCameraInfo args0: 1; args1: android.hardware.Camera$CameraInfo@92b4c4a; res= null; stacktrace=java.lang.Exception

06-24 20:33:35.956  5290  6236 I LSPosed-Bridge: 	at com.example.permlabel.hookCamera$1.afterHookedMethod(hookCamera.java:21)

06-24 20:33:35.956  5290  6236 I LSPosed-Bridge: 	at de.robv.android.xposed.XposedBridge$AdditionalHookInfo.callback(Unknown Source:147)

06-24 20:33:35.956  5290  6236 I LSPosed-Bridge: 	at LSPHooker_.getCameraInfo(Unknown Source:15)

06-24 20:33:35.956  5290  6236 I LSPosed-Bridge: 	at z74.e(chromium-Monochrome.aab-stable-573513121:6)

06-24 20:33:35.956  5290  6236 I LSPosed-Bridge: 	at org.chromium.media.VideoCaptureFactory.getDeviceName(chromium-Monochrome.aab-stable-573513121:15)

06-24 20:33:35.958  5290  6236 I LSPosed-Bridge: 5290 PermLabel 10126 android.permission.CAMERA getCameraInfo args0: 1; args1: android.hardware.Camera$CameraInfo@92b4c4a; res= null; stacktrace=java.lang.Exception

06-24 20:33:35.958  5290  6236 I LSPosed-Bridge: 	at com.example.permlabel.hookCamera$1.afterHookedMethod(hookCamera.java:21)

06-24 20:33:35.958  5290  6236 I LSPosed-Bridge: 	at de.robv.android.xposed.XposedBridge$AdditionalHookInfo.callback(Unknown Source:147)

06-24 20:33:35.958  5290  6236 I LSPosed-Bridge: 	at LSPHooker_.getCameraInfo(Unknown Source:15)

06-24 20:33:35.958  5290  6236 I LSPosed-Bridge: 	at z74.e(chromium-Monochrome.aab-stable-573513121:6)

06-24 20:33:35.958  5290  6236 I LSPosed-Bridge: 	at org.chromium.media.VideoCaptureFactory.getDeviceName(chromium-Monochrome.aab-stable-573513121:15)

06-24 20:33:35.986  5290  6236 I LSPosed-Bridge: 5290 PermLabel 10126 android.permission.CAMERA getCameraInfo args0: 1; args1: android.hardware.Camera$CameraInfo@2d9e316; res= null; stacktrace=java.lang.Exception

06-24 20:33:35.986  5290  6236 I LSPosed-Bridge: 	at com.example.permlabel.hookCamera$1.afterHookedMethod(hookCamera.java:21)

06-24 20:33:35.986  5290  6236 I LSPosed-Bridge: 	at de.robv.android.xposed.XposedBridge$AdditionalHookInfo.callback(Unknown Source:147)

06-24 20:33:35.986  5290  6236 I LSPosed-Bridge: 	at LSPHooker_.getCameraInfo(Unknown Source:15)

06-24 20:33:35.986  5290  6236 I LSPosed-Bridge: 	at z74.e(chromium-Monochrome.aab-stable-573513121:6)

06-24 20:33:35.986  5290  6236 I LSPosed-Bridge: 	at org.chromium.media.VideoCaptureFactory.getCaptureApiType(chromium-Monochrome.aab-stable-573513121:8)

06-24 20:33:35.986  5290  6236 I chatty  : uid=10126(sixpack.sixpackabs.absworkout) ThreadPoolSingl identical 1 line

06-24 20:33:35.987  5290  6236 I LSPosed-Bridge: 5290 PermLabel 10126 android.permission.CAMERA getCameraInfo args0: 1; args1: android.hardware.Camera$CameraInfo@2d9e316; res= null; stacktrace=java.lang.Exception

06-24 20:33:35.987  5290  6236 I LSPosed-Bridge: 	at com.example.permlabel.hookCamera$1.afterHookedMethod(hookCamera.java:21)

06-24 20:33:35.987  5290  6236 I LSPosed-Bridge: 	at de.robv.android.xposed.XposedBridge$AdditionalHookInfo.callback(Unknown Source:147)

06-24 20:33:35.987  5290  6236 I LSPosed-Bridge: 	at LSPHooker_.getCameraInfo(Unknown Source:15)

06-24 20:33:35.987  5290  6236 I LSPosed-Bridge: 	at z74.e(chromium-Monochrome.aab-stable-573513121:6)

06-24 20:33:35.987  5290  6236 I LSPosed-Bridge: 	at org.chromium.media.VideoCaptureFactory.getCaptureApiType(chromium-Monochrome.aab-stable-573513121:8)

06-24 20:33:35.996  5290  6236 I LSPosed-Bridge: 5290 PermLabel 10126 android.permission.CAMERA getCameraInfo args0: 1; args1: android.hardware.Camera$CameraInfo@5091aa2; res= null; stacktrace=java.lang.Exception

06-24 20:33:35.996  5290  6236 I LSPosed-Bridge: 	at com.example.permlabel.hookCamera$1.afterHookedMethod(hookCamera.java:21)

06-24 20:33:35.996  5290  6236 I LSPosed-Bridge: 	at de.robv.android.xposed.XposedBridge$AdditionalHookInfo.callback(Unknown Source:147)

06-24 20:33:35.996  5290  6236 I LSPosed-Bridge: 	at LSPHooker_.getCameraInfo(Unknown Source:15)

06-24 20:33:35.996  5290  6236 I LSPosed-Bridge: 	at z74.e(chromium-Monochrome.aab-stable-573513121:6)

06-24 20:33:35.996  5290  6236 I LSPosed-Bridge: 	at org.chromium.media.VideoCaptureFactory.getFacingMode(chromium-Monochrome.aab-stable-573513121:10)

06-24 20:33:35.996  5290  6236 I chatty  : uid=10126(sixpack.sixpackabs.absworkout) ThreadPoolSingl identical 1 line

06-24 20:33:35.997  5290  6236 I LSPosed-Bridge: 5290 PermLabel 10126 android.permission.CAMERA getCameraInfo args0: 1; args1: android.hardware.Camera$CameraInfo@5091aa2; res= null; stacktrace=java.lang.Exception

06-24 20:33:35.997  5290  6236 I LSPosed-Bridge: 	at com.example.permlabel.hookCamera$1.afterHookedMethod(hookCamera.java:21)

06-24 20:33:35.997  5290  6236 I LSPosed-Bridge: 	at de.robv.android.xposed.XposedBridge$AdditionalHookInfo.callback(Unknown Source:147)

06-24 20:33:35.997  5290  6236 I LSPosed-Bridge: 	at LSPHooker_.getCameraInfo(Unknown Source:15)

06-24 20:33:35.997  5290  6236 I LSPosed-Bridge: 	at z74.e(chromium-Monochrome.aab-stable-573513121:6)

06-24 20:33:35.997  5290  6236 I LSPosed-Bridge: 	at org.chromium.media.VideoCaptureFactory.getFacingMode(chromium-Monochrome.aab-stable-573513121:10)

06-24 20:33:36.005  5290  6236 I LSPosed-Bridge: 5290 PermLabel 10126 android.permission.CAMERA getCameraInfo args0: 0; args1: android.hardware.Camera$CameraInfo@c023eee; res= null; stacktrace=java.lang.Exception

06-24 20:33:36.005  5290  6236 I LSPosed-Bridge: 5290 PermLabel 10126 android.permission.CAMERA getCameraInfo args0: 0; args1: android.hardware.Camera$CameraInfo@c023eee; res= null; stacktrace=java.lang.Exception

06-24 20:33:36.005  5290  6236 I LSPosed-Bridge: 	at com.example.permlabel.hookCamera$1.afterHookedMethod(hookCamera.java:21)

