06-24 20:15:07.673  5290  6236 I LSPosed-Bridge: 5290 PermLabel 10126 android.permission.CAMERA getCameraInfo args0: 1; args1: android.hardware.Camera$CameraInfo@b95cabf; res= null; stacktrace=java.lang.Exception

06-24 20:15:07.673  5290  6236 I LSPosed-Bridge: 5290 PermLabel 10126 android.permission.CAMERA getCameraInfo args0: 1; args1: android.hardware.Camera$CameraInfo@b95cabf; res= null; stacktrace=java.lang.Exception

06-24 20:15:07.673  5290  6236 I LSPosed-Bridge: 	at com.example.permlabel.hookCamera$1.afterHookedMethod(hookCamera.java:21)

06-24 20:15:07.673  5290  6236 I LSPosed-Bridge: 	at com.example.permlabel.hookCamera$1.afterHookedMethod(hookCamera.java:21)

06-24 20:15:07.673  5290  6236 I LSPosed-Bridge: 	at de.robv.android.xposed.XposedBridge$AdditionalHookInfo.callback(Unknown Source:147)

06-24 20:15:07.673  5290  6236 I LSPosed-Bridge: 	at de.robv.android.xposed.XposedBridge$AdditionalHookInfo.callback(Unknown Source:147)

06-24 20:15:07.673  5290  6236 I LSPosed-Bridge: 	at LSPHooker_.getCameraInfo(Unknown Source:15)

06-24 20:15:07.673  5290  6236 I LSPosed-Bridge: 	at LSPHooker_.getCameraInfo(Unknown Source:15)

06-24 20:15:07.673  5290  6236 I LSPosed-Bridge: 	at z74.e(chromium-Monochrome.aab-stable-573513121:6)

06-24 20:15:07.673  5290  6236 I LSPosed-Bridge: 	at z74.e(chromium-Monochrome.aab-stable-573513121:6)

06-24 20:15:07.673  5290  6236 I LSPosed-Bridge: 	at org.chromium.media.VideoCaptureFactory.getDeviceName(chromium-Monochrome.aab-stable-573513121:15)

06-24 20:15:07.673  5290  6236 I LSPosed-Bridge: 	at org.chromium.media.VideoCaptureFactory.getDeviceName(chromium-Monochrome.aab-stable-573513121:15)

06-24 20:15:07.673  5290  6236 I chatty  : uid=10126(sixpack.sixpackabs.absworkout) ThreadPoolSingl identical 1 line

06-24 20:15:07.673  5290  6236 I chatty  : uid=10126(sixpack.sixpackabs.absworkout) ThreadPoolSingl identical 1 line

06-24 20:15:07.673  5290  6236 I LSPosed-Bridge: 5290 PermLabel 10126 android.permission.CAMERA getCameraInfo args0: 1; args1: android.hardware.Camera$CameraInfo@b95cabf; res= null; stacktrace=java.lang.Exception

06-24 20:15:07.673  5290  6236 I LSPosed-Bridge: 5290 PermLabel 10126 android.permission.CAMERA getCameraInfo args0: 1; args1: android.hardware.Camera$CameraInfo@b95cabf; res= null; stacktrace=java.lang.Exception

06-24 20:15:07.673  5290  6236 I LSPosed-Bridge: 	at com.example.permlabel.hookCamera$1.afterHookedMethod(hookCamera.java:21)

06-24 20:15:07.673  5290  6236 I LSPosed-Bridge: 	at com.example.permlabel.hookCamera$1.afterHookedMethod(hookCamera.java:21)

06-24 20:15:07.673  5290  6236 I LSPosed-Bridge: 	at de.robv.android.xposed.XposedBridge$AdditionalHookInfo.callback(Unknown Source:147)

06-24 20:15:07.673  5290  6236 I LSPosed-Bridge: 	at de.robv.android.xposed.XposedBridge$AdditionalHookInfo.callback(Unknown Source:147)

06-24 20:15:07.673  5290  6236 I LSPosed-Bridge: 	at LSPHooker_.getCameraInfo(Unknown Source:15)

06-24 20:15:07.673  5290  6236 I LSPosed-Bridge: 	at LSPHooker_.getCameraInfo(Unknown Source:15)

06-24 20:15:07.673  5290  6236 I LSPosed-Bridge: 	at z74.e(chromium-Monochrome.aab-stable-573513121:6)

06-24 20:15:07.673  5290  6236 I LSPosed-Bridge: 	at z74.e(chromium-Monochrome.aab-stable-573513121:6)

06-24 20:15:07.673  5290  6236 I LSPosed-Bridge: 	at org.chromium.media.VideoCaptureFactory.getDeviceName(chromium-Monochrome.aab-stable-573513121:15)

06-24 20:15:07.673  5290  6236 I LSPosed-Bridge: 	at org.chromium.media.VideoCaptureFactory.getDeviceName(chromium-Monochrome.aab-stable-573513121:15)

06-24 20:15:07.705  5290  6236 I LSPosed-Bridge: 5290 PermLabel 10126 android.permission.CAMERA getCameraInfo args0: 1; args1: android.hardware.Camera$CameraInfo@d6653db; res= null; stacktrace=java.lang.Exception

06-24 20:15:07.705  5290  6236 I LSPosed-Bridge: 	at com.example.permlabel.hookCamera$1.afterHookedMethod(hookCamera.java:21)

06-24 20:15:07.705  5290  6236 I LSPosed-Bridge: 	at de.robv.android.xposed.XposedBridge$AdditionalHookInfo.callback(Unknown Source:147)

06-24 20:15:07.705  5290  6236 I LSPosed-Bridge: 	at LSPHooker_.getCameraInfo(Unknown Source:15)

06-24 20:15:07.705  5290  6236 I LSPosed-Bridge: 	at z74.e(chromium-Monochrome.aab-stable-573513121:6)

06-24 20:15:07.705  5290  6236 I LSPosed-Bridge: 	at org.chromium.media.VideoCaptureFactory.getCaptureApiType(chromium-Monochrome.aab-stable-573513121:8)

06-24 20:15:07.706  5290  6236 I chatty  : uid=10126(sixpack.sixpackabs.absworkout) ThreadPoolSingl identical 1 line

06-24 20:15:07.706  5290  6236 I LSPosed-Bridge: 5290 PermLabel 10126 android.permission.CAMERA getCameraInfo args0: 1; args1: android.hardware.Camera$CameraInfo@d6653db; res= null; stacktrace=java.lang.Exception

06-24 20:15:07.706  5290  6236 I LSPosed-Bridge: 	at com.example.permlabel.hookCamera$1.afterHookedMethod(hookCamera.java:21)

06-24 20:15:07.706  5290  6236 I LSPosed-Bridge: 	at de.robv.android.xposed.XposedBridge$AdditionalHookInfo.callback(Unknown Source:147)

06-24 20:15:07.706  5290  6236 I LSPosed-Bridge: 	at LSPHooker_.getCameraInfo(Unknown Source:15)

06-24 20:15:07.706  5290  6236 I LSPosed-Bridge: 	at z74.e(chromium-Monochrome.aab-stable-573513121:6)

06-24 20:15:07.706  5290  6236 I LSPosed-Bridge: 	at org.chromium.media.VideoCaptureFactory.getCaptureApiType(chromium-Monochrome.aab-stable-573513121:8)

06-24 20:15:07.724   512   512 W AshmemAllocator: ashmem_create_region(7077888) returning hidl_memory(0x7b2502c100, 7077888)

06-24 20:15:07.724  5290  6236 I LSPosed-Bridge: 5290 PermLabel 10126 android.permission.CAMERA getCameraInfo args0: 1; args1: android.hardware.Camera$CameraInfo@eec52b7; res= null; stacktrace=java.lang.Exception

06-24 20:15:07.724  5290  6236 I LSPosed-Bridge: 	at com.example.permlabel.hookCamera$1.afterHookedMethod(hookCamera.java:21)

06-24 20:15:07.724  5290  6236 I LSPosed-Bridge: 	at de.robv.android.xposed.XposedBridge$AdditionalHookInfo.callback(Unknown Source:147)

06-24 20:15:07.724  5290  6236 I LSPosed-Bridge: 	at LSPHooker_.getCameraInfo(Unknown Source:15)

06-24 20:15:07.724  5290  6236 I LSPosed-Bridge: 	at z74.e(chromium-Monochrome.aab-stable-573513121:6)

06-24 20:15:07.724  5290  6236 I LSPosed-Bridge: 	at org.chromium.media.VideoCaptureFactory.getFacingMode(chromium-Monochrome.aab-stable-573513121:10)

06-24 20:15:07.725  5290  6236 I chatty  : uid=10126(sixpack.sixpackabs.absworkout) ThreadPoolSingl identical 1 line

06-24 20:15:07.725  5290  6236 I LSPosed-Bridge: 5290 PermLabel 10126 android.permission.CAMERA getCameraInfo args0: 1; args1: android.hardware.Camera$CameraInfo@eec52b7; res= null; stacktrace=java.lang.Exception

06-24 20:15:07.725  5290  6236 I LSPosed-Bridge: 	at com.example.permlabel.hookCamera$1.afterHookedMethod(hookCamera.java:21)

06-24 20:15:07.725  5290  6236 I LSPosed-Bridge: 	at de.robv.android.xposed.XposedBridge$AdditionalHookInfo.callback(Unknown Source:147)

06-24 20:15:07.725  5290  6236 I LSPosed-Bridge: 	at LSPHooker_.getCameraInfo(Unknown Source:15)

06-24 20:15:07.725  5290  6236 I LSPosed-Bridge: 	at z74.e(chromium-Monochrome.aab-stable-573513121:6)

06-24 20:15:07.725  5290  6236 I LSPosed-Bridge: 	at org.chromium.media.VideoCaptureFactory.getFacingMode(chromium-Monochrome.aab-stable-573513121:10)

06-24 20:15:07.751  1570  5687 I LSPosed-Bridge: 5290 PermLabel 10126 AMS.checkPermission: Binder.getCallingPid() = 911; uid = 10126; Binder.getCallingUid() = 1047; getNameForUid: null; getPackagesForUid: null; permName: android.permission.CAMERA; type = 1; res = -1; stacktrace=java.lang.Exception

06-24 20:15:07.751  1570  5687 I LSPosed-Bridge: 	at com.example.permlabel.requirePerm$1$2.afterHookedMethod(requirePerm.java:133)

06-24 20:15:07.751  1570  5687 I LSPosed-Bridge: 	at de.robv.android.xposed.XposedBridge$AdditionalHookInfo.callback(Unknown Source:147)

06-24 20:15:07.751  1570  5687 I LSPosed-Bridge: 	at LSPHooker_.checkPermission(Unknown Source:25)

06-24 20:15:07.751  1570  5687 I LSPosed-Bridge: 	at com.android.server.am.ActivityManagerService$PermissionController.checkPermission(ActivityManagerService.java:9248)

06-24 20:15:07.751  1570  5687 I LSPosed-Bridge: 	at android.os.IPermissionController$Stub.onTransact(IPermissionController.java:56)

06-24 20:15:07.751  1570  5687 I LSPosed-Bridge: 	at android.os.Binder.execTransact(Binder.java:731)

06-24 20:15:07.854  1570  1655 I LSPosed-Bridge: 5290 PermLabel 10126 AMS.checkPermission: Binder.getCallingPid() = 911; uid = 10126; Binder.getCallingUid() = 1047; getNameForUid: null; getPackagesForUid: null; permName: android.permission.CAMERA; type = 1; res = -1; stacktrace=java.lang.Exception

06-24 20:15:07.854  1570  1655 I LSPosed-Bridge: 	at com.example.permlabel.requirePerm$1$2.afterHookedMethod(requirePerm.java:133)

06-24 20:15:07.854  1570  1655 I LSPosed-Bridge: 	at de.robv.android.xposed.XposedBridge$AdditionalHookInfo.callback(Unknown Source:147)

06-24 20:15:07.854  1570  1655 I LSPosed-Bridge: 	at LSPHooker_.checkPermission(Unknown Source:25)

06-24 20:15:07.854  1570  1655 I LSPosed-Bridge: 	at com.android.server.am.ActivityManagerService$PermissionController.checkPermission(ActivityManagerService.java:9248)

06-24 20:15:07.854  1570  1655 I LSPosed-Bridge: 	at android.os.IPermissionController$Stub.onTransact(IPermissionController.java:56)

06-24 20:15:07.854  1570  1655 I LSPosed-Bridge: 	at android.os.Binder.execTransact(Binder.java:731)

06-24 20:15:07.956  1570  1655 I LSPosed-Bridge: 5290 PermLabel 10126 AMS.checkPermission: Binder.getCallingPid() = 911; uid = 10126; Binder.getCallingUid() = 1047; getNameForUid: null; getPackagesForUid: null; permName: android.permission.CAMERA; type = 1; res = -1; stacktrace=java.lang.Exception

06-24 20:15:07.956  1570  1655 I LSPosed-Bridge: 	at com.example.permlabel.requirePerm$1$2.afterHookedMethod(requirePerm.java:133)

06-24 20:15:07.956  1570  1655 I LSPosed-Bridge: 	at de.robv.android.xposed.XposedBridge$AdditionalHookInfo.callback(Unknown Source:147)

06-24 20:15:07.956  1570  1655 I LSPosed-Bridge: 	at LSPHooker_.checkPermission(Unknown Source:25)

06-24 20:15:07.956  1570  1655 I LSPosed-Bridge: 	at com.android.server.am.ActivityManagerService$PermissionController.checkPermission(ActivityManagerService.java:9248)

06-24 20:15:07.956  1570  1655 I LSPosed-Bridge: 	at android.os.IPermissionController$Stub.onTransact(IPermissionController.java:56)

06-24 20:15:07.956  1570  1655 I LSPosed-Bridge: 	at android.os.Binder.execTransact(Binder.java:731)

06-24 20:15:08.059  1570  1655 I LSPosed-Bridge: 5290 PermLabel 10126 AMS.checkPermission: Binder.getCallingPid() = 911; uid = 10126; Binder.getCallingUid() = 1047; getNameForUid: null; getPackagesForUid: null; permName: android.permission.CAMERA; type = 1; res = -1; stacktrace=java.lang.Exception

06-24 20:15:08.059  1570  1655 I LSPosed-Bridge: 	at com.example.permlabel.requirePerm$1$2.afterHookedMethod(requirePerm.java:133)

06-24 20:15:08.059  1570  1655 I LSPosed-Bridge: 	at de.robv.android.xposed.XposedBridge$AdditionalHookInfo.callback(Unknown Source:147)

06-24 20:15:08.059  1570  1655 I LSPosed-Bridge: 	at LSPHooker_.checkPermission(Unknown Source:25)

06-24 20:15:08.059  1570  1655 I LSPosed-Bridge: 	at com.android.server.am.ActivityManagerService$PermissionController.checkPermission(ActivityManagerService.java:9248)

06-24 20:15:08.059  1570  1655 I LSPosed-Bridge: 	at android.os.IPermissionController$Stub.onTransact(IPermissionController.java:56)

06-24 20:15:08.059  1570  1655 I LSPosed-Bridge: 	at android.os.Binder.execTransact(Binder.java:731)

06-24 20:15:08.059   911  3334 W ServiceManager: Permission failure: android.permission.CAMERA from uid=10126 pid=5290

06-24 20:15:08.162   554   554 I ConfigStore: android::hardware::configstore::V1_0::ISurfaceFlingerConfigs::hasHDRDisplay retrieved: 0

06-24 20:15:08.162  1570  2442 I LSPosed-Bridge: 5290 PermLabel 10126 AMS.checkPermission: Binder.getCallingPid() = 911; uid = 10126; Binder.getCallingUid() = 1047; getNameForUid: null; getPackagesForUid: null; permName: android.permission.CAMERA; type = 1; res = -1; stacktrace=java.lang.Exception

06-24 20:15:08.162  1570  2442 I LSPosed-Bridge: 	at com.example.permlabel.requirePerm$1$2.afterHookedMethod(requirePerm.java:133)

06-24 20:15:08.162  1570  2442 I LSPosed-Bridge: 	at de.robv.android.xposed.XposedBridge$AdditionalHookInfo.callback(Unknown Source:147)

06-24 20:15:08.162  1570  2442 I LSPosed-Bridge: 	at LSPHooker_.checkPermission(Unknown Source:25)

06-24 20:15:08.162  1570  2442 I LSPosed-Bridge: 	at com.android.server.am.ActivityManagerService$PermissionController.checkPermission(ActivityManagerService.java:9248)

06-24 20:15:08.162  1570  2442 I LSPosed-Bridge: 	at android.os.IPermissionController$Stub.onTransact(IPermissionController.java:56)

06-24 20:15:08.162  1570  2442 I LSPosed-Bridge: 	at android.os.Binder.execTransact(Binder.java:731)

06-24 20:15:08.162   911  3334 W ServiceManager: Permission failure: android.permission.CAMERA from uid=10126 pid=5290

06-24 20:15:08.162   911  3334 E CameraService: Permission Denial: can't use the camera pid=5290, uid=10126

06-24 20:15:08.162   554   554 I ConfigStore: android::hardware::configstore::V1_0::ISurfaceFlingerConfigs::hasHDRDisplay retrieved: 0

06-24 20:15:08.266  1570  2442 I LSPosed-Bridge: 5290 PermLabel 10126 AMS.checkPermission: Binder.getCallingPid() = 911; uid = 10126; Binder.getCallingUid() = 1047; getNameForUid: null; getPackagesForUid: null; permName: android.permission.CAMERA; type = 1; res = -1; stacktrace=java.lang.Exception

06-24 20:15:08.266  1570  2442 I LSPosed-Bridge: 	at com.example.permlabel.requirePerm$1$2.afterHookedMethod(requirePerm.java:133)

06-24 20:15:08.266  1570  2442 I LSPosed-Bridge: 	at de.robv.android.xposed.XposedBridge$AdditionalHookInfo.callback(Unknown Source:147)

06-24 20:15:08.266  1570  2442 I LSPosed-Bridge: 	at LSPHooker_.checkPermission(Unknown Source:25)

06-24 20:15:08.266  1570  2442 I LSPosed-Bridge: 	at com.android.server.am.ActivityManagerService$PermissionController.checkPermission(ActivityManagerService.java:9248)

06-24 20:15:08.266  1570  2442 I LSPosed-Bridge: 	at android.os.IPermissionController$Stub.onTransact(IPermissionController.java:56)

06-24 20:15:08.266  1570  2442 I LSPosed-Bridge: 	at android.os.Binder.execTransact(Binder.java:731)

06-24 20:15:08.369  1570  2442 I LSPosed-Bridge: 5290 PermLabel 10126 AMS.checkPermission: Binder.getCallingPid() = 911; uid = 10126; Binder.getCallingUid() = 1047; getNameForUid: null; getPackagesForUid: null; permName: android.permission.CAMERA; type = 1; res = -1; stacktrace=java.lang.Exception

06-24 20:15:08.369  1570  2442 I LSPosed-Bridge: 	at com.example.permlabel.requirePerm$1$2.afterHookedMethod(requirePerm.java:133)

06-24 20:15:08.369  1570  2442 I LSPosed-Bridge: 	at de.robv.android.xposed.XposedBridge$AdditionalHookInfo.callback(Unknown Source:147)

06-24 20:15:08.369  1570  2442 I LSPosed-Bridge: 	at LSPHooker_.checkPermission(Unknown Source:25)

06-24 20:15:08.369  1570  2442 I LSPosed-Bridge: 	at com.android.server.am.ActivityManagerService$PermissionController.checkPermission(ActivityManagerService.java:9248)

06-24 20:15:08.369  1570  2442 I LSPosed-Bridge: 	at android.os.IPermissionController$Stub.onTransact(IPermissionController.java:56)

06-24 20:15:08.369  1570  2442 I LSPosed-Bridge: 	at android.os.Binder.execTransact(Binder.java:731)

06-24 20:15:08.369   911  3334 W ServiceManager: Permission failure: android.permission.CAMERA from uid=10126 pid=5290

06-24 20:15:08.475  1570  1582 I LSPosed-Bridge: 5290 PermLabel 10126 AMS.checkPermission: Binder.getCallingPid() = 911; uid = 10126; Binder.getCallingUid() = 1047; getNameForUid: null; getPackagesForUid: null; permName: android.permission.CAMERA; type = 1; res = -1; stacktrace=java.lang.Exception

06-24 20:15:08.475  1570  1582 I LSPosed-Bridge: 	at com.example.permlabel.requirePerm$1$2.afterHookedMethod(requirePerm.java:133)

06-24 20:15:08.475  1570  1582 I LSPosed-Bridge: 	at de.robv.android.xposed.XposedBridge$AdditionalHookInfo.callback(Unknown Source:147)

06-24 20:15:08.475  1570  1582 I LSPosed-Bridge: 	at LSPHooker_.checkPermission(Unknown Source:25)

06-24 20:15:08.475  1570  1582 I LSPosed-Bridge: 	at com.android.server.am.ActivityManagerService$PermissionController.checkPermission(ActivityManagerService.java:9248)

06-24 20:15:08.475  1570  1582 I LSPosed-Bridge: 	at android.os.IPermissionController$Stub.onTransact(IPermissionController.java:56)

06-24 20:15:08.475  1570  1582 I LSPosed-Bridge: 	at android.os.Binder.execTransact(Binder.java:731)

06-24 20:15:08.475   911  3334 W ServiceManager: Permission failure: android.permission.CAMERA from uid=10126 pid=5290

06-24 20:15:08.475   911  3334 E CameraService: Permission Denial: can't use the camera pid=5290, uid=10126

06-24 20:15:08.577  1570  2442 I LSPosed-Bridge: 5290 PermLabel 10126 AMS.checkPermission: Binder.getCallingPid() = 911; uid = 10126; Binder.getCallingUid() = 1047; getNameForUid: null; getPackagesForUid: null; permName: android.permission.CAMERA; type = 1; res = -1; stacktrace=java.lang.Exception

06-24 20:15:08.577  1570  2442 I LSPosed-Bridge: 	at com.example.permlabel.requirePerm$1$2.afterHookedMethod(requirePerm.java:133)

06-24 20:15:08.577  1570  2442 I LSPosed-Bridge: 	at de.robv.android.xposed.XposedBridge$AdditionalHookInfo.callback(Unknown Source:147)

06-24 20:15:08.577  1570  2442 I LSPosed-Bridge: 	at LSPHooker_.checkPermission(Unknown Source:25)

06-24 20:15:08.577  1570  2442 I LSPosed-Bridge: 	at com.android.server.am.ActivityManagerService$PermissionController.checkPermission(ActivityManagerService.java:9248)

06-24 20:15:08.577  1570  2442 I LSPosed-Bridge: 	at android.os.IPermissionController$Stub.onTransact(IPermissionController.java:56)

06-24 20:15:08.577  1570  2442 I LSPosed-Bridge: 	at android.os.Binder.execTransact(Binder.java:731)

06-24 20:15:08.579  5290  6236 I LSPosed-Bridge: 5290 PermLabel 10126 android.permission.CAMERA open cameraId: 1; res= null; stacktrace=java.lang.Exception

06-24 20:15:08.579  5290  6236 I LSPosed-Bridge: 5290 PermLabel 10126 android.permission.CAMERA open cameraId: 1; res= null; stacktrace=java.lang.Exception

06-24 20:15:08.579  5290  6236 I LSPosed-Bridge: 	at com.example.permlabel.hookCamera$3.afterHookedMethod(hookCamera.java:49)

06-24 20:15:08.579  5290  6236 I LSPosed-Bridge: 	at com.example.permlabel.hookCamera$3.afterHookedMethod(hookCamera.java:49)

06-24 20:15:08.579  5290  6236 I LSPosed-Bridge: 	at de.robv.android.xposed.XposedBridge$AdditionalHookInfo.callback(Unknown Source:147)

06-24 20:15:08.579  5290  6236 I LSPosed-Bridge: 	at de.robv.android.xposed.XposedBridge$AdditionalHookInfo.callback(Unknown Source:147)

06-24 20:15:08.579  5290  6236 I LSPosed-Bridge: 	at LSPHooker_.open(Unknown Source:12)

06-24 20:15:08.579  5290  6236 I LSPosed-Bridge: 	at LSPHooker_.open(Unknown Source:12)

06-24 20:15:08.579  5290  6236 I LSPosed-Bridge: 	at org.chromium.media.VideoCaptureFactory.isZoomSupported(chromium-Monochrome.aab-stable-573513121:10)

06-24 20:15:08.579  5290  6236 I LSPosed-Bridge: 	at org.chromium.media.VideoCaptureFactory.isZoomSupported(chromium-Monochrome.aab-stable-573513121:10)

06-24 20:15:08.579  5290  6236 I chatty  : uid=10126(sixpack.sixpackabs.absworkout) ThreadPoolSingl identical 1 line

06-24 20:15:08.579  5290  6236 I chatty  : uid=10126(sixpack.sixpackabs.absworkout) ThreadPoolSingl identical 1 line

06-24 20:15:08.579  5290  6236 I LSPosed-Bridge: 5290 PermLabel 10126 android.permission.CAMERA open cameraId: 1; res= null; stacktrace=java.lang.Exception

06-24 20:15:08.579  5290  6236 I LSPosed-Bridge: 5290 PermLabel 10126 android.permission.CAMERA open cameraId: 1; res= null; stacktrace=java.lang.Exception

06-24 20:15:08.579  5290  6236 I LSPosed-Bridge: 	at com.example.permlabel.hookCamera$3.afterHookedMethod(hookCamera.java:49)

06-24 20:15:08.579  5290  6236 I LSPosed-Bridge: 	at com.example.permlabel.hookCamera$3.afterHookedMethod(hookCamera.java:49)

06-24 20:15:08.579  5290  6236 I LSPosed-Bridge: 	at de.robv.android.xposed.XposedBridge$AdditionalHookInfo.callback(Unknown Source:147)

06-24 20:15:08.579  5290  6236 I LSPosed-Bridge: 	at de.robv.android.xposed.XposedBridge$AdditionalHookInfo.callback(Unknown Source:147)

06-24 20:15:08.579  5290  6236 I LSPosed-Bridge: 	at LSPHooker_.open(Unknown Source:12)

06-24 20:15:08.579  5290  6236 I LSPosed-Bridge: 	at LSPHooker_.open(Unknown Source:12)

06-24 20:15:08.579  5290  6236 I LSPosed-Bridge: 	at org.chromium.media.VideoCaptureFactory.isZoomSupported(chromium-Monochrome.aab-stable-573513121:10)

06-24 20:15:08.579  5290  6236 I LSPosed-Bridge: 	at org.chromium.media.VideoCaptureFactory.isZoomSupported(chromium-Monochrome.aab-stable-573513121:10)

06-24 20:15:08.579  5290  6236 E cr_VideoCapture: Camera.open: 

06-24 20:15:08.579  5290  6236 E cr_VideoCapture: Camera.open: 

06-24 20:15:08.579  5290  6236 E cr_VideoCapture: java.lang.RuntimeException: Fail to connect to camera service

06-24 20:15:08.579  5290  6236 E cr_VideoCapture: java.lang.RuntimeException: Fail to connect to camera service

06-24 20:15:08.579  5290  6236 E cr_VideoCapture: 	at android.hardware.Camera.<init>(Camera.java:669)

06-24 20:15:08.579  5290  6236 E cr_VideoCapture: 	at android.hardware.Camera.<init>(Camera.java:669)

06-24 20:15:08.579  5290  6236 E cr_VideoCapture: 	at android.hardware.Camera.open(Camera.java:460)

06-24 20:15:08.579  5290  6236 E cr_VideoCapture: 	at android.hardware.Camera.open(Camera.java:460)

06-24 20:15:08.579  5290  6236 E cr_VideoCapture: 	at java.lang.reflect.Method.invoke(Native Method)

06-24 20:15:08.579  5290  6236 E cr_VideoCapture: 	at java.lang.reflect.Method.invoke(Native Method)

06-24 20:15:08.579  5290  6236 E cr_VideoCapture: 	at org.lsposed.lspd.nativebridge.HookBridge.invokeOriginalMethod(Native Method)

06-24 20:15:08.579  5290  6236 E cr_VideoCapture: 	at org.lsposed.lspd.nativebridge.HookBridge.invokeOriginalMethod(Native Method)

06-24 20:15:08.579  5290  6236 E cr_VideoCapture: 	at de.robv.android.xposed.XposedBridge$AdditionalHookInfo.callback(Unknown Source:110)

06-24 20:15:08.579  5290  6236 E cr_VideoCapture: 	at de.robv.android.xposed.XposedBridge$AdditionalHookInfo.callback(Unknown Source:110)

06-24 20:15:08.579  5290  6236 E cr_VideoCapture: 	at LSPHooker_.open(Unknown Source:12)

06-24 20:15:08.579  5290  6236 E cr_VideoCapture: 	at LSPHooker_.open(Unknown Source:12)

06-24 20:15:08.579  5290  6236 E cr_VideoCapture: 	at org.chromium.media.VideoCaptureFactory.isZoomSupported(chromium-Monochrome.aab-stable-573513121:10)

06-24 20:15:08.579  5290  6236 E cr_VideoCapture: 	at org.chromium.media.VideoCaptureFactory.isZoomSupported(chromium-Monochrome.aab-stable-573513121:10)

06-24 20:15:08.579   554   554 I ConfigStore: android::hardware::configstore::V1_0::ISurfaceFlingerConfigs::hasHDRDisplay retrieved: 0

06-24 20:15:08.579   554   554 I ConfigStore: android::hardware::configstore::V1_0::ISurfaceFlingerConfigs::hasHDRDisplay retrieved: 0

06-24 20:15:08.592  1570  2442 I LSPosed-Bridge: 5290 PermLabel 10126 AMS.checkPermission: Binder.getCallingPid() = 911; uid = 10126; Binder.getCallingUid() = 1047; getNameForUid: null; getPackagesForUid: null; permName: android.permission.CAMERA; type = 1; res = -1; stacktrace=java.lang.Exception

06-24 20:15:08.592  1570  2442 I LSPosed-Bridge: 	at com.example.permlabel.requirePerm$1$2.afterHookedMethod(requirePerm.java:133)

06-24 20:15:08.592  1570  2442 I LSPosed-Bridge: 	at de.robv.android.xposed.XposedBridge$AdditionalHookInfo.callback(Unknown Source:147)

06-24 20:15:08.592  1570  2442 I LSPosed-Bridge: 	at LSPHooker_.checkPermission(Unknown Source:25)

06-24 20:15:08.592  1570  2442 I LSPosed-Bridge: 	at com.android.server.am.ActivityManagerService$PermissionController.checkPermission(ActivityManagerService.java:9248)

06-24 20:15:08.592  1570  2442 I LSPosed-Bridge: 	at android.os.IPermissionController$Stub.onTransact(IPermissionController.java:56)

06-24 20:15:08.592  1570  2442 I LSPosed-Bridge: 	at android.os.Binder.execTransact(Binder.java:731)

06-24 20:15:08.592   911  3334 W ServiceManager: Permission failure: android.permission.CAMERA from uid=10126 pid=5290

06-24 20:15:08.592   911  3334 E CameraService: Permission Denial: can't use the camera pid=5290, uid=10126

06-24 20:15:08.694  1570  1582 I LSPosed-Bridge: 5290 PermLabel 10126 AMS.checkPermission: Binder.getCallingPid() = 911; uid = 10126; Binder.getCallingUid() = 1047; getNameForUid: null; getPackagesForUid: null; permName: android.permission.CAMERA; type = 1; res = -1; stacktrace=java.lang.Exception

06-24 20:15:08.694  1570  1582 I LSPosed-Bridge: 	at com.example.permlabel.requirePerm$1$2.afterHookedMethod(requirePerm.java:133)

06-24 20:15:08.694  1570  1582 I LSPosed-Bridge: 	at de.robv.android.xposed.XposedBridge$AdditionalHookInfo.callback(Unknown Source:147)

06-24 20:15:08.694  1570  1582 I LSPosed-Bridge: 	at LSPHooker_.checkPermission(Unknown Source:25)

06-24 20:15:08.694  1570  1582 I LSPosed-Bridge: 	at com.android.server.am.ActivityManagerService$PermissionController.checkPermission(ActivityManagerService.java:9248)

06-24 20:15:08.694  1570  1582 I LSPosed-Bridge: 	at android.os.IPermissionController$Stub.onTransact(IPermissionController.java:56)

06-24 20:15:08.694  1570  1582 I LSPosed-Bridge: 	at android.os.Binder.execTransact(Binder.java:731)

06-24 20:15:08.799  1570  2442 I LSPosed-Bridge: 5290 PermLabel 10126 AMS.checkPermission: Binder.getCallingPid() = 911; uid = 10126; Binder.getCallingUid() = 1047; getNameForUid: null; getPackagesForUid: null; permName: android.permission.CAMERA; type = 1; res = -1; stacktrace=java.lang.Exception

06-24 20:15:08.799  1570  2442 I LSPosed-Bridge: 	at com.example.permlabel.requirePerm$1$2.afterHookedMethod(requirePerm.java:133)

06-24 20:15:08.799  1570  2442 I LSPosed-Bridge: 	at de.robv.android.xposed.XposedBridge$AdditionalHookInfo.callback(Unknown Source:147)

06-24 20:15:08.799  1570  2442 I LSPosed-Bridge: 	at LSPHooker_.checkPermission(Unknown Source:25)

06-24 20:15:08.799  1570  2442 I LSPosed-Bridge: 	at com.android.server.am.ActivityManagerService$PermissionController.checkPermission(ActivityManagerService.java:9248)

06-24 20:15:08.799  1570  2442 I LSPosed-Bridge: 	at android.os.IPermissionController$Stub.onTransact(IPermissionController.java:56)

06-24 20:15:08.799  1570  2442 I LSPosed-Bridge: 	at android.os.Binder.execTransact(Binder.java:731)

06-24 20:15:08.799   911  3334 W ServiceManager: Permission failure: android.permission.CAMERA from uid=10126 pid=5290

06-24 20:15:08.799   911  3334 E CameraService: Permission Denial: can't use the camera pid=5290, uid=10126

06-24 20:15:08.902  1570  1582 I LSPosed-Bridge: 5290 PermLabel 10126 AMS.checkPermission: Binder.getCallingPid() = 911; uid = 10126; Binder.getCallingUid() = 1047; getNameForUid: null; getPackagesForUid: null; permName: android.permission.CAMERA; type = 1; res = -1; stacktrace=java.lang.Exception

06-24 20:15:08.902  1570  1582 I LSPosed-Bridge: 	at com.example.permlabel.requirePerm$1$2.afterHookedMethod(requirePerm.java:133)

06-24 20:15:08.902  1570  1582 I LSPosed-Bridge: 	at de.robv.android.xposed.XposedBridge$AdditionalHookInfo.callback(Unknown Source:147)

06-24 20:15:08.902  1570  1582 I LSPosed-Bridge: 	at LSPHooker_.checkPermission(Unknown Source:25)

06-24 20:15:08.902  1570  1582 I LSPosed-Bridge: 	at com.android.server.am.ActivityManagerService$PermissionController.checkPermission(ActivityManagerService.java:9248)

06-24 20:15:08.902  1570  1582 I LSPosed-Bridge: 	at android.os.IPermissionController$Stub.onTransact(IPermissionController.java:56)

06-24 20:15:08.902  1570  1582 I LSPosed-Bridge: 	at android.os.Binder.execTransact(Binder.java:731)

06-24 20:15:08.902   911  3334 W ServiceManager: Permission failure: android.permission.CAMERA from uid=10126 pid=5290

06-24 20:15:08.902   911  3334 E CameraService: Permission Denial: can't use the camera pid=5290, uid=10126

06-24 20:15:09.005  1570  2442 I LSPosed-Bridge: 5290 PermLabel 10126 AMS.checkPermission: Binder.getCallingPid() = 911; uid = 10126; Binder.getCallingUid() = 1047; getNameForUid: null; getPackagesForUid: null; permName: android.permission.CAMERA; type = 1; res = -1; stacktrace=java.lang.Exception

06-24 20:15:09.005  1570  2442 I LSPosed-Bridge: 	at com.example.permlabel.requirePerm$1$2.afterHookedMethod(requirePerm.java:133)

06-24 20:15:09.005  1570  2442 I LSPosed-Bridge: 	at de.robv.android.xposed.XposedBridge$AdditionalHookInfo.callback(Unknown Source:147)

06-24 20:15:09.005  1570  2442 I LSPosed-Bridge: 	at LSPHooker_.checkPermission(Unknown Source:25)

06-24 20:15:09.005  1570  2442 I LSPosed-Bridge: 	at com.android.server.am.ActivityManagerService$PermissionController.checkPermission(ActivityManagerService.java:9248)

06-24 20:15:09.005  1570  2442 I LSPosed-Bridge: 	at android.os.IPermissionController$Stub.onTransact(IPermissionController.java:56)

06-24 20:15:09.005  1570  2442 I LSPosed-Bridge: 	at android.os.Binder.execTransact(Binder.java:731)

06-24 20:15:09.005   911  3334 W ServiceManager: Permission failure: android.permission.CAMERA from uid=10126 pid=5290

06-24 20:15:09.005   911  3334 E CameraService: Permission Denial: can't use the camera pid=5290, uid=10126

06-24 20:15:09.107  1570  1582 I LSPosed-Bridge: 5290 PermLabel 10126 AMS.checkPermission: Binder.getCallingPid() = 911; uid = 10126; Binder.getCallingUid() = 1047; getNameForUid: null; getPackagesForUid: null; permName: android.permission.CAMERA; type = 1; res = -1; stacktrace=java.lang.Exception

06-24 20:15:09.107  1570  1582 I LSPosed-Bridge: 	at com.example.permlabel.requirePerm$1$2.afterHookedMethod(requirePerm.java:133)

06-24 20:15:09.107  1570  1582 I LSPosed-Bridge: 	at de.robv.android.xposed.XposedBridge$AdditionalHookInfo.callback(Unknown Source:147)

06-24 20:15:09.107  1570  1582 I LSPosed-Bridge: 	at LSPHooker_.checkPermission(Unknown Source:25)

06-24 20:15:09.107  1570  1582 I LSPosed-Bridge: 	at com.android.server.am.ActivityManagerService$PermissionController.checkPermission(ActivityManagerService.java:9248)

06-24 20:15:09.107  1570  1582 I LSPosed-Bridge: 	at android.os.IPermissionController$Stub.onTransact(IPermissionController.java:56)

06-24 20:15:09.107  1570  1582 I LSPosed-Bridge: 	at android.os.Binder.execTransact(Binder.java:731)

06-24 20:15:09.210  1570  1655 I LSPosed-Bridge: 5290 PermLabel 10126 AMS.checkPermission: Binder.getCallingPid() = 911; uid = 10126; Binder.getCallingUid() = 1047; getNameForUid: null; getPackagesForUid: null; permName: android.permission.CAMERA; type = 1; res = -1; stacktrace=java.lang.Exception

06-24 20:15:09.210  1570  1655 I LSPosed-Bridge: 	at com.example.permlabel.requirePerm$1$2.afterHookedMethod(requirePerm.java:133)

06-24 20:15:09.210  1570  1655 I LSPosed-Bridge: 	at de.robv.android.xposed.XposedBridge$AdditionalHookInfo.callback(Unknown Source:147)

06-24 20:15:09.210  1570  1655 I LSPosed-Bridge: 	at LSPHooker_.checkPermission(Unknown Source:25)

06-24 20:15:09.210  1570  1655 I LSPosed-Bridge: 	at com.android.server.am.ActivityManagerService$PermissionController.checkPermission(ActivityManagerService.java:9248)

06-24 20:15:09.210  1570  1655 I LSPosed-Bridge: 	at android.os.IPermissionController$Stub.onTransact(IPermissionController.java:56)

06-24 20:15:09.210  1570  1655 I LSPosed-Bridge: 	at android.os.Binder.execTransact(Binder.java:731)

06-24 20:15:09.314   554   554 I ConfigStore: android::hardware::configstore::V1_0::ISurfaceFlingerConfigs::hasHDRDisplay retrieved: 0

06-24 20:15:09.314  1570  1655 I LSPosed-Bridge: 5290 PermLabel 10126 AMS.checkPermission: Binder.getCallingPid() = 911; uid = 10126; Binder.getCallingUid() = 1047; getNameForUid: null; getPackagesForUid: null; permName: android.permission.CAMERA; type = 1; res = -1; stacktrace=java.lang.Exception

06-24 20:15:09.314  1570  1655 I LSPosed-Bridge: 	at com.example.permlabel.requirePerm$1$2.afterHookedMethod(requirePerm.java:133)

06-24 20:15:09.314  1570  1655 I LSPosed-Bridge: 	at de.robv.android.xposed.XposedBridge$AdditionalHookInfo.callback(Unknown Source:147)

06-24 20:15:09.314  1570  1655 I LSPosed-Bridge: 	at LSPHooker_.checkPermission(Unknown Source:25)

06-24 20:15:09.314  1570  1655 I LSPosed-Bridge: 	at com.android.server.am.ActivityManagerService$PermissionController.checkPermission(ActivityManagerService.java:9248)

06-24 20:15:09.314  1570  1655 I LSPosed-Bridge: 	at android.os.IPermissionController$Stub.onTransact(IPermissionController.java:56)

06-24 20:15:09.314  1570  1655 I LSPosed-Bridge: 	at android.os.Binder.execTransact(Binder.java:731)

06-24 20:15:09.418   554   554 I ConfigStore: android::hardware::configstore::V1_0::ISurfaceFlingerConfigs::hasHDRDisplay retrieved: 0

06-24 20:15:09.418  1570  1655 I LSPosed-Bridge: 5290 PermLabel 10126 AMS.checkPermission: Binder.getCallingPid() = 911; uid = 10126; Binder.getCallingUid() = 1047; getNameForUid: null; getPackagesForUid: null; permName: android.permission.CAMERA; type = 1; res = -1; stacktrace=java.lang.Exception

06-24 20:15:09.418  1570  1655 I LSPosed-Bridge: 	at com.example.permlabel.requirePerm$1$2.afterHookedMethod(requirePerm.java:133)

06-24 20:15:09.418  1570  1655 I LSPosed-Bridge: 	at de.robv.android.xposed.XposedBridge$AdditionalHookInfo.callback(Unknown Source:147)

06-24 20:15:09.418  1570  1655 I LSPosed-Bridge: 	at LSPHooker_.checkPermission(Unknown Source:25)

06-24 20:15:09.418  1570  1655 I LSPosed-Bridge: 	at com.android.server.am.ActivityManagerService$PermissionController.checkPermission(ActivityManagerService.java:9248)

06-24 20:15:09.418  1570  1655 I LSPosed-Bridge: 	at android.os.IPermissionController$Stub.onTransact(IPermissionController.java:56)

06-24 20:15:09.418  1570  1655 I LSPosed-Bridge: 	at android.os.Binder.execTransact(Binder.java:731)

06-24 20:15:09.418   554   554 I ConfigStore: android::hardware::configstore::V1_0::ISurfaceFlingerConfigs::hasHDRDisplay retrieved: 0

06-24 20:15:09.421  5290  6236 I LSPosed-Bridge: 5290 PermLabel 10126 android.permission.CAMERA open cameraId: 1; res= null; stacktrace=java.lang.Exception

06-24 20:15:09.421  5290  6236 I LSPosed-Bridge: 5290 PermLabel 10126 android.permission.CAMERA open cameraId: 1; res= null; stacktrace=java.lang.Exception

06-24 20:15:09.421  5290  6236 I LSPosed-Bridge: 	at com.example.permlabel.hookCamera$3.afterHookedMethod(hookCamera.java:49)

06-24 20:15:09.421  5290  6236 I LSPosed-Bridge: 	at com.example.permlabel.hookCamera$3.afterHookedMethod(hookCamera.java:49)

06-24 20:15:09.421  5290  6236 I LSPosed-Bridge: 	at de.robv.android.xposed.XposedBridge$AdditionalHookInfo.callback(Unknown Source:147)

06-24 20:15:09.421  5290  6236 I LSPosed-Bridge: 	at de.robv.android.xposed.XposedBridge$AdditionalHookInfo.callback(Unknown Source:147)

06-24 20:15:09.421  5290  6236 I LSPosed-Bridge: 	at LSPHooker_.open(Unknown Source:12)

06-24 20:15:09.421  5290  6236 I LSPosed-Bridge: 	at LSPHooker_.open(Unknown Source:12)

06-24 20:15:09.421  5290  6236 I LSPosed-Bridge: 	at org.chromium.media.VideoCaptureFactory.getDeviceSupportedFormats(chromium-Monochrome.aab-stable-573513121:13)

06-24 20:15:09.421  5290  6236 I LSPosed-Bridge: 	at org.chromium.media.VideoCaptureFactory.getDeviceSupportedFormats(chromium-Monochrome.aab-stable-573513121:13)

06-24 20:15:09.421  5290  6236 I chatty  : uid=10126(sixpack.sixpackabs.absworkout) ThreadPoolSingl identical 1 line

06-24 20:15:09.421  5290  6236 I chatty  : uid=10126(sixpack.sixpackabs.absworkout) ThreadPoolSingl identical 1 line

06-24 20:15:09.421  5290  6236 I LSPosed-Bridge: 5290 PermLabel 10126 android.permission.CAMERA open cameraId: 1; res= null; stacktrace=java.lang.Exception

06-24 20:15:09.421  5290  6236 I LSPosed-Bridge: 5290 PermLabel 10126 android.permission.CAMERA open cameraId: 1; res= null; stacktrace=java.lang.Exception

06-24 20:15:09.421  5290  6236 I LSPosed-Bridge: 	at com.example.permlabel.hookCamera$3.afterHookedMethod(hookCamera.java:49)

06-24 20:15:09.421  5290  6236 I LSPosed-Bridge: 	at com.example.permlabel.hookCamera$3.afterHookedMethod(hookCamera.java:49)

06-24 20:15:09.421  5290  6236 I LSPosed-Bridge: 	at de.robv.android.xposed.XposedBridge$AdditionalHookInfo.callback(Unknown Source:147)

06-24 20:15:09.421  5290  6236 I LSPosed-Bridge: 	at de.robv.android.xposed.XposedBridge$AdditionalHookInfo.callback(Unknown Source:147)

06-24 20:15:09.421  5290  6236 I LSPosed-Bridge: 	at LSPHooker_.open(Unknown Source:12)

06-24 20:15:09.421  5290  6236 I LSPosed-Bridge: 	at LSPHooker_.open(Unknown Source:12)

06-24 20:15:09.421  5290  6236 I LSPosed-Bridge: 	at org.chromium.media.VideoCaptureFactory.getDeviceSupportedFormats(chromium-Monochrome.aab-stable-573513121:13)

06-24 20:15:09.421  5290  6236 I LSPosed-Bridge: 	at org.chromium.media.VideoCaptureFactory.getDeviceSupportedFormats(chromium-Monochrome.aab-stable-573513121:13)

06-24 20:15:09.418  5290  5290 W Binder:5290_9: type=1400 audit(0.0:840): avc: denied { read } for name="u:object_r:vendor_camera_prop:s0" dev="tmpfs" ino=15477 scontext=u:r:untrusted_app:s0:c126,c256,c512,c768 tcontext=u:object_r:vendor_camera_prop:s0 tclass=file permissive=0

06-24 20:15:09.646  5290  6236 I LSPosed-Bridge: 5290 PermLabel 10126 android.permission.CAMERA getCameraInfo args0: 0; args1: android.hardware.Camera$CameraInfo@cd18c1; res= null; stacktrace=java.lang.Exception

06-24 20:15:09.646  5290  6236 I LSPosed-Bridge: 	at com.example.permlabel.hookCamera$1.afterHookedMethod(hookCamera.java:21)

06-24 20:15:09.646  5290  6236 I LSPosed-Bridge: 	at de.robv.android.xposed.XposedBridge$AdditionalHookInfo.callback(Unknown Source:147)

06-24 20:15:09.646  5290  6236 I LSPosed-Bridge: 	at LSPHooker_.getCameraInfo(Unknown Source:15)

06-24 20:15:09.646  5290  6236 I LSPosed-Bridge: 	at z74.e(chromium-Monochrome.aab-stable-573513121:6)

06-24 20:15:09.646  5290  6236 I LSPosed-Bridge: 	at org.chromium.media.VideoCaptureFactory.getDeviceName(chromium-Monochrome.aab-stable-573513121:15)

06-24 20:15:09.647  5290  6236 I chatty  : uid=10126(sixpack.sixpackabs.absworkout) ThreadPoolSingl identical 1 line

06-24 20:15:09.647  5290  6236 I LSPosed-Bridge: 5290 PermLabel 10126 android.permission.CAMERA getCameraInfo args0: 0; args1: android.hardware.Camera$CameraInfo@cd18c1; res= null; stacktrace=java.lang.Exception

06-24 20:15:09.647  5290  6236 I LSPosed-Bridge: 	at com.example.permlabel.hookCamera$1.afterHookedMethod(hookCamera.java:21)

06-24 20:15:09.647  5290  6236 I LSPosed-Bridge: 	at de.robv.android.xposed.XposedBridge$AdditionalHookInfo.callback(Unknown Source:147)

06-24 20:15:09.647  5290  6236 I LSPosed-Bridge: 	at LSPHooker_.getCameraInfo(Unknown Source:15)

06-24 20:15:09.647  5290  6236 I LSPosed-Bridge: 	at z74.e(chromium-Monochrome.aab-stable-573513121:6)

06-24 20:15:09.647  5290  6236 I LSPosed-Bridge: 	at org.chromium.media.VideoCaptureFactory.getDeviceName(chromium-Monochrome.aab-stable-573513121:15)

06-24 20:15:09.668  5290  6236 I LSPosed-Bridge: 5290 PermLabel 10126 android.permission.CAMERA getCameraInfo args0: 0; args1: android.hardware.Camera$CameraInfo@5d17ffd; res= null; stacktrace=java.lang.Exception

06-24 20:15:09.668  5290  6236 I LSPosed-Bridge: 	at com.example.permlabel.hookCamera$1.afterHookedMethod(hookCamera.java:21)

06-24 20:15:09.668  5290  6236 I LSPosed-Bridge: 	at de.robv.android.xposed.XposedBridge$AdditionalHookInfo.callback(Unknown Source:147)

06-24 20:15:09.668  5290  6236 I LSPosed-Bridge: 	at LSPHooker_.getCameraInfo(Unknown Source:15)

06-24 20:15:09.668  5290  6236 I LSPosed-Bridge: 	at z74.e(chromium-Monochrome.aab-stable-573513121:6)

06-24 20:15:09.668  5290  6236 I LSPosed-Bridge: 	at org.chromium.media.VideoCaptureFactory.getCaptureApiType(chromium-Monochrome.aab-stable-573513121:8)

06-24 20:15:09.668  5290  6236 I chatty  : uid=10126(sixpack.sixpackabs.absworkout) ThreadPoolSingl identical 1 line

06-24 20:15:09.669  5290  6236 I LSPosed-Bridge: 5290 PermLabel 10126 android.permission.CAMERA getCameraInfo args0: 0; args1: android.hardware.Camera$CameraInfo@5d17ffd; res= null; stacktrace=java.lang.Exception

06-24 20:15:09.669  5290  6236 I LSPosed-Bridge: 	at com.example.permlabel.hookCamera$1.afterHookedMethod(hookCamera.java:21)

06-24 20:15:09.669  5290  6236 I LSPosed-Bridge: 	at de.robv.android.xposed.XposedBridge$AdditionalHookInfo.callback(Unknown Source:147)

06-24 20:15:09.669  5290  6236 I LSPosed-Bridge: 	at LSPHooker_.getCameraInfo(Unknown Source:15)

06-24 20:15:09.669  5290  6236 I LSPosed-Bridge: 	at z74.e(chromium-Monochrome.aab-stable-573513121:6)

06-24 20:15:09.669  5290  6236 I LSPosed-Bridge: 	at org.chromium.media.VideoCaptureFactory.getCaptureApiType(chromium-Monochrome.aab-stable-573513121:8)

06-24 20:15:09.680  5290  6236 I LSPosed-Bridge: 5290 PermLabel 10126 android.permission.CAMERA getCameraInfo args0: 0; args1: android.hardware.Camera$CameraInfo@dbb1ef9; res= null; stacktrace=java.lang.Exception

06-24 20:15:09.680  5290  6236 I LSPosed-Bridge: 5290 PermLabel 10126 android.permission.CAMERA getCameraInfo args0: 0; args1: android.hardware.Camera$CameraInfo@dbb1ef9; res= null; stacktrace=java.lang.Exception

06-24 20:15:09.680  5290  6236 I LSPosed-Bridge: 	at com.example.permlabel.hookCamera$1.afterHookedMethod(hookCamera.java:21)

06-24 20:15:09.680  5290  6236 I LSPosed-Bridge: 	at com.example.permlabel.hookCamera$1.afterHookedMethod(hookCamera.java:21)

06-24 20:15:09.680  5290  6236 I LSPosed-Bridge: 	at de.robv.android.xposed.XposedBridge$AdditionalHookInfo.callback(Unknown Source:147)

06-24 20:15:09.680  5290  6236 I LSPosed-Bridge: 	at de.robv.android.xposed.XposedBridge$AdditionalHookInfo.callback(Unknown Source:147)

06-24 20:15:09.680  5290  6236 I LSPosed-Bridge: 	at LSPHooker_.getCameraInfo(Unknown Source:15)

06-24 20:15:09.680  5290  6236 I LSPosed-Bridge: 	at LSPHooker_.getCameraInfo(Unknown Source:15)

06-24 20:15:09.680  5290  6236 I LSPosed-Bridge: 	at z74.e(chromium-Monochrome.aab-stable-573513121:6)

06-24 20:15:09.680  5290  6236 I LSPosed-Bridge: 	at z74.e(chromium-Monochrome.aab-stable-573513121:6)

06-24 20:15:09.680  5290  6236 I LSPosed-Bridge: 	at org.chromium.media.VideoCaptureFactory.getFacingMode(chromium-Monochrome.aab-stable-573513121:10)

06-24 20:15:09.680  5290  6236 I LSPosed-Bridge: 	at org.chromium.media.VideoCaptureFactory.getFacingMode(chromium-Monochrome.aab-stable-573513121:10)

06-24 20:15:09.680  5290  6236 I chatty  : uid=10126(sixpack.sixpackabs.absworkout) ThreadPoolSingl identical 1 line

06-24 20:15:09.680  5290  6236 I chatty  : uid=10126(sixpack.sixpackabs.absworkout) ThreadPoolSingl identical 1 line

06-24 20:15:09.680  5290  6236 I LSPosed-Bridge: 5290 PermLabel 10126 android.permission.CAMERA getCameraInfo args0: 0; args1: android.hardware.Camera$CameraInfo@dbb1ef9; res= null; stacktrace=java.lang.Exception

06-24 20:15:09.680  5290  6236 I LSPosed-Bridge: 5290 PermLabel 10126 android.permission.CAMERA getCameraInfo args0: 0; args1: android.hardware.Camera$CameraInfo@dbb1ef9; res= null; stacktrace=java.lang.Exception

06-24 20:15:09.680  5290  6236 I LSPosed-Bridge: 	at com.example.permlabel.hookCamera$1.afterHookedMethod(hookCamera.java:21)

06-24 20:15:09.680  5290  6236 I LSPosed-Bridge: 	at com.example.permlabel.hookCamera$1.afterHookedMethod(hookCamera.java:21)

06-24 20:15:09.680  5290  6236 I LSPosed-Bridge: 	at de.robv.android.xposed.XposedBridge$AdditionalHookInfo.callback(Unknown Source:147)

06-24 20:15:09.680  5290  6236 I LSPosed-Bridge: 	at de.robv.android.xposed.XposedBridge$AdditionalHookInfo.callback(Unknown Source:147)

06-24 20:15:09.680  5290  6236 I LSPosed-Bridge: 	at LSPHooker_.getCameraInfo(Unknown Source:15)

06-24 20:15:09.680  5290  6236 I LSPosed-Bridge: 	at LSPHooker_.getCameraInfo(Unknown Source:15)

06-24 20:15:09.680  5290  6236 I LSPosed-Bridge: 	at z74.e(chromium-Monochrome.aab-stable-573513121:6)

06-24 20:15:09.680  5290  6236 I LSPosed-Bridge: 	at z74.e(chromium-Monochrome.aab-stable-573513121:6)

06-24 20:15:09.680  5290  6236 I LSPosed-Bridge: 	at org.chromium.media.VideoCaptureFactory.getFacingMode(chromium-Monochrome.aab-stable-573513121:10)

06-24 20:15:09.680  5290  6236 I LSPosed-Bridge: 	at org.chromium.media.VideoCaptureFactory.getFacingMode(chromium-Monochrome.aab-stable-573513121:10)

06-24 20:15:09.668  5290  5290 W ThreadPoolSingl: type=1400 audit(0.0:847): avc: denied { read } for name="u:object_r:vendor_camera_prop:s0" dev="tmpfs" ino=15477 scontext=u:r:untrusted_app:s0:c126,c256,c512,c768 tcontext=u:object_r:vendor_camera_prop:s0 tclass=file permissive=0

06-24 20:15:09.689  1570  1582 I LSPosed-Bridge: 5290 PermLabel 10126 AMS.checkPermission: Binder.getCallingPid() = 911; uid = 10126; Binder.getCallingUid() = 1047; getNameForUid: null; getPackagesForUid: null; permName: android.permission.CAMERA; type = 1; res = -1; stacktrace=java.lang.Exception

06-24 20:15:09.689  1570  1582 I LSPosed-Bridge: 	at com.example.permlabel.requirePerm$1$2.afterHookedMethod(requirePerm.java:133)

06-24 20:15:09.689  1570  1582 I LSPosed-Bridge: 	at de.robv.android.xposed.XposedBridge$AdditionalHookInfo.callback(Unknown Source:147)

06-24 20:15:09.689  1570  1582 I LSPosed-Bridge: 	at LSPHooker_.checkPermission(Unknown Source:25)

06-24 20:15:09.689  1570  1582 I LSPosed-Bridge: 	at com.android.server.am.ActivityManagerService$PermissionController.checkPermission(ActivityManagerService.java:9248)

06-24 20:15:09.689  1570  1582 I LSPosed-Bridge: 	at android.os.IPermissionController$Stub.onTransact(IPermissionController.java:56)

06-24 20:15:09.689  1570  1582 I LSPosed-Bridge: 	at android.os.Binder.execTransact(Binder.java:731)

06-24 20:15:09.793  1570  1582 I LSPosed-Bridge: 5290 PermLabel 10126 AMS.checkPermission: Binder.getCallingPid() = 911; uid = 10126; Binder.getCallingUid() = 1047; getNameForUid: null; getPackagesForUid: null; permName: android.permission.CAMERA; type = 1; res = -1; stacktrace=java.lang.Exception

06-24 20:15:09.793  1570  1582 I LSPosed-Bridge: 	at com.example.permlabel.requirePerm$1$2.afterHookedMethod(requirePerm.java:133)

06-24 20:15:09.793  1570  1582 I LSPosed-Bridge: 	at de.robv.android.xposed.XposedBridge$AdditionalHookInfo.callback(Unknown Source:147)

06-24 20:15:09.793  1570  1582 I LSPosed-Bridge: 	at LSPHooker_.checkPermission(Unknown Source:25)

06-24 20:15:09.793  1570  1582 I LSPosed-Bridge: 	at com.android.server.am.ActivityManagerService$PermissionController.checkPermission(ActivityManagerService.java:9248)

06-24 20:15:09.793  1570  1582 I LSPosed-Bridge: 	at android.os.IPermissionController$Stub.onTransact(IPermissionController.java:56)

06-24 20:15:09.793  1570  1582 I LSPosed-Bridge: 	at android.os.Binder.execTransact(Binder.java:731)

06-24 20:15:09.793   911  3334 W ServiceManager: Permission failure: android.permission.CAMERA from uid=10126 pid=5290

06-24 20:15:09.793   911  3334 E CameraService: Permission Denial: can't use the camera pid=5290, uid=10126

06-24 20:15:09.900  1570  2442 I LSPosed-Bridge: 5290 PermLabel 10126 AMS.checkPermission: Binder.getCallingPid() = 911; uid = 10126; Binder.getCallingUid() = 1047; getNameForUid: null; getPackagesForUid: null; permName: android.permission.CAMERA; type = 1; res = -1; stacktrace=java.lang.Exception

06-24 20:15:09.900  1570  2442 I LSPosed-Bridge: 	at com.example.permlabel.requirePerm$1$2.afterHookedMethod(requirePerm.java:133)

06-24 20:15:09.900  1570  2442 I LSPosed-Bridge: 	at de.robv.android.xposed.XposedBridge$AdditionalHookInfo.callback(Unknown Source:147)

06-24 20:15:09.900  1570  2442 I LSPosed-Bridge: 	at LSPHooker_.checkPermission(Unknown Source:25)

06-24 20:15:09.900  1570  2442 I LSPosed-Bridge: 	at com.android.server.am.ActivityManagerService$PermissionController.checkPermission(ActivityManagerService.java:9248)

06-24 20:15:09.900  1570  2442 I LSPosed-Bridge: 	at android.os.IPermissionController$Stub.onTransact(IPermissionController.java:56)

06-24 20:15:09.900  1570  2442 I LSPosed-Bridge: 	at android.os.Binder.execTransact(Binder.java:731)

06-24 20:15:09.900   554   554 I ConfigStore: android::hardware::configstore::V1_0::ISurfaceFlingerConfigs::hasHDRDisplay retrieved: 0

06-24 20:15:09.900   911  3334 W ServiceManager: Permission failure: android.permission.CAMERA from uid=10126 pid=5290

06-24 20:15:09.900   911  3334 E CameraService: Permission Denial: can't use the camera pid=5290, uid=10126

06-24 20:15:10.002  1570  1655 I LSPosed-Bridge: 5290 PermLabel 10126 AMS.checkPermission: Binder.getCallingPid() = 911; uid = 10126; Binder.getCallingUid() = 1047; getNameForUid: null; getPackagesForUid: null; permName: android.permission.CAMERA; type = 1; res = -1; stacktrace=java.lang.Exception

06-24 20:15:10.002  1570  1655 I LSPosed-Bridge: 	at com.example.permlabel.requirePerm$1$2.afterHookedMethod(requirePerm.java:133)

06-24 20:15:10.002  1570  1655 I LSPosed-Bridge: 	at de.robv.android.xposed.XposedBridge$AdditionalHookInfo.callback(Unknown Source:147)

06-24 20:15:10.002  1570  1655 I LSPosed-Bridge: 	at LSPHooker_.checkPermission(Unknown Source:25)

06-24 20:15:10.002  1570  1655 I LSPosed-Bridge: 	at com.android.server.am.ActivityManagerService$PermissionController.checkPermission(ActivityManagerService.java:9248)

06-24 20:15:10.002  1570  1655 I LSPosed-Bridge: 	at android.os.IPermissionController$Stub.onTransact(IPermissionController.java:56)

06-24 20:15:10.002  1570  1655 I LSPosed-Bridge: 	at android.os.Binder.execTransact(Binder.java:731)

06-24 20:15:10.002   911  3334 W ServiceManager: Permission failure: android.permission.CAMERA from uid=10126 pid=5290

