08-05 11:28:12.708  6319  6481 I LSPosed-Bridge: 6319 PermLabel hookBinder_test 10117 interfaceBinder =android.os.IUserManager; arg0 = 52; arg1 = android.os.Parcel@328809; arg2 = android.os.Parcel@fc89510; arg3 = 0; res = true; stacktrace=java.lang.Exception

08-05 11:28:12.708  6319  6481 I LSPosed-Bridge: 	at com.example.permlabel.hookBinder_test$1.afterHookedMethod(hookBinder_test.java:47)

08-05 11:28:12.708  6319  6481 I LSPosed-Bridge: 	at de.robv.android.xposed.XposedBridge$AdditionalHookInfo.callback(Unknown Source:147)

08-05 11:28:12.708  6319  6481 I LSPosed-Bridge: 	at LSPHooker_.transact(Unknown Source:28)

08-05 11:28:12.708  6319  6481 I LSPosed-Bridge: 	at android.os.IUserManager$Stub$Proxy.isUserUnlockingOrUnlocked(IUserManager.java:1813)

08-05 11:28:12.708  6319  6481 I LSPosed-Bridge: 	at android.os.UserManager.isUserUnlockingOrUnlocked(UserManager.java:1553)

08-05 11:28:12.708  6319  6481 I LSPosed-Bridge: 	at android.app.ContextImpl.getSharedPreferences(ContextImpl.java:418)

08-05 11:28:12.708  6319  6481 I LSPosed-Bridge: 	at android.app.ContextImpl.getSharedPreferences(ContextImpl.java:404)

08-05 11:28:12.708  6319  6481 I LSPosed-Bridge: 	at android.content.ContextWrapper.getSharedPreferences(ContextWrapper.java:174)

08-05 11:28:12.708  6319  6481 I LSPosed-Bridge: 	at com.google.firebase.remoteconfig.i.a(SourceFile:263)

08-05 11:28:12.708  6319  6481 I LSPosed-Bridge: 	at com.google.firebase.remoteconfig.i.a(SourceFile:153)

08-05 11:28:12.708  6319  6481 I LSPosed-Bridge: 	at com.google.firebase.perf.internal.RemoteConfigManager.d(SourceFile:348)

08-05 11:28:12.708  6319  6481 I LSPosed-Bridge: 	at com.google.firebase.perf.internal.RemoteConfigManager.e(SourceFile:302)

08-05 11:28:12.708  6319  6481 I LSPosed-Bridge: 	at com.google.firebase.perf.internal.RemoteConfigManager.e(SourceFile:272)

08-05 11:28:12.708  6319  6481 I LSPosed-Bridge: 	at com.google.firebase.perf.internal.RemoteConfigManager.b(SourceFile:153)

08-05 11:28:12.708  6319  6481 I LSPosed-Bridge: 	at nz.a.e(SourceFile:750)

08-05 11:28:12.708  6319  6481 I LSPosed-Bridge: 	at nz.a.r(SourceFile:671)

08-05 11:28:12.708  6319  6481 I LSPosed-Bridge: 	at od.d$a.a(SourceFile:333)

08-05 11:28:12.708  6319  6481 I LSPosed-Bridge: 	at od.d$a.a(SourceFile:298)

08-05 11:28:12.708  6319  6481 I LSPosed-Bridge: 	at od.d$a.<init>(SourceFile:247)

08-05 11:28:12.708  6319  6481 I LSPosed-Bridge: 	at od.d.<init>(SourceFile:91)

08-05 11:28:12.708  6319  6481 I LSPosed-Bridge: 	at od.d.<init>(SourceFile:69)

08-05 11:28:12.708  6319  6481 I LSPosed-Bridge: 	at od.e.c(SourceFile:211)

08-05 11:28:12.708  6319  6481 I LSPosed-Bridge: 	at od.e.b(Unknown Source:0)

08-05 11:28:12.708  6319  6481 I LSPosed-Bridge: 	at od.f.run(Unknown Source:2)

08-05 11:28:12.708  6319  6481 I LSPosed-Bridge: 	at java.util.concurrent.ThreadPoolExecutor.runWorker(ThreadPoolExecutor.java:1167)

08-05 11:28:12.708  6319  6481 I LSPosed-Bridge: 	at java.util.concurrent.ThreadPoolExecutor$Worker.run(ThreadPoolExecutor.java:641)

08-05 11:28:12.708  6319  6481 I LSPosed-Bridge: 	at java.lang.Thread.run(Thread.java:764)

08-05 11:28:12.708   554   554 I ConfigStore: android::hardware::configstore::V1_0::ISurfaceFlingerConfigs::hasHDRDisplay retrieved: 0

08-05 11:28:12.708  6319  6319 I LSPosed-Bridge: 6319 PermLabel permName: android.permission.READ_PHONE_STATE; getRunningAppProcesses =[android.app.ActivityManager$RunningAppProcessInfo@d344cd4]; stacktrace=java.lang.Exception

08-05 11:28:12.708  6319  6319 I LSPosed-Bridge: 	at com.example.permlabel.hookBinder_test$2.afterHookedMethod(hookBinder_test.java:87)

08-05 11:28:12.708  6319  6319 I LSPosed-Bridge: 	at de.robv.android.xposed.XposedBridge$AdditionalHookInfo.callback(Unknown Source:147)

08-05 11:28:12.708  6319  6319 I LSPosed-Bridge: 	at LSPHooker_.getRunningAppProcesses(Unknown Source:8)

08-05 11:28:12.708  6319  6319 I LSPosed-Bridge: 	at com.google.firebase.perf.internal.i.e(SourceFile:123)

08-05 11:28:12.708  6319  6319 I LSPosed-Bridge: 	at com.google.firebase.perf.internal.i.<init>(SourceFile:64)

08-05 11:28:12.708  6319  6319 I LSPosed-Bridge: 	at com.google.firebase.perf.internal.i.<init>(SourceFile:50)

08-05 11:28:12.708  6319  6319 I LSPosed-Bridge: 	at com.google.firebase.perf.internal.GaugeManager.a(SourceFile:102)

08-05 11:28:12.708  6319  6319 I LSPosed-Bridge: 	at com.google.firebase.perf.c.<init>(SourceFile:194)

08-05 11:28:12.708  6319  6319 I LSPosed-Bridge: 	at com.google.firebase.perf.c.<init>(SourceFile:142)

08-05 11:28:12.708  6319  6319 I LSPosed-Bridge: 	at com.google.firebase.perf.FirebasePerfRegistrar.a(SourceFile:56)

08-05 11:28:12.708  6319  6319 I LSPosed-Bridge: 	at com.google.firebase.perf.b.create(Unknown Source:0)

08-05 11:28:12.708  6319  6319 I LSPosed-Bridge: 	at com.google.firebase.components.g.a(SourceFile:140)

08-05 11:28:12.708  6319  6319 I LSPosed-Bridge: 	at com.google.firebase.components.g.lambda$yliBPfrSYf5g3Qzadc4M1zRpjxM(Unknown Source:0)

08-05 11:28:12.708  6319  6319 I LSPosed-Bridge: 	at com.google.firebase.components.-$$Lambda$g$yliBPfrSYf5g3Qzadc4M1zRpjxM.get(Unknown Source:4)

08-05 11:28:12.708  6319  6319 I LSPosed-Bridge: 	at com.google.firebase.components.n.get(SourceFile:53)

08-05 11:28:12.708  6319  6319 I LSPosed-Bridge: 	at com.google.firebase.components.g.a(SourceFile:302)

08-05 11:28:12.708  6319  6319 I LSPosed-Bridge: 	at com.google.firebase.components.g.a(SourceFile:292)

08-05 11:28:12.708  6319  6319 I LSPosed-Bridge: 	at com.google.firebase.b.j(SourceFile:605)

08-05 11:28:12.708  6319  6319 I LSPosed-Bridge: 	at com.google.firebase.b.a(SourceFile:307)

08-05 11:28:12.708  6319  6319 I LSPosed-Bridge: 	at com.google.firebase.b.a(SourceFile:271)

08-05 11:28:12.708  6319  6319 I LSPosed-Bridge: 	at com.uber.libraries.foundation.healthlinesdk.reporters.firebase.UberFirebaseInitializer.a(SourceFile:27)

08-05 11:28:12.708  6319  6319 I LSPosed-Bridge: 	at com.uber.libraries.foundation.healthlinesdk.reporters.firebase.UberFirebaseInitializer.c(SourceFile:19)

08-05 11:28:12.708  6319  6319 I LSPosed-Bridge: 	at androidx.startup.a.a(SourceFile:180)

08-05 11:28:12.708  6319  6319 I LSPosed-Bridge: 	at androidx.startup.a.a(SourceFile:238)

08-05 11:28:12.708  6319  6319 I LSPosed-Bridge: 	at androidx.startup.a.a(SourceFile:206)

08-05 11:28:12.708  6319  6319 I LSPosed-Bridge: 	at androidx.startup.InitializationProvider.onCreate(SourceFile:45)

08-05 11:28:12.708  6319  6319 I LSPosed-Bridge: 	at android.content.ContentProvider.attachInfo(ContentProvider.java:1919)

08-05 11:28:12.708  6319  6319 I LSPosed-Bridge: 	at android.content.ContentProvider.attachInfo(ContentProvider.java:1894)

08-05 11:28:12.708  6319  6319 I LSPosed-Bridge: 	at android.app.ActivityThread.installProvider(ActivityThread.java:6414)

08-05 11:28:12.708  6319  6319 I LSPosed-Bridge: 	at android.app.ActivityThread.installContentProviders(ActivityThread.java:5961)

08-05 11:28:12.708  6319  6319 I LSPosed-Bridge: 	at android.app.ActivityThread.handleBindApplication(ActivityThread.java:5867)

08-05 11:28:12.708  6319  6319 I LSPosed-Bridge: 	at android.app.ActivityThread.access$1100(ActivityThread.java:200)

08-05 11:28:12.708  6319  6319 I LSPosed-Bridge: 	at android.app.ActivityThread$H.handleMessage(ActivityThread.java:1651)

08-05 11:28:12.708  6319  6319 I LSPosed-Bridge: 	at android.os.Handler.dispatchMessage(Handler.java:106)

08-05 11:28:12.708  6319  6319 I LSPosed-Bridge: 	at android.os.Looper.loop(Looper.java:193)

08-05 11:28:12.708  6319  6319 I LSPosed-Bridge: 	at android.app.ActivityThread.main(ActivityThread.java:6692)

08-05 11:28:12.708  6319  6319 I LSPosed-Bridge: 	at java.lang.reflect.Method.invoke(Native Method)

08-05 11:28:12.708  6319  6319 I LSPosed-Bridge: 	at com.android.internal.os.RuntimeInit$MethodAndArgsCaller.run(RuntimeInit.java:493)

08-05 11:28:12.708  6319  6319 I LSPosed-Bridge: 	at com.android.internal.os.ZygoteInit.main(ZygoteInit.java:858)

08-05 11:28:12.708   554   554 I ConfigStore: android::hardware::configstore::V1_0::ISurfaceFlingerConfigs::hasHDRDisplay retrieved: 0

08-05 11:28:12.892  6319  6319 I LSPosed-Bridge: 6319 PermLabel hookBinder_test 10117 interfaceBinder =android.app.IActivityManager; arg0 = 81; arg1 = android.os.Parcel@63a6ed7; arg2 = android.os.Parcel@e33a888; arg3 = 0; res = true; stacktrace=java.lang.Exception

08-05 11:28:12.892  6319  6319 I LSPosed-Bridge: 	at com.example.permlabel.hookBinder_test$1.afterHookedMethod(hookBinder_test.java:47)

08-05 11:28:12.892  6319  6319 I LSPosed-Bridge: 	at de.robv.android.xposed.XposedBridge$AdditionalHookInfo.callback(Unknown Source:147)

08-05 11:28:12.892  6319  6319 I LSPosed-Bridge: 	at LSPHooker_.transact(Unknown Source:28)

08-05 11:28:12.892  6319  6319 I LSPosed-Bridge: 	at android.app.IActivityManager$Stub$Proxy.getRunningAppProcesses(IActivityManager.java:5366)

08-05 11:28:12.892  6319  6319 I LSPosed-Bridge: 	at android.app.ActivityManager.getRunningAppProcesses(ActivityManager.java:3435)

08-05 11:28:12.892  6319  6319 I LSPosed-Bridge: 	at java.lang.reflect.Method.invoke(Native Method)

08-05 11:28:12.892  6319  6319 I LSPosed-Bridge: 	at org.lsposed.lspd.nativebridge.HookBridge.invokeOriginalMethod(Native Method)

08-05 11:28:12.892  6319  6319 I LSPosed-Bridge: 	at de.robv.android.xposed.XposedBridge$AdditionalHookInfo.callback(Unknown Source:110)

08-05 11:28:12.892  6319  6319 I LSPosed-Bridge: 	at LSPHooker_.getRunningAppProcesses(Unknown Source:8)

08-05 11:28:12.892  6319  6319 I LSPosed-Bridge: 	at blh.y.b(SourceFile:34)

08-05 11:28:12.892  6319  6319 I LSPosed-Bridge: 	at blh.y.a(SourceFile:17)

08-05 11:28:12.892  6319  6319 I LSPosed-Bridge: 	at bxw.a.b(SourceFile:500)

08-05 11:28:12.892  6319  6319 I LSPosed-Bridge: 	at bxw.a.a(SourceFile:345)

08-05 11:28:12.892  6319  6319 I LSPosed-Bridge: 	at com.ubercab.core.app.CoreDelegatedApplication.onCreate(SourceFile:17)

08-05 11:28:12.892  6319  6319 I LSPosed-Bridge: 	at com.ubercab.eats.app.EatsSingleBinaryApplication.onCreate(SourceFile:34)

08-05 11:28:12.892  6319  6319 I LSPosed-Bridge: 	at android.app.Instrumentation.callApplicationOnCreate(Instrumentation.java:1155)

08-05 11:28:12.892  6319  6319 I LSPosed-Bridge: 	at android.app.ActivityThread.handleBindApplication(ActivityThread.java:5885)

08-05 11:28:12.892  6319  6319 I LSPosed-Bridge: 	at android.app.ActivityThread.access$1100(ActivityThread.java:200)

08-05 11:28:12.892  6319  6319 I LSPosed-Bridge: 	at android.app.ActivityThread$H.handleMessage(ActivityThread.java:1651)

08-05 11:28:12.892  6319  6319 I LSPosed-Bridge: 	at android.os.Handler.dispatchMessage(Handler.java:106)

08-05 11:28:12.892  6319  6319 I LSPosed-Bridge: 	at android.os.Looper.loop(Looper.java:193)

08-05 11:28:12.892  6319  6319 I LSPosed-Bridge: 	at android.app.ActivityThread.main(ActivityThread.java:6692)

08-05 11:28:12.892  6319  6319 I LSPosed-Bridge: 	at java.lang.reflect.Method.invoke(Native Method)

08-05 11:28:12.892  6319  6319 I LSPosed-Bridge: 	at com.android.internal.os.RuntimeInit$MethodAndArgsCaller.run(RuntimeInit.java:493)

08-05 11:28:12.892  6319  6319 I LSPosed-Bridge: 	at com.android.internal.os.ZygoteInit.main(ZygoteInit.java:858)

08-05 11:28:12.892   554   554 I ConfigStore: android::hardware::configstore::V1_0::ISurfaceFlingerConfigs::hasHDRDisplay retrieved: 0

08-05 11:28:12.892  6319  6319 I LSPosed-Bridge: 6319 PermLabel getRunningAppProcesses =android.app.ActivityManager$RunningAppProcessInfo@6d90787

08-05 11:28:12.892  6319  6319 I LSPosed-Bridge: 6319 PermLabel getRunningAppProcesses processName: com.ubercab.eats pid: 6319

08-05 11:28:12.892  6319  6319 I LSPosed-Bridge: 6319 PermLabel getRunningAppProcesses importance: 100 pid: 6319

08-05 11:28:12.892  6319  6319 I LSPosed-Bridge: 6319 PermLabel getRunningAppProcesses packageName com.ubercab.eats at index 0 in process 6319

08-05 11:28:12.892  6319  6319 I LSPosed-Bridge: 6319 PermLabel permName: android.permission.READ_PHONE_STATE; getRunningAppProcesses =[android.app.ActivityManager$RunningAppProcessInfo@6d90787]; stacktrace=java.lang.Exception

08-05 11:28:12.892  6319  6319 I LSPosed-Bridge: 	at com.example.permlabel.hookBinder_test$2.afterHookedMethod(hookBinder_test.java:87)

08-05 11:28:12.892  6319  6319 I LSPosed-Bridge: 	at de.robv.android.xposed.XposedBridge$AdditionalHookInfo.callback(Unknown Source:147)

08-05 11:28:12.892  6319  6319 I LSPosed-Bridge: 	at LSPHooker_.getRunningAppProcesses(Unknown Source:8)

08-05 11:28:12.892  6319  6319 I LSPosed-Bridge: 	at blh.y.b(SourceFile:34)

08-05 11:28:12.892  6319  6319 I LSPosed-Bridge: 	at blh.y.a(SourceFile:17)

08-05 11:28:12.892  6319  6319 I LSPosed-Bridge: 	at bxw.a.b(SourceFile:500)

08-05 11:28:12.892  6319  6319 I LSPosed-Bridge: 	at bxw.a.a(SourceFile:345)

08-05 11:28:12.892  6319  6319 I LSPosed-Bridge: 	at com.ubercab.core.app.CoreDelegatedApplication.onCreate(SourceFile:17)

08-05 11:28:12.892  6319  6319 I LSPosed-Bridge: 	at com.ubercab.eats.app.EatsSingleBinaryApplication.onCreate(SourceFile:34)

08-05 11:28:12.892  6319  6319 I LSPosed-Bridge: 	at android.app.Instrumentation.callApplicationOnCreate(Instrumentation.java:1155)

08-05 11:28:12.892  6319  6319 I LSPosed-Bridge: 	at android.app.ActivityThread.handleBindApplication(ActivityThread.java:5885)

08-05 11:28:12.892  6319  6319 I LSPosed-Bridge: 	at android.app.ActivityThread.access$1100(ActivityThread.java:200)

08-05 11:28:12.892  6319  6319 I LSPosed-Bridge: 	at android.app.ActivityThread$H.handleMessage(ActivityThread.java:1651)

08-05 11:28:12.892  6319  6319 I LSPosed-Bridge: 	at android.os.Handler.dispatchMessage(Handler.java:106)

08-05 11:28:12.892  6319  6319 I LSPosed-Bridge: 	at android.os.Looper.loop(Looper.java:193)

08-05 11:28:12.892  6319  6319 I LSPosed-Bridge: 	at android.app.ActivityThread.main(ActivityThread.java:6692)

08-05 11:28:12.892  6319  6319 I LSPosed-Bridge: 	at java.lang.reflect.Method.invoke(Native Method)

08-05 11:28:12.892  6319  6319 I LSPosed-Bridge: 	at com.android.internal.os.RuntimeInit$MethodAndArgsCaller.run(RuntimeInit.java:493)

08-05 11:28:12.892  6319  6319 I LSPosed-Bridge: 	at com.android.internal.os.ZygoteInit.main(ZygoteInit.java:858)

08-05 11:28:13.545  1567  4437 I LSPosed-Bridge: 6319 PermLabel 10117 AMS.checkPermission: Binder.getCallingPid() = 1902; uid = 10117; Binder.getCallingUid() = 1001; getNameForUid: android.uid.phone:1001; getPackagesForUid: [com.qualcomm.qcrilmsgtunnel, com.qualcomm.simcontacts, com.qti.qualcomm.deviceinfo, org.codeaurora.ims, com.qualcomm.qti.telephonyservice, com.qualcomm.qti.ims, com.qti.confuridialer, com.qualcomm.qti.lpa, com.qti.xdivert, com.android.providers.telephony, com.android.phone, com.qualcomm.qti.uim, com.qualcomm.qti.callfeaturessetting, com.qualcomm.qti.autoregistration, com.qti.qualcomm.datastatusnotification, com.android.mms.service, com.qualcomm.qti.networksetting, com.android.stk]; permName: android.permission.READ_PHONE_STATE; type = 1; res = -1; stacktrace=java.lang.Exception

08-05 11:28:13.545  1567  4437 I LSPosed-Bridge: 	at com.example.permlabel.requirePerm$1$2.afterHookedMethod(requirePerm.java:122)

08-05 11:28:13.545  1567  4437 I LSPosed-Bridge: 	at de.robv.android.xposed.XposedBridge$AdditionalHookInfo.callback(Unknown Source:147)

08-05 11:28:13.545  1567  4437 I LSPosed-Bridge: 	at LSPHooker_.checkPermission(Unknown Source:25)

08-05 11:28:13.545  1567  4437 I LSPosed-Bridge: 	at android.app.IActivityManager$Stub.onTransact(IActivityManager.java:664)

08-05 11:28:13.545  1567  4437 I LSPosed-Bridge: 	at com.android.server.am.ActivityManagerService.onTransact(ActivityManagerService.java:3346)

08-05 11:28:13.545  1567  4437 I LSPosed-Bridge: 	at android.os.Binder.execTransact(Binder.java:731)

08-05 11:28:13.693  1567  2694 I LSPosed-Bridge: 6319 PermLabel 10117 AMS.checkPermission: Binder.getCallingPid() = 1902; uid = 10117; Binder.getCallingUid() = 1001; getNameForUid: android.uid.phone:1001; getPackagesForUid: [com.qualcomm.qcrilmsgtunnel, com.qualcomm.simcontacts, com.qti.qualcomm.deviceinfo, org.codeaurora.ims, com.qualcomm.qti.telephonyservice, com.qualcomm.qti.ims, com.qti.confuridialer, com.qualcomm.qti.lpa, com.qti.xdivert, com.android.providers.telephony, com.android.phone, com.qualcomm.qti.uim, com.qualcomm.qti.callfeaturessetting, com.qualcomm.qti.autoregistration, com.qti.qualcomm.datastatusnotification, com.android.mms.service, com.qualcomm.qti.networksetting, com.android.stk]; permName: android.permission.READ_PHONE_STATE; type = 1; res = -1; stacktrace=java.lang.Exception

08-05 11:28:13.693  1567  2694 I LSPosed-Bridge: 	at com.example.permlabel.requirePerm$1$2.afterHookedMethod(requirePerm.java:122)

08-05 11:28:13.693  1567  2694 I LSPosed-Bridge: 	at de.robv.android.xposed.XposedBridge$AdditionalHookInfo.callback(Unknown Source:147)

08-05 11:28:13.693  1567  2694 I LSPosed-Bridge: 	at LSPHooker_.checkPermission(Unknown Source:25)

08-05 11:28:13.693  1567  2694 I LSPosed-Bridge: 	at android.app.IActivityManager$Stub.onTransact(IActivityManager.java:664)

08-05 11:28:13.693  1567  2694 I LSPosed-Bridge: 	at com.android.server.am.ActivityManagerService.onTransact(ActivityManagerService.java:3346)

08-05 11:28:13.693  1567  2694 I LSPosed-Bridge: 	at android.os.Binder.execTransact(Binder.java:731)

08-05 11:28:13.693  1902  2282 I LSPosed-Bridge: 1902 PermLabel 1001 ContextImpl Binder.getCallingPid() = 6319; Binder.getCallingUid() = 10117; permName: android.permission.READ_PHONE_STATE; res = -1; stacktrace=java.lang.Exception

08-05 11:28:13.693  1902  2282 I LSPosed-Bridge: 	at com.example.permlabel.requestPerm$2.afterHookedMethod(requestPerm.java:178)

08-05 11:28:13.693  1902  2282 I LSPosed-Bridge: 	at de.robv.android.xposed.XposedBridge$AdditionalHookInfo.callback(Unknown Source:147)

08-05 11:28:13.693  1902  2282 I LSPosed-Bridge: 	at LSPHooker_.checkPermission(Unknown Source:25)

08-05 11:28:13.693  1902  2282 I LSPosed-Bridge: 	at android.app.ContextImpl.enforcePermission(ContextImpl.java:1822)

08-05 11:28:13.693  1902  2282 I LSPosed-Bridge: 	at android.content.ContextWrapper.enforcePermission(ContextWrapper.java:765)

08-05 11:28:13.693  1902  2282 I LSPosed-Bridge: 	at android.content.ContextWrapper.enforcePermission(ContextWrapper.java:765)

08-05 11:28:13.693  1902  2282 I LSPosed-Bridge: 	at com.android.internal.telephony.TelephonyPermissions.checkReadPhoneState(TelephonyPermissions.java:117)

08-05 11:28:13.693  1902  2282 I LSPosed-Bridge: 	at com.android.internal.telephony.TelephonyPermissions.checkReadPhoneState(TelephonyPermissions.java:101)

08-05 11:28:13.693  1902  2282 I LSPosed-Bridge: 	at com.android.internal.telephony.TelephonyPermissions.checkCallingOrSelfReadPhoneState(TelephonyPermissions.java:74)

08-05 11:28:13.693  1902  2282 I LSPosed-Bridge: 	at com.android.phone.PhoneInterfaceManager.getDeviceId(PhoneInterfaceManager.java:3490)

08-05 11:28:13.693  1902  2282 I LSPosed-Bridge: 	at com.android.internal.telephony.ITelephony$Stub.onTransact(ITelephony.java:1712)

08-05 11:28:13.693  1902  2282 I LSPosed-Bridge: 	at android.os.Binder.execTransact(Binder.java:731)

08-05 11:28:13.739  1567  2694 I LSPosed-Bridge: 6319 PermLabel 10117 AMS.checkPermission: Binder.getCallingPid() = 1902; uid = 10117; Binder.getCallingUid() = 1001; getNameForUid: android.uid.phone:1001; getPackagesForUid: [com.qualcomm.qcrilmsgtunnel, com.qualcomm.simcontacts, com.qti.qualcomm.deviceinfo, org.codeaurora.ims, com.qualcomm.qti.telephonyservice, com.qualcomm.qti.ims, com.qti.confuridialer, com.qualcomm.qti.lpa, com.qti.xdivert, com.android.providers.telephony, com.android.phone, com.qualcomm.qti.uim, com.qualcomm.qti.callfeaturessetting, com.qualcomm.qti.autoregistration, com.qti.qualcomm.datastatusnotification, com.android.mms.service, com.qualcomm.qti.networksetting, com.android.stk]; permName: android.permission.READ_PHONE_STATE; type = 1; res = -1; stacktrace=java.lang.Exception

08-05 11:28:13.739  1567  2694 I LSPosed-Bridge: 	at com.example.permlabel.requirePerm$1$2.afterHookedMethod(requirePerm.java:122)

08-05 11:28:13.739  1567  2694 I LSPosed-Bridge: 	at de.robv.android.xposed.XposedBridge$AdditionalHookInfo.callback(Unknown Source:147)

08-05 11:28:13.739  1567  2694 I LSPosed-Bridge: 	at LSPHooker_.checkPermission(Unknown Source:25)

08-05 11:28:13.739  1567  2694 I LSPosed-Bridge: 	at android.app.IActivityManager$Stub.onTransact(IActivityManager.java:664)

08-05 11:28:13.739  1567  2694 I LSPosed-Bridge: 	at com.android.server.am.ActivityManagerService.onTransact(ActivityManagerService.java:3346)

08-05 11:28:13.739  1567  2694 I LSPosed-Bridge: 	at android.os.Binder.execTransact(Binder.java:731)

08-05 11:28:14.806  6700  6700 I Input   : injectMotionEvent: MotionEvent { action=ACTION_MOVE, actionButton=0, id[0]=0, x[0]=360.0, y[0]=1171.0, toolType[0]=TOOL_TYPE_UNKNOWN, buttonState=0, metaState=0, flags=0x0, edgeFlags=0x0, pointerCount=1, historySize=0, eventTime=51359, downTime=51359, deviceId=4, source=0x1002 }

08-05 11:28:14.806  1567  4179 I LSPosed-Bridge: 6319 PermLabel 10117 AMS.checkPermission: Binder.getCallingPid() = 1902; uid = 10117; Binder.getCallingUid() = 1001; getNameForUid: android.uid.phone:1001; getPackagesForUid: [com.qualcomm.qcrilmsgtunnel, com.qualcomm.simcontacts, com.qti.qualcomm.deviceinfo, org.codeaurora.ims, com.qualcomm.qti.telephonyservice, com.qualcomm.qti.ims, com.qti.confuridialer, com.qualcomm.qti.lpa, com.qti.xdivert, com.android.providers.telephony, com.android.phone, com.qualcomm.qti.uim, com.qualcomm.qti.callfeaturessetting, com.qualcomm.qti.autoregistration, com.qti.qualcomm.datastatusnotification, com.android.mms.service, com.qualcomm.qti.networksetting, com.android.stk]; permName: android.permission.READ_PHONE_STATE; type = 1; res = -1; stacktrace=java.lang.Exception

08-05 11:28:14.806  1567  4179 I LSPosed-Bridge: 	at com.example.permlabel.requirePerm$1$2.afterHookedMethod(requirePerm.java:122)

08-05 11:28:14.806  1567  4179 I LSPosed-Bridge: 	at de.robv.android.xposed.XposedBridge$AdditionalHookInfo.callback(Unknown Source:147)

08-05 11:28:14.806  1567  4179 I LSPosed-Bridge: 	at LSPHooker_.checkPermission(Unknown Source:25)

08-05 11:28:14.806  1567  4179 I LSPosed-Bridge: 	at android.app.IActivityManager$Stub.onTransact(IActivityManager.java:664)

08-05 11:28:14.806  1567  4179 I LSPosed-Bridge: 	at com.android.server.am.ActivityManagerService.onTransact(ActivityManagerService.java:3346)

08-05 11:28:14.806  1567  4179 I LSPosed-Bridge: 	at android.os.Binder.execTransact(Binder.java:731)

08-05 11:28:14.806  1567  4437 I chatty  : uid=1000(system) Binder:1567_10 identical 1 line

08-05 11:28:15.138  6319  6453 I LSPosed-Bridge: 6319 PermLabel hookBinder_test 10117 interfaceBinder =android.app.job.IJobScheduler; arg0 = 6; arg1 = android.os.Parcel@5730e94; arg2 = android.os.Parcel@ae67d3d; arg3 = 0; res = true; stacktrace=java.lang.Exception

08-05 11:28:15.138  6319  6453 I LSPosed-Bridge: 	at com.example.permlabel.hookBinder_test$1.afterHookedMethod(hookBinder_test.java:47)

08-05 11:28:15.138  6319  6453 I LSPosed-Bridge: 	at de.robv.android.xposed.XposedBridge$AdditionalHookInfo.callback(Unknown Source:147)

08-05 11:28:15.138  6319  6453 I LSPosed-Bridge: 	at LSPHooker_.transact(Unknown Source:28)

08-05 11:28:15.138  6319  6453 I LSPosed-Bridge: 	at android.app.job.IJobScheduler$Stub$Proxy.getAllPendingJobs(IJobScheduler.java:287)

08-05 11:28:15.138  6319  6453 I LSPosed-Bridge: 	at android.app.JobSchedulerImpl.getAllPendingJobs(JobSchedulerImpl.java:87)

08-05 11:28:15.138  6319  6453 I LSPosed-Bridge: 	at com.google.android.datatransport.runtime.scheduling.jobscheduling.d.a(SourceFile:77)

08-05 11:28:15.138  6319  6453 I LSPosed-Bridge: 	at com.google.android.datatransport.runtime.scheduling.jobscheduling.d.a(SourceFile:111)

08-05 11:28:15.138  6319  6453 I LSPosed-Bridge: 	at com.google.android.datatransport.runtime.scheduling.jobscheduling.d.a(SourceFile:94)

08-05 11:28:15.138  6319  6453 I LSPosed-Bridge: 	at io.a.a(SourceFile:84)

08-05 11:28:15.138  6319  6453 I LSPosed-Bridge: 	at io.a.lambda$eLv1hJhzR8IA2vIFAOtvfoVSc_c2(Unknown Source:0)

08-05 11:28:15.138  6319  6453 I LSPosed-Bridge: 	at io.-$$Lambda$a$eLv1hJhzR8IA2vIFAOtvfoVSc_c2.execute(Unknown Source:6)

08-05 11:28:15.138  6319  6453 I LSPosed-Bridge: 	at ip.l.a(SourceFile:768)

08-05 11:28:15.138  6319  6453 I LSPosed-Bridge: 	at io.a.a(SourceFile:81)

08-05 11:28:15.138  6319  6453 I LSPosed-Bridge: 	at io.a.lambda$R4nacFgnzcoAqQt9d9fxoV_BWbE2(Unknown Source:0)

08-05 11:28:15.138  6319  6453 I LSPosed-Bridge: 	at io.-$$Lambda$a$R4nacFgnzcoAqQt9d9fxoV_BWbE2.run(Unknown Source:8)

08-05 11:28:15.138  6319  6453 I LSPosed-Bridge: 	at ij.m$a.run(SourceFile:47)

08-05 11:28:15.138  6319  6453 I LSPosed-Bridge: 	at java.util.concurrent.ThreadPoolExecutor.runWorker(ThreadPoolExecutor.java:1167)

08-05 11:28:15.138  6319  6453 I LSPosed-Bridge: 	at java.util.concurrent.ThreadPoolExecutor$Worker.run(ThreadPoolExecutor.java:641)

08-05 11:28:15.138  6319  6453 I LSPosed-Bridge: 	at java.lang.Thread.run(Thread.java:764)

08-05 11:28:15.138  1567  4179 I LSPosed-Bridge: 6319 PermLabel 10117 AMS.checkPermission: Binder.getCallingPid() = 1902; uid = 10117; Binder.getCallingUid() = 1001; getNameForUid: android.uid.phone:1001; getPackagesForUid: [com.qualcomm.qcrilmsgtunnel, com.qualcomm.simcontacts, com.qti.qualcomm.deviceinfo, org.codeaurora.ims, com.qualcomm.qti.telephonyservice, com.qualcomm.qti.ims, com.qti.confuridialer, com.qualcomm.qti.lpa, com.qti.xdivert, com.android.providers.telephony, com.android.phone, com.qualcomm.qti.uim, com.qualcomm.qti.callfeaturessetting, com.qualcomm.qti.autoregistration, com.qti.qualcomm.datastatusnotification, com.android.mms.service, com.qualcomm.qti.networksetting, com.android.stk]; permName: android.permission.READ_PHONE_STATE; type = 1; res = -1; stacktrace=java.lang.Exception

08-05 11:28:15.138  1567  4179 I LSPosed-Bridge: 	at com.example.permlabel.requirePerm$1$2.afterHookedMethod(requirePerm.java:122)

08-05 11:28:15.138  1567  4179 I LSPosed-Bridge: 	at de.robv.android.xposed.XposedBridge$AdditionalHookInfo.callback(Unknown Source:147)

08-05 11:28:15.138  1567  4179 I LSPosed-Bridge: 	at LSPHooker_.checkPermission(Unknown Source:25)

08-05 11:28:15.138  1567  4179 I LSPosed-Bridge: 	at android.app.IActivityManager$Stub.onTransact(IActivityManager.java:664)

08-05 11:28:15.138  1567  4179 I LSPosed-Bridge: 	at com.android.server.am.ActivityManagerService.onTransact(ActivityManagerService.java:3346)

08-05 11:28:15.138  1567  4179 I LSPosed-Bridge: 	at android.os.Binder.execTransact(Binder.java:731)

08-05 11:28:15.654  1567  3369 I LSPosed-Bridge: 6319 PermLabel 10117 AMS.checkPermission: Binder.getCallingPid() = 1902; uid = 10117; Binder.getCallingUid() = 1001; getNameForUid: android.uid.phone:1001; getPackagesForUid: [com.qualcomm.qcrilmsgtunnel, com.qualcomm.simcontacts, com.qti.qualcomm.deviceinfo, org.codeaurora.ims, com.qualcomm.qti.telephonyservice, com.qualcomm.qti.ims, com.qti.confuridialer, com.qualcomm.qti.lpa, com.qti.xdivert, com.android.providers.telephony, com.android.phone, com.qualcomm.qti.uim, com.qualcomm.qti.callfeaturessetting, com.qualcomm.qti.autoregistration, com.qti.qualcomm.datastatusnotification, com.android.mms.service, com.qualcomm.qti.networksetting, com.android.stk]; permName: android.permission.READ_PHONE_STATE; type = 1; res = -1; stacktrace=java.lang.Exception

08-05 11:28:15.654  1567  3369 I LSPosed-Bridge: 	at com.example.permlabel.requirePerm$1$2.afterHookedMethod(requirePerm.java:122)

08-05 11:28:15.654  1567  3369 I LSPosed-Bridge: 	at de.robv.android.xposed.XposedBridge$AdditionalHookInfo.callback(Unknown Source:147)

08-05 11:28:15.654  1567  3369 I LSPosed-Bridge: 	at LSPHooker_.checkPermission(Unknown Source:25)

08-05 11:28:15.654  1567  3369 I LSPosed-Bridge: 	at android.app.IActivityManager$Stub.onTransact(IActivityManager.java:664)

08-05 11:28:15.654  1567  3369 I LSPosed-Bridge: 	at com.android.server.am.ActivityManagerService.onTransact(ActivityManagerService.java:3346)

08-05 11:28:15.654  1567  3369 I LSPosed-Bridge: 	at android.os.Binder.execTransact(Binder.java:731)

08-05 11:28:16.944  1567  3373 I LSPosed-Bridge: 6319 PermLabel 10117 AMS.checkPermission: Binder.getCallingPid() = 1902; uid = 10117; Binder.getCallingUid() = 1001; getNameForUid: android.uid.phone:1001; getPackagesForUid: [com.qualcomm.qcrilmsgtunnel, com.qualcomm.simcontacts, com.qti.qualcomm.deviceinfo, org.codeaurora.ims, com.qualcomm.qti.telephonyservice, com.qualcomm.qti.ims, com.qti.confuridialer, com.qualcomm.qti.lpa, com.qti.xdivert, com.android.providers.telephony, com.android.phone, com.qualcomm.qti.uim, com.qualcomm.qti.callfeaturessetting, com.qualcomm.qti.autoregistration, com.qti.qualcomm.datastatusnotification, com.android.mms.service, com.qualcomm.qti.networksetting, com.android.stk]; permName: android.permission.READ_PHONE_STATE; type = 1; res = -1; stacktrace=java.lang.Exception

08-05 11:28:16.944  1567  3373 I LSPosed-Bridge: 	at com.example.permlabel.requirePerm$1$2.afterHookedMethod(requirePerm.java:122)

08-05 11:28:16.944  1567  3373 I LSPosed-Bridge: 	at de.robv.android.xposed.XposedBridge$AdditionalHookInfo.callback(Unknown Source:147)

08-05 11:28:16.944  1567  3373 I LSPosed-Bridge: 	at LSPHooker_.checkPermission(Unknown Source:25)

08-05 11:28:16.944  1567  3373 I LSPosed-Bridge: 	at android.app.IActivityManager$Stub.onTransact(IActivityManager.java:664)

08-05 11:28:16.944  1567  3373 I LSPosed-Bridge: 	at com.android.server.am.ActivityManagerService.onTransact(ActivityManagerService.java:3346)

08-05 11:28:16.944  1567  3373 I LSPosed-Bridge: 	at android.os.Binder.execTransact(Binder.java:731)

08-05 11:28:19.489  1567  3367 I LSPosed-Bridge: 6319 PermLabel 10117 AMS.checkPermission: Binder.getCallingPid() = 1902; uid = 10117; Binder.getCallingUid() = 1001; getNameForUid: android.uid.phone:1001; getPackagesForUid: [com.qualcomm.qcrilmsgtunnel, com.qualcomm.simcontacts, com.qti.qualcomm.deviceinfo, org.codeaurora.ims, com.qualcomm.qti.telephonyservice, com.qualcomm.qti.ims, com.qti.confuridialer, com.qualcomm.qti.lpa, com.qti.xdivert, com.android.providers.telephony, com.android.phone, com.qualcomm.qti.uim, com.qualcomm.qti.callfeaturessetting, com.qualcomm.qti.autoregistration, com.qti.qualcomm.datastatusnotification, com.android.mms.service, com.qualcomm.qti.networksetting, com.android.stk]; permName: android.permission.READ_PHONE_STATE; type = 1; res = -1; stacktrace=java.lang.Exception

08-05 11:28:19.489  1567  3367 I LSPosed-Bridge: 	at com.example.permlabel.requirePerm$1$2.afterHookedMethod(requirePerm.java:122)

08-05 11:28:19.489  1567  3367 I LSPosed-Bridge: 	at de.robv.android.xposed.XposedBridge$AdditionalHookInfo.callback(Unknown Source:147)

08-05 11:28:19.489  1567  3367 I LSPosed-Bridge: 	at LSPHooker_.checkPermission(Unknown Source:25)

08-05 11:28:19.489  1567  3367 I LSPosed-Bridge: 	at android.app.IActivityManager$Stub.onTransact(IActivityManager.java:664)

08-05 11:28:19.489  1567  3367 I LSPosed-Bridge: 	at com.android.server.am.ActivityManagerService.onTransact(ActivityManagerService.java:3346)

08-05 11:28:19.489  1567  3367 I LSPosed-Bridge: 	at android.os.Binder.execTransact(Binder.java:731)

08-05 11:28:19.565  1567  1579 I LSPosed-Bridge: 6319 PermLabel 10117 AMS.checkPermission: Binder.getCallingPid() = 1902; uid = 10117; Binder.getCallingUid() = 1001; getNameForUid: android.uid.phone:1001; getPackagesForUid: [com.qualcomm.qcrilmsgtunnel, com.qualcomm.simcontacts, com.qti.qualcomm.deviceinfo, org.codeaurora.ims, com.qualcomm.qti.telephonyservice, com.qualcomm.qti.ims, com.qti.confuridialer, com.qualcomm.qti.lpa, com.qti.xdivert, com.android.providers.telephony, com.android.phone, com.qualcomm.qti.uim, com.qualcomm.qti.callfeaturessetting, com.qualcomm.qti.autoregistration, com.qti.qualcomm.datastatusnotification, com.android.mms.service, com.qualcomm.qti.networksetting, com.android.stk]; permName: android.permission.READ_PHONE_STATE; type = 1; res = -1; stacktrace=java.lang.Exception

08-05 11:28:19.565  1567  1579 I LSPosed-Bridge: 	at com.example.permlabel.requirePerm$1$2.afterHookedMethod(requirePerm.java:122)

08-05 11:28:19.565  1567  1579 I LSPosed-Bridge: 	at de.robv.android.xposed.XposedBridge$AdditionalHookInfo.callback(Unknown Source:147)

08-05 11:28:19.565  1567  1579 I LSPosed-Bridge: 	at LSPHooker_.checkPermission(Unknown Source:25)

08-05 11:28:19.565  1567  1579 I LSPosed-Bridge: 	at android.app.IActivityManager$Stub.onTransact(IActivityManager.java:664)

08-05 11:28:19.565  1567  1579 I LSPosed-Bridge: 	at com.android.server.am.ActivityManagerService.onTransact(ActivityManagerService.java:3346)

08-05 11:28:19.565  1567  1579 I LSPosed-Bridge: 	at android.os.Binder.execTransact(Binder.java:731)

08-05 11:28:19.796  1567  3373 I LSPosed-Bridge: 6319 PermLabel 10117 AMS.checkPermission: Binder.getCallingPid() = 1902; uid = 10117; Binder.getCallingUid() = 1001; getNameForUid: android.uid.phone:1001; getPackagesForUid: [com.qualcomm.qcrilmsgtunnel, com.qualcomm.simcontacts, com.qti.qualcomm.deviceinfo, org.codeaurora.ims, com.qualcomm.qti.telephonyservice, com.qualcomm.qti.ims, com.qti.confuridialer, com.qualcomm.qti.lpa, com.qti.xdivert, com.android.providers.telephony, com.android.phone, com.qualcomm.qti.uim, com.qualcomm.qti.callfeaturessetting, com.qualcomm.qti.autoregistration, com.qti.qualcomm.datastatusnotification, com.android.mms.service, com.qualcomm.qti.networksetting, com.android.stk]; permName: android.permission.READ_PHONE_STATE; type = 1; res = -1; stacktrace=java.lang.Exception

08-05 11:28:19.796  1567  3373 I LSPosed-Bridge: 	at com.example.permlabel.requirePerm$1$2.afterHookedMethod(requirePerm.java:122)

08-05 11:28:19.796  1567  3373 I LSPosed-Bridge: 	at de.robv.android.xposed.XposedBridge$AdditionalHookInfo.callback(Unknown Source:147)

08-05 11:28:19.796  1567  3373 I LSPosed-Bridge: 	at LSPHooker_.checkPermission(Unknown Source:25)

08-05 11:28:19.796  1567  3373 I LSPosed-Bridge: 	at android.app.IActivityManager$Stub.onTransact(IActivityManager.java:664)

08-05 11:28:19.796  1567  3373 I LSPosed-Bridge: 	at com.android.server.am.ActivityManagerService.onTransact(ActivityManagerService.java:3346)

08-05 11:28:19.796  1567  3373 I LSPosed-Bridge: 	at android.os.Binder.execTransact(Binder.java:731)

08-05 11:28:19.796  1902  4231 I LSPosed-Bridge: 1902 PermLabel 1001 ContextImpl Binder.getCallingPid() = 6319; Binder.getCallingUid() = 10117; permName: android.permission.READ_PHONE_STATE; res = -1; stacktrace=java.lang.Exception

08-05 11:28:19.796  1902  4231 I LSPosed-Bridge: 	at com.example.permlabel.requestPerm$2.afterHookedMethod(requestPerm.java:178)

08-05 11:28:19.796  1902  4231 I LSPosed-Bridge: 	at de.robv.android.xposed.XposedBridge$AdditionalHookInfo.callback(Unknown Source:147)

08-05 11:28:19.796  1902  4231 I LSPosed-Bridge: 	at LSPHooker_.checkPermission(Unknown Source:25)

08-05 11:28:19.796  1902  4231 I LSPosed-Bridge: 	at android.app.ContextImpl.enforcePermission(ContextImpl.java:1822)

08-05 11:28:19.796  1902  4231 I LSPosed-Bridge: 	at android.content.ContextWrapper.enforcePermission(ContextWrapper.java:765)

08-05 11:28:19.796  1902  4231 I LSPosed-Bridge: 	at android.content.ContextWrapper.enforcePermission(ContextWrapper.java:765)

08-05 11:28:19.796  1902  4231 I LSPosed-Bridge: 	at com.android.internal.telephony.TelephonyPermissions.checkReadPhoneState(TelephonyPermissions.java:117)

08-05 11:28:19.796  1902  4231 I LSPosed-Bridge: 	at com.android.internal.telephony.TelephonyPermissions.checkReadPhoneState(TelephonyPermissions.java:101)

08-05 11:28:19.796  1902  4231 I LSPosed-Bridge: 	at com.android.internal.telephony.TelephonyPermissions.checkCallingOrSelfReadPhoneState(TelephonyPermissions.java:74)

08-05 11:28:19.796  1902  4231 I LSPosed-Bridge: 	at com.android.phone.PhoneInterfaceManager.getDeviceId(PhoneInterfaceManager.java:3490)

08-05 11:28:19.796  1902  4231 I LSPosed-Bridge: 	at com.android.internal.telephony.ITelephony$Stub.onTransact(ITelephony.java:1712)

08-05 11:28:19.796  1902  4231 I LSPosed-Bridge: 	at android.os.Binder.execTransact(Binder.java:731)

08-05 11:28:24.716  1567  2799 I LSPosed-Bridge: 6319 PermLabel 10117 AMS.checkPermission: Binder.getCallingPid() = 1902; uid = 10117; Binder.getCallingUid() = 1001; getNameForUid: android.uid.phone:1001; getPackagesForUid: [com.qualcomm.qcrilmsgtunnel, com.qualcomm.simcontacts, com.qti.qualcomm.deviceinfo, org.codeaurora.ims, com.qualcomm.qti.telephonyservice, com.qualcomm.qti.ims, com.qti.confuridialer, com.qualcomm.qti.lpa, com.qti.xdivert, com.android.providers.telephony, com.android.phone, com.qualcomm.qti.uim, com.qualcomm.qti.callfeaturessetting, com.qualcomm.qti.autoregistration, com.qti.qualcomm.datastatusnotification, com.android.mms.service, com.qualcomm.qti.networksetting, com.android.stk]; permName: android.permission.READ_PHONE_STATE; type = 1; res = -1; stacktrace=java.lang.Exception

08-05 11:28:24.716  1567  2799 I LSPosed-Bridge: 	at com.example.permlabel.requirePerm$1$2.afterHookedMethod(requirePerm.java:122)

08-05 11:28:24.716  1567  2799 I LSPosed-Bridge: 	at de.robv.android.xposed.XposedBridge$AdditionalHookInfo.callback(Unknown Source:147)

08-05 11:28:24.716  1567  2799 I LSPosed-Bridge: 	at LSPHooker_.checkPermission(Unknown Source:25)

08-05 11:28:24.716  1567  2799 I LSPosed-Bridge: 	at android.app.IActivityManager$Stub.onTransact(IActivityManager.java:664)

08-05 11:28:24.716  1567  2799 I LSPosed-Bridge: 	at com.android.server.am.ActivityManagerService.onTransact(ActivityManagerService.java:3346)

08-05 11:28:24.716  1567  2799 I LSPosed-Bridge: 	at android.os.Binder.execTransact(Binder.java:731)

08-05 11:28:29.812  1567  1677 I LSPosed-Bridge: 6319 PermLabel 10117 AMS.checkPermission: Binder.getCallingPid() = 1902; uid = 10117; Binder.getCallingUid() = 1001; getNameForUid: android.uid.phone:1001; getPackagesForUid: [com.qualcomm.qcrilmsgtunnel, com.qualcomm.simcontacts, com.qti.qualcomm.deviceinfo, org.codeaurora.ims, com.qualcomm.qti.telephonyservice, com.qualcomm.qti.ims, com.qti.confuridialer, com.qualcomm.qti.lpa, com.qti.xdivert, com.android.providers.telephony, com.android.phone, com.qualcomm.qti.uim, com.qualcomm.qti.callfeaturessetting, com.qualcomm.qti.autoregistration, com.qti.qualcomm.datastatusnotification, com.android.mms.service, com.qualcomm.qti.networksetting, com.android.stk]; permName: android.permission.READ_PHONE_STATE; type = 1; res = -1; stacktrace=java.lang.Exception

08-05 11:28:29.812  1567  1677 I LSPosed-Bridge: 	at com.example.permlabel.requirePerm$1$2.afterHookedMethod(requirePerm.java:122)

08-05 11:28:29.812  1567  1677 I LSPosed-Bridge: 	at de.robv.android.xposed.XposedBridge$AdditionalHookInfo.callback(Unknown Source:147)

08-05 11:28:29.812  1567  1677 I LSPosed-Bridge: 	at LSPHooker_.checkPermission(Unknown Source:25)

08-05 11:28:29.812  1567  1677 I LSPosed-Bridge: 	at android.app.IActivityManager$Stub.onTransact(IActivityManager.java:664)

08-05 11:28:29.812  1567  1677 I LSPosed-Bridge: 	at com.android.server.am.ActivityManagerService.onTransact(ActivityManagerService.java:3346)

08-05 11:28:29.812  1567  1677 I LSPosed-Bridge: 	at android.os.Binder.execTransact(Binder.java:731)

08-05 11:28:31.418  1567  5505 I LSPosed-Bridge: 6319 PermLabel 10117 AMS.checkPermission: Binder.getCallingPid() = 1902; uid = 10117; Binder.getCallingUid() = 1001; getNameForUid: android.uid.phone:1001; getPackagesForUid: [com.qualcomm.qcrilmsgtunnel, com.qualcomm.simcontacts, com.qti.qualcomm.deviceinfo, org.codeaurora.ims, com.qualcomm.qti.telephonyservice, com.qualcomm.qti.ims, com.qti.confuridialer, com.qualcomm.qti.lpa, com.qti.xdivert, com.android.providers.telephony, com.android.phone, com.qualcomm.qti.uim, com.qualcomm.qti.callfeaturessetting, com.qualcomm.qti.autoregistration, com.qti.qualcomm.datastatusnotification, com.android.mms.service, com.qualcomm.qti.networksetting, com.android.stk]; permName: android.permission.READ_PHONE_STATE; type = 1; res = -1; stacktrace=java.lang.Exception

08-05 11:28:31.418  1567  5505 I LSPosed-Bridge: 	at com.example.permlabel.requirePerm$1$2.afterHookedMethod(requirePerm.java:122)

08-05 11:28:31.418  1567  5505 I LSPosed-Bridge: 	at de.robv.android.xposed.XposedBridge$AdditionalHookInfo.callback(Unknown Source:147)

08-05 11:28:31.418  1567  5505 I LSPosed-Bridge: 	at LSPHooker_.checkPermission(Unknown Source:25)

08-05 11:28:31.418  1567  5505 I LSPosed-Bridge: 	at android.app.IActivityManager$Stub.onTransact(IActivityManager.java:664)

08-05 11:28:31.418  1567  5505 I LSPosed-Bridge: 	at com.android.server.am.ActivityManagerService.onTransact(ActivityManagerService.java:3346)

08-05 11:28:31.418  1567  5505 I LSPosed-Bridge: 	at android.os.Binder.execTransact(Binder.java:731)

08-05 11:28:31.660  1567  1721 I LSPosed-Bridge: 6319 PermLabel 10117 AMS.checkPermission: Binder.getCallingPid() = 1902; uid = 10117; Binder.getCallingUid() = 1001; getNameForUid: android.uid.phone:1001; getPackagesForUid: [com.qualcomm.qcrilmsgtunnel, com.qualcomm.simcontacts, com.qti.qualcomm.deviceinfo, org.codeaurora.ims, com.qualcomm.qti.telephonyservice, com.qualcomm.qti.ims, com.qti.confuridialer, com.qualcomm.qti.lpa, com.qti.xdivert, com.android.providers.telephony, com.android.phone, com.qualcomm.qti.uim, com.qualcomm.qti.callfeaturessetting, com.qualcomm.qti.autoregistration, com.qti.qualcomm.datastatusnotification, com.android.mms.service, com.qualcomm.qti.networksetting, com.android.stk]; permName: android.permission.READ_PHONE_STATE; type = 1; res = -1; stacktrace=java.lang.Exception

08-05 11:28:31.660  1567  1721 I LSPosed-Bridge: 	at com.example.permlabel.requirePerm$1$2.afterHookedMethod(requirePerm.java:122)

08-05 11:28:31.660  1567  1721 I LSPosed-Bridge: 	at de.robv.android.xposed.XposedBridge$AdditionalHookInfo.callback(Unknown Source:147)

08-05 11:28:31.660  1567  1721 I LSPosed-Bridge: 	at LSPHooker_.checkPermission(Unknown Source:25)

08-05 11:28:31.660  1567  1721 I LSPosed-Bridge: 	at android.app.IActivityManager$Stub.onTransact(IActivityManager.java:664)

08-05 11:28:31.660  1567  1721 I LSPosed-Bridge: 	at com.android.server.am.ActivityManagerService.onTransact(ActivityManagerService.java:3346)

08-05 11:28:31.660  1567  1721 I LSPosed-Bridge: 	at android.os.Binder.execTransact(Binder.java:731)

08-05 11:28:35.049  1567  4727 I LSPosed-Bridge: 6319 PermLabel 10117 AMS.checkPermission: Binder.getCallingPid() = 1902; uid = 10117; Binder.getCallingUid() = 1001; getNameForUid: android.uid.phone:1001; getPackagesForUid: [com.qualcomm.qcrilmsgtunnel, com.qualcomm.simcontacts, com.qti.qualcomm.deviceinfo, org.codeaurora.ims, com.qualcomm.qti.telephonyservice, com.qualcomm.qti.ims, com.qti.confuridialer, com.qualcomm.qti.lpa, com.qti.xdivert, com.android.providers.telephony, com.android.phone, com.qualcomm.qti.uim, com.qualcomm.qti.callfeaturessetting, com.qualcomm.qti.autoregistration, com.qti.qualcomm.datastatusnotification, com.android.mms.service, com.qualcomm.qti.networksetting, com.android.stk]; permName: android.permission.READ_PHONE_STATE; type = 1; res = -1; stacktrace=java.lang.Exception

08-05 11:28:35.049  1567  4727 I LSPosed-Bridge: 	at com.example.permlabel.requirePerm$1$2.afterHookedMethod(requirePerm.java:122)

08-05 11:28:35.049  1567  4727 I LSPosed-Bridge: 	at de.robv.android.xposed.XposedBridge$AdditionalHookInfo.callback(Unknown Source:147)

08-05 11:28:35.049  1567  4727 I LSPosed-Bridge: 	at LSPHooker_.checkPermission(Unknown Source:25)

08-05 11:28:35.049  1567  4727 I LSPosed-Bridge: 	at android.app.IActivityManager$Stub.onTransact(IActivityManager.java:664)

08-05 11:28:35.049  1567  4727 I LSPosed-Bridge: 	at com.android.server.am.ActivityManagerService.onTransact(ActivityManagerService.java:3346)

08-05 11:28:35.049  1567  4727 I LSPosed-Bridge: 	at android.os.Binder.execTransact(Binder.java:731)

08-05 11:28:40.167  1567  1721 I LSPosed-Bridge: 6319 PermLabel 10117 AMS.checkPermission: Binder.getCallingPid() = 1902; uid = 10117; Binder.getCallingUid() = 1001; getNameForUid: android.uid.phone:1001; getPackagesForUid: [com.qualcomm.qcrilmsgtunnel, com.qualcomm.simcontacts, com.qti.qualcomm.deviceinfo, org.codeaurora.ims, com.qualcomm.qti.telephonyservice, com.qualcomm.qti.ims, com.qti.confuridialer, com.qualcomm.qti.lpa, com.qti.xdivert, com.android.providers.telephony, com.android.phone, com.qualcomm.qti.uim, com.qualcomm.qti.callfeaturessetting, com.qualcomm.qti.autoregistration, com.qti.qualcomm.datastatusnotification, com.android.mms.service, com.qualcomm.qti.networksetting, com.android.stk]; permName: android.permission.READ_PHONE_STATE; type = 1; res = -1; stacktrace=java.lang.Exception

08-05 11:28:40.167  1567  1721 I LSPosed-Bridge: 	at com.example.permlabel.requirePerm$1$2.afterHookedMethod(requirePerm.java:122)

08-05 11:28:40.167  1567  1721 I LSPosed-Bridge: 	at de.robv.android.xposed.XposedBridge$AdditionalHookInfo.callback(Unknown Source:147)

08-05 11:28:40.167  1567  1721 I LSPosed-Bridge: 	at LSPHooker_.checkPermission(Unknown Source:25)

08-05 11:28:40.167  1567  1721 I LSPosed-Bridge: 	at android.app.IActivityManager$Stub.onTransact(IActivityManager.java:664)

08-05 11:28:40.167  1567  1721 I LSPosed-Bridge: 	at com.android.server.am.ActivityManagerService.onTransact(ActivityManagerService.java:3346)

08-05 11:28:40.167  1567  1721 I LSPosed-Bridge: 	at android.os.Binder.execTransact(Binder.java:731)

08-05 11:28:45.620  1567  4997 I LSPosed-Bridge: 6319 PermLabel 10117 AMS.checkPermission: Binder.getCallingPid() = 1902; uid = 10117; Binder.getCallingUid() = 1001; getNameForUid: android.uid.phone:1001; getPackagesForUid: [com.qualcomm.qcrilmsgtunnel, com.qualcomm.simcontacts, com.qti.qualcomm.deviceinfo, org.codeaurora.ims, com.qualcomm.qti.telephonyservice, com.qualcomm.qti.ims, com.qti.confuridialer, com.qualcomm.qti.lpa, com.qti.xdivert, com.android.providers.telephony, com.android.phone, com.qualcomm.qti.uim, com.qualcomm.qti.callfeaturessetting, com.qualcomm.qti.autoregistration, com.qti.qualcomm.datastatusnotification, com.android.mms.service, com.qualcomm.qti.networksetting, com.android.stk]; permName: android.permission.READ_PHONE_STATE; type = 1; res = -1; stacktrace=java.lang.Exception

08-05 11:28:45.620  1567  4997 I LSPosed-Bridge: 	at com.example.permlabel.requirePerm$1$2.afterHookedMethod(requirePerm.java:122)

08-05 11:28:45.620  1567  4997 I LSPosed-Bridge: 	at de.robv.android.xposed.XposedBridge$AdditionalHookInfo.callback(Unknown Source:147)

08-05 11:28:45.620  1567  4997 I LSPosed-Bridge: 	at LSPHooker_.checkPermission(Unknown Source:25)

08-05 11:28:45.620  1567  4997 I LSPosed-Bridge: 	at android.app.IActivityManager$Stub.onTransact(IActivityManager.java:664)

08-05 11:28:45.620  1567  4997 I LSPosed-Bridge: 	at com.android.server.am.ActivityManagerService.onTransact(ActivityManagerService.java:3346)

08-05 11:28:45.620  1567  4997 I LSPosed-Bridge: 	at android.os.Binder.execTransact(Binder.java:731)

08-05 11:28:51.824  1567  9851 I LSPosed-Bridge: 6319 PermLabel 10117 AMS.checkPermission: Binder.getCallingPid() = 1902; uid = 10117; Binder.getCallingUid() = 1001; getNameForUid: android.uid.phone:1001; getPackagesForUid: [com.qualcomm.qcrilmsgtunnel, com.qualcomm.simcontacts, com.qti.qualcomm.deviceinfo, org.codeaurora.ims, com.qualcomm.qti.telephonyservice, com.qualcomm.qti.ims, com.qti.confuridialer, com.qualcomm.qti.lpa, com.qti.xdivert, com.android.providers.telephony, com.android.phone, com.qualcomm.qti.uim, com.qualcomm.qti.callfeaturessetting, com.qualcomm.qti.autoregistration, com.qti.qualcomm.datastatusnotification, com.android.mms.service, com.qualcomm.qti.networksetting, com.android.stk]; permName: android.permission.READ_PHONE_STATE; type = 1; res = -1; stacktrace=java.lang.Exception

08-05 11:28:51.824  1567  9851 I LSPosed-Bridge: 	at com.example.permlabel.requirePerm$1$2.afterHookedMethod(requirePerm.java:122)

08-05 11:28:51.824  1567  9851 I LSPosed-Bridge: 	at de.robv.android.xposed.XposedBridge$AdditionalHookInfo.callback(Unknown Source:147)

08-05 11:28:51.824  1567  9851 I LSPosed-Bridge: 	at LSPHooker_.checkPermission(Unknown Source:25)

08-05 11:28:51.824  1567  9851 I LSPosed-Bridge: 	at android.app.IActivityManager$Stub.onTransact(IActivityManager.java:664)

08-05 11:28:51.824  1567  9851 I LSPosed-Bridge: 	at com.android.server.am.ActivityManagerService.onTransact(ActivityManagerService.java:3346)

08-05 11:28:51.824  1567  9851 I LSPosed-Bridge: 	at android.os.Binder.execTransact(Binder.java:731)

08-05 11:29:03.968  1567  5505 I LSPosed-Bridge: 6319 PermLabel 10117 AMS.checkPermission: Binder.getCallingPid() = 1902; uid = 10117; Binder.getCallingUid() = 1001; getNameForUid: android.uid.phone:1001; getPackagesForUid: [com.qualcomm.qcrilmsgtunnel, com.qualcomm.simcontacts, com.qti.qualcomm.deviceinfo, org.codeaurora.ims, com.qualcomm.qti.telephonyservice, com.qualcomm.qti.ims, com.qti.confuridialer, com.qualcomm.qti.lpa, com.qti.xdivert, com.android.providers.telephony, com.android.phone, com.qualcomm.qti.uim, com.qualcomm.qti.callfeaturessetting, com.qualcomm.qti.autoregistration, com.qti.qualcomm.datastatusnotification, com.android.mms.service, com.qualcomm.qti.networksetting, com.android.stk]; permName: android.permission.READ_PHONE_STATE; type = 1; res = -1; stacktrace=java.lang.Exception

08-05 11:29:03.968  1567  5505 I LSPosed-Bridge: 	at com.example.permlabel.requirePerm$1$2.afterHookedMethod(requirePerm.java:122)

08-05 11:29:03.968  1567  5505 I LSPosed-Bridge: 	at de.robv.android.xposed.XposedBridge$AdditionalHookInfo.callback(Unknown Source:147)

08-05 11:29:03.968  1567  5505 I LSPosed-Bridge: 	at LSPHooker_.checkPermission(Unknown Source:25)

