08-12 10:41:20.269  1557  8071 I LSPosed-Bridge: 	at com.android.server.am.ActivityManagerService$PermissionController.checkPermission(ActivityManagerService.java:9248)

08-12 10:41:20.269  1557  8071 I LSPosed-Bridge: 	at android.os.IPermissionController$Stub.onTransact(IPermissionController.java:56)

08-12 10:41:20.269  1557  8071 I LSPosed-Bridge: 	at android.os.Binder.execTransact(Binder.java:731)

08-12 10:41:20.269   910  4842 W ServiceManager: Permission failure: android.permission.CAMERA from uid=10132 pid=5787

08-12 10:41:20.269   910  4842 E CameraService: Permission Denial: can't use the camera pid=5787, uid=10132

08-12 10:41:20.380  1557  6023 I LSPosed-Bridge: 5787 PermLabel 10132 AMS.checkPermission: Binder.getCallingPid() = 910; uid = 10132; Binder.getCallingUid() = 1047; getNameForUid: null; getPackagesForUid: null; permName: android.permission.CAMERA; type = 1; res = -1; stacktrace=java.lang.Exception

08-12 10:41:20.380  1557  6023 I LSPosed-Bridge: 	at com.example.permlabel.requirePerm$1$2.afterHookedMethod(requirePerm.java:138)

08-12 10:41:20.380  1557  6023 I LSPosed-Bridge: 	at de.robv.android.xposed.XposedBridge$AdditionalHookInfo.callback(Unknown Source:147)

08-12 10:41:20.380  1557  6023 I LSPosed-Bridge: 	at LSPHooker_.checkPermission(Unknown Source:25)

08-12 10:41:20.380  1557  6023 I LSPosed-Bridge: 	at com.android.server.am.ActivityManagerService$PermissionController.checkPermission(ActivityManagerService.java:9248)

08-12 10:41:20.380  1557  6023 I LSPosed-Bridge: 	at android.os.IPermissionController$Stub.onTransact(IPermissionController.java:56)

08-12 10:41:20.380  1557  6023 I LSPosed-Bridge: 	at android.os.Binder.execTransact(Binder.java:731)

08-12 10:41:20.380   910  4842 W ServiceManager: Permission failure: android.permission.CAMERA from uid=10132 pid=5787

08-12 10:41:20.380   910  4842 E CameraService: Permission Denial: can't use the camera pid=5787, uid=10132

08-12 10:41:20.483   550   550 I ConfigStore: android::hardware::configstore::V1_0::ISurfaceFlingerConfigs::hasHDRDisplay retrieved: 0

08-12 10:41:20.483  1557  6023 I LSPosed-Bridge: 5787 PermLabel 10132 AMS.checkPermission: Binder.getCallingPid() = 910; uid = 10132; Binder.getCallingUid() = 1047; getNameForUid: null; getPackagesForUid: null; permName: android.permission.CAMERA; type = 1; res = -1; stacktrace=java.lang.Exception

08-12 10:41:20.483  1557  6023 I LSPosed-Bridge: 	at com.example.permlabel.requirePerm$1$2.afterHookedMethod(requirePerm.java:138)

08-12 10:41:20.483  1557  6023 I LSPosed-Bridge: 	at de.robv.android.xposed.XposedBridge$AdditionalHookInfo.callback(Unknown Source:147)

08-12 10:41:20.483  1557  6023 I LSPosed-Bridge: 	at LSPHooker_.checkPermission(Unknown Source:25)

08-12 10:41:20.483  1557  6023 I LSPosed-Bridge: 	at com.android.server.am.ActivityManagerService$PermissionController.checkPermission(ActivityManagerService.java:9248)

08-12 10:41:20.483  1557  6023 I LSPosed-Bridge: 	at android.os.IPermissionController$Stub.onTransact(IPermissionController.java:56)

08-12 10:41:20.483  1557  6023 I LSPosed-Bridge: 	at android.os.Binder.execTransact(Binder.java:731)

08-12 10:41:20.507  1557  8071 I LSPosed-Bridge: 5787 PermLabel 10132 AMS.checkPermission: Binder.getCallingPid() = 910; uid = 10132; Binder.getCallingUid() = 1047; getNameForUid: null; getPackagesForUid: null; permName: android.permission.CAMERA; type = 1; res = -1; stacktrace=java.lang.Exception

08-12 10:41:20.507  1557  8071 I LSPosed-Bridge: 	at com.example.permlabel.requirePerm$1$2.afterHookedMethod(requirePerm.java:138)

08-12 10:41:20.507  1557  8071 I LSPosed-Bridge: 	at de.robv.android.xposed.XposedBridge$AdditionalHookInfo.callback(Unknown Source:147)

08-12 10:41:20.507  1557  8071 I LSPosed-Bridge: 	at LSPHooker_.checkPermission(Unknown Source:25)

08-12 10:41:20.507  1557  8071 I LSPosed-Bridge: 	at com.android.server.am.ActivityManagerService$PermissionController.checkPermission(ActivityManagerService.java:9248)

08-12 10:41:20.507  1557  8071 I LSPosed-Bridge: 	at android.os.IPermissionController$Stub.onTransact(IPermissionController.java:56)

08-12 10:41:20.507  1557  8071 I LSPosed-Bridge: 	at android.os.Binder.execTransact(Binder.java:731)

08-12 10:41:20.613  5787  6583 I LSPosed-Bridge: 5787 PermLabel hookBinder_test 10132 interfaceBinder =android.app.IActivityManager; arg0 = 49; arg1 = android.os.Parcel@2a1cb0; arg2 = android.os.Parcel@54629f8; arg3 = 0; res = true; stacktrace=java.lang.Exception

08-12 10:41:20.613  5787  6583 I LSPosed-Bridge: 	at com.example.permlabel.hookBinder_test$1.afterHookedMethod(hookBinder_test.java:63)

08-12 10:41:20.613  5787  6583 I LSPosed-Bridge: 	at de.robv.android.xposed.XposedBridge$AdditionalHookInfo.callback(Unknown Source:147)

08-12 10:41:20.613  5787  6583 I LSPosed-Bridge: 	at LSPHooker_.transact(Unknown Source:28)

08-12 10:41:20.613  5787  6583 I LSPosed-Bridge: 	at android.app.IActivityManager$Stub$Proxy.checkPermission(IActivityManager.java:4722)

08-12 10:41:20.613  5787  6583 I LSPosed-Bridge: 	at android.app.ContextImpl.checkPermission(ContextImpl.java:1751)

08-12 10:41:20.613  5787  6583 I LSPosed-Bridge: 	at java.lang.reflect.Method.invoke(Native Method)

08-12 10:41:20.613  5787  6583 I LSPosed-Bridge: 	at org.lsposed.lspd.nativebridge.HookBridge.invokeOriginalMethod(Native Method)

08-12 10:41:20.613  5787  6583 I LSPosed-Bridge: 	at de.robv.android.xposed.XposedBridge$AdditionalHookInfo.callback(Unknown Source:110)

08-12 10:41:20.613  5787  6583 I LSPosed-Bridge: 	at LSPHooker_.checkPermission(Unknown Source:25)

08-12 10:41:20.613  5787  6583 I LSPosed-Bridge: 	at android.content.ContextWrapper.checkPermission(ContextWrapper.java:738)

08-12 10:41:20.613  5787  6583 I LSPosed-Bridge: 	at com.microsoft.clarity.v4.b.a(ContextCompat.java:40)

08-12 10:41:20.613  5787  6583 I LSPosed-Bridge: 	at com.microsoft.clarity.k30.c.d(LocationPerfHelper.kt:33)

08-12 10:41:20.613  5787  6583 I LSPosed-Bridge: 	at com.microsoft.clarity.k30.l.a(SapphireLocationManager.kt:7)

08-12 10:41:20.613  5787  6583 I LSPosed-Bridge: 	at com.microsoft.clarity.k30.f.f(SapphireCityManager.kt:8)

08-12 10:41:20.613  5787  6583 I LSPosed-Bridge: 	at com.microsoft.clarity.jv.e.c(WeatherGlanceCardConvertor.kt:55)

08-12 10:41:20.613  5787  6583 I LSPosed-Bridge: 	at com.microsoft.clarity.nu.i$a.a(IGlanceCardConvertor.kt:3)

08-12 10:41:20.613  5787  6583 I LSPosed-Bridge: 	at com.microsoft.clarity.jv.d.a(WeatherGlanceCardConvertor.kt:8)

08-12 10:41:20.613  5787  6583 I LSPosed-Bridge: 	at com.microsoft.clarity.jv.b.a(WeatherCardDataAdapter.kt:279)

08-12 10:41:20.613  5787  6583 I LSPosed-Bridge: 	at com.microsoft.clarity.jv.c$b.b(WeatherCardDataAdapter.kt:9)

08-12 10:41:20.613  5787  6583 I LSPosed-Bridge: 	at com.microsoft.clarity.nu.e.d(GlanceCardDataHelper.kt:12)

08-12 10:41:20.613  5787  6583 I LSPosed-Bridge: 	at com.microsoft.clarity.p10.d$a.d(FetcherConfig.kt:12)

08-12 10:41:20.613  5787  6583 I LSPosed-Bridge: 	at com.microsoft.sapphire.libs.fetcher.core.CacheUtils.t(CacheUtils.kt:466)

08-12 10:41:20.613  5787  6583 I LSPosed-Bridge: 	at com.microsoft.clarity.p10.b.run(R8$$SyntheticClass:10)

08-12 10:41:20.613  5787  6583 I LSPosed-Bridge: 	at java.util.concurrent.Executors$RunnableAdapter.call(Executors.java:458)

08-12 10:41:20.613  5787  6583 I LSPosed-Bridge: 	at java.util.concurrent.FutureTask.run(FutureTask.java:266)

08-12 10:41:20.613  5787  6583 I LSPosed-Bridge: 	at java.util.concurrent.ThreadPoolExecutor.runWorker(ThreadPoolExecutor.java:1167)

08-12 10:41:20.613  5787  6583 I LSPosed-Bridge: 	at java.util.concurrent.ThreadPoolExecutor$Worker.run(ThreadPoolExecutor.java:641)

08-12 10:41:20.613  5787  6583 I LSPosed-Bridge: 	at java.lang.Thread.run(Thread.java:764)

08-12 10:41:20.613  1557  8071 I LSPosed-Bridge: 5787 PermLabel 10132 AMS.checkPermission: Binder.getCallingPid() = 910; uid = 10132; Binder.getCallingUid() = 1047; getNameForUid: null; getPackagesForUid: null; permName: android.permission.CAMERA; type = 1; res = -1; stacktrace=java.lang.Exception

08-12 10:41:20.613  1557  8071 I LSPosed-Bridge: 	at com.example.permlabel.requirePerm$1$2.afterHookedMethod(requirePerm.java:138)

08-12 10:41:20.613  1557  8071 I LSPosed-Bridge: 	at de.robv.android.xposed.XposedBridge$AdditionalHookInfo.callback(Unknown Source:147)

08-12 10:41:20.613  1557  8071 I LSPosed-Bridge: 	at LSPHooker_.checkPermission(Unknown Source:25)

08-12 10:41:20.613  1557  8071 I LSPosed-Bridge: 	at com.android.server.am.ActivityManagerService$PermissionController.checkPermission(ActivityManagerService.java:9248)

08-12 10:41:20.613  1557  8071 I LSPosed-Bridge: 	at android.os.IPermissionController$Stub.onTransact(IPermissionController.java:56)

08-12 10:41:20.613  1557  8071 I LSPosed-Bridge: 	at android.os.Binder.execTransact(Binder.java:731)

08-12 10:41:20.717  1557  6023 I LSPosed-Bridge: 5787 PermLabel 10132 AMS.checkPermission: Binder.getCallingPid() = 910; uid = 10132; Binder.getCallingUid() = 1047; getNameForUid: null; getPackagesForUid: null; permName: android.permission.CAMERA; type = 1; res = -1; stacktrace=java.lang.Exception

08-12 10:41:20.717  1557  6023 I LSPosed-Bridge: 	at com.example.permlabel.requirePerm$1$2.afterHookedMethod(requirePerm.java:138)

08-12 10:41:20.717  1557  6023 I LSPosed-Bridge: 	at de.robv.android.xposed.XposedBridge$AdditionalHookInfo.callback(Unknown Source:147)

08-12 10:41:20.717  1557  6023 I LSPosed-Bridge: 	at LSPHooker_.checkPermission(Unknown Source:25)

08-12 10:41:20.717  1557  6023 I LSPosed-Bridge: 	at com.android.server.am.ActivityManagerService$PermissionController.checkPermission(ActivityManagerService.java:9248)

08-12 10:41:20.717  1557  6023 I LSPosed-Bridge: 	at android.os.IPermissionController$Stub.onTransact(IPermissionController.java:56)

08-12 10:41:20.717  1557  6023 I LSPosed-Bridge: 	at android.os.Binder.execTransact(Binder.java:731)

08-12 10:41:20.717   910  4842 W ServiceManager: Permission failure: android.permission.CAMERA from uid=10132 pid=5787

08-12 10:41:20.821  1557  6023 I LSPosed-Bridge: 5787 PermLabel 10132 AMS.checkPermission: Binder.getCallingPid() = 910; uid = 10132; Binder.getCallingUid() = 1047; getNameForUid: null; getPackagesForUid: null; permName: android.permission.CAMERA; type = 1; res = -1; stacktrace=java.lang.Exception

08-12 10:41:20.821  1557  6023 I LSPosed-Bridge: 	at com.example.permlabel.requirePerm$1$2.afterHookedMethod(requirePerm.java:138)

08-12 10:41:20.821  1557  6023 I LSPosed-Bridge: 	at de.robv.android.xposed.XposedBridge$AdditionalHookInfo.callback(Unknown Source:147)

08-12 10:41:20.821  1557  6023 I LSPosed-Bridge: 	at LSPHooker_.checkPermission(Unknown Source:25)

08-12 10:41:20.821  1557  6023 I LSPosed-Bridge: 	at com.android.server.am.ActivityManagerService$PermissionController.checkPermission(ActivityManagerService.java:9248)

08-12 10:41:20.821  1557  6023 I LSPosed-Bridge: 	at android.os.IPermissionController$Stub.onTransact(IPermissionController.java:56)

08-12 10:41:20.821  1557  6023 I LSPosed-Bridge: 	at android.os.Binder.execTransact(Binder.java:731)

08-12 10:41:20.821   910  4842 W ServiceManager: Permission failure: android.permission.CAMERA from uid=10132 pid=5787

08-12 10:41:20.924  5787  5787 I LSPosed-Bridge: 5787 PermLabel hookBinder_test 10132 interfaceBinder =android.view.accessibility.IAccessibilityInteractionConnectionCallback; arg0 = 2; arg1 = android.os.Parcel@7f729af; arg2 = null; arg3 = 1; res = true; stacktrace=java.lang.Exception

08-12 10:41:20.924  5787  5787 I LSPosed-Bridge: 	at com.example.permlabel.hookBinder_test$1.afterHookedMethod(hookBinder_test.java:63)

08-12 10:41:20.924  5787  5787 I LSPosed-Bridge: 	at de.robv.android.xposed.XposedBridge$AdditionalHookInfo.callback(Unknown Source:147)

08-12 10:41:20.924  5787  5787 I LSPosed-Bridge: 	at LSPHooker_.transact(Unknown Source:28)

08-12 10:41:20.924  5787  5787 I LSPosed-Bridge: 	at android.view.accessibility.IAccessibilityInteractionConnectionCallback$Stub$Proxy.setFindAccessibilityNodeInfosResult(IAccessibilityInteractionConnectionCallback.java:146)

08-12 10:41:20.924  5787  5787 I LSPosed-Bridge: 	at android.view.AccessibilityInteractionController.updateInfosForViewportAndReturnFindNodeResult(AccessibilityInteractionController.java:869)

08-12 10:41:20.924  5787  5787 I LSPosed-Bridge: 	at android.view.AccessibilityInteractionController.findAccessibilityNodeInfoByAccessibilityIdUiThread(AccessibilityInteractionController.java:340)

08-12 10:41:20.924  5787  5787 I LSPosed-Bridge: 	at android.view.AccessibilityInteractionController.access$400(AccessibilityInteractionController.java:67)

08-12 10:41:20.924  5787  5787 I LSPosed-Bridge: 	at android.view.AccessibilityInteractionController$PrivateHandler.handleMessage(AccessibilityInteractionController.java:1324)

08-12 10:41:20.924  5787  5787 I LSPosed-Bridge: 	at android.os.Handler.dispatchMessage(Handler.java:106)

08-12 10:41:20.924  5787  5787 I LSPosed-Bridge: 	at android.os.Looper.loop(Looper.java:193)

08-12 10:41:20.924  5787  5787 I LSPosed-Bridge: 	at com.microsoft.clarity.b0.m1.run(R8$$SyntheticClass:48)

08-12 10:41:20.924  5787  5787 I LSPosed-Bridge: 	at android.os.Handler.handleCallback(Handler.java:873)

08-12 10:41:20.924  5787  5787 I LSPosed-Bridge: 	at android.os.Handler.dispatchMessage(Handler.java:99)

08-12 10:41:20.924  5787  5787 I LSPosed-Bridge: 	at android.os.Looper.loop(Looper.java:193)

08-12 10:41:20.924  5787  5787 I LSPosed-Bridge: 	at android.app.ActivityThread.main(ActivityThread.java:6692)

08-12 10:41:20.924  5787  5787 I LSPosed-Bridge: 	at java.lang.reflect.Method.invoke(Native Method)

08-12 10:41:20.924  5787  5787 I LSPosed-Bridge: 	at com.android.internal.os.RuntimeInit$MethodAndArgsCaller.run(RuntimeInit.java:493)

08-12 10:41:20.924  5787  5787 I LSPosed-Bridge: 	at com.android.internal.os.ZygoteInit.main(ZygoteInit.java:858)

08-12 10:41:20.924  1557  6023 I LSPosed-Bridge: 5787 PermLabel 10132 AMS.checkPermission: Binder.getCallingPid() = 910; uid = 10132; Binder.getCallingUid() = 1047; getNameForUid: null; getPackagesForUid: null; permName: android.permission.CAMERA; type = 1; res = -1; stacktrace=java.lang.Exception

08-12 10:41:20.924  1557  6023 I LSPosed-Bridge: 	at com.example.permlabel.requirePerm$1$2.afterHookedMethod(requirePerm.java:138)

08-12 10:41:20.924  1557  6023 I LSPosed-Bridge: 	at de.robv.android.xposed.XposedBridge$AdditionalHookInfo.callback(Unknown Source:147)

08-12 10:41:20.924  1557  6023 I LSPosed-Bridge: 	at LSPHooker_.checkPermission(Unknown Source:25)

08-12 10:41:20.924  1557  6023 I LSPosed-Bridge: 	at com.android.server.am.ActivityManagerService$PermissionController.checkPermission(ActivityManagerService.java:9248)

08-12 10:41:20.924  1557  6023 I LSPosed-Bridge: 	at android.os.IPermissionController$Stub.onTransact(IPermissionController.java:56)

08-12 10:41:20.924  1557  6023 I LSPosed-Bridge: 	at android.os.Binder.execTransact(Binder.java:731)

08-12 10:41:20.924   910  4842 W ServiceManager: Permission failure: android.permission.CAMERA from uid=10132 pid=5787

08-12 10:41:20.924   910  4842 E CameraService: Permission Denial: can't use the camera pid=5787, uid=10132

08-12 10:41:20.924  5787  6141 W CameraBase: An error occurred while connecting to camera 1: Status(-8): '1: validateClientPermissionsLocked:906: Caller "com.microsoft.amp.apps.bingnews" (PID 10132, UID 5787) cannot open camera "1" without camera permission'

08-12 10:41:21.027  5787  5787 I LSPosed-Bridge: 5787 PermLabel hookBinder_test 10132 interfaceBinder =android.view.accessibility.IAccessibilityInteractionConnectionCallback; arg0 = 2; arg1 = android.os.Parcel@7f729af; arg2 = null; arg3 = 1; res = true; stacktrace=java.lang.Exception

08-12 10:41:21.027  5787  5787 I LSPosed-Bridge: 	at com.example.permlabel.hookBinder_test$1.afterHookedMethod(hookBinder_test.java:63)

08-12 10:41:21.027  5787  5787 I LSPosed-Bridge: 	at de.robv.android.xposed.XposedBridge$AdditionalHookInfo.callback(Unknown Source:147)

08-12 10:41:21.027  5787  5787 I LSPosed-Bridge: 	at LSPHooker_.transact(Unknown Source:28)

08-12 10:41:21.027  5787  5787 I LSPosed-Bridge: 	at android.view.accessibility.IAccessibilityInteractionConnectionCallback$Stub$Proxy.setFindAccessibilityNodeInfosResult(IAccessibilityInteractionConnectionCallback.java:146)

08-12 10:41:21.027  5787  5787 I LSPosed-Bridge: 	at android.view.AccessibilityInteractionController.updateInfosForViewportAndReturnFindNodeResult(AccessibilityInteractionController.java:869)

08-12 10:41:21.027  5787  5787 I LSPosed-Bridge: 	at android.view.AccessibilityInteractionController.findAccessibilityNodeInfoByAccessibilityIdUiThread(AccessibilityInteractionController.java:340)

08-12 10:41:21.027  5787  5787 I LSPosed-Bridge: 	at android.view.AccessibilityInteractionController.access$400(AccessibilityInteractionController.java:67)

08-12 10:41:21.027  5787  5787 I LSPosed-Bridge: 	at android.view.AccessibilityInteractionController$PrivateHandler.handleMessage(AccessibilityInteractionController.java:1324)

08-12 10:41:21.027  5787  5787 I LSPosed-Bridge: 	at android.os.Handler.dispatchMessage(Handler.java:106)

08-12 10:41:21.027  5787  5787 I LSPosed-Bridge: 	at android.os.Looper.loop(Looper.java:193)

08-12 10:41:21.027  5787  5787 I LSPosed-Bridge: 	at com.microsoft.clarity.b0.m1.run(R8$$SyntheticClass:48)

08-12 10:41:21.027  5787  5787 I LSPosed-Bridge: 	at android.os.Handler.handleCallback(Handler.java:873)

08-12 10:41:21.027  5787  5787 I LSPosed-Bridge: 	at android.os.Handler.dispatchMessage(Handler.java:99)

08-12 10:41:21.027  5787  5787 I LSPosed-Bridge: 	at android.os.Looper.loop(Looper.java:193)

08-12 10:41:21.027  5787  5787 I LSPosed-Bridge: 	at android.app.ActivityThread.main(ActivityThread.java:6692)

08-12 10:41:21.027  5787  5787 I LSPosed-Bridge: 	at java.lang.reflect.Method.invoke(Native Method)

08-12 10:41:21.027  5787  5787 I LSPosed-Bridge: 	at com.android.internal.os.RuntimeInit$MethodAndArgsCaller.run(RuntimeInit.java:493)

08-12 10:41:21.027  5787  5787 I LSPosed-Bridge: 	at com.android.internal.os.ZygoteInit.main(ZygoteInit.java:858)

08-12 10:41:21.027  1557  1661 I LSPosed-Bridge: 5787 PermLabel 10132 AMS.checkPermission: Binder.getCallingPid() = 910; uid = 10132; Binder.getCallingUid() = 1047; getNameForUid: null; getPackagesForUid: null; permName: android.permission.CAMERA; type = 1; res = -1; stacktrace=java.lang.Exception

08-12 10:41:21.027  1557  1661 I LSPosed-Bridge: 	at com.example.permlabel.requirePerm$1$2.afterHookedMethod(requirePerm.java:138)

08-12 10:41:21.027  1557  1661 I LSPosed-Bridge: 	at de.robv.android.xposed.XposedBridge$AdditionalHookInfo.callback(Unknown Source:147)

08-12 10:41:21.027  1557  1661 I LSPosed-Bridge: 	at LSPHooker_.checkPermission(Unknown Source:25)

08-12 10:41:21.027  1557  1661 I LSPosed-Bridge: 	at com.android.server.am.ActivityManagerService$PermissionController.checkPermission(ActivityManagerService.java:9248)

08-12 10:41:21.027  1557  1661 I LSPosed-Bridge: 	at android.os.IPermissionController$Stub.onTransact(IPermissionController.java:56)

08-12 10:41:21.027  1557  1661 I LSPosed-Bridge: 	at android.os.Binder.execTransact(Binder.java:731)

08-12 10:41:21.027   910  4842 W ServiceManager: Permission failure: android.permission.CAMERA from uid=10132 pid=5787

08-12 10:41:21.027   910  4842 E CameraService: Permission Denial: can't use the camera pid=5787, uid=10132

08-12 10:41:21.130  1557  1661 I LSPosed-Bridge: 5787 PermLabel 10132 AMS.checkPermission: Binder.getCallingPid() = 910; uid = 10132; Binder.getCallingUid() = 1047; getNameForUid: null; getPackagesForUid: null; permName: android.permission.CAMERA; type = 1; res = -1; stacktrace=java.lang.Exception

08-12 10:41:21.130  1557  1661 I LSPosed-Bridge: 	at com.example.permlabel.requirePerm$1$2.afterHookedMethod(requirePerm.java:138)

08-12 10:41:21.130  1557  1661 I LSPosed-Bridge: 	at de.robv.android.xposed.XposedBridge$AdditionalHookInfo.callback(Unknown Source:147)

08-12 10:41:21.130  1557  1661 I LSPosed-Bridge: 	at LSPHooker_.checkPermission(Unknown Source:25)

08-12 10:41:21.130  1557  1661 I LSPosed-Bridge: 	at com.android.server.am.ActivityManagerService$PermissionController.checkPermission(ActivityManagerService.java:9248)

08-12 10:41:21.130  1557  1661 I LSPosed-Bridge: 	at android.os.IPermissionController$Stub.onTransact(IPermissionController.java:56)

08-12 10:41:21.130  1557  1661 I LSPosed-Bridge: 	at android.os.Binder.execTransact(Binder.java:731)

08-12 10:41:21.234   550   550 I ConfigStore: android::hardware::configstore::V1_0::ISurfaceFlingerConfigs::hasHDRDisplay retrieved: 0

08-12 10:41:21.234  1557  6023 I LSPosed-Bridge: 5787 PermLabel 10132 AMS.checkPermission: Binder.getCallingPid() = 910; uid = 10132; Binder.getCallingUid() = 1047; getNameForUid: null; getPackagesForUid: null; permName: android.permission.CAMERA; type = 1; res = -1; stacktrace=java.lang.Exception

08-12 10:41:21.234  1557  6023 I LSPosed-Bridge: 	at com.example.permlabel.requirePerm$1$2.afterHookedMethod(requirePerm.java:138)

08-12 10:41:21.234  1557  6023 I LSPosed-Bridge: 	at de.robv.android.xposed.XposedBridge$AdditionalHookInfo.callback(Unknown Source:147)

08-12 10:41:21.234  1557  6023 I LSPosed-Bridge: 	at LSPHooker_.checkPermission(Unknown Source:25)

08-12 10:41:21.234  1557  6023 I LSPosed-Bridge: 	at com.android.server.am.ActivityManagerService$PermissionController.checkPermission(ActivityManagerService.java:9248)

08-12 10:41:21.234  1557  6023 I LSPosed-Bridge: 	at android.os.IPermissionController$Stub.onTransact(IPermissionController.java:56)

08-12 10:41:21.234  1557  6023 I LSPosed-Bridge: 	at android.os.Binder.execTransact(Binder.java:731)

08-12 10:41:21.234   550   550 I ConfigStore: android::hardware::configstore::V1_0::ISurfaceFlingerConfigs::hasHDRDisplay retrieved: 0

08-12 10:41:21.234   910  4842 W ServiceManager: Permission failure: android.permission.CAMERA from uid=10132 pid=5787

08-12 10:41:21.234   910  4842 E CameraService: Permission Denial: can't use the camera pid=5787, uid=10132

08-12 10:41:21.338  1557  1661 I LSPosed-Bridge: 5787 PermLabel 10132 AMS.checkPermission: Binder.getCallingPid() = 910; uid = 10132; Binder.getCallingUid() = 1047; getNameForUid: null; getPackagesForUid: null; permName: android.permission.CAMERA; type = 1; res = -1; stacktrace=java.lang.Exception

08-12 10:41:21.338  1557  1661 I LSPosed-Bridge: 	at com.example.permlabel.requirePerm$1$2.afterHookedMethod(requirePerm.java:138)

08-12 10:41:21.338  1557  1661 I LSPosed-Bridge: 	at de.robv.android.xposed.XposedBridge$AdditionalHookInfo.callback(Unknown Source:147)

08-12 10:41:21.338  1557  1661 I LSPosed-Bridge: 	at LSPHooker_.checkPermission(Unknown Source:25)

08-12 10:41:21.338  1557  1661 I LSPosed-Bridge: 	at com.android.server.am.ActivityManagerService$PermissionController.checkPermission(ActivityManagerService.java:9248)

08-12 10:41:21.338  1557  1661 I LSPosed-Bridge: 	at android.os.IPermissionController$Stub.onTransact(IPermissionController.java:56)

08-12 10:41:21.338  1557  1661 I LSPosed-Bridge: 	at android.os.Binder.execTransact(Binder.java:731)

08-12 10:41:21.627  5787  6141 I LSPosed-Bridge: 5787 PermLabel 10132 android.permission.CAMERA getCameraInfo args0: 0; args1: android.hardware.Camera$CameraInfo@dbbc7af; res= null; stacktrace=java.lang.Exception

08-12 10:41:21.627  5787  6141 I LSPosed-Bridge: 5787 PermLabel 10132 android.permission.CAMERA getCameraInfo args0: 0; args1: android.hardware.Camera$CameraInfo@dbbc7af; res= null; stacktrace=java.lang.Exception

08-12 10:41:21.627  5787  6141 I LSPosed-Bridge: 	at com.example.permlabel.hookCamera$1.afterHookedMethod(hookCamera.java:21)

08-12 10:41:21.627  5787  6141 I LSPosed-Bridge: 	at com.example.permlabel.hookCamera$1.afterHookedMethod(hookCamera.java:21)

08-12 10:41:21.627  5787  6141 I LSPosed-Bridge: 	at de.robv.android.xposed.XposedBridge$AdditionalHookInfo.callback(Unknown Source:147)

08-12 10:41:21.627  5787  6141 I LSPosed-Bridge: 	at de.robv.android.xposed.XposedBridge$AdditionalHookInfo.callback(Unknown Source:147)

08-12 10:41:21.627  5787  6141 I LSPosed-Bridge: 	at LSPHooker_.getCameraInfo(Unknown Source:15)

08-12 10:41:21.627  5787  6141 I LSPosed-Bridge: 	at LSPHooker_.getCameraInfo(Unknown Source:15)

08-12 10:41:21.627  5787  6141 I LSPosed-Bridge: 	at R74.e(chromium-Monochrome.aab-stable-579016621:6)

08-12 10:41:21.627  5787  6141 I LSPosed-Bridge: 	at R74.e(chromium-Monochrome.aab-stable-579016621:6)

08-12 10:41:21.627  5787  6141 I LSPosed-Bridge: 	at org.chromium.media.VideoCaptureFactory.getDeviceName(chromium-Monochrome.aab-stable-579016621:15)

08-12 10:41:21.627  5787  6141 I LSPosed-Bridge: 	at org.chromium.media.VideoCaptureFactory.getDeviceName(chromium-Monochrome.aab-stable-579016621:15)

08-12 10:41:21.627  5787  6141 I LSPosed-Bridge: 5787 PermLabel 10132 android.permission.CAMERA getCameraInfo args0: 0; args1: android.hardware.Camera$CameraInfo@dbbc7af; res= null; stacktrace=java.lang.Exception

08-12 10:41:21.627  5787  6141 I LSPosed-Bridge: 5787 PermLabel 10132 android.permission.CAMERA getCameraInfo args0: 0; args1: android.hardware.Camera$CameraInfo@dbbc7af; res= null; stacktrace=java.lang.Exception

08-12 10:41:21.627  5787  6141 I LSPosed-Bridge: 	at com.example.permlabel.hookCamera$1.afterHookedMethod(hookCamera.java:21)

08-12 10:41:21.627  5787  6141 I LSPosed-Bridge: 	at com.example.permlabel.hookCamera$1.afterHookedMethod(hookCamera.java:21)

08-12 10:41:21.627  5787  6141 I LSPosed-Bridge: 	at de.robv.android.xposed.XposedBridge$AdditionalHookInfo.callback(Unknown Source:147)

08-12 10:41:21.627  5787  6141 I LSPosed-Bridge: 	at de.robv.android.xposed.XposedBridge$AdditionalHookInfo.callback(Unknown Source:147)

08-12 10:41:21.627  5787  6141 I LSPosed-Bridge: 	at LSPHooker_.getCameraInfo(Unknown Source:15)

08-12 10:41:21.627  5787  6141 I LSPosed-Bridge: 	at LSPHooker_.getCameraInfo(Unknown Source:15)

08-12 10:41:21.627  5787  6141 I LSPosed-Bridge: 	at R74.e(chromium-Monochrome.aab-stable-579016621:6)

08-12 10:41:21.627  5787  6141 I LSPosed-Bridge: 	at R74.e(chromium-Monochrome.aab-stable-579016621:6)

08-12 10:41:21.627  5787  6141 I LSPosed-Bridge: 	at org.chromium.media.VideoCaptureFactory.getDeviceName(chromium-Monochrome.aab-stable-579016621:15)

08-12 10:41:21.627  5787  6141 I LSPosed-Bridge: 	at org.chromium.media.VideoCaptureFactory.getDeviceName(chromium-Monochrome.aab-stable-579016621:15)

08-12 10:41:21.682  5787  6141 I LSPosed-Bridge: 5787 PermLabel 10132 android.permission.CAMERA getCameraInfo args0: 0; args1: android.hardware.Camera$CameraInfo@4c2ffc0; res= null; stacktrace=java.lang.Exception

08-12 10:41:21.682  5787  6141 I LSPosed-Bridge: 5787 PermLabel 10132 android.permission.CAMERA getCameraInfo args0: 0; args1: android.hardware.Camera$CameraInfo@4c2ffc0; res= null; stacktrace=java.lang.Exception

08-12 10:41:21.682  5787  6141 I LSPosed-Bridge: 	at com.example.permlabel.hookCamera$1.afterHookedMethod(hookCamera.java:21)

08-12 10:41:21.682  5787  6141 I LSPosed-Bridge: 	at com.example.permlabel.hookCamera$1.afterHookedMethod(hookCamera.java:21)

08-12 10:41:21.682  5787  6141 I LSPosed-Bridge: 	at de.robv.android.xposed.XposedBridge$AdditionalHookInfo.callback(Unknown Source:147)

08-12 10:41:21.682  5787  6141 I LSPosed-Bridge: 	at de.robv.android.xposed.XposedBridge$AdditionalHookInfo.callback(Unknown Source:147)

08-12 10:41:21.682  5787  6141 I LSPosed-Bridge: 	at LSPHooker_.getCameraInfo(Unknown Source:15)

08-12 10:41:21.682  5787  6141 I LSPosed-Bridge: 	at LSPHooker_.getCameraInfo(Unknown Source:15)

08-12 10:41:21.682  5787  6141 I LSPosed-Bridge: 	at R74.e(chromium-Monochrome.aab-stable-579016621:6)

08-12 10:41:21.682  5787  6141 I LSPosed-Bridge: 	at R74.e(chromium-Monochrome.aab-stable-579016621:6)

08-12 10:41:21.682  5787  6141 I LSPosed-Bridge: 	at org.chromium.media.VideoCaptureFactory.getCaptureApiType(chromium-Monochrome.aab-stable-579016621:8)

08-12 10:41:21.682  5787  6141 I LSPosed-Bridge: 	at org.chromium.media.VideoCaptureFactory.getCaptureApiType(chromium-Monochrome.aab-stable-579016621:8)

08-12 10:41:21.682  5787  6141 I LSPosed-Bridge: 5787 PermLabel 10132 android.permission.CAMERA getCameraInfo args0: 0; args1: android.hardware.Camera$CameraInfo@4c2ffc0; res= null; stacktrace=java.lang.Exception

08-12 10:41:21.682  5787  6141 I LSPosed-Bridge: 5787 PermLabel 10132 android.permission.CAMERA getCameraInfo args0: 0; args1: android.hardware.Camera$CameraInfo@4c2ffc0; res= null; stacktrace=java.lang.Exception

08-12 10:41:21.682  5787  6141 I LSPosed-Bridge: 	at com.example.permlabel.hookCamera$1.afterHookedMethod(hookCamera.java:21)

08-12 10:41:21.682  5787  6141 I LSPosed-Bridge: 	at com.example.permlabel.hookCamera$1.afterHookedMethod(hookCamera.java:21)

08-12 10:41:21.682  5787  6141 I LSPosed-Bridge: 	at de.robv.android.xposed.XposedBridge$AdditionalHookInfo.callback(Unknown Source:147)

08-12 10:41:21.682  5787  6141 I LSPosed-Bridge: 	at de.robv.android.xposed.XposedBridge$AdditionalHookInfo.callback(Unknown Source:147)

08-12 10:41:21.682  5787  6141 I LSPosed-Bridge: 	at LSPHooker_.getCameraInfo(Unknown Source:15)

08-12 10:41:21.682  5787  6141 I LSPosed-Bridge: 	at LSPHooker_.getCameraInfo(Unknown Source:15)

08-12 10:41:21.682  5787  6141 I LSPosed-Bridge: 	at R74.e(chromium-Monochrome.aab-stable-579016621:6)

08-12 10:41:21.682  5787  6141 I LSPosed-Bridge: 	at R74.e(chromium-Monochrome.aab-stable-579016621:6)

08-12 10:41:21.682  5787  6141 I LSPosed-Bridge: 	at org.chromium.media.VideoCaptureFactory.getCaptureApiType(chromium-Monochrome.aab-stable-579016621:8)

08-12 10:41:21.682  5787  6141 I LSPosed-Bridge: 	at org.chromium.media.VideoCaptureFactory.getCaptureApiType(chromium-Monochrome.aab-stable-579016621:8)

08-12 10:41:21.708  5787  6141 I LSPosed-Bridge: 5787 PermLabel 10132 android.permission.CAMERA getCameraInfo args0: 0; args1: android.hardware.Camera$CameraInfo@1dd516; res= null; stacktrace=java.lang.Exception

08-12 10:41:21.708  5787  6141 I LSPosed-Bridge: 	at com.example.permlabel.hookCamera$1.afterHookedMethod(hookCamera.java:21)

08-12 10:41:21.708  5787  6141 I LSPosed-Bridge: 	at de.robv.android.xposed.XposedBridge$AdditionalHookInfo.callback(Unknown Source:147)

08-12 10:41:21.708  5787  6141 I LSPosed-Bridge: 	at LSPHooker_.getCameraInfo(Unknown Source:15)

08-12 10:41:21.708  5787  6141 I LSPosed-Bridge: 	at R74.e(chromium-Monochrome.aab-stable-579016621:6)

08-12 10:41:21.708  5787  6141 I LSPosed-Bridge: 	at org.chromium.media.VideoCaptureFactory.getFacingMode(chromium-Monochrome.aab-stable-579016621:10)

08-12 10:41:21.709  5787  6141 I LSPosed-Bridge: 5787 PermLabel 10132 android.permission.CAMERA getCameraInfo args0: 0; args1: android.hardware.Camera$CameraInfo@1dd516; res= null; stacktrace=java.lang.Exception

08-12 10:41:21.709  5787  6141 I LSPosed-Bridge: 	at com.example.permlabel.hookCamera$1.afterHookedMethod(hookCamera.java:21)

08-12 10:41:21.709  5787  6141 I LSPosed-Bridge: 	at de.robv.android.xposed.XposedBridge$AdditionalHookInfo.callback(Unknown Source:147)

08-12 10:41:21.709  5787  6141 I LSPosed-Bridge: 	at LSPHooker_.getCameraInfo(Unknown Source:15)

08-12 10:41:21.709  5787  6141 I LSPosed-Bridge: 	at R74.e(chromium-Monochrome.aab-stable-579016621:6)

08-12 10:41:21.709  5787  6141 I LSPosed-Bridge: 	at org.chromium.media.VideoCaptureFactory.getFacingMode(chromium-Monochrome.aab-stable-579016621:10)

08-12 10:41:21.728  1557  1661 I LSPosed-Bridge: 5787 PermLabel 10132 AMS.checkPermission: Binder.getCallingPid() = 910; uid = 10132; Binder.getCallingUid() = 1047; getNameForUid: null; getPackagesForUid: null; permName: android.permission.CAMERA; type = 1; res = -1; stacktrace=java.lang.Exception

08-12 10:41:21.728  1557  1661 I LSPosed-Bridge: 	at com.example.permlabel.requirePerm$1$2.afterHookedMethod(requirePerm.java:138)

08-12 10:41:21.728  1557  1661 I LSPosed-Bridge: 	at de.robv.android.xposed.XposedBridge$AdditionalHookInfo.callback(Unknown Source:147)

08-12 10:41:21.728  1557  1661 I LSPosed-Bridge: 	at LSPHooker_.checkPermission(Unknown Source:25)

08-12 10:41:21.728  1557  1661 I LSPosed-Bridge: 	at com.android.server.am.ActivityManagerService$PermissionController.checkPermission(ActivityManagerService.java:9248)

08-12 10:41:21.728  1557  1661 I LSPosed-Bridge: 	at android.os.IPermissionController$Stub.onTransact(IPermissionController.java:56)

08-12 10:41:21.728  1557  1661 I LSPosed-Bridge: 	at android.os.Binder.execTransact(Binder.java:731)

08-12 10:41:21.728   910  4842 W ServiceManager: Permission failure: android.permission.CAMERA from uid=10132 pid=5787

08-12 10:41:21.728   910  4842 E CameraService: Permission Denial: can't use the camera pid=5787, uid=10132

08-12 10:41:21.831  1557  6023 I LSPosed-Bridge: 5787 PermLabel 10132 AMS.checkPermission: Binder.getCallingPid() = 910; uid = 10132; Binder.getCallingUid() = 1047; getNameForUid: null; getPackagesForUid: null; permName: android.permission.CAMERA; type = 1; res = -1; stacktrace=java.lang.Exception

08-12 10:41:21.831  1557  6023 I LSPosed-Bridge: 	at com.example.permlabel.requirePerm$1$2.afterHookedMethod(requirePerm.java:138)

08-12 10:41:21.831  1557  6023 I LSPosed-Bridge: 	at de.robv.android.xposed.XposedBridge$AdditionalHookInfo.callback(Unknown Source:147)

08-12 10:41:21.831  1557  6023 I LSPosed-Bridge: 	at LSPHooker_.checkPermission(Unknown Source:25)

08-12 10:41:21.831  1557  6023 I LSPosed-Bridge: 	at com.android.server.am.ActivityManagerService$PermissionController.checkPermission(ActivityManagerService.java:9248)

08-12 10:41:21.831  1557  6023 I LSPosed-Bridge: 	at android.os.IPermissionController$Stub.onTransact(IPermissionController.java:56)

08-12 10:41:21.831  1557  6023 I LSPosed-Bridge: 	at android.os.Binder.execTransact(Binder.java:731)

08-12 10:41:21.831  5787  5787 I LSPosed-Bridge: 5787 PermLabel hookBinder_test 10132 interfaceBinder =android.view.accessibility.IAccessibilityInteractionConnectionCallback; arg0 = 2; arg1 = android.os.Parcel@7f729af; arg2 = null; arg3 = 1; res = true; stacktrace=java.lang.Exception

08-12 10:41:21.831  5787  5787 I LSPosed-Bridge: 	at com.example.permlabel.hookBinder_test$1.afterHookedMethod(hookBinder_test.java:63)

08-12 10:41:21.831  5787  5787 I LSPosed-Bridge: 	at de.robv.android.xposed.XposedBridge$AdditionalHookInfo.callback(Unknown Source:147)

08-12 10:41:21.831  5787  5787 I LSPosed-Bridge: 	at LSPHooker_.transact(Unknown Source:28)

08-12 10:41:21.831  5787  5787 I LSPosed-Bridge: 	at android.view.accessibility.IAccessibilityInteractionConnectionCallback$Stub$Proxy.setFindAccessibilityNodeInfosResult(IAccessibilityInteractionConnectionCallback.java:146)

08-12 10:41:21.831  5787  5787 I LSPosed-Bridge: 	at android.view.AccessibilityInteractionController.updateInfosForViewportAndReturnFindNodeResult(AccessibilityInteractionController.java:869)

08-12 10:41:21.831  5787  5787 I LSPosed-Bridge: 	at android.view.AccessibilityInteractionController.findAccessibilityNodeInfoByAccessibilityIdUiThread(AccessibilityInteractionController.java:340)

08-12 10:41:21.831  5787  5787 I LSPosed-Bridge: 	at android.view.AccessibilityInteractionController.access$400(AccessibilityInteractionController.java:67)

08-12 10:41:21.831  5787  5787 I LSPosed-Bridge: 	at android.view.AccessibilityInteractionController$PrivateHandler.handleMessage(AccessibilityInteractionController.java:1324)

08-12 10:41:21.831  5787  5787 I LSPosed-Bridge: 	at android.os.Handler.dispatchMessage(Handler.java:106)

08-12 10:41:21.831  5787  5787 I LSPosed-Bridge: 	at android.os.Looper.loop(Looper.java:193)

08-12 10:41:21.831  5787  5787 I LSPosed-Bridge: 	at com.microsoft.clarity.b0.m1.run(R8$$SyntheticClass:48)

08-12 10:41:21.831  5787  5787 I LSPosed-Bridge: 	at android.os.Handler.handleCallback(Handler.java:873)

08-12 10:41:21.831  5787  5787 I LSPosed-Bridge: 	at android.os.Handler.dispatchMessage(Handler.java:99)

08-12 10:41:21.831  5787  5787 I LSPosed-Bridge: 	at android.os.Looper.loop(Looper.java:193)

08-12 10:41:21.831  5787  5787 I LSPosed-Bridge: 	at android.app.ActivityThread.main(ActivityThread.java:6692)

08-12 10:41:21.831  5787  5787 I LSPosed-Bridge: 	at java.lang.reflect.Method.invoke(Native Method)

08-12 10:41:21.831  5787  5787 I LSPosed-Bridge: 	at com.android.internal.os.RuntimeInit$MethodAndArgsCaller.run(RuntimeInit.java:493)

08-12 10:41:21.831  5787  5787 I LSPosed-Bridge: 	at com.android.internal.os.ZygoteInit.main(ZygoteInit.java:858)

08-12 10:41:21.831   910  4842 W ServiceManager: Permission failure: android.permission.CAMERA from uid=10132 pid=5787

08-12 10:41:21.831   910  4842 E CameraService: Permission Denial: can't use the camera pid=5787, uid=10132

08-12 10:41:21.831  5787  6141 W CameraBase: An error occurred while connecting to camera 0: Status(-8): '1: validateClientPermissionsLocked:906: Caller "com.microsoft.amp.apps.bingnews" (PID 10132, UID 5787) cannot open camera "0" without camera permission'

08-12 10:41:21.934  1557  1661 I LSPosed-Bridge: 5787 PermLabel 10132 AMS.checkPermission: Binder.getCallingPid() = 910; uid = 10132; Binder.getCallingUid() = 1047; getNameForUid: null; getPackagesForUid: null; permName: android.permission.CAMERA; type = 1; res = -1; stacktrace=java.lang.Exception

08-12 10:41:21.934  1557  1661 I LSPosed-Bridge: 	at com.example.permlabel.requirePerm$1$2.afterHookedMethod(requirePerm.java:138)

08-12 10:41:21.934  1557  1661 I LSPosed-Bridge: 	at de.robv.android.xposed.XposedBridge$AdditionalHookInfo.callback(Unknown Source:147)

08-12 10:41:21.934  1557  1661 I LSPosed-Bridge: 	at LSPHooker_.checkPermission(Unknown Source:25)

08-12 10:41:21.934  1557  1661 I LSPosed-Bridge: 	at com.android.server.am.ActivityManagerService$PermissionController.checkPermission(ActivityManagerService.java:9248)

08-12 10:41:21.934  1557  1661 I LSPosed-Bridge: 	at android.os.IPermissionController$Stub.onTransact(IPermissionController.java:56)

08-12 10:41:21.934  1557  1661 I LSPosed-Bridge: 	at android.os.Binder.execTransact(Binder.java:731)

08-12 10:41:21.934   910  4842 W ServiceManager: Permission failure: android.permission.CAMERA from uid=10132 pid=5787

08-12 10:41:21.934   910  4842 E CameraService: Permission Denial: can't use the camera pid=5787, uid=10132

08-12 10:41:22.036   550   550 I ConfigStore: android::hardware::configstore::V1_0::ISurfaceFlingerConfigs::hasHDRDisplay retrieved: 0

08-12 10:41:22.036  1557  1661 I LSPosed-Bridge: 5787 PermLabel 10132 AMS.checkPermission: Binder.getCallingPid() = 910; uid = 10132; Binder.getCallingUid() = 1047; getNameForUid: null; getPackagesForUid: null; permName: android.permission.CAMERA; type = 1; res = -1; stacktrace=java.lang.Exception

08-12 10:41:22.036  1557  1661 I LSPosed-Bridge: 	at com.example.permlabel.requirePerm$1$2.afterHookedMethod(requirePerm.java:138)

08-12 10:41:22.036  1557  1661 I LSPosed-Bridge: 	at de.robv.android.xposed.XposedBridge$AdditionalHookInfo.callback(Unknown Source:147)

08-12 10:41:22.036  1557  1661 I LSPosed-Bridge: 	at LSPHooker_.checkPermission(Unknown Source:25)

08-12 10:41:22.036  1557  1661 I LSPosed-Bridge: 	at com.android.server.am.ActivityManagerService$PermissionController.checkPermission(ActivityManagerService.java:9248)

08-12 10:41:22.036  1557  1661 I LSPosed-Bridge: 	at android.os.IPermissionController$Stub.onTransact(IPermissionController.java:56)

08-12 10:41:22.036  1557  1661 I LSPosed-Bridge: 	at android.os.Binder.execTransact(Binder.java:731)

08-12 10:41:22.142  1557  8071 I LSPosed-Bridge: 5787 PermLabel 10132 AMS.checkPermission: Binder.getCallingPid() = 910; uid = 10132; Binder.getCallingUid() = 1047; getNameForUid: null; getPackagesForUid: null; permName: android.permission.CAMERA; type = 1; res = -1; stacktrace=java.lang.Exception

08-12 10:41:22.142  1557  8071 I LSPosed-Bridge: 	at com.example.permlabel.requirePerm$1$2.afterHookedMethod(requirePerm.java:138)

08-12 10:41:22.142  1557  8071 I LSPosed-Bridge: 	at de.robv.android.xposed.XposedBridge$AdditionalHookInfo.callback(Unknown Source:147)

08-12 10:41:22.142  1557  8071 I LSPosed-Bridge: 	at LSPHooker_.checkPermission(Unknown Source:25)

08-12 10:41:22.142  1557  8071 I LSPosed-Bridge: 	at com.android.server.am.ActivityManagerService$PermissionController.checkPermission(ActivityManagerService.java:9248)

08-12 10:41:22.142  1557  8071 I LSPosed-Bridge: 	at android.os.IPermissionController$Stub.onTransact(IPermissionController.java:56)

08-12 10:41:22.142  1557  8071 I LSPosed-Bridge: 	at android.os.Binder.execTransact(Binder.java:731)

08-12 10:41:22.142  5787  5787 I LSPosed-Bridge: 5787 PermLabel hookBinder_test 10132 interfaceBinder =android.app.IActivityManager; arg0 = 24; arg1 = android.os.Parcel@c410948; arg2 = android.os.Parcel@7f729af; arg3 = 0; res = true; stacktrace=java.lang.Exception

08-12 10:41:22.142  5787  5787 I LSPosed-Bridge: 	at com.example.permlabel.hookBinder_test$1.afterHookedMethod(hookBinder_test.java:63)

08-12 10:41:22.142  5787  5787 I LSPosed-Bridge: 	at de.robv.android.xposed.XposedBridge$AdditionalHookInfo.callback(Unknown Source:147)

08-12 10:41:22.142  5787  5787 I LSPosed-Bridge: 	at LSPHooker_.transact(Unknown Source:28)

08-12 10:41:22.142  5787  5787 I LSPosed-Bridge: 	at android.app.IActivityManager$Stub$Proxy.getTaskForActivity(IActivityManager.java:4159)

08-12 10:41:22.142  5787  5787 I LSPosed-Bridge: 	at android.app.Activity.getTaskId(Activity.java:5908)

08-12 10:41:22.142  5787  5787 I LSPosed-Bridge: 	at com.microsoft.clarity.n40.g.invoke(TabsRecordManager.kt:5)

08-12 10:41:22.142  5787  5787 I LSPosed-Bridge: 	at kotlin.collections.CollectionsKt__MutableCollectionsKt.filterInPlace$CollectionsKt__MutableCollectionsKt(MutableCollections.kt:3)

08-12 10:41:22.142  5787  5787 I LSPosed-Bridge: 	at kotlin.collections.CollectionsKt__MutableCollectionsKt.removeAll(MutableCollections.kt:6)

08-12 10:41:22.142  5787  5787 I LSPosed-Bridge: 	at kotlin.collections.CollectionsKt.u(Unknown Source:1)

08-12 10:41:22.142  5787  5787 I LSPosed-Bridge: 	at com.microsoft.sapphire.app.SessionManager.onActivityResumed(SessionManager.kt:292)

08-12 10:41:22.142  5787  5787 I LSPosed-Bridge: 	at android.app.Application.dispatchActivityResumed(Application.java:239)

08-12 10:41:22.142  5787  5787 I LSPosed-Bridge: 	at android.app.Activity.onResume(Activity.java:1343)

08-12 10:41:22.142  5787  5787 I LSPosed-Bridge: 	at androidx.fragment.app.FragmentActivity.onResume(FragmentActivity.java:6)

08-12 10:41:22.142  5787  5787 I LSPosed-Bridge: 	at com.microsoft.sapphire.app.main.BaseSapphireActivity.onResume(BaseSapphireActivity.kt:1)

08-12 10:41:22.142  5787  5787 I LSPosed-Bridge: 	at com.microsoft.sapphire.app.main.SapphireHomeV3Activity.onResume(SapphireHomeV3Activity.kt:6)

08-12 10:41:22.142  5787  5787 I LSPosed-Bridge: 	at android.app.Instrumentation.callActivityOnResume(Instrumentation.java:1413)

08-12 10:41:22.142  5787  5787 I LSPosed-Bridge: 	at android.app.Activity.performResume(Activity.java:7292)

08-12 10:41:22.142  5787  5787 I LSPosed-Bridge: 	at android.app.ActivityThread.performResumeActivity(ActivityThread.java:3777)

08-12 10:41:22.142  5787  5787 I LSPosed-Bridge: 	at android.app.ActivityThread.handleResumeActivity(ActivityThread.java:3817)

08-12 10:41:22.142  5787  5787 I LSPosed-Bridge: 	at android.app.servertransaction.ResumeActivityItem.execute(ResumeActivityItem.java:51)

08-12 10:41:22.142  5787  5787 I LSPosed-Bridge: 	at android.app.servertransaction.TransactionExecutor.executeLifecycleState(TransactionExecutor.java:145)

08-12 10:41:22.142  5787  5787 I LSPosed-Bridge: 	at android.app.servertransaction.TransactionExecutor.execute(TransactionExecutor.java:70)

08-12 10:41:22.142  5787  5787 I LSPosed-Bridge: 	at android.app.ActivityThread$H.handleMessage(ActivityThread.java:1809)

08-12 10:41:22.142  5787  5787 I LSPosed-Bridge: 	at android.os.Handler.dispatchMessage(Handler.java:106)

08-12 10:41:22.142  5787  5787 I LSPosed-Bridge: 	at android.os.Looper.loop(Looper.java:193)

08-12 10:41:22.142  5787  5787 I LSPosed-Bridge: 	at com.microsoft.clarity.b0.m1.run(R8$$SyntheticClass:48)

08-12 10:41:22.142  5787  5787 I LSPosed-Bridge: 	at android.os.Handler.handleCallback(Handler.java:873)

08-12 10:41:22.142  5787  5787 I LSPosed-Bridge: 	at android.os.Handler.dispatchMessage(Handler.java:99)

08-12 10:41:22.142  5787  5787 I LSPosed-Bridge: 	at android.os.Looper.loop(Looper.java:193)

08-12 10:41:22.142  5787  5787 I LSPosed-Bridge: 	at android.app.ActivityThread.main(ActivityThread.java:6692)

08-12 10:41:22.142  5787  5787 I LSPosed-Bridge: 	at java.lang.reflect.Method.invoke(Native Method)

08-12 10:41:22.142  5787  5787 I LSPosed-Bridge: 	at com.android.internal.os.RuntimeInit$MethodAndArgsCaller.run(RuntimeInit.java:493)

08-12 10:41:22.142  5787  5787 I LSPosed-Bridge: 	at com.android.internal.os.ZygoteInit.main(ZygoteInit.java:858)

08-12 10:41:22.142   550   550 I ConfigStore: android::hardware::configstore::V1_0::ISurfaceFlingerConfigs::hasHDRDisplay retrieved: 0

08-12 10:41:22.142   910  4842 W ServiceManager: Permission failure: android.permission.CAMERA from uid=10132 pid=5787

08-12 10:41:22.142   910  4842 E CameraService: Permission Denial: can't use the camera pid=5787, uid=10132

08-12 10:41:22.246  1557  1661 I LSPosed-Bridge: 5787 PermLabel 10132 AMS.checkPermission: Binder.getCallingPid() = 910; uid = 10132; Binder.getCallingUid() = 1047; getNameForUid: null; getPackagesForUid: null; permName: android.permission.CAMERA; type = 1; res = -1; stacktrace=java.lang.Exception

08-12 10:41:22.246  1557  1661 I LSPosed-Bridge: 	at com.example.permlabel.requirePerm$1$2.afterHookedMethod(requirePerm.java:138)

08-12 10:41:22.246  1557  1661 I LSPosed-Bridge: 	at de.robv.android.xposed.XposedBridge$AdditionalHookInfo.callback(Unknown Source:147)

08-12 10:41:22.246  1557  1661 I LSPosed-Bridge: 	at LSPHooker_.checkPermission(Unknown Source:25)

08-12 10:41:22.246  1557  1661 I LSPosed-Bridge: 	at com.android.server.am.ActivityManagerService$PermissionController.checkPermission(ActivityManagerService.java:9248)

08-12 10:41:22.246  1557  1661 I LSPosed-Bridge: 	at android.os.IPermissionController$Stub.onTransact(IPermissionController.java:56)

08-12 10:41:22.246  1557  1661 I LSPosed-Bridge: 	at android.os.Binder.execTransact(Binder.java:731)

08-12 10:41:22.246   910  4842 W ServiceManager: Permission failure: android.permission.CAMERA from uid=10132 pid=5787

08-12 10:41:22.246   910  4842 E CameraService: Permission Denial: can't use the camera pid=5787, uid=10132

08-12 10:41:22.349  5787  5787 I LSPosed-Bridge: 5787 PermLabel hookBinder_test 10132 interfaceBinder =android.net.INetworkStatsService; arg0 = 11; arg1 = android.os.Parcel@54629f8; arg2 = android.os.Parcel@7f729af; arg3 = 0; res = true; stacktrace=java.lang.Exception

08-12 10:41:22.349  5787  5787 I LSPosed-Bridge: 	at com.example.permlabel.hookBinder_test$1.afterHookedMethod(hookBinder_test.java:63)

08-12 10:41:22.349  5787  5787 I LSPosed-Bridge: 	at de.robv.android.xposed.XposedBridge$AdditionalHookInfo.callback(Unknown Source:147)

08-12 10:41:22.349  5787  5787 I LSPosed-Bridge: 	at LSPHooker_.transact(Unknown Source:28)

08-12 10:41:22.349  5787  5787 I LSPosed-Bridge: 	at android.net.INetworkStatsService$Stub$Proxy.getUidStats(INetworkStatsService.java:471)

08-12 10:41:22.349  5787  5787 I LSPosed-Bridge: 	at android.net.TrafficStats.getUidRxBytes(TrafficStats.java:761)

08-12 10:41:22.349  5787  5787 I LSPosed-Bridge: 	at com.microsoft.clarity.y10.c.b(TrafficUtils.kt:53)

08-12 10:41:22.349  5787  5787 I LSPosed-Bridge: 	at com.microsoft.sapphire.runtime.utils.MiniAppLifeCycleUtils.b(MiniAppLifeCycleUtils.kt:173)

08-12 10:41:22.349  5787  5787 I LSPosed-Bridge: 	at com.microsoft.sapphire.app.sydney.view.SydneySingleWebViewActivity.onDestroy(SydneySingleWebViewActivity.kt:250)

08-12 10:41:22.349  5787  5787 I LSPosed-Bridge: 	at android.app.Activity.performDestroy(Activity.java:7395)

08-12 10:41:22.349  5787  5787 I LSPosed-Bridge: 	at android.app.Instrumentation.callActivityOnDestroy(Instrumentation.java:1307)

08-12 10:41:22.349  5787  5787 I LSPosed-Bridge: 	at android.app.ActivityThread.performDestroyActivity(ActivityThread.java:4444)

08-12 10:41:22.349  5787  5787 I LSPosed-Bridge: 	at android.app.ActivityThread.handleDestroyActivity(ActivityThread.java:4477)

08-12 10:41:22.349  5787  5787 I LSPosed-Bridge: 	at android.app.servertransaction.DestroyActivityItem.execute(DestroyActivityItem.java:39)

08-12 10:41:22.349  5787  5787 I LSPosed-Bridge: 	at android.app.servertransaction.TransactionExecutor.executeLifecycleState(TransactionExecutor.java:145)

08-12 10:41:22.349  5787  5787 I LSPosed-Bridge: 	at android.app.servertransaction.TransactionExecutor.execute(TransactionExecutor.java:70)

08-12 10:41:22.349  5787  5787 I LSPosed-Bridge: 	at android.app.ActivityThread$H.handleMessage(ActivityThread.java:1809)

08-12 10:41:22.349  5787  5787 I LSPosed-Bridge: 	at android.os.Handler.dispatchMessage(Handler.java:106)

08-12 10:41:22.349  5787  5787 I LSPosed-Bridge: 	at android.os.Looper.loop(Looper.java:193)

08-12 10:41:22.349  5787  5787 I LSPosed-Bridge: 	at com.microsoft.clarity.b0.m1.run(R8$$SyntheticClass:48)

08-12 10:41:22.349  5787  5787 I LSPosed-Bridge: 	at android.os.Handler.handleCallback(Handler.java:873)

08-12 10:41:22.349  5787  5787 I LSPosed-Bridge: 	at android.os.Handler.dispatchMessage(Handler.java:99)

08-12 10:41:22.349  5787  5787 I LSPosed-Bridge: 	at android.os.Looper.loop(Looper.java:193)

08-12 10:41:22.349  5787  5787 I LSPosed-Bridge: 	at android.app.ActivityThread.main(ActivityThread.java:6692)

08-12 10:41:22.349  5787  5787 I LSPosed-Bridge: 	at java.lang.reflect.Method.invoke(Native Method)

