08-12 10:41:22.349  5787  5787 I LSPosed-Bridge: 	at com.android.internal.os.RuntimeInit$MethodAndArgsCaller.run(RuntimeInit.java:493)

08-12 10:41:22.349  5787  5787 I LSPosed-Bridge: 	at com.android.internal.os.ZygoteInit.main(ZygoteInit.java:858)

08-12 10:41:22.349  1557  8071 I LSPosed-Bridge: 5787 PermLabel 10132 AMS.checkPermission: Binder.getCallingPid() = 910; uid = 10132; Binder.getCallingUid() = 1047; getNameForUid: null; getPackagesForUid: null; permName: android.permission.CAMERA; type = 1; res = -1; stacktrace=java.lang.Exception

08-12 10:41:22.349  1557  8071 I LSPosed-Bridge: 	at com.example.permlabel.requirePerm$1$2.afterHookedMethod(requirePerm.java:138)

08-12 10:41:22.349  1557  8071 I LSPosed-Bridge: 	at de.robv.android.xposed.XposedBridge$AdditionalHookInfo.callback(Unknown Source:147)

08-12 10:41:22.349  1557  8071 I LSPosed-Bridge: 	at LSPHooker_.checkPermission(Unknown Source:25)

08-12 10:41:22.349  1557  8071 I LSPosed-Bridge: 	at com.android.server.am.ActivityManagerService$PermissionController.checkPermission(ActivityManagerService.java:9248)

08-12 10:41:22.349  1557  8071 I LSPosed-Bridge: 	at android.os.IPermissionController$Stub.onTransact(IPermissionController.java:56)

08-12 10:41:22.349  1557  8071 I LSPosed-Bridge: 	at android.os.Binder.execTransact(Binder.java:731)

08-12 10:41:22.349   910  4842 W ServiceManager: Permission failure: android.permission.CAMERA from uid=10132 pid=5787

08-12 10:41:22.349   910  4842 E CameraService: Permission Denial: can't use the camera pid=5787, uid=10132

08-12 10:41:22.453   550   550 I ConfigStore: android::hardware::configstore::V1_0::ISurfaceFlingerConfigs::hasHDRDisplay retrieved: 0

08-12 10:41:22.453  1557  1661 I LSPosed-Bridge: 5787 PermLabel 10132 AMS.checkPermission: Binder.getCallingPid() = 910; uid = 10132; Binder.getCallingUid() = 1047; getNameForUid: null; getPackagesForUid: null; permName: android.permission.CAMERA; type = 1; res = -1; stacktrace=java.lang.Exception

08-12 10:41:22.453  1557  1661 I LSPosed-Bridge: 	at com.example.permlabel.requirePerm$1$2.afterHookedMethod(requirePerm.java:138)

08-12 10:41:22.453  1557  1661 I LSPosed-Bridge: 	at de.robv.android.xposed.XposedBridge$AdditionalHookInfo.callback(Unknown Source:147)

08-12 10:41:22.453  1557  1661 I LSPosed-Bridge: 	at LSPHooker_.checkPermission(Unknown Source:25)

08-12 10:41:22.453  1557  1661 I LSPosed-Bridge: 	at com.android.server.am.ActivityManagerService$PermissionController.checkPermission(ActivityManagerService.java:9248)

08-12 10:41:22.453  1557  1661 I LSPosed-Bridge: 	at android.os.IPermissionController$Stub.onTransact(IPermissionController.java:56)

08-12 10:41:22.453  1557  1661 I LSPosed-Bridge: 	at android.os.Binder.execTransact(Binder.java:731)

08-12 10:41:22.559  1557  8071 I LSPosed-Bridge: 5787 PermLabel 10132 AMS.checkPermission: Binder.getCallingPid() = 910; uid = 10132; Binder.getCallingUid() = 1047; getNameForUid: null; getPackagesForUid: null; permName: android.permission.CAMERA; type = 1; res = -1; stacktrace=java.lang.Exception

08-12 10:41:22.559  1557  8071 I LSPosed-Bridge: 	at com.example.permlabel.requirePerm$1$2.afterHookedMethod(requirePerm.java:138)

08-12 10:41:22.559  1557  8071 I LSPosed-Bridge: 	at de.robv.android.xposed.XposedBridge$AdditionalHookInfo.callback(Unknown Source:147)

08-12 10:41:22.559  1557  8071 I LSPosed-Bridge: 	at LSPHooker_.checkPermission(Unknown Source:25)

08-12 10:41:22.559  1557  8071 I LSPosed-Bridge: 	at com.android.server.am.ActivityManagerService$PermissionController.checkPermission(ActivityManagerService.java:9248)

08-12 10:41:22.559  1557  8071 I LSPosed-Bridge: 	at android.os.IPermissionController$Stub.onTransact(IPermissionController.java:56)

08-12 10:41:22.559  1557  8071 I LSPosed-Bridge: 	at android.os.Binder.execTransact(Binder.java:731)

08-12 10:41:22.583  1557  8071 I LSPosed-Bridge: 5787 PermLabel 10132 AMS.checkPermission: Binder.getCallingPid() = 910; uid = 10132; Binder.getCallingUid() = 1047; getNameForUid: null; getPackagesForUid: null; permName: android.permission.CAMERA; type = 1; res = -1; stacktrace=java.lang.Exception

08-12 10:41:22.583  1557  8071 I LSPosed-Bridge: 	at com.example.permlabel.requirePerm$1$2.afterHookedMethod(requirePerm.java:138)

08-12 10:41:22.583  1557  8071 I LSPosed-Bridge: 	at de.robv.android.xposed.XposedBridge$AdditionalHookInfo.callback(Unknown Source:147)

08-12 10:41:22.583  1557  8071 I LSPosed-Bridge: 	at LSPHooker_.checkPermission(Unknown Source:25)

08-12 10:41:22.583  1557  8071 I LSPosed-Bridge: 	at com.android.server.am.ActivityManagerService$PermissionController.checkPermission(ActivityManagerService.java:9248)

08-12 10:41:22.583  1557  8071 I LSPosed-Bridge: 	at android.os.IPermissionController$Stub.onTransact(IPermissionController.java:56)

08-12 10:41:22.583  1557  8071 I LSPosed-Bridge: 	at android.os.Binder.execTransact(Binder.java:731)

08-12 10:41:22.583   910  4842 W ServiceManager: Permission failure: android.permission.CAMERA from uid=10132 pid=5787

08-12 10:41:22.583   910  4842 E CameraService: Permission Denial: can't use the camera pid=5787, uid=10132

08-12 10:41:22.687   550   550 I ConfigStore: android::hardware::configstore::V1_0::ISurfaceFlingerConfigs::hasHDRDisplay retrieved: 0

08-12 10:41:22.687  1557  8071 I LSPosed-Bridge: 5787 PermLabel 10132 AMS.checkPermission: Binder.getCallingPid() = 910; uid = 10132; Binder.getCallingUid() = 1047; getNameForUid: null; getPackagesForUid: null; permName: android.permission.CAMERA; type = 1; res = -1; stacktrace=java.lang.Exception

08-12 10:41:22.687  1557  8071 I LSPosed-Bridge: 	at com.example.permlabel.requirePerm$1$2.afterHookedMethod(requirePerm.java:138)

08-12 10:41:22.687  1557  8071 I LSPosed-Bridge: 	at de.robv.android.xposed.XposedBridge$AdditionalHookInfo.callback(Unknown Source:147)

08-12 10:41:22.687  1557  8071 I LSPosed-Bridge: 	at LSPHooker_.checkPermission(Unknown Source:25)

08-12 10:41:22.687  1557  8071 I LSPosed-Bridge: 	at com.android.server.am.ActivityManagerService$PermissionController.checkPermission(ActivityManagerService.java:9248)

08-12 10:41:22.687  1557  8071 I LSPosed-Bridge: 	at android.os.IPermissionController$Stub.onTransact(IPermissionController.java:56)

08-12 10:41:22.687  1557  8071 I LSPosed-Bridge: 	at android.os.Binder.execTransact(Binder.java:731)

08-12 10:41:22.687   910  4842 W ServiceManager: Permission failure: android.permission.CAMERA from uid=10132 pid=5787

08-12 10:41:22.687   910  4842 E CameraService: Permission Denial: can't use the camera pid=5787, uid=10132

08-12 10:41:22.791  1557  1661 I LSPosed-Bridge: 5787 PermLabel 10132 AMS.checkPermission: Binder.getCallingPid() = 910; uid = 10132; Binder.getCallingUid() = 1047; getNameForUid: null; getPackagesForUid: null; permName: android.permission.CAMERA; type = 1; res = -1; stacktrace=java.lang.Exception

08-12 10:41:22.791  1557  1661 I LSPosed-Bridge: 	at com.example.permlabel.requirePerm$1$2.afterHookedMethod(requirePerm.java:138)

08-12 10:41:22.791  1557  1661 I LSPosed-Bridge: 	at de.robv.android.xposed.XposedBridge$AdditionalHookInfo.callback(Unknown Source:147)

08-12 10:41:22.791  1557  1661 I LSPosed-Bridge: 	at LSPHooker_.checkPermission(Unknown Source:25)

08-12 10:41:22.791  1557  1661 I LSPosed-Bridge: 	at com.android.server.am.ActivityManagerService$PermissionController.checkPermission(ActivityManagerService.java:9248)

08-12 10:41:22.791  1557  1661 I LSPosed-Bridge: 	at android.os.IPermissionController$Stub.onTransact(IPermissionController.java:56)

08-12 10:41:22.791  1557  1661 I LSPosed-Bridge: 	at android.os.Binder.execTransact(Binder.java:731)

08-12 10:41:22.791   910  4842 W ServiceManager: Permission failure: android.permission.CAMERA from uid=10132 pid=5787

08-12 10:41:22.791   910  4842 E CameraService: Permission Denial: can't use the camera pid=5787, uid=10132

08-12 10:41:22.894  1557  1661 I LSPosed-Bridge: 5787 PermLabel 10132 AMS.checkPermission: Binder.getCallingPid() = 910; uid = 10132; Binder.getCallingUid() = 1047; getNameForUid: null; getPackagesForUid: null; permName: android.permission.CAMERA; type = 1; res = -1; stacktrace=java.lang.Exception

08-12 10:41:22.894  1557  1661 I LSPosed-Bridge: 	at com.example.permlabel.requirePerm$1$2.afterHookedMethod(requirePerm.java:138)

08-12 10:41:22.894  1557  1661 I LSPosed-Bridge: 	at de.robv.android.xposed.XposedBridge$AdditionalHookInfo.callback(Unknown Source:147)

08-12 10:41:22.894  1557  1661 I LSPosed-Bridge: 	at LSPHooker_.checkPermission(Unknown Source:25)

08-12 10:41:22.894  1557  1661 I LSPosed-Bridge: 	at com.android.server.am.ActivityManagerService$PermissionController.checkPermission(ActivityManagerService.java:9248)

08-12 10:41:22.894  1557  1661 I LSPosed-Bridge: 	at android.os.IPermissionController$Stub.onTransact(IPermissionController.java:56)

08-12 10:41:22.894  1557  1661 I LSPosed-Bridge: 	at android.os.Binder.execTransact(Binder.java:731)

08-12 10:41:22.894   910  4842 W ServiceManager: Permission failure: android.permission.CAMERA from uid=10132 pid=5787

08-12 10:41:22.894   910  4842 E CameraService: Permission Denial: can't use the camera pid=5787, uid=10132

08-12 10:41:22.894  5787  6141 W CameraBase: An error occurred while connecting to camera 0: Status(-8): '1: validateClientPermissionsLocked:906: Caller "com.microsoft.amp.apps.bingnews" (PID 10132, UID 5787) cannot open camera "0" without camera permission'

08-12 10:41:22.996  1557  1661 I LSPosed-Bridge: 5787 PermLabel 10132 AMS.checkPermission: Binder.getCallingPid() = 910; uid = 10132; Binder.getCallingUid() = 1047; getNameForUid: null; getPackagesForUid: null; permName: android.permission.CAMERA; type = 1; res = -1; stacktrace=java.lang.Exception

08-12 10:41:22.996  1557  1661 I LSPosed-Bridge: 	at com.example.permlabel.requirePerm$1$2.afterHookedMethod(requirePerm.java:138)

08-12 10:41:22.996  1557  1661 I LSPosed-Bridge: 	at de.robv.android.xposed.XposedBridge$AdditionalHookInfo.callback(Unknown Source:147)

08-12 10:41:22.996  1557  1661 I LSPosed-Bridge: 	at LSPHooker_.checkPermission(Unknown Source:25)

08-12 10:41:22.996  1557  1661 I LSPosed-Bridge: 	at com.android.server.am.ActivityManagerService$PermissionController.checkPermission(ActivityManagerService.java:9248)

08-12 10:41:22.996  1557  1661 I LSPosed-Bridge: 	at android.os.IPermissionController$Stub.onTransact(IPermissionController.java:56)

08-12 10:41:22.996  1557  1661 I LSPosed-Bridge: 	at android.os.Binder.execTransact(Binder.java:731)

08-12 10:41:23.099  5787  5787 I LSPosed-Bridge: 5787 PermLabel hookBinder_test 10132 interfaceBinder =android.view.accessibility.IAccessibilityInteractionConnectionCallback; arg0 = 2; arg1 = android.os.Parcel@63498db; arg2 = null; arg3 = 1; res = true; stacktrace=java.lang.Exception

08-12 10:41:23.099  5787  5787 I LSPosed-Bridge: 	at com.example.permlabel.hookBinder_test$1.afterHookedMethod(hookBinder_test.java:63)

08-12 10:41:23.099  5787  5787 I LSPosed-Bridge: 	at de.robv.android.xposed.XposedBridge$AdditionalHookInfo.callback(Unknown Source:147)

08-12 10:41:23.099  5787  5787 I LSPosed-Bridge: 	at LSPHooker_.transact(Unknown Source:28)

08-12 10:41:23.099  5787  5787 I LSPosed-Bridge: 	at android.view.accessibility.IAccessibilityInteractionConnectionCallback$Stub$Proxy.setFindAccessibilityNodeInfosResult(IAccessibilityInteractionConnectionCallback.java:146)

08-12 10:41:23.099  5787  5787 I LSPosed-Bridge: 	at android.view.AccessibilityInteractionController.updateInfosForViewportAndReturnFindNodeResult(AccessibilityInteractionController.java:869)

08-12 10:41:23.099  5787  5787 I LSPosed-Bridge: 	at android.view.AccessibilityInteractionController.findAccessibilityNodeInfoByAccessibilityIdUiThread(AccessibilityInteractionController.java:340)

08-12 10:41:23.099  5787  5787 I LSPosed-Bridge: 	at android.view.AccessibilityInteractionController.access$400(AccessibilityInteractionController.java:67)

08-12 10:41:23.099  5787  5787 I LSPosed-Bridge: 	at android.view.AccessibilityInteractionController$PrivateHandler.handleMessage(AccessibilityInteractionController.java:1324)

08-12 10:41:23.099  5787  5787 I LSPosed-Bridge: 	at android.os.Handler.dispatchMessage(Handler.java:106)

08-12 10:41:23.099  5787  5787 I LSPosed-Bridge: 	at android.os.Looper.loop(Looper.java:193)

08-12 10:41:23.099  5787  5787 I LSPosed-Bridge: 	at com.microsoft.clarity.b0.m1.run(R8$$SyntheticClass:48)

08-12 10:41:23.099  5787  5787 I LSPosed-Bridge: 	at android.os.Handler.handleCallback(Handler.java:873)

08-12 10:41:23.099  5787  5787 I LSPosed-Bridge: 	at android.os.Handler.dispatchMessage(Handler.java:99)

08-12 10:41:23.099  5787  5787 I LSPosed-Bridge: 	at android.os.Looper.loop(Looper.java:193)

08-12 10:41:23.099  5787  5787 I LSPosed-Bridge: 	at android.app.ActivityThread.main(ActivityThread.java:6692)

08-12 10:41:23.099  5787  5787 I LSPosed-Bridge: 	at java.lang.reflect.Method.invoke(Native Method)

08-12 10:41:23.099  5787  5787 I LSPosed-Bridge: 	at com.android.internal.os.RuntimeInit$MethodAndArgsCaller.run(RuntimeInit.java:493)

08-12 10:41:23.099  5787  5787 I LSPosed-Bridge: 	at com.android.internal.os.ZygoteInit.main(ZygoteInit.java:858)

08-12 10:41:23.099  1557  1661 I LSPosed-Bridge: 5787 PermLabel 10132 AMS.checkPermission: Binder.getCallingPid() = 910; uid = 10132; Binder.getCallingUid() = 1047; getNameForUid: null; getPackagesForUid: null; permName: android.permission.CAMERA; type = 1; res = -1; stacktrace=java.lang.Exception

08-12 10:41:23.099  1557  1661 I LSPosed-Bridge: 	at com.example.permlabel.requirePerm$1$2.afterHookedMethod(requirePerm.java:138)

08-12 10:41:23.099  1557  1661 I LSPosed-Bridge: 	at de.robv.android.xposed.XposedBridge$AdditionalHookInfo.callback(Unknown Source:147)

08-12 10:41:23.099  1557  1661 I LSPosed-Bridge: 	at LSPHooker_.checkPermission(Unknown Source:25)

08-12 10:41:23.099  1557  1661 I LSPosed-Bridge: 	at com.android.server.am.ActivityManagerService$PermissionController.checkPermission(ActivityManagerService.java:9248)

08-12 10:41:23.099  1557  1661 I LSPosed-Bridge: 	at android.os.IPermissionController$Stub.onTransact(IPermissionController.java:56)

08-12 10:41:23.099  1557  1661 I LSPosed-Bridge: 	at android.os.Binder.execTransact(Binder.java:731)

08-12 10:41:23.099   910  4842 W ServiceManager: Permission failure: android.permission.CAMERA from uid=10132 pid=5787

08-12 10:41:23.202  1557  1661 I LSPosed-Bridge: 5787 PermLabel 10132 AMS.checkPermission: Binder.getCallingPid() = 910; uid = 10132; Binder.getCallingUid() = 1047; getNameForUid: null; getPackagesForUid: null; permName: android.permission.CAMERA; type = 1; res = -1; stacktrace=java.lang.Exception

08-12 10:41:23.202  1557  1661 I LSPosed-Bridge: 	at com.example.permlabel.requirePerm$1$2.afterHookedMethod(requirePerm.java:138)

08-12 10:41:23.202  1557  1661 I LSPosed-Bridge: 	at de.robv.android.xposed.XposedBridge$AdditionalHookInfo.callback(Unknown Source:147)

08-12 10:41:23.202  1557  1661 I LSPosed-Bridge: 	at LSPHooker_.checkPermission(Unknown Source:25)

08-12 10:41:23.202  1557  1661 I LSPosed-Bridge: 	at com.android.server.am.ActivityManagerService$PermissionController.checkPermission(ActivityManagerService.java:9248)

08-12 10:41:23.202  1557  1661 I LSPosed-Bridge: 	at android.os.IPermissionController$Stub.onTransact(IPermissionController.java:56)

08-12 10:41:23.202  1557  1661 I LSPosed-Bridge: 	at android.os.Binder.execTransact(Binder.java:731)

08-12 10:41:23.306  1557  8071 I LSPosed-Bridge: 5787 PermLabel 10132 AMS.checkPermission: Binder.getCallingPid() = 910; uid = 10132; Binder.getCallingUid() = 1047; getNameForUid: null; getPackagesForUid: null; permName: android.permission.CAMERA; type = 1; res = -1; stacktrace=java.lang.Exception

08-12 10:41:23.306  1557  8071 I LSPosed-Bridge: 	at com.example.permlabel.requirePerm$1$2.afterHookedMethod(requirePerm.java:138)

08-12 10:41:23.306  1557  8071 I LSPosed-Bridge: 	at de.robv.android.xposed.XposedBridge$AdditionalHookInfo.callback(Unknown Source:147)

08-12 10:41:23.306  1557  8071 I LSPosed-Bridge: 	at LSPHooker_.checkPermission(Unknown Source:25)

08-12 10:41:23.306  1557  8071 I LSPosed-Bridge: 	at com.android.server.am.ActivityManagerService$PermissionController.checkPermission(ActivityManagerService.java:9248)

08-12 10:41:23.306  1557  8071 I LSPosed-Bridge: 	at android.os.IPermissionController$Stub.onTransact(IPermissionController.java:56)

08-12 10:41:23.306  1557  8071 I LSPosed-Bridge: 	at android.os.Binder.execTransact(Binder.java:731)

08-12 10:41:23.306   550   550 I ConfigStore: android::hardware::configstore::V1_0::ISurfaceFlingerConfigs::hasHDRDisplay retrieved: 0

08-12 10:41:23.306   910  4842 W ServiceManager: Permission failure: android.permission.CAMERA from uid=10132 pid=5787

08-12 10:41:23.306   910  4842 E CameraService: Permission Denial: can't use the camera pid=5787, uid=10132

08-12 10:41:23.409  1557  8071 I LSPosed-Bridge: 5787 PermLabel 10132 AMS.checkPermission: Binder.getCallingPid() = 910; uid = 10132; Binder.getCallingUid() = 1047; getNameForUid: null; getPackagesForUid: null; permName: android.permission.CAMERA; type = 1; res = -1; stacktrace=java.lang.Exception

08-12 10:41:23.409  1557  8071 I LSPosed-Bridge: 	at com.example.permlabel.requirePerm$1$2.afterHookedMethod(requirePerm.java:138)

08-12 10:41:23.409  1557  8071 I LSPosed-Bridge: 	at de.robv.android.xposed.XposedBridge$AdditionalHookInfo.callback(Unknown Source:147)

08-12 10:41:23.409  1557  8071 I LSPosed-Bridge: 	at LSPHooker_.checkPermission(Unknown Source:25)

08-12 10:41:23.409  1557  8071 I LSPosed-Bridge: 	at com.android.server.am.ActivityManagerService$PermissionController.checkPermission(ActivityManagerService.java:9248)

08-12 10:41:23.409  1557  8071 I LSPosed-Bridge: 	at android.os.IPermissionController$Stub.onTransact(IPermissionController.java:56)

08-12 10:41:23.409  1557  8071 I LSPosed-Bridge: 	at android.os.Binder.execTransact(Binder.java:731)

08-12 10:41:41.138   550   550 I ConfigStore: android::hardware::configstore::V1_0::ISurfaceFlingerConfigs::hasHDRDisplay retrieved: 0

08-12 10:41:41.138  5787  5787 I LSPosed-Bridge: 5787 PermLabel 10132 ContextImpl.checkPermission: pid = 5787; uid = 10132; permName: android.permission.CAMERA; type = 1; res = -1; stacktrace=java.lang.Exception

08-12 10:41:41.138  5787  5787 I LSPosed-Bridge: 	at com.example.permlabel.requestPerm$2.afterHookedMethod(requestPerm.java:218)

08-12 10:41:41.138  5787  5787 I LSPosed-Bridge: 	at de.robv.android.xposed.XposedBridge$AdditionalHookInfo.callback(Unknown Source:147)

08-12 10:41:41.138  5787  5787 I LSPosed-Bridge: 	at LSPHooker_.checkPermission(Unknown Source:25)

08-12 10:41:41.138  5787  5787 I LSPosed-Bridge: 	at android.content.ContextWrapper.checkPermission(ContextWrapper.java:738)

08-12 10:41:41.138  5787  5787 I LSPosed-Bridge: 	at com.microsoft.clarity.v4.b.a(ContextCompat.java:40)

08-12 10:41:41.138  5787  5787 I LSPosed-Bridge: 	at com.microsoft.clarity.hr.d0.J(SourceFile:10)

08-12 10:41:41.138  5787  5787 I LSPosed-Bridge: 	at com.microsoft.clarity.hr.d0.onViewCreated(SourceFile:104)

08-12 10:41:41.138  5787  5787 I LSPosed-Bridge: 	at androidx.fragment.app.Fragment.performViewCreated(Fragment.java:5)

08-12 10:41:41.138  5787  5787 I LSPosed-Bridge: 	at androidx.fragment.app.q.e(FragmentStateManager.java:188)

08-12 10:41:41.138  5787  5787 I LSPosed-Bridge: 	at androidx.fragment.app.q.j(FragmentStateManager.java:133)

08-12 10:41:41.138  5787  5787 I LSPosed-Bridge: 	at androidx.fragment.app.FragmentManager.y(FragmentManager.java:573)

08-12 10:41:41.138  5787  5787 I LSPosed-Bridge: 	at androidx.fragment.app.FragmentManager.S(FragmentManager.java:82)

08-12 10:41:41.138  5787  5787 I LSPosed-Bridge: 	at androidx.fragment.app.FragmentManager.w(FragmentManager.java:74)

08-12 10:41:41.138  5787  5787 I LSPosed-Bridge: 	at androidx.fragment.app.FragmentManager.s(FragmentManager.java:63)

08-12 10:41:41.138  5787  5787 I LSPosed-Bridge: 	at androidx.fragment.app.FragmentActivity.onStart(FragmentActivity.java:34)

08-12 10:41:41.138  5787  5787 I LSPosed-Bridge: 	at android.app.Instrumentation.callActivityOnStart(Instrumentation.java:1392)

08-12 10:41:41.138  5787  5787 I LSPosed-Bridge: 	at android.app.Activity.performStart(Activity.java:7157)

08-12 10:41:41.138  5787  5787 I LSPosed-Bridge: 	at android.app.ActivityThread.handleStartActivity(ActivityThread.java:2938)

08-12 10:41:41.138  5787  5787 I LSPosed-Bridge: 	at android.app.servertransaction.TransactionExecutor.performLifecycleSequence(TransactionExecutor.java:180)

08-12 10:41:41.138  5787  5787 I LSPosed-Bridge: 	at android.app.servertransaction.TransactionExecutor.cycleToPath(TransactionExecutor.java:165)

08-12 10:41:41.138  5787  5787 I LSPosed-Bridge: 	at android.app.servertransaction.TransactionExecutor.executeLifecycleState(TransactionExecutor.java:142)

08-12 10:41:41.138  5787  5787 I LSPosed-Bridge: 	at android.app.servertransaction.TransactionExecutor.execute(TransactionExecutor.java:70)

08-12 10:41:41.138  5787  5787 I LSPosed-Bridge: 	at android.app.ActivityThread$H.handleMessage(ActivityThread.java:1809)

08-12 10:41:41.138  5787  5787 I LSPosed-Bridge: 	at android.os.Handler.dispatchMessage(Handler.java:106)

08-12 10:41:41.138  5787  5787 I LSPosed-Bridge: 	at android.os.Looper.loop(Looper.java:193)

08-12 10:41:41.138  5787  5787 I LSPosed-Bridge: 	at com.microsoft.clarity.b0.m1.run(R8$$SyntheticClass:48)

08-12 10:41:41.138  5787  5787 I LSPosed-Bridge: 	at android.os.Handler.handleCallback(Handler.java:873)

08-12 10:41:41.138  5787  5787 I LSPosed-Bridge: 	at android.os.Handler.dispatchMessage(Handler.java:99)

08-12 10:41:41.138  5787  5787 I LSPosed-Bridge: 	at android.os.Looper.loop(Looper.java:193)

08-12 10:41:41.138  5787  5787 I LSPosed-Bridge: 	at android.app.ActivityThread.main(ActivityThread.java:6692)

08-12 10:41:41.138  5787  5787 I LSPosed-Bridge: 	at java.lang.reflect.Method.invoke(Native Method)

08-12 10:41:41.138  5787  5787 I LSPosed-Bridge: 	at com.android.internal.os.RuntimeInit$MethodAndArgsCaller.run(RuntimeInit.java:493)

08-12 10:41:41.138  5787  5787 I LSPosed-Bridge: 	at com.android.internal.os.ZygoteInit.main(ZygoteInit.java:858)

08-12 10:41:41.142  5787  5787 I LSPosed-Bridge: 5787 PermLabel 10132 ContextImpl.checkPermission: pid = 5787; uid = 10132; permName: android.permission.CAMERA; type = 1; res = -1; stacktrace=java.lang.Exception

08-12 10:41:41.142  5787  5787 I LSPosed-Bridge: 	at com.example.permlabel.requestPerm$2.afterHookedMethod(requestPerm.java:218)

08-12 10:41:41.142  5787  5787 I LSPosed-Bridge: 	at de.robv.android.xposed.XposedBridge$AdditionalHookInfo.callback(Unknown Source:147)

08-12 10:41:41.142  5787  5787 I LSPosed-Bridge: 	at LSPHooker_.checkPermission(Unknown Source:25)

08-12 10:41:41.142  5787  5787 I LSPosed-Bridge: 	at android.content.ContextWrapper.checkPermission(ContextWrapper.java:738)

08-12 10:41:41.142  5787  5787 I LSPosed-Bridge: 	at com.microsoft.clarity.v4.b.a(ContextCompat.java:40)

08-12 10:41:41.142  5787  5787 I LSPosed-Bridge: 	at com.microsoft.clarity.hr.d0.L(SourceFile:117)

08-12 10:41:41.142  5787  5787 I LSPosed-Bridge: 	at com.microsoft.clarity.hr.d0.W(SourceFile:156)

08-12 10:41:41.142  5787  5787 I LSPosed-Bridge: 	at com.microsoft.clarity.hr.d0.J(SourceFile:20)

08-12 10:41:41.142  5787  5787 I LSPosed-Bridge: 	at com.microsoft.clarity.hr.d0.onViewCreated(SourceFile:104)

08-12 10:41:41.142  5787  5787 I LSPosed-Bridge: 	at androidx.fragment.app.Fragment.performViewCreated(Fragment.java:5)

08-12 10:41:41.142  5787  5787 I LSPosed-Bridge: 	at androidx.fragment.app.q.e(FragmentStateManager.java:188)

08-12 10:41:41.142  5787  5787 I LSPosed-Bridge: 	at androidx.fragment.app.q.j(FragmentStateManager.java:133)

08-12 10:41:41.142  5787  5787 I LSPosed-Bridge: 	at androidx.fragment.app.FragmentManager.y(FragmentManager.java:573)

08-12 10:41:41.142  5787  5787 I LSPosed-Bridge: 	at androidx.fragment.app.FragmentManager.S(FragmentManager.java:82)

08-12 10:41:41.142  5787  5787 I LSPosed-Bridge: 	at androidx.fragment.app.FragmentManager.w(FragmentManager.java:74)

08-12 10:41:41.142  5787  5787 I LSPosed-Bridge: 	at androidx.fragment.app.FragmentManager.s(FragmentManager.java:63)

08-12 10:41:41.142  5787  5787 I LSPosed-Bridge: 	at androidx.fragment.app.FragmentActivity.onStart(FragmentActivity.java:34)

08-12 10:41:41.142  5787  5787 I LSPosed-Bridge: 	at android.app.Instrumentation.callActivityOnStart(Instrumentation.java:1392)

08-12 10:41:41.142  5787  5787 I LSPosed-Bridge: 	at android.app.Activity.performStart(Activity.java:7157)

08-12 10:41:41.142  5787  5787 I LSPosed-Bridge: 	at android.app.ActivityThread.handleStartActivity(ActivityThread.java:2938)

08-12 10:41:41.142  5787  5787 I LSPosed-Bridge: 	at android.app.servertransaction.TransactionExecutor.performLifecycleSequence(TransactionExecutor.java:180)

08-12 10:41:41.142  5787  5787 I LSPosed-Bridge: 	at android.app.servertransaction.TransactionExecutor.cycleToPath(TransactionExecutor.java:165)

08-12 10:41:41.142  5787  5787 I LSPosed-Bridge: 	at android.app.servertransaction.TransactionExecutor.executeLifecycleState(TransactionExecutor.java:142)

08-12 10:41:41.142  5787  5787 I LSPosed-Bridge: 	at android.app.servertransaction.TransactionExecutor.execute(TransactionExecutor.java:70)

08-12 10:41:41.142  5787  5787 I LSPosed-Bridge: 	at android.app.ActivityThread$H.handleMessage(ActivityThread.java:1809)

08-12 10:41:41.142  5787  5787 I LSPosed-Bridge: 	at android.os.Handler.dispatchMessage(Handler.java:106)

08-12 10:41:41.142  5787  5787 I LSPosed-Bridge: 	at android.os.Looper.loop(Looper.java:193)

08-12 10:41:41.142  5787  5787 I LSPosed-Bridge: 	at com.microsoft.clarity.b0.m1.run(R8$$SyntheticClass:48)

08-12 10:41:41.142  5787  5787 I LSPosed-Bridge: 	at android.os.Handler.handleCallback(Handler.java:873)

08-12 10:41:41.142  5787  5787 I LSPosed-Bridge: 	at android.os.Handler.dispatchMessage(Handler.java:99)

08-12 10:41:41.142  5787  5787 I LSPosed-Bridge: 	at android.os.Looper.loop(Looper.java:193)

08-12 10:41:41.142  5787  5787 I LSPosed-Bridge: 	at android.app.ActivityThread.main(ActivityThread.java:6692)

08-12 10:41:41.142  5787  5787 I LSPosed-Bridge: 	at java.lang.reflect.Method.invoke(Native Method)

08-12 10:41:41.142  5787  5787 I LSPosed-Bridge: 	at com.android.internal.os.RuntimeInit$MethodAndArgsCaller.run(RuntimeInit.java:493)

08-12 10:41:41.142  5787  5787 I LSPosed-Bridge: 	at com.android.internal.os.ZygoteInit.main(ZygoteInit.java:858)

08-12 10:41:41.150  5787  5787 I LSPosed-Bridge: 5787 PermLabel 10132 ContextImpl.checkPermission: pid = 5787; uid = 10132; permName: android.permission.CAMERA; type = 1; res = -1; stacktrace=java.lang.Exception

08-12 10:41:41.150  5787  5787 I LSPosed-Bridge: 	at com.example.permlabel.requestPerm$2.afterHookedMethod(requestPerm.java:218)

08-12 10:41:41.150  5787  5787 I LSPosed-Bridge: 	at de.robv.android.xposed.XposedBridge$AdditionalHookInfo.callback(Unknown Source:147)

08-12 10:41:41.150  5787  5787 I LSPosed-Bridge: 	at LSPHooker_.checkPermission(Unknown Source:25)

08-12 10:41:41.150  5787  5787 I LSPosed-Bridge: 	at android.content.ContextWrapper.checkPermission(ContextWrapper.java:738)

08-12 10:41:41.150  5787  5787 I LSPosed-Bridge: 	at com.microsoft.clarity.v4.b.a(ContextCompat.java:40)

08-12 10:41:41.150  5787  5787 I LSPosed-Bridge: 	at com.microsoft.clarity.s.b.b(ActivityResultContracts.kt:41)

08-12 10:41:41.150  5787  5787 I LSPosed-Bridge: 	at androidx.activity.ComponentActivity$b.b(ComponentActivity.java:3)

08-12 10:41:41.150  5787  5787 I LSPosed-Bridge: 	at com.microsoft.clarity.r.c.a(ActivityResultRegistry.java:26)

08-12 10:41:41.150  5787  5787 I LSPosed-Bridge: 	at androidx.fragment.app.Fragment$h.a(Fragment.java:11)

08-12 10:41:41.150  5787  5787 I LSPosed-Bridge: 	at com.microsoft.clarity.hr.d0.J(SourceFile:66)

08-12 10:41:41.150  5787  5787 I LSPosed-Bridge: 	at com.microsoft.clarity.hr.d0.onViewCreated(SourceFile:104)

08-12 10:41:41.150  5787  5787 I LSPosed-Bridge: 	at androidx.fragment.app.Fragment.performViewCreated(Fragment.java:5)

08-12 10:41:41.150  5787  5787 I LSPosed-Bridge: 	at androidx.fragment.app.q.e(FragmentStateManager.java:188)

08-12 10:41:41.150  5787  5787 I LSPosed-Bridge: 	at androidx.fragment.app.q.j(FragmentStateManager.java:133)

08-12 10:41:41.150  5787  5787 I LSPosed-Bridge: 	at androidx.fragment.app.FragmentManager.y(FragmentManager.java:573)

08-12 10:41:41.150  5787  5787 I LSPosed-Bridge: 	at androidx.fragment.app.FragmentManager.S(FragmentManager.java:82)

08-12 10:41:41.150  5787  5787 I LSPosed-Bridge: 	at androidx.fragment.app.FragmentManager.w(FragmentManager.java:74)

08-12 10:41:41.150  5787  5787 I LSPosed-Bridge: 	at androidx.fragment.app.FragmentManager.s(FragmentManager.java:63)

08-12 10:41:41.150  5787  5787 I LSPosed-Bridge: 	at androidx.fragment.app.FragmentActivity.onStart(FragmentActivity.java:34)

08-12 10:41:41.150  5787  5787 I LSPosed-Bridge: 	at android.app.Instrumentation.callActivityOnStart(Instrumentation.java:1392)

08-12 10:41:41.150  5787  5787 I LSPosed-Bridge: 	at android.app.Activity.performStart(Activity.java:7157)

08-12 10:41:41.150  5787  5787 I LSPosed-Bridge: 	at android.app.ActivityThread.handleStartActivity(ActivityThread.java:2938)

08-12 10:41:41.150  5787  5787 I LSPosed-Bridge: 	at android.app.servertransaction.TransactionExecutor.performLifecycleSequence(TransactionExecutor.java:180)

08-12 10:41:41.150  5787  5787 I LSPosed-Bridge: 	at android.app.servertransaction.TransactionExecutor.cycleToPath(TransactionExecutor.java:165)

08-12 10:41:41.150  5787  5787 I LSPosed-Bridge: 	at android.app.servertransaction.TransactionExecutor.executeLifecycleState(TransactionExecutor.java:142)

08-12 10:41:41.150  5787  5787 I LSPosed-Bridge: 	at android.app.servertransaction.TransactionExecutor.execute(TransactionExecutor.java:70)

08-12 10:41:41.150  5787  5787 I LSPosed-Bridge: 	at android.app.ActivityThread$H.handleMessage(ActivityThread.java:1809)

08-12 10:41:41.150  5787  5787 I LSPosed-Bridge: 	at android.os.Handler.dispatchMessage(Handler.java:106)

08-12 10:41:41.150  5787  5787 I LSPosed-Bridge: 	at android.os.Looper.loop(Looper.java:193)

08-12 10:41:41.150  5787  5787 I LSPosed-Bridge: 	at com.microsoft.clarity.b0.m1.run(R8$$SyntheticClass:48)

08-12 10:41:41.150  5787  5787 I LSPosed-Bridge: 	at android.os.Handler.handleCallback(Handler.java:873)

08-12 10:41:41.150  5787  5787 I LSPosed-Bridge: 	at android.os.Handler.dispatchMessage(Handler.java:99)

08-12 10:41:41.150  5787  5787 I LSPosed-Bridge: 	at android.os.Looper.loop(Looper.java:193)

08-12 10:41:41.150  5787  5787 I LSPosed-Bridge: 	at android.app.ActivityThread.main(ActivityThread.java:6692)

08-12 10:41:41.150  5787  5787 I LSPosed-Bridge: 	at java.lang.reflect.Method.invoke(Native Method)

08-12 10:41:41.150  5787  5787 I LSPosed-Bridge: 	at com.android.internal.os.RuntimeInit$MethodAndArgsCaller.run(RuntimeInit.java:493)

08-12 10:41:41.150  5787  5787 I LSPosed-Bridge: 	at com.android.internal.os.ZygoteInit.main(ZygoteInit.java:858)

08-12 10:41:41.152  5787  5787 I LSPosed-Bridge: 5787 PermLabel 10132 requestPermissions (Activity): pid = 5787; permName: android.permission.CAMERA; stacktrace=java.lang.Exception

08-12 10:41:41.152  5787  5787 I LSPosed-Bridge: 	at com.example.permlabel.requestPerm$3.beforeHookedMethod(requestPerm.java:235)

08-12 10:41:41.152  5787  5787 I LSPosed-Bridge: 	at de.robv.android.xposed.XposedBridge$AdditionalHookInfo.callback(Unknown Source:79)

08-12 10:41:41.152  5787  5787 I LSPosed-Bridge: 	at LSPHooker_.requestPermissions(Unknown Source:18)

08-12 10:41:41.152  5787  5787 I LSPosed-Bridge: 	at com.microsoft.clarity.t4.b$c.b(ActivityCompat.java:1)

08-12 10:41:41.152  5787  5787 I LSPosed-Bridge: 	at com.microsoft.clarity.t4.b.d(ActivityCompat.java:120)

08-12 10:41:41.152  5787  5787 I LSPosed-Bridge: 	at androidx.activity.ComponentActivity$b.b(ComponentActivity.java:96)

08-12 10:41:41.152  5787  5787 I LSPosed-Bridge: 	at com.microsoft.clarity.r.c.a(ActivityResultRegistry.java:26)

08-12 10:41:41.152  5787  5787 I LSPosed-Bridge: 	at androidx.fragment.app.Fragment$h.a(Fragment.java:11)

08-12 10:41:41.152  5787  5787 I LSPosed-Bridge: 	at com.microsoft.clarity.hr.d0.J(SourceFile:66)

08-12 10:41:41.152  5787  5787 I LSPosed-Bridge: 	at com.microsoft.clarity.hr.d0.onViewCreated(SourceFile:104)

08-12 10:41:41.152  5787  5787 I LSPosed-Bridge: 	at androidx.fragment.app.Fragment.performViewCreated(Fragment.java:5)

08-12 10:41:41.152  5787  5787 I LSPosed-Bridge: 	at androidx.fragment.app.q.e(FragmentStateManager.java:188)

08-12 10:41:41.152  5787  5787 I LSPosed-Bridge: 	at androidx.fragment.app.q.j(FragmentStateManager.java:133)

08-12 10:41:41.152  5787  5787 I LSPosed-Bridge: 	at androidx.fragment.app.FragmentManager.y(FragmentManager.java:573)

08-12 10:41:41.152  5787  5787 I LSPosed-Bridge: 	at androidx.fragment.app.FragmentManager.S(FragmentManager.java:82)

08-12 10:41:41.152  5787  5787 I LSPosed-Bridge: 	at androidx.fragment.app.FragmentManager.w(FragmentManager.java:74)

08-12 10:41:41.152  5787  5787 I LSPosed-Bridge: 	at androidx.fragment.app.FragmentManager.s(FragmentManager.java:63)

08-12 10:41:41.152  5787  5787 I LSPosed-Bridge: 	at androidx.fragment.app.FragmentActivity.onStart(FragmentActivity.java:34)

08-12 10:41:41.152  5787  5787 I LSPosed-Bridge: 	at android.app.Instrumentation.callActivityOnStart(Instrumentation.java:1392)

08-12 10:41:41.152  5787  5787 I LSPosed-Bridge: 	at android.app.Activity.performStart(Activity.java:7157)

08-12 10:41:41.152  5787  5787 I LSPosed-Bridge: 	at android.app.ActivityThread.handleStartActivity(ActivityThread.java:2938)

08-12 10:41:41.152  5787  5787 I LSPosed-Bridge: 	at android.app.servertransaction.TransactionExecutor.performLifecycleSequence(TransactionExecutor.java:180)

08-12 10:41:41.152  5787  5787 I LSPosed-Bridge: 	at android.app.servertransaction.TransactionExecutor.cycleToPath(TransactionExecutor.java:165)

08-12 10:41:41.152  5787  5787 I LSPosed-Bridge: 	at android.app.servertransaction.TransactionExecutor.executeLifecycleState(TransactionExecutor.java:142)

08-12 10:41:41.152  5787  5787 I LSPosed-Bridge: 	at android.app.servertransaction.TransactionExecutor.execute(TransactionExecutor.java:70)

08-12 10:41:41.152  5787  5787 I LSPosed-Bridge: 	at android.app.ActivityThread$H.handleMessage(ActivityThread.java:1809)

08-12 10:41:41.152  5787  5787 I LSPosed-Bridge: 	at android.os.Handler.dispatchMessage(Handler.java:106)

08-12 10:41:41.152  5787  5787 I LSPosed-Bridge: 	at android.os.Looper.loop(Looper.java:193)

08-12 10:41:41.152  5787  5787 I LSPosed-Bridge: 	at com.microsoft.clarity.b0.m1.run(R8$$SyntheticClass:48)

08-12 10:41:41.152  5787  5787 I LSPosed-Bridge: 	at android.os.Handler.handleCallback(Handler.java:873)

08-12 10:41:41.152  5787  5787 I LSPosed-Bridge: 	at android.os.Handler.dispatchMessage(Handler.java:99)

08-12 10:41:41.152  5787  5787 I LSPosed-Bridge: 	at android.os.Looper.loop(Looper.java:193)

08-12 10:41:41.152  5787  5787 I LSPosed-Bridge: 	at android.app.ActivityThread.main(ActivityThread.java:6692)

08-12 10:41:41.152  5787  5787 I LSPosed-Bridge: 	at java.lang.reflect.Method.invoke(Native Method)

08-12 10:41:41.152  5787  5787 I LSPosed-Bridge: 	at com.android.internal.os.RuntimeInit$MethodAndArgsCaller.run(RuntimeInit.java:493)

08-12 10:41:41.152  5787  5787 I LSPosed-Bridge: 	at com.android.internal.os.ZygoteInit.main(ZygoteInit.java:858)

08-12 10:41:41.159  1557  2890 I LSPosed-Bridge: 5787 PermLabel 10132 startActivityAsUser: intent = Intent { act=android.content.pm.action.REQUEST_PERMISSIONS pkg=com.google.android.packageinstaller (has extras) }

08-12 10:41:41.159  1557  2890 I LSPosed-Bridge: 5787 PermLabel 10132 startActivityAsUser permName: android.permission.CAMERA

08-12 10:41:41.159  1557  2890 I ActivityManager: START u0 {act=android.content.pm.action.REQUEST_PERMISSIONS pkg=com.google.android.packageinstaller cmp=com.google.android.packageinstaller/com.android.packageinstaller.permission.ui.GrantPermissionsActivity (has extras)} from uid 10132

08-12 10:41:41.245  5787  5787 I LSPosed-Bridge: 5787 PermLabel 10132 ContextImpl.checkPermission: pid = 5787; uid = 10132; permName: android.permission.CAMERA; type = 1; res = -1; stacktrace=java.lang.Exception

08-12 10:41:41.245  5787  5787 I LSPosed-Bridge: 	at com.example.permlabel.requestPerm$2.afterHookedMethod(requestPerm.java:218)

08-12 10:41:41.245  5787  5787 I LSPosed-Bridge: 	at de.robv.android.xposed.XposedBridge$AdditionalHookInfo.callback(Unknown Source:147)

08-12 10:41:41.245  5787  5787 I LSPosed-Bridge: 	at LSPHooker_.checkPermission(Unknown Source:25)

08-12 10:41:41.245  5787  5787 I LSPosed-Bridge: 	at android.content.ContextWrapper.checkPermission(ContextWrapper.java:738)

08-12 10:41:41.245  5787  5787 I LSPosed-Bridge: 	at com.microsoft.clarity.v4.b.a(ContextCompat.java:40)

08-12 10:41:41.245  5787  5787 I LSPosed-Bridge: 	at com.microsoft.clarity.hr.d0.Y(SourceFile:14)

08-12 10:41:41.245  5787  5787 I LSPosed-Bridge: 	at com.microsoft.clarity.hr.d0.onResume(SourceFile:27)

08-12 10:41:41.245  5787  5787 I LSPosed-Bridge: 	at androidx.fragment.app.Fragment.performResume(Fragment.java:18)

08-12 10:41:41.245  5787  5787 I LSPosed-Bridge: 	at androidx.fragment.app.q.l(FragmentStateManager.java:74)

08-12 10:41:41.245  5787  5787 I LSPosed-Bridge: 	at androidx.fragment.app.q.j(FragmentStateManager.java:41)

08-12 10:41:41.245  5787  5787 I LSPosed-Bridge: 	at androidx.fragment.app.FragmentManager.M(FragmentManager.java:58)

08-12 10:41:41.245  5787  5787 I LSPosed-Bridge: 	at androidx.fragment.app.FragmentManager.s(FragmentManager.java:34)

08-12 10:41:41.245  5787  5787 I LSPosed-Bridge: 	at androidx.fragment.app.FragmentActivity.onResumeFragments(FragmentActivity.java:24)

08-12 10:41:41.245  5787  5787 I LSPosed-Bridge: 	at androidx.fragment.app.FragmentActivity.onPostResume(FragmentActivity.java:4)

08-12 10:41:41.245  5787  5787 I LSPosed-Bridge: 	at android.app.Activity.performResume(Activity.java:7317)

08-12 10:41:41.245  5787  5787 I LSPosed-Bridge: 	at android.app.ActivityThread.performResumeActivity(ActivityThread.java:3777)

08-12 10:41:41.245  5787  5787 I LSPosed-Bridge: 	at android.app.ActivityThread.handleResumeActivity(ActivityThread.java:3817)

08-12 10:41:41.245  5787  5787 I LSPosed-Bridge: 	at android.app.servertransaction.ResumeActivityItem.execute(ResumeActivityItem.java:51)

08-12 10:41:41.245  5787  5787 I LSPosed-Bridge: 	at android.app.servertransaction.TransactionExecutor.executeLifecycleState(TransactionExecutor.java:145)

08-12 10:41:41.245  5787  5787 I LSPosed-Bridge: 	at android.app.servertransaction.TransactionExecutor.execute(TransactionExecutor.java:70)

08-12 10:41:41.245  5787  5787 I LSPosed-Bridge: 	at android.app.ActivityThread$H.handleMessage(ActivityThread.java:1809)

08-12 10:41:41.245  5787  5787 I LSPosed-Bridge: 	at android.os.Handler.dispatchMessage(Handler.java:106)

08-12 10:41:41.245  5787  5787 I LSPosed-Bridge: 	at android.os.Looper.loop(Looper.java:193)

08-12 10:41:41.245  5787  5787 I LSPosed-Bridge: 	at com.microsoft.clarity.b0.m1.run(R8$$SyntheticClass:48)

08-12 10:41:41.245  5787  5787 I LSPosed-Bridge: 	at android.os.Handler.handleCallback(Handler.java:873)

08-12 10:41:41.245  5787  5787 I LSPosed-Bridge: 	at android.os.Handler.dispatchMessage(Handler.java:99)

08-12 10:41:41.245  5787  5787 I LSPosed-Bridge: 	at android.os.Looper.loop(Looper.java:193)

08-12 10:41:41.245  5787  5787 I LSPosed-Bridge: 	at android.app.ActivityThread.main(ActivityThread.java:6692)

08-12 10:41:41.245  5787  5787 I LSPosed-Bridge: 	at java.lang.reflect.Method.invoke(Native Method)

08-12 10:41:41.245  5787  5787 I LSPosed-Bridge: 	at com.android.internal.os.RuntimeInit$MethodAndArgsCaller.run(RuntimeInit.java:493)

08-12 10:41:41.245  5787  5787 I LSPosed-Bridge: 	at com.android.internal.os.ZygoteInit.main(ZygoteInit.java:858)

08-12 10:41:44.486   550   550 I ConfigStore: android::hardware::configstore::V1_0::ISurfaceFlingerConfigs::hasHDRDisplay retrieved: 0

08-12 10:41:44.486  5787  5787 I LSPosed-Bridge: 5787 PermLabel 10132 ContextImpl.checkPermission: pid = 5787; uid = 10132; permName: android.permission.CAMERA; type = 1; res = 0; stacktrace=java.lang.Exception

08-12 10:41:44.486  5787  5787 I LSPosed-Bridge: 	at com.example.permlabel.requestPerm$2.afterHookedMethod(requestPerm.java:218)

08-12 10:41:44.486  5787  5787 I LSPosed-Bridge: 	at de.robv.android.xposed.XposedBridge$AdditionalHookInfo.callback(Unknown Source:147)

08-12 10:41:44.486  5787  5787 I LSPosed-Bridge: 	at LSPHooker_.checkPermission(Unknown Source:25)

08-12 10:41:44.486  5787  5787 I LSPosed-Bridge: 	at android.content.ContextWrapper.checkPermission(ContextWrapper.java:738)

08-12 10:41:44.486  5787  5787 I LSPosed-Bridge: 	at com.microsoft.clarity.v4.b.a(ContextCompat.java:40)

08-12 10:41:44.486  5787  5787 I LSPosed-Bridge: 	at com.microsoft.clarity.hr.d0.L(SourceFile:117)

08-12 10:41:44.486  5787  5787 I LSPosed-Bridge: 	at com.microsoft.clarity.hr.d0.W(SourceFile:156)

08-12 10:41:44.486  5787  5787 I LSPosed-Bridge: 	at com.microsoft.clarity.hr.d0.M(SourceFile:177)

08-12 10:41:44.486  5787  5787 I LSPosed-Bridge: 	at com.microsoft.clarity.hr.d0.K(SourceFile:94)

08-12 10:41:44.486  5787  5787 I LSPosed-Bridge: 	at com.microsoft.clarity.hr.h.a(R8$$SyntheticClass:145)

08-12 10:41:44.486  5787  5787 I LSPosed-Bridge: 	at androidx.activity.result.a.a(ActivityResultRegistry.java:45)

08-12 10:41:44.486  5787  5787 I LSPosed-Bridge: 	at androidx.activity.ComponentActivity.onRequestPermissionsResult(ComponentActivity.java:21)

08-12 10:41:44.486  5787  5787 I LSPosed-Bridge: 	at androidx.fragment.app.FragmentActivity.onRequestPermissionsResult(FragmentActivity.java:6)

08-12 10:41:44.486  5787  5787 I LSPosed-Bridge: 	at android.app.Activity.dispatchRequestPermissionsResult(Activity.java:7608)

08-12 10:41:44.486  5787  5787 I LSPosed-Bridge: 	at android.app.Activity.dispatchActivityResult(Activity.java:7458)

08-12 10:41:44.486  5787  5787 I LSPosed-Bridge: 	at android.app.ActivityThread.deliverResults(ActivityThread.java:4354)

08-12 10:41:44.486  5787  5787 I LSPosed-Bridge: 	at android.app.ActivityThread.handleSendResult(ActivityThread.java:4403)

08-12 10:41:44.486  5787  5787 I LSPosed-Bridge: 	at android.app.servertransaction.ActivityResultItem.execute(ActivityResultItem.java:49)

08-12 10:41:44.486  5787  5787 I LSPosed-Bridge: 	at android.app.servertransaction.TransactionExecutor.executeCallbacks(TransactionExecutor.java:108)

08-12 10:41:44.486  5787  5787 I LSPosed-Bridge: 	at android.app.servertransaction.TransactionExecutor.execute(TransactionExecutor.java:68)

08-12 10:41:44.486  5787  5787 I LSPosed-Bridge: 	at android.app.ActivityThread$H.handleMessage(ActivityThread.java:1809)

08-12 10:41:44.486  5787  5787 I LSPosed-Bridge: 	at android.os.Handler.dispatchMessage(Handler.java:106)

08-12 10:41:44.486  5787  5787 I LSPosed-Bridge: 	at android.os.Looper.loop(Looper.java:193)

08-12 10:41:44.486  5787  5787 I LSPosed-Bridge: 	at com.microsoft.clarity.b0.m1.run(R8$$SyntheticClass:48)

08-12 10:41:44.486  5787  5787 I LSPosed-Bridge: 	at android.os.Handler.handleCallback(Handler.java:873)

08-12 10:41:44.486  5787  5787 I LSPosed-Bridge: 	at android.os.Handler.dispatchMessage(Handler.java:99)

08-12 10:41:44.486  5787  5787 I LSPosed-Bridge: 	at android.os.Looper.loop(Looper.java:193)

08-12 10:41:44.486  5787  5787 I LSPosed-Bridge: 	at android.app.ActivityThread.main(ActivityThread.java:6692)

08-12 10:41:44.486  5787  5787 I LSPosed-Bridge: 	at java.lang.reflect.Method.invoke(Native Method)

08-12 10:41:44.486  5787  5787 I LSPosed-Bridge: 	at com.android.internal.os.RuntimeInit$MethodAndArgsCaller.run(RuntimeInit.java:493)

08-12 10:41:44.486  5787  5787 I LSPosed-Bridge: 	at com.android.internal.os.ZygoteInit.main(ZygoteInit.java:858)

08-12 10:41:44.517  5787 22623 I LSPosed-Bridge: 5787 PermLabel hookBinder_test 10132 interfaceBinder =android.hardware.display.IDisplayManager; arg0 = 1; arg1 = android.os.Parcel@f1fdf7; arg2 = android.os.Parcel@6749464; arg3 = 0; res = true; stacktrace=java.lang.Exception

08-12 10:41:44.517  5787 22623 I LSPosed-Bridge: 	at com.example.permlabel.hookBinder_test$1.afterHookedMethod(hookBinder_test.java:63)

08-12 10:41:44.517  5787 22623 I LSPosed-Bridge: 	at de.robv.android.xposed.XposedBridge$AdditionalHookInfo.callback(Unknown Source:147)

08-12 10:41:44.517  5787 22623 I LSPosed-Bridge: 	at LSPHooker_.transact(Unknown Source:28)

08-12 10:41:44.517  5787 22623 I LSPosed-Bridge: 	at android.hardware.display.IDisplayManager$Stub$Proxy.getDisplayInfo(IDisplayManager.java:404)

08-12 10:41:44.517  5787 22623 I LSPosed-Bridge: 	at android.hardware.display.DisplayManagerGlobal.getDisplayInfo(DisplayManagerGlobal.java:124)

08-12 10:41:44.517  5787 22623 I LSPosed-Bridge: 	at android.view.Display.updateDisplayInfoLocked(Display.java:1046)

08-12 10:41:44.517  5787 22623 I LSPosed-Bridge: 	at android.view.Display.getRealSize(Display.java:980)

08-12 10:41:44.517  5787 22623 I LSPosed-Bridge: 	at com.microsoft.clarity.k0.d2.a(DisplayInfoManager.java:10)

08-12 10:41:44.517  5787 22623 I LSPosed-Bridge: 	at com.microsoft.clarity.k0.d2.d(DisplayInfoManager.java:8)

08-12 10:41:44.517  5787 22623 I LSPosed-Bridge: 	at com.microsoft.clarity.k0.a3.c(SupportedSurfaceCombination.java:12)

08-12 10:41:44.517  5787 22623 I LSPosed-Bridge: 	at com.microsoft.clarity.k0.a3.<init>(SupportedSurfaceCombination.java:1233)

08-12 10:41:44.517  5787 22623 I LSPosed-Bridge: 	at com.microsoft.clarity.k0.f1.<init>(Camera2DeviceSurfaceManager.java:56)

08-12 10:41:44.517  5787 22623 I LSPosed-Bridge: 	at com.microsoft.clarity.i0.b.a(R8$$SyntheticClass:3)

08-12 10:41:44.517  5787 22623 I LSPosed-Bridge: 	at com.microsoft.clarity.q0.p.run(R8$$SyntheticClass:82)

08-12 10:41:44.517  5787 22623 I LSPosed-Bridge: 	at java.util.concurrent.ThreadPoolExecutor.runWorker(ThreadPoolExecutor.java:1167)

08-12 10:41:44.517  5787 22623 I LSPosed-Bridge: 	at java.util.concurrent.ThreadPoolExecutor$Worker.run(ThreadPoolExecutor.java:641)

08-12 10:41:44.517  5787 22623 I LSPosed-Bridge: 	at java.lang.Thread.run(Thread.java:764)

08-12 10:41:44.517  5787  5787 I LSPosed-Bridge: 5787 PermLabel hookBinder_test 10132 interfaceBinder =android.content.pm.IPackageManager; arg0 = 9; arg1 = android.os.Parcel@5beb2e; arg2 = android.os.Parcel@c5f56cf; arg3 = 0; res = true; stacktrace=java.lang.Exception

08-12 10:41:44.517  5787  5787 I LSPosed-Bridge: 	at com.example.permlabel.hookBinder_test$1.afterHookedMethod(hookBinder_test.java:63)

08-12 10:41:44.517  5787  5787 I LSPosed-Bridge: 	at de.robv.android.xposed.XposedBridge$AdditionalHookInfo.callback(Unknown Source:147)

08-12 10:41:44.517  5787  5787 I LSPosed-Bridge: 	at LSPHooker_.transact(Unknown Source:28)

08-12 10:41:44.517  5787  5787 I LSPosed-Bridge: 	at android.content.pm.IPackageManager$Stub$Proxy.getPermissionInfo(IPackageManager.java:3008)

08-12 10:41:44.517  5787  5787 I LSPosed-Bridge: 	at android.app.ApplicationPackageManager.getPermissionInfo(ApplicationPackageManager.java:306)

08-12 10:41:44.517  5787  5787 I LSPosed-Bridge: 	at com.example.permlabel.requestPerm$2.afterHookedMethod(requestPerm.java:184)

08-12 10:41:44.517  5787  5787 I LSPosed-Bridge: 	at de.robv.android.xposed.XposedBridge$AdditionalHookInfo.callback(Unknown Source:147)

08-12 10:41:44.517  5787  5787 I LSPosed-Bridge: 	at LSPHooker_.checkPermission(Unknown Source:25)

08-12 10:41:44.517  5787  5787 I LSPosed-Bridge: 	at android.content.ContextWrapper.checkPermission(ContextWrapper.java:738)

08-12 10:41:44.517  5787  5787 I LSPosed-Bridge: 	at com.microsoft.clarity.v4.b.a(ContextCompat.java:40)

08-12 10:41:44.517  5787  5787 I LSPosed-Bridge: 	at com.microsoft.clarity.hr.d0.Y(SourceFile:14)

08-12 10:41:44.517  5787  5787 I LSPosed-Bridge: 	at com.microsoft.clarity.hr.d0.onResume(SourceFile:27)

08-12 10:41:44.517  5787  5787 I LSPosed-Bridge: 	at androidx.fragment.app.Fragment.performResume(Fragment.java:18)

08-12 10:41:44.517  5787  5787 I LSPosed-Bridge: 	at androidx.fragment.app.q.l(FragmentStateManager.java:74)

08-12 10:41:44.517  5787  5787 I LSPosed-Bridge: 	at androidx.fragment.app.q.j(FragmentStateManager.java:41)

08-12 10:41:44.517  5787  5787 I LSPosed-Bridge: 	at androidx.fragment.app.FragmentManager.M(FragmentManager.java:58)

08-12 10:41:44.517  5787  5787 I LSPosed-Bridge: 	at androidx.fragment.app.FragmentManager.s(FragmentManager.java:34)

08-12 10:41:44.517  5787  5787 I LSPosed-Bridge: 	at androidx.fragment.app.FragmentActivity.onResumeFragments(FragmentActivity.java:24)

08-12 10:41:44.517  5787  5787 I LSPosed-Bridge: 	at androidx.fragment.app.FragmentActivity.onPostResume(FragmentActivity.java:4)

08-12 10:41:44.517  5787  5787 I LSPosed-Bridge: 	at android.app.Activity.performResume(Activity.java:7317)

08-12 10:41:44.517  5787  5787 I LSPosed-Bridge: 	at android.app.ActivityThread.performResumeActivity(ActivityThread.java:3777)

08-12 10:41:44.517  5787  5787 I LSPosed-Bridge: 	at android.app.ActivityThread.handleResumeActivity(ActivityThread.java:3817)

08-12 10:41:44.517  5787  5787 I LSPosed-Bridge: 	at android.app.servertransaction.ResumeActivityItem.execute(ResumeActivityItem.java:51)

08-12 10:41:44.517  5787  5787 I LSPosed-Bridge: 	at android.app.servertransaction.TransactionExecutor.executeLifecycleState(TransactionExecutor.java:145)

08-12 10:41:44.517  5787  5787 I LSPosed-Bridge: 	at android.app.servertransaction.TransactionExecutor.execute(TransactionExecutor.java:70)

08-12 10:41:44.517  5787  5787 I LSPosed-Bridge: 	at android.app.ActivityThread$H.handleMessage(ActivityThread.java:1809)

