07-20 07:07:59.390  5610  5610 I LSPosed-Bridge: 5610 PermLabel 10135 permission_group_mapping =android.permission.READ_PHONE_STATE Telephone

07-20 07:07:59.402  5610  5610 I LSPosed-Bridge: 5610 PermLabel 10135 permission_type_mapping =android.permission.REQUEST_INSTALL_PACKAGES 2; 

07-20 07:07:59.402  5610  5610 I LSPosed-Bridge: 5610 PermLabel 10135 permission_type_mapping =android.permission.REQUEST_INSTALL_PACKAGES 2; 

07-20 07:07:59.402  5610  5610 I LSPosed-Bridge: 5610 PermLabel 10135 permission_type_mapping =android.permission.MOUNT_UNMOUNT_FILESYSTEMS 2; 

07-20 07:07:59.402  5610  5610 I LSPosed-Bridge: 5610 PermLabel 10135 permission_type_mapping =android.permission.MOUNT_UNMOUNT_FILESYSTEMS 2; 

07-20 07:07:59.402  5610  5610 I LSPosed-Bridge: 5610 PermLabel 10135 all_declared permissions =android.permission.INTERNET android.permission.ACCESS_NETWORK_STATE android.permission.ACCESS_WIFI_STATE android.permission.SYSTEM_ALERT_WINDOW android.permission.RESTART_PACKAGES android.permission.FLASHLIGHT android.permission.EXPAND_STATUS_BAR android.permission.VIBRATE android.permission.READ_PHONE_STATE android.permission.ACCESS_COARSE_LOCATION android.permission.ACCESS_COARSE_UPDATES android.permission.WRITE_SETTINGS android.permission.RECEIVE_BOOT_COMPLETED android.permission.BROADCAST_STICKY android.permission.RECEIVE_USER_PRESENT android.permission.WAKE_LOCK android.permission.KILL_BACKGROUND_PROCESSES android.permission.GET_TASKS android.permission.READ_LOGS android.permission.ACCESS_FINE_LOCATION android.permission.BLUETOOTH android.permission.READ_EXTERNAL_STORAGE android.permission.WRITE_EXTERNAL_STORAGE android.permission.CAMERA android.permission.REQUEST_INSTALL_PACKAGES android.permission.MOUNT_UNMOUNT_FILESYSTEMS 

07-20 07:07:59.402  5610  5610 I LSPosed-Bridge: 5610 PermLabel 10135 all_declared permissions =android.permission.INTERNET android.permission.ACCESS_NETWORK_STATE android.permission.ACCESS_WIFI_STATE android.permission.SYSTEM_ALERT_WINDOW android.permission.RESTART_PACKAGES android.permission.FLASHLIGHT android.permission.EXPAND_STATUS_BAR android.permission.VIBRATE android.permission.READ_PHONE_STATE android.permission.ACCESS_COARSE_LOCATION android.permission.ACCESS_COARSE_UPDATES android.permission.WRITE_SETTINGS android.permission.RECEIVE_BOOT_COMPLETED android.permission.BROADCAST_STICKY android.permission.RECEIVE_USER_PRESENT android.permission.WAKE_LOCK android.permission.KILL_BACKGROUND_PROCESSES android.permission.GET_TASKS android.permission.READ_LOGS android.permission.ACCESS_FINE_LOCATION android.permission.BLUETOOTH android.permission.READ_EXTERNAL_STORAGE android.permission.WRITE_EXTERNAL_STORAGE android.permission.CAMERA android.permission.REQUEST_INSTALL_PACKAGES android.permission.MOUNT_UNMOUNT_FILESYSTEMS 

07-20 07:07:59.402  5610  5610 I LSPosed-Bridge: 5610 PermLabel 10135 declared normal_permissions =android.permission.INTERNET android.permission.ACCESS_NETWORK_STATE android.permission.ACCESS_WIFI_STATE android.permission.RESTART_PACKAGES android.permission.FLASHLIGHT android.permission.EXPAND_STATUS_BAR android.permission.VIBRATE android.permission.RECEIVE_BOOT_COMPLETED android.permission.BROADCAST_STICKY android.permission.WAKE_LOCK android.permission.KILL_BACKGROUND_PROCESSES android.permission.GET_TASKS android.permission.BLUETOOTH 

07-20 07:07:59.402  5610  5610 I LSPosed-Bridge: 5610 PermLabel 10135 declared normal_permissions =android.permission.INTERNET android.permission.ACCESS_NETWORK_STATE android.permission.ACCESS_WIFI_STATE android.permission.RESTART_PACKAGES android.permission.FLASHLIGHT android.permission.EXPAND_STATUS_BAR android.permission.VIBRATE android.permission.RECEIVE_BOOT_COMPLETED android.permission.BROADCAST_STICKY android.permission.WAKE_LOCK android.permission.KILL_BACKGROUND_PROCESSES android.permission.GET_TASKS android.permission.BLUETOOTH 

07-20 07:07:59.402   549   549 I ConfigStore: android::hardware::configstore::V1_0::ISurfaceFlingerConfigs::hasHDRDisplay retrieved: 0

07-20 07:07:59.402   549   549 I ConfigStore: android::hardware::configstore::V1_0::ISurfaceFlingerConfigs::hasHDRDisplay retrieved: 0

07-20 07:07:59.402  5610  5610 I LSPosed-Bridge: 5610 PermLabel 10135 declared dangerous_permissions =android.permission.READ_PHONE_STATE android.permission.ACCESS_COARSE_LOCATION android.permission.ACCESS_FINE_LOCATION android.permission.READ_EXTERNAL_STORAGE android.permission.WRITE_EXTERNAL_STORAGE android.permission.CAMERA 

07-20 07:07:59.402  5610  5610 I LSPosed-Bridge: 5610 PermLabel 10135 declared dangerous_permissions =android.permission.READ_PHONE_STATE android.permission.ACCESS_COARSE_LOCATION android.permission.ACCESS_FINE_LOCATION android.permission.READ_EXTERNAL_STORAGE android.permission.WRITE_EXTERNAL_STORAGE android.permission.CAMERA 

07-20 07:07:59.402  5610  5610 I LSPosed-Bridge: 5610 PermLabel 10135 declared dangerous_group =Telephone Location Location Storage Storage Camera 

07-20 07:07:59.402  5610  5610 I LSPosed-Bridge: 5610 PermLabel 10135 declared dangerous_group =Telephone Location Location Storage Storage Camera 

07-20 07:09:06.132  7976  8038 W .android.video: Accessing hidden method Ljava/util/Collections$SynchronizedSet;-><init>(Ljava/util/Set;Ljava/lang/Object;)V (dark greylist, reflection)

07-20 07:09:06.132  1565  1856 I LSPosed-Bridge: 5610 PermLabel 10135 AMS.checkPermission: Binder.getCallingPid() = 1902; uid = 10135; Binder.getCallingUid() = 1001; getNameForUid: android.uid.phone:1001; getPackagesForUid: [com.android.providers.telephony, com.android.phone, com.qti.qualcomm.datastatusnotification, com.qualcomm.simcontacts, com.qti.qualcomm.deviceinfo, com.android.stk, com.android.mms.service, com.qualcomm.qti.networksetting, com.qualcomm.qti.telephonyservice, com.qti.xdivert, com.qualcomm.qti.ims, com.qualcomm.qti.callfeaturessetting, com.qualcomm.qti.lpa, com.qualcomm.qcrilmsgtunnel, com.qualcomm.qti.uim, org.codeaurora.ims, com.qualcomm.qti.autoregistration, com.qti.confuridialer]; permName: android.permission.READ_PHONE_STATE; type = 1; res = -1; stacktrace=java.lang.Exception

07-20 07:09:06.132  1565  1856 I LSPosed-Bridge: 	at com.example.permlabel.requirePerm$1$2.afterHookedMethod(requirePerm.java:142)

07-20 07:09:06.132  1565  1856 I LSPosed-Bridge: 	at de.robv.android.xposed.XposedBridge$AdditionalHookInfo.callback(Unknown Source:147)

07-20 07:09:06.132  1565  1856 I LSPosed-Bridge: 	at LSPHooker_.checkPermission(Unknown Source:25)

07-20 07:09:06.132  1565  1856 I LSPosed-Bridge: 	at android.app.IActivityManager$Stub.onTransact(IActivityManager.java:664)

07-20 07:09:06.132  1565  1856 I LSPosed-Bridge: 	at com.android.server.am.ActivityManagerService.onTransact(ActivityManagerService.java:3346)

07-20 07:09:06.132  1565  1856 I LSPosed-Bridge: 	at android.os.Binder.execTransact(Binder.java:731)

07-20 07:09:06.138   549   549 I ConfigStore: android::hardware::configstore::V1_0::ISurfaceFlingerConfigs::hasHDRDisplay retrieved: 0

07-20 07:09:06.138  1565  1856 I LSPosed-Bridge: 5610 PermLabel 10135 AMS.checkPermission: Binder.getCallingPid() = 1902; uid = 10135; Binder.getCallingUid() = 1001; getNameForUid: android.uid.phone:1001; getPackagesForUid: [com.android.providers.telephony, com.android.phone, com.qti.qualcomm.datastatusnotification, com.qualcomm.simcontacts, com.qti.qualcomm.deviceinfo, com.android.stk, com.android.mms.service, com.qualcomm.qti.networksetting, com.qualcomm.qti.telephonyservice, com.qti.xdivert, com.qualcomm.qti.ims, com.qualcomm.qti.callfeaturessetting, com.qualcomm.qti.lpa, com.qualcomm.qcrilmsgtunnel, com.qualcomm.qti.uim, org.codeaurora.ims, com.qualcomm.qti.autoregistration, com.qti.confuridialer]; permName: android.permission.READ_PHONE_STATE; type = 1; res = -1; stacktrace=java.lang.Exception

07-20 07:09:06.138  1565  1856 I LSPosed-Bridge: 	at com.example.permlabel.requirePerm$1$2.afterHookedMethod(requirePerm.java:142)

07-20 07:09:06.138  1565  1856 I LSPosed-Bridge: 	at de.robv.android.xposed.XposedBridge$AdditionalHookInfo.callback(Unknown Source:147)

07-20 07:09:06.138  1565  1856 I LSPosed-Bridge: 	at LSPHooker_.checkPermission(Unknown Source:25)

07-20 07:09:06.138  1565  1856 I LSPosed-Bridge: 	at android.app.IActivityManager$Stub.onTransact(IActivityManager.java:664)

07-20 07:09:06.138  1565  1856 I LSPosed-Bridge: 	at com.android.server.am.ActivityManagerService.onTransact(ActivityManagerService.java:3346)

07-20 07:09:06.138  1565  1856 I LSPosed-Bridge: 	at android.os.Binder.execTransact(Binder.java:731)

07-20 07:09:06.138   549   549 I ConfigStore: android::hardware::configstore::V1_0::ISurfaceFlingerConfigs::hasHDRDisplay retrieved: 0

07-20 07:09:06.147  5610  8037 I LSPosed-Bridge: 5610 PermLabel 10135; permName: android.permission.READ_PHONE_STATE; getSubscriberId res = null; stacktrace=java.lang.Exception

07-20 07:09:06.147  5610  8037 I LSPosed-Bridge: 	at com.example.permlabel.hookBinder_test$4.afterHookedMethod(hookBinder_test.java:122)

07-20 07:09:06.147  5610  8037 I LSPosed-Bridge: 	at de.robv.android.xposed.XposedBridge$AdditionalHookInfo.callback(Unknown Source:147)

07-20 07:09:06.147  5610  8037 I LSPosed-Bridge: 	at LSPHooker_.getSubscriberId(Unknown Source:8)

07-20 07:09:06.147  5610  8037 I LSPosed-Bridge: 	at com.miui.zeus.mimo.sdk.utils.network.c.e(Unknown Source:9)

07-20 07:09:06.147  5610  8037 I LSPosed-Bridge: 	at com.miui.zeus.mimo.sdk.utils.clientinfo.b.c(Unknown Source:61)

07-20 07:09:06.147  5610  8037 I LSPosed-Bridge: 	at com.miui.zeus.mimo.sdk.server.d.b(Unknown Source:29)

07-20 07:09:06.147  5610  8037 I LSPosed-Bridge: 	at com.miui.zeus.mimo.sdk.server.http.h.a(Unknown Source:6)

07-20 07:09:06.147  5610  8037 I LSPosed-Bridge: 	at com.miui.zeus.mimo.sdk.server.http.h.a(Unknown Source:7)

07-20 07:09:06.147  5610  8037 I LSPosed-Bridge: 	at com.miui.zeus.mimo.sdk.server.http.h.a(Unknown Source:1)

07-20 07:09:06.147  5610  8037 I LSPosed-Bridge: 	at com.miui.zeus.mimo.sdk.server.d.a(Unknown Source:11)

07-20 07:09:06.147  5610  8037 I LSPosed-Bridge: 	at com.miui.zeus.mimo.sdk.server.d.a(Unknown Source:10)

07-20 07:09:06.147  5610  8037 I LSPosed-Bridge: 	at com.miui.zeus.mimo.sdk.server.c$1.run(Unknown Source:30)

07-20 07:09:06.147  5610  8037 I LSPosed-Bridge: 	at java.util.concurrent.ThreadPoolExecutor.runWorker(ThreadPoolExecutor.java:1167)

07-20 07:09:06.147  5610  8037 I LSPosed-Bridge: 	at java.util.concurrent.ThreadPoolExecutor$Worker.run(ThreadPoolExecutor.java:641)

07-20 07:09:06.147  5610  8037 I LSPosed-Bridge: 	at java.lang.Thread.run(Thread.java:764)

07-20 07:09:06.147  1565  1856 I LSPosed-Bridge: 5610 PermLabel 10135 AMS.checkPermission: Binder.getCallingPid() = 5610; uid = 10135; Binder.getCallingUid() = 10135; getNameForUid: com.ttjoke.activity; getPackagesForUid: [com.ttjoke.activity]; permName: android.permission.ACCESS_NETWORK_STATE; type = 0; res = 0; stacktrace=java.lang.Exception

07-20 07:09:06.147  1565  1856 I LSPosed-Bridge: 	at com.example.permlabel.requirePerm$1$2.afterHookedMethod(requirePerm.java:136)

07-20 07:09:06.147  1565  1856 I LSPosed-Bridge: 	at de.robv.android.xposed.XposedBridge$AdditionalHookInfo.callback(Unknown Source:147)

07-20 07:09:06.147  1565  1856 I LSPosed-Bridge: 	at LSPHooker_.checkPermission(Unknown Source:25)

07-20 07:09:06.147  1565  1856 I LSPosed-Bridge: 	at android.app.ContextImpl.checkPermission(ContextImpl.java:1751)

07-20 07:09:06.147  1565  1856 I LSPosed-Bridge: 	at android.app.ContextImpl.checkCallingOrSelfPermission(ContextImpl.java:1791)

07-20 07:09:06.147  1565  1856 I LSPosed-Bridge: 	at android.app.ContextImpl.enforceCallingOrSelfPermission(ContextImpl.java:1841)

07-20 07:09:06.147  1565  1856 I LSPosed-Bridge: 	at com.android.server.ConnectivityService.enforceAccessPermission(ConnectivityService.java:1672)

07-20 07:09:06.147  1565  1856 I LSPosed-Bridge: 	at com.android.server.ConnectivityService.getActiveNetworkInfo(ConnectivityService.java:1178)

07-20 07:09:06.147  1565  1856 I LSPosed-Bridge: 	at android.net.IConnectivityManager$Stub.onTransact(IConnectivityManager.java:85)

07-20 07:09:06.147  1565  1856 I LSPosed-Bridge: 	at android.os.Binder.execTransact(Binder.java:731)

07-20 07:09:06.147   549   549 I ConfigStore: android::hardware::configstore::V1_0::ISurfaceFlingerConfigs::hasHDRDisplay retrieved: 0

07-20 07:09:06.147  5610  8042 I LSPosed-Bridge: 5610 PermLabel hookBinder_test 10135 interfaceBinder =android.net.IConnectivityManager; arg0 = 3; arg1 = android.os.Parcel@a3c86ad; arg2 = android.os.Parcel@5916f0e; arg3 = 0; res = true; stacktrace=java.lang.Exception

07-20 07:09:06.147  5610  8042 I LSPosed-Bridge: 	at com.example.permlabel.hookBinder_test$1.afterHookedMethod(hookBinder_test.java:67)

07-20 07:09:06.147  5610  8042 I LSPosed-Bridge: 	at de.robv.android.xposed.XposedBridge$AdditionalHookInfo.callback(Unknown Source:147)

07-20 07:09:06.147  5610  8042 I LSPosed-Bridge: 	at LSPHooker_.transact(Unknown Source:28)

07-20 07:09:06.147  5610  8042 I LSPosed-Bridge: 	at android.net.IConnectivityManager$Stub$Proxy.getActiveNetworkInfo(IConnectivityManager.java:1206)

07-20 07:09:06.147  5610  8042 I LSPosed-Bridge: 	at android.net.ConnectivityManager.getActiveNetworkInfo(ConnectivityManager.java:890)

07-20 07:09:06.147  5610  8042 I LSPosed-Bridge: 	at com.xiaomi.analytics.a.a.h.b(Unknown Source:8)

07-20 07:09:06.147  5610  8042 I LSPosed-Bridge: 	at com.xiaomi.analytics.a.a.h.a(Unknown Source:0)

07-20 07:09:06.147  5610  8042 I LSPosed-Bridge: 	at com.xiaomi.analytics.a.d$1.run(Unknown Source:90)

07-20 07:09:06.147  5610  8042 I LSPosed-Bridge: 	at java.util.concurrent.ThreadPoolExecutor.runWorker(ThreadPoolExecutor.java:1167)

07-20 07:09:06.147  5610  8042 I LSPosed-Bridge: 	at java.util.concurrent.ThreadPoolExecutor$Worker.run(ThreadPoolExecutor.java:641)

07-20 07:09:06.147  5610  8042 I LSPosed-Bridge: 	at java.lang.Thread.run(Thread.java:764)

07-20 07:09:06.173  1565  1714 I LSPosed-Bridge: 5610 PermLabel 10135 AMS.checkPermission: Binder.getCallingPid() = 1902; uid = 10135; Binder.getCallingUid() = 1001; getNameForUid: android.uid.phone:1001; getPackagesForUid: [com.android.providers.telephony, com.android.phone, com.qti.qualcomm.datastatusnotification, com.qualcomm.simcontacts, com.qti.qualcomm.deviceinfo, com.android.stk, com.android.mms.service, com.qualcomm.qti.networksetting, com.qualcomm.qti.telephonyservice, com.qti.xdivert, com.qualcomm.qti.ims, com.qualcomm.qti.callfeaturessetting, com.qualcomm.qti.lpa, com.qualcomm.qcrilmsgtunnel, com.qualcomm.qti.uim, org.codeaurora.ims, com.qualcomm.qti.autoregistration, com.qti.confuridialer]; permName: android.permission.READ_PHONE_STATE; type = 1; res = -1; stacktrace=java.lang.Exception

07-20 07:09:06.173  1565  1714 I LSPosed-Bridge: 	at com.example.permlabel.requirePerm$1$2.afterHookedMethod(requirePerm.java:142)

07-20 07:09:06.173  1565  1714 I LSPosed-Bridge: 	at de.robv.android.xposed.XposedBridge$AdditionalHookInfo.callback(Unknown Source:147)

07-20 07:09:06.173  1565  1714 I LSPosed-Bridge: 	at LSPHooker_.checkPermission(Unknown Source:25)

07-20 07:09:06.173  1565  1714 I LSPosed-Bridge: 	at android.app.IActivityManager$Stub.onTransact(IActivityManager.java:664)

07-20 07:09:06.173  1565  1714 I LSPosed-Bridge: 	at com.android.server.am.ActivityManagerService.onTransact(ActivityManagerService.java:3346)

07-20 07:09:06.173  1565  1714 I LSPosed-Bridge: 	at android.os.Binder.execTransact(Binder.java:731)

07-20 07:09:06.470  5610  5610 I LSPosed-Bridge: 5610 PermLabel permName: android.permission.READ_PHONE_STATE; getRunningAppProcesses =[android.app.ActivityManager$RunningAppProcessInfo@2db08c3]; stacktrace=java.lang.Exception

07-20 07:09:06.470  5610  5610 I LSPosed-Bridge: 	at com.example.permlabel.hookBinder_test$2.afterHookedMethod(hookBinder_test.java:107)

07-20 07:09:06.470  5610  5610 I LSPosed-Bridge: 	at de.robv.android.xposed.XposedBridge$AdditionalHookInfo.callback(Unknown Source:147)

07-20 07:09:06.470  5610  5610 I LSPosed-Bridge: 	at LSPHooker_.getRunningAppProcesses(Unknown Source:8)

07-20 07:09:06.470  5610  5610 I LSPosed-Bridge: 	at com.baidu.mobstat.dt.w(Unknown Source:1016)

07-20 07:09:06.470  5610  5610 I LSPosed-Bridge: 	at com.baidu.mobstat.dt.s(Unknown Source:1077)

07-20 07:09:06.470  5610  5610 I LSPosed-Bridge: 	at com.baidu.mobstat.w.b(Unknown Source:82)

07-20 07:09:06.470  5610  5610 I LSPosed-Bridge: 	at com.baidu.mobstat.w.a(Unknown Source:219)

07-20 07:09:06.470  5610  5610 I LSPosed-Bridge: 	at com.baidu.mobstat.w.b(Unknown Source:194)

07-20 07:09:06.470  5610  5610 I LSPosed-Bridge: 	at com.joke8.ui.BaseActivity.onPause(Unknown Source:65)

07-20 07:09:06.470  5610  5610 I LSPosed-Bridge: 	at android.app.Activity.performPause(Activity.java:7329)

07-20 07:09:06.470  5610  5610 I LSPosed-Bridge: 	at android.app.Instrumentation.callActivityOnPause(Instrumentation.java:1466)

07-20 07:09:06.470  5610  5610 I LSPosed-Bridge: 	at android.app.ActivityThread.performPauseActivityIfNeeded(ActivityThread.java:4022)

07-20 07:09:06.470  5610  5610 I LSPosed-Bridge: 	at android.app.ActivityThread.performPauseActivity(ActivityThread.java:3987)

07-20 07:09:06.470  5610  5610 I LSPosed-Bridge: 	at android.app.ActivityThread.handlePauseActivity(ActivityThread.java:3939)

07-20 07:09:06.470  5610  5610 I LSPosed-Bridge: 	at android.app.servertransaction.PauseActivityItem.execute(PauseActivityItem.java:45)

07-20 07:09:06.470  5610  5610 I LSPosed-Bridge: 	at android.app.servertransaction.TransactionExecutor.executeLifecycleState(TransactionExecutor.java:145)

07-20 07:09:06.470  5610  5610 I LSPosed-Bridge: 	at android.app.servertransaction.TransactionExecutor.execute(TransactionExecutor.java:70)

07-20 07:09:06.470  5610  5610 I LSPosed-Bridge: 	at android.app.ActivityThread$H.handleMessage(ActivityThread.java:1809)

07-20 07:09:06.470  5610  5610 I LSPosed-Bridge: 	at android.os.Handler.dispatchMessage(Handler.java:106)

07-20 07:09:06.470  5610  5610 I LSPosed-Bridge: 	at android.os.Looper.loop(Looper.java:193)

07-20 07:09:06.470  5610  5610 I LSPosed-Bridge: 	at android.app.ActivityThread.main(ActivityThread.java:6692)

07-20 07:09:06.470  5610  5610 I LSPosed-Bridge: 	at java.lang.reflect.Method.invoke(Native Method)

07-20 07:09:06.470  5610  5610 I LSPosed-Bridge: 	at com.android.internal.os.RuntimeInit$MethodAndArgsCaller.run(RuntimeInit.java:493)

07-20 07:09:06.470  5610  5610 I LSPosed-Bridge: 	at com.android.internal.os.ZygoteInit.main(ZygoteInit.java:858)

07-20 07:09:06.563   549   549 I ConfigStore: android::hardware::configstore::V1_0::ISurfaceFlingerConfigs::hasHDRDisplay retrieved: 0

07-20 07:09:06.563   549   549 I ConfigStore: android::hardware::configstore::V1_0::ISurfaceFlingerConfigs::hasHDRDisplay retrieved: 0

07-20 07:09:06.563  5610  8085 I LSPosed-Bridge: 5610 PermLabel 10135 ContextImpl Binder.getCallingPid() = 5610; Binder.getCallingUid() = 10135; permName: android.permission.READ_PHONE_STATE; res = -1; stacktrace=java.lang.Exception

07-20 07:09:06.563  5610  8085 I LSPosed-Bridge: 5610 PermLabel 10135 ContextImpl Binder.getCallingPid() = 5610; Binder.getCallingUid() = 10135; permName: android.permission.READ_PHONE_STATE; res = -1; stacktrace=java.lang.Exception

07-20 07:09:06.563  5610  8085 I LSPosed-Bridge: 	at com.example.permlabel.requestPerm$2.afterHookedMethod(requestPerm.java:197)

07-20 07:09:06.563  5610  8085 I LSPosed-Bridge: 	at com.example.permlabel.requestPerm$2.afterHookedMethod(requestPerm.java:197)

07-20 07:09:06.563  5610  8085 I LSPosed-Bridge: 	at de.robv.android.xposed.XposedBridge$AdditionalHookInfo.callback(Unknown Source:147)

07-20 07:09:06.563  5610  8085 I LSPosed-Bridge: 	at de.robv.android.xposed.XposedBridge$AdditionalHookInfo.callback(Unknown Source:147)

07-20 07:09:06.563  5610  8085 I LSPosed-Bridge: 	at LSPHooker_.checkPermission(Unknown Source:25)

07-20 07:09:06.563  5610  8085 I LSPosed-Bridge: 	at LSPHooker_.checkPermission(Unknown Source:25)

07-20 07:09:06.563  5610  8085 I LSPosed-Bridge: 	at android.app.ContextImpl.checkCallingOrSelfPermission(ContextImpl.java:1791)

07-20 07:09:06.563  5610  8085 I LSPosed-Bridge: 	at android.app.ContextImpl.checkCallingOrSelfPermission(ContextImpl.java:1791)

07-20 07:09:06.563  5610  8085 I LSPosed-Bridge: 	at android.content.ContextWrapper.checkCallingOrSelfPermission(ContextWrapper.java:754)

07-20 07:09:06.563  5610  8085 I LSPosed-Bridge: 	at android.content.ContextWrapper.checkCallingOrSelfPermission(ContextWrapper.java:754)

07-20 07:09:06.563  5610  8085 I LSPosed-Bridge: 	at com.baidu.mobstat.dk.e(Unknown Source:126)

07-20 07:09:06.563  5610  8085 I LSPosed-Bridge: 	at com.baidu.mobstat.dk.e(Unknown Source:126)

07-20 07:09:06.563  5610  8085 I LSPosed-Bridge: 	at com.baidu.mobstat.l.a(Unknown Source:87)

07-20 07:09:06.563  5610  8085 I LSPosed-Bridge: 	at com.baidu.mobstat.l.a(Unknown Source:87)

07-20 07:09:06.563  5610  8085 I LSPosed-Bridge: 	at com.baidu.mobstat.l.a(Unknown Source:69)

07-20 07:09:06.563  5610  8085 I LSPosed-Bridge: 	at com.baidu.mobstat.l.a(Unknown Source:69)

07-20 07:09:06.563  5610  8085 I LSPosed-Bridge: 	at com.baidu.mobstat.h.c(Unknown Source:251)

07-20 07:09:06.563  5610  8085 I LSPosed-Bridge: 	at com.baidu.mobstat.h.c(Unknown Source:251)

07-20 07:09:06.563  5610  8085 I LSPosed-Bridge: 	at com.baidu.mobstat.h.a(Unknown Source:99)

07-20 07:09:06.563  5610  8085 I LSPosed-Bridge: 	at com.baidu.mobstat.h.a(Unknown Source:99)

07-20 07:09:06.563  5610  8085 I LSPosed-Bridge: 	at com.baidu.mobstat.v.a(Unknown Source:171)

07-20 07:09:06.563  5610  8085 I LSPosed-Bridge: 	at com.baidu.mobstat.v.a(Unknown Source:171)

07-20 07:09:06.563  5610  8085 I LSPosed-Bridge: 	at com.baidu.mobstat.v.a(Unknown Source:263)

07-20 07:09:06.563  5610  8085 I LSPosed-Bridge: 	at com.baidu.mobstat.v.a(Unknown Source:263)

07-20 07:09:06.563  5610  8085 I LSPosed-Bridge: 	at com.baidu.mobstat.d$10.run(Unknown Source:376)

07-20 07:09:06.563  5610  8085 I LSPosed-Bridge: 	at com.baidu.mobstat.d$10.run(Unknown Source:376)

07-20 07:09:06.563  5610  8085 I LSPosed-Bridge: 	at android.os.Handler.handleCallback(Handler.java:873)

07-20 07:09:06.563  5610  8085 I LSPosed-Bridge: 	at android.os.Handler.handleCallback(Handler.java:873)

07-20 07:09:06.563  5610  8085 I LSPosed-Bridge: 	at android.os.Handler.dispatchMessage(Handler.java:99)

07-20 07:09:06.563  5610  8085 I LSPosed-Bridge: 	at android.os.Handler.dispatchMessage(Handler.java:99)

07-20 07:09:06.563  5610  8085 I LSPosed-Bridge: 	at android.os.Looper.loop(Looper.java:193)

07-20 07:09:06.563  5610  8085 I LSPosed-Bridge: 	at android.os.Looper.loop(Looper.java:193)

07-20 07:09:06.563  5610  8085 I LSPosed-Bridge: 	at android.os.HandlerThread.run(HandlerThread.java:65)

07-20 07:09:06.563  5610  8085 I LSPosed-Bridge: 	at android.os.HandlerThread.run(HandlerThread.java:65)

07-20 07:09:06.563  5610  8085 I LSPosed-Bridge: 5610 PermLabel 10135 ContextImpl.checkPermission: askedperm = []; permName: android.permission.READ_PHONE_STATE; android.os.Process.myPid() = 5610; type = 1

07-20 07:09:06.563  5610  8085 I LSPosed-Bridge: 5610 PermLabel 10135 ContextImpl.checkPermission: askedperm = []; permName: android.permission.READ_PHONE_STATE; android.os.Process.myPid() = 5610; type = 1

07-20 07:09:06.563   549   549 I ConfigStore: android::hardware::configstore::V1_0::ISurfaceFlingerConfigs::hasHDRDisplay retrieved: 0

07-20 07:09:06.563   549   549 I ConfigStore: android::hardware::configstore::V1_0::ISurfaceFlingerConfigs::hasHDRDisplay retrieved: 0

07-20 07:09:06.564  5610  8085 I LSPosed-Bridge: 5610 PermLabel 10135 ContextImpl.checkPermission: pid = 5610; uid = 10135; Binder.getCallingPid() =5610; Binder.getCallingUid() = 10135; permName: android.permission.READ_PHONE_STATE; type = 1; res = -1; stacktrace=java.lang.Exception

07-20 07:09:06.564  5610  8085 I LSPosed-Bridge: 5610 PermLabel 10135 ContextImpl.checkPermission: pid = 5610; uid = 10135; Binder.getCallingPid() =5610; Binder.getCallingUid() = 10135; permName: android.permission.READ_PHONE_STATE; type = 1; res = -1; stacktrace=java.lang.Exception

07-20 07:09:06.564  5610  8085 I LSPosed-Bridge: 	at com.example.permlabel.requestPerm$2.afterHookedMethod(requestPerm.java:204)

07-20 07:09:06.564  5610  8085 I LSPosed-Bridge: 	at com.example.permlabel.requestPerm$2.afterHookedMethod(requestPerm.java:204)

07-20 07:09:06.564  5610  8085 I LSPosed-Bridge: 	at de.robv.android.xposed.XposedBridge$AdditionalHookInfo.callback(Unknown Source:147)

07-20 07:09:06.564  5610  8085 I LSPosed-Bridge: 	at de.robv.android.xposed.XposedBridge$AdditionalHookInfo.callback(Unknown Source:147)

07-20 07:09:06.564  5610  8085 I LSPosed-Bridge: 	at LSPHooker_.checkPermission(Unknown Source:25)

07-20 07:09:06.564  5610  8085 I LSPosed-Bridge: 	at LSPHooker_.checkPermission(Unknown Source:25)

07-20 07:09:06.564  5610  8085 I LSPosed-Bridge: 	at android.app.ContextImpl.checkCallingOrSelfPermission(ContextImpl.java:1791)

07-20 07:09:06.564  5610  8085 I LSPosed-Bridge: 	at android.app.ContextImpl.checkCallingOrSelfPermission(ContextImpl.java:1791)

07-20 07:09:06.564  5610  8085 I LSPosed-Bridge: 	at android.content.ContextWrapper.checkCallingOrSelfPermission(ContextWrapper.java:754)

07-20 07:09:06.564  5610  8085 I LSPosed-Bridge: 	at android.content.ContextWrapper.checkCallingOrSelfPermission(ContextWrapper.java:754)

07-20 07:09:06.564  5610  8085 I LSPosed-Bridge: 	at com.baidu.mobstat.dk.e(Unknown Source:126)

07-20 07:09:06.564  5610  8085 I LSPosed-Bridge: 	at com.baidu.mobstat.dk.e(Unknown Source:126)

07-20 07:09:06.564  5610  8085 I LSPosed-Bridge: 	at com.baidu.mobstat.l.a(Unknown Source:87)

07-20 07:09:06.564  5610  8085 I LSPosed-Bridge: 	at com.baidu.mobstat.l.a(Unknown Source:87)

07-20 07:09:06.564  5610  8085 I LSPosed-Bridge: 	at com.baidu.mobstat.l.a(Unknown Source:69)

07-20 07:09:06.564  5610  8085 I LSPosed-Bridge: 	at com.baidu.mobstat.l.a(Unknown Source:69)

07-20 07:09:06.564  5610  8085 I LSPosed-Bridge: 	at com.baidu.mobstat.h.c(Unknown Source:251)

07-20 07:09:06.564  5610  8085 I LSPosed-Bridge: 	at com.baidu.mobstat.h.c(Unknown Source:251)

07-20 07:09:06.564  5610  8085 I LSPosed-Bridge: 	at com.baidu.mobstat.h.a(Unknown Source:99)

07-20 07:09:06.564  5610  8085 I LSPosed-Bridge: 	at com.baidu.mobstat.h.a(Unknown Source:99)

07-20 07:09:06.564  5610  8085 I LSPosed-Bridge: 	at com.baidu.mobstat.v.a(Unknown Source:171)

07-20 07:09:06.564  5610  8085 I LSPosed-Bridge: 	at com.baidu.mobstat.v.a(Unknown Source:171)

07-20 07:09:06.564  5610  8085 I LSPosed-Bridge: 	at com.baidu.mobstat.v.a(Unknown Source:263)

07-20 07:09:06.564  5610  8085 I LSPosed-Bridge: 	at com.baidu.mobstat.v.a(Unknown Source:263)

07-20 07:09:06.564  5610  8085 I LSPosed-Bridge: 	at com.baidu.mobstat.d$10.run(Unknown Source:376)

07-20 07:09:06.564  5610  8085 I LSPosed-Bridge: 	at com.baidu.mobstat.d$10.run(Unknown Source:376)

07-20 07:09:06.564  5610  8085 I LSPosed-Bridge: 	at android.os.Handler.handleCallback(Handler.java:873)

07-20 07:09:06.564  5610  8085 I LSPosed-Bridge: 	at android.os.Handler.handleCallback(Handler.java:873)

07-20 07:09:06.564  5610  8085 I LSPosed-Bridge: 	at android.os.Handler.dispatchMessage(Handler.java:99)

07-20 07:09:06.564  5610  8085 I LSPosed-Bridge: 	at android.os.Handler.dispatchMessage(Handler.java:99)

07-20 07:09:06.564  5610  8085 I LSPosed-Bridge: 	at android.os.Looper.loop(Looper.java:193)

07-20 07:09:06.564  5610  8085 I LSPosed-Bridge: 	at android.os.Looper.loop(Looper.java:193)

07-20 07:09:06.564  5610  8085 I LSPosed-Bridge: 	at android.os.HandlerThread.run(HandlerThread.java:65)

07-20 07:09:06.564  5610  8085 I LSPosed-Bridge: 	at android.os.HandlerThread.run(HandlerThread.java:65)

07-20 07:09:06.564  5610  8085 I LSPosed-Bridge: 5610 PermLabel 10135 ContextImpl.checkPermission: pid = 5610; uid = 10135; permName: android.permission.READ_PHONE_STATE; type = 1; res = -1; stacktrace=java.lang.Exception

07-20 07:09:06.564  5610  8085 I LSPosed-Bridge: 5610 PermLabel 10135 ContextImpl.checkPermission: pid = 5610; uid = 10135; permName: android.permission.READ_PHONE_STATE; type = 1; res = -1; stacktrace=java.lang.Exception

07-20 07:09:06.564  5610  8085 I LSPosed-Bridge: 	at com.example.permlabel.requestPerm$2.afterHookedMethod(requestPerm.java:221)

07-20 07:09:06.564  5610  8085 I LSPosed-Bridge: 	at com.example.permlabel.requestPerm$2.afterHookedMethod(requestPerm.java:221)

07-20 07:09:06.564  5610  8085 I LSPosed-Bridge: 	at de.robv.android.xposed.XposedBridge$AdditionalHookInfo.callback(Unknown Source:147)

07-20 07:09:06.564  5610  8085 I LSPosed-Bridge: 	at de.robv.android.xposed.XposedBridge$AdditionalHookInfo.callback(Unknown Source:147)

07-20 07:09:06.564  5610  8085 I LSPosed-Bridge: 	at LSPHooker_.checkPermission(Unknown Source:25)

07-20 07:09:06.564  5610  8085 I LSPosed-Bridge: 	at LSPHooker_.checkPermission(Unknown Source:25)

07-20 07:09:06.564  5610  8085 I LSPosed-Bridge: 	at android.app.ContextImpl.checkCallingOrSelfPermission(ContextImpl.java:1791)

07-20 07:09:06.564  5610  8085 I LSPosed-Bridge: 	at android.app.ContextImpl.checkCallingOrSelfPermission(ContextImpl.java:1791)

07-20 07:09:06.564  5610  8085 I LSPosed-Bridge: 	at android.content.ContextWrapper.checkCallingOrSelfPermission(ContextWrapper.java:754)

07-20 07:09:06.564  5610  8085 I LSPosed-Bridge: 	at android.content.ContextWrapper.checkCallingOrSelfPermission(ContextWrapper.java:754)

07-20 07:09:06.564  5610  8085 I LSPosed-Bridge: 	at com.baidu.mobstat.dk.e(Unknown Source:126)

07-20 07:09:06.564  5610  8085 I LSPosed-Bridge: 	at com.baidu.mobstat.dk.e(Unknown Source:126)

07-20 07:09:06.564  5610  8085 I LSPosed-Bridge: 	at com.baidu.mobstat.l.a(Unknown Source:87)

07-20 07:09:06.564  5610  8085 I LSPosed-Bridge: 	at com.baidu.mobstat.l.a(Unknown Source:87)

07-20 07:09:06.564  5610  8085 I LSPosed-Bridge: 	at com.baidu.mobstat.l.a(Unknown Source:69)

07-20 07:09:06.564  5610  8085 I LSPosed-Bridge: 	at com.baidu.mobstat.l.a(Unknown Source:69)

07-20 07:09:06.564  5610  8085 I LSPosed-Bridge: 	at com.baidu.mobstat.h.c(Unknown Source:251)

07-20 07:09:06.564  5610  8085 I LSPosed-Bridge: 	at com.baidu.mobstat.h.c(Unknown Source:251)

07-20 07:09:06.564  5610  8085 I LSPosed-Bridge: 	at com.baidu.mobstat.h.a(Unknown Source:99)

07-20 07:09:06.564  5610  8085 I LSPosed-Bridge: 	at com.baidu.mobstat.h.a(Unknown Source:99)

07-20 07:09:06.564  5610  8085 I LSPosed-Bridge: 	at com.baidu.mobstat.v.a(Unknown Source:171)

07-20 07:09:06.564  5610  8085 I LSPosed-Bridge: 	at com.baidu.mobstat.v.a(Unknown Source:171)

07-20 07:09:06.564  5610  8085 I LSPosed-Bridge: 	at com.baidu.mobstat.v.a(Unknown Source:263)

07-20 07:09:06.564  5610  8085 I LSPosed-Bridge: 	at com.baidu.mobstat.v.a(Unknown Source:263)

07-20 07:09:06.564  5610  8085 I LSPosed-Bridge: 	at com.baidu.mobstat.d$10.run(Unknown Source:376)

07-20 07:09:06.564  5610  8085 I LSPosed-Bridge: 	at com.baidu.mobstat.d$10.run(Unknown Source:376)

07-20 07:09:06.564  5610  8085 I LSPosed-Bridge: 	at android.os.Handler.handleCallback(Handler.java:873)

07-20 07:09:06.564  5610  8085 I LSPosed-Bridge: 	at android.os.Handler.handleCallback(Handler.java:873)

07-20 07:09:06.564  5610  8085 I LSPosed-Bridge: 	at android.os.Handler.dispatchMessage(Handler.java:99)

07-20 07:09:06.564  5610  8085 I LSPosed-Bridge: 	at android.os.Handler.dispatchMessage(Handler.java:99)

07-20 07:09:06.564  5610  8085 I LSPosed-Bridge: 	at android.os.Looper.loop(Looper.java:193)

07-20 07:09:06.564  5610  8085 I LSPosed-Bridge: 	at android.os.Looper.loop(Looper.java:193)

07-20 07:09:06.564  5610  8085 I LSPosed-Bridge: 	at android.os.HandlerThread.run(HandlerThread.java:65)

07-20 07:09:06.564  5610  8085 I LSPosed-Bridge: 	at android.os.HandlerThread.run(HandlerThread.java:65)

07-20 07:09:06.657  5610  8085 I LSPosed-Bridge: 5610 PermLabel 10135 ContextImpl Binder.getCallingPid() = 5610; Binder.getCallingUid() = 10135; permName: android.permission.READ_PHONE_STATE; res = -1; stacktrace=java.lang.Exception

07-20 07:09:06.657  5610  8085 I LSPosed-Bridge: 5610 PermLabel 10135 ContextImpl Binder.getCallingPid() = 5610; Binder.getCallingUid() = 10135; permName: android.permission.READ_PHONE_STATE; res = -1; stacktrace=java.lang.Exception

07-20 07:09:06.657  5610  8085 I LSPosed-Bridge: 	at com.example.permlabel.requestPerm$2.afterHookedMethod(requestPerm.java:197)

07-20 07:09:06.657  5610  8085 I LSPosed-Bridge: 	at com.example.permlabel.requestPerm$2.afterHookedMethod(requestPerm.java:197)

07-20 07:09:06.657  5610  8085 I LSPosed-Bridge: 	at de.robv.android.xposed.XposedBridge$AdditionalHookInfo.callback(Unknown Source:147)

07-20 07:09:06.657  5610  8085 I LSPosed-Bridge: 	at de.robv.android.xposed.XposedBridge$AdditionalHookInfo.callback(Unknown Source:147)

07-20 07:09:06.657  5610  8085 I LSPosed-Bridge: 	at LSPHooker_.checkPermission(Unknown Source:25)

07-20 07:09:06.657  5610  8085 I LSPosed-Bridge: 	at LSPHooker_.checkPermission(Unknown Source:25)

07-20 07:09:06.657  5610  8085 I LSPosed-Bridge: 	at android.app.ContextImpl.checkCallingOrSelfPermission(ContextImpl.java:1791)

07-20 07:09:06.657  5610  8085 I LSPosed-Bridge: 	at android.app.ContextImpl.checkCallingOrSelfPermission(ContextImpl.java:1791)

07-20 07:09:06.657  5610  8085 I LSPosed-Bridge: 	at android.content.ContextWrapper.checkCallingOrSelfPermission(ContextWrapper.java:754)

07-20 07:09:06.657  5610  8085 I LSPosed-Bridge: 	at android.content.ContextWrapper.checkCallingOrSelfPermission(ContextWrapper.java:754)

07-20 07:09:06.657  5610  8085 I LSPosed-Bridge: 	at com.baidu.mobstat.dk.e(Unknown Source:126)

07-20 07:09:06.657  5610  8085 I LSPosed-Bridge: 	at com.baidu.mobstat.dk.e(Unknown Source:126)

07-20 07:09:06.657  5610  8085 I LSPosed-Bridge: 	at com.baidu.mobstat.g.a(Unknown Source:535)

07-20 07:09:06.657  5610  8085 I LSPosed-Bridge: 	at com.baidu.mobstat.g.a(Unknown Source:535)

07-20 07:09:06.657  5610  8085 I LSPosed-Bridge: 	at com.baidu.mobstat.l.a(Unknown Source:105)

07-20 07:09:06.657  5610  8085 I LSPosed-Bridge: 	at com.baidu.mobstat.l.a(Unknown Source:105)

07-20 07:09:06.657  5610  8085 I LSPosed-Bridge: 	at com.baidu.mobstat.l.a(Unknown Source:69)

07-20 07:09:06.657  5610  8085 I LSPosed-Bridge: 	at com.baidu.mobstat.l.a(Unknown Source:69)

07-20 07:09:06.657  5610  8085 I LSPosed-Bridge: 	at com.baidu.mobstat.h.c(Unknown Source:251)

07-20 07:09:06.657  5610  8085 I LSPosed-Bridge: 	at com.baidu.mobstat.h.c(Unknown Source:251)

07-20 07:09:06.657  5610  8085 I LSPosed-Bridge: 	at com.baidu.mobstat.h.a(Unknown Source:99)

07-20 07:09:06.657  5610  8085 I LSPosed-Bridge: 	at com.baidu.mobstat.h.a(Unknown Source:99)

07-20 07:09:06.657  5610  8085 I LSPosed-Bridge: 	at com.baidu.mobstat.v.a(Unknown Source:171)

07-20 07:09:06.657  5610  8085 I LSPosed-Bridge: 	at com.baidu.mobstat.v.a(Unknown Source:171)

07-20 07:09:06.657  5610  8085 I LSPosed-Bridge: 	at com.baidu.mobstat.v.a(Unknown Source:263)

07-20 07:09:06.657  5610  8085 I LSPosed-Bridge: 	at com.baidu.mobstat.v.a(Unknown Source:263)

07-20 07:09:06.657  5610  8085 I LSPosed-Bridge: 	at com.baidu.mobstat.d$10.run(Unknown Source:376)

07-20 07:09:06.657  5610  8085 I LSPosed-Bridge: 	at com.baidu.mobstat.d$10.run(Unknown Source:376)

07-20 07:09:06.657  5610  8085 I LSPosed-Bridge: 	at android.os.Handler.handleCallback(Handler.java:873)

07-20 07:09:06.657  5610  8085 I LSPosed-Bridge: 	at android.os.Handler.handleCallback(Handler.java:873)

07-20 07:09:06.657  5610  8085 I LSPosed-Bridge: 	at android.os.Handler.dispatchMessage(Handler.java:99)

07-20 07:09:06.657  5610  8085 I LSPosed-Bridge: 	at android.os.Handler.dispatchMessage(Handler.java:99)

07-20 07:09:06.657  5610  8085 I LSPosed-Bridge: 	at android.os.Looper.loop(Looper.java:193)

07-20 07:09:06.657  5610  8085 I LSPosed-Bridge: 	at android.os.Looper.loop(Looper.java:193)

07-20 07:09:06.657  5610  8085 I LSPosed-Bridge: 	at android.os.HandlerThread.run(HandlerThread.java:65)

07-20 07:09:06.657  5610  8085 I LSPosed-Bridge: 	at android.os.HandlerThread.run(HandlerThread.java:65)

07-20 07:09:06.657  5610  8085 I LSPosed-Bridge: 5610 PermLabel 10135 ContextImpl.checkPermission: pid = 5610; uid = 10135; permName: android.permission.READ_PHONE_STATE; type = 1; res = -1; stacktrace=java.lang.Exception

07-20 07:09:06.657  5610  8085 I LSPosed-Bridge: 5610 PermLabel 10135 ContextImpl.checkPermission: pid = 5610; uid = 10135; permName: android.permission.READ_PHONE_STATE; type = 1; res = -1; stacktrace=java.lang.Exception

07-20 07:09:06.657  5610  8085 I LSPosed-Bridge: 	at com.example.permlabel.requestPerm$2.afterHookedMethod(requestPerm.java:221)

07-20 07:09:06.657  5610  8085 I LSPosed-Bridge: 	at com.example.permlabel.requestPerm$2.afterHookedMethod(requestPerm.java:221)

07-20 07:09:06.657  5610  8085 I LSPosed-Bridge: 	at de.robv.android.xposed.XposedBridge$AdditionalHookInfo.callback(Unknown Source:147)

07-20 07:09:06.657  5610  8085 I LSPosed-Bridge: 	at de.robv.android.xposed.XposedBridge$AdditionalHookInfo.callback(Unknown Source:147)

07-20 07:09:06.657  5610  8085 I LSPosed-Bridge: 	at LSPHooker_.checkPermission(Unknown Source:25)

07-20 07:09:06.657  5610  8085 I LSPosed-Bridge: 	at LSPHooker_.checkPermission(Unknown Source:25)

07-20 07:09:06.657  5610  8085 I LSPosed-Bridge: 	at android.app.ContextImpl.checkCallingOrSelfPermission(ContextImpl.java:1791)

07-20 07:09:06.657  5610  8085 I LSPosed-Bridge: 	at android.app.ContextImpl.checkCallingOrSelfPermission(ContextImpl.java:1791)

07-20 07:09:06.657  5610  8085 I LSPosed-Bridge: 	at android.content.ContextWrapper.checkCallingOrSelfPermission(ContextWrapper.java:754)

07-20 07:09:06.657  5610  8085 I LSPosed-Bridge: 	at android.content.ContextWrapper.checkCallingOrSelfPermission(ContextWrapper.java:754)

07-20 07:09:06.657  5610  8085 I LSPosed-Bridge: 	at com.baidu.mobstat.dk.e(Unknown Source:126)

07-20 07:09:06.657  5610  8085 I LSPosed-Bridge: 	at com.baidu.mobstat.dk.e(Unknown Source:126)

07-20 07:09:06.657  5610  8085 I LSPosed-Bridge: 	at com.baidu.mobstat.g.a(Unknown Source:535)

07-20 07:09:06.657  5610  8085 I LSPosed-Bridge: 	at com.baidu.mobstat.g.a(Unknown Source:535)

07-20 07:09:06.657  5610  8085 I LSPosed-Bridge: 	at com.baidu.mobstat.l.a(Unknown Source:105)

07-20 07:09:06.657  5610  8085 I LSPosed-Bridge: 	at com.baidu.mobstat.l.a(Unknown Source:105)

07-20 07:09:06.657  5610  8085 I LSPosed-Bridge: 	at com.baidu.mobstat.l.a(Unknown Source:69)

07-20 07:09:06.657  5610  8085 I LSPosed-Bridge: 	at com.baidu.mobstat.l.a(Unknown Source:69)

07-20 07:09:06.657  5610  8085 I LSPosed-Bridge: 	at com.baidu.mobstat.h.c(Unknown Source:251)

07-20 07:09:06.657  5610  8085 I LSPosed-Bridge: 	at com.baidu.mobstat.h.c(Unknown Source:251)

07-20 07:09:06.657  5610  8085 I LSPosed-Bridge: 	at com.baidu.mobstat.h.a(Unknown Source:99)

07-20 07:09:06.657  5610  8085 I LSPosed-Bridge: 	at com.baidu.mobstat.h.a(Unknown Source:99)

07-20 07:09:06.657  5610  8085 I LSPosed-Bridge: 	at com.baidu.mobstat.v.a(Unknown Source:171)

07-20 07:09:06.657  5610  8085 I LSPosed-Bridge: 	at com.baidu.mobstat.v.a(Unknown Source:171)

07-20 07:09:06.657  5610  8085 I LSPosed-Bridge: 	at com.baidu.mobstat.v.a(Unknown Source:263)

07-20 07:09:06.657  5610  8085 I LSPosed-Bridge: 	at com.baidu.mobstat.v.a(Unknown Source:263)

07-20 07:09:06.657  5610  8085 I LSPosed-Bridge: 	at com.baidu.mobstat.d$10.run(Unknown Source:376)

07-20 07:09:06.657  5610  8085 I LSPosed-Bridge: 	at com.baidu.mobstat.d$10.run(Unknown Source:376)

07-20 07:09:06.657  5610  8085 I LSPosed-Bridge: 	at android.os.Handler.handleCallback(Handler.java:873)

07-20 07:09:06.657  5610  8085 I LSPosed-Bridge: 	at android.os.Handler.handleCallback(Handler.java:873)

07-20 07:09:06.657  5610  8085 I LSPosed-Bridge: 	at android.os.Handler.dispatchMessage(Handler.java:99)

07-20 07:09:06.657  5610  8085 I LSPosed-Bridge: 	at android.os.Handler.dispatchMessage(Handler.java:99)

07-20 07:09:06.657  5610  8085 I LSPosed-Bridge: 	at android.os.Looper.loop(Looper.java:193)

07-20 07:09:06.657  5610  8085 I LSPosed-Bridge: 	at android.os.Looper.loop(Looper.java:193)

07-20 07:09:06.657  5610  8085 I LSPosed-Bridge: 	at android.os.HandlerThread.run(HandlerThread.java:65)

07-20 07:09:06.657  5610  8085 I LSPosed-Bridge: 	at android.os.HandlerThread.run(HandlerThread.java:65)
