08-15 06:41:45.100 27144 27144 I LSPosed-Bridge: 	at java.lang.reflect.Method.invoke(Native Method)

08-15 06:41:45.100 27144 27144 I LSPosed-Bridge: 	at com.android.internal.os.RuntimeInit$MethodAndArgsCaller.run(RuntimeInit.java:493)

08-15 06:41:45.100 27144 27144 I LSPosed-Bridge: 	at com.android.internal.os.ZygoteInit.main(ZygoteInit.java:858)

08-15 06:41:45.100  1516  7403 I LSPosed-Bridge: 27144 PermLabel 10141 AMS.checkPermission: Binder.getCallingPid() = 27144; uid = 10141; Binder.getCallingUid() = 10141; getNameForUid: com.voenix.emu; getPackagesForUid: [com.voenix.emu]; permName: android.permission.GET_TASKS; type = 0; res = -1; stacktrace=java.lang.Exception

08-15 06:41:45.100  1516  7403 I LSPosed-Bridge: 	at com.example.permlabel.requirePerm$1$2.afterHookedMethod(requirePerm.java:139)

08-15 06:41:45.100  1516  7403 I LSPosed-Bridge: 	at de.robv.android.xposed.XposedBridge$AdditionalHookInfo.callback(Unknown Source:147)

08-15 06:41:45.100  1516  7403 I LSPosed-Bridge: 	at LSPHooker_.checkPermission(Unknown Source:25)

08-15 06:41:45.100  1516  7403 I LSPosed-Bridge: 	at com.android.server.am.ActivityManagerService.isGetTasksAllowed(ActivityManagerService.java:10902)

08-15 06:41:45.100  1516  7403 I LSPosed-Bridge: 	at com.android.server.am.ActivityManagerService.getRunningAppProcesses(ActivityManagerService.java:16139)

08-15 06:41:45.100  1516  7403 I LSPosed-Bridge: 	at android.app.IActivityManager$Stub.onTransact(IActivityManager.java:1088)

08-15 06:41:45.100  1516  7403 I LSPosed-Bridge: 	at com.android.server.am.ActivityManagerService.onTransact(ActivityManagerService.java:3346)

08-15 06:41:45.100  1516  7403 I LSPosed-Bridge: 	at android.os.Binder.execTransact(Binder.java:731)

08-15 06:41:50.648  1516  5334 I LSPosed-Bridge: 27144 PermLabel 10141 AMS.checkPermission: Binder.getCallingPid() = 27144; uid = 10141; Binder.getCallingUid() = 10141; getNameForUid: com.voenix.emu; getPackagesForUid: [com.voenix.emu]; permName: android.permission.GET_TASKS; type = 0; res = -1; stacktrace=java.lang.Exception

08-15 06:41:50.648  1516  5334 I LSPosed-Bridge: 	at com.example.permlabel.requirePerm$1$2.afterHookedMethod(requirePerm.java:139)

08-15 06:41:50.648  1516  5334 I LSPosed-Bridge: 	at de.robv.android.xposed.XposedBridge$AdditionalHookInfo.callback(Unknown Source:147)

08-15 06:41:50.648  1516  5334 I LSPosed-Bridge: 	at LSPHooker_.checkPermission(Unknown Source:25)

08-15 06:41:50.648  1516  5334 I LSPosed-Bridge: 	at com.android.server.am.ActivityManagerService.isGetTasksAllowed(ActivityManagerService.java:10902)

08-15 06:41:50.648  1516  5334 I LSPosed-Bridge: 	at com.android.server.am.ActivityManagerService.getRunningAppProcesses(ActivityManagerService.java:16139)

08-15 06:41:50.648  1516  5334 I LSPosed-Bridge: 	at android.app.IActivityManager$Stub.onTransact(IActivityManager.java:1088)

08-15 06:41:50.648  1516  5334 I LSPosed-Bridge: 	at com.android.server.am.ActivityManagerService.onTransact(ActivityManagerService.java:3346)

08-15 06:41:50.648  1516  5334 I LSPosed-Bridge: 	at android.os.Binder.execTransact(Binder.java:731)

08-15 06:41:56.050  1516  2048 I LSPosed-Bridge: 27144 PermLabel 10141 AMS.checkPermission: Binder.getCallingPid() = 27144; uid = 10141; Binder.getCallingUid() = 10141; getNameForUid: com.voenix.emu; getPackagesForUid: [com.voenix.emu]; permName: android.permission.GET_TASKS; type = 0; res = -1; stacktrace=java.lang.Exception

08-15 06:41:56.050  1516  2048 I LSPosed-Bridge: 	at com.example.permlabel.requirePerm$1$2.afterHookedMethod(requirePerm.java:139)

08-15 06:41:56.050  1516  2048 I LSPosed-Bridge: 	at de.robv.android.xposed.XposedBridge$AdditionalHookInfo.callback(Unknown Source:147)

08-15 06:41:56.050  1516  2048 I LSPosed-Bridge: 	at LSPHooker_.checkPermission(Unknown Source:25)

08-15 06:41:56.050  1516  2048 I LSPosed-Bridge: 	at com.android.server.am.ActivityManagerService.isGetTasksAllowed(ActivityManagerService.java:10902)

08-15 06:41:56.050  1516  2048 I LSPosed-Bridge: 	at com.android.server.am.ActivityManagerService.getRunningAppProcesses(ActivityManagerService.java:16139)

08-15 06:41:56.050  1516  2048 I LSPosed-Bridge: 	at android.app.IActivityManager$Stub.onTransact(IActivityManager.java:1088)

08-15 06:41:56.050  1516  2048 I LSPosed-Bridge: 	at com.android.server.am.ActivityManagerService.onTransact(ActivityManagerService.java:3346)

08-15 06:41:56.050  1516  2048 I LSPosed-Bridge: 	at android.os.Binder.execTransact(Binder.java:731)

08-15 06:42:01.641 27144 27297 I LSPosed-Bridge: 27144 PermLabel hookBinder_test 10141 interfaceBinder =android.net.IConnectivityManager; arg0 = 3; arg1 = android.os.Parcel@84085dd; arg2 = android.os.Parcel@dc8efa2; arg3 = 0; res = true; stacktrace=java.lang.Exception

08-15 06:42:01.641 27144 27297 I LSPosed-Bridge: 	at com.example.permlabel.hookBinder_test$1.afterHookedMethod(hookBinder_test.java:70)

08-15 06:42:01.641 27144 27297 I LSPosed-Bridge: 	at de.robv.android.xposed.XposedBridge$AdditionalHookInfo.callback(Unknown Source:147)

08-15 06:42:01.641 27144 27297 I LSPosed-Bridge: 	at LSPHooker_.transact(Unknown Source:28)

08-15 06:42:01.641 27144 27297 I LSPosed-Bridge: 	at android.net.IConnectivityManager$Stub$Proxy.getActiveNetworkInfo(IConnectivityManager.java:1206)

08-15 06:42:01.641 27144 27297 I LSPosed-Bridge: 	at android.net.ConnectivityManager.getActiveNetworkInfo(ConnectivityManager.java:890)

08-15 06:42:01.641 27144 27297 I LSPosed-Bridge: 	at com.google.android.gms.ads.nonagon.signals.fx.call(:com.google.android.gms.policy_ads_fdr_dynamite@232400001@232400000057.538171701.538171701:45)

08-15 06:42:01.641 27144 27297 I LSPosed-Bridge: 	at btb.a(:com.google.android.gms.policy_ads_fdr_dynamite@232400001@232400000057.538171701.538171701:3)

08-15 06:42:01.641 27144 27297 I LSPosed-Bridge: 	at bsj.run(:com.google.android.gms.policy_ads_fdr_dynamite@232400001@232400000057.538171701.538171701:21)

08-15 06:42:01.641 27144 27297 I LSPosed-Bridge: 	at btc.run(:com.google.android.gms.policy_ads_fdr_dynamite@232400001@232400000057.538171701.538171701:5)

08-15 06:42:01.641 27144 27297 I LSPosed-Bridge: 	at java.util.concurrent.ThreadPoolExecutor.runWorker(ThreadPoolExecutor.java:1167)

08-15 06:42:01.641 27144 27297 I LSPosed-Bridge: 	at java.util.concurrent.ThreadPoolExecutor$Worker.run(ThreadPoolExecutor.java:641)

08-15 06:42:01.641 27144 27297 I LSPosed-Bridge: 	at java.lang.Thread.run(Thread.java:764)

08-15 06:42:01.641 27144 27182 I LSPosed-Bridge: 27144 PermLabel hookBinder_test 10141 interfaceBinder =android.content.pm.IPackageManager; arg0 = 13; arg1 = android.os.Parcel@1b152f1; arg2 = android.os.Parcel@b8355b4; arg3 = 0; res = true; stacktrace=java.lang.Exception

08-15 06:42:01.641 27144 27182 I LSPosed-Bridge: 	at com.example.permlabel.hookBinder_test$1.afterHookedMethod(hookBinder_test.java:70)

08-15 06:42:01.641 27144 27182 I LSPosed-Bridge: 	at de.robv.android.xposed.XposedBridge$AdditionalHookInfo.callback(Unknown Source:147)

08-15 06:42:01.641 27144 27182 I LSPosed-Bridge: 	at LSPHooker_.transact(Unknown Source:28)

08-15 06:42:01.641 27144 27182 I LSPosed-Bridge: 	at android.content.pm.IPackageManager$Stub$Proxy.getApplicationInfo(IPackageManager.java:3104)

08-15 06:42:01.641 27144 27182 I LSPosed-Bridge: 	at android.app.ApplicationPackageManager.getApplicationInfoAsUser(ApplicationPackageManager.java:384)

08-15 06:42:01.641 27144 27182 I LSPosed-Bridge: 	at android.app.ApplicationPackageManager.getApplicationInfo(ApplicationPackageManager.java:377)

08-15 06:42:01.641 27144 27182 I LSPosed-Bridge: 	at m.cr.a(:com.google.android.gms.dynamite_measurementdynamite@233013028@23.30.13 (100400-0):7)

08-15 06:42:01.641 27144 27182 I LSPosed-Bridge: 	at m.ek.c(:com.google.android.gms.dynamite_measurementdynamite@233013028@23.30.13 (100400-0):42)

08-15 06:42:01.641 27144 27182 I LSPosed-Bridge: 	at m.ek.d(:com.google.android.gms.dynamite_measurementdynamite@233013028@23.30.13 (100400-0):4)

08-15 06:42:01.641 27144 27182 I LSPosed-Bridge: 	at m.lx.f(:com.google.android.gms.dynamite_measurementdynamite@233013028@23.30.13 (100400-0):94)

08-15 06:42:01.641 27144 27182 I LSPosed-Bridge: 	at m.kk.S(:com.google.android.gms.dynamite_measurementdynamite@233013028@23.30.13 (100400-0):132)

08-15 06:42:01.641 27144 27182 I LSPosed-Bridge: 	at m.kk.P(:com.google.android.gms.dynamite_measurementdynamite@233013028@23.30.13 (100400-0):85)

08-15 06:42:01.641 27144 27182 I LSPosed-Bridge: 	at m.kf.run(:com.google.android.gms.dynamite_measurementdynamite@233013028@23.30.13 (100400-0):6)

08-15 06:42:01.641 27144 27182 I LSPosed-Bridge: 	at java.util.concurrent.Executors$RunnableAdapter.call(Executors.java:458)

08-15 06:42:01.641 27144 27182 I LSPosed-Bridge: 	at java.util.concurrent.FutureTask.run(FutureTask.java:266)

08-15 06:42:01.641 27144 27182 I LSPosed-Bridge: 	at m.it.run(:com.google.android.gms.dynamite_measurementdynamite@233013028@23.30.13 (100400-0):48)

08-15 06:42:01.641  1516  9661 I LSPosed-Bridge: 27144 PermLabel 10141 AMS.checkPermission: Binder.getCallingPid() = 27144; uid = 10141; Binder.getCallingUid() = 10141; getNameForUid: com.voenix.emu; getPackagesForUid: [com.voenix.emu]; permName: android.permission.GET_TASKS; type = 0; res = -1; stacktrace=java.lang.Exception

08-15 06:42:01.641  1516  9661 I LSPosed-Bridge: 	at com.example.permlabel.requirePerm$1$2.afterHookedMethod(requirePerm.java:139)

08-15 06:42:01.641  1516  9661 I LSPosed-Bridge: 	at de.robv.android.xposed.XposedBridge$AdditionalHookInfo.callback(Unknown Source:147)

08-15 06:42:01.641  1516  9661 I LSPosed-Bridge: 	at LSPHooker_.checkPermission(Unknown Source:25)

08-15 06:42:01.641  1516  9661 I LSPosed-Bridge: 	at com.android.server.am.ActivityManagerService.isGetTasksAllowed(ActivityManagerService.java:10902)

08-15 06:42:01.641  1516  9661 I LSPosed-Bridge: 	at com.android.server.am.ActivityManagerService.getRunningAppProcesses(ActivityManagerService.java:16139)

08-15 06:42:01.641  1516  9661 I LSPosed-Bridge: 	at android.app.IActivityManager$Stub.onTransact(IActivityManager.java:1088)

08-15 06:42:01.641  1516  9661 I LSPosed-Bridge: 	at com.android.server.am.ActivityManagerService.onTransact(ActivityManagerService.java:3346)

08-15 06:42:01.641  1516  9661 I LSPosed-Bridge: 	at android.os.Binder.execTransact(Binder.java:731)

08-15 06:42:01.641  1516  4725 I LSPosed-Bridge: 27144 PermLabel 10141 AMS.checkPermission: Binder.getCallingPid() = 27144; uid = 10141; Binder.getCallingUid() = 10141; getNameForUid: com.voenix.emu; getPackagesForUid: [com.voenix.emu]; permName: android.permission.ACCESS_NETWORK_STATE; type = 0; res = 0; stacktrace=java.lang.Exception

08-15 06:42:01.641  1516  4725 I LSPosed-Bridge: 	at com.example.permlabel.requirePerm$1$2.afterHookedMethod(requirePerm.java:139)

08-15 06:42:01.641  1516  4725 I LSPosed-Bridge: 	at de.robv.android.xposed.XposedBridge$AdditionalHookInfo.callback(Unknown Source:147)

08-15 06:42:01.641  1516  4725 I LSPosed-Bridge: 	at LSPHooker_.checkPermission(Unknown Source:25)

08-15 06:42:01.641  1516  4725 I LSPosed-Bridge: 	at android.app.ContextImpl.checkPermission(ContextImpl.java:1751)

08-15 06:42:01.641  1516  4725 I LSPosed-Bridge: 	at android.app.ContextImpl.checkCallingOrSelfPermission(ContextImpl.java:1791)

08-15 06:42:01.641  1516  4725 I LSPosed-Bridge: 	at android.app.ContextImpl.enforceCallingOrSelfPermission(ContextImpl.java:1841)

08-15 06:42:01.641  1516  4725 I LSPosed-Bridge: 	at com.android.server.ConnectivityService.enforceAccessPermission(ConnectivityService.java:1672)

08-15 06:42:01.641  1516  4725 I LSPosed-Bridge: 	at com.android.server.ConnectivityService.isActiveNetworkMetered(ConnectivityService.java:1482)

08-15 06:42:01.641  1516  4725 I LSPosed-Bridge: 	at android.net.IConnectivityManager$Stub.onTransact(IConnectivityManager.java:304)

08-15 06:42:01.641  1516  4725 I LSPosed-Bridge: 	at android.os.Binder.execTransact(Binder.java:731)

08-15 06:42:07.112  1516  4725 I LSPosed-Bridge: 27144 PermLabel 10141 AMS.checkPermission: Binder.getCallingPid() = 27144; uid = 10141; Binder.getCallingUid() = 10141; getNameForUid: com.voenix.emu; getPackagesForUid: [com.voenix.emu]; permName: android.permission.GET_TASKS; type = 0; res = -1; stacktrace=java.lang.Exception

08-15 06:42:07.112  1516  4725 I LSPosed-Bridge: 	at com.example.permlabel.requirePerm$1$2.afterHookedMethod(requirePerm.java:139)

08-15 06:42:07.112  1516  4725 I LSPosed-Bridge: 	at de.robv.android.xposed.XposedBridge$AdditionalHookInfo.callback(Unknown Source:147)

08-15 06:42:07.112  1516  4725 I LSPosed-Bridge: 	at LSPHooker_.checkPermission(Unknown Source:25)

08-15 06:42:07.112  1516  4725 I LSPosed-Bridge: 	at com.android.server.am.ActivityManagerService.isGetTasksAllowed(ActivityManagerService.java:10902)

08-15 06:42:07.112  1516  4725 I LSPosed-Bridge: 	at com.android.server.am.ActivityManagerService.getRunningAppProcesses(ActivityManagerService.java:16139)

08-15 06:42:07.112  1516  4725 I LSPosed-Bridge: 	at android.app.IActivityManager$Stub.onTransact(IActivityManager.java:1088)

08-15 06:42:07.112  1516  4725 I LSPosed-Bridge: 	at com.android.server.am.ActivityManagerService.onTransact(ActivityManagerService.java:3346)

08-15 06:42:07.112  1516  4725 I LSPosed-Bridge: 	at android.os.Binder.execTransact(Binder.java:731)

08-15 06:42:12.738  1516  7403 I LSPosed-Bridge: 27144 PermLabel 10141 AMS.checkPermission: Binder.getCallingPid() = 27144; uid = 10141; Binder.getCallingUid() = 10141; getNameForUid: com.voenix.emu; getPackagesForUid: [com.voenix.emu]; permName: android.permission.GET_TASKS; type = 0; res = -1; stacktrace=java.lang.Exception

08-15 06:42:12.738  1516  7403 I LSPosed-Bridge: 	at com.example.permlabel.requirePerm$1$2.afterHookedMethod(requirePerm.java:139)

08-15 06:42:12.738  1516  7403 I LSPosed-Bridge: 	at de.robv.android.xposed.XposedBridge$AdditionalHookInfo.callback(Unknown Source:147)

08-15 06:42:12.738  1516  7403 I LSPosed-Bridge: 	at LSPHooker_.checkPermission(Unknown Source:25)

08-15 06:42:12.738  1516  7403 I LSPosed-Bridge: 	at com.android.server.am.ActivityManagerService.isGetTasksAllowed(ActivityManagerService.java:10902)

08-15 06:42:12.738  1516  7403 I LSPosed-Bridge: 	at com.android.server.am.ActivityManagerService.getRunningAppProcesses(ActivityManagerService.java:16139)

08-15 06:42:12.738  1516  7403 I LSPosed-Bridge: 	at android.app.IActivityManager$Stub.onTransact(IActivityManager.java:1088)

08-15 06:42:12.738  1516  7403 I LSPosed-Bridge: 	at com.android.server.am.ActivityManagerService.onTransact(ActivityManagerService.java:3346)

08-15 06:42:12.738  1516  7403 I LSPosed-Bridge: 	at android.os.Binder.execTransact(Binder.java:731)

08-15 06:42:12.738 27144 28258 I LSPosed-Bridge: 27144 PermLabel hookBinder_test 10141 interfaceBinder =com.android.internal.telephony.ISub; arg0 = 22; arg1 = android.os.Parcel@4afc1e5; arg2 = android.os.Parcel@90b23f3; arg3 = 0; res = true; stacktrace=java.lang.Exception

08-15 06:42:12.738 27144 28258 I LSPosed-Bridge: 	at com.example.permlabel.hookBinder_test$1.afterHookedMethod(hookBinder_test.java:70)

08-15 06:42:12.738 27144 28258 I LSPosed-Bridge: 	at de.robv.android.xposed.XposedBridge$AdditionalHookInfo.callback(Unknown Source:147)

08-15 06:42:12.738 27144 28258 I LSPosed-Bridge: 	at LSPHooker_.transact(Unknown Source:28)

08-15 06:42:12.738 27144 28258 I LSPosed-Bridge: 	at com.android.internal.telephony.ISub$Stub$Proxy.getPhoneId(ISub.java:882)

08-15 06:42:12.738 27144 28258 I LSPosed-Bridge: 	at android.telephony.SubscriptionManager.getPhoneId(SubscriptionManager.java:1224)

08-15 06:42:12.738 27144 28258 I LSPosed-Bridge: 	at android.telephony.TelephonyManager.getPhoneId(TelephonyManager.java:4918)

08-15 06:42:12.738 27144 28258 I LSPosed-Bridge: 	at android.telephony.TelephonyManager.getNetworkOperator(TelephonyManager.java:1785)

08-15 06:42:12.738 27144 28258 I LSPosed-Bridge: 	at com.google.android.gms.ads.nonagon.signals.fx.call(:com.google.android.gms.policy_ads_fdr_dynamite@232400001@232400000057.538171701.538171701:13)

08-15 06:42:12.738 27144 28258 I LSPosed-Bridge: 	at btb.a(:com.google.android.gms.policy_ads_fdr_dynamite@232400001@232400000057.538171701.538171701:3)

08-15 06:42:12.738 27144 28258 I LSPosed-Bridge: 	at bsj.run(:com.google.android.gms.policy_ads_fdr_dynamite@232400001@232400000057.538171701.538171701:21)

08-15 06:42:12.738 27144 28258 I LSPosed-Bridge: 	at btc.run(:com.google.android.gms.policy_ads_fdr_dynamite@232400001@232400000057.538171701.538171701:5)

08-15 06:42:12.738 27144 28258 I LSPosed-Bridge: 	at java.util.concurrent.ThreadPoolExecutor.runWorker(ThreadPoolExecutor.java:1167)

08-15 06:42:12.738 27144 28258 I LSPosed-Bridge: 	at java.util.concurrent.ThreadPoolExecutor$Worker.run(ThreadPoolExecutor.java:641)

08-15 06:42:12.738 27144 28258 I LSPosed-Bridge: 	at java.lang.Thread.run(Thread.java:764)

08-15 06:42:18.144  1516  5334 I LSPosed-Bridge: 27144 PermLabel 10141 AMS.checkPermission: Binder.getCallingPid() = 27144; uid = 10141; Binder.getCallingUid() = 10141; getNameForUid: com.voenix.emu; getPackagesForUid: [com.voenix.emu]; permName: android.permission.ACCESS_NETWORK_STATE; type = 0; res = 0; stacktrace=java.lang.Exception

08-15 06:42:18.144  1516  5334 I LSPosed-Bridge: 	at com.example.permlabel.requirePerm$1$2.afterHookedMethod(requirePerm.java:139)

08-15 06:42:18.144  1516  5334 I LSPosed-Bridge: 	at de.robv.android.xposed.XposedBridge$AdditionalHookInfo.callback(Unknown Source:147)

08-15 06:42:18.144  1516  5334 I LSPosed-Bridge: 	at LSPHooker_.checkPermission(Unknown Source:25)

08-15 06:42:18.144  1516  5334 I LSPosed-Bridge: 	at android.app.ContextImpl.checkPermission(ContextImpl.java:1751)

08-15 06:42:18.144  1516  5334 I LSPosed-Bridge: 	at android.app.ContextImpl.checkCallingOrSelfPermission(ContextImpl.java:1791)

08-15 06:42:18.144  1516  5334 I LSPosed-Bridge: 	at android.app.ContextImpl.enforceCallingOrSelfPermission(ContextImpl.java:1841)

08-15 06:42:18.144  1516  5334 I LSPosed-Bridge: 	at com.android.server.ConnectivityService.enforceAccessPermission(ConnectivityService.java:1672)

08-15 06:42:18.144  1516  5334 I LSPosed-Bridge: 	at com.android.server.ConnectivityService.getActiveNetworkInfo(ConnectivityService.java:1178)

08-15 06:42:18.144  1516  5334 I LSPosed-Bridge: 	at android.net.IConnectivityManager$Stub.onTransact(IConnectivityManager.java:85)

08-15 06:42:18.144  1516  5334 I LSPosed-Bridge: 	at android.os.Binder.execTransact(Binder.java:731)

08-15 06:42:18.144  1516  2854 I LSPosed-Bridge: 27144 PermLabel 10141 AMS.checkPermission: Binder.getCallingPid() = 27144; uid = 10141; Binder.getCallingUid() = 10141; getNameForUid: com.voenix.emu; getPackagesForUid: [com.voenix.emu]; permName: android.permission.GET_TASKS; type = 0; res = -1; stacktrace=java.lang.Exception

08-15 06:42:18.144  1516  2854 I LSPosed-Bridge: 	at com.example.permlabel.requirePerm$1$2.afterHookedMethod(requirePerm.java:139)

08-15 06:42:18.144  1516  2854 I LSPosed-Bridge: 	at de.robv.android.xposed.XposedBridge$AdditionalHookInfo.callback(Unknown Source:147)

08-15 06:42:18.144  1516  2854 I LSPosed-Bridge: 	at LSPHooker_.checkPermission(Unknown Source:25)

08-15 06:42:18.144  1516  2854 I LSPosed-Bridge: 	at com.android.server.am.ActivityManagerService.isGetTasksAllowed(ActivityManagerService.java:10902)

08-15 06:42:18.144  1516  2854 I LSPosed-Bridge: 	at com.android.server.am.ActivityManagerService.getRunningAppProcesses(ActivityManagerService.java:16139)

08-15 06:42:18.144  1516  2854 I LSPosed-Bridge: 	at android.app.IActivityManager$Stub.onTransact(IActivityManager.java:1088)

08-15 06:42:18.144  1516  2854 I LSPosed-Bridge: 	at com.android.server.am.ActivityManagerService.onTransact(ActivityManagerService.java:3346)

08-15 06:42:18.144  1516  2854 I LSPosed-Bridge: 	at android.os.Binder.execTransact(Binder.java:731)

08-15 06:42:23.832 27144 27144 I LSPosed-Bridge: 27144 PermLabel 10141 ContextImpl.checkPermission: pid = 27144; uid = 10141; permName: android.permission.RECORD_AUDIO; type = 1; res = 0; stacktrace=java.lang.Exception

08-15 06:42:23.832 27144 27144 I LSPosed-Bridge: 	at com.example.permlabel.requestPerm$2.afterHookedMethod(requestPerm.java:225)

08-15 06:42:23.832 27144 27144 I LSPosed-Bridge: 	at de.robv.android.xposed.XposedBridge$AdditionalHookInfo.callback(Unknown Source:147)

08-15 06:42:23.832 27144 27144 I LSPosed-Bridge: 	at LSPHooker_.checkPermission(Unknown Source:25)

08-15 06:42:23.832 27144 27144 I LSPosed-Bridge: 	at android.content.ContextWrapper.checkPermission(ContextWrapper.java:738)

08-15 06:42:23.832 27144 27144 I LSPosed-Bridge: 	at androidx.core.content.a.a(Unknown Source:41)

08-15 06:42:23.832 27144 27144 I LSPosed-Bridge: 	at y0.q.D(Unknown Source:8)

08-15 06:42:23.832 27144 27144 I LSPosed-Bridge: 	at y0.q.C(Unknown Source:54)

08-15 06:42:23.832 27144 27144 I LSPosed-Bridge: 	at y0.q.g(Unknown Source:108)

08-15 06:42:23.832 27144 27144 I LSPosed-Bridge: 	at i4.k$a.a(Unknown Source:17)

08-15 06:42:23.832 27144 27144 I LSPosed-Bridge: 	at w3.c.l(Unknown Source:18)

08-15 06:42:23.832 27144 27144 I LSPosed-Bridge: 	at w3.c.m(Unknown Source:40)

08-15 06:42:23.832 27144 27144 I LSPosed-Bridge: 	at w3.c.i(Unknown Source:0)

08-15 06:42:23.832 27144 27144 I LSPosed-Bridge: 	at w3.b.run(Unknown Source:12)

08-15 06:42:23.832 27144 27144 I LSPosed-Bridge: 	at android.os.Handler.handleCallback(Handler.java:873)

08-15 06:42:23.832 27144 27144 I LSPosed-Bridge: 	at android.os.Handler.dispatchMessage(Handler.java:99)

08-15 06:42:23.832 27144 27144 I LSPosed-Bridge: 	at android.os.Looper.loop(Looper.java:193)

08-15 06:42:23.832 27144 27144 I LSPosed-Bridge: 	at android.app.ActivityThread.main(ActivityThread.java:6692)

08-15 06:42:23.832 27144 27144 I LSPosed-Bridge: 	at java.lang.reflect.Method.invoke(Native Method)

08-15 06:42:23.832 27144 27144 I LSPosed-Bridge: 	at com.android.internal.os.RuntimeInit$MethodAndArgsCaller.run(RuntimeInit.java:493)

08-15 06:42:23.832 27144 27144 I LSPosed-Bridge: 	at com.android.internal.os.ZygoteInit.main(ZygoteInit.java:858)

08-15 06:42:23.832 27144 30343 I LSPosed-Bridge: 27144 PermLabel hookBinder_test 10141 interfaceBinder =com.android.internal.telephony.ITelephony; arg0 = 49; arg1 = android.os.Parcel@73d17fb; arg2 = android.os.Parcel@116c5cb; arg3 = 0; res = true; stacktrace=java.lang.Exception

08-15 06:42:23.832 27144 30343 I LSPosed-Bridge: 	at com.example.permlabel.hookBinder_test$1.afterHookedMethod(hookBinder_test.java:70)

08-15 06:42:23.832 27144 30343 I LSPosed-Bridge: 	at de.robv.android.xposed.XposedBridge$AdditionalHookInfo.callback(Unknown Source:147)

08-15 06:42:23.832 27144 30343 I LSPosed-Bridge: 	at LSPHooker_.transact(Unknown Source:28)

08-15 06:42:23.832 27144 30343 I LSPosed-Bridge: 	at com.android.internal.telephony.ITelephony$Stub$Proxy.getActivePhoneTypeForSlot(ITelephony.java:3276)

08-15 06:42:23.832 27144 30343 I LSPosed-Bridge: 	at android.telephony.TelephonyManager.getCurrentPhoneTypeForSlot(TelephonyManager.java:1555)

08-15 06:42:23.832 27144 30343 I LSPosed-Bridge: 	at android.telephony.TelephonyManager.getCurrentPhoneType(TelephonyManager.java:1543)

08-15 06:42:23.832 27144 30343 I LSPosed-Bridge: 	at android.telephony.TelephonyManager.getCurrentPhoneType(TelephonyManager.java:1519)

08-15 06:42:23.832 27144 30343 I LSPosed-Bridge: 	at android.telephony.TelephonyManager.getPhoneType(TelephonyManager.java:1584)

08-15 06:42:23.832 27144 30343 I LSPosed-Bridge: 	at com.google.android.gms.ads.nonagon.signals.fx.call(:com.google.android.gms.policy_ads_fdr_dynamite@232400001@232400000057.538171701.538171701:17)

08-15 06:42:23.832 27144 30343 I LSPosed-Bridge: 	at btb.a(:com.google.android.gms.policy_ads_fdr_dynamite@232400001@232400000057.538171701.538171701:3)

08-15 06:42:23.832 27144 30343 I LSPosed-Bridge: 	at bsj.run(:com.google.android.gms.policy_ads_fdr_dynamite@232400001@232400000057.538171701.538171701:21)

08-15 06:42:23.832 27144 30343 I LSPosed-Bridge: 	at btc.run(:com.google.android.gms.policy_ads_fdr_dynamite@232400001@232400000057.538171701.538171701:5)

08-15 06:42:23.832 27144 30343 I LSPosed-Bridge: 	at java.util.concurrent.ThreadPoolExecutor.runWorker(ThreadPoolExecutor.java:1167)

08-15 06:42:23.832 27144 30343 I LSPosed-Bridge: 	at java.util.concurrent.ThreadPoolExecutor$Worker.run(ThreadPoolExecutor.java:641)

08-15 06:42:23.832 27144 30343 I LSPosed-Bridge: 	at java.lang.Thread.run(Thread.java:764)

08-15 06:42:23.832  1516  5334 I LSPosed-Bridge: 27144 PermLabel 10141 AMS.checkPermission: Binder.getCallingPid() = 27144; uid = 10141; Binder.getCallingUid() = 10141; getNameForUid: com.voenix.emu; getPackagesForUid: [com.voenix.emu]; permName: android.permission.GET_TASKS; type = 0; res = -1; stacktrace=java.lang.Exception

08-15 06:42:23.832  1516  5334 I LSPosed-Bridge: 	at com.example.permlabel.requirePerm$1$2.afterHookedMethod(requirePerm.java:139)

08-15 06:42:23.832  1516  5334 I LSPosed-Bridge: 	at de.robv.android.xposed.XposedBridge$AdditionalHookInfo.callback(Unknown Source:147)

08-15 06:42:23.832  1516  5334 I LSPosed-Bridge: 	at LSPHooker_.checkPermission(Unknown Source:25)

08-15 06:42:23.832  1516  5334 I LSPosed-Bridge: 	at com.android.server.am.ActivityManagerService.isGetTasksAllowed(ActivityManagerService.java:10902)

08-15 06:42:23.832  1516  5334 I LSPosed-Bridge: 	at com.android.server.am.ActivityManagerService.getRunningAppProcesses(ActivityManagerService.java:16139)

08-15 06:42:23.832  1516  5334 I LSPosed-Bridge: 	at android.app.IActivityManager$Stub.onTransact(IActivityManager.java:1088)

08-15 06:42:23.832  1516  5334 I LSPosed-Bridge: 	at com.android.server.am.ActivityManagerService.onTransact(ActivityManagerService.java:3346)

08-15 06:42:23.832  1516  5334 I LSPosed-Bridge: 	at android.os.Binder.execTransact(Binder.java:731)

08-15 06:42:29.429  1516  9624 I LSPosed-Bridge: 27144 PermLabel 10141 AMS.checkPermission: Binder.getCallingPid() = 27144; uid = 10141; Binder.getCallingUid() = 10141; getNameForUid: com.voenix.emu; getPackagesForUid: [com.voenix.emu]; permName: android.permission.GET_TASKS; type = 0; res = -1; stacktrace=java.lang.Exception

08-15 06:42:29.429  1516  9624 I LSPosed-Bridge: 	at com.example.permlabel.requirePerm$1$2.afterHookedMethod(requirePerm.java:139)

08-15 06:42:29.429  1516  9624 I LSPosed-Bridge: 	at de.robv.android.xposed.XposedBridge$AdditionalHookInfo.callback(Unknown Source:147)

08-15 06:42:29.429  1516  9624 I LSPosed-Bridge: 	at LSPHooker_.checkPermission(Unknown Source:25)

08-15 06:42:29.429  1516  9624 I LSPosed-Bridge: 	at com.android.server.am.ActivityManagerService.isGetTasksAllowed(ActivityManagerService.java:10902)

08-15 06:42:29.429  1516  9624 I LSPosed-Bridge: 	at com.android.server.am.ActivityManagerService.getRunningAppProcesses(ActivityManagerService.java:16139)

08-15 06:42:29.429  1516  9624 I LSPosed-Bridge: 	at android.app.IActivityManager$Stub.onTransact(IActivityManager.java:1088)

08-15 06:42:29.429  1516  9624 I LSPosed-Bridge: 	at com.android.server.am.ActivityManagerService.onTransact(ActivityManagerService.java:3346)

08-15 06:42:29.429  1516  9624 I LSPosed-Bridge: 	at android.os.Binder.execTransact(Binder.java:731)

08-15 06:42:35.059 27144 27144 I LSPosed-Bridge: 27144 PermLabel hookBinder_test 10141 interfaceBinder =android.content.pm.IPackageManager; arg0 = 9; arg1 = android.os.Parcel@813fafd; arg2 = android.os.Parcel@12a49f9; arg3 = 0; res = true; stacktrace=java.lang.Exception

08-15 06:42:35.059 27144 27144 I LSPosed-Bridge: 	at com.example.permlabel.hookBinder_test$1.afterHookedMethod(hookBinder_test.java:70)

08-15 06:42:35.059 27144 27144 I LSPosed-Bridge: 	at de.robv.android.xposed.XposedBridge$AdditionalHookInfo.callback(Unknown Source:147)

08-15 06:42:35.059 27144 27144 I LSPosed-Bridge: 	at LSPHooker_.transact(Unknown Source:28)

08-15 06:42:35.059 27144 27144 I LSPosed-Bridge: 	at android.content.pm.IPackageManager$Stub$Proxy.getPermissionInfo(IPackageManager.java:3008)

08-15 06:42:35.059 27144 27144 I LSPosed-Bridge: 	at android.app.ApplicationPackageManager.getPermissionInfo(ApplicationPackageManager.java:306)

08-15 06:42:35.059 27144 27144 I LSPosed-Bridge: 	at com.example.permlabel.requestPerm$2.afterHookedMethod(requestPerm.java:191)

08-15 06:42:35.059 27144 27144 I LSPosed-Bridge: 	at de.robv.android.xposed.XposedBridge$AdditionalHookInfo.callback(Unknown Source:147)

08-15 06:42:35.059 27144 27144 I LSPosed-Bridge: 	at LSPHooker_.checkPermission(Unknown Source:25)

08-15 06:42:35.059 27144 27144 I LSPosed-Bridge: 	at android.content.ContextWrapper.checkPermission(ContextWrapper.java:738)

08-15 06:42:35.059 27144 27144 I LSPosed-Bridge: 	at androidx.core.content.a.a(Unknown Source:41)

08-15 06:42:35.059 27144 27144 I LSPosed-Bridge: 	at y0.q.D(Unknown Source:23)

08-15 06:42:35.059 27144 27144 I LSPosed-Bridge: 	at y0.q.C(Unknown Source:54)

08-15 06:42:35.059 27144 27144 I LSPosed-Bridge: 	at y0.q.g(Unknown Source:108)

08-15 06:42:35.059 27144 27144 I LSPosed-Bridge: 	at i4.k$a.a(Unknown Source:17)

08-15 06:42:35.059 27144 27144 I LSPosed-Bridge: 	at w3.c.l(Unknown Source:18)

08-15 06:42:35.059 27144 27144 I LSPosed-Bridge: 	at w3.c.m(Unknown Source:40)

08-15 06:42:35.059 27144 27144 I LSPosed-Bridge: 	at w3.c.i(Unknown Source:0)

08-15 06:42:35.059 27144 27144 I LSPosed-Bridge: 	at w3.b.run(Unknown Source:12)

08-15 06:42:35.059 27144 27144 I LSPosed-Bridge: 	at android.os.Handler.handleCallback(Handler.java:873)

08-15 06:42:35.059 27144 27144 I LSPosed-Bridge: 	at android.os.Handler.dispatchMessage(Handler.java:99)

08-15 06:42:35.059 27144 27144 I LSPosed-Bridge: 	at android.os.Looper.loop(Looper.java:193)

08-15 06:42:35.059 27144 27144 I LSPosed-Bridge: 	at android.app.ActivityThread.main(ActivityThread.java:6692)

08-15 06:42:35.059 27144 27144 I LSPosed-Bridge: 	at java.lang.reflect.Method.invoke(Native Method)

08-15 06:42:35.059 27144 27144 I LSPosed-Bridge: 	at com.android.internal.os.RuntimeInit$MethodAndArgsCaller.run(RuntimeInit.java:493)

08-15 06:42:35.059 27144 27144 I LSPosed-Bridge: 	at com.android.internal.os.ZygoteInit.main(ZygoteInit.java:858)

08-15 06:42:35.059 27144 27182 I LSPosed-Bridge: 27144 PermLabel hookBinder_test 10141 interfaceBinder =android.content.pm.IPackageManager; arg0 = 13; arg1 = android.os.Parcel@eff2a11; arg2 = android.os.Parcel@53e9d6d; arg3 = 0; res = true; stacktrace=java.lang.Exception

08-15 06:42:35.059 27144 27182 I LSPosed-Bridge: 	at com.example.permlabel.hookBinder_test$1.afterHookedMethod(hookBinder_test.java:70)

08-15 06:42:35.059 27144 27182 I LSPosed-Bridge: 	at de.robv.android.xposed.XposedBridge$AdditionalHookInfo.callback(Unknown Source:147)

08-15 06:42:35.059 27144 27182 I LSPosed-Bridge: 	at LSPHooker_.transact(Unknown Source:28)

08-15 06:42:35.059 27144 27182 I LSPosed-Bridge: 	at android.content.pm.IPackageManager$Stub$Proxy.getApplicationInfo(IPackageManager.java:3104)

08-15 06:42:35.059 27144 27182 I LSPosed-Bridge: 	at android.app.ApplicationPackageManager.getApplicationInfoAsUser(ApplicationPackageManager.java:384)

08-15 06:42:35.059 27144 27182 I LSPosed-Bridge: 	at android.app.ApplicationPackageManager.getApplicationInfo(ApplicationPackageManager.java:377)

08-15 06:42:35.059 27144 27182 I LSPosed-Bridge: 	at m.cr.a(:com.google.android.gms.dynamite_measurementdynamite@233013028@23.30.13 (100400-0):7)

08-15 06:42:35.059 27144 27182 I LSPosed-Bridge: 	at m.ek.c(:com.google.android.gms.dynamite_measurementdynamite@233013028@23.30.13 (100400-0):42)

08-15 06:42:35.059 27144 27182 I LSPosed-Bridge: 	at m.ek.d(:com.google.android.gms.dynamite_measurementdynamite@233013028@23.30.13 (100400-0):4)

08-15 06:42:35.059 27144 27182 I LSPosed-Bridge: 	at m.ek.f(:com.google.android.gms.dynamite_measurementdynamite@233013028@23.30.13 (100400-0):6)

08-15 06:42:35.059 27144 27182 I LSPosed-Bridge: 	at m.lx.f(:com.google.android.gms.dynamite_measurementdynamite@233013028@23.30.13 (100400-0):68)

08-15 06:42:35.059 27144 27182 I LSPosed-Bridge: 	at m.kk.S(:com.google.android.gms.dynamite_measurementdynamite@233013028@23.30.13 (100400-0):132)

08-15 06:42:35.059 27144 27182 I LSPosed-Bridge: 	at m.kk.P(:com.google.android.gms.dynamite_measurementdynamite@233013028@23.30.13 (100400-0):85)

08-15 06:42:35.059 27144 27182 I LSPosed-Bridge: 	at m.kf.run(:com.google.android.gms.dynamite_measurementdynamite@233013028@23.30.13 (100400-0):6)

08-15 06:42:35.059 27144 27182 I LSPosed-Bridge: 	at java.util.concurrent.Executors$RunnableAdapter.call(Executors.java:458)

08-15 06:42:35.059 27144 27182 I LSPosed-Bridge: 	at java.util.concurrent.FutureTask.run(FutureTask.java:266)

08-15 06:42:35.059 27144 27182 I LSPosed-Bridge: 	at m.it.run(:com.google.android.gms.dynamite_measurementdynamite@233013028@23.30.13 (100400-0):48)

08-15 06:42:35.059  1516  7403 I LSPosed-Bridge: 27144 PermLabel 10141 AMS.checkPermission: Binder.getCallingPid() = 27144; uid = 10141; Binder.getCallingUid() = 10141; getNameForUid: com.voenix.emu; getPackagesForUid: [com.voenix.emu]; permName: android.permission.GET_TASKS; type = 0; res = -1; stacktrace=java.lang.Exception

08-15 06:42:35.059  1516  7403 I LSPosed-Bridge: 	at com.example.permlabel.requirePerm$1$2.afterHookedMethod(requirePerm.java:139)

08-15 06:42:35.059  1516  7403 I LSPosed-Bridge: 	at de.robv.android.xposed.XposedBridge$AdditionalHookInfo.callback(Unknown Source:147)

08-15 06:42:35.059  1516  7403 I LSPosed-Bridge: 	at LSPHooker_.checkPermission(Unknown Source:25)

08-15 06:42:35.059  1516  7403 I LSPosed-Bridge: 	at com.android.server.am.ActivityManagerService.isGetTasksAllowed(ActivityManagerService.java:10902)

08-15 06:42:35.059  1516  7403 I LSPosed-Bridge: 	at com.android.server.am.ActivityManagerService.getRunningAppProcesses(ActivityManagerService.java:16139)

08-15 06:42:35.059  1516  7403 I LSPosed-Bridge: 	at android.app.IActivityManager$Stub.onTransact(IActivityManager.java:1088)

08-15 06:42:35.059  1516  7403 I LSPosed-Bridge: 	at com.android.server.am.ActivityManagerService.onTransact(ActivityManagerService.java:3346)

08-15 06:42:35.059  1516  7403 I LSPosed-Bridge: 	at android.os.Binder.execTransact(Binder.java:731)

08-15 06:42:35.059 27144 27144 W System.err: android.content.pm.PackageManager$NameNotFoundException: android.permission.BLUETOOTH_CONNECT

08-15 06:42:35.059 27144 27144 W System.err: 	at android.app.ApplicationPackageManager.getPermissionInfo(ApplicationPackageManager.java:315)

08-15 06:42:35.059 27144 27144 W System.err: 	at com.example.permlabel.requestPerm$2.afterHookedMethod(requestPerm.java:191)

08-15 06:42:35.059 27144 27144 W System.err: 	at de.robv.android.xposed.XposedBridge$AdditionalHookInfo.callback(Unknown Source:147)

08-15 06:42:35.059 27144 27144 W System.err: 	at LSPHooker_.checkPermission(Unknown Source:25)

08-15 06:42:35.059 27144 27144 W System.err: 	at android.content.ContextWrapper.checkPermission(ContextWrapper.java:738)

08-15 06:42:35.059 27144 27144 W System.err: 	at androidx.core.content.a.a(Unknown Source:41)

08-15 06:42:35.059 27144 27144 W System.err: 	at y0.q.D(Unknown Source:23)

08-15 06:42:35.059 27144 27144 W System.err: 	at y0.q.C(Unknown Source:54)

08-15 06:42:35.059 27144 27144 W System.err: 	at y0.q.g(Unknown Source:108)

08-15 06:42:35.059 27144 27144 W System.err: 	at i4.k$a.a(Unknown Source:17)

08-15 06:42:35.059 27144 27144 W System.err: 	at w3.c.l(Unknown Source:18)

08-15 06:42:35.059 27144 27144 W System.err: 	at w3.c.m(Unknown Source:40)

08-15 06:42:35.059 27144 27144 W System.err: 	at w3.c.i(Unknown Source:0)

08-15 06:42:35.059 27144 27144 W System.err: 	at w3.b.run(Unknown Source:12)

08-15 06:42:35.059 27144 27144 W System.err: 	at android.os.Handler.handleCallback(Handler.java:873)

08-15 06:42:35.059 27144 27144 W System.err: 	at android.os.Handler.dispatchMessage(Handler.java:99)

08-15 06:42:35.059 27144 27144 W System.err: 	at android.os.Looper.loop(Looper.java:193)

08-15 06:42:35.059 27144 27144 W System.err: 	at android.app.ActivityThread.main(ActivityThread.java:6692)

08-15 06:42:35.059 27144 27144 W System.err: 	at java.lang.reflect.Method.invoke(Native Method)

08-15 06:42:35.059 27144 27144 W System.err: 	at com.android.internal.os.RuntimeInit$MethodAndArgsCaller.run(RuntimeInit.java:493)

08-15 06:42:35.059 27144 27144 W System.err: 	at com.android.internal.os.ZygoteInit.main(ZygoteInit.java:858)

08-15 06:42:41.325   563   563 I ConfigStore: android::hardware::configstore::V1_0::ISurfaceFlingerConfigs::hasHDRDisplay retrieved: 0

08-15 06:42:41.325  1516  9661 I LSPosed-Bridge: 27144 PermLabel 10141 AMS.checkPermission: Binder.getCallingPid() = 27144; uid = 10141; Binder.getCallingUid() = 10141; getNameForUid: com.voenix.emu; getPackagesForUid: [com.voenix.emu]; permName: android.permission.GET_TASKS; type = 0; res = -1; stacktrace=java.lang.Exception

08-15 06:42:41.325  1516  9661 I LSPosed-Bridge: 	at com.example.permlabel.requirePerm$1$2.afterHookedMethod(requirePerm.java:139)

08-15 06:42:41.325  1516  9661 I LSPosed-Bridge: 	at de.robv.android.xposed.XposedBridge$AdditionalHookInfo.callback(Unknown Source:147)

08-15 06:42:41.325  1516  9661 I LSPosed-Bridge: 	at LSPHooker_.checkPermission(Unknown Source:25)

08-15 06:42:41.325  1516  9661 I LSPosed-Bridge: 	at com.android.server.am.ActivityManagerService.isGetTasksAllowed(ActivityManagerService.java:10902)

08-15 06:42:41.325  1516  9661 I LSPosed-Bridge: 	at com.android.server.am.ActivityManagerService.getRunningAppProcesses(ActivityManagerService.java:16139)

08-15 06:42:41.325  1516  9661 I LSPosed-Bridge: 	at android.app.IActivityManager$Stub.onTransact(IActivityManager.java:1088)

08-15 06:42:41.325  1516  9661 I LSPosed-Bridge: 	at com.android.server.am.ActivityManagerService.onTransact(ActivityManagerService.java:3346)

08-15 06:42:41.325  1516  9661 I LSPosed-Bridge: 	at android.os.Binder.execTransact(Binder.java:731)

08-15 06:42:43.742  1516  7403 I LSPosed-Bridge: 27144 PermLabel 10141 AMS.checkPermission: Binder.getCallingPid() = 27144; uid = 10141; Binder.getCallingUid() = 10141; getNameForUid: com.voenix.emu; getPackagesForUid: [com.voenix.emu]; permName: android.permission.GET_TASKS; type = 0; res = -1; stacktrace=java.lang.Exception

08-15 06:42:43.742  1516  7403 I LSPosed-Bridge: 	at com.example.permlabel.requirePerm$1$2.afterHookedMethod(requirePerm.java:139)

08-15 06:42:43.742  1516  7403 I LSPosed-Bridge: 	at de.robv.android.xposed.XposedBridge$AdditionalHookInfo.callback(Unknown Source:147)

08-15 06:42:43.742  1516  7403 I LSPosed-Bridge: 	at LSPHooker_.checkPermission(Unknown Source:25)

08-15 06:42:43.742  1516  7403 I LSPosed-Bridge: 	at com.android.server.am.ActivityManagerService.isGetTasksAllowed(ActivityManagerService.java:10902)

08-15 06:42:43.742  1516  7403 I LSPosed-Bridge: 	at com.android.server.am.ActivityManagerService.getRunningAppProcesses(ActivityManagerService.java:16139)

08-15 06:42:43.742  1516  7403 I LSPosed-Bridge: 	at android.app.IActivityManager$Stub.onTransact(IActivityManager.java:1088)

08-15 06:42:43.742  1516  7403 I LSPosed-Bridge: 	at com.android.server.am.ActivityManagerService.onTransact(ActivityManagerService.java:3346)

08-15 06:42:43.742  1516  7403 I LSPosed-Bridge: 	at android.os.Binder.execTransact(Binder.java:731)

08-15 06:42:47.103 27144 27144 I LSPosed-Bridge: 27144 PermLabel hookBinder_test 10141 interfaceBinder =android.hardware.display.IDisplayManager; arg0 = 1; arg1 = android.os.Parcel@636eb60; arg2 = android.os.Parcel@9871f71; arg3 = 0; res = true; stacktrace=java.lang.Exception

08-15 06:42:47.103 27144 27144 I LSPosed-Bridge: 	at com.example.permlabel.hookBinder_test$1.afterHookedMethod(hookBinder_test.java:70)

08-15 06:42:47.103 27144 27144 I LSPosed-Bridge: 	at de.robv.android.xposed.XposedBridge$AdditionalHookInfo.callback(Unknown Source:147)

08-15 06:42:47.103 27144 27144 I LSPosed-Bridge: 	at LSPHooker_.transact(Unknown Source:28)

08-15 06:42:47.103 27144 27144 I LSPosed-Bridge: 	at android.hardware.display.IDisplayManager$Stub$Proxy.getDisplayInfo(IDisplayManager.java:404)

08-15 06:42:47.103 27144 27144 I LSPosed-Bridge: 	at android.hardware.display.DisplayManagerGlobal.getDisplayInfo(DisplayManagerGlobal.java:124)

08-15 06:42:47.103 27144 27144 I LSPosed-Bridge: 	at android.view.Display.updateDisplayInfoLocked(Display.java:1046)

08-15 06:42:47.103 27144 27144 I LSPosed-Bridge: 	at android.view.Display.getRealSize(Display.java:980)

08-15 06:42:47.103 27144 27144 I LSPosed-Bridge: 	at com.google.android.gms.ads.omid.library.utils.a.f(:com.google.android.gms.policy_ads_fdr_dynamite@232400001@232400000057.538171701.538171701:17)

08-15 06:42:47.103 27144 27144 I LSPosed-Bridge: 	at com.google.android.gms.ads.omid.library.walking.e.run(:com.google.android.gms.policy_ads_fdr_dynamite@232400001@232400000057.538171701.538171701:371)

08-15 06:42:47.103 27144 27144 I LSPosed-Bridge: 	at android.os.Handler.handleCallback(Handler.java:873)

08-15 06:42:47.103 27144 27144 I LSPosed-Bridge: 	at android.os.Handler.dispatchMessage(Handler.java:99)

08-15 06:42:47.103 27144 27144 I LSPosed-Bridge: 	at android.os.Looper.loop(Looper.java:193)

08-15 06:42:47.103 27144 27144 I LSPosed-Bridge: 	at android.app.ActivityThread.main(ActivityThread.java:6692)

08-15 06:42:47.103 27144 27144 I LSPosed-Bridge: 	at java.lang.reflect.Method.invoke(Native Method)

08-15 06:42:47.103 27144 27144 I LSPosed-Bridge: 	at com.android.internal.os.RuntimeInit$MethodAndArgsCaller.run(RuntimeInit.java:493)

08-15 06:42:47.103 27144 27144 I LSPosed-Bridge: 	at com.android.internal.os.ZygoteInit.main(ZygoteInit.java:858)

08-15 06:42:47.103  1516  9728 I LSPosed-Bridge: 27144 PermLabel 10141 AMS.checkPermission: Binder.getCallingPid() = 27144; uid = 10141; Binder.getCallingUid() = 10141; getNameForUid: com.voenix.emu; getPackagesForUid: [com.voenix.emu]; permName: android.permission.GET_TASKS; type = 0; res = -1; stacktrace=java.lang.Exception

08-15 06:42:47.103  1516  9728 I LSPosed-Bridge: 	at com.example.permlabel.requirePerm$1$2.afterHookedMethod(requirePerm.java:139)

08-15 06:42:47.103  1516  9728 I LSPosed-Bridge: 	at de.robv.android.xposed.XposedBridge$AdditionalHookInfo.callback(Unknown Source:147)

08-15 06:42:47.103  1516  9728 I LSPosed-Bridge: 	at LSPHooker_.checkPermission(Unknown Source:25)

08-15 06:42:47.103  1516  9728 I LSPosed-Bridge: 	at com.android.server.am.ActivityManagerService.isGetTasksAllowed(ActivityManagerService.java:10902)

08-15 06:42:47.103  1516  9728 I LSPosed-Bridge: 	at com.android.server.am.ActivityManagerService.getRunningAppProcesses(ActivityManagerService.java:16139)

08-15 06:42:47.103  1516  9728 I LSPosed-Bridge: 	at android.app.IActivityManager$Stub.onTransact(IActivityManager.java:1088)

08-15 06:42:47.103  1516  9728 I LSPosed-Bridge: 	at com.android.server.am.ActivityManagerService.onTransact(ActivityManagerService.java:3346)

08-15 06:42:47.103  1516  9728 I LSPosed-Bridge: 	at android.os.Binder.execTransact(Binder.java:731)

08-15 06:42:49.233 27144 27144 I LSPosed-Bridge: 27144 PermLabel hookBinder_test 10141 interfaceBinder =android.hardware.display.IDisplayManager; arg0 = 1; arg1 = android.os.Parcel@bf7fd87; arg2 = android.os.Parcel@14803d9; arg3 = 0; res = true; stacktrace=java.lang.Exception

08-15 06:42:49.233 27144 27144 I LSPosed-Bridge: 	at com.example.permlabel.hookBinder_test$1.afterHookedMethod(hookBinder_test.java:70)

08-15 06:42:49.233 27144 27144 I LSPosed-Bridge: 	at de.robv.android.xposed.XposedBridge$AdditionalHookInfo.callback(Unknown Source:147)

08-15 06:42:49.233 27144 27144 I LSPosed-Bridge: 	at LSPHooker_.transact(Unknown Source:28)

08-15 06:42:49.233 27144 27144 I LSPosed-Bridge: 	at android.hardware.display.IDisplayManager$Stub$Proxy.getDisplayInfo(IDisplayManager.java:404)

08-15 06:42:49.233 27144 27144 I LSPosed-Bridge: 	at android.hardware.display.DisplayManagerGlobal.getDisplayInfo(DisplayManagerGlobal.java:124)

08-15 06:42:49.233 27144 27144 I LSPosed-Bridge: 	at android.hardware.display.DisplayManagerGlobal.getCompatibleDisplay(DisplayManagerGlobal.java:199)

08-15 06:42:49.233 27144 27144 I LSPosed-Bridge: 	at android.app.ResourcesManager.getAdjustedDisplay(ResourcesManager.java:293)

08-15 06:42:49.233 27144 27144 I LSPosed-Bridge: 	at android.app.ContextImpl.getDisplay(ContextImpl.java:2223)

08-15 06:42:49.233 27144 27144 I LSPosed-Bridge: 	at android.view.WindowManagerImpl.getDefaultDisplay(WindowManagerImpl.java:149)

08-15 06:42:49.233 27144 27144 I LSPosed-Bridge: 	at com.google.android.gms.ads.omid.library.utils.a.f(:com.google.android.gms.policy_ads_fdr_dynamite@232400001@232400000057.538171701.538171701:13)

08-15 06:42:49.233 27144 27144 I LSPosed-Bridge: 	at com.google.android.gms.ads.omid.library.walking.e.run(:com.google.android.gms.policy_ads_fdr_dynamite@232400001@232400000057.538171701.538171701:371)

08-15 06:42:49.233 27144 27144 I LSPosed-Bridge: 	at android.os.Handler.handleCallback(Handler.java:873)

08-15 06:42:49.233 27144 27144 I LSPosed-Bridge: 	at android.os.Handler.dispatchMessage(Handler.java:99)

08-15 06:42:49.233 27144 27144 I LSPosed-Bridge: 	at android.os.Looper.loop(Looper.java:193)

08-15 06:42:49.233 27144 27144 I LSPosed-Bridge: 	at android.app.ActivityThread.main(ActivityThread.java:6692)

08-15 06:42:49.233 27144 27144 I LSPosed-Bridge: 	at java.lang.reflect.Method.invoke(Native Method)

08-15 06:42:49.233 27144 27144 I LSPosed-Bridge: 	at com.android.internal.os.RuntimeInit$MethodAndArgsCaller.run(RuntimeInit.java:493)

08-15 06:42:49.233 27144 27144 I LSPosed-Bridge: 	at com.android.internal.os.ZygoteInit.main(ZygoteInit.java:858)

08-15 06:42:49.233  1516  4423 I LSPosed-Bridge: 27144 PermLabel 10141 AMS.checkPermission: Binder.getCallingPid() = 27144; uid = 10141; Binder.getCallingUid() = 10141; getNameForUid: com.voenix.emu; getPackagesForUid: [com.voenix.emu]; permName: android.permission.GET_TASKS; type = 0; res = -1; stacktrace=java.lang.Exception

08-15 06:42:49.233  1516  4423 I LSPosed-Bridge: 	at com.example.permlabel.requirePerm$1$2.afterHookedMethod(requirePerm.java:139)

08-15 06:42:49.233  1516  4423 I LSPosed-Bridge: 	at de.robv.android.xposed.XposedBridge$AdditionalHookInfo.callback(Unknown Source:147)

08-15 06:42:49.233  1516  4423 I LSPosed-Bridge: 	at LSPHooker_.checkPermission(Unknown Source:25)

08-15 06:42:49.233  1516  4423 I LSPosed-Bridge: 	at com.android.server.am.ActivityManagerService.isGetTasksAllowed(ActivityManagerService.java:10902)

08-15 06:42:49.233  1516  4423 I LSPosed-Bridge: 	at com.android.server.am.ActivityManagerService.getRunningAppProcesses(ActivityManagerService.java:16139)

08-15 06:42:49.233  1516  4423 I LSPosed-Bridge: 	at android.app.IActivityManager$Stub.onTransact(IActivityManager.java:1088)

08-15 06:42:49.233  1516  4423 I LSPosed-Bridge: 	at com.android.server.am.ActivityManagerService.onTransact(ActivityManagerService.java:3346)

08-15 06:42:49.233  1516  4423 I LSPosed-Bridge: 	at android.os.Binder.execTransact(Binder.java:731)

08-15 06:42:52.856  1516  7403 I LSPosed-Bridge: 27144 PermLabel 10141 AMS.checkPermission: Binder.getCallingPid() = 27144; uid = 10141; Binder.getCallingUid() = 10141; getNameForUid: com.voenix.emu; getPackagesForUid: [com.voenix.emu]; permName: android.permission.GET_TASKS; type = 0; res = -1; stacktrace=java.lang.Exception

08-15 06:42:52.856  1516  7403 I LSPosed-Bridge: 	at com.example.permlabel.requirePerm$1$2.afterHookedMethod(requirePerm.java:139)

08-15 06:42:52.856  1516  7403 I LSPosed-Bridge: 	at de.robv.android.xposed.XposedBridge$AdditionalHookInfo.callback(Unknown Source:147)

08-15 06:42:52.856  1516  7403 I LSPosed-Bridge: 	at LSPHooker_.checkPermission(Unknown Source:25)

08-15 06:42:52.856  1516  7403 I LSPosed-Bridge: 	at com.android.server.am.ActivityManagerService.isGetTasksAllowed(ActivityManagerService.java:10902)

08-15 06:42:52.856  1516  7403 I LSPosed-Bridge: 	at com.android.server.am.ActivityManagerService.getRunningAppProcesses(ActivityManagerService.java:16139)

08-15 06:42:52.856  1516  7403 I LSPosed-Bridge: 	at android.app.IActivityManager$Stub.onTransact(IActivityManager.java:1088)

08-15 06:42:52.856  1516  7403 I LSPosed-Bridge: 	at com.android.server.am.ActivityManagerService.onTransact(ActivityManagerService.java:3346)

08-15 06:42:52.856  1516  7403 I LSPosed-Bridge: 	at android.os.Binder.execTransact(Binder.java:731)

08-15 06:42:52.856  1516  1607 I ActivityManager: Displayed com.voenix.emu/.MainActivity: +609ms

08-15 06:42:54.771  1516  2854 I LSPosed-Bridge: 27144 PermLabel 10141 AMS.checkPermission: Binder.getCallingPid() = 27144; uid = 10141; Binder.getCallingUid() = 10141; getNameForUid: com.voenix.emu; getPackagesForUid: [com.voenix.emu]; permName: android.permission.GET_TASKS; type = 0; res = -1; stacktrace=java.lang.Exception

08-15 06:42:54.771  1516  2854 I LSPosed-Bridge: 	at com.example.permlabel.requirePerm$1$2.afterHookedMethod(requirePerm.java:139)

08-15 06:42:54.771  1516  2854 I LSPosed-Bridge: 	at de.robv.android.xposed.XposedBridge$AdditionalHookInfo.callback(Unknown Source:147)

08-15 06:42:54.771  1516  2854 I LSPosed-Bridge: 	at LSPHooker_.checkPermission(Unknown Source:25)

08-15 06:42:54.771  1516  2854 I LSPosed-Bridge: 	at com.android.server.am.ActivityManagerService.isGetTasksAllowed(ActivityManagerService.java:10902)

08-15 06:42:54.771  1516  2854 I LSPosed-Bridge: 	at com.android.server.am.ActivityManagerService.getRunningAppProcesses(ActivityManagerService.java:16139)

08-15 06:42:54.771  1516  2854 I LSPosed-Bridge: 	at android.app.IActivityManager$Stub.onTransact(IActivityManager.java:1088)

08-15 06:42:54.771  1516  2854 I LSPosed-Bridge: 	at com.android.server.am.ActivityManagerService.onTransact(ActivityManagerService.java:3346)

08-15 06:42:54.771  1516  2854 I LSPosed-Bridge: 	at android.os.Binder.execTransact(Binder.java:731)

