08-15 06:35:30.213 19507 31544 I LSPosed-Bridge: 	at android.telephony.TelephonyManager.getCurrentPhoneType(TelephonyManager.java:1543)

08-15 06:35:30.213 19507 31544 I LSPosed-Bridge: 	at android.telephony.TelephonyManager.getCurrentPhoneType(TelephonyManager.java:1519)

08-15 06:35:30.213 19507 31544 I LSPosed-Bridge: 	at android.telephony.TelephonyManager.getPhoneType(TelephonyManager.java:1584)

08-15 06:35:30.213 19507 31544 I LSPosed-Bridge: 	at com.google.android.gms.ads.nonagon.signals.fx.call(:com.google.android.gms.policy_ads_fdr_dynamite@232400001@232400000057.538171701.538171701:17)

08-15 06:35:30.213 19507 31544 I LSPosed-Bridge: 	at btb.a(:com.google.android.gms.policy_ads_fdr_dynamite@232400001@232400000057.538171701.538171701:3)

08-15 06:35:30.213 19507 31544 I LSPosed-Bridge: 	at bsj.run(:com.google.android.gms.policy_ads_fdr_dynamite@232400001@232400000057.538171701.538171701:21)

08-15 06:35:30.213 19507 31544 I LSPosed-Bridge: 	at btc.run(:com.google.android.gms.policy_ads_fdr_dynamite@232400001@232400000057.538171701.538171701:5)

08-15 06:35:30.213 19507 31544 I LSPosed-Bridge: 	at java.util.concurrent.ThreadPoolExecutor.runWorker(ThreadPoolExecutor.java:1167)

08-15 06:35:30.213 19507 31544 I LSPosed-Bridge: 	at java.util.concurrent.ThreadPoolExecutor$Worker.run(ThreadPoolExecutor.java:641)

08-15 06:35:30.213 19507 31544 I LSPosed-Bridge: 	at java.lang.Thread.run(Thread.java:764)

08-15 06:35:30.213  1516  8814 I LSPosed-Bridge: 19507 PermLabel 10141 AMS.checkPermission: Binder.getCallingPid() = 19507; uid = 10141; Binder.getCallingUid() = 10141; getNameForUid: com.voenix.emu; getPackagesForUid: [com.voenix.emu]; permName: android.permission.GET_TASKS; type = 0; res = -1; stacktrace=java.lang.Exception

08-15 06:35:30.213  1516  8814 I LSPosed-Bridge: 	at com.example.permlabel.requirePerm$1$2.afterHookedMethod(requirePerm.java:139)

08-15 06:35:30.213  1516  8814 I LSPosed-Bridge: 	at de.robv.android.xposed.XposedBridge$AdditionalHookInfo.callback(Unknown Source:147)

08-15 06:35:30.213  1516  8814 I LSPosed-Bridge: 	at LSPHooker_.checkPermission(Unknown Source:25)

08-15 06:35:30.213  1516  8814 I LSPosed-Bridge: 	at com.android.server.am.ActivityManagerService.isGetTasksAllowed(ActivityManagerService.java:10902)

08-15 06:35:30.213  1516  8814 I LSPosed-Bridge: 	at com.android.server.am.ActivityManagerService.getRunningAppProcesses(ActivityManagerService.java:16139)

08-15 06:35:30.213  1516  8814 I LSPosed-Bridge: 	at android.app.IActivityManager$Stub.onTransact(IActivityManager.java:1088)

08-15 06:35:30.213  1516  8814 I LSPosed-Bridge: 	at com.android.server.am.ActivityManagerService.onTransact(ActivityManagerService.java:3346)

08-15 06:35:30.213  1516  8814 I LSPosed-Bridge: 	at android.os.Binder.execTransact(Binder.java:731)

08-15 06:35:30.213 19507 19507 I LSPosed-Bridge: 19507 PermLabel hookBinder_test 10141 interfaceBinder =android.content.pm.IPackageManager; arg0 = 9; arg1 = android.os.Parcel@aa4cb99; arg2 = android.os.Parcel@6e0542d; arg3 = 0; res = true; stacktrace=java.lang.Exception

08-15 06:35:30.213 19507 19507 I LSPosed-Bridge: 	at com.example.permlabel.hookBinder_test$1.afterHookedMethod(hookBinder_test.java:70)

08-15 06:35:30.213 19507 19507 I LSPosed-Bridge: 	at de.robv.android.xposed.XposedBridge$AdditionalHookInfo.callback(Unknown Source:147)

08-15 06:35:30.213 19507 19507 I LSPosed-Bridge: 	at LSPHooker_.transact(Unknown Source:28)

08-15 06:35:30.213 19507 19507 I LSPosed-Bridge: 	at android.content.pm.IPackageManager$Stub$Proxy.getPermissionInfo(IPackageManager.java:3008)

08-15 06:35:30.213 19507 19507 I LSPosed-Bridge: 	at android.app.ApplicationPackageManager.getPermissionInfo(ApplicationPackageManager.java:306)

08-15 06:35:30.213 19507 19507 I LSPosed-Bridge: 	at com.example.permlabel.requestPerm$2.afterHookedMethod(requestPerm.java:191)

08-15 06:35:30.213 19507 19507 I LSPosed-Bridge: 	at de.robv.android.xposed.XposedBridge$AdditionalHookInfo.callback(Unknown Source:147)

08-15 06:35:30.213 19507 19507 I LSPosed-Bridge: 	at LSPHooker_.checkPermission(Unknown Source:25)

08-15 06:35:30.213 19507 19507 I LSPosed-Bridge: 	at android.content.ContextWrapper.checkPermission(ContextWrapper.java:738)

08-15 06:35:30.213 19507 19507 I LSPosed-Bridge: 	at androidx.core.content.a.a(Unknown Source:41)

08-15 06:35:30.213 19507 19507 I LSPosed-Bridge: 	at y0.q.D(Unknown Source:23)

08-15 06:35:30.213 19507 19507 I LSPosed-Bridge: 	at y0.q.C(Unknown Source:54)

08-15 06:35:30.213 19507 19507 I LSPosed-Bridge: 	at y0.q.g(Unknown Source:108)

08-15 06:35:30.213 19507 19507 I LSPosed-Bridge: 	at i4.k$a.a(Unknown Source:17)

08-15 06:35:30.213 19507 19507 I LSPosed-Bridge: 	at w3.c.l(Unknown Source:18)

08-15 06:35:30.213 19507 19507 I LSPosed-Bridge: 	at w3.c.m(Unknown Source:40)

08-15 06:35:30.213 19507 19507 I LSPosed-Bridge: 	at w3.c.i(Unknown Source:0)

08-15 06:35:30.213 19507 19507 I LSPosed-Bridge: 	at w3.b.run(Unknown Source:12)

08-15 06:35:30.213 19507 19507 I LSPosed-Bridge: 	at android.os.Handler.handleCallback(Handler.java:873)

08-15 06:35:30.213 19507 19507 I LSPosed-Bridge: 	at android.os.Handler.dispatchMessage(Handler.java:99)

08-15 06:35:30.213 19507 19507 I LSPosed-Bridge: 	at android.os.Looper.loop(Looper.java:193)

08-15 06:35:30.213 19507 19507 I LSPosed-Bridge: 	at android.app.ActivityThread.main(ActivityThread.java:6692)

08-15 06:35:30.213 19507 19507 I LSPosed-Bridge: 	at java.lang.reflect.Method.invoke(Native Method)

08-15 06:35:30.213 19507 19507 I LSPosed-Bridge: 	at com.android.internal.os.RuntimeInit$MethodAndArgsCaller.run(RuntimeInit.java:493)

08-15 06:35:30.213 19507 19507 I LSPosed-Bridge: 	at com.android.internal.os.ZygoteInit.main(ZygoteInit.java:858)

08-15 06:35:30.213 19507 19507 W System.err: android.content.pm.PackageManager$NameNotFoundException: android.permission.BLUETOOTH_CONNECT

08-15 06:35:30.213   536  2129 E IzatSvc_PassiveLocListener: Exiting with error onLocationChanged line 154 "1"

08-15 06:35:30.213 19507 19507 W System.err: 	at android.app.ApplicationPackageManager.getPermissionInfo(ApplicationPackageManager.java:315)

08-15 06:35:35.643   563   563 I ConfigStore: android::hardware::configstore::V1_0::ISurfaceFlingerConfigs::hasHDRDisplay retrieved: 0

08-15 06:35:35.643  1516  9734 I LSPosed-Bridge: 19507 PermLabel 10141 AMS.checkPermission: Binder.getCallingPid() = 19507; uid = 10141; Binder.getCallingUid() = 10141; getNameForUid: com.voenix.emu; getPackagesForUid: [com.voenix.emu]; permName: android.permission.GET_TASKS; type = 0; res = -1; stacktrace=java.lang.Exception

08-15 06:35:35.643  1516  9734 I LSPosed-Bridge: 	at com.example.permlabel.requirePerm$1$2.afterHookedMethod(requirePerm.java:139)

08-15 06:35:35.643  1516  9734 I LSPosed-Bridge: 	at de.robv.android.xposed.XposedBridge$AdditionalHookInfo.callback(Unknown Source:147)

08-15 06:35:35.643  1516  9734 I LSPosed-Bridge: 	at LSPHooker_.checkPermission(Unknown Source:25)

08-15 06:35:35.643  1516  9734 I LSPosed-Bridge: 	at com.android.server.am.ActivityManagerService.isGetTasksAllowed(ActivityManagerService.java:10902)

08-15 06:35:35.643  1516  9734 I LSPosed-Bridge: 	at com.android.server.am.ActivityManagerService.getRunningAppProcesses(ActivityManagerService.java:16139)

08-15 06:35:35.643  1516  9734 I LSPosed-Bridge: 	at android.app.IActivityManager$Stub.onTransact(IActivityManager.java:1088)

08-15 06:35:35.643  1516  9734 I LSPosed-Bridge: 	at com.android.server.am.ActivityManagerService.onTransact(ActivityManagerService.java:3346)

08-15 06:35:35.643  1516  9734 I LSPosed-Bridge: 	at android.os.Binder.execTransact(Binder.java:731)

08-15 06:35:41.392  1516  9734 I LSPosed-Bridge: 19507 PermLabel 10141 AMS.checkPermission: Binder.getCallingPid() = 19507; uid = 10141; Binder.getCallingUid() = 10141; getNameForUid: com.voenix.emu; getPackagesForUid: [com.voenix.emu]; permName: android.permission.GET_TASKS; type = 0; res = -1; stacktrace=java.lang.Exception

08-15 06:35:41.392  1516  9734 I LSPosed-Bridge: 	at com.example.permlabel.requirePerm$1$2.afterHookedMethod(requirePerm.java:139)

08-15 06:35:41.392  1516  9734 I LSPosed-Bridge: 	at de.robv.android.xposed.XposedBridge$AdditionalHookInfo.callback(Unknown Source:147)

08-15 06:35:41.392  1516  9734 I LSPosed-Bridge: 	at LSPHooker_.checkPermission(Unknown Source:25)

08-15 06:35:41.392  1516  9734 I LSPosed-Bridge: 	at com.android.server.am.ActivityManagerService.isGetTasksAllowed(ActivityManagerService.java:10902)

08-15 06:35:41.392  1516  9734 I LSPosed-Bridge: 	at com.android.server.am.ActivityManagerService.getRunningAppProcesses(ActivityManagerService.java:16139)

08-15 06:35:41.392  1516  9734 I LSPosed-Bridge: 	at android.app.IActivityManager$Stub.onTransact(IActivityManager.java:1088)

08-15 06:35:41.392  1516  9734 I LSPosed-Bridge: 	at com.android.server.am.ActivityManagerService.onTransact(ActivityManagerService.java:3346)

08-15 06:35:41.392  1516  9734 I LSPosed-Bridge: 	at android.os.Binder.execTransact(Binder.java:731)

08-15 06:35:47.076  1516  2048 I LSPosed-Bridge: 19507 PermLabel 10141 AMS.checkPermission: Binder.getCallingPid() = 19507; uid = 10141; Binder.getCallingUid() = 10141; getNameForUid: com.voenix.emu; getPackagesForUid: [com.voenix.emu]; permName: android.permission.GET_TASKS; type = 0; res = -1; stacktrace=java.lang.Exception

08-15 06:35:47.076  1516  2048 I LSPosed-Bridge: 	at com.example.permlabel.requirePerm$1$2.afterHookedMethod(requirePerm.java:139)

08-15 06:35:47.076  1516  2048 I LSPosed-Bridge: 	at de.robv.android.xposed.XposedBridge$AdditionalHookInfo.callback(Unknown Source:147)

08-15 06:35:47.076  1516  2048 I LSPosed-Bridge: 	at LSPHooker_.checkPermission(Unknown Source:25)

08-15 06:35:47.076  1516  2048 I LSPosed-Bridge: 	at com.android.server.am.ActivityManagerService.isGetTasksAllowed(ActivityManagerService.java:10902)

08-15 06:35:47.076  1516  2048 I LSPosed-Bridge: 	at com.android.server.am.ActivityManagerService.getRunningAppProcesses(ActivityManagerService.java:16139)

08-15 06:35:47.076  1516  2048 I LSPosed-Bridge: 	at android.app.IActivityManager$Stub.onTransact(IActivityManager.java:1088)

08-15 06:35:47.076  1516  2048 I LSPosed-Bridge: 	at com.android.server.am.ActivityManagerService.onTransact(ActivityManagerService.java:3346)

08-15 06:35:47.076  1516  2048 I LSPosed-Bridge: 	at android.os.Binder.execTransact(Binder.java:731)

08-15 06:35:47.076 19507 19589 I LSPosed-Bridge: 19507 PermLabel hookBinder_test 10141 interfaceBinder =android.content.pm.IPackageManager; arg0 = 13; arg1 = android.os.Parcel@b13d542; arg2 = android.os.Parcel@c6d9471; arg3 = 0; res = true; stacktrace=java.lang.Exception

08-15 06:35:47.076 19507 19589 I LSPosed-Bridge: 	at com.example.permlabel.hookBinder_test$1.afterHookedMethod(hookBinder_test.java:70)

08-15 06:35:47.076 19507 19589 I LSPosed-Bridge: 	at de.robv.android.xposed.XposedBridge$AdditionalHookInfo.callback(Unknown Source:147)

08-15 06:35:47.076 19507 19589 I LSPosed-Bridge: 	at LSPHooker_.transact(Unknown Source:28)

08-15 06:35:47.076 19507 19589 I LSPosed-Bridge: 	at android.content.pm.IPackageManager$Stub$Proxy.getApplicationInfo(IPackageManager.java:3104)

08-15 06:35:47.076 19507 19589 I LSPosed-Bridge: 	at android.app.ApplicationPackageManager.getApplicationInfoAsUser(ApplicationPackageManager.java:384)

08-15 06:35:47.076 19507 19589 I LSPosed-Bridge: 	at android.app.ApplicationPackageManager.getApplicationInfo(ApplicationPackageManager.java:377)

08-15 06:35:47.076 19507 19589 I LSPosed-Bridge: 	at m.cr.a(:com.google.android.gms.dynamite_measurementdynamite@233013028@23.30.13 (100400-0):7)

08-15 06:35:47.076 19507 19589 I LSPosed-Bridge: 	at m.ek.c(:com.google.android.gms.dynamite_measurementdynamite@233013028@23.30.13 (100400-0):42)

08-15 06:35:47.076 19507 19589 I LSPosed-Bridge: 	at m.ek.d(:com.google.android.gms.dynamite_measurementdynamite@233013028@23.30.13 (100400-0):4)

08-15 06:35:47.076 19507 19589 I LSPosed-Bridge: 	at m.lx.f(:com.google.android.gms.dynamite_measurementdynamite@233013028@23.30.13 (100400-0):94)

08-15 06:35:47.076 19507 19589 I LSPosed-Bridge: 	at m.kk.S(:com.google.android.gms.dynamite_measurementdynamite@233013028@23.30.13 (100400-0):132)

08-15 06:35:47.076 19507 19589 I LSPosed-Bridge: 	at m.kk.P(:com.google.android.gms.dynamite_measurementdynamite@233013028@23.30.13 (100400-0):85)

08-15 06:35:47.076 19507 19589 I LSPosed-Bridge: 	at m.kf.run(:com.google.android.gms.dynamite_measurementdynamite@233013028@23.30.13 (100400-0):6)

08-15 06:35:47.076 19507 19589 I LSPosed-Bridge: 	at java.util.concurrent.Executors$RunnableAdapter.call(Executors.java:458)

08-15 06:35:47.076 19507 19589 I LSPosed-Bridge: 	at java.util.concurrent.FutureTask.run(FutureTask.java:266)

08-15 06:35:47.076 19507 19589 I LSPosed-Bridge: 	at m.it.run(:com.google.android.gms.dynamite_measurementdynamite@233013028@23.30.13 (100400-0):48)

08-15 06:35:52.675  1516  2855 I LSPosed-Bridge: 19507 PermLabel 10141 AMS.checkPermission: Binder.getCallingPid() = 19507; uid = 10141; Binder.getCallingUid() = 10141; getNameForUid: com.voenix.emu; getPackagesForUid: [com.voenix.emu]; permName: android.permission.GET_TASKS; type = 0; res = -1; stacktrace=java.lang.Exception

08-15 06:35:52.675  1516  2855 I LSPosed-Bridge: 	at com.example.permlabel.requirePerm$1$2.afterHookedMethod(requirePerm.java:139)

08-15 06:35:52.675  1516  2855 I LSPosed-Bridge: 	at de.robv.android.xposed.XposedBridge$AdditionalHookInfo.callback(Unknown Source:147)

08-15 06:35:52.675  1516  2855 I LSPosed-Bridge: 	at LSPHooker_.checkPermission(Unknown Source:25)

08-15 06:35:52.675  1516  2855 I LSPosed-Bridge: 	at com.android.server.am.ActivityManagerService.isGetTasksAllowed(ActivityManagerService.java:10902)

08-15 06:35:52.675  1516  2855 I LSPosed-Bridge: 	at com.android.server.am.ActivityManagerService.getRunningAppProcesses(ActivityManagerService.java:16139)

08-15 06:35:52.675  1516  2855 I LSPosed-Bridge: 	at android.app.IActivityManager$Stub.onTransact(IActivityManager.java:1088)

08-15 06:35:52.675  1516  2855 I LSPosed-Bridge: 	at com.android.server.am.ActivityManagerService.onTransact(ActivityManagerService.java:3346)

08-15 06:35:52.675  1516  2855 I LSPosed-Bridge: 	at android.os.Binder.execTransact(Binder.java:731)

08-15 06:35:58.382 19507 19589 I LSPosed-Bridge: 19507 PermLabel hookBinder_test 10141 interfaceBinder =android.content.pm.IPackageManager; arg0 = 13; arg1 = android.os.Parcel@8c6d84d; arg2 = android.os.Parcel@652bbee; arg3 = 0; res = true; stacktrace=java.lang.Exception

08-15 06:35:58.382 19507 19589 I LSPosed-Bridge: 	at com.example.permlabel.hookBinder_test$1.afterHookedMethod(hookBinder_test.java:70)

08-15 06:35:58.382 19507 19589 I LSPosed-Bridge: 	at de.robv.android.xposed.XposedBridge$AdditionalHookInfo.callback(Unknown Source:147)

08-15 06:35:58.382 19507 19589 I LSPosed-Bridge: 	at LSPHooker_.transact(Unknown Source:28)

08-15 06:35:58.382 19507 19589 I LSPosed-Bridge: 	at android.content.pm.IPackageManager$Stub$Proxy.getApplicationInfo(IPackageManager.java:3104)

08-15 06:35:58.382 19507 19589 I LSPosed-Bridge: 	at android.app.ApplicationPackageManager.getApplicationInfoAsUser(ApplicationPackageManager.java:384)

08-15 06:35:58.382 19507 19589 I LSPosed-Bridge: 	at android.app.ApplicationPackageManager.getApplicationInfo(ApplicationPackageManager.java:377)

08-15 06:35:58.382 19507 19589 I LSPosed-Bridge: 	at m.cr.a(:com.google.android.gms.dynamite_measurementdynamite@233013028@23.30.13 (100400-0):7)

08-15 06:35:58.382 19507 19589 I LSPosed-Bridge: 	at m.lx.f(:com.google.android.gms.dynamite_measurementdynamite@233013028@23.30.13 (100400-0):99)

08-15 06:35:58.382 19507 19589 I LSPosed-Bridge: 	at m.kk.S(:com.google.android.gms.dynamite_measurementdynamite@233013028@23.30.13 (100400-0):132)

08-15 06:35:58.382 19507 19589 I LSPosed-Bridge: 	at m.kk.P(:com.google.android.gms.dynamite_measurementdynamite@233013028@23.30.13 (100400-0):85)

08-15 06:35:58.382 19507 19589 I LSPosed-Bridge: 	at m.kf.run(:com.google.android.gms.dynamite_measurementdynamite@233013028@23.30.13 (100400-0):6)

08-15 06:35:58.382 19507 19589 I LSPosed-Bridge: 	at java.util.concurrent.Executors$RunnableAdapter.call(Executors.java:458)

08-15 06:35:58.382 19507 19589 I LSPosed-Bridge: 	at java.util.concurrent.FutureTask.run(FutureTask.java:266)

08-15 06:35:58.382 19507 19589 I LSPosed-Bridge: 	at m.it.run(:com.google.android.gms.dynamite_measurementdynamite@233013028@23.30.13 (100400-0):48)

08-15 06:35:58.382 19507 19507 I LSPosed-Bridge: 19507 PermLabel hookBinder_test 10141 interfaceBinder =android.view.accessibility.IAccessibilityManager; arg0 = 2; arg1 = android.os.Parcel@ca250; arg2 = null; arg3 = 1; res = true; stacktrace=java.lang.Exception

08-15 06:35:58.382 19507 19507 I LSPosed-Bridge: 	at com.example.permlabel.hookBinder_test$1.afterHookedMethod(hookBinder_test.java:70)

08-15 06:35:58.382 19507 19507 I LSPosed-Bridge: 	at de.robv.android.xposed.XposedBridge$AdditionalHookInfo.callback(Unknown Source:147)

08-15 06:35:58.382 19507 19507 I LSPosed-Bridge: 	at LSPHooker_.transact(Unknown Source:28)

08-15 06:35:58.382 19507 19507 I LSPosed-Bridge: 	at android.view.accessibility.IAccessibilityManager$Stub$Proxy.sendAccessibilityEvent(IAccessibilityManager.java:279)

08-15 06:35:58.382 19507 19507 I LSPosed-Bridge: 	at android.view.accessibility.AccessibilityManager.sendAccessibilityEvent(AccessibilityManager.java:505)

08-15 06:35:58.382 19507 19507 I LSPosed-Bridge: 	at android.view.ViewRootImpl.requestSendAccessibilityEvent(ViewRootImpl.java:7602)

08-15 06:35:58.382 19507 19507 I LSPosed-Bridge: 	at android.view.ViewGroup.requestSendAccessibilityEvent(ViewGroup.java:1049)

08-15 06:35:58.382 19507 19507 I LSPosed-Bridge: 	at android.view.ViewGroup.requestSendAccessibilityEvent(ViewGroup.java:1049)

08-15 06:35:58.382 19507 19507 I LSPosed-Bridge: 	at android.view.ViewGroup.requestSendAccessibilityEvent(ViewGroup.java:1049)

08-15 06:35:58.382 19507 19507 I LSPosed-Bridge: 	at android.view.ViewGroup.requestSendAccessibilityEvent(ViewGroup.java:1049)

08-15 06:35:58.382 19507 19507 I LSPosed-Bridge: 	at android.view.View.sendAccessibilityEventUncheckedInternal(View.java:7449)

08-15 06:35:58.382 19507 19507 I LSPosed-Bridge: 	at android.view.View.sendAccessibilityEventUnchecked(View.java:7421)

08-15 06:35:58.382 19507 19507 I LSPosed-Bridge: 	at android.view.ViewRootImpl$SendWindowContentChangedAccessibilityEvent.run(ViewRootImpl.java:8412)

08-15 06:35:58.382 19507 19507 I LSPosed-Bridge: 	at android.os.Handler.handleCallback(Handler.java:873)

08-15 06:35:58.382 19507 19507 I LSPosed-Bridge: 	at android.os.Handler.dispatchMessage(Handler.java:99)

08-15 06:35:58.382 19507 19507 I LSPosed-Bridge: 	at android.os.Looper.loop(Looper.java:193)

08-15 06:35:58.382 19507 19507 I LSPosed-Bridge: 	at android.app.ActivityThread.main(ActivityThread.java:6692)

08-15 06:35:58.382 19507 19507 I LSPosed-Bridge: 	at java.lang.reflect.Method.invoke(Native Method)

08-15 06:35:58.382 19507 19507 I LSPosed-Bridge: 	at com.android.internal.os.RuntimeInit$MethodAndArgsCaller.run(RuntimeInit.java:493)

08-15 06:35:58.382 19507 19507 I LSPosed-Bridge: 	at com.android.internal.os.ZygoteInit.main(ZygoteInit.java:858)

08-15 06:35:58.382  1516  4393 I LSPosed-Bridge: 19507 PermLabel 10141 AMS.checkPermission: Binder.getCallingPid() = 19507; uid = 10141; Binder.getCallingUid() = 10141; getNameForUid: com.voenix.emu; getPackagesForUid: [com.voenix.emu]; permName: android.permission.GET_TASKS; type = 0; res = -1; stacktrace=java.lang.Exception

08-15 06:35:58.382  1516  4393 I LSPosed-Bridge: 	at com.example.permlabel.requirePerm$1$2.afterHookedMethod(requirePerm.java:139)

08-15 06:35:58.382  1516  4393 I LSPosed-Bridge: 	at de.robv.android.xposed.XposedBridge$AdditionalHookInfo.callback(Unknown Source:147)

08-15 06:35:58.382  1516  4393 I LSPosed-Bridge: 	at LSPHooker_.checkPermission(Unknown Source:25)

08-15 06:35:58.382  1516  4393 I LSPosed-Bridge: 	at com.android.server.am.ActivityManagerService.isGetTasksAllowed(ActivityManagerService.java:10902)

08-15 06:35:58.382  1516  4393 I LSPosed-Bridge: 	at com.android.server.am.ActivityManagerService.getRunningAppProcesses(ActivityManagerService.java:16139)

08-15 06:35:58.382  1516  4393 I LSPosed-Bridge: 	at android.app.IActivityManager$Stub.onTransact(IActivityManager.java:1088)

08-15 06:35:58.382  1516  4393 I LSPosed-Bridge: 	at com.android.server.am.ActivityManagerService.onTransact(ActivityManagerService.java:3346)

08-15 06:35:58.382  1516  4393 I LSPosed-Bridge: 	at android.os.Binder.execTransact(Binder.java:731)

08-15 06:36:03.822  1516  4652 I LSPosed-Bridge: 19507 PermLabel 10141 AMS.checkPermission: Binder.getCallingPid() = 19507; uid = 10141; Binder.getCallingUid() = 10141; getNameForUid: com.voenix.emu; getPackagesForUid: [com.voenix.emu]; permName: android.permission.GET_TASKS; type = 0; res = -1; stacktrace=java.lang.Exception

08-15 06:36:03.822  1516  4652 I LSPosed-Bridge: 	at com.example.permlabel.requirePerm$1$2.afterHookedMethod(requirePerm.java:139)

08-15 06:36:03.822  1516  4652 I LSPosed-Bridge: 	at de.robv.android.xposed.XposedBridge$AdditionalHookInfo.callback(Unknown Source:147)

08-15 06:36:03.822  1516  4652 I LSPosed-Bridge: 	at LSPHooker_.checkPermission(Unknown Source:25)

08-15 06:36:03.822  1516  4652 I LSPosed-Bridge: 	at com.android.server.am.ActivityManagerService.isGetTasksAllowed(ActivityManagerService.java:10902)

08-15 06:36:03.822  1516  4652 I LSPosed-Bridge: 	at com.android.server.am.ActivityManagerService.getRunningAppProcesses(ActivityManagerService.java:16139)

08-15 06:36:03.822  1516  4652 I LSPosed-Bridge: 	at android.app.IActivityManager$Stub.onTransact(IActivityManager.java:1088)

08-15 06:36:03.822  1516  4652 I LSPosed-Bridge: 	at com.android.server.am.ActivityManagerService.onTransact(ActivityManagerService.java:3346)

08-15 06:36:03.822  1516  4652 I LSPosed-Bridge: 	at android.os.Binder.execTransact(Binder.java:731)

08-15 06:36:03.822 19507 19507 I LSPosed-Bridge: 19507 PermLabel hookBinder_test 10141 interfaceBinder =android.hardware.display.IDisplayManager; arg0 = 1; arg1 = android.os.Parcel@1f6383b; arg2 = android.os.Parcel@17bf100; arg3 = 0; res = true; stacktrace=java.lang.Exception

08-15 06:36:03.822 19507 19507 I LSPosed-Bridge: 	at com.example.permlabel.hookBinder_test$1.afterHookedMethod(hookBinder_test.java:70)

08-15 06:36:03.822 19507 19507 I LSPosed-Bridge: 	at de.robv.android.xposed.XposedBridge$AdditionalHookInfo.callback(Unknown Source:147)

08-15 06:36:03.822 19507 19507 I LSPosed-Bridge: 	at LSPHooker_.transact(Unknown Source:28)

08-15 06:36:03.822 19507 19507 I LSPosed-Bridge: 	at android.hardware.display.IDisplayManager$Stub$Proxy.getDisplayInfo(IDisplayManager.java:404)

08-15 06:36:03.822 19507 19507 I LSPosed-Bridge: 	at android.hardware.display.DisplayManagerGlobal.getDisplayInfo(DisplayManagerGlobal.java:124)

08-15 06:36:03.822 19507 19507 I LSPosed-Bridge: 	at android.view.Display.updateDisplayInfoLocked(Display.java:1046)

08-15 06:36:03.822 19507 19507 I LSPosed-Bridge: 	at android.view.Display.getRealSize(Display.java:980)

08-15 06:36:03.822 19507 19507 I LSPosed-Bridge: 	at com.google.android.gms.ads.omid.library.utils.a.f(:com.google.android.gms.policy_ads_fdr_dynamite@232400001@232400000057.538171701.538171701:17)

08-15 06:36:03.822 19507 19507 I LSPosed-Bridge: 	at com.google.android.gms.ads.omid.library.walking.e.run(:com.google.android.gms.policy_ads_fdr_dynamite@232400001@232400000057.538171701.538171701:371)

08-15 06:36:03.822 19507 19507 I LSPosed-Bridge: 	at android.os.Handler.handleCallback(Handler.java:873)

08-15 06:36:03.822 19507 19507 I LSPosed-Bridge: 	at android.os.Handler.dispatchMessage(Handler.java:99)

08-15 06:36:03.822 19507 19507 I LSPosed-Bridge: 	at android.os.Looper.loop(Looper.java:193)

08-15 06:36:03.822 19507 19507 I LSPosed-Bridge: 	at android.app.ActivityThread.main(ActivityThread.java:6692)

08-15 06:36:03.822 19507 19507 I LSPosed-Bridge: 	at java.lang.reflect.Method.invoke(Native Method)

08-15 06:36:03.822 19507 19507 I LSPosed-Bridge: 	at com.android.internal.os.RuntimeInit$MethodAndArgsCaller.run(RuntimeInit.java:493)

08-15 06:36:03.822 19507 19507 I LSPosed-Bridge: 	at com.android.internal.os.ZygoteInit.main(ZygoteInit.java:858)

08-15 06:36:09.811  1516  1584 I LSPosed-Bridge: 19507 PermLabel 10141 AMS.checkPermission: Binder.getCallingPid() = 19507; uid = 10141; Binder.getCallingUid() = 10141; getNameForUid: com.voenix.emu; getPackagesForUid: [com.voenix.emu]; permName: android.permission.GET_TASKS; type = 0; res = -1; stacktrace=java.lang.Exception

08-15 06:36:09.811  1516  1584 I LSPosed-Bridge: 	at com.example.permlabel.requirePerm$1$2.afterHookedMethod(requirePerm.java:139)

08-15 06:36:09.811  1516  1584 I LSPosed-Bridge: 	at de.robv.android.xposed.XposedBridge$AdditionalHookInfo.callback(Unknown Source:147)

08-15 06:36:09.811  1516  1584 I LSPosed-Bridge: 	at LSPHooker_.checkPermission(Unknown Source:25)

08-15 06:36:09.811  1516  1584 I LSPosed-Bridge: 	at com.android.server.am.ActivityManagerService.isGetTasksAllowed(ActivityManagerService.java:10902)

08-15 06:36:09.811  1516  1584 I LSPosed-Bridge: 	at com.android.server.am.ActivityManagerService.getRunningAppProcesses(ActivityManagerService.java:16139)

08-15 06:36:09.811  1516  1584 I LSPosed-Bridge: 	at android.app.IActivityManager$Stub.onTransact(IActivityManager.java:1088)

08-15 06:36:09.811  1516  1584 I LSPosed-Bridge: 	at com.android.server.am.ActivityManagerService.onTransact(ActivityManagerService.java:3346)

08-15 06:36:09.811  1516  1584 I LSPosed-Bridge: 	at android.os.Binder.execTransact(Binder.java:731)

08-15 06:36:18.060  1516  9662 I LSPosed-Bridge: 19507 PermLabel 10141 AMS.checkPermission: Binder.getCallingPid() = 19507; uid = 10141; Binder.getCallingUid() = 10141; getNameForUid: com.voenix.emu; getPackagesForUid: [com.voenix.emu]; permName: android.permission.GET_TASKS; type = 0; res = -1; stacktrace=java.lang.Exception

08-15 06:36:18.060  1516  9662 I LSPosed-Bridge: 	at com.example.permlabel.requirePerm$1$2.afterHookedMethod(requirePerm.java:139)

08-15 06:36:18.060  1516  9662 I LSPosed-Bridge: 	at de.robv.android.xposed.XposedBridge$AdditionalHookInfo.callback(Unknown Source:147)

08-15 06:36:18.060  1516  9662 I LSPosed-Bridge: 	at LSPHooker_.checkPermission(Unknown Source:25)

08-15 06:36:18.060  1516  9662 I LSPosed-Bridge: 	at com.android.server.am.ActivityManagerService.isGetTasksAllowed(ActivityManagerService.java:10902)

08-15 06:36:18.060  1516  9662 I LSPosed-Bridge: 	at com.android.server.am.ActivityManagerService.getRunningAppProcesses(ActivityManagerService.java:16139)

08-15 06:36:18.060  1516  9662 I LSPosed-Bridge: 	at android.app.IActivityManager$Stub.onTransact(IActivityManager.java:1088)

08-15 06:36:18.060  1516  9662 I LSPosed-Bridge: 	at com.android.server.am.ActivityManagerService.onTransact(ActivityManagerService.java:3346)

08-15 06:36:18.060  1516  9662 I LSPosed-Bridge: 	at android.os.Binder.execTransact(Binder.java:731)

08-15 06:36:23.530   563   563 I ConfigStore: android::hardware::configstore::V1_0::ISurfaceFlingerConfigs::hasHDRDisplay retrieved: 0

08-15 06:36:23.530  1516  9662 I LSPosed-Bridge: 19507 PermLabel 10141 AMS.checkPermission: Binder.getCallingPid() = 19507; uid = 10141; Binder.getCallingUid() = 10141; getNameForUid: com.voenix.emu; getPackagesForUid: [com.voenix.emu]; permName: android.permission.GET_TASKS; type = 0; res = -1; stacktrace=java.lang.Exception

08-15 06:36:23.530  1516  9662 I LSPosed-Bridge: 	at com.example.permlabel.requirePerm$1$2.afterHookedMethod(requirePerm.java:139)

08-15 06:36:23.530  1516  9662 I LSPosed-Bridge: 	at de.robv.android.xposed.XposedBridge$AdditionalHookInfo.callback(Unknown Source:147)

08-15 06:36:23.530  1516  9662 I LSPosed-Bridge: 	at LSPHooker_.checkPermission(Unknown Source:25)

08-15 06:36:23.530  1516  9662 I LSPosed-Bridge: 	at com.android.server.am.ActivityManagerService.isGetTasksAllowed(ActivityManagerService.java:10902)

08-15 06:36:23.530  1516  9662 I LSPosed-Bridge: 	at com.android.server.am.ActivityManagerService.getRunningAppProcesses(ActivityManagerService.java:16139)

08-15 06:36:23.530  1516  9662 I LSPosed-Bridge: 	at android.app.IActivityManager$Stub.onTransact(IActivityManager.java:1088)

08-15 06:36:23.530  1516  9662 I LSPosed-Bridge: 	at com.android.server.am.ActivityManagerService.onTransact(ActivityManagerService.java:3346)

08-15 06:36:23.530  1516  9662 I LSPosed-Bridge: 	at android.os.Binder.execTransact(Binder.java:731)

08-15 06:36:23.530 19507 19589 I LSPosed-Bridge: 19507 PermLabel hookBinder_test 10141 interfaceBinder =android.content.pm.IPackageManager; arg0 = 13; arg1 = android.os.Parcel@4d5dd31; arg2 = android.os.Parcel@2ca3ece; arg3 = 0; res = true; stacktrace=java.lang.Exception

08-15 06:36:23.530 19507 19589 I LSPosed-Bridge: 	at com.example.permlabel.hookBinder_test$1.afterHookedMethod(hookBinder_test.java:70)

08-15 06:36:23.530 19507 19589 I LSPosed-Bridge: 	at de.robv.android.xposed.XposedBridge$AdditionalHookInfo.callback(Unknown Source:147)

08-15 06:36:23.530 19507 19589 I LSPosed-Bridge: 	at LSPHooker_.transact(Unknown Source:28)

08-15 06:36:23.530 19507 19589 I LSPosed-Bridge: 	at android.content.pm.IPackageManager$Stub$Proxy.getApplicationInfo(IPackageManager.java:3104)

08-15 06:36:23.530 19507 19589 I LSPosed-Bridge: 	at android.app.ApplicationPackageManager.getApplicationInfoAsUser(ApplicationPackageManager.java:384)

08-15 06:36:23.530 19507 19589 I LSPosed-Bridge: 	at android.app.ApplicationPackageManager.getApplicationInfo(ApplicationPackageManager.java:377)

08-15 06:36:23.530 19507 19589 I LSPosed-Bridge: 	at m.cr.a(:com.google.android.gms.dynamite_measurementdynamite@233013028@23.30.13 (100400-0):7)

08-15 06:36:23.530 19507 19589 I LSPosed-Bridge: 	at m.ek.c(:com.google.android.gms.dynamite_measurementdynamite@233013028@23.30.13 (100400-0):42)

08-15 06:36:23.530 19507 19589 I LSPosed-Bridge: 	at m.ek.d(:com.google.android.gms.dynamite_measurementdynamite@233013028@23.30.13 (100400-0):4)

08-15 06:36:23.530 19507 19589 I LSPosed-Bridge: 	at m.lx.f(:com.google.android.gms.dynamite_measurementdynamite@233013028@23.30.13 (100400-0):94)

08-15 06:36:23.530 19507 19589 I LSPosed-Bridge: 	at m.kk.S(:com.google.android.gms.dynamite_measurementdynamite@233013028@23.30.13 (100400-0):132)

08-15 06:36:23.530 19507 19589 I LSPosed-Bridge: 	at m.kk.P(:com.google.android.gms.dynamite_measurementdynamite@233013028@23.30.13 (100400-0):85)

08-15 06:36:23.530 19507 19589 I LSPosed-Bridge: 	at m.kf.run(:com.google.android.gms.dynamite_measurementdynamite@233013028@23.30.13 (100400-0):6)

08-15 06:36:23.530 19507 19589 I LSPosed-Bridge: 	at java.util.concurrent.Executors$RunnableAdapter.call(Executors.java:458)

08-15 06:36:23.530 19507 19589 I LSPosed-Bridge: 	at java.util.concurrent.FutureTask.run(FutureTask.java:266)

08-15 06:36:23.530 19507 19589 I LSPosed-Bridge: 	at m.it.run(:com.google.android.gms.dynamite_measurementdynamite@233013028@23.30.13 (100400-0):48)

08-15 06:36:23.530 19507  2492 I LSPosed-Bridge: 19507 PermLabel hookBinder_test 10141 interfaceBinder =com.android.internal.telephony.ITelephony; arg0 = 73; arg1 = android.os.Parcel@2c5fec0; arg2 = android.os.Parcel@bd638b2; arg3 = 0; res = true; stacktrace=java.lang.Exception

08-15 06:36:23.530 19507  2492 I LSPosed-Bridge: 	at com.example.permlabel.hookBinder_test$1.afterHookedMethod(hookBinder_test.java:70)

08-15 06:36:23.530 19507  2492 I LSPosed-Bridge: 	at de.robv.android.xposed.XposedBridge$AdditionalHookInfo.callback(Unknown Source:147)

08-15 06:36:23.530 19507  2492 I LSPosed-Bridge: 	at LSPHooker_.transact(Unknown Source:28)

08-15 06:36:23.530 19507  2492 I LSPosed-Bridge: 	at com.android.internal.telephony.ITelephony$Stub$Proxy.getNetworkType(ITelephony.java:3764)

08-15 06:36:23.530 19507  2492 I LSPosed-Bridge: 	at android.telephony.TelephonyManager.getNetworkType(TelephonyManager.java:1986)

08-15 06:36:23.530 19507  2492 I LSPosed-Bridge: 	at com.google.android.gms.ads.internal.util.x.m(:com.google.android.gms.policy_ads_fdr_dynamite@232400001@232400000057.538171701.538171701:9)

08-15 06:36:23.530 19507  2492 I LSPosed-Bridge: 	at com.google.android.gms.ads.nonagon.signals.fx.call(:com.google.android.gms.policy_ads_fdr_dynamite@232400001@232400000057.538171701.538171701:87)

08-15 06:36:23.530 19507  2492 I LSPosed-Bridge: 	at btb.a(:com.google.android.gms.policy_ads_fdr_dynamite@232400001@232400000057.538171701.538171701:3)

08-15 06:36:23.530 19507  2492 I LSPosed-Bridge: 	at bsj.run(:com.google.android.gms.policy_ads_fdr_dynamite@232400001@232400000057.538171701.538171701:21)

08-15 06:36:23.530 19507  2492 I LSPosed-Bridge: 	at btc.run(:com.google.android.gms.policy_ads_fdr_dynamite@232400001@232400000057.538171701.538171701:5)

08-15 06:36:23.530 19507  2492 I LSPosed-Bridge: 	at java.util.concurrent.ThreadPoolExecutor.runWorker(ThreadPoolExecutor.java:1167)

08-15 06:36:23.530 19507  2492 I LSPosed-Bridge: 	at java.util.concurrent.ThreadPoolExecutor$Worker.run(ThreadPoolExecutor.java:641)

08-15 06:36:23.530 19507  2492 I LSPosed-Bridge: 	at java.lang.Thread.run(Thread.java:764)

08-15 06:36:29.172  6454  6454 I mtopsdk.HandlerMgr: [seq:MB1.MTOP1]|onReceive: ON_FINISHED.

08-15 06:36:29.172  1516  4423 I LSPosed-Bridge: 19507 PermLabel 10141 AMS.checkPermission: Binder.getCallingPid() = 19507; uid = 10141; Binder.getCallingUid() = 10141; getNameForUid: com.voenix.emu; getPackagesForUid: [com.voenix.emu]; permName: android.permission.GET_TASKS; type = 0; res = -1; stacktrace=java.lang.Exception

08-15 06:36:29.172  1516  4423 I LSPosed-Bridge: 	at com.example.permlabel.requirePerm$1$2.afterHookedMethod(requirePerm.java:139)

08-15 06:36:29.172  1516  4423 I LSPosed-Bridge: 	at de.robv.android.xposed.XposedBridge$AdditionalHookInfo.callback(Unknown Source:147)

08-15 06:36:29.172  1516  4423 I LSPosed-Bridge: 	at LSPHooker_.checkPermission(Unknown Source:25)

08-15 06:36:29.172  1516  4423 I LSPosed-Bridge: 	at com.android.server.am.ActivityManagerService.isGetTasksAllowed(ActivityManagerService.java:10902)

08-15 06:36:29.172  1516  4423 I LSPosed-Bridge: 	at com.android.server.am.ActivityManagerService.getRunningAppProcesses(ActivityManagerService.java:16139)

08-15 06:36:29.172  1516  4423 I LSPosed-Bridge: 	at android.app.IActivityManager$Stub.onTransact(IActivityManager.java:1088)

08-15 06:36:29.172  1516  4423 I LSPosed-Bridge: 	at com.android.server.am.ActivityManagerService.onTransact(ActivityManagerService.java:3346)

08-15 06:36:29.172  1516  4423 I LSPosed-Bridge: 	at android.os.Binder.execTransact(Binder.java:731)

08-15 06:36:29.172  6454  6454 I mtopsdk.MtopBusiness: [seq:MB1.MTOP1]|doFinish request=MtopRequest [apiName=mtop.diablo.middleware.afu.upgradeinfo, version=1.0, data={"requestDTO":"{\"manually\":false,\"useHttp\":true,\"ngMeta\":\"{\\\"caller\\\":\\\"[DEFAULT]\\\",\\\"ver\\\":\\\"8.2.7.1\\\",\\\"ex\\\":{\\\"diabloBaseLine\\\":\\\"1.0.5.61\\\",\\\"bundle_type\\\":\\\"2\\\",\\\"pack_type\\\":\\\"pack_normal\\\",\\\"build\\\":\\\"20230710143549\\\",\\\"appName\\\":\\\"[DEFAULT]\\\",\\\"width\\\":\\\"720\\\",\\\"model\\\":\\\"ASUS_X01AD\\\",\\\"packageName\\\":\\\"com.wandoujia.phoenix2\\\",\\\"brand\\\":\\\"asus\\\",\\\"apiLevel\\\":\\\"28\\\",\\\"height\\\":\\\"1369\\\",\\\"network\\\":\\\"wifi\\\"},\\\"os\\\":\\\"android\\\",\\\"ch\\\":\\\"web_direct_homepage\\\",\\\"apiVer\\\":\\\"1.1\\\",\\\"uuid\\\":\\\"ASUS_X01AD|asus||a8:5e:45:42:e0:98|YaNkpNR3nOMDAOYN4/QdP2wS\\\",\\\"vc\\\":\\\"802070001\\\",\\\"ut\\\":\\\"YaNkpNR3nOMDAOYN4/QdP2wS\\\",\\\"afuBaseline\\\":\\\"8.2.0.0\\\"}\",\"correctingSize\":true}"}, needEcode=false, needSession=false], retCode=SUCCESS

08-15 06:36:34.985  1516  6965 I LSPosed-Bridge: 19507 PermLabel 10141 AMS.checkPermission: Binder.getCallingPid() = 19507; uid = 10141; Binder.getCallingUid() = 10141; getNameForUid: com.voenix.emu; getPackagesForUid: [com.voenix.emu]; permName: android.permission.GET_TASKS; type = 0; res = -1; stacktrace=java.lang.Exception

08-15 06:36:34.985  1516  6965 I LSPosed-Bridge: 	at com.example.permlabel.requirePerm$1$2.afterHookedMethod(requirePerm.java:139)

08-15 06:36:34.985  1516  6965 I LSPosed-Bridge: 	at de.robv.android.xposed.XposedBridge$AdditionalHookInfo.callback(Unknown Source:147)

08-15 06:36:34.985  1516  6965 I LSPosed-Bridge: 	at LSPHooker_.checkPermission(Unknown Source:25)

08-15 06:36:34.985  1516  6965 I LSPosed-Bridge: 	at com.android.server.am.ActivityManagerService.isGetTasksAllowed(ActivityManagerService.java:10902)

08-15 06:36:34.985  1516  6965 I LSPosed-Bridge: 	at com.android.server.am.ActivityManagerService.getRunningAppProcesses(ActivityManagerService.java:16139)

08-15 06:36:34.985  1516  6965 I LSPosed-Bridge: 	at android.app.IActivityManager$Stub.onTransact(IActivityManager.java:1088)

08-15 06:36:34.985  1516  6965 I LSPosed-Bridge: 	at com.android.server.am.ActivityManagerService.onTransact(ActivityManagerService.java:3346)

08-15 06:36:34.985  1516  6965 I LSPosed-Bridge: 	at android.os.Binder.execTransact(Binder.java:731)

08-15 06:36:34.985 19507 19507 I LSPosed-Bridge: 19507 PermLabel hookBinder_test 10141 interfaceBinder =android.app.IActivityManager; arg0 = 49; arg1 = android.os.Parcel@c166241; arg2 = android.os.Parcel@6bdd3e6; arg3 = 0; res = true; stacktrace=java.lang.Exception

08-15 06:36:34.985 19507 19507 I LSPosed-Bridge: 	at com.example.permlabel.hookBinder_test$1.afterHookedMethod(hookBinder_test.java:70)

08-15 06:36:34.985 19507 19507 I LSPosed-Bridge: 	at de.robv.android.xposed.XposedBridge$AdditionalHookInfo.callback(Unknown Source:147)

08-15 06:36:34.985 19507 19507 I LSPosed-Bridge: 	at LSPHooker_.transact(Unknown Source:28)

08-15 06:36:34.985 19507 19507 I LSPosed-Bridge: 	at android.app.IActivityManager$Stub$Proxy.checkPermission(IActivityManager.java:4722)

08-15 06:36:34.985 19507 19507 I LSPosed-Bridge: 	at android.app.ContextImpl.checkPermission(ContextImpl.java:1751)

08-15 06:36:34.985 19507 19507 I LSPosed-Bridge: 	at java.lang.reflect.Method.invoke(Native Method)

08-15 06:36:34.985 19507 19507 I LSPosed-Bridge: 	at org.lsposed.lspd.nativebridge.HookBridge.invokeOriginalMethod(Native Method)

08-15 06:36:34.985 19507 19507 I LSPosed-Bridge: 	at de.robv.android.xposed.XposedBridge$AdditionalHookInfo.callback(Unknown Source:110)

08-15 06:36:34.985 19507 19507 I LSPosed-Bridge: 	at LSPHooker_.checkPermission(Unknown Source:25)

08-15 06:36:34.985 19507 19507 I LSPosed-Bridge: 	at android.content.ContextWrapper.checkPermission(ContextWrapper.java:738)

08-15 06:36:34.985 19507 19507 I LSPosed-Bridge: 	at androidx.core.content.a.a(Unknown Source:41)

08-15 06:36:34.985 19507 19507 I LSPosed-Bridge: 	at y0.q.D(Unknown Source:23)

08-15 06:36:34.985 19507 19507 I LSPosed-Bridge: 	at y0.q.C(Unknown Source:54)

08-15 06:36:34.985 19507 19507 I LSPosed-Bridge: 	at y0.q.g(Unknown Source:108)

08-15 06:36:34.985 19507 19507 I LSPosed-Bridge: 	at i4.k$a.a(Unknown Source:17)

08-15 06:36:34.985 19507 19507 I LSPosed-Bridge: 	at w3.c.l(Unknown Source:18)

08-15 06:36:34.985 19507 19507 I LSPosed-Bridge: 	at w3.c.m(Unknown Source:40)

08-15 06:36:34.985 19507 19507 I LSPosed-Bridge: 	at w3.c.i(Unknown Source:0)

08-15 06:36:34.985 19507 19507 I LSPosed-Bridge: 	at w3.b.run(Unknown Source:12)

08-15 06:36:34.985 19507 19507 I LSPosed-Bridge: 	at android.os.Handler.handleCallback(Handler.java:873)

08-15 06:36:34.985 19507 19507 I LSPosed-Bridge: 	at android.os.Handler.dispatchMessage(Handler.java:99)

08-15 06:36:34.985 19507 19507 I LSPosed-Bridge: 	at android.os.Looper.loop(Looper.java:193)

08-15 06:36:34.985 19507 19507 I LSPosed-Bridge: 	at android.app.ActivityThread.main(ActivityThread.java:6692)

08-15 06:36:34.985 19507 19507 I LSPosed-Bridge: 	at java.lang.reflect.Method.invoke(Native Method)

08-15 06:36:34.985 19507 19507 I LSPosed-Bridge: 	at com.android.internal.os.RuntimeInit$MethodAndArgsCaller.run(RuntimeInit.java:493)

08-15 06:36:34.985 19507 19507 I LSPosed-Bridge: 	at com.android.internal.os.ZygoteInit.main(ZygoteInit.java:858)

08-15 06:36:48.376 19507 19589 I LSPosed-Bridge: 19507 PermLabel hookBinder_test 10141 interfaceBinder =android.content.pm.IPackageManager; arg0 = 13; arg1 = android.os.Parcel@f545f08; arg2 = android.os.Parcel@94bcd25; arg3 = 0; res = true; stacktrace=java.lang.Exception

08-15 06:36:48.376 19507 19589 I LSPosed-Bridge: 	at com.example.permlabel.hookBinder_test$1.afterHookedMethod(hookBinder_test.java:70)

08-15 06:36:48.376 19507 19589 I LSPosed-Bridge: 	at de.robv.android.xposed.XposedBridge$AdditionalHookInfo.callback(Unknown Source:147)

08-15 06:36:48.376 19507 19589 I LSPosed-Bridge: 	at LSPHooker_.transact(Unknown Source:28)

08-15 06:36:48.376 19507 19589 I LSPosed-Bridge: 	at android.content.pm.IPackageManager$Stub$Proxy.getApplicationInfo(IPackageManager.java:3104)

08-15 06:36:48.376 19507 19589 I LSPosed-Bridge: 	at android.app.ApplicationPackageManager.getApplicationInfoAsUser(ApplicationPackageManager.java:384)

08-15 06:36:48.376 19507 19589 I LSPosed-Bridge: 	at android.app.ApplicationPackageManager.getApplicationInfo(ApplicationPackageManager.java:377)

08-15 06:36:48.376 19507 19589 I LSPosed-Bridge: 	at m.cr.a(:com.google.android.gms.dynamite_measurementdynamite@233013028@23.30.13 (100400-0):7)

08-15 06:36:48.376 19507 19589 I LSPosed-Bridge: 	at m.ek.c(:com.google.android.gms.dynamite_measurementdynamite@233013028@23.30.13 (100400-0):42)

08-15 06:36:48.376 19507 19589 I LSPosed-Bridge: 	at m.ek.d(:com.google.android.gms.dynamite_measurementdynamite@233013028@23.30.13 (100400-0):4)

08-15 06:36:48.376 19507 19589 I LSPosed-Bridge: 	at m.ek.f(:com.google.android.gms.dynamite_measurementdynamite@233013028@23.30.13 (100400-0):6)

08-15 06:36:48.376 19507 19589 I LSPosed-Bridge: 	at m.lx.f(:com.google.android.gms.dynamite_measurementdynamite@233013028@23.30.13 (100400-0):68)

08-15 06:36:48.376 19507 19589 I LSPosed-Bridge: 	at m.kk.S(:com.google.android.gms.dynamite_measurementdynamite@233013028@23.30.13 (100400-0):132)

08-15 06:36:48.376 19507 19589 I LSPosed-Bridge: 	at m.kk.P(:com.google.android.gms.dynamite_measurementdynamite@233013028@23.30.13 (100400-0):85)

08-15 06:36:48.376 19507 19589 I LSPosed-Bridge: 	at m.kf.run(:com.google.android.gms.dynamite_measurementdynamite@233013028@23.30.13 (100400-0):6)

08-15 06:36:48.376 19507 19589 I LSPosed-Bridge: 	at java.util.concurrent.Executors$RunnableAdapter.call(Executors.java:458)

08-15 06:36:48.376 19507 19589 I LSPosed-Bridge: 	at java.util.concurrent.FutureTask.run(FutureTask.java:266)

08-15 06:36:48.376 19507 19589 I LSPosed-Bridge: 	at m.it.run(:com.google.android.gms.dynamite_measurementdynamite@233013028@23.30.13 (100400-0):48)

08-15 06:36:48.376  1516  5056 I LSPosed-Bridge: 19507 PermLabel 10141 AMS.checkPermission: Binder.getCallingPid() = 19507; uid = 10141; Binder.getCallingUid() = 10141; getNameForUid: com.voenix.emu; getPackagesForUid: [com.voenix.emu]; permName: android.permission.GET_TASKS; type = 0; res = -1; stacktrace=java.lang.Exception

08-15 06:36:48.376  1516  5056 I LSPosed-Bridge: 	at com.example.permlabel.requirePerm$1$2.afterHookedMethod(requirePerm.java:139)

08-15 06:36:48.376  1516  5056 I LSPosed-Bridge: 	at de.robv.android.xposed.XposedBridge$AdditionalHookInfo.callback(Unknown Source:147)

08-15 06:36:48.376  1516  5056 I LSPosed-Bridge: 	at LSPHooker_.checkPermission(Unknown Source:25)

08-15 06:36:48.376  1516  5056 I LSPosed-Bridge: 	at com.android.server.am.ActivityManagerService.isGetTasksAllowed(ActivityManagerService.java:10902)

08-15 06:36:48.376  1516  5056 I LSPosed-Bridge: 	at com.android.server.am.ActivityManagerService.getRunningAppProcesses(ActivityManagerService.java:16139)

08-15 06:36:48.376  1516  5056 I LSPosed-Bridge: 	at android.app.IActivityManager$Stub.onTransact(IActivityManager.java:1088)

08-15 06:36:48.376  1516  5056 I LSPosed-Bridge: 	at com.android.server.am.ActivityManagerService.onTransact(ActivityManagerService.java:3346)

08-15 06:36:48.376  1516  5056 I LSPosed-Bridge: 	at android.os.Binder.execTransact(Binder.java:731)

08-15 06:37:00.627  1516  9734 I LSPosed-Bridge: 19507 PermLabel 10141 AMS.checkPermission: Binder.getCallingPid() = 19507; uid = 10141; Binder.getCallingUid() = 10141; getNameForUid: com.voenix.emu; getPackagesForUid: [com.voenix.emu]; permName: android.permission.GET_TASKS; type = 0; res = -1; stacktrace=java.lang.Exception

08-15 06:37:00.627  1516  9734 I LSPosed-Bridge: 	at com.example.permlabel.requirePerm$1$2.afterHookedMethod(requirePerm.java:139)

08-15 06:37:00.627  1516  9734 I LSPosed-Bridge: 	at de.robv.android.xposed.XposedBridge$AdditionalHookInfo.callback(Unknown Source:147)

08-15 06:37:00.627  1516  9734 I LSPosed-Bridge: 	at LSPHooker_.checkPermission(Unknown Source:25)

08-15 06:37:00.627  1516  9734 I LSPosed-Bridge: 	at com.android.server.am.ActivityManagerService.isGetTasksAllowed(ActivityManagerService.java:10902)

08-15 06:37:00.627  1516  9734 I LSPosed-Bridge: 	at com.android.server.am.ActivityManagerService.getRunningAppProcesses(ActivityManagerService.java:16139)

08-15 06:37:00.627  1516  9734 I LSPosed-Bridge: 	at android.app.IActivityManager$Stub.onTransact(IActivityManager.java:1088)

08-15 06:37:00.627  1516  9734 I LSPosed-Bridge: 	at com.android.server.am.ActivityManagerService.onTransact(ActivityManagerService.java:3346)

08-15 06:37:00.627  1516  9734 I LSPosed-Bridge: 	at android.os.Binder.execTransact(Binder.java:731)

08-15 06:37:00.627 19507  8751 I LSPosed-Bridge: 19507 PermLabel hookBinder_test 10141 interfaceBinder =android.net.IConnectivityManager; arg0 = 3; arg1 = android.os.Parcel@f5054ca; arg2 = android.os.Parcel@a4701cd; arg3 = 0; res = true; stacktrace=java.lang.Exception

08-15 06:37:00.627 19507  8751 I LSPosed-Bridge: 	at com.example.permlabel.hookBinder_test$1.afterHookedMethod(hookBinder_test.java:70)

08-15 06:37:00.627 19507  8751 I LSPosed-Bridge: 	at de.robv.android.xposed.XposedBridge$AdditionalHookInfo.callback(Unknown Source:147)

08-15 06:37:00.627 19507  8751 I LSPosed-Bridge: 	at LSPHooker_.transact(Unknown Source:28)

08-15 06:37:00.627 19507  8751 I LSPosed-Bridge: 	at android.net.IConnectivityManager$Stub$Proxy.getActiveNetworkInfo(IConnectivityManager.java:1206)

08-15 06:37:00.627 19507  8751 I LSPosed-Bridge: 	at android.net.ConnectivityManager.getActiveNetworkInfo(ConnectivityManager.java:890)

08-15 06:37:00.627 19507  8751 I LSPosed-Bridge: 	at com.google.android.gms.ads.nonagon.signals.fx.call(:com.google.android.gms.policy_ads_fdr_dynamite@232400001@232400000057.538171701.538171701:45)

08-15 06:37:00.627 19507  8751 I LSPosed-Bridge: 	at btb.a(:com.google.android.gms.policy_ads_fdr_dynamite@232400001@232400000057.538171701.538171701:3)

08-15 06:37:00.627 19507  8751 I LSPosed-Bridge: 	at bsj.run(:com.google.android.gms.policy_ads_fdr_dynamite@232400001@232400000057.538171701.538171701:21)

08-15 06:37:00.627 19507  8751 I LSPosed-Bridge: 	at btc.run(:com.google.android.gms.policy_ads_fdr_dynamite@232400001@232400000057.538171701.538171701:5)

08-15 06:37:00.627 19507  8751 I LSPosed-Bridge: 	at java.util.concurrent.ThreadPoolExecutor.runWorker(ThreadPoolExecutor.java:1167)

08-15 06:37:00.627 19507  8751 I LSPosed-Bridge: 	at java.util.concurrent.ThreadPoolExecutor$Worker.run(ThreadPoolExecutor.java:641)

08-15 06:37:00.627 19507  8751 I LSPosed-Bridge: 	at java.lang.Thread.run(Thread.java:764)

08-15 06:37:00.627 19507 19507 I LSPosed-Bridge: 19507 PermLabel hookBinder_test 10141 interfaceBinder =android.view.accessibility.IAccessibilityInteractionConnectionCallback; arg0 = 2; arg1 = android.os.Parcel@4ea70f7; arg2 = null; arg3 = 1; res = true; stacktrace=java.lang.Exception

08-15 06:37:00.627 19507 19507 I LSPosed-Bridge: 	at com.example.permlabel.hookBinder_test$1.afterHookedMethod(hookBinder_test.java:70)

08-15 06:37:00.627 19507 19507 I LSPosed-Bridge: 	at de.robv.android.xposed.XposedBridge$AdditionalHookInfo.callback(Unknown Source:147)

08-15 06:37:00.627 19507 19507 I LSPosed-Bridge: 	at LSPHooker_.transact(Unknown Source:28)

08-15 06:37:00.627 19507 19507 I LSPosed-Bridge: 	at android.view.accessibility.IAccessibilityInteractionConnectionCallback$Stub$Proxy.setFindAccessibilityNodeInfosResult(IAccessibilityInteractionConnectionCallback.java:146)

08-15 06:37:00.627 19507 19507 I LSPosed-Bridge: 	at android.view.AccessibilityInteractionController.updateInfosForViewportAndReturnFindNodeResult(AccessibilityInteractionController.java:869)

08-15 06:37:00.627 19507 19507 I LSPosed-Bridge: 	at android.view.AccessibilityInteractionController.findAccessibilityNodeInfoByAccessibilityIdUiThread(AccessibilityInteractionController.java:340)

08-15 06:37:00.627 19507 19507 I LSPosed-Bridge: 	at android.view.AccessibilityInteractionController.access$400(AccessibilityInteractionController.java:67)

08-15 06:37:00.627 19507 19507 I LSPosed-Bridge: 	at android.view.AccessibilityInteractionController$PrivateHandler.handleMessage(AccessibilityInteractionController.java:1324)

08-15 06:37:00.627 19507 19507 I LSPosed-Bridge: 	at android.os.Handler.dispatchMessage(Handler.java:106)

08-15 06:37:00.627 19507 19507 I LSPosed-Bridge: 	at android.os.Looper.loop(Looper.java:193)

08-15 06:37:00.627 19507 19507 I LSPosed-Bridge: 	at android.app.ActivityThread.main(ActivityThread.java:6692)

08-15 06:37:00.627 19507 19507 I LSPosed-Bridge: 	at java.lang.reflect.Method.invoke(Native Method)

08-15 06:37:00.627 19507 19507 I LSPosed-Bridge: 	at com.android.internal.os.RuntimeInit$MethodAndArgsCaller.run(RuntimeInit.java:493)

08-15 06:37:00.627 19507 19507 I LSPosed-Bridge: 	at com.android.internal.os.ZygoteInit.main(ZygoteInit.java:858)

