08-15 06:32:45.830  1516  7403 I LSPosed-Bridge: 	at com.android.server.am.ActivityManagerService.getRunningAppProcesses(ActivityManagerService.java:16139)

08-15 06:32:45.830  1516  7403 I LSPosed-Bridge: 	at android.app.IActivityManager$Stub.onTransact(IActivityManager.java:1088)

08-15 06:32:45.830  1516  7403 I LSPosed-Bridge: 	at com.android.server.am.ActivityManagerService.onTransact(ActivityManagerService.java:3346)

08-15 06:32:45.830  1516  7403 I LSPosed-Bridge: 	at android.os.Binder.execTransact(Binder.java:731)

08-15 06:32:45.830 19507 19589 I LSPosed-Bridge: 19507 PermLabel hookBinder_test 10141 interfaceBinder =android.content.pm.IPackageManager; arg0 = 13; arg1 = android.os.Parcel@fb6b26d; arg2 = android.os.Parcel@6d418dc; arg3 = 0; res = true; stacktrace=java.lang.Exception

08-15 06:32:45.830 19507 19589 I LSPosed-Bridge: 	at com.example.permlabel.hookBinder_test$1.afterHookedMethod(hookBinder_test.java:70)

08-15 06:32:45.830 19507 19589 I LSPosed-Bridge: 	at de.robv.android.xposed.XposedBridge$AdditionalHookInfo.callback(Unknown Source:147)

08-15 06:32:45.830 19507 19589 I LSPosed-Bridge: 	at LSPHooker_.transact(Unknown Source:28)

08-15 06:32:45.830 19507 19589 I LSPosed-Bridge: 	at android.content.pm.IPackageManager$Stub$Proxy.getApplicationInfo(IPackageManager.java:3104)

08-15 06:32:45.830 19507 19589 I LSPosed-Bridge: 	at android.app.ApplicationPackageManager.getApplicationInfoAsUser(ApplicationPackageManager.java:384)

08-15 06:32:45.830 19507 19589 I LSPosed-Bridge: 	at android.app.ApplicationPackageManager.getApplicationInfo(ApplicationPackageManager.java:377)

08-15 06:32:45.830 19507 19589 I LSPosed-Bridge: 	at m.cr.a(:com.google.android.gms.dynamite_measurementdynamite@233013028@23.30.13 (100400-0):7)

08-15 06:32:45.830 19507 19589 I LSPosed-Bridge: 	at m.ek.c(:com.google.android.gms.dynamite_measurementdynamite@233013028@23.30.13 (100400-0):42)

08-15 06:32:45.830 19507 19589 I LSPosed-Bridge: 	at m.ek.d(:com.google.android.gms.dynamite_measurementdynamite@233013028@23.30.13 (100400-0):4)

08-15 06:32:45.830 19507 19589 I LSPosed-Bridge: 	at m.ek.f(:com.google.android.gms.dynamite_measurementdynamite@233013028@23.30.13 (100400-0):6)

08-15 06:32:45.830 19507 19589 I LSPosed-Bridge: 	at m.lx.f(:com.google.android.gms.dynamite_measurementdynamite@233013028@23.30.13 (100400-0):68)

08-15 06:32:45.830 19507 19589 I LSPosed-Bridge: 	at m.kk.S(:com.google.android.gms.dynamite_measurementdynamite@233013028@23.30.13 (100400-0):132)

08-15 06:32:45.830 19507 19589 I LSPosed-Bridge: 	at m.kk.P(:com.google.android.gms.dynamite_measurementdynamite@233013028@23.30.13 (100400-0):85)

08-15 06:32:45.830 19507 19589 I LSPosed-Bridge: 	at m.kf.run(:com.google.android.gms.dynamite_measurementdynamite@233013028@23.30.13 (100400-0):6)

08-15 06:32:45.830 19507 19589 I LSPosed-Bridge: 	at java.util.concurrent.Executors$RunnableAdapter.call(Executors.java:458)

08-15 06:32:45.830 19507 19589 I LSPosed-Bridge: 	at java.util.concurrent.FutureTask.run(FutureTask.java:266)

08-15 06:32:45.830 19507 19589 I LSPosed-Bridge: 	at m.it.run(:com.google.android.gms.dynamite_measurementdynamite@233013028@23.30.13 (100400-0):48)

08-15 06:32:51.253  1516  2048 I LSPosed-Bridge: 19507 PermLabel 10141 AMS.checkPermission: Binder.getCallingPid() = 19507; uid = 10141; Binder.getCallingUid() = 10141; getNameForUid: com.voenix.emu; getPackagesForUid: [com.voenix.emu]; permName: android.permission.GET_TASKS; type = 0; res = -1; stacktrace=java.lang.Exception

08-15 06:32:51.253  1516  2048 I LSPosed-Bridge: 	at com.example.permlabel.requirePerm$1$2.afterHookedMethod(requirePerm.java:139)

08-15 06:32:51.253  1516  2048 I LSPosed-Bridge: 	at de.robv.android.xposed.XposedBridge$AdditionalHookInfo.callback(Unknown Source:147)

08-15 06:32:51.253  1516  2048 I LSPosed-Bridge: 	at LSPHooker_.checkPermission(Unknown Source:25)

08-15 06:32:51.253  1516  2048 I LSPosed-Bridge: 	at com.android.server.am.ActivityManagerService.isGetTasksAllowed(ActivityManagerService.java:10902)

08-15 06:32:51.253  1516  2048 I LSPosed-Bridge: 	at com.android.server.am.ActivityManagerService.getRunningAppProcesses(ActivityManagerService.java:16139)

08-15 06:32:51.253  1516  2048 I LSPosed-Bridge: 	at android.app.IActivityManager$Stub.onTransact(IActivityManager.java:1088)

08-15 06:32:51.253  1516  2048 I LSPosed-Bridge: 	at com.android.server.am.ActivityManagerService.onTransact(ActivityManagerService.java:3346)

08-15 06:32:51.253  1516  2048 I LSPosed-Bridge: 	at android.os.Binder.execTransact(Binder.java:731)

08-15 06:32:51.253 19507 19589 I LSPosed-Bridge: 19507 PermLabel hookBinder_test 10141 interfaceBinder =android.content.pm.IPackageManager; arg0 = 13; arg1 = android.os.Parcel@a778f2e; arg2 = android.os.Parcel@ec365bf; arg3 = 0; res = true; stacktrace=java.lang.Exception

08-15 06:32:51.253 19507 19589 I LSPosed-Bridge: 	at com.example.permlabel.hookBinder_test$1.afterHookedMethod(hookBinder_test.java:70)

08-15 06:32:51.253 19507 19589 I LSPosed-Bridge: 	at de.robv.android.xposed.XposedBridge$AdditionalHookInfo.callback(Unknown Source:147)

08-15 06:32:51.253 19507 19589 I LSPosed-Bridge: 	at LSPHooker_.transact(Unknown Source:28)

08-15 06:32:51.253 19507 19589 I LSPosed-Bridge: 	at android.content.pm.IPackageManager$Stub$Proxy.getApplicationInfo(IPackageManager.java:3104)

08-15 06:32:51.253 19507 19589 I LSPosed-Bridge: 	at android.app.ApplicationPackageManager.getApplicationInfoAsUser(ApplicationPackageManager.java:384)

08-15 06:32:51.253 19507 19589 I LSPosed-Bridge: 	at android.app.ApplicationPackageManager.getApplicationInfo(ApplicationPackageManager.java:377)

08-15 06:32:51.253 19507 19589 I LSPosed-Bridge: 	at m.cr.a(:com.google.android.gms.dynamite_measurementdynamite@233013028@23.30.13 (100400-0):7)

08-15 06:32:51.253 19507 19589 I LSPosed-Bridge: 	at m.ek.c(:com.google.android.gms.dynamite_measurementdynamite@233013028@23.30.13 (100400-0):42)

08-15 06:32:51.253 19507 19589 I LSPosed-Bridge: 	at m.ek.d(:com.google.android.gms.dynamite_measurementdynamite@233013028@23.30.13 (100400-0):4)

08-15 06:32:51.253 19507 19589 I LSPosed-Bridge: 	at m.ek.h(:com.google.android.gms.dynamite_measurementdynamite@233013028@23.30.13 (100400-0):13)

08-15 06:32:51.253 19507 19589 I LSPosed-Bridge: 	at m.ix.a(:com.google.android.gms.dynamite_measurementdynamite@233013028@23.30.13 (100400-0):6)

08-15 06:32:51.253 19507 19589 I LSPosed-Bridge: 	at m.ix.u(:com.google.android.gms.dynamite_measurementdynamite@233013028@23.30.13 (100400-0):1)

08-15 06:32:51.253 19507 19589 I LSPosed-Bridge: 	at m.lx.f(:com.google.android.gms.dynamite_measurementdynamite@233013028@23.30.13 (100400-0):48)

08-15 06:32:51.253 19507 19589 I LSPosed-Bridge: 	at m.kk.S(:com.google.android.gms.dynamite_measurementdynamite@233013028@23.30.13 (100400-0):132)

08-15 06:32:51.253 19507 19589 I LSPosed-Bridge: 	at m.kk.P(:com.google.android.gms.dynamite_measurementdynamite@233013028@23.30.13 (100400-0):85)

08-15 06:32:51.253 19507 19589 I LSPosed-Bridge: 	at m.kf.run(:com.google.android.gms.dynamite_measurementdynamite@233013028@23.30.13 (100400-0):6)

08-15 06:32:51.253 19507 19589 I LSPosed-Bridge: 	at java.util.concurrent.Executors$RunnableAdapter.call(Executors.java:458)

08-15 06:32:51.253 19507 19589 I LSPosed-Bridge: 	at java.util.concurrent.FutureTask.run(FutureTask.java:266)

08-15 06:32:51.253 19507 19589 I LSPosed-Bridge: 	at m.it.run(:com.google.android.gms.dynamite_measurementdynamite@233013028@23.30.13 (100400-0):48)

08-15 06:32:57.031  1516  9603 I LSPosed-Bridge: 19507 PermLabel 10141 AMS.checkPermission: Binder.getCallingPid() = 19507; uid = 10141; Binder.getCallingUid() = 10141; getNameForUid: com.voenix.emu; getPackagesForUid: [com.voenix.emu]; permName: android.permission.ACCESS_NETWORK_STATE; type = 0; res = 0; stacktrace=java.lang.Exception

08-15 06:32:57.031  1516  9603 I LSPosed-Bridge: 	at com.example.permlabel.requirePerm$1$2.afterHookedMethod(requirePerm.java:139)

08-15 06:32:57.031  1516  9603 I LSPosed-Bridge: 	at de.robv.android.xposed.XposedBridge$AdditionalHookInfo.callback(Unknown Source:147)

08-15 06:32:57.031  1516  9603 I LSPosed-Bridge: 	at LSPHooker_.checkPermission(Unknown Source:25)

08-15 06:32:57.031  1516  9603 I LSPosed-Bridge: 	at android.app.ContextImpl.checkPermission(ContextImpl.java:1751)

08-15 06:32:57.031  1516  9603 I LSPosed-Bridge: 	at android.app.ContextImpl.checkCallingOrSelfPermission(ContextImpl.java:1791)

08-15 06:32:57.031  1516  9603 I LSPosed-Bridge: 	at android.app.ContextImpl.enforceCallingOrSelfPermission(ContextImpl.java:1841)

08-15 06:32:57.031  1516  9603 I LSPosed-Bridge: 	at com.android.server.ConnectivityService.enforceAccessPermission(ConnectivityService.java:1672)

08-15 06:32:57.031  1516  9603 I LSPosed-Bridge: 	at com.android.server.ConnectivityService.isActiveNetworkMetered(ConnectivityService.java:1482)

08-15 06:32:57.031  1516  9603 I LSPosed-Bridge: 	at android.net.IConnectivityManager$Stub.onTransact(IConnectivityManager.java:304)

08-15 06:32:57.031  1516  9603 I LSPosed-Bridge: 	at android.os.Binder.execTransact(Binder.java:731)

08-15 06:32:57.031  1516  1723 I LSPosed-Bridge: 19507 PermLabel 10141 AMS.checkPermission: Binder.getCallingPid() = 19507; uid = 10141; Binder.getCallingUid() = 10141; getNameForUid: com.voenix.emu; getPackagesForUid: [com.voenix.emu]; permName: android.permission.GET_TASKS; type = 0; res = -1; stacktrace=java.lang.Exception

08-15 06:32:57.031  1516  1723 I LSPosed-Bridge: 	at com.example.permlabel.requirePerm$1$2.afterHookedMethod(requirePerm.java:139)

08-15 06:32:57.031  1516  1723 I LSPosed-Bridge: 	at de.robv.android.xposed.XposedBridge$AdditionalHookInfo.callback(Unknown Source:147)

08-15 06:32:57.031  1516  1723 I LSPosed-Bridge: 	at LSPHooker_.checkPermission(Unknown Source:25)

08-15 06:32:57.031  1516  1723 I LSPosed-Bridge: 	at com.android.server.am.ActivityManagerService.isGetTasksAllowed(ActivityManagerService.java:10902)

08-15 06:32:57.031  1516  1723 I LSPosed-Bridge: 	at com.android.server.am.ActivityManagerService.getRunningAppProcesses(ActivityManagerService.java:16139)

08-15 06:32:57.031  1516  1723 I LSPosed-Bridge: 	at android.app.IActivityManager$Stub.onTransact(IActivityManager.java:1088)

08-15 06:32:57.031  1516  1723 I LSPosed-Bridge: 	at com.android.server.am.ActivityManagerService.onTransact(ActivityManagerService.java:3346)

08-15 06:32:57.031  1516  1723 I LSPosed-Bridge: 	at android.os.Binder.execTransact(Binder.java:731)

08-15 06:33:02.480  1516  3282 I LSPosed-Bridge: 19507 PermLabel 10141 AMS.checkPermission: Binder.getCallingPid() = 19507; uid = 10141; Binder.getCallingUid() = 10141; getNameForUid: com.voenix.emu; getPackagesForUid: [com.voenix.emu]; permName: android.permission.GET_TASKS; type = 0; res = -1; stacktrace=java.lang.Exception

08-15 06:33:02.480  1516  3282 I LSPosed-Bridge: 	at com.example.permlabel.requirePerm$1$2.afterHookedMethod(requirePerm.java:139)

08-15 06:33:02.480  1516  3282 I LSPosed-Bridge: 	at de.robv.android.xposed.XposedBridge$AdditionalHookInfo.callback(Unknown Source:147)

08-15 06:33:02.480  1516  3282 I LSPosed-Bridge: 	at LSPHooker_.checkPermission(Unknown Source:25)

08-15 06:33:02.480  1516  3282 I LSPosed-Bridge: 	at com.android.server.am.ActivityManagerService.isGetTasksAllowed(ActivityManagerService.java:10902)

08-15 06:33:02.480  1516  3282 I LSPosed-Bridge: 	at com.android.server.am.ActivityManagerService.getRunningAppProcesses(ActivityManagerService.java:16139)

08-15 06:33:02.480  1516  3282 I LSPosed-Bridge: 	at android.app.IActivityManager$Stub.onTransact(IActivityManager.java:1088)

08-15 06:33:02.480  1516  3282 I LSPosed-Bridge: 	at com.android.server.am.ActivityManagerService.onTransact(ActivityManagerService.java:3346)

08-15 06:33:02.480  1516  3282 I LSPosed-Bridge: 	at android.os.Binder.execTransact(Binder.java:731)

08-15 06:33:08.062  1516  1723 W System.err: android.content.pm.PackageManager$NameNotFoundException: android.permission.BLUETOOTH_CONNECT

08-15 06:33:08.062  1516  1723 W System.err: 	at android.app.ApplicationPackageManager.getPermissionInfo(ApplicationPackageManager.java:315)

08-15 06:33:08.062   563   563 I ConfigStore: android::hardware::configstore::V1_0::ISurfaceFlingerConfigs::hasHDRDisplay retrieved: 0

08-15 06:33:08.062  1516  7403 I LSPosed-Bridge: 19507 PermLabel 10141 AMS.checkPermission: Binder.getCallingPid() = 19507; uid = 10141; Binder.getCallingUid() = 10141; getNameForUid: com.voenix.emu; getPackagesForUid: [com.voenix.emu]; permName: android.permission.GET_TASKS; type = 0; res = -1; stacktrace=java.lang.Exception

08-15 06:33:08.062  1516  7403 I LSPosed-Bridge: 	at com.example.permlabel.requirePerm$1$2.afterHookedMethod(requirePerm.java:139)

08-15 06:33:08.062  1516  7403 I LSPosed-Bridge: 	at de.robv.android.xposed.XposedBridge$AdditionalHookInfo.callback(Unknown Source:147)

08-15 06:33:08.062  1516  7403 I LSPosed-Bridge: 	at LSPHooker_.checkPermission(Unknown Source:25)

08-15 06:33:08.062  1516  7403 I LSPosed-Bridge: 	at com.android.server.am.ActivityManagerService.isGetTasksAllowed(ActivityManagerService.java:10902)

08-15 06:33:08.062  1516  7403 I LSPosed-Bridge: 	at com.android.server.am.ActivityManagerService.getRunningAppProcesses(ActivityManagerService.java:16139)

08-15 06:33:08.062  1516  7403 I LSPosed-Bridge: 	at android.app.IActivityManager$Stub.onTransact(IActivityManager.java:1088)

08-15 06:33:08.062  1516  7403 I LSPosed-Bridge: 	at com.android.server.am.ActivityManagerService.onTransact(ActivityManagerService.java:3346)

08-15 06:33:08.062  1516  7403 I LSPosed-Bridge: 	at android.os.Binder.execTransact(Binder.java:731)

08-15 06:33:08.062  1516  1723 W System.err: 	at com.example.permlabel.requirePerm$1$2.afterHookedMethod(requirePerm.java:130)

08-15 06:33:08.062  1516  1723 W System.err: 	at de.robv.android.xposed.XposedBridge$AdditionalHookInfo.callback(Unknown Source:147)

08-15 06:33:08.062  1516  1723 W System.err: 	at LSPHooker_.checkPermission(Unknown Source:25)

08-15 06:33:08.062  1516  1723 W System.err: 	at android.app.IActivityManager$Stub.onTransact(IActivityManager.java:664)

08-15 06:33:08.062  1516  1723 W System.err: 	at com.android.server.am.ActivityManagerService.onTransact(ActivityManagerService.java:3346)

08-15 06:33:13.499  1516  2855 I LSPosed-Bridge: 19507 PermLabel 10141 AMS.checkPermission: Binder.getCallingPid() = 19507; uid = 10141; Binder.getCallingUid() = 10141; getNameForUid: com.voenix.emu; getPackagesForUid: [com.voenix.emu]; permName: android.permission.GET_TASKS; type = 0; res = -1; stacktrace=java.lang.Exception

08-15 06:33:13.499  1516  2855 I LSPosed-Bridge: 	at com.example.permlabel.requirePerm$1$2.afterHookedMethod(requirePerm.java:139)

08-15 06:33:13.499  1516  2855 I LSPosed-Bridge: 	at de.robv.android.xposed.XposedBridge$AdditionalHookInfo.callback(Unknown Source:147)

08-15 06:33:13.499  1516  2855 I LSPosed-Bridge: 	at LSPHooker_.checkPermission(Unknown Source:25)

08-15 06:33:13.499  1516  2855 I LSPosed-Bridge: 	at com.android.server.am.ActivityManagerService.isGetTasksAllowed(ActivityManagerService.java:10902)

08-15 06:33:13.499  1516  2855 I LSPosed-Bridge: 	at com.android.server.am.ActivityManagerService.getRunningAppProcesses(ActivityManagerService.java:16139)

08-15 06:33:13.499  1516  2855 I LSPosed-Bridge: 	at android.app.IActivityManager$Stub.onTransact(IActivityManager.java:1088)

08-15 06:33:13.499  1516  2855 I LSPosed-Bridge: 	at com.android.server.am.ActivityManagerService.onTransact(ActivityManagerService.java:3346)

08-15 06:33:13.499  1516  2855 I LSPosed-Bridge: 	at android.os.Binder.execTransact(Binder.java:731)

08-15 06:33:13.499 19507 19507 I LSPosed-Bridge: 19507 PermLabel hookBinder_test 10141 interfaceBinder =android.hardware.display.IDisplayManager; arg0 = 1; arg1 = android.os.Parcel@765aefc; arg2 = android.os.Parcel@87b14c4; arg3 = 0; res = true; stacktrace=java.lang.Exception

08-15 06:33:13.499 19507 19507 I LSPosed-Bridge: 	at com.example.permlabel.hookBinder_test$1.afterHookedMethod(hookBinder_test.java:70)

08-15 06:33:13.499 19507 19507 I LSPosed-Bridge: 	at de.robv.android.xposed.XposedBridge$AdditionalHookInfo.callback(Unknown Source:147)

08-15 06:33:13.499 19507 19507 I LSPosed-Bridge: 	at LSPHooker_.transact(Unknown Source:28)

08-15 06:33:13.499 19507 19507 I LSPosed-Bridge: 	at android.hardware.display.IDisplayManager$Stub$Proxy.getDisplayInfo(IDisplayManager.java:404)

08-15 06:33:13.499 19507 19507 I LSPosed-Bridge: 	at android.hardware.display.DisplayManagerGlobal.getDisplayInfo(DisplayManagerGlobal.java:124)

08-15 06:33:13.499 19507 19507 I LSPosed-Bridge: 	at android.hardware.display.DisplayManagerGlobal.getCompatibleDisplay(DisplayManagerGlobal.java:199)

08-15 06:33:13.499 19507 19507 I LSPosed-Bridge: 	at android.app.ResourcesManager.getAdjustedDisplay(ResourcesManager.java:293)

08-15 06:33:13.499 19507 19507 I LSPosed-Bridge: 	at android.app.ContextImpl.getDisplay(ContextImpl.java:2223)

08-15 06:33:13.499 19507 19507 I LSPosed-Bridge: 	at android.view.WindowManagerImpl.getDefaultDisplay(WindowManagerImpl.java:149)

08-15 06:33:13.499 19507 19507 I LSPosed-Bridge: 	at com.google.android.gms.ads.omid.library.utils.a.f(:com.google.android.gms.policy_ads_fdr_dynamite@232400001@232400000057.538171701.538171701:13)

08-15 06:33:13.499 19507 19507 I LSPosed-Bridge: 	at com.google.android.gms.ads.omid.library.walking.e.run(:com.google.android.gms.policy_ads_fdr_dynamite@232400001@232400000057.538171701.538171701:371)

08-15 06:33:13.499 19507 19507 I LSPosed-Bridge: 	at android.os.Handler.handleCallback(Handler.java:873)

08-15 06:33:13.499 19507 19507 I LSPosed-Bridge: 	at android.os.Handler.dispatchMessage(Handler.java:99)

08-15 06:33:13.499 19507 19507 I LSPosed-Bridge: 	at android.os.Looper.loop(Looper.java:193)

08-15 06:33:13.499 19507 19507 I LSPosed-Bridge: 	at android.app.ActivityThread.main(ActivityThread.java:6692)

08-15 06:33:13.499 19507 19507 I LSPosed-Bridge: 	at java.lang.reflect.Method.invoke(Native Method)

08-15 06:33:13.499 19507 19507 I LSPosed-Bridge: 	at com.android.internal.os.RuntimeInit$MethodAndArgsCaller.run(RuntimeInit.java:493)

08-15 06:33:13.499 19507 19507 I LSPosed-Bridge: 	at com.android.internal.os.ZygoteInit.main(ZygoteInit.java:858)

08-15 06:33:19.216 19507 23656 I LSPosed-Bridge: 19507 PermLabel hookBinder_test 10141 interfaceBinder =; arg0 = 1; arg1 = android.os.Parcel@15e5a98; arg2 = android.os.Parcel@9d06f14; arg3 = 0; res = true; stacktrace=java.lang.Exception

08-15 06:33:19.216 19507 23656 I LSPosed-Bridge: 	at com.example.permlabel.hookBinder_test$1.afterHookedMethod(hookBinder_test.java:70)

08-15 06:33:19.216 19507 23656 I LSPosed-Bridge: 	at de.robv.android.xposed.XposedBridge$AdditionalHookInfo.callback(Unknown Source:147)

08-15 06:33:19.216 19507 23656 I LSPosed-Bridge: 	at LSPHooker_.transact(Unknown Source:28)

08-15 06:33:19.216 19507 23656 I LSPosed-Bridge: 	at android.os.ServiceManagerProxy.getService(ServiceManagerNative.java:125)

08-15 06:33:19.216 19507 23656 I LSPosed-Bridge: 	at android.os.ServiceManager.rawGetService(ServiceManager.java:253)

08-15 06:33:19.216 19507 23656 I LSPosed-Bridge: 	at android.os.ServiceManager.getService(ServiceManager.java:124)

08-15 06:33:19.216 19507 23656 I LSPosed-Bridge: 	at android.telephony.TelephonyManager.getITelephony(TelephonyManager.java:4168)

08-15 06:33:19.216 19507 23656 I LSPosed-Bridge: 	at android.telephony.TelephonyManager.getNetworkType(TelephonyManager.java:1984)

08-15 06:33:19.216 19507 23656 I LSPosed-Bridge: 	at com.google.android.gms.ads.internal.util.x.m(:com.google.android.gms.policy_ads_fdr_dynamite@232400001@232400000057.538171701.538171701:9)

08-15 06:33:19.216 19507 23656 I LSPosed-Bridge: 	at com.google.android.gms.ads.nonagon.signals.fx.call(:com.google.android.gms.policy_ads_fdr_dynamite@232400001@232400000057.538171701.538171701:87)

08-15 06:33:19.216 19507 23656 I LSPosed-Bridge: 	at btb.a(:com.google.android.gms.policy_ads_fdr_dynamite@232400001@232400000057.538171701.538171701:3)

08-15 06:33:19.216 19507 23656 I LSPosed-Bridge: 	at bsj.run(:com.google.android.gms.policy_ads_fdr_dynamite@232400001@232400000057.538171701.538171701:21)

08-15 06:33:19.216 19507 23656 I LSPosed-Bridge: 	at btc.run(:com.google.android.gms.policy_ads_fdr_dynamite@232400001@232400000057.538171701.538171701:5)

08-15 06:33:19.216 19507 23656 I LSPosed-Bridge: 	at java.util.concurrent.ThreadPoolExecutor.runWorker(ThreadPoolExecutor.java:1167)

08-15 06:33:19.216 19507 23656 I LSPosed-Bridge: 	at java.util.concurrent.ThreadPoolExecutor$Worker.run(ThreadPoolExecutor.java:641)

08-15 06:33:19.216 19507 23656 I LSPosed-Bridge: 	at java.lang.Thread.run(Thread.java:764)

08-15 06:33:19.216  1516  2048 I LSPosed-Bridge: 19507 PermLabel 10141 AMS.checkPermission: Binder.getCallingPid() = 19507; uid = 10141; Binder.getCallingUid() = 10141; getNameForUid: com.voenix.emu; getPackagesForUid: [com.voenix.emu]; permName: android.permission.GET_TASKS; type = 0; res = -1; stacktrace=java.lang.Exception

08-15 06:33:19.216  1516  2048 I LSPosed-Bridge: 	at com.example.permlabel.requirePerm$1$2.afterHookedMethod(requirePerm.java:139)

08-15 06:33:19.216  1516  2048 I LSPosed-Bridge: 	at de.robv.android.xposed.XposedBridge$AdditionalHookInfo.callback(Unknown Source:147)

08-15 06:33:19.216  1516  2048 I LSPosed-Bridge: 	at LSPHooker_.checkPermission(Unknown Source:25)

08-15 06:33:19.216  1516  2048 I LSPosed-Bridge: 	at com.android.server.am.ActivityManagerService.isGetTasksAllowed(ActivityManagerService.java:10902)

08-15 06:33:19.216  1516  2048 I LSPosed-Bridge: 	at com.android.server.am.ActivityManagerService.getRunningAppProcesses(ActivityManagerService.java:16139)

08-15 06:33:19.216  1516  2048 I LSPosed-Bridge: 	at android.app.IActivityManager$Stub.onTransact(IActivityManager.java:1088)

08-15 06:33:19.216  1516  2048 I LSPosed-Bridge: 	at com.android.server.am.ActivityManagerService.onTransact(ActivityManagerService.java:3346)

08-15 06:33:19.216  1516  2048 I LSPosed-Bridge: 	at android.os.Binder.execTransact(Binder.java:731)

08-15 06:33:24.697  1516  2855 I LSPosed-Bridge: 19507 PermLabel 10141 AMS.checkPermission: Binder.getCallingPid() = 19507; uid = 10141; Binder.getCallingUid() = 10141; getNameForUid: com.voenix.emu; getPackagesForUid: [com.voenix.emu]; permName: android.permission.GET_TASKS; type = 0; res = -1; stacktrace=java.lang.Exception

08-15 06:33:24.697  1516  2855 I LSPosed-Bridge: 	at com.example.permlabel.requirePerm$1$2.afterHookedMethod(requirePerm.java:139)

08-15 06:33:24.697  1516  2855 I LSPosed-Bridge: 	at de.robv.android.xposed.XposedBridge$AdditionalHookInfo.callback(Unknown Source:147)

08-15 06:33:24.697  1516  2855 I LSPosed-Bridge: 	at LSPHooker_.checkPermission(Unknown Source:25)

08-15 06:33:24.697  1516  2855 I LSPosed-Bridge: 	at com.android.server.am.ActivityManagerService.isGetTasksAllowed(ActivityManagerService.java:10902)

08-15 06:33:24.697  1516  2855 I LSPosed-Bridge: 	at com.android.server.am.ActivityManagerService.getRunningAppProcesses(ActivityManagerService.java:16139)

08-15 06:33:24.697  1516  2855 I LSPosed-Bridge: 	at android.app.IActivityManager$Stub.onTransact(IActivityManager.java:1088)

08-15 06:33:24.697  1516  2855 I LSPosed-Bridge: 	at com.android.server.am.ActivityManagerService.onTransact(ActivityManagerService.java:3346)

08-15 06:33:24.697  1516  2855 I LSPosed-Bridge: 	at android.os.Binder.execTransact(Binder.java:731)

08-15 06:33:30.442 19507 23656 I LSPosed-Bridge: 19507 PermLabel hookBinder_test 10141 interfaceBinder =com.android.internal.telephony.ITelephony; arg0 = 73; arg1 = android.os.Parcel@655412d; arg2 = android.os.Parcel@73a6a6f; arg3 = 0; res = true; stacktrace=java.lang.Exception

08-15 06:33:30.442 19507 23656 I LSPosed-Bridge: 	at com.example.permlabel.hookBinder_test$1.afterHookedMethod(hookBinder_test.java:70)

08-15 06:33:30.442 19507 23656 I LSPosed-Bridge: 	at de.robv.android.xposed.XposedBridge$AdditionalHookInfo.callback(Unknown Source:147)

08-15 06:33:30.442 19507 23656 I LSPosed-Bridge: 	at LSPHooker_.transact(Unknown Source:28)

08-15 06:33:30.442 19507 23656 I LSPosed-Bridge: 	at com.android.internal.telephony.ITelephony$Stub$Proxy.getNetworkType(ITelephony.java:3764)

08-15 06:33:30.442 19507 23656 I LSPosed-Bridge: 	at android.telephony.TelephonyManager.getNetworkType(TelephonyManager.java:1986)

08-15 06:33:30.442 19507 23656 I LSPosed-Bridge: 	at com.google.android.gms.ads.internal.util.x.m(:com.google.android.gms.policy_ads_fdr_dynamite@232400001@232400000057.538171701.538171701:9)

08-15 06:33:30.442 19507 23656 I LSPosed-Bridge: 	at com.google.android.gms.ads.nonagon.signals.fx.call(:com.google.android.gms.policy_ads_fdr_dynamite@232400001@232400000057.538171701.538171701:87)

08-15 06:33:30.442 19507 23656 I LSPosed-Bridge: 	at btb.a(:com.google.android.gms.policy_ads_fdr_dynamite@232400001@232400000057.538171701.538171701:3)

08-15 06:33:30.442 19507 23656 I LSPosed-Bridge: 	at bsj.run(:com.google.android.gms.policy_ads_fdr_dynamite@232400001@232400000057.538171701.538171701:21)

08-15 06:33:30.442 19507 23656 I LSPosed-Bridge: 	at btc.run(:com.google.android.gms.policy_ads_fdr_dynamite@232400001@232400000057.538171701.538171701:5)

08-15 06:33:30.442 19507 23656 I LSPosed-Bridge: 	at java.util.concurrent.ThreadPoolExecutor.runWorker(ThreadPoolExecutor.java:1167)

08-15 06:33:30.442 19507 23656 I LSPosed-Bridge: 	at java.util.concurrent.ThreadPoolExecutor$Worker.run(ThreadPoolExecutor.java:641)

08-15 06:33:30.442 19507 23656 I LSPosed-Bridge: 	at java.lang.Thread.run(Thread.java:764)

08-15 06:33:30.442  1516  2855 I LSPosed-Bridge: 19507 PermLabel 10141 AMS.checkPermission: Binder.getCallingPid() = 19507; uid = 10141; Binder.getCallingUid() = 10141; getNameForUid: com.voenix.emu; getPackagesForUid: [com.voenix.emu]; permName: android.permission.GET_TASKS; type = 0; res = -1; stacktrace=java.lang.Exception

08-15 06:33:30.442  1516  2855 I LSPosed-Bridge: 	at com.example.permlabel.requirePerm$1$2.afterHookedMethod(requirePerm.java:139)

08-15 06:33:30.442  1516  2855 I LSPosed-Bridge: 	at de.robv.android.xposed.XposedBridge$AdditionalHookInfo.callback(Unknown Source:147)

08-15 06:33:30.442  1516  2855 I LSPosed-Bridge: 	at LSPHooker_.checkPermission(Unknown Source:25)

08-15 06:33:30.442  1516  2855 I LSPosed-Bridge: 	at com.android.server.am.ActivityManagerService.isGetTasksAllowed(ActivityManagerService.java:10902)

08-15 06:33:30.442  1516  2855 I LSPosed-Bridge: 	at com.android.server.am.ActivityManagerService.getRunningAppProcesses(ActivityManagerService.java:16139)

08-15 06:33:30.442  1516  2855 I LSPosed-Bridge: 	at android.app.IActivityManager$Stub.onTransact(IActivityManager.java:1088)

08-15 06:33:30.442  1516  2855 I LSPosed-Bridge: 	at com.android.server.am.ActivityManagerService.onTransact(ActivityManagerService.java:3346)

08-15 06:33:30.442  1516  2855 I LSPosed-Bridge: 	at android.os.Binder.execTransact(Binder.java:731)

08-15 06:33:35.976 19507 23656 I LSPosed-Bridge: 19507 PermLabel hookBinder_test 10141 interfaceBinder =android.net.IConnectivityManager; arg0 = 18; arg1 = android.os.Parcel@78096d; arg2 = android.os.Parcel@5f9439f; arg3 = 0; res = true; stacktrace=java.lang.Exception

08-15 06:33:35.976 19507 23656 I LSPosed-Bridge: 	at com.example.permlabel.hookBinder_test$1.afterHookedMethod(hookBinder_test.java:70)

08-15 06:33:35.976 19507 23656 I LSPosed-Bridge: 	at de.robv.android.xposed.XposedBridge$AdditionalHookInfo.callback(Unknown Source:147)

08-15 06:33:35.976 19507 23656 I LSPosed-Bridge: 	at LSPHooker_.transact(Unknown Source:28)

08-15 06:33:35.976 19507 23656 I LSPosed-Bridge: 	at android.net.IConnectivityManager$Stub$Proxy.isActiveNetworkMetered(IConnectivityManager.java:1541)

08-15 06:33:35.976 19507 23656 I LSPosed-Bridge: 	at android.net.ConnectivityManager.isActiveNetworkMetered(ConnectivityManager.java:2610)

08-15 06:33:35.976 19507 23656 I LSPosed-Bridge: 	at com.google.android.gms.ads.nonagon.signals.fx.call(:com.google.android.gms.policy_ads_fdr_dynamite@232400001@232400000057.538171701.538171701:68)

08-15 06:33:35.976 19507 23656 I LSPosed-Bridge: 	at btb.a(:com.google.android.gms.policy_ads_fdr_dynamite@232400001@232400000057.538171701.538171701:3)

08-15 06:33:35.976 19507 23656 I LSPosed-Bridge: 	at bsj.run(:com.google.android.gms.policy_ads_fdr_dynamite@232400001@232400000057.538171701.538171701:21)

08-15 06:33:35.976 19507 23656 I LSPosed-Bridge: 	at btc.run(:com.google.android.gms.policy_ads_fdr_dynamite@232400001@232400000057.538171701.538171701:5)

08-15 06:33:35.976 19507 23656 I LSPosed-Bridge: 	at java.util.concurrent.ThreadPoolExecutor.runWorker(ThreadPoolExecutor.java:1167)

08-15 06:33:35.976 19507 23656 I LSPosed-Bridge: 	at java.util.concurrent.ThreadPoolExecutor$Worker.run(ThreadPoolExecutor.java:641)

08-15 06:33:35.976 19507 23656 I LSPosed-Bridge: 	at java.lang.Thread.run(Thread.java:764)

08-15 06:33:35.976  1516  2048 I LSPosed-Bridge: 19507 PermLabel 10141 AMS.checkPermission: Binder.getCallingPid() = 19507; uid = 10141; Binder.getCallingUid() = 10141; getNameForUid: com.voenix.emu; getPackagesForUid: [com.voenix.emu]; permName: android.permission.GET_TASKS; type = 0; res = -1; stacktrace=java.lang.Exception

08-15 06:33:35.976  1516  2048 I LSPosed-Bridge: 	at com.example.permlabel.requirePerm$1$2.afterHookedMethod(requirePerm.java:139)

08-15 06:33:35.976  1516  2048 I LSPosed-Bridge: 	at de.robv.android.xposed.XposedBridge$AdditionalHookInfo.callback(Unknown Source:147)

08-15 06:33:35.976  1516  2048 I LSPosed-Bridge: 	at LSPHooker_.checkPermission(Unknown Source:25)

08-15 06:33:35.976  1516  2048 I LSPosed-Bridge: 	at com.android.server.am.ActivityManagerService.isGetTasksAllowed(ActivityManagerService.java:10902)

08-15 06:33:35.976  1516  2048 I LSPosed-Bridge: 	at com.android.server.am.ActivityManagerService.getRunningAppProcesses(ActivityManagerService.java:16139)

08-15 06:33:35.976  1516  2048 I LSPosed-Bridge: 	at android.app.IActivityManager$Stub.onTransact(IActivityManager.java:1088)

08-15 06:33:35.976  1516  2048 I LSPosed-Bridge: 	at com.android.server.am.ActivityManagerService.onTransact(ActivityManagerService.java:3346)

08-15 06:33:35.976  1516  2048 I LSPosed-Bridge: 	at android.os.Binder.execTransact(Binder.java:731)

08-15 06:33:41.528  1516  1723 I LSPosed-Bridge: 19507 PermLabel 10141 AMS.checkPermission: Binder.getCallingPid() = 19507; uid = 10141; Binder.getCallingUid() = 10141; getNameForUid: com.voenix.emu; getPackagesForUid: [com.voenix.emu]; permName: android.permission.GET_TASKS; type = 0; res = -1; stacktrace=java.lang.Exception

08-15 06:33:41.528  1516  1723 I LSPosed-Bridge: 	at com.example.permlabel.requirePerm$1$2.afterHookedMethod(requirePerm.java:139)

08-15 06:33:41.528  1516  1723 I LSPosed-Bridge: 	at de.robv.android.xposed.XposedBridge$AdditionalHookInfo.callback(Unknown Source:147)

08-15 06:33:41.528  1516  1723 I LSPosed-Bridge: 	at LSPHooker_.checkPermission(Unknown Source:25)

08-15 06:33:41.528  1516  1723 I LSPosed-Bridge: 	at com.android.server.am.ActivityManagerService.isGetTasksAllowed(ActivityManagerService.java:10902)

08-15 06:33:41.528  1516  1723 I LSPosed-Bridge: 	at com.android.server.am.ActivityManagerService.getRunningAppProcesses(ActivityManagerService.java:16139)

08-15 06:33:41.528  1516  1723 I LSPosed-Bridge: 	at android.app.IActivityManager$Stub.onTransact(IActivityManager.java:1088)

08-15 06:33:41.528  1516  1723 I LSPosed-Bridge: 	at com.android.server.am.ActivityManagerService.onTransact(ActivityManagerService.java:3346)

08-15 06:33:41.528  1516  1723 I LSPosed-Bridge: 	at android.os.Binder.execTransact(Binder.java:731)

08-15 06:33:47.271  2181  2232 I QcrilOemhookMsgTunnel: [0]processOemHookResponse serial no: 1356 error: 0length=0

08-15 06:33:47.271  1516  1723 I LSPosed-Bridge: 19507 PermLabel 10141 AMS.checkPermission: Binder.getCallingPid() = 19507; uid = 10141; Binder.getCallingUid() = 10141; getNameForUid: com.voenix.emu; getPackagesForUid: [com.voenix.emu]; permName: android.permission.GET_TASKS; type = 0; res = -1; stacktrace=java.lang.Exception

08-15 06:33:47.271  1516  1723 I LSPosed-Bridge: 	at com.example.permlabel.requirePerm$1$2.afterHookedMethod(requirePerm.java:139)

08-15 06:33:47.271  1516  1723 I LSPosed-Bridge: 	at de.robv.android.xposed.XposedBridge$AdditionalHookInfo.callback(Unknown Source:147)

08-15 06:33:47.271  1516  1723 I LSPosed-Bridge: 	at LSPHooker_.checkPermission(Unknown Source:25)

08-15 06:33:47.271  1516  1723 I LSPosed-Bridge: 	at com.android.server.am.ActivityManagerService.isGetTasksAllowed(ActivityManagerService.java:10902)

08-15 06:33:47.271  1516  1723 I LSPosed-Bridge: 	at com.android.server.am.ActivityManagerService.getRunningAppProcesses(ActivityManagerService.java:16139)

08-15 06:33:47.271  1516  1723 I LSPosed-Bridge: 	at android.app.IActivityManager$Stub.onTransact(IActivityManager.java:1088)

08-15 06:33:47.271  1516  1723 I LSPosed-Bridge: 	at com.android.server.am.ActivityManagerService.onTransact(ActivityManagerService.java:3346)

08-15 06:33:47.271  1516  1723 I LSPosed-Bridge: 	at android.os.Binder.execTransact(Binder.java:731)

08-15 06:33:52.675  1516  6965 I LSPosed-Bridge: 19507 PermLabel 10141 AMS.checkPermission: Binder.getCallingPid() = 19507; uid = 10141; Binder.getCallingUid() = 10141; getNameForUid: com.voenix.emu; getPackagesForUid: [com.voenix.emu]; permName: android.permission.GET_TASKS; type = 0; res = -1; stacktrace=java.lang.Exception

08-15 06:33:52.675  1516  6965 I LSPosed-Bridge: 	at com.example.permlabel.requirePerm$1$2.afterHookedMethod(requirePerm.java:139)

08-15 06:33:52.675  1516  6965 I LSPosed-Bridge: 	at de.robv.android.xposed.XposedBridge$AdditionalHookInfo.callback(Unknown Source:147)

08-15 06:33:52.675  1516  6965 I LSPosed-Bridge: 	at LSPHooker_.checkPermission(Unknown Source:25)

08-15 06:33:52.675  1516  6965 I LSPosed-Bridge: 	at com.android.server.am.ActivityManagerService.isGetTasksAllowed(ActivityManagerService.java:10902)

08-15 06:33:52.675  1516  6965 I LSPosed-Bridge: 	at com.android.server.am.ActivityManagerService.getRunningAppProcesses(ActivityManagerService.java:16139)

08-15 06:33:52.675  1516  6965 I LSPosed-Bridge: 	at android.app.IActivityManager$Stub.onTransact(IActivityManager.java:1088)

08-15 06:33:52.675  1516  6965 I LSPosed-Bridge: 	at com.android.server.am.ActivityManagerService.onTransact(ActivityManagerService.java:3346)

08-15 06:33:52.675  1516  6965 I LSPosed-Bridge: 	at android.os.Binder.execTransact(Binder.java:731)

08-15 06:33:52.675 19507 19589 I LSPosed-Bridge: 19507 PermLabel hookBinder_test 10141 interfaceBinder =android.content.pm.IPackageManager; arg0 = 13; arg1 = android.os.Parcel@275dfdb; arg2 = android.os.Parcel@15e6f53; arg3 = 0; res = true; stacktrace=java.lang.Exception

08-15 06:33:52.675 19507 19589 I LSPosed-Bridge: 	at com.example.permlabel.hookBinder_test$1.afterHookedMethod(hookBinder_test.java:70)

08-15 06:33:52.675 19507 19589 I LSPosed-Bridge: 	at de.robv.android.xposed.XposedBridge$AdditionalHookInfo.callback(Unknown Source:147)

08-15 06:33:52.675 19507 19589 I LSPosed-Bridge: 	at LSPHooker_.transact(Unknown Source:28)

08-15 06:33:52.675 19507 19589 I LSPosed-Bridge: 	at android.content.pm.IPackageManager$Stub$Proxy.getApplicationInfo(IPackageManager.java:3104)

08-15 06:33:52.675 19507 19589 I LSPosed-Bridge: 	at android.app.ApplicationPackageManager.getApplicationInfoAsUser(ApplicationPackageManager.java:384)

08-15 06:33:52.675 19507 19589 I LSPosed-Bridge: 	at android.app.ApplicationPackageManager.getApplicationInfo(ApplicationPackageManager.java:377)

08-15 06:33:52.675 19507 19589 I LSPosed-Bridge: 	at m.cr.a(:com.google.android.gms.dynamite_measurementdynamite@233013028@23.30.13 (100400-0):7)

08-15 06:33:52.675 19507 19589 I LSPosed-Bridge: 	at m.ek.c(:com.google.android.gms.dynamite_measurementdynamite@233013028@23.30.13 (100400-0):42)

08-15 06:33:52.675 19507 19589 I LSPosed-Bridge: 	at m.ek.d(:com.google.android.gms.dynamite_measurementdynamite@233013028@23.30.13 (100400-0):4)

08-15 06:33:52.675 19507 19589 I LSPosed-Bridge: 	at m.lx.f(:com.google.android.gms.dynamite_measurementdynamite@233013028@23.30.13 (100400-0):94)

08-15 06:33:52.675 19507 19589 I LSPosed-Bridge: 	at m.kk.S(:com.google.android.gms.dynamite_measurementdynamite@233013028@23.30.13 (100400-0):132)

08-15 06:33:52.675 19507 19589 I LSPosed-Bridge: 	at m.kk.P(:com.google.android.gms.dynamite_measurementdynamite@233013028@23.30.13 (100400-0):85)

08-15 06:33:52.675 19507 19589 I LSPosed-Bridge: 	at m.kf.run(:com.google.android.gms.dynamite_measurementdynamite@233013028@23.30.13 (100400-0):6)

08-15 06:33:52.675 19507 19589 I LSPosed-Bridge: 	at java.util.concurrent.Executors$RunnableAdapter.call(Executors.java:458)

08-15 06:33:52.675 19507 19589 I LSPosed-Bridge: 	at java.util.concurrent.FutureTask.run(FutureTask.java:266)

08-15 06:33:52.675 19507 19589 I LSPosed-Bridge: 	at m.it.run(:com.google.android.gms.dynamite_measurementdynamite@233013028@23.30.13 (100400-0):48)

08-15 06:33:58.211  1516  2048 I LSPosed-Bridge: 19507 PermLabel 10141 AMS.checkPermission: Binder.getCallingPid() = 19507; uid = 10141; Binder.getCallingUid() = 10141; getNameForUid: com.voenix.emu; getPackagesForUid: [com.voenix.emu]; permName: android.permission.GET_TASKS; type = 0; res = -1; stacktrace=java.lang.Exception

08-15 06:33:58.211  1516  2048 I LSPosed-Bridge: 	at com.example.permlabel.requirePerm$1$2.afterHookedMethod(requirePerm.java:139)

08-15 06:33:58.211  1516  2048 I LSPosed-Bridge: 	at de.robv.android.xposed.XposedBridge$AdditionalHookInfo.callback(Unknown Source:147)

08-15 06:33:58.211  1516  2048 I LSPosed-Bridge: 	at LSPHooker_.checkPermission(Unknown Source:25)

08-15 06:33:58.211  1516  2048 I LSPosed-Bridge: 	at com.android.server.am.ActivityManagerService.isGetTasksAllowed(ActivityManagerService.java:10902)

08-15 06:33:58.211  1516  2048 I LSPosed-Bridge: 	at com.android.server.am.ActivityManagerService.getRunningAppProcesses(ActivityManagerService.java:16139)

08-15 06:33:58.211  1516  2048 I LSPosed-Bridge: 	at android.app.IActivityManager$Stub.onTransact(IActivityManager.java:1088)

08-15 06:33:58.211  1516  2048 I LSPosed-Bridge: 	at com.android.server.am.ActivityManagerService.onTransact(ActivityManagerService.java:3346)

08-15 06:33:58.211  1516  2048 I LSPosed-Bridge: 	at android.os.Binder.execTransact(Binder.java:731)

08-15 06:33:58.211 19507 19507 I LSPosed-Bridge: 19507 PermLabel hookBinder_test 10141 interfaceBinder =android.app.IActivityManager; arg0 = 49; arg1 = android.os.Parcel@7fb6113; arg2 = android.os.Parcel@c4398f0; arg3 = 0; res = true; stacktrace=java.lang.Exception

08-15 06:33:58.211 19507 19507 I LSPosed-Bridge: 	at com.example.permlabel.hookBinder_test$1.afterHookedMethod(hookBinder_test.java:70)

08-15 06:33:58.211 19507 19507 I LSPosed-Bridge: 	at de.robv.android.xposed.XposedBridge$AdditionalHookInfo.callback(Unknown Source:147)

08-15 06:33:58.211 19507 19507 I LSPosed-Bridge: 	at LSPHooker_.transact(Unknown Source:28)

08-15 06:33:58.211 19507 19507 I LSPosed-Bridge: 	at android.app.IActivityManager$Stub$Proxy.checkPermission(IActivityManager.java:4722)

08-15 06:33:58.211 19507 19507 I LSPosed-Bridge: 	at android.app.ContextImpl.checkPermission(ContextImpl.java:1751)

08-15 06:33:58.211 19507 19507 I LSPosed-Bridge: 	at java.lang.reflect.Method.invoke(Native Method)

08-15 06:33:58.211 19507 19507 I LSPosed-Bridge: 	at org.lsposed.lspd.nativebridge.HookBridge.invokeOriginalMethod(Native Method)

08-15 06:33:58.211 19507 19507 I LSPosed-Bridge: 	at de.robv.android.xposed.XposedBridge$AdditionalHookInfo.callback(Unknown Source:110)

08-15 06:33:58.211 19507 19507 I LSPosed-Bridge: 	at LSPHooker_.checkPermission(Unknown Source:25)

08-15 06:33:58.211 19507 19507 I LSPosed-Bridge: 	at android.content.ContextWrapper.checkPermission(ContextWrapper.java:738)

08-15 06:33:58.211 19507 19507 I LSPosed-Bridge: 	at androidx.core.content.a.a(Unknown Source:41)

08-15 06:33:58.211 19507 19507 I LSPosed-Bridge: 	at y0.q.D(Unknown Source:8)

08-15 06:33:58.211 19507 19507 I LSPosed-Bridge: 	at y0.q.C(Unknown Source:54)

08-15 06:33:58.211 19507 19507 I LSPosed-Bridge: 	at y0.q.g(Unknown Source:108)

08-15 06:33:58.211 19507 19507 I LSPosed-Bridge: 	at i4.k$a.a(Unknown Source:17)

08-15 06:33:58.211 19507 19507 I LSPosed-Bridge: 	at w3.c.l(Unknown Source:18)

08-15 06:33:58.211 19507 19507 I LSPosed-Bridge: 	at w3.c.m(Unknown Source:40)

08-15 06:33:58.211 19507 19507 I LSPosed-Bridge: 	at w3.c.i(Unknown Source:0)

08-15 06:33:58.211 19507 19507 I LSPosed-Bridge: 	at w3.b.run(Unknown Source:12)

08-15 06:33:58.211 19507 19507 I LSPosed-Bridge: 	at android.os.Handler.handleCallback(Handler.java:873)

08-15 06:33:58.211 19507 19507 I LSPosed-Bridge: 	at android.os.Handler.dispatchMessage(Handler.java:99)

08-15 06:33:58.211 19507 19507 I LSPosed-Bridge: 	at android.os.Looper.loop(Looper.java:193)

08-15 06:33:58.211 19507 19507 I LSPosed-Bridge: 	at android.app.ActivityThread.main(ActivityThread.java:6692)

08-15 06:33:58.211 19507 19507 I LSPosed-Bridge: 	at java.lang.reflect.Method.invoke(Native Method)

08-15 06:33:58.211 19507 19507 I LSPosed-Bridge: 	at com.android.internal.os.RuntimeInit$MethodAndArgsCaller.run(RuntimeInit.java:493)

08-15 06:33:58.211 19507 19507 I LSPosed-Bridge: 	at com.android.internal.os.ZygoteInit.main(ZygoteInit.java:858)

08-15 06:34:01.763  1516  2048 I LSPosed-Bridge: 19507 PermLabel 10141 AMS.checkPermission: Binder.getCallingPid() = 19507; uid = 10141; Binder.getCallingUid() = 10141; getNameForUid: com.voenix.emu; getPackagesForUid: [com.voenix.emu]; permName: android.permission.GET_TASKS; type = 0; res = -1; stacktrace=java.lang.Exception

08-15 06:34:01.763  1516  2048 I LSPosed-Bridge: 	at com.example.permlabel.requirePerm$1$2.afterHookedMethod(requirePerm.java:139)

08-15 06:34:01.763  1516  2048 I LSPosed-Bridge: 	at de.robv.android.xposed.XposedBridge$AdditionalHookInfo.callback(Unknown Source:147)

08-15 06:34:01.763  1516  2048 I LSPosed-Bridge: 	at LSPHooker_.checkPermission(Unknown Source:25)

08-15 06:34:01.763  1516  2048 I LSPosed-Bridge: 	at com.android.server.am.ActivityManagerService.isGetTasksAllowed(ActivityManagerService.java:10902)

08-15 06:34:01.763  1516  2048 I LSPosed-Bridge: 	at com.android.server.am.ActivityManagerService.getRunningAppProcesses(ActivityManagerService.java:16139)

08-15 06:34:01.763  1516  2048 I LSPosed-Bridge: 	at android.app.IActivityManager$Stub.onTransact(IActivityManager.java:1088)

08-15 06:34:01.763  1516  2048 I LSPosed-Bridge: 	at com.android.server.am.ActivityManagerService.onTransact(ActivityManagerService.java:3346)

08-15 06:34:01.763  1516  2048 I LSPosed-Bridge: 	at android.os.Binder.execTransact(Binder.java:731)

08-15 06:34:04.772 19507 19507 I LSPosed-Bridge: 19507 PermLabel hookBinder_test 10141 interfaceBinder =android.content.pm.IPackageManager; arg0 = 9; arg1 = android.os.Parcel@f963267; arg2 = android.os.Parcel@a1d1649; arg3 = 0; res = true; stacktrace=java.lang.Exception

08-15 06:34:04.772 19507 19507 I LSPosed-Bridge: 	at com.example.permlabel.hookBinder_test$1.afterHookedMethod(hookBinder_test.java:70)

08-15 06:34:04.772 19507 19507 I LSPosed-Bridge: 	at de.robv.android.xposed.XposedBridge$AdditionalHookInfo.callback(Unknown Source:147)

08-15 06:34:04.772 19507 19507 I LSPosed-Bridge: 	at LSPHooker_.transact(Unknown Source:28)

08-15 06:34:04.772 19507 19507 I LSPosed-Bridge: 	at android.content.pm.IPackageManager$Stub$Proxy.getPermissionInfo(IPackageManager.java:3008)

08-15 06:34:04.772 19507 19507 I LSPosed-Bridge: 	at android.app.ApplicationPackageManager.getPermissionInfo(ApplicationPackageManager.java:306)

08-15 06:34:04.772 19507 19507 I LSPosed-Bridge: 	at com.example.permlabel.requestPerm$2.afterHookedMethod(requestPerm.java:191)

08-15 06:34:04.772 19507 19507 I LSPosed-Bridge: 	at de.robv.android.xposed.XposedBridge$AdditionalHookInfo.callback(Unknown Source:147)

08-15 06:34:04.772 19507 19507 I LSPosed-Bridge: 	at LSPHooker_.checkPermission(Unknown Source:25)

08-15 06:34:04.772 19507 19507 I LSPosed-Bridge: 	at android.content.ContextWrapper.checkPermission(ContextWrapper.java:738)

08-15 06:34:04.772 19507 19507 I LSPosed-Bridge: 	at androidx.core.content.a.a(Unknown Source:41)

08-15 06:34:04.772 19507 19507 I LSPosed-Bridge: 	at y0.q.D(Unknown Source:23)

08-15 06:34:04.772 19507 19507 I LSPosed-Bridge: 	at y0.q.C(Unknown Source:54)

08-15 06:34:04.772 19507 19507 I LSPosed-Bridge: 	at y0.q.g(Unknown Source:108)

08-15 06:34:04.772 19507 19507 I LSPosed-Bridge: 	at i4.k$a.a(Unknown Source:17)

08-15 06:34:04.772 19507 19507 I LSPosed-Bridge: 	at w3.c.l(Unknown Source:18)

08-15 06:34:04.772 19507 19507 I LSPosed-Bridge: 	at w3.c.m(Unknown Source:40)

08-15 06:34:04.772 19507 19507 I LSPosed-Bridge: 	at w3.c.i(Unknown Source:0)

08-15 06:34:04.772 19507 19507 I LSPosed-Bridge: 	at w3.b.run(Unknown Source:12)

08-15 06:34:04.772 19507 19507 I LSPosed-Bridge: 	at android.os.Handler.handleCallback(Handler.java:873)

08-15 06:34:04.772 19507 19507 I LSPosed-Bridge: 	at android.os.Handler.dispatchMessage(Handler.java:99)

08-15 06:34:04.772 19507 19507 I LSPosed-Bridge: 	at android.os.Looper.loop(Looper.java:193)

08-15 06:34:04.772 19507 19507 I LSPosed-Bridge: 	at android.app.ActivityThread.main(ActivityThread.java:6692)

08-15 06:34:04.772 19507 19507 I LSPosed-Bridge: 	at java.lang.reflect.Method.invoke(Native Method)

08-15 06:34:04.772 19507 19507 I LSPosed-Bridge: 	at com.android.internal.os.RuntimeInit$MethodAndArgsCaller.run(RuntimeInit.java:493)

08-15 06:34:04.772 19507 19507 I LSPosed-Bridge: 	at com.android.internal.os.ZygoteInit.main(ZygoteInit.java:858)

08-15 06:34:04.772   563   563 I ConfigStore: android::hardware::configstore::V1_0::ISurfaceFlingerConfigs::hasHDRDisplay retrieved: 0

08-15 06:34:04.772 19507 19507 W System.err: android.content.pm.PackageManager$NameNotFoundException: android.permission.BLUETOOTH_CONNECT

08-15 06:34:04.772 19507 19507 W System.err: 	at android.app.ApplicationPackageManager.getPermissionInfo(ApplicationPackageManager.java:315)

08-15 06:34:04.772 19507 19507 W System.err: 	at com.example.permlabel.requestPerm$2.afterHookedMethod(requestPerm.java:191)

08-15 06:34:04.772 19507 19507 W System.err: 	at de.robv.android.xposed.XposedBridge$AdditionalHookInfo.callback(Unknown Source:147)

08-15 06:34:04.772 19507 19507 W System.err: 	at LSPHooker_.checkPermission(Unknown Source:25)

08-15 06:34:04.772 19507 19507 W System.err: 	at android.content.ContextWrapper.checkPermission(ContextWrapper.java:738)

08-15 06:34:04.772 19507 19507 W System.err: 	at androidx.core.content.a.a(Unknown Source:41)

08-15 06:34:04.772 19507 19507 W System.err: 	at y0.q.D(Unknown Source:23)

08-15 06:34:04.772   563   563 I ConfigStore: android::hardware::configstore::V1_0::ISurfaceFlingerConfigs::hasHDRDisplay retrieved: 0

08-15 06:34:04.772 19507 19507 W System.err: 	at y0.q.C(Unknown Source:54)

08-15 06:34:04.772 19507 19507 W System.err: 	at y0.q.g(Unknown Source:108)

08-15 06:34:04.772 19507 19507 W System.err: 	at i4.k$a.a(Unknown Source:17)

08-15 06:34:04.772 19507 19507 W System.err: 	at w3.c.l(Unknown Source:18)

08-15 06:34:04.772 19507 19507 W System.err: 	at w3.c.m(Unknown Source:40)

08-15 06:34:04.772 19507 19507 W System.err: 	at w3.c.i(Unknown Source:0)

08-15 06:34:04.772 19507 19507 W System.err: 	at w3.b.run(Unknown Source:12)

08-15 06:34:04.772 19507 19507 W System.err: 	at android.os.Handler.handleCallback(Handler.java:873)

08-15 06:34:04.772 19507 19507 W System.err: 	at android.os.Handler.dispatchMessage(Handler.java:99)

08-15 06:34:04.772  1516  7403 I LSPosed-Bridge: 19507 PermLabel 10141 AMS.checkPermission: Binder.getCallingPid() = 19507; uid = 10141; Binder.getCallingUid() = 10141; getNameForUid: com.voenix.emu; getPackagesForUid: [com.voenix.emu]; permName: android.permission.GET_TASKS; type = 0; res = -1; stacktrace=java.lang.Exception

08-15 06:34:04.772  1516  7403 I LSPosed-Bridge: 	at com.example.permlabel.requirePerm$1$2.afterHookedMethod(requirePerm.java:139)

08-15 06:34:04.772  1516  7403 I LSPosed-Bridge: 	at de.robv.android.xposed.XposedBridge$AdditionalHookInfo.callback(Unknown Source:147)

08-15 06:34:04.772  1516  7403 I LSPosed-Bridge: 	at LSPHooker_.checkPermission(Unknown Source:25)

08-15 06:34:04.772  1516  7403 I LSPosed-Bridge: 	at com.android.server.am.ActivityManagerService.isGetTasksAllowed(ActivityManagerService.java:10902)

08-15 06:34:04.772  1516  7403 I LSPosed-Bridge: 	at com.android.server.am.ActivityManagerService.getRunningAppProcesses(ActivityManagerService.java:16139)

08-15 06:34:04.772  1516  7403 I LSPosed-Bridge: 	at android.app.IActivityManager$Stub.onTransact(IActivityManager.java:1088)

08-15 06:34:04.772  1516  7403 I LSPosed-Bridge: 	at com.android.server.am.ActivityManagerService.onTransact(ActivityManagerService.java:3346)

08-15 06:34:04.772  1516  7403 I LSPosed-Bridge: 	at android.os.Binder.execTransact(Binder.java:731)

08-15 06:34:04.772 19507 19507 W System.err: 	at android.os.Looper.loop(Looper.java:193)

08-15 06:34:04.772 19507 19507 W System.err: 	at android.app.ActivityThread.main(ActivityThread.java:6692)

08-15 06:34:04.772 19507 19507 W System.err: 	at java.lang.reflect.Method.invoke(Native Method)

08-15 06:34:04.772 19507 19507 W System.err: 	at com.android.internal.os.RuntimeInit$MethodAndArgsCaller.run(RuntimeInit.java:493)

08-15 06:34:04.772 19507 19507 W System.err: 	at com.android.internal.os.ZygoteInit.main(ZygoteInit.java:858)

