08-15 06:34:10.425 19507 19589 I LSPosed-Bridge: 19507 PermLabel hookBinder_test 10141 interfaceBinder =android.content.pm.IPackageManager; arg0 = 13; arg1 = android.os.Parcel@831db53; arg2 = android.os.Parcel@6d053bb; arg3 = 0; res = true; stacktrace=java.lang.Exception

08-15 06:34:10.425 19507 19589 I LSPosed-Bridge: 	at com.example.permlabel.hookBinder_test$1.afterHookedMethod(hookBinder_test.java:70)

08-15 06:34:10.425 19507 19589 I LSPosed-Bridge: 	at de.robv.android.xposed.XposedBridge$AdditionalHookInfo.callback(Unknown Source:147)

08-15 06:34:10.425 19507 19589 I LSPosed-Bridge: 	at LSPHooker_.transact(Unknown Source:28)

08-15 06:34:10.425 19507 19589 I LSPosed-Bridge: 	at android.content.pm.IPackageManager$Stub$Proxy.getApplicationInfo(IPackageManager.java:3104)

08-15 06:34:10.425 19507 19589 I LSPosed-Bridge: 	at android.app.ApplicationPackageManager.getApplicationInfoAsUser(ApplicationPackageManager.java:384)

08-15 06:34:10.425 19507 19589 I LSPosed-Bridge: 	at android.app.ApplicationPackageManager.getApplicationInfo(ApplicationPackageManager.java:377)

08-15 06:34:10.425 19507 19589 I LSPosed-Bridge: 	at m.cr.a(:com.google.android.gms.dynamite_measurementdynamite@233013028@23.30.13 (100400-0):7)

08-15 06:34:10.425 19507 19589 I LSPosed-Bridge: 	at m.ek.c(:com.google.android.gms.dynamite_measurementdynamite@233013028@23.30.13 (100400-0):42)

08-15 06:34:10.425 19507 19589 I LSPosed-Bridge: 	at m.ek.d(:com.google.android.gms.dynamite_measurementdynamite@233013028@23.30.13 (100400-0):4)

08-15 06:34:10.425 19507 19589 I LSPosed-Bridge: 	at m.ek.h(:com.google.android.gms.dynamite_measurementdynamite@233013028@23.30.13 (100400-0):13)

08-15 06:34:10.425 19507 19589 I LSPosed-Bridge: 	at m.ix.a(:com.google.android.gms.dynamite_measurementdynamite@233013028@23.30.13 (100400-0):6)

08-15 06:34:10.425 19507 19589 I LSPosed-Bridge: 	at m.ix.u(:com.google.android.gms.dynamite_measurementdynamite@233013028@23.30.13 (100400-0):1)

08-15 06:34:10.425 19507 19589 I LSPosed-Bridge: 	at m.lx.f(:com.google.android.gms.dynamite_measurementdynamite@233013028@23.30.13 (100400-0):48)

08-15 06:34:10.425 19507 19589 I LSPosed-Bridge: 	at m.kk.S(:com.google.android.gms.dynamite_measurementdynamite@233013028@23.30.13 (100400-0):132)

08-15 06:34:10.425 19507 19589 I LSPosed-Bridge: 	at m.kk.P(:com.google.android.gms.dynamite_measurementdynamite@233013028@23.30.13 (100400-0):85)

08-15 06:34:10.425 19507 19589 I LSPosed-Bridge: 	at m.kf.run(:com.google.android.gms.dynamite_measurementdynamite@233013028@23.30.13 (100400-0):6)

08-15 06:34:10.425 19507 19589 I LSPosed-Bridge: 	at java.util.concurrent.Executors$RunnableAdapter.call(Executors.java:458)

08-15 06:34:10.425 19507 19589 I LSPosed-Bridge: 	at java.util.concurrent.FutureTask.run(FutureTask.java:266)

08-15 06:34:10.425 19507 19589 I LSPosed-Bridge: 	at m.it.run(:com.google.android.gms.dynamite_measurementdynamite@233013028@23.30.13 (100400-0):48)

08-15 06:34:10.425  1516  8814 I LSPosed-Bridge: 19507 PermLabel 10141 AMS.checkPermission: Binder.getCallingPid() = 19507; uid = 10141; Binder.getCallingUid() = 10141; getNameForUid: com.voenix.emu; getPackagesForUid: [com.voenix.emu]; permName: android.permission.ACCESS_NETWORK_STATE; type = 0; res = 0; stacktrace=java.lang.Exception

08-15 06:34:10.425  1516  8814 I LSPosed-Bridge: 	at com.example.permlabel.requirePerm$1$2.afterHookedMethod(requirePerm.java:139)

08-15 06:34:10.425  1516  8814 I LSPosed-Bridge: 	at de.robv.android.xposed.XposedBridge$AdditionalHookInfo.callback(Unknown Source:147)

08-15 06:34:10.425  1516  8814 I LSPosed-Bridge: 	at LSPHooker_.checkPermission(Unknown Source:25)

08-15 06:34:10.425  1516  8814 I LSPosed-Bridge: 	at android.app.ContextImpl.checkPermission(ContextImpl.java:1751)

08-15 06:34:10.425  1516  8814 I LSPosed-Bridge: 	at android.app.ContextImpl.checkCallingOrSelfPermission(ContextImpl.java:1791)

08-15 06:34:10.425  1516  8814 I LSPosed-Bridge: 	at android.app.ContextImpl.enforceCallingOrSelfPermission(ContextImpl.java:1841)

08-15 06:34:10.425  1516  8814 I LSPosed-Bridge: 	at com.android.server.ConnectivityService.enforceAccessPermission(ConnectivityService.java:1672)

08-15 06:34:10.425  1516  8814 I LSPosed-Bridge: 	at com.android.server.ConnectivityService.isActiveNetworkMetered(ConnectivityService.java:1482)

08-15 06:34:10.425  1516  8814 I LSPosed-Bridge: 	at android.net.IConnectivityManager$Stub.onTransact(IConnectivityManager.java:304)

08-15 06:34:10.425  1516  8814 I LSPosed-Bridge: 	at android.os.Binder.execTransact(Binder.java:731)

08-15 06:34:10.425   563   563 I ConfigStore: android::hardware::configstore::V1_0::ISurfaceFlingerConfigs::hasHDRDisplay retrieved: 0

08-15 06:34:10.425  1516  7403 I LSPosed-Bridge: 19507 PermLabel 10141 AMS.checkPermission: Binder.getCallingPid() = 19507; uid = 10141; Binder.getCallingUid() = 10141; getNameForUid: com.voenix.emu; getPackagesForUid: [com.voenix.emu]; permName: android.permission.GET_TASKS; type = 0; res = -1; stacktrace=java.lang.Exception

08-15 06:34:10.425  1516  7403 I LSPosed-Bridge: 	at com.example.permlabel.requirePerm$1$2.afterHookedMethod(requirePerm.java:139)

08-15 06:34:10.425  1516  7403 I LSPosed-Bridge: 	at de.robv.android.xposed.XposedBridge$AdditionalHookInfo.callback(Unknown Source:147)

08-15 06:34:10.425  1516  7403 I LSPosed-Bridge: 	at LSPHooker_.checkPermission(Unknown Source:25)

08-15 06:34:10.425  1516  7403 I LSPosed-Bridge: 	at com.android.server.am.ActivityManagerService.isGetTasksAllowed(ActivityManagerService.java:10902)

08-15 06:34:10.425  1516  7403 I LSPosed-Bridge: 	at com.android.server.am.ActivityManagerService.getRunningAppProcesses(ActivityManagerService.java:16139)

08-15 06:34:10.425  1516  7403 I LSPosed-Bridge: 	at android.app.IActivityManager$Stub.onTransact(IActivityManager.java:1088)

08-15 06:34:10.425  1516  7403 I LSPosed-Bridge: 	at com.android.server.am.ActivityManagerService.onTransact(ActivityManagerService.java:3346)

08-15 06:34:10.425  1516  7403 I LSPosed-Bridge: 	at android.os.Binder.execTransact(Binder.java:731)

08-15 06:34:10.425 19507 19507 I LSPosed-Bridge: 19507 PermLabel hookBinder_test 10141 interfaceBinder =android.app.IActivityManager; arg0 = 49; arg1 = android.os.Parcel@fa065de; arg2 = android.os.Parcel@c2550c1; arg3 = 0; res = true; stacktrace=java.lang.Exception

08-15 06:34:10.425 19507 19507 I LSPosed-Bridge: 	at com.example.permlabel.hookBinder_test$1.afterHookedMethod(hookBinder_test.java:70)

08-15 06:34:10.425 19507 19507 I LSPosed-Bridge: 	at de.robv.android.xposed.XposedBridge$AdditionalHookInfo.callback(Unknown Source:147)

08-15 06:34:10.425 19507 19507 I LSPosed-Bridge: 	at LSPHooker_.transact(Unknown Source:28)

08-15 06:34:10.425 19507 19507 I LSPosed-Bridge: 	at android.app.IActivityManager$Stub$Proxy.checkPermission(IActivityManager.java:4722)

08-15 06:34:10.425 19507 19507 I LSPosed-Bridge: 	at android.app.ContextImpl.checkPermission(ContextImpl.java:1751)

08-15 06:34:10.425 19507 19507 I LSPosed-Bridge: 	at java.lang.reflect.Method.invoke(Native Method)

08-15 06:34:10.425 19507 19507 I LSPosed-Bridge: 	at org.lsposed.lspd.nativebridge.HookBridge.invokeOriginalMethod(Native Method)

08-15 06:34:10.425 19507 19507 I LSPosed-Bridge: 	at de.robv.android.xposed.XposedBridge$AdditionalHookInfo.callback(Unknown Source:110)

08-15 06:34:10.425 19507 19507 I LSPosed-Bridge: 	at LSPHooker_.checkPermission(Unknown Source:25)

08-15 06:34:10.425 19507 19507 I LSPosed-Bridge: 	at android.content.ContextWrapper.checkPermission(ContextWrapper.java:738)

08-15 06:34:10.425 19507 19507 I LSPosed-Bridge: 	at androidx.core.content.a.a(Unknown Source:41)

08-15 06:34:10.425 19507 19507 I LSPosed-Bridge: 	at y0.q.D(Unknown Source:8)

08-15 06:34:10.425 19507 19507 I LSPosed-Bridge: 	at y0.q.C(Unknown Source:54)

08-15 06:34:10.425 19507 19507 I LSPosed-Bridge: 	at y0.q.g(Unknown Source:108)

08-15 06:34:10.425 19507 19507 I LSPosed-Bridge: 	at i4.k$a.a(Unknown Source:17)

08-15 06:34:10.425 19507 19507 I LSPosed-Bridge: 	at w3.c.l(Unknown Source:18)

08-15 06:34:10.425 19507 19507 I LSPosed-Bridge: 	at w3.c.m(Unknown Source:40)

08-15 06:34:10.425 19507 19507 I LSPosed-Bridge: 	at w3.c.i(Unknown Source:0)

08-15 06:34:10.425 19507 19507 I LSPosed-Bridge: 	at w3.b.run(Unknown Source:12)

08-15 06:34:10.425 19507 19507 I LSPosed-Bridge: 	at android.os.Handler.handleCallback(Handler.java:873)

08-15 06:34:10.425 19507 19507 I LSPosed-Bridge: 	at android.os.Handler.dispatchMessage(Handler.java:99)

08-15 06:34:10.425 19507 19507 I LSPosed-Bridge: 	at android.os.Looper.loop(Looper.java:193)

08-15 06:34:10.425 19507 19507 I LSPosed-Bridge: 	at android.app.ActivityThread.main(ActivityThread.java:6692)

08-15 06:34:10.425 19507 19507 I LSPosed-Bridge: 	at java.lang.reflect.Method.invoke(Native Method)

08-15 06:34:10.425 19507 19507 I LSPosed-Bridge: 	at com.android.internal.os.RuntimeInit$MethodAndArgsCaller.run(RuntimeInit.java:493)

08-15 06:34:10.425 19507 19507 I LSPosed-Bridge: 	at com.android.internal.os.ZygoteInit.main(ZygoteInit.java:858)

08-15 06:34:15.938  1516  7403 I LSPosed-Bridge: 19507 PermLabel 10141 AMS.checkPermission: Binder.getCallingPid() = 19507; uid = 10141; Binder.getCallingUid() = 10141; getNameForUid: com.voenix.emu; getPackagesForUid: [com.voenix.emu]; permName: android.permission.GET_TASKS; type = 0; res = -1; stacktrace=java.lang.Exception

08-15 06:34:15.938  1516  7403 I LSPosed-Bridge: 	at com.example.permlabel.requirePerm$1$2.afterHookedMethod(requirePerm.java:139)

08-15 06:34:15.938  1516  7403 I LSPosed-Bridge: 	at de.robv.android.xposed.XposedBridge$AdditionalHookInfo.callback(Unknown Source:147)

08-15 06:34:15.938  1516  7403 I LSPosed-Bridge: 	at LSPHooker_.checkPermission(Unknown Source:25)

08-15 06:34:15.938  1516  7403 I LSPosed-Bridge: 	at com.android.server.am.ActivityManagerService.isGetTasksAllowed(ActivityManagerService.java:10902)

08-15 06:34:15.938  1516  7403 I LSPosed-Bridge: 	at com.android.server.am.ActivityManagerService.getRunningAppProcesses(ActivityManagerService.java:16139)

08-15 06:34:15.938  1516  7403 I LSPosed-Bridge: 	at android.app.IActivityManager$Stub.onTransact(IActivityManager.java:1088)

08-15 06:34:15.938  1516  7403 I LSPosed-Bridge: 	at com.android.server.am.ActivityManagerService.onTransact(ActivityManagerService.java:3346)

08-15 06:34:15.938  1516  7403 I LSPosed-Bridge: 	at android.os.Binder.execTransact(Binder.java:731)

08-15 06:34:21.621 19507 19507 I LSPosed-Bridge: 19507 PermLabel hookBinder_test 10141 interfaceBinder =android.app.IActivityManager; arg0 = 11; arg1 = android.os.Parcel@adb169c; arg2 = android.os.Parcel@164c60f; arg3 = 0; res = true; stacktrace=java.lang.Exception

08-15 06:34:21.621 19507 19507 I LSPosed-Bridge: 	at com.example.permlabel.hookBinder_test$1.afterHookedMethod(hookBinder_test.java:70)

08-15 06:34:21.621 19507 19507 I LSPosed-Bridge: 	at de.robv.android.xposed.XposedBridge$AdditionalHookInfo.callback(Unknown Source:147)

08-15 06:34:21.621 19507 19507 I LSPosed-Bridge: 	at LSPHooker_.transact(Unknown Source:28)

08-15 06:34:21.621 19507 19507 I LSPosed-Bridge: 	at android.app.IActivityManager$Stub$Proxy.broadcastIntent(IActivityManager.java:3893)

08-15 06:34:21.621 19507 19507 I LSPosed-Bridge: 	at android.app.ContextImpl.sendOrderedBroadcast(ContextImpl.java:1171)

08-15 06:34:21.621 19507 19507 I LSPosed-Bridge: 	at android.app.ContextImpl.sendOrderedBroadcast(ContextImpl.java:1122)

08-15 06:34:21.621 19507 19507 I LSPosed-Bridge: 	at android.content.ContextWrapper.sendOrderedBroadcast(ContextWrapper.java:489)

08-15 06:34:21.621 19507 19507 I LSPosed-Bridge: 	at y0.q.I(Unknown Source:50)

08-15 06:34:21.621 19507 19507 I LSPosed-Bridge: 	at y0.q.g(Unknown Source:123)

08-15 06:34:21.621 19507 19507 I LSPosed-Bridge: 	at i4.k$a.a(Unknown Source:17)

08-15 06:34:21.621 19507 19507 I LSPosed-Bridge: 	at w3.c.l(Unknown Source:18)

08-15 06:34:21.621 19507 19507 I LSPosed-Bridge: 	at w3.c.m(Unknown Source:40)

08-15 06:34:21.621 19507 19507 I LSPosed-Bridge: 	at w3.c.i(Unknown Source:0)

08-15 06:34:21.621 19507 19507 I LSPosed-Bridge: 	at w3.b.run(Unknown Source:12)

08-15 06:34:21.621 19507 19507 I LSPosed-Bridge: 	at android.os.Handler.handleCallback(Handler.java:873)

08-15 06:34:21.621 19507 19507 I LSPosed-Bridge: 	at android.os.Handler.dispatchMessage(Handler.java:99)

08-15 06:34:21.621 19507 19507 I LSPosed-Bridge: 	at android.os.Looper.loop(Looper.java:193)

08-15 06:34:21.621 19507 19507 I LSPosed-Bridge: 	at android.app.ActivityThread.main(ActivityThread.java:6692)

08-15 06:34:21.621 19507 19507 I LSPosed-Bridge: 	at java.lang.reflect.Method.invoke(Native Method)

08-15 06:34:21.621 19507 19507 I LSPosed-Bridge: 	at com.android.internal.os.RuntimeInit$MethodAndArgsCaller.run(RuntimeInit.java:493)

08-15 06:34:21.621 19507 19507 I LSPosed-Bridge: 	at com.android.internal.os.ZygoteInit.main(ZygoteInit.java:858)

08-15 06:34:21.621  1516  7403 I LSPosed-Bridge: 19507 PermLabel 10141 AMS.checkPermission: Binder.getCallingPid() = 19507; uid = 10141; Binder.getCallingUid() = 10141; getNameForUid: com.voenix.emu; getPackagesForUid: [com.voenix.emu]; permName: android.permission.GET_TASKS; type = 0; res = -1; stacktrace=java.lang.Exception

08-15 06:34:21.621  1516  7403 I LSPosed-Bridge: 	at com.example.permlabel.requirePerm$1$2.afterHookedMethod(requirePerm.java:139)

08-15 06:34:21.621  1516  7403 I LSPosed-Bridge: 	at de.robv.android.xposed.XposedBridge$AdditionalHookInfo.callback(Unknown Source:147)

08-15 06:34:21.621  1516  7403 I LSPosed-Bridge: 	at LSPHooker_.checkPermission(Unknown Source:25)

08-15 06:34:21.621  1516  7403 I LSPosed-Bridge: 	at com.android.server.am.ActivityManagerService.isGetTasksAllowed(ActivityManagerService.java:10902)

08-15 06:34:21.621  1516  7403 I LSPosed-Bridge: 	at com.android.server.am.ActivityManagerService.getRunningAppProcesses(ActivityManagerService.java:16139)

08-15 06:34:21.621  1516  7403 I LSPosed-Bridge: 	at android.app.IActivityManager$Stub.onTransact(IActivityManager.java:1088)

08-15 06:34:21.621  1516  7403 I LSPosed-Bridge: 	at com.android.server.am.ActivityManagerService.onTransact(ActivityManagerService.java:3346)

08-15 06:34:21.621  1516  7403 I LSPosed-Bridge: 	at android.os.Binder.execTransact(Binder.java:731)

08-15 06:34:21.621 19507 19589 I LSPosed-Bridge: 19507 PermLabel hookBinder_test 10141 interfaceBinder =android.content.pm.IPackageManager; arg0 = 13; arg1 = android.os.Parcel@4a2fe5b; arg2 = android.os.Parcel@45307aa; arg3 = 0; res = true; stacktrace=java.lang.Exception

08-15 06:34:21.621 19507 19589 I LSPosed-Bridge: 	at com.example.permlabel.hookBinder_test$1.afterHookedMethod(hookBinder_test.java:70)

08-15 06:34:21.621 19507 19589 I LSPosed-Bridge: 	at de.robv.android.xposed.XposedBridge$AdditionalHookInfo.callback(Unknown Source:147)

08-15 06:34:21.621 19507 19589 I LSPosed-Bridge: 	at LSPHooker_.transact(Unknown Source:28)

08-15 06:34:21.621 19507 19589 I LSPosed-Bridge: 	at android.content.pm.IPackageManager$Stub$Proxy.getApplicationInfo(IPackageManager.java:3104)

08-15 06:34:21.621 19507 19589 I LSPosed-Bridge: 	at android.app.ApplicationPackageManager.getApplicationInfoAsUser(ApplicationPackageManager.java:384)

08-15 06:34:21.621 19507 19589 I LSPosed-Bridge: 	at android.app.ApplicationPackageManager.getApplicationInfo(ApplicationPackageManager.java:377)

08-15 06:34:21.621 19507 19589 I LSPosed-Bridge: 	at m.cr.a(:com.google.android.gms.dynamite_measurementdynamite@233013028@23.30.13 (100400-0):7)

08-15 06:34:21.621 19507 19589 I LSPosed-Bridge: 	at m.ek.c(:com.google.android.gms.dynamite_measurementdynamite@233013028@23.30.13 (100400-0):42)

08-15 06:34:21.621 19507 19589 I LSPosed-Bridge: 	at m.ek.d(:com.google.android.gms.dynamite_measurementdynamite@233013028@23.30.13 (100400-0):4)

08-15 06:34:21.621 19507 19589 I LSPosed-Bridge: 	at m.lx.f(:com.google.android.gms.dynamite_measurementdynamite@233013028@23.30.13 (100400-0):74)

08-15 06:34:21.621 19507 19589 I LSPosed-Bridge: 	at m.kk.S(:com.google.android.gms.dynamite_measurementdynamite@233013028@23.30.13 (100400-0):132)

08-15 06:34:21.621 19507 19589 I LSPosed-Bridge: 	at m.kk.P(:com.google.android.gms.dynamite_measurementdynamite@233013028@23.30.13 (100400-0):85)

08-15 06:34:21.621 19507 19589 I LSPosed-Bridge: 	at m.kf.run(:com.google.android.gms.dynamite_measurementdynamite@233013028@23.30.13 (100400-0):6)

08-15 06:34:21.621 19507 19589 I LSPosed-Bridge: 	at java.util.concurrent.Executors$RunnableAdapter.call(Executors.java:458)

08-15 06:34:21.621 19507 19589 I LSPosed-Bridge: 	at java.util.concurrent.FutureTask.run(FutureTask.java:266)

08-15 06:34:21.621 19507 19589 I LSPosed-Bridge: 	at m.it.run(:com.google.android.gms.dynamite_measurementdynamite@233013028@23.30.13 (100400-0):48)

08-15 06:34:27.062  1516  1723 I LSPosed-Bridge: 19507 PermLabel 10141 AMS.checkPermission: Binder.getCallingPid() = 19507; uid = 10141; Binder.getCallingUid() = 10141; getNameForUid: com.voenix.emu; getPackagesForUid: [com.voenix.emu]; permName: android.permission.GET_TASKS; type = 0; res = -1; stacktrace=java.lang.Exception

08-15 06:34:27.062  1516  1723 I LSPosed-Bridge: 	at com.example.permlabel.requirePerm$1$2.afterHookedMethod(requirePerm.java:139)

08-15 06:34:27.062  1516  1723 I LSPosed-Bridge: 	at de.robv.android.xposed.XposedBridge$AdditionalHookInfo.callback(Unknown Source:147)

08-15 06:34:27.062  1516  1723 I LSPosed-Bridge: 	at LSPHooker_.checkPermission(Unknown Source:25)

08-15 06:34:27.062  1516  1723 I LSPosed-Bridge: 	at com.android.server.am.ActivityManagerService.isGetTasksAllowed(ActivityManagerService.java:10902)

08-15 06:34:27.062  1516  1723 I LSPosed-Bridge: 	at com.android.server.am.ActivityManagerService.getRunningAppProcesses(ActivityManagerService.java:16139)

08-15 06:34:27.062  1516  1723 I LSPosed-Bridge: 	at android.app.IActivityManager$Stub.onTransact(IActivityManager.java:1088)

08-15 06:34:27.062  1516  1723 I LSPosed-Bridge: 	at com.android.server.am.ActivityManagerService.onTransact(ActivityManagerService.java:3346)

08-15 06:34:27.062  1516  1723 I LSPosed-Bridge: 	at android.os.Binder.execTransact(Binder.java:731)

08-15 06:34:38.805  1516  3283 I LSPosed-Bridge: 19507 PermLabel 10141 AMS.checkPermission: Binder.getCallingPid() = 19507; uid = 10141; Binder.getCallingUid() = 10141; getNameForUid: com.voenix.emu; getPackagesForUid: [com.voenix.emu]; permName: android.permission.GET_TASKS; type = 0; res = -1; stacktrace=java.lang.Exception

08-15 06:34:38.805  1516  3283 I LSPosed-Bridge: 	at com.example.permlabel.requirePerm$1$2.afterHookedMethod(requirePerm.java:139)

08-15 06:34:38.805  1516  3283 I LSPosed-Bridge: 	at de.robv.android.xposed.XposedBridge$AdditionalHookInfo.callback(Unknown Source:147)

08-15 06:34:38.805  1516  3283 I LSPosed-Bridge: 	at LSPHooker_.checkPermission(Unknown Source:25)

08-15 06:34:38.805  1516  3283 I LSPosed-Bridge: 	at com.android.server.am.ActivityManagerService.isGetTasksAllowed(ActivityManagerService.java:10902)

08-15 06:34:38.805  1516  3283 I LSPosed-Bridge: 	at com.android.server.am.ActivityManagerService.getRunningAppProcesses(ActivityManagerService.java:16139)

08-15 06:34:38.805  1516  3283 I LSPosed-Bridge: 	at android.app.IActivityManager$Stub.onTransact(IActivityManager.java:1088)

08-15 06:34:38.805  1516  3283 I LSPosed-Bridge: 	at com.android.server.am.ActivityManagerService.onTransact(ActivityManagerService.java:3346)

08-15 06:34:38.805  1516  3283 I LSPosed-Bridge: 	at android.os.Binder.execTransact(Binder.java:731)

08-15 06:34:38.805 19507 19507 I LSPosed-Bridge: 19507 PermLabel hookBinder_test 10141 interfaceBinder =android.view.IWindowSession; arg0 = 6; arg1 = android.os.Parcel@6340194; arg2 = android.os.Parcel@ade93da; arg3 = 0; res = true; stacktrace=java.lang.Exception

08-15 06:34:38.805 19507 19507 I LSPosed-Bridge: 	at com.example.permlabel.hookBinder_test$1.afterHookedMethod(hookBinder_test.java:70)

08-15 06:34:38.805 19507 19507 I LSPosed-Bridge: 	at de.robv.android.xposed.XposedBridge$AdditionalHookInfo.callback(Unknown Source:147)

08-15 06:34:38.805 19507 19507 I LSPosed-Bridge: 	at LSPHooker_.transact(Unknown Source:28)

08-15 06:34:38.805 19507 19507 I LSPosed-Bridge: 	at android.view.IWindowSession$Stub$Proxy.relayout(IWindowSession.java:956)

08-15 06:34:38.805 19507 19507 I LSPosed-Bridge: 	at android.view.ViewRootImpl.relayoutWindow(ViewRootImpl.java:6568)

08-15 06:34:38.805 19507 19507 I LSPosed-Bridge: 	at android.view.ViewRootImpl.performTraversals(ViewRootImpl.java:2001)

08-15 06:34:38.805 19507 19507 I LSPosed-Bridge: 	at android.view.ViewRootImpl.doTraversal(ViewRootImpl.java:1465)

08-15 06:34:38.805 19507 19507 I LSPosed-Bridge: 	at android.view.ViewRootImpl$TraversalRunnable.run(ViewRootImpl.java:7205)

08-15 06:34:38.805 19507 19507 I LSPosed-Bridge: 	at android.view.Choreographer$CallbackRecord.run(Choreographer.java:1004)

08-15 06:34:38.805 19507 19507 I LSPosed-Bridge: 	at android.view.Choreographer.doCallbacks(Choreographer.java:816)

08-15 06:34:38.805 19507 19507 I LSPosed-Bridge: 	at android.view.Choreographer.doFrame(Choreographer.java:751)

08-15 06:34:38.805 19507 19507 I LSPosed-Bridge: 	at android.view.Choreographer$FrameDisplayEventReceiver.run(Choreographer.java:990)

08-15 06:34:38.805 19507 19507 I LSPosed-Bridge: 	at android.os.Handler.handleCallback(Handler.java:873)

08-15 06:34:38.805 19507 19507 I LSPosed-Bridge: 	at android.os.Handler.dispatchMessage(Handler.java:99)

08-15 06:34:38.805 19507 19507 I LSPosed-Bridge: 	at android.os.Looper.loop(Looper.java:193)

08-15 06:34:38.805 19507 19507 I LSPosed-Bridge: 	at android.app.ActivityThread.main(ActivityThread.java:6692)

08-15 06:34:38.805 19507 19507 I LSPosed-Bridge: 	at java.lang.reflect.Method.invoke(Native Method)

08-15 06:34:38.805 19507 19507 I LSPosed-Bridge: 	at com.android.internal.os.RuntimeInit$MethodAndArgsCaller.run(RuntimeInit.java:493)

08-15 06:34:38.805 19507 19507 I LSPosed-Bridge: 	at com.android.internal.os.ZygoteInit.main(ZygoteInit.java:858)

08-15 06:34:38.805   563   563 I ConfigStore: android::hardware::configstore::V1_0::ISurfaceFlingerConfigs::hasHDRDisplay retrieved: 0

08-15 06:34:44.496  1516  4393 I LSPosed-Bridge: 19507 PermLabel 10141 AMS.checkPermission: Binder.getCallingPid() = 19507; uid = 10141; Binder.getCallingUid() = 10141; getNameForUid: com.voenix.emu; getPackagesForUid: [com.voenix.emu]; permName: android.permission.GET_TASKS; type = 0; res = -1; stacktrace=java.lang.Exception

08-15 06:34:44.496  1516  4393 I LSPosed-Bridge: 	at com.example.permlabel.requirePerm$1$2.afterHookedMethod(requirePerm.java:139)

08-15 06:34:44.496  1516  4393 I LSPosed-Bridge: 	at de.robv.android.xposed.XposedBridge$AdditionalHookInfo.callback(Unknown Source:147)

08-15 06:34:44.496  1516  4393 I LSPosed-Bridge: 	at LSPHooker_.checkPermission(Unknown Source:25)

08-15 06:34:44.496  1516  4393 I LSPosed-Bridge: 	at com.android.server.am.ActivityManagerService.isGetTasksAllowed(ActivityManagerService.java:10902)

08-15 06:34:44.496  1516  4393 I LSPosed-Bridge: 	at com.android.server.am.ActivityManagerService.getRunningAppProcesses(ActivityManagerService.java:16139)

08-15 06:34:44.496  1516  4393 I LSPosed-Bridge: 	at android.app.IActivityManager$Stub.onTransact(IActivityManager.java:1088)

08-15 06:34:44.496  1516  4393 I LSPosed-Bridge: 	at com.android.server.am.ActivityManagerService.onTransact(ActivityManagerService.java:3346)

08-15 06:34:44.496  1516  4393 I LSPosed-Bridge: 	at android.os.Binder.execTransact(Binder.java:731)

08-15 06:34:50.815   563   563 I ConfigStore: android::hardware::configstore::V1_0::ISurfaceFlingerConfigs::hasHDRDisplay retrieved: 0

08-15 06:34:50.815  1516  1584 I LSPosed-Bridge: 19507 PermLabel 10141 AMS.checkPermission: Binder.getCallingPid() = 19507; uid = 10141; Binder.getCallingUid() = 10141; getNameForUid: com.voenix.emu; getPackagesForUid: [com.voenix.emu]; permName: android.permission.GET_TASKS; type = 0; res = -1; stacktrace=java.lang.Exception

08-15 06:34:50.815  1516  1584 I LSPosed-Bridge: 	at com.example.permlabel.requirePerm$1$2.afterHookedMethod(requirePerm.java:139)

08-15 06:34:50.815  1516  1584 I LSPosed-Bridge: 	at de.robv.android.xposed.XposedBridge$AdditionalHookInfo.callback(Unknown Source:147)

08-15 06:34:50.815  1516  1584 I LSPosed-Bridge: 	at LSPHooker_.checkPermission(Unknown Source:25)

08-15 06:34:50.815  1516  1584 I LSPosed-Bridge: 	at com.android.server.am.ActivityManagerService.isGetTasksAllowed(ActivityManagerService.java:10902)

08-15 06:34:50.815  1516  1584 I LSPosed-Bridge: 	at com.android.server.am.ActivityManagerService.getRunningAppProcesses(ActivityManagerService.java:16139)

08-15 06:34:50.815  1516  1584 I LSPosed-Bridge: 	at android.app.IActivityManager$Stub.onTransact(IActivityManager.java:1088)

08-15 06:34:50.815  1516  1584 I LSPosed-Bridge: 	at com.android.server.am.ActivityManagerService.onTransact(ActivityManagerService.java:3346)

08-15 06:34:50.815  1516  1584 I LSPosed-Bridge: 	at android.os.Binder.execTransact(Binder.java:731)

08-15 06:34:50.815   563   563 I ConfigStore: android::hardware::configstore::V1_0::ISurfaceFlingerConfigs::hasHDRDisplay retrieved: 0

08-15 06:34:56.481 19507 31192 I LSPosed-Bridge: 19507 PermLabel hookBinder_test 10141 interfaceBinder =android.net.IConnectivityManager; arg0 = 18; arg1 = android.os.Parcel@c6747c5; arg2 = android.os.Parcel@af47409; arg3 = 0; res = true; stacktrace=java.lang.Exception

08-15 06:34:56.481 19507 31192 I LSPosed-Bridge: 	at com.example.permlabel.hookBinder_test$1.afterHookedMethod(hookBinder_test.java:70)

08-15 06:34:56.481 19507 31192 I LSPosed-Bridge: 	at de.robv.android.xposed.XposedBridge$AdditionalHookInfo.callback(Unknown Source:147)

08-15 06:34:56.481 19507 31192 I LSPosed-Bridge: 	at LSPHooker_.transact(Unknown Source:28)

08-15 06:34:56.481 19507 31192 I LSPosed-Bridge: 	at android.net.IConnectivityManager$Stub$Proxy.isActiveNetworkMetered(IConnectivityManager.java:1541)

08-15 06:34:56.481 19507 31192 I LSPosed-Bridge: 	at android.net.ConnectivityManager.isActiveNetworkMetered(ConnectivityManager.java:2610)

08-15 06:34:56.481 19507 31192 I LSPosed-Bridge: 	at com.google.android.gms.ads.nonagon.signals.fx.call(:com.google.android.gms.policy_ads_fdr_dynamite@232400001@232400000057.538171701.538171701:68)

08-15 06:34:56.481 19507 31192 I LSPosed-Bridge: 	at btb.a(:com.google.android.gms.policy_ads_fdr_dynamite@232400001@232400000057.538171701.538171701:3)

08-15 06:34:56.481 19507 31192 I LSPosed-Bridge: 	at bsj.run(:com.google.android.gms.policy_ads_fdr_dynamite@232400001@232400000057.538171701.538171701:21)

08-15 06:34:56.481 19507 31192 I LSPosed-Bridge: 	at btc.run(:com.google.android.gms.policy_ads_fdr_dynamite@232400001@232400000057.538171701.538171701:5)

08-15 06:34:56.481 19507 31192 I LSPosed-Bridge: 	at java.util.concurrent.ThreadPoolExecutor.runWorker(ThreadPoolExecutor.java:1167)

08-15 06:34:56.481 19507 31192 I LSPosed-Bridge: 	at java.util.concurrent.ThreadPoolExecutor$Worker.run(ThreadPoolExecutor.java:641)

08-15 06:34:56.481 19507 31192 I LSPosed-Bridge: 	at java.lang.Thread.run(Thread.java:764)

08-15 06:34:56.481  1516  4423 I LSPosed-Bridge: 19507 PermLabel 10141 AMS.checkPermission: Binder.getCallingPid() = 19507; uid = 10141; Binder.getCallingUid() = 10141; getNameForUid: com.voenix.emu; getPackagesForUid: [com.voenix.emu]; permName: android.permission.GET_TASKS; type = 0; res = -1; stacktrace=java.lang.Exception

08-15 06:34:56.481  1516  4423 I LSPosed-Bridge: 	at com.example.permlabel.requirePerm$1$2.afterHookedMethod(requirePerm.java:139)

08-15 06:34:56.481  1516  4423 I LSPosed-Bridge: 	at de.robv.android.xposed.XposedBridge$AdditionalHookInfo.callback(Unknown Source:147)

08-15 06:34:56.481  1516  4423 I LSPosed-Bridge: 	at LSPHooker_.checkPermission(Unknown Source:25)

08-15 06:34:56.481  1516  4423 I LSPosed-Bridge: 	at com.android.server.am.ActivityManagerService.isGetTasksAllowed(ActivityManagerService.java:10902)

08-15 06:34:56.481  1516  4423 I LSPosed-Bridge: 	at com.android.server.am.ActivityManagerService.getRunningAppProcesses(ActivityManagerService.java:16139)

08-15 06:34:56.481  1516  4423 I LSPosed-Bridge: 	at android.app.IActivityManager$Stub.onTransact(IActivityManager.java:1088)

08-15 06:34:56.481  1516  4423 I LSPosed-Bridge: 	at com.android.server.am.ActivityManagerService.onTransact(ActivityManagerService.java:3346)

08-15 06:34:56.481  1516  4423 I LSPosed-Bridge: 	at android.os.Binder.execTransact(Binder.java:731)

08-15 06:34:56.481  1516  8814 W System.err: android.content.pm.PackageManager$NameNotFoundException: android.permission.BLUETOOTH_CONNECT

08-15 06:34:58.413  1516  4423 I LSPosed-Bridge: 19507 PermLabel 10141 AMS.checkPermission: Binder.getCallingPid() = 19507; uid = 10141; Binder.getCallingUid() = 10141; getNameForUid: com.voenix.emu; getPackagesForUid: [com.voenix.emu]; permName: android.permission.GET_TASKS; type = 0; res = -1; stacktrace=java.lang.Exception

08-15 06:34:58.413  1516  4423 I LSPosed-Bridge: 	at com.example.permlabel.requirePerm$1$2.afterHookedMethod(requirePerm.java:139)

08-15 06:34:58.413  1516  4423 I LSPosed-Bridge: 	at de.robv.android.xposed.XposedBridge$AdditionalHookInfo.callback(Unknown Source:147)

08-15 06:34:58.413  1516  4423 I LSPosed-Bridge: 	at LSPHooker_.checkPermission(Unknown Source:25)

08-15 06:34:58.413  1516  4423 I LSPosed-Bridge: 	at com.android.server.am.ActivityManagerService.isGetTasksAllowed(ActivityManagerService.java:10902)

08-15 06:34:58.413  1516  4423 I LSPosed-Bridge: 	at com.android.server.am.ActivityManagerService.getRunningAppProcesses(ActivityManagerService.java:16139)

08-15 06:34:58.413  1516  4423 I LSPosed-Bridge: 	at android.app.IActivityManager$Stub.onTransact(IActivityManager.java:1088)

08-15 06:34:58.413  1516  4423 I LSPosed-Bridge: 	at com.android.server.am.ActivityManagerService.onTransact(ActivityManagerService.java:3346)

08-15 06:34:58.413  1516  4423 I LSPosed-Bridge: 	at android.os.Binder.execTransact(Binder.java:731)

08-15 06:35:02.044  1516  8814 I LSPosed-Bridge: 19507 PermLabel 10141 AMS.checkPermission: Binder.getCallingPid() = 19507; uid = 10141; Binder.getCallingUid() = 10141; getNameForUid: com.voenix.emu; getPackagesForUid: [com.voenix.emu]; permName: android.permission.GET_TASKS; type = 0; res = -1; stacktrace=java.lang.Exception

08-15 06:35:02.044  1516  8814 I LSPosed-Bridge: 	at com.example.permlabel.requirePerm$1$2.afterHookedMethod(requirePerm.java:139)

08-15 06:35:02.044  1516  8814 I LSPosed-Bridge: 	at de.robv.android.xposed.XposedBridge$AdditionalHookInfo.callback(Unknown Source:147)

08-15 06:35:02.044  1516  8814 I LSPosed-Bridge: 	at LSPHooker_.checkPermission(Unknown Source:25)

08-15 06:35:02.044  1516  8814 I LSPosed-Bridge: 	at com.android.server.am.ActivityManagerService.isGetTasksAllowed(ActivityManagerService.java:10902)

08-15 06:35:02.044  1516  8814 I LSPosed-Bridge: 	at com.android.server.am.ActivityManagerService.getRunningAppProcesses(ActivityManagerService.java:16139)

08-15 06:35:02.044  1516  8814 I LSPosed-Bridge: 	at android.app.IActivityManager$Stub.onTransact(IActivityManager.java:1088)

08-15 06:35:02.044  1516  8814 I LSPosed-Bridge: 	at com.android.server.am.ActivityManagerService.onTransact(ActivityManagerService.java:3346)

08-15 06:35:02.044  1516  8814 I LSPosed-Bridge: 	at android.os.Binder.execTransact(Binder.java:731)

08-15 06:35:07.745  1516  3283 I LSPosed-Bridge: 19507 PermLabel 10141 AMS.checkPermission: Binder.getCallingPid() = 19507; uid = 10141; Binder.getCallingUid() = 10141; getNameForUid: com.voenix.emu; getPackagesForUid: [com.voenix.emu]; permName: android.permission.GET_TASKS; type = 0; res = -1; stacktrace=java.lang.Exception

08-15 06:35:07.745  1516  3283 I LSPosed-Bridge: 	at com.example.permlabel.requirePerm$1$2.afterHookedMethod(requirePerm.java:139)

08-15 06:35:07.745  1516  3283 I LSPosed-Bridge: 	at de.robv.android.xposed.XposedBridge$AdditionalHookInfo.callback(Unknown Source:147)

08-15 06:35:07.745  1516  3283 I LSPosed-Bridge: 	at LSPHooker_.checkPermission(Unknown Source:25)

08-15 06:35:07.745  1516  3283 I LSPosed-Bridge: 	at com.android.server.am.ActivityManagerService.isGetTasksAllowed(ActivityManagerService.java:10902)

08-15 06:35:07.745  1516  3283 I LSPosed-Bridge: 	at com.android.server.am.ActivityManagerService.getRunningAppProcesses(ActivityManagerService.java:16139)

08-15 06:35:07.745  1516  3283 I LSPosed-Bridge: 	at android.app.IActivityManager$Stub.onTransact(IActivityManager.java:1088)

08-15 06:35:07.745  1516  3283 I LSPosed-Bridge: 	at com.android.server.am.ActivityManagerService.onTransact(ActivityManagerService.java:3346)

08-15 06:35:07.745  1516  3283 I LSPosed-Bridge: 	at android.os.Binder.execTransact(Binder.java:731)

08-15 06:35:07.745 19507 19507 I LSPosed-Bridge: 19507 PermLabel hookBinder_test 10141 interfaceBinder =android.content.pm.IPackageManager; arg0 = 9; arg1 = android.os.Parcel@1f8be7e; arg2 = android.os.Parcel@7867839; arg3 = 0; res = true; stacktrace=java.lang.Exception

08-15 06:35:07.745 19507 19507 I LSPosed-Bridge: 	at com.example.permlabel.hookBinder_test$1.afterHookedMethod(hookBinder_test.java:70)

08-15 06:35:07.745 19507 19507 I LSPosed-Bridge: 	at de.robv.android.xposed.XposedBridge$AdditionalHookInfo.callback(Unknown Source:147)

08-15 06:35:07.745 19507 19507 I LSPosed-Bridge: 	at LSPHooker_.transact(Unknown Source:28)

08-15 06:35:07.745 19507 19507 I LSPosed-Bridge: 	at android.content.pm.IPackageManager$Stub$Proxy.getPermissionInfo(IPackageManager.java:3008)

08-15 06:35:07.745 19507 19507 I LSPosed-Bridge: 	at android.app.ApplicationPackageManager.getPermissionInfo(ApplicationPackageManager.java:306)

08-15 06:35:07.745 19507 19507 I LSPosed-Bridge: 	at com.example.permlabel.requestPerm$2.afterHookedMethod(requestPerm.java:191)

08-15 06:35:07.745 19507 19507 I LSPosed-Bridge: 	at de.robv.android.xposed.XposedBridge$AdditionalHookInfo.callback(Unknown Source:147)

08-15 06:35:07.745 19507 19507 I LSPosed-Bridge: 	at LSPHooker_.checkPermission(Unknown Source:25)

08-15 06:35:07.745 19507 19507 I LSPosed-Bridge: 	at android.content.ContextWrapper.checkPermission(ContextWrapper.java:738)

08-15 06:35:07.745 19507 19507 I LSPosed-Bridge: 	at androidx.core.content.a.a(Unknown Source:41)

08-15 06:35:07.745 19507 19507 I LSPosed-Bridge: 	at y0.q.D(Unknown Source:8)

08-15 06:35:07.745 19507 19507 I LSPosed-Bridge: 	at y0.q.C(Unknown Source:54)

08-15 06:35:07.745 19507 19507 I LSPosed-Bridge: 	at y0.q.g(Unknown Source:108)

08-15 06:35:07.745 19507 19507 I LSPosed-Bridge: 	at i4.k$a.a(Unknown Source:17)

08-15 06:35:07.745 19507 19507 I LSPosed-Bridge: 	at w3.c.l(Unknown Source:18)

08-15 06:35:07.745 19507 19507 I LSPosed-Bridge: 	at w3.c.m(Unknown Source:40)

08-15 06:35:07.745 19507 19507 I LSPosed-Bridge: 	at w3.c.i(Unknown Source:0)

08-15 06:35:07.745 19507 19507 I LSPosed-Bridge: 	at w3.b.run(Unknown Source:12)

08-15 06:35:07.745 19507 19507 I LSPosed-Bridge: 	at android.os.Handler.handleCallback(Handler.java:873)

08-15 06:35:07.745 19507 19507 I LSPosed-Bridge: 	at android.os.Handler.dispatchMessage(Handler.java:99)

08-15 06:35:07.745 19507 19507 I LSPosed-Bridge: 	at android.os.Looper.loop(Looper.java:193)

08-15 06:35:07.745 19507 19507 I LSPosed-Bridge: 	at android.app.ActivityThread.main(ActivityThread.java:6692)

08-15 06:35:07.745 19507 19507 I LSPosed-Bridge: 	at java.lang.reflect.Method.invoke(Native Method)

08-15 06:35:07.745 19507 19507 I LSPosed-Bridge: 	at com.android.internal.os.RuntimeInit$MethodAndArgsCaller.run(RuntimeInit.java:493)

08-15 06:35:07.745 19507 19507 I LSPosed-Bridge: 	at com.android.internal.os.ZygoteInit.main(ZygoteInit.java:858)

08-15 06:35:13.507  1516  2855 I LSPosed-Bridge: 19507 PermLabel 10141 AMS.checkPermission: Binder.getCallingPid() = 19507; uid = 10141; Binder.getCallingUid() = 10141; getNameForUid: com.voenix.emu; getPackagesForUid: [com.voenix.emu]; permName: android.permission.GET_TASKS; type = 0; res = -1; stacktrace=java.lang.Exception

08-15 06:35:13.507  1516  2855 I LSPosed-Bridge: 	at com.example.permlabel.requirePerm$1$2.afterHookedMethod(requirePerm.java:139)

08-15 06:35:13.507  1516  2855 I LSPosed-Bridge: 	at de.robv.android.xposed.XposedBridge$AdditionalHookInfo.callback(Unknown Source:147)

08-15 06:35:13.507  1516  2855 I LSPosed-Bridge: 	at LSPHooker_.checkPermission(Unknown Source:25)

08-15 06:35:13.507  1516  2855 I LSPosed-Bridge: 	at com.android.server.am.ActivityManagerService.isGetTasksAllowed(ActivityManagerService.java:10902)

08-15 06:35:13.507  1516  2855 I LSPosed-Bridge: 	at com.android.server.am.ActivityManagerService.getRunningAppProcesses(ActivityManagerService.java:16139)

08-15 06:35:13.507  1516  2855 I LSPosed-Bridge: 	at android.app.IActivityManager$Stub.onTransact(IActivityManager.java:1088)

08-15 06:35:13.507  1516  2855 I LSPosed-Bridge: 	at com.android.server.am.ActivityManagerService.onTransact(ActivityManagerService.java:3346)

08-15 06:35:13.507  1516  2855 I LSPosed-Bridge: 	at android.os.Binder.execTransact(Binder.java:731)

08-15 06:35:18.976  1516  8814 I LSPosed-Bridge: 19507 PermLabel 10141 AMS.checkPermission: Binder.getCallingPid() = 19507; uid = 10141; Binder.getCallingUid() = 10141; getNameForUid: com.voenix.emu; getPackagesForUid: [com.voenix.emu]; permName: android.permission.GET_TASKS; type = 0; res = -1; stacktrace=java.lang.Exception

08-15 06:35:18.976  1516  8814 I LSPosed-Bridge: 	at com.example.permlabel.requirePerm$1$2.afterHookedMethod(requirePerm.java:139)

08-15 06:35:18.976  1516  8814 I LSPosed-Bridge: 	at de.robv.android.xposed.XposedBridge$AdditionalHookInfo.callback(Unknown Source:147)

08-15 06:35:18.976  1516  8814 I LSPosed-Bridge: 	at LSPHooker_.checkPermission(Unknown Source:25)

08-15 06:35:18.976  1516  8814 I LSPosed-Bridge: 	at com.android.server.am.ActivityManagerService.isGetTasksAllowed(ActivityManagerService.java:10902)

08-15 06:35:18.976  1516  8814 I LSPosed-Bridge: 	at com.android.server.am.ActivityManagerService.getRunningAppProcesses(ActivityManagerService.java:16139)

08-15 06:35:18.976  1516  8814 I LSPosed-Bridge: 	at android.app.IActivityManager$Stub.onTransact(IActivityManager.java:1088)

08-15 06:35:18.976  1516  8814 I LSPosed-Bridge: 	at com.android.server.am.ActivityManagerService.onTransact(ActivityManagerService.java:3346)

08-15 06:35:18.976  1516  8814 I LSPosed-Bridge: 	at android.os.Binder.execTransact(Binder.java:731)

08-15 06:35:18.976   563   563 I ConfigStore: android::hardware::configstore::V1_0::ISurfaceFlingerConfigs::hasHDRDisplay retrieved: 0

08-15 06:35:18.976 19507 19589 I LSPosed-Bridge: 19507 PermLabel hookBinder_test 10141 interfaceBinder =android.content.pm.IPackageManager; arg0 = 13; arg1 = android.os.Parcel@7f07b3b; arg2 = android.os.Parcel@d7db2d3; arg3 = 0; res = true; stacktrace=java.lang.Exception

08-15 06:35:18.976 19507 19589 I LSPosed-Bridge: 	at com.example.permlabel.hookBinder_test$1.afterHookedMethod(hookBinder_test.java:70)

08-15 06:35:18.976 19507 19589 I LSPosed-Bridge: 	at de.robv.android.xposed.XposedBridge$AdditionalHookInfo.callback(Unknown Source:147)

08-15 06:35:18.976 19507 19589 I LSPosed-Bridge: 	at LSPHooker_.transact(Unknown Source:28)

08-15 06:35:18.976 19507 19589 I LSPosed-Bridge: 	at android.content.pm.IPackageManager$Stub$Proxy.getApplicationInfo(IPackageManager.java:3104)

08-15 06:35:18.976 19507 19589 I LSPosed-Bridge: 	at android.app.ApplicationPackageManager.getApplicationInfoAsUser(ApplicationPackageManager.java:384)

08-15 06:35:18.976 19507 19589 I LSPosed-Bridge: 	at android.app.ApplicationPackageManager.getApplicationInfo(ApplicationPackageManager.java:377)

08-15 06:35:18.976 19507 19589 I LSPosed-Bridge: 	at m.cr.a(:com.google.android.gms.dynamite_measurementdynamite@233013028@23.30.13 (100400-0):7)

08-15 06:35:18.976 19507 19589 I LSPosed-Bridge: 	at m.ek.c(:com.google.android.gms.dynamite_measurementdynamite@233013028@23.30.13 (100400-0):42)

08-15 06:35:18.976 19507 19589 I LSPosed-Bridge: 	at m.ek.d(:com.google.android.gms.dynamite_measurementdynamite@233013028@23.30.13 (100400-0):4)

08-15 06:35:18.976 19507 19589 I LSPosed-Bridge: 	at m.ek.f(:com.google.android.gms.dynamite_measurementdynamite@233013028@23.30.13 (100400-0):6)

08-15 06:35:18.976 19507 19589 I LSPosed-Bridge: 	at m.lx.f(:com.google.android.gms.dynamite_measurementdynamite@233013028@23.30.13 (100400-0):68)

08-15 06:35:18.976 19507 19589 I LSPosed-Bridge: 	at m.kk.S(:com.google.android.gms.dynamite_measurementdynamite@233013028@23.30.13 (100400-0):132)

08-15 06:35:18.976 19507 19589 I LSPosed-Bridge: 	at m.kk.P(:com.google.android.gms.dynamite_measurementdynamite@233013028@23.30.13 (100400-0):85)

08-15 06:35:18.976 19507 19589 I LSPosed-Bridge: 	at m.kf.run(:com.google.android.gms.dynamite_measurementdynamite@233013028@23.30.13 (100400-0):6)

08-15 06:35:18.976 19507 19589 I LSPosed-Bridge: 	at java.util.concurrent.Executors$RunnableAdapter.call(Executors.java:458)

08-15 06:35:18.976 19507 19589 I LSPosed-Bridge: 	at java.util.concurrent.FutureTask.run(FutureTask.java:266)

08-15 06:35:18.976 19507 19589 I LSPosed-Bridge: 	at m.it.run(:com.google.android.gms.dynamite_measurementdynamite@233013028@23.30.13 (100400-0):48)

08-15 06:35:18.976   563   563 I ConfigStore: android::hardware::configstore::V1_0::ISurfaceFlingerConfigs::hasHDRDisplay retrieved: 0

08-15 06:35:18.976 19507 31544 I LSPosed-Bridge: 19507 PermLabel hookBinder_test 10141 interfaceBinder =android.app.IActivityManager; arg0 = 81; arg1 = android.os.Parcel@1744ae3; arg2 = android.os.Parcel@13eca8e; arg3 = 0; res = true; stacktrace=java.lang.Exception

08-15 06:35:18.976 19507 31544 I LSPosed-Bridge: 	at com.example.permlabel.hookBinder_test$1.afterHookedMethod(hookBinder_test.java:70)

08-15 06:35:18.976 19507 31544 I LSPosed-Bridge: 	at de.robv.android.xposed.XposedBridge$AdditionalHookInfo.callback(Unknown Source:147)

08-15 06:35:18.976 19507 31544 I LSPosed-Bridge: 	at LSPHooker_.transact(Unknown Source:28)

08-15 06:35:18.976 19507 31544 I LSPosed-Bridge: 	at android.app.IActivityManager$Stub$Proxy.getRunningAppProcesses(IActivityManager.java:5366)

08-15 06:35:18.976 19507 31544 I LSPosed-Bridge: 	at android.app.ActivityManager.getRunningAppProcesses(ActivityManager.java:3435)

08-15 06:35:18.976 19507 31544 I LSPosed-Bridge: 	at java.lang.reflect.Method.invoke(Native Method)

08-15 06:35:18.976 19507 31544 I LSPosed-Bridge: 	at org.lsposed.lspd.nativebridge.HookBridge.invokeOriginalMethod(Native Method)

08-15 06:35:18.976 19507 31544 I LSPosed-Bridge: 	at de.robv.android.xposed.XposedBridge$AdditionalHookInfo.callback(Unknown Source:110)

08-15 06:35:18.976 19507 31544 I LSPosed-Bridge: 	at LSPHooker_.getRunningAppProcesses(Unknown Source:8)

08-15 06:35:18.976 19507 31544 I LSPosed-Bridge: 	at com.google.ccc.abuse.droidguard.DroidGuard.xssNative(Native Method)

08-15 06:35:18.976 19507 31544 I LSPosed-Bridge: 	at com.google.ccc.abuse.droidguard.DroidGuard.xss(DroidGuard.java:542)

08-15 06:35:18.976 19507 31544 I LSPosed-Bridge: 	at java.lang.reflect.Method.invoke(Native Method)

08-15 06:35:18.976 19507 31544 I LSPosed-Bridge: 	at asd.j(:com.google.android.gms.policy_ads_fdr_dynamite@232400001@232400000057.538171701.538171701:40)

08-15 06:35:18.976 19507 31544 I LSPosed-Bridge: 	at asd.f(:com.google.android.gms.policy_ads_fdr_dynamite@232400001@232400000057.538171701.538171701:183)

08-15 06:35:18.976 19507 31544 I LSPosed-Bridge: 	at aef.f(:com.google.android.gms.policy_ads_fdr_dynamite@232400001@232400000057.538171701.538171701:38)

08-15 06:35:18.976 19507 31544 I LSPosed-Bridge: 	at com.google.android.gms.ads.internal.i.g(:com.google.android.gms.policy_ads_fdr_dynamite@232400001@232400000057.538171701.538171701:20)

08-15 06:35:18.976 19507 31544 I LSPosed-Bridge: 	at com.google.android.gms.ads.internal.i.f(:com.google.android.gms.policy_ads_fdr_dynamite@232400001@232400000057.538171701.538171701:2)

08-15 06:35:18.976 19507 31544 I LSPosed-Bridge: 	at com.google.android.gms.ads.nonagon.load.g.call(:com.google.android.gms.policy_ads_fdr_dynamite@232400001@232400000057.538171701.538171701:7)

08-15 06:35:18.976 19507 31544 I LSPosed-Bridge: 	at btb.a(:com.google.android.gms.policy_ads_fdr_dynamite@232400001@232400000057.538171701.538171701:3)

08-15 06:35:18.976 19507 31544 I LSPosed-Bridge: 	at bsj.run(:com.google.android.gms.policy_ads_fdr_dynamite@232400001@232400000057.538171701.538171701:21)

08-15 06:35:18.976 19507 31544 I LSPosed-Bridge: 	at btc.run(:com.google.android.gms.policy_ads_fdr_dynamite@232400001@232400000057.538171701.538171701:5)

08-15 06:35:18.976 19507 31544 I LSPosed-Bridge: 	at java.util.concurrent.ThreadPoolExecutor.runWorker(ThreadPoolExecutor.java:1167)

08-15 06:35:18.976 19507 31544 I LSPosed-Bridge: 	at java.util.concurrent.ThreadPoolExecutor$Worker.run(ThreadPoolExecutor.java:641)

08-15 06:35:18.976 19507 31544 I LSPosed-Bridge: 	at java.lang.Thread.run(Thread.java:764)

08-15 06:35:18.976 19507 31544 I LSPosed-Bridge: 19507 PermLabel getRunningAppProcesses =android.app.ActivityManager$RunningAppProcessInfo@7e19017

08-15 06:35:24.642 19507  2347 I LSPosed-Bridge: 19507 PermLabel hookBinder_test 10141 interfaceBinder =com.android.internal.telephony.ITelephony; arg0 = 73; arg1 = android.os.Parcel@4581c2d; arg2 = android.os.Parcel@4c2a336; arg3 = 0; res = true; stacktrace=java.lang.Exception

08-15 06:35:24.642 19507  2347 I LSPosed-Bridge: 	at com.example.permlabel.hookBinder_test$1.afterHookedMethod(hookBinder_test.java:70)

08-15 06:35:24.642 19507  2347 I LSPosed-Bridge: 	at de.robv.android.xposed.XposedBridge$AdditionalHookInfo.callback(Unknown Source:147)

08-15 06:35:24.642 19507  2347 I LSPosed-Bridge: 	at LSPHooker_.transact(Unknown Source:28)

08-15 06:35:24.642 19507  2347 I LSPosed-Bridge: 	at com.android.internal.telephony.ITelephony$Stub$Proxy.getNetworkType(ITelephony.java:3764)

08-15 06:35:24.642 19507  2347 I LSPosed-Bridge: 	at android.telephony.TelephonyManager.getNetworkType(TelephonyManager.java:1986)

08-15 06:35:24.642 19507  2347 I LSPosed-Bridge: 	at com.google.android.gms.ads.internal.util.x.m(:com.google.android.gms.policy_ads_fdr_dynamite@232400001@232400000057.538171701.538171701:9)

08-15 06:35:24.642 19507  2347 I LSPosed-Bridge: 	at com.google.android.gms.ads.nonagon.signals.fx.call(:com.google.android.gms.policy_ads_fdr_dynamite@232400001@232400000057.538171701.538171701:87)

08-15 06:35:24.642 19507  2347 I LSPosed-Bridge: 	at btb.a(:com.google.android.gms.policy_ads_fdr_dynamite@232400001@232400000057.538171701.538171701:3)

08-15 06:35:24.642 19507  2347 I LSPosed-Bridge: 	at bsj.run(:com.google.android.gms.policy_ads_fdr_dynamite@232400001@232400000057.538171701.538171701:21)

08-15 06:35:24.642 19507  2347 I LSPosed-Bridge: 	at btc.run(:com.google.android.gms.policy_ads_fdr_dynamite@232400001@232400000057.538171701.538171701:5)

08-15 06:35:24.642 19507  2347 I LSPosed-Bridge: 	at java.util.concurrent.ThreadPoolExecutor.runWorker(ThreadPoolExecutor.java:1167)

08-15 06:35:24.642 19507  2347 I LSPosed-Bridge: 	at java.util.concurrent.ThreadPoolExecutor$Worker.run(ThreadPoolExecutor.java:641)

08-15 06:35:24.642 19507  2347 I LSPosed-Bridge: 	at java.lang.Thread.run(Thread.java:764)

08-15 06:35:24.642   563   563 I ConfigStore: android::hardware::configstore::V1_0::ISurfaceFlingerConfigs::hasHDRDisplay retrieved: 0

08-15 06:35:24.642  1516  3283 I LSPosed-Bridge: 19507 PermLabel 10141 AMS.checkPermission: Binder.getCallingPid() = 19507; uid = 10141; Binder.getCallingUid() = 10141; getNameForUid: com.voenix.emu; getPackagesForUid: [com.voenix.emu]; permName: android.permission.GET_TASKS; type = 0; res = -1; stacktrace=java.lang.Exception

08-15 06:35:24.642  1516  3283 I LSPosed-Bridge: 	at com.example.permlabel.requirePerm$1$2.afterHookedMethod(requirePerm.java:139)

08-15 06:35:24.642  1516  3283 I LSPosed-Bridge: 	at de.robv.android.xposed.XposedBridge$AdditionalHookInfo.callback(Unknown Source:147)

08-15 06:35:24.642  1516  3283 I LSPosed-Bridge: 	at LSPHooker_.checkPermission(Unknown Source:25)

08-15 06:35:24.642  1516  3283 I LSPosed-Bridge: 	at com.android.server.am.ActivityManagerService.isGetTasksAllowed(ActivityManagerService.java:10902)

08-15 06:35:24.642  1516  3283 I LSPosed-Bridge: 	at com.android.server.am.ActivityManagerService.getRunningAppProcesses(ActivityManagerService.java:16139)

08-15 06:35:24.642  1516  3283 I LSPosed-Bridge: 	at android.app.IActivityManager$Stub.onTransact(IActivityManager.java:1088)

08-15 06:35:24.642  1516  3283 I LSPosed-Bridge: 	at com.android.server.am.ActivityManagerService.onTransact(ActivityManagerService.java:3346)

08-15 06:35:24.642  1516  3283 I LSPosed-Bridge: 	at android.os.Binder.execTransact(Binder.java:731)

08-15 06:35:30.213 19507 31544 I LSPosed-Bridge: 19507 PermLabel hookBinder_test 10141 interfaceBinder =com.android.internal.telephony.ITelephony; arg0 = 49; arg1 = android.os.Parcel@3eb19a; arg2 = android.os.Parcel@5f26ce0; arg3 = 0; res = true; stacktrace=java.lang.Exception

08-15 06:35:30.213 19507 31544 I LSPosed-Bridge: 	at com.example.permlabel.hookBinder_test$1.afterHookedMethod(hookBinder_test.java:70)

08-15 06:35:30.213 19507 31544 I LSPosed-Bridge: 	at de.robv.android.xposed.XposedBridge$AdditionalHookInfo.callback(Unknown Source:147)

08-15 06:35:30.213 19507 31544 I LSPosed-Bridge: 	at LSPHooker_.transact(Unknown Source:28)

08-15 06:35:30.213 19507 31544 I LSPosed-Bridge: 	at com.android.internal.telephony.ITelephony$Stub$Proxy.getActivePhoneTypeForSlot(ITelephony.java:3276)

08-15 06:35:30.213 19507 31544 I LSPosed-Bridge: 	at android.telephony.TelephonyManager.getCurrentPhoneTypeForSlot(TelephonyManager.java:1555)

