08-12 09:20:50.809  1570  7674 I LSPosed-Bridge: 11059 PermLabel 10126 AMS.checkPermission: Binder.getCallingPid() = 11059; uid = 10126; Binder.getCallingUid() = 10126; getNameForUid: com.feilong.zaitian; getPackagesForUid: [com.feilong.zaitian]; permName: android.permission.GET_TASKS; type = 0; res = -1; stacktrace=java.lang.Exception

08-12 09:20:50.809  1570  7674 I LSPosed-Bridge: 	at com.example.permlabel.requirePerm$1$2.afterHookedMethod(requirePerm.java:132)

08-12 09:20:50.809  1570  7674 I LSPosed-Bridge: 	at de.robv.android.xposed.XposedBridge$AdditionalHookInfo.callback(Unknown Source:147)

08-12 09:20:50.809  1570  7674 I LSPosed-Bridge: 	at LSPHooker_.checkPermission(Unknown Source:25)

08-12 09:20:50.809  1570  7674 I LSPosed-Bridge: 	at com.android.server.am.ActivityManagerService.isGetTasksAllowed(ActivityManagerService.java:10902)

08-12 09:20:50.809  1570  7674 I LSPosed-Bridge: 	at com.android.server.am.ActivityManagerService.getRunningAppProcesses(ActivityManagerService.java:16139)

08-12 09:20:50.809  1570  7674 I LSPosed-Bridge: 	at android.app.IActivityManager$Stub.onTransact(IActivityManager.java:1088)

08-12 09:20:50.809  1570  7674 I LSPosed-Bridge: 	at com.android.server.am.ActivityManagerService.onTransact(ActivityManagerService.java:3346)

08-12 09:20:50.809  1570  7674 I LSPosed-Bridge: 	at android.os.Binder.execTransact(Binder.java:731)

08-12 09:20:58.422  1570  2787 I LSPosed-Bridge: 11059 PermLabel 10126 AMS.checkPermission: Binder.getCallingPid() = 11059; uid = 10126; Binder.getCallingUid() = 10126; getNameForUid: com.feilong.zaitian; getPackagesForUid: [com.feilong.zaitian]; permName: android.permission.GET_TASKS; type = 0; res = -1; stacktrace=java.lang.Exception

08-12 09:20:58.422  1570  2787 I LSPosed-Bridge: 	at com.example.permlabel.requirePerm$1$2.afterHookedMethod(requirePerm.java:132)

08-12 09:20:58.422  1570  2787 I LSPosed-Bridge: 	at de.robv.android.xposed.XposedBridge$AdditionalHookInfo.callback(Unknown Source:147)

08-12 09:20:58.422  1570  2787 I LSPosed-Bridge: 	at LSPHooker_.checkPermission(Unknown Source:25)

08-12 09:20:58.422  1570  2787 I LSPosed-Bridge: 	at com.android.server.am.ActivityManagerService.isGetTasksAllowed(ActivityManagerService.java:10902)

08-12 09:20:58.422  1570  2787 I LSPosed-Bridge: 	at com.android.server.am.ActivityManagerService.getRunningAppProcesses(ActivityManagerService.java:16139)

08-12 09:20:58.422  1570  2787 I LSPosed-Bridge: 	at android.app.IActivityManager$Stub.onTransact(IActivityManager.java:1088)

08-12 09:20:58.422  1570  2787 I LSPosed-Bridge: 	at com.android.server.am.ActivityManagerService.onTransact(ActivityManagerService.java:3346)

08-12 09:20:58.422  1570  2787 I LSPosed-Bridge: 	at android.os.Binder.execTransact(Binder.java:731)

08-12 09:21:49.660  1570  7706 I LSPosed-Bridge: 11059 PermLabel 10126 AMS.checkPermission: Binder.getCallingPid() = 11059; uid = 10126; Binder.getCallingUid() = 10126; getNameForUid: com.feilong.zaitian; getPackagesForUid: [com.feilong.zaitian]; permName: android.permission.GET_TASKS; type = 0; res = -1; stacktrace=java.lang.Exception

08-12 09:21:49.660  1570  7706 I LSPosed-Bridge: 	at com.example.permlabel.requirePerm$1$2.afterHookedMethod(requirePerm.java:132)

08-12 09:21:49.660  1570  7706 I LSPosed-Bridge: 	at de.robv.android.xposed.XposedBridge$AdditionalHookInfo.callback(Unknown Source:147)

08-12 09:21:49.660  1570  7706 I LSPosed-Bridge: 	at LSPHooker_.checkPermission(Unknown Source:25)

08-12 09:21:49.660  1570  7706 I LSPosed-Bridge: 	at com.android.server.am.ActivityManagerService.isGetTasksAllowed(ActivityManagerService.java:10902)

08-12 09:21:49.660  1570  7706 I LSPosed-Bridge: 	at com.android.server.am.ActivityManagerService.getRunningAppProcesses(ActivityManagerService.java:16139)

08-12 09:21:49.660  1570  7706 I LSPosed-Bridge: 	at android.app.IActivityManager$Stub.onTransact(IActivityManager.java:1088)

08-12 09:21:49.660  1570  7706 I LSPosed-Bridge: 	at com.android.server.am.ActivityManagerService.onTransact(ActivityManagerService.java:3346)

08-12 09:21:49.660  1570  7706 I LSPosed-Bridge: 	at android.os.Binder.execTransact(Binder.java:731)

08-12 09:21:57.119  1570  1591 I LSPosed-Bridge: 11059 PermLabel 10126 AMS.checkPermission: Binder.getCallingPid() = 11059; uid = 10126; Binder.getCallingUid() = 10126; getNameForUid: com.feilong.zaitian; getPackagesForUid: [com.feilong.zaitian]; permName: android.permission.GET_TASKS; type = 0; res = -1; stacktrace=java.lang.Exception

08-12 09:21:57.119  1570  1591 I LSPosed-Bridge: 	at com.example.permlabel.requirePerm$1$2.afterHookedMethod(requirePerm.java:132)

08-12 09:21:57.119  1570  1591 I LSPosed-Bridge: 	at de.robv.android.xposed.XposedBridge$AdditionalHookInfo.callback(Unknown Source:147)

08-12 09:21:57.119  1570  1591 I LSPosed-Bridge: 	at LSPHooker_.checkPermission(Unknown Source:25)

08-12 09:21:57.119  1570  1591 I LSPosed-Bridge: 	at com.android.server.am.ActivityManagerService.isGetTasksAllowed(ActivityManagerService.java:10902)

08-12 09:21:57.119  1570  1591 I LSPosed-Bridge: 	at com.android.server.am.ActivityManagerService.getRunningAppProcesses(ActivityManagerService.java:16139)

08-12 09:21:57.119  1570  1591 I LSPosed-Bridge: 	at android.app.IActivityManager$Stub.onTransact(IActivityManager.java:1088)

08-12 09:21:57.119  1570  1591 I LSPosed-Bridge: 	at com.android.server.am.ActivityManagerService.onTransact(ActivityManagerService.java:3346)

08-12 09:21:57.119  1570  1591 I LSPosed-Bridge: 	at android.os.Binder.execTransact(Binder.java:731)

08-12 09:21:57.119 11059 11059 I LSPosed-Bridge: 11059 PermLabel hookBinder_test 10126 interfaceBinder =android.app.IActivityManager; arg0 = 81; arg1 = android.os.Parcel@db9fdc2; arg2 = android.os.Parcel@f08d16e; arg3 = 0; res = true; stacktrace=java.lang.Exception

08-12 09:21:57.119 11059 11059 I LSPosed-Bridge: 	at com.example.permlabel.hookBinder_test$1.afterHookedMethod(hookBinder_test.java:63)

08-12 09:21:57.119 11059 11059 I LSPosed-Bridge: 	at de.robv.android.xposed.XposedBridge$AdditionalHookInfo.callback(Unknown Source:147)

08-12 09:21:57.119 11059 11059 I LSPosed-Bridge: 	at LSPHooker_.transact(Unknown Source:28)

08-12 09:21:57.119 11059 11059 I LSPosed-Bridge: 	at android.app.IActivityManager$Stub$Proxy.getRunningAppProcesses(IActivityManager.java:5366)

08-12 09:21:57.119 11059 11059 I LSPosed-Bridge: 	at android.app.ActivityManager.getRunningAppProcesses(ActivityManager.java:3435)

08-12 09:21:57.119 11059 11059 I LSPosed-Bridge: 	at java.lang.reflect.Method.invoke(Native Method)

08-12 09:21:57.119 11059 11059 I LSPosed-Bridge: 	at org.lsposed.lspd.nativebridge.HookBridge.invokeOriginalMethod(Native Method)

08-12 09:21:57.119 11059 11059 I LSPosed-Bridge: 	at de.robv.android.xposed.XposedBridge$AdditionalHookInfo.callback(Unknown Source:110)

08-12 09:21:57.119 11059 11059 I LSPosed-Bridge: 	at LSPHooker_.getRunningAppProcesses(Unknown Source:8)

08-12 09:21:57.119 11059 11059 I LSPosed-Bridge: 	at com.feilong.zaitian.j.p0.g(StringUtils.java:4)

08-12 09:21:57.119 11059 11059 I LSPosed-Bridge: 	at com.feilong.zaitian.ui.activity.MainActivity.i(MainActivity.java:1)

08-12 09:21:57.119 11059 11059 I LSPosed-Bridge: 	at com.feilong.zaitian.ui.activity.MainActivity.j(Unknown Source:0)

08-12 09:21:57.119 11059 11059 I LSPosed-Bridge: 	at com.feilong.zaitian.ui.activity.i.run(Unknown Source:2)

08-12 09:21:57.119 11059 11059 I LSPosed-Bridge: 	at android.os.Handler.handleCallback(Handler.java:873)

08-12 09:21:57.119 11059 11059 I LSPosed-Bridge: 	at android.os.Handler.dispatchMessage(Handler.java:99)

08-12 09:21:57.119 11059 11059 I LSPosed-Bridge: 	at android.os.Looper.loop(Looper.java:193)

08-12 09:21:57.119 11059 11059 I LSPosed-Bridge: 	at android.app.ActivityThread.main(ActivityThread.java:6692)

08-12 09:21:57.119 11059 11059 I LSPosed-Bridge: 	at java.lang.reflect.Method.invoke(Native Method)

08-12 09:21:57.119 11059 11059 I LSPosed-Bridge: 	at com.android.internal.os.RuntimeInit$MethodAndArgsCaller.run(RuntimeInit.java:493)

08-12 09:21:57.119 11059 11059 I LSPosed-Bridge: 	at com.android.internal.os.ZygoteInit.main(ZygoteInit.java:858)

08-12 09:21:57.119 11059 11059 I LSPosed-Bridge: 11059 PermLabel getRunningAppProcesses =android.app.ActivityManager$RunningAppProcessInfo@88be2f9

08-12 09:21:57.119 11059 11059 I LSPosed-Bridge: 11059 PermLabel getRunningAppProcesses processName: com.feilong.zaitian pid: 11059

08-12 09:21:57.119 11059 11059 I LSPosed-Bridge: 11059 PermLabel getRunningAppProcesses importance: 100 pid: 11059

08-12 09:21:57.119 11059 11059 I LSPosed-Bridge: 11059 PermLabel getRunningAppProcesses packageName com.feilong.zaitian at index 0 in process 11059

08-12 09:21:57.119 11059 11059 I LSPosed-Bridge: 11059 PermLabel permName: android.permission.READ_PHONE_STATE; getRunningAppProcesses =[android.app.ActivityManager$RunningAppProcessInfo@88be2f9]; stacktrace=java.lang.Exception

08-12 09:21:57.119 11059 11059 I LSPosed-Bridge: 	at com.example.permlabel.hookBinder_test$2.afterHookedMethod(hookBinder_test.java:103)

08-12 09:21:57.119 11059 11059 I LSPosed-Bridge: 	at de.robv.android.xposed.XposedBridge$AdditionalHookInfo.callback(Unknown Source:147)

08-12 09:21:57.119 11059 11059 I LSPosed-Bridge: 	at LSPHooker_.getRunningAppProcesses(Unknown Source:8)

08-12 09:21:57.119 11059 11059 I LSPosed-Bridge: 	at com.feilong.zaitian.j.p0.g(StringUtils.java:4)

08-12 09:21:57.119 11059 11059 I LSPosed-Bridge: 	at com.feilong.zaitian.ui.activity.MainActivity.i(MainActivity.java:1)

08-12 09:21:57.119 11059 11059 I LSPosed-Bridge: 	at com.feilong.zaitian.ui.activity.MainActivity.j(Unknown Source:0)

08-12 09:21:57.119 11059 11059 I LSPosed-Bridge: 	at com.feilong.zaitian.ui.activity.i.run(Unknown Source:2)

08-12 09:21:57.119 11059 11059 I LSPosed-Bridge: 	at android.os.Handler.handleCallback(Handler.java:873)

08-12 09:21:57.119 11059 11059 I LSPosed-Bridge: 	at android.os.Handler.dispatchMessage(Handler.java:99)

08-12 09:21:57.119 11059 11059 I LSPosed-Bridge: 	at android.os.Looper.loop(Looper.java:193)

08-12 09:21:57.119 11059 11059 I LSPosed-Bridge: 	at android.app.ActivityThread.main(ActivityThread.java:6692)

08-12 09:21:57.119 11059 11059 I LSPosed-Bridge: 	at java.lang.reflect.Method.invoke(Native Method)

08-12 09:21:57.119 11059 11059 I LSPosed-Bridge: 	at com.android.internal.os.RuntimeInit$MethodAndArgsCaller.run(RuntimeInit.java:493)

08-12 09:21:57.119 11059 11059 I LSPosed-Bridge: 	at com.android.internal.os.ZygoteInit.main(ZygoteInit.java:858)

08-12 09:22:04.378  1570  1591 I LSPosed-Bridge: 11059 PermLabel 10126 AMS.checkPermission: Binder.getCallingPid() = 11059; uid = 10126; Binder.getCallingUid() = 10126; getNameForUid: com.feilong.zaitian; getPackagesForUid: [com.feilong.zaitian]; permName: android.permission.GET_TASKS; type = 0; res = -1; stacktrace=java.lang.Exception

08-12 09:22:04.378  1570  1591 I LSPosed-Bridge: 	at com.example.permlabel.requirePerm$1$2.afterHookedMethod(requirePerm.java:132)

08-12 09:22:04.378  1570  1591 I LSPosed-Bridge: 	at de.robv.android.xposed.XposedBridge$AdditionalHookInfo.callback(Unknown Source:147)

08-12 09:22:04.378  1570  1591 I LSPosed-Bridge: 	at LSPHooker_.checkPermission(Unknown Source:25)

08-12 09:22:04.378  1570  1591 I LSPosed-Bridge: 	at com.android.server.am.ActivityManagerService.isGetTasksAllowed(ActivityManagerService.java:10902)

08-12 09:22:04.378  1570  1591 I LSPosed-Bridge: 	at com.android.server.am.ActivityManagerService.getRunningAppProcesses(ActivityManagerService.java:16139)

08-12 09:22:04.378  1570  1591 I LSPosed-Bridge: 	at android.app.IActivityManager$Stub.onTransact(IActivityManager.java:1088)

08-12 09:22:04.378  1570  1591 I LSPosed-Bridge: 	at com.android.server.am.ActivityManagerService.onTransact(ActivityManagerService.java:3346)

08-12 09:22:04.378  1570  1591 I LSPosed-Bridge: 	at android.os.Binder.execTransact(Binder.java:731)

08-12 09:22:04.378 11059 11059 I LSPosed-Bridge: 11059 PermLabel hookBinder_test 10126 interfaceBinder =android.app.IActivityManager; arg0 = 81; arg1 = android.os.Parcel@62c2394; arg2 = android.os.Parcel@c7d9964; arg3 = 0; res = true; stacktrace=java.lang.Exception

08-12 09:22:04.378 11059 11059 I LSPosed-Bridge: 	at com.example.permlabel.hookBinder_test$1.afterHookedMethod(hookBinder_test.java:63)

08-12 09:22:04.378 11059 11059 I LSPosed-Bridge: 	at de.robv.android.xposed.XposedBridge$AdditionalHookInfo.callback(Unknown Source:147)

08-12 09:22:04.378 11059 11059 I LSPosed-Bridge: 	at LSPHooker_.transact(Unknown Source:28)

08-12 09:22:04.378 11059 11059 I LSPosed-Bridge: 	at android.app.IActivityManager$Stub$Proxy.getRunningAppProcesses(IActivityManager.java:5366)

08-12 09:22:04.378 11059 11059 I LSPosed-Bridge: 	at android.app.ActivityManager.getRunningAppProcesses(ActivityManager.java:3435)

08-12 09:22:04.378 11059 11059 I LSPosed-Bridge: 	at java.lang.reflect.Method.invoke(Native Method)

08-12 09:22:04.378 11059 11059 I LSPosed-Bridge: 	at org.lsposed.lspd.nativebridge.HookBridge.invokeOriginalMethod(Native Method)

08-12 09:22:04.378 11059 11059 I LSPosed-Bridge: 	at de.robv.android.xposed.XposedBridge$AdditionalHookInfo.callback(Unknown Source:110)

08-12 09:22:04.378 11059 11059 I LSPosed-Bridge: 	at LSPHooker_.getRunningAppProcesses(Unknown Source:8)

08-12 09:22:04.378 11059 11059 I LSPosed-Bridge: 	at com.feilong.zaitian.j.p0.g(StringUtils.java:4)

08-12 09:22:04.378 11059 11059 I LSPosed-Bridge: 	at com.feilong.zaitian.ui.activity.MainActivity.i(MainActivity.java:1)

08-12 09:22:04.378 11059 11059 I LSPosed-Bridge: 	at com.feilong.zaitian.ui.activity.MainActivity.j(Unknown Source:0)

08-12 09:22:04.378 11059 11059 I LSPosed-Bridge: 	at com.feilong.zaitian.ui.activity.i.run(Unknown Source:2)

08-12 09:22:04.378 11059 11059 I LSPosed-Bridge: 	at android.os.Handler.handleCallback(Handler.java:873)

08-12 09:22:04.378 11059 11059 I LSPosed-Bridge: 	at android.os.Handler.dispatchMessage(Handler.java:99)

08-12 09:22:04.378 11059 11059 I LSPosed-Bridge: 	at android.os.Looper.loop(Looper.java:193)

08-12 09:22:04.378 11059 11059 I LSPosed-Bridge: 	at android.app.ActivityThread.main(ActivityThread.java:6692)

08-12 09:22:04.378 11059 11059 I LSPosed-Bridge: 	at java.lang.reflect.Method.invoke(Native Method)

08-12 09:22:04.378 11059 11059 I LSPosed-Bridge: 	at com.android.internal.os.RuntimeInit$MethodAndArgsCaller.run(RuntimeInit.java:493)

08-12 09:22:04.378 11059 11059 I LSPosed-Bridge: 	at com.android.internal.os.ZygoteInit.main(ZygoteInit.java:858)

08-12 09:22:04.378 11059 11059 I LSPosed-Bridge: 11059 PermLabel getRunningAppProcesses =android.app.ActivityManager$RunningAppProcessInfo@718eba4

08-12 09:22:04.378 11059 11059 I LSPosed-Bridge: 11059 PermLabel getRunningAppProcesses processName: com.feilong.zaitian pid: 11059

08-12 09:22:04.378 11059 11059 I LSPosed-Bridge: 11059 PermLabel getRunningAppProcesses importance: 100 pid: 11059

08-12 09:22:04.378 11059 11059 I LSPosed-Bridge: 11059 PermLabel getRunningAppProcesses packageName com.feilong.zaitian at index 0 in process 11059

08-12 09:22:19.334  1570  1591 I LSPosed-Bridge: 11059 PermLabel 10126 AMS.checkPermission: Binder.getCallingPid() = 11059; uid = 10126; Binder.getCallingUid() = 10126; getNameForUid: com.feilong.zaitian; getPackagesForUid: [com.feilong.zaitian]; permName: android.permission.GET_TASKS; type = 0; res = -1; stacktrace=java.lang.Exception

08-12 09:22:19.334  1570  1591 I LSPosed-Bridge: 	at com.example.permlabel.requirePerm$1$2.afterHookedMethod(requirePerm.java:132)

08-12 09:22:19.334  1570  1591 I LSPosed-Bridge: 	at de.robv.android.xposed.XposedBridge$AdditionalHookInfo.callback(Unknown Source:147)

08-12 09:22:19.334  1570  1591 I LSPosed-Bridge: 	at LSPHooker_.checkPermission(Unknown Source:25)

08-12 09:22:19.334  1570  1591 I LSPosed-Bridge: 	at com.android.server.am.ActivityManagerService.isGetTasksAllowed(ActivityManagerService.java:10902)

08-12 09:22:19.334  1570  1591 I LSPosed-Bridge: 	at com.android.server.am.ActivityManagerService.getRunningAppProcesses(ActivityManagerService.java:16139)

08-12 09:22:19.334  1570  1591 I LSPosed-Bridge: 	at android.app.IActivityManager$Stub.onTransact(IActivityManager.java:1088)

08-12 09:22:19.334  1570  1591 I LSPosed-Bridge: 	at com.android.server.am.ActivityManagerService.onTransact(ActivityManagerService.java:3346)

08-12 09:22:19.334  1570  1591 I LSPosed-Bridge: 	at android.os.Binder.execTransact(Binder.java:731)

08-12 09:22:33.667   561   561 I ConfigStore: android::hardware::configstore::V1_0::ISurfaceFlingerConfigs::hasHDRDisplay retrieved: 0

08-12 09:22:33.667  1570  1849 I LSPosed-Bridge: 11059 PermLabel 10126 AMS.checkPermission: Binder.getCallingPid() = 11059; uid = 10126; Binder.getCallingUid() = 10126; getNameForUid: com.feilong.zaitian; getPackagesForUid: [com.feilong.zaitian]; permName: android.permission.GET_TASKS; type = 0; res = -1; stacktrace=java.lang.Exception

08-12 09:22:33.667  1570  1849 I LSPosed-Bridge: 	at com.example.permlabel.requirePerm$1$2.afterHookedMethod(requirePerm.java:132)

08-12 09:22:33.667  1570  1849 I LSPosed-Bridge: 	at de.robv.android.xposed.XposedBridge$AdditionalHookInfo.callback(Unknown Source:147)

08-12 09:22:33.667  1570  1849 I LSPosed-Bridge: 	at LSPHooker_.checkPermission(Unknown Source:25)

08-12 09:22:33.667  1570  1849 I LSPosed-Bridge: 	at com.android.server.am.ActivityManagerService.isGetTasksAllowed(ActivityManagerService.java:10902)

08-12 09:22:33.667  1570  1849 I LSPosed-Bridge: 	at com.android.server.am.ActivityManagerService.getRunningAppProcesses(ActivityManagerService.java:16139)

08-12 09:22:33.667  1570  1849 I LSPosed-Bridge: 	at android.app.IActivityManager$Stub.onTransact(IActivityManager.java:1088)

08-12 09:22:33.667  1570  1849 I LSPosed-Bridge: 	at com.android.server.am.ActivityManagerService.onTransact(ActivityManagerService.java:3346)

08-12 09:22:33.667  1570  1849 I LSPosed-Bridge: 	at android.os.Binder.execTransact(Binder.java:731)

08-12 09:22:40.991   561   561 I ConfigStore: android::hardware::configstore::V1_0::ISurfaceFlingerConfigs::hasHDRDisplay retrieved: 0

08-12 09:22:40.991  1570  1849 I LSPosed-Bridge: 11059 PermLabel 10126 AMS.checkPermission: Binder.getCallingPid() = 11059; uid = 10126; Binder.getCallingUid() = 10126; getNameForUid: com.feilong.zaitian; getPackagesForUid: [com.feilong.zaitian]; permName: android.permission.GET_TASKS; type = 0; res = -1; stacktrace=java.lang.Exception

08-12 09:22:40.991  1570  1849 I LSPosed-Bridge: 	at com.example.permlabel.requirePerm$1$2.afterHookedMethod(requirePerm.java:132)

08-12 09:22:40.991  1570  1849 I LSPosed-Bridge: 	at de.robv.android.xposed.XposedBridge$AdditionalHookInfo.callback(Unknown Source:147)

08-12 09:22:40.991  1570  1849 I LSPosed-Bridge: 	at LSPHooker_.checkPermission(Unknown Source:25)

08-12 09:22:40.991  1570  1849 I LSPosed-Bridge: 	at com.android.server.am.ActivityManagerService.isGetTasksAllowed(ActivityManagerService.java:10902)

08-12 09:22:40.991  1570  1849 I LSPosed-Bridge: 	at com.android.server.am.ActivityManagerService.getRunningAppProcesses(ActivityManagerService.java:16139)

08-12 09:22:40.991  1570  1849 I LSPosed-Bridge: 	at android.app.IActivityManager$Stub.onTransact(IActivityManager.java:1088)

08-12 09:22:40.991  1570  1849 I LSPosed-Bridge: 	at com.android.server.am.ActivityManagerService.onTransact(ActivityManagerService.java:3346)

08-12 09:22:40.991  1570  1849 I LSPosed-Bridge: 	at android.os.Binder.execTransact(Binder.java:731)

08-12 09:22:40.991  1733  1733 W BatteryMeterDrawableBase: readFile cmd from/sys/class/power_supply/usb/charger_type data -> prop = 0

08-12 09:22:40.991 11059 11059 I LSPosed-Bridge: 11059 PermLabel hookBinder_test 10126 interfaceBinder =android.app.IActivityManager; arg0 = 81; arg1 = android.os.Parcel@416d013; arg2 = android.os.Parcel@b62e8b; arg3 = 0; res = true; stacktrace=java.lang.Exception

08-12 09:22:40.991 11059 11059 I LSPosed-Bridge: 	at com.example.permlabel.hookBinder_test$1.afterHookedMethod(hookBinder_test.java:63)

08-12 09:22:40.991 11059 11059 I LSPosed-Bridge: 	at de.robv.android.xposed.XposedBridge$AdditionalHookInfo.callback(Unknown Source:147)

08-12 09:22:40.991 11059 11059 I LSPosed-Bridge: 	at LSPHooker_.transact(Unknown Source:28)

08-12 09:22:40.991 11059 11059 I LSPosed-Bridge: 	at android.app.IActivityManager$Stub$Proxy.getRunningAppProcesses(IActivityManager.java:5366)

08-12 09:22:40.991 11059 11059 I LSPosed-Bridge: 	at android.app.ActivityManager.getRunningAppProcesses(ActivityManager.java:3435)

08-12 09:22:40.991 11059 11059 I LSPosed-Bridge: 	at java.lang.reflect.Method.invoke(Native Method)

08-12 09:22:40.991 11059 11059 I LSPosed-Bridge: 	at org.lsposed.lspd.nativebridge.HookBridge.invokeOriginalMethod(Native Method)

08-12 09:22:40.991 11059 11059 I LSPosed-Bridge: 	at de.robv.android.xposed.XposedBridge$AdditionalHookInfo.callback(Unknown Source:110)

08-12 09:22:40.991 11059 11059 I LSPosed-Bridge: 	at LSPHooker_.getRunningAppProcesses(Unknown Source:8)

08-12 09:22:40.991 11059 11059 I LSPosed-Bridge: 	at com.feilong.zaitian.j.p0.g(StringUtils.java:4)

08-12 09:22:40.991 11059 11059 I LSPosed-Bridge: 	at com.feilong.zaitian.ui.activity.MainActivity.i(MainActivity.java:1)

08-12 09:22:40.991 11059 11059 I LSPosed-Bridge: 	at com.feilong.zaitian.ui.activity.MainActivity.j(Unknown Source:0)

08-12 09:22:40.991 11059 11059 I LSPosed-Bridge: 	at com.feilong.zaitian.ui.activity.i.run(Unknown Source:2)

08-12 09:22:40.991 11059 11059 I LSPosed-Bridge: 	at android.os.Handler.handleCallback(Handler.java:873)

08-12 09:22:40.991 11059 11059 I LSPosed-Bridge: 	at android.os.Handler.dispatchMessage(Handler.java:99)

08-12 09:22:40.991 11059 11059 I LSPosed-Bridge: 	at android.os.Looper.loop(Looper.java:193)

08-12 09:22:40.991 11059 11059 I LSPosed-Bridge: 	at android.app.ActivityThread.main(ActivityThread.java:6692)

08-12 09:22:40.991 11059 11059 I LSPosed-Bridge: 	at java.lang.reflect.Method.invoke(Native Method)

08-12 09:22:40.991 11059 11059 I LSPosed-Bridge: 	at com.android.internal.os.RuntimeInit$MethodAndArgsCaller.run(RuntimeInit.java:493)

08-12 09:22:40.991 11059 11059 I LSPosed-Bridge: 	at com.android.internal.os.ZygoteInit.main(ZygoteInit.java:858)

08-12 09:22:40.991  1733  1733 W BatteryMeterDrawableBase:  isQuickCharging = 0

08-12 09:22:43.895  1570  1590 I LSPosed-Bridge: 11059 PermLabel 10126 AMS.checkPermission: Binder.getCallingPid() = 11059; uid = 10126; Binder.getCallingUid() = 10126; getNameForUid: com.feilong.zaitian; getPackagesForUid: [com.feilong.zaitian]; permName: android.permission.GET_TASKS; type = 0; res = -1; stacktrace=java.lang.Exception

08-12 09:22:43.895  1570  1590 I LSPosed-Bridge: 	at com.example.permlabel.requirePerm$1$2.afterHookedMethod(requirePerm.java:132)

08-12 09:22:43.895  1570  1590 I LSPosed-Bridge: 	at de.robv.android.xposed.XposedBridge$AdditionalHookInfo.callback(Unknown Source:147)

08-12 09:22:43.895  1570  1590 I LSPosed-Bridge: 	at LSPHooker_.checkPermission(Unknown Source:25)

08-12 09:22:43.895  1570  1590 I LSPosed-Bridge: 	at com.android.server.am.ActivityManagerService.isGetTasksAllowed(ActivityManagerService.java:10902)

08-12 09:22:43.895  1570  1590 I LSPosed-Bridge: 	at com.android.server.am.ActivityManagerService.getRunningAppProcesses(ActivityManagerService.java:16139)

08-12 09:22:43.895  1570  1590 I LSPosed-Bridge: 	at android.app.IActivityManager$Stub.onTransact(IActivityManager.java:1088)

08-12 09:22:43.895  1570  1590 I LSPosed-Bridge: 	at com.android.server.am.ActivityManagerService.onTransact(ActivityManagerService.java:3346)

08-12 09:22:43.895  1570  1590 I LSPosed-Bridge: 	at android.os.Binder.execTransact(Binder.java:731)

08-12 09:22:47.468   561   561 I chatty  : uid=1000(system) /system/bin/surfaceflinger identical 1 line

08-12 09:22:47.468   561   561 I ConfigStore: android::hardware::configstore::V1_0::ISurfaceFlingerConfigs::hasHDRDisplay retrieved: 0

08-12 09:22:47.468  1570  7706 I LSPosed-Bridge: 11059 PermLabel 10126 AMS.checkPermission: Binder.getCallingPid() = 11059; uid = 10126; Binder.getCallingUid() = 10126; getNameForUid: com.feilong.zaitian; getPackagesForUid: [com.feilong.zaitian]; permName: android.permission.GET_TASKS; type = 0; res = -1; stacktrace=java.lang.Exception

08-12 09:22:47.468  1570  7706 I LSPosed-Bridge: 	at com.example.permlabel.requirePerm$1$2.afterHookedMethod(requirePerm.java:132)

08-12 09:22:47.468  1570  7706 I LSPosed-Bridge: 	at de.robv.android.xposed.XposedBridge$AdditionalHookInfo.callback(Unknown Source:147)

08-12 09:22:47.468  1570  7706 I LSPosed-Bridge: 	at LSPHooker_.checkPermission(Unknown Source:25)

08-12 09:22:47.468  1570  7706 I LSPosed-Bridge: 	at com.android.server.am.ActivityManagerService.isGetTasksAllowed(ActivityManagerService.java:10902)

08-12 09:22:47.468  1570  7706 I LSPosed-Bridge: 	at com.android.server.am.ActivityManagerService.getRunningAppProcesses(ActivityManagerService.java:16139)

08-12 09:22:47.468  1570  7706 I LSPosed-Bridge: 	at android.app.IActivityManager$Stub.onTransact(IActivityManager.java:1088)

08-12 09:22:47.468  1570  7706 I LSPosed-Bridge: 	at com.android.server.am.ActivityManagerService.onTransact(ActivityManagerService.java:3346)

08-12 09:22:47.468  1570  7706 I LSPosed-Bridge: 	at android.os.Binder.execTransact(Binder.java:731)

08-12 09:22:50.395   561   561 I ConfigStore: android::hardware::configstore::V1_0::ISurfaceFlingerConfigs::hasHDRDisplay retrieved: 0

08-12 09:22:50.395  1570  1590 I LSPosed-Bridge: 11059 PermLabel 10126 AMS.checkPermission: Binder.getCallingPid() = 11059; uid = 10126; Binder.getCallingUid() = 10126; getNameForUid: com.feilong.zaitian; getPackagesForUid: [com.feilong.zaitian]; permName: android.permission.GET_TASKS; type = 0; res = -1; stacktrace=java.lang.Exception

08-12 09:22:50.395  1570  1590 I LSPosed-Bridge: 	at com.example.permlabel.requirePerm$1$2.afterHookedMethod(requirePerm.java:132)

08-12 09:22:50.395  1570  1590 I LSPosed-Bridge: 	at de.robv.android.xposed.XposedBridge$AdditionalHookInfo.callback(Unknown Source:147)

08-12 09:22:50.395  1570  1590 I LSPosed-Bridge: 	at LSPHooker_.checkPermission(Unknown Source:25)

08-12 09:22:50.395  1570  1590 I LSPosed-Bridge: 	at com.android.server.am.ActivityManagerService.isGetTasksAllowed(ActivityManagerService.java:10902)

08-12 09:22:50.395  1570  1590 I LSPosed-Bridge: 	at com.android.server.am.ActivityManagerService.getRunningAppProcesses(ActivityManagerService.java:16139)

08-12 09:22:50.395  1570  1590 I LSPosed-Bridge: 	at android.app.IActivityManager$Stub.onTransact(IActivityManager.java:1088)

08-12 09:22:50.395  1570  1590 I LSPosed-Bridge: 	at com.android.server.am.ActivityManagerService.onTransact(ActivityManagerService.java:3346)

08-12 09:22:50.395  1570  1590 I LSPosed-Bridge: 	at android.os.Binder.execTransact(Binder.java:731)

08-12 09:22:50.395   561   561 I ConfigStore: android::hardware::configstore::V1_0::ISurfaceFlingerConfigs::hasHDRDisplay retrieved: 0

08-12 09:23:13.763  1570  1849 I LSPosed-Bridge: 11059 PermLabel 10126 AMS.checkPermission: Binder.getCallingPid() = 11059; uid = 10126; Binder.getCallingUid() = 10126; getNameForUid: com.feilong.zaitian; getPackagesForUid: [com.feilong.zaitian]; permName: android.permission.GET_TASKS; type = 0; res = -1; stacktrace=java.lang.Exception

08-12 09:23:13.763  1570  1849 I LSPosed-Bridge: 	at com.example.permlabel.requirePerm$1$2.afterHookedMethod(requirePerm.java:132)

08-12 09:23:13.763  1570  1849 I LSPosed-Bridge: 	at de.robv.android.xposed.XposedBridge$AdditionalHookInfo.callback(Unknown Source:147)

08-12 09:23:13.763  1570  1849 I LSPosed-Bridge: 	at LSPHooker_.checkPermission(Unknown Source:25)

08-12 09:23:13.763  1570  1849 I LSPosed-Bridge: 	at com.android.server.am.ActivityManagerService.isGetTasksAllowed(ActivityManagerService.java:10902)

08-12 09:23:13.763  1570  1849 I LSPosed-Bridge: 	at com.android.server.am.ActivityManagerService.getRunningAppProcesses(ActivityManagerService.java:16139)

08-12 09:23:13.763  1570  1849 I LSPosed-Bridge: 	at android.app.IActivityManager$Stub.onTransact(IActivityManager.java:1088)

08-12 09:23:13.763  1570  1849 I LSPosed-Bridge: 	at com.android.server.am.ActivityManagerService.onTransact(ActivityManagerService.java:3346)

08-12 09:23:13.763  1570  1849 I LSPosed-Bridge: 	at android.os.Binder.execTransact(Binder.java:731)

08-12 09:23:28.301  1570  1709 I LSPosed-Bridge: 11059 PermLabel 10126 AMS.checkPermission: Binder.getCallingPid() = 11059; uid = 10126; Binder.getCallingUid() = 10126; getNameForUid: com.feilong.zaitian; getPackagesForUid: [com.feilong.zaitian]; permName: android.permission.GET_TASKS; type = 0; res = -1; stacktrace=java.lang.Exception

08-12 09:23:28.301  1570  1709 I LSPosed-Bridge: 	at com.example.permlabel.requirePerm$1$2.afterHookedMethod(requirePerm.java:132)

08-12 09:23:28.301  1570  1709 I LSPosed-Bridge: 	at de.robv.android.xposed.XposedBridge$AdditionalHookInfo.callback(Unknown Source:147)

08-12 09:23:28.301  1570  1709 I LSPosed-Bridge: 	at LSPHooker_.checkPermission(Unknown Source:25)

08-12 09:23:28.301  1570  1709 I LSPosed-Bridge: 	at com.android.server.am.ActivityManagerService.isGetTasksAllowed(ActivityManagerService.java:10902)

08-12 09:23:28.301  1570  1709 I LSPosed-Bridge: 	at com.android.server.am.ActivityManagerService.getRunningAppProcesses(ActivityManagerService.java:16139)

08-12 09:23:28.301  1570  1709 I LSPosed-Bridge: 	at android.app.IActivityManager$Stub.onTransact(IActivityManager.java:1088)

08-12 09:23:28.301  1570  1709 I LSPosed-Bridge: 	at com.android.server.am.ActivityManagerService.onTransact(ActivityManagerService.java:3346)

08-12 09:23:28.301  1570  1709 I LSPosed-Bridge: 	at android.os.Binder.execTransact(Binder.java:731)

08-12 09:23:35.358  1570  1591 I LSPosed-Bridge: 11059 PermLabel 10126 AMS.checkPermission: Binder.getCallingPid() = 11059; uid = 10126; Binder.getCallingUid() = 10126; getNameForUid: com.feilong.zaitian; getPackagesForUid: [com.feilong.zaitian]; permName: android.permission.GET_TASKS; type = 0; res = -1; stacktrace=java.lang.Exception

08-12 09:23:35.358  1570  1591 I LSPosed-Bridge: 	at com.example.permlabel.requirePerm$1$2.afterHookedMethod(requirePerm.java:132)

08-12 09:23:35.358  1570  1591 I LSPosed-Bridge: 	at de.robv.android.xposed.XposedBridge$AdditionalHookInfo.callback(Unknown Source:147)

08-12 09:23:35.358  1570  1591 I LSPosed-Bridge: 	at LSPHooker_.checkPermission(Unknown Source:25)

08-12 09:23:35.358  1570  1591 I LSPosed-Bridge: 	at com.android.server.am.ActivityManagerService.isGetTasksAllowed(ActivityManagerService.java:10902)

08-12 09:23:35.358  1570  1591 I LSPosed-Bridge: 	at com.android.server.am.ActivityManagerService.getRunningAppProcesses(ActivityManagerService.java:16139)

08-12 09:23:35.358  1570  1591 I LSPosed-Bridge: 	at android.app.IActivityManager$Stub.onTransact(IActivityManager.java:1088)

08-12 09:23:35.358  1570  1591 I LSPosed-Bridge: 	at com.android.server.am.ActivityManagerService.onTransact(ActivityManagerService.java:3346)

08-12 09:23:35.358  1570  1591 I LSPosed-Bridge: 	at android.os.Binder.execTransact(Binder.java:731)

08-12 09:23:38.364  1570  7706 I LSPosed-Bridge: 11059 PermLabel 10126 AMS.checkPermission: Binder.getCallingPid() = 11059; uid = 10126; Binder.getCallingUid() = 10126; getNameForUid: com.feilong.zaitian; getPackagesForUid: [com.feilong.zaitian]; permName: android.permission.GET_TASKS; type = 0; res = -1; stacktrace=java.lang.Exception

08-12 09:23:38.364  1570  7706 I LSPosed-Bridge: 	at com.example.permlabel.requirePerm$1$2.afterHookedMethod(requirePerm.java:132)

08-12 09:23:38.364  1570  7706 I LSPosed-Bridge: 	at de.robv.android.xposed.XposedBridge$AdditionalHookInfo.callback(Unknown Source:147)

08-12 09:23:38.364  1570  7706 I LSPosed-Bridge: 	at LSPHooker_.checkPermission(Unknown Source:25)

08-12 09:23:38.364  1570  7706 I LSPosed-Bridge: 	at com.android.server.am.ActivityManagerService.isGetTasksAllowed(ActivityManagerService.java:10902)

08-12 09:23:38.364  1570  7706 I LSPosed-Bridge: 	at com.android.server.am.ActivityManagerService.getRunningAppProcesses(ActivityManagerService.java:16139)

08-12 09:23:38.364  1570  7706 I LSPosed-Bridge: 	at android.app.IActivityManager$Stub.onTransact(IActivityManager.java:1088)

08-12 09:23:38.364  1570  7706 I LSPosed-Bridge: 	at com.android.server.am.ActivityManagerService.onTransact(ActivityManagerService.java:3346)

08-12 09:23:38.364  1570  7706 I LSPosed-Bridge: 	at android.os.Binder.execTransact(Binder.java:731)

08-12 09:23:41.979  1570  1709 I LSPosed-Bridge: 11059 PermLabel 10126 AMS.checkPermission: Binder.getCallingPid() = 11059; uid = 10126; Binder.getCallingUid() = 10126; getNameForUid: com.feilong.zaitian; getPackagesForUid: [com.feilong.zaitian]; permName: android.permission.GET_TASKS; type = 0; res = -1; stacktrace=java.lang.Exception

08-12 09:23:41.979  1570  1709 I LSPosed-Bridge: 	at com.example.permlabel.requirePerm$1$2.afterHookedMethod(requirePerm.java:132)

08-12 09:23:41.979  1570  1709 I LSPosed-Bridge: 	at de.robv.android.xposed.XposedBridge$AdditionalHookInfo.callback(Unknown Source:147)

08-12 09:23:41.979  1570  1709 I LSPosed-Bridge: 	at LSPHooker_.checkPermission(Unknown Source:25)

08-12 09:23:41.979  1570  1709 I LSPosed-Bridge: 	at com.android.server.am.ActivityManagerService.isGetTasksAllowed(ActivityManagerService.java:10902)

08-12 09:23:41.979  1570  1709 I LSPosed-Bridge: 	at com.android.server.am.ActivityManagerService.getRunningAppProcesses(ActivityManagerService.java:16139)

08-12 09:23:41.979  1570  1709 I LSPosed-Bridge: 	at android.app.IActivityManager$Stub.onTransact(IActivityManager.java:1088)

08-12 09:23:41.979  1570  1709 I LSPosed-Bridge: 	at com.android.server.am.ActivityManagerService.onTransact(ActivityManagerService.java:3346)

08-12 09:23:41.979  1570  1709 I LSPosed-Bridge: 	at android.os.Binder.execTransact(Binder.java:731)

08-12 09:23:44.945  1570  2787 I LSPosed-Bridge: 11059 PermLabel 10126 AMS.checkPermission: Binder.getCallingPid() = 11059; uid = 10126; Binder.getCallingUid() = 10126; getNameForUid: com.feilong.zaitian; getPackagesForUid: [com.feilong.zaitian]; permName: android.permission.GET_TASKS; type = 0; res = -1; stacktrace=java.lang.Exception

08-12 09:23:44.945  1570  2787 I LSPosed-Bridge: 	at com.example.permlabel.requirePerm$1$2.afterHookedMethod(requirePerm.java:132)

08-12 09:23:44.945  1570  2787 I LSPosed-Bridge: 	at de.robv.android.xposed.XposedBridge$AdditionalHookInfo.callback(Unknown Source:147)

08-12 09:23:44.945  1570  2787 I LSPosed-Bridge: 	at LSPHooker_.checkPermission(Unknown Source:25)

08-12 09:23:44.945  1570  2787 I LSPosed-Bridge: 	at com.android.server.am.ActivityManagerService.isGetTasksAllowed(ActivityManagerService.java:10902)

08-12 09:23:44.945  1570  2787 I LSPosed-Bridge: 	at com.android.server.am.ActivityManagerService.getRunningAppProcesses(ActivityManagerService.java:16139)

08-12 09:23:44.945  1570  2787 I LSPosed-Bridge: 	at android.app.IActivityManager$Stub.onTransact(IActivityManager.java:1088)

08-12 09:23:44.945  1570  2787 I LSPosed-Bridge: 	at com.android.server.am.ActivityManagerService.onTransact(ActivityManagerService.java:3346)

08-12 09:23:44.945  1570  2787 I LSPosed-Bridge: 	at android.os.Binder.execTransact(Binder.java:731)

08-12 09:24:21.406  1570  1591 I LSPosed-Bridge: 11059 PermLabel 10126 AMS.checkPermission: Binder.getCallingPid() = 11059; uid = 10126; Binder.getCallingUid() = 10126; getNameForUid: com.feilong.zaitian; getPackagesForUid: [com.feilong.zaitian]; permName: android.permission.GET_TASKS; type = 0; res = -1; stacktrace=java.lang.Exception

08-12 09:24:21.406  1570  1591 I LSPosed-Bridge: 	at com.example.permlabel.requirePerm$1$2.afterHookedMethod(requirePerm.java:132)

08-12 09:24:21.406  1570  1591 I LSPosed-Bridge: 	at de.robv.android.xposed.XposedBridge$AdditionalHookInfo.callback(Unknown Source:147)

08-12 09:24:21.406  1570  1591 I LSPosed-Bridge: 	at LSPHooker_.checkPermission(Unknown Source:25)

08-12 09:24:21.406  1570  1591 I LSPosed-Bridge: 	at com.android.server.am.ActivityManagerService.isGetTasksAllowed(ActivityManagerService.java:10902)

08-12 09:24:21.406  1570  1591 I LSPosed-Bridge: 	at com.android.server.am.ActivityManagerService.getRunningAppProcesses(ActivityManagerService.java:16139)

08-12 09:24:21.406  1570  1591 I LSPosed-Bridge: 	at android.app.IActivityManager$Stub.onTransact(IActivityManager.java:1088)

08-12 09:24:21.406  1570  1591 I LSPosed-Bridge: 	at com.android.server.am.ActivityManagerService.onTransact(ActivityManagerService.java:3346)

08-12 09:24:21.406  1570  1591 I LSPosed-Bridge: 	at android.os.Binder.execTransact(Binder.java:731)

08-12 09:24:21.406   561   561 I ConfigStore: android::hardware::configstore::V1_0::ISurfaceFlingerConfigs::hasHDRDisplay retrieved: 0

08-12 09:24:24.380  1570  1590 I LSPosed-Bridge: 11059 PermLabel 10126 AMS.checkPermission: Binder.getCallingPid() = 11059; uid = 10126; Binder.getCallingUid() = 10126; getNameForUid: com.feilong.zaitian; getPackagesForUid: [com.feilong.zaitian]; permName: android.permission.GET_TASKS; type = 0; res = -1; stacktrace=java.lang.Exception

08-12 09:24:24.380  1570  1590 I LSPosed-Bridge: 	at com.example.permlabel.requirePerm$1$2.afterHookedMethod(requirePerm.java:132)

08-12 09:24:24.380  1570  1590 I LSPosed-Bridge: 	at de.robv.android.xposed.XposedBridge$AdditionalHookInfo.callback(Unknown Source:147)

08-12 09:24:24.380  1570  1590 I LSPosed-Bridge: 	at LSPHooker_.checkPermission(Unknown Source:25)

08-12 09:24:24.380  1570  1590 I LSPosed-Bridge: 	at com.android.server.am.ActivityManagerService.isGetTasksAllowed(ActivityManagerService.java:10902)

08-12 09:24:24.380  1570  1590 I LSPosed-Bridge: 	at com.android.server.am.ActivityManagerService.getRunningAppProcesses(ActivityManagerService.java:16139)

08-12 09:24:24.380  1570  1590 I LSPosed-Bridge: 	at android.app.IActivityManager$Stub.onTransact(IActivityManager.java:1088)

08-12 09:24:24.380  1570  1590 I LSPosed-Bridge: 	at com.android.server.am.ActivityManagerService.onTransact(ActivityManagerService.java:3346)

08-12 09:24:24.380  1570  1590 I LSPosed-Bridge: 	at android.os.Binder.execTransact(Binder.java:731)

08-12 09:24:24.380   561   561 I ConfigStore: android::hardware::configstore::V1_0::ISurfaceFlingerConfigs::hasHDRDisplay retrieved: 0

08-12 09:24:24.380 11059 11059 I LSPosed-Bridge: 11059 PermLabel hookBinder_test 10126 interfaceBinder =android.app.IActivityManager; arg0 = 81; arg1 = android.os.Parcel@31aab00; arg2 = android.os.Parcel@e1d05c4; arg3 = 0; res = true; stacktrace=java.lang.Exception

08-12 09:24:24.380 11059 11059 I LSPosed-Bridge: 	at com.example.permlabel.hookBinder_test$1.afterHookedMethod(hookBinder_test.java:63)

08-12 09:24:24.380 11059 11059 I LSPosed-Bridge: 	at de.robv.android.xposed.XposedBridge$AdditionalHookInfo.callback(Unknown Source:147)

08-12 09:24:24.380 11059 11059 I LSPosed-Bridge: 	at LSPHooker_.transact(Unknown Source:28)

08-12 09:24:24.380 11059 11059 I LSPosed-Bridge: 	at android.app.IActivityManager$Stub$Proxy.getRunningAppProcesses(IActivityManager.java:5366)

08-12 09:24:24.380 11059 11059 I LSPosed-Bridge: 	at android.app.ActivityManager.getRunningAppProcesses(ActivityManager.java:3435)

08-12 09:24:24.380 11059 11059 I LSPosed-Bridge: 	at java.lang.reflect.Method.invoke(Native Method)

08-12 09:24:24.380 11059 11059 I LSPosed-Bridge: 	at org.lsposed.lspd.nativebridge.HookBridge.invokeOriginalMethod(Native Method)

08-12 09:24:24.380 11059 11059 I LSPosed-Bridge: 	at de.robv.android.xposed.XposedBridge$AdditionalHookInfo.callback(Unknown Source:110)

08-12 09:24:24.380 11059 11059 I LSPosed-Bridge: 	at LSPHooker_.getRunningAppProcesses(Unknown Source:8)

08-12 09:24:24.380 11059 11059 I LSPosed-Bridge: 	at com.feilong.zaitian.j.p0.g(StringUtils.java:4)

08-12 09:24:24.380 11059 11059 I LSPosed-Bridge: 	at com.feilong.zaitian.ui.reader.FTReadActivity.H(FTReadActivity.java:1)

08-12 09:24:24.380 11059 11059 I LSPosed-Bridge: 	at com.feilong.zaitian.ui.reader.FTReadActivity.I(Unknown Source:0)

08-12 09:24:24.380 11059 11059 I LSPosed-Bridge: 	at com.feilong.zaitian.ui.reader.e.run(Unknown Source:2)

08-12 09:24:24.380 11059 11059 I LSPosed-Bridge: 	at android.os.Handler.handleCallback(Handler.java:873)

08-12 09:24:24.380 11059 11059 I LSPosed-Bridge: 	at android.os.Handler.dispatchMessage(Handler.java:99)

08-12 09:24:24.380 11059 11059 I LSPosed-Bridge: 	at android.os.Looper.loop(Looper.java:193)

08-12 09:24:24.380 11059 11059 I LSPosed-Bridge: 	at android.app.ActivityThread.main(ActivityThread.java:6692)

08-12 09:24:24.380 11059 11059 I LSPosed-Bridge: 	at java.lang.reflect.Method.invoke(Native Method)

08-12 09:24:24.380 11059 11059 I LSPosed-Bridge: 	at com.android.internal.os.RuntimeInit$MethodAndArgsCaller.run(RuntimeInit.java:493)

08-12 09:24:24.380 11059 11059 I LSPosed-Bridge: 	at com.android.internal.os.ZygoteInit.main(ZygoteInit.java:858)

08-12 09:24:24.380 11059 11059 I LSPosed-Bridge: 11059 PermLabel getRunningAppProcesses =android.app.ActivityManager$RunningAppProcessInfo@45b9f48

08-12 09:24:24.380 11059 11059 I LSPosed-Bridge: 11059 PermLabel getRunningAppProcesses processName: com.feilong.zaitian pid: 11059

08-12 09:24:24.380 11059 11059 I LSPosed-Bridge: 11059 PermLabel getRunningAppProcesses importance: 100 pid: 11059

08-12 09:24:24.380 11059 11059 I LSPosed-Bridge: 11059 PermLabel getRunningAppProcesses packageName com.feilong.zaitian at index 0 in process 11059

08-12 09:24:24.380   561   561 I ConfigStore: android::hardware::configstore::V1_0::ISurfaceFlingerConfigs::hasHDRDisplay retrieved: 0

08-12 09:24:24.380 11059 11059 I LSPosed-Bridge: 11059 PermLabel permName: android.permission.READ_PHONE_STATE; getRunningAppProcesses =[android.app.ActivityManager$RunningAppProcessInfo@45b9f48]; stacktrace=java.lang.Exception

08-12 09:24:24.380 11059 11059 I LSPosed-Bridge: 	at com.example.permlabel.hookBinder_test$2.afterHookedMethod(hookBinder_test.java:103)

08-12 09:24:24.380 11059 11059 I LSPosed-Bridge: 	at de.robv.android.xposed.XposedBridge$AdditionalHookInfo.callback(Unknown Source:147)

08-12 09:24:24.380 11059 11059 I LSPosed-Bridge: 	at LSPHooker_.getRunningAppProcesses(Unknown Source:8)

08-12 09:24:24.380 11059 11059 I LSPosed-Bridge: 	at com.feilong.zaitian.j.p0.g(StringUtils.java:4)

08-12 09:24:24.380 11059 11059 I LSPosed-Bridge: 	at com.feilong.zaitian.ui.reader.FTReadActivity.H(FTReadActivity.java:1)

08-12 09:24:24.380 11059 11059 I LSPosed-Bridge: 	at com.feilong.zaitian.ui.reader.FTReadActivity.I(Unknown Source:0)

08-12 09:24:24.380 11059 11059 I LSPosed-Bridge: 	at com.feilong.zaitian.ui.reader.e.run(Unknown Source:2)

08-12 09:24:24.380 11059 11059 I LSPosed-Bridge: 	at android.os.Handler.handleCallback(Handler.java:873)

08-12 09:24:24.380 11059 11059 I LSPosed-Bridge: 	at android.os.Handler.dispatchMessage(Handler.java:99)

08-12 09:24:24.380 11059 11059 I LSPosed-Bridge: 	at android.os.Looper.loop(Looper.java:193)

08-12 09:24:24.380 11059 11059 I LSPosed-Bridge: 	at android.app.ActivityThread.main(ActivityThread.java:6692)

08-12 09:24:24.380 11059 11059 I LSPosed-Bridge: 	at java.lang.reflect.Method.invoke(Native Method)

08-12 09:24:24.380 11059 11059 I LSPosed-Bridge: 	at com.android.internal.os.RuntimeInit$MethodAndArgsCaller.run(RuntimeInit.java:493)

08-12 09:24:24.380 11059 11059 I LSPosed-Bridge: 	at com.android.internal.os.ZygoteInit.main(ZygoteInit.java:858)

08-12 09:24:28.112  1570  1590 I LSPosed-Bridge: 11059 PermLabel 10126 AMS.checkPermission: Binder.getCallingPid() = 11059; uid = 10126; Binder.getCallingUid() = 10126; getNameForUid: com.feilong.zaitian; getPackagesForUid: [com.feilong.zaitian]; permName: android.permission.GET_TASKS; type = 0; res = -1; stacktrace=java.lang.Exception

08-12 09:24:28.112  1570  1590 I LSPosed-Bridge: 	at com.example.permlabel.requirePerm$1$2.afterHookedMethod(requirePerm.java:132)

08-12 09:24:28.112  1570  1590 I LSPosed-Bridge: 	at de.robv.android.xposed.XposedBridge$AdditionalHookInfo.callback(Unknown Source:147)

08-12 09:24:28.112  1570  1590 I LSPosed-Bridge: 	at LSPHooker_.checkPermission(Unknown Source:25)

08-12 09:24:28.112  1570  1590 I LSPosed-Bridge: 	at com.android.server.am.ActivityManagerService.isGetTasksAllowed(ActivityManagerService.java:10902)

08-12 09:24:28.112  1570  1590 I LSPosed-Bridge: 	at com.android.server.am.ActivityManagerService.getRunningAppProcesses(ActivityManagerService.java:16139)

08-12 09:24:28.112  1570  1590 I LSPosed-Bridge: 	at android.app.IActivityManager$Stub.onTransact(IActivityManager.java:1088)

08-12 09:24:28.112  1570  1590 I LSPosed-Bridge: 	at com.android.server.am.ActivityManagerService.onTransact(ActivityManagerService.java:3346)

08-12 09:24:28.112  1570  1590 I LSPosed-Bridge: 	at android.os.Binder.execTransact(Binder.java:731)

08-12 09:24:28.112 11059 11059 I LSPosed-Bridge: 11059 PermLabel hookBinder_test 10126 interfaceBinder =android.app.IActivityManager; arg0 = 81; arg1 = android.os.Parcel@96a9294; arg2 = android.os.Parcel@a226a05; arg3 = 0; res = true; stacktrace=java.lang.Exception

08-12 09:24:28.112 11059 11059 I LSPosed-Bridge: 	at com.example.permlabel.hookBinder_test$1.afterHookedMethod(hookBinder_test.java:63)

08-12 09:24:28.112 11059 11059 I LSPosed-Bridge: 	at de.robv.android.xposed.XposedBridge$AdditionalHookInfo.callback(Unknown Source:147)

08-12 09:24:28.112 11059 11059 I LSPosed-Bridge: 	at LSPHooker_.transact(Unknown Source:28)

08-12 09:24:28.112 11059 11059 I LSPosed-Bridge: 	at android.app.IActivityManager$Stub$Proxy.getRunningAppProcesses(IActivityManager.java:5366)

08-12 09:24:28.112 11059 11059 I LSPosed-Bridge: 	at android.app.ActivityManager.getRunningAppProcesses(ActivityManager.java:3435)

08-12 09:24:28.112 11059 11059 I LSPosed-Bridge: 	at java.lang.reflect.Method.invoke(Native Method)

08-12 09:24:28.112 11059 11059 I LSPosed-Bridge: 	at org.lsposed.lspd.nativebridge.HookBridge.invokeOriginalMethod(Native Method)

08-12 09:24:28.112 11059 11059 I LSPosed-Bridge: 	at de.robv.android.xposed.XposedBridge$AdditionalHookInfo.callback(Unknown Source:110)

08-12 09:24:28.112 11059 11059 I LSPosed-Bridge: 	at LSPHooker_.getRunningAppProcesses(Unknown Source:8)

08-12 09:24:28.112 11059 11059 I LSPosed-Bridge: 	at com.feilong.zaitian.j.p0.g(StringUtils.java:4)

08-12 09:24:28.112 11059 11059 I LSPosed-Bridge: 	at com.feilong.zaitian.ui.activity.MainActivity.i(MainActivity.java:1)

08-12 09:24:28.112 11059 11059 I LSPosed-Bridge: 	at com.feilong.zaitian.ui.activity.MainActivity.j(Unknown Source:0)

08-12 09:24:28.112 11059 11059 I LSPosed-Bridge: 	at com.feilong.zaitian.ui.activity.i.run(Unknown Source:2)

08-12 09:24:28.112 11059 11059 I LSPosed-Bridge: 	at android.os.Handler.handleCallback(Handler.java:873)

08-12 09:24:28.112 11059 11059 I LSPosed-Bridge: 	at android.os.Handler.dispatchMessage(Handler.java:99)

08-12 09:24:28.112 11059 11059 I LSPosed-Bridge: 	at android.os.Looper.loop(Looper.java:193)

08-12 09:24:28.112 11059 11059 I LSPosed-Bridge: 	at android.app.ActivityThread.main(ActivityThread.java:6692)

08-12 09:24:28.112 11059 11059 I LSPosed-Bridge: 	at java.lang.reflect.Method.invoke(Native Method)

08-12 09:24:28.112 11059 11059 I LSPosed-Bridge: 	at com.android.internal.os.RuntimeInit$MethodAndArgsCaller.run(RuntimeInit.java:493)

08-12 09:24:28.112 11059 11059 I LSPosed-Bridge: 	at com.android.internal.os.ZygoteInit.main(ZygoteInit.java:858)

08-12 09:24:28.112 11059 11059 I LSPosed-Bridge: 11059 PermLabel getRunningAppProcesses =android.app.ActivityManager$RunningAppProcessInfo@d17ecf1

08-12 09:24:28.112 11059 11059 I LSPosed-Bridge: 11059 PermLabel getRunningAppProcesses processName: com.feilong.zaitian pid: 11059

08-12 09:24:28.112 11059 11059 I LSPosed-Bridge: 11059 PermLabel getRunningAppProcesses importance: 100 pid: 11059

08-12 09:24:28.112 11059 11059 I LSPosed-Bridge: 11059 PermLabel getRunningAppProcesses packageName com.feilong.zaitian at index 0 in process 11059

08-12 09:24:31.046   561   561 I ConfigStore: android::hardware::configstore::V1_0::ISurfaceFlingerConfigs::hasHDRDisplay retrieved: 0

08-12 09:24:31.046  1570  1591 I LSPosed-Bridge: 11059 PermLabel 10126 AMS.checkPermission: Binder.getCallingPid() = 11059; uid = 10126; Binder.getCallingUid() = 10126; getNameForUid: com.feilong.zaitian; getPackagesForUid: [com.feilong.zaitian]; permName: android.permission.GET_TASKS; type = 0; res = -1; stacktrace=java.lang.Exception

08-12 09:24:31.046  1570  1591 I LSPosed-Bridge: 	at com.example.permlabel.requirePerm$1$2.afterHookedMethod(requirePerm.java:132)

08-12 09:24:31.046  1570  1591 I LSPosed-Bridge: 	at de.robv.android.xposed.XposedBridge$AdditionalHookInfo.callback(Unknown Source:147)

08-12 09:24:31.046  1570  1591 I LSPosed-Bridge: 	at LSPHooker_.checkPermission(Unknown Source:25)

08-12 09:24:31.046  1570  1591 I LSPosed-Bridge: 	at com.android.server.am.ActivityManagerService.isGetTasksAllowed(ActivityManagerService.java:10902)

08-12 09:24:31.046  1570  1591 I LSPosed-Bridge: 	at com.android.server.am.ActivityManagerService.getRunningAppProcesses(ActivityManagerService.java:16139)

08-12 09:24:31.046  1570  1591 I LSPosed-Bridge: 	at android.app.IActivityManager$Stub.onTransact(IActivityManager.java:1088)

08-12 09:24:31.046  1570  1591 I LSPosed-Bridge: 	at com.android.server.am.ActivityManagerService.onTransact(ActivityManagerService.java:3346)

08-12 09:24:31.046  1570  1591 I LSPosed-Bridge: 	at android.os.Binder.execTransact(Binder.java:731)

08-12 09:24:34.739  1570  2787 I LSPosed-Bridge: 11059 PermLabel 10126 AMS.checkPermission: Binder.getCallingPid() = 11059; uid = 10126; Binder.getCallingUid() = 10126; getNameForUid: com.feilong.zaitian; getPackagesForUid: [com.feilong.zaitian]; permName: android.permission.GET_TASKS; type = 0; res = -1; stacktrace=java.lang.Exception

