08-12 09:17:01.836  1570  2787 I LSPosed-Bridge: 	at com.android.server.am.ActivityManagerService.getRunningAppProcesses(ActivityManagerService.java:16139)

08-12 09:17:01.836  1570  2787 I LSPosed-Bridge: 	at android.app.IActivityManager$Stub.onTransact(IActivityManager.java:1088)

08-12 09:17:01.836  1570  2787 I LSPosed-Bridge: 	at com.android.server.am.ActivityManagerService.onTransact(ActivityManagerService.java:3346)

08-12 09:17:01.836  1570  2787 I LSPosed-Bridge: 	at android.os.Binder.execTransact(Binder.java:731)

08-12 09:17:01.836 11059 11059 I LSPosed-Bridge: 11059 PermLabel hookBinder_test 10126 interfaceBinder =android.app.IActivityManager; arg0 = 81; arg1 = android.os.Parcel@73e1032; arg2 = android.os.Parcel@6f88280; arg3 = 0; res = true; stacktrace=java.lang.Exception

08-12 09:17:01.836 11059 11059 I LSPosed-Bridge: 	at com.example.permlabel.hookBinder_test$1.afterHookedMethod(hookBinder_test.java:63)

08-12 09:17:01.836 11059 11059 I LSPosed-Bridge: 	at de.robv.android.xposed.XposedBridge$AdditionalHookInfo.callback(Unknown Source:147)

08-12 09:17:01.836 11059 11059 I LSPosed-Bridge: 	at LSPHooker_.transact(Unknown Source:28)

08-12 09:17:01.836 11059 11059 I LSPosed-Bridge: 	at android.app.IActivityManager$Stub$Proxy.getRunningAppProcesses(IActivityManager.java:5366)

08-12 09:17:01.836 11059 11059 I LSPosed-Bridge: 	at android.app.ActivityManager.getRunningAppProcesses(ActivityManager.java:3435)

08-12 09:17:01.836 11059 11059 I LSPosed-Bridge: 	at java.lang.reflect.Method.invoke(Native Method)

08-12 09:17:01.836 11059 11059 I LSPosed-Bridge: 	at org.lsposed.lspd.nativebridge.HookBridge.invokeOriginalMethod(Native Method)

08-12 09:17:01.836 11059 11059 I LSPosed-Bridge: 	at de.robv.android.xposed.XposedBridge$AdditionalHookInfo.callback(Unknown Source:110)

08-12 09:17:01.836 11059 11059 I LSPosed-Bridge: 	at LSPHooker_.getRunningAppProcesses(Unknown Source:8)

08-12 09:17:01.836 11059 11059 I LSPosed-Bridge: 	at com.feilong.zaitian.j.p0.g(StringUtils.java:4)

08-12 09:17:01.836 11059 11059 I LSPosed-Bridge: 	at com.feilong.zaitian.ui.activity.MainActivity.i(MainActivity.java:1)

08-12 09:17:01.836 11059 11059 I LSPosed-Bridge: 	at com.feilong.zaitian.ui.activity.MainActivity.j(Unknown Source:0)

08-12 09:17:01.836 11059 11059 I LSPosed-Bridge: 	at com.feilong.zaitian.ui.activity.i.run(Unknown Source:2)

08-12 09:17:01.836 11059 11059 I LSPosed-Bridge: 	at android.os.Handler.handleCallback(Handler.java:873)

08-12 09:17:01.836 11059 11059 I LSPosed-Bridge: 	at android.os.Handler.dispatchMessage(Handler.java:99)

08-12 09:17:01.836 11059 11059 I LSPosed-Bridge: 	at android.os.Looper.loop(Looper.java:193)

08-12 09:17:01.836 11059 11059 I LSPosed-Bridge: 	at android.app.ActivityThread.main(ActivityThread.java:6692)

08-12 09:17:01.836 11059 11059 I LSPosed-Bridge: 	at java.lang.reflect.Method.invoke(Native Method)

08-12 09:17:01.836 11059 11059 I LSPosed-Bridge: 	at com.android.internal.os.RuntimeInit$MethodAndArgsCaller.run(RuntimeInit.java:493)

08-12 09:17:01.836 11059 11059 I LSPosed-Bridge: 	at com.android.internal.os.ZygoteInit.main(ZygoteInit.java:858)

08-12 09:17:01.836 11059 11059 I LSPosed-Bridge: 11059 PermLabel getRunningAppProcesses =android.app.ActivityManager$RunningAppProcessInfo@ba571b0

08-12 09:17:01.836 11059 11059 I LSPosed-Bridge: 11059 PermLabel getRunningAppProcesses processName: com.feilong.zaitian pid: 11059

08-12 09:17:01.836 11059 11059 I LSPosed-Bridge: 11059 PermLabel getRunningAppProcesses importance: 100 pid: 11059

08-12 09:17:01.836 11059 11059 I LSPosed-Bridge: 11059 PermLabel getRunningAppProcesses packageName com.feilong.zaitian at index 0 in process 11059

08-12 09:17:04.801 11059 11059 I LSPosed-Bridge: 11059 PermLabel hookBinder_test 10126 interfaceBinder =android.view.accessibility.IAccessibilityInteractionConnectionCallback; arg0 = 2; arg1 = android.os.Parcel@2ea1a8e; arg2 = null; arg3 = 1; res = true; stacktrace=java.lang.Exception

08-12 09:17:04.801 11059 11059 I LSPosed-Bridge: 	at com.example.permlabel.hookBinder_test$1.afterHookedMethod(hookBinder_test.java:63)

08-12 09:17:04.801 11059 11059 I LSPosed-Bridge: 	at de.robv.android.xposed.XposedBridge$AdditionalHookInfo.callback(Unknown Source:147)

08-12 09:17:04.801 11059 11059 I LSPosed-Bridge: 	at LSPHooker_.transact(Unknown Source:28)

08-12 09:17:04.801 11059 11059 I LSPosed-Bridge: 	at android.view.accessibility.IAccessibilityInteractionConnectionCallback$Stub$Proxy.setFindAccessibilityNodeInfosResult(IAccessibilityInteractionConnectionCallback.java:146)

08-12 09:17:04.801 11059 11059 I LSPosed-Bridge: 	at android.view.AccessibilityInteractionController.updateInfosForViewportAndReturnFindNodeResult(AccessibilityInteractionController.java:869)

08-12 09:17:04.801 11059 11059 I LSPosed-Bridge: 	at android.view.AccessibilityInteractionController.findAccessibilityNodeInfoByAccessibilityIdUiThread(AccessibilityInteractionController.java:340)

08-12 09:17:04.801 11059 11059 I LSPosed-Bridge: 	at android.view.AccessibilityInteractionController.access$400(AccessibilityInteractionController.java:67)

08-12 09:17:04.801 11059 11059 I LSPosed-Bridge: 	at android.view.AccessibilityInteractionController$PrivateHandler.handleMessage(AccessibilityInteractionController.java:1324)

08-12 09:17:04.801 11059 11059 I LSPosed-Bridge: 	at android.os.Handler.dispatchMessage(Handler.java:106)

08-12 09:17:04.801 11059 11059 I LSPosed-Bridge: 	at android.os.Looper.loop(Looper.java:193)

08-12 09:17:04.801 11059 11059 I LSPosed-Bridge: 	at android.app.ActivityThread.main(ActivityThread.java:6692)

08-12 09:17:04.801 11059 11059 I LSPosed-Bridge: 	at java.lang.reflect.Method.invoke(Native Method)

08-12 09:17:04.801 11059 11059 I LSPosed-Bridge: 	at com.android.internal.os.RuntimeInit$MethodAndArgsCaller.run(RuntimeInit.java:493)

08-12 09:17:04.801 11059 11059 I LSPosed-Bridge: 	at com.android.internal.os.ZygoteInit.main(ZygoteInit.java:858)

08-12 09:17:04.801  1570  1709 I LSPosed-Bridge: 11059 PermLabel 10126 AMS.checkPermission: Binder.getCallingPid() = 11059; uid = 10126; Binder.getCallingUid() = 10126; getNameForUid: com.feilong.zaitian; getPackagesForUid: [com.feilong.zaitian]; permName: android.permission.GET_TASKS; type = 0; res = -1; stacktrace=java.lang.Exception

08-12 09:17:04.801  1570  1709 I LSPosed-Bridge: 	at com.example.permlabel.requirePerm$1$2.afterHookedMethod(requirePerm.java:132)

08-12 09:17:04.801  1570  1709 I LSPosed-Bridge: 	at de.robv.android.xposed.XposedBridge$AdditionalHookInfo.callback(Unknown Source:147)

08-12 09:17:04.801  1570  1709 I LSPosed-Bridge: 	at LSPHooker_.checkPermission(Unknown Source:25)

08-12 09:17:04.801  1570  1709 I LSPosed-Bridge: 	at com.android.server.am.ActivityManagerService.isGetTasksAllowed(ActivityManagerService.java:10902)

08-12 09:17:04.801  1570  1709 I LSPosed-Bridge: 	at com.android.server.am.ActivityManagerService.getRunningAppProcesses(ActivityManagerService.java:16139)

08-12 09:17:04.801  1570  1709 I LSPosed-Bridge: 	at android.app.IActivityManager$Stub.onTransact(IActivityManager.java:1088)

08-12 09:17:04.801  1570  1709 I LSPosed-Bridge: 	at com.android.server.am.ActivityManagerService.onTransact(ActivityManagerService.java:3346)

08-12 09:17:04.801  1570  1709 I LSPosed-Bridge: 	at android.os.Binder.execTransact(Binder.java:731)

08-12 09:17:08.347   561   561 I chatty  : uid=1000(system) /system/bin/surfaceflinger identical 24 lines

08-12 09:17:08.347   561   561 I ConfigStore: android::hardware::configstore::V1_0::ISurfaceFlingerConfigs::hasHDRDisplay retrieved: 0

08-12 09:17:08.347  1570  2787 I LSPosed-Bridge: 11059 PermLabel 10126 AMS.checkPermission: Binder.getCallingPid() = 11059; uid = 10126; Binder.getCallingUid() = 10126; getNameForUid: com.feilong.zaitian; getPackagesForUid: [com.feilong.zaitian]; permName: android.permission.GET_TASKS; type = 0; res = -1; stacktrace=java.lang.Exception

08-12 09:17:08.347  1570  2787 I LSPosed-Bridge: 	at com.example.permlabel.requirePerm$1$2.afterHookedMethod(requirePerm.java:132)

08-12 09:17:08.347  1570  2787 I LSPosed-Bridge: 	at de.robv.android.xposed.XposedBridge$AdditionalHookInfo.callback(Unknown Source:147)

08-12 09:17:08.347  1570  2787 I LSPosed-Bridge: 	at LSPHooker_.checkPermission(Unknown Source:25)

08-12 09:17:08.347  1570  2787 I LSPosed-Bridge: 	at com.android.server.am.ActivityManagerService.isGetTasksAllowed(ActivityManagerService.java:10902)

08-12 09:17:08.347  1570  2787 I LSPosed-Bridge: 	at com.android.server.am.ActivityManagerService.getRunningAppProcesses(ActivityManagerService.java:16139)

08-12 09:17:08.347  1570  2787 I LSPosed-Bridge: 	at android.app.IActivityManager$Stub.onTransact(IActivityManager.java:1088)

08-12 09:17:08.347  1570  2787 I LSPosed-Bridge: 	at com.android.server.am.ActivityManagerService.onTransact(ActivityManagerService.java:3346)

08-12 09:17:08.347  1570  2787 I LSPosed-Bridge: 	at android.os.Binder.execTransact(Binder.java:731)

08-12 09:17:08.347   561   561 I ConfigStore: android::hardware::configstore::V1_0::ISurfaceFlingerConfigs::hasHDRDisplay retrieved: 0

08-12 09:17:11.320  1570  1590 I LSPosed-Bridge: 11059 PermLabel 10126 AMS.checkPermission: Binder.getCallingPid() = 11059; uid = 10126; Binder.getCallingUid() = 10126; getNameForUid: com.feilong.zaitian; getPackagesForUid: [com.feilong.zaitian]; permName: android.permission.GET_TASKS; type = 0; res = -1; stacktrace=java.lang.Exception

08-12 09:17:11.320  1570  1590 I LSPosed-Bridge: 	at com.example.permlabel.requirePerm$1$2.afterHookedMethod(requirePerm.java:132)

08-12 09:17:11.320  1570  1590 I LSPosed-Bridge: 	at de.robv.android.xposed.XposedBridge$AdditionalHookInfo.callback(Unknown Source:147)

08-12 09:17:11.320  1570  1590 I LSPosed-Bridge: 	at LSPHooker_.checkPermission(Unknown Source:25)

08-12 09:17:11.320  1570  1590 I LSPosed-Bridge: 	at com.android.server.am.ActivityManagerService.isGetTasksAllowed(ActivityManagerService.java:10902)

08-12 09:17:11.320  1570  1590 I LSPosed-Bridge: 	at com.android.server.am.ActivityManagerService.getRunningAppProcesses(ActivityManagerService.java:16139)

08-12 09:17:11.320  1570  1590 I LSPosed-Bridge: 	at android.app.IActivityManager$Stub.onTransact(IActivityManager.java:1088)

08-12 09:17:11.320  1570  1590 I LSPosed-Bridge: 	at com.android.server.am.ActivityManagerService.onTransact(ActivityManagerService.java:3346)

08-12 09:17:11.320  1570  1590 I LSPosed-Bridge: 	at android.os.Binder.execTransact(Binder.java:731)

08-12 09:17:11.320 11059 11059 I LSPosed-Bridge: 11059 PermLabel hookBinder_test 10126 interfaceBinder =android.app.IActivityManager; arg0 = 81; arg1 = android.os.Parcel@3f9a3ed; arg2 = android.os.Parcel@b689521; arg3 = 0; res = true; stacktrace=java.lang.Exception

08-12 09:17:11.320 11059 11059 I LSPosed-Bridge: 	at com.example.permlabel.hookBinder_test$1.afterHookedMethod(hookBinder_test.java:63)

08-12 09:17:11.320 11059 11059 I LSPosed-Bridge: 	at de.robv.android.xposed.XposedBridge$AdditionalHookInfo.callback(Unknown Source:147)

08-12 09:17:11.320 11059 11059 I LSPosed-Bridge: 	at LSPHooker_.transact(Unknown Source:28)

08-12 09:17:11.320 11059 11059 I LSPosed-Bridge: 	at android.app.IActivityManager$Stub$Proxy.getRunningAppProcesses(IActivityManager.java:5366)

08-12 09:17:11.320 11059 11059 I LSPosed-Bridge: 	at android.app.ActivityManager.getRunningAppProcesses(ActivityManager.java:3435)

08-12 09:17:11.320 11059 11059 I LSPosed-Bridge: 	at java.lang.reflect.Method.invoke(Native Method)

08-12 09:17:11.320 11059 11059 I LSPosed-Bridge: 	at org.lsposed.lspd.nativebridge.HookBridge.invokeOriginalMethod(Native Method)

08-12 09:17:11.320 11059 11059 I LSPosed-Bridge: 	at de.robv.android.xposed.XposedBridge$AdditionalHookInfo.callback(Unknown Source:110)

08-12 09:17:11.320 11059 11059 I LSPosed-Bridge: 	at LSPHooker_.getRunningAppProcesses(Unknown Source:8)

08-12 09:17:11.320 11059 11059 I LSPosed-Bridge: 	at com.feilong.zaitian.j.p0.g(StringUtils.java:4)

08-12 09:17:11.320 11059 11059 I LSPosed-Bridge: 	at com.feilong.zaitian.ui.reader.FTReadActivity.H(FTReadActivity.java:1)

08-12 09:17:11.320 11059 11059 I LSPosed-Bridge: 	at com.feilong.zaitian.ui.reader.FTReadActivity.I(Unknown Source:0)

08-12 09:17:11.320 11059 11059 I LSPosed-Bridge: 	at com.feilong.zaitian.ui.reader.e.run(Unknown Source:2)

08-12 09:17:11.320 11059 11059 I LSPosed-Bridge: 	at android.os.Handler.handleCallback(Handler.java:873)

08-12 09:17:11.320 11059 11059 I LSPosed-Bridge: 	at android.os.Handler.dispatchMessage(Handler.java:99)

08-12 09:17:11.320 11059 11059 I LSPosed-Bridge: 	at android.os.Looper.loop(Looper.java:193)

08-12 09:17:11.320 11059 11059 I LSPosed-Bridge: 	at android.app.ActivityThread.main(ActivityThread.java:6692)

08-12 09:17:11.320 11059 11059 I LSPosed-Bridge: 	at java.lang.reflect.Method.invoke(Native Method)

08-12 09:17:11.320 11059 11059 I LSPosed-Bridge: 	at com.android.internal.os.RuntimeInit$MethodAndArgsCaller.run(RuntimeInit.java:493)

08-12 09:17:11.320 11059 11059 I LSPosed-Bridge: 	at com.android.internal.os.ZygoteInit.main(ZygoteInit.java:858)

08-12 09:17:14.939  1570  2787 I LSPosed-Bridge: 11059 PermLabel 10126 AMS.checkPermission: Binder.getCallingPid() = 11059; uid = 10126; Binder.getCallingUid() = 10126; getNameForUid: com.feilong.zaitian; getPackagesForUid: [com.feilong.zaitian]; permName: android.permission.GET_TASKS; type = 0; res = -1; stacktrace=java.lang.Exception

08-12 09:17:14.939  1570  2787 I LSPosed-Bridge: 	at com.example.permlabel.requirePerm$1$2.afterHookedMethod(requirePerm.java:132)

08-12 09:17:14.939  1570  2787 I LSPosed-Bridge: 	at de.robv.android.xposed.XposedBridge$AdditionalHookInfo.callback(Unknown Source:147)

08-12 09:17:14.939  1570  2787 I LSPosed-Bridge: 	at LSPHooker_.checkPermission(Unknown Source:25)

08-12 09:17:14.939  1570  2787 I LSPosed-Bridge: 	at com.android.server.am.ActivityManagerService.isGetTasksAllowed(ActivityManagerService.java:10902)

08-12 09:17:14.939  1570  2787 I LSPosed-Bridge: 	at com.android.server.am.ActivityManagerService.getRunningAppProcesses(ActivityManagerService.java:16139)

08-12 09:17:14.939  1570  2787 I LSPosed-Bridge: 	at android.app.IActivityManager$Stub.onTransact(IActivityManager.java:1088)

08-12 09:17:14.939  1570  2787 I LSPosed-Bridge: 	at com.android.server.am.ActivityManagerService.onTransact(ActivityManagerService.java:3346)

08-12 09:17:14.939  1570  2787 I LSPosed-Bridge: 	at android.os.Binder.execTransact(Binder.java:731)

08-12 09:17:17.859  1570  1591 I LSPosed-Bridge: 11059 PermLabel 10126 AMS.checkPermission: Binder.getCallingPid() = 11059; uid = 10126; Binder.getCallingUid() = 10126; getNameForUid: com.feilong.zaitian; getPackagesForUid: [com.feilong.zaitian]; permName: android.permission.GET_TASKS; type = 0; res = -1; stacktrace=java.lang.Exception

08-12 09:17:17.859  1570  1591 I LSPosed-Bridge: 	at com.example.permlabel.requirePerm$1$2.afterHookedMethod(requirePerm.java:132)

08-12 09:17:17.859  1570  1591 I LSPosed-Bridge: 	at de.robv.android.xposed.XposedBridge$AdditionalHookInfo.callback(Unknown Source:147)

08-12 09:17:17.859  1570  1591 I LSPosed-Bridge: 	at LSPHooker_.checkPermission(Unknown Source:25)

08-12 09:17:17.859  1570  1591 I LSPosed-Bridge: 	at com.android.server.am.ActivityManagerService.isGetTasksAllowed(ActivityManagerService.java:10902)

08-12 09:17:17.859  1570  1591 I LSPosed-Bridge: 	at com.android.server.am.ActivityManagerService.getRunningAppProcesses(ActivityManagerService.java:16139)

08-12 09:17:17.859  1570  1591 I LSPosed-Bridge: 	at android.app.IActivityManager$Stub.onTransact(IActivityManager.java:1088)

08-12 09:17:17.859  1570  1591 I LSPosed-Bridge: 	at com.android.server.am.ActivityManagerService.onTransact(ActivityManagerService.java:3346)

08-12 09:17:17.859  1570  1591 I LSPosed-Bridge: 	at android.os.Binder.execTransact(Binder.java:731)

08-12 09:17:32.327  1570  2787 I LSPosed-Bridge: 11059 PermLabel 10126 AMS.checkPermission: Binder.getCallingPid() = 11059; uid = 10126; Binder.getCallingUid() = 10126; getNameForUid: com.feilong.zaitian; getPackagesForUid: [com.feilong.zaitian]; permName: android.permission.GET_TASKS; type = 0; res = -1; stacktrace=java.lang.Exception

08-12 09:17:32.327  1570  2787 I LSPosed-Bridge: 	at com.example.permlabel.requirePerm$1$2.afterHookedMethod(requirePerm.java:132)

08-12 09:17:32.327  1570  2787 I LSPosed-Bridge: 	at de.robv.android.xposed.XposedBridge$AdditionalHookInfo.callback(Unknown Source:147)

08-12 09:17:32.327  1570  2787 I LSPosed-Bridge: 	at LSPHooker_.checkPermission(Unknown Source:25)

08-12 09:17:32.327  1570  2787 I LSPosed-Bridge: 	at com.android.server.am.ActivityManagerService.isGetTasksAllowed(ActivityManagerService.java:10902)

08-12 09:17:32.327  1570  2787 I LSPosed-Bridge: 	at com.android.server.am.ActivityManagerService.getRunningAppProcesses(ActivityManagerService.java:16139)

08-12 09:17:32.327  1570  2787 I LSPosed-Bridge: 	at android.app.IActivityManager$Stub.onTransact(IActivityManager.java:1088)

08-12 09:17:32.327  1570  2787 I LSPosed-Bridge: 	at com.android.server.am.ActivityManagerService.onTransact(ActivityManagerService.java:3346)

08-12 09:17:32.327  1570  2787 I LSPosed-Bridge: 	at android.os.Binder.execTransact(Binder.java:731)

08-12 09:17:32.327 11059 11059 I LSPosed-Bridge: 11059 PermLabel hookBinder_test 10126 interfaceBinder =android.app.IActivityManager; arg0 = 81; arg1 = android.os.Parcel@6a20cd5; arg2 = android.os.Parcel@5b3b92c; arg3 = 0; res = true; stacktrace=java.lang.Exception

08-12 09:17:32.327 11059 11059 I LSPosed-Bridge: 	at com.example.permlabel.hookBinder_test$1.afterHookedMethod(hookBinder_test.java:63)

08-12 09:17:32.327 11059 11059 I LSPosed-Bridge: 	at de.robv.android.xposed.XposedBridge$AdditionalHookInfo.callback(Unknown Source:147)

08-12 09:17:32.327 11059 11059 I LSPosed-Bridge: 	at LSPHooker_.transact(Unknown Source:28)

08-12 09:17:32.327 11059 11059 I LSPosed-Bridge: 	at android.app.IActivityManager$Stub$Proxy.getRunningAppProcesses(IActivityManager.java:5366)

08-12 09:17:32.327 11059 11059 I LSPosed-Bridge: 	at android.app.ActivityManager.getRunningAppProcesses(ActivityManager.java:3435)

08-12 09:17:32.327 11059 11059 I LSPosed-Bridge: 	at java.lang.reflect.Method.invoke(Native Method)

08-12 09:17:32.327 11059 11059 I LSPosed-Bridge: 	at org.lsposed.lspd.nativebridge.HookBridge.invokeOriginalMethod(Native Method)

08-12 09:17:32.327 11059 11059 I LSPosed-Bridge: 	at de.robv.android.xposed.XposedBridge$AdditionalHookInfo.callback(Unknown Source:110)

08-12 09:17:32.327 11059 11059 I LSPosed-Bridge: 	at LSPHooker_.getRunningAppProcesses(Unknown Source:8)

08-12 09:17:32.327 11059 11059 I LSPosed-Bridge: 	at com.feilong.zaitian.j.p0.g(StringUtils.java:4)

08-12 09:17:32.327 11059 11059 I LSPosed-Bridge: 	at com.feilong.zaitian.ui.activity.MainActivity.i(MainActivity.java:1)

08-12 09:17:32.327 11059 11059 I LSPosed-Bridge: 	at com.feilong.zaitian.ui.activity.MainActivity.j(Unknown Source:0)

08-12 09:17:32.327 11059 11059 I LSPosed-Bridge: 	at com.feilong.zaitian.ui.activity.i.run(Unknown Source:2)

08-12 09:17:32.327 11059 11059 I LSPosed-Bridge: 	at android.os.Handler.handleCallback(Handler.java:873)

08-12 09:17:32.327 11059 11059 I LSPosed-Bridge: 	at android.os.Handler.dispatchMessage(Handler.java:99)

08-12 09:17:32.327 11059 11059 I LSPosed-Bridge: 	at android.os.Looper.loop(Looper.java:193)

08-12 09:17:32.327 11059 11059 I LSPosed-Bridge: 	at android.app.ActivityThread.main(ActivityThread.java:6692)

08-12 09:17:32.327 11059 11059 I LSPosed-Bridge: 	at java.lang.reflect.Method.invoke(Native Method)

08-12 09:17:32.327 11059 11059 I LSPosed-Bridge: 	at com.android.internal.os.RuntimeInit$MethodAndArgsCaller.run(RuntimeInit.java:493)

08-12 09:17:32.327 11059 11059 I LSPosed-Bridge: 	at com.android.internal.os.ZygoteInit.main(ZygoteInit.java:858)

08-12 09:17:47.013   561   561 I ConfigStore: android::hardware::configstore::V1_0::ISurfaceFlingerConfigs::hasHDRDisplay retrieved: 0

08-12 09:17:47.013  1570  7706 I LSPosed-Bridge: 11059 PermLabel 10126 AMS.checkPermission: Binder.getCallingPid() = 11059; uid = 10126; Binder.getCallingUid() = 10126; getNameForUid: com.feilong.zaitian; getPackagesForUid: [com.feilong.zaitian]; permName: android.permission.GET_TASKS; type = 0; res = -1; stacktrace=java.lang.Exception

08-12 09:17:47.013  1570  7706 I LSPosed-Bridge: 	at com.example.permlabel.requirePerm$1$2.afterHookedMethod(requirePerm.java:132)

08-12 09:17:47.013  1570  7706 I LSPosed-Bridge: 	at de.robv.android.xposed.XposedBridge$AdditionalHookInfo.callback(Unknown Source:147)

08-12 09:17:47.013  1570  7706 I LSPosed-Bridge: 	at LSPHooker_.checkPermission(Unknown Source:25)

08-12 09:17:47.013  1570  7706 I LSPosed-Bridge: 	at com.android.server.am.ActivityManagerService.isGetTasksAllowed(ActivityManagerService.java:10902)

08-12 09:17:47.013  1570  7706 I LSPosed-Bridge: 	at com.android.server.am.ActivityManagerService.getRunningAppProcesses(ActivityManagerService.java:16139)

08-12 09:17:47.013  1570  7706 I LSPosed-Bridge: 	at android.app.IActivityManager$Stub.onTransact(IActivityManager.java:1088)

08-12 09:17:47.013  1570  7706 I LSPosed-Bridge: 	at com.android.server.am.ActivityManagerService.onTransact(ActivityManagerService.java:3346)

08-12 09:17:47.013  1570  7706 I LSPosed-Bridge: 	at android.os.Binder.execTransact(Binder.java:731)

08-12 09:17:54.213  1570  1709 I LSPosed-Bridge: 11059 PermLabel 10126 AMS.checkPermission: Binder.getCallingPid() = 11059; uid = 10126; Binder.getCallingUid() = 10126; getNameForUid: com.feilong.zaitian; getPackagesForUid: [com.feilong.zaitian]; permName: android.permission.GET_TASKS; type = 0; res = -1; stacktrace=java.lang.Exception

08-12 09:17:54.213  1570  1709 I LSPosed-Bridge: 	at com.example.permlabel.requirePerm$1$2.afterHookedMethod(requirePerm.java:132)

08-12 09:17:54.213  1570  1709 I LSPosed-Bridge: 	at de.robv.android.xposed.XposedBridge$AdditionalHookInfo.callback(Unknown Source:147)

08-12 09:17:54.213  1570  1709 I LSPosed-Bridge: 	at LSPHooker_.checkPermission(Unknown Source:25)

08-12 09:17:54.213  1570  1709 I LSPosed-Bridge: 	at com.android.server.am.ActivityManagerService.isGetTasksAllowed(ActivityManagerService.java:10902)

08-12 09:17:54.213  1570  1709 I LSPosed-Bridge: 	at com.android.server.am.ActivityManagerService.getRunningAppProcesses(ActivityManagerService.java:16139)

08-12 09:17:54.213  1570  1709 I LSPosed-Bridge: 	at android.app.IActivityManager$Stub.onTransact(IActivityManager.java:1088)

08-12 09:17:54.213  1570  1709 I LSPosed-Bridge: 	at com.android.server.am.ActivityManagerService.onTransact(ActivityManagerService.java:3346)

08-12 09:17:54.213  1570  1709 I LSPosed-Bridge: 	at android.os.Binder.execTransact(Binder.java:731)

08-12 09:18:01.708  1570  7706 I LSPosed-Bridge: 11059 PermLabel 10126 AMS.checkPermission: Binder.getCallingPid() = 11059; uid = 10126; Binder.getCallingUid() = 10126; getNameForUid: com.feilong.zaitian; getPackagesForUid: [com.feilong.zaitian]; permName: android.permission.GET_TASKS; type = 0; res = -1; stacktrace=java.lang.Exception

08-12 09:18:01.708  1570  7706 I LSPosed-Bridge: 	at com.example.permlabel.requirePerm$1$2.afterHookedMethod(requirePerm.java:132)

08-12 09:18:01.708  1570  7706 I LSPosed-Bridge: 	at de.robv.android.xposed.XposedBridge$AdditionalHookInfo.callback(Unknown Source:147)

08-12 09:18:01.708  1570  7706 I LSPosed-Bridge: 	at LSPHooker_.checkPermission(Unknown Source:25)

08-12 09:18:01.708  1570  7706 I LSPosed-Bridge: 	at com.android.server.am.ActivityManagerService.isGetTasksAllowed(ActivityManagerService.java:10902)

08-12 09:18:01.708  1570  7706 I LSPosed-Bridge: 	at com.android.server.am.ActivityManagerService.getRunningAppProcesses(ActivityManagerService.java:16139)

08-12 09:18:01.708  1570  7706 I LSPosed-Bridge: 	at android.app.IActivityManager$Stub.onTransact(IActivityManager.java:1088)

08-12 09:18:01.708  1570  7706 I LSPosed-Bridge: 	at com.android.server.am.ActivityManagerService.onTransact(ActivityManagerService.java:3346)

08-12 09:18:01.708  1570  7706 I LSPosed-Bridge: 	at android.os.Binder.execTransact(Binder.java:731)

08-12 09:18:09.121   561   561 I ConfigStore: android::hardware::configstore::V1_0::ISurfaceFlingerConfigs::hasHDRDisplay retrieved: 0

08-12 09:18:09.121  1570  1590 I LSPosed-Bridge: 11059 PermLabel 10126 AMS.checkPermission: Binder.getCallingPid() = 11059; uid = 10126; Binder.getCallingUid() = 10126; getNameForUid: com.feilong.zaitian; getPackagesForUid: [com.feilong.zaitian]; permName: android.permission.GET_TASKS; type = 0; res = -1; stacktrace=java.lang.Exception

08-12 09:18:09.121  1570  1590 I LSPosed-Bridge: 	at com.example.permlabel.requirePerm$1$2.afterHookedMethod(requirePerm.java:132)

08-12 09:18:09.121  1570  1590 I LSPosed-Bridge: 	at de.robv.android.xposed.XposedBridge$AdditionalHookInfo.callback(Unknown Source:147)

08-12 09:18:09.121  1570  1590 I LSPosed-Bridge: 	at LSPHooker_.checkPermission(Unknown Source:25)

08-12 09:18:09.121  1570  1590 I LSPosed-Bridge: 	at com.android.server.am.ActivityManagerService.isGetTasksAllowed(ActivityManagerService.java:10902)

08-12 09:18:09.121  1570  1590 I LSPosed-Bridge: 	at com.android.server.am.ActivityManagerService.getRunningAppProcesses(ActivityManagerService.java:16139)

08-12 09:18:09.121  1570  1590 I LSPosed-Bridge: 	at android.app.IActivityManager$Stub.onTransact(IActivityManager.java:1088)

08-12 09:18:09.121  1570  1590 I LSPosed-Bridge: 	at com.android.server.am.ActivityManagerService.onTransact(ActivityManagerService.java:3346)

08-12 09:18:09.121  1570  1590 I LSPosed-Bridge: 	at android.os.Binder.execTransact(Binder.java:731)

08-12 09:18:09.121   561   561 I ConfigStore: android::hardware::configstore::V1_0::ISurfaceFlingerConfigs::hasHDRDisplay retrieved: 0

08-12 09:18:09.121 11059 11059 I LSPosed-Bridge: 11059 PermLabel hookBinder_test 10126 interfaceBinder =android.app.IActivityManager; arg0 = 81; arg1 = android.os.Parcel@cd1ba6d; arg2 = android.os.Parcel@61671e2; arg3 = 0; res = true; stacktrace=java.lang.Exception

08-12 09:18:09.121 11059 11059 I LSPosed-Bridge: 	at com.example.permlabel.hookBinder_test$1.afterHookedMethod(hookBinder_test.java:63)

08-12 09:18:09.121 11059 11059 I LSPosed-Bridge: 	at de.robv.android.xposed.XposedBridge$AdditionalHookInfo.callback(Unknown Source:147)

08-12 09:18:09.121 11059 11059 I LSPosed-Bridge: 	at LSPHooker_.transact(Unknown Source:28)

08-12 09:18:09.121 11059 11059 I LSPosed-Bridge: 	at android.app.IActivityManager$Stub$Proxy.getRunningAppProcesses(IActivityManager.java:5366)

08-12 09:18:09.121 11059 11059 I LSPosed-Bridge: 	at android.app.ActivityManager.getRunningAppProcesses(ActivityManager.java:3435)

08-12 09:18:09.121 11059 11059 I LSPosed-Bridge: 	at java.lang.reflect.Method.invoke(Native Method)

08-12 09:18:09.121 11059 11059 I LSPosed-Bridge: 	at org.lsposed.lspd.nativebridge.HookBridge.invokeOriginalMethod(Native Method)

08-12 09:18:09.121 11059 11059 I LSPosed-Bridge: 	at de.robv.android.xposed.XposedBridge$AdditionalHookInfo.callback(Unknown Source:110)

08-12 09:18:09.121 11059 11059 I LSPosed-Bridge: 	at LSPHooker_.getRunningAppProcesses(Unknown Source:8)

08-12 09:18:09.121 11059 11059 I LSPosed-Bridge: 	at com.feilong.zaitian.j.p0.g(StringUtils.java:4)

08-12 09:18:09.121 11059 11059 I LSPosed-Bridge: 	at com.feilong.zaitian.ui.activity.MainActivity.i(MainActivity.java:1)

08-12 09:18:09.121 11059 11059 I LSPosed-Bridge: 	at com.feilong.zaitian.ui.activity.MainActivity.j(Unknown Source:0)

08-12 09:18:09.121 11059 11059 I LSPosed-Bridge: 	at com.feilong.zaitian.ui.activity.i.run(Unknown Source:2)

08-12 09:18:09.121 11059 11059 I LSPosed-Bridge: 	at android.os.Handler.handleCallback(Handler.java:873)

08-12 09:18:09.121 11059 11059 I LSPosed-Bridge: 	at android.os.Handler.dispatchMessage(Handler.java:99)

08-12 09:18:09.121 11059 11059 I LSPosed-Bridge: 	at android.os.Looper.loop(Looper.java:193)

08-12 09:18:09.121 11059 11059 I LSPosed-Bridge: 	at android.app.ActivityThread.main(ActivityThread.java:6692)

08-12 09:18:09.121 11059 11059 I LSPosed-Bridge: 	at java.lang.reflect.Method.invoke(Native Method)

08-12 09:18:09.121 11059 11059 I LSPosed-Bridge: 	at com.android.internal.os.RuntimeInit$MethodAndArgsCaller.run(RuntimeInit.java:493)

08-12 09:18:09.121 11059 11059 I LSPosed-Bridge: 	at com.android.internal.os.ZygoteInit.main(ZygoteInit.java:858)

08-12 09:18:09.121 11059 11059 I LSPosed-Bridge: 11059 PermLabel getRunningAppProcesses =android.app.ActivityManager$RunningAppProcessInfo@6890b66

08-12 09:18:09.121 11059 11059 I LSPosed-Bridge: 11059 PermLabel getRunningAppProcesses processName: com.feilong.zaitian pid: 11059

08-12 09:18:09.121 11059 11059 I LSPosed-Bridge: 11059 PermLabel getRunningAppProcesses importance: 100 pid: 11059

08-12 09:18:09.121 11059 11059 I LSPosed-Bridge: 11059 PermLabel getRunningAppProcesses packageName com.feilong.zaitian at index 0 in process 11059

08-12 09:18:09.121   561   561 I ConfigStore: android::hardware::configstore::V1_0::ISurfaceFlingerConfigs::hasHDRDisplay retrieved: 0

08-12 09:18:16.690  1570  7674 I LSPosed-Bridge: 11059 PermLabel 10126 AMS.checkPermission: Binder.getCallingPid() = 11059; uid = 10126; Binder.getCallingUid() = 10126; getNameForUid: com.feilong.zaitian; getPackagesForUid: [com.feilong.zaitian]; permName: android.permission.GET_TASKS; type = 0; res = -1; stacktrace=java.lang.Exception

08-12 09:18:16.690  1570  7674 I LSPosed-Bridge: 	at com.example.permlabel.requirePerm$1$2.afterHookedMethod(requirePerm.java:132)

08-12 09:18:16.690  1570  7674 I LSPosed-Bridge: 	at de.robv.android.xposed.XposedBridge$AdditionalHookInfo.callback(Unknown Source:147)

08-12 09:18:16.690  1570  7674 I LSPosed-Bridge: 	at LSPHooker_.checkPermission(Unknown Source:25)

08-12 09:18:16.690  1570  7674 I LSPosed-Bridge: 	at com.android.server.am.ActivityManagerService.isGetTasksAllowed(ActivityManagerService.java:10902)

08-12 09:18:16.690  1570  7674 I LSPosed-Bridge: 	at com.android.server.am.ActivityManagerService.getRunningAppProcesses(ActivityManagerService.java:16139)

08-12 09:18:16.690  1570  7674 I LSPosed-Bridge: 	at android.app.IActivityManager$Stub.onTransact(IActivityManager.java:1088)

08-12 09:18:16.690  1570  7674 I LSPosed-Bridge: 	at com.android.server.am.ActivityManagerService.onTransact(ActivityManagerService.java:3346)

08-12 09:18:16.690  1570  7674 I LSPosed-Bridge: 	at android.os.Binder.execTransact(Binder.java:731)

08-12 09:18:23.978  1570  1590 I LSPosed-Bridge: 11059 PermLabel 10126 AMS.checkPermission: Binder.getCallingPid() = 11059; uid = 10126; Binder.getCallingUid() = 10126; getNameForUid: com.feilong.zaitian; getPackagesForUid: [com.feilong.zaitian]; permName: android.permission.GET_TASKS; type = 0; res = -1; stacktrace=java.lang.Exception

08-12 09:18:23.978  1570  1590 I LSPosed-Bridge: 	at com.example.permlabel.requirePerm$1$2.afterHookedMethod(requirePerm.java:132)

08-12 09:18:23.978  1570  1590 I LSPosed-Bridge: 	at de.robv.android.xposed.XposedBridge$AdditionalHookInfo.callback(Unknown Source:147)

08-12 09:18:23.978  1570  1590 I LSPosed-Bridge: 	at LSPHooker_.checkPermission(Unknown Source:25)

08-12 09:18:23.978  1570  1590 I LSPosed-Bridge: 	at com.android.server.am.ActivityManagerService.isGetTasksAllowed(ActivityManagerService.java:10902)

08-12 09:18:23.978  1570  1590 I LSPosed-Bridge: 	at com.android.server.am.ActivityManagerService.getRunningAppProcesses(ActivityManagerService.java:16139)

08-12 09:18:23.978  1570  1590 I LSPosed-Bridge: 	at android.app.IActivityManager$Stub.onTransact(IActivityManager.java:1088)

08-12 09:18:23.978  1570  1590 I LSPosed-Bridge: 	at com.android.server.am.ActivityManagerService.onTransact(ActivityManagerService.java:3346)

08-12 09:18:23.978  1570  1590 I LSPosed-Bridge: 	at android.os.Binder.execTransact(Binder.java:731)

08-12 09:19:01.901  1570  1591 I LSPosed-Bridge: 11059 PermLabel 10126 AMS.checkPermission: Binder.getCallingPid() = 11059; uid = 10126; Binder.getCallingUid() = 10126; getNameForUid: com.feilong.zaitian; getPackagesForUid: [com.feilong.zaitian]; permName: android.permission.GET_TASKS; type = 0; res = -1; stacktrace=java.lang.Exception

08-12 09:19:01.901  1570  1591 I LSPosed-Bridge: 	at com.example.permlabel.requirePerm$1$2.afterHookedMethod(requirePerm.java:132)

08-12 09:19:01.901  1570  1591 I LSPosed-Bridge: 	at de.robv.android.xposed.XposedBridge$AdditionalHookInfo.callback(Unknown Source:147)

08-12 09:19:01.901  1570  1591 I LSPosed-Bridge: 	at LSPHooker_.checkPermission(Unknown Source:25)

08-12 09:19:01.901  1570  1591 I LSPosed-Bridge: 	at com.android.server.am.ActivityManagerService.isGetTasksAllowed(ActivityManagerService.java:10902)

08-12 09:19:01.901  1570  1591 I LSPosed-Bridge: 	at com.android.server.am.ActivityManagerService.getRunningAppProcesses(ActivityManagerService.java:16139)

08-12 09:19:01.901  1570  1591 I LSPosed-Bridge: 	at android.app.IActivityManager$Stub.onTransact(IActivityManager.java:1088)

08-12 09:19:01.901  1570  1591 I LSPosed-Bridge: 	at com.android.server.am.ActivityManagerService.onTransact(ActivityManagerService.java:3346)

08-12 09:19:01.901  1570  1591 I LSPosed-Bridge: 	at android.os.Binder.execTransact(Binder.java:731)

08-12 09:19:12.799  1570  2787 I LSPosed-Bridge: 11059 PermLabel 10126 AMS.checkPermission: Binder.getCallingPid() = 11059; uid = 10126; Binder.getCallingUid() = 10126; getNameForUid: com.feilong.zaitian; getPackagesForUid: [com.feilong.zaitian]; permName: android.permission.GET_TASKS; type = 0; res = -1; stacktrace=java.lang.Exception

08-12 09:19:12.799  1570  2787 I LSPosed-Bridge: 	at com.example.permlabel.requirePerm$1$2.afterHookedMethod(requirePerm.java:132)

08-12 09:19:12.799  1570  2787 I LSPosed-Bridge: 	at de.robv.android.xposed.XposedBridge$AdditionalHookInfo.callback(Unknown Source:147)

08-12 09:19:12.799  1570  2787 I LSPosed-Bridge: 	at LSPHooker_.checkPermission(Unknown Source:25)

08-12 09:19:12.799  1570  2787 I LSPosed-Bridge: 	at com.android.server.am.ActivityManagerService.isGetTasksAllowed(ActivityManagerService.java:10902)

08-12 09:19:12.799  1570  2787 I LSPosed-Bridge: 	at com.android.server.am.ActivityManagerService.getRunningAppProcesses(ActivityManagerService.java:16139)

08-12 09:19:12.799  1570  2787 I LSPosed-Bridge: 	at android.app.IActivityManager$Stub.onTransact(IActivityManager.java:1088)

08-12 09:19:12.799  1570  2787 I LSPosed-Bridge: 	at com.android.server.am.ActivityManagerService.onTransact(ActivityManagerService.java:3346)

08-12 09:19:12.799  1570  2787 I LSPosed-Bridge: 	at android.os.Binder.execTransact(Binder.java:731)

08-12 09:19:12.799 11059 11059 I LSPosed-Bridge: 11059 PermLabel hookBinder_test 10126 interfaceBinder =android.app.IActivityManager; arg0 = 81; arg1 = android.os.Parcel@d31357c; arg2 = android.os.Parcel@b96946f; arg3 = 0; res = true; stacktrace=java.lang.Exception

08-12 09:19:12.799 11059 11059 I LSPosed-Bridge: 	at com.example.permlabel.hookBinder_test$1.afterHookedMethod(hookBinder_test.java:63)

08-12 09:19:12.799 11059 11059 I LSPosed-Bridge: 	at de.robv.android.xposed.XposedBridge$AdditionalHookInfo.callback(Unknown Source:147)

08-12 09:19:12.799 11059 11059 I LSPosed-Bridge: 	at LSPHooker_.transact(Unknown Source:28)

08-12 09:19:12.799 11059 11059 I LSPosed-Bridge: 	at android.app.IActivityManager$Stub$Proxy.getRunningAppProcesses(IActivityManager.java:5366)

08-12 09:19:12.799 11059 11059 I LSPosed-Bridge: 	at android.app.ActivityManager.getRunningAppProcesses(ActivityManager.java:3435)

08-12 09:19:12.799 11059 11059 I LSPosed-Bridge: 	at java.lang.reflect.Method.invoke(Native Method)

08-12 09:19:12.799 11059 11059 I LSPosed-Bridge: 	at org.lsposed.lspd.nativebridge.HookBridge.invokeOriginalMethod(Native Method)

08-12 09:19:12.799 11059 11059 I LSPosed-Bridge: 	at de.robv.android.xposed.XposedBridge$AdditionalHookInfo.callback(Unknown Source:110)

08-12 09:19:12.799 11059 11059 I LSPosed-Bridge: 	at LSPHooker_.getRunningAppProcesses(Unknown Source:8)

08-12 09:19:12.799 11059 11059 I LSPosed-Bridge: 	at com.feilong.zaitian.j.p0.g(StringUtils.java:4)

08-12 09:19:12.799 11059 11059 I LSPosed-Bridge: 	at com.feilong.zaitian.ui.activity.MainActivity.i(MainActivity.java:1)

08-12 09:19:12.799 11059 11059 I LSPosed-Bridge: 	at com.feilong.zaitian.ui.activity.MainActivity.j(Unknown Source:0)

08-12 09:19:12.799 11059 11059 I LSPosed-Bridge: 	at com.feilong.zaitian.ui.activity.i.run(Unknown Source:2)

08-12 09:19:12.799 11059 11059 I LSPosed-Bridge: 	at android.os.Handler.handleCallback(Handler.java:873)

08-12 09:19:12.799 11059 11059 I LSPosed-Bridge: 	at android.os.Handler.dispatchMessage(Handler.java:99)

08-12 09:19:12.799 11059 11059 I LSPosed-Bridge: 	at android.os.Looper.loop(Looper.java:193)

08-12 09:19:12.799 11059 11059 I LSPosed-Bridge: 	at android.app.ActivityThread.main(ActivityThread.java:6692)

08-12 09:19:12.799 11059 11059 I LSPosed-Bridge: 	at java.lang.reflect.Method.invoke(Native Method)

08-12 09:19:12.799 11059 11059 I LSPosed-Bridge: 	at com.android.internal.os.RuntimeInit$MethodAndArgsCaller.run(RuntimeInit.java:493)

08-12 09:19:12.799 11059 11059 I LSPosed-Bridge: 	at com.android.internal.os.ZygoteInit.main(ZygoteInit.java:858)

08-12 09:19:12.799 11059 11059 I LSPosed-Bridge: 11059 PermLabel getRunningAppProcesses =android.app.ActivityManager$RunningAppProcessInfo@658718f

08-12 09:19:12.799 11059 11059 I LSPosed-Bridge: 11059 PermLabel getRunningAppProcesses processName: com.feilong.zaitian pid: 11059

08-12 09:19:12.799 11059 11059 I LSPosed-Bridge: 11059 PermLabel getRunningAppProcesses importance: 100 pid: 11059

08-12 09:19:12.799 11059 11059 I LSPosed-Bridge: 11059 PermLabel getRunningAppProcesses packageName com.feilong.zaitian at index 0 in process 11059

08-12 09:19:22.694  1570  2787 I LSPosed-Bridge: 11059 PermLabel 10126 AMS.checkPermission: Binder.getCallingPid() = 11059; uid = 10126; Binder.getCallingUid() = 10126; getNameForUid: com.feilong.zaitian; getPackagesForUid: [com.feilong.zaitian]; permName: android.permission.GET_TASKS; type = 0; res = -1; stacktrace=java.lang.Exception

08-12 09:19:22.694  1570  2787 I LSPosed-Bridge: 	at com.example.permlabel.requirePerm$1$2.afterHookedMethod(requirePerm.java:132)

08-12 09:19:22.694  1570  2787 I LSPosed-Bridge: 	at de.robv.android.xposed.XposedBridge$AdditionalHookInfo.callback(Unknown Source:147)

08-12 09:19:22.694  1570  2787 I LSPosed-Bridge: 	at LSPHooker_.checkPermission(Unknown Source:25)

08-12 09:19:22.694  1570  2787 I LSPosed-Bridge: 	at com.android.server.am.ActivityManagerService.isGetTasksAllowed(ActivityManagerService.java:10902)

08-12 09:19:22.694  1570  2787 I LSPosed-Bridge: 	at com.android.server.am.ActivityManagerService.getRunningAppProcesses(ActivityManagerService.java:16139)

08-12 09:19:22.694  1570  2787 I LSPosed-Bridge: 	at android.app.IActivityManager$Stub.onTransact(IActivityManager.java:1088)

08-12 09:19:22.694  1570  2787 I LSPosed-Bridge: 	at com.android.server.am.ActivityManagerService.onTransact(ActivityManagerService.java:3346)

08-12 09:19:22.694  1570  2787 I LSPosed-Bridge: 	at android.os.Binder.execTransact(Binder.java:731)

08-12 09:19:22.694 11059 11059 I LSPosed-Bridge: 11059 PermLabel hookBinder_test 10126 interfaceBinder =android.app.IActivityManager; arg0 = 81; arg1 = android.os.Parcel@afb7d79; arg2 = android.os.Parcel@db97968; arg3 = 0; res = true; stacktrace=java.lang.Exception

08-12 09:19:22.694 11059 11059 I LSPosed-Bridge: 	at com.example.permlabel.hookBinder_test$1.afterHookedMethod(hookBinder_test.java:63)

08-12 09:19:22.694 11059 11059 I LSPosed-Bridge: 	at de.robv.android.xposed.XposedBridge$AdditionalHookInfo.callback(Unknown Source:147)

08-12 09:19:22.694 11059 11059 I LSPosed-Bridge: 	at LSPHooker_.transact(Unknown Source:28)

08-12 09:19:22.694 11059 11059 I LSPosed-Bridge: 	at android.app.IActivityManager$Stub$Proxy.getRunningAppProcesses(IActivityManager.java:5366)

08-12 09:19:22.694 11059 11059 I LSPosed-Bridge: 	at android.app.ActivityManager.getRunningAppProcesses(ActivityManager.java:3435)

08-12 09:19:22.694 11059 11059 I LSPosed-Bridge: 	at java.lang.reflect.Method.invoke(Native Method)

08-12 09:19:22.694 11059 11059 I LSPosed-Bridge: 	at org.lsposed.lspd.nativebridge.HookBridge.invokeOriginalMethod(Native Method)

08-12 09:19:22.694 11059 11059 I LSPosed-Bridge: 	at de.robv.android.xposed.XposedBridge$AdditionalHookInfo.callback(Unknown Source:110)

08-12 09:19:22.694 11059 11059 I LSPosed-Bridge: 	at LSPHooker_.getRunningAppProcesses(Unknown Source:8)

08-12 09:19:22.694 11059 11059 I LSPosed-Bridge: 	at com.feilong.zaitian.j.p0.g(StringUtils.java:4)

08-12 09:19:22.694 11059 11059 I LSPosed-Bridge: 	at com.feilong.zaitian.ui.reader.FTReadActivity.H(FTReadActivity.java:1)

08-12 09:19:22.694 11059 11059 I LSPosed-Bridge: 	at com.feilong.zaitian.ui.reader.FTReadActivity.I(Unknown Source:0)

08-12 09:19:22.694 11059 11059 I LSPosed-Bridge: 	at com.feilong.zaitian.ui.reader.e.run(Unknown Source:2)

08-12 09:19:22.694 11059 11059 I LSPosed-Bridge: 	at android.os.Handler.handleCallback(Handler.java:873)

08-12 09:19:22.694 11059 11059 I LSPosed-Bridge: 	at android.os.Handler.dispatchMessage(Handler.java:99)

08-12 09:19:22.694 11059 11059 I LSPosed-Bridge: 	at android.os.Looper.loop(Looper.java:193)

08-12 09:19:22.694 11059 11059 I LSPosed-Bridge: 	at android.app.ActivityThread.main(ActivityThread.java:6692)

08-12 09:19:22.694 11059 11059 I LSPosed-Bridge: 	at java.lang.reflect.Method.invoke(Native Method)

08-12 09:19:22.694 11059 11059 I LSPosed-Bridge: 	at com.android.internal.os.RuntimeInit$MethodAndArgsCaller.run(RuntimeInit.java:493)

08-12 09:19:22.694 11059 11059 I LSPosed-Bridge: 	at com.android.internal.os.ZygoteInit.main(ZygoteInit.java:858)

08-12 09:19:22.694 11059 11059 I LSPosed-Bridge: 11059 PermLabel getRunningAppProcesses =android.app.ActivityManager$RunningAppProcessInfo@22b0d91

08-12 09:19:22.694 11059 11059 I LSPosed-Bridge: 11059 PermLabel getRunningAppProcesses processName: com.feilong.zaitian pid: 11059

08-12 09:19:22.694 11059 11059 I LSPosed-Bridge: 11059 PermLabel getRunningAppProcesses importance: 100 pid: 11059

08-12 09:19:22.694 11059 11059 I LSPosed-Bridge: 11059 PermLabel getRunningAppProcesses packageName com.feilong.zaitian at index 0 in process 11059

08-12 09:20:02.809   561   561 I ConfigStore: android::hardware::configstore::V1_0::ISurfaceFlingerConfigs::hasHDRDisplay retrieved: 0

08-12 09:20:02.809  1570  1709 I LSPosed-Bridge: 11059 PermLabel 10126 AMS.checkPermission: Binder.getCallingPid() = 11059; uid = 10126; Binder.getCallingUid() = 10126; getNameForUid: com.feilong.zaitian; getPackagesForUid: [com.feilong.zaitian]; permName: android.permission.GET_TASKS; type = 0; res = -1; stacktrace=java.lang.Exception

08-12 09:20:02.809  1570  1709 I LSPosed-Bridge: 	at com.example.permlabel.requirePerm$1$2.afterHookedMethod(requirePerm.java:132)

08-12 09:20:02.809  1570  1709 I LSPosed-Bridge: 	at de.robv.android.xposed.XposedBridge$AdditionalHookInfo.callback(Unknown Source:147)

08-12 09:20:02.809  1570  1709 I LSPosed-Bridge: 	at LSPHooker_.checkPermission(Unknown Source:25)

08-12 09:20:02.809  1570  1709 I LSPosed-Bridge: 	at com.android.server.am.ActivityManagerService.isGetTasksAllowed(ActivityManagerService.java:10902)

08-12 09:20:02.809  1570  1709 I LSPosed-Bridge: 	at com.android.server.am.ActivityManagerService.getRunningAppProcesses(ActivityManagerService.java:16139)

08-12 09:20:02.809  1570  1709 I LSPosed-Bridge: 	at android.app.IActivityManager$Stub.onTransact(IActivityManager.java:1088)

08-12 09:20:02.809  1570  1709 I LSPosed-Bridge: 	at com.android.server.am.ActivityManagerService.onTransact(ActivityManagerService.java:3346)

08-12 09:20:02.809  1570  1709 I LSPosed-Bridge: 	at android.os.Binder.execTransact(Binder.java:731)

08-12 09:20:02.809   561   561 I ConfigStore: android::hardware::configstore::V1_0::ISurfaceFlingerConfigs::hasHDRDisplay retrieved: 0

08-12 09:20:10.213  1570  1590 I LSPosed-Bridge: 11059 PermLabel 10126 AMS.checkPermission: Binder.getCallingPid() = 11059; uid = 10126; Binder.getCallingUid() = 10126; getNameForUid: com.feilong.zaitian; getPackagesForUid: [com.feilong.zaitian]; permName: android.permission.GET_TASKS; type = 0; res = -1; stacktrace=java.lang.Exception

08-12 09:20:10.213  1570  1590 I LSPosed-Bridge: 	at com.example.permlabel.requirePerm$1$2.afterHookedMethod(requirePerm.java:132)

08-12 09:20:10.213  1570  1590 I LSPosed-Bridge: 	at de.robv.android.xposed.XposedBridge$AdditionalHookInfo.callback(Unknown Source:147)

08-12 09:20:10.213  1570  1590 I LSPosed-Bridge: 	at LSPHooker_.checkPermission(Unknown Source:25)

08-12 09:20:10.213  1570  1590 I LSPosed-Bridge: 	at com.android.server.am.ActivityManagerService.isGetTasksAllowed(ActivityManagerService.java:10902)

08-12 09:20:10.213  1570  1590 I LSPosed-Bridge: 	at com.android.server.am.ActivityManagerService.getRunningAppProcesses(ActivityManagerService.java:16139)

08-12 09:20:10.213  1570  1590 I LSPosed-Bridge: 	at android.app.IActivityManager$Stub.onTransact(IActivityManager.java:1088)

08-12 09:20:10.213  1570  1590 I LSPosed-Bridge: 	at com.android.server.am.ActivityManagerService.onTransact(ActivityManagerService.java:3346)

08-12 09:20:10.213  1570  1590 I LSPosed-Bridge: 	at android.os.Binder.execTransact(Binder.java:731)

08-12 09:20:17.654  1570  1590 I LSPosed-Bridge: 11059 PermLabel 10126 AMS.checkPermission: Binder.getCallingPid() = 11059; uid = 10126; Binder.getCallingUid() = 10126; getNameForUid: com.feilong.zaitian; getPackagesForUid: [com.feilong.zaitian]; permName: android.permission.GET_TASKS; type = 0; res = -1; stacktrace=java.lang.Exception

08-12 09:20:17.654  1570  1590 I LSPosed-Bridge: 	at com.example.permlabel.requirePerm$1$2.afterHookedMethod(requirePerm.java:132)

08-12 09:20:17.654  1570  1590 I LSPosed-Bridge: 	at de.robv.android.xposed.XposedBridge$AdditionalHookInfo.callback(Unknown Source:147)

08-12 09:20:17.654  1570  1590 I LSPosed-Bridge: 	at LSPHooker_.checkPermission(Unknown Source:25)

08-12 09:20:17.654  1570  1590 I LSPosed-Bridge: 	at com.android.server.am.ActivityManagerService.isGetTasksAllowed(ActivityManagerService.java:10902)

08-12 09:20:17.654  1570  1590 I LSPosed-Bridge: 	at com.android.server.am.ActivityManagerService.getRunningAppProcesses(ActivityManagerService.java:16139)

08-12 09:20:17.654  1570  1590 I LSPosed-Bridge: 	at android.app.IActivityManager$Stub.onTransact(IActivityManager.java:1088)

08-12 09:20:17.654  1570  1590 I LSPosed-Bridge: 	at com.android.server.am.ActivityManagerService.onTransact(ActivityManagerService.java:3346)

08-12 09:20:17.654  1570  1590 I LSPosed-Bridge: 	at android.os.Binder.execTransact(Binder.java:731)

08-12 09:20:24.799  1570  2787 I LSPosed-Bridge: 11059 PermLabel 10126 AMS.checkPermission: Binder.getCallingPid() = 11059; uid = 10126; Binder.getCallingUid() = 10126; getNameForUid: com.feilong.zaitian; getPackagesForUid: [com.feilong.zaitian]; permName: android.permission.GET_TASKS; type = 0; res = -1; stacktrace=java.lang.Exception

08-12 09:20:24.799  1570  2787 I LSPosed-Bridge: 	at com.example.permlabel.requirePerm$1$2.afterHookedMethod(requirePerm.java:132)

08-12 09:20:24.799  1570  2787 I LSPosed-Bridge: 	at de.robv.android.xposed.XposedBridge$AdditionalHookInfo.callback(Unknown Source:147)

08-12 09:20:24.799  1570  2787 I LSPosed-Bridge: 	at LSPHooker_.checkPermission(Unknown Source:25)

08-12 09:20:24.799  1570  2787 I LSPosed-Bridge: 	at com.android.server.am.ActivityManagerService.isGetTasksAllowed(ActivityManagerService.java:10902)

08-12 09:20:24.799  1570  2787 I LSPosed-Bridge: 	at com.android.server.am.ActivityManagerService.getRunningAppProcesses(ActivityManagerService.java:16139)

08-12 09:20:24.799  1570  2787 I LSPosed-Bridge: 	at android.app.IActivityManager$Stub.onTransact(IActivityManager.java:1088)

08-12 09:20:24.799  1570  2787 I LSPosed-Bridge: 	at com.android.server.am.ActivityManagerService.onTransact(ActivityManagerService.java:3346)

08-12 09:20:24.799  1570  2787 I LSPosed-Bridge: 	at android.os.Binder.execTransact(Binder.java:731)

08-12 09:20:35.435   561   561 I ConfigStore: android::hardware::configstore::V1_0::ISurfaceFlingerConfigs::hasHDRDisplay retrieved: 0

08-12 09:20:35.435  1570  9681 I LSPosed-Bridge: 11059 PermLabel 10126 AMS.checkPermission: Binder.getCallingPid() = 11059; uid = 10126; Binder.getCallingUid() = 10126; getNameForUid: com.feilong.zaitian; getPackagesForUid: [com.feilong.zaitian]; permName: android.permission.GET_TASKS; type = 0; res = -1; stacktrace=java.lang.Exception

08-12 09:20:35.435  1570  9681 I LSPosed-Bridge: 	at com.example.permlabel.requirePerm$1$2.afterHookedMethod(requirePerm.java:132)

08-12 09:20:35.435  1570  9681 I LSPosed-Bridge: 	at de.robv.android.xposed.XposedBridge$AdditionalHookInfo.callback(Unknown Source:147)

08-12 09:20:35.435  1570  9681 I LSPosed-Bridge: 	at LSPHooker_.checkPermission(Unknown Source:25)

08-12 09:20:35.435  1570  9681 I LSPosed-Bridge: 	at com.android.server.am.ActivityManagerService.isGetTasksAllowed(ActivityManagerService.java:10902)

08-12 09:20:35.435  1570  9681 I LSPosed-Bridge: 	at com.android.server.am.ActivityManagerService.getRunningAppProcesses(ActivityManagerService.java:16139)

08-12 09:20:35.435  1570  9681 I LSPosed-Bridge: 	at android.app.IActivityManager$Stub.onTransact(IActivityManager.java:1088)

08-12 09:20:35.435  1570  9681 I LSPosed-Bridge: 	at com.android.server.am.ActivityManagerService.onTransact(ActivityManagerService.java:3346)

08-12 09:20:35.435  1570  9681 I LSPosed-Bridge: 	at android.os.Binder.execTransact(Binder.java:731)

