08-12 09:20:24.800 11059 11059 I LSPosed-Bridge: 	at com.android.internal.os.ZygoteInit.main(ZygoteInit.java:858)

08-12 09:20:35.436 11059 11059 I LSPosed-Bridge: 11059 PermLabel hookBinder_test 10126 interfaceBinder =android.app.IActivityManager; arg0 = 81; arg1 = android.os.Parcel@5081597; arg2 = android.os.Parcel@6a5fc17; arg3 = 0; res = true; stacktrace=java.lang.Exception

08-12 09:20:35.436 11059 11059 I LSPosed-Bridge: 	at com.example.permlabel.hookBinder_test$1.afterHookedMethod(hookBinder_test.java:63)

08-12 09:20:35.436 11059 11059 I LSPosed-Bridge: 	at de.robv.android.xposed.XposedBridge$AdditionalHookInfo.callback(Unknown Source:147)

08-12 09:20:35.436 11059 11059 I LSPosed-Bridge: 	at LSPHooker_.transact(Unknown Source:28)

08-12 09:20:35.436 11059 11059 I LSPosed-Bridge: 	at android.app.IActivityManager$Stub$Proxy.getRunningAppProcesses(IActivityManager.java:5366)

08-12 09:20:35.436 11059 11059 I LSPosed-Bridge: 	at android.app.ActivityManager.getRunningAppProcesses(ActivityManager.java:3435)

08-12 09:20:35.436 11059 11059 I LSPosed-Bridge: 	at java.lang.reflect.Method.invoke(Native Method)

08-12 09:20:35.436 11059 11059 I LSPosed-Bridge: 	at org.lsposed.lspd.nativebridge.HookBridge.invokeOriginalMethod(Native Method)

08-12 09:20:35.436 11059 11059 I LSPosed-Bridge: 	at de.robv.android.xposed.XposedBridge$AdditionalHookInfo.callback(Unknown Source:110)

08-12 09:20:35.436 11059 11059 I LSPosed-Bridge: 	at LSPHooker_.getRunningAppProcesses(Unknown Source:8)

08-12 09:20:35.436 11059 11059 I LSPosed-Bridge: 	at com.feilong.zaitian.j.p0.g(StringUtils.java:4)

08-12 09:20:35.436 11059 11059 I LSPosed-Bridge: 	at com.feilong.zaitian.ui.activity.MainActivity.i(MainActivity.java:1)

08-12 09:20:35.436 11059 11059 I LSPosed-Bridge: 	at com.feilong.zaitian.ui.activity.MainActivity.j(Unknown Source:0)

08-12 09:20:35.436 11059 11059 I LSPosed-Bridge: 	at com.feilong.zaitian.ui.activity.i.run(Unknown Source:2)

08-12 09:20:35.436 11059 11059 I LSPosed-Bridge: 	at android.os.Handler.handleCallback(Handler.java:873)

08-12 09:20:35.436 11059 11059 I LSPosed-Bridge: 	at android.os.Handler.dispatchMessage(Handler.java:99)

08-12 09:20:35.436 11059 11059 I LSPosed-Bridge: 	at android.os.Looper.loop(Looper.java:193)

08-12 09:20:35.436 11059 11059 I LSPosed-Bridge: 	at android.app.ActivityThread.main(ActivityThread.java:6692)

08-12 09:20:35.436 11059 11059 I LSPosed-Bridge: 	at java.lang.reflect.Method.invoke(Native Method)

08-12 09:20:35.436 11059 11059 I LSPosed-Bridge: 	at com.android.internal.os.RuntimeInit$MethodAndArgsCaller.run(RuntimeInit.java:493)

08-12 09:20:35.436 11059 11059 I LSPosed-Bridge: 	at com.android.internal.os.ZygoteInit.main(ZygoteInit.java:858)

08-12 09:20:35.436 11059 11059 I LSPosed-Bridge: 11059 PermLabel getRunningAppProcesses =android.app.ActivityManager$RunningAppProcessInfo@282c50b

08-12 09:20:35.436 11059 11059 I LSPosed-Bridge: 11059 PermLabel getRunningAppProcesses processName: com.feilong.zaitian pid: 11059

08-12 09:20:35.436 11059 11059 I LSPosed-Bridge: 11059 PermLabel getRunningAppProcesses importance: 100 pid: 11059

08-12 09:20:35.436 11059 11059 I LSPosed-Bridge: 11059 PermLabel getRunningAppProcesses packageName com.feilong.zaitian at index 0 in process 11059

08-12 09:20:35.436 11059 11059 I LSPosed-Bridge: 11059 PermLabel permName: android.permission.READ_PHONE_STATE; getRunningAppProcesses =[android.app.ActivityManager$RunningAppProcessInfo@282c50b]; stacktrace=java.lang.Exception

08-12 09:20:35.436 11059 11059 I LSPosed-Bridge: 	at com.example.permlabel.hookBinder_test$2.afterHookedMethod(hookBinder_test.java:103)

08-12 09:20:35.436 11059 11059 I LSPosed-Bridge: 	at de.robv.android.xposed.XposedBridge$AdditionalHookInfo.callback(Unknown Source:147)

08-12 09:20:35.436 11059 11059 I LSPosed-Bridge: 	at LSPHooker_.getRunningAppProcesses(Unknown Source:8)

08-12 09:20:35.436 11059 11059 I LSPosed-Bridge: 	at com.feilong.zaitian.j.p0.g(StringUtils.java:4)

08-12 09:20:35.436 11059 11059 I LSPosed-Bridge: 	at com.feilong.zaitian.ui.activity.MainActivity.i(MainActivity.java:1)

08-12 09:20:35.436 11059 11059 I LSPosed-Bridge: 	at com.feilong.zaitian.ui.activity.MainActivity.j(Unknown Source:0)

08-12 09:20:35.436 11059 11059 I LSPosed-Bridge: 	at com.feilong.zaitian.ui.activity.i.run(Unknown Source:2)

08-12 09:20:35.436 11059 11059 I LSPosed-Bridge: 	at android.os.Handler.handleCallback(Handler.java:873)

08-12 09:20:35.436 11059 11059 I LSPosed-Bridge: 	at android.os.Handler.dispatchMessage(Handler.java:99)

08-12 09:20:35.436 11059 11059 I LSPosed-Bridge: 	at android.os.Looper.loop(Looper.java:193)

08-12 09:20:35.436 11059 11059 I LSPosed-Bridge: 	at android.app.ActivityThread.main(ActivityThread.java:6692)

08-12 09:20:35.436 11059 11059 I LSPosed-Bridge: 	at java.lang.reflect.Method.invoke(Native Method)

08-12 09:20:35.436 11059 11059 I LSPosed-Bridge: 	at com.android.internal.os.RuntimeInit$MethodAndArgsCaller.run(RuntimeInit.java:493)

08-12 09:20:35.436 11059 11059 I LSPosed-Bridge: 	at com.android.internal.os.ZygoteInit.main(ZygoteInit.java:858)

08-12 09:20:50.810 11059 11059 I LSPosed-Bridge: 11059 PermLabel hookBinder_test 10126 interfaceBinder =android.app.IActivityManager; arg0 = 81; arg1 = android.os.Parcel@627608d; arg2 = android.os.Parcel@465eae3; arg3 = 0; res = true; stacktrace=java.lang.Exception

08-12 09:20:50.810 11059 11059 I LSPosed-Bridge: 	at com.example.permlabel.hookBinder_test$1.afterHookedMethod(hookBinder_test.java:63)

08-12 09:20:50.810 11059 11059 I LSPosed-Bridge: 	at de.robv.android.xposed.XposedBridge$AdditionalHookInfo.callback(Unknown Source:147)

08-12 09:20:50.810 11059 11059 I LSPosed-Bridge: 	at LSPHooker_.transact(Unknown Source:28)

08-12 09:20:50.810 11059 11059 I LSPosed-Bridge: 	at android.app.IActivityManager$Stub$Proxy.getRunningAppProcesses(IActivityManager.java:5366)

08-12 09:20:50.810 11059 11059 I LSPosed-Bridge: 	at android.app.ActivityManager.getRunningAppProcesses(ActivityManager.java:3435)

08-12 09:20:50.810 11059 11059 I LSPosed-Bridge: 	at java.lang.reflect.Method.invoke(Native Method)

08-12 09:20:50.810 11059 11059 I LSPosed-Bridge: 	at org.lsposed.lspd.nativebridge.HookBridge.invokeOriginalMethod(Native Method)

08-12 09:20:50.810 11059 11059 I LSPosed-Bridge: 	at de.robv.android.xposed.XposedBridge$AdditionalHookInfo.callback(Unknown Source:110)

08-12 09:20:50.810 11059 11059 I LSPosed-Bridge: 	at LSPHooker_.getRunningAppProcesses(Unknown Source:8)

08-12 09:20:50.810 11059 11059 I LSPosed-Bridge: 	at com.feilong.zaitian.j.p0.g(StringUtils.java:4)

08-12 09:20:50.810 11059 11059 I LSPosed-Bridge: 	at com.feilong.zaitian.ui.activity.MainActivity.i(MainActivity.java:1)

08-12 09:20:50.810 11059 11059 I LSPosed-Bridge: 	at com.feilong.zaitian.ui.activity.MainActivity.j(Unknown Source:0)

08-12 09:20:50.810 11059 11059 I LSPosed-Bridge: 	at com.feilong.zaitian.ui.activity.i.run(Unknown Source:2)

08-12 09:20:50.810 11059 11059 I LSPosed-Bridge: 	at android.os.Handler.handleCallback(Handler.java:873)

08-12 09:20:50.810 11059 11059 I LSPosed-Bridge: 	at android.os.Handler.dispatchMessage(Handler.java:99)

08-12 09:20:50.810 11059 11059 I LSPosed-Bridge: 	at android.os.Looper.loop(Looper.java:193)

08-12 09:20:50.810 11059 11059 I LSPosed-Bridge: 	at android.app.ActivityThread.main(ActivityThread.java:6692)

08-12 09:20:50.810 11059 11059 I LSPosed-Bridge: 	at java.lang.reflect.Method.invoke(Native Method)

08-12 09:20:50.810 11059 11059 I LSPosed-Bridge: 	at com.android.internal.os.RuntimeInit$MethodAndArgsCaller.run(RuntimeInit.java:493)

08-12 09:20:50.810 11059 11059 I LSPosed-Bridge: 	at com.android.internal.os.ZygoteInit.main(ZygoteInit.java:858)

08-12 09:20:50.810 11059 11059 I LSPosed-Bridge: 11059 PermLabel getRunningAppProcesses =android.app.ActivityManager$RunningAppProcessInfo@49d84d9

08-12 09:20:50.810 11059 11059 I LSPosed-Bridge: 11059 PermLabel getRunningAppProcesses processName: com.feilong.zaitian pid: 11059

08-12 09:20:50.810 11059 11059 I LSPosed-Bridge: 11059 PermLabel getRunningAppProcesses importance: 100 pid: 11059

08-12 09:20:50.810 11059 11059 I LSPosed-Bridge: 11059 PermLabel getRunningAppProcesses packageName com.feilong.zaitian at index 0 in process 11059

08-12 09:20:50.810 11059 11059 I LSPosed-Bridge: 11059 PermLabel permName: android.permission.READ_PHONE_STATE; getRunningAppProcesses =[android.app.ActivityManager$RunningAppProcessInfo@49d84d9]; stacktrace=java.lang.Exception

08-12 09:20:50.810 11059 11059 I LSPosed-Bridge: 	at com.example.permlabel.hookBinder_test$2.afterHookedMethod(hookBinder_test.java:103)

08-12 09:20:50.810 11059 11059 I LSPosed-Bridge: 	at de.robv.android.xposed.XposedBridge$AdditionalHookInfo.callback(Unknown Source:147)

08-12 09:20:50.810 11059 11059 I LSPosed-Bridge: 	at LSPHooker_.getRunningAppProcesses(Unknown Source:8)

08-12 09:20:50.810 11059 11059 I LSPosed-Bridge: 	at com.feilong.zaitian.j.p0.g(StringUtils.java:4)

08-12 09:20:50.810 11059 11059 I LSPosed-Bridge: 	at com.feilong.zaitian.ui.activity.MainActivity.i(MainActivity.java:1)

08-12 09:20:50.810 11059 11059 I LSPosed-Bridge: 	at com.feilong.zaitian.ui.activity.MainActivity.j(Unknown Source:0)

08-12 09:20:50.810 11059 11059 I LSPosed-Bridge: 	at com.feilong.zaitian.ui.activity.i.run(Unknown Source:2)

08-12 09:20:50.810 11059 11059 I LSPosed-Bridge: 	at android.os.Handler.handleCallback(Handler.java:873)

08-12 09:20:50.810 11059 11059 I LSPosed-Bridge: 	at android.os.Handler.dispatchMessage(Handler.java:99)

08-12 09:20:50.810 11059 11059 I LSPosed-Bridge: 	at android.os.Looper.loop(Looper.java:193)

08-12 09:20:50.810 11059 11059 I LSPosed-Bridge: 	at android.app.ActivityThread.main(ActivityThread.java:6692)

08-12 09:20:50.810 11059 11059 I LSPosed-Bridge: 	at java.lang.reflect.Method.invoke(Native Method)

08-12 09:20:50.810 11059 11059 I LSPosed-Bridge: 	at com.android.internal.os.RuntimeInit$MethodAndArgsCaller.run(RuntimeInit.java:493)

08-12 09:20:50.810 11059 11059 I LSPosed-Bridge: 	at com.android.internal.os.ZygoteInit.main(ZygoteInit.java:858)

08-12 09:20:58.424 11059 11059 I LSPosed-Bridge: 11059 PermLabel permName: android.permission.READ_PHONE_STATE; getRunningAppProcesses =[android.app.ActivityManager$RunningAppProcessInfo@53a63c5]; stacktrace=java.lang.Exception

08-12 09:20:58.424 11059 11059 I LSPosed-Bridge: 	at com.example.permlabel.hookBinder_test$2.afterHookedMethod(hookBinder_test.java:103)

08-12 09:20:58.424 11059 11059 I LSPosed-Bridge: 	at de.robv.android.xposed.XposedBridge$AdditionalHookInfo.callback(Unknown Source:147)

08-12 09:20:58.424 11059 11059 I LSPosed-Bridge: 	at LSPHooker_.getRunningAppProcesses(Unknown Source:8)

08-12 09:20:58.424 11059 11059 I LSPosed-Bridge: 	at com.feilong.zaitian.j.p0.g(StringUtils.java:4)

08-12 09:20:58.424 11059 11059 I LSPosed-Bridge: 	at com.feilong.zaitian.ui.activity.MainActivity.i(MainActivity.java:1)

08-12 09:20:58.424 11059 11059 I LSPosed-Bridge: 	at com.feilong.zaitian.ui.activity.MainActivity.j(Unknown Source:0)

08-12 09:20:58.424 11059 11059 I LSPosed-Bridge: 	at com.feilong.zaitian.ui.activity.i.run(Unknown Source:2)

08-12 09:20:58.424 11059 11059 I LSPosed-Bridge: 	at android.os.Handler.handleCallback(Handler.java:873)

08-12 09:20:58.424 11059 11059 I LSPosed-Bridge: 	at android.os.Handler.dispatchMessage(Handler.java:99)

08-12 09:20:58.424 11059 11059 I LSPosed-Bridge: 	at android.os.Looper.loop(Looper.java:193)

08-12 09:20:58.424 11059 11059 I LSPosed-Bridge: 	at android.app.ActivityThread.main(ActivityThread.java:6692)

08-12 09:20:58.424 11059 11059 I LSPosed-Bridge: 	at java.lang.reflect.Method.invoke(Native Method)

08-12 09:20:58.424 11059 11059 I LSPosed-Bridge: 	at com.android.internal.os.RuntimeInit$MethodAndArgsCaller.run(RuntimeInit.java:493)

08-12 09:20:58.424 11059 11059 I LSPosed-Bridge: 	at com.android.internal.os.ZygoteInit.main(ZygoteInit.java:858)

08-12 09:20:58.424   561   561 I ConfigStore: android::hardware::configstore::V1_0::ISurfaceFlingerConfigs::hasHDRDisplay retrieved: 0

08-12 09:21:49.661 11059 11059 I LSPosed-Bridge: 11059 PermLabel hookBinder_test 10126 interfaceBinder =android.app.IActivityManager; arg0 = 81; arg1 = android.os.Parcel@53f6827; arg2 = android.os.Parcel@b49be0d; arg3 = 0; res = true; stacktrace=java.lang.Exception

08-12 09:21:49.661 11059 11059 I LSPosed-Bridge: 	at com.example.permlabel.hookBinder_test$1.afterHookedMethod(hookBinder_test.java:63)

08-12 09:21:49.661 11059 11059 I LSPosed-Bridge: 	at de.robv.android.xposed.XposedBridge$AdditionalHookInfo.callback(Unknown Source:147)

08-12 09:21:49.661 11059 11059 I LSPosed-Bridge: 	at LSPHooker_.transact(Unknown Source:28)

08-12 09:21:49.661 11059 11059 I LSPosed-Bridge: 	at android.app.IActivityManager$Stub$Proxy.getRunningAppProcesses(IActivityManager.java:5366)

08-12 09:21:49.661 11059 11059 I LSPosed-Bridge: 	at android.app.ActivityManager.getRunningAppProcesses(ActivityManager.java:3435)

08-12 09:21:49.661 11059 11059 I LSPosed-Bridge: 	at java.lang.reflect.Method.invoke(Native Method)

08-12 09:21:49.661 11059 11059 I LSPosed-Bridge: 	at org.lsposed.lspd.nativebridge.HookBridge.invokeOriginalMethod(Native Method)

08-12 09:21:49.661 11059 11059 I LSPosed-Bridge: 	at de.robv.android.xposed.XposedBridge$AdditionalHookInfo.callback(Unknown Source:110)

08-12 09:21:49.661 11059 11059 I LSPosed-Bridge: 	at LSPHooker_.getRunningAppProcesses(Unknown Source:8)

08-12 09:21:49.661 11059 11059 I LSPosed-Bridge: 	at com.feilong.zaitian.j.p0.g(StringUtils.java:4)

08-12 09:21:49.661 11059 11059 I LSPosed-Bridge: 	at com.feilong.zaitian.ui.activity.MainActivity.i(MainActivity.java:1)

08-12 09:21:49.661 11059 11059 I LSPosed-Bridge: 	at com.feilong.zaitian.ui.activity.MainActivity.j(Unknown Source:0)

08-12 09:21:49.661 11059 11059 I LSPosed-Bridge: 	at com.feilong.zaitian.ui.activity.i.run(Unknown Source:2)

08-12 09:21:49.661 11059 11059 I LSPosed-Bridge: 	at android.os.Handler.handleCallback(Handler.java:873)

08-12 09:21:49.661 11059 11059 I LSPosed-Bridge: 	at android.os.Handler.dispatchMessage(Handler.java:99)

08-12 09:21:49.661 11059 11059 I LSPosed-Bridge: 	at android.os.Looper.loop(Looper.java:193)

08-12 09:21:49.661 11059 11059 I LSPosed-Bridge: 	at android.app.ActivityThread.main(ActivityThread.java:6692)

08-12 09:21:49.661 11059 11059 I LSPosed-Bridge: 	at java.lang.reflect.Method.invoke(Native Method)

08-12 09:21:49.661 11059 11059 I LSPosed-Bridge: 	at com.android.internal.os.RuntimeInit$MethodAndArgsCaller.run(RuntimeInit.java:493)

08-12 09:21:49.661 11059 11059 I LSPosed-Bridge: 	at com.android.internal.os.ZygoteInit.main(ZygoteInit.java:858)

08-12 09:21:49.661 11059 11059 I LSPosed-Bridge: 11059 PermLabel getRunningAppProcesses =android.app.ActivityManager$RunningAppProcessInfo@1428749

08-12 09:21:49.661 11059 11059 I LSPosed-Bridge: 11059 PermLabel getRunningAppProcesses processName: com.feilong.zaitian pid: 11059

08-12 09:21:49.661 11059 11059 I LSPosed-Bridge: 11059 PermLabel getRunningAppProcesses importance: 100 pid: 11059

08-12 09:21:49.661 11059 11059 I LSPosed-Bridge: 11059 PermLabel getRunningAppProcesses packageName com.feilong.zaitian at index 0 in process 11059

08-12 09:21:49.661   561   561 I ConfigStore: android::hardware::configstore::V1_0::ISurfaceFlingerConfigs::hasHDRDisplay retrieved: 0

08-12 09:21:49.661 11059 11059 I LSPosed-Bridge: 11059 PermLabel permName: android.permission.READ_PHONE_STATE; getRunningAppProcesses =[android.app.ActivityManager$RunningAppProcessInfo@1428749]; stacktrace=java.lang.Exception

08-12 09:21:49.661 11059 11059 I LSPosed-Bridge: 	at com.example.permlabel.hookBinder_test$2.afterHookedMethod(hookBinder_test.java:103)

08-12 09:21:49.661 11059 11059 I LSPosed-Bridge: 	at de.robv.android.xposed.XposedBridge$AdditionalHookInfo.callback(Unknown Source:147)

08-12 09:21:49.661 11059 11059 I LSPosed-Bridge: 	at LSPHooker_.getRunningAppProcesses(Unknown Source:8)

08-12 09:21:49.661 11059 11059 I LSPosed-Bridge: 	at com.feilong.zaitian.j.p0.g(StringUtils.java:4)

08-12 09:21:49.661 11059 11059 I LSPosed-Bridge: 	at com.feilong.zaitian.ui.activity.MainActivity.i(MainActivity.java:1)

08-12 09:21:49.661 11059 11059 I LSPosed-Bridge: 	at com.feilong.zaitian.ui.activity.MainActivity.j(Unknown Source:0)

08-12 09:21:49.661 11059 11059 I LSPosed-Bridge: 	at com.feilong.zaitian.ui.activity.i.run(Unknown Source:2)

08-12 09:21:49.661 11059 11059 I LSPosed-Bridge: 	at android.os.Handler.handleCallback(Handler.java:873)

08-12 09:21:49.661 11059 11059 I LSPosed-Bridge: 	at android.os.Handler.dispatchMessage(Handler.java:99)

08-12 09:21:49.661 11059 11059 I LSPosed-Bridge: 	at android.os.Looper.loop(Looper.java:193)

08-12 09:21:49.661 11059 11059 I LSPosed-Bridge: 	at android.app.ActivityThread.main(ActivityThread.java:6692)

08-12 09:21:49.661 11059 11059 I LSPosed-Bridge: 	at java.lang.reflect.Method.invoke(Native Method)

08-12 09:21:49.661 11059 11059 I LSPosed-Bridge: 	at com.android.internal.os.RuntimeInit$MethodAndArgsCaller.run(RuntimeInit.java:493)

08-12 09:21:49.661 11059 11059 I LSPosed-Bridge: 	at com.android.internal.os.ZygoteInit.main(ZygoteInit.java:858)

08-12 09:21:57.119  1570  1591 I LSPosed-Bridge: 11059 PermLabel 10126 AMS.checkPermission: Binder.getCallingPid() = 11059; uid = 10126; Binder.getCallingUid() = 10126; getNameForUid: com.feilong.zaitian; getPackagesForUid: [com.feilong.zaitian]; permName: android.permission.GET_TASKS; type = 0; res = -1; stacktrace=java.lang.Exception

08-12 09:21:57.119  1570  1591 I LSPosed-Bridge: 	at com.example.permlabel.requirePerm$1$2.afterHookedMethod(requirePerm.java:132)

08-12 09:21:57.119  1570  1591 I LSPosed-Bridge: 	at de.robv.android.xposed.XposedBridge$AdditionalHookInfo.callback(Unknown Source:147)

08-12 09:21:57.119  1570  1591 I LSPosed-Bridge: 	at LSPHooker_.checkPermission(Unknown Source:25)

08-12 09:21:57.119  1570  1591 I LSPosed-Bridge: 	at com.android.server.am.ActivityManagerService.isGetTasksAllowed(ActivityManagerService.java:10902)

08-12 09:21:57.119  1570  1591 I LSPosed-Bridge: 	at com.android.server.am.ActivityManagerService.getRunningAppProcesses(ActivityManagerService.java:16139)

08-12 09:21:57.119  1570  1591 I LSPosed-Bridge: 	at android.app.IActivityManager$Stub.onTransact(IActivityManager.java:1088)

08-12 09:21:57.119  1570  1591 I LSPosed-Bridge: 	at com.android.server.am.ActivityManagerService.onTransact(ActivityManagerService.java:3346)

08-12 09:21:57.119  1570  1591 I LSPosed-Bridge: 	at android.os.Binder.execTransact(Binder.java:731)

08-12 09:21:57.119 11059 11059 I LSPosed-Bridge: 11059 PermLabel hookBinder_test 10126 interfaceBinder =android.app.IActivityManager; arg0 = 81; arg1 = android.os.Parcel@db9fdc2; arg2 = android.os.Parcel@f08d16e; arg3 = 0; res = true; stacktrace=java.lang.Exception

08-12 09:21:57.119 11059 11059 I LSPosed-Bridge: 	at com.example.permlabel.hookBinder_test$1.afterHookedMethod(hookBinder_test.java:63)

08-12 09:21:57.119 11059 11059 I LSPosed-Bridge: 	at de.robv.android.xposed.XposedBridge$AdditionalHookInfo.callback(Unknown Source:147)

08-12 09:21:57.119 11059 11059 I LSPosed-Bridge: 	at LSPHooker_.transact(Unknown Source:28)

08-12 09:21:57.119 11059 11059 I LSPosed-Bridge: 	at android.app.IActivityManager$Stub$Proxy.getRunningAppProcesses(IActivityManager.java:5366)

08-12 09:21:57.119 11059 11059 I LSPosed-Bridge: 	at android.app.ActivityManager.getRunningAppProcesses(ActivityManager.java:3435)

08-12 09:21:57.119 11059 11059 I LSPosed-Bridge: 	at java.lang.reflect.Method.invoke(Native Method)

08-12 09:21:57.119 11059 11059 I LSPosed-Bridge: 	at org.lsposed.lspd.nativebridge.HookBridge.invokeOriginalMethod(Native Method)

08-12 09:21:57.119 11059 11059 I LSPosed-Bridge: 	at de.robv.android.xposed.XposedBridge$AdditionalHookInfo.callback(Unknown Source:110)

08-12 09:21:57.119 11059 11059 I LSPosed-Bridge: 	at LSPHooker_.getRunningAppProcesses(Unknown Source:8)

08-12 09:21:57.119 11059 11059 I LSPosed-Bridge: 	at com.feilong.zaitian.j.p0.g(StringUtils.java:4)

08-12 09:21:57.119 11059 11059 I LSPosed-Bridge: 	at com.feilong.zaitian.ui.activity.MainActivity.i(MainActivity.java:1)

08-12 09:21:57.119 11059 11059 I LSPosed-Bridge: 	at com.feilong.zaitian.ui.activity.MainActivity.j(Unknown Source:0)

08-12 09:21:57.119 11059 11059 I LSPosed-Bridge: 	at com.feilong.zaitian.ui.activity.i.run(Unknown Source:2)

08-12 09:21:57.119 11059 11059 I LSPosed-Bridge: 	at android.os.Handler.handleCallback(Handler.java:873)

08-12 09:21:57.119 11059 11059 I LSPosed-Bridge: 	at android.os.Handler.dispatchMessage(Handler.java:99)

08-12 09:21:57.119 11059 11059 I LSPosed-Bridge: 	at android.os.Looper.loop(Looper.java:193)

08-12 09:21:57.119 11059 11059 I LSPosed-Bridge: 	at android.app.ActivityThread.main(ActivityThread.java:6692)

08-12 09:21:57.119 11059 11059 I LSPosed-Bridge: 	at java.lang.reflect.Method.invoke(Native Method)

08-12 09:21:57.119 11059 11059 I LSPosed-Bridge: 	at com.android.internal.os.RuntimeInit$MethodAndArgsCaller.run(RuntimeInit.java:493)

08-12 09:21:57.119 11059 11059 I LSPosed-Bridge: 	at com.android.internal.os.ZygoteInit.main(ZygoteInit.java:858)

08-12 09:21:57.119 11059 11059 I LSPosed-Bridge: 11059 PermLabel getRunningAppProcesses =android.app.ActivityManager$RunningAppProcessInfo@88be2f9

08-12 09:21:57.119 11059 11059 I LSPosed-Bridge: 11059 PermLabel getRunningAppProcesses processName: com.feilong.zaitian pid: 11059

08-12 09:21:57.119 11059 11059 I LSPosed-Bridge: 11059 PermLabel getRunningAppProcesses importance: 100 pid: 11059

08-12 09:21:57.119 11059 11059 I LSPosed-Bridge: 11059 PermLabel getRunningAppProcesses packageName com.feilong.zaitian at index 0 in process 11059

08-12 09:21:57.119 11059 11059 I LSPosed-Bridge: 11059 PermLabel permName: android.permission.READ_PHONE_STATE; getRunningAppProcesses =[android.app.ActivityManager$RunningAppProcessInfo@88be2f9]; stacktrace=java.lang.Exception

08-12 09:21:57.119 11059 11059 I LSPosed-Bridge: 	at com.example.permlabel.hookBinder_test$2.afterHookedMethod(hookBinder_test.java:103)

08-12 09:21:57.119 11059 11059 I LSPosed-Bridge: 	at de.robv.android.xposed.XposedBridge$AdditionalHookInfo.callback(Unknown Source:147)

08-12 09:21:57.119 11059 11059 I LSPosed-Bridge: 	at LSPHooker_.getRunningAppProcesses(Unknown Source:8)

08-12 09:21:57.119 11059 11059 I LSPosed-Bridge: 	at com.feilong.zaitian.j.p0.g(StringUtils.java:4)

08-12 09:21:57.119 11059 11059 I LSPosed-Bridge: 	at com.feilong.zaitian.ui.activity.MainActivity.i(MainActivity.java:1)

08-12 09:21:57.119 11059 11059 I LSPosed-Bridge: 	at com.feilong.zaitian.ui.activity.MainActivity.j(Unknown Source:0)

08-12 09:21:57.119 11059 11059 I LSPosed-Bridge: 	at com.feilong.zaitian.ui.activity.i.run(Unknown Source:2)

08-12 09:21:57.119 11059 11059 I LSPosed-Bridge: 	at android.os.Handler.handleCallback(Handler.java:873)

08-12 09:21:57.119 11059 11059 I LSPosed-Bridge: 	at android.os.Handler.dispatchMessage(Handler.java:99)

08-12 09:21:57.119 11059 11059 I LSPosed-Bridge: 	at android.os.Looper.loop(Looper.java:193)

08-12 09:21:57.119 11059 11059 I LSPosed-Bridge: 	at android.app.ActivityThread.main(ActivityThread.java:6692)

08-12 09:21:57.119 11059 11059 I LSPosed-Bridge: 	at java.lang.reflect.Method.invoke(Native Method)

08-12 09:21:57.119 11059 11059 I LSPosed-Bridge: 	at com.android.internal.os.RuntimeInit$MethodAndArgsCaller.run(RuntimeInit.java:493)

08-12 09:21:57.119 11059 11059 I LSPosed-Bridge: 	at com.android.internal.os.ZygoteInit.main(ZygoteInit.java:858)

08-12 09:22:04.379 11059 11059 I LSPosed-Bridge: 11059 PermLabel permName: android.permission.READ_PHONE_STATE; getRunningAppProcesses =[android.app.ActivityManager$RunningAppProcessInfo@718eba4]; stacktrace=java.lang.Exception

08-12 09:22:04.379 11059 11059 I LSPosed-Bridge: 	at com.example.permlabel.hookBinder_test$2.afterHookedMethod(hookBinder_test.java:103)

08-12 09:22:04.379 11059 11059 I LSPosed-Bridge: 	at de.robv.android.xposed.XposedBridge$AdditionalHookInfo.callback(Unknown Source:147)

08-12 09:22:04.379 11059 11059 I LSPosed-Bridge: 	at LSPHooker_.getRunningAppProcesses(Unknown Source:8)

08-12 09:22:04.379 11059 11059 I LSPosed-Bridge: 	at com.feilong.zaitian.j.p0.g(StringUtils.java:4)

08-12 09:22:04.379 11059 11059 I LSPosed-Bridge: 	at com.feilong.zaitian.ui.activity.MainActivity.i(MainActivity.java:1)

08-12 09:22:04.379 11059 11059 I LSPosed-Bridge: 	at com.feilong.zaitian.ui.activity.MainActivity.j(Unknown Source:0)

08-12 09:22:04.379 11059 11059 I LSPosed-Bridge: 	at com.feilong.zaitian.ui.activity.i.run(Unknown Source:2)

08-12 09:22:04.379 11059 11059 I LSPosed-Bridge: 	at android.os.Handler.handleCallback(Handler.java:873)

08-12 09:22:04.379 11059 11059 I LSPosed-Bridge: 	at android.os.Handler.dispatchMessage(Handler.java:99)

08-12 09:22:04.379 11059 11059 I LSPosed-Bridge: 	at android.os.Looper.loop(Looper.java:193)

08-12 09:22:04.379 11059 11059 I LSPosed-Bridge: 	at android.app.ActivityThread.main(ActivityThread.java:6692)

08-12 09:22:04.379 11059 11059 I LSPosed-Bridge: 	at java.lang.reflect.Method.invoke(Native Method)

08-12 09:22:04.379 11059 11059 I LSPosed-Bridge: 	at com.android.internal.os.RuntimeInit$MethodAndArgsCaller.run(RuntimeInit.java:493)

08-12 09:22:04.379 11059 11059 I LSPosed-Bridge: 	at com.android.internal.os.ZygoteInit.main(ZygoteInit.java:858)

08-12 09:22:04.379  1570  1591 I LSPosed-Bridge: 11059 PermLabel 10126 AMS.checkPermission: Binder.getCallingPid() = 11059; uid = 10126; Binder.getCallingUid() = 10126; getNameForUid: com.feilong.zaitian; getPackagesForUid: [com.feilong.zaitian]; permName: android.permission.ACCESS_NETWORK_STATE; type = 0; res = 0; stacktrace=java.lang.Exception

08-12 09:22:04.379  1570  1591 I LSPosed-Bridge: 	at com.example.permlabel.requirePerm$1$2.afterHookedMethod(requirePerm.java:132)

08-12 09:22:04.379  1570  1591 I LSPosed-Bridge: 	at de.robv.android.xposed.XposedBridge$AdditionalHookInfo.callback(Unknown Source:147)

08-12 09:22:04.379  1570  1591 I LSPosed-Bridge: 	at LSPHooker_.checkPermission(Unknown Source:25)

08-12 09:22:04.379  1570  1591 I LSPosed-Bridge: 	at android.app.ContextImpl.checkPermission(ContextImpl.java:1751)

08-12 09:22:04.379  1570  1591 I LSPosed-Bridge: 	at android.app.ContextImpl.checkCallingOrSelfPermission(ContextImpl.java:1791)

08-12 09:22:04.379  1570  1591 I LSPosed-Bridge: 	at android.app.ContextImpl.enforceCallingOrSelfPermission(ContextImpl.java:1841)

08-12 09:22:04.379  1570  1591 I LSPosed-Bridge: 	at com.android.server.ConnectivityService.enforceAccessPermission(ConnectivityService.java:1672)

08-12 09:22:04.379  1570  1591 I LSPosed-Bridge: 	at com.android.server.ConnectivityService.getActiveNetworkInfo(ConnectivityService.java:1178)

08-12 09:22:04.379  1570  1591 I LSPosed-Bridge: 	at android.net.IConnectivityManager$Stub.onTransact(IConnectivityManager.java:85)

08-12 09:22:04.379  1570  1591 I LSPosed-Bridge: 	at android.os.Binder.execTransact(Binder.java:731)

08-12 09:22:19.338 11059 11059 I LSPosed-Bridge: 11059 PermLabel permName: android.permission.READ_PHONE_STATE; getRunningAppProcesses =[android.app.ActivityManager$RunningAppProcessInfo@e1b714]; stacktrace=java.lang.Exception

08-12 09:22:19.338 11059 11059 I LSPosed-Bridge: 	at com.example.permlabel.hookBinder_test$2.afterHookedMethod(hookBinder_test.java:103)

08-12 09:22:19.338 11059 11059 I LSPosed-Bridge: 	at de.robv.android.xposed.XposedBridge$AdditionalHookInfo.callback(Unknown Source:147)

08-12 09:22:19.338 11059 11059 I LSPosed-Bridge: 	at LSPHooker_.getRunningAppProcesses(Unknown Source:8)

08-12 09:22:19.338 11059 11059 I LSPosed-Bridge: 	at com.feilong.zaitian.j.p0.g(StringUtils.java:4)

08-12 09:22:19.338 11059 11059 I LSPosed-Bridge: 	at com.feilong.zaitian.ui.activity.MainActivity.i(MainActivity.java:1)

08-12 09:22:19.338 11059 11059 I LSPosed-Bridge: 	at com.feilong.zaitian.ui.activity.MainActivity.j(Unknown Source:0)

08-12 09:22:19.338 11059 11059 I LSPosed-Bridge: 	at com.feilong.zaitian.ui.activity.i.run(Unknown Source:2)

08-12 09:22:19.338 11059 11059 I LSPosed-Bridge: 	at android.os.Handler.handleCallback(Handler.java:873)

08-12 09:22:19.338 11059 11059 I LSPosed-Bridge: 	at android.os.Handler.dispatchMessage(Handler.java:99)

08-12 09:22:19.338 11059 11059 I LSPosed-Bridge: 	at android.os.Looper.loop(Looper.java:193)

08-12 09:22:19.338 11059 11059 I LSPosed-Bridge: 	at android.app.ActivityThread.main(ActivityThread.java:6692)

08-12 09:22:19.338 11059 11059 I LSPosed-Bridge: 	at java.lang.reflect.Method.invoke(Native Method)

08-12 09:22:19.338 11059 11059 I LSPosed-Bridge: 	at com.android.internal.os.RuntimeInit$MethodAndArgsCaller.run(RuntimeInit.java:493)

08-12 09:22:19.338 11059 11059 I LSPosed-Bridge: 	at com.android.internal.os.ZygoteInit.main(ZygoteInit.java:858)

08-12 09:22:33.670 11059 11059 I LSPosed-Bridge: 11059 PermLabel getRunningAppProcesses =android.app.ActivityManager$RunningAppProcessInfo@4a41a2

08-12 09:22:33.670 11059 11059 I LSPosed-Bridge: 11059 PermLabel getRunningAppProcesses processName: com.feilong.zaitian pid: 11059

08-12 09:22:33.670 11059 11059 I LSPosed-Bridge: 11059 PermLabel getRunningAppProcesses importance: 100 pid: 11059

08-12 09:22:33.670 11059 11059 I LSPosed-Bridge: 11059 PermLabel getRunningAppProcesses packageName com.feilong.zaitian at index 0 in process 11059

08-12 09:22:33.670 11059 11059 I LSPosed-Bridge: 11059 PermLabel permName: android.permission.READ_PHONE_STATE; getRunningAppProcesses =[android.app.ActivityManager$RunningAppProcessInfo@4a41a2]; stacktrace=java.lang.Exception

08-12 09:22:33.670 11059 11059 I LSPosed-Bridge: 	at com.example.permlabel.hookBinder_test$2.afterHookedMethod(hookBinder_test.java:103)

08-12 09:22:33.670 11059 11059 I LSPosed-Bridge: 	at de.robv.android.xposed.XposedBridge$AdditionalHookInfo.callback(Unknown Source:147)

08-12 09:22:33.670 11059 11059 I LSPosed-Bridge: 	at LSPHooker_.getRunningAppProcesses(Unknown Source:8)

08-12 09:22:33.670 11059 11059 I LSPosed-Bridge: 	at com.feilong.zaitian.j.p0.g(StringUtils.java:4)

08-12 09:22:33.670 11059 11059 I LSPosed-Bridge: 	at com.feilong.zaitian.ui.activity.MainActivity.i(MainActivity.java:1)

08-12 09:22:33.670 11059 11059 I LSPosed-Bridge: 	at com.feilong.zaitian.ui.activity.MainActivity.j(Unknown Source:0)

08-12 09:22:33.670 11059 11059 I LSPosed-Bridge: 	at com.feilong.zaitian.ui.activity.i.run(Unknown Source:2)

08-12 09:22:33.670 11059 11059 I LSPosed-Bridge: 	at android.os.Handler.handleCallback(Handler.java:873)

08-12 09:22:33.670 11059 11059 I LSPosed-Bridge: 	at android.os.Handler.dispatchMessage(Handler.java:99)

08-12 09:22:33.670 11059 11059 I LSPosed-Bridge: 	at android.os.Looper.loop(Looper.java:193)

08-12 09:22:33.670 11059 11059 I LSPosed-Bridge: 	at android.app.ActivityThread.main(ActivityThread.java:6692)

08-12 09:22:33.670 11059 11059 I LSPosed-Bridge: 	at java.lang.reflect.Method.invoke(Native Method)

08-12 09:22:33.670 11059 11059 I LSPosed-Bridge: 	at com.android.internal.os.RuntimeInit$MethodAndArgsCaller.run(RuntimeInit.java:493)

08-12 09:22:33.670 11059 11059 I LSPosed-Bridge: 	at com.android.internal.os.ZygoteInit.main(ZygoteInit.java:858)

08-12 09:22:40.992 11059 11059 I LSPosed-Bridge: 11059 PermLabel getRunningAppProcesses =android.app.ActivityManager$RunningAppProcessInfo@4d98436

08-12 09:22:40.992 11059 11059 I LSPosed-Bridge: 11059 PermLabel getRunningAppProcesses processName: com.feilong.zaitian pid: 11059

08-12 09:22:40.992 11059 11059 I LSPosed-Bridge: 11059 PermLabel getRunningAppProcesses importance: 100 pid: 11059

08-12 09:22:40.992 11059 11059 I LSPosed-Bridge: 11059 PermLabel getRunningAppProcesses packageName com.feilong.zaitian at index 0 in process 11059

08-12 09:22:40.992 11059 11059 I LSPosed-Bridge: 11059 PermLabel permName: android.permission.READ_PHONE_STATE; getRunningAppProcesses =[android.app.ActivityManager$RunningAppProcessInfo@4d98436]; stacktrace=java.lang.Exception

08-12 09:22:40.992 11059 11059 I LSPosed-Bridge: 	at com.example.permlabel.hookBinder_test$2.afterHookedMethod(hookBinder_test.java:103)

08-12 09:22:40.992 11059 11059 I LSPosed-Bridge: 	at de.robv.android.xposed.XposedBridge$AdditionalHookInfo.callback(Unknown Source:147)

08-12 09:22:40.992 11059 11059 I LSPosed-Bridge: 	at LSPHooker_.getRunningAppProcesses(Unknown Source:8)

08-12 09:22:40.992 11059 11059 I LSPosed-Bridge: 	at com.feilong.zaitian.j.p0.g(StringUtils.java:4)

08-12 09:22:40.992 11059 11059 I LSPosed-Bridge: 	at com.feilong.zaitian.ui.activity.MainActivity.i(MainActivity.java:1)

08-12 09:22:40.992 11059 11059 I LSPosed-Bridge: 	at com.feilong.zaitian.ui.activity.MainActivity.j(Unknown Source:0)

08-12 09:22:40.992 11059 11059 I LSPosed-Bridge: 	at com.feilong.zaitian.ui.activity.i.run(Unknown Source:2)

08-12 09:22:40.992 11059 11059 I LSPosed-Bridge: 	at android.os.Handler.handleCallback(Handler.java:873)

08-12 09:22:40.992 11059 11059 I LSPosed-Bridge: 	at android.os.Handler.dispatchMessage(Handler.java:99)

08-12 09:22:40.992 11059 11059 I LSPosed-Bridge: 	at android.os.Looper.loop(Looper.java:193)

08-12 09:22:40.992 11059 11059 I LSPosed-Bridge: 	at android.app.ActivityThread.main(ActivityThread.java:6692)

08-12 09:22:40.992 11059 11059 I LSPosed-Bridge: 	at java.lang.reflect.Method.invoke(Native Method)

08-12 09:22:40.992 11059 11059 I LSPosed-Bridge: 	at com.android.internal.os.RuntimeInit$MethodAndArgsCaller.run(RuntimeInit.java:493)

08-12 09:22:40.992 11059 11059 I LSPosed-Bridge: 	at com.android.internal.os.ZygoteInit.main(ZygoteInit.java:858)

08-12 09:22:43.897 11059 11059 I LSPosed-Bridge: 11059 PermLabel permName: android.permission.READ_PHONE_STATE; getRunningAppProcesses =[android.app.ActivityManager$RunningAppProcessInfo@a86948d]; stacktrace=java.lang.Exception

08-12 09:22:43.897 11059 11059 I LSPosed-Bridge: 	at com.example.permlabel.hookBinder_test$2.afterHookedMethod(hookBinder_test.java:103)

08-12 09:22:43.897 11059 11059 I LSPosed-Bridge: 	at de.robv.android.xposed.XposedBridge$AdditionalHookInfo.callback(Unknown Source:147)

08-12 09:22:43.897 11059 11059 I LSPosed-Bridge: 	at LSPHooker_.getRunningAppProcesses(Unknown Source:8)

08-12 09:22:43.897 11059 11059 I LSPosed-Bridge: 	at com.feilong.zaitian.j.p0.g(StringUtils.java:4)

08-12 09:22:43.897 11059 11059 I LSPosed-Bridge: 	at com.feilong.zaitian.ui.reader.FTReadActivity.H(FTReadActivity.java:1)

08-12 09:22:43.897 11059 11059 I LSPosed-Bridge: 	at com.feilong.zaitian.ui.reader.FTReadActivity.I(Unknown Source:0)

08-12 09:22:43.897 11059 11059 I LSPosed-Bridge: 	at com.feilong.zaitian.ui.reader.e.run(Unknown Source:2)

08-12 09:22:43.897 11059 11059 I LSPosed-Bridge: 	at android.os.Handler.handleCallback(Handler.java:873)

08-12 09:22:43.897 11059 11059 I LSPosed-Bridge: 	at android.os.Handler.dispatchMessage(Handler.java:99)

08-12 09:22:43.897 11059 11059 I LSPosed-Bridge: 	at android.os.Looper.loop(Looper.java:193)

08-12 09:22:43.897 11059 11059 I LSPosed-Bridge: 	at android.app.ActivityThread.main(ActivityThread.java:6692)

08-12 09:22:43.897 11059 11059 I LSPosed-Bridge: 	at java.lang.reflect.Method.invoke(Native Method)

08-12 09:22:43.897 11059 11059 I LSPosed-Bridge: 	at com.android.internal.os.RuntimeInit$MethodAndArgsCaller.run(RuntimeInit.java:493)

08-12 09:22:43.897 11059 11059 I LSPosed-Bridge: 	at com.android.internal.os.ZygoteInit.main(ZygoteInit.java:858)

08-12 09:22:43.897   561   561 I ConfigStore: android::hardware::configstore::V1_0::ISurfaceFlingerConfigs::hasHDRDisplay retrieved: 0

08-12 09:22:47.469 11059 11059 I LSPosed-Bridge: 11059 PermLabel hookBinder_test 10126 interfaceBinder =android.app.IActivityManager; arg0 = 81; arg1 = android.os.Parcel@2ebc616; arg2 = android.os.Parcel@716476f; arg3 = 0; res = true; stacktrace=java.lang.Exception

08-12 09:22:47.469 11059 11059 I LSPosed-Bridge: 	at com.example.permlabel.hookBinder_test$1.afterHookedMethod(hookBinder_test.java:63)

08-12 09:22:47.469 11059 11059 I LSPosed-Bridge: 	at de.robv.android.xposed.XposedBridge$AdditionalHookInfo.callback(Unknown Source:147)

08-12 09:22:47.469 11059 11059 I LSPosed-Bridge: 	at LSPHooker_.transact(Unknown Source:28)

08-12 09:22:47.469 11059 11059 I LSPosed-Bridge: 	at android.app.IActivityManager$Stub$Proxy.getRunningAppProcesses(IActivityManager.java:5366)

08-12 09:22:47.469 11059 11059 I LSPosed-Bridge: 	at android.app.ActivityManager.getRunningAppProcesses(ActivityManager.java:3435)

08-12 09:22:47.469 11059 11059 I LSPosed-Bridge: 	at java.lang.reflect.Method.invoke(Native Method)

08-12 09:22:47.469 11059 11059 I LSPosed-Bridge: 	at org.lsposed.lspd.nativebridge.HookBridge.invokeOriginalMethod(Native Method)

08-12 09:22:47.469 11059 11059 I LSPosed-Bridge: 	at de.robv.android.xposed.XposedBridge$AdditionalHookInfo.callback(Unknown Source:110)

08-12 09:22:47.469 11059 11059 I LSPosed-Bridge: 	at LSPHooker_.getRunningAppProcesses(Unknown Source:8)

08-12 09:22:47.469 11059 11059 I LSPosed-Bridge: 	at com.feilong.zaitian.j.p0.g(StringUtils.java:4)

08-12 09:22:47.469 11059 11059 I LSPosed-Bridge: 	at com.feilong.zaitian.ui.activity.MainActivity.i(MainActivity.java:1)

08-12 09:22:47.469 11059 11059 I LSPosed-Bridge: 	at com.feilong.zaitian.ui.activity.MainActivity.j(Unknown Source:0)

08-12 09:22:47.469 11059 11059 I LSPosed-Bridge: 	at com.feilong.zaitian.ui.activity.i.run(Unknown Source:2)

08-12 09:22:47.469 11059 11059 I LSPosed-Bridge: 	at android.os.Handler.handleCallback(Handler.java:873)

08-12 09:22:47.469 11059 11059 I LSPosed-Bridge: 	at android.os.Handler.dispatchMessage(Handler.java:99)

08-12 09:22:47.469 11059 11059 I LSPosed-Bridge: 	at android.os.Looper.loop(Looper.java:193)

08-12 09:22:47.469 11059 11059 I LSPosed-Bridge: 	at android.app.ActivityThread.main(ActivityThread.java:6692)

08-12 09:22:47.469 11059 11059 I LSPosed-Bridge: 	at java.lang.reflect.Method.invoke(Native Method)

08-12 09:22:47.469 11059 11059 I LSPosed-Bridge: 	at com.android.internal.os.RuntimeInit$MethodAndArgsCaller.run(RuntimeInit.java:493)

08-12 09:22:47.469 11059 11059 I LSPosed-Bridge: 	at com.android.internal.os.ZygoteInit.main(ZygoteInit.java:858)

08-12 09:22:47.469 11059 11059 I LSPosed-Bridge: 11059 PermLabel getRunningAppProcesses =android.app.ActivityManager$RunningAppProcessInfo@d99ba55

08-12 09:22:47.469 11059 11059 I LSPosed-Bridge: 11059 PermLabel getRunningAppProcesses processName: com.feilong.zaitian pid: 11059

08-12 09:22:47.469 11059 11059 I LSPosed-Bridge: 11059 PermLabel getRunningAppProcesses importance: 100 pid: 11059

08-12 09:22:47.469 11059 11059 I LSPosed-Bridge: 11059 PermLabel getRunningAppProcesses packageName com.feilong.zaitian at index 0 in process 11059

08-12 09:22:47.469 11059 11059 I LSPosed-Bridge: 11059 PermLabel permName: android.permission.READ_PHONE_STATE; getRunningAppProcesses =[android.app.ActivityManager$RunningAppProcessInfo@d99ba55]; stacktrace=java.lang.Exception

08-12 09:22:47.469 11059 11059 I LSPosed-Bridge: 	at com.example.permlabel.hookBinder_test$2.afterHookedMethod(hookBinder_test.java:103)

08-12 09:22:47.469 11059 11059 I LSPosed-Bridge: 	at de.robv.android.xposed.XposedBridge$AdditionalHookInfo.callback(Unknown Source:147)

08-12 09:22:47.469 11059 11059 I LSPosed-Bridge: 	at LSPHooker_.getRunningAppProcesses(Unknown Source:8)

08-12 09:22:47.469 11059 11059 I LSPosed-Bridge: 	at com.feilong.zaitian.j.p0.g(StringUtils.java:4)

08-12 09:22:47.469 11059 11059 I LSPosed-Bridge: 	at com.feilong.zaitian.ui.activity.MainActivity.i(MainActivity.java:1)

08-12 09:22:47.469 11059 11059 I LSPosed-Bridge: 	at com.feilong.zaitian.ui.activity.MainActivity.j(Unknown Source:0)

08-12 09:22:47.469 11059 11059 I LSPosed-Bridge: 	at com.feilong.zaitian.ui.activity.i.run(Unknown Source:2)

08-12 09:22:47.469 11059 11059 I LSPosed-Bridge: 	at android.os.Handler.handleCallback(Handler.java:873)

08-12 09:22:47.469 11059 11059 I LSPosed-Bridge: 	at android.os.Handler.dispatchMessage(Handler.java:99)

08-12 09:22:47.469 11059 11059 I LSPosed-Bridge: 	at android.os.Looper.loop(Looper.java:193)

08-12 09:22:47.469 11059 11059 I LSPosed-Bridge: 	at android.app.ActivityThread.main(ActivityThread.java:6692)

08-12 09:22:47.469 11059 11059 I LSPosed-Bridge: 	at java.lang.reflect.Method.invoke(Native Method)

08-12 09:22:47.469 11059 11059 I LSPosed-Bridge: 	at com.android.internal.os.RuntimeInit$MethodAndArgsCaller.run(RuntimeInit.java:493)

08-12 09:22:47.469 11059 11059 I LSPosed-Bridge: 	at com.android.internal.os.ZygoteInit.main(ZygoteInit.java:858)

08-12 09:22:50.396 11059 11059 I LSPosed-Bridge: 11059 PermLabel hookBinder_test 10126 interfaceBinder =android.app.IActivityManager; arg0 = 81; arg1 = android.os.Parcel@c8425e1; arg2 = android.os.Parcel@20b2129; arg3 = 0; res = true; stacktrace=java.lang.Exception

08-12 09:22:50.396 11059 11059 I LSPosed-Bridge: 	at com.example.permlabel.hookBinder_test$1.afterHookedMethod(hookBinder_test.java:63)

08-12 09:22:50.396 11059 11059 I LSPosed-Bridge: 	at de.robv.android.xposed.XposedBridge$AdditionalHookInfo.callback(Unknown Source:147)

08-12 09:22:50.396 11059 11059 I LSPosed-Bridge: 	at LSPHooker_.transact(Unknown Source:28)

08-12 09:22:50.396 11059 11059 I LSPosed-Bridge: 	at android.app.IActivityManager$Stub$Proxy.getRunningAppProcesses(IActivityManager.java:5366)

08-12 09:22:50.396 11059 11059 I LSPosed-Bridge: 	at android.app.ActivityManager.getRunningAppProcesses(ActivityManager.java:3435)

08-12 09:22:50.396 11059 11059 I LSPosed-Bridge: 	at java.lang.reflect.Method.invoke(Native Method)

08-12 09:22:50.396 11059 11059 I LSPosed-Bridge: 	at org.lsposed.lspd.nativebridge.HookBridge.invokeOriginalMethod(Native Method)

08-12 09:22:50.396 11059 11059 I LSPosed-Bridge: 	at de.robv.android.xposed.XposedBridge$AdditionalHookInfo.callback(Unknown Source:110)

08-12 09:22:50.396 11059 11059 I LSPosed-Bridge: 	at LSPHooker_.getRunningAppProcesses(Unknown Source:8)

08-12 09:22:50.396 11059 11059 I LSPosed-Bridge: 	at com.feilong.zaitian.j.p0.g(StringUtils.java:4)

08-12 09:22:50.396 11059 11059 I LSPosed-Bridge: 	at com.feilong.zaitian.ui.reader.FTReadActivity.H(FTReadActivity.java:1)

08-12 09:22:50.396 11059 11059 I LSPosed-Bridge: 	at com.feilong.zaitian.ui.reader.FTReadActivity.I(Unknown Source:0)

08-12 09:22:50.396 11059 11059 I LSPosed-Bridge: 	at com.feilong.zaitian.ui.reader.e.run(Unknown Source:2)

08-12 09:22:50.396 11059 11059 I LSPosed-Bridge: 	at android.os.Handler.handleCallback(Handler.java:873)

08-12 09:22:50.396 11059 11059 I LSPosed-Bridge: 	at android.os.Handler.dispatchMessage(Handler.java:99)

08-12 09:22:50.396 11059 11059 I LSPosed-Bridge: 	at android.os.Looper.loop(Looper.java:193)

08-12 09:22:50.396 11059 11059 I LSPosed-Bridge: 	at android.app.ActivityThread.main(ActivityThread.java:6692)

08-12 09:22:50.396 11059 11059 I LSPosed-Bridge: 	at java.lang.reflect.Method.invoke(Native Method)

08-12 09:22:50.396 11059 11059 I LSPosed-Bridge: 	at com.android.internal.os.RuntimeInit$MethodAndArgsCaller.run(RuntimeInit.java:493)

08-12 09:22:50.396 11059 11059 I LSPosed-Bridge: 	at com.android.internal.os.ZygoteInit.main(ZygoteInit.java:858)

08-12 09:22:50.396 11059 11059 I LSPosed-Bridge: 11059 PermLabel getRunningAppProcesses =android.app.ActivityManager$RunningAppProcessInfo@390298d

08-12 09:22:50.396 11059 11059 I LSPosed-Bridge: 11059 PermLabel getRunningAppProcesses processName: com.feilong.zaitian pid: 11059

08-12 09:22:50.396 11059 11059 I LSPosed-Bridge: 11059 PermLabel getRunningAppProcesses importance: 100 pid: 11059

08-12 09:22:50.396 11059 11059 I LSPosed-Bridge: 11059 PermLabel getRunningAppProcesses packageName com.feilong.zaitian at index 0 in process 11059

08-12 09:22:50.396   561   561 I ConfigStore: android::hardware::configstore::V1_0::ISurfaceFlingerConfigs::hasHDRDisplay retrieved: 0

08-12 09:22:50.396 11059 11059 I LSPosed-Bridge: 11059 PermLabel permName: android.permission.READ_PHONE_STATE; getRunningAppProcesses =[android.app.ActivityManager$RunningAppProcessInfo@390298d]; stacktrace=java.lang.Exception

08-12 09:22:50.396 11059 11059 I LSPosed-Bridge: 	at com.example.permlabel.hookBinder_test$2.afterHookedMethod(hookBinder_test.java:103)

08-12 09:22:50.396 11059 11059 I LSPosed-Bridge: 	at de.robv.android.xposed.XposedBridge$AdditionalHookInfo.callback(Unknown Source:147)

08-12 09:22:50.396 11059 11059 I LSPosed-Bridge: 	at LSPHooker_.getRunningAppProcesses(Unknown Source:8)

08-12 09:22:50.396 11059 11059 I LSPosed-Bridge: 	at com.feilong.zaitian.j.p0.g(StringUtils.java:4)

08-12 09:22:50.396 11059 11059 I LSPosed-Bridge: 	at com.feilong.zaitian.ui.reader.FTReadActivity.H(FTReadActivity.java:1)

08-12 09:22:50.396 11059 11059 I LSPosed-Bridge: 	at com.feilong.zaitian.ui.reader.FTReadActivity.I(Unknown Source:0)

08-12 09:22:50.396 11059 11059 I LSPosed-Bridge: 	at com.feilong.zaitian.ui.reader.e.run(Unknown Source:2)

08-12 09:22:50.396 11059 11059 I LSPosed-Bridge: 	at android.os.Handler.handleCallback(Handler.java:873)

08-12 09:22:50.396 11059 11059 I LSPosed-Bridge: 	at android.os.Handler.dispatchMessage(Handler.java:99)

08-12 09:22:50.396 11059 11059 I LSPosed-Bridge: 	at android.os.Looper.loop(Looper.java:193)

08-12 09:22:50.396 11059 11059 I LSPosed-Bridge: 	at android.app.ActivityThread.main(ActivityThread.java:6692)

08-12 09:22:50.396 11059 11059 I LSPosed-Bridge: 	at java.lang.reflect.Method.invoke(Native Method)

08-12 09:22:50.396 11059 11059 I LSPosed-Bridge: 	at com.android.internal.os.RuntimeInit$MethodAndArgsCaller.run(RuntimeInit.java:493)

08-12 09:22:50.396 11059 11059 I LSPosed-Bridge: 	at com.android.internal.os.ZygoteInit.main(ZygoteInit.java:858)

08-12 09:22:50.396   561   561 I ConfigStore: android::hardware::configstore::V1_0::ISurfaceFlingerConfigs::hasHDRDisplay retrieved: 0

08-12 09:23:13.764 11059 11059 I LSPosed-Bridge: 11059 PermLabel hookBinder_test 10126 interfaceBinder =android.app.IActivityManager; arg0 = 81; arg1 = android.os.Parcel@8dd9cf9; arg2 = android.os.Parcel@67d82b; arg3 = 0; res = true; stacktrace=java.lang.Exception

08-12 09:23:13.764 11059 11059 I LSPosed-Bridge: 	at com.example.permlabel.hookBinder_test$1.afterHookedMethod(hookBinder_test.java:63)

08-12 09:23:13.764 11059 11059 I LSPosed-Bridge: 	at de.robv.android.xposed.XposedBridge$AdditionalHookInfo.callback(Unknown Source:147)

08-12 09:23:13.764 11059 11059 I LSPosed-Bridge: 	at LSPHooker_.transact(Unknown Source:28)

08-12 09:23:13.764 11059 11059 I LSPosed-Bridge: 	at android.app.IActivityManager$Stub$Proxy.getRunningAppProcesses(IActivityManager.java:5366)

08-12 09:23:13.764 11059 11059 I LSPosed-Bridge: 	at android.app.ActivityManager.getRunningAppProcesses(ActivityManager.java:3435)

08-12 09:23:13.764 11059 11059 I LSPosed-Bridge: 	at java.lang.reflect.Method.invoke(Native Method)

08-12 09:23:13.764 11059 11059 I LSPosed-Bridge: 	at org.lsposed.lspd.nativebridge.HookBridge.invokeOriginalMethod(Native Method)

08-12 09:23:13.764 11059 11059 I LSPosed-Bridge: 	at de.robv.android.xposed.XposedBridge$AdditionalHookInfo.callback(Unknown Source:110)

08-12 09:23:13.764 11059 11059 I LSPosed-Bridge: 	at LSPHooker_.getRunningAppProcesses(Unknown Source:8)

08-12 09:23:13.764 11059 11059 I LSPosed-Bridge: 	at com.feilong.zaitian.j.p0.g(StringUtils.java:4)

08-12 09:23:13.764 11059 11059 I LSPosed-Bridge: 	at com.feilong.zaitian.ui.activity.MainActivity.i(MainActivity.java:1)

08-12 09:23:13.764 11059 11059 I LSPosed-Bridge: 	at com.feilong.zaitian.ui.activity.MainActivity.j(Unknown Source:0)

08-12 09:23:13.764 11059 11059 I LSPosed-Bridge: 	at com.feilong.zaitian.ui.activity.i.run(Unknown Source:2)

08-12 09:23:13.764 11059 11059 I LSPosed-Bridge: 	at android.os.Handler.handleCallback(Handler.java:873)

08-12 09:23:13.764 11059 11059 I LSPosed-Bridge: 	at android.os.Handler.dispatchMessage(Handler.java:99)

08-12 09:23:13.764 11059 11059 I LSPosed-Bridge: 	at android.os.Looper.loop(Looper.java:193)

08-12 09:23:13.764 11059 11059 I LSPosed-Bridge: 	at android.app.ActivityThread.main(ActivityThread.java:6692)

08-12 09:23:13.764 11059 11059 I LSPosed-Bridge: 	at java.lang.reflect.Method.invoke(Native Method)

08-12 09:23:13.764 11059 11059 I LSPosed-Bridge: 	at com.android.internal.os.RuntimeInit$MethodAndArgsCaller.run(RuntimeInit.java:493)

08-12 09:23:13.764 11059 11059 I LSPosed-Bridge: 	at com.android.internal.os.ZygoteInit.main(ZygoteInit.java:858)

08-12 09:23:13.764 11059 11059 I LSPosed-Bridge: 11059 PermLabel getRunningAppProcesses =android.app.ActivityManager$RunningAppProcessInfo@8bfccba

08-12 09:23:13.764 11059 11059 I LSPosed-Bridge: 11059 PermLabel getRunningAppProcesses processName: com.feilong.zaitian pid: 11059

08-12 09:23:13.764 11059 11059 I LSPosed-Bridge: 11059 PermLabel getRunningAppProcesses importance: 100 pid: 11059

08-12 09:23:13.764 11059 11059 I LSPosed-Bridge: 11059 PermLabel getRunningAppProcesses packageName com.feilong.zaitian at index 0 in process 11059

08-12 09:23:13.764 11059 11059 I LSPosed-Bridge: 11059 PermLabel permName: android.permission.READ_PHONE_STATE; getRunningAppProcesses =[android.app.ActivityManager$RunningAppProcessInfo@8bfccba]; stacktrace=java.lang.Exception

08-12 09:23:13.764 11059 11059 I LSPosed-Bridge: 	at com.example.permlabel.hookBinder_test$2.afterHookedMethod(hookBinder_test.java:103)

08-12 09:23:13.764 11059 11059 I LSPosed-Bridge: 	at de.robv.android.xposed.XposedBridge$AdditionalHookInfo.callback(Unknown Source:147)

08-12 09:23:13.764 11059 11059 I LSPosed-Bridge: 	at LSPHooker_.getRunningAppProcesses(Unknown Source:8)

08-12 09:23:13.764 11059 11059 I LSPosed-Bridge: 	at com.feilong.zaitian.j.p0.g(StringUtils.java:4)

08-12 09:23:13.764 11059 11059 I LSPosed-Bridge: 	at com.feilong.zaitian.ui.activity.MainActivity.i(MainActivity.java:1)

08-12 09:23:13.764 11059 11059 I LSPosed-Bridge: 	at com.feilong.zaitian.ui.activity.MainActivity.j(Unknown Source:0)

