08-12 09:23:13.764 11059 11059 I LSPosed-Bridge: 	at com.feilong.zaitian.ui.activity.i.run(Unknown Source:2)

08-12 09:23:13.764 11059 11059 I LSPosed-Bridge: 	at android.os.Handler.handleCallback(Handler.java:873)

08-12 09:23:13.764 11059 11059 I LSPosed-Bridge: 	at android.os.Handler.dispatchMessage(Handler.java:99)

08-12 09:23:13.764 11059 11059 I LSPosed-Bridge: 	at android.os.Looper.loop(Looper.java:193)

08-12 09:23:13.764 11059 11059 I LSPosed-Bridge: 	at android.app.ActivityThread.main(ActivityThread.java:6692)

08-12 09:23:13.764 11059 11059 I LSPosed-Bridge: 	at java.lang.reflect.Method.invoke(Native Method)

08-12 09:23:13.764 11059 11059 I LSPosed-Bridge: 	at com.android.internal.os.RuntimeInit$MethodAndArgsCaller.run(RuntimeInit.java:493)

08-12 09:23:13.764 11059 11059 I LSPosed-Bridge: 	at com.android.internal.os.ZygoteInit.main(ZygoteInit.java:858)

08-12 09:23:28.304 11059 11059 I LSPosed-Bridge: 11059 PermLabel getRunningAppProcesses processName: com.feilong.zaitian pid: 11059

08-12 09:23:28.304 11059 11059 I LSPosed-Bridge: 11059 PermLabel getRunningAppProcesses importance: 100 pid: 11059

08-12 09:23:28.304 11059 11059 I LSPosed-Bridge: 11059 PermLabel getRunningAppProcesses packageName com.feilong.zaitian at index 0 in process 11059

08-12 09:23:28.304 11059 11059 I LSPosed-Bridge: 11059 PermLabel permName: android.permission.READ_PHONE_STATE; getRunningAppProcesses =[android.app.ActivityManager$RunningAppProcessInfo@bc98d4c]; stacktrace=java.lang.Exception

08-12 09:23:28.304 11059 11059 I LSPosed-Bridge: 	at com.example.permlabel.hookBinder_test$2.afterHookedMethod(hookBinder_test.java:103)

08-12 09:23:28.304 11059 11059 I LSPosed-Bridge: 	at de.robv.android.xposed.XposedBridge$AdditionalHookInfo.callback(Unknown Source:147)

08-12 09:23:28.304 11059 11059 I LSPosed-Bridge: 	at LSPHooker_.getRunningAppProcesses(Unknown Source:8)

08-12 09:23:28.304 11059 11059 I LSPosed-Bridge: 	at com.feilong.zaitian.j.p0.g(StringUtils.java:4)

08-12 09:23:28.304 11059 11059 I LSPosed-Bridge: 	at com.feilong.zaitian.ui.activity.MainActivity.i(MainActivity.java:1)

08-12 09:23:28.304 11059 11059 I LSPosed-Bridge: 	at com.feilong.zaitian.ui.activity.MainActivity.j(Unknown Source:0)

08-12 09:23:28.304 11059 11059 I LSPosed-Bridge: 	at com.feilong.zaitian.ui.activity.i.run(Unknown Source:2)

08-12 09:23:28.304 11059 11059 I LSPosed-Bridge: 	at android.os.Handler.handleCallback(Handler.java:873)

08-12 09:23:28.304 11059 11059 I LSPosed-Bridge: 	at android.os.Handler.dispatchMessage(Handler.java:99)

08-12 09:23:28.304 11059 11059 I LSPosed-Bridge: 	at android.os.Looper.loop(Looper.java:193)

08-12 09:23:28.304 11059 11059 I LSPosed-Bridge: 	at android.app.ActivityThread.main(ActivityThread.java:6692)

08-12 09:23:28.304 11059 11059 I LSPosed-Bridge: 	at java.lang.reflect.Method.invoke(Native Method)

08-12 09:23:28.304 11059 11059 I LSPosed-Bridge: 	at com.android.internal.os.RuntimeInit$MethodAndArgsCaller.run(RuntimeInit.java:493)

08-12 09:23:28.304 11059 11059 I LSPosed-Bridge: 	at com.android.internal.os.ZygoteInit.main(ZygoteInit.java:858)

08-12 09:23:35.360 11059 11059 I LSPosed-Bridge: 11059 PermLabel getRunningAppProcesses =android.app.ActivityManager$RunningAppProcessInfo@bf7ec7

08-12 09:23:35.360 11059 11059 I LSPosed-Bridge: 11059 PermLabel getRunningAppProcesses processName: com.feilong.zaitian pid: 11059

08-12 09:23:35.360 11059 11059 I LSPosed-Bridge: 11059 PermLabel getRunningAppProcesses importance: 100 pid: 11059

08-12 09:23:35.360 11059 11059 I LSPosed-Bridge: 11059 PermLabel getRunningAppProcesses packageName com.feilong.zaitian at index 0 in process 11059

08-12 09:23:35.360 11059 11059 I LSPosed-Bridge: 11059 PermLabel permName: android.permission.READ_PHONE_STATE; getRunningAppProcesses =[android.app.ActivityManager$RunningAppProcessInfo@bf7ec7]; stacktrace=java.lang.Exception

08-12 09:23:35.360 11059 11059 I LSPosed-Bridge: 	at com.example.permlabel.hookBinder_test$2.afterHookedMethod(hookBinder_test.java:103)

08-12 09:23:35.360 11059 11059 I LSPosed-Bridge: 	at de.robv.android.xposed.XposedBridge$AdditionalHookInfo.callback(Unknown Source:147)

08-12 09:23:35.360 11059 11059 I LSPosed-Bridge: 	at LSPHooker_.getRunningAppProcesses(Unknown Source:8)

08-12 09:23:35.360 11059 11059 I LSPosed-Bridge: 	at com.feilong.zaitian.j.p0.g(StringUtils.java:4)

08-12 09:23:35.360 11059 11059 I LSPosed-Bridge: 	at com.feilong.zaitian.ui.activity.MainActivity.i(MainActivity.java:1)

08-12 09:23:35.360 11059 11059 I LSPosed-Bridge: 	at com.feilong.zaitian.ui.activity.MainActivity.j(Unknown Source:0)

08-12 09:23:35.360 11059 11059 I LSPosed-Bridge: 	at com.feilong.zaitian.ui.activity.i.run(Unknown Source:2)

08-12 09:23:35.360 11059 11059 I LSPosed-Bridge: 	at android.os.Handler.handleCallback(Handler.java:873)

08-12 09:23:35.360 11059 11059 I LSPosed-Bridge: 	at android.os.Handler.dispatchMessage(Handler.java:99)

08-12 09:23:35.360 11059 11059 I LSPosed-Bridge: 	at android.os.Looper.loop(Looper.java:193)

08-12 09:23:35.360 11059 11059 I LSPosed-Bridge: 	at android.app.ActivityThread.main(ActivityThread.java:6692)

08-12 09:23:35.360 11059 11059 I LSPosed-Bridge: 	at java.lang.reflect.Method.invoke(Native Method)

08-12 09:23:35.360 11059 11059 I LSPosed-Bridge: 	at com.android.internal.os.RuntimeInit$MethodAndArgsCaller.run(RuntimeInit.java:493)

08-12 09:23:35.360 11059 11059 I LSPosed-Bridge: 	at com.android.internal.os.ZygoteInit.main(ZygoteInit.java:858)

08-12 09:23:38.365 11059 11059 I LSPosed-Bridge: 11059 PermLabel hookBinder_test 10126 interfaceBinder =android.app.IActivityManager; arg0 = 81; arg1 = android.os.Parcel@cff784d; arg2 = android.os.Parcel@7c6025e; arg3 = 0; res = true; stacktrace=java.lang.Exception

08-12 09:23:38.365 11059 11059 I LSPosed-Bridge: 	at com.example.permlabel.hookBinder_test$1.afterHookedMethod(hookBinder_test.java:63)

08-12 09:23:38.365 11059 11059 I LSPosed-Bridge: 	at de.robv.android.xposed.XposedBridge$AdditionalHookInfo.callback(Unknown Source:147)

08-12 09:23:38.365 11059 11059 I LSPosed-Bridge: 	at LSPHooker_.transact(Unknown Source:28)

08-12 09:23:38.365 11059 11059 I LSPosed-Bridge: 	at android.app.IActivityManager$Stub$Proxy.getRunningAppProcesses(IActivityManager.java:5366)

08-12 09:23:38.365 11059 11059 I LSPosed-Bridge: 	at android.app.ActivityManager.getRunningAppProcesses(ActivityManager.java:3435)

08-12 09:23:38.365 11059 11059 I LSPosed-Bridge: 	at java.lang.reflect.Method.invoke(Native Method)

08-12 09:23:38.365 11059 11059 I LSPosed-Bridge: 	at org.lsposed.lspd.nativebridge.HookBridge.invokeOriginalMethod(Native Method)

08-12 09:23:38.365 11059 11059 I LSPosed-Bridge: 	at de.robv.android.xposed.XposedBridge$AdditionalHookInfo.callback(Unknown Source:110)

08-12 09:23:38.365 11059 11059 I LSPosed-Bridge: 	at LSPHooker_.getRunningAppProcesses(Unknown Source:8)

08-12 09:23:38.365 11059 11059 I LSPosed-Bridge: 	at com.feilong.zaitian.j.p0.g(StringUtils.java:4)

08-12 09:23:38.365 11059 11059 I LSPosed-Bridge: 	at com.feilong.zaitian.ui.reader.FTReadActivity.H(FTReadActivity.java:1)

08-12 09:23:38.365 11059 11059 I LSPosed-Bridge: 	at com.feilong.zaitian.ui.reader.FTReadActivity.I(Unknown Source:0)

08-12 09:23:38.365 11059 11059 I LSPosed-Bridge: 	at com.feilong.zaitian.ui.reader.e.run(Unknown Source:2)

08-12 09:23:38.365 11059 11059 I LSPosed-Bridge: 	at android.os.Handler.handleCallback(Handler.java:873)

08-12 09:23:38.365 11059 11059 I LSPosed-Bridge: 	at android.os.Handler.dispatchMessage(Handler.java:99)

08-12 09:23:38.365 11059 11059 I LSPosed-Bridge: 	at android.os.Looper.loop(Looper.java:193)

08-12 09:23:38.365 11059 11059 I LSPosed-Bridge: 	at android.app.ActivityThread.main(ActivityThread.java:6692)

08-12 09:23:38.365 11059 11059 I LSPosed-Bridge: 	at java.lang.reflect.Method.invoke(Native Method)

08-12 09:23:38.365 11059 11059 I LSPosed-Bridge: 	at com.android.internal.os.RuntimeInit$MethodAndArgsCaller.run(RuntimeInit.java:493)

08-12 09:23:38.365 11059 11059 I LSPosed-Bridge: 	at com.android.internal.os.ZygoteInit.main(ZygoteInit.java:858)

08-12 09:23:38.365 11059 11059 I LSPosed-Bridge: 11059 PermLabel getRunningAppProcesses =android.app.ActivityManager$RunningAppProcessInfo@3d884c5

08-12 09:23:38.365 11059 11059 I LSPosed-Bridge: 11059 PermLabel getRunningAppProcesses processName: com.feilong.zaitian pid: 11059

08-12 09:23:38.365 11059 11059 I LSPosed-Bridge: 11059 PermLabel getRunningAppProcesses importance: 100 pid: 11059

08-12 09:23:38.365 11059 11059 I LSPosed-Bridge: 11059 PermLabel getRunningAppProcesses packageName com.feilong.zaitian at index 0 in process 11059

08-12 09:23:38.365 11059 11059 I LSPosed-Bridge: 11059 PermLabel permName: android.permission.READ_PHONE_STATE; getRunningAppProcesses =[android.app.ActivityManager$RunningAppProcessInfo@3d884c5]; stacktrace=java.lang.Exception

08-12 09:23:38.365 11059 11059 I LSPosed-Bridge: 	at com.example.permlabel.hookBinder_test$2.afterHookedMethod(hookBinder_test.java:103)

08-12 09:23:38.365 11059 11059 I LSPosed-Bridge: 	at de.robv.android.xposed.XposedBridge$AdditionalHookInfo.callback(Unknown Source:147)

08-12 09:23:38.365 11059 11059 I LSPosed-Bridge: 	at LSPHooker_.getRunningAppProcesses(Unknown Source:8)

08-12 09:23:38.365 11059 11059 I LSPosed-Bridge: 	at com.feilong.zaitian.j.p0.g(StringUtils.java:4)

08-12 09:23:38.365 11059 11059 I LSPosed-Bridge: 	at com.feilong.zaitian.ui.reader.FTReadActivity.H(FTReadActivity.java:1)

08-12 09:23:38.365 11059 11059 I LSPosed-Bridge: 	at com.feilong.zaitian.ui.reader.FTReadActivity.I(Unknown Source:0)

08-12 09:23:38.365 11059 11059 I LSPosed-Bridge: 	at com.feilong.zaitian.ui.reader.e.run(Unknown Source:2)

08-12 09:23:38.365 11059 11059 I LSPosed-Bridge: 	at android.os.Handler.handleCallback(Handler.java:873)

08-12 09:23:38.365 11059 11059 I LSPosed-Bridge: 	at android.os.Handler.dispatchMessage(Handler.java:99)

08-12 09:23:38.365 11059 11059 I LSPosed-Bridge: 	at android.os.Looper.loop(Looper.java:193)

08-12 09:23:38.365 11059 11059 I LSPosed-Bridge: 	at android.app.ActivityThread.main(ActivityThread.java:6692)

08-12 09:23:38.365 11059 11059 I LSPosed-Bridge: 	at java.lang.reflect.Method.invoke(Native Method)

08-12 09:23:38.365 11059 11059 I LSPosed-Bridge: 	at com.android.internal.os.RuntimeInit$MethodAndArgsCaller.run(RuntimeInit.java:493)

08-12 09:23:38.365 11059 11059 I LSPosed-Bridge: 	at com.android.internal.os.ZygoteInit.main(ZygoteInit.java:858)

08-12 09:23:41.980 11059 11059 I LSPosed-Bridge: 11059 PermLabel hookBinder_test 10126 interfaceBinder =android.app.IActivityManager; arg0 = 81; arg1 = android.os.Parcel@e96f9c3; arg2 = android.os.Parcel@725016a; arg3 = 0; res = true; stacktrace=java.lang.Exception

08-12 09:23:41.980 11059 11059 I LSPosed-Bridge: 	at com.example.permlabel.hookBinder_test$1.afterHookedMethod(hookBinder_test.java:63)

08-12 09:23:41.980 11059 11059 I LSPosed-Bridge: 	at de.robv.android.xposed.XposedBridge$AdditionalHookInfo.callback(Unknown Source:147)

08-12 09:23:41.980 11059 11059 I LSPosed-Bridge: 	at LSPHooker_.transact(Unknown Source:28)

08-12 09:23:41.980 11059 11059 I LSPosed-Bridge: 	at android.app.IActivityManager$Stub$Proxy.getRunningAppProcesses(IActivityManager.java:5366)

08-12 09:23:41.980 11059 11059 I LSPosed-Bridge: 	at android.app.ActivityManager.getRunningAppProcesses(ActivityManager.java:3435)

08-12 09:23:41.980 11059 11059 I LSPosed-Bridge: 	at java.lang.reflect.Method.invoke(Native Method)

08-12 09:23:41.980 11059 11059 I LSPosed-Bridge: 	at org.lsposed.lspd.nativebridge.HookBridge.invokeOriginalMethod(Native Method)

08-12 09:23:41.980 11059 11059 I LSPosed-Bridge: 	at de.robv.android.xposed.XposedBridge$AdditionalHookInfo.callback(Unknown Source:110)

08-12 09:23:41.980 11059 11059 I LSPosed-Bridge: 	at LSPHooker_.getRunningAppProcesses(Unknown Source:8)

08-12 09:23:41.980 11059 11059 I LSPosed-Bridge: 	at com.feilong.zaitian.j.p0.g(StringUtils.java:4)

08-12 09:23:41.980 11059 11059 I LSPosed-Bridge: 	at com.feilong.zaitian.ui.activity.MainActivity.i(MainActivity.java:1)

08-12 09:23:41.980 11059 11059 I LSPosed-Bridge: 	at com.feilong.zaitian.ui.activity.MainActivity.j(Unknown Source:0)

08-12 09:23:41.980 11059 11059 I LSPosed-Bridge: 	at com.feilong.zaitian.ui.activity.i.run(Unknown Source:2)

08-12 09:23:41.980 11059 11059 I LSPosed-Bridge: 	at android.os.Handler.handleCallback(Handler.java:873)

08-12 09:23:41.980 11059 11059 I LSPosed-Bridge: 	at android.os.Handler.dispatchMessage(Handler.java:99)

08-12 09:23:41.980 11059 11059 I LSPosed-Bridge: 	at android.os.Looper.loop(Looper.java:193)

08-12 09:23:41.980 11059 11059 I LSPosed-Bridge: 	at android.app.ActivityThread.main(ActivityThread.java:6692)

08-12 09:23:41.980 11059 11059 I LSPosed-Bridge: 	at java.lang.reflect.Method.invoke(Native Method)

08-12 09:23:41.980 11059 11059 I LSPosed-Bridge: 	at com.android.internal.os.RuntimeInit$MethodAndArgsCaller.run(RuntimeInit.java:493)

08-12 09:23:41.980 11059 11059 I LSPosed-Bridge: 	at com.android.internal.os.ZygoteInit.main(ZygoteInit.java:858)

08-12 09:23:41.980 11059 11059 I LSPosed-Bridge: 11059 PermLabel getRunningAppProcesses =android.app.ActivityManager$RunningAppProcessInfo@be39f45

08-12 09:23:41.980 11059 11059 I LSPosed-Bridge: 11059 PermLabel getRunningAppProcesses processName: com.feilong.zaitian pid: 11059

08-12 09:23:41.980 11059 11059 I LSPosed-Bridge: 11059 PermLabel getRunningAppProcesses importance: 100 pid: 11059

08-12 09:23:41.980 11059 11059 I LSPosed-Bridge: 11059 PermLabel getRunningAppProcesses packageName com.feilong.zaitian at index 0 in process 11059

08-12 09:23:41.980 11059 11059 I LSPosed-Bridge: 11059 PermLabel permName: android.permission.READ_PHONE_STATE; getRunningAppProcesses =[android.app.ActivityManager$RunningAppProcessInfo@be39f45]; stacktrace=java.lang.Exception

08-12 09:23:41.980 11059 11059 I LSPosed-Bridge: 	at com.example.permlabel.hookBinder_test$2.afterHookedMethod(hookBinder_test.java:103)

08-12 09:23:41.980 11059 11059 I LSPosed-Bridge: 	at de.robv.android.xposed.XposedBridge$AdditionalHookInfo.callback(Unknown Source:147)

08-12 09:23:41.980 11059 11059 I LSPosed-Bridge: 	at LSPHooker_.getRunningAppProcesses(Unknown Source:8)

08-12 09:23:41.980 11059 11059 I LSPosed-Bridge: 	at com.feilong.zaitian.j.p0.g(StringUtils.java:4)

08-12 09:23:41.980 11059 11059 I LSPosed-Bridge: 	at com.feilong.zaitian.ui.activity.MainActivity.i(MainActivity.java:1)

08-12 09:23:41.980 11059 11059 I LSPosed-Bridge: 	at com.feilong.zaitian.ui.activity.MainActivity.j(Unknown Source:0)

08-12 09:23:41.980 11059 11059 I LSPosed-Bridge: 	at com.feilong.zaitian.ui.activity.i.run(Unknown Source:2)

08-12 09:23:41.980 11059 11059 I LSPosed-Bridge: 	at android.os.Handler.handleCallback(Handler.java:873)

08-12 09:23:41.980 11059 11059 I LSPosed-Bridge: 	at android.os.Handler.dispatchMessage(Handler.java:99)

08-12 09:23:41.980 11059 11059 I LSPosed-Bridge: 	at android.os.Looper.loop(Looper.java:193)

08-12 09:23:41.980 11059 11059 I LSPosed-Bridge: 	at android.app.ActivityThread.main(ActivityThread.java:6692)

08-12 09:23:41.980 11059 11059 I LSPosed-Bridge: 	at java.lang.reflect.Method.invoke(Native Method)

08-12 09:23:41.980 11059 11059 I LSPosed-Bridge: 	at com.android.internal.os.RuntimeInit$MethodAndArgsCaller.run(RuntimeInit.java:493)

08-12 09:23:41.980 11059 11059 I LSPosed-Bridge: 	at com.android.internal.os.ZygoteInit.main(ZygoteInit.java:858)

08-12 09:23:41.980   561   561 I ConfigStore: android::hardware::configstore::V1_0::ISurfaceFlingerConfigs::hasHDRDisplay retrieved: 0

08-12 09:23:44.946 11059 11059 I LSPosed-Bridge: 11059 PermLabel hookBinder_test 10126 interfaceBinder =android.app.IActivityManager; arg0 = 81; arg1 = android.os.Parcel@8a8da39; arg2 = android.os.Parcel@a290b78; arg3 = 0; res = true; stacktrace=java.lang.Exception

08-12 09:23:44.946 11059 11059 I LSPosed-Bridge: 	at com.example.permlabel.hookBinder_test$1.afterHookedMethod(hookBinder_test.java:63)

08-12 09:23:44.946 11059 11059 I LSPosed-Bridge: 	at de.robv.android.xposed.XposedBridge$AdditionalHookInfo.callback(Unknown Source:147)

08-12 09:23:44.946 11059 11059 I LSPosed-Bridge: 	at LSPHooker_.transact(Unknown Source:28)

08-12 09:23:44.946 11059 11059 I LSPosed-Bridge: 	at android.app.IActivityManager$Stub$Proxy.getRunningAppProcesses(IActivityManager.java:5366)

08-12 09:23:44.946 11059 11059 I LSPosed-Bridge: 	at android.app.ActivityManager.getRunningAppProcesses(ActivityManager.java:3435)

08-12 09:23:44.946 11059 11059 I LSPosed-Bridge: 	at java.lang.reflect.Method.invoke(Native Method)

08-12 09:23:44.946 11059 11059 I LSPosed-Bridge: 	at org.lsposed.lspd.nativebridge.HookBridge.invokeOriginalMethod(Native Method)

08-12 09:23:44.946 11059 11059 I LSPosed-Bridge: 	at de.robv.android.xposed.XposedBridge$AdditionalHookInfo.callback(Unknown Source:110)

08-12 09:23:44.946 11059 11059 I LSPosed-Bridge: 	at LSPHooker_.getRunningAppProcesses(Unknown Source:8)

08-12 09:23:44.946 11059 11059 I LSPosed-Bridge: 	at com.feilong.zaitian.j.p0.g(StringUtils.java:4)

08-12 09:23:44.946 11059 11059 I LSPosed-Bridge: 	at com.feilong.zaitian.ui.reader.FTReadActivity.H(FTReadActivity.java:1)

08-12 09:23:44.946 11059 11059 I LSPosed-Bridge: 	at com.feilong.zaitian.ui.reader.FTReadActivity.I(Unknown Source:0)

08-12 09:23:44.946 11059 11059 I LSPosed-Bridge: 	at com.feilong.zaitian.ui.reader.e.run(Unknown Source:2)

08-12 09:23:44.946 11059 11059 I LSPosed-Bridge: 	at android.os.Handler.handleCallback(Handler.java:873)

08-12 09:23:44.946 11059 11059 I LSPosed-Bridge: 	at android.os.Handler.dispatchMessage(Handler.java:99)

08-12 09:23:44.946 11059 11059 I LSPosed-Bridge: 	at android.os.Looper.loop(Looper.java:193)

08-12 09:23:44.946 11059 11059 I LSPosed-Bridge: 	at android.app.ActivityThread.main(ActivityThread.java:6692)

08-12 09:23:44.946 11059 11059 I LSPosed-Bridge: 	at java.lang.reflect.Method.invoke(Native Method)

08-12 09:23:44.946 11059 11059 I LSPosed-Bridge: 	at com.android.internal.os.RuntimeInit$MethodAndArgsCaller.run(RuntimeInit.java:493)

08-12 09:23:44.946 11059 11059 I LSPosed-Bridge: 	at com.android.internal.os.ZygoteInit.main(ZygoteInit.java:858)

08-12 09:23:44.946 11059 11059 I LSPosed-Bridge: 11059 PermLabel getRunningAppProcesses =android.app.ActivityManager$RunningAppProcessInfo@e3fca4b

08-12 09:23:44.946 11059 11059 I LSPosed-Bridge: 11059 PermLabel getRunningAppProcesses processName: com.feilong.zaitian pid: 11059

08-12 09:23:44.946 11059 11059 I LSPosed-Bridge: 11059 PermLabel getRunningAppProcesses importance: 100 pid: 11059

08-12 09:23:44.946 11059 11059 I LSPosed-Bridge: 11059 PermLabel getRunningAppProcesses packageName com.feilong.zaitian at index 0 in process 11059

08-12 09:23:44.946 11059 11059 I LSPosed-Bridge: 11059 PermLabel permName: android.permission.READ_PHONE_STATE; getRunningAppProcesses =[android.app.ActivityManager$RunningAppProcessInfo@e3fca4b]; stacktrace=java.lang.Exception

08-12 09:23:44.946 11059 11059 I LSPosed-Bridge: 	at com.example.permlabel.hookBinder_test$2.afterHookedMethod(hookBinder_test.java:103)

08-12 09:23:44.946 11059 11059 I LSPosed-Bridge: 	at de.robv.android.xposed.XposedBridge$AdditionalHookInfo.callback(Unknown Source:147)

08-12 09:23:44.946 11059 11059 I LSPosed-Bridge: 	at LSPHooker_.getRunningAppProcesses(Unknown Source:8)

08-12 09:23:44.946 11059 11059 I LSPosed-Bridge: 	at com.feilong.zaitian.j.p0.g(StringUtils.java:4)

08-12 09:23:44.946 11059 11059 I LSPosed-Bridge: 	at com.feilong.zaitian.ui.reader.FTReadActivity.H(FTReadActivity.java:1)

08-12 09:23:44.946 11059 11059 I LSPosed-Bridge: 	at com.feilong.zaitian.ui.reader.FTReadActivity.I(Unknown Source:0)

08-12 09:23:44.946 11059 11059 I LSPosed-Bridge: 	at com.feilong.zaitian.ui.reader.e.run(Unknown Source:2)

08-12 09:23:44.946 11059 11059 I LSPosed-Bridge: 	at android.os.Handler.handleCallback(Handler.java:873)

08-12 09:23:44.946 11059 11059 I LSPosed-Bridge: 	at android.os.Handler.dispatchMessage(Handler.java:99)

08-12 09:23:44.946 11059 11059 I LSPosed-Bridge: 	at android.os.Looper.loop(Looper.java:193)

08-12 09:23:44.946 11059 11059 I LSPosed-Bridge: 	at android.app.ActivityThread.main(ActivityThread.java:6692)

08-12 09:23:44.946 11059 11059 I LSPosed-Bridge: 	at java.lang.reflect.Method.invoke(Native Method)

08-12 09:23:44.946 11059 11059 I LSPosed-Bridge: 	at com.android.internal.os.RuntimeInit$MethodAndArgsCaller.run(RuntimeInit.java:493)

08-12 09:23:44.946 11059 11059 I LSPosed-Bridge: 	at com.android.internal.os.ZygoteInit.main(ZygoteInit.java:858)

08-12 09:24:21.407 11059 11059 I LSPosed-Bridge: 11059 PermLabel hookBinder_test 10126 interfaceBinder =android.app.IActivityManager; arg0 = 81; arg1 = android.os.Parcel@31aab00; arg2 = android.os.Parcel@d3728a9; arg3 = 0; res = true; stacktrace=java.lang.Exception

08-12 09:24:21.407 11059 11059 I LSPosed-Bridge: 	at com.example.permlabel.hookBinder_test$1.afterHookedMethod(hookBinder_test.java:63)

08-12 09:24:21.407 11059 11059 I LSPosed-Bridge: 	at de.robv.android.xposed.XposedBridge$AdditionalHookInfo.callback(Unknown Source:147)

08-12 09:24:21.407 11059 11059 I LSPosed-Bridge: 	at LSPHooker_.transact(Unknown Source:28)

08-12 09:24:21.407 11059 11059 I LSPosed-Bridge: 	at android.app.IActivityManager$Stub$Proxy.getRunningAppProcesses(IActivityManager.java:5366)

08-12 09:24:21.407 11059 11059 I LSPosed-Bridge: 	at android.app.ActivityManager.getRunningAppProcesses(ActivityManager.java:3435)

08-12 09:24:21.407 11059 11059 I LSPosed-Bridge: 	at java.lang.reflect.Method.invoke(Native Method)

08-12 09:24:21.407 11059 11059 I LSPosed-Bridge: 	at org.lsposed.lspd.nativebridge.HookBridge.invokeOriginalMethod(Native Method)

08-12 09:24:21.407 11059 11059 I LSPosed-Bridge: 	at de.robv.android.xposed.XposedBridge$AdditionalHookInfo.callback(Unknown Source:110)

08-12 09:24:21.407 11059 11059 I LSPosed-Bridge: 	at LSPHooker_.getRunningAppProcesses(Unknown Source:8)

08-12 09:24:21.407 11059 11059 I LSPosed-Bridge: 	at com.feilong.zaitian.j.p0.g(StringUtils.java:4)

08-12 09:24:21.407 11059 11059 I LSPosed-Bridge: 	at com.feilong.zaitian.ui.activity.MainActivity.i(MainActivity.java:1)

08-12 09:24:21.407 11059 11059 I LSPosed-Bridge: 	at com.feilong.zaitian.ui.activity.MainActivity.j(Unknown Source:0)

08-12 09:24:21.407 11059 11059 I LSPosed-Bridge: 	at com.feilong.zaitian.ui.activity.i.run(Unknown Source:2)

08-12 09:24:21.407 11059 11059 I LSPosed-Bridge: 	at android.os.Handler.handleCallback(Handler.java:873)

08-12 09:24:21.407 11059 11059 I LSPosed-Bridge: 	at android.os.Handler.dispatchMessage(Handler.java:99)

08-12 09:24:21.407 11059 11059 I LSPosed-Bridge: 	at android.os.Looper.loop(Looper.java:193)

08-12 09:24:21.407 11059 11059 I LSPosed-Bridge: 	at android.app.ActivityThread.main(ActivityThread.java:6692)

08-12 09:24:21.407 11059 11059 I LSPosed-Bridge: 	at java.lang.reflect.Method.invoke(Native Method)

08-12 09:24:21.407 11059 11059 I LSPosed-Bridge: 	at com.android.internal.os.RuntimeInit$MethodAndArgsCaller.run(RuntimeInit.java:493)

08-12 09:24:21.407 11059 11059 I LSPosed-Bridge: 	at com.android.internal.os.ZygoteInit.main(ZygoteInit.java:858)

08-12 09:24:21.407 11059 11059 I LSPosed-Bridge: 11059 PermLabel getRunningAppProcesses =android.app.ActivityManager$RunningAppProcessInfo@96fef61

08-12 09:24:21.407 11059 11059 I LSPosed-Bridge: 11059 PermLabel getRunningAppProcesses processName: com.feilong.zaitian pid: 11059

08-12 09:24:21.407 11059 11059 I LSPosed-Bridge: 11059 PermLabel getRunningAppProcesses importance: 100 pid: 11059

08-12 09:24:21.407 11059 11059 I LSPosed-Bridge: 11059 PermLabel getRunningAppProcesses packageName com.feilong.zaitian at index 0 in process 11059

08-12 09:24:21.407   561   561 I ConfigStore: android::hardware::configstore::V1_0::ISurfaceFlingerConfigs::hasHDRDisplay retrieved: 0

08-12 09:24:21.407 11059 11059 I LSPosed-Bridge: 11059 PermLabel permName: android.permission.READ_PHONE_STATE; getRunningAppProcesses =[android.app.ActivityManager$RunningAppProcessInfo@96fef61]; stacktrace=java.lang.Exception

08-12 09:24:21.407 11059 11059 I LSPosed-Bridge: 	at com.example.permlabel.hookBinder_test$2.afterHookedMethod(hookBinder_test.java:103)

08-12 09:24:21.407 11059 11059 I LSPosed-Bridge: 	at de.robv.android.xposed.XposedBridge$AdditionalHookInfo.callback(Unknown Source:147)

08-12 09:24:21.407 11059 11059 I LSPosed-Bridge: 	at LSPHooker_.getRunningAppProcesses(Unknown Source:8)

08-12 09:24:21.407 11059 11059 I LSPosed-Bridge: 	at com.feilong.zaitian.j.p0.g(StringUtils.java:4)

08-12 09:24:21.407 11059 11059 I LSPosed-Bridge: 	at com.feilong.zaitian.ui.activity.MainActivity.i(MainActivity.java:1)

08-12 09:24:21.407 11059 11059 I LSPosed-Bridge: 	at com.feilong.zaitian.ui.activity.MainActivity.j(Unknown Source:0)

08-12 09:24:21.407 11059 11059 I LSPosed-Bridge: 	at com.feilong.zaitian.ui.activity.i.run(Unknown Source:2)

08-12 09:24:21.407 11059 11059 I LSPosed-Bridge: 	at android.os.Handler.handleCallback(Handler.java:873)

08-12 09:24:21.407 11059 11059 I LSPosed-Bridge: 	at android.os.Handler.dispatchMessage(Handler.java:99)

08-12 09:24:21.407 11059 11059 I LSPosed-Bridge: 	at android.os.Looper.loop(Looper.java:193)

08-12 09:24:21.407 11059 11059 I LSPosed-Bridge: 	at android.app.ActivityThread.main(ActivityThread.java:6692)

08-12 09:24:21.407 11059 11059 I LSPosed-Bridge: 	at java.lang.reflect.Method.invoke(Native Method)

08-12 09:24:21.407 11059 11059 I LSPosed-Bridge: 	at com.android.internal.os.RuntimeInit$MethodAndArgsCaller.run(RuntimeInit.java:493)

08-12 09:24:21.407 11059 11059 I LSPosed-Bridge: 	at com.android.internal.os.ZygoteInit.main(ZygoteInit.java:858)

08-12 09:24:21.407   561   561 I ConfigStore: android::hardware::configstore::V1_0::ISurfaceFlingerConfigs::hasHDRDisplay retrieved: 0

08-12 09:24:24.380  1570  1590 I LSPosed-Bridge: 11059 PermLabel 10126 AMS.checkPermission: Binder.getCallingPid() = 11059; uid = 10126; Binder.getCallingUid() = 10126; getNameForUid: com.feilong.zaitian; getPackagesForUid: [com.feilong.zaitian]; permName: android.permission.GET_TASKS; type = 0; res = -1; stacktrace=java.lang.Exception

08-12 09:24:24.380  1570  1590 I LSPosed-Bridge: 	at com.example.permlabel.requirePerm$1$2.afterHookedMethod(requirePerm.java:132)

08-12 09:24:24.380  1570  1590 I LSPosed-Bridge: 	at de.robv.android.xposed.XposedBridge$AdditionalHookInfo.callback(Unknown Source:147)

08-12 09:24:24.380  1570  1590 I LSPosed-Bridge: 	at LSPHooker_.checkPermission(Unknown Source:25)

08-12 09:24:24.380  1570  1590 I LSPosed-Bridge: 	at com.android.server.am.ActivityManagerService.isGetTasksAllowed(ActivityManagerService.java:10902)

08-12 09:24:24.380  1570  1590 I LSPosed-Bridge: 	at com.android.server.am.ActivityManagerService.getRunningAppProcesses(ActivityManagerService.java:16139)

08-12 09:24:24.380  1570  1590 I LSPosed-Bridge: 	at android.app.IActivityManager$Stub.onTransact(IActivityManager.java:1088)

08-12 09:24:24.380  1570  1590 I LSPosed-Bridge: 	at com.android.server.am.ActivityManagerService.onTransact(ActivityManagerService.java:3346)

08-12 09:24:24.380  1570  1590 I LSPosed-Bridge: 	at android.os.Binder.execTransact(Binder.java:731)

08-12 09:24:24.380   561   561 I ConfigStore: android::hardware::configstore::V1_0::ISurfaceFlingerConfigs::hasHDRDisplay retrieved: 0

08-12 09:24:24.380 11059 11059 I LSPosed-Bridge: 11059 PermLabel hookBinder_test 10126 interfaceBinder =android.app.IActivityManager; arg0 = 81; arg1 = android.os.Parcel@31aab00; arg2 = android.os.Parcel@e1d05c4; arg3 = 0; res = true; stacktrace=java.lang.Exception

08-12 09:24:24.380 11059 11059 I LSPosed-Bridge: 	at com.example.permlabel.hookBinder_test$1.afterHookedMethod(hookBinder_test.java:63)

08-12 09:24:24.380 11059 11059 I LSPosed-Bridge: 	at de.robv.android.xposed.XposedBridge$AdditionalHookInfo.callback(Unknown Source:147)

08-12 09:24:24.380 11059 11059 I LSPosed-Bridge: 	at LSPHooker_.transact(Unknown Source:28)

08-12 09:24:24.380 11059 11059 I LSPosed-Bridge: 	at android.app.IActivityManager$Stub$Proxy.getRunningAppProcesses(IActivityManager.java:5366)

08-12 09:24:24.380 11059 11059 I LSPosed-Bridge: 	at android.app.ActivityManager.getRunningAppProcesses(ActivityManager.java:3435)

08-12 09:24:24.380 11059 11059 I LSPosed-Bridge: 	at java.lang.reflect.Method.invoke(Native Method)

08-12 09:24:24.380 11059 11059 I LSPosed-Bridge: 	at org.lsposed.lspd.nativebridge.HookBridge.invokeOriginalMethod(Native Method)

08-12 09:24:24.380 11059 11059 I LSPosed-Bridge: 	at de.robv.android.xposed.XposedBridge$AdditionalHookInfo.callback(Unknown Source:110)

08-12 09:24:24.380 11059 11059 I LSPosed-Bridge: 	at LSPHooker_.getRunningAppProcesses(Unknown Source:8)

08-12 09:24:24.380 11059 11059 I LSPosed-Bridge: 	at com.feilong.zaitian.j.p0.g(StringUtils.java:4)

08-12 09:24:24.380 11059 11059 I LSPosed-Bridge: 	at com.feilong.zaitian.ui.reader.FTReadActivity.H(FTReadActivity.java:1)

08-12 09:24:24.380 11059 11059 I LSPosed-Bridge: 	at com.feilong.zaitian.ui.reader.FTReadActivity.I(Unknown Source:0)

08-12 09:24:24.380 11059 11059 I LSPosed-Bridge: 	at com.feilong.zaitian.ui.reader.e.run(Unknown Source:2)

08-12 09:24:24.380 11059 11059 I LSPosed-Bridge: 	at android.os.Handler.handleCallback(Handler.java:873)

08-12 09:24:24.380 11059 11059 I LSPosed-Bridge: 	at android.os.Handler.dispatchMessage(Handler.java:99)

08-12 09:24:24.380 11059 11059 I LSPosed-Bridge: 	at android.os.Looper.loop(Looper.java:193)

08-12 09:24:24.380 11059 11059 I LSPosed-Bridge: 	at android.app.ActivityThread.main(ActivityThread.java:6692)

08-12 09:24:24.380 11059 11059 I LSPosed-Bridge: 	at java.lang.reflect.Method.invoke(Native Method)

08-12 09:24:24.380 11059 11059 I LSPosed-Bridge: 	at com.android.internal.os.RuntimeInit$MethodAndArgsCaller.run(RuntimeInit.java:493)

08-12 09:24:24.380 11059 11059 I LSPosed-Bridge: 	at com.android.internal.os.ZygoteInit.main(ZygoteInit.java:858)

08-12 09:24:24.380 11059 11059 I LSPosed-Bridge: 11059 PermLabel getRunningAppProcesses =android.app.ActivityManager$RunningAppProcessInfo@45b9f48

08-12 09:24:24.380 11059 11059 I LSPosed-Bridge: 11059 PermLabel getRunningAppProcesses processName: com.feilong.zaitian pid: 11059

08-12 09:24:24.380 11059 11059 I LSPosed-Bridge: 11059 PermLabel getRunningAppProcesses importance: 100 pid: 11059

08-12 09:24:24.380 11059 11059 I LSPosed-Bridge: 11059 PermLabel getRunningAppProcesses packageName com.feilong.zaitian at index 0 in process 11059

08-12 09:24:24.380   561   561 I ConfigStore: android::hardware::configstore::V1_0::ISurfaceFlingerConfigs::hasHDRDisplay retrieved: 0

08-12 09:24:24.380 11059 11059 I LSPosed-Bridge: 11059 PermLabel permName: android.permission.READ_PHONE_STATE; getRunningAppProcesses =[android.app.ActivityManager$RunningAppProcessInfo@45b9f48]; stacktrace=java.lang.Exception

08-12 09:24:24.380 11059 11059 I LSPosed-Bridge: 	at com.example.permlabel.hookBinder_test$2.afterHookedMethod(hookBinder_test.java:103)

08-12 09:24:24.380 11059 11059 I LSPosed-Bridge: 	at de.robv.android.xposed.XposedBridge$AdditionalHookInfo.callback(Unknown Source:147)

08-12 09:24:24.380 11059 11059 I LSPosed-Bridge: 	at LSPHooker_.getRunningAppProcesses(Unknown Source:8)

08-12 09:24:24.380 11059 11059 I LSPosed-Bridge: 	at com.feilong.zaitian.j.p0.g(StringUtils.java:4)

08-12 09:24:24.380 11059 11059 I LSPosed-Bridge: 	at com.feilong.zaitian.ui.reader.FTReadActivity.H(FTReadActivity.java:1)

08-12 09:24:24.380 11059 11059 I LSPosed-Bridge: 	at com.feilong.zaitian.ui.reader.FTReadActivity.I(Unknown Source:0)

08-12 09:24:24.380 11059 11059 I LSPosed-Bridge: 	at com.feilong.zaitian.ui.reader.e.run(Unknown Source:2)

08-12 09:24:24.380 11059 11059 I LSPosed-Bridge: 	at android.os.Handler.handleCallback(Handler.java:873)

08-12 09:24:24.380 11059 11059 I LSPosed-Bridge: 	at android.os.Handler.dispatchMessage(Handler.java:99)

08-12 09:24:24.380 11059 11059 I LSPosed-Bridge: 	at android.os.Looper.loop(Looper.java:193)

08-12 09:24:24.380 11059 11059 I LSPosed-Bridge: 	at android.app.ActivityThread.main(ActivityThread.java:6692)

08-12 09:24:24.380 11059 11059 I LSPosed-Bridge: 	at java.lang.reflect.Method.invoke(Native Method)

08-12 09:24:24.380 11059 11059 I LSPosed-Bridge: 	at com.android.internal.os.RuntimeInit$MethodAndArgsCaller.run(RuntimeInit.java:493)

08-12 09:24:24.380 11059 11059 I LSPosed-Bridge: 	at com.android.internal.os.ZygoteInit.main(ZygoteInit.java:858)

08-12 09:24:28.113 11059 11059 I LSPosed-Bridge: 11059 PermLabel permName: android.permission.READ_PHONE_STATE; getRunningAppProcesses =[android.app.ActivityManager$RunningAppProcessInfo@d17ecf1]; stacktrace=java.lang.Exception

08-12 09:24:28.113 11059 11059 I LSPosed-Bridge: 	at com.example.permlabel.hookBinder_test$2.afterHookedMethod(hookBinder_test.java:103)

08-12 09:24:28.113 11059 11059 I LSPosed-Bridge: 	at de.robv.android.xposed.XposedBridge$AdditionalHookInfo.callback(Unknown Source:147)

08-12 09:24:28.113 11059 11059 I LSPosed-Bridge: 	at LSPHooker_.getRunningAppProcesses(Unknown Source:8)

08-12 09:24:28.113 11059 11059 I LSPosed-Bridge: 	at com.feilong.zaitian.j.p0.g(StringUtils.java:4)

08-12 09:24:28.113 11059 11059 I LSPosed-Bridge: 	at com.feilong.zaitian.ui.activity.MainActivity.i(MainActivity.java:1)

08-12 09:24:28.113 11059 11059 I LSPosed-Bridge: 	at com.feilong.zaitian.ui.activity.MainActivity.j(Unknown Source:0)

08-12 09:24:28.113 11059 11059 I LSPosed-Bridge: 	at com.feilong.zaitian.ui.activity.i.run(Unknown Source:2)

08-12 09:24:28.113 11059 11059 I LSPosed-Bridge: 	at android.os.Handler.handleCallback(Handler.java:873)

08-12 09:24:28.113 11059 11059 I LSPosed-Bridge: 	at android.os.Handler.dispatchMessage(Handler.java:99)

08-12 09:24:28.113 11059 11059 I LSPosed-Bridge: 	at android.os.Looper.loop(Looper.java:193)

08-12 09:24:28.113 11059 11059 I LSPosed-Bridge: 	at android.app.ActivityThread.main(ActivityThread.java:6692)

08-12 09:24:28.113 11059 11059 I LSPosed-Bridge: 	at java.lang.reflect.Method.invoke(Native Method)

08-12 09:24:28.113 11059 11059 I LSPosed-Bridge: 	at com.android.internal.os.RuntimeInit$MethodAndArgsCaller.run(RuntimeInit.java:493)

08-12 09:24:28.113 11059 11059 I LSPosed-Bridge: 	at com.android.internal.os.ZygoteInit.main(ZygoteInit.java:858)

08-12 09:24:31.047 11059 11059 I LSPosed-Bridge: 11059 PermLabel hookBinder_test 10126 interfaceBinder =android.app.IActivityManager; arg0 = 81; arg1 = android.os.Parcel@406cf62; arg2 = android.os.Parcel@147b25c; arg3 = 0; res = true; stacktrace=java.lang.Exception

08-12 09:24:31.047 11059 11059 I LSPosed-Bridge: 	at com.example.permlabel.hookBinder_test$1.afterHookedMethod(hookBinder_test.java:63)

08-12 09:24:31.047 11059 11059 I LSPosed-Bridge: 	at de.robv.android.xposed.XposedBridge$AdditionalHookInfo.callback(Unknown Source:147)

08-12 09:24:31.047 11059 11059 I LSPosed-Bridge: 	at LSPHooker_.transact(Unknown Source:28)

08-12 09:24:31.047 11059 11059 I LSPosed-Bridge: 	at android.app.IActivityManager$Stub$Proxy.getRunningAppProcesses(IActivityManager.java:5366)

08-12 09:24:31.047 11059 11059 I LSPosed-Bridge: 	at android.app.ActivityManager.getRunningAppProcesses(ActivityManager.java:3435)

08-12 09:24:31.047 11059 11059 I LSPosed-Bridge: 	at java.lang.reflect.Method.invoke(Native Method)

08-12 09:24:31.047 11059 11059 I LSPosed-Bridge: 	at org.lsposed.lspd.nativebridge.HookBridge.invokeOriginalMethod(Native Method)

08-12 09:24:31.047 11059 11059 I LSPosed-Bridge: 	at de.robv.android.xposed.XposedBridge$AdditionalHookInfo.callback(Unknown Source:110)

08-12 09:24:31.047 11059 11059 I LSPosed-Bridge: 	at LSPHooker_.getRunningAppProcesses(Unknown Source:8)

08-12 09:24:31.047 11059 11059 I LSPosed-Bridge: 	at com.feilong.zaitian.j.p0.g(StringUtils.java:4)

08-12 09:24:31.047 11059 11059 I LSPosed-Bridge: 	at com.feilong.zaitian.ui.reader.FTReadActivity.H(FTReadActivity.java:1)

08-12 09:24:31.047 11059 11059 I LSPosed-Bridge: 	at com.feilong.zaitian.ui.reader.FTReadActivity.I(Unknown Source:0)

08-12 09:24:31.047 11059 11059 I LSPosed-Bridge: 	at com.feilong.zaitian.ui.reader.e.run(Unknown Source:2)

08-12 09:24:31.047 11059 11059 I LSPosed-Bridge: 	at android.os.Handler.handleCallback(Handler.java:873)

08-12 09:24:31.047 11059 11059 I LSPosed-Bridge: 	at android.os.Handler.dispatchMessage(Handler.java:99)

08-12 09:24:31.047 11059 11059 I LSPosed-Bridge: 	at android.os.Looper.loop(Looper.java:193)

08-12 09:24:31.047 11059 11059 I LSPosed-Bridge: 	at android.app.ActivityThread.main(ActivityThread.java:6692)

08-12 09:24:31.047 11059 11059 I LSPosed-Bridge: 	at java.lang.reflect.Method.invoke(Native Method)

08-12 09:24:31.047 11059 11059 I LSPosed-Bridge: 	at com.android.internal.os.RuntimeInit$MethodAndArgsCaller.run(RuntimeInit.java:493)

08-12 09:24:31.047 11059 11059 I LSPosed-Bridge: 	at com.android.internal.os.ZygoteInit.main(ZygoteInit.java:858)

08-12 09:24:31.047 11059 11059 I LSPosed-Bridge: 11059 PermLabel getRunningAppProcesses =android.app.ActivityManager$RunningAppProcessInfo@68a6a8c

08-12 09:24:31.047 11059 11059 I LSPosed-Bridge: 11059 PermLabel getRunningAppProcesses processName: com.feilong.zaitian pid: 11059

08-12 09:24:31.047 11059 11059 I LSPosed-Bridge: 11059 PermLabel getRunningAppProcesses importance: 100 pid: 11059

08-12 09:24:31.047 11059 11059 I LSPosed-Bridge: 11059 PermLabel getRunningAppProcesses packageName com.feilong.zaitian at index 0 in process 11059

08-12 09:24:31.047 11059 11059 I LSPosed-Bridge: 11059 PermLabel permName: android.permission.READ_PHONE_STATE; getRunningAppProcesses =[android.app.ActivityManager$RunningAppProcessInfo@68a6a8c]; stacktrace=java.lang.Exception

08-12 09:24:31.047 11059 11059 I LSPosed-Bridge: 	at com.example.permlabel.hookBinder_test$2.afterHookedMethod(hookBinder_test.java:103)

08-12 09:24:31.047 11059 11059 I LSPosed-Bridge: 	at de.robv.android.xposed.XposedBridge$AdditionalHookInfo.callback(Unknown Source:147)

08-12 09:24:31.047 11059 11059 I LSPosed-Bridge: 	at LSPHooker_.getRunningAppProcesses(Unknown Source:8)

08-12 09:24:31.047 11059 11059 I LSPosed-Bridge: 	at com.feilong.zaitian.j.p0.g(StringUtils.java:4)

08-12 09:24:31.047 11059 11059 I LSPosed-Bridge: 	at com.feilong.zaitian.ui.reader.FTReadActivity.H(FTReadActivity.java:1)

08-12 09:24:31.047 11059 11059 I LSPosed-Bridge: 	at com.feilong.zaitian.ui.reader.FTReadActivity.I(Unknown Source:0)

08-12 09:24:31.047 11059 11059 I LSPosed-Bridge: 	at com.feilong.zaitian.ui.reader.e.run(Unknown Source:2)

08-12 09:24:31.047 11059 11059 I LSPosed-Bridge: 	at android.os.Handler.handleCallback(Handler.java:873)

08-12 09:24:31.047 11059 11059 I LSPosed-Bridge: 	at android.os.Handler.dispatchMessage(Handler.java:99)

08-12 09:24:31.047 11059 11059 I LSPosed-Bridge: 	at android.os.Looper.loop(Looper.java:193)

08-12 09:24:31.047 11059 11059 I LSPosed-Bridge: 	at android.app.ActivityThread.main(ActivityThread.java:6692)

08-12 09:24:31.047 11059 11059 I LSPosed-Bridge: 	at java.lang.reflect.Method.invoke(Native Method)

08-12 09:24:31.047 11059 11059 I LSPosed-Bridge: 	at com.android.internal.os.RuntimeInit$MethodAndArgsCaller.run(RuntimeInit.java:493)

08-12 09:24:31.047 11059 11059 I LSPosed-Bridge: 	at com.android.internal.os.ZygoteInit.main(ZygoteInit.java:858)

08-12 09:24:34.740 11059 11059 I LSPosed-Bridge: 11059 PermLabel hookBinder_test 10126 interfaceBinder =android.app.IActivityManager; arg0 = 81; arg1 = android.os.Parcel@d2081ec; arg2 = android.os.Parcel@1d4dcd5; arg3 = 0; res = true; stacktrace=java.lang.Exception

08-12 09:24:34.740 11059 11059 I LSPosed-Bridge: 	at com.example.permlabel.hookBinder_test$1.afterHookedMethod(hookBinder_test.java:63)

08-12 09:24:34.740 11059 11059 I LSPosed-Bridge: 	at de.robv.android.xposed.XposedBridge$AdditionalHookInfo.callback(Unknown Source:147)

08-12 09:24:34.740 11059 11059 I LSPosed-Bridge: 	at LSPHooker_.transact(Unknown Source:28)

08-12 09:24:34.740 11059 11059 I LSPosed-Bridge: 	at android.app.IActivityManager$Stub$Proxy.getRunningAppProcesses(IActivityManager.java:5366)

08-12 09:24:34.740 11059 11059 I LSPosed-Bridge: 	at android.app.ActivityManager.getRunningAppProcesses(ActivityManager.java:3435)

08-12 09:24:34.740 11059 11059 I LSPosed-Bridge: 	at java.lang.reflect.Method.invoke(Native Method)

08-12 09:24:34.740 11059 11059 I LSPosed-Bridge: 	at org.lsposed.lspd.nativebridge.HookBridge.invokeOriginalMethod(Native Method)

08-12 09:24:34.740 11059 11059 I LSPosed-Bridge: 	at de.robv.android.xposed.XposedBridge$AdditionalHookInfo.callback(Unknown Source:110)

08-12 09:24:34.740 11059 11059 I LSPosed-Bridge: 	at LSPHooker_.getRunningAppProcesses(Unknown Source:8)

08-12 09:24:34.740 11059 11059 I LSPosed-Bridge: 	at com.feilong.zaitian.j.p0.g(StringUtils.java:4)

08-12 09:24:34.740 11059 11059 I LSPosed-Bridge: 	at com.feilong.zaitian.ui.activity.MainActivity.i(MainActivity.java:1)

08-12 09:24:34.740 11059 11059 I LSPosed-Bridge: 	at com.feilong.zaitian.ui.activity.MainActivity.j(Unknown Source:0)

08-12 09:24:34.740 11059 11059 I LSPosed-Bridge: 	at com.feilong.zaitian.ui.activity.i.run(Unknown Source:2)

08-12 09:24:34.740 11059 11059 I LSPosed-Bridge: 	at android.os.Handler.handleCallback(Handler.java:873)

08-12 09:24:34.740 11059 11059 I LSPosed-Bridge: 	at android.os.Handler.dispatchMessage(Handler.java:99)

08-12 09:24:34.740 11059 11059 I LSPosed-Bridge: 	at android.os.Looper.loop(Looper.java:193)

08-12 09:24:34.740 11059 11059 I LSPosed-Bridge: 	at android.app.ActivityThread.main(ActivityThread.java:6692)

08-12 09:24:34.740 11059 11059 I LSPosed-Bridge: 	at java.lang.reflect.Method.invoke(Native Method)

08-12 09:24:34.740 11059 11059 I LSPosed-Bridge: 	at com.android.internal.os.RuntimeInit$MethodAndArgsCaller.run(RuntimeInit.java:493)

08-12 09:24:34.740 11059 11059 I LSPosed-Bridge: 	at com.android.internal.os.ZygoteInit.main(ZygoteInit.java:858)

08-12 09:24:34.740 11059 11059 I LSPosed-Bridge: 11059 PermLabel getRunningAppProcesses =android.app.ActivityManager$RunningAppProcessInfo@e52c562

08-12 09:24:34.740 11059 11059 I LSPosed-Bridge: 11059 PermLabel getRunningAppProcesses processName: com.feilong.zaitian pid: 11059

08-12 09:24:34.740 11059 11059 I LSPosed-Bridge: 11059 PermLabel getRunningAppProcesses importance: 100 pid: 11059

08-12 09:24:34.740 11059 11059 I LSPosed-Bridge: 11059 PermLabel getRunningAppProcesses packageName com.feilong.zaitian at index 0 in process 11059

08-12 09:24:34.740 11059 11059 I LSPosed-Bridge: 11059 PermLabel permName: android.permission.READ_PHONE_STATE; getRunningAppProcesses =[android.app.ActivityManager$RunningAppProcessInfo@e52c562]; stacktrace=java.lang.Exception

08-12 09:24:34.740 11059 11059 I LSPosed-Bridge: 	at com.example.permlabel.hookBinder_test$2.afterHookedMethod(hookBinder_test.java:103)

08-12 09:24:34.740 11059 11059 I LSPosed-Bridge: 	at de.robv.android.xposed.XposedBridge$AdditionalHookInfo.callback(Unknown Source:147)

08-12 09:24:34.740 11059 11059 I LSPosed-Bridge: 	at LSPHooker_.getRunningAppProcesses(Unknown Source:8)

08-12 09:24:34.740 11059 11059 I LSPosed-Bridge: 	at com.feilong.zaitian.j.p0.g(StringUtils.java:4)

08-12 09:24:34.740 11059 11059 I LSPosed-Bridge: 	at com.feilong.zaitian.ui.activity.MainActivity.i(MainActivity.java:1)

08-12 09:24:34.740 11059 11059 I LSPosed-Bridge: 	at com.feilong.zaitian.ui.activity.MainActivity.j(Unknown Source:0)

08-12 09:24:34.740 11059 11059 I LSPosed-Bridge: 	at com.feilong.zaitian.ui.activity.i.run(Unknown Source:2)

08-12 09:24:34.740 11059 11059 I LSPosed-Bridge: 	at android.os.Handler.handleCallback(Handler.java:873)

08-12 09:24:34.740 11059 11059 I LSPosed-Bridge: 	at android.os.Handler.dispatchMessage(Handler.java:99)

08-12 09:24:34.740 11059 11059 I LSPosed-Bridge: 	at android.os.Looper.loop(Looper.java:193)

08-12 09:24:34.740 11059 11059 I LSPosed-Bridge: 	at android.app.ActivityThread.main(ActivityThread.java:6692)

08-12 09:24:34.740 11059 11059 I LSPosed-Bridge: 	at java.lang.reflect.Method.invoke(Native Method)

08-12 09:24:34.740 11059 11059 I LSPosed-Bridge: 	at com.android.internal.os.RuntimeInit$MethodAndArgsCaller.run(RuntimeInit.java:493)

08-12 09:24:34.740 11059 11059 I LSPosed-Bridge: 	at com.android.internal.os.ZygoteInit.main(ZygoteInit.java:858)

08-12 09:24:37.717 11059 11059 I LSPosed-Bridge: 11059 PermLabel hookBinder_test 10126 interfaceBinder =android.app.IActivityManager; arg0 = 81; arg1 = android.os.Parcel@a2e6c30; arg2 = android.os.Parcel@278aca; arg3 = 0; res = true; stacktrace=java.lang.Exception

08-12 09:24:37.717 11059 11059 I LSPosed-Bridge: 	at com.example.permlabel.hookBinder_test$1.afterHookedMethod(hookBinder_test.java:63)

08-12 09:24:37.717 11059 11059 I LSPosed-Bridge: 	at de.robv.android.xposed.XposedBridge$AdditionalHookInfo.callback(Unknown Source:147)

08-12 09:24:37.717 11059 11059 I LSPosed-Bridge: 	at LSPHooker_.transact(Unknown Source:28)

08-12 09:24:37.717 11059 11059 I LSPosed-Bridge: 	at android.app.IActivityManager$Stub$Proxy.getRunningAppProcesses(IActivityManager.java:5366)

08-12 09:24:37.717 11059 11059 I LSPosed-Bridge: 	at android.app.ActivityManager.getRunningAppProcesses(ActivityManager.java:3435)

08-12 09:24:37.717 11059 11059 I LSPosed-Bridge: 	at java.lang.reflect.Method.invoke(Native Method)

08-12 09:24:37.717 11059 11059 I LSPosed-Bridge: 	at org.lsposed.lspd.nativebridge.HookBridge.invokeOriginalMethod(Native Method)

08-12 09:24:37.717 11059 11059 I LSPosed-Bridge: 	at de.robv.android.xposed.XposedBridge$AdditionalHookInfo.callback(Unknown Source:110)

08-12 09:24:37.717 11059 11059 I LSPosed-Bridge: 	at LSPHooker_.getRunningAppProcesses(Unknown Source:8)

08-12 09:24:37.717 11059 11059 I LSPosed-Bridge: 	at com.feilong.zaitian.j.p0.g(StringUtils.java:4)

08-12 09:24:37.717 11059 11059 I LSPosed-Bridge: 	at com.feilong.zaitian.ui.reader.FTReadActivity.H(FTReadActivity.java:1)

08-12 09:24:37.717 11059 11059 I LSPosed-Bridge: 	at com.feilong.zaitian.ui.reader.FTReadActivity.I(Unknown Source:0)

08-12 09:24:37.717 11059 11059 I LSPosed-Bridge: 	at com.feilong.zaitian.ui.reader.e.run(Unknown Source:2)

08-12 09:24:37.717 11059 11059 I LSPosed-Bridge: 	at android.os.Handler.handleCallback(Handler.java:873)

08-12 09:24:37.717 11059 11059 I LSPosed-Bridge: 	at android.os.Handler.dispatchMessage(Handler.java:99)

08-12 09:24:37.717 11059 11059 I LSPosed-Bridge: 	at android.os.Looper.loop(Looper.java:193)

08-12 09:24:37.717 11059 11059 I LSPosed-Bridge: 	at android.app.ActivityThread.main(ActivityThread.java:6692)

08-12 09:24:37.717 11059 11059 I LSPosed-Bridge: 	at java.lang.reflect.Method.invoke(Native Method)

08-12 09:24:37.717 11059 11059 I LSPosed-Bridge: 	at com.android.internal.os.RuntimeInit$MethodAndArgsCaller.run(RuntimeInit.java:493)

08-12 09:24:37.717 11059 11059 I LSPosed-Bridge: 	at com.android.internal.os.ZygoteInit.main(ZygoteInit.java:858)

08-12 09:24:37.717 11059 11059 I LSPosed-Bridge: 11059 PermLabel getRunningAppProcesses =android.app.ActivityManager$RunningAppProcessInfo@e5c751d

08-12 09:24:37.717 11059 11059 I LSPosed-Bridge: 11059 PermLabel getRunningAppProcesses processName: com.feilong.zaitian pid: 11059

08-12 09:24:37.717 11059 11059 I LSPosed-Bridge: 11059 PermLabel getRunningAppProcesses importance: 100 pid: 11059

08-12 09:24:37.717 11059 11059 I LSPosed-Bridge: 11059 PermLabel getRunningAppProcesses packageName com.feilong.zaitian at index 0 in process 11059

08-12 09:24:37.717   561   561 I ConfigStore: android::hardware::configstore::V1_0::ISurfaceFlingerConfigs::hasHDRDisplay retrieved: 0

08-12 09:24:37.717 11059 11059 I LSPosed-Bridge: 11059 PermLabel permName: android.permission.READ_PHONE_STATE; getRunningAppProcesses =[android.app.ActivityManager$RunningAppProcessInfo@e5c751d]; stacktrace=java.lang.Exception

08-12 09:24:37.717 11059 11059 I LSPosed-Bridge: 	at com.example.permlabel.hookBinder_test$2.afterHookedMethod(hookBinder_test.java:103)

08-12 09:24:37.717 11059 11059 I LSPosed-Bridge: 	at de.robv.android.xposed.XposedBridge$AdditionalHookInfo.callback(Unknown Source:147)

08-12 09:24:37.717 11059 11059 I LSPosed-Bridge: 	at LSPHooker_.getRunningAppProcesses(Unknown Source:8)

08-12 09:24:37.717 11059 11059 I LSPosed-Bridge: 	at com.feilong.zaitian.j.p0.g(StringUtils.java:4)

08-12 09:24:37.717 11059 11059 I LSPosed-Bridge: 	at com.feilong.zaitian.ui.reader.FTReadActivity.H(FTReadActivity.java:1)

08-12 09:24:37.717 11059 11059 I LSPosed-Bridge: 	at com.feilong.zaitian.ui.reader.FTReadActivity.I(Unknown Source:0)

08-12 09:24:37.717 11059 11059 I LSPosed-Bridge: 	at com.feilong.zaitian.ui.reader.e.run(Unknown Source:2)

08-12 09:24:37.717 11059 11059 I LSPosed-Bridge: 	at android.os.Handler.handleCallback(Handler.java:873)

08-12 09:24:37.717 11059 11059 I LSPosed-Bridge: 	at android.os.Handler.dispatchMessage(Handler.java:99)

08-12 09:24:37.717 11059 11059 I LSPosed-Bridge: 	at android.os.Looper.loop(Looper.java:193)

08-12 09:24:37.717 11059 11059 I LSPosed-Bridge: 	at android.app.ActivityThread.main(ActivityThread.java:6692)

08-12 09:24:37.717 11059 11059 I LSPosed-Bridge: 	at java.lang.reflect.Method.invoke(Native Method)

08-12 09:24:37.717 11059 11059 I LSPosed-Bridge: 	at com.android.internal.os.RuntimeInit$MethodAndArgsCaller.run(RuntimeInit.java:493)

08-12 09:24:37.717 11059 11059 I LSPosed-Bridge: 	at com.android.internal.os.ZygoteInit.main(ZygoteInit.java:858)

08-12 09:24:37.717   561   561 I ConfigStore: android::hardware::configstore::V1_0::ISurfaceFlingerConfigs::hasHDRDisplay retrieved: 0

08-12 09:24:41.342  1570  2787 I LSPosed-Bridge: 11059 PermLabel 10126 AMS.checkPermission: Binder.getCallingPid() = 11059; uid = 10126; Binder.getCallingUid() = 10126; getNameForUid: com.feilong.zaitian; getPackagesForUid: [com.feilong.zaitian]; permName: android.permission.GET_TASKS; type = 0; res = -1; stacktrace=java.lang.Exception

