08-12 09:03:12.774 11059 11059 I LSPosed-Bridge: 11059 PermLabel 10126 permission_group_mapping =android.permission.READ_PHONE_STATE Telephone

08-12 09:03:12.774   561   561 I ConfigStore: android::hardware::configstore::V1_0::ISurfaceFlingerConfigs::hasHDRDisplay retrieved: 0

08-12 09:03:12.778   561   561 I ConfigStore: android::hardware::configstore::V1_0::ISurfaceFlingerConfigs::hasHDRDisplay retrieved: 0

08-12 09:03:12.778   561   561 I ConfigStore: android::hardware::configstore::V1_0::ISurfaceFlingerConfigs::hasHDRDisplay retrieved: 0

08-12 09:03:12.778 11059 11059 I LSPosed-Bridge: 11059 PermLabel 10126 all_declared permissions =com.google.android.gms.permission.AD_ID android.permission.INTERNET android.permission.ACCESS_NETWORK_STATE android.permission.WRITE_EXTERNAL_STORAGE android.permission.READ_EXTERNAL_STORAGE android.permission.MOUNT_UNMOUNT_FILESYSTEMS android.permission.WRITE_SETTINGS android.permission.BATTERY_STATS android.permission.WAKE_LOCK android.permission.ACCESS_WIFI_STATE android.permission.READ_PHONE_STATE android.permission.READ_PRIVILEGED_PHONE_STATE android.permission.READ_LOGS android.permission.FOREGROUND_SERVICE android.permission.SYSTEM_ALERT_WINDOW android.permission.WRITE_APN_SETTINGS com.applovin.array.apphub.permission.BIND_APPHUB_SERVICE com.google.android.finsky.permission.BIND_GET_INSTALL_REFERRER_SERVICE android.permission.RECEIVE_BOOT_COMPLETED 

08-12 09:03:12.778 11059 11059 I LSPosed-Bridge: 11059 PermLabel 10126 all_declared permissions =com.google.android.gms.permission.AD_ID android.permission.INTERNET android.permission.ACCESS_NETWORK_STATE android.permission.WRITE_EXTERNAL_STORAGE android.permission.READ_EXTERNAL_STORAGE android.permission.MOUNT_UNMOUNT_FILESYSTEMS android.permission.WRITE_SETTINGS android.permission.BATTERY_STATS android.permission.WAKE_LOCK android.permission.ACCESS_WIFI_STATE android.permission.READ_PHONE_STATE android.permission.READ_PRIVILEGED_PHONE_STATE android.permission.READ_LOGS android.permission.FOREGROUND_SERVICE android.permission.SYSTEM_ALERT_WINDOW android.permission.WRITE_APN_SETTINGS com.applovin.array.apphub.permission.BIND_APPHUB_SERVICE com.google.android.finsky.permission.BIND_GET_INSTALL_REFERRER_SERVICE android.permission.RECEIVE_BOOT_COMPLETED 

08-12 09:03:12.778 11059 11059 I LSPosed-Bridge: 11059 PermLabel 10126 declared normal_permissions =com.google.android.gms.permission.AD_ID android.permission.INTERNET android.permission.ACCESS_NETWORK_STATE android.permission.WAKE_LOCK android.permission.ACCESS_WIFI_STATE android.permission.FOREGROUND_SERVICE com.google.android.finsky.permission.BIND_GET_INSTALL_REFERRER_SERVICE android.permission.RECEIVE_BOOT_COMPLETED 

08-12 09:03:12.778 11059 11059 I LSPosed-Bridge: 11059 PermLabel 10126 declared normal_permissions =com.google.android.gms.permission.AD_ID android.permission.INTERNET android.permission.ACCESS_NETWORK_STATE android.permission.WAKE_LOCK android.permission.ACCESS_WIFI_STATE android.permission.FOREGROUND_SERVICE com.google.android.finsky.permission.BIND_GET_INSTALL_REFERRER_SERVICE android.permission.RECEIVE_BOOT_COMPLETED 

08-12 09:03:12.778 11059 11059 I LSPosed-Bridge: 11059 PermLabel 10126 declared dangerous_permissions =android.permission.WRITE_EXTERNAL_STORAGE android.permission.READ_EXTERNAL_STORAGE android.permission.READ_PHONE_STATE 

08-12 09:03:12.778 11059 11059 I LSPosed-Bridge: 11059 PermLabel 10126 declared dangerous_permissions =android.permission.WRITE_EXTERNAL_STORAGE android.permission.READ_EXTERNAL_STORAGE android.permission.READ_PHONE_STATE 

08-12 09:03:12.778 11059 11059 I LSPosed-Bridge: 11059 PermLabel 10126 declared dangerous_group =Storage Storage Telephone 

08-12 09:03:12.778 11059 11059 I LSPosed-Bridge: 11059 PermLabel 10126 declared dangerous_group =Storage Storage Telephone 

08-12 09:03:12.778   561   561 I ConfigStore: android::hardware::configstore::V1_0::ISurfaceFlingerConfigs::hasHDRDisplay retrieved: 0

08-12 09:03:12.778   561   561 I ConfigStore: android::hardware::configstore::V1_0::ISurfaceFlingerConfigs::hasHDRDisplay retrieved: 0

08-12 09:03:14.426   561   561 I ConfigStore: android::hardware::configstore::V1_0::ISurfaceFlingerConfigs::hasHDRDisplay retrieved: 0

08-12 09:03:14.426 11059 11059 I LSPosed-Bridge: 11059 PermLabel permName: android.permission.READ_PHONE_STATE; getRunningAppProcesses =[android.app.ActivityManager$RunningAppProcessInfo@82d9601]; stacktrace=java.lang.Exception

08-12 09:03:14.426 11059 11059 I LSPosed-Bridge: 	at com.example.permlabel.hookBinder_test$2.afterHookedMethod(hookBinder_test.java:103)

08-12 09:03:14.426 11059 11059 I LSPosed-Bridge: 	at de.robv.android.xposed.XposedBridge$AdditionalHookInfo.callback(Unknown Source:147)

08-12 09:03:14.426 11059 11059 I LSPosed-Bridge: 	at LSPHooker_.getRunningAppProcesses(Unknown Source:8)

08-12 09:03:14.426 11059 11059 I LSPosed-Bridge: 	at com.feilong.zaitian.App.c(App.java:2)

08-12 09:03:14.426 11059 11059 I LSPosed-Bridge: 	at com.feilong.zaitian.App.safedk_App_onCreate_3a2bb4f43c6da645edb57486c6304ead(App.java:10)

08-12 09:03:14.426 11059 11059 I LSPosed-Bridge: 	at com.feilong.zaitian.App.onCreate(Unknown Source:8)

08-12 09:03:14.426 11059 11059 I LSPosed-Bridge: 	at android.app.Instrumentation.callApplicationOnCreate(Instrumentation.java:1155)

08-12 09:03:14.426 11059 11059 I LSPosed-Bridge: 	at android.app.ActivityThread.handleBindApplication(ActivityThread.java:5885)

08-12 09:03:14.426 11059 11059 I LSPosed-Bridge: 	at android.app.ActivityThread.access$1100(ActivityThread.java:200)

08-12 09:03:14.426 11059 11059 I LSPosed-Bridge: 	at android.app.ActivityThread$H.handleMessage(ActivityThread.java:1651)

08-12 09:03:14.426 11059 11059 I LSPosed-Bridge: 	at android.os.Handler.dispatchMessage(Handler.java:106)

08-12 09:03:14.426 11059 11059 I LSPosed-Bridge: 	at android.os.Looper.loop(Looper.java:193)

08-12 09:03:14.426 11059 11059 I LSPosed-Bridge: 	at android.app.ActivityThread.main(ActivityThread.java:6692)

08-12 09:03:14.426 11059 11059 I LSPosed-Bridge: 	at java.lang.reflect.Method.invoke(Native Method)

08-12 09:03:14.426 11059 11059 I LSPosed-Bridge: 	at com.android.internal.os.RuntimeInit$MethodAndArgsCaller.run(RuntimeInit.java:493)

08-12 09:03:14.426 11059 11059 I LSPosed-Bridge: 	at com.android.internal.os.ZygoteInit.main(ZygoteInit.java:858)

08-12 09:03:14.728  1570  1855 I LSPosed-Bridge: 11059 PermLabel 10126 AMS.checkPermission: Binder.getCallingPid() = 1894; uid = 10126; Binder.getCallingUid() = 1001; getNameForUid: android.uid.phone:1001; getPackagesForUid: [com.android.providers.telephony, com.android.phone, com.qualcomm.qti.networksetting, com.qualcomm.qti.lpa, com.qualcomm.simcontacts, com.qualcomm.qti.uim, com.qualcomm.qcrilmsgtunnel, com.qualcomm.qti.ims, com.android.mms.service, com.qti.xdivert, com.qualcomm.qti.autoregistration, com.qualcomm.qti.telephonyservice, com.android.stk, com.qti.qualcomm.datastatusnotification, com.qti.confuridialer, org.codeaurora.ims, com.qualcomm.qti.callfeaturessetting, com.qti.qualcomm.deviceinfo]; permName: android.permission.READ_PHONE_STATE; type = 1; res = -1; stacktrace=java.lang.Exception

08-12 09:03:14.728  1570  1855 I LSPosed-Bridge: 	at com.example.permlabel.requirePerm$1$2.afterHookedMethod(requirePerm.java:138)

08-12 09:03:14.728  1570  1855 I LSPosed-Bridge: 	at de.robv.android.xposed.XposedBridge$AdditionalHookInfo.callback(Unknown Source:147)

08-12 09:03:14.728  1570  1855 I LSPosed-Bridge: 	at LSPHooker_.checkPermission(Unknown Source:25)

08-12 09:03:14.728  1570  1855 I LSPosed-Bridge: 	at android.app.IActivityManager$Stub.onTransact(IActivityManager.java:664)

08-12 09:03:14.728  1570  1855 I LSPosed-Bridge: 	at com.android.server.am.ActivityManagerService.onTransact(ActivityManagerService.java:3346)

08-12 09:03:14.728  1570  1855 I LSPosed-Bridge: 	at android.os.Binder.execTransact(Binder.java:731)

08-12 09:03:14.728 11059 11286 I LSPosed-Bridge: 11059 PermLabel hookBinder_test 10126 interfaceBinder =android.content.pm.IPackageManager; arg0 = 13; arg1 = android.os.Parcel@c7b4e42; arg2 = android.os.Parcel@6887114; arg3 = 0; res = true; stacktrace=java.lang.Exception

08-12 09:03:14.728 11059 11286 I LSPosed-Bridge: 	at com.example.permlabel.hookBinder_test$1.afterHookedMethod(hookBinder_test.java:63)

08-12 09:03:14.728 11059 11286 I LSPosed-Bridge: 	at de.robv.android.xposed.XposedBridge$AdditionalHookInfo.callback(Unknown Source:147)

08-12 09:03:14.728 11059 11286 I LSPosed-Bridge: 	at LSPHooker_.transact(Unknown Source:28)

08-12 09:03:14.728 11059 11286 I LSPosed-Bridge: 	at android.content.pm.IPackageManager$Stub$Proxy.getApplicationInfo(IPackageManager.java:3104)

08-12 09:03:14.728 11059 11286 I LSPosed-Bridge: 	at android.app.ApplicationPackageManager.getApplicationInfoAsUser(ApplicationPackageManager.java:384)

08-12 09:03:14.728 11059 11286 I LSPosed-Bridge: 	at android.app.ApplicationPackageManager.getApplicationInfo(ApplicationPackageManager.java:377)

08-12 09:03:14.728 11059 11286 I LSPosed-Bridge: 	at m.cr.a(:com.google.android.gms.dynamite_measurementdynamite@233013028@23.30.13 (100400-0):7)

08-12 09:03:14.728 11059 11286 I LSPosed-Bridge: 	at m.lx.f(:com.google.android.gms.dynamite_measurementdynamite@233013028@23.30.13 (100400-0):99)

08-12 09:03:14.728 11059 11286 I LSPosed-Bridge: 	at m.lx.s(:com.google.android.gms.dynamite_measurementdynamite@233013028@23.30.13 (100400-0):8)

08-12 09:03:14.728 11059 11286 I LSPosed-Bridge: 	at m.iw.run(:com.google.android.gms.dynamite_measurementdynamite@233013028@23.30.13 (100400-0):229)

08-12 09:03:14.728 11059 11286 I LSPosed-Bridge: 	at java.util.concurrent.Executors$RunnableAdapter.call(Executors.java:458)

08-12 09:03:14.728 11059 11286 I LSPosed-Bridge: 	at java.util.concurrent.FutureTask.run(FutureTask.java:266)

08-12 09:03:14.728 11059 11286 I LSPosed-Bridge: 	at m.it.run(:com.google.android.gms.dynamite_measurementdynamite@233013028@23.30.13 (100400-0):48)

08-12 09:03:14.738 11059 11286 I LSPosed-Bridge: 11059 PermLabel hookBinder_test 10126 interfaceBinder =android.content.pm.IPackageManager; arg0 = 13; arg1 = android.os.Parcel@6887114; arg2 = android.os.Parcel@c7b4e42; arg3 = 0; res = true; stacktrace=java.lang.Exception

08-12 09:03:14.738 11059 11286 I LSPosed-Bridge: 	at com.example.permlabel.hookBinder_test$1.afterHookedMethod(hookBinder_test.java:63)

08-12 09:03:14.738 11059 11286 I LSPosed-Bridge: 	at de.robv.android.xposed.XposedBridge$AdditionalHookInfo.callback(Unknown Source:147)

08-12 09:03:14.738 11059 11286 I LSPosed-Bridge: 	at LSPHooker_.transact(Unknown Source:28)

08-12 09:03:14.738 11059 11286 I LSPosed-Bridge: 	at android.content.pm.IPackageManager$Stub$Proxy.getApplicationInfo(IPackageManager.java:3104)

08-12 09:03:14.738 11059 11286 I LSPosed-Bridge: 	at android.app.ApplicationPackageManager.getApplicationInfoAsUser(ApplicationPackageManager.java:384)

08-12 09:03:14.738 11059 11286 I LSPosed-Bridge: 	at android.app.ApplicationPackageManager.getApplicationInfo(ApplicationPackageManager.java:377)

08-12 09:03:14.738 11059 11286 I LSPosed-Bridge: 	at m.cr.a(:com.google.android.gms.dynamite_measurementdynamite@233013028@23.30.13 (100400-0):7)

08-12 09:03:14.738 11059 11286 I LSPosed-Bridge: 	at m.lx.f(:com.google.android.gms.dynamite_measurementdynamite@233013028@23.30.13 (100400-0):99)

08-12 09:03:14.738 11059 11286 I LSPosed-Bridge: 	at m.lx.F(:com.google.android.gms.dynamite_measurementdynamite@233013028@23.30.13 (100400-0):8)

08-12 09:03:14.738 11059 11286 I LSPosed-Bridge: 	at m.iw.run(:com.google.android.gms.dynamite_measurementdynamite@233013028@23.30.13 (100400-0):231)

08-12 09:03:14.738 11059 11286 I LSPosed-Bridge: 	at java.util.concurrent.Executors$RunnableAdapter.call(Executors.java:458)

08-12 09:03:14.738 11059 11286 I LSPosed-Bridge: 	at java.util.concurrent.FutureTask.run(FutureTask.java:266)

08-12 09:03:14.738 11059 11286 I LSPosed-Bridge: 	at m.it.run(:com.google.android.gms.dynamite_measurementdynamite@233013028@23.30.13 (100400-0):48)

08-12 09:03:14.738  1570  2784 I LSPosed-Bridge: 11059 PermLabel 10126 AMS.checkPermission: Binder.getCallingPid() = 1894; uid = 10126; Binder.getCallingUid() = 1001; getNameForUid: android.uid.phone:1001; getPackagesForUid: [com.android.providers.telephony, com.android.phone, com.qualcomm.qti.networksetting, com.qualcomm.qti.lpa, com.qualcomm.simcontacts, com.qualcomm.qti.uim, com.qualcomm.qcrilmsgtunnel, com.qualcomm.qti.ims, com.android.mms.service, com.qti.xdivert, com.qualcomm.qti.autoregistration, com.qualcomm.qti.telephonyservice, com.android.stk, com.qti.qualcomm.datastatusnotification, com.qti.confuridialer, org.codeaurora.ims, com.qualcomm.qti.callfeaturessetting, com.qti.qualcomm.deviceinfo]; permName: android.permission.READ_PHONE_STATE; type = 1; res = -1; stacktrace=java.lang.Exception

08-12 09:03:14.738  1570  2784 I LSPosed-Bridge: 	at com.example.permlabel.requirePerm$1$2.afterHookedMethod(requirePerm.java:138)

08-12 09:03:14.738  1570  2784 I LSPosed-Bridge: 	at de.robv.android.xposed.XposedBridge$AdditionalHookInfo.callback(Unknown Source:147)

08-12 09:03:14.738  1570  2784 I LSPosed-Bridge: 	at LSPHooker_.checkPermission(Unknown Source:25)

08-12 09:03:14.738  1570  2784 I LSPosed-Bridge: 	at android.app.IActivityManager$Stub.onTransact(IActivityManager.java:664)

08-12 09:03:14.738  1570  2784 I LSPosed-Bridge: 	at com.android.server.am.ActivityManagerService.onTransact(ActivityManagerService.java:3346)

08-12 09:03:14.738  1570  2784 I LSPosed-Bridge: 	at android.os.Binder.execTransact(Binder.java:731)

08-12 09:03:18.310 11059 11543 I LSPosed-Bridge: 11059 PermLabel hookBinder_test 10126 interfaceBinder =android.app.IActivityManager; arg0 = 81; arg1 = android.os.Parcel@905f329; arg2 = android.os.Parcel@b6be69; arg3 = 0; res = true; stacktrace=java.lang.Exception

08-12 09:03:18.310 11059 11543 I LSPosed-Bridge: 	at com.example.permlabel.hookBinder_test$1.afterHookedMethod(hookBinder_test.java:63)

08-12 09:03:18.310 11059 11543 I LSPosed-Bridge: 	at de.robv.android.xposed.XposedBridge$AdditionalHookInfo.callback(Unknown Source:147)

08-12 09:03:18.310 11059 11543 I LSPosed-Bridge: 	at LSPHooker_.transact(Unknown Source:28)

08-12 09:03:18.310 11059 11543 I LSPosed-Bridge: 	at android.app.IActivityManager$Stub$Proxy.getRunningAppProcesses(IActivityManager.java:5366)

08-12 09:03:18.310 11059 11543 I LSPosed-Bridge: 	at android.app.ActivityManager.getRunningAppProcesses(ActivityManager.java:3435)

08-12 09:03:18.310 11059 11543 I LSPosed-Bridge: 	at java.lang.reflect.Method.invoke(Native Method)

08-12 09:03:18.310 11059 11543 I LSPosed-Bridge: 	at org.lsposed.lspd.nativebridge.HookBridge.invokeOriginalMethod(Native Method)

08-12 09:03:18.310 11059 11543 I LSPosed-Bridge: 	at de.robv.android.xposed.XposedBridge$AdditionalHookInfo.callback(Unknown Source:110)

08-12 09:03:18.310 11059 11543 I LSPosed-Bridge: 	at LSPHooker_.getRunningAppProcesses(Unknown Source:8)

08-12 09:03:18.310 11059 11543 I LSPosed-Bridge: 	at com.safedk.android.utils.j.a(SourceFile:250)

08-12 09:03:18.310 11059 11543 I LSPosed-Bridge: 	at com.safedk.android.analytics.StatsCollector.c(SourceFile:140)

08-12 09:03:18.310 11059 11543 I LSPosed-Bridge: 	at com.safedk.android.SafeDK.Y(SourceFile:457)

08-12 09:03:18.310 11059 11543 I LSPosed-Bridge: 	at com.safedk.android.SafeDK.a(SourceFile:396)

08-12 09:03:18.310 11059 11543 I LSPosed-Bridge: 	at com.safedk.android.SafeDK.a(SourceFile:475)

08-12 09:03:18.310 11059 11543 I LSPosed-Bridge: 	at com.safedk.android.internal.DeviceData.onMessageReceived(SourceFile:166)

08-12 09:03:18.310 11059 11543 I LSPosed-Bridge: 	at com.applovin.impl.communicator.b.onReceive(Unknown Source:51)

08-12 09:03:18.310 11059 11543 I LSPosed-Bridge: 	at com.applovin.impl.sdk.AppLovinBroadcastManager.sendBroadcastSync(Unknown Source:31)

08-12 09:03:18.310 11059 11543 I LSPosed-Bridge: 	at com.applovin.impl.communicator.MessagingServiceImpl$1.run(Unknown Source:13)

08-12 09:03:18.310 11059 11543 I LSPosed-Bridge: 	at java.util.concurrent.Executors$RunnableAdapter.call(Executors.java:458)

08-12 09:03:18.310 11059 11543 I LSPosed-Bridge: 	at java.util.concurrent.FutureTask.run(FutureTask.java:266)

08-12 09:03:18.310 11059 11543 I LSPosed-Bridge: 	at java.util.concurrent.ScheduledThreadPoolExecutor$ScheduledFutureTask.run(ScheduledThreadPoolExecutor.java:301)

08-12 09:03:18.310 11059 11543 I LSPosed-Bridge: 	at java.util.concurrent.ThreadPoolExecutor.runWorker(ThreadPoolExecutor.java:1167)

08-12 09:03:18.310 11059 11543 I LSPosed-Bridge: 	at java.util.concurrent.ThreadPoolExecutor$Worker.run(ThreadPoolExecutor.java:641)

08-12 09:03:18.310 11059 11543 I LSPosed-Bridge: 	at java.lang.Thread.run(Thread.java:764)

08-12 09:03:18.310 11059 11543 I LSPosed-Bridge: 11059 PermLabel getRunningAppProcesses =android.app.ActivityManager$RunningAppProcessInfo@1d02fdc

08-12 09:03:18.310 11059 11543 I LSPosed-Bridge: 11059 PermLabel getRunningAppProcesses processName: com.feilong.zaitian pid: 11059

08-12 09:03:18.310 11059 11543 I LSPosed-Bridge: 11059 PermLabel getRunningAppProcesses importance: 100 pid: 11059

08-12 09:03:18.310 11059 11543 I LSPosed-Bridge: 11059 PermLabel getRunningAppProcesses packageName com.feilong.zaitian at index 0 in process 11059

08-12 09:03:18.310 11059 11543 I LSPosed-Bridge: 11059 PermLabel permName: android.permission.READ_PHONE_STATE; getRunningAppProcesses =[android.app.ActivityManager$RunningAppProcessInfo@1d02fdc]; stacktrace=java.lang.Exception

08-12 09:03:18.310 11059 11543 I LSPosed-Bridge: 	at com.example.permlabel.hookBinder_test$2.afterHookedMethod(hookBinder_test.java:103)

08-12 09:03:18.310 11059 11543 I LSPosed-Bridge: 	at de.robv.android.xposed.XposedBridge$AdditionalHookInfo.callback(Unknown Source:147)

08-12 09:03:18.310 11059 11543 I LSPosed-Bridge: 	at LSPHooker_.getRunningAppProcesses(Unknown Source:8)

08-12 09:03:18.310 11059 11543 I LSPosed-Bridge: 	at com.safedk.android.utils.j.a(SourceFile:250)

08-12 09:03:18.310 11059 11543 I LSPosed-Bridge: 	at com.safedk.android.analytics.StatsCollector.c(SourceFile:140)

08-12 09:03:18.310 11059 11543 I LSPosed-Bridge: 	at com.safedk.android.SafeDK.Y(SourceFile:457)

08-12 09:03:18.310 11059 11543 I LSPosed-Bridge: 	at com.safedk.android.SafeDK.a(SourceFile:396)

08-12 09:03:18.310 11059 11543 I LSPosed-Bridge: 	at com.safedk.android.SafeDK.a(SourceFile:475)

08-12 09:03:18.310 11059 11543 I LSPosed-Bridge: 	at com.safedk.android.internal.DeviceData.onMessageReceived(SourceFile:166)

08-12 09:03:18.310 11059 11543 I LSPosed-Bridge: 	at com.applovin.impl.communicator.b.onReceive(Unknown Source:51)

08-12 09:03:18.310 11059 11543 I LSPosed-Bridge: 	at com.applovin.impl.sdk.AppLovinBroadcastManager.sendBroadcastSync(Unknown Source:31)

08-12 09:03:18.310 11059 11543 I LSPosed-Bridge: 	at com.applovin.impl.communicator.MessagingServiceImpl$1.run(Unknown Source:13)

08-12 09:03:18.310 11059 11543 I LSPosed-Bridge: 	at java.util.concurrent.Executors$RunnableAdapter.call(Executors.java:458)

08-12 09:03:18.310 11059 11543 I LSPosed-Bridge: 	at java.util.concurrent.FutureTask.run(FutureTask.java:266)

08-12 09:03:18.310 11059 11543 I LSPosed-Bridge: 	at java.util.concurrent.ScheduledThreadPoolExecutor$ScheduledFutureTask.run(ScheduledThreadPoolExecutor.java:301)

08-12 09:03:18.310 11059 11543 I LSPosed-Bridge: 	at java.util.concurrent.ThreadPoolExecutor.runWorker(ThreadPoolExecutor.java:1167)

08-12 09:03:18.310 11059 11543 I LSPosed-Bridge: 	at java.util.concurrent.ThreadPoolExecutor$Worker.run(ThreadPoolExecutor.java:641)

08-12 09:03:18.310 11059 11543 I LSPosed-Bridge: 	at java.lang.Thread.run(Thread.java:764)

08-12 09:03:18.313 11059 11543 I LSPosed-Bridge: 11059 PermLabel getRunningAppProcesses =android.app.ActivityManager$RunningAppProcessInfo@41e6dc8

08-12 09:03:18.313 11059 11543 I LSPosed-Bridge: 11059 PermLabel getRunningAppProcesses processName: com.feilong.zaitian pid: 11059

08-12 09:03:18.313 11059 11543 I LSPosed-Bridge: 11059 PermLabel getRunningAppProcesses importance: 100 pid: 11059

08-12 09:03:18.313 11059 11543 I LSPosed-Bridge: 11059 PermLabel getRunningAppProcesses packageName com.feilong.zaitian at index 0 in process 11059

08-12 09:03:18.313 11059 11543 I LSPosed-Bridge: 11059 PermLabel permName: android.permission.READ_PHONE_STATE; getRunningAppProcesses =[android.app.ActivityManager$RunningAppProcessInfo@41e6dc8]; stacktrace=java.lang.Exception

08-12 09:03:18.313 11059 11543 I LSPosed-Bridge: 	at com.example.permlabel.hookBinder_test$2.afterHookedMethod(hookBinder_test.java:103)

08-12 09:03:18.313 11059 11543 I LSPosed-Bridge: 	at de.robv.android.xposed.XposedBridge$AdditionalHookInfo.callback(Unknown Source:147)

08-12 09:03:18.313 11059 11543 I LSPosed-Bridge: 	at LSPHooker_.getRunningAppProcesses(Unknown Source:8)

08-12 09:03:18.313 11059 11543 I LSPosed-Bridge: 	at com.safedk.android.utils.j.a(SourceFile:250)

08-12 09:03:18.313 11059 11543 I LSPosed-Bridge: 	at com.safedk.android.analytics.StatsCollector.c(SourceFile:140)

08-12 09:03:18.313 11059 11543 I LSPosed-Bridge: 	at com.safedk.android.SafeDK.a(SourceFile:403)

08-12 09:03:18.313 11059 11543 I LSPosed-Bridge: 	at com.safedk.android.SafeDK.a(SourceFile:475)

08-12 09:03:18.313 11059 11543 I LSPosed-Bridge: 	at com.safedk.android.internal.DeviceData.onMessageReceived(SourceFile:166)

08-12 09:03:18.313 11059 11543 I LSPosed-Bridge: 	at com.applovin.impl.communicator.b.onReceive(Unknown Source:51)

08-12 09:03:18.313 11059 11543 I LSPosed-Bridge: 	at com.applovin.impl.sdk.AppLovinBroadcastManager.sendBroadcastSync(Unknown Source:31)

08-12 09:03:18.313 11059 11543 I LSPosed-Bridge: 	at com.applovin.impl.communicator.MessagingServiceImpl$1.run(Unknown Source:13)

08-12 09:03:18.313 11059 11543 I LSPosed-Bridge: 	at java.util.concurrent.Executors$RunnableAdapter.call(Executors.java:458)

08-12 09:03:18.313 11059 11543 I LSPosed-Bridge: 	at java.util.concurrent.FutureTask.run(FutureTask.java:266)

08-12 09:03:18.313 11059 11543 I LSPosed-Bridge: 	at java.util.concurrent.ScheduledThreadPoolExecutor$ScheduledFutureTask.run(ScheduledThreadPoolExecutor.java:301)

08-12 09:03:18.313 11059 11543 I LSPosed-Bridge: 	at java.util.concurrent.ThreadPoolExecutor.runWorker(ThreadPoolExecutor.java:1167)

08-12 09:03:18.313 11059 11543 I LSPosed-Bridge: 	at java.util.concurrent.ThreadPoolExecutor$Worker.run(ThreadPoolExecutor.java:641)

08-12 09:03:18.313 11059 11543 I LSPosed-Bridge: 	at java.lang.Thread.run(Thread.java:764)

08-12 09:03:36.289 11059 11059 I LSPosed-Bridge: 11059 PermLabel hookBinder_test 10126 interfaceBinder =android.app.IActivityManager; arg0 = 81; arg1 = android.os.Parcel@aa0c08e; arg2 = android.os.Parcel@ee383d3; arg3 = 0; res = true; stacktrace=java.lang.Exception

08-12 09:03:36.289 11059 11059 I LSPosed-Bridge: 	at com.example.permlabel.hookBinder_test$1.afterHookedMethod(hookBinder_test.java:63)

08-12 09:03:36.289 11059 11059 I LSPosed-Bridge: 	at de.robv.android.xposed.XposedBridge$AdditionalHookInfo.callback(Unknown Source:147)

08-12 09:03:36.289 11059 11059 I LSPosed-Bridge: 	at LSPHooker_.transact(Unknown Source:28)

08-12 09:03:36.289 11059 11059 I LSPosed-Bridge: 	at android.app.IActivityManager$Stub$Proxy.getRunningAppProcesses(IActivityManager.java:5366)

08-12 09:03:36.289 11059 11059 I LSPosed-Bridge: 	at android.app.ActivityManager.getRunningAppProcesses(ActivityManager.java:3435)

08-12 09:03:36.289 11059 11059 I LSPosed-Bridge: 	at java.lang.reflect.Method.invoke(Native Method)

08-12 09:03:36.289 11059 11059 I LSPosed-Bridge: 	at org.lsposed.lspd.nativebridge.HookBridge.invokeOriginalMethod(Native Method)

08-12 09:03:36.289 11059 11059 I LSPosed-Bridge: 	at de.robv.android.xposed.XposedBridge$AdditionalHookInfo.callback(Unknown Source:110)

08-12 09:03:36.289 11059 11059 I LSPosed-Bridge: 	at LSPHooker_.getRunningAppProcesses(Unknown Source:8)

08-12 09:03:36.289 11059 11059 I LSPosed-Bridge: 	at com.feilong.zaitian.j.p0.g(StringUtils.java:4)

08-12 09:03:36.289 11059 11059 I LSPosed-Bridge: 	at com.feilong.zaitian.ui.activity.MainActivity.i(MainActivity.java:1)

08-12 09:03:36.289 11059 11059 I LSPosed-Bridge: 	at com.feilong.zaitian.ui.activity.MainActivity.j(Unknown Source:0)

08-12 09:03:36.289 11059 11059 I LSPosed-Bridge: 	at com.feilong.zaitian.ui.activity.i.run(Unknown Source:2)

08-12 09:03:36.289 11059 11059 I LSPosed-Bridge: 	at android.os.Handler.handleCallback(Handler.java:873)

08-12 09:03:36.289 11059 11059 I LSPosed-Bridge: 	at android.os.Handler.dispatchMessage(Handler.java:99)

08-12 09:03:36.289 11059 11059 I LSPosed-Bridge: 	at android.os.Looper.loop(Looper.java:193)

08-12 09:03:36.289 11059 11059 I LSPosed-Bridge: 	at android.app.ActivityThread.main(ActivityThread.java:6692)

08-12 09:03:36.289 11059 11059 I LSPosed-Bridge: 	at java.lang.reflect.Method.invoke(Native Method)

08-12 09:03:36.289 11059 11059 I LSPosed-Bridge: 	at com.android.internal.os.RuntimeInit$MethodAndArgsCaller.run(RuntimeInit.java:493)

08-12 09:03:36.289 11059 11059 I LSPosed-Bridge: 	at com.android.internal.os.ZygoteInit.main(ZygoteInit.java:858)

08-12 09:03:36.289   561   561 I ConfigStore: android::hardware::configstore::V1_0::ISurfaceFlingerConfigs::hasHDRDisplay retrieved: 0

08-12 09:03:36.289 11059 11059 I LSPosed-Bridge: 11059 PermLabel getRunningAppProcesses =android.app.ActivityManager$RunningAppProcessInfo@2a38d84

08-12 09:03:36.289 11059 11059 I LSPosed-Bridge: 11059 PermLabel getRunningAppProcesses processName: com.feilong.zaitian pid: 11059

08-12 09:03:36.289 11059 11059 I LSPosed-Bridge: 11059 PermLabel getRunningAppProcesses importance: 100 pid: 11059

08-12 09:03:36.289 11059 11059 I LSPosed-Bridge: 11059 PermLabel getRunningAppProcesses packageName com.feilong.zaitian at index 0 in process 11059

08-12 09:03:36.289 11059 11059 I LSPosed-Bridge: 11059 PermLabel permName: android.permission.READ_PHONE_STATE; getRunningAppProcesses =[android.app.ActivityManager$RunningAppProcessInfo@2a38d84]; stacktrace=java.lang.Exception

08-12 09:03:36.289 11059 11059 I LSPosed-Bridge: 	at com.example.permlabel.hookBinder_test$2.afterHookedMethod(hookBinder_test.java:103)

08-12 09:03:36.289 11059 11059 I LSPosed-Bridge: 	at de.robv.android.xposed.XposedBridge$AdditionalHookInfo.callback(Unknown Source:147)

08-12 09:03:36.289 11059 11059 I LSPosed-Bridge: 	at LSPHooker_.getRunningAppProcesses(Unknown Source:8)

08-12 09:03:36.289 11059 11059 I LSPosed-Bridge: 	at com.feilong.zaitian.j.p0.g(StringUtils.java:4)

08-12 09:03:36.289 11059 11059 I LSPosed-Bridge: 	at com.feilong.zaitian.ui.activity.MainActivity.i(MainActivity.java:1)

08-12 09:03:36.289 11059 11059 I LSPosed-Bridge: 	at com.feilong.zaitian.ui.activity.MainActivity.j(Unknown Source:0)

08-12 09:03:36.289 11059 11059 I LSPosed-Bridge: 	at com.feilong.zaitian.ui.activity.i.run(Unknown Source:2)

08-12 09:03:36.289 11059 11059 I LSPosed-Bridge: 	at android.os.Handler.handleCallback(Handler.java:873)

08-12 09:03:36.289 11059 11059 I LSPosed-Bridge: 	at android.os.Handler.dispatchMessage(Handler.java:99)

08-12 09:03:36.289 11059 11059 I LSPosed-Bridge: 	at android.os.Looper.loop(Looper.java:193)

08-12 09:03:36.289 11059 11059 I LSPosed-Bridge: 	at android.app.ActivityThread.main(ActivityThread.java:6692)

08-12 09:03:36.289 11059 11059 I LSPosed-Bridge: 	at java.lang.reflect.Method.invoke(Native Method)

08-12 09:03:36.289 11059 11059 I LSPosed-Bridge: 	at com.android.internal.os.RuntimeInit$MethodAndArgsCaller.run(RuntimeInit.java:493)

08-12 09:03:36.289 11059 11059 I LSPosed-Bridge: 	at com.android.internal.os.ZygoteInit.main(ZygoteInit.java:858)

08-12 09:03:36.289 11059 11613 I LSPosed-Bridge: 11059 PermLabel hookBinder_test 10126 interfaceBinder =android.content.pm.IPackageManager; arg0 = 3; arg1 = android.os.Parcel@cb88b31; arg2 = android.os.Parcel@5e2ea1a; arg3 = 0; res = true; stacktrace=java.lang.Exception

08-12 09:03:36.289 11059 11613 I LSPosed-Bridge: 	at com.example.permlabel.hookBinder_test$1.afterHookedMethod(hookBinder_test.java:63)

08-12 09:03:36.289 11059 11613 I LSPosed-Bridge: 	at de.robv.android.xposed.XposedBridge$AdditionalHookInfo.callback(Unknown Source:147)

08-12 09:03:36.289 11059 11613 I LSPosed-Bridge: 	at LSPHooker_.transact(Unknown Source:28)

08-12 09:03:36.289 11059 11613 I LSPosed-Bridge: 	at android.content.pm.IPackageManager$Stub$Proxy.getPackageInfo(IPackageManager.java:2876)

08-12 09:03:36.289 11059 11613 I LSPosed-Bridge: 	at android.app.ApplicationPackageManager.getPackageInfoAsUser(ApplicationPackageManager.java:174)

08-12 09:03:36.289 11059 11613 I LSPosed-Bridge: 	at android.app.ApplicationPackageManager.getPackageInfo(ApplicationPackageManager.java:152)

08-12 09:03:36.289 11059 11613 I LSPosed-Bridge: 	at com.unity3d.services.core.device.Device.getCertificateFingerprint(Device.java:3)

08-12 09:03:36.289 11059 11613 I LSPosed-Bridge: 	at com.unity3d.services.core.api.DeviceInfo.getCertificateFingerprint(DeviceInfo.java:1)

08-12 09:03:36.289 11059 11613 I LSPosed-Bridge: 	at java.lang.reflect.Method.invoke(Native Method)

08-12 09:03:36.289 11059 11613 I LSPosed-Bridge: 	at com.unity3d.services.core.webview.bridge.WebViewBridge.handleInvocation(WebViewBridge.java:3)

08-12 09:03:36.289 11059 11613 I LSPosed-Bridge: 	at com.unity3d.services.core.webview.bridge.Invocation.nextInvocation(Invocation.java:7)

08-12 09:03:36.289 11059 11613 I LSPosed-Bridge: 	at com.unity3d.services.core.webview.bridge.WebViewBridgeInterface.handleInvocation(WebViewBridgeInterface.java:12)

08-12 09:03:36.289 11059 11613 I LSPosed-Bridge: 	at android.os.MessageQueue.nativePollOnce(Native Method)

08-12 09:03:36.289 11059 11613 I LSPosed-Bridge: 	at android.os.MessageQueue.next(MessageQueue.java:326)

08-12 09:03:36.289 11059 11613 I LSPosed-Bridge: 	at android.os.Looper.loop(Looper.java:160)

08-12 09:03:36.289 11059 11613 I LSPosed-Bridge: 	at android.os.HandlerThread.run(HandlerThread.java:65)

08-12 09:03:55.386 11059 11059 I LSPosed-Bridge: 11059 PermLabel getRunningAppProcesses =android.app.ActivityManager$RunningAppProcessInfo@11e25de

08-12 09:03:55.386 11059 11059 I LSPosed-Bridge: 11059 PermLabel getRunningAppProcesses processName: com.feilong.zaitian pid: 11059

08-12 09:03:55.386 11059 11059 I LSPosed-Bridge: 11059 PermLabel getRunningAppProcesses importance: 100 pid: 11059

08-12 09:03:55.386 11059 11059 I LSPosed-Bridge: 11059 PermLabel getRunningAppProcesses packageName com.feilong.zaitian at index 0 in process 11059

08-12 09:03:55.386 11059 11059 I LSPosed-Bridge: 11059 PermLabel permName: android.permission.READ_PHONE_STATE; getRunningAppProcesses =[android.app.ActivityManager$RunningAppProcessInfo@11e25de]; stacktrace=java.lang.Exception

08-12 09:03:55.386 11059 11059 I LSPosed-Bridge: 	at com.example.permlabel.hookBinder_test$2.afterHookedMethod(hookBinder_test.java:103)

08-12 09:03:55.386 11059 11059 I LSPosed-Bridge: 	at de.robv.android.xposed.XposedBridge$AdditionalHookInfo.callback(Unknown Source:147)

08-12 09:03:55.386 11059 11059 I LSPosed-Bridge: 	at LSPHooker_.getRunningAppProcesses(Unknown Source:8)

08-12 09:03:55.386 11059 11059 I LSPosed-Bridge: 	at com.feilong.zaitian.j.p0.g(StringUtils.java:4)

08-12 09:03:55.386 11059 11059 I LSPosed-Bridge: 	at com.feilong.zaitian.ui.activity.MainActivity.i(MainActivity.java:1)

08-12 09:03:55.386 11059 11059 I LSPosed-Bridge: 	at com.feilong.zaitian.ui.activity.MainActivity.j(Unknown Source:0)

08-12 09:03:55.386 11059 11059 I LSPosed-Bridge: 	at com.feilong.zaitian.ui.activity.i.run(Unknown Source:2)

08-12 09:03:55.386 11059 11059 I LSPosed-Bridge: 	at android.os.Handler.handleCallback(Handler.java:873)

08-12 09:03:55.386 11059 11059 I LSPosed-Bridge: 	at android.os.Handler.dispatchMessage(Handler.java:99)

08-12 09:03:55.386 11059 11059 I LSPosed-Bridge: 	at android.os.Looper.loop(Looper.java:193)

08-12 09:03:55.386 11059 11059 I LSPosed-Bridge: 	at android.app.ActivityThread.main(ActivityThread.java:6692)

08-12 09:03:55.386 11059 11059 I LSPosed-Bridge: 	at java.lang.reflect.Method.invoke(Native Method)

08-12 09:03:55.386 11059 11059 I LSPosed-Bridge: 	at com.android.internal.os.RuntimeInit$MethodAndArgsCaller.run(RuntimeInit.java:493)

08-12 09:03:55.386 11059 11059 I LSPosed-Bridge: 	at com.android.internal.os.ZygoteInit.main(ZygoteInit.java:858)

08-12 09:03:55.386   561   561 I ConfigStore: android::hardware::configstore::V1_0::ISurfaceFlingerConfigs::hasHDRDisplay retrieved: 0

08-12 09:06:23.624 11059 11059 I LSPosed-Bridge: 11059 PermLabel getRunningAppProcesses =android.app.ActivityManager$RunningAppProcessInfo@f3aee2b

08-12 09:06:23.624 11059 11059 I LSPosed-Bridge: 11059 PermLabel getRunningAppProcesses processName: com.feilong.zaitian pid: 11059

08-12 09:06:23.624 11059 11059 I LSPosed-Bridge: 11059 PermLabel getRunningAppProcesses importance: 100 pid: 11059

08-12 09:06:23.624 11059 11059 I LSPosed-Bridge: 11059 PermLabel getRunningAppProcesses packageName com.feilong.zaitian at index 0 in process 11059

08-12 09:06:23.624 11059 11059 I LSPosed-Bridge: 11059 PermLabel permName: android.permission.READ_PHONE_STATE; getRunningAppProcesses =[android.app.ActivityManager$RunningAppProcessInfo@f3aee2b]; stacktrace=java.lang.Exception

08-12 09:06:23.624 11059 11059 I LSPosed-Bridge: 	at com.example.permlabel.hookBinder_test$2.afterHookedMethod(hookBinder_test.java:103)

08-12 09:06:23.624 11059 11059 I LSPosed-Bridge: 	at de.robv.android.xposed.XposedBridge$AdditionalHookInfo.callback(Unknown Source:147)

08-12 09:06:23.624 11059 11059 I LSPosed-Bridge: 	at LSPHooker_.getRunningAppProcesses(Unknown Source:8)

08-12 09:06:23.624 11059 11059 I LSPosed-Bridge: 	at com.feilong.zaitian.j.p0.g(StringUtils.java:4)

08-12 09:06:23.624 11059 11059 I LSPosed-Bridge: 	at com.feilong.zaitian.ui.activity.MainActivity.i(MainActivity.java:1)

08-12 09:06:23.624 11059 11059 I LSPosed-Bridge: 	at com.feilong.zaitian.ui.activity.MainActivity.j(Unknown Source:0)

08-12 09:06:23.624 11059 11059 I LSPosed-Bridge: 	at com.feilong.zaitian.ui.activity.i.run(Unknown Source:2)

08-12 09:06:23.624 11059 11059 I LSPosed-Bridge: 	at android.os.Handler.handleCallback(Handler.java:873)

08-12 09:06:23.624 11059 11059 I LSPosed-Bridge: 	at android.os.Handler.dispatchMessage(Handler.java:99)

08-12 09:06:23.624 11059 11059 I LSPosed-Bridge: 	at android.os.Looper.loop(Looper.java:193)

08-12 09:06:23.624 11059 11059 I LSPosed-Bridge: 	at android.app.ActivityThread.main(ActivityThread.java:6692)

08-12 09:06:23.624 11059 11059 I LSPosed-Bridge: 	at java.lang.reflect.Method.invoke(Native Method)

08-12 09:06:23.624 11059 11059 I LSPosed-Bridge: 	at com.android.internal.os.RuntimeInit$MethodAndArgsCaller.run(RuntimeInit.java:493)

08-12 09:06:23.624 11059 11059 I LSPosed-Bridge: 	at com.android.internal.os.ZygoteInit.main(ZygoteInit.java:858)

08-12 09:06:30.975   561   561 I ConfigStore: android::hardware::configstore::V1_0::ISurfaceFlingerConfigs::hasHDRDisplay retrieved: 0

08-12 09:06:30.975 11059 11059 I LSPosed-Bridge: 11059 PermLabel hookBinder_test 10126 interfaceBinder =android.app.IActivityManager; arg0 = 81; arg1 = android.os.Parcel@4d80154; arg2 = android.os.Parcel@41d0f31; arg3 = 0; res = true; stacktrace=java.lang.Exception

08-12 09:06:30.975 11059 11059 I LSPosed-Bridge: 	at com.example.permlabel.hookBinder_test$1.afterHookedMethod(hookBinder_test.java:63)

08-12 09:06:30.975 11059 11059 I LSPosed-Bridge: 	at de.robv.android.xposed.XposedBridge$AdditionalHookInfo.callback(Unknown Source:147)

08-12 09:06:30.975 11059 11059 I LSPosed-Bridge: 	at LSPHooker_.transact(Unknown Source:28)

08-12 09:06:30.975 11059 11059 I LSPosed-Bridge: 	at android.app.IActivityManager$Stub$Proxy.getRunningAppProcesses(IActivityManager.java:5366)

08-12 09:06:30.975 11059 11059 I LSPosed-Bridge: 	at android.app.ActivityManager.getRunningAppProcesses(ActivityManager.java:3435)

08-12 09:06:30.975 11059 11059 I LSPosed-Bridge: 	at java.lang.reflect.Method.invoke(Native Method)

08-12 09:06:30.975 11059 11059 I LSPosed-Bridge: 	at org.lsposed.lspd.nativebridge.HookBridge.invokeOriginalMethod(Native Method)

08-12 09:06:30.975 11059 11059 I LSPosed-Bridge: 	at de.robv.android.xposed.XposedBridge$AdditionalHookInfo.callback(Unknown Source:110)

08-12 09:06:30.975 11059 11059 I LSPosed-Bridge: 	at LSPHooker_.getRunningAppProcesses(Unknown Source:8)

08-12 09:06:30.975 11059 11059 I LSPosed-Bridge: 	at com.feilong.zaitian.j.p0.g(StringUtils.java:4)

08-12 09:06:30.975 11059 11059 I LSPosed-Bridge: 	at com.feilong.zaitian.ui.activity.MainActivity.i(MainActivity.java:1)

08-12 09:06:30.975 11059 11059 I LSPosed-Bridge: 	at com.feilong.zaitian.ui.activity.MainActivity.j(Unknown Source:0)

08-12 09:06:30.975 11059 11059 I LSPosed-Bridge: 	at com.feilong.zaitian.ui.activity.i.run(Unknown Source:2)

08-12 09:06:30.975 11059 11059 I LSPosed-Bridge: 	at android.os.Handler.handleCallback(Handler.java:873)

08-12 09:06:30.975 11059 11059 I LSPosed-Bridge: 	at android.os.Handler.dispatchMessage(Handler.java:99)

08-12 09:06:30.975 11059 11059 I LSPosed-Bridge: 	at android.os.Looper.loop(Looper.java:193)

08-12 09:06:30.975 11059 11059 I LSPosed-Bridge: 	at android.app.ActivityThread.main(ActivityThread.java:6692)

08-12 09:06:30.975 11059 11059 I LSPosed-Bridge: 	at java.lang.reflect.Method.invoke(Native Method)

08-12 09:06:30.975 11059 11059 I LSPosed-Bridge: 	at com.android.internal.os.RuntimeInit$MethodAndArgsCaller.run(RuntimeInit.java:493)

08-12 09:06:30.975 11059 11059 I LSPosed-Bridge: 	at com.android.internal.os.ZygoteInit.main(ZygoteInit.java:858)

08-12 09:06:30.975 11059 11059 I LSPosed-Bridge: 11059 PermLabel getRunningAppProcesses =android.app.ActivityManager$RunningAppProcessInfo@dc8e8be

08-12 09:06:30.975 11059 11059 I LSPosed-Bridge: 11059 PermLabel getRunningAppProcesses processName: com.feilong.zaitian pid: 11059

08-12 09:06:30.975 11059 11059 I LSPosed-Bridge: 11059 PermLabel getRunningAppProcesses importance: 100 pid: 11059

08-12 09:06:30.975 11059 11059 I LSPosed-Bridge: 11059 PermLabel getRunningAppProcesses packageName com.feilong.zaitian at index 0 in process 11059

08-12 09:06:30.975 11059 11059 I LSPosed-Bridge: 11059 PermLabel permName: android.permission.READ_PHONE_STATE; getRunningAppProcesses =[android.app.ActivityManager$RunningAppProcessInfo@dc8e8be]; stacktrace=java.lang.Exception

08-12 09:06:30.975 11059 11059 I LSPosed-Bridge: 	at com.example.permlabel.hookBinder_test$2.afterHookedMethod(hookBinder_test.java:103)

08-12 09:06:30.975 11059 11059 I LSPosed-Bridge: 	at de.robv.android.xposed.XposedBridge$AdditionalHookInfo.callback(Unknown Source:147)

08-12 09:06:30.975 11059 11059 I LSPosed-Bridge: 	at LSPHooker_.getRunningAppProcesses(Unknown Source:8)

08-12 09:06:30.975 11059 11059 I LSPosed-Bridge: 	at com.feilong.zaitian.j.p0.g(StringUtils.java:4)

08-12 09:06:30.975 11059 11059 I LSPosed-Bridge: 	at com.feilong.zaitian.ui.activity.MainActivity.i(MainActivity.java:1)

08-12 09:06:30.975 11059 11059 I LSPosed-Bridge: 	at com.feilong.zaitian.ui.activity.MainActivity.j(Unknown Source:0)

08-12 09:06:30.975 11059 11059 I LSPosed-Bridge: 	at com.feilong.zaitian.ui.activity.i.run(Unknown Source:2)

08-12 09:06:30.975 11059 11059 I LSPosed-Bridge: 	at android.os.Handler.handleCallback(Handler.java:873)

08-12 09:06:30.975 11059 11059 I LSPosed-Bridge: 	at android.os.Handler.dispatchMessage(Handler.java:99)

08-12 09:06:30.975 11059 11059 I LSPosed-Bridge: 	at android.os.Looper.loop(Looper.java:193)

08-12 09:06:30.975 11059 11059 I LSPosed-Bridge: 	at android.app.ActivityThread.main(ActivityThread.java:6692)

08-12 09:06:30.975 11059 11059 I LSPosed-Bridge: 	at java.lang.reflect.Method.invoke(Native Method)

08-12 09:06:30.975 11059 11059 I LSPosed-Bridge: 	at com.android.internal.os.RuntimeInit$MethodAndArgsCaller.run(RuntimeInit.java:493)

08-12 09:06:30.975 11059 11059 I LSPosed-Bridge: 	at com.android.internal.os.ZygoteInit.main(ZygoteInit.java:858)

08-12 09:07:15.024 11059 11059 I LSPosed-Bridge: 11059 PermLabel getRunningAppProcesses processName: com.feilong.zaitian pid: 11059

08-12 09:07:15.024 11059 11059 I LSPosed-Bridge: 11059 PermLabel getRunningAppProcesses importance: 100 pid: 11059

08-12 09:07:15.024 11059 11059 I LSPosed-Bridge: 11059 PermLabel getRunningAppProcesses packageName com.feilong.zaitian at index 0 in process 11059

08-12 09:07:15.024 11059 11059 I LSPosed-Bridge: 11059 PermLabel permName: android.permission.READ_PHONE_STATE; getRunningAppProcesses =[android.app.ActivityManager$RunningAppProcessInfo@318af30]; stacktrace=java.lang.Exception

08-12 09:07:15.024 11059 11059 I LSPosed-Bridge: 	at com.example.permlabel.hookBinder_test$2.afterHookedMethod(hookBinder_test.java:103)

08-12 09:07:15.024 11059 11059 I LSPosed-Bridge: 	at de.robv.android.xposed.XposedBridge$AdditionalHookInfo.callback(Unknown Source:147)

08-12 09:07:15.024 11059 11059 I LSPosed-Bridge: 	at LSPHooker_.getRunningAppProcesses(Unknown Source:8)

08-12 09:07:15.024 11059 11059 I LSPosed-Bridge: 	at com.feilong.zaitian.j.p0.g(StringUtils.java:4)

08-12 09:07:15.024 11059 11059 I LSPosed-Bridge: 	at com.feilong.zaitian.ui.activity.MainActivity.i(MainActivity.java:1)

08-12 09:07:15.024 11059 11059 I LSPosed-Bridge: 	at com.feilong.zaitian.ui.activity.MainActivity.j(Unknown Source:0)

08-12 09:07:15.024 11059 11059 I LSPosed-Bridge: 	at com.feilong.zaitian.ui.activity.i.run(Unknown Source:2)

08-12 09:07:15.024 11059 11059 I LSPosed-Bridge: 	at android.os.Handler.handleCallback(Handler.java:873)

08-12 09:07:15.024 11059 11059 I LSPosed-Bridge: 	at android.os.Handler.dispatchMessage(Handler.java:99)

08-12 09:07:15.024 11059 11059 I LSPosed-Bridge: 	at android.os.Looper.loop(Looper.java:193)

08-12 09:07:15.024 11059 11059 I LSPosed-Bridge: 	at android.app.ActivityThread.main(ActivityThread.java:6692)

08-12 09:07:15.024 11059 11059 I LSPosed-Bridge: 	at java.lang.reflect.Method.invoke(Native Method)

08-12 09:07:15.024 11059 11059 I LSPosed-Bridge: 	at com.android.internal.os.RuntimeInit$MethodAndArgsCaller.run(RuntimeInit.java:493)

08-12 09:07:15.024 11059 11059 I LSPosed-Bridge: 	at com.android.internal.os.ZygoteInit.main(ZygoteInit.java:858)

08-12 09:08:41.735 11059 11059 I LSPosed-Bridge: 11059 PermLabel permName: android.permission.READ_PHONE_STATE; getRunningAppProcesses =[android.app.ActivityManager$RunningAppProcessInfo@d47f341]; stacktrace=java.lang.Exception

08-12 09:08:41.735 11059 11059 I LSPosed-Bridge: 	at com.example.permlabel.hookBinder_test$2.afterHookedMethod(hookBinder_test.java:103)

08-12 09:08:41.735 11059 11059 I LSPosed-Bridge: 	at de.robv.android.xposed.XposedBridge$AdditionalHookInfo.callback(Unknown Source:147)

08-12 09:08:41.735 11059 11059 I LSPosed-Bridge: 	at LSPHooker_.getRunningAppProcesses(Unknown Source:8)

08-12 09:08:41.735 11059 11059 I LSPosed-Bridge: 	at com.feilong.zaitian.j.p0.g(StringUtils.java:4)

08-12 09:08:41.735 11059 11059 I LSPosed-Bridge: 	at com.feilong.zaitian.ui.activity.MainActivity.i(MainActivity.java:1)

08-12 09:08:41.735 11059 11059 I LSPosed-Bridge: 	at com.feilong.zaitian.ui.activity.MainActivity.j(Unknown Source:0)

08-12 09:08:41.735 11059 11059 I LSPosed-Bridge: 	at com.feilong.zaitian.ui.activity.i.run(Unknown Source:2)

08-12 09:08:41.735 11059 11059 I LSPosed-Bridge: 	at android.os.Handler.handleCallback(Handler.java:873)

08-12 09:08:41.735 11059 11059 I LSPosed-Bridge: 	at android.os.Handler.dispatchMessage(Handler.java:99)

08-12 09:08:41.735 11059 11059 I LSPosed-Bridge: 	at android.os.Looper.loop(Looper.java:193)

08-12 09:08:41.735 11059 11059 I LSPosed-Bridge: 	at android.app.ActivityThread.main(ActivityThread.java:6692)

08-12 09:08:41.735 11059 11059 I LSPosed-Bridge: 	at java.lang.reflect.Method.invoke(Native Method)

08-12 09:08:41.735 11059 11059 I LSPosed-Bridge: 	at com.android.internal.os.RuntimeInit$MethodAndArgsCaller.run(RuntimeInit.java:493)

08-12 09:08:41.735 11059 11059 I LSPosed-Bridge: 	at com.android.internal.os.ZygoteInit.main(ZygoteInit.java:858)

08-12 09:09:11.168 11059 11059 I LSPosed-Bridge: 11059 PermLabel getRunningAppProcesses =android.app.ActivityManager$RunningAppProcessInfo@69ec7de

08-12 09:09:11.168 11059 11059 I LSPosed-Bridge: 11059 PermLabel getRunningAppProcesses processName: com.feilong.zaitian pid: 11059

08-12 09:09:11.168 11059 11059 I LSPosed-Bridge: 11059 PermLabel getRunningAppProcesses importance: 100 pid: 11059

08-12 09:09:11.168 11059 11059 I LSPosed-Bridge: 11059 PermLabel getRunningAppProcesses packageName com.feilong.zaitian at index 0 in process 11059

08-12 09:09:11.168 11059 11059 I LSPosed-Bridge: 11059 PermLabel permName: android.permission.READ_PHONE_STATE; getRunningAppProcesses =[android.app.ActivityManager$RunningAppProcessInfo@69ec7de]; stacktrace=java.lang.Exception

08-12 09:09:11.168 11059 11059 I LSPosed-Bridge: 	at com.example.permlabel.hookBinder_test$2.afterHookedMethod(hookBinder_test.java:103)

08-12 09:09:11.168 11059 11059 I LSPosed-Bridge: 	at de.robv.android.xposed.XposedBridge$AdditionalHookInfo.callback(Unknown Source:147)

08-12 09:09:11.168 11059 11059 I LSPosed-Bridge: 	at LSPHooker_.getRunningAppProcesses(Unknown Source:8)

08-12 09:09:11.168 11059 11059 I LSPosed-Bridge: 	at com.feilong.zaitian.j.p0.g(StringUtils.java:4)

08-12 09:09:11.168 11059 11059 I LSPosed-Bridge: 	at com.feilong.zaitian.ui.activity.MainActivity.i(MainActivity.java:1)

08-12 09:09:11.168 11059 11059 I LSPosed-Bridge: 	at com.feilong.zaitian.ui.activity.MainActivity.j(Unknown Source:0)

08-12 09:09:11.168 11059 11059 I LSPosed-Bridge: 	at com.feilong.zaitian.ui.activity.i.run(Unknown Source:2)

08-12 09:09:11.168 11059 11059 I LSPosed-Bridge: 	at android.os.Handler.handleCallback(Handler.java:873)

08-12 09:09:11.168 11059 11059 I LSPosed-Bridge: 	at android.os.Handler.dispatchMessage(Handler.java:99)

08-12 09:09:11.168 11059 11059 I LSPosed-Bridge: 	at android.os.Looper.loop(Looper.java:193)

08-12 09:09:11.168 11059 11059 I LSPosed-Bridge: 	at android.app.ActivityThread.main(ActivityThread.java:6692)

08-12 09:09:11.168 11059 11059 I LSPosed-Bridge: 	at java.lang.reflect.Method.invoke(Native Method)

08-12 09:09:11.168 11059 11059 I LSPosed-Bridge: 	at com.android.internal.os.RuntimeInit$MethodAndArgsCaller.run(RuntimeInit.java:493)

08-12 09:09:11.168 11059 11059 I LSPosed-Bridge: 	at com.android.internal.os.ZygoteInit.main(ZygoteInit.java:858)

08-12 09:09:25.087 11059 11059 I LSPosed-Bridge: 11059 PermLabel getRunningAppProcesses =android.app.ActivityManager$RunningAppProcessInfo@49867a5

08-12 09:09:25.087 11059 11059 I LSPosed-Bridge: 11059 PermLabel getRunningAppProcesses processName: com.feilong.zaitian pid: 11059

08-12 09:09:25.087 11059 11059 I LSPosed-Bridge: 11059 PermLabel getRunningAppProcesses importance: 100 pid: 11059

08-12 09:09:25.087 11059 11059 I LSPosed-Bridge: 11059 PermLabel getRunningAppProcesses packageName com.feilong.zaitian at index 0 in process 11059

08-12 09:09:25.087 11059 11059 I LSPosed-Bridge: 11059 PermLabel permName: android.permission.READ_PHONE_STATE; getRunningAppProcesses =[android.app.ActivityManager$RunningAppProcessInfo@49867a5]; stacktrace=java.lang.Exception

08-12 09:09:25.087 11059 11059 I LSPosed-Bridge: 	at com.example.permlabel.hookBinder_test$2.afterHookedMethod(hookBinder_test.java:103)

08-12 09:09:25.087 11059 11059 I LSPosed-Bridge: 	at de.robv.android.xposed.XposedBridge$AdditionalHookInfo.callback(Unknown Source:147)

08-12 09:09:25.087 11059 11059 I LSPosed-Bridge: 	at LSPHooker_.getRunningAppProcesses(Unknown Source:8)

08-12 09:09:25.087 11059 11059 I LSPosed-Bridge: 	at com.feilong.zaitian.j.p0.g(StringUtils.java:4)

08-12 09:09:25.087 11059 11059 I LSPosed-Bridge: 	at com.feilong.zaitian.ui.reader.FTReadActivity.H(FTReadActivity.java:1)

08-12 09:09:25.087 11059 11059 I LSPosed-Bridge: 	at com.feilong.zaitian.ui.reader.FTReadActivity.I(Unknown Source:0)

08-12 09:09:25.087 11059 11059 I LSPosed-Bridge: 	at com.feilong.zaitian.ui.reader.e.run(Unknown Source:2)

08-12 09:09:25.087 11059 11059 I LSPosed-Bridge: 	at android.os.Handler.handleCallback(Handler.java:873)

08-12 09:09:25.087 11059 11059 I LSPosed-Bridge: 	at android.os.Handler.dispatchMessage(Handler.java:99)

08-12 09:09:25.087 11059 11059 I LSPosed-Bridge: 	at android.os.Looper.loop(Looper.java:193)

08-12 09:09:25.087 11059 11059 I LSPosed-Bridge: 	at android.app.ActivityThread.main(ActivityThread.java:6692)

08-12 09:09:25.087 11059 11059 I LSPosed-Bridge: 	at java.lang.reflect.Method.invoke(Native Method)

08-12 09:09:25.087 11059 11059 I LSPosed-Bridge: 	at com.android.internal.os.RuntimeInit$MethodAndArgsCaller.run(RuntimeInit.java:493)

08-12 09:09:25.087 11059 11059 I LSPosed-Bridge: 	at com.android.internal.os.ZygoteInit.main(ZygoteInit.java:858)

08-12 09:09:48.978  1570  1591 I LSPosed-Bridge: 11059 PermLabel 10126 AMS.checkPermission: Binder.getCallingPid() = 11059; uid = 10126; Binder.getCallingUid() = 10126; getNameForUid: com.feilong.zaitian; getPackagesForUid: [com.feilong.zaitian]; permName: android.permission.GET_TASKS; type = 0; res = -1; stacktrace=java.lang.Exception

08-12 09:09:48.978  1570  1591 I LSPosed-Bridge: 	at com.example.permlabel.requirePerm$1$2.afterHookedMethod(requirePerm.java:132)

08-12 09:09:48.978  1570  1591 I LSPosed-Bridge: 	at de.robv.android.xposed.XposedBridge$AdditionalHookInfo.callback(Unknown Source:147)

08-12 09:09:48.978  1570  1591 I LSPosed-Bridge: 	at LSPHooker_.checkPermission(Unknown Source:25)

08-12 09:09:48.978  1570  1591 I LSPosed-Bridge: 	at com.android.server.am.ActivityManagerService.isGetTasksAllowed(ActivityManagerService.java:10902)

08-12 09:09:48.978  1570  1591 I LSPosed-Bridge: 	at com.android.server.am.ActivityManagerService.getRunningAppProcesses(ActivityManagerService.java:16139)

08-12 09:09:48.978  1570  1591 I LSPosed-Bridge: 	at android.app.IActivityManager$Stub.onTransact(IActivityManager.java:1088)

