08-12 09:26:07.113 11059 11059 I LSPosed-Bridge: 	at de.robv.android.xposed.XposedBridge$AdditionalHookInfo.callback(Unknown Source:110)

08-12 09:26:07.113 11059 11059 I LSPosed-Bridge: 	at LSPHooker_.getRunningAppProcesses(Unknown Source:8)

08-12 09:26:07.113 11059 11059 I LSPosed-Bridge: 	at com.feilong.zaitian.j.p0.g(StringUtils.java:4)

08-12 09:26:07.113 11059 11059 I LSPosed-Bridge: 	at com.feilong.zaitian.ui.activity.MainActivity.i(MainActivity.java:1)

08-12 09:26:07.113 11059 11059 I LSPosed-Bridge: 	at com.feilong.zaitian.ui.activity.MainActivity.j(Unknown Source:0)

08-12 09:26:07.113 11059 11059 I LSPosed-Bridge: 	at com.feilong.zaitian.ui.activity.i.run(Unknown Source:2)

08-12 09:26:07.113 11059 11059 I LSPosed-Bridge: 	at android.os.Handler.handleCallback(Handler.java:873)

08-12 09:26:07.113 11059 11059 I LSPosed-Bridge: 	at android.os.Handler.dispatchMessage(Handler.java:99)

08-12 09:26:07.113 11059 11059 I LSPosed-Bridge: 	at android.os.Looper.loop(Looper.java:193)

08-12 09:26:07.113 11059 11059 I LSPosed-Bridge: 	at android.app.ActivityThread.main(ActivityThread.java:6692)

08-12 09:26:07.113 11059 11059 I LSPosed-Bridge: 	at java.lang.reflect.Method.invoke(Native Method)

08-12 09:26:07.113 11059 11059 I LSPosed-Bridge: 	at com.android.internal.os.RuntimeInit$MethodAndArgsCaller.run(RuntimeInit.java:493)

08-12 09:26:07.113 11059 11059 I LSPosed-Bridge: 	at com.android.internal.os.ZygoteInit.main(ZygoteInit.java:858)

08-12 09:26:07.113 11059 11059 I LSPosed-Bridge: 11059 PermLabel getRunningAppProcesses =android.app.ActivityManager$RunningAppProcessInfo@89e88fc

08-12 09:26:07.113 11059 11059 I LSPosed-Bridge: 11059 PermLabel getRunningAppProcesses processName: com.feilong.zaitian pid: 11059

08-12 09:26:07.113 11059 11059 I LSPosed-Bridge: 11059 PermLabel getRunningAppProcesses importance: 100 pid: 11059

08-12 09:26:07.113 11059 11059 I LSPosed-Bridge: 11059 PermLabel getRunningAppProcesses packageName com.feilong.zaitian at index 0 in process 11059

08-12 09:26:07.113 11059 11059 I LSPosed-Bridge: 11059 PermLabel permName: android.permission.READ_PHONE_STATE; getRunningAppProcesses =[android.app.ActivityManager$RunningAppProcessInfo@89e88fc]; stacktrace=java.lang.Exception

08-12 09:26:07.113 11059 11059 I LSPosed-Bridge: 	at com.example.permlabel.hookBinder_test$2.afterHookedMethod(hookBinder_test.java:103)

08-12 09:26:07.113 11059 11059 I LSPosed-Bridge: 	at de.robv.android.xposed.XposedBridge$AdditionalHookInfo.callback(Unknown Source:147)

08-12 09:26:07.113 11059 11059 I LSPosed-Bridge: 	at LSPHooker_.getRunningAppProcesses(Unknown Source:8)

08-12 09:26:07.113 11059 11059 I LSPosed-Bridge: 	at com.feilong.zaitian.j.p0.g(StringUtils.java:4)

08-12 09:26:07.113 11059 11059 I LSPosed-Bridge: 	at com.feilong.zaitian.ui.activity.MainActivity.i(MainActivity.java:1)

08-12 09:26:07.113 11059 11059 I LSPosed-Bridge: 	at com.feilong.zaitian.ui.activity.MainActivity.j(Unknown Source:0)

08-12 09:26:07.113 11059 11059 I LSPosed-Bridge: 	at com.feilong.zaitian.ui.activity.i.run(Unknown Source:2)

08-12 09:26:07.113 11059 11059 I LSPosed-Bridge: 	at android.os.Handler.handleCallback(Handler.java:873)

08-12 09:26:07.113 11059 11059 I LSPosed-Bridge: 	at android.os.Handler.dispatchMessage(Handler.java:99)

08-12 09:26:07.113 11059 11059 I LSPosed-Bridge: 	at android.os.Looper.loop(Looper.java:193)

08-12 09:26:07.113 11059 11059 I LSPosed-Bridge: 	at android.app.ActivityThread.main(ActivityThread.java:6692)

08-12 09:26:07.113 11059 11059 I LSPosed-Bridge: 	at java.lang.reflect.Method.invoke(Native Method)

08-12 09:26:07.113 11059 11059 I LSPosed-Bridge: 	at com.android.internal.os.RuntimeInit$MethodAndArgsCaller.run(RuntimeInit.java:493)

08-12 09:26:07.113 11059 11059 I LSPosed-Bridge: 	at com.android.internal.os.ZygoteInit.main(ZygoteInit.java:858)

08-12 09:26:17.484   561   561 I ConfigStore: android::hardware::configstore::V1_0::ISurfaceFlingerConfigs::hasHDRDisplay retrieved: 0

08-12 09:26:17.484 11059 11059 I LSPosed-Bridge: 11059 PermLabel hookBinder_test 10126 interfaceBinder =android.app.IActivityManager; arg0 = 81; arg1 = android.os.Parcel@87a98d0; arg2 = android.os.Parcel@5c686a8; arg3 = 0; res = true; stacktrace=java.lang.Exception

08-12 09:26:17.484 11059 11059 I LSPosed-Bridge: 	at com.example.permlabel.hookBinder_test$1.afterHookedMethod(hookBinder_test.java:63)

08-12 09:26:17.484 11059 11059 I LSPosed-Bridge: 	at de.robv.android.xposed.XposedBridge$AdditionalHookInfo.callback(Unknown Source:147)

08-12 09:26:17.484 11059 11059 I LSPosed-Bridge: 	at LSPHooker_.transact(Unknown Source:28)

08-12 09:26:17.484 11059 11059 I LSPosed-Bridge: 	at android.app.IActivityManager$Stub$Proxy.getRunningAppProcesses(IActivityManager.java:5366)

08-12 09:26:17.484 11059 11059 I LSPosed-Bridge: 	at android.app.ActivityManager.getRunningAppProcesses(ActivityManager.java:3435)

08-12 09:26:17.484 11059 11059 I LSPosed-Bridge: 	at java.lang.reflect.Method.invoke(Native Method)

08-12 09:26:17.484 11059 11059 I LSPosed-Bridge: 	at org.lsposed.lspd.nativebridge.HookBridge.invokeOriginalMethod(Native Method)

08-12 09:26:17.484 11059 11059 I LSPosed-Bridge: 	at de.robv.android.xposed.XposedBridge$AdditionalHookInfo.callback(Unknown Source:110)

08-12 09:26:17.484 11059 11059 I LSPosed-Bridge: 	at LSPHooker_.getRunningAppProcesses(Unknown Source:8)

08-12 09:26:17.484 11059 11059 I LSPosed-Bridge: 	at com.feilong.zaitian.j.p0.g(StringUtils.java:4)

08-12 09:26:17.484 11059 11059 I LSPosed-Bridge: 	at com.feilong.zaitian.ui.reader.FTReadActivity.H(FTReadActivity.java:1)

08-12 09:26:17.484 11059 11059 I LSPosed-Bridge: 	at com.feilong.zaitian.ui.reader.FTReadActivity.I(Unknown Source:0)

08-12 09:26:17.484 11059 11059 I LSPosed-Bridge: 	at com.feilong.zaitian.ui.reader.e.run(Unknown Source:2)

08-12 09:26:17.484 11059 11059 I LSPosed-Bridge: 	at android.os.Handler.handleCallback(Handler.java:873)

08-12 09:26:17.484 11059 11059 I LSPosed-Bridge: 	at android.os.Handler.dispatchMessage(Handler.java:99)

08-12 09:26:17.484 11059 11059 I LSPosed-Bridge: 	at android.os.Looper.loop(Looper.java:193)

08-12 09:26:17.484 11059 11059 I LSPosed-Bridge: 	at android.app.ActivityThread.main(ActivityThread.java:6692)

08-12 09:26:17.484 11059 11059 I LSPosed-Bridge: 	at java.lang.reflect.Method.invoke(Native Method)

08-12 09:26:17.484 11059 11059 I LSPosed-Bridge: 	at com.android.internal.os.RuntimeInit$MethodAndArgsCaller.run(RuntimeInit.java:493)

08-12 09:26:17.484 11059 11059 I LSPosed-Bridge: 	at com.android.internal.os.ZygoteInit.main(ZygoteInit.java:858)

08-12 09:26:17.484 11059 11059 I LSPosed-Bridge: 11059 PermLabel getRunningAppProcesses =android.app.ActivityManager$RunningAppProcessInfo@d26fc33

08-12 09:26:17.484 11059 11059 I LSPosed-Bridge: 11059 PermLabel getRunningAppProcesses processName: com.feilong.zaitian pid: 11059

08-12 09:26:17.484 11059 11059 I LSPosed-Bridge: 11059 PermLabel getRunningAppProcesses importance: 100 pid: 11059

08-12 09:26:17.484 11059 11059 I LSPosed-Bridge: 11059 PermLabel getRunningAppProcesses packageName com.feilong.zaitian at index 0 in process 11059

08-12 09:26:17.484 11059 11059 I LSPosed-Bridge: 11059 PermLabel permName: android.permission.READ_PHONE_STATE; getRunningAppProcesses =[android.app.ActivityManager$RunningAppProcessInfo@d26fc33]; stacktrace=java.lang.Exception

08-12 09:26:17.484 11059 11059 I LSPosed-Bridge: 	at com.example.permlabel.hookBinder_test$2.afterHookedMethod(hookBinder_test.java:103)

08-12 09:26:17.484 11059 11059 I LSPosed-Bridge: 	at de.robv.android.xposed.XposedBridge$AdditionalHookInfo.callback(Unknown Source:147)

08-12 09:26:17.484 11059 11059 I LSPosed-Bridge: 	at LSPHooker_.getRunningAppProcesses(Unknown Source:8)

08-12 09:26:17.484 11059 11059 I LSPosed-Bridge: 	at com.feilong.zaitian.j.p0.g(StringUtils.java:4)

08-12 09:26:17.484 11059 11059 I LSPosed-Bridge: 	at com.feilong.zaitian.ui.reader.FTReadActivity.H(FTReadActivity.java:1)

08-12 09:26:17.484 11059 11059 I LSPosed-Bridge: 	at com.feilong.zaitian.ui.reader.FTReadActivity.I(Unknown Source:0)

08-12 09:26:17.484 11059 11059 I LSPosed-Bridge: 	at com.feilong.zaitian.ui.reader.e.run(Unknown Source:2)

08-12 09:26:17.484 11059 11059 I LSPosed-Bridge: 	at android.os.Handler.handleCallback(Handler.java:873)

08-12 09:26:17.484 11059 11059 I LSPosed-Bridge: 	at android.os.Handler.dispatchMessage(Handler.java:99)

08-12 09:26:17.484 11059 11059 I LSPosed-Bridge: 	at android.os.Looper.loop(Looper.java:193)

08-12 09:26:17.484 11059 11059 I LSPosed-Bridge: 	at android.app.ActivityThread.main(ActivityThread.java:6692)

08-12 09:26:17.484 11059 11059 I LSPosed-Bridge: 	at java.lang.reflect.Method.invoke(Native Method)

08-12 09:26:17.484 11059 11059 I LSPosed-Bridge: 	at com.android.internal.os.RuntimeInit$MethodAndArgsCaller.run(RuntimeInit.java:493)

08-12 09:26:17.484 11059 11059 I LSPosed-Bridge: 	at com.android.internal.os.ZygoteInit.main(ZygoteInit.java:858)

08-12 09:26:17.484   561   561 I ConfigStore: android::hardware::configstore::V1_0::ISurfaceFlingerConfigs::hasHDRDisplay retrieved: 0

08-12 09:26:57.743 11059 11059 I LSPosed-Bridge: 11059 PermLabel permName: android.permission.READ_PHONE_STATE; getRunningAppProcesses =[android.app.ActivityManager$RunningAppProcessInfo@80c9ba3]; stacktrace=java.lang.Exception

08-12 09:26:57.743 11059 11059 I LSPosed-Bridge: 	at com.example.permlabel.hookBinder_test$2.afterHookedMethod(hookBinder_test.java:103)

08-12 09:26:57.743 11059 11059 I LSPosed-Bridge: 	at de.robv.android.xposed.XposedBridge$AdditionalHookInfo.callback(Unknown Source:147)

08-12 09:26:57.743 11059 11059 I LSPosed-Bridge: 	at LSPHooker_.getRunningAppProcesses(Unknown Source:8)

08-12 09:26:57.743 11059 11059 I LSPosed-Bridge: 	at com.feilong.zaitian.j.p0.g(StringUtils.java:4)

08-12 09:26:57.743 11059 11059 I LSPosed-Bridge: 	at com.feilong.zaitian.ui.activity.MainActivity.i(MainActivity.java:1)

08-12 09:26:57.743 11059 11059 I LSPosed-Bridge: 	at com.feilong.zaitian.ui.activity.MainActivity.j(Unknown Source:0)

08-12 09:26:57.743 11059 11059 I LSPosed-Bridge: 	at com.feilong.zaitian.ui.activity.i.run(Unknown Source:2)

08-12 09:26:57.743 11059 11059 I LSPosed-Bridge: 	at android.os.Handler.handleCallback(Handler.java:873)

08-12 09:26:57.743 11059 11059 I LSPosed-Bridge: 	at android.os.Handler.dispatchMessage(Handler.java:99)

08-12 09:26:57.743 11059 11059 I LSPosed-Bridge: 	at android.os.Looper.loop(Looper.java:193)

08-12 09:26:57.743 11059 11059 I LSPosed-Bridge: 	at android.app.ActivityThread.main(ActivityThread.java:6692)

08-12 09:26:57.743 11059 11059 I LSPosed-Bridge: 	at java.lang.reflect.Method.invoke(Native Method)

08-12 09:26:57.743 11059 11059 I LSPosed-Bridge: 	at com.android.internal.os.RuntimeInit$MethodAndArgsCaller.run(RuntimeInit.java:493)

08-12 09:26:57.743 11059 11059 I LSPosed-Bridge: 	at com.android.internal.os.ZygoteInit.main(ZygoteInit.java:858)

08-12 09:27:04.175 11059 11059 I LSPosed-Bridge: 11059 PermLabel permName: android.permission.READ_PHONE_STATE; getRunningAppProcesses =[android.app.ActivityManager$RunningAppProcessInfo@74ed9a6]; stacktrace=java.lang.Exception

08-12 09:27:04.175 11059 11059 I LSPosed-Bridge: 	at com.example.permlabel.hookBinder_test$2.afterHookedMethod(hookBinder_test.java:103)

08-12 09:27:04.175 11059 11059 I LSPosed-Bridge: 	at de.robv.android.xposed.XposedBridge$AdditionalHookInfo.callback(Unknown Source:147)

08-12 09:27:04.175 11059 11059 I LSPosed-Bridge: 	at LSPHooker_.getRunningAppProcesses(Unknown Source:8)

08-12 09:27:04.175 11059 11059 I LSPosed-Bridge: 	at com.feilong.zaitian.j.p0.g(StringUtils.java:4)

08-12 09:27:04.175 11059 11059 I LSPosed-Bridge: 	at com.feilong.zaitian.ui.activity.MainActivity.i(MainActivity.java:1)

08-12 09:27:04.175 11059 11059 I LSPosed-Bridge: 	at com.feilong.zaitian.ui.activity.MainActivity.j(Unknown Source:0)

08-12 09:27:04.175 11059 11059 I LSPosed-Bridge: 	at com.feilong.zaitian.ui.activity.i.run(Unknown Source:2)

08-12 09:27:04.175 11059 11059 I LSPosed-Bridge: 	at android.os.Handler.handleCallback(Handler.java:873)

08-12 09:27:04.175 11059 11059 I LSPosed-Bridge: 	at android.os.Handler.dispatchMessage(Handler.java:99)

08-12 09:27:04.175 11059 11059 I LSPosed-Bridge: 	at android.os.Looper.loop(Looper.java:193)

08-12 09:27:04.175 11059 11059 I LSPosed-Bridge: 	at android.app.ActivityThread.main(ActivityThread.java:6692)

08-12 09:27:04.175 11059 11059 I LSPosed-Bridge: 	at java.lang.reflect.Method.invoke(Native Method)

08-12 09:27:04.175 11059 11059 I LSPosed-Bridge: 	at com.android.internal.os.RuntimeInit$MethodAndArgsCaller.run(RuntimeInit.java:493)

08-12 09:27:04.175 11059 11059 I LSPosed-Bridge: 	at com.android.internal.os.ZygoteInit.main(ZygoteInit.java:858)

08-12 09:27:14.289 11059 11059 I LSPosed-Bridge: 11059 PermLabel permName: android.permission.READ_PHONE_STATE; getRunningAppProcesses =[android.app.ActivityManager$RunningAppProcessInfo@56eadfe]; stacktrace=java.lang.Exception

08-12 09:27:14.289 11059 11059 I LSPosed-Bridge: 	at com.example.permlabel.hookBinder_test$2.afterHookedMethod(hookBinder_test.java:103)

08-12 09:27:14.289 11059 11059 I LSPosed-Bridge: 	at de.robv.android.xposed.XposedBridge$AdditionalHookInfo.callback(Unknown Source:147)

08-12 09:27:14.289 11059 11059 I LSPosed-Bridge: 	at LSPHooker_.getRunningAppProcesses(Unknown Source:8)

08-12 09:27:14.289 11059 11059 I LSPosed-Bridge: 	at com.feilong.zaitian.j.p0.g(StringUtils.java:4)

08-12 09:27:14.289 11059 11059 I LSPosed-Bridge: 	at com.feilong.zaitian.ui.reader.FTReadActivity.H(FTReadActivity.java:1)

08-12 09:27:14.289 11059 11059 I LSPosed-Bridge: 	at com.feilong.zaitian.ui.reader.FTReadActivity.I(Unknown Source:0)

08-12 09:27:14.289 11059 11059 I LSPosed-Bridge: 	at com.feilong.zaitian.ui.reader.e.run(Unknown Source:2)

08-12 09:27:14.289 11059 11059 I LSPosed-Bridge: 	at android.os.Handler.handleCallback(Handler.java:873)

08-12 09:27:14.289 11059 11059 I LSPosed-Bridge: 	at android.os.Handler.dispatchMessage(Handler.java:99)

08-12 09:27:14.289 11059 11059 I LSPosed-Bridge: 	at android.os.Looper.loop(Looper.java:193)

08-12 09:27:14.289 11059 11059 I LSPosed-Bridge: 	at android.app.ActivityThread.main(ActivityThread.java:6692)

08-12 09:27:14.289 11059 11059 I LSPosed-Bridge: 	at java.lang.reflect.Method.invoke(Native Method)

08-12 09:27:14.289 11059 11059 I LSPosed-Bridge: 	at com.android.internal.os.RuntimeInit$MethodAndArgsCaller.run(RuntimeInit.java:493)

08-12 09:27:14.289 11059 11059 I LSPosed-Bridge: 	at com.android.internal.os.ZygoteInit.main(ZygoteInit.java:858)

08-12 09:27:54.330 11059 11059 I LSPosed-Bridge: 11059 PermLabel getRunningAppProcesses =android.app.ActivityManager$RunningAppProcessInfo@7b36c65

08-12 09:27:54.330 11059 11059 I LSPosed-Bridge: 11059 PermLabel getRunningAppProcesses processName: com.feilong.zaitian pid: 11059

08-12 09:27:54.330 11059 11059 I LSPosed-Bridge: 11059 PermLabel getRunningAppProcesses importance: 100 pid: 11059

08-12 09:27:54.330 11059 11059 I LSPosed-Bridge: 11059 PermLabel getRunningAppProcesses packageName com.feilong.zaitian at index 0 in process 11059

08-12 09:27:54.330 11059 11059 I LSPosed-Bridge: 11059 PermLabel permName: android.permission.READ_PHONE_STATE; getRunningAppProcesses =[android.app.ActivityManager$RunningAppProcessInfo@7b36c65]; stacktrace=java.lang.Exception

08-12 09:27:54.330 11059 11059 I LSPosed-Bridge: 	at com.example.permlabel.hookBinder_test$2.afterHookedMethod(hookBinder_test.java:103)

08-12 09:27:54.330 11059 11059 I LSPosed-Bridge: 	at de.robv.android.xposed.XposedBridge$AdditionalHookInfo.callback(Unknown Source:147)

08-12 09:27:54.330 11059 11059 I LSPosed-Bridge: 	at LSPHooker_.getRunningAppProcesses(Unknown Source:8)

08-12 09:27:54.330 11059 11059 I LSPosed-Bridge: 	at com.feilong.zaitian.j.p0.g(StringUtils.java:4)

08-12 09:27:54.330 11059 11059 I LSPosed-Bridge: 	at com.feilong.zaitian.ui.activity.MainActivity.i(MainActivity.java:1)

08-12 09:27:54.330 11059 11059 I LSPosed-Bridge: 	at com.feilong.zaitian.ui.activity.MainActivity.j(Unknown Source:0)

08-12 09:27:54.330 11059 11059 I LSPosed-Bridge: 	at com.feilong.zaitian.ui.activity.i.run(Unknown Source:2)

08-12 09:27:54.330 11059 11059 I LSPosed-Bridge: 	at android.os.Handler.handleCallback(Handler.java:873)

08-12 09:27:54.330 11059 11059 I LSPosed-Bridge: 	at android.os.Handler.dispatchMessage(Handler.java:99)

08-12 09:27:54.330 11059 11059 I LSPosed-Bridge: 	at android.os.Looper.loop(Looper.java:193)

08-12 09:27:54.330 11059 11059 I LSPosed-Bridge: 	at android.app.ActivityThread.main(ActivityThread.java:6692)

08-12 09:27:54.330 11059 11059 I LSPosed-Bridge: 	at java.lang.reflect.Method.invoke(Native Method)

08-12 09:27:54.330 11059 11059 I LSPosed-Bridge: 	at com.android.internal.os.RuntimeInit$MethodAndArgsCaller.run(RuntimeInit.java:493)

08-12 09:27:54.330 11059 11059 I LSPosed-Bridge: 	at com.android.internal.os.ZygoteInit.main(ZygoteInit.java:858)

08-12 09:28:01.725 11059 11059 I LSPosed-Bridge: 11059 PermLabel hookBinder_test 10126 interfaceBinder =android.app.IActivityManager; arg0 = 81; arg1 = android.os.Parcel@ff92f1; arg2 = android.os.Parcel@8b48c7d; arg3 = 0; res = true; stacktrace=java.lang.Exception

08-12 09:28:01.725 11059 11059 I LSPosed-Bridge: 	at com.example.permlabel.hookBinder_test$1.afterHookedMethod(hookBinder_test.java:63)

08-12 09:28:01.725 11059 11059 I LSPosed-Bridge: 	at de.robv.android.xposed.XposedBridge$AdditionalHookInfo.callback(Unknown Source:147)

08-12 09:28:01.725 11059 11059 I LSPosed-Bridge: 	at LSPHooker_.transact(Unknown Source:28)

08-12 09:28:01.725 11059 11059 I LSPosed-Bridge: 	at android.app.IActivityManager$Stub$Proxy.getRunningAppProcesses(IActivityManager.java:5366)

08-12 09:28:01.725 11059 11059 I LSPosed-Bridge: 	at android.app.ActivityManager.getRunningAppProcesses(ActivityManager.java:3435)

08-12 09:28:01.725 11059 11059 I LSPosed-Bridge: 	at java.lang.reflect.Method.invoke(Native Method)

08-12 09:28:01.725 11059 11059 I LSPosed-Bridge: 	at org.lsposed.lspd.nativebridge.HookBridge.invokeOriginalMethod(Native Method)

08-12 09:28:01.725 11059 11059 I LSPosed-Bridge: 	at de.robv.android.xposed.XposedBridge$AdditionalHookInfo.callback(Unknown Source:110)

08-12 09:28:01.725 11059 11059 I LSPosed-Bridge: 	at LSPHooker_.getRunningAppProcesses(Unknown Source:8)

08-12 09:28:01.725 11059 11059 I LSPosed-Bridge: 	at com.feilong.zaitian.j.p0.g(StringUtils.java:4)

08-12 09:28:01.725 11059 11059 I LSPosed-Bridge: 	at com.feilong.zaitian.ui.activity.MainActivity.i(MainActivity.java:1)

08-12 09:28:01.725 11059 11059 I LSPosed-Bridge: 	at com.feilong.zaitian.ui.activity.MainActivity.j(Unknown Source:0)

08-12 09:28:01.725 11059 11059 I LSPosed-Bridge: 	at com.feilong.zaitian.ui.activity.i.run(Unknown Source:2)

08-12 09:28:01.725 11059 11059 I LSPosed-Bridge: 	at android.os.Handler.handleCallback(Handler.java:873)

08-12 09:28:01.725 11059 11059 I LSPosed-Bridge: 	at android.os.Handler.dispatchMessage(Handler.java:99)

08-12 09:28:01.725 11059 11059 I LSPosed-Bridge: 	at android.os.Looper.loop(Looper.java:193)

08-12 09:28:01.725 11059 11059 I LSPosed-Bridge: 	at android.app.ActivityThread.main(ActivityThread.java:6692)

08-12 09:28:01.725 11059 11059 I LSPosed-Bridge: 	at java.lang.reflect.Method.invoke(Native Method)

08-12 09:28:01.725 11059 11059 I LSPosed-Bridge: 	at com.android.internal.os.RuntimeInit$MethodAndArgsCaller.run(RuntimeInit.java:493)

08-12 09:28:01.725 11059 11059 I LSPosed-Bridge: 	at com.android.internal.os.ZygoteInit.main(ZygoteInit.java:858)

08-12 09:28:01.725 11059 11059 I LSPosed-Bridge: 11059 PermLabel getRunningAppProcesses =android.app.ActivityManager$RunningAppProcessInfo@25f7189

08-12 09:28:01.725 11059 11059 I LSPosed-Bridge: 11059 PermLabel getRunningAppProcesses processName: com.feilong.zaitian pid: 11059

08-12 09:28:01.725 11059 11059 I LSPosed-Bridge: 11059 PermLabel getRunningAppProcesses importance: 100 pid: 11059

08-12 09:28:01.725 11059 11059 I LSPosed-Bridge: 11059 PermLabel getRunningAppProcesses packageName com.feilong.zaitian at index 0 in process 11059

08-12 09:28:01.725   561   561 I ConfigStore: android::hardware::configstore::V1_0::ISurfaceFlingerConfigs::hasHDRDisplay retrieved: 0

08-12 09:28:01.725 11059 11059 I LSPosed-Bridge: 11059 PermLabel permName: android.permission.READ_PHONE_STATE; getRunningAppProcesses =[android.app.ActivityManager$RunningAppProcessInfo@25f7189]; stacktrace=java.lang.Exception

08-12 09:28:01.725 11059 11059 I LSPosed-Bridge: 	at com.example.permlabel.hookBinder_test$2.afterHookedMethod(hookBinder_test.java:103)

08-12 09:28:01.725 11059 11059 I LSPosed-Bridge: 	at de.robv.android.xposed.XposedBridge$AdditionalHookInfo.callback(Unknown Source:147)

08-12 09:28:01.725 11059 11059 I LSPosed-Bridge: 	at LSPHooker_.getRunningAppProcesses(Unknown Source:8)

08-12 09:28:01.725 11059 11059 I LSPosed-Bridge: 	at com.feilong.zaitian.j.p0.g(StringUtils.java:4)

08-12 09:28:01.725 11059 11059 I LSPosed-Bridge: 	at com.feilong.zaitian.ui.activity.MainActivity.i(MainActivity.java:1)

08-12 09:28:01.725 11059 11059 I LSPosed-Bridge: 	at com.feilong.zaitian.ui.activity.MainActivity.j(Unknown Source:0)

08-12 09:28:01.725 11059 11059 I LSPosed-Bridge: 	at com.feilong.zaitian.ui.activity.i.run(Unknown Source:2)

08-12 09:28:01.725 11059 11059 I LSPosed-Bridge: 	at android.os.Handler.handleCallback(Handler.java:873)

08-12 09:28:01.725 11059 11059 I LSPosed-Bridge: 	at android.os.Handler.dispatchMessage(Handler.java:99)

08-12 09:28:01.725 11059 11059 I LSPosed-Bridge: 	at android.os.Looper.loop(Looper.java:193)

08-12 09:28:01.725 11059 11059 I LSPosed-Bridge: 	at android.app.ActivityThread.main(ActivityThread.java:6692)

08-12 09:28:01.725 11059 11059 I LSPosed-Bridge: 	at java.lang.reflect.Method.invoke(Native Method)

08-12 09:28:01.725 11059 11059 I LSPosed-Bridge: 	at com.android.internal.os.RuntimeInit$MethodAndArgsCaller.run(RuntimeInit.java:493)

08-12 09:28:01.725 11059 11059 I LSPosed-Bridge: 	at com.android.internal.os.ZygoteInit.main(ZygoteInit.java:858)

08-12 09:28:09.000 11059 11059 I LSPosed-Bridge: 11059 PermLabel hookBinder_test 10126 interfaceBinder =android.app.IActivityManager; arg0 = 81; arg1 = android.os.Parcel@2b196ab; arg2 = android.os.Parcel@702c5dd; arg3 = 0; res = true; stacktrace=java.lang.Exception

08-12 09:28:09.000 11059 11059 I LSPosed-Bridge: 	at com.example.permlabel.hookBinder_test$1.afterHookedMethod(hookBinder_test.java:63)

08-12 09:28:09.000 11059 11059 I LSPosed-Bridge: 	at de.robv.android.xposed.XposedBridge$AdditionalHookInfo.callback(Unknown Source:147)

08-12 09:28:09.000 11059 11059 I LSPosed-Bridge: 	at LSPHooker_.transact(Unknown Source:28)

08-12 09:28:09.000 11059 11059 I LSPosed-Bridge: 	at android.app.IActivityManager$Stub$Proxy.getRunningAppProcesses(IActivityManager.java:5366)

08-12 09:28:09.000 11059 11059 I LSPosed-Bridge: 	at android.app.ActivityManager.getRunningAppProcesses(ActivityManager.java:3435)

08-12 09:28:09.000 11059 11059 I LSPosed-Bridge: 	at java.lang.reflect.Method.invoke(Native Method)

08-12 09:28:09.000 11059 11059 I LSPosed-Bridge: 	at org.lsposed.lspd.nativebridge.HookBridge.invokeOriginalMethod(Native Method)

08-12 09:28:09.000 11059 11059 I LSPosed-Bridge: 	at de.robv.android.xposed.XposedBridge$AdditionalHookInfo.callback(Unknown Source:110)

08-12 09:28:09.000 11059 11059 I LSPosed-Bridge: 	at LSPHooker_.getRunningAppProcesses(Unknown Source:8)

08-12 09:28:09.000 11059 11059 I LSPosed-Bridge: 	at com.feilong.zaitian.j.p0.g(StringUtils.java:4)

08-12 09:28:09.000 11059 11059 I LSPosed-Bridge: 	at com.feilong.zaitian.ui.activity.MainActivity.i(MainActivity.java:1)

08-12 09:28:09.000 11059 11059 I LSPosed-Bridge: 	at com.feilong.zaitian.ui.activity.MainActivity.j(Unknown Source:0)

08-12 09:28:09.000 11059 11059 I LSPosed-Bridge: 	at com.feilong.zaitian.ui.activity.i.run(Unknown Source:2)

08-12 09:28:09.000 11059 11059 I LSPosed-Bridge: 	at android.os.Handler.handleCallback(Handler.java:873)

08-12 09:28:09.000 11059 11059 I LSPosed-Bridge: 	at android.os.Handler.dispatchMessage(Handler.java:99)

08-12 09:28:09.000 11059 11059 I LSPosed-Bridge: 	at android.os.Looper.loop(Looper.java:193)

08-12 09:28:09.000 11059 11059 I LSPosed-Bridge: 	at android.app.ActivityThread.main(ActivityThread.java:6692)

08-12 09:28:09.000 11059 11059 I LSPosed-Bridge: 	at java.lang.reflect.Method.invoke(Native Method)

08-12 09:28:09.000 11059 11059 I LSPosed-Bridge: 	at com.android.internal.os.RuntimeInit$MethodAndArgsCaller.run(RuntimeInit.java:493)

08-12 09:28:09.000 11059 11059 I LSPosed-Bridge: 	at com.android.internal.os.ZygoteInit.main(ZygoteInit.java:858)

08-12 09:28:09.000 11059 11059 I LSPosed-Bridge: 11059 PermLabel getRunningAppProcesses =android.app.ActivityManager$RunningAppProcessInfo@112ff85

08-12 09:28:09.000 11059 11059 I LSPosed-Bridge: 11059 PermLabel getRunningAppProcesses processName: com.feilong.zaitian pid: 11059

08-12 09:28:09.000 11059 11059 I LSPosed-Bridge: 11059 PermLabel getRunningAppProcesses importance: 100 pid: 11059

08-12 09:28:09.000 11059 11059 I LSPosed-Bridge: 11059 PermLabel getRunningAppProcesses packageName com.feilong.zaitian at index 0 in process 11059

08-12 09:28:09.000 11059 11059 I LSPosed-Bridge: 11059 PermLabel permName: android.permission.READ_PHONE_STATE; getRunningAppProcesses =[android.app.ActivityManager$RunningAppProcessInfo@112ff85]; stacktrace=java.lang.Exception

08-12 09:28:09.000 11059 11059 I LSPosed-Bridge: 	at com.example.permlabel.hookBinder_test$2.afterHookedMethod(hookBinder_test.java:103)

08-12 09:28:09.000 11059 11059 I LSPosed-Bridge: 	at de.robv.android.xposed.XposedBridge$AdditionalHookInfo.callback(Unknown Source:147)

08-12 09:28:09.000 11059 11059 I LSPosed-Bridge: 	at LSPHooker_.getRunningAppProcesses(Unknown Source:8)

08-12 09:28:09.000 11059 11059 I LSPosed-Bridge: 	at com.feilong.zaitian.j.p0.g(StringUtils.java:4)

08-12 09:28:09.000 11059 11059 I LSPosed-Bridge: 	at com.feilong.zaitian.ui.activity.MainActivity.i(MainActivity.java:1)

08-12 09:28:09.000 11059 11059 I LSPosed-Bridge: 	at com.feilong.zaitian.ui.activity.MainActivity.j(Unknown Source:0)

08-12 09:28:09.000 11059 11059 I LSPosed-Bridge: 	at com.feilong.zaitian.ui.activity.i.run(Unknown Source:2)

08-12 09:28:09.000 11059 11059 I LSPosed-Bridge: 	at android.os.Handler.handleCallback(Handler.java:873)

08-12 09:28:09.000 11059 11059 I LSPosed-Bridge: 	at android.os.Handler.dispatchMessage(Handler.java:99)

08-12 09:28:09.000 11059 11059 I LSPosed-Bridge: 	at android.os.Looper.loop(Looper.java:193)

08-12 09:28:09.000 11059 11059 I LSPosed-Bridge: 	at android.app.ActivityThread.main(ActivityThread.java:6692)

08-12 09:28:09.000 11059 11059 I LSPosed-Bridge: 	at java.lang.reflect.Method.invoke(Native Method)

08-12 09:28:09.000 11059 11059 I LSPosed-Bridge: 	at com.android.internal.os.RuntimeInit$MethodAndArgsCaller.run(RuntimeInit.java:493)

08-12 09:28:09.000 11059 11059 I LSPosed-Bridge: 	at com.android.internal.os.ZygoteInit.main(ZygoteInit.java:858)

08-12 09:28:19.973 11059 11059 I LSPosed-Bridge: 11059 PermLabel permName: android.permission.READ_PHONE_STATE; getRunningAppProcesses =[android.app.ActivityManager$RunningAppProcessInfo@f72a4e0]; stacktrace=java.lang.Exception

08-12 09:28:19.973 11059 11059 I LSPosed-Bridge: 	at com.example.permlabel.hookBinder_test$2.afterHookedMethod(hookBinder_test.java:103)

08-12 09:28:19.973 11059 11059 I LSPosed-Bridge: 	at de.robv.android.xposed.XposedBridge$AdditionalHookInfo.callback(Unknown Source:147)

08-12 09:28:19.973 11059 11059 I LSPosed-Bridge: 	at LSPHooker_.getRunningAppProcesses(Unknown Source:8)

08-12 09:28:19.973 11059 11059 I LSPosed-Bridge: 	at com.feilong.zaitian.j.p0.g(StringUtils.java:4)

08-12 09:28:19.973 11059 11059 I LSPosed-Bridge: 	at com.feilong.zaitian.ui.activity.MainActivity.i(MainActivity.java:1)

08-12 09:28:19.973 11059 11059 I LSPosed-Bridge: 	at com.feilong.zaitian.ui.activity.MainActivity.j(Unknown Source:0)

08-12 09:28:19.973 11059 11059 I LSPosed-Bridge: 	at com.feilong.zaitian.ui.activity.i.run(Unknown Source:2)

08-12 09:28:19.973 11059 11059 I LSPosed-Bridge: 	at android.os.Handler.handleCallback(Handler.java:873)

08-12 09:28:19.973 11059 11059 I LSPosed-Bridge: 	at android.os.Handler.dispatchMessage(Handler.java:99)

08-12 09:28:19.973 11059 11059 I LSPosed-Bridge: 	at android.os.Looper.loop(Looper.java:193)

08-12 09:28:19.973 11059 11059 I LSPosed-Bridge: 	at android.app.ActivityThread.main(ActivityThread.java:6692)

08-12 09:28:19.973 11059 11059 I LSPosed-Bridge: 	at java.lang.reflect.Method.invoke(Native Method)

08-12 09:28:19.973 11059 11059 I LSPosed-Bridge: 	at com.android.internal.os.RuntimeInit$MethodAndArgsCaller.run(RuntimeInit.java:493)

08-12 09:28:19.973 11059 11059 I LSPosed-Bridge: 	at com.android.internal.os.ZygoteInit.main(ZygoteInit.java:858)

08-12 09:28:55.826 11059 11059 I LSPosed-Bridge: 11059 PermLabel hookBinder_test 10126 interfaceBinder =android.app.IActivityManager; arg0 = 81; arg1 = android.os.Parcel@a9c6ede; arg2 = android.os.Parcel@f326c03; arg3 = 0; res = true; stacktrace=java.lang.Exception

08-12 09:28:55.826 11059 11059 I LSPosed-Bridge: 	at com.example.permlabel.hookBinder_test$1.afterHookedMethod(hookBinder_test.java:63)

08-12 09:28:55.826 11059 11059 I LSPosed-Bridge: 	at de.robv.android.xposed.XposedBridge$AdditionalHookInfo.callback(Unknown Source:147)

08-12 09:28:55.826 11059 11059 I LSPosed-Bridge: 	at LSPHooker_.transact(Unknown Source:28)

08-12 09:28:55.826 11059 11059 I LSPosed-Bridge: 	at android.app.IActivityManager$Stub$Proxy.getRunningAppProcesses(IActivityManager.java:5366)

08-12 09:28:55.826 11059 11059 I LSPosed-Bridge: 	at android.app.ActivityManager.getRunningAppProcesses(ActivityManager.java:3435)

08-12 09:28:55.826 11059 11059 I LSPosed-Bridge: 	at java.lang.reflect.Method.invoke(Native Method)

08-12 09:28:55.826 11059 11059 I LSPosed-Bridge: 	at org.lsposed.lspd.nativebridge.HookBridge.invokeOriginalMethod(Native Method)

08-12 09:28:55.826 11059 11059 I LSPosed-Bridge: 	at de.robv.android.xposed.XposedBridge$AdditionalHookInfo.callback(Unknown Source:110)

08-12 09:28:55.826 11059 11059 I LSPosed-Bridge: 	at LSPHooker_.getRunningAppProcesses(Unknown Source:8)

08-12 09:28:55.826 11059 11059 I LSPosed-Bridge: 	at com.feilong.zaitian.j.p0.g(StringUtils.java:4)

08-12 09:28:55.826 11059 11059 I LSPosed-Bridge: 	at com.feilong.zaitian.ui.reader.FTReadActivity.H(FTReadActivity.java:1)

08-12 09:28:55.826 11059 11059 I LSPosed-Bridge: 	at com.feilong.zaitian.ui.reader.FTReadActivity.I(Unknown Source:0)

08-12 09:28:55.826 11059 11059 I LSPosed-Bridge: 	at com.feilong.zaitian.ui.reader.e.run(Unknown Source:2)

08-12 09:28:55.826 11059 11059 I LSPosed-Bridge: 	at android.os.Handler.handleCallback(Handler.java:873)

08-12 09:28:55.826 11059 11059 I LSPosed-Bridge: 	at android.os.Handler.dispatchMessage(Handler.java:99)

08-12 09:28:55.826 11059 11059 I LSPosed-Bridge: 	at android.os.Looper.loop(Looper.java:193)

08-12 09:28:55.826 11059 11059 I LSPosed-Bridge: 	at android.app.ActivityThread.main(ActivityThread.java:6692)

08-12 09:28:55.826 11059 11059 I LSPosed-Bridge: 	at java.lang.reflect.Method.invoke(Native Method)

08-12 09:28:55.826 11059 11059 I LSPosed-Bridge: 	at com.android.internal.os.RuntimeInit$MethodAndArgsCaller.run(RuntimeInit.java:493)

08-12 09:28:55.826 11059 11059 I LSPosed-Bridge: 	at com.android.internal.os.ZygoteInit.main(ZygoteInit.java:858)

08-12 09:28:55.826 11059 11059 I LSPosed-Bridge: 11059 PermLabel getRunningAppProcesses =android.app.ActivityManager$RunningAppProcessInfo@9e65b58

08-12 09:28:55.826 11059 11059 I LSPosed-Bridge: 11059 PermLabel getRunningAppProcesses processName: com.feilong.zaitian pid: 11059

08-12 09:28:55.826 11059 11059 I LSPosed-Bridge: 11059 PermLabel getRunningAppProcesses importance: 100 pid: 11059

08-12 09:28:55.826 11059 11059 I LSPosed-Bridge: 11059 PermLabel getRunningAppProcesses packageName com.feilong.zaitian at index 0 in process 11059

08-12 09:28:55.826 11059 11059 I LSPosed-Bridge: 11059 PermLabel permName: android.permission.READ_PHONE_STATE; getRunningAppProcesses =[android.app.ActivityManager$RunningAppProcessInfo@9e65b58]; stacktrace=java.lang.Exception

08-12 09:28:55.826 11059 11059 I LSPosed-Bridge: 	at com.example.permlabel.hookBinder_test$2.afterHookedMethod(hookBinder_test.java:103)

08-12 09:28:55.826 11059 11059 I LSPosed-Bridge: 	at de.robv.android.xposed.XposedBridge$AdditionalHookInfo.callback(Unknown Source:147)

08-12 09:28:55.826 11059 11059 I LSPosed-Bridge: 	at LSPHooker_.getRunningAppProcesses(Unknown Source:8)

08-12 09:28:55.826 11059 11059 I LSPosed-Bridge: 	at com.feilong.zaitian.j.p0.g(StringUtils.java:4)

08-12 09:28:55.826 11059 11059 I LSPosed-Bridge: 	at com.feilong.zaitian.ui.reader.FTReadActivity.H(FTReadActivity.java:1)

08-12 09:28:55.826 11059 11059 I LSPosed-Bridge: 	at com.feilong.zaitian.ui.reader.FTReadActivity.I(Unknown Source:0)

08-12 09:28:55.826 11059 11059 I LSPosed-Bridge: 	at com.feilong.zaitian.ui.reader.e.run(Unknown Source:2)

08-12 09:28:55.826 11059 11059 I LSPosed-Bridge: 	at android.os.Handler.handleCallback(Handler.java:873)

08-12 09:28:55.826 11059 11059 I LSPosed-Bridge: 	at android.os.Handler.dispatchMessage(Handler.java:99)

08-12 09:28:55.826 11059 11059 I LSPosed-Bridge: 	at android.os.Looper.loop(Looper.java:193)

08-12 09:28:55.826 11059 11059 I LSPosed-Bridge: 	at android.app.ActivityThread.main(ActivityThread.java:6692)

08-12 09:28:55.826 11059 11059 I LSPosed-Bridge: 	at java.lang.reflect.Method.invoke(Native Method)

08-12 09:28:55.826 11059 11059 I LSPosed-Bridge: 	at com.android.internal.os.RuntimeInit$MethodAndArgsCaller.run(RuntimeInit.java:493)

08-12 09:28:55.826 11059 11059 I LSPosed-Bridge: 	at com.android.internal.os.ZygoteInit.main(ZygoteInit.java:858)

08-12 09:29:38.856   561   561 I ConfigStore: android::hardware::configstore::V1_0::ISurfaceFlingerConfigs::hasHDRDisplay retrieved: 0

08-12 09:29:38.856 11059 11059 I LSPosed-Bridge: 11059 PermLabel hookBinder_test 10126 interfaceBinder =android.app.IActivityManager; arg0 = 81; arg1 = android.os.Parcel@56e48b3; arg2 = android.os.Parcel@18c6d0d; arg3 = 0; res = true; stacktrace=java.lang.Exception

08-12 09:29:38.856 11059 11059 I LSPosed-Bridge: 	at com.example.permlabel.hookBinder_test$1.afterHookedMethod(hookBinder_test.java:63)

08-12 09:29:38.856 11059 11059 I LSPosed-Bridge: 	at de.robv.android.xposed.XposedBridge$AdditionalHookInfo.callback(Unknown Source:147)

08-12 09:29:38.856 11059 11059 I LSPosed-Bridge: 	at LSPHooker_.transact(Unknown Source:28)

08-12 09:29:38.856 11059 11059 I LSPosed-Bridge: 	at android.app.IActivityManager$Stub$Proxy.getRunningAppProcesses(IActivityManager.java:5366)

08-12 09:29:38.856 11059 11059 I LSPosed-Bridge: 	at android.app.ActivityManager.getRunningAppProcesses(ActivityManager.java:3435)

08-12 09:29:38.856 11059 11059 I LSPosed-Bridge: 	at java.lang.reflect.Method.invoke(Native Method)

08-12 09:29:38.856 11059 11059 I LSPosed-Bridge: 	at org.lsposed.lspd.nativebridge.HookBridge.invokeOriginalMethod(Native Method)

08-12 09:29:38.856 11059 11059 I LSPosed-Bridge: 	at de.robv.android.xposed.XposedBridge$AdditionalHookInfo.callback(Unknown Source:110)

08-12 09:29:38.856 11059 11059 I LSPosed-Bridge: 	at LSPHooker_.getRunningAppProcesses(Unknown Source:8)

08-12 09:29:38.856 11059 11059 I LSPosed-Bridge: 	at com.feilong.zaitian.j.p0.g(StringUtils.java:4)

08-12 09:29:38.856 11059 11059 I LSPosed-Bridge: 	at com.feilong.zaitian.ui.reader.FTReadActivity.H(FTReadActivity.java:1)

08-12 09:29:38.856 11059 11059 I LSPosed-Bridge: 	at com.feilong.zaitian.ui.reader.FTReadActivity.I(Unknown Source:0)

08-12 09:29:38.856 11059 11059 I LSPosed-Bridge: 	at com.feilong.zaitian.ui.reader.e.run(Unknown Source:2)

08-12 09:29:38.856 11059 11059 I LSPosed-Bridge: 	at android.os.Handler.handleCallback(Handler.java:873)

08-12 09:29:38.856 11059 11059 I LSPosed-Bridge: 	at android.os.Handler.dispatchMessage(Handler.java:99)

08-12 09:29:38.856 11059 11059 I LSPosed-Bridge: 	at android.os.Looper.loop(Looper.java:193)

08-12 09:29:38.856 11059 11059 I LSPosed-Bridge: 	at android.app.ActivityThread.main(ActivityThread.java:6692)

08-12 09:29:38.856 11059 11059 I LSPosed-Bridge: 	at java.lang.reflect.Method.invoke(Native Method)

08-12 09:29:38.856 11059 11059 I LSPosed-Bridge: 	at com.android.internal.os.RuntimeInit$MethodAndArgsCaller.run(RuntimeInit.java:493)

08-12 09:29:38.856 11059 11059 I LSPosed-Bridge: 	at com.android.internal.os.ZygoteInit.main(ZygoteInit.java:858)

08-12 09:29:38.856 11059 11059 I LSPosed-Bridge: 11059 PermLabel getRunningAppProcesses =android.app.ActivityManager$RunningAppProcessInfo@501adee

08-12 09:29:38.856 11059 11059 I LSPosed-Bridge: 11059 PermLabel getRunningAppProcesses processName: com.feilong.zaitian pid: 11059

08-12 09:29:38.856 11059 11059 I LSPosed-Bridge: 11059 PermLabel getRunningAppProcesses importance: 100 pid: 11059

08-12 09:29:38.856 11059 11059 I LSPosed-Bridge: 11059 PermLabel getRunningAppProcesses packageName com.feilong.zaitian at index 0 in process 11059

08-12 09:29:38.856 11059 11059 I LSPosed-Bridge: 11059 PermLabel permName: android.permission.READ_PHONE_STATE; getRunningAppProcesses =[android.app.ActivityManager$RunningAppProcessInfo@501adee]; stacktrace=java.lang.Exception

08-12 09:29:38.856 11059 11059 I LSPosed-Bridge: 	at com.example.permlabel.hookBinder_test$2.afterHookedMethod(hookBinder_test.java:103)

08-12 09:29:38.856 11059 11059 I LSPosed-Bridge: 	at de.robv.android.xposed.XposedBridge$AdditionalHookInfo.callback(Unknown Source:147)

08-12 09:29:38.856 11059 11059 I LSPosed-Bridge: 	at LSPHooker_.getRunningAppProcesses(Unknown Source:8)

08-12 09:29:38.856 11059 11059 I LSPosed-Bridge: 	at com.feilong.zaitian.j.p0.g(StringUtils.java:4)

08-12 09:29:38.856 11059 11059 I LSPosed-Bridge: 	at com.feilong.zaitian.ui.reader.FTReadActivity.H(FTReadActivity.java:1)

08-12 09:29:38.856 11059 11059 I LSPosed-Bridge: 	at com.feilong.zaitian.ui.reader.FTReadActivity.I(Unknown Source:0)

08-12 09:29:38.856 11059 11059 I LSPosed-Bridge: 	at com.feilong.zaitian.ui.reader.e.run(Unknown Source:2)

08-12 09:29:38.856 11059 11059 I LSPosed-Bridge: 	at android.os.Handler.handleCallback(Handler.java:873)

08-12 09:29:38.856 11059 11059 I LSPosed-Bridge: 	at android.os.Handler.dispatchMessage(Handler.java:99)

08-12 09:29:38.856 11059 11059 I LSPosed-Bridge: 	at android.os.Looper.loop(Looper.java:193)

08-12 09:29:38.856 11059 11059 I LSPosed-Bridge: 	at android.app.ActivityThread.main(ActivityThread.java:6692)

08-12 09:29:38.856 11059 11059 I LSPosed-Bridge: 	at java.lang.reflect.Method.invoke(Native Method)

08-12 09:29:38.856 11059 11059 I LSPosed-Bridge: 	at com.android.internal.os.RuntimeInit$MethodAndArgsCaller.run(RuntimeInit.java:493)

08-12 09:29:38.856 11059 11059 I LSPosed-Bridge: 	at com.android.internal.os.ZygoteInit.main(ZygoteInit.java:858)

08-12 09:29:38.856   561   561 I ConfigStore: android::hardware::configstore::V1_0::ISurfaceFlingerConfigs::hasHDRDisplay retrieved: 0

08-12 09:30:43.608 11059 11059 I LSPosed-Bridge: 11059 PermLabel permName: android.permission.READ_PHONE_STATE; getRunningAppProcesses =[android.app.ActivityManager$RunningAppProcessInfo@f11034b]; stacktrace=java.lang.Exception

08-12 09:30:43.608 11059 11059 I LSPosed-Bridge: 	at com.example.permlabel.hookBinder_test$2.afterHookedMethod(hookBinder_test.java:103)

08-12 09:30:43.608 11059 11059 I LSPosed-Bridge: 	at de.robv.android.xposed.XposedBridge$AdditionalHookInfo.callback(Unknown Source:147)

08-12 09:30:43.608 11059 11059 I LSPosed-Bridge: 	at LSPHooker_.getRunningAppProcesses(Unknown Source:8)

08-12 09:30:43.608 11059 11059 I LSPosed-Bridge: 	at com.feilong.zaitian.j.p0.g(StringUtils.java:4)

08-12 09:30:43.608 11059 11059 I LSPosed-Bridge: 	at com.feilong.zaitian.ui.reader.FTReadActivity.H(FTReadActivity.java:1)

08-12 09:30:43.608 11059 11059 I LSPosed-Bridge: 	at com.feilong.zaitian.ui.reader.FTReadActivity.I(Unknown Source:0)

08-12 09:30:43.608 11059 11059 I LSPosed-Bridge: 	at com.feilong.zaitian.ui.reader.e.run(Unknown Source:2)

08-12 09:30:43.608 11059 11059 I LSPosed-Bridge: 	at android.os.Handler.handleCallback(Handler.java:873)

08-12 09:30:43.608 11059 11059 I LSPosed-Bridge: 	at android.os.Handler.dispatchMessage(Handler.java:99)

08-12 09:30:43.608 11059 11059 I LSPosed-Bridge: 	at android.os.Looper.loop(Looper.java:193)

08-12 09:30:43.608 11059 11059 I LSPosed-Bridge: 	at android.app.ActivityThread.main(ActivityThread.java:6692)

08-12 09:30:43.608 11059 11059 I LSPosed-Bridge: 	at java.lang.reflect.Method.invoke(Native Method)

08-12 09:30:43.608 11059 11059 I LSPosed-Bridge: 	at com.android.internal.os.RuntimeInit$MethodAndArgsCaller.run(RuntimeInit.java:493)

08-12 09:30:43.608 11059 11059 I LSPosed-Bridge: 	at com.android.internal.os.ZygoteInit.main(ZygoteInit.java:858)

08-12 09:30:43.608   561   561 I ConfigStore: android::hardware::configstore::V1_0::ISurfaceFlingerConfigs::hasHDRDisplay retrieved: 0

08-12 09:30:57.630   561   561 I ConfigStore: android::hardware::configstore::V1_0::ISurfaceFlingerConfigs::hasHDRDisplay retrieved: 0

08-12 09:30:57.630 11059 11059 I LSPosed-Bridge: 11059 PermLabel permName: android.permission.READ_PHONE_STATE; getRunningAppProcesses =[android.app.ActivityManager$RunningAppProcessInfo@5ce4c9e]; stacktrace=java.lang.Exception

08-12 09:30:57.630 11059 11059 I LSPosed-Bridge: 	at com.example.permlabel.hookBinder_test$2.afterHookedMethod(hookBinder_test.java:103)

08-12 09:30:57.630 11059 11059 I LSPosed-Bridge: 	at de.robv.android.xposed.XposedBridge$AdditionalHookInfo.callback(Unknown Source:147)

08-12 09:30:57.630 11059 11059 I LSPosed-Bridge: 	at LSPHooker_.getRunningAppProcesses(Unknown Source:8)

08-12 09:30:57.630 11059 11059 I LSPosed-Bridge: 	at com.feilong.zaitian.j.p0.g(StringUtils.java:4)

08-12 09:30:57.630 11059 11059 I LSPosed-Bridge: 	at com.feilong.zaitian.ui.reader.FTReadActivity.H(FTReadActivity.java:1)

08-12 09:30:57.630 11059 11059 I LSPosed-Bridge: 	at com.feilong.zaitian.ui.reader.FTReadActivity.I(Unknown Source:0)

08-12 09:30:57.630 11059 11059 I LSPosed-Bridge: 	at com.feilong.zaitian.ui.reader.e.run(Unknown Source:2)

08-12 09:30:57.630 11059 11059 I LSPosed-Bridge: 	at android.os.Handler.handleCallback(Handler.java:873)

08-12 09:30:57.630 11059 11059 I LSPosed-Bridge: 	at android.os.Handler.dispatchMessage(Handler.java:99)

08-12 09:30:57.630 11059 11059 I LSPosed-Bridge: 	at android.os.Looper.loop(Looper.java:193)

08-12 09:30:57.630 11059 11059 I LSPosed-Bridge: 	at android.app.ActivityThread.main(ActivityThread.java:6692)

08-12 09:30:57.630 11059 11059 I LSPosed-Bridge: 	at java.lang.reflect.Method.invoke(Native Method)

08-12 09:30:57.630 11059 11059 I LSPosed-Bridge: 	at com.android.internal.os.RuntimeInit$MethodAndArgsCaller.run(RuntimeInit.java:493)

08-12 09:30:57.630 11059 11059 I LSPosed-Bridge: 	at com.android.internal.os.ZygoteInit.main(ZygoteInit.java:858)

08-12 09:30:57.630   561   561 I ConfigStore: android::hardware::configstore::V1_0::ISurfaceFlingerConfigs::hasHDRDisplay retrieved: 0

08-12 09:30:57.630  1733  1733 W BatteryMeterDrawableBase: readFile cmd from/sys/class/power_supply/usb/charger_type data -> prop = 0

08-12 09:30:57.630  1733  1733 W BatteryMeterDrawableBase:  isQuickCharging = 0

08-12 09:31:11.219   561   561 I ConfigStore: android::hardware::configstore::V1_0::ISurfaceFlingerConfigs::hasHDRDisplay retrieved: 0

08-12 09:31:11.219 11059 11059 I LSPosed-Bridge: 11059 PermLabel hookBinder_test 10126 interfaceBinder =android.app.IActivityManager; arg0 = 81; arg1 = android.os.Parcel@dfaee3e; arg2 = android.os.Parcel@71a8e2a; arg3 = 0; res = true; stacktrace=java.lang.Exception

08-12 09:31:11.219 11059 11059 I LSPosed-Bridge: 	at com.example.permlabel.hookBinder_test$1.afterHookedMethod(hookBinder_test.java:63)

08-12 09:31:11.219 11059 11059 I LSPosed-Bridge: 	at de.robv.android.xposed.XposedBridge$AdditionalHookInfo.callback(Unknown Source:147)

08-12 09:31:11.219 11059 11059 I LSPosed-Bridge: 	at LSPHooker_.transact(Unknown Source:28)

08-12 09:31:11.219 11059 11059 I LSPosed-Bridge: 	at android.app.IActivityManager$Stub$Proxy.getRunningAppProcesses(IActivityManager.java:5366)

08-12 09:31:11.219 11059 11059 I LSPosed-Bridge: 	at android.app.ActivityManager.getRunningAppProcesses(ActivityManager.java:3435)

08-12 09:31:11.219 11059 11059 I LSPosed-Bridge: 	at java.lang.reflect.Method.invoke(Native Method)

08-12 09:31:11.219 11059 11059 I LSPosed-Bridge: 	at org.lsposed.lspd.nativebridge.HookBridge.invokeOriginalMethod(Native Method)

08-12 09:31:11.219 11059 11059 I LSPosed-Bridge: 	at de.robv.android.xposed.XposedBridge$AdditionalHookInfo.callback(Unknown Source:110)

08-12 09:31:11.219 11059 11059 I LSPosed-Bridge: 	at LSPHooker_.getRunningAppProcesses(Unknown Source:8)

08-12 09:31:11.219 11059 11059 I LSPosed-Bridge: 	at com.feilong.zaitian.j.p0.g(StringUtils.java:4)

08-12 09:31:11.219 11059 11059 I LSPosed-Bridge: 	at com.feilong.zaitian.ui.reader.FTReadActivity.H(FTReadActivity.java:1)

08-12 09:31:11.219 11059 11059 I LSPosed-Bridge: 	at com.feilong.zaitian.ui.reader.FTReadActivity.I(Unknown Source:0)

08-12 09:31:11.219 11059 11059 I LSPosed-Bridge: 	at com.feilong.zaitian.ui.reader.e.run(Unknown Source:2)

08-12 09:31:11.219 11059 11059 I LSPosed-Bridge: 	at android.os.Handler.handleCallback(Handler.java:873)

08-12 09:31:11.219 11059 11059 I LSPosed-Bridge: 	at android.os.Handler.dispatchMessage(Handler.java:99)

08-12 09:31:11.219 11059 11059 I LSPosed-Bridge: 	at android.os.Looper.loop(Looper.java:193)

08-12 09:31:11.219 11059 11059 I LSPosed-Bridge: 	at android.app.ActivityThread.main(ActivityThread.java:6692)

08-12 09:31:11.219 11059 11059 I LSPosed-Bridge: 	at java.lang.reflect.Method.invoke(Native Method)

08-12 09:31:11.219 11059 11059 I LSPosed-Bridge: 	at com.android.internal.os.RuntimeInit$MethodAndArgsCaller.run(RuntimeInit.java:493)

08-12 09:31:11.219 11059 11059 I LSPosed-Bridge: 	at com.android.internal.os.ZygoteInit.main(ZygoteInit.java:858)

08-12 09:31:11.219 11059 11059 I LSPosed-Bridge: 11059 PermLabel getRunningAppProcesses =android.app.ActivityManager$RunningAppProcessInfo@166e629

08-12 09:31:11.219 11059 11059 I LSPosed-Bridge: 11059 PermLabel getRunningAppProcesses processName: com.feilong.zaitian pid: 11059

08-12 09:31:11.219 11059 11059 I LSPosed-Bridge: 11059 PermLabel getRunningAppProcesses importance: 100 pid: 11059

08-12 09:31:11.219 11059 11059 I LSPosed-Bridge: 11059 PermLabel getRunningAppProcesses packageName com.feilong.zaitian at index 0 in process 11059

08-12 09:31:11.219 11059 11059 I LSPosed-Bridge: 11059 PermLabel permName: android.permission.READ_PHONE_STATE; getRunningAppProcesses =[android.app.ActivityManager$RunningAppProcessInfo@166e629]; stacktrace=java.lang.Exception

08-12 09:31:11.219 11059 11059 I LSPosed-Bridge: 	at com.example.permlabel.hookBinder_test$2.afterHookedMethod(hookBinder_test.java:103)

08-12 09:31:11.219 11059 11059 I LSPosed-Bridge: 	at de.robv.android.xposed.XposedBridge$AdditionalHookInfo.callback(Unknown Source:147)

08-12 09:31:11.219 11059 11059 I LSPosed-Bridge: 	at LSPHooker_.getRunningAppProcesses(Unknown Source:8)

08-12 09:31:11.219 11059 11059 I LSPosed-Bridge: 	at com.feilong.zaitian.j.p0.g(StringUtils.java:4)

08-12 09:31:11.219 11059 11059 I LSPosed-Bridge: 	at com.feilong.zaitian.ui.reader.FTReadActivity.H(FTReadActivity.java:1)

08-12 09:31:11.219 11059 11059 I LSPosed-Bridge: 	at com.feilong.zaitian.ui.reader.FTReadActivity.I(Unknown Source:0)

08-12 09:31:11.219 11059 11059 I LSPosed-Bridge: 	at com.feilong.zaitian.ui.reader.e.run(Unknown Source:2)

08-12 09:31:11.219 11059 11059 I LSPosed-Bridge: 	at android.os.Handler.handleCallback(Handler.java:873)

08-12 09:31:11.219 11059 11059 I LSPosed-Bridge: 	at android.os.Handler.dispatchMessage(Handler.java:99)

08-12 09:31:11.219 11059 11059 I LSPosed-Bridge: 	at android.os.Looper.loop(Looper.java:193)

08-12 09:31:11.219 11059 11059 I LSPosed-Bridge: 	at android.app.ActivityThread.main(ActivityThread.java:6692)

08-12 09:31:11.219 11059 11059 I LSPosed-Bridge: 	at java.lang.reflect.Method.invoke(Native Method)

08-12 09:31:11.219 11059 11059 I LSPosed-Bridge: 	at com.android.internal.os.RuntimeInit$MethodAndArgsCaller.run(RuntimeInit.java:493)

08-12 09:31:11.219 11059 11059 I LSPosed-Bridge: 	at com.android.internal.os.ZygoteInit.main(ZygoteInit.java:858)

08-12 09:31:11.219   561   561 I ConfigStore: android::hardware::configstore::V1_0::ISurfaceFlingerConfigs::hasHDRDisplay retrieved: 0

08-12 09:31:11.219   946   946 W fingerprint@2.1: type=1400 audit(0.0:3006): avc: denied { search } for name="usb" dev="sysfs" ino=35683 scontext=u:r:hal_fingerprint_default:s0 tcontext=u:object_r:sysfs_usb_supply:s0 tclass=dir permissive=0
