08-05 03:39:14.154  1559  1661 I LSPosed-Bridge: 	at de.robv.android.xposed.XposedBridge$AdditionalHookInfo.callback(Unknown Source:147)

08-05 03:39:14.154  1559  1661 I LSPosed-Bridge: 	at LSPHooker_.checkPermission(Unknown Source:25)

08-05 03:39:14.154  1559  1661 I LSPosed-Bridge: 	at android.app.IActivityManager$Stub.onTransact(IActivityManager.java:664)

08-05 03:39:14.154  1559  1661 I LSPosed-Bridge: 	at com.android.server.am.ActivityManagerService.onTransact(ActivityManagerService.java:3346)

08-05 03:39:14.154  1559  1661 I LSPosed-Bridge: 	at android.os.Binder.execTransact(Binder.java:731)

08-05 03:39:14.157  5853  6757 I LSPosed-Bridge: 5853 PermLabel hookBinder_test 10135 interfaceBinder =com.android.internal.telephony.ITelephony; arg0 = 82; arg1 = android.os.Parcel@1fdc2d8; arg2 = android.os.Parcel@baf045c; arg3 = 0; res = true; stacktrace=java.lang.Exception

08-05 03:39:14.157  5853  6757 I LSPosed-Bridge: 	at com.example.permlabel.hookBinder_test$1.afterHookedMethod(hookBinder_test.java:68)

08-05 03:39:14.157  5853  6757 I LSPosed-Bridge: 	at de.robv.android.xposed.XposedBridge$AdditionalHookInfo.callback(Unknown Source:147)

08-05 03:39:14.157  5853  6757 I LSPosed-Bridge: 	at LSPHooker_.transact(Unknown Source:28)

08-05 03:39:14.157  5853  6757 I LSPosed-Bridge: 	at com.android.internal.telephony.ITelephony$Stub$Proxy.getAllCellInfo(ITelephony.java:3940)

08-05 03:39:14.157  5853  6757 I LSPosed-Bridge: 	at android.telephony.TelephonyManager.getAllCellInfo(TelephonyManager.java:4406)

08-05 03:39:14.157  5853  6757 I LSPosed-Bridge: 	at java.lang.reflect.Method.invoke(Native Method)

08-05 03:39:14.157  5853  6757 I LSPosed-Bridge: 	at org.lsposed.lspd.nativebridge.HookBridge.invokeOriginalMethod(Native Method)

08-05 03:39:14.157  5853  6757 I LSPosed-Bridge: 	at de.robv.android.xposed.XposedBridge$AdditionalHookInfo.callback(Unknown Source:110)

08-05 03:39:14.157  5853  6757 I LSPosed-Bridge: 	at LSPHooker_.getAllCellInfo(Unknown Source:8)

08-05 03:39:14.157  5853  6757 I LSPosed-Bridge: 	at c.t.m.g.fi.b(TL:156)

08-05 03:39:14.157  5853  6757 I LSPosed-Bridge: 	at c.t.m.g.er$a.a(TL:276)

08-05 03:39:14.157  5853  6757 I LSPosed-Bridge: 	at c.t.m.g.er$a.handleMessage(TL:248)

08-05 03:39:14.157  5853  6757 I LSPosed-Bridge: 	at android.os.Handler.dispatchMessage(Handler.java:106)

08-05 03:39:14.157  5853  6757 I LSPosed-Bridge: 	at android.os.Looper.loop(Looper.java:193)

08-05 03:39:14.157  5853  6757 I LSPosed-Bridge: 	at android.os.HandlerThread.run(HandlerThread.java:65)

08-05 03:39:14.157  5853  6757 I LSPosed-Bridge: 5853 PermLabel 10135; permName: android.permission.ACCESS_COARSE_LOCATION; getAllCellInfo res = null; stacktrace=java.lang.Exception

08-05 03:39:14.157  5853  6757 I LSPosed-Bridge: 	at com.example.permlabel.hookLocationExtra_test$4.afterHookedMethod(hookLocationExtra_test.java:79)

08-05 03:39:14.157  5853  6757 I LSPosed-Bridge: 	at de.robv.android.xposed.XposedBridge$AdditionalHookInfo.callback(Unknown Source:147)

08-05 03:39:14.157  5853  6757 I LSPosed-Bridge: 	at LSPHooker_.getAllCellInfo(Unknown Source:8)

08-05 03:39:14.157  5853  6757 I LSPosed-Bridge: 	at c.t.m.g.fi.b(TL:156)

08-05 03:39:14.157  5853  6757 I LSPosed-Bridge: 	at c.t.m.g.er$a.a(TL:276)

08-05 03:39:14.157  5853  6757 I LSPosed-Bridge: 	at c.t.m.g.er$a.handleMessage(TL:248)

08-05 03:39:14.157  5853  6757 I LSPosed-Bridge: 	at android.os.Handler.dispatchMessage(Handler.java:106)

08-05 03:39:14.157  5853  6757 I LSPosed-Bridge: 	at android.os.Looper.loop(Looper.java:193)

08-05 03:39:14.157  5853  6757 I LSPosed-Bridge: 	at android.os.HandlerThread.run(HandlerThread.java:65)

08-05 03:39:14.171  1559  1661 I LSPosed-Bridge: 5853 PermLabel 10135 AMS.checkPermission: Binder.getCallingPid() = 1879; uid = 10135; Binder.getCallingUid() = 1001; getNameForUid: android.uid.phone:1001; getPackagesForUid: [com.android.providers.telephony, com.qti.qualcomm.deviceinfo, org.codeaurora.ims, com.qualcomm.qti.lpa, com.qti.qualcomm.datastatusnotification, com.qualcomm.qti.telephonyservice, com.android.mms.service, com.qualcomm.qti.callfeaturessetting, com.qti.confuridialer, com.qualcomm.qti.uim, com.qualcomm.qcrilmsgtunnel, com.qualcomm.qti.networksetting, com.qualcomm.qti.ims, com.qti.xdivert, com.android.phone, com.qualcomm.simcontacts, com.qualcomm.qti.autoregistration, com.android.stk]; permName: android.permission.ACCESS_COARSE_LOCATION; type = 1; res = -1; stacktrace=java.lang.Exception

08-05 03:39:14.171  1559  1661 I LSPosed-Bridge: 	at com.example.permlabel.requirePerm$1$2.afterHookedMethod(requirePerm.java:143)

08-05 03:39:14.171  1559  1661 I LSPosed-Bridge: 	at de.robv.android.xposed.XposedBridge$AdditionalHookInfo.callback(Unknown Source:147)

08-05 03:39:14.171  1559  1661 I LSPosed-Bridge: 	at LSPHooker_.checkPermission(Unknown Source:25)

08-05 03:39:14.171  1559  1661 I LSPosed-Bridge: 	at android.app.IActivityManager$Stub.onTransact(IActivityManager.java:664)

08-05 03:39:14.171  1559  1661 I LSPosed-Bridge: 	at com.android.server.am.ActivityManagerService.onTransact(ActivityManagerService.java:3346)

08-05 03:39:14.171  1559  1661 I LSPosed-Bridge: 	at android.os.Binder.execTransact(Binder.java:731)

08-05 03:39:14.174  5853  6757 I LSPosed-Bridge: 5853 PermLabel 10135; permName: android.permission.ACCESS_COARSE_LOCATION; getCellLocation res = null; stacktrace=java.lang.Exception

08-05 03:39:14.174  5853  6757 I LSPosed-Bridge: 	at com.example.permlabel.hookLocationExtra_test$3.afterHookedMethod(hookLocationExtra_test.java:72)

08-05 03:39:14.174  5853  6757 I LSPosed-Bridge: 	at de.robv.android.xposed.XposedBridge$AdditionalHookInfo.callback(Unknown Source:147)

08-05 03:39:14.174  5853  6757 I LSPosed-Bridge: 	at LSPHooker_.getCellLocation(Unknown Source:8)

08-05 03:39:14.174  5853  6757 I LSPosed-Bridge: 	at c.t.m.g.fi.a(TL:95)

08-05 03:39:14.174  5853  6757 I LSPosed-Bridge: 	at c.t.m.g.er$a.a(TL:285)

08-05 03:39:14.174  5853  6757 I LSPosed-Bridge: 	at c.t.m.g.er$a.handleMessage(TL:248)

08-05 03:39:14.174  5853  6757 I LSPosed-Bridge: 	at android.os.Handler.dispatchMessage(Handler.java:106)

08-05 03:39:14.174  5853  6757 I LSPosed-Bridge: 	at android.os.Looper.loop(Looper.java:193)

08-05 03:39:14.174  5853  6757 I LSPosed-Bridge: 	at android.os.HandlerThread.run(HandlerThread.java:65)

08-05 03:39:14.174  5853  6231 I LSPosed-Bridge: 5853 PermLabel hookBinder_test 10135 interfaceBinder =android.content.pm.IPackageManager; arg0 = 3; arg1 = android.os.Parcel@2d4f3a0; arg2 = android.os.Parcel@f6709fa; arg3 = 0; res = true; stacktrace=java.lang.Exception

08-05 03:39:14.174  5853  6231 I LSPosed-Bridge: 	at com.example.permlabel.hookBinder_test$1.afterHookedMethod(hookBinder_test.java:68)

08-05 03:39:14.174  5853  6231 I LSPosed-Bridge: 	at de.robv.android.xposed.XposedBridge$AdditionalHookInfo.callback(Unknown Source:147)

08-05 03:39:14.174  5853  6231 I LSPosed-Bridge: 	at LSPHooker_.transact(Unknown Source:28)

08-05 03:39:14.174  5853  6231 I LSPosed-Bridge: 	at android.content.pm.IPackageManager$Stub$Proxy.getPackageInfo(IPackageManager.java:2876)

08-05 03:39:14.174  5853  6231 I LSPosed-Bridge: 	at android.app.ApplicationPackageManager.getPackageInfoAsUser(ApplicationPackageManager.java:174)

08-05 03:39:14.174  5853  6231 I LSPosed-Bridge: 	at android.app.ApplicationPackageManager.getPackageInfo(ApplicationPackageManager.java:152)

08-05 03:39:14.174  5853  6231 I LSPosed-Bridge: 	at com.google.android.gms.common.GooglePlayServicesUtilLight.isGooglePlayServicesAvailable(com.google.android.gms:play-services-basement@@18.1.0:16)

08-05 03:39:14.174  5853  6231 I LSPosed-Bridge: 	at com.google.android.gms.common.GoogleApiAvailabilityLight.isGooglePlayServicesAvailable(com.google.android.gms:play-services-basement@@18.1.0:2)

08-05 03:39:14.174  5853  6231 I LSPosed-Bridge: 	at com.google.android.gms.common.GoogleApiAvailability.isGooglePlayServicesAvailable(com.google.android.gms:play-services-base@@18.1.0:2)

08-05 03:39:14.174  5853  6231 I LSPosed-Bridge: 	at com.google.android.gms.common.GoogleApiAvailabilityLight.isGooglePlayServicesAvailable(com.google.android.gms:play-services-basement@@18.1.0:1)

08-05 03:39:14.174  5853  6231 I LSPosed-Bridge: 	at com.google.android.gms.common.GoogleApiAvailability.isGooglePlayServicesAvailable(com.google.android.gms:play-services-base@@18.1.0:1)

08-05 03:39:14.174  5853  6231 I LSPosed-Bridge: 	at com.klook.location.internal.third.b$a.googleApiServiceAvailable(GoogleLocationImpl.kt:10)

08-05 03:39:14.174  5853  6231 I LSPosed-Bridge: 	at com.klook.location.internal.third.b.requestLocation(GoogleLocationImpl.kt:17)

08-05 03:39:14.174  5853  6231 I LSPosed-Bridge: 	at com.klook.location.internal.LocationManager$f$a.invokeSuspend(LocationManager.kt:148)

08-05 03:39:14.174  5853  6231 I LSPosed-Bridge: 	at kotlin.coroutines.jvm.internal.a.resumeWith(ContinuationImpl.kt:12)

08-05 03:39:14.174  5853  6231 I LSPosed-Bridge: 	at kotlinx.coroutines.z0.run(DispatchedTask.kt:117)

08-05 03:39:14.174  5853  6231 I LSPosed-Bridge: 	at kotlinx.coroutines.scheduling.a.runSafely(CoroutineScheduler.kt:1)

08-05 03:39:14.174  5853  6231 I LSPosed-Bridge: 	at kotlinx.coroutines.scheduling.a$c.c(CoroutineScheduler.kt:15)

08-05 03:39:14.174  5853  6231 I LSPosed-Bridge: 	at kotlinx.coroutines.scheduling.a$c.i(CoroutineScheduler.kt:29)

08-05 03:39:14.174  5853  6231 I LSPosed-Bridge: 	at kotlinx.coroutines.scheduling.a$c.run(CoroutineScheduler.kt:1)

08-05 03:39:14.174  1559  4754 I LSPosed-Bridge: 5853 PermLabel 10135 AMS.checkPermission: Binder.getCallingPid() = 5853; uid = 10135; Binder.getCallingUid() = 10135; getNameForUid: com.klook; getPackagesForUid: [com.klook]; permName: android.permission.CHANGE_WIFI_STATE; type = 0; res = -1; stacktrace=java.lang.Exception

08-05 03:39:14.174  1559  4754 I LSPosed-Bridge: 	at com.example.permlabel.requirePerm$1$2.afterHookedMethod(requirePerm.java:137)

08-05 03:39:14.174  1559  4754 I LSPosed-Bridge: 	at de.robv.android.xposed.XposedBridge$AdditionalHookInfo.callback(Unknown Source:147)

08-05 03:39:14.174  1559  4754 I LSPosed-Bridge: 	at LSPHooker_.checkPermission(Unknown Source:25)

08-05 03:39:14.174  1559  4754 I LSPosed-Bridge: 	at android.app.ContextImpl.checkPermission(ContextImpl.java:1751)

08-05 03:39:14.174  1559  4754 I LSPosed-Bridge: 	at android.app.ContextImpl.checkCallingOrSelfPermission(ContextImpl.java:1791)

08-05 03:39:14.174  1559  4754 I LSPosed-Bridge: 	at android.app.ContextImpl.enforceCallingOrSelfPermission(ContextImpl.java:1841)

08-05 03:39:14.174  1559  4754 I LSPosed-Bridge: 	at com.android.server.wifi.WifiServiceImpl.enforceChangePermission(WifiServiceImpl.java:812)

08-05 03:39:14.174  1559  4754 I LSPosed-Bridge: 	at com.android.server.wifi.WifiServiceImpl.startScan(WifiServiceImpl.java:679)

08-05 03:39:14.174  1559  4754 I LSPosed-Bridge: 	at android.net.wifi.IWifiManager$Stub.onTransact(IWifiManager.java:294)

08-05 03:39:14.174  1559  4754 I LSPosed-Bridge: 	at android.os.Binder.execTransact(Binder.java:731)

08-05 03:39:14.193  5853  6753 I LSPosed-Bridge: 5853 PermLabel hookBinder_test 10135 interfaceBinder =android.net.IConnectivityManager; arg0 = 3; arg1 = android.os.Parcel@3172d2e; arg2 = android.os.Parcel@3670cf; arg3 = 0; res = true; stacktrace=java.lang.Exception

08-05 03:39:14.193  5853  6753 I LSPosed-Bridge: 	at com.example.permlabel.hookBinder_test$1.afterHookedMethod(hookBinder_test.java:68)

08-05 03:39:14.193  5853  6753 I LSPosed-Bridge: 	at de.robv.android.xposed.XposedBridge$AdditionalHookInfo.callback(Unknown Source:147)

08-05 03:39:14.193  5853  6753 I LSPosed-Bridge: 	at LSPHooker_.transact(Unknown Source:28)

08-05 03:39:14.193  5853  6753 I LSPosed-Bridge: 	at android.net.IConnectivityManager$Stub$Proxy.getActiveNetworkInfo(IConnectivityManager.java:1206)

08-05 03:39:14.193  5853  6753 I LSPosed-Bridge: 	at android.net.ConnectivityManager.getActiveNetworkInfo(ConnectivityManager.java:890)

08-05 03:39:14.193  5853  6753 I LSPosed-Bridge: 	at com.klook.base_library.utils.j.a(NetworkUtil.kt:11)

08-05 03:39:14.193  5853  6753 I LSPosed-Bridge: 	at com.klook.base_library.utils.j.b(NetworkUtil.kt:3)

08-05 03:39:14.193  5853  6753 I LSPosed-Bridge: 	at com.klook.base_library.utils.j.getNetworkTypeAbove24(NetworkUtil.kt:6)

08-05 03:39:14.193  5853  6753 I LSPosed-Bridge: 	at com.klook.base_library.utils.j.getNetworkType(NetworkUtil.kt:21)

08-05 03:39:14.193  5853  6753 I LSPosed-Bridge: 	at com.klook.pagetracker.b.callStart(PageInfoTrackManager.kt:79)

08-05 03:39:14.193  5853  6753 I LSPosed-Bridge: 	at com.klook.network.http.listener.c.callStart(PageNetworkCallEventListener.kt:3)

08-05 03:39:14.193  5853  6753 I LSPosed-Bridge: 	at com.klook.network.http.listener.b.callStart(CallEventListenerWrapper.kt:28)

08-05 03:39:14.193  5853  6753 I LSPosed-Bridge: 	at okhttp3.internal.connection.e.b(RealCall.kt:17)

08-05 03:39:14.193  5853  6753 I LSPosed-Bridge: 	at okhttp3.internal.connection.e.execute(RealCall.kt:16)

08-05 03:39:14.193  5853  6753 I LSPosed-Bridge: 	at retrofit2.OkHttpCall.execute(OkHttpCall.java:21)

08-05 03:39:14.193  5853  6753 I LSPosed-Bridge: 	at retrofit2.DefaultCallAdapterFactory$ExecutorCallbackCall.execute(DefaultCallAdapterFactory.java:3)

08-05 03:39:14.193  5853  6753 I LSPosed-Bridge: 	at com.klook.grayscale.GrayscaleWorker.doWork(GrayscaleWorker.java:18)

08-05 03:39:14.193  5853  6753 I LSPosed-Bridge: 	at androidx.work.Worker$1.run(Worker.java:3)

08-05 03:39:14.193  5853  6753 I LSPosed-Bridge: 	at java.util.concurrent.ThreadPoolExecutor.runWorker(ThreadPoolExecutor.java:1167)

08-05 03:39:14.193  5853  6753 I LSPosed-Bridge: 	at java.util.concurrent.ThreadPoolExecutor$Worker.run(ThreadPoolExecutor.java:641)

08-05 03:39:14.193  5853  6753 I LSPosed-Bridge: 	at java.lang.Thread.run(Thread.java:764)

08-05 03:39:14.193  5853  6231 I LSPosed-Bridge: 5853 PermLabel 10135 ContextImpl.checkPermission: pid = 5853; uid = 10135; permName: android.permission.ACCESS_COARSE_LOCATION; type = 1; res = -1; stacktrace=java.lang.Exception

08-05 03:39:14.193  5853  6231 I LSPosed-Bridge: 	at com.example.permlabel.requestPerm$2.afterHookedMethod(requestPerm.java:223)

08-05 03:39:14.193  5853  6231 I LSPosed-Bridge: 	at de.robv.android.xposed.XposedBridge$AdditionalHookInfo.callback(Unknown Source:147)

08-05 03:39:14.193  5853  6231 I LSPosed-Bridge: 	at LSPHooker_.checkPermission(Unknown Source:25)

08-05 03:39:14.193  5853  6231 I LSPosed-Bridge: 	at android.content.ContextWrapper.checkPermission(ContextWrapper.java:738)

08-05 03:39:14.193  5853  6231 I LSPosed-Bridge: 	at android.content.ContextWrapper.checkPermission(ContextWrapper.java:738)

08-05 03:39:14.193  5853  6231 I LSPosed-Bridge: 	at android.content.ContextWrapper.checkPermission(ContextWrapper.java:738)

08-05 03:39:14.193  5853  6231 I LSPosed-Bridge: 	at androidx.core.content.ContextCompat.checkSelfPermission(ContextCompat.java:15)

08-05 03:39:14.193  5853  6231 I LSPosed-Bridge: 	at com.klook.location.internal.third.b.requestLocation(GoogleLocationImpl.kt:55)

08-05 03:39:14.193  5853  6231 I LSPosed-Bridge: 	at com.klook.location.internal.LocationManager$f$a.invokeSuspend(LocationManager.kt:148)

08-05 03:39:14.193  5853  6231 I LSPosed-Bridge: 	at kotlin.coroutines.jvm.internal.a.resumeWith(ContinuationImpl.kt:12)

08-05 03:39:14.193  5853  6231 I LSPosed-Bridge: 	at kotlinx.coroutines.z0.run(DispatchedTask.kt:117)

08-05 03:39:14.193  5853  6231 I LSPosed-Bridge: 	at kotlinx.coroutines.scheduling.a.runSafely(CoroutineScheduler.kt:1)

08-05 03:39:14.193  5853  6231 I LSPosed-Bridge: 	at kotlinx.coroutines.scheduling.a$c.c(CoroutineScheduler.kt:15)

08-05 03:39:14.193  5853  6231 I LSPosed-Bridge: 	at kotlinx.coroutines.scheduling.a$c.i(CoroutineScheduler.kt:29)

08-05 03:39:14.193  5853  6231 I LSPosed-Bridge: 	at kotlinx.coroutines.scheduling.a$c.run(CoroutineScheduler.kt:1)

08-05 03:39:14.193  1559  1661 I LSPosed-Bridge: 5853 PermLabel 10135 AMS.checkPermission: Binder.getCallingPid() = 1708; uid = 10135; Binder.getCallingUid() = 1002; getNameForUid: android.uid.bluetooth:1002; getPackagesForUid: [com.android.bluetooth, org.codeaurora.bluetooth]; permName: android.permission.BLUETOOTH; type = 0; res = 0; stacktrace=java.lang.Exception

08-05 03:39:14.193  1559  1661 I LSPosed-Bridge: 	at com.example.permlabel.requirePerm$1$2.afterHookedMethod(requirePerm.java:137)

08-05 03:39:14.193  1559  1661 I LSPosed-Bridge: 	at de.robv.android.xposed.XposedBridge$AdditionalHookInfo.callback(Unknown Source:147)

08-05 03:39:14.193  1559  1661 I LSPosed-Bridge: 	at LSPHooker_.checkPermission(Unknown Source:25)

08-05 03:39:14.193  1559  1661 I LSPosed-Bridge: 	at android.app.IActivityManager$Stub.onTransact(IActivityManager.java:664)

08-05 03:39:14.193  1559  1661 I LSPosed-Bridge: 	at com.android.server.am.ActivityManagerService.onTransact(ActivityManagerService.java:3346)

08-05 03:39:14.193  1559  1661 I LSPosed-Bridge: 	at android.os.Binder.execTransact(Binder.java:731)

08-05 03:39:16.224  1559  2302 I LSPosed-Bridge: 5853 PermLabel 10135 AMS.checkPermission: Binder.getCallingPid() = 1879; uid = 10135; Binder.getCallingUid() = 1001; getNameForUid: android.uid.phone:1001; getPackagesForUid: [com.android.providers.telephony, com.qti.qualcomm.deviceinfo, org.codeaurora.ims, com.qualcomm.qti.lpa, com.qti.qualcomm.datastatusnotification, com.qualcomm.qti.telephonyservice, com.android.mms.service, com.qualcomm.qti.callfeaturessetting, com.qti.confuridialer, com.qualcomm.qti.uim, com.qualcomm.qcrilmsgtunnel, com.qualcomm.qti.networksetting, com.qualcomm.qti.ims, com.qti.xdivert, com.android.phone, com.qualcomm.simcontacts, com.qualcomm.qti.autoregistration, com.android.stk]; permName: android.permission.ACCESS_COARSE_LOCATION; type = 1; res = -1; stacktrace=java.lang.Exception

08-05 03:39:16.224  1559  2302 I LSPosed-Bridge: 	at com.example.permlabel.requirePerm$1$2.afterHookedMethod(requirePerm.java:143)

08-05 03:39:16.224  1559  2302 I LSPosed-Bridge: 	at de.robv.android.xposed.XposedBridge$AdditionalHookInfo.callback(Unknown Source:147)

08-05 03:39:16.224  1559  2302 I LSPosed-Bridge: 	at LSPHooker_.checkPermission(Unknown Source:25)

08-05 03:39:16.224  1559  2302 I LSPosed-Bridge: 	at android.app.IActivityManager$Stub.onTransact(IActivityManager.java:664)

08-05 03:39:16.224  1559  2302 I LSPosed-Bridge: 	at com.android.server.am.ActivityManagerService.onTransact(ActivityManagerService.java:3346)

08-05 03:39:16.224  1559  2302 I LSPosed-Bridge: 	at android.os.Binder.execTransact(Binder.java:731)

08-05 03:39:16.227  5853  6757 I LSPosed-Bridge: 5853 PermLabel 10135; permName: android.permission.ACCESS_COARSE_LOCATION; getAllCellInfo res = null; stacktrace=java.lang.Exception

08-05 03:39:16.227  5853  6757 I LSPosed-Bridge: 	at com.example.permlabel.hookLocationExtra_test$4.afterHookedMethod(hookLocationExtra_test.java:79)

08-05 03:39:16.227  5853  6757 I LSPosed-Bridge: 	at de.robv.android.xposed.XposedBridge$AdditionalHookInfo.callback(Unknown Source:147)

08-05 03:39:16.227  5853  6757 I LSPosed-Bridge: 	at LSPHooker_.getAllCellInfo(Unknown Source:8)

08-05 03:39:16.227  5853  6757 I LSPosed-Bridge: 	at c.t.m.g.fi.b(TL:156)

08-05 03:39:16.227  5853  6757 I LSPosed-Bridge: 	at c.t.m.g.er$a.a(TL:276)

08-05 03:39:16.227  5853  6757 I LSPosed-Bridge: 	at c.t.m.g.er$a.handleMessage(TL:267)

08-05 03:39:16.227  5853  6757 I LSPosed-Bridge: 	at android.os.Handler.dispatchMessage(Handler.java:106)

08-05 03:39:16.227  5853  6757 I LSPosed-Bridge: 	at android.os.Looper.loop(Looper.java:193)

08-05 03:39:16.227  5853  6757 I LSPosed-Bridge: 	at android.os.HandlerThread.run(HandlerThread.java:65)

08-05 03:39:16.233  1559  3081 I LSPosed-Bridge: 5853 PermLabel 10135 AMS.checkPermission: Binder.getCallingPid() = 1879; uid = 10135; Binder.getCallingUid() = 1001; getNameForUid: android.uid.phone:1001; getPackagesForUid: [com.android.providers.telephony, com.qti.qualcomm.deviceinfo, org.codeaurora.ims, com.qualcomm.qti.lpa, com.qti.qualcomm.datastatusnotification, com.qualcomm.qti.telephonyservice, com.android.mms.service, com.qualcomm.qti.callfeaturessetting, com.qti.confuridialer, com.qualcomm.qti.uim, com.qualcomm.qcrilmsgtunnel, com.qualcomm.qti.networksetting, com.qualcomm.qti.ims, com.qti.xdivert, com.android.phone, com.qualcomm.simcontacts, com.qualcomm.qti.autoregistration, com.android.stk]; permName: android.permission.ACCESS_COARSE_LOCATION; type = 1; res = -1; stacktrace=java.lang.Exception

08-05 03:39:16.233  1559  3081 I LSPosed-Bridge: 	at com.example.permlabel.requirePerm$1$2.afterHookedMethod(requirePerm.java:143)

08-05 03:39:16.233  1559  3081 I LSPosed-Bridge: 	at de.robv.android.xposed.XposedBridge$AdditionalHookInfo.callback(Unknown Source:147)

08-05 03:39:16.233  1559  3081 I LSPosed-Bridge: 	at LSPHooker_.checkPermission(Unknown Source:25)

08-05 03:39:16.233  1559  3081 I LSPosed-Bridge: 	at android.app.IActivityManager$Stub.onTransact(IActivityManager.java:664)

08-05 03:39:16.233  1559  3081 I LSPosed-Bridge: 	at com.android.server.am.ActivityManagerService.onTransact(ActivityManagerService.java:3346)

08-05 03:39:16.233  1559  3081 I LSPosed-Bridge: 	at android.os.Binder.execTransact(Binder.java:731)

08-05 03:39:16.233  5853  6302 I LSPosed-Bridge: 5853 PermLabel hookBinder_test 10135 interfaceBinder =android.net.wifi.IWifiManager; arg0 = 26; arg1 = android.os.Parcel@e75bedd; arg2 = android.os.Parcel@c648430; arg3 = 0; res = true; stacktrace=java.lang.Exception

08-05 03:39:16.233  5853  6302 I LSPosed-Bridge: 	at com.example.permlabel.hookBinder_test$1.afterHookedMethod(hookBinder_test.java:68)

08-05 03:39:16.233  5853  6302 I LSPosed-Bridge: 	at de.robv.android.xposed.XposedBridge$AdditionalHookInfo.callback(Unknown Source:147)

08-05 03:39:16.233  5853  6302 I LSPosed-Bridge: 	at LSPHooker_.transact(Unknown Source:28)

08-05 03:39:16.233  5853  6302 I LSPosed-Bridge: 	at android.net.wifi.IWifiManager$Stub$Proxy.getWifiEnabledState(IWifiManager.java:1482)

08-05 03:39:16.233  5853  6302 I LSPosed-Bridge: 	at android.net.wifi.WifiManager.getWifiState(WifiManager.java:1927)

08-05 03:39:16.233  5853  6302 I LSPosed-Bridge: 	at android.net.wifi.WifiManager.isWifiEnabled(WifiManager.java:1939)

08-05 03:39:16.233  5853  6302 I LSPosed-Bridge: 	at c.t.m.g.fq.b(TL:58)

08-05 03:39:16.233  5853  6302 I LSPosed-Bridge: 	at c.t.m.g.eu.b(TL:332)

08-05 03:39:16.233  5853  6302 I LSPosed-Bridge: 	at c.t.m.g.eu.a(TL:37)

08-05 03:39:16.233  5853  6302 I LSPosed-Bridge: 	at c.t.m.g.eu$1.run(TL:80)

08-05 03:39:16.233  5853  6302 I LSPosed-Bridge: 	at android.os.Handler.handleCallback(Handler.java:873)

08-05 03:39:16.233  5853  6302 I LSPosed-Bridge: 	at android.os.Handler.dispatchMessage(Handler.java:99)

08-05 03:39:16.233  5853  6302 I LSPosed-Bridge: 	at android.os.Looper.loop(Looper.java:193)

08-05 03:39:16.233  5853  6302 I LSPosed-Bridge: 	at android.os.HandlerThread.run(HandlerThread.java:65)

08-05 03:39:16.233  1559  1825 I LSPosed-Bridge: 5853 PermLabel 10135 AMS.checkPermission: Binder.getCallingPid() = 5853; uid = 10135; Binder.getCallingUid() = 10135; getNameForUid: com.klook; getPackagesForUid: [com.klook]; permName: android.permission.CHANGE_WIFI_STATE; type = 0; res = -1; stacktrace=java.lang.Exception

08-05 03:39:16.233  1559  1825 I LSPosed-Bridge: 	at com.example.permlabel.requirePerm$1$2.afterHookedMethod(requirePerm.java:137)

08-05 03:39:16.233  1559  1825 I LSPosed-Bridge: 	at de.robv.android.xposed.XposedBridge$AdditionalHookInfo.callback(Unknown Source:147)

08-05 03:39:16.233  1559  1825 I LSPosed-Bridge: 	at LSPHooker_.checkPermission(Unknown Source:25)

08-05 03:39:16.233  1559  1825 I LSPosed-Bridge: 	at android.app.ContextImpl.checkPermission(ContextImpl.java:1751)

08-05 03:39:16.233  1559  1825 I LSPosed-Bridge: 	at android.app.ContextImpl.checkCallingOrSelfPermission(ContextImpl.java:1791)

08-05 03:39:16.233  1559  1825 I LSPosed-Bridge: 	at android.app.ContextImpl.enforceCallingOrSelfPermission(ContextImpl.java:1841)

08-05 03:39:16.233  1559  1825 I LSPosed-Bridge: 	at com.android.server.wifi.WifiServiceImpl.enforceChangePermission(WifiServiceImpl.java:812)

08-05 03:39:16.233  1559  1825 I LSPosed-Bridge: 	at com.android.server.wifi.WifiServiceImpl.startScan(WifiServiceImpl.java:679)

08-05 03:39:16.233  1559  1825 I LSPosed-Bridge: 	at android.net.wifi.IWifiManager$Stub.onTransact(IWifiManager.java:294)

08-05 03:39:16.233  1559  1825 I LSPosed-Bridge: 	at android.os.Binder.execTransact(Binder.java:731)

08-05 03:39:16.233  1879  2210 I LSPosed-Bridge: 1879 PermLabel 1001 ContextImpl.checkPermission: pid = 5853; uid = 10135; permName: android.permission.ACCESS_COARSE_LOCATION; type = 1; res = -1; stacktrace=java.lang.Exception

08-05 03:39:16.233  1879  2210 I LSPosed-Bridge: 	at com.example.permlabel.requestPerm$2.afterHookedMethod(requestPerm.java:223)

08-05 03:39:16.233  1879  2210 I LSPosed-Bridge: 	at de.robv.android.xposed.XposedBridge$AdditionalHookInfo.callback(Unknown Source:147)

08-05 03:39:16.233  1879  2210 I LSPosed-Bridge: 	at LSPHooker_.checkPermission(Unknown Source:25)

08-05 03:39:16.233  1879  2210 I LSPosed-Bridge: 	at android.app.ContextImpl.enforcePermission(ContextImpl.java:1822)

08-05 03:39:16.233  1879  2210 I LSPosed-Bridge: 	at android.content.ContextWrapper.enforcePermission(ContextWrapper.java:765)

08-05 03:39:16.233  1879  2210 I LSPosed-Bridge: 	at android.content.ContextWrapper.enforcePermission(ContextWrapper.java:765)

08-05 03:39:16.233  1879  2210 I LSPosed-Bridge: 	at android.telephony.LocationAccessPolicy.canAccessCellLocation(LocationAccessPolicy.java:71)

08-05 03:39:16.233  1879  2210 I LSPosed-Bridge: 	at com.android.phone.PhoneInterfaceManager.getCellLocation(PhoneInterfaceManager.java:1696)

08-05 03:39:16.233  1879  2210 I LSPosed-Bridge: 	at com.android.internal.telephony.ITelephony$Stub.onTransact(ITelephony.java:465)

08-05 03:39:16.233  1879  2210 I LSPosed-Bridge: 	at android.os.Binder.execTransact(Binder.java:731)

08-05 03:39:16.234  5853  6757 I LSPosed-Bridge: 5853 PermLabel hookBinder_test 10135 interfaceBinder =com.android.internal.telephony.ITelephony; arg0 = 41; arg1 = android.os.Parcel@c003bd2; arg2 = android.os.Parcel@d0646eb; arg3 = 0; res = true; stacktrace=java.lang.Exception

08-05 03:39:16.234  5853  6757 I LSPosed-Bridge: 	at com.example.permlabel.hookBinder_test$1.afterHookedMethod(hookBinder_test.java:68)

08-05 03:39:16.234  5853  6757 I LSPosed-Bridge: 	at de.robv.android.xposed.XposedBridge$AdditionalHookInfo.callback(Unknown Source:147)

08-05 03:39:16.234  5853  6757 I LSPosed-Bridge: 	at LSPHooker_.transact(Unknown Source:28)

08-05 03:39:16.234  5853  6757 I LSPosed-Bridge: 	at com.android.internal.telephony.ITelephony$Stub$Proxy.getCellLocation(ITelephony.java:3128)

08-05 03:39:16.234  5853  6757 I LSPosed-Bridge: 	at android.telephony.TelephonyManager.getCellLocation(TelephonyManager.java:1401)

08-05 03:39:16.234  5853  6757 I LSPosed-Bridge: 	at java.lang.reflect.Method.invoke(Native Method)

08-05 03:39:16.234  5853  6757 I LSPosed-Bridge: 	at org.lsposed.lspd.nativebridge.HookBridge.invokeOriginalMethod(Native Method)

08-05 03:39:16.234  5853  6757 I LSPosed-Bridge: 	at de.robv.android.xposed.XposedBridge$AdditionalHookInfo.callback(Unknown Source:110)

08-05 03:39:16.234  5853  6757 I LSPosed-Bridge: 	at LSPHooker_.getCellLocation(Unknown Source:8)

08-05 03:39:16.234  5853  6757 I LSPosed-Bridge: 	at c.t.m.g.fi.a(TL:95)

08-05 03:39:16.234  5853  6757 I LSPosed-Bridge: 	at c.t.m.g.er$a.a(TL:285)

08-05 03:39:16.234  5853  6757 I LSPosed-Bridge: 	at c.t.m.g.er$a.handleMessage(TL:267)

08-05 03:39:16.234  5853  6757 I LSPosed-Bridge: 	at android.os.Handler.dispatchMessage(Handler.java:106)

08-05 03:39:16.234  5853  6757 I LSPosed-Bridge: 	at android.os.Looper.loop(Looper.java:193)

08-05 03:39:16.234  5853  6757 I LSPosed-Bridge: 	at android.os.HandlerThread.run(HandlerThread.java:65)

08-05 03:39:16.234  5853  6757 I LSPosed-Bridge: 5853 PermLabel 10135; permName: android.permission.ACCESS_COARSE_LOCATION; getCellLocation res = null; stacktrace=java.lang.Exception

08-05 03:39:16.234  5853  6757 I LSPosed-Bridge: 	at com.example.permlabel.hookLocationExtra_test$3.afterHookedMethod(hookLocationExtra_test.java:72)

08-05 03:39:16.234  5853  6757 I LSPosed-Bridge: 	at de.robv.android.xposed.XposedBridge$AdditionalHookInfo.callback(Unknown Source:147)

08-05 03:39:16.234  5853  6757 I LSPosed-Bridge: 	at LSPHooker_.getCellLocation(Unknown Source:8)

08-05 03:39:16.234  5853  6757 I LSPosed-Bridge: 	at c.t.m.g.fi.a(TL:95)

08-05 03:39:16.234  5853  6757 I LSPosed-Bridge: 	at c.t.m.g.er$a.a(TL:285)

08-05 03:39:16.234  5853  6757 I LSPosed-Bridge: 	at c.t.m.g.er$a.handleMessage(TL:267)

08-05 03:39:16.234  5853  6757 I LSPosed-Bridge: 	at android.os.Handler.dispatchMessage(Handler.java:106)

08-05 03:39:16.234  5853  6757 I LSPosed-Bridge: 	at android.os.Looper.loop(Looper.java:193)

08-05 03:39:16.234  5853  6757 I LSPosed-Bridge: 	at android.os.HandlerThread.run(HandlerThread.java:65)

08-05 03:39:16.245  1559  3081 I LSPosed-Bridge: 5853 PermLabel 10135 AMS.checkPermission: Binder.getCallingPid() = 1879; uid = 10135; Binder.getCallingUid() = 1001; getNameForUid: android.uid.phone:1001; getPackagesForUid: [com.android.providers.telephony, com.qti.qualcomm.deviceinfo, org.codeaurora.ims, com.qualcomm.qti.lpa, com.qti.qualcomm.datastatusnotification, com.qualcomm.qti.telephonyservice, com.android.mms.service, com.qualcomm.qti.callfeaturessetting, com.qti.confuridialer, com.qualcomm.qti.uim, com.qualcomm.qcrilmsgtunnel, com.qualcomm.qti.networksetting, com.qualcomm.qti.ims, com.qti.xdivert, com.android.phone, com.qualcomm.simcontacts, com.qualcomm.qti.autoregistration, com.android.stk]; permName: android.permission.ACCESS_COARSE_LOCATION; type = 1; res = -1; stacktrace=java.lang.Exception

08-05 03:39:16.245  1559  3081 I LSPosed-Bridge: 	at com.example.permlabel.requirePerm$1$2.afterHookedMethod(requirePerm.java:143)

08-05 03:39:16.245  1559  3081 I LSPosed-Bridge: 	at de.robv.android.xposed.XposedBridge$AdditionalHookInfo.callback(Unknown Source:147)

08-05 03:39:16.245  1559  3081 I LSPosed-Bridge: 	at LSPHooker_.checkPermission(Unknown Source:25)

08-05 03:39:16.245  1559  3081 I LSPosed-Bridge: 	at android.app.IActivityManager$Stub.onTransact(IActivityManager.java:664)

08-05 03:39:16.245  1559  3081 I LSPosed-Bridge: 	at com.android.server.am.ActivityManagerService.onTransact(ActivityManagerService.java:3346)

08-05 03:39:16.245  1559  3081 I LSPosed-Bridge: 	at android.os.Binder.execTransact(Binder.java:731)

08-05 03:39:16.245  5853  6757 I LSPosed-Bridge: 5853 PermLabel hookBinder_test 10135 interfaceBinder =; arg0 = 1; arg1 = android.os.Parcel@c648430; arg2 = android.os.Parcel@e75bedd; arg3 = 0; res = true; stacktrace=java.lang.Exception

08-05 03:39:16.245  5853  6757 I LSPosed-Bridge: 	at com.example.permlabel.hookBinder_test$1.afterHookedMethod(hookBinder_test.java:68)

08-05 03:39:16.245  5853  6757 I LSPosed-Bridge: 	at de.robv.android.xposed.XposedBridge$AdditionalHookInfo.callback(Unknown Source:147)

08-05 03:39:16.245  5853  6757 I LSPosed-Bridge: 	at LSPHooker_.transact(Unknown Source:28)

08-05 03:39:16.245  5853  6757 I LSPosed-Bridge: 	at android.os.ServiceManagerProxy.getService(ServiceManagerNative.java:125)

08-05 03:39:16.245  5853  6757 I LSPosed-Bridge: 	at android.os.ServiceManager.rawGetService(ServiceManager.java:253)

08-05 03:39:16.245  5853  6757 I LSPosed-Bridge: 	at android.os.ServiceManager.getService(ServiceManager.java:124)

08-05 03:39:16.245  5853  6757 I LSPosed-Bridge: 	at android.telephony.SubscriptionManager.getDefaultSubscriptionId(SubscriptionManager.java:1252)

08-05 03:39:16.245  5853  6757 I LSPosed-Bridge: 	at android.telephony.TelephonyManager.getSubId(TelephonyManager.java:4890)

08-05 03:39:16.245  5853  6757 I LSPosed-Bridge: 	at android.telephony.TelephonyManager.getPhoneId(TelephonyManager.java:4918)

08-05 03:39:16.245  5853  6757 I LSPosed-Bridge: 	at android.telephony.TelephonyManager.getNetworkOperator(TelephonyManager.java:1785)

08-05 03:39:16.245  5853  6757 I LSPosed-Bridge: 	at c.t.m.g.ex.a(TL:245)

08-05 03:39:16.245  5853  6757 I LSPosed-Bridge: 	at c.t.m.g.ex.a(TL:103)

08-05 03:39:16.245  5853  6757 I LSPosed-Bridge: 	at c.t.m.g.er$a.a(TL:286)

08-05 03:39:16.245  5853  6757 I LSPosed-Bridge: 	at c.t.m.g.er$a.handleMessage(TL:267)

08-05 03:39:16.245  5853  6757 I LSPosed-Bridge: 	at android.os.Handler.dispatchMessage(Handler.java:106)

08-05 03:39:16.245  5853  6757 I LSPosed-Bridge: 	at android.os.Looper.loop(Looper.java:193)

08-05 03:39:16.245  5853  6757 I LSPosed-Bridge: 	at android.os.HandlerThread.run(HandlerThread.java:65)

08-05 03:39:16.247  5853  6757 I LSPosed-Bridge: 5853 PermLabel hookBinder_test 10135 interfaceBinder =com.android.internal.telephony.ISub; arg0 = 20; arg1 = android.os.Parcel@e75bedd; arg2 = android.os.Parcel@c648430; arg3 = 0; res = true; stacktrace=java.lang.Exception

08-05 03:39:16.247  5853  6757 I LSPosed-Bridge: 	at com.example.permlabel.hookBinder_test$1.afterHookedMethod(hookBinder_test.java:68)

08-05 03:39:16.247  5853  6757 I LSPosed-Bridge: 	at de.robv.android.xposed.XposedBridge$AdditionalHookInfo.callback(Unknown Source:147)

08-05 03:39:16.247  5853  6757 I LSPosed-Bridge: 	at LSPHooker_.transact(Unknown Source:28)

08-05 03:39:16.247  5853  6757 I LSPosed-Bridge: 	at com.android.internal.telephony.ISub$Stub$Proxy.getDefaultSubId(ISub.java:847)

08-05 03:39:16.247  5853  6757 I LSPosed-Bridge: 	at android.telephony.SubscriptionManager.getDefaultSubscriptionId(SubscriptionManager.java:1254)

08-05 03:39:16.247  5853  6757 I LSPosed-Bridge: 	at android.telephony.TelephonyManager.getSubId(TelephonyManager.java:4890)

08-05 03:39:16.247  5853  6757 I LSPosed-Bridge: 	at android.telephony.TelephonyManager.getPhoneId(TelephonyManager.java:4918)

08-05 03:39:16.247  5853  6757 I LSPosed-Bridge: 	at android.telephony.TelephonyManager.getNetworkOperator(TelephonyManager.java:1785)

08-05 03:39:16.247  5853  6757 I LSPosed-Bridge: 	at c.t.m.g.ex.a(TL:245)

08-05 03:39:16.247  5853  6757 I LSPosed-Bridge: 	at c.t.m.g.ex.a(TL:103)

08-05 03:39:16.247  5853  6757 I LSPosed-Bridge: 	at c.t.m.g.er$a.a(TL:286)

08-05 03:39:16.247  5853  6757 I LSPosed-Bridge: 	at c.t.m.g.er$a.handleMessage(TL:267)

08-05 03:39:16.247  5853  6757 I LSPosed-Bridge: 	at android.os.Handler.dispatchMessage(Handler.java:106)

08-05 03:39:16.247  5853  6757 I LSPosed-Bridge: 	at android.os.Looper.loop(Looper.java:193)

08-05 03:39:16.247  5853  6757 I LSPosed-Bridge: 	at android.os.HandlerThread.run(HandlerThread.java:65)

08-05 03:39:16.247  5853  6302 I LSPosed-Bridge: 5853 PermLabel hookBinder_test 10135 interfaceBinder =com.android.internal.telephony.ITelephony; arg0 = 41; arg1 = android.os.Parcel@d0646eb; arg2 = android.os.Parcel@c003bd2; arg3 = 0; res = true; stacktrace=java.lang.Exception

08-05 03:39:16.247  5853  6302 I LSPosed-Bridge: 	at com.example.permlabel.hookBinder_test$1.afterHookedMethod(hookBinder_test.java:68)

08-05 03:39:16.247  5853  6302 I LSPosed-Bridge: 	at de.robv.android.xposed.XposedBridge$AdditionalHookInfo.callback(Unknown Source:147)

08-05 03:39:16.247  5853  6302 I LSPosed-Bridge: 	at LSPHooker_.transact(Unknown Source:28)

08-05 03:39:16.247  5853  6302 I LSPosed-Bridge: 	at com.android.internal.telephony.ITelephony$Stub$Proxy.getCellLocation(ITelephony.java:3128)

08-05 03:39:16.247  5853  6302 I LSPosed-Bridge: 	at android.telephony.TelephonyManager.getCellLocation(TelephonyManager.java:1401)

08-05 03:39:16.247  5853  6302 I LSPosed-Bridge: 	at java.lang.reflect.Method.invoke(Native Method)

08-05 03:39:16.247  5853  6302 I LSPosed-Bridge: 	at org.lsposed.lspd.nativebridge.HookBridge.invokeOriginalMethod(Native Method)

08-05 03:39:16.247  5853  6302 I LSPosed-Bridge: 	at de.robv.android.xposed.XposedBridge$AdditionalHookInfo.callback(Unknown Source:110)

08-05 03:39:16.247  5853  6302 I LSPosed-Bridge: 	at LSPHooker_.getCellLocation(Unknown Source:8)

08-05 03:39:16.247  5853  6302 I LSPosed-Bridge: 	at c.t.m.g.fi.a(TL:95)

08-05 03:39:16.247  5853  6302 I LSPosed-Bridge: 	at c.t.m.g.ep.n(TL:50278)

08-05 03:39:16.247  5853  6302 I LSPosed-Bridge: 	at c.t.m.g.ep$a.handleMessage(TL:1379)

08-05 03:39:16.247  5853  6302 I LSPosed-Bridge: 	at android.os.Handler.dispatchMessage(Handler.java:106)

08-05 03:39:16.247  5853  6302 I LSPosed-Bridge: 	at android.os.Looper.loop(Looper.java:193)

08-05 03:39:16.247  5853  6302 I LSPosed-Bridge: 	at android.os.HandlerThread.run(HandlerThread.java:65)

08-05 03:39:16.247  5853  6302 I LSPosed-Bridge: 5853 PermLabel 10135; permName: android.permission.ACCESS_COARSE_LOCATION; getCellLocation res = null; stacktrace=java.lang.Exception

08-05 03:39:16.247  5853  6302 I LSPosed-Bridge: 	at com.example.permlabel.hookLocationExtra_test$3.afterHookedMethod(hookLocationExtra_test.java:72)

08-05 03:39:16.247  5853  6302 I LSPosed-Bridge: 	at de.robv.android.xposed.XposedBridge$AdditionalHookInfo.callback(Unknown Source:147)

08-05 03:39:16.247  5853  6302 I LSPosed-Bridge: 	at LSPHooker_.getCellLocation(Unknown Source:8)

08-05 03:39:16.247  5853  6302 I LSPosed-Bridge: 	at c.t.m.g.fi.a(TL:95)

08-05 03:39:16.247  5853  6302 I LSPosed-Bridge: 	at c.t.m.g.ep.n(TL:50278)

08-05 03:39:16.247  5853  6302 I LSPosed-Bridge: 	at c.t.m.g.ep$a.handleMessage(TL:1379)

08-05 03:39:16.247  5853  6302 I LSPosed-Bridge: 	at android.os.Handler.dispatchMessage(Handler.java:106)

08-05 03:39:16.247  5853  6302 I LSPosed-Bridge: 	at android.os.Looper.loop(Looper.java:193)

08-05 03:39:16.247  5853  6302 I LSPosed-Bridge: 	at android.os.HandlerThread.run(HandlerThread.java:65)

08-05 03:39:18.261  1559  4772 I LSPosed-Bridge: 5853 PermLabel 10135 AMS.checkPermission: Binder.getCallingPid() = 1879; uid = 10135; Binder.getCallingUid() = 1001; getNameForUid: android.uid.phone:1001; getPackagesForUid: [com.android.providers.telephony, com.qti.qualcomm.deviceinfo, org.codeaurora.ims, com.qualcomm.qti.lpa, com.qti.qualcomm.datastatusnotification, com.qualcomm.qti.telephonyservice, com.android.mms.service, com.qualcomm.qti.callfeaturessetting, com.qti.confuridialer, com.qualcomm.qti.uim, com.qualcomm.qcrilmsgtunnel, com.qualcomm.qti.networksetting, com.qualcomm.qti.ims, com.qti.xdivert, com.android.phone, com.qualcomm.simcontacts, com.qualcomm.qti.autoregistration, com.android.stk]; permName: android.permission.ACCESS_COARSE_LOCATION; type = 1; res = -1; stacktrace=java.lang.Exception

08-05 03:39:18.261  1559  4772 I LSPosed-Bridge: 	at com.example.permlabel.requirePerm$1$2.afterHookedMethod(requirePerm.java:143)

08-05 03:39:18.261  1559  4772 I LSPosed-Bridge: 	at de.robv.android.xposed.XposedBridge$AdditionalHookInfo.callback(Unknown Source:147)

08-05 03:39:18.261  1559  4772 I LSPosed-Bridge: 	at LSPHooker_.checkPermission(Unknown Source:25)

08-05 03:39:18.261  1559  4772 I LSPosed-Bridge: 	at android.app.IActivityManager$Stub.onTransact(IActivityManager.java:664)

08-05 03:39:18.261  1559  4772 I LSPosed-Bridge: 	at com.android.server.am.ActivityManagerService.onTransact(ActivityManagerService.java:3346)

08-05 03:39:18.261  1559  4772 I LSPosed-Bridge: 	at android.os.Binder.execTransact(Binder.java:731)

08-05 03:39:18.261  1879  2196 I LSPosed-Bridge: 1879 PermLabel 1001 ContextImpl.checkPermission: pid = 5853; uid = 10135; permName: android.permission.ACCESS_COARSE_LOCATION; type = 1; res = -1; stacktrace=java.lang.Exception

08-05 03:39:18.261  1879  2196 I LSPosed-Bridge: 	at com.example.permlabel.requestPerm$2.afterHookedMethod(requestPerm.java:223)

08-05 03:39:18.261  1879  2196 I LSPosed-Bridge: 	at de.robv.android.xposed.XposedBridge$AdditionalHookInfo.callback(Unknown Source:147)

08-05 03:39:18.261  1879  2196 I LSPosed-Bridge: 	at LSPHooker_.checkPermission(Unknown Source:25)

08-05 03:39:18.261  1879  2196 I LSPosed-Bridge: 	at android.app.ContextImpl.enforcePermission(ContextImpl.java:1822)

08-05 03:39:18.261  1879  2196 I LSPosed-Bridge: 	at android.content.ContextWrapper.enforcePermission(ContextWrapper.java:765)

08-05 03:39:18.261  1879  2196 I LSPosed-Bridge: 	at android.content.ContextWrapper.enforcePermission(ContextWrapper.java:765)

08-05 03:39:18.261  1879  2196 I LSPosed-Bridge: 	at android.telephony.LocationAccessPolicy.canAccessCellLocation(LocationAccessPolicy.java:71)

08-05 03:39:18.261  1879  2196 I LSPosed-Bridge: 	at com.android.phone.PhoneInterfaceManager.getAllCellInfo(PhoneInterfaceManager.java:1808)

08-05 03:39:18.261  1879  2196 I LSPosed-Bridge: 	at com.android.internal.telephony.ITelephony$Stub.onTransact(ITelephony.java:936)

08-05 03:39:18.261  1879  2196 I LSPosed-Bridge: 	at android.os.Binder.execTransact(Binder.java:731)

08-05 03:39:18.263  5853  6757 I LSPosed-Bridge: 5853 PermLabel hookBinder_test 10135 interfaceBinder =com.android.internal.telephony.ITelephony; arg0 = 82; arg1 = android.os.Parcel@a0aa038; arg2 = android.os.Parcel@c648430; arg3 = 0; res = true; stacktrace=java.lang.Exception

08-05 03:39:18.263  5853  6757 I LSPosed-Bridge: 	at com.example.permlabel.hookBinder_test$1.afterHookedMethod(hookBinder_test.java:68)

08-05 03:39:18.263  5853  6757 I LSPosed-Bridge: 	at de.robv.android.xposed.XposedBridge$AdditionalHookInfo.callback(Unknown Source:147)

08-05 03:39:18.263  5853  6757 I LSPosed-Bridge: 	at LSPHooker_.transact(Unknown Source:28)

08-05 03:39:18.263  5853  6757 I LSPosed-Bridge: 	at com.android.internal.telephony.ITelephony$Stub$Proxy.getAllCellInfo(ITelephony.java:3940)

08-05 03:39:18.263  5853  6757 I LSPosed-Bridge: 	at android.telephony.TelephonyManager.getAllCellInfo(TelephonyManager.java:4406)

08-05 03:39:18.263  5853  6757 I LSPosed-Bridge: 	at java.lang.reflect.Method.invoke(Native Method)

08-05 03:39:18.263  5853  6757 I LSPosed-Bridge: 	at org.lsposed.lspd.nativebridge.HookBridge.invokeOriginalMethod(Native Method)

08-05 03:39:18.263  5853  6757 I LSPosed-Bridge: 	at de.robv.android.xposed.XposedBridge$AdditionalHookInfo.callback(Unknown Source:110)

08-05 03:39:18.263  5853  6757 I LSPosed-Bridge: 	at LSPHooker_.getAllCellInfo(Unknown Source:8)

08-05 03:39:18.263  5853  6757 I LSPosed-Bridge: 	at c.t.m.g.fi.b(TL:156)

08-05 03:39:18.263  5853  6757 I LSPosed-Bridge: 	at c.t.m.g.er$a.a(TL:276)

08-05 03:39:18.263  5853  6757 I LSPosed-Bridge: 	at c.t.m.g.er$a.handleMessage(TL:267)

08-05 03:39:18.263  5853  6757 I LSPosed-Bridge: 	at android.os.Handler.dispatchMessage(Handler.java:106)

08-05 03:39:18.263  5853  6757 I LSPosed-Bridge: 	at android.os.Looper.loop(Looper.java:193)

08-05 03:39:18.263  5853  6757 I LSPosed-Bridge: 	at android.os.HandlerThread.run(HandlerThread.java:65)

08-05 03:39:18.263  5853  6757 I LSPosed-Bridge: 5853 PermLabel 10135; permName: android.permission.ACCESS_COARSE_LOCATION; getAllCellInfo res = null; stacktrace=java.lang.Exception

08-05 03:39:18.263  5853  6757 I LSPosed-Bridge: 	at com.example.permlabel.hookLocationExtra_test$4.afterHookedMethod(hookLocationExtra_test.java:79)

08-05 03:39:18.263  5853  6757 I LSPosed-Bridge: 	at de.robv.android.xposed.XposedBridge$AdditionalHookInfo.callback(Unknown Source:147)

08-05 03:39:18.263  5853  6757 I LSPosed-Bridge: 	at LSPHooker_.getAllCellInfo(Unknown Source:8)

08-05 03:39:18.263  5853  6757 I LSPosed-Bridge: 	at c.t.m.g.fi.b(TL:156)

08-05 03:39:18.263  5853  6757 I LSPosed-Bridge: 	at c.t.m.g.er$a.a(TL:276)

08-05 03:39:18.263  5853  6757 I LSPosed-Bridge: 	at c.t.m.g.er$a.handleMessage(TL:267)

08-05 03:39:18.263  5853  6757 I LSPosed-Bridge: 	at android.os.Handler.dispatchMessage(Handler.java:106)

08-05 03:39:18.263  5853  6757 I LSPosed-Bridge: 	at android.os.Looper.loop(Looper.java:193)

08-05 03:39:18.263  5853  6757 I LSPosed-Bridge: 	at android.os.HandlerThread.run(HandlerThread.java:65)

08-05 03:39:18.267  1559  4772 I LSPosed-Bridge: 5853 PermLabel 10135 AMS.checkPermission: Binder.getCallingPid() = 1879; uid = 10135; Binder.getCallingUid() = 1001; getNameForUid: android.uid.phone:1001; getPackagesForUid: [com.android.providers.telephony, com.qti.qualcomm.deviceinfo, org.codeaurora.ims, com.qualcomm.qti.lpa, com.qti.qualcomm.datastatusnotification, com.qualcomm.qti.telephonyservice, com.android.mms.service, com.qualcomm.qti.callfeaturessetting, com.qti.confuridialer, com.qualcomm.qti.uim, com.qualcomm.qcrilmsgtunnel, com.qualcomm.qti.networksetting, com.qualcomm.qti.ims, com.qti.xdivert, com.android.phone, com.qualcomm.simcontacts, com.qualcomm.qti.autoregistration, com.android.stk]; permName: android.permission.ACCESS_COARSE_LOCATION; type = 1; res = -1; stacktrace=java.lang.Exception

08-05 03:39:18.267  1559  4772 I LSPosed-Bridge: 	at com.example.permlabel.requirePerm$1$2.afterHookedMethod(requirePerm.java:143)

08-05 03:39:18.267  1559  4772 I LSPosed-Bridge: 	at de.robv.android.xposed.XposedBridge$AdditionalHookInfo.callback(Unknown Source:147)

08-05 03:39:18.267  1559  4772 I LSPosed-Bridge: 	at LSPHooker_.checkPermission(Unknown Source:25)

08-05 03:39:18.267  1559  4772 I LSPosed-Bridge: 	at android.app.IActivityManager$Stub.onTransact(IActivityManager.java:664)

08-05 03:39:18.267  1559  4772 I LSPosed-Bridge: 	at com.android.server.am.ActivityManagerService.onTransact(ActivityManagerService.java:3346)

08-05 03:39:18.267  1559  4772 I LSPosed-Bridge: 	at android.os.Binder.execTransact(Binder.java:731)

08-05 03:39:18.270  5853  6757 I LSPosed-Bridge: 5853 PermLabel 10135; permName: android.permission.ACCESS_COARSE_LOCATION; getCellLocation res = null; stacktrace=java.lang.Exception

08-05 03:39:18.270  5853  6757 I LSPosed-Bridge: 	at com.example.permlabel.hookLocationExtra_test$3.afterHookedMethod(hookLocationExtra_test.java:72)

08-05 03:39:18.270  5853  6757 I LSPosed-Bridge: 	at de.robv.android.xposed.XposedBridge$AdditionalHookInfo.callback(Unknown Source:147)

08-05 03:39:18.270  5853  6757 I LSPosed-Bridge: 	at LSPHooker_.getCellLocation(Unknown Source:8)

08-05 03:39:18.270  5853  6757 I LSPosed-Bridge: 	at c.t.m.g.fi.a(TL:95)

08-05 03:39:18.270  5853  6757 I LSPosed-Bridge: 	at c.t.m.g.er$a.a(TL:285)

08-05 03:39:18.270  5853  6757 I LSPosed-Bridge: 	at c.t.m.g.er$a.handleMessage(TL:267)

08-05 03:39:18.270  5853  6757 I LSPosed-Bridge: 	at android.os.Handler.dispatchMessage(Handler.java:106)

08-05 03:39:18.270  5853  6757 I LSPosed-Bridge: 	at android.os.Looper.loop(Looper.java:193)

08-05 03:39:18.270  5853  6757 I LSPosed-Bridge: 	at android.os.HandlerThread.run(HandlerThread.java:65)

08-05 03:39:31.056  5853  5853 I LSPosed-Bridge: 5853 PermLabel 10135 requestPermissions (Activity): pid = 5853; permName: android.permission.ACCESS_FINE_LOCATION; stacktrace=java.lang.Exception

08-05 03:39:31.056  5853  5853 I LSPosed-Bridge: 	at com.example.permlabel.requestPerm$3.beforeHookedMethod(requestPerm.java:240)

08-05 03:39:31.056  5853  5853 I LSPosed-Bridge: 	at de.robv.android.xposed.XposedBridge$AdditionalHookInfo.callback(Unknown Source:79)

08-05 03:39:31.056  5853  5853 I LSPosed-Bridge: 	at LSPHooker_.requestPermissions(Unknown Source:18)

08-05 03:39:31.056  5853  5853 I LSPosed-Bridge: 	at androidx.core.app.c.a(Unknown Source:0)

08-05 03:39:31.056  5853  5853 I LSPosed-Bridge: 	at androidx.core.app.ActivityCompat$Api23Impl.requestPermissions(ActivityCompat.java:1)

08-05 03:39:31.056  5853  5853 I LSPosed-Bridge: 	at androidx.core.app.ActivityCompat.requestPermissions(ActivityCompat.java:75)

08-05 03:39:31.056  5853  5853 I LSPosed-Bridge: 	at com.klooklib.activity.FeatureIntroduceActivity$a.requestClickListener(FeatureIntroduceActivity.java:9)

08-05 03:39:31.056  5853  5853 I LSPosed-Bridge: 	at com.klooklib.view.FeatureRuntimePermissionView$b.onClick(FeatureRuntimePermissionView.java:7)

08-05 03:39:31.056  5853  5853 I LSPosed-Bridge: 	at android.view.View.performClick(View.java:6597)

08-05 03:39:31.056  5853  5853 I LSPosed-Bridge: 	at android.view.View.performClickInternal(View.java:6574)

08-05 03:39:31.056  5853  5853 I LSPosed-Bridge: 	at android.view.View.access$3100(View.java:778)

08-05 03:39:31.056  5853  5853 I LSPosed-Bridge: 	at android.view.View$PerformClick.run(View.java:25889)

08-05 03:39:31.056  5853  5853 I LSPosed-Bridge: 	at android.os.Handler.handleCallback(Handler.java:873)

08-05 03:39:31.056  5853  5853 I LSPosed-Bridge: 	at android.os.Handler.dispatchMessage(Handler.java:99)

08-05 03:39:31.056  5853  5853 I LSPosed-Bridge: 	at android.os.Looper.loop(Looper.java:193)

08-05 03:39:31.056  5853  5853 I LSPosed-Bridge: 	at android.app.ActivityThread.main(ActivityThread.java:6692)

08-05 03:39:31.056  5853  5853 I LSPosed-Bridge: 	at java.lang.reflect.Method.invoke(Native Method)

08-05 03:39:31.056  5853  5853 I LSPosed-Bridge: 	at com.android.internal.os.RuntimeInit$MethodAndArgsCaller.run(RuntimeInit.java:493)

08-05 03:39:31.056  5853  5853 I LSPosed-Bridge: 	at com.android.internal.os.ZygoteInit.main(ZygoteInit.java:858)

08-05 03:39:31.056  5853  5853 I LSPosed-Bridge: 5853 PermLabel 10135 requestPermissions (Activity): pid = 5853; permName: android.permission.ACCESS_COARSE_LOCATION; stacktrace=java.lang.Exception

08-05 03:39:31.056  5853  5853 I LSPosed-Bridge: 	at com.example.permlabel.requestPerm$3.beforeHookedMethod(requestPerm.java:240)

08-05 03:39:31.056  5853  5853 I LSPosed-Bridge: 	at de.robv.android.xposed.XposedBridge$AdditionalHookInfo.callback(Unknown Source:79)

08-05 03:39:31.056  5853  5853 I LSPosed-Bridge: 	at LSPHooker_.requestPermissions(Unknown Source:18)

08-05 03:39:31.056  5853  5853 I LSPosed-Bridge: 	at androidx.core.app.c.a(Unknown Source:0)

08-05 03:39:31.056  5853  5853 I LSPosed-Bridge: 	at androidx.core.app.ActivityCompat$Api23Impl.requestPermissions(ActivityCompat.java:1)

08-05 03:39:31.056  5853  5853 I LSPosed-Bridge: 	at androidx.core.app.ActivityCompat.requestPermissions(ActivityCompat.java:75)

