
08-05 16:39:40.424  5650  5650 I LSPosed-Bridge: 	at android.os.Handler.dispatchMessage(Handler.java:102)

08-05 16:39:40.424  5650  5650 I LSPosed-Bridge: 	at android.os.Looper.loop(Looper.java:193)

08-05 16:39:40.424  5650  5650 I LSPosed-Bridge: 	at android.app.ActivityThread.main(ActivityThread.java:6692)

08-05 16:39:40.424  5650  5650 I LSPosed-Bridge: 	at java.lang.reflect.Method.invoke(Native Method)

08-05 16:39:40.424  5650  5650 I LSPosed-Bridge: 	at com.android.internal.os.RuntimeInit$MethodAndArgsCaller.run(RuntimeInit.java:493)

08-05 16:39:40.424  5650  5650 I LSPosed-Bridge: 	at com.android.internal.os.ZygoteInit.main(ZygoteInit.java:858)

08-05 16:39:40.936  5650  5650 I LSPosed-Bridge: 5650 PermLabel hookBinder_test 10147 interfaceBinder =android.app.IActivityManager; arg0 = 11; arg1 = android.os.Parcel@12eda85; arg2 = android.os.Parcel@6a8f3fc; arg3 = 0; res = true; stacktrace=java.lang.Exception

08-05 16:39:40.936  5650  5650 I LSPosed-Bridge: 	at com.example.permlabel.hookBinder_test$1.afterHookedMethod(hookBinder_test.java:70)

08-05 16:39:40.936  5650  5650 I LSPosed-Bridge: 	at de.robv.android.xposed.XposedBridge$AdditionalHookInfo.callback(Unknown Source:147)

08-05 16:39:40.936  5650  5650 I LSPosed-Bridge: 	at LSPHooker_.transact(Unknown Source:28)

08-05 16:39:40.936  5650  5650 I LSPosed-Bridge: 	at android.app.IActivityManager$Stub$Proxy.broadcastIntent(IActivityManager.java:3893)

08-05 16:39:40.936  5650  5650 I LSPosed-Bridge: 	at android.app.ContextImpl.sendBroadcast(ContextImpl.java:1009)

08-05 16:39:40.936  5650  5650 I LSPosed-Bridge: 	at android.content.ContextWrapper.sendBroadcast(ContextWrapper.java:444)

08-05 16:39:40.936  5650  5650 I LSPosed-Bridge: 	at android.content.ContextWrapper.sendBroadcast(ContextWrapper.java:444)

08-05 16:39:40.936  5650  5650 I LSPosed-Bridge: 	at com.alibaba.wireless.security.open.edgecomputing.ECMiscInfo$б.onActivityDestroyed(Unknown Source:7)

08-05 16:39:40.936  5650  5650 I LSPosed-Bridge: 	at android.app.Application.dispatchActivityDestroyed(Application.java:276)

08-05 16:39:40.936  5650  5650 I LSPosed-Bridge: 	at android.app.Activity.onDestroy(Activity.java:2002)

08-05 16:39:40.936  5650  5650 I LSPosed-Bridge: 	at androidx.fragment.app.FragmentActivity.onDestroy(FragmentActivity.java:1)

08-05 16:39:40.936  5650  5650 I LSPosed-Bridge: 	at androidx.appcompat.app.AppCompatActivity.onDestroy(AppCompatActivity.java:1)

08-05 16:39:40.936  5650  5650 I LSPosed-Bridge: 	at colorjoin.framework.activity.MageCommunicationActivity.onDestroy(MageCommunicationActivity.java:1)

08-05 16:39:40.936  5650  5650 I LSPosed-Bridge: 	at colorjoin.framework.activity.MageActivity.onDestroy(MageActivity.java:1)

08-05 16:39:40.936  5650  5650 I LSPosed-Bridge: 	at colorjoin.app.base.activities.ABActivity.onDestroy(ABActivity.java:2)

08-05 16:39:40.936  5650  5650 I LSPosed-Bridge: 	at com.baihe.libs.framework.template.activity.BHFActivityTitleContent.onDestroy(BHFActivityTitleContent.java:2)

08-05 16:39:40.936  5650  5650 I LSPosed-Bridge: 	at android.app.Activity.performDestroy(Activity.java:7395)

08-05 16:39:40.936  5650  5650 I LSPosed-Bridge: 	at android.app.Instrumentation.callActivityOnDestroy(Instrumentation.java:1307)

08-05 16:39:40.936  5650  5650 I LSPosed-Bridge: 	at android.app.ActivityThread.performDestroyActivity(ActivityThread.java:4444)

08-05 16:39:40.936  5650  5650 I LSPosed-Bridge: 	at android.app.ActivityThread.handleDestroyActivity(ActivityThread.java:4477)

08-05 16:39:40.936  5650  5650 I LSPosed-Bridge: 	at android.app.servertransaction.DestroyActivityItem.execute(DestroyActivityItem.java:39)

08-05 16:39:40.936  5650  5650 I LSPosed-Bridge: 	at android.app.servertransaction.TransactionExecutor.executeLifecycleState(TransactionExecutor.java:145)

08-05 16:39:40.936  5650  5650 I LSPosed-Bridge: 	at android.app.servertransaction.TransactionExecutor.execute(TransactionExecutor.java:70)

08-05 16:39:40.936  5650  5650 I LSPosed-Bridge: 	at android.app.ActivityThread$H.handleMessage(ActivityThread.java:1809)

08-05 16:39:40.936  5650  5650 I LSPosed-Bridge: 	at i.g.a.a.a.handleMessage(ActivityThreadCallback.java:4)

08-05 16:39:40.936  5650  5650 I LSPosed-Bridge: 	at android.os.Handler.dispatchMessage(Handler.java:102)

08-05 16:39:40.936  5650  5650 I LSPosed-Bridge: 	at android.os.Looper.loop(Looper.java:193)

08-05 16:39:40.936  5650  5650 I LSPosed-Bridge: 	at android.app.ActivityThread.main(ActivityThread.java:6692)

08-05 16:39:40.936  5650  5650 I LSPosed-Bridge: 	at java.lang.reflect.Method.invoke(Native Method)

08-05 16:39:40.936  5650  5650 I LSPosed-Bridge: 	at com.android.internal.os.RuntimeInit$MethodAndArgsCaller.run(RuntimeInit.java:493)

08-05 16:39:40.936  5650  5650 I LSPosed-Bridge: 	at com.android.internal.os.ZygoteInit.main(ZygoteInit.java:858)

08-05 16:39:40.936  1588  1857 I LSPosed-Bridge: 5650 PermLabel 10147 AMS.checkPermission: Binder.getCallingPid() = 5650; uid = 10147; Binder.getCallingUid() = 10147; getNameForUid: com.baihe; getPackagesForUid: [com.baihe]; permName: android.permission.GET_TASKS; type = 0; res = -1; stacktrace=java.lang.Exception

08-05 16:39:40.936  1588  1857 I LSPosed-Bridge: 	at com.example.permlabel.requirePerm$1$2.afterHookedMethod(requirePerm.java:139)

08-05 16:39:40.936  1588  1857 I LSPosed-Bridge: 	at de.robv.android.xposed.XposedBridge$AdditionalHookInfo.callback(Unknown Source:147)

08-05 16:39:40.936  1588  1857 I LSPosed-Bridge: 	at LSPHooker_.checkPermission(Unknown Source:25)

08-05 16:39:40.936  1588  1857 I LSPosed-Bridge: 	at com.android.server.am.ActivityManagerService.isGetTasksAllowed(ActivityManagerService.java:10902)

08-05 16:39:40.936  1588  1857 I LSPosed-Bridge: 	at com.android.server.am.ActivityManagerService.getRunningAppProcesses(ActivityManagerService.java:16139)

08-05 16:39:40.936  1588  1857 I LSPosed-Bridge: 	at android.app.IActivityManager$Stub.onTransact(IActivityManager.java:1088)

08-05 16:39:40.936  1588  1857 I LSPosed-Bridge: 	at com.android.server.am.ActivityManagerService.onTransact(ActivityManagerService.java:3346)

08-05 16:39:40.936  1588  1857 I LSPosed-Bridge: 	at android.os.Binder.execTransact(Binder.java:731)

08-05 16:39:44.144  1588  3146 I LSPosed-Bridge: 5650 PermLabel 10147 AMS.checkPermission: Binder.getCallingPid() = 5650; uid = 10147; Binder.getCallingUid() = 10147; getNameForUid: com.baihe; getPackagesForUid: [com.baihe]; permName: android.permission.GET_TASKS; type = 0; res = -1; stacktrace=java.lang.Exception

08-05 16:39:44.144  1588  3146 I LSPosed-Bridge: 	at com.example.permlabel.requirePerm$1$2.afterHookedMethod(requirePerm.java:139)

08-05 16:39:44.144  1588  3146 I LSPosed-Bridge: 	at de.robv.android.xposed.XposedBridge$AdditionalHookInfo.callback(Unknown Source:147)

08-05 16:39:44.144  1588  3146 I LSPosed-Bridge: 	at LSPHooker_.checkPermission(Unknown Source:25)

08-05 16:39:44.144  1588  3146 I LSPosed-Bridge: 	at com.android.server.am.ActivityManagerService.isGetTasksAllowed(ActivityManagerService.java:10902)

08-05 16:39:44.144  1588  3146 I LSPosed-Bridge: 	at com.android.server.am.ActivityManagerService.getServices(ActivityManagerService.java:20573)

08-05 16:39:44.144  1588  3146 I LSPosed-Bridge: 	at android.app.IActivityManager$Stub.onTransact(IActivityManager.java:1064)

08-05 16:39:44.144  1588  3146 I LSPosed-Bridge: 	at com.android.server.am.ActivityManagerService.onTransact(ActivityManagerService.java:3346)

08-05 16:39:44.144  1588  3146 I LSPosed-Bridge: 	at android.os.Binder.execTransact(Binder.java:731)

08-05 16:39:44.762  1588  3146 I LSPosed-Bridge: 5650 PermLabel 10147 AMS.checkPermission: Binder.getCallingPid() = 5650; uid = 10147; Binder.getCallingUid() = 10147; getNameForUid: com.baihe; getPackagesForUid: [com.baihe]; permName: android.permission.GET_TASKS; type = 0; res = -1; stacktrace=java.lang.Exception

08-05 16:39:44.762  1588  3146 I LSPosed-Bridge: 	at com.example.permlabel.requirePerm$1$2.afterHookedMethod(requirePerm.java:139)

08-05 16:39:44.762  1588  3146 I LSPosed-Bridge: 	at de.robv.android.xposed.XposedBridge$AdditionalHookInfo.callback(Unknown Source:147)

08-05 16:39:44.762  1588  3146 I LSPosed-Bridge: 	at LSPHooker_.checkPermission(Unknown Source:25)

08-05 16:39:44.762  1588  3146 I LSPosed-Bridge: 	at com.android.server.am.ActivityManagerService.isGetTasksAllowed(ActivityManagerService.java:10902)

08-05 16:39:44.762  1588  3146 I LSPosed-Bridge: 	at com.android.server.am.ActivityManagerService.getRunningAppProcesses(ActivityManagerService.java:16139)

08-05 16:39:44.762  1588  3146 I LSPosed-Bridge: 	at android.app.IActivityManager$Stub.onTransact(IActivityManager.java:1088)

08-05 16:39:44.762  1588  3146 I LSPosed-Bridge: 	at com.android.server.am.ActivityManagerService.onTransact(ActivityManagerService.java:3346)

08-05 16:39:44.762  1588  3146 I LSPosed-Bridge: 	at android.os.Binder.execTransact(Binder.java:731)

08-05 16:39:44.762  5650  9182 I LSPosed-Bridge: 5650 PermLabel hookBinder_test 10147 interfaceBinder =android.app.IActivityManager; arg0 = 81; arg1 = android.os.Parcel@932334f; arg2 = android.os.Parcel@41c1adc; arg3 = 0; res = true; stacktrace=java.lang.Exception

08-05 16:39:44.762  5650  9182 I LSPosed-Bridge: 	at com.example.permlabel.hookBinder_test$1.afterHookedMethod(hookBinder_test.java:70)

08-05 16:39:44.762  5650  9182 I LSPosed-Bridge: 	at de.robv.android.xposed.XposedBridge$AdditionalHookInfo.callback(Unknown Source:147)

08-05 16:39:44.762  5650  9182 I LSPosed-Bridge: 	at LSPHooker_.transact(Unknown Source:28)

08-05 16:39:44.762  5650  9182 I LSPosed-Bridge: 	at android.app.IActivityManager$Stub$Proxy.getRunningAppProcesses(IActivityManager.java:5366)

08-05 16:39:44.762  5650  9182 I LSPosed-Bridge: 	at android.app.ActivityManager.getRunningAppProcesses(ActivityManager.java:3435)

08-05 16:39:44.762  5650  9182 I LSPosed-Bridge: 	at java.lang.reflect.Method.invoke(Native Method)

08-05 16:39:44.762  5650  9182 I LSPosed-Bridge: 	at org.lsposed.lspd.nativebridge.HookBridge.invokeOriginalMethod(Native Method)

08-05 16:39:44.762  5650  9182 I LSPosed-Bridge: 	at de.robv.android.xposed.XposedBridge$AdditionalHookInfo.callback(Unknown Source:110)

08-05 16:39:44.762  5650  9182 I LSPosed-Bridge: 	at LSPHooker_.getRunningAppProcesses(Unknown Source:8)

08-05 16:39:44.762  5650  9182 I LSPosed-Bridge: 	at com.alibaba.wireless.security.open.edgecomputing.ECMiscInfo.isBackgroundNew(Unknown Source:8)

08-05 16:39:44.762  5650  9182 I LSPosed-Bridge: 	at com.alibaba.wireless.security.open.edgecomputing.ECMiscInfo$а.run(Unknown Source:18)

08-05 16:39:44.762  5650  9182 I LSPosed-Bridge: 	at android.os.Handler.handleCallback(Handler.java:873)

08-05 16:39:44.762  5650  9182 I LSPosed-Bridge: 	at android.os.Handler.dispatchMessage(Handler.java:99)

08-05 16:39:44.762  5650  9182 I LSPosed-Bridge: 	at android.os.Looper.loop(Looper.java:193)

08-05 16:39:44.762  5650  9182 I LSPosed-Bridge: 	at android.os.HandlerThread.run(HandlerThread.java:65)

08-05 16:39:44.762  5650  5650 I LSPosed-Bridge: 5650 PermLabel hookBinder_test 10147 interfaceBinder =android.view.accessibility.IAccessibilityInteractionConnectionCallback; arg0 = 2; arg1 = android.os.Parcel@17b73b0; arg2 = null; arg3 = 1; res = true; stacktrace=java.lang.Exception

08-05 16:39:44.762  5650  5650 I LSPosed-Bridge: 	at com.example.permlabel.hookBinder_test$1.afterHookedMethod(hookBinder_test.java:70)

08-05 16:39:44.762  5650  5650 I LSPosed-Bridge: 	at de.robv.android.xposed.XposedBridge$AdditionalHookInfo.callback(Unknown Source:147)

08-05 16:39:44.762  5650  5650 I LSPosed-Bridge: 	at LSPHooker_.transact(Unknown Source:28)

08-05 16:39:44.762  5650  5650 I LSPosed-Bridge: 	at android.view.accessibility.IAccessibilityInteractionConnectionCallback$Stub$Proxy.setFindAccessibilityNodeInfosResult(IAccessibilityInteractionConnectionCallback.java:146)

08-05 16:39:44.762  5650  5650 I LSPosed-Bridge: 	at android.view.AccessibilityInteractionController.updateInfosForViewportAndReturnFindNodeResult(AccessibilityInteractionController.java:869)

08-05 16:39:44.762  5650  5650 I LSPosed-Bridge: 	at android.view.AccessibilityInteractionController.findAccessibilityNodeInfoByAccessibilityIdUiThread(AccessibilityInteractionController.java:340)

08-05 16:39:44.762  5650  5650 I LSPosed-Bridge: 	at android.view.AccessibilityInteractionController.access$400(AccessibilityInteractionController.java:67)

08-05 16:39:44.762  5650  5650 I LSPosed-Bridge: 	at android.view.AccessibilityInteractionController$PrivateHandler.handleMessage(AccessibilityInteractionController.java:1324)

08-05 16:39:44.762  5650  5650 I LSPosed-Bridge: 	at android.os.Handler.dispatchMessage(Handler.java:106)

08-05 16:39:44.762  5650  5650 I LSPosed-Bridge: 	at android.os.Looper.loop(Looper.java:193)

08-05 16:39:44.762  5650  5650 I LSPosed-Bridge: 	at android.app.ActivityThread.main(ActivityThread.java:6692)

08-05 16:39:44.762  5650  5650 I LSPosed-Bridge: 	at java.lang.reflect.Method.invoke(Native Method)

08-05 16:39:44.762  5650  5650 I LSPosed-Bridge: 	at com.android.internal.os.RuntimeInit$MethodAndArgsCaller.run(RuntimeInit.java:493)

08-05 16:39:44.762  5650  5650 I LSPosed-Bridge: 	at com.android.internal.os.ZygoteInit.main(ZygoteInit.java:858)

08-05 16:39:47.682  1588  7051 I LSPosed-Bridge: 5650 PermLabel 10147 AMS.checkPermission: Binder.getCallingPid() = 5650; uid = 10147; Binder.getCallingUid() = 10147; getNameForUid: com.baihe; getPackagesForUid: [com.baihe]; permName: android.permission.GET_TASKS; type = 0; res = -1; stacktrace=java.lang.Exception

08-05 16:39:47.682  1588  7051 I LSPosed-Bridge: 	at com.example.permlabel.requirePerm$1$2.afterHookedMethod(requirePerm.java:139)

08-05 16:39:47.682  1588  7051 I LSPosed-Bridge: 	at de.robv.android.xposed.XposedBridge$AdditionalHookInfo.callback(Unknown Source:147)

08-05 16:39:47.682  1588  7051 I LSPosed-Bridge: 	at LSPHooker_.checkPermission(Unknown Source:25)

08-05 16:39:47.682  1588  7051 I LSPosed-Bridge: 	at com.android.server.am.ActivityManagerService.isGetTasksAllowed(ActivityManagerService.java:10902)

08-05 16:39:47.682  1588  7051 I LSPosed-Bridge: 	at com.android.server.am.ActivityManagerService.getServices(ActivityManagerService.java:20573)

08-05 16:39:47.682  1588  7051 I LSPosed-Bridge: 	at android.app.IActivityManager$Stub.onTransact(IActivityManager.java:1064)

08-05 16:39:47.682  1588  7051 I LSPosed-Bridge: 	at com.android.server.am.ActivityManagerService.onTransact(ActivityManagerService.java:3346)

08-05 16:39:47.682  1588  7051 I LSPosed-Bridge: 	at android.os.Binder.execTransact(Binder.java:731)

08-05 16:39:48.206  5650  5650 I LSPosed-Bridge: 5650 PermLabel hookBinder_test 10147 interfaceBinder =android.app.IActivityManager; arg0 = 11; arg1 = android.os.Parcel@41c1adc; arg2 = android.os.Parcel@f8edaf3; arg3 = 0; res = true; stacktrace=java.lang.Exception

08-05 16:39:48.206  5650  5650 I LSPosed-Bridge: 	at com.example.permlabel.hookBinder_test$1.afterHookedMethod(hookBinder_test.java:70)

08-05 16:39:48.206  5650  5650 I LSPosed-Bridge: 	at de.robv.android.xposed.XposedBridge$AdditionalHookInfo.callback(Unknown Source:147)

08-05 16:39:48.206  5650  5650 I LSPosed-Bridge: 	at LSPHooker_.transact(Unknown Source:28)

08-05 16:39:48.206  5650  5650 I LSPosed-Bridge: 	at android.app.IActivityManager$Stub$Proxy.broadcastIntent(IActivityManager.java:3893)

08-05 16:39:48.206  5650  5650 I LSPosed-Bridge: 	at android.app.ContextImpl.sendBroadcast(ContextImpl.java:1009)

08-05 16:39:48.206  5650  5650 I LSPosed-Bridge: 	at android.content.ContextWrapper.sendBroadcast(ContextWrapper.java:444)

08-05 16:39:48.206  5650  5650 I LSPosed-Bridge: 	at android.content.ContextWrapper.sendBroadcast(ContextWrapper.java:444)

08-05 16:39:48.206  5650  5650 I LSPosed-Bridge: 	at com.alibaba.wireless.security.open.edgecomputing.ECMiscInfo$б.onActivityDestroyed(Unknown Source:7)

08-05 16:39:48.206  5650  5650 I LSPosed-Bridge: 	at android.app.Application.dispatchActivityDestroyed(Application.java:276)

08-05 16:39:48.206  5650  5650 I LSPosed-Bridge: 	at android.app.Activity.onDestroy(Activity.java:2002)

08-05 16:39:48.206  5650  5650 I LSPosed-Bridge: 	at androidx.fragment.app.FragmentActivity.onDestroy(FragmentActivity.java:1)

08-05 16:39:48.206  5650  5650 I LSPosed-Bridge: 	at androidx.appcompat.app.AppCompatActivity.onDestroy(AppCompatActivity.java:1)

08-05 16:39:48.206  5650  5650 I LSPosed-Bridge: 	at colorjoin.framework.activity.MageCommunicationActivity.onDestroy(MageCommunicationActivity.java:1)

08-05 16:39:48.206  5650  5650 I LSPosed-Bridge: 	at colorjoin.framework.activity.MageActivity.onDestroy(MageActivity.java:1)

08-05 16:39:48.206  5650  5650 I LSPosed-Bridge: 	at colorjoin.app.base.activities.ABActivity.onDestroy(ABActivity.java:2)

08-05 16:39:48.206  5650  5650 I LSPosed-Bridge: 	at com.baihe.libs.framework.template.activity.BHFActivityTitleContent.onDestroy(BHFActivityTitleContent.java:2)

08-05 16:39:48.206  5650  5650 I LSPosed-Bridge: 	at android.app.Activity.performDestroy(Activity.java:7395)

08-05 16:39:48.206  5650  5650 I LSPosed-Bridge: 	at android.app.Instrumentation.callActivityOnDestroy(Instrumentation.java:1307)

08-05 16:39:48.206  5650  5650 I LSPosed-Bridge: 	at android.app.ActivityThread.performDestroyActivity(ActivityThread.java:4444)

08-05 16:39:48.206  5650  5650 I LSPosed-Bridge: 	at android.app.ActivityThread.handleDestroyActivity(ActivityThread.java:4477)

08-05 16:39:48.206  5650  5650 I LSPosed-Bridge: 	at android.app.servertransaction.DestroyActivityItem.execute(DestroyActivityItem.java:39)

08-05 16:39:48.206  5650  5650 I LSPosed-Bridge: 	at android.app.servertransaction.TransactionExecutor.executeLifecycleState(TransactionExecutor.java:145)

08-05 16:39:48.206  5650  5650 I LSPosed-Bridge: 	at android.app.servertransaction.TransactionExecutor.execute(TransactionExecutor.java:70)

08-05 16:39:48.206  5650  5650 I LSPosed-Bridge: 	at android.app.ActivityThread$H.handleMessage(ActivityThread.java:1809)

08-05 16:39:48.206  5650  5650 I LSPosed-Bridge: 	at i.g.a.a.a.handleMessage(ActivityThreadCallback.java:4)

08-05 16:39:48.206  5650  5650 I LSPosed-Bridge: 	at android.os.Handler.dispatchMessage(Handler.java:102)

08-05 16:39:48.206  5650  5650 I LSPosed-Bridge: 	at android.os.Looper.loop(Looper.java:193)

08-05 16:39:48.206  5650  5650 I LSPosed-Bridge: 	at android.app.ActivityThread.main(ActivityThread.java:6692)

08-05 16:39:48.206  5650  5650 I LSPosed-Bridge: 	at java.lang.reflect.Method.invoke(Native Method)

08-05 16:39:48.206  5650  5650 I LSPosed-Bridge: 	at com.android.internal.os.RuntimeInit$MethodAndArgsCaller.run(RuntimeInit.java:493)

08-05 16:39:48.206  5650  5650 I LSPosed-Bridge: 	at com.android.internal.os.ZygoteInit.main(ZygoteInit.java:858)

08-05 16:39:48.206  1588  1857 I LSPosed-Bridge: 5650 PermLabel 10147 AMS.checkPermission: Binder.getCallingPid() = 5650; uid = 10147; Binder.getCallingUid() = 10147; getNameForUid: com.baihe; getPackagesForUid: [com.baihe]; permName: android.permission.GET_TASKS; type = 0; res = -1; stacktrace=java.lang.Exception

08-05 16:39:48.206  1588  1857 I LSPosed-Bridge: 	at com.example.permlabel.requirePerm$1$2.afterHookedMethod(requirePerm.java:139)

08-05 16:39:48.206  1588  1857 I LSPosed-Bridge: 	at de.robv.android.xposed.XposedBridge$AdditionalHookInfo.callback(Unknown Source:147)

08-05 16:39:48.206  1588  1857 I LSPosed-Bridge: 	at LSPHooker_.checkPermission(Unknown Source:25)

08-05 16:39:48.206  1588  1857 I LSPosed-Bridge: 	at com.android.server.am.ActivityManagerService.isGetTasksAllowed(ActivityManagerService.java:10902)

08-05 16:39:48.206  1588  1857 I LSPosed-Bridge: 	at com.android.server.am.ActivityManagerService.getRunningAppProcesses(ActivityManagerService.java:16139)

08-05 16:39:48.206  1588  1857 I LSPosed-Bridge: 	at android.app.IActivityManager$Stub.onTransact(IActivityManager.java:1088)

08-05 16:39:48.206  1588  1857 I LSPosed-Bridge: 	at com.android.server.am.ActivityManagerService.onTransact(ActivityManagerService.java:3346)

08-05 16:39:48.206  1588  1857 I LSPosed-Bridge: 	at android.os.Binder.execTransact(Binder.java:731)

08-05 16:39:51.273  1588  9603 I LSPosed-Bridge: 5650 PermLabel 10147 AMS.checkPermission: Binder.getCallingPid() = 5650; uid = 10147; Binder.getCallingUid() = 10147; getNameForUid: com.baihe; getPackagesForUid: [com.baihe]; permName: android.permission.GET_TASKS; type = 0; res = -1; stacktrace=java.lang.Exception

08-05 16:39:51.273  1588  9603 I LSPosed-Bridge: 	at com.example.permlabel.requirePerm$1$2.afterHookedMethod(requirePerm.java:139)

08-05 16:39:51.273  1588  9603 I LSPosed-Bridge: 	at de.robv.android.xposed.XposedBridge$AdditionalHookInfo.callback(Unknown Source:147)

08-05 16:39:51.273  1588  9603 I LSPosed-Bridge: 	at LSPHooker_.checkPermission(Unknown Source:25)

08-05 16:39:51.273  1588  9603 I LSPosed-Bridge: 	at com.android.server.am.ActivityManagerService.isGetTasksAllowed(ActivityManagerService.java:10902)

08-05 16:39:51.273  1588  9603 I LSPosed-Bridge: 	at com.android.server.am.ActivityManagerService.getServices(ActivityManagerService.java:20573)

08-05 16:39:51.273  1588  9603 I LSPosed-Bridge: 	at android.app.IActivityManager$Stub.onTransact(IActivityManager.java:1064)

08-05 16:39:51.273  1588  9603 I LSPosed-Bridge: 	at com.android.server.am.ActivityManagerService.onTransact(ActivityManagerService.java:3346)

08-05 16:39:51.273  1588  9603 I LSPosed-Bridge: 	at android.os.Binder.execTransact(Binder.java:731)

08-05 16:39:51.847  1588  9567 I LSPosed-Bridge: 5650 PermLabel 10147 AMS.checkPermission: Binder.getCallingPid() = 5650; uid = 10147; Binder.getCallingUid() = 10147; getNameForUid: com.baihe; getPackagesForUid: [com.baihe]; permName: android.permission.GET_TASKS; type = 0; res = -1; stacktrace=java.lang.Exception

08-05 16:39:51.847  1588  9567 I LSPosed-Bridge: 	at com.example.permlabel.requirePerm$1$2.afterHookedMethod(requirePerm.java:139)

08-05 16:39:51.847  1588  9567 I LSPosed-Bridge: 	at de.robv.android.xposed.XposedBridge$AdditionalHookInfo.callback(Unknown Source:147)

08-05 16:39:51.847  1588  9567 I LSPosed-Bridge: 	at LSPHooker_.checkPermission(Unknown Source:25)

08-05 16:39:51.847  1588  9567 I LSPosed-Bridge: 	at com.android.server.am.ActivityManagerService.isGetTasksAllowed(ActivityManagerService.java:10902)

08-05 16:39:51.847  1588  9567 I LSPosed-Bridge: 	at com.android.server.am.ActivityManagerService.getRunningAppProcesses(ActivityManagerService.java:16139)

08-05 16:39:51.847  1588  9567 I LSPosed-Bridge: 	at android.app.IActivityManager$Stub.onTransact(IActivityManager.java:1088)

08-05 16:39:51.847  1588  9567 I LSPosed-Bridge: 	at com.android.server.am.ActivityManagerService.onTransact(ActivityManagerService.java:3346)

08-05 16:39:51.847  1588  9567 I LSPosed-Bridge: 	at android.os.Binder.execTransact(Binder.java:731)

08-05 16:39:51.847  5650  9182 I LSPosed-Bridge: 5650 PermLabel hookBinder_test 10147 interfaceBinder =android.app.IActivityManager; arg0 = 81; arg1 = android.os.Parcel@1715b2a; arg2 = android.os.Parcel@f8edaf3; arg3 = 0; res = true; stacktrace=java.lang.Exception

08-05 16:39:51.847  5650  9182 I LSPosed-Bridge: 	at com.example.permlabel.hookBinder_test$1.afterHookedMethod(hookBinder_test.java:70)

08-05 16:39:51.847  5650  9182 I LSPosed-Bridge: 	at de.robv.android.xposed.XposedBridge$AdditionalHookInfo.callback(Unknown Source:147)

08-05 16:39:51.847  5650  9182 I LSPosed-Bridge: 	at LSPHooker_.transact(Unknown Source:28)

08-05 16:39:51.847  5650  9182 I LSPosed-Bridge: 	at android.app.IActivityManager$Stub$Proxy.getRunningAppProcesses(IActivityManager.java:5366)

08-05 16:39:51.847  5650  9182 I LSPosed-Bridge: 	at android.app.ActivityManager.getRunningAppProcesses(ActivityManager.java:3435)

08-05 16:39:51.847  5650  9182 I LSPosed-Bridge: 	at java.lang.reflect.Method.invoke(Native Method)

08-05 16:39:51.847  5650  9182 I LSPosed-Bridge: 	at org.lsposed.lspd.nativebridge.HookBridge.invokeOriginalMethod(Native Method)

08-05 16:39:51.847  5650  9182 I LSPosed-Bridge: 	at de.robv.android.xposed.XposedBridge$AdditionalHookInfo.callback(Unknown Source:110)

08-05 16:39:51.847  5650  9182 I LSPosed-Bridge: 	at LSPHooker_.getRunningAppProcesses(Unknown Source:8)

08-05 16:39:51.847  5650  9182 I LSPosed-Bridge: 	at com.alibaba.wireless.security.open.edgecomputing.ECMiscInfo.isBackgroundNew(Unknown Source:8)

08-05 16:39:51.847  5650  9182 I LSPosed-Bridge: 	at com.alibaba.wireless.security.open.edgecomputing.ECMiscInfo$а.run(Unknown Source:18)

08-05 16:39:51.847  5650  9182 I LSPosed-Bridge: 	at android.os.Handler.handleCallback(Handler.java:873)

08-05 16:39:51.847  5650  9182 I LSPosed-Bridge: 	at android.os.Handler.dispatchMessage(Handler.java:99)

08-05 16:39:51.847  5650  9182 I LSPosed-Bridge: 	at android.os.Looper.loop(Looper.java:193)

08-05 16:39:51.847  5650  9182 I LSPosed-Bridge: 	at android.os.HandlerThread.run(HandlerThread.java:65)

08-05 16:39:54.974  1588  3146 I LSPosed-Bridge: 5650 PermLabel 10147 AMS.checkPermission: Binder.getCallingPid() = 5650; uid = 10147; Binder.getCallingUid() = 10147; getNameForUid: com.baihe; getPackagesForUid: [com.baihe]; permName: android.permission.GET_TASKS; type = 0; res = -1; stacktrace=java.lang.Exception

08-05 16:39:54.974  1588  3146 I LSPosed-Bridge: 	at com.example.permlabel.requirePerm$1$2.afterHookedMethod(requirePerm.java:139)

08-05 16:39:54.974  1588  3146 I LSPosed-Bridge: 	at de.robv.android.xposed.XposedBridge$AdditionalHookInfo.callback(Unknown Source:147)

08-05 16:39:54.974  1588  3146 I LSPosed-Bridge: 	at LSPHooker_.checkPermission(Unknown Source:25)

08-05 16:39:54.974  1588  3146 I LSPosed-Bridge: 	at com.android.server.am.ActivityManagerService.isGetTasksAllowed(ActivityManagerService.java:10902)

08-05 16:39:54.974  1588  3146 I LSPosed-Bridge: 	at com.android.server.am.ActivityManagerService.getServices(ActivityManagerService.java:20573)

08-05 16:39:54.974  1588  3146 I LSPosed-Bridge: 	at android.app.IActivityManager$Stub.onTransact(IActivityManager.java:1064)

08-05 16:39:54.974  1588  3146 I LSPosed-Bridge: 	at com.android.server.am.ActivityManagerService.onTransact(ActivityManagerService.java:3346)

08-05 16:39:54.974  1588  3146 I LSPosed-Bridge: 	at android.os.Binder.execTransact(Binder.java:731)

08-05 16:39:54.974   555   555 I ConfigStore: android::hardware::configstore::V1_0::ISurfaceFlingerConfigs::hasHDRDisplay retrieved: 0

08-05 16:39:55.508  1588  9567 I LSPosed-Bridge: 5650 PermLabel 10147 AMS.checkPermission: Binder.getCallingPid() = 5650; uid = 10147; Binder.getCallingUid() = 10147; getNameForUid: com.baihe; getPackagesForUid: [com.baihe]; permName: android.permission.GET_TASKS; type = 0; res = -1; stacktrace=java.lang.Exception

08-05 16:39:55.508  1588  9567 I LSPosed-Bridge: 	at com.example.permlabel.requirePerm$1$2.afterHookedMethod(requirePerm.java:139)

08-05 16:39:55.508  1588  9567 I LSPosed-Bridge: 	at de.robv.android.xposed.XposedBridge$AdditionalHookInfo.callback(Unknown Source:147)

08-05 16:39:55.508  1588  9567 I LSPosed-Bridge: 	at LSPHooker_.checkPermission(Unknown Source:25)

08-05 16:39:55.508  1588  9567 I LSPosed-Bridge: 	at com.android.server.am.ActivityManagerService.isGetTasksAllowed(ActivityManagerService.java:10902)

08-05 16:39:55.508  1588  9567 I LSPosed-Bridge: 	at com.android.server.am.ActivityManagerService.getRunningAppProcesses(ActivityManagerService.java:16139)

08-05 16:39:55.508  1588  9567 I LSPosed-Bridge: 	at android.app.IActivityManager$Stub.onTransact(IActivityManager.java:1088)

08-05 16:39:55.508  1588  9567 I LSPosed-Bridge: 	at com.android.server.am.ActivityManagerService.onTransact(ActivityManagerService.java:3346)

08-05 16:39:55.508  1588  9567 I LSPosed-Bridge: 	at android.os.Binder.execTransact(Binder.java:731)

08-05 16:39:55.508  5650  9182 I LSPosed-Bridge: 5650 PermLabel hookBinder_test 10147 interfaceBinder =android.app.IActivityManager; arg0 = 81; arg1 = android.os.Parcel@e9e7491; arg2 = android.os.Parcel@78bd012; arg3 = 0; res = true; stacktrace=java.lang.Exception

08-05 16:39:55.508  5650  9182 I LSPosed-Bridge: 	at com.example.permlabel.hookBinder_test$1.afterHookedMethod(hookBinder_test.java:70)

08-05 16:39:55.508  5650  9182 I LSPosed-Bridge: 	at de.robv.android.xposed.XposedBridge$AdditionalHookInfo.callback(Unknown Source:147)

08-05 16:39:55.508  5650  9182 I LSPosed-Bridge: 	at LSPHooker_.transact(Unknown Source:28)

08-05 16:39:55.508  5650  9182 I LSPosed-Bridge: 	at android.app.IActivityManager$Stub$Proxy.getRunningAppProcesses(IActivityManager.java:5366)

08-05 16:39:55.508  5650  9182 I LSPosed-Bridge: 	at android.app.ActivityManager.getRunningAppProcesses(ActivityManager.java:3435)

08-05 16:39:55.508  5650  9182 I LSPosed-Bridge: 	at java.lang.reflect.Method.invoke(Native Method)

08-05 16:39:55.508  5650  9182 I LSPosed-Bridge: 	at org.lsposed.lspd.nativebridge.HookBridge.invokeOriginalMethod(Native Method)

08-05 16:39:55.508  5650  9182 I LSPosed-Bridge: 	at de.robv.android.xposed.XposedBridge$AdditionalHookInfo.callback(Unknown Source:110)

08-05 16:39:55.508  5650  9182 I LSPosed-Bridge: 	at LSPHooker_.getRunningAppProcesses(Unknown Source:8)

08-05 16:39:55.508  5650  9182 I LSPosed-Bridge: 	at com.alibaba.wireless.security.open.edgecomputing.ECMiscInfo.isBackgroundNew(Unknown Source:8)

08-05 16:39:55.508  5650  9182 I LSPosed-Bridge: 	at com.alibaba.wireless.security.open.edgecomputing.ECMiscInfo$а.run(Unknown Source:18)

08-05 16:39:55.508  5650  9182 I LSPosed-Bridge: 	at android.os.Handler.handleCallback(Handler.java:873)

08-05 16:39:55.508  5650  9182 I LSPosed-Bridge: 	at android.os.Handler.dispatchMessage(Handler.java:99)

08-05 16:39:55.508  5650  9182 I LSPosed-Bridge: 	at android.os.Looper.loop(Looper.java:193)

08-05 16:39:55.508  5650  9182 I LSPosed-Bridge: 	at android.os.HandlerThread.run(HandlerThread.java:65)

08-05 16:39:55.508  5650  9182 I LSPosed-Bridge: 5650 PermLabel getRunningAppProcesses =android.app.ActivityManager$RunningAppProcessInfo@6c341e0

08-05 16:39:55.508  5650  9182 I LSPosed-Bridge: 5650 PermLabel getRunningAppProcesses processName: com.baihe pid: 5650

08-05 16:39:58.752  1588  3146 I LSPosed-Bridge: 5650 PermLabel 10147 AMS.checkPermission: Binder.getCallingPid() = 5650; uid = 10147; Binder.getCallingUid() = 10147; getNameForUid: com.baihe; getPackagesForUid: [com.baihe]; permName: android.permission.GET_TASKS; type = 0; res = -1; stacktrace=java.lang.Exception

08-05 16:39:58.752  1588  3146 I LSPosed-Bridge: 	at com.example.permlabel.requirePerm$1$2.afterHookedMethod(requirePerm.java:139)

08-05 16:39:58.752  1588  3146 I LSPosed-Bridge: 	at de.robv.android.xposed.XposedBridge$AdditionalHookInfo.callback(Unknown Source:147)

08-05 16:39:58.752  1588  3146 I LSPosed-Bridge: 	at LSPHooker_.checkPermission(Unknown Source:25)

08-05 16:39:58.752  1588  3146 I LSPosed-Bridge: 	at com.android.server.am.ActivityManagerService.isGetTasksAllowed(ActivityManagerService.java:10902)

08-05 16:39:58.752  1588  3146 I LSPosed-Bridge: 	at com.android.server.am.ActivityManagerService.getServices(ActivityManagerService.java:20573)

08-05 16:39:58.752  1588  3146 I LSPosed-Bridge: 	at android.app.IActivityManager$Stub.onTransact(IActivityManager.java:1064)

08-05 16:39:58.752  1588  3146 I LSPosed-Bridge: 	at com.android.server.am.ActivityManagerService.onTransact(ActivityManagerService.java:3346)

08-05 16:39:58.752  1588  3146 I LSPosed-Bridge: 	at android.os.Binder.execTransact(Binder.java:731)

08-05 16:39:59.324  1588  9558 I LSPosed-Bridge: 5650 PermLabel 10147 AMS.checkPermission: Binder.getCallingPid() = 5650; uid = 10147; Binder.getCallingUid() = 10147; getNameForUid: com.baihe; getPackagesForUid: [com.baihe]; permName: android.permission.GET_TASKS; type = 0; res = -1; stacktrace=java.lang.Exception

08-05 16:39:59.324  1588  9558 I LSPosed-Bridge: 	at com.example.permlabel.requirePerm$1$2.afterHookedMethod(requirePerm.java:139)

08-05 16:39:59.324  1588  9558 I LSPosed-Bridge: 	at de.robv.android.xposed.XposedBridge$AdditionalHookInfo.callback(Unknown Source:147)

08-05 16:39:59.324  1588  9558 I LSPosed-Bridge: 	at LSPHooker_.checkPermission(Unknown Source:25)

08-05 16:39:59.324  1588  9558 I LSPosed-Bridge: 	at com.android.server.am.ActivityManagerService.isGetTasksAllowed(ActivityManagerService.java:10902)

08-05 16:39:59.324  1588  9558 I LSPosed-Bridge: 	at com.android.server.am.ActivityManagerService.getRunningAppProcesses(ActivityManagerService.java:16139)

08-05 16:39:59.324  1588  9558 I LSPosed-Bridge: 	at android.app.IActivityManager$Stub.onTransact(IActivityManager.java:1088)

08-05 16:39:59.324  1588  9558 I LSPosed-Bridge: 	at com.android.server.am.ActivityManagerService.onTransact(ActivityManagerService.java:3346)

08-05 16:39:59.324  1588  9558 I LSPosed-Bridge: 	at android.os.Binder.execTransact(Binder.java:731)

08-05 16:40:11.731 14663 14738 W System.err: 	at o.k.a.b1.s.b.g(SourceFile:2)

08-05 16:40:11.731 14663 14738 W System.err: 	at o.k.a.b1.s.d.run(SourceFile:3)

08-05 16:40:11.731 14663 14738 W System.err: 	at java.util.concurrent.ThreadPoolExecutor.runWorker(ThreadPoolExecutor.java:1167)

08-05 16:40:11.731 14663 14738 W System.err: 	at java.util.concurrent.ThreadPoolExecutor$Worker.run(ThreadPoolExecutor.java:641)

08-05 16:40:11.731 14663 14738 W System.err: 	at java.lang.Thread.run(Thread.java:764)

08-05 16:40:11.731 14663 14738 W System.err: Caused by: java.lang.UnsupportedOperationException: Shame on you for calling the hidden API getPackageSizeInfoAsUser(). Shame!

08-05 16:40:11.731 14663 14738 W System.err: 	at android.app.ApplicationPackageManager.getPackageSizeInfoAsUser(ApplicationPackageManager.java:2220)

08-05 16:40:11.731 14663 14738 W System.err: 	at android.content.pm.PackageManager.getPackageSizeInfo(PackageManager.java:5517)

08-05 16:40:11.731 14663 14738 W System.err: 	... 7 more

08-05 16:40:11.731  1588  9558 I LSPosed-Bridge: 5650 PermLabel 10147 AMS.checkPermission: Binder.getCallingPid() = 5650; uid = 10147; Binder.getCallingUid() = 10147; getNameForUid: com.baihe; getPackagesForUid: [com.baihe]; permName: android.permission.GET_TASKS; type = 0; res = -1; stacktrace=java.lang.Exception

08-05 16:40:11.731  1588  9558 I LSPosed-Bridge: 	at com.example.permlabel.requirePerm$1$2.afterHookedMethod(requirePerm.java:139)

08-05 16:40:11.731  1588  9558 I LSPosed-Bridge: 	at de.robv.android.xposed.XposedBridge$AdditionalHookInfo.callback(Unknown Source:147)

08-05 16:40:11.731  1588  9558 I LSPosed-Bridge: 	at LSPHooker_.checkPermission(Unknown Source:25)

08-05 16:40:11.731  1588  9558 I LSPosed-Bridge: 	at com.android.server.am.ActivityManagerService.isGetTasksAllowed(ActivityManagerService.java:10902)

08-05 16:40:11.731  1588  9558 I LSPosed-Bridge: 	at com.android.server.am.ActivityManagerService.getServices(ActivityManagerService.java:20573)

08-05 16:40:11.731  1588  9558 I LSPosed-Bridge: 	at android.app.IActivityManager$Stub.onTransact(IActivityManager.java:1064)

08-05 16:40:11.731  1588  9558 I LSPosed-Bridge: 	at com.android.server.am.ActivityManagerService.onTransact(ActivityManagerService.java:3346)

08-05 16:40:11.731  1588  9558 I LSPosed-Bridge: 	at android.os.Binder.execTransact(Binder.java:731)

08-05 16:40:12.234  1588  9390 I LSPosed-Bridge: 5650 PermLabel 10147 AMS.checkPermission: Binder.getCallingPid() = 5650; uid = 10147; Binder.getCallingUid() = 10147; getNameForUid: com.baihe; getPackagesForUid: [com.baihe]; permName: android.permission.GET_TASKS; type = 0; res = -1; stacktrace=java.lang.Exception

08-05 16:40:12.234  1588  9390 I LSPosed-Bridge: 	at com.example.permlabel.requirePerm$1$2.afterHookedMethod(requirePerm.java:139)

08-05 16:40:12.234  1588  9390 I LSPosed-Bridge: 	at de.robv.android.xposed.XposedBridge$AdditionalHookInfo.callback(Unknown Source:147)

08-05 16:40:12.234  1588  9390 I LSPosed-Bridge: 	at LSPHooker_.checkPermission(Unknown Source:25)

08-05 16:40:12.234  1588  9390 I LSPosed-Bridge: 	at com.android.server.am.ActivityManagerService.isGetTasksAllowed(ActivityManagerService.java:10902)

08-05 16:40:12.234  1588  9390 I LSPosed-Bridge: 	at com.android.server.am.ActivityManagerService.getRunningAppProcesses(ActivityManagerService.java:16139)

08-05 16:40:12.234  1588  9390 I LSPosed-Bridge: 	at android.app.IActivityManager$Stub.onTransact(IActivityManager.java:1088)

08-05 16:40:12.234  1588  9390 I LSPosed-Bridge: 	at com.android.server.am.ActivityManagerService.onTransact(ActivityManagerService.java:3346)

08-05 16:40:12.234  1588  9390 I LSPosed-Bridge: 	at android.os.Binder.execTransact(Binder.java:731)

08-05 16:40:12.234  5650  5650 I LSPosed-Bridge: 5650 PermLabel hookBinder_test 10147 interfaceBinder =android.app.IActivityManager; arg0 = 11; arg1 = android.os.Parcel@b7ef349; arg2 = android.os.Parcel@6a4044e; arg3 = 0; res = true; stacktrace=java.lang.Exception

08-05 16:40:12.234  5650  5650 I LSPosed-Bridge: 	at com.example.permlabel.hookBinder_test$1.afterHookedMethod(hookBinder_test.java:70)

08-05 16:40:12.234  5650  5650 I LSPosed-Bridge: 	at de.robv.android.xposed.XposedBridge$AdditionalHookInfo.callback(Unknown Source:147)

08-05 16:40:12.234  5650  5650 I LSPosed-Bridge: 	at LSPHooker_.transact(Unknown Source:28)

08-05 16:40:12.234  5650  5650 I LSPosed-Bridge: 	at android.app.IActivityManager$Stub$Proxy.broadcastIntent(IActivityManager.java:3893)

08-05 16:40:12.234  5650  5650 I LSPosed-Bridge: 	at android.app.ContextImpl.sendBroadcast(ContextImpl.java:1009)

08-05 16:40:12.234  5650  5650 I LSPosed-Bridge: 	at android.content.ContextWrapper.sendBroadcast(ContextWrapper.java:444)

08-05 16:40:12.234  5650  5650 I LSPosed-Bridge: 	at android.content.ContextWrapper.sendBroadcast(ContextWrapper.java:444)

08-05 16:40:12.234  5650  5650 I LSPosed-Bridge: 	at com.alibaba.wireless.security.open.edgecomputing.ECMiscInfo$б.onActivityDestroyed(Unknown Source:7)

08-05 16:40:12.234  5650  5650 I LSPosed-Bridge: 	at android.app.Application.dispatchActivityDestroyed(Application.java:276)

08-05 16:40:12.234  5650  5650 I LSPosed-Bridge: 	at android.app.Activity.onDestroy(Activity.java:2002)

08-05 16:40:12.234  5650  5650 I LSPosed-Bridge: 	at androidx.fragment.app.FragmentActivity.onDestroy(FragmentActivity.java:1)

08-05 16:40:12.234  5650  5650 I LSPosed-Bridge: 	at androidx.appcompat.app.AppCompatActivity.onDestroy(AppCompatActivity.java:1)

08-05 16:40:12.234  5650  5650 I LSPosed-Bridge: 	at colorjoin.framework.activity.MageCommunicationActivity.onDestroy(MageCommunicationActivity.java:1)

08-05 16:40:12.234  5650  5650 I LSPosed-Bridge: 	at colorjoin.framework.activity.MageActivity.onDestroy(MageActivity.java:1)

08-05 16:40:12.234  5650  5650 I LSPosed-Bridge: 	at colorjoin.app.base.activities.ABActivity.onDestroy(ABActivity.java:2)

08-05 16:40:12.234  5650  5650 I LSPosed-Bridge: 	at com.baihe.libs.framework.template.activity.BHFActivityTitleContent.onDestroy(BHFActivityTitleContent.java:2)

08-05 16:40:12.234  5650  5650 I LSPosed-Bridge: 	at android.app.Activity.performDestroy(Activity.java:7395)

08-05 16:40:12.234  5650  5650 I LSPosed-Bridge: 	at android.app.Instrumentation.callActivityOnDestroy(Instrumentation.java:1307)

08-05 16:40:12.234  5650  5650 I LSPosed-Bridge: 	at android.app.ActivityThread.performDestroyActivity(ActivityThread.java:4444)

08-05 16:40:12.234  5650  5650 I LSPosed-Bridge: 	at android.app.ActivityThread.handleDestroyActivity(ActivityThread.java:4477)

08-05 16:40:12.234  5650  5650 I LSPosed-Bridge: 	at android.app.servertransaction.DestroyActivityItem.execute(DestroyActivityItem.java:39)

08-05 16:40:12.234  5650  5650 I LSPosed-Bridge: 	at android.app.servertransaction.TransactionExecutor.executeLifecycleState(TransactionExecutor.java:145)

08-05 16:40:12.234  5650  5650 I LSPosed-Bridge: 	at android.app.servertransaction.TransactionExecutor.execute(TransactionExecutor.java:70)

08-05 16:40:12.234  5650  5650 I LSPosed-Bridge: 	at android.app.ActivityThread$H.handleMessage(ActivityThread.java:1809)

08-05 16:40:12.234  5650  5650 I LSPosed-Bridge: 	at i.g.a.a.a.handleMessage(ActivityThreadCallback.java:4)

08-05 16:40:12.234  5650  5650 I LSPosed-Bridge: 	at android.os.Handler.dispatchMessage(Handler.java:102)

08-05 16:40:12.234  5650  5650 I LSPosed-Bridge: 	at android.os.Looper.loop(Looper.java:193)

08-05 16:40:12.234  5650  5650 I LSPosed-Bridge: 	at android.app.ActivityThread.main(ActivityThread.java:6692)

08-05 16:40:12.234  5650  5650 I LSPosed-Bridge: 	at java.lang.reflect.Method.invoke(Native Method)

08-05 16:40:12.234  5650  5650 I LSPosed-Bridge: 	at com.android.internal.os.RuntimeInit$MethodAndArgsCaller.run(RuntimeInit.java:493)

08-05 16:40:12.234  5650  5650 I LSPosed-Bridge: 	at com.android.internal.os.ZygoteInit.main(ZygoteInit.java:858)

08-05 16:40:22.193  1588  7051 I LSPosed-Bridge: 5650 PermLabel 10147 AMS.checkPermission: Binder.getCallingPid() = 5650; uid = 10147; Binder.getCallingUid() = 10147; getNameForUid: com.baihe; getPackagesForUid: [com.baihe]; permName: android.permission.GET_TASKS; type = 0; res = -1; stacktrace=java.lang.Exception

08-05 16:40:22.193  1588  7051 I LSPosed-Bridge: 	at com.example.permlabel.requirePerm$1$2.afterHookedMethod(requirePerm.java:139)

08-05 16:40:22.193  1588  7051 I LSPosed-Bridge: 	at de.robv.android.xposed.XposedBridge$AdditionalHookInfo.callback(Unknown Source:147)

08-05 16:40:22.193  1588  7051 I LSPosed-Bridge: 	at LSPHooker_.checkPermission(Unknown Source:25)

08-05 16:40:22.193  1588  7051 I LSPosed-Bridge: 	at com.android.server.am.ActivityManagerService.isGetTasksAllowed(ActivityManagerService.java:10902)

08-05 16:40:22.193  1588  7051 I LSPosed-Bridge: 	at com.android.server.am.ActivityManagerService.getServices(ActivityManagerService.java:20573)

08-05 16:40:22.193  1588  7051 I LSPosed-Bridge: 	at android.app.IActivityManager$Stub.onTransact(IActivityManager.java:1064)

08-05 16:40:22.193  1588  7051 I LSPosed-Bridge: 	at com.android.server.am.ActivityManagerService.onTransact(ActivityManagerService.java:3346)

08-05 16:40:22.193  1588  7051 I LSPosed-Bridge: 	at android.os.Binder.execTransact(Binder.java:731)

08-05 16:40:22.779  5650  5650 I LSPosed-Bridge: 5650 PermLabel hookBinder_test 10147 interfaceBinder =android.app.IActivityManager; arg0 = 11; arg1 = android.os.Parcel@d565c37; arg2 = android.os.Parcel@f095952; arg3 = 0; res = true; stacktrace=java.lang.Exception

08-05 16:40:22.779  5650  5650 I LSPosed-Bridge: 	at com.example.permlabel.hookBinder_test$1.afterHookedMethod(hookBinder_test.java:70)

08-05 16:40:22.779  5650  5650 I LSPosed-Bridge: 	at de.robv.android.xposed.XposedBridge$AdditionalHookInfo.callback(Unknown Source:147)

08-05 16:40:22.779  5650  5650 I LSPosed-Bridge: 	at LSPHooker_.transact(Unknown Source:28)

08-05 16:40:22.779  5650  5650 I LSPosed-Bridge: 	at android.app.IActivityManager$Stub$Proxy.broadcastIntent(IActivityManager.java:3893)

08-05 16:40:22.779  5650  5650 I LSPosed-Bridge: 	at android.app.ContextImpl.sendBroadcast(ContextImpl.java:1009)

08-05 16:40:22.779  5650  5650 I LSPosed-Bridge: 	at android.content.ContextWrapper.sendBroadcast(ContextWrapper.java:444)

08-05 16:40:22.779  5650  5650 I LSPosed-Bridge: 	at android.content.ContextWrapper.sendBroadcast(ContextWrapper.java:444)

08-05 16:40:22.779  5650  5650 I LSPosed-Bridge: 	at com.alibaba.wireless.security.open.edgecomputing.ECMiscInfo$б.onActivitySaveInstanceState(Unknown Source:7)

08-05 16:40:22.779  5650  5650 I LSPosed-Bridge: 	at android.app.Application.dispatchActivitySaveInstanceState(Application.java:266)

08-05 16:40:22.779  5650  5650 I LSPosed-Bridge: 	at android.app.Activity.onSaveInstanceState(Activity.java:1633)

08-05 16:40:22.779  5650  5650 I LSPosed-Bridge: 	at androidx.core.app.ComponentActivity.onSaveInstanceState(ComponentActivity.java:2)

08-05 16:40:22.779  5650  5650 I LSPosed-Bridge: 	at androidx.activity.ComponentActivity.onSaveInstanceState(ComponentActivity.java:4)

08-05 16:40:22.779  5650  5650 I LSPosed-Bridge: 	at androidx.fragment.app.FragmentActivity.onSaveInstanceState(FragmentActivity.java:1)

08-05 16:40:22.779  5650  5650 I LSPosed-Bridge: 	at androidx.appcompat.app.AppCompatActivity.onSaveInstanceState(AppCompatActivity.java:1)

08-05 16:40:22.779  5650  5650 I LSPosed-Bridge: 	at colorjoin.framework.activity.MageBaseActivity.onSaveInstanceState(MageBaseActivity.java:1)

08-05 16:40:22.779  5650  5650 I LSPosed-Bridge: 	at colorjoin.framework.activity.MageActivity.onSaveInstanceState(MageActivity.java:1)

08-05 16:40:22.779  5650  5650 I LSPosed-Bridge: 	at colorjoin.app.base.activities.ABActivity.onSaveInstanceState(ABActivity.java:1)

08-05 16:40:22.779  5650  5650 I LSPosed-Bridge: 	at android.app.Activity.performSaveInstanceState(Activity.java:1549)

08-05 16:40:22.779  5650  5650 I LSPosed-Bridge: 	at android.app.Instrumentation.callActivityOnSaveInstanceState(Instrumentation.java:1444)

08-05 16:40:22.779  5650  5650 I LSPosed-Bridge: 	at android.app.ActivityThread.callActivityOnSaveInstanceState(ActivityThread.java:4810)

08-05 16:40:22.779  5650  5650 I LSPosed-Bridge: 	at android.app.ActivityThread.callActivityOnStop(ActivityThread.java:4158)

08-05 16:40:22.779  5650  5650 I LSPosed-Bridge: 	at android.app.ActivityThread.performStopActivityInner(ActivityThread.java:4122)

08-05 16:40:22.779  5650  5650 I LSPosed-Bridge: 	at android.app.ActivityThread.handleStopActivity(ActivityThread.java:4197)

08-05 16:40:22.779  5650  5650 I LSPosed-Bridge: 	at android.app.servertransaction.StopActivityItem.execute(StopActivityItem.java:41)

08-05 16:40:22.779  5650  5650 I LSPosed-Bridge: 	at android.app.servertransaction.TransactionExecutor.executeLifecycleState(TransactionExecutor.java:145)

08-05 16:40:22.779  5650  5650 I LSPosed-Bridge: 	at android.app.servertransaction.TransactionExecutor.execute(TransactionExecutor.java:70)

08-05 16:40:22.779  5650  5650 I LSPosed-Bridge: 	at android.app.ActivityThread$H.handleMessage(ActivityThread.java:1809)

08-05 16:40:22.779  5650  5650 I LSPosed-Bridge: 	at i.g.a.a.a.handleMessage(ActivityThreadCallback.java:4)

08-05 16:40:22.779  5650  5650 I LSPosed-Bridge: 	at android.os.Handler.dispatchMessage(Handler.java:102)

08-05 16:40:22.779  5650  5650 I LSPosed-Bridge: 	at android.os.Looper.loop(Looper.java:193)

08-05 16:40:22.779  5650  5650 I LSPosed-Bridge: 	at android.app.ActivityThread.main(ActivityThread.java:6692)

08-05 16:40:22.779  5650  5650 I LSPosed-Bridge: 	at java.lang.reflect.Method.invoke(Native Method)

08-05 16:40:22.779  5650  5650 I LSPosed-Bridge: 	at com.android.internal.os.RuntimeInit$MethodAndArgsCaller.run(RuntimeInit.java:493)

08-05 16:40:22.779  5650  5650 I LSPosed-Bridge: 	at com.android.internal.os.ZygoteInit.main(ZygoteInit.java:858)

08-05 16:40:22.779  1588  9558 I LSPosed-Bridge: 5650 PermLabel 10147 AMS.checkPermission: Binder.getCallingPid() = 5650; uid = 10147; Binder.getCallingUid() = 10147; getNameForUid: com.baihe; getPackagesForUid: [com.baihe]; permName: android.permission.GET_TASKS; type = 0; res = -1; stacktrace=java.lang.Exception

08-05 16:40:22.779  1588  9558 I LSPosed-Bridge: 	at com.example.permlabel.requirePerm$1$2.afterHookedMethod(requirePerm.java:139)

08-05 16:40:22.779  1588  9558 I LSPosed-Bridge: 	at de.robv.android.xposed.XposedBridge$AdditionalHookInfo.callback(Unknown Source:147)

08-05 16:40:22.779  1588  9558 I LSPosed-Bridge: 	at LSPHooker_.checkPermission(Unknown Source:25)

08-05 16:40:22.779  1588  9558 I LSPosed-Bridge: 	at com.android.server.am.ActivityManagerService.isGetTasksAllowed(ActivityManagerService.java:10902)

08-05 16:40:22.779  1588  9558 I LSPosed-Bridge: 	at com.android.server.am.ActivityManagerService.getRunningAppProcesses(ActivityManagerService.java:16139)

08-05 16:40:22.779  1588  9558 I LSPosed-Bridge: 	at android.app.IActivityManager$Stub.onTransact(IActivityManager.java:1088)

08-05 16:40:22.779  1588  9558 I LSPosed-Bridge: 	at com.android.server.am.ActivityManagerService.onTransact(ActivityManagerService.java:3346)

08-05 16:40:22.779  1588  9558 I LSPosed-Bridge: 	at android.os.Binder.execTransact(Binder.java:731)

08-05 16:40:36.161  1588  9390 I LSPosed-Bridge: 5650 PermLabel 10147 AMS.checkPermission: Binder.getCallingPid() = 5650; uid = 10147; Binder.getCallingUid() = 10147; getNameForUid: com.baihe; getPackagesForUid: [com.baihe]; permName: android.permission.GET_TASKS; type = 0; res = -1; stacktrace=java.lang.Exception

08-05 16:40:36.161  1588  9390 I LSPosed-Bridge: 	at com.example.permlabel.requirePerm$1$2.afterHookedMethod(requirePerm.java:139)

08-05 16:40:36.161  1588  9390 I LSPosed-Bridge: 	at de.robv.android.xposed.XposedBridge$AdditionalHookInfo.callback(Unknown Source:147)

08-05 16:40:36.161  1588  9390 I LSPosed-Bridge: 	at LSPHooker_.checkPermission(Unknown Source:25)

08-05 16:40:36.161  1588  9390 I LSPosed-Bridge: 	at com.android.server.am.ActivityManagerService.isGetTasksAllowed(ActivityManagerService.java:10902)

08-05 16:40:36.161  1588  9390 I LSPosed-Bridge: 	at com.android.server.am.ActivityManagerService.getServices(ActivityManagerService.java:20573)

08-05 16:40:36.161  1588  9390 I LSPosed-Bridge: 	at android.app.IActivityManager$Stub.onTransact(IActivityManager.java:1064)

08-05 16:40:36.161  1588  9390 I LSPosed-Bridge: 	at com.android.server.am.ActivityManagerService.onTransact(ActivityManagerService.java:3346)

08-05 16:40:36.161  1588  9390 I LSPosed-Bridge: 	at android.os.Binder.execTransact(Binder.java:731)

08-05 16:40:36.684  5650  5650 I LSPosed-Bridge: 5650 PermLabel hookBinder_test 10147 interfaceBinder =android.app.IActivityManager; arg0 = 11; arg1 = android.os.Parcel@d565c37; arg2 = android.os.Parcel@d3fb89e; arg3 = 0; res = true; stacktrace=java.lang.Exception

