08-05 16:41:37.574  1588  9390 I LSPosed-Bridge: 	at LSPHooker_.checkPermission(Unknown Source:25)

08-05 16:41:37.574  1588  9390 I LSPosed-Bridge: 	at com.android.server.am.ActivityManagerService.isGetTasksAllowed(ActivityManagerService.java:10902)

08-05 16:41:37.574  1588  9390 I LSPosed-Bridge: 	at com.android.server.am.ActivityManagerService.getServices(ActivityManagerService.java:20573)

08-05 16:41:37.574  1588  9390 I LSPosed-Bridge: 	at android.app.IActivityManager$Stub.onTransact(IActivityManager.java:1064)

08-05 16:41:37.574  1588  9390 I LSPosed-Bridge: 	at com.android.server.am.ActivityManagerService.onTransact(ActivityManagerService.java:3346)

08-05 16:41:37.574  1588  9390 I LSPosed-Bridge: 	at android.os.Binder.execTransact(Binder.java:731)

08-05 16:41:38.097  5650  5650 I LSPosed-Bridge: 5650 PermLabel hookBinder_test 10147 interfaceBinder =android.app.IActivityManager; arg0 = 11; arg1 = android.os.Parcel@b657001; arg2 = android.os.Parcel@4a3bb0; arg3 = 0; res = true; stacktrace=java.lang.Exception

08-05 16:41:38.097  5650  5650 I LSPosed-Bridge: 	at com.example.permlabel.hookBinder_test$1.afterHookedMethod(hookBinder_test.java:70)

08-05 16:41:38.097  5650  5650 I LSPosed-Bridge: 	at de.robv.android.xposed.XposedBridge$AdditionalHookInfo.callback(Unknown Source:147)

08-05 16:41:38.097  5650  5650 I LSPosed-Bridge: 	at LSPHooker_.transact(Unknown Source:28)

08-05 16:41:38.097  5650  5650 I LSPosed-Bridge: 	at android.app.IActivityManager$Stub$Proxy.broadcastIntent(IActivityManager.java:3893)

08-05 16:41:38.097  5650  5650 I LSPosed-Bridge: 	at android.app.ContextImpl.sendBroadcast(ContextImpl.java:1009)

08-05 16:41:38.097  5650  5650 I LSPosed-Bridge: 	at android.content.ContextWrapper.sendBroadcast(ContextWrapper.java:444)

08-05 16:41:38.097  5650  5650 I LSPosed-Bridge: 	at android.content.ContextWrapper.sendBroadcast(ContextWrapper.java:444)

08-05 16:41:38.097  5650  5650 I LSPosed-Bridge: 	at com.alibaba.wireless.security.open.edgecomputing.ECMiscInfo$б.onActivityDestroyed(Unknown Source:7)

08-05 16:41:38.097  5650  5650 I LSPosed-Bridge: 	at android.app.Application.dispatchActivityDestroyed(Application.java:276)

08-05 16:41:38.097  5650  5650 I LSPosed-Bridge: 	at android.app.Activity.onDestroy(Activity.java:2002)

08-05 16:41:38.097  5650  5650 I LSPosed-Bridge: 	at androidx.fragment.app.FragmentActivity.onDestroy(FragmentActivity.java:1)

08-05 16:41:38.097  5650  5650 I LSPosed-Bridge: 	at androidx.appcompat.app.AppCompatActivity.onDestroy(AppCompatActivity.java:1)

08-05 16:41:38.097  5650  5650 I LSPosed-Bridge: 	at colorjoin.framework.activity.MageCommunicationActivity.onDestroy(MageCommunicationActivity.java:1)

08-05 16:41:38.097  5650  5650 I LSPosed-Bridge: 	at colorjoin.framework.activity.MageActivity.onDestroy(MageActivity.java:1)

08-05 16:41:38.097  5650  5650 I LSPosed-Bridge: 	at colorjoin.app.base.activities.ABActivity.onDestroy(ABActivity.java:2)

08-05 16:41:38.097  5650  5650 I LSPosed-Bridge: 	at com.baihe.libs.framework.template.activity.BHFActivityTitleContent.onDestroy(BHFActivityTitleContent.java:2)

08-05 16:41:38.097  5650  5650 I LSPosed-Bridge: 	at android.app.Activity.performDestroy(Activity.java:7395)

08-05 16:41:38.097  5650  5650 I LSPosed-Bridge: 	at android.app.Instrumentation.callActivityOnDestroy(Instrumentation.java:1307)

08-05 16:41:38.097  5650  5650 I LSPosed-Bridge: 	at android.app.ActivityThread.performDestroyActivity(ActivityThread.java:4444)

08-05 16:41:38.097  5650  5650 I LSPosed-Bridge: 	at android.app.ActivityThread.handleDestroyActivity(ActivityThread.java:4477)

08-05 16:41:38.097  5650  5650 I LSPosed-Bridge: 	at android.app.servertransaction.DestroyActivityItem.execute(DestroyActivityItem.java:39)

08-05 16:41:38.097  5650  5650 I LSPosed-Bridge: 	at android.app.servertransaction.TransactionExecutor.executeLifecycleState(TransactionExecutor.java:145)

08-05 16:41:38.097  5650  5650 I LSPosed-Bridge: 	at android.app.servertransaction.TransactionExecutor.execute(TransactionExecutor.java:70)

08-05 16:41:38.097  5650  5650 I LSPosed-Bridge: 	at android.app.ActivityThread$H.handleMessage(ActivityThread.java:1809)

08-05 16:41:38.097  5650  5650 I LSPosed-Bridge: 	at i.g.a.a.a.handleMessage(ActivityThreadCallback.java:4)

08-05 16:41:38.097  5650  5650 I LSPosed-Bridge: 	at android.os.Handler.dispatchMessage(Handler.java:102)

08-05 16:41:38.097  5650  5650 I LSPosed-Bridge: 	at android.os.Looper.loop(Looper.java:193)

08-05 16:41:38.097  5650  5650 I LSPosed-Bridge: 	at android.app.ActivityThread.main(ActivityThread.java:6692)

08-05 16:41:38.097  5650  5650 I LSPosed-Bridge: 	at java.lang.reflect.Method.invoke(Native Method)

08-05 16:41:38.097  5650  5650 I LSPosed-Bridge: 	at com.android.internal.os.RuntimeInit$MethodAndArgsCaller.run(RuntimeInit.java:493)

08-05 16:41:38.097  5650  5650 I LSPosed-Bridge: 	at com.android.internal.os.ZygoteInit.main(ZygoteInit.java:858)

08-05 16:41:38.097  1588  9390 I LSPosed-Bridge: 5650 PermLabel 10147 AMS.checkPermission: Binder.getCallingPid() = 5650; uid = 10147; Binder.getCallingUid() = 10147; getNameForUid: com.baihe; getPackagesForUid: [com.baihe]; permName: android.permission.GET_TASKS; type = 0; res = -1; stacktrace=java.lang.Exception

08-05 16:41:38.097  1588  9390 I LSPosed-Bridge: 	at com.example.permlabel.requirePerm$1$2.afterHookedMethod(requirePerm.java:139)

08-05 16:41:38.097  1588  9390 I LSPosed-Bridge: 	at de.robv.android.xposed.XposedBridge$AdditionalHookInfo.callback(Unknown Source:147)

08-05 16:41:38.097  1588  9390 I LSPosed-Bridge: 	at LSPHooker_.checkPermission(Unknown Source:25)

08-05 16:41:38.097  1588  9390 I LSPosed-Bridge: 	at com.android.server.am.ActivityManagerService.isGetTasksAllowed(ActivityManagerService.java:10902)

08-05 16:41:38.097  1588  9390 I LSPosed-Bridge: 	at com.android.server.am.ActivityManagerService.getRunningAppProcesses(ActivityManagerService.java:16139)

08-05 16:41:38.097  1588  9390 I LSPosed-Bridge: 	at android.app.IActivityManager$Stub.onTransact(IActivityManager.java:1088)

08-05 16:41:38.097  1588  9390 I LSPosed-Bridge: 	at com.android.server.am.ActivityManagerService.onTransact(ActivityManagerService.java:3346)

08-05 16:41:38.097  1588  9390 I LSPosed-Bridge: 	at android.os.Binder.execTransact(Binder.java:731)

08-05 16:41:41.257  1588  9603 I LSPosed-Bridge: 5650 PermLabel 10147 AMS.checkPermission: Binder.getCallingPid() = 5650; uid = 10147; Binder.getCallingUid() = 10147; getNameForUid: com.baihe; getPackagesForUid: [com.baihe]; permName: android.permission.GET_TASKS; type = 0; res = -1; stacktrace=java.lang.Exception

08-05 16:41:41.257  1588  9603 I LSPosed-Bridge: 	at com.example.permlabel.requirePerm$1$2.afterHookedMethod(requirePerm.java:139)

08-05 16:41:41.257  1588  9603 I LSPosed-Bridge: 	at de.robv.android.xposed.XposedBridge$AdditionalHookInfo.callback(Unknown Source:147)

08-05 16:41:41.257  1588  9603 I LSPosed-Bridge: 	at LSPHooker_.checkPermission(Unknown Source:25)

08-05 16:41:41.257  1588  9603 I LSPosed-Bridge: 	at com.android.server.am.ActivityManagerService.isGetTasksAllowed(ActivityManagerService.java:10902)

08-05 16:41:41.257  1588  9603 I LSPosed-Bridge: 	at com.android.server.am.ActivityManagerService.getServices(ActivityManagerService.java:20573)

08-05 16:41:41.257  1588  9603 I LSPosed-Bridge: 	at android.app.IActivityManager$Stub.onTransact(IActivityManager.java:1064)

08-05 16:41:41.257  1588  9603 I LSPosed-Bridge: 	at com.android.server.am.ActivityManagerService.onTransact(ActivityManagerService.java:3346)

08-05 16:41:41.257  1588  9603 I LSPosed-Bridge: 	at android.os.Binder.execTransact(Binder.java:731)

08-05 16:41:41.805  1588  9603 I LSPosed-Bridge: 5650 PermLabel 10147 AMS.checkPermission: Binder.getCallingPid() = 5650; uid = 10147; Binder.getCallingUid() = 10147; getNameForUid: com.baihe; getPackagesForUid: [com.baihe]; permName: android.permission.GET_TASKS; type = 0; res = -1; stacktrace=java.lang.Exception

08-05 16:41:41.805  1588  9603 I LSPosed-Bridge: 	at com.example.permlabel.requirePerm$1$2.afterHookedMethod(requirePerm.java:139)

08-05 16:41:41.805  1588  9603 I LSPosed-Bridge: 	at de.robv.android.xposed.XposedBridge$AdditionalHookInfo.callback(Unknown Source:147)

08-05 16:41:41.805  1588  9603 I LSPosed-Bridge: 	at LSPHooker_.checkPermission(Unknown Source:25)

08-05 16:41:41.805  1588  9603 I LSPosed-Bridge: 	at com.android.server.am.ActivityManagerService.isGetTasksAllowed(ActivityManagerService.java:10902)

08-05 16:41:41.805  1588  9603 I LSPosed-Bridge: 	at com.android.server.am.ActivityManagerService.getRunningAppProcesses(ActivityManagerService.java:16139)

08-05 16:41:41.805  1588  9603 I LSPosed-Bridge: 	at android.app.IActivityManager$Stub.onTransact(IActivityManager.java:1088)

08-05 16:41:41.805  1588  9603 I LSPosed-Bridge: 	at com.android.server.am.ActivityManagerService.onTransact(ActivityManagerService.java:3346)

08-05 16:41:41.805  1588  9603 I LSPosed-Bridge: 	at android.os.Binder.execTransact(Binder.java:731)

08-05 16:41:44.850  1588  4500 I LSPosed-Bridge: 5650 PermLabel 10147 AMS.checkPermission: Binder.getCallingPid() = 5650; uid = 10147; Binder.getCallingUid() = 10147; getNameForUid: com.baihe; getPackagesForUid: [com.baihe]; permName: android.permission.GET_TASKS; type = 0; res = -1; stacktrace=java.lang.Exception

08-05 16:41:44.850  1588  4500 I LSPosed-Bridge: 	at com.example.permlabel.requirePerm$1$2.afterHookedMethod(requirePerm.java:139)

08-05 16:41:44.850  1588  4500 I LSPosed-Bridge: 	at de.robv.android.xposed.XposedBridge$AdditionalHookInfo.callback(Unknown Source:147)

08-05 16:41:44.850  1588  4500 I LSPosed-Bridge: 	at LSPHooker_.checkPermission(Unknown Source:25)

08-05 16:41:44.850  1588  4500 I LSPosed-Bridge: 	at com.android.server.am.ActivityManagerService.isGetTasksAllowed(ActivityManagerService.java:10902)

08-05 16:41:44.850  1588  4500 I LSPosed-Bridge: 	at com.android.server.am.ActivityManagerService.getServices(ActivityManagerService.java:20573)

08-05 16:41:44.850  1588  4500 I LSPosed-Bridge: 	at android.app.IActivityManager$Stub.onTransact(IActivityManager.java:1064)

08-05 16:41:44.850  1588  4500 I LSPosed-Bridge: 	at com.android.server.am.ActivityManagerService.onTransact(ActivityManagerService.java:3346)

08-05 16:41:44.850  1588  4500 I LSPosed-Bridge: 	at android.os.Binder.execTransact(Binder.java:731)

08-05 16:41:45.366  1588  9558 I LSPosed-Bridge: 5650 PermLabel 10147 AMS.checkPermission: Binder.getCallingPid() = 5650; uid = 10147; Binder.getCallingUid() = 10147; getNameForUid: com.baihe; getPackagesForUid: [com.baihe]; permName: android.permission.GET_TASKS; type = 0; res = -1; stacktrace=java.lang.Exception

08-05 16:41:45.366  1588  9558 I LSPosed-Bridge: 	at com.example.permlabel.requirePerm$1$2.afterHookedMethod(requirePerm.java:139)

08-05 16:41:45.366  1588  9558 I LSPosed-Bridge: 	at de.robv.android.xposed.XposedBridge$AdditionalHookInfo.callback(Unknown Source:147)

08-05 16:41:45.366  1588  9558 I LSPosed-Bridge: 	at LSPHooker_.checkPermission(Unknown Source:25)

08-05 16:41:45.366  1588  9558 I LSPosed-Bridge: 	at com.android.server.am.ActivityManagerService.isGetTasksAllowed(ActivityManagerService.java:10902)

08-05 16:41:45.366  1588  9558 I LSPosed-Bridge: 	at com.android.server.am.ActivityManagerService.getRunningAppProcesses(ActivityManagerService.java:16139)

08-05 16:41:45.366  1588  9558 I LSPosed-Bridge: 	at android.app.IActivityManager$Stub.onTransact(IActivityManager.java:1088)

08-05 16:41:45.366  1588  9558 I LSPosed-Bridge: 	at com.android.server.am.ActivityManagerService.onTransact(ActivityManagerService.java:3346)

08-05 16:41:45.366  1588  9558 I LSPosed-Bridge: 	at android.os.Binder.execTransact(Binder.java:731)

08-05 16:41:45.366  5650  5650 I LSPosed-Bridge: 5650 PermLabel hookBinder_test 10147 interfaceBinder =android.app.IActivityManager; arg0 = 11; arg1 = android.os.Parcel@96359ad; arg2 = android.os.Parcel@4a3bb0; arg3 = 0; res = true; stacktrace=java.lang.Exception

08-05 16:41:45.366  5650  5650 I LSPosed-Bridge: 	at com.example.permlabel.hookBinder_test$1.afterHookedMethod(hookBinder_test.java:70)

08-05 16:41:45.366  5650  5650 I LSPosed-Bridge: 	at de.robv.android.xposed.XposedBridge$AdditionalHookInfo.callback(Unknown Source:147)

08-05 16:41:45.366  5650  5650 I LSPosed-Bridge: 	at LSPHooker_.transact(Unknown Source:28)

08-05 16:41:45.366  5650  5650 I LSPosed-Bridge: 	at android.app.IActivityManager$Stub$Proxy.broadcastIntent(IActivityManager.java:3893)

08-05 16:41:45.366  5650  5650 I LSPosed-Bridge: 	at android.app.ContextImpl.sendBroadcast(ContextImpl.java:1009)

08-05 16:41:45.366  5650  5650 I LSPosed-Bridge: 	at android.content.ContextWrapper.sendBroadcast(ContextWrapper.java:444)

08-05 16:41:45.366  5650  5650 I LSPosed-Bridge: 	at android.content.ContextWrapper.sendBroadcast(ContextWrapper.java:444)

08-05 16:41:45.366  5650  5650 I LSPosed-Bridge: 	at com.alibaba.wireless.security.open.edgecomputing.ECMiscInfo$б.onActivityDestroyed(Unknown Source:7)

08-05 16:41:45.366  5650  5650 I LSPosed-Bridge: 	at android.app.Application.dispatchActivityDestroyed(Application.java:276)

08-05 16:41:45.366  5650  5650 I LSPosed-Bridge: 	at android.app.Activity.onDestroy(Activity.java:2002)

08-05 16:41:45.366  5650  5650 I LSPosed-Bridge: 	at androidx.fragment.app.FragmentActivity.onDestroy(FragmentActivity.java:1)

08-05 16:41:45.366  5650  5650 I LSPosed-Bridge: 	at androidx.appcompat.app.AppCompatActivity.onDestroy(AppCompatActivity.java:1)

08-05 16:41:45.366  5650  5650 I LSPosed-Bridge: 	at colorjoin.framework.activity.MageCommunicationActivity.onDestroy(MageCommunicationActivity.java:1)

08-05 16:41:45.366  5650  5650 I LSPosed-Bridge: 	at colorjoin.framework.activity.MageActivity.onDestroy(MageActivity.java:1)

08-05 16:41:45.366  5650  5650 I LSPosed-Bridge: 	at colorjoin.app.base.activities.ABActivity.onDestroy(ABActivity.java:2)

08-05 16:41:45.366  5650  5650 I LSPosed-Bridge: 	at com.baihe.libs.framework.template.activity.BHFActivityTitleContent.onDestroy(BHFActivityTitleContent.java:2)

08-05 16:41:45.366  5650  5650 I LSPosed-Bridge: 	at android.app.Activity.performDestroy(Activity.java:7395)

08-05 16:41:45.366  5650  5650 I LSPosed-Bridge: 	at android.app.Instrumentation.callActivityOnDestroy(Instrumentation.java:1307)

08-05 16:41:45.366  5650  5650 I LSPosed-Bridge: 	at android.app.ActivityThread.performDestroyActivity(ActivityThread.java:4444)

08-05 16:41:45.366  5650  5650 I LSPosed-Bridge: 	at android.app.ActivityThread.handleDestroyActivity(ActivityThread.java:4477)

08-05 16:41:45.366  5650  5650 I LSPosed-Bridge: 	at android.app.servertransaction.DestroyActivityItem.execute(DestroyActivityItem.java:39)

08-05 16:41:45.366  5650  5650 I LSPosed-Bridge: 	at android.app.servertransaction.TransactionExecutor.executeLifecycleState(TransactionExecutor.java:145)

08-05 16:41:45.366  5650  5650 I LSPosed-Bridge: 	at android.app.servertransaction.TransactionExecutor.execute(TransactionExecutor.java:70)

08-05 16:41:45.366  5650  5650 I LSPosed-Bridge: 	at android.app.ActivityThread$H.handleMessage(ActivityThread.java:1809)

08-05 16:41:45.366  5650  5650 I LSPosed-Bridge: 	at i.g.a.a.a.handleMessage(ActivityThreadCallback.java:4)

08-05 16:41:45.366  5650  5650 I LSPosed-Bridge: 	at android.os.Handler.dispatchMessage(Handler.java:102)

08-05 16:41:45.366  5650  5650 I LSPosed-Bridge: 	at android.os.Looper.loop(Looper.java:193)

08-05 16:41:45.366  5650  5650 I LSPosed-Bridge: 	at android.app.ActivityThread.main(ActivityThread.java:6692)

08-05 16:41:45.366  5650  5650 I LSPosed-Bridge: 	at java.lang.reflect.Method.invoke(Native Method)

08-05 16:41:45.366  5650  5650 I LSPosed-Bridge: 	at com.android.internal.os.RuntimeInit$MethodAndArgsCaller.run(RuntimeInit.java:493)

08-05 16:41:45.366  5650  5650 I LSPosed-Bridge: 	at com.android.internal.os.ZygoteInit.main(ZygoteInit.java:858)

08-05 16:41:48.439  1588  7051 I LSPosed-Bridge: 5650 PermLabel 10147 AMS.checkPermission: Binder.getCallingPid() = 5650; uid = 10147; Binder.getCallingUid() = 10147; getNameForUid: com.baihe; getPackagesForUid: [com.baihe]; permName: android.permission.GET_TASKS; type = 0; res = -1; stacktrace=java.lang.Exception

08-05 16:41:48.439  1588  7051 I LSPosed-Bridge: 	at com.example.permlabel.requirePerm$1$2.afterHookedMethod(requirePerm.java:139)

08-05 16:41:48.439  1588  7051 I LSPosed-Bridge: 	at de.robv.android.xposed.XposedBridge$AdditionalHookInfo.callback(Unknown Source:147)

08-05 16:41:48.439  1588  7051 I LSPosed-Bridge: 	at LSPHooker_.checkPermission(Unknown Source:25)

08-05 16:41:48.439  1588  7051 I LSPosed-Bridge: 	at com.android.server.am.ActivityManagerService.isGetTasksAllowed(ActivityManagerService.java:10902)

08-05 16:41:48.439  1588  7051 I LSPosed-Bridge: 	at com.android.server.am.ActivityManagerService.getServices(ActivityManagerService.java:20573)

08-05 16:41:48.439  1588  7051 I LSPosed-Bridge: 	at android.app.IActivityManager$Stub.onTransact(IActivityManager.java:1064)

08-05 16:41:48.439  1588  7051 I LSPosed-Bridge: 	at com.android.server.am.ActivityManagerService.onTransact(ActivityManagerService.java:3346)

08-05 16:41:48.439  1588  7051 I LSPosed-Bridge: 	at android.os.Binder.execTransact(Binder.java:731)

08-05 16:41:48.993  1588  9601 I LSPosed-Bridge: 5650 PermLabel 10147 AMS.checkPermission: Binder.getCallingPid() = 5650; uid = 10147; Binder.getCallingUid() = 10147; getNameForUid: com.baihe; getPackagesForUid: [com.baihe]; permName: android.permission.GET_TASKS; type = 0; res = -1; stacktrace=java.lang.Exception

08-05 16:41:48.993  1588  9601 I LSPosed-Bridge: 	at com.example.permlabel.requirePerm$1$2.afterHookedMethod(requirePerm.java:139)

08-05 16:41:48.993  1588  9601 I LSPosed-Bridge: 	at de.robv.android.xposed.XposedBridge$AdditionalHookInfo.callback(Unknown Source:147)

08-05 16:41:48.993  1588  9601 I LSPosed-Bridge: 	at LSPHooker_.checkPermission(Unknown Source:25)

08-05 16:41:48.993  1588  9601 I LSPosed-Bridge: 	at com.android.server.am.ActivityManagerService.isGetTasksAllowed(ActivityManagerService.java:10902)

08-05 16:41:48.993  1588  9601 I LSPosed-Bridge: 	at com.android.server.am.ActivityManagerService.getRunningAppProcesses(ActivityManagerService.java:16139)

08-05 16:41:48.993  1588  9601 I LSPosed-Bridge: 	at android.app.IActivityManager$Stub.onTransact(IActivityManager.java:1088)

08-05 16:41:48.993  1588  9601 I LSPosed-Bridge: 	at com.android.server.am.ActivityManagerService.onTransact(ActivityManagerService.java:3346)

08-05 16:41:48.993  1588  9601 I LSPosed-Bridge: 	at android.os.Binder.execTransact(Binder.java:731)

08-05 16:41:48.993  5650  5650 I LSPosed-Bridge: 5650 PermLabel hookBinder_test 10147 interfaceBinder =android.view.accessibility.IAccessibilityInteractionConnectionCallback; arg0 = 2; arg1 = android.os.Parcel@3bc1047; arg2 = null; arg3 = 1; res = true; stacktrace=java.lang.Exception

08-05 16:41:48.993  5650  5650 I LSPosed-Bridge: 	at com.example.permlabel.hookBinder_test$1.afterHookedMethod(hookBinder_test.java:70)

08-05 16:41:48.993  5650  5650 I LSPosed-Bridge: 	at de.robv.android.xposed.XposedBridge$AdditionalHookInfo.callback(Unknown Source:147)

08-05 16:41:48.993  5650  5650 I LSPosed-Bridge: 	at LSPHooker_.transact(Unknown Source:28)

08-05 16:41:48.993  5650  5650 I LSPosed-Bridge: 	at android.view.accessibility.IAccessibilityInteractionConnectionCallback$Stub$Proxy.setFindAccessibilityNodeInfosResult(IAccessibilityInteractionConnectionCallback.java:146)

08-05 16:41:48.993  5650  5650 I LSPosed-Bridge: 	at android.view.AccessibilityInteractionController.updateInfosForViewportAndReturnFindNodeResult(AccessibilityInteractionController.java:869)

08-05 16:41:48.993  5650  5650 I LSPosed-Bridge: 	at android.view.AccessibilityInteractionController.findAccessibilityNodeInfoByAccessibilityIdUiThread(AccessibilityInteractionController.java:340)

08-05 16:41:48.993  5650  5650 I LSPosed-Bridge: 	at android.view.AccessibilityInteractionController.access$400(AccessibilityInteractionController.java:67)

08-05 16:41:48.993  5650  5650 I LSPosed-Bridge: 	at android.view.AccessibilityInteractionController$PrivateHandler.handleMessage(AccessibilityInteractionController.java:1324)

08-05 16:41:48.993  5650  5650 I LSPosed-Bridge: 	at android.os.Handler.dispatchMessage(Handler.java:106)

08-05 16:41:48.993  5650  5650 I LSPosed-Bridge: 	at android.os.Looper.loop(Looper.java:193)

08-05 16:41:48.993  5650  5650 I LSPosed-Bridge: 	at android.app.ActivityThread.main(ActivityThread.java:6692)

08-05 16:41:48.993  5650  5650 I LSPosed-Bridge: 	at java.lang.reflect.Method.invoke(Native Method)

08-05 16:41:48.993  5650  5650 I LSPosed-Bridge: 	at com.android.internal.os.RuntimeInit$MethodAndArgsCaller.run(RuntimeInit.java:493)

08-05 16:41:48.993  5650  5650 I LSPosed-Bridge: 	at com.android.internal.os.ZygoteInit.main(ZygoteInit.java:858)

08-05 16:41:51.916  1588  7051 I LSPosed-Bridge: 5650 PermLabel 10147 AMS.checkPermission: Binder.getCallingPid() = 5650; uid = 10147; Binder.getCallingUid() = 10147; getNameForUid: com.baihe; getPackagesForUid: [com.baihe]; permName: android.permission.GET_TASKS; type = 0; res = -1; stacktrace=java.lang.Exception

08-05 16:41:51.916  1588  7051 I LSPosed-Bridge: 	at com.example.permlabel.requirePerm$1$2.afterHookedMethod(requirePerm.java:139)

08-05 16:41:51.916  1588  7051 I LSPosed-Bridge: 	at de.robv.android.xposed.XposedBridge$AdditionalHookInfo.callback(Unknown Source:147)

08-05 16:41:51.916  1588  7051 I LSPosed-Bridge: 	at LSPHooker_.checkPermission(Unknown Source:25)

08-05 16:41:51.916  1588  7051 I LSPosed-Bridge: 	at com.android.server.am.ActivityManagerService.isGetTasksAllowed(ActivityManagerService.java:10902)

08-05 16:41:51.916  1588  7051 I LSPosed-Bridge: 	at com.android.server.am.ActivityManagerService.getServices(ActivityManagerService.java:20573)

08-05 16:41:51.916  1588  7051 I LSPosed-Bridge: 	at android.app.IActivityManager$Stub.onTransact(IActivityManager.java:1064)

08-05 16:41:51.916  1588  7051 I LSPosed-Bridge: 	at com.android.server.am.ActivityManagerService.onTransact(ActivityManagerService.java:3346)

08-05 16:41:51.916  1588  7051 I LSPosed-Bridge: 	at android.os.Binder.execTransact(Binder.java:731)

08-05 16:41:52.622  5650  5650 I LSPosed-Bridge: 5650 PermLabel hookBinder_test 10147 interfaceBinder =android.app.IActivityManager; arg0 = 11; arg1 = android.os.Parcel@4a3bb0; arg2 = android.os.Parcel@3bc1047; arg3 = 0; res = true; stacktrace=java.lang.Exception

08-05 16:41:52.622  5650  5650 I LSPosed-Bridge: 	at com.example.permlabel.hookBinder_test$1.afterHookedMethod(hookBinder_test.java:70)

08-05 16:41:52.622  5650  5650 I LSPosed-Bridge: 	at de.robv.android.xposed.XposedBridge$AdditionalHookInfo.callback(Unknown Source:147)

08-05 16:41:52.622  5650  5650 I LSPosed-Bridge: 	at LSPHooker_.transact(Unknown Source:28)

08-05 16:41:52.622  5650  5650 I LSPosed-Bridge: 	at android.app.IActivityManager$Stub$Proxy.broadcastIntent(IActivityManager.java:3893)

08-05 16:41:52.622  5650  5650 I LSPosed-Bridge: 	at android.app.ContextImpl.sendBroadcast(ContextImpl.java:1009)

08-05 16:41:52.622  5650  5650 I LSPosed-Bridge: 	at android.content.ContextWrapper.sendBroadcast(ContextWrapper.java:444)

08-05 16:41:52.622  5650  5650 I LSPosed-Bridge: 	at android.content.ContextWrapper.sendBroadcast(ContextWrapper.java:444)

08-05 16:41:52.622  5650  5650 I LSPosed-Bridge: 	at com.alibaba.wireless.security.open.edgecomputing.ECMiscInfo$б.onActivityDestroyed(Unknown Source:7)

08-05 16:41:52.622  5650  5650 I LSPosed-Bridge: 	at android.app.Application.dispatchActivityDestroyed(Application.java:276)

08-05 16:41:52.622  5650  5650 I LSPosed-Bridge: 	at android.app.Activity.onDestroy(Activity.java:2002)

08-05 16:41:52.622  5650  5650 I LSPosed-Bridge: 	at androidx.fragment.app.FragmentActivity.onDestroy(FragmentActivity.java:1)

08-05 16:41:52.622  5650  5650 I LSPosed-Bridge: 	at androidx.appcompat.app.AppCompatActivity.onDestroy(AppCompatActivity.java:1)

08-05 16:41:52.622  5650  5650 I LSPosed-Bridge: 	at colorjoin.framework.activity.MageCommunicationActivity.onDestroy(MageCommunicationActivity.java:1)

08-05 16:41:52.622  5650  5650 I LSPosed-Bridge: 	at colorjoin.framework.activity.MageActivity.onDestroy(MageActivity.java:1)

08-05 16:41:52.622  5650  5650 I LSPosed-Bridge: 	at colorjoin.app.base.activities.ABActivity.onDestroy(ABActivity.java:2)

08-05 16:41:52.622  5650  5650 I LSPosed-Bridge: 	at com.baihe.libs.framework.template.activity.BHFActivityTitleContent.onDestroy(BHFActivityTitleContent.java:2)

08-05 16:41:52.622  5650  5650 I LSPosed-Bridge: 	at android.app.Activity.performDestroy(Activity.java:7395)

08-05 16:41:52.622  5650  5650 I LSPosed-Bridge: 	at android.app.Instrumentation.callActivityOnDestroy(Instrumentation.java:1307)

08-05 16:41:52.622  5650  5650 I LSPosed-Bridge: 	at android.app.ActivityThread.performDestroyActivity(ActivityThread.java:4444)

08-05 16:41:52.622  5650  5650 I LSPosed-Bridge: 	at android.app.ActivityThread.handleDestroyActivity(ActivityThread.java:4477)

08-05 16:41:52.622  5650  5650 I LSPosed-Bridge: 	at android.app.servertransaction.DestroyActivityItem.execute(DestroyActivityItem.java:39)

08-05 16:41:52.622  5650  5650 I LSPosed-Bridge: 	at android.app.servertransaction.TransactionExecutor.executeLifecycleState(TransactionExecutor.java:145)

08-05 16:41:52.622  5650  5650 I LSPosed-Bridge: 	at android.app.servertransaction.TransactionExecutor.execute(TransactionExecutor.java:70)

08-05 16:41:52.622  5650  5650 I LSPosed-Bridge: 	at android.app.ActivityThread$H.handleMessage(ActivityThread.java:1809)

08-05 16:41:52.622  5650  5650 I LSPosed-Bridge: 	at i.g.a.a.a.handleMessage(ActivityThreadCallback.java:4)

08-05 16:41:52.622  5650  5650 I LSPosed-Bridge: 	at android.os.Handler.dispatchMessage(Handler.java:102)

08-05 16:41:52.622  5650  5650 I LSPosed-Bridge: 	at android.os.Looper.loop(Looper.java:193)

08-05 16:41:52.622  5650  5650 I LSPosed-Bridge: 	at android.app.ActivityThread.main(ActivityThread.java:6692)

08-05 16:41:52.622  5650  5650 I LSPosed-Bridge: 	at java.lang.reflect.Method.invoke(Native Method)

08-05 16:41:52.622  5650  5650 I LSPosed-Bridge: 	at com.android.internal.os.RuntimeInit$MethodAndArgsCaller.run(RuntimeInit.java:493)

08-05 16:41:52.622  5650  5650 I LSPosed-Bridge: 	at com.android.internal.os.ZygoteInit.main(ZygoteInit.java:858)

08-05 16:41:52.622  1588  7051 I LSPosed-Bridge: 5650 PermLabel 10147 AMS.checkPermission: Binder.getCallingPid() = 5650; uid = 10147; Binder.getCallingUid() = 10147; getNameForUid: com.baihe; getPackagesForUid: [com.baihe]; permName: android.permission.GET_TASKS; type = 0; res = -1; stacktrace=java.lang.Exception

08-05 16:41:52.622  1588  7051 I LSPosed-Bridge: 	at com.example.permlabel.requirePerm$1$2.afterHookedMethod(requirePerm.java:139)

08-05 16:41:52.622  1588  7051 I LSPosed-Bridge: 	at de.robv.android.xposed.XposedBridge$AdditionalHookInfo.callback(Unknown Source:147)

08-05 16:41:52.622  1588  7051 I LSPosed-Bridge: 	at LSPHooker_.checkPermission(Unknown Source:25)

08-05 16:41:52.622  1588  7051 I LSPosed-Bridge: 	at com.android.server.am.ActivityManagerService.isGetTasksAllowed(ActivityManagerService.java:10902)

08-05 16:41:52.622  1588  7051 I LSPosed-Bridge: 	at com.android.server.am.ActivityManagerService.getRunningAppProcesses(ActivityManagerService.java:16139)

08-05 16:41:52.622  1588  7051 I LSPosed-Bridge: 	at android.app.IActivityManager$Stub.onTransact(IActivityManager.java:1088)

08-05 16:41:52.622  1588  7051 I LSPosed-Bridge: 	at com.android.server.am.ActivityManagerService.onTransact(ActivityManagerService.java:3346)

08-05 16:41:52.622  1588  7051 I LSPosed-Bridge: 	at android.os.Binder.execTransact(Binder.java:731)

08-05 16:41:52.622  5650  9182 I LSPosed-Bridge: 5650 PermLabel hookBinder_test 10147 interfaceBinder =android.app.IActivityManager; arg0 = 81; arg1 = android.os.Parcel@3426fc8; arg2 = android.os.Parcel@6e9ab14; arg3 = 0; res = true; stacktrace=java.lang.Exception

08-05 16:41:52.622  5650  9182 I LSPosed-Bridge: 	at com.example.permlabel.hookBinder_test$1.afterHookedMethod(hookBinder_test.java:70)

08-05 16:41:52.622  5650  9182 I LSPosed-Bridge: 	at de.robv.android.xposed.XposedBridge$AdditionalHookInfo.callback(Unknown Source:147)

08-05 16:41:52.622  5650  9182 I LSPosed-Bridge: 	at LSPHooker_.transact(Unknown Source:28)

08-05 16:41:52.622  5650  9182 I LSPosed-Bridge: 	at android.app.IActivityManager$Stub$Proxy.getRunningAppProcesses(IActivityManager.java:5366)

08-05 16:41:52.622  5650  9182 I LSPosed-Bridge: 	at android.app.ActivityManager.getRunningAppProcesses(ActivityManager.java:3435)

08-05 16:41:52.622  5650  9182 I LSPosed-Bridge: 	at java.lang.reflect.Method.invoke(Native Method)

08-05 16:41:52.622  5650  9182 I LSPosed-Bridge: 	at org.lsposed.lspd.nativebridge.HookBridge.invokeOriginalMethod(Native Method)

08-05 16:41:52.622  5650  9182 I LSPosed-Bridge: 	at de.robv.android.xposed.XposedBridge$AdditionalHookInfo.callback(Unknown Source:110)

08-05 16:41:52.622  5650  9182 I LSPosed-Bridge: 	at LSPHooker_.getRunningAppProcesses(Unknown Source:8)

08-05 16:41:52.622  5650  9182 I LSPosed-Bridge: 	at com.alibaba.wireless.security.open.edgecomputing.ECMiscInfo.isBackgroundNew(Unknown Source:8)

08-05 16:41:52.622  5650  9182 I LSPosed-Bridge: 	at com.alibaba.wireless.security.open.edgecomputing.ECMiscInfo$а.run(Unknown Source:18)

08-05 16:41:52.622  5650  9182 I LSPosed-Bridge: 	at android.os.Handler.handleCallback(Handler.java:873)

08-05 16:41:52.622  5650  9182 I LSPosed-Bridge: 	at android.os.Handler.dispatchMessage(Handler.java:99)

08-05 16:41:52.622  5650  9182 I LSPosed-Bridge: 	at android.os.Looper.loop(Looper.java:193)

08-05 16:41:52.622  5650  9182 I LSPosed-Bridge: 	at android.os.HandlerThread.run(HandlerThread.java:65)

08-05 16:41:52.622  5650  9182 I LSPosed-Bridge: 5650 PermLabel getRunningAppProcesses =android.app.ActivityManager$RunningAppProcessInfo@54549b2

08-05 16:41:52.622  5650  9182 I LSPosed-Bridge: 5650 PermLabel getRunningAppProcesses processName: com.baihe pid: 5650

08-05 16:41:52.622  5650  9182 I LSPosed-Bridge: 5650 PermLabel getRunningAppProcesses importance: 100 pid: 5650

08-05 16:41:52.622  5650  9182 I LSPosed-Bridge: 5650 PermLabel getRunningAppProcesses packageName com.baihe at index 0 in process 5650

08-05 16:41:52.622  5650  9182 I LSPosed-Bridge: 5650 PermLabel permName: android.permission.READ_PHONE_STATE; getRunningAppProcesses =[android.app.ActivityManager$RunningAppProcessInfo@54549b2]; stacktrace=java.lang.Exception

08-05 16:41:52.622  5650  9182 I LSPosed-Bridge: 	at com.example.permlabel.hookBinder_test$2.afterHookedMethod(hookBinder_test.java:110)

08-05 16:41:52.622  5650  9182 I LSPosed-Bridge: 	at de.robv.android.xposed.XposedBridge$AdditionalHookInfo.callback(Unknown Source:147)

08-05 16:41:52.622  5650  9182 I LSPosed-Bridge: 	at LSPHooker_.getRunningAppProcesses(Unknown Source:8)

08-05 16:41:52.622  5650  9182 I LSPosed-Bridge: 	at com.alibaba.wireless.security.open.edgecomputing.ECMiscInfo.isBackgroundNew(Unknown Source:8)

08-05 16:41:52.622  5650  9182 I LSPosed-Bridge: 	at com.alibaba.wireless.security.open.edgecomputing.ECMiscInfo$а.run(Unknown Source:18)

08-05 16:41:52.622  5650  9182 I LSPosed-Bridge: 	at android.os.Handler.handleCallback(Handler.java:873)

08-05 16:41:52.622  5650  9182 I LSPosed-Bridge: 	at android.os.Handler.dispatchMessage(Handler.java:99)

08-05 16:41:52.622  5650  9182 I LSPosed-Bridge: 	at android.os.Looper.loop(Looper.java:193)

08-05 16:41:52.622  5650  9182 I LSPosed-Bridge: 	at android.os.HandlerThread.run(HandlerThread.java:65)

08-05 16:41:55.688  1588  4500 I LSPosed-Bridge: 5650 PermLabel 10147 AMS.checkPermission: Binder.getCallingPid() = 5650; uid = 10147; Binder.getCallingUid() = 10147; getNameForUid: com.baihe; getPackagesForUid: [com.baihe]; permName: android.permission.GET_TASKS; type = 0; res = -1; stacktrace=java.lang.Exception

08-05 16:41:55.688  1588  4500 I LSPosed-Bridge: 	at com.example.permlabel.requirePerm$1$2.afterHookedMethod(requirePerm.java:139)

08-05 16:41:55.688  1588  4500 I LSPosed-Bridge: 	at de.robv.android.xposed.XposedBridge$AdditionalHookInfo.callback(Unknown Source:147)

08-05 16:41:55.688  1588  4500 I LSPosed-Bridge: 	at LSPHooker_.checkPermission(Unknown Source:25)

08-05 16:41:55.688  1588  4500 I LSPosed-Bridge: 	at com.android.server.am.ActivityManagerService.isGetTasksAllowed(ActivityManagerService.java:10902)

08-05 16:41:55.688  1588  4500 I LSPosed-Bridge: 	at com.android.server.am.ActivityManagerService.getServices(ActivityManagerService.java:20573)

08-05 16:41:55.688  1588  4500 I LSPosed-Bridge: 	at android.app.IActivityManager$Stub.onTransact(IActivityManager.java:1064)

08-05 16:41:55.688  1588  4500 I LSPosed-Bridge: 	at com.android.server.am.ActivityManagerService.onTransact(ActivityManagerService.java:3346)

08-05 16:41:55.688  1588  4500 I LSPosed-Bridge: 	at android.os.Binder.execTransact(Binder.java:731)

08-05 16:41:56.246  5650  5650 I LSPosed-Bridge: 5650 PermLabel hookBinder_test 10147 interfaceBinder =android.app.IActivityManager; arg0 = 11; arg1 = android.os.Parcel@6e9ab14; arg2 = android.os.Parcel@aaac3f5; arg3 = 0; res = true; stacktrace=java.lang.Exception

08-05 16:41:56.246  5650  5650 I LSPosed-Bridge: 	at com.example.permlabel.hookBinder_test$1.afterHookedMethod(hookBinder_test.java:70)

08-05 16:41:56.246  5650  5650 I LSPosed-Bridge: 	at de.robv.android.xposed.XposedBridge$AdditionalHookInfo.callback(Unknown Source:147)

08-05 16:41:56.246  5650  5650 I LSPosed-Bridge: 	at LSPHooker_.transact(Unknown Source:28)

08-05 16:41:56.246  5650  5650 I LSPosed-Bridge: 	at android.app.IActivityManager$Stub$Proxy.broadcastIntent(IActivityManager.java:3893)

08-05 16:41:56.246  5650  5650 I LSPosed-Bridge: 	at android.app.ContextImpl.sendBroadcast(ContextImpl.java:1009)

08-05 16:41:56.246  5650  5650 I LSPosed-Bridge: 	at android.content.ContextWrapper.sendBroadcast(ContextWrapper.java:444)

08-05 16:41:56.246  5650  5650 I LSPosed-Bridge: 	at android.content.ContextWrapper.sendBroadcast(ContextWrapper.java:444)

08-05 16:41:56.246  5650  5650 I LSPosed-Bridge: 	at com.alibaba.wireless.security.open.edgecomputing.ECMiscInfo$б.onActivitySaveInstanceState(Unknown Source:7)

08-05 16:41:56.246  5650  5650 I LSPosed-Bridge: 	at android.app.Application.dispatchActivitySaveInstanceState(Application.java:266)

08-05 16:41:56.246  5650  5650 I LSPosed-Bridge: 	at android.app.Activity.onSaveInstanceState(Activity.java:1633)

08-05 16:41:56.246  5650  5650 I LSPosed-Bridge: 	at androidx.core.app.ComponentActivity.onSaveInstanceState(ComponentActivity.java:2)

08-05 16:41:56.246  5650  5650 I LSPosed-Bridge: 	at androidx.activity.ComponentActivity.onSaveInstanceState(ComponentActivity.java:4)

08-05 16:41:56.246  5650  5650 I LSPosed-Bridge: 	at androidx.fragment.app.FragmentActivity.onSaveInstanceState(FragmentActivity.java:1)

08-05 16:41:56.246  5650  5650 I LSPosed-Bridge: 	at androidx.appcompat.app.AppCompatActivity.onSaveInstanceState(AppCompatActivity.java:1)

08-05 16:41:56.246  5650  5650 I LSPosed-Bridge: 	at colorjoin.framework.activity.MageBaseActivity.onSaveInstanceState(MageBaseActivity.java:1)

08-05 16:41:56.246  5650  5650 I LSPosed-Bridge: 	at colorjoin.framework.activity.MageActivity.onSaveInstanceState(MageActivity.java:1)

08-05 16:41:56.246  5650  5650 I LSPosed-Bridge: 	at colorjoin.app.base.activities.ABActivity.onSaveInstanceState(ABActivity.java:1)

08-05 16:41:56.246  5650  5650 I LSPosed-Bridge: 	at android.app.Activity.performSaveInstanceState(Activity.java:1549)

08-05 16:41:56.246  5650  5650 I LSPosed-Bridge: 	at android.app.Instrumentation.callActivityOnSaveInstanceState(Instrumentation.java:1444)

08-05 16:41:56.246  5650  5650 I LSPosed-Bridge: 	at android.app.ActivityThread.callActivityOnSaveInstanceState(ActivityThread.java:4810)

08-05 16:41:56.246  5650  5650 I LSPosed-Bridge: 	at android.app.ActivityThread.callActivityOnStop(ActivityThread.java:4158)

08-05 16:41:56.246  5650  5650 I LSPosed-Bridge: 	at android.app.ActivityThread.performStopActivityInner(ActivityThread.java:4122)

08-05 16:41:56.246  5650  5650 I LSPosed-Bridge: 	at android.app.ActivityThread.handleStopActivity(ActivityThread.java:4197)

08-05 16:41:56.246  5650  5650 I LSPosed-Bridge: 	at android.app.servertransaction.StopActivityItem.execute(StopActivityItem.java:41)

08-05 16:41:56.246  5650  5650 I LSPosed-Bridge: 	at android.app.servertransaction.TransactionExecutor.executeLifecycleState(TransactionExecutor.java:145)

08-05 16:41:56.246  5650  5650 I LSPosed-Bridge: 	at android.app.servertransaction.TransactionExecutor.execute(TransactionExecutor.java:70)

08-05 16:41:56.246  5650  5650 I LSPosed-Bridge: 	at android.app.ActivityThread$H.handleMessage(ActivityThread.java:1809)

08-05 16:41:56.246  5650  5650 I LSPosed-Bridge: 	at i.g.a.a.a.handleMessage(ActivityThreadCallback.java:4)

08-05 16:41:56.246  5650  5650 I LSPosed-Bridge: 	at android.os.Handler.dispatchMessage(Handler.java:102)

08-05 16:41:56.246  5650  5650 I LSPosed-Bridge: 	at android.os.Looper.loop(Looper.java:193)

08-05 16:41:56.246  5650  5650 I LSPosed-Bridge: 	at android.app.ActivityThread.main(ActivityThread.java:6692)

08-05 16:41:56.246  5650  5650 I LSPosed-Bridge: 	at java.lang.reflect.Method.invoke(Native Method)

08-05 16:41:56.246  5650  5650 I LSPosed-Bridge: 	at com.android.internal.os.RuntimeInit$MethodAndArgsCaller.run(RuntimeInit.java:493)

08-05 16:41:56.246  5650  5650 I LSPosed-Bridge: 	at com.android.internal.os.ZygoteInit.main(ZygoteInit.java:858)

08-05 16:41:56.246  1588  9601 I LSPosed-Bridge: 5650 PermLabel 10147 AMS.checkPermission: Binder.getCallingPid() = 5650; uid = 10147; Binder.getCallingUid() = 10147; getNameForUid: com.baihe; getPackagesForUid: [com.baihe]; permName: android.permission.GET_TASKS; type = 0; res = -1; stacktrace=java.lang.Exception

08-05 16:41:56.246  1588  9601 I LSPosed-Bridge: 	at com.example.permlabel.requirePerm$1$2.afterHookedMethod(requirePerm.java:139)

08-05 16:41:56.246  1588  9601 I LSPosed-Bridge: 	at de.robv.android.xposed.XposedBridge$AdditionalHookInfo.callback(Unknown Source:147)

08-05 16:41:56.246  1588  9601 I LSPosed-Bridge: 	at LSPHooker_.checkPermission(Unknown Source:25)

08-05 16:41:56.246  1588  9601 I LSPosed-Bridge: 	at com.android.server.am.ActivityManagerService.isGetTasksAllowed(ActivityManagerService.java:10902)

08-05 16:41:56.246  1588  9601 I LSPosed-Bridge: 	at com.android.server.am.ActivityManagerService.getRunningAppProcesses(ActivityManagerService.java:16139)

08-05 16:41:56.246  1588  9601 I LSPosed-Bridge: 	at android.app.IActivityManager$Stub.onTransact(IActivityManager.java:1088)

08-05 16:41:56.246  1588  9601 I LSPosed-Bridge: 	at com.android.server.am.ActivityManagerService.onTransact(ActivityManagerService.java:3346)

08-05 16:41:56.246  1588  9601 I LSPosed-Bridge: 	at android.os.Binder.execTransact(Binder.java:731)

08-05 16:41:56.246  5650  9182 I LSPosed-Bridge: 5650 PermLabel hookBinder_test 10147 interfaceBinder =android.app.IActivityManager; arg0 = 81; arg1 = android.os.Parcel@849a018; arg2 = android.os.Parcel@b0aa71; arg3 = 0; res = true; stacktrace=java.lang.Exception

08-05 16:41:56.246  5650  9182 I LSPosed-Bridge: 	at com.example.permlabel.hookBinder_test$1.afterHookedMethod(hookBinder_test.java:70)

08-05 16:41:56.246  5650  9182 I LSPosed-Bridge: 	at de.robv.android.xposed.XposedBridge$AdditionalHookInfo.callback(Unknown Source:147)

08-05 16:41:56.246  5650  9182 I LSPosed-Bridge: 	at LSPHooker_.transact(Unknown Source:28)

08-05 16:41:56.246  5650  9182 I LSPosed-Bridge: 	at android.app.IActivityManager$Stub$Proxy.getRunningAppProcesses(IActivityManager.java:5366)

08-05 16:41:56.246  5650  9182 I LSPosed-Bridge: 	at android.app.ActivityManager.getRunningAppProcesses(ActivityManager.java:3435)

08-05 16:41:56.246  5650  9182 I LSPosed-Bridge: 	at java.lang.reflect.Method.invoke(Native Method)

08-05 16:41:56.246  5650  9182 I LSPosed-Bridge: 	at org.lsposed.lspd.nativebridge.HookBridge.invokeOriginalMethod(Native Method)

08-05 16:41:56.246  5650  9182 I LSPosed-Bridge: 	at de.robv.android.xposed.XposedBridge$AdditionalHookInfo.callback(Unknown Source:110)

08-05 16:41:56.246  5650  9182 I LSPosed-Bridge: 	at LSPHooker_.getRunningAppProcesses(Unknown Source:8)

08-05 16:41:56.246  5650  9182 I LSPosed-Bridge: 	at com.alibaba.wireless.security.open.edgecomputing.ECMiscInfo.isBackgroundNew(Unknown Source:8)

08-05 16:41:56.246  5650  9182 I LSPosed-Bridge: 	at com.alibaba.wireless.security.open.edgecomputing.ECMiscInfo$а.run(Unknown Source:18)

08-05 16:41:56.246  5650  9182 I LSPosed-Bridge: 	at android.os.Handler.handleCallback(Handler.java:873)

08-05 16:41:56.246  5650  9182 I LSPosed-Bridge: 	at android.os.Handler.dispatchMessage(Handler.java:99)

08-05 16:41:56.246  5650  9182 I LSPosed-Bridge: 	at android.os.Looper.loop(Looper.java:193)

08-05 16:41:56.246  5650  9182 I LSPosed-Bridge: 	at android.os.HandlerThread.run(HandlerThread.java:65)

08-05 16:41:59.156  1588  7051 I LSPosed-Bridge: 5650 PermLabel 10147 AMS.checkPermission: Binder.getCallingPid() = 5650; uid = 10147; Binder.getCallingUid() = 10147; getNameForUid: com.baihe; getPackagesForUid: [com.baihe]; permName: android.permission.GET_TASKS; type = 0; res = -1; stacktrace=java.lang.Exception

08-05 16:41:59.156  1588  7051 I LSPosed-Bridge: 	at com.example.permlabel.requirePerm$1$2.afterHookedMethod(requirePerm.java:139)

08-05 16:41:59.156  1588  7051 I LSPosed-Bridge: 	at de.robv.android.xposed.XposedBridge$AdditionalHookInfo.callback(Unknown Source:147)

08-05 16:41:59.156  1588  7051 I LSPosed-Bridge: 	at LSPHooker_.checkPermission(Unknown Source:25)

08-05 16:41:59.156  1588  7051 I LSPosed-Bridge: 	at com.android.server.am.ActivityManagerService.isGetTasksAllowed(ActivityManagerService.java:10902)

08-05 16:41:59.156  1588  7051 I LSPosed-Bridge: 	at com.android.server.am.ActivityManagerService.getServices(ActivityManagerService.java:20573)

08-05 16:41:59.156  1588  7051 I LSPosed-Bridge: 	at android.app.IActivityManager$Stub.onTransact(IActivityManager.java:1064)

08-05 16:41:59.156  1588  7051 I LSPosed-Bridge: 	at com.android.server.am.ActivityManagerService.onTransact(ActivityManagerService.java:3346)

08-05 16:41:59.156  1588  7051 I LSPosed-Bridge: 	at android.os.Binder.execTransact(Binder.java:731)

08-05 16:41:59.660  5650  5650 I LSPosed-Bridge: 5650 PermLabel hookBinder_test 10147 interfaceBinder =android.app.IActivityManager; arg0 = 11; arg1 = android.os.Parcel@6e9ab14; arg2 = android.os.Parcel@aaac3f5; arg3 = 0; res = true; stacktrace=java.lang.Exception

08-05 16:41:59.660  5650  5650 I LSPosed-Bridge: 	at com.example.permlabel.hookBinder_test$1.afterHookedMethod(hookBinder_test.java:70)

08-05 16:41:59.660  5650  5650 I LSPosed-Bridge: 	at de.robv.android.xposed.XposedBridge$AdditionalHookInfo.callback(Unknown Source:147)

08-05 16:41:59.660  5650  5650 I LSPosed-Bridge: 	at LSPHooker_.transact(Unknown Source:28)

08-05 16:41:59.660  5650  5650 I LSPosed-Bridge: 	at android.app.IActivityManager$Stub$Proxy.broadcastIntent(IActivityManager.java:3893)

08-05 16:41:59.660  5650  5650 I LSPosed-Bridge: 	at android.app.ContextImpl.sendBroadcast(ContextImpl.java:1009)

08-05 16:41:59.660  5650  5650 I LSPosed-Bridge: 	at android.content.ContextWrapper.sendBroadcast(ContextWrapper.java:444)

08-05 16:41:59.660  5650  5650 I LSPosed-Bridge: 	at android.content.ContextWrapper.sendBroadcast(ContextWrapper.java:444)

08-05 16:41:59.660  5650  5650 I LSPosed-Bridge: 	at com.alibaba.wireless.security.open.edgecomputing.ECMiscInfo$б.onActivityDestroyed(Unknown Source:7)

08-05 16:41:59.660  5650  5650 I LSPosed-Bridge: 	at android.app.Application.dispatchActivityDestroyed(Application.java:276)

08-05 16:41:59.660  5650  5650 I LSPosed-Bridge: 	at android.app.Activity.onDestroy(Activity.java:2002)

08-05 16:41:59.660  5650  5650 I LSPosed-Bridge: 	at androidx.fragment.app.FragmentActivity.onDestroy(FragmentActivity.java:1)

08-05 16:41:59.660  5650  5650 I LSPosed-Bridge: 	at androidx.appcompat.app.AppCompatActivity.onDestroy(AppCompatActivity.java:1)

08-05 16:41:59.660  5650  5650 I LSPosed-Bridge: 	at colorjoin.framework.activity.MageCommunicationActivity.onDestroy(MageCommunicationActivity.java:1)

08-05 16:41:59.660  5650  5650 I LSPosed-Bridge: 	at colorjoin.framework.activity.MageActivity.onDestroy(MageActivity.java:1)

08-05 16:41:59.660  5650  5650 I LSPosed-Bridge: 	at colorjoin.app.base.activities.ABActivity.onDestroy(ABActivity.java:2)

08-05 16:41:59.660  5650  5650 I LSPosed-Bridge: 	at com.baihe.libs.framework.template.activity.BHFActivityTitleContent.onDestroy(BHFActivityTitleContent.java:2)

08-05 16:41:59.660  5650  5650 I LSPosed-Bridge: 	at android.app.Activity.performDestroy(Activity.java:7395)

08-05 16:41:59.660  5650  5650 I LSPosed-Bridge: 	at android.app.Instrumentation.callActivityOnDestroy(Instrumentation.java:1307)

08-05 16:41:59.660  5650  5650 I LSPosed-Bridge: 	at android.app.ActivityThread.performDestroyActivity(ActivityThread.java:4444)

08-05 16:41:59.660  5650  5650 I LSPosed-Bridge: 	at android.app.ActivityThread.handleDestroyActivity(ActivityThread.java:4477)

08-05 16:41:59.660  5650  5650 I LSPosed-Bridge: 	at android.app.servertransaction.DestroyActivityItem.execute(DestroyActivityItem.java:39)

08-05 16:41:59.660  5650  5650 I LSPosed-Bridge: 	at android.app.servertransaction.TransactionExecutor.executeLifecycleState(TransactionExecutor.java:145)

08-05 16:41:59.660  5650  5650 I LSPosed-Bridge: 	at android.app.servertransaction.TransactionExecutor.execute(TransactionExecutor.java:70)

08-05 16:41:59.660  5650  5650 I LSPosed-Bridge: 	at android.app.ActivityThread$H.handleMessage(ActivityThread.java:1809)

08-05 16:41:59.660  5650  5650 I LSPosed-Bridge: 	at i.g.a.a.a.handleMessage(ActivityThreadCallback.java:4)

08-05 16:41:59.660  5650  5650 I LSPosed-Bridge: 	at android.os.Handler.dispatchMessage(Handler.java:102)

08-05 16:41:59.660  5650  5650 I LSPosed-Bridge: 	at android.os.Looper.loop(Looper.java:193)

08-05 16:41:59.660  5650  5650 I LSPosed-Bridge: 	at android.app.ActivityThread.main(ActivityThread.java:6692)

08-05 16:41:59.660  5650  5650 I LSPosed-Bridge: 	at java.lang.reflect.Method.invoke(Native Method)

08-05 16:41:59.660  5650  5650 I LSPosed-Bridge: 	at com.android.internal.os.RuntimeInit$MethodAndArgsCaller.run(RuntimeInit.java:493)

08-05 16:41:59.660  5650  5650 I LSPosed-Bridge: 	at com.android.internal.os.ZygoteInit.main(ZygoteInit.java:858)

08-05 16:41:59.660  1588  4500 I LSPosed-Bridge: 5650 PermLabel 10147 AMS.checkPermission: Binder.getCallingPid() = 5650; uid = 10147; Binder.getCallingUid() = 10147; getNameForUid: com.baihe; getPackagesForUid: [com.baihe]; permName: android.permission.GET_TASKS; type = 0; res = -1; stacktrace=java.lang.Exception

08-05 16:41:59.660  1588  4500 I LSPosed-Bridge: 	at com.example.permlabel.requirePerm$1$2.afterHookedMethod(requirePerm.java:139)

08-05 16:41:59.660  1588  4500 I LSPosed-Bridge: 	at de.robv.android.xposed.XposedBridge$AdditionalHookInfo.callback(Unknown Source:147)

08-05 16:41:59.660  1588  4500 I LSPosed-Bridge: 	at LSPHooker_.checkPermission(Unknown Source:25)

08-05 16:41:59.660  1588  4500 I LSPosed-Bridge: 	at com.android.server.am.ActivityManagerService.isGetTasksAllowed(ActivityManagerService.java:10902)

08-05 16:41:59.660  1588  4500 I LSPosed-Bridge: 	at com.android.server.am.ActivityManagerService.getRunningAppProcesses(ActivityManagerService.java:16139)

08-05 16:41:59.660  1588  4500 I LSPosed-Bridge: 	at android.app.IActivityManager$Stub.onTransact(IActivityManager.java:1088)

08-05 16:41:59.660  1588  4500 I LSPosed-Bridge: 	at com.android.server.am.ActivityManagerService.onTransact(ActivityManagerService.java:3346)

08-05 16:41:59.660  1588  4500 I LSPosed-Bridge: 	at android.os.Binder.execTransact(Binder.java:731)

08-05 16:42:02.882  1588  9601 I LSPosed-Bridge: 5650 PermLabel 10147 AMS.checkPermission: Binder.getCallingPid() = 5650; uid = 10147; Binder.getCallingUid() = 10147; getNameForUid: com.baihe; getPackagesForUid: [com.baihe]; permName: android.permission.GET_TASKS; type = 0; res = -1; stacktrace=java.lang.Exception

08-05 16:42:02.882  1588  9601 I LSPosed-Bridge: 	at com.example.permlabel.requirePerm$1$2.afterHookedMethod(requirePerm.java:139)

08-05 16:42:02.882  1588  9601 I LSPosed-Bridge: 	at de.robv.android.xposed.XposedBridge$AdditionalHookInfo.callback(Unknown Source:147)

08-05 16:42:02.882  1588  9601 I LSPosed-Bridge: 	at LSPHooker_.checkPermission(Unknown Source:25)

08-05 16:42:02.882  1588  9601 I LSPosed-Bridge: 	at com.android.server.am.ActivityManagerService.isGetTasksAllowed(ActivityManagerService.java:10902)

08-05 16:42:02.882  1588  9601 I LSPosed-Bridge: 	at com.android.server.am.ActivityManagerService.getServices(ActivityManagerService.java:20573)

08-05 16:42:02.882  1588  9601 I LSPosed-Bridge: 	at android.app.IActivityManager$Stub.onTransact(IActivityManager.java:1064)

08-05 16:42:02.882  1588  9601 I LSPosed-Bridge: 	at com.android.server.am.ActivityManagerService.onTransact(ActivityManagerService.java:3346)

08-05 16:42:02.882  1588  9601 I LSPosed-Bridge: 	at android.os.Binder.execTransact(Binder.java:731)

08-05 16:42:03.447  1588  9601 I LSPosed-Bridge: 5650 PermLabel 10147 AMS.checkPermission: Binder.getCallingPid() = 5650; uid = 10147; Binder.getCallingUid() = 10147; getNameForUid: com.baihe; getPackagesForUid: [com.baihe]; permName: android.permission.GET_TASKS; type = 0; res = -1; stacktrace=java.lang.Exception

08-05 16:42:03.447  1588  9601 I LSPosed-Bridge: 	at com.example.permlabel.requirePerm$1$2.afterHookedMethod(requirePerm.java:139)

