08-05 16:44:44.149  1588  9603 I LSPosed-Bridge: 5650 PermLabel 10147 AMS.checkPermission: Binder.getCallingPid() = 5650; uid = 10147; Binder.getCallingUid() = 10147; getNameForUid: com.baihe; getPackagesForUid: [com.baihe]; permName: android.permission.GET_TASKS; type = 0; res = -1; stacktrace=java.lang.Exception

08-05 16:44:44.149  1588  9603 I LSPosed-Bridge: 	at com.example.permlabel.requirePerm$1$2.afterHookedMethod(requirePerm.java:139)

08-05 16:44:44.149  1588  9603 I LSPosed-Bridge: 	at de.robv.android.xposed.XposedBridge$AdditionalHookInfo.callback(Unknown Source:147)

08-05 16:44:44.149  1588  9603 I LSPosed-Bridge: 	at LSPHooker_.checkPermission(Unknown Source:25)

08-05 16:44:44.149  1588  9603 I LSPosed-Bridge: 	at com.android.server.am.ActivityManagerService.isGetTasksAllowed(ActivityManagerService.java:10902)

08-05 16:44:44.149  1588  9603 I LSPosed-Bridge: 	at com.android.server.am.ActivityManagerService.getServices(ActivityManagerService.java:20573)

08-05 16:44:44.149  1588  9603 I LSPosed-Bridge: 	at android.app.IActivityManager$Stub.onTransact(IActivityManager.java:1064)

08-05 16:44:44.149  1588  9603 I LSPosed-Bridge: 	at com.android.server.am.ActivityManagerService.onTransact(ActivityManagerService.java:3346)

08-05 16:44:44.149  1588  9603 I LSPosed-Bridge: 	at android.os.Binder.execTransact(Binder.java:731)

08-05 16:44:44.149   555   555 I ConfigStore: android::hardware::configstore::V1_0::ISurfaceFlingerConfigs::hasHDRDisplay retrieved: 0

08-05 16:44:44.149  5650  5650 I LSPosed-Bridge: 5650 PermLabel hookBinder_test 10147 interfaceBinder =android.app.IActivityManager; arg0 = 79; arg1 = android.os.Parcel@ae53018; arg2 = android.os.Parcel@aa0aca6; arg3 = 0; res = true; stacktrace=java.lang.Exception

08-05 16:44:44.149  5650  5650 I LSPosed-Bridge: 	at com.example.permlabel.hookBinder_test$1.afterHookedMethod(hookBinder_test.java:70)

08-05 16:44:44.149  5650  5650 I LSPosed-Bridge: 	at de.robv.android.xposed.XposedBridge$AdditionalHookInfo.callback(Unknown Source:147)

08-05 16:44:44.149  5650  5650 I LSPosed-Bridge: 	at LSPHooker_.transact(Unknown Source:28)

08-05 16:44:44.149  5650  5650 I LSPosed-Bridge: 	at android.app.IActivityManager$Stub$Proxy.getServices(IActivityManager.java:5324)

08-05 16:44:44.149  5650  5650 I LSPosed-Bridge: 	at android.app.ActivityManager.getRunningServices(ActivityManager.java:2490)

08-05 16:44:44.149  5650  5650 I LSPosed-Bridge: 	at h.c.s.p.a(ServiceUtil.java:2)

08-05 16:44:44.149  5650  5650 I LSPosed-Bridge: 	at com.baihe.libs.framework.template.activity.a.a(ProtoBufServiceConnectUtil.java:2)

08-05 16:44:44.149  5650  5650 I LSPosed-Bridge: 	at com.baihe.libs.framework.template.activity.BHFActivityTitleContent.onResume(BHFActivityTitleContent.java:3)

08-05 16:44:44.149  5650  5650 I LSPosed-Bridge: 	at com.baihe.libs.login.activity.LGIndexActivity.onResume(LGIndexActivity.java:1)

08-05 16:44:44.149  5650  5650 I LSPosed-Bridge: 	at android.app.Instrumentation.callActivityOnResume(Instrumentation.java:1413)

08-05 16:44:44.149  5650  5650 I LSPosed-Bridge: 	at android.app.Activity.performResume(Activity.java:7292)

08-05 16:44:44.149  5650  5650 I LSPosed-Bridge: 	at android.app.ActivityThread.performResumeActivity(ActivityThread.java:3777)

08-05 16:44:44.149  5650  5650 I LSPosed-Bridge: 	at android.app.ActivityThread.handleResumeActivity(ActivityThread.java:3817)

08-05 16:44:44.149  5650  5650 I LSPosed-Bridge: 	at android.app.servertransaction.ResumeActivityItem.execute(ResumeActivityItem.java:51)

08-05 16:44:44.149  5650  5650 I LSPosed-Bridge: 	at android.app.servertransaction.TransactionExecutor.executeLifecycleState(TransactionExecutor.java:145)

08-05 16:44:44.149  5650  5650 I LSPosed-Bridge: 	at android.app.servertransaction.TransactionExecutor.execute(TransactionExecutor.java:70)

08-05 16:44:44.149  5650  5650 I LSPosed-Bridge: 	at android.app.ActivityThread$H.handleMessage(ActivityThread.java:1809)

08-05 16:44:44.149  5650  5650 I LSPosed-Bridge: 	at i.g.a.a.a.handleMessage(ActivityThreadCallback.java:4)

08-05 16:44:44.149  5650  5650 I LSPosed-Bridge: 	at android.os.Handler.dispatchMessage(Handler.java:102)

08-05 16:44:44.149  5650  5650 I LSPosed-Bridge: 	at android.os.Looper.loop(Looper.java:193)

08-05 16:44:44.149  5650  5650 I LSPosed-Bridge: 	at android.app.ActivityThread.main(ActivityThread.java:6692)

08-05 16:44:44.149  5650  5650 I LSPosed-Bridge: 	at java.lang.reflect.Method.invoke(Native Method)

08-05 16:44:44.149  5650  5650 I LSPosed-Bridge: 	at com.android.internal.os.RuntimeInit$MethodAndArgsCaller.run(RuntimeInit.java:493)

08-05 16:44:44.149  5650  5650 I LSPosed-Bridge: 	at com.android.internal.os.ZygoteInit.main(ZygoteInit.java:858)

08-05 16:44:44.644  1588  4500 I LSPosed-Bridge: 5650 PermLabel 10147 AMS.checkPermission: Binder.getCallingPid() = 5650; uid = 10147; Binder.getCallingUid() = 10147; getNameForUid: com.baihe; getPackagesForUid: [com.baihe]; permName: android.permission.GET_TASKS; type = 0; res = -1; stacktrace=java.lang.Exception

08-05 16:44:44.644  1588  4500 I LSPosed-Bridge: 	at com.example.permlabel.requirePerm$1$2.afterHookedMethod(requirePerm.java:139)

08-05 16:44:44.644  1588  4500 I LSPosed-Bridge: 	at de.robv.android.xposed.XposedBridge$AdditionalHookInfo.callback(Unknown Source:147)

08-05 16:44:44.644  1588  4500 I LSPosed-Bridge: 	at LSPHooker_.checkPermission(Unknown Source:25)

08-05 16:44:44.644  1588  4500 I LSPosed-Bridge: 	at com.android.server.am.ActivityManagerService.isGetTasksAllowed(ActivityManagerService.java:10902)

08-05 16:44:44.644  1588  4500 I LSPosed-Bridge: 	at com.android.server.am.ActivityManagerService.getRunningAppProcesses(ActivityManagerService.java:16139)

08-05 16:44:44.644  1588  4500 I LSPosed-Bridge: 	at android.app.IActivityManager$Stub.onTransact(IActivityManager.java:1088)

08-05 16:44:44.644  1588  4500 I LSPosed-Bridge: 	at com.android.server.am.ActivityManagerService.onTransact(ActivityManagerService.java:3346)

08-05 16:44:44.644  1588  4500 I LSPosed-Bridge: 	at android.os.Binder.execTransact(Binder.java:731)

08-05 16:44:44.644   555   555 I ConfigStore: android::hardware::configstore::V1_0::ISurfaceFlingerConfigs::hasHDRDisplay retrieved: 0

08-05 16:44:51.553  1588  4500 I LSPosed-Bridge: 5650 PermLabel 10147 AMS.checkPermission: Binder.getCallingPid() = 5650; uid = 10147; Binder.getCallingUid() = 10147; getNameForUid: com.baihe; getPackagesForUid: [com.baihe]; permName: android.permission.GET_TASKS; type = 0; res = -1; stacktrace=java.lang.Exception

08-05 16:44:51.553  1588  4500 I LSPosed-Bridge: 	at com.example.permlabel.requirePerm$1$2.afterHookedMethod(requirePerm.java:139)

08-05 16:44:51.553  1588  4500 I LSPosed-Bridge: 	at de.robv.android.xposed.XposedBridge$AdditionalHookInfo.callback(Unknown Source:147)

08-05 16:44:51.553  1588  4500 I LSPosed-Bridge: 	at LSPHooker_.checkPermission(Unknown Source:25)

08-05 16:44:51.553  1588  4500 I LSPosed-Bridge: 	at com.android.server.am.ActivityManagerService.isGetTasksAllowed(ActivityManagerService.java:10902)

08-05 16:44:51.553  1588  4500 I LSPosed-Bridge: 	at com.android.server.am.ActivityManagerService.getServices(ActivityManagerService.java:20573)

08-05 16:44:51.553  1588  4500 I LSPosed-Bridge: 	at android.app.IActivityManager$Stub.onTransact(IActivityManager.java:1064)

08-05 16:44:51.553  1588  4500 I LSPosed-Bridge: 	at com.android.server.am.ActivityManagerService.onTransact(ActivityManagerService.java:3346)

08-05 16:44:51.553  1588  4500 I LSPosed-Bridge: 	at android.os.Binder.execTransact(Binder.java:731)

08-05 16:44:52.133  1588  9603 I LSPosed-Bridge: 5650 PermLabel 10147 AMS.checkPermission: Binder.getCallingPid() = 5650; uid = 10147; Binder.getCallingUid() = 10147; getNameForUid: com.baihe; getPackagesForUid: [com.baihe]; permName: android.permission.GET_TASKS; type = 0; res = -1; stacktrace=java.lang.Exception

08-05 16:44:52.133  1588  9603 I LSPosed-Bridge: 	at com.example.permlabel.requirePerm$1$2.afterHookedMethod(requirePerm.java:139)

08-05 16:44:52.133  1588  9603 I LSPosed-Bridge: 	at de.robv.android.xposed.XposedBridge$AdditionalHookInfo.callback(Unknown Source:147)

08-05 16:44:52.133  1588  9603 I LSPosed-Bridge: 	at LSPHooker_.checkPermission(Unknown Source:25)

08-05 16:44:52.133  1588  9603 I LSPosed-Bridge: 	at com.android.server.am.ActivityManagerService.isGetTasksAllowed(ActivityManagerService.java:10902)

08-05 16:44:52.133  1588  9603 I LSPosed-Bridge: 	at com.android.server.am.ActivityManagerService.getRunningAppProcesses(ActivityManagerService.java:16139)

08-05 16:44:52.133  1588  9603 I LSPosed-Bridge: 	at android.app.IActivityManager$Stub.onTransact(IActivityManager.java:1088)

08-05 16:44:52.133  1588  9603 I LSPosed-Bridge: 	at com.android.server.am.ActivityManagerService.onTransact(ActivityManagerService.java:3346)

08-05 16:44:52.133  1588  9603 I LSPosed-Bridge: 	at android.os.Binder.execTransact(Binder.java:731)

08-05 16:44:54.984  1588  9603 I LSPosed-Bridge: 5650 PermLabel 10147 AMS.checkPermission: Binder.getCallingPid() = 5650; uid = 10147; Binder.getCallingUid() = 10147; getNameForUid: com.baihe; getPackagesForUid: [com.baihe]; permName: android.permission.GET_TASKS; type = 0; res = -1; stacktrace=java.lang.Exception

08-05 16:44:54.984  1588  9603 I LSPosed-Bridge: 	at com.example.permlabel.requirePerm$1$2.afterHookedMethod(requirePerm.java:139)

08-05 16:44:54.984  1588  9603 I LSPosed-Bridge: 	at de.robv.android.xposed.XposedBridge$AdditionalHookInfo.callback(Unknown Source:147)

08-05 16:44:54.984  1588  9603 I LSPosed-Bridge: 	at LSPHooker_.checkPermission(Unknown Source:25)

08-05 16:44:54.984  1588  9603 I LSPosed-Bridge: 	at com.android.server.am.ActivityManagerService.isGetTasksAllowed(ActivityManagerService.java:10902)

08-05 16:44:54.984  1588  9603 I LSPosed-Bridge: 	at com.android.server.am.ActivityManagerService.getServices(ActivityManagerService.java:20573)

08-05 16:44:54.984  1588  9603 I LSPosed-Bridge: 	at android.app.IActivityManager$Stub.onTransact(IActivityManager.java:1064)

08-05 16:44:54.984  1588  9603 I LSPosed-Bridge: 	at com.android.server.am.ActivityManagerService.onTransact(ActivityManagerService.java:3346)

08-05 16:44:54.984  1588  9603 I LSPosed-Bridge: 	at android.os.Binder.execTransact(Binder.java:731)

08-05 16:44:55.491  5650  5650 I LSPosed-Bridge: 5650 PermLabel hookBinder_test 10147 interfaceBinder =android.app.IActivityManager; arg0 = 11; arg1 = android.os.Parcel@ae53018; arg2 = android.os.Parcel@deed310; arg3 = 0; res = true; stacktrace=java.lang.Exception

08-05 16:44:55.491  5650  5650 I LSPosed-Bridge: 	at com.example.permlabel.hookBinder_test$1.afterHookedMethod(hookBinder_test.java:70)

08-05 16:44:55.491  5650  5650 I LSPosed-Bridge: 	at de.robv.android.xposed.XposedBridge$AdditionalHookInfo.callback(Unknown Source:147)

08-05 16:44:55.491  5650  5650 I LSPosed-Bridge: 	at LSPHooker_.transact(Unknown Source:28)

08-05 16:44:55.491  5650  5650 I LSPosed-Bridge: 	at android.app.IActivityManager$Stub$Proxy.broadcastIntent(IActivityManager.java:3893)

08-05 16:44:55.491  5650  5650 I LSPosed-Bridge: 	at android.app.ContextImpl.sendBroadcast(ContextImpl.java:1009)

08-05 16:44:55.491  5650  5650 I LSPosed-Bridge: 	at android.content.ContextWrapper.sendBroadcast(ContextWrapper.java:444)

08-05 16:44:55.491  5650  5650 I LSPosed-Bridge: 	at android.content.ContextWrapper.sendBroadcast(ContextWrapper.java:444)

08-05 16:44:55.491  5650  5650 I LSPosed-Bridge: 	at com.alibaba.wireless.security.open.edgecomputing.ECMiscInfo$б.onActivityDestroyed(Unknown Source:7)

08-05 16:44:55.491  5650  5650 I LSPosed-Bridge: 	at android.app.Application.dispatchActivityDestroyed(Application.java:276)

08-05 16:44:55.491  5650  5650 I LSPosed-Bridge: 	at android.app.Activity.onDestroy(Activity.java:2002)

08-05 16:44:55.491  5650  5650 I LSPosed-Bridge: 	at androidx.fragment.app.FragmentActivity.onDestroy(FragmentActivity.java:1)

08-05 16:44:55.491  5650  5650 I LSPosed-Bridge: 	at androidx.appcompat.app.AppCompatActivity.onDestroy(AppCompatActivity.java:1)

08-05 16:44:55.491  5650  5650 I LSPosed-Bridge: 	at colorjoin.framework.activity.MageCommunicationActivity.onDestroy(MageCommunicationActivity.java:1)

08-05 16:44:55.491  5650  5650 I LSPosed-Bridge: 	at colorjoin.framework.activity.MageActivity.onDestroy(MageActivity.java:1)

08-05 16:44:55.491  5650  5650 I LSPosed-Bridge: 	at colorjoin.app.base.activities.ABActivity.onDestroy(ABActivity.java:2)

08-05 16:44:55.491  5650  5650 I LSPosed-Bridge: 	at com.baihe.libs.framework.template.activity.BHFActivityTitleContent.onDestroy(BHFActivityTitleContent.java:2)

08-05 16:44:55.491  5650  5650 I LSPosed-Bridge: 	at android.app.Activity.performDestroy(Activity.java:7395)

08-05 16:44:55.491  5650  5650 I LSPosed-Bridge: 	at android.app.Instrumentation.callActivityOnDestroy(Instrumentation.java:1307)

08-05 16:44:55.491  5650  5650 I LSPosed-Bridge: 	at android.app.ActivityThread.performDestroyActivity(ActivityThread.java:4444)

08-05 16:44:55.491  5650  5650 I LSPosed-Bridge: 	at android.app.ActivityThread.handleDestroyActivity(ActivityThread.java:4477)

08-05 16:44:55.491  5650  5650 I LSPosed-Bridge: 	at android.app.servertransaction.DestroyActivityItem.execute(DestroyActivityItem.java:39)

08-05 16:44:55.491  5650  5650 I LSPosed-Bridge: 	at android.app.servertransaction.TransactionExecutor.executeLifecycleState(TransactionExecutor.java:145)

08-05 16:44:55.491  5650  5650 I LSPosed-Bridge: 	at android.app.servertransaction.TransactionExecutor.execute(TransactionExecutor.java:70)

08-05 16:44:55.491  5650  5650 I LSPosed-Bridge: 	at android.app.ActivityThread$H.handleMessage(ActivityThread.java:1809)

08-05 16:44:55.491  5650  5650 I LSPosed-Bridge: 	at i.g.a.a.a.handleMessage(ActivityThreadCallback.java:4)

08-05 16:44:55.491  5650  5650 I LSPosed-Bridge: 	at android.os.Handler.dispatchMessage(Handler.java:102)

08-05 16:44:55.491  5650  5650 I LSPosed-Bridge: 	at android.os.Looper.loop(Looper.java:193)

08-05 16:44:55.491  5650  5650 I LSPosed-Bridge: 	at android.app.ActivityThread.main(ActivityThread.java:6692)

08-05 16:44:55.491  5650  5650 I LSPosed-Bridge: 	at java.lang.reflect.Method.invoke(Native Method)

08-05 16:44:55.491  5650  5650 I LSPosed-Bridge: 	at com.android.internal.os.RuntimeInit$MethodAndArgsCaller.run(RuntimeInit.java:493)

08-05 16:44:55.491  5650  5650 I LSPosed-Bridge: 	at com.android.internal.os.ZygoteInit.main(ZygoteInit.java:858)

08-05 16:44:55.491  1588  4500 I LSPosed-Bridge: 5650 PermLabel 10147 AMS.checkPermission: Binder.getCallingPid() = 5650; uid = 10147; Binder.getCallingUid() = 10147; getNameForUid: com.baihe; getPackagesForUid: [com.baihe]; permName: android.permission.GET_TASKS; type = 0; res = -1; stacktrace=java.lang.Exception

08-05 16:44:55.491  1588  4500 I LSPosed-Bridge: 	at com.example.permlabel.requirePerm$1$2.afterHookedMethod(requirePerm.java:139)

08-05 16:44:55.491  1588  4500 I LSPosed-Bridge: 	at de.robv.android.xposed.XposedBridge$AdditionalHookInfo.callback(Unknown Source:147)

08-05 16:44:55.491  1588  4500 I LSPosed-Bridge: 	at LSPHooker_.checkPermission(Unknown Source:25)

08-05 16:44:55.491  1588  4500 I LSPosed-Bridge: 	at com.android.server.am.ActivityManagerService.isGetTasksAllowed(ActivityManagerService.java:10902)

08-05 16:44:55.491  1588  4500 I LSPosed-Bridge: 	at com.android.server.am.ActivityManagerService.getRunningAppProcesses(ActivityManagerService.java:16139)

08-05 16:44:55.491  1588  4500 I LSPosed-Bridge: 	at android.app.IActivityManager$Stub.onTransact(IActivityManager.java:1088)

08-05 16:44:55.491  1588  4500 I LSPosed-Bridge: 	at com.android.server.am.ActivityManagerService.onTransact(ActivityManagerService.java:3346)

08-05 16:44:55.491  1588  4500 I LSPosed-Bridge: 	at android.os.Binder.execTransact(Binder.java:731)

08-05 16:44:58.702  1588  4500 I LSPosed-Bridge: 5650 PermLabel 10147 AMS.checkPermission: Binder.getCallingPid() = 5650; uid = 10147; Binder.getCallingUid() = 10147; getNameForUid: com.baihe; getPackagesForUid: [com.baihe]; permName: android.permission.GET_TASKS; type = 0; res = -1; stacktrace=java.lang.Exception

08-05 16:44:58.702  1588  4500 I LSPosed-Bridge: 	at com.example.permlabel.requirePerm$1$2.afterHookedMethod(requirePerm.java:139)

08-05 16:44:58.702  1588  4500 I LSPosed-Bridge: 	at de.robv.android.xposed.XposedBridge$AdditionalHookInfo.callback(Unknown Source:147)

08-05 16:44:58.702  1588  4500 I LSPosed-Bridge: 	at LSPHooker_.checkPermission(Unknown Source:25)

08-05 16:44:58.702  1588  4500 I LSPosed-Bridge: 	at com.android.server.am.ActivityManagerService.isGetTasksAllowed(ActivityManagerService.java:10902)

08-05 16:44:58.702  1588  4500 I LSPosed-Bridge: 	at com.android.server.am.ActivityManagerService.getServices(ActivityManagerService.java:20573)

08-05 16:44:58.702  1588  4500 I LSPosed-Bridge: 	at android.app.IActivityManager$Stub.onTransact(IActivityManager.java:1064)

08-05 16:44:58.702  1588  4500 I LSPosed-Bridge: 	at com.android.server.am.ActivityManagerService.onTransact(ActivityManagerService.java:3346)

08-05 16:44:58.702  1588  4500 I LSPosed-Bridge: 	at android.os.Binder.execTransact(Binder.java:731)

08-05 16:44:59.251  1588  9390 I LSPosed-Bridge: 5650 PermLabel 10147 AMS.checkPermission: Binder.getCallingPid() = 5650; uid = 10147; Binder.getCallingUid() = 10147; getNameForUid: com.baihe; getPackagesForUid: [com.baihe]; permName: android.permission.GET_TASKS; type = 0; res = -1; stacktrace=java.lang.Exception

08-05 16:44:59.251  1588  9390 I LSPosed-Bridge: 	at com.example.permlabel.requirePerm$1$2.afterHookedMethod(requirePerm.java:139)

08-05 16:44:59.251  1588  9390 I LSPosed-Bridge: 	at de.robv.android.xposed.XposedBridge$AdditionalHookInfo.callback(Unknown Source:147)

08-05 16:44:59.251  1588  9390 I LSPosed-Bridge: 	at LSPHooker_.checkPermission(Unknown Source:25)

08-05 16:44:59.251  1588  9390 I LSPosed-Bridge: 	at com.android.server.am.ActivityManagerService.isGetTasksAllowed(ActivityManagerService.java:10902)

08-05 16:44:59.251  1588  9390 I LSPosed-Bridge: 	at com.android.server.am.ActivityManagerService.getRunningAppProcesses(ActivityManagerService.java:16139)

08-05 16:44:59.251  1588  9390 I LSPosed-Bridge: 	at android.app.IActivityManager$Stub.onTransact(IActivityManager.java:1088)

08-05 16:44:59.251  1588  9390 I LSPosed-Bridge: 	at com.android.server.am.ActivityManagerService.onTransact(ActivityManagerService.java:3346)

08-05 16:44:59.251  1588  9390 I LSPosed-Bridge: 	at android.os.Binder.execTransact(Binder.java:731)

08-05 16:44:59.251  5650  5650 I LSPosed-Bridge: 5650 PermLabel hookBinder_test 10147 interfaceBinder =android.view.accessibility.IAccessibilityInteractionConnectionCallback; arg0 = 2; arg1 = android.os.Parcel@3b4d194; arg2 = null; arg3 = 1; res = true; stacktrace=java.lang.Exception

08-05 16:44:59.251  5650  5650 I LSPosed-Bridge: 	at com.example.permlabel.hookBinder_test$1.afterHookedMethod(hookBinder_test.java:70)

08-05 16:44:59.251  5650  5650 I LSPosed-Bridge: 	at de.robv.android.xposed.XposedBridge$AdditionalHookInfo.callback(Unknown Source:147)

08-05 16:44:59.251  5650  5650 I LSPosed-Bridge: 	at LSPHooker_.transact(Unknown Source:28)

08-05 16:44:59.251  5650  5650 I LSPosed-Bridge: 	at android.view.accessibility.IAccessibilityInteractionConnectionCallback$Stub$Proxy.setFindAccessibilityNodeInfosResult(IAccessibilityInteractionConnectionCallback.java:146)

08-05 16:44:59.251  5650  5650 I LSPosed-Bridge: 	at android.view.AccessibilityInteractionController.updateInfosForViewportAndReturnFindNodeResult(AccessibilityInteractionController.java:869)

08-05 16:44:59.251  5650  5650 I LSPosed-Bridge: 	at android.view.AccessibilityInteractionController.findAccessibilityNodeInfoByAccessibilityIdUiThread(AccessibilityInteractionController.java:340)

08-05 16:44:59.251  5650  5650 I LSPosed-Bridge: 	at android.view.AccessibilityInteractionController.access$400(AccessibilityInteractionController.java:67)

08-05 16:44:59.251  5650  5650 I LSPosed-Bridge: 	at android.view.AccessibilityInteractionController$PrivateHandler.handleMessage(AccessibilityInteractionController.java:1324)

08-05 16:44:59.251  5650  5650 I LSPosed-Bridge: 	at android.os.Handler.dispatchMessage(Handler.java:106)

08-05 16:44:59.251  5650  5650 I LSPosed-Bridge: 	at android.os.Looper.loop(Looper.java:193)

08-05 16:44:59.251  5650  5650 I LSPosed-Bridge: 	at android.app.ActivityThread.main(ActivityThread.java:6692)

08-05 16:44:59.251  5650  5650 I LSPosed-Bridge: 	at java.lang.reflect.Method.invoke(Native Method)

08-05 16:44:59.251  5650  5650 I LSPosed-Bridge: 	at com.android.internal.os.RuntimeInit$MethodAndArgsCaller.run(RuntimeInit.java:493)

08-05 16:44:59.251  5650  5650 I LSPosed-Bridge: 	at com.android.internal.os.ZygoteInit.main(ZygoteInit.java:858)

08-05 16:45:02.124  1588  4500 I LSPosed-Bridge: 5650 PermLabel 10147 AMS.checkPermission: Binder.getCallingPid() = 5650; uid = 10147; Binder.getCallingUid() = 10147; getNameForUid: com.baihe; getPackagesForUid: [com.baihe]; permName: android.permission.GET_TASKS; type = 0; res = -1; stacktrace=java.lang.Exception

08-05 16:45:02.124  1588  4500 I LSPosed-Bridge: 	at com.example.permlabel.requirePerm$1$2.afterHookedMethod(requirePerm.java:139)

08-05 16:45:02.124  1588  4500 I LSPosed-Bridge: 	at de.robv.android.xposed.XposedBridge$AdditionalHookInfo.callback(Unknown Source:147)

08-05 16:45:02.124  1588  4500 I LSPosed-Bridge: 	at LSPHooker_.checkPermission(Unknown Source:25)

08-05 16:45:02.124  1588  4500 I LSPosed-Bridge: 	at com.android.server.am.ActivityManagerService.isGetTasksAllowed(ActivityManagerService.java:10902)

08-05 16:45:02.124  1588  4500 I LSPosed-Bridge: 	at com.android.server.am.ActivityManagerService.getServices(ActivityManagerService.java:20573)

08-05 16:45:02.124  1588  4500 I LSPosed-Bridge: 	at android.app.IActivityManager$Stub.onTransact(IActivityManager.java:1064)

08-05 16:45:02.124  1588  4500 I LSPosed-Bridge: 	at com.android.server.am.ActivityManagerService.onTransact(ActivityManagerService.java:3346)

08-05 16:45:02.124  1588  4500 I LSPosed-Bridge: 	at android.os.Binder.execTransact(Binder.java:731)

08-05 16:45:02.627  1588  4500 I LSPosed-Bridge: 5650 PermLabel 10147 AMS.checkPermission: Binder.getCallingPid() = 5650; uid = 10147; Binder.getCallingUid() = 10147; getNameForUid: com.baihe; getPackagesForUid: [com.baihe]; permName: android.permission.GET_TASKS; type = 0; res = -1; stacktrace=java.lang.Exception

08-05 16:45:02.627  1588  4500 I LSPosed-Bridge: 	at com.example.permlabel.requirePerm$1$2.afterHookedMethod(requirePerm.java:139)

08-05 16:45:02.627  1588  4500 I LSPosed-Bridge: 	at de.robv.android.xposed.XposedBridge$AdditionalHookInfo.callback(Unknown Source:147)

08-05 16:45:02.627  1588  4500 I LSPosed-Bridge: 	at LSPHooker_.checkPermission(Unknown Source:25)

08-05 16:45:02.627  1588  4500 I LSPosed-Bridge: 	at com.android.server.am.ActivityManagerService.isGetTasksAllowed(ActivityManagerService.java:10902)

08-05 16:45:02.627  1588  4500 I LSPosed-Bridge: 	at com.android.server.am.ActivityManagerService.getRunningAppProcesses(ActivityManagerService.java:16139)

08-05 16:45:02.627  1588  4500 I LSPosed-Bridge: 	at android.app.IActivityManager$Stub.onTransact(IActivityManager.java:1088)

08-05 16:45:02.627  1588  4500 I LSPosed-Bridge: 	at com.android.server.am.ActivityManagerService.onTransact(ActivityManagerService.java:3346)

08-05 16:45:02.627  1588  4500 I LSPosed-Bridge: 	at android.os.Binder.execTransact(Binder.java:731)

08-05 16:45:02.627  5650  5650 I LSPosed-Bridge: 5650 PermLabel hookBinder_test 10147 interfaceBinder =android.app.IActivityManager; arg0 = 11; arg1 = android.os.Parcel@3b4d194; arg2 = android.os.Parcel@a1faee8; arg3 = 0; res = true; stacktrace=java.lang.Exception

08-05 16:45:02.627  5650  5650 I LSPosed-Bridge: 	at com.example.permlabel.hookBinder_test$1.afterHookedMethod(hookBinder_test.java:70)

08-05 16:45:02.627  5650  5650 I LSPosed-Bridge: 	at de.robv.android.xposed.XposedBridge$AdditionalHookInfo.callback(Unknown Source:147)

08-05 16:45:02.627  5650  5650 I LSPosed-Bridge: 	at LSPHooker_.transact(Unknown Source:28)

08-05 16:45:02.627  5650  5650 I LSPosed-Bridge: 	at android.app.IActivityManager$Stub$Proxy.broadcastIntent(IActivityManager.java:3893)

08-05 16:45:02.627  5650  5650 I LSPosed-Bridge: 	at android.app.ContextImpl.sendBroadcast(ContextImpl.java:1009)

08-05 16:45:02.627  5650  5650 I LSPosed-Bridge: 	at android.content.ContextWrapper.sendBroadcast(ContextWrapper.java:444)

08-05 16:45:02.627  5650  5650 I LSPosed-Bridge: 	at android.content.ContextWrapper.sendBroadcast(ContextWrapper.java:444)

08-05 16:45:02.627  5650  5650 I LSPosed-Bridge: 	at com.alibaba.wireless.security.open.edgecomputing.ECMiscInfo$б.onActivityDestroyed(Unknown Source:7)

08-05 16:45:02.627  5650  5650 I LSPosed-Bridge: 	at android.app.Application.dispatchActivityDestroyed(Application.java:276)

08-05 16:45:02.627  5650  5650 I LSPosed-Bridge: 	at android.app.Activity.onDestroy(Activity.java:2002)

08-05 16:45:02.627  5650  5650 I LSPosed-Bridge: 	at androidx.fragment.app.FragmentActivity.onDestroy(FragmentActivity.java:1)

08-05 16:45:02.627  5650  5650 I LSPosed-Bridge: 	at androidx.appcompat.app.AppCompatActivity.onDestroy(AppCompatActivity.java:1)

08-05 16:45:02.627  5650  5650 I LSPosed-Bridge: 	at colorjoin.framework.activity.MageCommunicationActivity.onDestroy(MageCommunicationActivity.java:1)

08-05 16:45:02.627  5650  5650 I LSPosed-Bridge: 	at colorjoin.framework.activity.MageActivity.onDestroy(MageActivity.java:1)

08-05 16:45:02.627  5650  5650 I LSPosed-Bridge: 	at colorjoin.app.base.activities.ABActivity.onDestroy(ABActivity.java:2)

08-05 16:45:02.627  5650  5650 I LSPosed-Bridge: 	at com.baihe.libs.framework.template.activity.BHFActivityTitleContent.onDestroy(BHFActivityTitleContent.java:2)

08-05 16:45:02.627  5650  5650 I LSPosed-Bridge: 	at android.app.Activity.performDestroy(Activity.java:7395)

08-05 16:45:02.627  5650  5650 I LSPosed-Bridge: 	at android.app.Instrumentation.callActivityOnDestroy(Instrumentation.java:1307)

08-05 16:45:02.627  5650  5650 I LSPosed-Bridge: 	at android.app.ActivityThread.performDestroyActivity(ActivityThread.java:4444)

08-05 16:45:02.627  5650  5650 I LSPosed-Bridge: 	at android.app.ActivityThread.handleDestroyActivity(ActivityThread.java:4477)

08-05 16:45:02.627  5650  5650 I LSPosed-Bridge: 	at android.app.servertransaction.DestroyActivityItem.execute(DestroyActivityItem.java:39)

08-05 16:45:02.627  5650  5650 I LSPosed-Bridge: 	at android.app.servertransaction.TransactionExecutor.executeLifecycleState(TransactionExecutor.java:145)

08-05 16:45:02.627  5650  5650 I LSPosed-Bridge: 	at android.app.servertransaction.TransactionExecutor.execute(TransactionExecutor.java:70)

08-05 16:45:02.627  5650  5650 I LSPosed-Bridge: 	at android.app.ActivityThread$H.handleMessage(ActivityThread.java:1809)

08-05 16:45:02.627  5650  5650 I LSPosed-Bridge: 	at i.g.a.a.a.handleMessage(ActivityThreadCallback.java:4)

08-05 16:45:02.627  5650  5650 I LSPosed-Bridge: 	at android.os.Handler.dispatchMessage(Handler.java:102)

08-05 16:45:02.627  5650  5650 I LSPosed-Bridge: 	at android.os.Looper.loop(Looper.java:193)

08-05 16:45:02.627  5650  5650 I LSPosed-Bridge: 	at android.app.ActivityThread.main(ActivityThread.java:6692)

08-05 16:45:02.627  5650  5650 I LSPosed-Bridge: 	at java.lang.reflect.Method.invoke(Native Method)

08-05 16:45:02.627  5650  5650 I LSPosed-Bridge: 	at com.android.internal.os.RuntimeInit$MethodAndArgsCaller.run(RuntimeInit.java:493)

08-05 16:45:02.627  5650  5650 I LSPosed-Bridge: 	at com.android.internal.os.ZygoteInit.main(ZygoteInit.java:858)

08-05 16:45:15.309  1588  4500 I LSPosed-Bridge: 5650 PermLabel 10147 AMS.checkPermission: Binder.getCallingPid() = 5650; uid = 10147; Binder.getCallingUid() = 10147; getNameForUid: com.baihe; getPackagesForUid: [com.baihe]; permName: android.permission.GET_TASKS; type = 0; res = -1; stacktrace=java.lang.Exception

08-05 16:45:15.309  1588  4500 I LSPosed-Bridge: 	at com.example.permlabel.requirePerm$1$2.afterHookedMethod(requirePerm.java:139)

08-05 16:45:15.309  1588  4500 I LSPosed-Bridge: 	at de.robv.android.xposed.XposedBridge$AdditionalHookInfo.callback(Unknown Source:147)

08-05 16:45:15.309  1588  4500 I LSPosed-Bridge: 	at LSPHooker_.checkPermission(Unknown Source:25)

08-05 16:45:15.309  1588  4500 I LSPosed-Bridge: 	at com.android.server.am.ActivityManagerService.isGetTasksAllowed(ActivityManagerService.java:10902)

08-05 16:45:15.309  1588  4500 I LSPosed-Bridge: 	at com.android.server.am.ActivityManagerService.getRunningAppProcesses(ActivityManagerService.java:16139)

08-05 16:45:15.309  1588  4500 I LSPosed-Bridge: 	at android.app.IActivityManager$Stub.onTransact(IActivityManager.java:1088)

08-05 16:45:15.309  1588  4500 I LSPosed-Bridge: 	at com.android.server.am.ActivityManagerService.onTransact(ActivityManagerService.java:3346)

08-05 16:45:15.309  1588  4500 I LSPosed-Bridge: 	at android.os.Binder.execTransact(Binder.java:731)

08-05 16:45:15.309  5650  8813 I LSPosed-Bridge: 5650 PermLabel hookBinder_test 10147 interfaceBinder =android.app.IActivityManager; arg0 = 27; arg1 = android.os.Parcel@226c492; arg2 = android.os.Parcel@444ba48; arg3 = 0; res = true; stacktrace=java.lang.Exception

08-05 16:45:15.309  5650  8813 I LSPosed-Bridge: 	at com.example.permlabel.hookBinder_test$1.afterHookedMethod(hookBinder_test.java:70)

08-05 16:45:15.309  5650  8813 I LSPosed-Bridge: 	at de.robv.android.xposed.XposedBridge$AdditionalHookInfo.callback(Unknown Source:147)

08-05 16:45:15.309  5650  8813 I LSPosed-Bridge: 	at LSPHooker_.transact(Unknown Source:28)

08-05 16:45:15.309  5650  8813 I LSPosed-Bridge: 	at android.app.IActivityManager$Stub$Proxy.refContentProvider(IActivityManager.java:4221)

08-05 16:45:15.309  5650  8813 I LSPosed-Bridge: 	at android.app.ActivityThread.incProviderRefLocked(ActivityThread.java:6052)

08-05 16:45:15.309  5650  8813 I LSPosed-Bridge: 	at android.app.ActivityThread.acquireExistingProvider(ActivityThread.java:6115)

08-05 16:45:15.309  5650  8813 I LSPosed-Bridge: 	at android.app.ActivityThread.acquireProvider(ActivityThread.java:5979)

08-05 16:45:15.309  5650  8813 I LSPosed-Bridge: 	at android.app.ContextImpl$ApplicationContentResolver.acquireProvider(ContextImpl.java:2573)

08-05 16:45:15.309  5650  8813 I LSPosed-Bridge: 	at android.content.ContentResolver.acquireProvider(ContentResolver.java:1784)

08-05 16:45:15.309  5650  8813 I LSPosed-Bridge: 	at android.content.ContentResolver.query(ContentResolver.java:829)

08-05 16:45:15.309  5650  8813 I LSPosed-Bridge: 	at android.content.ContentResolver.query(ContentResolver.java:753)

08-05 16:45:15.309  5650  8813 I LSPosed-Bridge: 	at XU0.a(chromium-Monochrome.aab-stable-579013821:264)

08-05 16:45:15.309  5650  8813 I LSPosed-Bridge: 	at F9.f(chromium-Monochrome.aab-stable-579013821:63)

08-05 16:45:15.309  5650  8813 I LSPosed-Bridge: 	at C9.run(chromium-Monochrome.aab-stable-579013821:34)

08-05 16:45:19.871  1588  4500 I LSPosed-Bridge: 5650 PermLabel 10147 AMS.checkPermission: Binder.getCallingPid() = 5650; uid = 10147; Binder.getCallingUid() = 10147; getNameForUid: com.baihe; getPackagesForUid: [com.baihe]; permName: android.permission.GET_TASKS; type = 0; res = -1; stacktrace=java.lang.Exception

08-05 16:45:19.871  1588  4500 I LSPosed-Bridge: 	at com.example.permlabel.requirePerm$1$2.afterHookedMethod(requirePerm.java:139)

08-05 16:45:19.871  1588  4500 I LSPosed-Bridge: 	at de.robv.android.xposed.XposedBridge$AdditionalHookInfo.callback(Unknown Source:147)

08-05 16:45:19.871  1588  4500 I LSPosed-Bridge: 	at LSPHooker_.checkPermission(Unknown Source:25)

08-05 16:45:19.871  1588  4500 I LSPosed-Bridge: 	at com.android.server.am.ActivityManagerService.isGetTasksAllowed(ActivityManagerService.java:10902)

08-05 16:45:19.871  1588  4500 I LSPosed-Bridge: 	at com.android.server.am.ActivityManagerService.getServices(ActivityManagerService.java:20573)

08-05 16:45:19.871  1588  4500 I LSPosed-Bridge: 	at android.app.IActivityManager$Stub.onTransact(IActivityManager.java:1064)

08-05 16:45:19.871  1588  4500 I LSPosed-Bridge: 	at com.android.server.am.ActivityManagerService.onTransact(ActivityManagerService.java:3346)

08-05 16:45:19.871  1588  4500 I LSPosed-Bridge: 	at android.os.Binder.execTransact(Binder.java:731)

08-05 16:45:19.871  5650  5650 I LSPosed-Bridge: 5650 PermLabel hookBinder_test 10147 interfaceBinder =android.app.IActivityManager; arg0 = 79; arg1 = android.os.Parcel@444ba48; arg2 = android.os.Parcel@4a73b54; arg3 = 0; res = true; stacktrace=java.lang.Exception

08-05 16:45:19.871  5650  5650 I LSPosed-Bridge: 	at com.example.permlabel.hookBinder_test$1.afterHookedMethod(hookBinder_test.java:70)

08-05 16:45:19.871  5650  5650 I LSPosed-Bridge: 	at de.robv.android.xposed.XposedBridge$AdditionalHookInfo.callback(Unknown Source:147)

08-05 16:45:19.871  5650  5650 I LSPosed-Bridge: 	at LSPHooker_.transact(Unknown Source:28)

08-05 16:45:19.871  5650  5650 I LSPosed-Bridge: 	at android.app.IActivityManager$Stub$Proxy.getServices(IActivityManager.java:5324)

08-05 16:45:19.871  5650  5650 I LSPosed-Bridge: 	at android.app.ActivityManager.getRunningServices(ActivityManager.java:2490)

08-05 16:45:19.871  5650  5650 I LSPosed-Bridge: 	at h.c.s.p.a(ServiceUtil.java:2)

08-05 16:45:19.871  5650  5650 I LSPosed-Bridge: 	at com.baihe.libs.framework.template.activity.a.a(ProtoBufServiceConnectUtil.java:2)

08-05 16:45:19.871  5650  5650 I LSPosed-Bridge: 	at com.baihe.libs.framework.template.activity.BHFActivityTitleContent.onResume(BHFActivityTitleContent.java:3)

08-05 16:45:19.871  5650  5650 I LSPosed-Bridge: 	at com.baihe.libs.login.activity.LGIndexActivity.onResume(LGIndexActivity.java:1)

08-05 16:45:19.871  5650  5650 I LSPosed-Bridge: 	at android.app.Instrumentation.callActivityOnResume(Instrumentation.java:1413)

08-05 16:45:19.871  5650  5650 I LSPosed-Bridge: 	at android.app.Activity.performResume(Activity.java:7292)

08-05 16:45:19.871  5650  5650 I LSPosed-Bridge: 	at android.app.ActivityThread.performResumeActivity(ActivityThread.java:3777)

08-05 16:45:19.871  5650  5650 I LSPosed-Bridge: 	at android.app.ActivityThread.handleResumeActivity(ActivityThread.java:3817)

08-05 16:45:19.871  5650  5650 I LSPosed-Bridge: 	at android.app.servertransaction.ResumeActivityItem.execute(ResumeActivityItem.java:51)

08-05 16:45:19.871  5650  5650 I LSPosed-Bridge: 	at android.app.servertransaction.TransactionExecutor.executeLifecycleState(TransactionExecutor.java:145)

08-05 16:45:19.871  5650  5650 I LSPosed-Bridge: 	at android.app.servertransaction.TransactionExecutor.execute(TransactionExecutor.java:70)

08-05 16:45:19.871  5650  5650 I LSPosed-Bridge: 	at android.app.ActivityThread$H.handleMessage(ActivityThread.java:1809)

08-05 16:45:19.871  5650  5650 I LSPosed-Bridge: 	at i.g.a.a.a.handleMessage(ActivityThreadCallback.java:4)

08-05 16:45:19.871  5650  5650 I LSPosed-Bridge: 	at android.os.Handler.dispatchMessage(Handler.java:102)

08-05 16:45:19.871  5650  5650 I LSPosed-Bridge: 	at android.os.Looper.loop(Looper.java:193)

08-05 16:45:19.871  5650  5650 I LSPosed-Bridge: 	at android.app.ActivityThread.main(ActivityThread.java:6692)

08-05 16:45:19.871  5650  5650 I LSPosed-Bridge: 	at java.lang.reflect.Method.invoke(Native Method)

08-05 16:45:19.871  5650  5650 I LSPosed-Bridge: 	at com.android.internal.os.RuntimeInit$MethodAndArgsCaller.run(RuntimeInit.java:493)

08-05 16:45:19.871  5650  5650 I LSPosed-Bridge: 	at com.android.internal.os.ZygoteInit.main(ZygoteInit.java:858)

08-05 16:45:20.401  1588  9603 I LSPosed-Bridge: 5650 PermLabel 10147 AMS.checkPermission: Binder.getCallingPid() = 5650; uid = 10147; Binder.getCallingUid() = 10147; getNameForUid: com.baihe; getPackagesForUid: [com.baihe]; permName: android.permission.GET_TASKS; type = 0; res = -1; stacktrace=java.lang.Exception

08-05 16:45:20.401  1588  9603 I LSPosed-Bridge: 	at com.example.permlabel.requirePerm$1$2.afterHookedMethod(requirePerm.java:139)

08-05 16:45:20.401  1588  9603 I LSPosed-Bridge: 	at de.robv.android.xposed.XposedBridge$AdditionalHookInfo.callback(Unknown Source:147)

08-05 16:45:20.401  1588  9603 I LSPosed-Bridge: 	at LSPHooker_.checkPermission(Unknown Source:25)

08-05 16:45:20.401  1588  9603 I LSPosed-Bridge: 	at com.android.server.am.ActivityManagerService.isGetTasksAllowed(ActivityManagerService.java:10902)

08-05 16:45:20.401  1588  9603 I LSPosed-Bridge: 	at com.android.server.am.ActivityManagerService.getRunningAppProcesses(ActivityManagerService.java:16139)

08-05 16:45:20.401  1588  9603 I LSPosed-Bridge: 	at android.app.IActivityManager$Stub.onTransact(IActivityManager.java:1088)

08-05 16:45:20.401  1588  9603 I LSPosed-Bridge: 	at com.android.server.am.ActivityManagerService.onTransact(ActivityManagerService.java:3346)

08-05 16:45:20.401  1588  9603 I LSPosed-Bridge: 	at android.os.Binder.execTransact(Binder.java:731)

08-05 16:45:20.401  5650  9182 I LSPosed-Bridge: 5650 PermLabel hookBinder_test 10147 interfaceBinder =android.app.IActivityManager; arg0 = 81; arg1 = android.os.Parcel@444ba48; arg2 = android.os.Parcel@4a73b54; arg3 = 0; res = true; stacktrace=java.lang.Exception

08-05 16:45:20.401  5650  9182 I LSPosed-Bridge: 	at com.example.permlabel.hookBinder_test$1.afterHookedMethod(hookBinder_test.java:70)

08-05 16:45:20.401  5650  9182 I LSPosed-Bridge: 	at de.robv.android.xposed.XposedBridge$AdditionalHookInfo.callback(Unknown Source:147)

08-05 16:45:20.401  5650  9182 I LSPosed-Bridge: 	at LSPHooker_.transact(Unknown Source:28)

08-05 16:45:20.401  5650  9182 I LSPosed-Bridge: 	at android.app.IActivityManager$Stub$Proxy.getRunningAppProcesses(IActivityManager.java:5366)

08-05 16:45:20.401  5650  9182 I LSPosed-Bridge: 	at android.app.ActivityManager.getRunningAppProcesses(ActivityManager.java:3435)

08-05 16:45:20.401  5650  9182 I LSPosed-Bridge: 	at java.lang.reflect.Method.invoke(Native Method)

08-05 16:45:20.401  5650  9182 I LSPosed-Bridge: 	at org.lsposed.lspd.nativebridge.HookBridge.invokeOriginalMethod(Native Method)

08-05 16:45:20.401  5650  9182 I LSPosed-Bridge: 	at de.robv.android.xposed.XposedBridge$AdditionalHookInfo.callback(Unknown Source:110)

08-05 16:45:20.401  5650  9182 I LSPosed-Bridge: 	at LSPHooker_.getRunningAppProcesses(Unknown Source:8)

08-05 16:45:20.401  5650  9182 I LSPosed-Bridge: 	at com.alibaba.wireless.security.open.edgecomputing.ECMiscInfo.isBackgroundNew(Unknown Source:8)

08-05 16:45:20.401  5650  9182 I LSPosed-Bridge: 	at com.alibaba.wireless.security.open.edgecomputing.ECMiscInfo$а.run(Unknown Source:18)

08-05 16:45:20.401  5650  9182 I LSPosed-Bridge: 	at android.os.Handler.handleCallback(Handler.java:873)

08-05 16:45:20.401  5650  9182 I LSPosed-Bridge: 	at android.os.Handler.dispatchMessage(Handler.java:99)

08-05 16:45:20.401  5650  9182 I LSPosed-Bridge: 	at android.os.Looper.loop(Looper.java:193)

08-05 16:45:20.401  5650  9182 I LSPosed-Bridge: 	at android.os.HandlerThread.run(HandlerThread.java:65)

08-05 16:45:20.401  5650  9182 I LSPosed-Bridge: 5650 PermLabel getRunningAppProcesses =android.app.ActivityManager$RunningAppProcessInfo@f8d6830

08-05 16:45:20.401  5650  9182 I LSPosed-Bridge: 5650 PermLabel getRunningAppProcesses processName: com.baihe pid: 5650

08-05 16:45:20.401  5650  9182 I LSPosed-Bridge: 5650 PermLabel getRunningAppProcesses importance: 100 pid: 5650

08-05 16:45:20.401  5650  9182 I LSPosed-Bridge: 5650 PermLabel getRunningAppProcesses packageName com.baihe at index 0 in process 5650

08-05 16:45:27.398  1588  9601 I LSPosed-Bridge: 5650 PermLabel 10147 AMS.checkPermission: Binder.getCallingPid() = 5650; uid = 10147; Binder.getCallingUid() = 10147; getNameForUid: com.baihe; getPackagesForUid: [com.baihe]; permName: android.permission.GET_TASKS; type = 0; res = -1; stacktrace=java.lang.Exception

08-05 16:45:27.398  1588  9601 I LSPosed-Bridge: 	at com.example.permlabel.requirePerm$1$2.afterHookedMethod(requirePerm.java:139)

08-05 16:45:27.398  1588  9601 I LSPosed-Bridge: 	at de.robv.android.xposed.XposedBridge$AdditionalHookInfo.callback(Unknown Source:147)

08-05 16:45:27.398  1588  9601 I LSPosed-Bridge: 	at LSPHooker_.checkPermission(Unknown Source:25)

08-05 16:45:27.398  1588  9601 I LSPosed-Bridge: 	at com.android.server.am.ActivityManagerService.isGetTasksAllowed(ActivityManagerService.java:10902)

08-05 16:45:27.398  1588  9601 I LSPosed-Bridge: 	at com.android.server.am.ActivityManagerService.getServices(ActivityManagerService.java:20573)

08-05 16:45:27.398  1588  9601 I LSPosed-Bridge: 	at android.app.IActivityManager$Stub.onTransact(IActivityManager.java:1064)

08-05 16:45:27.398  1588  9601 I LSPosed-Bridge: 	at com.android.server.am.ActivityManagerService.onTransact(ActivityManagerService.java:3346)

08-05 16:45:27.398  1588  9601 I LSPosed-Bridge: 	at android.os.Binder.execTransact(Binder.java:731)

08-05 16:45:27.707  1588  9558 I LSPosed-Bridge: 5650 PermLabel 10147 AMS.checkPermission: Binder.getCallingPid() = 5650; uid = 10147; Binder.getCallingUid() = 10147; getNameForUid: com.baihe; getPackagesForUid: [com.baihe]; permName: android.permission.GET_TASKS; type = 0; res = -1; stacktrace=java.lang.Exception

08-05 16:45:27.707  1588  9558 I LSPosed-Bridge: 	at com.example.permlabel.requirePerm$1$2.afterHookedMethod(requirePerm.java:139)

08-05 16:45:27.707  1588  9558 I LSPosed-Bridge: 	at de.robv.android.xposed.XposedBridge$AdditionalHookInfo.callback(Unknown Source:147)

08-05 16:45:27.707  1588  9558 I LSPosed-Bridge: 	at LSPHooker_.checkPermission(Unknown Source:25)

08-05 16:45:27.707  1588  9558 I LSPosed-Bridge: 	at com.android.server.am.ActivityManagerService.isGetTasksAllowed(ActivityManagerService.java:10902)

08-05 16:45:27.707  1588  9558 I LSPosed-Bridge: 	at com.android.server.am.ActivityManagerService.getServices(ActivityManagerService.java:20573)

08-05 16:45:27.707  1588  9558 I LSPosed-Bridge: 	at android.app.IActivityManager$Stub.onTransact(IActivityManager.java:1064)

08-05 16:45:27.707  1588  9558 I LSPosed-Bridge: 	at com.android.server.am.ActivityManagerService.onTransact(ActivityManagerService.java:3346)

08-05 16:45:27.707  1588  9558 I LSPosed-Bridge: 	at android.os.Binder.execTransact(Binder.java:731)

08-05 16:45:27.707  5650  5650 I LSPosed-Bridge: 5650 PermLabel hookBinder_test 10147 interfaceBinder =android.app.IActivityManager; arg0 = 79; arg1 = android.os.Parcel@444ba48; arg2 = android.os.Parcel@86b5451; arg3 = 0; res = true; stacktrace=java.lang.Exception

08-05 16:45:27.707  5650  5650 I LSPosed-Bridge: 	at com.example.permlabel.hookBinder_test$1.afterHookedMethod(hookBinder_test.java:70)

08-05 16:45:27.707  5650  5650 I LSPosed-Bridge: 	at de.robv.android.xposed.XposedBridge$AdditionalHookInfo.callback(Unknown Source:147)

08-05 16:45:27.707  5650  5650 I LSPosed-Bridge: 	at LSPHooker_.transact(Unknown Source:28)

08-05 16:45:27.707  5650  5650 I LSPosed-Bridge: 	at android.app.IActivityManager$Stub$Proxy.getServices(IActivityManager.java:5324)

08-05 16:45:27.707  5650  5650 I LSPosed-Bridge: 	at android.app.ActivityManager.getRunningServices(ActivityManager.java:2490)

08-05 16:45:27.707  5650  5650 I LSPosed-Bridge: 	at h.c.s.p.a(ServiceUtil.java:2)

08-05 16:45:27.707  5650  5650 I LSPosed-Bridge: 	at com.baihe.libs.framework.template.activity.a.a(ProtoBufServiceConnectUtil.java:2)

08-05 16:45:27.707  5650  5650 I LSPosed-Bridge: 	at com.baihe.libs.framework.template.activity.BHFActivityTitleContent.onResume(BHFActivityTitleContent.java:3)

08-05 16:45:27.707  5650  5650 I LSPosed-Bridge: 	at com.baihe.libs.login.activity.LGIndexActivity.onResume(LGIndexActivity.java:1)

08-05 16:45:27.707  5650  5650 I LSPosed-Bridge: 	at android.app.Instrumentation.callActivityOnResume(Instrumentation.java:1413)

08-05 16:45:27.707  5650  5650 I LSPosed-Bridge: 	at android.app.Activity.performResume(Activity.java:7292)

08-05 16:45:27.707  5650  5650 I LSPosed-Bridge: 	at android.app.ActivityThread.performResumeActivity(ActivityThread.java:3777)

08-05 16:45:27.707  5650  5650 I LSPosed-Bridge: 	at android.app.ActivityThread.handleResumeActivity(ActivityThread.java:3817)

08-05 16:45:27.707  5650  5650 I LSPosed-Bridge: 	at android.app.servertransaction.ResumeActivityItem.execute(ResumeActivityItem.java:51)

08-05 16:45:27.707  5650  5650 I LSPosed-Bridge: 	at android.app.servertransaction.TransactionExecutor.executeLifecycleState(TransactionExecutor.java:145)

08-05 16:45:27.707  5650  5650 I LSPosed-Bridge: 	at android.app.servertransaction.TransactionExecutor.execute(TransactionExecutor.java:70)

08-05 16:45:27.707  5650  5650 I LSPosed-Bridge: 	at android.app.ActivityThread$H.handleMessage(ActivityThread.java:1809)

08-05 16:45:27.707  5650  5650 I LSPosed-Bridge: 	at i.g.a.a.a.handleMessage(ActivityThreadCallback.java:4)

08-05 16:45:27.707  5650  5650 I LSPosed-Bridge: 	at android.os.Handler.dispatchMessage(Handler.java:102)

08-05 16:45:27.707  5650  5650 I LSPosed-Bridge: 	at android.os.Looper.loop(Looper.java:193)

08-05 16:45:27.707  5650  5650 I LSPosed-Bridge: 	at android.app.ActivityThread.main(ActivityThread.java:6692)

08-05 16:45:27.707  5650  5650 I LSPosed-Bridge: 	at java.lang.reflect.Method.invoke(Native Method)

08-05 16:45:27.707  5650  5650 I LSPosed-Bridge: 	at com.android.internal.os.RuntimeInit$MethodAndArgsCaller.run(RuntimeInit.java:493)

08-05 16:45:27.707  5650  5650 I LSPosed-Bridge: 	at com.android.internal.os.ZygoteInit.main(ZygoteInit.java:858)

08-05 16:45:30.014   555   555 I ConfigStore: android::hardware::configstore::V1_0::ISurfaceFlingerConfigs::hasHDRDisplay retrieved: 0

08-05 16:45:30.014   555   555 I ConfigStore: android::hardware::configstore::V1_0::ISurfaceFlingerConfigs::hasHDRDisplay retrieved: 0

08-05 16:45:30.014  1588  1601 I LSPosed-Bridge: 5650 PermLabel 10147 AMS.checkPermission: Binder.getCallingPid() = 5650; uid = 10147; Binder.getCallingUid() = 10147; getNameForUid: com.baihe; getPackagesForUid: [com.baihe]; permName: android.permission.GET_TASKS; type = 0; res = -1; stacktrace=java.lang.Exception

08-05 16:45:30.014  1588  1601 I LSPosed-Bridge: 	at com.example.permlabel.requirePerm$1$2.afterHookedMethod(requirePerm.java:139)

08-05 16:45:30.014  1588  1601 I LSPosed-Bridge: 	at de.robv.android.xposed.XposedBridge$AdditionalHookInfo.callback(Unknown Source:147)

08-05 16:45:30.014  1588  1601 I LSPosed-Bridge: 	at LSPHooker_.checkPermission(Unknown Source:25)

08-05 16:45:30.014  1588  1601 I LSPosed-Bridge: 	at com.android.server.am.ActivityManagerService.isGetTasksAllowed(ActivityManagerService.java:10902)

08-05 16:45:30.014  1588  1601 I LSPosed-Bridge: 	at com.android.server.am.ActivityManagerService.getServices(ActivityManagerService.java:20573)

08-05 16:45:30.014  1588  1601 I LSPosed-Bridge: 	at android.app.IActivityManager$Stub.onTransact(IActivityManager.java:1064)

08-05 16:45:30.014  1588  1601 I LSPosed-Bridge: 	at com.android.server.am.ActivityManagerService.onTransact(ActivityManagerService.java:3346)

08-05 16:45:30.014  1588  1601 I LSPosed-Bridge: 	at android.os.Binder.execTransact(Binder.java:731)

08-05 16:45:30.638  1588  7374 I LSPosed-Bridge: 5650 PermLabel 10147 AMS.checkPermission: Binder.getCallingPid() = 5650; uid = 10147; Binder.getCallingUid() = 10147; getNameForUid: com.baihe; getPackagesForUid: [com.baihe]; permName: android.permission.GET_TASKS; type = 0; res = -1; stacktrace=java.lang.Exception

08-05 16:45:30.638  1588  7374 I LSPosed-Bridge: 	at com.example.permlabel.requirePerm$1$2.afterHookedMethod(requirePerm.java:139)

08-05 16:45:30.638  1588  7374 I LSPosed-Bridge: 	at de.robv.android.xposed.XposedBridge$AdditionalHookInfo.callback(Unknown Source:147)

08-05 16:45:30.638  1588  7374 I LSPosed-Bridge: 	at LSPHooker_.checkPermission(Unknown Source:25)

08-05 16:45:30.638  1588  7374 I LSPosed-Bridge: 	at com.android.server.am.ActivityManagerService.isGetTasksAllowed(ActivityManagerService.java:10902)

08-05 16:45:30.638  1588  7374 I LSPosed-Bridge: 	at com.android.server.am.ActivityManagerService.getRunningAppProcesses(ActivityManagerService.java:16139)

08-05 16:45:30.638  1588  7374 I LSPosed-Bridge: 	at android.app.IActivityManager$Stub.onTransact(IActivityManager.java:1088)

08-05 16:45:30.638  1588  7374 I LSPosed-Bridge: 	at com.android.server.am.ActivityManagerService.onTransact(ActivityManagerService.java:3346)

08-05 16:45:30.638  1588  7374 I LSPosed-Bridge: 	at android.os.Binder.execTransact(Binder.java:731)

08-05 16:45:33.460  1588  1601 I LSPosed-Bridge: 5650 PermLabel 10147 AMS.checkPermission: Binder.getCallingPid() = 5650; uid = 10147; Binder.getCallingUid() = 10147; getNameForUid: com.baihe; getPackagesForUid: [com.baihe]; permName: android.permission.GET_TASKS; type = 0; res = -1; stacktrace=java.lang.Exception

08-05 16:45:33.460  1588  1601 I LSPosed-Bridge: 	at com.example.permlabel.requirePerm$1$2.afterHookedMethod(requirePerm.java:139)

08-05 16:45:33.460  1588  1601 I LSPosed-Bridge: 	at de.robv.android.xposed.XposedBridge$AdditionalHookInfo.callback(Unknown Source:147)

08-05 16:45:33.460  1588  1601 I LSPosed-Bridge: 	at LSPHooker_.checkPermission(Unknown Source:25)

08-05 16:45:33.460  1588  1601 I LSPosed-Bridge: 	at com.android.server.am.ActivityManagerService.isGetTasksAllowed(ActivityManagerService.java:10902)

08-05 16:45:33.460  1588  1601 I LSPosed-Bridge: 	at com.android.server.am.ActivityManagerService.getServices(ActivityManagerService.java:20573)

08-05 16:45:33.460  1588  1601 I LSPosed-Bridge: 	at android.app.IActivityManager$Stub.onTransact(IActivityManager.java:1064)

08-05 16:45:33.460  1588  1601 I LSPosed-Bridge: 	at com.android.server.am.ActivityManagerService.onTransact(ActivityManagerService.java:3346)

