08-05 16:40:36.684  5650  5650 I LSPosed-Bridge: 	at com.example.permlabel.hookBinder_test$1.afterHookedMethod(hookBinder_test.java:70)

08-05 16:40:36.684  5650  5650 I LSPosed-Bridge: 	at de.robv.android.xposed.XposedBridge$AdditionalHookInfo.callback(Unknown Source:147)

08-05 16:40:36.684  5650  5650 I LSPosed-Bridge: 	at LSPHooker_.transact(Unknown Source:28)

08-05 16:40:36.684  5650  5650 I LSPosed-Bridge: 	at android.app.IActivityManager$Stub$Proxy.broadcastIntent(IActivityManager.java:3893)

08-05 16:40:36.684  5650  5650 I LSPosed-Bridge: 	at android.app.ContextImpl.sendBroadcast(ContextImpl.java:1009)

08-05 16:40:36.684  5650  5650 I LSPosed-Bridge: 	at android.content.ContextWrapper.sendBroadcast(ContextWrapper.java:444)

08-05 16:40:36.684  5650  5650 I LSPosed-Bridge: 	at android.content.ContextWrapper.sendBroadcast(ContextWrapper.java:444)

08-05 16:40:36.684  5650  5650 I LSPosed-Bridge: 	at com.alibaba.wireless.security.open.edgecomputing.ECMiscInfo$б.onActivityDestroyed(Unknown Source:7)

08-05 16:40:36.684  5650  5650 I LSPosed-Bridge: 	at android.app.Application.dispatchActivityDestroyed(Application.java:276)

08-05 16:40:36.684  5650  5650 I LSPosed-Bridge: 	at android.app.Activity.onDestroy(Activity.java:2002)

08-05 16:40:36.684  5650  5650 I LSPosed-Bridge: 	at androidx.fragment.app.FragmentActivity.onDestroy(FragmentActivity.java:1)

08-05 16:40:36.684  5650  5650 I LSPosed-Bridge: 	at androidx.appcompat.app.AppCompatActivity.onDestroy(AppCompatActivity.java:1)

08-05 16:40:36.684  5650  5650 I LSPosed-Bridge: 	at colorjoin.framework.activity.MageCommunicationActivity.onDestroy(MageCommunicationActivity.java:1)

08-05 16:40:36.684  5650  5650 I LSPosed-Bridge: 	at colorjoin.framework.activity.MageActivity.onDestroy(MageActivity.java:1)

08-05 16:40:36.684  5650  5650 I LSPosed-Bridge: 	at colorjoin.app.base.activities.ABActivity.onDestroy(ABActivity.java:2)

08-05 16:40:36.684  5650  5650 I LSPosed-Bridge: 	at com.baihe.libs.framework.template.activity.BHFActivityTitleContent.onDestroy(BHFActivityTitleContent.java:2)

08-05 16:40:36.684  5650  5650 I LSPosed-Bridge: 	at android.app.Activity.performDestroy(Activity.java:7395)

08-05 16:40:36.684  5650  5650 I LSPosed-Bridge: 	at android.app.Instrumentation.callActivityOnDestroy(Instrumentation.java:1307)

08-05 16:40:36.684  5650  5650 I LSPosed-Bridge: 	at android.app.ActivityThread.performDestroyActivity(ActivityThread.java:4444)

08-05 16:40:36.684  5650  5650 I LSPosed-Bridge: 	at android.app.ActivityThread.handleDestroyActivity(ActivityThread.java:4477)

08-05 16:40:36.684  5650  5650 I LSPosed-Bridge: 	at android.app.servertransaction.DestroyActivityItem.execute(DestroyActivityItem.java:39)

08-05 16:40:36.684  5650  5650 I LSPosed-Bridge: 	at android.app.servertransaction.TransactionExecutor.executeLifecycleState(TransactionExecutor.java:145)

08-05 16:40:36.684  5650  5650 I LSPosed-Bridge: 	at android.app.servertransaction.TransactionExecutor.execute(TransactionExecutor.java:70)

08-05 16:40:36.684  5650  5650 I LSPosed-Bridge: 	at android.app.ActivityThread$H.handleMessage(ActivityThread.java:1809)

08-05 16:40:36.684  5650  5650 I LSPosed-Bridge: 	at i.g.a.a.a.handleMessage(ActivityThreadCallback.java:4)

08-05 16:40:36.684  5650  5650 I LSPosed-Bridge: 	at android.os.Handler.dispatchMessage(Handler.java:102)

08-05 16:40:36.684  5650  5650 I LSPosed-Bridge: 	at android.os.Looper.loop(Looper.java:193)

08-05 16:40:36.684  5650  5650 I LSPosed-Bridge: 	at android.app.ActivityThread.main(ActivityThread.java:6692)

08-05 16:40:36.684  5650  5650 I LSPosed-Bridge: 	at java.lang.reflect.Method.invoke(Native Method)

08-05 16:40:36.684  5650  5650 I LSPosed-Bridge: 	at com.android.internal.os.RuntimeInit$MethodAndArgsCaller.run(RuntimeInit.java:493)

08-05 16:40:36.684  5650  5650 I LSPosed-Bridge: 	at com.android.internal.os.ZygoteInit.main(ZygoteInit.java:858)

08-05 16:40:36.684  1588  9558 I LSPosed-Bridge: 5650 PermLabel 10147 AMS.checkPermission: Binder.getCallingPid() = 5650; uid = 10147; Binder.getCallingUid() = 10147; getNameForUid: com.baihe; getPackagesForUid: [com.baihe]; permName: android.permission.GET_TASKS; type = 0; res = -1; stacktrace=java.lang.Exception

08-05 16:40:36.684  1588  9558 I LSPosed-Bridge: 	at com.example.permlabel.requirePerm$1$2.afterHookedMethod(requirePerm.java:139)

08-05 16:40:36.684  1588  9558 I LSPosed-Bridge: 	at de.robv.android.xposed.XposedBridge$AdditionalHookInfo.callback(Unknown Source:147)

08-05 16:40:36.684  1588  9558 I LSPosed-Bridge: 	at LSPHooker_.checkPermission(Unknown Source:25)

08-05 16:40:36.684  1588  9558 I LSPosed-Bridge: 	at com.android.server.am.ActivityManagerService.isGetTasksAllowed(ActivityManagerService.java:10902)

08-05 16:40:36.684  1588  9558 I LSPosed-Bridge: 	at com.android.server.am.ActivityManagerService.getRunningAppProcesses(ActivityManagerService.java:16139)

08-05 16:40:36.684  1588  9558 I LSPosed-Bridge: 	at android.app.IActivityManager$Stub.onTransact(IActivityManager.java:1088)

08-05 16:40:36.684  1588  9558 I LSPosed-Bridge: 	at com.android.server.am.ActivityManagerService.onTransact(ActivityManagerService.java:3346)

08-05 16:40:36.684  1588  9558 I LSPosed-Bridge: 	at android.os.Binder.execTransact(Binder.java:731)

08-05 16:40:40.047  1588  9558 I LSPosed-Bridge: 5650 PermLabel 10147 AMS.checkPermission: Binder.getCallingPid() = 5650; uid = 10147; Binder.getCallingUid() = 10147; getNameForUid: com.baihe; getPackagesForUid: [com.baihe]; permName: android.permission.GET_TASKS; type = 0; res = -1; stacktrace=java.lang.Exception

08-05 16:40:40.047  1588  9558 I LSPosed-Bridge: 	at com.example.permlabel.requirePerm$1$2.afterHookedMethod(requirePerm.java:139)

08-05 16:40:40.047  1588  9558 I LSPosed-Bridge: 	at de.robv.android.xposed.XposedBridge$AdditionalHookInfo.callback(Unknown Source:147)

08-05 16:40:40.047  1588  9558 I LSPosed-Bridge: 	at LSPHooker_.checkPermission(Unknown Source:25)

08-05 16:40:40.047  1588  9558 I LSPosed-Bridge: 	at com.android.server.am.ActivityManagerService.isGetTasksAllowed(ActivityManagerService.java:10902)

08-05 16:40:40.047  1588  9558 I LSPosed-Bridge: 	at com.android.server.am.ActivityManagerService.getServices(ActivityManagerService.java:20573)

08-05 16:40:40.047  1588  9558 I LSPosed-Bridge: 	at android.app.IActivityManager$Stub.onTransact(IActivityManager.java:1064)

08-05 16:40:40.047  1588  9558 I LSPosed-Bridge: 	at com.android.server.am.ActivityManagerService.onTransact(ActivityManagerService.java:3346)

08-05 16:40:40.047  1588  9558 I LSPosed-Bridge: 	at android.os.Binder.execTransact(Binder.java:731)

08-05 16:40:40.608  1588  9603 I LSPosed-Bridge: 5650 PermLabel 10147 AMS.checkPermission: Binder.getCallingPid() = 5650; uid = 10147; Binder.getCallingUid() = 10147; getNameForUid: com.baihe; getPackagesForUid: [com.baihe]; permName: android.permission.GET_TASKS; type = 0; res = -1; stacktrace=java.lang.Exception

08-05 16:40:40.608  1588  9603 I LSPosed-Bridge: 	at com.example.permlabel.requirePerm$1$2.afterHookedMethod(requirePerm.java:139)

08-05 16:40:40.608  1588  9603 I LSPosed-Bridge: 	at de.robv.android.xposed.XposedBridge$AdditionalHookInfo.callback(Unknown Source:147)

08-05 16:40:40.608  1588  9603 I LSPosed-Bridge: 	at LSPHooker_.checkPermission(Unknown Source:25)

08-05 16:40:40.608  1588  9603 I LSPosed-Bridge: 	at com.android.server.am.ActivityManagerService.isGetTasksAllowed(ActivityManagerService.java:10902)

08-05 16:40:40.608  1588  9603 I LSPosed-Bridge: 	at com.android.server.am.ActivityManagerService.getRunningAppProcesses(ActivityManagerService.java:16139)

08-05 16:40:40.608  1588  9603 I LSPosed-Bridge: 	at android.app.IActivityManager$Stub.onTransact(IActivityManager.java:1088)

08-05 16:40:40.608  1588  9603 I LSPosed-Bridge: 	at com.android.server.am.ActivityManagerService.onTransact(ActivityManagerService.java:3346)

08-05 16:40:40.608  1588  9603 I LSPosed-Bridge: 	at android.os.Binder.execTransact(Binder.java:731)

08-05 16:40:40.608  5650  9182 I LSPosed-Bridge: 5650 PermLabel hookBinder_test 10147 interfaceBinder =android.app.IActivityManager; arg0 = 81; arg1 = android.os.Parcel@2829dd0; arg2 = android.os.Parcel@c92c1c9; arg3 = 0; res = true; stacktrace=java.lang.Exception

08-05 16:40:40.608  5650  9182 I LSPosed-Bridge: 	at com.example.permlabel.hookBinder_test$1.afterHookedMethod(hookBinder_test.java:70)

08-05 16:40:40.608  5650  9182 I LSPosed-Bridge: 	at de.robv.android.xposed.XposedBridge$AdditionalHookInfo.callback(Unknown Source:147)

08-05 16:40:40.608  5650  9182 I LSPosed-Bridge: 	at LSPHooker_.transact(Unknown Source:28)

08-05 16:40:40.608  5650  9182 I LSPosed-Bridge: 	at android.app.IActivityManager$Stub$Proxy.getRunningAppProcesses(IActivityManager.java:5366)

08-05 16:40:40.608  5650  9182 I LSPosed-Bridge: 	at android.app.ActivityManager.getRunningAppProcesses(ActivityManager.java:3435)

08-05 16:40:40.608  5650  9182 I LSPosed-Bridge: 	at java.lang.reflect.Method.invoke(Native Method)

08-05 16:40:40.608  5650  9182 I LSPosed-Bridge: 	at org.lsposed.lspd.nativebridge.HookBridge.invokeOriginalMethod(Native Method)

08-05 16:40:40.608  5650  9182 I LSPosed-Bridge: 	at de.robv.android.xposed.XposedBridge$AdditionalHookInfo.callback(Unknown Source:110)

08-05 16:40:40.608  5650  9182 I LSPosed-Bridge: 	at LSPHooker_.getRunningAppProcesses(Unknown Source:8)

08-05 16:40:40.608  5650  9182 I LSPosed-Bridge: 	at com.alibaba.wireless.security.open.edgecomputing.ECMiscInfo.isBackgroundNew(Unknown Source:8)

08-05 16:40:40.608  5650  9182 I LSPosed-Bridge: 	at com.alibaba.wireless.security.open.edgecomputing.ECMiscInfo$а.run(Unknown Source:18)

08-05 16:40:40.608  5650  9182 I LSPosed-Bridge: 	at android.os.Handler.handleCallback(Handler.java:873)

08-05 16:40:40.608  5650  9182 I LSPosed-Bridge: 	at android.os.Handler.dispatchMessage(Handler.java:99)

08-05 16:40:40.608  5650  9182 I LSPosed-Bridge: 	at android.os.Looper.loop(Looper.java:193)

08-05 16:40:40.608  5650  9182 I LSPosed-Bridge: 	at android.os.HandlerThread.run(HandlerThread.java:65)

08-05 16:40:43.571  1588  9390 I LSPosed-Bridge: 5650 PermLabel 10147 AMS.checkPermission: Binder.getCallingPid() = 5650; uid = 10147; Binder.getCallingUid() = 10147; getNameForUid: com.baihe; getPackagesForUid: [com.baihe]; permName: android.permission.GET_TASKS; type = 0; res = -1; stacktrace=java.lang.Exception

08-05 16:40:43.571  1588  9390 I LSPosed-Bridge: 	at com.example.permlabel.requirePerm$1$2.afterHookedMethod(requirePerm.java:139)

08-05 16:40:43.571  1588  9390 I LSPosed-Bridge: 	at de.robv.android.xposed.XposedBridge$AdditionalHookInfo.callback(Unknown Source:147)

08-05 16:40:43.571  1588  9390 I LSPosed-Bridge: 	at LSPHooker_.checkPermission(Unknown Source:25)

08-05 16:40:43.571  1588  9390 I LSPosed-Bridge: 	at com.android.server.am.ActivityManagerService.isGetTasksAllowed(ActivityManagerService.java:10902)

08-05 16:40:43.571  1588  9390 I LSPosed-Bridge: 	at com.android.server.am.ActivityManagerService.getServices(ActivityManagerService.java:20573)

08-05 16:40:43.571  1588  9390 I LSPosed-Bridge: 	at android.app.IActivityManager$Stub.onTransact(IActivityManager.java:1064)

08-05 16:40:43.571  1588  9390 I LSPosed-Bridge: 	at com.android.server.am.ActivityManagerService.onTransact(ActivityManagerService.java:3346)

08-05 16:40:43.571  1588  9390 I LSPosed-Bridge: 	at android.os.Binder.execTransact(Binder.java:731)

08-05 16:40:44.084  1588  9603 I LSPosed-Bridge: 5650 PermLabel 10147 AMS.checkPermission: Binder.getCallingPid() = 5650; uid = 10147; Binder.getCallingUid() = 10147; getNameForUid: com.baihe; getPackagesForUid: [com.baihe]; permName: android.permission.GET_TASKS; type = 0; res = -1; stacktrace=java.lang.Exception

08-05 16:40:44.084  1588  9603 I LSPosed-Bridge: 	at com.example.permlabel.requirePerm$1$2.afterHookedMethod(requirePerm.java:139)

08-05 16:40:44.084  1588  9603 I LSPosed-Bridge: 	at de.robv.android.xposed.XposedBridge$AdditionalHookInfo.callback(Unknown Source:147)

08-05 16:40:44.084  1588  9603 I LSPosed-Bridge: 	at LSPHooker_.checkPermission(Unknown Source:25)

08-05 16:40:44.084  1588  9603 I LSPosed-Bridge: 	at com.android.server.am.ActivityManagerService.isGetTasksAllowed(ActivityManagerService.java:10902)

08-05 16:40:44.084  1588  9603 I LSPosed-Bridge: 	at com.android.server.am.ActivityManagerService.getRunningAppProcesses(ActivityManagerService.java:16139)

08-05 16:40:44.084  1588  9603 I LSPosed-Bridge: 	at android.app.IActivityManager$Stub.onTransact(IActivityManager.java:1088)

08-05 16:40:44.084  1588  9603 I LSPosed-Bridge: 	at com.android.server.am.ActivityManagerService.onTransact(ActivityManagerService.java:3346)

08-05 16:40:44.084  1588  9603 I LSPosed-Bridge: 	at android.os.Binder.execTransact(Binder.java:731)

08-05 16:40:44.084  5650  5650 I LSPosed-Bridge: 5650 PermLabel hookBinder_test 10147 interfaceBinder =android.app.IActivityManager; arg0 = 11; arg1 = android.os.Parcel@c92c1c9; arg2 = android.os.Parcel@2829dd0; arg3 = 0; res = true; stacktrace=java.lang.Exception

08-05 16:40:44.084  5650  5650 I LSPosed-Bridge: 	at com.example.permlabel.hookBinder_test$1.afterHookedMethod(hookBinder_test.java:70)

08-05 16:40:44.084  5650  5650 I LSPosed-Bridge: 	at de.robv.android.xposed.XposedBridge$AdditionalHookInfo.callback(Unknown Source:147)

08-05 16:40:44.084  5650  5650 I LSPosed-Bridge: 	at LSPHooker_.transact(Unknown Source:28)

08-05 16:40:44.084  5650  5650 I LSPosed-Bridge: 	at android.app.IActivityManager$Stub$Proxy.broadcastIntent(IActivityManager.java:3893)

08-05 16:40:44.084  5650  5650 I LSPosed-Bridge: 	at android.app.ContextImpl.sendBroadcast(ContextImpl.java:1009)

08-05 16:40:44.084  5650  5650 I LSPosed-Bridge: 	at android.content.ContextWrapper.sendBroadcast(ContextWrapper.java:444)

08-05 16:40:44.084  5650  5650 I LSPosed-Bridge: 	at android.content.ContextWrapper.sendBroadcast(ContextWrapper.java:444)

08-05 16:40:44.084  5650  5650 I LSPosed-Bridge: 	at com.alibaba.wireless.security.open.edgecomputing.ECMiscInfo$б.onActivityDestroyed(Unknown Source:7)

08-05 16:40:44.084  5650  5650 I LSPosed-Bridge: 	at android.app.Application.dispatchActivityDestroyed(Application.java:276)

08-05 16:40:44.084  5650  5650 I LSPosed-Bridge: 	at android.app.Activity.onDestroy(Activity.java:2002)

08-05 16:40:44.084  5650  5650 I LSPosed-Bridge: 	at androidx.fragment.app.FragmentActivity.onDestroy(FragmentActivity.java:1)

08-05 16:40:44.084  5650  5650 I LSPosed-Bridge: 	at androidx.appcompat.app.AppCompatActivity.onDestroy(AppCompatActivity.java:1)

08-05 16:40:44.084  5650  5650 I LSPosed-Bridge: 	at colorjoin.framework.activity.MageCommunicationActivity.onDestroy(MageCommunicationActivity.java:1)

08-05 16:40:44.084  5650  5650 I LSPosed-Bridge: 	at colorjoin.framework.activity.MageActivity.onDestroy(MageActivity.java:1)

08-05 16:40:44.084  5650  5650 I LSPosed-Bridge: 	at colorjoin.app.base.activities.ABActivity.onDestroy(ABActivity.java:2)

08-05 16:40:44.084  5650  5650 I LSPosed-Bridge: 	at com.baihe.libs.framework.template.activity.BHFActivityTitleContent.onDestroy(BHFActivityTitleContent.java:2)

08-05 16:40:44.084  5650  5650 I LSPosed-Bridge: 	at android.app.Activity.performDestroy(Activity.java:7395)

08-05 16:40:44.084  5650  5650 I LSPosed-Bridge: 	at android.app.Instrumentation.callActivityOnDestroy(Instrumentation.java:1307)

08-05 16:40:44.084  5650  5650 I LSPosed-Bridge: 	at android.app.ActivityThread.performDestroyActivity(ActivityThread.java:4444)

08-05 16:40:44.084  5650  5650 I LSPosed-Bridge: 	at android.app.ActivityThread.handleDestroyActivity(ActivityThread.java:4477)

08-05 16:40:44.084  5650  5650 I LSPosed-Bridge: 	at android.app.servertransaction.DestroyActivityItem.execute(DestroyActivityItem.java:39)

08-05 16:40:44.084  5650  5650 I LSPosed-Bridge: 	at android.app.servertransaction.TransactionExecutor.executeLifecycleState(TransactionExecutor.java:145)

08-05 16:40:44.084  5650  5650 I LSPosed-Bridge: 	at android.app.servertransaction.TransactionExecutor.execute(TransactionExecutor.java:70)

08-05 16:40:44.084  5650  5650 I LSPosed-Bridge: 	at android.app.ActivityThread$H.handleMessage(ActivityThread.java:1809)

08-05 16:40:44.084  5650  5650 I LSPosed-Bridge: 	at i.g.a.a.a.handleMessage(ActivityThreadCallback.java:4)

08-05 16:40:44.084  5650  5650 I LSPosed-Bridge: 	at android.os.Handler.dispatchMessage(Handler.java:102)

08-05 16:40:44.084  5650  5650 I LSPosed-Bridge: 	at android.os.Looper.loop(Looper.java:193)

08-05 16:40:44.084  5650  5650 I LSPosed-Bridge: 	at android.app.ActivityThread.main(ActivityThread.java:6692)

08-05 16:40:44.084  5650  5650 I LSPosed-Bridge: 	at java.lang.reflect.Method.invoke(Native Method)

08-05 16:40:44.084  5650  5650 I LSPosed-Bridge: 	at com.android.internal.os.RuntimeInit$MethodAndArgsCaller.run(RuntimeInit.java:493)

08-05 16:40:44.084  5650  5650 I LSPosed-Bridge: 	at com.android.internal.os.ZygoteInit.main(ZygoteInit.java:858)

08-05 16:40:58.421  1588  9603 I LSPosed-Bridge: 5650 PermLabel 10147 AMS.checkPermission: Binder.getCallingPid() = 5650; uid = 10147; Binder.getCallingUid() = 10147; getNameForUid: com.baihe; getPackagesForUid: [com.baihe]; permName: android.permission.GET_TASKS; type = 0; res = -1; stacktrace=java.lang.Exception

08-05 16:40:58.421  1588  9603 I LSPosed-Bridge: 	at com.example.permlabel.requirePerm$1$2.afterHookedMethod(requirePerm.java:139)

08-05 16:40:58.421  1588  9603 I LSPosed-Bridge: 	at de.robv.android.xposed.XposedBridge$AdditionalHookInfo.callback(Unknown Source:147)

08-05 16:40:58.421  1588  9603 I LSPosed-Bridge: 	at LSPHooker_.checkPermission(Unknown Source:25)

08-05 16:40:58.421  1588  9603 I LSPosed-Bridge: 	at com.android.server.am.ActivityManagerService.isGetTasksAllowed(ActivityManagerService.java:10902)

08-05 16:40:58.421  1588  9603 I LSPosed-Bridge: 	at com.android.server.am.ActivityManagerService.getServices(ActivityManagerService.java:20573)

08-05 16:40:58.421  1588  9603 I LSPosed-Bridge: 	at android.app.IActivityManager$Stub.onTransact(IActivityManager.java:1064)

08-05 16:40:58.421  1588  9603 I LSPosed-Bridge: 	at com.android.server.am.ActivityManagerService.onTransact(ActivityManagerService.java:3346)

08-05 16:40:58.421  1588  9603 I LSPosed-Bridge: 	at android.os.Binder.execTransact(Binder.java:731)

08-05 16:40:58.999  1588  9603 I LSPosed-Bridge: 5650 PermLabel 10147 AMS.checkPermission: Binder.getCallingPid() = 5650; uid = 10147; Binder.getCallingUid() = 10147; getNameForUid: com.baihe; getPackagesForUid: [com.baihe]; permName: android.permission.GET_TASKS; type = 0; res = -1; stacktrace=java.lang.Exception

08-05 16:40:58.999  1588  9603 I LSPosed-Bridge: 	at com.example.permlabel.requirePerm$1$2.afterHookedMethod(requirePerm.java:139)

08-05 16:40:58.999  1588  9603 I LSPosed-Bridge: 	at de.robv.android.xposed.XposedBridge$AdditionalHookInfo.callback(Unknown Source:147)

08-05 16:40:58.999  1588  9603 I LSPosed-Bridge: 	at LSPHooker_.checkPermission(Unknown Source:25)

08-05 16:40:58.999  1588  9603 I LSPosed-Bridge: 	at com.android.server.am.ActivityManagerService.isGetTasksAllowed(ActivityManagerService.java:10902)

08-05 16:40:58.999  1588  9603 I LSPosed-Bridge: 	at com.android.server.am.ActivityManagerService.getRunningAppProcesses(ActivityManagerService.java:16139)

08-05 16:40:58.999  1588  9603 I LSPosed-Bridge: 	at android.app.IActivityManager$Stub.onTransact(IActivityManager.java:1088)

08-05 16:40:58.999  1588  9603 I LSPosed-Bridge: 	at com.android.server.am.ActivityManagerService.onTransact(ActivityManagerService.java:3346)

08-05 16:40:58.999  1588  9603 I LSPosed-Bridge: 	at android.os.Binder.execTransact(Binder.java:731)

08-05 16:40:58.999  5650  5650 I LSPosed-Bridge: 5650 PermLabel hookBinder_test 10147 interfaceBinder =android.view.accessibility.IAccessibilityInteractionConnectionCallback; arg0 = 2; arg1 = android.os.Parcel@d6c4d61; arg2 = null; arg3 = 1; res = true; stacktrace=java.lang.Exception

08-05 16:40:58.999  5650  5650 I LSPosed-Bridge: 	at com.example.permlabel.hookBinder_test$1.afterHookedMethod(hookBinder_test.java:70)

08-05 16:40:58.999  5650  5650 I LSPosed-Bridge: 	at de.robv.android.xposed.XposedBridge$AdditionalHookInfo.callback(Unknown Source:147)

08-05 16:40:58.999  5650  5650 I LSPosed-Bridge: 	at LSPHooker_.transact(Unknown Source:28)

08-05 16:40:58.999  5650  5650 I LSPosed-Bridge: 	at android.view.accessibility.IAccessibilityInteractionConnectionCallback$Stub$Proxy.setFindAccessibilityNodeInfosResult(IAccessibilityInteractionConnectionCallback.java:146)

08-05 16:40:58.999  5650  5650 I LSPosed-Bridge: 	at android.view.AccessibilityInteractionController.updateInfosForViewportAndReturnFindNodeResult(AccessibilityInteractionController.java:869)

08-05 16:40:58.999  5650  5650 I LSPosed-Bridge: 	at android.view.AccessibilityInteractionController.findAccessibilityNodeInfoByAccessibilityIdUiThread(AccessibilityInteractionController.java:340)

08-05 16:40:58.999  5650  5650 I LSPosed-Bridge: 	at android.view.AccessibilityInteractionController.access$400(AccessibilityInteractionController.java:67)

08-05 16:40:58.999  5650  5650 I LSPosed-Bridge: 	at android.view.AccessibilityInteractionController$PrivateHandler.handleMessage(AccessibilityInteractionController.java:1324)

08-05 16:40:58.999  5650  5650 I LSPosed-Bridge: 	at android.os.Handler.dispatchMessage(Handler.java:106)

08-05 16:40:58.999  5650  5650 I LSPosed-Bridge: 	at android.os.Looper.loop(Looper.java:193)

08-05 16:40:58.999  5650  5650 I LSPosed-Bridge: 	at android.app.ActivityThread.main(ActivityThread.java:6692)

08-05 16:40:58.999  5650  5650 I LSPosed-Bridge: 	at java.lang.reflect.Method.invoke(Native Method)

08-05 16:40:58.999  5650  5650 I LSPosed-Bridge: 	at com.android.internal.os.RuntimeInit$MethodAndArgsCaller.run(RuntimeInit.java:493)

08-05 16:40:58.999  5650  5650 I LSPosed-Bridge: 	at com.android.internal.os.ZygoteInit.main(ZygoteInit.java:858)

08-05 16:41:01.740  1588  9390 I LSPosed-Bridge: 5650 PermLabel 10147 AMS.checkPermission: Binder.getCallingPid() = 5650; uid = 10147; Binder.getCallingUid() = 10147; getNameForUid: com.baihe; getPackagesForUid: [com.baihe]; permName: android.permission.GET_TASKS; type = 0; res = -1; stacktrace=java.lang.Exception

08-05 16:41:01.740  1588  9390 I LSPosed-Bridge: 	at com.example.permlabel.requirePerm$1$2.afterHookedMethod(requirePerm.java:139)

08-05 16:41:01.740  1588  9390 I LSPosed-Bridge: 	at de.robv.android.xposed.XposedBridge$AdditionalHookInfo.callback(Unknown Source:147)

08-05 16:41:01.740  1588  9390 I LSPosed-Bridge: 	at LSPHooker_.checkPermission(Unknown Source:25)

08-05 16:41:01.740  1588  9390 I LSPosed-Bridge: 	at com.android.server.am.ActivityManagerService.isGetTasksAllowed(ActivityManagerService.java:10902)

08-05 16:41:01.740  1588  9390 I LSPosed-Bridge: 	at com.android.server.am.ActivityManagerService.getServices(ActivityManagerService.java:20573)

08-05 16:41:01.740  1588  9390 I LSPosed-Bridge: 	at android.app.IActivityManager$Stub.onTransact(IActivityManager.java:1064)

08-05 16:41:01.740  1588  9390 I LSPosed-Bridge: 	at com.android.server.am.ActivityManagerService.onTransact(ActivityManagerService.java:3346)

08-05 16:41:01.740  1588  9390 I LSPosed-Bridge: 	at android.os.Binder.execTransact(Binder.java:731)

08-05 16:41:02.284  1588  9390 I LSPosed-Bridge: 5650 PermLabel 10147 AMS.checkPermission: Binder.getCallingPid() = 5650; uid = 10147; Binder.getCallingUid() = 10147; getNameForUid: com.baihe; getPackagesForUid: [com.baihe]; permName: android.permission.GET_TASKS; type = 0; res = -1; stacktrace=java.lang.Exception

08-05 16:41:02.284  1588  9390 I LSPosed-Bridge: 	at com.example.permlabel.requirePerm$1$2.afterHookedMethod(requirePerm.java:139)

08-05 16:41:02.284  1588  9390 I LSPosed-Bridge: 	at de.robv.android.xposed.XposedBridge$AdditionalHookInfo.callback(Unknown Source:147)

08-05 16:41:02.284  1588  9390 I LSPosed-Bridge: 	at LSPHooker_.checkPermission(Unknown Source:25)

08-05 16:41:02.284  1588  9390 I LSPosed-Bridge: 	at com.android.server.am.ActivityManagerService.isGetTasksAllowed(ActivityManagerService.java:10902)

08-05 16:41:02.284  1588  9390 I LSPosed-Bridge: 	at com.android.server.am.ActivityManagerService.getRunningAppProcesses(ActivityManagerService.java:16139)

08-05 16:41:02.284  1588  9390 I LSPosed-Bridge: 	at android.app.IActivityManager$Stub.onTransact(IActivityManager.java:1088)

08-05 16:41:02.284  1588  9390 I LSPosed-Bridge: 	at com.android.server.am.ActivityManagerService.onTransact(ActivityManagerService.java:3346)

08-05 16:41:02.284  1588  9390 I LSPosed-Bridge: 	at android.os.Binder.execTransact(Binder.java:731)

08-05 16:41:19.826  1588  9603 I LSPosed-Bridge: 5650 PermLabel 10147 AMS.checkPermission: Binder.getCallingPid() = 5650; uid = 10147; Binder.getCallingUid() = 10147; getNameForUid: com.baihe; getPackagesForUid: [com.baihe]; permName: android.permission.GET_TASKS; type = 0; res = -1; stacktrace=java.lang.Exception

08-05 16:41:19.826  1588  9603 I LSPosed-Bridge: 	at com.example.permlabel.requirePerm$1$2.afterHookedMethod(requirePerm.java:139)

08-05 16:41:19.826  1588  9603 I LSPosed-Bridge: 	at de.robv.android.xposed.XposedBridge$AdditionalHookInfo.callback(Unknown Source:147)

08-05 16:41:19.826  1588  9603 I LSPosed-Bridge: 	at LSPHooker_.checkPermission(Unknown Source:25)

08-05 16:41:19.826  1588  9603 I LSPosed-Bridge: 	at com.android.server.am.ActivityManagerService.isGetTasksAllowed(ActivityManagerService.java:10902)

08-05 16:41:19.826  1588  9603 I LSPosed-Bridge: 	at com.android.server.am.ActivityManagerService.getServices(ActivityManagerService.java:20573)

08-05 16:41:19.826  1588  9603 I LSPosed-Bridge: 	at android.app.IActivityManager$Stub.onTransact(IActivityManager.java:1064)

08-05 16:41:19.826  1588  9603 I LSPosed-Bridge: 	at com.android.server.am.ActivityManagerService.onTransact(ActivityManagerService.java:3346)

08-05 16:41:19.826  1588  9603 I LSPosed-Bridge: 	at android.os.Binder.execTransact(Binder.java:731)

08-05 16:41:20.389  1588  9558 I LSPosed-Bridge: 5650 PermLabel 10147 AMS.checkPermission: Binder.getCallingPid() = 5650; uid = 10147; Binder.getCallingUid() = 10147; getNameForUid: com.baihe; getPackagesForUid: [com.baihe]; permName: android.permission.GET_TASKS; type = 0; res = -1; stacktrace=java.lang.Exception

08-05 16:41:20.389  1588  9558 I LSPosed-Bridge: 	at com.example.permlabel.requirePerm$1$2.afterHookedMethod(requirePerm.java:139)

08-05 16:41:20.389  1588  9558 I LSPosed-Bridge: 	at de.robv.android.xposed.XposedBridge$AdditionalHookInfo.callback(Unknown Source:147)

08-05 16:41:20.389  1588  9558 I LSPosed-Bridge: 	at LSPHooker_.checkPermission(Unknown Source:25)

08-05 16:41:20.389  1588  9558 I LSPosed-Bridge: 	at com.android.server.am.ActivityManagerService.isGetTasksAllowed(ActivityManagerService.java:10902)

08-05 16:41:20.389  1588  9558 I LSPosed-Bridge: 	at com.android.server.am.ActivityManagerService.getRunningAppProcesses(ActivityManagerService.java:16139)

08-05 16:41:20.389  1588  9558 I LSPosed-Bridge: 	at android.app.IActivityManager$Stub.onTransact(IActivityManager.java:1088)

08-05 16:41:20.389  1588  9558 I LSPosed-Bridge: 	at com.android.server.am.ActivityManagerService.onTransact(ActivityManagerService.java:3346)

08-05 16:41:20.389  1588  9558 I LSPosed-Bridge: 	at android.os.Binder.execTransact(Binder.java:731)

08-05 16:41:20.389  5650  5650 I LSPosed-Bridge: 5650 PermLabel hookBinder_test 10147 interfaceBinder =android.view.accessibility.IAccessibilityInteractionConnectionCallback; arg0 = 2; arg1 = android.os.Parcel@83c4315; arg2 = null; arg3 = 1; res = true; stacktrace=java.lang.Exception

08-05 16:41:20.389  5650  5650 I LSPosed-Bridge: 	at com.example.permlabel.hookBinder_test$1.afterHookedMethod(hookBinder_test.java:70)

08-05 16:41:20.389  5650  5650 I LSPosed-Bridge: 	at de.robv.android.xposed.XposedBridge$AdditionalHookInfo.callback(Unknown Source:147)

08-05 16:41:20.389  5650  5650 I LSPosed-Bridge: 	at LSPHooker_.transact(Unknown Source:28)

08-05 16:41:20.389  5650  5650 I LSPosed-Bridge: 	at android.view.accessibility.IAccessibilityInteractionConnectionCallback$Stub$Proxy.setFindAccessibilityNodeInfosResult(IAccessibilityInteractionConnectionCallback.java:146)

08-05 16:41:20.389  5650  5650 I LSPosed-Bridge: 	at android.view.AccessibilityInteractionController.updateInfosForViewportAndReturnFindNodeResult(AccessibilityInteractionController.java:869)

08-05 16:41:20.389  5650  5650 I LSPosed-Bridge: 	at android.view.AccessibilityInteractionController.findAccessibilityNodeInfoByAccessibilityIdUiThread(AccessibilityInteractionController.java:340)

08-05 16:41:20.389  5650  5650 I LSPosed-Bridge: 	at android.view.AccessibilityInteractionController.access$400(AccessibilityInteractionController.java:67)

08-05 16:41:20.389  5650  5650 I LSPosed-Bridge: 	at android.view.AccessibilityInteractionController$PrivateHandler.handleMessage(AccessibilityInteractionController.java:1324)

08-05 16:41:20.389  5650  5650 I LSPosed-Bridge: 	at android.os.Handler.dispatchMessage(Handler.java:106)

08-05 16:41:20.389  5650  5650 I LSPosed-Bridge: 	at android.os.Looper.loop(Looper.java:193)

08-05 16:41:20.389  5650  5650 I LSPosed-Bridge: 	at android.app.ActivityThread.main(ActivityThread.java:6692)

08-05 16:41:20.389  5650  5650 I LSPosed-Bridge: 	at java.lang.reflect.Method.invoke(Native Method)

08-05 16:41:20.389  5650  5650 I LSPosed-Bridge: 	at com.android.internal.os.RuntimeInit$MethodAndArgsCaller.run(RuntimeInit.java:493)

08-05 16:41:20.389  5650  5650 I LSPosed-Bridge: 	at com.android.internal.os.ZygoteInit.main(ZygoteInit.java:858)

08-05 16:41:20.389  5650  9182 I LSPosed-Bridge: 5650 PermLabel hookBinder_test 10147 interfaceBinder =android.app.IActivityManager; arg0 = 81; arg1 = android.os.Parcel@568c61e; arg2 = android.os.Parcel@d6c4d61; arg3 = 0; res = true; stacktrace=java.lang.Exception

08-05 16:41:20.389  5650  9182 I LSPosed-Bridge: 	at com.example.permlabel.hookBinder_test$1.afterHookedMethod(hookBinder_test.java:70)

08-05 16:41:20.389  5650  9182 I LSPosed-Bridge: 	at de.robv.android.xposed.XposedBridge$AdditionalHookInfo.callback(Unknown Source:147)

08-05 16:41:20.389  5650  9182 I LSPosed-Bridge: 	at LSPHooker_.transact(Unknown Source:28)

08-05 16:41:20.389  5650  9182 I LSPosed-Bridge: 	at android.app.IActivityManager$Stub$Proxy.getRunningAppProcesses(IActivityManager.java:5366)

08-05 16:41:20.389  5650  9182 I LSPosed-Bridge: 	at android.app.ActivityManager.getRunningAppProcesses(ActivityManager.java:3435)

08-05 16:41:20.389  5650  9182 I LSPosed-Bridge: 	at java.lang.reflect.Method.invoke(Native Method)

08-05 16:41:20.389  5650  9182 I LSPosed-Bridge: 	at org.lsposed.lspd.nativebridge.HookBridge.invokeOriginalMethod(Native Method)

08-05 16:41:20.389  5650  9182 I LSPosed-Bridge: 	at de.robv.android.xposed.XposedBridge$AdditionalHookInfo.callback(Unknown Source:110)

08-05 16:41:20.389  5650  9182 I LSPosed-Bridge: 	at LSPHooker_.getRunningAppProcesses(Unknown Source:8)

08-05 16:41:20.389  5650  9182 I LSPosed-Bridge: 	at com.alibaba.wireless.security.open.edgecomputing.ECMiscInfo.isBackgroundNew(Unknown Source:8)

08-05 16:41:20.389  5650  9182 I LSPosed-Bridge: 	at com.alibaba.wireless.security.open.edgecomputing.ECMiscInfo$а.run(Unknown Source:18)

08-05 16:41:20.389  5650  9182 I LSPosed-Bridge: 	at android.os.Handler.handleCallback(Handler.java:873)

08-05 16:41:20.389  5650  9182 I LSPosed-Bridge: 	at android.os.Handler.dispatchMessage(Handler.java:99)

08-05 16:41:20.389  5650  9182 I LSPosed-Bridge: 	at android.os.Looper.loop(Looper.java:193)

08-05 16:41:20.389  5650  9182 I LSPosed-Bridge: 	at android.os.HandlerThread.run(HandlerThread.java:65)

08-05 16:41:23.223  1588  9558 I LSPosed-Bridge: 5650 PermLabel 10147 AMS.checkPermission: Binder.getCallingPid() = 5650; uid = 10147; Binder.getCallingUid() = 10147; getNameForUid: com.baihe; getPackagesForUid: [com.baihe]; permName: android.permission.GET_TASKS; type = 0; res = -1; stacktrace=java.lang.Exception

08-05 16:41:23.223  1588  9558 I LSPosed-Bridge: 	at com.example.permlabel.requirePerm$1$2.afterHookedMethod(requirePerm.java:139)

08-05 16:41:23.223  1588  9558 I LSPosed-Bridge: 	at de.robv.android.xposed.XposedBridge$AdditionalHookInfo.callback(Unknown Source:147)

08-05 16:41:23.223  1588  9558 I LSPosed-Bridge: 	at LSPHooker_.checkPermission(Unknown Source:25)

08-05 16:41:23.223  1588  9558 I LSPosed-Bridge: 	at com.android.server.am.ActivityManagerService.isGetTasksAllowed(ActivityManagerService.java:10902)

08-05 16:41:23.223  1588  9558 I LSPosed-Bridge: 	at com.android.server.am.ActivityManagerService.getServices(ActivityManagerService.java:20573)

08-05 16:41:23.223  1588  9558 I LSPosed-Bridge: 	at android.app.IActivityManager$Stub.onTransact(IActivityManager.java:1064)

08-05 16:41:23.223  1588  9558 I LSPosed-Bridge: 	at com.android.server.am.ActivityManagerService.onTransact(ActivityManagerService.java:3346)

08-05 16:41:23.223  1588  9558 I LSPosed-Bridge: 	at android.os.Binder.execTransact(Binder.java:731)

08-05 16:41:23.742 14663 17386 I awcn.SerializeHelper:  persist end. file:/data/user/0/com.wandoujia.phoenix2/files/awcn_strategy/WIFI$0f607264fc6318a92b9e13c65db7cd3c size:8816 cost:6

08-05 16:41:23.742  1588  4500 I LSPosed-Bridge: 5650 PermLabel 10147 AMS.checkPermission: Binder.getCallingPid() = 5650; uid = 10147; Binder.getCallingUid() = 10147; getNameForUid: com.baihe; getPackagesForUid: [com.baihe]; permName: android.permission.GET_TASKS; type = 0; res = -1; stacktrace=java.lang.Exception

08-05 16:41:23.742  1588  4500 I LSPosed-Bridge: 	at com.example.permlabel.requirePerm$1$2.afterHookedMethod(requirePerm.java:139)

08-05 16:41:23.742  1588  4500 I LSPosed-Bridge: 	at de.robv.android.xposed.XposedBridge$AdditionalHookInfo.callback(Unknown Source:147)

08-05 16:41:23.742  1588  4500 I LSPosed-Bridge: 	at LSPHooker_.checkPermission(Unknown Source:25)

08-05 16:41:23.742  1588  4500 I LSPosed-Bridge: 	at com.android.server.am.ActivityManagerService.isGetTasksAllowed(ActivityManagerService.java:10902)

08-05 16:41:23.742  1588  4500 I LSPosed-Bridge: 	at com.android.server.am.ActivityManagerService.getRunningAppProcesses(ActivityManagerService.java:16139)

08-05 16:41:23.742  1588  4500 I LSPosed-Bridge: 	at android.app.IActivityManager$Stub.onTransact(IActivityManager.java:1088)

08-05 16:41:23.742  1588  4500 I LSPosed-Bridge: 	at com.android.server.am.ActivityManagerService.onTransact(ActivityManagerService.java:3346)

08-05 16:41:23.742  1588  4500 I LSPosed-Bridge: 	at android.os.Binder.execTransact(Binder.java:731)

08-05 16:41:27.076  1588  9603 I LSPosed-Bridge: 5650 PermLabel 10147 AMS.checkPermission: Binder.getCallingPid() = 5650; uid = 10147; Binder.getCallingUid() = 10147; getNameForUid: com.baihe; getPackagesForUid: [com.baihe]; permName: android.permission.GET_TASKS; type = 0; res = -1; stacktrace=java.lang.Exception

08-05 16:41:27.076  1588  9603 I LSPosed-Bridge: 	at com.example.permlabel.requirePerm$1$2.afterHookedMethod(requirePerm.java:139)

08-05 16:41:27.076  1588  9603 I LSPosed-Bridge: 	at de.robv.android.xposed.XposedBridge$AdditionalHookInfo.callback(Unknown Source:147)

08-05 16:41:27.076  1588  9603 I LSPosed-Bridge: 	at LSPHooker_.checkPermission(Unknown Source:25)

08-05 16:41:27.076  1588  9603 I LSPosed-Bridge: 	at com.android.server.am.ActivityManagerService.isGetTasksAllowed(ActivityManagerService.java:10902)

08-05 16:41:27.076  1588  9603 I LSPosed-Bridge: 	at com.android.server.am.ActivityManagerService.getServices(ActivityManagerService.java:20573)

08-05 16:41:27.076  1588  9603 I LSPosed-Bridge: 	at android.app.IActivityManager$Stub.onTransact(IActivityManager.java:1064)

08-05 16:41:27.076  1588  9603 I LSPosed-Bridge: 	at com.android.server.am.ActivityManagerService.onTransact(ActivityManagerService.java:3346)

08-05 16:41:27.076  1588  9603 I LSPosed-Bridge: 	at android.os.Binder.execTransact(Binder.java:731)

08-05 16:41:27.639  1588  4500 I LSPosed-Bridge: 5650 PermLabel 10147 AMS.checkPermission: Binder.getCallingPid() = 5650; uid = 10147; Binder.getCallingUid() = 10147; getNameForUid: com.baihe; getPackagesForUid: [com.baihe]; permName: android.permission.GET_TASKS; type = 0; res = -1; stacktrace=java.lang.Exception

08-05 16:41:27.639  1588  4500 I LSPosed-Bridge: 	at com.example.permlabel.requirePerm$1$2.afterHookedMethod(requirePerm.java:139)

08-05 16:41:27.639  1588  4500 I LSPosed-Bridge: 	at de.robv.android.xposed.XposedBridge$AdditionalHookInfo.callback(Unknown Source:147)

08-05 16:41:27.639  1588  4500 I LSPosed-Bridge: 	at LSPHooker_.checkPermission(Unknown Source:25)

08-05 16:41:27.639  1588  4500 I LSPosed-Bridge: 	at com.android.server.am.ActivityManagerService.isGetTasksAllowed(ActivityManagerService.java:10902)

08-05 16:41:27.639  1588  4500 I LSPosed-Bridge: 	at com.android.server.am.ActivityManagerService.getRunningAppProcesses(ActivityManagerService.java:16139)

08-05 16:41:27.639  1588  4500 I LSPosed-Bridge: 	at android.app.IActivityManager$Stub.onTransact(IActivityManager.java:1088)

08-05 16:41:27.639  1588  4500 I LSPosed-Bridge: 	at com.android.server.am.ActivityManagerService.onTransact(ActivityManagerService.java:3346)

08-05 16:41:27.639  1588  4500 I LSPosed-Bridge: 	at android.os.Binder.execTransact(Binder.java:731)

08-05 16:41:30.590  1588  9603 I LSPosed-Bridge: 5650 PermLabel 10147 AMS.checkPermission: Binder.getCallingPid() = 5650; uid = 10147; Binder.getCallingUid() = 10147; getNameForUid: com.baihe; getPackagesForUid: [com.baihe]; permName: android.permission.GET_TASKS; type = 0; res = -1; stacktrace=java.lang.Exception

08-05 16:41:30.590  1588  9603 I LSPosed-Bridge: 	at com.example.permlabel.requirePerm$1$2.afterHookedMethod(requirePerm.java:139)

08-05 16:41:30.590  1588  9603 I LSPosed-Bridge: 	at de.robv.android.xposed.XposedBridge$AdditionalHookInfo.callback(Unknown Source:147)

08-05 16:41:30.590  1588  9603 I LSPosed-Bridge: 	at LSPHooker_.checkPermission(Unknown Source:25)

08-05 16:41:30.590  1588  9603 I LSPosed-Bridge: 	at com.android.server.am.ActivityManagerService.isGetTasksAllowed(ActivityManagerService.java:10902)

08-05 16:41:30.590  1588  9603 I LSPosed-Bridge: 	at com.android.server.am.ActivityManagerService.getServices(ActivityManagerService.java:20573)

08-05 16:41:30.590  1588  9603 I LSPosed-Bridge: 	at android.app.IActivityManager$Stub.onTransact(IActivityManager.java:1064)

08-05 16:41:30.590  1588  9603 I LSPosed-Bridge: 	at com.android.server.am.ActivityManagerService.onTransact(ActivityManagerService.java:3346)

08-05 16:41:30.590  1588  9603 I LSPosed-Bridge: 	at android.os.Binder.execTransact(Binder.java:731)

08-05 16:41:31.101  5650  5650 I LSPosed-Bridge: 5650 PermLabel hookBinder_test 10147 interfaceBinder =android.app.IActivityManager; arg0 = 11; arg1 = android.os.Parcel@ab9b603; arg2 = android.os.Parcel@830d86d; arg3 = 0; res = true; stacktrace=java.lang.Exception

08-05 16:41:31.101  5650  5650 I LSPosed-Bridge: 	at com.example.permlabel.hookBinder_test$1.afterHookedMethod(hookBinder_test.java:70)

08-05 16:41:31.101  5650  5650 I LSPosed-Bridge: 	at de.robv.android.xposed.XposedBridge$AdditionalHookInfo.callback(Unknown Source:147)

08-05 16:41:31.101  5650  5650 I LSPosed-Bridge: 	at LSPHooker_.transact(Unknown Source:28)

08-05 16:41:31.101  5650  5650 I LSPosed-Bridge: 	at android.app.IActivityManager$Stub$Proxy.broadcastIntent(IActivityManager.java:3893)

08-05 16:41:31.101  5650  5650 I LSPosed-Bridge: 	at android.app.ContextImpl.sendBroadcast(ContextImpl.java:1009)

08-05 16:41:31.101  5650  5650 I LSPosed-Bridge: 	at android.content.ContextWrapper.sendBroadcast(ContextWrapper.java:444)

08-05 16:41:31.101  5650  5650 I LSPosed-Bridge: 	at android.content.ContextWrapper.sendBroadcast(ContextWrapper.java:444)

08-05 16:41:31.101  5650  5650 I LSPosed-Bridge: 	at com.alibaba.wireless.security.open.edgecomputing.ECMiscInfo$б.onActivityDestroyed(Unknown Source:7)

08-05 16:41:31.101  5650  5650 I LSPosed-Bridge: 	at android.app.Application.dispatchActivityDestroyed(Application.java:276)

08-05 16:41:31.101  5650  5650 I LSPosed-Bridge: 	at android.app.Activity.onDestroy(Activity.java:2002)

08-05 16:41:31.101  5650  5650 I LSPosed-Bridge: 	at androidx.fragment.app.FragmentActivity.onDestroy(FragmentActivity.java:1)

08-05 16:41:31.101  5650  5650 I LSPosed-Bridge: 	at androidx.appcompat.app.AppCompatActivity.onDestroy(AppCompatActivity.java:1)

08-05 16:41:31.101  5650  5650 I LSPosed-Bridge: 	at colorjoin.framework.activity.MageCommunicationActivity.onDestroy(MageCommunicationActivity.java:1)

08-05 16:41:31.101  5650  5650 I LSPosed-Bridge: 	at colorjoin.framework.activity.MageActivity.onDestroy(MageActivity.java:1)

08-05 16:41:31.101  5650  5650 I LSPosed-Bridge: 	at colorjoin.app.base.activities.ABActivity.onDestroy(ABActivity.java:2)

08-05 16:41:31.101  5650  5650 I LSPosed-Bridge: 	at com.baihe.libs.framework.template.activity.BHFActivityTitleContent.onDestroy(BHFActivityTitleContent.java:2)

08-05 16:41:31.101  5650  5650 I LSPosed-Bridge: 	at android.app.Activity.performDestroy(Activity.java:7395)

08-05 16:41:31.101  5650  5650 I LSPosed-Bridge: 	at android.app.Instrumentation.callActivityOnDestroy(Instrumentation.java:1307)

08-05 16:41:31.101  5650  5650 I LSPosed-Bridge: 	at android.app.ActivityThread.performDestroyActivity(ActivityThread.java:4444)

08-05 16:41:31.101  5650  5650 I LSPosed-Bridge: 	at android.app.ActivityThread.handleDestroyActivity(ActivityThread.java:4477)

08-05 16:41:31.101  5650  5650 I LSPosed-Bridge: 	at android.app.servertransaction.DestroyActivityItem.execute(DestroyActivityItem.java:39)

08-05 16:41:31.101  5650  5650 I LSPosed-Bridge: 	at android.app.servertransaction.TransactionExecutor.executeLifecycleState(TransactionExecutor.java:145)

08-05 16:41:31.101  5650  5650 I LSPosed-Bridge: 	at android.app.servertransaction.TransactionExecutor.execute(TransactionExecutor.java:70)

08-05 16:41:31.101  5650  5650 I LSPosed-Bridge: 	at android.app.ActivityThread$H.handleMessage(ActivityThread.java:1809)

08-05 16:41:31.101  5650  5650 I LSPosed-Bridge: 	at i.g.a.a.a.handleMessage(ActivityThreadCallback.java:4)

08-05 16:41:31.101  5650  5650 I LSPosed-Bridge: 	at android.os.Handler.dispatchMessage(Handler.java:102)

08-05 16:41:31.101  5650  5650 I LSPosed-Bridge: 	at android.os.Looper.loop(Looper.java:193)

08-05 16:41:31.101  5650  5650 I LSPosed-Bridge: 	at android.app.ActivityThread.main(ActivityThread.java:6692)

08-05 16:41:31.101  5650  5650 I LSPosed-Bridge: 	at java.lang.reflect.Method.invoke(Native Method)

08-05 16:41:31.101  5650  5650 I LSPosed-Bridge: 	at com.android.internal.os.RuntimeInit$MethodAndArgsCaller.run(RuntimeInit.java:493)

08-05 16:41:31.101  5650  5650 I LSPosed-Bridge: 	at com.android.internal.os.ZygoteInit.main(ZygoteInit.java:858)

08-05 16:41:31.101  1588  9558 I LSPosed-Bridge: 5650 PermLabel 10147 AMS.checkPermission: Binder.getCallingPid() = 5650; uid = 10147; Binder.getCallingUid() = 10147; getNameForUid: com.baihe; getPackagesForUid: [com.baihe]; permName: android.permission.GET_TASKS; type = 0; res = -1; stacktrace=java.lang.Exception

08-05 16:41:31.101  1588  9558 I LSPosed-Bridge: 	at com.example.permlabel.requirePerm$1$2.afterHookedMethod(requirePerm.java:139)

08-05 16:41:31.101  1588  9558 I LSPosed-Bridge: 	at de.robv.android.xposed.XposedBridge$AdditionalHookInfo.callback(Unknown Source:147)

08-05 16:41:31.101  1588  9558 I LSPosed-Bridge: 	at LSPHooker_.checkPermission(Unknown Source:25)

08-05 16:41:31.101  1588  9558 I LSPosed-Bridge: 	at com.android.server.am.ActivityManagerService.isGetTasksAllowed(ActivityManagerService.java:10902)

08-05 16:41:31.101  1588  9558 I LSPosed-Bridge: 	at com.android.server.am.ActivityManagerService.getRunningAppProcesses(ActivityManagerService.java:16139)

08-05 16:41:31.101  1588  9558 I LSPosed-Bridge: 	at android.app.IActivityManager$Stub.onTransact(IActivityManager.java:1088)

08-05 16:41:31.101  1588  9558 I LSPosed-Bridge: 	at com.android.server.am.ActivityManagerService.onTransact(ActivityManagerService.java:3346)

08-05 16:41:31.101  1588  9558 I LSPosed-Bridge: 	at android.os.Binder.execTransact(Binder.java:731)

08-05 16:41:34.208  1588  9558 I LSPosed-Bridge: 5650 PermLabel 10147 AMS.checkPermission: Binder.getCallingPid() = 5650; uid = 10147; Binder.getCallingUid() = 10147; getNameForUid: com.baihe; getPackagesForUid: [com.baihe]; permName: android.permission.GET_TASKS; type = 0; res = -1; stacktrace=java.lang.Exception

08-05 16:41:34.208  1588  9558 I LSPosed-Bridge: 	at com.example.permlabel.requirePerm$1$2.afterHookedMethod(requirePerm.java:139)

08-05 16:41:34.208  1588  9558 I LSPosed-Bridge: 	at de.robv.android.xposed.XposedBridge$AdditionalHookInfo.callback(Unknown Source:147)

08-05 16:41:34.208  1588  9558 I LSPosed-Bridge: 	at LSPHooker_.checkPermission(Unknown Source:25)

08-05 16:41:34.208  1588  9558 I LSPosed-Bridge: 	at com.android.server.am.ActivityManagerService.isGetTasksAllowed(ActivityManagerService.java:10902)

08-05 16:41:34.208  1588  9558 I LSPosed-Bridge: 	at com.android.server.am.ActivityManagerService.getServices(ActivityManagerService.java:20573)

08-05 16:41:34.208  1588  9558 I LSPosed-Bridge: 	at android.app.IActivityManager$Stub.onTransact(IActivityManager.java:1064)

08-05 16:41:34.208  1588  9558 I LSPosed-Bridge: 	at com.android.server.am.ActivityManagerService.onTransact(ActivityManagerService.java:3346)

08-05 16:41:34.208  1588  9558 I LSPosed-Bridge: 	at android.os.Binder.execTransact(Binder.java:731)

08-05 16:41:34.771  1588  9603 I LSPosed-Bridge: 5650 PermLabel 10147 AMS.checkPermission: Binder.getCallingPid() = 5650; uid = 10147; Binder.getCallingUid() = 10147; getNameForUid: com.baihe; getPackagesForUid: [com.baihe]; permName: android.permission.GET_TASKS; type = 0; res = -1; stacktrace=java.lang.Exception

08-05 16:41:34.771  1588  9603 I LSPosed-Bridge: 	at com.example.permlabel.requirePerm$1$2.afterHookedMethod(requirePerm.java:139)

08-05 16:41:34.771  1588  9603 I LSPosed-Bridge: 	at de.robv.android.xposed.XposedBridge$AdditionalHookInfo.callback(Unknown Source:147)

08-05 16:41:34.771  1588  9603 I LSPosed-Bridge: 	at LSPHooker_.checkPermission(Unknown Source:25)

08-05 16:41:34.771  1588  9603 I LSPosed-Bridge: 	at com.android.server.am.ActivityManagerService.isGetTasksAllowed(ActivityManagerService.java:10902)

08-05 16:41:34.771  1588  9603 I LSPosed-Bridge: 	at com.android.server.am.ActivityManagerService.getRunningAppProcesses(ActivityManagerService.java:16139)

08-05 16:41:34.771  1588  9603 I LSPosed-Bridge: 	at android.app.IActivityManager$Stub.onTransact(IActivityManager.java:1088)

08-05 16:41:34.771  1588  9603 I LSPosed-Bridge: 	at com.android.server.am.ActivityManagerService.onTransact(ActivityManagerService.java:3346)

08-05 16:41:34.771  1588  9603 I LSPosed-Bridge: 	at android.os.Binder.execTransact(Binder.java:731)

08-05 16:41:34.771  5650  5650 I LSPosed-Bridge: 5650 PermLabel hookBinder_test 10147 interfaceBinder =android.view.accessibility.IAccessibilityInteractionConnectionCallback; arg0 = 2; arg1 = android.os.Parcel@4a3bb0; arg2 = null; arg3 = 1; res = true; stacktrace=java.lang.Exception

08-05 16:41:34.771  5650  5650 I LSPosed-Bridge: 	at com.example.permlabel.hookBinder_test$1.afterHookedMethod(hookBinder_test.java:70)

08-05 16:41:34.771  5650  5650 I LSPosed-Bridge: 	at de.robv.android.xposed.XposedBridge$AdditionalHookInfo.callback(Unknown Source:147)

08-05 16:41:34.771  5650  5650 I LSPosed-Bridge: 	at LSPHooker_.transact(Unknown Source:28)

08-05 16:41:34.771  5650  5650 I LSPosed-Bridge: 	at android.view.accessibility.IAccessibilityInteractionConnectionCallback$Stub$Proxy.setFindAccessibilityNodeInfosResult(IAccessibilityInteractionConnectionCallback.java:146)

08-05 16:41:34.771  5650  5650 I LSPosed-Bridge: 	at android.view.AccessibilityInteractionController.updateInfosForViewportAndReturnFindNodeResult(AccessibilityInteractionController.java:869)

08-05 16:41:34.771  5650  5650 I LSPosed-Bridge: 	at android.view.AccessibilityInteractionController.findAccessibilityNodeInfoByAccessibilityIdUiThread(AccessibilityInteractionController.java:340)

08-05 16:41:34.771  5650  5650 I LSPosed-Bridge: 	at android.view.AccessibilityInteractionController.access$400(AccessibilityInteractionController.java:67)

08-05 16:41:34.771  5650  5650 I LSPosed-Bridge: 	at android.view.AccessibilityInteractionController$PrivateHandler.handleMessage(AccessibilityInteractionController.java:1324)

08-05 16:41:34.771  5650  5650 I LSPosed-Bridge: 	at android.os.Handler.dispatchMessage(Handler.java:106)

08-05 16:41:34.771  5650  5650 I LSPosed-Bridge: 	at android.os.Looper.loop(Looper.java:193)

08-05 16:41:34.771  5650  5650 I LSPosed-Bridge: 	at android.app.ActivityThread.main(ActivityThread.java:6692)

08-05 16:41:34.771  5650  5650 I LSPosed-Bridge: 	at java.lang.reflect.Method.invoke(Native Method)

08-05 16:41:34.771  5650  5650 I LSPosed-Bridge: 	at com.android.internal.os.RuntimeInit$MethodAndArgsCaller.run(RuntimeInit.java:493)

08-05 16:41:34.771  5650  5650 I LSPosed-Bridge: 	at com.android.internal.os.ZygoteInit.main(ZygoteInit.java:858)

08-05 16:41:37.574  1588  9390 I LSPosed-Bridge: 5650 PermLabel 10147 AMS.checkPermission: Binder.getCallingPid() = 5650; uid = 10147; Binder.getCallingUid() = 10147; getNameForUid: com.baihe; getPackagesForUid: [com.baihe]; permName: android.permission.GET_TASKS; type = 0; res = -1; stacktrace=java.lang.Exception

08-05 16:41:37.574  1588  9390 I LSPosed-Bridge: 	at com.example.permlabel.requirePerm$1$2.afterHookedMethod(requirePerm.java:139)

08-05 16:41:37.574  1588  9390 I LSPosed-Bridge: 	at de.robv.android.xposed.XposedBridge$AdditionalHookInfo.callback(Unknown Source:147)

