08-05 16:39:48.207  5650  9182 I LSPosed-Bridge: 5650 PermLabel getRunningAppProcesses =android.app.ActivityManager$RunningAppProcessInfo@467fe23

08-05 16:39:48.207  5650  9182 I LSPosed-Bridge: 5650 PermLabel getRunningAppProcesses processName: com.baihe pid: 5650

08-05 16:39:48.207  5650  9182 I LSPosed-Bridge: 5650 PermLabel getRunningAppProcesses importance: 100 pid: 5650

08-05 16:39:48.207  5650  9182 I LSPosed-Bridge: 5650 PermLabel getRunningAppProcesses packageName com.baihe at index 0 in process 5650

08-05 16:39:48.207  5650  9182 I LSPosed-Bridge: 5650 PermLabel permName: android.permission.READ_PHONE_STATE; getRunningAppProcesses =[android.app.ActivityManager$RunningAppProcessInfo@467fe23]; stacktrace=java.lang.Exception

08-05 16:39:48.207  5650  9182 I LSPosed-Bridge: 	at com.example.permlabel.hookBinder_test$2.afterHookedMethod(hookBinder_test.java:110)

08-05 16:39:48.207  5650  9182 I LSPosed-Bridge: 	at de.robv.android.xposed.XposedBridge$AdditionalHookInfo.callback(Unknown Source:147)

08-05 16:39:48.207  5650  9182 I LSPosed-Bridge: 	at LSPHooker_.getRunningAppProcesses(Unknown Source:8)

08-05 16:39:48.207  5650  9182 I LSPosed-Bridge: 	at com.alibaba.wireless.security.open.edgecomputing.ECMiscInfo.isBackgroundNew(Unknown Source:8)

08-05 16:39:48.207  5650  9182 I LSPosed-Bridge: 	at com.alibaba.wireless.security.open.edgecomputing.ECMiscInfo$.run(Unknown Source:18)

08-05 16:39:48.207  5650  9182 I LSPosed-Bridge: 	at android.os.Handler.handleCallback(Handler.java:873)

08-05 16:39:48.207  5650  9182 I LSPosed-Bridge: 	at android.os.Handler.dispatchMessage(Handler.java:99)

08-05 16:39:48.207  5650  9182 I LSPosed-Bridge: 	at android.os.Looper.loop(Looper.java:193)

08-05 16:39:48.207  5650  9182 I LSPosed-Bridge: 	at android.os.HandlerThread.run(HandlerThread.java:65)

08-05 16:39:51.849  5650  5650 I LSPosed-Bridge: 5650 PermLabel hookBinder_test 10147 interfaceBinder =android.app.IActivityManager; arg0 = 17; arg1 = android.os.Parcel@f8edaf3; arg2 = null; arg3 = 1; res = true; stacktrace=java.lang.Exception

08-05 16:39:51.849  5650  5650 I LSPosed-Bridge: 	at com.example.permlabel.hookBinder_test$1.afterHookedMethod(hookBinder_test.java:70)

08-05 16:39:51.849  5650  5650 I LSPosed-Bridge: 	at de.robv.android.xposed.XposedBridge$AdditionalHookInfo.callback(Unknown Source:147)

08-05 16:39:51.849  5650  5650 I LSPosed-Bridge: 	at LSPHooker_.transact(Unknown Source:28)

08-05 16:39:51.849  5650  5650 I LSPosed-Bridge: 	at android.app.IActivityManager$Stub$Proxy.activityStopped(IActivityManager.java:4027)

08-05 16:39:51.849  5650  5650 I LSPosed-Bridge: 	at android.app.servertransaction.PendingTransactionActions$StopInfo.run(PendingTransactionActions.java:144)

08-05 16:39:51.849  5650  5650 I LSPosed-Bridge: 	at android.os.Handler.handleCallback(Handler.java:873)

08-05 16:39:51.849  5650  5650 I LSPosed-Bridge: 	at android.os.Handler.dispatchMessage(Handler.java:99)

08-05 16:39:51.849  5650  5650 I LSPosed-Bridge: 	at android.os.Looper.loop(Looper.java:193)

08-05 16:39:51.849  5650  5650 I LSPosed-Bridge: 	at android.app.ActivityThread.main(ActivityThread.java:6692)

08-05 16:39:51.849  5650  5650 I LSPosed-Bridge: 	at java.lang.reflect.Method.invoke(Native Method)

08-05 16:39:51.849  5650  5650 I LSPosed-Bridge: 	at com.android.internal.os.RuntimeInit$MethodAndArgsCaller.run(RuntimeInit.java:493)

08-05 16:39:51.849  5650  5650 I LSPosed-Bridge: 	at com.android.internal.os.ZygoteInit.main(ZygoteInit.java:858)

08-05 16:39:51.849  5650  9182 I LSPosed-Bridge: 5650 PermLabel getRunningAppProcesses =android.app.ActivityManager$RunningAppProcessInfo@424c8cd

08-05 16:39:51.849  5650  9182 I LSPosed-Bridge: 5650 PermLabel getRunningAppProcesses processName: com.baihe pid: 5650

08-05 16:39:51.849  5650  9182 I LSPosed-Bridge: 5650 PermLabel getRunningAppProcesses importance: 100 pid: 5650

08-05 16:39:51.849  5650  9182 I LSPosed-Bridge: 5650 PermLabel getRunningAppProcesses packageName com.baihe at index 0 in process 5650

08-05 16:39:51.849  5650  9182 I LSPosed-Bridge: 5650 PermLabel permName: android.permission.READ_PHONE_STATE; getRunningAppProcesses =[android.app.ActivityManager$RunningAppProcessInfo@424c8cd]; stacktrace=java.lang.Exception

08-05 16:39:51.849  5650  9182 I LSPosed-Bridge: 	at com.example.permlabel.hookBinder_test$2.afterHookedMethod(hookBinder_test.java:110)

08-05 16:39:51.849  5650  9182 I LSPosed-Bridge: 	at de.robv.android.xposed.XposedBridge$AdditionalHookInfo.callback(Unknown Source:147)

08-05 16:39:51.849  5650  9182 I LSPosed-Bridge: 	at LSPHooker_.getRunningAppProcesses(Unknown Source:8)

08-05 16:39:51.849  5650  9182 I LSPosed-Bridge: 	at com.alibaba.wireless.security.open.edgecomputing.ECMiscInfo.isBackgroundNew(Unknown Source:8)

08-05 16:39:51.849  5650  9182 I LSPosed-Bridge: 	at com.alibaba.wireless.security.open.edgecomputing.ECMiscInfo$.run(Unknown Source:18)

08-05 16:39:51.849  5650  9182 I LSPosed-Bridge: 	at android.os.Handler.handleCallback(Handler.java:873)

08-05 16:39:51.849  5650  9182 I LSPosed-Bridge: 	at android.os.Handler.dispatchMessage(Handler.java:99)

08-05 16:39:51.849  5650  9182 I LSPosed-Bridge: 	at android.os.Looper.loop(Looper.java:193)

08-05 16:39:51.849  5650  9182 I LSPosed-Bridge: 	at android.os.HandlerThread.run(HandlerThread.java:65)

08-05 16:39:55.509  5650  9182 I LSPosed-Bridge: 5650 PermLabel getRunningAppProcesses importance: 100 pid: 5650

08-05 16:39:55.509  5650  9182 I LSPosed-Bridge: 5650 PermLabel getRunningAppProcesses packageName com.baihe at index 0 in process 5650

08-05 16:39:55.509  5650  9182 I LSPosed-Bridge: 5650 PermLabel permName: android.permission.READ_PHONE_STATE; getRunningAppProcesses =[android.app.ActivityManager$RunningAppProcessInfo@6c341e0]; stacktrace=java.lang.Exception

08-05 16:39:55.509  5650  9182 I LSPosed-Bridge: 	at com.example.permlabel.hookBinder_test$2.afterHookedMethod(hookBinder_test.java:110)

08-05 16:39:55.509  5650  9182 I LSPosed-Bridge: 	at de.robv.android.xposed.XposedBridge$AdditionalHookInfo.callback(Unknown Source:147)

08-05 16:39:55.509  5650  9182 I LSPosed-Bridge: 	at LSPHooker_.getRunningAppProcesses(Unknown Source:8)

08-05 16:39:55.509  5650  9182 I LSPosed-Bridge: 	at com.alibaba.wireless.security.open.edgecomputing.ECMiscInfo.isBackgroundNew(Unknown Source:8)

08-05 16:39:55.509  5650  9182 I LSPosed-Bridge: 	at com.alibaba.wireless.security.open.edgecomputing.ECMiscInfo$.run(Unknown Source:18)

08-05 16:39:55.509  5650  9182 I LSPosed-Bridge: 	at android.os.Handler.handleCallback(Handler.java:873)

08-05 16:39:55.509  5650  9182 I LSPosed-Bridge: 	at android.os.Handler.dispatchMessage(Handler.java:99)

08-05 16:39:55.509  5650  9182 I LSPosed-Bridge: 	at android.os.Looper.loop(Looper.java:193)

08-05 16:39:55.509  5650  9182 I LSPosed-Bridge: 	at android.os.HandlerThread.run(HandlerThread.java:65)

08-05 16:39:59.326  5650  9182 I LSPosed-Bridge: 5650 PermLabel permName: android.permission.READ_PHONE_STATE; getRunningAppProcesses =[android.app.ActivityManager$RunningAppProcessInfo@fdfc3d7]; stacktrace=java.lang.Exception

08-05 16:39:59.326  5650  9182 I LSPosed-Bridge: 	at com.example.permlabel.hookBinder_test$2.afterHookedMethod(hookBinder_test.java:110)

08-05 16:39:59.326  5650  9182 I LSPosed-Bridge: 	at de.robv.android.xposed.XposedBridge$AdditionalHookInfo.callback(Unknown Source:147)

08-05 16:39:59.326  5650  9182 I LSPosed-Bridge: 	at LSPHooker_.getRunningAppProcesses(Unknown Source:8)

08-05 16:39:59.326  5650  9182 I LSPosed-Bridge: 	at com.alibaba.wireless.security.open.edgecomputing.ECMiscInfo.isBackgroundNew(Unknown Source:8)

08-05 16:39:59.326  5650  9182 I LSPosed-Bridge: 	at com.alibaba.wireless.security.open.edgecomputing.ECMiscInfo$.run(Unknown Source:18)

08-05 16:39:59.326  5650  9182 I LSPosed-Bridge: 	at android.os.Handler.handleCallback(Handler.java:873)

08-05 16:39:59.326  5650  9182 I LSPosed-Bridge: 	at android.os.Handler.dispatchMessage(Handler.java:99)

08-05 16:39:59.326  5650  9182 I LSPosed-Bridge: 	at android.os.Looper.loop(Looper.java:193)

08-05 16:39:59.326  5650  9182 I LSPosed-Bridge: 	at android.os.HandlerThread.run(HandlerThread.java:65)

08-05 16:40:12.235 14663 14738 W System.err: java.lang.reflect.InvocationTargetException

08-05 16:40:12.235 14663 14738 W System.err: 	at java.lang.reflect.Method.invoke(Native Method)

08-05 16:40:12.235  5650  9182 I LSPosed-Bridge: 5650 PermLabel hookBinder_test 10147 interfaceBinder =android.app.IActivityManager; arg0 = 81; arg1 = android.os.Parcel@1715b2a; arg2 = android.os.Parcel@1581f18; arg3 = 0; res = true; stacktrace=java.lang.Exception

08-05 16:40:12.235  5650  9182 I LSPosed-Bridge: 	at com.example.permlabel.hookBinder_test$1.afterHookedMethod(hookBinder_test.java:70)

08-05 16:40:12.235  5650  9182 I LSPosed-Bridge: 	at de.robv.android.xposed.XposedBridge$AdditionalHookInfo.callback(Unknown Source:147)

08-05 16:40:12.235  5650  9182 I LSPosed-Bridge: 	at LSPHooker_.transact(Unknown Source:28)

08-05 16:40:12.235  5650  9182 I LSPosed-Bridge: 	at android.app.IActivityManager$Stub$Proxy.getRunningAppProcesses(IActivityManager.java:5366)

08-05 16:40:12.235  5650  9182 I LSPosed-Bridge: 	at android.app.ActivityManager.getRunningAppProcesses(ActivityManager.java:3435)

08-05 16:40:12.235  5650  9182 I LSPosed-Bridge: 	at java.lang.reflect.Method.invoke(Native Method)

08-05 16:40:12.235  5650  9182 I LSPosed-Bridge: 	at org.lsposed.lspd.nativebridge.HookBridge.invokeOriginalMethod(Native Method)

08-05 16:40:12.235  5650  9182 I LSPosed-Bridge: 	at de.robv.android.xposed.XposedBridge$AdditionalHookInfo.callback(Unknown Source:110)

08-05 16:40:12.235  5650  9182 I LSPosed-Bridge: 	at LSPHooker_.getRunningAppProcesses(Unknown Source:8)

08-05 16:40:12.235  5650  9182 I LSPosed-Bridge: 	at com.alibaba.wireless.security.open.edgecomputing.ECMiscInfo.isBackgroundNew(Unknown Source:8)

08-05 16:40:12.235  5650  9182 I LSPosed-Bridge: 	at com.alibaba.wireless.security.open.edgecomputing.ECMiscInfo$.run(Unknown Source:18)

08-05 16:40:12.235  5650  9182 I LSPosed-Bridge: 	at android.os.Handler.handleCallback(Handler.java:873)

08-05 16:40:12.235  5650  9182 I LSPosed-Bridge: 	at android.os.Handler.dispatchMessage(Handler.java:99)

08-05 16:40:12.235  5650  9182 I LSPosed-Bridge: 	at android.os.Looper.loop(Looper.java:193)

08-05 16:40:12.235  5650  9182 I LSPosed-Bridge: 	at android.os.HandlerThread.run(HandlerThread.java:65)

08-05 16:40:12.235 14663 14738 W System.err: 	at o.h.i.d.d.b.r(SourceFile:8)

08-05 16:40:12.235 14663 14738 W System.err: 	at o.k.a.b1.s.b.g(SourceFile:2)

08-05 16:40:12.235 14663 14738 W System.err: 	at o.k.a.b1.s.d.run(SourceFile:3)

08-05 16:40:12.235 14663 14738 W System.err: 	at java.util.concurrent.ThreadPoolExecutor.runWorker(ThreadPoolExecutor.java:1167)

08-05 16:40:12.235  5650  9182 I LSPosed-Bridge: 5650 PermLabel getRunningAppProcesses =android.app.ActivityManager$RunningAppProcessInfo@e09ec61

08-05 16:40:12.235 14663 14738 W System.err: 	at java.util.concurrent.ThreadPoolExecutor$Worker.run(ThreadPoolExecutor.java:641)

08-05 16:40:12.235 14663 14738 W System.err: 	at java.lang.Thread.run(Thread.java:764)

08-05 16:40:12.235  5650  9182 I LSPosed-Bridge: 5650 PermLabel getRunningAppProcesses processName: com.baihe pid: 5650

08-05 16:40:12.235  5650  9182 I LSPosed-Bridge: 5650 PermLabel getRunningAppProcesses importance: 100 pid: 5650

08-05 16:40:12.235  5650  9182 I LSPosed-Bridge: 5650 PermLabel getRunningAppProcesses packageName com.baihe at index 0 in process 5650

08-05 16:40:12.235 14663 14738 W System.err: Caused by: java.lang.UnsupportedOperationException: Shame on you for calling the hidden API getPackageSizeInfoAsUser(). Shame!

08-05 16:40:12.235 14663 14738 W System.err: 	at android.app.ApplicationPackageManager.getPackageSizeInfoAsUser(ApplicationPackageManager.java:2220)

08-05 16:40:12.235 14663 14738 W System.err: 	at android.content.pm.PackageManager.getPackageSizeInfo(PackageManager.java:5517)

08-05 16:40:12.235 14663 14738 W System.err: 	... 7 more

08-05 16:40:12.235  5650  9182 I LSPosed-Bridge: 5650 PermLabel permName: android.permission.READ_PHONE_STATE; getRunningAppProcesses =[android.app.ActivityManager$RunningAppProcessInfo@e09ec61]; stacktrace=java.lang.Exception

08-05 16:40:12.235  5650  9182 I LSPosed-Bridge: 	at com.example.permlabel.hookBinder_test$2.afterHookedMethod(hookBinder_test.java:110)

08-05 16:40:12.235  5650  9182 I LSPosed-Bridge: 	at de.robv.android.xposed.XposedBridge$AdditionalHookInfo.callback(Unknown Source:147)

08-05 16:40:12.235  5650  9182 I LSPosed-Bridge: 	at LSPHooker_.getRunningAppProcesses(Unknown Source:8)

08-05 16:40:12.235  5650  9182 I LSPosed-Bridge: 	at com.alibaba.wireless.security.open.edgecomputing.ECMiscInfo.isBackgroundNew(Unknown Source:8)

08-05 16:40:12.235  5650  9182 I LSPosed-Bridge: 	at com.alibaba.wireless.security.open.edgecomputing.ECMiscInfo$.run(Unknown Source:18)

08-05 16:40:12.235  5650  9182 I LSPosed-Bridge: 	at android.os.Handler.handleCallback(Handler.java:873)

08-05 16:40:12.235  5650  9182 I LSPosed-Bridge: 	at android.os.Handler.dispatchMessage(Handler.java:99)

08-05 16:40:12.235  5650  9182 I LSPosed-Bridge: 	at android.os.Looper.loop(Looper.java:193)

08-05 16:40:12.235  5650  9182 I LSPosed-Bridge: 	at android.os.HandlerThread.run(HandlerThread.java:65)

08-05 16:40:22.780  5650  9182 I LSPosed-Bridge: 5650 PermLabel hookBinder_test 10147 interfaceBinder =android.app.IActivityManager; arg0 = 81; arg1 = android.os.Parcel@34286d9; arg2 = android.os.Parcel@d3fb89e; arg3 = 0; res = true; stacktrace=java.lang.Exception

08-05 16:40:22.780  5650  9182 I LSPosed-Bridge: 	at com.example.permlabel.hookBinder_test$1.afterHookedMethod(hookBinder_test.java:70)

08-05 16:40:22.780  5650  9182 I LSPosed-Bridge: 	at de.robv.android.xposed.XposedBridge$AdditionalHookInfo.callback(Unknown Source:147)

08-05 16:40:22.780  5650  9182 I LSPosed-Bridge: 	at LSPHooker_.transact(Unknown Source:28)

08-05 16:40:22.780  5650  9182 I LSPosed-Bridge: 	at android.app.IActivityManager$Stub$Proxy.getRunningAppProcesses(IActivityManager.java:5366)

08-05 16:40:22.780  5650  9182 I LSPosed-Bridge: 	at android.app.ActivityManager.getRunningAppProcesses(ActivityManager.java:3435)

08-05 16:40:22.780  5650  9182 I LSPosed-Bridge: 	at java.lang.reflect.Method.invoke(Native Method)

08-05 16:40:22.780  5650  9182 I LSPosed-Bridge: 	at org.lsposed.lspd.nativebridge.HookBridge.invokeOriginalMethod(Native Method)

08-05 16:40:22.780  5650  9182 I LSPosed-Bridge: 	at de.robv.android.xposed.XposedBridge$AdditionalHookInfo.callback(Unknown Source:110)

08-05 16:40:22.780  5650  9182 I LSPosed-Bridge: 	at LSPHooker_.getRunningAppProcesses(Unknown Source:8)

08-05 16:40:22.780  5650  9182 I LSPosed-Bridge: 	at com.alibaba.wireless.security.open.edgecomputing.ECMiscInfo.isBackgroundNew(Unknown Source:8)

08-05 16:40:22.780  5650  9182 I LSPosed-Bridge: 	at com.alibaba.wireless.security.open.edgecomputing.ECMiscInfo$.run(Unknown Source:18)

08-05 16:40:22.780  5650  9182 I LSPosed-Bridge: 	at android.os.Handler.handleCallback(Handler.java:873)

08-05 16:40:22.780  5650  9182 I LSPosed-Bridge: 	at android.os.Handler.dispatchMessage(Handler.java:99)

08-05 16:40:22.780  5650  9182 I LSPosed-Bridge: 	at android.os.Looper.loop(Looper.java:193)

08-05 16:40:22.780  5650  9182 I LSPosed-Bridge: 	at android.os.HandlerThread.run(HandlerThread.java:65)

08-05 16:40:22.780  5650  9182 I LSPosed-Bridge: 5650 PermLabel getRunningAppProcesses =android.app.ActivityManager$RunningAppProcessInfo@809db4c

08-05 16:40:22.780  5650  9182 I LSPosed-Bridge: 5650 PermLabel getRunningAppProcesses processName: com.baihe pid: 5650

08-05 16:40:22.780  5650  9182 I LSPosed-Bridge: 5650 PermLabel getRunningAppProcesses importance: 100 pid: 5650

08-05 16:40:22.780  5650  9182 I LSPosed-Bridge: 5650 PermLabel getRunningAppProcesses packageName com.baihe at index 0 in process 5650

08-05 16:40:22.780  5650  9182 I LSPosed-Bridge: 5650 PermLabel permName: android.permission.READ_PHONE_STATE; getRunningAppProcesses =[android.app.ActivityManager$RunningAppProcessInfo@809db4c]; stacktrace=java.lang.Exception

08-05 16:40:22.780  5650  9182 I LSPosed-Bridge: 	at com.example.permlabel.hookBinder_test$2.afterHookedMethod(hookBinder_test.java:110)

08-05 16:40:22.780  5650  9182 I LSPosed-Bridge: 	at de.robv.android.xposed.XposedBridge$AdditionalHookInfo.callback(Unknown Source:147)

08-05 16:40:22.780  5650  9182 I LSPosed-Bridge: 	at LSPHooker_.getRunningAppProcesses(Unknown Source:8)

08-05 16:40:22.780  5650  9182 I LSPosed-Bridge: 	at com.alibaba.wireless.security.open.edgecomputing.ECMiscInfo.isBackgroundNew(Unknown Source:8)

08-05 16:40:22.780  5650  9182 I LSPosed-Bridge: 	at com.alibaba.wireless.security.open.edgecomputing.ECMiscInfo$.run(Unknown Source:18)

08-05 16:40:22.780  5650  9182 I LSPosed-Bridge: 	at android.os.Handler.handleCallback(Handler.java:873)

08-05 16:40:22.780  5650  9182 I LSPosed-Bridge: 	at android.os.Handler.dispatchMessage(Handler.java:99)

08-05 16:40:22.780  5650  9182 I LSPosed-Bridge: 	at android.os.Looper.loop(Looper.java:193)

08-05 16:40:22.780  5650  9182 I LSPosed-Bridge: 	at android.os.HandlerThread.run(HandlerThread.java:65)

08-05 16:40:22.780  5650  5650 I LSPosed-Bridge: 5650 PermLabel hookBinder_test 10147 interfaceBinder =android.view.accessibility.IAccessibilityInteractionConnectionCallback; arg0 = 2; arg1 = android.os.Parcel@f095952; arg2 = null; arg3 = 1; res = true; stacktrace=java.lang.Exception

08-05 16:40:22.780  5650  5650 I LSPosed-Bridge: 	at com.example.permlabel.hookBinder_test$1.afterHookedMethod(hookBinder_test.java:70)

08-05 16:40:22.780  5650  5650 I LSPosed-Bridge: 	at de.robv.android.xposed.XposedBridge$AdditionalHookInfo.callback(Unknown Source:147)

08-05 16:40:22.780  5650  5650 I LSPosed-Bridge: 	at LSPHooker_.transact(Unknown Source:28)

08-05 16:40:22.780  5650  5650 I LSPosed-Bridge: 	at android.view.accessibility.IAccessibilityInteractionConnectionCallback$Stub$Proxy.setFindAccessibilityNodeInfosResult(IAccessibilityInteractionConnectionCallback.java:146)

08-05 16:40:22.780  5650  5650 I LSPosed-Bridge: 	at android.view.AccessibilityInteractionController.updateInfosForViewportAndReturnFindNodeResult(AccessibilityInteractionController.java:869)

08-05 16:40:22.780  5650  5650 I LSPosed-Bridge: 	at android.view.AccessibilityInteractionController.findAccessibilityNodeInfoByAccessibilityIdUiThread(AccessibilityInteractionController.java:340)

08-05 16:40:22.780  5650  5650 I LSPosed-Bridge: 	at android.view.AccessibilityInteractionController.access$400(AccessibilityInteractionController.java:67)

08-05 16:40:22.780  5650  5650 I LSPosed-Bridge: 	at android.view.AccessibilityInteractionController$PrivateHandler.handleMessage(AccessibilityInteractionController.java:1324)

08-05 16:40:22.780  5650  5650 I LSPosed-Bridge: 	at android.os.Handler.dispatchMessage(Handler.java:106)

08-05 16:40:22.780  5650  5650 I LSPosed-Bridge: 	at android.os.Looper.loop(Looper.java:193)

08-05 16:40:22.780  5650  5650 I LSPosed-Bridge: 	at android.app.ActivityThread.main(ActivityThread.java:6692)

08-05 16:40:22.780  5650  5650 I LSPosed-Bridge: 	at java.lang.reflect.Method.invoke(Native Method)

08-05 16:40:22.780  5650  5650 I LSPosed-Bridge: 	at com.android.internal.os.RuntimeInit$MethodAndArgsCaller.run(RuntimeInit.java:493)

08-05 16:40:22.780  5650  5650 I LSPosed-Bridge: 	at com.android.internal.os.ZygoteInit.main(ZygoteInit.java:858)

08-05 16:40:36.685  5650  9182 I LSPosed-Bridge: 5650 PermLabel hookBinder_test 10147 interfaceBinder =android.app.IActivityManager; arg0 = 81; arg1 = android.os.Parcel@34286d9; arg2 = android.os.Parcel@f095952; arg3 = 0; res = true; stacktrace=java.lang.Exception

08-05 16:40:36.685  5650  9182 I LSPosed-Bridge: 	at com.example.permlabel.hookBinder_test$1.afterHookedMethod(hookBinder_test.java:70)

08-05 16:40:36.685  5650  9182 I LSPosed-Bridge: 	at de.robv.android.xposed.XposedBridge$AdditionalHookInfo.callback(Unknown Source:147)

08-05 16:40:36.685  5650  9182 I LSPosed-Bridge: 	at LSPHooker_.transact(Unknown Source:28)

08-05 16:40:36.685  5650  9182 I LSPosed-Bridge: 	at android.app.IActivityManager$Stub$Proxy.getRunningAppProcesses(IActivityManager.java:5366)

08-05 16:40:36.685  5650  9182 I LSPosed-Bridge: 	at android.app.ActivityManager.getRunningAppProcesses(ActivityManager.java:3435)

08-05 16:40:36.685  5650  9182 I LSPosed-Bridge: 	at java.lang.reflect.Method.invoke(Native Method)

08-05 16:40:36.685  5650  9182 I LSPosed-Bridge: 	at org.lsposed.lspd.nativebridge.HookBridge.invokeOriginalMethod(Native Method)

08-05 16:40:36.685  5650  9182 I LSPosed-Bridge: 	at de.robv.android.xposed.XposedBridge$AdditionalHookInfo.callback(Unknown Source:110)

08-05 16:40:36.685  5650  9182 I LSPosed-Bridge: 	at LSPHooker_.getRunningAppProcesses(Unknown Source:8)

08-05 16:40:36.685  5650  9182 I LSPosed-Bridge: 	at com.alibaba.wireless.security.open.edgecomputing.ECMiscInfo.isBackgroundNew(Unknown Source:8)

08-05 16:40:36.685  5650  9182 I LSPosed-Bridge: 	at com.alibaba.wireless.security.open.edgecomputing.ECMiscInfo$.run(Unknown Source:18)

08-05 16:40:36.685  5650  9182 I LSPosed-Bridge: 	at android.os.Handler.handleCallback(Handler.java:873)

08-05 16:40:36.685  5650  9182 I LSPosed-Bridge: 	at android.os.Handler.dispatchMessage(Handler.java:99)

08-05 16:40:36.685  5650  9182 I LSPosed-Bridge: 	at android.os.Looper.loop(Looper.java:193)

08-05 16:40:36.685  5650  9182 I LSPosed-Bridge: 	at android.os.HandlerThread.run(HandlerThread.java:65)

08-05 16:40:36.685  5650  9182 I LSPosed-Bridge: 5650 PermLabel getRunningAppProcesses =android.app.ActivityManager$RunningAppProcessInfo@3efb6ba

08-05 16:40:36.685  5650  9182 I LSPosed-Bridge: 5650 PermLabel getRunningAppProcesses processName: com.baihe pid: 5650

08-05 16:40:36.685  5650  9182 I LSPosed-Bridge: 5650 PermLabel getRunningAppProcesses importance: 100 pid: 5650

08-05 16:40:36.685  5650  9182 I LSPosed-Bridge: 5650 PermLabel getRunningAppProcesses packageName com.baihe at index 0 in process 5650

08-05 16:40:36.685  5650  9182 I LSPosed-Bridge: 5650 PermLabel permName: android.permission.READ_PHONE_STATE; getRunningAppProcesses =[android.app.ActivityManager$RunningAppProcessInfo@3efb6ba]; stacktrace=java.lang.Exception

08-05 16:40:36.685  5650  9182 I LSPosed-Bridge: 	at com.example.permlabel.hookBinder_test$2.afterHookedMethod(hookBinder_test.java:110)

08-05 16:40:36.685  5650  9182 I LSPosed-Bridge: 	at de.robv.android.xposed.XposedBridge$AdditionalHookInfo.callback(Unknown Source:147)

08-05 16:40:36.685  5650  9182 I LSPosed-Bridge: 	at LSPHooker_.getRunningAppProcesses(Unknown Source:8)

08-05 16:40:36.685  5650  9182 I LSPosed-Bridge: 	at com.alibaba.wireless.security.open.edgecomputing.ECMiscInfo.isBackgroundNew(Unknown Source:8)

08-05 16:40:36.685  5650  9182 I LSPosed-Bridge: 	at com.alibaba.wireless.security.open.edgecomputing.ECMiscInfo$.run(Unknown Source:18)

08-05 16:40:36.685  5650  9182 I LSPosed-Bridge: 	at android.os.Handler.handleCallback(Handler.java:873)

08-05 16:40:36.685  5650  9182 I LSPosed-Bridge: 	at android.os.Handler.dispatchMessage(Handler.java:99)

08-05 16:40:36.685  5650  9182 I LSPosed-Bridge: 	at android.os.Looper.loop(Looper.java:193)

08-05 16:40:36.685  5650  9182 I LSPosed-Bridge: 	at android.os.HandlerThread.run(HandlerThread.java:65)

08-05 16:40:40.609  5650  9182 I LSPosed-Bridge: 5650 PermLabel getRunningAppProcesses =android.app.ActivityManager$RunningAppProcessInfo@7d27bef

08-05 16:40:40.609  5650  9182 I LSPosed-Bridge: 5650 PermLabel getRunningAppProcesses processName: com.baihe pid: 5650

08-05 16:40:40.609  5650  9182 I LSPosed-Bridge: 5650 PermLabel getRunningAppProcesses importance: 100 pid: 5650

08-05 16:40:40.609  5650  9182 I LSPosed-Bridge: 5650 PermLabel getRunningAppProcesses packageName com.baihe at index 0 in process 5650

08-05 16:40:40.609  5650  9182 I LSPosed-Bridge: 5650 PermLabel permName: android.permission.READ_PHONE_STATE; getRunningAppProcesses =[android.app.ActivityManager$RunningAppProcessInfo@7d27bef]; stacktrace=java.lang.Exception

08-05 16:40:40.609  5650  9182 I LSPosed-Bridge: 	at com.example.permlabel.hookBinder_test$2.afterHookedMethod(hookBinder_test.java:110)

08-05 16:40:40.609  5650  9182 I LSPosed-Bridge: 	at de.robv.android.xposed.XposedBridge$AdditionalHookInfo.callback(Unknown Source:147)

08-05 16:40:40.609  5650  9182 I LSPosed-Bridge: 	at LSPHooker_.getRunningAppProcesses(Unknown Source:8)

08-05 16:40:40.609  5650  9182 I LSPosed-Bridge: 	at com.alibaba.wireless.security.open.edgecomputing.ECMiscInfo.isBackgroundNew(Unknown Source:8)

08-05 16:40:40.609  5650  9182 I LSPosed-Bridge: 	at com.alibaba.wireless.security.open.edgecomputing.ECMiscInfo$.run(Unknown Source:18)

08-05 16:40:40.609  5650  9182 I LSPosed-Bridge: 	at android.os.Handler.handleCallback(Handler.java:873)

08-05 16:40:40.609  5650  9182 I LSPosed-Bridge: 	at android.os.Handler.dispatchMessage(Handler.java:99)

08-05 16:40:40.609  5650  9182 I LSPosed-Bridge: 	at android.os.Looper.loop(Looper.java:193)

08-05 16:40:40.609  5650  9182 I LSPosed-Bridge: 	at android.os.HandlerThread.run(HandlerThread.java:65)

08-05 16:40:44.085  5650  9182 I LSPosed-Bridge: 5650 PermLabel hookBinder_test 10147 interfaceBinder =android.app.IActivityManager; arg0 = 81; arg1 = android.os.Parcel@f095952; arg2 = android.os.Parcel@cb595cd; arg3 = 0; res = true; stacktrace=java.lang.Exception

08-05 16:40:44.085  5650  9182 I LSPosed-Bridge: 	at com.example.permlabel.hookBinder_test$1.afterHookedMethod(hookBinder_test.java:70)

08-05 16:40:44.085  5650  9182 I LSPosed-Bridge: 	at de.robv.android.xposed.XposedBridge$AdditionalHookInfo.callback(Unknown Source:147)

08-05 16:40:44.085  5650  9182 I LSPosed-Bridge: 	at LSPHooker_.transact(Unknown Source:28)

08-05 16:40:44.085  5650  9182 I LSPosed-Bridge: 	at android.app.IActivityManager$Stub$Proxy.getRunningAppProcesses(IActivityManager.java:5366)

08-05 16:40:44.085  5650  9182 I LSPosed-Bridge: 	at android.app.ActivityManager.getRunningAppProcesses(ActivityManager.java:3435)

08-05 16:40:44.085  5650  9182 I LSPosed-Bridge: 	at java.lang.reflect.Method.invoke(Native Method)

08-05 16:40:44.085  5650  9182 I LSPosed-Bridge: 	at org.lsposed.lspd.nativebridge.HookBridge.invokeOriginalMethod(Native Method)

08-05 16:40:44.085  5650  9182 I LSPosed-Bridge: 	at de.robv.android.xposed.XposedBridge$AdditionalHookInfo.callback(Unknown Source:110)

08-05 16:40:44.085  5650  9182 I LSPosed-Bridge: 	at LSPHooker_.getRunningAppProcesses(Unknown Source:8)

08-05 16:40:44.085  5650  9182 I LSPosed-Bridge: 	at com.alibaba.wireless.security.open.edgecomputing.ECMiscInfo.isBackgroundNew(Unknown Source:8)

08-05 16:40:44.085  5650  9182 I LSPosed-Bridge: 	at com.alibaba.wireless.security.open.edgecomputing.ECMiscInfo$.run(Unknown Source:18)

08-05 16:40:44.085  5650  9182 I LSPosed-Bridge: 	at android.os.Handler.handleCallback(Handler.java:873)

08-05 16:40:44.085  5650  9182 I LSPosed-Bridge: 	at android.os.Handler.dispatchMessage(Handler.java:99)

08-05 16:40:44.085  5650  9182 I LSPosed-Bridge: 	at android.os.Looper.loop(Looper.java:193)

08-05 16:40:44.085  5650  9182 I LSPosed-Bridge: 	at android.os.HandlerThread.run(HandlerThread.java:65)

08-05 16:40:44.085  5650  9182 I LSPosed-Bridge: 5650 PermLabel getRunningAppProcesses =android.app.ActivityManager$RunningAppProcessInfo@f3892c8

08-05 16:40:44.085  5650  9182 I LSPosed-Bridge: 5650 PermLabel getRunningAppProcesses processName: com.baihe pid: 5650

08-05 16:40:44.085  5650  9182 I LSPosed-Bridge: 5650 PermLabel getRunningAppProcesses importance: 100 pid: 5650

08-05 16:40:44.085  5650  9182 I LSPosed-Bridge: 5650 PermLabel getRunningAppProcesses packageName com.baihe at index 0 in process 5650

08-05 16:40:44.085  5650  9182 I LSPosed-Bridge: 5650 PermLabel permName: android.permission.READ_PHONE_STATE; getRunningAppProcesses =[android.app.ActivityManager$RunningAppProcessInfo@f3892c8]; stacktrace=java.lang.Exception

08-05 16:40:44.085  5650  9182 I LSPosed-Bridge: 	at com.example.permlabel.hookBinder_test$2.afterHookedMethod(hookBinder_test.java:110)

08-05 16:40:44.085  5650  9182 I LSPosed-Bridge: 	at de.robv.android.xposed.XposedBridge$AdditionalHookInfo.callback(Unknown Source:147)

08-05 16:40:44.085  5650  9182 I LSPosed-Bridge: 	at LSPHooker_.getRunningAppProcesses(Unknown Source:8)

08-05 16:40:44.085  5650  9182 I LSPosed-Bridge: 	at com.alibaba.wireless.security.open.edgecomputing.ECMiscInfo.isBackgroundNew(Unknown Source:8)

08-05 16:40:44.085  5650  9182 I LSPosed-Bridge: 	at com.alibaba.wireless.security.open.edgecomputing.ECMiscInfo$.run(Unknown Source:18)

08-05 16:40:44.085  5650  9182 I LSPosed-Bridge: 	at android.os.Handler.handleCallback(Handler.java:873)

08-05 16:40:44.085  5650  9182 I LSPosed-Bridge: 	at android.os.Handler.dispatchMessage(Handler.java:99)

08-05 16:40:44.085  5650  9182 I LSPosed-Bridge: 	at android.os.Looper.loop(Looper.java:193)

08-05 16:40:44.085  5650  9182 I LSPosed-Bridge: 	at android.os.HandlerThread.run(HandlerThread.java:65)

08-05 16:40:59.000  5650  9182 I LSPosed-Bridge: 5650 PermLabel hookBinder_test 10147 interfaceBinder =android.app.IActivityManager; arg0 = 81; arg1 = android.os.Parcel@43f234f; arg2 = android.os.Parcel@4e119ae; arg3 = 0; res = true; stacktrace=java.lang.Exception

08-05 16:40:59.000  5650  9182 I LSPosed-Bridge: 	at com.example.permlabel.hookBinder_test$1.afterHookedMethod(hookBinder_test.java:70)

08-05 16:40:59.000  5650  9182 I LSPosed-Bridge: 	at de.robv.android.xposed.XposedBridge$AdditionalHookInfo.callback(Unknown Source:147)

08-05 16:40:59.000  5650  9182 I LSPosed-Bridge: 	at LSPHooker_.transact(Unknown Source:28)

08-05 16:40:59.000  5650  9182 I LSPosed-Bridge: 	at android.app.IActivityManager$Stub$Proxy.getRunningAppProcesses(IActivityManager.java:5366)

08-05 16:40:59.000  5650  9182 I LSPosed-Bridge: 	at android.app.ActivityManager.getRunningAppProcesses(ActivityManager.java:3435)

08-05 16:40:59.000  5650  9182 I LSPosed-Bridge: 	at java.lang.reflect.Method.invoke(Native Method)

08-05 16:40:59.000  5650  9182 I LSPosed-Bridge: 	at org.lsposed.lspd.nativebridge.HookBridge.invokeOriginalMethod(Native Method)

08-05 16:40:59.000  5650  9182 I LSPosed-Bridge: 	at de.robv.android.xposed.XposedBridge$AdditionalHookInfo.callback(Unknown Source:110)

08-05 16:40:59.000  5650  9182 I LSPosed-Bridge: 	at LSPHooker_.getRunningAppProcesses(Unknown Source:8)

08-05 16:40:59.000  5650  9182 I LSPosed-Bridge: 	at com.alibaba.wireless.security.open.edgecomputing.ECMiscInfo.isBackgroundNew(Unknown Source:8)

08-05 16:40:59.000  5650  9182 I LSPosed-Bridge: 	at com.alibaba.wireless.security.open.edgecomputing.ECMiscInfo$.run(Unknown Source:18)

08-05 16:40:59.000  5650  9182 I LSPosed-Bridge: 	at android.os.Handler.handleCallback(Handler.java:873)

08-05 16:40:59.000  5650  9182 I LSPosed-Bridge: 	at android.os.Handler.dispatchMessage(Handler.java:99)

08-05 16:40:59.000  5650  9182 I LSPosed-Bridge: 	at android.os.Looper.loop(Looper.java:193)

08-05 16:40:59.000  5650  9182 I LSPosed-Bridge: 	at android.os.HandlerThread.run(HandlerThread.java:65)

08-05 16:40:59.000  5650  9182 I LSPosed-Bridge: 5650 PermLabel getRunningAppProcesses =android.app.ActivityManager$RunningAppProcessInfo@5c71974

08-05 16:40:59.000  5650  9182 I LSPosed-Bridge: 5650 PermLabel getRunningAppProcesses processName: com.baihe pid: 5650

08-05 16:40:59.000  5650  9182 I LSPosed-Bridge: 5650 PermLabel getRunningAppProcesses importance: 100 pid: 5650

08-05 16:40:59.000  5650  9182 I LSPosed-Bridge: 5650 PermLabel getRunningAppProcesses packageName com.baihe at index 0 in process 5650

08-05 16:40:59.000  5650  9182 I LSPosed-Bridge: 5650 PermLabel permName: android.permission.READ_PHONE_STATE; getRunningAppProcesses =[android.app.ActivityManager$RunningAppProcessInfo@5c71974]; stacktrace=java.lang.Exception

08-05 16:40:59.000  5650  9182 I LSPosed-Bridge: 	at com.example.permlabel.hookBinder_test$2.afterHookedMethod(hookBinder_test.java:110)

08-05 16:40:59.000  5650  9182 I LSPosed-Bridge: 	at de.robv.android.xposed.XposedBridge$AdditionalHookInfo.callback(Unknown Source:147)

08-05 16:40:59.000  5650  9182 I LSPosed-Bridge: 	at LSPHooker_.getRunningAppProcesses(Unknown Source:8)

08-05 16:40:59.000  5650  9182 I LSPosed-Bridge: 	at com.alibaba.wireless.security.open.edgecomputing.ECMiscInfo.isBackgroundNew(Unknown Source:8)

08-05 16:40:59.000  5650  9182 I LSPosed-Bridge: 	at com.alibaba.wireless.security.open.edgecomputing.ECMiscInfo$.run(Unknown Source:18)

08-05 16:40:59.000  5650  9182 I LSPosed-Bridge: 	at android.os.Handler.handleCallback(Handler.java:873)

08-05 16:40:59.000  5650  9182 I LSPosed-Bridge: 	at android.os.Handler.dispatchMessage(Handler.java:99)

08-05 16:40:59.000  5650  9182 I LSPosed-Bridge: 	at android.os.Looper.loop(Looper.java:193)

08-05 16:40:59.000  5650  9182 I LSPosed-Bridge: 	at android.os.HandlerThread.run(HandlerThread.java:65)

08-05 16:41:02.285  5650  9182 I LSPosed-Bridge: 5650 PermLabel hookBinder_test 10147 interfaceBinder =android.app.IActivityManager; arg0 = 81; arg1 = android.os.Parcel@43f234f; arg2 = android.os.Parcel@896cc98; arg3 = 0; res = true; stacktrace=java.lang.Exception

08-05 16:41:02.285  5650  9182 I LSPosed-Bridge: 	at com.example.permlabel.hookBinder_test$1.afterHookedMethod(hookBinder_test.java:70)

08-05 16:41:02.285  5650  9182 I LSPosed-Bridge: 	at de.robv.android.xposed.XposedBridge$AdditionalHookInfo.callback(Unknown Source:147)

08-05 16:41:02.285  5650  9182 I LSPosed-Bridge: 	at LSPHooker_.transact(Unknown Source:28)

08-05 16:41:02.285  5650  9182 I LSPosed-Bridge: 	at android.app.IActivityManager$Stub$Proxy.getRunningAppProcesses(IActivityManager.java:5366)

08-05 16:41:02.285  5650  9182 I LSPosed-Bridge: 	at android.app.ActivityManager.getRunningAppProcesses(ActivityManager.java:3435)

08-05 16:41:02.285  5650  9182 I LSPosed-Bridge: 	at java.lang.reflect.Method.invoke(Native Method)

08-05 16:41:02.285  5650  9182 I LSPosed-Bridge: 	at org.lsposed.lspd.nativebridge.HookBridge.invokeOriginalMethod(Native Method)

08-05 16:41:02.285  5650  9182 I LSPosed-Bridge: 	at de.robv.android.xposed.XposedBridge$AdditionalHookInfo.callback(Unknown Source:110)

08-05 16:41:02.285  5650  9182 I LSPosed-Bridge: 	at LSPHooker_.getRunningAppProcesses(Unknown Source:8)

08-05 16:41:02.285  5650  9182 I LSPosed-Bridge: 	at com.alibaba.wireless.security.open.edgecomputing.ECMiscInfo.isBackgroundNew(Unknown Source:8)

08-05 16:41:02.285  5650  9182 I LSPosed-Bridge: 	at com.alibaba.wireless.security.open.edgecomputing.ECMiscInfo$.run(Unknown Source:18)

08-05 16:41:02.285  5650  9182 I LSPosed-Bridge: 	at android.os.Handler.handleCallback(Handler.java:873)

08-05 16:41:02.285  5650  9182 I LSPosed-Bridge: 	at android.os.Handler.dispatchMessage(Handler.java:99)

08-05 16:41:02.285  5650  9182 I LSPosed-Bridge: 	at android.os.Looper.loop(Looper.java:193)

08-05 16:41:02.285  5650  9182 I LSPosed-Bridge: 	at android.os.HandlerThread.run(HandlerThread.java:65)

08-05 16:41:02.285  5650  9182 I LSPosed-Bridge: 5650 PermLabel getRunningAppProcesses =android.app.ActivityManager$RunningAppProcessInfo@e1a6f57

08-05 16:41:02.285  5650  9182 I LSPosed-Bridge: 5650 PermLabel getRunningAppProcesses processName: com.baihe pid: 5650

08-05 16:41:02.285  5650  5650 I LSPosed-Bridge: 5650 PermLabel hookBinder_test 10147 interfaceBinder =android.app.IActivityManager; arg0 = 11; arg1 = android.os.Parcel@4e119ae; arg2 = android.os.Parcel@d6c4d61; arg3 = 0; res = true; stacktrace=java.lang.Exception

08-05 16:41:02.285  5650  5650 I LSPosed-Bridge: 	at com.example.permlabel.hookBinder_test$1.afterHookedMethod(hookBinder_test.java:70)

08-05 16:41:02.285  5650  5650 I LSPosed-Bridge: 	at de.robv.android.xposed.XposedBridge$AdditionalHookInfo.callback(Unknown Source:147)

08-05 16:41:02.285  5650  5650 I LSPosed-Bridge: 	at LSPHooker_.transact(Unknown Source:28)

08-05 16:41:02.285  5650  5650 I LSPosed-Bridge: 	at android.app.IActivityManager$Stub$Proxy.broadcastIntent(IActivityManager.java:3893)

08-05 16:41:02.285  5650  5650 I LSPosed-Bridge: 	at android.app.ContextImpl.sendBroadcast(ContextImpl.java:1009)

08-05 16:41:02.285  5650  5650 I LSPosed-Bridge: 	at android.content.ContextWrapper.sendBroadcast(ContextWrapper.java:444)

08-05 16:41:02.285  5650  5650 I LSPosed-Bridge: 	at android.content.ContextWrapper.sendBroadcast(ContextWrapper.java:444)

08-05 16:41:02.285  5650  5650 I LSPosed-Bridge: 	at com.alibaba.wireless.security.open.edgecomputing.ECMiscInfo$.onActivityDestroyed(Unknown Source:7)

08-05 16:41:02.285  5650  5650 I LSPosed-Bridge: 	at android.app.Application.dispatchActivityDestroyed(Application.java:276)

08-05 16:41:02.285  5650  5650 I LSPosed-Bridge: 	at android.app.Activity.onDestroy(Activity.java:2002)

08-05 16:41:02.285  5650  5650 I LSPosed-Bridge: 	at androidx.fragment.app.FragmentActivity.onDestroy(FragmentActivity.java:1)

08-05 16:41:02.285  5650  5650 I LSPosed-Bridge: 	at androidx.appcompat.app.AppCompatActivity.onDestroy(AppCompatActivity.java:1)

08-05 16:41:02.285  5650  5650 I LSPosed-Bridge: 	at colorjoin.framework.activity.MageCommunicationActivity.onDestroy(MageCommunicationActivity.java:1)

08-05 16:41:02.285  5650  5650 I LSPosed-Bridge: 	at colorjoin.framework.activity.MageActivity.onDestroy(MageActivity.java:1)

08-05 16:41:02.285  5650  5650 I LSPosed-Bridge: 	at colorjoin.app.base.activities.ABActivity.onDestroy(ABActivity.java:2)

08-05 16:41:02.285  5650  5650 I LSPosed-Bridge: 	at com.baihe.libs.framework.template.activity.BHFActivityTitleContent.onDestroy(BHFActivityTitleContent.java:2)

08-05 16:41:02.285  5650  5650 I LSPosed-Bridge: 	at android.app.Activity.performDestroy(Activity.java:7395)

08-05 16:41:02.285  5650  5650 I LSPosed-Bridge: 	at android.app.Instrumentation.callActivityOnDestroy(Instrumentation.java:1307)

08-05 16:41:02.285  5650  5650 I LSPosed-Bridge: 	at android.app.ActivityThread.performDestroyActivity(ActivityThread.java:4444)

08-05 16:41:02.285  5650  5650 I LSPosed-Bridge: 	at android.app.ActivityThread.handleDestroyActivity(ActivityThread.java:4477)

08-05 16:41:02.285  5650  5650 I LSPosed-Bridge: 	at android.app.servertransaction.DestroyActivityItem.execute(DestroyActivityItem.java:39)

08-05 16:41:02.285  5650  5650 I LSPosed-Bridge: 	at android.app.servertransaction.TransactionExecutor.executeLifecycleState(TransactionExecutor.java:145)

08-05 16:41:02.285  5650  5650 I LSPosed-Bridge: 	at android.app.servertransaction.TransactionExecutor.execute(TransactionExecutor.java:70)

08-05 16:41:02.285  5650  5650 I LSPosed-Bridge: 	at android.app.ActivityThread$H.handleMessage(ActivityThread.java:1809)

08-05 16:41:02.285  5650  5650 I LSPosed-Bridge: 	at i.g.a.a.a.handleMessage(ActivityThreadCallback.java:4)

08-05 16:41:02.285  5650  5650 I LSPosed-Bridge: 	at android.os.Handler.dispatchMessage(Handler.java:102)

08-05 16:41:02.285  5650  5650 I LSPosed-Bridge: 	at android.os.Looper.loop(Looper.java:193)

08-05 16:41:02.285  5650  5650 I LSPosed-Bridge: 	at android.app.ActivityThread.main(ActivityThread.java:6692)

08-05 16:41:02.285  5650  5650 I LSPosed-Bridge: 	at java.lang.reflect.Method.invoke(Native Method)

08-05 16:41:02.285  5650  5650 I LSPosed-Bridge: 	at com.android.internal.os.RuntimeInit$MethodAndArgsCaller.run(RuntimeInit.java:493)

08-05 16:41:02.285  5650  5650 I LSPosed-Bridge: 	at com.android.internal.os.ZygoteInit.main(ZygoteInit.java:858)

08-05 16:41:02.285  5650  9182 I LSPosed-Bridge: 5650 PermLabel getRunningAppProcesses importance: 100 pid: 5650

08-05 16:41:02.285  5650  9182 I LSPosed-Bridge: 5650 PermLabel getRunningAppProcesses packageName com.baihe at index 0 in process 5650

08-05 16:41:02.285  5650  9182 I LSPosed-Bridge: 5650 PermLabel permName: android.permission.READ_PHONE_STATE; getRunningAppProcesses =[android.app.ActivityManager$RunningAppProcessInfo@e1a6f57]; stacktrace=java.lang.Exception

08-05 16:41:02.285  5650  9182 I LSPosed-Bridge: 	at com.example.permlabel.hookBinder_test$2.afterHookedMethod(hookBinder_test.java:110)

08-05 16:41:02.285  5650  9182 I LSPosed-Bridge: 	at de.robv.android.xposed.XposedBridge$AdditionalHookInfo.callback(Unknown Source:147)

08-05 16:41:02.285  5650  9182 I LSPosed-Bridge: 	at LSPHooker_.getRunningAppProcesses(Unknown Source:8)

08-05 16:41:02.285  5650  9182 I LSPosed-Bridge: 	at com.alibaba.wireless.security.open.edgecomputing.ECMiscInfo.isBackgroundNew(Unknown Source:8)

08-05 16:41:02.285  5650  9182 I LSPosed-Bridge: 	at com.alibaba.wireless.security.open.edgecomputing.ECMiscInfo$.run(Unknown Source:18)

08-05 16:41:02.285  5650  9182 I LSPosed-Bridge: 	at android.os.Handler.handleCallback(Handler.java:873)

08-05 16:41:02.285  5650  9182 I LSPosed-Bridge: 	at android.os.Handler.dispatchMessage(Handler.java:99)

08-05 16:41:02.285  5650  9182 I LSPosed-Bridge: 	at android.os.Looper.loop(Looper.java:193)

08-05 16:41:02.285  5650  9182 I LSPosed-Bridge: 	at android.os.HandlerThread.run(HandlerThread.java:65)

08-05 16:41:20.390  5650  9182 I LSPosed-Bridge: 5650 PermLabel getRunningAppProcesses =android.app.ActivityManager$RunningAppProcessInfo@c2401b8

08-05 16:41:20.390  5650  9182 I LSPosed-Bridge: 5650 PermLabel getRunningAppProcesses processName: com.baihe pid: 5650

08-05 16:41:20.390  5650  9182 I LSPosed-Bridge: 5650 PermLabel getRunningAppProcesses importance: 100 pid: 5650

08-05 16:41:20.390  5650  9182 I LSPosed-Bridge: 5650 PermLabel getRunningAppProcesses packageName com.baihe at index 0 in process 5650

08-05 16:41:20.390  5650  9182 I LSPosed-Bridge: 5650 PermLabel permName: android.permission.READ_PHONE_STATE; getRunningAppProcesses =[android.app.ActivityManager$RunningAppProcessInfo@c2401b8]; stacktrace=java.lang.Exception

08-05 16:41:20.390  5650  9182 I LSPosed-Bridge: 	at com.example.permlabel.hookBinder_test$2.afterHookedMethod(hookBinder_test.java:110)

08-05 16:41:20.390  5650  9182 I LSPosed-Bridge: 	at de.robv.android.xposed.XposedBridge$AdditionalHookInfo.callback(Unknown Source:147)

08-05 16:41:20.390  5650  9182 I LSPosed-Bridge: 	at LSPHooker_.getRunningAppProcesses(Unknown Source:8)

08-05 16:41:20.390  5650  9182 I LSPosed-Bridge: 	at com.alibaba.wireless.security.open.edgecomputing.ECMiscInfo.isBackgroundNew(Unknown Source:8)

08-05 16:41:20.390  5650  9182 I LSPosed-Bridge: 	at com.alibaba.wireless.security.open.edgecomputing.ECMiscInfo$.run(Unknown Source:18)

08-05 16:41:20.390  5650  9182 I LSPosed-Bridge: 	at android.os.Handler.handleCallback(Handler.java:873)

08-05 16:41:20.390  5650  9182 I LSPosed-Bridge: 	at android.os.Handler.dispatchMessage(Handler.java:99)

08-05 16:41:20.390  5650  9182 I LSPosed-Bridge: 	at android.os.Looper.loop(Looper.java:193)

08-05 16:41:20.390  5650  9182 I LSPosed-Bridge: 	at android.os.HandlerThread.run(HandlerThread.java:65)

08-05 16:41:23.743  5650  9182 I LSPosed-Bridge: 5650 PermLabel hookBinder_test 10147 interfaceBinder =android.app.IActivityManager; arg0 = 81; arg1 = android.os.Parcel@d6c4d61; arg2 = android.os.Parcel@ae7293; arg3 = 0; res = true; stacktrace=java.lang.Exception

08-05 16:41:23.743  5650  9182 I LSPosed-Bridge: 	at com.example.permlabel.hookBinder_test$1.afterHookedMethod(hookBinder_test.java:70)

08-05 16:41:23.743  5650  9182 I LSPosed-Bridge: 	at de.robv.android.xposed.XposedBridge$AdditionalHookInfo.callback(Unknown Source:147)

08-05 16:41:23.743  5650  9182 I LSPosed-Bridge: 	at LSPHooker_.transact(Unknown Source:28)

08-05 16:41:23.743  5650  9182 I LSPosed-Bridge: 	at android.app.IActivityManager$Stub$Proxy.getRunningAppProcesses(IActivityManager.java:5366)

08-05 16:41:23.743  5650  9182 I LSPosed-Bridge: 	at android.app.ActivityManager.getRunningAppProcesses(ActivityManager.java:3435)

08-05 16:41:23.743  5650  9182 I LSPosed-Bridge: 	at java.lang.reflect.Method.invoke(Native Method)

08-05 16:41:23.743  5650  9182 I LSPosed-Bridge: 	at org.lsposed.lspd.nativebridge.HookBridge.invokeOriginalMethod(Native Method)

08-05 16:41:23.743  5650  9182 I LSPosed-Bridge: 	at de.robv.android.xposed.XposedBridge$AdditionalHookInfo.callback(Unknown Source:110)

08-05 16:41:23.743  5650  9182 I LSPosed-Bridge: 	at LSPHooker_.getRunningAppProcesses(Unknown Source:8)

08-05 16:41:23.743  5650  9182 I LSPosed-Bridge: 	at com.alibaba.wireless.security.open.edgecomputing.ECMiscInfo.isBackgroundNew(Unknown Source:8)

08-05 16:41:23.743  5650  9182 I LSPosed-Bridge: 	at com.alibaba.wireless.security.open.edgecomputing.ECMiscInfo$.run(Unknown Source:18)

08-05 16:41:23.743  5650  9182 I LSPosed-Bridge: 	at android.os.Handler.handleCallback(Handler.java:873)

08-05 16:41:23.743  5650  9182 I LSPosed-Bridge: 	at android.os.Handler.dispatchMessage(Handler.java:99)

08-05 16:41:23.743  5650  9182 I LSPosed-Bridge: 	at android.os.Looper.loop(Looper.java:193)

08-05 16:41:23.743  5650  9182 I LSPosed-Bridge: 	at android.os.HandlerThread.run(HandlerThread.java:65)

08-05 16:41:23.743  5650  9182 I LSPosed-Bridge: 5650 PermLabel getRunningAppProcesses =android.app.ActivityManager$RunningAppProcessInfo@461dce

08-05 16:41:23.743  5650  9182 I LSPosed-Bridge: 5650 PermLabel getRunningAppProcesses processName: com.baihe pid: 5650

08-05 16:41:23.743  5650  9182 I LSPosed-Bridge: 5650 PermLabel getRunningAppProcesses importance: 100 pid: 5650

08-05 16:41:23.743  5650  9182 I LSPosed-Bridge: 5650 PermLabel getRunningAppProcesses packageName com.baihe at index 0 in process 5650

08-05 16:41:23.743  5650  5650 I LSPosed-Bridge: 5650 PermLabel hookBinder_test 10147 interfaceBinder =android.app.IActivityManager; arg0 = 11; arg1 = android.os.Parcel@83c4315; arg2 = android.os.Parcel@568c61e; arg3 = 0; res = true; stacktrace=java.lang.Exception

08-05 16:41:23.743  5650  5650 I LSPosed-Bridge: 	at com.example.permlabel.hookBinder_test$1.afterHookedMethod(hookBinder_test.java:70)

08-05 16:41:23.743  5650  5650 I LSPosed-Bridge: 	at de.robv.android.xposed.XposedBridge$AdditionalHookInfo.callback(Unknown Source:147)

08-05 16:41:23.743  5650  5650 I LSPosed-Bridge: 	at LSPHooker_.transact(Unknown Source:28)

08-05 16:41:23.743  5650  5650 I LSPosed-Bridge: 	at android.app.IActivityManager$Stub$Proxy.broadcastIntent(IActivityManager.java:3893)

08-05 16:41:23.743  5650  5650 I LSPosed-Bridge: 	at android.app.ContextImpl.sendBroadcast(ContextImpl.java:1009)

08-05 16:41:23.743  5650  5650 I LSPosed-Bridge: 	at android.content.ContextWrapper.sendBroadcast(ContextWrapper.java:444)

08-05 16:41:23.743  5650  5650 I LSPosed-Bridge: 	at android.content.ContextWrapper.sendBroadcast(ContextWrapper.java:444)

08-05 16:41:23.743  5650  5650 I LSPosed-Bridge: 	at com.alibaba.wireless.security.open.edgecomputing.ECMiscInfo$.onActivityDestroyed(Unknown Source:7)

08-05 16:41:23.743  5650  5650 I LSPosed-Bridge: 	at android.app.Application.dispatchActivityDestroyed(Application.java:276)

08-05 16:41:23.743  5650  5650 I LSPosed-Bridge: 	at android.app.Activity.onDestroy(Activity.java:2002)

08-05 16:41:23.743  5650  5650 I LSPosed-Bridge: 	at androidx.fragment.app.FragmentActivity.onDestroy(FragmentActivity.java:1)

08-05 16:41:23.743  5650  5650 I LSPosed-Bridge: 	at androidx.appcompat.app.AppCompatActivity.onDestroy(AppCompatActivity.java:1)

08-05 16:41:23.743  5650  5650 I LSPosed-Bridge: 	at colorjoin.framework.activity.MageCommunicationActivity.onDestroy(MageCommunicationActivity.java:1)

08-05 16:41:23.743  5650  5650 I LSPosed-Bridge: 	at colorjoin.framework.activity.MageActivity.onDestroy(MageActivity.java:1)

08-05 16:41:23.743  5650  5650 I LSPosed-Bridge: 	at colorjoin.app.base.activities.ABActivity.onDestroy(ABActivity.java:2)

08-05 16:41:23.743  5650  5650 I LSPosed-Bridge: 	at com.baihe.libs.framework.template.activity.BHFActivityTitleContent.onDestroy(BHFActivityTitleContent.java:2)

08-05 16:41:23.743  5650  5650 I LSPosed-Bridge: 	at android.app.Activity.performDestroy(Activity.java:7395)

08-05 16:41:23.743  5650  5650 I LSPosed-Bridge: 	at android.app.Instrumentation.callActivityOnDestroy(Instrumentation.java:1307)

08-05 16:41:23.743  5650  5650 I LSPosed-Bridge: 	at android.app.ActivityThread.performDestroyActivity(ActivityThread.java:4444)

08-05 16:41:23.743  5650  5650 I LSPosed-Bridge: 	at android.app.ActivityThread.handleDestroyActivity(ActivityThread.java:4477)

08-05 16:41:23.743  5650  5650 I LSPosed-Bridge: 	at android.app.servertransaction.DestroyActivityItem.execute(DestroyActivityItem.java:39)

08-05 16:41:23.743  5650  5650 I LSPosed-Bridge: 	at android.app.servertransaction.TransactionExecutor.executeLifecycleState(TransactionExecutor.java:145)

08-05 16:41:23.743  5650  5650 I LSPosed-Bridge: 	at android.app.servertransaction.TransactionExecutor.execute(TransactionExecutor.java:70)

08-05 16:41:23.743  5650  5650 I LSPosed-Bridge: 	at android.app.ActivityThread$H.handleMessage(ActivityThread.java:1809)

08-05 16:41:23.743  5650  5650 I LSPosed-Bridge: 	at i.g.a.a.a.handleMessage(ActivityThreadCallback.java:4)

08-05 16:41:23.743  5650  5650 I LSPosed-Bridge: 	at android.os.Handler.dispatchMessage(Handler.java:102)

08-05 16:41:23.743  5650  5650 I LSPosed-Bridge: 	at android.os.Looper.loop(Looper.java:193)

08-05 16:41:23.743  5650  5650 I LSPosed-Bridge: 	at android.app.ActivityThread.main(ActivityThread.java:6692)

08-05 16:41:23.743  5650  5650 I LSPosed-Bridge: 	at java.lang.reflect.Method.invoke(Native Method)

08-05 16:41:23.743  5650  5650 I LSPosed-Bridge: 	at com.android.internal.os.RuntimeInit$MethodAndArgsCaller.run(RuntimeInit.java:493)

08-05 16:41:23.743  5650  5650 I LSPosed-Bridge: 	at com.android.internal.os.ZygoteInit.main(ZygoteInit.java:858)

