08-11 01:21:06.014  5619  5619 I LSPosed-Bridge: 5619 PermLabel 10117 permission_group_mapping =android.permission.CAMERA Camera

08-11 01:21:06.020  5619  5619 I LSPosed-Bridge: 5619 PermLabel 10117 all_declared permissions =android.permission.ACCESS_NETWORK_STATE android.permission.ACCESS_WIFI_STATE android.permission.READ_PHONE_STATE android.permission.WRITE_EXTERNAL_STORAGE android.permission.READ_EXTERNAL_STORAGE android.permission.CALL_PHONE android.permission.CAMERA net.searchome.designer.transfer android.permission.ACCESS_COARSE_LOCATION android.permission.BLUETOOTH_ADMIN android.permission.BLUETOOTH android.permission.INTERNET android.permission.WAKE_LOCK com.google.android.c2dm.permission.RECEIVE com.google.android.finsky.permission.BIND_GET_INSTALL_REFERRER_SERVICE 

08-11 01:21:06.020  5619  5619 I LSPosed-Bridge: 5619 PermLabel 10117 all_declared permissions =android.permission.ACCESS_NETWORK_STATE android.permission.ACCESS_WIFI_STATE android.permission.READ_PHONE_STATE android.permission.WRITE_EXTERNAL_STORAGE android.permission.READ_EXTERNAL_STORAGE android.permission.CALL_PHONE android.permission.CAMERA net.searchome.designer.transfer android.permission.ACCESS_COARSE_LOCATION android.permission.BLUETOOTH_ADMIN android.permission.BLUETOOTH android.permission.INTERNET android.permission.WAKE_LOCK com.google.android.c2dm.permission.RECEIVE com.google.android.finsky.permission.BIND_GET_INSTALL_REFERRER_SERVICE 

08-11 01:21:06.020  1567  1605 W libprocessgroup: kill(-4461, 9) failed: No such process

08-11 01:21:06.020  1567  1605 W libprocessgroup: kill(-4461, 9) failed: No such process

08-11 01:21:06.020  5619  5619 I LSPosed-Bridge: 5619 PermLabel 10117 declared normal_permissions =android.permission.ACCESS_NETWORK_STATE android.permission.ACCESS_WIFI_STATE android.permission.BLUETOOTH_ADMIN android.permission.BLUETOOTH android.permission.INTERNET android.permission.WAKE_LOCK com.google.android.c2dm.permission.RECEIVE com.google.android.finsky.permission.BIND_GET_INSTALL_REFERRER_SERVICE 

08-11 01:21:06.020  5619  5619 I LSPosed-Bridge: 5619 PermLabel 10117 declared normal_permissions =android.permission.ACCESS_NETWORK_STATE android.permission.ACCESS_WIFI_STATE android.permission.BLUETOOTH_ADMIN android.permission.BLUETOOTH android.permission.INTERNET android.permission.WAKE_LOCK com.google.android.c2dm.permission.RECEIVE com.google.android.finsky.permission.BIND_GET_INSTALL_REFERRER_SERVICE 

08-11 01:21:06.020  5619  5619 I LSPosed-Bridge: 5619 PermLabel 10117 declared dangerous_permissions =android.permission.READ_PHONE_STATE android.permission.WRITE_EXTERNAL_STORAGE android.permission.READ_EXTERNAL_STORAGE android.permission.CALL_PHONE android.permission.CAMERA android.permission.ACCESS_COARSE_LOCATION 

08-11 01:21:06.020  5619  5619 I LSPosed-Bridge: 5619 PermLabel 10117 declared dangerous_permissions =android.permission.READ_PHONE_STATE android.permission.WRITE_EXTERNAL_STORAGE android.permission.READ_EXTERNAL_STORAGE android.permission.CALL_PHONE android.permission.CAMERA android.permission.ACCESS_COARSE_LOCATION 

08-11 01:21:06.020  5619  5619 I LSPosed-Bridge: 5619 PermLabel 10117 declared dangerous_group =Telephone Storage Storage Telephone Camera Location 

08-11 01:21:06.020  5619  5619 I LSPosed-Bridge: 5619 PermLabel 10117 declared dangerous_group =Telephone Storage Storage Telephone Camera Location 

08-11 01:22:19.829  5619  7609 I LSPosed-Bridge: 5619 PermLabel 10117 android.permission.CAMERA getCameraInfo args0: 1; args1: android.hardware.Camera$CameraInfo@2a08f6d; res= null; stacktrace=java.lang.Exception

08-11 01:22:19.829  5619  7609 I LSPosed-Bridge: 	at com.example.permlabel.hookCamera$1.afterHookedMethod(hookCamera.java:21)

08-11 01:22:19.829  5619  7609 I LSPosed-Bridge: 	at de.robv.android.xposed.XposedBridge$AdditionalHookInfo.callback(Unknown Source:147)

08-11 01:22:19.829  5619  7609 I LSPosed-Bridge: 	at LSPHooker_.getCameraInfo(Unknown Source:15)

08-11 01:22:19.829  5619  7609 I LSPosed-Bridge: 	at R74.e(chromium-Monochrome.aab-stable-579016621:6)

08-11 01:22:19.829  5619  7609 I LSPosed-Bridge: 	at org.chromium.media.VideoCaptureFactory.getDeviceName(chromium-Monochrome.aab-stable-579016621:15)

08-11 01:22:19.830  5619  7609 I LSPosed-Bridge: 5619 PermLabel 10117 android.permission.CAMERA getCameraInfo args0: 1; args1: android.hardware.Camera$CameraInfo@2a08f6d; res= null; stacktrace=java.lang.Exception

08-11 01:22:19.830  5619  7609 I LSPosed-Bridge: 	at com.example.permlabel.hookCamera$1.afterHookedMethod(hookCamera.java:21)

08-11 01:22:19.830  5619  7609 I LSPosed-Bridge: 	at de.robv.android.xposed.XposedBridge$AdditionalHookInfo.callback(Unknown Source:147)

08-11 01:22:19.830  5619  7609 I LSPosed-Bridge: 	at LSPHooker_.getCameraInfo(Unknown Source:15)

08-11 01:22:19.830  5619  7609 I LSPosed-Bridge: 	at R74.e(chromium-Monochrome.aab-stable-579016621:6)

08-11 01:22:19.830  5619  7609 I LSPosed-Bridge: 	at org.chromium.media.VideoCaptureFactory.getDeviceName(chromium-Monochrome.aab-stable-579016621:15)

08-11 01:22:19.867  5619  7609 I LSPosed-Bridge: 5619 PermLabel hookBinder_test 10117 interfaceBinder =android.media.IAudioService; arg0 = 55; arg1 = android.os.Parcel@c8a57bc; arg2 = android.os.Parcel@5bf0da7; arg3 = 0; res = true; stacktrace=java.lang.Exception

08-11 01:22:19.867  5619  7609 I LSPosed-Bridge: 	at com.example.permlabel.hookBinder_test$1.afterHookedMethod(hookBinder_test.java:70)

08-11 01:22:19.867  5619  7609 I LSPosed-Bridge: 	at de.robv.android.xposed.XposedBridge$AdditionalHookInfo.callback(Unknown Source:147)

08-11 01:22:19.867  5619  7609 I LSPosed-Bridge: 	at LSPHooker_.transact(Unknown Source:28)

08-11 01:22:19.867  5619  7609 I LSPosed-Bridge: 	at android.media.IAudioService$Stub$Proxy.isCameraSoundForced(IAudioService.java:1955)

08-11 01:22:19.867  5619  7609 I LSPosed-Bridge: 	at android.hardware.Camera.getCameraInfo(Camera.java:348)

08-11 01:22:19.867  5619  7609 I LSPosed-Bridge: 	at java.lang.reflect.Method.invoke(Native Method)

08-11 01:22:19.867  5619  7609 I LSPosed-Bridge: 	at org.lsposed.lspd.nativebridge.HookBridge.invokeOriginalMethod(Native Method)

08-11 01:22:19.867  5619  7609 I LSPosed-Bridge: 	at de.robv.android.xposed.XposedBridge$AdditionalHookInfo.callback(Unknown Source:110)

08-11 01:22:19.867  5619  7609 I LSPosed-Bridge: 	at LSPHooker_.getCameraInfo(Unknown Source:15)

08-11 01:22:19.867  5619  7609 I LSPosed-Bridge: 	at R74.e(chromium-Monochrome.aab-stable-579016621:6)

08-11 01:22:19.867  5619  7609 I LSPosed-Bridge: 	at org.chromium.media.VideoCaptureFactory.getCaptureApiType(chromium-Monochrome.aab-stable-579016621:8)

08-11 01:22:19.867   551   551 I ConfigStore: android::hardware::configstore::V1_0::ISurfaceFlingerConfigs::hasHDRDisplay retrieved: 0

08-11 01:22:19.867  5619  7609 I LSPosed-Bridge: 5619 PermLabel 10117 android.permission.CAMERA getCameraInfo args0: 1; args1: android.hardware.Camera$CameraInfo@3a8a1; res= null; stacktrace=java.lang.Exception

08-11 01:22:19.867  5619  7609 I LSPosed-Bridge: 	at com.example.permlabel.hookCamera$1.afterHookedMethod(hookCamera.java:21)

08-11 01:22:19.867  5619  7609 I LSPosed-Bridge: 	at de.robv.android.xposed.XposedBridge$AdditionalHookInfo.callback(Unknown Source:147)

08-11 01:22:19.867  5619  7609 I LSPosed-Bridge: 	at LSPHooker_.getCameraInfo(Unknown Source:15)

08-11 01:22:19.867  5619  7609 I LSPosed-Bridge: 	at R74.e(chromium-Monochrome.aab-stable-579016621:6)

08-11 01:22:19.867  5619  7609 I LSPosed-Bridge: 	at org.chromium.media.VideoCaptureFactory.getCaptureApiType(chromium-Monochrome.aab-stable-579016621:8)

08-11 01:22:19.868  5619  7609 I LSPosed-Bridge: 5619 PermLabel 10117 android.permission.CAMERA getCameraInfo args0: 1; args1: android.hardware.Camera$CameraInfo@3a8a1; res= null; stacktrace=java.lang.Exception

08-11 01:22:19.868  5619  7609 I LSPosed-Bridge: 	at com.example.permlabel.hookCamera$1.afterHookedMethod(hookCamera.java:21)

08-11 01:22:19.868  5619  7609 I LSPosed-Bridge: 	at de.robv.android.xposed.XposedBridge$AdditionalHookInfo.callback(Unknown Source:147)

08-11 01:22:19.868  5619  7609 I LSPosed-Bridge: 	at LSPHooker_.getCameraInfo(Unknown Source:15)

08-11 01:22:19.868  5619  7609 I LSPosed-Bridge: 	at R74.e(chromium-Monochrome.aab-stable-579016621:6)

08-11 01:22:19.868  5619  7609 I LSPosed-Bridge: 	at org.chromium.media.VideoCaptureFactory.getCaptureApiType(chromium-Monochrome.aab-stable-579016621:8)

08-11 01:22:19.868   551   551 I ConfigStore: android::hardware::configstore::V1_0::ISurfaceFlingerConfigs::hasHDRDisplay retrieved: 0

08-11 01:22:19.897  5619  7609 I LSPosed-Bridge: 5619 PermLabel 10117 android.permission.CAMERA getCameraInfo args0: 1; args1: android.hardware.Camera$CameraInfo@4b5b438; res= null; stacktrace=java.lang.Exception

08-11 01:22:19.897  5619  7609 I LSPosed-Bridge: 5619 PermLabel 10117 android.permission.CAMERA getCameraInfo args0: 1; args1: android.hardware.Camera$CameraInfo@4b5b438; res= null; stacktrace=java.lang.Exception

08-11 01:22:19.897  5619  7609 I LSPosed-Bridge: 	at com.example.permlabel.hookCamera$1.afterHookedMethod(hookCamera.java:21)

08-11 01:22:19.897  5619  7609 I LSPosed-Bridge: 	at com.example.permlabel.hookCamera$1.afterHookedMethod(hookCamera.java:21)

08-11 01:22:19.897  5619  7609 I LSPosed-Bridge: 	at de.robv.android.xposed.XposedBridge$AdditionalHookInfo.callback(Unknown Source:147)

08-11 01:22:19.897  5619  7609 I LSPosed-Bridge: 	at de.robv.android.xposed.XposedBridge$AdditionalHookInfo.callback(Unknown Source:147)

08-11 01:22:19.897  5619  7609 I LSPosed-Bridge: 	at LSPHooker_.getCameraInfo(Unknown Source:15)

08-11 01:22:19.897  5619  7609 I LSPosed-Bridge: 	at LSPHooker_.getCameraInfo(Unknown Source:15)

08-11 01:22:19.897  5619  7609 I LSPosed-Bridge: 	at R74.e(chromium-Monochrome.aab-stable-579016621:6)

08-11 01:22:19.897  5619  7609 I LSPosed-Bridge: 	at R74.e(chromium-Monochrome.aab-stable-579016621:6)

08-11 01:22:19.897  5619  7609 I LSPosed-Bridge: 	at org.chromium.media.VideoCaptureFactory.getFacingMode(chromium-Monochrome.aab-stable-579016621:10)

08-11 01:22:19.897  5619  7609 I LSPosed-Bridge: 	at org.chromium.media.VideoCaptureFactory.getFacingMode(chromium-Monochrome.aab-stable-579016621:10)

08-11 01:22:19.897  5619  7609 I LSPosed-Bridge: 5619 PermLabel 10117 android.permission.CAMERA getCameraInfo args0: 1; args1: android.hardware.Camera$CameraInfo@4b5b438; res= null; stacktrace=java.lang.Exception

08-11 01:22:19.897  5619  7609 I LSPosed-Bridge: 5619 PermLabel 10117 android.permission.CAMERA getCameraInfo args0: 1; args1: android.hardware.Camera$CameraInfo@4b5b438; res= null; stacktrace=java.lang.Exception

08-11 01:22:19.897  5619  7609 I LSPosed-Bridge: 	at com.example.permlabel.hookCamera$1.afterHookedMethod(hookCamera.java:21)

08-11 01:22:19.897  5619  7609 I LSPosed-Bridge: 	at com.example.permlabel.hookCamera$1.afterHookedMethod(hookCamera.java:21)

08-11 01:22:19.897  5619  7609 I LSPosed-Bridge: 	at de.robv.android.xposed.XposedBridge$AdditionalHookInfo.callback(Unknown Source:147)

08-11 01:22:19.897  5619  7609 I LSPosed-Bridge: 	at de.robv.android.xposed.XposedBridge$AdditionalHookInfo.callback(Unknown Source:147)

08-11 01:22:19.897  5619  7609 I LSPosed-Bridge: 	at LSPHooker_.getCameraInfo(Unknown Source:15)

08-11 01:22:19.897  5619  7609 I LSPosed-Bridge: 	at LSPHooker_.getCameraInfo(Unknown Source:15)

08-11 01:22:19.897  5619  7609 I LSPosed-Bridge: 	at R74.e(chromium-Monochrome.aab-stable-579016621:6)

08-11 01:22:19.897  5619  7609 I LSPosed-Bridge: 	at R74.e(chromium-Monochrome.aab-stable-579016621:6)

08-11 01:22:19.897  5619  7609 I LSPosed-Bridge: 	at org.chromium.media.VideoCaptureFactory.getFacingMode(chromium-Monochrome.aab-stable-579016621:10)

08-11 01:22:19.897  5619  7609 I LSPosed-Bridge: 	at org.chromium.media.VideoCaptureFactory.getFacingMode(chromium-Monochrome.aab-stable-579016621:10)

08-11 01:22:19.928  1567  5978 I LSPosed-Bridge: 5619 PermLabel 10117 AMS.checkPermission: Binder.getCallingPid() = 910; uid = 10117; Binder.getCallingUid() = 1047; getNameForUid: null; getPackagesForUid: null; permName: android.permission.CAMERA; type = 1; res = -1; stacktrace=java.lang.Exception

08-11 01:22:19.928  1567  5978 I LSPosed-Bridge: 	at com.example.permlabel.requirePerm$1$2.afterHookedMethod(requirePerm.java:145)

08-11 01:22:19.928  1567  5978 I LSPosed-Bridge: 	at de.robv.android.xposed.XposedBridge$AdditionalHookInfo.callback(Unknown Source:147)

08-11 01:22:19.928  1567  5978 I LSPosed-Bridge: 	at LSPHooker_.checkPermission(Unknown Source:25)

08-11 01:22:19.928  1567  5978 I LSPosed-Bridge: 	at com.android.server.am.ActivityManagerService$PermissionController.checkPermission(ActivityManagerService.java:9248)

08-11 01:22:19.928  1567  5978 I LSPosed-Bridge: 	at android.os.IPermissionController$Stub.onTransact(IPermissionController.java:56)

08-11 01:22:19.928  1567  5978 I LSPosed-Bridge: 	at android.os.Binder.execTransact(Binder.java:731)

08-11 01:22:19.928   910  4136 W ServiceManager: Permission failure: android.permission.CAMERA from uid=10117 pid=5619

08-11 01:22:19.928   910  4136 E CameraService: Permission Denial: can't use the camera pid=5619, uid=10117

08-11 01:22:20.030  1567  4710 I LSPosed-Bridge: 5619 PermLabel 10117 AMS.checkPermission: Binder.getCallingPid() = 910; uid = 10117; Binder.getCallingUid() = 1047; getNameForUid: null; getPackagesForUid: null; permName: android.permission.CAMERA; type = 1; res = -1; stacktrace=java.lang.Exception

08-11 01:22:20.030  1567  4710 I LSPosed-Bridge: 	at com.example.permlabel.requirePerm$1$2.afterHookedMethod(requirePerm.java:145)

08-11 01:22:20.030  1567  4710 I LSPosed-Bridge: 	at de.robv.android.xposed.XposedBridge$AdditionalHookInfo.callback(Unknown Source:147)

08-11 01:22:20.030  1567  4710 I LSPosed-Bridge: 	at LSPHooker_.checkPermission(Unknown Source:25)

08-11 01:22:20.030  1567  4710 I LSPosed-Bridge: 	at com.android.server.am.ActivityManagerService$PermissionController.checkPermission(ActivityManagerService.java:9248)

08-11 01:22:20.030  1567  4710 I LSPosed-Bridge: 	at android.os.IPermissionController$Stub.onTransact(IPermissionController.java:56)

08-11 01:22:20.030  1567  4710 I LSPosed-Bridge: 	at android.os.Binder.execTransact(Binder.java:731)

08-11 01:22:20.137   551   551 I ConfigStore: android::hardware::configstore::V1_0::ISurfaceFlingerConfigs::hasHDRDisplay retrieved: 0

08-11 01:22:20.137  1567  4710 I LSPosed-Bridge: 5619 PermLabel 10117 AMS.checkPermission: Binder.getCallingPid() = 910; uid = 10117; Binder.getCallingUid() = 1047; getNameForUid: null; getPackagesForUid: null; permName: android.permission.CAMERA; type = 1; res = -1; stacktrace=java.lang.Exception

08-11 01:22:20.137  1567  4710 I LSPosed-Bridge: 	at com.example.permlabel.requirePerm$1$2.afterHookedMethod(requirePerm.java:145)

08-11 01:22:20.137  1567  4710 I LSPosed-Bridge: 	at de.robv.android.xposed.XposedBridge$AdditionalHookInfo.callback(Unknown Source:147)

08-11 01:22:20.137  1567  4710 I LSPosed-Bridge: 	at LSPHooker_.checkPermission(Unknown Source:25)

08-11 01:22:20.137  1567  4710 I LSPosed-Bridge: 	at com.android.server.am.ActivityManagerService$PermissionController.checkPermission(ActivityManagerService.java:9248)

08-11 01:22:20.137  1567  4710 I LSPosed-Bridge: 	at android.os.IPermissionController$Stub.onTransact(IPermissionController.java:56)

08-11 01:22:20.137  1567  4710 I LSPosed-Bridge: 	at android.os.Binder.execTransact(Binder.java:731)

08-11 01:22:20.137   910  4136 W ServiceManager: Permission failure: android.permission.CAMERA from uid=10117 pid=5619

08-11 01:22:20.137   910  4136 E CameraService: Permission Denial: can't use the camera pid=5619, uid=10117

08-11 01:22:20.240  1567  4710 I LSPosed-Bridge: 5619 PermLabel 10117 AMS.checkPermission: Binder.getCallingPid() = 910; uid = 10117; Binder.getCallingUid() = 1047; getNameForUid: null; getPackagesForUid: null; permName: android.permission.CAMERA; type = 1; res = -1; stacktrace=java.lang.Exception

08-11 01:22:20.240  1567  4710 I LSPosed-Bridge: 	at com.example.permlabel.requirePerm$1$2.afterHookedMethod(requirePerm.java:145)

08-11 01:22:20.240  1567  4710 I LSPosed-Bridge: 	at de.robv.android.xposed.XposedBridge$AdditionalHookInfo.callback(Unknown Source:147)

08-11 01:22:20.240  1567  4710 I LSPosed-Bridge: 	at LSPHooker_.checkPermission(Unknown Source:25)

08-11 01:22:20.240  1567  4710 I LSPosed-Bridge: 	at com.android.server.am.ActivityManagerService$PermissionController.checkPermission(ActivityManagerService.java:9248)

08-11 01:22:20.240  1567  4710 I LSPosed-Bridge: 	at android.os.IPermissionController$Stub.onTransact(IPermissionController.java:56)

08-11 01:22:20.240  1567  4710 I LSPosed-Bridge: 	at android.os.Binder.execTransact(Binder.java:731)

08-11 01:22:20.344  1567  4710 I LSPosed-Bridge: 5619 PermLabel 10117 AMS.checkPermission: Binder.getCallingPid() = 910; uid = 10117; Binder.getCallingUid() = 1047; getNameForUid: null; getPackagesForUid: null; permName: android.permission.CAMERA; type = 1; res = -1; stacktrace=java.lang.Exception

08-11 01:22:20.344  1567  4710 I LSPosed-Bridge: 	at com.example.permlabel.requirePerm$1$2.afterHookedMethod(requirePerm.java:145)

08-11 01:22:20.344  1567  4710 I LSPosed-Bridge: 	at de.robv.android.xposed.XposedBridge$AdditionalHookInfo.callback(Unknown Source:147)

08-11 01:22:20.344  1567  4710 I LSPosed-Bridge: 	at LSPHooker_.checkPermission(Unknown Source:25)

08-11 01:22:20.344  1567  4710 I LSPosed-Bridge: 	at com.android.server.am.ActivityManagerService$PermissionController.checkPermission(ActivityManagerService.java:9248)

08-11 01:22:20.344  1567  4710 I LSPosed-Bridge: 	at android.os.IPermissionController$Stub.onTransact(IPermissionController.java:56)

08-11 01:22:20.344  1567  4710 I LSPosed-Bridge: 	at android.os.Binder.execTransact(Binder.java:731)

08-11 01:22:20.344   910  4136 W ServiceManager: Permission failure: android.permission.CAMERA from uid=10117 pid=5619

08-11 01:22:20.344   910  4136 E CameraService: Permission Denial: can't use the camera pid=5619, uid=10117

08-11 01:22:20.446  1567  3234 I LSPosed-Bridge: 5619 PermLabel 10117 AMS.checkPermission: Binder.getCallingPid() = 910; uid = 10117; Binder.getCallingUid() = 1047; getNameForUid: null; getPackagesForUid: null; permName: android.permission.CAMERA; type = 1; res = -1; stacktrace=java.lang.Exception

08-11 01:22:20.446  1567  3234 I LSPosed-Bridge: 	at com.example.permlabel.requirePerm$1$2.afterHookedMethod(requirePerm.java:145)

08-11 01:22:20.446  1567  3234 I LSPosed-Bridge: 	at de.robv.android.xposed.XposedBridge$AdditionalHookInfo.callback(Unknown Source:147)

08-11 01:22:20.446  1567  3234 I LSPosed-Bridge: 	at LSPHooker_.checkPermission(Unknown Source:25)

08-11 01:22:20.446  1567  3234 I LSPosed-Bridge: 	at com.android.server.am.ActivityManagerService$PermissionController.checkPermission(ActivityManagerService.java:9248)

08-11 01:22:20.446  1567  3234 I LSPosed-Bridge: 	at android.os.IPermissionController$Stub.onTransact(IPermissionController.java:56)

08-11 01:22:20.446  1567  3234 I LSPosed-Bridge: 	at android.os.Binder.execTransact(Binder.java:731)

08-11 01:22:20.550  1567  3234 I LSPosed-Bridge: 5619 PermLabel 10117 AMS.checkPermission: Binder.getCallingPid() = 910; uid = 10117; Binder.getCallingUid() = 1047; getNameForUid: null; getPackagesForUid: null; permName: android.permission.CAMERA; type = 1; res = -1; stacktrace=java.lang.Exception

08-11 01:22:20.550  1567  3234 I LSPosed-Bridge: 	at com.example.permlabel.requirePerm$1$2.afterHookedMethod(requirePerm.java:145)

08-11 01:22:20.550  1567  3234 I LSPosed-Bridge: 	at de.robv.android.xposed.XposedBridge$AdditionalHookInfo.callback(Unknown Source:147)

08-11 01:22:20.550  1567  3234 I LSPosed-Bridge: 	at LSPHooker_.checkPermission(Unknown Source:25)

08-11 01:22:20.550  1567  3234 I LSPosed-Bridge: 	at com.android.server.am.ActivityManagerService$PermissionController.checkPermission(ActivityManagerService.java:9248)

08-11 01:22:20.550  1567  3234 I LSPosed-Bridge: 	at android.os.IPermissionController$Stub.onTransact(IPermissionController.java:56)

08-11 01:22:20.550  1567  3234 I LSPosed-Bridge: 	at android.os.Binder.execTransact(Binder.java:731)

08-11 01:22:20.655  1567  6078 I LSPosed-Bridge: 5619 PermLabel 10117 AMS.checkPermission: Binder.getCallingPid() = 910; uid = 10117; Binder.getCallingUid() = 1047; getNameForUid: null; getPackagesForUid: null; permName: android.permission.CAMERA; type = 1; res = -1; stacktrace=java.lang.Exception

08-11 01:22:20.655  1567  6078 I LSPosed-Bridge: 	at com.example.permlabel.requirePerm$1$2.afterHookedMethod(requirePerm.java:145)

08-11 01:22:20.655  1567  6078 I LSPosed-Bridge: 	at de.robv.android.xposed.XposedBridge$AdditionalHookInfo.callback(Unknown Source:147)

08-11 01:22:20.655  1567  6078 I LSPosed-Bridge: 	at LSPHooker_.checkPermission(Unknown Source:25)

08-11 01:22:20.655  1567  6078 I LSPosed-Bridge: 	at com.android.server.am.ActivityManagerService$PermissionController.checkPermission(ActivityManagerService.java:9248)

08-11 01:22:20.655  1567  6078 I LSPosed-Bridge: 	at android.os.IPermissionController$Stub.onTransact(IPermissionController.java:56)

08-11 01:22:20.655  1567  6078 I LSPosed-Bridge: 	at android.os.Binder.execTransact(Binder.java:731)

08-11 01:22:20.764  1567  6078 I LSPosed-Bridge: 5619 PermLabel 10117 AMS.checkPermission: Binder.getCallingPid() = 910; uid = 10117; Binder.getCallingUid() = 1047; getNameForUid: null; getPackagesForUid: null; permName: android.permission.CAMERA; type = 1; res = -1; stacktrace=java.lang.Exception

08-11 01:22:20.764  1567  6078 I LSPosed-Bridge: 	at com.example.permlabel.requirePerm$1$2.afterHookedMethod(requirePerm.java:145)

08-11 01:22:20.764  1567  6078 I LSPosed-Bridge: 	at de.robv.android.xposed.XposedBridge$AdditionalHookInfo.callback(Unknown Source:147)

08-11 01:22:20.764  1567  6078 I LSPosed-Bridge: 	at LSPHooker_.checkPermission(Unknown Source:25)

08-11 01:22:20.764  1567  6078 I LSPosed-Bridge: 	at com.android.server.am.ActivityManagerService$PermissionController.checkPermission(ActivityManagerService.java:9248)

08-11 01:22:20.764  1567  6078 I LSPosed-Bridge: 	at android.os.IPermissionController$Stub.onTransact(IPermissionController.java:56)

08-11 01:22:20.764  1567  6078 I LSPosed-Bridge: 	at android.os.Binder.execTransact(Binder.java:731)

08-11 01:22:20.800  5619  9195 I OMXClient: IOmx service obtained

08-11 01:22:20.800  1567  1593 I LSPosed-Bridge: 5619 PermLabel 10117 AMS.checkPermission: Binder.getCallingPid() = 910; uid = 10117; Binder.getCallingUid() = 1047; getNameForUid: null; getPackagesForUid: null; permName: android.permission.CAMERA; type = 1; res = -1; stacktrace=java.lang.Exception

08-11 01:22:20.800  1567  1593 I LSPosed-Bridge: 	at com.example.permlabel.requirePerm$1$2.afterHookedMethod(requirePerm.java:145)

08-11 01:22:20.800  1567  1593 I LSPosed-Bridge: 	at de.robv.android.xposed.XposedBridge$AdditionalHookInfo.callback(Unknown Source:147)

08-11 01:22:20.800  1567  1593 I LSPosed-Bridge: 	at LSPHooker_.checkPermission(Unknown Source:25)

08-11 01:22:20.800  1567  1593 I LSPosed-Bridge: 	at com.android.server.am.ActivityManagerService$PermissionController.checkPermission(ActivityManagerService.java:9248)

08-11 01:22:20.800  1567  1593 I LSPosed-Bridge: 	at android.os.IPermissionController$Stub.onTransact(IPermissionController.java:56)

08-11 01:22:20.800  1567  1593 I LSPosed-Bridge: 	at android.os.Binder.execTransact(Binder.java:731)

08-11 01:22:20.905  1567  3235 I LSPosed-Bridge: 5619 PermLabel 10117 AMS.checkPermission: Binder.getCallingPid() = 910; uid = 10117; Binder.getCallingUid() = 1047; getNameForUid: null; getPackagesForUid: null; permName: android.permission.CAMERA; type = 1; res = -1; stacktrace=java.lang.Exception

08-11 01:22:20.905  1567  3235 I LSPosed-Bridge: 	at com.example.permlabel.requirePerm$1$2.afterHookedMethod(requirePerm.java:145)

08-11 01:22:20.905  1567  3235 I LSPosed-Bridge: 	at de.robv.android.xposed.XposedBridge$AdditionalHookInfo.callback(Unknown Source:147)

08-11 01:22:20.905  1567  3235 I LSPosed-Bridge: 	at LSPHooker_.checkPermission(Unknown Source:25)

08-11 01:22:20.905  1567  3235 I LSPosed-Bridge: 	at com.android.server.am.ActivityManagerService$PermissionController.checkPermission(ActivityManagerService.java:9248)

08-11 01:22:20.905  1567  3235 I LSPosed-Bridge: 	at android.os.IPermissionController$Stub.onTransact(IPermissionController.java:56)

08-11 01:22:20.905  1567  3235 I LSPosed-Bridge: 	at android.os.Binder.execTransact(Binder.java:731)

08-11 01:22:21.011  1567  1593 I LSPosed-Bridge: 5619 PermLabel 10117 AMS.checkPermission: Binder.getCallingPid() = 910; uid = 10117; Binder.getCallingUid() = 1047; getNameForUid: null; getPackagesForUid: null; permName: android.permission.CAMERA; type = 1; res = -1; stacktrace=java.lang.Exception

08-11 01:22:21.011  1567  1593 I LSPosed-Bridge: 	at com.example.permlabel.requirePerm$1$2.afterHookedMethod(requirePerm.java:145)

08-11 01:22:21.011  1567  1593 I LSPosed-Bridge: 	at de.robv.android.xposed.XposedBridge$AdditionalHookInfo.callback(Unknown Source:147)

08-11 01:22:21.011  1567  1593 I LSPosed-Bridge: 	at LSPHooker_.checkPermission(Unknown Source:25)

08-11 01:22:21.011  1567  1593 I LSPosed-Bridge: 	at com.android.server.am.ActivityManagerService$PermissionController.checkPermission(ActivityManagerService.java:9248)

08-11 01:22:21.011  1567  1593 I LSPosed-Bridge: 	at android.os.IPermissionController$Stub.onTransact(IPermissionController.java:56)

08-11 01:22:21.011  1567  1593 I LSPosed-Bridge: 	at android.os.Binder.execTransact(Binder.java:731)

08-11 01:22:21.011   910  4136 W ServiceManager: Permission failure: android.permission.CAMERA from uid=10117 pid=5619

08-11 01:22:21.011   910  4136 E CameraService: Permission Denial: can't use the camera pid=5619, uid=10117

08-11 01:22:21.115  1567  3235 I LSPosed-Bridge: 5619 PermLabel 10117 AMS.checkPermission: Binder.getCallingPid() = 910; uid = 10117; Binder.getCallingUid() = 1047; getNameForUid: null; getPackagesForUid: null; permName: android.permission.CAMERA; type = 1; res = -1; stacktrace=java.lang.Exception

08-11 01:22:21.115  1567  3235 I LSPosed-Bridge: 	at com.example.permlabel.requirePerm$1$2.afterHookedMethod(requirePerm.java:145)

08-11 01:22:21.115  1567  3235 I LSPosed-Bridge: 	at de.robv.android.xposed.XposedBridge$AdditionalHookInfo.callback(Unknown Source:147)

08-11 01:22:21.115  1567  3235 I LSPosed-Bridge: 	at LSPHooker_.checkPermission(Unknown Source:25)

08-11 01:22:21.115  1567  3235 I LSPosed-Bridge: 	at com.android.server.am.ActivityManagerService$PermissionController.checkPermission(ActivityManagerService.java:9248)

08-11 01:22:21.115  1567  3235 I LSPosed-Bridge: 	at android.os.IPermissionController$Stub.onTransact(IPermissionController.java:56)

08-11 01:22:21.115  1567  3235 I LSPosed-Bridge: 	at android.os.Binder.execTransact(Binder.java:731)

08-11 01:22:21.115   910  4136 W ServiceManager: Permission failure: android.permission.CAMERA from uid=10117 pid=5619

08-11 01:22:21.115   910  4136 E CameraService: Permission Denial: can't use the camera pid=5619, uid=10117

08-11 01:22:21.217  1567  6085 I LSPosed-Bridge: 5619 PermLabel 10117 AMS.checkPermission: Binder.getCallingPid() = 910; uid = 10117; Binder.getCallingUid() = 1047; getNameForUid: null; getPackagesForUid: null; permName: android.permission.CAMERA; type = 1; res = -1; stacktrace=java.lang.Exception

08-11 01:22:21.217  1567  6085 I LSPosed-Bridge: 	at com.example.permlabel.requirePerm$1$2.afterHookedMethod(requirePerm.java:145)

08-11 01:22:21.217  1567  6085 I LSPosed-Bridge: 	at de.robv.android.xposed.XposedBridge$AdditionalHookInfo.callback(Unknown Source:147)

08-11 01:22:21.217  1567  6085 I LSPosed-Bridge: 	at LSPHooker_.checkPermission(Unknown Source:25)

08-11 01:22:21.217  1567  6085 I LSPosed-Bridge: 	at com.android.server.am.ActivityManagerService$PermissionController.checkPermission(ActivityManagerService.java:9248)

08-11 01:22:21.217  1567  6085 I LSPosed-Bridge: 	at android.os.IPermissionController$Stub.onTransact(IPermissionController.java:56)

08-11 01:22:21.217  1567  6085 I LSPosed-Bridge: 	at android.os.Binder.execTransact(Binder.java:731)

08-11 01:22:21.321  1567  3235 I LSPosed-Bridge: 5619 PermLabel 10117 AMS.checkPermission: Binder.getCallingPid() = 910; uid = 10117; Binder.getCallingUid() = 1047; getNameForUid: null; getPackagesForUid: null; permName: android.permission.CAMERA; type = 1; res = -1; stacktrace=java.lang.Exception

08-11 01:22:21.321  1567  3235 I LSPosed-Bridge: 	at com.example.permlabel.requirePerm$1$2.afterHookedMethod(requirePerm.java:145)

08-11 01:22:21.321  1567  3235 I LSPosed-Bridge: 	at de.robv.android.xposed.XposedBridge$AdditionalHookInfo.callback(Unknown Source:147)

08-11 01:22:21.321  1567  3235 I LSPosed-Bridge: 	at LSPHooker_.checkPermission(Unknown Source:25)

08-11 01:22:21.321  1567  3235 I LSPosed-Bridge: 	at com.android.server.am.ActivityManagerService$PermissionController.checkPermission(ActivityManagerService.java:9248)

08-11 01:22:21.321  1567  3235 I LSPosed-Bridge: 	at android.os.IPermissionController$Stub.onTransact(IPermissionController.java:56)

08-11 01:22:21.321  1567  3235 I LSPosed-Bridge: 	at android.os.Binder.execTransact(Binder.java:731)

08-11 01:22:21.424  1567  1841 I LSPosed-Bridge: 5619 PermLabel 10117 AMS.checkPermission: Binder.getCallingPid() = 910; uid = 10117; Binder.getCallingUid() = 1047; getNameForUid: null; getPackagesForUid: null; permName: android.permission.CAMERA; type = 1; res = -1; stacktrace=java.lang.Exception

08-11 01:22:21.424  1567  1841 I LSPosed-Bridge: 	at com.example.permlabel.requirePerm$1$2.afterHookedMethod(requirePerm.java:145)

08-11 01:22:21.424  1567  1841 I LSPosed-Bridge: 	at de.robv.android.xposed.XposedBridge$AdditionalHookInfo.callback(Unknown Source:147)

08-11 01:22:21.424  1567  1841 I LSPosed-Bridge: 	at LSPHooker_.checkPermission(Unknown Source:25)

08-11 01:22:21.424  1567  1841 I LSPosed-Bridge: 	at com.android.server.am.ActivityManagerService$PermissionController.checkPermission(ActivityManagerService.java:9248)

08-11 01:22:21.424  1567  1841 I LSPosed-Bridge: 	at android.os.IPermissionController$Stub.onTransact(IPermissionController.java:56)

08-11 01:22:21.424  1567  1841 I LSPosed-Bridge: 	at android.os.Binder.execTransact(Binder.java:731)

08-11 01:22:21.424   910  4136 W ServiceManager: Permission failure: android.permission.CAMERA from uid=10117 pid=5619

08-11 01:22:21.424   910  4136 E CameraService: Permission Denial: can't use the camera pid=5619, uid=10117

08-11 01:22:21.528  1567  3235 I LSPosed-Bridge: 5619 PermLabel 10117 AMS.checkPermission: Binder.getCallingPid() = 910; uid = 10117; Binder.getCallingUid() = 1047; getNameForUid: null; getPackagesForUid: null; permName: android.permission.CAMERA; type = 1; res = -1; stacktrace=java.lang.Exception

08-11 01:22:21.528  1567  3235 I LSPosed-Bridge: 	at com.example.permlabel.requirePerm$1$2.afterHookedMethod(requirePerm.java:145)

08-11 01:22:21.528  1567  3235 I LSPosed-Bridge: 	at de.robv.android.xposed.XposedBridge$AdditionalHookInfo.callback(Unknown Source:147)

08-11 01:22:21.528  1567  3235 I LSPosed-Bridge: 	at LSPHooker_.checkPermission(Unknown Source:25)

08-11 01:22:21.528  1567  3235 I LSPosed-Bridge: 	at com.android.server.am.ActivityManagerService$PermissionController.checkPermission(ActivityManagerService.java:9248)

08-11 01:22:21.528  1567  3235 I LSPosed-Bridge: 	at android.os.IPermissionController$Stub.onTransact(IPermissionController.java:56)

08-11 01:22:21.528  1567  3235 I LSPosed-Bridge: 	at android.os.Binder.execTransact(Binder.java:731)

08-11 01:22:21.528   910  4136 W ServiceManager: Permission failure: android.permission.CAMERA from uid=10117 pid=5619

08-11 01:22:21.528   910  4136 E CameraService: Permission Denial: can't use the camera pid=5619, uid=10117

08-11 01:22:21.630  1567  1841 I LSPosed-Bridge: 5619 PermLabel 10117 AMS.checkPermission: Binder.getCallingPid() = 910; uid = 10117; Binder.getCallingUid() = 1047; getNameForUid: null; getPackagesForUid: null; permName: android.permission.CAMERA; type = 1; res = -1; stacktrace=java.lang.Exception

08-11 01:22:21.630  1567  1841 I LSPosed-Bridge: 	at com.example.permlabel.requirePerm$1$2.afterHookedMethod(requirePerm.java:145)

08-11 01:22:21.630  1567  1841 I LSPosed-Bridge: 	at de.robv.android.xposed.XposedBridge$AdditionalHookInfo.callback(Unknown Source:147)

08-11 01:22:21.630  1567  1841 I LSPosed-Bridge: 	at LSPHooker_.checkPermission(Unknown Source:25)

08-11 01:22:21.630  1567  1841 I LSPosed-Bridge: 	at com.android.server.am.ActivityManagerService$PermissionController.checkPermission(ActivityManagerService.java:9248)

08-11 01:22:21.630  1567  1841 I LSPosed-Bridge: 	at android.os.IPermissionController$Stub.onTransact(IPermissionController.java:56)

08-11 01:22:21.630  1567  1841 I LSPosed-Bridge: 	at android.os.Binder.execTransact(Binder.java:731)

08-11 01:22:21.630  5619  5619 W Binder:5619_2: type=1400 audit(0.0:600): avc: denied { read } for name="u:object_r:vendor_camera_prop:s0" dev="tmpfs" ino=15578 scontext=u:r:untrusted_app:s0:c117,c256,c512,c768 tcontext=u:object_r:vendor_camera_prop:s0 tclass=file permissive=0

08-11 01:22:22.071  5619  7609 I LSPosed-Bridge: 5619 PermLabel 10117 android.permission.CAMERA getCameraInfo args0: 0; args1: android.hardware.Camera$CameraInfo@c7bedeb; res= null; stacktrace=java.lang.Exception

08-11 01:22:22.071  5619  7609 I LSPosed-Bridge: 5619 PermLabel 10117 android.permission.CAMERA getCameraInfo args0: 0; args1: android.hardware.Camera$CameraInfo@c7bedeb; res= null; stacktrace=java.lang.Exception

08-11 01:22:22.071  5619  7609 I LSPosed-Bridge: 	at com.example.permlabel.hookCamera$1.afterHookedMethod(hookCamera.java:21)

08-11 01:22:22.071  5619  7609 I LSPosed-Bridge: 	at com.example.permlabel.hookCamera$1.afterHookedMethod(hookCamera.java:21)

08-11 01:22:22.071  5619  7609 I LSPosed-Bridge: 	at de.robv.android.xposed.XposedBridge$AdditionalHookInfo.callback(Unknown Source:147)

08-11 01:22:22.071  5619  7609 I LSPosed-Bridge: 	at de.robv.android.xposed.XposedBridge$AdditionalHookInfo.callback(Unknown Source:147)

08-11 01:22:22.071  5619  7609 I LSPosed-Bridge: 	at LSPHooker_.getCameraInfo(Unknown Source:15)

08-11 01:22:22.071  5619  7609 I LSPosed-Bridge: 	at LSPHooker_.getCameraInfo(Unknown Source:15)

08-11 01:22:22.071  5619  7609 I LSPosed-Bridge: 	at R74.e(chromium-Monochrome.aab-stable-579016621:6)

08-11 01:22:22.071  5619  7609 I LSPosed-Bridge: 	at R74.e(chromium-Monochrome.aab-stable-579016621:6)

08-11 01:22:22.071  5619  7609 I LSPosed-Bridge: 	at org.chromium.media.VideoCaptureFactory.getDeviceName(chromium-Monochrome.aab-stable-579016621:15)

08-11 01:22:22.071  5619  7609 I LSPosed-Bridge: 	at org.chromium.media.VideoCaptureFactory.getDeviceName(chromium-Monochrome.aab-stable-579016621:15)

08-11 01:22:22.071  5619  7609 I LSPosed-Bridge: 5619 PermLabel 10117 android.permission.CAMERA getCameraInfo args0: 0; args1: android.hardware.Camera$CameraInfo@c7bedeb; res= null; stacktrace=java.lang.Exception

08-11 01:22:22.071  5619  7609 I LSPosed-Bridge: 5619 PermLabel 10117 android.permission.CAMERA getCameraInfo args0: 0; args1: android.hardware.Camera$CameraInfo@c7bedeb; res= null; stacktrace=java.lang.Exception

08-11 01:22:22.071  5619  7609 I LSPosed-Bridge: 	at com.example.permlabel.hookCamera$1.afterHookedMethod(hookCamera.java:21)

08-11 01:22:22.071  5619  7609 I LSPosed-Bridge: 	at com.example.permlabel.hookCamera$1.afterHookedMethod(hookCamera.java:21)

08-11 01:22:22.071  5619  7609 I LSPosed-Bridge: 	at de.robv.android.xposed.XposedBridge$AdditionalHookInfo.callback(Unknown Source:147)

08-11 01:22:22.071  5619  7609 I LSPosed-Bridge: 	at de.robv.android.xposed.XposedBridge$AdditionalHookInfo.callback(Unknown Source:147)

08-11 01:22:22.071  5619  7609 I LSPosed-Bridge: 	at LSPHooker_.getCameraInfo(Unknown Source:15)

08-11 01:22:22.071  5619  7609 I LSPosed-Bridge: 	at LSPHooker_.getCameraInfo(Unknown Source:15)

08-11 01:22:22.071  5619  7609 I LSPosed-Bridge: 	at R74.e(chromium-Monochrome.aab-stable-579016621:6)

08-11 01:22:22.071  5619  7609 I LSPosed-Bridge: 	at R74.e(chromium-Monochrome.aab-stable-579016621:6)

08-11 01:22:22.071  5619  7609 I LSPosed-Bridge: 	at org.chromium.media.VideoCaptureFactory.getDeviceName(chromium-Monochrome.aab-stable-579016621:15)

08-11 01:22:22.071  5619  7609 I LSPosed-Bridge: 	at org.chromium.media.VideoCaptureFactory.getDeviceName(chromium-Monochrome.aab-stable-579016621:15)

08-11 01:22:22.126  9167  9391 W eku     : (Possibly expected) - Error changing state for com.google.android.apps.viewer.ProjectorActivity

08-11 01:22:22.126  9167  9391 W eku     : (Possibly expected) - Error changing state for com.google.android.apps.viewer.ProjectorActivity

08-11 01:22:22.126  5619  7609 I LSPosed-Bridge: 5619 PermLabel 10117 android.permission.CAMERA getCameraInfo args0: 0; args1: android.hardware.Camera$CameraInfo@7d25ebf; res= null; stacktrace=java.lang.Exception

08-11 01:22:22.126  5619  7609 I LSPosed-Bridge: 5619 PermLabel 10117 android.permission.CAMERA getCameraInfo args0: 0; args1: android.hardware.Camera$CameraInfo@7d25ebf; res= null; stacktrace=java.lang.Exception

08-11 01:22:22.126  5619  7609 I LSPosed-Bridge: 	at com.example.permlabel.hookCamera$1.afterHookedMethod(hookCamera.java:21)

08-11 01:22:22.126  5619  7609 I LSPosed-Bridge: 	at com.example.permlabel.hookCamera$1.afterHookedMethod(hookCamera.java:21)

08-11 01:22:22.126  5619  7609 I LSPosed-Bridge: 	at de.robv.android.xposed.XposedBridge$AdditionalHookInfo.callback(Unknown Source:147)

08-11 01:22:22.126  5619  7609 I LSPosed-Bridge: 	at de.robv.android.xposed.XposedBridge$AdditionalHookInfo.callback(Unknown Source:147)

08-11 01:22:22.126  5619  7609 I LSPosed-Bridge: 	at LSPHooker_.getCameraInfo(Unknown Source:15)

08-11 01:22:22.126  5619  7609 I LSPosed-Bridge: 	at LSPHooker_.getCameraInfo(Unknown Source:15)

08-11 01:22:22.126  5619  7609 I LSPosed-Bridge: 	at R74.e(chromium-Monochrome.aab-stable-579016621:6)

08-11 01:22:22.126  5619  7609 I LSPosed-Bridge: 	at R74.e(chromium-Monochrome.aab-stable-579016621:6)

08-11 01:22:22.126  5619  7609 I LSPosed-Bridge: 	at org.chromium.media.VideoCaptureFactory.getCaptureApiType(chromium-Monochrome.aab-stable-579016621:8)

08-11 01:22:22.126  5619  7609 I LSPosed-Bridge: 	at org.chromium.media.VideoCaptureFactory.getCaptureApiType(chromium-Monochrome.aab-stable-579016621:8)

08-11 01:22:22.126  5619  7609 I LSPosed-Bridge: 5619 PermLabel 10117 android.permission.CAMERA getCameraInfo args0: 0; args1: android.hardware.Camera$CameraInfo@7d25ebf; res= null; stacktrace=java.lang.Exception

08-11 01:22:22.126  5619  7609 I LSPosed-Bridge: 5619 PermLabel 10117 android.permission.CAMERA getCameraInfo args0: 0; args1: android.hardware.Camera$CameraInfo@7d25ebf; res= null; stacktrace=java.lang.Exception

08-11 01:22:22.126  5619  7609 I LSPosed-Bridge: 	at com.example.permlabel.hookCamera$1.afterHookedMethod(hookCamera.java:21)

08-11 01:22:22.126  5619  7609 I LSPosed-Bridge: 	at com.example.permlabel.hookCamera$1.afterHookedMethod(hookCamera.java:21)

08-11 01:22:22.126  5619  7609 I LSPosed-Bridge: 	at de.robv.android.xposed.XposedBridge$AdditionalHookInfo.callback(Unknown Source:147)

08-11 01:22:22.126  5619  7609 I LSPosed-Bridge: 	at de.robv.android.xposed.XposedBridge$AdditionalHookInfo.callback(Unknown Source:147)

08-11 01:22:22.126  5619  7609 I LSPosed-Bridge: 	at LSPHooker_.getCameraInfo(Unknown Source:15)

08-11 01:22:22.126  5619  7609 I LSPosed-Bridge: 	at LSPHooker_.getCameraInfo(Unknown Source:15)

08-11 01:22:22.126  5619  7609 I LSPosed-Bridge: 	at R74.e(chromium-Monochrome.aab-stable-579016621:6)

08-11 01:22:22.126  5619  7609 I LSPosed-Bridge: 	at R74.e(chromium-Monochrome.aab-stable-579016621:6)

08-11 01:22:22.126  5619  7609 I LSPosed-Bridge: 	at org.chromium.media.VideoCaptureFactory.getCaptureApiType(chromium-Monochrome.aab-stable-579016621:8)

08-11 01:22:22.126  5619  7609 I LSPosed-Bridge: 	at org.chromium.media.VideoCaptureFactory.getCaptureApiType(chromium-Monochrome.aab-stable-579016621:8)

08-11 01:22:22.157  5619  7609 I LSPosed-Bridge: 5619 PermLabel hookBinder_test 10117 interfaceBinder =android.media.IAudioService; arg0 = 55; arg1 = android.os.Parcel@1d93dac; arg2 = android.os.Parcel@c8a57bc; arg3 = 0; res = true; stacktrace=java.lang.Exception

08-11 01:22:22.157  5619  7609 I LSPosed-Bridge: 	at com.example.permlabel.hookBinder_test$1.afterHookedMethod(hookBinder_test.java:70)

08-11 01:22:22.157  5619  7609 I LSPosed-Bridge: 	at de.robv.android.xposed.XposedBridge$AdditionalHookInfo.callback(Unknown Source:147)

08-11 01:22:22.157  5619  7609 I LSPosed-Bridge: 	at LSPHooker_.transact(Unknown Source:28)

08-11 01:22:22.157  5619  7609 I LSPosed-Bridge: 	at android.media.IAudioService$Stub$Proxy.isCameraSoundForced(IAudioService.java:1955)

08-11 01:22:22.157  5619  7609 I LSPosed-Bridge: 	at android.hardware.Camera.getCameraInfo(Camera.java:348)

08-11 01:22:22.157  5619  7609 I LSPosed-Bridge: 	at java.lang.reflect.Method.invoke(Native Method)

08-11 01:22:22.157  5619  7609 I LSPosed-Bridge: 	at org.lsposed.lspd.nativebridge.HookBridge.invokeOriginalMethod(Native Method)

08-11 01:22:22.157  5619  7609 I LSPosed-Bridge: 	at de.robv.android.xposed.XposedBridge$AdditionalHookInfo.callback(Unknown Source:110)

08-11 01:22:22.157  5619  7609 I LSPosed-Bridge: 	at LSPHooker_.getCameraInfo(Unknown Source:15)

08-11 01:22:22.157  5619  7609 I LSPosed-Bridge: 	at R74.e(chromium-Monochrome.aab-stable-579016621:6)

08-11 01:22:22.157  5619  7609 I LSPosed-Bridge: 	at org.chromium.media.VideoCaptureFactory.getFacingMode(chromium-Monochrome.aab-stable-579016621:10)

08-11 01:22:22.157   551   551 I ConfigStore: android::hardware::configstore::V1_0::ISurfaceFlingerConfigs::hasHDRDisplay retrieved: 0

08-11 01:22:22.157  5619  7609 I LSPosed-Bridge: 5619 PermLabel 10117 android.permission.CAMERA getCameraInfo args0: 0; args1: android.hardware.Camera$CameraInfo@ba766b7; res= null; stacktrace=java.lang.Exception

08-11 01:22:22.157  5619  7609 I LSPosed-Bridge: 	at com.example.permlabel.hookCamera$1.afterHookedMethod(hookCamera.java:21)

08-11 01:22:22.157  5619  7609 I LSPosed-Bridge: 	at de.robv.android.xposed.XposedBridge$AdditionalHookInfo.callback(Unknown Source:147)

08-11 01:22:22.157  5619  7609 I LSPosed-Bridge: 	at LSPHooker_.getCameraInfo(Unknown Source:15)

08-11 01:22:22.157  5619  7609 I LSPosed-Bridge: 	at R74.e(chromium-Monochrome.aab-stable-579016621:6)

08-11 01:22:22.157  5619  7609 I LSPosed-Bridge: 	at org.chromium.media.VideoCaptureFactory.getFacingMode(chromium-Monochrome.aab-stable-579016621:10)

08-11 01:22:22.158  5619  7609 I LSPosed-Bridge: 5619 PermLabel 10117 android.permission.CAMERA getCameraInfo args0: 0; args1: android.hardware.Camera$CameraInfo@ba766b7; res= null; stacktrace=java.lang.Exception

08-11 01:22:22.158  5619  7609 I LSPosed-Bridge: 	at com.example.permlabel.hookCamera$1.afterHookedMethod(hookCamera.java:21)

08-11 01:22:22.158  5619  7609 I LSPosed-Bridge: 	at de.robv.android.xposed.XposedBridge$AdditionalHookInfo.callback(Unknown Source:147)

08-11 01:22:22.158  5619  7609 I LSPosed-Bridge: 	at LSPHooker_.getCameraInfo(Unknown Source:15)

08-11 01:22:22.158  5619  7609 I LSPosed-Bridge: 	at R74.e(chromium-Monochrome.aab-stable-579016621:6)

08-11 01:22:22.158  5619  7609 I LSPosed-Bridge: 	at org.chromium.media.VideoCaptureFactory.getFacingMode(chromium-Monochrome.aab-stable-579016621:10)

08-11 01:22:22.174   551   551 I ConfigStore: android::hardware::configstore::V1_0::ISurfaceFlingerConfigs::hasHDRDisplay retrieved: 0

08-11 01:22:22.174  1567  5748 I LSPosed-Bridge: 5619 PermLabel 10117 AMS.checkPermission: Binder.getCallingPid() = 910; uid = 10117; Binder.getCallingUid() = 1047; getNameForUid: null; getPackagesForUid: null; permName: android.permission.CAMERA; type = 1; res = -1; stacktrace=java.lang.Exception

08-11 01:22:22.174  1567  5748 I LSPosed-Bridge: 	at com.example.permlabel.requirePerm$1$2.afterHookedMethod(requirePerm.java:145)

08-11 01:22:22.174  1567  5748 I LSPosed-Bridge: 	at de.robv.android.xposed.XposedBridge$AdditionalHookInfo.callback(Unknown Source:147)

08-11 01:22:22.174  1567  5748 I LSPosed-Bridge: 	at LSPHooker_.checkPermission(Unknown Source:25)

08-11 01:22:22.174  1567  5748 I LSPosed-Bridge: 	at com.android.server.am.ActivityManagerService$PermissionController.checkPermission(ActivityManagerService.java:9248)

08-11 01:22:22.174  1567  5748 I LSPosed-Bridge: 	at android.os.IPermissionController$Stub.onTransact(IPermissionController.java:56)

08-11 01:22:22.174  1567  5748 I LSPosed-Bridge: 	at android.os.Binder.execTransact(Binder.java:731)

08-11 01:22:22.280  1567  4964 I LSPosed-Bridge: 5619 PermLabel 10117 AMS.checkPermission: Binder.getCallingPid() = 910; uid = 10117; Binder.getCallingUid() = 1047; getNameForUid: null; getPackagesForUid: null; permName: android.permission.CAMERA; type = 1; res = -1; stacktrace=java.lang.Exception

08-11 01:22:22.280  1567  4964 I LSPosed-Bridge: 	at com.example.permlabel.requirePerm$1$2.afterHookedMethod(requirePerm.java:145)

08-11 01:22:22.280  1567  4964 I LSPosed-Bridge: 	at de.robv.android.xposed.XposedBridge$AdditionalHookInfo.callback(Unknown Source:147)

08-11 01:22:22.280  1567  4964 I LSPosed-Bridge: 	at LSPHooker_.checkPermission(Unknown Source:25)

08-11 01:22:22.280  1567  4964 I LSPosed-Bridge: 	at com.android.server.am.ActivityManagerService$PermissionController.checkPermission(ActivityManagerService.java:9248)

08-11 01:22:22.280  1567  4964 I LSPosed-Bridge: 	at android.os.IPermissionController$Stub.onTransact(IPermissionController.java:56)

08-11 01:22:22.280  1567  4964 I LSPosed-Bridge: 	at android.os.Binder.execTransact(Binder.java:731)

08-11 01:22:22.280   910  4136 W ServiceManager: Permission failure: android.permission.CAMERA from uid=10117 pid=5619

08-11 01:22:22.280   910  4136 E CameraService: Permission Denial: can't use the camera pid=5619, uid=10117

08-11 01:22:22.280  5619  7609 W CameraBase: An error occurred while connecting to camera 0: Status(-8): '1: validateClientPermissionsLocked:906: Caller "net.searchome.designer" (PID 10117, UID 5619) cannot open camera "0" without camera permission'

08-11 01:22:22.280  2249  2264 I FontLog : (REDACTED) Pulling font file for id = %d, cache size = %d

08-11 01:22:22.383  1567  4964 I LSPosed-Bridge: 5619 PermLabel 10117 AMS.checkPermission: Binder.getCallingPid() = 910; uid = 10117; Binder.getCallingUid() = 1047; getNameForUid: null; getPackagesForUid: null; permName: android.permission.CAMERA; type = 1; res = -1; stacktrace=java.lang.Exception

08-11 01:22:22.383  1567  4964 I LSPosed-Bridge: 	at com.example.permlabel.requirePerm$1$2.afterHookedMethod(requirePerm.java:145)

08-11 01:22:22.383  1567  4964 I LSPosed-Bridge: 	at de.robv.android.xposed.XposedBridge$AdditionalHookInfo.callback(Unknown Source:147)

08-11 01:22:22.383  1567  4964 I LSPosed-Bridge: 	at LSPHooker_.checkPermission(Unknown Source:25)

08-11 01:22:22.383  1567  4964 I LSPosed-Bridge: 	at com.android.server.am.ActivityManagerService$PermissionController.checkPermission(ActivityManagerService.java:9248)

08-11 01:22:22.383  1567  4964 I LSPosed-Bridge: 	at android.os.IPermissionController$Stub.onTransact(IPermissionController.java:56)

08-11 01:22:22.383  1567  4964 I LSPosed-Bridge: 	at android.os.Binder.execTransact(Binder.java:731)

08-11 01:22:22.383   910  4136 W ServiceManager: Permission failure: android.permission.CAMERA from uid=10117 pid=5619

08-11 01:22:22.383   910  4136 E CameraService: Permission Denial: can't use the camera pid=5619, uid=10117

08-11 01:22:22.485  1567  5748 I LSPosed-Bridge: 5619 PermLabel 10117 AMS.checkPermission: Binder.getCallingPid() = 910; uid = 10117; Binder.getCallingUid() = 1047; getNameForUid: null; getPackagesForUid: null; permName: android.permission.CAMERA; type = 1; res = -1; stacktrace=java.lang.Exception

08-11 01:22:22.485  1567  5748 I LSPosed-Bridge: 	at com.example.permlabel.requirePerm$1$2.afterHookedMethod(requirePerm.java:145)

08-11 01:22:22.485  1567  5748 I LSPosed-Bridge: 	at de.robv.android.xposed.XposedBridge$AdditionalHookInfo.callback(Unknown Source:147)

08-11 01:22:22.485  1567  5748 I LSPosed-Bridge: 	at LSPHooker_.checkPermission(Unknown Source:25)

08-11 01:22:22.485  1567  5748 I LSPosed-Bridge: 	at com.android.server.am.ActivityManagerService$PermissionController.checkPermission(ActivityManagerService.java:9248)

08-11 01:22:22.485  1567  5748 I LSPosed-Bridge: 	at android.os.IPermissionController$Stub.onTransact(IPermissionController.java:56)

08-11 01:22:22.485  1567  5748 I LSPosed-Bridge: 	at android.os.Binder.execTransact(Binder.java:731)

08-11 01:22:22.485   910  4136 W ServiceManager: Permission failure: android.permission.CAMERA from uid=10117 pid=5619

08-11 01:22:22.485   910  4136 E CameraService: Permission Denial: can't use the camera pid=5619, uid=10117

08-11 01:22:22.485  5619  7609 W CameraBase: An error occurred while connecting to camera 0: Status(-8): '1: validateClientPermissionsLocked:906: Caller "net.searchome.designer" (PID 10117, UID 5619) cannot open camera "0" without camera permission'

08-11 01:22:22.587  1567  4964 I LSPosed-Bridge: 5619 PermLabel 10117 AMS.checkPermission: Binder.getCallingPid() = 910; uid = 10117; Binder.getCallingUid() = 1047; getNameForUid: null; getPackagesForUid: null; permName: android.permission.CAMERA; type = 1; res = -1; stacktrace=java.lang.Exception

08-11 01:22:22.587  1567  4964 I LSPosed-Bridge: 	at com.example.permlabel.requirePerm$1$2.afterHookedMethod(requirePerm.java:145)

