08-11 01:22:22.587  1567  4964 I LSPosed-Bridge: 	at de.robv.android.xposed.XposedBridge$AdditionalHookInfo.callback(Unknown Source:147)

08-11 01:22:22.587  1567  4964 I LSPosed-Bridge: 	at LSPHooker_.checkPermission(Unknown Source:25)

08-11 01:22:22.587  1567  4964 I LSPosed-Bridge: 	at com.android.server.am.ActivityManagerService$PermissionController.checkPermission(ActivityManagerService.java:9248)

08-11 01:22:22.587  1567  4964 I LSPosed-Bridge: 	at android.os.IPermissionController$Stub.onTransact(IPermissionController.java:56)

08-11 01:22:22.587  1567  4964 I LSPosed-Bridge: 	at android.os.Binder.execTransact(Binder.java:731)

08-11 01:22:22.690   551   551 I ConfigStore: android::hardware::configstore::V1_0::ISurfaceFlingerConfigs::hasHDRDisplay retrieved: 0

08-11 01:22:22.690  1567  4964 I LSPosed-Bridge: 5619 PermLabel 10117 AMS.checkPermission: Binder.getCallingPid() = 910; uid = 10117; Binder.getCallingUid() = 1047; getNameForUid: null; getPackagesForUid: null; permName: android.permission.CAMERA; type = 1; res = -1; stacktrace=java.lang.Exception

08-11 01:22:22.690  1567  4964 I LSPosed-Bridge: 	at com.example.permlabel.requirePerm$1$2.afterHookedMethod(requirePerm.java:145)

08-11 01:22:22.690  1567  4964 I LSPosed-Bridge: 	at de.robv.android.xposed.XposedBridge$AdditionalHookInfo.callback(Unknown Source:147)

08-11 01:22:22.690  1567  4964 I LSPosed-Bridge: 	at LSPHooker_.checkPermission(Unknown Source:25)

08-11 01:22:22.690  1567  4964 I LSPosed-Bridge: 	at com.android.server.am.ActivityManagerService$PermissionController.checkPermission(ActivityManagerService.java:9248)

08-11 01:22:22.690  1567  4964 I LSPosed-Bridge: 	at android.os.IPermissionController$Stub.onTransact(IPermissionController.java:56)

08-11 01:22:22.690  1567  4964 I LSPosed-Bridge: 	at android.os.Binder.execTransact(Binder.java:731)

08-11 01:22:22.793  1567  4964 I LSPosed-Bridge: 5619 PermLabel 10117 AMS.checkPermission: Binder.getCallingPid() = 910; uid = 10117; Binder.getCallingUid() = 1047; getNameForUid: null; getPackagesForUid: null; permName: android.permission.CAMERA; type = 1; res = -1; stacktrace=java.lang.Exception

08-11 01:22:22.793  1567  4964 I LSPosed-Bridge: 	at com.example.permlabel.requirePerm$1$2.afterHookedMethod(requirePerm.java:145)

08-11 01:22:22.793  1567  4964 I LSPosed-Bridge: 	at de.robv.android.xposed.XposedBridge$AdditionalHookInfo.callback(Unknown Source:147)

08-11 01:22:22.793  1567  4964 I LSPosed-Bridge: 	at LSPHooker_.checkPermission(Unknown Source:25)

08-11 01:22:22.793  1567  4964 I LSPosed-Bridge: 	at com.android.server.am.ActivityManagerService$PermissionController.checkPermission(ActivityManagerService.java:9248)

08-11 01:22:22.793  1567  4964 I LSPosed-Bridge: 	at android.os.IPermissionController$Stub.onTransact(IPermissionController.java:56)

08-11 01:22:22.793  1567  4964 I LSPosed-Bridge: 	at android.os.Binder.execTransact(Binder.java:731)

08-11 01:22:22.897  1567  5748 I LSPosed-Bridge: 5619 PermLabel 10117 AMS.checkPermission: Binder.getCallingPid() = 910; uid = 10117; Binder.getCallingUid() = 1047; getNameForUid: null; getPackagesForUid: null; permName: android.permission.CAMERA; type = 1; res = -1; stacktrace=java.lang.Exception

08-11 01:22:22.897  1567  5748 I LSPosed-Bridge: 	at com.example.permlabel.requirePerm$1$2.afterHookedMethod(requirePerm.java:145)

08-11 01:22:22.897  1567  5748 I LSPosed-Bridge: 	at de.robv.android.xposed.XposedBridge$AdditionalHookInfo.callback(Unknown Source:147)

08-11 01:22:22.897  1567  5748 I LSPosed-Bridge: 	at LSPHooker_.checkPermission(Unknown Source:25)

08-11 01:22:22.897  1567  5748 I LSPosed-Bridge: 	at com.android.server.am.ActivityManagerService$PermissionController.checkPermission(ActivityManagerService.java:9248)

08-11 01:22:22.897  1567  5748 I LSPosed-Bridge: 	at android.os.IPermissionController$Stub.onTransact(IPermissionController.java:56)

08-11 01:22:22.897  1567  5748 I LSPosed-Bridge: 	at android.os.Binder.execTransact(Binder.java:731)

08-11 01:22:22.897   910  4136 W ServiceManager: Permission failure: android.permission.CAMERA from uid=10117 pid=5619

08-11 01:22:22.897   910  4136 E CameraService: Permission Denial: can't use the camera pid=5619, uid=10117

08-11 01:22:22.897  5619  7609 W CameraBase: An error occurred while connecting to camera 0: Status(-8): '1: validateClientPermissionsLocked:906: Caller "net.searchome.designer" (PID 10117, UID 5619) cannot open camera "0" without camera permission'

08-11 01:22:23.000  1567  4964 I LSPosed-Bridge: 5619 PermLabel 10117 AMS.checkPermission: Binder.getCallingPid() = 910; uid = 10117; Binder.getCallingUid() = 1047; getNameForUid: null; getPackagesForUid: null; permName: android.permission.CAMERA; type = 1; res = -1; stacktrace=java.lang.Exception

08-11 01:22:23.000  1567  4964 I LSPosed-Bridge: 	at com.example.permlabel.requirePerm$1$2.afterHookedMethod(requirePerm.java:145)

08-11 01:22:23.000  1567  4964 I LSPosed-Bridge: 	at de.robv.android.xposed.XposedBridge$AdditionalHookInfo.callback(Unknown Source:147)

08-11 01:22:23.000  1567  4964 I LSPosed-Bridge: 	at LSPHooker_.checkPermission(Unknown Source:25)

08-11 01:22:23.000  1567  4964 I LSPosed-Bridge: 	at com.android.server.am.ActivityManagerService$PermissionController.checkPermission(ActivityManagerService.java:9248)

08-11 01:22:23.000  1567  4964 I LSPosed-Bridge: 	at android.os.IPermissionController$Stub.onTransact(IPermissionController.java:56)

08-11 01:22:23.000  1567  4964 I LSPosed-Bridge: 	at android.os.Binder.execTransact(Binder.java:731)

08-11 01:22:23.000   910  4136 W ServiceManager: Permission failure: android.permission.CAMERA from uid=10117 pid=5619

08-11 01:22:23.000   910  4136 E CameraService: Permission Denial: can't use the camera pid=5619, uid=10117

08-11 01:22:23.016  1567  2681 I LSPosed-Bridge: 5619 PermLabel 10117 AMS.checkPermission: Binder.getCallingPid() = 910; uid = 10117; Binder.getCallingUid() = 1047; getNameForUid: null; getPackagesForUid: null; permName: android.permission.CAMERA; type = 1; res = -1; stacktrace=java.lang.Exception

08-11 01:22:23.016  1567  2681 I LSPosed-Bridge: 	at com.example.permlabel.requirePerm$1$2.afterHookedMethod(requirePerm.java:145)

08-11 01:22:23.016  1567  2681 I LSPosed-Bridge: 	at de.robv.android.xposed.XposedBridge$AdditionalHookInfo.callback(Unknown Source:147)

08-11 01:22:23.016  1567  2681 I LSPosed-Bridge: 	at LSPHooker_.checkPermission(Unknown Source:25)

08-11 01:22:23.016  1567  2681 I LSPosed-Bridge: 	at com.android.server.am.ActivityManagerService$PermissionController.checkPermission(ActivityManagerService.java:9248)

08-11 01:22:23.016  1567  2681 I LSPosed-Bridge: 	at android.os.IPermissionController$Stub.onTransact(IPermissionController.java:56)

08-11 01:22:23.016  1567  2681 I LSPosed-Bridge: 	at android.os.Binder.execTransact(Binder.java:731)

08-11 01:22:23.016   910  4136 W ServiceManager: Permission failure: android.permission.CAMERA from uid=10117 pid=5619

08-11 01:22:23.016   910  4136 E CameraService: Permission Denial: can't use the camera pid=5619, uid=10117

08-11 01:22:23.120  1567  5748 I LSPosed-Bridge: 5619 PermLabel 10117 AMS.checkPermission: Binder.getCallingPid() = 910; uid = 10117; Binder.getCallingUid() = 1047; getNameForUid: null; getPackagesForUid: null; permName: android.permission.CAMERA; type = 1; res = -1; stacktrace=java.lang.Exception

08-11 01:22:23.120  1567  5748 I LSPosed-Bridge: 	at com.example.permlabel.requirePerm$1$2.afterHookedMethod(requirePerm.java:145)

08-11 01:22:23.120  1567  5748 I LSPosed-Bridge: 	at de.robv.android.xposed.XposedBridge$AdditionalHookInfo.callback(Unknown Source:147)

08-11 01:22:23.120  1567  5748 I LSPosed-Bridge: 	at LSPHooker_.checkPermission(Unknown Source:25)

08-11 01:22:23.120  1567  5748 I LSPosed-Bridge: 	at com.android.server.am.ActivityManagerService$PermissionController.checkPermission(ActivityManagerService.java:9248)

08-11 01:22:23.120  1567  5748 I LSPosed-Bridge: 	at android.os.IPermissionController$Stub.onTransact(IPermissionController.java:56)

08-11 01:22:23.120  1567  5748 I LSPosed-Bridge: 	at android.os.Binder.execTransact(Binder.java:731)

08-11 01:22:23.120   910  4136 W ServiceManager: Permission failure: android.permission.CAMERA from uid=10117 pid=5619

08-11 01:22:23.120   910  4136 E CameraService: Permission Denial: can't use the camera pid=5619, uid=10117

08-11 01:22:23.120  5619  7609 W CameraBase: An error occurred while connecting to camera 0: Status(-8): '1: validateClientPermissionsLocked:906: Caller "net.searchome.designer" (PID 10117, UID 5619) cannot open camera "0" without camera permission'

08-11 01:22:23.222  1567  5748 I LSPosed-Bridge: 5619 PermLabel 10117 AMS.checkPermission: Binder.getCallingPid() = 910; uid = 10117; Binder.getCallingUid() = 1047; getNameForUid: null; getPackagesForUid: null; permName: android.permission.CAMERA; type = 1; res = -1; stacktrace=java.lang.Exception

08-11 01:22:23.222  1567  5748 I LSPosed-Bridge: 	at com.example.permlabel.requirePerm$1$2.afterHookedMethod(requirePerm.java:145)

08-11 01:22:23.222  1567  5748 I LSPosed-Bridge: 	at de.robv.android.xposed.XposedBridge$AdditionalHookInfo.callback(Unknown Source:147)

08-11 01:22:23.222  1567  5748 I LSPosed-Bridge: 	at LSPHooker_.checkPermission(Unknown Source:25)

08-11 01:22:23.222  1567  5748 I LSPosed-Bridge: 	at com.android.server.am.ActivityManagerService$PermissionController.checkPermission(ActivityManagerService.java:9248)

08-11 01:22:23.222  1567  5748 I LSPosed-Bridge: 	at android.os.IPermissionController$Stub.onTransact(IPermissionController.java:56)

08-11 01:22:23.222  1567  5748 I LSPosed-Bridge: 	at android.os.Binder.execTransact(Binder.java:731)

08-11 01:22:23.325  1567  1841 I LSPosed-Bridge: 5619 PermLabel 10117 AMS.checkPermission: Binder.getCallingPid() = 910; uid = 10117; Binder.getCallingUid() = 1047; getNameForUid: null; getPackagesForUid: null; permName: android.permission.CAMERA; type = 1; res = -1; stacktrace=java.lang.Exception

08-11 01:22:23.325  1567  1841 I LSPosed-Bridge: 	at com.example.permlabel.requirePerm$1$2.afterHookedMethod(requirePerm.java:145)

08-11 01:22:23.325  1567  1841 I LSPosed-Bridge: 	at de.robv.android.xposed.XposedBridge$AdditionalHookInfo.callback(Unknown Source:147)

08-11 01:22:23.325  1567  1841 I LSPosed-Bridge: 	at LSPHooker_.checkPermission(Unknown Source:25)

08-11 01:22:23.325  1567  1841 I LSPosed-Bridge: 	at com.android.server.am.ActivityManagerService$PermissionController.checkPermission(ActivityManagerService.java:9248)

08-11 01:22:23.325  1567  1841 I LSPosed-Bridge: 	at android.os.IPermissionController$Stub.onTransact(IPermissionController.java:56)

08-11 01:22:23.325  1567  1841 I LSPosed-Bridge: 	at android.os.Binder.execTransact(Binder.java:731)

08-11 01:22:23.325   910  4136 W ServiceManager: Permission failure: android.permission.CAMERA from uid=10117 pid=5619

08-11 01:22:23.325   910  4136 E CameraService: Permission Denial: can't use the camera pid=5619, uid=10117

08-11 01:22:23.428  1567  1841 I LSPosed-Bridge: 5619 PermLabel 10117 AMS.checkPermission: Binder.getCallingPid() = 910; uid = 10117; Binder.getCallingUid() = 1047; getNameForUid: null; getPackagesForUid: null; permName: android.permission.CAMERA; type = 1; res = -1; stacktrace=java.lang.Exception

08-11 01:22:23.428  1567  1841 I LSPosed-Bridge: 	at com.example.permlabel.requirePerm$1$2.afterHookedMethod(requirePerm.java:145)

08-11 01:22:23.428  1567  1841 I LSPosed-Bridge: 	at de.robv.android.xposed.XposedBridge$AdditionalHookInfo.callback(Unknown Source:147)

08-11 01:22:23.428  1567  1841 I LSPosed-Bridge: 	at LSPHooker_.checkPermission(Unknown Source:25)

08-11 01:22:23.428  1567  1841 I LSPosed-Bridge: 	at com.android.server.am.ActivityManagerService$PermissionController.checkPermission(ActivityManagerService.java:9248)

08-11 01:22:23.428  1567  1841 I LSPosed-Bridge: 	at android.os.IPermissionController$Stub.onTransact(IPermissionController.java:56)

08-11 01:22:23.428  1567  1841 I LSPosed-Bridge: 	at android.os.Binder.execTransact(Binder.java:731)

08-11 01:22:23.531   551   551 I ConfigStore: android::hardware::configstore::V1_0::ISurfaceFlingerConfigs::hasHDRDisplay retrieved: 0

08-11 01:22:23.531  5619  5826 I LSPosed-Bridge: 5619 PermLabel hookBinder_test 10117 interfaceBinder =android.content.pm.IPackageManager; arg0 = 13; arg1 = android.os.Parcel@8c64c08; arg2 = android.os.Parcel@5bf0da7; arg3 = 0; res = true; stacktrace=java.lang.Exception

08-11 01:22:23.531  5619  5826 I LSPosed-Bridge: 	at com.example.permlabel.hookBinder_test$1.afterHookedMethod(hookBinder_test.java:70)

08-11 01:22:23.531  5619  5826 I LSPosed-Bridge: 	at de.robv.android.xposed.XposedBridge$AdditionalHookInfo.callback(Unknown Source:147)

08-11 01:22:23.531  5619  5826 I LSPosed-Bridge: 	at LSPHooker_.transact(Unknown Source:28)

08-11 01:22:23.531  5619  5826 I LSPosed-Bridge: 	at android.content.pm.IPackageManager$Stub$Proxy.getApplicationInfo(IPackageManager.java:3104)

08-11 01:22:23.531  5619  5826 I LSPosed-Bridge: 	at android.app.ApplicationPackageManager.getApplicationInfoAsUser(ApplicationPackageManager.java:384)

08-11 01:22:23.531  5619  5826 I LSPosed-Bridge: 	at android.app.ApplicationPackageManager.getApplicationInfo(ApplicationPackageManager.java:377)

08-11 01:22:23.531  5619  5826 I LSPosed-Bridge: 	at m.cr.a(:com.google.android.gms.dynamite_measurementdynamite@233013028@23.30.13 (100400-0):7)

08-11 01:22:23.531  5619  5826 I LSPosed-Bridge: 	at m.ek.c(:com.google.android.gms.dynamite_measurementdynamite@233013028@23.30.13 (100400-0):42)

08-11 01:22:23.531  5619  5826 I LSPosed-Bridge: 	at m.ek.d(:com.google.android.gms.dynamite_measurementdynamite@233013028@23.30.13 (100400-0):4)

08-11 01:22:23.531  5619  5826 I LSPosed-Bridge: 	at m.ek.h(:com.google.android.gms.dynamite_measurementdynamite@233013028@23.30.13 (100400-0):13)

08-11 01:22:23.531  5619  5826 I LSPosed-Bridge: 	at m.ix.a(:com.google.android.gms.dynamite_measurementdynamite@233013028@23.30.13 (100400-0):6)

08-11 01:22:23.531  5619  5826 I LSPosed-Bridge: 	at m.ix.u(:com.google.android.gms.dynamite_measurementdynamite@233013028@23.30.13 (100400-0):1)

08-11 01:22:23.531  5619  5826 I LSPosed-Bridge: 	at m.ly.run(:com.google.android.gms.dynamite_measurementdynamite@233013028@23.30.13 (100400-0):127)

08-11 01:22:23.531  5619  5826 I LSPosed-Bridge: 	at java.util.concurrent.Executors$RunnableAdapter.call(Executors.java:458)

08-11 01:22:23.531  5619  5826 I LSPosed-Bridge: 	at java.util.concurrent.FutureTask.run(FutureTask.java:266)

08-11 01:22:23.531  5619  5826 I LSPosed-Bridge: 	at m.it.run(:com.google.android.gms.dynamite_measurementdynamite@233013028@23.30.13 (100400-0):48)

08-11 01:22:23.531  1567  5748 I LSPosed-Bridge: 5619 PermLabel 10117 AMS.checkPermission: Binder.getCallingPid() = 910; uid = 10117; Binder.getCallingUid() = 1047; getNameForUid: null; getPackagesForUid: null; permName: android.permission.CAMERA; type = 1; res = -1; stacktrace=java.lang.Exception

08-11 01:22:23.531  1567  5748 I LSPosed-Bridge: 	at com.example.permlabel.requirePerm$1$2.afterHookedMethod(requirePerm.java:145)

08-11 01:22:23.531  1567  5748 I LSPosed-Bridge: 	at de.robv.android.xposed.XposedBridge$AdditionalHookInfo.callback(Unknown Source:147)

08-11 01:22:23.531  1567  5748 I LSPosed-Bridge: 	at LSPHooker_.checkPermission(Unknown Source:25)

08-11 01:22:23.531  1567  5748 I LSPosed-Bridge: 	at com.android.server.am.ActivityManagerService$PermissionController.checkPermission(ActivityManagerService.java:9248)

08-11 01:22:23.531  1567  5748 I LSPosed-Bridge: 	at android.os.IPermissionController$Stub.onTransact(IPermissionController.java:56)

08-11 01:22:23.531  1567  5748 I LSPosed-Bridge: 	at android.os.Binder.execTransact(Binder.java:731)

08-11 01:22:23.531   910  4136 W ServiceManager: Permission failure: android.permission.CAMERA from uid=10117 pid=5619

08-11 01:22:23.531   910  4136 E CameraService: Permission Denial: can't use the camera pid=5619, uid=10117

08-11 01:22:23.531   551   551 I ConfigStore: android::hardware::configstore::V1_0::ISurfaceFlingerConfigs::hasHDRDisplay retrieved: 0

08-11 01:22:23.531  5619  5619 I LSPosed-Bridge: 5619 PermLabel hookBinder_test 10117 interfaceBinder =com.google.android.gms.common.internal.IGmsServiceBroker; arg0 = 46; arg1 = android.os.Parcel@4bf1ee4; arg2 = android.os.Parcel@1d93dac; arg3 = 0; res = true; stacktrace=java.lang.Exception

08-11 01:22:23.531  5619  5619 I LSPosed-Bridge: 	at com.example.permlabel.hookBinder_test$1.afterHookedMethod(hookBinder_test.java:70)

08-11 01:22:23.531  5619  5619 I LSPosed-Bridge: 	at de.robv.android.xposed.XposedBridge$AdditionalHookInfo.callback(Unknown Source:147)

08-11 01:22:23.531  5619  5619 I LSPosed-Bridge: 	at LSPHooker_.transact(Unknown Source:28)

08-11 01:22:23.531  5619  5619 I LSPosed-Bridge: 	at m.bn.h(:com.google.android.gms.dynamite_measurementdynamite@233013028@23.30.13 (100400-0):125)

08-11 01:22:23.531  5619  5619 I LSPosed-Bridge: 	at m.bk.a(:com.google.android.gms.dynamite_measurementdynamite@233013028@23.30.13 (100400-0):21)

08-11 01:22:23.531  5619  5619 I LSPosed-Bridge: 	at m.bm.c(:com.google.android.gms.dynamite_measurementdynamite@233013028@23.30.13 (100400-0):7)

08-11 01:22:23.531  5619  5619 I LSPosed-Bridge: 	at m.bg.d(:com.google.android.gms.dynamite_measurementdynamite@233013028@23.30.13 (100400-0):7)

08-11 01:22:23.531  5619  5619 I LSPosed-Bridge: 	at m.bh.handleMessage(:com.google.android.gms.dynamite_measurementdynamite@233013028@23.30.13 (100400-0):322)

08-11 01:22:23.531  5619  5619 I LSPosed-Bridge: 	at android.os.Handler.dispatchMessage(Handler.java:106)

08-11 01:22:23.531  5619  5619 I LSPosed-Bridge: 	at android.os.Looper.loop(Looper.java:193)

08-11 01:22:23.531  5619  5619 I LSPosed-Bridge: 	at android.app.ActivityThread.main(ActivityThread.java:6692)

08-11 01:22:23.531  5619  5619 I LSPosed-Bridge: 	at java.lang.reflect.Method.invoke(Native Method)

08-11 01:22:23.531  5619  5619 I LSPosed-Bridge: 	at com.android.internal.os.RuntimeInit$MethodAndArgsCaller.run(RuntimeInit.java:493)

08-11 01:22:23.531  5619  5619 I LSPosed-Bridge: 	at com.android.internal.os.ZygoteInit.main(ZygoteInit.java:858)

08-11 01:22:23.634   551   551 I ConfigStore: android::hardware::configstore::V1_0::ISurfaceFlingerConfigs::hasHDRDisplay retrieved: 0

08-11 01:22:23.634  1567  3235 I LSPosed-Bridge: 5619 PermLabel 10117 AMS.checkPermission: Binder.getCallingPid() = 910; uid = 10117; Binder.getCallingUid() = 1047; getNameForUid: null; getPackagesForUid: null; permName: android.permission.CAMERA; type = 1; res = -1; stacktrace=java.lang.Exception

08-11 01:22:23.634  1567  3235 I LSPosed-Bridge: 	at com.example.permlabel.requirePerm$1$2.afterHookedMethod(requirePerm.java:145)

08-11 01:22:23.634  1567  3235 I LSPosed-Bridge: 	at de.robv.android.xposed.XposedBridge$AdditionalHookInfo.callback(Unknown Source:147)

08-11 01:22:23.634  1567  3235 I LSPosed-Bridge: 	at LSPHooker_.checkPermission(Unknown Source:25)

08-11 01:22:23.634  1567  3235 I LSPosed-Bridge: 	at com.android.server.am.ActivityManagerService$PermissionController.checkPermission(ActivityManagerService.java:9248)

08-11 01:22:23.634  1567  3235 I LSPosed-Bridge: 	at android.os.IPermissionController$Stub.onTransact(IPermissionController.java:56)

08-11 01:22:23.634  1567  3235 I LSPosed-Bridge: 	at android.os.Binder.execTransact(Binder.java:731)

08-11 01:22:23.738  1567  5748 I LSPosed-Bridge: 5619 PermLabel 10117 AMS.checkPermission: Binder.getCallingPid() = 910; uid = 10117; Binder.getCallingUid() = 1047; getNameForUid: null; getPackagesForUid: null; permName: android.permission.CAMERA; type = 1; res = -1; stacktrace=java.lang.Exception

08-11 01:22:23.738  1567  5748 I LSPosed-Bridge: 	at com.example.permlabel.requirePerm$1$2.afterHookedMethod(requirePerm.java:145)

08-11 01:22:23.738  1567  5748 I LSPosed-Bridge: 	at de.robv.android.xposed.XposedBridge$AdditionalHookInfo.callback(Unknown Source:147)

08-11 01:22:23.738  1567  5748 I LSPosed-Bridge: 	at LSPHooker_.checkPermission(Unknown Source:25)

08-11 01:22:23.738  1567  5748 I LSPosed-Bridge: 	at com.android.server.am.ActivityManagerService$PermissionController.checkPermission(ActivityManagerService.java:9248)

08-11 01:22:23.738  1567  5748 I LSPosed-Bridge: 	at android.os.IPermissionController$Stub.onTransact(IPermissionController.java:56)

08-11 01:22:23.738  1567  5748 I LSPosed-Bridge: 	at android.os.Binder.execTransact(Binder.java:731)

08-11 01:22:23.841  1567  5748 I LSPosed-Bridge: 5619 PermLabel 10117 AMS.checkPermission: Binder.getCallingPid() = 910; uid = 10117; Binder.getCallingUid() = 1047; getNameForUid: null; getPackagesForUid: null; permName: android.permission.CAMERA; type = 1; res = -1; stacktrace=java.lang.Exception

08-11 01:22:23.841  1567  5748 I LSPosed-Bridge: 	at com.example.permlabel.requirePerm$1$2.afterHookedMethod(requirePerm.java:145)

08-11 01:22:23.841  1567  5748 I LSPosed-Bridge: 	at de.robv.android.xposed.XposedBridge$AdditionalHookInfo.callback(Unknown Source:147)

08-11 01:22:23.841  1567  5748 I LSPosed-Bridge: 	at LSPHooker_.checkPermission(Unknown Source:25)

08-11 01:22:23.841  1567  5748 I LSPosed-Bridge: 	at com.android.server.am.ActivityManagerService$PermissionController.checkPermission(ActivityManagerService.java:9248)

08-11 01:22:23.841  1567  5748 I LSPosed-Bridge: 	at android.os.IPermissionController$Stub.onTransact(IPermissionController.java:56)

08-11 01:22:23.841  1567  5748 I LSPosed-Bridge: 	at android.os.Binder.execTransact(Binder.java:731)

08-11 01:22:30.949   551   551 I ConfigStore: android::hardware::configstore::V1_0::ISurfaceFlingerConfigs::hasHDRDisplay retrieved: 0

08-11 01:22:30.949  5619  7609 I LSPosed-Bridge: 5619 PermLabel hookBinder_test 10117 interfaceBinder =android.media.IAudioService; arg0 = 55; arg1 = android.os.Parcel@48a2b50; arg2 = android.os.Parcel@d1126b4; arg3 = 0; res = true; stacktrace=java.lang.Exception

08-11 01:22:30.949  5619  7609 I LSPosed-Bridge: 	at com.example.permlabel.hookBinder_test$1.afterHookedMethod(hookBinder_test.java:70)

08-11 01:22:30.949  5619  7609 I LSPosed-Bridge: 	at de.robv.android.xposed.XposedBridge$AdditionalHookInfo.callback(Unknown Source:147)

08-11 01:22:30.949  5619  7609 I LSPosed-Bridge: 	at LSPHooker_.transact(Unknown Source:28)

08-11 01:22:30.949  5619  7609 I LSPosed-Bridge: 	at android.media.IAudioService$Stub$Proxy.isCameraSoundForced(IAudioService.java:1955)

08-11 01:22:30.949  5619  7609 I LSPosed-Bridge: 	at android.hardware.Camera.getCameraInfo(Camera.java:348)

08-11 01:22:30.949  5619  7609 I LSPosed-Bridge: 	at java.lang.reflect.Method.invoke(Native Method)

08-11 01:22:30.949  5619  7609 I LSPosed-Bridge: 	at org.lsposed.lspd.nativebridge.HookBridge.invokeOriginalMethod(Native Method)

08-11 01:22:30.949  5619  7609 I LSPosed-Bridge: 	at de.robv.android.xposed.XposedBridge$AdditionalHookInfo.callback(Unknown Source:110)

08-11 01:22:30.949  5619  7609 I LSPosed-Bridge: 	at LSPHooker_.getCameraInfo(Unknown Source:15)

08-11 01:22:30.949  5619  7609 I LSPosed-Bridge: 	at R74.e(chromium-Monochrome.aab-stable-579016621:6)

08-11 01:22:30.949  5619  7609 I LSPosed-Bridge: 	at org.chromium.media.VideoCaptureFactory.getDeviceName(chromium-Monochrome.aab-stable-579016621:15)

08-11 01:22:30.949  5619  7609 I LSPosed-Bridge: 5619 PermLabel 10117 android.permission.CAMERA getCameraInfo args0: 1; args1: android.hardware.Camera$CameraInfo@ecbe127; res= null; stacktrace=java.lang.Exception

08-11 01:22:30.949  5619  7609 I LSPosed-Bridge: 	at com.example.permlabel.hookCamera$1.afterHookedMethod(hookCamera.java:21)

08-11 01:22:30.949  5619  7609 I LSPosed-Bridge: 	at de.robv.android.xposed.XposedBridge$AdditionalHookInfo.callback(Unknown Source:147)

08-11 01:22:30.949  5619  7609 I LSPosed-Bridge: 	at LSPHooker_.getCameraInfo(Unknown Source:15)

08-11 01:22:30.949  5619  7609 I LSPosed-Bridge: 	at R74.e(chromium-Monochrome.aab-stable-579016621:6)

08-11 01:22:30.949  5619  7609 I LSPosed-Bridge: 	at org.chromium.media.VideoCaptureFactory.getDeviceName(chromium-Monochrome.aab-stable-579016621:15)

08-11 01:22:30.949   551   551 I ConfigStore: android::hardware::configstore::V1_0::ISurfaceFlingerConfigs::hasHDRDisplay retrieved: 0

08-11 01:22:30.950  5619  7609 I LSPosed-Bridge: 5619 PermLabel 10117 android.permission.CAMERA getCameraInfo args0: 1; args1: android.hardware.Camera$CameraInfo@ecbe127; res= null; stacktrace=java.lang.Exception

08-11 01:22:30.950  5619  7609 I LSPosed-Bridge: 	at com.example.permlabel.hookCamera$1.afterHookedMethod(hookCamera.java:21)

08-11 01:22:30.950  5619  7609 I LSPosed-Bridge: 	at de.robv.android.xposed.XposedBridge$AdditionalHookInfo.callback(Unknown Source:147)

08-11 01:22:30.950  5619  7609 I LSPosed-Bridge: 	at LSPHooker_.getCameraInfo(Unknown Source:15)

08-11 01:22:30.950  5619  7609 I LSPosed-Bridge: 	at R74.e(chromium-Monochrome.aab-stable-579016621:6)

08-11 01:22:30.950  5619  7609 I LSPosed-Bridge: 	at org.chromium.media.VideoCaptureFactory.getDeviceName(chromium-Monochrome.aab-stable-579016621:15)

08-11 01:22:30.984  5619  7609 I LSPosed-Bridge: 5619 PermLabel 10117 android.permission.CAMERA getCameraInfo args0: 1; args1: android.hardware.Camera$CameraInfo@6c58; res= null; stacktrace=java.lang.Exception

08-11 01:22:30.984  5619  7609 I LSPosed-Bridge: 5619 PermLabel 10117 android.permission.CAMERA getCameraInfo args0: 1; args1: android.hardware.Camera$CameraInfo@6c58; res= null; stacktrace=java.lang.Exception

08-11 01:22:30.984  5619  7609 I LSPosed-Bridge: 	at com.example.permlabel.hookCamera$1.afterHookedMethod(hookCamera.java:21)

08-11 01:22:30.984  5619  7609 I LSPosed-Bridge: 	at com.example.permlabel.hookCamera$1.afterHookedMethod(hookCamera.java:21)

08-11 01:22:30.984  5619  7609 I LSPosed-Bridge: 	at de.robv.android.xposed.XposedBridge$AdditionalHookInfo.callback(Unknown Source:147)

08-11 01:22:30.984  5619  7609 I LSPosed-Bridge: 	at de.robv.android.xposed.XposedBridge$AdditionalHookInfo.callback(Unknown Source:147)

08-11 01:22:30.984  5619  7609 I LSPosed-Bridge: 	at LSPHooker_.getCameraInfo(Unknown Source:15)

08-11 01:22:30.984  5619  7609 I LSPosed-Bridge: 	at LSPHooker_.getCameraInfo(Unknown Source:15)

08-11 01:22:30.984  5619  7609 I LSPosed-Bridge: 	at R74.e(chromium-Monochrome.aab-stable-579016621:6)

08-11 01:22:30.984  5619  7609 I LSPosed-Bridge: 	at R74.e(chromium-Monochrome.aab-stable-579016621:6)

08-11 01:22:30.984  5619  7609 I LSPosed-Bridge: 	at org.chromium.media.VideoCaptureFactory.getCaptureApiType(chromium-Monochrome.aab-stable-579016621:8)

08-11 01:22:30.984  5619  7609 I LSPosed-Bridge: 	at org.chromium.media.VideoCaptureFactory.getCaptureApiType(chromium-Monochrome.aab-stable-579016621:8)

08-11 01:22:30.984  5619  7609 I LSPosed-Bridge: 5619 PermLabel 10117 android.permission.CAMERA getCameraInfo args0: 1; args1: android.hardware.Camera$CameraInfo@6c58; res= null; stacktrace=java.lang.Exception

08-11 01:22:30.984  5619  7609 I LSPosed-Bridge: 5619 PermLabel 10117 android.permission.CAMERA getCameraInfo args0: 1; args1: android.hardware.Camera$CameraInfo@6c58; res= null; stacktrace=java.lang.Exception

08-11 01:22:30.984  5619  7609 I LSPosed-Bridge: 	at com.example.permlabel.hookCamera$1.afterHookedMethod(hookCamera.java:21)

08-11 01:22:30.984  5619  7609 I LSPosed-Bridge: 	at com.example.permlabel.hookCamera$1.afterHookedMethod(hookCamera.java:21)

08-11 01:22:30.984  5619  7609 I LSPosed-Bridge: 	at de.robv.android.xposed.XposedBridge$AdditionalHookInfo.callback(Unknown Source:147)

08-11 01:22:30.984  5619  7609 I LSPosed-Bridge: 	at de.robv.android.xposed.XposedBridge$AdditionalHookInfo.callback(Unknown Source:147)

08-11 01:22:30.984  5619  7609 I LSPosed-Bridge: 	at LSPHooker_.getCameraInfo(Unknown Source:15)

08-11 01:22:30.984  5619  7609 I LSPosed-Bridge: 	at LSPHooker_.getCameraInfo(Unknown Source:15)

08-11 01:22:30.984  5619  7609 I LSPosed-Bridge: 	at R74.e(chromium-Monochrome.aab-stable-579016621:6)

08-11 01:22:30.984  5619  7609 I LSPosed-Bridge: 	at R74.e(chromium-Monochrome.aab-stable-579016621:6)

08-11 01:22:30.984  5619  7609 I LSPosed-Bridge: 	at org.chromium.media.VideoCaptureFactory.getCaptureApiType(chromium-Monochrome.aab-stable-579016621:8)

08-11 01:22:30.984  5619  7609 I LSPosed-Bridge: 	at org.chromium.media.VideoCaptureFactory.getCaptureApiType(chromium-Monochrome.aab-stable-579016621:8)

08-11 01:22:31.004  5619  7609 I LSPosed-Bridge: 5619 PermLabel hookBinder_test 10117 interfaceBinder =android.media.IAudioService; arg0 = 55; arg1 = android.os.Parcel@429a59b; arg2 = android.os.Parcel@48a2b50; arg3 = 0; res = true; stacktrace=java.lang.Exception

08-11 01:22:31.004  5619  7609 I LSPosed-Bridge: 5619 PermLabel hookBinder_test 10117 interfaceBinder =android.media.IAudioService; arg0 = 55; arg1 = android.os.Parcel@429a59b; arg2 = android.os.Parcel@48a2b50; arg3 = 0; res = true; stacktrace=java.lang.Exception

08-11 01:22:31.004  5619  7609 I LSPosed-Bridge: 	at com.example.permlabel.hookBinder_test$1.afterHookedMethod(hookBinder_test.java:70)

08-11 01:22:31.004  5619  7609 I LSPosed-Bridge: 	at com.example.permlabel.hookBinder_test$1.afterHookedMethod(hookBinder_test.java:70)

08-11 01:22:31.004  5619  7609 I LSPosed-Bridge: 	at de.robv.android.xposed.XposedBridge$AdditionalHookInfo.callback(Unknown Source:147)

08-11 01:22:31.004  5619  7609 I LSPosed-Bridge: 	at de.robv.android.xposed.XposedBridge$AdditionalHookInfo.callback(Unknown Source:147)

08-11 01:22:31.004  5619  7609 I LSPosed-Bridge: 	at LSPHooker_.transact(Unknown Source:28)

08-11 01:22:31.004  5619  7609 I LSPosed-Bridge: 	at LSPHooker_.transact(Unknown Source:28)

08-11 01:22:31.004  5619  7609 I LSPosed-Bridge: 	at android.media.IAudioService$Stub$Proxy.isCameraSoundForced(IAudioService.java:1955)

08-11 01:22:31.004  5619  7609 I LSPosed-Bridge: 	at android.media.IAudioService$Stub$Proxy.isCameraSoundForced(IAudioService.java:1955)

08-11 01:22:31.004  5619  7609 I LSPosed-Bridge: 	at android.hardware.Camera.getCameraInfo(Camera.java:348)

08-11 01:22:31.004  5619  7609 I LSPosed-Bridge: 	at android.hardware.Camera.getCameraInfo(Camera.java:348)

08-11 01:22:31.004  5619  7609 I LSPosed-Bridge: 	at java.lang.reflect.Method.invoke(Native Method)

08-11 01:22:31.004  5619  7609 I LSPosed-Bridge: 	at java.lang.reflect.Method.invoke(Native Method)

08-11 01:22:31.004  5619  7609 I LSPosed-Bridge: 	at org.lsposed.lspd.nativebridge.HookBridge.invokeOriginalMethod(Native Method)

08-11 01:22:31.004  5619  7609 I LSPosed-Bridge: 	at org.lsposed.lspd.nativebridge.HookBridge.invokeOriginalMethod(Native Method)

08-11 01:22:31.004  5619  7609 I LSPosed-Bridge: 	at de.robv.android.xposed.XposedBridge$AdditionalHookInfo.callback(Unknown Source:110)

08-11 01:22:31.004  5619  7609 I LSPosed-Bridge: 	at de.robv.android.xposed.XposedBridge$AdditionalHookInfo.callback(Unknown Source:110)

08-11 01:22:31.004  5619  7609 I LSPosed-Bridge: 	at LSPHooker_.getCameraInfo(Unknown Source:15)

08-11 01:22:31.004  5619  7609 I LSPosed-Bridge: 	at LSPHooker_.getCameraInfo(Unknown Source:15)

08-11 01:22:31.004  5619  7609 I LSPosed-Bridge: 	at R74.e(chromium-Monochrome.aab-stable-579016621:6)

08-11 01:22:31.004  5619  7609 I LSPosed-Bridge: 	at R74.e(chromium-Monochrome.aab-stable-579016621:6)

08-11 01:22:31.004  5619  7609 I LSPosed-Bridge: 	at org.chromium.media.VideoCaptureFactory.getFacingMode(chromium-Monochrome.aab-stable-579016621:10)

08-11 01:22:31.004  5619  7609 I LSPosed-Bridge: 	at org.chromium.media.VideoCaptureFactory.getFacingMode(chromium-Monochrome.aab-stable-579016621:10)

08-11 01:22:31.004   551   551 I ConfigStore: android::hardware::configstore::V1_0::ISurfaceFlingerConfigs::hasHDRDisplay retrieved: 0

08-11 01:22:31.004   551   551 I ConfigStore: android::hardware::configstore::V1_0::ISurfaceFlingerConfigs::hasHDRDisplay retrieved: 0

08-11 01:22:31.004  5619  7609 I LSPosed-Bridge: 5619 PermLabel 10117 android.permission.CAMERA getCameraInfo args0: 1; args1: android.hardware.Camera$CameraInfo@541db2b; res= null; stacktrace=java.lang.Exception

08-11 01:22:31.004  5619  7609 I LSPosed-Bridge: 5619 PermLabel 10117 android.permission.CAMERA getCameraInfo args0: 1; args1: android.hardware.Camera$CameraInfo@541db2b; res= null; stacktrace=java.lang.Exception

08-11 01:22:31.004  5619  7609 I LSPosed-Bridge: 	at com.example.permlabel.hookCamera$1.afterHookedMethod(hookCamera.java:21)

08-11 01:22:31.004  5619  7609 I LSPosed-Bridge: 	at com.example.permlabel.hookCamera$1.afterHookedMethod(hookCamera.java:21)

08-11 01:22:31.004  5619  7609 I LSPosed-Bridge: 	at de.robv.android.xposed.XposedBridge$AdditionalHookInfo.callback(Unknown Source:147)

08-11 01:22:31.004  5619  7609 I LSPosed-Bridge: 	at de.robv.android.xposed.XposedBridge$AdditionalHookInfo.callback(Unknown Source:147)

08-11 01:22:31.004  5619  7609 I LSPosed-Bridge: 	at LSPHooker_.getCameraInfo(Unknown Source:15)

08-11 01:22:31.004  5619  7609 I LSPosed-Bridge: 	at LSPHooker_.getCameraInfo(Unknown Source:15)

08-11 01:22:31.004  5619  7609 I LSPosed-Bridge: 	at R74.e(chromium-Monochrome.aab-stable-579016621:6)

08-11 01:22:31.004  5619  7609 I LSPosed-Bridge: 	at R74.e(chromium-Monochrome.aab-stable-579016621:6)

08-11 01:22:31.004  5619  7609 I LSPosed-Bridge: 	at org.chromium.media.VideoCaptureFactory.getFacingMode(chromium-Monochrome.aab-stable-579016621:10)

08-11 01:22:31.004  5619  7609 I LSPosed-Bridge: 	at org.chromium.media.VideoCaptureFactory.getFacingMode(chromium-Monochrome.aab-stable-579016621:10)

08-11 01:22:31.004  5619  7609 I LSPosed-Bridge: 5619 PermLabel 10117 android.permission.CAMERA getCameraInfo args0: 1; args1: android.hardware.Camera$CameraInfo@541db2b; res= null; stacktrace=java.lang.Exception

08-11 01:22:31.004  5619  7609 I LSPosed-Bridge: 5619 PermLabel 10117 android.permission.CAMERA getCameraInfo args0: 1; args1: android.hardware.Camera$CameraInfo@541db2b; res= null; stacktrace=java.lang.Exception

08-11 01:22:31.004  5619  7609 I LSPosed-Bridge: 	at com.example.permlabel.hookCamera$1.afterHookedMethod(hookCamera.java:21)

08-11 01:22:31.004  5619  7609 I LSPosed-Bridge: 	at com.example.permlabel.hookCamera$1.afterHookedMethod(hookCamera.java:21)

08-11 01:22:31.004  5619  7609 I LSPosed-Bridge: 	at de.robv.android.xposed.XposedBridge$AdditionalHookInfo.callback(Unknown Source:147)

08-11 01:22:31.004  5619  7609 I LSPosed-Bridge: 	at de.robv.android.xposed.XposedBridge$AdditionalHookInfo.callback(Unknown Source:147)

08-11 01:22:31.004  5619  7609 I LSPosed-Bridge: 	at LSPHooker_.getCameraInfo(Unknown Source:15)

08-11 01:22:31.004  5619  7609 I LSPosed-Bridge: 	at LSPHooker_.getCameraInfo(Unknown Source:15)

08-11 01:22:31.004  5619  7609 I LSPosed-Bridge: 	at R74.e(chromium-Monochrome.aab-stable-579016621:6)

08-11 01:22:31.004  5619  7609 I LSPosed-Bridge: 	at R74.e(chromium-Monochrome.aab-stable-579016621:6)

08-11 01:22:31.004  5619  7609 I LSPosed-Bridge: 	at org.chromium.media.VideoCaptureFactory.getFacingMode(chromium-Monochrome.aab-stable-579016621:10)

08-11 01:22:31.004  5619  7609 I LSPosed-Bridge: 	at org.chromium.media.VideoCaptureFactory.getFacingMode(chromium-Monochrome.aab-stable-579016621:10)

08-11 01:22:31.029  5619  7609 I LSPosed-Bridge: 5619 PermLabel 10117 android.permission.CAMERA getCameraInfo args0: 0; args1: android.hardware.Camera$CameraInfo@c8853a0; res= null; stacktrace=java.lang.Exception

08-11 01:22:31.029  5619  7609 I LSPosed-Bridge: 5619 PermLabel 10117 android.permission.CAMERA getCameraInfo args0: 0; args1: android.hardware.Camera$CameraInfo@c8853a0; res= null; stacktrace=java.lang.Exception

08-11 01:22:31.029  5619  7609 I LSPosed-Bridge: 	at com.example.permlabel.hookCamera$1.afterHookedMethod(hookCamera.java:21)

08-11 01:22:31.029  5619  7609 I LSPosed-Bridge: 	at com.example.permlabel.hookCamera$1.afterHookedMethod(hookCamera.java:21)

08-11 01:22:31.029  5619  7609 I LSPosed-Bridge: 	at de.robv.android.xposed.XposedBridge$AdditionalHookInfo.callback(Unknown Source:147)

08-11 01:22:31.029  5619  7609 I LSPosed-Bridge: 	at de.robv.android.xposed.XposedBridge$AdditionalHookInfo.callback(Unknown Source:147)

08-11 01:22:31.029  5619  7609 I LSPosed-Bridge: 	at LSPHooker_.getCameraInfo(Unknown Source:15)

08-11 01:22:31.029  5619  7609 I LSPosed-Bridge: 	at LSPHooker_.getCameraInfo(Unknown Source:15)

08-11 01:22:31.029  5619  7609 I LSPosed-Bridge: 	at R74.e(chromium-Monochrome.aab-stable-579016621:6)

08-11 01:22:31.029  5619  7609 I LSPosed-Bridge: 	at R74.e(chromium-Monochrome.aab-stable-579016621:6)

08-11 01:22:31.029  5619  7609 I LSPosed-Bridge: 	at org.chromium.media.VideoCaptureFactory.getDeviceName(chromium-Monochrome.aab-stable-579016621:15)

08-11 01:22:31.029  5619  7609 I LSPosed-Bridge: 	at org.chromium.media.VideoCaptureFactory.getDeviceName(chromium-Monochrome.aab-stable-579016621:15)

08-11 01:22:31.029   551   551 I ConfigStore: android::hardware::configstore::V1_0::ISurfaceFlingerConfigs::hasHDRDisplay retrieved: 0

08-11 01:22:31.029   551   551 I ConfigStore: android::hardware::configstore::V1_0::ISurfaceFlingerConfigs::hasHDRDisplay retrieved: 0

08-11 01:22:31.029  5619  7609 I LSPosed-Bridge: 5619 PermLabel 10117 android.permission.CAMERA getCameraInfo args0: 0; args1: android.hardware.Camera$CameraInfo@c8853a0; res= null; stacktrace=java.lang.Exception

08-11 01:22:31.029  5619  7609 I LSPosed-Bridge: 5619 PermLabel 10117 android.permission.CAMERA getCameraInfo args0: 0; args1: android.hardware.Camera$CameraInfo@c8853a0; res= null; stacktrace=java.lang.Exception

08-11 01:22:31.029  5619  7609 I LSPosed-Bridge: 	at com.example.permlabel.hookCamera$1.afterHookedMethod(hookCamera.java:21)

08-11 01:22:31.029  5619  7609 I LSPosed-Bridge: 	at com.example.permlabel.hookCamera$1.afterHookedMethod(hookCamera.java:21)

08-11 01:22:31.029  5619  7609 I LSPosed-Bridge: 	at de.robv.android.xposed.XposedBridge$AdditionalHookInfo.callback(Unknown Source:147)

08-11 01:22:31.029  5619  7609 I LSPosed-Bridge: 	at de.robv.android.xposed.XposedBridge$AdditionalHookInfo.callback(Unknown Source:147)

08-11 01:22:31.029  5619  7609 I LSPosed-Bridge: 	at LSPHooker_.getCameraInfo(Unknown Source:15)

08-11 01:22:31.029  5619  7609 I LSPosed-Bridge: 	at LSPHooker_.getCameraInfo(Unknown Source:15)

08-11 01:22:31.029  5619  7609 I LSPosed-Bridge: 	at R74.e(chromium-Monochrome.aab-stable-579016621:6)

08-11 01:22:31.029  5619  7609 I LSPosed-Bridge: 	at R74.e(chromium-Monochrome.aab-stable-579016621:6)

08-11 01:22:31.029  5619  7609 I LSPosed-Bridge: 	at org.chromium.media.VideoCaptureFactory.getDeviceName(chromium-Monochrome.aab-stable-579016621:15)

08-11 01:22:31.029  5619  7609 I LSPosed-Bridge: 	at org.chromium.media.VideoCaptureFactory.getDeviceName(chromium-Monochrome.aab-stable-579016621:15)

08-11 01:22:31.070  5619  5619 I LSPosed-Bridge: 5619 PermLabel hookBinder_test 10117 interfaceBinder =android.view.accessibility.IAccessibilityInteractionConnectionCallback; arg0 = 2; arg1 = android.os.Parcel@429a59b; arg2 = null; arg3 = 1; res = true; stacktrace=java.lang.Exception

08-11 01:22:31.070  5619  5619 I LSPosed-Bridge: 5619 PermLabel hookBinder_test 10117 interfaceBinder =android.view.accessibility.IAccessibilityInteractionConnectionCallback; arg0 = 2; arg1 = android.os.Parcel@429a59b; arg2 = null; arg3 = 1; res = true; stacktrace=java.lang.Exception

08-11 01:22:31.070  5619  5619 I LSPosed-Bridge: 	at com.example.permlabel.hookBinder_test$1.afterHookedMethod(hookBinder_test.java:70)

08-11 01:22:31.070  5619  5619 I LSPosed-Bridge: 	at com.example.permlabel.hookBinder_test$1.afterHookedMethod(hookBinder_test.java:70)

08-11 01:22:31.070  5619  5619 I LSPosed-Bridge: 	at de.robv.android.xposed.XposedBridge$AdditionalHookInfo.callback(Unknown Source:147)

08-11 01:22:31.070  5619  5619 I LSPosed-Bridge: 	at de.robv.android.xposed.XposedBridge$AdditionalHookInfo.callback(Unknown Source:147)

08-11 01:22:31.070  5619  5619 I LSPosed-Bridge: 	at LSPHooker_.transact(Unknown Source:28)

08-11 01:22:31.070  5619  5619 I LSPosed-Bridge: 	at LSPHooker_.transact(Unknown Source:28)

08-11 01:22:31.070  5619  5619 I LSPosed-Bridge: 	at android.view.accessibility.IAccessibilityInteractionConnectionCallback$Stub$Proxy.setFindAccessibilityNodeInfosResult(IAccessibilityInteractionConnectionCallback.java:146)

08-11 01:22:31.070  5619  5619 I LSPosed-Bridge: 	at android.view.accessibility.IAccessibilityInteractionConnectionCallback$Stub$Proxy.setFindAccessibilityNodeInfosResult(IAccessibilityInteractionConnectionCallback.java:146)

08-11 01:22:31.070  5619  5619 I LSPosed-Bridge: 	at android.view.AccessibilityInteractionController.updateInfosForViewportAndReturnFindNodeResult(AccessibilityInteractionController.java:869)

08-11 01:22:31.070  5619  5619 I LSPosed-Bridge: 	at android.view.AccessibilityInteractionController.updateInfosForViewportAndReturnFindNodeResult(AccessibilityInteractionController.java:869)

08-11 01:22:31.070  5619  5619 I LSPosed-Bridge: 	at android.view.AccessibilityInteractionController.findAccessibilityNodeInfoByAccessibilityIdUiThread(AccessibilityInteractionController.java:340)

08-11 01:22:31.070  5619  5619 I LSPosed-Bridge: 	at android.view.AccessibilityInteractionController.findAccessibilityNodeInfoByAccessibilityIdUiThread(AccessibilityInteractionController.java:340)

08-11 01:22:31.070  5619  5619 I LSPosed-Bridge: 	at android.view.AccessibilityInteractionController.access$400(AccessibilityInteractionController.java:67)

08-11 01:22:31.070  5619  5619 I LSPosed-Bridge: 	at android.view.AccessibilityInteractionController.access$400(AccessibilityInteractionController.java:67)

08-11 01:22:31.070  5619  5619 I LSPosed-Bridge: 	at android.view.AccessibilityInteractionController$PrivateHandler.handleMessage(AccessibilityInteractionController.java:1324)

08-11 01:22:31.070  5619  5619 I LSPosed-Bridge: 	at android.view.AccessibilityInteractionController$PrivateHandler.handleMessage(AccessibilityInteractionController.java:1324)

08-11 01:22:31.070  5619  5619 I LSPosed-Bridge: 	at android.os.Handler.dispatchMessage(Handler.java:106)

08-11 01:22:31.070  5619  5619 I LSPosed-Bridge: 	at android.os.Handler.dispatchMessage(Handler.java:106)

08-11 01:22:31.070  5619  5619 I LSPosed-Bridge: 	at android.os.Looper.loop(Looper.java:193)

08-11 01:22:31.070  5619  5619 I LSPosed-Bridge: 	at android.os.Looper.loop(Looper.java:193)

08-11 01:22:31.070  5619  5619 I LSPosed-Bridge: 	at android.app.ActivityThread.main(ActivityThread.java:6692)

08-11 01:22:31.070  5619  5619 I LSPosed-Bridge: 	at android.app.ActivityThread.main(ActivityThread.java:6692)

08-11 01:22:31.070  5619  5619 I LSPosed-Bridge: 	at java.lang.reflect.Method.invoke(Native Method)

08-11 01:22:31.070  5619  5619 I LSPosed-Bridge: 	at java.lang.reflect.Method.invoke(Native Method)

08-11 01:22:31.070  5619  5619 I LSPosed-Bridge: 	at com.android.internal.os.RuntimeInit$MethodAndArgsCaller.run(RuntimeInit.java:493)

08-11 01:22:31.070  5619  5619 I LSPosed-Bridge: 	at com.android.internal.os.RuntimeInit$MethodAndArgsCaller.run(RuntimeInit.java:493)

08-11 01:22:31.070  5619  5619 I LSPosed-Bridge: 	at com.android.internal.os.ZygoteInit.main(ZygoteInit.java:858)

08-11 01:22:31.070  5619  5619 I LSPosed-Bridge: 	at com.android.internal.os.ZygoteInit.main(ZygoteInit.java:858)

08-11 01:22:31.070  5619  7609 I LSPosed-Bridge: 5619 PermLabel 10117 android.permission.CAMERA getCameraInfo args0: 0; args1: android.hardware.Camera$CameraInfo@2a7e4d0; res= null; stacktrace=java.lang.Exception

08-11 01:22:31.070  5619  7609 I LSPosed-Bridge: 5619 PermLabel 10117 android.permission.CAMERA getCameraInfo args0: 0; args1: android.hardware.Camera$CameraInfo@2a7e4d0; res= null; stacktrace=java.lang.Exception

08-11 01:22:31.070  5619  7609 I LSPosed-Bridge: 	at com.example.permlabel.hookCamera$1.afterHookedMethod(hookCamera.java:21)

08-11 01:22:31.070  5619  7609 I LSPosed-Bridge: 	at com.example.permlabel.hookCamera$1.afterHookedMethod(hookCamera.java:21)

08-11 01:22:31.070  5619  7609 I LSPosed-Bridge: 	at de.robv.android.xposed.XposedBridge$AdditionalHookInfo.callback(Unknown Source:147)

08-11 01:22:31.070  5619  7609 I LSPosed-Bridge: 	at de.robv.android.xposed.XposedBridge$AdditionalHookInfo.callback(Unknown Source:147)

08-11 01:22:31.070  5619  7609 I LSPosed-Bridge: 	at LSPHooker_.getCameraInfo(Unknown Source:15)

08-11 01:22:31.070  5619  7609 I LSPosed-Bridge: 	at LSPHooker_.getCameraInfo(Unknown Source:15)

08-11 01:22:31.070  5619  7609 I LSPosed-Bridge: 	at R74.e(chromium-Monochrome.aab-stable-579016621:6)

08-11 01:22:31.070  5619  7609 I LSPosed-Bridge: 	at R74.e(chromium-Monochrome.aab-stable-579016621:6)

08-11 01:22:31.070  5619  7609 I LSPosed-Bridge: 	at org.chromium.media.VideoCaptureFactory.getCaptureApiType(chromium-Monochrome.aab-stable-579016621:8)

08-11 01:22:31.070  5619  7609 I LSPosed-Bridge: 	at org.chromium.media.VideoCaptureFactory.getCaptureApiType(chromium-Monochrome.aab-stable-579016621:8)

08-11 01:22:31.070   551   551 I ConfigStore: android::hardware::configstore::V1_0::ISurfaceFlingerConfigs::hasHDRDisplay retrieved: 0

08-11 01:22:31.070   551   551 I ConfigStore: android::hardware::configstore::V1_0::ISurfaceFlingerConfigs::hasHDRDisplay retrieved: 0

08-11 01:22:31.070  5619  7609 I LSPosed-Bridge: 5619 PermLabel 10117 android.permission.CAMERA getCameraInfo args0: 0; args1: android.hardware.Camera$CameraInfo@2a7e4d0; res= null; stacktrace=java.lang.Exception

08-11 01:22:31.070  5619  7609 I LSPosed-Bridge: 5619 PermLabel 10117 android.permission.CAMERA getCameraInfo args0: 0; args1: android.hardware.Camera$CameraInfo@2a7e4d0; res= null; stacktrace=java.lang.Exception

08-11 01:22:31.070  5619  7609 I LSPosed-Bridge: 	at com.example.permlabel.hookCamera$1.afterHookedMethod(hookCamera.java:21)

08-11 01:22:31.070  5619  7609 I LSPosed-Bridge: 	at com.example.permlabel.hookCamera$1.afterHookedMethod(hookCamera.java:21)

08-11 01:22:31.070  5619  7609 I LSPosed-Bridge: 	at de.robv.android.xposed.XposedBridge$AdditionalHookInfo.callback(Unknown Source:147)

08-11 01:22:31.070  5619  7609 I LSPosed-Bridge: 	at de.robv.android.xposed.XposedBridge$AdditionalHookInfo.callback(Unknown Source:147)

08-11 01:22:31.070  5619  7609 I LSPosed-Bridge: 	at LSPHooker_.getCameraInfo(Unknown Source:15)

08-11 01:22:31.070  5619  7609 I LSPosed-Bridge: 	at LSPHooker_.getCameraInfo(Unknown Source:15)

08-11 01:22:31.070  5619  7609 I LSPosed-Bridge: 	at R74.e(chromium-Monochrome.aab-stable-579016621:6)

08-11 01:22:31.070  5619  7609 I LSPosed-Bridge: 	at R74.e(chromium-Monochrome.aab-stable-579016621:6)

08-11 01:22:31.070  5619  7609 I LSPosed-Bridge: 	at org.chromium.media.VideoCaptureFactory.getCaptureApiType(chromium-Monochrome.aab-stable-579016621:8)

08-11 01:22:31.070  5619  7609 I LSPosed-Bridge: 	at org.chromium.media.VideoCaptureFactory.getCaptureApiType(chromium-Monochrome.aab-stable-579016621:8)

08-11 01:22:31.088  5619  7609 I LSPosed-Bridge: 5619 PermLabel 10117 android.permission.CAMERA getCameraInfo args0: 0; args1: android.hardware.Camera$CameraInfo@b697c01; res= null; stacktrace=java.lang.Exception

08-11 01:22:31.088  5619  7609 I LSPosed-Bridge: 5619 PermLabel 10117 android.permission.CAMERA getCameraInfo args0: 0; args1: android.hardware.Camera$CameraInfo@b697c01; res= null; stacktrace=java.lang.Exception

08-11 01:22:31.088  5619  7609 I LSPosed-Bridge: 	at com.example.permlabel.hookCamera$1.afterHookedMethod(hookCamera.java:21)

08-11 01:22:31.088  5619  7609 I LSPosed-Bridge: 	at com.example.permlabel.hookCamera$1.afterHookedMethod(hookCamera.java:21)

08-11 01:22:31.088  5619  7609 I LSPosed-Bridge: 	at de.robv.android.xposed.XposedBridge$AdditionalHookInfo.callback(Unknown Source:147)

08-11 01:22:31.088  5619  7609 I LSPosed-Bridge: 	at de.robv.android.xposed.XposedBridge$AdditionalHookInfo.callback(Unknown Source:147)

08-11 01:22:31.088  5619  7609 I LSPosed-Bridge: 	at LSPHooker_.getCameraInfo(Unknown Source:15)

08-11 01:22:31.088  5619  7609 I LSPosed-Bridge: 	at LSPHooker_.getCameraInfo(Unknown Source:15)

08-11 01:22:31.088  5619  7609 I LSPosed-Bridge: 	at R74.e(chromium-Monochrome.aab-stable-579016621:6)

08-11 01:22:31.088  5619  7609 I LSPosed-Bridge: 	at R74.e(chromium-Monochrome.aab-stable-579016621:6)

08-11 01:22:31.088  5619  7609 I LSPosed-Bridge: 	at org.chromium.media.VideoCaptureFactory.getFacingMode(chromium-Monochrome.aab-stable-579016621:10)

08-11 01:22:31.088  5619  7609 I LSPosed-Bridge: 	at org.chromium.media.VideoCaptureFactory.getFacingMode(chromium-Monochrome.aab-stable-579016621:10)

08-11 01:22:31.088  5619  5619 I LSPosed-Bridge: 5619 PermLabel hookBinder_test 10117 interfaceBinder =android.view.accessibility.IAccessibilityInteractionConnectionCallback; arg0 = 2; arg1 = android.os.Parcel@48a2b50; arg2 = null; arg3 = 1; res = true; stacktrace=java.lang.Exception

08-11 01:22:31.088  5619  5619 I LSPosed-Bridge: 5619 PermLabel hookBinder_test 10117 interfaceBinder =android.view.accessibility.IAccessibilityInteractionConnectionCallback; arg0 = 2; arg1 = android.os.Parcel@48a2b50; arg2 = null; arg3 = 1; res = true; stacktrace=java.lang.Exception

08-11 01:22:31.088  5619  5619 I LSPosed-Bridge: 	at com.example.permlabel.hookBinder_test$1.afterHookedMethod(hookBinder_test.java:70)

08-11 01:22:31.088  5619  5619 I LSPosed-Bridge: 	at com.example.permlabel.hookBinder_test$1.afterHookedMethod(hookBinder_test.java:70)

08-11 01:22:31.088  5619  5619 I LSPosed-Bridge: 	at de.robv.android.xposed.XposedBridge$AdditionalHookInfo.callback(Unknown Source:147)

08-11 01:22:31.088  5619  5619 I LSPosed-Bridge: 	at de.robv.android.xposed.XposedBridge$AdditionalHookInfo.callback(Unknown Source:147)

08-11 01:22:31.088  5619  5619 I LSPosed-Bridge: 	at LSPHooker_.transact(Unknown Source:28)

