07-18 05:52:50.139  7198  7908 I LSPosed-Bridge: 	at com.bytedance.retrofit2.SsHttpCall.getResponseWithInterceptorChain(SsHttpCall.java:297)

07-18 05:52:50.139  7198  7908 I LSPosed-Bridge: 	at com.bytedance.retrofit2.SsHttpCall.execute(SsHttpCall.java:85)

07-18 05:52:50.139  7198  7908 I LSPosed-Bridge: 	at com.bytedance.retrofit2.j$a.execute(ExecutorCallAdapterFactory.java:114)

07-18 05:52:50.139  7198  7908 I LSPosed-Bridge: 	at com.lm.components.network.b.a.a(DownloadClient.kt:111)

07-18 05:52:50.139  7198  7908 I LSPosed-Bridge: 	at com.lm.components.network.b.a.a(DownloadClient.kt:56)

07-18 05:52:50.139  7198  7908 I LSPosed-Bridge: 	at com.lm.components.network.b.b.a(Downloader.kt:32)

07-18 05:52:50.139  7198  7908 I LSPosed-Bridge: 	at com.lm.components.network.i.a(Unknown Source:12)

07-18 05:52:50.139  7198  7908 I LSPosed-Bridge: 	at com.xt.retouch.effect.m$a.a(EffectManagerPolicy.kt:185)

07-18 05:52:50.139  7198  7908 I LSPosed-Bridge: 	at com.xt.retouch.effect.m$a.a(EffectManagerPolicy.kt:149)

07-18 05:52:50.139  7198  7908 I LSPosed-Bridge: 	at com.ss.ugc.effectplatform.d.d.a(DownloadManager.kt:77)

07-18 05:52:50.139  7198  7908 I LSPosed-Bridge: 	at com.ss.ugc.effectplatform.d.a.a(AlgorithmDownloader.kt:52)

07-18 05:52:50.139  7198  7908 I LSPosed-Bridge: 	at com.ss.ugc.effectplatform.task.a.c.a(FetchModelTask.kt:132)

07-18 05:52:50.139  7198  7908 I LSPosed-Bridge: 	at com.ss.ugc.effectplatform.task.a.c.a(FetchModelTask.kt:93)

07-18 05:52:50.139  7198  7908 I LSPosed-Bridge: 	at com.ss.ugc.effectplatform.task.a.c.a(FetchModelTask.kt:67)

07-18 05:52:50.139  7198  7908 I LSPosed-Bridge: 	at com.ss.ugc.effectplatform.task.a.c.c(FetchModelTask.kt:52)

07-18 05:52:50.139  7198  7908 I LSPosed-Bridge: 	at com.ss.ugc.effectplatform.task.b.b(BaseTask.kt:45)

07-18 05:52:50.139  7198  7908 I LSPosed-Bridge: 	at com.ss.ugc.effectplatform.task.a.a.a(FetchModelAndEffectTask.kt:68)

07-18 05:52:50.139  7198  7908 I LSPosed-Bridge: 	at com.ss.ugc.effectplatform.task.a.a.a(FetchModelAndEffectTask.kt:58)

07-18 05:52:50.139  7198  7908 I LSPosed-Bridge: 	at com.ss.ugc.effectplatform.task.a.a.a(FetchModelAndEffectTask.kt:89)

07-18 05:52:50.139  7198  7908 I LSPosed-Bridge: 	at com.ss.ugc.effectplatform.algorithm.a.a(AlgorithmEffectFetcher.kt:46)

07-18 05:52:50.139  7198  7908 I LSPosed-Bridge: 	at com.ss.ugc.effectplatform.i.a$b.c(AlgorithmRepository.kt:138)

07-18 05:52:50.139  7198  7908 I LSPosed-Bridge: 	at com.ss.ugc.effectplatform.task.b.b(BaseTask.kt:45)

07-18 05:52:50.139  7198  7908 I LSPosed-Bridge: 	at com.ss.ugc.effectplatform.task.u$c.run(TaskManager.kt:35)

07-18 05:52:50.139  7198  7908 I LSPosed-Bridge: 	at c.a.b.b.a$b.a(AsyncExecutor.kt:25)

07-18 05:52:50.139  7198  7908 I LSPosed-Bridge: 	at c.a.b.b.a$b.invoke(AsyncExecutor.kt:14)

07-18 05:52:50.139  7198  7908 I LSPosed-Bridge: 	at c.a.b.d.d$a$a$a.run(ExecutorService

07-18 05:52:50.139  1567  4566 I LSPosed-Bridge: 7198 PermLabel 10129 AMS.checkPermission: Binder.getCallingPid() = 7198; uid = 10129; Binder.getCallingUid() = 10129; getNameForUid: com.xt.retouch; getPackagesForUid: [com.xt.retouch]; permName: android.permission.GET_TASKS; type = 0; res = -1; stacktrace=java.lang.Exception

07-18 05:52:50.139  1567  4566 I LSPosed-Bridge: 	at com.example.permlabel.requirePerm$1$2.afterHookedMethod(requirePerm.java:129)

07-18 05:52:50.139  1567  4566 I LSPosed-Bridge: 	at de.robv.android.xposed.XposedBridge$AdditionalHookInfo.callback(Unknown Source:147)

07-18 05:52:50.139  1567  4566 I LSPosed-Bridge: 	at LSPHooker_.checkPermission(Unknown Source:25)

07-18 05:52:50.139  1567  4566 I LSPosed-Bridge: 	at com.android.server.am.ActivityManagerService.isGetTasksAllowed(ActivityManagerService.java:10902)

07-18 05:52:50.139  1567  4566 I LSPosed-Bridge: 	at com.android.server.am.ActivityManagerService.getRunningAppProcesses(ActivityManagerService.java:16139)

07-18 05:52:50.139  1567  4566 I LSPosed-Bridge: 	at android.app.IActivityManager$Stub.onTransact(IActivityManager.java:1088)

07-18 05:52:50.139  1567  4566 I LSPosed-Bridge: 	at com.android.server.am.ActivityManagerService.onTransact(ActivityManagerService.java:3346)

07-18 05:52:50.139  1567  4566 I LSPosed-Bridge: 	at android.os.Binder.execTransact(Binder.java:731)

07-18 05:52:55.164  1567  2120 I LSPosed-Bridge: 7198 PermLabel 10129 AMS.checkPermission: Binder.getCallingPid() = 7198; uid = 10129; Binder.getCallingUid() = 10129; getNameForUid: com.xt.retouch; getPackagesForUid: [com.xt.retouch]; permName: android.permission.GET_TASKS; type = 0; res = -1; stacktrace=java.lang.Exception

07-18 05:52:55.164  1567  2120 I LSPosed-Bridge: 	at com.example.permlabel.requirePerm$1$2.afterHookedMethod(requirePerm.java:129)

07-18 05:52:55.164  1567  2120 I LSPosed-Bridge: 	at de.robv.android.xposed.XposedBridge$AdditionalHookInfo.callback(Unknown Source:147)

07-18 05:52:55.164  1567  2120 I LSPosed-Bridge: 	at LSPHooker_.checkPermission(Unknown Source:25)

07-18 05:52:55.164  1567  2120 I LSPosed-Bridge: 	at com.android.server.am.ActivityManagerService.isGetTasksAllowed(ActivityManagerService.java:10902)

07-18 05:52:55.164  1567  2120 I LSPosed-Bridge: 	at com.android.server.am.ActivityManagerService.getRunningAppProcesses(ActivityManagerService.java:16139)

07-18 05:52:55.164  1567  2120 I LSPosed-Bridge: 	at android.app.IActivityManager$Stub.onTransact(IActivityManager.java:1088)

07-18 05:52:55.164  1567  2120 I LSPosed-Bridge: 	at com.android.server.am.ActivityManagerService.onTransact(ActivityManagerService.java:3346)

07-18 05:52:55.164  1567  2120 I LSPosed-Bridge: 	at android.os.Binder.execTransact(Binder.java:731)

07-18 05:52:55.172  1567  1845 I LSPosed-Bridge: 7198 PermLabel 10129 AMS.checkPermission: Binder.getCallingPid() = 7198; uid = 10129; Binder.getCallingUid() = 10129; getNameForUid: com.xt.retouch; getPackagesForUid: [com.xt.retouch]; permName: android.permission.GET_TASKS; type = 0; res = -1; stacktrace=java.lang.Exception

07-18 05:52:55.172  1567  1845 I LSPosed-Bridge: 7198 PermLabel 10129 AMS.checkPermission: Binder.getCallingPid() = 7198; uid = 10129; Binder.getCallingUid() = 10129; getNameForUid: com.xt.retouch; getPackagesForUid: [com.xt.retouch]; permName: android.permission.GET_TASKS; type = 0; res = -1; stacktrace=java.lang.Exception

07-18 05:52:55.172  1567  1845 I LSPosed-Bridge: 	at com.example.permlabel.requirePerm$1$2.afterHookedMethod(requirePerm.java:129)

07-18 05:52:55.172  1567  1845 I LSPosed-Bridge: 	at com.example.permlabel.requirePerm$1$2.afterHookedMethod(requirePerm.java:129)

07-18 05:52:55.172  1567  1845 I LSPosed-Bridge: 	at de.robv.android.xposed.XposedBridge$AdditionalHookInfo.callback(Unknown Source:147)

07-18 05:52:55.172  1567  1845 I LSPosed-Bridge: 	at de.robv.android.xposed.XposedBridge$AdditionalHookInfo.callback(Unknown Source:147)

07-18 05:52:55.172  1567  1845 I LSPosed-Bridge: 	at LSPHooker_.checkPermission(Unknown Source:25)

07-18 05:52:55.172  1567  1845 I LSPosed-Bridge: 	at LSPHooker_.checkPermission(Unknown Source:25)

07-18 05:52:55.172  1567  1845 I LSPosed-Bridge: 	at com.android.server.am.ActivityManagerService.isGetTasksAllowed(ActivityManagerService.java:10902)

07-18 05:52:55.172  1567  1845 I LSPosed-Bridge: 	at com.android.server.am.ActivityManagerService.isGetTasksAllowed(ActivityManagerService.java:10902)

07-18 05:52:55.172  1567  1845 I LSPosed-Bridge: 	at com.android.server.am.ActivityManagerService.getRunningAppProcesses(ActivityManagerService.java:16139)

07-18 05:52:55.172  1567  1845 I LSPosed-Bridge: 	at com.android.server.am.ActivityManagerService.getRunningAppProcesses(ActivityManagerService.java:16139)

07-18 05:52:55.172  1567  1845 I LSPosed-Bridge: 	at android.app.IActivityManager$Stub.onTransact(IActivityManager.java:1088)

07-18 05:52:55.172  1567  1845 I LSPosed-Bridge: 	at android.app.IActivityManager$Stub.onTransact(IActivityManager.java:1088)

07-18 05:52:55.172  1567  1845 I LSPosed-Bridge: 	at com.android.server.am.ActivityManagerService.onTransact(ActivityManagerService.java:3346)

07-18 05:52:55.172  1567  1845 I LSPosed-Bridge: 	at com.android.server.am.ActivityManagerService.onTransact(ActivityManagerService.java:3346)

07-18 05:52:55.172  1567  1845 I LSPosed-Bridge: 	at android.os.Binder.execTransact(Binder.java:731)

07-18 05:52:55.172  1567  1845 I LSPosed-Bridge: 	at android.os.Binder.execTransact(Binder.java:731)

07-18 05:52:55.172  1567  2120 I LSPosed-Bridge: 8315 PermLabel 10129 AMS.checkPermission: Binder.getCallingPid() = 8315; uid = 10129; Binder.getCallingUid() = 10129; getNameForUid: com.xt.retouch; getPackagesForUid: [com.xt.retouch]; permName: android.permission.GET_TASKS; type = 0; res = -1; stacktrace=java.lang.Exception

07-18 05:52:55.172  1567  2120 I LSPosed-Bridge: 8315 PermLabel 10129 AMS.checkPermission: Binder.getCallingPid() = 8315; uid = 10129; Binder.getCallingUid() = 10129; getNameForUid: com.xt.retouch; getPackagesForUid: [com.xt.retouch]; permName: android.permission.GET_TASKS; type = 0; res = -1; stacktrace=java.lang.Exception

07-18 05:52:55.172  1567  2120 I LSPosed-Bridge: 	at com.example.permlabel.requirePerm$1$2.afterHookedMethod(requirePerm.java:129)

07-18 05:52:55.172  1567  2120 I LSPosed-Bridge: 	at com.example.permlabel.requirePerm$1$2.afterHookedMethod(requirePerm.java:129)

07-18 05:52:55.172  1567  2120 I LSPosed-Bridge: 	at de.robv.android.xposed.XposedBridge$AdditionalHookInfo.callback(Unknown Source:147)

07-18 05:52:55.172  1567  2120 I LSPosed-Bridge: 	at de.robv.android.xposed.XposedBridge$AdditionalHookInfo.callback(Unknown Source:147)

07-18 05:52:55.172  1567  2120 I LSPosed-Bridge: 	at LSPHooker_.checkPermission(Unknown Source:25)

07-18 05:52:55.172  1567  2120 I LSPosed-Bridge: 	at LSPHooker_.checkPermission(Unknown Source:25)

07-18 05:52:55.172  1567  2120 I LSPosed-Bridge: 	at com.android.server.am.ActivityManagerService.isGetTasksAllowed(ActivityManagerService.java:10902)

07-18 05:52:55.172  1567  2120 I LSPosed-Bridge: 	at com.android.server.am.ActivityManagerService.isGetTasksAllowed(ActivityManagerService.java:10902)

07-18 05:52:55.172  1567  2120 I LSPosed-Bridge: 	at com.android.server.am.ActivityManagerService.getRunningAppProcesses(ActivityManagerService.java:16139)

07-18 05:52:55.172  1567  2120 I LSPosed-Bridge: 	at com.android.server.am.ActivityManagerService.getRunningAppProcesses(ActivityManagerService.java:16139)

07-18 05:52:55.172  1567  2120 I LSPosed-Bridge: 	at android.app.IActivityManager$Stub.onTransact(IActivityManager.java:1088)

07-18 05:52:55.172  1567  2120 I LSPosed-Bridge: 	at android.app.IActivityManager$Stub.onTransact(IActivityManager.java:1088)

07-18 05:52:55.172  1567  2120 I LSPosed-Bridge: 	at com.android.server.am.ActivityManagerService.onTransact(ActivityManagerService.java:3346)

07-18 05:52:55.172  1567  2120 I LSPosed-Bridge: 	at com.android.server.am.ActivityManagerService.onTransact(ActivityManagerService.java:3346)

07-18 05:52:55.172  1567  2120 I LSPosed-Bridge: 	at android.os.Binder.execTransact(Binder.java:731)

07-18 05:52:55.172  1567  2120 I LSPosed-Bridge: 	at android.os.Binder.execTransact(Binder.java:731)

07-18 05:52:55.182  1567  1845 I LSPosed-Bridge: 7198 PermLabel 10129 AMS.checkPermission: Binder.getCallingPid() = 7198; uid = 10129; Binder.getCallingUid() = 10129; getNameForUid: com.xt.retouch; getPackagesForUid: [com.xt.retouch]; permName: android.permission.GET_TASKS; type = 0; res = -1; stacktrace=java.lang.Exception

07-18 05:52:55.182  1567  1845 I LSPosed-Bridge: 	at com.example.permlabel.requirePerm$1$2.afterHookedMethod(requirePerm.java:129)

07-18 05:52:55.182  1567  1845 I LSPosed-Bridge: 	at de.robv.android.xposed.XposedBridge$AdditionalHookInfo.callback(Unknown Source:147)

07-18 05:52:55.182  1567  1845 I LSPosed-Bridge: 	at LSPHooker_.checkPermission(Unknown Source:25)

07-18 05:52:55.182  1567  1845 I LSPosed-Bridge: 	at com.android.server.am.ActivityManagerService.isGetTasksAllowed(ActivityManagerService.java:10902)

07-18 05:52:55.182  1567  1845 I LSPosed-Bridge: 	at com.android.server.am.ActivityManagerService.getRunningAppProcesses(ActivityManagerService.java:16139)

07-18 05:52:55.182  1567  1845 I LSPosed-Bridge: 	at android.app.IActivityManager$Stub.onTransact(IActivityManager.java:1088)

07-18 05:52:55.182  1567  1845 I LSPosed-Bridge: 	at com.android.server.am.ActivityManagerService.onTransact(ActivityManagerService.java:3346)

07-18 05:52:55.182  1567  1845 I LSPosed-Bridge: 	at android.os.Binder.execTransact(Binder.java:731)

07-18 05:52:55.182  8315  8460 I LSPosed-Bridge: 8315 PermLabel hookBinder_test 10129 interfaceBinder =android.app.IActivityManager; arg0 = 27; arg1 = android.os.Parcel@8daa4c8; arg2 = android.os.Parcel@1611756; arg3 = 0; res = true; stacktrace=java.lang.Exception

07-18 05:52:55.182  8315  8460 I LSPosed-Bridge: 	at com.example.permlabel.hookBinder_test$1.afterHookedMethod(hookBinder_test.java:60)

07-18 05:52:55.182  8315  8460 I LSPosed-Bridge: 	at de.robv.android.xposed.XposedBridge$AdditionalHookInfo.callback(Unknown Source:147)

07-18 05:52:55.182  8315  8460 I LSPosed-Bridge: 	at LSPHooker_.transact(Unknown Source:28)

07-18 05:52:55.182  8315  8460 I LSPosed-Bridge: 	at android.app.IActivityManager$Stub$Proxy.refContentProvider(IActivityManager.java:4221)

07-18 05:52:55.182  8315  8460 I LSPosed-Bridge: 	at android.app.ActivityThread.incProviderRefLocked(ActivityThread.java:6052)

07-18 05:52:55.182  8315  8460 I LSPosed-Bridge: 	at android.app.ActivityThread.acquireExistingProvider(ActivityThread.java:6115)

07-18 05:52:55.182  8315  8460 I LSPosed-Bridge: 	at android.app.ActivityThread.acquireProvider(ActivityThread.java:5979)

07-18 05:52:55.182  8315  8460 I LSPosed-Bridge: 	at android.app.ContextImpl$ApplicationContentResolver.acquireProvider(ContextImpl.java:2573)

07-18 05:52:55.182  8315  8460 I LSPosed-Bridge: 	at android.content.ContentResolver.acquireProvider(ContentResolver.java:1784)

07-18 05:52:55.182  8315  8460 I LSPosed-Bridge: 	at android.content.ContentResolver.query(ContentResolver.java:829)

07-18 05:52:55.182  8315  8460 I LSPosed-Bridge: 	at android.content.ContentResolver.query(ContentResolver.java:753)

07-18 05:52:55.182  8315  8460 I LSPosed-Bridge: 	at android.content.ContentResolver.query(ContentResolver.java:711)

07-18 05:52:55.182  8315  8460 I LSPosed-Bridge: 	at com.ss.android.pushmanager.setting.PushMultiProcessSharedProvider$b.a(Unknown Source:55)

07-18 05:52:55.182  8315  8460 I LSPosed-Bridge: 	at com.ss.android.pushmanager.setting.PushMultiProcessSharedProvider$b.a(PushMultiProcessSharedProvider.java:717)

07-18 05:52:55.182  8315  8460 I LSPosed-Bridge: 	at com.ss.android.newmedia.redbadge.b.a.a(RedbadgeSetting.java:50)

07-18 05:52:55.182  8315  8460 I LSPosed-Bridge: 	at com.ss.android.newmedia.redbadge.c.a(RedBadgeController.java:183)

07-18 05:52:55.182  8315  8460 I LSPosed-Bridge: 	at com.ss.android.newmedia.redbadge.c$3.onChange(RedBadgeController.java:652)

07-18 05:52:55.182  8315  8460 I LSPosed-Bridge: 	at android.database.ContentObserver.onChange(ContentObserver.java:130)

07-18 05:52:55.182  8315  8460 I LSPosed-Bridge: 	at android.database.ContentObserver.onChange(ContentObserver.java:145)

07-18 05:52:55.182  8315  8460 I LSPosed-Bridge: 	at android.database.ContentObserver$NotificationRunnable.run(ContentObserver.java:216)

07-18 05:52:55.182  8315  8460 I LSPosed-Bridge: 	at android.os.Handler.handleCallback(Handler.java:873)

07-18 05:52:55.182  8315  8460 I LSPosed-Bridge: 	at android.os.Handler.dispatchMessage(Handler.java:99)

07-18 05:52:55.182  8315  8460 I LSPosed-Bridge: 	at android.os.Looper.loop(Looper.java:193)

07-18 05:52:55.182  8315  8460 I LSPosed-Bridge: 	at android.os.HandlerThread.run(HandlerThread.java:65)

07-18 05:52:55.188  7198  7743 W PushTraceExternalService: 

07-18 05:52:55.188  1567  2120 I LSPosed-Bridge: 8315 PermLabel 10129 AMS.checkPermission: Binder.getCallingPid() = 8315; uid = 10129; Binder.getCallingUid() = 10129; getNameForUid: com.xt.retouch; getPackagesForUid: [com.xt.retouch]; permName: android.permission.GET_TASKS; type = 0; res = -1; stacktrace=java.lang.Exception

07-18 05:52:55.188  1567  2120 I LSPosed-Bridge: 	at com.example.permlabel.requirePerm$1$2.afterHookedMethod(requirePerm.java:129)

07-18 05:52:55.188  1567  2120 I LSPosed-Bridge: 	at de.robv.android.xposed.XposedBridge$AdditionalHookInfo.callback(Unknown Source:147)

07-18 05:52:55.188  1567  2120 I LSPosed-Bridge: 	at LSPHooker_.checkPermission(Unknown Source:25)

07-18 05:52:55.188  1567  2120 I LSPosed-Bridge: 	at com.android.server.am.ActivityManagerService.isGetTasksAllowed(ActivityManagerService.java:10902)

07-18 05:52:55.188  1567  2120 I LSPosed-Bridge: 	at com.android.server.am.ActivityManagerService.getRunningAppProcesses(ActivityManagerService.java:16139)

07-18 05:52:55.188  1567  2120 I LSPosed-Bridge: 	at android.app.IActivityManager$Stub.onTransact(IActivityManager.java:1088)

07-18 05:52:55.188  1567  2120 I LSPosed-Bridge: 	at com.android.server.am.ActivityManagerService.onTransact(ActivityManagerService.java:3346)

07-18 05:52:55.188  1567  2120 I LSPosed-Bridge: 	at android.os.Binder.execTransact(Binder.java:731)

07-18 05:52:55.188  7198  7677 I LSPosed-Bridge: 7198 PermLabel hookBinder_test 10129 interfaceBinder =android.app.INotificationManager; arg0 = 23; arg1 = android.os.Parcel@9836875; arg2 = android.os.Parcel@2178b38; arg3 = 0; res = true; stacktrace=java.lang.Exception

07-18 05:52:55.188  7198  7677 I LSPosed-Bridge: 	at com.example.permlabel.hookBinder_test$1.afterHookedMethod(hookBinder_test.java:60)

07-18 05:52:55.188  7198  7677 I LSPosed-Bridge: 	at de.robv.android.xposed.XposedBridge$AdditionalHookInfo.callback(Unknown Source:147)

07-18 05:52:55.188  7198  7677 I LSPosed-Bridge: 	at LSPHooker_.transact(Unknown Source:28)

07-18 05:52:55.188  7198  7677 I LSPosed-Bridge: 	at android.app.INotificationManager$Stub$Proxy.getNotificationChannel(INotificationManager.java:1912)

07-18 05:52:55.188  7198  7677 I LSPosed-Bridge: 	at android.app.NotificationManager.getNotificationChannel(NotificationManager.java:556)

07-18 05:52:55.188  7198  7677 I LSPosed-Bridge: 	at com.bytedance.push.notification.g$2.run(NotificationServiceImpl.java:193)

07-18 05:52:55.188  7198  7677 I LSPosed-Bridge: 	at java.util.concurrent.Executors$RunnableAdapter.call(Executors.java:458)

07-18 05:52:55.188  7198  7677 I LSPosed-Bridge: 	at java.util.concurrent.FutureTask.run(FutureTask.java:266)

07-18 05:52:55.188  7198  7677 I LSPosed-Bridge: 	at java.util.concurrent.ThreadPoolExecutor.runWorker(ThreadPoolExecutor.java:1167)

07-18 05:52:55.188  7198  7677 I LSPosed-Bridge: 	at java.util.concurrent.ThreadPoolExecutor$Worker.run(ThreadPoolExecutor.java:641)

07-18 05:52:55.188  7198  7677 I LSPosed-Bridge: 	at java.lang.Thread.run(Thread.java:764)

07-18 05:52:55.188  7198  7743 W PushServiceManager: 

07-18 05:52:56.141  1567  2120 I LSPosed-Bridge: 11754 PermLabel 10129 AMS.checkPermission: Binder.getCallingPid() = 11754; uid = 10129; Binder.getCallingUid() = 10129; getNameForUid: com.xt.retouch; getPackagesForUid: [com.xt.retouch]; permName: android.permission.GET_TASKS; type = 0; res = -1; stacktrace=java.lang.Exception

07-18 05:52:56.141  1567  2120 I LSPosed-Bridge: 	at com.example.permlabel.requirePerm$1$2.afterHookedMethod(requirePerm.java:129)

07-18 05:52:56.141  1567  2120 I LSPosed-Bridge: 	at de.robv.android.xposed.XposedBridge$AdditionalHookInfo.callback(Unknown Source:147)

07-18 05:52:56.141  1567  2120 I LSPosed-Bridge: 	at LSPHooker_.checkPermission(Unknown Source:25)

07-18 05:52:56.141  1567  2120 I LSPosed-Bridge: 	at com.android.server.am.ActivityManagerService.isGetTasksAllowed(ActivityManagerService.java:10902)

07-18 05:52:56.141  1567  2120 I LSPosed-Bridge: 	at com.android.server.am.ActivityManagerService.getRunningAppProcesses(ActivityManagerService.java:16139)

07-18 05:52:56.141  1567  2120 I LSPosed-Bridge: 	at android.app.IActivityManager$Stub.onTransact(IActivityManager.java:1088)

07-18 05:52:56.141  1567  2120 I LSPosed-Bridge: 	at com.android.server.am.ActivityManagerService.onTransact(ActivityManagerService.java:3346)

07-18 05:52:56.141  1567  2120 I LSPosed-Bridge: 	at android.os.Binder.execTransact(Binder.java:731)

07-18 05:52:56.173 11740 11740 I Input   : injectMotionEvent: MotionEvent { action=ACTION_UP, actionButton=0, id[0]=0, x[0]=60.0, y[0]=101.0, toolType[0]=TOOL_TYPE_UNKNOWN, buttonState=0, metaState=0, flags=0x0, edgeFlags=0x0, pointerCount=1, historySize=0, eventTime=124292, downTime=124292, deviceId=4, source=0x1002 }

07-18 05:52:56.173  1567  6555 I LSPosed-Bridge: 11754 PermLabel 10129 AMS.checkPermission: Binder.getCallingPid() = 11754; uid = 10129; Binder.getCallingUid() = 10129; getNameForUid: com.xt.retouch; getPackagesForUid: [com.xt.retouch]; permName: android.permission.GET_TASKS; type = 0; res = -1; stacktrace=java.lang.Exception

07-18 05:52:56.173  1567  6555 I LSPosed-Bridge: 	at com.example.permlabel.requirePerm$1$2.afterHookedMethod(requirePerm.java:129)

07-18 05:52:56.173  1567  6555 I LSPosed-Bridge: 	at de.robv.android.xposed.XposedBridge$AdditionalHookInfo.callback(Unknown Source:147)

07-18 05:52:56.173  1567  6555 I LSPosed-Bridge: 	at LSPHooker_.checkPermission(Unknown Source:25)

07-18 05:52:56.173  1567  6555 I LSPosed-Bridge: 	at com.android.server.am.ActivityManagerService.isGetTasksAllowed(ActivityManagerService.java:10902)

07-18 05:52:56.173  1567  6555 I LSPosed-Bridge: 	at com.android.server.am.ActivityManagerService.getRunningAppProcesses(ActivityManagerService.java:16139)

07-18 05:52:56.173  1567  6555 I LSPosed-Bridge: 	at android.app.IActivityManager$Stub.onTransact(IActivityManager.java:1088)

07-18 05:52:56.173  1567  6555 I LSPosed-Bridge: 	at com.android.server.am.ActivityManagerService.onTransact(ActivityManagerService.java:3346)

07-18 05:52:56.173  1567  6555 I LSPosed-Bridge: 	at android.os.Binder.execTransact(Binder.java:731)

07-18 05:52:56.175 11754 11799 I LSPosed-Bridge: 11754 PermLabel getRunningAppProcesses importance: 125 pid: 8315

07-18 05:52:56.175 11754 11799 I LSPosed-Bridge: 11754 PermLabel getRunningAppProcesses packageName com.xt.retouch at index 0 in process 8315

07-18 05:52:56.175  7198  7198 I LSPosed-Bridge: 7198 PermLabel hookBinder_test 10129 interfaceBinder =android.media.IAudioService; arg0 = 27; arg1 = android.os.Parcel@6b9ebf; arg2 = null; arg3 = 1; res = true; stacktrace=java.lang.Exception

07-18 05:52:56.175  7198  7198 I LSPosed-Bridge: 	at com.example.permlabel.hookBinder_test$1.afterHookedMethod(hookBinder_test.java:60)

07-18 05:52:56.175  7198  7198 I LSPosed-Bridge: 	at de.robv.android.xposed.XposedBridge$AdditionalHookInfo.callback(Unknown Source:147)

07-18 05:52:56.175  7198  7198 I LSPosed-Bridge: 	at LSPHooker_.transact(Unknown Source:28)

07-18 05:52:56.175  7198  7198 I LSPosed-Bridge: 	at android.media.IAudioService$Stub$Proxy.playSoundEffect(IAudioService.java:1468)

07-18 05:52:56.175  7198  7198 I LSPosed-Bridge: 	at android.media.AudioManager.playSoundEffect(AudioManager.java:2044)

07-18 05:52:56.175  7198  7198 I LSPosed-Bridge: 	at android.view.ViewRootImpl.playSoundEffect(ViewRootImpl.java:6605)

07-18 05:52:56.175  7198  7198 I LSPosed-Bridge: 	at android.view.View.playSoundEffect(View.java:23642)

07-18 05:52:56.175  7198  7198 I LSPosed-Bridge: 	at android.view.View.performClick(View.java:6596)

07-18 05:52:56.175  7198  7198 I LSPosed-Bridge: 	at android.view.View.performClickInternal(View.java:6574)

07-18 05:52:56.175  7198  7198 I LSPosed-Bridge: 	at android.view.View.access$3100(View.java:778)

07-18 05:52:56.175  7198  7198 I LSPosed-Bridge: 	at android.view.View$PerformClick.run(View.java:25889)

07-18 05:52:56.175  7198  7198 I LSPosed-Bridge: 	at android.os.Handler.handleCallback(Handler.java:873)

07-18 05:52:56.175  7198  7198 I LSPosed-Bridge: 	at android.os.Handler.dispatchMessage(Handler.java:99)

07-18 05:52:56.175  7198  7198 I LSPosed-Bridge: 	at android.os.Looper.loop(Looper.java:193)

07-18 05:52:56.175  7198  7198 I LSPosed-Bridge: 	at android.app.ActivityThread.main(ActivityThread.java:6692)

07-18 05:52:56.175  7198  7198 I LSPosed-Bridge: 	at java.lang.reflect.Method.invoke(Native Method)

07-18 05:52:56.175  7198  7198 I LSPosed-Bridge: 	at com.android.internal.os.RuntimeInit$MethodAndArgsCaller.run(RuntimeInit.java:493)

07-18 05:52:56.175  7198  7198 I LSPosed-Bridge: 	at com.android.internal.os.ZygoteInit.main(ZygoteInit.java:858)

07-18 05:52:56.175 11754 11799 I LSPosed-Bridge: 11754 PermLabel permName: android.permission.READ_PHONE_STATE; getRunningAppProcesses =[android.app.ActivityManager$RunningAppProcessInfo@874fe29, android.app.ActivityManager$RunningAppProcessInfo@bf6e5ae, android.app.ActivityManager$RunningAppProcessInfo@4aeff4f]; stacktrace=java.lang.Exception

07-18 05:52:56.175 11754 11799 I LSPosed-Bridge: 	at com.example.permlabel.hookBinder_test$2.afterHookedMethod(hookBinder_test.java:100)

07-18 05:52:56.175 11754 11799 I LSPosed-Bridge: 	at de.robv.android.xposed.XposedBridge$AdditionalHookInfo.callback(Unknown Source:147)

07-18 05:52:56.175 11754 11799 I LSPosed-Bridge: 	at LSPHooker_.getRunningAppProcesses(Unknown Source:8)

07-18 05:52:56.175 11754 11799 I LSPosed-Bridge: 	at com.ss.android.message.a.b.a(Unknown Source:40)

07-18 05:52:56.175 11754 11799 I LSPosed-Bridge: 	at com.ss.android.message.a.b.i(ToolUtils.java:940)

07-18 05:52:56.175 11754 11799 I LSPosed-Bridge: 	at com.bytedance.common.process.a.b.a(CrossProcessHelper.java:249)

07-18 05:52:56.175 11754 11799 I LSPosed-Bridge: 	at com.bytedance.common.process.a.b.b(CrossProcessHelper.java:171)

07-18 05:52:56.175 11754 11799 I LSPosed-Bridge: 	at com.bytedance.push.f$3.run(ProcessLifeCycleObserver.java:132)

07-18 05:52:56.175 11754 11799 I LSPosed-Bridge: 	at android.os.Handler.handleCallback(Handler.java:873)

07-18 05:52:56.175 11754 11799 I LSPosed-Bridge: 	at android.os.Handler.dispatchMessage(Handler.java:99)

07-18 05:52:56.175 11754 11799 I LSPosed-Bridge: 	at android.os.Looper.loop(Looper.java:193)

07-18 05:52:56.175 11754 11799 I LSPosed-Bridge: 	at android.os.HandlerThread.run(HandlerThread.java:65)

07-18 05:52:56.175  1567  2120 I LSPosed-Bridge: 11754 PermLabel 10129 AMS.checkPermission: Binder.getCallingPid() = 11754; uid = 10129; Binder.getCallingUid() = 10129; getNameForUid: com.xt.retouch; getPackagesForUid: [com.xt.retouch]; permName: android.permission.GET_TASKS; type = 0; res = -1; stacktrace=java.lang.Exception

07-18 05:52:56.175  1567  2120 I LSPosed-Bridge: 	at com.example.permlabel.requirePerm$1$2.afterHookedMethod(requirePerm.java:129)

07-18 05:52:56.175  1567  2120 I LSPosed-Bridge: 	at de.robv.android.xposed.XposedBridge$AdditionalHookInfo.callback(Unknown Source:147)

07-18 05:52:56.175  1567  2120 I LSPosed-Bridge: 	at LSPHooker_.checkPermission(Unknown Source:25)

07-18 05:52:56.175  1567  2120 I LSPosed-Bridge: 	at com.android.server.am.ActivityManagerService.isGetTasksAllowed(ActivityManagerService.java:10902)

07-18 05:52:56.175  1567  2120 I LSPosed-Bridge: 	at com.android.server.am.ActivityManagerService.getRunningAppProcesses(ActivityManagerService.java:16139)

07-18 05:52:56.175  1567  2120 I LSPosed-Bridge: 	at android.app.IActivityManager$Stub.onTransact(IActivityManager.java:1088)

07-18 05:52:56.175  1567  2120 I LSPosed-Bridge: 	at com.android.server.am.ActivityManagerService.onTransact(ActivityManagerService.java:3346)

07-18 05:52:56.175  1567  2120 I LSPosed-Bridge: 	at android.os.Binder.execTransact(Binder.java:731)

07-18 05:52:56.226  1567  6232 I LSPosed-Bridge: 7198 PermLabel 10129 AMS.checkPermission: Binder.getCallingPid() = 7198; uid = 10129; Binder.getCallingUid() = 10129; getNameForUid: com.xt.retouch; getPackagesForUid: [com.xt.retouch]; permName: android.permission.GET_TASKS; type = 0; res = -1; stacktrace=java.lang.Exception

07-18 05:52:56.226  1567  6232 I LSPosed-Bridge: 	at com.example.permlabel.requirePerm$1$2.afterHookedMethod(requirePerm.java:129)

07-18 05:52:56.226  1567  6232 I LSPosed-Bridge: 	at de.robv.android.xposed.XposedBridge$AdditionalHookInfo.callback(Unknown Source:147)

07-18 05:52:56.226  1567  6232 I LSPosed-Bridge: 	at LSPHooker_.checkPermission(Unknown Source:25)

07-18 05:52:56.226  1567  6232 I LSPosed-Bridge: 	at com.android.server.am.ActivityManagerService.isGetTasksAllowed(ActivityManagerService.java:10902)

07-18 05:52:56.226  1567  6232 I LSPosed-Bridge: 	at com.android.server.am.ActivityManagerService.getRunningAppProcesses(ActivityManagerService.java:16139)

07-18 05:52:56.226  1567  6232 I LSPosed-Bridge: 	at android.app.IActivityManager$Stub.onTransact(IActivityManager.java:1088)

07-18 05:52:56.226  1567  6232 I LSPosed-Bridge: 	at com.android.server.am.ActivityManagerService.onTransact(ActivityManagerService.java:3346)

07-18 05:52:56.226  1567  6232 I LSPosed-Bridge: 	at android.os.Binder.execTransact(Binder.java:731)

07-18 05:52:56.231 11754 11754 I LSPosed-Bridge: 11754 PermLabel hookBinder_test 10129 interfaceBinder =android.app.IActivityManager; arg0 = 27; arg1 = android.os.Parcel@455263e; arg2 = android.os.Parcel@1e41a9d; arg3 = 0; res = true; stacktrace=java.lang.Exception

07-18 05:52:56.231 11754 11754 I LSPosed-Bridge: 	at com.example.permlabel.hookBinder_test$1.afterHookedMethod(hookBinder_test.java:60)

07-18 05:52:56.231 11754 11754 I LSPosed-Bridge: 	at de.robv.android.xposed.XposedBridge$AdditionalHookInfo.callback(Unknown Source:147)

07-18 05:52:56.231 11754 11754 I LSPosed-Bridge: 	at LSPHooker_.transact(Unknown Source:28)

07-18 05:52:56.231 11754 11754 I LSPosed-Bridge: 	at android.app.IActivityManager$Stub$Proxy.refContentProvider(IActivityManager.java:4221)

07-18 05:52:56.231 11754 11754 I LSPosed-Bridge: 	at android.app.ActivityThread.releaseProvider(ActivityThread.java:6155)

07-18 05:52:56.231 11754 11754 I LSPosed-Bridge: 	at android.app.ContextImpl$ApplicationContentResolver.releaseProvider(ContextImpl.java:2587)

07-18 05:52:56.231 11754 11754 I LSPosed-Bridge: 	at android.content.ContentResolver$CursorWrapperInner.close(ContentResolver.java:3000)

07-18 05:52:56.231 11754 11754 I LSPosed-Bridge: 	at com.bytedance.push.settings.storage.d.a(MultiProcessSpStorage.java:299)

07-18 05:52:56.231 11754 11754 I LSPosed-Bridge: 	at com.bytedance.push.settings.storage.d.a(MultiProcessSpStorage.java:246)

07-18 05:52:56.231 11754 11754 I LSPosed-Bridge: 	at com.bytedance.push.settings.storage.d.a(MultiProcessSpStorage.java:75)

07-18 05:52:56.231 11754 11754 I LSPosed-Bridge: 	at com.bytedance.push.settings.storage.d.b(MultiProcessSpStorage.java:66)

07-18 05:52:56.231 11754 11754 I LSPosed-Bridge: 	at com.bytedance.push.settings.LocalSettings$$SettingImpl.d(LocalSettings$$SettingImpl.java:118)

07-18 05:52:56.231 11754 11754 I LSPosed-Bridge: 	at com.ss.android.pushmanager.setting.b.k(PushSetting.java:368)

07-18 05:52:56.231 11754 11754 I LSPosed-Bridge: 	at com.bytedance.push.k.b(SenderService.java:102)

07-18 05:52:56.231 11754 11754 I LSPosed-Bridge: 	at com.bytedance.push.k.a(SenderService.java:81)

07-18 05:52:56.231 11754 11754 I LSPosed-Bridge: 	at com.bytedance.push.f.f(ProcessLifeCycleObserver.java:304)

07-18 05:52:56.231 11754 11754 I LSPosed-Bridge: 	at com.bytedance.push.f.a(ProcessLifeCycleObserver.java:83)

07-18 05:52:56.231 11754 11754 I LSPosed-Bridge: 	at com.bytedance.push.h.a(PushImpl.java:94)

07-18 05:52:56.231 11754 11754 I LSPosed-Bridge: 	at com.bytedance.push.h.a(PushImpl.java:76)

07-18 05:52:56.231 11754 11754 I LSPosed-Bridge: 	at com.bytedance.push.p.d.a(PushStarter.java:63)

07-18 05:52:56.231 11754 11754 I LSPosed-Bridge: 	at com.bytedance.push.p.b.a(PushHook.java:32)

07-18 05:52:56.231 11754 11754 I LSPosed-Bridge: 	at com.bytedance.push.p.b.b(PushHook.java:57)

07-18 05:52:56.231 11754 11754 I LSPosed-Bridge: 	at com.lm.components.push.a.e(BasePushManager.kt:113)

07-18 05:52:56.231 11754 11754 I LSPosed-Bridge: 	at com.xt.retouch.applauncher.module.d.a(AppLauncherImpl.kt:258)

07-18 05:52:56.231 11754 11754 I LSPosed-Bridge: 	at com.xt.retouch.MainApplication.onCreate(MainApplication.kt:42)

07-18 05:52:56.231 11754 11754 I LSPosed-Bridge: 	at android.app.Instrumentation.callApplicationOnCreate(Instrumentation.java:1155)

07-18 05:52:56.231 11754 11754 I LSPosed-Bridge: 	at android.app.ActivityThread.handleBindApplication(ActivityThread.java:5885)

07-18 05:52:56.231 11754 11754 I LSPosed-Bridge: 	at android.app.ActivityThread.access$1100(ActivityThread.java:200)

07-18 05:52:56.231 11754 11754 I LSPosed-Bridge: 	at android.app.ActivityThread$H.handleMessage(ActivityThread.java:1651)

07-18 05:52:56.231 11754 11754 I LSPosed-Bridge: 	at android.os.Handler.dispatchMessage(Handler.java:106)

07-18 05:52:56.231 11754 11754 I LSPosed-Bridge: 	at android.os.Looper.loop(Looper.java:193)

07-18 05:52:56.231 11754 11754 I LSPosed-Bridge: 	at android.app.ActivityThread.main(ActivityThread.java:6692)

07-18 05:52:56.231 11754 11754 I LSPosed-Bridge: 	at java.lang.reflect.Method.invoke(Native Method)

07-18 05:52:56.231 11754 11754 I LSPosed-Bridge: 	at com.android.internal.os.RuntimeInit$MethodAndArgsCaller.run(RuntimeInit.java:493)

07-18 05:52:56.231 11754 11754 I LSPosed-Bridge: 	at com.android.internal.os.ZygoteInit.main(ZygoteInit.java:858)

07-18 05:52:56.231  1567  1579 I LSPosed-Bridge: 7198 PermLabel 10129 AMS.checkPermission: Binder.getCallingPid() = 7198; uid = 10129; Binder.getCallingUid() = 10129; getNameForUid: com.xt.retouch; getPackagesForUid: [com.xt.retouch]; permName: android.permission.GET_TASKS; type = 0; res = -1; stacktrace=java.lang.Exception

07-18 05:52:56.231  1567  1579 I LSPosed-Bridge: 	at com.example.permlabel.requirePerm$1$2.afterHookedMethod(requirePerm.java:129)

07-18 05:52:56.231  1567  1579 I LSPosed-Bridge: 	at de.robv.android.xposed.XposedBridge$AdditionalHookInfo.callback(Unknown Source:147)

07-18 05:52:56.231  1567  1579 I LSPosed-Bridge: 	at LSPHooker_.checkPermission(Unknown Source:25)

07-18 05:52:56.231  1567  1579 I LSPosed-Bridge: 	at com.android.server.am.ActivityManagerService.isGetTasksAllowed(ActivityManagerService.java:10902)

07-18 05:52:56.231  1567  1579 I LSPosed-Bridge: 	at com.android.server.am.ActivityManagerService.getRunningAppProcesses(ActivityManagerService.java:16139)

07-18 05:52:56.231  1567  1579 I LSPosed-Bridge: 	at android.app.IActivityManager$Stub.onTransact(IActivityManager.java:1088)

07-18 05:52:56.231  1567  1579 I LSPosed-Bridge: 	at com.android.server.am.ActivityManagerService.onTransact(ActivityManagerService.java:3346)

07-18 05:52:56.231  1567  1579 I LSPosed-Bridge: 	at android.os.Binder.execTransact(Binder.java:731)

07-18 05:52:56.247 11754 11754 I LSPosed-Bridge: 11754 PermLabel hookBinder_test 10129 interfaceBinder =android.content.IContentProvider; arg0 = 3; arg1 = android.os.Parcel@1e41a9d; arg2 = android.os.Parcel@455263e; arg3 = 0; res = true; stacktrace=java.lang.Exception

07-18 05:52:56.247 11754 11754 I LSPosed-Bridge: 	at com.example.permlabel.hookBinder_test$1.afterHookedMethod(hookBinder_test.java:60)

07-18 05:52:56.247 11754 11754 I LSPosed-Bridge: 	at de.robv.android.xposed.XposedBridge$AdditionalHookInfo.callback(Unknown Source:147)

07-18 05:52:56.247 11754 11754 I LSPosed-Bridge: 	at LSPHooker_.transact(Unknown Source:28)

07-18 05:52:56.247 11754 11754 I LSPosed-Bridge: 	at android.content.ContentProviderProxy.insert(ContentProviderNative.java:474)

07-18 05:52:56.247 11754 11754 I LSPosed-Bridge: 	at android.content.ContentResolver.insert(ContentResolver.java:1590)

07-18 05:52:56.247 11754 11754 I LSPosed-Bridge: 	at com.bytedance.push.settings.storage.d$a.apply(MultiProcessSpStorage.java:323)

07-18 05:52:56.247 11754 11754 I LSPosed-Bridge: 	at com.bytedance.push.settings.AliveOnlineSettings$$SettingImpl.b(AliveOnlineSettings$$SettingImpl.java:202)

07-18 05:52:56.247 11754 11754 I LSPosed-Bridge: 	at com.ss.android.pushmanager.setting.b.b(PushSetting.java:236)

07-18 05:52:56.247 11754 11754 I LSPosed-Bridge: 	at com.ss.android.pushmanager.b.b.b(PushSettingManager.java:111)

07-18 05:52:56.247 11754 11754 I LSPosed-Bridge: 	at com.lm.components.push.a.e(BasePushManager.kt:118)

07-18 05:52:56.247 11754 11754 I LSPosed-Bridge: 	at com.xt.retouch.applauncher.module.d.a(AppLauncherImpl.kt:258)

07-18 05:52:56.247 11754 11754 I LSPosed-Bridge: 	at com.xt.retouch.MainApplication.onCreate(MainApplication.kt:42)

07-18 05:52:56.247 11754 11754 I LSPosed-Bridge: 	at android.app.Instrumentation.callApplicationOnCreate(Instrumentation.java:1155)

07-18 05:52:56.247 11754 11754 I LSPosed-Bridge: 	at android.app.ActivityThread.handleBindApplication(ActivityThread.java:5885)

07-18 05:52:56.247 11754 11754 I LSPosed-Bridge: 	at android.app.ActivityThread.access$1100(ActivityThread.java:200)

07-18 05:52:56.247 11754 11754 I LSPosed-Bridge: 	at android.app.ActivityThread$H.handleMessage(ActivityThread.java:1651)

07-18 05:52:56.247 11754 11754 I LSPosed-Bridge: 	at android.os.Handler.dispatchMessage(Handler.java:106)

07-18 05:52:56.247 11754 11754 I LSPosed-Bridge: 	at android.os.Looper.loop(Looper.java:193)

07-18 05:52:56.247 11754 11754 I LSPosed-Bridge: 	at android.app.ActivityThread.main(ActivityThread.java:6692)

07-18 05:52:56.247 11754 11754 I LSPosed-Bridge: 	at java.lang.reflect.Method.invoke(Native Method)

07-18 05:52:56.247 11754 11754 I LSPosed-Bridge: 	at com.android.internal.os.RuntimeInit$MethodAndArgsCaller.run(RuntimeInit.java:493)

07-18 05:52:56.247 11754 11754 I LSPosed-Bridge: 	at com.android.internal.os.ZygoteInit.main(ZygoteInit.java:858)

07-18 05:52:56.247  1567  1845 I LSPosed-Bridge: 7198 PermLabel 10129 AMS.checkPermission: Binder.getCallingPid() = 7198; uid = 10129; Binder.getCallingUid() = 10129; getNameForUid: com.xt.retouch; getPackagesForUid: [com.xt.retouch]; permName: android.permission.GET_TASKS; type = 0; res = -1; stacktrace=java.lang.Exception

07-18 05:52:56.247  1567  1845 I LSPosed-Bridge: 	at com.example.permlabel.requirePerm$1$2.afterHookedMethod(requirePerm.java:129)

07-18 05:52:56.247  1567  1845 I LSPosed-Bridge: 	at de.robv.android.xposed.XposedBridge$AdditionalHookInfo.callback(Unknown Source:147)

07-18 05:52:56.247  1567  1845 I LSPosed-Bridge: 	at LSPHooker_.checkPermission(Unknown Source:25)

07-18 05:52:56.247  1567  1845 I LSPosed-Bridge: 	at com.android.server.am.ActivityManagerService.isGetTasksAllowed(ActivityManagerService.java:10902)

07-18 05:52:56.247  1567  1845 I LSPosed-Bridge: 	at com.android.server.am.ActivityManagerService.getRunningAppProcesses(ActivityManagerService.java:16139)

07-18 05:52:56.247  1567  1845 I LSPosed-Bridge: 	at android.app.IActivityManager$Stub.onTransact(IActivityManager.java:1088)

07-18 05:52:56.247  1567  1845 I LSPosed-Bridge: 	at com.android.server.am.ActivityManagerService.onTransact(ActivityManagerService.java:3346)

07-18 05:52:56.247  1567  1845 I LSPosed-Bridge: 	at android.os.Binder.execTransact(Binder.java:731)

07-18 05:52:56.252  7198  7198 I bullet  : 

07-18 05:52:56.252  1567  1579 I LSPosed-Bridge: 7198 PermLabel 10129 AMS.checkPermission: Binder.getCallingPid() = 7198; uid = 10129; Binder.getCallingUid() = 10129; getNameForUid: com.xt.retouch; getPackagesForUid: [com.xt.retouch]; permName: android.permission.GET_TASKS; type = 0; res = -1; stacktrace=java.lang.Exception

07-18 05:52:56.252  1567  1579 I LSPosed-Bridge: 	at com.example.permlabel.requirePerm$1$2.afterHookedMethod(requirePerm.java:129)

07-18 05:52:56.252  1567  1579 I LSPosed-Bridge: 	at de.robv.android.xposed.XposedBridge$AdditionalHookInfo.callback(Unknown Source:147)

07-18 05:52:56.252  1567  1579 I LSPosed-Bridge: 	at LSPHooker_.checkPermission(Unknown Source:25)

07-18 05:52:56.252  1567  1579 I LSPosed-Bridge: 	at com.android.server.am.ActivityManagerService.isGetTasksAllowed(ActivityManagerService.java:10902)

07-18 05:52:56.252  1567  1579 I LSPosed-Bridge: 	at com.android.server.am.ActivityManagerService.getRunningAppProcesses(ActivityManagerService.java:16139)

07-18 05:52:56.252  1567  1579 I LSPosed-Bridge: 	at android.app.IActivityManager$Stub.onTransact(IActivityManager.java:1088)

07-18 05:52:56.252  1567  1579 I LSPosed-Bridge: 	at com.android.server.am.ActivityManagerService.onTransact(ActivityManagerService.java:3346)

07-18 05:52:56.252  1567  1579 I LSPosed-Bridge: 	at android.os.Binder.execTransact(Binder.java:731)

07-18 05:52:56.254  1567  1845 I LSPosed-Bridge: 8315 PermLabel 10129 AMS.checkPermission: Binder.getCallingPid() = 8315; uid = 10129; Binder.getCallingUid() = 10129; getNameForUid: com.xt.retouch; getPackagesForUid: [com.xt.retouch]; permName: android.permission.GET_TASKS; type = 0; res = -1; stacktrace=java.lang.Exception

07-18 05:52:56.254  1567  1845 I LSPosed-Bridge: 	at com.example.permlabel.requirePerm$1$2.afterHookedMethod(requirePerm.java:129)

07-18 05:52:56.254  1567  1845 I LSPosed-Bridge: 	at de.robv.android.xposed.XposedBridge$AdditionalHookInfo.callback(Unknown Source:147)

07-18 05:52:56.254  1567  1845 I LSPosed-Bridge: 	at LSPHooker_.checkPermission(Unknown Source:25)

07-18 05:52:56.254  1567  1845 I LSPosed-Bridge: 	at com.android.server.am.ActivityManagerService.isGetTasksAllowed(ActivityManagerService.java:10902)

07-18 05:52:56.254  1567  1845 I LSPosed-Bridge: 	at com.android.server.am.ActivityManagerService.getRunningAppProcesses(ActivityManagerService.java:16139)

07-18 05:52:56.254  1567  1845 I LSPosed-Bridge: 	at android.app.IActivityManager$Stub.onTransact(IActivityManager.java:1088)

07-18 05:52:56.254  1567  1845 I LSPosed-Bridge: 	at com.android.server.am.ActivityManagerService.onTransact(ActivityManagerService.java:3346)

07-18 05:52:56.254  1567  1845 I LSPosed-Bridge: 	at android.os.Binder.execTransact(Binder.java:731)

07-18 05:52:56.262  1567  6232 I LSPosed-Bridge: 11754 PermLabel 10129 AMS.checkPermission: Binder.getCallingPid() = 11754; uid = 10129; Binder.getCallingUid() = 10129; getNameForUid: com.xt.retouch; getPackagesForUid: [com.xt.retouch]; permName: android.permission.GET_TASKS; type = 0; res = -1; stacktrace=java.lang.Exception

07-18 05:52:56.262  1567  6232 I LSPosed-Bridge: 	at com.example.permlabel.requirePerm$1$2.afterHookedMethod(requirePerm.java:129)

07-18 05:52:56.262  1567  6232 I LSPosed-Bridge: 	at de.robv.android.xposed.XposedBridge$AdditionalHookInfo.callback(Unknown Source:147)

07-18 05:52:56.262  1567  6232 I LSPosed-Bridge: 	at LSPHooker_.checkPermission(Unknown Source:25)

07-18 05:52:56.262  1567  6232 I LSPosed-Bridge: 	at com.android.server.am.ActivityManagerService.isGetTasksAllowed(ActivityManagerService.java:10902)

07-18 05:52:56.262  1567  6232 I LSPosed-Bridge: 	at com.android.server.am.ActivityManagerService.getRunningAppProcesses(ActivityManagerService.java:16139)

07-18 05:52:56.262  1567  6232 I LSPosed-Bridge: 	at android.app.IActivityManager$Stub.onTransact(IActivityManager.java:1088)

07-18 05:52:56.262  1567  6232 I LSPosed-Bridge: 	at com.android.server.am.ActivityManagerService.onTransact(ActivityManagerService.java:3346)

07-18 05:52:56.262  1567  6232 I LSPosed-Bridge: 	at android.os.Binder.execTransact(Binder.java:731)

07-18 05:52:56.262  8315  8460 I LSPosed-Bridge: 8315 PermLabel hookBinder_test 10129 interfaceBinder =android.app.IActivityManager; arg0 = 25; arg1 = android.os.Parcel@455263e; arg2 = android.os.Parcel@1611756; arg3 = 0; res = true; stacktrace=java.lang.Exception

07-18 05:52:56.262  8315  8460 I LSPosed-Bridge: 	at com.example.permlabel.hookBinder_test$1.afterHookedMethod(hookBinder_test.java:60)

07-18 05:52:56.262  8315  8460 I LSPosed-Bridge: 	at de.robv.android.xposed.XposedBridge$AdditionalHookInfo.callback(Unknown Source:147)

07-18 05:52:56.262  8315  8460 I LSPosed-Bridge: 	at LSPHooker_.transact(Unknown Source:28)

07-18 05:52:56.262  8315  8460 I LSPosed-Bridge: 	at android.app.IActivityManager$Stub$Proxy.getContentProvider(IActivityManager.java:4180)

07-18 05:52:56.262  8315  8460 I LSPosed-Bridge: 	at android.app.ActivityThread.acquireProvider(ActivityThread.java:5993)

07-18 05:52:56.262  8315  8460 I LSPosed-Bridge: 	at android.app.ContextImpl$ApplicationContentResolver.acquireUnstableProvider(ContextImpl.java:2592)

07-18 05:52:56.262  8315  8460 I LSPosed-Bridge: 	at android.content.ContentResolver.acquireUnstableProvider(ContentResolver.java:1831)

07-18 05:52:56.262  8315  8460 I LSPosed-Bridge: 	at android.content.ContentResolver.query(ContentResolver.java:788)

07-18 05:52:56.262  8315  8460 I LSPosed-Bridge: 	at android.content.ContentResolver.query(ContentResolver.java:753)

07-18 05:52:56.262  8315  8460 I LSPosed-Bridge: 	at android.content.ContentResolver.query(ContentResolver.java:711)

07-18 05:52:56.262  8315  8460 I LSPosed-Bridge: 	at com.ss.android.pushmanager.setting.PushMultiProcessSharedProvider$b.a(Unknown Source:55)

07-18 05:52:56.262  8315  8460 I LSPosed-Bridge: 	at com.ss.android.pushmanager.setting.PushMultiProcessSharedProvider$b.a(PushMultiProcessSharedProvider.java:689)

07-18 05:52:56.262  8315  8460 I LSPosed-Bridge: 	at com.ss.android.newmedia.redbadge.b.a.c(RedbadgeSetting.java:67)

07-18 05:52:56.262  8315  8460 I LSPosed-Bridge: 	at com.ss.android.newmedia.redbadge.c.b(RedBadgeController.java:209)

07-18 05:52:56.262  8315  8460 I LSPosed-Bridge: 	at com.ss.android.newmedia.redbadge.c$5.onChange(RedBadgeController.java:674)

07-18 05:52:56.262  8315  8460 I LSPosed-Bridge: 	at android.database.ContentObserver.onChange(ContentObserver.java:130)

07-18 05:52:56.262  8315  8460 I LSPosed-Bridge: 	at android.database.ContentObserver.onChange(ContentObserver.java:145)

07-18 05:52:56.262  8315  8460 I LSPosed-Bridge: 	at android.database.ContentObserver$NotificationRunnable.run(ContentObserver.java:216)

07-18 05:52:56.262  8315  8460 I LSPosed-Bridge: 	at android.os.Handler.handleCallback(Handler.java:873)

07-18 05:52:56.262  8315  8460 I LSPosed-Bridge: 	at android.os.Handler.dispatchMessage(Handler.java:99)

07-18 05:52:56.262  8315  8460 I LSPosed-Bridge: 	at android.os.Looper.loop(Looper.java:193)

07-18 05:52:56.262  8315  8460 I LSPosed-Bridge: 	at android.os.HandlerThread.run(HandlerThread.java:65)

07-18 05:52:56.267  7198  7274 I LSPosed-Bridge: 7198 PermLabel hookBinder_test 10129 interfaceBinder =android.content.pm.IPackageManager; arg0 = 45; arg1 = android.os.Parcel@6733557; arg2 = android.os.Parcel@89cf3fd; arg3 = 0; res = true; stacktrace=java.lang.Exception

07-18 05:52:56.267  7198  7274 I LSPosed-Bridge: 	at com.example.permlabel.hookBinder_test$1.afterHookedMethod(hookBinder_test.java:60)

07-18 05:52:56.267  7198  7274 I LSPosed-Bridge: 	at de.robv.android.xposed.XposedBridge$AdditionalHookInfo.callback(Unknown Source:147)

07-18 05:52:56.267  7198  7274 I LSPosed-Bridge: 	at LSPHooker_.transact(Unknown Source:28)

07-18 05:52:56.267  7198  7274 I LSPosed-Bridge: 	at android.content.pm.IPackageManager$Stub$Proxy.queryIntentActivities(IPackageManager.java:3800)

07-18 05:52:56.267  7198  7274 I LSPosed-Bridge: 	at android.app.ApplicationPackageManager.queryIntentActivitiesAsUser(ApplicationPackageManager.java:961)

07-18 05:52:56.267  7198  7274 I LSPosed-Bridge: 	at android.app.ApplicationPackageManager.queryIntentActivities(ApplicationPackageManager.java:951)

07-18 05:52:56.267  7198  7274 I LSPosed-Bridge: 	at android.app.ApplicationPackageManager.getLaunchIntentForPackage(ApplicationPackageManager.java:218)

07-18 05:52:56.267  7198  7274 I LSPosed-Bridge: 	at com.ss.android.newmedia.redbadge.RedBadgeServiceProvider.initBadger(RedBadgeServiceProvider.java:173)

07-18 05:52:56.267  7198  7274 I LSPosed-Bridge: 	at com.ss.android.newmedia.redbadge.RedBadgeServiceProvider.applyCountOrThrow(RedBadgeServiceProvider.java:108)

07-18 05:52:56.267  7198  7274 I LSPosed-Bridge: 	at com.ss.android.newmedia.redbadge.RedBadgeServiceProvider.applyCount(RedBadgeServiceProvider.java:89)

07-18 05:52:56.267  7198  7274 I LSPosed-Bridge: 	at com.ss.android.newmedia.redbadge.RedBadgeServiceProvider.removeCount(RedBadgeServiceProvider.java:151)

07-18 05:52:56.267  7198  7274 I LSPosed-Bridge: 	at com.ss.android.newmedia.redbadge.b.handleMsg(RedBadgeControlClient.java:317)

07-18 05:52:56.267  7198  7274 I LSPosed-Bridge: 	at com.bytedance.common.utility.collection.WeakHandler.handleMessage(WeakHandler.java:33)

07-18 05:52:56.267  7198  7274 I LSPosed-Bridge: 	at android.os.Handler.dispatchMessage(Handler.java:106)

07-18 05:52:56.267  7198  7274 I LSPosed-Bridge: 	at android.os.Looper.loop(Looper.java:193)

07-18 05:52:56.267  7198  7274 I LSPosed-Bridge: 	at android.os.HandlerThread.run(HandlerThread.java:65)

07-18 05:52:56.267  1567  1845 I LSPosed-Bridge: 8315 PermLabel 10129 AMS.checkPermission: Binder.getCallingPid() = 8315; uid = 10129; Binder.getCallingUid() = 10129; getNameForUid: com.xt.retouch; getPackagesForUid: [com.xt.retouch]; permName: android.permission.GET_TASKS; type = 0; res = -1; stacktrace=java.lang.Exception

07-18 05:52:56.267  1567  1845 I LSPosed-Bridge: 	at com.example.permlabel.requirePerm$1$2.afterHookedMethod(requirePerm.java:129)

07-18 05:52:56.267  1567  1845 I LSPosed-Bridge: 	at de.robv.android.xposed.XposedBridge$AdditionalHookInfo.callback(Unknown Source:147)

07-18 05:52:56.267  1567  1845 I LSPosed-Bridge: 	at LSPHooker_.checkPermission(Unknown Source:25)

07-18 05:52:56.267  1567  1845 I LSPosed-Bridge: 	at com.android.server.am.ActivityManagerService.isGetTasksAllowed(ActivityManagerService.java:10902)

07-18 05:52:56.267  1567  1845 I LSPosed-Bridge: 	at com.android.server.am.ActivityManagerService.getRunningAppProcesses(ActivityManagerService.java:16139)

07-18 05:52:56.267  1567  1845 I LSPosed-Bridge: 	at android.app.IActivityManager$Stub.onTransact(IActivityManager.java:1088)

