07-18 05:54:15.991  1567  8376 I LSPosed-Bridge: 	at com.android.server.am.ActivityManagerService.onTransact(ActivityManagerService.java:3346)

07-18 05:54:15.991  1567  8376 I LSPosed-Bridge: 	at android.os.Binder.execTransact(Binder.java:731)

07-18 05:54:15.991   553   553 I ConfigStore: android::hardware::configstore::V1_0::ISurfaceFlingerConfigs::hasHDRDisplay retrieved: 0

07-18 05:54:16.012   553   553 I ConfigStore: android::hardware::configstore::V1_0::ISurfaceFlingerConfigs::hasHDRDisplay retrieved: 0

07-18 05:54:16.012  1567  2441 I LSPosed-Bridge: 8315 PermLabel 10129 AMS.checkPermission: Binder.getCallingPid() = 8315; uid = 10129; Binder.getCallingUid() = 10129; getNameForUid: com.xt.retouch; getPackagesForUid: [com.xt.retouch]; permName: android.permission.GET_TASKS; type = 0; res = -1; stacktrace=java.lang.Exception

07-18 05:54:16.012  1567  2441 I LSPosed-Bridge: 	at com.example.permlabel.requirePerm$1$2.afterHookedMethod(requirePerm.java:129)

07-18 05:54:16.012  1567  2441 I LSPosed-Bridge: 	at de.robv.android.xposed.XposedBridge$AdditionalHookInfo.callback(Unknown Source:147)

07-18 05:54:16.012  1567  2441 I LSPosed-Bridge: 	at LSPHooker_.checkPermission(Unknown Source:25)

07-18 05:54:16.012  1567  2441 I LSPosed-Bridge: 	at com.android.server.am.ActivityManagerService.isGetTasksAllowed(ActivityManagerService.java:10902)

07-18 05:54:16.012  1567  2441 I LSPosed-Bridge: 	at com.android.server.am.ActivityManagerService.getRunningAppProcesses(ActivityManagerService.java:16139)

07-18 05:54:16.012  1567  2441 I LSPosed-Bridge: 	at android.app.IActivityManager$Stub.onTransact(IActivityManager.java:1088)

07-18 05:54:16.012  1567  2441 I LSPosed-Bridge: 	at com.android.server.am.ActivityManagerService.onTransact(ActivityManagerService.java:3346)

07-18 05:54:16.012  1567  2441 I LSPosed-Bridge: 	at android.os.Binder.execTransact(Binder.java:731)

07-18 05:54:23.242  1567  2441 E ActivityTrigger: activityResumeTrigger: not whiteListedcom.xt.retouch/com.xt.retouch.gallery.refactor.GalleryActivity2/76010

07-18 05:54:23.242  1567  9717 I LSPosed-Bridge: 7198 PermLabel 10129 AMS.checkPermission: Binder.getCallingPid() = 7198; uid = 10129; Binder.getCallingUid() = 10129; getNameForUid: com.xt.retouch; getPackagesForUid: [com.xt.retouch]; permName: android.permission.GET_TASKS; type = 0; res = -1; stacktrace=java.lang.Exception

07-18 05:54:23.242  1567  9717 I LSPosed-Bridge: 	at com.example.permlabel.requirePerm$1$2.afterHookedMethod(requirePerm.java:129)

07-18 05:54:23.242  1567  9717 I LSPosed-Bridge: 	at de.robv.android.xposed.XposedBridge$AdditionalHookInfo.callback(Unknown Source:147)

07-18 05:54:23.242  1567  9717 I LSPosed-Bridge: 	at LSPHooker_.checkPermission(Unknown Source:25)

07-18 05:54:23.242  1567  9717 I LSPosed-Bridge: 	at com.android.server.am.ActivityManagerService.isGetTasksAllowed(ActivityManagerService.java:10902)

07-18 05:54:23.242  1567  9717 I LSPosed-Bridge: 	at com.android.server.am.ActivityManagerService.getRunningAppProcesses(ActivityManagerService.java:16139)

07-18 05:54:23.242  1567  9717 I LSPosed-Bridge: 	at android.app.IActivityManager$Stub.onTransact(IActivityManager.java:1088)

07-18 05:54:23.242  1567  9717 I LSPosed-Bridge: 	at com.android.server.am.ActivityManagerService.onTransact(ActivityManagerService.java:3346)

07-18 05:54:23.242  1567  9717 I LSPosed-Bridge: 	at android.os.Binder.execTransact(Binder.java:731)

07-18 05:54:23.257  1567  2441 I LSPosed-Bridge: 7198 PermLabel 10129 AMS.checkPermission: Binder.getCallingPid() = 7198; uid = 10129; Binder.getCallingUid() = 10129; getNameForUid: com.xt.retouch; getPackagesForUid: [com.xt.retouch]; permName: android.permission.GET_TASKS; type = 0; res = -1; stacktrace=java.lang.Exception

07-18 05:54:23.257  1567  2441 I LSPosed-Bridge: 	at com.example.permlabel.requirePerm$1$2.afterHookedMethod(requirePerm.java:129)

07-18 05:54:23.257  1567  2441 I LSPosed-Bridge: 	at de.robv.android.xposed.XposedBridge$AdditionalHookInfo.callback(Unknown Source:147)

07-18 05:54:23.257  1567  2441 I LSPosed-Bridge: 	at LSPHooker_.checkPermission(Unknown Source:25)

07-18 05:54:23.257  1567  2441 I LSPosed-Bridge: 	at com.android.server.am.ActivityManagerService.isGetTasksAllowed(ActivityManagerService.java:10902)

07-18 05:54:23.257  1567  2441 I LSPosed-Bridge: 	at com.android.server.am.ActivityManagerService.getRunningAppProcesses(ActivityManagerService.java:16139)

07-18 05:54:23.257  1567  2441 I LSPosed-Bridge: 	at android.app.IActivityManager$Stub.onTransact(IActivityManager.java:1088)

07-18 05:54:23.257  1567  2441 I LSPosed-Bridge: 	at com.android.server.am.ActivityManagerService.onTransact(ActivityManagerService.java:3346)

07-18 05:54:23.257  1567  2441 I LSPosed-Bridge: 	at android.os.Binder.execTransact(Binder.java:731)

07-18 05:54:23.261  1567  9717 I LSPosed-Bridge: 7198 PermLabel 10129 AMS.checkPermission: Binder.getCallingPid() = 7198; uid = 10129; Binder.getCallingUid() = 10129; getNameForUid: com.xt.retouch; getPackagesForUid: [com.xt.retouch]; permName: android.permission.GET_TASKS; type = 0; res = -1; stacktrace=java.lang.Exception

07-18 05:54:23.261  1567  9717 I LSPosed-Bridge: 	at com.example.permlabel.requirePerm$1$2.afterHookedMethod(requirePerm.java:129)

07-18 05:54:23.261  1567  9717 I LSPosed-Bridge: 	at de.robv.android.xposed.XposedBridge$AdditionalHookInfo.callback(Unknown Source:147)

07-18 05:54:23.261  1567  9717 I LSPosed-Bridge: 	at LSPHooker_.checkPermission(Unknown Source:25)

07-18 05:54:23.261  1567  9717 I LSPosed-Bridge: 	at com.android.server.am.ActivityManagerService.isGetTasksAllowed(ActivityManagerService.java:10902)

07-18 05:54:23.261  1567  9717 I LSPosed-Bridge: 	at com.android.server.am.ActivityManagerService.getRunningAppProcesses(ActivityManagerService.java:16139)

07-18 05:54:23.261  1567  9717 I LSPosed-Bridge: 	at android.app.IActivityManager$Stub.onTransact(IActivityManager.java:1088)

07-18 05:54:23.261  1567  9717 I LSPosed-Bridge: 	at com.android.server.am.ActivityManagerService.onTransact(ActivityManagerService.java:3346)

07-18 05:54:23.261  1567  9717 I LSPosed-Bridge: 	at android.os.Binder.execTransact(Binder.java:731)

07-18 05:54:23.267  1567  2441 I LSPosed-Bridge: 7198 PermLabel 10129 AMS.checkPermission: Binder.getCallingPid() = 7198; uid = 10129; Binder.getCallingUid() = 10129; getNameForUid: com.xt.retouch; getPackagesForUid: [com.xt.retouch]; permName: android.permission.GET_TASKS; type = 0; res = -1; stacktrace=java.lang.Exception

07-18 05:54:23.267  1567  2441 I LSPosed-Bridge: 7198 PermLabel 10129 AMS.checkPermission: Binder.getCallingPid() = 7198; uid = 10129; Binder.getCallingUid() = 10129; getNameForUid: com.xt.retouch; getPackagesForUid: [com.xt.retouch]; permName: android.permission.GET_TASKS; type = 0; res = -1; stacktrace=java.lang.Exception

07-18 05:54:23.267  1567  2441 I LSPosed-Bridge: 	at com.example.permlabel.requirePerm$1$2.afterHookedMethod(requirePerm.java:129)

07-18 05:54:23.267  1567  2441 I LSPosed-Bridge: 	at com.example.permlabel.requirePerm$1$2.afterHookedMethod(requirePerm.java:129)

07-18 05:54:23.267  1567  2441 I LSPosed-Bridge: 	at de.robv.android.xposed.XposedBridge$AdditionalHookInfo.callback(Unknown Source:147)

07-18 05:54:23.267  1567  2441 I LSPosed-Bridge: 	at de.robv.android.xposed.XposedBridge$AdditionalHookInfo.callback(Unknown Source:147)

07-18 05:54:23.267  1567  2441 I LSPosed-Bridge: 	at LSPHooker_.checkPermission(Unknown Source:25)

07-18 05:54:23.267  1567  2441 I LSPosed-Bridge: 	at LSPHooker_.checkPermission(Unknown Source:25)

07-18 05:54:23.267  1567  2441 I LSPosed-Bridge: 	at com.android.server.am.ActivityManagerService.isGetTasksAllowed(ActivityManagerService.java:10902)

07-18 05:54:23.267  1567  2441 I LSPosed-Bridge: 	at com.android.server.am.ActivityManagerService.isGetTasksAllowed(ActivityManagerService.java:10902)

07-18 05:54:23.267  1567  2441 I LSPosed-Bridge: 	at com.android.server.am.ActivityManagerService.getRunningAppProcesses(ActivityManagerService.java:16139)

07-18 05:54:23.267  1567  2441 I LSPosed-Bridge: 	at com.android.server.am.ActivityManagerService.getRunningAppProcesses(ActivityManagerService.java:16139)

07-18 05:54:23.267  1567  2441 I LSPosed-Bridge: 	at android.app.IActivityManager$Stub.onTransact(IActivityManager.java:1088)

07-18 05:54:23.267  1567  2441 I LSPosed-Bridge: 	at android.app.IActivityManager$Stub.onTransact(IActivityManager.java:1088)

07-18 05:54:23.267  1567  2441 I LSPosed-Bridge: 	at com.android.server.am.ActivityManagerService.onTransact(ActivityManagerService.java:3346)

07-18 05:54:23.267  1567  2441 I LSPosed-Bridge: 	at com.android.server.am.ActivityManagerService.onTransact(ActivityManagerService.java:3346)

07-18 05:54:23.267  1567  2441 I LSPosed-Bridge: 	at android.os.Binder.execTransact(Binder.java:731)

07-18 05:54:23.267  1567  2441 I LSPosed-Bridge: 	at android.os.Binder.execTransact(Binder.java:731)

07-18 05:54:23.267  1567  9717 I LSPosed-Bridge: 8315 PermLabel 10129 AMS.checkPermission: Binder.getCallingPid() = 8315; uid = 10129; Binder.getCallingUid() = 10129; getNameForUid: com.xt.retouch; getPackagesForUid: [com.xt.retouch]; permName: android.permission.GET_TASKS; type = 0; res = -1; stacktrace=java.lang.Exception

07-18 05:54:23.267  1567  9717 I LSPosed-Bridge: 8315 PermLabel 10129 AMS.checkPermission: Binder.getCallingPid() = 8315; uid = 10129; Binder.getCallingUid() = 10129; getNameForUid: com.xt.retouch; getPackagesForUid: [com.xt.retouch]; permName: android.permission.GET_TASKS; type = 0; res = -1; stacktrace=java.lang.Exception

07-18 05:54:23.267  1567  9717 I LSPosed-Bridge: 	at com.example.permlabel.requirePerm$1$2.afterHookedMethod(requirePerm.java:129)

07-18 05:54:23.267  1567  9717 I LSPosed-Bridge: 	at com.example.permlabel.requirePerm$1$2.afterHookedMethod(requirePerm.java:129)

07-18 05:54:23.267  1567  9717 I LSPosed-Bridge: 	at de.robv.android.xposed.XposedBridge$AdditionalHookInfo.callback(Unknown Source:147)

07-18 05:54:23.267  1567  9717 I LSPosed-Bridge: 	at de.robv.android.xposed.XposedBridge$AdditionalHookInfo.callback(Unknown Source:147)

07-18 05:54:23.267  1567  9717 I LSPosed-Bridge: 	at LSPHooker_.checkPermission(Unknown Source:25)

07-18 05:54:23.267  1567  9717 I LSPosed-Bridge: 	at LSPHooker_.checkPermission(Unknown Source:25)

07-18 05:54:23.267  1567  9717 I LSPosed-Bridge: 	at com.android.server.am.ActivityManagerService.isGetTasksAllowed(ActivityManagerService.java:10902)

07-18 05:54:23.267  1567  9717 I LSPosed-Bridge: 	at com.android.server.am.ActivityManagerService.isGetTasksAllowed(ActivityManagerService.java:10902)

07-18 05:54:23.267  1567  9717 I LSPosed-Bridge: 	at com.android.server.am.ActivityManagerService.getRunningAppProcesses(ActivityManagerService.java:16139)

07-18 05:54:23.267  1567  9717 I LSPosed-Bridge: 	at com.android.server.am.ActivityManagerService.getRunningAppProcesses(ActivityManagerService.java:16139)

07-18 05:54:23.267  1567  9717 I LSPosed-Bridge: 	at android.app.IActivityManager$Stub.onTransact(IActivityManager.java:1088)

07-18 05:54:23.267  1567  9717 I LSPosed-Bridge: 	at android.app.IActivityManager$Stub.onTransact(IActivityManager.java:1088)

07-18 05:54:23.267  1567  9717 I LSPosed-Bridge: 	at com.android.server.am.ActivityManagerService.onTransact(ActivityManagerService.java:3346)

07-18 05:54:23.267  1567  9717 I LSPosed-Bridge: 	at com.android.server.am.ActivityManagerService.onTransact(ActivityManagerService.java:3346)

07-18 05:54:23.267  1567  9717 I LSPosed-Bridge: 	at android.os.Binder.execTransact(Binder.java:731)

07-18 05:54:23.267  1567  9717 I LSPosed-Bridge: 	at android.os.Binder.execTransact(Binder.java:731)

07-18 05:54:23.274   553   553 I ConfigStore: android::hardware::configstore::V1_0::ISurfaceFlingerConfigs::hasHDRDisplay retrieved: 0

07-18 05:54:23.274  1567  2441 I LSPosed-Bridge: 8315 PermLabel 10129 AMS.checkPermission: Binder.getCallingPid() = 8315; uid = 10129; Binder.getCallingUid() = 10129; getNameForUid: com.xt.retouch; getPackagesForUid: [com.xt.retouch]; permName: android.permission.GET_TASKS; type = 0; res = -1; stacktrace=java.lang.Exception

07-18 05:54:23.274  1567  2441 I LSPosed-Bridge: 	at com.example.permlabel.requirePerm$1$2.afterHookedMethod(requirePerm.java:129)

07-18 05:54:23.274  1567  2441 I LSPosed-Bridge: 	at de.robv.android.xposed.XposedBridge$AdditionalHookInfo.callback(Unknown Source:147)

07-18 05:54:23.274  1567  2441 I LSPosed-Bridge: 	at LSPHooker_.checkPermission(Unknown Source:25)

07-18 05:54:23.274  1567  2441 I LSPosed-Bridge: 	at com.android.server.am.ActivityManagerService.isGetTasksAllowed(ActivityManagerService.java:10902)

07-18 05:54:23.274  1567  2441 I LSPosed-Bridge: 	at com.android.server.am.ActivityManagerService.getRunningAppProcesses(ActivityManagerService.java:16139)

07-18 05:54:23.274  1567  2441 I LSPosed-Bridge: 	at android.app.IActivityManager$Stub.onTransact(IActivityManager.java:1088)

07-18 05:54:23.274  1567  2441 I LSPosed-Bridge: 	at com.android.server.am.ActivityManagerService.onTransact(ActivityManagerService.java:3346)

07-18 05:54:23.274  1567  2441 I LSPosed-Bridge: 	at android.os.Binder.execTransact(Binder.java:731)

07-18 05:54:23.286  1567  1579 I LSPosed-Bridge: 8315 PermLabel 10129 AMS.checkPermission: Binder.getCallingPid() = 8315; uid = 10129; Binder.getCallingUid() = 10129; getNameForUid: com.xt.retouch; getPackagesForUid: [com.xt.retouch]; permName: android.permission.GET_TASKS; type = 0; res = -1; stacktrace=java.lang.Exception

07-18 05:54:23.286  1567  1579 I LSPosed-Bridge: 	at com.example.permlabel.requirePerm$1$2.afterHookedMethod(requirePerm.java:129)

07-18 05:54:23.286  1567  1579 I LSPosed-Bridge: 	at de.robv.android.xposed.XposedBridge$AdditionalHookInfo.callback(Unknown Source:147)

07-18 05:54:23.286  1567  1579 I LSPosed-Bridge: 	at LSPHooker_.checkPermission(Unknown Source:25)

07-18 05:54:23.286  1567  1579 I LSPosed-Bridge: 	at com.android.server.am.ActivityManagerService.isGetTasksAllowed(ActivityManagerService.java:10902)

07-18 05:54:23.286  1567  1579 I LSPosed-Bridge: 	at com.android.server.am.ActivityManagerService.getRunningAppProcesses(ActivityManagerService.java:16139)

07-18 05:54:23.286  1567  1579 I LSPosed-Bridge: 	at android.app.IActivityManager$Stub.onTransact(IActivityManager.java:1088)

07-18 05:54:23.286  1567  1579 I LSPosed-Bridge: 	at com.android.server.am.ActivityManagerService.onTransact(ActivityManagerService.java:3346)

07-18 05:54:23.286  1567  1579 I LSPosed-Bridge: 	at android.os.Binder.execTransact(Binder.java:731)

07-18 05:54:23.286  8315  8315 I LSPosed-Bridge: 8315 PermLabel hookBinder_test 10129 interfaceBinder =android.app.IActivityManager; arg0 = 67; arg1 = android.os.Parcel@455263e; arg2 = android.os.Parcel@1290a16; arg3 = 0; res = true; stacktrace=java.lang.Exception

07-18 05:54:23.286  8315  8315 I LSPosed-Bridge: 	at com.example.permlabel.hookBinder_test$1.afterHookedMethod(hookBinder_test.java:60)

07-18 05:54:23.286  8315  8315 I LSPosed-Bridge: 	at de.robv.android.xposed.XposedBridge$AdditionalHookInfo.callback(Unknown Source:147)

07-18 05:54:23.286  8315  8315 I LSPosed-Bridge: 	at LSPHooker_.transact(Unknown Source:28)

07-18 05:54:23.286  8315  8315 I LSPosed-Bridge: 	at android.app.IActivityManager$Stub$Proxy.removeContentProvider(IActivityManager.java:5091)

07-18 05:54:23.286  8315  8315 I LSPosed-Bridge: 	at android.app.ActivityThread.completeRemoveProvider(ActivityThread.java:6246)

07-18 05:54:23.286  8315  8315 I LSPosed-Bridge: 	at android.app.ActivityThread$H.handleMessage(ActivityThread.java:1726)

07-18 05:54:23.286  8315  8315 I LSPosed-Bridge: 	at android.os.Handler.dispatchMessage(Handler.java:106)

07-18 05:54:23.286  8315  8315 I LSPosed-Bridge: 	at android.os.Looper.loop(Looper.java:193)

07-18 05:54:23.286  8315  8315 I LSPosed-Bridge: 	at android.app.ActivityThread.main(ActivityThread.java:6692)

07-18 05:54:23.286  8315  8315 I LSPosed-Bridge: 	at java.lang.reflect.Method.invoke(Native Method)

07-18 05:54:23.286  8315  8315 I LSPosed-Bridge: 	at com.android.internal.os.RuntimeInit$MethodAndArgsCaller.run(RuntimeInit.java:493)

07-18 05:54:23.286  8315  8315 I LSPosed-Bridge: 	at com.android.internal.os.ZygoteInit.main(ZygoteInit.java:858)

07-18 05:54:23.298  1567  9717 I LSPosed-Bridge: 8315 PermLabel 10129 AMS.checkPermission: Binder.getCallingPid() = 8315; uid = 10129; Binder.getCallingUid() = 10129; getNameForUid: com.xt.retouch; getPackagesForUid: [com.xt.retouch]; permName: android.permission.GET_TASKS; type = 0; res = -1; stacktrace=java.lang.Exception

07-18 05:54:23.298  1567  9717 I LSPosed-Bridge: 	at com.example.permlabel.requirePerm$1$2.afterHookedMethod(requirePerm.java:129)

07-18 05:54:23.298  1567  9717 I LSPosed-Bridge: 	at de.robv.android.xposed.XposedBridge$AdditionalHookInfo.callback(Unknown Source:147)

07-18 05:54:23.298  1567  9717 I LSPosed-Bridge: 	at LSPHooker_.checkPermission(Unknown Source:25)

07-18 05:54:23.298  1567  9717 I LSPosed-Bridge: 	at com.android.server.am.ActivityManagerService.isGetTasksAllowed(ActivityManagerService.java:10902)

07-18 05:54:23.298  1567  9717 I LSPosed-Bridge: 	at com.android.server.am.ActivityManagerService.getRunningAppProcesses(ActivityManagerService.java:16139)

07-18 05:54:23.298  1567  9717 I LSPosed-Bridge: 	at android.app.IActivityManager$Stub.onTransact(IActivityManager.java:1088)

07-18 05:54:23.298  1567  9717 I LSPosed-Bridge: 	at com.android.server.am.ActivityManagerService.onTransact(ActivityManagerService.java:3346)

07-18 05:54:23.298  1567  9717 I LSPosed-Bridge: 	at android.os.Binder.execTransact(Binder.java:731)

07-18 05:54:26.602  1567  8376 I LSPosed-Bridge: 7198 PermLabel 10129 AMS.checkPermission: Binder.getCallingPid() = 7198; uid = 10129; Binder.getCallingUid() = 10129; getNameForUid: com.xt.retouch; getPackagesForUid: [com.xt.retouch]; permName: android.permission.GET_TASKS; type = 0; res = -1; stacktrace=java.lang.Exception

07-18 05:54:26.602  1567  8376 I LSPosed-Bridge: 	at com.example.permlabel.requirePerm$1$2.afterHookedMethod(requirePerm.java:129)

07-18 05:54:26.602  1567  8376 I LSPosed-Bridge: 	at de.robv.android.xposed.XposedBridge$AdditionalHookInfo.callback(Unknown Source:147)

07-18 05:54:26.602  1567  8376 I LSPosed-Bridge: 	at LSPHooker_.checkPermission(Unknown Source:25)

07-18 05:54:26.602  1567  8376 I LSPosed-Bridge: 	at com.android.server.am.ActivityManagerService.isGetTasksAllowed(ActivityManagerService.java:10902)

07-18 05:54:26.602  1567  8376 I LSPosed-Bridge: 	at com.android.server.am.ActivityManagerService.getRunningAppProcesses(ActivityManagerService.java:16139)

07-18 05:54:26.602  1567  8376 I LSPosed-Bridge: 	at android.app.IActivityManager$Stub.onTransact(IActivityManager.java:1088)

07-18 05:54:26.602  1567  8376 I LSPosed-Bridge: 	at com.android.server.am.ActivityManagerService.onTransact(ActivityManagerService.java:3346)

07-18 05:54:26.602  1567  8376 I LSPosed-Bridge: 	at android.os.Binder.execTransact(Binder.java:731)

07-18 05:54:26.602  7198  7198 I LSPosed-Bridge: 7198 PermLabel hookBinder_test 10129 interfaceBinder =android.content.IContentService; arg0 = 1; arg1 = android.os.Parcel@5f6d4c3; arg2 = android.os.Parcel@757ac6a; arg3 = 0; res = true; stacktrace=java.lang.Exception

07-18 05:54:26.602  7198  7198 I LSPosed-Bridge: 	at com.example.permlabel.hookBinder_test$1.afterHookedMethod(hookBinder_test.java:60)

07-18 05:54:26.602  7198  7198 I LSPosed-Bridge: 	at de.robv.android.xposed.XposedBridge$AdditionalHookInfo.callback(Unknown Source:147)

07-18 05:54:26.602  7198  7198 I LSPosed-Bridge: 	at LSPHooker_.transact(Unknown Source:28)

07-18 05:54:26.602  7198  7198 I LSPosed-Bridge: 	at android.content.IContentService$Stub$Proxy.unregisterContentObserver(IContentService.java:746)

07-18 05:54:26.602  7198  7198 I LSPosed-Bridge: 	at android.content.ContentResolver.unregisterContentObserver(ContentResolver.java:1993)

07-18 05:54:26.602  7198  7198 I LSPosed-Bridge: 	at com.xt.retouch.util.d.c.b(ScreenShotListener.kt:102)

07-18 05:54:26.602  7198  7198 I LSPosed-Bridge: 	at com.xt.retouch.gallery.refactor.model.b.al(GalleryActivityViewModel2.kt:403)

07-18 05:54:26.602  7198  7198 I LSPosed-Bridge: 	at com.xt.retouch.gallery.refactor.GalleryFragment2.onPause(GalleryFragment2.kt:822)

07-18 05:54:26.602  7198  7198 I LSPosed-Bridge: 	at androidx.fragment.app.c.performPause(Fragment.java:2879)

07-18 05:54:26.602  7198  7198 I LSPosed-Bridge: 	at androidx.fragment.app.q.i(FragmentStateManager.java:383)

07-18 05:54:26.602  7198  7198 I LSPosed-Bridge: 	at androidx.fragment.app.l.a(FragmentManager.java:1206)

07-18 05:54:26.602  7198  7198 I LSPosed-Bridge: 	at androidx.fragment.app.l.g(FragmentManager.java:1356)

07-18 05:54:26.602  7198  7198 I LSPosed-Bridge: 	at androidx.fragment.app.l.h(FragmentManager.java:1434)

07-18 05:54:26.602  7198  7198 I LSPosed-Bridge: 	at androidx.fragment.app.l.a(FragmentManager.java:1497)

07-18 05:54:26.602  7198  7198 I LSPosed-Bridge: 	at androidx.fragment.app.l.e(FragmentManager.java:2625)

07-18 05:54:26.602  7198  7198 I LSPosed-Bridge: 	at androidx.fragment.app.l.r(FragmentManager.java:2593)

07-18 05:54:26.602  7198  7198 I LSPosed-Bridge: 	at androidx.fragment.app.g.h(FragmentController.java:280)

07-18 05:54:26.602  7198  7198 I LSPosed-Bridge: 	at androidx.fragment.app.d.onPause(FragmentActivity.java:419)

07-18 05:54:26.602  7198  7198 I LSPosed-Bridge: 	at com.xt.retouch.basearchitect.component.c.onPause(RetouchActivity.kt:120)

07-18 05:54:26.602  7198  7198 I LSPosed-Bridge: 	at android.app.Activity.performPause(Activity.java:7329)

07-18 05:54:26.602  7198  7198 I LSPosed-Bridge: 	at android.app.Instrumentation.callActivityOnPause(Instrumentation.java:1466)

07-18 05:54:26.602  7198  7198 I LSPosed-Bridge: 	at android.app.ActivityThread.performPauseActivityIfNeeded(ActivityThread.java:4022)

07-18 05:54:26.602  7198  7198 I LSPosed-Bridge: 	at android.app.ActivityThread.performPauseActivity(ActivityThread.java:3987)

07-18 05:54:26.602  7198  7198 I LSPosed-Bridge: 	at android.app.ActivityThread.handlePauseActivity(ActivityThread.java:3939)

07-18 05:54:26.602  7198  7198 I LSPosed-Bridge: 	at android.app.servertransaction.PauseActivityItem.execute(PauseActivityItem.java:45)

07-18 05:54:26.602  7198  7198 I LSPosed-Bridge: 	at android.app.servertransaction.TransactionExecutor.executeLifecycleState(TransactionExecutor.java:145)

07-18 05:54:26.602  7198  7198 I LSPosed-Bridge: 	at android.app.servertransaction.TransactionExecutor.execute(TransactionExecutor.java:70)

07-18 05:54:26.602  7198  7198 I LSPosed-Bridge: 	at android.app.ActivityThread$H.handleMessage(ActivityThread.java:1809)

07-18 05:54:26.602  7198  7198 I LSPosed-Bridge: 	at android.os.Handler.dispatchMessage(Handler.java:106)

07-18 05:54:26.602  7198  7198 I LSPosed-Bridge: 	at android.os.Looper.loop(Looper.java:193)

07-18 05:54:26.602  7198  7198 I LSPosed-Bridge: 	at android.app.ActivityThread.main(ActivityThread.java:6692)

07-18 05:54:26.602  7198  7198 I LSPosed-Bridge: 	at java.lang.reflect.Method.invoke(Native Method)

07-18 05:54:26.602  7198  7198 I LSPosed-Bridge: 	at com.android.internal.os.RuntimeInit$MethodAndArgsCaller.run(RuntimeInit.java:493)

07-18 05:54:26.602  7198  7198 I LSPosed-Bridge: 	at com.android.internal.os.ZygoteInit.main(ZygoteInit.java:858)

07-18 05:54:26.605  7198  7198 I LSPosed-Bridge: 7198 PermLabel hookBinder_test 10129 interfaceBinder =android.content.IContentService; arg0 = 1; arg1 = android.os.Parcel@be13bf0; arg2 = android.os.Parcel@556108b; arg3 = 0; res = true; stacktrace=java.lang.Exception

07-18 05:54:26.605  7198  7198 I LSPosed-Bridge: 	at com.example.permlabel.hookBinder_test$1.afterHookedMethod(hookBinder_test.java:60)

07-18 05:54:26.605  7198  7198 I LSPosed-Bridge: 	at de.robv.android.xposed.XposedBridge$AdditionalHookInfo.callback(Unknown Source:147)

07-18 05:54:26.605  7198  7198 I LSPosed-Bridge: 	at LSPHooker_.transact(Unknown Source:28)

07-18 05:54:26.605  7198  7198 I LSPosed-Bridge: 	at android.content.IContentService$Stub$Proxy.unregisterContentObserver(IContentService.java:746)

07-18 05:54:26.605  7198  7198 I LSPosed-Bridge: 	at android.content.ContentResolver.unregisterContentObserver(ContentResolver.java:1993)

07-18 05:54:26.605  7198  7198 I LSPosed-Bridge: 	at com.xt.retouch.util.d.a.b(ScreenRecordingListener.kt:89)

07-18 05:54:26.605  7198  7198 I LSPosed-Bridge: 	at com.xt.retouch.gallery.refactor.model.b.am(GalleryActivityViewModel2.kt:410)

07-18 05:54:26.605  7198  7198 I LSPosed-Bridge: 	at com.xt.retouch.gallery.refactor.GalleryFragment2.onPause(GalleryFragment2.kt:823)

07-18 05:54:26.605  7198  7198 I LSPosed-Bridge: 	at androidx.fragment.app.c.performPause(Fragment.java:2879)

07-18 05:54:26.605  7198  7198 I LSPosed-Bridge: 	at androidx.fragment.app.q.i(FragmentStateManager.java:383)

07-18 05:54:26.605  7198  7198 I LSPosed-Bridge: 	at androidx.fragment.app.l.a(FragmentManager.java:1206)

07-18 05:54:26.605  7198  7198 I LSPosed-Bridge: 	at androidx.fragment.app.l.g(FragmentManager.java:1356)

07-18 05:54:26.605  7198  7198 I LSPosed-Bridge: 	at androidx.fragment.app.l.h(FragmentManager.java:1434)

07-18 05:54:26.605  7198  7198 I LSPosed-Bridge: 	at androidx.fragment.app.l.a(FragmentManager.java:1497)

07-18 05:54:26.605  7198  7198 I LSPosed-Bridge: 	at androidx.fragment.app.l.e(FragmentManager.java:2625)

07-18 05:54:26.605  7198  7198 I LSPosed-Bridge: 	at androidx.fragment.app.l.r(FragmentManager.java:2593)

07-18 05:54:26.605  7198  7198 I LSPosed-Bridge: 	at androidx.fragment.app.g.h(FragmentController.java:280)

07-18 05:54:26.605  7198  7198 I LSPosed-Bridge: 	at androidx.fragment.app.d.onPause(FragmentActivity.java:419)

07-18 05:54:26.605  7198  7198 I LSPosed-Bridge: 	at com.xt.retouch.basearchitect.component.c.onPause(RetouchActivity.kt:120)

07-18 05:54:26.605  7198  7198 I LSPosed-Bridge: 	at android.app.Activity.performPause(Activity.java:7329)

07-18 05:54:26.605  7198  7198 I LSPosed-Bridge: 	at android.app.Instrumentation.callActivityOnPause(Instrumentation.java:1466)

07-18 05:54:26.605  7198  7198 I LSPosed-Bridge: 	at android.app.ActivityThread.performPauseActivityIfNeeded(ActivityThread.java:4022)

07-18 05:54:26.605  7198  7198 I LSPosed-Bridge: 	at android.app.ActivityThread.performPauseActivity(ActivityThread.java:3987)

07-18 05:54:26.605  7198  7198 I LSPosed-Bridge: 	at android.app.ActivityThread.handlePauseActivity(ActivityThread.java:3939)

07-18 05:54:26.605  7198  7198 I LSPosed-Bridge: 	at android.app.servertransaction.PauseActivityItem.execute(PauseActivityItem.java:45)

07-18 05:54:26.605  7198  7198 I LSPosed-Bridge: 	at android.app.servertransaction.TransactionExecutor.executeLifecycleState(TransactionExecutor.java:145)

07-18 05:54:26.605  7198  7198 I LSPosed-Bridge: 	at android.app.servertransaction.TransactionExecutor.execute(TransactionExecutor.java:70)

07-18 05:54:26.605  7198  7198 I LSPosed-Bridge: 	at android.app.ActivityThread$H.handleMessage(ActivityThread.java:1809)

07-18 05:54:26.605  7198  7198 I LSPosed-Bridge: 	at android.os.Handler.dispatchMessage(Handler.java:106)

07-18 05:54:26.605  7198  7198 I LSPosed-Bridge: 	at android.os.Looper.loop(Looper.java:193)

07-18 05:54:26.605  7198  7198 I LSPosed-Bridge: 	at android.app.ActivityThread.main(ActivityThread.java:6692)

07-18 05:54:26.605  7198  7198 I LSPosed-Bridge: 	at java.lang.reflect.Method.invoke(Native Method)

07-18 05:54:26.605  7198  7198 I LSPosed-Bridge: 	at com.android.internal.os.RuntimeInit$MethodAndArgsCaller.run(RuntimeInit.java:493)

07-18 05:54:26.605  7198  7198 I LSPosed-Bridge: 	at com.android.internal.os.ZygoteInit.main(ZygoteInit.java:858)

07-18 05:54:26.605  1567  8376 I LSPosed-Bridge: 7198 PermLabel 10129 AMS.checkPermission: Binder.getCallingPid() = 7198; uid = 10129; Binder.getCallingUid() = 10129; getNameForUid: com.xt.retouch; getPackagesForUid: [com.xt.retouch]; permName: android.permission.GET_TASKS; type = 0; res = -1; stacktrace=java.lang.Exception

07-18 05:54:26.605  1567  8376 I LSPosed-Bridge: 	at com.example.permlabel.requirePerm$1$2.afterHookedMethod(requirePerm.java:129)

07-18 05:54:26.605  1567  8376 I LSPosed-Bridge: 	at de.robv.android.xposed.XposedBridge$AdditionalHookInfo.callback(Unknown Source:147)

07-18 05:54:26.605  1567  8376 I LSPosed-Bridge: 	at LSPHooker_.checkPermission(Unknown Source:25)

07-18 05:54:26.605  1567  8376 I LSPosed-Bridge: 	at com.android.server.am.ActivityManagerService.isGetTasksAllowed(ActivityManagerService.java:10902)

07-18 05:54:26.605  1567  8376 I LSPosed-Bridge: 	at com.android.server.am.ActivityManagerService.getRunningAppProcesses(ActivityManagerService.java:16139)

07-18 05:54:26.605  1567  8376 I LSPosed-Bridge: 	at android.app.IActivityManager$Stub.onTransact(IActivityManager.java:1088)

07-18 05:54:26.605  1567  8376 I LSPosed-Bridge: 	at com.android.server.am.ActivityManagerService.onTransact(ActivityManagerService.java:3346)

07-18 05:54:26.605  1567  8376 I LSPosed-Bridge: 	at android.os.Binder.execTransact(Binder.java:731)

07-18 05:54:26.608  7198  7198 W AppLog  : 

07-18 05:54:26.608  1567  2441 I LSPosed-Bridge: 7198 PermLabel 10129 AMS.checkPermission: Binder.getCallingPid() = 7198; uid = 10129; Binder.getCallingUid() = 10129; getNameForUid: com.xt.retouch; getPackagesForUid: [com.xt.retouch]; permName: android.permission.GET_TASKS; type = 0; res = -1; stacktrace=java.lang.Exception

07-18 05:54:26.608  1567  2441 I LSPosed-Bridge: 	at com.example.permlabel.requirePerm$1$2.afterHookedMethod(requirePerm.java:129)

07-18 05:54:26.608  1567  2441 I LSPosed-Bridge: 	at de.robv.android.xposed.XposedBridge$AdditionalHookInfo.callback(Unknown Source:147)

07-18 05:54:26.608  1567  2441 I LSPosed-Bridge: 	at LSPHooker_.checkPermission(Unknown Source:25)

07-18 05:54:26.608  1567  2441 I LSPosed-Bridge: 	at com.android.server.am.ActivityManagerService.isGetTasksAllowed(ActivityManagerService.java:10902)

07-18 05:54:26.608  1567  2441 I LSPosed-Bridge: 	at com.android.server.am.ActivityManagerService.getRunningAppProcesses(ActivityManagerService.java:16139)

07-18 05:54:26.608  1567  2441 I LSPosed-Bridge: 	at android.app.IActivityManager$Stub.onTransact(IActivityManager.java:1088)

07-18 05:54:26.608  1567  2441 I LSPosed-Bridge: 	at com.android.server.am.ActivityManagerService.onTransact(ActivityManagerService.java:3346)

07-18 05:54:26.608  1567  2441 I LSPosed-Bridge: 	at android.os.Binder.execTransact(Binder.java:731)

07-18 05:54:26.618  1567  2441 I LSPosed-Bridge: 8315 PermLabel 10129 AMS.checkPermission: Binder.getCallingPid() = 8315; uid = 10129; Binder.getCallingUid() = 10129; getNameForUid: com.xt.retouch; getPackagesForUid: [com.xt.retouch]; permName: android.permission.GET_TASKS; type = 0; res = -1; stacktrace=java.lang.Exception

07-18 05:54:26.618  1567  2441 I LSPosed-Bridge: 	at com.example.permlabel.requirePerm$1$2.afterHookedMethod(requirePerm.java:129)

07-18 05:54:26.618  1567  2441 I LSPosed-Bridge: 	at de.robv.android.xposed.XposedBridge$AdditionalHookInfo.callback(Unknown Source:147)

07-18 05:54:26.618  1567  2441 I LSPosed-Bridge: 	at LSPHooker_.checkPermission(Unknown Source:25)

07-18 05:54:26.618  1567  2441 I LSPosed-Bridge: 	at com.android.server.am.ActivityManagerService.isGetTasksAllowed(ActivityManagerService.java:10902)

07-18 05:54:26.618  1567  2441 I LSPosed-Bridge: 	at com.android.server.am.ActivityManagerService.getRunningAppProcesses(ActivityManagerService.java:16139)

07-18 05:54:26.618  1567  2441 I LSPosed-Bridge: 	at android.app.IActivityManager$Stub.onTransact(IActivityManager.java:1088)

07-18 05:54:26.618  1567  2441 I LSPosed-Bridge: 	at com.android.server.am.ActivityManagerService.onTransact(ActivityManagerService.java:3346)

07-18 05:54:26.618  1567  2441 I LSPosed-Bridge: 	at android.os.Binder.execTransact(Binder.java:731)

07-18 05:54:26.618  7198  7198 I LSPosed-Bridge: 7198 PermLabel hookBinder_test 10129 interfaceBinder =android.view.accessibility.IAccessibilityInteractionConnectionCallback; arg0 = 2; arg1 = android.os.Parcel@556108b; arg2 = null; arg3 = 1; res = true; stacktrace=java.lang.Exception

07-18 05:54:26.618  7198  7198 I LSPosed-Bridge: 	at com.example.permlabel.hookBinder_test$1.afterHookedMethod(hookBinder_test.java:60)

07-18 05:54:26.618  7198  7198 I LSPosed-Bridge: 	at de.robv.android.xposed.XposedBridge$AdditionalHookInfo.callback(Unknown Source:147)

07-18 05:54:26.618  7198  7198 I LSPosed-Bridge: 	at LSPHooker_.transact(Unknown Source:28)

07-18 05:54:26.618  7198  7198 I LSPosed-Bridge: 	at android.view.accessibility.IAccessibilityInteractionConnectionCallback$Stub$Proxy.setFindAccessibilityNodeInfosResult(IAccessibilityInteractionConnectionCallback.java:146)

07-18 05:54:26.618  7198  7198 I LSPosed-Bridge: 	at android.view.AccessibilityInteractionController.updateInfosForViewportAndReturnFindNodeResult(AccessibilityInteractionController.java:869)

07-18 05:54:26.618  7198  7198 I LSPosed-Bridge: 	at android.view.AccessibilityInteractionController.findAccessibilityNodeInfoByAccessibilityIdUiThread(AccessibilityInteractionController.java:340)

07-18 05:54:26.618  7198  7198 I LSPosed-Bridge: 	at android.view.AccessibilityInteractionController.access$400(AccessibilityInteractionController.java:67)

07-18 05:54:26.618  7198  7198 I LSPosed-Bridge: 	at android.view.AccessibilityInteractionController$PrivateHandler.handleMessage(AccessibilityInteractionController.java:1324)

07-18 05:54:26.618  7198  7198 I LSPosed-Bridge: 	at android.os.Handler.dispatchMessage(Handler.java:106)

07-18 05:54:26.618  7198  7198 I LSPosed-Bridge: 	at android.os.Looper.loop(Looper.java:193)

07-18 05:54:26.618  7198  7198 I LSPosed-Bridge: 	at android.app.ActivityThread.main(ActivityThread.java:6692)

07-18 05:54:26.618  7198  7198 I LSPosed-Bridge: 	at java.lang.reflect.Method.invoke(Native Method)

07-18 05:54:26.618  7198  7198 I LSPosed-Bridge: 	at com.android.internal.os.RuntimeInit$MethodAndArgsCaller.run(RuntimeInit.java:493)

07-18 05:54:26.618  7198  7198 I LSPosed-Bridge: 	at com.android.internal.os.ZygoteInit.main(ZygoteInit.java:858)

07-18 05:54:26.625  8315  8315 I LSPosed-Bridge: 8315 PermLabel hookBinder_test 10129 interfaceBinder =android.app.IActivityManager; arg0 = 67; arg1 = android.os.Parcel@1290a16; arg2 = android.os.Parcel@455263e; arg3 = 0; res = true; stacktrace=java.lang.Exception

07-18 05:54:26.625  8315  8315 I LSPosed-Bridge: 	at com.example.permlabel.hookBinder_test$1.afterHookedMethod(hookBinder_test.java:60)

07-18 05:54:26.625  8315  8315 I LSPosed-Bridge: 	at de.robv.android.xposed.XposedBridge$AdditionalHookInfo.callback(Unknown Source:147)

07-18 05:54:26.625  8315  8315 I LSPosed-Bridge: 	at LSPHooker_.transact(Unknown Source:28)

07-18 05:54:26.625  8315  8315 I LSPosed-Bridge: 	at android.app.IActivityManager$Stub$Proxy.removeContentProvider(IActivityManager.java:5091)

07-18 05:54:26.625  8315  8315 I LSPosed-Bridge: 	at android.app.ActivityThread.completeRemoveProvider(ActivityThread.java:6246)

07-18 05:54:26.625  8315  8315 I LSPosed-Bridge: 	at android.app.ActivityThread$H.handleMessage(ActivityThread.java:1726)

07-18 05:54:26.625  8315  8315 I LSPosed-Bridge: 	at android.os.Handler.dispatchMessage(Handler.java:106)

07-18 05:54:26.625  8315  8315 I LSPosed-Bridge: 	at android.os.Looper.loop(Looper.java:193)

07-18 05:54:26.625  8315  8315 I LSPosed-Bridge: 	at android.app.ActivityThread.main(ActivityThread.java:6692)

07-18 05:54:26.625  8315  8315 I LSPosed-Bridge: 	at java.lang.reflect.Method.invoke(Native Method)

07-18 05:54:26.625  8315  8315 I LSPosed-Bridge: 	at com.android.internal.os.RuntimeInit$MethodAndArgsCaller.run(RuntimeInit.java:493)

07-18 05:54:26.625  8315  8315 I LSPosed-Bridge: 	at com.android.internal.os.ZygoteInit.main(ZygoteInit.java:858)

07-18 05:54:26.625  7198  7274 I LSPosed-Bridge: 7198 PermLabel hookBinder_test 10129 interfaceBinder =android.content.IContentService; arg0 = 3; arg1 = android.os.Parcel@5f6d4c3; arg2 = android.os.Parcel@757ac6a; arg3 = 0; res = true; stacktrace=java.lang.Exception

07-18 05:54:26.625  7198  7274 I LSPosed-Bridge: 	at com.example.permlabel.hookBinder_test$1.afterHookedMethod(hookBinder_test.java:60)

07-18 05:54:26.625  7198  7274 I LSPosed-Bridge: 	at de.robv.android.xposed.XposedBridge$AdditionalHookInfo.callback(Unknown Source:147)

07-18 05:54:26.625  7198  7274 I LSPosed-Bridge: 	at LSPHooker_.transact(Unknown Source:28)

07-18 05:54:26.625  7198  7274 I LSPosed-Bridge: 	at android.content.IContentService$Stub$Proxy.notifyChange(IContentService.java:811)

07-18 05:54:26.625  7198  7274 I LSPosed-Bridge: 	at android.content.ContentResolver.notifyChange(ContentResolver.java:2099)

07-18 05:54:26.625  7198  7274 I LSPosed-Bridge: 	at android.content.ContentResolver.notifyChange(ContentResolver.java:2050)

07-18 05:54:26.625  7198  7274 I LSPosed-Bridge: 	at android.content.ContentResolver.notifyChange(ContentResolver.java:2020)

07-18 05:54:26.625  7198  7274 I LSPosed-Bridge: 	at com.ss.android.pushmanager.setting.PushMultiProcessSharedProvider.a(PushMultiProcessSharedProvider.java:73)

07-18 05:54:26.625  7198  7274 I LSPosed-Bridge: 	at com.ss.android.pushmanager.setting.PushMultiProcessSharedProvider$1.run(PushMultiProcessSharedProvider.java:304)

07-18 05:54:26.625  7198  7274 I LSPosed-Bridge: 	at com.ss.android.pushmanager.setting.PushMultiProcessSharedProvider.insert(PushMultiProcessSharedProvider.java:286)

07-18 05:54:26.625  7198  7274 I LSPosed-Bridge: 	at android.content.ContentProvider$Transport.insert(ContentProvider.java:266)

07-18 05:54:26.625  7198  7274 I LSPosed-Bridge: 	at android.content.ContentResolver.insert(ContentResolver.java:1590)

07-18 05:54:26.625  7198  7274 I LSPosed-Bridge: 	at com.ss.android.pushmanager.setting.PushMultiProcessSharedProvider$a.a(PushMultiProcessSharedProvider.java:542)

07-18 05:54:26.625  7198  7274 I LSPosed-Bridge: 	at com.ss.android.newmedia.redbadge.b.a.b(RedbadgeSetting.java:81)

07-18 05:54:26.625  7198  7274 I LSPosed-Bridge: 	at com.ss.android.newmedia.redbadge.b.f(RedBadgeControlClient.java:127)

07-18 05:54:26.625  7198  7274 I LSPosed-Bridge: 	at com.ss.android.newmedia.redbadge.b.a(RedBadgeControlClient.java:167)

07-18 05:54:26.625  7198  7274 I LSPosed-Bridge: 	at com.ss.android.newmedia.redbadge.b.handleMsg(RedBadgeControlClient.java:349)

07-18 05:54:26.625  7198  7274 I LSPosed-Bridge: 	at com.bytedance.common.utility.collection.WeakHandler.handleMessage(WeakHandler.java:33)

07-18 05:54:26.625  7198  7274 I LSPosed-Bridge: 	at android.os.Handler.dispatchMessage(Handler.java:106)

07-18 05:54:26.625  7198  7274 I LSPosed-Bridge: 	at android.os.Looper.loop(Looper.java:193)

07-18 05:54:26.625  7198  7274 I LSPosed-Bridge: 	at android.os.HandlerThread.run(HandlerThread.java:65)

07-18 05:54:26.625  7198  7198 I LSPosed-Bridge: 7198 PermLabel hookBinder_test 10129 interfaceBinder =android.content.pm.IPackageManager; arg0 = 47; arg1 = android.os.Parcel@556108b; arg2 = android.os.Parcel@be13bf0; arg3 = 0; res = true; stacktrace=java.lang.Exception

07-18 05:54:26.625  7198  7198 I LSPosed-Bridge: 	at com.example.permlabel.hookBinder_test$1.afterHookedMethod(hookBinder_test.java:60)

07-18 05:54:26.625  7198  7198 I LSPosed-Bridge: 	at de.robv.android.xposed.XposedBridge$AdditionalHookInfo.callback(Unknown Source:147)

07-18 05:54:26.625  7198  7198 I LSPosed-Bridge: 	at LSPHooker_.transact(Unknown Source:28)

07-18 05:54:26.625  7198  7198 I LSPosed-Bridge: 	at android.content.pm.IPackageManager$Stub$Proxy.queryIntentReceivers(IPackageManager.java:3873)

07-18 05:54:26.625  7198  7198 I LSPosed-Bridge: 	at android.app.ApplicationPackageManager.queryBroadcastReceiversAsUser(ApplicationPackageManager.java:1018)

07-18 05:54:26.625  7198  7198 I LSPosed-Bridge: 	at android.app.ApplicationPackageManager.queryBroadcastReceivers(ApplicationPackageManager.java:1032)

07-18 05:54:26.625  7198  7198 I LSPosed-Bridge: 	at com.ss.android.newmedia.redbadge.c.a.a(BroadcastHelper.java:23)

07-18 05:54:26.625  7198  7198 I LSPosed-Bridge: 	at com.ss.android.newmedia.redbadge.a.d.a(DefaultBadger.java:36)

07-18 05:54:26.625  7198  7198 I LSPosed-Bridge: 	at com.ss.android.newmedia.redbadge.RedBadgeServiceProvider.applyCountOrThrow(RedBadgeServiceProvider.java:115)

07-18 05:54:26.625  7198  7198 I LSPosed-Bridge: 	at com.ss.android.newmedia.redbadge.RedBadgeServiceProvider.applyCount(RedBadgeServiceProvider.java:89)

07-18 05:54:26.625  7198  7198 I LSPosed-Bridge: 	at com.ss.android.newmedia.redbadge.RedBadgeServiceProvider.removeCount(RedBadgeServiceProvider.java:151)

07-18 05:54:26.625  7198  7198 I LSPosed-Bridge: 	at com.ss.android.newmedia.redbadge.RedBadgerManager.removeCount(RedBadgerManager.java:47)

07-18 05:54:26.625  7198  7198 I LSPosed-Bridge: 	at com.lm.components.push.d.b.b(RedPointManager.kt:59)

07-18 05:54:26.625  7198  7198 I LSPosed-Bridge: 	at com.lm.components.push.d.c.a(RedPointStateMonitor.kt:33)

07-18 05:54:26.625  7198  7198 I LSPosed-Bridge: 	at com.lm.components.push.d.c$a.a(RedPointStateMonitor.kt:12)

07-18 05:54:26.625  7198  7198 I LSPosed-Bridge: 	at com.lm.components.push.d.c$a.a(RedPointStateMonitor.kt:7)

07-18 05:54:26.625  7198  7198 I LSPosed-Bridge: 	at androidx.lifecycle.LiveData.b(LiveData.java:131)

07-18 05:54:26.625  7198  7198 I LSPosed-Bridge: 	at androidx.lifecycle.LiveData.a(LiveData.java:149)

07-18 05:54:26.625  7198  7198 I LSPosed-Bridge: 	at androidx.lifecycle.LiveData.b(LiveData.java:307)

07-18 05:54:26.625  7198  7198 I LSPosed-Bridge: 	at androidx.lifecycle.y.b(MutableLiveData.java:50)

07-18 05:54:26.625  7198  7198 I LSPosed-Bridge: 	at com.lm.components.push.d.a$a.onActivityStarted(LifecycleManager.kt:63)

07-18 05:54:26.625  7198  7198 I LSPosed-Bridge: 	at android.app.Application.dispatchActivityStarted(Application.java:230)

07-18 05:54:26.625  7198  7198 I LSPosed-Bridge: 	at android.app.Activity.onStart(Activity.java:1278)

07-18 05:54:26.625  7198  7198 I LSPosed-Bridge: 	at androidx.fragment.app.d.onStart(FragmentActivity.java:535)

07-18 05:54:26.625  7198  7198 I LSPosed-Bridge: 	at androidx.appcompat.app.d.onStart(AppCompatActivity.java:210)

07-18 05:54:26.625  7198  7198 I LSPosed-Bridge: 	at com.xt.retouch.basearchitect.component.c.onStart(RetouchActivity.kt:127)

07-18 05:54:26.625  7198  7198 I LSPosed-Bridge: 	at com.xt.retouch.lynx.impl.common.container.LynxCommonActivity.onStart(Unknown Source:25)

07-18 05:54:26.625  7198  7198 I LSPosed-Bridge: 	at android.app.Instrumentation.callActivityOnStart(Instrumentation.java:1392)

07-18 05:54:26.625  7198  7198 I LSPosed-Bridge: 	at android.app.Activity.performStart(Activity.java:7157)

07-18 05:54:26.625  7198  7198 I LSPosed-Bridge: 	at android.app.ActivityThread.handleStartActivity(ActivityThread.java:2938)

07-18 05:54:26.625  7198  7198 I LSPosed-Bridge: 	at android.app.servertransaction.TransactionExecutor.performLifecycleSequence(TransactionExecutor.java:180)

07-18 05:54:26.625  7198  7198 I LSPosed-Bridge: 	at android.app.servertransaction.TransactionExecutor.cycleToPath(TransactionExecutor.java:165)

07-18 05:54:26.625  7198  7198 I LSPosed-Bridge: 	at android.app.servertransaction.TransactionExecutor.executeLifecycleState(TransactionExecutor.java:142)

07-18 05:54:26.625  7198  7198 I LSPosed-Bridge: 	at android.app.servertransaction.TransactionExecutor.execute(TransactionExecutor.java:70)

07-18 05:54:26.625  7198  7198 I LSPosed-Bridge: 	at android.app.ActivityThread$H.handleMessage(ActivityThread.java:1809)

07-18 05:54:26.625  7198  7198 I LSPosed-Bridge: 	at android.os.Handler.dispatchMessage(Handler.java:106)

07-18 05:54:26.625  7198  7198 I LSPosed-Bridge: 	at android.os.Looper.loop(Looper.java:193)

07-18 05:54:26.625  7198  7198 I LSPosed-Bridge: 	at android.app.ActivityThread.main(ActivityThread.java:6692)

07-18 05:54:26.625  7198  7198 I LSPosed-Bridge: 	at java.lang.reflect.Method.invoke(Native Method)

07-18 05:54:26.625  7198  7198 I LSPosed-Bridge: 	at com.android.internal.os.RuntimeInit$MethodAndArgsCaller.run(RuntimeInit.java:493)

07-18 05:54:26.625  7198  7198 I LSPosed-Bridge: 	at com.android.internal.os.ZygoteInit.main(ZygoteInit.java:858)

07-18 05:54:26.625  1567  4602 I LSPosed-Bridge: 8315 PermLabel 10129 AMS.checkPermission: Binder.getCallingPid() = 8315; uid = 10129; Binder.getCallingUid() = 10129; getNameForUid: com.xt.retouch; getPackagesForUid: [com.xt.retouch]; permName: android.permission.GET_TASKS; type = 0; res = -1; stacktrace=java.lang.Exception

07-18 05:54:26.625  1567  4602 I LSPosed-Bridge: 	at com.example.permlabel.requirePerm$1$2.afterHookedMethod(requirePerm.java:129)

07-18 05:54:26.625  1567  4602 I LSPosed-Bridge: 	at de.robv.android.xposed.XposedBridge$AdditionalHookInfo.callback(Unknown Source:147)

07-18 05:54:26.625  1567  4602 I LSPosed-Bridge: 	at LSPHooker_.checkPermission(Unknown Source:25)

07-18 05:54:26.625  1567  4602 I LSPosed-Bridge: 	at com.android.server.am.ActivityManagerService.isGetTasksAllowed(ActivityManagerService.java:10902)

07-18 05:54:26.625  1567  4602 I LSPosed-Bridge: 	at com.android.server.am.ActivityManagerService.getRunningAppProcesses(ActivityManagerService.java:16139)

07-18 05:54:26.625  1567  4602 I LSPosed-Bridge: 	at android.app.IActivityManager$Stub.onTransact(IActivityManager.java:1088)

07-18 05:54:26.625  1567  4602 I LSPosed-Bridge: 	at com.android.server.am.ActivityManagerService.onTransact(ActivityManagerService.java:3346)

07-18 05:54:26.625  1567  4602 I LSPosed-Bridge: 	at android.os.Binder.execTransact(Binder.java:731)

07-18 05:54:26.626  1567  2441 I LSPosed-Bridge: 7198 PermLabel 10129 AMS.checkPermission: Binder.getCallingPid() = 7198; uid = 10129; Binder.getCallingUid() = 10129; getNameForUid: com.xt.retouch; getPackagesForUid: [com.xt.retouch]; permName: android.permission.GET_TASKS; type = 0; res = -1; stacktrace=java.lang.Exception

07-18 05:54:26.626  1567  2441 I LSPosed-Bridge: 	at com.example.permlabel.requirePerm$1$2.afterHookedMethod(requirePerm.java:129)

07-18 05:54:26.626  1567  2441 I LSPosed-Bridge: 	at de.robv.android.xposed.XposedBridge$AdditionalHookInfo.callback(Unknown Source:147)

07-18 05:54:26.626  1567  2441 I LSPosed-Bridge: 	at LSPHooker_.checkPermission(Unknown Source:25)

07-18 05:54:26.626  1567  2441 I LSPosed-Bridge: 	at com.android.server.am.ActivityManagerService.isGetTasksAllowed(ActivityManagerService.java:10902)

07-18 05:54:26.626  1567  2441 I LSPosed-Bridge: 	at com.android.server.am.ActivityManagerService.getRunningAppProcesses(ActivityManagerService.java:16139)

07-18 05:54:26.626  1567  2441 I LSPosed-Bridge: 	at android.app.IActivityManager$Stub.onTransact(IActivityManager.java:1088)

07-18 05:54:26.626  1567  2441 I LSPosed-Bridge: 	at com.android.server.am.ActivityManagerService.onTransact(ActivityManagerService.java:3346)

07-18 05:54:26.626  1567  2441 I LSPosed-Bridge: 	at android.os.Binder.execTransact(Binder.java:731)

07-18 05:54:26.626  8315  8460 I LSPosed-Bridge: 8315 PermLabel hookBinder_test 10129 interfaceBinder =android.app.IActivityManager; arg0 = 81; arg1 = android.os.Parcel@1611756; arg2 = android.os.Parcel@8daa4c8; arg3 = 0; res = true; stacktrace=java.lang.Exception

07-18 05:54:26.626  8315  8460 I LSPosed-Bridge: 	at com.example.permlabel.hookBinder_test$1.afterHookedMethod(hookBinder_test.java:60)

07-18 05:54:26.626  8315  8460 I LSPosed-Bridge: 	at de.robv.android.xposed.XposedBridge$AdditionalHookInfo.callback(Unknown Source:147)

07-18 05:54:26.626  8315  8460 I LSPosed-Bridge: 	at LSPHooker_.transact(Unknown Source:28)

07-18 05:54:26.626  8315  8460 I LSPosed-Bridge: 	at android.app.IActivityManager$Stub$Proxy.getRunningAppProcesses(IActivityManager.java:5366)

07-18 05:54:26.626  8315  8460 I LSPosed-Bridge: 	at android.app.ActivityManager.getRunningAppProcesses(ActivityManager.java:3435)

07-18 05:54:26.626  8315  8460 I LSPosed-Bridge: 	at java.lang.reflect.Method.invoke(Native Method)

07-18 05:54:26.626  8315  8460 I LSPosed-Bridge: 	at org.lsposed.lspd.nativebridge.HookBridge.invokeOriginalMethod(Native Method)

07-18 05:54:26.626  8315  8460 I LSPosed-Bridge: 	at de.robv.android.xposed.XposedBridge$AdditionalHookInfo.callback(Unknown Source:110)

07-18 05:54:26.626  8315  8460 I LSPosed-Bridge: 	at LSPHooker_.getRunningAppProcesses(Unknown Source:8)

07-18 05:54:26.626  8315  8460 I LSPosed-Bridge: 	at com.ss.android.message.a.b.a(Unknown Source:40)

07-18 05:54:26.626  8315  8460 I LSPosed-Bridge: 	at com.ss.android.message.a.b.d(ToolUtils.java:275)

07-18 05:54:26.626  8315  8460 I LSPosed-Bridge: 	at com.ss.android.pushmanager.setting.PushMultiProcessSharedProvider.b(PushMultiProcessSharedProvider.java:636)

07-18 05:54:26.626  8315  8460 I LSPosed-Bridge: 	at com.ss.android.pushmanager.setting.PushMultiProcessSharedProvider$b.a(PushMultiProcessSharedProvider.java:728)

07-18 05:54:26.626  8315  8460 I LSPosed-Bridge: 	at com.ss.android.newmedia.redbadge.b.a.d(RedbadgeSetting.java:76)

07-18 05:54:26.626  8315  8460 I LSPosed-Bridge: 	at com.ss.android.newmedia.redbadge.c.b(RedBadgeController.java:210)

07-18 05:54:26.626  8315  8460 I LSPosed-Bridge: 	at com.ss.android.newmedia.redbadge.c$5.onChange(RedBadgeController.java:674)

07-18 05:54:26.626  8315  8460 I LSPosed-Bridge: 	at android.database.ContentObserver.onChange(ContentObserver.java:130)

07-18 05:54:26.626  8315  8460 I LSPosed-Bridge: 	at android.database.ContentObserver.onChange(ContentObserver.java:145)

07-18 05:54:26.626  8315  8460 I LSPosed-Bridge: 	at android.database.ContentObserver$NotificationRunnable.run(ContentObserver.java:216)

07-18 05:54:26.626  8315  8460 I LSPosed-Bridge: 	at android.os.Handler.handleCallback(Handler.java:873)

07-18 05:54:26.626  8315  8460 I LSPosed-Bridge: 	at android.os.Handler.dispatchMessage(Handler.java:99)

