07-18 05:53:16.159  1567  6012 I LSPosed-Bridge: 	at android.app.IActivityManager$Stub.onTransact(IActivityManager.java:1088)

07-18 05:53:16.159  1567  6012 I LSPosed-Bridge: 	at com.android.server.am.ActivityManagerService.onTransact(ActivityManagerService.java:3346)

07-18 05:53:16.159  1567  6012 I LSPosed-Bridge: 	at android.os.Binder.execTransact(Binder.java:731)

07-18 05:53:16.168  1567  6280 I LSPosed-Bridge: 7198 PermLabel 10129 AMS.checkPermission: Binder.getCallingPid() = 7198; uid = 10129; Binder.getCallingUid() = 10129; getNameForUid: com.xt.retouch; getPackagesForUid: [com.xt.retouch]; permName: android.permission.GET_TASKS; type = 0; res = -1; stacktrace=java.lang.Exception

07-18 05:53:16.168  1567  6280 I LSPosed-Bridge: 	at com.example.permlabel.requirePerm$1$2.afterHookedMethod(requirePerm.java:129)

07-18 05:53:16.168  1567  6280 I LSPosed-Bridge: 	at de.robv.android.xposed.XposedBridge$AdditionalHookInfo.callback(Unknown Source:147)

07-18 05:53:16.168  1567  6280 I LSPosed-Bridge: 	at LSPHooker_.checkPermission(Unknown Source:25)

07-18 05:53:16.168  1567  6280 I LSPosed-Bridge: 	at com.android.server.am.ActivityManagerService.isGetTasksAllowed(ActivityManagerService.java:10902)

07-18 05:53:16.168  1567  6280 I LSPosed-Bridge: 	at com.android.server.am.ActivityManagerService.getRunningAppProcesses(ActivityManagerService.java:16139)

07-18 05:53:16.168  1567  6280 I LSPosed-Bridge: 	at android.app.IActivityManager$Stub.onTransact(IActivityManager.java:1088)

07-18 05:53:16.168  1567  6280 I LSPosed-Bridge: 	at com.android.server.am.ActivityManagerService.onTransact(ActivityManagerService.java:3346)

07-18 05:53:16.168  1567  6280 I LSPosed-Bridge: 	at android.os.Binder.execTransact(Binder.java:731)

07-18 05:53:16.168  7198  7198 I LSPosed-Bridge: 7198 PermLabel hookBinder_test 10129 interfaceBinder =android.content.IContentService; arg0 = 2; arg1 = android.os.Parcel@8b8c828; arg2 = android.os.Parcel@6b9ebf; arg3 = 0; res = true; stacktrace=java.lang.Exception

07-18 05:53:16.168  7198  7198 I LSPosed-Bridge: 	at com.example.permlabel.hookBinder_test$1.afterHookedMethod(hookBinder_test.java:60)

07-18 05:53:16.168  7198  7198 I LSPosed-Bridge: 	at de.robv.android.xposed.XposedBridge$AdditionalHookInfo.callback(Unknown Source:147)

07-18 05:53:16.168  7198  7198 I LSPosed-Bridge: 	at LSPHooker_.transact(Unknown Source:28)

07-18 05:53:16.168  7198  7198 I LSPosed-Bridge: 	at android.content.IContentService$Stub$Proxy.registerContentObserver(IContentService.java:778)

07-18 05:53:16.168  7198  7198 I LSPosed-Bridge: 	at android.content.ContentResolver.registerContentObserver(ContentResolver.java:1975)

07-18 05:53:16.168  7198  7198 I LSPosed-Bridge: 	at android.content.ContentResolver.registerContentObserver(ContentResolver.java:1964)

07-18 05:53:16.168  7198  7198 I LSPosed-Bridge: 	at com.xt.retouch.util.d.c.a(ScreenShotListener.kt:84)

07-18 05:53:16.168  7198  7198 I LSPosed-Bridge: 	at com.xt.retouch.uilauncher.f.i.c(MainActivityViewModel.kt:258)

07-18 05:53:16.168  7198  7198 I LSPosed-Bridge: 	at com.xt.retouch.uilauncher.MainActivity.at(MainActivity.kt:437)

07-18 05:53:16.168  7198  7198 I LSPosed-Bridge: 	at com.xt.retouch.uilauncher.MainActivity.onResume(MainActivity.kt:1182)

07-18 05:53:16.168  7198  7198 I LSPosed-Bridge: 	at android.app.Instrumentation.callActivityOnResume(Instrumentation.java:1413)

07-18 05:53:16.168  7198  7198 I LSPosed-Bridge: 	at android.app.Activity.performResume(Activity.java:7292)

07-18 05:53:16.168  7198  7198 I LSPosed-Bridge: 	at android.app.ActivityThread.performResumeActivity(ActivityThread.java:3777)

07-18 05:53:16.168  7198  7198 I LSPosed-Bridge: 	at android.app.ActivityThread.handleResumeActivity(ActivityThread.java:3817)

07-18 05:53:16.168  7198  7198 I LSPosed-Bridge: 	at android.app.servertransaction.ResumeActivityItem.execute(ResumeActivityItem.java:51)

07-18 05:53:16.168  7198  7198 I LSPosed-Bridge: 	at android.app.servertransaction.TransactionExecutor.executeLifecycleState(TransactionExecutor.java:145)

07-18 05:53:16.168  7198  7198 I LSPosed-Bridge: 	at android.app.servertransaction.TransactionExecutor.execute(TransactionExecutor.java:70)

07-18 05:53:16.168  7198  7198 I LSPosed-Bridge: 	at android.app.ActivityThread$H.handleMessage(ActivityThread.java:1809)

07-18 05:53:16.168  7198  7198 I LSPosed-Bridge: 	at android.os.Handler.dispatchMessage(Handler.java:106)

07-18 05:53:16.168  7198  7198 I LSPosed-Bridge: 	at android.os.Looper.loop(Looper.java:193)

07-18 05:53:16.168  7198  7198 I LSPosed-Bridge: 	at android.app.ActivityThread.main(ActivityThread.java:6692)

07-18 05:53:16.168  7198  7198 I LSPosed-Bridge: 	at java.lang.reflect.Method.invoke(Native Method)

07-18 05:53:16.168  7198  7198 I LSPosed-Bridge: 	at com.android.internal.os.RuntimeInit$MethodAndArgsCaller.run(RuntimeInit.java:493)

07-18 05:53:16.168  7198  7198 I LSPosed-Bridge: 	at com.android.internal.os.ZygoteInit.main(ZygoteInit.java:858)

07-18 05:53:16.172  1567  6280 I LSPosed-Bridge: 8315 PermLabel 10129 AMS.checkPermission: Binder.getCallingPid() = 8315; uid = 10129; Binder.getCallingUid() = 10129; getNameForUid: com.xt.retouch; getPackagesForUid: [com.xt.retouch]; permName: android.permission.GET_TASKS; type = 0; res = -1; stacktrace=java.lang.Exception

07-18 05:53:16.172  1567  6280 I LSPosed-Bridge: 	at com.example.permlabel.requirePerm$1$2.afterHookedMethod(requirePerm.java:129)

07-18 05:53:16.172  1567  6280 I LSPosed-Bridge: 	at de.robv.android.xposed.XposedBridge$AdditionalHookInfo.callback(Unknown Source:147)

07-18 05:53:16.172  1567  6280 I LSPosed-Bridge: 	at LSPHooker_.checkPermission(Unknown Source:25)

07-18 05:53:16.172  1567  6280 I LSPosed-Bridge: 	at com.android.server.am.ActivityManagerService.isGetTasksAllowed(ActivityManagerService.java:10902)

07-18 05:53:16.172  1567  6280 I LSPosed-Bridge: 	at com.android.server.am.ActivityManagerService.getRunningAppProcesses(ActivityManagerService.java:16139)

07-18 05:53:16.172  1567  6280 I LSPosed-Bridge: 	at android.app.IActivityManager$Stub.onTransact(IActivityManager.java:1088)

07-18 05:53:16.172  1567  6280 I LSPosed-Bridge: 	at com.android.server.am.ActivityManagerService.onTransact(ActivityManagerService.java:3346)

07-18 05:53:16.172  1567  6280 I LSPosed-Bridge: 	at android.os.Binder.execTransact(Binder.java:731)

07-18 05:53:16.181  1567  6012 I LSPosed-Bridge: 8315 PermLabel 10129 AMS.checkPermission: Binder.getCallingPid() = 8315; uid = 10129; Binder.getCallingUid() = 10129; getNameForUid: com.xt.retouch; getPackagesForUid: [com.xt.retouch]; permName: android.permission.GET_TASKS; type = 0; res = -1; stacktrace=java.lang.Exception

07-18 05:53:16.181  1567  6012 I LSPosed-Bridge: 	at com.example.permlabel.requirePerm$1$2.afterHookedMethod(requirePerm.java:129)

07-18 05:53:16.181  1567  6012 I LSPosed-Bridge: 	at de.robv.android.xposed.XposedBridge$AdditionalHookInfo.callback(Unknown Source:147)

07-18 05:53:16.181  1567  6012 I LSPosed-Bridge: 	at LSPHooker_.checkPermission(Unknown Source:25)

07-18 05:53:16.181  1567  6012 I LSPosed-Bridge: 	at com.android.server.am.ActivityManagerService.isGetTasksAllowed(ActivityManagerService.java:10902)

07-18 05:53:16.181  1567  6012 I LSPosed-Bridge: 	at com.android.server.am.ActivityManagerService.getRunningAppProcesses(ActivityManagerService.java:16139)

07-18 05:53:16.181  1567  6012 I LSPosed-Bridge: 	at android.app.IActivityManager$Stub.onTransact(IActivityManager.java:1088)

07-18 05:53:16.181  1567  6012 I LSPosed-Bridge: 	at com.android.server.am.ActivityManagerService.onTransact(ActivityManagerService.java:3346)

07-18 05:53:16.181  1567  6012 I LSPosed-Bridge: 	at android.os.Binder.execTransact(Binder.java:731)

07-18 05:53:16.181  8315  8315 I LSPosed-Bridge: 8315 PermLabel hookBinder_test 10129 interfaceBinder =android.app.IActivityManager; arg0 = 67; arg1 = android.os.Parcel@1611756; arg2 = android.os.Parcel@455263e; arg3 = 0; res = true; stacktrace=java.lang.Exception

07-18 05:53:16.181  8315  8315 I LSPosed-Bridge: 	at com.example.permlabel.hookBinder_test$1.afterHookedMethod(hookBinder_test.java:60)

07-18 05:53:16.181  8315  8315 I LSPosed-Bridge: 	at de.robv.android.xposed.XposedBridge$AdditionalHookInfo.callback(Unknown Source:147)

07-18 05:53:16.181  8315  8315 I LSPosed-Bridge: 	at LSPHooker_.transact(Unknown Source:28)

07-18 05:53:16.181  8315  8315 I LSPosed-Bridge: 	at android.app.IActivityManager$Stub$Proxy.removeContentProvider(IActivityManager.java:5091)

07-18 05:53:16.181  8315  8315 I LSPosed-Bridge: 	at android.app.ActivityThread.completeRemoveProvider(ActivityThread.java:6246)

07-18 05:53:16.181  8315  8315 I LSPosed-Bridge: 	at android.app.ActivityThread$H.handleMessage(ActivityThread.java:1726)

07-18 05:53:16.181  8315  8315 I LSPosed-Bridge: 	at android.os.Handler.dispatchMessage(Handler.java:106)

07-18 05:53:16.181  8315  8315 I LSPosed-Bridge: 	at android.os.Looper.loop(Looper.java:193)

07-18 05:53:16.181  8315  8315 I LSPosed-Bridge: 	at android.app.ActivityThread.main(ActivityThread.java:6692)

07-18 05:53:16.181  8315  8315 I LSPosed-Bridge: 	at java.lang.reflect.Method.invoke(Native Method)

07-18 05:53:16.181  8315  8315 I LSPosed-Bridge: 	at com.android.internal.os.RuntimeInit$MethodAndArgsCaller.run(RuntimeInit.java:493)

07-18 05:53:16.181  8315  8315 I LSPosed-Bridge: 	at com.android.internal.os.ZygoteInit.main(ZygoteInit.java:858)

07-18 05:53:16.186  1567  6012 I LSPosed-Bridge: 7198 PermLabel 10129 AMS.checkPermission: Binder.getCallingPid() = 7198; uid = 10129; Binder.getCallingUid() = 10129; getNameForUid: com.xt.retouch; getPackagesForUid: [com.xt.retouch]; permName: android.permission.GET_TASKS; type = 0; res = -1; stacktrace=java.lang.Exception

07-18 05:53:16.186  1567  6012 I LSPosed-Bridge: 	at com.example.permlabel.requirePerm$1$2.afterHookedMethod(requirePerm.java:129)

07-18 05:53:16.186  1567  6012 I LSPosed-Bridge: 	at de.robv.android.xposed.XposedBridge$AdditionalHookInfo.callback(Unknown Source:147)

07-18 05:53:16.186  1567  6012 I LSPosed-Bridge: 	at LSPHooker_.checkPermission(Unknown Source:25)

07-18 05:53:16.186  1567  6012 I LSPosed-Bridge: 	at com.android.server.am.ActivityManagerService.isGetTasksAllowed(ActivityManagerService.java:10902)

07-18 05:53:16.186  1567  6012 I LSPosed-Bridge: 	at com.android.server.am.ActivityManagerService.getRunningAppProcesses(ActivityManagerService.java:16139)

07-18 05:53:16.186  1567  6012 I LSPosed-Bridge: 	at android.app.IActivityManager$Stub.onTransact(IActivityManager.java:1088)

07-18 05:53:16.186  1567  6012 I LSPosed-Bridge: 	at com.android.server.am.ActivityManagerService.onTransact(ActivityManagerService.java:3346)

07-18 05:53:16.186  1567  6012 I LSPosed-Bridge: 	at android.os.Binder.execTransact(Binder.java:731)

07-18 05:53:16.186  7198  7198 I LSPosed-Bridge: 7198 PermLabel hookBinder_test 10129 interfaceBinder =com.android.internal.view.IInputMethodManager; arg0 = 12; arg1 = android.os.Parcel@6b9ebf; arg2 = android.os.Parcel@8b8c828; arg3 = 0; res = true; stacktrace=java.lang.Exception

07-18 05:53:16.186  7198  7198 I LSPosed-Bridge: 	at com.example.permlabel.hookBinder_test$1.afterHookedMethod(hookBinder_test.java:60)

07-18 05:53:16.186  7198  7198 I LSPosed-Bridge: 	at de.robv.android.xposed.XposedBridge$AdditionalHookInfo.callback(Unknown Source:147)

07-18 05:53:16.186  7198  7198 I LSPosed-Bridge: 	at LSPHooker_.transact(Unknown Source:28)

07-18 05:53:16.186  7198  7198 I LSPosed-Bridge: 	at com.android.internal.view.IInputMethodManager$Stub$Proxy.startInputOrWindowGainedFocus(IInputMethodManager.java:749)

07-18 05:53:16.186  7198  7198 I LSPosed-Bridge: 	at android.view.inputmethod.InputMethodManager.onPostWindowFocus(InputMethodManager.java:1585)

07-18 05:53:16.186  7198  7198 I LSPosed-Bridge: 	at android.view.ViewRootImpl.handleWindowFocusChanged(ViewRootImpl.java:2599)

07-18 05:53:16.186  7198  7198 I LSPosed-Bridge: 	at android.view.ViewRootImpl.access$900(ViewRootImpl.java:133)

07-18 05:53:16.186  7198  7198 I LSPosed-Bridge: 	at android.view.ViewRootImpl$ViewRootHandler.handleMessage(ViewRootImpl.java:4188)

07-18 05:53:16.186  7198  7198 I LSPosed-Bridge: 	at android.os.Handler.dispatchMessage(Handler.java:106)

07-18 05:53:16.186  7198  7198 I LSPosed-Bridge: 	at android.os.Looper.loop(Looper.java:193)

07-18 05:53:16.186  7198  7198 I LSPosed-Bridge: 	at android.app.ActivityThread.main(ActivityThread.java:6692)

07-18 05:53:16.186  7198  7198 I LSPosed-Bridge: 	at java.lang.reflect.Method.invoke(Native Method)

07-18 05:53:16.186  7198  7198 I LSPosed-Bridge: 	at com.android.internal.os.RuntimeInit$MethodAndArgsCaller.run(RuntimeInit.java:493)

07-18 05:53:16.186  7198  7198 I LSPosed-Bridge: 	at com.android.internal.os.ZygoteInit.main(ZygoteInit.java:858)

07-18 05:53:16.186  8315  8460 I LSPosed-Bridge: 8315 PermLabel hookBinder_test 10129 interfaceBinder =android.app.IActivityManager; arg0 = 25; arg1 = android.os.Parcel@455263e; arg2 = android.os.Parcel@1611756; arg3 = 0; res = true; stacktrace=java.lang.Exception

07-18 05:53:16.186  8315  8460 I LSPosed-Bridge: 	at com.example.permlabel.hookBinder_test$1.afterHookedMethod(hookBinder_test.java:60)

07-18 05:53:16.186  8315  8460 I LSPosed-Bridge: 	at de.robv.android.xposed.XposedBridge$AdditionalHookInfo.callback(Unknown Source:147)

07-18 05:53:16.186  8315  8460 I LSPosed-Bridge: 	at LSPHooker_.transact(Unknown Source:28)

07-18 05:53:16.186  8315  8460 I LSPosed-Bridge: 	at android.app.IActivityManager$Stub$Proxy.getContentProvider(IActivityManager.java:4180)

07-18 05:53:16.186  8315  8460 I LSPosed-Bridge: 	at android.app.ActivityThread.acquireProvider(ActivityThread.java:5993)

07-18 05:53:16.186  8315  8460 I LSPosed-Bridge: 	at android.app.ContextImpl$ApplicationContentResolver.acquireUnstableProvider(ContextImpl.java:2592)

07-18 05:53:16.186  8315  8460 I LSPosed-Bridge: 	at android.content.ContentResolver.acquireUnstableProvider(ContentResolver.java:1831)

07-18 05:53:16.186  8315  8460 I LSPosed-Bridge: 	at android.content.ContentResolver.query(ContentResolver.java:788)

07-18 05:53:16.186  8315  8460 I LSPosed-Bridge: 	at android.content.ContentResolver.query(ContentResolver.java:753)

07-18 05:53:16.186  8315  8460 I LSPosed-Bridge: 	at android.content.ContentResolver.query(ContentResolver.java:711)

07-18 05:53:16.186  8315  8460 I LSPosed-Bridge: 	at com.ss.android.pushmanager.setting.PushMultiProcessSharedProvider$b.a(Unknown Source:55)

07-18 05:53:16.186  8315  8460 I LSPosed-Bridge: 	at com.ss.android.pushmanager.setting.PushMultiProcessSharedProvider$b.a(PushMultiProcessSharedProvider.java:731)

07-18 05:53:16.186  8315  8460 I LSPosed-Bridge: 	at com.ss.android.newmedia.redbadge.b.a.d(RedbadgeSetting.java:76)

07-18 05:53:16.186  8315  8460 I LSPosed-Bridge: 	at com.ss.android.newmedia.redbadge.c.b(RedBadgeController.java:210)

07-18 05:53:16.186  8315  8460 I LSPosed-Bridge: 	at com.ss.android.newmedia.redbadge.c$5.onChange(RedBadgeController.java:674)

07-18 05:53:16.186  8315  8460 I LSPosed-Bridge: 	at android.database.ContentObserver.onChange(ContentObserver.java:130)

07-18 05:53:16.186  8315  8460 I LSPosed-Bridge: 	at android.database.ContentObserver.onChange(ContentObserver.java:145)

07-18 05:53:16.186  8315  8460 I LSPosed-Bridge: 	at android.database.ContentObserver$NotificationRunnable.run(ContentObserver.java:216)

07-18 05:53:16.186  8315  8460 I LSPosed-Bridge: 	at android.os.Handler.handleCallback(Handler.java:873)

07-18 05:53:16.186  8315  8460 I LSPosed-Bridge: 	at android.os.Handler.dispatchMessage(Handler.java:99)

07-18 05:53:16.186  8315  8460 I LSPosed-Bridge: 	at android.os.Looper.loop(Looper.java:193)

07-18 05:53:16.186  8315  8460 I LSPosed-Bridge: 	at android.os.HandlerThread.run(HandlerThread.java:65)

07-18 05:53:16.186  7198  7274 I LSPosed-Bridge: 7198 PermLabel hookBinder_test 10129 interfaceBinder =android.app.IActivityManager; arg0 = 81; arg1 = android.os.Parcel@9ae95e; arg2 = android.os.Parcel@f413d03; arg3 = 0; res = true; stacktrace=java.lang.Exception

07-18 05:53:16.186  7198  7274 I LSPosed-Bridge: 	at com.example.permlabel.hookBinder_test$1.afterHookedMethod(hookBinder_test.java:60)

07-18 05:53:16.186  7198  7274 I LSPosed-Bridge: 	at de.robv.android.xposed.XposedBridge$AdditionalHookInfo.callback(Unknown Source:147)

07-18 05:53:16.186  7198  7274 I LSPosed-Bridge: 	at LSPHooker_.transact(Unknown Source:28)

07-18 05:53:16.186  7198  7274 I LSPosed-Bridge: 	at android.app.IActivityManager$Stub$Proxy.getRunningAppProcesses(IActivityManager.java:5366)

07-18 05:53:16.186  7198  7274 I LSPosed-Bridge: 	at android.app.ActivityManager.getRunningAppProcesses(ActivityManager.java:3435)

07-18 05:53:16.186  7198  7274 I LSPosed-Bridge: 	at java.lang.reflect.Method.invoke(Native Method)

07-18 05:53:16.186  7198  7274 I LSPosed-Bridge: 	at org.lsposed.lspd.nativebridge.HookBridge.invokeOriginalMethod(Native Method)

07-18 05:53:16.186  7198  7274 I LSPosed-Bridge: 	at de.robv.android.xposed.XposedBridge$AdditionalHookInfo.callback(Unknown Source:110)

07-18 05:53:16.186  7198  7274 I LSPosed-Bridge: 	at LSPHooker_.getRunningAppProcesses(Unknown Source:8)

07-18 05:53:16.186  7198  7274 I LSPosed-Bridge: 	at com.ss.android.message.a.b.a(Unknown Source:40)

07-18 05:53:16.186  7198  7274 I LSPosed-Bridge: 	at com.ss.android.message.a.b.d(ToolUtils.java:275)

07-18 05:53:16.186  7198  7274 I LSPosed-Bridge: 	at com.ss.android.pushmanager.setting.PushMultiProcessSharedProvider.b(PushMultiProcessSharedProvider.java:636)

07-18 05:53:16.186  7198  7274 I LSPosed-Bridge: 	at com.ss.android.pushmanager.setting.PushMultiProcessSharedProvider$a.a(PushMultiProcessSharedProvider.java:540)

07-18 05:53:16.186  7198  7274 I LSPosed-Bridge: 	at com.ss.android.newmedia.redbadge.b.a.c(RedbadgeSetting.java:90)

07-18 05:53:16.186  7198  7274 I LSPosed-Bridge: 	at com.ss.android.newmedia.redbadge.b.f(RedBadgeControlClient.java:128)

07-18 05:53:16.186  7198  7274 I LSPosed-Bridge: 	at com.ss.android.newmedia.redbadge.b.a(RedBadgeControlClient.java:167)

07-18 05:53:16.186  7198  7274 I LSPosed-Bridge: 	at com.ss.android.newmedia.redbadge.b.handleMsg(RedBadgeControlClient.java:349)

07-18 05:53:16.186  7198  7274 I LSPosed-Bridge: 	at com.bytedance.common.utility.collection.WeakHandler.handleMessage(WeakHandler.java:33)

07-18 05:53:16.186  7198  7274 I LSPosed-Bridge: 	at android.os.Handler.dispatchMessage(Handler.java:106)

07-18 05:53:16.186  7198  7274 I LSPosed-Bridge: 	at android.os.Looper.loop(Looper.java:193)

07-18 05:53:16.186  7198  7274 I LSPosed-Bridge: 	at android.os.HandlerThread.run(HandlerThread.java:65)

07-18 05:53:16.186  7198  7274 I LSPosed-Bridge: 7198 PermLabel getRunningAppProcesses =android.app.ActivityManager$RunningAppProcessInfo@af51559

07-18 05:53:16.186  7198  7274 I LSPosed-Bridge: 7198 PermLabel getRunningAppProcesses processName: com.xt.retouch pid: 7198

07-18 05:53:16.186  7198  7274 I LSPosed-Bridge: 7198 PermLabel getRunningAppProcesses importance: 100 pid: 7198

07-18 05:53:16.186  7198  7274 I LSPosed-Bridge: 7198 PermLabel getRunningAppProcesses packageName com.xt.retouch at index 0 in process 7198

07-18 05:53:16.186  7198  7274 I LSPosed-Bridge: 7198 PermLabel getRunningAppProcesses =android.app.ActivityManager$RunningAppProcessInfo@2b1651e

07-18 05:53:16.186  7198  7274 I LSPosed-Bridge: 7198 PermLabel getRunningAppProcesses processName: com.xt.retouch:push pid: 8315

07-18 05:53:16.186  7198  7274 I LSPosed-Bridge: 7198 PermLabel getRunningAppProcesses importance: 125 pid: 8315

07-18 05:53:16.186  7198  7274 I LSPosed-Bridge: 7198 PermLabel getRunningAppProcesses packageName com.xt.retouch at index 0 in process 8315

07-18 05:53:16.186  7198  7274 I LSPosed-Bridge: 7198 PermLabel getRunningAppProcesses =android.app.ActivityManager$RunningAppProcessInfo@58b61ff

07-18 05:53:16.186  7198  7274 I LSPosed-Bridge: 7198 PermLabel getRunningAppProcesses processName: com.xt.retouch:pushservice pid: 11754

07-18 05:53:16.186  7198  7274 I LSPosed-Bridge: 7198 PermLabel getRunningAppProcesses importance: 125 pid: 11754

07-18 05:53:16.186  7198  7274 I LSPosed-Bridge: 7198 PermLabel getRunningAppProcesses packageName com.xt.retouch at index 0 in process 11754

07-18 05:53:16.192  1567  6280 I LSPosed-Bridge: 8315 PermLabel 10129 AMS.checkPermission: Binder.getCallingPid() = 8315; uid = 10129; Binder.getCallingUid() = 10129; getNameForUid: com.xt.retouch; getPackagesForUid: [com.xt.retouch]; permName: android.permission.GET_TASKS; type = 0; res = -1; stacktrace=java.lang.Exception

07-18 05:53:16.192  1567  6280 I LSPosed-Bridge: 	at com.example.permlabel.requirePerm$1$2.afterHookedMethod(requirePerm.java:129)

07-18 05:53:16.192  1567  6280 I LSPosed-Bridge: 	at de.robv.android.xposed.XposedBridge$AdditionalHookInfo.callback(Unknown Source:147)

07-18 05:53:16.192  1567  6280 I LSPosed-Bridge: 	at LSPHooker_.checkPermission(Unknown Source:25)

07-18 05:53:16.192  1567  6280 I LSPosed-Bridge: 	at com.android.server.am.ActivityManagerService.isGetTasksAllowed(ActivityManagerService.java:10902)

07-18 05:53:16.192  1567  6280 I LSPosed-Bridge: 	at com.android.server.am.ActivityManagerService.getRunningAppProcesses(ActivityManagerService.java:16139)

07-18 05:53:16.192  1567  6280 I LSPosed-Bridge: 	at android.app.IActivityManager$Stub.onTransact(IActivityManager.java:1088)

07-18 05:53:16.192  1567  6280 I LSPosed-Bridge: 	at com.android.server.am.ActivityManagerService.onTransact(ActivityManagerService.java:3346)

07-18 05:53:16.192  1567  6280 I LSPosed-Bridge: 	at android.os.Binder.execTransact(Binder.java:731)

07-18 05:53:16.208  1567  6280 I LSPosed-Bridge: 7198 PermLabel 10129 AMS.checkPermission: Binder.getCallingPid() = 7198; uid = 10129; Binder.getCallingUid() = 10129; getNameForUid: com.xt.retouch; getPackagesForUid: [com.xt.retouch]; permName: android.permission.GET_TASKS; type = 0; res = -1; stacktrace=java.lang.Exception

07-18 05:53:16.208  1567  6280 I LSPosed-Bridge: 	at com.example.permlabel.requirePerm$1$2.afterHookedMethod(requirePerm.java:129)

07-18 05:53:16.208  1567  6280 I LSPosed-Bridge: 	at de.robv.android.xposed.XposedBridge$AdditionalHookInfo.callback(Unknown Source:147)

07-18 05:53:16.208  1567  6280 I LSPosed-Bridge: 	at LSPHooker_.checkPermission(Unknown Source:25)

07-18 05:53:16.208  1567  6280 I LSPosed-Bridge: 	at com.android.server.am.ActivityManagerService.isGetTasksAllowed(ActivityManagerService.java:10902)

07-18 05:53:16.208  1567  6280 I LSPosed-Bridge: 	at com.android.server.am.ActivityManagerService.getRunningAppProcesses(ActivityManagerService.java:16139)

07-18 05:53:16.208  1567  6280 I LSPosed-Bridge: 	at android.app.IActivityManager$Stub.onTransact(IActivityManager.java:1088)

07-18 05:53:16.208  1567  6280 I LSPosed-Bridge: 	at com.android.server.am.ActivityManagerService.onTransact(ActivityManagerService.java:3346)

07-18 05:53:16.208  1567  6280 I LSPosed-Bridge: 	at android.os.Binder.execTransact(Binder.java:731)

07-18 05:53:16.208  8315  8460 I LSPosed-Bridge: 8315 PermLabel hookBinder_test 10129 interfaceBinder =android.content.IBulkCursor; arg0 = 7; arg1 = android.os.Parcel@1290a16; arg2 = android.os.Parcel@8daa4c8; arg3 = 0; res = true; stacktrace=java.lang.Exception

07-18 05:53:16.208  8315  8460 I LSPosed-Bridge: 	at com.example.permlabel.hookBinder_test$1.afterHookedMethod(hookBinder_test.java:60)

07-18 05:53:16.208  8315  8460 I LSPosed-Bridge: 	at de.robv.android.xposed.XposedBridge$AdditionalHookInfo.callback(Unknown Source:147)

07-18 05:53:16.208  8315  8460 I LSPosed-Bridge: 	at LSPHooker_.transact(Unknown Source:28)

07-18 05:53:16.208  8315  8460 I LSPosed-Bridge: 	at android.database.BulkCursorProxy.close(BulkCursorNative.java:214)

07-18 05:53:16.208  8315  8460 I LSPosed-Bridge: 	at android.database.BulkCursorToCursorAdaptor.close(BulkCursorToCursorAdaptor.java:121)

07-18 05:53:16.208  8315  8460 I LSPosed-Bridge: 	at android.database.CursorWrapper.close(CursorWrapper.java:50)

07-18 05:53:16.208  8315  8460 I LSPosed-Bridge: 	at android.content.ContentResolver$CursorWrapperInner.close(ContentResolver.java:2997)

07-18 05:53:16.208  8315  8460 I LSPosed-Bridge: 	at com.ss.android.pushmanager.setting.PushMultiProcessSharedProvider.a(PushMultiProcessSharedProvider.java:416)

07-18 05:53:16.208  8315  8460 I LSPosed-Bridge: 	at com.ss.android.pushmanager.setting.PushMultiProcessSharedProvider$b.a(PushMultiProcessSharedProvider.java:677)

07-18 05:53:16.208  8315  8460 I LSPosed-Bridge: 	at com.ss.android.newmedia.redbadge.b.a.e(RedbadgeSetting.java:85)

07-18 05:53:16.208  8315  8460 I LSPosed-Bridge: 	at com.ss.android.newmedia.redbadge.c.b(RedBadgeController.java:211)

07-18 05:53:16.208  8315  8460 I LSPosed-Bridge: 	at com.ss.android.newmedia.redbadge.c$5.onChange(RedBadgeController.java:674)

07-18 05:53:16.208  8315  8460 I LSPosed-Bridge: 	at android.database.ContentObserver.onChange(ContentObserver.java:130)

07-18 05:53:16.208  8315  8460 I LSPosed-Bridge: 	at android.database.ContentObserver.onChange(ContentObserver.java:145)

07-18 05:53:16.208  8315  8460 I LSPosed-Bridge: 	at android.database.ContentObserver$NotificationRunnable.run(ContentObserver.java:216)

07-18 05:53:16.208  8315  8460 I LSPosed-Bridge: 	at android.os.Handler.handleCallback(Handler.java:873)

07-18 05:53:16.208  8315  8460 I LSPosed-Bridge: 	at android.os.Handler.dispatchMessage(Handler.java:99)

07-18 05:53:16.208  8315  8460 I LSPosed-Bridge: 	at android.os.Looper.loop(Looper.java:193)

07-18 05:53:16.208  8315  8460 I LSPosed-Bridge: 	at android.os.HandlerThread.run(HandlerThread.java:65)

07-18 05:53:16.210  7198  7274 I LSPosed-Bridge: 7198 PermLabel getRunningAppProcesses processName: com.xt.retouch:pushservice pid: 11754

07-18 05:53:16.210  7198  7274 I LSPosed-Bridge: 7198 PermLabel getRunningAppProcesses importance: 125 pid: 11754

07-18 05:53:16.210  7198  7274 I LSPosed-Bridge: 7198 PermLabel getRunningAppProcesses packageName com.xt.retouch at index 0 in process 11754

07-18 05:53:16.210  1567  1845 I LSPosed-Bridge: 8315 PermLabel 10129 AMS.checkPermission: Binder.getCallingPid() = 8315; uid = 10129; Binder.getCallingUid() = 10129; getNameForUid: com.xt.retouch; getPackagesForUid: [com.xt.retouch]; permName: android.permission.GET_TASKS; type = 0; res = -1; stacktrace=java.lang.Exception

07-18 05:53:16.210  1567  1845 I LSPosed-Bridge: 	at com.example.permlabel.requirePerm$1$2.afterHookedMethod(requirePerm.java:129)

07-18 05:53:16.210  1567  1845 I LSPosed-Bridge: 	at de.robv.android.xposed.XposedBridge$AdditionalHookInfo.callback(Unknown Source:147)

07-18 05:53:16.210  1567  1845 I LSPosed-Bridge: 	at LSPHooker_.checkPermission(Unknown Source:25)

07-18 05:53:16.210  1567  1845 I LSPosed-Bridge: 	at com.android.server.am.ActivityManagerService.isGetTasksAllowed(ActivityManagerService.java:10902)

07-18 05:53:16.210  1567  1845 I LSPosed-Bridge: 	at com.android.server.am.ActivityManagerService.getRunningAppProcesses(ActivityManagerService.java:16139)

07-18 05:53:16.210  1567  1845 I LSPosed-Bridge: 	at android.app.IActivityManager$Stub.onTransact(IActivityManager.java:1088)

07-18 05:53:16.210  1567  1845 I LSPosed-Bridge: 	at com.android.server.am.ActivityManagerService.onTransact(ActivityManagerService.java:3346)

07-18 05:53:16.210  1567  1845 I LSPosed-Bridge: 	at android.os.Binder.execTransact(Binder.java:731)

07-18 05:53:16.210  7198  7274 I LSPosed-Bridge: 7198 PermLabel permName: android.permission.READ_PHONE_STATE; getRunningAppProcesses =[android.app.ActivityManager$RunningAppProcessInfo@9875693, android.app.ActivityManager$RunningAppProcessInfo@3b2d6d0, android.app.ActivityManager$RunningAppProcessInfo@57906c9]; stacktrace=java.lang.Exception

07-18 05:53:16.210  7198  7274 I LSPosed-Bridge: 	at com.example.permlabel.hookBinder_test$2.afterHookedMethod(hookBinder_test.java:100)

07-18 05:53:16.210  7198  7274 I LSPosed-Bridge: 	at de.robv.android.xposed.XposedBridge$AdditionalHookInfo.callback(Unknown Source:147)

07-18 05:53:16.210  7198  7274 I LSPosed-Bridge: 	at LSPHooker_.getRunningAppProcesses(Unknown Source:8)

07-18 05:53:16.210  7198  7274 I LSPosed-Bridge: 	at com.ss.android.message.a.b.a(Unknown Source:40)

07-18 05:53:16.210  7198  7274 I LSPosed-Bridge: 	at com.ss.android.message.a.b.d(ToolUtils.java:275)

07-18 05:53:16.210  7198  7274 I LSPosed-Bridge: 	at com.ss.android.pushmanager.setting.PushMultiProcessSharedProvider.b(PushMultiProcessSharedProvider.java:636)

07-18 05:53:16.210  7198  7274 I LSPosed-Bridge: 	at com.ss.android.pushmanager.setting.PushMultiProcessSharedProvider$a.a(PushMultiProcessSharedProvider.java:540)

07-18 05:53:16.210  7198  7274 I LSPosed-Bridge: 	at com.ss.android.newmedia.redbadge.b.a.b(RedbadgeSetting.java:99)

07-18 05:53:16.210  7198  7274 I LSPosed-Bridge: 	at com.ss.android.newmedia.redbadge.b.f(RedBadgeControlClient.java:125)

07-18 05:53:16.210  7198  7274 I LSPosed-Bridge: 	at com.ss.android.newmedia.redbadge.b.a(RedBadgeControlClient.java:167)

07-18 05:53:16.210  7198  7274 I LSPosed-Bridge: 	at com.ss.android.newmedia.redbadge.b.handleMsg(RedBadgeControlClient.java:349)

07-18 05:53:16.210  7198  7274 I LSPosed-Bridge: 	at com.bytedance.common.utility.collection.WeakHandler.handleMessage(WeakHandler.java:33)

07-18 05:53:16.210  7198  7274 I LSPosed-Bridge: 	at android.os.Handler.dispatchMessage(Handler.java:106)

07-18 05:53:16.210  7198  7274 I LSPosed-Bridge: 	at android.os.Looper.loop(Looper.java:193)

07-18 05:53:16.210  7198  7274 I LSPosed-Bridge: 	at android.os.HandlerThread.run(HandlerThread.java:65)

07-18 05:53:16.210  7198  7198 I LSPosed-Bridge: 7198 PermLabel hookBinder_test 10129 interfaceBinder =android.content.IContentService; arg0 = 1; arg1 = android.os.Parcel@8b8c828; arg2 = android.os.Parcel@6b9ebf; arg3 = 0; res = true; stacktrace=java.lang.Exception

07-18 05:53:16.210  7198  7198 I LSPosed-Bridge: 	at com.example.permlabel.hookBinder_test$1.afterHookedMethod(hookBinder_test.java:60)

07-18 05:53:16.210  7198  7198 I LSPosed-Bridge: 	at de.robv.android.xposed.XposedBridge$AdditionalHookInfo.callback(Unknown Source:147)

07-18 05:53:16.210  7198  7198 I LSPosed-Bridge: 	at LSPHooker_.transact(Unknown Source:28)

07-18 05:53:16.210  7198  7198 I LSPosed-Bridge: 	at android.content.IContentService$Stub$Proxy.unregisterContentObserver(IContentService.java:746)

07-18 05:53:16.210  7198  7198 I LSPosed-Bridge: 	at android.content.ContentResolver.unregisterContentObserver(ContentResolver.java:1993)

07-18 05:53:16.210  7198  7198 I LSPosed-Bridge: 	at com.xt.retouch.util.d.c.b(ScreenShotListener.kt:102)

07-18 05:53:16.210  7198  7198 I LSPosed-Bridge: 	at com.xt.retouch.uilauncher.f.i.K(MainActivityViewModel.kt:278)

07-18 05:53:16.210  7198  7198 I LSPosed-Bridge: 	at com.xt.retouch.uilauncher.MainActivity.onPause(MainActivity.kt:1204)

07-18 05:53:16.210  7198  7198 I LSPosed-Bridge: 	at android.app.Activity.performPause(Activity.java:7329)

07-18 05:53:16.210  7198  7198 I LSPosed-Bridge: 	at android.app.Instrumentation.callActivityOnPause(Instrumentation.java:1466)

07-18 05:53:16.210  7198  7198 I LSPosed-Bridge: 	at android.app.ActivityThread.performPauseActivityIfNeeded(ActivityThread.java:4022)

07-18 05:53:16.210  7198  7198 I LSPosed-Bridge: 	at android.app.ActivityThread.performPauseActivity(ActivityThread.java:3987)

07-18 05:53:16.210  7198  7198 I LSPosed-Bridge: 	at android.app.ActivityThread.handlePauseActivity(ActivityThread.java:3939)

07-18 05:53:16.210  7198  7198 I LSPosed-Bridge: 	at android.app.servertransaction.PauseActivityItem.execute(PauseActivityItem.java:45)

07-18 05:53:16.210  7198  7198 I LSPosed-Bridge: 	at android.app.servertransaction.TransactionExecutor.executeLifecycleState(TransactionExecutor.java:145)

07-18 05:53:16.210  7198  7198 I LSPosed-Bridge: 	at android.app.servertransaction.TransactionExecutor.execute(TransactionExecutor.java:70)

07-18 05:53:16.210  7198  7198 I LSPosed-Bridge: 	at android.app.ActivityThread$H.handleMessage(ActivityThread.java:1809)

07-18 05:53:16.210  7198  7198 I LSPosed-Bridge: 	at android.os.Handler.dispatchMessage(Handler.java:106)

07-18 05:53:16.210  7198  7198 I LSPosed-Bridge: 	at android.os.Looper.loop(Looper.java:193)

07-18 05:53:16.210  7198  7198 I LSPosed-Bridge: 	at android.app.ActivityThread.main(ActivityThread.java:6692)

07-18 05:53:16.210  7198  7198 I LSPosed-Bridge: 	at java.lang.reflect.Method.invoke(Native Method)

07-18 05:53:16.210  7198  7198 I LSPosed-Bridge: 	at com.android.internal.os.RuntimeInit$MethodAndArgsCaller.run(RuntimeInit.java:493)

07-18 05:53:16.210  7198  7198 I LSPosed-Bridge: 	at com.android.internal.os.ZygoteInit.main(ZygoteInit.java:858)

07-18 05:53:16.213  1567  1673 I LSPosed-Bridge: 7198 PermLabel 10129 AMS.checkPermission: Binder.getCallingPid() = 7198; uid = 10129; Binder.getCallingUid() = 10129; getNameForUid: com.xt.retouch; getPackagesForUid: [com.xt.retouch]; permName: android.permission.GET_TASKS; type = 0; res = -1; stacktrace=java.lang.Exception

07-18 05:53:16.213  1567  1673 I LSPosed-Bridge: 	at com.example.permlabel.requirePerm$1$2.afterHookedMethod(requirePerm.java:129)

07-18 05:53:16.213  1567  1673 I LSPosed-Bridge: 	at de.robv.android.xposed.XposedBridge$AdditionalHookInfo.callback(Unknown Source:147)

07-18 05:53:16.213  1567  1673 I LSPosed-Bridge: 	at LSPHooker_.checkPermission(Unknown Source:25)

07-18 05:53:16.213  1567  1673 I LSPosed-Bridge: 	at com.android.server.am.ActivityManagerService.isGetTasksAllowed(ActivityManagerService.java:10902)

07-18 05:53:16.213  1567  1673 I LSPosed-Bridge: 	at com.android.server.am.ActivityManagerService.getRunningAppProcesses(ActivityManagerService.java:16139)

07-18 05:53:16.213  1567  1673 I LSPosed-Bridge: 	at android.app.IActivityManager$Stub.onTransact(IActivityManager.java:1088)

07-18 05:53:16.213  1567  1673 I LSPosed-Bridge: 	at com.android.server.am.ActivityManagerService.onTransact(ActivityManagerService.java:3346)

07-18 05:53:16.213  1567  1673 I LSPosed-Bridge: 	at android.os.Binder.execTransact(Binder.java:731)

07-18 05:53:16.213  8315  8460 I LSPosed-Bridge: 8315 PermLabel hookBinder_test 10129 interfaceBinder =android.app.IActivityManager; arg0 = 81; arg1 = android.os.Parcel@455263e; arg2 = android.os.Parcel@1611756; arg3 = 0; res = true; stacktrace=java.lang.Exception

07-18 05:53:16.213  8315  8460 I LSPosed-Bridge: 	at com.example.permlabel.hookBinder_test$1.afterHookedMethod(hookBinder_test.java:60)

07-18 05:53:16.213  8315  8460 I LSPosed-Bridge: 	at de.robv.android.xposed.XposedBridge$AdditionalHookInfo.callback(Unknown Source:147)

07-18 05:53:16.213  8315  8460 I LSPosed-Bridge: 	at LSPHooker_.transact(Unknown Source:28)

07-18 05:53:16.213  8315  8460 I LSPosed-Bridge: 	at android.app.IActivityManager$Stub$Proxy.getRunningAppProcesses(IActivityManager.java:5366)

07-18 05:53:16.213  8315  8460 I LSPosed-Bridge: 	at android.app.ActivityManager.getRunningAppProcesses(ActivityManager.java:3435)

07-18 05:53:16.213  8315  8460 I LSPosed-Bridge: 	at java.lang.reflect.Method.invoke(Native Method)

07-18 05:53:16.213  8315  8460 I LSPosed-Bridge: 	at org.lsposed.lspd.nativebridge.HookBridge.invokeOriginalMethod(Native Method)

07-18 05:53:16.213  8315  8460 I LSPosed-Bridge: 	at de.robv.android.xposed.XposedBridge$AdditionalHookInfo.callback(Unknown Source:110)

07-18 05:53:16.213  8315  8460 I LSPosed-Bridge: 	at LSPHooker_.getRunningAppProcesses(Unknown Source:8)

07-18 05:53:16.213  8315  8460 I LSPosed-Bridge: 	at com.ss.android.message.a.b.a(Unknown Source:40)

07-18 05:53:16.213  8315  8460 I LSPosed-Bridge: 	at com.ss.android.message.a.b.d(ToolUtils.java:275)

07-18 05:53:16.213  8315  8460 I LSPosed-Bridge: 	at com.ss.android.pushmanager.setting.PushMultiProcessSharedProvider.b(PushMultiProcessSharedProvider.java:636)

07-18 05:53:16.213  8315  8460 I LSPosed-Bridge: 	at com.ss.android.pushmanager.setting.PushMultiProcessSharedProvider$b.a(PushMultiProcessSharedProvider.java:672)

07-18 05:53:16.213  8315  8460 I LSPosed-Bridge: 	at com.ss.android.newmedia.redbadge.b.a.f(RedbadgeSetting.java:94)

07-18 05:53:16.213  8315  8460 I LSPosed-Bridge: 	at com.ss.android.newmedia.redbadge.c.b(RedBadgeController.java:212)

07-18 05:53:16.213  8315  8460 I LSPosed-Bridge: 	at com.ss.android.newmedia.redbadge.c$5.onChange(RedBadgeController.java:674)

07-18 05:53:16.213  8315  8460 I LSPosed-Bridge: 	at android.database.ContentObserver.onChange(ContentObserver.java:130)

07-18 05:53:16.213  8315  8460 I LSPosed-Bridge: 	at android.database.ContentObserver.onChange(ContentObserver.java:145)

07-18 05:53:16.213  8315  8460 I LSPosed-Bridge: 	at android.database.ContentObserver$NotificationRunnable.run(ContentObserver.java:216)

07-18 05:53:16.213  8315  8460 I LSPosed-Bridge: 	at android.os.Handler.handleCallback(Handler.java:873)

07-18 05:53:16.213  8315  8460 I LSPosed-Bridge: 	at android.os.Handler.dispatchMessage(Handler.java:99)

07-18 05:53:16.213  8315  8460 I LSPosed-Bridge: 	at android.os.Looper.loop(Looper.java:193)

07-18 05:53:16.213  8315  8460 I LSPosed-Bridge: 	at android.os.HandlerThread.run(HandlerThread.java:65)

07-18 05:53:16.213  8315  8460 I LSPosed-Bridge: 8315 PermLabel getRunningAppProcesses =android.app.ActivityManager$RunningAppProcessInfo@5aa2148

07-18 05:53:16.213  8315  8460 I LSPosed-Bridge: 8315 PermLabel getRunningAppProcesses processName: com.xt.retouch pid: 7198

07-18 05:53:16.213  8315  8460 I LSPosed-Bridge: 8315 PermLabel getRunningAppProcesses importance: 100 pid: 7198

07-18 05:53:16.213  8315  8460 I LSPosed-Bridge: 8315 PermLabel getRunningAppProcesses packageName com.xt.retouch at index 0 in process 7198

07-18 05:53:16.213  8315  8460 I LSPosed-Bridge: 8315 PermLabel getRunningAppProcesses =android.app.ActivityManager$RunningAppProcessInfo@5444be1

07-18 05:53:16.213  8315  8460 I LSPosed-Bridge: 8315 PermLabel getRunningAppProcesses processName: com.xt.retouch:push pid: 8315

07-18 05:53:16.213  8315  8460 I LSPosed-Bridge: 8315 PermLabel getRunningAppProcesses importance: 125 pid: 8315

07-18 05:53:16.213  8315  8460 I LSPosed-Bridge: 8315 PermLabel getRunningAppProcesses packageName com.xt.retouch at index 0 in process 8315

07-18 05:53:16.213  8315  8460 I LSPosed-Bridge: 8315 PermLabel getRunningAppProcesses =android.app.ActivityManager$RunningAppProcessInfo@e390d06

07-18 05:53:16.213  8315  8460 I LSPosed-Bridge: 8315 PermLabel getRunningAppProcesses processName: com.xt.retouch:pushservice pid: 11754

07-18 05:53:16.213  8315  8460 I LSPosed-Bridge: 8315 PermLabel getRunningAppProcesses importance: 125 pid: 11754

07-18 05:53:16.213  8315  8460 I LSPosed-Bridge: 8315 PermLabel getRunningAppProcesses packageName com.xt.retouch at index 0 in process 11754

07-18 05:53:16.216  8315  8460 I LSPosed-Bridge: 8315 PermLabel hookBinder_test 10129 interfaceBinder =android.app.IActivityManager; arg0 = 25; arg1 = android.os.Parcel@1290a16; arg2 = android.os.Parcel@8daa4c8; arg3 = 0; res = true; stacktrace=java.lang.Exception

07-18 05:53:16.216  8315  8460 I LSPosed-Bridge: 	at com.example.permlabel.hookBinder_test$1.afterHookedMethod(hookBinder_test.java:60)

07-18 05:53:16.216  8315  8460 I LSPosed-Bridge: 	at de.robv.android.xposed.XposedBridge$AdditionalHookInfo.callback(Unknown Source:147)

07-18 05:53:16.216  8315  8460 I LSPosed-Bridge: 	at LSPHooker_.transact(Unknown Source:28)

07-18 05:53:16.216  8315  8460 I LSPosed-Bridge: 	at android.app.IActivityManager$Stub$Proxy.getContentProvider(IActivityManager.java:4180)

07-18 05:53:16.216  8315  8460 I LSPosed-Bridge: 	at android.app.ActivityThread.acquireProvider(ActivityThread.java:5993)

07-18 05:53:16.216  8315  8460 I LSPosed-Bridge: 	at android.app.ContextImpl$ApplicationContentResolver.acquireUnstableProvider(ContextImpl.java:2592)

07-18 05:53:16.216  8315  8460 I LSPosed-Bridge: 	at android.content.ContentResolver.acquireUnstableProvider(ContentResolver.java:1831)

07-18 05:53:16.216  8315  8460 I LSPosed-Bridge: 	at android.content.ContentResolver.query(ContentResolver.java:788)

07-18 05:53:16.216  8315  8460 I LSPosed-Bridge: 	at android.content.ContentResolver.query(ContentResolver.java:753)

07-18 05:53:16.216  8315  8460 I LSPosed-Bridge: 	at android.content.ContentResolver.query(ContentResolver.java:711)

07-18 05:53:16.216  8315  8460 I LSPosed-Bridge: 	at com.ss.android.pushmanager.setting.PushMultiProcessSharedProvider$b.a(Unknown Source:55)

07-18 05:53:16.216  8315  8460 I LSPosed-Bridge: 	at com.ss.android.pushmanager.setting.PushMultiProcessSharedProvider$b.a(PushMultiProcessSharedProvider.java:675)

07-18 05:53:16.216  8315  8460 I LSPosed-Bridge: 	at com.ss.android.newmedia.redbadge.b.a.f(RedbadgeSetting.java:94)

07-18 05:53:16.216  8315  8460 I LSPosed-Bridge: 	at com.ss.android.newmedia.redbadge.c.b(RedBadgeController.java:212)

07-18 05:53:16.216  8315  8460 I LSPosed-Bridge: 	at com.ss.android.newmedia.redbadge.c$5.onChange(RedBadgeController.java:674)

07-18 05:53:16.216  8315  8460 I LSPosed-Bridge: 	at android.database.ContentObserver.onChange(ContentObserver.java:130)

07-18 05:53:16.216  8315  8460 I LSPosed-Bridge: 	at android.database.ContentObserver.onChange(ContentObserver.java:145)

07-18 05:53:16.216  8315  8460 I LSPosed-Bridge: 	at android.database.ContentObserver$NotificationRunnable.run(ContentObserver.java:216)

07-18 05:53:16.216  8315  8460 I LSPosed-Bridge: 	at android.os.Handler.handleCallback(Handler.java:873)

07-18 05:53:16.216  8315  8460 I LSPosed-Bridge: 	at android.os.Handler.dispatchMessage(Handler.java:99)

07-18 05:53:16.216  8315  8460 I LSPosed-Bridge: 	at android.os.Looper.loop(Looper.java:193)

07-18 05:53:16.216  8315  8460 I LSPosed-Bridge: 	at android.os.HandlerThread.run(HandlerThread.java:65)

07-18 05:53:16.216  7198  7198 I LSPosed-Bridge: 7198 PermLabel hookBinder_test 10129 interfaceBinder =android.content.IContentService; arg0 = 1; arg1 = android.os.Parcel@6b9ebf; arg2 = android.os.Parcel@8b8c828; arg3 = 0; res = true; stacktrace=java.lang.Exception

07-18 05:53:16.216  7198  7198 I LSPosed-Bridge: 	at com.example.permlabel.hookBinder_test$1.afterHookedMethod(hookBinder_test.java:60)

07-18 05:53:16.216  7198  7198 I LSPosed-Bridge: 	at de.robv.android.xposed.XposedBridge$AdditionalHookInfo.callback(Unknown Source:147)

07-18 05:53:16.216  7198  7198 I LSPosed-Bridge: 	at LSPHooker_.transact(Unknown Source:28)

07-18 05:53:16.216  7198  7198 I LSPosed-Bridge: 	at android.content.IContentService$Stub$Proxy.unregisterContentObserver(IContentService.java:746)

07-18 05:53:16.216  7198  7198 I LSPosed-Bridge: 	at android.content.ContentResolver.unregisterContentObserver(ContentResolver.java:1993)

07-18 05:53:16.216  7198  7198 I LSPosed-Bridge: 	at com.xt.retouch.util.d.a.b(ScreenRecordingListener.kt:100)

07-18 05:53:16.216  7198  7198 I LSPosed-Bridge: 	at com.xt.retouch.uilauncher.f.i.L(MainActivityViewModel.kt:285)

07-18 05:53:16.216  7198  7198 I LSPosed-Bridge: 	at com.xt.retouch.uilauncher.MainActivity.onPause(MainActivity.kt:1205)

07-18 05:53:16.216  7198  7198 I LSPosed-Bridge: 	at android.app.Activity.performPause(Activity.java:7329)

07-18 05:53:16.216  7198  7198 I LSPosed-Bridge: 	at android.app.Instrumentation.callActivityOnPause(Instrumentation.java:1466)

07-18 05:53:16.216  7198  7198 I LSPosed-Bridge: 	at android.app.ActivityThread.performPauseActivityIfNeeded(ActivityThread.java:4022)

07-18 05:53:16.216  7198  7198 I LSPosed-Bridge: 	at android.app.ActivityThread.performPauseActivity(ActivityThread.java:3987)

07-18 05:53:16.216  7198  7198 I LSPosed-Bridge: 	at android.app.ActivityThread.handlePauseActivity(ActivityThread.java:3939)

07-18 05:53:16.216  7198  7198 I LSPosed-Bridge: 	at android.app.servertransaction.PauseActivityItem.execute(PauseActivityItem.java:45)

07-18 05:53:16.216  7198  7198 I LSPosed-Bridge: 	at android.app.servertransaction.TransactionExecutor.executeLifecycleState(TransactionExecutor.java:145)

07-18 05:53:16.216  7198  7198 I LSPosed-Bridge: 	at android.app.servertransaction.TransactionExecutor.execute(TransactionExecutor.java:70)

07-18 05:53:16.216  7198  7198 I LSPosed-Bridge: 	at android.app.ActivityThread$H.handleMessage(ActivityThread.java:1809)

07-18 05:53:16.216  7198  7198 I LSPosed-Bridge: 	at android.os.Handler.dispatchMessage(Handler.java:106)

07-18 05:53:16.216  7198  7198 I LSPosed-Bridge: 	at android.os.Looper.loop(Looper.java:193)

07-18 05:53:16.216  7198  7198 I LSPosed-Bridge: 	at android.app.ActivityThread.main(ActivityThread.java:6692)

07-18 05:53:16.216  7198  7198 I LSPosed-Bridge: 	at java.lang.reflect.Method.invoke(Native Method)

07-18 05:53:16.216  7198  7198 I LSPosed-Bridge: 	at com.android.internal.os.RuntimeInit$MethodAndArgsCaller.run(RuntimeInit.java:493)

07-18 05:53:16.216  7198  7198 I LSPosed-Bridge: 	at com.android.internal.os.ZygoteInit.main(ZygoteInit.java:858)

07-18 05:53:16.216  1567  1673 I LSPosed-Bridge: 7198 PermLabel 10129 AMS.checkPermission: Binder.getCallingPid() = 7198; uid = 10129; Binder.getCallingUid() = 10129; getNameForUid: com.xt.retouch; getPackagesForUid: [com.xt.retouch]; permName: android.permission.GET_TASKS; type = 0; res = -1; stacktrace=java.lang.Exception

07-18 05:53:16.216  1567  1673 I LSPosed-Bridge: 	at com.example.permlabel.requirePerm$1$2.afterHookedMethod(requirePerm.java:129)

07-18 05:53:16.216  1567  1673 I LSPosed-Bridge: 	at de.robv.android.xposed.XposedBridge$AdditionalHookInfo.callback(Unknown Source:147)

07-18 05:53:16.216  1567  1673 I LSPosed-Bridge: 	at LSPHooker_.checkPermission(Unknown Source:25)

07-18 05:53:16.216  1567  1673 I LSPosed-Bridge: 	at com.android.server.am.ActivityManagerService.isGetTasksAllowed(ActivityManagerService.java:10902)

07-18 05:53:16.216  1567  1673 I LSPosed-Bridge: 	at com.android.server.am.ActivityManagerService.getRunningAppProcesses(ActivityManagerService.java:16139)

07-18 05:53:16.216  1567  1673 I LSPosed-Bridge: 	at android.app.IActivityManager$Stub.onTransact(IActivityManager.java:1088)

07-18 05:53:16.216  1567  1673 I LSPosed-Bridge: 	at com.android.server.am.ActivityManagerService.onTransact(ActivityManagerService.java:3346)

07-18 05:53:16.216  1567  1673 I LSPosed-Bridge: 	at android.os.Binder.execTransact(Binder.java:731)

07-18 05:53:16.230  1567  6280 I LSPosed-Bridge: 7198 PermLabel 10129 AMS.checkPermission: Binder.getCallingPid() = 7198; uid = 10129; Binder.getCallingUid() = 10129; getNameForUid: com.xt.retouch; getPackagesForUid: [com.xt.retouch]; permName: android.permission.GET_TASKS; type = 0; res = -1; stacktrace=java.lang.Exception

07-18 05:53:16.230  1567  6280 I LSPosed-Bridge: 	at com.example.permlabel.requirePerm$1$2.afterHookedMethod(requirePerm.java:129)

07-18 05:53:16.230  1567  6280 I LSPosed-Bridge: 	at de.robv.android.xposed.XposedBridge$AdditionalHookInfo.callback(Unknown Source:147)

07-18 05:53:16.230  1567  6280 I LSPosed-Bridge: 	at LSPHooker_.checkPermission(Unknown Source:25)

07-18 05:53:16.230  1567  6280 I LSPosed-Bridge: 	at com.android.server.am.ActivityManagerService.isGetTasksAllowed(ActivityManagerService.java:10902)

07-18 05:53:16.230  1567  6280 I LSPosed-Bridge: 	at com.android.server.am.ActivityManagerService.getRunningAppProcesses(ActivityManagerService.java:16139)

07-18 05:53:16.230  1567  6280 I LSPosed-Bridge: 	at android.app.IActivityManager$Stub.onTransact(IActivityManager.java:1088)

07-18 05:53:16.230  1567  6280 I LSPosed-Bridge: 	at com.android.server.am.ActivityManagerService.onTransact(ActivityManagerService.java:3346)

07-18 05:53:16.230  1567  6280 I LSPosed-Bridge: 	at android.os.Binder.execTransact(Binder.java:731)

07-18 05:53:16.236  1567  6012 I LSPosed-Bridge: 8315 PermLabel 10129 AMS.checkPermission: Binder.getCallingPid() = 8315; uid = 10129; Binder.getCallingUid() = 10129; getNameForUid: com.xt.retouch; getPackagesForUid: [com.xt.retouch]; permName: android.permission.GET_TASKS; type = 0; res = -1; stacktrace=java.lang.Exception

07-18 05:53:16.236  1567  6012 I LSPosed-Bridge: 	at com.example.permlabel.requirePerm$1$2.afterHookedMethod(requirePerm.java:129)

07-18 05:53:16.236  1567  6012 I LSPosed-Bridge: 	at de.robv.android.xposed.XposedBridge$AdditionalHookInfo.callback(Unknown Source:147)

07-18 05:53:16.236  1567  6012 I LSPosed-Bridge: 	at LSPHooker_.checkPermission(Unknown Source:25)

07-18 05:53:16.236  1567  6012 I LSPosed-Bridge: 	at com.android.server.am.ActivityManagerService.isGetTasksAllowed(ActivityManagerService.java:10902)

07-18 05:53:16.236  1567  6012 I LSPosed-Bridge: 	at com.android.server.am.ActivityManagerService.getRunningAppProcesses(ActivityManagerService.java:16139)

07-18 05:53:16.236  1567  6012 I LSPosed-Bridge: 	at android.app.IActivityManager$Stub.onTransact(IActivityManager.java:1088)

07-18 05:53:16.236  1567  6012 I LSPosed-Bridge: 	at com.android.server.am.ActivityManagerService.onTransact(ActivityManagerService.java:3346)

07-18 05:53:16.236  1567  6012 I LSPosed-Bridge: 	at android.os.Binder.execTransact(Binder.java:731)

07-18 05:53:16.246  8315  8315 I LSPosed-Bridge: 8315 PermLabel hookBinder_test 10129 interfaceBinder =android.app.IActivityManager; arg0 = 67; arg1 = android.os.Parcel@1290a16; arg2 = android.os.Parcel@8daa4c8; arg3 = 0; res = true; stacktrace=java.lang.Exception

07-18 05:53:16.246  8315  8315 I LSPosed-Bridge: 	at com.example.permlabel.hookBinder_test$1.afterHookedMethod(hookBinder_test.java:60)

07-18 05:53:16.246  8315  8315 I LSPosed-Bridge: 	at de.robv.android.xposed.XposedBridge$AdditionalHookInfo.callback(Unknown Source:147)

07-18 05:53:16.246  8315  8315 I LSPosed-Bridge: 	at LSPHooker_.transact(Unknown Source:28)

07-18 05:53:16.246  8315  8315 I LSPosed-Bridge: 	at android.app.IActivityManager$Stub$Proxy.removeContentProvider(IActivityManager.java:5091)

