07-18 05:53:40.618  1567  8376 I LSPosed-Bridge: 7198 PermLabel 10129 AMS.checkPermission: Binder.getCallingPid() = 7198; uid = 10129; Binder.getCallingUid() = 10129; getNameForUid: com.xt.retouch; getPackagesForUid: [com.xt.retouch]; permName: android.permission.GET_TASKS; type = 0; res = -1; stacktrace=java.lang.Exception

07-18 05:53:40.618  1567  8376 I LSPosed-Bridge: 	at com.example.permlabel.requirePerm$1$2.afterHookedMethod(requirePerm.java:129)

07-18 05:53:40.618  1567  8376 I LSPosed-Bridge: 	at de.robv.android.xposed.XposedBridge$AdditionalHookInfo.callback(Unknown Source:147)

07-18 05:53:40.618  1567  8376 I LSPosed-Bridge: 	at LSPHooker_.checkPermission(Unknown Source:25)

07-18 05:53:40.618  1567  8376 I LSPosed-Bridge: 	at com.android.server.am.ActivityManagerService.isGetTasksAllowed(ActivityManagerService.java:10902)

07-18 05:53:40.618  1567  8376 I LSPosed-Bridge: 	at com.android.server.am.ActivityManagerService.getRunningAppProcesses(ActivityManagerService.java:16139)

07-18 05:53:40.618  1567  8376 I LSPosed-Bridge: 	at android.app.IActivityManager$Stub.onTransact(IActivityManager.java:1088)

07-18 05:53:40.618  1567  8376 I LSPosed-Bridge: 	at com.android.server.am.ActivityManagerService.onTransact(ActivityManagerService.java:3346)

07-18 05:53:40.618  1567  8376 I LSPosed-Bridge: 	at android.os.Binder.execTransact(Binder.java:731)

07-18 05:53:40.618  1567  1673 E ActivityTrigger: activityResumeTrigger: not whiteListedcom.xt.retouch/com.xt.retouch.uilauncher.MainActivity/76010

07-18 05:53:40.630  1567  8376 I LSPosed-Bridge: 7198 PermLabel 10129 AMS.checkPermission: Binder.getCallingPid() = 7198; uid = 10129; Binder.getCallingUid() = 10129; getNameForUid: com.xt.retouch; getPackagesForUid: [com.xt.retouch]; permName: android.permission.GET_TASKS; type = 0; res = -1; stacktrace=java.lang.Exception

07-18 05:53:40.630  1567  8376 I LSPosed-Bridge: 	at com.example.permlabel.requirePerm$1$2.afterHookedMethod(requirePerm.java:129)

07-18 05:53:40.630  1567  8376 I LSPosed-Bridge: 	at de.robv.android.xposed.XposedBridge$AdditionalHookInfo.callback(Unknown Source:147)

07-18 05:53:40.630  1567  8376 I LSPosed-Bridge: 	at LSPHooker_.checkPermission(Unknown Source:25)

07-18 05:53:40.630  1567  8376 I LSPosed-Bridge: 	at com.android.server.am.ActivityManagerService.isGetTasksAllowed(ActivityManagerService.java:10902)

07-18 05:53:40.630  1567  8376 I LSPosed-Bridge: 	at com.android.server.am.ActivityManagerService.getRunningAppProcesses(ActivityManagerService.java:16139)

07-18 05:53:40.630  1567  8376 I LSPosed-Bridge: 	at android.app.IActivityManager$Stub.onTransact(IActivityManager.java:1088)

07-18 05:53:40.630  1567  8376 I LSPosed-Bridge: 	at com.android.server.am.ActivityManagerService.onTransact(ActivityManagerService.java:3346)

07-18 05:53:40.630  1567  8376 I LSPosed-Bridge: 	at android.os.Binder.execTransact(Binder.java:731)

07-18 05:53:40.630  7198  7198 I LSPosed-Bridge: 7198 PermLabel hookBinder_test 10129 interfaceBinder =android.hardware.display.IDisplayManager; arg0 = 1; arg1 = android.os.Parcel@a3f8836; arg2 = android.os.Parcel@d0f603a; arg3 = 0; res = true; stacktrace=java.lang.Exception

07-18 05:53:40.630  7198  7198 I LSPosed-Bridge: 	at com.example.permlabel.hookBinder_test$1.afterHookedMethod(hookBinder_test.java:60)

07-18 05:53:40.630  7198  7198 I LSPosed-Bridge: 	at de.robv.android.xposed.XposedBridge$AdditionalHookInfo.callback(Unknown Source:147)

07-18 05:53:40.630  7198  7198 I LSPosed-Bridge: 	at LSPHooker_.transact(Unknown Source:28)

07-18 05:53:40.630  7198  7198 I LSPosed-Bridge: 	at android.hardware.display.IDisplayManager$Stub$Proxy.getDisplayInfo(IDisplayManager.java:404)

07-18 05:53:40.630  7198  7198 I LSPosed-Bridge: 	at android.hardware.display.DisplayManagerGlobal.getDisplayInfo(DisplayManagerGlobal.java:124)

07-18 05:53:40.630  7198  7198 I LSPosed-Bridge: 	at android.view.Display.updateDisplayInfoLocked(Display.java:1046)

07-18 05:53:40.630  7198  7198 I LSPosed-Bridge: 	at android.view.Display.getRefreshRate(Display.java:773)

07-18 05:53:40.630  7198  7198 I LSPosed-Bridge: 	at com.bytedance.apm.p.g.a(FpsUtil.java:129)

07-18 05:53:40.630  7198  7198 I LSPosed-Bridge: 	at com.bytedance.apm.p.g$1.onFront(FpsUtil.java:42)

07-18 05:53:40.630  7198  7198 I LSPosed-Bridge: 	at com.bytedance.apm.core.ActivityLifeObserver.notifyFront(ActivityLifeObserver.java:135)

07-18 05:53:40.630  7198  7198 I LSPosed-Bridge: 	at com.bytedance.apm.core.ActivityLifeObserver.onActivityStarted(ActivityLifeObserver.java:206)

07-18 05:53:40.630  7198  7198 I LSPosed-Bridge: 	at android.app.Application.dispatchActivityStarted(Application.java:230)

07-18 05:53:40.630  7198  7198 I LSPosed-Bridge: 	at android.app.Activity.onStart(Activity.java:1278)

07-18 05:53:40.630  7198  7198 I LSPosed-Bridge: 	at androidx.fragment.app.d.onStart(FragmentActivity.java:535)

07-18 05:53:40.630  7198  7198 I LSPosed-Bridge: 	at androidx.appcompat.app.d.onStart(AppCompatActivity.java:210)

07-18 05:53:40.630  7198  7198 I LSPosed-Bridge: 	at com.xt.retouch.basearchitect.component.c.onStart(RetouchActivity.kt:127)

07-18 05:53:40.630  7198  7198 I LSPosed-Bridge: 	at com.xt.retouch.uilauncher.MainActivity.onStart(Unknown Source:25)

07-18 05:53:40.630  7198  7198 I LSPosed-Bridge: 	at android.app.Instrumentation.callActivityOnStart(Instrumentation.java:1392)

07-18 05:53:40.630  7198  7198 I LSPosed-Bridge: 	at android.app.Activity.performStart(Activity.java:7157)

07-18 05:53:40.630  7198  7198 I LSPosed-Bridge: 	at android.app.ActivityThread.handleStartActivity(ActivityThread.java:2938)

07-18 05:53:40.630  7198  7198 I LSPosed-Bridge: 	at android.app.servertransaction.TransactionExecutor.performLifecycleSequence(TransactionExecutor.java:180)

07-18 05:53:40.630  7198  7198 I LSPosed-Bridge: 	at android.app.servertransaction.TransactionExecutor.cycleToPath(TransactionExecutor.java:165)

07-18 05:53:40.630  7198  7198 I LSPosed-Bridge: 	at android.app.servertransaction.TransactionExecutor.executeLifecycleState(TransactionExecutor.java:142)

07-18 05:53:40.630  7198  7198 I LSPosed-Bridge: 	at android.app.servertransaction.TransactionExecutor.execute(TransactionExecutor.java:70)

07-18 05:53:40.630  7198  7198 I LSPosed-Bridge: 	at android.app.ActivityThread$H.handleMessage(ActivityThread.java:1809)

07-18 05:53:40.630  7198  7198 I LSPosed-Bridge: 	at android.os.Handler.dispatchMessage(Handler.java:106)

07-18 05:53:40.630  7198  7198 I LSPosed-Bridge: 	at android.os.Looper.loop(Looper.java:193)

07-18 05:53:40.630  7198  7198 I LSPosed-Bridge: 	at android.app.ActivityThread.main(ActivityThread.java:6692)

07-18 05:53:40.630  7198  7198 I LSPosed-Bridge: 	at java.lang.reflect.Method.invoke(Native Method)

07-18 05:53:40.630  7198  7198 I LSPosed-Bridge: 	at com.android.internal.os.RuntimeInit$MethodAndArgsCaller.run(RuntimeInit.java:493)

07-18 05:53:40.630  7198  7198 I LSPosed-Bridge: 	at com.android.internal.os.ZygoteInit.main(ZygoteInit.java:858)

07-18 05:53:40.630  7198  7274 I LSPosed-Bridge: 7198 PermLabel hookBinder_test 10129 interfaceBinder =android.app.IActivityManager; arg0 = 81; arg1 = android.os.Parcel@851a337; arg2 = android.os.Parcel@a5d3d10; arg3 = 0; res = true; stacktrace=java.lang.Exception

07-18 05:53:40.630  7198  7274 I LSPosed-Bridge: 	at com.example.permlabel.hookBinder_test$1.afterHookedMethod(hookBinder_test.java:60)

07-18 05:53:40.630  7198  7274 I LSPosed-Bridge: 	at de.robv.android.xposed.XposedBridge$AdditionalHookInfo.callback(Unknown Source:147)

07-18 05:53:40.630  7198  7274 I LSPosed-Bridge: 	at LSPHooker_.transact(Unknown Source:28)

07-18 05:53:40.630  7198  7274 I LSPosed-Bridge: 	at android.app.IActivityManager$Stub$Proxy.getRunningAppProcesses(IActivityManager.java:5366)

07-18 05:53:40.630  7198  7274 I LSPosed-Bridge: 	at android.app.ActivityManager.getRunningAppProcesses(ActivityManager.java:3435)

07-18 05:53:40.630  7198  7274 I LSPosed-Bridge: 	at java.lang.reflect.Method.invoke(Native Method)

07-18 05:53:40.630  7198  7274 I LSPosed-Bridge: 	at org.lsposed.lspd.nativebridge.HookBridge.invokeOriginalMethod(Native Method)

07-18 05:53:40.630  7198  7274 I LSPosed-Bridge: 	at de.robv.android.xposed.XposedBridge$AdditionalHookInfo.callback(Unknown Source:110)

07-18 05:53:40.630  7198  7274 I LSPosed-Bridge: 	at LSPHooker_.getRunningAppProcesses(Unknown Source:8)

07-18 05:53:40.630  7198  7274 I LSPosed-Bridge: 	at com.ss.android.message.a.b.a(Unknown Source:40)

07-18 05:53:40.630  7198  7274 I LSPosed-Bridge: 	at com.ss.android.message.a.b.d(ToolUtils.java:275)

07-18 05:53:40.630  7198  7274 I LSPosed-Bridge: 	at com.ss.android.pushmanager.setting.PushMultiProcessSharedProvider.b(PushMultiProcessSharedProvider.java:636)

07-18 05:53:40.630  7198  7274 I LSPosed-Bridge: 	at com.ss.android.pushmanager.setting.PushMultiProcessSharedProvider$a.a(PushMultiProcessSharedProvider.java:540)

07-18 05:53:40.630  7198  7274 I LSPosed-Bridge: 	at com.ss.android.newmedia.redbadge.b.a.c(RedbadgeSetting.java:108)

07-18 05:53:40.630  7198  7274 I LSPosed-Bridge: 	at com.ss.android.newmedia.redbadge.b.f(RedBadgeControlClient.java:126)

07-18 05:53:40.630  7198  7274 I LSPosed-Bridge: 	at com.ss.android.newmedia.redbadge.b.a(RedBadgeControlClient.java:167)

07-18 05:53:40.630  7198  7274 I LSPosed-Bridge: 	at com.ss.android.newmedia.redbadge.b.handleMsg(RedBadgeControlClient.java:349)

07-18 05:53:40.630  7198  7274 I LSPosed-Bridge: 	at com.bytedance.common.utility.collection.WeakHandler.handleMessage(WeakHandler.java:33)

07-18 05:53:40.630  7198  7274 I LSPosed-Bridge: 	at android.os.Handler.dispatchMessage(Handler.java:106)

07-18 05:53:40.630  7198  7274 I LSPosed-Bridge: 	at android.os.Looper.loop(Looper.java:193)

07-18 05:53:40.630  7198  7274 I LSPosed-Bridge: 	at android.os.HandlerThread.run(HandlerThread.java:65)

07-18 05:53:40.630  7198  7274 I LSPosed-Bridge: 7198 PermLabel getRunningAppProcesses =android.app.ActivityManager$RunningAppProcessInfo@de97954

07-18 05:53:40.635  1567  1579 I LSPosed-Bridge: 7198 PermLabel 10129 AMS.checkPermission: Binder.getCallingPid() = 7198; uid = 10129; Binder.getCallingUid() = 10129; getNameForUid: com.xt.retouch; getPackagesForUid: [com.xt.retouch]; permName: android.permission.GET_TASKS; type = 0; res = -1; stacktrace=java.lang.Exception

07-18 05:53:40.635  1567  1579 I LSPosed-Bridge: 	at com.example.permlabel.requirePerm$1$2.afterHookedMethod(requirePerm.java:129)

07-18 05:53:40.635  1567  1579 I LSPosed-Bridge: 	at de.robv.android.xposed.XposedBridge$AdditionalHookInfo.callback(Unknown Source:147)

07-18 05:53:40.635  1567  1579 I LSPosed-Bridge: 	at LSPHooker_.checkPermission(Unknown Source:25)

07-18 05:53:40.635  1567  1579 I LSPosed-Bridge: 	at com.android.server.am.ActivityManagerService.isGetTasksAllowed(ActivityManagerService.java:10902)

07-18 05:53:40.635  1567  1579 I LSPosed-Bridge: 	at com.android.server.am.ActivityManagerService.getRunningAppProcesses(ActivityManagerService.java:16139)

07-18 05:53:40.635  1567  1579 I LSPosed-Bridge: 	at android.app.IActivityManager$Stub.onTransact(IActivityManager.java:1088)

07-18 05:53:40.635  1567  1579 I LSPosed-Bridge: 	at com.android.server.am.ActivityManagerService.onTransact(ActivityManagerService.java:3346)

07-18 05:53:40.635  1567  1579 I LSPosed-Bridge: 	at android.os.Binder.execTransact(Binder.java:731)

07-18 05:53:40.641  1567  1673 I LSPosed-Bridge: 7198 PermLabel 10129 AMS.checkPermission: Binder.getCallingPid() = 7198; uid = 10129; Binder.getCallingUid() = 10129; getNameForUid: com.xt.retouch; getPackagesForUid: [com.xt.retouch]; permName: android.permission.GET_TASKS; type = 0; res = -1; stacktrace=java.lang.Exception

07-18 05:53:40.641  1567  1673 I LSPosed-Bridge: 	at com.example.permlabel.requirePerm$1$2.afterHookedMethod(requirePerm.java:129)

07-18 05:53:40.641  1567  1673 I LSPosed-Bridge: 	at de.robv.android.xposed.XposedBridge$AdditionalHookInfo.callback(Unknown Source:147)

07-18 05:53:40.641  1567  1673 I LSPosed-Bridge: 	at LSPHooker_.checkPermission(Unknown Source:25)

07-18 05:53:40.641  1567  1673 I LSPosed-Bridge: 	at com.android.server.am.ActivityManagerService.isGetTasksAllowed(ActivityManagerService.java:10902)

07-18 05:53:40.641  1567  1673 I LSPosed-Bridge: 	at com.android.server.am.ActivityManagerService.getRunningAppProcesses(ActivityManagerService.java:16139)

07-18 05:53:40.641  1567  1673 I LSPosed-Bridge: 	at android.app.IActivityManager$Stub.onTransact(IActivityManager.java:1088)

07-18 05:53:40.641  1567  1673 I LSPosed-Bridge: 	at com.android.server.am.ActivityManagerService.onTransact(ActivityManagerService.java:3346)

07-18 05:53:40.641  1567  1673 I LSPosed-Bridge: 	at android.os.Binder.execTransact(Binder.java:731)

07-18 05:53:40.641  7198  7198 I LSPosed-Bridge: 7198 PermLabel hookBinder_test 10129 interfaceBinder =android.net.IConnectivityManager; arg0 = 3; arg1 = android.os.Parcel@a3f8836; arg2 = android.os.Parcel@d0f603a; arg3 = 0; res = true; stacktrace=java.lang.Exception

07-18 05:53:40.641  7198  7198 I LSPosed-Bridge: 	at com.example.permlabel.hookBinder_test$1.afterHookedMethod(hookBinder_test.java:60)

07-18 05:53:40.641  7198  7198 I LSPosed-Bridge: 	at de.robv.android.xposed.XposedBridge$AdditionalHookInfo.callback(Unknown Source:147)

07-18 05:53:40.641  7198  7198 I LSPosed-Bridge: 	at LSPHooker_.transact(Unknown Source:28)

07-18 05:53:40.641  7198  7198 I LSPosed-Bridge: 	at android.net.IConnectivityManager$Stub$Proxy.getActiveNetworkInfo(IConnectivityManager.java:1206)

07-18 05:53:40.641  7198  7198 I LSPosed-Bridge: 	at android.net.ConnectivityManager.getActiveNetworkInfo(ConnectivityManager.java:890)

07-18 05:53:40.641  7198  7198 I LSPosed-Bridge: 	at com.bumptech.glide.manager.e.a(DefaultConnectivityMonitor.java:90)

07-18 05:53:40.641  7198  7198 I LSPosed-Bridge: 	at com.bumptech.glide.manager.e.a(DefaultConnectivityMonitor.java:57)

07-18 05:53:40.641  7198  7198 I LSPosed-Bridge: 	at com.bumptech.glide.manager.e.e(DefaultConnectivityMonitor.java:106)

07-18 05:53:40.641  7198  7198 I LSPosed-Bridge: 	at com.bumptech.glide.manager.a.a(ActivityFragmentLifecycle.java:51)

07-18 05:53:40.641  7198  7198 I LSPosed-Bridge: 	at com.bumptech.glide.manager.SupportRequestManagerFragment.onStart(SupportRequestManagerFragment.java:203)

07-18 05:53:40.641  7198  7198 I LSPosed-Bridge: 	at androidx.fragment.app.c.performStart(Fragment.java:2730)

07-18 05:53:40.641  7198  7198 I LSPosed-Bridge: 	at androidx.fragment.app.q.g(FragmentStateManager.java:365)

07-18 05:53:40.641  7198  7198 I LSPosed-Bridge: 	at androidx.fragment.app.l.a(FragmentManager.java:1194)

07-18 05:53:40.641  7198  7198 I LSPosed-Bridge: 	at androidx.fragment.app.l.g(FragmentManager.java:1356)

07-18 05:53:40.641  7198  7198 I LSPosed-Bridge: 	at androidx.fragment.app.l.h(FragmentManager.java:1434)

07-18 05:53:40.641  7198  7198 I LSPosed-Bridge: 	at androidx.fragment.app.l.a(FragmentManager.java:1497)

07-18 05:53:40.641  7198  7198 I LSPosed-Bridge: 	at androidx.fragment.app.l.e(FragmentManager.java:2625)

07-18 05:53:40.641  7198  7198 I LSPosed-Bridge: 	at androidx.fragment.app.l.p(FragmentManager.java:2583)

07-18 05:53:40.641  7198  7198 I LSPosed-Bridge: 	at androidx.fragment.app.g.f(FragmentController.java:258)

07-18 05:53:40.641  7198  7198 I LSPosed-Bridge: 	at androidx.fragment.app.d.onStart(FragmentActivity.java:550)

07-18 05:53:40.641  7198  7198 I LSPosed-Bridge: 	at androidx.appcompat.app.d.onStart(AppCompatActivity.java:210)

07-18 05:53:40.641  7198  7198 I LSPosed-Bridge: 	at com.xt.retouch.basearchitect.component.c.onStart(RetouchActivity.kt:127)

07-18 05:53:40.641  7198  7198 I LSPosed-Bridge: 	at com.xt.retouch.uilauncher.MainActivity.onStart(Unknown Source:25)

07-18 05:53:40.641  7198  7198 I LSPosed-Bridge: 	at android.app.Instrumentation.callActivityOnStart(Instrumentation.java:1392)

07-18 05:53:40.641  7198  7198 I LSPosed-Bridge: 	at android.app.Activity.performStart(Activity.java:7157)

07-18 05:53:40.641  7198  7198 I LSPosed-Bridge: 	at android.app.ActivityThread.handleStartActivity(ActivityThread.java:2938)

07-18 05:53:40.641  7198  7198 I LSPosed-Bridge: 	at android.app.servertransaction.TransactionExecutor.performLifecycleSequence(TransactionExecutor.java:180)

07-18 05:53:40.641  7198  7198 I LSPosed-Bridge: 	at android.app.servertransaction.TransactionExecutor.cycleToPath(TransactionExecutor.java:165)

07-18 05:53:40.641  7198  7198 I LSPosed-Bridge: 	at android.app.servertransaction.TransactionExecutor.executeLifecycleState(TransactionExecutor.java:142)

07-18 05:53:40.641  7198  7198 I LSPosed-Bridge: 	at android.app.servertransaction.TransactionExecutor.execute(TransactionExecutor.java:70)

07-18 05:53:40.641  7198  7198 I LSPosed-Bridge: 	at android.app.ActivityThread$H.handleMessage(ActivityThread.java:1809)

07-18 05:53:40.641  7198  7198 I LSPosed-Bridge: 	at android.os.Handler.dispatchMessage(Handler.java:106)

07-18 05:53:40.641  7198  7198 I LSPosed-Bridge: 	at android.os.Looper.loop(Looper.java:193)

07-18 05:53:40.641  7198  7198 I LSPosed-Bridge: 	at android.app.ActivityThread.main(ActivityThread.java:6692)

07-18 05:53:40.641  7198  7198 I LSPosed-Bridge: 	at java.lang.reflect.Method.invoke(Native Method)

07-18 05:53:40.641  7198  7198 I LSPosed-Bridge: 	at com.android.internal.os.RuntimeInit$MethodAndArgsCaller.run(RuntimeInit.java:493)

07-18 05:53:40.641  7198  7198 I LSPosed-Bridge: 	at com.android.internal.os.ZygoteInit.main(ZygoteInit.java:858)

07-18 05:53:40.643  1567  6651 I LSPosed-Bridge: 8315 PermLabel 10129 AMS.checkPermission: Binder.getCallingPid() = 8315; uid = 10129; Binder.getCallingUid() = 10129; getNameForUid: com.xt.retouch; getPackagesForUid: [com.xt.retouch]; permName: android.permission.GET_TASKS; type = 0; res = -1; stacktrace=java.lang.Exception

07-18 05:53:40.643  1567  6651 I LSPosed-Bridge: 	at com.example.permlabel.requirePerm$1$2.afterHookedMethod(requirePerm.java:129)

07-18 05:53:40.643  1567  6651 I LSPosed-Bridge: 	at de.robv.android.xposed.XposedBridge$AdditionalHookInfo.callback(Unknown Source:147)

07-18 05:53:40.643  1567  6651 I LSPosed-Bridge: 	at LSPHooker_.checkPermission(Unknown Source:25)

07-18 05:53:40.643  1567  6651 I LSPosed-Bridge: 	at com.android.server.am.ActivityManagerService.isGetTasksAllowed(ActivityManagerService.java:10902)

07-18 05:53:40.643  1567  6651 I LSPosed-Bridge: 	at com.android.server.am.ActivityManagerService.getRunningAppProcesses(ActivityManagerService.java:16139)

07-18 05:53:40.643  1567  6651 I LSPosed-Bridge: 	at android.app.IActivityManager$Stub.onTransact(IActivityManager.java:1088)

07-18 05:53:40.643  1567  6651 I LSPosed-Bridge: 	at com.android.server.am.ActivityManagerService.onTransact(ActivityManagerService.java:3346)

07-18 05:53:40.643  1567  6651 I LSPosed-Bridge: 	at android.os.Binder.execTransact(Binder.java:731)

07-18 05:53:40.643  7198  7198 I LSPosed-Bridge: 7198 PermLabel hookBinder_test 10129 interfaceBinder =android.app.IActivityManager; arg0 = 9; arg1 = android.os.Parcel@d0f603a; arg2 = android.os.Parcel@a3f8836; arg3 = 0; res = true; stacktrace=java.lang.Exception

07-18 05:53:40.643  7198  7198 I LSPosed-Bridge: 	at com.example.permlabel.hookBinder_test$1.afterHookedMethod(hookBinder_test.java:60)

07-18 05:53:40.643  7198  7198 I LSPosed-Bridge: 	at de.robv.android.xposed.XposedBridge$AdditionalHookInfo.callback(Unknown Source:147)

07-18 05:53:40.643  7198  7198 I LSPosed-Bridge: 	at LSPHooker_.transact(Unknown Source:28)

07-18 05:53:40.643  7198  7198 I LSPosed-Bridge: 	at android.app.IActivityManager$Stub$Proxy.registerReceiver(IActivityManager.java:3825)

07-18 05:53:40.643  7198  7198 I LSPosed-Bridge: 	at android.app.ContextImpl.registerReceiverInternal(ContextImpl.java:1488)

07-18 05:53:40.643  7198  7198 I LSPosed-Bridge: 	at android.app.ContextImpl.registerReceiver(ContextImpl.java:1449)

07-18 05:53:40.643  7198  7198 I LSPosed-Bridge: 	at android.app.ContextImpl.registerReceiver(ContextImpl.java:1437)

07-18 05:53:40.643  7198  7198 I LSPosed-Bridge: 	at android.content.ContextWrapper.registerReceiver(ContextWrapper.java:623)

07-18 05:53:40.643  7198  7198 I LSPosed-Bridge: 	at com.bumptech.glide.manager.e.a(DefaultConnectivityMonitor.java:24)

07-18 05:53:40.643  7198  7198 I LSPosed-Bridge: 	at com.bumptech.glide.manager.e.a(DefaultConnectivityMonitor.java:60)

07-18 05:53:40.643  7198  7198 I LSPosed-Bridge: 	at com.bumptech.glide.manager.e.e(DefaultConnectivityMonitor.java:106)

07-18 05:53:40.643  7198  7198 I LSPosed-Bridge: 	at com.bumptech.glide.manager.a.a(ActivityFragmentLifecycle.java:51)

07-18 05:53:40.643  7198  7198 I LSPosed-Bridge: 	at com.bumptech.glide.manager.SupportRequestManagerFragment.onStart(SupportRequestManagerFragment.java:203)

07-18 05:53:40.643  7198  7198 I LSPosed-Bridge: 	at androidx.fragment.app.c.performStart(Fragment.java:2730)

07-18 05:53:40.643  7198  7198 I LSPosed-Bridge: 	at androidx.fragment.app.q.g(FragmentStateManager.java:365)

07-18 05:53:40.643  7198  7198 I LSPosed-Bridge: 	at androidx.fragment.app.l.a(FragmentManager.java:1194)

07-18 05:53:40.643  7198  7198 I LSPosed-Bridge: 	at androidx.fragment.app.l.g(FragmentManager.java:1356)

07-18 05:53:40.643  7198  7198 I LSPosed-Bridge: 	at androidx.fragment.app.l.h(FragmentManager.java:1434)

07-18 05:53:40.643  7198  7198 I LSPosed-Bridge: 	at androidx.fragment.app.l.a(FragmentManager.java:1497)

07-18 05:53:40.643  7198  7198 I LSPosed-Bridge: 	at androidx.fragment.app.l.e(FragmentManager.java:2625)

07-18 05:53:40.643  7198  7198 I LSPosed-Bridge: 	at androidx.fragment.app.l.p(FragmentManager.java:2583)

07-18 05:53:40.643  7198  7198 I LSPosed-Bridge: 	at androidx.fragment.app.g.f(FragmentController.java:258)

07-18 05:53:40.643  7198  7198 I LSPosed-Bridge: 	at androidx.fragment.app.d.onStart(FragmentActivity.java:550)

07-18 05:53:40.643  7198  7198 I LSPosed-Bridge: 	at androidx.appcompat.app.d.onStart(AppCompatActivity.java:210)

07-18 05:53:40.643  7198  7198 I LSPosed-Bridge: 	at com.xt.retouch.basearchitect.component.c.onStart(RetouchActivity.kt:127)

07-18 05:53:40.643  7198  7198 I LSPosed-Bridge: 	at com.xt.retouch.uilauncher.MainActivity.onStart(Unknown Source:25)

07-18 05:53:40.643  7198  7198 I LSPosed-Bridge: 	at android.app.Instrumentation.callActivityOnStart(Instrumentation.java:1392)

07-18 05:53:40.643  7198  7198 I LSPosed-Bridge: 	at android.app.Activity.performStart(Activity.java:7157)

07-18 05:53:40.643  7198  7198 I LSPosed-Bridge: 	at android.app.ActivityThread.handleStartActivity(ActivityThread.java:2938)

07-18 05:53:40.643  7198  7198 I LSPosed-Bridge: 	at android.app.servertransaction.TransactionExecutor.performLifecycleSequence(TransactionExecutor.java:180)

07-18 05:53:40.643  7198  7198 I LSPosed-Bridge: 	at android.app.servertransaction.TransactionExecutor.cycleToPath(TransactionExecutor.java:165)

07-18 05:53:40.643  7198  7198 I LSPosed-Bridge: 	at android.app.servertransaction.TransactionExecutor.executeLifecycleState(TransactionExecutor.java:142)

07-18 05:53:40.643  7198  7198 I LSPosed-Bridge: 	at android.app.servertransaction.TransactionExecutor.execute(TransactionExecutor.java:70)

07-18 05:53:40.643  7198  7198 I LSPosed-Bridge: 	at android.app.ActivityThread$H.handleMessage(ActivityThread.java:1809)

07-18 05:53:40.643  7198  7198 I LSPosed-Bridge: 	at android.os.Handler.dispatchMessage(Handler.java:106)

07-18 05:53:40.643  7198  7198 I LSPosed-Bridge: 	at android.os.Looper.loop(Looper.java:193)

07-18 05:53:40.643  7198  7198 I LSPosed-Bridge: 	at android.app.ActivityThread.main(ActivityThread.java:6692)

07-18 05:53:40.643  7198  7198 I LSPosed-Bridge: 	at java.lang.reflect.Method.invoke(Native Method)

07-18 05:53:40.643  7198  7198 I LSPosed-Bridge: 	at com.android.internal.os.RuntimeInit$MethodAndArgsCaller.run(RuntimeInit.java:493)

07-18 05:53:40.643  7198  7198 I LSPosed-Bridge: 	at com.android.internal.os.ZygoteInit.main(ZygoteInit.java:858)

07-18 05:53:40.651  1567  8376 I LSPosed-Bridge: 8315 PermLabel 10129 AMS.checkPermission: Binder.getCallingPid() = 8315; uid = 10129; Binder.getCallingUid() = 10129; getNameForUid: com.xt.retouch; getPackagesForUid: [com.xt.retouch]; permName: android.permission.GET_TASKS; type = 0; res = -1; stacktrace=java.lang.Exception

07-18 05:53:40.651  1567  8376 I LSPosed-Bridge: 	at com.example.permlabel.requirePerm$1$2.afterHookedMethod(requirePerm.java:129)

07-18 05:53:40.651  1567  8376 I LSPosed-Bridge: 	at de.robv.android.xposed.XposedBridge$AdditionalHookInfo.callback(Unknown Source:147)

07-18 05:53:40.651  1567  8376 I LSPosed-Bridge: 	at LSPHooker_.checkPermission(Unknown Source:25)

07-18 05:53:40.651  1567  8376 I LSPosed-Bridge: 	at com.android.server.am.ActivityManagerService.isGetTasksAllowed(ActivityManagerService.java:10902)

07-18 05:53:40.651  1567  8376 I LSPosed-Bridge: 	at com.android.server.am.ActivityManagerService.getRunningAppProcesses(ActivityManagerService.java:16139)

07-18 05:53:40.651  1567  8376 I LSPosed-Bridge: 	at android.app.IActivityManager$Stub.onTransact(IActivityManager.java:1088)

07-18 05:53:40.651  1567  8376 I LSPosed-Bridge: 	at com.android.server.am.ActivityManagerService.onTransact(ActivityManagerService.java:3346)

07-18 05:53:40.651  1567  8376 I LSPosed-Bridge: 	at android.os.Binder.execTransact(Binder.java:731)

07-18 05:53:40.651  7198  7198 I LSPosed-Bridge: 7198 PermLabel hookBinder_test 10129 interfaceBinder =android.content.IContentService; arg0 = 2; arg1 = android.os.Parcel@a3f8836; arg2 = android.os.Parcel@d0f603a; arg3 = 0; res = true; stacktrace=java.lang.Exception

07-18 05:53:40.651  7198  7198 I LSPosed-Bridge: 	at com.example.permlabel.hookBinder_test$1.afterHookedMethod(hookBinder_test.java:60)

07-18 05:53:40.651  7198  7198 I LSPosed-Bridge: 	at de.robv.android.xposed.XposedBridge$AdditionalHookInfo.callback(Unknown Source:147)

07-18 05:53:40.651  7198  7198 I LSPosed-Bridge: 	at LSPHooker_.transact(Unknown Source:28)

07-18 05:53:40.651  7198  7198 I LSPosed-Bridge: 	at android.content.IContentService$Stub$Proxy.registerContentObserver(IContentService.java:778)

07-18 05:53:40.651  7198  7198 I LSPosed-Bridge: 	at android.content.ContentResolver.registerContentObserver(ContentResolver.java:1975)

07-18 05:53:40.651  7198  7198 I LSPosed-Bridge: 	at android.content.ContentResolver.registerContentObserver(ContentResolver.java:1964)

07-18 05:53:40.651  7198  7198 I LSPosed-Bridge: 	at com.xt.retouch.util.d.c.a(ScreenShotListener.kt:89)

07-18 05:53:40.651  7198  7198 I LSPosed-Bridge: 	at com.xt.retouch.uilauncher.f.i.c(MainActivityViewModel.kt:258)

07-18 05:53:40.651  7198  7198 I LSPosed-Bridge: 	at com.xt.retouch.uilauncher.MainActivity.at(MainActivity.kt:437)

07-18 05:53:40.651  7198  7198 I LSPosed-Bridge: 	at com.xt.retouch.uilauncher.MainActivity.onResume(MainActivity.kt:1182)

07-18 05:53:40.651  7198  7198 I LSPosed-Bridge: 	at android.app.Instrumentation.callActivityOnResume(Instrumentation.java:1413)

07-18 05:53:40.651  7198  7198 I LSPosed-Bridge: 	at android.app.Activity.performResume(Activity.java:7292)

07-18 05:53:40.651  7198  7198 I LSPosed-Bridge: 	at android.app.ActivityThread.performResumeActivity(ActivityThread.java:3777)

07-18 05:53:40.651  7198  7198 I LSPosed-Bridge: 	at android.app.ActivityThread.handleResumeActivity(ActivityThread.java:3817)

07-18 05:53:40.651  7198  7198 I LSPosed-Bridge: 	at android.app.servertransaction.ResumeActivityItem.execute(ResumeActivityItem.java:51)

07-18 05:53:40.651  7198  7198 I LSPosed-Bridge: 	at android.app.servertransaction.TransactionExecutor.executeLifecycleState(TransactionExecutor.java:145)

07-18 05:53:40.651  7198  7198 I LSPosed-Bridge: 	at android.app.servertransaction.TransactionExecutor.execute(TransactionExecutor.java:70)

07-18 05:53:40.651  7198  7198 I LSPosed-Bridge: 	at android.app.ActivityThread$H.handleMessage(ActivityThread.java:1809)

07-18 05:53:40.651  7198  7198 I LSPosed-Bridge: 	at android.os.Handler.dispatchMessage(Handler.java:106)

07-18 05:53:40.651  7198  7198 I LSPosed-Bridge: 	at android.os.Looper.loop(Looper.java:193)

07-18 05:53:40.651  7198  7198 I LSPosed-Bridge: 	at android.app.ActivityThread.main(ActivityThread.java:6692)

07-18 05:53:40.651  7198  7198 I LSPosed-Bridge: 	at java.lang.reflect.Method.invoke(Native Method)

07-18 05:53:40.651  7198  7198 I LSPosed-Bridge: 	at com.android.internal.os.RuntimeInit$MethodAndArgsCaller.run(RuntimeInit.java:493)

07-18 05:53:40.651  7198  7198 I LSPosed-Bridge: 	at com.android.internal.os.ZygoteInit.main(ZygoteInit.java:858)

07-18 05:53:40.651  8315  8315 I LSPosed-Bridge: 8315 PermLabel hookBinder_test 10129 interfaceBinder =android.app.IActivityManager; arg0 = 67; arg1 = android.os.Parcel@1290a16; arg2 = android.os.Parcel@8daa4c8; arg3 = 0; res = true; stacktrace=java.lang.Exception

07-18 05:53:40.651  8315  8315 I LSPosed-Bridge: 	at com.example.permlabel.hookBinder_test$1.afterHookedMethod(hookBinder_test.java:60)

07-18 05:53:40.651  8315  8315 I LSPosed-Bridge: 	at de.robv.android.xposed.XposedBridge$AdditionalHookInfo.callback(Unknown Source:147)

07-18 05:53:40.651  8315  8315 I LSPosed-Bridge: 	at LSPHooker_.transact(Unknown Source:28)

07-18 05:53:40.651  8315  8315 I LSPosed-Bridge: 	at android.app.IActivityManager$Stub$Proxy.removeContentProvider(IActivityManager.java:5091)

07-18 05:53:40.651  8315  8315 I LSPosed-Bridge: 	at android.app.ActivityThread.completeRemoveProvider(ActivityThread.java:6246)

07-18 05:53:40.651  8315  8315 I LSPosed-Bridge: 	at android.app.ActivityThread$H.handleMessage(ActivityThread.java:1726)

07-18 05:53:40.651  8315  8315 I LSPosed-Bridge: 	at android.os.Handler.dispatchMessage(Handler.java:106)

07-18 05:53:40.651  8315  8315 I LSPosed-Bridge: 	at android.os.Looper.loop(Looper.java:193)

07-18 05:53:40.651  8315  8315 I LSPosed-Bridge: 	at android.app.ActivityThread.main(ActivityThread.java:6692)

07-18 05:53:40.651  8315  8315 I LSPosed-Bridge: 	at java.lang.reflect.Method.invoke(Native Method)

07-18 05:53:40.651  8315  8315 I LSPosed-Bridge: 	at com.android.internal.os.RuntimeInit$MethodAndArgsCaller.run(RuntimeInit.java:493)

07-18 05:53:40.651  8315  8315 I LSPosed-Bridge: 	at com.android.internal.os.ZygoteInit.main(ZygoteInit.java:858)

07-18 05:53:40.660  1567  1579 I LSPosed-Bridge: 8315 PermLabel 10129 AMS.checkPermission: Binder.getCallingPid() = 8315; uid = 10129; Binder.getCallingUid() = 10129; getNameForUid: com.xt.retouch; getPackagesForUid: [com.xt.retouch]; permName: android.permission.GET_TASKS; type = 0; res = -1; stacktrace=java.lang.Exception

07-18 05:53:40.660  1567  1579 I LSPosed-Bridge: 	at com.example.permlabel.requirePerm$1$2.afterHookedMethod(requirePerm.java:129)

07-18 05:53:40.660  1567  1579 I LSPosed-Bridge: 	at de.robv.android.xposed.XposedBridge$AdditionalHookInfo.callback(Unknown Source:147)

07-18 05:53:40.660  1567  1579 I LSPosed-Bridge: 	at LSPHooker_.checkPermission(Unknown Source:25)

07-18 05:53:40.660  1567  1579 I LSPosed-Bridge: 	at com.android.server.am.ActivityManagerService.isGetTasksAllowed(ActivityManagerService.java:10902)

07-18 05:53:40.660  1567  1579 I LSPosed-Bridge: 	at com.android.server.am.ActivityManagerService.getRunningAppProcesses(ActivityManagerService.java:16139)

07-18 05:53:40.660  1567  1579 I LSPosed-Bridge: 	at android.app.IActivityManager$Stub.onTransact(IActivityManager.java:1088)

07-18 05:53:40.660  1567  1579 I LSPosed-Bridge: 	at com.android.server.am.ActivityManagerService.onTransact(ActivityManagerService.java:3346)

07-18 05:53:40.660  1567  1579 I LSPosed-Bridge: 	at android.os.Binder.execTransact(Binder.java:731)

07-18 05:53:40.677   553   553 I ConfigStore: android::hardware::configstore::V1_0::ISurfaceFlingerConfigs::hasHDRDisplay retrieved: 0

07-18 05:53:40.677  1567  6651 I LSPosed-Bridge: 8315 PermLabel 10129 AMS.checkPermission: Binder.getCallingPid() = 8315; uid = 10129; Binder.getCallingUid() = 10129; getNameForUid: com.xt.retouch; getPackagesForUid: [com.xt.retouch]; permName: android.permission.GET_TASKS; type = 0; res = -1; stacktrace=java.lang.Exception

07-18 05:53:40.677  1567  6651 I LSPosed-Bridge: 	at com.example.permlabel.requirePerm$1$2.afterHookedMethod(requirePerm.java:129)

07-18 05:53:40.677  1567  6651 I LSPosed-Bridge: 	at de.robv.android.xposed.XposedBridge$AdditionalHookInfo.callback(Unknown Source:147)

07-18 05:53:40.677  1567  6651 I LSPosed-Bridge: 	at LSPHooker_.checkPermission(Unknown Source:25)

07-18 05:53:40.677  1567  6651 I LSPosed-Bridge: 	at com.android.server.am.ActivityManagerService.isGetTasksAllowed(ActivityManagerService.java:10902)

07-18 05:53:40.677  1567  6651 I LSPosed-Bridge: 	at com.android.server.am.ActivityManagerService.getRunningAppProcesses(ActivityManagerService.java:16139)

07-18 05:53:40.677  1567  6651 I LSPosed-Bridge: 	at android.app.IActivityManager$Stub.onTransact(IActivityManager.java:1088)

07-18 05:53:40.677  1567  6651 I LSPosed-Bridge: 	at com.android.server.am.ActivityManagerService.onTransact(ActivityManagerService.java:3346)

07-18 05:53:40.677  1567  6651 I LSPosed-Bridge: 	at android.os.Binder.execTransact(Binder.java:731)

07-18 05:53:44.278  1567  9717 I LSPosed-Bridge: 7198 PermLabel 10129 AMS.checkPermission: Binder.getCallingPid() = 7198; uid = 10129; Binder.getCallingUid() = 10129; getNameForUid: com.xt.retouch; getPackagesForUid: [com.xt.retouch]; permName: android.permission.GET_TASKS; type = 0; res = -1; stacktrace=java.lang.Exception

07-18 05:53:44.278  1567  9717 I LSPosed-Bridge: 	at com.example.permlabel.requirePerm$1$2.afterHookedMethod(requirePerm.java:129)

07-18 05:53:44.278  1567  9717 I LSPosed-Bridge: 	at de.robv.android.xposed.XposedBridge$AdditionalHookInfo.callback(Unknown Source:147)

07-18 05:53:44.278  1567  9717 I LSPosed-Bridge: 	at LSPHooker_.checkPermission(Unknown Source:25)

07-18 05:53:44.278  1567  9717 I LSPosed-Bridge: 	at com.android.server.am.ActivityManagerService.isGetTasksAllowed(ActivityManagerService.java:10902)

07-18 05:53:44.278  1567  9717 I LSPosed-Bridge: 	at com.android.server.am.ActivityManagerService.getRunningAppProcesses(ActivityManagerService.java:16139)

07-18 05:53:44.278  1567  9717 I LSPosed-Bridge: 	at android.app.IActivityManager$Stub.onTransact(IActivityManager.java:1088)

07-18 05:53:44.278  1567  9717 I LSPosed-Bridge: 	at com.android.server.am.ActivityManagerService.onTransact(ActivityManagerService.java:3346)

07-18 05:53:44.278  1567  9717 I LSPosed-Bridge: 	at android.os.Binder.execTransact(Binder.java:731)

07-18 05:53:44.281  1567  2676 I LSPosed-Bridge: 7198 PermLabel 10129 AMS.checkPermission: Binder.getCallingPid() = 7198; uid = 10129; Binder.getCallingUid() = 10129; getNameForUid: com.xt.retouch; getPackagesForUid: [com.xt.retouch]; permName: android.permission.GET_TASKS; type = 0; res = -1; stacktrace=java.lang.Exception

07-18 05:53:44.281  1567  2676 I LSPosed-Bridge: 	at com.example.permlabel.requirePerm$1$2.afterHookedMethod(requirePerm.java:129)

07-18 05:53:44.281  1567  2676 I LSPosed-Bridge: 	at de.robv.android.xposed.XposedBridge$AdditionalHookInfo.callback(Unknown Source:147)

07-18 05:53:44.281  1567  2676 I LSPosed-Bridge: 	at LSPHooker_.checkPermission(Unknown Source:25)

07-18 05:53:44.281  1567  2676 I LSPosed-Bridge: 	at com.android.server.am.ActivityManagerService.isGetTasksAllowed(ActivityManagerService.java:10902)

07-18 05:53:44.281  1567  2676 I LSPosed-Bridge: 	at com.android.server.am.ActivityManagerService.getRunningAppProcesses(ActivityManagerService.java:16139)

07-18 05:53:44.281  1567  2676 I LSPosed-Bridge: 	at android.app.IActivityManager$Stub.onTransact(IActivityManager.java:1088)

07-18 05:53:44.281  1567  2676 I LSPosed-Bridge: 	at com.android.server.am.ActivityManagerService.onTransact(ActivityManagerService.java:3346)

07-18 05:53:44.281  1567  2676 I LSPosed-Bridge: 	at android.os.Binder.execTransact(Binder.java:731)

07-18 05:53:44.284  7198  7198 I LSPosed-Bridge: 7198 PermLabel hookBinder_test 10129 interfaceBinder =android.content.IContentService; arg0 = 1; arg1 = android.os.Parcel@556108b; arg2 = android.os.Parcel@70ec65a; arg3 = 0; res = true; stacktrace=java.lang.Exception

07-18 05:53:44.284  7198  7198 I LSPosed-Bridge: 	at com.example.permlabel.hookBinder_test$1.afterHookedMethod(hookBinder_test.java:60)

07-18 05:53:44.284  7198  7198 I LSPosed-Bridge: 	at de.robv.android.xposed.XposedBridge$AdditionalHookInfo.callback(Unknown Source:147)

07-18 05:53:44.284  7198  7198 I LSPosed-Bridge: 	at LSPHooker_.transact(Unknown Source:28)

07-18 05:53:44.284  7198  7198 I LSPosed-Bridge: 	at android.content.IContentService$Stub$Proxy.unregisterContentObserver(IContentService.java:746)

07-18 05:53:44.284  7198  7198 I LSPosed-Bridge: 	at android.content.ContentResolver.unregisterContentObserver(ContentResolver.java:1993)

07-18 05:53:44.284  7198  7198 I LSPosed-Bridge: 	at com.xt.retouch.util.d.a.b(ScreenRecordingListener.kt:89)

07-18 05:53:44.284  7198  7198 I LSPosed-Bridge: 	at com.xt.retouch.uilauncher.f.i.L(MainActivityViewModel.kt:285)

07-18 05:53:44.284  7198  7198 I LSPosed-Bridge: 	at com.xt.retouch.uilauncher.MainActivity.onPause(MainActivity.kt:1205)

07-18 05:53:44.284  7198  7198 I LSPosed-Bridge: 	at android.app.Activity.performPause(Activity.java:7329)

07-18 05:53:44.284  7198  7198 I LSPosed-Bridge: 	at android.app.Instrumentation.callActivityOnPause(Instrumentation.java:1466)

07-18 05:53:44.284  7198  7198 I LSPosed-Bridge: 	at android.app.ActivityThread.performPauseActivityIfNeeded(ActivityThread.java:4022)

07-18 05:53:44.284  7198  7198 I LSPosed-Bridge: 	at android.app.ActivityThread.performPauseActivity(ActivityThread.java:3987)

07-18 05:53:44.284  7198  7198 I LSPosed-Bridge: 	at android.app.ActivityThread.handlePauseActivity(ActivityThread.java:3939)

07-18 05:53:44.284  7198  7198 I LSPosed-Bridge: 	at android.app.servertransaction.PauseActivityItem.execute(PauseActivityItem.java:45)

07-18 05:53:44.284  7198  7198 I LSPosed-Bridge: 	at android.app.servertransaction.TransactionExecutor.executeLifecycleState(TransactionExecutor.java:145)

07-18 05:53:44.284  7198  7198 I LSPosed-Bridge: 	at android.app.servertransaction.TransactionExecutor.execute(TransactionExecutor.java:70)

07-18 05:53:44.284  7198  7198 I LSPosed-Bridge: 	at android.app.ActivityThread$H.handleMessage(ActivityThread.java:1809)

07-18 05:53:44.284  7198  7198 I LSPosed-Bridge: 	at android.os.Handler.dispatchMessage(Handler.java:106)

07-18 05:53:44.284  7198  7198 I LSPosed-Bridge: 	at android.os.Looper.loop(Looper.java:193)

07-18 05:53:44.284  7198  7198 I LSPosed-Bridge: 	at android.app.ActivityThread.main(ActivityThread.java:6692)

07-18 05:53:44.284  7198  7198 I LSPosed-Bridge: 	at java.lang.reflect.Method.invoke(Native Method)

07-18 05:53:44.284  7198  7198 I LSPosed-Bridge: 	at com.android.internal.os.RuntimeInit$MethodAndArgsCaller.run(RuntimeInit.java:493)

07-18 05:53:44.284  7198  7198 I LSPosed-Bridge: 	at com.android.internal.os.ZygoteInit.main(ZygoteInit.java:858)

07-18 05:53:44.284  1567  9717 I LSPosed-Bridge: 7198 PermLabel 10129 AMS.checkPermission: Binder.getCallingPid() = 7198; uid = 10129; Binder.getCallingUid() = 10129; getNameForUid: com.xt.retouch; getPackagesForUid: [com.xt.retouch]; permName: android.permission.GET_TASKS; type = 0; res = -1; stacktrace=java.lang.Exception

07-18 05:53:44.284  1567  9717 I LSPosed-Bridge: 	at com.example.permlabel.requirePerm$1$2.afterHookedMethod(requirePerm.java:129)

07-18 05:53:44.284  1567  9717 I LSPosed-Bridge: 	at de.robv.android.xposed.XposedBridge$AdditionalHookInfo.callback(Unknown Source:147)

07-18 05:53:44.284  1567  9717 I LSPosed-Bridge: 	at LSPHooker_.checkPermission(Unknown Source:25)

07-18 05:53:44.284  1567  9717 I LSPosed-Bridge: 	at com.android.server.am.ActivityManagerService.isGetTasksAllowed(ActivityManagerService.java:10902)

07-18 05:53:44.284  1567  9717 I LSPosed-Bridge: 	at com.android.server.am.ActivityManagerService.getRunningAppProcesses(ActivityManagerService.java:16139)

07-18 05:53:44.284  1567  9717 I LSPosed-Bridge: 	at android.app.IActivityManager$Stub.onTransact(IActivityManager.java:1088)

07-18 05:53:44.284  1567  9717 I LSPosed-Bridge: 	at com.android.server.am.ActivityManagerService.onTransact(ActivityManagerService.java:3346)

07-18 05:53:44.284  1567  9717 I LSPosed-Bridge: 	at android.os.Binder.execTransact(Binder.java:731)

07-18 05:53:44.294  7198  7198 I LSPosed-Bridge: 7198 PermLabel hookBinder_test 10129 interfaceBinder =android.app.IActivityManager; arg0 = 16; arg1 = android.os.Parcel@9136a5; arg2 = android.os.Parcel@a3f8836; arg3 = 0; res = true; stacktrace=java.lang.Exception

07-18 05:53:44.294  7198  7198 I LSPosed-Bridge: 	at com.example.permlabel.hookBinder_test$1.afterHookedMethod(hookBinder_test.java:60)

07-18 05:53:44.294  7198  7198 I LSPosed-Bridge: 	at de.robv.android.xposed.XposedBridge$AdditionalHookInfo.callback(Unknown Source:147)

07-18 05:53:44.294  7198  7198 I LSPosed-Bridge: 	at LSPHooker_.transact(Unknown Source:28)

07-18 05:53:44.294  7198  7198 I LSPosed-Bridge: 	at android.app.IActivityManager$Stub$Proxy.activityPaused(IActivityManager.java:3992)

07-18 05:53:44.294  7198  7198 I LSPosed-Bridge: 	at android.app.servertransaction.PauseActivityItem.postExecute(PauseActivityItem.java:63)

07-18 05:53:44.294  7198  7198 I LSPosed-Bridge: 	at android.app.servertransaction.TransactionExecutor.executeLifecycleState(TransactionExecutor.java:146)

07-18 05:53:44.294  7198  7198 I LSPosed-Bridge: 	at android.app.servertransaction.TransactionExecutor.execute(TransactionExecutor.java:70)

07-18 05:53:44.294  7198  7198 I LSPosed-Bridge: 	at android.app.ActivityThread$H.handleMessage(ActivityThread.java:1809)

07-18 05:53:44.294  7198  7198 I LSPosed-Bridge: 	at android.os.Handler.dispatchMessage(Handler.java:106)

07-18 05:53:44.294  7198  7198 I LSPosed-Bridge: 	at android.os.Looper.loop(Looper.java:193)

07-18 05:53:44.294  7198  7198 I LSPosed-Bridge: 	at android.app.ActivityThread.main(ActivityThread.java:6692)

07-18 05:53:44.294  7198  7198 I LSPosed-Bridge: 	at java.lang.reflect.Method.invoke(Native Method)

07-18 05:53:44.294  7198  7198 I LSPosed-Bridge: 	at com.android.internal.os.RuntimeInit$MethodAndArgsCaller.run(RuntimeInit.java:493)

07-18 05:53:44.294  7198  7198 I LSPosed-Bridge: 	at com.android.internal.os.ZygoteInit.main(ZygoteInit.java:858)

07-18 05:53:44.294  1567  2676 I LSPosed-Bridge: 8315 PermLabel 10129 AMS.checkPermission: Binder.getCallingPid() = 8315; uid = 10129; Binder.getCallingUid() = 10129; getNameForUid: com.xt.retouch; getPackagesForUid: [com.xt.retouch]; permName: android.permission.GET_TASKS; type = 0; res = -1; stacktrace=java.lang.Exception

07-18 05:53:44.294  1567  2676 I LSPosed-Bridge: 	at com.example.permlabel.requirePerm$1$2.afterHookedMethod(requirePerm.java:129)

07-18 05:53:44.294  1567  2676 I LSPosed-Bridge: 	at de.robv.android.xposed.XposedBridge$AdditionalHookInfo.callback(Unknown Source:147)

07-18 05:53:44.294  1567  2676 I LSPosed-Bridge: 	at LSPHooker_.checkPermission(Unknown Source:25)

07-18 05:53:44.294  1567  2676 I LSPosed-Bridge: 	at com.android.server.am.ActivityManagerService.isGetTasksAllowed(ActivityManagerService.java:10902)

07-18 05:53:44.294  1567  2676 I LSPosed-Bridge: 	at com.android.server.am.ActivityManagerService.getRunningAppProcesses(ActivityManagerService.java:16139)

07-18 05:53:44.294  1567  2676 I LSPosed-Bridge: 	at android.app.IActivityManager$Stub.onTransact(IActivityManager.java:1088)

07-18 05:53:44.294  1567  2676 I LSPosed-Bridge: 	at com.android.server.am.ActivityManagerService.onTransact(ActivityManagerService.java:3346)

07-18 05:53:44.294  1567  2676 I LSPosed-Bridge: 	at android.os.Binder.execTransact(Binder.java:731)

07-18 05:53:44.296  8315  8460 I LSPosed-Bridge: 8315 PermLabel getRunningAppProcesses packageName com.xt.retouch at index 0 in process 7198

07-18 05:53:44.296  8315  8460 I LSPosed-Bridge: 8315 PermLabel getRunningAppProcesses =android.app.ActivityManager$RunningAppProcessInfo@aaffcb3

07-18 05:53:44.296  8315  8460 I LSPosed-Bridge: 8315 PermLabel getRunningAppProcesses processName: com.xt.retouch:push pid: 8315

07-18 05:53:44.296  8315  8460 I LSPosed-Bridge: 8315 PermLabel getRunningAppProcesses importance: 125 pid: 8315

07-18 05:53:44.296  8315  8460 I LSPosed-Bridge: 8315 PermLabel getRunningAppProcesses packageName com.xt.retouch at index 0 in process 8315

07-18 05:53:44.296  8315  8460 I LSPosed-Bridge: 8315 PermLabel getRunningAppProcesses =android.app.ActivityManager$RunningAppProcessInfo@15f5270

07-18 05:53:44.296  8315  8460 I LSPosed-Bridge: 8315 PermLabel getRunningAppProcesses processName: com.xt.retouch:pushservice pid: 11754

07-18 05:53:44.296  8315  8460 I LSPosed-Bridge: 8315 PermLabel getRunningAppProcesses importance: 125 pid: 11754

07-18 05:53:44.296  8315  8460 I LSPosed-Bridge: 8315 PermLabel getRunningAppProcesses packageName com.xt.retouch at index 0 in process 11754

07-18 05:53:44.296  8315  8460 I LSPosed-Bridge: 8315 PermLabel permName: android.permission.READ_PHONE_STATE; getRunningAppProcesses =[android.app.ActivityManager$RunningAppProcessInfo@839aa22, android.app.ActivityManager$RunningAppProcessInfo@aaffcb3, android.app.ActivityManager$RunningAppProcessInfo@15f5270]; stacktrace=java.lang.Exception

07-18 05:53:44.296  8315  8460 I LSPosed-Bridge: 	at com.example.permlabel.hookBinder_test$2.afterHookedMethod(hookBinder_test.java:100)

07-18 05:53:44.296  8315  8460 I LSPosed-Bridge: 	at de.robv.android.xposed.XposedBridge$AdditionalHookInfo.callback(Unknown Source:147)

07-18 05:53:44.296  8315  8460 I LSPosed-Bridge: 	at LSPHooker_.getRunningAppProcesses(Unknown Source:8)

07-18 05:53:44.296  8315  8460 I LSPosed-Bridge: 	at com.ss.android.message.a.b.a(Unknown Source:40)

07-18 05:53:44.296  8315  8460 I LSPosed-Bridge: 	at com.ss.android.message.a.b.d(ToolUtils.java:275)

07-18 05:53:44.296  8315  8460 I LSPosed-Bridge: 	at com.ss.android.pushmanager.setting.PushMultiProcessSharedProvider.b(PushMultiProcessSharedProvider.java:636)

07-18 05:53:44.296  8315  8460 I LSPosed-Bridge: 	at com.ss.android.pushmanager.setting.PushMultiProcessSharedProvider$b.a(PushMultiProcessSharedProvider.java:686)

07-18 05:53:44.296  8315  8460 I LSPosed-Bridge: 	at com.ss.android.newmedia.redbadge.b.a.c(RedbadgeSetting.java:67)

07-18 05:53:44.296  8315  8460 I LSPosed-Bridge: 	at com.ss.android.newmedia.redbadge.c.b(RedBadgeController.java:209)

07-18 05:53:44.296  8315  8460 I LSPosed-Bridge: 	at com.ss.android.newmedia.redbadge.c$5.onChange(RedBadgeController.java:674)

07-18 05:53:44.296  8315  8460 I LSPosed-Bridge: 	at android.database.ContentObserver.onChange(ContentObserver.java:130)

07-18 05:53:44.296  8315  8460 I LSPosed-Bridge: 	at android.database.ContentObserver.onChange(ContentObserver.java:145)

07-18 05:53:44.296  8315  8460 I LSPosed-Bridge: 	at android.database.ContentObserver$NotificationRunnable.run(ContentObserver.java:216)

07-18 05:53:44.296  8315  8460 I LSPosed-Bridge: 	at android.os.Handler.handleCallback(Handler.java:873)

07-18 05:53:44.296  8315  8460 I LSPosed-Bridge: 	at android.os.Handler.dispatchMessage(Handler.java:99)

07-18 05:53:44.296  8315  8460 I LSPosed-Bridge: 	at android.os.Looper.loop(Looper.java:193)

07-18 05:53:44.296  8315  8460 I LSPosed-Bridge: 	at android.os.HandlerThread.run(HandlerThread.java:65)

07-18 05:53:44.296  1567  9717 I LSPosed-Bridge: 7198 PermLabel 10129 AMS.checkPermission: Binder.getCallingPid() = 7198; uid = 10129; Binder.getCallingUid() = 10129; getNameForUid: com.xt.retouch; getPackagesForUid: [com.xt.retouch]; permName: android.permission.GET_TASKS; type = 0; res = -1; stacktrace=java.lang.Exception

07-18 05:53:44.296  1567  9717 I LSPosed-Bridge: 	at com.example.permlabel.requirePerm$1$2.afterHookedMethod(requirePerm.java:129)

07-18 05:53:44.296  1567  9717 I LSPosed-Bridge: 	at de.robv.android.xposed.XposedBridge$AdditionalHookInfo.callback(Unknown Source:147)

07-18 05:53:44.296  1567  9717 I LSPosed-Bridge: 	at LSPHooker_.checkPermission(Unknown Source:25)

07-18 05:53:44.296  1567  9717 I LSPosed-Bridge: 	at com.android.server.am.ActivityManagerService.isGetTasksAllowed(ActivityManagerService.java:10902)

07-18 05:53:44.296  1567  9717 I LSPosed-Bridge: 	at com.android.server.am.ActivityManagerService.getRunningAppProcesses(ActivityManagerService.java:16139)

07-18 05:53:44.296  1567  9717 I LSPosed-Bridge: 	at android.app.IActivityManager$Stub.onTransact(IActivityManager.java:1088)

07-18 05:53:44.296  1567  9717 I LSPosed-Bridge: 	at com.android.server.am.ActivityManagerService.onTransact(ActivityManagerService.java:3346)

07-18 05:53:44.296  1567  9717 I LSPosed-Bridge: 	at android.os.Binder.execTransact(Binder.java:731)

07-18 05:53:44.301  1567  2676 I LSPosed-Bridge: 8315 PermLabel 10129 AMS.checkPermission: Binder.getCallingPid() = 8315; uid = 10129; Binder.getCallingUid() = 10129; getNameForUid: com.xt.retouch; getPackagesForUid: [com.xt.retouch]; permName: android.permission.GET_TASKS; type = 0; res = -1; stacktrace=java.lang.Exception

07-18 05:53:44.301  1567  2676 I LSPosed-Bridge: 	at com.example.permlabel.requirePerm$1$2.afterHookedMethod(requirePerm.java:129)

07-18 05:53:44.301  1567  2676 I LSPosed-Bridge: 	at de.robv.android.xposed.XposedBridge$AdditionalHookInfo.callback(Unknown Source:147)

07-18 05:53:44.301  1567  2676 I LSPosed-Bridge: 	at LSPHooker_.checkPermission(Unknown Source:25)

07-18 05:53:44.301  1567  2676 I LSPosed-Bridge: 	at com.android.server.am.ActivityManagerService.isGetTasksAllowed(ActivityManagerService.java:10902)

07-18 05:53:44.301  1567  2676 I LSPosed-Bridge: 	at com.android.server.am.ActivityManagerService.getRunningAppProcesses(ActivityManagerService.java:16139)

