07-18 05:53:08.073  8315  8460 I LSPosed-Bridge: 8315 PermLabel permName: android.permission.READ_PHONE_STATE; getRunningAppProcesses =[android.app.ActivityManager$RunningAppProcessInfo@69da755, android.app.ActivityManager$RunningAppProcessInfo@ada556a, android.app.ActivityManager$RunningAppProcessInfo@ef8da5b]; stacktrace=java.lang.Exception

07-18 05:53:08.073  8315  8460 I LSPosed-Bridge: 	at com.example.permlabel.hookBinder_test$2.afterHookedMethod(hookBinder_test.java:100)

07-18 05:53:08.073  8315  8460 I LSPosed-Bridge: 	at de.robv.android.xposed.XposedBridge$AdditionalHookInfo.callback(Unknown Source:147)

07-18 05:53:08.073  8315  8460 I LSPosed-Bridge: 	at LSPHooker_.getRunningAppProcesses(Unknown Source:8)

07-18 05:53:08.073  8315  8460 I LSPosed-Bridge: 	at com.ss.android.message.a.b.a(Unknown Source:40)

07-18 05:53:08.073  8315  8460 I LSPosed-Bridge: 	at com.ss.android.message.a.b.d(ToolUtils.java:275)

07-18 05:53:08.073  8315  8460 I LSPosed-Bridge: 	at com.ss.android.pushmanager.setting.PushMultiProcessSharedProvider.b(PushMultiProcessSharedProvider.java:636)

07-18 05:53:08.073  8315  8460 I LSPosed-Bridge: 	at com.ss.android.pushmanager.setting.PushMultiProcessSharedProvider$b.a(PushMultiProcessSharedProvider.java:728)

07-18 05:53:08.073  8315  8460 I LSPosed-Bridge: 	at com.ss.android.newmedia.redbadge.b.a.d(RedbadgeSetting.java:76)

07-18 05:53:08.073  8315  8460 I LSPosed-Bridge: 	at com.ss.android.newmedia.redbadge.c.b(RedBadgeController.java:210)

07-18 05:53:08.073  8315  8460 I LSPosed-Bridge: 	at com.ss.android.newmedia.redbadge.c$5.onChange(RedBadgeController.java:674)

07-18 05:53:08.073  8315  8460 I LSPosed-Bridge: 	at android.database.ContentObserver.onChange(ContentObserver.java:130)

07-18 05:53:08.073  8315  8460 I LSPosed-Bridge: 	at android.database.ContentObserver.onChange(ContentObserver.java:145)

07-18 05:53:08.073  8315  8460 I LSPosed-Bridge: 	at android.database.ContentObserver$NotificationRunnable.run(ContentObserver.java:216)

07-18 05:53:08.073  8315  8460 I LSPosed-Bridge: 	at android.os.Handler.handleCallback(Handler.java:873)

07-18 05:53:08.073  8315  8460 I LSPosed-Bridge: 	at android.os.Handler.dispatchMessage(Handler.java:99)

07-18 05:53:08.073  8315  8460 I LSPosed-Bridge: 	at android.os.Looper.loop(Looper.java:193)

07-18 05:53:08.073  8315  8460 I LSPosed-Bridge: 	at android.os.HandlerThread.run(HandlerThread.java:65)

07-18 05:53:08.075  8315  8460 I LSPosed-Bridge: 8315 PermLabel hookBinder_test 10129 interfaceBinder =android.app.IActivityManager; arg0 = 25; arg1 = android.os.Parcel@1611756; arg2 = android.os.Parcel@455263e; arg3 = 0; res = true; stacktrace=java.lang.Exception

07-18 05:53:08.075  8315  8460 I LSPosed-Bridge: 	at com.example.permlabel.hookBinder_test$1.afterHookedMethod(hookBinder_test.java:60)

07-18 05:53:08.075  8315  8460 I LSPosed-Bridge: 	at de.robv.android.xposed.XposedBridge$AdditionalHookInfo.callback(Unknown Source:147)

07-18 05:53:08.075  8315  8460 I LSPosed-Bridge: 	at LSPHooker_.transact(Unknown Source:28)

07-18 05:53:08.075  8315  8460 I LSPosed-Bridge: 	at android.app.IActivityManager$Stub$Proxy.getContentProvider(IActivityManager.java:4180)

07-18 05:53:08.075  8315  8460 I LSPosed-Bridge: 	at android.app.ActivityThread.acquireProvider(ActivityThread.java:5993)

07-18 05:53:08.075  8315  8460 I LSPosed-Bridge: 	at android.app.ContextImpl$ApplicationContentResolver.acquireUnstableProvider(ContextImpl.java:2592)

07-18 05:53:08.075  8315  8460 I LSPosed-Bridge: 	at android.content.ContentResolver.acquireUnstableProvider(ContentResolver.java:1831)

07-18 05:53:08.075  8315  8460 I LSPosed-Bridge: 	at android.content.ContentResolver.query(ContentResolver.java:788)

07-18 05:53:08.075  8315  8460 I LSPosed-Bridge: 	at android.content.ContentResolver.query(ContentResolver.java:753)

07-18 05:53:08.075  8315  8460 I LSPosed-Bridge: 	at android.content.ContentResolver.query(ContentResolver.java:711)

07-18 05:53:08.075  8315  8460 I LSPosed-Bridge: 	at com.ss.android.pushmanager.setting.PushMultiProcessSharedProvider$b.a(Unknown Source:55)

07-18 05:53:08.075  8315  8460 I LSPosed-Bridge: 	at com.ss.android.pushmanager.setting.PushMultiProcessSharedProvider$b.a(PushMultiProcessSharedProvider.java:731)

07-18 05:53:08.075  8315  8460 I LSPosed-Bridge: 	at com.ss.android.newmedia.redbadge.b.a.d(RedbadgeSetting.java:76)

07-18 05:53:08.075  8315  8460 I LSPosed-Bridge: 	at com.ss.android.newmedia.redbadge.c.b(RedBadgeController.java:210)

07-18 05:53:08.075  8315  8460 I LSPosed-Bridge: 	at com.ss.android.newmedia.redbadge.c$5.onChange(RedBadgeController.java:674)

07-18 05:53:08.075  8315  8460 I LSPosed-Bridge: 	at android.database.ContentObserver.onChange(ContentObserver.java:130)

07-18 05:53:08.075  8315  8460 I LSPosed-Bridge: 	at android.database.ContentObserver.onChange(ContentObserver.java:145)

07-18 05:53:08.075  8315  8460 I LSPosed-Bridge: 	at android.database.ContentObserver$NotificationRunnable.run(ContentObserver.java:216)

07-18 05:53:08.075  8315  8460 I LSPosed-Bridge: 	at android.os.Handler.handleCallback(Handler.java:873)

07-18 05:53:08.075  8315  8460 I LSPosed-Bridge: 	at android.os.Handler.dispatchMessage(Handler.java:99)

07-18 05:53:08.075  8315  8460 I LSPosed-Bridge: 	at android.os.Looper.loop(Looper.java:193)

07-18 05:53:08.075  8315  8460 I LSPosed-Bridge: 	at android.os.HandlerThread.run(HandlerThread.java:65)

07-18 05:53:08.075   553   553 I ConfigStore: android::hardware::configstore::V1_0::ISurfaceFlingerConfigs::hasHDRDisplay retrieved: 0

07-18 05:53:08.075  7198  7274 I LSPosed-Bridge: 7198 PermLabel permName: android.permission.READ_PHONE_STATE; getRunningAppProcesses =[android.app.ActivityManager$RunningAppProcessInfo@bdcc863, android.app.ActivityManager$RunningAppProcessInfo@1a1ac60, android.app.ActivityManager$RunningAppProcessInfo@69bd519]; stacktrace=java.lang.Exception

07-18 05:53:08.075  7198  7274 I LSPosed-Bridge: 	at com.example.permlabel.hookBinder_test$2.afterHookedMethod(hookBinder_test.java:100)

07-18 05:53:08.075  7198  7274 I LSPosed-Bridge: 	at de.robv.android.xposed.XposedBridge$AdditionalHookInfo.callback(Unknown Source:147)

07-18 05:53:08.075  7198  7274 I LSPosed-Bridge: 	at LSPHooker_.getRunningAppProcesses(Unknown Source:8)

07-18 05:53:08.075  7198  7274 I LSPosed-Bridge: 	at com.ss.android.message.a.b.a(Unknown Source:40)

07-18 05:53:08.075  7198  7274 I LSPosed-Bridge: 	at com.ss.android.message.a.b.d(ToolUtils.java:275)

07-18 05:53:08.075  7198  7274 I LSPosed-Bridge: 	at com.ss.android.pushmanager.setting.PushMultiProcessSharedProvider.b(PushMultiProcessSharedProvider.java:636)

07-18 05:53:08.075  7198  7274 I LSPosed-Bridge: 	at com.ss.android.pushmanager.setting.PushMultiProcessSharedProvider$a.a(PushMultiProcessSharedProvider.java:540)

07-18 05:53:08.075  7198  7274 I LSPosed-Bridge: 	at com.ss.android.newmedia.redbadge.b.a.c(RedbadgeSetting.java:90)

07-18 05:53:08.075  7198  7274 I LSPosed-Bridge: 	at com.ss.android.newmedia.redbadge.b.f(RedBadgeControlClient.java:128)

07-18 05:53:08.075  7198  7274 I LSPosed-Bridge: 	at com.ss.android.newmedia.redbadge.b.a(RedBadgeControlClient.java:167)

07-18 05:53:08.075  7198  7274 I LSPosed-Bridge: 	at com.ss.android.newmedia.redbadge.b.handleMsg(RedBadgeControlClient.java:349)

07-18 05:53:08.075  7198  7274 I LSPosed-Bridge: 	at com.bytedance.common.utility.collection.WeakHandler.handleMessage(WeakHandler.java:33)

07-18 05:53:08.075  7198  7274 I LSPosed-Bridge: 	at android.os.Handler.dispatchMessage(Handler.java:106)

07-18 05:53:08.075  7198  7274 I LSPosed-Bridge: 	at android.os.Looper.loop(Looper.java:193)

07-18 05:53:08.075  7198  7274 I LSPosed-Bridge: 	at android.os.HandlerThread.run(HandlerThread.java:65)

07-18 05:53:08.075  8315  8315 I LSPosed-Bridge: 8315 PermLabel hookBinder_test 10129 interfaceBinder =android.app.IActivityManager; arg0 = 67; arg1 = android.os.Parcel@8daa4c8; arg2 = android.os.Parcel@1290a16; arg3 = 0; res = true; stacktrace=java.lang.Exception

07-18 05:53:08.075  8315  8315 I LSPosed-Bridge: 	at com.example.permlabel.hookBinder_test$1.afterHookedMethod(hookBinder_test.java:60)

07-18 05:53:08.075  8315  8315 I LSPosed-Bridge: 	at de.robv.android.xposed.XposedBridge$AdditionalHookInfo.callback(Unknown Source:147)

07-18 05:53:08.075  8315  8315 I LSPosed-Bridge: 	at LSPHooker_.transact(Unknown Source:28)

07-18 05:53:08.075  8315  8315 I LSPosed-Bridge: 	at android.app.IActivityManager$Stub$Proxy.removeContentProvider(IActivityManager.java:5091)

07-18 05:53:08.075  8315  8315 I LSPosed-Bridge: 	at android.app.ActivityThread.completeRemoveProvider(ActivityThread.java:6246)

07-18 05:53:08.075  8315  8315 I LSPosed-Bridge: 	at android.app.ActivityThread$H.handleMessage(ActivityThread.java:1726)

07-18 05:53:08.075  8315  8315 I LSPosed-Bridge: 	at android.os.Handler.dispatchMessage(Handler.java:106)

07-18 05:53:08.075  8315  8315 I LSPosed-Bridge: 	at android.os.Looper.loop(Looper.java:193)

07-18 05:53:08.075  8315  8315 I LSPosed-Bridge: 	at android.app.ActivityThread.main(ActivityThread.java:6692)

07-18 05:53:08.075  8315  8315 I LSPosed-Bridge: 	at java.lang.reflect.Method.invoke(Native Method)

07-18 05:53:08.075  8315  8315 I LSPosed-Bridge: 	at com.android.internal.os.RuntimeInit$MethodAndArgsCaller.run(RuntimeInit.java:493)

07-18 05:53:08.075  8315  8315 I LSPosed-Bridge: 	at com.android.internal.os.ZygoteInit.main(ZygoteInit.java:858)

07-18 05:53:08.075   553   553 I ConfigStore: android::hardware::configstore::V1_0::ISurfaceFlingerConfigs::hasHDRDisplay retrieved: 0

07-18 05:53:08.075  7198  7198 I LSPosed-Bridge: 7198 PermLabel hookBinder_test 10129 interfaceBinder =android.content.IContentService; arg0 = 2; arg1 = android.os.Parcel@2b01480; arg2 = android.os.Parcel@f413d03; arg3 = 0; res = true; stacktrace=java.lang.Exception

07-18 05:53:08.075  7198  7198 I LSPosed-Bridge: 	at com.example.permlabel.hookBinder_test$1.afterHookedMethod(hookBinder_test.java:60)

07-18 05:53:08.075  7198  7198 I LSPosed-Bridge: 	at de.robv.android.xposed.XposedBridge$AdditionalHookInfo.callback(Unknown Source:147)

07-18 05:53:08.075  7198  7198 I LSPosed-Bridge: 	at LSPHooker_.transact(Unknown Source:28)

07-18 05:53:08.075  7198  7198 I LSPosed-Bridge: 	at android.content.IContentService$Stub$Proxy.registerContentObserver(IContentService.java:778)

07-18 05:53:08.075  7198  7198 I LSPosed-Bridge: 	at android.content.ContentResolver.registerContentObserver(ContentResolver.java:1975)

07-18 05:53:08.075  7198  7198 I LSPosed-Bridge: 	at android.content.ContentResolver.registerContentObserver(ContentResolver.java:1964)

07-18 05:53:08.075  7198  7198 I LSPosed-Bridge: 	at com.xt.retouch.util.d.a.a(ScreenRecordingListener.kt:71)

07-18 05:53:08.075  7198  7198 I LSPosed-Bridge: 	at com.xt.retouch.uilauncher.f.i.d(MainActivityViewModel.kt:271)

07-18 05:53:08.075  7198  7198 I LSPosed-Bridge: 	at com.xt.retouch.uilauncher.MainActivity.at(MainActivity.kt:440)

07-18 05:53:08.075  7198  7198 I LSPosed-Bridge: 	at com.xt.retouch.uilauncher.MainActivity.onResume(MainActivity.kt:1182)

07-18 05:53:08.075  7198  7198 I LSPosed-Bridge: 	at android.app.Instrumentation.callActivityOnResume(Instrumentation.java:1413)

07-18 05:53:08.075  7198  7198 I LSPosed-Bridge: 	at android.app.Activity.performResume(Activity.java:7292)

07-18 05:53:08.075  7198  7198 I LSPosed-Bridge: 	at android.app.ActivityThread.performResumeActivity(ActivityThread.java:3777)

07-18 05:53:08.075  7198  7198 I LSPosed-Bridge: 	at android.app.ActivityThread.handleResumeActivity(ActivityThread.java:3817)

07-18 05:53:08.075  7198  7198 I LSPosed-Bridge: 	at android.app.servertransaction.ResumeActivityItem.execute(ResumeActivityItem.java:51)

07-18 05:53:08.075  7198  7198 I LSPosed-Bridge: 	at android.app.servertransaction.TransactionExecutor.executeLifecycleState(TransactionExecutor.java:145)

07-18 05:53:08.075  7198  7198 I LSPosed-Bridge: 	at android.app.servertransaction.TransactionExecutor.execute(TransactionExecutor.java:70)

07-18 05:53:08.075  7198  7198 I LSPosed-Bridge: 	at android.app.ActivityThread$H.handleMessage(ActivityThread.java:1809)

07-18 05:53:08.075  7198  7198 I LSPosed-Bridge: 	at android.os.Handler.dispatchMessage(Handler.java:106)

07-18 05:53:08.075  7198  7198 I LSPosed-Bridge: 	at android.os.Looper.loop(Looper.java:193)

07-18 05:53:08.075  7198  7198 I LSPosed-Bridge: 	at android.app.ActivityThread.main(ActivityThread.java:6692)

07-18 05:53:08.075  7198  7198 I LSPosed-Bridge: 	at java.lang.reflect.Method.invoke(Native Method)

07-18 05:53:08.075  7198  7198 I LSPosed-Bridge: 	at com.android.internal.os.RuntimeInit$MethodAndArgsCaller.run(RuntimeInit.java:493)

07-18 05:53:08.075  7198  7198 I LSPosed-Bridge: 	at com.android.internal.os.ZygoteInit.main(ZygoteInit.java:858)

07-18 05:53:08.087  8315  8460 I LSPosed-Bridge: 8315 PermLabel hookBinder_test 10129 interfaceBinder =android.app.IActivityManager; arg0 = 81; arg1 = android.os.Parcel@455263e; arg2 = android.os.Parcel@1611756; arg3 = 0; res = true; stacktrace=java.lang.Exception

07-18 05:53:08.087  8315  8460 I LSPosed-Bridge: 	at com.example.permlabel.hookBinder_test$1.afterHookedMethod(hookBinder_test.java:60)

07-18 05:53:08.087  8315  8460 I LSPosed-Bridge: 	at de.robv.android.xposed.XposedBridge$AdditionalHookInfo.callback(Unknown Source:147)

07-18 05:53:08.087  8315  8460 I LSPosed-Bridge: 	at LSPHooker_.transact(Unknown Source:28)

07-18 05:53:08.087  8315  8460 I LSPosed-Bridge: 	at android.app.IActivityManager$Stub$Proxy.getRunningAppProcesses(IActivityManager.java:5366)

07-18 05:53:08.087  8315  8460 I LSPosed-Bridge: 	at android.app.ActivityManager.getRunningAppProcesses(ActivityManager.java:3435)

07-18 05:53:08.087  8315  8460 I LSPosed-Bridge: 	at java.lang.reflect.Method.invoke(Native Method)

07-18 05:53:08.087  8315  8460 I LSPosed-Bridge: 	at org.lsposed.lspd.nativebridge.HookBridge.invokeOriginalMethod(Native Method)

07-18 05:53:08.087  8315  8460 I LSPosed-Bridge: 	at de.robv.android.xposed.XposedBridge$AdditionalHookInfo.callback(Unknown Source:110)

07-18 05:53:08.087  8315  8460 I LSPosed-Bridge: 	at LSPHooker_.getRunningAppProcesses(Unknown Source:8)

07-18 05:53:08.087  8315  8460 I LSPosed-Bridge: 	at com.ss.android.message.a.b.a(Unknown Source:40)

07-18 05:53:08.087  8315  8460 I LSPosed-Bridge: 	at com.ss.android.message.a.b.d(ToolUtils.java:275)

07-18 05:53:08.087  8315  8460 I LSPosed-Bridge: 	at com.ss.android.pushmanager.setting.PushMultiProcessSharedProvider.b(PushMultiProcessSharedProvider.java:636)

07-18 05:53:08.087  8315  8460 I LSPosed-Bridge: 	at com.ss.android.pushmanager.setting.PushMultiProcessSharedProvider$b.a(PushMultiProcessSharedProvider.java:672)

07-18 05:53:08.087  8315  8460 I LSPosed-Bridge: 	at com.ss.android.newmedia.redbadge.b.a.e(RedbadgeSetting.java:85)

07-18 05:53:08.087  8315  8460 I LSPosed-Bridge: 	at com.ss.android.newmedia.redbadge.c.b(RedBadgeController.java:211)

07-18 05:53:08.087  8315  8460 I LSPosed-Bridge: 	at com.ss.android.newmedia.redbadge.c$5.onChange(RedBadgeController.java:674)

07-18 05:53:08.087  8315  8460 I LSPosed-Bridge: 	at android.database.ContentObserver.onChange(ContentObserver.java:130)

07-18 05:53:08.087  8315  8460 I LSPosed-Bridge: 	at android.database.ContentObserver.onChange(ContentObserver.java:145)

07-18 05:53:08.087  8315  8460 I LSPosed-Bridge: 	at android.database.ContentObserver$NotificationRunnable.run(ContentObserver.java:216)

07-18 05:53:08.087  8315  8460 I LSPosed-Bridge: 	at android.os.Handler.handleCallback(Handler.java:873)

07-18 05:53:08.087  8315  8460 I LSPosed-Bridge: 	at android.os.Handler.dispatchMessage(Handler.java:99)

07-18 05:53:08.087  8315  8460 I LSPosed-Bridge: 	at android.os.Looper.loop(Looper.java:193)

07-18 05:53:08.087  8315  8460 I LSPosed-Bridge: 	at android.os.HandlerThread.run(HandlerThread.java:65)

07-18 05:53:08.087  8315  8460 I LSPosed-Bridge: 8315 PermLabel getRunningAppProcesses =android.app.ActivityManager$RunningAppProcessInfo@62c27c2

07-18 05:53:08.087  8315  8460 I LSPosed-Bridge: 8315 PermLabel getRunningAppProcesses processName: com.xt.retouch pid: 7198

07-18 05:53:08.087  8315  8460 I LSPosed-Bridge: 8315 PermLabel getRunningAppProcesses importance: 100 pid: 7198

07-18 05:53:08.087  8315  8460 I LSPosed-Bridge: 8315 PermLabel getRunningAppProcesses packageName com.xt.retouch at index 0 in process 7198

07-18 05:53:08.087  8315  8460 I LSPosed-Bridge: 8315 PermLabel getRunningAppProcesses =android.app.ActivityManager$RunningAppProcessInfo@6f639d3

07-18 05:53:08.087  8315  8460 I LSPosed-Bridge: 8315 PermLabel getRunningAppProcesses processName: com.xt.retouch:pushservice pid: 11754

07-18 05:53:08.087  8315  8460 I LSPosed-Bridge: 8315 PermLabel getRunningAppProcesses importance: 100 pid: 11754

07-18 05:53:08.087  8315  8460 I LSPosed-Bridge: 8315 PermLabel getRunningAppProcesses packageName com.xt.retouch at index 0 in process 11754

07-18 05:53:08.087  8315  8460 I LSPosed-Bridge: 8315 PermLabel getRunningAppProcesses =android.app.ActivityManager$RunningAppProcessInfo@8a71910

07-18 05:53:08.087  8315  8460 I LSPosed-Bridge: 8315 PermLabel getRunningAppProcesses processName: com.xt.retouch:push pid: 8315

07-18 05:53:08.087  8315  8460 I LSPosed-Bridge: 8315 PermLabel getRunningAppProcesses importance: 125 pid: 8315

07-18 05:53:08.087  8315  8460 I LSPosed-Bridge: 8315 PermLabel getRunningAppProcesses packageName com.xt.retouch at index 0 in process 8315

07-18 05:53:08.087  8315  8460 I LSPosed-Bridge: 8315 PermLabel permName: android.permission.READ_PHONE_STATE; getRunningAppProcesses =[android.app.ActivityManager$RunningAppProcessInfo@62c27c2, android.app.ActivityManager$RunningAppProcessInfo@6f639d3, android.app.ActivityManager$RunningAppProcessInfo@8a71910]; stacktrace=java.lang.Exception

07-18 05:53:08.087  8315  8460 I LSPosed-Bridge: 	at com.example.permlabel.hookBinder_test$2.afterHookedMethod(hookBinder_test.java:100)

07-18 05:53:08.087  8315  8460 I LSPosed-Bridge: 	at de.robv.android.xposed.XposedBridge$AdditionalHookInfo.callback(Unknown Source:147)

07-18 05:53:08.087  8315  8460 I LSPosed-Bridge: 	at LSPHooker_.getRunningAppProcesses(Unknown Source:8)

07-18 05:53:08.087  8315  8460 I LSPosed-Bridge: 	at com.ss.android.message.a.b.a(Unknown Source:40)

07-18 05:53:08.087  8315  8460 I LSPosed-Bridge: 	at com.ss.android.message.a.b.d(ToolUtils.java:275)

07-18 05:53:08.087  8315  8460 I LSPosed-Bridge: 	at com.ss.android.pushmanager.setting.PushMultiProcessSharedProvider.b(PushMultiProcessSharedProvider.java:636)

07-18 05:53:08.087  8315  8460 I LSPosed-Bridge: 	at com.ss.android.pushmanager.setting.PushMultiProcessSharedProvider$b.a(PushMultiProcessSharedProvider.java:672)

07-18 05:53:08.087  8315  8460 I LSPosed-Bridge: 	at com.ss.android.newmedia.redbadge.b.a.e(RedbadgeSetting.java:85)

07-18 05:53:08.087  8315  8460 I LSPosed-Bridge: 	at com.ss.android.newmedia.redbadge.c.b(RedBadgeController.java:211)

07-18 05:53:08.087  8315  8460 I LSPosed-Bridge: 	at com.ss.android.newmedia.redbadge.c$5.onChange(RedBadgeController.java:674)

07-18 05:53:08.087  8315  8460 I LSPosed-Bridge: 	at android.database.ContentObserver.onChange(ContentObserver.java:130)

07-18 05:53:08.087  8315  8460 I LSPosed-Bridge: 	at android.database.ContentObserver.onChange(ContentObserver.java:145)

07-18 05:53:08.087  8315  8460 I LSPosed-Bridge: 	at android.database.ContentObserver$NotificationRunnable.run(ContentObserver.java:216)

07-18 05:53:08.087  8315  8460 I LSPosed-Bridge: 	at android.os.Handler.handleCallback(Handler.java:873)

07-18 05:53:08.087  8315  8460 I LSPosed-Bridge: 	at android.os.Handler.dispatchMessage(Handler.java:99)

07-18 05:53:08.087  8315  8460 I LSPosed-Bridge: 	at android.os.Looper.loop(Looper.java:193)

07-18 05:53:08.087  8315  8460 I LSPosed-Bridge: 	at android.os.HandlerThread.run(HandlerThread.java:65)

07-18 05:53:08.109  8315  8460 I LSPosed-Bridge: 8315 PermLabel hookBinder_test 10129 interfaceBinder =android.app.IActivityManager; arg0 = 81; arg1 = android.os.Parcel@1611756; arg2 = android.os.Parcel@455263e; arg3 = 0; res = true; stacktrace=java.lang.Exception

07-18 05:53:08.109  8315  8460 I LSPosed-Bridge: 	at com.example.permlabel.hookBinder_test$1.afterHookedMethod(hookBinder_test.java:60)

07-18 05:53:08.109  8315  8460 I LSPosed-Bridge: 	at de.robv.android.xposed.XposedBridge$AdditionalHookInfo.callback(Unknown Source:147)

07-18 05:53:08.109  8315  8460 I LSPosed-Bridge: 	at LSPHooker_.transact(Unknown Source:28)

07-18 05:53:08.109  8315  8460 I LSPosed-Bridge: 	at android.app.IActivityManager$Stub$Proxy.getRunningAppProcesses(IActivityManager.java:5366)

07-18 05:53:08.109  8315  8460 I LSPosed-Bridge: 	at android.app.ActivityManager.getRunningAppProcesses(ActivityManager.java:3435)

07-18 05:53:08.109  8315  8460 I LSPosed-Bridge: 	at java.lang.reflect.Method.invoke(Native Method)

07-18 05:53:08.109  8315  8460 I LSPosed-Bridge: 	at org.lsposed.lspd.nativebridge.HookBridge.invokeOriginalMethod(Native Method)

07-18 05:53:08.109  8315  8460 I LSPosed-Bridge: 	at de.robv.android.xposed.XposedBridge$AdditionalHookInfo.callback(Unknown Source:110)

07-18 05:53:08.109  8315  8460 I LSPosed-Bridge: 	at LSPHooker_.getRunningAppProcesses(Unknown Source:8)

07-18 05:53:08.109  8315  8460 I LSPosed-Bridge: 	at com.ss.android.message.a.b.a(Unknown Source:40)

07-18 05:53:08.109  8315  8460 I LSPosed-Bridge: 	at com.ss.android.message.a.b.d(ToolUtils.java:275)

07-18 05:53:08.109  8315  8460 I LSPosed-Bridge: 	at com.ss.android.pushmanager.setting.PushMultiProcessSharedProvider.b(PushMultiProcessSharedProvider.java:636)

07-18 05:53:08.109  8315  8460 I LSPosed-Bridge: 	at com.ss.android.pushmanager.setting.PushMultiProcessSharedProvider$b.a(PushMultiProcessSharedProvider.java:672)

07-18 05:53:08.109  8315  8460 I LSPosed-Bridge: 	at com.ss.android.newmedia.redbadge.b.a.f(RedbadgeSetting.java:94)

07-18 05:53:08.109  8315  8460 I LSPosed-Bridge: 	at com.ss.android.newmedia.redbadge.c.b(RedBadgeController.java:212)

07-18 05:53:08.109  8315  8460 I LSPosed-Bridge: 	at com.ss.android.newmedia.redbadge.c$5.onChange(RedBadgeController.java:674)

07-18 05:53:08.109  8315  8460 I LSPosed-Bridge: 	at android.database.ContentObserver.onChange(ContentObserver.java:130)

07-18 05:53:08.109  8315  8460 I LSPosed-Bridge: 	at android.database.ContentObserver.onChange(ContentObserver.java:145)

07-18 05:53:08.109  8315  8460 I LSPosed-Bridge: 	at android.database.ContentObserver$NotificationRunnable.run(ContentObserver.java:216)

07-18 05:53:08.109  8315  8460 I LSPosed-Bridge: 	at android.os.Handler.handleCallback(Handler.java:873)

07-18 05:53:08.109  8315  8460 I LSPosed-Bridge: 	at android.os.Handler.dispatchMessage(Handler.java:99)

07-18 05:53:08.109  8315  8460 I LSPosed-Bridge: 	at android.os.Looper.loop(Looper.java:193)

07-18 05:53:08.109  8315  8460 I LSPosed-Bridge: 	at android.os.HandlerThread.run(HandlerThread.java:65)

07-18 05:53:08.109  7198  7198 I LSPosed-Bridge: 7198 PermLabel hookBinder_test 10129 interfaceBinder =android.view.IWindowSession; arg0 = 6; arg1 = android.os.Parcel@f413d03; arg2 = android.os.Parcel@2b01480; arg3 = 0; res = true; stacktrace=java.lang.Exception

07-18 05:53:08.109  7198  7198 I LSPosed-Bridge: 	at com.example.permlabel.hookBinder_test$1.afterHookedMethod(hookBinder_test.java:60)

07-18 05:53:08.109  7198  7198 I LSPosed-Bridge: 	at de.robv.android.xposed.XposedBridge$AdditionalHookInfo.callback(Unknown Source:147)

07-18 05:53:08.109  7198  7198 I LSPosed-Bridge: 	at LSPHooker_.transact(Unknown Source:28)

07-18 05:53:08.109  7198  7198 I LSPosed-Bridge: 	at android.view.IWindowSession$Stub$Proxy.relayout(IWindowSession.java:956)

07-18 05:53:08.109  7198  7198 I LSPosed-Bridge: 	at android.view.ViewRootImpl.relayoutWindow(ViewRootImpl.java:6568)

07-18 05:53:08.109  7198  7198 I LSPosed-Bridge: 	at android.view.ViewRootImpl.performTraversals(ViewRootImpl.java:2001)

07-18 05:53:08.109  7198  7198 I LSPosed-Bridge: 	at android.view.ViewRootImpl.doTraversal(ViewRootImpl.java:1465)

07-18 05:53:08.109  7198  7198 I LSPosed-Bridge: 	at android.view.ViewRootImpl$TraversalRunnable.run(ViewRootImpl.java:7205)

07-18 05:53:08.109  7198  7198 I LSPosed-Bridge: 	at android.view.Choreographer$CallbackRecord.run(Choreographer.java:1004)

07-18 05:53:08.109  7198  7198 I LSPosed-Bridge: 	at android.view.Choreographer.doCallbacks(Choreographer.java:816)

07-18 05:53:08.109  7198  7198 I LSPosed-Bridge: 	at android.view.Choreographer.doFrame(Choreographer.java:751)

07-18 05:53:08.109  7198  7198 I LSPosed-Bridge: 	at android.view.Choreographer$FrameDisplayEventReceiver.run(Choreographer.java:990)

07-18 05:53:08.109  7198  7198 I LSPosed-Bridge: 	at android.os.Handler.handleCallback(Handler.java:873)

07-18 05:53:08.109  7198  7198 I LSPosed-Bridge: 	at android.os.Handler.dispatchMessage(Handler.java:99)

07-18 05:53:08.109  7198  7198 I LSPosed-Bridge: 	at android.os.Looper.loop(Looper.java:193)

07-18 05:53:08.109  7198  7198 I LSPosed-Bridge: 	at android.app.ActivityThread.main(ActivityThread.java:6692)

07-18 05:53:08.109  7198  7198 I LSPosed-Bridge: 	at java.lang.reflect.Method.invoke(Native Method)

07-18 05:53:08.109  7198  7198 I LSPosed-Bridge: 	at com.android.internal.os.RuntimeInit$MethodAndArgsCaller.run(RuntimeInit.java:493)

07-18 05:53:08.109  7198  7198 I LSPosed-Bridge: 	at com.android.internal.os.ZygoteInit.main(ZygoteInit.java:858)

07-18 05:53:08.109  8315  8460 I LSPosed-Bridge: 8315 PermLabel getRunningAppProcesses =android.app.ActivityManager$RunningAppProcessInfo@b3ac0e6

07-18 05:53:08.109  8315  8460 I LSPosed-Bridge: 8315 PermLabel getRunningAppProcesses processName: com.xt.retouch pid: 7198

07-18 05:53:08.109  8315  8460 I LSPosed-Bridge: 8315 PermLabel getRunningAppProcesses importance: 100 pid: 7198

07-18 05:53:08.109  8315  8460 I LSPosed-Bridge: 8315 PermLabel getRunningAppProcesses packageName com.xt.retouch at index 0 in process 7198

07-18 05:53:08.109  8315  8460 I LSPosed-Bridge: 8315 PermLabel getRunningAppProcesses =android.app.ActivityManager$RunningAppProcessInfo@6ae6627

07-18 05:53:08.109  8315  8460 I LSPosed-Bridge: 8315 PermLabel getRunningAppProcesses processName: com.xt.retouch:pushservice pid: 11754

07-18 05:53:08.109  8315  8460 I LSPosed-Bridge: 8315 PermLabel getRunningAppProcesses importance: 100 pid: 11754

07-18 05:53:08.109  8315  8460 I LSPosed-Bridge: 8315 PermLabel getRunningAppProcesses packageName com.xt.retouch at index 0 in process 11754

07-18 05:53:08.109  8315  8460 I LSPosed-Bridge: 8315 PermLabel getRunningAppProcesses =android.app.ActivityManager$RunningAppProcessInfo@48b90d4

07-18 05:53:08.109  8315  8460 I LSPosed-Bridge: 8315 PermLabel getRunningAppProcesses processName: com.xt.retouch:push pid: 8315

07-18 05:53:08.109  8315  8460 I LSPosed-Bridge: 8315 PermLabel getRunningAppProcesses importance: 125 pid: 8315

07-18 05:53:08.109  8315  8460 I LSPosed-Bridge: 8315 PermLabel getRunningAppProcesses packageName com.xt.retouch at index 0 in process 8315

07-18 05:53:08.109   553   553 I ConfigStore: android::hardware::configstore::V1_0::ISurfaceFlingerConfigs::hasHDRDisplay retrieved: 0

07-18 05:53:08.109  8315  8460 I LSPosed-Bridge: 8315 PermLabel permName: android.permission.READ_PHONE_STATE; getRunningAppProcesses =[android.app.ActivityManager$RunningAppProcessInfo@b3ac0e6, android.app.ActivityManager$RunningAppProcessInfo@6ae6627, android.app.ActivityManager$RunningAppProcessInfo@48b90d4]; stacktrace=java.lang.Exception

07-18 05:53:08.109  8315  8460 I LSPosed-Bridge: 	at com.example.permlabel.hookBinder_test$2.afterHookedMethod(hookBinder_test.java:100)

07-18 05:53:08.109  8315  8460 I LSPosed-Bridge: 	at de.robv.android.xposed.XposedBridge$AdditionalHookInfo.callback(Unknown Source:147)

07-18 05:53:08.109  8315  8460 I LSPosed-Bridge: 	at LSPHooker_.getRunningAppProcesses(Unknown Source:8)

07-18 05:53:08.109  8315  8460 I LSPosed-Bridge: 	at com.ss.android.message.a.b.a(Unknown Source:40)

07-18 05:53:08.109  8315  8460 I LSPosed-Bridge: 	at com.ss.android.message.a.b.d(ToolUtils.java:275)

07-18 05:53:08.109  8315  8460 I LSPosed-Bridge: 	at com.ss.android.pushmanager.setting.PushMultiProcessSharedProvider.b(PushMultiProcessSharedProvider.java:636)

07-18 05:53:08.109  8315  8460 I LSPosed-Bridge: 	at com.ss.android.pushmanager.setting.PushMultiProcessSharedProvider$b.a(PushMultiProcessSharedProvider.java:672)

07-18 05:53:08.109  8315  8460 I LSPosed-Bridge: 	at com.ss.android.newmedia.redbadge.b.a.f(RedbadgeSetting.java:94)

07-18 05:53:08.109  8315  8460 I LSPosed-Bridge: 	at com.ss.android.newmedia.redbadge.c.b(RedBadgeController.java:212)

07-18 05:53:08.109  8315  8460 I LSPosed-Bridge: 	at com.ss.android.newmedia.redbadge.c$5.onChange(RedBadgeController.java:674)

07-18 05:53:08.109  8315  8460 I LSPosed-Bridge: 	at android.database.ContentObserver.onChange(ContentObserver.java:130)

07-18 05:53:08.109  8315  8460 I LSPosed-Bridge: 	at android.database.ContentObserver.onChange(ContentObserver.java:145)

07-18 05:53:08.109  8315  8460 I LSPosed-Bridge: 	at android.database.ContentObserver$NotificationRunnable.run(ContentObserver.java:216)

07-18 05:53:08.109  8315  8460 I LSPosed-Bridge: 	at android.os.Handler.handleCallback(Handler.java:873)

07-18 05:53:08.109  8315  8460 I LSPosed-Bridge: 	at android.os.Handler.dispatchMessage(Handler.java:99)

07-18 05:53:08.109  8315  8460 I LSPosed-Bridge: 	at android.os.Looper.loop(Looper.java:193)

07-18 05:53:08.109  8315  8460 I LSPosed-Bridge: 	at android.os.HandlerThread.run(HandlerThread.java:65)

07-18 05:53:15.993  7198  7274 I LSPosed-Bridge: 7198 PermLabel permName: android.permission.READ_PHONE_STATE; getRunningAppProcesses =[android.app.ActivityManager$RunningAppProcessInfo@566cdd, android.app.ActivityManager$RunningAppProcessInfo@2a5af23, android.app.ActivityManager$RunningAppProcessInfo@3fa6c20]; stacktrace=java.lang.Exception

07-18 05:53:15.993  7198  7274 I LSPosed-Bridge: 	at com.example.permlabel.hookBinder_test$2.afterHookedMethod(hookBinder_test.java:100)

07-18 05:53:15.993  7198  7274 I LSPosed-Bridge: 	at de.robv.android.xposed.XposedBridge$AdditionalHookInfo.callback(Unknown Source:147)

07-18 05:53:15.993  7198  7274 I LSPosed-Bridge: 	at LSPHooker_.getRunningAppProcesses(Unknown Source:8)

07-18 05:53:15.993  7198  7274 I LSPosed-Bridge: 	at com.ss.android.message.a.b.a(Unknown Source:40)

07-18 05:53:15.993  7198  7274 I LSPosed-Bridge: 	at com.ss.android.message.a.b.d(ToolUtils.java:275)

07-18 05:53:15.993  7198  7274 I LSPosed-Bridge: 	at com.ss.android.pushmanager.setting.PushMultiProcessSharedProvider.b(PushMultiProcessSharedProvider.java:636)

07-18 05:53:15.993  7198  7274 I LSPosed-Bridge: 	at com.ss.android.pushmanager.setting.PushMultiProcessSharedProvider$a.a(PushMultiProcessSharedProvider.java:540)

07-18 05:53:15.993  7198  7274 I LSPosed-Bridge: 	at com.ss.android.newmedia.redbadge.b.a.b(RedbadgeSetting.java:99)

07-18 05:53:15.993  7198  7274 I LSPosed-Bridge: 	at com.ss.android.newmedia.redbadge.b.f(RedBadgeControlClient.java:125)

07-18 05:53:15.993  7198  7274 I LSPosed-Bridge: 	at com.ss.android.newmedia.redbadge.b.a(RedBadgeControlClient.java:167)

07-18 05:53:15.993  7198  7274 I LSPosed-Bridge: 	at com.ss.android.newmedia.redbadge.b.handleMsg(RedBadgeControlClient.java:349)

07-18 05:53:15.993  7198  7274 I LSPosed-Bridge: 	at com.bytedance.common.utility.collection.WeakHandler.handleMessage(WeakHandler.java:33)

07-18 05:53:15.993  7198  7274 I LSPosed-Bridge: 	at android.os.Handler.dispatchMessage(Handler.java:106)

07-18 05:53:15.993  7198  7274 I LSPosed-Bridge: 	at android.os.Looper.loop(Looper.java:193)

07-18 05:53:15.993  7198  7274 I LSPosed-Bridge: 	at android.os.HandlerThread.run(HandlerThread.java:65)

07-18 05:53:15.993   553   553 I ConfigStore: android::hardware::configstore::V1_0::ISurfaceFlingerConfigs::hasHDRDisplay retrieved: 0

07-18 05:53:15.998  7198  7274 I LSPosed-Bridge: 7198 PermLabel getRunningAppProcesses =android.app.ActivityManager$RunningAppProcessInfo@e6a2a4c

07-18 05:53:15.998  7198  7274 I LSPosed-Bridge: 7198 PermLabel getRunningAppProcesses processName: com.xt.retouch pid: 7198

07-18 05:53:15.998  7198  7274 I LSPosed-Bridge: 7198 PermLabel getRunningAppProcesses importance: 100 pid: 7198

07-18 05:53:15.998  7198  7274 I LSPosed-Bridge: 7198 PermLabel getRunningAppProcesses packageName com.xt.retouch at index 0 in process 7198

07-18 05:53:15.998  7198  7274 I LSPosed-Bridge: 7198 PermLabel getRunningAppProcesses =android.app.ActivityManager$RunningAppProcessInfo@edf5a95

07-18 05:53:15.998  7198  7274 I LSPosed-Bridge: 7198 PermLabel getRunningAppProcesses processName: com.xt.retouch:push pid: 8315

07-18 05:53:15.998  7198  7274 I LSPosed-Bridge: 7198 PermLabel getRunningAppProcesses importance: 125 pid: 8315

07-18 05:53:15.998  7198  7274 I LSPosed-Bridge: 7198 PermLabel getRunningAppProcesses packageName com.xt.retouch at index 0 in process 8315

07-18 05:53:15.998  7198  7274 I LSPosed-Bridge: 7198 PermLabel getRunningAppProcesses =android.app.ActivityManager$RunningAppProcessInfo@6f127aa

07-18 05:53:15.998  7198  7274 I LSPosed-Bridge: 7198 PermLabel getRunningAppProcesses processName: com.xt.retouch:pushservice pid: 11754

07-18 05:53:15.998  7198  7274 I LSPosed-Bridge: 7198 PermLabel getRunningAppProcesses importance: 125 pid: 11754

07-18 05:53:15.998  7198  7274 I LSPosed-Bridge: 7198 PermLabel getRunningAppProcesses packageName com.xt.retouch at index 0 in process 11754

07-18 05:53:15.998  7198  7274 I LSPosed-Bridge: 7198 PermLabel permName: android.permission.READ_PHONE_STATE; getRunningAppProcesses =[android.app.ActivityManager$RunningAppProcessInfo@e6a2a4c, android.app.ActivityManager$RunningAppProcessInfo@edf5a95, android.app.ActivityManager$RunningAppProcessInfo@6f127aa]; stacktrace=java.lang.Exception

07-18 05:53:15.998  7198  7274 I LSPosed-Bridge: 	at com.example.permlabel.hookBinder_test$2.afterHookedMethod(hookBinder_test.java:100)

07-18 05:53:15.998  7198  7274 I LSPosed-Bridge: 	at de.robv.android.xposed.XposedBridge$AdditionalHookInfo.callback(Unknown Source:147)

07-18 05:53:15.998  7198  7274 I LSPosed-Bridge: 	at LSPHooker_.getRunningAppProcesses(Unknown Source:8)

07-18 05:53:15.998  7198  7274 I LSPosed-Bridge: 	at com.ss.android.message.a.b.a(Unknown Source:40)

07-18 05:53:15.998  7198  7274 I LSPosed-Bridge: 	at com.ss.android.message.a.b.d(ToolUtils.java:275)

07-18 05:53:15.998  7198  7274 I LSPosed-Bridge: 	at com.ss.android.pushmanager.setting.PushMultiProcessSharedProvider.b(PushMultiProcessSharedProvider.java:636)

07-18 05:53:15.998  7198  7274 I LSPosed-Bridge: 	at com.ss.android.pushmanager.setting.PushMultiProcessSharedProvider$a.a(PushMultiProcessSharedProvider.java:540)

07-18 05:53:15.998  7198  7274 I LSPosed-Bridge: 	at com.ss.android.newmedia.redbadge.b.a.c(RedbadgeSetting.java:108)

07-18 05:53:15.998  7198  7274 I LSPosed-Bridge: 	at com.ss.android.newmedia.redbadge.b.f(RedBadgeControlClient.java:126)

07-18 05:53:15.998  7198  7274 I LSPosed-Bridge: 	at com.ss.android.newmedia.redbadge.b.a(RedBadgeControlClient.java:167)

07-18 05:53:15.998  7198  7274 I LSPosed-Bridge: 	at com.ss.android.newmedia.redbadge.b.handleMsg(RedBadgeControlClient.java:349)

07-18 05:53:15.998  7198  7274 I LSPosed-Bridge: 	at com.bytedance.common.utility.collection.WeakHandler.handleMessage(WeakHandler.java:33)

07-18 05:53:15.998  7198  7274 I LSPosed-Bridge: 	at android.os.Handler.dispatchMessage(Handler.java:106)

07-18 05:53:15.998  7198  7274 I LSPosed-Bridge: 	at android.os.Looper.loop(Looper.java:193)

07-18 05:53:15.998  7198  7274 I LSPosed-Bridge: 	at android.os.HandlerThread.run(HandlerThread.java:65)

07-18 05:53:15.998  7198  7198 I LSPosed-Bridge: 7198 PermLabel hookBinder_test 10129 interfaceBinder =android.content.IContentService; arg0 = 1; arg1 = android.os.Parcel@f413d03; arg2 = android.os.Parcel@203564b; arg3 = 0; res = true; stacktrace=java.lang.Exception

07-18 05:53:15.998  7198  7198 I LSPosed-Bridge: 	at com.example.permlabel.hookBinder_test$1.afterHookedMethod(hookBinder_test.java:60)

07-18 05:53:15.998  7198  7198 I LSPosed-Bridge: 	at de.robv.android.xposed.XposedBridge$AdditionalHookInfo.callback(Unknown Source:147)

07-18 05:53:15.998  7198  7198 I LSPosed-Bridge: 	at LSPHooker_.transact(Unknown Source:28)

07-18 05:53:15.998  7198  7198 I LSPosed-Bridge: 	at android.content.IContentService$Stub$Proxy.unregisterContentObserver(IContentService.java:746)

07-18 05:53:15.998  7198  7198 I LSPosed-Bridge: 	at android.content.ContentResolver.unregisterContentObserver(ContentResolver.java:1993)

07-18 05:53:15.998  7198  7198 I LSPosed-Bridge: 	at com.xt.retouch.util.d.c.b(ScreenShotListener.kt:102)

07-18 05:53:15.998  7198  7198 I LSPosed-Bridge: 	at com.xt.retouch.uilauncher.f.i.K(MainActivityViewModel.kt:278)

07-18 05:53:15.998  7198  7198 I LSPosed-Bridge: 	at com.xt.retouch.uilauncher.MainActivity.onPause(MainActivity.kt:1204)

07-18 05:53:15.998  7198  7198 I LSPosed-Bridge: 	at android.app.Activity.performPause(Activity.java:7329)

07-18 05:53:15.998  7198  7198 I LSPosed-Bridge: 	at android.app.Instrumentation.callActivityOnPause(Instrumentation.java:1466)

07-18 05:53:15.998  7198  7198 I LSPosed-Bridge: 	at android.app.ActivityThread.performPauseActivityIfNeeded(ActivityThread.java:4022)

07-18 05:53:15.998  7198  7198 I LSPosed-Bridge: 	at android.app.ActivityThread.performPauseActivity(ActivityThread.java:3987)

07-18 05:53:15.998  7198  7198 I LSPosed-Bridge: 	at android.app.ActivityThread.handlePauseActivity(ActivityThread.java:3939)

07-18 05:53:15.998  7198  7198 I LSPosed-Bridge: 	at android.app.servertransaction.PauseActivityItem.execute(PauseActivityItem.java:45)

07-18 05:53:15.998  7198  7198 I LSPosed-Bridge: 	at android.app.servertransaction.TransactionExecutor.executeLifecycleState(TransactionExecutor.java:145)

07-18 05:53:15.998  7198  7198 I LSPosed-Bridge: 	at android.app.servertransaction.TransactionExecutor.execute(TransactionExecutor.java:70)

07-18 05:53:15.998  7198  7198 I LSPosed-Bridge: 	at android.app.ActivityThread$H.handleMessage(ActivityThread.java:1809)

07-18 05:53:15.998  7198  7198 I LSPosed-Bridge: 	at android.os.Handler.dispatchMessage(Handler.java:106)

07-18 05:53:15.998  7198  7198 I LSPosed-Bridge: 	at android.os.Looper.loop(Looper.java:193)

07-18 05:53:15.998  7198  7198 I LSPosed-Bridge: 	at android.app.ActivityThread.main(ActivityThread.java:6692)

07-18 05:53:15.998  7198  7198 I LSPosed-Bridge: 	at java.lang.reflect.Method.invoke(Native Method)

07-18 05:53:15.998  7198  7198 I LSPosed-Bridge: 	at com.android.internal.os.RuntimeInit$MethodAndArgsCaller.run(RuntimeInit.java:493)

07-18 05:53:15.998  7198  7198 I LSPosed-Bridge: 	at com.android.internal.os.ZygoteInit.main(ZygoteInit.java:858)

07-18 05:53:16.001  7198  7274 I LSPosed-Bridge: 7198 PermLabel hookBinder_test 10129 interfaceBinder =android.app.IActivityManager; arg0 = 81; arg1 = android.os.Parcel@203564b; arg2 = android.os.Parcel@f413d03; arg3 = 0; res = true; stacktrace=java.lang.Exception

07-18 05:53:16.001  7198  7274 I LSPosed-Bridge: 	at com.example.permlabel.hookBinder_test$1.afterHookedMethod(hookBinder_test.java:60)

07-18 05:53:16.001  7198  7274 I LSPosed-Bridge: 	at de.robv.android.xposed.XposedBridge$AdditionalHookInfo.callback(Unknown Source:147)

07-18 05:53:16.001  7198  7274 I LSPosed-Bridge: 	at LSPHooker_.transact(Unknown Source:28)

07-18 05:53:16.001  7198  7274 I LSPosed-Bridge: 	at android.app.IActivityManager$Stub$Proxy.getRunningAppProcesses(IActivityManager.java:5366)

07-18 05:53:16.001  7198  7274 I LSPosed-Bridge: 	at android.app.ActivityManager.getRunningAppProcesses(ActivityManager.java:3435)

07-18 05:53:16.001  7198  7274 I LSPosed-Bridge: 	at java.lang.reflect.Method.invoke(Native Method)

07-18 05:53:16.001  7198  7274 I LSPosed-Bridge: 	at org.lsposed.lspd.nativebridge.HookBridge.invokeOriginalMethod(Native Method)

07-18 05:53:16.001  7198  7274 I LSPosed-Bridge: 	at de.robv.android.xposed.XposedBridge$AdditionalHookInfo.callback(Unknown Source:110)

07-18 05:53:16.001  7198  7274 I LSPosed-Bridge: 	at LSPHooker_.getRunningAppProcesses(Unknown Source:8)

07-18 05:53:16.001  7198  7274 I LSPosed-Bridge: 	at com.ss.android.message.a.b.a(Unknown Source:40)

07-18 05:53:16.001  7198  7274 I LSPosed-Bridge: 	at com.ss.android.message.a.b.d(ToolUtils.java:275)

07-18 05:53:16.001  7198  7274 I LSPosed-Bridge: 	at com.ss.android.pushmanager.setting.PushMultiProcessSharedProvider.b(PushMultiProcessSharedProvider.java:636)

07-18 05:53:16.001  7198  7274 I LSPosed-Bridge: 	at com.ss.android.pushmanager.setting.PushMultiProcessSharedProvider$a.a(PushMultiProcessSharedProvider.java:540)

07-18 05:53:16.001  7198  7274 I LSPosed-Bridge: 	at com.ss.android.newmedia.redbadge.b.a.b(RedbadgeSetting.java:81)

07-18 05:53:16.001  7198  7274 I LSPosed-Bridge: 	at com.ss.android.newmedia.redbadge.b.f(RedBadgeControlClient.java:127)

07-18 05:53:16.001  7198  7274 I LSPosed-Bridge: 	at com.ss.android.newmedia.redbadge.b.a(RedBadgeControlClient.java:167)

07-18 05:53:16.001  7198  7274 I LSPosed-Bridge: 	at com.ss.android.newmedia.redbadge.b.handleMsg(RedBadgeControlClient.java:349)

07-18 05:53:16.001  7198  7274 I LSPosed-Bridge: 	at com.bytedance.common.utility.collection.WeakHandler.handleMessage(WeakHandler.java:33)

07-18 05:53:16.001  7198  7274 I LSPosed-Bridge: 	at android.os.Handler.dispatchMessage(Handler.java:106)

07-18 05:53:16.001  7198  7274 I LSPosed-Bridge: 	at android.os.Looper.loop(Looper.java:193)

07-18 05:53:16.001  7198  7274 I LSPosed-Bridge: 	at android.os.HandlerThread.run(HandlerThread.java:65)

07-18 05:53:16.001  7198  7274 I LSPosed-Bridge: 7198 PermLabel getRunningAppProcesses =android.app.ActivityManager$RunningAppProcessInfo@832da77

07-18 05:53:16.001  7198  7274 I LSPosed-Bridge: 7198 PermLabel getRunningAppProcesses processName: com.xt.retouch pid: 7198

07-18 05:53:16.001  7198  7274 I LSPosed-Bridge: 7198 PermLabel getRunningAppProcesses importance: 100 pid: 7198

07-18 05:53:16.001  7198  7274 I LSPosed-Bridge: 7198 PermLabel getRunningAppProcesses packageName com.xt.retouch at index 0 in process 7198

07-18 05:53:16.001  7198  7274 I LSPosed-Bridge: 7198 PermLabel getRunningAppProcesses =android.app.ActivityManager$RunningAppProcessInfo@b4176e4

07-18 05:53:16.001  7198  7274 I LSPosed-Bridge: 7198 PermLabel getRunningAppProcesses processName: com.xt.retouch:push pid: 8315

07-18 05:53:16.001  7198  7274 I LSPosed-Bridge: 7198 PermLabel getRunningAppProcesses importance: 125 pid: 8315

07-18 05:53:16.001  7198  7274 I LSPosed-Bridge: 7198 PermLabel getRunningAppProcesses packageName com.xt.retouch at index 0 in process 8315

07-18 05:53:16.001  7198  7274 I LSPosed-Bridge: 7198 PermLabel getRunningAppProcesses =android.app.ActivityManager$RunningAppProcessInfo@571474d

07-18 05:53:16.001  7198  7274 I LSPosed-Bridge: 7198 PermLabel getRunningAppProcesses processName: com.xt.retouch:pushservice pid: 11754

07-18 05:53:16.001  7198  7274 I LSPosed-Bridge: 7198 PermLabel getRunningAppProcesses importance: 125 pid: 11754

07-18 05:53:16.001  7198  7274 I LSPosed-Bridge: 7198 PermLabel getRunningAppProcesses packageName com.xt.retouch at index 0 in process 11754

07-18 05:53:16.001  7198  7274 I LSPosed-Bridge: 7198 PermLabel permName: android.permission.READ_PHONE_STATE; getRunningAppProcesses =[android.app.ActivityManager$RunningAppProcessInfo@832da77, android.app.ActivityManager$RunningAppProcessInfo@b4176e4, android.app.ActivityManager$RunningAppProcessInfo@571474d]; stacktrace=java.lang.Exception

07-18 05:53:16.001  7198  7274 I LSPosed-Bridge: 	at com.example.permlabel.hookBinder_test$2.afterHookedMethod(hookBinder_test.java:100)

07-18 05:53:16.001  7198  7274 I LSPosed-Bridge: 	at de.robv.android.xposed.XposedBridge$AdditionalHookInfo.callback(Unknown Source:147)

07-18 05:53:16.001  7198  7274 I LSPosed-Bridge: 	at LSPHooker_.getRunningAppProcesses(Unknown Source:8)

07-18 05:53:16.001  7198  7274 I LSPosed-Bridge: 	at com.ss.android.message.a.b.a(Unknown Source:40)

07-18 05:53:16.001  7198  7274 I LSPosed-Bridge: 	at com.ss.android.message.a.b.d(ToolUtils.java:275)

07-18 05:53:16.001  7198  7274 I LSPosed-Bridge: 	at com.ss.android.pushmanager.setting.PushMultiProcessSharedProvider.b(PushMultiProcessSharedProvider.java:636)

07-18 05:53:16.001  7198  7274 I LSPosed-Bridge: 	at com.ss.android.pushmanager.setting.PushMultiProcessSharedProvider$a.a(PushMultiProcessSharedProvider.java:540)

07-18 05:53:16.001  7198  7274 I LSPosed-Bridge: 	at com.ss.android.newmedia.redbadge.b.a.b(RedbadgeSetting.java:81)

07-18 05:53:16.001  7198  7274 I LSPosed-Bridge: 	at com.ss.android.newmedia.redbadge.b.f(RedBadgeControlClient.java:127)

07-18 05:53:16.001  7198  7274 I LSPosed-Bridge: 	at com.ss.android.newmedia.redbadge.b.a(RedBadgeControlClient.java:167)

07-18 05:53:16.001  7198  7274 I LSPosed-Bridge: 	at com.ss.android.newmedia.redbadge.b.handleMsg(RedBadgeControlClient.java:349)

07-18 05:53:16.001  7198  7274 I LSPosed-Bridge: 	at com.bytedance.common.utility.collection.WeakHandler.handleMessage(WeakHandler.java:33)

07-18 05:53:16.001  7198  7274 I LSPosed-Bridge: 	at android.os.Handler.dispatchMessage(Handler.java:106)

07-18 05:53:16.001  7198  7274 I LSPosed-Bridge: 	at android.os.Looper.loop(Looper.java:193)

07-18 05:53:16.001  7198  7274 I LSPosed-Bridge: 	at android.os.HandlerThread.run(HandlerThread.java:65)

07-18 05:53:16.014  8315  8460 I LSPosed-Bridge: 8315 PermLabel hookBinder_test 10129 interfaceBinder =android.app.IActivityManager; arg0 = 81; arg1 = android.os.Parcel@455263e; arg2 = android.os.Parcel@1611756; arg3 = 0; res = true; stacktrace=java.lang.Exception

07-18 05:53:16.014  8315  8460 I LSPosed-Bridge: 	at com.example.permlabel.hookBinder_test$1.afterHookedMethod(hookBinder_test.java:60)

07-18 05:53:16.014  8315  8460 I LSPosed-Bridge: 	at de.robv.android.xposed.XposedBridge$AdditionalHookInfo.callback(Unknown Source:147)

07-18 05:53:16.014  8315  8460 I LSPosed-Bridge: 	at LSPHooker_.transact(Unknown Source:28)

07-18 05:53:16.014  8315  8460 I LSPosed-Bridge: 	at android.app.IActivityManager$Stub$Proxy.getRunningAppProcesses(IActivityManager.java:5366)

07-18 05:53:16.014  8315  8460 I LSPosed-Bridge: 	at android.app.ActivityManager.getRunningAppProcesses(ActivityManager.java:3435)

07-18 05:53:16.014  8315  8460 I LSPosed-Bridge: 	at java.lang.reflect.Method.invoke(Native Method)

07-18 05:53:16.014  8315  8460 I LSPosed-Bridge: 	at org.lsposed.lspd.nativebridge.HookBridge.invokeOriginalMethod(Native Method)

07-18 05:53:16.014  8315  8460 I LSPosed-Bridge: 	at de.robv.android.xposed.XposedBridge$AdditionalHookInfo.callback(Unknown Source:110)

07-18 05:53:16.014  8315  8460 I LSPosed-Bridge: 	at LSPHooker_.getRunningAppProcesses(Unknown Source:8)

07-18 05:53:16.014  8315  8460 I LSPosed-Bridge: 	at com.ss.android.message.a.b.a(Unknown Source:40)

07-18 05:53:16.014  8315  8460 I LSPosed-Bridge: 	at com.ss.android.message.a.b.d(ToolUtils.java:275)

07-18 05:53:16.014  8315  8460 I LSPosed-Bridge: 	at com.ss.android.pushmanager.setting.PushMultiProcessSharedProvider.b(PushMultiProcessSharedProvider.java:636)

07-18 05:53:16.014  8315  8460 I LSPosed-Bridge: 	at com.ss.android.pushmanager.setting.PushMultiProcessSharedProvider$b.a(PushMultiProcessSharedProvider.java:686)

07-18 05:53:16.014  8315  8460 I LSPosed-Bridge: 	at com.ss.android.newmedia.redbadge.b.a.c(RedbadgeSetting.java:67)

07-18 05:53:16.014  8315  8460 I LSPosed-Bridge: 	at com.ss.android.newmedia.redbadge.c.b(RedBadgeController.java:209)

07-18 05:53:16.014  8315  8460 I LSPosed-Bridge: 	at com.ss.android.newmedia.redbadge.c$5.onChange(RedBadgeController.java:674)

07-18 05:53:16.014  8315  8460 I LSPosed-Bridge: 	at android.database.ContentObserver.onChange(ContentObserver.java:130)

07-18 05:53:16.014  8315  8460 I LSPosed-Bridge: 	at android.database.ContentObserver.onChange(ContentObserver.java:145)

07-18 05:53:16.014  8315  8460 I LSPosed-Bridge: 	at android.database.ContentObserver$NotificationRunnable.run(ContentObserver.java:216)

07-18 05:53:16.014  8315  8460 I LSPosed-Bridge: 	at android.os.Handler.handleCallback(Handler.java:873)

07-18 05:53:16.014  8315  8460 I LSPosed-Bridge: 	at android.os.Handler.dispatchMessage(Handler.java:99)

07-18 05:53:16.014  8315  8460 I LSPosed-Bridge: 	at android.os.Looper.loop(Looper.java:193)

07-18 05:53:16.014  8315  8460 I LSPosed-Bridge: 	at android.os.HandlerThread.run(HandlerThread.java:65)

07-18 05:53:16.014  8315  8460 I LSPosed-Bridge: 8315 PermLabel getRunningAppProcesses =android.app.ActivityManager$RunningAppProcessInfo@f00f2e9

07-18 05:53:16.014  8315  8460 I LSPosed-Bridge: 8315 PermLabel getRunningAppProcesses processName: com.xt.retouch pid: 7198

07-18 05:53:16.014  8315  8460 I LSPosed-Bridge: 8315 PermLabel getRunningAppProcesses importance: 100 pid: 7198

07-18 05:53:16.014  8315  8460 I LSPosed-Bridge: 8315 PermLabel getRunningAppProcesses packageName com.xt.retouch at index 0 in process 7198

07-18 05:53:16.014  8315  8460 I LSPosed-Bridge: 8315 PermLabel getRunningAppProcesses =android.app.ActivityManager$RunningAppProcessInfo@6a09b6e

07-18 05:53:16.014  8315  8460 I LSPosed-Bridge: 8315 PermLabel getRunningAppProcesses processName: com.xt.retouch:push pid: 8315

07-18 05:53:16.014  8315  8460 I LSPosed-Bridge: 8315 PermLabel getRunningAppProcesses importance: 125 pid: 8315

07-18 05:53:16.014  8315  8460 I LSPosed-Bridge: 8315 PermLabel getRunningAppProcesses packageName com.xt.retouch at index 0 in process 8315

07-18 05:53:16.014  8315  8460 I LSPosed-Bridge: 8315 PermLabel getRunningAppProcesses =android.app.ActivityManager$RunningAppProcessInfo@6d1e20f

