07-18 05:53:16.014  8315  8460 I LSPosed-Bridge: 8315 PermLabel getRunningAppProcesses processName: com.xt.retouch:pushservice pid: 11754

07-18 05:53:16.014  8315  8460 I LSPosed-Bridge: 8315 PermLabel getRunningAppProcesses importance: 125 pid: 11754

07-18 05:53:16.014  8315  8460 I LSPosed-Bridge: 8315 PermLabel getRunningAppProcesses packageName com.xt.retouch at index 0 in process 11754

07-18 05:53:16.014  8315  8460 I LSPosed-Bridge: 8315 PermLabel permName: android.permission.READ_PHONE_STATE; getRunningAppProcesses =[android.app.ActivityManager$RunningAppProcessInfo@f00f2e9, android.app.ActivityManager$RunningAppProcessInfo@6a09b6e, android.app.ActivityManager$RunningAppProcessInfo@6d1e20f]; stacktrace=java.lang.Exception

07-18 05:53:16.014  8315  8460 I LSPosed-Bridge: 	at com.example.permlabel.hookBinder_test$2.afterHookedMethod(hookBinder_test.java:100)

07-18 05:53:16.014  8315  8460 I LSPosed-Bridge: 	at de.robv.android.xposed.XposedBridge$AdditionalHookInfo.callback(Unknown Source:147)

07-18 05:53:16.014  8315  8460 I LSPosed-Bridge: 	at LSPHooker_.getRunningAppProcesses(Unknown Source:8)

07-18 05:53:16.014  8315  8460 I LSPosed-Bridge: 	at com.ss.android.message.a.b.a(Unknown Source:40)

07-18 05:53:16.014  8315  8460 I LSPosed-Bridge: 	at com.ss.android.message.a.b.d(ToolUtils.java:275)

07-18 05:53:16.014  8315  8460 I LSPosed-Bridge: 	at com.ss.android.pushmanager.setting.PushMultiProcessSharedProvider.b(PushMultiProcessSharedProvider.java:636)

07-18 05:53:16.014  8315  8460 I LSPosed-Bridge: 	at com.ss.android.pushmanager.setting.PushMultiProcessSharedProvider$b.a(PushMultiProcessSharedProvider.java:686)

07-18 05:53:16.014  8315  8460 I LSPosed-Bridge: 	at com.ss.android.newmedia.redbadge.b.a.c(RedbadgeSetting.java:67)

07-18 05:53:16.014  8315  8460 I LSPosed-Bridge: 	at com.ss.android.newmedia.redbadge.c.b(RedBadgeController.java:209)

07-18 05:53:16.014  8315  8460 I LSPosed-Bridge: 	at com.ss.android.newmedia.redbadge.c$5.onChange(RedBadgeController.java:674)

07-18 05:53:16.014  8315  8460 I LSPosed-Bridge: 	at android.database.ContentObserver.onChange(ContentObserver.java:130)

07-18 05:53:16.014  8315  8460 I LSPosed-Bridge: 	at android.database.ContentObserver.onChange(ContentObserver.java:145)

07-18 05:53:16.014  8315  8460 I LSPosed-Bridge: 	at android.database.ContentObserver$NotificationRunnable.run(ContentObserver.java:216)

07-18 05:53:16.014  8315  8460 I LSPosed-Bridge: 	at android.os.Handler.handleCallback(Handler.java:873)

07-18 05:53:16.014  8315  8460 I LSPosed-Bridge: 	at android.os.Handler.dispatchMessage(Handler.java:99)

07-18 05:53:16.014  8315  8460 I LSPosed-Bridge: 	at android.os.Looper.loop(Looper.java:193)

07-18 05:53:16.014  8315  8460 I LSPosed-Bridge: 	at android.os.HandlerThread.run(HandlerThread.java:65)

07-18 05:53:16.014  7198  7274 I LSPosed-Bridge: 7198 PermLabel hookBinder_test 10129 interfaceBinder =android.app.IActivityManager; arg0 = 81; arg1 = android.os.Parcel@203564b; arg2 = android.os.Parcel@f413d03; arg3 = 0; res = true; stacktrace=java.lang.Exception

07-18 05:53:16.014  7198  7274 I LSPosed-Bridge: 	at com.example.permlabel.hookBinder_test$1.afterHookedMethod(hookBinder_test.java:60)

07-18 05:53:16.014  7198  7274 I LSPosed-Bridge: 	at de.robv.android.xposed.XposedBridge$AdditionalHookInfo.callback(Unknown Source:147)

07-18 05:53:16.014  7198  7274 I LSPosed-Bridge: 	at LSPHooker_.transact(Unknown Source:28)

07-18 05:53:16.014  7198  7274 I LSPosed-Bridge: 	at android.app.IActivityManager$Stub$Proxy.getRunningAppProcesses(IActivityManager.java:5366)

07-18 05:53:16.014  7198  7274 I LSPosed-Bridge: 	at android.app.ActivityManager.getRunningAppProcesses(ActivityManager.java:3435)

07-18 05:53:16.014  7198  7274 I LSPosed-Bridge: 	at java.lang.reflect.Method.invoke(Native Method)

07-18 05:53:16.014  7198  7274 I LSPosed-Bridge: 	at org.lsposed.lspd.nativebridge.HookBridge.invokeOriginalMethod(Native Method)

07-18 05:53:16.014  7198  7274 I LSPosed-Bridge: 	at de.robv.android.xposed.XposedBridge$AdditionalHookInfo.callback(Unknown Source:110)

07-18 05:53:16.014  7198  7274 I LSPosed-Bridge: 	at LSPHooker_.getRunningAppProcesses(Unknown Source:8)

07-18 05:53:16.014  7198  7274 I LSPosed-Bridge: 	at com.ss.android.message.a.b.a(Unknown Source:40)

07-18 05:53:16.014  7198  7274 I LSPosed-Bridge: 	at com.ss.android.message.a.b.d(ToolUtils.java:275)

07-18 05:53:16.014  7198  7274 I LSPosed-Bridge: 	at com.ss.android.pushmanager.setting.PushMultiProcessSharedProvider.b(PushMultiProcessSharedProvider.java:636)

07-18 05:53:16.014  7198  7274 I LSPosed-Bridge: 	at com.ss.android.pushmanager.setting.PushMultiProcessSharedProvider$a.a(PushMultiProcessSharedProvider.java:540)

07-18 05:53:16.014  7198  7274 I LSPosed-Bridge: 	at com.ss.android.newmedia.redbadge.b.a.c(RedbadgeSetting.java:90)

07-18 05:53:16.014  7198  7274 I LSPosed-Bridge: 	at com.ss.android.newmedia.redbadge.b.f(RedBadgeControlClient.java:128)

07-18 05:53:16.014  7198  7274 I LSPosed-Bridge: 	at com.ss.android.newmedia.redbadge.b.a(RedBadgeControlClient.java:167)

07-18 05:53:16.014  7198  7274 I LSPosed-Bridge: 	at com.ss.android.newmedia.redbadge.b.handleMsg(RedBadgeControlClient.java:349)

07-18 05:53:16.014  7198  7274 I LSPosed-Bridge: 	at com.bytedance.common.utility.collection.WeakHandler.handleMessage(WeakHandler.java:33)

07-18 05:53:16.014  7198  7274 I LSPosed-Bridge: 	at android.os.Handler.dispatchMessage(Handler.java:106)

07-18 05:53:16.014  7198  7274 I LSPosed-Bridge: 	at android.os.Looper.loop(Looper.java:193)

07-18 05:53:16.014  7198  7274 I LSPosed-Bridge: 	at android.os.HandlerThread.run(HandlerThread.java:65)

07-18 05:53:16.014  7198  7274 I LSPosed-Bridge: 7198 PermLabel getRunningAppProcesses =android.app.ActivityManager$RunningAppProcessInfo@5f2be7c

07-18 05:53:16.014  7198  7274 I LSPosed-Bridge: 7198 PermLabel getRunningAppProcesses processName: com.xt.retouch pid: 7198

07-18 05:53:16.014  7198  7274 I LSPosed-Bridge: 7198 PermLabel getRunningAppProcesses importance: 100 pid: 7198

07-18 05:53:16.014  7198  7274 I LSPosed-Bridge: 7198 PermLabel getRunningAppProcesses packageName com.xt.retouch at index 0 in process 7198

07-18 05:53:16.014  7198  7274 I LSPosed-Bridge: 7198 PermLabel getRunningAppProcesses =android.app.ActivityManager$RunningAppProcessInfo@d7acf5a

07-18 05:53:16.014  7198  7274 I LSPosed-Bridge: 7198 PermLabel getRunningAppProcesses processName: com.xt.retouch:push pid: 8315

07-18 05:53:16.014  7198  7274 I LSPosed-Bridge: 7198 PermLabel getRunningAppProcesses importance: 125 pid: 8315

07-18 05:53:16.014  7198  7274 I LSPosed-Bridge: 7198 PermLabel getRunningAppProcesses packageName com.xt.retouch at index 0 in process 8315

07-18 05:53:16.014  7198  7274 I LSPosed-Bridge: 7198 PermLabel getRunningAppProcesses =android.app.ActivityManager$RunningAppProcessInfo@213e58b

07-18 05:53:16.014  7198  7198 I LSPosed-Bridge: 7198 PermLabel hookBinder_test 10129 interfaceBinder =android.view.accessibility.IAccessibilityInteractionConnectionCallback; arg0 = 2; arg1 = android.os.Parcel@9ae95e; arg2 = null; arg3 = 1; res = true; stacktrace=java.lang.Exception

07-18 05:53:16.014  7198  7198 I LSPosed-Bridge: 	at com.example.permlabel.hookBinder_test$1.afterHookedMethod(hookBinder_test.java:60)

07-18 05:53:16.014  7198  7198 I LSPosed-Bridge: 	at de.robv.android.xposed.XposedBridge$AdditionalHookInfo.callback(Unknown Source:147)

07-18 05:53:16.014  7198  7198 I LSPosed-Bridge: 	at LSPHooker_.transact(Unknown Source:28)

07-18 05:53:16.014  7198  7198 I LSPosed-Bridge: 	at android.view.accessibility.IAccessibilityInteractionConnectionCallback$Stub$Proxy.setFindAccessibilityNodeInfosResult(IAccessibilityInteractionConnectionCallback.java:146)

07-18 05:53:16.014  7198  7198 I LSPosed-Bridge: 	at android.view.AccessibilityInteractionController.updateInfosForViewportAndReturnFindNodeResult(AccessibilityInteractionController.java:869)

07-18 05:53:16.014  7198  7198 I LSPosed-Bridge: 	at android.view.AccessibilityInteractionController.findAccessibilityNodeInfoByAccessibilityIdUiThread(AccessibilityInteractionController.java:340)

07-18 05:53:16.014  7198  7198 I LSPosed-Bridge: 	at android.view.AccessibilityInteractionController.access$400(AccessibilityInteractionController.java:67)

07-18 05:53:16.014  7198  7198 I LSPosed-Bridge: 	at android.view.AccessibilityInteractionController$PrivateHandler.handleMessage(AccessibilityInteractionController.java:1324)

07-18 05:53:16.014  7198  7198 I LSPosed-Bridge: 	at android.os.Handler.dispatchMessage(Handler.java:106)

07-18 05:53:16.014  7198  7198 I LSPosed-Bridge: 	at android.os.Looper.loop(Looper.java:193)

07-18 05:53:16.014  7198  7198 I LSPosed-Bridge: 	at android.app.ActivityThread.main(ActivityThread.java:6692)

07-18 05:53:16.014  7198  7198 I LSPosed-Bridge: 	at java.lang.reflect.Method.invoke(Native Method)

07-18 05:53:16.014  7198  7198 I LSPosed-Bridge: 	at com.android.internal.os.RuntimeInit$MethodAndArgsCaller.run(RuntimeInit.java:493)

07-18 05:53:16.014  7198  7198 I LSPosed-Bridge: 	at com.android.internal.os.ZygoteInit.main(ZygoteInit.java:858)

07-18 05:53:16.014  7198  7274 I LSPosed-Bridge: 7198 PermLabel getRunningAppProcesses processName: com.xt.retouch:pushservice pid: 11754

07-18 05:53:16.014  7198  7274 I LSPosed-Bridge: 7198 PermLabel getRunningAppProcesses importance: 125 pid: 11754

07-18 05:53:16.014  7198  7274 I LSPosed-Bridge: 7198 PermLabel getRunningAppProcesses packageName com.xt.retouch at index 0 in process 11754

07-18 05:53:16.015  7198  7274 I LSPosed-Bridge: 7198 PermLabel permName: android.permission.READ_PHONE_STATE; getRunningAppProcesses =[android.app.ActivityManager$RunningAppProcessInfo@5f2be7c, android.app.ActivityManager$RunningAppProcessInfo@d7acf5a, android.app.ActivityManager$RunningAppProcessInfo@213e58b]; stacktrace=java.lang.Exception

07-18 05:53:16.015  7198  7274 I LSPosed-Bridge: 	at com.example.permlabel.hookBinder_test$2.afterHookedMethod(hookBinder_test.java:100)

07-18 05:53:16.015  7198  7274 I LSPosed-Bridge: 	at de.robv.android.xposed.XposedBridge$AdditionalHookInfo.callback(Unknown Source:147)

07-18 05:53:16.015  7198  7274 I LSPosed-Bridge: 	at LSPHooker_.getRunningAppProcesses(Unknown Source:8)

07-18 05:53:16.015  7198  7274 I LSPosed-Bridge: 	at com.ss.android.message.a.b.a(Unknown Source:40)

07-18 05:53:16.015  7198  7274 I LSPosed-Bridge: 	at com.ss.android.message.a.b.d(ToolUtils.java:275)

07-18 05:53:16.015  7198  7274 I LSPosed-Bridge: 	at com.ss.android.pushmanager.setting.PushMultiProcessSharedProvider.b(PushMultiProcessSharedProvider.java:636)

07-18 05:53:16.015  7198  7274 I LSPosed-Bridge: 	at com.ss.android.pushmanager.setting.PushMultiProcessSharedProvider$a.a(PushMultiProcessSharedProvider.java:540)

07-18 05:53:16.015  7198  7274 I LSPosed-Bridge: 	at com.ss.android.newmedia.redbadge.b.a.c(RedbadgeSetting.java:90)

07-18 05:53:16.015  7198  7274 I LSPosed-Bridge: 	at com.ss.android.newmedia.redbadge.b.f(RedBadgeControlClient.java:128)

07-18 05:53:16.015  7198  7274 I LSPosed-Bridge: 	at com.ss.android.newmedia.redbadge.b.a(RedBadgeControlClient.java:167)

07-18 05:53:16.015  7198  7274 I LSPosed-Bridge: 	at com.ss.android.newmedia.redbadge.b.handleMsg(RedBadgeControlClient.java:349)

07-18 05:53:16.015  7198  7274 I LSPosed-Bridge: 	at com.bytedance.common.utility.collection.WeakHandler.handleMessage(WeakHandler.java:33)

07-18 05:53:16.015  7198  7274 I LSPosed-Bridge: 	at android.os.Handler.dispatchMessage(Handler.java:106)

07-18 05:53:16.015  7198  7274 I LSPosed-Bridge: 	at android.os.Looper.loop(Looper.java:193)

07-18 05:53:16.015  7198  7274 I LSPosed-Bridge: 	at android.os.HandlerThread.run(HandlerThread.java:65)

07-18 05:53:16.021  8315  8460 I LSPosed-Bridge: 8315 PermLabel getRunningAppProcesses processName: com.xt.retouch pid: 7198

07-18 05:53:16.021  8315  8460 I LSPosed-Bridge: 8315 PermLabel getRunningAppProcesses importance: 100 pid: 7198

07-18 05:53:16.021  8315  8460 I LSPosed-Bridge: 8315 PermLabel getRunningAppProcesses packageName com.xt.retouch at index 0 in process 7198

07-18 05:53:16.021  8315  8460 I LSPosed-Bridge: 8315 PermLabel getRunningAppProcesses =android.app.ActivityManager$RunningAppProcessInfo@f2caa46

07-18 05:53:16.021  8315  8460 I LSPosed-Bridge: 8315 PermLabel getRunningAppProcesses processName: com.xt.retouch:push pid: 8315

07-18 05:53:16.021  8315  8460 I LSPosed-Bridge: 8315 PermLabel getRunningAppProcesses importance: 125 pid: 8315

07-18 05:53:16.021  8315  8460 I LSPosed-Bridge: 8315 PermLabel getRunningAppProcesses packageName com.xt.retouch at index 0 in process 8315

07-18 05:53:16.021  8315  8460 I LSPosed-Bridge: 8315 PermLabel getRunningAppProcesses =android.app.ActivityManager$RunningAppProcessInfo@a0a0407

07-18 05:53:16.021  8315  8460 I LSPosed-Bridge: 8315 PermLabel getRunningAppProcesses processName: com.xt.retouch:pushservice pid: 11754

07-18 05:53:16.021  8315  8460 I LSPosed-Bridge: 8315 PermLabel getRunningAppProcesses importance: 125 pid: 11754

07-18 05:53:16.021  8315  8460 I LSPosed-Bridge: 8315 PermLabel getRunningAppProcesses packageName com.xt.retouch at index 0 in process 11754

07-18 05:53:16.021  7198  7198 I LSPosed-Bridge: 7198 PermLabel hookBinder_test 10129 interfaceBinder =android.app.IActivityManager; arg0 = 186; arg1 = android.os.Parcel@f413d03; arg2 = android.os.Parcel@8b8c828; arg3 = 0; res = true; stacktrace=java.lang.Exception

07-18 05:53:16.021  7198  7198 I LSPosed-Bridge: 	at com.example.permlabel.hookBinder_test$1.afterHookedMethod(hookBinder_test.java:60)

07-18 05:53:16.021  7198  7198 I LSPosed-Bridge: 	at de.robv.android.xposed.XposedBridge$AdditionalHookInfo.callback(Unknown Source:147)

07-18 05:53:16.021  7198  7198 I LSPosed-Bridge: 	at LSPHooker_.transact(Unknown Source:28)

07-18 05:53:16.021  7198  7198 I LSPosed-Bridge: 	at android.app.IActivityManager$Stub$Proxy.getActivityDisplayId(IActivityManager.java:7560)

07-18 05:53:16.021  7198  7198 I LSPosed-Bridge: 	at android.app.ActivityThread.createBaseContextForActivity(ActivityThread.java:2994)

07-18 05:53:16.021  7198  7198 I LSPosed-Bridge: 	at android.app.ActivityThread.performLaunchActivity(ActivityThread.java:2828)

07-18 05:53:16.021  7198  7198 I LSPosed-Bridge: 	at android.app.ActivityThread.handleLaunchActivity(ActivityThread.java:3049)

07-18 05:53:16.021  7198  7198 I LSPosed-Bridge: 	at android.app.servertransaction.LaunchActivityItem.execute(LaunchActivityItem.java:78)

07-18 05:53:16.021  7198  7198 I LSPosed-Bridge: 	at android.app.servertransaction.TransactionExecutor.executeCallbacks(TransactionExecutor.java:108)

07-18 05:53:16.021  7198  7198 I LSPosed-Bridge: 	at android.app.servertransaction.TransactionExecutor.execute(TransactionExecutor.java:68)

07-18 05:53:16.021  7198  7198 I LSPosed-Bridge: 	at android.app.ActivityThread$H.handleMessage(ActivityThread.java:1809)

07-18 05:53:16.021  7198  7198 I LSPosed-Bridge: 	at android.os.Handler.dispatchMessage(Handler.java:106)

07-18 05:53:16.021  7198  7198 I LSPosed-Bridge: 	at android.os.Looper.loop(Looper.java:193)

07-18 05:53:16.021  7198  7198 I LSPosed-Bridge: 	at android.app.ActivityThread.main(ActivityThread.java:6692)

07-18 05:53:16.021  7198  7198 I LSPosed-Bridge: 	at java.lang.reflect.Method.invoke(Native Method)

07-18 05:53:16.021  7198  7198 I LSPosed-Bridge: 	at com.android.internal.os.RuntimeInit$MethodAndArgsCaller.run(RuntimeInit.java:493)

07-18 05:53:16.021  7198  7198 I LSPosed-Bridge: 	at com.android.internal.os.ZygoteInit.main(ZygoteInit.java:858)

07-18 05:53:16.021  8315  8460 I LSPosed-Bridge: 8315 PermLabel permName: android.permission.READ_PHONE_STATE; getRunningAppProcesses =[android.app.ActivityManager$RunningAppProcessInfo@9fb1621, android.app.ActivityManager$RunningAppProcessInfo@f2caa46, android.app.ActivityManager$RunningAppProcessInfo@a0a0407]; stacktrace=java.lang.Exception

07-18 05:53:16.021  8315  8460 I LSPosed-Bridge: 	at com.example.permlabel.hookBinder_test$2.afterHookedMethod(hookBinder_test.java:100)

07-18 05:53:16.021  8315  8460 I LSPosed-Bridge: 	at de.robv.android.xposed.XposedBridge$AdditionalHookInfo.callback(Unknown Source:147)

07-18 05:53:16.021  8315  8460 I LSPosed-Bridge: 	at LSPHooker_.getRunningAppProcesses(Unknown Source:8)

07-18 05:53:16.021  8315  8460 I LSPosed-Bridge: 	at com.ss.android.message.a.b.a(Unknown Source:40)

07-18 05:53:16.021  8315  8460 I LSPosed-Bridge: 	at com.ss.android.message.a.b.d(ToolUtils.java:275)

07-18 05:53:16.021  8315  8460 I LSPosed-Bridge: 	at com.ss.android.pushmanager.setting.PushMultiProcessSharedProvider.b(PushMultiProcessSharedProvider.java:636)

07-18 05:53:16.021  8315  8460 I LSPosed-Bridge: 	at com.ss.android.pushmanager.setting.PushMultiProcessSharedProvider$b.a(PushMultiProcessSharedProvider.java:728)

07-18 05:53:16.021  8315  8460 I LSPosed-Bridge: 	at com.ss.android.newmedia.redbadge.b.a.d(RedbadgeSetting.java:76)

07-18 05:53:16.021  8315  8460 I LSPosed-Bridge: 	at com.ss.android.newmedia.redbadge.c.b(RedBadgeController.java:210)

07-18 05:53:16.021  8315  8460 I LSPosed-Bridge: 	at com.ss.android.newmedia.redbadge.c$5.onChange(RedBadgeController.java:674)

07-18 05:53:16.021  8315  8460 I LSPosed-Bridge: 	at android.database.ContentObserver.onChange(ContentObserver.java:130)

07-18 05:53:16.021  8315  8460 I LSPosed-Bridge: 	at android.database.ContentObserver.onChange(ContentObserver.java:145)

07-18 05:53:16.021  8315  8460 I LSPosed-Bridge: 	at android.database.ContentObserver$NotificationRunnable.run(ContentObserver.java:216)

07-18 05:53:16.021  8315  8460 I LSPosed-Bridge: 	at android.os.Handler.handleCallback(Handler.java:873)

07-18 05:53:16.021  8315  8460 I LSPosed-Bridge: 	at android.os.Handler.dispatchMessage(Handler.java:99)

07-18 05:53:16.021  8315  8460 I LSPosed-Bridge: 	at android.os.Looper.loop(Looper.java:193)

07-18 05:53:16.021  8315  8460 I LSPosed-Bridge: 	at android.os.HandlerThread.run(HandlerThread.java:65)

07-18 05:53:16.031  8315  8460 I LSPosed-Bridge: 8315 PermLabel getRunningAppProcesses =android.app.ActivityManager$RunningAppProcessInfo@83f6859

07-18 05:53:16.031  8315  8460 I LSPosed-Bridge: 8315 PermLabel getRunningAppProcesses processName: com.xt.retouch pid: 7198

07-18 05:53:16.031  8315  8460 I LSPosed-Bridge: 8315 PermLabel getRunningAppProcesses importance: 100 pid: 7198

07-18 05:53:16.031  8315  8460 I LSPosed-Bridge: 8315 PermLabel getRunningAppProcesses packageName com.xt.retouch at index 0 in process 7198

07-18 05:53:16.031  8315  8460 I LSPosed-Bridge: 8315 PermLabel getRunningAppProcesses =android.app.ActivityManager$RunningAppProcessInfo@2a0bc1e

07-18 05:53:16.031  8315  8460 I LSPosed-Bridge: 8315 PermLabel getRunningAppProcesses processName: com.xt.retouch:push pid: 8315

07-18 05:53:16.031  8315  8460 I LSPosed-Bridge: 8315 PermLabel getRunningAppProcesses importance: 125 pid: 8315

07-18 05:53:16.031  8315  8460 I LSPosed-Bridge: 8315 PermLabel getRunningAppProcesses packageName com.xt.retouch at index 0 in process 8315

07-18 05:53:16.031  8315  8460 I LSPosed-Bridge: 8315 PermLabel getRunningAppProcesses =android.app.ActivityManager$RunningAppProcessInfo@4f56cff

07-18 05:53:16.031  8315  8460 I LSPosed-Bridge: 8315 PermLabel getRunningAppProcesses processName: com.xt.retouch:pushservice pid: 11754

07-18 05:53:16.031  8315  8460 I LSPosed-Bridge: 8315 PermLabel getRunningAppProcesses importance: 125 pid: 11754

07-18 05:53:16.031  8315  8460 I LSPosed-Bridge: 8315 PermLabel getRunningAppProcesses packageName com.xt.retouch at index 0 in process 11754

07-18 05:53:16.031  8315  8460 I LSPosed-Bridge: 8315 PermLabel permName: android.permission.READ_PHONE_STATE; getRunningAppProcesses =[android.app.ActivityManager$RunningAppProcessInfo@83f6859, android.app.ActivityManager$RunningAppProcessInfo@2a0bc1e, android.app.ActivityManager$RunningAppProcessInfo@4f56cff]; stacktrace=java.lang.Exception

07-18 05:53:16.031  8315  8460 I LSPosed-Bridge: 	at com.example.permlabel.hookBinder_test$2.afterHookedMethod(hookBinder_test.java:100)

07-18 05:53:16.031  8315  8460 I LSPosed-Bridge: 	at de.robv.android.xposed.XposedBridge$AdditionalHookInfo.callback(Unknown Source:147)

07-18 05:53:16.031  8315  8460 I LSPosed-Bridge: 	at LSPHooker_.getRunningAppProcesses(Unknown Source:8)

07-18 05:53:16.031  8315  8460 I LSPosed-Bridge: 	at com.ss.android.message.a.b.a(Unknown Source:40)

07-18 05:53:16.031  8315  8460 I LSPosed-Bridge: 	at com.ss.android.message.a.b.d(ToolUtils.java:275)

07-18 05:53:16.031  8315  8460 I LSPosed-Bridge: 	at com.ss.android.pushmanager.setting.PushMultiProcessSharedProvider.b(PushMultiProcessSharedProvider.java:636)

07-18 05:53:16.031  8315  8460 I LSPosed-Bridge: 	at com.ss.android.pushmanager.setting.PushMultiProcessSharedProvider$b.a(PushMultiProcessSharedProvider.java:672)

07-18 05:53:16.031  8315  8460 I LSPosed-Bridge: 	at com.ss.android.newmedia.redbadge.b.a.e(RedbadgeSetting.java:85)

07-18 05:53:16.031  8315  8460 I LSPosed-Bridge: 	at com.ss.android.newmedia.redbadge.c.b(RedBadgeController.java:211)

07-18 05:53:16.031  8315  8460 I LSPosed-Bridge: 	at com.ss.android.newmedia.redbadge.c$5.onChange(RedBadgeController.java:674)

07-18 05:53:16.031  8315  8460 I LSPosed-Bridge: 	at android.database.ContentObserver.onChange(ContentObserver.java:130)

07-18 05:53:16.031  8315  8460 I LSPosed-Bridge: 	at android.database.ContentObserver.onChange(ContentObserver.java:145)

07-18 05:53:16.031  8315  8460 I LSPosed-Bridge: 	at android.database.ContentObserver$NotificationRunnable.run(ContentObserver.java:216)

07-18 05:53:16.031  8315  8460 I LSPosed-Bridge: 	at android.os.Handler.handleCallback(Handler.java:873)

07-18 05:53:16.031  8315  8460 I LSPosed-Bridge: 	at android.os.Handler.dispatchMessage(Handler.java:99)

07-18 05:53:16.031  8315  8460 I LSPosed-Bridge: 	at android.os.Looper.loop(Looper.java:193)

07-18 05:53:16.031  8315  8460 I LSPosed-Bridge: 	at android.os.HandlerThread.run(HandlerThread.java:65)

07-18 05:53:16.048  8315  8460 I LSPosed-Bridge: 8315 PermLabel permName: android.permission.READ_PHONE_STATE; getRunningAppProcesses =[android.app.ActivityManager$RunningAppProcessInfo@7b06682, android.app.ActivityManager$RunningAppProcessInfo@fe37193, android.app.ActivityManager$RunningAppProcessInfo@b2455d0]; stacktrace=java.lang.Exception

07-18 05:53:16.048  8315  8460 I LSPosed-Bridge: 	at com.example.permlabel.hookBinder_test$2.afterHookedMethod(hookBinder_test.java:100)

07-18 05:53:16.048  8315  8460 I LSPosed-Bridge: 	at de.robv.android.xposed.XposedBridge$AdditionalHookInfo.callback(Unknown Source:147)

07-18 05:53:16.048  8315  8460 I LSPosed-Bridge: 	at LSPHooker_.getRunningAppProcesses(Unknown Source:8)

07-18 05:53:16.048  8315  8460 I LSPosed-Bridge: 	at com.ss.android.message.a.b.a(Unknown Source:40)

07-18 05:53:16.048  8315  8460 I LSPosed-Bridge: 	at com.ss.android.message.a.b.d(ToolUtils.java:275)

07-18 05:53:16.048  8315  8460 I LSPosed-Bridge: 	at com.ss.android.pushmanager.setting.PushMultiProcessSharedProvider.b(PushMultiProcessSharedProvider.java:636)

07-18 05:53:16.048  8315  8460 I LSPosed-Bridge: 	at com.ss.android.pushmanager.setting.PushMultiProcessSharedProvider$b.a(PushMultiProcessSharedProvider.java:672)

07-18 05:53:16.048  8315  8460 I LSPosed-Bridge: 	at com.ss.android.newmedia.redbadge.b.a.f(RedbadgeSetting.java:94)

07-18 05:53:16.048  8315  8460 I LSPosed-Bridge: 	at com.ss.android.newmedia.redbadge.c.b(RedBadgeController.java:212)

07-18 05:53:16.048  8315  8460 I LSPosed-Bridge: 	at com.ss.android.newmedia.redbadge.c$5.onChange(RedBadgeController.java:674)

07-18 05:53:16.048  8315  8460 I LSPosed-Bridge: 	at android.database.ContentObserver.onChange(ContentObserver.java:130)

07-18 05:53:16.048  8315  8460 I LSPosed-Bridge: 	at android.database.ContentObserver.onChange(ContentObserver.java:145)

07-18 05:53:16.048  8315  8460 I LSPosed-Bridge: 	at android.database.ContentObserver$NotificationRunnable.run(ContentObserver.java:216)

07-18 05:53:16.048  8315  8460 I LSPosed-Bridge: 	at android.os.Handler.handleCallback(Handler.java:873)

07-18 05:53:16.048  8315  8460 I LSPosed-Bridge: 	at android.os.Handler.dispatchMessage(Handler.java:99)

07-18 05:53:16.048  8315  8460 I LSPosed-Bridge: 	at android.os.Looper.loop(Looper.java:193)

07-18 05:53:16.048  8315  8460 I LSPosed-Bridge: 	at android.os.HandlerThread.run(HandlerThread.java:65)

07-18 05:53:16.157  7198  7274 I LSPosed-Bridge: 7198 PermLabel permName: android.permission.READ_PHONE_STATE; getRunningAppProcesses =[android.app.ActivityManager$RunningAppProcessInfo@dd7cf7d, android.app.ActivityManager$RunningAppProcessInfo@dc99e72, android.app.ActivityManager$RunningAppProcessInfo@b4b62c3]; stacktrace=java.lang.Exception

07-18 05:53:16.157  7198  7274 I LSPosed-Bridge: 	at com.example.permlabel.hookBinder_test$2.afterHookedMethod(hookBinder_test.java:100)

07-18 05:53:16.157  7198  7274 I LSPosed-Bridge: 	at de.robv.android.xposed.XposedBridge$AdditionalHookInfo.callback(Unknown Source:147)

07-18 05:53:16.157  7198  7274 I LSPosed-Bridge: 	at LSPHooker_.getRunningAppProcesses(Unknown Source:8)

07-18 05:53:16.157  7198  7274 I LSPosed-Bridge: 	at com.ss.android.message.a.b.a(Unknown Source:40)

07-18 05:53:16.157  7198  7274 I LSPosed-Bridge: 	at com.ss.android.message.a.b.d(ToolUtils.java:275)

07-18 05:53:16.157  7198  7274 I LSPosed-Bridge: 	at com.ss.android.pushmanager.setting.PushMultiProcessSharedProvider.b(PushMultiProcessSharedProvider.java:636)

07-18 05:53:16.157  7198  7274 I LSPosed-Bridge: 	at com.ss.android.pushmanager.setting.PushMultiProcessSharedProvider$a.a(PushMultiProcessSharedProvider.java:540)

07-18 05:53:16.157  7198  7274 I LSPosed-Bridge: 	at com.ss.android.newmedia.redbadge.b.a.b(RedbadgeSetting.java:99)

07-18 05:53:16.157  7198  7274 I LSPosed-Bridge: 	at com.ss.android.newmedia.redbadge.b.f(RedBadgeControlClient.java:125)

07-18 05:53:16.157  7198  7274 I LSPosed-Bridge: 	at com.ss.android.newmedia.redbadge.b.a(RedBadgeControlClient.java:167)

07-18 05:53:16.157  7198  7274 I LSPosed-Bridge: 	at com.ss.android.newmedia.redbadge.b.handleMsg(RedBadgeControlClient.java:349)

07-18 05:53:16.157  7198  7274 I LSPosed-Bridge: 	at com.bytedance.common.utility.collection.WeakHandler.handleMessage(WeakHandler.java:33)

07-18 05:53:16.157  7198  7274 I LSPosed-Bridge: 	at android.os.Handler.dispatchMessage(Handler.java:106)

07-18 05:53:16.157  7198  7274 I LSPosed-Bridge: 	at android.os.Looper.loop(Looper.java:193)

07-18 05:53:16.157  7198  7274 I LSPosed-Bridge: 	at android.os.HandlerThread.run(HandlerThread.java:65)

07-18 05:53:16.165  7198  7274 I LSPosed-Bridge: 7198 PermLabel getRunningAppProcesses =android.app.ActivityManager$RunningAppProcessInfo@b8a89ca

07-18 05:53:16.165  7198  7274 I LSPosed-Bridge: 7198 PermLabel getRunningAppProcesses processName: com.xt.retouch pid: 7198

07-18 05:53:16.165  7198  7274 I LSPosed-Bridge: 7198 PermLabel getRunningAppProcesses importance: 100 pid: 7198

07-18 05:53:16.165  7198  7274 I LSPosed-Bridge: 7198 PermLabel getRunningAppProcesses packageName com.xt.retouch at index 0 in process 7198

07-18 05:53:16.165  7198  7274 I LSPosed-Bridge: 7198 PermLabel getRunningAppProcesses =android.app.ActivityManager$RunningAppProcessInfo@c34673b

07-18 05:53:16.165  7198  7274 I LSPosed-Bridge: 7198 PermLabel getRunningAppProcesses processName: com.xt.retouch:push pid: 8315

07-18 05:53:16.165  7198  7274 I LSPosed-Bridge: 7198 PermLabel getRunningAppProcesses importance: 125 pid: 8315

07-18 05:53:16.165  7198  7274 I LSPosed-Bridge: 7198 PermLabel getRunningAppProcesses packageName com.xt.retouch at index 0 in process 8315

07-18 05:53:16.165  7198  7274 I LSPosed-Bridge: 7198 PermLabel getRunningAppProcesses =android.app.ActivityManager$RunningAppProcessInfo@c661e58

07-18 05:53:16.165  7198  7274 I LSPosed-Bridge: 7198 PermLabel getRunningAppProcesses processName: com.xt.retouch:pushservice pid: 11754

07-18 05:53:16.165  7198  7274 I LSPosed-Bridge: 7198 PermLabel getRunningAppProcesses importance: 125 pid: 11754

07-18 05:53:16.165  7198  7274 I LSPosed-Bridge: 7198 PermLabel getRunningAppProcesses packageName com.xt.retouch at index 0 in process 11754

07-18 05:53:16.165  7198  7274 I LSPosed-Bridge: 7198 PermLabel permName: android.permission.READ_PHONE_STATE; getRunningAppProcesses =[android.app.ActivityManager$RunningAppProcessInfo@b8a89ca, android.app.ActivityManager$RunningAppProcessInfo@c34673b, android.app.ActivityManager$RunningAppProcessInfo@c661e58]; stacktrace=java.lang.Exception

07-18 05:53:16.165  7198  7274 I LSPosed-Bridge: 	at com.example.permlabel.hookBinder_test$2.afterHookedMethod(hookBinder_test.java:100)

07-18 05:53:16.165  7198  7274 I LSPosed-Bridge: 	at de.robv.android.xposed.XposedBridge$AdditionalHookInfo.callback(Unknown Source:147)

07-18 05:53:16.165  7198  7274 I LSPosed-Bridge: 	at LSPHooker_.getRunningAppProcesses(Unknown Source:8)

07-18 05:53:16.165  7198  7274 I LSPosed-Bridge: 	at com.ss.android.message.a.b.a(Unknown Source:40)

07-18 05:53:16.165  7198  7274 I LSPosed-Bridge: 	at com.ss.android.message.a.b.d(ToolUtils.java:275)

07-18 05:53:16.165  7198  7274 I LSPosed-Bridge: 	at com.ss.android.pushmanager.setting.PushMultiProcessSharedProvider.b(PushMultiProcessSharedProvider.java:636)

07-18 05:53:16.165  7198  7274 I LSPosed-Bridge: 	at com.ss.android.pushmanager.setting.PushMultiProcessSharedProvider$a.a(PushMultiProcessSharedProvider.java:540)

07-18 05:53:16.165  7198  7274 I LSPosed-Bridge: 	at com.ss.android.newmedia.redbadge.b.a.c(RedbadgeSetting.java:108)

07-18 05:53:16.165  7198  7274 I LSPosed-Bridge: 	at com.ss.android.newmedia.redbadge.b.f(RedBadgeControlClient.java:126)

07-18 05:53:16.165  7198  7274 I LSPosed-Bridge: 	at com.ss.android.newmedia.redbadge.b.a(RedBadgeControlClient.java:167)

07-18 05:53:16.165  7198  7274 I LSPosed-Bridge: 	at com.ss.android.newmedia.redbadge.b.handleMsg(RedBadgeControlClient.java:349)

07-18 05:53:16.165  7198  7274 I LSPosed-Bridge: 	at com.bytedance.common.utility.collection.WeakHandler.handleMessage(WeakHandler.java:33)

07-18 05:53:16.165  7198  7274 I LSPosed-Bridge: 	at android.os.Handler.dispatchMessage(Handler.java:106)

07-18 05:53:16.165  7198  7274 I LSPosed-Bridge: 	at android.os.Looper.loop(Looper.java:193)

07-18 05:53:16.165  7198  7274 I LSPosed-Bridge: 	at android.os.HandlerThread.run(HandlerThread.java:65)

07-18 05:53:16.165  7198  7198 I LSPosed-Bridge: 7198 PermLabel hookBinder_test 10129 interfaceBinder =android.app.IActivityManager; arg0 = 204; arg1 = android.os.Parcel@f413d03; arg2 = android.os.Parcel@9ae95e; arg3 = 0; res = true; stacktrace=java.lang.Exception

07-18 05:53:16.165  7198  7198 I LSPosed-Bridge: 	at com.example.permlabel.hookBinder_test$1.afterHookedMethod(hookBinder_test.java:60)

07-18 05:53:16.165  7198  7198 I LSPosed-Bridge: 	at de.robv.android.xposed.XposedBridge$AdditionalHookInfo.callback(Unknown Source:147)

07-18 05:53:16.165  7198  7198 I LSPosed-Bridge: 	at LSPHooker_.transact(Unknown Source:28)

07-18 05:53:16.165  7198  7198 I LSPosed-Bridge: 	at android.app.IActivityManager$Stub$Proxy.isTopOfTask(IActivityManager.java:7934)

07-18 05:53:16.165  7198  7198 I LSPosed-Bridge: 	at android.app.Activity.isTopOfTask(Activity.java:6411)

07-18 05:53:16.165  7198  7198 I LSPosed-Bridge: 	at android.app.Activity.onResume(Activity.java:1344)

07-18 05:53:16.165  7198  7198 I LSPosed-Bridge: 	at androidx.fragment.app.d.onResume(FragmentActivity.java:455)

07-18 05:53:16.165  7198  7198 I LSPosed-Bridge: 	at com.xt.retouch.basearchitect.component.c.onResume(RetouchActivity.kt:113)

07-18 05:53:16.165  7198  7198 I LSPosed-Bridge: 	at com.xt.retouch.uilauncher.MainActivity.onResume(MainActivity.kt:1137)

07-18 05:53:16.165  7198  7198 I LSPosed-Bridge: 	at android.app.Instrumentation.callActivityOnResume(Instrumentation.java:1413)

07-18 05:53:16.165  7198  7198 I LSPosed-Bridge: 	at android.app.Activity.performResume(Activity.java:7292)

07-18 05:53:16.165  7198  7198 I LSPosed-Bridge: 	at android.app.ActivityThread.performResumeActivity(ActivityThread.java:3777)

07-18 05:53:16.165  7198  7198 I LSPosed-Bridge: 	at android.app.ActivityThread.handleResumeActivity(ActivityThread.java:3817)

07-18 05:53:16.165  7198  7198 I LSPosed-Bridge: 	at android.app.servertransaction.ResumeActivityItem.execute(ResumeActivityItem.java:51)

07-18 05:53:16.165  7198  7198 I LSPosed-Bridge: 	at android.app.servertransaction.TransactionExecutor.executeLifecycleState(TransactionExecutor.java:145)

07-18 05:53:16.165  7198  7198 I LSPosed-Bridge: 	at android.app.servertransaction.TransactionExecutor.execute(TransactionExecutor.java:70)

07-18 05:53:16.165  7198  7198 I LSPosed-Bridge: 	at android.app.ActivityThread$H.handleMessage(ActivityThread.java:1809)

07-18 05:53:16.165  7198  7198 I LSPosed-Bridge: 	at android.os.Handler.dispatchMessage(Handler.java:106)

07-18 05:53:16.165  7198  7198 I LSPosed-Bridge: 	at android.os.Looper.loop(Looper.java:193)

07-18 05:53:16.165  7198  7198 I LSPosed-Bridge: 	at android.app.ActivityThread.main(ActivityThread.java:6692)

07-18 05:53:16.165  7198  7198 I LSPosed-Bridge: 	at java.lang.reflect.Method.invoke(Native Method)

07-18 05:53:16.165  7198  7198 I LSPosed-Bridge: 	at com.android.internal.os.RuntimeInit$MethodAndArgsCaller.run(RuntimeInit.java:493)

07-18 05:53:16.165  7198  7198 I LSPosed-Bridge: 	at com.android.internal.os.ZygoteInit.main(ZygoteInit.java:858)

07-18 05:53:16.170  7198  7274 I LSPosed-Bridge: 7198 PermLabel permName: android.permission.READ_PHONE_STATE; getRunningAppProcesses =[android.app.ActivityManager$RunningAppProcessInfo@7e091ed, android.app.ActivityManager$RunningAppProcessInfo@1628822, android.app.ActivityManager$RunningAppProcessInfo@8ba82b3]; stacktrace=java.lang.Exception

07-18 05:53:16.170  7198  7274 I LSPosed-Bridge: 	at com.example.permlabel.hookBinder_test$2.afterHookedMethod(hookBinder_test.java:100)

07-18 05:53:16.170  7198  7274 I LSPosed-Bridge: 	at de.robv.android.xposed.XposedBridge$AdditionalHookInfo.callback(Unknown Source:147)

07-18 05:53:16.170  7198  7274 I LSPosed-Bridge: 	at LSPHooker_.getRunningAppProcesses(Unknown Source:8)

07-18 05:53:16.170  7198  7274 I LSPosed-Bridge: 	at com.ss.android.message.a.b.a(Unknown Source:40)

07-18 05:53:16.170  7198  7274 I LSPosed-Bridge: 	at com.ss.android.message.a.b.d(ToolUtils.java:275)

07-18 05:53:16.170  7198  7274 I LSPosed-Bridge: 	at com.ss.android.pushmanager.setting.PushMultiProcessSharedProvider.b(PushMultiProcessSharedProvider.java:636)

07-18 05:53:16.170  7198  7274 I LSPosed-Bridge: 	at com.ss.android.pushmanager.setting.PushMultiProcessSharedProvider$a.a(PushMultiProcessSharedProvider.java:540)

07-18 05:53:16.170  7198  7274 I LSPosed-Bridge: 	at com.ss.android.newmedia.redbadge.b.a.b(RedbadgeSetting.java:81)

07-18 05:53:16.170  7198  7274 I LSPosed-Bridge: 	at com.ss.android.newmedia.redbadge.b.f(RedBadgeControlClient.java:127)

07-18 05:53:16.170  7198  7274 I LSPosed-Bridge: 	at com.ss.android.newmedia.redbadge.b.a(RedBadgeControlClient.java:167)

07-18 05:53:16.170  7198  7274 I LSPosed-Bridge: 	at com.ss.android.newmedia.redbadge.b.handleMsg(RedBadgeControlClient.java:349)

07-18 05:53:16.170  7198  7274 I LSPosed-Bridge: 	at com.bytedance.common.utility.collection.WeakHandler.handleMessage(WeakHandler.java:33)

07-18 05:53:16.170  7198  7274 I LSPosed-Bridge: 	at android.os.Handler.dispatchMessage(Handler.java:106)

07-18 05:53:16.170  7198  7274 I LSPosed-Bridge: 	at android.os.Looper.loop(Looper.java:193)

07-18 05:53:16.170  7198  7274 I LSPosed-Bridge: 	at android.os.HandlerThread.run(HandlerThread.java:65)

07-18 05:53:16.170  7198  7198 I LSPosed-Bridge: 7198 PermLabel hookBinder_test 10129 interfaceBinder =android.content.IContentService; arg0 = 2; arg1 = android.os.Parcel@6b9ebf; arg2 = android.os.Parcel@8b8c828; arg3 = 0; res = true; stacktrace=java.lang.Exception

07-18 05:53:16.170  7198  7198 I LSPosed-Bridge: 	at com.example.permlabel.hookBinder_test$1.afterHookedMethod(hookBinder_test.java:60)

07-18 05:53:16.170  7198  7198 I LSPosed-Bridge: 	at de.robv.android.xposed.XposedBridge$AdditionalHookInfo.callback(Unknown Source:147)

07-18 05:53:16.170  7198  7198 I LSPosed-Bridge: 	at LSPHooker_.transact(Unknown Source:28)

07-18 05:53:16.170  7198  7198 I LSPosed-Bridge: 	at android.content.IContentService$Stub$Proxy.registerContentObserver(IContentService.java:778)

07-18 05:53:16.170  7198  7198 I LSPosed-Bridge: 	at android.content.ContentResolver.registerContentObserver(ContentResolver.java:1975)

07-18 05:53:16.170  7198  7198 I LSPosed-Bridge: 	at android.content.ContentResolver.registerContentObserver(ContentResolver.java:1964)

07-18 05:53:16.170  7198  7198 I LSPosed-Bridge: 	at com.xt.retouch.util.d.c.a(ScreenShotListener.kt:89)

07-18 05:53:16.170  7198  7198 I LSPosed-Bridge: 	at com.xt.retouch.uilauncher.f.i.c(MainActivityViewModel.kt:258)

07-18 05:53:16.170  7198  7198 I LSPosed-Bridge: 	at com.xt.retouch.uilauncher.MainActivity.at(MainActivity.kt:437)

07-18 05:53:16.170  7198  7198 I LSPosed-Bridge: 	at com.xt.retouch.uilauncher.MainActivity.onResume(MainActivity.kt:1182)

07-18 05:53:16.170  7198  7198 I LSPosed-Bridge: 	at android.app.Instrumentation.callActivityOnResume(Instrumentation.java:1413)

07-18 05:53:16.170  7198  7198 I LSPosed-Bridge: 	at android.app.Activity.performResume(Activity.java:7292)

07-18 05:53:16.170  7198  7198 I LSPosed-Bridge: 	at android.app.ActivityThread.performResumeActivity(ActivityThread.java:3777)

07-18 05:53:16.170  7198  7198 I LSPosed-Bridge: 	at android.app.ActivityThread.handleResumeActivity(ActivityThread.java:3817)

07-18 05:53:16.170  7198  7198 I LSPosed-Bridge: 	at android.app.servertransaction.ResumeActivityItem.execute(ResumeActivityItem.java:51)

07-18 05:53:16.170  7198  7198 I LSPosed-Bridge: 	at android.app.servertransaction.TransactionExecutor.executeLifecycleState(TransactionExecutor.java:145)

07-18 05:53:16.170  7198  7198 I LSPosed-Bridge: 	at android.app.servertransaction.TransactionExecutor.execute(TransactionExecutor.java:70)

07-18 05:53:16.170  7198  7198 I LSPosed-Bridge: 	at android.app.ActivityThread$H.handleMessage(ActivityThread.java:1809)

07-18 05:53:16.170  7198  7198 I LSPosed-Bridge: 	at android.os.Handler.dispatchMessage(Handler.java:106)

07-18 05:53:16.170  7198  7198 I LSPosed-Bridge: 	at android.os.Looper.loop(Looper.java:193)

07-18 05:53:16.170  7198  7198 I LSPosed-Bridge: 	at android.app.ActivityThread.main(ActivityThread.java:6692)

07-18 05:53:16.170  7198  7198 I LSPosed-Bridge: 	at java.lang.reflect.Method.invoke(Native Method)

07-18 05:53:16.170  7198  7198 I LSPosed-Bridge: 	at com.android.internal.os.RuntimeInit$MethodAndArgsCaller.run(RuntimeInit.java:493)

07-18 05:53:16.170  7198  7198 I LSPosed-Bridge: 	at com.android.internal.os.ZygoteInit.main(ZygoteInit.java:858)

07-18 05:53:16.174  8315  8460 I LSPosed-Bridge: 8315 PermLabel hookBinder_test 10129 interfaceBinder =android.app.IActivityManager; arg0 = 81; arg1 = android.os.Parcel@1611756; arg2 = android.os.Parcel@455263e; arg3 = 0; res = true; stacktrace=java.lang.Exception

07-18 05:53:16.174  8315  8460 I LSPosed-Bridge: 	at com.example.permlabel.hookBinder_test$1.afterHookedMethod(hookBinder_test.java:60)

07-18 05:53:16.174  8315  8460 I LSPosed-Bridge: 	at de.robv.android.xposed.XposedBridge$AdditionalHookInfo.callback(Unknown Source:147)

07-18 05:53:16.174  8315  8460 I LSPosed-Bridge: 	at LSPHooker_.transact(Unknown Source:28)

07-18 05:53:16.174  8315  8460 I LSPosed-Bridge: 	at android.app.IActivityManager$Stub$Proxy.getRunningAppProcesses(IActivityManager.java:5366)

07-18 05:53:16.174  8315  8460 I LSPosed-Bridge: 	at android.app.ActivityManager.getRunningAppProcesses(ActivityManager.java:3435)

07-18 05:53:16.174  8315  8460 I LSPosed-Bridge: 	at java.lang.reflect.Method.invoke(Native Method)

07-18 05:53:16.174  8315  8460 I LSPosed-Bridge: 	at org.lsposed.lspd.nativebridge.HookBridge.invokeOriginalMethod(Native Method)

07-18 05:53:16.174  8315  8460 I LSPosed-Bridge: 	at de.robv.android.xposed.XposedBridge$AdditionalHookInfo.callback(Unknown Source:110)

07-18 05:53:16.174  8315  8460 I LSPosed-Bridge: 	at LSPHooker_.getRunningAppProcesses(Unknown Source:8)

07-18 05:53:16.174  8315  8460 I LSPosed-Bridge: 	at com.ss.android.message.a.b.a(Unknown Source:40)

07-18 05:53:16.174  8315  8460 I LSPosed-Bridge: 	at com.ss.android.message.a.b.d(ToolUtils.java:275)

07-18 05:53:16.174  8315  8460 I LSPosed-Bridge: 	at com.ss.android.pushmanager.setting.PushMultiProcessSharedProvider.b(PushMultiProcessSharedProvider.java:636)

07-18 05:53:16.174  8315  8460 I LSPosed-Bridge: 	at com.ss.android.pushmanager.setting.PushMultiProcessSharedProvider$b.a(PushMultiProcessSharedProvider.java:686)

07-18 05:53:16.174  8315  8460 I LSPosed-Bridge: 	at com.ss.android.newmedia.redbadge.b.a.c(RedbadgeSetting.java:67)

07-18 05:53:16.174  8315  8460 I LSPosed-Bridge: 	at com.ss.android.newmedia.redbadge.c.b(RedBadgeController.java:209)

07-18 05:53:16.174  8315  8460 I LSPosed-Bridge: 	at com.ss.android.newmedia.redbadge.c$5.onChange(RedBadgeController.java:674)

07-18 05:53:16.174  8315  8460 I LSPosed-Bridge: 	at android.database.ContentObserver.onChange(ContentObserver.java:130)

07-18 05:53:16.174  8315  8460 I LSPosed-Bridge: 	at android.database.ContentObserver.onChange(ContentObserver.java:145)

07-18 05:53:16.174  8315  8460 I LSPosed-Bridge: 	at android.database.ContentObserver$NotificationRunnable.run(ContentObserver.java:216)

07-18 05:53:16.174  8315  8460 I LSPosed-Bridge: 	at android.os.Handler.handleCallback(Handler.java:873)

07-18 05:53:16.174  8315  8460 I LSPosed-Bridge: 	at android.os.Handler.dispatchMessage(Handler.java:99)

07-18 05:53:16.174  8315  8460 I LSPosed-Bridge: 	at android.os.Looper.loop(Looper.java:193)

07-18 05:53:16.174  8315  8460 I LSPosed-Bridge: 	at android.os.HandlerThread.run(HandlerThread.java:65)

07-18 05:53:16.174  8315  8460 I LSPosed-Bridge: 8315 PermLabel getRunningAppProcesses =android.app.ActivityManager$RunningAppProcessInfo@1ca11e7

07-18 05:53:16.174  8315  8460 I LSPosed-Bridge: 8315 PermLabel getRunningAppProcesses processName: com.xt.retouch pid: 7198

07-18 05:53:16.174  8315  8460 I LSPosed-Bridge: 8315 PermLabel getRunningAppProcesses importance: 100 pid: 7198

07-18 05:53:16.174  8315  8460 I LSPosed-Bridge: 8315 PermLabel getRunningAppProcesses packageName com.xt.retouch at index 0 in process 7198

07-18 05:53:16.174  8315  8460 I LSPosed-Bridge: 8315 PermLabel getRunningAppProcesses =android.app.ActivityManager$RunningAppProcessInfo@4283194

07-18 05:53:16.174  8315  8460 I LSPosed-Bridge: 8315 PermLabel getRunningAppProcesses processName: com.xt.retouch:push pid: 8315

07-18 05:53:16.174  8315  8460 I LSPosed-Bridge: 8315 PermLabel getRunningAppProcesses importance: 125 pid: 8315

07-18 05:53:16.174  8315  8460 I LSPosed-Bridge: 8315 PermLabel getRunningAppProcesses packageName com.xt.retouch at index 0 in process 8315

07-18 05:53:16.174  8315  8460 I LSPosed-Bridge: 8315 PermLabel getRunningAppProcesses =android.app.ActivityManager$RunningAppProcessInfo@b0643d

07-18 05:53:16.174  8315  8460 I LSPosed-Bridge: 8315 PermLabel getRunningAppProcesses processName: com.xt.retouch:pushservice pid: 11754

07-18 05:53:16.174  8315  8460 I LSPosed-Bridge: 8315 PermLabel getRunningAppProcesses importance: 125 pid: 11754

07-18 05:53:16.174  8315  8460 I LSPosed-Bridge: 8315 PermLabel getRunningAppProcesses packageName com.xt.retouch at index 0 in process 11754

07-18 05:53:16.174  8315  8460 I LSPosed-Bridge: 8315 PermLabel permName: android.permission.READ_PHONE_STATE; getRunningAppProcesses =[android.app.ActivityManager$RunningAppProcessInfo@1ca11e7, android.app.ActivityManager$RunningAppProcessInfo@4283194, android.app.ActivityManager$RunningAppProcessInfo@b0643d]; stacktrace=java.lang.Exception

07-18 05:53:16.174  8315  8460 I LSPosed-Bridge: 	at com.example.permlabel.hookBinder_test$2.afterHookedMethod(hookBinder_test.java:100)

07-18 05:53:16.174  8315  8460 I LSPosed-Bridge: 	at de.robv.android.xposed.XposedBridge$AdditionalHookInfo.callback(Unknown Source:147)

07-18 05:53:16.174  8315  8460 I LSPosed-Bridge: 	at LSPHooker_.getRunningAppProcesses(Unknown Source:8)

07-18 05:53:16.174  8315  8460 I LSPosed-Bridge: 	at com.ss.android.message.a.b.a(Unknown Source:40)

07-18 05:53:16.174  8315  8460 I LSPosed-Bridge: 	at com.ss.android.message.a.b.d(ToolUtils.java:275)

07-18 05:53:16.174  8315  8460 I LSPosed-Bridge: 	at com.ss.android.pushmanager.setting.PushMultiProcessSharedProvider.b(PushMultiProcessSharedProvider.java:636)

07-18 05:53:16.174  8315  8460 I LSPosed-Bridge: 	at com.ss.android.pushmanager.setting.PushMultiProcessSharedProvider$b.a(PushMultiProcessSharedProvider.java:686)

07-18 05:53:16.174  8315  8460 I LSPosed-Bridge: 	at com.ss.android.newmedia.redbadge.b.a.c(RedbadgeSetting.java:67)

07-18 05:53:16.174  8315  8460 I LSPosed-Bridge: 	at com.ss.android.newmedia.redbadge.c.b(RedBadgeController.java:209)

07-18 05:53:16.174  8315  8460 I LSPosed-Bridge: 	at com.ss.android.newmedia.redbadge.c$5.onChange(RedBadgeController.java:674)

07-18 05:53:16.174  8315  8460 I LSPosed-Bridge: 	at android.database.ContentObserver.onChange(ContentObserver.java:130)

07-18 05:53:16.174  8315  8460 I LSPosed-Bridge: 	at android.database.ContentObserver.onChange(ContentObserver.java:145)

07-18 05:53:16.174  8315  8460 I LSPosed-Bridge: 	at android.database.ContentObserver$NotificationRunnable.run(ContentObserver.java:216)

07-18 05:53:16.174  8315  8460 I LSPosed-Bridge: 	at android.os.Handler.handleCallback(Handler.java:873)

07-18 05:53:16.174  8315  8460 I LSPosed-Bridge: 	at android.os.Handler.dispatchMessage(Handler.java:99)

07-18 05:53:16.174  8315  8460 I LSPosed-Bridge: 	at android.os.Looper.loop(Looper.java:193)

07-18 05:53:16.174  8315  8460 I LSPosed-Bridge: 	at android.os.HandlerThread.run(HandlerThread.java:65)

07-18 05:53:16.174  7198  7198 I bullet  : 

07-18 05:53:16.183  8315  8460 I LSPosed-Bridge: 8315 PermLabel getRunningAppProcesses =android.app.ActivityManager$RunningAppProcessInfo@b2d56df

07-18 05:53:16.183  8315  8460 I LSPosed-Bridge: 8315 PermLabel getRunningAppProcesses processName: com.xt.retouch pid: 7198

07-18 05:53:16.183  8315  8460 I LSPosed-Bridge: 8315 PermLabel getRunningAppProcesses importance: 100 pid: 7198

07-18 05:53:16.183  8315  8460 I LSPosed-Bridge: 8315 PermLabel getRunningAppProcesses packageName com.xt.retouch at index 0 in process 7198

07-18 05:53:16.183  8315  8460 I LSPosed-Bridge: 8315 PermLabel getRunningAppProcesses =android.app.ActivityManager$RunningAppProcessInfo@2401f2c

07-18 05:53:16.183  8315  8460 I LSPosed-Bridge: 8315 PermLabel getRunningAppProcesses processName: com.xt.retouch:push pid: 8315

07-18 05:53:16.183  8315  8460 I LSPosed-Bridge: 8315 PermLabel getRunningAppProcesses importance: 125 pid: 8315

07-18 05:53:16.183  8315  8460 I LSPosed-Bridge: 8315 PermLabel getRunningAppProcesses packageName com.xt.retouch at index 0 in process 8315

07-18 05:53:16.183  8315  8460 I LSPosed-Bridge: 8315 PermLabel getRunningAppProcesses =android.app.ActivityManager$RunningAppProcessInfo@6d4ddf5

07-18 05:53:16.183  8315  8460 I LSPosed-Bridge: 8315 PermLabel getRunningAppProcesses processName: com.xt.retouch:pushservice pid: 11754

07-18 05:53:16.183  8315  8460 I LSPosed-Bridge: 8315 PermLabel getRunningAppProcesses importance: 125 pid: 11754

07-18 05:53:16.183  8315  8460 I LSPosed-Bridge: 8315 PermLabel getRunningAppProcesses packageName com.xt.retouch at index 0 in process 11754

07-18 05:53:16.183  8315  8460 I LSPosed-Bridge: 8315 PermLabel permName: android.permission.READ_PHONE_STATE; getRunningAppProcesses =[android.app.ActivityManager$RunningAppProcessInfo@b2d56df, android.app.ActivityManager$RunningAppProcessInfo@2401f2c, android.app.ActivityManager$RunningAppProcessInfo@6d4ddf5]; stacktrace=java.lang.Exception

07-18 05:53:16.183  8315  8460 I LSPosed-Bridge: 	at com.example.permlabel.hookBinder_test$2.afterHookedMethod(hookBinder_test.java:100)

07-18 05:53:16.183  8315  8460 I LSPosed-Bridge: 	at de.robv.android.xposed.XposedBridge$AdditionalHookInfo.callback(Unknown Source:147)

07-18 05:53:16.183  8315  8460 I LSPosed-Bridge: 	at LSPHooker_.getRunningAppProcesses(Unknown Source:8)

07-18 05:53:16.183  8315  8460 I LSPosed-Bridge: 	at com.ss.android.message.a.b.a(Unknown Source:40)

07-18 05:53:16.183  8315  8460 I LSPosed-Bridge: 	at com.ss.android.message.a.b.d(ToolUtils.java:275)

07-18 05:53:16.183  8315  8460 I LSPosed-Bridge: 	at com.ss.android.pushmanager.setting.PushMultiProcessSharedProvider.b(PushMultiProcessSharedProvider.java:636)

07-18 05:53:16.183  8315  8460 I LSPosed-Bridge: 	at com.ss.android.pushmanager.setting.PushMultiProcessSharedProvider$b.a(PushMultiProcessSharedProvider.java:728)

07-18 05:53:16.183  8315  8460 I LSPosed-Bridge: 	at com.ss.android.newmedia.redbadge.b.a.d(RedbadgeSetting.java:76)

07-18 05:53:16.183  8315  8460 I LSPosed-Bridge: 	at com.ss.android.newmedia.redbadge.c.b(RedBadgeController.java:210)

07-18 05:53:16.183  8315  8460 I LSPosed-Bridge: 	at com.ss.android.newmedia.redbadge.c$5.onChange(RedBadgeController.java:674)

07-18 05:53:16.183  8315  8460 I LSPosed-Bridge: 	at android.database.ContentObserver.onChange(ContentObserver.java:130)

07-18 05:53:16.183  8315  8460 I LSPosed-Bridge: 	at android.database.ContentObserver.onChange(ContentObserver.java:145)

07-18 05:53:16.183  8315  8460 I LSPosed-Bridge: 	at android.database.ContentObserver$NotificationRunnable.run(ContentObserver.java:216)

07-18 05:53:16.183  8315  8460 I LSPosed-Bridge: 	at android.os.Handler.handleCallback(Handler.java:873)

07-18 05:53:16.183  8315  8460 I LSPosed-Bridge: 	at android.os.Handler.dispatchMessage(Handler.java:99)

