06-22 14:59:57.352  5231  5231 I LSPosed-Bridge: 5231 PermLabel 10116 permission_group_mapping =android.permission.CAMERA Camera

06-22 14:59:57.361  5231  5231 I LSPosed-Bridge: 5231 PermLabel 10116 all_declared permissions =android.permission.VIBRATE android.permission.INTERNET android.permission.READ_EXTERNAL android.permission.WRITE_EXTERNAL android.permission.ACCESS_NETWORK_STATE android.permission.WRITE_EXTERNAL_STORAGE android.permission.READ_EXTERNAL_STORAGE com.google.android.gms.permission.AD_ID android.permission.WAKE_LOCK android.permission.RECEIVE_BOOT_COMPLETED android.permission.ACCESS_WIFI_STATE com.google.android.finsky.permission.BIND_GET_INSTALL_REFERRER_SERVICE android.permission.FOREGROUND_SERVICE android.permission.REQUEST_INSTALL_PACKAGES com.huawei.permission.sec.MDM.v2 android.permission.GET_TASKS android.permission.REAL_GET_TASKS com.huawei.permission.sec.ACCESS_UDID android.permission.BLUETOOTH com.huawei.permission.app.DOWNLOAD android.permission.CAMERA android.permission.READ_CALENDAR android.permission.WRITE_CALENDAR android.permission.QUERY_ALL_PACKAGES com.android.permission.GET_INSTALLED_APPS android.permission.BROADCAST_STICKY 

06-22 14:59:57.361  5231  5231 I LSPosed-Bridge: 5231 PermLabel 10116 all_declared permissions =android.permission.VIBRATE android.permission.INTERNET android.permission.READ_EXTERNAL android.permission.WRITE_EXTERNAL android.permission.ACCESS_NETWORK_STATE android.permission.WRITE_EXTERNAL_STORAGE android.permission.READ_EXTERNAL_STORAGE com.google.android.gms.permission.AD_ID android.permission.WAKE_LOCK android.permission.RECEIVE_BOOT_COMPLETED android.permission.ACCESS_WIFI_STATE com.google.android.finsky.permission.BIND_GET_INSTALL_REFERRER_SERVICE android.permission.FOREGROUND_SERVICE android.permission.REQUEST_INSTALL_PACKAGES com.huawei.permission.sec.MDM.v2 android.permission.GET_TASKS android.permission.REAL_GET_TASKS com.huawei.permission.sec.ACCESS_UDID android.permission.BLUETOOTH com.huawei.permission.app.DOWNLOAD android.permission.CAMERA android.permission.READ_CALENDAR android.permission.WRITE_CALENDAR android.permission.QUERY_ALL_PACKAGES com.android.permission.GET_INSTALLED_APPS android.permission.BROADCAST_STICKY 

06-22 14:59:57.361  5231  5231 I LSPosed-Bridge: 5231 PermLabel 10116 declared normal_permissions =android.permission.VIBRATE android.permission.INTERNET android.permission.ACCESS_NETWORK_STATE com.google.android.gms.permission.AD_ID android.permission.WAKE_LOCK android.permission.RECEIVE_BOOT_COMPLETED android.permission.ACCESS_WIFI_STATE com.google.android.finsky.permission.BIND_GET_INSTALL_REFERRER_SERVICE android.permission.FOREGROUND_SERVICE android.permission.GET_TASKS android.permission.BLUETOOTH android.permission.BROADCAST_STICKY 

06-22 14:59:57.361  5231  5231 I LSPosed-Bridge: 5231 PermLabel 10116 declared normal_permissions =android.permission.VIBRATE android.permission.INTERNET android.permission.ACCESS_NETWORK_STATE com.google.android.gms.permission.AD_ID android.permission.WAKE_LOCK android.permission.RECEIVE_BOOT_COMPLETED android.permission.ACCESS_WIFI_STATE com.google.android.finsky.permission.BIND_GET_INSTALL_REFERRER_SERVICE android.permission.FOREGROUND_SERVICE android.permission.GET_TASKS android.permission.BLUETOOTH android.permission.BROADCAST_STICKY 

06-22 14:59:57.361  5231  5231 I LSPosed-Bridge: 5231 PermLabel 10116 declared dangerous_permissions =android.permission.WRITE_EXTERNAL_STORAGE android.permission.READ_EXTERNAL_STORAGE android.permission.CAMERA android.permission.READ_CALENDAR android.permission.WRITE_CALENDAR 

06-22 14:59:57.361  5231  5231 I LSPosed-Bridge: 5231 PermLabel 10116 declared dangerous_permissions =android.permission.WRITE_EXTERNAL_STORAGE android.permission.READ_EXTERNAL_STORAGE android.permission.CAMERA android.permission.READ_CALENDAR android.permission.WRITE_CALENDAR 

06-22 14:59:57.361  5231  5231 I LSPosed-Bridge: 5231 PermLabel 10116 declared dangerous_group =Storage Storage Camera Calendar Calendar 

06-22 14:59:57.361  5231  5231 I LSPosed-Bridge: 5231 PermLabel 10116 declared dangerous_group =Storage Storage Camera Calendar Calendar 

06-22 15:09:31.960  5231  5738 I LSPosed-Bridge: 5231 PermLabel 10116 android.permission.CAMERA getCameraInfo args0: 1; args1: android.hardware.Camera$CameraInfo@3236bf6; res= null; stacktrace=java.lang.Exception

06-22 15:09:31.960  5231  5738 I LSPosed-Bridge: 	at com.example.permlabel.hookCamera$1.afterHookedMethod(hookCamera.java:21)

06-22 15:09:31.960  5231  5738 I LSPosed-Bridge: 	at de.robv.android.xposed.XposedBridge$AdditionalHookInfo.callback(Unknown Source:147)

06-22 15:09:31.960  5231  5738 I LSPosed-Bridge: 	at LSPHooker_.getCameraInfo(Unknown Source:15)

06-22 15:09:31.960  5231  5738 I LSPosed-Bridge: 	at z74.e(chromium-Monochrome.aab-stable-573513121:6)

06-22 15:09:31.960  5231  5738 I LSPosed-Bridge: 	at org.chromium.media.VideoCaptureFactory.getDeviceName(chromium-Monochrome.aab-stable-573513121:15)

06-22 15:09:31.961  5231  5738 I chatty  : uid=10116(com.kinggames.couplelife.huawei) ThreadPoolSingl identical 1 line

06-22 15:09:31.961  5231  5738 I LSPosed-Bridge: 5231 PermLabel 10116 android.permission.CAMERA getCameraInfo args0: 1; args1: android.hardware.Camera$CameraInfo@3236bf6; res= null; stacktrace=java.lang.Exception

06-22 15:09:31.961  5231  5738 I LSPosed-Bridge: 	at com.example.permlabel.hookCamera$1.afterHookedMethod(hookCamera.java:21)

06-22 15:09:31.961  5231  5738 I LSPosed-Bridge: 	at de.robv.android.xposed.XposedBridge$AdditionalHookInfo.callback(Unknown Source:147)

06-22 15:09:31.961  5231  5738 I LSPosed-Bridge: 	at LSPHooker_.getCameraInfo(Unknown Source:15)

06-22 15:09:31.961  5231  5738 I LSPosed-Bridge: 	at z74.e(chromium-Monochrome.aab-stable-573513121:6)

06-22 15:09:31.961  5231  5738 I LSPosed-Bridge: 	at org.chromium.media.VideoCaptureFactory.getDeviceName(chromium-Monochrome.aab-stable-573513121:15)

06-22 15:09:31.991  5231  5738 I LSPosed-Bridge: 5231 PermLabel 10116 android.permission.CAMERA getCameraInfo args0: 1; args1: android.hardware.Camera$CameraInfo@a125182; res= null; stacktrace=java.lang.Exception

06-22 15:09:31.991  5231  5738 I LSPosed-Bridge: 	at com.example.permlabel.hookCamera$1.afterHookedMethod(hookCamera.java:21)

06-22 15:09:31.991  5231  5738 I LSPosed-Bridge: 	at de.robv.android.xposed.XposedBridge$AdditionalHookInfo.callback(Unknown Source:147)

06-22 15:09:31.991  5231  5738 I LSPosed-Bridge: 	at LSPHooker_.getCameraInfo(Unknown Source:15)

06-22 15:09:31.991  5231  5738 I LSPosed-Bridge: 	at z74.e(chromium-Monochrome.aab-stable-573513121:6)

06-22 15:09:31.991  5231  5738 I LSPosed-Bridge: 	at org.chromium.media.VideoCaptureFactory.getCaptureApiType(chromium-Monochrome.aab-stable-573513121:8)

06-22 15:09:31.992  5231  5738 I chatty  : uid=10116(com.kinggames.couplelife.huawei) ThreadPoolSingl identical 1 line

06-22 15:09:31.992  5231  5738 I LSPosed-Bridge: 5231 PermLabel 10116 android.permission.CAMERA getCameraInfo args0: 1; args1: android.hardware.Camera$CameraInfo@a125182; res= null; stacktrace=java.lang.Exception

06-22 15:09:31.992  5231  5738 I LSPosed-Bridge: 	at com.example.permlabel.hookCamera$1.afterHookedMethod(hookCamera.java:21)

06-22 15:09:31.992  5231  5738 I LSPosed-Bridge: 	at de.robv.android.xposed.XposedBridge$AdditionalHookInfo.callback(Unknown Source:147)

06-22 15:09:31.992  5231  5738 I LSPosed-Bridge: 	at LSPHooker_.getCameraInfo(Unknown Source:15)

06-22 15:09:31.992  5231  5738 I LSPosed-Bridge: 	at z74.e(chromium-Monochrome.aab-stable-573513121:6)

06-22 15:09:31.992  5231  5738 I LSPosed-Bridge: 	at org.chromium.media.VideoCaptureFactory.getCaptureApiType(chromium-Monochrome.aab-stable-573513121:8)

06-22 15:09:32.003  5231  5738 I LSPosed-Bridge: 5231 PermLabel 10116 android.permission.CAMERA getCameraInfo args0: 1; args1: android.hardware.Camera$CameraInfo@d1803ce; res= null; stacktrace=java.lang.Exception

06-22 15:09:32.003  5231  5738 I LSPosed-Bridge: 5231 PermLabel 10116 android.permission.CAMERA getCameraInfo args0: 1; args1: android.hardware.Camera$CameraInfo@d1803ce; res= null; stacktrace=java.lang.Exception

06-22 15:09:32.003  5231  5738 I LSPosed-Bridge: 	at com.example.permlabel.hookCamera$1.afterHookedMethod(hookCamera.java:21)

06-22 15:09:32.003  5231  5738 I LSPosed-Bridge: 	at com.example.permlabel.hookCamera$1.afterHookedMethod(hookCamera.java:21)

06-22 15:09:32.003  5231  5738 I LSPosed-Bridge: 	at de.robv.android.xposed.XposedBridge$AdditionalHookInfo.callback(Unknown Source:147)

06-22 15:09:32.003  5231  5738 I LSPosed-Bridge: 	at de.robv.android.xposed.XposedBridge$AdditionalHookInfo.callback(Unknown Source:147)

06-22 15:09:32.003  5231  5738 I LSPosed-Bridge: 	at LSPHooker_.getCameraInfo(Unknown Source:15)

06-22 15:09:32.003  5231  5738 I LSPosed-Bridge: 	at LSPHooker_.getCameraInfo(Unknown Source:15)

06-22 15:09:32.003  5231  5738 I LSPosed-Bridge: 	at z74.e(chromium-Monochrome.aab-stable-573513121:6)

06-22 15:09:32.003  5231  5738 I LSPosed-Bridge: 	at z74.e(chromium-Monochrome.aab-stable-573513121:6)

06-22 15:09:32.003  5231  5738 I LSPosed-Bridge: 	at org.chromium.media.VideoCaptureFactory.getFacingMode(chromium-Monochrome.aab-stable-573513121:10)

06-22 15:09:32.003  5231  5738 I LSPosed-Bridge: 	at org.chromium.media.VideoCaptureFactory.getFacingMode(chromium-Monochrome.aab-stable-573513121:10)

06-22 15:09:32.003   555   555 I ConfigStore: android::hardware::configstore::V1_0::ISurfaceFlingerConfigs::hasHDRDisplay retrieved: 0

06-22 15:09:32.003   555   555 I ConfigStore: android::hardware::configstore::V1_0::ISurfaceFlingerConfigs::hasHDRDisplay retrieved: 0

06-22 15:09:32.003  5231  5738 I LSPosed-Bridge: 5231 PermLabel 10116 android.permission.CAMERA getCameraInfo args0: 1; args1: android.hardware.Camera$CameraInfo@d1803ce; res= null; stacktrace=java.lang.Exception

06-22 15:09:32.003  5231  5738 I LSPosed-Bridge: 5231 PermLabel 10116 android.permission.CAMERA getCameraInfo args0: 1; args1: android.hardware.Camera$CameraInfo@d1803ce; res= null; stacktrace=java.lang.Exception

06-22 15:09:32.003  5231  5738 I LSPosed-Bridge: 	at com.example.permlabel.hookCamera$1.afterHookedMethod(hookCamera.java:21)

06-22 15:09:32.003  5231  5738 I LSPosed-Bridge: 	at com.example.permlabel.hookCamera$1.afterHookedMethod(hookCamera.java:21)

06-22 15:09:32.003  5231  5738 I LSPosed-Bridge: 	at de.robv.android.xposed.XposedBridge$AdditionalHookInfo.callback(Unknown Source:147)

06-22 15:09:32.003  5231  5738 I LSPosed-Bridge: 	at de.robv.android.xposed.XposedBridge$AdditionalHookInfo.callback(Unknown Source:147)

06-22 15:09:32.003  5231  5738 I LSPosed-Bridge: 	at LSPHooker_.getCameraInfo(Unknown Source:15)

06-22 15:09:32.003  5231  5738 I LSPosed-Bridge: 	at LSPHooker_.getCameraInfo(Unknown Source:15)

06-22 15:09:32.003  5231  5738 I LSPosed-Bridge: 	at z74.e(chromium-Monochrome.aab-stable-573513121:6)

06-22 15:09:32.003  5231  5738 I LSPosed-Bridge: 	at z74.e(chromium-Monochrome.aab-stable-573513121:6)

06-22 15:09:32.003  5231  5738 I LSPosed-Bridge: 	at org.chromium.media.VideoCaptureFactory.getFacingMode(chromium-Monochrome.aab-stable-573513121:10)

06-22 15:09:32.003  5231  5738 I LSPosed-Bridge: 	at org.chromium.media.VideoCaptureFactory.getFacingMode(chromium-Monochrome.aab-stable-573513121:10)

06-22 15:09:32.004  5231  5738 I LSPosed-Bridge: 5231 PermLabel 10116 android.permission.CAMERA getCameraInfo args0: 1; args1: android.hardware.Camera$CameraInfo@d1803ce; res= null; stacktrace=java.lang.Exception

06-22 15:09:32.004  5231  5738 I LSPosed-Bridge: 	at com.example.permlabel.hookCamera$1.afterHookedMethod(hookCamera.java:21)

06-22 15:09:32.004  5231  5738 I LSPosed-Bridge: 	at de.robv.android.xposed.XposedBridge$AdditionalHookInfo.callback(Unknown Source:147)

06-22 15:09:32.004  5231  5738 I LSPosed-Bridge: 	at LSPHooker_.getCameraInfo(Unknown Source:15)

06-22 15:09:32.004  5231  5738 I LSPosed-Bridge: 	at z74.e(chromium-Monochrome.aab-stable-573513121:6)

06-22 15:09:32.004  5231  5738 I LSPosed-Bridge: 	at org.chromium.media.VideoCaptureFactory.getFacingMode(chromium-Monochrome.aab-stable-573513121:10)

06-22 15:09:32.021  1565  4159 I LSPosed-Bridge: 5231 PermLabel 10116 AMS.checkPermission: Binder.getCallingPid() = 915; uid = 10116; Binder.getCallingUid() = 1047; getNameForUid: null; getPackagesForUid: null; permName: android.permission.CAMERA; type = 1; res = -1; stacktrace=java.lang.Exception

06-22 15:09:32.021  1565  4159 I LSPosed-Bridge: 	at com.example.permlabel.requirePerm$1$2.afterHookedMethod(requirePerm.java:133)

06-22 15:09:32.021  1565  4159 I LSPosed-Bridge: 	at de.robv.android.xposed.XposedBridge$AdditionalHookInfo.callback(Unknown Source:147)

06-22 15:09:32.021  1565  4159 I LSPosed-Bridge: 	at LSPHooker_.checkPermission(Unknown Source:25)

06-22 15:09:32.021  1565  4159 I LSPosed-Bridge: 	at com.android.server.am.ActivityManagerService$PermissionController.checkPermission(ActivityManagerService.java:9248)

06-22 15:09:32.021  1565  4159 I LSPosed-Bridge: 	at android.os.IPermissionController$Stub.onTransact(IPermissionController.java:56)

06-22 15:09:32.021  1565  4159 I LSPosed-Bridge: 	at android.os.Binder.execTransact(Binder.java:731)

06-22 15:09:32.126   555   555 I ConfigStore: android::hardware::configstore::V1_0::ISurfaceFlingerConfigs::hasHDRDisplay retrieved: 0

06-22 15:09:32.126  1565  4159 I LSPosed-Bridge: 5231 PermLabel 10116 AMS.checkPermission: Binder.getCallingPid() = 915; uid = 10116; Binder.getCallingUid() = 1047; getNameForUid: null; getPackagesForUid: null; permName: android.permission.CAMERA; type = 1; res = -1; stacktrace=java.lang.Exception

06-22 15:09:32.126  1565  4159 I LSPosed-Bridge: 	at com.example.permlabel.requirePerm$1$2.afterHookedMethod(requirePerm.java:133)

06-22 15:09:32.126  1565  4159 I LSPosed-Bridge: 	at de.robv.android.xposed.XposedBridge$AdditionalHookInfo.callback(Unknown Source:147)

06-22 15:09:32.126  1565  4159 I LSPosed-Bridge: 	at LSPHooker_.checkPermission(Unknown Source:25)

06-22 15:09:32.126  1565  4159 I LSPosed-Bridge: 	at com.android.server.am.ActivityManagerService$PermissionController.checkPermission(ActivityManagerService.java:9248)

06-22 15:09:32.126  1565  4159 I LSPosed-Bridge: 	at android.os.IPermissionController$Stub.onTransact(IPermissionController.java:56)

06-22 15:09:32.126  1565  4159 I LSPosed-Bridge: 	at android.os.Binder.execTransact(Binder.java:731)

06-22 15:09:32.126   915   915 W ServiceManager: Permission failure: android.permission.CAMERA from uid=10116 pid=5231

06-22 15:09:32.126   915   915 E CameraService: Permission Denial: can't use the camera pid=5231, uid=10116

06-22 15:09:32.231  1565  4159 I LSPosed-Bridge: 5231 PermLabel 10116 AMS.checkPermission: Binder.getCallingPid() = 915; uid = 10116; Binder.getCallingUid() = 1047; getNameForUid: null; getPackagesForUid: null; permName: android.permission.CAMERA; type = 1; res = -1; stacktrace=java.lang.Exception

06-22 15:09:32.231  1565  4159 I LSPosed-Bridge: 	at com.example.permlabel.requirePerm$1$2.afterHookedMethod(requirePerm.java:133)

06-22 15:09:32.231  1565  4159 I LSPosed-Bridge: 	at de.robv.android.xposed.XposedBridge$AdditionalHookInfo.callback(Unknown Source:147)

06-22 15:09:32.231  1565  4159 I LSPosed-Bridge: 	at LSPHooker_.checkPermission(Unknown Source:25)

06-22 15:09:32.231  1565  4159 I LSPosed-Bridge: 	at com.android.server.am.ActivityManagerService$PermissionController.checkPermission(ActivityManagerService.java:9248)

06-22 15:09:32.231  1565  4159 I LSPosed-Bridge: 	at android.os.IPermissionController$Stub.onTransact(IPermissionController.java:56)

06-22 15:09:32.231  1565  4159 I LSPosed-Bridge: 	at android.os.Binder.execTransact(Binder.java:731)

06-22 15:09:32.231   915   915 W ServiceManager: Permission failure: android.permission.CAMERA from uid=10116 pid=5231

06-22 15:09:32.335  1565  5424 I LSPosed-Bridge: 5231 PermLabel 10116 AMS.checkPermission: Binder.getCallingPid() = 915; uid = 10116; Binder.getCallingUid() = 1047; getNameForUid: null; getPackagesForUid: null; permName: android.permission.CAMERA; type = 1; res = -1; stacktrace=java.lang.Exception

06-22 15:09:32.335  1565  5424 I LSPosed-Bridge: 	at com.example.permlabel.requirePerm$1$2.afterHookedMethod(requirePerm.java:133)

06-22 15:09:32.335  1565  5424 I LSPosed-Bridge: 	at de.robv.android.xposed.XposedBridge$AdditionalHookInfo.callback(Unknown Source:147)

06-22 15:09:32.335  1565  5424 I LSPosed-Bridge: 	at LSPHooker_.checkPermission(Unknown Source:25)

06-22 15:09:32.335  1565  5424 I LSPosed-Bridge: 	at com.android.server.am.ActivityManagerService$PermissionController.checkPermission(ActivityManagerService.java:9248)

06-22 15:09:32.335  1565  5424 I LSPosed-Bridge: 	at android.os.IPermissionController$Stub.onTransact(IPermissionController.java:56)

06-22 15:09:32.335  1565  5424 I LSPosed-Bridge: 	at android.os.Binder.execTransact(Binder.java:731)

06-22 15:09:32.335   915   915 W ServiceManager: Permission failure: android.permission.CAMERA from uid=10116 pid=5231

06-22 15:09:32.335   915   915 E CameraService: Permission Denial: can't use the camera pid=5231, uid=10116

06-22 15:09:32.335  5231  5738 W CameraBase: An error occurred while connecting to camera 1: Status(-8): '1: validateClientPermissionsLocked:906: Caller "com.kinggames.couplelife.huawei" (PID 10116, UID 5231) cannot open camera "1" without camera permission'

06-22 15:09:32.437  1565  5424 I LSPosed-Bridge: 5231 PermLabel 10116 AMS.checkPermission: Binder.getCallingPid() = 915; uid = 10116; Binder.getCallingUid() = 1047; getNameForUid: null; getPackagesForUid: null; permName: android.permission.CAMERA; type = 1; res = -1; stacktrace=java.lang.Exception

06-22 15:09:32.437  1565  5424 I LSPosed-Bridge: 	at com.example.permlabel.requirePerm$1$2.afterHookedMethod(requirePerm.java:133)

06-22 15:09:32.437  1565  5424 I LSPosed-Bridge: 	at de.robv.android.xposed.XposedBridge$AdditionalHookInfo.callback(Unknown Source:147)

06-22 15:09:32.437  1565  5424 I LSPosed-Bridge: 	at LSPHooker_.checkPermission(Unknown Source:25)

06-22 15:09:32.437  1565  5424 I LSPosed-Bridge: 	at com.android.server.am.ActivityManagerService$PermissionController.checkPermission(ActivityManagerService.java:9248)

06-22 15:09:32.437  1565  5424 I LSPosed-Bridge: 	at android.os.IPermissionController$Stub.onTransact(IPermissionController.java:56)

06-22 15:09:32.437  1565  5424 I LSPosed-Bridge: 	at android.os.Binder.execTransact(Binder.java:731)

06-22 15:09:32.541  1565  4159 I LSPosed-Bridge: 5231 PermLabel 10116 AMS.checkPermission: Binder.getCallingPid() = 915; uid = 10116; Binder.getCallingUid() = 1047; getNameForUid: null; getPackagesForUid: null; permName: android.permission.CAMERA; type = 1; res = -1; stacktrace=java.lang.Exception

06-22 15:09:32.541  1565  4159 I LSPosed-Bridge: 	at com.example.permlabel.requirePerm$1$2.afterHookedMethod(requirePerm.java:133)

06-22 15:09:32.541  1565  4159 I LSPosed-Bridge: 	at de.robv.android.xposed.XposedBridge$AdditionalHookInfo.callback(Unknown Source:147)

06-22 15:09:32.541  1565  4159 I LSPosed-Bridge: 	at LSPHooker_.checkPermission(Unknown Source:25)

06-22 15:09:32.541  1565  4159 I LSPosed-Bridge: 	at com.android.server.am.ActivityManagerService$PermissionController.checkPermission(ActivityManagerService.java:9248)

06-22 15:09:32.541  1565  4159 I LSPosed-Bridge: 	at android.os.IPermissionController$Stub.onTransact(IPermissionController.java:56)

06-22 15:09:32.541  1565  4159 I LSPosed-Bridge: 	at android.os.Binder.execTransact(Binder.java:731)

06-22 15:09:32.644   555   555 I chatty  : uid=1000(system) /system/bin/surfaceflinger identical 1 line

06-22 15:09:32.644   555   555 I ConfigStore: android::hardware::configstore::V1_0::ISurfaceFlingerConfigs::hasHDRDisplay retrieved: 0

06-22 15:09:32.644  1565  5424 I LSPosed-Bridge: 5231 PermLabel 10116 AMS.checkPermission: Binder.getCallingPid() = 915; uid = 10116; Binder.getCallingUid() = 1047; getNameForUid: null; getPackagesForUid: null; permName: android.permission.CAMERA; type = 1; res = -1; stacktrace=java.lang.Exception

06-22 15:09:32.644  1565  5424 I LSPosed-Bridge: 	at com.example.permlabel.requirePerm$1$2.afterHookedMethod(requirePerm.java:133)

06-22 15:09:32.644  1565  5424 I LSPosed-Bridge: 	at de.robv.android.xposed.XposedBridge$AdditionalHookInfo.callback(Unknown Source:147)

06-22 15:09:32.644  1565  5424 I LSPosed-Bridge: 	at LSPHooker_.checkPermission(Unknown Source:25)

06-22 15:09:32.644  1565  5424 I LSPosed-Bridge: 	at com.android.server.am.ActivityManagerService$PermissionController.checkPermission(ActivityManagerService.java:9248)

06-22 15:09:32.644  1565  5424 I LSPosed-Bridge: 	at android.os.IPermissionController$Stub.onTransact(IPermissionController.java:56)

06-22 15:09:32.644  1565  5424 I LSPosed-Bridge: 	at android.os.Binder.execTransact(Binder.java:731)

06-22 15:09:32.748  1565  5424 I LSPosed-Bridge: 5231 PermLabel 10116 AMS.checkPermission: Binder.getCallingPid() = 915; uid = 10116; Binder.getCallingUid() = 1047; getNameForUid: null; getPackagesForUid: null; permName: android.permission.CAMERA; type = 1; res = -1; stacktrace=java.lang.Exception

06-22 15:09:32.748  1565  5424 I LSPosed-Bridge: 	at com.example.permlabel.requirePerm$1$2.afterHookedMethod(requirePerm.java:133)

06-22 15:09:32.748  1565  5424 I LSPosed-Bridge: 	at de.robv.android.xposed.XposedBridge$AdditionalHookInfo.callback(Unknown Source:147)

06-22 15:09:32.748  1565  5424 I LSPosed-Bridge: 	at LSPHooker_.checkPermission(Unknown Source:25)

06-22 15:09:32.748  1565  5424 I LSPosed-Bridge: 	at com.android.server.am.ActivityManagerService$PermissionController.checkPermission(ActivityManagerService.java:9248)

06-22 15:09:32.748  1565  5424 I LSPosed-Bridge: 	at android.os.IPermissionController$Stub.onTransact(IPermissionController.java:56)

06-22 15:09:32.748  1565  5424 I LSPosed-Bridge: 	at android.os.Binder.execTransact(Binder.java:731)

06-22 15:09:32.748   915   915 W ServiceManager: Permission failure: android.permission.CAMERA from uid=10116 pid=5231

06-22 15:09:32.748   915   915 E CameraService: Permission Denial: can't use the camera pid=5231, uid=10116

06-22 15:09:32.853  1565  5424 I LSPosed-Bridge: 5231 PermLabel 10116 AMS.checkPermission: Binder.getCallingPid() = 915; uid = 10116; Binder.getCallingUid() = 1047; getNameForUid: null; getPackagesForUid: null; permName: android.permission.CAMERA; type = 1; res = -1; stacktrace=java.lang.Exception

06-22 15:09:32.853  1565  5424 I LSPosed-Bridge: 	at com.example.permlabel.requirePerm$1$2.afterHookedMethod(requirePerm.java:133)

06-22 15:09:32.853  1565  5424 I LSPosed-Bridge: 	at de.robv.android.xposed.XposedBridge$AdditionalHookInfo.callback(Unknown Source:147)

06-22 15:09:32.853  1565  5424 I LSPosed-Bridge: 	at LSPHooker_.checkPermission(Unknown Source:25)

06-22 15:09:32.853  1565  5424 I LSPosed-Bridge: 	at com.android.server.am.ActivityManagerService$PermissionController.checkPermission(ActivityManagerService.java:9248)

06-22 15:09:32.853  1565  5424 I LSPosed-Bridge: 	at android.os.IPermissionController$Stub.onTransact(IPermissionController.java:56)

06-22 15:09:32.853  1565  5424 I LSPosed-Bridge: 	at android.os.Binder.execTransact(Binder.java:731)

06-22 15:09:32.856  5231  5738 I LSPosed-Bridge: 5231 PermLabel 10116 android.permission.CAMERA open cameraId: 1; res= null; stacktrace=java.lang.Exception

06-22 15:09:32.856  5231  5738 I LSPosed-Bridge: 5231 PermLabel 10116 android.permission.CAMERA open cameraId: 1; res= null; stacktrace=java.lang.Exception

06-22 15:09:32.856  5231  5738 I LSPosed-Bridge: 	at com.example.permlabel.hookCamera$3.afterHookedMethod(hookCamera.java:49)

06-22 15:09:32.856  5231  5738 I LSPosed-Bridge: 	at com.example.permlabel.hookCamera$3.afterHookedMethod(hookCamera.java:49)

06-22 15:09:32.856  5231  5738 I LSPosed-Bridge: 	at de.robv.android.xposed.XposedBridge$AdditionalHookInfo.callback(Unknown Source:147)

06-22 15:09:32.856  5231  5738 I LSPosed-Bridge: 	at de.robv.android.xposed.XposedBridge$AdditionalHookInfo.callback(Unknown Source:147)

06-22 15:09:32.856  5231  5738 I LSPosed-Bridge: 	at LSPHooker_.open(Unknown Source:12)

06-22 15:09:32.856  5231  5738 I LSPosed-Bridge: 	at LSPHooker_.open(Unknown Source:12)

06-22 15:09:32.856  5231  5738 I LSPosed-Bridge: 	at org.chromium.media.VideoCaptureFactory.isZoomSupported(chromium-Monochrome.aab-stable-573513121:10)

06-22 15:09:32.856  5231  5738 I LSPosed-Bridge: 	at org.chromium.media.VideoCaptureFactory.isZoomSupported(chromium-Monochrome.aab-stable-573513121:10)

06-22 15:09:32.856  5231  5738 I chatty  : uid=10116(com.kinggames.couplelife.huawei) ThreadPoolSingl identical 1 line

06-22 15:09:32.856  5231  5738 I chatty  : uid=10116(com.kinggames.couplelife.huawei) ThreadPoolSingl identical 1 line

06-22 15:09:32.856  5231  5738 I LSPosed-Bridge: 5231 PermLabel 10116 android.permission.CAMERA open cameraId: 1; res= null; stacktrace=java.lang.Exception

06-22 15:09:32.856  5231  5738 I LSPosed-Bridge: 5231 PermLabel 10116 android.permission.CAMERA open cameraId: 1; res= null; stacktrace=java.lang.Exception

06-22 15:09:32.856  5231  5738 I LSPosed-Bridge: 	at com.example.permlabel.hookCamera$3.afterHookedMethod(hookCamera.java:49)

06-22 15:09:32.856  5231  5738 I LSPosed-Bridge: 	at com.example.permlabel.hookCamera$3.afterHookedMethod(hookCamera.java:49)

06-22 15:09:32.856  5231  5738 I LSPosed-Bridge: 	at de.robv.android.xposed.XposedBridge$AdditionalHookInfo.callback(Unknown Source:147)

06-22 15:09:32.856  5231  5738 I LSPosed-Bridge: 	at de.robv.android.xposed.XposedBridge$AdditionalHookInfo.callback(Unknown Source:147)

06-22 15:09:32.856  5231  5738 I LSPosed-Bridge: 	at LSPHooker_.open(Unknown Source:12)

06-22 15:09:32.856  5231  5738 I LSPosed-Bridge: 	at LSPHooker_.open(Unknown Source:12)

06-22 15:09:32.856  5231  5738 I LSPosed-Bridge: 	at org.chromium.media.VideoCaptureFactory.isZoomSupported(chromium-Monochrome.aab-stable-573513121:10)

06-22 15:09:32.856  5231  5738 I LSPosed-Bridge: 	at org.chromium.media.VideoCaptureFactory.isZoomSupported(chromium-Monochrome.aab-stable-573513121:10)

06-22 15:09:32.885  1565  5424 I LSPosed-Bridge: 5231 PermLabel 10116 AMS.checkPermission: Binder.getCallingPid() = 915; uid = 10116; Binder.getCallingUid() = 1047; getNameForUid: null; getPackagesForUid: null; permName: android.permission.CAMERA; type = 1; res = -1; stacktrace=java.lang.Exception

06-22 15:09:32.885  1565  5424 I LSPosed-Bridge: 	at com.example.permlabel.requirePerm$1$2.afterHookedMethod(requirePerm.java:133)

06-22 15:09:32.885  1565  5424 I LSPosed-Bridge: 	at de.robv.android.xposed.XposedBridge$AdditionalHookInfo.callback(Unknown Source:147)

06-22 15:09:32.885  1565  5424 I LSPosed-Bridge: 	at LSPHooker_.checkPermission(Unknown Source:25)

06-22 15:09:32.885  1565  5424 I LSPosed-Bridge: 	at com.android.server.am.ActivityManagerService$PermissionController.checkPermission(ActivityManagerService.java:9248)

06-22 15:09:32.885  1565  5424 I LSPosed-Bridge: 	at android.os.IPermissionController$Stub.onTransact(IPermissionController.java:56)

06-22 15:09:32.885  1565  5424 I LSPosed-Bridge: 	at android.os.Binder.execTransact(Binder.java:731)

06-22 15:09:32.989   915   915 I CameraService: CameraService::connect call (PID -1 "com.kinggames.couplelife.huawei", camera ID 1) for HAL version default and Camera API version 1

06-22 15:09:32.989  1565  4159 I LSPosed-Bridge: 5231 PermLabel 10116 AMS.checkPermission: Binder.getCallingPid() = 915; uid = 10116; Binder.getCallingUid() = 1047; getNameForUid: null; getPackagesForUid: null; permName: android.permission.CAMERA; type = 1; res = -1; stacktrace=java.lang.Exception

06-22 15:09:32.989  1565  4159 I LSPosed-Bridge: 	at com.example.permlabel.requirePerm$1$2.afterHookedMethod(requirePerm.java:133)

06-22 15:09:32.989  1565  4159 I LSPosed-Bridge: 	at de.robv.android.xposed.XposedBridge$AdditionalHookInfo.callback(Unknown Source:147)

06-22 15:09:32.989  1565  4159 I LSPosed-Bridge: 	at LSPHooker_.checkPermission(Unknown Source:25)

06-22 15:09:32.989  1565  4159 I LSPosed-Bridge: 	at com.android.server.am.ActivityManagerService$PermissionController.checkPermission(ActivityManagerService.java:9248)

06-22 15:09:32.989  1565  4159 I LSPosed-Bridge: 	at android.os.IPermissionController$Stub.onTransact(IPermissionController.java:56)

06-22 15:09:32.989  1565  4159 I LSPosed-Bridge: 	at android.os.Binder.execTransact(Binder.java:731)

06-22 15:09:33.092  1565  4159 I LSPosed-Bridge: 5231 PermLabel 10116 AMS.checkPermission: Binder.getCallingPid() = 915; uid = 10116; Binder.getCallingUid() = 1047; getNameForUid: null; getPackagesForUid: null; permName: android.permission.CAMERA; type = 1; res = -1; stacktrace=java.lang.Exception

06-22 15:09:33.092  1565  4159 I LSPosed-Bridge: 	at com.example.permlabel.requirePerm$1$2.afterHookedMethod(requirePerm.java:133)

06-22 15:09:33.092  1565  4159 I LSPosed-Bridge: 	at de.robv.android.xposed.XposedBridge$AdditionalHookInfo.callback(Unknown Source:147)

06-22 15:09:33.092  1565  4159 I LSPosed-Bridge: 	at LSPHooker_.checkPermission(Unknown Source:25)

06-22 15:09:33.092  1565  4159 I LSPosed-Bridge: 	at com.android.server.am.ActivityManagerService$PermissionController.checkPermission(ActivityManagerService.java:9248)

06-22 15:09:33.092  1565  4159 I LSPosed-Bridge: 	at android.os.IPermissionController$Stub.onTransact(IPermissionController.java:56)

06-22 15:09:33.092  1565  4159 I LSPosed-Bridge: 	at android.os.Binder.execTransact(Binder.java:731)

06-22 15:09:33.195  1565  4159 I LSPosed-Bridge: 5231 PermLabel 10116 AMS.checkPermission: Binder.getCallingPid() = 915; uid = 10116; Binder.getCallingUid() = 1047; getNameForUid: null; getPackagesForUid: null; permName: android.permission.CAMERA; type = 1; res = -1; stacktrace=java.lang.Exception

06-22 15:09:33.195  1565  4159 I LSPosed-Bridge: 	at com.example.permlabel.requirePerm$1$2.afterHookedMethod(requirePerm.java:133)

06-22 15:09:33.195  1565  4159 I LSPosed-Bridge: 	at de.robv.android.xposed.XposedBridge$AdditionalHookInfo.callback(Unknown Source:147)

06-22 15:09:33.195  1565  4159 I LSPosed-Bridge: 	at LSPHooker_.checkPermission(Unknown Source:25)

06-22 15:09:33.195  1565  4159 I LSPosed-Bridge: 	at com.android.server.am.ActivityManagerService$PermissionController.checkPermission(ActivityManagerService.java:9248)

06-22 15:09:33.195  1565  4159 I LSPosed-Bridge: 	at android.os.IPermissionController$Stub.onTransact(IPermissionController.java:56)

06-22 15:09:33.195  1565  4159 I LSPosed-Bridge: 	at android.os.Binder.execTransact(Binder.java:731)

06-22 15:09:33.299  1565  4159 I LSPosed-Bridge: 5231 PermLabel 10116 AMS.checkPermission: Binder.getCallingPid() = 915; uid = 10116; Binder.getCallingUid() = 1047; getNameForUid: null; getPackagesForUid: null; permName: android.permission.CAMERA; type = 1; res = -1; stacktrace=java.lang.Exception

06-22 15:09:33.299  1565  4159 I LSPosed-Bridge: 	at com.example.permlabel.requirePerm$1$2.afterHookedMethod(requirePerm.java:133)

06-22 15:09:33.299  1565  4159 I LSPosed-Bridge: 	at de.robv.android.xposed.XposedBridge$AdditionalHookInfo.callback(Unknown Source:147)

06-22 15:09:33.299  1565  4159 I LSPosed-Bridge: 	at LSPHooker_.checkPermission(Unknown Source:25)

06-22 15:09:33.299  1565  4159 I LSPosed-Bridge: 	at com.android.server.am.ActivityManagerService$PermissionController.checkPermission(ActivityManagerService.java:9248)

06-22 15:09:33.299  1565  4159 I LSPosed-Bridge: 	at android.os.IPermissionController$Stub.onTransact(IPermissionController.java:56)

06-22 15:09:33.299  1565  4159 I LSPosed-Bridge: 	at android.os.Binder.execTransact(Binder.java:731)

06-22 15:09:33.407  1565  4159 I LSPosed-Bridge: 5231 PermLabel 10116 AMS.checkPermission: Binder.getCallingPid() = 915; uid = 10116; Binder.getCallingUid() = 1047; getNameForUid: null; getPackagesForUid: null; permName: android.permission.CAMERA; type = 1; res = -1; stacktrace=java.lang.Exception

06-22 15:09:33.407  1565  4159 I LSPosed-Bridge: 	at com.example.permlabel.requirePerm$1$2.afterHookedMethod(requirePerm.java:133)

06-22 15:09:33.407  1565  4159 I LSPosed-Bridge: 	at de.robv.android.xposed.XposedBridge$AdditionalHookInfo.callback(Unknown Source:147)

06-22 15:09:33.407  1565  4159 I LSPosed-Bridge: 	at LSPHooker_.checkPermission(Unknown Source:25)

06-22 15:09:33.407  1565  4159 I LSPosed-Bridge: 	at com.android.server.am.ActivityManagerService$PermissionController.checkPermission(ActivityManagerService.java:9248)

06-22 15:09:33.407  1565  4159 I LSPosed-Bridge: 	at android.os.IPermissionController$Stub.onTransact(IPermissionController.java:56)

06-22 15:09:33.407  1565  4159 I LSPosed-Bridge: 	at android.os.Binder.execTransact(Binder.java:731)

06-22 15:09:33.512  1565  4159 I LSPosed-Bridge: 5231 PermLabel 10116 AMS.checkPermission: Binder.getCallingPid() = 915; uid = 10116; Binder.getCallingUid() = 1047; getNameForUid: null; getPackagesForUid: null; permName: android.permission.CAMERA; type = 1; res = -1; stacktrace=java.lang.Exception

06-22 15:09:33.512  1565  4159 I LSPosed-Bridge: 	at com.example.permlabel.requirePerm$1$2.afterHookedMethod(requirePerm.java:133)

06-22 15:09:33.512  1565  4159 I LSPosed-Bridge: 	at de.robv.android.xposed.XposedBridge$AdditionalHookInfo.callback(Unknown Source:147)

06-22 15:09:33.512  1565  4159 I LSPosed-Bridge: 	at LSPHooker_.checkPermission(Unknown Source:25)

06-22 15:09:33.512  1565  4159 I LSPosed-Bridge: 	at com.android.server.am.ActivityManagerService$PermissionController.checkPermission(ActivityManagerService.java:9248)

06-22 15:09:33.512  1565  4159 I LSPosed-Bridge: 	at android.os.IPermissionController$Stub.onTransact(IPermissionController.java:56)

06-22 15:09:33.512  1565  4159 I LSPosed-Bridge: 	at android.os.Binder.execTransact(Binder.java:731)

06-22 15:09:33.619  1565  4159 I LSPosed-Bridge: 5231 PermLabel 10116 AMS.checkPermission: Binder.getCallingPid() = 915; uid = 10116; Binder.getCallingUid() = 1047; getNameForUid: null; getPackagesForUid: null; permName: android.permission.CAMERA; type = 1; res = -1; stacktrace=java.lang.Exception

06-22 15:09:33.619  1565  4159 I LSPosed-Bridge: 	at com.example.permlabel.requirePerm$1$2.afterHookedMethod(requirePerm.java:133)

06-22 15:09:33.619  1565  4159 I LSPosed-Bridge: 	at de.robv.android.xposed.XposedBridge$AdditionalHookInfo.callback(Unknown Source:147)

06-22 15:09:33.619  1565  4159 I LSPosed-Bridge: 	at LSPHooker_.checkPermission(Unknown Source:25)

06-22 15:09:33.619  1565  4159 I LSPosed-Bridge: 	at com.android.server.am.ActivityManagerService$PermissionController.checkPermission(ActivityManagerService.java:9248)

06-22 15:09:33.619  1565  4159 I LSPosed-Bridge: 	at android.os.IPermissionController$Stub.onTransact(IPermissionController.java:56)

06-22 15:09:33.619  1565  4159 I LSPosed-Bridge: 	at android.os.Binder.execTransact(Binder.java:731)

06-22 15:09:33.723  1565  4159 I LSPosed-Bridge: 5231 PermLabel 10116 AMS.checkPermission: Binder.getCallingPid() = 915; uid = 10116; Binder.getCallingUid() = 1047; getNameForUid: null; getPackagesForUid: null; permName: android.permission.CAMERA; type = 1; res = -1; stacktrace=java.lang.Exception

06-22 15:09:33.723  1565  4159 I LSPosed-Bridge: 	at com.example.permlabel.requirePerm$1$2.afterHookedMethod(requirePerm.java:133)

06-22 15:09:33.723  1565  4159 I LSPosed-Bridge: 	at de.robv.android.xposed.XposedBridge$AdditionalHookInfo.callback(Unknown Source:147)

06-22 15:09:33.723  1565  4159 I LSPosed-Bridge: 	at LSPHooker_.checkPermission(Unknown Source:25)

06-22 15:09:33.723  1565  4159 I LSPosed-Bridge: 	at com.android.server.am.ActivityManagerService$PermissionController.checkPermission(ActivityManagerService.java:9248)

06-22 15:09:33.723  1565  4159 I LSPosed-Bridge: 	at android.os.IPermissionController$Stub.onTransact(IPermissionController.java:56)

06-22 15:09:33.723  1565  4159 I LSPosed-Bridge: 	at android.os.Binder.execTransact(Binder.java:731)

06-22 15:09:33.725  5231  5738 E Camera  : Camera  err=-13

06-22 15:09:33.725  5231  5738 I LSPosed-Bridge: 5231 PermLabel 10116 android.permission.CAMERA open cameraId: 1; res= null; stacktrace=java.lang.Exception

06-22 15:09:33.725  5231  5738 I LSPosed-Bridge: 	at com.example.permlabel.hookCamera$3.afterHookedMethod(hookCamera.java:49)

06-22 15:09:33.725  5231  5738 I LSPosed-Bridge: 	at de.robv.android.xposed.XposedBridge$AdditionalHookInfo.callback(Unknown Source:147)

06-22 15:09:33.725  5231  5738 I LSPosed-Bridge: 	at LSPHooker_.open(Unknown Source:12)

06-22 15:09:33.725  5231  5738 I LSPosed-Bridge: 	at org.chromium.media.VideoCaptureFactory.getDeviceSupportedFormats(chromium-Monochrome.aab-stable-573513121:13)

06-22 15:09:33.725  5231  5738 I chatty  : uid=10116(com.kinggames.couplelife.huawei) ThreadPoolSingl identical 1 line

06-22 15:09:33.726  5231  5738 I LSPosed-Bridge: 5231 PermLabel 10116 android.permission.CAMERA open cameraId: 1; res= null; stacktrace=java.lang.Exception

06-22 15:09:33.726  5231  5738 I LSPosed-Bridge: 	at com.example.permlabel.hookCamera$3.afterHookedMethod(hookCamera.java:49)

06-22 15:09:33.726  5231  5738 I LSPosed-Bridge: 	at de.robv.android.xposed.XposedBridge$AdditionalHookInfo.callback(Unknown Source:147)

06-22 15:09:33.726  5231  5738 I LSPosed-Bridge: 	at LSPHooker_.open(Unknown Source:12)

06-22 15:09:33.726  5231  5738 I LSPosed-Bridge: 	at org.chromium.media.VideoCaptureFactory.getDeviceSupportedFormats(chromium-Monochrome.aab-stable-573513121:13)

06-22 15:09:33.726  5231  5738 E cr_VideoCapture: Camera.open: 

06-22 15:09:33.726  5231  5738 E cr_VideoCapture: java.lang.RuntimeException: Fail to connect to camera service

06-22 15:09:33.726  5231  5738 E cr_VideoCapture: 	at android.hardware.Camera.<init>(Camera.java:669)

06-22 15:09:33.726  5231  5738 E cr_VideoCapture: 	at android.hardware.Camera.open(Camera.java:460)

06-22 15:09:33.726  5231  5738 E cr_VideoCapture: 	at java.lang.reflect.Method.invoke(Native Method)

06-22 15:09:33.726  5231  5738 E cr_VideoCapture: 	at org.lsposed.lspd.nativebridge.HookBridge.invokeOriginalMethod(Native Method)

06-22 15:09:33.726  5231  5738 E cr_VideoCapture: 	at de.robv.android.xposed.XposedBridge$AdditionalHookInfo.callback(Unknown Source:110)

06-22 15:09:33.726  5231  5738 E cr_VideoCapture: 	at LSPHooker_.open(Unknown Source:12)

06-22 15:09:33.726  5231  5738 E cr_VideoCapture: 	at org.chromium.media.VideoCaptureFactory.getDeviceSupportedFormats(chromium-Monochrome.aab-stable-573513121:13)

06-22 15:09:33.726   915   915 I CameraService: CameraService::connect call (PID -1 "cameraserver", camera ID 0) for HAL version default and Camera API version 1

06-22 15:09:33.880  5231  5738 I LSPosed-Bridge: 5231 PermLabel 10116 android.permission.CAMERA getCameraInfo args0: 0; args1: android.hardware.Camera$CameraInfo@e061f32; res= null; stacktrace=java.lang.Exception

06-22 15:09:33.880  5231  5738 I LSPosed-Bridge: 	at com.example.permlabel.hookCamera$1.afterHookedMethod(hookCamera.java:21)

06-22 15:09:33.880  5231  5738 I LSPosed-Bridge: 	at de.robv.android.xposed.XposedBridge$AdditionalHookInfo.callback(Unknown Source:147)

06-22 15:09:33.880  5231  5738 I LSPosed-Bridge: 	at LSPHooker_.getCameraInfo(Unknown Source:15)

06-22 15:09:33.880  5231  5738 I LSPosed-Bridge: 	at z74.e(chromium-Monochrome.aab-stable-573513121:6)

06-22 15:09:33.880  5231  5738 I LSPosed-Bridge: 	at org.chromium.media.VideoCaptureFactory.getDeviceName(chromium-Monochrome.aab-stable-573513121:15)

06-22 15:09:33.881  5231  5738 I chatty  : uid=10116(com.kinggames.couplelife.huawei) ThreadPoolSingl identical 1 line

06-22 15:09:33.881  5231  5738 I LSPosed-Bridge: 5231 PermLabel 10116 android.permission.CAMERA getCameraInfo args0: 0; args1: android.hardware.Camera$CameraInfo@e061f32; res= null; stacktrace=java.lang.Exception

06-22 15:09:33.881  5231  5738 I LSPosed-Bridge: 	at com.example.permlabel.hookCamera$1.afterHookedMethod(hookCamera.java:21)

06-22 15:09:33.881  5231  5738 I LSPosed-Bridge: 	at de.robv.android.xposed.XposedBridge$AdditionalHookInfo.callback(Unknown Source:147)

06-22 15:09:33.881  5231  5738 I LSPosed-Bridge: 	at LSPHooker_.getCameraInfo(Unknown Source:15)

06-22 15:09:33.881  5231  5738 I LSPosed-Bridge: 	at z74.e(chromium-Monochrome.aab-stable-573513121:6)

06-22 15:09:33.881  5231  5738 I LSPosed-Bridge: 	at org.chromium.media.VideoCaptureFactory.getDeviceName(chromium-Monochrome.aab-stable-573513121:15)

06-22 15:09:33.905   555   555 I ConfigStore: android::hardware::configstore::V1_0::ISurfaceFlingerConfigs::hasHDRDisplay retrieved: 0

06-22 15:09:33.905   555   555 I ConfigStore: android::hardware::configstore::V1_0::ISurfaceFlingerConfigs::hasHDRDisplay retrieved: 0

06-22 15:09:33.905  5231  5738 I LSPosed-Bridge: 5231 PermLabel 10116 android.permission.CAMERA getCameraInfo args0: 0; args1: android.hardware.Camera$CameraInfo@572fc7e; res= null; stacktrace=java.lang.Exception

06-22 15:09:33.905  5231  5738 I LSPosed-Bridge: 5231 PermLabel 10116 android.permission.CAMERA getCameraInfo args0: 0; args1: android.hardware.Camera$CameraInfo@572fc7e; res= null; stacktrace=java.lang.Exception

06-22 15:09:33.905  5231  5738 I LSPosed-Bridge: 	at com.example.permlabel.hookCamera$1.afterHookedMethod(hookCamera.java:21)

06-22 15:09:33.905  5231  5738 I LSPosed-Bridge: 	at com.example.permlabel.hookCamera$1.afterHookedMethod(hookCamera.java:21)

06-22 15:09:33.905  5231  5738 I LSPosed-Bridge: 	at de.robv.android.xposed.XposedBridge$AdditionalHookInfo.callback(Unknown Source:147)

06-22 15:09:33.905  5231  5738 I LSPosed-Bridge: 	at de.robv.android.xposed.XposedBridge$AdditionalHookInfo.callback(Unknown Source:147)

06-22 15:09:33.905  5231  5738 I LSPosed-Bridge: 	at LSPHooker_.getCameraInfo(Unknown Source:15)

06-22 15:09:33.905  5231  5738 I LSPosed-Bridge: 	at LSPHooker_.getCameraInfo(Unknown Source:15)

06-22 15:09:33.905  5231  5738 I LSPosed-Bridge: 	at z74.e(chromium-Monochrome.aab-stable-573513121:6)

06-22 15:09:33.905  5231  5738 I LSPosed-Bridge: 	at z74.e(chromium-Monochrome.aab-stable-573513121:6)

06-22 15:09:33.905  5231  5738 I LSPosed-Bridge: 	at org.chromium.media.VideoCaptureFactory.getCaptureApiType(chromium-Monochrome.aab-stable-573513121:8)

06-22 15:09:33.905  5231  5738 I LSPosed-Bridge: 	at org.chromium.media.VideoCaptureFactory.getCaptureApiType(chromium-Monochrome.aab-stable-573513121:8)

06-22 15:09:33.905   555   555 I ConfigStore: android::hardware::configstore::V1_0::ISurfaceFlingerConfigs::hasHDRDisplay retrieved: 0

06-22 15:09:33.905   555   555 I ConfigStore: android::hardware::configstore::V1_0::ISurfaceFlingerConfigs::hasHDRDisplay retrieved: 0

06-22 15:09:33.905  5231  5738 I LSPosed-Bridge: 5231 PermLabel 10116 android.permission.CAMERA getCameraInfo args0: 0; args1: android.hardware.Camera$CameraInfo@572fc7e; res= null; stacktrace=java.lang.Exception

06-22 15:09:33.905  5231  5738 I LSPosed-Bridge: 5231 PermLabel 10116 android.permission.CAMERA getCameraInfo args0: 0; args1: android.hardware.Camera$CameraInfo@572fc7e; res= null; stacktrace=java.lang.Exception

06-22 15:09:33.905  5231  5738 I LSPosed-Bridge: 	at com.example.permlabel.hookCamera$1.afterHookedMethod(hookCamera.java:21)

06-22 15:09:33.905  5231  5738 I LSPosed-Bridge: 	at com.example.permlabel.hookCamera$1.afterHookedMethod(hookCamera.java:21)

06-22 15:09:33.905  5231  5738 I LSPosed-Bridge: 	at de.robv.android.xposed.XposedBridge$AdditionalHookInfo.callback(Unknown Source:147)

06-22 15:09:33.905  5231  5738 I LSPosed-Bridge: 	at de.robv.android.xposed.XposedBridge$AdditionalHookInfo.callback(Unknown Source:147)

06-22 15:09:33.905  5231  5738 I LSPosed-Bridge: 	at LSPHooker_.getCameraInfo(Unknown Source:15)

06-22 15:09:33.905  5231  5738 I LSPosed-Bridge: 	at LSPHooker_.getCameraInfo(Unknown Source:15)

06-22 15:09:33.905  5231  5738 I LSPosed-Bridge: 	at z74.e(chromium-Monochrome.aab-stable-573513121:6)

06-22 15:09:33.905  5231  5738 I LSPosed-Bridge: 	at z74.e(chromium-Monochrome.aab-stable-573513121:6)

06-22 15:09:33.905  5231  5738 I LSPosed-Bridge: 	at org.chromium.media.VideoCaptureFactory.getCaptureApiType(chromium-Monochrome.aab-stable-573513121:8)

06-22 15:09:33.905  5231  5738 I LSPosed-Bridge: 	at org.chromium.media.VideoCaptureFactory.getCaptureApiType(chromium-Monochrome.aab-stable-573513121:8)

06-22 15:09:33.906   555   555 I ConfigStore: android::hardware::configstore::V1_0::ISurfaceFlingerConfigs::hasHDRDisplay retrieved: 0

06-22 15:09:33.906  5231  5738 I LSPosed-Bridge: 5231 PermLabel 10116 android.permission.CAMERA getCameraInfo args0: 0; args1: android.hardware.Camera$CameraInfo@572fc7e; res= null; stacktrace=java.lang.Exception

06-22 15:09:33.906  5231  5738 I LSPosed-Bridge: 	at com.example.permlabel.hookCamera$1.afterHookedMethod(hookCamera.java:21)

06-22 15:09:33.906  5231  5738 I LSPosed-Bridge: 	at de.robv.android.xposed.XposedBridge$AdditionalHookInfo.callback(Unknown Source:147)

06-22 15:09:33.906  5231  5738 I LSPosed-Bridge: 	at LSPHooker_.getCameraInfo(Unknown Source:15)

06-22 15:09:33.906  5231  5738 I LSPosed-Bridge: 	at z74.e(chromium-Monochrome.aab-stable-573513121:6)

06-22 15:09:33.906  5231  5738 I LSPosed-Bridge: 	at org.chromium.media.VideoCaptureFactory.getCaptureApiType(chromium-Monochrome.aab-stable-573513121:8)

06-22 15:09:33.906   555   555 I ConfigStore: android::hardware::configstore::V1_0::ISurfaceFlingerConfigs::hasHDRDisplay retrieved: 0

06-22 15:09:33.906   555   555 I ConfigStore: android::hardware::configstore::V1_0::ISurfaceFlingerConfigs::hasHDRDisplay retrieved: 0

06-22 15:09:33.914  5231  5738 I LSPosed-Bridge: 5231 PermLabel 10116 android.permission.CAMERA getCameraInfo args0: 0; args1: android.hardware.Camera$CameraInfo@d3e628a; res= null; stacktrace=java.lang.Exception

06-22 15:09:33.914  5231  5738 I LSPosed-Bridge: 5231 PermLabel 10116 android.permission.CAMERA getCameraInfo args0: 0; args1: android.hardware.Camera$CameraInfo@d3e628a; res= null; stacktrace=java.lang.Exception

06-22 15:09:33.914  5231  5738 I LSPosed-Bridge: 	at com.example.permlabel.hookCamera$1.afterHookedMethod(hookCamera.java:21)

06-22 15:09:33.914  5231  5738 I LSPosed-Bridge: 	at com.example.permlabel.hookCamera$1.afterHookedMethod(hookCamera.java:21)

06-22 15:09:33.914  5231  5738 I LSPosed-Bridge: 	at de.robv.android.xposed.XposedBridge$AdditionalHookInfo.callback(Unknown Source:147)

06-22 15:09:33.914  5231  5738 I LSPosed-Bridge: 	at de.robv.android.xposed.XposedBridge$AdditionalHookInfo.callback(Unknown Source:147)

06-22 15:09:33.914  5231  5738 I LSPosed-Bridge: 	at LSPHooker_.getCameraInfo(Unknown Source:15)

06-22 15:09:33.914  5231  5738 I LSPosed-Bridge: 	at LSPHooker_.getCameraInfo(Unknown Source:15)

06-22 15:09:33.914  5231  5738 I LSPosed-Bridge: 	at z74.e(chromium-Monochrome.aab-stable-573513121:6)

06-22 15:09:33.914  5231  5738 I LSPosed-Bridge: 	at z74.e(chromium-Monochrome.aab-stable-573513121:6)

06-22 15:09:33.914  5231  5738 I LSPosed-Bridge: 	at org.chromium.media.VideoCaptureFactory.getFacingMode(chromium-Monochrome.aab-stable-573513121:10)

06-22 15:09:33.914  5231  5738 I LSPosed-Bridge: 	at org.chromium.media.VideoCaptureFactory.getFacingMode(chromium-Monochrome.aab-stable-573513121:10)

06-22 15:09:33.914  5231  5738 I chatty  : uid=10116(com.kinggames.couplelife.huawei) ThreadPoolSingl identical 1 line

06-22 15:09:33.914  5231  5738 I chatty  : uid=10116(com.kinggames.couplelife.huawei) ThreadPoolSingl identical 1 line

06-22 15:09:33.914  5231  5738 I LSPosed-Bridge: 5231 PermLabel 10116 android.permission.CAMERA getCameraInfo args0: 0; args1: android.hardware.Camera$CameraInfo@d3e628a; res= null; stacktrace=java.lang.Exception

06-22 15:09:33.914  5231  5738 I LSPosed-Bridge: 5231 PermLabel 10116 android.permission.CAMERA getCameraInfo args0: 0; args1: android.hardware.Camera$CameraInfo@d3e628a; res= null; stacktrace=java.lang.Exception

06-22 15:09:33.914  5231  5738 I LSPosed-Bridge: 	at com.example.permlabel.hookCamera$1.afterHookedMethod(hookCamera.java:21)

06-22 15:09:33.914  5231  5738 I LSPosed-Bridge: 	at com.example.permlabel.hookCamera$1.afterHookedMethod(hookCamera.java:21)

06-22 15:09:33.914  5231  5738 I LSPosed-Bridge: 	at de.robv.android.xposed.XposedBridge$AdditionalHookInfo.callback(Unknown Source:147)

06-22 15:09:33.914  5231  5738 I LSPosed-Bridge: 	at de.robv.android.xposed.XposedBridge$AdditionalHookInfo.callback(Unknown Source:147)

06-22 15:09:33.914  5231  5738 I LSPosed-Bridge: 	at LSPHooker_.getCameraInfo(Unknown Source:15)

06-22 15:09:33.914  5231  5738 I LSPosed-Bridge: 	at LSPHooker_.getCameraInfo(Unknown Source:15)

06-22 15:09:33.914  5231  5738 I LSPosed-Bridge: 	at z74.e(chromium-Monochrome.aab-stable-573513121:6)

06-22 15:09:33.914  5231  5738 I LSPosed-Bridge: 	at z74.e(chromium-Monochrome.aab-stable-573513121:6)

06-22 15:09:33.914  5231  5738 I LSPosed-Bridge: 	at org.chromium.media.VideoCaptureFactory.getFacingMode(chromium-Monochrome.aab-stable-573513121:10)

06-22 15:09:33.914  5231  5738 I LSPosed-Bridge: 	at org.chromium.media.VideoCaptureFactory.getFacingMode(chromium-Monochrome.aab-stable-573513121:10)

06-22 15:09:33.921  1565  4159 I LSPosed-Bridge: 5231 PermLabel 10116 AMS.checkPermission: Binder.getCallingPid() = 915; uid = 10116; Binder.getCallingUid() = 1047; getNameForUid: null; getPackagesForUid: null; permName: android.permission.CAMERA; type = 1; res = -1; stacktrace=java.lang.Exception

06-22 15:09:33.921  1565  4159 I LSPosed-Bridge: 	at com.example.permlabel.requirePerm$1$2.afterHookedMethod(requirePerm.java:133)

06-22 15:09:33.921  1565  4159 I LSPosed-Bridge: 	at de.robv.android.xposed.XposedBridge$AdditionalHookInfo.callback(Unknown Source:147)

06-22 15:09:33.921  1565  4159 I LSPosed-Bridge: 	at LSPHooker_.checkPermission(Unknown Source:25)

