06-22 15:09:33.921  1565  4159 I LSPosed-Bridge: 	at com.android.server.am.ActivityManagerService$PermissionController.checkPermission(ActivityManagerService.java:9248)

06-22 15:09:33.921  1565  4159 I LSPosed-Bridge: 	at android.os.IPermissionController$Stub.onTransact(IPermissionController.java:56)

06-22 15:09:33.921  1565  4159 I LSPosed-Bridge: 	at android.os.Binder.execTransact(Binder.java:731)

06-22 15:09:33.921   915   915 W ServiceManager: Permission failure: android.permission.CAMERA from uid=10116 pid=5231

06-22 15:09:33.921   915   915 E CameraService: Permission Denial: can't use the camera pid=5231, uid=10116

06-22 15:09:34.024  1565  1690 I LSPosed-Bridge: 5231 PermLabel 10116 AMS.checkPermission: Binder.getCallingPid() = 915; uid = 10116; Binder.getCallingUid() = 1047; getNameForUid: null; getPackagesForUid: null; permName: android.permission.CAMERA; type = 1; res = -1; stacktrace=java.lang.Exception

06-22 15:09:34.024  1565  1690 I LSPosed-Bridge: 	at com.example.permlabel.requirePerm$1$2.afterHookedMethod(requirePerm.java:133)

06-22 15:09:34.024  1565  1690 I LSPosed-Bridge: 	at de.robv.android.xposed.XposedBridge$AdditionalHookInfo.callback(Unknown Source:147)

06-22 15:09:34.024  1565  1690 I LSPosed-Bridge: 	at LSPHooker_.checkPermission(Unknown Source:25)

06-22 15:09:34.024  1565  1690 I LSPosed-Bridge: 	at com.android.server.am.ActivityManagerService$PermissionController.checkPermission(ActivityManagerService.java:9248)

06-22 15:09:34.024  1565  1690 I LSPosed-Bridge: 	at android.os.IPermissionController$Stub.onTransact(IPermissionController.java:56)

06-22 15:09:34.024  1565  1690 I LSPosed-Bridge: 	at android.os.Binder.execTransact(Binder.java:731)

06-22 15:09:34.024   915   915 W ServiceManager: Permission failure: android.permission.CAMERA from uid=10116 pid=5231

06-22 15:09:34.024   915   915 E CameraService: Permission Denial: can't use the camera pid=5231, uid=10116

06-22 15:09:34.128  1565  4159 I LSPosed-Bridge: 5231 PermLabel 10116 AMS.checkPermission: Binder.getCallingPid() = 915; uid = 10116; Binder.getCallingUid() = 1047; getNameForUid: null; getPackagesForUid: null; permName: android.permission.CAMERA; type = 1; res = -1; stacktrace=java.lang.Exception

06-22 15:09:34.128  1565  4159 I LSPosed-Bridge: 	at com.example.permlabel.requirePerm$1$2.afterHookedMethod(requirePerm.java:133)

06-22 15:09:34.128  1565  4159 I LSPosed-Bridge: 	at de.robv.android.xposed.XposedBridge$AdditionalHookInfo.callback(Unknown Source:147)

06-22 15:09:34.128  1565  4159 I LSPosed-Bridge: 	at LSPHooker_.checkPermission(Unknown Source:25)

06-22 15:09:34.128  1565  4159 I LSPosed-Bridge: 	at com.android.server.am.ActivityManagerService$PermissionController.checkPermission(ActivityManagerService.java:9248)

06-22 15:09:34.128  1565  4159 I LSPosed-Bridge: 	at android.os.IPermissionController$Stub.onTransact(IPermissionController.java:56)

06-22 15:09:34.128  1565  4159 I LSPosed-Bridge: 	at android.os.Binder.execTransact(Binder.java:731)

06-22 15:09:34.128   915   915 W ServiceManager: Permission failure: android.permission.CAMERA from uid=10116 pid=5231

06-22 15:09:34.128   915   915 E CameraService: Permission Denial: can't use the camera pid=5231, uid=10116

06-22 15:09:34.232  1565  4159 I LSPosed-Bridge: 5231 PermLabel 10116 AMS.checkPermission: Binder.getCallingPid() = 915; uid = 10116; Binder.getCallingUid() = 1047; getNameForUid: null; getPackagesForUid: null; permName: android.permission.CAMERA; type = 1; res = -1; stacktrace=java.lang.Exception

06-22 15:09:34.232  1565  4159 I LSPosed-Bridge: 	at com.example.permlabel.requirePerm$1$2.afterHookedMethod(requirePerm.java:133)

06-22 15:09:34.232  1565  4159 I LSPosed-Bridge: 	at de.robv.android.xposed.XposedBridge$AdditionalHookInfo.callback(Unknown Source:147)

06-22 15:09:34.232  1565  4159 I LSPosed-Bridge: 	at LSPHooker_.checkPermission(Unknown Source:25)

06-22 15:09:34.232  1565  4159 I LSPosed-Bridge: 	at com.android.server.am.ActivityManagerService$PermissionController.checkPermission(ActivityManagerService.java:9248)

06-22 15:09:34.232  1565  4159 I LSPosed-Bridge: 	at android.os.IPermissionController$Stub.onTransact(IPermissionController.java:56)

06-22 15:09:34.232  1565  4159 I LSPosed-Bridge: 	at android.os.Binder.execTransact(Binder.java:731)

06-22 15:09:34.232   915   915 W ServiceManager: Permission failure: android.permission.CAMERA from uid=10116 pid=5231

06-22 15:09:34.232   915   915 E CameraService: Permission Denial: can't use the camera pid=5231, uid=10116

06-22 15:09:34.336  1565  4159 I LSPosed-Bridge: 5231 PermLabel 10116 AMS.checkPermission: Binder.getCallingPid() = 915; uid = 10116; Binder.getCallingUid() = 1047; getNameForUid: null; getPackagesForUid: null; permName: android.permission.CAMERA; type = 1; res = -1; stacktrace=java.lang.Exception

06-22 15:09:34.336  1565  4159 I LSPosed-Bridge: 	at com.example.permlabel.requirePerm$1$2.afterHookedMethod(requirePerm.java:133)

06-22 15:09:34.336  1565  4159 I LSPosed-Bridge: 	at de.robv.android.xposed.XposedBridge$AdditionalHookInfo.callback(Unknown Source:147)

06-22 15:09:34.336  1565  4159 I LSPosed-Bridge: 	at LSPHooker_.checkPermission(Unknown Source:25)

06-22 15:09:34.336  1565  4159 I LSPosed-Bridge: 	at com.android.server.am.ActivityManagerService$PermissionController.checkPermission(ActivityManagerService.java:9248)

06-22 15:09:34.336  1565  4159 I LSPosed-Bridge: 	at android.os.IPermissionController$Stub.onTransact(IPermissionController.java:56)

06-22 15:09:34.336  1565  4159 I LSPosed-Bridge: 	at android.os.Binder.execTransact(Binder.java:731)

06-22 15:09:34.336   915   915 W ServiceManager: Permission failure: android.permission.CAMERA from uid=10116 pid=5231

06-22 15:09:34.336   915   915 E CameraService: Permission Denial: can't use the camera pid=5231, uid=10116

06-22 15:09:34.439  1565  1690 I LSPosed-Bridge: 5231 PermLabel 10116 AMS.checkPermission: Binder.getCallingPid() = 915; uid = 10116; Binder.getCallingUid() = 1047; getNameForUid: null; getPackagesForUid: null; permName: android.permission.CAMERA; type = 1; res = -1; stacktrace=java.lang.Exception

06-22 15:09:34.439  1565  1690 I LSPosed-Bridge: 	at com.example.permlabel.requirePerm$1$2.afterHookedMethod(requirePerm.java:133)

06-22 15:09:34.439  1565  1690 I LSPosed-Bridge: 	at de.robv.android.xposed.XposedBridge$AdditionalHookInfo.callback(Unknown Source:147)

06-22 15:09:34.439  1565  1690 I LSPosed-Bridge: 	at LSPHooker_.checkPermission(Unknown Source:25)

06-22 15:09:34.439  1565  1690 I LSPosed-Bridge: 	at com.android.server.am.ActivityManagerService$PermissionController.checkPermission(ActivityManagerService.java:9248)

06-22 15:09:34.439  1565  1690 I LSPosed-Bridge: 	at android.os.IPermissionController$Stub.onTransact(IPermissionController.java:56)

06-22 15:09:34.439  1565  1690 I LSPosed-Bridge: 	at android.os.Binder.execTransact(Binder.java:731)

06-22 15:09:34.543  1565  4159 I LSPosed-Bridge: 5231 PermLabel 10116 AMS.checkPermission: Binder.getCallingPid() = 915; uid = 10116; Binder.getCallingUid() = 1047; getNameForUid: null; getPackagesForUid: null; permName: android.permission.CAMERA; type = 1; res = -1; stacktrace=java.lang.Exception

06-22 15:09:34.543  1565  4159 I LSPosed-Bridge: 	at com.example.permlabel.requirePerm$1$2.afterHookedMethod(requirePerm.java:133)

06-22 15:09:34.543  1565  4159 I LSPosed-Bridge: 	at de.robv.android.xposed.XposedBridge$AdditionalHookInfo.callback(Unknown Source:147)

06-22 15:09:34.543  1565  4159 I LSPosed-Bridge: 	at LSPHooker_.checkPermission(Unknown Source:25)

06-22 15:09:34.543  1565  4159 I LSPosed-Bridge: 	at com.android.server.am.ActivityManagerService$PermissionController.checkPermission(ActivityManagerService.java:9248)

06-22 15:09:34.543  1565  4159 I LSPosed-Bridge: 	at android.os.IPermissionController$Stub.onTransact(IPermissionController.java:56)

06-22 15:09:34.543  1565  4159 I LSPosed-Bridge: 	at android.os.Binder.execTransact(Binder.java:731)

06-22 15:09:34.543   915   915 W ServiceManager: Permission failure: android.permission.CAMERA from uid=10116 pid=5231

06-22 15:09:34.646  1565  4159 I LSPosed-Bridge: 5231 PermLabel 10116 AMS.checkPermission: Binder.getCallingPid() = 915; uid = 10116; Binder.getCallingUid() = 1047; getNameForUid: null; getPackagesForUid: null; permName: android.permission.CAMERA; type = 1; res = -1; stacktrace=java.lang.Exception

06-22 15:09:34.646  1565  4159 I LSPosed-Bridge: 	at com.example.permlabel.requirePerm$1$2.afterHookedMethod(requirePerm.java:133)

06-22 15:09:34.646  1565  4159 I LSPosed-Bridge: 	at de.robv.android.xposed.XposedBridge$AdditionalHookInfo.callback(Unknown Source:147)

06-22 15:09:34.646  1565  4159 I LSPosed-Bridge: 	at LSPHooker_.checkPermission(Unknown Source:25)

06-22 15:09:34.646  1565  4159 I LSPosed-Bridge: 	at com.android.server.am.ActivityManagerService$PermissionController.checkPermission(ActivityManagerService.java:9248)

06-22 15:09:34.646  1565  4159 I LSPosed-Bridge: 	at android.os.IPermissionController$Stub.onTransact(IPermissionController.java:56)

06-22 15:09:34.646  1565  4159 I LSPosed-Bridge: 	at android.os.Binder.execTransact(Binder.java:731)

06-22 15:09:34.749  1565  4159 I LSPosed-Bridge: 5231 PermLabel 10116 AMS.checkPermission: Binder.getCallingPid() = 915; uid = 10116; Binder.getCallingUid() = 1047; getNameForUid: null; getPackagesForUid: null; permName: android.permission.CAMERA; type = 1; res = -1; stacktrace=java.lang.Exception

06-22 15:09:34.749  1565  4159 I LSPosed-Bridge: 	at com.example.permlabel.requirePerm$1$2.afterHookedMethod(requirePerm.java:133)

06-22 15:09:34.749  1565  4159 I LSPosed-Bridge: 	at de.robv.android.xposed.XposedBridge$AdditionalHookInfo.callback(Unknown Source:147)

06-22 15:09:34.749  1565  4159 I LSPosed-Bridge: 	at LSPHooker_.checkPermission(Unknown Source:25)

06-22 15:09:34.749  1565  4159 I LSPosed-Bridge: 	at com.android.server.am.ActivityManagerService$PermissionController.checkPermission(ActivityManagerService.java:9248)

06-22 15:09:34.749  1565  4159 I LSPosed-Bridge: 	at android.os.IPermissionController$Stub.onTransact(IPermissionController.java:56)

06-22 15:09:34.749  1565  4159 I LSPosed-Bridge: 	at android.os.Binder.execTransact(Binder.java:731)

06-22 15:09:34.752  5231  5738 I LSPosed-Bridge: 5231 PermLabel 10116 android.permission.CAMERA open cameraId: 0; res= null; stacktrace=java.lang.Exception

06-22 15:09:34.752  5231  5738 I LSPosed-Bridge: 5231 PermLabel 10116 android.permission.CAMERA open cameraId: 0; res= null; stacktrace=java.lang.Exception

06-22 15:09:34.752  5231  5738 I LSPosed-Bridge: 	at com.example.permlabel.hookCamera$3.afterHookedMethod(hookCamera.java:49)

06-22 15:09:34.752  5231  5738 I LSPosed-Bridge: 	at com.example.permlabel.hookCamera$3.afterHookedMethod(hookCamera.java:49)

06-22 15:09:34.752  5231  5738 I LSPosed-Bridge: 	at de.robv.android.xposed.XposedBridge$AdditionalHookInfo.callback(Unknown Source:147)

06-22 15:09:34.752  5231  5738 I LSPosed-Bridge: 	at de.robv.android.xposed.XposedBridge$AdditionalHookInfo.callback(Unknown Source:147)

06-22 15:09:34.752  5231  5738 I LSPosed-Bridge: 	at LSPHooker_.open(Unknown Source:12)

06-22 15:09:34.752  5231  5738 I LSPosed-Bridge: 	at LSPHooker_.open(Unknown Source:12)

06-22 15:09:34.752  5231  5738 I LSPosed-Bridge: 	at org.chromium.media.VideoCaptureFactory.isZoomSupported(chromium-Monochrome.aab-stable-573513121:10)

06-22 15:09:34.752  5231  5738 I LSPosed-Bridge: 	at org.chromium.media.VideoCaptureFactory.isZoomSupported(chromium-Monochrome.aab-stable-573513121:10)

06-22 15:09:34.752  5231  5738 I LSPosed-Bridge: 5231 PermLabel 10116 android.permission.CAMERA open cameraId: 0; res= null; stacktrace=java.lang.Exception

06-22 15:09:34.752  5231  5738 I LSPosed-Bridge: 5231 PermLabel 10116 android.permission.CAMERA open cameraId: 0; res= null; stacktrace=java.lang.Exception

06-22 15:09:34.752  5231  5738 I LSPosed-Bridge: 	at com.example.permlabel.hookCamera$3.afterHookedMethod(hookCamera.java:49)

06-22 15:09:34.752  5231  5738 I LSPosed-Bridge: 	at com.example.permlabel.hookCamera$3.afterHookedMethod(hookCamera.java:49)

06-22 15:09:34.752  5231  5738 I LSPosed-Bridge: 	at de.robv.android.xposed.XposedBridge$AdditionalHookInfo.callback(Unknown Source:147)

06-22 15:09:34.752  5231  5738 I LSPosed-Bridge: 	at de.robv.android.xposed.XposedBridge$AdditionalHookInfo.callback(Unknown Source:147)

06-22 15:09:34.752  5231  5738 I LSPosed-Bridge: 	at LSPHooker_.open(Unknown Source:12)

06-22 15:09:34.752  5231  5738 I LSPosed-Bridge: 	at LSPHooker_.open(Unknown Source:12)

06-22 15:09:34.752  5231  5738 I LSPosed-Bridge: 	at org.chromium.media.VideoCaptureFactory.isZoomSupported(chromium-Monochrome.aab-stable-573513121:10)

06-22 15:09:34.752  5231  5738 I LSPosed-Bridge: 	at org.chromium.media.VideoCaptureFactory.isZoomSupported(chromium-Monochrome.aab-stable-573513121:10)

06-22 15:09:34.754  2162  2162 I QcrilOemhookMsgTunnel: [0]invokeOemRilRequestRaw: serial=1166 length=24

06-22 15:09:34.754  5231  5738 I LSPosed-Bridge: 5231 PermLabel 10116 android.permission.CAMERA open cameraId: 0; res= null; stacktrace=java.lang.Exception

06-22 15:09:34.754  5231  5738 I LSPosed-Bridge: 	at com.example.permlabel.hookCamera$3.afterHookedMethod(hookCamera.java:49)

06-22 15:09:34.754  5231  5738 I LSPosed-Bridge: 	at de.robv.android.xposed.XposedBridge$AdditionalHookInfo.callback(Unknown Source:147)

06-22 15:09:34.754  5231  5738 I LSPosed-Bridge: 	at LSPHooker_.open(Unknown Source:12)

06-22 15:09:34.754  5231  5738 I LSPosed-Bridge: 	at org.chromium.media.VideoCaptureFactory.isZoomSupported(chromium-Monochrome.aab-stable-573513121:10)

06-22 15:09:34.763  1565  4159 I LSPosed-Bridge: 5231 PermLabel 10116 AMS.checkPermission: Binder.getCallingPid() = 915; uid = 10116; Binder.getCallingUid() = 1047; getNameForUid: null; getPackagesForUid: null; permName: android.permission.CAMERA; type = 1; res = -1; stacktrace=java.lang.Exception

06-22 15:09:34.763  1565  4159 I LSPosed-Bridge: 	at com.example.permlabel.requirePerm$1$2.afterHookedMethod(requirePerm.java:133)

06-22 15:09:34.763  1565  4159 I LSPosed-Bridge: 	at de.robv.android.xposed.XposedBridge$AdditionalHookInfo.callback(Unknown Source:147)

06-22 15:09:34.763  1565  4159 I LSPosed-Bridge: 	at LSPHooker_.checkPermission(Unknown Source:25)

06-22 15:09:34.763  1565  4159 I LSPosed-Bridge: 	at com.android.server.am.ActivityManagerService$PermissionController.checkPermission(ActivityManagerService.java:9248)

06-22 15:09:34.763  1565  4159 I LSPosed-Bridge: 	at android.os.IPermissionController$Stub.onTransact(IPermissionController.java:56)

06-22 15:09:34.763  1565  4159 I LSPosed-Bridge: 	at android.os.Binder.execTransact(Binder.java:731)

06-22 15:09:34.866  1565  4159 I LSPosed-Bridge: 5231 PermLabel 10116 AMS.checkPermission: Binder.getCallingPid() = 915; uid = 10116; Binder.getCallingUid() = 1047; getNameForUid: null; getPackagesForUid: null; permName: android.permission.CAMERA; type = 1; res = -1; stacktrace=java.lang.Exception

06-22 15:09:34.866  1565  4159 I LSPosed-Bridge: 	at com.example.permlabel.requirePerm$1$2.afterHookedMethod(requirePerm.java:133)

06-22 15:09:34.866  1565  4159 I LSPosed-Bridge: 	at de.robv.android.xposed.XposedBridge$AdditionalHookInfo.callback(Unknown Source:147)

06-22 15:09:34.866  1565  4159 I LSPosed-Bridge: 	at LSPHooker_.checkPermission(Unknown Source:25)

06-22 15:09:34.866  1565  4159 I LSPosed-Bridge: 	at com.android.server.am.ActivityManagerService$PermissionController.checkPermission(ActivityManagerService.java:9248)

06-22 15:09:34.866  1565  4159 I LSPosed-Bridge: 	at android.os.IPermissionController$Stub.onTransact(IPermissionController.java:56)

06-22 15:09:34.866  1565  4159 I LSPosed-Bridge: 	at android.os.Binder.execTransact(Binder.java:731)

06-22 15:09:34.970  1565  4159 I LSPosed-Bridge: 5231 PermLabel 10116 AMS.checkPermission: Binder.getCallingPid() = 915; uid = 10116; Binder.getCallingUid() = 1047; getNameForUid: null; getPackagesForUid: null; permName: android.permission.CAMERA; type = 1; res = -1; stacktrace=java.lang.Exception

06-22 15:09:34.970  1565  4159 I LSPosed-Bridge: 	at com.example.permlabel.requirePerm$1$2.afterHookedMethod(requirePerm.java:133)

06-22 15:09:34.970  1565  4159 I LSPosed-Bridge: 	at de.robv.android.xposed.XposedBridge$AdditionalHookInfo.callback(Unknown Source:147)

06-22 15:09:34.970  1565  4159 I LSPosed-Bridge: 	at LSPHooker_.checkPermission(Unknown Source:25)

06-22 15:09:34.970  1565  4159 I LSPosed-Bridge: 	at com.android.server.am.ActivityManagerService$PermissionController.checkPermission(ActivityManagerService.java:9248)

06-22 15:09:34.970  1565  4159 I LSPosed-Bridge: 	at android.os.IPermissionController$Stub.onTransact(IPermissionController.java:56)

06-22 15:09:34.970  1565  4159 I LSPosed-Bridge: 	at android.os.Binder.execTransact(Binder.java:731)

06-22 15:09:35.075  1565  4159 I LSPosed-Bridge: 5231 PermLabel 10116 AMS.checkPermission: Binder.getCallingPid() = 915; uid = 10116; Binder.getCallingUid() = 1047; getNameForUid: null; getPackagesForUid: null; permName: android.permission.CAMERA; type = 1; res = -1; stacktrace=java.lang.Exception

06-22 15:09:35.075  1565  4159 I LSPosed-Bridge: 	at com.example.permlabel.requirePerm$1$2.afterHookedMethod(requirePerm.java:133)

06-22 15:09:35.075  1565  4159 I LSPosed-Bridge: 	at de.robv.android.xposed.XposedBridge$AdditionalHookInfo.callback(Unknown Source:147)

06-22 15:09:35.075  1565  4159 I LSPosed-Bridge: 	at LSPHooker_.checkPermission(Unknown Source:25)

06-22 15:09:35.075  1565  4159 I LSPosed-Bridge: 	at com.android.server.am.ActivityManagerService$PermissionController.checkPermission(ActivityManagerService.java:9248)

06-22 15:09:35.075  1565  4159 I LSPosed-Bridge: 	at android.os.IPermissionController$Stub.onTransact(IPermissionController.java:56)

06-22 15:09:35.075  1565  4159 I LSPosed-Bridge: 	at android.os.Binder.execTransact(Binder.java:731)

06-22 15:09:35.075   915  5648 W ServiceManager: Permission failure: android.permission.CAMERA from uid=10116 pid=5231

06-22 15:09:35.075   915  5648 E CameraService: Permission Denial: can't use the camera pid=5231, uid=10116

06-22 15:09:35.075   555   555 I ConfigStore: android::hardware::configstore::V1_0::ISurfaceFlingerConfigs::hasHDRDisplay retrieved: 0

06-22 15:09:35.177  1565  4159 I LSPosed-Bridge: 5231 PermLabel 10116 AMS.checkPermission: Binder.getCallingPid() = 915; uid = 10116; Binder.getCallingUid() = 1047; getNameForUid: null; getPackagesForUid: null; permName: android.permission.CAMERA; type = 1; res = -1; stacktrace=java.lang.Exception

06-22 15:09:35.177  1565  4159 I LSPosed-Bridge: 	at com.example.permlabel.requirePerm$1$2.afterHookedMethod(requirePerm.java:133)

06-22 15:09:35.177  1565  4159 I LSPosed-Bridge: 	at de.robv.android.xposed.XposedBridge$AdditionalHookInfo.callback(Unknown Source:147)

06-22 15:09:35.177  1565  4159 I LSPosed-Bridge: 	at LSPHooker_.checkPermission(Unknown Source:25)

06-22 15:09:35.177  1565  4159 I LSPosed-Bridge: 	at com.android.server.am.ActivityManagerService$PermissionController.checkPermission(ActivityManagerService.java:9248)

06-22 15:09:35.177  1565  4159 I LSPosed-Bridge: 	at android.os.IPermissionController$Stub.onTransact(IPermissionController.java:56)

06-22 15:09:35.177  1565  4159 I LSPosed-Bridge: 	at android.os.Binder.execTransact(Binder.java:731)

06-22 15:09:35.281  1565  4159 I LSPosed-Bridge: 5231 PermLabel 10116 AMS.checkPermission: Binder.getCallingPid() = 915; uid = 10116; Binder.getCallingUid() = 1047; getNameForUid: null; getPackagesForUid: null; permName: android.permission.CAMERA; type = 1; res = -1; stacktrace=java.lang.Exception

06-22 15:09:35.281  1565  4159 I LSPosed-Bridge: 	at com.example.permlabel.requirePerm$1$2.afterHookedMethod(requirePerm.java:133)

06-22 15:09:35.281  1565  4159 I LSPosed-Bridge: 	at de.robv.android.xposed.XposedBridge$AdditionalHookInfo.callback(Unknown Source:147)

06-22 15:09:35.281  1565  4159 I LSPosed-Bridge: 	at LSPHooker_.checkPermission(Unknown Source:25)

06-22 15:09:35.281  1565  4159 I LSPosed-Bridge: 	at com.android.server.am.ActivityManagerService$PermissionController.checkPermission(ActivityManagerService.java:9248)

06-22 15:09:35.281  1565  4159 I LSPosed-Bridge: 	at android.os.IPermissionController$Stub.onTransact(IPermissionController.java:56)

06-22 15:09:35.281  1565  4159 I LSPosed-Bridge: 	at android.os.Binder.execTransact(Binder.java:731)

06-22 15:09:35.385  1565  4159 I LSPosed-Bridge: 5231 PermLabel 10116 AMS.checkPermission: Binder.getCallingPid() = 915; uid = 10116; Binder.getCallingUid() = 1047; getNameForUid: null; getPackagesForUid: null; permName: android.permission.CAMERA; type = 1; res = -1; stacktrace=java.lang.Exception

06-22 15:09:35.385  1565  4159 I LSPosed-Bridge: 	at com.example.permlabel.requirePerm$1$2.afterHookedMethod(requirePerm.java:133)

06-22 15:09:35.385  1565  4159 I LSPosed-Bridge: 	at de.robv.android.xposed.XposedBridge$AdditionalHookInfo.callback(Unknown Source:147)

06-22 15:09:35.385  1565  4159 I LSPosed-Bridge: 	at LSPHooker_.checkPermission(Unknown Source:25)

06-22 15:09:35.385  1565  4159 I LSPosed-Bridge: 	at com.android.server.am.ActivityManagerService$PermissionController.checkPermission(ActivityManagerService.java:9248)

06-22 15:09:35.385  1565  4159 I LSPosed-Bridge: 	at android.os.IPermissionController$Stub.onTransact(IPermissionController.java:56)

06-22 15:09:35.385  1565  4159 I LSPosed-Bridge: 	at android.os.Binder.execTransact(Binder.java:731)

06-22 15:09:35.385   915  5648 W ServiceManager: Permission failure: android.permission.CAMERA from uid=10116 pid=5231

06-22 15:09:35.385   915  5648 E CameraService: Permission Denial: can't use the camera pid=5231, uid=10116

06-22 15:09:35.488  1565  4159 I LSPosed-Bridge: 5231 PermLabel 10116 AMS.checkPermission: Binder.getCallingPid() = 915; uid = 10116; Binder.getCallingUid() = 1047; getNameForUid: null; getPackagesForUid: null; permName: android.permission.CAMERA; type = 1; res = -1; stacktrace=java.lang.Exception

06-22 15:09:35.488  1565  4159 I LSPosed-Bridge: 	at com.example.permlabel.requirePerm$1$2.afterHookedMethod(requirePerm.java:133)

06-22 15:09:35.488  1565  4159 I LSPosed-Bridge: 	at de.robv.android.xposed.XposedBridge$AdditionalHookInfo.callback(Unknown Source:147)

06-22 15:09:35.488  1565  4159 I LSPosed-Bridge: 	at LSPHooker_.checkPermission(Unknown Source:25)

06-22 15:09:35.488  1565  4159 I LSPosed-Bridge: 	at com.android.server.am.ActivityManagerService$PermissionController.checkPermission(ActivityManagerService.java:9248)

06-22 15:09:35.488  1565  4159 I LSPosed-Bridge: 	at android.os.IPermissionController$Stub.onTransact(IPermissionController.java:56)

06-22 15:09:35.488  1565  4159 I LSPosed-Bridge: 	at android.os.Binder.execTransact(Binder.java:731)

06-22 15:09:35.488   915  5648 W ServiceManager: Permission failure: android.permission.CAMERA from uid=10116 pid=5231

06-22 15:09:35.488   915  5648 E CameraService: Permission Denial: can't use the camera pid=5231, uid=10116

06-22 15:09:35.591  1565  4159 I LSPosed-Bridge: 5231 PermLabel 10116 AMS.checkPermission: Binder.getCallingPid() = 915; uid = 10116; Binder.getCallingUid() = 1047; getNameForUid: null; getPackagesForUid: null; permName: android.permission.CAMERA; type = 1; res = -1; stacktrace=java.lang.Exception

06-22 15:09:35.591  1565  4159 I LSPosed-Bridge: 	at com.example.permlabel.requirePerm$1$2.afterHookedMethod(requirePerm.java:133)

06-22 15:09:35.591  1565  4159 I LSPosed-Bridge: 	at de.robv.android.xposed.XposedBridge$AdditionalHookInfo.callback(Unknown Source:147)

06-22 15:09:35.591  1565  4159 I LSPosed-Bridge: 	at LSPHooker_.checkPermission(Unknown Source:25)

06-22 15:09:35.591  1565  4159 I LSPosed-Bridge: 	at com.android.server.am.ActivityManagerService$PermissionController.checkPermission(ActivityManagerService.java:9248)

06-22 15:09:35.591  1565  4159 I LSPosed-Bridge: 	at android.os.IPermissionController$Stub.onTransact(IPermissionController.java:56)

06-22 15:09:35.591  1565  4159 I LSPosed-Bridge: 	at android.os.Binder.execTransact(Binder.java:731)

06-22 15:09:35.594  5231  5738 I LSPosed-Bridge: 5231 PermLabel 10116 android.permission.CAMERA open cameraId: 0; res= null; stacktrace=java.lang.Exception

06-22 15:09:35.594  5231  5738 I LSPosed-Bridge: 	at com.example.permlabel.hookCamera$3.afterHookedMethod(hookCamera.java:49)

06-22 15:09:35.594  5231  5738 I LSPosed-Bridge: 	at de.robv.android.xposed.XposedBridge$AdditionalHookInfo.callback(Unknown Source:147)

06-22 15:09:35.594  5231  5738 I LSPosed-Bridge: 	at LSPHooker_.open(Unknown Source:12)

06-22 15:09:35.594  5231  5738 I LSPosed-Bridge: 	at org.chromium.media.VideoCaptureFactory.getDeviceSupportedFormats(chromium-Monochrome.aab-stable-573513121:13)

06-22 15:09:35.594  5231  5738 I chatty  : uid=10116(com.kinggames.couplelife.huawei) ThreadPoolSingl identical 1 line

06-22 15:09:35.595  5231  5738 I LSPosed-Bridge: 5231 PermLabel 10116 android.permission.CAMERA open cameraId: 0; res= null; stacktrace=java.lang.Exception

06-22 15:09:35.595  5231  5738 I LSPosed-Bridge: 	at com.example.permlabel.hookCamera$3.afterHookedMethod(hookCamera.java:49)

06-22 15:09:35.595  5231  5738 I LSPosed-Bridge: 	at de.robv.android.xposed.XposedBridge$AdditionalHookInfo.callback(Unknown Source:147)

06-22 15:09:35.595  5231  5738 I LSPosed-Bridge: 	at LSPHooker_.open(Unknown Source:12)

06-22 15:09:35.595  5231  5738 I LSPosed-Bridge: 	at org.chromium.media.VideoCaptureFactory.getDeviceSupportedFormats(chromium-Monochrome.aab-stable-573513121:13)

06-22 15:09:35.595  5231  5738 E cr_VideoCapture: Camera.open: 

06-22 15:09:35.595  5231  5738 E cr_VideoCapture: java.lang.RuntimeException: Fail to connect to camera service

06-22 15:09:35.595  5231  5738 E cr_VideoCapture: 	at android.hardware.Camera.<init>(Camera.java:669)

06-22 15:09:35.595  5231  5738 E cr_VideoCapture: 	at android.hardware.Camera.open(Camera.java:460)

06-22 15:09:35.595  5231  5738 E cr_VideoCapture: 	at java.lang.reflect.Method.invoke(Native Method)

06-22 15:09:35.595  5231  5738 E cr_VideoCapture: 	at org.lsposed.lspd.nativebridge.HookBridge.invokeOriginalMethod(Native Method)

06-22 15:09:35.595  5231  5738 E cr_VideoCapture: 	at de.robv.android.xposed.XposedBridge$AdditionalHookInfo.callback(Unknown Source:110)

06-22 15:09:35.595  5231  5738 E cr_VideoCapture: 	at LSPHooker_.open(Unknown Source:12)

06-22 15:09:35.595  5231  5738 E cr_VideoCapture: 	at org.chromium.media.VideoCaptureFactory.getDeviceSupportedFormats(chromium-Monochrome.aab-stable-573513121:13)

06-22 15:11:50.905  5231  5738 I LSPosed-Bridge: 5231 PermLabel 10116 android.permission.CAMERA getCameraInfo args0: 1; args1: android.hardware.Camera$CameraInfo@2175a32; res= null; stacktrace=java.lang.Exception

06-22 15:11:50.905  5231  5738 I LSPosed-Bridge: 	at com.example.permlabel.hookCamera$1.afterHookedMethod(hookCamera.java:21)

06-22 15:11:50.905  5231  5738 I LSPosed-Bridge: 	at de.robv.android.xposed.XposedBridge$AdditionalHookInfo.callback(Unknown Source:147)

06-22 15:11:50.905  5231  5738 I LSPosed-Bridge: 	at LSPHooker_.getCameraInfo(Unknown Source:15)

06-22 15:11:50.905  5231  5738 I LSPosed-Bridge: 	at z74.e(chromium-Monochrome.aab-stable-573513121:6)

06-22 15:11:50.905  5231  5738 I LSPosed-Bridge: 	at org.chromium.media.VideoCaptureFactory.getDeviceName(chromium-Monochrome.aab-stable-573513121:15)

06-22 15:11:50.905  5231  5738 I chatty  : uid=10116(com.kinggames.couplelife.huawei) ThreadPoolSingl identical 1 line

06-22 15:11:50.906  5231  5738 I LSPosed-Bridge: 5231 PermLabel 10116 android.permission.CAMERA getCameraInfo args0: 1; args1: android.hardware.Camera$CameraInfo@2175a32; res= null; stacktrace=java.lang.Exception

06-22 15:11:50.906  5231  5738 I LSPosed-Bridge: 	at com.example.permlabel.hookCamera$1.afterHookedMethod(hookCamera.java:21)

06-22 15:11:50.906  5231  5738 I LSPosed-Bridge: 	at de.robv.android.xposed.XposedBridge$AdditionalHookInfo.callback(Unknown Source:147)

06-22 15:11:50.906  5231  5738 I LSPosed-Bridge: 	at LSPHooker_.getCameraInfo(Unknown Source:15)

06-22 15:11:50.906  5231  5738 I LSPosed-Bridge: 	at z74.e(chromium-Monochrome.aab-stable-573513121:6)

06-22 15:11:50.906  5231  5738 I LSPosed-Bridge: 	at org.chromium.media.VideoCaptureFactory.getDeviceName(chromium-Monochrome.aab-stable-573513121:15)

06-22 15:11:50.926  5231  5738 I LSPosed-Bridge: 5231 PermLabel 10116 android.permission.CAMERA getCameraInfo args0: 1; args1: android.hardware.Camera$CameraInfo@8dce77e; res= null; stacktrace=java.lang.Exception

06-22 15:11:50.926  5231  5738 I LSPosed-Bridge: 	at com.example.permlabel.hookCamera$1.afterHookedMethod(hookCamera.java:21)

06-22 15:11:50.926  5231  5738 I LSPosed-Bridge: 	at de.robv.android.xposed.XposedBridge$AdditionalHookInfo.callback(Unknown Source:147)

06-22 15:11:50.926  5231  5738 I LSPosed-Bridge: 	at LSPHooker_.getCameraInfo(Unknown Source:15)

06-22 15:11:50.926  5231  5738 I LSPosed-Bridge: 	at z74.e(chromium-Monochrome.aab-stable-573513121:6)

06-22 15:11:50.926  5231  5738 I LSPosed-Bridge: 	at org.chromium.media.VideoCaptureFactory.getCaptureApiType(chromium-Monochrome.aab-stable-573513121:8)

06-22 15:11:50.926  5231  5738 I chatty  : uid=10116(com.kinggames.couplelife.huawei) ThreadPoolSingl identical 1 line

06-22 15:11:50.927  5231  5738 I LSPosed-Bridge: 5231 PermLabel 10116 android.permission.CAMERA getCameraInfo args0: 1; args1: android.hardware.Camera$CameraInfo@8dce77e; res= null; stacktrace=java.lang.Exception

06-22 15:11:50.927  5231  5738 I LSPosed-Bridge: 	at com.example.permlabel.hookCamera$1.afterHookedMethod(hookCamera.java:21)

06-22 15:11:50.927  5231  5738 I LSPosed-Bridge: 	at de.robv.android.xposed.XposedBridge$AdditionalHookInfo.callback(Unknown Source:147)

06-22 15:11:50.927  5231  5738 I LSPosed-Bridge: 	at LSPHooker_.getCameraInfo(Unknown Source:15)

06-22 15:11:50.927  5231  5738 I LSPosed-Bridge: 	at z74.e(chromium-Monochrome.aab-stable-573513121:6)

06-22 15:11:50.927  5231  5738 I LSPosed-Bridge: 	at org.chromium.media.VideoCaptureFactory.getCaptureApiType(chromium-Monochrome.aab-stable-573513121:8)

06-22 15:11:50.935  5231  5738 I LSPosed-Bridge: 5231 PermLabel 10116 android.permission.CAMERA getCameraInfo args0: 1; args1: android.hardware.Camera$CameraInfo@4dbfd8a; res= null; stacktrace=java.lang.Exception

06-22 15:11:50.935  5231  5738 I LSPosed-Bridge: 	at com.example.permlabel.hookCamera$1.afterHookedMethod(hookCamera.java:21)

06-22 15:11:50.935  5231  5738 I LSPosed-Bridge: 	at de.robv.android.xposed.XposedBridge$AdditionalHookInfo.callback(Unknown Source:147)

06-22 15:11:50.935  5231  5738 I LSPosed-Bridge: 	at LSPHooker_.getCameraInfo(Unknown Source:15)

06-22 15:11:50.935  5231  5738 I LSPosed-Bridge: 	at z74.e(chromium-Monochrome.aab-stable-573513121:6)

06-22 15:11:50.935  5231  5738 I LSPosed-Bridge: 	at org.chromium.media.VideoCaptureFactory.getFacingMode(chromium-Monochrome.aab-stable-573513121:10)

06-22 15:11:50.935  5231  5738 I chatty  : uid=10116(com.kinggames.couplelife.huawei) ThreadPoolSingl identical 1 line

06-22 15:11:50.936  5231  5738 I LSPosed-Bridge: 5231 PermLabel 10116 android.permission.CAMERA getCameraInfo args0: 1; args1: android.hardware.Camera$CameraInfo@4dbfd8a; res= null; stacktrace=java.lang.Exception

06-22 15:11:50.936  5231  5738 I LSPosed-Bridge: 	at com.example.permlabel.hookCamera$1.afterHookedMethod(hookCamera.java:21)

06-22 15:11:50.936  5231  5738 I LSPosed-Bridge: 	at de.robv.android.xposed.XposedBridge$AdditionalHookInfo.callback(Unknown Source:147)

06-22 15:11:50.936  5231  5738 I LSPosed-Bridge: 	at LSPHooker_.getCameraInfo(Unknown Source:15)

06-22 15:11:50.936  5231  5738 I LSPosed-Bridge: 	at z74.e(chromium-Monochrome.aab-stable-573513121:6)

06-22 15:11:50.936  5231  5738 I LSPosed-Bridge: 	at org.chromium.media.VideoCaptureFactory.getFacingMode(chromium-Monochrome.aab-stable-573513121:10)

06-22 15:11:50.943  5231  5738 I LSPosed-Bridge: 5231 PermLabel 10116 android.permission.CAMERA getCameraInfo args0: 0; args1: android.hardware.Camera$CameraInfo@9046856; res= null; stacktrace=java.lang.Exception

06-22 15:11:50.943  5231  5738 I LSPosed-Bridge: 5231 PermLabel 10116 android.permission.CAMERA getCameraInfo args0: 0; args1: android.hardware.Camera$CameraInfo@9046856; res= null; stacktrace=java.lang.Exception

06-22 15:11:50.943  5231  5738 I LSPosed-Bridge: 	at com.example.permlabel.hookCamera$1.afterHookedMethod(hookCamera.java:21)

06-22 15:11:50.943  5231  5738 I LSPosed-Bridge: 	at com.example.permlabel.hookCamera$1.afterHookedMethod(hookCamera.java:21)

06-22 15:11:50.943  5231  5738 I LSPosed-Bridge: 	at de.robv.android.xposed.XposedBridge$AdditionalHookInfo.callback(Unknown Source:147)

06-22 15:11:50.943  5231  5738 I LSPosed-Bridge: 	at de.robv.android.xposed.XposedBridge$AdditionalHookInfo.callback(Unknown Source:147)

06-22 15:11:50.943  5231  5738 I LSPosed-Bridge: 	at LSPHooker_.getCameraInfo(Unknown Source:15)

06-22 15:11:50.943  5231  5738 I LSPosed-Bridge: 	at LSPHooker_.getCameraInfo(Unknown Source:15)

06-22 15:11:50.943  5231  5738 I LSPosed-Bridge: 	at z74.e(chromium-Monochrome.aab-stable-573513121:6)

06-22 15:11:50.943  5231  5738 I LSPosed-Bridge: 	at z74.e(chromium-Monochrome.aab-stable-573513121:6)

06-22 15:11:50.943  5231  5738 I LSPosed-Bridge: 	at org.chromium.media.VideoCaptureFactory.getDeviceName(chromium-Monochrome.aab-stable-573513121:15)

06-22 15:11:50.943  5231  5738 I LSPosed-Bridge: 	at org.chromium.media.VideoCaptureFactory.getDeviceName(chromium-Monochrome.aab-stable-573513121:15)

06-22 15:11:50.943  5231  5738 I chatty  : uid=10116(com.kinggames.couplelife.huawei) ThreadPoolSingl identical 1 line

06-22 15:11:50.943  5231  5738 I chatty  : uid=10116(com.kinggames.couplelife.huawei) ThreadPoolSingl identical 1 line

06-22 15:11:50.943  5231  5738 I LSPosed-Bridge: 5231 PermLabel 10116 android.permission.CAMERA getCameraInfo args0: 0; args1: android.hardware.Camera$CameraInfo@9046856; res= null; stacktrace=java.lang.Exception

06-22 15:11:50.943  5231  5738 I LSPosed-Bridge: 5231 PermLabel 10116 android.permission.CAMERA getCameraInfo args0: 0; args1: android.hardware.Camera$CameraInfo@9046856; res= null; stacktrace=java.lang.Exception

06-22 15:11:50.943  5231  5738 I LSPosed-Bridge: 	at com.example.permlabel.hookCamera$1.afterHookedMethod(hookCamera.java:21)

06-22 15:11:50.943  5231  5738 I LSPosed-Bridge: 	at com.example.permlabel.hookCamera$1.afterHookedMethod(hookCamera.java:21)

06-22 15:11:50.943  5231  5738 I LSPosed-Bridge: 	at de.robv.android.xposed.XposedBridge$AdditionalHookInfo.callback(Unknown Source:147)

06-22 15:11:50.943  5231  5738 I LSPosed-Bridge: 	at de.robv.android.xposed.XposedBridge$AdditionalHookInfo.callback(Unknown Source:147)

06-22 15:11:50.943  5231  5738 I LSPosed-Bridge: 	at LSPHooker_.getCameraInfo(Unknown Source:15)

06-22 15:11:50.943  5231  5738 I LSPosed-Bridge: 	at LSPHooker_.getCameraInfo(Unknown Source:15)

06-22 15:11:50.943  5231  5738 I LSPosed-Bridge: 	at z74.e(chromium-Monochrome.aab-stable-573513121:6)

06-22 15:11:50.943  5231  5738 I LSPosed-Bridge: 	at z74.e(chromium-Monochrome.aab-stable-573513121:6)

06-22 15:11:50.943  5231  5738 I LSPosed-Bridge: 	at org.chromium.media.VideoCaptureFactory.getDeviceName(chromium-Monochrome.aab-stable-573513121:15)

06-22 15:11:50.943  5231  5738 I LSPosed-Bridge: 	at org.chromium.media.VideoCaptureFactory.getDeviceName(chromium-Monochrome.aab-stable-573513121:15)

06-22 15:11:50.955  5231  5738 I LSPosed-Bridge: 5231 PermLabel 10116 android.permission.CAMERA getCameraInfo args0: 0; args1: android.hardware.Camera$CameraInfo@576b3e2; res= null; stacktrace=java.lang.Exception

06-22 15:11:50.955  5231  5738 I LSPosed-Bridge: 	at com.example.permlabel.hookCamera$1.afterHookedMethod(hookCamera.java:21)

06-22 15:11:50.955  5231  5738 I LSPosed-Bridge: 	at de.robv.android.xposed.XposedBridge$AdditionalHookInfo.callback(Unknown Source:147)

06-22 15:11:50.955  5231  5738 I LSPosed-Bridge: 	at LSPHooker_.getCameraInfo(Unknown Source:15)

06-22 15:11:50.955  5231  5738 I LSPosed-Bridge: 	at z74.e(chromium-Monochrome.aab-stable-573513121:6)

06-22 15:11:50.955  5231  5738 I LSPosed-Bridge: 	at org.chromium.media.VideoCaptureFactory.getCaptureApiType(chromium-Monochrome.aab-stable-573513121:8)

06-22 15:11:50.955  5231  5738 I chatty  : uid=10116(com.kinggames.couplelife.huawei) ThreadPoolSingl identical 1 line

06-22 15:11:50.956  5231  5738 I LSPosed-Bridge: 5231 PermLabel 10116 android.permission.CAMERA getCameraInfo args0: 0; args1: android.hardware.Camera$CameraInfo@576b3e2; res= null; stacktrace=java.lang.Exception

06-22 15:11:50.956  5231  5738 I LSPosed-Bridge: 	at com.example.permlabel.hookCamera$1.afterHookedMethod(hookCamera.java:21)

06-22 15:11:50.956  5231  5738 I LSPosed-Bridge: 	at de.robv.android.xposed.XposedBridge$AdditionalHookInfo.callback(Unknown Source:147)

06-22 15:11:50.956  5231  5738 I LSPosed-Bridge: 	at LSPHooker_.getCameraInfo(Unknown Source:15)

06-22 15:11:50.956  5231  5738 I LSPosed-Bridge: 	at z74.e(chromium-Monochrome.aab-stable-573513121:6)

06-22 15:11:50.956  5231  5738 I LSPosed-Bridge: 	at org.chromium.media.VideoCaptureFactory.getCaptureApiType(chromium-Monochrome.aab-stable-573513121:8)

06-22 15:11:50.943  5231  5231 W ThreadPoolSingl: type=1400 audit(0.0:1433): avc: denied { read } for name="u:object_r:vendor_camera_prop:s0" dev="tmpfs" ino=16513 scontext=u:r:untrusted_app:s0:c116,c256,c512,c768 tcontext=u:object_r:vendor_camera_prop:s0 tclass=file permissive=0

06-22 15:11:50.943  5231  5231 W ThreadPoolSingl: type=1400 audit(0.0:1433): avc: denied { read } for name="u:object_r:vendor_camera_prop:s0" dev="tmpfs" ino=16513 scontext=u:r:untrusted_app:s0:c116,c256,c512,c768 tcontext=u:object_r:vendor_camera_prop:s0 tclass=file permissive=0

06-22 15:11:50.963  5231  5738 I LSPosed-Bridge: 5231 PermLabel 10116 android.permission.CAMERA getCameraInfo args0: 0; args1: android.hardware.Camera$CameraInfo@9d02c2e; res= null; stacktrace=java.lang.Exception

06-22 15:11:50.963  5231  5738 I LSPosed-Bridge: 5231 PermLabel 10116 android.permission.CAMERA getCameraInfo args0: 0; args1: android.hardware.Camera$CameraInfo@9d02c2e; res= null; stacktrace=java.lang.Exception

06-22 15:11:50.963  5231  5738 I LSPosed-Bridge: 	at com.example.permlabel.hookCamera$1.afterHookedMethod(hookCamera.java:21)

06-22 15:11:50.963  5231  5738 I LSPosed-Bridge: 	at com.example.permlabel.hookCamera$1.afterHookedMethod(hookCamera.java:21)

06-22 15:11:50.963  5231  5738 I LSPosed-Bridge: 	at de.robv.android.xposed.XposedBridge$AdditionalHookInfo.callback(Unknown Source:147)

06-22 15:11:50.963  5231  5738 I LSPosed-Bridge: 	at de.robv.android.xposed.XposedBridge$AdditionalHookInfo.callback(Unknown Source:147)

06-22 15:11:50.963  5231  5738 I LSPosed-Bridge: 	at LSPHooker_.getCameraInfo(Unknown Source:15)

06-22 15:11:50.963  5231  5738 I LSPosed-Bridge: 	at LSPHooker_.getCameraInfo(Unknown Source:15)

06-22 15:11:50.963  5231  5738 I LSPosed-Bridge: 	at z74.e(chromium-Monochrome.aab-stable-573513121:6)

06-22 15:11:50.963  5231  5738 I LSPosed-Bridge: 	at z74.e(chromium-Monochrome.aab-stable-573513121:6)

06-22 15:11:50.963  5231  5738 I LSPosed-Bridge: 	at org.chromium.media.VideoCaptureFactory.getFacingMode(chromium-Monochrome.aab-stable-573513121:10)

06-22 15:11:50.963  5231  5738 I LSPosed-Bridge: 	at org.chromium.media.VideoCaptureFactory.getFacingMode(chromium-Monochrome.aab-stable-573513121:10)

06-22 15:11:50.963  5231  5738 I chatty  : uid=10116(com.kinggames.couplelife.huawei) ThreadPoolSingl identical 1 line

06-22 15:11:50.963  5231  5738 I chatty  : uid=10116(com.kinggames.couplelife.huawei) ThreadPoolSingl identical 1 line

06-22 15:11:50.963  5231  5738 I LSPosed-Bridge: 5231 PermLabel 10116 android.permission.CAMERA getCameraInfo args0: 0; args1: android.hardware.Camera$CameraInfo@9d02c2e; res= null; stacktrace=java.lang.Exception

06-22 15:11:50.963  5231  5738 I LSPosed-Bridge: 5231 PermLabel 10116 android.permission.CAMERA getCameraInfo args0: 0; args1: android.hardware.Camera$CameraInfo@9d02c2e; res= null; stacktrace=java.lang.Exception

06-22 15:11:50.963  5231  5738 I LSPosed-Bridge: 	at com.example.permlabel.hookCamera$1.afterHookedMethod(hookCamera.java:21)

06-22 15:11:50.963  5231  5738 I LSPosed-Bridge: 	at com.example.permlabel.hookCamera$1.afterHookedMethod(hookCamera.java:21)

06-22 15:11:50.963  5231  5738 I LSPosed-Bridge: 	at de.robv.android.xposed.XposedBridge$AdditionalHookInfo.callback(Unknown Source:147)

06-22 15:11:50.963  5231  5738 I LSPosed-Bridge: 	at de.robv.android.xposed.XposedBridge$AdditionalHookInfo.callback(Unknown Source:147)

06-22 15:11:50.963  5231  5738 I LSPosed-Bridge: 	at LSPHooker_.getCameraInfo(Unknown Source:15)

06-22 15:11:50.963  5231  5738 I LSPosed-Bridge: 	at LSPHooker_.getCameraInfo(Unknown Source:15)

06-22 15:11:50.963  5231  5738 I LSPosed-Bridge: 	at z74.e(chromium-Monochrome.aab-stable-573513121:6)

06-22 15:11:50.963  5231  5738 I LSPosed-Bridge: 	at z74.e(chromium-Monochrome.aab-stable-573513121:6)

06-22 15:11:50.963  5231  5738 I LSPosed-Bridge: 	at org.chromium.media.VideoCaptureFactory.getFacingMode(chromium-Monochrome.aab-stable-573513121:10)

06-22 15:11:50.963  5231  5738 I LSPosed-Bridge: 	at org.chromium.media.VideoCaptureFactory.getFacingMode(chromium-Monochrome.aab-stable-573513121:10)

06-22 15:13:58.665  5231  5738 I LSPosed-Bridge: 5231 PermLabel 10116 android.permission.CAMERA getCameraInfo args0: 1; args1: android.hardware.Camera$CameraInfo@bca2760; res= null; stacktrace=java.lang.Exception

06-22 15:13:58.665  5231  5738 I LSPosed-Bridge: 	at com.example.permlabel.hookCamera$1.afterHookedMethod(hookCamera.java:21)

06-22 15:13:58.665  5231  5738 I LSPosed-Bridge: 	at de.robv.android.xposed.XposedBridge$AdditionalHookInfo.callback(Unknown Source:147)

06-22 15:13:58.665  5231  5738 I LSPosed-Bridge: 	at LSPHooker_.getCameraInfo(Unknown Source:15)

06-22 15:13:58.665  5231  5738 I LSPosed-Bridge: 	at z74.e(chromium-Monochrome.aab-stable-573513121:6)

06-22 15:13:58.665  5231  5738 I LSPosed-Bridge: 	at org.chromium.media.VideoCaptureFactory.getDeviceName(chromium-Monochrome.aab-stable-573513121:15)

06-22 15:13:58.666  5231  5738 I chatty  : uid=10116(com.kinggames.couplelife.huawei) ThreadPoolSingl identical 1 line

06-22 15:13:58.666  5231  5738 I LSPosed-Bridge: 5231 PermLabel 10116 android.permission.CAMERA getCameraInfo args0: 1; args1: android.hardware.Camera$CameraInfo@bca2760; res= null; stacktrace=java.lang.Exception

06-22 15:13:58.666  5231  5738 I LSPosed-Bridge: 	at com.example.permlabel.hookCamera$1.afterHookedMethod(hookCamera.java:21)

06-22 15:13:58.666  5231  5738 I LSPosed-Bridge: 	at de.robv.android.xposed.XposedBridge$AdditionalHookInfo.callback(Unknown Source:147)

06-22 15:13:58.666  5231  5738 I LSPosed-Bridge: 	at LSPHooker_.getCameraInfo(Unknown Source:15)

06-22 15:13:58.666  5231  5738 I LSPosed-Bridge: 	at z74.e(chromium-Monochrome.aab-stable-573513121:6)

06-22 15:13:58.666  5231  5738 I LSPosed-Bridge: 	at org.chromium.media.VideoCaptureFactory.getDeviceName(chromium-Monochrome.aab-stable-573513121:15)

06-22 15:13:58.682  5231  5738 I LSPosed-Bridge: 5231 PermLabel 10116 android.permission.CAMERA getCameraInfo args0: 1; args1: android.hardware.Camera$CameraInfo@49a598c; res= null; stacktrace=java.lang.Exception

06-22 15:13:58.682  5231  5738 I LSPosed-Bridge: 5231 PermLabel 10116 android.permission.CAMERA getCameraInfo args0: 1; args1: android.hardware.Camera$CameraInfo@49a598c; res= null; stacktrace=java.lang.Exception

06-22 15:13:58.682  5231  5738 I LSPosed-Bridge: 	at com.example.permlabel.hookCamera$1.afterHookedMethod(hookCamera.java:21)

06-22 15:13:58.682  5231  5738 I LSPosed-Bridge: 	at com.example.permlabel.hookCamera$1.afterHookedMethod(hookCamera.java:21)

06-22 15:13:58.682  5231  5738 I LSPosed-Bridge: 	at de.robv.android.xposed.XposedBridge$AdditionalHookInfo.callback(Unknown Source:147)

06-22 15:13:58.682  5231  5738 I LSPosed-Bridge: 	at de.robv.android.xposed.XposedBridge$AdditionalHookInfo.callback(Unknown Source:147)

06-22 15:13:58.682  5231  5738 I LSPosed-Bridge: 	at LSPHooker_.getCameraInfo(Unknown Source:15)

06-22 15:13:58.682  5231  5738 I LSPosed-Bridge: 	at LSPHooker_.getCameraInfo(Unknown Source:15)

06-22 15:13:58.682  5231  5738 I LSPosed-Bridge: 	at z74.e(chromium-Monochrome.aab-stable-573513121:6)

06-22 15:13:58.682  5231  5738 I LSPosed-Bridge: 	at z74.e(chromium-Monochrome.aab-stable-573513121:6)

06-22 15:13:58.682  5231  5738 I LSPosed-Bridge: 	at org.chromium.media.VideoCaptureFactory.getCaptureApiType(chromium-Monochrome.aab-stable-573513121:8)

06-22 15:13:58.682  5231  5738 I LSPosed-Bridge: 	at org.chromium.media.VideoCaptureFactory.getCaptureApiType(chromium-Monochrome.aab-stable-573513121:8)

06-22 15:13:58.682  5231  5738 I chatty  : uid=10116(com.kinggames.couplelife.huawei) ThreadPoolSingl identical 1 line

06-22 15:13:58.682  5231  5738 I chatty  : uid=10116(com.kinggames.couplelife.huawei) ThreadPoolSingl identical 1 line

06-22 15:13:58.682  5231  5738 I LSPosed-Bridge: 5231 PermLabel 10116 android.permission.CAMERA getCameraInfo args0: 1; args1: android.hardware.Camera$CameraInfo@49a598c; res= null; stacktrace=java.lang.Exception

06-22 15:13:58.682  5231  5738 I LSPosed-Bridge: 5231 PermLabel 10116 android.permission.CAMERA getCameraInfo args0: 1; args1: android.hardware.Camera$CameraInfo@49a598c; res= null; stacktrace=java.lang.Exception

06-22 15:13:58.682  5231  5738 I LSPosed-Bridge: 	at com.example.permlabel.hookCamera$1.afterHookedMethod(hookCamera.java:21)

06-22 15:13:58.682  5231  5738 I LSPosed-Bridge: 	at com.example.permlabel.hookCamera$1.afterHookedMethod(hookCamera.java:21)

06-22 15:13:58.682  5231  5738 I LSPosed-Bridge: 	at de.robv.android.xposed.XposedBridge$AdditionalHookInfo.callback(Unknown Source:147)

06-22 15:13:58.682  5231  5738 I LSPosed-Bridge: 	at de.robv.android.xposed.XposedBridge$AdditionalHookInfo.callback(Unknown Source:147)

06-22 15:13:58.682  5231  5738 I LSPosed-Bridge: 	at LSPHooker_.getCameraInfo(Unknown Source:15)

06-22 15:13:58.682  5231  5738 I LSPosed-Bridge: 	at LSPHooker_.getCameraInfo(Unknown Source:15)

06-22 15:13:58.682  5231  5738 I LSPosed-Bridge: 	at z74.e(chromium-Monochrome.aab-stable-573513121:6)

06-22 15:13:58.682  5231  5738 I LSPosed-Bridge: 	at z74.e(chromium-Monochrome.aab-stable-573513121:6)

06-22 15:13:58.682  5231  5738 I LSPosed-Bridge: 	at org.chromium.media.VideoCaptureFactory.getCaptureApiType(chromium-Monochrome.aab-stable-573513121:8)

06-22 15:13:58.682  5231  5738 I LSPosed-Bridge: 	at org.chromium.media.VideoCaptureFactory.getCaptureApiType(chromium-Monochrome.aab-stable-573513121:8)

06-22 15:13:58.691  5231  5738 I LSPosed-Bridge: 5231 PermLabel 10116 android.permission.CAMERA getCameraInfo args0: 1; args1: android.hardware.Camera$CameraInfo@8598278; res= null; stacktrace=java.lang.Exception

06-22 15:13:58.691  5231  5738 I LSPosed-Bridge: 5231 PermLabel 10116 android.permission.CAMERA getCameraInfo args0: 1; args1: android.hardware.Camera$CameraInfo@8598278; res= null; stacktrace=java.lang.Exception

06-22 15:13:58.691  5231  5738 I LSPosed-Bridge: 	at com.example.permlabel.hookCamera$1.afterHookedMethod(hookCamera.java:21)

06-22 15:13:58.691  5231  5738 I LSPosed-Bridge: 	at com.example.permlabel.hookCamera$1.afterHookedMethod(hookCamera.java:21)

06-22 15:13:58.691  5231  5738 I LSPosed-Bridge: 	at de.robv.android.xposed.XposedBridge$AdditionalHookInfo.callback(Unknown Source:147)

06-22 15:13:58.691  5231  5738 I LSPosed-Bridge: 	at de.robv.android.xposed.XposedBridge$AdditionalHookInfo.callback(Unknown Source:147)

06-22 15:13:58.691  5231  5738 I LSPosed-Bridge: 	at LSPHooker_.getCameraInfo(Unknown Source:15)

06-22 15:13:58.691  5231  5738 I LSPosed-Bridge: 	at LSPHooker_.getCameraInfo(Unknown Source:15)

06-22 15:13:58.691  5231  5738 I LSPosed-Bridge: 	at z74.e(chromium-Monochrome.aab-stable-573513121:6)

06-22 15:13:58.691  5231  5738 I LSPosed-Bridge: 	at z74.e(chromium-Monochrome.aab-stable-573513121:6)

06-22 15:13:58.691  5231  5738 I LSPosed-Bridge: 	at org.chromium.media.VideoCaptureFactory.getFacingMode(chromium-Monochrome.aab-stable-573513121:10)

06-22 15:13:58.691  5231  5738 I LSPosed-Bridge: 	at org.chromium.media.VideoCaptureFactory.getFacingMode(chromium-Monochrome.aab-stable-573513121:10)

06-22 15:13:58.691  5231  5738 I chatty  : uid=10116(com.kinggames.couplelife.huawei) ThreadPoolSingl identical 1 line

06-22 15:13:58.691  5231  5738 I chatty  : uid=10116(com.kinggames.couplelife.huawei) ThreadPoolSingl identical 1 line

06-22 15:13:58.691  5231  5738 I LSPosed-Bridge: 5231 PermLabel 10116 android.permission.CAMERA getCameraInfo args0: 1; args1: android.hardware.Camera$CameraInfo@8598278; res= null; stacktrace=java.lang.Exception

06-22 15:13:58.691  5231  5738 I LSPosed-Bridge: 5231 PermLabel 10116 android.permission.CAMERA getCameraInfo args0: 1; args1: android.hardware.Camera$CameraInfo@8598278; res= null; stacktrace=java.lang.Exception

06-22 15:13:58.691  5231  5738 I LSPosed-Bridge: 	at com.example.permlabel.hookCamera$1.afterHookedMethod(hookCamera.java:21)

06-22 15:13:58.691  5231  5738 I LSPosed-Bridge: 	at com.example.permlabel.hookCamera$1.afterHookedMethod(hookCamera.java:21)

06-22 15:13:58.691  5231  5738 I LSPosed-Bridge: 	at de.robv.android.xposed.XposedBridge$AdditionalHookInfo.callback(Unknown Source:147)

06-22 15:13:58.691  5231  5738 I LSPosed-Bridge: 	at de.robv.android.xposed.XposedBridge$AdditionalHookInfo.callback(Unknown Source:147)

06-22 15:13:58.691  5231  5738 I LSPosed-Bridge: 	at LSPHooker_.getCameraInfo(Unknown Source:15)

06-22 15:13:58.691  5231  5738 I LSPosed-Bridge: 	at LSPHooker_.getCameraInfo(Unknown Source:15)

