08-06 14:12:53.008  6685  6685 I LSPosed-Bridge: 	at com.lemon.faceu.business.mainpage.MainActivity.onStart(Unknown Source:24)

08-06 14:12:53.008  6685  6685 I LSPosed-Bridge: 	at android.app.Instrumentation.callActivityOnStart(Instrumentation.java:1392)

08-06 14:12:53.008  6685  6685 I LSPosed-Bridge: 	at android.app.Activity.performStart(Activity.java:7157)

08-06 14:12:53.008  6685  6685 I LSPosed-Bridge: 	at android.app.ActivityThread.handleStartActivity(ActivityThread.java:2938)

08-06 14:12:53.008  6685  6685 I LSPosed-Bridge: 	at android.app.servertransaction.TransactionExecutor.performLifecycleSequence(TransactionExecutor.java:180)

08-06 14:12:53.008  6685  6685 I LSPosed-Bridge: 	at android.app.servertransaction.TransactionExecutor.cycleToPath(TransactionExecutor.java:165)

08-06 14:12:53.008  6685  6685 I LSPosed-Bridge: 	at android.app.servertransaction.TransactionExecutor.executeLifecycleState(TransactionExecutor.java:142)

08-06 14:12:53.008  6685  6685 I LSPosed-Bridge: 	at android.app.servertransaction.TransactionExecutor.execute(TransactionExecutor.java:70)

08-06 14:12:53.008  6685  6685 I LSPosed-Bridge: 	at android.app.ActivityThread$H.handleMessage(ActivityThread.java:1809)

08-06 14:12:53.008  6685  6685 I LSPosed-Bridge: 	at android.os.Handler.dispatchMessage(Handler.java:106)

08-06 14:12:53.008  6685  6685 I LSPosed-Bridge: 	at android.os.Looper.loop(Looper.java:193)

08-06 14:12:53.008  6685  6685 I LSPosed-Bridge: 	at android.app.ActivityThread.main(ActivityThread.java:6692)

08-06 14:12:53.008  6685  6685 I LSPosed-Bridge: 	at java.lang.reflect.Method.invoke(Native Method)

08-06 14:12:53.008  6685  6685 I LSPosed-Bridge: 	at com.android.internal.os.RuntimeInit$MethodAndArgsCaller.run(RuntimeInit.java:493)

08-06 14:12:53.008  6685  6685 I LSPosed-Bridge: 	at com.android.internal.os.ZygoteInit.main(ZygoteInit.java:858)

08-06 14:12:53.018  1577  1600 I LSPosed-Bridge: 7940 PermLabel 10122 AMS.checkPermission: Binder.getCallingPid() = 7940; uid = 10122; Binder.getCallingUid() = 10122; getNameForUid: com.lemon.faceu; getPackagesForUid: [com.lemon.faceu]; permName: android.permission.GET_TASKS; type = 0; res = -1; stacktrace=java.lang.Exception

08-06 14:12:53.018  1577  1600 I LSPosed-Bridge: 	at com.example.permlabel.requirePerm$1$2.afterHookedMethod(requirePerm.java:136)

08-06 14:12:53.018  1577  1600 I LSPosed-Bridge: 	at de.robv.android.xposed.XposedBridge$AdditionalHookInfo.callback(Unknown Source:147)

08-06 14:12:53.018  1577  1600 I LSPosed-Bridge: 	at LSPHooker_.checkPermission(Unknown Source:25)

08-06 14:12:53.018  1577  1600 I LSPosed-Bridge: 	at com.android.server.am.ActivityManagerService.isGetTasksAllowed(ActivityManagerService.java:10902)

08-06 14:12:53.018  1577  1600 I LSPosed-Bridge: 	at com.android.server.am.ActivityManagerService.getRunningAppProcesses(ActivityManagerService.java:16139)

08-06 14:12:53.018  1577  1600 I LSPosed-Bridge: 	at android.app.IActivityManager$Stub.onTransact(IActivityManager.java:1088)

08-06 14:12:53.018  1577  1600 I LSPosed-Bridge: 	at com.android.server.am.ActivityManagerService.onTransact(ActivityManagerService.java:3346)

08-06 14:12:53.018  1577  1600 I LSPosed-Bridge: 	at android.os.Binder.execTransact(Binder.java:731)

08-06 14:13:00.446  1577  7646 I LSPosed-Bridge: 6685 PermLabel 10122 AMS.checkPermission: Binder.getCallingPid() = 6685; uid = 10122; Binder.getCallingUid() = 10122; getNameForUid: com.lemon.faceu; getPackagesForUid: [com.lemon.faceu]; permName: android.permission.GET_TASKS; type = 0; res = -1; stacktrace=java.lang.Exception

08-06 14:13:00.446  1577  7646 I LSPosed-Bridge: 	at com.example.permlabel.requirePerm$1$2.afterHookedMethod(requirePerm.java:136)

08-06 14:13:00.446  1577  7646 I LSPosed-Bridge: 	at de.robv.android.xposed.XposedBridge$AdditionalHookInfo.callback(Unknown Source:147)

08-06 14:13:00.446  1577  7646 I LSPosed-Bridge: 	at LSPHooker_.checkPermission(Unknown Source:25)

08-06 14:13:00.446  1577  7646 I LSPosed-Bridge: 	at com.android.server.am.ActivityManagerService.isGetTasksAllowed(ActivityManagerService.java:10902)

08-06 14:13:00.446  1577  7646 I LSPosed-Bridge: 	at com.android.server.am.ActivityManagerService.getRunningAppProcesses(ActivityManagerService.java:16139)

08-06 14:13:00.446  1577  7646 I LSPosed-Bridge: 	at android.app.IActivityManager$Stub.onTransact(IActivityManager.java:1088)

08-06 14:13:00.446  1577  7646 I LSPosed-Bridge: 	at com.android.server.am.ActivityManagerService.onTransact(ActivityManagerService.java:3346)

08-06 14:13:00.446  1577  7646 I LSPosed-Bridge: 	at android.os.Binder.execTransact(Binder.java:731)

08-06 14:13:00.451  1577  7646 I LSPosed-Bridge: 6685 PermLabel 10122 AMS.checkPermission: Binder.getCallingPid() = 6685; uid = 10122; Binder.getCallingUid() = 10122; getNameForUid: com.lemon.faceu; getPackagesForUid: [com.lemon.faceu]; permName: android.permission.GET_TASKS; type = 0; res = -1; stacktrace=java.lang.Exception

08-06 14:13:00.451  1577  7646 I LSPosed-Bridge: 	at com.example.permlabel.requirePerm$1$2.afterHookedMethod(requirePerm.java:136)

08-06 14:13:00.451  1577  7646 I LSPosed-Bridge: 	at de.robv.android.xposed.XposedBridge$AdditionalHookInfo.callback(Unknown Source:147)

08-06 14:13:00.451  1577  7646 I LSPosed-Bridge: 	at LSPHooker_.checkPermission(Unknown Source:25)

08-06 14:13:00.451  1577  7646 I LSPosed-Bridge: 	at com.android.server.am.ActivityManagerService.isGetTasksAllowed(ActivityManagerService.java:10902)

08-06 14:13:00.451  1577  7646 I LSPosed-Bridge: 	at com.android.server.am.ActivityManagerService.getRunningAppProcesses(ActivityManagerService.java:16139)

08-06 14:13:00.451  1577  7646 I LSPosed-Bridge: 	at android.app.IActivityManager$Stub.onTransact(IActivityManager.java:1088)

08-06 14:13:00.451  1577  7646 I LSPosed-Bridge: 	at com.android.server.am.ActivityManagerService.onTransact(ActivityManagerService.java:3346)

08-06 14:13:00.451  1577  7646 I LSPosed-Bridge: 	at android.os.Binder.execTransact(Binder.java:731)

08-06 14:13:00.455  1577  7646 I LSPosed-Bridge: 6685 PermLabel 10122 AMS.checkPermission: Binder.getCallingPid() = 6685; uid = 10122; Binder.getCallingUid() = 10122; getNameForUid: com.lemon.faceu; getPackagesForUid: [com.lemon.faceu]; permName: android.permission.GET_TASKS; type = 0; res = -1; stacktrace=java.lang.Exception

08-06 14:13:00.455  1577  7646 I LSPosed-Bridge: 	at com.example.permlabel.requirePerm$1$2.afterHookedMethod(requirePerm.java:136)

08-06 14:13:00.455  1577  7646 I LSPosed-Bridge: 	at de.robv.android.xposed.XposedBridge$AdditionalHookInfo.callback(Unknown Source:147)

08-06 14:13:00.455  1577  7646 I LSPosed-Bridge: 	at LSPHooker_.checkPermission(Unknown Source:25)

08-06 14:13:00.455  1577  7646 I LSPosed-Bridge: 	at com.android.server.am.ActivityManagerService.isGetTasksAllowed(ActivityManagerService.java:10902)

08-06 14:13:00.455  1577  7646 I LSPosed-Bridge: 	at com.android.server.am.ActivityManagerService.getRunningAppProcesses(ActivityManagerService.java:16139)

08-06 14:13:00.455  1577  7646 I LSPosed-Bridge: 	at android.app.IActivityManager$Stub.onTransact(IActivityManager.java:1088)

08-06 14:13:00.455  1577  7646 I LSPosed-Bridge: 	at com.android.server.am.ActivityManagerService.onTransact(ActivityManagerService.java:3346)

08-06 14:13:00.455  1577  7646 I LSPosed-Bridge: 	at android.os.Binder.execTransact(Binder.java:731)

08-06 14:13:00.455   511 15653 I mm-camera: <MCT   >< INFO> 4161: mct_pipeline_process_set: command=8000009

08-06 14:13:00.455   511 15653 I mm-camera: <MCT   >< INFO> 4300: mct_pipeline_process_set:  STREAM-OFF on stream 0x20004 stream type=11

08-06 14:13:00.455   511 15653 I mm-camera: <IFACE >< INFO> 1818: iface_streamoff_to_thread: iface_streamoff_to_thread: E, session id = 2, user stream id = 4

08-06 14:13:00.455   511 15661 I mm-camera: <IFACE >< INFO> 2447: iface_streamoff: E, session_id 2 mct_stream_id = 4

08-06 14:13:00.455   511 15661 I mm-camera: <IFACE >< INFO> 12115: iface_util_get_user_streams_by_bundle: streamoff, first bundled streamoff all bindled streams!

08-06 14:13:00.455   511 15661 I mm-camera: <IFACE >< INFO> 452: iface_ispif_get_cfg_params_from_hw_streams: interace 0 active count = 1, skip stop ispif 

08-06 14:13:00.455  1577  1600 E ActivityTrigger: activityResumeTrigger: not whiteListedcom.lemon.faceu/com.lemon.faceu.core.camera.cartoonface.ab.platform.NativeCartoonEditActivity/6700

08-06 14:13:00.467  1577  1600 I LSPosed-Bridge: 7940 PermLabel 10122 AMS.checkPermission: Binder.getCallingPid() = 7940; uid = 10122; Binder.getCallingUid() = 10122; getNameForUid: com.lemon.faceu; getPackagesForUid: [com.lemon.faceu]; permName: android.permission.GET_TASKS; type = 0; res = -1; stacktrace=java.lang.Exception

08-06 14:13:00.467  1577  1600 I LSPosed-Bridge: 	at com.example.permlabel.requirePerm$1$2.afterHookedMethod(requirePerm.java:136)

08-06 14:13:00.467  1577  1600 I LSPosed-Bridge: 	at de.robv.android.xposed.XposedBridge$AdditionalHookInfo.callback(Unknown Source:147)

08-06 14:13:00.467  1577  1600 I LSPosed-Bridge: 	at LSPHooker_.checkPermission(Unknown Source:25)

08-06 14:13:00.467  1577  1600 I LSPosed-Bridge: 	at com.android.server.am.ActivityManagerService.isGetTasksAllowed(ActivityManagerService.java:10902)

08-06 14:13:00.467  1577  1600 I LSPosed-Bridge: 	at com.android.server.am.ActivityManagerService.getRunningAppProcesses(ActivityManagerService.java:16139)

08-06 14:13:00.467  1577  1600 I LSPosed-Bridge: 	at android.app.IActivityManager$Stub.onTransact(IActivityManager.java:1088)

08-06 14:13:00.467  1577  1600 I LSPosed-Bridge: 	at com.android.server.am.ActivityManagerService.onTransact(ActivityManagerService.java:3346)

08-06 14:13:00.467  1577  1600 I LSPosed-Bridge: 	at android.os.Binder.execTransact(Binder.java:731)

08-06 14:13:00.467   511 15653 I mm-camera: <MCT   >< INFO> 4161: mct_pipeline_process_set: command=8000009

08-06 14:13:00.467   511 15653 I mm-camera: <MCT   >< INFO> 4300: mct_pipeline_process_set:  STREAM-OFF on stream 0x20002 stream type=1

08-06 14:13:00.467   511 15653 I mm-camera: <IFACE >< INFO> 1818: iface_streamoff_to_thread: iface_streamoff_to_thread: E, session id = 2, user stream id = 2

08-06 14:13:00.467  6685  6756 I LSPosed-Bridge: 6685 PermLabel hookBinder_test 10122 interfaceBinder =android.content.IContentService; arg0 = 3; arg1 = android.os.Parcel@844afe0; arg2 = android.os.Parcel@e8b72ec; arg3 = 0; res = true; stacktrace=java.lang.Exception

08-06 14:13:00.467  6685  6756 I LSPosed-Bridge: 	at com.example.permlabel.hookBinder_test$1.afterHookedMethod(hookBinder_test.java:67)

08-06 14:13:00.467  6685  6756 I LSPosed-Bridge: 	at de.robv.android.xposed.XposedBridge$AdditionalHookInfo.callback(Unknown Source:147)

08-06 14:13:00.467  6685  6756 I LSPosed-Bridge: 	at LSPHooker_.transact(Unknown Source:28)

08-06 14:13:00.467  6685  6756 I LSPosed-Bridge: 	at android.content.IContentService$Stub$Proxy.notifyChange(IContentService.java:811)

08-06 14:13:00.467  6685  6756 I LSPosed-Bridge: 	at android.content.ContentResolver.notifyChange(ContentResolver.java:2099)

08-06 14:13:00.467  6685  6756 I LSPosed-Bridge: 	at android.content.ContentResolver.notifyChange(ContentResolver.java:2050)

08-06 14:13:00.467  6685  6756 I LSPosed-Bridge: 	at android.content.ContentResolver.notifyChange(ContentResolver.java:2020)

08-06 14:13:00.467  6685  6756 I LSPosed-Bridge: 	at com.ss.android.pushmanager.setting.PushMultiProcessSharedProvider.notifyContentChanged(SourceFile:1)

08-06 14:13:00.467  6685  6756 I LSPosed-Bridge: 	at com.ss.android.pushmanager.setting.PushMultiProcessSharedProvider.access$000(SourceFile:1)

08-06 14:13:00.467  6685  6756 I LSPosed-Bridge: 	at com.ss.android.pushmanager.setting.PushMultiProcessSharedProvider$1.run(SourceFile:1)

08-06 14:13:00.467  6685  6756 I LSPosed-Bridge: 	at com.ss.android.pushmanager.setting.PushMultiProcessSharedProvider.insert(SourceFile:41)

08-06 14:13:00.467  6685  6756 I LSPosed-Bridge: 	at android.content.ContentProvider$Transport.insert(ContentProvider.java:266)

08-06 14:13:00.467  6685  6756 I LSPosed-Bridge: 	at android.content.ContentResolver.insert(ContentResolver.java:1590)

08-06 14:13:00.467  6685  6756 I LSPosed-Bridge: 	at com.ss.android.pushmanager.setting.PushMultiProcessSharedProvider$Editor.apply(SourceFile:2)

08-06 14:13:00.467  6685  6756 I LSPosed-Bridge: 	at com.ss.android.newmedia.redbadge.setting.RedbadgeSetting.setRedBadgeLastTimeParas(SourceFile:1)

08-06 14:13:00.467  6685  6756 I LSPosed-Bridge: 	at com.ss.android.newmedia.redbadge.RedBadgeControlClient.saveTimeParas(SourceFile:3)

08-06 14:13:00.467  6685  6756 I LSPosed-Bridge: 	at com.ss.android.newmedia.redbadge.RedBadgeControlClient.handleTimeParasChange(SourceFile:19)

08-06 14:13:00.467  6685  6756 I LSPosed-Bridge: 	at com.ss.android.newmedia.redbadge.RedBadgeControlClient.handleMsg(SourceFile:6)

08-06 14:13:00.467  6685  6756 I LSPosed-Bridge: 	at com.bytedance.common.utility.collection.WeakHandler.handleMessage(SourceFile:2)

08-06 14:13:00.467  6685  6756 I LSPosed-Bridge: 	at android.os.Handler.dispatchMessage(Handler.java:106)

08-06 14:13:00.467  6685  6756 I LSPosed-Bridge: 	at android.os.Looper.loop(Looper.java:193)

08-06 14:13:00.467  6685  6756 I LSPosed-Bridge: 	at android.os.HandlerThread.run(HandlerThread.java:65)

08-06 14:13:00.467   511 15661 I mm-camera: <IFACE >< INFO> 2447: iface_streamoff: E, session_id 2 mct_stream_id = 2

08-06 14:13:00.467   511 15661 I mm-camera: <IFACE >< INFO> 12121: iface_util_get_user_streams_by_bundle: skip streamoff! left 1 bundled streamoff, mct stream id 2total bundled stream num = 3

08-06 14:13:00.467   511 15661 I mm-camera: <IFACE >< INFO> 2700: iface_streamoff: X

08-06 14:13:00.468  7940  8057 I LSPosed-Bridge: 7940 PermLabel hookBinder_test 10122 interfaceBinder =android.app.IActivityManager; arg0 = 81; arg1 = android.os.Parcel@e6352cd; arg2 = android.os.Parcel@f08b66a; arg3 = 0; res = true; stacktrace=java.lang.Exception

08-06 14:13:00.468  7940  8057 I LSPosed-Bridge: 	at com.example.permlabel.hookBinder_test$1.afterHookedMethod(hookBinder_test.java:67)

08-06 14:13:00.468  7940  8057 I LSPosed-Bridge: 	at de.robv.android.xposed.XposedBridge$AdditionalHookInfo.callback(Unknown Source:147)

08-06 14:13:00.468  7940  8057 I LSPosed-Bridge: 	at LSPHooker_.transact(Unknown Source:28)

08-06 14:13:00.468  7940  8057 I LSPosed-Bridge: 	at android.app.IActivityManager$Stub$Proxy.getRunningAppProcesses(IActivityManager.java:5366)

08-06 14:13:00.468  7940  8057 I LSPosed-Bridge: 	at android.app.ActivityManager.getRunningAppProcesses(ActivityManager.java:3435)

08-06 14:13:00.468  7940  8057 I LSPosed-Bridge: 	at java.lang.reflect.Method.invoke(Native Method)

08-06 14:13:00.468  7940  8057 I LSPosed-Bridge: 	at org.lsposed.lspd.nativebridge.HookBridge.invokeOriginalMethod(Native Method)

08-06 14:13:00.468  7940  8057 I LSPosed-Bridge: 	at de.robv.android.xposed.XposedBridge$AdditionalHookInfo.callback(Unknown Source:110)

08-06 14:13:00.468  7940  8057 I LSPosed-Bridge: 	at LSPHooker_.getRunningAppProcesses(Unknown Source:8)

08-06 14:13:00.468  7940  8057 I LSPosed-Bridge: 	at com.ss.android.message.util.ToolUtils.isMainProcessStart(SourceFile:2)

08-06 14:13:00.468  7940  8057 I LSPosed-Bridge: 	at com.ss.android.pushmanager.setting.PushMultiProcessSharedProvider.allowStartOthersProcess(SourceFile:2)

08-06 14:13:00.468  7940  8057 I LSPosed-Bridge: 	at com.ss.android.pushmanager.setting.PushMultiProcessSharedProvider$MultiProcessShared.getLong(SourceFile:1)

08-06 14:13:00.468  7940  8057 I LSPosed-Bridge: 	at com.ss.android.newmedia.redbadge.setting.RedbadgeSetting.getRedBadgeLastRequestTime(SourceFile:1)

08-06 14:13:00.468  7940  8057 I LSPosed-Bridge: 	at com.ss.android.newmedia.redbadge.RedBadgeController.loadRequestConfig(SourceFile:1)

08-06 14:13:00.468  7940  8057 I LSPosed-Bridge: 	at com.ss.android.newmedia.redbadge.RedBadgeController$5.onChange(SourceFile:3)

08-06 14:13:00.468  7940  8057 I LSPosed-Bridge: 	at android.database.ContentObserver.onChange(ContentObserver.java:130)

08-06 14:13:00.468  7940  8057 I LSPosed-Bridge: 	at android.database.ContentObserver.onChange(ContentObserver.java:145)

08-06 14:13:00.468  7940  8057 I LSPosed-Bridge: 	at android.database.ContentObserver$NotificationRunnable.run(ContentObserver.java:216)

08-06 14:13:00.468  7940  8057 I LSPosed-Bridge: 	at android.os.Handler.handleCallback(Handler.java:873)

08-06 14:13:00.468  7940  8057 I LSPosed-Bridge: 	at android.os.Handler.dispatchMessage(Handler.java:99)

08-06 14:13:00.468  7940  8057 I LSPosed-Bridge: 	at android.os.Looper.loop(Looper.java:193)

08-06 14:13:00.468  7940  8057 I LSPosed-Bridge: 	at android.os.HandlerThread.run(HandlerThread.java:65)

08-06 14:13:00.468   511 15653 I mm-camera: <IFACE >< INFO> 1844: iface_streamoff_to_thread: iface_streamoff_to_thread: X, session id = 2, user stream id = 2

08-06 14:13:00.468  7940  8057 I LSPosed-Bridge: 7940 PermLabel getRunningAppProcesses =android.app.ActivityManager$RunningAppProcessInfo@bbe166f

08-06 14:13:00.468  7940  8057 I LSPosed-Bridge: 7940 PermLabel getRunningAppProcesses processName: com.lemon.faceu pid: 6685

08-06 14:13:00.468  7940  8057 I LSPosed-Bridge: 7940 PermLabel getRunningAppProcesses importance: 100 pid: 6685

08-06 14:13:00.468  7940  8057 I LSPosed-Bridge: 7940 PermLabel getRunningAppProcesses packageName com.lemon.faceu at index 0 in process 6685

08-06 14:13:00.468  7940  8057 I LSPosed-Bridge: 7940 PermLabel getRunningAppProcesses =android.app.ActivityManager$RunningAppProcessInfo@39f8f7c

08-06 14:13:00.468  7940  8057 I LSPosed-Bridge: 7940 PermLabel getRunningAppProcesses processName: com.lemon.faceu:push pid: 7940

08-06 14:13:00.468  7940  8057 I LSPosed-Bridge: 7940 PermLabel getRunningAppProcesses importance: 100 pid: 7940

08-06 14:13:00.468  7940  8057 I LSPosed-Bridge: 7940 PermLabel getRunningAppProcesses packageName com.lemon.faceu at index 0 in process 7940

08-06 14:13:00.468  7940  8057 I LSPosed-Bridge: 7940 PermLabel getRunningAppProcesses =android.app.ActivityManager$RunningAppProcessInfo@e901005

08-06 14:13:00.468  7940  8057 I LSPosed-Bridge: 7940 PermLabel getRunningAppProcesses processName: com.lemon.faceu:pushservice pid: 7918

08-06 14:13:00.468  7940  8057 I LSPosed-Bridge: 7940 PermLabel getRunningAppProcesses importance: 100 pid: 7918

08-06 14:13:00.468  7940  8057 I LSPosed-Bridge: 7940 PermLabel getRunningAppProcesses packageName com.lemon.faceu at index 0 in process 7918

08-06 14:13:00.468  1577  7646 I LSPosed-Bridge: 6685 PermLabel 10122 AMS.checkPermission: Binder.getCallingPid() = 6685; uid = 10122; Binder.getCallingUid() = 10122; getNameForUid: com.lemon.faceu; getPackagesForUid: [com.lemon.faceu]; permName: android.permission.GET_TASKS; type = 0; res = -1; stacktrace=java.lang.Exception

08-06 14:13:00.468  1577  7646 I LSPosed-Bridge: 	at com.example.permlabel.requirePerm$1$2.afterHookedMethod(requirePerm.java:136)

08-06 14:13:00.468  1577  7646 I LSPosed-Bridge: 	at de.robv.android.xposed.XposedBridge$AdditionalHookInfo.callback(Unknown Source:147)

08-06 14:13:00.468  1577  7646 I LSPosed-Bridge: 	at LSPHooker_.checkPermission(Unknown Source:25)

08-06 14:13:00.468  1577  7646 I LSPosed-Bridge: 	at com.android.server.am.ActivityManagerService.isGetTasksAllowed(ActivityManagerService.java:10902)

08-06 14:13:00.468  1577  7646 I LSPosed-Bridge: 	at com.android.server.am.ActivityManagerService.getRunningAppProcesses(ActivityManagerService.java:16139)

08-06 14:13:00.468  1577  7646 I LSPosed-Bridge: 	at android.app.IActivityManager$Stub.onTransact(IActivityManager.java:1088)

08-06 14:13:00.468  1577  7646 I LSPosed-Bridge: 	at com.android.server.am.ActivityManagerService.onTransact(ActivityManagerService.java:3346)

08-06 14:13:00.468  1577  7646 I LSPosed-Bridge: 	at android.os.Binder.execTransact(Binder.java:731)

08-06 14:13:00.482  1577  8316 I LSPosed-Bridge: 7940 PermLabel 10122 AMS.checkPermission: Binder.getCallingPid() = 7940; uid = 10122; Binder.getCallingUid() = 10122; getNameForUid: com.lemon.faceu; getPackagesForUid: [com.lemon.faceu]; permName: android.permission.GET_TASKS; type = 0; res = -1; stacktrace=java.lang.Exception

08-06 14:13:00.482  1577  8316 I LSPosed-Bridge: 	at com.example.permlabel.requirePerm$1$2.afterHookedMethod(requirePerm.java:136)

08-06 14:13:00.482  1577  8316 I LSPosed-Bridge: 	at de.robv.android.xposed.XposedBridge$AdditionalHookInfo.callback(Unknown Source:147)

08-06 14:13:00.482  1577  8316 I LSPosed-Bridge: 	at LSPHooker_.checkPermission(Unknown Source:25)

08-06 14:13:00.482  1577  8316 I LSPosed-Bridge: 	at com.android.server.am.ActivityManagerService.isGetTasksAllowed(ActivityManagerService.java:10902)

08-06 14:13:00.482  1577  8316 I LSPosed-Bridge: 	at com.android.server.am.ActivityManagerService.getRunningAppProcesses(ActivityManagerService.java:16139)

08-06 14:13:00.482  1577  8316 I LSPosed-Bridge: 	at android.app.IActivityManager$Stub.onTransact(IActivityManager.java:1088)

08-06 14:13:00.482  1577  8316 I LSPosed-Bridge: 	at com.android.server.am.ActivityManagerService.onTransact(ActivityManagerService.java:3346)

08-06 14:13:00.482  1577  8316 I LSPosed-Bridge: 	at android.os.Binder.execTransact(Binder.java:731)

08-06 14:13:00.482  7940  7940 I LSPosed-Bridge: 7940 PermLabel hookBinder_test 10122 interfaceBinder =android.app.IActivityManager; arg0 = 67; arg1 = android.os.Parcel@e6352cd; arg2 = android.os.Parcel@f08b66a; arg3 = 0; res = true; stacktrace=java.lang.Exception

08-06 14:13:00.482  7940  7940 I LSPosed-Bridge: 	at com.example.permlabel.hookBinder_test$1.afterHookedMethod(hookBinder_test.java:67)

08-06 14:13:00.482  7940  7940 I LSPosed-Bridge: 	at de.robv.android.xposed.XposedBridge$AdditionalHookInfo.callback(Unknown Source:147)

08-06 14:13:00.482  7940  7940 I LSPosed-Bridge: 	at LSPHooker_.transact(Unknown Source:28)

08-06 14:13:00.482  7940  7940 I LSPosed-Bridge: 	at android.app.IActivityManager$Stub$Proxy.removeContentProvider(IActivityManager.java:5091)

08-06 14:13:00.482  7940  7940 I LSPosed-Bridge: 	at android.app.ActivityThread.completeRemoveProvider(ActivityThread.java:6246)

08-06 14:13:00.482  7940  7940 I LSPosed-Bridge: 	at android.app.ActivityThread$H.handleMessage(ActivityThread.java:1726)

08-06 14:13:00.482  7940  7940 I LSPosed-Bridge: 	at android.os.Handler.dispatchMessage(Handler.java:106)

08-06 14:13:00.482  7940  7940 I LSPosed-Bridge: 	at android.os.Looper.loop(Looper.java:193)

08-06 14:13:00.482  7940  7940 I LSPosed-Bridge: 	at android.app.ActivityThread.main(ActivityThread.java:6692)

08-06 14:13:00.482  7940  7940 I LSPosed-Bridge: 	at java.lang.reflect.Method.invoke(Native Method)

08-06 14:13:00.482  7940  7940 I LSPosed-Bridge: 	at com.android.internal.os.RuntimeInit$MethodAndArgsCaller.run(RuntimeInit.java:493)

08-06 14:13:00.482  7940  7940 I LSPosed-Bridge: 	at com.android.internal.os.ZygoteInit.main(ZygoteInit.java:858)

08-06 14:13:00.482  6685  6685 I LSPosed-Bridge: 6685 PermLabel hookBinder_test 10122 interfaceBinder =android.app.IActivityManager; arg0 = 186; arg1 = android.os.Parcel@e8b72ec; arg2 = android.os.Parcel@844afe0; arg3 = 0; res = true; stacktrace=java.lang.Exception

08-06 14:13:00.482  6685  6685 I LSPosed-Bridge: 	at com.example.permlabel.hookBinder_test$1.afterHookedMethod(hookBinder_test.java:67)

08-06 14:13:00.482  6685  6685 I LSPosed-Bridge: 	at de.robv.android.xposed.XposedBridge$AdditionalHookInfo.callback(Unknown Source:147)

08-06 14:13:00.482  6685  6685 I LSPosed-Bridge: 	at LSPHooker_.transact(Unknown Source:28)

08-06 14:13:00.482  6685  6685 I LSPosed-Bridge: 	at android.app.IActivityManager$Stub$Proxy.getActivityDisplayId(IActivityManager.java:7560)

08-06 14:13:00.482  6685  6685 I LSPosed-Bridge: 	at android.app.ActivityThread.createBaseContextForActivity(ActivityThread.java:2994)

08-06 14:13:00.482  6685  6685 I LSPosed-Bridge: 	at android.app.ActivityThread.performLaunchActivity(ActivityThread.java:2828)

08-06 14:13:00.482  6685  6685 I LSPosed-Bridge: 	at android.app.ActivityThread.handleLaunchActivity(ActivityThread.java:3049)

08-06 14:13:00.482  6685  6685 I LSPosed-Bridge: 	at android.app.servertransaction.LaunchActivityItem.execute(LaunchActivityItem.java:78)

08-06 14:13:00.482  6685  6685 I LSPosed-Bridge: 	at android.app.servertransaction.TransactionExecutor.executeCallbacks(TransactionExecutor.java:108)

08-06 14:13:00.482  6685  6685 I LSPosed-Bridge: 	at android.app.servertransaction.TransactionExecutor.execute(TransactionExecutor.java:68)

08-06 14:13:00.482  6685  6685 I LSPosed-Bridge: 	at android.app.ActivityThread$H.handleMessage(ActivityThread.java:1809)

08-06 14:13:00.482  6685  6685 I LSPosed-Bridge: 	at android.os.Handler.dispatchMessage(Handler.java:106)

08-06 14:13:00.482  6685  6685 I LSPosed-Bridge: 	at android.os.Looper.loop(Looper.java:193)

08-06 14:13:00.482  6685  6685 I LSPosed-Bridge: 	at android.app.ActivityThread.main(ActivityThread.java:6692)

08-06 14:13:00.482  6685  6685 I LSPosed-Bridge: 	at java.lang.reflect.Method.invoke(Native Method)

08-06 14:13:00.482  6685  6685 I LSPosed-Bridge: 	at com.android.internal.os.RuntimeInit$MethodAndArgsCaller.run(RuntimeInit.java:493)

08-06 14:13:00.482  6685  6685 I LSPosed-Bridge: 	at com.android.internal.os.ZygoteInit.main(ZygoteInit.java:858)

08-06 14:13:00.493  1577  8316 I LSPosed-Bridge: 7940 PermLabel 10122 AMS.checkPermission: Binder.getCallingPid() = 7940; uid = 10122; Binder.getCallingUid() = 10122; getNameForUid: com.lemon.faceu; getPackagesForUid: [com.lemon.faceu]; permName: android.permission.GET_TASKS; type = 0; res = -1; stacktrace=java.lang.Exception

08-06 14:13:00.493  1577  8316 I LSPosed-Bridge: 	at com.example.permlabel.requirePerm$1$2.afterHookedMethod(requirePerm.java:136)

08-06 14:13:00.493  1577  8316 I LSPosed-Bridge: 	at de.robv.android.xposed.XposedBridge$AdditionalHookInfo.callback(Unknown Source:147)

08-06 14:13:00.493  1577  8316 I LSPosed-Bridge: 	at LSPHooker_.checkPermission(Unknown Source:25)

08-06 14:13:00.493  1577  8316 I LSPosed-Bridge: 	at com.android.server.am.ActivityManagerService.isGetTasksAllowed(ActivityManagerService.java:10902)

08-06 14:13:00.493  1577  8316 I LSPosed-Bridge: 	at com.android.server.am.ActivityManagerService.getRunningAppProcesses(ActivityManagerService.java:16139)

08-06 14:13:00.493  1577  8316 I LSPosed-Bridge: 	at android.app.IActivityManager$Stub.onTransact(IActivityManager.java:1088)

08-06 14:13:00.493  1577  8316 I LSPosed-Bridge: 	at com.android.server.am.ActivityManagerService.onTransact(ActivityManagerService.java:3346)

08-06 14:13:00.493  1577  8316 I LSPosed-Bridge: 	at android.os.Binder.execTransact(Binder.java:731)

08-06 14:13:00.493  7940  8057 I LSPosed-Bridge: 7940 PermLabel hookBinder_test 10122 interfaceBinder =android.app.IActivityManager; arg0 = 81; arg1 = android.os.Parcel@2ce8064; arg2 = android.os.Parcel@8f4ec55; arg3 = 0; res = true; stacktrace=java.lang.Exception

08-06 14:13:00.493  7940  8057 I LSPosed-Bridge: 	at com.example.permlabel.hookBinder_test$1.afterHookedMethod(hookBinder_test.java:67)

08-06 14:13:00.493  7940  8057 I LSPosed-Bridge: 	at de.robv.android.xposed.XposedBridge$AdditionalHookInfo.callback(Unknown Source:147)

08-06 14:13:00.493  7940  8057 I LSPosed-Bridge: 	at LSPHooker_.transact(Unknown Source:28)

08-06 14:13:00.493  7940  8057 I LSPosed-Bridge: 	at android.app.IActivityManager$Stub$Proxy.getRunningAppProcesses(IActivityManager.java:5366)

08-06 14:13:00.493  7940  8057 I LSPosed-Bridge: 	at android.app.ActivityManager.getRunningAppProcesses(ActivityManager.java:3435)

08-06 14:13:00.493  7940  8057 I LSPosed-Bridge: 	at java.lang.reflect.Method.invoke(Native Method)

08-06 14:13:00.493  7940  8057 I LSPosed-Bridge: 	at org.lsposed.lspd.nativebridge.HookBridge.invokeOriginalMethod(Native Method)

08-06 14:13:00.493  7940  8057 I LSPosed-Bridge: 	at de.robv.android.xposed.XposedBridge$AdditionalHookInfo.callback(Unknown Source:110)

08-06 14:13:00.493  7940  8057 I LSPosed-Bridge: 	at LSPHooker_.getRunningAppProcesses(Unknown Source:8)

08-06 14:13:00.493  7940  8057 I LSPosed-Bridge: 	at com.ss.android.message.util.ToolUtils.isMainProcessStart(SourceFile:2)

08-06 14:13:00.493  7940  8057 I LSPosed-Bridge: 	at com.ss.android.pushmanager.setting.PushMultiProcessSharedProvider.allowStartOthersProcess(SourceFile:2)

08-06 14:13:00.493  7940  8057 I LSPosed-Bridge: 	at com.ss.android.pushmanager.setting.PushMultiProcessSharedProvider$MultiProcessShared.getString(SourceFile:1)

08-06 14:13:00.493  7940  8057 I LSPosed-Bridge: 	at com.ss.android.newmedia.redbadge.setting.RedbadgeSetting.getRedBadgeLastTimeParas(SourceFile:1)

08-06 14:13:00.493  7940  8057 I LSPosed-Bridge: 	at com.ss.android.newmedia.redbadge.RedBadgeController.loadRequestConfig(SourceFile:3)

08-06 14:13:00.493  7940  8057 I LSPosed-Bridge: 	at com.ss.android.newmedia.redbadge.RedBadgeController$5.onChange(SourceFile:3)

08-06 14:13:00.493  7940  8057 I LSPosed-Bridge: 	at android.database.ContentObserver.onChange(ContentObserver.java:130)

08-06 14:13:00.493  7940  8057 I LSPosed-Bridge: 	at android.database.ContentObserver.onChange(ContentObserver.java:145)

08-06 14:13:00.493  7940  8057 I LSPosed-Bridge: 	at android.database.ContentObserver$NotificationRunnable.run(ContentObserver.java:216)

08-06 14:13:00.493  7940  8057 I LSPosed-Bridge: 	at android.os.Handler.handleCallback(Handler.java:873)

08-06 14:13:00.493  7940  8057 I LSPosed-Bridge: 	at android.os.Handler.dispatchMessage(Handler.java:99)

08-06 14:13:00.493  7940  8057 I LSPosed-Bridge: 	at android.os.Looper.loop(Looper.java:193)

08-06 14:13:00.493  7940  8057 I LSPosed-Bridge: 	at android.os.HandlerThread.run(HandlerThread.java:65)

08-06 14:13:00.520  1577  1600 I LSPosed-Bridge: 7940 PermLabel 10122 AMS.checkPermission: Binder.getCallingPid() = 7940; uid = 10122; Binder.getCallingUid() = 10122; getNameForUid: com.lemon.faceu; getPackagesForUid: [com.lemon.faceu]; permName: android.permission.GET_TASKS; type = 0; res = -1; stacktrace=java.lang.Exception

08-06 14:13:00.520  1577  1600 I LSPosed-Bridge: 	at com.example.permlabel.requirePerm$1$2.afterHookedMethod(requirePerm.java:136)

08-06 14:13:00.520  1577  1600 I LSPosed-Bridge: 	at de.robv.android.xposed.XposedBridge$AdditionalHookInfo.callback(Unknown Source:147)

08-06 14:13:00.520  1577  1600 I LSPosed-Bridge: 	at LSPHooker_.checkPermission(Unknown Source:25)

08-06 14:13:00.520  1577  1600 I LSPosed-Bridge: 	at com.android.server.am.ActivityManagerService.isGetTasksAllowed(ActivityManagerService.java:10902)

08-06 14:13:00.520  1577  1600 I LSPosed-Bridge: 	at com.android.server.am.ActivityManagerService.getRunningAppProcesses(ActivityManagerService.java:16139)

08-06 14:13:00.520  1577  1600 I LSPosed-Bridge: 	at android.app.IActivityManager$Stub.onTransact(IActivityManager.java:1088)

08-06 14:13:00.520  1577  1600 I LSPosed-Bridge: 	at com.android.server.am.ActivityManagerService.onTransact(ActivityManagerService.java:3346)

08-06 14:13:00.520  1577  1600 I LSPosed-Bridge: 	at android.os.Binder.execTransact(Binder.java:731)

08-06 14:13:00.520  6685  6685 I LSPosed-Bridge: 6685 PermLabel hookBinder_test 10122 interfaceBinder =android.app.IActivityManager; arg0 = 243; arg1 = android.os.Parcel@844afe0; arg2 = android.os.Parcel@e8b72ec; arg3 = 0; res = true; stacktrace=java.lang.Exception

08-06 14:13:00.520  6685  6685 I LSPosed-Bridge: 	at com.example.permlabel.hookBinder_test$1.afterHookedMethod(hookBinder_test.java:67)

08-06 14:13:00.520  6685  6685 I LSPosed-Bridge: 	at de.robv.android.xposed.XposedBridge$AdditionalHookInfo.callback(Unknown Source:147)

08-06 14:13:00.520  6685  6685 I LSPosed-Bridge: 	at LSPHooker_.transact(Unknown Source:28)

08-06 14:13:00.520  6685  6685 I LSPosed-Bridge: 	at android.app.IActivityManager$Stub$Proxy.reportSizeConfigurations(IActivityManager.java:8731)

08-06 14:13:00.520  6685  6685 I LSPosed-Bridge: 	at android.app.ActivityThread.reportSizeConfigurations(ActivityThread.java:3094)

08-06 14:13:00.520  6685  6685 I LSPosed-Bridge: 	at android.app.ActivityThread.handleLaunchActivity(ActivityThread.java:3053)

08-06 14:13:00.520  6685  6685 I LSPosed-Bridge: 	at android.app.servertransaction.LaunchActivityItem.execute(LaunchActivityItem.java:78)

08-06 14:13:00.520  6685  6685 I LSPosed-Bridge: 	at android.app.servertransaction.TransactionExecutor.executeCallbacks(TransactionExecutor.java:108)

08-06 14:13:00.520  6685  6685 I LSPosed-Bridge: 	at android.app.servertransaction.TransactionExecutor.execute(TransactionExecutor.java:68)

08-06 14:13:00.520  6685  6685 I LSPosed-Bridge: 	at android.app.ActivityThread$H.handleMessage(ActivityThread.java:1809)

08-06 14:13:00.520  6685  6685 I LSPosed-Bridge: 	at android.os.Handler.dispatchMessage(Handler.java:106)

08-06 14:13:00.520  6685  6685 I LSPosed-Bridge: 	at android.os.Looper.loop(Looper.java:193)

08-06 14:13:00.520  6685  6685 I LSPosed-Bridge: 	at android.app.ActivityThread.main(ActivityThread.java:6692)

08-06 14:13:00.520  6685  6685 I LSPosed-Bridge: 	at java.lang.reflect.Method.invoke(Native Method)

08-06 14:13:00.520  6685  6685 I LSPosed-Bridge: 	at com.android.internal.os.RuntimeInit$MethodAndArgsCaller.run(RuntimeInit.java:493)

08-06 14:13:00.520  6685  6685 I LSPosed-Bridge: 	at com.android.internal.os.ZygoteInit.main(ZygoteInit.java:858)

08-06 14:13:11.093  1577  7646 I LSPosed-Bridge: 6685 PermLabel 10122 AMS.checkPermission: Binder.getCallingPid() = 6685; uid = 10122; Binder.getCallingUid() = 10122; getNameForUid: com.lemon.faceu; getPackagesForUid: [com.lemon.faceu]; permName: android.permission.GET_TASKS; type = 0; res = -1; stacktrace=java.lang.Exception

08-06 14:13:11.093  1577  7646 I LSPosed-Bridge: 	at com.example.permlabel.requirePerm$1$2.afterHookedMethod(requirePerm.java:136)

08-06 14:13:11.093  1577  7646 I LSPosed-Bridge: 	at de.robv.android.xposed.XposedBridge$AdditionalHookInfo.callback(Unknown Source:147)

08-06 14:13:11.093  1577  7646 I LSPosed-Bridge: 	at LSPHooker_.checkPermission(Unknown Source:25)

08-06 14:13:11.093  1577  7646 I LSPosed-Bridge: 	at com.android.server.am.ActivityManagerService.isGetTasksAllowed(ActivityManagerService.java:10902)

08-06 14:13:11.093  1577  7646 I LSPosed-Bridge: 	at com.android.server.am.ActivityManagerService.getRunningAppProcesses(ActivityManagerService.java:16139)

08-06 14:13:11.093  1577  7646 I LSPosed-Bridge: 	at android.app.IActivityManager$Stub.onTransact(IActivityManager.java:1088)

08-06 14:13:11.093  1577  7646 I LSPosed-Bridge: 	at com.android.server.am.ActivityManagerService.onTransact(ActivityManagerService.java:3346)

08-06 14:13:11.093  1577  7646 I LSPosed-Bridge: 	at android.os.Binder.execTransact(Binder.java:731)

08-06 14:13:11.106  1577  7646 I LSPosed-Bridge: 6685 PermLabel 10122 AMS.checkPermission: Binder.getCallingPid() = 6685; uid = 10122; Binder.getCallingUid() = 10122; getNameForUid: com.lemon.faceu; getPackagesForUid: [com.lemon.faceu]; permName: android.permission.GET_TASKS; type = 0; res = -1; stacktrace=java.lang.Exception

08-06 14:13:11.106  1577  7646 I LSPosed-Bridge: 	at com.example.permlabel.requirePerm$1$2.afterHookedMethod(requirePerm.java:136)

08-06 14:13:11.106  1577  7646 I LSPosed-Bridge: 	at de.robv.android.xposed.XposedBridge$AdditionalHookInfo.callback(Unknown Source:147)

08-06 14:13:11.106  1577  7646 I LSPosed-Bridge: 	at LSPHooker_.checkPermission(Unknown Source:25)

08-06 14:13:11.106  1577  7646 I LSPosed-Bridge: 	at com.android.server.am.ActivityManagerService.isGetTasksAllowed(ActivityManagerService.java:10902)

08-06 14:13:11.106  1577  7646 I LSPosed-Bridge: 	at com.android.server.am.ActivityManagerService.getRunningAppProcesses(ActivityManagerService.java:16139)

08-06 14:13:11.106  1577  7646 I LSPosed-Bridge: 	at android.app.IActivityManager$Stub.onTransact(IActivityManager.java:1088)

08-06 14:13:11.106  1577  7646 I LSPosed-Bridge: 	at com.android.server.am.ActivityManagerService.onTransact(ActivityManagerService.java:3346)

08-06 14:13:11.106  1577  7646 I LSPosed-Bridge: 	at android.os.Binder.execTransact(Binder.java:731)

08-06 14:13:11.106  6685  6756 I LSPosed-Bridge: 6685 PermLabel hookBinder_test 10122 interfaceBinder =android.app.IActivityManager; arg0 = 81; arg1 = android.os.Parcel@e8b72ec; arg2 = android.os.Parcel@fb39b; arg3 = 0; res = true; stacktrace=java.lang.Exception

08-06 14:13:11.106  6685  6756 I LSPosed-Bridge: 	at com.example.permlabel.hookBinder_test$1.afterHookedMethod(hookBinder_test.java:67)

08-06 14:13:11.106  6685  6756 I LSPosed-Bridge: 	at de.robv.android.xposed.XposedBridge$AdditionalHookInfo.callback(Unknown Source:147)

08-06 14:13:11.106  6685  6756 I LSPosed-Bridge: 	at LSPHooker_.transact(Unknown Source:28)

08-06 14:13:11.106  6685  6756 I LSPosed-Bridge: 	at android.app.IActivityManager$Stub$Proxy.getRunningAppProcesses(IActivityManager.java:5366)

08-06 14:13:11.106  6685  6756 I LSPosed-Bridge: 	at android.app.ActivityManager.getRunningAppProcesses(ActivityManager.java:3435)

08-06 14:13:11.106  6685  6756 I LSPosed-Bridge: 	at java.lang.reflect.Method.invoke(Native Method)

08-06 14:13:11.106  6685  6756 I LSPosed-Bridge: 	at org.lsposed.lspd.nativebridge.HookBridge.invokeOriginalMethod(Native Method)

08-06 14:13:11.106  6685  6756 I LSPosed-Bridge: 	at de.robv.android.xposed.XposedBridge$AdditionalHookInfo.callback(Unknown Source:110)

08-06 14:13:11.106  6685  6756 I LSPosed-Bridge: 	at LSPHooker_.getRunningAppProcesses(Unknown Source:8)

08-06 14:13:11.106  6685  6756 I LSPosed-Bridge: 	at com.ss.android.message.util.ToolUtils.isMainProcessStart(SourceFile:2)

08-06 14:13:11.106  6685  6756 I LSPosed-Bridge: 	at com.ss.android.pushmanager.setting.PushMultiProcessSharedProvider.allowStartOthersProcess(SourceFile:2)

08-06 14:13:11.106  6685  6756 I LSPosed-Bridge: 	at com.ss.android.pushmanager.setting.PushMultiProcessSharedProvider$Editor.apply(SourceFile:1)

08-06 14:13:11.106  6685  6756 I LSPosed-Bridge: 	at com.ss.android.newmedia.redbadge.setting.RedbadgeSetting.setRedBadgeBadgeShowTimes(SourceFile:1)

08-06 14:13:11.106  6685  6756 I LSPosed-Bridge: 	at com.ss.android.newmedia.redbadge.RedBadgeControlClient.saveTimeParas(SourceFile:2)

08-06 14:13:11.106  6685  6756 I LSPosed-Bridge: 	at com.ss.android.newmedia.redbadge.RedBadgeControlClient.handleTimeParasChange(SourceFile:19)

08-06 14:13:11.106  6685  6756 I LSPosed-Bridge: 	at com.ss.android.newmedia.redbadge.RedBadgeControlClient.handleMsg(SourceFile:6)

08-06 14:13:11.106  6685  6756 I LSPosed-Bridge: 	at com.bytedance.common.utility.collection.WeakHandler.handleMessage(SourceFile:2)

08-06 14:13:11.106  6685  6756 I LSPosed-Bridge: 	at android.os.Handler.dispatchMessage(Handler.java:106)

08-06 14:13:11.106  6685  6756 I LSPosed-Bridge: 	at android.os.Looper.loop(Looper.java:193)

08-06 14:13:11.106  6685  6756 I LSPosed-Bridge: 	at android.os.HandlerThread.run(HandlerThread.java:65)

08-06 14:13:11.109  1577  1600 I LSPosed-Bridge: 6685 PermLabel 10122 AMS.checkPermission: Binder.getCallingPid() = 6685; uid = 10122; Binder.getCallingUid() = 10122; getNameForUid: com.lemon.faceu; getPackagesForUid: [com.lemon.faceu]; permName: android.permission.GET_TASKS; type = 0; res = -1; stacktrace=java.lang.Exception

08-06 14:13:11.109  1577  1600 I LSPosed-Bridge: 	at com.example.permlabel.requirePerm$1$2.afterHookedMethod(requirePerm.java:136)

08-06 14:13:11.109  1577  1600 I LSPosed-Bridge: 	at de.robv.android.xposed.XposedBridge$AdditionalHookInfo.callback(Unknown Source:147)

08-06 14:13:11.109  1577  1600 I LSPosed-Bridge: 	at LSPHooker_.checkPermission(Unknown Source:25)

08-06 14:13:11.109  1577  1600 I LSPosed-Bridge: 	at com.android.server.am.ActivityManagerService.isGetTasksAllowed(ActivityManagerService.java:10902)

08-06 14:13:11.109  1577  1600 I LSPosed-Bridge: 	at com.android.server.am.ActivityManagerService.getRunningAppProcesses(ActivityManagerService.java:16139)

08-06 14:13:11.109  1577  1600 I LSPosed-Bridge: 	at android.app.IActivityManager$Stub.onTransact(IActivityManager.java:1088)

08-06 14:13:11.109  1577  1600 I LSPosed-Bridge: 	at com.android.server.am.ActivityManagerService.onTransact(ActivityManagerService.java:3346)

08-06 14:13:11.109  1577  1600 I LSPosed-Bridge: 	at android.os.Binder.execTransact(Binder.java:731)

08-06 14:13:11.109  6685  6685 I LSPosed-Bridge: 6685 PermLabel hookBinder_test 10122 interfaceBinder =android.app.IActivityManager; arg0 = 9; arg1 = android.os.Parcel@fb39b; arg2 = android.os.Parcel@e8b72ec; arg3 = 0; res = true; stacktrace=java.lang.Exception

08-06 14:13:11.109  6685  6685 I LSPosed-Bridge: 	at com.example.permlabel.hookBinder_test$1.afterHookedMethod(hookBinder_test.java:67)

08-06 14:13:11.109  6685  6685 I LSPosed-Bridge: 	at de.robv.android.xposed.XposedBridge$AdditionalHookInfo.callback(Unknown Source:147)

08-06 14:13:11.109  6685  6685 I LSPosed-Bridge: 	at LSPHooker_.transact(Unknown Source:28)

08-06 14:13:11.109  6685  6685 I LSPosed-Bridge: 	at android.app.IActivityManager$Stub$Proxy.registerReceiver(IActivityManager.java:3825)

08-06 14:13:11.109  6685  6685 I LSPosed-Bridge: 	at android.app.ContextImpl.registerReceiverInternal(ContextImpl.java:1488)

08-06 14:13:11.109  6685  6685 I LSPosed-Bridge: 	at android.app.ContextImpl.registerReceiver(ContextImpl.java:1449)

08-06 14:13:11.109  6685  6685 I LSPosed-Bridge: 	at android.app.ContextImpl.registerReceiver(ContextImpl.java:1437)

08-06 14:13:11.109  6685  6685 I LSPosed-Bridge: 	at android.content.ContextWrapper.registerReceiver(ContextWrapper.java:623)

08-06 14:13:11.109  6685  6685 I LSPosed-Bridge: 	at com.bytedance.apm.battery.BatteryTemperatureCollector.l(SourceFile:2)

08-06 14:13:11.109  6685  6685 I LSPosed-Bridge: 	at com.bytedance.apm.battery.BatteryTemperatureCollector.onFront(SourceFile:2)

08-06 14:13:11.109  6685  6685 I LSPosed-Bridge: 	at com.bytedance.apm.core.ActivityLifeObserver.notifyFront(SourceFile:3)

08-06 14:13:11.109  6685  6685 I LSPosed-Bridge: 	at com.bytedance.apm.core.ActivityLifeObserver.onActivityStarted(SourceFile:9)

08-06 14:13:11.109  6685  6685 I LSPosed-Bridge: 	at android.app.Application.dispatchActivityStarted(Application.java:230)

08-06 14:13:11.109  6685  6685 I LSPosed-Bridge: 	at android.app.Activity.onStart(Activity.java:1278)

08-06 14:13:11.109  6685  6685 I LSPosed-Bridge: 	at androidx.fragment.app.FragmentActivity.onStart(SourceFile:2)

08-06 14:13:11.109  6685  6685 I LSPosed-Bridge: 	at com.lemon.faceu.uimodule.e.b.onStart(SourceFile:1)

08-06 14:13:11.109  6685  6685 I LSPosed-Bridge: 	at com.lemon.faceu.business.mainpage.MainActivity.onStart(Unknown Source:24)

08-06 14:13:11.109  6685  6685 I LSPosed-Bridge: 	at android.app.Instrumentation.callActivityOnStart(Instrumentation.java:1392)

08-06 14:13:11.109  6685  6685 I LSPosed-Bridge: 	at android.app.Activity.performStart(Activity.java:7157)

08-06 14:13:11.109  6685  6685 I LSPosed-Bridge: 	at android.app.ActivityThread.handleStartActivity(ActivityThread.java:2938)

08-06 14:13:11.109  6685  6685 I LSPosed-Bridge: 	at android.app.servertransaction.TransactionExecutor.performLifecycleSequence(TransactionExecutor.java:180)

08-06 14:13:11.109  6685  6685 I LSPosed-Bridge: 	at android.app.servertransaction.TransactionExecutor.cycleToPath(TransactionExecutor.java:165)

08-06 14:13:11.109  6685  6685 I LSPosed-Bridge: 	at android.app.servertransaction.TransactionExecutor.executeLifecycleState(TransactionExecutor.java:142)

08-06 14:13:11.109  6685  6685 I LSPosed-Bridge: 	at android.app.servertransaction.TransactionExecutor.execute(TransactionExecutor.java:70)

08-06 14:13:11.109  6685  6685 I LSPosed-Bridge: 	at android.app.ActivityThread$H.handleMessage(ActivityThread.java:1809)

08-06 14:13:11.109  6685  6685 I LSPosed-Bridge: 	at android.os.Handler.dispatchMessage(Handler.java:106)

08-06 14:13:11.109  6685  6685 I LSPosed-Bridge: 	at android.os.Looper.loop(Looper.java:193)

08-06 14:13:11.109  6685  6685 I LSPosed-Bridge: 	at android.app.ActivityThread.main(ActivityThread.java:6692)

08-06 14:13:11.109  6685  6685 I LSPosed-Bridge: 	at java.lang.reflect.Method.invoke(Native Method)

08-06 14:13:11.109  6685  6685 I LSPosed-Bridge: 	at com.android.internal.os.RuntimeInit$MethodAndArgsCaller.run(RuntimeInit.java:493)

08-06 14:13:11.109  6685  6685 I LSPosed-Bridge: 	at com.android.internal.os.ZygoteInit.main(ZygoteInit.java:858)

08-06 14:13:11.116  6685  6685 I LSPosed-Bridge: 6685 PermLabel hookBinder_test 10122 interfaceBinder =android.hardware.display.IDisplayManager; arg0 = 1; arg1 = android.os.Parcel@fb39b; arg2 = android.os.Parcel@e8b72ec; arg3 = 0; res = true; stacktrace=java.lang.Exception

08-06 14:13:11.116  6685  6685 I LSPosed-Bridge: 	at com.example.permlabel.hookBinder_test$1.afterHookedMethod(hookBinder_test.java:67)

08-06 14:13:11.116  6685  6685 I LSPosed-Bridge: 	at de.robv.android.xposed.XposedBridge$AdditionalHookInfo.callback(Unknown Source:147)

08-06 14:13:11.116  6685  6685 I LSPosed-Bridge: 	at LSPHooker_.transact(Unknown Source:28)

08-06 14:13:11.116  6685  6685 I LSPosed-Bridge: 	at android.hardware.display.IDisplayManager$Stub$Proxy.getDisplayInfo(IDisplayManager.java:404)

08-06 14:13:11.116  6685  6685 I LSPosed-Bridge: 	at android.hardware.display.DisplayManagerGlobal.getDisplayInfo(DisplayManagerGlobal.java:124)

08-06 14:13:11.116  6685  6685 I LSPosed-Bridge: 	at android.hardware.display.DisplayManagerGlobal.getCompatibleDisplay(DisplayManagerGlobal.java:199)

08-06 14:13:11.116  6685  6685 I LSPosed-Bridge: 	at android.app.ResourcesManager.getAdjustedDisplay(ResourcesManager.java:293)

08-06 14:13:11.116  6685  6685 I LSPosed-Bridge: 	at android.app.ContextImpl.getDisplay(ContextImpl.java:2223)

08-06 14:13:11.116  6685  6685 I LSPosed-Bridge: 	at android.view.WindowManagerImpl.getDefaultDisplay(WindowManagerImpl.java:149)

08-06 14:13:11.116  6685  6685 I LSPosed-Bridge: 	at com.lemon.faceu.common.j.e.b(SourceFile:3)

08-06 14:13:11.116  6685  6685 I LSPosed-Bridge: 	at com.lemon.faceu.common.j.e.f(SourceFile:1)

08-06 14:13:11.116  6685  6685 I LSPosed-Bridge: 	at com.lemon.faceu.core.camera.c.o1(SourceFile:9)

08-06 14:13:11.116  6685  6685 I LSPosed-Bridge: 	at com.lemon.faceu.core.camera.e.o1(SourceFile:3)

08-06 14:13:11.116  6685  6685 I LSPosed-Bridge: 	at com.lemon.faceu.core.camera.m.o1(SourceFile:3)

08-06 14:13:11.116  6685  6685 I LSPosed-Bridge: 	at com.lemon.faceu.core.camera.m.onStart(SourceFile:3)

08-06 14:13:11.116  6685  6685 I LSPosed-Bridge: 	at androidx.fragment.app.Fragment.performStart(SourceFile:5)

08-06 14:13:11.116  6685  6685 I LSPosed-Bridge: 	at androidx.fragment.app.FragmentStateManager.start(SourceFile:3)

08-06 14:13:11.116  6685  6685 I LSPosed-Bridge: 	at androidx.fragment.app.FragmentStateManager.moveToExpectedState(SourceFile:12)

08-06 14:13:11.116  6685  6685 I LSPosed-Bridge: 	at androidx.fragment.app.FragmentStore.moveToExpectedState(SourceFile:3)

08-06 14:13:11.116  6685  6685 I LSPosed-Bridge: 	at androidx.fragment.app.FragmentManager.moveToState(SourceFile:57)

08-06 14:13:11.116  6685  6685 I LSPosed-Bridge: 	at androidx.fragment.app.FragmentManager.dispatchStateChange(SourceFile:3)

08-06 14:13:11.116  6685  6685 I LSPosed-Bridge: 	at androidx.fragment.app.FragmentManager.dispatchStart(SourceFile:4)

08-06 14:13:11.116  6685  6685 I LSPosed-Bridge: 	at androidx.fragment.app.FragmentController.dispatchStart(SourceFile:1)

08-06 14:13:11.116  6685  6685 I LSPosed-Bridge: 	at androidx.fragment.app.FragmentActivity.onStart(SourceFile:9)

08-06 14:13:11.116  6685  6685 I LSPosed-Bridge: 	at com.lemon.faceu.uimodule.e.b.onStart(SourceFile:1)

08-06 14:13:11.116  6685  6685 I LSPosed-Bridge: 	at com.lemon.faceu.business.mainpage.MainActivity.onStart(Unknown Source:24)

08-06 14:13:11.116  6685  6685 I LSPosed-Bridge: 	at android.app.Instrumentation.callActivityOnStart(Instrumentation.java:1392)

08-06 14:13:11.116  6685  6685 I LSPosed-Bridge: 	at android.app.Activity.performStart(Activity.java:7157)

08-06 14:13:11.116  6685  6685 I LSPosed-Bridge: 	at android.app.ActivityThread.handleStartActivity(ActivityThread.java:2938)

08-06 14:13:11.116  6685  6685 I LSPosed-Bridge: 	at android.app.servertransaction.TransactionExecutor.performLifecycleSequence(TransactionExecutor.java:180)

08-06 14:13:11.116  6685  6685 I LSPosed-Bridge: 	at android.app.servertransaction.TransactionExecutor.cycleToPath(TransactionExecutor.java:165)

08-06 14:13:11.116  6685  6685 I LSPosed-Bridge: 	at android.app.servertransaction.TransactionExecutor.executeLifecycleState(TransactionExecutor.java:142)

08-06 14:13:11.116  6685  6685 I LSPosed-Bridge: 	at android.app.servertransaction.TransactionExecutor.execute(TransactionExecutor.java:70)

08-06 14:13:11.116  6685  6685 I LSPosed-Bridge: 	at android.app.ActivityThread$H.handleMessage(ActivityThread.java:1809)

08-06 14:13:11.116  6685  6685 I LSPosed-Bridge: 	at android.os.Handler.dispatchMessage(Handler.java:106)

08-06 14:13:11.116  6685  6685 I LSPosed-Bridge: 	at android.os.Looper.loop(Looper.java:193)

08-06 14:13:11.116  6685  6685 I LSPosed-Bridge: 	at android.app.ActivityThread.main(ActivityThread.java:6692)

08-06 14:13:11.116  6685  6685 I LSPosed-Bridge: 	at java.lang.reflect.Method.invoke(Native Method)

08-06 14:13:11.116  6685  6685 I LSPosed-Bridge: 	at com.android.internal.os.RuntimeInit$MethodAndArgsCaller.run(RuntimeInit.java:493)

08-06 14:13:11.116  6685  6685 I LSPosed-Bridge: 	at com.android.internal.os.ZygoteInit.main(ZygoteInit.java:858)

