08-06 14:13:11.116  1577  8316 I LSPosed-Bridge: 7940 PermLabel 10122 AMS.checkPermission: Binder.getCallingPid() = 7940; uid = 10122; Binder.getCallingUid() = 10122; getNameForUid: com.lemon.faceu; getPackagesForUid: [com.lemon.faceu]; permName: android.permission.GET_TASKS; type = 0; res = -1; stacktrace=java.lang.Exception

08-06 14:13:11.116  1577  8316 I LSPosed-Bridge: 	at com.example.permlabel.requirePerm$1$2.afterHookedMethod(requirePerm.java:136)

08-06 14:13:11.116  1577  8316 I LSPosed-Bridge: 	at de.robv.android.xposed.XposedBridge$AdditionalHookInfo.callback(Unknown Source:147)

08-06 14:13:11.116  1577  8316 I LSPosed-Bridge: 	at LSPHooker_.checkPermission(Unknown Source:25)

08-06 14:13:11.116  1577  8316 I LSPosed-Bridge: 	at com.android.server.am.ActivityManagerService.isGetTasksAllowed(ActivityManagerService.java:10902)

08-06 14:13:11.116  1577  8316 I LSPosed-Bridge: 	at com.android.server.am.ActivityManagerService.getRunningAppProcesses(ActivityManagerService.java:16139)

08-06 14:13:11.116  1577  8316 I LSPosed-Bridge: 	at android.app.IActivityManager$Stub.onTransact(IActivityManager.java:1088)

08-06 14:13:11.116  1577  8316 I LSPosed-Bridge: 	at com.android.server.am.ActivityManagerService.onTransact(ActivityManagerService.java:3346)

08-06 14:13:11.116  1577  8316 I LSPosed-Bridge: 	at android.os.Binder.execTransact(Binder.java:731)

08-06 14:13:11.117  1577  7646 I LSPosed-Bridge: 6685 PermLabel 10122 AMS.checkPermission: Binder.getCallingPid() = 6685; uid = 10122; Binder.getCallingUid() = 10122; getNameForUid: com.lemon.faceu; getPackagesForUid: [com.lemon.faceu]; permName: android.permission.GET_TASKS; type = 0; res = -1; stacktrace=java.lang.Exception

08-06 14:13:11.117  1577  7646 I LSPosed-Bridge: 	at com.example.permlabel.requirePerm$1$2.afterHookedMethod(requirePerm.java:136)

08-06 14:13:11.117  1577  7646 I LSPosed-Bridge: 	at de.robv.android.xposed.XposedBridge$AdditionalHookInfo.callback(Unknown Source:147)

08-06 14:13:11.117  1577  7646 I LSPosed-Bridge: 	at LSPHooker_.checkPermission(Unknown Source:25)

08-06 14:13:11.117  1577  7646 I LSPosed-Bridge: 	at com.android.server.am.ActivityManagerService.isGetTasksAllowed(ActivityManagerService.java:10902)

08-06 14:13:11.117  1577  7646 I LSPosed-Bridge: 	at com.android.server.am.ActivityManagerService.getRunningAppProcesses(ActivityManagerService.java:16139)

08-06 14:13:11.117  1577  7646 I LSPosed-Bridge: 	at android.app.IActivityManager$Stub.onTransact(IActivityManager.java:1088)

08-06 14:13:11.117  1577  7646 I LSPosed-Bridge: 	at com.android.server.am.ActivityManagerService.onTransact(ActivityManagerService.java:3346)

08-06 14:13:11.117  1577  7646 I LSPosed-Bridge: 	at android.os.Binder.execTransact(Binder.java:731)

08-06 14:13:11.117  6685  6685 I LSPosed-Bridge: 6685 PermLabel hookBinder_test 10122 interfaceBinder =android.hardware.display.IDisplayManager; arg0 = 1; arg1 = android.os.Parcel@844afe0; arg2 = android.os.Parcel@295d074; arg3 = 0; res = true; stacktrace=java.lang.Exception

08-06 14:13:11.117  6685  6685 I LSPosed-Bridge: 	at com.example.permlabel.hookBinder_test$1.afterHookedMethod(hookBinder_test.java:67)

08-06 14:13:11.117  6685  6685 I LSPosed-Bridge: 	at de.robv.android.xposed.XposedBridge$AdditionalHookInfo.callback(Unknown Source:147)

08-06 14:13:11.117  6685  6685 I LSPosed-Bridge: 	at LSPHooker_.transact(Unknown Source:28)

08-06 14:13:11.117  6685  6685 I LSPosed-Bridge: 	at android.hardware.display.IDisplayManager$Stub$Proxy.getDisplayInfo(IDisplayManager.java:404)

08-06 14:13:11.117  6685  6685 I LSPosed-Bridge: 	at android.hardware.display.DisplayManagerGlobal.getDisplayInfo(DisplayManagerGlobal.java:124)

08-06 14:13:11.117  6685  6685 I LSPosed-Bridge: 	at android.view.Display.updateDisplayInfoLocked(Display.java:1046)

08-06 14:13:11.117  6685  6685 I LSPosed-Bridge: 	at android.view.Display.getMetrics(Display.java:961)

08-06 14:13:11.117  6685  6685 I LSPosed-Bridge: 	at com.lemon.faceu.common.j.e.b(SourceFile:3)

08-06 14:13:11.117  6685  6685 I LSPosed-Bridge: 	at com.lemon.faceu.common.j.e.f(SourceFile:1)

08-06 14:13:11.117  6685  6685 I LSPosed-Bridge: 	at com.lemon.faceu.core.camera.c.o1(SourceFile:9)

08-06 14:13:11.117  6685  6685 I LSPosed-Bridge: 	at com.lemon.faceu.core.camera.e.o1(SourceFile:3)

08-06 14:13:11.117  6685  6685 I LSPosed-Bridge: 	at com.lemon.faceu.core.camera.m.o1(SourceFile:3)

08-06 14:13:11.117  6685  6685 I LSPosed-Bridge: 	at com.lemon.faceu.core.camera.m.onStart(SourceFile:3)

08-06 14:13:11.117  6685  6685 I LSPosed-Bridge: 	at androidx.fragment.app.Fragment.performStart(SourceFile:5)

08-06 14:13:11.117  6685  6685 I LSPosed-Bridge: 	at androidx.fragment.app.FragmentStateManager.start(SourceFile:3)

08-06 14:13:11.117  6685  6685 I LSPosed-Bridge: 	at androidx.fragment.app.FragmentStateManager.moveToExpectedState(SourceFile:12)

08-06 14:13:11.117  6685  6685 I LSPosed-Bridge: 	at androidx.fragment.app.FragmentStore.moveToExpectedState(SourceFile:3)

08-06 14:13:11.117  6685  6685 I LSPosed-Bridge: 	at androidx.fragment.app.FragmentManager.moveToState(SourceFile:57)

08-06 14:13:11.117  6685  6685 I LSPosed-Bridge: 	at androidx.fragment.app.FragmentManager.dispatchStateChange(SourceFile:3)

08-06 14:13:11.117  6685  6685 I LSPosed-Bridge: 	at androidx.fragment.app.FragmentManager.dispatchStart(SourceFile:4)

08-06 14:13:11.117  6685  6685 I LSPosed-Bridge: 	at androidx.fragment.app.FragmentController.dispatchStart(SourceFile:1)

08-06 14:13:11.117  6685  6685 I LSPosed-Bridge: 	at androidx.fragment.app.FragmentActivity.onStart(SourceFile:9)

08-06 14:13:11.117  6685  6685 I LSPosed-Bridge: 	at com.lemon.faceu.uimodule.e.b.onStart(SourceFile:1)

08-06 14:13:11.117  6685  6685 I LSPosed-Bridge: 	at com.lemon.faceu.business.mainpage.MainActivity.onStart(Unknown Source:24)

08-06 14:13:11.117  6685  6685 I LSPosed-Bridge: 	at android.app.Instrumentation.callActivityOnStart(Instrumentation.java:1392)

08-06 14:13:11.117  6685  6685 I LSPosed-Bridge: 	at android.app.Activity.performStart(Activity.java:7157)

08-06 14:13:11.117  6685  6685 I LSPosed-Bridge: 	at android.app.ActivityThread.handleStartActivity(ActivityThread.java:2938)

08-06 14:13:11.117  6685  6685 I LSPosed-Bridge: 	at android.app.servertransaction.TransactionExecutor.performLifecycleSequence(TransactionExecutor.java:180)

08-06 14:13:11.117  6685  6685 I LSPosed-Bridge: 	at android.app.servertransaction.TransactionExecutor.cycleToPath(TransactionExecutor.java:165)

08-06 14:13:11.117  6685  6685 I LSPosed-Bridge: 	at android.app.servertransaction.TransactionExecutor.executeLifecycleState(TransactionExecutor.java:142)

08-06 14:13:11.117  6685  6685 I LSPosed-Bridge: 	at android.app.servertransaction.TransactionExecutor.execute(TransactionExecutor.java:70)

08-06 14:13:11.117  6685  6685 I LSPosed-Bridge: 	at android.app.ActivityThread$H.handleMessage(ActivityThread.java:1809)

08-06 14:13:11.117  6685  6685 I LSPosed-Bridge: 	at android.os.Handler.dispatchMessage(Handler.java:106)

08-06 14:13:11.117  6685  6685 I LSPosed-Bridge: 	at android.os.Looper.loop(Looper.java:193)

08-06 14:13:11.117  6685  6685 I LSPosed-Bridge: 	at android.app.ActivityThread.main(ActivityThread.java:6692)

08-06 14:13:11.117  6685  6685 I LSPosed-Bridge: 	at java.lang.reflect.Method.invoke(Native Method)

08-06 14:13:11.117  6685  6685 I LSPosed-Bridge: 	at com.android.internal.os.RuntimeInit$MethodAndArgsCaller.run(RuntimeInit.java:493)

08-06 14:13:11.117  6685  6685 I LSPosed-Bridge: 	at com.android.internal.os.ZygoteInit.main(ZygoteInit.java:858)

08-06 14:13:11.117  7940  8057 I LSPosed-Bridge: 7940 PermLabel hookBinder_test 10122 interfaceBinder =android.app.IActivityManager; arg0 = 81; arg1 = android.os.Parcel@f08b66a; arg2 = android.os.Parcel@e6352cd; arg3 = 0; res = true; stacktrace=java.lang.Exception

08-06 14:13:11.117  7940  8057 I LSPosed-Bridge: 	at com.example.permlabel.hookBinder_test$1.afterHookedMethod(hookBinder_test.java:67)

08-06 14:13:11.117  7940  8057 I LSPosed-Bridge: 	at de.robv.android.xposed.XposedBridge$AdditionalHookInfo.callback(Unknown Source:147)

08-06 14:13:11.117  7940  8057 I LSPosed-Bridge: 	at LSPHooker_.transact(Unknown Source:28)

08-06 14:13:11.117  7940  8057 I LSPosed-Bridge: 	at android.app.IActivityManager$Stub$Proxy.getRunningAppProcesses(IActivityManager.java:5366)

08-06 14:13:11.117  7940  8057 I LSPosed-Bridge: 	at android.app.ActivityManager.getRunningAppProcesses(ActivityManager.java:3435)

08-06 14:13:11.117  7940  8057 I LSPosed-Bridge: 	at java.lang.reflect.Method.invoke(Native Method)

08-06 14:13:11.117  7940  8057 I LSPosed-Bridge: 	at org.lsposed.lspd.nativebridge.HookBridge.invokeOriginalMethod(Native Method)

08-06 14:13:11.117  7940  8057 I LSPosed-Bridge: 	at de.robv.android.xposed.XposedBridge$AdditionalHookInfo.callback(Unknown Source:110)

08-06 14:13:11.117  7940  8057 I LSPosed-Bridge: 	at LSPHooker_.getRunningAppProcesses(Unknown Source:8)

08-06 14:13:11.117  7940  8057 I LSPosed-Bridge: 	at com.ss.android.message.util.ToolUtils.isMainProcessStart(SourceFile:2)

08-06 14:13:11.117  7940  8057 I LSPosed-Bridge: 	at com.ss.android.pushmanager.setting.PushMultiProcessSharedProvider.allowStartOthersProcess(SourceFile:2)

08-06 14:13:11.117  7940  8057 I LSPosed-Bridge: 	at com.ss.android.pushmanager.setting.PushMultiProcessSharedProvider$MultiProcessShared.getLong(SourceFile:1)

08-06 14:13:11.117  7940  8057 I LSPosed-Bridge: 	at com.ss.android.newmedia.redbadge.setting.RedbadgeSetting.getRedBadgeLastRequestTime(SourceFile:1)

08-06 14:13:11.117  7940  8057 I LSPosed-Bridge: 	at com.ss.android.newmedia.redbadge.RedBadgeController.loadRequestConfig(SourceFile:1)

08-06 14:13:11.117  7940  8057 I LSPosed-Bridge: 	at com.ss.android.newmedia.redbadge.RedBadgeController$5.onChange(SourceFile:3)

08-06 14:13:11.117  7940  8057 I LSPosed-Bridge: 	at android.database.ContentObserver.onChange(ContentObserver.java:130)

08-06 14:13:11.117  7940  8057 I LSPosed-Bridge: 	at android.database.ContentObserver.onChange(ContentObserver.java:145)

08-06 14:13:11.117  7940  8057 I LSPosed-Bridge: 	at android.database.ContentObserver$NotificationRunnable.run(ContentObserver.java:216)

08-06 14:13:11.117  7940  8057 I LSPosed-Bridge: 	at android.os.Handler.handleCallback(Handler.java:873)

08-06 14:13:11.117  7940  8057 I LSPosed-Bridge: 	at android.os.Handler.dispatchMessage(Handler.java:99)

08-06 14:13:11.117  7940  8057 I LSPosed-Bridge: 	at android.os.Looper.loop(Looper.java:193)

08-06 14:13:11.117  7940  8057 I LSPosed-Bridge: 	at android.os.HandlerThread.run(HandlerThread.java:65)

08-06 14:13:11.117  6685  6756 I LSPosed-Bridge: 6685 PermLabel hookBinder_test 10122 interfaceBinder =android.app.IActivityManager; arg0 = 81; arg1 = android.os.Parcel@e8b72ec; arg2 = android.os.Parcel@fb39b; arg3 = 0; res = true; stacktrace=java.lang.Exception

08-06 14:13:11.117  6685  6756 I LSPosed-Bridge: 	at com.example.permlabel.hookBinder_test$1.afterHookedMethod(hookBinder_test.java:67)

08-06 14:13:11.117  6685  6756 I LSPosed-Bridge: 	at de.robv.android.xposed.XposedBridge$AdditionalHookInfo.callback(Unknown Source:147)

08-06 14:13:11.117  6685  6756 I LSPosed-Bridge: 	at LSPHooker_.transact(Unknown Source:28)

08-06 14:13:11.117  6685  6756 I LSPosed-Bridge: 	at android.app.IActivityManager$Stub$Proxy.getRunningAppProcesses(IActivityManager.java:5366)

08-06 14:13:11.117  6685  6756 I LSPosed-Bridge: 	at android.app.ActivityManager.getRunningAppProcesses(ActivityManager.java:3435)

08-06 14:13:11.117  6685  6756 I LSPosed-Bridge: 	at java.lang.reflect.Method.invoke(Native Method)

08-06 14:13:11.117  6685  6756 I LSPosed-Bridge: 	at org.lsposed.lspd.nativebridge.HookBridge.invokeOriginalMethod(Native Method)

08-06 14:13:11.117  6685  6756 I LSPosed-Bridge: 	at de.robv.android.xposed.XposedBridge$AdditionalHookInfo.callback(Unknown Source:110)

08-06 14:13:11.117  6685  6756 I LSPosed-Bridge: 	at LSPHooker_.getRunningAppProcesses(Unknown Source:8)

08-06 14:13:11.117  6685  6756 I LSPosed-Bridge: 	at com.ss.android.message.util.ToolUtils.isMainProcessStart(SourceFile:2)

08-06 14:13:11.117  6685  6756 I LSPosed-Bridge: 	at com.ss.android.pushmanager.setting.PushMultiProcessSharedProvider.allowStartOthersProcess(SourceFile:2)

08-06 14:13:11.117  6685  6756 I LSPosed-Bridge: 	at com.ss.android.pushmanager.setting.PushMultiProcessSharedProvider$Editor.apply(SourceFile:1)

08-06 14:13:11.117  6685  6756 I LSPosed-Bridge: 	at com.ss.android.newmedia.redbadge.setting.RedbadgeSetting.setRedBadgeLastLastTimeParas(SourceFile:1)

08-06 14:13:11.117  6685  6756 I LSPosed-Bridge: 	at com.ss.android.newmedia.redbadge.RedBadgeControlClient.saveTimeParas(SourceFile:4)

08-06 14:13:11.117  6685  6756 I LSPosed-Bridge: 	at com.ss.android.newmedia.redbadge.RedBadgeControlClient.handleTimeParasChange(SourceFile:19)

08-06 14:13:11.117  6685  6756 I LSPosed-Bridge: 	at com.ss.android.newmedia.redbadge.RedBadgeControlClient.handleMsg(SourceFile:6)

08-06 14:13:11.117  6685  6756 I LSPosed-Bridge: 	at com.bytedance.common.utility.collection.WeakHandler.handleMessage(SourceFile:2)

08-06 14:13:11.117  6685  6756 I LSPosed-Bridge: 	at android.os.Handler.dispatchMessage(Handler.java:106)

08-06 14:13:11.117  6685  6756 I LSPosed-Bridge: 	at android.os.Looper.loop(Looper.java:193)

08-06 14:13:11.117  6685  6756 I LSPosed-Bridge: 	at android.os.HandlerThread.run(HandlerThread.java:65)

08-06 14:13:11.117  7940  8057 I LSPosed-Bridge: 7940 PermLabel getRunningAppProcesses =android.app.ActivityManager$RunningAppProcessInfo@f4adb9d

08-06 14:13:11.117  7940  8057 I LSPosed-Bridge: 7940 PermLabel getRunningAppProcesses processName: com.lemon.faceu pid: 6685

08-06 14:13:11.117  7940  8057 I LSPosed-Bridge: 7940 PermLabel getRunningAppProcesses importance: 100 pid: 6685

08-06 14:13:11.117  6685  6756 I LSPosed-Bridge: 6685 PermLabel getRunningAppProcesses =android.app.ActivityManager$RunningAppProcessInfo@5eaa104

08-06 14:13:11.117  7940  8057 I LSPosed-Bridge: 7940 PermLabel getRunningAppProcesses packageName com.lemon.faceu at index 0 in process 6685

08-06 14:13:11.117  6685  6756 I LSPosed-Bridge: 6685 PermLabel getRunningAppProcesses processName: com.lemon.faceu pid: 6685

08-06 14:13:11.117  7940  8057 I LSPosed-Bridge: 7940 PermLabel getRunningAppProcesses =android.app.ActivityManager$RunningAppProcessInfo@a378812

08-06 14:13:11.117  6685  6756 I LSPosed-Bridge: 6685 PermLabel getRunningAppProcesses importance: 100 pid: 6685

08-06 14:13:11.117  7940  8057 I LSPosed-Bridge: 7940 PermLabel getRunningAppProcesses processName: com.lemon.faceu:push pid: 7940

08-06 14:13:11.117  6685  6756 I LSPosed-Bridge: 6685 PermLabel getRunningAppProcesses packageName com.lemon.faceu at index 0 in process 6685

08-06 14:13:11.117  7940  8057 I LSPosed-Bridge: 7940 PermLabel getRunningAppProcesses importance: 100 pid: 7940

08-06 14:13:11.117  6685  6756 I LSPosed-Bridge: 6685 PermLabel getRunningAppProcesses =android.app.ActivityManager$RunningAppProcessInfo@f0df6ed

08-06 14:13:11.117  7940  8057 I LSPosed-Bridge: 7940 PermLabel getRunningAppProcesses packageName com.lemon.faceu at index 0 in process 7940

08-06 14:13:11.117  6685  6756 I LSPosed-Bridge: 6685 PermLabel getRunningAppProcesses processName: com.lemon.faceu:push pid: 7940

08-06 14:13:11.117  7940  8057 I LSPosed-Bridge: 7940 PermLabel getRunningAppProcesses =android.app.ActivityManager$RunningAppProcessInfo@5069be3

08-06 14:13:11.117  6685  6756 I LSPosed-Bridge: 6685 PermLabel getRunningAppProcesses importance: 100 pid: 7940

08-06 14:13:11.117  6685  6756 I LSPosed-Bridge: 6685 PermLabel getRunningAppProcesses packageName com.lemon.faceu at index 0 in process 7940

08-06 14:13:11.117  7940  8057 I LSPosed-Bridge: 7940 PermLabel getRunningAppProcesses processName: com.lemon.faceu:pushservice pid: 7918

08-06 14:13:11.117  7940  8057 I LSPosed-Bridge: 7940 PermLabel getRunningAppProcesses importance: 100 pid: 7918

08-06 14:13:11.117  6685  6756 I LSPosed-Bridge: 6685 PermLabel getRunningAppProcesses =android.app.ActivityManager$RunningAppProcessInfo@27c8922

08-06 14:13:11.117  7940  8057 I LSPosed-Bridge: 7940 PermLabel getRunningAppProcesses packageName com.lemon.faceu at index 0 in process 7918

08-06 14:13:11.117  6685  6756 I LSPosed-Bridge: 6685 PermLabel getRunningAppProcesses processName: com.lemon.faceu:pushservice pid: 7918

08-06 14:13:11.117  6685  6756 I LSPosed-Bridge: 6685 PermLabel getRunningAppProcesses importance: 100 pid: 7918

08-06 14:13:11.117  6685  6756 I LSPosed-Bridge: 6685 PermLabel getRunningAppProcesses packageName com.lemon.faceu at index 0 in process 7918

08-06 14:13:11.122  1577  8316 I LSPosed-Bridge: 7940 PermLabel 10122 AMS.checkPermission: Binder.getCallingPid() = 7940; uid = 10122; Binder.getCallingUid() = 10122; getNameForUid: com.lemon.faceu; getPackagesForUid: [com.lemon.faceu]; permName: android.permission.GET_TASKS; type = 0; res = -1; stacktrace=java.lang.Exception

08-06 14:13:11.122  1577  8316 I LSPosed-Bridge: 	at com.example.permlabel.requirePerm$1$2.afterHookedMethod(requirePerm.java:136)

08-06 14:13:11.122  1577  8316 I LSPosed-Bridge: 	at de.robv.android.xposed.XposedBridge$AdditionalHookInfo.callback(Unknown Source:147)

08-06 14:13:11.122  1577  8316 I LSPosed-Bridge: 	at LSPHooker_.checkPermission(Unknown Source:25)

08-06 14:13:11.122  1577  8316 I LSPosed-Bridge: 	at com.android.server.am.ActivityManagerService.isGetTasksAllowed(ActivityManagerService.java:10902)

08-06 14:13:11.122  1577  8316 I LSPosed-Bridge: 	at com.android.server.am.ActivityManagerService.getRunningAppProcesses(ActivityManagerService.java:16139)

08-06 14:13:11.122  1577  8316 I LSPosed-Bridge: 	at android.app.IActivityManager$Stub.onTransact(IActivityManager.java:1088)

08-06 14:13:11.122  1577  8316 I LSPosed-Bridge: 	at com.android.server.am.ActivityManagerService.onTransact(ActivityManagerService.java:3346)

08-06 14:13:11.122  1577  8316 I LSPosed-Bridge: 	at android.os.Binder.execTransact(Binder.java:731)

08-06 14:13:11.122  6685  6685 I LSPosed-Bridge: 6685 PermLabel hookBinder_test 10122 interfaceBinder =android.hardware.display.IDisplayManager; arg0 = 1; arg1 = android.os.Parcel@295d074; arg2 = android.os.Parcel@844afe0; arg3 = 0; res = true; stacktrace=java.lang.Exception

08-06 14:13:11.122  6685  6685 I LSPosed-Bridge: 	at com.example.permlabel.hookBinder_test$1.afterHookedMethod(hookBinder_test.java:67)

08-06 14:13:11.122  6685  6685 I LSPosed-Bridge: 	at de.robv.android.xposed.XposedBridge$AdditionalHookInfo.callback(Unknown Source:147)

08-06 14:13:11.122  6685  6685 I LSPosed-Bridge: 	at LSPHooker_.transact(Unknown Source:28)

08-06 14:13:11.122  6685  6685 I LSPosed-Bridge: 	at android.hardware.display.IDisplayManager$Stub$Proxy.getDisplayInfo(IDisplayManager.java:404)

08-06 14:13:11.122  6685  6685 I LSPosed-Bridge: 	at android.hardware.display.DisplayManagerGlobal.getDisplayInfo(DisplayManagerGlobal.java:124)

08-06 14:13:11.122  6685  6685 I LSPosed-Bridge: 	at android.hardware.display.DisplayManagerGlobal.getCompatibleDisplay(DisplayManagerGlobal.java:199)

08-06 14:13:11.122  6685  6685 I LSPosed-Bridge: 	at android.app.ResourcesManager.getAdjustedDisplay(ResourcesManager.java:293)

08-06 14:13:11.122  6685  6685 I LSPosed-Bridge: 	at android.app.ContextImpl.getDisplay(ContextImpl.java:2223)

08-06 14:13:11.122  6685  6685 I LSPosed-Bridge: 	at android.view.WindowManagerImpl.getDefaultDisplay(WindowManagerImpl.java:149)

08-06 14:13:11.122  6685  6685 I LSPosed-Bridge: 	at com.lemon.faceu.common.j.e.b(SourceFile:3)

08-06 14:13:11.122  6685  6685 I LSPosed-Bridge: 	at com.lemon.faceu.common.j.e.f(SourceFile:1)

08-06 14:13:11.122  6685  6685 I LSPosed-Bridge: 	at com.lemon.faceu.uimodule.c.b(SourceFile:1)

08-06 14:13:11.122  6685  6685 I LSPosed-Bridge: 	at com.lemon.faceu.uimodule.c.a(SourceFile:1)

08-06 14:13:11.122  6685  6685 I LSPosed-Bridge: 	at com.lemon.faceu.core.camera.r.a.a(SourceFile:78)

08-06 14:13:11.122  6685  6685 I LSPosed-Bridge: 	at com.lemon.faceu.core.camera.c.r(SourceFile:18)

08-06 14:13:11.122  6685  6685 I LSPosed-Bridge: 	at com.lemon.faceu.core.camera.e.r(SourceFile:34)

08-06 14:13:11.122  6685  6685 I LSPosed-Bridge: 	at com.lemon.faceu.core.camera.m.r(SourceFile:57)

08-06 14:13:11.122  6685  6685 I LSPosed-Bridge: 	at com.lemon.faceu.core.camera.c.c1(SourceFile:5)

08-06 14:13:11.122  6685  6685 I LSPosed-Bridge: 	at com.lemon.faceu.core.camera.e.c1(SourceFile:4)

08-06 14:13:11.122  6685  6685 I LSPosed-Bridge: 	at com.lemon.faceu.core.camera.m.c1(SourceFile:1)

08-06 14:13:11.122  6685  6685 I LSPosed-Bridge: 	at com.lemon.faceu.core.camera.c.o1(SourceFile:34)

08-06 14:13:11.122  6685  6685 I LSPosed-Bridge: 	at com.lemon.faceu.core.camera.e.o1(SourceFile:3)

08-06 14:13:11.122  6685  6685 I LSPosed-Bridge: 	at com.lemon.faceu.core.camera.m.o1(SourceFile:3)

08-06 14:13:11.122  6685  6685 I LSPosed-Bridge: 	at com.lemon.faceu.core.camera.m.onStart(SourceFile:3)

08-06 14:13:11.122  6685  6685 I LSPosed-Bridge: 	at androidx.fragment.app.Fragment.performStart(SourceFile:5)

08-06 14:13:11.122  6685  6685 I LSPosed-Bridge: 	at androidx.fragment.app.FragmentStateManager.start(SourceFile:3)

08-06 14:13:11.122  6685  6685 I LSPosed-Bridge: 	at androidx.fragment.app.FragmentStateManager.moveToExpectedState(SourceFile:12)

08-06 14:13:11.122  6685  6685 I LSPosed-Bridge: 	at androidx.fragment.app.FragmentStore.moveToExpectedState(SourceFile:3)

08-06 14:13:11.122  6685  6685 I LSPosed-Bridge: 	at androidx.fragment.app.FragmentManager.moveToState(SourceFile:57)

08-06 14:13:11.122  6685  6685 I LSPosed-Bridge: 	at androidx.fragment.app.FragmentManager.dispatchStateChange(SourceFile:3)

08-06 14:13:11.122  6685  6685 I LSPosed-Bridge: 	at androidx.fragment.app.FragmentManager.dispatchStart(SourceFile:4)

08-06 14:13:11.122  6685  6685 I LSPosed-Bridge: 	at androidx.fragment.app.FragmentController.dispatchStart(SourceFile:1)

08-06 14:13:11.122  6685  6685 I LSPosed-Bridge: 	at androidx.fragment.app.FragmentActivity.onStart(SourceFile:9)

08-06 14:13:11.122  6685  6685 I LSPosed-Bridge: 	at com.lemon.faceu.uimodule.e.b.onStart(SourceFile:1)

08-06 14:13:11.122  6685  6685 I LSPosed-Bridge: 	at com.lemon.faceu.business.mainpage.MainActivity.onStart(Unknown Source:24)

08-06 14:13:11.122  6685  6685 I LSPosed-Bridge: 	at android.app.Instrumentation.callActivityOnStart(Instrumentation.java:1392)

08-06 14:13:11.122  6685  6685 I LSPosed-Bridge: 	at android.app.Activity.performStart(Activity.java:7157)

08-06 14:13:11.122  6685  6685 I LSPosed-Bridge: 	at android.app.ActivityThread.handleStartActivity(ActivityThread.java:2938)

08-06 14:13:11.122  6685  6685 I LSPosed-Bridge: 	at android.app.servertransaction.TransactionExecutor.performLifecycleSequence(TransactionExecutor.java:180)

08-06 14:13:11.122  6685  6685 I LSPosed-Bridge: 	at android.app.servertransaction.TransactionExecutor.cycleToPath(TransactionExecutor.java:165)

08-06 14:13:11.122  6685  6685 I LSPosed-Bridge: 	at android.app.servertransaction.TransactionExecutor.executeLifecycleState(TransactionExecutor.java:142)

08-06 14:13:11.122  6685  6685 I LSPosed-Bridge: 	at android.app.servertransaction.TransactionExecutor.execute(TransactionExecutor.java:70)

08-06 14:13:11.122  6685  6685 I LSPosed-Bridge: 	at android.app.ActivityThread$H.handleMessage(ActivityThread.java:1809)

08-06 14:13:11.122  6685  6685 I LSPosed-Bridge: 	at android.os.Handler.dispatchMessage(Handler.java:106)

08-06 14:13:11.122  6685  6685 I LSPosed-Bridge: 	at android.os.Looper.loop(Looper.java:193)

08-06 14:13:11.122  6685  6685 I LSPosed-Bridge: 	at android.app.ActivityThread.main(ActivityThread.java:6692)

08-06 14:13:11.122  6685  6685 I LSPosed-Bridge: 	at java.lang.reflect.Method.invoke(Native Method)

08-06 14:13:11.122  6685  6685 I LSPosed-Bridge: 	at com.android.internal.os.RuntimeInit$MethodAndArgsCaller.run(RuntimeInit.java:493)

08-06 14:13:11.122  6685  6685 I LSPosed-Bridge: 	at com.android.internal.os.ZygoteInit.main(ZygoteInit.java:858)

08-06 14:13:11.129  1577  8316 I LSPosed-Bridge: 7940 PermLabel 10122 AMS.checkPermission: Binder.getCallingPid() = 7940; uid = 10122; Binder.getCallingUid() = 10122; getNameForUid: com.lemon.faceu; getPackagesForUid: [com.lemon.faceu]; permName: android.permission.GET_TASKS; type = 0; res = -1; stacktrace=java.lang.Exception

08-06 14:13:11.129  1577  8316 I LSPosed-Bridge: 	at com.example.permlabel.requirePerm$1$2.afterHookedMethod(requirePerm.java:136)

08-06 14:13:11.129  1577  8316 I LSPosed-Bridge: 	at de.robv.android.xposed.XposedBridge$AdditionalHookInfo.callback(Unknown Source:147)

08-06 14:13:11.129  1577  8316 I LSPosed-Bridge: 	at LSPHooker_.checkPermission(Unknown Source:25)

08-06 14:13:11.129  1577  8316 I LSPosed-Bridge: 	at com.android.server.am.ActivityManagerService.isGetTasksAllowed(ActivityManagerService.java:10902)

08-06 14:13:11.129  1577  8316 I LSPosed-Bridge: 	at com.android.server.am.ActivityManagerService.getRunningAppProcesses(ActivityManagerService.java:16139)

08-06 14:13:11.129  1577  8316 I LSPosed-Bridge: 	at android.app.IActivityManager$Stub.onTransact(IActivityManager.java:1088)

08-06 14:13:11.129  1577  8316 I LSPosed-Bridge: 	at com.android.server.am.ActivityManagerService.onTransact(ActivityManagerService.java:3346)

08-06 14:13:11.129  1577  8316 I LSPosed-Bridge: 	at android.os.Binder.execTransact(Binder.java:731)

08-06 14:13:11.129  6685  6685 I LSPosed-Bridge: 6685 PermLabel hookBinder_test 10122 interfaceBinder =android.hardware.display.IDisplayManager; arg0 = 1; arg1 = android.os.Parcel@844afe0; arg2 = android.os.Parcel@295d074; arg3 = 0; res = true; stacktrace=java.lang.Exception

08-06 14:13:11.129  6685  6685 I LSPosed-Bridge: 	at com.example.permlabel.hookBinder_test$1.afterHookedMethod(hookBinder_test.java:67)

08-06 14:13:11.129  6685  6685 I LSPosed-Bridge: 	at de.robv.android.xposed.XposedBridge$AdditionalHookInfo.callback(Unknown Source:147)

08-06 14:13:11.129  6685  6685 I LSPosed-Bridge: 	at LSPHooker_.transact(Unknown Source:28)

08-06 14:13:11.129  6685  6685 I LSPosed-Bridge: 	at android.hardware.display.IDisplayManager$Stub$Proxy.getDisplayInfo(IDisplayManager.java:404)

08-06 14:13:11.129  6685  6685 I LSPosed-Bridge: 	at android.hardware.display.DisplayManagerGlobal.getDisplayInfo(DisplayManagerGlobal.java:124)

08-06 14:13:11.129  6685  6685 I LSPosed-Bridge: 	at android.view.Display.updateDisplayInfoLocked(Display.java:1046)

08-06 14:13:11.129  6685  6685 I LSPosed-Bridge: 	at android.view.Display.getMetrics(Display.java:961)

08-06 14:13:11.129  6685  6685 I LSPosed-Bridge: 	at com.lemon.faceu.common.j.e.b(SourceFile:3)

08-06 14:13:11.129  6685  6685 I LSPosed-Bridge: 	at com.lemon.faceu.common.j.e.f(SourceFile:1)

08-06 14:13:11.129  6685  6685 I LSPosed-Bridge: 	at com.lemon.faceu.uimodule.c.b(SourceFile:1)

08-06 14:13:11.129  6685  6685 I LSPosed-Bridge: 	at com.lemon.faceu.uimodule.c.c(SourceFile:1)

08-06 14:13:11.129  6685  6685 I LSPosed-Bridge: 	at com.lemon.faceu.core.camera.r.a.a(SourceFile:88)

08-06 14:13:11.129  6685  6685 I LSPosed-Bridge: 	at com.lemon.faceu.core.camera.c.r(SourceFile:18)

08-06 14:13:11.129  6685  6685 I LSPosed-Bridge: 	at com.lemon.faceu.core.camera.e.r(SourceFile:34)

08-06 14:13:11.129  6685  6685 I LSPosed-Bridge: 	at com.lemon.faceu.core.camera.m.r(SourceFile:57)

08-06 14:13:11.129  6685  6685 I LSPosed-Bridge: 	at com.lemon.faceu.core.camera.c.c1(SourceFile:5)

08-06 14:13:11.129  6685  6685 I LSPosed-Bridge: 	at com.lemon.faceu.core.camera.e.c1(SourceFile:4)

08-06 14:13:11.129  6685  6685 I LSPosed-Bridge: 	at com.lemon.faceu.core.camera.m.c1(SourceFile:1)

08-06 14:13:11.129  6685  6685 I LSPosed-Bridge: 	at com.lemon.faceu.core.camera.c.o1(SourceFile:34)

08-06 14:13:11.129  6685  6685 I LSPosed-Bridge: 	at com.lemon.faceu.core.camera.e.o1(SourceFile:3)

08-06 14:13:11.129  6685  6685 I LSPosed-Bridge: 	at com.lemon.faceu.core.camera.m.o1(SourceFile:3)

08-06 14:13:11.129  6685  6685 I LSPosed-Bridge: 	at com.lemon.faceu.core.camera.m.onStart(SourceFile:3)

08-06 14:13:11.129  6685  6685 I LSPosed-Bridge: 	at androidx.fragment.app.Fragment.performStart(SourceFile:5)

08-06 14:13:11.129  6685  6685 I LSPosed-Bridge: 	at androidx.fragment.app.FragmentStateManager.start(SourceFile:3)

08-06 14:13:11.129  6685  6685 I LSPosed-Bridge: 	at androidx.fragment.app.FragmentStateManager.moveToExpectedState(SourceFile:12)

08-06 14:13:11.129  6685  6685 I LSPosed-Bridge: 	at androidx.fragment.app.FragmentStore.moveToExpectedState(SourceFile:3)

08-06 14:13:11.129  6685  6685 I LSPosed-Bridge: 	at androidx.fragment.app.FragmentManager.moveToState(SourceFile:57)

08-06 14:13:11.129  6685  6685 I LSPosed-Bridge: 	at androidx.fragment.app.FragmentManager.dispatchStateChange(SourceFile:3)

08-06 14:13:11.129  6685  6685 I LSPosed-Bridge: 	at androidx.fragment.app.FragmentManager.dispatchStart(SourceFile:4)

08-06 14:13:11.129  6685  6685 I LSPosed-Bridge: 	at androidx.fragment.app.FragmentController.dispatchStart(SourceFile:1)

08-06 14:13:11.129  6685  6685 I LSPosed-Bridge: 	at androidx.fragment.app.FragmentActivity.onStart(SourceFile:9)

08-06 14:13:11.129  6685  6685 I LSPosed-Bridge: 	at com.lemon.faceu.uimodule.e.b.onStart(SourceFile:1)

08-06 14:13:11.129  6685  6685 I LSPosed-Bridge: 	at com.lemon.faceu.business.mainpage.MainActivity.onStart(Unknown Source:24)

08-06 14:13:11.129  6685  6685 I LSPosed-Bridge: 	at android.app.Instrumentation.callActivityOnStart(Instrumentation.java:1392)

08-06 14:13:11.129  6685  6685 I LSPosed-Bridge: 	at android.app.Activity.performStart(Activity.java:7157)

08-06 14:13:11.129  6685  6685 I LSPosed-Bridge: 	at android.app.ActivityThread.handleStartActivity(ActivityThread.java:2938)

08-06 14:13:11.129  6685  6685 I LSPosed-Bridge: 	at android.app.servertransaction.TransactionExecutor.performLifecycleSequence(TransactionExecutor.java:180)

08-06 14:13:11.129  6685  6685 I LSPosed-Bridge: 	at android.app.servertransaction.TransactionExecutor.cycleToPath(TransactionExecutor.java:165)

08-06 14:13:11.129  6685  6685 I LSPosed-Bridge: 	at android.app.servertransaction.TransactionExecutor.executeLifecycleState(TransactionExecutor.java:142)

08-06 14:13:11.129  6685  6685 I LSPosed-Bridge: 	at android.app.servertransaction.TransactionExecutor.execute(TransactionExecutor.java:70)

08-06 14:13:11.129  6685  6685 I LSPosed-Bridge: 	at android.app.ActivityThread$H.handleMessage(ActivityThread.java:1809)

08-06 14:13:11.129  6685  6685 I LSPosed-Bridge: 	at android.os.Handler.dispatchMessage(Handler.java:106)

08-06 14:13:11.129  6685  6685 I LSPosed-Bridge: 	at android.os.Looper.loop(Looper.java:193)

08-06 14:13:11.129  6685  6685 I LSPosed-Bridge: 	at android.app.ActivityThread.main(ActivityThread.java:6692)

08-06 14:13:11.129  6685  6685 I LSPosed-Bridge: 	at java.lang.reflect.Method.invoke(Native Method)

08-06 14:13:11.129  6685  6685 I LSPosed-Bridge: 	at com.android.internal.os.RuntimeInit$MethodAndArgsCaller.run(RuntimeInit.java:493)

08-06 14:13:11.129  6685  6685 I LSPosed-Bridge: 	at com.android.internal.os.ZygoteInit.main(ZygoteInit.java:858)

08-06 14:13:11.142  1577  7646 I LSPosed-Bridge: 7940 PermLabel 10122 AMS.checkPermission: Binder.getCallingPid() = 7940; uid = 10122; Binder.getCallingUid() = 10122; getNameForUid: com.lemon.faceu; getPackagesForUid: [com.lemon.faceu]; permName: android.permission.GET_TASKS; type = 0; res = -1; stacktrace=java.lang.Exception

08-06 14:13:11.142  1577  7646 I LSPosed-Bridge: 	at com.example.permlabel.requirePerm$1$2.afterHookedMethod(requirePerm.java:136)

08-06 14:13:11.142  1577  7646 I LSPosed-Bridge: 	at de.robv.android.xposed.XposedBridge$AdditionalHookInfo.callback(Unknown Source:147)

08-06 14:13:11.142  1577  7646 I LSPosed-Bridge: 	at LSPHooker_.checkPermission(Unknown Source:25)

08-06 14:13:11.142  1577  7646 I LSPosed-Bridge: 	at com.android.server.am.ActivityManagerService.isGetTasksAllowed(ActivityManagerService.java:10902)

08-06 14:13:11.142  1577  7646 I LSPosed-Bridge: 	at com.android.server.am.ActivityManagerService.getRunningAppProcesses(ActivityManagerService.java:16139)

08-06 14:13:11.142  1577  7646 I LSPosed-Bridge: 	at android.app.IActivityManager$Stub.onTransact(IActivityManager.java:1088)

08-06 14:13:11.142  1577  7646 I LSPosed-Bridge: 	at com.android.server.am.ActivityManagerService.onTransact(ActivityManagerService.java:3346)

08-06 14:13:11.142  1577  7646 I LSPosed-Bridge: 	at android.os.Binder.execTransact(Binder.java:731)

08-06 14:13:36.730   548   548 I ConfigStore: android::hardware::configstore::V1_0::ISurfaceFlingerConfigs::hasHDRDisplay retrieved: 0

08-06 14:13:36.730  1577  1661 I LSPosed-Bridge: 6685 PermLabel 10122 AMS.checkPermission: Binder.getCallingPid() = 6685; uid = 10122; Binder.getCallingUid() = 10122; getNameForUid: com.lemon.faceu; getPackagesForUid: [com.lemon.faceu]; permName: android.permission.GET_TASKS; type = 0; res = -1; stacktrace=java.lang.Exception

08-06 14:13:36.730  1577  1661 I LSPosed-Bridge: 	at com.example.permlabel.requirePerm$1$2.afterHookedMethod(requirePerm.java:136)

08-06 14:13:36.730  1577  1661 I LSPosed-Bridge: 	at de.robv.android.xposed.XposedBridge$AdditionalHookInfo.callback(Unknown Source:147)

08-06 14:13:36.730  1577  1661 I LSPosed-Bridge: 	at LSPHooker_.checkPermission(Unknown Source:25)

08-06 14:13:36.730  1577  1661 I LSPosed-Bridge: 	at com.android.server.am.ActivityManagerService.isGetTasksAllowed(ActivityManagerService.java:10902)

08-06 14:13:36.730  1577  1661 I LSPosed-Bridge: 	at com.android.server.am.ActivityManagerService.getRunningAppProcesses(ActivityManagerService.java:16139)

08-06 14:13:36.730  1577  1661 I LSPosed-Bridge: 	at android.app.IActivityManager$Stub.onTransact(IActivityManager.java:1088)

08-06 14:13:36.730  1577  1661 I LSPosed-Bridge: 	at com.android.server.am.ActivityManagerService.onTransact(ActivityManagerService.java:3346)

08-06 14:13:36.730  1577  1661 I LSPosed-Bridge: 	at android.os.Binder.execTransact(Binder.java:731)

08-06 14:13:36.735  6685  9887 I ThreadTask: 

08-06 14:13:36.735  1577  8316 I LSPosed-Bridge: 6685 PermLabel 10122 AMS.checkPermission: Binder.getCallingPid() = 6685; uid = 10122; Binder.getCallingUid() = 10122; getNameForUid: com.lemon.faceu; getPackagesForUid: [com.lemon.faceu]; permName: android.permission.GET_TASKS; type = 0; res = -1; stacktrace=java.lang.Exception

08-06 14:13:36.735  1577  8316 I LSPosed-Bridge: 	at com.example.permlabel.requirePerm$1$2.afterHookedMethod(requirePerm.java:136)

08-06 14:13:36.735  1577  8316 I LSPosed-Bridge: 	at de.robv.android.xposed.XposedBridge$AdditionalHookInfo.callback(Unknown Source:147)

08-06 14:13:36.735  1577  8316 I LSPosed-Bridge: 	at LSPHooker_.checkPermission(Unknown Source:25)

08-06 14:13:36.735  1577  8316 I LSPosed-Bridge: 	at com.android.server.am.ActivityManagerService.isGetTasksAllowed(ActivityManagerService.java:10902)

08-06 14:13:36.735  1577  8316 I LSPosed-Bridge: 	at com.android.server.am.ActivityManagerService.getRunningAppProcesses(ActivityManagerService.java:16139)

08-06 14:13:36.735  1577  8316 I LSPosed-Bridge: 	at android.app.IActivityManager$Stub.onTransact(IActivityManager.java:1088)

08-06 14:13:36.735  1577  8316 I LSPosed-Bridge: 	at com.android.server.am.ActivityManagerService.onTransact(ActivityManagerService.java:3346)

08-06 14:13:36.735  1577  8316 I LSPosed-Bridge: 	at android.os.Binder.execTransact(Binder.java:731)

08-06 14:13:36.741   511 16267 I QCamera : <HAL><INFO> stopPreview: 4180: E

08-06 14:13:36.741  1577  1661 I LSPosed-Bridge: 6685 PermLabel 10122 AMS.checkPermission: Binder.getCallingPid() = 6685; uid = 10122; Binder.getCallingUid() = 10122; getNameForUid: com.lemon.faceu; getPackagesForUid: [com.lemon.faceu]; permName: android.permission.GET_TASKS; type = 0; res = -1; stacktrace=java.lang.Exception

08-06 14:13:36.741  1577  1661 I LSPosed-Bridge: 	at com.example.permlabel.requirePerm$1$2.afterHookedMethod(requirePerm.java:136)

08-06 14:13:36.741  1577  1661 I LSPosed-Bridge: 	at de.robv.android.xposed.XposedBridge$AdditionalHookInfo.callback(Unknown Source:147)

08-06 14:13:36.741  1577  1661 I LSPosed-Bridge: 	at LSPHooker_.checkPermission(Unknown Source:25)

08-06 14:13:36.741  1577  1661 I LSPosed-Bridge: 	at com.android.server.am.ActivityManagerService.isGetTasksAllowed(ActivityManagerService.java:10902)

08-06 14:13:36.741  1577  1661 I LSPosed-Bridge: 	at com.android.server.am.ActivityManagerService.getRunningAppProcesses(ActivityManagerService.java:16139)

08-06 14:13:36.741  1577  1661 I LSPosed-Bridge: 	at android.app.IActivityManager$Stub.onTransact(IActivityManager.java:1088)

08-06 14:13:36.741  1577  1661 I LSPosed-Bridge: 	at com.android.server.am.ActivityManagerService.onTransact(ActivityManagerService.java:3346)

08-06 14:13:36.741  1577  1661 I LSPosed-Bridge: 	at android.os.Binder.execTransact(Binder.java:731)

08-06 14:13:36.762  1577  1661 I LSPosed-Bridge: 6685 PermLabel 10122 AMS.checkPermission: Binder.getCallingPid() = 6685; uid = 10122; Binder.getCallingUid() = 10122; getNameForUid: com.lemon.faceu; getPackagesForUid: [com.lemon.faceu]; permName: android.permission.GET_TASKS; type = 0; res = -1; stacktrace=java.lang.Exception

08-06 14:13:36.762  1577  1661 I LSPosed-Bridge: 	at com.example.permlabel.requirePerm$1$2.afterHookedMethod(requirePerm.java:136)

08-06 14:13:36.762  1577  1661 I LSPosed-Bridge: 	at de.robv.android.xposed.XposedBridge$AdditionalHookInfo.callback(Unknown Source:147)

08-06 14:13:36.762  1577  1661 I LSPosed-Bridge: 	at LSPHooker_.checkPermission(Unknown Source:25)

08-06 14:13:36.762  1577  1661 I LSPosed-Bridge: 	at com.android.server.am.ActivityManagerService.isGetTasksAllowed(ActivityManagerService.java:10902)

08-06 14:13:36.762  1577  1661 I LSPosed-Bridge: 	at com.android.server.am.ActivityManagerService.getRunningAppProcesses(ActivityManagerService.java:16139)

08-06 14:13:36.762  1577  1661 I LSPosed-Bridge: 	at android.app.IActivityManager$Stub.onTransact(IActivityManager.java:1088)

08-06 14:13:36.762  1577  1661 I LSPosed-Bridge: 	at com.android.server.am.ActivityManagerService.onTransact(ActivityManagerService.java:3346)

08-06 14:13:36.762  1577  1661 I LSPosed-Bridge: 	at android.os.Binder.execTransact(Binder.java:731)

08-06 14:13:36.764  6685  6756 I LSPosed-Bridge: 6685 PermLabel hookBinder_test 10122 interfaceBinder =android.app.IActivityManager; arg0 = 81; arg1 = android.os.Parcel@844afe0; arg2 = android.os.Parcel@e8b72ec; arg3 = 0; res = true; stacktrace=java.lang.Exception

08-06 14:13:36.764  6685  6756 I LSPosed-Bridge: 	at com.example.permlabel.hookBinder_test$1.afterHookedMethod(hookBinder_test.java:67)

08-06 14:13:36.764  6685  6756 I LSPosed-Bridge: 	at de.robv.android.xposed.XposedBridge$AdditionalHookInfo.callback(Unknown Source:147)

08-06 14:13:36.764  6685  6756 I LSPosed-Bridge: 	at LSPHooker_.transact(Unknown Source:28)

08-06 14:13:36.764  6685  6756 I LSPosed-Bridge: 	at android.app.IActivityManager$Stub$Proxy.getRunningAppProcesses(IActivityManager.java:5366)

08-06 14:13:36.764  6685  6756 I LSPosed-Bridge: 	at android.app.ActivityManager.getRunningAppProcesses(ActivityManager.java:3435)

08-06 14:13:36.764  6685  6756 I LSPosed-Bridge: 	at java.lang.reflect.Method.invoke(Native Method)

08-06 14:13:36.764  6685  6756 I LSPosed-Bridge: 	at org.lsposed.lspd.nativebridge.HookBridge.invokeOriginalMethod(Native Method)

08-06 14:13:36.764  6685  6756 I LSPosed-Bridge: 	at de.robv.android.xposed.XposedBridge$AdditionalHookInfo.callback(Unknown Source:110)

08-06 14:13:36.764  6685  6756 I LSPosed-Bridge: 	at LSPHooker_.getRunningAppProcesses(Unknown Source:8)

08-06 14:13:36.764  6685  6756 I LSPosed-Bridge: 	at com.ss.android.message.util.ToolUtils.isMainProcessStart(SourceFile:2)

08-06 14:13:36.764  6685  6756 I LSPosed-Bridge: 	at com.ss.android.pushmanager.setting.PushMultiProcessSharedProvider.allowStartOthersProcess(SourceFile:2)

08-06 14:13:36.764  6685  6756 I LSPosed-Bridge: 	at com.ss.android.pushmanager.setting.PushMultiProcessSharedProvider$Editor.apply(SourceFile:1)

08-06 14:13:36.764  6685  6756 I LSPosed-Bridge: 	at com.ss.android.newmedia.redbadge.setting.RedbadgeSetting.setRedBadgeLastLastTimeParas(SourceFile:1)

08-06 14:13:36.764  6685  6756 I LSPosed-Bridge: 	at com.ss.android.newmedia.redbadge.RedBadgeControlClient.saveTimeParas(SourceFile:4)

08-06 14:13:36.764  6685  6756 I LSPosed-Bridge: 	at com.ss.android.newmedia.redbadge.RedBadgeControlClient.handleTimeParasChange(SourceFile:19)

08-06 14:13:36.764  6685  6756 I LSPosed-Bridge: 	at com.ss.android.newmedia.redbadge.RedBadgeControlClient.handleMsg(SourceFile:6)

08-06 14:13:36.764  6685  6756 I LSPosed-Bridge: 	at com.bytedance.common.utility.collection.WeakHandler.handleMessage(SourceFile:2)

08-06 14:13:36.764  6685  6756 I LSPosed-Bridge: 	at android.os.Handler.dispatchMessage(Handler.java:106)

08-06 14:13:36.764  6685  6756 I LSPosed-Bridge: 	at android.os.Looper.loop(Looper.java:193)

08-06 14:13:36.764  6685  6756 I LSPosed-Bridge: 	at android.os.HandlerThread.run(HandlerThread.java:65)

08-06 14:13:36.764  6685  6756 I LSPosed-Bridge: 6685 PermLabel getRunningAppProcesses =android.app.ActivityManager$RunningAppProcessInfo@6e19eea

08-06 14:13:36.764  6685  6756 I LSPosed-Bridge: 6685 PermLabel getRunningAppProcesses processName: com.lemon.faceu pid: 6685

08-06 14:13:36.764  6685  6756 I LSPosed-Bridge: 6685 PermLabel getRunningAppProcesses importance: 100 pid: 6685

08-06 14:13:36.764  6685  6756 I LSPosed-Bridge: 6685 PermLabel getRunningAppProcesses packageName com.lemon.faceu at index 0 in process 6685

08-06 14:13:36.764  6685  6756 I LSPosed-Bridge: 6685 PermLabel getRunningAppProcesses =android.app.ActivityManager$RunningAppProcessInfo@f7825db

08-06 14:13:36.764  6685  6756 I LSPosed-Bridge: 6685 PermLabel getRunningAppProcesses processName: com.lemon.faceu:push pid: 7940

08-06 14:13:36.764  6685  6756 I LSPosed-Bridge: 6685 PermLabel getRunningAppProcesses importance: 100 pid: 7940

08-06 14:13:36.764  6685  6756 I LSPosed-Bridge: 6685 PermLabel getRunningAppProcesses packageName com.lemon.faceu at index 0 in process 7940

08-06 14:13:36.764  6685  6756 I LSPosed-Bridge: 6685 PermLabel getRunningAppProcesses =android.app.ActivityManager$RunningAppProcessInfo@4130878

08-06 14:13:36.764  1577  5559 I LSPosed-Bridge: 7940 PermLabel 10122 AMS.checkPermission: Binder.getCallingPid() = 7940; uid = 10122; Binder.getCallingUid() = 10122; getNameForUid: com.lemon.faceu; getPackagesForUid: [com.lemon.faceu]; permName: android.permission.GET_TASKS; type = 0; res = -1; stacktrace=java.lang.Exception

08-06 14:13:36.764  1577  5559 I LSPosed-Bridge: 	at com.example.permlabel.requirePerm$1$2.afterHookedMethod(requirePerm.java:136)

08-06 14:13:36.764  1577  5559 I LSPosed-Bridge: 	at de.robv.android.xposed.XposedBridge$AdditionalHookInfo.callback(Unknown Source:147)

08-06 14:13:36.764  1577  5559 I LSPosed-Bridge: 	at LSPHooker_.checkPermission(Unknown Source:25)

08-06 14:13:36.764  1577  5559 I LSPosed-Bridge: 	at com.android.server.am.ActivityManagerService.isGetTasksAllowed(ActivityManagerService.java:10902)

08-06 14:13:36.764  1577  5559 I LSPosed-Bridge: 	at com.android.server.am.ActivityManagerService.getRunningAppProcesses(ActivityManagerService.java:16139)

08-06 14:13:36.764  1577  5559 I LSPosed-Bridge: 	at android.app.IActivityManager$Stub.onTransact(IActivityManager.java:1088)

08-06 14:13:36.764  1577  5559 I LSPosed-Bridge: 	at com.android.server.am.ActivityManagerService.onTransact(ActivityManagerService.java:3346)

08-06 14:13:36.764  1577  5559 I LSPosed-Bridge: 	at android.os.Binder.execTransact(Binder.java:731)

08-06 14:13:36.764  6685  6756 I LSPosed-Bridge: 6685 PermLabel getRunningAppProcesses processName: com.lemon.faceu:pushservice pid: 7918

08-06 14:13:36.764  6685  6756 I LSPosed-Bridge: 6685 PermLabel getRunningAppProcesses importance: 100 pid: 7918

08-06 14:13:36.764  6685  6756 I LSPosed-Bridge: 6685 PermLabel getRunningAppProcesses packageName com.lemon.faceu at index 0 in process 7918

08-06 14:13:36.764   511 16271 I mm-camera: <IFACE >< INFO> 10868: iface_util_release_resource: camif_cnt= 1, rdi_cnt= 0, used mask 10000

08-06 14:13:36.764   511 16271 I mm-camera: <IFACE >< INFO> 10868: iface_util_release_resource: camif_cnt= 0, rdi_cnt= 0, used mask 0

08-06 14:13:36.764   511 16271 I mm-camera: <IFACE >< INFO> 3958: iface_destroy_hw: iface_destroy_hw: Destroy axi hw on VFE :1

08-06 14:13:36.771  6685  6756 I LSPosed-Bridge: 6685 PermLabel permName: android.permission.READ_PHONE_STATE; getRunningAppProcesses =[android.app.ActivityManager$RunningAppProcessInfo@6e19eea, android.app.ActivityManager$RunningAppProcessInfo@f7825db, android.app.ActivityManager$RunningAppProcessInfo@4130878]; stacktrace=java.lang.Exception

08-06 14:13:36.771  6685  6756 I LSPosed-Bridge: 	at com.example.permlabel.hookBinder_test$2.afterHookedMethod(hookBinder_test.java:107)

08-06 14:13:36.771  6685  6756 I LSPosed-Bridge: 	at de.robv.android.xposed.XposedBridge$AdditionalHookInfo.callback(Unknown Source:147)

08-06 14:13:36.771  6685  6756 I LSPosed-Bridge: 	at LSPHooker_.getRunningAppProcesses(Unknown Source:8)

08-06 14:13:36.771  6685  6756 I LSPosed-Bridge: 	at com.ss.android.message.util.ToolUtils.isMainProcessStart(SourceFile:2)

08-06 14:13:36.771  6685  6756 I LSPosed-Bridge: 	at com.ss.android.pushmanager.setting.PushMultiProcessSharedProvider.allowStartOthersProcess(SourceFile:2)

08-06 14:13:36.771  6685  6756 I LSPosed-Bridge: 	at com.ss.android.pushmanager.setting.PushMultiProcessSharedProvider$Editor.apply(SourceFile:1)

08-06 14:13:36.771  6685  6756 I LSPosed-Bridge: 	at com.ss.android.newmedia.redbadge.setting.RedbadgeSetting.setRedBadgeLastLastTimeParas(SourceFile:1)

08-06 14:13:36.771  6685  6756 I LSPosed-Bridge: 	at com.ss.android.newmedia.redbadge.RedBadgeControlClient.saveTimeParas(SourceFile:4)

08-06 14:13:36.771  6685  6756 I LSPosed-Bridge: 	at com.ss.android.newmedia.redbadge.RedBadgeControlClient.handleTimeParasChange(SourceFile:19)

08-06 14:13:36.771  6685  6756 I LSPosed-Bridge: 	at com.ss.android.newmedia.redbadge.RedBadgeControlClient.handleMsg(SourceFile:6)

08-06 14:13:36.771  6685  6756 I LSPosed-Bridge: 	at com.bytedance.common.utility.collection.WeakHandler.handleMessage(SourceFile:2)

08-06 14:13:36.771  6685  6756 I LSPosed-Bridge: 	at android.os.Handler.dispatchMessage(Handler.java:106)

08-06 14:13:36.771  6685  6756 I LSPosed-Bridge: 	at android.os.Looper.loop(Looper.java:193)

08-06 14:13:36.771  6685  6756 I LSPosed-Bridge: 	at android.os.HandlerThread.run(HandlerThread.java:65)

08-06 14:13:36.771  1577  1661 I LSPosed-Bridge: 7940 PermLabel 10122 AMS.checkPermission: Binder.getCallingPid() = 7940; uid = 10122; Binder.getCallingUid() = 10122; getNameForUid: com.lemon.faceu; getPackagesForUid: [com.lemon.faceu]; permName: android.permission.GET_TASKS; type = 0; res = -1; stacktrace=java.lang.Exception

08-06 14:13:36.771  1577  1661 I LSPosed-Bridge: 	at com.example.permlabel.requirePerm$1$2.afterHookedMethod(requirePerm.java:136)

08-06 14:13:36.771  1577  1661 I LSPosed-Bridge: 	at de.robv.android.xposed.XposedBridge$AdditionalHookInfo.callback(Unknown Source:147)

08-06 14:13:36.771  1577  1661 I LSPosed-Bridge: 	at LSPHooker_.checkPermission(Unknown Source:25)

08-06 14:13:36.771  1577  1661 I LSPosed-Bridge: 	at com.android.server.am.ActivityManagerService.isGetTasksAllowed(ActivityManagerService.java:10902)

08-06 14:13:36.771  1577  1661 I LSPosed-Bridge: 	at com.android.server.am.ActivityManagerService.getRunningAppProcesses(ActivityManagerService.java:16139)

08-06 14:13:36.771  1577  1661 I LSPosed-Bridge: 	at android.app.IActivityManager$Stub.onTransact(IActivityManager.java:1088)

08-06 14:13:36.771  1577  1661 I LSPosed-Bridge: 	at com.android.server.am.ActivityManagerService.onTransact(ActivityManagerService.java:3346)

08-06 14:13:36.771  1577  1661 I LSPosed-Bridge: 	at android.os.Binder.execTransact(Binder.java:731)

08-06 14:13:36.784  1577  5559 I LSPosed-Bridge: 7940 PermLabel 10122 AMS.checkPermission: Binder.getCallingPid() = 7940; uid = 10122; Binder.getCallingUid() = 10122; getNameForUid: com.lemon.faceu; getPackagesForUid: [com.lemon.faceu]; permName: android.permission.GET_TASKS; type = 0; res = -1; stacktrace=java.lang.Exception

08-06 14:13:36.784  1577  5559 I LSPosed-Bridge: 	at com.example.permlabel.requirePerm$1$2.afterHookedMethod(requirePerm.java:136)

08-06 14:13:36.784  1577  5559 I LSPosed-Bridge: 	at de.robv.android.xposed.XposedBridge$AdditionalHookInfo.callback(Unknown Source:147)

08-06 14:13:36.784  1577  5559 I LSPosed-Bridge: 	at LSPHooker_.checkPermission(Unknown Source:25)

08-06 14:13:36.784  1577  5559 I LSPosed-Bridge: 	at com.android.server.am.ActivityManagerService.isGetTasksAllowed(ActivityManagerService.java:10902)

08-06 14:13:36.784  1577  5559 I LSPosed-Bridge: 	at com.android.server.am.ActivityManagerService.getRunningAppProcesses(ActivityManagerService.java:16139)

08-06 14:13:36.784  1577  5559 I LSPosed-Bridge: 	at android.app.IActivityManager$Stub.onTransact(IActivityManager.java:1088)

08-06 14:13:36.784  1577  5559 I LSPosed-Bridge: 	at com.android.server.am.ActivityManagerService.onTransact(ActivityManagerService.java:3346)

08-06 14:13:36.784  1577  5559 I LSPosed-Bridge: 	at android.os.Binder.execTransact(Binder.java:731)

08-06 14:13:36.802  1577  5559 I LSPosed-Bridge: 7940 PermLabel 10122 AMS.checkPermission: Binder.getCallingPid() = 7940; uid = 10122; Binder.getCallingUid() = 10122; getNameForUid: com.lemon.faceu; getPackagesForUid: [com.lemon.faceu]; permName: android.permission.GET_TASKS; type = 0; res = -1; stacktrace=java.lang.Exception

