08-06 14:12:39.032  1577  7646 I LSPosed-Bridge: 	at de.robv.android.xposed.XposedBridge$AdditionalHookInfo.callback(Unknown Source:147)

08-06 14:12:39.032  1577  7646 I LSPosed-Bridge: 	at LSPHooker_.checkPermission(Unknown Source:25)

08-06 14:12:39.032  1577  7646 I LSPosed-Bridge: 	at com.android.server.am.ActivityManagerService.isGetTasksAllowed(ActivityManagerService.java:10902)

08-06 14:12:39.032  1577  7646 I LSPosed-Bridge: 	at com.android.server.am.ActivityManagerService.getRunningAppProcesses(ActivityManagerService.java:16139)

08-06 14:12:39.032  1577  7646 I LSPosed-Bridge: 	at android.app.IActivityManager$Stub.onTransact(IActivityManager.java:1088)

08-06 14:12:39.032  1577  7646 I LSPosed-Bridge: 	at com.android.server.am.ActivityManagerService.onTransact(ActivityManagerService.java:3346)

08-06 14:12:39.032  1577  7646 I LSPosed-Bridge: 	at android.os.Binder.execTransact(Binder.java:731)

08-06 14:12:39.032  6685  6685 I LSPosed-Bridge: 6685 PermLabel hookBinder_test 10122 interfaceBinder =android.view.IWindowSession; arg0 = 6; arg1 = android.os.Parcel@25088e6; arg2 = android.os.Parcel@32845f5; arg3 = 0; res = true; stacktrace=java.lang.Exception

08-06 14:12:39.032  6685  6685 I LSPosed-Bridge: 	at com.example.permlabel.hookBinder_test$1.afterHookedMethod(hookBinder_test.java:67)

08-06 14:12:39.032  6685  6685 I LSPosed-Bridge: 	at de.robv.android.xposed.XposedBridge$AdditionalHookInfo.callback(Unknown Source:147)

08-06 14:12:39.032  6685  6685 I LSPosed-Bridge: 	at LSPHooker_.transact(Unknown Source:28)

08-06 14:12:39.032  6685  6685 I LSPosed-Bridge: 	at android.view.IWindowSession$Stub$Proxy.relayout(IWindowSession.java:956)

08-06 14:12:39.032  6685  6685 I LSPosed-Bridge: 	at android.view.ViewRootImpl.relayoutWindow(ViewRootImpl.java:6568)

08-06 14:12:39.032  6685  6685 I LSPosed-Bridge: 	at android.view.ViewRootImpl.performTraversals(ViewRootImpl.java:2001)

08-06 14:12:39.032  6685  6685 I LSPosed-Bridge: 	at android.view.ViewRootImpl.doTraversal(ViewRootImpl.java:1465)

08-06 14:12:39.032  6685  6685 I LSPosed-Bridge: 	at android.view.ViewRootImpl$TraversalRunnable.run(ViewRootImpl.java:7205)

08-06 14:12:39.032  6685  6685 I LSPosed-Bridge: 	at android.view.Choreographer$CallbackRecord.run(Choreographer.java:1004)

08-06 14:12:39.032  6685  6685 I LSPosed-Bridge: 	at android.view.Choreographer.doCallbacks(Choreographer.java:816)

08-06 14:12:39.032  6685  6685 I LSPosed-Bridge: 	at android.view.Choreographer.doFrame(Choreographer.java:751)

08-06 14:12:39.032  6685  6685 I LSPosed-Bridge: 	at android.view.Choreographer$FrameDisplayEventReceiver.run(Choreographer.java:990)

08-06 14:12:39.032  6685  6685 I LSPosed-Bridge: 	at android.os.Handler.handleCallback(Handler.java:873)

08-06 14:12:39.032  6685  6685 I LSPosed-Bridge: 	at android.os.Handler.dispatchMessage(Handler.java:99)

08-06 14:12:39.032  6685  6685 I LSPosed-Bridge: 	at android.os.Looper.loop(Looper.java:193)

08-06 14:12:39.032  6685  6685 I LSPosed-Bridge: 	at android.app.ActivityThread.main(ActivityThread.java:6692)

08-06 14:12:39.032  6685  6685 I LSPosed-Bridge: 	at java.lang.reflect.Method.invoke(Native Method)

08-06 14:12:39.032  6685  6685 I LSPosed-Bridge: 	at com.android.internal.os.RuntimeInit$MethodAndArgsCaller.run(RuntimeInit.java:493)

08-06 14:12:39.032  6685  6685 I LSPosed-Bridge: 	at com.android.internal.os.ZygoteInit.main(ZygoteInit.java:858)

08-06 14:12:39.040  6685  6685 I LSPosed-Bridge: 6685 PermLabel hookBinder_test 10122 interfaceBinder =android.view.accessibility.IAccessibilityInteractionConnectionCallback; arg0 = 2; arg1 = android.os.Parcel@e932df7; arg2 = null; arg3 = 1; res = true; stacktrace=java.lang.Exception

08-06 14:12:39.040  6685  6685 I LSPosed-Bridge: 	at com.example.permlabel.hookBinder_test$1.afterHookedMethod(hookBinder_test.java:67)

08-06 14:12:39.040  6685  6685 I LSPosed-Bridge: 	at de.robv.android.xposed.XposedBridge$AdditionalHookInfo.callback(Unknown Source:147)

08-06 14:12:39.040  6685  6685 I LSPosed-Bridge: 	at LSPHooker_.transact(Unknown Source:28)

08-06 14:12:39.040  6685  6685 I LSPosed-Bridge: 	at android.view.accessibility.IAccessibilityInteractionConnectionCallback$Stub$Proxy.setFindAccessibilityNodeInfosResult(IAccessibilityInteractionConnectionCallback.java:146)

08-06 14:12:39.040  6685  6685 I LSPosed-Bridge: 	at android.view.AccessibilityInteractionController.updateInfosForViewportAndReturnFindNodeResult(AccessibilityInteractionController.java:869)

08-06 14:12:39.040  6685  6685 I LSPosed-Bridge: 	at android.view.AccessibilityInteractionController.findAccessibilityNodeInfoByAccessibilityIdUiThread(AccessibilityInteractionController.java:340)

08-06 14:12:39.040  6685  6685 I LSPosed-Bridge: 	at android.view.AccessibilityInteractionController.access$400(AccessibilityInteractionController.java:67)

08-06 14:12:39.040  6685  6685 I LSPosed-Bridge: 	at android.view.AccessibilityInteractionController$PrivateHandler.handleMessage(AccessibilityInteractionController.java:1324)

08-06 14:12:39.040  6685  6685 I LSPosed-Bridge: 	at android.os.Handler.dispatchMessage(Handler.java:106)

08-06 14:12:39.040  6685  6685 I LSPosed-Bridge: 	at android.os.Looper.loop(Looper.java:193)

08-06 14:12:39.040  6685  6685 I LSPosed-Bridge: 	at android.app.ActivityThread.main(ActivityThread.java:6692)

08-06 14:12:39.040  6685  6685 I LSPosed-Bridge: 	at java.lang.reflect.Method.invoke(Native Method)

08-06 14:12:39.040  6685  6685 I LSPosed-Bridge: 	at com.android.internal.os.RuntimeInit$MethodAndArgsCaller.run(RuntimeInit.java:493)

08-06 14:12:39.040  6685  6685 I LSPosed-Bridge: 	at com.android.internal.os.ZygoteInit.main(ZygoteInit.java:858)

08-06 14:12:39.040  1577  3215 I LSPosed-Bridge: 7940 PermLabel 10122 AMS.checkPermission: Binder.getCallingPid() = 7940; uid = 10122; Binder.getCallingUid() = 10122; getNameForUid: com.lemon.faceu; getPackagesForUid: [com.lemon.faceu]; permName: android.permission.GET_TASKS; type = 0; res = -1; stacktrace=java.lang.Exception

08-06 14:12:39.040  1577  3215 I LSPosed-Bridge: 	at com.example.permlabel.requirePerm$1$2.afterHookedMethod(requirePerm.java:136)

08-06 14:12:39.040  1577  3215 I LSPosed-Bridge: 	at de.robv.android.xposed.XposedBridge$AdditionalHookInfo.callback(Unknown Source:147)

08-06 14:12:39.040  1577  3215 I LSPosed-Bridge: 	at LSPHooker_.checkPermission(Unknown Source:25)

08-06 14:12:39.040  1577  3215 I LSPosed-Bridge: 	at com.android.server.am.ActivityManagerService.isGetTasksAllowed(ActivityManagerService.java:10902)

08-06 14:12:39.040  1577  3215 I LSPosed-Bridge: 	at com.android.server.am.ActivityManagerService.getRunningAppProcesses(ActivityManagerService.java:16139)

08-06 14:12:39.040  1577  3215 I LSPosed-Bridge: 	at android.app.IActivityManager$Stub.onTransact(IActivityManager.java:1088)

08-06 14:12:39.040  1577  3215 I LSPosed-Bridge: 	at com.android.server.am.ActivityManagerService.onTransact(ActivityManagerService.java:3346)

08-06 14:12:39.040  1577  3215 I LSPosed-Bridge: 	at android.os.Binder.execTransact(Binder.java:731)

08-06 14:12:39.040  7940  7940 I LSPosed-Bridge: 7940 PermLabel hookBinder_test 10122 interfaceBinder =android.app.IActivityManager; arg0 = 67; arg1 = android.os.Parcel@8f4ec55; arg2 = android.os.Parcel@2ce8064; arg3 = 0; res = true; stacktrace=java.lang.Exception

08-06 14:12:39.040  7940  7940 I LSPosed-Bridge: 	at com.example.permlabel.hookBinder_test$1.afterHookedMethod(hookBinder_test.java:67)

08-06 14:12:39.040  7940  7940 I LSPosed-Bridge: 	at de.robv.android.xposed.XposedBridge$AdditionalHookInfo.callback(Unknown Source:147)

08-06 14:12:39.040  7940  7940 I LSPosed-Bridge: 	at LSPHooker_.transact(Unknown Source:28)

08-06 14:12:39.040  7940  7940 I LSPosed-Bridge: 	at android.app.IActivityManager$Stub$Proxy.removeContentProvider(IActivityManager.java:5091)

08-06 14:12:39.040  7940  7940 I LSPosed-Bridge: 	at android.app.ActivityThread.completeRemoveProvider(ActivityThread.java:6246)

08-06 14:12:39.040  7940  7940 I LSPosed-Bridge: 	at android.app.ActivityThread$H.handleMessage(ActivityThread.java:1726)

08-06 14:12:39.040  7940  7940 I LSPosed-Bridge: 	at android.os.Handler.dispatchMessage(Handler.java:106)

08-06 14:12:39.040  7940  7940 I LSPosed-Bridge: 	at android.os.Looper.loop(Looper.java:193)

08-06 14:12:39.040  7940  7940 I LSPosed-Bridge: 	at android.app.ActivityThread.main(ActivityThread.java:6692)

08-06 14:12:39.040  7940  7940 I LSPosed-Bridge: 	at java.lang.reflect.Method.invoke(Native Method)

08-06 14:12:39.040  7940  7940 I LSPosed-Bridge: 	at com.android.internal.os.RuntimeInit$MethodAndArgsCaller.run(RuntimeInit.java:493)

08-06 14:12:39.040  7940  7940 I LSPosed-Bridge: 	at com.android.internal.os.ZygoteInit.main(ZygoteInit.java:858)

08-06 14:12:39.053  1577  3215 I LSPosed-Bridge: 7940 PermLabel 10122 AMS.checkPermission: Binder.getCallingPid() = 7940; uid = 10122; Binder.getCallingUid() = 10122; getNameForUid: com.lemon.faceu; getPackagesForUid: [com.lemon.faceu]; permName: android.permission.GET_TASKS; type = 0; res = -1; stacktrace=java.lang.Exception

08-06 14:12:39.053  1577  3215 I LSPosed-Bridge: 	at com.example.permlabel.requirePerm$1$2.afterHookedMethod(requirePerm.java:136)

08-06 14:12:39.053  1577  3215 I LSPosed-Bridge: 	at de.robv.android.xposed.XposedBridge$AdditionalHookInfo.callback(Unknown Source:147)

08-06 14:12:39.053  1577  3215 I LSPosed-Bridge: 	at LSPHooker_.checkPermission(Unknown Source:25)

08-06 14:12:39.053  1577  3215 I LSPosed-Bridge: 	at com.android.server.am.ActivityManagerService.isGetTasksAllowed(ActivityManagerService.java:10902)

08-06 14:12:39.053  1577  3215 I LSPosed-Bridge: 	at com.android.server.am.ActivityManagerService.getRunningAppProcesses(ActivityManagerService.java:16139)

08-06 14:12:39.053  1577  3215 I LSPosed-Bridge: 	at android.app.IActivityManager$Stub.onTransact(IActivityManager.java:1088)

08-06 14:12:39.053  1577  3215 I LSPosed-Bridge: 	at com.android.server.am.ActivityManagerService.onTransact(ActivityManagerService.java:3346)

08-06 14:12:39.053  1577  3215 I LSPosed-Bridge: 	at android.os.Binder.execTransact(Binder.java:731)

08-06 14:12:39.070  1577  7646 I LSPosed-Bridge: 7940 PermLabel 10122 AMS.checkPermission: Binder.getCallingPid() = 7940; uid = 10122; Binder.getCallingUid() = 10122; getNameForUid: com.lemon.faceu; getPackagesForUid: [com.lemon.faceu]; permName: android.permission.GET_TASKS; type = 0; res = -1; stacktrace=java.lang.Exception

08-06 14:12:39.070  1577  7646 I LSPosed-Bridge: 	at com.example.permlabel.requirePerm$1$2.afterHookedMethod(requirePerm.java:136)

08-06 14:12:39.070  1577  7646 I LSPosed-Bridge: 	at de.robv.android.xposed.XposedBridge$AdditionalHookInfo.callback(Unknown Source:147)

08-06 14:12:39.070  1577  7646 I LSPosed-Bridge: 	at LSPHooker_.checkPermission(Unknown Source:25)

08-06 14:12:39.070  1577  7646 I LSPosed-Bridge: 	at com.android.server.am.ActivityManagerService.isGetTasksAllowed(ActivityManagerService.java:10902)

08-06 14:12:39.070  1577  7646 I LSPosed-Bridge: 	at com.android.server.am.ActivityManagerService.getRunningAppProcesses(ActivityManagerService.java:16139)

08-06 14:12:39.070  1577  7646 I LSPosed-Bridge: 	at android.app.IActivityManager$Stub.onTransact(IActivityManager.java:1088)

08-06 14:12:39.070  1577  7646 I LSPosed-Bridge: 	at com.android.server.am.ActivityManagerService.onTransact(ActivityManagerService.java:3346)

08-06 14:12:39.070  1577  7646 I LSPosed-Bridge: 	at android.os.Binder.execTransact(Binder.java:731)

08-06 14:12:39.070  7940  7940 I LSPosed-Bridge: 7940 PermLabel hookBinder_test 10122 interfaceBinder =android.app.IActivityManager; arg0 = 67; arg1 = android.os.Parcel@2ce8064; arg2 = android.os.Parcel@8f4ec55; arg3 = 0; res = true; stacktrace=java.lang.Exception

08-06 14:12:39.070  7940  7940 I LSPosed-Bridge: 	at com.example.permlabel.hookBinder_test$1.afterHookedMethod(hookBinder_test.java:67)

08-06 14:12:39.070  7940  7940 I LSPosed-Bridge: 	at de.robv.android.xposed.XposedBridge$AdditionalHookInfo.callback(Unknown Source:147)

08-06 14:12:39.070  7940  7940 I LSPosed-Bridge: 	at LSPHooker_.transact(Unknown Source:28)

08-06 14:12:39.070  7940  7940 I LSPosed-Bridge: 	at android.app.IActivityManager$Stub$Proxy.removeContentProvider(IActivityManager.java:5091)

08-06 14:12:39.070  7940  7940 I LSPosed-Bridge: 	at android.app.ActivityThread.completeRemoveProvider(ActivityThread.java:6246)

08-06 14:12:39.070  7940  7940 I LSPosed-Bridge: 	at android.app.ActivityThread$H.handleMessage(ActivityThread.java:1726)

08-06 14:12:39.070  7940  7940 I LSPosed-Bridge: 	at android.os.Handler.dispatchMessage(Handler.java:106)

08-06 14:12:39.070  7940  7940 I LSPosed-Bridge: 	at android.os.Looper.loop(Looper.java:193)

08-06 14:12:39.070  7940  7940 I LSPosed-Bridge: 	at android.app.ActivityThread.main(ActivityThread.java:6692)

08-06 14:12:39.070  7940  7940 I LSPosed-Bridge: 	at java.lang.reflect.Method.invoke(Native Method)

08-06 14:12:39.070  7940  7940 I LSPosed-Bridge: 	at com.android.internal.os.RuntimeInit$MethodAndArgsCaller.run(RuntimeInit.java:493)

08-06 14:12:39.070  7940  7940 I LSPosed-Bridge: 	at com.android.internal.os.ZygoteInit.main(ZygoteInit.java:858)

08-06 14:12:42.493  1577  4534 E ActivityTrigger: activityResumeTrigger: not whiteListedcom.lemon.faceu/com.lemon.faceu.business.mainpage.MainActivity/6700

08-06 14:12:42.493  1577  7646 I LSPosed-Bridge: 6685 PermLabel 10122 AMS.checkPermission: Binder.getCallingPid() = 6685; uid = 10122; Binder.getCallingUid() = 10122; getNameForUid: com.lemon.faceu; getPackagesForUid: [com.lemon.faceu]; permName: android.permission.GET_TASKS; type = 0; res = -1; stacktrace=java.lang.Exception

08-06 14:12:42.493  1577  7646 I LSPosed-Bridge: 	at com.example.permlabel.requirePerm$1$2.afterHookedMethod(requirePerm.java:136)

08-06 14:12:42.493  1577  7646 I LSPosed-Bridge: 	at de.robv.android.xposed.XposedBridge$AdditionalHookInfo.callback(Unknown Source:147)

08-06 14:12:42.493  1577  7646 I LSPosed-Bridge: 	at LSPHooker_.checkPermission(Unknown Source:25)

08-06 14:12:42.493  1577  7646 I LSPosed-Bridge: 	at com.android.server.am.ActivityManagerService.isGetTasksAllowed(ActivityManagerService.java:10902)

08-06 14:12:42.493  1577  7646 I LSPosed-Bridge: 	at com.android.server.am.ActivityManagerService.getRunningAppProcesses(ActivityManagerService.java:16139)

08-06 14:12:42.493  1577  7646 I LSPosed-Bridge: 	at android.app.IActivityManager$Stub.onTransact(IActivityManager.java:1088)

08-06 14:12:42.493  1577  7646 I LSPosed-Bridge: 	at com.android.server.am.ActivityManagerService.onTransact(ActivityManagerService.java:3346)

08-06 14:12:42.493  1577  7646 I LSPosed-Bridge: 	at android.os.Binder.execTransact(Binder.java:731)

08-06 14:12:42.508  1577  7646 I LSPosed-Bridge: 6685 PermLabel 10122 AMS.checkPermission: Binder.getCallingPid() = 6685; uid = 10122; Binder.getCallingUid() = 10122; getNameForUid: com.lemon.faceu; getPackagesForUid: [com.lemon.faceu]; permName: android.permission.GET_TASKS; type = 0; res = -1; stacktrace=java.lang.Exception

08-06 14:12:42.508  1577  7646 I LSPosed-Bridge: 	at com.example.permlabel.requirePerm$1$2.afterHookedMethod(requirePerm.java:136)

08-06 14:12:42.508  1577  7646 I LSPosed-Bridge: 	at de.robv.android.xposed.XposedBridge$AdditionalHookInfo.callback(Unknown Source:147)

08-06 14:12:42.508  1577  7646 I LSPosed-Bridge: 	at LSPHooker_.checkPermission(Unknown Source:25)

08-06 14:12:42.508  1577  7646 I LSPosed-Bridge: 	at com.android.server.am.ActivityManagerService.isGetTasksAllowed(ActivityManagerService.java:10902)

08-06 14:12:42.508  1577  7646 I LSPosed-Bridge: 	at com.android.server.am.ActivityManagerService.getRunningAppProcesses(ActivityManagerService.java:16139)

08-06 14:12:42.508  1577  7646 I LSPosed-Bridge: 	at android.app.IActivityManager$Stub.onTransact(IActivityManager.java:1088)

08-06 14:12:42.508  1577  7646 I LSPosed-Bridge: 	at com.android.server.am.ActivityManagerService.onTransact(ActivityManagerService.java:3346)

08-06 14:12:42.508  1577  7646 I LSPosed-Bridge: 	at android.os.Binder.execTransact(Binder.java:731)

08-06 14:12:42.512  6685  6685 I LSPosed-Bridge: 6685 PermLabel hookBinder_test 10122 interfaceBinder =android.app.IActivityManager; arg0 = 9; arg1 = android.os.Parcel@fb39b; arg2 = android.os.Parcel@295d074; arg3 = 0; res = true; stacktrace=java.lang.Exception

08-06 14:12:42.512  6685  6685 I LSPosed-Bridge: 	at com.example.permlabel.hookBinder_test$1.afterHookedMethod(hookBinder_test.java:67)

08-06 14:12:42.512  6685  6685 I LSPosed-Bridge: 	at de.robv.android.xposed.XposedBridge$AdditionalHookInfo.callback(Unknown Source:147)

08-06 14:12:42.512  6685  6685 I LSPosed-Bridge: 	at LSPHooker_.transact(Unknown Source:28)

08-06 14:12:42.512  6685  6685 I LSPosed-Bridge: 	at android.app.IActivityManager$Stub$Proxy.registerReceiver(IActivityManager.java:3825)

08-06 14:12:42.512  6685  6685 I LSPosed-Bridge: 	at android.app.ContextImpl.registerReceiverInternal(ContextImpl.java:1488)

08-06 14:12:42.512  6685  6685 I LSPosed-Bridge: 	at android.app.ContextImpl.registerReceiver(ContextImpl.java:1449)

08-06 14:12:42.512  6685  6685 I LSPosed-Bridge: 	at android.app.ContextImpl.registerReceiver(ContextImpl.java:1437)

08-06 14:12:42.512  6685  6685 I LSPosed-Bridge: 	at android.content.ContextWrapper.registerReceiver(ContextWrapper.java:623)

08-06 14:12:42.512  6685  6685 I LSPosed-Bridge: 	at com.bytedance.apm.battery.BatteryTemperatureCollector.l(SourceFile:2)

08-06 14:12:42.512  6685  6685 I LSPosed-Bridge: 	at com.bytedance.apm.battery.BatteryTemperatureCollector.onFront(SourceFile:2)

08-06 14:12:42.512  6685  6685 I LSPosed-Bridge: 	at com.bytedance.apm.core.ActivityLifeObserver.notifyFront(SourceFile:3)

08-06 14:12:42.512  6685  6685 I LSPosed-Bridge: 	at com.bytedance.apm.core.ActivityLifeObserver.onActivityStarted(SourceFile:9)

08-06 14:12:42.512  6685  6685 I LSPosed-Bridge: 	at android.app.Application.dispatchActivityStarted(Application.java:230)

08-06 14:12:42.512  6685  6685 I LSPosed-Bridge: 	at android.app.Activity.onStart(Activity.java:1278)

08-06 14:12:42.512  6685  6685 I LSPosed-Bridge: 	at androidx.fragment.app.FragmentActivity.onStart(SourceFile:2)

08-06 14:12:42.512  6685  6685 I LSPosed-Bridge: 	at com.lemon.faceu.uimodule.e.b.onStart(SourceFile:1)

08-06 14:12:42.512  6685  6685 I LSPosed-Bridge: 	at com.lemon.faceu.business.mainpage.MainActivity.onStart(Unknown Source:24)

08-06 14:12:42.512  6685  6685 I LSPosed-Bridge: 	at android.app.Instrumentation.callActivityOnStart(Instrumentation.java:1392)

08-06 14:12:42.512  6685  6685 I LSPosed-Bridge: 	at android.app.Activity.performStart(Activity.java:7157)

08-06 14:12:42.512  6685  6685 I LSPosed-Bridge: 	at android.app.ActivityThread.handleStartActivity(ActivityThread.java:2938)

08-06 14:12:42.512  6685  6685 I LSPosed-Bridge: 	at android.app.servertransaction.TransactionExecutor.performLifecycleSequence(TransactionExecutor.java:180)

08-06 14:12:42.512  6685  6685 I LSPosed-Bridge: 	at android.app.servertransaction.TransactionExecutor.cycleToPath(TransactionExecutor.java:165)

08-06 14:12:42.512  6685  6685 I LSPosed-Bridge: 	at android.app.servertransaction.TransactionExecutor.executeLifecycleState(TransactionExecutor.java:142)

08-06 14:12:42.512  6685  6685 I LSPosed-Bridge: 	at android.app.servertransaction.TransactionExecutor.execute(TransactionExecutor.java:70)

08-06 14:12:42.512  6685  6685 I LSPosed-Bridge: 	at android.app.ActivityThread$H.handleMessage(ActivityThread.java:1809)

08-06 14:12:42.512  6685  6685 I LSPosed-Bridge: 	at android.os.Handler.dispatchMessage(Handler.java:106)

08-06 14:12:42.512  6685  6685 I LSPosed-Bridge: 	at android.os.Looper.loop(Looper.java:193)

08-06 14:12:42.512  6685  6685 I LSPosed-Bridge: 	at android.app.ActivityThread.main(ActivityThread.java:6692)

08-06 14:12:42.512  6685  6685 I LSPosed-Bridge: 	at java.lang.reflect.Method.invoke(Native Method)

08-06 14:12:42.512  6685  6685 I LSPosed-Bridge: 	at com.android.internal.os.RuntimeInit$MethodAndArgsCaller.run(RuntimeInit.java:493)

08-06 14:12:42.512  6685  6685 I LSPosed-Bridge: 	at com.android.internal.os.ZygoteInit.main(ZygoteInit.java:858)

08-06 14:12:42.512  1577  4534 I LSPosed-Bridge: 6685 PermLabel 10122 AMS.checkPermission: Binder.getCallingPid() = 6685; uid = 10122; Binder.getCallingUid() = 10122; getNameForUid: com.lemon.faceu; getPackagesForUid: [com.lemon.faceu]; permName: android.permission.GET_TASKS; type = 0; res = -1; stacktrace=java.lang.Exception

08-06 14:12:42.512  1577  4534 I LSPosed-Bridge: 	at com.example.permlabel.requirePerm$1$2.afterHookedMethod(requirePerm.java:136)

08-06 14:12:42.512  1577  4534 I LSPosed-Bridge: 	at de.robv.android.xposed.XposedBridge$AdditionalHookInfo.callback(Unknown Source:147)

08-06 14:12:42.512  1577  4534 I LSPosed-Bridge: 	at LSPHooker_.checkPermission(Unknown Source:25)

08-06 14:12:42.512  1577  4534 I LSPosed-Bridge: 	at com.android.server.am.ActivityManagerService.isGetTasksAllowed(ActivityManagerService.java:10902)

08-06 14:12:42.512  1577  4534 I LSPosed-Bridge: 	at com.android.server.am.ActivityManagerService.getRunningAppProcesses(ActivityManagerService.java:16139)

08-06 14:12:42.512  1577  4534 I LSPosed-Bridge: 	at android.app.IActivityManager$Stub.onTransact(IActivityManager.java:1088)

08-06 14:12:42.512  1577  4534 I LSPosed-Bridge: 	at com.android.server.am.ActivityManagerService.onTransact(ActivityManagerService.java:3346)

08-06 14:12:42.512  1577  4534 I LSPosed-Bridge: 	at android.os.Binder.execTransact(Binder.java:731)

08-06 14:12:42.520  1577  8316 I LSPosed-Bridge: 7940 PermLabel 10122 AMS.checkPermission: Binder.getCallingPid() = 7940; uid = 10122; Binder.getCallingUid() = 10122; getNameForUid: com.lemon.faceu; getPackagesForUid: [com.lemon.faceu]; permName: android.permission.GET_TASKS; type = 0; res = -1; stacktrace=java.lang.Exception

08-06 14:12:42.520  1577  8316 I LSPosed-Bridge: 7940 PermLabel 10122 AMS.checkPermission: Binder.getCallingPid() = 7940; uid = 10122; Binder.getCallingUid() = 10122; getNameForUid: com.lemon.faceu; getPackagesForUid: [com.lemon.faceu]; permName: android.permission.GET_TASKS; type = 0; res = -1; stacktrace=java.lang.Exception

08-06 14:12:42.520  1577  8316 I LSPosed-Bridge: 	at com.example.permlabel.requirePerm$1$2.afterHookedMethod(requirePerm.java:136)

08-06 14:12:42.520  1577  8316 I LSPosed-Bridge: 	at com.example.permlabel.requirePerm$1$2.afterHookedMethod(requirePerm.java:136)

08-06 14:12:42.520  1577  8316 I LSPosed-Bridge: 	at de.robv.android.xposed.XposedBridge$AdditionalHookInfo.callback(Unknown Source:147)

08-06 14:12:42.520  1577  8316 I LSPosed-Bridge: 	at de.robv.android.xposed.XposedBridge$AdditionalHookInfo.callback(Unknown Source:147)

08-06 14:12:42.520  1577  8316 I LSPosed-Bridge: 	at LSPHooker_.checkPermission(Unknown Source:25)

08-06 14:12:42.520  1577  8316 I LSPosed-Bridge: 	at LSPHooker_.checkPermission(Unknown Source:25)

08-06 14:12:42.520  1577  8316 I LSPosed-Bridge: 	at com.android.server.am.ActivityManagerService.isGetTasksAllowed(ActivityManagerService.java:10902)

08-06 14:12:42.520  1577  8316 I LSPosed-Bridge: 	at com.android.server.am.ActivityManagerService.isGetTasksAllowed(ActivityManagerService.java:10902)

08-06 14:12:42.520  1577  8316 I LSPosed-Bridge: 	at com.android.server.am.ActivityManagerService.getRunningAppProcesses(ActivityManagerService.java:16139)

08-06 14:12:42.520  1577  8316 I LSPosed-Bridge: 	at com.android.server.am.ActivityManagerService.getRunningAppProcesses(ActivityManagerService.java:16139)

08-06 14:12:42.520  1577  8316 I LSPosed-Bridge: 	at android.app.IActivityManager$Stub.onTransact(IActivityManager.java:1088)

08-06 14:12:42.520  1577  8316 I LSPosed-Bridge: 	at android.app.IActivityManager$Stub.onTransact(IActivityManager.java:1088)

08-06 14:12:42.520  1577  8316 I LSPosed-Bridge: 	at com.android.server.am.ActivityManagerService.onTransact(ActivityManagerService.java:3346)

08-06 14:12:42.520  1577  8316 I LSPosed-Bridge: 	at com.android.server.am.ActivityManagerService.onTransact(ActivityManagerService.java:3346)

08-06 14:12:42.520  1577  8316 I LSPosed-Bridge: 	at android.os.Binder.execTransact(Binder.java:731)

08-06 14:12:42.520  1577  8316 I LSPosed-Bridge: 	at android.os.Binder.execTransact(Binder.java:731)

08-06 14:12:42.520  1577  4534 I LSPosed-Bridge: 6685 PermLabel 10122 AMS.checkPermission: Binder.getCallingPid() = 6685; uid = 10122; Binder.getCallingUid() = 10122; getNameForUid: com.lemon.faceu; getPackagesForUid: [com.lemon.faceu]; permName: android.permission.GET_TASKS; type = 0; res = -1; stacktrace=java.lang.Exception

08-06 14:12:42.520  1577  4534 I LSPosed-Bridge: 6685 PermLabel 10122 AMS.checkPermission: Binder.getCallingPid() = 6685; uid = 10122; Binder.getCallingUid() = 10122; getNameForUid: com.lemon.faceu; getPackagesForUid: [com.lemon.faceu]; permName: android.permission.GET_TASKS; type = 0; res = -1; stacktrace=java.lang.Exception

08-06 14:12:42.520  1577  4534 I LSPosed-Bridge: 	at com.example.permlabel.requirePerm$1$2.afterHookedMethod(requirePerm.java:136)

08-06 14:12:42.520  1577  4534 I LSPosed-Bridge: 	at com.example.permlabel.requirePerm$1$2.afterHookedMethod(requirePerm.java:136)

08-06 14:12:42.520  1577  4534 I LSPosed-Bridge: 	at de.robv.android.xposed.XposedBridge$AdditionalHookInfo.callback(Unknown Source:147)

08-06 14:12:42.520  1577  4534 I LSPosed-Bridge: 	at de.robv.android.xposed.XposedBridge$AdditionalHookInfo.callback(Unknown Source:147)

08-06 14:12:42.520  1577  4534 I LSPosed-Bridge: 	at LSPHooker_.checkPermission(Unknown Source:25)

08-06 14:12:42.520  1577  4534 I LSPosed-Bridge: 	at LSPHooker_.checkPermission(Unknown Source:25)

08-06 14:12:42.520  1577  4534 I LSPosed-Bridge: 	at com.android.server.am.ActivityManagerService.isGetTasksAllowed(ActivityManagerService.java:10902)

08-06 14:12:42.520  1577  4534 I LSPosed-Bridge: 	at com.android.server.am.ActivityManagerService.isGetTasksAllowed(ActivityManagerService.java:10902)

08-06 14:12:42.520  1577  4534 I LSPosed-Bridge: 	at com.android.server.am.ActivityManagerService.getRunningAppProcesses(ActivityManagerService.java:16139)

08-06 14:12:42.520  1577  4534 I LSPosed-Bridge: 	at com.android.server.am.ActivityManagerService.getRunningAppProcesses(ActivityManagerService.java:16139)

08-06 14:12:42.520  1577  4534 I LSPosed-Bridge: 	at android.app.IActivityManager$Stub.onTransact(IActivityManager.java:1088)

08-06 14:12:42.520  1577  4534 I LSPosed-Bridge: 	at android.app.IActivityManager$Stub.onTransact(IActivityManager.java:1088)

08-06 14:12:42.520  1577  4534 I LSPosed-Bridge: 	at com.android.server.am.ActivityManagerService.onTransact(ActivityManagerService.java:3346)

08-06 14:12:42.520  1577  4534 I LSPosed-Bridge: 	at com.android.server.am.ActivityManagerService.onTransact(ActivityManagerService.java:3346)

08-06 14:12:42.520  1577  4534 I LSPosed-Bridge: 	at android.os.Binder.execTransact(Binder.java:731)

08-06 14:12:42.520  1577  4534 I LSPosed-Bridge: 	at android.os.Binder.execTransact(Binder.java:731)

08-06 14:12:42.528  1577  8316 I LSPosed-Bridge: 7940 PermLabel 10122 AMS.checkPermission: Binder.getCallingPid() = 7940; uid = 10122; Binder.getCallingUid() = 10122; getNameForUid: com.lemon.faceu; getPackagesForUid: [com.lemon.faceu]; permName: android.permission.GET_TASKS; type = 0; res = -1; stacktrace=java.lang.Exception

08-06 14:12:42.528  1577  8316 I LSPosed-Bridge: 	at com.example.permlabel.requirePerm$1$2.afterHookedMethod(requirePerm.java:136)

08-06 14:12:42.528  1577  8316 I LSPosed-Bridge: 	at de.robv.android.xposed.XposedBridge$AdditionalHookInfo.callback(Unknown Source:147)

08-06 14:12:42.528  1577  8316 I LSPosed-Bridge: 	at LSPHooker_.checkPermission(Unknown Source:25)

08-06 14:12:42.528  1577  8316 I LSPosed-Bridge: 	at com.android.server.am.ActivityManagerService.isGetTasksAllowed(ActivityManagerService.java:10902)

08-06 14:12:42.528  1577  8316 I LSPosed-Bridge: 	at com.android.server.am.ActivityManagerService.getRunningAppProcesses(ActivityManagerService.java:16139)

08-06 14:12:42.528  1577  8316 I LSPosed-Bridge: 	at android.app.IActivityManager$Stub.onTransact(IActivityManager.java:1088)

08-06 14:12:42.528  1577  8316 I LSPosed-Bridge: 	at com.android.server.am.ActivityManagerService.onTransact(ActivityManagerService.java:3346)

08-06 14:12:42.528  1577  8316 I LSPosed-Bridge: 	at android.os.Binder.execTransact(Binder.java:731)

08-06 14:12:42.528  6685  6685 I LSPosed-Bridge: 6685 PermLabel hookBinder_test 10122 interfaceBinder =android.hardware.display.IDisplayManager; arg0 = 1; arg1 = android.os.Parcel@41b2623; arg2 = android.os.Parcel@feaf465; arg3 = 0; res = true; stacktrace=java.lang.Exception

08-06 14:12:42.528  6685  6685 I LSPosed-Bridge: 	at com.example.permlabel.hookBinder_test$1.afterHookedMethod(hookBinder_test.java:67)

08-06 14:12:42.528  6685  6685 I LSPosed-Bridge: 	at de.robv.android.xposed.XposedBridge$AdditionalHookInfo.callback(Unknown Source:147)

08-06 14:12:42.528  6685  6685 I LSPosed-Bridge: 	at LSPHooker_.transact(Unknown Source:28)

08-06 14:12:42.528  6685  6685 I LSPosed-Bridge: 	at android.hardware.display.IDisplayManager$Stub$Proxy.getDisplayInfo(IDisplayManager.java:404)

08-06 14:12:42.528  6685  6685 I LSPosed-Bridge: 	at android.hardware.display.DisplayManagerGlobal.getDisplayInfo(DisplayManagerGlobal.java:124)

08-06 14:12:42.528  6685  6685 I LSPosed-Bridge: 	at android.view.Display.updateDisplayInfoLocked(Display.java:1046)

08-06 14:12:42.528  6685  6685 I LSPosed-Bridge: 	at android.view.Display.getMetrics(Display.java:961)

08-06 14:12:42.528  6685  6685 I LSPosed-Bridge: 	at com.lemon.faceu.common.j.e.b(SourceFile:3)

08-06 14:12:42.528  6685  6685 I LSPosed-Bridge: 	at com.lemon.faceu.common.j.e.f(SourceFile:1)

08-06 14:12:42.528  6685  6685 I LSPosed-Bridge: 	at com.lemon.faceu.uimodule.c.b(SourceFile:1)

08-06 14:12:42.528  6685  6685 I LSPosed-Bridge: 	at com.lemon.faceu.uimodule.c.c(SourceFile:1)

08-06 14:12:42.528  6685  6685 I LSPosed-Bridge: 	at com.lemon.faceu.core.camera.r.a.a(SourceFile:73)

08-06 14:12:42.528  6685  6685 I LSPosed-Bridge: 	at com.lemon.faceu.core.camera.c.r(SourceFile:18)

08-06 14:12:42.528  6685  6685 I LSPosed-Bridge: 	at com.lemon.faceu.core.camera.e.r(SourceFile:34)

08-06 14:12:42.528  6685  6685 I LSPosed-Bridge: 	at com.lemon.faceu.core.camera.m.r(SourceFile:57)

08-06 14:12:42.528  6685  6685 I LSPosed-Bridge: 	at com.lemon.faceu.core.camera.c.c1(SourceFile:5)

08-06 14:12:42.528  6685  6685 I LSPosed-Bridge: 	at com.lemon.faceu.core.camera.e.c1(SourceFile:4)

08-06 14:12:42.528  6685  6685 I LSPosed-Bridge: 	at com.lemon.faceu.core.camera.m.c1(SourceFile:1)

08-06 14:12:42.528  6685  6685 I LSPosed-Bridge: 	at com.lemon.faceu.core.camera.c.o1(SourceFile:34)

08-06 14:12:42.528  6685  6685 I LSPosed-Bridge: 	at com.lemon.faceu.core.camera.e.o1(SourceFile:3)

08-06 14:12:42.528  6685  6685 I LSPosed-Bridge: 	at com.lemon.faceu.core.camera.m.o1(SourceFile:3)

08-06 14:12:42.528  6685  6685 I LSPosed-Bridge: 	at com.lemon.faceu.core.camera.m.onStart(SourceFile:3)

08-06 14:12:42.528  6685  6685 I LSPosed-Bridge: 	at androidx.fragment.app.Fragment.performStart(SourceFile:5)

08-06 14:12:42.528  6685  6685 I LSPosed-Bridge: 	at androidx.fragment.app.FragmentStateManager.start(SourceFile:3)

08-06 14:12:42.528  6685  6685 I LSPosed-Bridge: 	at androidx.fragment.app.FragmentStateManager.moveToExpectedState(SourceFile:12)

08-06 14:12:42.528  6685  6685 I LSPosed-Bridge: 	at androidx.fragment.app.FragmentStore.moveToExpectedState(SourceFile:3)

08-06 14:12:42.528  6685  6685 I LSPosed-Bridge: 	at androidx.fragment.app.FragmentManager.moveToState(SourceFile:57)

08-06 14:12:42.528  6685  6685 I LSPosed-Bridge: 	at androidx.fragment.app.FragmentManager.dispatchStateChange(SourceFile:3)

08-06 14:12:42.528  6685  6685 I LSPosed-Bridge: 	at androidx.fragment.app.FragmentManager.dispatchStart(SourceFile:4)

08-06 14:12:42.528  6685  6685 I LSPosed-Bridge: 	at androidx.fragment.app.FragmentController.dispatchStart(SourceFile:1)

08-06 14:12:42.528  6685  6685 I LSPosed-Bridge: 	at androidx.fragment.app.FragmentActivity.onStart(SourceFile:9)

08-06 14:12:42.528  6685  6685 I LSPosed-Bridge: 	at com.lemon.faceu.uimodule.e.b.onStart(SourceFile:1)

08-06 14:12:42.528  6685  6685 I LSPosed-Bridge: 	at com.lemon.faceu.business.mainpage.MainActivity.onStart(Unknown Source:24)

08-06 14:12:42.528  6685  6685 I LSPosed-Bridge: 	at android.app.Instrumentation.callActivityOnStart(Instrumentation.java:1392)

08-06 14:12:42.528  6685  6685 I LSPosed-Bridge: 	at android.app.Activity.performStart(Activity.java:7157)

08-06 14:12:42.528  6685  6685 I LSPosed-Bridge: 	at android.app.ActivityThread.handleStartActivity(ActivityThread.java:2938)

08-06 14:12:42.528  6685  6685 I LSPosed-Bridge: 	at android.app.servertransaction.TransactionExecutor.performLifecycleSequence(TransactionExecutor.java:180)

08-06 14:12:42.528  6685  6685 I LSPosed-Bridge: 	at android.app.servertransaction.TransactionExecutor.cycleToPath(TransactionExecutor.java:165)

08-06 14:12:42.528  6685  6685 I LSPosed-Bridge: 	at android.app.servertransaction.TransactionExecutor.executeLifecycleState(TransactionExecutor.java:142)

08-06 14:12:42.528  6685  6685 I LSPosed-Bridge: 	at android.app.servertransaction.TransactionExecutor.execute(TransactionExecutor.java:70)

08-06 14:12:42.528  6685  6685 I LSPosed-Bridge: 	at android.app.ActivityThread$H.handleMessage(ActivityThread.java:1809)

08-06 14:12:42.528  6685  6685 I LSPosed-Bridge: 	at android.os.Handler.dispatchMessage(Handler.java:106)

08-06 14:12:42.528  6685  6685 I LSPosed-Bridge: 	at android.os.Looper.loop(Looper.java:193)

08-06 14:12:42.528  6685  6685 I LSPosed-Bridge: 	at android.app.ActivityThread.main(ActivityThread.java:6692)

08-06 14:12:42.528  6685  6685 I LSPosed-Bridge: 	at java.lang.reflect.Method.invoke(Native Method)

08-06 14:12:42.528  6685  6685 I LSPosed-Bridge: 	at com.android.internal.os.RuntimeInit$MethodAndArgsCaller.run(RuntimeInit.java:493)

08-06 14:12:42.528  6685  6685 I LSPosed-Bridge: 	at com.android.internal.os.ZygoteInit.main(ZygoteInit.java:858)

08-06 14:12:42.528  7940  8057 I LSPosed-Bridge: 7940 PermLabel hookBinder_test 10122 interfaceBinder =android.app.IActivityManager; arg0 = 81; arg1 = android.os.Parcel@f08b66a; arg2 = android.os.Parcel@e6352cd; arg3 = 0; res = true; stacktrace=java.lang.Exception

08-06 14:12:42.528  7940  8057 I LSPosed-Bridge: 	at com.example.permlabel.hookBinder_test$1.afterHookedMethod(hookBinder_test.java:67)

08-06 14:12:42.528  7940  8057 I LSPosed-Bridge: 	at de.robv.android.xposed.XposedBridge$AdditionalHookInfo.callback(Unknown Source:147)

08-06 14:12:42.528  7940  8057 I LSPosed-Bridge: 	at LSPHooker_.transact(Unknown Source:28)

08-06 14:12:42.528  7940  8057 I LSPosed-Bridge: 	at android.app.IActivityManager$Stub$Proxy.getRunningAppProcesses(IActivityManager.java:5366)

08-06 14:12:42.528  7940  8057 I LSPosed-Bridge: 	at android.app.ActivityManager.getRunningAppProcesses(ActivityManager.java:3435)

08-06 14:12:42.528  7940  8057 I LSPosed-Bridge: 	at java.lang.reflect.Method.invoke(Native Method)

08-06 14:12:42.528  7940  8057 I LSPosed-Bridge: 	at org.lsposed.lspd.nativebridge.HookBridge.invokeOriginalMethod(Native Method)

08-06 14:12:42.528  7940  8057 I LSPosed-Bridge: 	at de.robv.android.xposed.XposedBridge$AdditionalHookInfo.callback(Unknown Source:110)

08-06 14:12:42.528  7940  8057 I LSPosed-Bridge: 	at LSPHooker_.getRunningAppProcesses(Unknown Source:8)

08-06 14:12:42.528  7940  8057 I LSPosed-Bridge: 	at com.ss.android.message.util.ToolUtils.isMainProcessStart(SourceFile:2)

08-06 14:12:42.528  7940  8057 I LSPosed-Bridge: 	at com.ss.android.pushmanager.setting.PushMultiProcessSharedProvider.allowStartOthersProcess(SourceFile:2)

08-06 14:12:42.528  7940  8057 I LSPosed-Bridge: 	at com.ss.android.pushmanager.setting.PushMultiProcessSharedProvider$MultiProcessShared.getInt(SourceFile:1)

08-06 14:12:42.528  7940  8057 I LSPosed-Bridge: 	at com.ss.android.newmedia.redbadge.setting.RedbadgeSetting.getRedBadgeNextQueryInterval(SourceFile:1)

08-06 14:12:42.528  7940  8057 I LSPosed-Bridge: 	at com.ss.android.newmedia.redbadge.RedBadgeController.loadRequestConfig(SourceFile:2)

08-06 14:12:42.528  7940  8057 I LSPosed-Bridge: 	at com.ss.android.newmedia.redbadge.RedBadgeController$5.onChange(SourceFile:3)

08-06 14:12:42.528  7940  8057 I LSPosed-Bridge: 	at android.database.ContentObserver.onChange(ContentObserver.java:130)

08-06 14:12:42.528  7940  8057 I LSPosed-Bridge: 	at android.database.ContentObserver.onChange(ContentObserver.java:145)

08-06 14:12:42.528  7940  8057 I LSPosed-Bridge: 	at android.database.ContentObserver$NotificationRunnable.run(ContentObserver.java:216)

08-06 14:12:42.528  7940  8057 I LSPosed-Bridge: 	at android.os.Handler.handleCallback(Handler.java:873)

08-06 14:12:42.528  7940  8057 I LSPosed-Bridge: 	at android.os.Handler.dispatchMessage(Handler.java:99)

08-06 14:12:42.528  7940  8057 I LSPosed-Bridge: 	at android.os.Looper.loop(Looper.java:193)

08-06 14:12:42.528  7940  8057 I LSPosed-Bridge: 	at android.os.HandlerThread.run(HandlerThread.java:65)

08-06 14:12:42.534  1577  8316 I LSPosed-Bridge: 7940 PermLabel 10122 AMS.checkPermission: Binder.getCallingPid() = 7940; uid = 10122; Binder.getCallingUid() = 10122; getNameForUid: com.lemon.faceu; getPackagesForUid: [com.lemon.faceu]; permName: android.permission.GET_TASKS; type = 0; res = -1; stacktrace=java.lang.Exception

08-06 14:12:42.534  1577  8316 I LSPosed-Bridge: 	at com.example.permlabel.requirePerm$1$2.afterHookedMethod(requirePerm.java:136)

08-06 14:12:42.534  1577  8316 I LSPosed-Bridge: 	at de.robv.android.xposed.XposedBridge$AdditionalHookInfo.callback(Unknown Source:147)

08-06 14:12:42.534  1577  8316 I LSPosed-Bridge: 	at LSPHooker_.checkPermission(Unknown Source:25)

08-06 14:12:42.534  1577  8316 I LSPosed-Bridge: 	at com.android.server.am.ActivityManagerService.isGetTasksAllowed(ActivityManagerService.java:10902)

08-06 14:12:42.534  1577  8316 I LSPosed-Bridge: 	at com.android.server.am.ActivityManagerService.getRunningAppProcesses(ActivityManagerService.java:16139)

08-06 14:12:42.534  1577  8316 I LSPosed-Bridge: 	at android.app.IActivityManager$Stub.onTransact(IActivityManager.java:1088)

08-06 14:12:42.534  1577  8316 I LSPosed-Bridge: 	at com.android.server.am.ActivityManagerService.onTransact(ActivityManagerService.java:3346)

08-06 14:12:42.534  1577  8316 I LSPosed-Bridge: 	at android.os.Binder.execTransact(Binder.java:731)

08-06 14:12:42.534  6685  6685 I LSPosed-Bridge: 6685 PermLabel hookBinder_test 10122 interfaceBinder =android.hardware.display.IDisplayManager; arg0 = 1; arg1 = android.os.Parcel@41b2623; arg2 = android.os.Parcel@feaf465; arg3 = 0; res = true; stacktrace=java.lang.Exception

08-06 14:12:42.534  6685  6685 I LSPosed-Bridge: 	at com.example.permlabel.hookBinder_test$1.afterHookedMethod(hookBinder_test.java:67)

08-06 14:12:42.534  6685  6685 I LSPosed-Bridge: 	at de.robv.android.xposed.XposedBridge$AdditionalHookInfo.callback(Unknown Source:147)

08-06 14:12:42.534  6685  6685 I LSPosed-Bridge: 	at LSPHooker_.transact(Unknown Source:28)

08-06 14:12:42.534  6685  6685 I LSPosed-Bridge: 	at android.hardware.display.IDisplayManager$Stub$Proxy.getDisplayInfo(IDisplayManager.java:404)

08-06 14:12:42.534  6685  6685 I LSPosed-Bridge: 	at android.hardware.display.DisplayManagerGlobal.getDisplayInfo(DisplayManagerGlobal.java:124)

08-06 14:12:42.534  6685  6685 I LSPosed-Bridge: 	at android.view.Display.updateDisplayInfoLocked(Display.java:1046)

08-06 14:12:42.534  6685  6685 I LSPosed-Bridge: 	at android.view.Display.getMetrics(Display.java:961)

08-06 14:12:42.534  6685  6685 I LSPosed-Bridge: 	at com.lemon.faceu.common.j.e.b(SourceFile:3)

08-06 14:12:42.534  6685  6685 I LSPosed-Bridge: 	at com.lemon.faceu.common.j.e.f(SourceFile:1)

08-06 14:12:42.534  6685  6685 I LSPosed-Bridge: 	at com.lemon.faceu.uimodule.c.b(SourceFile:1)

08-06 14:12:42.534  6685  6685 I LSPosed-Bridge: 	at com.lemon.faceu.uimodule.c.a(SourceFile:1)

08-06 14:12:42.534  6685  6685 I LSPosed-Bridge: 	at com.lemon.faceu.uimodule.c.e(SourceFile:1)

08-06 14:12:42.534  6685  6685 I LSPosed-Bridge: 	at com.lemon.faceu.core.camera.r.a.a(SourceFile:83)

08-06 14:12:42.534  6685  6685 I LSPosed-Bridge: 	at com.lemon.faceu.core.camera.c.r(SourceFile:18)

08-06 14:12:42.534  6685  6685 I LSPosed-Bridge: 	at com.lemon.faceu.core.camera.e.r(SourceFile:34)

08-06 14:12:42.534  6685  6685 I LSPosed-Bridge: 	at com.lemon.faceu.core.camera.m.r(SourceFile:57)

08-06 14:12:42.534  6685  6685 I LSPosed-Bridge: 	at com.lemon.faceu.core.camera.c.c1(SourceFile:5)

08-06 14:12:42.534  6685  6685 I LSPosed-Bridge: 	at com.lemon.faceu.core.camera.e.c1(SourceFile:4)

08-06 14:12:42.534  6685  6685 I LSPosed-Bridge: 	at com.lemon.faceu.core.camera.m.c1(SourceFile:1)

08-06 14:12:42.534  6685  6685 I LSPosed-Bridge: 	at com.lemon.faceu.core.camera.c.o1(SourceFile:34)

08-06 14:12:42.534  6685  6685 I LSPosed-Bridge: 	at com.lemon.faceu.core.camera.e.o1(SourceFile:3)

08-06 14:12:42.534  6685  6685 I LSPosed-Bridge: 	at com.lemon.faceu.core.camera.m.o1(SourceFile:3)

08-06 14:12:42.534  6685  6685 I LSPosed-Bridge: 	at com.lemon.faceu.core.camera.m.onStart(SourceFile:3)

08-06 14:12:42.534  6685  6685 I LSPosed-Bridge: 	at androidx.fragment.app.Fragment.performStart(SourceFile:5)

08-06 14:12:42.534  6685  6685 I LSPosed-Bridge: 	at androidx.fragment.app.FragmentStateManager.start(SourceFile:3)

08-06 14:12:42.534  6685  6685 I LSPosed-Bridge: 	at androidx.fragment.app.FragmentStateManager.moveToExpectedState(SourceFile:12)

08-06 14:12:42.534  6685  6685 I LSPosed-Bridge: 	at androidx.fragment.app.FragmentStore.moveToExpectedState(SourceFile:3)

08-06 14:12:42.534  6685  6685 I LSPosed-Bridge: 	at androidx.fragment.app.FragmentManager.moveToState(SourceFile:57)

08-06 14:12:42.534  6685  6685 I LSPosed-Bridge: 	at androidx.fragment.app.FragmentManager.dispatchStateChange(SourceFile:3)

08-06 14:12:42.534  6685  6685 I LSPosed-Bridge: 	at androidx.fragment.app.FragmentManager.dispatchStart(SourceFile:4)

08-06 14:12:42.534  6685  6685 I LSPosed-Bridge: 	at androidx.fragment.app.FragmentController.dispatchStart(SourceFile:1)

08-06 14:12:42.534  6685  6685 I LSPosed-Bridge: 	at androidx.fragment.app.FragmentActivity.onStart(SourceFile:9)

08-06 14:12:42.534  6685  6685 I LSPosed-Bridge: 	at com.lemon.faceu.uimodule.e.b.onStart(SourceFile:1)

08-06 14:12:42.534  6685  6685 I LSPosed-Bridge: 	at com.lemon.faceu.business.mainpage.MainActivity.onStart(Unknown Source:24)

08-06 14:12:42.534  6685  6685 I LSPosed-Bridge: 	at android.app.Instrumentation.callActivityOnStart(Instrumentation.java:1392)

08-06 14:12:42.534  6685  6685 I LSPosed-Bridge: 	at android.app.Activity.performStart(Activity.java:7157)

08-06 14:12:42.534  6685  6685 I LSPosed-Bridge: 	at android.app.ActivityThread.handleStartActivity(ActivityThread.java:2938)

08-06 14:12:42.534  6685  6685 I LSPosed-Bridge: 	at android.app.servertransaction.TransactionExecutor.performLifecycleSequence(TransactionExecutor.java:180)

08-06 14:12:42.534  6685  6685 I LSPosed-Bridge: 	at android.app.servertransaction.TransactionExecutor.cycleToPath(TransactionExecutor.java:165)

08-06 14:12:42.534  6685  6685 I LSPosed-Bridge: 	at android.app.servertransaction.TransactionExecutor.executeLifecycleState(TransactionExecutor.java:142)

08-06 14:12:42.534  6685  6685 I LSPosed-Bridge: 	at android.app.servertransaction.TransactionExecutor.execute(TransactionExecutor.java:70)

08-06 14:12:42.534  6685  6685 I LSPosed-Bridge: 	at android.app.ActivityThread$H.handleMessage(ActivityThread.java:1809)

08-06 14:12:42.534  6685  6685 I LSPosed-Bridge: 	at android.os.Handler.dispatchMessage(Handler.java:106)

08-06 14:12:42.534  6685  6685 I LSPosed-Bridge: 	at android.os.Looper.loop(Looper.java:193)

08-06 14:12:42.534  6685  6685 I LSPosed-Bridge: 	at android.app.ActivityThread.main(ActivityThread.java:6692)

08-06 14:12:42.534  6685  6685 I LSPosed-Bridge: 	at java.lang.reflect.Method.invoke(Native Method)

08-06 14:12:42.534  6685  6685 I LSPosed-Bridge: 	at com.android.internal.os.RuntimeInit$MethodAndArgsCaller.run(RuntimeInit.java:493)

08-06 14:12:42.534  6685  6685 I LSPosed-Bridge: 	at com.android.internal.os.ZygoteInit.main(ZygoteInit.java:858)

08-06 14:12:42.548  1577  8316 I LSPosed-Bridge: 7940 PermLabel 10122 AMS.checkPermission: Binder.getCallingPid() = 7940; uid = 10122; Binder.getCallingUid() = 10122; getNameForUid: com.lemon.faceu; getPackagesForUid: [com.lemon.faceu]; permName: android.permission.GET_TASKS; type = 0; res = -1; stacktrace=java.lang.Exception

08-06 14:12:42.548  1577  8316 I LSPosed-Bridge: 	at com.example.permlabel.requirePerm$1$2.afterHookedMethod(requirePerm.java:136)

08-06 14:12:42.548  1577  8316 I LSPosed-Bridge: 	at de.robv.android.xposed.XposedBridge$AdditionalHookInfo.callback(Unknown Source:147)

08-06 14:12:42.548  1577  8316 I LSPosed-Bridge: 	at LSPHooker_.checkPermission(Unknown Source:25)

08-06 14:12:42.548  1577  8316 I LSPosed-Bridge: 	at com.android.server.am.ActivityManagerService.isGetTasksAllowed(ActivityManagerService.java:10902)

08-06 14:12:42.548  1577  8316 I LSPosed-Bridge: 	at com.android.server.am.ActivityManagerService.getRunningAppProcesses(ActivityManagerService.java:16139)

08-06 14:12:42.548  1577  8316 I LSPosed-Bridge: 	at android.app.IActivityManager$Stub.onTransact(IActivityManager.java:1088)

08-06 14:12:42.548  1577  8316 I LSPosed-Bridge: 	at com.android.server.am.ActivityManagerService.onTransact(ActivityManagerService.java:3346)

08-06 14:12:42.548  1577  8316 I LSPosed-Bridge: 	at android.os.Binder.execTransact(Binder.java:731)

08-06 14:12:46.358  1577  4534 I LSPosed-Bridge: 6685 PermLabel 10122 AMS.checkPermission: Binder.getCallingPid() = 6685; uid = 10122; Binder.getCallingUid() = 10122; getNameForUid: com.lemon.faceu; getPackagesForUid: [com.lemon.faceu]; permName: android.permission.GET_TASKS; type = 0; res = -1; stacktrace=java.lang.Exception

08-06 14:12:46.358  1577  4534 I LSPosed-Bridge: 	at com.example.permlabel.requirePerm$1$2.afterHookedMethod(requirePerm.java:136)

08-06 14:12:46.358  1577  4534 I LSPosed-Bridge: 	at de.robv.android.xposed.XposedBridge$AdditionalHookInfo.callback(Unknown Source:147)

08-06 14:12:46.358  1577  4534 I LSPosed-Bridge: 	at LSPHooker_.checkPermission(Unknown Source:25)

08-06 14:12:46.358  1577  4534 I LSPosed-Bridge: 	at com.android.server.am.ActivityManagerService.isGetTasksAllowed(ActivityManagerService.java:10902)

08-06 14:12:46.358  1577  4534 I LSPosed-Bridge: 	at com.android.server.am.ActivityManagerService.getRunningAppProcesses(ActivityManagerService.java:16139)

08-06 14:12:46.358  1577  4534 I LSPosed-Bridge: 	at android.app.IActivityManager$Stub.onTransact(IActivityManager.java:1088)

08-06 14:12:46.358  1577  4534 I LSPosed-Bridge: 	at com.android.server.am.ActivityManagerService.onTransact(ActivityManagerService.java:3346)

08-06 14:12:46.358  1577  4534 I LSPosed-Bridge: 	at android.os.Binder.execTransact(Binder.java:731)

08-06 14:12:46.358  1577  1650 I BatteryService: BatteryService level = 49

08-06 14:12:46.358  1577  1650 I BatteryService: BatteryService status = 2

08-06 14:12:46.383   511 15248 I mm-camera: <IFACE >< INFO> 1844: iface_streamoff_to_thread: iface_streamoff_to_thread: X, session id = 2, user stream id = 4

08-06 14:12:46.383  1577  1600 I LSPosed-Bridge: 6685 PermLabel 10122 AMS.checkPermission: Binder.getCallingPid() = 6685; uid = 10122; Binder.getCallingUid() = 10122; getNameForUid: com.lemon.faceu; getPackagesForUid: [com.lemon.faceu]; permName: android.permission.GET_TASKS; type = 0; res = -1; stacktrace=java.lang.Exception

08-06 14:12:46.383  1577  1600 I LSPosed-Bridge: 	at com.example.permlabel.requirePerm$1$2.afterHookedMethod(requirePerm.java:136)

08-06 14:12:46.383  1577  1600 I LSPosed-Bridge: 	at de.robv.android.xposed.XposedBridge$AdditionalHookInfo.callback(Unknown Source:147)

08-06 14:12:46.383  1577  1600 I LSPosed-Bridge: 	at LSPHooker_.checkPermission(Unknown Source:25)

08-06 14:12:46.383  1577  1600 I LSPosed-Bridge: 	at com.android.server.am.ActivityManagerService.isGetTasksAllowed(ActivityManagerService.java:10902)

08-06 14:12:46.383  1577  1600 I LSPosed-Bridge: 	at com.android.server.am.ActivityManagerService.getRunningAppProcesses(ActivityManagerService.java:16139)

08-06 14:12:46.383  1577  1600 I LSPosed-Bridge: 	at android.app.IActivityManager$Stub.onTransact(IActivityManager.java:1088)

08-06 14:12:46.383  1577  1600 I LSPosed-Bridge: 	at com.android.server.am.ActivityManagerService.onTransact(ActivityManagerService.java:3346)

08-06 14:12:46.383  1577  1600 I LSPosed-Bridge: 	at android.os.Binder.execTransact(Binder.java:731)

08-06 14:12:46.391   511 15264 I mm-camera: <CPP   >< INFO> 371: cpp_hardware_set_clock: Set clock 100000000 BW avg 0 BW inst 0

08-06 14:12:46.391   511 15248 I mm-camera: <MCT   >< INFO> 4161: mct_pipeline_process_set: command=8000009

08-06 14:12:46.391   511 15248 I mm-camera: <MCT   >< INFO> 4300: mct_pipeline_process_set:  STREAM-OFF on stream 0x20003 stream type=3

08-06 14:12:46.391   511 15248 I mm-camera: <IFACE >< INFO> 1818: iface_streamoff_to_thread: iface_streamoff_to_thread: E, session id = 2, user stream id = 3

08-06 14:12:46.391   511 15256 I mm-camera: <IFACE >< INFO> 2447: iface_streamoff: E, session_id 2 mct_stream_id = 3

08-06 14:12:46.391   511 15256 I mm-camera: <IFACE >< INFO> 12121: iface_util_get_user_streams_by_bundle: skip streamoff! left 0 bundled streamoff, mct stream id 3total bundled stream num = 3

08-06 14:12:46.391   511 15256 I mm-camera: <IFACE >< INFO> 2695: iface_streamoff: all bundled stream streamoff, clear hal bundled mask

