08-06 14:12:46.391   511 15256 I mm-camera: <IFACE >< INFO> 2700: iface_streamoff: X

08-06 14:12:46.391   511 15248 I mm-camera: <IFACE >< INFO> 1844: iface_streamoff_to_thread: iface_streamoff_to_thread: X, session id = 2, user stream id = 3

08-06 14:12:46.391  1577  1600 I LSPosed-Bridge: 6685 PermLabel 10122 AMS.checkPermission: Binder.getCallingPid() = 6685; uid = 10122; Binder.getCallingUid() = 10122; getNameForUid: com.lemon.faceu; getPackagesForUid: [com.lemon.faceu]; permName: android.permission.GET_TASKS; type = 0; res = -1; stacktrace=java.lang.Exception

08-06 14:12:46.391  1577  1600 I LSPosed-Bridge: 	at com.example.permlabel.requirePerm$1$2.afterHookedMethod(requirePerm.java:136)

08-06 14:12:46.391  1577  1600 I LSPosed-Bridge: 	at de.robv.android.xposed.XposedBridge$AdditionalHookInfo.callback(Unknown Source:147)

08-06 14:12:46.391  1577  1600 I LSPosed-Bridge: 	at LSPHooker_.checkPermission(Unknown Source:25)

08-06 14:12:46.391  1577  1600 I LSPosed-Bridge: 	at com.android.server.am.ActivityManagerService.isGetTasksAllowed(ActivityManagerService.java:10902)

08-06 14:12:46.391  1577  1600 I LSPosed-Bridge: 	at com.android.server.am.ActivityManagerService.getRunningAppProcesses(ActivityManagerService.java:16139)

08-06 14:12:46.391  1577  1600 I LSPosed-Bridge: 	at android.app.IActivityManager$Stub.onTransact(IActivityManager.java:1088)

08-06 14:12:46.391  1577  1600 I LSPosed-Bridge: 	at com.android.server.am.ActivityManagerService.onTransact(ActivityManagerService.java:3346)

08-06 14:12:46.391  1577  1600 I LSPosed-Bridge: 	at android.os.Binder.execTransact(Binder.java:731)

08-06 14:12:46.400  6685  6756 I LSPosed-Bridge: 6685 PermLabel hookBinder_test 10122 interfaceBinder =android.content.IContentService; arg0 = 3; arg1 = android.os.Parcel@844afe0; arg2 = android.os.Parcel@295d074; arg3 = 0; res = true; stacktrace=java.lang.Exception

08-06 14:12:46.400  6685  6756 I LSPosed-Bridge: 	at com.example.permlabel.hookBinder_test$1.afterHookedMethod(hookBinder_test.java:67)

08-06 14:12:46.400  6685  6756 I LSPosed-Bridge: 	at de.robv.android.xposed.XposedBridge$AdditionalHookInfo.callback(Unknown Source:147)

08-06 14:12:46.400  6685  6756 I LSPosed-Bridge: 	at LSPHooker_.transact(Unknown Source:28)

08-06 14:12:46.400  6685  6756 I LSPosed-Bridge: 	at android.content.IContentService$Stub$Proxy.notifyChange(IContentService.java:811)

08-06 14:12:46.400  6685  6756 I LSPosed-Bridge: 	at android.content.ContentResolver.notifyChange(ContentResolver.java:2099)

08-06 14:12:46.400  6685  6756 I LSPosed-Bridge: 	at android.content.ContentResolver.notifyChange(ContentResolver.java:2050)

08-06 14:12:46.400  6685  6756 I LSPosed-Bridge: 	at android.content.ContentResolver.notifyChange(ContentResolver.java:2020)

08-06 14:12:46.400  6685  6756 I LSPosed-Bridge: 	at com.ss.android.pushmanager.setting.PushMultiProcessSharedProvider.notifyContentChanged(SourceFile:1)

08-06 14:12:46.400  6685  6756 I LSPosed-Bridge: 	at com.ss.android.pushmanager.setting.PushMultiProcessSharedProvider.access$000(SourceFile:1)

08-06 14:12:46.400  6685  6756 I LSPosed-Bridge: 	at com.ss.android.pushmanager.setting.PushMultiProcessSharedProvider$1.run(SourceFile:1)

08-06 14:12:46.400  6685  6756 I LSPosed-Bridge: 	at com.ss.android.pushmanager.setting.PushMultiProcessSharedProvider.insert(SourceFile:41)

08-06 14:12:46.400  6685  6756 I LSPosed-Bridge: 	at android.content.ContentProvider$Transport.insert(ContentProvider.java:266)

08-06 14:12:46.400  6685  6756 I LSPosed-Bridge: 	at android.content.ContentResolver.insert(ContentResolver.java:1590)

08-06 14:12:46.400  6685  6756 I LSPosed-Bridge: 	at com.ss.android.pushmanager.setting.PushMultiProcessSharedProvider$Editor.apply(SourceFile:2)

08-06 14:12:46.400  6685  6756 I LSPosed-Bridge: 	at com.ss.android.newmedia.redbadge.setting.RedbadgeSetting.setRedBadgeLastTimeParas(SourceFile:1)

08-06 14:12:46.400  6685  6756 I LSPosed-Bridge: 	at com.ss.android.newmedia.redbadge.RedBadgeControlClient.saveTimeParas(SourceFile:3)

08-06 14:12:46.400  6685  6756 I LSPosed-Bridge: 	at com.ss.android.newmedia.redbadge.RedBadgeControlClient.handleTimeParasChange(SourceFile:19)

08-06 14:12:46.400  6685  6756 I LSPosed-Bridge: 	at com.ss.android.newmedia.redbadge.RedBadgeControlClient.handleMsg(SourceFile:6)

08-06 14:12:46.400  6685  6756 I LSPosed-Bridge: 	at com.bytedance.common.utility.collection.WeakHandler.handleMessage(SourceFile:2)

08-06 14:12:46.400  6685  6756 I LSPosed-Bridge: 	at android.os.Handler.dispatchMessage(Handler.java:106)

08-06 14:12:46.400  6685  6756 I LSPosed-Bridge: 	at android.os.Looper.loop(Looper.java:193)

08-06 14:12:46.400  6685  6756 I LSPosed-Bridge: 	at android.os.HandlerThread.run(HandlerThread.java:65)

08-06 14:12:46.400   511 15248 I mm-camera: <MCT   >< INFO> 188: stop_sof_check_thread: Stopping SOF timeout thread session =2

08-06 14:12:46.400   511 15321 I mm-camera: <MCT   >< INFO> 113: mct_bus_sof_thread_run: Closing SOF tracker thread

08-06 14:12:46.400  1577  1600 I LSPosed-Bridge: 7940 PermLabel 10122 AMS.checkPermission: Binder.getCallingPid() = 7940; uid = 10122; Binder.getCallingUid() = 10122; getNameForUid: com.lemon.faceu; getPackagesForUid: [com.lemon.faceu]; permName: android.permission.GET_TASKS; type = 0; res = -1; stacktrace=java.lang.Exception

08-06 14:12:46.400  1577  1600 I LSPosed-Bridge: 	at com.example.permlabel.requirePerm$1$2.afterHookedMethod(requirePerm.java:136)

08-06 14:12:46.400  1577  1600 I LSPosed-Bridge: 	at de.robv.android.xposed.XposedBridge$AdditionalHookInfo.callback(Unknown Source:147)

08-06 14:12:46.400  1577  1600 I LSPosed-Bridge: 	at LSPHooker_.checkPermission(Unknown Source:25)

08-06 14:12:46.400  1577  1600 I LSPosed-Bridge: 	at com.android.server.am.ActivityManagerService.isGetTasksAllowed(ActivityManagerService.java:10902)

08-06 14:12:46.400  1577  1600 I LSPosed-Bridge: 	at com.android.server.am.ActivityManagerService.getRunningAppProcesses(ActivityManagerService.java:16139)

08-06 14:12:46.400  1577  1600 I LSPosed-Bridge: 	at android.app.IActivityManager$Stub.onTransact(IActivityManager.java:1088)

08-06 14:12:46.400  1577  1600 I LSPosed-Bridge: 	at com.android.server.am.ActivityManagerService.onTransact(ActivityManagerService.java:3346)

08-06 14:12:46.400  1577  1600 I LSPosed-Bridge: 	at android.os.Binder.execTransact(Binder.java:731)

08-06 14:12:46.402  7940  8057 I LSPosed-Bridge: 7940 PermLabel permName: android.permission.READ_PHONE_STATE; getRunningAppProcesses =[android.app.ActivityManager$RunningAppProcessInfo@844c63, android.app.ActivityManager$RunningAppProcessInfo@f2ce060, android.app.ActivityManager$RunningAppProcessInfo@cb8f919]; stacktrace=java.lang.Exception

08-06 14:12:46.402  7940  8057 I LSPosed-Bridge: 	at com.example.permlabel.hookBinder_test$2.afterHookedMethod(hookBinder_test.java:107)

08-06 14:12:46.402  7940  8057 I LSPosed-Bridge: 	at de.robv.android.xposed.XposedBridge$AdditionalHookInfo.callback(Unknown Source:147)

08-06 14:12:46.402  7940  8057 I LSPosed-Bridge: 	at LSPHooker_.getRunningAppProcesses(Unknown Source:8)

08-06 14:12:46.402  7940  8057 I LSPosed-Bridge: 	at com.ss.android.message.util.ToolUtils.isMainProcessStart(SourceFile:2)

08-06 14:12:46.402  7940  8057 I LSPosed-Bridge: 	at com.ss.android.pushmanager.setting.PushMultiProcessSharedProvider.allowStartOthersProcess(SourceFile:2)

08-06 14:12:46.402  7940  8057 I LSPosed-Bridge: 	at com.ss.android.pushmanager.setting.PushMultiProcessSharedProvider$MultiProcessShared.getLong(SourceFile:1)

08-06 14:12:46.402  7940  8057 I LSPosed-Bridge: 	at com.ss.android.newmedia.redbadge.setting.RedbadgeSetting.getRedBadgeLastRequestTime(SourceFile:1)

08-06 14:12:46.402  7940  8057 I LSPosed-Bridge: 	at com.ss.android.newmedia.redbadge.RedBadgeController.loadRequestConfig(SourceFile:1)

08-06 14:12:46.402  7940  8057 I LSPosed-Bridge: 	at com.ss.android.newmedia.redbadge.RedBadgeController$5.onChange(SourceFile:3)

08-06 14:12:46.402  7940  8057 I LSPosed-Bridge: 	at android.database.ContentObserver.onChange(ContentObserver.java:130)

08-06 14:12:46.402  7940  8057 I LSPosed-Bridge: 	at android.database.ContentObserver.onChange(ContentObserver.java:145)

08-06 14:12:46.402  7940  8057 I LSPosed-Bridge: 	at android.database.ContentObserver$NotificationRunnable.run(ContentObserver.java:216)

08-06 14:12:46.402  7940  8057 I LSPosed-Bridge: 	at android.os.Handler.handleCallback(Handler.java:873)

08-06 14:12:46.402  7940  8057 I LSPosed-Bridge: 	at android.os.Handler.dispatchMessage(Handler.java:99)

08-06 14:12:46.402  7940  8057 I LSPosed-Bridge: 	at android.os.Looper.loop(Looper.java:193)

08-06 14:12:46.402  7940  8057 I LSPosed-Bridge: 	at android.os.HandlerThread.run(HandlerThread.java:65)

08-06 14:12:46.402  1577  4534 I LSPosed-Bridge: 6685 PermLabel 10122 AMS.checkPermission: Binder.getCallingPid() = 6685; uid = 10122; Binder.getCallingUid() = 10122; getNameForUid: com.lemon.faceu; getPackagesForUid: [com.lemon.faceu]; permName: android.permission.GET_TASKS; type = 0; res = -1; stacktrace=java.lang.Exception

08-06 14:12:46.402  1577  4534 I LSPosed-Bridge: 	at com.example.permlabel.requirePerm$1$2.afterHookedMethod(requirePerm.java:136)

08-06 14:12:46.402  1577  4534 I LSPosed-Bridge: 	at de.robv.android.xposed.XposedBridge$AdditionalHookInfo.callback(Unknown Source:147)

08-06 14:12:46.402  1577  4534 I LSPosed-Bridge: 	at LSPHooker_.checkPermission(Unknown Source:25)

08-06 14:12:46.402  1577  4534 I LSPosed-Bridge: 	at com.android.server.am.ActivityManagerService.isGetTasksAllowed(ActivityManagerService.java:10902)

08-06 14:12:46.402  1577  4534 I LSPosed-Bridge: 	at com.android.server.am.ActivityManagerService.getRunningAppProcesses(ActivityManagerService.java:16139)

08-06 14:12:46.402  1577  4534 I LSPosed-Bridge: 	at android.app.IActivityManager$Stub.onTransact(IActivityManager.java:1088)

08-06 14:12:46.402  1577  4534 I LSPosed-Bridge: 	at com.android.server.am.ActivityManagerService.onTransact(ActivityManagerService.java:3346)

08-06 14:12:46.402  1577  4534 I LSPosed-Bridge: 	at android.os.Binder.execTransact(Binder.java:731)

08-06 14:12:46.410   548   548 I ConfigStore: android::hardware::configstore::V1_0::ISurfaceFlingerConfigs::hasHDRDisplay retrieved: 0

08-06 14:12:46.410  6685  6685 I LSPosed-Bridge: 6685 PermLabel hookBinder_test 10122 interfaceBinder =android.app.IActivityManager; arg0 = 193; arg1 = android.os.Parcel@295d074; arg2 = android.os.Parcel@844afe0; arg3 = 0; res = true; stacktrace=java.lang.Exception

08-06 14:12:46.410  6685  6685 I LSPosed-Bridge: 	at com.example.permlabel.hookBinder_test$1.afterHookedMethod(hookBinder_test.java:67)

08-06 14:12:46.410  6685  6685 I LSPosed-Bridge: 	at de.robv.android.xposed.XposedBridge$AdditionalHookInfo.callback(Unknown Source:147)

08-06 14:12:46.410  6685  6685 I LSPosed-Bridge: 	at LSPHooker_.transact(Unknown Source:28)

08-06 14:12:46.410  6685  6685 I LSPosed-Bridge: 	at android.app.IActivityManager$Stub$Proxy.setTaskDescription(IActivityManager.java:7688)

08-06 14:12:46.410  6685  6685 I LSPosed-Bridge: 	at android.app.Activity.setTaskDescription(Activity.java:6118)

08-06 14:12:46.410  6685  6685 I LSPosed-Bridge: 	at android.app.Activity.onApplyThemeResource(Activity.java:4402)

08-06 14:12:46.410  6685  6685 I LSPosed-Bridge: 	at android.view.ContextThemeWrapper.initializeTheme(ContextThemeWrapper.java:198)

08-06 14:12:46.410  6685  6685 I LSPosed-Bridge: 	at android.view.ContextThemeWrapper.setTheme(ContextThemeWrapper.java:140)

08-06 14:12:46.410  6685  6685 I LSPosed-Bridge: 	at android.app.Activity.setTheme(Activity.java:4354)

08-06 14:12:46.410  6685  6685 I LSPosed-Bridge: 	at android.app.ActivityThread.performLaunchActivity(ActivityThread.java:2887)

08-06 14:12:46.410  6685  6685 I LSPosed-Bridge: 	at android.app.ActivityThread.handleLaunchActivity(ActivityThread.java:3049)

08-06 14:12:46.410  6685  6685 I LSPosed-Bridge: 	at android.app.servertransaction.LaunchActivityItem.execute(LaunchActivityItem.java:78)

08-06 14:12:46.410  6685  6685 I LSPosed-Bridge: 	at android.app.servertransaction.TransactionExecutor.executeCallbacks(TransactionExecutor.java:108)

08-06 14:12:46.410  6685  6685 I LSPosed-Bridge: 	at android.app.servertransaction.TransactionExecutor.execute(TransactionExecutor.java:68)

08-06 14:12:46.410  6685  6685 I LSPosed-Bridge: 	at android.app.ActivityThread$H.handleMessage(ActivityThread.java:1809)

08-06 14:12:46.410  6685  6685 I LSPosed-Bridge: 	at android.os.Handler.dispatchMessage(Handler.java:106)

08-06 14:12:46.410  6685  6685 I LSPosed-Bridge: 	at android.os.Looper.loop(Looper.java:193)

08-06 14:12:46.410  6685  6685 I LSPosed-Bridge: 	at android.app.ActivityThread.main(ActivityThread.java:6692)

08-06 14:12:46.410  6685  6685 I LSPosed-Bridge: 	at java.lang.reflect.Method.invoke(Native Method)

08-06 14:12:46.410  6685  6685 I LSPosed-Bridge: 	at com.android.internal.os.RuntimeInit$MethodAndArgsCaller.run(RuntimeInit.java:493)

08-06 14:12:46.410  6685  6685 I LSPosed-Bridge: 	at com.android.internal.os.ZygoteInit.main(ZygoteInit.java:858)

08-06 14:12:46.410  1577  7646 I LSPosed-Bridge: 7940 PermLabel 10122 AMS.checkPermission: Binder.getCallingPid() = 7940; uid = 10122; Binder.getCallingUid() = 10122; getNameForUid: com.lemon.faceu; getPackagesForUid: [com.lemon.faceu]; permName: android.permission.GET_TASKS; type = 0; res = -1; stacktrace=java.lang.Exception

08-06 14:12:46.410  1577  7646 I LSPosed-Bridge: 	at com.example.permlabel.requirePerm$1$2.afterHookedMethod(requirePerm.java:136)

08-06 14:12:46.410  1577  7646 I LSPosed-Bridge: 	at de.robv.android.xposed.XposedBridge$AdditionalHookInfo.callback(Unknown Source:147)

08-06 14:12:46.410  1577  7646 I LSPosed-Bridge: 	at LSPHooker_.checkPermission(Unknown Source:25)

08-06 14:12:46.410  1577  7646 I LSPosed-Bridge: 	at com.android.server.am.ActivityManagerService.isGetTasksAllowed(ActivityManagerService.java:10902)

08-06 14:12:46.410  1577  7646 I LSPosed-Bridge: 	at com.android.server.am.ActivityManagerService.getRunningAppProcesses(ActivityManagerService.java:16139)

08-06 14:12:46.410  1577  7646 I LSPosed-Bridge: 	at android.app.IActivityManager$Stub.onTransact(IActivityManager.java:1088)

08-06 14:12:46.410  1577  7646 I LSPosed-Bridge: 	at com.android.server.am.ActivityManagerService.onTransact(ActivityManagerService.java:3346)

08-06 14:12:46.410  1577  7646 I LSPosed-Bridge: 	at android.os.Binder.execTransact(Binder.java:731)

08-06 14:12:46.410   548   548 I ConfigStore: android::hardware::configstore::V1_0::ISurfaceFlingerConfigs::hasHDRDisplay retrieved: 0

08-06 14:12:46.410  7940  7940 I LSPosed-Bridge: 7940 PermLabel hookBinder_test 10122 interfaceBinder =android.app.IActivityManager; arg0 = 67; arg1 = android.os.Parcel@e6352cd; arg2 = android.os.Parcel@f08b66a; arg3 = 0; res = true; stacktrace=java.lang.Exception

08-06 14:12:46.410  7940  7940 I LSPosed-Bridge: 	at com.example.permlabel.hookBinder_test$1.afterHookedMethod(hookBinder_test.java:67)

08-06 14:12:46.410  7940  7940 I LSPosed-Bridge: 	at de.robv.android.xposed.XposedBridge$AdditionalHookInfo.callback(Unknown Source:147)

08-06 14:12:46.410  7940  7940 I LSPosed-Bridge: 	at LSPHooker_.transact(Unknown Source:28)

08-06 14:12:46.410  7940  7940 I LSPosed-Bridge: 	at android.app.IActivityManager$Stub$Proxy.removeContentProvider(IActivityManager.java:5091)

08-06 14:12:46.410  7940  7940 I LSPosed-Bridge: 	at android.app.ActivityThread.completeRemoveProvider(ActivityThread.java:6246)

08-06 14:12:46.410  7940  7940 I LSPosed-Bridge: 	at android.app.ActivityThread$H.handleMessage(ActivityThread.java:1726)

08-06 14:12:46.410  7940  7940 I LSPosed-Bridge: 	at android.os.Handler.dispatchMessage(Handler.java:106)

08-06 14:12:46.410  7940  7940 I LSPosed-Bridge: 	at android.os.Looper.loop(Looper.java:193)

08-06 14:12:46.410  7940  7940 I LSPosed-Bridge: 	at android.app.ActivityThread.main(ActivityThread.java:6692)

08-06 14:12:46.410  7940  7940 I LSPosed-Bridge: 	at java.lang.reflect.Method.invoke(Native Method)

08-06 14:12:46.410  7940  7940 I LSPosed-Bridge: 	at com.android.internal.os.RuntimeInit$MethodAndArgsCaller.run(RuntimeInit.java:493)

08-06 14:12:46.410  7940  7940 I LSPosed-Bridge: 	at com.android.internal.os.ZygoteInit.main(ZygoteInit.java:858)

08-06 14:12:46.429  1577  4534 I LSPosed-Bridge: 7940 PermLabel 10122 AMS.checkPermission: Binder.getCallingPid() = 7940; uid = 10122; Binder.getCallingUid() = 10122; getNameForUid: com.lemon.faceu; getPackagesForUid: [com.lemon.faceu]; permName: android.permission.GET_TASKS; type = 0; res = -1; stacktrace=java.lang.Exception

08-06 14:12:46.429  1577  4534 I LSPosed-Bridge: 	at com.example.permlabel.requirePerm$1$2.afterHookedMethod(requirePerm.java:136)

08-06 14:12:46.429  1577  4534 I LSPosed-Bridge: 	at de.robv.android.xposed.XposedBridge$AdditionalHookInfo.callback(Unknown Source:147)

08-06 14:12:46.429  1577  4534 I LSPosed-Bridge: 	at LSPHooker_.checkPermission(Unknown Source:25)

08-06 14:12:46.429  1577  4534 I LSPosed-Bridge: 	at com.android.server.am.ActivityManagerService.isGetTasksAllowed(ActivityManagerService.java:10902)

08-06 14:12:46.429  1577  4534 I LSPosed-Bridge: 	at com.android.server.am.ActivityManagerService.getRunningAppProcesses(ActivityManagerService.java:16139)

08-06 14:12:46.429  1577  4534 I LSPosed-Bridge: 	at android.app.IActivityManager$Stub.onTransact(IActivityManager.java:1088)

08-06 14:12:46.429  1577  4534 I LSPosed-Bridge: 	at com.android.server.am.ActivityManagerService.onTransact(ActivityManagerService.java:3346)

08-06 14:12:46.429  1577  4534 I LSPosed-Bridge: 	at android.os.Binder.execTransact(Binder.java:731)

08-06 14:12:46.460  1577  7646 I LSPosed-Bridge: 7940 PermLabel 10122 AMS.checkPermission: Binder.getCallingPid() = 7940; uid = 10122; Binder.getCallingUid() = 10122; getNameForUid: com.lemon.faceu; getPackagesForUid: [com.lemon.faceu]; permName: android.permission.GET_TASKS; type = 0; res = -1; stacktrace=java.lang.Exception

08-06 14:12:46.460  1577  7646 I LSPosed-Bridge: 	at com.example.permlabel.requirePerm$1$2.afterHookedMethod(requirePerm.java:136)

08-06 14:12:46.460  1577  7646 I LSPosed-Bridge: 	at de.robv.android.xposed.XposedBridge$AdditionalHookInfo.callback(Unknown Source:147)

08-06 14:12:46.460  1577  7646 I LSPosed-Bridge: 	at LSPHooker_.checkPermission(Unknown Source:25)

08-06 14:12:46.460  1577  7646 I LSPosed-Bridge: 	at com.android.server.am.ActivityManagerService.isGetTasksAllowed(ActivityManagerService.java:10902)

08-06 14:12:46.460  1577  7646 I LSPosed-Bridge: 	at com.android.server.am.ActivityManagerService.getRunningAppProcesses(ActivityManagerService.java:16139)

08-06 14:12:46.460  1577  7646 I LSPosed-Bridge: 	at android.app.IActivityManager$Stub.onTransact(IActivityManager.java:1088)

08-06 14:12:46.460  1577  7646 I LSPosed-Bridge: 	at com.android.server.am.ActivityManagerService.onTransact(ActivityManagerService.java:3346)

08-06 14:12:46.460  1577  7646 I LSPosed-Bridge: 	at android.os.Binder.execTransact(Binder.java:731)

08-06 14:12:52.976  1577  8316 I LSPosed-Bridge: 6685 PermLabel 10122 AMS.checkPermission: Binder.getCallingPid() = 6685; uid = 10122; Binder.getCallingUid() = 10122; getNameForUid: com.lemon.faceu; getPackagesForUid: [com.lemon.faceu]; permName: android.permission.GET_TASKS; type = 0; res = -1; stacktrace=java.lang.Exception

08-06 14:12:52.976  1577  8316 I LSPosed-Bridge: 	at com.example.permlabel.requirePerm$1$2.afterHookedMethod(requirePerm.java:136)

08-06 14:12:52.976  1577  8316 I LSPosed-Bridge: 	at de.robv.android.xposed.XposedBridge$AdditionalHookInfo.callback(Unknown Source:147)

08-06 14:12:52.976  1577  8316 I LSPosed-Bridge: 	at LSPHooker_.checkPermission(Unknown Source:25)

08-06 14:12:52.976  1577  8316 I LSPosed-Bridge: 	at com.android.server.am.ActivityManagerService.isGetTasksAllowed(ActivityManagerService.java:10902)

08-06 14:12:52.976  1577  8316 I LSPosed-Bridge: 	at com.android.server.am.ActivityManagerService.getRunningAppProcesses(ActivityManagerService.java:16139)

08-06 14:12:52.976  1577  8316 I LSPosed-Bridge: 	at android.app.IActivityManager$Stub.onTransact(IActivityManager.java:1088)

08-06 14:12:52.976  1577  8316 I LSPosed-Bridge: 	at com.android.server.am.ActivityManagerService.onTransact(ActivityManagerService.java:3346)

08-06 14:12:52.976  1577  8316 I LSPosed-Bridge: 	at android.os.Binder.execTransact(Binder.java:731)

08-06 14:12:52.976  1577  1600 E ActivityTrigger: activityResumeTrigger: not whiteListedcom.lemon.faceu/com.lemon.faceu.business.mainpage.MainActivity/6700

08-06 14:12:52.988  1577  8316 I LSPosed-Bridge: 6685 PermLabel 10122 AMS.checkPermission: Binder.getCallingPid() = 6685; uid = 10122; Binder.getCallingUid() = 10122; getNameForUid: com.lemon.faceu; getPackagesForUid: [com.lemon.faceu]; permName: android.permission.GET_TASKS; type = 0; res = -1; stacktrace=java.lang.Exception

08-06 14:12:52.988  1577  8316 I LSPosed-Bridge: 	at com.example.permlabel.requirePerm$1$2.afterHookedMethod(requirePerm.java:136)

08-06 14:12:52.988  1577  8316 I LSPosed-Bridge: 	at de.robv.android.xposed.XposedBridge$AdditionalHookInfo.callback(Unknown Source:147)

08-06 14:12:52.988  1577  8316 I LSPosed-Bridge: 	at LSPHooker_.checkPermission(Unknown Source:25)

08-06 14:12:52.988  1577  8316 I LSPosed-Bridge: 	at com.android.server.am.ActivityManagerService.isGetTasksAllowed(ActivityManagerService.java:10902)

08-06 14:12:52.988  1577  8316 I LSPosed-Bridge: 	at com.android.server.am.ActivityManagerService.getRunningAppProcesses(ActivityManagerService.java:16139)

08-06 14:12:52.988  1577  8316 I LSPosed-Bridge: 	at android.app.IActivityManager$Stub.onTransact(IActivityManager.java:1088)

08-06 14:12:52.988  1577  8316 I LSPosed-Bridge: 	at com.android.server.am.ActivityManagerService.onTransact(ActivityManagerService.java:3346)

08-06 14:12:52.988  1577  8316 I LSPosed-Bridge: 	at android.os.Binder.execTransact(Binder.java:731)

08-06 14:12:52.991  6685  6685 I LSPosed-Bridge: 6685 PermLabel hookBinder_test 10122 interfaceBinder =android.app.IActivityManager; arg0 = 9; arg1 = android.os.Parcel@844afe0; arg2 = android.os.Parcel@e8b72ec; arg3 = 0; res = true; stacktrace=java.lang.Exception

08-06 14:12:52.991  6685  6685 I LSPosed-Bridge: 	at com.example.permlabel.hookBinder_test$1.afterHookedMethod(hookBinder_test.java:67)

08-06 14:12:52.991  6685  6685 I LSPosed-Bridge: 	at de.robv.android.xposed.XposedBridge$AdditionalHookInfo.callback(Unknown Source:147)

08-06 14:12:52.991  6685  6685 I LSPosed-Bridge: 	at LSPHooker_.transact(Unknown Source:28)

08-06 14:12:52.991  6685  6685 I LSPosed-Bridge: 	at android.app.IActivityManager$Stub$Proxy.registerReceiver(IActivityManager.java:3825)

08-06 14:12:52.991  6685  6685 I LSPosed-Bridge: 	at android.app.ContextImpl.registerReceiverInternal(ContextImpl.java:1488)

08-06 14:12:52.991  6685  6685 I LSPosed-Bridge: 	at android.app.ContextImpl.registerReceiver(ContextImpl.java:1449)

08-06 14:12:52.991  6685  6685 I LSPosed-Bridge: 	at android.app.ContextImpl.registerReceiver(ContextImpl.java:1437)

08-06 14:12:52.991  6685  6685 I LSPosed-Bridge: 	at android.content.ContextWrapper.registerReceiver(ContextWrapper.java:623)

08-06 14:12:52.991  6685  6685 I LSPosed-Bridge: 	at com.bytedance.apm.battery.BatteryTemperatureCollector.l(SourceFile:2)

08-06 14:12:52.991  6685  6685 I LSPosed-Bridge: 	at com.bytedance.apm.battery.BatteryTemperatureCollector.onFront(SourceFile:2)

08-06 14:12:52.991  6685  6685 I LSPosed-Bridge: 	at com.bytedance.apm.core.ActivityLifeObserver.notifyFront(SourceFile:3)

08-06 14:12:52.991  6685  6685 I LSPosed-Bridge: 	at com.bytedance.apm.core.ActivityLifeObserver.onActivityStarted(SourceFile:9)

08-06 14:12:52.991  6685  6685 I LSPosed-Bridge: 	at android.app.Application.dispatchActivityStarted(Application.java:230)

08-06 14:12:52.991  6685  6685 I LSPosed-Bridge: 	at android.app.Activity.onStart(Activity.java:1278)

08-06 14:12:52.991  6685  6685 I LSPosed-Bridge: 	at androidx.fragment.app.FragmentActivity.onStart(SourceFile:2)

08-06 14:12:52.991  6685  6685 I LSPosed-Bridge: 	at com.lemon.faceu.uimodule.e.b.onStart(SourceFile:1)

08-06 14:12:52.991  6685  6685 I LSPosed-Bridge: 	at com.lemon.faceu.business.mainpage.MainActivity.onStart(Unknown Source:24)

08-06 14:12:52.991  6685  6685 I LSPosed-Bridge: 	at android.app.Instrumentation.callActivityOnStart(Instrumentation.java:1392)

08-06 14:12:52.991  6685  6685 I LSPosed-Bridge: 	at android.app.Activity.performStart(Activity.java:7157)

08-06 14:12:52.991  6685  6685 I LSPosed-Bridge: 	at android.app.ActivityThread.handleStartActivity(ActivityThread.java:2938)

08-06 14:12:52.991  6685  6685 I LSPosed-Bridge: 	at android.app.servertransaction.TransactionExecutor.performLifecycleSequence(TransactionExecutor.java:180)

08-06 14:12:52.991  6685  6685 I LSPosed-Bridge: 	at android.app.servertransaction.TransactionExecutor.cycleToPath(TransactionExecutor.java:165)

08-06 14:12:52.991  6685  6685 I LSPosed-Bridge: 	at android.app.servertransaction.TransactionExecutor.executeLifecycleState(TransactionExecutor.java:142)

08-06 14:12:52.991  6685  6685 I LSPosed-Bridge: 	at android.app.servertransaction.TransactionExecutor.execute(TransactionExecutor.java:70)

08-06 14:12:52.991  6685  6685 I LSPosed-Bridge: 	at android.app.ActivityThread$H.handleMessage(ActivityThread.java:1809)

08-06 14:12:52.991  6685  6685 I LSPosed-Bridge: 	at android.os.Handler.dispatchMessage(Handler.java:106)

08-06 14:12:52.991  6685  6685 I LSPosed-Bridge: 	at android.os.Looper.loop(Looper.java:193)

08-06 14:12:52.991  6685  6685 I LSPosed-Bridge: 	at android.app.ActivityThread.main(ActivityThread.java:6692)

08-06 14:12:52.991  6685  6685 I LSPosed-Bridge: 	at java.lang.reflect.Method.invoke(Native Method)

08-06 14:12:52.991  6685  6685 I LSPosed-Bridge: 	at com.android.internal.os.RuntimeInit$MethodAndArgsCaller.run(RuntimeInit.java:493)

08-06 14:12:52.991  6685  6685 I LSPosed-Bridge: 	at com.android.internal.os.ZygoteInit.main(ZygoteInit.java:858)

08-06 14:12:52.991  1577  8316 I LSPosed-Bridge: 6685 PermLabel 10122 AMS.checkPermission: Binder.getCallingPid() = 6685; uid = 10122; Binder.getCallingUid() = 10122; getNameForUid: com.lemon.faceu; getPackagesForUid: [com.lemon.faceu]; permName: android.permission.GET_TASKS; type = 0; res = -1; stacktrace=java.lang.Exception

08-06 14:12:52.991  1577  8316 I LSPosed-Bridge: 	at com.example.permlabel.requirePerm$1$2.afterHookedMethod(requirePerm.java:136)

08-06 14:12:52.991  1577  8316 I LSPosed-Bridge: 	at de.robv.android.xposed.XposedBridge$AdditionalHookInfo.callback(Unknown Source:147)

08-06 14:12:52.991  1577  8316 I LSPosed-Bridge: 	at LSPHooker_.checkPermission(Unknown Source:25)

08-06 14:12:52.991  1577  8316 I LSPosed-Bridge: 	at com.android.server.am.ActivityManagerService.isGetTasksAllowed(ActivityManagerService.java:10902)

08-06 14:12:52.991  1577  8316 I LSPosed-Bridge: 	at com.android.server.am.ActivityManagerService.getRunningAppProcesses(ActivityManagerService.java:16139)

08-06 14:12:52.991  1577  8316 I LSPosed-Bridge: 	at android.app.IActivityManager$Stub.onTransact(IActivityManager.java:1088)

08-06 14:12:52.991  1577  8316 I LSPosed-Bridge: 	at com.android.server.am.ActivityManagerService.onTransact(ActivityManagerService.java:3346)

08-06 14:12:52.991  1577  8316 I LSPosed-Bridge: 	at android.os.Binder.execTransact(Binder.java:731)

08-06 14:12:52.996  1577  8316 I LSPosed-Bridge: 7940 PermLabel 10122 AMS.checkPermission: Binder.getCallingPid() = 7940; uid = 10122; Binder.getCallingUid() = 10122; getNameForUid: com.lemon.faceu; getPackagesForUid: [com.lemon.faceu]; permName: android.permission.GET_TASKS; type = 0; res = -1; stacktrace=java.lang.Exception

08-06 14:12:52.996  1577  8316 I LSPosed-Bridge: 	at com.example.permlabel.requirePerm$1$2.afterHookedMethod(requirePerm.java:136)

08-06 14:12:52.996  1577  8316 I LSPosed-Bridge: 	at de.robv.android.xposed.XposedBridge$AdditionalHookInfo.callback(Unknown Source:147)

08-06 14:12:52.996  1577  8316 I LSPosed-Bridge: 	at LSPHooker_.checkPermission(Unknown Source:25)

08-06 14:12:52.996  1577  8316 I LSPosed-Bridge: 	at com.android.server.am.ActivityManagerService.isGetTasksAllowed(ActivityManagerService.java:10902)

08-06 14:12:52.996  1577  8316 I LSPosed-Bridge: 	at com.android.server.am.ActivityManagerService.getRunningAppProcesses(ActivityManagerService.java:16139)

08-06 14:12:52.996  1577  8316 I LSPosed-Bridge: 	at android.app.IActivityManager$Stub.onTransact(IActivityManager.java:1088)

08-06 14:12:52.996  1577  8316 I LSPosed-Bridge: 	at com.android.server.am.ActivityManagerService.onTransact(ActivityManagerService.java:3346)

08-06 14:12:52.996  1577  8316 I LSPosed-Bridge: 	at android.os.Binder.execTransact(Binder.java:731)

08-06 14:12:52.997  1577  7646 I LSPosed-Bridge: 6685 PermLabel 10122 AMS.checkPermission: Binder.getCallingPid() = 6685; uid = 10122; Binder.getCallingUid() = 10122; getNameForUid: com.lemon.faceu; getPackagesForUid: [com.lemon.faceu]; permName: android.permission.GET_TASKS; type = 0; res = -1; stacktrace=java.lang.Exception

08-06 14:12:52.997  1577  7646 I LSPosed-Bridge: 	at com.example.permlabel.requirePerm$1$2.afterHookedMethod(requirePerm.java:136)

08-06 14:12:52.997  1577  7646 I LSPosed-Bridge: 	at de.robv.android.xposed.XposedBridge$AdditionalHookInfo.callback(Unknown Source:147)

08-06 14:12:52.997  1577  7646 I LSPosed-Bridge: 	at LSPHooker_.checkPermission(Unknown Source:25)

08-06 14:12:52.997  1577  7646 I LSPosed-Bridge: 	at com.android.server.am.ActivityManagerService.isGetTasksAllowed(ActivityManagerService.java:10902)

08-06 14:12:52.997  1577  7646 I LSPosed-Bridge: 	at com.android.server.am.ActivityManagerService.getRunningAppProcesses(ActivityManagerService.java:16139)

08-06 14:12:52.997  1577  7646 I LSPosed-Bridge: 	at android.app.IActivityManager$Stub.onTransact(IActivityManager.java:1088)

08-06 14:12:52.997  1577  7646 I LSPosed-Bridge: 	at com.android.server.am.ActivityManagerService.onTransact(ActivityManagerService.java:3346)

08-06 14:12:52.997  1577  7646 I LSPosed-Bridge: 	at android.os.Binder.execTransact(Binder.java:731)

08-06 14:12:52.997  7940  8057 I LSPosed-Bridge: 7940 PermLabel hookBinder_test 10122 interfaceBinder =android.app.IActivityManager; arg0 = 81; arg1 = android.os.Parcel@f08b66a; arg2 = android.os.Parcel@e6352cd; arg3 = 0; res = true; stacktrace=java.lang.Exception

08-06 14:12:52.997  7940  8057 I LSPosed-Bridge: 	at com.example.permlabel.hookBinder_test$1.afterHookedMethod(hookBinder_test.java:67)

08-06 14:12:52.997  7940  8057 I LSPosed-Bridge: 	at de.robv.android.xposed.XposedBridge$AdditionalHookInfo.callback(Unknown Source:147)

08-06 14:12:52.997  7940  8057 I LSPosed-Bridge: 	at LSPHooker_.transact(Unknown Source:28)

08-06 14:12:52.997  7940  8057 I LSPosed-Bridge: 	at android.app.IActivityManager$Stub$Proxy.getRunningAppProcesses(IActivityManager.java:5366)

08-06 14:12:52.997  7940  8057 I LSPosed-Bridge: 	at android.app.ActivityManager.getRunningAppProcesses(ActivityManager.java:3435)

08-06 14:12:52.997  7940  8057 I LSPosed-Bridge: 	at java.lang.reflect.Method.invoke(Native Method)

08-06 14:12:52.997  7940  8057 I LSPosed-Bridge: 	at org.lsposed.lspd.nativebridge.HookBridge.invokeOriginalMethod(Native Method)

08-06 14:12:52.997  7940  8057 I LSPosed-Bridge: 	at de.robv.android.xposed.XposedBridge$AdditionalHookInfo.callback(Unknown Source:110)

08-06 14:12:52.997  7940  8057 I LSPosed-Bridge: 	at LSPHooker_.getRunningAppProcesses(Unknown Source:8)

08-06 14:12:52.997  7940  8057 I LSPosed-Bridge: 	at com.ss.android.message.util.ToolUtils.isMainProcessStart(SourceFile:2)

08-06 14:12:52.997  7940  8057 I LSPosed-Bridge: 	at com.ss.android.pushmanager.setting.PushMultiProcessSharedProvider.allowStartOthersProcess(SourceFile:2)

08-06 14:12:52.997  7940  8057 I LSPosed-Bridge: 	at com.ss.android.pushmanager.setting.PushMultiProcessSharedProvider$MultiProcessShared.getLong(SourceFile:1)

08-06 14:12:52.997  7940  8057 I LSPosed-Bridge: 	at com.ss.android.newmedia.redbadge.setting.RedbadgeSetting.getRedBadgeLastRequestTime(SourceFile:1)

08-06 14:12:52.997  7940  8057 I LSPosed-Bridge: 	at com.ss.android.newmedia.redbadge.RedBadgeController.loadRequestConfig(SourceFile:1)

08-06 14:12:52.997  7940  8057 I LSPosed-Bridge: 	at com.ss.android.newmedia.redbadge.RedBadgeController$5.onChange(SourceFile:3)

08-06 14:12:52.997  7940  8057 I LSPosed-Bridge: 	at android.database.ContentObserver.onChange(ContentObserver.java:130)

08-06 14:12:52.997  7940  8057 I LSPosed-Bridge: 	at android.database.ContentObserver.onChange(ContentObserver.java:145)

08-06 14:12:52.997  7940  8057 I LSPosed-Bridge: 	at android.database.ContentObserver$NotificationRunnable.run(ContentObserver.java:216)

08-06 14:12:52.997  7940  8057 I LSPosed-Bridge: 	at android.os.Handler.handleCallback(Handler.java:873)

08-06 14:12:52.997  7940  8057 I LSPosed-Bridge: 	at android.os.Handler.dispatchMessage(Handler.java:99)

08-06 14:12:52.997  7940  8057 I LSPosed-Bridge: 	at android.os.Looper.loop(Looper.java:193)

08-06 14:12:52.997  7940  8057 I LSPosed-Bridge: 	at android.os.HandlerThread.run(HandlerThread.java:65)

08-06 14:12:52.997  6685  6685 I LSPosed-Bridge: 6685 PermLabel hookBinder_test 10122 interfaceBinder =android.content.pm.IPackageManager; arg0 = 47; arg1 = android.os.Parcel@844afe0; arg2 = android.os.Parcel@e8b72ec; arg3 = 0; res = true; stacktrace=java.lang.Exception

08-06 14:12:52.997  6685  6685 I LSPosed-Bridge: 	at com.example.permlabel.hookBinder_test$1.afterHookedMethod(hookBinder_test.java:67)

08-06 14:12:52.997  6685  6685 I LSPosed-Bridge: 	at de.robv.android.xposed.XposedBridge$AdditionalHookInfo.callback(Unknown Source:147)

08-06 14:12:52.997  6685  6685 I LSPosed-Bridge: 	at LSPHooker_.transact(Unknown Source:28)

08-06 14:12:52.997  6685  6685 I LSPosed-Bridge: 	at android.content.pm.IPackageManager$Stub$Proxy.queryIntentReceivers(IPackageManager.java:3873)

08-06 14:12:52.997  6685  6685 I LSPosed-Bridge: 	at android.app.ApplicationPackageManager.queryBroadcastReceiversAsUser(ApplicationPackageManager.java:1018)

08-06 14:12:52.997  6685  6685 I LSPosed-Bridge: 	at android.app.ApplicationPackageManager.queryBroadcastReceivers(ApplicationPackageManager.java:1032)

08-06 14:12:52.997  6685  6685 I LSPosed-Bridge: 	at com.ss.android.newmedia.redbadge.util.BroadcastHelper.canResolveBroadcast(SourceFile:2)

08-06 14:12:52.997  6685  6685 I LSPosed-Bridge: 	at com.ss.android.newmedia.redbadge.impl.DefaultBadger.executeBadge(SourceFile:5)

08-06 14:12:52.997  6685  6685 I LSPosed-Bridge: 	at com.ss.android.newmedia.redbadge.RedBadgeServiceProvider.applyCountOrThrow(SourceFile:5)

08-06 14:12:52.997  6685  6685 I LSPosed-Bridge: 	at com.ss.android.newmedia.redbadge.RedBadgeServiceProvider.applyCount(SourceFile:1)

08-06 14:12:52.997  6685  6685 I LSPosed-Bridge: 	at com.ss.android.newmedia.redbadge.RedBadgeServiceProvider.removeCount(SourceFile:1)

08-06 14:12:52.997  6685  6685 I LSPosed-Bridge: 	at com.ss.android.newmedia.redbadge.RedBadgerManager.removeCount(SourceFile:1)

08-06 14:12:52.997  6685  6685 I LSPosed-Bridge: 	at com.lm.components.push.redbadge.RedPointManager.a(SourceFile:8)

08-06 14:12:52.997  6685  6685 I LSPosed-Bridge: 	at com.lm.components.push.redbadge.b.a(SourceFile:8)

08-06 14:12:52.997  6685  6685 I LSPosed-Bridge: 	at com.lm.components.push.redbadge.b.a(SourceFile:2)

08-06 14:12:52.997  6685  6685 I LSPosed-Bridge: 	at com.lm.components.push.redbadge.b$a.a(SourceFile:2)

08-06 14:12:52.997  6685  6685 I LSPosed-Bridge: 	at com.lm.components.push.redbadge.b$a.onChanged(SourceFile:1)

08-06 14:12:52.997  6685  6685 I LSPosed-Bridge: 	at androidx.lifecycle.LiveData.considerNotify(SourceFile:6)

08-06 14:12:52.997  6685  6685 I LSPosed-Bridge: 	at androidx.lifecycle.LiveData.dispatchingValue(SourceFile:8)

08-06 14:12:52.997  6685  6685 I LSPosed-Bridge: 	at androidx.lifecycle.LiveData.setValue(SourceFile:4)

08-06 14:12:52.997  6685  6685 I LSPosed-Bridge: 	at androidx.lifecycle.MutableLiveData.setValue(SourceFile:1)

08-06 14:12:52.997  6685  6685 I LSPosed-Bridge: 	at com.lm.components.push.redbadge.a$a.onActivityStarted(SourceFile:4)

08-06 14:12:52.997  6685  6685 I LSPosed-Bridge: 	at android.app.Application.dispatchActivityStarted(Application.java:230)

08-06 14:12:52.997  6685  6685 I LSPosed-Bridge: 	at android.app.Activity.onStart(Activity.java:1278)

08-06 14:12:52.997  6685  6685 I LSPosed-Bridge: 	at androidx.fragment.app.FragmentActivity.onStart(SourceFile:2)

08-06 14:12:52.997  6685  6685 I LSPosed-Bridge: 	at com.lemon.faceu.uimodule.e.b.onStart(SourceFile:1)

08-06 14:12:52.997  6685  6685 I LSPosed-Bridge: 	at com.lemon.faceu.business.mainpage.MainActivity.onStart(Unknown Source:24)

08-06 14:12:52.997  6685  6685 I LSPosed-Bridge: 	at android.app.Instrumentation.callActivityOnStart(Instrumentation.java:1392)

08-06 14:12:52.997  6685  6685 I LSPosed-Bridge: 	at android.app.Activity.performStart(Activity.java:7157)

08-06 14:12:52.997  6685  6685 I LSPosed-Bridge: 	at android.app.ActivityThread.handleStartActivity(ActivityThread.java:2938)

08-06 14:12:52.997  6685  6685 I LSPosed-Bridge: 	at android.app.servertransaction.TransactionExecutor.performLifecycleSequence(TransactionExecutor.java:180)

08-06 14:12:52.997  6685  6685 I LSPosed-Bridge: 	at android.app.servertransaction.TransactionExecutor.cycleToPath(TransactionExecutor.java:165)

08-06 14:12:52.997  6685  6685 I LSPosed-Bridge: 	at android.app.servertransaction.TransactionExecutor.executeLifecycleState(TransactionExecutor.java:142)

08-06 14:12:52.997  6685  6685 I LSPosed-Bridge: 	at android.app.servertransaction.TransactionExecutor.execute(TransactionExecutor.java:70)

08-06 14:12:52.997  6685  6685 I LSPosed-Bridge: 	at android.app.ActivityThread$H.handleMessage(ActivityThread.java:1809)

08-06 14:12:52.997  6685  6685 I LSPosed-Bridge: 	at android.os.Handler.dispatchMessage(Handler.java:106)

08-06 14:12:52.997  6685  6685 I LSPosed-Bridge: 	at android.os.Looper.loop(Looper.java:193)

08-06 14:12:52.997  6685  6685 I LSPosed-Bridge: 	at android.app.ActivityThread.main(ActivityThread.java:6692)

08-06 14:12:52.997  6685  6685 I LSPosed-Bridge: 	at java.lang.reflect.Method.invoke(Native Method)

08-06 14:12:52.997  6685  6685 I LSPosed-Bridge: 	at com.android.internal.os.RuntimeInit$MethodAndArgsCaller.run(RuntimeInit.java:493)

08-06 14:12:52.997  6685  6685 I LSPosed-Bridge: 	at com.android.internal.os.ZygoteInit.main(ZygoteInit.java:858)

08-06 14:12:52.997  7940  8057 I LSPosed-Bridge: 7940 PermLabel getRunningAppProcesses =android.app.ActivityManager$RunningAppProcessInfo@b08ad31

08-06 14:12:52.997  7940  8057 I LSPosed-Bridge: 7940 PermLabel getRunningAppProcesses processName: com.lemon.faceu pid: 6685

08-06 14:12:52.997  7940  8057 I LSPosed-Bridge: 7940 PermLabel getRunningAppProcesses importance: 100 pid: 6685

08-06 14:12:52.997  7940  8057 I LSPosed-Bridge: 7940 PermLabel getRunningAppProcesses packageName com.lemon.faceu at index 0 in process 6685

08-06 14:12:52.997  7940  8057 I LSPosed-Bridge: 7940 PermLabel getRunningAppProcesses =android.app.ActivityManager$RunningAppProcessInfo@c5cdc16

08-06 14:12:52.997  7940  8057 I LSPosed-Bridge: 7940 PermLabel getRunningAppProcesses processName: com.lemon.faceu:push pid: 7940

08-06 14:12:52.997  7940  8057 I LSPosed-Bridge: 7940 PermLabel getRunningAppProcesses importance: 100 pid: 7940

08-06 14:12:52.997  7940  8057 I LSPosed-Bridge: 7940 PermLabel getRunningAppProcesses packageName com.lemon.faceu at index 0 in process 7940

08-06 14:12:52.997  7940  8057 I LSPosed-Bridge: 7940 PermLabel getRunningAppProcesses =android.app.ActivityManager$RunningAppProcessInfo@d9c9997

08-06 14:12:52.997  7940  8057 I LSPosed-Bridge: 7940 PermLabel getRunningAppProcesses processName: com.lemon.faceu:pushservice pid: 7918

08-06 14:12:52.997  7940  8057 I LSPosed-Bridge: 7940 PermLabel getRunningAppProcesses importance: 100 pid: 7918

08-06 14:12:52.997  7940  8057 I LSPosed-Bridge: 7940 PermLabel getRunningAppProcesses packageName com.lemon.faceu at index 0 in process 7918

08-06 14:12:52.997  6685  6756 I LSPosed-Bridge: 6685 PermLabel hookBinder_test 10122 interfaceBinder =android.app.IActivityManager; arg0 = 81; arg1 = android.os.Parcel@fb39b; arg2 = android.os.Parcel@41b2623; arg3 = 0; res = true; stacktrace=java.lang.Exception

08-06 14:12:52.997  6685  6756 I LSPosed-Bridge: 	at com.example.permlabel.hookBinder_test$1.afterHookedMethod(hookBinder_test.java:67)

08-06 14:12:52.997  6685  6756 I LSPosed-Bridge: 	at de.robv.android.xposed.XposedBridge$AdditionalHookInfo.callback(Unknown Source:147)

08-06 14:12:52.997  6685  6756 I LSPosed-Bridge: 	at LSPHooker_.transact(Unknown Source:28)

08-06 14:12:52.997  6685  6756 I LSPosed-Bridge: 	at android.app.IActivityManager$Stub$Proxy.getRunningAppProcesses(IActivityManager.java:5366)

08-06 14:12:52.997  6685  6756 I LSPosed-Bridge: 	at android.app.ActivityManager.getRunningAppProcesses(ActivityManager.java:3435)

08-06 14:12:52.997  6685  6756 I LSPosed-Bridge: 	at java.lang.reflect.Method.invoke(Native Method)

08-06 14:12:52.997  6685  6756 I LSPosed-Bridge: 	at org.lsposed.lspd.nativebridge.HookBridge.invokeOriginalMethod(Native Method)

08-06 14:12:52.997  6685  6756 I LSPosed-Bridge: 	at de.robv.android.xposed.XposedBridge$AdditionalHookInfo.callback(Unknown Source:110)

08-06 14:12:52.997  6685  6756 I LSPosed-Bridge: 	at LSPHooker_.getRunningAppProcesses(Unknown Source:8)

08-06 14:12:52.997  6685  6756 I LSPosed-Bridge: 	at com.ss.android.message.util.ToolUtils.isMainProcessStart(SourceFile:2)

08-06 14:12:52.997  6685  6756 I LSPosed-Bridge: 	at com.ss.android.pushmanager.setting.PushMultiProcessSharedProvider.allowStartOthersProcess(SourceFile:2)

08-06 14:12:52.997  6685  6756 I LSPosed-Bridge: 	at com.ss.android.pushmanager.setting.PushMultiProcessSharedProvider$Editor.apply(SourceFile:1)

08-06 14:12:52.997  6685  6756 I LSPosed-Bridge: 	at com.ss.android.newmedia.redbadge.setting.RedbadgeSetting.setRedBadgeLastLastTimeParas(SourceFile:1)

08-06 14:12:52.997  6685  6756 I LSPosed-Bridge: 	at com.ss.android.newmedia.redbadge.RedBadgeControlClient.saveTimeParas(SourceFile:4)

08-06 14:12:52.997  6685  6756 I LSPosed-Bridge: 	at com.ss.android.newmedia.redbadge.RedBadgeControlClient.handleTimeParasChange(SourceFile:19)

08-06 14:12:52.997  6685  6756 I LSPosed-Bridge: 	at com.ss.android.newmedia.redbadge.RedBadgeControlClient.handleMsg(SourceFile:6)

08-06 14:12:52.997  6685  6756 I LSPosed-Bridge: 	at com.bytedance.common.utility.collection.WeakHandler.handleMessage(SourceFile:2)

08-06 14:12:52.997  6685  6756 I LSPosed-Bridge: 	at android.os.Handler.dispatchMessage(Handler.java:106)

08-06 14:12:52.997  6685  6756 I LSPosed-Bridge: 	at android.os.Looper.loop(Looper.java:193)

08-06 14:12:52.997  6685  6756 I LSPosed-Bridge: 	at android.os.HandlerThread.run(HandlerThread.java:65)

08-06 14:12:52.997  6685  6756 I LSPosed-Bridge: 6685 PermLabel getRunningAppProcesses =android.app.ActivityManager$RunningAppProcessInfo@208e6bf

08-06 14:12:53.002  1577  1600 I LSPosed-Bridge: 7940 PermLabel 10122 AMS.checkPermission: Binder.getCallingPid() = 7940; uid = 10122; Binder.getCallingUid() = 10122; getNameForUid: com.lemon.faceu; getPackagesForUid: [com.lemon.faceu]; permName: android.permission.GET_TASKS; type = 0; res = -1; stacktrace=java.lang.Exception

08-06 14:12:53.002  1577  1600 I LSPosed-Bridge: 	at com.example.permlabel.requirePerm$1$2.afterHookedMethod(requirePerm.java:136)

08-06 14:12:53.002  1577  1600 I LSPosed-Bridge: 	at de.robv.android.xposed.XposedBridge$AdditionalHookInfo.callback(Unknown Source:147)

08-06 14:12:53.002  1577  1600 I LSPosed-Bridge: 	at LSPHooker_.checkPermission(Unknown Source:25)

08-06 14:12:53.002  1577  1600 I LSPosed-Bridge: 	at com.android.server.am.ActivityManagerService.isGetTasksAllowed(ActivityManagerService.java:10902)

08-06 14:12:53.002  1577  1600 I LSPosed-Bridge: 	at com.android.server.am.ActivityManagerService.getRunningAppProcesses(ActivityManagerService.java:16139)

08-06 14:12:53.002  1577  1600 I LSPosed-Bridge: 	at android.app.IActivityManager$Stub.onTransact(IActivityManager.java:1088)

08-06 14:12:53.002  1577  1600 I LSPosed-Bridge: 	at com.android.server.am.ActivityManagerService.onTransact(ActivityManagerService.java:3346)

08-06 14:12:53.002  1577  1600 I LSPosed-Bridge: 	at android.os.Binder.execTransact(Binder.java:731)

08-06 14:12:53.008  1577  1600 I LSPosed-Bridge: 7940 PermLabel 10122 AMS.checkPermission: Binder.getCallingPid() = 7940; uid = 10122; Binder.getCallingUid() = 10122; getNameForUid: com.lemon.faceu; getPackagesForUid: [com.lemon.faceu]; permName: android.permission.GET_TASKS; type = 0; res = -1; stacktrace=java.lang.Exception

08-06 14:12:53.008  1577  1600 I LSPosed-Bridge: 	at com.example.permlabel.requirePerm$1$2.afterHookedMethod(requirePerm.java:136)

08-06 14:12:53.008  1577  1600 I LSPosed-Bridge: 	at de.robv.android.xposed.XposedBridge$AdditionalHookInfo.callback(Unknown Source:147)

08-06 14:12:53.008  1577  1600 I LSPosed-Bridge: 	at LSPHooker_.checkPermission(Unknown Source:25)

08-06 14:12:53.008  1577  1600 I LSPosed-Bridge: 	at com.android.server.am.ActivityManagerService.isGetTasksAllowed(ActivityManagerService.java:10902)

08-06 14:12:53.008  1577  1600 I LSPosed-Bridge: 	at com.android.server.am.ActivityManagerService.getRunningAppProcesses(ActivityManagerService.java:16139)

08-06 14:12:53.008  1577  1600 I LSPosed-Bridge: 	at android.app.IActivityManager$Stub.onTransact(IActivityManager.java:1088)

08-06 14:12:53.008  1577  1600 I LSPosed-Bridge: 	at com.android.server.am.ActivityManagerService.onTransact(ActivityManagerService.java:3346)

08-06 14:12:53.008  1577  1600 I LSPosed-Bridge: 	at android.os.Binder.execTransact(Binder.java:731)

08-06 14:12:53.008  6685  6685 I LSPosed-Bridge: 6685 PermLabel hookBinder_test 10122 interfaceBinder =android.hardware.display.IDisplayManager; arg0 = 1; arg1 = android.os.Parcel@844afe0; arg2 = android.os.Parcel@e8b72ec; arg3 = 0; res = true; stacktrace=java.lang.Exception

08-06 14:12:53.008  6685  6685 I LSPosed-Bridge: 	at com.example.permlabel.hookBinder_test$1.afterHookedMethod(hookBinder_test.java:67)

08-06 14:12:53.008  6685  6685 I LSPosed-Bridge: 	at de.robv.android.xposed.XposedBridge$AdditionalHookInfo.callback(Unknown Source:147)

08-06 14:12:53.008  6685  6685 I LSPosed-Bridge: 	at LSPHooker_.transact(Unknown Source:28)

08-06 14:12:53.008  6685  6685 I LSPosed-Bridge: 	at android.hardware.display.IDisplayManager$Stub$Proxy.getDisplayInfo(IDisplayManager.java:404)

08-06 14:12:53.008  6685  6685 I LSPosed-Bridge: 	at android.hardware.display.DisplayManagerGlobal.getDisplayInfo(DisplayManagerGlobal.java:124)

08-06 14:12:53.008  6685  6685 I LSPosed-Bridge: 	at android.view.Display.updateDisplayInfoLocked(Display.java:1046)

08-06 14:12:53.008  6685  6685 I LSPosed-Bridge: 	at android.view.Display.getMetrics(Display.java:961)

08-06 14:12:53.008  6685  6685 I LSPosed-Bridge: 	at com.lemon.faceu.common.j.e.b(SourceFile:3)

08-06 14:12:53.008  6685  6685 I LSPosed-Bridge: 	at com.lemon.faceu.common.j.e.f(SourceFile:1)

08-06 14:12:53.008  6685  6685 I LSPosed-Bridge: 	at com.lemon.faceu.uimodule.c.b(SourceFile:1)

08-06 14:12:53.008  6685  6685 I LSPosed-Bridge: 	at com.lemon.faceu.uimodule.c.a(SourceFile:1)

08-06 14:12:53.008  6685  6685 I LSPosed-Bridge: 	at com.lemon.faceu.core.camera.r.a.a(SourceFile:78)

08-06 14:12:53.008  6685  6685 I LSPosed-Bridge: 	at com.lemon.faceu.core.camera.c.r(SourceFile:18)

08-06 14:12:53.008  6685  6685 I LSPosed-Bridge: 	at com.lemon.faceu.core.camera.e.r(SourceFile:34)

08-06 14:12:53.008  6685  6685 I LSPosed-Bridge: 	at com.lemon.faceu.core.camera.m.r(SourceFile:57)

08-06 14:12:53.008  6685  6685 I LSPosed-Bridge: 	at com.lemon.faceu.core.camera.c.c1(SourceFile:5)

08-06 14:12:53.008  6685  6685 I LSPosed-Bridge: 	at com.lemon.faceu.core.camera.e.c1(SourceFile:4)

08-06 14:12:53.008  6685  6685 I LSPosed-Bridge: 	at com.lemon.faceu.core.camera.m.c1(SourceFile:1)

08-06 14:12:53.008  6685  6685 I LSPosed-Bridge: 	at com.lemon.faceu.core.camera.c.o1(SourceFile:34)

08-06 14:12:53.008  6685  6685 I LSPosed-Bridge: 	at com.lemon.faceu.core.camera.e.o1(SourceFile:3)

08-06 14:12:53.008  6685  6685 I LSPosed-Bridge: 	at com.lemon.faceu.core.camera.m.o1(SourceFile:3)

08-06 14:12:53.008  6685  6685 I LSPosed-Bridge: 	at com.lemon.faceu.core.camera.m.onStart(SourceFile:3)

08-06 14:12:53.008  6685  6685 I LSPosed-Bridge: 	at androidx.fragment.app.Fragment.performStart(SourceFile:5)

08-06 14:12:53.008  6685  6685 I LSPosed-Bridge: 	at androidx.fragment.app.FragmentStateManager.start(SourceFile:3)

08-06 14:12:53.008  6685  6685 I LSPosed-Bridge: 	at androidx.fragment.app.FragmentStateManager.moveToExpectedState(SourceFile:12)

08-06 14:12:53.008  6685  6685 I LSPosed-Bridge: 	at androidx.fragment.app.FragmentStore.moveToExpectedState(SourceFile:3)

08-06 14:12:53.008  6685  6685 I LSPosed-Bridge: 	at androidx.fragment.app.FragmentManager.moveToState(SourceFile:57)

08-06 14:12:53.008  6685  6685 I LSPosed-Bridge: 	at androidx.fragment.app.FragmentManager.dispatchStateChange(SourceFile:3)

08-06 14:12:53.008  6685  6685 I LSPosed-Bridge: 	at androidx.fragment.app.FragmentManager.dispatchStart(SourceFile:4)

08-06 14:12:53.008  6685  6685 I LSPosed-Bridge: 	at androidx.fragment.app.FragmentController.dispatchStart(SourceFile:1)

08-06 14:12:53.008  6685  6685 I LSPosed-Bridge: 	at androidx.fragment.app.FragmentActivity.onStart(SourceFile:9)

08-06 14:12:53.008  6685  6685 I LSPosed-Bridge: 	at com.lemon.faceu.uimodule.e.b.onStart(SourceFile:1)

