08-06 14:10:30.619  6685  6756 I LSPosed-Bridge: 	at com.bytedance.common.utility.collection.WeakHandler.handleMessage(SourceFile:2)

08-06 14:10:30.619  6685  6756 I LSPosed-Bridge: 	at android.os.Handler.dispatchMessage(Handler.java:106)

08-06 14:10:30.619  6685  6756 I LSPosed-Bridge: 	at android.os.Looper.loop(Looper.java:193)

08-06 14:10:30.619  6685  6756 I LSPosed-Bridge: 	at android.os.HandlerThread.run(HandlerThread.java:65)

08-06 14:10:30.625  7940  8057 I LSPosed-Bridge: 7940 PermLabel hookBinder_test 10122 interfaceBinder =android.app.IActivityManager; arg0 = 81; arg1 = android.os.Parcel@e6352cd; arg2 = android.os.Parcel@3701283; arg3 = 0; res = true; stacktrace=java.lang.Exception

08-06 14:10:30.625  7940  8057 I LSPosed-Bridge: 	at com.example.permlabel.hookBinder_test$1.afterHookedMethod(hookBinder_test.java:67)

08-06 14:10:30.625  7940  8057 I LSPosed-Bridge: 	at de.robv.android.xposed.XposedBridge$AdditionalHookInfo.callback(Unknown Source:147)

08-06 14:10:30.625  7940  8057 I LSPosed-Bridge: 	at LSPHooker_.transact(Unknown Source:28)

08-06 14:10:30.625  7940  8057 I LSPosed-Bridge: 	at android.app.IActivityManager$Stub$Proxy.getRunningAppProcesses(IActivityManager.java:5366)

08-06 14:10:30.625  7940  8057 I LSPosed-Bridge: 	at android.app.ActivityManager.getRunningAppProcesses(ActivityManager.java:3435)

08-06 14:10:30.625  7940  8057 I LSPosed-Bridge: 	at java.lang.reflect.Method.invoke(Native Method)

08-06 14:10:30.625  7940  8057 I LSPosed-Bridge: 	at org.lsposed.lspd.nativebridge.HookBridge.invokeOriginalMethod(Native Method)

08-06 14:10:30.625  7940  8057 I LSPosed-Bridge: 	at de.robv.android.xposed.XposedBridge$AdditionalHookInfo.callback(Unknown Source:110)

08-06 14:10:30.625  7940  8057 I LSPosed-Bridge: 	at LSPHooker_.getRunningAppProcesses(Unknown Source:8)

08-06 14:10:30.625  7940  8057 I LSPosed-Bridge: 	at com.ss.android.message.util.ToolUtils.isMainProcessStart(SourceFile:2)

08-06 14:10:30.625  7940  8057 I LSPosed-Bridge: 	at com.ss.android.pushmanager.setting.PushMultiProcessSharedProvider.allowStartOthersProcess(SourceFile:2)

08-06 14:10:30.625  7940  8057 I LSPosed-Bridge: 	at com.ss.android.pushmanager.setting.PushMultiProcessSharedProvider$MultiProcessShared.getLong(SourceFile:1)

08-06 14:10:30.625  7940  8057 I LSPosed-Bridge: 	at com.ss.android.newmedia.redbadge.setting.RedbadgeSetting.getRedBadgeLastRequestTime(SourceFile:1)

08-06 14:10:30.625  7940  8057 I LSPosed-Bridge: 	at com.ss.android.newmedia.redbadge.RedBadgeController.loadRequestConfig(SourceFile:1)

08-06 14:10:30.625  7940  8057 I LSPosed-Bridge: 	at com.ss.android.newmedia.redbadge.RedBadgeController$5.onChange(SourceFile:3)

08-06 14:10:30.625  7940  8057 I LSPosed-Bridge: 	at android.database.ContentObserver.onChange(ContentObserver.java:130)

08-06 14:10:30.625  7940  8057 I LSPosed-Bridge: 	at android.database.ContentObserver.onChange(ContentObserver.java:145)

08-06 14:10:30.625  7940  8057 I LSPosed-Bridge: 	at android.database.ContentObserver$NotificationRunnable.run(ContentObserver.java:216)

08-06 14:10:30.625  7940  8057 I LSPosed-Bridge: 	at android.os.Handler.handleCallback(Handler.java:873)

08-06 14:10:30.625  7940  8057 I LSPosed-Bridge: 	at android.os.Handler.dispatchMessage(Handler.java:99)

08-06 14:10:30.625  7940  8057 I LSPosed-Bridge: 	at android.os.Looper.loop(Looper.java:193)

08-06 14:10:30.625  7940  8057 I LSPosed-Bridge: 	at android.os.HandlerThread.run(HandlerThread.java:65)

08-06 14:10:30.625  7940  8057 I LSPosed-Bridge: 7940 PermLabel getRunningAppProcesses =android.app.ActivityManager$RunningAppProcessInfo@de24616

08-06 14:10:30.625  7940  8057 I LSPosed-Bridge: 7940 PermLabel getRunningAppProcesses processName: com.lemon.faceu:push pid: 7940

08-06 14:10:30.625  7940  8057 I LSPosed-Bridge: 7940 PermLabel getRunningAppProcesses importance: 100 pid: 7940

08-06 14:10:30.625  7940  8057 I LSPosed-Bridge: 7940 PermLabel getRunningAppProcesses packageName com.lemon.faceu at index 0 in process 7940

08-06 14:10:30.625  7940  8057 I LSPosed-Bridge: 7940 PermLabel getRunningAppProcesses =android.app.ActivityManager$RunningAppProcessInfo@5b6bb97

08-06 14:10:30.625  7940  8057 I LSPosed-Bridge: 7940 PermLabel getRunningAppProcesses processName: com.lemon.faceu:pushservice pid: 7918

08-06 14:10:30.625  7940  8057 I LSPosed-Bridge: 7940 PermLabel getRunningAppProcesses importance: 100 pid: 7918

08-06 14:10:30.625  7940  8057 I LSPosed-Bridge: 7940 PermLabel getRunningAppProcesses packageName com.lemon.faceu at index 0 in process 7918

08-06 14:10:30.625  7940  8057 I LSPosed-Bridge: 7940 PermLabel getRunningAppProcesses =android.app.ActivityManager$RunningAppProcessInfo@9c01184

08-06 14:10:30.625  7940  8057 I LSPosed-Bridge: 7940 PermLabel getRunningAppProcesses processName: com.lemon.faceu pid: 6685

08-06 14:10:30.625  7940  8057 I LSPosed-Bridge: 7940 PermLabel getRunningAppProcesses importance: 100 pid: 6685

08-06 14:10:30.625  7940  8057 I LSPosed-Bridge: 7940 PermLabel getRunningAppProcesses packageName com.lemon.faceu at index 0 in process 6685

08-06 14:10:30.625  7940  8057 I LSPosed-Bridge: 7940 PermLabel permName: android.permission.READ_PHONE_STATE; getRunningAppProcesses =[android.app.ActivityManager$RunningAppProcessInfo@de24616, android.app.ActivityManager$RunningAppProcessInfo@5b6bb97, android.app.ActivityManager$RunningAppProcessInfo@9c01184]; stacktrace=java.lang.Exception

08-06 14:10:30.625  7940  8057 I LSPosed-Bridge: 	at com.example.permlabel.hookBinder_test$2.afterHookedMethod(hookBinder_test.java:107)

08-06 14:10:30.625  7940  8057 I LSPosed-Bridge: 	at de.robv.android.xposed.XposedBridge$AdditionalHookInfo.callback(Unknown Source:147)

08-06 14:10:30.625  7940  8057 I LSPosed-Bridge: 	at LSPHooker_.getRunningAppProcesses(Unknown Source:8)

08-06 14:10:30.625  7940  8057 I LSPosed-Bridge: 	at com.ss.android.message.util.ToolUtils.isMainProcessStart(SourceFile:2)

08-06 14:10:30.625  7940  8057 I LSPosed-Bridge: 	at com.ss.android.pushmanager.setting.PushMultiProcessSharedProvider.allowStartOthersProcess(SourceFile:2)

08-06 14:10:30.625  7940  8057 I LSPosed-Bridge: 	at com.ss.android.pushmanager.setting.PushMultiProcessSharedProvider$MultiProcessShared.getLong(SourceFile:1)

08-06 14:10:30.625  7940  8057 I LSPosed-Bridge: 	at com.ss.android.newmedia.redbadge.setting.RedbadgeSetting.getRedBadgeLastRequestTime(SourceFile:1)

08-06 14:10:30.625  7940  8057 I LSPosed-Bridge: 	at com.ss.android.newmedia.redbadge.RedBadgeController.loadRequestConfig(SourceFile:1)

08-06 14:10:30.625  7940  8057 I LSPosed-Bridge: 	at com.ss.android.newmedia.redbadge.RedBadgeController$5.onChange(SourceFile:3)

08-06 14:10:30.625  7940  8057 I LSPosed-Bridge: 	at android.database.ContentObserver.onChange(ContentObserver.java:130)

08-06 14:10:30.625  7940  8057 I LSPosed-Bridge: 	at android.database.ContentObserver.onChange(ContentObserver.java:145)

08-06 14:10:30.625  7940  8057 I LSPosed-Bridge: 	at android.database.ContentObserver$NotificationRunnable.run(ContentObserver.java:216)

08-06 14:10:30.625  7940  8057 I LSPosed-Bridge: 	at android.os.Handler.handleCallback(Handler.java:873)

08-06 14:10:30.625  7940  8057 I LSPosed-Bridge: 	at android.os.Handler.dispatchMessage(Handler.java:99)

08-06 14:10:30.625  7940  8057 I LSPosed-Bridge: 	at android.os.Looper.loop(Looper.java:193)

08-06 14:10:30.625  7940  8057 I LSPosed-Bridge: 	at android.os.HandlerThread.run(HandlerThread.java:65)

08-06 14:10:30.627  6685  6756 I LSPosed-Bridge: 6685 PermLabel hookBinder_test 10122 interfaceBinder =android.app.IActivityManager; arg0 = 81; arg1 = android.os.Parcel@281dbbb; arg2 = android.os.Parcel@28b004a; arg3 = 0; res = true; stacktrace=java.lang.Exception

08-06 14:10:30.627  6685  6756 I LSPosed-Bridge: 	at com.example.permlabel.hookBinder_test$1.afterHookedMethod(hookBinder_test.java:67)

08-06 14:10:30.627  6685  6756 I LSPosed-Bridge: 	at de.robv.android.xposed.XposedBridge$AdditionalHookInfo.callback(Unknown Source:147)

08-06 14:10:30.627  6685  6756 I LSPosed-Bridge: 	at LSPHooker_.transact(Unknown Source:28)

08-06 14:10:30.627  6685  6756 I LSPosed-Bridge: 	at android.app.IActivityManager$Stub$Proxy.getRunningAppProcesses(IActivityManager.java:5366)

08-06 14:10:30.627  6685  6756 I LSPosed-Bridge: 	at android.app.ActivityManager.getRunningAppProcesses(ActivityManager.java:3435)

08-06 14:10:30.627  6685  6756 I LSPosed-Bridge: 	at java.lang.reflect.Method.invoke(Native Method)

08-06 14:10:30.627  6685  6756 I LSPosed-Bridge: 	at org.lsposed.lspd.nativebridge.HookBridge.invokeOriginalMethod(Native Method)

08-06 14:10:30.627  6685  6756 I LSPosed-Bridge: 	at de.robv.android.xposed.XposedBridge$AdditionalHookInfo.callback(Unknown Source:110)

08-06 14:10:30.627  6685  6756 I LSPosed-Bridge: 	at LSPHooker_.getRunningAppProcesses(Unknown Source:8)

08-06 14:10:30.627  6685  6756 I LSPosed-Bridge: 	at com.ss.android.message.util.ToolUtils.isMainProcessStart(SourceFile:2)

08-06 14:10:30.627  6685  6756 I LSPosed-Bridge: 	at com.ss.android.pushmanager.setting.PushMultiProcessSharedProvider.allowStartOthersProcess(SourceFile:2)

08-06 14:10:30.627  6685  6756 I LSPosed-Bridge: 	at com.ss.android.pushmanager.setting.PushMultiProcessSharedProvider$Editor.apply(SourceFile:1)

08-06 14:10:30.627  6685  6756 I LSPosed-Bridge: 	at com.ss.android.newmedia.redbadge.setting.RedbadgeSetting.setRedBadgeLastLastTimeParas(SourceFile:1)

08-06 14:10:30.627  6685  6756 I LSPosed-Bridge: 	at com.ss.android.newmedia.redbadge.RedBadgeControlClient.saveTimeParas(SourceFile:4)

08-06 14:10:30.627  6685  6756 I LSPosed-Bridge: 	at com.ss.android.newmedia.redbadge.RedBadgeControlClient.handleTimeParasChange(SourceFile:19)

08-06 14:10:30.627  6685  6756 I LSPosed-Bridge: 	at com.ss.android.newmedia.redbadge.RedBadgeControlClient.handleMsg(SourceFile:16)

08-06 14:10:30.627  6685  6756 I LSPosed-Bridge: 	at com.bytedance.common.utility.collection.WeakHandler.handleMessage(SourceFile:2)

08-06 14:10:30.627  6685  6756 I LSPosed-Bridge: 	at android.os.Handler.dispatchMessage(Handler.java:106)

08-06 14:10:30.627  6685  6756 I LSPosed-Bridge: 	at android.os.Looper.loop(Looper.java:193)

08-06 14:10:30.627  6685  6756 I LSPosed-Bridge: 	at android.os.HandlerThread.run(HandlerThread.java:65)

08-06 14:10:30.627  6685  6756 I LSPosed-Bridge: 6685 PermLabel getRunningAppProcesses =android.app.ActivityManager$RunningAppProcessInfo@59b1b13

08-06 14:10:30.627  6685  6756 I LSPosed-Bridge: 6685 PermLabel getRunningAppProcesses processName: com.lemon.faceu:push pid: 7940

08-06 14:10:30.627  6685  6756 I LSPosed-Bridge: 6685 PermLabel getRunningAppProcesses importance: 100 pid: 7940

08-06 14:10:30.627  6685  6756 I LSPosed-Bridge: 6685 PermLabel getRunningAppProcesses packageName com.lemon.faceu at index 0 in process 7940

08-06 14:10:30.627  6685  6756 I LSPosed-Bridge: 6685 PermLabel getRunningAppProcesses =android.app.ActivityManager$RunningAppProcessInfo@8fc8150

08-06 14:10:30.627  6685  6756 I LSPosed-Bridge: 6685 PermLabel getRunningAppProcesses processName: com.lemon.faceu:pushservice pid: 7918

08-06 14:10:30.627  6685  6756 I LSPosed-Bridge: 6685 PermLabel getRunningAppProcesses importance: 100 pid: 7918

08-06 14:10:30.627  6685  6756 I LSPosed-Bridge: 6685 PermLabel getRunningAppProcesses packageName com.lemon.faceu at index 0 in process 7918

08-06 14:10:30.627  6685  6756 I LSPosed-Bridge: 6685 PermLabel getRunningAppProcesses =android.app.ActivityManager$RunningAppProcessInfo@6c99f49

08-06 14:10:30.627  6685  6756 I LSPosed-Bridge: 6685 PermLabel getRunningAppProcesses processName: com.lemon.faceu pid: 6685

08-06 14:10:30.627  6685  6756 I LSPosed-Bridge: 6685 PermLabel getRunningAppProcesses importance: 100 pid: 6685

08-06 14:10:30.627  6685  6756 I LSPosed-Bridge: 6685 PermLabel getRunningAppProcesses packageName com.lemon.faceu at index 0 in process 6685

08-06 14:10:30.627  6685  6756 I LSPosed-Bridge: 6685 PermLabel permName: android.permission.READ_PHONE_STATE; getRunningAppProcesses =[android.app.ActivityManager$RunningAppProcessInfo@59b1b13, android.app.ActivityManager$RunningAppProcessInfo@8fc8150, android.app.ActivityManager$RunningAppProcessInfo@6c99f49]; stacktrace=java.lang.Exception

08-06 14:10:30.627  6685  6756 I LSPosed-Bridge: 	at com.example.permlabel.hookBinder_test$2.afterHookedMethod(hookBinder_test.java:107)

08-06 14:10:30.627  6685  6756 I LSPosed-Bridge: 	at de.robv.android.xposed.XposedBridge$AdditionalHookInfo.callback(Unknown Source:147)

08-06 14:10:30.627  6685  6756 I LSPosed-Bridge: 	at LSPHooker_.getRunningAppProcesses(Unknown Source:8)

08-06 14:10:30.627  6685  6756 I LSPosed-Bridge: 	at com.ss.android.message.util.ToolUtils.isMainProcessStart(SourceFile:2)

08-06 14:10:30.627  6685  6756 I LSPosed-Bridge: 	at com.ss.android.pushmanager.setting.PushMultiProcessSharedProvider.allowStartOthersProcess(SourceFile:2)

08-06 14:10:30.627  6685  6756 I LSPosed-Bridge: 	at com.ss.android.pushmanager.setting.PushMultiProcessSharedProvider$Editor.apply(SourceFile:1)

08-06 14:10:30.627  6685  6756 I LSPosed-Bridge: 	at com.ss.android.newmedia.redbadge.setting.RedbadgeSetting.setRedBadgeLastLastTimeParas(SourceFile:1)

08-06 14:10:30.627  6685  6756 I LSPosed-Bridge: 	at com.ss.android.newmedia.redbadge.RedBadgeControlClient.saveTimeParas(SourceFile:4)

08-06 14:10:30.627  6685  6756 I LSPosed-Bridge: 	at com.ss.android.newmedia.redbadge.RedBadgeControlClient.handleTimeParasChange(SourceFile:19)

08-06 14:10:30.627  6685  6756 I LSPosed-Bridge: 	at com.ss.android.newmedia.redbadge.RedBadgeControlClient.handleMsg(SourceFile:16)

08-06 14:10:30.627  6685  6756 I LSPosed-Bridge: 	at com.bytedance.common.utility.collection.WeakHandler.handleMessage(SourceFile:2)

08-06 14:10:30.627  6685  6756 I LSPosed-Bridge: 	at android.os.Handler.dispatchMessage(Handler.java:106)

08-06 14:10:30.627  6685  6756 I LSPosed-Bridge: 	at android.os.Looper.loop(Looper.java:193)

08-06 14:10:30.627  6685  6756 I LSPosed-Bridge: 	at android.os.HandlerThread.run(HandlerThread.java:65)

08-06 14:10:30.646  7940  8057 I LSPosed-Bridge: 7940 PermLabel getRunningAppProcesses =android.app.ActivityManager$RunningAppProcessInfo@d5401ee

08-06 14:10:30.646  7940  8057 I LSPosed-Bridge: 7940 PermLabel getRunningAppProcesses processName: com.lemon.faceu:pushservice pid: 7918

08-06 14:10:30.646  7940  8057 I LSPosed-Bridge: 7940 PermLabel getRunningAppProcesses importance: 100 pid: 7918

08-06 14:10:30.646  7940  8057 I LSPosed-Bridge: 7940 PermLabel getRunningAppProcesses packageName com.lemon.faceu at index 0 in process 7918

08-06 14:10:30.646  7940  8057 I LSPosed-Bridge: 7940 PermLabel getRunningAppProcesses =android.app.ActivityManager$RunningAppProcessInfo@16f868f

08-06 14:10:30.646  7940  8057 I LSPosed-Bridge: 7940 PermLabel getRunningAppProcesses processName: com.lemon.faceu pid: 6685

08-06 14:10:30.646  7940  8057 I LSPosed-Bridge: 7940 PermLabel getRunningAppProcesses importance: 100 pid: 6685

08-06 14:10:30.646  7940  8057 I LSPosed-Bridge: 7940 PermLabel getRunningAppProcesses packageName com.lemon.faceu at index 0 in process 6685

08-06 14:10:30.646  6685  6756 I LSPosed-Bridge: 6685 PermLabel hookBinder_test 10122 interfaceBinder =android.content.pm.IPackageManager; arg0 = 45; arg1 = android.os.Parcel@281dbbb; arg2 = android.os.Parcel@28b004a; arg3 = 0; res = true; stacktrace=java.lang.Exception

08-06 14:10:30.646  6685  6756 I LSPosed-Bridge: 	at com.example.permlabel.hookBinder_test$1.afterHookedMethod(hookBinder_test.java:67)

08-06 14:10:30.646  6685  6756 I LSPosed-Bridge: 	at de.robv.android.xposed.XposedBridge$AdditionalHookInfo.callback(Unknown Source:147)

08-06 14:10:30.646  6685  6756 I LSPosed-Bridge: 	at LSPHooker_.transact(Unknown Source:28)

08-06 14:10:30.646  6685  6756 I LSPosed-Bridge: 	at android.content.pm.IPackageManager$Stub$Proxy.queryIntentActivities(IPackageManager.java:3800)

08-06 14:10:30.646  6685  6756 I LSPosed-Bridge: 	at android.app.ApplicationPackageManager.queryIntentActivitiesAsUser(ApplicationPackageManager.java:961)

08-06 14:10:30.646  6685  6756 I LSPosed-Bridge: 	at android.app.ApplicationPackageManager.queryIntentActivities(ApplicationPackageManager.java:951)

08-06 14:10:30.646  6685  6756 I LSPosed-Bridge: 	at android.app.ApplicationPackageManager.getLaunchIntentForPackage(ApplicationPackageManager.java:210)

08-06 14:10:30.646  6685  6756 I LSPosed-Bridge: 	at com.ss.android.newmedia.redbadge.RedBadgeServiceProvider.initBadger(SourceFile:1)

08-06 14:10:30.646  6685  6756 I LSPosed-Bridge: 	at com.ss.android.newmedia.redbadge.RedBadgeServiceProvider.applyCountOrThrow(SourceFile:2)

08-06 14:10:30.646  6685  6756 I LSPosed-Bridge: 	at com.ss.android.newmedia.redbadge.RedBadgeServiceProvider.applyCount(SourceFile:1)

08-06 14:10:30.646  6685  6756 I LSPosed-Bridge: 	at com.ss.android.newmedia.redbadge.RedBadgeServiceProvider.removeCount(SourceFile:1)

08-06 14:10:30.646  6685  6756 I LSPosed-Bridge: 	at com.ss.android.newmedia.redbadge.RedBadgeControlClient.handleMsg(SourceFile:17)

08-06 14:10:30.646  6685  6756 I LSPosed-Bridge: 	at com.bytedance.common.utility.collection.WeakHandler.handleMessage(SourceFile:2)

08-06 14:10:30.646  6685  6756 I LSPosed-Bridge: 	at android.os.Handler.dispatchMessage(Handler.java:106)

08-06 14:10:30.646  6685  6756 I LSPosed-Bridge: 	at android.os.Looper.loop(Looper.java:193)

08-06 14:10:30.646  6685  6756 I LSPosed-Bridge: 	at android.os.HandlerThread.run(HandlerThread.java:65)

08-06 14:10:30.646  7940  8057 I LSPosed-Bridge: 7940 PermLabel permName: android.permission.READ_PHONE_STATE; getRunningAppProcesses =[android.app.ActivityManager$RunningAppProcessInfo@55fe369, android.app.ActivityManager$RunningAppProcessInfo@d5401ee, android.app.ActivityManager$RunningAppProcessInfo@16f868f]; stacktrace=java.lang.Exception

08-06 14:10:30.646  7940  8057 I LSPosed-Bridge: 	at com.example.permlabel.hookBinder_test$2.afterHookedMethod(hookBinder_test.java:107)

08-06 14:10:30.646  7940  8057 I LSPosed-Bridge: 	at de.robv.android.xposed.XposedBridge$AdditionalHookInfo.callback(Unknown Source:147)

08-06 14:10:30.646  7940  8057 I LSPosed-Bridge: 	at LSPHooker_.getRunningAppProcesses(Unknown Source:8)

08-06 14:10:30.646  7940  8057 I LSPosed-Bridge: 	at com.ss.android.message.util.ToolUtils.isMainProcessStart(SourceFile:2)

08-06 14:10:30.646  7940  8057 I LSPosed-Bridge: 	at com.ss.android.pushmanager.setting.PushMultiProcessSharedProvider.allowStartOthersProcess(SourceFile:2)

08-06 14:10:30.646  7940  8057 I LSPosed-Bridge: 	at com.ss.android.pushmanager.setting.PushMultiProcessSharedProvider$MultiProcessShared.getInt(SourceFile:1)

08-06 14:10:30.646  7940  8057 I LSPosed-Bridge: 	at com.ss.android.newmedia.redbadge.setting.RedbadgeSetting.getRedBadgeNextQueryInterval(SourceFile:1)

08-06 14:10:30.646  7940  8057 I LSPosed-Bridge: 	at com.ss.android.newmedia.redbadge.RedBadgeController.loadRequestConfig(SourceFile:2)

08-06 14:10:30.646  7940  8057 I LSPosed-Bridge: 	at com.ss.android.newmedia.redbadge.RedBadgeController$5.onChange(SourceFile:3)

08-06 14:10:30.646  7940  8057 I LSPosed-Bridge: 	at android.database.ContentObserver.onChange(ContentObserver.java:130)

08-06 14:10:30.646  7940  8057 I LSPosed-Bridge: 	at android.database.ContentObserver.onChange(ContentObserver.java:145)

08-06 14:10:30.646  7940  8057 I LSPosed-Bridge: 	at android.database.ContentObserver$NotificationRunnable.run(ContentObserver.java:216)

08-06 14:10:30.646  7940  8057 I LSPosed-Bridge: 	at android.os.Handler.handleCallback(Handler.java:873)

08-06 14:10:30.646  7940  8057 I LSPosed-Bridge: 	at android.os.Handler.dispatchMessage(Handler.java:99)

08-06 14:10:30.646  7940  8057 I LSPosed-Bridge: 	at android.os.Looper.loop(Looper.java:193)

08-06 14:10:30.646  7940  8057 I LSPosed-Bridge: 	at android.os.HandlerThread.run(HandlerThread.java:65)

08-06 14:10:30.666  7940  8057 I LSPosed-Bridge: 7940 PermLabel hookBinder_test 10122 interfaceBinder =android.app.IActivityManager; arg0 = 81; arg1 = android.os.Parcel@2ce8064; arg2 = android.os.Parcel@f08b66a; arg3 = 0; res = true; stacktrace=java.lang.Exception

08-06 14:10:30.666  7940  8057 I LSPosed-Bridge: 	at com.example.permlabel.hookBinder_test$1.afterHookedMethod(hookBinder_test.java:67)

08-06 14:10:30.666  7940  8057 I LSPosed-Bridge: 	at de.robv.android.xposed.XposedBridge$AdditionalHookInfo.callback(Unknown Source:147)

08-06 14:10:30.666  7940  8057 I LSPosed-Bridge: 	at LSPHooker_.transact(Unknown Source:28)

08-06 14:10:30.666  7940  8057 I LSPosed-Bridge: 	at android.app.IActivityManager$Stub$Proxy.getRunningAppProcesses(IActivityManager.java:5366)

08-06 14:10:30.666  7940  8057 I LSPosed-Bridge: 	at android.app.ActivityManager.getRunningAppProcesses(ActivityManager.java:3435)

08-06 14:10:30.666  7940  8057 I LSPosed-Bridge: 	at java.lang.reflect.Method.invoke(Native Method)

08-06 14:10:30.666  7940  8057 I LSPosed-Bridge: 	at org.lsposed.lspd.nativebridge.HookBridge.invokeOriginalMethod(Native Method)

08-06 14:10:30.666  7940  8057 I LSPosed-Bridge: 	at de.robv.android.xposed.XposedBridge$AdditionalHookInfo.callback(Unknown Source:110)

08-06 14:10:30.666  7940  8057 I LSPosed-Bridge: 	at LSPHooker_.getRunningAppProcesses(Unknown Source:8)

08-06 14:10:30.666  7940  8057 I LSPosed-Bridge: 	at com.ss.android.message.util.ToolUtils.isMainProcessStart(SourceFile:2)

08-06 14:10:30.666  7940  8057 I LSPosed-Bridge: 	at com.ss.android.pushmanager.setting.PushMultiProcessSharedProvider.allowStartOthersProcess(SourceFile:2)

08-06 14:10:30.666  7940  8057 I LSPosed-Bridge: 	at com.ss.android.pushmanager.setting.PushMultiProcessSharedProvider$MultiProcessShared.getString(SourceFile:1)

08-06 14:10:30.666  7940  8057 I LSPosed-Bridge: 	at com.ss.android.newmedia.redbadge.setting.RedbadgeSetting.getRedBadgeLastTimeParas(SourceFile:1)

08-06 14:10:30.666  7940  8057 I LSPosed-Bridge: 	at com.ss.android.newmedia.redbadge.RedBadgeController.loadRequestConfig(SourceFile:3)

08-06 14:10:30.666  7940  8057 I LSPosed-Bridge: 	at com.ss.android.newmedia.redbadge.RedBadgeController$5.onChange(SourceFile:3)

08-06 14:10:30.666  7940  8057 I LSPosed-Bridge: 	at android.database.ContentObserver.onChange(ContentObserver.java:130)

08-06 14:10:30.666  7940  8057 I LSPosed-Bridge: 	at android.database.ContentObserver.onChange(ContentObserver.java:145)

08-06 14:10:30.666  7940  8057 I LSPosed-Bridge: 	at android.database.ContentObserver$NotificationRunnable.run(ContentObserver.java:216)

08-06 14:10:30.666  7940  8057 I LSPosed-Bridge: 	at android.os.Handler.handleCallback(Handler.java:873)

08-06 14:10:30.666  7940  8057 I LSPosed-Bridge: 	at android.os.Handler.dispatchMessage(Handler.java:99)

08-06 14:10:30.666  7940  8057 I LSPosed-Bridge: 	at android.os.Looper.loop(Looper.java:193)

08-06 14:10:30.666  7940  8057 I LSPosed-Bridge: 	at android.os.HandlerThread.run(HandlerThread.java:65)

08-06 14:10:30.666  7940  8057 I LSPosed-Bridge: 7940 PermLabel getRunningAppProcesses =android.app.ActivityManager$RunningAppProcessInfo@e3796a1

08-06 14:10:30.666  7940  8057 I LSPosed-Bridge: 7940 PermLabel getRunningAppProcesses processName: com.lemon.faceu:push pid: 7940

08-06 14:10:30.666  7940  8057 I LSPosed-Bridge: 7940 PermLabel getRunningAppProcesses importance: 100 pid: 7940

08-06 14:10:30.666  7940  8057 I LSPosed-Bridge: 7940 PermLabel getRunningAppProcesses packageName com.lemon.faceu at index 0 in process 7940

08-06 14:10:30.666  7940  8057 I LSPosed-Bridge: 7940 PermLabel getRunningAppProcesses =android.app.ActivityManager$RunningAppProcessInfo@f1660c6

08-06 14:10:30.666  7940  8057 I LSPosed-Bridge: 7940 PermLabel getRunningAppProcesses processName: com.lemon.faceu:pushservice pid: 7918

08-06 14:10:30.666  7940  8057 I LSPosed-Bridge: 7940 PermLabel getRunningAppProcesses importance: 100 pid: 7918

08-06 14:10:30.666  7940  8057 I LSPosed-Bridge: 7940 PermLabel getRunningAppProcesses packageName com.lemon.faceu at index 0 in process 7918

08-06 14:10:30.666  7940  8057 I LSPosed-Bridge: 7940 PermLabel getRunningAppProcesses =android.app.ActivityManager$RunningAppProcessInfo@d27b887

08-06 14:10:30.666  7940  8057 I LSPosed-Bridge: 7940 PermLabel getRunningAppProcesses processName: com.lemon.faceu pid: 6685

08-06 14:10:30.666  7940  8057 I LSPosed-Bridge: 7940 PermLabel getRunningAppProcesses importance: 100 pid: 6685

08-06 14:10:30.666  7940  8057 I LSPosed-Bridge: 7940 PermLabel getRunningAppProcesses packageName com.lemon.faceu at index 0 in process 6685

08-06 14:10:30.666  7940  8057 I LSPosed-Bridge: 7940 PermLabel permName: android.permission.READ_PHONE_STATE; getRunningAppProcesses =[android.app.ActivityManager$RunningAppProcessInfo@e3796a1, android.app.ActivityManager$RunningAppProcessInfo@f1660c6, android.app.ActivityManager$RunningAppProcessInfo@d27b887]; stacktrace=java.lang.Exception

08-06 14:10:30.666  7940  8057 I LSPosed-Bridge: 	at com.example.permlabel.hookBinder_test$2.afterHookedMethod(hookBinder_test.java:107)

08-06 14:10:30.666  7940  8057 I LSPosed-Bridge: 	at de.robv.android.xposed.XposedBridge$AdditionalHookInfo.callback(Unknown Source:147)

08-06 14:10:30.666  7940  8057 I LSPosed-Bridge: 	at LSPHooker_.getRunningAppProcesses(Unknown Source:8)

08-06 14:10:30.666  7940  8057 I LSPosed-Bridge: 	at com.ss.android.message.util.ToolUtils.isMainProcessStart(SourceFile:2)

08-06 14:10:30.666  7940  8057 I LSPosed-Bridge: 	at com.ss.android.pushmanager.setting.PushMultiProcessSharedProvider.allowStartOthersProcess(SourceFile:2)

08-06 14:10:30.666  7940  8057 I LSPosed-Bridge: 	at com.ss.android.pushmanager.setting.PushMultiProcessSharedProvider$MultiProcessShared.getString(SourceFile:1)

08-06 14:10:30.666  7940  8057 I LSPosed-Bridge: 	at com.ss.android.newmedia.redbadge.setting.RedbadgeSetting.getRedBadgeLastTimeParas(SourceFile:1)

08-06 14:10:30.666  7940  8057 I LSPosed-Bridge: 	at com.ss.android.newmedia.redbadge.RedBadgeController.loadRequestConfig(SourceFile:3)

08-06 14:10:30.666  7940  8057 I LSPosed-Bridge: 	at com.ss.android.newmedia.redbadge.RedBadgeController$5.onChange(SourceFile:3)

08-06 14:10:30.666  7940  8057 I LSPosed-Bridge: 	at android.database.ContentObserver.onChange(ContentObserver.java:130)

08-06 14:10:30.666  7940  8057 I LSPosed-Bridge: 	at android.database.ContentObserver.onChange(ContentObserver.java:145)

08-06 14:10:30.666  7940  8057 I LSPosed-Bridge: 	at android.database.ContentObserver$NotificationRunnable.run(ContentObserver.java:216)

08-06 14:10:30.666  7940  8057 I LSPosed-Bridge: 	at android.os.Handler.handleCallback(Handler.java:873)

08-06 14:10:30.666  7940  8057 I LSPosed-Bridge: 	at android.os.Handler.dispatchMessage(Handler.java:99)

08-06 14:10:30.666  7940  8057 I LSPosed-Bridge: 	at android.os.Looper.loop(Looper.java:193)

08-06 14:10:30.666  7940  8057 I LSPosed-Bridge: 	at android.os.HandlerThread.run(HandlerThread.java:65)

08-06 14:10:30.666  7940  7940 I LSPosed-Bridge: 7940 PermLabel hookBinder_test 10122 interfaceBinder =android.app.IActivityManager; arg0 = 67; arg1 = android.os.Parcel@e6352cd; arg2 = android.os.Parcel@3701283; arg3 = 0; res = true; stacktrace=java.lang.Exception

08-06 14:10:30.666  7940  7940 I LSPosed-Bridge: 	at com.example.permlabel.hookBinder_test$1.afterHookedMethod(hookBinder_test.java:67)

08-06 14:10:30.666  7940  7940 I LSPosed-Bridge: 	at de.robv.android.xposed.XposedBridge$AdditionalHookInfo.callback(Unknown Source:147)

08-06 14:10:30.666  7940  7940 I LSPosed-Bridge: 	at LSPHooker_.transact(Unknown Source:28)

08-06 14:10:30.666  7940  7940 I LSPosed-Bridge: 	at android.app.IActivityManager$Stub$Proxy.removeContentProvider(IActivityManager.java:5091)

08-06 14:10:30.666  7940  7940 I LSPosed-Bridge: 	at android.app.ActivityThread.completeRemoveProvider(ActivityThread.java:6246)

08-06 14:10:30.666  7940  7940 I LSPosed-Bridge: 	at android.app.ActivityThread$H.handleMessage(ActivityThread.java:1726)

08-06 14:10:30.666  7940  7940 I LSPosed-Bridge: 	at android.os.Handler.dispatchMessage(Handler.java:106)

08-06 14:10:30.666  7940  7940 I LSPosed-Bridge: 	at android.os.Looper.loop(Looper.java:193)

08-06 14:10:30.666  7940  7940 I LSPosed-Bridge: 	at android.app.ActivityThread.main(ActivityThread.java:6692)

08-06 14:10:30.666  7940  7940 I LSPosed-Bridge: 	at java.lang.reflect.Method.invoke(Native Method)

08-06 14:10:30.666  7940  7940 I LSPosed-Bridge: 	at com.android.internal.os.RuntimeInit$MethodAndArgsCaller.run(RuntimeInit.java:493)

08-06 14:10:30.666  7940  7940 I LSPosed-Bridge: 	at com.android.internal.os.ZygoteInit.main(ZygoteInit.java:858)

08-06 14:10:30.735  7940  8057 I LSPosed-Bridge: 7940 PermLabel hookBinder_test 10122 interfaceBinder =android.app.IActivityManager; arg0 = 81; arg1 = android.os.Parcel@f08b66a; arg2 = android.os.Parcel@2ce8064; arg3 = 0; res = true; stacktrace=java.lang.Exception

08-06 14:10:30.735  7940  8057 I LSPosed-Bridge: 	at com.example.permlabel.hookBinder_test$1.afterHookedMethod(hookBinder_test.java:67)

08-06 14:10:30.735  7940  8057 I LSPosed-Bridge: 	at de.robv.android.xposed.XposedBridge$AdditionalHookInfo.callback(Unknown Source:147)

08-06 14:10:30.735  7940  8057 I LSPosed-Bridge: 	at LSPHooker_.transact(Unknown Source:28)

08-06 14:10:30.735  7940  8057 I LSPosed-Bridge: 	at android.app.IActivityManager$Stub$Proxy.getRunningAppProcesses(IActivityManager.java:5366)

08-06 14:10:30.735  7940  8057 I LSPosed-Bridge: 	at android.app.ActivityManager.getRunningAppProcesses(ActivityManager.java:3435)

08-06 14:10:30.735  7940  8057 I LSPosed-Bridge: 	at java.lang.reflect.Method.invoke(Native Method)

08-06 14:10:30.735  7940  8057 I LSPosed-Bridge: 	at org.lsposed.lspd.nativebridge.HookBridge.invokeOriginalMethod(Native Method)

08-06 14:10:30.735  7940  8057 I LSPosed-Bridge: 	at de.robv.android.xposed.XposedBridge$AdditionalHookInfo.callback(Unknown Source:110)

08-06 14:10:30.735  7940  8057 I LSPosed-Bridge: 	at LSPHooker_.getRunningAppProcesses(Unknown Source:8)

08-06 14:10:30.735  7940  8057 I LSPosed-Bridge: 	at com.ss.android.message.util.ToolUtils.isMainProcessStart(SourceFile:2)

08-06 14:10:30.735  7940  8057 I LSPosed-Bridge: 	at com.ss.android.pushmanager.setting.PushMultiProcessSharedProvider.allowStartOthersProcess(SourceFile:2)

08-06 14:10:30.735  7940  8057 I LSPosed-Bridge: 	at com.ss.android.pushmanager.setting.PushMultiProcessSharedProvider$MultiProcessShared.getString(SourceFile:1)

08-06 14:10:30.735  7940  8057 I LSPosed-Bridge: 	at com.ss.android.newmedia.redbadge.setting.RedbadgeSetting.getRedBadgeLastLastTimeParas(SourceFile:1)

08-06 14:10:30.735  7940  8057 I LSPosed-Bridge: 	at com.ss.android.newmedia.redbadge.RedBadgeController.loadRequestConfig(SourceFile:4)

08-06 14:10:30.735  7940  8057 I LSPosed-Bridge: 	at com.ss.android.newmedia.redbadge.RedBadgeController$5.onChange(SourceFile:3)

08-06 14:10:30.735  7940  8057 I LSPosed-Bridge: 	at android.database.ContentObserver.onChange(ContentObserver.java:130)

08-06 14:10:30.735  7940  8057 I LSPosed-Bridge: 	at android.database.ContentObserver.onChange(ContentObserver.java:145)

08-06 14:10:30.735  7940  8057 I LSPosed-Bridge: 	at android.database.ContentObserver$NotificationRunnable.run(ContentObserver.java:216)

08-06 14:10:30.735  7940  8057 I LSPosed-Bridge: 	at android.os.Handler.handleCallback(Handler.java:873)

08-06 14:10:30.735  7940  8057 I LSPosed-Bridge: 	at android.os.Handler.dispatchMessage(Handler.java:99)

08-06 14:10:30.735  7940  8057 I LSPosed-Bridge: 	at android.os.Looper.loop(Looper.java:193)

08-06 14:10:30.735  7940  8057 I LSPosed-Bridge: 	at android.os.HandlerThread.run(HandlerThread.java:65)

08-06 14:10:30.735  7940  8057 I LSPosed-Bridge: 7940 PermLabel getRunningAppProcesses =android.app.ActivityManager$RunningAppProcessInfo@bc5669b

08-06 14:10:30.735  7940  8057 I LSPosed-Bridge: 7940 PermLabel getRunningAppProcesses processName: com.lemon.faceu:push pid: 7940

08-06 14:10:30.735  7940  8057 I LSPosed-Bridge: 7940 PermLabel getRunningAppProcesses importance: 100 pid: 7940

08-06 14:10:30.735  7940  8057 I LSPosed-Bridge: 7940 PermLabel getRunningAppProcesses packageName com.lemon.faceu at index 0 in process 7940

08-06 14:10:30.735  7940  8057 I LSPosed-Bridge: 7940 PermLabel getRunningAppProcesses =android.app.ActivityManager$RunningAppProcessInfo@f321a38

08-06 14:10:30.735  7940  8057 I LSPosed-Bridge: 7940 PermLabel getRunningAppProcesses processName: com.lemon.faceu:pushservice pid: 7918

08-06 14:10:30.735  7940  8057 I LSPosed-Bridge: 7940 PermLabel getRunningAppProcesses importance: 100 pid: 7918

08-06 14:10:30.735  7940  8057 I LSPosed-Bridge: 7940 PermLabel getRunningAppProcesses packageName com.lemon.faceu at index 0 in process 7918

08-06 14:10:30.735  7940  8057 I LSPosed-Bridge: 7940 PermLabel getRunningAppProcesses =android.app.ActivityManager$RunningAppProcessInfo@ba26a11

08-06 14:10:30.735  7940  8057 I LSPosed-Bridge: 7940 PermLabel getRunningAppProcesses processName: com.lemon.faceu pid: 6685

08-06 14:10:30.735  7940  8057 I LSPosed-Bridge: 7940 PermLabel getRunningAppProcesses importance: 100 pid: 6685

08-06 14:10:30.735  7940  8057 I LSPosed-Bridge: 7940 PermLabel getRunningAppProcesses packageName com.lemon.faceu at index 0 in process 6685

08-06 14:10:30.735  7940  8057 I LSPosed-Bridge: 7940 PermLabel permName: android.permission.READ_PHONE_STATE; getRunningAppProcesses =[android.app.ActivityManager$RunningAppProcessInfo@bc5669b, android.app.ActivityManager$RunningAppProcessInfo@f321a38, android.app.ActivityManager$RunningAppProcessInfo@ba26a11]; stacktrace=java.lang.Exception

08-06 14:10:30.735  7940  8057 I LSPosed-Bridge: 	at com.example.permlabel.hookBinder_test$2.afterHookedMethod(hookBinder_test.java:107)

08-06 14:10:30.735  7940  8057 I LSPosed-Bridge: 	at de.robv.android.xposed.XposedBridge$AdditionalHookInfo.callback(Unknown Source:147)

08-06 14:10:30.735  7940  8057 I LSPosed-Bridge: 	at LSPHooker_.getRunningAppProcesses(Unknown Source:8)

08-06 14:10:30.735  7940  8057 I LSPosed-Bridge: 	at com.ss.android.message.util.ToolUtils.isMainProcessStart(SourceFile:2)

08-06 14:10:30.735  7940  8057 I LSPosed-Bridge: 	at com.ss.android.pushmanager.setting.PushMultiProcessSharedProvider.allowStartOthersProcess(SourceFile:2)

08-06 14:10:30.735  7940  8057 I LSPosed-Bridge: 	at com.ss.android.pushmanager.setting.PushMultiProcessSharedProvider$MultiProcessShared.getString(SourceFile:1)

08-06 14:10:30.735  7940  8057 I LSPosed-Bridge: 	at com.ss.android.newmedia.redbadge.setting.RedbadgeSetting.getRedBadgeLastLastTimeParas(SourceFile:1)

08-06 14:10:30.735  7940  8057 I LSPosed-Bridge: 	at com.ss.android.newmedia.redbadge.RedBadgeController.loadRequestConfig(SourceFile:4)

08-06 14:10:30.735  7940  8057 I LSPosed-Bridge: 	at com.ss.android.newmedia.redbadge.RedBadgeController$5.onChange(SourceFile:3)

08-06 14:10:30.735  7940  8057 I LSPosed-Bridge: 	at android.database.ContentObserver.onChange(ContentObserver.java:130)

08-06 14:10:30.735  7940  8057 I LSPosed-Bridge: 	at android.database.ContentObserver.onChange(ContentObserver.java:145)

08-06 14:10:30.735  7940  8057 I LSPosed-Bridge: 	at android.database.ContentObserver$NotificationRunnable.run(ContentObserver.java:216)

08-06 14:10:30.735  7940  8057 I LSPosed-Bridge: 	at android.os.Handler.handleCallback(Handler.java:873)

08-06 14:10:30.735  7940  8057 I LSPosed-Bridge: 	at android.os.Handler.dispatchMessage(Handler.java:99)

08-06 14:10:30.735  7940  8057 I LSPosed-Bridge: 	at android.os.Looper.loop(Looper.java:193)

08-06 14:10:30.735  7940  8057 I LSPosed-Bridge: 	at android.os.HandlerThread.run(HandlerThread.java:65)

08-06 14:10:31.899  6685  6756 I LSPosed-Bridge: 6685 PermLabel getRunningAppProcesses =android.app.ActivityManager$RunningAppProcessInfo@219605c

08-06 14:10:31.899  6685  6756 I LSPosed-Bridge: 6685 PermLabel getRunningAppProcesses processName: com.lemon.faceu:push pid: 7940

08-06 14:10:31.899  6685  6756 I LSPosed-Bridge: 6685 PermLabel getRunningAppProcesses importance: 100 pid: 7940

08-06 14:10:31.899  6685  6756 I LSPosed-Bridge: 6685 PermLabel getRunningAppProcesses packageName com.lemon.faceu at index 0 in process 7940

08-06 14:10:31.899  6685  6756 I LSPosed-Bridge: 6685 PermLabel getRunningAppProcesses =android.app.ActivityManager$RunningAppProcessInfo@3523f65

08-06 14:10:31.899  6685  6756 I LSPosed-Bridge: 6685 PermLabel getRunningAppProcesses processName: com.lemon.faceu:pushservice pid: 7918

08-06 14:10:31.899  6685  6756 I LSPosed-Bridge: 6685 PermLabel getRunningAppProcesses importance: 100 pid: 7918

08-06 14:10:31.899  6685  6756 I LSPosed-Bridge: 6685 PermLabel getRunningAppProcesses packageName com.lemon.faceu at index 0 in process 7918

08-06 14:10:31.899  6685  6756 I LSPosed-Bridge: 6685 PermLabel getRunningAppProcesses =android.app.ActivityManager$RunningAppProcessInfo@673f43a

08-06 14:10:31.899  6685  6756 I LSPosed-Bridge: 6685 PermLabel getRunningAppProcesses processName: com.lemon.faceu pid: 6685

08-06 14:10:31.899  6685  6756 I LSPosed-Bridge: 6685 PermLabel getRunningAppProcesses importance: 100 pid: 6685

08-06 14:10:31.899  6685  6756 I LSPosed-Bridge: 6685 PermLabel getRunningAppProcesses packageName com.lemon.faceu at index 0 in process 6685

08-06 14:10:31.899   548   548 I ConfigStore: android::hardware::configstore::V1_0::ISurfaceFlingerConfigs::hasHDRDisplay retrieved: 0

08-06 14:10:31.899  6685  6756 I LSPosed-Bridge: 6685 PermLabel permName: android.permission.READ_PHONE_STATE; getRunningAppProcesses =[android.app.ActivityManager$RunningAppProcessInfo@219605c, android.app.ActivityManager$RunningAppProcessInfo@3523f65, android.app.ActivityManager$RunningAppProcessInfo@673f43a]; stacktrace=java.lang.Exception

08-06 14:10:31.899  6685  6756 I LSPosed-Bridge: 	at com.example.permlabel.hookBinder_test$2.afterHookedMethod(hookBinder_test.java:107)

08-06 14:10:31.899  6685  6756 I LSPosed-Bridge: 	at de.robv.android.xposed.XposedBridge$AdditionalHookInfo.callback(Unknown Source:147)

08-06 14:10:31.899  6685  6756 I LSPosed-Bridge: 	at LSPHooker_.getRunningAppProcesses(Unknown Source:8)

08-06 14:10:31.899  6685  6756 I LSPosed-Bridge: 	at com.ss.android.message.util.ToolUtils.isMainProcessStart(SourceFile:2)

08-06 14:10:31.899  6685  6756 I LSPosed-Bridge: 	at com.ss.android.pushmanager.setting.PushMultiProcessSharedProvider.allowStartOthersProcess(SourceFile:2)

08-06 14:10:31.899  6685  6756 I LSPosed-Bridge: 	at com.ss.android.pushmanager.setting.PushMultiProcessSharedProvider$Editor.apply(SourceFile:1)

08-06 14:10:31.899  6685  6756 I LSPosed-Bridge: 	at com.ss.android.newmedia.redbadge.setting.RedbadgeSetting.setRedBadgeLaunchTimes(SourceFile:1)

08-06 14:10:31.899  6685  6756 I LSPosed-Bridge: 	at com.ss.android.newmedia.redbadge.RedBadgeControlClient.saveTimeParas(SourceFile:1)

08-06 14:10:31.899  6685  6756 I LSPosed-Bridge: 	at com.ss.android.newmedia.redbadge.RedBadgeControlClient.handleTimeParasChange(SourceFile:19)

08-06 14:10:31.899  6685  6756 I LSPosed-Bridge: 	at com.ss.android.newmedia.redbadge.RedBadgeControlClient.handleMsg(SourceFile:6)

08-06 14:10:31.899  6685  6756 I LSPosed-Bridge: 	at com.bytedance.common.utility.collection.WeakHandler.handleMessage(SourceFile:2)

08-06 14:10:31.899  6685  6756 I LSPosed-Bridge: 	at android.os.Handler.dispatchMessage(Handler.java:106)

08-06 14:10:31.899  6685  6756 I LSPosed-Bridge: 	at android.os.Looper.loop(Looper.java:193)

08-06 14:10:31.899  6685  6756 I LSPosed-Bridge: 	at android.os.HandlerThread.run(HandlerThread.java:65)

08-06 14:10:31.899   548   548 I ConfigStore: android::hardware::configstore::V1_0::ISurfaceFlingerConfigs::hasHDRDisplay retrieved: 0

08-06 14:10:34.321  6685  6756 I LSPosed-Bridge: 6685 PermLabel permName: android.permission.READ_PHONE_STATE; getRunningAppProcesses =[android.app.ActivityManager$RunningAppProcessInfo@7e610b6, android.app.ActivityManager$RunningAppProcessInfo@8d0c1b7, android.app.ActivityManager$RunningAppProcessInfo@6726d24]; stacktrace=java.lang.Exception

08-06 14:10:34.321  6685  6756 I LSPosed-Bridge: 	at com.example.permlabel.hookBinder_test$2.afterHookedMethod(hookBinder_test.java:107)

08-06 14:10:34.321  6685  6756 I LSPosed-Bridge: 	at de.robv.android.xposed.XposedBridge$AdditionalHookInfo.callback(Unknown Source:147)

08-06 14:10:34.321  6685  6756 I LSPosed-Bridge: 	at LSPHooker_.getRunningAppProcesses(Unknown Source:8)

08-06 14:10:34.321  6685  6756 I LSPosed-Bridge: 	at com.ss.android.message.util.ToolUtils.isMainProcessStart(SourceFile:2)

08-06 14:10:34.321  6685  6756 I LSPosed-Bridge: 	at com.ss.android.pushmanager.setting.PushMultiProcessSharedProvider.allowStartOthersProcess(SourceFile:2)

08-06 14:10:34.321  6685  6756 I LSPosed-Bridge: 	at com.ss.android.pushmanager.setting.PushMultiProcessSharedProvider$Editor.apply(SourceFile:1)

08-06 14:10:34.321  6685  6756 I LSPosed-Bridge: 	at com.ss.android.newmedia.redbadge.setting.RedbadgeSetting.setRedBadgeBadgeShowTimes(SourceFile:1)

08-06 14:10:34.321  6685  6756 I LSPosed-Bridge: 	at com.ss.android.newmedia.redbadge.RedBadgeControlClient.saveTimeParas(SourceFile:2)

08-06 14:10:34.321  6685  6756 I LSPosed-Bridge: 	at com.ss.android.newmedia.redbadge.RedBadgeControlClient.handleTimeParasChange(SourceFile:19)

08-06 14:10:34.321  6685  6756 I LSPosed-Bridge: 	at com.ss.android.newmedia.redbadge.RedBadgeControlClient.handleMsg(SourceFile:6)

08-06 14:10:34.321  6685  6756 I LSPosed-Bridge: 	at com.bytedance.common.utility.collection.WeakHandler.handleMessage(SourceFile:2)

08-06 14:10:34.321  6685  6756 I LSPosed-Bridge: 	at android.os.Handler.dispatchMessage(Handler.java:106)

08-06 14:10:34.321  6685  6756 I LSPosed-Bridge: 	at android.os.Looper.loop(Looper.java:193)

08-06 14:10:34.321  6685  6756 I LSPosed-Bridge: 	at android.os.HandlerThread.run(HandlerThread.java:65)

08-06 14:10:34.321  6685  6685 I Choreographer: Skipped 147 frames!  The application may be doing too much work on its main thread.

08-06 14:10:34.321  3058  8607 I NearbyFastPair: (REDACTED) TaskSchedulerUtils cancelTask %s success.

08-06 14:10:34.333  6685  6756 I LSPosed-Bridge: 6685 PermLabel permName: android.permission.READ_PHONE_STATE; getRunningAppProcesses =[android.app.ActivityManager$RunningAppProcessInfo@efb3790, android.app.ActivityManager$RunningAppProcessInfo@172808e, android.app.ActivityManager$RunningAppProcessInfo@cc030af]; stacktrace=java.lang.Exception

08-06 14:10:34.333  6685  6756 I LSPosed-Bridge: 	at com.example.permlabel.hookBinder_test$2.afterHookedMethod(hookBinder_test.java:107)

08-06 14:10:34.333  6685  6756 I LSPosed-Bridge: 	at de.robv.android.xposed.XposedBridge$AdditionalHookInfo.callback(Unknown Source:147)

08-06 14:10:34.333  6685  6756 I LSPosed-Bridge: 	at LSPHooker_.getRunningAppProcesses(Unknown Source:8)

08-06 14:10:34.333  6685  6756 I LSPosed-Bridge: 	at com.ss.android.message.util.ToolUtils.isMainProcessStart(SourceFile:2)

08-06 14:10:34.333  6685  6756 I LSPosed-Bridge: 	at com.ss.android.pushmanager.setting.PushMultiProcessSharedProvider.allowStartOthersProcess(SourceFile:2)

08-06 14:10:34.333  6685  6756 I LSPosed-Bridge: 	at com.ss.android.pushmanager.setting.PushMultiProcessSharedProvider$Editor.apply(SourceFile:1)

08-06 14:10:34.333  6685  6756 I LSPosed-Bridge: 	at com.ss.android.newmedia.redbadge.setting.RedbadgeSetting.setRedBadgeLastTimeParas(SourceFile:1)

08-06 14:10:34.333  6685  6756 I LSPosed-Bridge: 	at com.ss.android.newmedia.redbadge.RedBadgeControlClient.saveTimeParas(SourceFile:3)

08-06 14:10:34.333  6685  6756 I LSPosed-Bridge: 	at com.ss.android.newmedia.redbadge.RedBadgeControlClient.handleTimeParasChange(SourceFile:19)

08-06 14:10:34.333  6685  6756 I LSPosed-Bridge: 	at com.ss.android.newmedia.redbadge.RedBadgeControlClient.handleMsg(SourceFile:6)

08-06 14:10:34.333  6685  6756 I LSPosed-Bridge: 	at com.bytedance.common.utility.collection.WeakHandler.handleMessage(SourceFile:2)

08-06 14:10:34.333  6685  6756 I LSPosed-Bridge: 	at android.os.Handler.dispatchMessage(Handler.java:106)

08-06 14:10:34.333  6685  6756 I LSPosed-Bridge: 	at android.os.Looper.loop(Looper.java:193)

08-06 14:10:34.333  6685  6756 I LSPosed-Bridge: 	at android.os.HandlerThread.run(HandlerThread.java:65)

08-06 14:10:34.349  7940  8057 I LSPosed-Bridge: 7940 PermLabel permName: android.permission.READ_PHONE_STATE; getRunningAppProcesses =[android.app.ActivityManager$RunningAppProcessInfo@3892c8b, android.app.ActivityManager$RunningAppProcessInfo@b7c8168, android.app.ActivityManager$RunningAppProcessInfo@1e0f981]; stacktrace=java.lang.Exception

08-06 14:10:34.349  7940  8057 I LSPosed-Bridge: 	at com.example.permlabel.hookBinder_test$2.afterHookedMethod(hookBinder_test.java:107)

08-06 14:10:34.349  7940  8057 I LSPosed-Bridge: 	at de.robv.android.xposed.XposedBridge$AdditionalHookInfo.callback(Unknown Source:147)

08-06 14:10:34.349  7940  8057 I LSPosed-Bridge: 	at LSPHooker_.getRunningAppProcesses(Unknown Source:8)

08-06 14:10:34.349  7940  8057 I LSPosed-Bridge: 	at com.ss.android.message.util.ToolUtils.isMainProcessStart(SourceFile:2)

08-06 14:10:34.349  7940  8057 I LSPosed-Bridge: 	at com.ss.android.pushmanager.setting.PushMultiProcessSharedProvider.allowStartOthersProcess(SourceFile:2)

08-06 14:10:34.349  7940  8057 I LSPosed-Bridge: 	at com.ss.android.pushmanager.setting.PushMultiProcessSharedProvider$MultiProcessShared.getLong(SourceFile:1)

08-06 14:10:34.349  7940  8057 I LSPosed-Bridge: 	at com.ss.android.newmedia.redbadge.setting.RedbadgeSetting.getRedBadgeLastRequestTime(SourceFile:1)

08-06 14:10:34.349  7940  8057 I LSPosed-Bridge: 	at com.ss.android.newmedia.redbadge.RedBadgeController.loadRequestConfig(SourceFile:1)

08-06 14:10:34.349  7940  8057 I LSPosed-Bridge: 	at com.ss.android.newmedia.redbadge.RedBadgeController$5.onChange(SourceFile:3)

08-06 14:10:34.349  7940  8057 I LSPosed-Bridge: 	at android.database.ContentObserver.onChange(ContentObserver.java:130)

08-06 14:10:34.349  7940  8057 I LSPosed-Bridge: 	at android.database.ContentObserver.onChange(ContentObserver.java:145)

08-06 14:10:34.349  7940  8057 I LSPosed-Bridge: 	at android.database.ContentObserver$NotificationRunnable.run(ContentObserver.java:216)

08-06 14:10:34.349  7940  8057 I LSPosed-Bridge: 	at android.os.Handler.handleCallback(Handler.java:873)

08-06 14:10:34.349  7940  8057 I LSPosed-Bridge: 	at android.os.Handler.dispatchMessage(Handler.java:99)

08-06 14:10:34.349  7940  8057 I LSPosed-Bridge: 	at android.os.Looper.loop(Looper.java:193)

08-06 14:10:34.349  7940  8057 I LSPosed-Bridge: 	at android.os.HandlerThread.run(HandlerThread.java:65)

08-06 14:10:34.388  6685  6756 I LSPosed-Bridge: 6685 PermLabel hookBinder_test 10122 interfaceBinder =android.app.IActivityManager; arg0 = 81; arg1 = android.os.Parcel@b6b6f58; arg2 = android.os.Parcel@281dbbb; arg3 = 0; res = true; stacktrace=java.lang.Exception

08-06 14:10:34.388  6685  6756 I LSPosed-Bridge: 6685 PermLabel hookBinder_test 10122 interfaceBinder =android.app.IActivityManager; arg0 = 81; arg1 = android.os.Parcel@b6b6f58; arg2 = android.os.Parcel@281dbbb; arg3 = 0; res = true; stacktrace=java.lang.Exception

08-06 14:10:34.388  6685  6756 I LSPosed-Bridge: 	at com.example.permlabel.hookBinder_test$1.afterHookedMethod(hookBinder_test.java:67)

08-06 14:10:34.388  6685  6756 I LSPosed-Bridge: 	at com.example.permlabel.hookBinder_test$1.afterHookedMethod(hookBinder_test.java:67)

08-06 14:10:34.388  6685  6756 I LSPosed-Bridge: 	at de.robv.android.xposed.XposedBridge$AdditionalHookInfo.callback(Unknown Source:147)

08-06 14:10:34.388  6685  6756 I LSPosed-Bridge: 	at de.robv.android.xposed.XposedBridge$AdditionalHookInfo.callback(Unknown Source:147)

08-06 14:10:34.388  6685  6756 I LSPosed-Bridge: 	at LSPHooker_.transact(Unknown Source:28)

08-06 14:10:34.388  6685  6756 I LSPosed-Bridge: 	at LSPHooker_.transact(Unknown Source:28)

08-06 14:10:34.388  6685  6756 I LSPosed-Bridge: 	at android.app.IActivityManager$Stub$Proxy.getRunningAppProcesses(IActivityManager.java:5366)

08-06 14:10:34.388  6685  6756 I LSPosed-Bridge: 	at android.app.IActivityManager$Stub$Proxy.getRunningAppProcesses(IActivityManager.java:5366)

08-06 14:10:34.388  6685  6756 I LSPosed-Bridge: 	at android.app.ActivityManager.getRunningAppProcesses(ActivityManager.java:3435)

08-06 14:10:34.388  6685  6756 I LSPosed-Bridge: 	at android.app.ActivityManager.getRunningAppProcesses(ActivityManager.java:3435)

08-06 14:10:34.388  6685  6756 I LSPosed-Bridge: 	at java.lang.reflect.Method.invoke(Native Method)

08-06 14:10:34.388  6685  6756 I LSPosed-Bridge: 	at java.lang.reflect.Method.invoke(Native Method)

08-06 14:10:34.388  6685  6756 I LSPosed-Bridge: 	at org.lsposed.lspd.nativebridge.HookBridge.invokeOriginalMethod(Native Method)

08-06 14:10:34.388  6685  6756 I LSPosed-Bridge: 	at org.lsposed.lspd.nativebridge.HookBridge.invokeOriginalMethod(Native Method)

08-06 14:10:34.388  6685  6756 I LSPosed-Bridge: 	at de.robv.android.xposed.XposedBridge$AdditionalHookInfo.callback(Unknown Source:110)

08-06 14:10:34.388  6685  6756 I LSPosed-Bridge: 	at de.robv.android.xposed.XposedBridge$AdditionalHookInfo.callback(Unknown Source:110)

08-06 14:10:34.388  6685  6756 I LSPosed-Bridge: 	at LSPHooker_.getRunningAppProcesses(Unknown Source:8)

08-06 14:10:34.388  6685  6756 I LSPosed-Bridge: 	at LSPHooker_.getRunningAppProcesses(Unknown Source:8)

08-06 14:10:34.388  6685  6756 I LSPosed-Bridge: 	at com.ss.android.message.util.ToolUtils.isMainProcessStart(SourceFile:2)

08-06 14:10:34.388  6685  6756 I LSPosed-Bridge: 	at com.ss.android.message.util.ToolUtils.isMainProcessStart(SourceFile:2)

08-06 14:10:34.388  6685  6756 I LSPosed-Bridge: 	at com.ss.android.pushmanager.setting.PushMultiProcessSharedProvider.allowStartOthersProcess(SourceFile:2)

