08-06 14:10:34.782  7940  8057 I LSPosed-Bridge: 	at com.ss.android.newmedia.redbadge.RedBadgeController$5.onChange(SourceFile:3)

08-06 14:10:34.782  7940  8057 I LSPosed-Bridge: 	at android.database.ContentObserver.onChange(ContentObserver.java:130)

08-06 14:10:34.782  7940  8057 I LSPosed-Bridge: 	at android.database.ContentObserver.onChange(ContentObserver.java:145)

08-06 14:10:34.782  7940  8057 I LSPosed-Bridge: 	at android.database.ContentObserver$NotificationRunnable.run(ContentObserver.java:216)

08-06 14:10:34.782  7940  8057 I LSPosed-Bridge: 	at android.os.Handler.handleCallback(Handler.java:873)

08-06 14:10:34.782  7940  8057 I LSPosed-Bridge: 	at android.os.Handler.dispatchMessage(Handler.java:99)

08-06 14:10:34.782  7940  8057 I LSPosed-Bridge: 	at android.os.Looper.loop(Looper.java:193)

08-06 14:10:34.782  7940  8057 I LSPosed-Bridge: 	at android.os.HandlerThread.run(HandlerThread.java:65)

08-06 14:10:34.812  7940  8057 I LSPosed-Bridge: 7940 PermLabel permName: android.permission.READ_PHONE_STATE; getRunningAppProcesses =[android.app.ActivityManager$RunningAppProcessInfo@4e7ba0e, android.app.ActivityManager$RunningAppProcessInfo@62eac2f, android.app.ActivityManager$RunningAppProcessInfo@5afd23c]; stacktrace=java.lang.Exception

08-06 14:10:34.812  7940  8057 I LSPosed-Bridge: 	at com.example.permlabel.hookBinder_test$2.afterHookedMethod(hookBinder_test.java:107)

08-06 14:10:34.812  7940  8057 I LSPosed-Bridge: 	at de.robv.android.xposed.XposedBridge$AdditionalHookInfo.callback(Unknown Source:147)

08-06 14:10:34.812  7940  8057 I LSPosed-Bridge: 	at LSPHooker_.getRunningAppProcesses(Unknown Source:8)

08-06 14:10:34.812  7940  8057 I LSPosed-Bridge: 	at com.ss.android.message.util.ToolUtils.isMainProcessStart(SourceFile:2)

08-06 14:10:34.812  7940  8057 I LSPosed-Bridge: 	at com.ss.android.pushmanager.setting.PushMultiProcessSharedProvider.allowStartOthersProcess(SourceFile:2)

08-06 14:10:34.812  7940  8057 I LSPosed-Bridge: 	at com.ss.android.pushmanager.setting.PushMultiProcessSharedProvider$MultiProcessShared.getString(SourceFile:1)

08-06 14:10:34.812  7940  8057 I LSPosed-Bridge: 	at com.ss.android.newmedia.redbadge.setting.RedbadgeSetting.getRedBadgeLastTimeParas(SourceFile:1)

08-06 14:10:34.812  7940  8057 I LSPosed-Bridge: 	at com.ss.android.newmedia.redbadge.RedBadgeController.loadRequestConfig(SourceFile:3)

08-06 14:10:34.812  7940  8057 I LSPosed-Bridge: 	at com.ss.android.newmedia.redbadge.RedBadgeController$5.onChange(SourceFile:3)

08-06 14:10:34.812  7940  8057 I LSPosed-Bridge: 	at android.database.ContentObserver.onChange(ContentObserver.java:130)

08-06 14:10:34.812  7940  8057 I LSPosed-Bridge: 	at android.database.ContentObserver.onChange(ContentObserver.java:145)

08-06 14:10:34.812  7940  8057 I LSPosed-Bridge: 	at android.database.ContentObserver$NotificationRunnable.run(ContentObserver.java:216)

08-06 14:10:34.812  7940  8057 I LSPosed-Bridge: 	at android.os.Handler.handleCallback(Handler.java:873)

08-06 14:10:34.812  7940  8057 I LSPosed-Bridge: 	at android.os.Handler.dispatchMessage(Handler.java:99)

08-06 14:10:34.812  7940  8057 I LSPosed-Bridge: 	at android.os.Looper.loop(Looper.java:193)

08-06 14:10:34.812  7940  8057 I LSPosed-Bridge: 	at android.os.HandlerThread.run(HandlerThread.java:65)

08-06 14:10:35.917  7940  8057 I LSPosed-Bridge: 7940 PermLabel permName: android.permission.READ_PHONE_STATE; getRunningAppProcesses =[android.app.ActivityManager$RunningAppProcessInfo@9b34240, android.app.ActivityManager$RunningAppProcessInfo@d02e579, android.app.ActivityManager$RunningAppProcessInfo@bcc2be]; stacktrace=java.lang.Exception

08-06 14:10:35.917  7940  8057 I LSPosed-Bridge: 	at com.example.permlabel.hookBinder_test$2.afterHookedMethod(hookBinder_test.java:107)

08-06 14:10:35.917  7940  8057 I LSPosed-Bridge: 	at de.robv.android.xposed.XposedBridge$AdditionalHookInfo.callback(Unknown Source:147)

08-06 14:10:35.917  7940  8057 I LSPosed-Bridge: 	at LSPHooker_.getRunningAppProcesses(Unknown Source:8)

08-06 14:10:35.917  7940  8057 I LSPosed-Bridge: 	at com.ss.android.message.util.ToolUtils.isMainProcessStart(SourceFile:2)

08-06 14:10:35.917  7940  8057 I LSPosed-Bridge: 	at com.ss.android.pushmanager.setting.PushMultiProcessSharedProvider.allowStartOthersProcess(SourceFile:2)

08-06 14:10:35.917  7940  8057 I LSPosed-Bridge: 	at com.ss.android.pushmanager.setting.PushMultiProcessSharedProvider$MultiProcessShared.getString(SourceFile:1)

08-06 14:10:35.917  7940  8057 I LSPosed-Bridge: 	at com.ss.android.newmedia.redbadge.setting.RedbadgeSetting.getRedBadgeLastLastTimeParas(SourceFile:1)

08-06 14:10:35.917  7940  8057 I LSPosed-Bridge: 	at com.ss.android.newmedia.redbadge.RedBadgeController.loadRequestConfig(SourceFile:4)

08-06 14:10:35.917  7940  8057 I LSPosed-Bridge: 	at com.ss.android.newmedia.redbadge.RedBadgeController$5.onChange(SourceFile:3)

08-06 14:10:35.917  7940  8057 I LSPosed-Bridge: 	at android.database.ContentObserver.onChange(ContentObserver.java:130)

08-06 14:10:35.917  7940  8057 I LSPosed-Bridge: 	at android.database.ContentObserver.onChange(ContentObserver.java:145)

08-06 14:10:35.917  7940  8057 I LSPosed-Bridge: 	at android.database.ContentObserver$NotificationRunnable.run(ContentObserver.java:216)

08-06 14:10:35.917  7940  8057 I LSPosed-Bridge: 	at android.os.Handler.handleCallback(Handler.java:873)

08-06 14:10:35.917  7940  8057 I LSPosed-Bridge: 	at android.os.Handler.dispatchMessage(Handler.java:99)

08-06 14:10:35.917  7940  8057 I LSPosed-Bridge: 	at android.os.Looper.loop(Looper.java:193)

08-06 14:10:35.917  7940  8057 I LSPosed-Bridge: 	at android.os.HandlerThread.run(HandlerThread.java:65)

08-06 14:11:05.396  6685  6756 I LSPosed-Bridge: 6685 PermLabel permName: android.permission.READ_PHONE_STATE; getRunningAppProcesses =[android.app.ActivityManager$RunningAppProcessInfo@fcf835c, android.app.ActivityManager$RunningAppProcessInfo@a892665, android.app.ActivityManager$RunningAppProcessInfo@d364f3a]; stacktrace=java.lang.Exception

08-06 14:11:05.396  6685  6756 I LSPosed-Bridge: 	at com.example.permlabel.hookBinder_test$2.afterHookedMethod(hookBinder_test.java:107)

08-06 14:11:05.396  6685  6756 I LSPosed-Bridge: 	at de.robv.android.xposed.XposedBridge$AdditionalHookInfo.callback(Unknown Source:147)

08-06 14:11:05.396  6685  6756 I LSPosed-Bridge: 	at LSPHooker_.getRunningAppProcesses(Unknown Source:8)

08-06 14:11:05.396  6685  6756 I LSPosed-Bridge: 	at com.ss.android.message.util.ToolUtils.isMainProcessStart(SourceFile:2)

08-06 14:11:05.396  6685  6756 I LSPosed-Bridge: 	at com.ss.android.pushmanager.setting.PushMultiProcessSharedProvider.allowStartOthersProcess(SourceFile:2)

08-06 14:11:05.396  6685  6756 I LSPosed-Bridge: 	at com.ss.android.pushmanager.setting.PushMultiProcessSharedProvider$Editor.apply(SourceFile:1)

08-06 14:11:05.396  6685  6756 I LSPosed-Bridge: 	at com.ss.android.newmedia.redbadge.setting.RedbadgeSetting.setRedBadgeLaunchTimes(SourceFile:1)

08-06 14:11:05.396  6685  6756 I LSPosed-Bridge: 	at com.ss.android.newmedia.redbadge.RedBadgeControlClient.saveTimeParas(SourceFile:1)

08-06 14:11:05.396  6685  6756 I LSPosed-Bridge: 	at com.ss.android.newmedia.redbadge.RedBadgeControlClient.handleTimeParasChange(SourceFile:19)

08-06 14:11:05.396  6685  6756 I LSPosed-Bridge: 	at com.ss.android.newmedia.redbadge.RedBadgeControlClient.handleMsg(SourceFile:7)

08-06 14:11:05.396  6685  6756 I LSPosed-Bridge: 	at com.bytedance.common.utility.collection.WeakHandler.handleMessage(SourceFile:2)

08-06 14:11:05.396  6685  6756 I LSPosed-Bridge: 	at android.os.Handler.dispatchMessage(Handler.java:106)

08-06 14:11:05.396  6685  6756 I LSPosed-Bridge: 	at android.os.Looper.loop(Looper.java:193)

08-06 14:11:05.396  6685  6756 I LSPosed-Bridge: 	at android.os.HandlerThread.run(HandlerThread.java:65)

08-06 14:11:05.420  6685  6756 I LSPosed-Bridge: 6685 PermLabel hookBinder_test 10122 interfaceBinder =android.app.IActivityManager; arg0 = 81; arg1 = android.os.Parcel@55c7e2e; arg2 = android.os.Parcel@507a8a9; arg3 = 0; res = true; stacktrace=java.lang.Exception

08-06 14:11:05.420  6685  6756 I LSPosed-Bridge: 	at com.example.permlabel.hookBinder_test$1.afterHookedMethod(hookBinder_test.java:67)

08-06 14:11:05.420  6685  6756 I LSPosed-Bridge: 	at de.robv.android.xposed.XposedBridge$AdditionalHookInfo.callback(Unknown Source:147)

08-06 14:11:05.420  6685  6756 I LSPosed-Bridge: 	at LSPHooker_.transact(Unknown Source:28)

08-06 14:11:05.420  6685  6756 I LSPosed-Bridge: 	at android.app.IActivityManager$Stub$Proxy.getRunningAppProcesses(IActivityManager.java:5366)

08-06 14:11:05.420  6685  6756 I LSPosed-Bridge: 	at android.app.ActivityManager.getRunningAppProcesses(ActivityManager.java:3435)

08-06 14:11:05.420  6685  6756 I LSPosed-Bridge: 	at java.lang.reflect.Method.invoke(Native Method)

08-06 14:11:05.420  6685  6756 I LSPosed-Bridge: 	at org.lsposed.lspd.nativebridge.HookBridge.invokeOriginalMethod(Native Method)

08-06 14:11:05.420  6685  6756 I LSPosed-Bridge: 	at de.robv.android.xposed.XposedBridge$AdditionalHookInfo.callback(Unknown Source:110)

08-06 14:11:05.420  6685  6756 I LSPosed-Bridge: 	at LSPHooker_.getRunningAppProcesses(Unknown Source:8)

08-06 14:11:05.420  6685  6756 I LSPosed-Bridge: 	at com.ss.android.message.util.ToolUtils.isMainProcessStart(SourceFile:2)

08-06 14:11:05.420  6685  6756 I LSPosed-Bridge: 	at com.ss.android.pushmanager.setting.PushMultiProcessSharedProvider.allowStartOthersProcess(SourceFile:2)

08-06 14:11:05.420  6685  6756 I LSPosed-Bridge: 	at com.ss.android.pushmanager.setting.PushMultiProcessSharedProvider$Editor.apply(SourceFile:1)

08-06 14:11:05.420  6685  6756 I LSPosed-Bridge: 	at com.ss.android.newmedia.redbadge.setting.RedbadgeSetting.setRedBadgeBadgeShowTimes(SourceFile:1)

08-06 14:11:05.420  6685  6756 I LSPosed-Bridge: 	at com.ss.android.newmedia.redbadge.RedBadgeControlClient.saveTimeParas(SourceFile:2)

08-06 14:11:05.420  6685  6756 I LSPosed-Bridge: 	at com.ss.android.newmedia.redbadge.RedBadgeControlClient.handleTimeParasChange(SourceFile:19)

08-06 14:11:05.420  6685  6756 I LSPosed-Bridge: 	at com.ss.android.newmedia.redbadge.RedBadgeControlClient.handleMsg(SourceFile:7)

08-06 14:11:05.420  6685  6756 I LSPosed-Bridge: 	at com.bytedance.common.utility.collection.WeakHandler.handleMessage(SourceFile:2)

08-06 14:11:05.420  6685  6756 I LSPosed-Bridge: 	at android.os.Handler.dispatchMessage(Handler.java:106)

08-06 14:11:05.420  6685  6756 I LSPosed-Bridge: 	at android.os.Looper.loop(Looper.java:193)

08-06 14:11:05.420  6685  6756 I LSPosed-Bridge: 	at android.os.HandlerThread.run(HandlerThread.java:65)

08-06 14:11:05.420  6685  6756 I LSPosed-Bridge: 6685 PermLabel getRunningAppProcesses =android.app.ActivityManager$RunningAppProcessInfo@33f0e19

08-06 14:11:05.420  6685  6756 I LSPosed-Bridge: 6685 PermLabel getRunningAppProcesses processName: com.lemon.faceu pid: 6685

08-06 14:11:05.420  6685  6756 I LSPosed-Bridge: 6685 PermLabel getRunningAppProcesses importance: 100 pid: 6685

08-06 14:11:05.420  6685  6756 I LSPosed-Bridge: 6685 PermLabel getRunningAppProcesses packageName com.lemon.faceu at index 0 in process 6685

08-06 14:11:05.420  6685  6756 I LSPosed-Bridge: 6685 PermLabel getRunningAppProcesses =android.app.ActivityManager$RunningAppProcessInfo@87acede

08-06 14:11:05.420  6685  6756 I LSPosed-Bridge: 6685 PermLabel getRunningAppProcesses processName: com.lemon.faceu:push pid: 7940

08-06 14:11:05.420  6685  6756 I LSPosed-Bridge: 6685 PermLabel getRunningAppProcesses importance: 100 pid: 7940

08-06 14:11:05.420  6685  6756 I LSPosed-Bridge: 6685 PermLabel getRunningAppProcesses packageName com.lemon.faceu at index 0 in process 7940

08-06 14:11:05.420  6685  6756 I LSPosed-Bridge: 6685 PermLabel getRunningAppProcesses =android.app.ActivityManager$RunningAppProcessInfo@505e8bf

08-06 14:11:05.420  6685  6756 I LSPosed-Bridge: 6685 PermLabel getRunningAppProcesses processName: com.lemon.faceu:pushservice pid: 7918

08-06 14:11:05.420  6685  6756 I LSPosed-Bridge: 6685 PermLabel getRunningAppProcesses importance: 100 pid: 7918

08-06 14:11:05.420  6685  6756 I LSPosed-Bridge: 6685 PermLabel getRunningAppProcesses packageName com.lemon.faceu at index 0 in process 7918

08-06 14:11:05.420  6685  6756 I LSPosed-Bridge: 6685 PermLabel permName: android.permission.READ_PHONE_STATE; getRunningAppProcesses =[android.app.ActivityManager$RunningAppProcessInfo@33f0e19, android.app.ActivityManager$RunningAppProcessInfo@87acede, android.app.ActivityManager$RunningAppProcessInfo@505e8bf]; stacktrace=java.lang.Exception

08-06 14:11:05.420  6685  6756 I LSPosed-Bridge: 	at com.example.permlabel.hookBinder_test$2.afterHookedMethod(hookBinder_test.java:107)

08-06 14:11:05.420  6685  6756 I LSPosed-Bridge: 	at de.robv.android.xposed.XposedBridge$AdditionalHookInfo.callback(Unknown Source:147)

08-06 14:11:05.420  6685  6756 I LSPosed-Bridge: 	at LSPHooker_.getRunningAppProcesses(Unknown Source:8)

08-06 14:11:05.420  6685  6756 I LSPosed-Bridge: 	at com.ss.android.message.util.ToolUtils.isMainProcessStart(SourceFile:2)

08-06 14:11:05.420  6685  6756 I LSPosed-Bridge: 	at com.ss.android.pushmanager.setting.PushMultiProcessSharedProvider.allowStartOthersProcess(SourceFile:2)

08-06 14:11:05.420  6685  6756 I LSPosed-Bridge: 	at com.ss.android.pushmanager.setting.PushMultiProcessSharedProvider$Editor.apply(SourceFile:1)

08-06 14:11:05.420  6685  6756 I LSPosed-Bridge: 	at com.ss.android.newmedia.redbadge.setting.RedbadgeSetting.setRedBadgeBadgeShowTimes(SourceFile:1)

08-06 14:11:05.420  6685  6756 I LSPosed-Bridge: 	at com.ss.android.newmedia.redbadge.RedBadgeControlClient.saveTimeParas(SourceFile:2)

08-06 14:11:05.420  6685  6756 I LSPosed-Bridge: 	at com.ss.android.newmedia.redbadge.RedBadgeControlClient.handleTimeParasChange(SourceFile:19)

08-06 14:11:05.420  6685  6756 I LSPosed-Bridge: 	at com.ss.android.newmedia.redbadge.RedBadgeControlClient.handleMsg(SourceFile:7)

08-06 14:11:05.420  6685  6756 I LSPosed-Bridge: 	at com.bytedance.common.utility.collection.WeakHandler.handleMessage(SourceFile:2)

08-06 14:11:05.420  6685  6756 I LSPosed-Bridge: 	at android.os.Handler.dispatchMessage(Handler.java:106)

08-06 14:11:05.420  6685  6756 I LSPosed-Bridge: 	at android.os.Looper.loop(Looper.java:193)

08-06 14:11:05.420  6685  6756 I LSPosed-Bridge: 	at android.os.HandlerThread.run(HandlerThread.java:65)

08-06 14:11:05.439  6685  6756 I LSPosed-Bridge: 6685 PermLabel getRunningAppProcesses =android.app.ActivityManager$RunningAppProcessInfo@ea7c478

08-06 14:11:05.439  6685  6756 I LSPosed-Bridge: 6685 PermLabel getRunningAppProcesses processName: com.lemon.faceu pid: 6685

08-06 14:11:05.439  6685  6756 I LSPosed-Bridge: 6685 PermLabel getRunningAppProcesses importance: 100 pid: 6685

08-06 14:11:05.439  6685  6756 I LSPosed-Bridge: 6685 PermLabel getRunningAppProcesses packageName com.lemon.faceu at index 0 in process 6685

08-06 14:11:05.439  6685  6756 I LSPosed-Bridge: 6685 PermLabel getRunningAppProcesses =android.app.ActivityManager$RunningAppProcessInfo@81b6751

08-06 14:11:05.439  6685  6756 I LSPosed-Bridge: 6685 PermLabel getRunningAppProcesses processName: com.lemon.faceu:push pid: 7940

08-06 14:11:05.439  6685  6756 I LSPosed-Bridge: 6685 PermLabel getRunningAppProcesses importance: 100 pid: 7940

08-06 14:11:05.439  6685  6756 I LSPosed-Bridge: 6685 PermLabel getRunningAppProcesses packageName com.lemon.faceu at index 0 in process 7940

08-06 14:11:05.439  6685  6756 I LSPosed-Bridge: 6685 PermLabel getRunningAppProcesses =android.app.ActivityManager$RunningAppProcessInfo@6cbdbb6

08-06 14:11:05.439  6685  6756 I LSPosed-Bridge: 6685 PermLabel getRunningAppProcesses processName: com.lemon.faceu:pushservice pid: 7918

08-06 14:11:05.439  6685  6756 I LSPosed-Bridge: 6685 PermLabel getRunningAppProcesses importance: 100 pid: 7918

08-06 14:11:05.439  6685  6756 I LSPosed-Bridge: 6685 PermLabel getRunningAppProcesses packageName com.lemon.faceu at index 0 in process 7918

08-06 14:11:05.439   548   548 I ConfigStore: android::hardware::configstore::V1_0::ISurfaceFlingerConfigs::hasHDRDisplay retrieved: 0

08-06 14:11:05.439  6685  6756 I LSPosed-Bridge: 6685 PermLabel permName: android.permission.READ_PHONE_STATE; getRunningAppProcesses =[android.app.ActivityManager$RunningAppProcessInfo@ea7c478, android.app.ActivityManager$RunningAppProcessInfo@81b6751, android.app.ActivityManager$RunningAppProcessInfo@6cbdbb6]; stacktrace=java.lang.Exception

08-06 14:11:05.439  6685  6756 I LSPosed-Bridge: 	at com.example.permlabel.hookBinder_test$2.afterHookedMethod(hookBinder_test.java:107)

08-06 14:11:05.439  6685  6756 I LSPosed-Bridge: 	at de.robv.android.xposed.XposedBridge$AdditionalHookInfo.callback(Unknown Source:147)

08-06 14:11:05.439  6685  6756 I LSPosed-Bridge: 	at LSPHooker_.getRunningAppProcesses(Unknown Source:8)

08-06 14:11:05.439  6685  6756 I LSPosed-Bridge: 	at com.ss.android.message.util.ToolUtils.isMainProcessStart(SourceFile:2)

08-06 14:11:05.439  6685  6756 I LSPosed-Bridge: 	at com.ss.android.pushmanager.setting.PushMultiProcessSharedProvider.allowStartOthersProcess(SourceFile:2)

08-06 14:11:05.439  6685  6756 I LSPosed-Bridge: 	at com.ss.android.pushmanager.setting.PushMultiProcessSharedProvider$Editor.apply(SourceFile:1)

08-06 14:11:05.439  6685  6756 I LSPosed-Bridge: 	at com.ss.android.newmedia.redbadge.setting.RedbadgeSetting.setRedBadgeLastTimeParas(SourceFile:1)

08-06 14:11:05.439  6685  6756 I LSPosed-Bridge: 	at com.ss.android.newmedia.redbadge.RedBadgeControlClient.saveTimeParas(SourceFile:3)

08-06 14:11:05.439  6685  6756 I LSPosed-Bridge: 	at com.ss.android.newmedia.redbadge.RedBadgeControlClient.handleTimeParasChange(SourceFile:19)

08-06 14:11:05.439  6685  6756 I LSPosed-Bridge: 	at com.ss.android.newmedia.redbadge.RedBadgeControlClient.handleMsg(SourceFile:7)

08-06 14:11:05.439  6685  6756 I LSPosed-Bridge: 	at com.bytedance.common.utility.collection.WeakHandler.handleMessage(SourceFile:2)

08-06 14:11:05.439  6685  6756 I LSPosed-Bridge: 	at android.os.Handler.dispatchMessage(Handler.java:106)

08-06 14:11:05.439  6685  6756 I LSPosed-Bridge: 	at android.os.Looper.loop(Looper.java:193)

08-06 14:11:05.439  6685  6756 I LSPosed-Bridge: 	at android.os.HandlerThread.run(HandlerThread.java:65)

08-06 14:11:05.439   548   548 I ConfigStore: android::hardware::configstore::V1_0::ISurfaceFlingerConfigs::hasHDRDisplay retrieved: 0

08-06 14:11:05.450  6685  6756 I LSPosed-Bridge: 6685 PermLabel hookBinder_test 10122 interfaceBinder =android.content.IContentService; arg0 = 3; arg1 = android.os.Parcel@28b004a; arg2 = android.os.Parcel@b6b6f58; arg3 = 0; res = true; stacktrace=java.lang.Exception

08-06 14:11:05.450  6685  6756 I LSPosed-Bridge: 	at com.example.permlabel.hookBinder_test$1.afterHookedMethod(hookBinder_test.java:67)

08-06 14:11:05.450  6685  6756 I LSPosed-Bridge: 	at de.robv.android.xposed.XposedBridge$AdditionalHookInfo.callback(Unknown Source:147)

08-06 14:11:05.450  6685  6756 I LSPosed-Bridge: 	at LSPHooker_.transact(Unknown Source:28)

08-06 14:11:05.450  6685  6756 I LSPosed-Bridge: 	at android.content.IContentService$Stub$Proxy.notifyChange(IContentService.java:811)

08-06 14:11:05.450  6685  6756 I LSPosed-Bridge: 	at android.content.ContentResolver.notifyChange(ContentResolver.java:2099)

08-06 14:11:05.450  6685  6756 I LSPosed-Bridge: 	at android.content.ContentResolver.notifyChange(ContentResolver.java:2050)

08-06 14:11:05.450  6685  6756 I LSPosed-Bridge: 	at android.content.ContentResolver.notifyChange(ContentResolver.java:2020)

08-06 14:11:05.450  6685  6756 I LSPosed-Bridge: 	at com.ss.android.pushmanager.setting.PushMultiProcessSharedProvider.notifyContentChanged(SourceFile:1)

08-06 14:11:05.450  6685  6756 I LSPosed-Bridge: 	at com.ss.android.pushmanager.setting.PushMultiProcessSharedProvider.access$000(SourceFile:1)

08-06 14:11:05.450  6685  6756 I LSPosed-Bridge: 	at com.ss.android.pushmanager.setting.PushMultiProcessSharedProvider$1.run(SourceFile:1)

08-06 14:11:05.450  6685  6756 I LSPosed-Bridge: 	at com.ss.android.pushmanager.setting.PushMultiProcessSharedProvider.insert(SourceFile:41)

08-06 14:11:05.450  6685  6756 I LSPosed-Bridge: 	at android.content.ContentProvider$Transport.insert(ContentProvider.java:266)

08-06 14:11:05.450  6685  6756 I LSPosed-Bridge: 	at android.content.ContentResolver.insert(ContentResolver.java:1590)

08-06 14:11:05.450  6685  6756 I LSPosed-Bridge: 	at com.ss.android.pushmanager.setting.PushMultiProcessSharedProvider$Editor.apply(SourceFile:2)

08-06 14:11:05.450  6685  6756 I LSPosed-Bridge: 	at com.ss.android.newmedia.redbadge.setting.RedbadgeSetting.setRedBadgeLastTimeParas(SourceFile:1)

08-06 14:11:05.450  6685  6756 I LSPosed-Bridge: 	at com.ss.android.newmedia.redbadge.RedBadgeControlClient.saveTimeParas(SourceFile:3)

08-06 14:11:05.450  6685  6756 I LSPosed-Bridge: 	at com.ss.android.newmedia.redbadge.RedBadgeControlClient.handleTimeParasChange(SourceFile:19)

08-06 14:11:05.450  6685  6756 I LSPosed-Bridge: 	at com.ss.android.newmedia.redbadge.RedBadgeControlClient.handleMsg(SourceFile:7)

08-06 14:11:05.450  6685  6756 I LSPosed-Bridge: 	at com.bytedance.common.utility.collection.WeakHandler.handleMessage(SourceFile:2)

08-06 14:11:05.450  6685  6756 I LSPosed-Bridge: 	at android.os.Handler.dispatchMessage(Handler.java:106)

08-06 14:11:05.450  6685  6756 I LSPosed-Bridge: 	at android.os.Looper.loop(Looper.java:193)

08-06 14:11:05.450  6685  6756 I LSPosed-Bridge: 	at android.os.HandlerThread.run(HandlerThread.java:65)

08-06 14:11:05.450  7940  8057 I LSPosed-Bridge: 7940 PermLabel hookBinder_test 10122 interfaceBinder =android.app.IActivityManager; arg0 = 81; arg1 = android.os.Parcel@8f4ec55; arg2 = android.os.Parcel@2ce8064; arg3 = 0; res = true; stacktrace=java.lang.Exception

08-06 14:11:05.450  7940  8057 I LSPosed-Bridge: 	at com.example.permlabel.hookBinder_test$1.afterHookedMethod(hookBinder_test.java:67)

08-06 14:11:05.450  7940  8057 I LSPosed-Bridge: 	at de.robv.android.xposed.XposedBridge$AdditionalHookInfo.callback(Unknown Source:147)

08-06 14:11:05.450  7940  8057 I LSPosed-Bridge: 	at LSPHooker_.transact(Unknown Source:28)

08-06 14:11:05.450  7940  8057 I LSPosed-Bridge: 	at android.app.IActivityManager$Stub$Proxy.getRunningAppProcesses(IActivityManager.java:5366)

08-06 14:11:05.450  7940  8057 I LSPosed-Bridge: 	at android.app.ActivityManager.getRunningAppProcesses(ActivityManager.java:3435)

08-06 14:11:05.450  7940  8057 I LSPosed-Bridge: 	at java.lang.reflect.Method.invoke(Native Method)

08-06 14:11:05.450  7940  8057 I LSPosed-Bridge: 	at org.lsposed.lspd.nativebridge.HookBridge.invokeOriginalMethod(Native Method)

08-06 14:11:05.450  7940  8057 I LSPosed-Bridge: 	at de.robv.android.xposed.XposedBridge$AdditionalHookInfo.callback(Unknown Source:110)

08-06 14:11:05.450  7940  8057 I LSPosed-Bridge: 	at LSPHooker_.getRunningAppProcesses(Unknown Source:8)

08-06 14:11:05.450  7940  8057 I LSPosed-Bridge: 	at com.ss.android.message.util.ToolUtils.isMainProcessStart(SourceFile:2)

08-06 14:11:05.450  7940  8057 I LSPosed-Bridge: 	at com.ss.android.pushmanager.setting.PushMultiProcessSharedProvider.allowStartOthersProcess(SourceFile:2)

08-06 14:11:05.450  7940  8057 I LSPosed-Bridge: 	at com.ss.android.pushmanager.setting.PushMultiProcessSharedProvider$MultiProcessShared.getLong(SourceFile:1)

08-06 14:11:05.450  7940  8057 I LSPosed-Bridge: 	at com.ss.android.newmedia.redbadge.setting.RedbadgeSetting.getRedBadgeLastRequestTime(SourceFile:1)

08-06 14:11:05.450  7940  8057 I LSPosed-Bridge: 	at com.ss.android.newmedia.redbadge.RedBadgeController.loadRequestConfig(SourceFile:1)

08-06 14:11:05.450  7940  8057 I LSPosed-Bridge: 	at com.ss.android.newmedia.redbadge.RedBadgeController$5.onChange(SourceFile:3)

08-06 14:11:05.450  7940  8057 I LSPosed-Bridge: 	at android.database.ContentObserver.onChange(ContentObserver.java:130)

08-06 14:11:05.450  7940  8057 I LSPosed-Bridge: 	at android.database.ContentObserver.onChange(ContentObserver.java:145)

08-06 14:11:05.450  7940  8057 I LSPosed-Bridge: 	at android.database.ContentObserver$NotificationRunnable.run(ContentObserver.java:216)

08-06 14:11:05.450  7940  8057 I LSPosed-Bridge: 	at android.os.Handler.handleCallback(Handler.java:873)

08-06 14:11:05.450  7940  8057 I LSPosed-Bridge: 	at android.os.Handler.dispatchMessage(Handler.java:99)

08-06 14:11:05.450  7940  8057 I LSPosed-Bridge: 	at android.os.Looper.loop(Looper.java:193)

08-06 14:11:05.450  7940  8057 I LSPosed-Bridge: 	at android.os.HandlerThread.run(HandlerThread.java:65)

08-06 14:11:05.450  7940  8057 I LSPosed-Bridge: 7940 PermLabel getRunningAppProcesses =android.app.ActivityManager$RunningAppProcessInfo@15c60ed

08-06 14:11:05.450  7940  8057 I LSPosed-Bridge: 7940 PermLabel getRunningAppProcesses processName: com.lemon.faceu pid: 6685

08-06 14:11:05.450  7940  8057 I LSPosed-Bridge: 7940 PermLabel getRunningAppProcesses importance: 100 pid: 6685

08-06 14:11:05.450  7940  8057 I LSPosed-Bridge: 7940 PermLabel getRunningAppProcesses packageName com.lemon.faceu at index 0 in process 6685

08-06 14:11:05.450  7940  8057 I LSPosed-Bridge: 7940 PermLabel getRunningAppProcesses =android.app.ActivityManager$RunningAppProcessInfo@e2bab22

08-06 14:11:05.450  7940  8057 I LSPosed-Bridge: 7940 PermLabel getRunningAppProcesses processName: com.lemon.faceu:push pid: 7940

08-06 14:11:05.450  7940  8057 I LSPosed-Bridge: 7940 PermLabel getRunningAppProcesses importance: 100 pid: 7940

08-06 14:11:05.450  7940  8057 I LSPosed-Bridge: 7940 PermLabel getRunningAppProcesses packageName com.lemon.faceu at index 0 in process 7940

08-06 14:11:05.450  7940  8057 I LSPosed-Bridge: 7940 PermLabel getRunningAppProcesses =android.app.ActivityManager$RunningAppProcessInfo@50869b3

08-06 14:11:05.450  7940  8057 I LSPosed-Bridge: 7940 PermLabel getRunningAppProcesses processName: com.lemon.faceu:pushservice pid: 7918

08-06 14:11:05.450  7940  8057 I LSPosed-Bridge: 7940 PermLabel getRunningAppProcesses importance: 100 pid: 7918

08-06 14:11:05.450  7940  8057 I LSPosed-Bridge: 7940 PermLabel getRunningAppProcesses packageName com.lemon.faceu at index 0 in process 7918

08-06 14:11:05.450  7940  8057 I LSPosed-Bridge: 7940 PermLabel permName: android.permission.READ_PHONE_STATE; getRunningAppProcesses =[android.app.ActivityManager$RunningAppProcessInfo@15c60ed, android.app.ActivityManager$RunningAppProcessInfo@e2bab22, android.app.ActivityManager$RunningAppProcessInfo@50869b3]; stacktrace=java.lang.Exception

08-06 14:11:05.450  7940  8057 I LSPosed-Bridge: 	at com.example.permlabel.hookBinder_test$2.afterHookedMethod(hookBinder_test.java:107)

08-06 14:11:05.450  7940  8057 I LSPosed-Bridge: 	at de.robv.android.xposed.XposedBridge$AdditionalHookInfo.callback(Unknown Source:147)

08-06 14:11:05.450  7940  8057 I LSPosed-Bridge: 	at LSPHooker_.getRunningAppProcesses(Unknown Source:8)

08-06 14:11:05.450  7940  8057 I LSPosed-Bridge: 	at com.ss.android.message.util.ToolUtils.isMainProcessStart(SourceFile:2)

08-06 14:11:05.450  7940  8057 I LSPosed-Bridge: 	at com.ss.android.pushmanager.setting.PushMultiProcessSharedProvider.allowStartOthersProcess(SourceFile:2)

08-06 14:11:05.450  7940  8057 I LSPosed-Bridge: 	at com.ss.android.pushmanager.setting.PushMultiProcessSharedProvider$MultiProcessShared.getLong(SourceFile:1)

08-06 14:11:05.450  7940  8057 I LSPosed-Bridge: 	at com.ss.android.newmedia.redbadge.setting.RedbadgeSetting.getRedBadgeLastRequestTime(SourceFile:1)

08-06 14:11:05.450  7940  8057 I LSPosed-Bridge: 	at com.ss.android.newmedia.redbadge.RedBadgeController.loadRequestConfig(SourceFile:1)

08-06 14:11:05.450  7940  8057 I LSPosed-Bridge: 	at com.ss.android.newmedia.redbadge.RedBadgeController$5.onChange(SourceFile:3)

08-06 14:11:05.450  7940  8057 I LSPosed-Bridge: 	at android.database.ContentObserver.onChange(ContentObserver.java:130)

08-06 14:11:05.450  7940  8057 I LSPosed-Bridge: 	at android.database.ContentObserver.onChange(ContentObserver.java:145)

08-06 14:11:05.450  7940  8057 I LSPosed-Bridge: 	at android.database.ContentObserver$NotificationRunnable.run(ContentObserver.java:216)

08-06 14:11:05.450  7940  8057 I LSPosed-Bridge: 	at android.os.Handler.handleCallback(Handler.java:873)

08-06 14:11:05.450  7940  8057 I LSPosed-Bridge: 	at android.os.Handler.dispatchMessage(Handler.java:99)

08-06 14:11:05.450  7940  8057 I LSPosed-Bridge: 	at android.os.Looper.loop(Looper.java:193)

08-06 14:11:05.450  7940  8057 I LSPosed-Bridge: 	at android.os.HandlerThread.run(HandlerThread.java:65)

08-06 14:11:05.453  6685  6756 I LSPosed-Bridge: 6685 PermLabel hookBinder_test 10122 interfaceBinder =android.app.IActivityManager; arg0 = 81; arg1 = android.os.Parcel@b6b6f58; arg2 = android.os.Parcel@28b004a; arg3 = 0; res = true; stacktrace=java.lang.Exception

08-06 14:11:05.453  6685  6756 I LSPosed-Bridge: 	at com.example.permlabel.hookBinder_test$1.afterHookedMethod(hookBinder_test.java:67)

08-06 14:11:05.453  6685  6756 I LSPosed-Bridge: 	at de.robv.android.xposed.XposedBridge$AdditionalHookInfo.callback(Unknown Source:147)

08-06 14:11:05.453  6685  6756 I LSPosed-Bridge: 	at LSPHooker_.transact(Unknown Source:28)

08-06 14:11:05.453  6685  6756 I LSPosed-Bridge: 	at android.app.IActivityManager$Stub$Proxy.getRunningAppProcesses(IActivityManager.java:5366)

08-06 14:11:05.453  6685  6756 I LSPosed-Bridge: 	at android.app.ActivityManager.getRunningAppProcesses(ActivityManager.java:3435)

08-06 14:11:05.453  6685  6756 I LSPosed-Bridge: 	at java.lang.reflect.Method.invoke(Native Method)

08-06 14:11:05.453  6685  6756 I LSPosed-Bridge: 	at org.lsposed.lspd.nativebridge.HookBridge.invokeOriginalMethod(Native Method)

08-06 14:11:05.453  6685  6756 I LSPosed-Bridge: 	at de.robv.android.xposed.XposedBridge$AdditionalHookInfo.callback(Unknown Source:110)

08-06 14:11:05.453  6685  6756 I LSPosed-Bridge: 	at LSPHooker_.getRunningAppProcesses(Unknown Source:8)

08-06 14:11:05.453  6685  6756 I LSPosed-Bridge: 	at com.ss.android.message.util.ToolUtils.isMainProcessStart(SourceFile:2)

08-06 14:11:05.453  6685  6756 I LSPosed-Bridge: 	at com.ss.android.pushmanager.setting.PushMultiProcessSharedProvider.allowStartOthersProcess(SourceFile:2)

08-06 14:11:05.453  6685  6756 I LSPosed-Bridge: 	at com.ss.android.pushmanager.setting.PushMultiProcessSharedProvider$Editor.apply(SourceFile:1)

08-06 14:11:05.453  6685  6756 I LSPosed-Bridge: 	at com.ss.android.newmedia.redbadge.setting.RedbadgeSetting.setRedBadgeLastLastTimeParas(SourceFile:1)

08-06 14:11:05.453  6685  6756 I LSPosed-Bridge: 	at com.ss.android.newmedia.redbadge.RedBadgeControlClient.saveTimeParas(SourceFile:4)

08-06 14:11:05.453  6685  6756 I LSPosed-Bridge: 	at com.ss.android.newmedia.redbadge.RedBadgeControlClient.handleTimeParasChange(SourceFile:19)

08-06 14:11:05.453  6685  6756 I LSPosed-Bridge: 	at com.ss.android.newmedia.redbadge.RedBadgeControlClient.handleMsg(SourceFile:7)

08-06 14:11:05.453  6685  6756 I LSPosed-Bridge: 	at com.bytedance.common.utility.collection.WeakHandler.handleMessage(SourceFile:2)

08-06 14:11:05.453  6685  6756 I LSPosed-Bridge: 	at android.os.Handler.dispatchMessage(Handler.java:106)

08-06 14:11:05.453  6685  6756 I LSPosed-Bridge: 	at android.os.Looper.loop(Looper.java:193)

08-06 14:11:05.453  6685  6756 I LSPosed-Bridge: 	at android.os.HandlerThread.run(HandlerThread.java:65)

08-06 14:11:05.453  6685  6756 I LSPosed-Bridge: 6685 PermLabel getRunningAppProcesses =android.app.ActivityManager$RunningAppProcessInfo@3507faf

08-06 14:11:05.453  6685  6756 I LSPosed-Bridge: 6685 PermLabel getRunningAppProcesses processName: com.lemon.faceu pid: 6685

08-06 14:11:05.453  6685  6756 I LSPosed-Bridge: 6685 PermLabel getRunningAppProcesses importance: 100 pid: 6685

08-06 14:11:05.453  6685  6756 I LSPosed-Bridge: 6685 PermLabel getRunningAppProcesses packageName com.lemon.faceu at index 0 in process 6685

08-06 14:11:05.453  6685  6756 I LSPosed-Bridge: 6685 PermLabel getRunningAppProcesses =android.app.ActivityManager$RunningAppProcessInfo@87dfbc

08-06 14:11:05.453  6685  6756 I LSPosed-Bridge: 6685 PermLabel getRunningAppProcesses processName: com.lemon.faceu:push pid: 7940

08-06 14:11:05.453  6685  6756 I LSPosed-Bridge: 6685 PermLabel getRunningAppProcesses importance: 100 pid: 7940

08-06 14:11:05.453  6685  6756 I LSPosed-Bridge: 6685 PermLabel getRunningAppProcesses packageName com.lemon.faceu at index 0 in process 7940

08-06 14:11:05.453  6685  6756 I LSPosed-Bridge: 6685 PermLabel getRunningAppProcesses =android.app.ActivityManager$RunningAppProcessInfo@76dbb45

08-06 14:11:05.453  6685  6756 I LSPosed-Bridge: 6685 PermLabel getRunningAppProcesses processName: com.lemon.faceu:pushservice pid: 7918

08-06 14:11:05.453  6685  6756 I LSPosed-Bridge: 6685 PermLabel getRunningAppProcesses importance: 100 pid: 7918

08-06 14:11:05.453  6685  6756 I LSPosed-Bridge: 6685 PermLabel getRunningAppProcesses packageName com.lemon.faceu at index 0 in process 7918

08-06 14:11:05.453  6685  6756 I LSPosed-Bridge: 6685 PermLabel permName: android.permission.READ_PHONE_STATE; getRunningAppProcesses =[android.app.ActivityManager$RunningAppProcessInfo@3507faf, android.app.ActivityManager$RunningAppProcessInfo@87dfbc, android.app.ActivityManager$RunningAppProcessInfo@76dbb45]; stacktrace=java.lang.Exception

08-06 14:11:05.453  6685  6756 I LSPosed-Bridge: 	at com.example.permlabel.hookBinder_test$2.afterHookedMethod(hookBinder_test.java:107)

08-06 14:11:05.453  6685  6756 I LSPosed-Bridge: 	at de.robv.android.xposed.XposedBridge$AdditionalHookInfo.callback(Unknown Source:147)

08-06 14:11:05.453  6685  6756 I LSPosed-Bridge: 	at LSPHooker_.getRunningAppProcesses(Unknown Source:8)

08-06 14:11:05.453  6685  6756 I LSPosed-Bridge: 	at com.ss.android.message.util.ToolUtils.isMainProcessStart(SourceFile:2)

08-06 14:11:05.453  6685  6756 I LSPosed-Bridge: 	at com.ss.android.pushmanager.setting.PushMultiProcessSharedProvider.allowStartOthersProcess(SourceFile:2)

08-06 14:11:05.453  6685  6756 I LSPosed-Bridge: 	at com.ss.android.pushmanager.setting.PushMultiProcessSharedProvider$Editor.apply(SourceFile:1)

08-06 14:11:05.453  6685  6756 I LSPosed-Bridge: 	at com.ss.android.newmedia.redbadge.setting.RedbadgeSetting.setRedBadgeLastLastTimeParas(SourceFile:1)

08-06 14:11:05.453  6685  6756 I LSPosed-Bridge: 	at com.ss.android.newmedia.redbadge.RedBadgeControlClient.saveTimeParas(SourceFile:4)

08-06 14:11:05.453  6685  6756 I LSPosed-Bridge: 	at com.ss.android.newmedia.redbadge.RedBadgeControlClient.handleTimeParasChange(SourceFile:19)

08-06 14:11:05.453  6685  6756 I LSPosed-Bridge: 	at com.ss.android.newmedia.redbadge.RedBadgeControlClient.handleMsg(SourceFile:7)

08-06 14:11:05.453  6685  6756 I LSPosed-Bridge: 	at com.bytedance.common.utility.collection.WeakHandler.handleMessage(SourceFile:2)

08-06 14:11:05.453  6685  6756 I LSPosed-Bridge: 	at android.os.Handler.dispatchMessage(Handler.java:106)

08-06 14:11:05.453  6685  6756 I LSPosed-Bridge: 	at android.os.Looper.loop(Looper.java:193)

08-06 14:11:05.453  6685  6756 I LSPosed-Bridge: 	at android.os.HandlerThread.run(HandlerThread.java:65)

08-06 14:11:05.470  7940  8057 I LSPosed-Bridge: 7940 PermLabel permName: android.permission.READ_PHONE_STATE; getRunningAppProcesses =[android.app.ActivityManager$RunningAppProcessInfo@20dc0a5, android.app.ActivityManager$RunningAppProcessInfo@52b7c7a, android.app.ActivityManager$RunningAppProcessInfo@3cd5c2b]; stacktrace=java.lang.Exception

08-06 14:11:05.470  7940  8057 I LSPosed-Bridge: 	at com.example.permlabel.hookBinder_test$2.afterHookedMethod(hookBinder_test.java:107)

08-06 14:11:05.470  7940  8057 I LSPosed-Bridge: 	at de.robv.android.xposed.XposedBridge$AdditionalHookInfo.callback(Unknown Source:147)

08-06 14:11:05.470  7940  8057 I LSPosed-Bridge: 	at LSPHooker_.getRunningAppProcesses(Unknown Source:8)

08-06 14:11:05.470  7940  8057 I LSPosed-Bridge: 	at com.ss.android.message.util.ToolUtils.isMainProcessStart(SourceFile:2)

08-06 14:11:05.470  7940  8057 I LSPosed-Bridge: 	at com.ss.android.pushmanager.setting.PushMultiProcessSharedProvider.allowStartOthersProcess(SourceFile:2)

08-06 14:11:05.470  7940  8057 I LSPosed-Bridge: 	at com.ss.android.pushmanager.setting.PushMultiProcessSharedProvider$MultiProcessShared.getInt(SourceFile:1)

08-06 14:11:05.470  7940  8057 I LSPosed-Bridge: 	at com.ss.android.newmedia.redbadge.setting.RedbadgeSetting.getRedBadgeNextQueryInterval(SourceFile:1)

08-06 14:11:05.470  7940  8057 I LSPosed-Bridge: 	at com.ss.android.newmedia.redbadge.RedBadgeController.loadRequestConfig(SourceFile:2)

08-06 14:11:05.470  7940  8057 I LSPosed-Bridge: 	at com.ss.android.newmedia.redbadge.RedBadgeController$5.onChange(SourceFile:3)

08-06 14:11:05.470  7940  8057 I LSPosed-Bridge: 	at android.database.ContentObserver.onChange(ContentObserver.java:130)

08-06 14:11:05.470  7940  8057 I LSPosed-Bridge: 	at android.database.ContentObserver.onChange(ContentObserver.java:145)

08-06 14:11:05.470  7940  8057 I LSPosed-Bridge: 	at android.database.ContentObserver$NotificationRunnable.run(ContentObserver.java:216)

08-06 14:11:05.470  7940  8057 I LSPosed-Bridge: 	at android.os.Handler.handleCallback(Handler.java:873)

08-06 14:11:05.470  7940  8057 I LSPosed-Bridge: 	at android.os.Handler.dispatchMessage(Handler.java:99)

08-06 14:11:05.470  7940  8057 I LSPosed-Bridge: 	at android.os.Looper.loop(Looper.java:193)

08-06 14:11:05.470  7940  8057 I LSPosed-Bridge: 	at android.os.HandlerThread.run(HandlerThread.java:65)

08-06 14:11:05.470  6685  7333 I LSPosed-Bridge: 6685 PermLabel hookBinder_test 10122 interfaceBinder =android.app.IActivityManager; arg0 = 74; arg1 = android.os.Parcel@b6b6f58; arg2 = android.os.Parcel@28b004a; arg3 = 0; res = true; stacktrace=java.lang.Exception

08-06 14:11:05.470  6685  7333 I LSPosed-Bridge: 	at com.example.permlabel.hookBinder_test$1.afterHookedMethod(hookBinder_test.java:67)

08-06 14:11:05.470  6685  7333 I LSPosed-Bridge: 	at de.robv.android.xposed.XposedBridge$AdditionalHookInfo.callback(Unknown Source:147)

08-06 14:11:05.470  6685  7333 I LSPosed-Bridge: 	at LSPHooker_.transact(Unknown Source:28)

08-06 14:11:05.470  6685  7333 I LSPosed-Bridge: 	at android.app.IActivityManager$Stub$Proxy.getMemoryInfo(IActivityManager.java:5230)

08-06 14:11:05.470  6685  7333 I LSPosed-Bridge: 	at android.app.ActivityManager.getMemoryInfo(ActivityManager.java:2609)

08-06 14:11:05.470  6685  7333 I LSPosed-Bridge: 	at com.lemon.faceu.core.f.g.y.b.e(SourceFile:3)

08-06 14:11:05.470  6685  7333 I LSPosed-Bridge: 	at com.lemon.faceu.core.f.g.y.b.intercept(SourceFile:1)

08-06 14:11:05.470  6685  7333 I LSPosed-Bridge: 	at com.bytedance.ttnet.l.d$e.intercept(SourceFile:7)

08-06 14:11:05.470  6685  7333 I LSPosed-Bridge: 	at com.bytedance.retrofit2.b0.b.a(SourceFile:12)

08-06 14:11:05.470  6685  7333 I LSPosed-Bridge: 	at com.bytedance.bdturing.ttnet.a$b.intercept(SourceFile:7)

08-06 14:11:05.470  6685  7333 I LSPosed-Bridge: 	at com.bytedance.ttnet.l.d$e.intercept(SourceFile:7)

08-06 14:11:05.470  6685  7333 I LSPosed-Bridge: 	at com.bytedance.retrofit2.b0.b.a(SourceFile:12)

08-06 14:11:05.470  6685  7333 I LSPosed-Bridge: 	at com.ss.android.account.token.TTTokenInterceptor.intercept(SourceFile:9)

08-06 14:11:05.470  6685  7333 I LSPosed-Bridge: 	at com.bytedance.ttnet.l.d$e.intercept(SourceFile:7)

08-06 14:11:05.470  6685  7333 I LSPosed-Bridge: 	at com.bytedance.retrofit2.b0.b.a(SourceFile:12)

08-06 14:11:05.470  6685  7333 I LSPosed-Bridge: 	at com.bytedance.frameworks.baselib.network.http.retrofit.BaseSsInterceptor.intercept(SourceFile:31)

08-06 14:11:05.470  6685  7333 I LSPosed-Bridge: 	at com.bytedance.retrofit2.b0.b.a(SourceFile:12)

08-06 14:11:05.470  6685  7333 I LSPosed-Bridge: 	at com.bytedance.retrofit2.v.a(SourceFile:26)

08-06 14:11:05.470  6685  7333 I LSPosed-Bridge: 	at com.bytedance.retrofit2.v.execute(SourceFile:20)

08-06 14:11:05.470  6685  7333 I LSPosed-Bridge: 	at com.bytedance.retrofit2.j$b.execute(SourceFile:1)

08-06 14:11:05.470  6685  7333 I LSPosed-Bridge: 	at com.lm.components.network.k.a.post(SourceFile:23)

08-06 14:11:05.470  6685  7333 I LSPosed-Bridge: 	at com.ss.android.common.applog.NetUtil.sendEncryptLog(SourceFile:18)

08-06 14:11:05.470  6685  7333 I LSPosed-Bridge: 	at com.ss.android.common.applog.LogReaper.sendLog(SourceFile:18)

08-06 14:11:05.470  6685  7333 I LSPosed-Bridge: 	at com.ss.android.common.applog.LogReaper.sendBatchLog(SourceFile:7)

08-06 14:11:05.470  6685  7333 I LSPosed-Bridge: 	at com.ss.android.common.applog.LogReaper.switchSession(SourceFile:41)

08-06 14:11:05.470  6685  7333 I LSPosed-Bridge: 	at com.ss.android.common.applog.LogReaper.switchSession(SourceFile:1)

08-06 14:11:05.470  6685  7333 I LSPosed-Bridge: 	at com.ss.android.common.applog.LogReaper.processItem(SourceFile:9)

08-06 14:11:05.470  6685  7333 I LSPosed-Bridge: 	at com.ss.android.common.applog.LogReaper.run(SourceFile:11)

08-06 14:11:05.477  6685  6756 I LSPosed-Bridge: 6685 PermLabel permName: android.permission.READ_PHONE_STATE; getRunningAppProcesses =[android.app.ActivityManager$RunningAppProcessInfo@a483af2, android.app.ActivityManager$RunningAppProcessInfo@be30543, android.app.ActivityManager$RunningAppProcessInfo@15d7c0]; stacktrace=java.lang.Exception

08-06 14:11:05.477  6685  6756 I LSPosed-Bridge: 	at com.example.permlabel.hookBinder_test$2.afterHookedMethod(hookBinder_test.java:107)

08-06 14:11:05.477  6685  6756 I LSPosed-Bridge: 	at de.robv.android.xposed.XposedBridge$AdditionalHookInfo.callback(Unknown Source:147)

08-06 14:11:05.477  6685  6756 I LSPosed-Bridge: 	at LSPHooker_.getRunningAppProcesses(Unknown Source:8)

08-06 14:11:05.477  6685  6756 I LSPosed-Bridge: 	at com.ss.android.message.util.ToolUtils.isMainProcessStart(SourceFile:2)

08-06 14:11:05.477  6685  6756 I LSPosed-Bridge: 	at com.ss.android.pushmanager.setting.PushMultiProcessSharedProvider.allowStartOthersProcess(SourceFile:2)

08-06 14:11:05.477  6685  6756 I LSPosed-Bridge: 	at com.ss.android.pushmanager.setting.PushMultiProcessSharedProvider$Editor.apply(SourceFile:1)

08-06 14:11:05.477  6685  6756 I LSPosed-Bridge: 	at com.ss.android.newmedia.redbadge.setting.RedbadgeSetting.setRedBadgeLaunchTimes(SourceFile:1)

08-06 14:11:05.477  6685  6756 I LSPosed-Bridge: 	at com.ss.android.newmedia.redbadge.RedBadgeControlClient.saveTimeParas(SourceFile:1)

08-06 14:11:05.477  6685  6756 I LSPosed-Bridge: 	at com.ss.android.newmedia.redbadge.RedBadgeControlClient.handleTimeParasChange(SourceFile:19)

08-06 14:11:05.477  6685  6756 I LSPosed-Bridge: 	at com.ss.android.newmedia.redbadge.RedBadgeControlClient.handleMsg(SourceFile:16)

08-06 14:11:05.477  6685  6756 I LSPosed-Bridge: 	at com.bytedance.common.utility.collection.WeakHandler.handleMessage(SourceFile:2)

08-06 14:11:05.477  6685  6756 I LSPosed-Bridge: 	at android.os.Handler.dispatchMessage(Handler.java:106)

08-06 14:11:05.477  6685  6756 I LSPosed-Bridge: 	at android.os.Looper.loop(Looper.java:193)

08-06 14:11:05.477  6685  6756 I LSPosed-Bridge: 	at android.os.HandlerThread.run(HandlerThread.java:65)

08-06 14:11:05.477  6685  6685 I ForceLoginHelper: 

08-06 14:11:05.477  6685  6685 I ForceLoginHelper: 

08-06 14:11:05.504  7940  8057 I LSPosed-Bridge: 7940 PermLabel permName: android.permission.READ_PHONE_STATE; getRunningAppProcesses =[android.app.ActivityManager$RunningAppProcessInfo@47920d2, android.app.ActivityManager$RunningAppProcessInfo@3ff25a3, android.app.ActivityManager$RunningAppProcessInfo@2ce0a0]; stacktrace=java.lang.Exception

08-06 14:11:05.504  7940  8057 I LSPosed-Bridge: 	at com.example.permlabel.hookBinder_test$2.afterHookedMethod(hookBinder_test.java:107)

08-06 14:11:05.504  7940  8057 I LSPosed-Bridge: 	at de.robv.android.xposed.XposedBridge$AdditionalHookInfo.callback(Unknown Source:147)

08-06 14:11:05.504  7940  8057 I LSPosed-Bridge: 	at LSPHooker_.getRunningAppProcesses(Unknown Source:8)

08-06 14:11:05.504  7940  8057 I LSPosed-Bridge: 	at com.ss.android.message.util.ToolUtils.isMainProcessStart(SourceFile:2)

08-06 14:11:05.504  7940  8057 I LSPosed-Bridge: 	at com.ss.android.pushmanager.setting.PushMultiProcessSharedProvider.allowStartOthersProcess(SourceFile:2)

08-06 14:11:05.504  7940  8057 I LSPosed-Bridge: 	at com.ss.android.pushmanager.setting.PushMultiProcessSharedProvider$MultiProcessShared.getString(SourceFile:1)

08-06 14:11:05.504  7940  8057 I LSPosed-Bridge: 	at com.ss.android.newmedia.redbadge.setting.RedbadgeSetting.getRedBadgeLastTimeParas(SourceFile:1)

08-06 14:11:05.504  7940  8057 I LSPosed-Bridge: 	at com.ss.android.newmedia.redbadge.RedBadgeController.loadRequestConfig(SourceFile:3)

08-06 14:11:05.504  7940  8057 I LSPosed-Bridge: 	at com.ss.android.newmedia.redbadge.RedBadgeController$5.onChange(SourceFile:3)

08-06 14:11:05.504  7940  8057 I LSPosed-Bridge: 	at android.database.ContentObserver.onChange(ContentObserver.java:130)

08-06 14:11:05.504  7940  8057 I LSPosed-Bridge: 	at android.database.ContentObserver.onChange(ContentObserver.java:145)

08-06 14:11:05.504  7940  8057 I LSPosed-Bridge: 	at android.database.ContentObserver$NotificationRunnable.run(ContentObserver.java:216)

08-06 14:11:05.504  7940  8057 I LSPosed-Bridge: 	at android.os.Handler.handleCallback(Handler.java:873)

08-06 14:11:05.504  7940  8057 I LSPosed-Bridge: 	at android.os.Handler.dispatchMessage(Handler.java:99)

08-06 14:11:05.504  7940  8057 I LSPosed-Bridge: 	at android.os.Looper.loop(Looper.java:193)

08-06 14:11:05.504  7940  8057 I LSPosed-Bridge: 	at android.os.HandlerThread.run(HandlerThread.java:65)

08-06 14:11:05.507   548   548 I ConfigStore: android::hardware::configstore::V1_0::ISurfaceFlingerConfigs::hasHDRDisplay retrieved: 0

08-06 14:11:05.507  6685  6756 I LSPosed-Bridge: 6685 PermLabel hookBinder_test 10122 interfaceBinder =android.app.IActivityManager; arg0 = 81; arg1 = android.os.Parcel@b6b6f58; arg2 = android.os.Parcel@28b004a; arg3 = 0; res = true; stacktrace=java.lang.Exception

08-06 14:11:05.507  6685  6756 I LSPosed-Bridge: 	at com.example.permlabel.hookBinder_test$1.afterHookedMethod(hookBinder_test.java:67)

08-06 14:11:05.507  6685  6756 I LSPosed-Bridge: 	at de.robv.android.xposed.XposedBridge$AdditionalHookInfo.callback(Unknown Source:147)

08-06 14:11:05.507  6685  6756 I LSPosed-Bridge: 	at LSPHooker_.transact(Unknown Source:28)

08-06 14:11:05.507  6685  6756 I LSPosed-Bridge: 	at android.app.IActivityManager$Stub$Proxy.getRunningAppProcesses(IActivityManager.java:5366)

08-06 14:11:05.507  6685  6756 I LSPosed-Bridge: 	at android.app.ActivityManager.getRunningAppProcesses(ActivityManager.java:3435)

08-06 14:11:05.507  6685  6756 I LSPosed-Bridge: 	at java.lang.reflect.Method.invoke(Native Method)

08-06 14:11:05.507  6685  6756 I LSPosed-Bridge: 	at org.lsposed.lspd.nativebridge.HookBridge.invokeOriginalMethod(Native Method)

08-06 14:11:05.507  6685  6756 I LSPosed-Bridge: 	at de.robv.android.xposed.XposedBridge$AdditionalHookInfo.callback(Unknown Source:110)

08-06 14:11:05.507  6685  6756 I LSPosed-Bridge: 	at LSPHooker_.getRunningAppProcesses(Unknown Source:8)

08-06 14:11:05.507  6685  6756 I LSPosed-Bridge: 	at com.ss.android.message.util.ToolUtils.isMainProcessStart(SourceFile:2)

08-06 14:11:05.507  6685  6756 I LSPosed-Bridge: 	at com.ss.android.pushmanager.setting.PushMultiProcessSharedProvider.allowStartOthersProcess(SourceFile:2)

08-06 14:11:05.507  6685  6756 I LSPosed-Bridge: 	at com.ss.android.pushmanager.setting.PushMultiProcessSharedProvider$Editor.apply(SourceFile:1)

08-06 14:11:05.507  6685  6756 I LSPosed-Bridge: 	at com.ss.android.newmedia.redbadge.setting.RedbadgeSetting.setRedBadgeBadgeShowTimes(SourceFile:1)

08-06 14:11:05.507  6685  6756 I LSPosed-Bridge: 	at com.ss.android.newmedia.redbadge.RedBadgeControlClient.saveTimeParas(SourceFile:2)

08-06 14:11:05.507  6685  6756 I LSPosed-Bridge: 	at com.ss.android.newmedia.redbadge.RedBadgeControlClient.handleTimeParasChange(SourceFile:19)

08-06 14:11:05.507  6685  6756 I LSPosed-Bridge: 	at com.ss.android.newmedia.redbadge.RedBadgeControlClient.handleMsg(SourceFile:16)

08-06 14:11:05.507  6685  6756 I LSPosed-Bridge: 	at com.bytedance.common.utility.collection.WeakHandler.handleMessage(SourceFile:2)

08-06 14:11:05.507  6685  6756 I LSPosed-Bridge: 	at android.os.Handler.dispatchMessage(Handler.java:106)

08-06 14:11:05.507  6685  6756 I LSPosed-Bridge: 	at android.os.Looper.loop(Looper.java:193)

08-06 14:11:05.507  6685  6756 I LSPosed-Bridge: 	at android.os.HandlerThread.run(HandlerThread.java:65)

08-06 14:11:05.507  6685  6756 I LSPosed-Bridge: 6685 PermLabel getRunningAppProcesses =android.app.ActivityManager$RunningAppProcessInfo@25308ee

08-06 14:11:05.507  6685  6756 I LSPosed-Bridge: 6685 PermLabel getRunningAppProcesses processName: com.lemon.faceu pid: 6685

08-06 14:11:05.507  6685  6756 I LSPosed-Bridge: 6685 PermLabel getRunningAppProcesses importance: 100 pid: 6685

08-06 14:11:05.507  6685  6756 I LSPosed-Bridge: 6685 PermLabel getRunningAppProcesses packageName com.lemon.faceu at index 0 in process 6685

08-06 14:11:05.507  6685  6756 I LSPosed-Bridge: 6685 PermLabel getRunningAppProcesses =android.app.ActivityManager$RunningAppProcessInfo@27818f

08-06 14:11:05.507  6685  6756 I LSPosed-Bridge: 6685 PermLabel getRunningAppProcesses processName: com.lemon.faceu:push pid: 7940

08-06 14:11:05.507  6685  6756 I LSPosed-Bridge: 6685 PermLabel getRunningAppProcesses importance: 100 pid: 7940

08-06 14:11:05.507  6685  6756 I LSPosed-Bridge: 6685 PermLabel getRunningAppProcesses packageName com.lemon.faceu at index 0 in process 7940

08-06 14:11:05.507  6685  6756 I LSPosed-Bridge: 6685 PermLabel getRunningAppProcesses =android.app.ActivityManager$RunningAppProcessInfo@de5ec1c

