08-06 14:10:10.384  6685  7304 I LSPosed-Bridge: 	at com.lm.components.threadpool.thread.b$a.run(SourceFile:2)

08-06 14:10:10.384  6685  7304 I LSPosed-Bridge: 	at java.lang.Thread.run(Thread.java:764)

08-06 14:10:10.384  7940  7940 I LSPosed-Bridge: 7940 PermLabel permName: android.permission.READ_PHONE_STATE; getRunningAppProcesses =[android.app.ActivityManager$RunningAppProcessInfo@964f01f, android.app.ActivityManager$RunningAppProcessInfo@81ddf6c, android.app.ActivityManager$RunningAppProcessInfo@8533935]; stacktrace=java.lang.Exception

08-06 14:10:10.384  7940  7940 I LSPosed-Bridge: 	at com.example.permlabel.hookBinder_test$2.afterHookedMethod(hookBinder_test.java:107)

08-06 14:10:10.384  7940  7940 I LSPosed-Bridge: 	at de.robv.android.xposed.XposedBridge$AdditionalHookInfo.callback(Unknown Source:147)

08-06 14:10:10.384  7940  7940 I LSPosed-Bridge: 	at LSPHooker_.getRunningAppProcesses(Unknown Source:8)

08-06 14:10:10.384  7940  7940 I LSPosed-Bridge: 	at com.ss.android.message.util.ToolUtils.getCurProcessName(SourceFile:5)

08-06 14:10:10.384  7940  7940 I LSPosed-Bridge: 	at com.ss.android.message.util.ToolUtils.isSmpProcess(SourceFile:1)

08-06 14:10:10.384  7940  7940 I LSPosed-Bridge: 	at com.bytedance.push.z.b.a(SourceFile:5)

08-06 14:10:10.384  7940  7940 I LSPosed-Bridge: 	at com.bytedance.push.z.b.b(SourceFile:1)

08-06 14:10:10.384  7940  7940 I LSPosed-Bridge: 	at com.lm.components.push.a.e(SourceFile:5)

08-06 14:10:10.384  7940  7940 I LSPosed-Bridge: 	at com.lemon.faceu.ShellApplication.b(SourceFile:3)

08-06 14:10:10.384  7940  7940 I LSPosed-Bridge: 	at com.lemon.faceu.ShellApplication.onCreate(SourceFile:2)

08-06 14:10:10.384  7940  7940 I LSPosed-Bridge: 	at android.app.Instrumentation.callApplicationOnCreate(Instrumentation.java:1155)

08-06 14:10:10.384  7940  7940 I LSPosed-Bridge: 	at android.app.ActivityThread.handleBindApplication(ActivityThread.java:5885)

08-06 14:10:10.384  7940  7940 I LSPosed-Bridge: 	at android.app.ActivityThread.access$1100(ActivityThread.java:200)

08-06 14:10:10.384  7940  7940 I LSPosed-Bridge: 	at android.app.ActivityThread$H.handleMessage(ActivityThread.java:1651)

08-06 14:10:10.384  7940  7940 I LSPosed-Bridge: 	at android.os.Handler.dispatchMessage(Handler.java:106)

08-06 14:10:10.384  7940  7940 I LSPosed-Bridge: 	at android.os.Looper.loop(Looper.java:193)

08-06 14:10:10.384  7940  7940 I LSPosed-Bridge: 	at android.app.ActivityThread.main(ActivityThread.java:6692)

08-06 14:10:10.384  7940  7940 I LSPosed-Bridge: 	at java.lang.reflect.Method.invoke(Native Method)

08-06 14:10:10.384  7940  7940 I LSPosed-Bridge: 	at com.android.internal.os.RuntimeInit$MethodAndArgsCaller.run(RuntimeInit.java:493)

08-06 14:10:10.384  7940  7940 I LSPosed-Bridge: 	at com.android.internal.os.ZygoteInit.main(ZygoteInit.java:858)

08-06 14:10:10.421  7940  8057 I LSPosed-Bridge: 7940 PermLabel permName: android.permission.READ_PHONE_STATE; getRunningAppProcesses =[android.app.ActivityManager$RunningAppProcessInfo@6bf8658, android.app.ActivityManager$RunningAppProcessInfo@a8b33b1, android.app.ActivityManager$RunningAppProcessInfo@2eb2096]; stacktrace=java.lang.Exception

08-06 14:10:10.421  7940  8057 I LSPosed-Bridge: 	at com.example.permlabel.hookBinder_test$2.afterHookedMethod(hookBinder_test.java:107)

08-06 14:10:10.421  7940  8057 I LSPosed-Bridge: 	at de.robv.android.xposed.XposedBridge$AdditionalHookInfo.callback(Unknown Source:147)

08-06 14:10:10.421  7940  8057 I LSPosed-Bridge: 	at LSPHooker_.getRunningAppProcesses(Unknown Source:8)

08-06 14:10:10.421  7940  8057 I LSPosed-Bridge: 	at com.bytedance.push.settings.x.a.a(SourceFile:5)

08-06 14:10:10.421  7940  8057 I LSPosed-Bridge: 	at com.bytedance.push.settings.s.b.b(SourceFile:1)

08-06 14:10:10.421  7940  8057 I LSPosed-Bridge: 	at com.bytedance.push.f$b.run(SourceFile:1)

08-06 14:10:10.421  7940  8057 I LSPosed-Bridge: 	at android.os.Handler.handleCallback(Handler.java:873)

08-06 14:10:10.421  7940  8057 I LSPosed-Bridge: 	at android.os.Handler.dispatchMessage(Handler.java:99)

08-06 14:10:10.421  7940  8057 I LSPosed-Bridge: 	at android.os.Looper.loop(Looper.java:193)

08-06 14:10:10.421  7940  8057 I LSPosed-Bridge: 	at android.os.HandlerThread.run(HandlerThread.java:65)

08-06 14:10:10.434  7940  8057 I LSPosed-Bridge: 7940 PermLabel getRunningAppProcesses processName: com.lemon.faceu:pushservice pid: 7918

08-06 14:10:10.434  7940  8057 I LSPosed-Bridge: 7940 PermLabel getRunningAppProcesses importance: 100 pid: 7918

08-06 14:10:10.434  7940  8057 I LSPosed-Bridge: 7940 PermLabel getRunningAppProcesses packageName com.lemon.faceu at index 0 in process 7918

08-06 14:10:10.434  7940  8057 I LSPosed-Bridge: 7940 PermLabel getRunningAppProcesses =android.app.ActivityManager$RunningAppProcessInfo@7c42234

08-06 14:10:10.434  7940  8057 I LSPosed-Bridge: 7940 PermLabel getRunningAppProcesses processName: com.lemon.faceu:push pid: 7940

08-06 14:10:10.434  7940  8057 I LSPosed-Bridge: 7940 PermLabel getRunningAppProcesses importance: 125 pid: 7940

08-06 14:10:10.434  7940  8057 I LSPosed-Bridge: 7940 PermLabel getRunningAppProcesses packageName com.lemon.faceu at index 0 in process 7940

08-06 14:10:10.434  7940  8057 I LSPosed-Bridge: 7940 PermLabel getRunningAppProcesses =android.app.ActivityManager$RunningAppProcessInfo@926985d

08-06 14:10:10.434  7940  8057 I LSPosed-Bridge: 7940 PermLabel getRunningAppProcesses processName: com.lemon.faceu pid: 6685

08-06 14:10:10.434  7940  8057 I LSPosed-Bridge: 7940 PermLabel getRunningAppProcesses importance: 100 pid: 6685

08-06 14:10:10.434  7940  8057 I LSPosed-Bridge: 7940 PermLabel getRunningAppProcesses packageName com.lemon.faceu at index 0 in process 6685

08-06 14:10:10.434  7940  8057 I LSPosed-Bridge: 7940 PermLabel permName: android.permission.READ_PHONE_STATE; getRunningAppProcesses =[android.app.ActivityManager$RunningAppProcessInfo@7d2e107, android.app.ActivityManager$RunningAppProcessInfo@7c42234, android.app.ActivityManager$RunningAppProcessInfo@926985d]; stacktrace=java.lang.Exception

08-06 14:10:10.434  7940  8057 I LSPosed-Bridge: 	at com.example.permlabel.hookBinder_test$2.afterHookedMethod(hookBinder_test.java:107)

08-06 14:10:10.434  7940  8057 I LSPosed-Bridge: 	at de.robv.android.xposed.XposedBridge$AdditionalHookInfo.callback(Unknown Source:147)

08-06 14:10:10.434  7940  8057 I LSPosed-Bridge: 	at LSPHooker_.getRunningAppProcesses(Unknown Source:8)

08-06 14:10:10.434  7940  8057 I LSPosed-Bridge: 	at com.bytedance.common.process.cross.CrossProcessHelper.getProcessList(SourceFile:3)

08-06 14:10:10.434  7940  8057 I LSPosed-Bridge: 	at com.bytedance.common.process.cross.CrossProcessHelper.init(SourceFile:8)

08-06 14:10:10.434  7940  8057 I LSPosed-Bridge: 	at com.bytedance.push.f$c.run(SourceFile:1)

08-06 14:10:10.434  7940  8057 I LSPosed-Bridge: 	at android.os.Handler.handleCallback(Handler.java:873)

08-06 14:10:10.434  7940  8057 I LSPosed-Bridge: 	at android.os.Handler.dispatchMessage(Handler.java:99)

08-06 14:10:10.434  7940  8057 I LSPosed-Bridge: 	at android.os.Looper.loop(Looper.java:193)

08-06 14:10:10.434  7940  8057 I LSPosed-Bridge: 	at android.os.HandlerThread.run(HandlerThread.java:65)

08-06 14:10:10.434  6685  7304 I LSPosed-Bridge: 6685 PermLabel hookBinder_test 10122 interfaceBinder =; arg0 = 1; arg1 = android.os.Parcel@9734e4b; arg2 = android.os.Parcel@48175b1; arg3 = 0; res = true; stacktrace=java.lang.Exception

08-06 14:10:10.434  6685  7304 I LSPosed-Bridge: 	at com.example.permlabel.hookBinder_test$1.afterHookedMethod(hookBinder_test.java:67)

08-06 14:10:10.434  6685  7304 I LSPosed-Bridge: 	at de.robv.android.xposed.XposedBridge$AdditionalHookInfo.callback(Unknown Source:147)

08-06 14:10:10.434  6685  7304 I LSPosed-Bridge: 	at LSPHooker_.transact(Unknown Source:28)

08-06 14:10:10.434  6685  7304 I LSPosed-Bridge: 	at android.os.ServiceManagerProxy.getService(ServiceManagerNative.java:125)

08-06 14:10:10.434  6685  7304 I LSPosed-Bridge: 	at android.os.ServiceManager.rawGetService(ServiceManager.java:253)

08-06 14:10:10.434  6685  7304 I LSPosed-Bridge: 	at android.os.ServiceManager.getService(ServiceManager.java:124)

08-06 14:10:10.434  6685  7304 I LSPosed-Bridge: 	at android.os.ServiceManager.getServiceOrThrow(ServiceManager.java:139)

08-06 14:10:10.434  6685  7304 I LSPosed-Bridge: 	at android.app.SystemServiceRegistry$37.createService(SystemServiceRegistry.java:486)

08-06 14:10:10.434  6685  7304 I LSPosed-Bridge: 	at android.app.SystemServiceRegistry$37.createService(SystemServiceRegistry.java:482)

08-06 14:10:10.434  6685  7304 I LSPosed-Bridge: 	at android.app.SystemServiceRegistry$CachedServiceFetcher.getService(SystemServiceRegistry.java:1098)

08-06 14:10:10.434  6685  7304 I LSPosed-Bridge: 	at android.app.SystemServiceRegistry.getSystemService(SystemServiceRegistry.java:1014)

08-06 14:10:10.434  6685  7304 I LSPosed-Bridge: 	at android.app.ContextImpl.getSystemService(ContextImpl.java:1721)

08-06 14:10:10.434  6685  7304 I LSPosed-Bridge: 	at android.content.ContextWrapper.getSystemService(ContextWrapper.java:728)

08-06 14:10:10.434  6685  7304 I LSPosed-Bridge: 	at android.content.Context.getSystemService(Context.java:3247)

08-06 14:10:10.434  6685  7304 I LSPosed-Bridge: 	at com.bytedance.usergrowth.data.deviceinfo.h.a(SourceFile:2)

08-06 14:10:10.434  6685  7304 I LSPosed-Bridge: 	at com.bytedance.usergrowth.data.deviceinfo.h.b(SourceFile:2)

08-06 14:10:10.434  6685  7304 I LSPosed-Bridge: 	at com.bytedance.usergrowth.data.deviceinfo.b0$b.a(SourceFile:28)

08-06 14:10:10.434  6685  7304 I LSPosed-Bridge: 	at com.bytedance.usergrowth.data.deviceinfo.b0$b.run(SourceFile:8)

08-06 14:10:10.434  6685  7304 I LSPosed-Bridge: 	at com.lm.components.threadpool.thread.d.run(SourceFile:7)

08-06 14:10:10.434  6685  7304 I LSPosed-Bridge: 	at java.util.concurrent.ThreadPoolExecutor.runWorker(ThreadPoolExecutor.java:1167)

08-06 14:10:10.434  6685  7304 I LSPosed-Bridge: 	at java.util.concurrent.ThreadPoolExecutor$Worker.run(ThreadPoolExecutor.java:641)

08-06 14:10:10.434  6685  7304 I LSPosed-Bridge: 	at com.lm.components.threadpool.thread.b$a.run(SourceFile:2)

08-06 14:10:10.434  6685  7304 I LSPosed-Bridge: 	at java.lang.Thread.run(Thread.java:764)

08-06 14:10:10.464  7940  8057 I LSPosed-Bridge: 7940 PermLabel getRunningAppProcesses =android.app.ActivityManager$RunningAppProcessInfo@fa0271b

08-06 14:10:10.464  7940  8057 I LSPosed-Bridge: 7940 PermLabel getRunningAppProcesses processName: com.lemon.faceu:push pid: 7940

08-06 14:10:10.464  7940  8057 I LSPosed-Bridge: 7940 PermLabel getRunningAppProcesses importance: 125 pid: 7940

08-06 14:10:10.464  7940  8057 I LSPosed-Bridge: 7940 PermLabel getRunningAppProcesses packageName com.lemon.faceu at index 0 in process 7940

08-06 14:10:10.464  7940  8057 I LSPosed-Bridge: 7940 PermLabel getRunningAppProcesses =android.app.ActivityManager$RunningAppProcessInfo@cfd10b8

08-06 14:10:10.464  7940  8057 I LSPosed-Bridge: 7940 PermLabel getRunningAppProcesses processName: com.lemon.faceu:pushservice pid: 7918

08-06 14:10:10.464  7940  8057 I LSPosed-Bridge: 7940 PermLabel getRunningAppProcesses importance: 100 pid: 7918

08-06 14:10:10.464  7940  8057 I LSPosed-Bridge: 7940 PermLabel getRunningAppProcesses packageName com.lemon.faceu at index 0 in process 7918

08-06 14:10:10.464  7940  8057 I LSPosed-Bridge: 7940 PermLabel getRunningAppProcesses =android.app.ActivityManager$RunningAppProcessInfo@9285e91

08-06 14:10:10.464  7940  8057 I LSPosed-Bridge: 7940 PermLabel getRunningAppProcesses processName: com.lemon.faceu pid: 6685

08-06 14:10:10.464  7940  8057 I LSPosed-Bridge: 7940 PermLabel getRunningAppProcesses importance: 100 pid: 6685

08-06 14:10:10.464  7940  8057 I LSPosed-Bridge: 7940 PermLabel getRunningAppProcesses packageName com.lemon.faceu at index 0 in process 6685

08-06 14:10:10.464  7940  8057 I LSPosed-Bridge: 7940 PermLabel permName: android.permission.READ_PHONE_STATE; getRunningAppProcesses =[android.app.ActivityManager$RunningAppProcessInfo@fa0271b, android.app.ActivityManager$RunningAppProcessInfo@cfd10b8, android.app.ActivityManager$RunningAppProcessInfo@9285e91]; stacktrace=java.lang.Exception

08-06 14:10:10.464  7940  8057 I LSPosed-Bridge: 	at com.example.permlabel.hookBinder_test$2.afterHookedMethod(hookBinder_test.java:107)

08-06 14:10:10.464  7940  8057 I LSPosed-Bridge: 	at de.robv.android.xposed.XposedBridge$AdditionalHookInfo.callback(Unknown Source:147)

08-06 14:10:10.464  7940  8057 I LSPosed-Bridge: 	at LSPHooker_.getRunningAppProcesses(Unknown Source:8)

08-06 14:10:10.464  7940  8057 I LSPosed-Bridge: 	at com.ss.android.message.util.ToolUtils.isMainProcessStart(SourceFile:2)

08-06 14:10:10.464  7940  8057 I LSPosed-Bridge: 	at com.ss.android.pushmanager.setting.PushMultiProcessSharedProvider.allowStartOthersProcess(SourceFile:2)

08-06 14:10:10.464  7940  8057 I LSPosed-Bridge: 	at com.ss.android.pushmanager.setting.PushMultiProcessSharedProvider$MultiProcessShared.getBoolean(SourceFile:1)

08-06 14:10:10.464  7940  8057 I LSPosed-Bridge: 	at com.ss.android.newmedia.redbadge.setting.RedbadgeSetting.isDesktopRedBadgeShow(SourceFile:1)

08-06 14:10:10.464  7940  8057 I LSPosed-Bridge: 	at com.ss.android.newmedia.redbadge.RedBadgeController.loadConfig(SourceFile:1)

08-06 14:10:10.464  7940  8057 I LSPosed-Bridge: 	at com.ss.android.newmedia.redbadge.RedBadgeController.<init>(SourceFile:12)

08-06 14:10:10.464  7940  8057 I LSPosed-Bridge: 	at com.ss.android.newmedia.redbadge.RedBadgeController.inst(SourceFile:4)

08-06 14:10:10.464  7940  8057 I LSPosed-Bridge: 	at com.ss.android.newmedia.redbadge.RedbadgeService$1.run(SourceFile:1)

08-06 14:10:10.464  7940  8057 I LSPosed-Bridge: 	at android.os.Handler.handleCallback(Handler.java:873)

08-06 14:10:10.464  7940  8057 I LSPosed-Bridge: 	at android.os.Handler.dispatchMessage(Handler.java:99)

08-06 14:10:10.464  7940  8057 I LSPosed-Bridge: 	at android.os.Looper.loop(Looper.java:193)

08-06 14:10:10.464  7940  8057 I LSPosed-Bridge: 	at android.os.HandlerThread.run(HandlerThread.java:65)

08-06 14:10:10.474  7940  7940 I LSPosed-Bridge: 7940 PermLabel getRunningAppProcesses =android.app.ActivityManager$RunningAppProcessInfo@a225e93

08-06 14:10:10.474  7940  7940 I LSPosed-Bridge: 7940 PermLabel getRunningAppProcesses processName: com.lemon.faceu:push pid: 7940

08-06 14:10:10.474  7940  7940 I LSPosed-Bridge: 7940 PermLabel getRunningAppProcesses importance: 125 pid: 7940

08-06 14:10:10.474  7940  7940 I LSPosed-Bridge: 7940 PermLabel getRunningAppProcesses packageName com.lemon.faceu at index 0 in process 7940

08-06 14:10:10.474  7940  7940 I LSPosed-Bridge: 7940 PermLabel getRunningAppProcesses =android.app.ActivityManager$RunningAppProcessInfo@2253ed0

08-06 14:10:10.474  7940  7940 I LSPosed-Bridge: 7940 PermLabel getRunningAppProcesses processName: com.lemon.faceu:pushservice pid: 7918

08-06 14:10:10.474  7940  7940 I LSPosed-Bridge: 7940 PermLabel getRunningAppProcesses importance: 100 pid: 7918

08-06 14:10:10.474  7940  7940 I LSPosed-Bridge: 7940 PermLabel getRunningAppProcesses packageName com.lemon.faceu at index 0 in process 7918

08-06 14:10:10.474  7940  7940 I LSPosed-Bridge: 7940 PermLabel getRunningAppProcesses =android.app.ActivityManager$RunningAppProcessInfo@7df4ec9

08-06 14:10:10.474  7940  7940 I LSPosed-Bridge: 7940 PermLabel getRunningAppProcesses processName: com.lemon.faceu pid: 6685

08-06 14:10:10.474  7940  7940 I LSPosed-Bridge: 7940 PermLabel getRunningAppProcesses importance: 100 pid: 6685

08-06 14:10:10.474  7940  7940 I LSPosed-Bridge: 7940 PermLabel getRunningAppProcesses packageName com.lemon.faceu at index 0 in process 6685

08-06 14:10:10.474   548   548 I ConfigStore: android::hardware::configstore::V1_0::ISurfaceFlingerConfigs::hasHDRDisplay retrieved: 0

08-06 14:10:10.474  7940  7940 I LSPosed-Bridge: 7940 PermLabel permName: android.permission.READ_PHONE_STATE; getRunningAppProcesses =[android.app.ActivityManager$RunningAppProcessInfo@a225e93, android.app.ActivityManager$RunningAppProcessInfo@2253ed0, android.app.ActivityManager$RunningAppProcessInfo@7df4ec9]; stacktrace=java.lang.Exception

08-06 14:10:10.474  7940  7940 I LSPosed-Bridge: 	at com.example.permlabel.hookBinder_test$2.afterHookedMethod(hookBinder_test.java:107)

08-06 14:10:10.474  7940  7940 I LSPosed-Bridge: 	at de.robv.android.xposed.XposedBridge$AdditionalHookInfo.callback(Unknown Source:147)

08-06 14:10:10.474  7940  7940 I LSPosed-Bridge: 	at LSPHooker_.getRunningAppProcesses(Unknown Source:8)

08-06 14:10:10.474  7940  7940 I LSPosed-Bridge: 	at com.ss.android.common.util.ToolUtils.getCurProcessName(SourceFile:5)

08-06 14:10:10.474  7940  7940 I LSPosed-Bridge: 	at com.ss.android.common.util.ToolUtils.isMainProcess(SourceFile:1)

08-06 14:10:10.474  7940  7940 I LSPosed-Bridge: 	at com.bytedance.push.settings.storage.MainProcessSettingsProvider.b(SourceFile:1)

08-06 14:10:10.474  7940  7940 I LSPosed-Bridge: 	at com.bytedance.push.settings.storage.h.a(SourceFile:15)

08-06 14:10:10.474  7940  7940 I LSPosed-Bridge: 	at com.bytedance.push.settings.storage.h.a(SourceFile:7)

08-06 14:10:10.474  7940  7940 I LSPosed-Bridge: 	at com.bytedance.push.settings.i.b(SourceFile:9)

08-06 14:10:10.474  7940  7940 I LSPosed-Bridge: 	at com.bytedance.push.settings.i.a(SourceFile:4)

08-06 14:10:10.474  7940  7940 I LSPosed-Bridge: 	at com.bytedance.push.settings.l.a(SourceFile:4)

08-06 14:10:10.474  7940  7940 I LSPosed-Bridge: 	at com.bytedance.push.notification.h.init(SourceFile:5)

08-06 14:10:10.474  7940  7940 I LSPosed-Bridge: 	at com.bytedance.push.f.c(SourceFile:1)

08-06 14:10:10.474  7940  7940 I LSPosed-Bridge: 	at com.bytedance.push.f.a(SourceFile:6)

08-06 14:10:10.474  7940  7940 I LSPosed-Bridge: 	at com.bytedance.push.PushImpl.a(SourceFile:9)

08-06 14:10:10.474  7940  7940 I LSPosed-Bridge: 	at com.bytedance.push.PushImpl.a(SourceFile:5)

08-06 14:10:10.474  7940  7940 I LSPosed-Bridge: 	at com.bytedance.push.z.d.a(SourceFile:21)

08-06 14:10:10.474  7940  7940 I LSPosed-Bridge: 	at com.bytedance.push.z.b.a(SourceFile:8)

08-06 14:10:10.474  7940  7940 I LSPosed-Bridge: 	at com.bytedance.push.z.b.b(SourceFile:1)

08-06 14:10:10.474  7940  7940 I LSPosed-Bridge: 	at com.lm.components.push.a.e(SourceFile:5)

08-06 14:10:10.474  7940  7940 I LSPosed-Bridge: 	at com.lemon.faceu.ShellApplication.b(SourceFile:3)

08-06 14:10:10.474  7940  7940 I LSPosed-Bridge: 	at com.lemon.faceu.ShellApplication.onCreate(SourceFile:2)

08-06 14:10:10.474  7940  7940 I LSPosed-Bridge: 	at android.app.Instrumentation.callApplicationOnCreate(Instrumentation.java:1155)

08-06 14:10:10.474  7940  7940 I LSPosed-Bridge: 	at android.app.ActivityThread.handleBindApplication(ActivityThread.java:5885)

08-06 14:10:10.474  7940  7940 I LSPosed-Bridge: 	at android.app.ActivityThread.access$1100(ActivityThread.java:200)

08-06 14:10:10.474  7940  7940 I LSPosed-Bridge: 	at android.app.ActivityThread$H.handleMessage(ActivityThread.java:1651)

08-06 14:10:10.474  7940  7940 I LSPosed-Bridge: 	at android.os.Handler.dispatchMessage(Handler.java:106)

08-06 14:10:10.474  7940  7940 I LSPosed-Bridge: 	at android.os.Looper.loop(Looper.java:193)

08-06 14:10:10.474  7940  7940 I LSPosed-Bridge: 	at android.app.ActivityThread.main(ActivityThread.java:6692)

08-06 14:10:10.474  7940  7940 I LSPosed-Bridge: 	at java.lang.reflect.Method.invoke(Native Method)

08-06 14:10:10.474  7940  7940 I LSPosed-Bridge: 	at com.android.internal.os.RuntimeInit$MethodAndArgsCaller.run(RuntimeInit.java:493)

08-06 14:10:10.474  7940  7940 I LSPosed-Bridge: 	at com.android.internal.os.ZygoteInit.main(ZygoteInit.java:858)

08-06 14:10:10.531  7940  8057 I LSPosed-Bridge: 7940 PermLabel permName: android.permission.READ_PHONE_STATE; getRunningAppProcesses =[android.app.ActivityManager$RunningAppProcessInfo@db1dfd7, android.app.ActivityManager$RunningAppProcessInfo@e3a00c4, android.app.ActivityManager$RunningAppProcessInfo@6863bad]; stacktrace=java.lang.Exception

08-06 14:10:10.531  7940  8057 I LSPosed-Bridge: 	at com.example.permlabel.hookBinder_test$2.afterHookedMethod(hookBinder_test.java:107)

08-06 14:10:10.531  7940  8057 I LSPosed-Bridge: 	at de.robv.android.xposed.XposedBridge$AdditionalHookInfo.callback(Unknown Source:147)

08-06 14:10:10.531  7940  8057 I LSPosed-Bridge: 	at LSPHooker_.getRunningAppProcesses(Unknown Source:8)

08-06 14:10:10.531  7940  8057 I LSPosed-Bridge: 	at com.ss.android.message.util.ToolUtils.isMainProcessStart(SourceFile:2)

08-06 14:10:10.531  7940  8057 I LSPosed-Bridge: 	at com.ss.android.pushmanager.setting.PushMultiProcessSharedProvider.allowStartOthersProcess(SourceFile:2)

08-06 14:10:10.531  7940  8057 I LSPosed-Bridge: 	at com.ss.android.pushmanager.setting.PushMultiProcessSharedProvider$MultiProcessShared.getString(SourceFile:1)

08-06 14:10:10.531  7940  8057 I LSPosed-Bridge: 	at com.ss.android.newmedia.redbadge.setting.RedbadgeSetting.getDesktopRedBadgeArgs(SourceFile:1)

08-06 14:10:10.531  7940  8057 I LSPosed-Bridge: 	at com.ss.android.newmedia.redbadge.RedBadgeController.loadConfig(SourceFile:2)

08-06 14:10:10.531  7940  8057 I LSPosed-Bridge: 	at com.ss.android.newmedia.redbadge.RedBadgeController.<init>(SourceFile:12)

08-06 14:10:10.531  7940  8057 I LSPosed-Bridge: 	at com.ss.android.newmedia.redbadge.RedBadgeController.inst(SourceFile:4)

08-06 14:10:10.531  7940  8057 I LSPosed-Bridge: 	at com.ss.android.newmedia.redbadge.RedbadgeService$1.run(SourceFile:1)

08-06 14:10:10.531  7940  8057 I LSPosed-Bridge: 	at android.os.Handler.handleCallback(Handler.java:873)

08-06 14:10:10.531  7940  8057 I LSPosed-Bridge: 	at android.os.Handler.dispatchMessage(Handler.java:99)

08-06 14:10:10.531  7940  8057 I LSPosed-Bridge: 	at android.os.Looper.loop(Looper.java:193)

08-06 14:10:10.531  7940  8057 I LSPosed-Bridge: 	at android.os.HandlerThread.run(HandlerThread.java:65)

08-06 14:10:10.544  7940  7940 I LSPosed-Bridge: 7940 PermLabel getRunningAppProcesses importance: 125 pid: 7918

08-06 14:10:10.544  7940  7940 I LSPosed-Bridge: 7940 PermLabel getRunningAppProcesses packageName com.lemon.faceu at index 0 in process 7918

08-06 14:10:10.544  7940  7940 I LSPosed-Bridge: 7940 PermLabel getRunningAppProcesses =android.app.ActivityManager$RunningAppProcessInfo@b9cd83a

08-06 14:10:10.544  7940  7940 I LSPosed-Bridge: 7940 PermLabel getRunningAppProcesses processName: com.lemon.faceu pid: 6685

08-06 14:10:10.544  7940  7940 I LSPosed-Bridge: 7940 PermLabel getRunningAppProcesses importance: 100 pid: 6685

08-06 14:10:10.544  7940  7940 I LSPosed-Bridge: 7940 PermLabel getRunningAppProcesses packageName com.lemon.faceu at index 0 in process 6685

08-06 14:10:10.544  7940  7940 I LSPosed-Bridge: 7940 PermLabel permName: android.permission.READ_PHONE_STATE; getRunningAppProcesses =[android.app.ActivityManager$RunningAppProcessInfo@e76a45c, android.app.ActivityManager$RunningAppProcessInfo@9c03365, android.app.ActivityManager$RunningAppProcessInfo@b9cd83a]; stacktrace=java.lang.Exception

08-06 14:10:10.544  7940  7940 I LSPosed-Bridge: 	at com.example.permlabel.hookBinder_test$2.afterHookedMethod(hookBinder_test.java:107)

08-06 14:10:10.544  7940  7940 I LSPosed-Bridge: 	at de.robv.android.xposed.XposedBridge$AdditionalHookInfo.callback(Unknown Source:147)

08-06 14:10:10.544  7940  7940 I LSPosed-Bridge: 	at LSPHooker_.getRunningAppProcesses(Unknown Source:8)

08-06 14:10:10.544  7940  7940 I LSPosed-Bridge: 	at com.bytedance.news.common.settings.internal.l.a(SourceFile:5)

08-06 14:10:10.544  7940  7940 I LSPosed-Bridge: 	at com.lemon.faceu.ShellApplication.b(SourceFile:5)

08-06 14:10:10.544  7940  7940 I LSPosed-Bridge: 	at com.lemon.faceu.ShellApplication.onCreate(SourceFile:2)

08-06 14:10:10.544  7940  7940 I LSPosed-Bridge: 	at android.app.Instrumentation.callApplicationOnCreate(Instrumentation.java:1155)

08-06 14:10:10.544  7940  7940 I LSPosed-Bridge: 	at android.app.ActivityThread.handleBindApplication(ActivityThread.java:5885)

08-06 14:10:10.544  7940  7940 I LSPosed-Bridge: 	at android.app.ActivityThread.access$1100(ActivityThread.java:200)

08-06 14:10:10.544  7940  7940 I LSPosed-Bridge: 	at android.app.ActivityThread$H.handleMessage(ActivityThread.java:1651)

08-06 14:10:10.544  7940  7940 I LSPosed-Bridge: 	at android.os.Handler.dispatchMessage(Handler.java:106)

08-06 14:10:10.544  7940  7940 I LSPosed-Bridge: 	at android.os.Looper.loop(Looper.java:193)

08-06 14:10:10.544  7940  7940 I LSPosed-Bridge: 	at android.app.ActivityThread.main(ActivityThread.java:6692)

08-06 14:10:10.544  7940  7940 I LSPosed-Bridge: 	at java.lang.reflect.Method.invoke(Native Method)

08-06 14:10:10.544  7940  7940 I LSPosed-Bridge: 	at com.android.internal.os.RuntimeInit$MethodAndArgsCaller.run(RuntimeInit.java:493)

08-06 14:10:10.544  7940  7940 I LSPosed-Bridge: 	at com.android.internal.os.ZygoteInit.main(ZygoteInit.java:858)

08-06 14:10:10.547  7940  7940 I LSPosed-Bridge: 7940 PermLabel hookBinder_test 10122 interfaceBinder =android.app.IActivityManager; arg0 = 81; arg1 = android.os.Parcel@2ce8064; arg2 = android.os.Parcel@8f4ec55; arg3 = 0; res = true; stacktrace=java.lang.Exception

08-06 14:10:10.547  7940  7940 I LSPosed-Bridge: 	at com.example.permlabel.hookBinder_test$1.afterHookedMethod(hookBinder_test.java:67)

08-06 14:10:10.547  7940  7940 I LSPosed-Bridge: 	at de.robv.android.xposed.XposedBridge$AdditionalHookInfo.callback(Unknown Source:147)

08-06 14:10:10.547  7940  7940 I LSPosed-Bridge: 	at LSPHooker_.transact(Unknown Source:28)

08-06 14:10:10.547  7940  7940 I LSPosed-Bridge: 	at android.app.IActivityManager$Stub$Proxy.getRunningAppProcesses(IActivityManager.java:5366)

08-06 14:10:10.547  7940  7940 I LSPosed-Bridge: 	at android.app.ActivityManager.getRunningAppProcesses(ActivityManager.java:3435)

08-06 14:10:10.547  7940  7940 I LSPosed-Bridge: 	at java.lang.reflect.Method.invoke(Native Method)

08-06 14:10:10.547  7940  7940 I LSPosed-Bridge: 	at org.lsposed.lspd.nativebridge.HookBridge.invokeOriginalMethod(Native Method)

08-06 14:10:10.547  7940  7940 I LSPosed-Bridge: 	at de.robv.android.xposed.XposedBridge$AdditionalHookInfo.callback(Unknown Source:110)

08-06 14:10:10.547  7940  7940 I LSPosed-Bridge: 	at LSPHooker_.getRunningAppProcesses(Unknown Source:8)

08-06 14:10:10.547  7940  7940 I LSPosed-Bridge: 	at com.lm.components.utils.v.a(SourceFile:13)

08-06 14:10:10.547  7940  7940 I LSPosed-Bridge: 	at com.lm.components.utils.v.a(SourceFile:10)

08-06 14:10:10.547  7940  7940 I LSPosed-Bridge: 	at com.lemon.faceu.ShellApplication.b(SourceFile:6)

08-06 14:10:10.547  7940  7940 I LSPosed-Bridge: 	at com.lemon.faceu.ShellApplication.onCreate(SourceFile:2)

08-06 14:10:10.547  7940  7940 I LSPosed-Bridge: 	at android.app.Instrumentation.callApplicationOnCreate(Instrumentation.java:1155)

08-06 14:10:10.547  7940  7940 I LSPosed-Bridge: 	at android.app.ActivityThread.handleBindApplication(ActivityThread.java:5885)

08-06 14:10:10.547  7940  7940 I LSPosed-Bridge: 	at android.app.ActivityThread.access$1100(ActivityThread.java:200)

08-06 14:10:10.547  7940  7940 I LSPosed-Bridge: 	at android.app.ActivityThread$H.handleMessage(ActivityThread.java:1651)

08-06 14:10:10.547  7940  7940 I LSPosed-Bridge: 	at android.os.Handler.dispatchMessage(Handler.java:106)

08-06 14:10:10.547  7940  7940 I LSPosed-Bridge: 	at android.os.Looper.loop(Looper.java:193)

08-06 14:10:10.547  7940  7940 I LSPosed-Bridge: 	at android.app.ActivityThread.main(ActivityThread.java:6692)

08-06 14:10:10.547  7940  7940 I LSPosed-Bridge: 	at java.lang.reflect.Method.invoke(Native Method)

08-06 14:10:10.547  7940  7940 I LSPosed-Bridge: 	at com.android.internal.os.RuntimeInit$MethodAndArgsCaller.run(RuntimeInit.java:493)

08-06 14:10:10.547  7940  7940 I LSPosed-Bridge: 	at com.android.internal.os.ZygoteInit.main(ZygoteInit.java:858)

08-06 14:10:10.547  7940  7940 I LSPosed-Bridge: 7940 PermLabel getRunningAppProcesses =android.app.ActivityManager$RunningAppProcessInfo@8703e06

08-06 14:10:10.547  7940  7940 I LSPosed-Bridge: 7940 PermLabel getRunningAppProcesses processName: com.lemon.faceu:push pid: 7940

08-06 14:10:10.547  7940  7940 I LSPosed-Bridge: 7940 PermLabel getRunningAppProcesses importance: 125 pid: 7940

08-06 14:10:10.547  7940  7940 I LSPosed-Bridge: 7940 PermLabel getRunningAppProcesses packageName com.lemon.faceu at index 0 in process 7940

08-06 14:10:10.547  7940  7940 I LSPosed-Bridge: 7940 PermLabel getRunningAppProcesses =android.app.ActivityManager$RunningAppProcessInfo@9546cc7

08-06 14:10:10.547  7940  7940 I LSPosed-Bridge: 7940 PermLabel getRunningAppProcesses processName: com.lemon.faceu:pushservice pid: 7918

08-06 14:10:10.547  7940  7940 I LSPosed-Bridge: 7940 PermLabel getRunningAppProcesses importance: 125 pid: 7918

08-06 14:10:10.547  7940  7940 I LSPosed-Bridge: 7940 PermLabel getRunningAppProcesses packageName com.lemon.faceu at index 0 in process 7918

08-06 14:10:10.547  7940  7940 I LSPosed-Bridge: 7940 PermLabel getRunningAppProcesses =android.app.ActivityManager$RunningAppProcessInfo@b0122f4

08-06 14:10:10.547  7940  7940 I LSPosed-Bridge: 7940 PermLabel getRunningAppProcesses processName: com.lemon.faceu pid: 6685

08-06 14:10:10.547  7940  7940 I LSPosed-Bridge: 7940 PermLabel getRunningAppProcesses importance: 100 pid: 6685

08-06 14:10:10.547  7940  7940 I LSPosed-Bridge: 7940 PermLabel getRunningAppProcesses packageName com.lemon.faceu at index 0 in process 6685

08-06 14:10:10.547  7940  7940 I LSPosed-Bridge: 7940 PermLabel permName: android.permission.READ_PHONE_STATE; getRunningAppProcesses =[android.app.ActivityManager$RunningAppProcessInfo@8703e06, android.app.ActivityManager$RunningAppProcessInfo@9546cc7, android.app.ActivityManager$RunningAppProcessInfo@b0122f4]; stacktrace=java.lang.Exception

08-06 14:10:10.547  7940  7940 I LSPosed-Bridge: 	at com.example.permlabel.hookBinder_test$2.afterHookedMethod(hookBinder_test.java:107)

08-06 14:10:10.547  7940  7940 I LSPosed-Bridge: 	at de.robv.android.xposed.XposedBridge$AdditionalHookInfo.callback(Unknown Source:147)

08-06 14:10:10.547  7940  7940 I LSPosed-Bridge: 	at LSPHooker_.getRunningAppProcesses(Unknown Source:8)

08-06 14:10:10.547  7940  7940 I LSPosed-Bridge: 	at com.lm.components.utils.v.a(SourceFile:13)

08-06 14:10:10.547  7940  7940 I LSPosed-Bridge: 	at com.lm.components.utils.v.a(SourceFile:10)

08-06 14:10:10.547  7940  7940 I LSPosed-Bridge: 	at com.lemon.faceu.ShellApplication.b(SourceFile:6)

08-06 14:10:10.547  7940  7940 I LSPosed-Bridge: 	at com.lemon.faceu.ShellApplication.onCreate(SourceFile:2)

08-06 14:10:10.547  7940  7940 I LSPosed-Bridge: 	at android.app.Instrumentation.callApplicationOnCreate(Instrumentation.java:1155)

08-06 14:10:10.547  7940  7940 I LSPosed-Bridge: 	at android.app.ActivityThread.handleBindApplication(ActivityThread.java:5885)

08-06 14:10:10.547  7940  7940 I LSPosed-Bridge: 	at android.app.ActivityThread.access$1100(ActivityThread.java:200)

08-06 14:10:10.547  7940  7940 I LSPosed-Bridge: 	at android.app.ActivityThread$H.handleMessage(ActivityThread.java:1651)

08-06 14:10:10.547  7940  7940 I LSPosed-Bridge: 	at android.os.Handler.dispatchMessage(Handler.java:106)

08-06 14:10:10.547  7940  7940 I LSPosed-Bridge: 	at android.os.Looper.loop(Looper.java:193)

08-06 14:10:10.547  7940  7940 I LSPosed-Bridge: 	at android.app.ActivityThread.main(ActivityThread.java:6692)

08-06 14:10:10.547  7940  7940 I LSPosed-Bridge: 	at java.lang.reflect.Method.invoke(Native Method)

08-06 14:10:10.547  7940  7940 I LSPosed-Bridge: 	at com.android.internal.os.RuntimeInit$MethodAndArgsCaller.run(RuntimeInit.java:493)

08-06 14:10:10.547  7940  7940 I LSPosed-Bridge: 	at com.android.internal.os.ZygoteInit.main(ZygoteInit.java:858)

08-06 14:10:30.540  6685  6756 I LSPosed-Bridge: 6685 PermLabel getRunningAppProcesses =android.app.ActivityManager$RunningAppProcessInfo@9ce626d

08-06 14:10:30.540  6685  6756 I LSPosed-Bridge: 6685 PermLabel getRunningAppProcesses processName: com.lemon.faceu:pushservice pid: 7918

08-06 14:10:30.540  6685  6756 I LSPosed-Bridge: 6685 PermLabel getRunningAppProcesses importance: 100 pid: 7918

08-06 14:10:30.540  6685  6756 I LSPosed-Bridge: 6685 PermLabel getRunningAppProcesses packageName com.lemon.faceu at index 0 in process 7918

08-06 14:10:30.540  6685  6756 I LSPosed-Bridge: 6685 PermLabel getRunningAppProcesses =android.app.ActivityManager$RunningAppProcessInfo@3b20733

08-06 14:10:30.540  6685  6756 I LSPosed-Bridge: 6685 PermLabel getRunningAppProcesses processName: com.lemon.faceu pid: 6685

08-06 14:10:30.540  6685  6756 I LSPosed-Bridge: 6685 PermLabel getRunningAppProcesses importance: 100 pid: 6685

08-06 14:10:30.540  6685  6756 I LSPosed-Bridge: 6685 PermLabel getRunningAppProcesses packageName com.lemon.faceu at index 0 in process 6685

08-06 14:10:30.540  6685  6756 I LSPosed-Bridge: 6685 PermLabel permName: android.permission.READ_PHONE_STATE; getRunningAppProcesses =[android.app.ActivityManager$RunningAppProcessInfo@6038a84, android.app.ActivityManager$RunningAppProcessInfo@9ce626d, android.app.ActivityManager$RunningAppProcessInfo@3b20733]; stacktrace=java.lang.Exception

08-06 14:10:30.540  6685  6756 I LSPosed-Bridge: 	at com.example.permlabel.hookBinder_test$2.afterHookedMethod(hookBinder_test.java:107)

08-06 14:10:30.540  6685  6756 I LSPosed-Bridge: 	at de.robv.android.xposed.XposedBridge$AdditionalHookInfo.callback(Unknown Source:147)

08-06 14:10:30.540  6685  6756 I LSPosed-Bridge: 	at LSPHooker_.getRunningAppProcesses(Unknown Source:8)

08-06 14:10:30.540  6685  6756 I LSPosed-Bridge: 	at com.ss.android.message.util.ToolUtils.isMainProcessStart(SourceFile:2)

08-06 14:10:30.540  6685  6756 I LSPosed-Bridge: 	at com.ss.android.pushmanager.setting.PushMultiProcessSharedProvider.allowStartOthersProcess(SourceFile:2)

08-06 14:10:30.540  6685  6756 I LSPosed-Bridge: 	at com.ss.android.pushmanager.setting.PushMultiProcessSharedProvider$Editor.apply(SourceFile:1)

08-06 14:10:30.540  6685  6756 I LSPosed-Bridge: 	at com.ss.android.newmedia.redbadge.setting.RedbadgeSetting.setRedBadgeLaunchTimes(SourceFile:1)

08-06 14:10:30.540  6685  6756 I LSPosed-Bridge: 	at com.ss.android.newmedia.redbadge.RedBadgeControlClient.saveTimeParas(SourceFile:1)

08-06 14:10:30.540  6685  6756 I LSPosed-Bridge: 	at com.ss.android.newmedia.redbadge.RedBadgeControlClient.handleTimeParasChange(SourceFile:19)

08-06 14:10:30.540  6685  6756 I LSPosed-Bridge: 	at com.ss.android.newmedia.redbadge.RedBadgeControlClient.handleMsg(SourceFile:16)

08-06 14:10:30.540  6685  6756 I LSPosed-Bridge: 	at com.bytedance.common.utility.collection.WeakHandler.handleMessage(SourceFile:2)

08-06 14:10:30.540  6685  6756 I LSPosed-Bridge: 	at android.os.Handler.dispatchMessage(Handler.java:106)

08-06 14:10:30.540  6685  6756 I LSPosed-Bridge: 	at android.os.Looper.loop(Looper.java:193)

08-06 14:10:30.540  6685  6756 I LSPosed-Bridge: 	at android.os.HandlerThread.run(HandlerThread.java:65)

08-06 14:10:30.588  6685  6756 I LSPosed-Bridge: 6685 PermLabel hookBinder_test 10122 interfaceBinder =android.app.IActivityManager; arg0 = 81; arg1 = android.os.Parcel@f726bdd; arg2 = android.os.Parcel@80c0ffa; arg3 = 0; res = true; stacktrace=java.lang.Exception

08-06 14:10:30.588  6685  6756 I LSPosed-Bridge: 	at com.example.permlabel.hookBinder_test$1.afterHookedMethod(hookBinder_test.java:67)

08-06 14:10:30.588  6685  6756 I LSPosed-Bridge: 	at de.robv.android.xposed.XposedBridge$AdditionalHookInfo.callback(Unknown Source:147)

08-06 14:10:30.588  6685  6756 I LSPosed-Bridge: 	at LSPHooker_.transact(Unknown Source:28)

08-06 14:10:30.588  6685  6756 I LSPosed-Bridge: 	at android.app.IActivityManager$Stub$Proxy.getRunningAppProcesses(IActivityManager.java:5366)

08-06 14:10:30.588  6685  6756 I LSPosed-Bridge: 	at android.app.ActivityManager.getRunningAppProcesses(ActivityManager.java:3435)

08-06 14:10:30.588  6685  6756 I LSPosed-Bridge: 	at java.lang.reflect.Method.invoke(Native Method)

08-06 14:10:30.588  6685  6756 I LSPosed-Bridge: 	at org.lsposed.lspd.nativebridge.HookBridge.invokeOriginalMethod(Native Method)

08-06 14:10:30.588  6685  6756 I LSPosed-Bridge: 	at de.robv.android.xposed.XposedBridge$AdditionalHookInfo.callback(Unknown Source:110)

08-06 14:10:30.588  6685  6756 I LSPosed-Bridge: 	at LSPHooker_.getRunningAppProcesses(Unknown Source:8)

08-06 14:10:30.588  6685  6756 I LSPosed-Bridge: 	at com.ss.android.message.util.ToolUtils.isMainProcessStart(SourceFile:2)

08-06 14:10:30.588  6685  6756 I LSPosed-Bridge: 	at com.ss.android.pushmanager.setting.PushMultiProcessSharedProvider.allowStartOthersProcess(SourceFile:2)

08-06 14:10:30.588  6685  6756 I LSPosed-Bridge: 	at com.ss.android.pushmanager.setting.PushMultiProcessSharedProvider$Editor.apply(SourceFile:1)

08-06 14:10:30.588  6685  6756 I LSPosed-Bridge: 	at com.ss.android.newmedia.redbadge.setting.RedbadgeSetting.setRedBadgeBadgeShowTimes(SourceFile:1)

08-06 14:10:30.588  6685  6756 I LSPosed-Bridge: 	at com.ss.android.newmedia.redbadge.RedBadgeControlClient.saveTimeParas(SourceFile:2)

08-06 14:10:30.588  6685  6756 I LSPosed-Bridge: 	at com.ss.android.newmedia.redbadge.RedBadgeControlClient.handleTimeParasChange(SourceFile:19)

08-06 14:10:30.588  6685  6756 I LSPosed-Bridge: 	at com.ss.android.newmedia.redbadge.RedBadgeControlClient.handleMsg(SourceFile:16)

08-06 14:10:30.588  6685  6756 I LSPosed-Bridge: 	at com.bytedance.common.utility.collection.WeakHandler.handleMessage(SourceFile:2)

08-06 14:10:30.588  6685  6756 I LSPosed-Bridge: 	at android.os.Handler.dispatchMessage(Handler.java:106)

08-06 14:10:30.588  6685  6756 I LSPosed-Bridge: 	at android.os.Looper.loop(Looper.java:193)

08-06 14:10:30.588  6685  6756 I LSPosed-Bridge: 	at android.os.HandlerThread.run(HandlerThread.java:65)

08-06 14:10:30.588  2265  2265 I .gms.persisten: Rejecting re-init on previously-failed class java.lang.Class<azrz>: java.lang.NoClassDefFoundError: Failed resolution of: Landroid/net/ConnectivityManager$OnTetheringEntitlementResultListener;

08-06 14:10:30.588  2265  2265 I .gms.persisten:   at azqj azqh.a(android.content.Context) (:com.google.android.gms@232617028@23.26.17 (100400-551657477):1)

08-06 14:10:30.588  2265  2265 I .gms.persisten:   at void azpo.<init>(android.content.Context) (:com.google.android.gms@232617028@23.26.17 (100400-551657477):13)

08-06 14:10:30.588  2265  2265 I .gms.persisten:   at azpo azpo.a(android.content.Context) (:com.google.android.gms@232617028@23.26.17 (100400-551657477):20)

08-06 14:10:30.588  2265  2265 I .gms.persisten:   at void com.google.android.gms.magictether.host.TetherListenerChimeraService.d(android.content.Context, boolean) (:com.google.android.gms@232617028@23.26.17 (100400-551657477):16)

08-06 14:10:30.588  2265  2265 I .gms.persisten:   at void com.google.android.gms.magictether.host.TetherListenerChimeraService.onDestroy() (:com.google.android.gms@232617028@23.26.17 (100400-551657477):18)

08-06 14:10:30.588  2265  2265 I .gms.persisten:   at void abdz.onDestroy() (:com.google.android.gms@232617028@23.26.17 (100400-551657477):18)

08-06 14:10:30.588  2265  2265 I .gms.persisten:   at void android.app.ActivityThread.handleStopService(android.os.IBinder) (ActivityThread.java:3698)

08-06 14:10:30.588  2265  2265 I .gms.persisten:   at void android.app.ActivityThread.access$1700(android.app.ActivityThread, android.os.IBinder) (ActivityThread.java:200)

08-06 14:10:30.588  2265  2265 I .gms.persisten:   at void android.app.ActivityThread$H.handleMessage(android.os.Message) (ActivityThread.java:1687)

08-06 14:10:30.588  2265  2265 I .gms.persisten:   at void android.os.Handler.dispatchMessage(android.os.Message) (Handler.java:106)

08-06 14:10:30.588  2265  2265 I .gms.persisten:   at void android.os.Looper.loop() (Looper.java:193)

08-06 14:10:30.588  2265  2265 I .gms.persisten:   at void android.app.ActivityThread.main(java.lang.String[]) (ActivityThread.java:6692)

08-06 14:10:30.588  2265  2265 I .gms.persisten:   at java.lang.Object java.lang.reflect.Method.invoke(java.lang.Object, java.lang.Object[]) (Method.java:-2)

08-06 14:10:30.588  2265  2265 I .gms.persisten:   at void com.android.internal.os.RuntimeInit$MethodAndArgsCaller.run() (RuntimeInit.java:493)

08-06 14:10:30.588  2265  2265 I .gms.persisten:   at void com.android.internal.os.ZygoteInit.main(java.lang.String[]) (ZygoteInit.java:858)

08-06 14:10:30.588  6685  6756 I LSPosed-Bridge: 6685 PermLabel getRunningAppProcesses =android.app.ActivityManager$RunningAppProcessInfo@284d020

08-06 14:10:30.588  2265  2265 I .gms.persisten: Caused by: java.lang.ClassNotFoundException: Didn't find class "android.net.ConnectivityManager$OnTetheringEntitlementResultListener" on path: DexPathList[[zip file "/system/framework/org.apache.http.legacy.boot.jar", zip file "/system/framework/com.android.media.remotedisplay.jar", zip file "/system/framework/com.android.location.provider.jar", zip file "/data/app/com.google.android.gms--7RXEbQgKjaTSdr7g8rPrg==/base.apk", zip file "/data/app/com.google.android.gms--7RXEbQgKjaTSdr7g8rPrg==/split_config.en.apk", zip file "/data/app/com.google.android.gms--7RXEbQgKjaTSdr7g8rPrg==/split_config.xhdpi.apk"],nativeLibraryDirectories=[/data/app/com.google.android.gms--7RXEbQgKjaTSdr7g8rPrg==/lib/arm64, /data/app/com.google.android.gms--7RXEbQgKjaTSdr7g8rPrg==/base.apk!/lib/arm64-v8a, /data/app/com.google.android.gms--7RXEbQgKjaTSdr7g8rPrg==/split_config.en.apk!/lib/arm64-v8a, /data/app/com.google.android.gms--7RXEbQgKjaTSdr7g8rPrg==/split_config.xhdpi.apk!/lib/arm64-v8a, /system/lib64, /vendor/lib64]]

08-06 14:10:30.588  2265  2265 I .gms.persisten:   at java.lang.Class dalvik.system.BaseDexClassLoader.findClass(java.lang.String) (BaseDexClassLoader.java:134)

08-06 14:10:30.588  2265  2265 I .gms.persisten:   at java.lang.Class java.lang.ClassLoader.loadClass(java.lang.String, boolean) (ClassLoader.java:379)

08-06 14:10:30.588  2265  2265 I .gms.persisten:   at java.lang.Class java.lang.ClassLoader.loadClass(java.lang.String) (ClassLoader.java:312)

08-06 14:10:30.588  2265  2265 I .gms.persisten:   at azqj azqh.a(android.content.Context) (:com.google.android.gms@232617028@23.26.17 (100400-551657477):1)

08-06 14:10:30.588  2265  2265 I .gms.persisten:   at void azpo.<init>(android.content.Context) (:com.google.android.gms@232617028@23.26.17 (100400-551657477):13)

08-06 14:10:30.588  6685  6756 I LSPosed-Bridge: 6685 PermLabel getRunningAppProcesses processName: com.lemon.faceu:push pid: 7940

08-06 14:10:30.588  2265  2265 I .gms.persisten:   at azpo azpo.a(android.content.Context) (:com.google.android.gms@232617028@23.26.17 (100400-551657477):20)

08-06 14:10:30.588  2265  2265 I .gms.persisten:   at void com.google.android.gms.magictether.host.TetherListenerChimeraService.d(android.content.Context, boolean) (:com.google.android.gms@232617028@23.26.17 (100400-551657477):16)

08-06 14:10:30.588  2265  2265 I .gms.persisten:   at void com.google.android.gms.magictether.host.TetherListenerChimeraService.onDestroy() (:com.google.android.gms@232617028@23.26.17 (100400-551657477):18)

08-06 14:10:30.588  2265  2265 I .gms.persisten:   at void abdz.onDestroy() (:com.google.android.gms@232617028@23.26.17 (100400-551657477):18)

08-06 14:10:30.588  6685  6756 I LSPosed-Bridge: 6685 PermLabel getRunningAppProcesses importance: 100 pid: 7940

08-06 14:10:30.588  2265  2265 I .gms.persisten:   at void android.app.ActivityThread.handleStopService(android.os.IBinder) (ActivityThread.java:3698)

08-06 14:10:30.588  2265  2265 I .gms.persisten:   at void android.app.ActivityThread.access$1700(android.app.ActivityThread, android.os.IBinder) (ActivityThread.java:200)

08-06 14:10:30.588  2265  2265 I .gms.persisten:   at void android.app.ActivityThread$H.handleMessage(android.os.Message) (ActivityThread.java:1687)

08-06 14:10:30.588  2265  2265 I .gms.persisten:   at void android.os.Handler.dispatchMessage(android.os.Message) (Handler.java:106)

08-06 14:10:30.588  6685  6756 I LSPosed-Bridge: 6685 PermLabel getRunningAppProcesses packageName com.lemon.faceu at index 0 in process 7940

08-06 14:10:30.588  2265  2265 I .gms.persisten:   at void android.os.Looper.loop() (Looper.java:193)

08-06 14:10:30.588  2265  2265 I .gms.persisten:   at void android.app.ActivityThread.main(java.lang.String[]) (ActivityThread.java:6692)

08-06 14:10:30.588  2265  2265 I .gms.persisten:   at java.lang.Object java.lang.reflect.Method.invoke(java.lang.Object, java.lang.Object[]) (Method.java:-2)

08-06 14:10:30.588  2265  2265 I .gms.persisten:   at void com.android.internal.os.RuntimeInit$MethodAndArgsCaller.run() (RuntimeInit.java:493)

08-06 14:10:30.588  2265  2265 I .gms.persisten:   at void com.android.internal.os.ZygoteInit.main(java.lang.String[]) (ZygoteInit.java:858)

08-06 14:10:30.588  6685  6756 I LSPosed-Bridge: 6685 PermLabel getRunningAppProcesses =android.app.ActivityManager$RunningAppProcessInfo@2b68dd9

08-06 14:10:30.588  2265  2265 I .gms.persisten: 

08-06 14:10:30.588  6685  6756 I LSPosed-Bridge: 6685 PermLabel getRunningAppProcesses processName: com.lemon.faceu:pushservice pid: 7918

08-06 14:10:30.588  6685  6756 I LSPosed-Bridge: 6685 PermLabel getRunningAppProcesses importance: 100 pid: 7918

08-06 14:10:30.588  6685  6756 I LSPosed-Bridge: 6685 PermLabel getRunningAppProcesses packageName com.lemon.faceu at index 0 in process 7918

08-06 14:10:30.588  6685  6756 I LSPosed-Bridge: 6685 PermLabel getRunningAppProcesses =android.app.ActivityManager$RunningAppProcessInfo@5c8b39e

08-06 14:10:30.588  6685  6756 I LSPosed-Bridge: 6685 PermLabel getRunningAppProcesses processName: com.lemon.faceu pid: 6685

08-06 14:10:30.588  6685  6756 I LSPosed-Bridge: 6685 PermLabel getRunningAppProcesses importance: 100 pid: 6685

08-06 14:10:30.588  6685  6756 I LSPosed-Bridge: 6685 PermLabel getRunningAppProcesses packageName com.lemon.faceu at index 0 in process 6685

08-06 14:10:30.588  6685  6756 I LSPosed-Bridge: 6685 PermLabel permName: android.permission.READ_PHONE_STATE; getRunningAppProcesses =[android.app.ActivityManager$RunningAppProcessInfo@284d020, android.app.ActivityManager$RunningAppProcessInfo@2b68dd9, android.app.ActivityManager$RunningAppProcessInfo@5c8b39e]; stacktrace=java.lang.Exception

08-06 14:10:30.588  6685  6756 I LSPosed-Bridge: 	at com.example.permlabel.hookBinder_test$2.afterHookedMethod(hookBinder_test.java:107)

08-06 14:10:30.588  6685  6756 I LSPosed-Bridge: 	at de.robv.android.xposed.XposedBridge$AdditionalHookInfo.callback(Unknown Source:147)

08-06 14:10:30.588  6685  6756 I LSPosed-Bridge: 	at LSPHooker_.getRunningAppProcesses(Unknown Source:8)

08-06 14:10:30.588  6685  6756 I LSPosed-Bridge: 	at com.ss.android.message.util.ToolUtils.isMainProcessStart(SourceFile:2)

08-06 14:10:30.588  6685  6756 I LSPosed-Bridge: 	at com.ss.android.pushmanager.setting.PushMultiProcessSharedProvider.allowStartOthersProcess(SourceFile:2)

08-06 14:10:30.588  6685  6756 I LSPosed-Bridge: 	at com.ss.android.pushmanager.setting.PushMultiProcessSharedProvider$Editor.apply(SourceFile:1)

08-06 14:10:30.588  6685  6756 I LSPosed-Bridge: 	at com.ss.android.newmedia.redbadge.setting.RedbadgeSetting.setRedBadgeBadgeShowTimes(SourceFile:1)

08-06 14:10:30.588  6685  6756 I LSPosed-Bridge: 	at com.ss.android.newmedia.redbadge.RedBadgeControlClient.saveTimeParas(SourceFile:2)

08-06 14:10:30.588  6685  6756 I LSPosed-Bridge: 	at com.ss.android.newmedia.redbadge.RedBadgeControlClient.handleTimeParasChange(SourceFile:19)

08-06 14:10:30.588  6685  6756 I LSPosed-Bridge: 	at com.ss.android.newmedia.redbadge.RedBadgeControlClient.handleMsg(SourceFile:16)

08-06 14:10:30.588  6685  6756 I LSPosed-Bridge: 	at com.bytedance.common.utility.collection.WeakHandler.handleMessage(SourceFile:2)

08-06 14:10:30.588  6685  6756 I LSPosed-Bridge: 	at android.os.Handler.dispatchMessage(Handler.java:106)

08-06 14:10:30.588  6685  6756 I LSPosed-Bridge: 	at android.os.Looper.loop(Looper.java:193)

08-06 14:10:30.588  6685  6756 I LSPosed-Bridge: 	at android.os.HandlerThread.run(HandlerThread.java:65)

08-06 14:10:30.619  6685  6756 I LSPosed-Bridge: 6685 PermLabel permName: android.permission.READ_PHONE_STATE; getRunningAppProcesses =[android.app.ActivityManager$RunningAppProcessInfo@78b1f11, android.app.ActivityManager$RunningAppProcessInfo@1d99876, android.app.ActivityManager$RunningAppProcessInfo@75e0e77]; stacktrace=java.lang.Exception

08-06 14:10:30.619  6685  6756 I LSPosed-Bridge: 	at com.example.permlabel.hookBinder_test$2.afterHookedMethod(hookBinder_test.java:107)

08-06 14:10:30.619  6685  6756 I LSPosed-Bridge: 	at de.robv.android.xposed.XposedBridge$AdditionalHookInfo.callback(Unknown Source:147)

08-06 14:10:30.619  6685  6756 I LSPosed-Bridge: 	at LSPHooker_.getRunningAppProcesses(Unknown Source:8)

08-06 14:10:30.619  6685  6756 I LSPosed-Bridge: 	at com.ss.android.message.util.ToolUtils.isMainProcessStart(SourceFile:2)

08-06 14:10:30.619  6685  6756 I LSPosed-Bridge: 	at com.ss.android.pushmanager.setting.PushMultiProcessSharedProvider.allowStartOthersProcess(SourceFile:2)

08-06 14:10:30.619  6685  6756 I LSPosed-Bridge: 	at com.ss.android.pushmanager.setting.PushMultiProcessSharedProvider$Editor.apply(SourceFile:1)

08-06 14:10:30.619  6685  6756 I LSPosed-Bridge: 	at com.ss.android.newmedia.redbadge.setting.RedbadgeSetting.setRedBadgeLastTimeParas(SourceFile:1)

08-06 14:10:30.619  6685  6756 I LSPosed-Bridge: 	at com.ss.android.newmedia.redbadge.RedBadgeControlClient.saveTimeParas(SourceFile:3)

08-06 14:10:30.619  6685  6756 I LSPosed-Bridge: 	at com.ss.android.newmedia.redbadge.RedBadgeControlClient.handleTimeParasChange(SourceFile:19)

08-06 14:10:30.619  6685  6756 I LSPosed-Bridge: 	at com.ss.android.newmedia.redbadge.RedBadgeControlClient.handleMsg(SourceFile:16)

