08-06 14:10:34.388  6685  6756 I LSPosed-Bridge: 	at com.ss.android.pushmanager.setting.PushMultiProcessSharedProvider.allowStartOthersProcess(SourceFile:2)

08-06 14:10:34.388  6685  6756 I LSPosed-Bridge: 	at com.ss.android.pushmanager.setting.PushMultiProcessSharedProvider$Editor.apply(SourceFile:1)

08-06 14:10:34.388  6685  6756 I LSPosed-Bridge: 	at com.ss.android.pushmanager.setting.PushMultiProcessSharedProvider$Editor.apply(SourceFile:1)

08-06 14:10:34.388  6685  6756 I LSPosed-Bridge: 	at com.ss.android.newmedia.redbadge.setting.RedbadgeSetting.setRedBadgeLastLastTimeParas(SourceFile:1)

08-06 14:10:34.388  6685  6756 I LSPosed-Bridge: 	at com.ss.android.newmedia.redbadge.setting.RedbadgeSetting.setRedBadgeLastLastTimeParas(SourceFile:1)

08-06 14:10:34.388  6685  6756 I LSPosed-Bridge: 	at com.ss.android.newmedia.redbadge.RedBadgeControlClient.saveTimeParas(SourceFile:4)

08-06 14:10:34.388  6685  6756 I LSPosed-Bridge: 	at com.ss.android.newmedia.redbadge.RedBadgeControlClient.saveTimeParas(SourceFile:4)

08-06 14:10:34.388  6685  6756 I LSPosed-Bridge: 	at com.ss.android.newmedia.redbadge.RedBadgeControlClient.handleTimeParasChange(SourceFile:19)

08-06 14:10:34.388  6685  6756 I LSPosed-Bridge: 	at com.ss.android.newmedia.redbadge.RedBadgeControlClient.handleTimeParasChange(SourceFile:19)

08-06 14:10:34.388  6685  6756 I LSPosed-Bridge: 	at com.ss.android.newmedia.redbadge.RedBadgeControlClient.handleMsg(SourceFile:6)

08-06 14:10:34.388  6685  6756 I LSPosed-Bridge: 	at com.ss.android.newmedia.redbadge.RedBadgeControlClient.handleMsg(SourceFile:6)

08-06 14:10:34.388  6685  6756 I LSPosed-Bridge: 	at com.bytedance.common.utility.collection.WeakHandler.handleMessage(SourceFile:2)

08-06 14:10:34.388  6685  6756 I LSPosed-Bridge: 	at com.bytedance.common.utility.collection.WeakHandler.handleMessage(SourceFile:2)

08-06 14:10:34.388  6685  6756 I LSPosed-Bridge: 	at android.os.Handler.dispatchMessage(Handler.java:106)

08-06 14:10:34.388  6685  6756 I LSPosed-Bridge: 	at android.os.Handler.dispatchMessage(Handler.java:106)

08-06 14:10:34.388  6685  6756 I LSPosed-Bridge: 	at android.os.Looper.loop(Looper.java:193)

08-06 14:10:34.388  6685  6756 I LSPosed-Bridge: 	at android.os.Looper.loop(Looper.java:193)

08-06 14:10:34.388  6685  6756 I LSPosed-Bridge: 	at android.os.HandlerThread.run(HandlerThread.java:65)

08-06 14:10:34.388  6685  6756 I LSPosed-Bridge: 	at android.os.HandlerThread.run(HandlerThread.java:65)

08-06 14:10:34.388  7940  8057 I LSPosed-Bridge: 7940 PermLabel getRunningAppProcesses =android.app.ActivityManager$RunningAppProcessInfo@898a203

08-06 14:10:34.388  7940  8057 I LSPosed-Bridge: 7940 PermLabel getRunningAppProcesses =android.app.ActivityManager$RunningAppProcessInfo@898a203

08-06 14:10:34.388  7940  8057 I LSPosed-Bridge: 7940 PermLabel getRunningAppProcesses processName: com.lemon.faceu pid: 6685

08-06 14:10:34.388  7940  8057 I LSPosed-Bridge: 7940 PermLabel getRunningAppProcesses processName: com.lemon.faceu pid: 6685

08-06 14:10:34.388  7940  8057 I LSPosed-Bridge: 7940 PermLabel getRunningAppProcesses importance: 100 pid: 6685

08-06 14:10:34.388  7940  8057 I LSPosed-Bridge: 7940 PermLabel getRunningAppProcesses importance: 100 pid: 6685

08-06 14:10:34.388  7940  8057 I LSPosed-Bridge: 7940 PermLabel getRunningAppProcesses packageName com.lemon.faceu at index 0 in process 6685

08-06 14:10:34.388  7940  8057 I LSPosed-Bridge: 7940 PermLabel getRunningAppProcesses packageName com.lemon.faceu at index 0 in process 6685

08-06 14:10:34.388  7940  8057 I LSPosed-Bridge: 7940 PermLabel getRunningAppProcesses =android.app.ActivityManager$RunningAppProcessInfo@bac1580

08-06 14:10:34.388  7940  8057 I LSPosed-Bridge: 7940 PermLabel getRunningAppProcesses =android.app.ActivityManager$RunningAppProcessInfo@bac1580

08-06 14:10:34.388  7940  8057 I LSPosed-Bridge: 7940 PermLabel getRunningAppProcesses processName: com.lemon.faceu:push pid: 7940

08-06 14:10:34.388  7940  8057 I LSPosed-Bridge: 7940 PermLabel getRunningAppProcesses processName: com.lemon.faceu:push pid: 7940

08-06 14:10:34.388  7940  8057 I LSPosed-Bridge: 7940 PermLabel getRunningAppProcesses importance: 100 pid: 7940

08-06 14:10:34.388  7940  8057 I LSPosed-Bridge: 7940 PermLabel getRunningAppProcesses importance: 100 pid: 7940

08-06 14:10:34.388  7940  8057 I LSPosed-Bridge: 7940 PermLabel getRunningAppProcesses packageName com.lemon.faceu at index 0 in process 7940

08-06 14:10:34.388  7940  8057 I LSPosed-Bridge: 7940 PermLabel getRunningAppProcesses packageName com.lemon.faceu at index 0 in process 7940

08-06 14:10:34.388  7940  8057 I LSPosed-Bridge: 7940 PermLabel getRunningAppProcesses =android.app.ActivityManager$RunningAppProcessInfo@7d257b9

08-06 14:10:34.388  7940  8057 I LSPosed-Bridge: 7940 PermLabel getRunningAppProcesses =android.app.ActivityManager$RunningAppProcessInfo@7d257b9

08-06 14:10:34.388  6685  6756 I LSPosed-Bridge: 6685 PermLabel getRunningAppProcesses =android.app.ActivityManager$RunningAppProcessInfo@479dabb

08-06 14:10:34.388  6685  6756 I LSPosed-Bridge: 6685 PermLabel getRunningAppProcesses =android.app.ActivityManager$RunningAppProcessInfo@479dabb

08-06 14:10:34.388  7940  8057 I LSPosed-Bridge: 7940 PermLabel getRunningAppProcesses processName: com.lemon.faceu:pushservice pid: 7918

08-06 14:10:34.388  7940  8057 I LSPosed-Bridge: 7940 PermLabel getRunningAppProcesses processName: com.lemon.faceu:pushservice pid: 7918

08-06 14:10:34.388  7940  8057 I LSPosed-Bridge: 7940 PermLabel getRunningAppProcesses importance: 100 pid: 7918

08-06 14:10:34.388  7940  8057 I LSPosed-Bridge: 7940 PermLabel getRunningAppProcesses importance: 100 pid: 7918

08-06 14:10:34.388  6685  6756 I LSPosed-Bridge: 6685 PermLabel getRunningAppProcesses processName: com.lemon.faceu pid: 6685

08-06 14:10:34.388  6685  6756 I LSPosed-Bridge: 6685 PermLabel getRunningAppProcesses processName: com.lemon.faceu pid: 6685

08-06 14:10:34.388  7940  8057 I LSPosed-Bridge: 7940 PermLabel getRunningAppProcesses packageName com.lemon.faceu at index 0 in process 7918

08-06 14:10:34.388  7940  8057 I LSPosed-Bridge: 7940 PermLabel getRunningAppProcesses packageName com.lemon.faceu at index 0 in process 7918

08-06 14:10:34.388  6685  6756 I LSPosed-Bridge: 6685 PermLabel getRunningAppProcesses importance: 100 pid: 6685

08-06 14:10:34.388  6685  6756 I LSPosed-Bridge: 6685 PermLabel getRunningAppProcesses importance: 100 pid: 6685

08-06 14:10:34.388  6685  6756 I LSPosed-Bridge: 6685 PermLabel getRunningAppProcesses packageName com.lemon.faceu at index 0 in process 6685

08-06 14:10:34.388  6685  6756 I LSPosed-Bridge: 6685 PermLabel getRunningAppProcesses packageName com.lemon.faceu at index 0 in process 6685

08-06 14:10:34.388  6685  6756 I LSPosed-Bridge: 6685 PermLabel getRunningAppProcesses =android.app.ActivityManager$RunningAppProcessInfo@294bd8

08-06 14:10:34.388  6685  6756 I LSPosed-Bridge: 6685 PermLabel getRunningAppProcesses =android.app.ActivityManager$RunningAppProcessInfo@294bd8

08-06 14:10:34.388  6685  6756 I LSPosed-Bridge: 6685 PermLabel getRunningAppProcesses processName: com.lemon.faceu:push pid: 7940

08-06 14:10:34.388  6685  6756 I LSPosed-Bridge: 6685 PermLabel getRunningAppProcesses processName: com.lemon.faceu:push pid: 7940

08-06 14:10:34.388  6685  6756 I LSPosed-Bridge: 6685 PermLabel getRunningAppProcesses importance: 100 pid: 7940

08-06 14:10:34.388  6685  6756 I LSPosed-Bridge: 6685 PermLabel getRunningAppProcesses importance: 100 pid: 7940

08-06 14:10:34.388  6685  6756 I LSPosed-Bridge: 6685 PermLabel getRunningAppProcesses packageName com.lemon.faceu at index 0 in process 7940

08-06 14:10:34.388  6685  6756 I LSPosed-Bridge: 6685 PermLabel getRunningAppProcesses packageName com.lemon.faceu at index 0 in process 7940

08-06 14:10:34.388  6685  6756 I LSPosed-Bridge: 6685 PermLabel getRunningAppProcesses =android.app.ActivityManager$RunningAppProcessInfo@7c14b31

08-06 14:10:34.388  6685  6756 I LSPosed-Bridge: 6685 PermLabel getRunningAppProcesses =android.app.ActivityManager$RunningAppProcessInfo@7c14b31

08-06 14:10:34.388  6685  6756 I LSPosed-Bridge: 6685 PermLabel getRunningAppProcesses processName: com.lemon.faceu:pushservice pid: 7918

08-06 14:10:34.388  6685  6756 I LSPosed-Bridge: 6685 PermLabel getRunningAppProcesses processName: com.lemon.faceu:pushservice pid: 7918

08-06 14:10:34.388  6685  6756 I LSPosed-Bridge: 6685 PermLabel getRunningAppProcesses importance: 100 pid: 7918

08-06 14:10:34.388  6685  6756 I LSPosed-Bridge: 6685 PermLabel getRunningAppProcesses importance: 100 pid: 7918

08-06 14:10:34.388  6685  6756 I LSPosed-Bridge: 6685 PermLabel getRunningAppProcesses packageName com.lemon.faceu at index 0 in process 7918

08-06 14:10:34.388  6685  6756 I LSPosed-Bridge: 6685 PermLabel getRunningAppProcesses packageName com.lemon.faceu at index 0 in process 7918

08-06 14:10:34.388  7940  8057 I LSPosed-Bridge: 7940 PermLabel permName: android.permission.READ_PHONE_STATE; getRunningAppProcesses =[android.app.ActivityManager$RunningAppProcessInfo@898a203, android.app.ActivityManager$RunningAppProcessInfo@bac1580, android.app.ActivityManager$RunningAppProcessInfo@7d257b9]; stacktrace=java.lang.Exception

08-06 14:10:34.388  7940  8057 I LSPosed-Bridge: 7940 PermLabel permName: android.permission.READ_PHONE_STATE; getRunningAppProcesses =[android.app.ActivityManager$RunningAppProcessInfo@898a203, android.app.ActivityManager$RunningAppProcessInfo@bac1580, android.app.ActivityManager$RunningAppProcessInfo@7d257b9]; stacktrace=java.lang.Exception

08-06 14:10:34.388  7940  8057 I LSPosed-Bridge: 	at com.example.permlabel.hookBinder_test$2.afterHookedMethod(hookBinder_test.java:107)

08-06 14:10:34.388  7940  8057 I LSPosed-Bridge: 	at com.example.permlabel.hookBinder_test$2.afterHookedMethod(hookBinder_test.java:107)

08-06 14:10:34.388  7940  8057 I LSPosed-Bridge: 	at de.robv.android.xposed.XposedBridge$AdditionalHookInfo.callback(Unknown Source:147)

08-06 14:10:34.388  7940  8057 I LSPosed-Bridge: 	at de.robv.android.xposed.XposedBridge$AdditionalHookInfo.callback(Unknown Source:147)

08-06 14:10:34.388  7940  8057 I LSPosed-Bridge: 	at LSPHooker_.getRunningAppProcesses(Unknown Source:8)

08-06 14:10:34.388  7940  8057 I LSPosed-Bridge: 	at LSPHooker_.getRunningAppProcesses(Unknown Source:8)

08-06 14:10:34.388  7940  8057 I LSPosed-Bridge: 	at com.ss.android.message.util.ToolUtils.isMainProcessStart(SourceFile:2)

08-06 14:10:34.388  7940  8057 I LSPosed-Bridge: 	at com.ss.android.message.util.ToolUtils.isMainProcessStart(SourceFile:2)

08-06 14:10:34.388  7940  8057 I LSPosed-Bridge: 	at com.ss.android.pushmanager.setting.PushMultiProcessSharedProvider.allowStartOthersProcess(SourceFile:2)

08-06 14:10:34.388  7940  8057 I LSPosed-Bridge: 	at com.ss.android.pushmanager.setting.PushMultiProcessSharedProvider.allowStartOthersProcess(SourceFile:2)

08-06 14:10:34.388  7940  8057 I LSPosed-Bridge: 	at com.ss.android.pushmanager.setting.PushMultiProcessSharedProvider$MultiProcessShared.getInt(SourceFile:1)

08-06 14:10:34.388  7940  8057 I LSPosed-Bridge: 	at com.ss.android.pushmanager.setting.PushMultiProcessSharedProvider$MultiProcessShared.getInt(SourceFile:1)

08-06 14:10:34.388  7940  8057 I LSPosed-Bridge: 	at com.ss.android.newmedia.redbadge.setting.RedbadgeSetting.getRedBadgeNextQueryInterval(SourceFile:1)

08-06 14:10:34.388  7940  8057 I LSPosed-Bridge: 	at com.ss.android.newmedia.redbadge.setting.RedbadgeSetting.getRedBadgeNextQueryInterval(SourceFile:1)

08-06 14:10:34.388  7940  8057 I LSPosed-Bridge: 	at com.ss.android.newmedia.redbadge.RedBadgeController.loadRequestConfig(SourceFile:2)

08-06 14:10:34.388  7940  8057 I LSPosed-Bridge: 	at com.ss.android.newmedia.redbadge.RedBadgeController.loadRequestConfig(SourceFile:2)

08-06 14:10:34.388  7940  8057 I LSPosed-Bridge: 	at com.ss.android.newmedia.redbadge.RedBadgeController$5.onChange(SourceFile:3)

08-06 14:10:34.388  7940  8057 I LSPosed-Bridge: 	at com.ss.android.newmedia.redbadge.RedBadgeController$5.onChange(SourceFile:3)

08-06 14:10:34.388  7940  8057 I LSPosed-Bridge: 	at android.database.ContentObserver.onChange(ContentObserver.java:130)

08-06 14:10:34.388  7940  8057 I LSPosed-Bridge: 	at android.database.ContentObserver.onChange(ContentObserver.java:130)

08-06 14:10:34.388  7940  8057 I LSPosed-Bridge: 	at android.database.ContentObserver.onChange(ContentObserver.java:145)

08-06 14:10:34.388  7940  8057 I LSPosed-Bridge: 	at android.database.ContentObserver.onChange(ContentObserver.java:145)

08-06 14:10:34.388  7940  8057 I LSPosed-Bridge: 	at android.database.ContentObserver$NotificationRunnable.run(ContentObserver.java:216)

08-06 14:10:34.388  7940  8057 I LSPosed-Bridge: 	at android.database.ContentObserver$NotificationRunnable.run(ContentObserver.java:216)

08-06 14:10:34.388  7940  8057 I LSPosed-Bridge: 	at android.os.Handler.handleCallback(Handler.java:873)

08-06 14:10:34.388  7940  8057 I LSPosed-Bridge: 	at android.os.Handler.handleCallback(Handler.java:873)

08-06 14:10:34.388  7940  8057 I LSPosed-Bridge: 	at android.os.Handler.dispatchMessage(Handler.java:99)

08-06 14:10:34.388  7940  8057 I LSPosed-Bridge: 	at android.os.Handler.dispatchMessage(Handler.java:99)

08-06 14:10:34.388  7940  8057 I LSPosed-Bridge: 	at android.os.Looper.loop(Looper.java:193)

08-06 14:10:34.388  7940  8057 I LSPosed-Bridge: 	at android.os.Looper.loop(Looper.java:193)

08-06 14:10:34.388  7940  8057 I LSPosed-Bridge: 	at android.os.HandlerThread.run(HandlerThread.java:65)

08-06 14:10:34.388  7940  8057 I LSPosed-Bridge: 	at android.os.HandlerThread.run(HandlerThread.java:65)

08-06 14:10:34.388  6685  6756 I LSPosed-Bridge: 6685 PermLabel permName: android.permission.READ_PHONE_STATE; getRunningAppProcesses =[android.app.ActivityManager$RunningAppProcessInfo@479dabb, android.app.ActivityManager$RunningAppProcessInfo@294bd8, android.app.ActivityManager$RunningAppProcessInfo@7c14b31]; stacktrace=java.lang.Exception

08-06 14:10:34.388  6685  6756 I LSPosed-Bridge: 6685 PermLabel permName: android.permission.READ_PHONE_STATE; getRunningAppProcesses =[android.app.ActivityManager$RunningAppProcessInfo@479dabb, android.app.ActivityManager$RunningAppProcessInfo@294bd8, android.app.ActivityManager$RunningAppProcessInfo@7c14b31]; stacktrace=java.lang.Exception

08-06 14:10:34.388  6685  6756 I LSPosed-Bridge: 	at com.example.permlabel.hookBinder_test$2.afterHookedMethod(hookBinder_test.java:107)

08-06 14:10:34.388  6685  6756 I LSPosed-Bridge: 	at com.example.permlabel.hookBinder_test$2.afterHookedMethod(hookBinder_test.java:107)

08-06 14:10:34.388  6685  6756 I LSPosed-Bridge: 	at de.robv.android.xposed.XposedBridge$AdditionalHookInfo.callback(Unknown Source:147)

08-06 14:10:34.388  6685  6756 I LSPosed-Bridge: 	at de.robv.android.xposed.XposedBridge$AdditionalHookInfo.callback(Unknown Source:147)

08-06 14:10:34.388  6685  6756 I LSPosed-Bridge: 	at LSPHooker_.getRunningAppProcesses(Unknown Source:8)

08-06 14:10:34.388  6685  6756 I LSPosed-Bridge: 	at LSPHooker_.getRunningAppProcesses(Unknown Source:8)

08-06 14:10:34.388  6685  6756 I LSPosed-Bridge: 	at com.ss.android.message.util.ToolUtils.isMainProcessStart(SourceFile:2)

08-06 14:10:34.388  6685  6756 I LSPosed-Bridge: 	at com.ss.android.message.util.ToolUtils.isMainProcessStart(SourceFile:2)

08-06 14:10:34.388  6685  6756 I LSPosed-Bridge: 	at com.ss.android.pushmanager.setting.PushMultiProcessSharedProvider.allowStartOthersProcess(SourceFile:2)

08-06 14:10:34.388  6685  6756 I LSPosed-Bridge: 	at com.ss.android.pushmanager.setting.PushMultiProcessSharedProvider.allowStartOthersProcess(SourceFile:2)

08-06 14:10:34.388  6685  6756 I LSPosed-Bridge: 	at com.ss.android.pushmanager.setting.PushMultiProcessSharedProvider$Editor.apply(SourceFile:1)

08-06 14:10:34.388  6685  6756 I LSPosed-Bridge: 	at com.ss.android.pushmanager.setting.PushMultiProcessSharedProvider$Editor.apply(SourceFile:1)

08-06 14:10:34.388  6685  6756 I LSPosed-Bridge: 	at com.ss.android.newmedia.redbadge.setting.RedbadgeSetting.setRedBadgeLastLastTimeParas(SourceFile:1)

08-06 14:10:34.388  6685  6756 I LSPosed-Bridge: 	at com.ss.android.newmedia.redbadge.setting.RedbadgeSetting.setRedBadgeLastLastTimeParas(SourceFile:1)

08-06 14:10:34.388  6685  6756 I LSPosed-Bridge: 	at com.ss.android.newmedia.redbadge.RedBadgeControlClient.saveTimeParas(SourceFile:4)

08-06 14:10:34.388  6685  6756 I LSPosed-Bridge: 	at com.ss.android.newmedia.redbadge.RedBadgeControlClient.saveTimeParas(SourceFile:4)

08-06 14:10:34.388  6685  6756 I LSPosed-Bridge: 	at com.ss.android.newmedia.redbadge.RedBadgeControlClient.handleTimeParasChange(SourceFile:19)

08-06 14:10:34.388  6685  6756 I LSPosed-Bridge: 	at com.ss.android.newmedia.redbadge.RedBadgeControlClient.handleTimeParasChange(SourceFile:19)

08-06 14:10:34.388  6685  6756 I LSPosed-Bridge: 	at com.ss.android.newmedia.redbadge.RedBadgeControlClient.handleMsg(SourceFile:6)

08-06 14:10:34.388  6685  6756 I LSPosed-Bridge: 	at com.ss.android.newmedia.redbadge.RedBadgeControlClient.handleMsg(SourceFile:6)

08-06 14:10:34.388  6685  6756 I LSPosed-Bridge: 	at com.bytedance.common.utility.collection.WeakHandler.handleMessage(SourceFile:2)

08-06 14:10:34.388  6685  6756 I LSPosed-Bridge: 	at com.bytedance.common.utility.collection.WeakHandler.handleMessage(SourceFile:2)

08-06 14:10:34.388  6685  6756 I LSPosed-Bridge: 	at android.os.Handler.dispatchMessage(Handler.java:106)

08-06 14:10:34.388  6685  6756 I LSPosed-Bridge: 	at android.os.Handler.dispatchMessage(Handler.java:106)

08-06 14:10:34.388  6685  6756 I LSPosed-Bridge: 	at android.os.Looper.loop(Looper.java:193)

08-06 14:10:34.388  6685  6756 I LSPosed-Bridge: 	at android.os.Looper.loop(Looper.java:193)

08-06 14:10:34.388  6685  6756 I LSPosed-Bridge: 	at android.os.HandlerThread.run(HandlerThread.java:65)

08-06 14:10:34.388  6685  6756 I LSPosed-Bridge: 	at android.os.HandlerThread.run(HandlerThread.java:65)

08-06 14:10:34.417  7940  8057 I LSPosed-Bridge: 7940 PermLabel permName: android.permission.READ_PHONE_STATE; getRunningAppProcesses =[android.app.ActivityManager$RunningAppProcessInfo@4871498, android.app.ActivityManager$RunningAppProcessInfo@b5a44f1, android.app.ActivityManager$RunningAppProcessInfo@9d6f8d6]; stacktrace=java.lang.Exception

08-06 14:10:34.417  7940  8057 I LSPosed-Bridge: 	at com.example.permlabel.hookBinder_test$2.afterHookedMethod(hookBinder_test.java:107)

08-06 14:10:34.417  7940  8057 I LSPosed-Bridge: 	at de.robv.android.xposed.XposedBridge$AdditionalHookInfo.callback(Unknown Source:147)

08-06 14:10:34.417  7940  8057 I LSPosed-Bridge: 	at LSPHooker_.getRunningAppProcesses(Unknown Source:8)

08-06 14:10:34.417  7940  8057 I LSPosed-Bridge: 	at com.ss.android.message.util.ToolUtils.isMainProcessStart(SourceFile:2)

08-06 14:10:34.417  7940  8057 I LSPosed-Bridge: 	at com.ss.android.pushmanager.setting.PushMultiProcessSharedProvider.allowStartOthersProcess(SourceFile:2)

08-06 14:10:34.417  7940  8057 I LSPosed-Bridge: 	at com.ss.android.pushmanager.setting.PushMultiProcessSharedProvider$MultiProcessShared.getString(SourceFile:1)

08-06 14:10:34.417  7940  8057 I LSPosed-Bridge: 	at com.ss.android.newmedia.redbadge.setting.RedbadgeSetting.getRedBadgeLastTimeParas(SourceFile:1)

08-06 14:10:34.417  7940  8057 I LSPosed-Bridge: 	at com.ss.android.newmedia.redbadge.RedBadgeController.loadRequestConfig(SourceFile:3)

08-06 14:10:34.417  7940  8057 I LSPosed-Bridge: 	at com.ss.android.newmedia.redbadge.RedBadgeController$5.onChange(SourceFile:3)

08-06 14:10:34.417  7940  8057 I LSPosed-Bridge: 	at android.database.ContentObserver.onChange(ContentObserver.java:130)

08-06 14:10:34.417  7940  8057 I LSPosed-Bridge: 	at android.database.ContentObserver.onChange(ContentObserver.java:145)

08-06 14:10:34.417  7940  8057 I LSPosed-Bridge: 	at android.database.ContentObserver$NotificationRunnable.run(ContentObserver.java:216)

08-06 14:10:34.417  7940  8057 I LSPosed-Bridge: 	at android.os.Handler.handleCallback(Handler.java:873)

08-06 14:10:34.417  7940  8057 I LSPosed-Bridge: 	at android.os.Handler.dispatchMessage(Handler.java:99)

08-06 14:10:34.417  7940  8057 I LSPosed-Bridge: 	at android.os.Looper.loop(Looper.java:193)

08-06 14:10:34.417  7940  8057 I LSPosed-Bridge: 	at android.os.HandlerThread.run(HandlerThread.java:65)

08-06 14:10:34.484  7940  8057 I LSPosed-Bridge: 7940 PermLabel hookBinder_test 10122 interfaceBinder =android.app.IActivityManager; arg0 = 81; arg1 = android.os.Parcel@e6352cd; arg2 = android.os.Parcel@f08b66a; arg3 = 0; res = true; stacktrace=java.lang.Exception

08-06 14:10:34.484  7940  8057 I LSPosed-Bridge: 	at com.example.permlabel.hookBinder_test$1.afterHookedMethod(hookBinder_test.java:67)

08-06 14:10:34.484  7940  8057 I LSPosed-Bridge: 	at de.robv.android.xposed.XposedBridge$AdditionalHookInfo.callback(Unknown Source:147)

08-06 14:10:34.484  7940  8057 I LSPosed-Bridge: 	at LSPHooker_.transact(Unknown Source:28)

08-06 14:10:34.484  7940  8057 I LSPosed-Bridge: 	at android.app.IActivityManager$Stub$Proxy.getRunningAppProcesses(IActivityManager.java:5366)

08-06 14:10:34.484  7940  8057 I LSPosed-Bridge: 	at android.app.ActivityManager.getRunningAppProcesses(ActivityManager.java:3435)

08-06 14:10:34.484  7940  8057 I LSPosed-Bridge: 	at java.lang.reflect.Method.invoke(Native Method)

08-06 14:10:34.484  7940  8057 I LSPosed-Bridge: 	at org.lsposed.lspd.nativebridge.HookBridge.invokeOriginalMethod(Native Method)

08-06 14:10:34.484  7940  8057 I LSPosed-Bridge: 	at de.robv.android.xposed.XposedBridge$AdditionalHookInfo.callback(Unknown Source:110)

08-06 14:10:34.484  7940  8057 I LSPosed-Bridge: 	at LSPHooker_.getRunningAppProcesses(Unknown Source:8)

08-06 14:10:34.484  7940  8057 I LSPosed-Bridge: 	at com.ss.android.message.util.ToolUtils.isMainProcessStart(SourceFile:2)

08-06 14:10:34.484  7940  8057 I LSPosed-Bridge: 	at com.ss.android.pushmanager.setting.PushMultiProcessSharedProvider.allowStartOthersProcess(SourceFile:2)

08-06 14:10:34.484  7940  8057 I LSPosed-Bridge: 	at com.ss.android.pushmanager.setting.PushMultiProcessSharedProvider$MultiProcessShared.getString(SourceFile:1)

08-06 14:10:34.484  7940  8057 I LSPosed-Bridge: 	at com.ss.android.newmedia.redbadge.setting.RedbadgeSetting.getRedBadgeLastLastTimeParas(SourceFile:1)

08-06 14:10:34.484  7940  8057 I LSPosed-Bridge: 	at com.ss.android.newmedia.redbadge.RedBadgeController.loadRequestConfig(SourceFile:4)

08-06 14:10:34.484  7940  8057 I LSPosed-Bridge: 	at com.ss.android.newmedia.redbadge.RedBadgeController$5.onChange(SourceFile:3)

08-06 14:10:34.484  7940  8057 I LSPosed-Bridge: 	at android.database.ContentObserver.onChange(ContentObserver.java:130)

08-06 14:10:34.484  7940  8057 I LSPosed-Bridge: 	at android.database.ContentObserver.onChange(ContentObserver.java:145)

08-06 14:10:34.484  7940  8057 I LSPosed-Bridge: 	at android.database.ContentObserver$NotificationRunnable.run(ContentObserver.java:216)

08-06 14:10:34.484  7940  8057 I LSPosed-Bridge: 	at android.os.Handler.handleCallback(Handler.java:873)

08-06 14:10:34.484  7940  8057 I LSPosed-Bridge: 	at android.os.Handler.dispatchMessage(Handler.java:99)

08-06 14:10:34.484  7940  8057 I LSPosed-Bridge: 	at android.os.Looper.loop(Looper.java:193)

08-06 14:10:34.484  7940  8057 I LSPosed-Bridge: 	at android.os.HandlerThread.run(HandlerThread.java:65)

08-06 14:10:34.484  7940  8057 I LSPosed-Bridge: 7940 PermLabel getRunningAppProcesses =android.app.ActivityManager$RunningAppProcessInfo@d1c85ba

08-06 14:10:34.484  7940  8057 I LSPosed-Bridge: 7940 PermLabel getRunningAppProcesses processName: com.lemon.faceu pid: 6685

08-06 14:10:34.484  7940  8057 I LSPosed-Bridge: 7940 PermLabel getRunningAppProcesses importance: 100 pid: 6685

08-06 14:10:34.484  7940  8057 I LSPosed-Bridge: 7940 PermLabel getRunningAppProcesses packageName com.lemon.faceu at index 0 in process 6685

08-06 14:10:34.484  7940  8057 I LSPosed-Bridge: 7940 PermLabel getRunningAppProcesses =android.app.ActivityManager$RunningAppProcessInfo@dbfcc6b

08-06 14:10:34.484  7940  8057 I LSPosed-Bridge: 7940 PermLabel getRunningAppProcesses processName: com.lemon.faceu:push pid: 7940

08-06 14:10:34.484  7940  8057 I LSPosed-Bridge: 7940 PermLabel getRunningAppProcesses importance: 100 pid: 7940

08-06 14:10:34.484  7940  8057 I LSPosed-Bridge: 7940 PermLabel getRunningAppProcesses packageName com.lemon.faceu at index 0 in process 7940

08-06 14:10:34.484  7940  8057 I LSPosed-Bridge: 7940 PermLabel getRunningAppProcesses =android.app.ActivityManager$RunningAppProcessInfo@b4d3c8

08-06 14:10:34.484  7940  8057 I LSPosed-Bridge: 7940 PermLabel getRunningAppProcesses processName: com.lemon.faceu:pushservice pid: 7918

08-06 14:10:34.484  7940  8057 I LSPosed-Bridge: 7940 PermLabel getRunningAppProcesses importance: 100 pid: 7918

08-06 14:10:34.484  7940  8057 I LSPosed-Bridge: 7940 PermLabel getRunningAppProcesses packageName com.lemon.faceu at index 0 in process 7918

08-06 14:10:34.484  7940  8057 I LSPosed-Bridge: 7940 PermLabel permName: android.permission.READ_PHONE_STATE; getRunningAppProcesses =[android.app.ActivityManager$RunningAppProcessInfo@d1c85ba, android.app.ActivityManager$RunningAppProcessInfo@dbfcc6b, android.app.ActivityManager$RunningAppProcessInfo@b4d3c8]; stacktrace=java.lang.Exception

08-06 14:10:34.484  7940  8057 I LSPosed-Bridge: 	at com.example.permlabel.hookBinder_test$2.afterHookedMethod(hookBinder_test.java:107)

08-06 14:10:34.484  7940  8057 I LSPosed-Bridge: 	at de.robv.android.xposed.XposedBridge$AdditionalHookInfo.callback(Unknown Source:147)

08-06 14:10:34.484  7940  8057 I LSPosed-Bridge: 	at LSPHooker_.getRunningAppProcesses(Unknown Source:8)

08-06 14:10:34.484  7940  8057 I LSPosed-Bridge: 	at com.ss.android.message.util.ToolUtils.isMainProcessStart(SourceFile:2)

08-06 14:10:34.484  7940  8057 I LSPosed-Bridge: 	at com.ss.android.pushmanager.setting.PushMultiProcessSharedProvider.allowStartOthersProcess(SourceFile:2)

08-06 14:10:34.484  7940  8057 I LSPosed-Bridge: 	at com.ss.android.pushmanager.setting.PushMultiProcessSharedProvider$MultiProcessShared.getString(SourceFile:1)

08-06 14:10:34.484  7940  8057 I LSPosed-Bridge: 	at com.ss.android.newmedia.redbadge.setting.RedbadgeSetting.getRedBadgeLastLastTimeParas(SourceFile:1)

08-06 14:10:34.484  7940  8057 I LSPosed-Bridge: 	at com.ss.android.newmedia.redbadge.RedBadgeController.loadRequestConfig(SourceFile:4)

08-06 14:10:34.484  7940  8057 I LSPosed-Bridge: 	at com.ss.android.newmedia.redbadge.RedBadgeController$5.onChange(SourceFile:3)

08-06 14:10:34.484  7940  8057 I LSPosed-Bridge: 	at android.database.ContentObserver.onChange(ContentObserver.java:130)

08-06 14:10:34.484  7940  8057 I LSPosed-Bridge: 	at android.database.ContentObserver.onChange(ContentObserver.java:145)

08-06 14:10:34.484  7940  8057 I LSPosed-Bridge: 	at android.database.ContentObserver$NotificationRunnable.run(ContentObserver.java:216)

08-06 14:10:34.484  7940  8057 I LSPosed-Bridge: 	at android.os.Handler.handleCallback(Handler.java:873)

08-06 14:10:34.484  7940  8057 I LSPosed-Bridge: 	at android.os.Handler.dispatchMessage(Handler.java:99)

08-06 14:10:34.484  7940  8057 I LSPosed-Bridge: 	at android.os.Looper.loop(Looper.java:193)

08-06 14:10:34.484  7940  8057 I LSPosed-Bridge: 	at android.os.HandlerThread.run(HandlerThread.java:65)

08-06 14:10:34.705  6685  6756 I LSPosed-Bridge: 6685 PermLabel getRunningAppProcesses =android.app.ActivityManager$RunningAppProcessInfo@ee643fe

08-06 14:10:34.705  6685  6756 I LSPosed-Bridge: 6685 PermLabel getRunningAppProcesses processName: com.lemon.faceu pid: 6685

08-06 14:10:34.705  6685  6756 I LSPosed-Bridge: 6685 PermLabel getRunningAppProcesses importance: 100 pid: 6685

08-06 14:10:34.705  6685  6756 I LSPosed-Bridge: 6685 PermLabel getRunningAppProcesses packageName com.lemon.faceu at index 0 in process 6685

08-06 14:10:34.705  6685  6756 I LSPosed-Bridge: 6685 PermLabel getRunningAppProcesses =android.app.ActivityManager$RunningAppProcessInfo@536875f

08-06 14:10:34.705  6685  6756 I LSPosed-Bridge: 6685 PermLabel getRunningAppProcesses processName: com.lemon.faceu:push pid: 7940

08-06 14:10:34.705  6685  6756 I LSPosed-Bridge: 6685 PermLabel getRunningAppProcesses importance: 400 pid: 7940

08-06 14:10:34.705  6685  6756 I LSPosed-Bridge: 6685 PermLabel getRunningAppProcesses packageName com.lemon.faceu at index 0 in process 7940

08-06 14:10:34.705  6685  6756 I LSPosed-Bridge: 6685 PermLabel getRunningAppProcesses =android.app.ActivityManager$RunningAppProcessInfo@7f0c5ac

08-06 14:10:34.705  6685  6756 I LSPosed-Bridge: 6685 PermLabel getRunningAppProcesses processName: com.lemon.faceu:pushservice pid: 7918

08-06 14:10:34.705  6685  6756 I LSPosed-Bridge: 6685 PermLabel getRunningAppProcesses importance: 100 pid: 7918

08-06 14:10:34.705  6685  6756 I LSPosed-Bridge: 6685 PermLabel getRunningAppProcesses packageName com.lemon.faceu at index 0 in process 7918

08-06 14:10:34.705  6685  6756 I LSPosed-Bridge: 6685 PermLabel permName: android.permission.READ_PHONE_STATE; getRunningAppProcesses =[android.app.ActivityManager$RunningAppProcessInfo@ee643fe, android.app.ActivityManager$RunningAppProcessInfo@536875f, android.app.ActivityManager$RunningAppProcessInfo@7f0c5ac]; stacktrace=java.lang.Exception

08-06 14:10:34.705  6685  6756 I LSPosed-Bridge: 	at com.example.permlabel.hookBinder_test$2.afterHookedMethod(hookBinder_test.java:107)

08-06 14:10:34.705  6685  6756 I LSPosed-Bridge: 	at de.robv.android.xposed.XposedBridge$AdditionalHookInfo.callback(Unknown Source:147)

08-06 14:10:34.705  6685  6756 I LSPosed-Bridge: 	at LSPHooker_.getRunningAppProcesses(Unknown Source:8)

08-06 14:10:34.705  6685  6756 I LSPosed-Bridge: 	at com.ss.android.message.util.ToolUtils.isMainProcessStart(SourceFile:2)

08-06 14:10:34.705  6685  6756 I LSPosed-Bridge: 	at com.ss.android.pushmanager.setting.PushMultiProcessSharedProvider.allowStartOthersProcess(SourceFile:2)

08-06 14:10:34.705  6685  6756 I LSPosed-Bridge: 	at com.ss.android.pushmanager.setting.PushMultiProcessSharedProvider$Editor.apply(SourceFile:1)

08-06 14:10:34.705  6685  6756 I LSPosed-Bridge: 	at com.ss.android.newmedia.redbadge.setting.RedbadgeSetting.setRedBadgeLaunchTimes(SourceFile:1)

08-06 14:10:34.705  6685  6756 I LSPosed-Bridge: 	at com.ss.android.newmedia.redbadge.RedBadgeControlClient.saveTimeParas(SourceFile:1)

08-06 14:10:34.705  6685  6756 I LSPosed-Bridge: 	at com.ss.android.newmedia.redbadge.RedBadgeControlClient.handleTimeParasChange(SourceFile:19)

08-06 14:10:34.705  6685  6756 I LSPosed-Bridge: 	at com.ss.android.newmedia.redbadge.RedBadgeControlClient.handleMsg(SourceFile:6)

08-06 14:10:34.705  6685  6756 I LSPosed-Bridge: 	at com.bytedance.common.utility.collection.WeakHandler.handleMessage(SourceFile:2)

08-06 14:10:34.705  6685  6756 I LSPosed-Bridge: 	at android.os.Handler.dispatchMessage(Handler.java:106)

08-06 14:10:34.705  6685  6756 I LSPosed-Bridge: 	at android.os.Looper.loop(Looper.java:193)

08-06 14:10:34.705  6685  6756 I LSPosed-Bridge: 	at android.os.HandlerThread.run(HandlerThread.java:65)

08-06 14:10:34.705  1577  6585 I LSPosed-Bridge: 6685 PermLabel 10122 AMS.checkPermission: Binder.getCallingPid() = 6685; uid = 10122; Binder.getCallingUid() = 10122; getNameForUid: com.lemon.faceu; getPackagesForUid: [com.lemon.faceu]; permName: android.permission.ACCESS_NETWORK_STATE; type = 0; res = 0; stacktrace=java.lang.Exception

08-06 14:10:34.705  1577  6585 I LSPosed-Bridge: 	at com.example.permlabel.requirePerm$1$2.afterHookedMethod(requirePerm.java:136)

08-06 14:10:34.705  1577  6585 I LSPosed-Bridge: 	at de.robv.android.xposed.XposedBridge$AdditionalHookInfo.callback(Unknown Source:147)

08-06 14:10:34.705  1577  6585 I LSPosed-Bridge: 	at LSPHooker_.checkPermission(Unknown Source:25)

08-06 14:10:34.705  1577  6585 I LSPosed-Bridge: 	at android.app.ContextImpl.checkPermission(ContextImpl.java:1751)

08-06 14:10:34.705  1577  6585 I LSPosed-Bridge: 	at android.app.ContextImpl.checkCallingOrSelfPermission(ContextImpl.java:1791)

08-06 14:10:34.705  1577  6585 I LSPosed-Bridge: 	at android.app.ContextImpl.enforceCallingOrSelfPermission(ContextImpl.java:1841)

08-06 14:10:34.705  1577  6585 I LSPosed-Bridge: 	at com.android.server.ConnectivityService.enforceAccessPermission(ConnectivityService.java:1672)

08-06 14:10:34.705  1577  6585 I LSPosed-Bridge: 	at com.android.server.ConnectivityService.getActiveNetworkInfo(ConnectivityService.java:1178)

08-06 14:10:34.705  1577  6585 I LSPosed-Bridge: 	at android.net.IConnectivityManager$Stub.onTransact(IConnectivityManager.java:85)

08-06 14:10:34.705  1577  6585 I LSPosed-Bridge: 	at android.os.Binder.execTransact(Binder.java:731)

08-06 14:10:34.720  6685  6756 I LSPosed-Bridge: 6685 PermLabel hookBinder_test 10122 interfaceBinder =android.app.IActivityManager; arg0 = 81; arg1 = android.os.Parcel@f726bdd; arg2 = android.os.Parcel@28b004a; arg3 = 0; res = true; stacktrace=java.lang.Exception

08-06 14:10:34.720  6685  6756 I LSPosed-Bridge: 	at com.example.permlabel.hookBinder_test$1.afterHookedMethod(hookBinder_test.java:67)

08-06 14:10:34.720  6685  6756 I LSPosed-Bridge: 	at de.robv.android.xposed.XposedBridge$AdditionalHookInfo.callback(Unknown Source:147)

08-06 14:10:34.720  6685  6756 I LSPosed-Bridge: 	at LSPHooker_.transact(Unknown Source:28)

08-06 14:10:34.720  6685  6756 I LSPosed-Bridge: 	at android.app.IActivityManager$Stub$Proxy.getRunningAppProcesses(IActivityManager.java:5366)

08-06 14:10:34.720  6685  6756 I LSPosed-Bridge: 	at android.app.ActivityManager.getRunningAppProcesses(ActivityManager.java:3435)

08-06 14:10:34.720  6685  6756 I LSPosed-Bridge: 	at java.lang.reflect.Method.invoke(Native Method)

08-06 14:10:34.720  6685  6756 I LSPosed-Bridge: 	at org.lsposed.lspd.nativebridge.HookBridge.invokeOriginalMethod(Native Method)

08-06 14:10:34.720  6685  6756 I LSPosed-Bridge: 	at de.robv.android.xposed.XposedBridge$AdditionalHookInfo.callback(Unknown Source:110)

08-06 14:10:34.720  6685  6756 I LSPosed-Bridge: 	at LSPHooker_.getRunningAppProcesses(Unknown Source:8)

08-06 14:10:34.720  6685  6756 I LSPosed-Bridge: 	at com.ss.android.message.util.ToolUtils.isMainProcessStart(SourceFile:2)

08-06 14:10:34.720  6685  6756 I LSPosed-Bridge: 	at com.ss.android.pushmanager.setting.PushMultiProcessSharedProvider.allowStartOthersProcess(SourceFile:2)

08-06 14:10:34.720  6685  6756 I LSPosed-Bridge: 	at com.ss.android.pushmanager.setting.PushMultiProcessSharedProvider$Editor.apply(SourceFile:1)

08-06 14:10:34.720  6685  6756 I LSPosed-Bridge: 	at com.ss.android.newmedia.redbadge.setting.RedbadgeSetting.setRedBadgeBadgeShowTimes(SourceFile:1)

08-06 14:10:34.720  6685  6756 I LSPosed-Bridge: 	at com.ss.android.newmedia.redbadge.RedBadgeControlClient.saveTimeParas(SourceFile:2)

08-06 14:10:34.720  6685  6756 I LSPosed-Bridge: 	at com.ss.android.newmedia.redbadge.RedBadgeControlClient.handleTimeParasChange(SourceFile:19)

08-06 14:10:34.720  6685  6756 I LSPosed-Bridge: 	at com.ss.android.newmedia.redbadge.RedBadgeControlClient.handleMsg(SourceFile:6)

08-06 14:10:34.720  6685  6756 I LSPosed-Bridge: 	at com.bytedance.common.utility.collection.WeakHandler.handleMessage(SourceFile:2)

08-06 14:10:34.720  6685  6756 I LSPosed-Bridge: 	at android.os.Handler.dispatchMessage(Handler.java:106)

08-06 14:10:34.720  6685  6756 I LSPosed-Bridge: 	at android.os.Looper.loop(Looper.java:193)

08-06 14:10:34.720  6685  6756 I LSPosed-Bridge: 	at android.os.HandlerThread.run(HandlerThread.java:65)

08-06 14:10:34.720  6685  6756 I LSPosed-Bridge: 6685 PermLabel getRunningAppProcesses =android.app.ActivityManager$RunningAppProcessInfo@7140357

08-06 14:10:34.720  6685  6756 I LSPosed-Bridge: 6685 PermLabel getRunningAppProcesses processName: com.lemon.faceu pid: 6685

08-06 14:10:34.720  6685  6756 I LSPosed-Bridge: 6685 PermLabel getRunningAppProcesses importance: 100 pid: 6685

08-06 14:10:34.720  6685  6756 I LSPosed-Bridge: 6685 PermLabel getRunningAppProcesses packageName com.lemon.faceu at index 0 in process 6685

08-06 14:10:34.720  6685  6756 I LSPosed-Bridge: 6685 PermLabel getRunningAppProcesses =android.app.ActivityManager$RunningAppProcessInfo@8d41e44

08-06 14:10:34.720  6685  6756 I LSPosed-Bridge: 6685 PermLabel getRunningAppProcesses processName: com.lemon.faceu:push pid: 7940

08-06 14:10:34.720  6685  6756 I LSPosed-Bridge: 6685 PermLabel getRunningAppProcesses importance: 400 pid: 7940

08-06 14:10:34.720  6685  6756 I LSPosed-Bridge: 6685 PermLabel getRunningAppProcesses packageName com.lemon.faceu at index 0 in process 7940

08-06 14:10:34.720  6685  6756 I LSPosed-Bridge: 6685 PermLabel getRunningAppProcesses =android.app.ActivityManager$RunningAppProcessInfo@21cb2d

08-06 14:10:34.720  6685  6756 I LSPosed-Bridge: 6685 PermLabel getRunningAppProcesses processName: com.lemon.faceu:pushservice pid: 7918

08-06 14:10:34.720  6685  6756 I LSPosed-Bridge: 6685 PermLabel getRunningAppProcesses importance: 100 pid: 7918

08-06 14:10:34.720  6685  6756 I LSPosed-Bridge: 6685 PermLabel getRunningAppProcesses packageName com.lemon.faceu at index 0 in process 7918

08-06 14:10:34.720  6685  6756 I LSPosed-Bridge: 6685 PermLabel permName: android.permission.READ_PHONE_STATE; getRunningAppProcesses =[android.app.ActivityManager$RunningAppProcessInfo@7140357, android.app.ActivityManager$RunningAppProcessInfo@8d41e44, android.app.ActivityManager$RunningAppProcessInfo@21cb2d]; stacktrace=java.lang.Exception

08-06 14:10:34.720  6685  6756 I LSPosed-Bridge: 	at com.example.permlabel.hookBinder_test$2.afterHookedMethod(hookBinder_test.java:107)

08-06 14:10:34.720  6685  6756 I LSPosed-Bridge: 	at de.robv.android.xposed.XposedBridge$AdditionalHookInfo.callback(Unknown Source:147)

08-06 14:10:34.720  6685  6756 I LSPosed-Bridge: 	at LSPHooker_.getRunningAppProcesses(Unknown Source:8)

08-06 14:10:34.720  6685  6756 I LSPosed-Bridge: 	at com.ss.android.message.util.ToolUtils.isMainProcessStart(SourceFile:2)

08-06 14:10:34.720  6685  6756 I LSPosed-Bridge: 	at com.ss.android.pushmanager.setting.PushMultiProcessSharedProvider.allowStartOthersProcess(SourceFile:2)

08-06 14:10:34.720  6685  6756 I LSPosed-Bridge: 	at com.ss.android.pushmanager.setting.PushMultiProcessSharedProvider$Editor.apply(SourceFile:1)

08-06 14:10:34.720  6685  6756 I LSPosed-Bridge: 	at com.ss.android.newmedia.redbadge.setting.RedbadgeSetting.setRedBadgeBadgeShowTimes(SourceFile:1)

08-06 14:10:34.720  6685  6756 I LSPosed-Bridge: 	at com.ss.android.newmedia.redbadge.RedBadgeControlClient.saveTimeParas(SourceFile:2)

08-06 14:10:34.720  6685  6756 I LSPosed-Bridge: 	at com.ss.android.newmedia.redbadge.RedBadgeControlClient.handleTimeParasChange(SourceFile:19)

08-06 14:10:34.720  6685  6756 I LSPosed-Bridge: 	at com.ss.android.newmedia.redbadge.RedBadgeControlClient.handleMsg(SourceFile:6)

08-06 14:10:34.720  6685  6756 I LSPosed-Bridge: 	at com.bytedance.common.utility.collection.WeakHandler.handleMessage(SourceFile:2)

08-06 14:10:34.720  6685  6756 I LSPosed-Bridge: 	at android.os.Handler.dispatchMessage(Handler.java:106)

08-06 14:10:34.720  6685  6756 I LSPosed-Bridge: 	at android.os.Looper.loop(Looper.java:193)

08-06 14:10:34.720  6685  6756 I LSPosed-Bridge: 	at android.os.HandlerThread.run(HandlerThread.java:65)

08-06 14:10:34.725  6685  6756 I LSPosed-Bridge: 6685 PermLabel getRunningAppProcesses =android.app.ActivityManager$RunningAppProcessInfo@516dab0

08-06 14:10:34.725  6685  6756 I LSPosed-Bridge: 6685 PermLabel getRunningAppProcesses processName: com.lemon.faceu pid: 6685

08-06 14:10:34.725  6685  6756 I LSPosed-Bridge: 6685 PermLabel getRunningAppProcesses importance: 100 pid: 6685

08-06 14:10:34.725  6685  6756 I LSPosed-Bridge: 6685 PermLabel getRunningAppProcesses packageName com.lemon.faceu at index 0 in process 6685

08-06 14:10:34.725  6685  6756 I LSPosed-Bridge: 6685 PermLabel getRunningAppProcesses =android.app.ActivityManager$RunningAppProcessInfo@57ced29

08-06 14:10:34.725  6685  6756 I LSPosed-Bridge: 6685 PermLabel getRunningAppProcesses processName: com.lemon.faceu:push pid: 7940

08-06 14:10:34.725  6685  6756 I LSPosed-Bridge: 6685 PermLabel getRunningAppProcesses importance: 400 pid: 7940

08-06 14:10:34.725  6685  6756 I LSPosed-Bridge: 6685 PermLabel getRunningAppProcesses packageName com.lemon.faceu at index 0 in process 7940

08-06 14:10:34.725  6685  6756 I LSPosed-Bridge: 6685 PermLabel getRunningAppProcesses =android.app.ActivityManager$RunningAppProcessInfo@d29a8ae

08-06 14:10:34.725  6685  6756 I LSPosed-Bridge: 6685 PermLabel getRunningAppProcesses processName: com.lemon.faceu:pushservice pid: 7918

08-06 14:10:34.725  6685  6756 I LSPosed-Bridge: 6685 PermLabel getRunningAppProcesses importance: 100 pid: 7918

08-06 14:10:34.725  6685  6756 I LSPosed-Bridge: 6685 PermLabel getRunningAppProcesses packageName com.lemon.faceu at index 0 in process 7918

08-06 14:10:34.725  6685  6756 I LSPosed-Bridge: 6685 PermLabel permName: android.permission.READ_PHONE_STATE; getRunningAppProcesses =[android.app.ActivityManager$RunningAppProcessInfo@516dab0, android.app.ActivityManager$RunningAppProcessInfo@57ced29, android.app.ActivityManager$RunningAppProcessInfo@d29a8ae]; stacktrace=java.lang.Exception

08-06 14:10:34.725  6685  6756 I LSPosed-Bridge: 	at com.example.permlabel.hookBinder_test$2.afterHookedMethod(hookBinder_test.java:107)

08-06 14:10:34.725  6685  6756 I LSPosed-Bridge: 	at de.robv.android.xposed.XposedBridge$AdditionalHookInfo.callback(Unknown Source:147)

08-06 14:10:34.725  6685  6756 I LSPosed-Bridge: 	at LSPHooker_.getRunningAppProcesses(Unknown Source:8)

08-06 14:10:34.725  6685  6756 I LSPosed-Bridge: 	at com.ss.android.message.util.ToolUtils.isMainProcessStart(SourceFile:2)

08-06 14:10:34.725  6685  6756 I LSPosed-Bridge: 	at com.ss.android.pushmanager.setting.PushMultiProcessSharedProvider.allowStartOthersProcess(SourceFile:2)

08-06 14:10:34.725  6685  6756 I LSPosed-Bridge: 	at com.ss.android.pushmanager.setting.PushMultiProcessSharedProvider$Editor.apply(SourceFile:1)

08-06 14:10:34.725  6685  6756 I LSPosed-Bridge: 	at com.ss.android.newmedia.redbadge.setting.RedbadgeSetting.setRedBadgeLastTimeParas(SourceFile:1)

08-06 14:10:34.725  6685  6756 I LSPosed-Bridge: 	at com.ss.android.newmedia.redbadge.RedBadgeControlClient.saveTimeParas(SourceFile:3)

08-06 14:10:34.725  6685  6756 I LSPosed-Bridge: 	at com.ss.android.newmedia.redbadge.RedBadgeControlClient.handleTimeParasChange(SourceFile:19)

08-06 14:10:34.725  6685  6756 I LSPosed-Bridge: 	at com.ss.android.newmedia.redbadge.RedBadgeControlClient.handleMsg(SourceFile:6)

08-06 14:10:34.725  6685  6756 I LSPosed-Bridge: 	at com.bytedance.common.utility.collection.WeakHandler.handleMessage(SourceFile:2)

08-06 14:10:34.725  6685  6756 I LSPosed-Bridge: 	at android.os.Handler.dispatchMessage(Handler.java:106)

08-06 14:10:34.725  6685  6756 I LSPosed-Bridge: 	at android.os.Looper.loop(Looper.java:193)

08-06 14:10:34.725  6685  6756 I LSPosed-Bridge: 	at android.os.HandlerThread.run(HandlerThread.java:65)

08-06 14:10:34.752  6685  6756 I LSPosed-Bridge: 6685 PermLabel permName: android.permission.READ_PHONE_STATE; getRunningAppProcesses =[android.app.ActivityManager$RunningAppProcessInfo@8341861, android.app.ActivityManager$RunningAppProcessInfo@9a21f86, android.app.ActivityManager$RunningAppProcessInfo@7467047]; stacktrace=java.lang.Exception

08-06 14:10:34.752  6685  6756 I LSPosed-Bridge: 	at com.example.permlabel.hookBinder_test$2.afterHookedMethod(hookBinder_test.java:107)

08-06 14:10:34.752  6685  6756 I LSPosed-Bridge: 	at de.robv.android.xposed.XposedBridge$AdditionalHookInfo.callback(Unknown Source:147)

08-06 14:10:34.752  6685  6756 I LSPosed-Bridge: 	at LSPHooker_.getRunningAppProcesses(Unknown Source:8)

08-06 14:10:34.752  6685  6756 I LSPosed-Bridge: 	at com.ss.android.message.util.ToolUtils.isMainProcessStart(SourceFile:2)

08-06 14:10:34.752  6685  6756 I LSPosed-Bridge: 	at com.ss.android.pushmanager.setting.PushMultiProcessSharedProvider.allowStartOthersProcess(SourceFile:2)

08-06 14:10:34.752  6685  6756 I LSPosed-Bridge: 	at com.ss.android.pushmanager.setting.PushMultiProcessSharedProvider$Editor.apply(SourceFile:1)

08-06 14:10:34.752  6685  6756 I LSPosed-Bridge: 	at com.ss.android.newmedia.redbadge.setting.RedbadgeSetting.setRedBadgeLastLastTimeParas(SourceFile:1)

08-06 14:10:34.752  6685  6756 I LSPosed-Bridge: 	at com.ss.android.newmedia.redbadge.RedBadgeControlClient.saveTimeParas(SourceFile:4)

08-06 14:10:34.752  6685  6756 I LSPosed-Bridge: 	at com.ss.android.newmedia.redbadge.RedBadgeControlClient.handleTimeParasChange(SourceFile:19)

08-06 14:10:34.752  6685  6756 I LSPosed-Bridge: 	at com.ss.android.newmedia.redbadge.RedBadgeControlClient.handleMsg(SourceFile:6)

08-06 14:10:34.752  6685  6756 I LSPosed-Bridge: 	at com.bytedance.common.utility.collection.WeakHandler.handleMessage(SourceFile:2)

08-06 14:10:34.752  6685  6756 I LSPosed-Bridge: 	at android.os.Handler.dispatchMessage(Handler.java:106)

08-06 14:10:34.752  6685  6756 I LSPosed-Bridge: 	at android.os.Looper.loop(Looper.java:193)

08-06 14:10:34.752  6685  6756 I LSPosed-Bridge: 	at android.os.HandlerThread.run(HandlerThread.java:65)

08-06 14:10:34.755  1577  1602 W Looper  : Slow dispatch took 15051ms android.bg h=com.android.server.am.ActivityManagerService$3 c=null m=1

08-06 14:10:34.755  7940  8057 I LSPosed-Bridge: 7940 PermLabel permName: android.permission.READ_PHONE_STATE; getRunningAppProcesses =[android.app.ActivityManager$RunningAppProcessInfo@307f53f, android.app.ActivityManager$RunningAppProcessInfo@4d6ce0c, android.app.ActivityManager$RunningAppProcessInfo@b859355]; stacktrace=java.lang.Exception

08-06 14:10:34.755  7940  8057 I LSPosed-Bridge: 	at com.example.permlabel.hookBinder_test$2.afterHookedMethod(hookBinder_test.java:107)

08-06 14:10:34.755  7940  8057 I LSPosed-Bridge: 	at de.robv.android.xposed.XposedBridge$AdditionalHookInfo.callback(Unknown Source:147)

08-06 14:10:34.755  7940  8057 I LSPosed-Bridge: 	at LSPHooker_.getRunningAppProcesses(Unknown Source:8)

08-06 14:10:34.755  7940  8057 I LSPosed-Bridge: 	at com.ss.android.message.util.ToolUtils.isMainProcessStart(SourceFile:2)

08-06 14:10:34.755  7940  8057 I LSPosed-Bridge: 	at com.ss.android.pushmanager.setting.PushMultiProcessSharedProvider.allowStartOthersProcess(SourceFile:2)

08-06 14:10:34.755  7940  8057 I LSPosed-Bridge: 	at com.ss.android.pushmanager.setting.PushMultiProcessSharedProvider$MultiProcessShared.getLong(SourceFile:1)

08-06 14:10:34.755  7940  8057 I LSPosed-Bridge: 	at com.ss.android.newmedia.redbadge.setting.RedbadgeSetting.getRedBadgeLastRequestTime(SourceFile:1)

08-06 14:10:34.755  7940  8057 I LSPosed-Bridge: 	at com.ss.android.newmedia.redbadge.RedBadgeController.loadRequestConfig(SourceFile:1)

08-06 14:10:34.755  7940  8057 I LSPosed-Bridge: 	at com.ss.android.newmedia.redbadge.RedBadgeController$5.onChange(SourceFile:3)

08-06 14:10:34.755  7940  8057 I LSPosed-Bridge: 	at android.database.ContentObserver.onChange(ContentObserver.java:130)

08-06 14:10:34.755  7940  8057 I LSPosed-Bridge: 	at android.database.ContentObserver.onChange(ContentObserver.java:145)

08-06 14:10:34.755  7940  8057 I LSPosed-Bridge: 	at android.database.ContentObserver$NotificationRunnable.run(ContentObserver.java:216)

08-06 14:10:34.755  7940  8057 I LSPosed-Bridge: 	at android.os.Handler.handleCallback(Handler.java:873)

08-06 14:10:34.755  7940  8057 I LSPosed-Bridge: 	at android.os.Handler.dispatchMessage(Handler.java:99)

08-06 14:10:34.755  7940  8057 I LSPosed-Bridge: 	at android.os.Looper.loop(Looper.java:193)

08-06 14:10:34.755  7940  8057 I LSPosed-Bridge: 	at android.os.HandlerThread.run(HandlerThread.java:65)

08-06 14:10:34.782  7940  8057 I LSPosed-Bridge: 7940 PermLabel getRunningAppProcesses =android.app.ActivityManager$RunningAppProcessInfo@ea6d2a4

08-06 14:10:34.782  7940  8057 I LSPosed-Bridge: 7940 PermLabel getRunningAppProcesses processName: com.lemon.faceu:pushservice pid: 7918

08-06 14:10:34.782  7940  8057 I LSPosed-Bridge: 7940 PermLabel getRunningAppProcesses importance: 100 pid: 7918

08-06 14:10:34.782  7940  8057 I LSPosed-Bridge: 7940 PermLabel getRunningAppProcesses packageName com.lemon.faceu at index 0 in process 7918

08-06 14:10:34.782  7940  8057 I LSPosed-Bridge: 7940 PermLabel permName: android.permission.READ_PHONE_STATE; getRunningAppProcesses =[android.app.ActivityManager$RunningAppProcessInfo@d639a36, android.app.ActivityManager$RunningAppProcessInfo@8294d37, android.app.ActivityManager$RunningAppProcessInfo@ea6d2a4]; stacktrace=java.lang.Exception

08-06 14:10:34.782  7940  8057 I LSPosed-Bridge: 	at com.example.permlabel.hookBinder_test$2.afterHookedMethod(hookBinder_test.java:107)

08-06 14:10:34.782  7940  8057 I LSPosed-Bridge: 	at de.robv.android.xposed.XposedBridge$AdditionalHookInfo.callback(Unknown Source:147)

08-06 14:10:34.782  7940  8057 I LSPosed-Bridge: 	at LSPHooker_.getRunningAppProcesses(Unknown Source:8)

08-06 14:10:34.782  7940  8057 I LSPosed-Bridge: 	at com.ss.android.message.util.ToolUtils.isMainProcessStart(SourceFile:2)

08-06 14:10:34.782  7940  8057 I LSPosed-Bridge: 	at com.ss.android.pushmanager.setting.PushMultiProcessSharedProvider.allowStartOthersProcess(SourceFile:2)

08-06 14:10:34.782  7940  8057 I LSPosed-Bridge: 	at com.ss.android.pushmanager.setting.PushMultiProcessSharedProvider$MultiProcessShared.getInt(SourceFile:1)

08-06 14:10:34.782  7940  8057 I LSPosed-Bridge: 	at com.ss.android.newmedia.redbadge.setting.RedbadgeSetting.getRedBadgeNextQueryInterval(SourceFile:1)

08-06 14:10:34.782  7940  8057 I LSPosed-Bridge: 	at com.ss.android.newmedia.redbadge.RedBadgeController.loadRequestConfig(SourceFile:2)

