08-08 21:29:24.065  6206 13278 I LSPosed-Bridge: 	at m.df.a(:com.google.android.gms.dynamite_measurementdynamite@233013028@23.30.13 (100400-0):118)

08-08 21:29:24.065  6206 13278 I LSPosed-Bridge: 	at m.am.onTransact(:com.google.android.gms.dynamite_measurementdynamite@233013028@23.30.13 (100400-0):21)

08-08 21:29:24.065  6206 13278 I LSPosed-Bridge: 	at android.os.Binder.transact(Binder.java:667)

08-08 21:29:24.065  6206 13278 I LSPosed-Bridge: 	at com.google.android.gms.internal.measurement.zzbm.zzc(com.google.android.gms:play-services-measurement-base@@21.2.0:8)

08-08 21:29:24.065  6206 13278 I LSPosed-Bridge: 	at com.google.android.gms.internal.measurement.zzca.onActivityDestroyed(com.google.android.gms:play-services-measurement-base@@21.2.0:13)

08-08 21:29:24.065  6206 13278 I LSPosed-Bridge: 	at com.google.android.gms.internal.measurement.zzed.zza(com.google.android.gms:play-services-measurement-sdk-api@@21.2.0:23)

08-08 21:29:24.065  6206 13278 I LSPosed-Bridge: 	at com.google.android.gms.internal.measurement.zzdu.run(com.google.android.gms:play-services-measurement-sdk-api@@21.2.0:13)

08-08 21:29:24.065  6206 13278 I LSPosed-Bridge: 	at java.util.concurrent.ThreadPoolExecutor.runWorker(ThreadPoolExecutor.java:1167)

08-08 21:29:24.065  6206 13278 I LSPosed-Bridge: 	at java.util.concurrent.ThreadPoolExecutor$Worker.run(ThreadPoolExecutor.java:641)

08-08 21:29:24.065  6206 13278 I LSPosed-Bridge: 	at java.lang.Thread.run(Thread.java:764)

08-08 21:29:26.740  1567  4912 I LSPosed-Bridge: 6206 PermLabel 10118 AMS.checkPermission: Binder.getCallingPid() = 6206; uid = 10118; Binder.getCallingUid() = 10118; getNameForUid: com.alltrails.alltrails; getPackagesForUid: [com.alltrails.alltrails]; permName: android.permission.GET_TASKS; type = 0; res = -1; stacktrace=java.lang.Exception

08-08 21:29:26.740  1567  4912 I LSPosed-Bridge: 	at com.example.permlabel.requirePerm$1$2.afterHookedMethod(requirePerm.java:132)

08-08 21:29:26.740  1567  4912 I LSPosed-Bridge: 	at de.robv.android.xposed.XposedBridge$AdditionalHookInfo.callback(Unknown Source:147)

08-08 21:29:26.740  1567  4912 I LSPosed-Bridge: 	at LSPHooker_.checkPermission(Unknown Source:25)

08-08 21:29:26.740  1567  4912 I LSPosed-Bridge: 	at com.android.server.am.ActivityManagerService.isGetTasksAllowed(ActivityManagerService.java:10902)

08-08 21:29:26.740  1567  4912 I LSPosed-Bridge: 	at com.android.server.am.ActivityManagerService.getServices(ActivityManagerService.java:20573)

08-08 21:29:26.740  1567  4912 I LSPosed-Bridge: 	at android.app.IActivityManager$Stub.onTransact(IActivityManager.java:1064)

08-08 21:29:26.740  1567  4912 I LSPosed-Bridge: 	at com.android.server.am.ActivityManagerService.onTransact(ActivityManagerService.java:3346)

08-08 21:29:26.740  1567  4912 I LSPosed-Bridge: 	at android.os.Binder.execTransact(Binder.java:731)

08-08 21:29:26.816  1567  4912 I LSPosed-Bridge: 6206 PermLabel 10118 AMS.checkPermission: Binder.getCallingPid() = 6206; uid = 10118; Binder.getCallingUid() = 10118; getNameForUid: com.alltrails.alltrails; getPackagesForUid: [com.alltrails.alltrails]; permName: android.permission.GET_TASKS; type = 0; res = -1; stacktrace=java.lang.Exception

08-08 21:29:26.816  1567  4912 I LSPosed-Bridge: 	at com.example.permlabel.requirePerm$1$2.afterHookedMethod(requirePerm.java:132)

08-08 21:29:26.816  1567  4912 I LSPosed-Bridge: 	at de.robv.android.xposed.XposedBridge$AdditionalHookInfo.callback(Unknown Source:147)

08-08 21:29:26.816  1567  4912 I LSPosed-Bridge: 	at LSPHooker_.checkPermission(Unknown Source:25)

08-08 21:29:26.816  1567  4912 I LSPosed-Bridge: 	at com.android.server.am.ActivityManagerService.isGetTasksAllowed(ActivityManagerService.java:10902)

08-08 21:29:26.816  1567  4912 I LSPosed-Bridge: 	at com.android.server.am.ActivityManagerService.getServices(ActivityManagerService.java:20573)

08-08 21:29:26.816  1567  4912 I LSPosed-Bridge: 	at android.app.IActivityManager$Stub.onTransact(IActivityManager.java:1064)

08-08 21:29:26.816  1567  4912 I LSPosed-Bridge: 	at com.android.server.am.ActivityManagerService.onTransact(ActivityManagerService.java:3346)

08-08 21:29:26.816  1567  4912 I LSPosed-Bridge: 	at android.os.Binder.execTransact(Binder.java:731)

08-08 21:29:26.839  1567  2954 I LSPosed-Bridge: 6206 PermLabel 10118 AMS.checkPermission: Binder.getCallingPid() = 6206; uid = 10118; Binder.getCallingUid() = 10118; getNameForUid: com.alltrails.alltrails; getPackagesForUid: [com.alltrails.alltrails]; permName: android.permission.GET_TASKS; type = 0; res = -1; stacktrace=java.lang.Exception

08-08 21:29:26.839  1567  2954 I LSPosed-Bridge: 	at com.example.permlabel.requirePerm$1$2.afterHookedMethod(requirePerm.java:132)

08-08 21:29:26.839  1567  2954 I LSPosed-Bridge: 	at de.robv.android.xposed.XposedBridge$AdditionalHookInfo.callback(Unknown Source:147)

08-08 21:29:26.839  1567  2954 I LSPosed-Bridge: 	at LSPHooker_.checkPermission(Unknown Source:25)

08-08 21:29:26.839  1567  2954 I LSPosed-Bridge: 	at com.android.server.am.ActivityManagerService.isGetTasksAllowed(ActivityManagerService.java:10902)

08-08 21:29:26.839  1567  2954 I LSPosed-Bridge: 	at com.android.server.am.ActivityManagerService.getServices(ActivityManagerService.java:20573)

08-08 21:29:26.839  1567  2954 I LSPosed-Bridge: 	at android.app.IActivityManager$Stub.onTransact(IActivityManager.java:1064)

08-08 21:29:26.839  1567  2954 I LSPosed-Bridge: 	at com.android.server.am.ActivityManagerService.onTransact(ActivityManagerService.java:3346)

08-08 21:29:26.839  1567  2954 I LSPosed-Bridge: 	at android.os.Binder.execTransact(Binder.java:731)

08-08 21:29:26.839  6206  6443 I LSPosed-Bridge: 6206 PermLabel hookBinder_test 10118 interfaceBinder =android.app.IActivityManager; arg0 = 59; arg1 = android.os.Parcel@99b9b03; arg2 = android.os.Parcel@e35c12a; arg3 = 0; res = true; stacktrace=java.lang.Exception

08-08 21:29:26.839  6206  6443 I LSPosed-Bridge: 	at com.example.permlabel.hookBinder_test$1.afterHookedMethod(hookBinder_test.java:63)

08-08 21:29:26.839  6206  6443 I LSPosed-Bridge: 	at de.robv.android.xposed.XposedBridge$AdditionalHookInfo.callback(Unknown Source:147)

08-08 21:29:26.839  6206  6443 I LSPosed-Bridge: 	at LSPHooker_.transact(Unknown Source:28)

08-08 21:29:26.839  6206  6443 I LSPosed-Bridge: 	at android.app.IActivityManager$Stub$Proxy.getIntentSender(IActivityManager.java:4937)

08-08 21:29:26.839  6206  6443 I LSPosed-Bridge: 	at android.app.PendingIntent.getBroadcastAsUser(PendingIntent.java:568)

08-08 21:29:26.839  6206  6443 I LSPosed-Bridge: 	at android.app.PendingIntent.getBroadcast(PendingIntent.java:552)

08-08 21:29:26.839  6206  6443 I LSPosed-Bridge: 	at bo.app.u.c(SourceFile:6)

08-08 21:29:26.839  6206  6443 I LSPosed-Bridge: 	at bo.app.u.l(SourceFile:24)

08-08 21:29:26.839  6206  6443 I LSPosed-Bridge: 	at bo.app.p.d(SourceFile:25)

08-08 21:29:26.839  6206  6443 I LSPosed-Bridge: 	at bo.app.p.openSession(SourceFile:28)

08-08 21:29:26.839  6206  6443 I LSPosed-Bridge: 	at com.braze.Braze$k1.a(SourceFile:32)

08-08 21:29:26.839  6206  6443 I LSPosed-Bridge: 	at com.braze.Braze$k1.invoke(SourceFile:1)

08-08 21:29:26.839  6206  6443 I LSPosed-Bridge: 	at com.braze.Braze$r2$a.invokeSuspend(SourceFile:13)

08-08 21:29:26.839  6206  6443 I LSPosed-Bridge: 	at g10.resumeWith(ContinuationImpl.kt:12)

08-08 21:29:26.839  6206  6443 I LSPosed-Bridge: 	at kotlinx.coroutines.DispatchedTask.run(DispatchedTask.kt:119)

08-08 21:29:26.839  6206  6443 I LSPosed-Bridge: 	at kotlinx.coroutines.EventLoopImplBase.processNextEvent(EventLoop.common.kt:84)

08-08 21:29:26.839  6206  6443 I LSPosed-Bridge: 	at kotlinx.coroutines.BlockingCoroutine.joinBlocking(Builders.kt:30)

08-08 21:29:26.839  6206  6443 I LSPosed-Bridge: 	at kotlinx.coroutines.BuildersKt__BuildersKt.runBlocking(Builders.kt:77)

08-08 21:29:26.839  6206  6443 I LSPosed-Bridge: 	at kotlinx.coroutines.BuildersKt.runBlocking(Unknown Source:1)

08-08 21:29:26.839  6206  6443 I LSPosed-Bridge: 	at kotlinx.coroutines.BuildersKt__BuildersKt.runBlocking$default(Builders.kt:7)

08-08 21:29:26.839  6206  6443 I LSPosed-Bridge: 	at kotlinx.coroutines.BuildersKt.runBlocking$default(Unknown Source:1)

08-08 21:29:26.839  6206  6443 I LSPosed-Bridge: 	at com.braze.Braze$r2.invokeSuspend(SourceFile:20)

08-08 21:29:26.839  6206  6443 I LSPosed-Bridge: 	at g10.resumeWith(ContinuationImpl.kt:12)

08-08 21:29:26.839  6206  6443 I LSPosed-Bridge: 	at kotlinx.coroutines.DispatchedTask.run(DispatchedTask.kt:119)

08-08 21:29:26.839  6206  6443 I LSPosed-Bridge: 	at java.util.concurrent.ThreadPoolExecutor.runWorker(ThreadPoolExecutor.java:1167)

08-08 21:29:26.839  6206  6443 I LSPosed-Bridge: 	at java.util.concurrent.ThreadPoolExecutor$Worker.run(ThreadPoolExecutor.java:641)

08-08 21:29:26.839  6206  6443 I LSPosed-Bridge: 	at java.lang.Thread.run(Thread.java:764)

08-08 21:29:27.173  6206 13279 I LSPosed-Bridge: 6206 PermLabel hookBinder_test 10118 interfaceBinder =android.content.pm.IPackageManager; arg0 = 13; arg1 = android.os.Parcel@fd03cb4; arg2 = android.os.Parcel@76cd587; arg3 = 0; res = true; stacktrace=java.lang.Exception

08-08 21:29:27.173  6206 13279 I LSPosed-Bridge: 	at com.example.permlabel.hookBinder_test$1.afterHookedMethod(hookBinder_test.java:63)

08-08 21:29:27.173  6206 13279 I LSPosed-Bridge: 	at de.robv.android.xposed.XposedBridge$AdditionalHookInfo.callback(Unknown Source:147)

08-08 21:29:27.173  6206 13279 I LSPosed-Bridge: 	at LSPHooker_.transact(Unknown Source:28)

08-08 21:29:27.173  6206 13279 I LSPosed-Bridge: 	at android.content.pm.IPackageManager$Stub$Proxy.getApplicationInfo(IPackageManager.java:3104)

08-08 21:29:27.173  6206 13279 I LSPosed-Bridge: 	at android.app.ApplicationPackageManager.getApplicationInfoAsUser(ApplicationPackageManager.java:384)

08-08 21:29:27.173  6206 13279 I LSPosed-Bridge: 	at android.app.ApplicationPackageManager.getApplicationInfo(ApplicationPackageManager.java:377)

08-08 21:29:27.173  6206 13279 I LSPosed-Bridge: 	at m.cr.a(:com.google.android.gms.dynamite_measurementdynamite@233013028@23.30.13 (100400-0):7)

08-08 21:29:27.173  6206 13279 I LSPosed-Bridge: 	at m.ek.c(:com.google.android.gms.dynamite_measurementdynamite@233013028@23.30.13 (100400-0):42)

08-08 21:29:27.173  6206 13279 I LSPosed-Bridge: 	at m.ek.d(:com.google.android.gms.dynamite_measurementdynamite@233013028@23.30.13 (100400-0):4)

08-08 21:29:27.173  6206 13279 I LSPosed-Bridge: 	at m.ek.h(:com.google.android.gms.dynamite_measurementdynamite@233013028@23.30.13 (100400-0):13)

08-08 21:29:27.173  6206 13279 I LSPosed-Bridge: 	at m.ix.a(:com.google.android.gms.dynamite_measurementdynamite@233013028@23.30.13 (100400-0):6)

08-08 21:29:27.173  6206 13279 I LSPosed-Bridge: 	at m.ix.u(:com.google.android.gms.dynamite_measurementdynamite@233013028@23.30.13 (100400-0):1)

08-08 21:29:27.173  6206 13279 I LSPosed-Bridge: 	at m.ly.run(:com.google.android.gms.dynamite_measurementdynamite@233013028@23.30.13 (100400-0):127)

08-08 21:29:27.173  6206 13279 I LSPosed-Bridge: 	at java.util.concurrent.Executors$RunnableAdapter.call(Executors.java:458)

08-08 21:29:27.173  6206 13279 I LSPosed-Bridge: 	at java.util.concurrent.FutureTask.run(FutureTask.java:266)

08-08 21:29:27.173  6206 13279 I LSPosed-Bridge: 	at m.it.run(:com.google.android.gms.dynamite_measurementdynamite@233013028@23.30.13 (100400-0):48)

08-08 21:29:27.173  1567  2954 I LSPosed-Bridge: 6206 PermLabel 10118 AMS.checkPermission: Binder.getCallingPid() = 6206; uid = 10118; Binder.getCallingUid() = 10118; getNameForUid: com.alltrails.alltrails; getPackagesForUid: [com.alltrails.alltrails]; permName: android.permission.GET_TASKS; type = 0; res = -1; stacktrace=java.lang.Exception

08-08 21:29:27.173  1567  2954 I LSPosed-Bridge: 	at com.example.permlabel.requirePerm$1$2.afterHookedMethod(requirePerm.java:132)

08-08 21:29:27.173  1567  2954 I LSPosed-Bridge: 	at de.robv.android.xposed.XposedBridge$AdditionalHookInfo.callback(Unknown Source:147)

08-08 21:29:27.173  1567  2954 I LSPosed-Bridge: 	at LSPHooker_.checkPermission(Unknown Source:25)

08-08 21:29:27.173  1567  2954 I LSPosed-Bridge: 	at com.android.server.am.ActivityManagerService.isGetTasksAllowed(ActivityManagerService.java:10902)

08-08 21:29:27.173  1567  2954 I LSPosed-Bridge: 	at com.android.server.am.ActivityManagerService.getServices(ActivityManagerService.java:20573)

08-08 21:29:27.173  1567  2954 I LSPosed-Bridge: 	at android.app.IActivityManager$Stub.onTransact(IActivityManager.java:1064)

08-08 21:29:27.173  1567  2954 I LSPosed-Bridge: 	at com.android.server.am.ActivityManagerService.onTransact(ActivityManagerService.java:3346)

08-08 21:29:27.173  1567  2954 I LSPosed-Bridge: 	at android.os.Binder.execTransact(Binder.java:731)

08-08 21:29:28.265  1567  4912 I LSPosed-Bridge: 6206 PermLabel 10118 AMS.checkPermission: Binder.getCallingPid() = 6206; uid = 10118; Binder.getCallingUid() = 10118; getNameForUid: com.alltrails.alltrails; getPackagesForUid: [com.alltrails.alltrails]; permName: android.permission.GET_TASKS; type = 0; res = -1; stacktrace=java.lang.Exception

08-08 21:29:28.265  1567  4912 I LSPosed-Bridge: 	at com.example.permlabel.requirePerm$1$2.afterHookedMethod(requirePerm.java:132)

08-08 21:29:28.265  1567  4912 I LSPosed-Bridge: 	at de.robv.android.xposed.XposedBridge$AdditionalHookInfo.callback(Unknown Source:147)

08-08 21:29:28.265  1567  4912 I LSPosed-Bridge: 	at LSPHooker_.checkPermission(Unknown Source:25)

08-08 21:29:28.265  1567  4912 I LSPosed-Bridge: 	at com.android.server.am.ActivityManagerService.isGetTasksAllowed(ActivityManagerService.java:10902)

08-08 21:29:28.265  1567  4912 I LSPosed-Bridge: 	at com.android.server.am.ActivityManagerService.getServices(ActivityManagerService.java:20573)

08-08 21:29:28.265  1567  4912 I LSPosed-Bridge: 	at android.app.IActivityManager$Stub.onTransact(IActivityManager.java:1064)

08-08 21:29:28.265  1567  4912 I LSPosed-Bridge: 	at com.android.server.am.ActivityManagerService.onTransact(ActivityManagerService.java:3346)

08-08 21:29:28.265  1567  4912 I LSPosed-Bridge: 	at android.os.Binder.execTransact(Binder.java:731)

08-08 21:29:28.305  1567  2954 I LSPosed-Bridge: 6206 PermLabel 10118 AMS.checkPermission: Binder.getCallingPid() = 6206; uid = 10118; Binder.getCallingUid() = 10118; getNameForUid: com.alltrails.alltrails; getPackagesForUid: [com.alltrails.alltrails]; permName: android.permission.GET_TASKS; type = 0; res = -1; stacktrace=java.lang.Exception

08-08 21:29:28.305  1567  2954 I LSPosed-Bridge: 	at com.example.permlabel.requirePerm$1$2.afterHookedMethod(requirePerm.java:132)

08-08 21:29:28.305  1567  2954 I LSPosed-Bridge: 	at de.robv.android.xposed.XposedBridge$AdditionalHookInfo.callback(Unknown Source:147)

08-08 21:29:28.305  1567  2954 I LSPosed-Bridge: 	at LSPHooker_.checkPermission(Unknown Source:25)

08-08 21:29:28.305  1567  2954 I LSPosed-Bridge: 	at com.android.server.am.ActivityManagerService.isGetTasksAllowed(ActivityManagerService.java:10902)

08-08 21:29:28.305  1567  2954 I LSPosed-Bridge: 	at com.android.server.am.ActivityManagerService.getServices(ActivityManagerService.java:20573)

08-08 21:29:28.305  1567  2954 I LSPosed-Bridge: 	at android.app.IActivityManager$Stub.onTransact(IActivityManager.java:1064)

08-08 21:29:28.305  1567  2954 I LSPosed-Bridge: 	at com.android.server.am.ActivityManagerService.onTransact(ActivityManagerService.java:3346)

08-08 21:29:28.305  1567  2954 I LSPosed-Bridge: 	at android.os.Binder.execTransact(Binder.java:731)

08-08 21:29:28.305  6206  6335 I LSPosed-Bridge: 6206 PermLabel hookBinder_test 10118 interfaceBinder =android.content.pm.IPackageManager; arg0 = 3; arg1 = android.os.Parcel@18f3b13; arg2 = android.os.Parcel@be4536c; arg3 = 0; res = true; stacktrace=java.lang.Exception

08-08 21:29:28.305  6206  6335 I LSPosed-Bridge: 	at com.example.permlabel.hookBinder_test$1.afterHookedMethod(hookBinder_test.java:63)

08-08 21:29:28.305  6206  6335 I LSPosed-Bridge: 	at de.robv.android.xposed.XposedBridge$AdditionalHookInfo.callback(Unknown Source:147)

08-08 21:29:28.305  6206  6335 I LSPosed-Bridge: 	at LSPHooker_.transact(Unknown Source:28)

08-08 21:29:28.305  6206  6335 I LSPosed-Bridge: 	at android.content.pm.IPackageManager$Stub$Proxy.getPackageInfo(IPackageManager.java:2876)

08-08 21:29:28.305  6206  6335 I LSPosed-Bridge: 	at android.app.ApplicationPackageManager.getPackageInfoAsUser(ApplicationPackageManager.java:174)

08-08 21:29:28.305  6206  6335 I LSPosed-Bridge: 	at android.app.ApplicationPackageManager.getPackageInfo(ApplicationPackageManager.java:152)

08-08 21:29:28.305  6206  6335 I LSPosed-Bridge: 	at yk0.h(CctTransportBackend.java:10)

08-08 21:29:28.305  6206  6335 I LSPosed-Bridge: 	at yk0.b(CctTransportBackend.java:152)

08-08 21:29:28.305  6206  6335 I LSPosed-Bridge: 	at jn2.e(DefaultScheduler.java:43)

08-08 21:29:28.305  6206  6335 I LSPosed-Bridge: 	at jn2.b(DefaultScheduler.java:1)

08-08 21:29:28.305  6206  6335 I LSPosed-Bridge: 	at hn2.run(R8$$SyntheticClass:9)

08-08 21:29:28.305  6206  6335 I LSPosed-Bridge: 	at dga$a.run(SafeLoggingExecutor.java:3)

08-08 21:29:28.305  6206  6335 I LSPosed-Bridge: 	at java.util.concurrent.ThreadPoolExecutor.runWorker(ThreadPoolExecutor.java:1167)

08-08 21:29:28.305  6206  6335 I LSPosed-Bridge: 	at java.util.concurrent.ThreadPoolExecutor$Worker.run(ThreadPoolExecutor.java:641)

08-08 21:29:28.305  6206  6335 I LSPosed-Bridge: 	at java.lang.Thread.run(Thread.java:764)

08-08 21:29:34.370   555   555 I ConfigStore: android::hardware::configstore::V1_0::ISurfaceFlingerConfigs::hasHDRDisplay retrieved: 0

08-08 21:29:34.370  1567  4912 I LSPosed-Bridge: 6206 PermLabel 10118 AMS.checkPermission: Binder.getCallingPid() = 6206; uid = 10118; Binder.getCallingUid() = 10118; getNameForUid: com.alltrails.alltrails; getPackagesForUid: [com.alltrails.alltrails]; permName: android.permission.GET_TASKS; type = 0; res = -1; stacktrace=java.lang.Exception

08-08 21:29:34.370  1567  4912 I LSPosed-Bridge: 	at com.example.permlabel.requirePerm$1$2.afterHookedMethod(requirePerm.java:132)

08-08 21:29:34.370  1567  4912 I LSPosed-Bridge: 	at de.robv.android.xposed.XposedBridge$AdditionalHookInfo.callback(Unknown Source:147)

08-08 21:29:34.370  1567  4912 I LSPosed-Bridge: 	at LSPHooker_.checkPermission(Unknown Source:25)

08-08 21:29:34.370  1567  4912 I LSPosed-Bridge: 	at com.android.server.am.ActivityManagerService.isGetTasksAllowed(ActivityManagerService.java:10902)

08-08 21:29:34.370  1567  4912 I LSPosed-Bridge: 	at com.android.server.am.ActivityManagerService.getServices(ActivityManagerService.java:20573)

08-08 21:29:34.370  1567  4912 I LSPosed-Bridge: 	at android.app.IActivityManager$Stub.onTransact(IActivityManager.java:1064)

08-08 21:29:34.370  1567  4912 I LSPosed-Bridge: 	at com.android.server.am.ActivityManagerService.onTransact(ActivityManagerService.java:3346)

08-08 21:29:34.370  1567  4912 I LSPosed-Bridge: 	at android.os.Binder.execTransact(Binder.java:731)

08-08 21:29:34.370  6206 13278 I LSPosed-Bridge: 6206 PermLabel hookBinder_test 10118 interfaceBinder =android.content.pm.IPackageManager; arg0 = 13; arg1 = android.os.Parcel@5bd0754; arg2 = android.os.Parcel@7005279; arg3 = 0; res = true; stacktrace=java.lang.Exception

08-08 21:29:34.370  6206 13278 I LSPosed-Bridge: 	at com.example.permlabel.hookBinder_test$1.afterHookedMethod(hookBinder_test.java:63)

08-08 21:29:34.370  6206 13278 I LSPosed-Bridge: 	at de.robv.android.xposed.XposedBridge$AdditionalHookInfo.callback(Unknown Source:147)

08-08 21:29:34.370  6206 13278 I LSPosed-Bridge: 	at LSPHooker_.transact(Unknown Source:28)

08-08 21:29:34.370  6206 13278 I LSPosed-Bridge: 	at android.content.pm.IPackageManager$Stub$Proxy.getApplicationInfo(IPackageManager.java:3104)

08-08 21:29:34.370  6206 13278 I LSPosed-Bridge: 	at android.app.ApplicationPackageManager.getApplicationInfoAsUser(ApplicationPackageManager.java:384)

08-08 21:29:34.370  6206 13278 I LSPosed-Bridge: 	at android.app.ApplicationPackageManager.getApplicationInfo(ApplicationPackageManager.java:377)

08-08 21:29:34.370  6206 13278 I LSPosed-Bridge: 	at m.cr.a(:com.google.android.gms.dynamite_measurementdynamite@233013028@23.30.13 (100400-0):7)

08-08 21:29:34.370  6206 13278 I LSPosed-Bridge: 	at m.ek.c(:com.google.android.gms.dynamite_measurementdynamite@233013028@23.30.13 (100400-0):42)

08-08 21:29:34.370  6206 13278 I LSPosed-Bridge: 	at m.ek.d(:com.google.android.gms.dynamite_measurementdynamite@233013028@23.30.13 (100400-0):4)

08-08 21:29:34.370  6206 13278 I LSPosed-Bridge: 	at m.ek.g(:com.google.android.gms.dynamite_measurementdynamite@233013028@23.30.13 (100400-0):6)

08-08 21:29:34.370  6206 13278 I LSPosed-Bridge: 	at m.kj.onActivityPaused(:com.google.android.gms.dynamite_measurementdynamite@233013028@23.30.13 (100400-0):25)

08-08 21:29:34.370  6206 13278 I LSPosed-Bridge: 	at com.google.android.gms.measurement.internal.AppMeasurementDynamiteService.onActivityPaused(:com.google.android.gms.dynamite_measurementdynamite@233013028@23.30.13 (100400-0):29)

08-08 21:29:34.370  6206 13278 I LSPosed-Bridge: 	at m.df.a(:com.google.android.gms.dynamite_measurementdynamite@233013028@23.30.13 (100400-0):111)

08-08 21:29:34.370  6206 13278 I LSPosed-Bridge: 	at m.am.onTransact(:com.google.android.gms.dynamite_measurementdynamite@233013028@23.30.13 (100400-0):21)

08-08 21:29:34.370  6206 13278 I LSPosed-Bridge: 	at android.os.Binder.transact(Binder.java:667)

08-08 21:29:34.370  6206 13278 I LSPosed-Bridge: 	at com.google.android.gms.internal.measurement.zzbm.zzc(com.google.android.gms:play-services-measurement-base@@21.2.0:8)

08-08 21:29:34.370  6206 13278 I LSPosed-Bridge: 	at com.google.android.gms.internal.measurement.zzca.onActivityPaused(com.google.android.gms:play-services-measurement-base@@21.2.0:13)

08-08 21:29:34.370  6206 13278 I LSPosed-Bridge: 	at com.google.android.gms.internal.measurement.zzea.zza(com.google.android.gms:play-services-measurement-sdk-api@@21.2.0:23)

08-08 21:29:34.370  6206 13278 I LSPosed-Bridge: 	at com.google.android.gms.internal.measurement.zzdu.run(com.google.android.gms:play-services-measurement-sdk-api@@21.2.0:13)

08-08 21:29:34.370  6206 13278 I LSPosed-Bridge: 	at java.util.concurrent.ThreadPoolExecutor.runWorker(ThreadPoolExecutor.java:1167)

08-08 21:29:34.370  6206 13278 I LSPosed-Bridge: 	at java.util.concurrent.ThreadPoolExecutor$Worker.run(ThreadPoolExecutor.java:641)

08-08 21:29:34.370  6206 13278 I LSPosed-Bridge: 	at java.lang.Thread.run(Thread.java:764)

08-08 21:29:34.370   555   555 I ConfigStore: android::hardware::configstore::V1_0::ISurfaceFlingerConfigs::hasHDRDisplay retrieved: 0

08-08 21:29:44.910  1567  6993 I LSPosed-Bridge: 6206 PermLabel 10118 AMS.checkPermission: Binder.getCallingPid() = 6206; uid = 10118; Binder.getCallingUid() = 10118; getNameForUid: com.alltrails.alltrails; getPackagesForUid: [com.alltrails.alltrails]; permName: android.permission.GET_TASKS; type = 0; res = -1; stacktrace=java.lang.Exception

08-08 21:29:44.910  1567  6993 I LSPosed-Bridge: 	at com.example.permlabel.requirePerm$1$2.afterHookedMethod(requirePerm.java:132)

08-08 21:29:44.910  1567  6993 I LSPosed-Bridge: 	at de.robv.android.xposed.XposedBridge$AdditionalHookInfo.callback(Unknown Source:147)

08-08 21:29:44.910  1567  6993 I LSPosed-Bridge: 	at LSPHooker_.checkPermission(Unknown Source:25)

08-08 21:29:44.910  1567  6993 I LSPosed-Bridge: 	at com.android.server.am.ActivityManagerService.isGetTasksAllowed(ActivityManagerService.java:10902)

08-08 21:29:44.910  1567  6993 I LSPosed-Bridge: 	at com.android.server.am.ActivityManagerService.getServices(ActivityManagerService.java:20573)

08-08 21:29:44.910  1567  6993 I LSPosed-Bridge: 	at android.app.IActivityManager$Stub.onTransact(IActivityManager.java:1064)

08-08 21:29:44.910  1567  6993 I LSPosed-Bridge: 	at com.android.server.am.ActivityManagerService.onTransact(ActivityManagerService.java:3346)

08-08 21:29:44.910  1567  6993 I LSPosed-Bridge: 	at android.os.Binder.execTransact(Binder.java:731)

08-08 21:29:53.130   555   555 I ConfigStore: android::hardware::configstore::V1_0::ISurfaceFlingerConfigs::hasHDRDisplay retrieved: 0

08-08 21:29:53.130  1567  6652 I LSPosed-Bridge: 6206 PermLabel 10118 AMS.checkPermission: Binder.getCallingPid() = 6206; uid = 10118; Binder.getCallingUid() = 10118; getNameForUid: com.alltrails.alltrails; getPackagesForUid: [com.alltrails.alltrails]; permName: android.permission.GET_TASKS; type = 0; res = -1; stacktrace=java.lang.Exception

08-08 21:29:53.130  1567  6652 I LSPosed-Bridge: 	at com.example.permlabel.requirePerm$1$2.afterHookedMethod(requirePerm.java:132)

08-08 21:29:53.130  1567  6652 I LSPosed-Bridge: 	at de.robv.android.xposed.XposedBridge$AdditionalHookInfo.callback(Unknown Source:147)

08-08 21:29:53.130  1567  6652 I LSPosed-Bridge: 	at LSPHooker_.checkPermission(Unknown Source:25)

08-08 21:29:53.130  1567  6652 I LSPosed-Bridge: 	at com.android.server.am.ActivityManagerService.isGetTasksAllowed(ActivityManagerService.java:10902)

08-08 21:29:53.130  1567  6652 I LSPosed-Bridge: 	at com.android.server.am.ActivityManagerService.getServices(ActivityManagerService.java:20573)

08-08 21:29:53.130  1567  6652 I LSPosed-Bridge: 	at android.app.IActivityManager$Stub.onTransact(IActivityManager.java:1064)

08-08 21:29:53.130  1567  6652 I LSPosed-Bridge: 	at com.android.server.am.ActivityManagerService.onTransact(ActivityManagerService.java:3346)

08-08 21:29:53.130  1567  6652 I LSPosed-Bridge: 	at android.os.Binder.execTransact(Binder.java:731)

08-08 21:29:53.328  1567  2954 I LSPosed-Bridge: 6206 PermLabel 10118 AMS.checkPermission: Binder.getCallingPid() = 6206; uid = 10118; Binder.getCallingUid() = 10118; getNameForUid: com.alltrails.alltrails; getPackagesForUid: [com.alltrails.alltrails]; permName: android.permission.GET_TASKS; type = 0; res = -1; stacktrace=java.lang.Exception

08-08 21:29:53.328  1567  2954 I LSPosed-Bridge: 	at com.example.permlabel.requirePerm$1$2.afterHookedMethod(requirePerm.java:132)

08-08 21:29:53.328  1567  2954 I LSPosed-Bridge: 	at de.robv.android.xposed.XposedBridge$AdditionalHookInfo.callback(Unknown Source:147)

08-08 21:29:53.328  1567  2954 I LSPosed-Bridge: 	at LSPHooker_.checkPermission(Unknown Source:25)

08-08 21:29:53.328  1567  2954 I LSPosed-Bridge: 	at com.android.server.am.ActivityManagerService.isGetTasksAllowed(ActivityManagerService.java:10902)

08-08 21:29:53.328  1567  2954 I LSPosed-Bridge: 	at com.android.server.am.ActivityManagerService.getServices(ActivityManagerService.java:20573)

08-08 21:29:53.328  1567  2954 I LSPosed-Bridge: 	at android.app.IActivityManager$Stub.onTransact(IActivityManager.java:1064)

08-08 21:29:53.328  1567  2954 I LSPosed-Bridge: 	at com.android.server.am.ActivityManagerService.onTransact(ActivityManagerService.java:3346)

08-08 21:29:53.328  1567  2954 I LSPosed-Bridge: 	at android.os.Binder.execTransact(Binder.java:731)

08-08 21:29:53.363  1567  2954 I LSPosed-Bridge: 6206 PermLabel 10118 AMS.checkPermission: Binder.getCallingPid() = 6206; uid = 10118; Binder.getCallingUid() = 10118; getNameForUid: com.alltrails.alltrails; getPackagesForUid: [com.alltrails.alltrails]; permName: android.permission.GET_TASKS; type = 0; res = -1; stacktrace=java.lang.Exception

08-08 21:29:53.363  1567  2954 I LSPosed-Bridge: 	at com.example.permlabel.requirePerm$1$2.afterHookedMethod(requirePerm.java:132)

08-08 21:29:53.363  1567  2954 I LSPosed-Bridge: 	at de.robv.android.xposed.XposedBridge$AdditionalHookInfo.callback(Unknown Source:147)

08-08 21:29:53.363  1567  2954 I LSPosed-Bridge: 	at LSPHooker_.checkPermission(Unknown Source:25)

08-08 21:29:53.363  1567  2954 I LSPosed-Bridge: 	at com.android.server.am.ActivityManagerService.isGetTasksAllowed(ActivityManagerService.java:10902)

08-08 21:29:53.363  1567  2954 I LSPosed-Bridge: 	at com.android.server.am.ActivityManagerService.getServices(ActivityManagerService.java:20573)

08-08 21:29:53.363  1567  2954 I LSPosed-Bridge: 	at android.app.IActivityManager$Stub.onTransact(IActivityManager.java:1064)

08-08 21:29:53.363  1567  2954 I LSPosed-Bridge: 	at com.android.server.am.ActivityManagerService.onTransact(ActivityManagerService.java:3346)

08-08 21:29:53.363  1567  2954 I LSPosed-Bridge: 	at android.os.Binder.execTransact(Binder.java:731)

08-08 21:29:53.642  6206 13279 I LSPosed-Bridge: 6206 PermLabel hookBinder_test 10118 interfaceBinder =android.content.pm.IPackageManager; arg0 = 13; arg1 = android.os.Parcel@d31b725; arg2 = android.os.Parcel@8045b14; arg3 = 0; res = true; stacktrace=java.lang.Exception

08-08 21:29:53.642  6206 13279 I LSPosed-Bridge: 	at com.example.permlabel.hookBinder_test$1.afterHookedMethod(hookBinder_test.java:63)

08-08 21:29:53.642  6206 13279 I LSPosed-Bridge: 	at de.robv.android.xposed.XposedBridge$AdditionalHookInfo.callback(Unknown Source:147)

08-08 21:29:53.642  6206 13279 I LSPosed-Bridge: 	at LSPHooker_.transact(Unknown Source:28)

08-08 21:29:53.642  6206 13279 I LSPosed-Bridge: 	at android.content.pm.IPackageManager$Stub$Proxy.getApplicationInfo(IPackageManager.java:3104)

08-08 21:29:53.642  6206 13279 I LSPosed-Bridge: 	at android.app.ApplicationPackageManager.getApplicationInfoAsUser(ApplicationPackageManager.java:384)

08-08 21:29:53.642  6206 13279 I LSPosed-Bridge: 	at android.app.ApplicationPackageManager.getApplicationInfo(ApplicationPackageManager.java:377)

08-08 21:29:53.642  6206 13279 I LSPosed-Bridge: 	at m.cr.a(:com.google.android.gms.dynamite_measurementdynamite@233013028@23.30.13 (100400-0):7)

08-08 21:29:53.642  6206 13279 I LSPosed-Bridge: 	at m.ek.c(:com.google.android.gms.dynamite_measurementdynamite@233013028@23.30.13 (100400-0):42)

08-08 21:29:53.642  6206 13279 I LSPosed-Bridge: 	at m.ek.d(:com.google.android.gms.dynamite_measurementdynamite@233013028@23.30.13 (100400-0):4)

08-08 21:29:53.642  6206 13279 I LSPosed-Bridge: 	at m.ek.h(:com.google.android.gms.dynamite_measurementdynamite@233013028@23.30.13 (100400-0):13)

08-08 21:29:53.642  6206 13279 I LSPosed-Bridge: 	at m.ix.a(:com.google.android.gms.dynamite_measurementdynamite@233013028@23.30.13 (100400-0):6)

08-08 21:29:53.642  6206 13279 I LSPosed-Bridge: 	at m.ix.u(:com.google.android.gms.dynamite_measurementdynamite@233013028@23.30.13 (100400-0):1)

08-08 21:29:53.642  6206 13279 I LSPosed-Bridge: 	at m.ly.run(:com.google.android.gms.dynamite_measurementdynamite@233013028@23.30.13 (100400-0):127)

08-08 21:29:53.642  6206 13279 I LSPosed-Bridge: 	at java.util.concurrent.Executors$RunnableAdapter.call(Executors.java:458)

08-08 21:29:53.642  6206 13279 I LSPosed-Bridge: 	at java.util.concurrent.FutureTask.run(FutureTask.java:266)

08-08 21:29:53.642  6206 13279 I LSPosed-Bridge: 	at m.it.run(:com.google.android.gms.dynamite_measurementdynamite@233013028@23.30.13 (100400-0):48)

08-08 21:29:53.642  1567  6652 I LSPosed-Bridge: 6206 PermLabel 10118 AMS.checkPermission: Binder.getCallingPid() = 6206; uid = 10118; Binder.getCallingUid() = 10118; getNameForUid: com.alltrails.alltrails; getPackagesForUid: [com.alltrails.alltrails]; permName: android.permission.GET_TASKS; type = 0; res = -1; stacktrace=java.lang.Exception

08-08 21:29:53.642  1567  6652 I LSPosed-Bridge: 	at com.example.permlabel.requirePerm$1$2.afterHookedMethod(requirePerm.java:132)

08-08 21:29:53.642  1567  6652 I LSPosed-Bridge: 	at de.robv.android.xposed.XposedBridge$AdditionalHookInfo.callback(Unknown Source:147)

08-08 21:29:53.642  1567  6652 I LSPosed-Bridge: 	at LSPHooker_.checkPermission(Unknown Source:25)

08-08 21:29:53.642  1567  6652 I LSPosed-Bridge: 	at com.android.server.am.ActivityManagerService.isGetTasksAllowed(ActivityManagerService.java:10902)

08-08 21:29:53.642  1567  6652 I LSPosed-Bridge: 	at com.android.server.am.ActivityManagerService.getServices(ActivityManagerService.java:20573)

08-08 21:29:53.642  1567  6652 I LSPosed-Bridge: 	at android.app.IActivityManager$Stub.onTransact(IActivityManager.java:1064)

08-08 21:29:53.642  1567  6652 I LSPosed-Bridge: 	at com.android.server.am.ActivityManagerService.onTransact(ActivityManagerService.java:3346)

08-08 21:29:53.642  1567  6652 I LSPosed-Bridge: 	at android.os.Binder.execTransact(Binder.java:731)

08-08 21:29:54.458  1567  6652 I LSPosed-Bridge: 6206 PermLabel 10118 AMS.checkPermission: Binder.getCallingPid() = 6206; uid = 10118; Binder.getCallingUid() = 10118; getNameForUid: com.alltrails.alltrails; getPackagesForUid: [com.alltrails.alltrails]; permName: android.permission.GET_TASKS; type = 0; res = -1; stacktrace=java.lang.Exception

08-08 21:29:54.458  1567  6652 I LSPosed-Bridge: 	at com.example.permlabel.requirePerm$1$2.afterHookedMethod(requirePerm.java:132)

08-08 21:29:54.458  1567  6652 I LSPosed-Bridge: 	at de.robv.android.xposed.XposedBridge$AdditionalHookInfo.callback(Unknown Source:147)

08-08 21:29:54.458  1567  6652 I LSPosed-Bridge: 	at LSPHooker_.checkPermission(Unknown Source:25)

08-08 21:29:54.458  1567  6652 I LSPosed-Bridge: 	at com.android.server.am.ActivityManagerService.isGetTasksAllowed(ActivityManagerService.java:10902)

08-08 21:29:54.458  1567  6652 I LSPosed-Bridge: 	at com.android.server.am.ActivityManagerService.getServices(ActivityManagerService.java:20573)

08-08 21:29:54.458  1567  6652 I LSPosed-Bridge: 	at android.app.IActivityManager$Stub.onTransact(IActivityManager.java:1064)

08-08 21:29:54.458  1567  6652 I LSPosed-Bridge: 	at com.android.server.am.ActivityManagerService.onTransact(ActivityManagerService.java:3346)

08-08 21:29:54.458  1567  6652 I LSPosed-Bridge: 	at android.os.Binder.execTransact(Binder.java:731)

08-08 21:29:54.477  1567  6652 I LSPosed-Bridge: 6206 PermLabel 10118 AMS.checkPermission: Binder.getCallingPid() = 6206; uid = 10118; Binder.getCallingUid() = 10118; getNameForUid: com.alltrails.alltrails; getPackagesForUid: [com.alltrails.alltrails]; permName: android.permission.GET_TASKS; type = 0; res = -1; stacktrace=java.lang.Exception

08-08 21:29:54.477  1567  6652 I LSPosed-Bridge: 	at com.example.permlabel.requirePerm$1$2.afterHookedMethod(requirePerm.java:132)

08-08 21:29:54.477  1567  6652 I LSPosed-Bridge: 	at de.robv.android.xposed.XposedBridge$AdditionalHookInfo.callback(Unknown Source:147)

08-08 21:29:54.477  1567  6652 I LSPosed-Bridge: 	at LSPHooker_.checkPermission(Unknown Source:25)

08-08 21:29:54.477  1567  6652 I LSPosed-Bridge: 	at com.android.server.am.ActivityManagerService.isGetTasksAllowed(ActivityManagerService.java:10902)

08-08 21:29:54.477  1567  6652 I LSPosed-Bridge: 	at com.android.server.am.ActivityManagerService.getServices(ActivityManagerService.java:20573)

08-08 21:29:54.477  1567  6652 I LSPosed-Bridge: 	at android.app.IActivityManager$Stub.onTransact(IActivityManager.java:1064)

08-08 21:29:54.477  1567  6652 I LSPosed-Bridge: 	at com.android.server.am.ActivityManagerService.onTransact(ActivityManagerService.java:3346)

08-08 21:29:54.477  1567  6652 I LSPosed-Bridge: 	at android.os.Binder.execTransact(Binder.java:731)

08-08 21:29:56.603  1567  2954 I LSPosed-Bridge: 6206 PermLabel 10118 AMS.checkPermission: Binder.getCallingPid() = 6206; uid = 10118; Binder.getCallingUid() = 10118; getNameForUid: com.alltrails.alltrails; getPackagesForUid: [com.alltrails.alltrails]; permName: android.permission.GET_TASKS; type = 0; res = -1; stacktrace=java.lang.Exception

08-08 21:29:56.603  1567  2954 I LSPosed-Bridge: 	at com.example.permlabel.requirePerm$1$2.afterHookedMethod(requirePerm.java:132)

08-08 21:29:56.603  1567  2954 I LSPosed-Bridge: 	at de.robv.android.xposed.XposedBridge$AdditionalHookInfo.callback(Unknown Source:147)

08-08 21:29:56.603  1567  2954 I LSPosed-Bridge: 	at LSPHooker_.checkPermission(Unknown Source:25)

08-08 21:29:56.603  1567  2954 I LSPosed-Bridge: 	at com.android.server.am.ActivityManagerService.isGetTasksAllowed(ActivityManagerService.java:10902)

08-08 21:29:56.603  1567  2954 I LSPosed-Bridge: 	at com.android.server.am.ActivityManagerService.getServices(ActivityManagerService.java:20573)

08-08 21:29:56.603  1567  2954 I LSPosed-Bridge: 	at android.app.IActivityManager$Stub.onTransact(IActivityManager.java:1064)

08-08 21:29:56.603  1567  2954 I LSPosed-Bridge: 	at com.android.server.am.ActivityManagerService.onTransact(ActivityManagerService.java:3346)

08-08 21:29:56.603  1567  2954 I LSPosed-Bridge: 	at android.os.Binder.execTransact(Binder.java:731)

08-08 21:29:56.641   555   555 I ConfigStore: android::hardware::configstore::V1_0::ISurfaceFlingerConfigs::hasHDRDisplay retrieved: 0

08-08 21:29:56.641  1567  6652 I LSPosed-Bridge: 6206 PermLabel 10118 AMS.checkPermission: Binder.getCallingPid() = 6206; uid = 10118; Binder.getCallingUid() = 10118; getNameForUid: com.alltrails.alltrails; getPackagesForUid: [com.alltrails.alltrails]; permName: android.permission.ACCESS_NETWORK_STATE; type = 0; res = 0; stacktrace=java.lang.Exception

08-08 21:29:56.641  1567  6652 I LSPosed-Bridge: 	at com.example.permlabel.requirePerm$1$2.afterHookedMethod(requirePerm.java:132)

08-08 21:29:56.641  1567  6652 I LSPosed-Bridge: 	at de.robv.android.xposed.XposedBridge$AdditionalHookInfo.callback(Unknown Source:147)

08-08 21:29:56.641  1567  6652 I LSPosed-Bridge: 	at LSPHooker_.checkPermission(Unknown Source:25)

08-08 21:29:56.641  1567  6652 I LSPosed-Bridge: 	at android.app.ContextImpl.checkPermission(ContextImpl.java:1751)

08-08 21:29:56.641  1567  6652 I LSPosed-Bridge: 	at android.app.ContextImpl.checkCallingOrSelfPermission(ContextImpl.java:1791)

08-08 21:29:56.641  1567  6652 I LSPosed-Bridge: 	at android.app.ContextImpl.enforceCallingOrSelfPermission(ContextImpl.java:1841)

08-08 21:29:56.641  1567  6652 I LSPosed-Bridge: 	at com.android.server.ConnectivityService.enforceAccessPermission(ConnectivityService.java:1672)

08-08 21:29:56.641  1567  6652 I LSPosed-Bridge: 	at com.android.server.ConnectivityService.getActiveNetworkInfo(ConnectivityService.java:1178)

08-08 21:29:56.641  1567  6652 I LSPosed-Bridge: 	at android.net.IConnectivityManager$Stub.onTransact(IConnectivityManager.java:85)

08-08 21:29:56.641  1567  6652 I LSPosed-Bridge: 	at android.os.Binder.execTransact(Binder.java:731)

08-08 21:29:56.641   555   555 I ConfigStore: android::hardware::configstore::V1_0::ISurfaceFlingerConfigs::hasHDRDisplay retrieved: 0

08-08 21:29:56.641  6206  6443 I LSPosed-Bridge: 6206 PermLabel hookBinder_test 10118 interfaceBinder =android.app.IActivityManager; arg0 = 59; arg1 = android.os.Parcel@b5a43fb; arg2 = android.os.Parcel@2cce4bd; arg3 = 0; res = true; stacktrace=java.lang.Exception

08-08 21:29:56.641  6206  6443 I LSPosed-Bridge: 	at com.example.permlabel.hookBinder_test$1.afterHookedMethod(hookBinder_test.java:63)

08-08 21:29:56.641  6206  6443 I LSPosed-Bridge: 	at de.robv.android.xposed.XposedBridge$AdditionalHookInfo.callback(Unknown Source:147)

08-08 21:29:56.641  6206  6443 I LSPosed-Bridge: 	at LSPHooker_.transact(Unknown Source:28)

08-08 21:29:56.641  6206  6443 I LSPosed-Bridge: 	at android.app.IActivityManager$Stub$Proxy.getIntentSender(IActivityManager.java:4937)

08-08 21:29:56.641  6206  6443 I LSPosed-Bridge: 	at android.app.PendingIntent.getBroadcastAsUser(PendingIntent.java:568)

08-08 21:29:56.641  6206  6443 I LSPosed-Bridge: 	at android.app.PendingIntent.getBroadcast(PendingIntent.java:552)

08-08 21:29:56.641  6206  6443 I LSPosed-Bridge: 	at bo.app.u.c(SourceFile:6)

08-08 21:29:56.641  6206  6443 I LSPosed-Bridge: 	at bo.app.u.l(SourceFile:24)

08-08 21:29:56.641  6206  6443 I LSPosed-Bridge: 	at bo.app.p.d(SourceFile:25)

08-08 21:29:56.641  6206  6443 I LSPosed-Bridge: 	at bo.app.p.openSession(SourceFile:28)

08-08 21:29:56.641  6206  6443 I LSPosed-Bridge: 	at com.braze.Braze$k1.a(SourceFile:32)

08-08 21:29:56.641  6206  6443 I LSPosed-Bridge: 	at com.braze.Braze$k1.invoke(SourceFile:1)

08-08 21:29:56.641  6206  6443 I LSPosed-Bridge: 	at com.braze.Braze$r2$a.invokeSuspend(SourceFile:13)

08-08 21:29:56.641  6206  6443 I LSPosed-Bridge: 	at g10.resumeWith(ContinuationImpl.kt:12)

08-08 21:29:56.641  6206  6443 I LSPosed-Bridge: 	at kotlinx.coroutines.DispatchedTask.run(DispatchedTask.kt:119)

08-08 21:29:56.641  6206  6443 I LSPosed-Bridge: 	at kotlinx.coroutines.EventLoopImplBase.processNextEvent(EventLoop.common.kt:84)

08-08 21:29:56.641  6206  6443 I LSPosed-Bridge: 	at kotlinx.coroutines.BlockingCoroutine.joinBlocking(Builders.kt:30)

08-08 21:29:56.641  6206  6443 I LSPosed-Bridge: 	at kotlinx.coroutines.BuildersKt__BuildersKt.runBlocking(Builders.kt:77)

08-08 21:29:56.641  6206  6443 I LSPosed-Bridge: 	at kotlinx.coroutines.BuildersKt.runBlocking(Unknown Source:1)

08-08 21:29:56.641  6206  6443 I LSPosed-Bridge: 	at kotlinx.coroutines.BuildersKt__BuildersKt.runBlocking$default(Builders.kt:7)

08-08 21:29:56.641  6206  6443 I LSPosed-Bridge: 	at kotlinx.coroutines.BuildersKt.runBlocking$default(Unknown Source:1)

08-08 21:29:56.641  6206  6443 I LSPosed-Bridge: 	at com.braze.Braze$r2.invokeSuspend(SourceFile:20)

08-08 21:29:56.641  6206  6443 I LSPosed-Bridge: 	at g10.resumeWith(ContinuationImpl.kt:12)

08-08 21:29:56.641  6206  6443 I LSPosed-Bridge: 	at kotlinx.coroutines.DispatchedTask.run(DispatchedTask.kt:119)

08-08 21:29:56.641  6206  6443 I LSPosed-Bridge: 	at java.util.concurrent.ThreadPoolExecutor.runWorker(ThreadPoolExecutor.java:1167)

08-08 21:29:56.641  6206  6443 I LSPosed-Bridge: 	at java.util.concurrent.ThreadPoolExecutor$Worker.run(ThreadPoolExecutor.java:641)

08-08 21:29:56.641  6206  6443 I LSPosed-Bridge: 	at java.lang.Thread.run(Thread.java:764)

08-08 21:29:56.641  1567  2965 I LSPosed-Bridge: 6206 PermLabel 10118 AMS.checkPermission: Binder.getCallingPid() = 6206; uid = 10118; Binder.getCallingUid() = 10118; getNameForUid: com.alltrails.alltrails; getPackagesForUid: [com.alltrails.alltrails]; permName: android.permission.GET_TASKS; type = 0; res = -1; stacktrace=java.lang.Exception

08-08 21:29:56.641  1567  2965 I LSPosed-Bridge: 	at com.example.permlabel.requirePerm$1$2.afterHookedMethod(requirePerm.java:132)

08-08 21:29:56.641  1567  2965 I LSPosed-Bridge: 	at de.robv.android.xposed.XposedBridge$AdditionalHookInfo.callback(Unknown Source:147)

08-08 21:29:56.641  1567  2965 I LSPosed-Bridge: 	at LSPHooker_.checkPermission(Unknown Source:25)

08-08 21:29:56.641  1567  2965 I LSPosed-Bridge: 	at com.android.server.am.ActivityManagerService.isGetTasksAllowed(ActivityManagerService.java:10902)

08-08 21:29:56.641  1567  2965 I LSPosed-Bridge: 	at com.android.server.am.ActivityManagerService.getServices(ActivityManagerService.java:20573)

08-08 21:29:56.641  1567  2965 I LSPosed-Bridge: 	at android.app.IActivityManager$Stub.onTransact(IActivityManager.java:1064)

08-08 21:29:56.641  1567  2965 I LSPosed-Bridge: 	at com.android.server.am.ActivityManagerService.onTransact(ActivityManagerService.java:3346)

08-08 21:29:56.641  1567  2965 I LSPosed-Bridge: 	at android.os.Binder.execTransact(Binder.java:731)

08-08 21:29:56.673 16301 16301 I LSPosed-Bridge: 16301 PermLabel 10026 permission_type_mapping =android.permission.WRITE_SETTINGS 2; 

08-08 21:29:56.673  1567  6652 I LSPosed-Bridge: 6206 PermLabel 10118 AMS.checkPermission: Binder.getCallingPid() = 6206; uid = 10118; Binder.getCallingUid() = 10118; getNameForUid: com.alltrails.alltrails; getPackagesForUid: [com.alltrails.alltrails]; permName: android.permission.GET_TASKS; type = 0; res = -1; stacktrace=java.lang.Exception

08-08 21:29:56.673  1567  6652 I LSPosed-Bridge: 	at com.example.permlabel.requirePerm$1$2.afterHookedMethod(requirePerm.java:132)

08-08 21:29:56.673  1567  6652 I LSPosed-Bridge: 	at de.robv.android.xposed.XposedBridge$AdditionalHookInfo.callback(Unknown Source:147)

08-08 21:29:56.673  1567  6652 I LSPosed-Bridge: 	at LSPHooker_.checkPermission(Unknown Source:25)

08-08 21:29:56.673  1567  6652 I LSPosed-Bridge: 	at com.android.server.am.ActivityManagerService.isGetTasksAllowed(ActivityManagerService.java:10902)

08-08 21:29:56.673  1567  6652 I LSPosed-Bridge: 	at com.android.server.am.ActivityManagerService.getServices(ActivityManagerService.java:20573)

08-08 21:29:56.673  1567  6652 I LSPosed-Bridge: 	at android.app.IActivityManager$Stub.onTransact(IActivityManager.java:1064)

08-08 21:29:56.673  1567  6652 I LSPosed-Bridge: 	at com.android.server.am.ActivityManagerService.onTransact(ActivityManagerService.java:3346)

08-08 21:29:56.673  1567  6652 I LSPosed-Bridge: 	at android.os.Binder.execTransact(Binder.java:731)

08-08 21:29:56.673   555   555 I ConfigStore: android::hardware::configstore::V1_0::ISurfaceFlingerConfigs::hasHDRDisplay retrieved: 0

08-08 21:29:56.673  6206  6206 I LSPosed-Bridge: 6206 PermLabel hookBinder_test 10118 interfaceBinder =android.app.IActivityManager; arg0 = 79; arg1 = android.os.Parcel@9172b60; arg2 = android.os.Parcel@e12a496; arg3 = 0; res = true; stacktrace=java.lang.Exception

08-08 21:29:56.673  6206  6206 I LSPosed-Bridge: 	at com.example.permlabel.hookBinder_test$1.afterHookedMethod(hookBinder_test.java:63)

08-08 21:29:56.673  6206  6206 I LSPosed-Bridge: 	at de.robv.android.xposed.XposedBridge$AdditionalHookInfo.callback(Unknown Source:147)

08-08 21:29:56.673  6206  6206 I LSPosed-Bridge: 	at LSPHooker_.transact(Unknown Source:28)

08-08 21:29:56.673  6206  6206 I LSPosed-Bridge: 	at android.app.IActivityManager$Stub$Proxy.getServices(IActivityManager.java:5324)

08-08 21:29:56.673  6206  6206 I LSPosed-Bridge: 	at android.app.ActivityManager.getRunningServices(ActivityManager.java:2490)

08-08 21:29:56.673  6206  6206 I LSPosed-Bridge: 	at com.mapbox.common.LifecycleUtils.hasServiceRunningInForeground(LifecycleUtils.kt:25)

08-08 21:29:56.673  6206  6206 I LSPosed-Bridge: 	at com.mapbox.common.LifecycleService.calculateLifecycleState(LifecycleService.kt:4)

08-08 21:29:56.673  6206  6206 I LSPosed-Bridge: 	at com.mapbox.common.LifecycleService.registerActivityWithState(LifecycleService.kt:104)

08-08 21:29:56.673  6206  6206 I LSPosed-Bridge: 	at com.mapbox.common.LifecycleService.access$registerActivityWithState(LifecycleService.kt:1)

08-08 21:29:56.673  6206  6206 I LSPosed-Bridge: 	at com.mapbox.common.LifecycleService$callback$1.onActivityResumed(LifecycleService.kt:11)

08-08 21:29:56.673  6206  6206 I LSPosed-Bridge: 	at android.app.Application.dispatchActivityResumed(Application.java:239)

08-08 21:29:56.673  6206  6206 I LSPosed-Bridge: 	at android.app.Activity.onResume(Activity.java:1343)

08-08 21:29:56.673  6206  6206 I LSPosed-Bridge: 	at androidx.fragment.app.FragmentActivity.onResume(FragmentActivity.java:6)

08-08 21:29:56.673  6206  6206 I LSPosed-Bridge: 	at com.alltrails.alltrails.ui.BaseActivity.onResume(BaseActivity.java:1)

08-08 21:29:56.673  6206  6206 I LSPosed-Bridge: 	at com.alltrails.alltrails.ui.navigator.NavigatorActivity.onResume(NavigatorActivity.kt:1)

08-08 21:29:56.673  6206  6206 I LSPosed-Bridge: 	at android.app.Instrumentation.callActivityOnResume(Instrumentation.java:1413)

08-08 21:29:56.673  6206  6206 I LSPosed-Bridge: 	at android.app.Activity.performResume(Activity.java:7292)

08-08 21:29:56.673  6206  6206 I LSPosed-Bridge: 	at android.app.ActivityThread.performResumeActivity(ActivityThread.java:3777)

08-08 21:29:56.673  6206  6206 I LSPosed-Bridge: 	at android.app.ActivityThread.handleResumeActivity(ActivityThread.java:3817)

08-08 21:29:56.673  6206  6206 I LSPosed-Bridge: 	at android.app.servertransaction.ResumeActivityItem.execute(ResumeActivityItem.java:51)

08-08 21:29:56.673  6206  6206 I LSPosed-Bridge: 	at android.app.servertransaction.TransactionExecutor.executeLifecycleState(TransactionExecutor.java:145)

08-08 21:29:56.673  6206  6206 I LSPosed-Bridge: 	at android.app.servertransaction.TransactionExecutor.execute(TransactionExecutor.java:70)

08-08 21:29:56.673  6206  6206 I LSPosed-Bridge: 	at android.app.ActivityThread$H.handleMessage(ActivityThread.java:1809)

08-08 21:29:56.673  6206  6206 I LSPosed-Bridge: 	at android.os.Handler.dispatchMessage(Handler.java:106)

08-08 21:29:56.673  6206  6206 I LSPosed-Bridge: 	at android.os.Looper.loop(Looper.java:193)

08-08 21:29:56.673  6206  6206 I LSPosed-Bridge: 	at android.app.ActivityThread.main(ActivityThread.java:6692)

08-08 21:29:56.673  6206  6206 I LSPosed-Bridge: 	at java.lang.reflect.Method.invoke(Native Method)

08-08 21:29:56.673  6206  6206 I LSPosed-Bridge: 	at com.android.internal.os.RuntimeInit$MethodAndArgsCaller.run(RuntimeInit.java:493)

08-08 21:29:56.673  6206  6206 I LSPosed-Bridge: 	at com.android.internal.os.ZygoteInit.main(ZygoteInit.java:858)

08-08 21:29:57.523  1567  1579 I LSPosed-Bridge: 6206 PermLabel 10118 AMS.checkPermission: Binder.getCallingPid() = 6206; uid = 10118; Binder.getCallingUid() = 10118; getNameForUid: com.alltrails.alltrails; getPackagesForUid: [com.alltrails.alltrails]; permName: android.permission.GET_TASKS; type = 0; res = -1; stacktrace=java.lang.Exception

08-08 21:29:57.523  1567  1579 I LSPosed-Bridge: 	at com.example.permlabel.requirePerm$1$2.afterHookedMethod(requirePerm.java:132)

08-08 21:29:57.523  1567  1579 I LSPosed-Bridge: 	at de.robv.android.xposed.XposedBridge$AdditionalHookInfo.callback(Unknown Source:147)

08-08 21:29:57.523  1567  1579 I LSPosed-Bridge: 	at LSPHooker_.checkPermission(Unknown Source:25)

08-08 21:29:57.523  1567  1579 I LSPosed-Bridge: 	at com.android.server.am.ActivityManagerService.isGetTasksAllowed(ActivityManagerService.java:10902)

08-08 21:29:57.523  1567  1579 I LSPosed-Bridge: 	at com.android.server.am.ActivityManagerService.getServices(ActivityManagerService.java:20573)

08-08 21:29:57.523  1567  1579 I LSPosed-Bridge: 	at android.app.IActivityManager$Stub.onTransact(IActivityManager.java:1064)

08-08 21:29:57.523  1567  1579 I LSPosed-Bridge: 	at com.android.server.am.ActivityManagerService.onTransact(ActivityManagerService.java:3346)

08-08 21:29:57.523  1567  1579 I LSPosed-Bridge: 	at android.os.Binder.execTransact(Binder.java:731)

