07-21 22:02:33.349  3293  3584 I LSPosed-Bridge: 	at android.app.ContextImpl.checkPermission(ContextImpl.java:1751)

07-21 22:02:33.349  3293  3584 I LSPosed-Bridge: 	at java.lang.reflect.Method.invoke(Native Method)

07-21 22:02:33.349  3293  3584 I LSPosed-Bridge: 	at java.lang.reflect.Method.invoke(Native Method)

07-21 22:02:33.349  3293  3584 I LSPosed-Bridge: 	at org.lsposed.lspd.nativebridge.HookBridge.invokeOriginalMethod(Native Method)

07-21 22:02:33.349  3293  3584 I LSPosed-Bridge: 	at org.lsposed.lspd.nativebridge.HookBridge.invokeOriginalMethod(Native Method)

07-21 22:02:33.349  3293  3584 I LSPosed-Bridge: 	at de.robv.android.xposed.XposedBridge$AdditionalHookInfo.callback(Unknown Source:110)

07-21 22:02:33.349  3293  3584 I LSPosed-Bridge: 	at de.robv.android.xposed.XposedBridge$AdditionalHookInfo.callback(Unknown Source:110)

07-21 22:02:33.349  3293  3584 I LSPosed-Bridge: 	at LSPHooker_.checkPermission(Unknown Source:25)

07-21 22:02:33.349  3293  3584 I LSPosed-Bridge: 	at LSPHooker_.checkPermission(Unknown Source:25)

07-21 22:02:33.349  3293  3584 I LSPosed-Bridge: 	at android.app.ContextImpl.checkSelfPermission(ContextImpl.java:1801)

07-21 22:02:33.349  3293  3584 I LSPosed-Bridge: 	at android.app.ContextImpl.checkSelfPermission(ContextImpl.java:1801)

07-21 22:02:33.349  3293  3584 I LSPosed-Bridge: 	at android.content.ContextWrapper.checkSelfPermission(ContextWrapper.java:759)

07-21 22:02:33.349  3293  3584 I LSPosed-Bridge: 	at android.content.ContextWrapper.checkSelfPermission(ContextWrapper.java:759)

07-21 22:02:33.349  3293  3584 I LSPosed-Bridge: 	at android.content.ContextWrapper.checkSelfPermission(ContextWrapper.java:759)

07-21 22:02:33.349  3293  3584 I LSPosed-Bridge: 	at android.content.ContextWrapper.checkSelfPermission(ContextWrapper.java:759)

07-21 22:02:33.349  3293  3584 I LSPosed-Bridge: 	at android.content.ContextWrapper.checkSelfPermission(ContextWrapper.java:759)

07-21 22:02:33.349  3293  3584 I LSPosed-Bridge: 	at android.content.ContextWrapper.checkSelfPermission(ContextWrapper.java:759)

07-21 22:02:33.349  3293  3372 I LSPosed-Bridge: 3293 PermLabel hookBinder_test 10123 interfaceBinder =android.content.pm.IPackageManager; arg0 = 34; arg1 = android.os.Parcel@7eab3c5; arg2 = android.os.Parcel@6794055; arg3 = 0; res = true; stacktrace=java.lang.Exception

07-21 22:02:33.349  3293  3372 I LSPosed-Bridge: 3293 PermLabel hookBinder_test 10123 interfaceBinder =android.content.pm.IPackageManager; arg0 = 34; arg1 = android.os.Parcel@7eab3c5; arg2 = android.os.Parcel@6794055; arg3 = 0; res = true; stacktrace=java.lang.Exception

07-21 22:02:33.349  3293  3372 I LSPosed-Bridge: 	at com.example.permlabel.hookBinder_test$1.afterHookedMethod(hookBinder_test.java:68)

07-21 22:02:33.349  3293  3372 I LSPosed-Bridge: 	at com.example.permlabel.hookBinder_test$1.afterHookedMethod(hookBinder_test.java:68)

07-21 22:02:33.349  3293  3372 I LSPosed-Bridge: 	at de.robv.android.xposed.XposedBridge$AdditionalHookInfo.callback(Unknown Source:147)

07-21 22:02:33.349  3293  3372 I LSPosed-Bridge: 	at de.robv.android.xposed.XposedBridge$AdditionalHookInfo.callback(Unknown Source:147)

07-21 22:02:33.349  3293  3372 I LSPosed-Bridge: 	at LSPHooker_.transact(Unknown Source:28)

07-21 22:02:33.349  3293  3372 I LSPosed-Bridge: 	at LSPHooker_.transact(Unknown Source:28)

07-21 22:02:33.349  3293  3372 I LSPosed-Bridge: 	at android.content.pm.IPackageManager$Stub$Proxy.getPackagesForUid(IPackageManager.java:3558)

07-21 22:02:33.349  3293  3372 I LSPosed-Bridge: 	at android.content.pm.IPackageManager$Stub$Proxy.getPackagesForUid(IPackageManager.java:3558)

07-21 22:02:33.349  3293  3372 I LSPosed-Bridge: 	at android.app.ApplicationPackageManager.getPackagesForUid(ApplicationPackageManager.java:731)

07-21 22:02:33.349  3293  3372 I LSPosed-Bridge: 	at android.app.ApplicationPackageManager.getPackagesForUid(ApplicationPackageManager.java:731)

07-21 22:02:33.349  3293  3584 I LSPosed-Bridge: 3293 PermLabel hookBinder_test 10123 interfaceBinder =android.content.pm.IPackageManager; arg0 = 9; arg1 = android.os.Parcel@b4115ac; arg2 = android.os.Parcel@f3695e; arg3 = 0; res = true; stacktrace=java.lang.Exception

07-21 22:02:33.349  3293  3584 I LSPosed-Bridge: 3293 PermLabel hookBinder_test 10123 interfaceBinder =android.content.pm.IPackageManager; arg0 = 9; arg1 = android.os.Parcel@b4115ac; arg2 = android.os.Parcel@f3695e; arg3 = 0; res = true; stacktrace=java.lang.Exception

07-21 22:02:33.349  3293  3584 I LSPosed-Bridge: 	at com.example.permlabel.hookBinder_test$1.afterHookedMethod(hookBinder_test.java:68)

07-21 22:02:33.349  3293  3584 I LSPosed-Bridge: 	at com.example.permlabel.hookBinder_test$1.afterHookedMethod(hookBinder_test.java:68)

07-21 22:02:33.349  3293  3584 I LSPosed-Bridge: 	at de.robv.android.xposed.XposedBridge$AdditionalHookInfo.callback(Unknown Source:147)

07-21 22:02:33.349  3293  3584 I LSPosed-Bridge: 	at de.robv.android.xposed.XposedBridge$AdditionalHookInfo.callback(Unknown Source:147)

07-21 22:02:33.349  3293  3584 I LSPosed-Bridge: 	at LSPHooker_.transact(Unknown Source:28)

07-21 22:02:33.349  3293  3584 I LSPosed-Bridge: 	at LSPHooker_.transact(Unknown Source:28)

07-21 22:02:33.349  3293  3584 I LSPosed-Bridge: 	at android.content.pm.IPackageManager$Stub$Proxy.getPermissionInfo(IPackageManager.java:3008)

07-21 22:02:33.349  3293  3584 I LSPosed-Bridge: 	at android.content.pm.IPackageManager$Stub$Proxy.getPermissionInfo(IPackageManager.java:3008)

07-21 22:02:33.349  3293  3584 I LSPosed-Bridge: 	at android.app.ApplicationPackageManager.getPermissionInfo(ApplicationPackageManager.java:306)

07-21 22:02:33.349  3293  3584 I LSPosed-Bridge: 	at android.app.ApplicationPackageManager.getPermissionInfo(ApplicationPackageManager.java:306)

07-21 22:02:33.349  3293  3584 I LSPosed-Bridge: 	at com.example.permlabel.requestPerm$2.afterHookedMethod(requestPerm.java:188)

07-21 22:02:33.349  3293  3584 I LSPosed-Bridge: 	at com.example.permlabel.requestPerm$2.afterHookedMethod(requestPerm.java:188)

07-21 22:02:33.349  3293  3584 I LSPosed-Bridge: 	at de.robv.android.xposed.XposedBridge$AdditionalHookInfo.callback(Unknown Source:147)

07-21 22:02:33.349  3293  3584 I LSPosed-Bridge: 	at de.robv.android.xposed.XposedBridge$AdditionalHookInfo.callback(Unknown Source:147)

07-21 22:02:33.349  3293  3584 I LSPosed-Bridge: 	at LSPHooker_.checkPermission(Unknown Source:25)

07-21 22:02:33.349  3293  3584 I LSPosed-Bridge: 	at LSPHooker_.checkPermission(Unknown Source:25)

07-21 22:02:33.349  3293  3584 I LSPosed-Bridge: 	at android.app.ContextImpl.checkSelfPermission(ContextImpl.java:1801)

07-21 22:02:33.349  3293  3584 I LSPosed-Bridge: 	at android.app.ContextImpl.checkSelfPermission(ContextImpl.java:1801)

07-21 22:02:33.349  3293  3584 I LSPosed-Bridge: 	at android.content.ContextWrapper.checkSelfPermission(ContextWrapper.java:759)

07-21 22:02:33.349  3293  3584 I LSPosed-Bridge: 	at android.content.ContextWrapper.checkSelfPermission(ContextWrapper.java:759)

07-21 22:02:33.349  3293  3584 I LSPosed-Bridge: 	at android.content.ContextWrapper.checkSelfPermission(ContextWrapper.java:759)

07-21 22:02:33.349  3293  3584 I LSPosed-Bridge: 	at android.content.ContextWrapper.checkSelfPermission(ContextWrapper.java:759)

07-21 22:02:33.349  3293  3584 I LSPosed-Bridge: 	at android.content.ContextWrapper.checkSelfPermission(ContextWrapper.java:759)

07-21 22:02:33.349  3293  3584 I LSPosed-Bridge: 	at android.content.ContextWrapper.checkSelfPermission(ContextWrapper.java:759)

07-21 22:02:33.349  3293  3584 I LSPosed-Bridge: 3293 PermLabel 10123 ContextImpl Binder.getCallingPid() = 3293; Binder.getCallingUid() = 10123; permName: android.permission.READ_PHONE_STATE; res = -1; stacktrace=java.lang.Exception

07-21 22:02:33.349  3293  3584 I LSPosed-Bridge: 3293 PermLabel 10123 ContextImpl Binder.getCallingPid() = 3293; Binder.getCallingUid() = 10123; permName: android.permission.READ_PHONE_STATE; res = -1; stacktrace=java.lang.Exception

07-21 22:02:33.349  3293  3584 I LSPosed-Bridge: 	at com.example.permlabel.requestPerm$2.afterHookedMethod(requestPerm.java:198)

07-21 22:02:33.349  3293  3584 I LSPosed-Bridge: 	at com.example.permlabel.requestPerm$2.afterHookedMethod(requestPerm.java:198)

07-21 22:02:33.349  3293  3584 I LSPosed-Bridge: 	at de.robv.android.xposed.XposedBridge$AdditionalHookInfo.callback(Unknown Source:147)

07-21 22:02:33.349  3293  3584 I LSPosed-Bridge: 	at de.robv.android.xposed.XposedBridge$AdditionalHookInfo.callback(Unknown Source:147)

07-21 22:02:33.349  3293  3584 I LSPosed-Bridge: 	at LSPHooker_.checkPermission(Unknown Source:25)

07-21 22:02:33.349  3293  3584 I LSPosed-Bridge: 	at LSPHooker_.checkPermission(Unknown Source:25)

07-21 22:02:33.349  3293  3584 I LSPosed-Bridge: 	at android.app.ContextImpl.checkSelfPermission(ContextImpl.java:1801)

07-21 22:02:33.349  3293  3584 I LSPosed-Bridge: 	at android.app.ContextImpl.checkSelfPermission(ContextImpl.java:1801)

07-21 22:02:33.349  3293  3584 I LSPosed-Bridge: 	at android.content.ContextWrapper.checkSelfPermission(ContextWrapper.java:759)

07-21 22:02:33.349  3293  3584 I LSPosed-Bridge: 	at android.content.ContextWrapper.checkSelfPermission(ContextWrapper.java:759)

07-21 22:02:33.349  3293  3584 I LSPosed-Bridge: 	at android.content.ContextWrapper.checkSelfPermission(ContextWrapper.java:759)

07-21 22:02:33.349  3293  3584 I LSPosed-Bridge: 	at android.content.ContextWrapper.checkSelfPermission(ContextWrapper.java:759)

07-21 22:02:33.349  3293  3584 I LSPosed-Bridge: 	at android.content.ContextWrapper.checkSelfPermission(ContextWrapper.java:759)

07-21 22:02:33.349  3293  3584 I LSPosed-Bridge: 	at android.content.ContextWrapper.checkSelfPermission(ContextWrapper.java:759)

07-21 22:02:33.349  3293  3372 I LSPosed-Bridge: 3293 PermLabel hookBinder_test 10123 interfaceBinder =android.content.pm.IPackageManager; arg0 = 34; arg1 = android.os.Parcel@6794055; arg2 = android.os.Parcel@7eab3c5; arg3 = 0; res = true; stacktrace=java.lang.Exception

07-21 22:02:33.349  3293  3372 I LSPosed-Bridge: 3293 PermLabel hookBinder_test 10123 interfaceBinder =android.content.pm.IPackageManager; arg0 = 34; arg1 = android.os.Parcel@6794055; arg2 = android.os.Parcel@7eab3c5; arg3 = 0; res = true; stacktrace=java.lang.Exception

07-21 22:02:33.349  3293  3372 I LSPosed-Bridge: 	at com.example.permlabel.hookBinder_test$1.afterHookedMethod(hookBinder_test.java:68)

07-21 22:02:33.349  3293  3372 I LSPosed-Bridge: 	at com.example.permlabel.hookBinder_test$1.afterHookedMethod(hookBinder_test.java:68)

07-21 22:02:33.349  3293  3372 I LSPosed-Bridge: 	at de.robv.android.xposed.XposedBridge$AdditionalHookInfo.callback(Unknown Source:147)

07-21 22:02:33.349  3293  3372 I LSPosed-Bridge: 	at de.robv.android.xposed.XposedBridge$AdditionalHookInfo.callback(Unknown Source:147)

07-21 22:02:33.349  3293  3372 I LSPosed-Bridge: 	at LSPHooker_.transact(Unknown Source:28)

07-21 22:02:33.349  3293  3372 I LSPosed-Bridge: 	at LSPHooker_.transact(Unknown Source:28)

07-21 22:02:33.349  3293  3372 I LSPosed-Bridge: 	at android.content.pm.IPackageManager$Stub$Proxy.getPackagesForUid(IPackageManager.java:3558)

07-21 22:02:33.349  3293  3372 I LSPosed-Bridge: 	at android.content.pm.IPackageManager$Stub$Proxy.getPackagesForUid(IPackageManager.java:3558)

07-21 22:02:33.349  3293  3372 I LSPosed-Bridge: 	at android.app.ApplicationPackageManager.getPackagesForUid(ApplicationPackageManager.java:731)

07-21 22:02:33.349  3293  3372 I LSPosed-Bridge: 	at android.app.ApplicationPackageManager.getPackagesForUid(ApplicationPackageManager.java:731)

07-21 22:02:33.349  3293  3584 I LSPosed-Bridge: 3293 PermLabel 10123 ContextImpl.checkPermission: pid = 3293; uid = 10123; permName: android.permission.READ_PHONE_STATE; type = 1; res = -1; stacktrace=java.lang.Exception

07-21 22:02:33.349  3293  3584 I LSPosed-Bridge: 3293 PermLabel 10123 ContextImpl.checkPermission: pid = 3293; uid = 10123; permName: android.permission.READ_PHONE_STATE; type = 1; res = -1; stacktrace=java.lang.Exception

07-21 22:02:33.349  3293  3584 I LSPosed-Bridge: 	at com.example.permlabel.requestPerm$2.afterHookedMethod(requestPerm.java:222)

07-21 22:02:33.349  3293  3584 I LSPosed-Bridge: 	at com.example.permlabel.requestPerm$2.afterHookedMethod(requestPerm.java:222)

07-21 22:02:33.349  3293  3584 I LSPosed-Bridge: 	at de.robv.android.xposed.XposedBridge$AdditionalHookInfo.callback(Unknown Source:147)

07-21 22:02:33.349  3293  3584 I LSPosed-Bridge: 	at de.robv.android.xposed.XposedBridge$AdditionalHookInfo.callback(Unknown Source:147)

07-21 22:02:33.349  3293  3584 I LSPosed-Bridge: 	at LSPHooker_.checkPermission(Unknown Source:25)

07-21 22:02:33.349  3293  3584 I LSPosed-Bridge: 	at LSPHooker_.checkPermission(Unknown Source:25)

07-21 22:02:33.349  3293  3584 I LSPosed-Bridge: 	at android.app.ContextImpl.checkSelfPermission(ContextImpl.java:1801)

07-21 22:02:33.349  3293  3584 I LSPosed-Bridge: 	at android.app.ContextImpl.checkSelfPermission(ContextImpl.java:1801)

07-21 22:02:33.349  3293  3584 I LSPosed-Bridge: 	at android.content.ContextWrapper.checkSelfPermission(ContextWrapper.java:759)

07-21 22:02:33.349  3293  3584 I LSPosed-Bridge: 	at android.content.ContextWrapper.checkSelfPermission(ContextWrapper.java:759)

07-21 22:02:33.349  3293  3584 I LSPosed-Bridge: 	at android.content.ContextWrapper.checkSelfPermission(ContextWrapper.java:759)

07-21 22:02:33.349  3293  3584 I LSPosed-Bridge: 	at android.content.ContextWrapper.checkSelfPermission(ContextWrapper.java:759)

07-21 22:02:33.349  3293  3584 I LSPosed-Bridge: 	at android.content.ContextWrapper.checkSelfPermission(ContextWrapper.java:759)

07-21 22:02:33.349  3293  3584 I LSPosed-Bridge: 	at android.content.ContextWrapper.checkSelfPermission(ContextWrapper.java:759)

07-21 22:02:33.351  3293  3584 I LSPosed-Bridge: 3293 PermLabel hookBinder_test 10123 interfaceBinder =android.content.pm.IPackageManager; arg0 = 9; arg1 = android.os.Parcel@6794055; arg2 = android.os.Parcel@7eab3c5; arg3 = 0; res = true; stacktrace=java.lang.Exception

07-21 22:02:33.351  3293  3584 I LSPosed-Bridge: 3293 PermLabel hookBinder_test 10123 interfaceBinder =android.content.pm.IPackageManager; arg0 = 9; arg1 = android.os.Parcel@6794055; arg2 = android.os.Parcel@7eab3c5; arg3 = 0; res = true; stacktrace=java.lang.Exception

07-21 22:02:33.351  3293  3584 I LSPosed-Bridge: 	at com.example.permlabel.hookBinder_test$1.afterHookedMethod(hookBinder_test.java:68)

07-21 22:02:33.351  3293  3584 I LSPosed-Bridge: 	at com.example.permlabel.hookBinder_test$1.afterHookedMethod(hookBinder_test.java:68)

07-21 22:02:33.351  3293  3584 I LSPosed-Bridge: 	at de.robv.android.xposed.XposedBridge$AdditionalHookInfo.callback(Unknown Source:147)

07-21 22:02:33.351  3293  3584 I LSPosed-Bridge: 	at de.robv.android.xposed.XposedBridge$AdditionalHookInfo.callback(Unknown Source:147)

07-21 22:02:33.351  3293  3584 I LSPosed-Bridge: 	at LSPHooker_.transact(Unknown Source:28)

07-21 22:02:33.351  3293  3584 I LSPosed-Bridge: 	at LSPHooker_.transact(Unknown Source:28)

07-21 22:02:33.351  3293  3584 I LSPosed-Bridge: 	at android.content.pm.IPackageManager$Stub$Proxy.getPermissionInfo(IPackageManager.java:3008)

07-21 22:02:33.351  3293  3584 I LSPosed-Bridge: 	at android.content.pm.IPackageManager$Stub$Proxy.getPermissionInfo(IPackageManager.java:3008)

07-21 22:02:33.351  3293  3584 I LSPosed-Bridge: 	at android.app.ApplicationPackageManager.getPermissionInfo(ApplicationPackageManager.java:306)

07-21 22:02:33.351  3293  3584 I LSPosed-Bridge: 	at android.app.ApplicationPackageManager.getPermissionInfo(ApplicationPackageManager.java:306)

07-21 22:02:33.351  3293  3584 I LSPosed-Bridge: 	at com.example.permlabel.requestPerm$2.afterHookedMethod(requestPerm.java:188)

07-21 22:02:33.351  3293  3584 I LSPosed-Bridge: 	at com.example.permlabel.requestPerm$2.afterHookedMethod(requestPerm.java:188)

07-21 22:02:33.351  3293  3584 I LSPosed-Bridge: 	at de.robv.android.xposed.XposedBridge$AdditionalHookInfo.callback(Unknown Source:147)

07-21 22:02:33.351  3293  3584 I LSPosed-Bridge: 	at de.robv.android.xposed.XposedBridge$AdditionalHookInfo.callback(Unknown Source:147)

07-21 22:02:33.351  3293  3584 I LSPosed-Bridge: 	at LSPHooker_.checkPermission(Unknown Source:25)

07-21 22:02:33.351  3293  3584 I LSPosed-Bridge: 	at LSPHooker_.checkPermission(Unknown Source:25)

07-21 22:02:33.351  3293  3584 I LSPosed-Bridge: 	at android.app.ContextImpl.checkSelfPermission(ContextImpl.java:1801)

07-21 22:02:33.351  3293  3584 I LSPosed-Bridge: 	at android.app.ContextImpl.checkSelfPermission(ContextImpl.java:1801)

07-21 22:02:33.351  3293  3584 I LSPosed-Bridge: 	at android.content.ContextWrapper.checkSelfPermission(ContextWrapper.java:759)

07-21 22:02:33.351  3293  3584 I LSPosed-Bridge: 	at android.content.ContextWrapper.checkSelfPermission(ContextWrapper.java:759)

07-21 22:02:33.351  3293  3584 I LSPosed-Bridge: 	at android.content.ContextWrapper.checkSelfPermission(ContextWrapper.java:759)

07-21 22:02:33.351  3293  3584 I LSPosed-Bridge: 	at android.content.ContextWrapper.checkSelfPermission(ContextWrapper.java:759)

07-21 22:02:33.351  3293  3584 I LSPosed-Bridge: 	at android.content.ContextWrapper.checkSelfPermission(ContextWrapper.java:759)

07-21 22:02:33.351  3293  3584 I LSPosed-Bridge: 	at android.content.ContextWrapper.checkSelfPermission(ContextWrapper.java:759)

07-21 22:02:33.351  3293  3372 I LSPosed-Bridge: 3293 PermLabel hookBinder_test 10123 interfaceBinder =android.content.pm.IPackageManager; arg0 = 34; arg1 = android.os.Parcel@b4115ac; arg2 = android.os.Parcel@f3695e; arg3 = 0; res = true; stacktrace=java.lang.Exception

07-21 22:02:33.351  3293  3372 I LSPosed-Bridge: 3293 PermLabel hookBinder_test 10123 interfaceBinder =android.content.pm.IPackageManager; arg0 = 34; arg1 = android.os.Parcel@b4115ac; arg2 = android.os.Parcel@f3695e; arg3 = 0; res = true; stacktrace=java.lang.Exception

07-21 22:02:33.351  3293  3372 I LSPosed-Bridge: 	at com.example.permlabel.hookBinder_test$1.afterHookedMethod(hookBinder_test.java:68)

07-21 22:02:33.351  3293  3372 I LSPosed-Bridge: 	at com.example.permlabel.hookBinder_test$1.afterHookedMethod(hookBinder_test.java:68)

07-21 22:02:33.351  3293  3372 I LSPosed-Bridge: 	at de.robv.android.xposed.XposedBridge$AdditionalHookInfo.callback(Unknown Source:147)

07-21 22:02:33.351  3293  3372 I LSPosed-Bridge: 	at de.robv.android.xposed.XposedBridge$AdditionalHookInfo.callback(Unknown Source:147)

07-21 22:02:33.351  3293  3372 I LSPosed-Bridge: 	at LSPHooker_.transact(Unknown Source:28)

07-21 22:02:33.351  3293  3372 I LSPosed-Bridge: 	at LSPHooker_.transact(Unknown Source:28)

07-21 22:02:33.351  3293  3372 I LSPosed-Bridge: 	at android.content.pm.IPackageManager$Stub$Proxy.getPackagesForUid(IPackageManager.java:3558)

07-21 22:02:33.351  3293  3372 I LSPosed-Bridge: 	at android.content.pm.IPackageManager$Stub$Proxy.getPackagesForUid(IPackageManager.java:3558)

07-21 22:02:33.351  3293  3372 I LSPosed-Bridge: 	at android.app.ApplicationPackageManager.getPackagesForUid(ApplicationPackageManager.java:731)

07-21 22:02:33.351  3293  3372 I LSPosed-Bridge: 	at android.app.ApplicationPackageManager.getPackagesForUid(ApplicationPackageManager.java:731)

07-21 22:02:33.351  3293  3584 I LSPosed-Bridge: 3293 PermLabel 10123 ContextImpl Binder.getCallingPid() = 3293; Binder.getCallingUid() = 10123; permName: android.permission.READ_PHONE_STATE; res = -1; stacktrace=java.lang.Exception

07-21 22:02:33.351  3293  3584 I LSPosed-Bridge: 3293 PermLabel 10123 ContextImpl Binder.getCallingPid() = 3293; Binder.getCallingUid() = 10123; permName: android.permission.READ_PHONE_STATE; res = -1; stacktrace=java.lang.Exception

07-21 22:02:33.351  3293  3584 I LSPosed-Bridge: 	at com.example.permlabel.requestPerm$2.afterHookedMethod(requestPerm.java:198)

07-21 22:02:33.351  3293  3584 I LSPosed-Bridge: 	at com.example.permlabel.requestPerm$2.afterHookedMethod(requestPerm.java:198)

07-21 22:02:33.351  3293  3584 I LSPosed-Bridge: 	at de.robv.android.xposed.XposedBridge$AdditionalHookInfo.callback(Unknown Source:147)

07-21 22:02:33.351  3293  3584 I LSPosed-Bridge: 	at de.robv.android.xposed.XposedBridge$AdditionalHookInfo.callback(Unknown Source:147)

07-21 22:02:33.351  3293  3584 I LSPosed-Bridge: 	at LSPHooker_.checkPermission(Unknown Source:25)

07-21 22:02:33.351  3293  3584 I LSPosed-Bridge: 	at LSPHooker_.checkPermission(Unknown Source:25)

07-21 22:02:33.351  3293  3584 I LSPosed-Bridge: 	at android.app.ContextImpl.checkSelfPermission(ContextImpl.java:1801)

07-21 22:02:33.351  3293  3584 I LSPosed-Bridge: 	at android.app.ContextImpl.checkSelfPermission(ContextImpl.java:1801)

07-21 22:02:33.351  3293  3584 I LSPosed-Bridge: 	at android.content.ContextWrapper.checkSelfPermission(ContextWrapper.java:759)

07-21 22:02:33.351  3293  3584 I LSPosed-Bridge: 	at android.content.ContextWrapper.checkSelfPermission(ContextWrapper.java:759)

07-21 22:02:33.351  3293  3584 I LSPosed-Bridge: 	at android.content.ContextWrapper.checkSelfPermission(ContextWrapper.java:759)

07-21 22:02:33.351  3293  3584 I LSPosed-Bridge: 	at android.content.ContextWrapper.checkSelfPermission(ContextWrapper.java:759)

07-21 22:02:33.351  3293  3584 I LSPosed-Bridge: 	at android.content.ContextWrapper.checkSelfPermission(ContextWrapper.java:759)

07-21 22:02:33.351  3293  3584 I LSPosed-Bridge: 	at android.content.ContextWrapper.checkSelfPermission(ContextWrapper.java:759)

07-21 22:02:33.351  3293  3584 I LSPosed-Bridge: 3293 PermLabel 10123 ContextImpl.checkPermission: pid = 3293; uid = 10123; permName: android.permission.READ_PHONE_STATE; type = 1; res = -1; stacktrace=java.lang.Exception

07-21 22:02:33.351  3293  3584 I LSPosed-Bridge: 3293 PermLabel 10123 ContextImpl.checkPermission: pid = 3293; uid = 10123; permName: android.permission.READ_PHONE_STATE; type = 1; res = -1; stacktrace=java.lang.Exception

07-21 22:02:33.351  3293  3584 I LSPosed-Bridge: 	at com.example.permlabel.requestPerm$2.afterHookedMethod(requestPerm.java:222)

07-21 22:02:33.351  3293  3584 I LSPosed-Bridge: 	at com.example.permlabel.requestPerm$2.afterHookedMethod(requestPerm.java:222)

07-21 22:02:33.351  3293  3584 I LSPosed-Bridge: 	at de.robv.android.xposed.XposedBridge$AdditionalHookInfo.callback(Unknown Source:147)

07-21 22:02:33.351  3293  3584 I LSPosed-Bridge: 	at de.robv.android.xposed.XposedBridge$AdditionalHookInfo.callback(Unknown Source:147)

07-21 22:02:33.351  3293  3584 I LSPosed-Bridge: 	at LSPHooker_.checkPermission(Unknown Source:25)

07-21 22:02:33.351  3293  3584 I LSPosed-Bridge: 	at LSPHooker_.checkPermission(Unknown Source:25)

07-21 22:02:33.351  3293  3584 I LSPosed-Bridge: 	at android.app.ContextImpl.checkSelfPermission(ContextImpl.java:1801)

07-21 22:02:33.351  3293  3584 I LSPosed-Bridge: 	at android.app.ContextImpl.checkSelfPermission(ContextImpl.java:1801)

07-21 22:02:33.351  3293  3584 I LSPosed-Bridge: 	at android.content.ContextWrapper.checkSelfPermission(ContextWrapper.java:759)

07-21 22:02:33.351  3293  3584 I LSPosed-Bridge: 	at android.content.ContextWrapper.checkSelfPermission(ContextWrapper.java:759)

07-21 22:02:33.351  3293  3584 I LSPosed-Bridge: 	at android.content.ContextWrapper.checkSelfPermission(ContextWrapper.java:759)

07-21 22:02:33.351  3293  3584 I LSPosed-Bridge: 	at android.content.ContextWrapper.checkSelfPermission(ContextWrapper.java:759)

07-21 22:02:33.351  3293  3584 I LSPosed-Bridge: 	at android.content.ContextWrapper.checkSelfPermission(ContextWrapper.java:759)

07-21 22:02:33.351  3293  3584 I LSPosed-Bridge: 	at android.content.ContextWrapper.checkSelfPermission(ContextWrapper.java:759)

07-21 22:02:33.351  3293  3372 I LSPosed-Bridge: 3293 PermLabel hookBinder_test 10123 interfaceBinder =android.content.pm.IPackageManager; arg0 = 34; arg1 = android.os.Parcel@7eab3c5; arg2 = android.os.Parcel@6794055; arg3 = 0; res = true; stacktrace=java.lang.Exception

07-21 22:02:33.351  3293  3372 I LSPosed-Bridge: 3293 PermLabel hookBinder_test 10123 interfaceBinder =android.content.pm.IPackageManager; arg0 = 34; arg1 = android.os.Parcel@7eab3c5; arg2 = android.os.Parcel@6794055; arg3 = 0; res = true; stacktrace=java.lang.Exception

07-21 22:02:33.351  3293  3372 I LSPosed-Bridge: 	at com.example.permlabel.hookBinder_test$1.afterHookedMethod(hookBinder_test.java:68)

07-21 22:02:33.351  3293  3372 I LSPosed-Bridge: 	at com.example.permlabel.hookBinder_test$1.afterHookedMethod(hookBinder_test.java:68)

07-21 22:02:33.351  3293  3372 I LSPosed-Bridge: 	at de.robv.android.xposed.XposedBridge$AdditionalHookInfo.callback(Unknown Source:147)

07-21 22:02:33.351  3293  3372 I LSPosed-Bridge: 	at de.robv.android.xposed.XposedBridge$AdditionalHookInfo.callback(Unknown Source:147)

07-21 22:02:33.351  3293  3372 I LSPosed-Bridge: 	at LSPHooker_.transact(Unknown Source:28)

07-21 22:02:33.351  3293  3372 I LSPosed-Bridge: 	at LSPHooker_.transact(Unknown Source:28)

07-21 22:02:33.351  3293  3372 I LSPosed-Bridge: 	at android.content.pm.IPackageManager$Stub$Proxy.getPackagesForUid(IPackageManager.java:3558)

07-21 22:02:33.351  3293  3372 I LSPosed-Bridge: 	at android.content.pm.IPackageManager$Stub$Proxy.getPackagesForUid(IPackageManager.java:3558)

07-21 22:02:33.351  3293  3372 I LSPosed-Bridge: 	at android.app.ApplicationPackageManager.getPackagesForUid(ApplicationPackageManager.java:731)

07-21 22:02:33.351  3293  3372 I LSPosed-Bridge: 	at android.app.ApplicationPackageManager.getPackagesForUid(ApplicationPackageManager.java:731)

07-21 22:02:35.594  3293  3372 I LSPosed-Bridge: 3293 PermLabel hookBinder_test 10123 interfaceBinder =android.content.pm.IPackageManager; arg0 = 34; arg1 = android.os.Parcel@f3695e; arg2 = android.os.Parcel@5f3da5f; arg3 = 0; res = true; stacktrace=java.lang.Exception

07-21 22:02:35.594  3293  3372 I LSPosed-Bridge: 3293 PermLabel hookBinder_test 10123 interfaceBinder =android.content.pm.IPackageManager; arg0 = 34; arg1 = android.os.Parcel@f3695e; arg2 = android.os.Parcel@5f3da5f; arg3 = 0; res = true; stacktrace=java.lang.Exception

07-21 22:02:35.594  3293  3372 I LSPosed-Bridge: 	at com.example.permlabel.hookBinder_test$1.afterHookedMethod(hookBinder_test.java:68)

07-21 22:02:35.594  3293  3372 I LSPosed-Bridge: 	at com.example.permlabel.hookBinder_test$1.afterHookedMethod(hookBinder_test.java:68)

07-21 22:02:35.594  3293  3372 I LSPosed-Bridge: 	at de.robv.android.xposed.XposedBridge$AdditionalHookInfo.callback(Unknown Source:147)

07-21 22:02:35.594  3293  3372 I LSPosed-Bridge: 	at de.robv.android.xposed.XposedBridge$AdditionalHookInfo.callback(Unknown Source:147)

07-21 22:02:35.594  3293  3372 I LSPosed-Bridge: 	at LSPHooker_.transact(Unknown Source:28)

07-21 22:02:35.594  3293  3372 I LSPosed-Bridge: 	at LSPHooker_.transact(Unknown Source:28)

07-21 22:02:35.594  3293  3372 I LSPosed-Bridge: 	at android.content.pm.IPackageManager$Stub$Proxy.getPackagesForUid(IPackageManager.java:3558)

07-21 22:02:35.594  3293  3372 I LSPosed-Bridge: 	at android.content.pm.IPackageManager$Stub$Proxy.getPackagesForUid(IPackageManager.java:3558)

07-21 22:02:35.594  3293  3372 I LSPosed-Bridge: 	at android.app.ApplicationPackageManager.getPackagesForUid(ApplicationPackageManager.java:731)

07-21 22:02:35.594  3293  3372 I LSPosed-Bridge: 	at android.app.ApplicationPackageManager.getPackagesForUid(ApplicationPackageManager.java:731)

07-21 22:02:35.594  3293  3584 I LSPosed-Bridge: 3293 PermLabel hookBinder_test 10123 interfaceBinder =android.content.pm.IPackageManager; arg0 = 9; arg1 = android.os.Parcel@9f3f683; arg2 = android.os.Parcel@fc902fe; arg3 = 0; res = true; stacktrace=java.lang.Exception

07-21 22:02:35.594  3293  3584 I LSPosed-Bridge: 3293 PermLabel hookBinder_test 10123 interfaceBinder =android.content.pm.IPackageManager; arg0 = 9; arg1 = android.os.Parcel@9f3f683; arg2 = android.os.Parcel@fc902fe; arg3 = 0; res = true; stacktrace=java.lang.Exception

07-21 22:02:35.594  3293  3584 I LSPosed-Bridge: 	at com.example.permlabel.hookBinder_test$1.afterHookedMethod(hookBinder_test.java:68)

07-21 22:02:35.594  3293  3584 I LSPosed-Bridge: 	at com.example.permlabel.hookBinder_test$1.afterHookedMethod(hookBinder_test.java:68)

07-21 22:02:35.594  3293  3584 I LSPosed-Bridge: 	at de.robv.android.xposed.XposedBridge$AdditionalHookInfo.callback(Unknown Source:147)

07-21 22:02:35.594  3293  3584 I LSPosed-Bridge: 	at de.robv.android.xposed.XposedBridge$AdditionalHookInfo.callback(Unknown Source:147)

07-21 22:02:35.594  3293  3584 I LSPosed-Bridge: 	at LSPHooker_.transact(Unknown Source:28)

07-21 22:02:35.594  3293  3584 I LSPosed-Bridge: 	at LSPHooker_.transact(Unknown Source:28)

07-21 22:02:35.594  3293  3584 I LSPosed-Bridge: 	at android.content.pm.IPackageManager$Stub$Proxy.getPermissionInfo(IPackageManager.java:3008)

07-21 22:02:35.594  3293  3584 I LSPosed-Bridge: 	at android.content.pm.IPackageManager$Stub$Proxy.getPermissionInfo(IPackageManager.java:3008)

07-21 22:02:35.594  3293  3584 I LSPosed-Bridge: 	at android.app.ApplicationPackageManager.getPermissionInfo(ApplicationPackageManager.java:306)

07-21 22:02:35.594  3293  3584 I LSPosed-Bridge: 	at android.app.ApplicationPackageManager.getPermissionInfo(ApplicationPackageManager.java:306)

07-21 22:02:35.594  3293  3584 I LSPosed-Bridge: 	at com.example.permlabel.requestPerm$2.afterHookedMethod(requestPerm.java:188)

07-21 22:02:35.594  3293  3584 I LSPosed-Bridge: 	at com.example.permlabel.requestPerm$2.afterHookedMethod(requestPerm.java:188)

07-21 22:02:35.594  3293  3584 I LSPosed-Bridge: 	at de.robv.android.xposed.XposedBridge$AdditionalHookInfo.callback(Unknown Source:147)

07-21 22:02:35.594  3293  3584 I LSPosed-Bridge: 	at de.robv.android.xposed.XposedBridge$AdditionalHookInfo.callback(Unknown Source:147)

07-21 22:02:35.594  3293  3584 I LSPosed-Bridge: 	at LSPHooker_.checkPermission(Unknown Source:25)

07-21 22:02:35.594  3293  3584 I LSPosed-Bridge: 	at LSPHooker_.checkPermission(Unknown Source:25)

07-21 22:02:35.594  3293  3584 I LSPosed-Bridge: 	at android.app.ContextImpl.checkSelfPermission(ContextImpl.java:1801)

07-21 22:02:35.594  3293  3584 I LSPosed-Bridge: 	at android.app.ContextImpl.checkSelfPermission(ContextImpl.java:1801)

07-21 22:02:35.594  3293  3584 I LSPosed-Bridge: 	at android.content.ContextWrapper.checkSelfPermission(ContextWrapper.java:759)

07-21 22:02:35.594  3293  3584 I LSPosed-Bridge: 	at android.content.ContextWrapper.checkSelfPermission(ContextWrapper.java:759)

07-21 22:02:35.594  3293  3584 I LSPosed-Bridge: 	at android.content.ContextWrapper.checkSelfPermission(ContextWrapper.java:759)

07-21 22:02:35.594  3293  3584 I LSPosed-Bridge: 	at android.content.ContextWrapper.checkSelfPermission(ContextWrapper.java:759)

07-21 22:02:35.594  3293  3584 I LSPosed-Bridge: 	at android.content.ContextWrapper.checkSelfPermission(ContextWrapper.java:759)

07-21 22:02:35.594  3293  3584 I LSPosed-Bridge: 	at android.content.ContextWrapper.checkSelfPermission(ContextWrapper.java:759)

07-21 22:02:35.594  3293  3372 I LSPosed-Bridge: 3293 PermLabel hookBinder_test 10123 interfaceBinder =android.content.pm.IPackageManager; arg0 = 34; arg1 = android.os.Parcel@5f3da5f; arg2 = android.os.Parcel@f3695e; arg3 = 0; res = true; stacktrace=java.lang.Exception

07-21 22:02:35.594  3293  3372 I LSPosed-Bridge: 3293 PermLabel hookBinder_test 10123 interfaceBinder =android.content.pm.IPackageManager; arg0 = 34; arg1 = android.os.Parcel@5f3da5f; arg2 = android.os.Parcel@f3695e; arg3 = 0; res = true; stacktrace=java.lang.Exception

07-21 22:02:35.594  3293  3372 I LSPosed-Bridge: 	at com.example.permlabel.hookBinder_test$1.afterHookedMethod(hookBinder_test.java:68)

07-21 22:02:35.594  3293  3372 I LSPosed-Bridge: 	at com.example.permlabel.hookBinder_test$1.afterHookedMethod(hookBinder_test.java:68)

07-21 22:02:35.594  3293  3372 I LSPosed-Bridge: 	at de.robv.android.xposed.XposedBridge$AdditionalHookInfo.callback(Unknown Source:147)

07-21 22:02:35.594  3293  3372 I LSPosed-Bridge: 	at de.robv.android.xposed.XposedBridge$AdditionalHookInfo.callback(Unknown Source:147)

07-21 22:02:35.594  3293  3372 I LSPosed-Bridge: 	at LSPHooker_.transact(Unknown Source:28)

07-21 22:02:35.594  3293  3372 I LSPosed-Bridge: 	at LSPHooker_.transact(Unknown Source:28)

07-21 22:02:35.594  3293  3372 I LSPosed-Bridge: 	at android.content.pm.IPackageManager$Stub$Proxy.getPackagesForUid(IPackageManager.java:3558)

07-21 22:02:35.594  3293  3372 I LSPosed-Bridge: 	at android.content.pm.IPackageManager$Stub$Proxy.getPackagesForUid(IPackageManager.java:3558)

07-21 22:02:35.594  3293  3372 I LSPosed-Bridge: 	at android.app.ApplicationPackageManager.getPackagesForUid(ApplicationPackageManager.java:731)

07-21 22:02:35.594  3293  3372 I LSPosed-Bridge: 	at android.app.ApplicationPackageManager.getPackagesForUid(ApplicationPackageManager.java:731)

07-21 22:02:35.594  3293  3584 I LSPosed-Bridge: 3293 PermLabel 10123 ContextImpl Binder.getCallingPid() = 3293; Binder.getCallingUid() = 10123; permName: android.permission.READ_PHONE_STATE; res = -1; stacktrace=java.lang.Exception

07-21 22:02:35.594  3293  3584 I LSPosed-Bridge: 3293 PermLabel 10123 ContextImpl Binder.getCallingPid() = 3293; Binder.getCallingUid() = 10123; permName: android.permission.READ_PHONE_STATE; res = -1; stacktrace=java.lang.Exception

07-21 22:02:35.594  3293  3584 I LSPosed-Bridge: 	at com.example.permlabel.requestPerm$2.afterHookedMethod(requestPerm.java:198)

07-21 22:02:35.594  3293  3584 I LSPosed-Bridge: 	at com.example.permlabel.requestPerm$2.afterHookedMethod(requestPerm.java:198)

07-21 22:02:35.594  3293  3584 I LSPosed-Bridge: 	at de.robv.android.xposed.XposedBridge$AdditionalHookInfo.callback(Unknown Source:147)

07-21 22:02:35.594  3293  3584 I LSPosed-Bridge: 	at de.robv.android.xposed.XposedBridge$AdditionalHookInfo.callback(Unknown Source:147)

07-21 22:02:35.594  3293  3584 I LSPosed-Bridge: 	at LSPHooker_.checkPermission(Unknown Source:25)

07-21 22:02:35.594  3293  3584 I LSPosed-Bridge: 	at LSPHooker_.checkPermission(Unknown Source:25)

07-21 22:02:35.594  3293  3584 I LSPosed-Bridge: 	at android.app.ContextImpl.checkSelfPermission(ContextImpl.java:1801)

07-21 22:02:35.594  3293  3584 I LSPosed-Bridge: 	at android.app.ContextImpl.checkSelfPermission(ContextImpl.java:1801)

07-21 22:02:35.594  3293  3584 I LSPosed-Bridge: 	at android.content.ContextWrapper.checkSelfPermission(ContextWrapper.java:759)

07-21 22:02:35.594  3293  3584 I LSPosed-Bridge: 	at android.content.ContextWrapper.checkSelfPermission(ContextWrapper.java:759)

07-21 22:02:35.594  3293  3584 I LSPosed-Bridge: 	at android.content.ContextWrapper.checkSelfPermission(ContextWrapper.java:759)

07-21 22:02:35.594  3293  3584 I LSPosed-Bridge: 	at android.content.ContextWrapper.checkSelfPermission(ContextWrapper.java:759)

07-21 22:02:35.594  3293  3584 I LSPosed-Bridge: 	at android.content.ContextWrapper.checkSelfPermission(ContextWrapper.java:759)

07-21 22:02:35.594  3293  3584 I LSPosed-Bridge: 	at android.content.ContextWrapper.checkSelfPermission(ContextWrapper.java:759)

07-21 22:02:35.594  3293  3584 I LSPosed-Bridge: 3293 PermLabel 10123 ContextImpl.checkPermission: pid = 3293; uid = 10123; permName: android.permission.READ_PHONE_STATE; type = 1; res = -1; stacktrace=java.lang.Exception

07-21 22:02:35.594  3293  3584 I LSPosed-Bridge: 3293 PermLabel 10123 ContextImpl.checkPermission: pid = 3293; uid = 10123; permName: android.permission.READ_PHONE_STATE; type = 1; res = -1; stacktrace=java.lang.Exception

07-21 22:02:35.594  3293  3584 I LSPosed-Bridge: 	at com.example.permlabel.requestPerm$2.afterHookedMethod(requestPerm.java:222)

07-21 22:02:35.594  3293  3584 I LSPosed-Bridge: 	at com.example.permlabel.requestPerm$2.afterHookedMethod(requestPerm.java:222)

07-21 22:02:35.594  3293  3584 I LSPosed-Bridge: 	at de.robv.android.xposed.XposedBridge$AdditionalHookInfo.callback(Unknown Source:147)

07-21 22:02:35.594  3293  3584 I LSPosed-Bridge: 	at de.robv.android.xposed.XposedBridge$AdditionalHookInfo.callback(Unknown Source:147)

07-21 22:02:35.594  3293  3584 I LSPosed-Bridge: 	at LSPHooker_.checkPermission(Unknown Source:25)

07-21 22:02:35.594  3293  3584 I LSPosed-Bridge: 	at LSPHooker_.checkPermission(Unknown Source:25)

07-21 22:02:35.594  3293  3584 I LSPosed-Bridge: 	at android.app.ContextImpl.checkSelfPermission(ContextImpl.java:1801)

07-21 22:02:35.594  3293  3584 I LSPosed-Bridge: 	at android.app.ContextImpl.checkSelfPermission(ContextImpl.java:1801)

07-21 22:02:35.594  3293  3584 I LSPosed-Bridge: 	at android.content.ContextWrapper.checkSelfPermission(ContextWrapper.java:759)

07-21 22:02:35.594  3293  3584 I LSPosed-Bridge: 	at android.content.ContextWrapper.checkSelfPermission(ContextWrapper.java:759)

07-21 22:02:35.594  3293  3584 I LSPosed-Bridge: 	at android.content.ContextWrapper.checkSelfPermission(ContextWrapper.java:759)

07-21 22:02:35.594  3293  3584 I LSPosed-Bridge: 	at android.content.ContextWrapper.checkSelfPermission(ContextWrapper.java:759)

07-21 22:02:35.594  3293  3584 I LSPosed-Bridge: 	at android.content.ContextWrapper.checkSelfPermission(ContextWrapper.java:759)

07-21 22:02:35.594  3293  3584 I LSPosed-Bridge: 	at android.content.ContextWrapper.checkSelfPermission(ContextWrapper.java:759)

07-21 22:02:35.594  3293  3372 I LSPosed-Bridge: 3293 PermLabel hookBinder_test 10123 interfaceBinder =android.content.pm.IPackageManager; arg0 = 34; arg1 = android.os.Parcel@fc902fe; arg2 = android.os.Parcel@9f3f683; arg3 = 0; res = true; stacktrace=java.lang.Exception

07-21 22:02:35.594  3293  3372 I LSPosed-Bridge: 3293 PermLabel hookBinder_test 10123 interfaceBinder =android.content.pm.IPackageManager; arg0 = 34; arg1 = android.os.Parcel@fc902fe; arg2 = android.os.Parcel@9f3f683; arg3 = 0; res = true; stacktrace=java.lang.Exception

07-21 22:02:35.594  3293  3372 I LSPosed-Bridge: 	at com.example.permlabel.hookBinder_test$1.afterHookedMethod(hookBinder_test.java:68)

07-21 22:02:35.594  3293  3372 I LSPosed-Bridge: 	at com.example.permlabel.hookBinder_test$1.afterHookedMethod(hookBinder_test.java:68)

07-21 22:02:35.594  3293  3372 I LSPosed-Bridge: 	at de.robv.android.xposed.XposedBridge$AdditionalHookInfo.callback(Unknown Source:147)

07-21 22:02:35.594  3293  3372 I LSPosed-Bridge: 	at de.robv.android.xposed.XposedBridge$AdditionalHookInfo.callback(Unknown Source:147)

07-21 22:02:35.594  3293  3372 I LSPosed-Bridge: 	at LSPHooker_.transact(Unknown Source:28)

07-21 22:02:35.594  3293  3372 I LSPosed-Bridge: 	at LSPHooker_.transact(Unknown Source:28)

07-21 22:02:35.594  3293  3372 I LSPosed-Bridge: 	at android.content.pm.IPackageManager$Stub$Proxy.getPackagesForUid(IPackageManager.java:3558)

07-21 22:02:35.594  3293  3372 I LSPosed-Bridge: 	at android.content.pm.IPackageManager$Stub$Proxy.getPackagesForUid(IPackageManager.java:3558)

07-21 22:02:35.594  3293  3372 I LSPosed-Bridge: 	at android.app.ApplicationPackageManager.getPackagesForUid(ApplicationPackageManager.java:731)

07-21 22:02:35.594  3293  3372 I LSPosed-Bridge: 	at android.app.ApplicationPackageManager.getPackagesForUid(ApplicationPackageManager.java:731)

07-21 22:02:37.213  3293  3372 I LSPosed-Bridge: 3293 PermLabel hookBinder_test 10123 interfaceBinder =android.content.pm.IPackageManager; arg0 = 34; arg1 = android.os.Parcel@f3695e; arg2 = android.os.Parcel@9f3f683; arg3 = 0; res = true; stacktrace=java.lang.Exception

07-21 22:02:37.213  3293  3372 I LSPosed-Bridge: 3293 PermLabel hookBinder_test 10123 interfaceBinder =android.content.pm.IPackageManager; arg0 = 34; arg1 = android.os.Parcel@f3695e; arg2 = android.os.Parcel@9f3f683; arg3 = 0; res = true; stacktrace=java.lang.Exception

07-21 22:02:37.213  3293  3372 I LSPosed-Bridge: 	at com.example.permlabel.hookBinder_test$1.afterHookedMethod(hookBinder_test.java:68)

07-21 22:02:37.213  3293  3372 I LSPosed-Bridge: 	at com.example.permlabel.hookBinder_test$1.afterHookedMethod(hookBinder_test.java:68)

07-21 22:02:37.213  3293  3372 I LSPosed-Bridge: 	at de.robv.android.xposed.XposedBridge$AdditionalHookInfo.callback(Unknown Source:147)

07-21 22:02:37.213  3293  3372 I LSPosed-Bridge: 	at de.robv.android.xposed.XposedBridge$AdditionalHookInfo.callback(Unknown Source:147)

07-21 22:02:37.213  3293  3372 I LSPosed-Bridge: 	at LSPHooker_.transact(Unknown Source:28)

07-21 22:02:37.213  3293  3372 I LSPosed-Bridge: 	at LSPHooker_.transact(Unknown Source:28)

07-21 22:02:37.213  3293  3372 I LSPosed-Bridge: 	at android.content.pm.IPackageManager$Stub$Proxy.getPackagesForUid(IPackageManager.java:3558)

07-21 22:02:37.213  3293  3372 I LSPosed-Bridge: 	at android.content.pm.IPackageManager$Stub$Proxy.getPackagesForUid(IPackageManager.java:3558)

07-21 22:02:37.213  3293  3372 I LSPosed-Bridge: 	at android.app.ApplicationPackageManager.getPackagesForUid(ApplicationPackageManager.java:731)

07-21 22:02:37.213  3293  3372 I LSPosed-Bridge: 	at android.app.ApplicationPackageManager.getPackagesForUid(ApplicationPackageManager.java:731)

07-21 22:02:37.213  3293  3570 I LSPosed-Bridge: 3293 PermLabel hookBinder_test 10123 interfaceBinder =android.content.pm.IPackageManager; arg0 = 9; arg1 = android.os.Parcel@5f3da5f; arg2 = android.os.Parcel@fc902fe; arg3 = 0; res = true; stacktrace=java.lang.Exception

07-21 22:02:37.213  3293  3570 I LSPosed-Bridge: 3293 PermLabel hookBinder_test 10123 interfaceBinder =android.content.pm.IPackageManager; arg0 = 9; arg1 = android.os.Parcel@5f3da5f; arg2 = android.os.Parcel@fc902fe; arg3 = 0; res = true; stacktrace=java.lang.Exception

07-21 22:02:37.213  3293  3570 I LSPosed-Bridge: 	at com.example.permlabel.hookBinder_test$1.afterHookedMethod(hookBinder_test.java:68)

07-21 22:02:37.213  3293  3570 I LSPosed-Bridge: 	at com.example.permlabel.hookBinder_test$1.afterHookedMethod(hookBinder_test.java:68)

07-21 22:02:37.213  3293  3570 I LSPosed-Bridge: 	at de.robv.android.xposed.XposedBridge$AdditionalHookInfo.callback(Unknown Source:147)

07-21 22:02:37.213  3293  3570 I LSPosed-Bridge: 	at de.robv.android.xposed.XposedBridge$AdditionalHookInfo.callback(Unknown Source:147)

07-21 22:02:37.213  3293  3570 I LSPosed-Bridge: 	at LSPHooker_.transact(Unknown Source:28)

07-21 22:02:37.213  3293  3570 I LSPosed-Bridge: 	at LSPHooker_.transact(Unknown Source:28)

07-21 22:02:37.213  3293  3570 I LSPosed-Bridge: 	at android.content.pm.IPackageManager$Stub$Proxy.getPermissionInfo(IPackageManager.java:3008)

07-21 22:02:37.213  3293  3570 I LSPosed-Bridge: 	at android.content.pm.IPackageManager$Stub$Proxy.getPermissionInfo(IPackageManager.java:3008)

07-21 22:02:37.213  3293  3570 I LSPosed-Bridge: 	at android.app.ApplicationPackageManager.getPermissionInfo(ApplicationPackageManager.java:306)

07-21 22:02:37.213  3293  3570 I LSPosed-Bridge: 	at android.app.ApplicationPackageManager.getPermissionInfo(ApplicationPackageManager.java:306)

07-21 22:02:37.213  3293  3570 I LSPosed-Bridge: 	at com.example.permlabel.requestPerm$2.afterHookedMethod(requestPerm.java:188)

07-21 22:02:37.213  3293  3570 I LSPosed-Bridge: 	at com.example.permlabel.requestPerm$2.afterHookedMethod(requestPerm.java:188)

07-21 22:02:37.213  3293  3570 I LSPosed-Bridge: 	at de.robv.android.xposed.XposedBridge$AdditionalHookInfo.callback(Unknown Source:147)

07-21 22:02:37.213  3293  3570 I LSPosed-Bridge: 	at de.robv.android.xposed.XposedBridge$AdditionalHookInfo.callback(Unknown Source:147)

07-21 22:02:37.213  3293  3570 I LSPosed-Bridge: 	at LSPHooker_.checkPermission(Unknown Source:25)

07-21 22:02:37.213  3293  3570 I LSPosed-Bridge: 	at LSPHooker_.checkPermission(Unknown Source:25)

07-21 22:02:37.213  3293  3570 I LSPosed-Bridge: 	at android.content.ContextWrapper.checkPermission(ContextWrapper.java:738)

07-21 22:02:37.213  3293  3570 I LSPosed-Bridge: 	at android.content.ContextWrapper.checkPermission(ContextWrapper.java:738)

07-21 22:02:37.213  3293  3570 I LSPosed-Bridge: 	at android.content.ContextWrapper.checkPermission(ContextWrapper.java:738)

07-21 22:02:37.213  3293  3570 I LSPosed-Bridge: 	at android.content.ContextWrapper.checkPermission(ContextWrapper.java:738)

07-21 22:02:37.213  3293  3570 I LSPosed-Bridge: 	at android.content.ContextWrapper.checkPermission(ContextWrapper.java:738)

07-21 22:02:37.213  3293  3570 I LSPosed-Bridge: 	at android.content.ContextWrapper.checkPermission(ContextWrapper.java:738)

07-21 22:02:37.213  3293  3570 I LSPosed-Bridge: 	at com.bytedance.sdk.openadsdk.core.l.y.ni(Unknown Source:34)

07-21 22:02:37.213  3293  3570 I LSPosed-Bridge: 	at com.bytedance.sdk.openadsdk.core.l.y.ni(Unknown Source:34)

07-21 22:02:37.213  3293  3570 I LSPosed-Bridge: 	at com.bytedance.sdk.openadsdk.core.l.b.ni(Unknown Source:190)

07-21 22:02:37.213  3293  3570 I LSPosed-Bridge: 	at com.bytedance.sdk.openadsdk.core.l.b.ni(Unknown Source:190)

07-21 22:02:37.213  3293  3570 I LSPosed-Bridge: 	at com.bytedance.sdk.openadsdk.core.sb.isCanUsePhoneState(Unknown Source:59)

07-21 22:02:37.213  3293  3570 I LSPosed-Bridge: 	at com.bytedance.sdk.openadsdk.core.sb.isCanUsePhoneState(Unknown Source:59)

07-21 22:02:37.213  3293  3570 I LSPosed-Bridge: 	at com.bytedance.sdk.openadsdk.core.h.u(Unknown Source:185)

07-21 22:02:37.213  3293  3570 I LSPosed-Bridge: 	at com.bytedance.sdk.openadsdk.core.h.u(Unknown Source:185)

07-21 22:02:37.213  3293  3570 I LSPosed-Bridge: 	at com.bytedance.sdk.openadsdk.uh.ni.y(Unknown Source:104)

07-21 22:02:37.213  3293  3570 I LSPosed-Bridge: 	at com.bytedance.sdk.openadsdk.uh.ni.y(Unknown Source:104)

07-21 22:02:37.213  3293  3570 I LSPosed-Bridge: 	at com.bytedance.sdk.openadsdk.core.ag.ni.y.t(Unknown Source:127)

07-21 22:02:37.213  3293  3570 I LSPosed-Bridge: 	at com.bytedance.sdk.openadsdk.core.ag.ni.y.t(Unknown Source:127)

07-21 22:02:37.213  3293  3570 I LSPosed-Bridge: 	at com.bytedance.sdk.openadsdk.core.ag.ni.y.ni(Unknown Source:116)

07-21 22:02:37.213  3293  3570 I LSPosed-Bridge: 	at com.bytedance.sdk.openadsdk.core.ag.ni.y.ni(Unknown Source:116)

07-21 22:02:37.213  3293  3570 I LSPosed-Bridge: 	at com.bytedance.sdk.openadsdk.core.ag.ti.ni(Unknown Source:60)

07-21 22:02:37.213  3293  3570 I LSPosed-Bridge: 	at com.bytedance.sdk.openadsdk.core.ag.ti.ni(Unknown Source:60)

07-21 22:02:37.213  3293  3570 I LSPosed-Bridge: 	at com.bytedance.sdk.openadsdk.core.ag.ti.ni(Unknown Source:21)

07-21 22:02:37.213  3293  3570 I LSPosed-Bridge: 	at com.bytedance.sdk.openadsdk.core.ag.ti.ni(Unknown Source:21)

07-21 22:02:37.213  3293  3570 I LSPosed-Bridge: 	at com.bytedance.sdk.openadsdk.core.ag.ti$1.run(Unknown Source:49)

07-21 22:02:37.213  3293  3570 I LSPosed-Bridge: 	at com.bytedance.sdk.openadsdk.core.ag.ti$1.run(Unknown Source:49)

07-21 22:02:37.213  3293  3570 I LSPosed-Bridge: 	at com.bytedance.sdk.component.e.y.run(Unknown Source:35)

07-21 22:02:37.213  3293  3570 I LSPosed-Bridge: 	at com.bytedance.sdk.component.e.y.run(Unknown Source:35)

07-21 22:02:37.213  3293  3570 I LSPosed-Bridge: 	at java.util.concurrent.ThreadPoolExecutor.runWorker(ThreadPoolExecutor.java:1167)

07-21 22:02:37.213  3293  3570 I LSPosed-Bridge: 	at java.util.concurrent.ThreadPoolExecutor.runWorker(ThreadPoolExecutor.java:1167)

07-21 22:02:37.213  3293  3570 I LSPosed-Bridge: 	at java.util.concurrent.ThreadPoolExecutor$Worker.run(ThreadPoolExecutor.java:641)

07-21 22:02:37.213  3293  3570 I LSPosed-Bridge: 	at java.util.concurrent.ThreadPoolExecutor$Worker.run(ThreadPoolExecutor.java:641)

07-21 22:02:37.213  3293  3570 I LSPosed-Bridge: 	at java.lang.Thread.run(Thread.java:764)

07-21 22:02:37.213  3293  3570 I LSPosed-Bridge: 	at java.lang.Thread.run(Thread.java:764)

07-21 22:02:37.213  3293  3372 I LSPosed-Bridge: 3293 PermLabel hookBinder_test 10123 interfaceBinder =android.content.pm.IPackageManager; arg0 = 34; arg1 = android.os.Parcel@9f3f683; arg2 = android.os.Parcel@f3695e; arg3 = 0; res = true; stacktrace=java.lang.Exception

07-21 22:02:37.213  3293  3372 I LSPosed-Bridge: 3293 PermLabel hookBinder_test 10123 interfaceBinder =android.content.pm.IPackageManager; arg0 = 34; arg1 = android.os.Parcel@9f3f683; arg2 = android.os.Parcel@f3695e; arg3 = 0; res = true; stacktrace=java.lang.Exception

07-21 22:02:37.213  3293  3372 I LSPosed-Bridge: 	at com.example.permlabel.hookBinder_test$1.afterHookedMethod(hookBinder_test.java:68)

07-21 22:02:37.213  3293  3372 I LSPosed-Bridge: 	at com.example.permlabel.hookBinder_test$1.afterHookedMethod(hookBinder_test.java:68)

07-21 22:02:37.213  3293  3372 I LSPosed-Bridge: 	at de.robv.android.xposed.XposedBridge$AdditionalHookInfo.callback(Unknown Source:147)

07-21 22:02:37.213  3293  3372 I LSPosed-Bridge: 	at de.robv.android.xposed.XposedBridge$AdditionalHookInfo.callback(Unknown Source:147)

07-21 22:02:37.213  3293  3372 I LSPosed-Bridge: 	at LSPHooker_.transact(Unknown Source:28)

07-21 22:02:37.213  3293  3372 I LSPosed-Bridge: 	at LSPHooker_.transact(Unknown Source:28)

07-21 22:02:37.213  3293  3372 I LSPosed-Bridge: 	at android.content.pm.IPackageManager$Stub$Proxy.getPackagesForUid(IPackageManager.java:3558)

07-21 22:02:37.213  3293  3372 I LSPosed-Bridge: 	at android.content.pm.IPackageManager$Stub$Proxy.getPackagesForUid(IPackageManager.java:3558)

07-21 22:02:37.213  3293  3372 I LSPosed-Bridge: 	at android.app.ApplicationPackageManager.getPackagesForUid(ApplicationPackageManager.java:731)

07-21 22:02:37.213  3293  3372 I LSPosed-Bridge: 	at android.app.ApplicationPackageManager.getPackagesForUid(ApplicationPackageManager.java:731)

07-21 22:02:37.213  3293  3570 I LSPosed-Bridge: 3293 PermLabel 10123 ContextImpl Binder.getCallingPid() = 3293; Binder.getCallingUid() = 10123; permName: android.permission.READ_PHONE_STATE; res = -1; stacktrace=java.lang.Exception

