09-03 02:05:13.335  1569  2541 I LSPosed-Bridge: 5776 PermLabel 10128 AMS.checkPermission: Binder.getCallingPid() = 5776; uid = 10128; Binder.getCallingUid() = 10128; getNameForUid: com.ataolu.android; getPackagesForUid: [com.ataolu.android]; permName: android.permission.BLUETOOTH; type = 0; res = -1; stacktrace=java.lang.Exception

09-03 02:05:13.335  1569  2541 I LSPosed-Bridge: 	at com.example.permlabel.requirePerm$1$2.afterHookedMethod(requirePerm.java:127)

09-03 02:05:13.335  1569  2541 I LSPosed-Bridge: 	at de.robv.android.xposed.XposedBridge$AdditionalHookInfo.callback(Unknown Source:147)

09-03 02:05:13.335  1569  2541 I LSPosed-Bridge: 	at LSPHooker_.checkPermission(Unknown Source:25)

09-03 02:05:13.335  1569  2541 I LSPosed-Bridge: 	at android.app.IActivityManager$Stub.onTransact(IActivityManager.java:664)

09-03 02:05:13.335  1569  2541 I LSPosed-Bridge: 	at com.android.server.am.ActivityManagerService.onTransact(ActivityManagerService.java:3346)

09-03 02:05:13.335  1569  2541 I LSPosed-Bridge: 	at android.os.Binder.execTransact(Binder.java:731)

09-03 02:05:13.335  5776  5852 I LSPosed-Bridge: 5776 PermLabel hookBinder_test 10128 interfaceBinder =android.content.pm.IPackageManager; arg0 = 34; arg1 = android.os.Parcel@29bf3be; arg2 = android.os.Parcel@25baeb2; arg3 = 0; res = true; stacktrace=java.lang.Exception

09-03 02:05:13.335  5776  5852 I LSPosed-Bridge: 	at com.example.permlabel.hookBinder_test$1.afterHookedMethod(hookBinder_test.java:58)

09-03 02:05:13.335  5776  5852 I LSPosed-Bridge: 	at de.robv.android.xposed.XposedBridge$AdditionalHookInfo.callback(Unknown Source:147)

09-03 02:05:13.335  5776  5852 I LSPosed-Bridge: 	at LSPHooker_.transact(Unknown Source:28)

09-03 02:05:13.335  5776  5852 I LSPosed-Bridge: 	at android.content.pm.IPackageManager$Stub$Proxy.getPackagesForUid(IPackageManager.java:3558)

09-03 02:05:13.335  5776  5852 I LSPosed-Bridge: 	at android.app.ApplicationPackageManager.getPackagesForUid(ApplicationPackageManager.java:731)

09-03 02:05:13.337  5776  5852 I LSPosed-Bridge: 5776 PermLabel hookBinder_test 10128 interfaceBinder =android.content.pm.IPackageManager; arg0 = 34; arg1 = android.os.Parcel@25baeb2; arg2 = android.os.Parcel@29bf3be; arg3 = 0; res = true; stacktrace=java.lang.Exception

09-03 02:05:13.337  5776  5852 I LSPosed-Bridge: 5776 PermLabel hookBinder_test 10128 interfaceBinder =android.content.pm.IPackageManager; arg0 = 34; arg1 = android.os.Parcel@25baeb2; arg2 = android.os.Parcel@29bf3be; arg3 = 0; res = true; stacktrace=java.lang.Exception

09-03 02:05:13.337  5776  5852 I LSPosed-Bridge: 	at com.example.permlabel.hookBinder_test$1.afterHookedMethod(hookBinder_test.java:58)

09-03 02:05:13.337  5776  5852 I LSPosed-Bridge: 	at com.example.permlabel.hookBinder_test$1.afterHookedMethod(hookBinder_test.java:58)

09-03 02:05:13.337  5776  5852 I LSPosed-Bridge: 	at de.robv.android.xposed.XposedBridge$AdditionalHookInfo.callback(Unknown Source:147)

09-03 02:05:13.337  5776  5852 I LSPosed-Bridge: 	at de.robv.android.xposed.XposedBridge$AdditionalHookInfo.callback(Unknown Source:147)

09-03 02:05:13.337  5776  5852 I LSPosed-Bridge: 	at LSPHooker_.transact(Unknown Source:28)

09-03 02:05:13.337  5776  5852 I LSPosed-Bridge: 	at LSPHooker_.transact(Unknown Source:28)

09-03 02:05:13.337  5776  5852 I LSPosed-Bridge: 	at android.content.pm.IPackageManager$Stub$Proxy.getPackagesForUid(IPackageManager.java:3558)

09-03 02:05:13.337  5776  5852 I LSPosed-Bridge: 	at android.content.pm.IPackageManager$Stub$Proxy.getPackagesForUid(IPackageManager.java:3558)

09-03 02:05:13.337  5776  5852 I LSPosed-Bridge: 	at android.app.ApplicationPackageManager.getPackagesForUid(ApplicationPackageManager.java:731)

09-03 02:05:13.337  5776  5852 I LSPosed-Bridge: 	at android.app.ApplicationPackageManager.getPackagesForUid(ApplicationPackageManager.java:731)

09-03 02:05:13.337  5776  6057 I LSPosed-Bridge: 5776 PermLabel hookBinder_test 10128 interfaceBinder =android.content.pm.IPackageManager; arg0 = 9; arg1 = android.os.Parcel@fe55638; arg2 = android.os.Parcel@c3af611; arg3 = 0; res = true; stacktrace=java.lang.Exception

09-03 02:05:13.337  5776  6057 I LSPosed-Bridge: 5776 PermLabel hookBinder_test 10128 interfaceBinder =android.content.pm.IPackageManager; arg0 = 9; arg1 = android.os.Parcel@fe55638; arg2 = android.os.Parcel@c3af611; arg3 = 0; res = true; stacktrace=java.lang.Exception

09-03 02:05:13.337  5776  6057 I LSPosed-Bridge: 	at com.example.permlabel.hookBinder_test$1.afterHookedMethod(hookBinder_test.java:58)

09-03 02:05:13.337  5776  6057 I LSPosed-Bridge: 	at com.example.permlabel.hookBinder_test$1.afterHookedMethod(hookBinder_test.java:58)

09-03 02:05:13.337  5776  6057 I LSPosed-Bridge: 	at de.robv.android.xposed.XposedBridge$AdditionalHookInfo.callback(Unknown Source:147)

09-03 02:05:13.337  5776  6057 I LSPosed-Bridge: 	at de.robv.android.xposed.XposedBridge$AdditionalHookInfo.callback(Unknown Source:147)

09-03 02:05:13.337  5776  6057 I LSPosed-Bridge: 	at LSPHooker_.transact(Unknown Source:28)

09-03 02:05:13.337  5776  6057 I LSPosed-Bridge: 	at LSPHooker_.transact(Unknown Source:28)

09-03 02:05:13.337  5776  6057 I LSPosed-Bridge: 	at android.content.pm.IPackageManager$Stub$Proxy.getPermissionInfo(IPackageManager.java:3008)

09-03 02:05:13.337  5776  6057 I LSPosed-Bridge: 	at android.content.pm.IPackageManager$Stub$Proxy.getPermissionInfo(IPackageManager.java:3008)

09-03 02:05:13.337  5776  6057 I LSPosed-Bridge: 	at android.app.ApplicationPackageManager.getPermissionInfo(ApplicationPackageManager.java:306)

09-03 02:05:13.337  5776  6057 I LSPosed-Bridge: 	at android.app.ApplicationPackageManager.getPermissionInfo(ApplicationPackageManager.java:306)

09-03 02:05:13.337  5776  6057 I LSPosed-Bridge: 	at com.example.permlabel.requestPerm$2.afterHookedMethod(requestPerm.java:179)

09-03 02:05:13.337  5776  6057 I LSPosed-Bridge: 	at com.example.permlabel.requestPerm$2.afterHookedMethod(requestPerm.java:179)

09-03 02:05:13.337  5776  6057 I LSPosed-Bridge: 	at de.robv.android.xposed.XposedBridge$AdditionalHookInfo.callback(Unknown Source:147)

09-03 02:05:13.337  5776  6057 I LSPosed-Bridge: 	at de.robv.android.xposed.XposedBridge$AdditionalHookInfo.callback(Unknown Source:147)

09-03 02:05:13.337  5776  6057 I LSPosed-Bridge: 	at LSPHooker_.checkPermission(Unknown Source:25)

09-03 02:05:13.337  5776  6057 I LSPosed-Bridge: 	at LSPHooker_.checkPermission(Unknown Source:25)

09-03 02:05:13.337  5776  6057 I LSPosed-Bridge: 	at android.app.ContextImpl.checkCallingOrSelfPermission(ContextImpl.java:1791)

09-03 02:05:13.337  5776  6057 I LSPosed-Bridge: 	at android.app.ContextImpl.checkCallingOrSelfPermission(ContextImpl.java:1791)

09-03 02:05:13.337  5776  6057 I LSPosed-Bridge: 	at android.content.ContextWrapper.checkCallingOrSelfPermission(ContextWrapper.java:754)

09-03 02:05:13.337  5776  6057 I LSPosed-Bridge: 	at android.content.ContextWrapper.checkCallingOrSelfPermission(ContextWrapper.java:754)

09-03 02:05:13.337  5776  6057 I LSPosed-Bridge: 	at com.baidu.mobstat.co.e(SourceFile:1)

09-03 02:05:13.337  5776  6057 I LSPosed-Bridge: 	at com.baidu.mobstat.co.e(SourceFile:1)

09-03 02:05:13.337  5776  6057 I LSPosed-Bridge: 	at com.baidu.mobstat.cz.m(SourceFile:4)

09-03 02:05:13.337  5776  6057 I LSPosed-Bridge: 	at com.baidu.mobstat.cz.m(SourceFile:4)

09-03 02:05:13.337  5776  6057 I LSPosed-Bridge: 	at com.baidu.mobstat.cz.f(SourceFile:6)

09-03 02:05:13.337  5776  6057 I LSPosed-Bridge: 	at com.baidu.mobstat.cz.f(SourceFile:6)

09-03 02:05:13.337  5776  6057 I LSPosed-Bridge: 	at com.baidu.mobstat.bq.a(SourceFile:28)

09-03 02:05:13.337  5776  6057 I LSPosed-Bridge: 	at com.baidu.mobstat.bq.a(SourceFile:28)

09-03 02:05:13.337  5776  6057 I LSPosed-Bridge: 	at com.baidu.mobstat.bh.a(SourceFile:7)

09-03 02:05:13.337  5776  6057 I LSPosed-Bridge: 	at com.baidu.mobstat.bh.a(SourceFile:7)

09-03 02:05:13.337  5776  6057 I LSPosed-Bridge: 	at com.baidu.mobstat.bp.a(SourceFile:6)

09-03 02:05:13.337  5776  6057 I LSPosed-Bridge: 	at com.baidu.mobstat.bp.a(SourceFile:6)

09-03 02:05:13.337  5776  6057 I LSPosed-Bridge: 	at com.baidu.mobstat.PrefOperate.loadMetaDataConfig(SourceFile:4)

09-03 02:05:13.337  5776  6057 I LSPosed-Bridge: 	at com.baidu.mobstat.PrefOperate.loadMetaDataConfig(SourceFile:4)

09-03 02:05:13.337  5776  6057 I LSPosed-Bridge: 	at com.baidu.mobstat.LoadCache.initNeededData(SourceFile:3)

09-03 02:05:13.337  5776  6057 I LSPosed-Bridge: 	at com.baidu.mobstat.LoadCache.initNeededData(SourceFile:3)

09-03 02:05:13.337  5776  6057 I LSPosed-Bridge: 	at com.baidu.mobstat.bs.run(SourceFile:1)

09-03 02:05:13.337  5776  6057 I LSPosed-Bridge: 	at com.baidu.mobstat.bs.run(SourceFile:1)

09-03 02:05:13.337  5776  6057 I LSPosed-Bridge: 5776 PermLabel 10128 ContextImpl.checkPermission: askedperm = []; permName: android.permission.BLUETOOTH; android.os.Process.myPid() = 5776; type = 0

09-03 02:05:13.337  5776  6057 I LSPosed-Bridge: 5776 PermLabel 10128 ContextImpl.checkPermission: askedperm = []; permName: android.permission.BLUETOOTH; android.os.Process.myPid() = 5776; type = 0

09-03 02:05:13.337  5776  6057 I LSPosed-Bridge: 5776 PermLabel 10128 ContextImpl.checkPermission: pid = 5776; uid = 10128; Binder.getCallingPid() =5776; Binder.getCallingUid() = 10128; permName: android.permission.BLUETOOTH; type = 0; res = -1; stacktrace=java.lang.Exception

09-03 02:05:13.337  5776  6057 I LSPosed-Bridge: 5776 PermLabel 10128 ContextImpl.checkPermission: pid = 5776; uid = 10128; Binder.getCallingPid() =5776; Binder.getCallingUid() = 10128; permName: android.permission.BLUETOOTH; type = 0; res = -1; stacktrace=java.lang.Exception

09-03 02:05:13.337  5776  6057 I LSPosed-Bridge: 	at com.example.permlabel.requestPerm$2.afterHookedMethod(requestPerm.java:196)

09-03 02:05:13.337  5776  6057 I LSPosed-Bridge: 	at com.example.permlabel.requestPerm$2.afterHookedMethod(requestPerm.java:196)

09-03 02:05:13.337  5776  6057 I LSPosed-Bridge: 	at de.robv.android.xposed.XposedBridge$AdditionalHookInfo.callback(Unknown Source:147)

09-03 02:05:13.337  5776  6057 I LSPosed-Bridge: 	at de.robv.android.xposed.XposedBridge$AdditionalHookInfo.callback(Unknown Source:147)

09-03 02:05:13.337  5776  6057 I LSPosed-Bridge: 	at LSPHooker_.checkPermission(Unknown Source:25)

09-03 02:05:13.337  5776  6057 I LSPosed-Bridge: 	at LSPHooker_.checkPermission(Unknown Source:25)

09-03 02:05:13.337  5776  6057 I LSPosed-Bridge: 	at android.app.ContextImpl.checkCallingOrSelfPermission(ContextImpl.java:1791)

09-03 02:05:13.337  5776  6057 I LSPosed-Bridge: 	at android.app.ContextImpl.checkCallingOrSelfPermission(ContextImpl.java:1791)

09-03 02:05:13.337  5776  6057 I LSPosed-Bridge: 	at android.content.ContextWrapper.checkCallingOrSelfPermission(ContextWrapper.java:754)

09-03 02:05:13.337  5776  6057 I LSPosed-Bridge: 	at android.content.ContextWrapper.checkCallingOrSelfPermission(ContextWrapper.java:754)

09-03 02:05:13.337  5776  6057 I LSPosed-Bridge: 	at com.baidu.mobstat.co.e(SourceFile:1)

09-03 02:05:13.337  5776  6057 I LSPosed-Bridge: 	at com.baidu.mobstat.co.e(SourceFile:1)

09-03 02:05:13.337  5776  6057 I LSPosed-Bridge: 	at com.baidu.mobstat.cz.m(SourceFile:4)

09-03 02:05:13.337  5776  6057 I LSPosed-Bridge: 	at com.baidu.mobstat.cz.m(SourceFile:4)

09-03 02:05:13.337  5776  6057 I LSPosed-Bridge: 	at com.baidu.mobstat.cz.f(SourceFile:6)

09-03 02:05:13.337  5776  6057 I LSPosed-Bridge: 	at com.baidu.mobstat.cz.f(SourceFile:6)

09-03 02:05:13.337  5776  6057 I LSPosed-Bridge: 	at com.baidu.mobstat.bq.a(SourceFile:28)

09-03 02:05:13.337  5776  6057 I LSPosed-Bridge: 	at com.baidu.mobstat.bq.a(SourceFile:28)

09-03 02:05:13.337  5776  6057 I LSPosed-Bridge: 	at com.baidu.mobstat.bh.a(SourceFile:7)

09-03 02:05:13.337  5776  6057 I LSPosed-Bridge: 	at com.baidu.mobstat.bh.a(SourceFile:7)

09-03 02:05:13.337  5776  6057 I LSPosed-Bridge: 	at com.baidu.mobstat.bp.a(SourceFile:6)

09-03 02:05:13.337  5776  6057 I LSPosed-Bridge: 	at com.baidu.mobstat.bp.a(SourceFile:6)

09-03 02:05:13.337  5776  6057 I LSPosed-Bridge: 	at com.baidu.mobstat.PrefOperate.loadMetaDataConfig(SourceFile:4)

09-03 02:05:13.337  5776  6057 I LSPosed-Bridge: 	at com.baidu.mobstat.PrefOperate.loadMetaDataConfig(SourceFile:4)

09-03 02:05:13.337  5776  6057 I LSPosed-Bridge: 	at com.baidu.mobstat.LoadCache.initNeededData(SourceFile:3)

09-03 02:05:13.337  5776  6057 I LSPosed-Bridge: 	at com.baidu.mobstat.LoadCache.initNeededData(SourceFile:3)

09-03 02:05:13.337  5776  6057 I LSPosed-Bridge: 	at com.baidu.mobstat.bs.run(SourceFile:1)

09-03 02:05:13.337  5776  6057 I LSPosed-Bridge: 	at com.baidu.mobstat.bs.run(SourceFile:1)

09-03 02:05:13.337  5776  5852 I LSPosed-Bridge: 5776 PermLabel hookBinder_test 10128 interfaceBinder =android.content.pm.IPackageManager; arg0 = 34; arg1 = android.os.Parcel@29bf3be; arg2 = android.os.Parcel@25baeb2; arg3 = 0; res = true; stacktrace=java.lang.Exception

09-03 02:05:13.337  5776  5852 I LSPosed-Bridge: 5776 PermLabel hookBinder_test 10128 interfaceBinder =android.content.pm.IPackageManager; arg0 = 34; arg1 = android.os.Parcel@29bf3be; arg2 = android.os.Parcel@25baeb2; arg3 = 0; res = true; stacktrace=java.lang.Exception

09-03 02:05:13.337  5776  5852 I LSPosed-Bridge: 	at com.example.permlabel.hookBinder_test$1.afterHookedMethod(hookBinder_test.java:58)

09-03 02:05:13.337  5776  5852 I LSPosed-Bridge: 	at com.example.permlabel.hookBinder_test$1.afterHookedMethod(hookBinder_test.java:58)

09-03 02:05:13.337  5776  5852 I LSPosed-Bridge: 	at de.robv.android.xposed.XposedBridge$AdditionalHookInfo.callback(Unknown Source:147)

09-03 02:05:13.337  5776  5852 I LSPosed-Bridge: 	at de.robv.android.xposed.XposedBridge$AdditionalHookInfo.callback(Unknown Source:147)

09-03 02:05:13.337  5776  5852 I LSPosed-Bridge: 	at LSPHooker_.transact(Unknown Source:28)

09-03 02:05:13.337  5776  5852 I LSPosed-Bridge: 	at LSPHooker_.transact(Unknown Source:28)

09-03 02:05:13.337  5776  5852 I LSPosed-Bridge: 	at android.content.pm.IPackageManager$Stub$Proxy.getPackagesForUid(IPackageManager.java:3558)

09-03 02:05:13.337  5776  5852 I LSPosed-Bridge: 	at android.content.pm.IPackageManager$Stub$Proxy.getPackagesForUid(IPackageManager.java:3558)

09-03 02:05:13.337  5776  5852 I LSPosed-Bridge: 	at android.app.ApplicationPackageManager.getPackagesForUid(ApplicationPackageManager.java:731)

09-03 02:05:13.337  5776  5852 I LSPosed-Bridge: 	at android.app.ApplicationPackageManager.getPackagesForUid(ApplicationPackageManager.java:731)

09-03 02:05:13.338  5776  6057 I LSPosed-Bridge: 5776 PermLabel 10128 ContextImpl.checkPermission: pid = 5776; uid = 10128; permName: android.permission.BLUETOOTH; type = 0; res = -1; stacktrace=java.lang.Exception

09-03 02:05:13.338  5776  6057 I LSPosed-Bridge: 	at com.example.permlabel.requestPerm$2.afterHookedMethod(requestPerm.java:213)

09-03 02:05:13.338  5776  6057 I LSPosed-Bridge: 	at de.robv.android.xposed.XposedBridge$AdditionalHookInfo.callback(Unknown Source:147)

09-03 02:05:13.338  5776  6057 I LSPosed-Bridge: 	at LSPHooker_.checkPermission(Unknown Source:25)

09-03 02:05:13.338  5776  6057 I LSPosed-Bridge: 	at android.app.ContextImpl.checkCallingOrSelfPermission(ContextImpl.java:1791)

09-03 02:05:13.338  5776  6057 I LSPosed-Bridge: 	at android.content.ContextWrapper.checkCallingOrSelfPermission(ContextWrapper.java:754)

09-03 02:05:13.338  5776  6057 I LSPosed-Bridge: 	at com.baidu.mobstat.co.e(SourceFile:1)

09-03 02:05:13.338  5776  6057 I LSPosed-Bridge: 	at com.baidu.mobstat.cz.m(SourceFile:4)

09-03 02:05:13.338  5776  6057 I LSPosed-Bridge: 	at com.baidu.mobstat.cz.f(SourceFile:6)

09-03 02:05:13.338  5776  6057 I LSPosed-Bridge: 	at com.baidu.mobstat.bq.a(SourceFile:28)

09-03 02:05:13.338  5776  6057 I LSPosed-Bridge: 	at com.baidu.mobstat.bh.a(SourceFile:7)

09-03 02:05:13.338  5776  6057 I LSPosed-Bridge: 	at com.baidu.mobstat.bp.a(SourceFile:6)

09-03 02:05:13.338  5776  6057 I LSPosed-Bridge: 	at com.baidu.mobstat.PrefOperate.loadMetaDataConfig(SourceFile:4)

09-03 02:05:13.338  5776  6057 I LSPosed-Bridge: 	at com.baidu.mobstat.LoadCache.initNeededData(SourceFile:3)

09-03 02:05:13.338  5776  6057 I LSPosed-Bridge: 	at com.baidu.mobstat.bs.run(SourceFile:1)

09-03 02:05:13.338  5776  5852 I LSPosed-Bridge: 5776 PermLabel hookBinder_test 10128 interfaceBinder =android.content.pm.IPackageManager; arg0 = 34; arg1 = android.os.Parcel@c3af611; arg2 = android.os.Parcel@fe55638; arg3 = 0; res = true; stacktrace=java.lang.Exception

09-03 02:05:13.338  5776  5852 I LSPosed-Bridge: 	at com.example.permlabel.hookBinder_test$1.afterHookedMethod(hookBinder_test.java:58)

09-03 02:05:13.338  5776  5852 I LSPosed-Bridge: 	at de.robv.android.xposed.XposedBridge$AdditionalHookInfo.callback(Unknown Source:147)

09-03 02:05:13.338  5776  5852 I LSPosed-Bridge: 	at LSPHooker_.transact(Unknown Source:28)

09-03 02:05:13.338  5776  5852 I LSPosed-Bridge: 	at android.content.pm.IPackageManager$Stub$Proxy.getPackagesForUid(IPackageManager.java:3558)

09-03 02:05:13.338  5776  5852 I LSPosed-Bridge: 	at android.app.ApplicationPackageManager.getPackagesForUid(ApplicationPackageManager.java:731)

09-03 02:05:13.360  5776  5852 I LSPosed-Bridge: 5776 PermLabel hookBinder_test 10128 interfaceBinder =android.content.pm.IPackageManager; arg0 = 34; arg1 = android.os.Parcel@25baeb2; arg2 = android.os.Parcel@29bf3be; arg3 = 0; res = true; stacktrace=java.lang.Exception

09-03 02:05:13.360  5776  5852 I LSPosed-Bridge: 	at com.example.permlabel.hookBinder_test$1.afterHookedMethod(hookBinder_test.java:58)

09-03 02:05:13.360  5776  5852 I LSPosed-Bridge: 	at de.robv.android.xposed.XposedBridge$AdditionalHookInfo.callback(Unknown Source:147)

09-03 02:05:13.360  5776  5852 I LSPosed-Bridge: 	at LSPHooker_.transact(Unknown Source:28)

09-03 02:05:13.360  5776  5852 I LSPosed-Bridge: 	at android.content.pm.IPackageManager$Stub$Proxy.getPackagesForUid(IPackageManager.java:3558)

09-03 02:05:13.360  5776  5852 I LSPosed-Bridge: 	at android.app.ApplicationPackageManager.getPackagesForUid(ApplicationPackageManager.java:731)

09-03 02:05:13.360  5776  5852 I LSPosed-Bridge: 5776 PermLabel hookBinder_test 10128 interfaceBinder =android.content.pm.IPackageManager; arg0 = 34; arg1 = android.os.Parcel@29bf3be; arg2 = android.os.Parcel@25baeb2; arg3 = 0; res = true; stacktrace=java.lang.Exception

09-03 02:05:13.360  5776  5852 I LSPosed-Bridge: 	at com.example.permlabel.hookBinder_test$1.afterHookedMethod(hookBinder_test.java:58)

09-03 02:05:13.360  5776  5852 I LSPosed-Bridge: 	at de.robv.android.xposed.XposedBridge$AdditionalHookInfo.callback(Unknown Source:147)

09-03 02:05:13.360  5776  5852 I LSPosed-Bridge: 	at LSPHooker_.transact(Unknown Source:28)

09-03 02:05:13.360  5776  5852 I LSPosed-Bridge: 	at android.content.pm.IPackageManager$Stub$Proxy.getPackagesForUid(IPackageManager.java:3558)

09-03 02:05:13.360  5776  5852 I LSPosed-Bridge: 	at android.app.ApplicationPackageManager.getPackagesForUid(ApplicationPackageManager.java:731)

09-03 02:05:13.360  1569  4681 I LSPosed-Bridge: 5776 PermLabel 10128 AMS.checkPermission: Binder.getCallingPid() = 5776; uid = 10128; Binder.getCallingUid() = 10128; getNameForUid: com.ataolu.android; getPackagesForUid: [com.ataolu.android]; permName: android.permission.BLUETOOTH; type = 0; res = -1; stacktrace=java.lang.Exception

09-03 02:05:13.360  1569  4681 I LSPosed-Bridge: 	at com.example.permlabel.requirePerm$1$2.afterHookedMethod(requirePerm.java:127)

09-03 02:05:13.360  1569  4681 I LSPosed-Bridge: 	at de.robv.android.xposed.XposedBridge$AdditionalHookInfo.callback(Unknown Source:147)

09-03 02:05:13.360  1569  4681 I LSPosed-Bridge: 	at LSPHooker_.checkPermission(Unknown Source:25)

09-03 02:05:13.360  1569  4681 I LSPosed-Bridge: 	at android.app.ContextImpl.checkPermission(ContextImpl.java:1751)

09-03 02:05:13.360  1569  4681 I LSPosed-Bridge: 	at android.app.ContextImpl.checkCallingOrSelfPermission(ContextImpl.java:1791)

09-03 02:05:13.360  1569  4681 I LSPosed-Bridge: 	at android.app.ContextImpl.enforceCallingOrSelfPermission(ContextImpl.java:1841)

09-03 02:05:13.360  1569  4681 I LSPosed-Bridge: 	at com.android.server.BluetoothManagerService.getName(BluetoothManagerService.java:1435)

09-03 02:05:13.360  1569  4681 I LSPosed-Bridge: 	at android.bluetooth.IBluetoothManager$Stub.onTransact(IBluetoothManager.java:178)

09-03 02:05:13.360  1569  4681 I LSPosed-Bridge: 	at android.os.Binder.execTransact(Binder.java:731)

09-03 02:05:13.360  5776  5852 I LSPosed-Bridge: 5776 PermLabel hookBinder_test 10128 interfaceBinder =android.content.pm.IPackageManager; arg0 = 34; arg1 = android.os.Parcel@25baeb2; arg2 = android.os.Parcel@29bf3be; arg3 = 0; res = true; stacktrace=java.lang.Exception

09-03 02:05:13.360  5776  5852 I LSPosed-Bridge: 	at com.example.permlabel.hookBinder_test$1.afterHookedMethod(hookBinder_test.java:58)

09-03 02:05:13.360  5776  5852 I LSPosed-Bridge: 	at de.robv.android.xposed.XposedBridge$AdditionalHookInfo.callback(Unknown Source:147)

09-03 02:05:13.360  5776  5852 I LSPosed-Bridge: 	at LSPHooker_.transact(Unknown Source:28)

09-03 02:05:13.360  5776  5852 I LSPosed-Bridge: 	at android.content.pm.IPackageManager$Stub$Proxy.getPackagesForUid(IPackageManager.java:3558)

09-03 02:05:13.360  5776  5852 I LSPosed-Bridge: 	at android.app.ApplicationPackageManager.getPackagesForUid(ApplicationPackageManager.java:731)

09-03 02:05:13.360  5776  5852 I LSPosed-Bridge: 5776 PermLabel hookBinder_test 10128 interfaceBinder =android.content.pm.IPackageManager; arg0 = 34; arg1 = android.os.Parcel@29bf3be; arg2 = android.os.Parcel@25baeb2; arg3 = 0; res = true; stacktrace=java.lang.Exception

09-03 02:05:13.360  5776  5852 I LSPosed-Bridge: 	at com.example.permlabel.hookBinder_test$1.afterHookedMethod(hookBinder_test.java:58)

09-03 02:05:13.360  5776  5852 I LSPosed-Bridge: 	at de.robv.android.xposed.XposedBridge$AdditionalHookInfo.callback(Unknown Source:147)

09-03 02:05:13.360  5776  5852 I LSPosed-Bridge: 	at LSPHooker_.transact(Unknown Source:28)

09-03 02:05:13.360  5776  5852 I LSPosed-Bridge: 	at android.content.pm.IPackageManager$Stub$Proxy.getPackagesForUid(IPackageManager.java:3558)

09-03 02:05:13.360  5776  5852 I LSPosed-Bridge: 	at android.app.ApplicationPackageManager.getPackagesForUid(ApplicationPackageManager.java:731)

09-03 02:05:13.360  5776  5852 I LSPosed-Bridge: 5776 PermLabel hookBinder_test 10128 interfaceBinder =android.content.pm.IPackageManager; arg0 = 34; arg1 = android.os.Parcel@25baeb2; arg2 = android.os.Parcel@29bf3be; arg3 = 0; res = true; stacktrace=java.lang.Exception

09-03 02:05:13.360  5776  5852 I LSPosed-Bridge: 	at com.example.permlabel.hookBinder_test$1.afterHookedMethod(hookBinder_test.java:58)

09-03 02:05:13.360  5776  5852 I LSPosed-Bridge: 	at de.robv.android.xposed.XposedBridge$AdditionalHookInfo.callback(Unknown Source:147)

09-03 02:05:13.360  5776  5852 I LSPosed-Bridge: 	at LSPHooker_.transact(Unknown Source:28)

09-03 02:05:13.360  5776  5852 I LSPosed-Bridge: 	at android.content.pm.IPackageManager$Stub$Proxy.getPackagesForUid(IPackageManager.java:3558)

09-03 02:05:13.360  5776  5852 I LSPosed-Bridge: 	at android.app.ApplicationPackageManager.getPackagesForUid(ApplicationPackageManager.java:731)

09-03 02:05:13.372  5776  6057 I LSPosed-Bridge: 5776 PermLabel hookBinder_test 10128 interfaceBinder =android.bluetooth.IBluetoothManager; arg0 = 14; arg1 = android.os.Parcel@fe55638; arg2 = android.os.Parcel@c3af611; arg3 = 0; res = true; stacktrace=java.lang.Exception

09-03 02:05:13.372  5776  6057 I LSPosed-Bridge: 5776 PermLabel hookBinder_test 10128 interfaceBinder =android.bluetooth.IBluetoothManager; arg0 = 14; arg1 = android.os.Parcel@fe55638; arg2 = android.os.Parcel@c3af611; arg3 = 0; res = true; stacktrace=java.lang.Exception

09-03 02:05:13.372  5776  6057 I LSPosed-Bridge: 	at com.example.permlabel.hookBinder_test$1.afterHookedMethod(hookBinder_test.java:58)

09-03 02:05:13.372  5776  6057 I LSPosed-Bridge: 	at com.example.permlabel.hookBinder_test$1.afterHookedMethod(hookBinder_test.java:58)

09-03 02:05:13.372  5776  6057 I LSPosed-Bridge: 	at de.robv.android.xposed.XposedBridge$AdditionalHookInfo.callback(Unknown Source:147)

09-03 02:05:13.372  5776  6057 I LSPosed-Bridge: 	at de.robv.android.xposed.XposedBridge$AdditionalHookInfo.callback(Unknown Source:147)

09-03 02:05:13.372  5776  6057 I LSPosed-Bridge: 	at LSPHooker_.transact(Unknown Source:28)

09-03 02:05:13.372  5776  6057 I LSPosed-Bridge: 	at LSPHooker_.transact(Unknown Source:28)

09-03 02:05:13.372  5776  6057 I LSPosed-Bridge: 	at android.bluetooth.IBluetoothManager$Stub$Proxy.getName(IBluetoothManager.java:470)

09-03 02:05:13.372  5776  6057 I LSPosed-Bridge: 	at android.bluetooth.IBluetoothManager$Stub$Proxy.getName(IBluetoothManager.java:470)

09-03 02:05:13.372  5776  6057 I LSPosed-Bridge: 	at android.bluetooth.BluetoothAdapter.getName(BluetoothAdapter.java:1090)

09-03 02:05:13.372  5776  6057 I LSPosed-Bridge: 	at android.bluetooth.BluetoothAdapter.getName(BluetoothAdapter.java:1090)

09-03 02:05:13.372  5776  6057 I LSPosed-Bridge: 	at java.lang.reflect.Method.invoke(Native Method)

09-03 02:05:13.372  5776  6057 I LSPosed-Bridge: 	at java.lang.reflect.Method.invoke(Native Method)

09-03 02:05:13.372  5776  6057 I LSPosed-Bridge: 	at org.lsposed.lspd.nativebridge.HookBridge.invokeOriginalMethod(Native Method)

09-03 02:05:13.372  5776  6057 I LSPosed-Bridge: 	at org.lsposed.lspd.nativebridge.HookBridge.invokeOriginalMethod(Native Method)

09-03 02:05:13.372  5776  6057 I LSPosed-Bridge: 	at de.robv.android.xposed.XposedBridge$AdditionalHookInfo.callback(Unknown Source:110)

09-03 02:05:13.372  5776  6057 I LSPosed-Bridge: 	at de.robv.android.xposed.XposedBridge$AdditionalHookInfo.callback(Unknown Source:110)

09-03 02:05:13.372  5776  6057 I LSPosed-Bridge: 	at LSPHooker_.getName(Unknown Source:8)

09-03 02:05:13.372  5776  6057 I LSPosed-Bridge: 	at LSPHooker_.getName(Unknown Source:8)

09-03 02:05:13.372  5776  6057 I LSPosed-Bridge: 	at com.baidu.mobstat.cz.l(SourceFile:2)

09-03 02:05:13.372  5776  6057 I LSPosed-Bridge: 	at com.baidu.mobstat.cz.l(SourceFile:2)

09-03 02:05:13.372  5776  6057 I LSPosed-Bridge: 	at com.baidu.mobstat.cz.a(SourceFile:32)

09-03 02:05:13.372  5776  6057 I LSPosed-Bridge: 	at com.baidu.mobstat.cz.a(SourceFile:32)

09-03 02:05:13.372  5776  6057 I LSPosed-Bridge: 	at com.baidu.mobstat.bq.a(SourceFile:30)

09-03 02:05:13.372  5776  6057 I LSPosed-Bridge: 	at com.baidu.mobstat.bq.a(SourceFile:30)

09-03 02:05:13.372  5776  6057 I LSPosed-Bridge: 	at com.baidu.mobstat.bh.a(SourceFile:7)

09-03 02:05:13.372  5776  6057 I LSPosed-Bridge: 	at com.baidu.mobstat.bh.a(SourceFile:7)

09-03 02:05:13.372  5776  6057 I LSPosed-Bridge: 	at com.baidu.mobstat.bp.a(SourceFile:6)

09-03 02:05:13.372  5776  6057 I LSPosed-Bridge: 	at com.baidu.mobstat.bp.a(SourceFile:6)

09-03 02:05:13.372  5776  6057 I LSPosed-Bridge: 	at com.baidu.mobstat.PrefOperate.loadMetaDataConfig(SourceFile:4)

09-03 02:05:13.372  5776  6057 I LSPosed-Bridge: 	at com.baidu.mobstat.PrefOperate.loadMetaDataConfig(SourceFile:4)

09-03 02:05:13.372  5776  6057 I LSPosed-Bridge: 	at com.baidu.mobstat.LoadCache.initNeededData(SourceFile:3)

09-03 02:05:13.372  5776  6057 I LSPosed-Bridge: 	at com.baidu.mobstat.LoadCache.initNeededData(SourceFile:3)

09-03 02:05:13.372  5776  6057 I LSPosed-Bridge: 	at com.baidu.mobstat.bs.run(SourceFile:1)

09-03 02:05:13.372  5776  6057 I LSPosed-Bridge: 	at com.baidu.mobstat.bs.run(SourceFile:1)

09-03 02:05:13.372  5776  5852 I LSPosed-Bridge: 5776 PermLabel hookBinder_test 10128 interfaceBinder =android.content.pm.IPackageManager; arg0 = 34; arg1 = android.os.Parcel@29bf3be; arg2 = android.os.Parcel@25baeb2; arg3 = 0; res = true; stacktrace=java.lang.Exception

09-03 02:05:13.372  5776  5852 I LSPosed-Bridge: 5776 PermLabel hookBinder_test 10128 interfaceBinder =android.content.pm.IPackageManager; arg0 = 34; arg1 = android.os.Parcel@29bf3be; arg2 = android.os.Parcel@25baeb2; arg3 = 0; res = true; stacktrace=java.lang.Exception

09-03 02:05:13.372  5776  5852 I LSPosed-Bridge: 	at com.example.permlabel.hookBinder_test$1.afterHookedMethod(hookBinder_test.java:58)

09-03 02:05:13.372  5776  5852 I LSPosed-Bridge: 	at com.example.permlabel.hookBinder_test$1.afterHookedMethod(hookBinder_test.java:58)

09-03 02:05:13.372  5776  5852 I LSPosed-Bridge: 	at de.robv.android.xposed.XposedBridge$AdditionalHookInfo.callback(Unknown Source:147)

09-03 02:05:13.372  5776  5852 I LSPosed-Bridge: 	at de.robv.android.xposed.XposedBridge$AdditionalHookInfo.callback(Unknown Source:147)

09-03 02:05:13.372  5776  5852 I LSPosed-Bridge: 	at LSPHooker_.transact(Unknown Source:28)

09-03 02:05:13.372  5776  5852 I LSPosed-Bridge: 	at LSPHooker_.transact(Unknown Source:28)

09-03 02:05:13.372  5776  5852 I LSPosed-Bridge: 	at android.content.pm.IPackageManager$Stub$Proxy.getPackagesForUid(IPackageManager.java:3558)

09-03 02:05:13.372  5776  5852 I LSPosed-Bridge: 	at android.content.pm.IPackageManager$Stub$Proxy.getPackagesForUid(IPackageManager.java:3558)

09-03 02:05:13.372  5776  5852 I LSPosed-Bridge: 	at android.app.ApplicationPackageManager.getPackagesForUid(ApplicationPackageManager.java:731)

09-03 02:05:13.372  5776  5852 I LSPosed-Bridge: 	at android.app.ApplicationPackageManager.getPackagesForUid(ApplicationPackageManager.java:731)

09-03 02:05:13.372  5776  6057 I LSPosed-Bridge: 5776 PermLabel 10128; permName: android.permission.BLUETOOTH; getName res = null; stacktrace=java.lang.Exception

09-03 02:05:13.372  5776  6057 I LSPosed-Bridge: 5776 PermLabel 10128; permName: android.permission.BLUETOOTH; getName res = null; stacktrace=java.lang.Exception

09-03 02:05:13.372  5776  6057 I LSPosed-Bridge: 	at com.example.permlabel.hookBluetooth$21.afterHookedMethod(hookBluetooth.java:184)

09-03 02:05:13.372  5776  6057 I LSPosed-Bridge: 	at com.example.permlabel.hookBluetooth$21.afterHookedMethod(hookBluetooth.java:184)

09-03 02:05:13.372  5776  6057 I LSPosed-Bridge: 	at de.robv.android.xposed.XposedBridge$AdditionalHookInfo.callback(Unknown Source:147)

09-03 02:05:13.372  5776  6057 I LSPosed-Bridge: 	at de.robv.android.xposed.XposedBridge$AdditionalHookInfo.callback(Unknown Source:147)

09-03 02:05:13.372  5776  6057 I LSPosed-Bridge: 	at LSPHooker_.getName(Unknown Source:8)

09-03 02:05:13.372  5776  6057 I LSPosed-Bridge: 	at LSPHooker_.getName(Unknown Source:8)

09-03 02:05:13.372  5776  6057 I LSPosed-Bridge: 	at com.baidu.mobstat.cz.l(SourceFile:2)

09-03 02:05:13.372  5776  6057 I LSPosed-Bridge: 	at com.baidu.mobstat.cz.l(SourceFile:2)

09-03 02:05:13.372  5776  6057 I LSPosed-Bridge: 	at com.baidu.mobstat.cz.a(SourceFile:32)

09-03 02:05:13.372  5776  6057 I LSPosed-Bridge: 	at com.baidu.mobstat.cz.a(SourceFile:32)

09-03 02:05:13.372  5776  6057 I LSPosed-Bridge: 	at com.baidu.mobstat.bq.a(SourceFile:30)

09-03 02:05:13.372  5776  6057 I LSPosed-Bridge: 	at com.baidu.mobstat.bq.a(SourceFile:30)

09-03 02:05:13.372  5776  6057 I LSPosed-Bridge: 	at com.baidu.mobstat.bh.a(SourceFile:7)

09-03 02:05:13.372  5776  6057 I LSPosed-Bridge: 	at com.baidu.mobstat.bh.a(SourceFile:7)

09-03 02:05:13.372  5776  6057 I LSPosed-Bridge: 	at com.baidu.mobstat.bp.a(SourceFile:6)

09-03 02:05:13.372  5776  6057 I LSPosed-Bridge: 	at com.baidu.mobstat.bp.a(SourceFile:6)

09-03 02:05:13.372  5776  6057 I LSPosed-Bridge: 	at com.baidu.mobstat.PrefOperate.loadMetaDataConfig(SourceFile:4)

09-03 02:05:13.372  5776  6057 I LSPosed-Bridge: 	at com.baidu.mobstat.PrefOperate.loadMetaDataConfig(SourceFile:4)

09-03 02:05:13.372  5776  6057 I LSPosed-Bridge: 	at com.baidu.mobstat.LoadCache.initNeededData(SourceFile:3)

09-03 02:05:13.372  5776  6057 I LSPosed-Bridge: 	at com.baidu.mobstat.LoadCache.initNeededData(SourceFile:3)

09-03 02:05:13.372  5776  6057 I LSPosed-Bridge: 	at com.baidu.mobstat.bs.run(SourceFile:1)

09-03 02:05:13.372  5776  6057 I LSPosed-Bridge: 	at com.baidu.mobstat.bs.run(SourceFile:1)

09-03 02:05:13.372  5776  5852 I LSPosed-Bridge: 5776 PermLabel hookBinder_test 10128 interfaceBinder =android.content.pm.IPackageManager; arg0 = 34; arg1 = android.os.Parcel@c3af611; arg2 = android.os.Parcel@fe55638; arg3 = 0; res = true; stacktrace=java.lang.Exception

09-03 02:05:13.372  5776  5852 I LSPosed-Bridge: 5776 PermLabel hookBinder_test 10128 interfaceBinder =android.content.pm.IPackageManager; arg0 = 34; arg1 = android.os.Parcel@c3af611; arg2 = android.os.Parcel@fe55638; arg3 = 0; res = true; stacktrace=java.lang.Exception

09-03 02:05:13.372  5776  5852 I LSPosed-Bridge: 	at com.example.permlabel.hookBinder_test$1.afterHookedMethod(hookBinder_test.java:58)

09-03 02:05:13.372  5776  5852 I LSPosed-Bridge: 	at com.example.permlabel.hookBinder_test$1.afterHookedMethod(hookBinder_test.java:58)

09-03 02:05:13.372  5776  5852 I LSPosed-Bridge: 	at de.robv.android.xposed.XposedBridge$AdditionalHookInfo.callback(Unknown Source:147)

09-03 02:05:13.372  5776  5852 I LSPosed-Bridge: 	at de.robv.android.xposed.XposedBridge$AdditionalHookInfo.callback(Unknown Source:147)

09-03 02:05:13.372  5776  5852 I LSPosed-Bridge: 	at LSPHooker_.transact(Unknown Source:28)

09-03 02:05:13.372  5776  5852 I LSPosed-Bridge: 	at LSPHooker_.transact(Unknown Source:28)

09-03 02:05:13.372  5776  5852 I LSPosed-Bridge: 	at android.content.pm.IPackageManager$Stub$Proxy.getPackagesForUid(IPackageManager.java:3558)

09-03 02:05:13.372  5776  5852 I LSPosed-Bridge: 	at android.content.pm.IPackageManager$Stub$Proxy.getPackagesForUid(IPackageManager.java:3558)

09-03 02:05:13.372  5776  5852 I LSPosed-Bridge: 	at android.app.ApplicationPackageManager.getPackagesForUid(ApplicationPackageManager.java:731)

09-03 02:05:13.372  5776  5852 I LSPosed-Bridge: 	at android.app.ApplicationPackageManager.getPackagesForUid(ApplicationPackageManager.java:731)

09-03 02:05:13.372  5776  6057 I LSPosed-Bridge: 5776 PermLabel 10128; permName: android.permission.BLUETOOTH; getName res = null; stacktrace=java.lang.Exception

09-03 02:05:13.372  5776  6057 I LSPosed-Bridge: 5776 PermLabel 10128; permName: android.permission.BLUETOOTH; getName res = null; stacktrace=java.lang.Exception

09-03 02:05:13.372  5776  6057 I LSPosed-Bridge: 	at com.example.permlabel.hookBluetooth$20.afterHookedMethod(hookBluetooth.java:177)

09-03 02:05:13.372  5776  6057 I LSPosed-Bridge: 	at com.example.permlabel.hookBluetooth$20.afterHookedMethod(hookBluetooth.java:177)

09-03 02:05:13.372  5776  6057 I LSPosed-Bridge: 	at de.robv.android.xposed.XposedBridge$AdditionalHookInfo.callback(Unknown Source:147)

09-03 02:05:13.372  5776  6057 I LSPosed-Bridge: 	at de.robv.android.xposed.XposedBridge$AdditionalHookInfo.callback(Unknown Source:147)

09-03 02:05:13.372  5776  6057 I LSPosed-Bridge: 	at LSPHooker_.getName(Unknown Source:8)

09-03 02:05:13.372  5776  6057 I LSPosed-Bridge: 	at LSPHooker_.getName(Unknown Source:8)

09-03 02:05:13.372  5776  6057 I LSPosed-Bridge: 	at com.baidu.mobstat.cz.l(SourceFile:2)

09-03 02:05:13.372  5776  6057 I LSPosed-Bridge: 	at com.baidu.mobstat.cz.l(SourceFile:2)

09-03 02:05:13.372  5776  6057 I LSPosed-Bridge: 	at com.baidu.mobstat.cz.a(SourceFile:32)

09-03 02:05:13.372  5776  6057 I LSPosed-Bridge: 	at com.baidu.mobstat.cz.a(SourceFile:32)

09-03 02:05:13.372  5776  6057 I LSPosed-Bridge: 	at com.baidu.mobstat.bq.a(SourceFile:30)

09-03 02:05:13.372  5776  6057 I LSPosed-Bridge: 	at com.baidu.mobstat.bq.a(SourceFile:30)

09-03 02:05:13.372  5776  6057 I LSPosed-Bridge: 	at com.baidu.mobstat.bh.a(SourceFile:7)

09-03 02:05:13.372  5776  6057 I LSPosed-Bridge: 	at com.baidu.mobstat.bh.a(SourceFile:7)

09-03 02:05:13.372  5776  6057 I LSPosed-Bridge: 	at com.baidu.mobstat.bp.a(SourceFile:6)

09-03 02:05:13.372  5776  6057 I LSPosed-Bridge: 	at com.baidu.mobstat.bp.a(SourceFile:6)

09-03 02:05:13.372  5776  6057 I LSPosed-Bridge: 	at com.baidu.mobstat.PrefOperate.loadMetaDataConfig(SourceFile:4)

09-03 02:05:13.372  5776  6057 I LSPosed-Bridge: 	at com.baidu.mobstat.PrefOperate.loadMetaDataConfig(SourceFile:4)

09-03 02:05:13.372  5776  6057 I LSPosed-Bridge: 	at com.baidu.mobstat.LoadCache.initNeededData(SourceFile:3)

09-03 02:05:13.372  5776  6057 I LSPosed-Bridge: 	at com.baidu.mobstat.LoadCache.initNeededData(SourceFile:3)

09-03 02:05:13.372  5776  6057 I LSPosed-Bridge: 	at com.baidu.mobstat.bs.run(SourceFile:1)

09-03 02:05:13.372  5776  6057 I LSPosed-Bridge: 	at com.baidu.mobstat.bs.run(SourceFile:1)

09-03 02:05:13.372  5776  5852 I LSPosed-Bridge: 5776 PermLabel hookBinder_test 10128 interfaceBinder =android.content.pm.IPackageManager; arg0 = 34; arg1 = android.os.Parcel@fe55638; arg2 = android.os.Parcel@c3af611; arg3 = 0; res = true; stacktrace=java.lang.Exception

09-03 02:05:13.372  5776  5852 I LSPosed-Bridge: 5776 PermLabel hookBinder_test 10128 interfaceBinder =android.content.pm.IPackageManager; arg0 = 34; arg1 = android.os.Parcel@fe55638; arg2 = android.os.Parcel@c3af611; arg3 = 0; res = true; stacktrace=java.lang.Exception

09-03 02:05:13.372  5776  5852 I LSPosed-Bridge: 	at com.example.permlabel.hookBinder_test$1.afterHookedMethod(hookBinder_test.java:58)

09-03 02:05:13.372  5776  5852 I LSPosed-Bridge: 	at com.example.permlabel.hookBinder_test$1.afterHookedMethod(hookBinder_test.java:58)

09-03 02:05:13.372  5776  5852 I LSPosed-Bridge: 	at de.robv.android.xposed.XposedBridge$AdditionalHookInfo.callback(Unknown Source:147)

09-03 02:05:13.372  5776  5852 I LSPosed-Bridge: 	at de.robv.android.xposed.XposedBridge$AdditionalHookInfo.callback(Unknown Source:147)

09-03 02:05:13.372  5776  5852 I LSPosed-Bridge: 	at LSPHooker_.transact(Unknown Source:28)

09-03 02:05:13.372  5776  5852 I LSPosed-Bridge: 	at LSPHooker_.transact(Unknown Source:28)

09-03 02:05:13.372  5776  5852 I LSPosed-Bridge: 	at android.content.pm.IPackageManager$Stub$Proxy.getPackagesForUid(IPackageManager.java:3558)

09-03 02:05:13.372  5776  5852 I LSPosed-Bridge: 	at android.content.pm.IPackageManager$Stub$Proxy.getPackagesForUid(IPackageManager.java:3558)

09-03 02:05:13.372  5776  5852 I LSPosed-Bridge: 	at android.app.ApplicationPackageManager.getPackagesForUid(ApplicationPackageManager.java:731)

09-03 02:05:13.372  5776  5852 I LSPosed-Bridge: 	at android.app.ApplicationPackageManager.getPackagesForUid(ApplicationPackageManager.java:731)

09-03 02:05:13.618  1569  1673 I LSPosed-Bridge: 5776 PermLabel 10128 AMS.checkPermission: Binder.getCallingPid() = 5776; uid = 10128; Binder.getCallingUid() = 10128; getNameForUid: com.ataolu.android; getPackagesForUid: [com.ataolu.android]; permName: android.permission.BLUETOOTH; type = 0; res = -1; stacktrace=java.lang.Exception

09-03 02:05:13.618  1569  1673 I LSPosed-Bridge: 	at com.example.permlabel.requirePerm$1$2.afterHookedMethod(requirePerm.java:127)

09-03 02:05:13.618  1569  1673 I LSPosed-Bridge: 	at de.robv.android.xposed.XposedBridge$AdditionalHookInfo.callback(Unknown Source:147)

09-03 02:05:13.618  1569  1673 I LSPosed-Bridge: 	at LSPHooker_.checkPermission(Unknown Source:25)

09-03 02:05:13.618  1569  1673 I LSPosed-Bridge: 	at android.app.IActivityManager$Stub.onTransact(IActivityManager.java:664)

09-03 02:05:13.618  1569  1673 I LSPosed-Bridge: 	at com.android.server.am.ActivityManagerService.onTransact(ActivityManagerService.java:3346)

09-03 02:05:13.618  1569  1673 I LSPosed-Bridge: 	at android.os.Binder.execTransact(Binder.java:731)

09-03 02:05:13.621  5776  6057 I LSPosed-Bridge: 5776 PermLabel 10128 ContextImpl.checkPermission: pid = 5776; uid = 10128; permName: android.permission.BLUETOOTH; type = 0; res = -1; stacktrace=java.lang.Exception

09-03 02:05:13.621  5776  6057 I LSPosed-Bridge: 	at com.example.permlabel.requestPerm$2.afterHookedMethod(requestPerm.java:213)

09-03 02:05:13.621  5776  6057 I LSPosed-Bridge: 	at de.robv.android.xposed.XposedBridge$AdditionalHookInfo.callback(Unknown Source:147)

09-03 02:05:13.621  5776  6057 I LSPosed-Bridge: 	at LSPHooker_.checkPermission(Unknown Source:25)

09-03 02:05:13.621  5776  6057 I LSPosed-Bridge: 	at android.app.ContextImpl.checkCallingOrSelfPermission(ContextImpl.java:1791)

09-03 02:05:13.621  5776  6057 I LSPosed-Bridge: 	at android.content.ContextWrapper.checkCallingOrSelfPermission(ContextWrapper.java:754)

09-03 02:05:13.621  5776  6057 I LSPosed-Bridge: 	at com.baidu.mobstat.co.e(SourceFile:1)

09-03 02:05:13.621  5776  6057 I LSPosed-Bridge: 	at com.baidu.mobstat.cz.m(SourceFile:4)

09-03 02:05:13.621  5776  6057 I LSPosed-Bridge: 	at com.baidu.mobstat.cz.f(SourceFile:6)

09-03 02:05:13.621  5776  6057 I LSPosed-Bridge: 	at com.baidu.mobstat.bq.a(SourceFile:28)

09-03 02:05:13.621  5776  6057 I LSPosed-Bridge: 	at com.baidu.mobstat.bq.a(SourceFile:1)

09-03 02:05:13.621  5776  6057 I LSPosed-Bridge: 	at com.baidu.mobstat.DataCore.installHeader(SourceFile:2)

09-03 02:05:13.621  5776  6057 I LSPosed-Bridge: 	at com.baidu.mobstat.LoadCache.initNeededData(SourceFile:6)

09-03 02:05:13.621  5776  6057 I LSPosed-Bridge: 	at com.baidu.mobstat.bs.run(SourceFile:1)

09-03 02:05:13.622  1569  4681 I LSPosed-Bridge: 5776 PermLabel 10128 AMS.checkPermission: Binder.getCallingPid() = 5776; uid = 10128; Binder.getCallingUid() = 10128; getNameForUid: com.ataolu.android; getPackagesForUid: [com.ataolu.android]; permName: android.permission.BLUETOOTH; type = 0; res = -1; stacktrace=java.lang.Exception

09-03 02:05:13.622  1569  4681 I LSPosed-Bridge: 	at com.example.permlabel.requirePerm$1$2.afterHookedMethod(requirePerm.java:127)

09-03 02:05:13.622  1569  4681 I LSPosed-Bridge: 	at de.robv.android.xposed.XposedBridge$AdditionalHookInfo.callback(Unknown Source:147)

09-03 02:05:13.622  1569  4681 I LSPosed-Bridge: 	at LSPHooker_.checkPermission(Unknown Source:25)

09-03 02:05:13.622  1569  4681 I LSPosed-Bridge: 	at android.app.ContextImpl.checkPermission(ContextImpl.java:1751)

09-03 02:05:13.622  1569  4681 I LSPosed-Bridge: 	at android.app.ContextImpl.checkCallingOrSelfPermission(ContextImpl.java:1791)

09-03 02:05:13.622  1569  4681 I LSPosed-Bridge: 	at android.app.ContextImpl.enforceCallingOrSelfPermission(ContextImpl.java:1841)

09-03 02:05:13.622  1569  4681 I LSPosed-Bridge: 	at com.android.server.BluetoothManagerService.getName(BluetoothManagerService.java:1435)

09-03 02:05:13.622  1569  4681 I LSPosed-Bridge: 	at android.bluetooth.IBluetoothManager$Stub.onTransact(IBluetoothManager.java:178)

09-03 02:05:13.622  1569  4681 I LSPosed-Bridge: 	at android.os.Binder.execTransact(Binder.java:731)

09-03 02:05:13.622  5776  6057 I LSPosed-Bridge: 5776 PermLabel hookBinder_test 10128 interfaceBinder =android.bluetooth.IBluetoothManager; arg0 = 14; arg1 = android.os.Parcel@50c3a79; arg2 = android.os.Parcel@19f4893; arg3 = 0; res = true; stacktrace=java.lang.Exception

09-03 02:05:13.622  5776  6057 I LSPosed-Bridge: 	at com.example.permlabel.hookBinder_test$1.afterHookedMethod(hookBinder_test.java:58)

09-03 02:05:13.622  5776  6057 I LSPosed-Bridge: 	at de.robv.android.xposed.XposedBridge$AdditionalHookInfo.callback(Unknown Source:147)

09-03 02:05:13.622  5776  6057 I LSPosed-Bridge: 	at LSPHooker_.transact(Unknown Source:28)

09-03 02:05:13.622  5776  6057 I LSPosed-Bridge: 	at android.bluetooth.IBluetoothManager$Stub$Proxy.getName(IBluetoothManager.java:470)

09-03 02:05:13.622  5776  6057 I LSPosed-Bridge: 	at android.bluetooth.BluetoothAdapter.getName(BluetoothAdapter.java:1090)

09-03 02:05:13.622  5776  6057 I LSPosed-Bridge: 	at java.lang.reflect.Method.invoke(Native Method)

09-03 02:05:13.622  5776  6057 I LSPosed-Bridge: 	at org.lsposed.lspd.nativebridge.HookBridge.invokeOriginalMethod(Native Method)

09-03 02:05:13.622  5776  6057 I LSPosed-Bridge: 	at de.robv.android.xposed.XposedBridge$AdditionalHookInfo.callback(Unknown Source:110)

09-03 02:05:13.622  5776  6057 I LSPosed-Bridge: 	at LSPHooker_.getName(Unknown Source:8)

09-03 02:05:13.622  5776  6057 I LSPosed-Bridge: 	at com.baidu.mobstat.cz.l(SourceFile:2)

09-03 02:05:13.622  5776  6057 I LSPosed-Bridge: 	at com.baidu.mobstat.cz.a(SourceFile:32)

09-03 02:05:13.622  5776  6057 I LSPosed-Bridge: 	at com.baidu.mobstat.bq.a(SourceFile:30)

09-03 02:05:13.622  5776  6057 I LSPosed-Bridge: 	at com.baidu.mobstat.bq.a(SourceFile:1)

09-03 02:05:13.622  5776  6057 I LSPosed-Bridge: 	at com.baidu.mobstat.DataCore.installHeader(SourceFile:2)

09-03 02:05:13.622  5776  6057 I LSPosed-Bridge: 	at com.baidu.mobstat.LoadCache.initNeededData(SourceFile:6)

09-03 02:05:13.622  5776  6057 I LSPosed-Bridge: 	at com.baidu.mobstat.bs.run(SourceFile:1)

09-03 02:05:13.623  5776  6057 I LSPosed-Bridge: 5776 PermLabel 10128; permName: android.permission.BLUETOOTH; getName res = null; stacktrace=java.lang.Exception

09-03 02:05:13.623  5776  6057 I LSPosed-Bridge: 5776 PermLabel 10128; permName: android.permission.BLUETOOTH; getName res = null; stacktrace=java.lang.Exception

09-03 02:05:13.623  5776  6057 I LSPosed-Bridge: 	at com.example.permlabel.hookBluetooth$21.afterHookedMethod(hookBluetooth.java:184)

09-03 02:05:13.623  5776  6057 I LSPosed-Bridge: 	at com.example.permlabel.hookBluetooth$21.afterHookedMethod(hookBluetooth.java:184)

09-03 02:05:13.623  5776  6057 I LSPosed-Bridge: 	at de.robv.android.xposed.XposedBridge$AdditionalHookInfo.callback(Unknown Source:147)

09-03 02:05:13.623  5776  6057 I LSPosed-Bridge: 	at de.robv.android.xposed.XposedBridge$AdditionalHookInfo.callback(Unknown Source:147)

09-03 02:05:13.623  5776  6057 I LSPosed-Bridge: 	at LSPHooker_.getName(Unknown Source:8)

09-03 02:05:13.623  5776  6057 I LSPosed-Bridge: 	at LSPHooker_.getName(Unknown Source:8)

09-03 02:05:13.623  5776  6057 I LSPosed-Bridge: 	at com.baidu.mobstat.cz.l(SourceFile:2)

09-03 02:05:13.623  5776  6057 I LSPosed-Bridge: 	at com.baidu.mobstat.cz.l(SourceFile:2)

09-03 02:05:13.623  5776  6057 I LSPosed-Bridge: 	at com.baidu.mobstat.cz.a(SourceFile:32)

09-03 02:05:13.623  5776  6057 I LSPosed-Bridge: 	at com.baidu.mobstat.cz.a(SourceFile:32)

09-03 02:05:13.623  5776  6057 I LSPosed-Bridge: 	at com.baidu.mobstat.bq.a(SourceFile:30)

09-03 02:05:13.623  5776  6057 I LSPosed-Bridge: 	at com.baidu.mobstat.bq.a(SourceFile:30)

09-03 02:05:13.623  5776  6057 I LSPosed-Bridge: 	at com.baidu.mobstat.bq.a(SourceFile:1)

09-03 02:05:13.623  5776  6057 I LSPosed-Bridge: 	at com.baidu.mobstat.bq.a(SourceFile:1)

09-03 02:05:13.623  5776  6057 I LSPosed-Bridge: 	at com.baidu.mobstat.DataCore.installHeader(SourceFile:2)

09-03 02:05:13.623  5776  6057 I LSPosed-Bridge: 	at com.baidu.mobstat.DataCore.installHeader(SourceFile:2)

09-03 02:05:13.623  5776  6057 I LSPosed-Bridge: 	at com.baidu.mobstat.LoadCache.initNeededData(SourceFile:6)

09-03 02:05:13.623  5776  6057 I LSPosed-Bridge: 	at com.baidu.mobstat.LoadCache.initNeededData(SourceFile:6)

09-03 02:05:13.623  5776  6057 I LSPosed-Bridge: 	at com.baidu.mobstat.bs.run(SourceFile:1)

09-03 02:05:13.623  5776  6057 I LSPosed-Bridge: 	at com.baidu.mobstat.bs.run(SourceFile:1)

09-03 02:05:13.623  5776  6057 I LSPosed-Bridge: 5776 PermLabel 10128; permName: android.permission.BLUETOOTH; getName res = null; stacktrace=java.lang.Exception

09-03 02:05:13.623  5776  6057 I LSPosed-Bridge: 5776 PermLabel 10128; permName: android.permission.BLUETOOTH; getName res = null; stacktrace=java.lang.Exception

09-03 02:05:13.623  5776  6057 I LSPosed-Bridge: 	at com.example.permlabel.hookBluetooth$20.afterHookedMethod(hookBluetooth.java:177)

09-03 02:05:13.623  5776  6057 I LSPosed-Bridge: 	at com.example.permlabel.hookBluetooth$20.afterHookedMethod(hookBluetooth.java:177)

09-03 02:05:13.623  5776  6057 I LSPosed-Bridge: 	at de.robv.android.xposed.XposedBridge$AdditionalHookInfo.callback(Unknown Source:147)

09-03 02:05:13.623  5776  6057 I LSPosed-Bridge: 	at de.robv.android.xposed.XposedBridge$AdditionalHookInfo.callback(Unknown Source:147)

09-03 02:05:13.623  5776  6057 I LSPosed-Bridge: 	at LSPHooker_.getName(Unknown Source:8)

09-03 02:05:13.623  5776  6057 I LSPosed-Bridge: 	at LSPHooker_.getName(Unknown Source:8)

09-03 02:05:13.623  5776  6057 I LSPosed-Bridge: 	at com.baidu.mobstat.cz.l(SourceFile:2)

09-03 02:05:13.623  5776  6057 I LSPosed-Bridge: 	at com.baidu.mobstat.cz.l(SourceFile:2)

09-03 02:05:13.623  5776  6057 I LSPosed-Bridge: 	at com.baidu.mobstat.cz.a(SourceFile:32)

09-03 02:05:13.623  5776  6057 I LSPosed-Bridge: 	at com.baidu.mobstat.cz.a(SourceFile:32)

09-03 02:05:13.623  5776  6057 I LSPosed-Bridge: 	at com.baidu.mobstat.bq.a(SourceFile:30)

09-03 02:05:13.623  5776  6057 I LSPosed-Bridge: 	at com.baidu.mobstat.bq.a(SourceFile:30)

09-03 02:05:13.623  5776  6057 I LSPosed-Bridge: 	at com.baidu.mobstat.bq.a(SourceFile:1)

09-03 02:05:13.623  5776  6057 I LSPosed-Bridge: 	at com.baidu.mobstat.bq.a(SourceFile:1)

09-03 02:05:13.623  5776  6057 I LSPosed-Bridge: 	at com.baidu.mobstat.DataCore.installHeader(SourceFile:2)

09-03 02:05:13.623  5776  6057 I LSPosed-Bridge: 	at com.baidu.mobstat.DataCore.installHeader(SourceFile:2)

09-03 02:05:13.623  5776  6057 I LSPosed-Bridge: 	at com.baidu.mobstat.LoadCache.initNeededData(SourceFile:6)

09-03 02:05:13.623  5776  6057 I LSPosed-Bridge: 	at com.baidu.mobstat.LoadCache.initNeededData(SourceFile:6)

09-03 02:05:13.623  5776  6057 I LSPosed-Bridge: 	at com.baidu.mobstat.bs.run(SourceFile:1)

09-03 02:05:13.623  5776  6057 I LSPosed-Bridge: 	at com.baidu.mobstat.bs.run(SourceFile:1)

09-03 02:05:38.351  1569  6803 I LSPosed-Bridge: 6744 PermLabel 10128 AMS.checkPermission: Binder.getCallingPid() = 6744; uid = 10128; Binder.getCallingUid() = 10128; getNameForUid: com.ataolu.android; getPackagesForUid: [com.ataolu.android]; permName: android.permission.BLUETOOTH; type = 0; res = -1; stacktrace=java.lang.Exception

09-03 02:05:38.351  1569  6803 I LSPosed-Bridge: 	at com.example.permlabel.requirePerm$1$2.afterHookedMethod(requirePerm.java:127)

