09-03 02:05:12.896  5776  5877 I LSPosed-Bridge: 	at com.mob.commons.authorize.DeviceAuthorizer.b(SourceFile:6)

09-03 02:05:12.896  5776  5877 I LSPosed-Bridge: 	at com.mob.commons.authorize.DeviceAuthorizer.authorize(SourceFile:7)

09-03 02:05:12.896  5776  5877 I LSPosed-Bridge: 	at com.mob.MobSDK$1.run(SourceFile:2)

09-03 02:05:12.905  5776  5877 I LSPosed-Bridge: 5776 PermLabel hookBinder_test 10128 interfaceBinder =android.content.pm.IPackageManager; arg0 = 9; arg1 = android.os.Parcel@bb60de3; arg2 = android.os.Parcel@e3bf1ab; arg3 = 0; res = true; stacktrace=java.lang.Exception

09-03 02:05:12.905  5776  5877 I LSPosed-Bridge: 	at com.example.permlabel.hookBinder_test$1.afterHookedMethod(hookBinder_test.java:58)

09-03 02:05:12.905  5776  5877 I LSPosed-Bridge: 	at de.robv.android.xposed.XposedBridge$AdditionalHookInfo.callback(Unknown Source:147)

09-03 02:05:12.905  5776  5877 I LSPosed-Bridge: 	at LSPHooker_.transact(Unknown Source:28)

09-03 02:05:12.905  5776  5877 I LSPosed-Bridge: 	at android.content.pm.IPackageManager$Stub$Proxy.getPermissionInfo(IPackageManager.java:3008)

09-03 02:05:12.905  5776  5877 I LSPosed-Bridge: 	at android.app.ApplicationPackageManager.getPermissionInfo(ApplicationPackageManager.java:306)

09-03 02:05:12.905  5776  5877 I LSPosed-Bridge: 	at com.example.permlabel.requestPerm$2.afterHookedMethod(requestPerm.java:179)

09-03 02:05:12.905  5776  5877 I LSPosed-Bridge: 	at de.robv.android.xposed.XposedBridge$AdditionalHookInfo.callback(Unknown Source:147)

09-03 02:05:12.905  5776  5877 I LSPosed-Bridge: 	at LSPHooker_.checkPermission(Unknown Source:25)

09-03 02:05:12.905  5776  5877 I LSPosed-Bridge: 	at android.app.ContextImpl.checkSelfPermission(ContextImpl.java:1801)

09-03 02:05:12.905  5776  5877 I LSPosed-Bridge: 	at android.content.ContextWrapper.checkSelfPermission(ContextWrapper.java:759)

09-03 02:05:12.905  5776  5877 I LSPosed-Bridge: 	at java.lang.reflect.Method.invoke(Native Method)

09-03 02:05:12.905  5776  5877 I LSPosed-Bridge: 	at com.mob.tools.utils.ReflectHelper.invokeMethod(SourceFile:11)

09-03 02:05:12.905  5776  5877 I LSPosed-Bridge: 	at com.mob.tools.utils.ReflectHelper.invokeInstanceMethod(SourceFile:1)

09-03 02:05:12.905  5776  5877 I LSPosed-Bridge: 	at com.mob.tools.utils.DeviceHelper.checkPermission(SourceFile:3)

09-03 02:05:12.905  5776  5877 I LSPosed-Bridge: 	at com.mob.tools.utils.DeviceHelper.getSerialno(SourceFile:11)

09-03 02:05:12.905  5776  5877 I LSPosed-Bridge: 	at com.mob.commons.authorize.a.c(SourceFile:8)

09-03 02:05:12.905  5776  5877 I LSPosed-Bridge: 	at com.mob.commons.authorize.a.b(SourceFile:7)

09-03 02:05:12.905  5776  5877 I LSPosed-Bridge: 	at com.mob.commons.authorize.a.a(SourceFile:35)

09-03 02:05:12.905  5776  5877 I LSPosed-Bridge: 	at com.mob.commons.authorize.a.a(SourceFile:31)

09-03 02:05:12.905  5776  5877 I LSPosed-Bridge: 	at com.mob.commons.authorize.a.a(SourceFile:1)

09-03 02:05:12.905  5776  5877 I LSPosed-Bridge: 	at com.mob.commons.authorize.a$1.run(SourceFile:2)

09-03 02:05:12.905  5776  5877 I LSPosed-Bridge: 	at com.mob.commons.e.a(SourceFile:13)

09-03 02:05:12.905  5776  5877 I LSPosed-Bridge: 	at com.mob.commons.e.a(SourceFile:2)

09-03 02:05:12.905  5776  5877 I LSPosed-Bridge: 	at com.mob.commons.authorize.a.a(SourceFile:8)

09-03 02:05:12.905  5776  5877 I LSPosed-Bridge: 	at com.mob.commons.authorize.DeviceAuthorizer.b(SourceFile:6)

09-03 02:05:12.905  5776  5877 I LSPosed-Bridge: 	at com.mob.commons.authorize.DeviceAuthorizer.authorize(SourceFile:7)

09-03 02:05:12.905  5776  5877 I LSPosed-Bridge: 	at com.mob.MobSDK$1.run(SourceFile:2)

09-03 02:05:12.905  5776  6022 I LSPosed-Bridge: 5776 PermLabel permName: android.permission.READ_PHONE_STATE; getRunningAppProcesses =[android.app.ActivityManager$RunningAppProcessInfo@e951e3b]; stacktrace=java.lang.Exception

09-03 02:05:12.905  5776  6022 I LSPosed-Bridge: 	at com.example.permlabel.hookBinder_test$2.afterHookedMethod(hookBinder_test.java:98)

09-03 02:05:12.905  5776  6022 I LSPosed-Bridge: 	at de.robv.android.xposed.XposedBridge$AdditionalHookInfo.callback(Unknown Source:147)

09-03 02:05:12.905  5776  6022 I LSPosed-Bridge: 	at LSPHooker_.getRunningAppProcesses(Unknown Source:8)

09-03 02:05:12.905  5776  6022 I LSPosed-Bridge: 	at com.mob.tools.utils.DeviceHelper.isBackground(SourceFile:3)

09-03 02:05:12.905  5776  6022 I LSPosed-Bridge: 	at com.mob.tools.utils.DeviceHelper.amIOnForeground(SourceFile:2)

09-03 02:05:12.905  5776  6022 I LSPosed-Bridge: 	at com.mob.commons.a.m$1.handleMessage(SourceFile:8)

09-03 02:05:12.905  5776  6022 I LSPosed-Bridge: 	at android.os.Handler.dispatchMessage(Handler.java:102)

09-03 02:05:12.905  5776  6022 I LSPosed-Bridge: 	at android.os.Looper.loop(Looper.java:193)

09-03 02:05:12.905  5776  6022 I LSPosed-Bridge: 	at com.mob.tools.MobHandlerThread.run(SourceFile:11)

09-03 02:05:12.905  5776  6022 I LSPosed-Bridge: 	at com.mob.tools.MobHandlerThread$1.run(SourceFile:3)

09-03 02:05:12.911  5776  5877 I LSPosed-Bridge: 5776 PermLabel 10128 ContextImpl Binder.getCallingPid() = 5776; Binder.getCallingUid() = 10128; permName: android.permission.READ_PHONE_STATE; res = -1; stacktrace=java.lang.Exception

09-03 02:05:12.911  5776  5877 I LSPosed-Bridge: 	at com.example.permlabel.requestPerm$2.afterHookedMethod(requestPerm.java:189)

09-03 02:05:12.911  5776  5877 I LSPosed-Bridge: 	at de.robv.android.xposed.XposedBridge$AdditionalHookInfo.callback(Unknown Source:147)

09-03 02:05:12.911  5776  5877 I LSPosed-Bridge: 	at LSPHooker_.checkPermission(Unknown Source:25)

09-03 02:05:12.911  5776  5877 I LSPosed-Bridge: 	at android.app.ContextImpl.checkSelfPermission(ContextImpl.java:1801)

09-03 02:05:12.911  5776  5877 I LSPosed-Bridge: 	at android.content.ContextWrapper.checkSelfPermission(ContextWrapper.java:759)

09-03 02:05:12.911  5776  5877 I LSPosed-Bridge: 	at java.lang.reflect.Method.invoke(Native Method)

09-03 02:05:12.911  5776  5877 I LSPosed-Bridge: 	at com.mob.tools.utils.ReflectHelper.invokeMethod(SourceFile:11)

09-03 02:05:12.911  5776  5877 I LSPosed-Bridge: 	at com.mob.tools.utils.ReflectHelper.invokeInstanceMethod(SourceFile:1)

09-03 02:05:12.911  5776  5877 I LSPosed-Bridge: 	at com.mob.tools.utils.DeviceHelper.checkPermission(SourceFile:3)

09-03 02:05:12.911  5776  5877 I LSPosed-Bridge: 	at com.mob.tools.utils.DeviceHelper.getSerialno(SourceFile:11)

09-03 02:05:12.911  5776  5877 I LSPosed-Bridge: 	at com.mob.commons.authorize.a.c(SourceFile:8)

09-03 02:05:12.911  5776  5877 I LSPosed-Bridge: 	at com.mob.commons.authorize.a.b(SourceFile:7)

09-03 02:05:12.911  5776  5877 I LSPosed-Bridge: 	at com.mob.commons.authorize.a.a(SourceFile:35)

09-03 02:05:12.911  5776  5877 I LSPosed-Bridge: 	at com.mob.commons.authorize.a.a(SourceFile:31)

09-03 02:05:12.911  5776  5877 I LSPosed-Bridge: 	at com.mob.commons.authorize.a.a(SourceFile:1)

09-03 02:05:12.911  5776  5877 I LSPosed-Bridge: 	at com.mob.commons.authorize.a$1.run(SourceFile:2)

09-03 02:05:12.911  5776  5877 I LSPosed-Bridge: 	at com.mob.commons.e.a(SourceFile:13)

09-03 02:05:12.911  5776  5877 I LSPosed-Bridge: 	at com.mob.commons.e.a(SourceFile:2)

09-03 02:05:12.911  5776  5877 I LSPosed-Bridge: 	at com.mob.commons.authorize.a.a(SourceFile:8)

09-03 02:05:12.911  5776  5877 I LSPosed-Bridge: 	at com.mob.commons.authorize.DeviceAuthorizer.b(SourceFile:6)

09-03 02:05:12.911  5776  5877 I LSPosed-Bridge: 	at com.mob.commons.authorize.DeviceAuthorizer.authorize(SourceFile:7)

09-03 02:05:12.911  5776  5877 I LSPosed-Bridge: 	at com.mob.MobSDK$1.run(SourceFile:2)

09-03 02:05:12.912  5776  5877 I LSPosed-Bridge: 5776 PermLabel 10128 ContextImpl.checkPermission: pid = 5776; uid = 10128; permName: android.permission.READ_PHONE_STATE; type = 1; res = -1; stacktrace=java.lang.Exception

09-03 02:05:12.912  5776  5877 I LSPosed-Bridge: 	at com.example.permlabel.requestPerm$2.afterHookedMethod(requestPerm.java:213)

09-03 02:05:12.912  5776  5877 I LSPosed-Bridge: 	at de.robv.android.xposed.XposedBridge$AdditionalHookInfo.callback(Unknown Source:147)

09-03 02:05:12.912  5776  5877 I LSPosed-Bridge: 	at LSPHooker_.checkPermission(Unknown Source:25)

09-03 02:05:12.912  5776  5877 I LSPosed-Bridge: 	at android.app.ContextImpl.checkSelfPermission(ContextImpl.java:1801)

09-03 02:05:12.912  5776  5877 I LSPosed-Bridge: 	at android.content.ContextWrapper.checkSelfPermission(ContextWrapper.java:759)

09-03 02:05:12.912  5776  5877 I LSPosed-Bridge: 	at java.lang.reflect.Method.invoke(Native Method)

09-03 02:05:12.912  5776  5877 I LSPosed-Bridge: 	at com.mob.tools.utils.ReflectHelper.invokeMethod(SourceFile:11)

09-03 02:05:12.912  5776  5877 I LSPosed-Bridge: 	at com.mob.tools.utils.ReflectHelper.invokeInstanceMethod(SourceFile:1)

09-03 02:05:12.912  5776  5877 I LSPosed-Bridge: 	at com.mob.tools.utils.DeviceHelper.checkPermission(SourceFile:3)

09-03 02:05:12.912  5776  5877 I LSPosed-Bridge: 	at com.mob.tools.utils.DeviceHelper.getSerialno(SourceFile:11)

09-03 02:05:12.912  5776  5877 I LSPosed-Bridge: 	at com.mob.commons.authorize.a.c(SourceFile:8)

09-03 02:05:12.912  5776  5877 I LSPosed-Bridge: 	at com.mob.commons.authorize.a.b(SourceFile:7)

09-03 02:05:12.912  5776  5877 I LSPosed-Bridge: 	at com.mob.commons.authorize.a.a(SourceFile:35)

09-03 02:05:12.912  5776  5877 I LSPosed-Bridge: 	at com.mob.commons.authorize.a.a(SourceFile:31)

09-03 02:05:12.912  5776  5877 I LSPosed-Bridge: 	at com.mob.commons.authorize.a.a(SourceFile:1)

09-03 02:05:12.912  5776  5877 I LSPosed-Bridge: 	at com.mob.commons.authorize.a$1.run(SourceFile:2)

09-03 02:05:12.912  5776  5877 I LSPosed-Bridge: 	at com.mob.commons.e.a(SourceFile:13)

09-03 02:05:12.912  5776  5877 I LSPosed-Bridge: 	at com.mob.commons.e.a(SourceFile:2)

09-03 02:05:12.912  5776  5877 I LSPosed-Bridge: 	at com.mob.commons.authorize.a.a(SourceFile:8)

09-03 02:05:12.912  5776  5877 I LSPosed-Bridge: 	at com.mob.commons.authorize.DeviceAuthorizer.b(SourceFile:6)

09-03 02:05:12.912  5776  5877 I LSPosed-Bridge: 	at com.mob.commons.authorize.DeviceAuthorizer.authorize(SourceFile:7)

09-03 02:05:12.912  5776  5877 I LSPosed-Bridge: 	at com.mob.MobSDK$1.run(SourceFile:2)

09-03 02:05:13.018  5776  5950 I LSPosed-Bridge: 5776 PermLabel hookBinder_test 10128 interfaceBinder =android.app.IActivityManager; arg0 = 81; arg1 = android.os.Parcel@33979bd; arg2 = android.os.Parcel@55143e0; arg3 = 0; res = true; stacktrace=java.lang.Exception

09-03 02:05:13.018  5776  5950 I LSPosed-Bridge: 	at com.example.permlabel.hookBinder_test$1.afterHookedMethod(hookBinder_test.java:58)

09-03 02:05:13.018  5776  5950 I LSPosed-Bridge: 	at de.robv.android.xposed.XposedBridge$AdditionalHookInfo.callback(Unknown Source:147)

09-03 02:05:13.018  5776  5950 I LSPosed-Bridge: 	at LSPHooker_.transact(Unknown Source:28)

09-03 02:05:13.018  5776  5950 I LSPosed-Bridge: 	at android.app.IActivityManager$Stub$Proxy.getRunningAppProcesses(IActivityManager.java:5366)

09-03 02:05:13.018  5776  5950 I LSPosed-Bridge: 	at android.app.ActivityManager.getRunningAppProcesses(ActivityManager.java:3435)

09-03 02:05:13.018  5776  5950 I LSPosed-Bridge: 	at java.lang.reflect.Method.invoke(Native Method)

09-03 02:05:13.018  5776  5950 I LSPosed-Bridge: 	at org.lsposed.lspd.nativebridge.HookBridge.invokeOriginalMethod(Native Method)

09-03 02:05:13.018  5776  5950 I LSPosed-Bridge: 	at de.robv.android.xposed.XposedBridge$AdditionalHookInfo.callback(Unknown Source:110)

09-03 02:05:13.018  5776  5950 I LSPosed-Bridge: 	at LSPHooker_.getRunningAppProcesses(Unknown Source:8)

09-03 02:05:13.018  5776  5950 I LSPosed-Bridge: 	at com.mob.tools.utils.DeviceHelper.isBackground(SourceFile:3)

09-03 02:05:13.018  5776  5950 I LSPosed-Bridge: 	at com.mob.tools.utils.DeviceHelper.amIOnForeground(SourceFile:2)

09-03 02:05:13.018  5776  5950 I LSPosed-Bridge: 	at cn.sharesdk.framework.b.d.c(SourceFile:24)

09-03 02:05:13.018  5776  5950 I LSPosed-Bridge: 	at cn.sharesdk.framework.b.d.b(SourceFile:35)

09-03 02:05:13.018  5776  5950 I LSPosed-Bridge: 	at cn.sharesdk.framework.b.d.b(SourceFile:32)

09-03 02:05:13.018  5776  5950 I LSPosed-Bridge: 	at cn.sharesdk.framework.utils.e.handleMessage(SourceFile:2)

09-03 02:05:13.018  5776  5950 I LSPosed-Bridge: 	at android.os.Handler.dispatchMessage(Handler.java:102)

09-03 02:05:13.018  5776  5950 I LSPosed-Bridge: 	at android.os.Looper.loop(Looper.java:193)

09-03 02:05:13.018  5776  5950 I LSPosed-Bridge: 	at com.mob.tools.MobHandlerThread.run(SourceFile:11)

09-03 02:05:13.018  5776  5950 I LSPosed-Bridge: 	at com.mob.tools.MobHandlerThread$1.run(SourceFile:3)

09-03 02:05:13.018  5776  5852 I LSPosed-Bridge: 5776 PermLabel hookBinder_test 10128 interfaceBinder =android.content.pm.IPackageManager; arg0 = 34; arg1 = android.os.Parcel@e3bf1ab; arg2 = android.os.Parcel@bb60de3; arg3 = 0; res = true; stacktrace=java.lang.Exception

09-03 02:05:13.018  5776  5852 I LSPosed-Bridge: 	at com.example.permlabel.hookBinder_test$1.afterHookedMethod(hookBinder_test.java:58)

09-03 02:05:13.018  5776  5852 I LSPosed-Bridge: 	at de.robv.android.xposed.XposedBridge$AdditionalHookInfo.callback(Unknown Source:147)

09-03 02:05:13.018  5776  5852 I LSPosed-Bridge: 	at LSPHooker_.transact(Unknown Source:28)

09-03 02:05:13.018  5776  5852 I LSPosed-Bridge: 	at android.content.pm.IPackageManager$Stub$Proxy.getPackagesForUid(IPackageManager.java:3558)

09-03 02:05:13.018  5776  5852 I LSPosed-Bridge: 	at android.app.ApplicationPackageManager.getPackagesForUid(ApplicationPackageManager.java:731)

09-03 02:05:13.018  5776  5950 I LSPosed-Bridge: 5776 PermLabel getRunningAppProcesses =android.app.ActivityManager$RunningAppProcessInfo@a6b1d13

09-03 02:05:13.018  5776  5950 I LSPosed-Bridge: 5776 PermLabel getRunningAppProcesses processName: com.ataolu.android pid: 5776

09-03 02:05:13.018  5776  5950 I LSPosed-Bridge: 5776 PermLabel getRunningAppProcesses importance: 100 pid: 5776

09-03 02:05:13.018  5776  5950 I LSPosed-Bridge: 5776 PermLabel getRunningAppProcesses packageName com.ataolu.android at index 0 in process 5776

09-03 02:05:13.018  5776  5852 I LSPosed-Bridge: 5776 PermLabel hookBinder_test 10128 interfaceBinder =android.content.pm.IPackageManager; arg0 = 34; arg1 = android.os.Parcel@55143e0; arg2 = android.os.Parcel@bb60de3; arg3 = 0; res = true; stacktrace=java.lang.Exception

09-03 02:05:13.018  5776  5852 I LSPosed-Bridge: 	at com.example.permlabel.hookBinder_test$1.afterHookedMethod(hookBinder_test.java:58)

09-03 02:05:13.018  5776  5852 I LSPosed-Bridge: 	at de.robv.android.xposed.XposedBridge$AdditionalHookInfo.callback(Unknown Source:147)

09-03 02:05:13.018  5776  5852 I LSPosed-Bridge: 	at LSPHooker_.transact(Unknown Source:28)

09-03 02:05:13.018  5776  5852 I LSPosed-Bridge: 	at android.content.pm.IPackageManager$Stub$Proxy.getPackagesForUid(IPackageManager.java:3558)

09-03 02:05:13.018  5776  5852 I LSPosed-Bridge: 	at android.app.ApplicationPackageManager.getPackagesForUid(ApplicationPackageManager.java:731)

09-03 02:05:13.018  5776  5950 I LSPosed-Bridge: 5776 PermLabel permName: android.permission.READ_PHONE_STATE; getRunningAppProcesses =[android.app.ActivityManager$RunningAppProcessInfo@a6b1d13]; stacktrace=java.lang.Exception

09-03 02:05:13.018  5776  5950 I LSPosed-Bridge: 	at com.example.permlabel.hookBinder_test$2.afterHookedMethod(hookBinder_test.java:98)

09-03 02:05:13.018  5776  5950 I LSPosed-Bridge: 	at de.robv.android.xposed.XposedBridge$AdditionalHookInfo.callback(Unknown Source:147)

09-03 02:05:13.018  5776  5950 I LSPosed-Bridge: 	at LSPHooker_.getRunningAppProcesses(Unknown Source:8)

09-03 02:05:13.018  5776  5950 I LSPosed-Bridge: 	at com.mob.tools.utils.DeviceHelper.isBackground(SourceFile:3)

09-03 02:05:13.018  5776  5950 I LSPosed-Bridge: 	at com.mob.tools.utils.DeviceHelper.amIOnForeground(SourceFile:2)

09-03 02:05:13.018  5776  5950 I LSPosed-Bridge: 	at cn.sharesdk.framework.b.d.c(SourceFile:24)

09-03 02:05:13.018  5776  5950 I LSPosed-Bridge: 	at cn.sharesdk.framework.b.d.b(SourceFile:35)

09-03 02:05:13.018  5776  5950 I LSPosed-Bridge: 	at cn.sharesdk.framework.b.d.b(SourceFile:32)

09-03 02:05:13.018  5776  5950 I LSPosed-Bridge: 	at cn.sharesdk.framework.utils.e.handleMessage(SourceFile:2)

09-03 02:05:13.018  5776  5950 I LSPosed-Bridge: 	at android.os.Handler.dispatchMessage(Handler.java:102)

09-03 02:05:13.018  5776  5950 I LSPosed-Bridge: 	at android.os.Looper.loop(Looper.java:193)

09-03 02:05:13.018  5776  5950 I LSPosed-Bridge: 	at com.mob.tools.MobHandlerThread.run(SourceFile:11)

09-03 02:05:13.018  5776  5950 I LSPosed-Bridge: 	at com.mob.tools.MobHandlerThread$1.run(SourceFile:3)

09-03 02:05:13.018  5776  5852 I LSPosed-Bridge: 5776 PermLabel hookBinder_test 10128 interfaceBinder =android.content.pm.IPackageManager; arg0 = 34; arg1 = android.os.Parcel@bb60de3; arg2 = android.os.Parcel@55143e0; arg3 = 0; res = true; stacktrace=java.lang.Exception

09-03 02:05:13.018  5776  5852 I LSPosed-Bridge: 	at com.example.permlabel.hookBinder_test$1.afterHookedMethod(hookBinder_test.java:58)

09-03 02:05:13.018  5776  5852 I LSPosed-Bridge: 	at de.robv.android.xposed.XposedBridge$AdditionalHookInfo.callback(Unknown Source:147)

09-03 02:05:13.018  5776  5852 I LSPosed-Bridge: 	at LSPHooker_.transact(Unknown Source:28)

09-03 02:05:13.018  5776  5852 I LSPosed-Bridge: 	at android.content.pm.IPackageManager$Stub$Proxy.getPackagesForUid(IPackageManager.java:3558)

09-03 02:05:13.018  5776  5852 I LSPosed-Bridge: 	at android.app.ApplicationPackageManager.getPackagesForUid(ApplicationPackageManager.java:731)

09-03 02:05:13.030  5776  5965 I LSPosed-Bridge: 5776 PermLabel hookBinder_test 10128 interfaceBinder =android.app.IActivityManager; arg0 = 81; arg1 = android.os.Parcel@e71adb6; arg2 = android.os.Parcel@a68b194; arg3 = 0; res = true; stacktrace=java.lang.Exception

09-03 02:05:13.030  5776  5965 I LSPosed-Bridge: 	at com.example.permlabel.hookBinder_test$1.afterHookedMethod(hookBinder_test.java:58)

09-03 02:05:13.030  5776  5965 I LSPosed-Bridge: 	at de.robv.android.xposed.XposedBridge$AdditionalHookInfo.callback(Unknown Source:147)

09-03 02:05:13.030  5776  5965 I LSPosed-Bridge: 	at LSPHooker_.transact(Unknown Source:28)

09-03 02:05:13.030  5776  5965 I LSPosed-Bridge: 	at android.app.IActivityManager$Stub$Proxy.getRunningAppProcesses(IActivityManager.java:5366)

09-03 02:05:13.030  5776  5965 I LSPosed-Bridge: 	at android.app.ActivityManager.getRunningAppProcesses(ActivityManager.java:3435)

09-03 02:05:13.030  5776  5965 I LSPosed-Bridge: 	at java.lang.reflect.Method.invoke(Native Method)

09-03 02:05:13.030  5776  5965 I LSPosed-Bridge: 	at org.lsposed.lspd.nativebridge.HookBridge.invokeOriginalMethod(Native Method)

09-03 02:05:13.030  5776  5965 I LSPosed-Bridge: 	at de.robv.android.xposed.XposedBridge$AdditionalHookInfo.callback(Unknown Source:110)

09-03 02:05:13.030  5776  5965 I LSPosed-Bridge: 	at LSPHooker_.getRunningAppProcesses(Unknown Source:8)

09-03 02:05:13.030  5776  5965 I LSPosed-Bridge: 	at com.baidu.lbsapi.auth.LBSAuthManager.a(Unknown Source:12)

09-03 02:05:13.030  5776  5965 I LSPosed-Bridge: 	at com.baidu.lbsapi.auth.LBSAuthManager.c(Unknown Source:14)

09-03 02:05:13.030  5776  5965 I LSPosed-Bridge: 	at com.baidu.lbsapi.auth.LBSAuthManager.a(Unknown Source:53)

09-03 02:05:13.030  5776  5965 I LSPosed-Bridge: 	at com.baidu.lbsapi.auth.LBSAuthManager.a(Unknown Source:0)

09-03 02:05:13.030  5776  5965 I LSPosed-Bridge: 	at com.baidu.lbsapi.auth.j.a(Unknown Source:4)

09-03 02:05:13.030  5776  5965 I LSPosed-Bridge: 	at com.baidu.lbsapi.auth.j.a(Unknown Source:2)

09-03 02:05:13.030  5776  5965 I LSPosed-Bridge: 	at com.baidu.lbsapi.auth.c.a(Unknown Source:43)

09-03 02:05:13.030  5776  5965 I LSPosed-Bridge: 	at com.baidu.lbsapi.auth.c.a(Unknown Source:0)

09-03 02:05:13.030  5776  5965 I LSPosed-Bridge: 	at com.baidu.lbsapi.auth.d.run(Unknown Source:55)

09-03 02:05:13.030  5776  5965 I LSPosed-Bridge: 	at java.lang.Thread.run(Thread.java:764)

09-03 02:05:13.030  5776  5965 I LSPosed-Bridge: 5776 PermLabel getRunningAppProcesses =android.app.ActivityManager$RunningAppProcessInfo@cd4a0f3

09-03 02:05:13.030  5776  5965 I LSPosed-Bridge: 5776 PermLabel getRunningAppProcesses processName: com.ataolu.android pid: 5776

09-03 02:05:13.030  5776  5965 I LSPosed-Bridge: 5776 PermLabel getRunningAppProcesses importance: 100 pid: 5776

09-03 02:05:13.030  5776  5965 I LSPosed-Bridge: 5776 PermLabel getRunningAppProcesses packageName com.ataolu.android at index 0 in process 5776

09-03 02:05:13.030  5776  5852 I LSPosed-Bridge: 5776 PermLabel hookBinder_test 10128 interfaceBinder =android.content.pm.IPackageManager; arg0 = 34; arg1 = android.os.Parcel@e3bf1ab; arg2 = android.os.Parcel@33979bd; arg3 = 0; res = true; stacktrace=java.lang.Exception

09-03 02:05:13.030  5776  5852 I LSPosed-Bridge: 	at com.example.permlabel.hookBinder_test$1.afterHookedMethod(hookBinder_test.java:58)

09-03 02:05:13.030  5776  5852 I LSPosed-Bridge: 	at de.robv.android.xposed.XposedBridge$AdditionalHookInfo.callback(Unknown Source:147)

09-03 02:05:13.030  5776  5852 I LSPosed-Bridge: 	at LSPHooker_.transact(Unknown Source:28)

09-03 02:05:13.030  5776  5852 I LSPosed-Bridge: 	at android.content.pm.IPackageManager$Stub$Proxy.getPackagesForUid(IPackageManager.java:3558)

09-03 02:05:13.030  5776  5852 I LSPosed-Bridge: 	at android.app.ApplicationPackageManager.getPackagesForUid(ApplicationPackageManager.java:731)

09-03 02:05:13.030  5776  5965 I LSPosed-Bridge: 5776 PermLabel permName: android.permission.READ_PHONE_STATE; getRunningAppProcesses =[android.app.ActivityManager$RunningAppProcessInfo@cd4a0f3]; stacktrace=java.lang.Exception

09-03 02:05:13.030  5776  5965 I LSPosed-Bridge: 	at com.example.permlabel.hookBinder_test$2.afterHookedMethod(hookBinder_test.java:98)

09-03 02:05:13.030  5776  5965 I LSPosed-Bridge: 	at de.robv.android.xposed.XposedBridge$AdditionalHookInfo.callback(Unknown Source:147)

09-03 02:05:13.030  5776  5965 I LSPosed-Bridge: 	at LSPHooker_.getRunningAppProcesses(Unknown Source:8)

09-03 02:05:13.030  5776  5965 I LSPosed-Bridge: 	at com.baidu.lbsapi.auth.LBSAuthManager.a(Unknown Source:12)

09-03 02:05:13.030  5776  5965 I LSPosed-Bridge: 	at com.baidu.lbsapi.auth.LBSAuthManager.c(Unknown Source:14)

09-03 02:05:13.030  5776  5965 I LSPosed-Bridge: 	at com.baidu.lbsapi.auth.LBSAuthManager.a(Unknown Source:53)

09-03 02:05:13.030  5776  5965 I LSPosed-Bridge: 	at com.baidu.lbsapi.auth.LBSAuthManager.a(Unknown Source:0)

09-03 02:05:13.030  5776  5965 I LSPosed-Bridge: 	at com.baidu.lbsapi.auth.j.a(Unknown Source:4)

09-03 02:05:13.030  5776  5965 I LSPosed-Bridge: 	at com.baidu.lbsapi.auth.j.a(Unknown Source:2)

09-03 02:05:13.030  5776  5965 I LSPosed-Bridge: 	at com.baidu.lbsapi.auth.c.a(Unknown Source:43)

09-03 02:05:13.030  5776  5965 I LSPosed-Bridge: 	at com.baidu.lbsapi.auth.c.a(Unknown Source:0)

09-03 02:05:13.030  5776  5965 I LSPosed-Bridge: 	at com.baidu.lbsapi.auth.d.run(Unknown Source:55)

09-03 02:05:13.030  5776  5965 I LSPosed-Bridge: 	at java.lang.Thread.run(Thread.java:764)

09-03 02:05:13.030  5776  5852 I LSPosed-Bridge: 5776 PermLabel hookBinder_test 10128 interfaceBinder =android.content.pm.IPackageManager; arg0 = 34; arg1 = android.os.Parcel@55143e0; arg2 = android.os.Parcel@bb60de3; arg3 = 0; res = true; stacktrace=java.lang.Exception

09-03 02:05:13.030  5776  5852 I LSPosed-Bridge: 	at com.example.permlabel.hookBinder_test$1.afterHookedMethod(hookBinder_test.java:58)

09-03 02:05:13.030  5776  5852 I LSPosed-Bridge: 	at de.robv.android.xposed.XposedBridge$AdditionalHookInfo.callback(Unknown Source:147)

09-03 02:05:13.030  5776  5852 I LSPosed-Bridge: 	at LSPHooker_.transact(Unknown Source:28)

09-03 02:05:13.030  5776  5852 I LSPosed-Bridge: 	at android.content.pm.IPackageManager$Stub$Proxy.getPackagesForUid(IPackageManager.java:3558)

09-03 02:05:13.030  5776  5852 I LSPosed-Bridge: 	at android.app.ApplicationPackageManager.getPackagesForUid(ApplicationPackageManager.java:731)

09-03 02:05:13.030  5776  5852 I LSPosed-Bridge: 5776 PermLabel hookBinder_test 10128 interfaceBinder =android.content.pm.IPackageManager; arg0 = 34; arg1 = android.os.Parcel@bb60de3; arg2 = android.os.Parcel@55143e0; arg3 = 0; res = true; stacktrace=java.lang.Exception

09-03 02:05:13.030  5776  5852 I LSPosed-Bridge: 	at com.example.permlabel.hookBinder_test$1.afterHookedMethod(hookBinder_test.java:58)

09-03 02:05:13.030  5776  5852 I LSPosed-Bridge: 	at de.robv.android.xposed.XposedBridge$AdditionalHookInfo.callback(Unknown Source:147)

09-03 02:05:13.030  5776  5852 I LSPosed-Bridge: 	at LSPHooker_.transact(Unknown Source:28)

09-03 02:05:13.030  5776  5852 I LSPosed-Bridge: 	at android.content.pm.IPackageManager$Stub$Proxy.getPackagesForUid(IPackageManager.java:3558)

09-03 02:05:13.030  5776  5852 I LSPosed-Bridge: 	at android.app.ApplicationPackageManager.getPackagesForUid(ApplicationPackageManager.java:731)

09-03 02:05:13.278  5776  5852 I LSPosed-Bridge: 5776 PermLabel hookBinder_test 10128 interfaceBinder =android.content.pm.IPackageManager; arg0 = 34; arg1 = android.os.Parcel@c3af611; arg2 = android.os.Parcel@fe55638; arg3 = 0; res = true; stacktrace=java.lang.Exception

09-03 02:05:13.278  5776  5852 I LSPosed-Bridge: 5776 PermLabel hookBinder_test 10128 interfaceBinder =android.content.pm.IPackageManager; arg0 = 34; arg1 = android.os.Parcel@c3af611; arg2 = android.os.Parcel@fe55638; arg3 = 0; res = true; stacktrace=java.lang.Exception

09-03 02:05:13.278  5776  5852 I LSPosed-Bridge: 	at com.example.permlabel.hookBinder_test$1.afterHookedMethod(hookBinder_test.java:58)

09-03 02:05:13.278  5776  5852 I LSPosed-Bridge: 	at com.example.permlabel.hookBinder_test$1.afterHookedMethod(hookBinder_test.java:58)

09-03 02:05:13.278  5776  5852 I LSPosed-Bridge: 	at de.robv.android.xposed.XposedBridge$AdditionalHookInfo.callback(Unknown Source:147)

09-03 02:05:13.278  5776  5852 I LSPosed-Bridge: 	at de.robv.android.xposed.XposedBridge$AdditionalHookInfo.callback(Unknown Source:147)

09-03 02:05:13.278  5776  5852 I LSPosed-Bridge: 	at LSPHooker_.transact(Unknown Source:28)

09-03 02:05:13.278  5776  5852 I LSPosed-Bridge: 	at LSPHooker_.transact(Unknown Source:28)

09-03 02:05:13.278  5776  5852 I LSPosed-Bridge: 	at android.content.pm.IPackageManager$Stub$Proxy.getPackagesForUid(IPackageManager.java:3558)

09-03 02:05:13.278  5776  5852 I LSPosed-Bridge: 	at android.content.pm.IPackageManager$Stub$Proxy.getPackagesForUid(IPackageManager.java:3558)

09-03 02:05:13.278  5776  5852 I LSPosed-Bridge: 	at android.app.ApplicationPackageManager.getPackagesForUid(ApplicationPackageManager.java:731)

09-03 02:05:13.278  5776  5852 I LSPosed-Bridge: 	at android.app.ApplicationPackageManager.getPackagesForUid(ApplicationPackageManager.java:731)

09-03 02:05:13.278  5776  6057 I LSPosed-Bridge: 5776 PermLabel hookBinder_test 10128 interfaceBinder =android.content.pm.IPackageManager; arg0 = 9; arg1 = android.os.Parcel@e71adb6; arg2 = android.os.Parcel@29bf3be; arg3 = 0; res = true; stacktrace=java.lang.Exception

09-03 02:05:13.278  5776  6057 I LSPosed-Bridge: 5776 PermLabel hookBinder_test 10128 interfaceBinder =android.content.pm.IPackageManager; arg0 = 9; arg1 = android.os.Parcel@e71adb6; arg2 = android.os.Parcel@29bf3be; arg3 = 0; res = true; stacktrace=java.lang.Exception

09-03 02:05:13.278  5776  6057 I LSPosed-Bridge: 	at com.example.permlabel.hookBinder_test$1.afterHookedMethod(hookBinder_test.java:58)

09-03 02:05:13.278  5776  6057 I LSPosed-Bridge: 	at com.example.permlabel.hookBinder_test$1.afterHookedMethod(hookBinder_test.java:58)

09-03 02:05:13.278  5776  6057 I LSPosed-Bridge: 	at de.robv.android.xposed.XposedBridge$AdditionalHookInfo.callback(Unknown Source:147)

09-03 02:05:13.278  5776  6057 I LSPosed-Bridge: 	at de.robv.android.xposed.XposedBridge$AdditionalHookInfo.callback(Unknown Source:147)

09-03 02:05:13.278  5776  6057 I LSPosed-Bridge: 	at LSPHooker_.transact(Unknown Source:28)

09-03 02:05:13.278  5776  6057 I LSPosed-Bridge: 	at LSPHooker_.transact(Unknown Source:28)

09-03 02:05:13.278  5776  6057 I LSPosed-Bridge: 	at android.content.pm.IPackageManager$Stub$Proxy.getPermissionInfo(IPackageManager.java:3008)

09-03 02:05:13.278  5776  6057 I LSPosed-Bridge: 	at android.content.pm.IPackageManager$Stub$Proxy.getPermissionInfo(IPackageManager.java:3008)

09-03 02:05:13.278  5776  6057 I LSPosed-Bridge: 	at android.app.ApplicationPackageManager.getPermissionInfo(ApplicationPackageManager.java:306)

09-03 02:05:13.278  5776  6057 I LSPosed-Bridge: 	at android.app.ApplicationPackageManager.getPermissionInfo(ApplicationPackageManager.java:306)

09-03 02:05:13.278  5776  6057 I LSPosed-Bridge: 	at com.example.permlabel.requestPerm$2.afterHookedMethod(requestPerm.java:179)

09-03 02:05:13.278  5776  6057 I LSPosed-Bridge: 	at com.example.permlabel.requestPerm$2.afterHookedMethod(requestPerm.java:179)

09-03 02:05:13.278  5776  6057 I LSPosed-Bridge: 	at de.robv.android.xposed.XposedBridge$AdditionalHookInfo.callback(Unknown Source:147)

09-03 02:05:13.278  5776  6057 I LSPosed-Bridge: 	at de.robv.android.xposed.XposedBridge$AdditionalHookInfo.callback(Unknown Source:147)

09-03 02:05:13.278  5776  6057 I LSPosed-Bridge: 	at LSPHooker_.checkPermission(Unknown Source:25)

09-03 02:05:13.278  5776  6057 I LSPosed-Bridge: 	at LSPHooker_.checkPermission(Unknown Source:25)

09-03 02:05:13.278  5776  6057 I LSPosed-Bridge: 	at android.app.ContextImpl.checkCallingOrSelfPermission(ContextImpl.java:1791)

09-03 02:05:13.278  5776  6057 I LSPosed-Bridge: 	at android.app.ContextImpl.checkCallingOrSelfPermission(ContextImpl.java:1791)

09-03 02:05:13.278  5776  6057 I LSPosed-Bridge: 	at android.content.ContextWrapper.checkCallingOrSelfPermission(ContextWrapper.java:754)

09-03 02:05:13.278  5776  6057 I LSPosed-Bridge: 	at android.content.ContextWrapper.checkCallingOrSelfPermission(ContextWrapper.java:754)

09-03 02:05:13.278  5776  6057 I LSPosed-Bridge: 	at com.baidu.mobstat.co.e(SourceFile:1)

09-03 02:05:13.278  5776  6057 I LSPosed-Bridge: 	at com.baidu.mobstat.co.e(SourceFile:1)

09-03 02:05:13.278  5776  6057 I LSPosed-Bridge: 	at com.baidu.mobstat.bq.a(SourceFile:9)

09-03 02:05:13.278  5776  6057 I LSPosed-Bridge: 	at com.baidu.mobstat.bq.a(SourceFile:9)

09-03 02:05:13.278  5776  6057 I LSPosed-Bridge: 	at com.baidu.mobstat.bh.a(SourceFile:7)

09-03 02:05:13.278  5776  6057 I LSPosed-Bridge: 	at com.baidu.mobstat.bh.a(SourceFile:7)

09-03 02:05:13.278  5776  6057 I LSPosed-Bridge: 	at com.baidu.mobstat.bp.a(SourceFile:6)

09-03 02:05:13.278  5776  6057 I LSPosed-Bridge: 	at com.baidu.mobstat.bp.a(SourceFile:6)

09-03 02:05:13.278  5776  6057 I LSPosed-Bridge: 	at com.baidu.mobstat.PrefOperate.loadMetaDataConfig(SourceFile:4)

09-03 02:05:13.278  5776  6057 I LSPosed-Bridge: 	at com.baidu.mobstat.PrefOperate.loadMetaDataConfig(SourceFile:4)

09-03 02:05:13.278  5776  6057 I LSPosed-Bridge: 	at com.baidu.mobstat.LoadCache.initNeededData(SourceFile:3)

09-03 02:05:13.278  5776  6057 I LSPosed-Bridge: 	at com.baidu.mobstat.LoadCache.initNeededData(SourceFile:3)

09-03 02:05:13.278  5776  6057 I LSPosed-Bridge: 	at com.baidu.mobstat.bs.run(SourceFile:1)

09-03 02:05:13.278  5776  6057 I LSPosed-Bridge: 	at com.baidu.mobstat.bs.run(SourceFile:1)

09-03 02:05:13.278  5776  5852 I LSPosed-Bridge: 5776 PermLabel hookBinder_test 10128 interfaceBinder =android.content.pm.IPackageManager; arg0 = 34; arg1 = android.os.Parcel@fe55638; arg2 = android.os.Parcel@c3af611; arg3 = 0; res = true; stacktrace=java.lang.Exception

09-03 02:05:13.278  5776  5852 I LSPosed-Bridge: 5776 PermLabel hookBinder_test 10128 interfaceBinder =android.content.pm.IPackageManager; arg0 = 34; arg1 = android.os.Parcel@fe55638; arg2 = android.os.Parcel@c3af611; arg3 = 0; res = true; stacktrace=java.lang.Exception

09-03 02:05:13.278  5776  5852 I LSPosed-Bridge: 	at com.example.permlabel.hookBinder_test$1.afterHookedMethod(hookBinder_test.java:58)

09-03 02:05:13.278  5776  5852 I LSPosed-Bridge: 	at com.example.permlabel.hookBinder_test$1.afterHookedMethod(hookBinder_test.java:58)

09-03 02:05:13.278  5776  5852 I LSPosed-Bridge: 	at de.robv.android.xposed.XposedBridge$AdditionalHookInfo.callback(Unknown Source:147)

09-03 02:05:13.278  5776  5852 I LSPosed-Bridge: 	at de.robv.android.xposed.XposedBridge$AdditionalHookInfo.callback(Unknown Source:147)

09-03 02:05:13.278  5776  5852 I LSPosed-Bridge: 	at LSPHooker_.transact(Unknown Source:28)

09-03 02:05:13.278  5776  5852 I LSPosed-Bridge: 	at LSPHooker_.transact(Unknown Source:28)

09-03 02:05:13.278  5776  5852 I LSPosed-Bridge: 	at android.content.pm.IPackageManager$Stub$Proxy.getPackagesForUid(IPackageManager.java:3558)

09-03 02:05:13.278  5776  5852 I LSPosed-Bridge: 	at android.content.pm.IPackageManager$Stub$Proxy.getPackagesForUid(IPackageManager.java:3558)

09-03 02:05:13.278  5776  5852 I LSPosed-Bridge: 	at android.app.ApplicationPackageManager.getPackagesForUid(ApplicationPackageManager.java:731)

09-03 02:05:13.278  5776  5852 I LSPosed-Bridge: 	at android.app.ApplicationPackageManager.getPackagesForUid(ApplicationPackageManager.java:731)

09-03 02:05:13.278  5776  6057 I LSPosed-Bridge: 5776 PermLabel 10128 ContextImpl Binder.getCallingPid() = 5776; Binder.getCallingUid() = 10128; permName: android.permission.READ_PHONE_STATE; res = -1; stacktrace=java.lang.Exception

09-03 02:05:13.278  5776  6057 I LSPosed-Bridge: 5776 PermLabel 10128 ContextImpl Binder.getCallingPid() = 5776; Binder.getCallingUid() = 10128; permName: android.permission.READ_PHONE_STATE; res = -1; stacktrace=java.lang.Exception

09-03 02:05:13.278  5776  6057 I LSPosed-Bridge: 	at com.example.permlabel.requestPerm$2.afterHookedMethod(requestPerm.java:189)

09-03 02:05:13.278  5776  6057 I LSPosed-Bridge: 	at com.example.permlabel.requestPerm$2.afterHookedMethod(requestPerm.java:189)

09-03 02:05:13.278  5776  6057 I LSPosed-Bridge: 	at de.robv.android.xposed.XposedBridge$AdditionalHookInfo.callback(Unknown Source:147)

09-03 02:05:13.278  5776  6057 I LSPosed-Bridge: 	at de.robv.android.xposed.XposedBridge$AdditionalHookInfo.callback(Unknown Source:147)

09-03 02:05:13.278  5776  6057 I LSPosed-Bridge: 	at LSPHooker_.checkPermission(Unknown Source:25)

09-03 02:05:13.278  5776  6057 I LSPosed-Bridge: 	at LSPHooker_.checkPermission(Unknown Source:25)

09-03 02:05:13.278  5776  6057 I LSPosed-Bridge: 	at android.app.ContextImpl.checkCallingOrSelfPermission(ContextImpl.java:1791)

09-03 02:05:13.278  5776  6057 I LSPosed-Bridge: 	at android.app.ContextImpl.checkCallingOrSelfPermission(ContextImpl.java:1791)

09-03 02:05:13.278  5776  6057 I LSPosed-Bridge: 	at android.content.ContextWrapper.checkCallingOrSelfPermission(ContextWrapper.java:754)

09-03 02:05:13.278  5776  6057 I LSPosed-Bridge: 	at android.content.ContextWrapper.checkCallingOrSelfPermission(ContextWrapper.java:754)

09-03 02:05:13.278  5776  6057 I LSPosed-Bridge: 	at com.baidu.mobstat.co.e(SourceFile:1)

09-03 02:05:13.278  5776  6057 I LSPosed-Bridge: 	at com.baidu.mobstat.co.e(SourceFile:1)

09-03 02:05:13.278  5776  6057 I LSPosed-Bridge: 	at com.baidu.mobstat.bq.a(SourceFile:9)

09-03 02:05:13.278  5776  6057 I LSPosed-Bridge: 	at com.baidu.mobstat.bq.a(SourceFile:9)

09-03 02:05:13.278  5776  6057 I LSPosed-Bridge: 	at com.baidu.mobstat.bh.a(SourceFile:7)

09-03 02:05:13.278  5776  6057 I LSPosed-Bridge: 	at com.baidu.mobstat.bh.a(SourceFile:7)

09-03 02:05:13.278  5776  6057 I LSPosed-Bridge: 	at com.baidu.mobstat.bp.a(SourceFile:6)

09-03 02:05:13.278  5776  6057 I LSPosed-Bridge: 	at com.baidu.mobstat.bp.a(SourceFile:6)

09-03 02:05:13.278  5776  6057 I LSPosed-Bridge: 	at com.baidu.mobstat.PrefOperate.loadMetaDataConfig(SourceFile:4)

09-03 02:05:13.278  5776  6057 I LSPosed-Bridge: 	at com.baidu.mobstat.PrefOperate.loadMetaDataConfig(SourceFile:4)

09-03 02:05:13.278  5776  6057 I LSPosed-Bridge: 	at com.baidu.mobstat.LoadCache.initNeededData(SourceFile:3)

09-03 02:05:13.278  5776  6057 I LSPosed-Bridge: 	at com.baidu.mobstat.LoadCache.initNeededData(SourceFile:3)

09-03 02:05:13.278  5776  6057 I LSPosed-Bridge: 	at com.baidu.mobstat.bs.run(SourceFile:1)

09-03 02:05:13.278  5776  6057 I LSPosed-Bridge: 	at com.baidu.mobstat.bs.run(SourceFile:1)

09-03 02:05:13.278  5776  6057 I LSPosed-Bridge: 5776 PermLabel 10128 ContextImpl.checkPermission: pid = 5776; uid = 10128; permName: android.permission.READ_PHONE_STATE; type = 1; res = -1; stacktrace=java.lang.Exception

09-03 02:05:13.278  5776  6057 I LSPosed-Bridge: 5776 PermLabel 10128 ContextImpl.checkPermission: pid = 5776; uid = 10128; permName: android.permission.READ_PHONE_STATE; type = 1; res = -1; stacktrace=java.lang.Exception

09-03 02:05:13.278  5776  6057 I LSPosed-Bridge: 	at com.example.permlabel.requestPerm$2.afterHookedMethod(requestPerm.java:213)

09-03 02:05:13.278  5776  6057 I LSPosed-Bridge: 	at com.example.permlabel.requestPerm$2.afterHookedMethod(requestPerm.java:213)

09-03 02:05:13.278  5776  6057 I LSPosed-Bridge: 	at de.robv.android.xposed.XposedBridge$AdditionalHookInfo.callback(Unknown Source:147)

09-03 02:05:13.278  5776  6057 I LSPosed-Bridge: 	at de.robv.android.xposed.XposedBridge$AdditionalHookInfo.callback(Unknown Source:147)

09-03 02:05:13.278  5776  6057 I LSPosed-Bridge: 	at LSPHooker_.checkPermission(Unknown Source:25)

09-03 02:05:13.278  5776  6057 I LSPosed-Bridge: 	at LSPHooker_.checkPermission(Unknown Source:25)

09-03 02:05:13.278  5776  6057 I LSPosed-Bridge: 	at android.app.ContextImpl.checkCallingOrSelfPermission(ContextImpl.java:1791)

09-03 02:05:13.278  5776  6057 I LSPosed-Bridge: 	at android.app.ContextImpl.checkCallingOrSelfPermission(ContextImpl.java:1791)

09-03 02:05:13.278  5776  6057 I LSPosed-Bridge: 	at android.content.ContextWrapper.checkCallingOrSelfPermission(ContextWrapper.java:754)

09-03 02:05:13.278  5776  6057 I LSPosed-Bridge: 	at android.content.ContextWrapper.checkCallingOrSelfPermission(ContextWrapper.java:754)

09-03 02:05:13.278  5776  6057 I LSPosed-Bridge: 	at com.baidu.mobstat.co.e(SourceFile:1)

09-03 02:05:13.278  5776  6057 I LSPosed-Bridge: 	at com.baidu.mobstat.co.e(SourceFile:1)

09-03 02:05:13.278  5776  6057 I LSPosed-Bridge: 	at com.baidu.mobstat.bq.a(SourceFile:9)

09-03 02:05:13.278  5776  6057 I LSPosed-Bridge: 	at com.baidu.mobstat.bq.a(SourceFile:9)

09-03 02:05:13.278  5776  6057 I LSPosed-Bridge: 	at com.baidu.mobstat.bh.a(SourceFile:7)

09-03 02:05:13.278  5776  6057 I LSPosed-Bridge: 	at com.baidu.mobstat.bh.a(SourceFile:7)

09-03 02:05:13.278  5776  6057 I LSPosed-Bridge: 	at com.baidu.mobstat.bp.a(SourceFile:6)

09-03 02:05:13.278  5776  6057 I LSPosed-Bridge: 	at com.baidu.mobstat.bp.a(SourceFile:6)

09-03 02:05:13.278  5776  6057 I LSPosed-Bridge: 	at com.baidu.mobstat.PrefOperate.loadMetaDataConfig(SourceFile:4)

09-03 02:05:13.278  5776  6057 I LSPosed-Bridge: 	at com.baidu.mobstat.PrefOperate.loadMetaDataConfig(SourceFile:4)

09-03 02:05:13.278  5776  6057 I LSPosed-Bridge: 	at com.baidu.mobstat.LoadCache.initNeededData(SourceFile:3)

09-03 02:05:13.278  5776  6057 I LSPosed-Bridge: 	at com.baidu.mobstat.LoadCache.initNeededData(SourceFile:3)

09-03 02:05:13.278  5776  6057 I LSPosed-Bridge: 	at com.baidu.mobstat.bs.run(SourceFile:1)

09-03 02:05:13.278  5776  6057 I LSPosed-Bridge: 	at com.baidu.mobstat.bs.run(SourceFile:1)

09-03 02:05:13.278  5776  5852 I LSPosed-Bridge: 5776 PermLabel hookBinder_test 10128 interfaceBinder =android.content.pm.IPackageManager; arg0 = 34; arg1 = android.os.Parcel@29bf3be; arg2 = android.os.Parcel@e71adb6; arg3 = 0; res = true; stacktrace=java.lang.Exception

09-03 02:05:13.278  5776  5852 I LSPosed-Bridge: 5776 PermLabel hookBinder_test 10128 interfaceBinder =android.content.pm.IPackageManager; arg0 = 34; arg1 = android.os.Parcel@29bf3be; arg2 = android.os.Parcel@e71adb6; arg3 = 0; res = true; stacktrace=java.lang.Exception

09-03 02:05:13.278  5776  5852 I LSPosed-Bridge: 	at com.example.permlabel.hookBinder_test$1.afterHookedMethod(hookBinder_test.java:58)

09-03 02:05:13.278  5776  5852 I LSPosed-Bridge: 	at com.example.permlabel.hookBinder_test$1.afterHookedMethod(hookBinder_test.java:58)

09-03 02:05:13.278  5776  5852 I LSPosed-Bridge: 	at de.robv.android.xposed.XposedBridge$AdditionalHookInfo.callback(Unknown Source:147)

09-03 02:05:13.278  5776  5852 I LSPosed-Bridge: 	at de.robv.android.xposed.XposedBridge$AdditionalHookInfo.callback(Unknown Source:147)

09-03 02:05:13.278  5776  5852 I LSPosed-Bridge: 	at LSPHooker_.transact(Unknown Source:28)

09-03 02:05:13.278  5776  5852 I LSPosed-Bridge: 	at LSPHooker_.transact(Unknown Source:28)

09-03 02:05:13.278  5776  5852 I LSPosed-Bridge: 	at android.content.pm.IPackageManager$Stub$Proxy.getPackagesForUid(IPackageManager.java:3558)

09-03 02:05:13.278  5776  5852 I LSPosed-Bridge: 	at android.content.pm.IPackageManager$Stub$Proxy.getPackagesForUid(IPackageManager.java:3558)

09-03 02:05:13.278  5776  5852 I LSPosed-Bridge: 	at android.app.ApplicationPackageManager.getPackagesForUid(ApplicationPackageManager.java:731)

09-03 02:05:13.278  5776  5852 I LSPosed-Bridge: 	at android.app.ApplicationPackageManager.getPackagesForUid(ApplicationPackageManager.java:731)

09-03 02:05:13.278  5776  5852 I LSPosed-Bridge: 5776 PermLabel hookBinder_test 10128 interfaceBinder =android.content.pm.IPackageManager; arg0 = 34; arg1 = android.os.Parcel@e71adb6; arg2 = android.os.Parcel@29bf3be; arg3 = 0; res = true; stacktrace=java.lang.Exception

09-03 02:05:13.278  5776  5852 I LSPosed-Bridge: 5776 PermLabel hookBinder_test 10128 interfaceBinder =android.content.pm.IPackageManager; arg0 = 34; arg1 = android.os.Parcel@e71adb6; arg2 = android.os.Parcel@29bf3be; arg3 = 0; res = true; stacktrace=java.lang.Exception

09-03 02:05:13.278  5776  5852 I LSPosed-Bridge: 	at com.example.permlabel.hookBinder_test$1.afterHookedMethod(hookBinder_test.java:58)

09-03 02:05:13.278  5776  5852 I LSPosed-Bridge: 	at com.example.permlabel.hookBinder_test$1.afterHookedMethod(hookBinder_test.java:58)

09-03 02:05:13.278  5776  5852 I LSPosed-Bridge: 	at de.robv.android.xposed.XposedBridge$AdditionalHookInfo.callback(Unknown Source:147)

09-03 02:05:13.278  5776  5852 I LSPosed-Bridge: 	at de.robv.android.xposed.XposedBridge$AdditionalHookInfo.callback(Unknown Source:147)

09-03 02:05:13.278  5776  5852 I LSPosed-Bridge: 	at LSPHooker_.transact(Unknown Source:28)

09-03 02:05:13.278  5776  5852 I LSPosed-Bridge: 	at LSPHooker_.transact(Unknown Source:28)

09-03 02:05:13.278  5776  5852 I LSPosed-Bridge: 	at android.content.pm.IPackageManager$Stub$Proxy.getPackagesForUid(IPackageManager.java:3558)

09-03 02:05:13.278  5776  5852 I LSPosed-Bridge: 	at android.content.pm.IPackageManager$Stub$Proxy.getPackagesForUid(IPackageManager.java:3558)

09-03 02:05:13.278  5776  5852 I LSPosed-Bridge: 	at android.app.ApplicationPackageManager.getPackagesForUid(ApplicationPackageManager.java:731)

09-03 02:05:13.278  5776  5852 I LSPosed-Bridge: 	at android.app.ApplicationPackageManager.getPackagesForUid(ApplicationPackageManager.java:731)

09-03 02:05:13.294  5776  5852 I LSPosed-Bridge: 5776 PermLabel hookBinder_test 10128 interfaceBinder =android.content.pm.IPackageManager; arg0 = 34; arg1 = android.os.Parcel@c3af611; arg2 = android.os.Parcel@fe55638; arg3 = 0; res = true; stacktrace=java.lang.Exception

09-03 02:05:13.294  5776  5852 I LSPosed-Bridge: 5776 PermLabel hookBinder_test 10128 interfaceBinder =android.content.pm.IPackageManager; arg0 = 34; arg1 = android.os.Parcel@c3af611; arg2 = android.os.Parcel@fe55638; arg3 = 0; res = true; stacktrace=java.lang.Exception

09-03 02:05:13.294  5776  5852 I LSPosed-Bridge: 5776 PermLabel hookBinder_test 10128 interfaceBinder =android.content.pm.IPackageManager; arg0 = 34; arg1 = android.os.Parcel@c3af611; arg2 = android.os.Parcel@fe55638; arg3 = 0; res = true; stacktrace=java.lang.Exception

09-03 02:05:13.294  5776  5852 I LSPosed-Bridge: 	at com.example.permlabel.hookBinder_test$1.afterHookedMethod(hookBinder_test.java:58)

09-03 02:05:13.294  5776  5852 I LSPosed-Bridge: 	at com.example.permlabel.hookBinder_test$1.afterHookedMethod(hookBinder_test.java:58)

09-03 02:05:13.294  5776  5852 I LSPosed-Bridge: 	at com.example.permlabel.hookBinder_test$1.afterHookedMethod(hookBinder_test.java:58)

09-03 02:05:13.294  5776  5852 I LSPosed-Bridge: 	at de.robv.android.xposed.XposedBridge$AdditionalHookInfo.callback(Unknown Source:147)

09-03 02:05:13.294  5776  5852 I LSPosed-Bridge: 	at de.robv.android.xposed.XposedBridge$AdditionalHookInfo.callback(Unknown Source:147)

09-03 02:05:13.294  5776  5852 I LSPosed-Bridge: 	at de.robv.android.xposed.XposedBridge$AdditionalHookInfo.callback(Unknown Source:147)

09-03 02:05:13.294  5776  5852 I LSPosed-Bridge: 	at LSPHooker_.transact(Unknown Source:28)

09-03 02:05:13.294  5776  5852 I LSPosed-Bridge: 	at LSPHooker_.transact(Unknown Source:28)

09-03 02:05:13.294  5776  5852 I LSPosed-Bridge: 	at LSPHooker_.transact(Unknown Source:28)

09-03 02:05:13.294  5776  5852 I LSPosed-Bridge: 	at android.content.pm.IPackageManager$Stub$Proxy.getPackagesForUid(IPackageManager.java:3558)

09-03 02:05:13.294  5776  5852 I LSPosed-Bridge: 	at android.content.pm.IPackageManager$Stub$Proxy.getPackagesForUid(IPackageManager.java:3558)

09-03 02:05:13.294  5776  5852 I LSPosed-Bridge: 	at android.content.pm.IPackageManager$Stub$Proxy.getPackagesForUid(IPackageManager.java:3558)

09-03 02:05:13.294  5776  5852 I LSPosed-Bridge: 	at android.app.ApplicationPackageManager.getPackagesForUid(ApplicationPackageManager.java:731)

09-03 02:05:13.294  5776  5852 I LSPosed-Bridge: 	at android.app.ApplicationPackageManager.getPackagesForUid(ApplicationPackageManager.java:731)

09-03 02:05:13.294  5776  5852 I LSPosed-Bridge: 	at android.app.ApplicationPackageManager.getPackagesForUid(ApplicationPackageManager.java:731)

09-03 02:05:13.294  5776  5877 I LSPosed-Bridge: 5776 PermLabel 10128 ContextImpl Binder.getCallingPid() = 5776; Binder.getCallingUid() = 10128; permName: android.permission.READ_PHONE_STATE; res = -1; stacktrace=java.lang.Exception

09-03 02:05:13.294  5776  5877 I LSPosed-Bridge: 5776 PermLabel 10128 ContextImpl Binder.getCallingPid() = 5776; Binder.getCallingUid() = 10128; permName: android.permission.READ_PHONE_STATE; res = -1; stacktrace=java.lang.Exception

09-03 02:05:13.294  5776  5877 I LSPosed-Bridge: 5776 PermLabel 10128 ContextImpl Binder.getCallingPid() = 5776; Binder.getCallingUid() = 10128; permName: android.permission.READ_PHONE_STATE; res = -1; stacktrace=java.lang.Exception

09-03 02:05:13.294  5776  5877 I LSPosed-Bridge: 	at com.example.permlabel.requestPerm$2.afterHookedMethod(requestPerm.java:189)

09-03 02:05:13.294  5776  5877 I LSPosed-Bridge: 	at com.example.permlabel.requestPerm$2.afterHookedMethod(requestPerm.java:189)

09-03 02:05:13.294  5776  5877 I LSPosed-Bridge: 	at com.example.permlabel.requestPerm$2.afterHookedMethod(requestPerm.java:189)

09-03 02:05:13.294  5776  5877 I LSPosed-Bridge: 	at de.robv.android.xposed.XposedBridge$AdditionalHookInfo.callback(Unknown Source:147)

09-03 02:05:13.294  5776  5877 I LSPosed-Bridge: 	at de.robv.android.xposed.XposedBridge$AdditionalHookInfo.callback(Unknown Source:147)

09-03 02:05:13.294  5776  5877 I LSPosed-Bridge: 	at de.robv.android.xposed.XposedBridge$AdditionalHookInfo.callback(Unknown Source:147)

09-03 02:05:13.294  5776  5877 I LSPosed-Bridge: 	at LSPHooker_.checkPermission(Unknown Source:25)

09-03 02:05:13.294  5776  5877 I LSPosed-Bridge: 	at LSPHooker_.checkPermission(Unknown Source:25)

09-03 02:05:13.294  5776  5877 I LSPosed-Bridge: 	at LSPHooker_.checkPermission(Unknown Source:25)

09-03 02:05:13.294  5776  5877 I LSPosed-Bridge: 	at android.app.ContextImpl.checkSelfPermission(ContextImpl.java:1801)

09-03 02:05:13.294  5776  5877 I LSPosed-Bridge: 	at android.app.ContextImpl.checkSelfPermission(ContextImpl.java:1801)

09-03 02:05:13.294  5776  5877 I LSPosed-Bridge: 	at android.app.ContextImpl.checkSelfPermission(ContextImpl.java:1801)

09-03 02:05:13.294  5776  5877 I LSPosed-Bridge: 	at android.content.ContextWrapper.checkSelfPermission(ContextWrapper.java:759)

09-03 02:05:13.294  5776  5877 I LSPosed-Bridge: 	at android.content.ContextWrapper.checkSelfPermission(ContextWrapper.java:759)

09-03 02:05:13.294  5776  5877 I LSPosed-Bridge: 	at android.content.ContextWrapper.checkSelfPermission(ContextWrapper.java:759)

09-03 02:05:13.294  5776  5877 I LSPosed-Bridge: 	at java.lang.reflect.Method.invoke(Native Method)

09-03 02:05:13.294  5776  5877 I LSPosed-Bridge: 	at java.lang.reflect.Method.invoke(Native Method)

09-03 02:05:13.294  5776  5877 I LSPosed-Bridge: 	at java.lang.reflect.Method.invoke(Native Method)

09-03 02:05:13.294  5776  5877 I LSPosed-Bridge: 	at com.mob.tools.utils.ReflectHelper.invokeMethod(SourceFile:11)

09-03 02:05:13.294  5776  5877 I LSPosed-Bridge: 	at com.mob.tools.utils.ReflectHelper.invokeMethod(SourceFile:11)

09-03 02:05:13.294  5776  5877 I LSPosed-Bridge: 	at com.mob.tools.utils.ReflectHelper.invokeMethod(SourceFile:11)

09-03 02:05:13.294  5776  5877 I LSPosed-Bridge: 	at com.mob.tools.utils.ReflectHelper.invokeInstanceMethod(SourceFile:1)

09-03 02:05:13.294  5776  5877 I LSPosed-Bridge: 	at com.mob.tools.utils.ReflectHelper.invokeInstanceMethod(SourceFile:1)

09-03 02:05:13.294  5776  5877 I LSPosed-Bridge: 	at com.mob.tools.utils.ReflectHelper.invokeInstanceMethod(SourceFile:1)

09-03 02:05:13.294  5776  5877 I LSPosed-Bridge: 	at com.mob.tools.utils.DeviceHelper.checkPermission(SourceFile:3)

09-03 02:05:13.294  5776  5877 I LSPosed-Bridge: 	at com.mob.tools.utils.DeviceHelper.checkPermission(SourceFile:3)

09-03 02:05:13.294  5776  5877 I LSPosed-Bridge: 	at com.mob.tools.utils.DeviceHelper.checkPermission(SourceFile:3)

