09-03 02:05:12.177  5776  5776 I LSPosed-Bridge: 	at android.os.Handler.dispatchMessage(Handler.java:106)

09-03 02:05:12.177  5776  5776 I LSPosed-Bridge: 	at android.os.Looper.loop(Looper.java:193)

09-03 02:05:12.177  5776  5776 I LSPosed-Bridge: 	at android.os.Looper.loop(Looper.java:193)

09-03 02:05:12.177  5776  5776 I LSPosed-Bridge: 	at android.app.ActivityThread.main(ActivityThread.java:6692)

09-03 02:05:12.177  5776  5776 I LSPosed-Bridge: 	at android.app.ActivityThread.main(ActivityThread.java:6692)

09-03 02:05:12.177  5776  5776 I LSPosed-Bridge: 	at java.lang.reflect.Method.invoke(Native Method)

09-03 02:05:12.177  5776  5776 I LSPosed-Bridge: 	at java.lang.reflect.Method.invoke(Native Method)

09-03 02:05:12.177  5776  5776 I LSPosed-Bridge: 	at com.android.internal.os.RuntimeInit$MethodAndArgsCaller.run(RuntimeInit.java:493)

09-03 02:05:12.177  5776  5776 I LSPosed-Bridge: 	at com.android.internal.os.RuntimeInit$MethodAndArgsCaller.run(RuntimeInit.java:493)

09-03 02:05:12.177  5776  5776 I LSPosed-Bridge: 	at com.android.internal.os.ZygoteInit.main(ZygoteInit.java:858)

09-03 02:05:12.177  5776  5776 I LSPosed-Bridge: 	at com.android.internal.os.ZygoteInit.main(ZygoteInit.java:858)

09-03 02:05:12.177  5776  5880 I LSPosed-Bridge: 5776 PermLabel 10128 ContextImpl.checkPermission: pid = 5776; uid = 10128; permName: android.permission.READ_PHONE_STATE; type = 1; res = -1; stacktrace=java.lang.Exception

09-03 02:05:12.177  5776  5880 I LSPosed-Bridge: 5776 PermLabel 10128 ContextImpl.checkPermission: pid = 5776; uid = 10128; permName: android.permission.READ_PHONE_STATE; type = 1; res = -1; stacktrace=java.lang.Exception

09-03 02:05:12.177  5776  5880 I LSPosed-Bridge: 	at com.example.permlabel.requestPerm$2.afterHookedMethod(requestPerm.java:213)

09-03 02:05:12.177  5776  5880 I LSPosed-Bridge: 	at com.example.permlabel.requestPerm$2.afterHookedMethod(requestPerm.java:213)

09-03 02:05:12.177  5776  5880 I LSPosed-Bridge: 	at de.robv.android.xposed.XposedBridge$AdditionalHookInfo.callback(Unknown Source:147)

09-03 02:05:12.177  5776  5880 I LSPosed-Bridge: 	at de.robv.android.xposed.XposedBridge$AdditionalHookInfo.callback(Unknown Source:147)

09-03 02:05:12.177  5776  5880 I LSPosed-Bridge: 	at LSPHooker_.checkPermission(Unknown Source:25)

09-03 02:05:12.177  5776  5880 I LSPosed-Bridge: 	at LSPHooker_.checkPermission(Unknown Source:25)

09-03 02:05:12.177  5776  5880 I LSPosed-Bridge: 	at android.app.ContextImpl.checkSelfPermission(ContextImpl.java:1801)

09-03 02:05:12.177  5776  5880 I LSPosed-Bridge: 	at android.app.ContextImpl.checkSelfPermission(ContextImpl.java:1801)

09-03 02:05:12.177  5776  5880 I LSPosed-Bridge: 	at android.content.ContextWrapper.checkSelfPermission(ContextWrapper.java:759)

09-03 02:05:12.177  5776  5880 I LSPosed-Bridge: 	at android.content.ContextWrapper.checkSelfPermission(ContextWrapper.java:759)

09-03 02:05:12.177  5776  5880 I LSPosed-Bridge: 	at java.lang.reflect.Method.invoke(Native Method)

09-03 02:05:12.177  5776  5880 I LSPosed-Bridge: 	at java.lang.reflect.Method.invoke(Native Method)

09-03 02:05:12.177  5776  5880 I LSPosed-Bridge: 	at com.mob.tools.utils.ReflectHelper.invokeMethod(SourceFile:11)

09-03 02:05:12.177  5776  5880 I LSPosed-Bridge: 	at com.mob.tools.utils.ReflectHelper.invokeMethod(SourceFile:11)

09-03 02:05:12.177  5776  5880 I LSPosed-Bridge: 	at com.mob.tools.utils.ReflectHelper.invokeInstanceMethod(SourceFile:1)

09-03 02:05:12.177  5776  5880 I LSPosed-Bridge: 	at com.mob.tools.utils.ReflectHelper.invokeInstanceMethod(SourceFile:1)

09-03 02:05:12.177  5776  5880 I LSPosed-Bridge: 	at com.mob.tools.utils.DeviceHelper.checkPermission(SourceFile:3)

09-03 02:05:12.177  5776  5880 I LSPosed-Bridge: 	at com.mob.tools.utils.DeviceHelper.checkPermission(SourceFile:3)

09-03 02:05:12.177  5776  5880 I LSPosed-Bridge: 	at com.mob.tools.utils.DeviceHelper.getSerialno(SourceFile:11)

09-03 02:05:12.177  5776  5880 I LSPosed-Bridge: 	at com.mob.tools.utils.DeviceHelper.getSerialno(SourceFile:11)

09-03 02:05:12.177  5776  5880 I LSPosed-Bridge: 	at com.mob.tools.utils.DeviceHelper.getDeviceId(SourceFile:3)

09-03 02:05:12.177  5776  5880 I LSPosed-Bridge: 	at com.mob.tools.utils.DeviceHelper.getDeviceId(SourceFile:3)

09-03 02:05:12.177  5776  5880 I LSPosed-Bridge: 	at com.mob.tools.utils.DeviceHelper.genDeviceKey(SourceFile:2)

09-03 02:05:12.177  5776  5880 I LSPosed-Bridge: 	at com.mob.tools.utils.DeviceHelper.genDeviceKey(SourceFile:2)

09-03 02:05:12.177  5776  5880 I LSPosed-Bridge: 	at com.mob.tools.utils.DeviceHelper.getDeviceKey(SourceFile:6)

09-03 02:05:12.177  5776  5880 I LSPosed-Bridge: 	at com.mob.tools.utils.DeviceHelper.getDeviceKey(SourceFile:6)

09-03 02:05:12.177  5776  5880 I LSPosed-Bridge: 	at com.mob.commons.MobProductCollector.getUserIdentity(SourceFile:12)

09-03 02:05:12.177  5776  5880 I LSPosed-Bridge: 	at com.mob.commons.MobProductCollector.getUserIdentity(SourceFile:12)

09-03 02:05:12.177  5776  5880 I LSPosed-Bridge: 	at com.mob.commons.MobProductCollector.getUserIdentity(SourceFile:1)

09-03 02:05:12.177  5776  5880 I LSPosed-Bridge: 	at com.mob.commons.MobProductCollector.getUserIdentity(SourceFile:1)

09-03 02:05:12.177  5776  5880 I LSPosed-Bridge: 	at com.mob.commons.a$6.run(SourceFile:15)

09-03 02:05:12.177  5776  5880 I LSPosed-Bridge: 	at com.mob.commons.a$6.run(SourceFile:15)

09-03 02:05:12.177  5776  5880 I LSPosed-Bridge: 	at java.lang.Thread.run(Thread.java:764)

09-03 02:05:12.177  5776  5880 I LSPosed-Bridge: 	at java.lang.Thread.run(Thread.java:764)

09-03 02:05:12.188  5776  5885 I LSPosed-Bridge: 5776 PermLabel 10128 ContextImpl Binder.getCallingPid() = 5776; Binder.getCallingUid() = 10128; permName: android.permission.READ_PHONE_STATE; res = -1; stacktrace=java.lang.Exception

09-03 02:05:12.188  5776  5885 I LSPosed-Bridge: 5776 PermLabel 10128 ContextImpl Binder.getCallingPid() = 5776; Binder.getCallingUid() = 10128; permName: android.permission.READ_PHONE_STATE; res = -1; stacktrace=java.lang.Exception

09-03 02:05:12.188  5776  5885 I LSPosed-Bridge: 	at com.example.permlabel.requestPerm$2.afterHookedMethod(requestPerm.java:189)

09-03 02:05:12.188  5776  5885 I LSPosed-Bridge: 	at com.example.permlabel.requestPerm$2.afterHookedMethod(requestPerm.java:189)

09-03 02:05:12.188  5776  5885 I LSPosed-Bridge: 	at de.robv.android.xposed.XposedBridge$AdditionalHookInfo.callback(Unknown Source:147)

09-03 02:05:12.188  5776  5885 I LSPosed-Bridge: 	at de.robv.android.xposed.XposedBridge$AdditionalHookInfo.callback(Unknown Source:147)

09-03 02:05:12.188  5776  5885 I LSPosed-Bridge: 	at LSPHooker_.checkPermission(Unknown Source:25)

09-03 02:05:12.188  5776  5885 I LSPosed-Bridge: 	at LSPHooker_.checkPermission(Unknown Source:25)

09-03 02:05:12.188  5776  5885 I LSPosed-Bridge: 	at android.app.ContextImpl.checkSelfPermission(ContextImpl.java:1801)

09-03 02:05:12.188  5776  5885 I LSPosed-Bridge: 	at android.app.ContextImpl.checkSelfPermission(ContextImpl.java:1801)

09-03 02:05:12.188  5776  5885 I LSPosed-Bridge: 	at android.content.ContextWrapper.checkSelfPermission(ContextWrapper.java:759)

09-03 02:05:12.188  5776  5885 I LSPosed-Bridge: 	at android.content.ContextWrapper.checkSelfPermission(ContextWrapper.java:759)

09-03 02:05:12.188  5776  5885 I LSPosed-Bridge: 	at java.lang.reflect.Method.invoke(Native Method)

09-03 02:05:12.188  5776  5885 I LSPosed-Bridge: 	at java.lang.reflect.Method.invoke(Native Method)

09-03 02:05:12.188  5776  5885 I LSPosed-Bridge: 	at com.mob.tools.utils.ReflectHelper.invokeMethod(SourceFile:11)

09-03 02:05:12.188  5776  5885 I LSPosed-Bridge: 	at com.mob.tools.utils.ReflectHelper.invokeMethod(SourceFile:11)

09-03 02:05:12.188  5776  5885 I LSPosed-Bridge: 	at com.mob.tools.utils.ReflectHelper.invokeInstanceMethod(SourceFile:1)

09-03 02:05:12.188  5776  5885 I LSPosed-Bridge: 	at com.mob.tools.utils.ReflectHelper.invokeInstanceMethod(SourceFile:1)

09-03 02:05:12.188  5776  5885 I LSPosed-Bridge: 	at com.mob.tools.utils.DeviceHelper.checkPermission(SourceFile:3)

09-03 02:05:12.188  5776  5885 I LSPosed-Bridge: 	at com.mob.tools.utils.DeviceHelper.checkPermission(SourceFile:3)

09-03 02:05:12.188  5776  5885 I LSPosed-Bridge: 	at com.mob.tools.utils.DeviceHelper.getSerialno(SourceFile:11)

09-03 02:05:12.188  5776  5885 I LSPosed-Bridge: 	at com.mob.tools.utils.DeviceHelper.getSerialno(SourceFile:11)

09-03 02:05:12.188  5776  5885 I LSPosed-Bridge: 	at com.mob.commons.authorize.a.a(SourceFile:45)

09-03 02:05:12.188  5776  5885 I LSPosed-Bridge: 	at com.mob.commons.authorize.a.a(SourceFile:45)

09-03 02:05:12.188  5776  5885 I LSPosed-Bridge: 	at com.mob.commons.authorize.a.a(SourceFile:2)

09-03 02:05:12.188  5776  5885 I LSPosed-Bridge: 	at com.mob.commons.authorize.a.a(SourceFile:2)

09-03 02:05:12.188  5776  5885 I LSPosed-Bridge: 	at com.mob.commons.authorize.a$6.run(SourceFile:7)

09-03 02:05:12.188  5776  5885 I LSPosed-Bridge: 	at com.mob.commons.authorize.a$6.run(SourceFile:7)

09-03 02:05:12.188  5776  5885 I LSPosed-Bridge: 	at com.mob.commons.e.a(SourceFile:13)

09-03 02:05:12.188  5776  5885 I LSPosed-Bridge: 	at com.mob.commons.e.a(SourceFile:13)

09-03 02:05:12.188  5776  5885 I LSPosed-Bridge: 	at com.mob.commons.e.a(SourceFile:2)

09-03 02:05:12.188  5776  5885 I LSPosed-Bridge: 	at com.mob.commons.e.a(SourceFile:2)

09-03 02:05:12.188  5776  5885 I LSPosed-Bridge: 	at com.mob.commons.authorize.a.a(SourceFile:247)

09-03 02:05:12.188  5776  5885 I LSPosed-Bridge: 	at com.mob.commons.authorize.a.a(SourceFile:247)

09-03 02:05:12.188  5776  5885 I LSPosed-Bridge: 	at com.mob.commons.authorize.DeviceAuthorizer.authorizeForOnce(SourceFile:3)

09-03 02:05:12.188  5776  5885 I LSPosed-Bridge: 	at com.mob.commons.authorize.DeviceAuthorizer.authorizeForOnce(SourceFile:3)

09-03 02:05:12.188  5776  5885 I LSPosed-Bridge: 	at com.mob.commons.b.as(SourceFile:13)

09-03 02:05:12.188  5776  5885 I LSPosed-Bridge: 	at com.mob.commons.b.as(SourceFile:13)

09-03 02:05:12.188  5776  5885 I LSPosed-Bridge: 	at com.mob.commons.b.ap(SourceFile:1)

09-03 02:05:12.188  5776  5885 I LSPosed-Bridge: 	at com.mob.commons.b.ap(SourceFile:1)

09-03 02:05:12.188  5776  5885 I LSPosed-Bridge: 	at com.mob.commons.b.c(SourceFile:5)

09-03 02:05:12.188  5776  5885 I LSPosed-Bridge: 	at com.mob.commons.b.c(SourceFile:5)

09-03 02:05:12.188  5776  5885 I LSPosed-Bridge: 	at com.mob.commons.b.a(SourceFile:15)

09-03 02:05:12.188  5776  5885 I LSPosed-Bridge: 	at com.mob.commons.b.a(SourceFile:15)

09-03 02:05:12.188  5776  5885 I LSPosed-Bridge: 	at com.mob.commons.b.B(SourceFile:1)

09-03 02:05:12.188  5776  5885 I LSPosed-Bridge: 	at com.mob.commons.b.B(SourceFile:1)

09-03 02:05:12.188  5776  5885 I LSPosed-Bridge: 	at com.mob.commons.a.a.a_(SourceFile:1)

09-03 02:05:12.188  5776  5885 I LSPosed-Bridge: 	at com.mob.commons.a.a.a_(SourceFile:1)

09-03 02:05:12.188  5776  5885 I LSPosed-Bridge: 	at com.mob.commons.a.a$1.run(SourceFile:1)

09-03 02:05:12.188  5776  5885 I LSPosed-Bridge: 	at com.mob.commons.a.a$1.run(SourceFile:1)

09-03 02:05:12.188  5776  5852 I LSPosed-Bridge: 5776 PermLabel hookBinder_test 10128 interfaceBinder =android.content.pm.IPackageManager; arg0 = 34; arg1 = android.os.Parcel@3da3979; arg2 = android.os.Parcel@e0386be; arg3 = 0; res = true; stacktrace=java.lang.Exception

09-03 02:05:12.188  5776  5852 I LSPosed-Bridge: 5776 PermLabel hookBinder_test 10128 interfaceBinder =android.content.pm.IPackageManager; arg0 = 34; arg1 = android.os.Parcel@3da3979; arg2 = android.os.Parcel@e0386be; arg3 = 0; res = true; stacktrace=java.lang.Exception

09-03 02:05:12.188  5776  5852 I LSPosed-Bridge: 	at com.example.permlabel.hookBinder_test$1.afterHookedMethod(hookBinder_test.java:58)

09-03 02:05:12.188  5776  5852 I LSPosed-Bridge: 	at com.example.permlabel.hookBinder_test$1.afterHookedMethod(hookBinder_test.java:58)

09-03 02:05:12.188  5776  5852 I LSPosed-Bridge: 	at de.robv.android.xposed.XposedBridge$AdditionalHookInfo.callback(Unknown Source:147)

09-03 02:05:12.188  5776  5852 I LSPosed-Bridge: 	at de.robv.android.xposed.XposedBridge$AdditionalHookInfo.callback(Unknown Source:147)

09-03 02:05:12.188  5776  5852 I LSPosed-Bridge: 	at LSPHooker_.transact(Unknown Source:28)

09-03 02:05:12.188  5776  5852 I LSPosed-Bridge: 	at LSPHooker_.transact(Unknown Source:28)

09-03 02:05:12.188  5776  5852 I LSPosed-Bridge: 	at android.content.pm.IPackageManager$Stub$Proxy.getPackagesForUid(IPackageManager.java:3558)

09-03 02:05:12.188  5776  5852 I LSPosed-Bridge: 	at android.content.pm.IPackageManager$Stub$Proxy.getPackagesForUid(IPackageManager.java:3558)

09-03 02:05:12.188  5776  5852 I LSPosed-Bridge: 	at android.app.ApplicationPackageManager.getPackagesForUid(ApplicationPackageManager.java:731)

09-03 02:05:12.188  5776  5852 I LSPosed-Bridge: 	at android.app.ApplicationPackageManager.getPackagesForUid(ApplicationPackageManager.java:731)

09-03 02:05:12.188  5776  5885 I LSPosed-Bridge: 5776 PermLabel 10128 ContextImpl.checkPermission: pid = 5776; uid = 10128; permName: android.permission.READ_PHONE_STATE; type = 1; res = -1; stacktrace=java.lang.Exception

09-03 02:05:12.188  5776  5885 I LSPosed-Bridge: 5776 PermLabel 10128 ContextImpl.checkPermission: pid = 5776; uid = 10128; permName: android.permission.READ_PHONE_STATE; type = 1; res = -1; stacktrace=java.lang.Exception

09-03 02:05:12.188  5776  5885 I LSPosed-Bridge: 	at com.example.permlabel.requestPerm$2.afterHookedMethod(requestPerm.java:213)

09-03 02:05:12.188  5776  5885 I LSPosed-Bridge: 	at com.example.permlabel.requestPerm$2.afterHookedMethod(requestPerm.java:213)

09-03 02:05:12.188  5776  5885 I LSPosed-Bridge: 	at de.robv.android.xposed.XposedBridge$AdditionalHookInfo.callback(Unknown Source:147)

09-03 02:05:12.188  5776  5885 I LSPosed-Bridge: 	at de.robv.android.xposed.XposedBridge$AdditionalHookInfo.callback(Unknown Source:147)

09-03 02:05:12.188  5776  5885 I LSPosed-Bridge: 	at LSPHooker_.checkPermission(Unknown Source:25)

09-03 02:05:12.188  5776  5885 I LSPosed-Bridge: 	at LSPHooker_.checkPermission(Unknown Source:25)

09-03 02:05:12.188  5776  5885 I LSPosed-Bridge: 	at android.app.ContextImpl.checkSelfPermission(ContextImpl.java:1801)

09-03 02:05:12.188  5776  5885 I LSPosed-Bridge: 	at android.app.ContextImpl.checkSelfPermission(ContextImpl.java:1801)

09-03 02:05:12.188  5776  5885 I LSPosed-Bridge: 	at android.content.ContextWrapper.checkSelfPermission(ContextWrapper.java:759)

09-03 02:05:12.188  5776  5885 I LSPosed-Bridge: 	at android.content.ContextWrapper.checkSelfPermission(ContextWrapper.java:759)

09-03 02:05:12.188  5776  5885 I LSPosed-Bridge: 	at java.lang.reflect.Method.invoke(Native Method)

09-03 02:05:12.188  5776  5885 I LSPosed-Bridge: 	at java.lang.reflect.Method.invoke(Native Method)

09-03 02:05:12.188  5776  5885 I LSPosed-Bridge: 	at com.mob.tools.utils.ReflectHelper.invokeMethod(SourceFile:11)

09-03 02:05:12.188  5776  5885 I LSPosed-Bridge: 	at com.mob.tools.utils.ReflectHelper.invokeMethod(SourceFile:11)

09-03 02:05:12.188  5776  5885 I LSPosed-Bridge: 	at com.mob.tools.utils.ReflectHelper.invokeInstanceMethod(SourceFile:1)

09-03 02:05:12.188  5776  5885 I LSPosed-Bridge: 	at com.mob.tools.utils.ReflectHelper.invokeInstanceMethod(SourceFile:1)

09-03 02:05:12.188  5776  5885 I LSPosed-Bridge: 	at com.mob.tools.utils.DeviceHelper.checkPermission(SourceFile:3)

09-03 02:05:12.188  5776  5885 I LSPosed-Bridge: 	at com.mob.tools.utils.DeviceHelper.checkPermission(SourceFile:3)

09-03 02:05:12.188  5776  5885 I LSPosed-Bridge: 	at com.mob.tools.utils.DeviceHelper.getSerialno(SourceFile:11)

09-03 02:05:12.188  5776  5885 I LSPosed-Bridge: 	at com.mob.tools.utils.DeviceHelper.getSerialno(SourceFile:11)

09-03 02:05:12.188  5776  5885 I LSPosed-Bridge: 	at com.mob.commons.authorize.a.a(SourceFile:45)

09-03 02:05:12.188  5776  5885 I LSPosed-Bridge: 	at com.mob.commons.authorize.a.a(SourceFile:45)

09-03 02:05:12.188  5776  5885 I LSPosed-Bridge: 	at com.mob.commons.authorize.a.a(SourceFile:2)

09-03 02:05:12.188  5776  5885 I LSPosed-Bridge: 	at com.mob.commons.authorize.a.a(SourceFile:2)

09-03 02:05:12.188  5776  5885 I LSPosed-Bridge: 	at com.mob.commons.authorize.a$6.run(SourceFile:7)

09-03 02:05:12.188  5776  5885 I LSPosed-Bridge: 	at com.mob.commons.authorize.a$6.run(SourceFile:7)

09-03 02:05:12.188  5776  5885 I LSPosed-Bridge: 	at com.mob.commons.e.a(SourceFile:13)

09-03 02:05:12.188  5776  5885 I LSPosed-Bridge: 	at com.mob.commons.e.a(SourceFile:13)

09-03 02:05:12.188  5776  5885 I LSPosed-Bridge: 	at com.mob.commons.e.a(SourceFile:2)

09-03 02:05:12.188  5776  5885 I LSPosed-Bridge: 	at com.mob.commons.e.a(SourceFile:2)

09-03 02:05:12.188  5776  5885 I LSPosed-Bridge: 	at com.mob.commons.authorize.a.a(SourceFile:247)

09-03 02:05:12.188  5776  5885 I LSPosed-Bridge: 	at com.mob.commons.authorize.a.a(SourceFile:247)

09-03 02:05:12.188  5776  5885 I LSPosed-Bridge: 	at com.mob.commons.authorize.DeviceAuthorizer.authorizeForOnce(SourceFile:3)

09-03 02:05:12.188  5776  5885 I LSPosed-Bridge: 	at com.mob.commons.authorize.DeviceAuthorizer.authorizeForOnce(SourceFile:3)

09-03 02:05:12.188  5776  5885 I LSPosed-Bridge: 	at com.mob.commons.b.as(SourceFile:13)

09-03 02:05:12.188  5776  5885 I LSPosed-Bridge: 	at com.mob.commons.b.as(SourceFile:13)

09-03 02:05:12.188  5776  5885 I LSPosed-Bridge: 	at com.mob.commons.b.ap(SourceFile:1)

09-03 02:05:12.188  5776  5885 I LSPosed-Bridge: 	at com.mob.commons.b.ap(SourceFile:1)

09-03 02:05:12.188  5776  5885 I LSPosed-Bridge: 	at com.mob.commons.b.c(SourceFile:5)

09-03 02:05:12.188  5776  5885 I LSPosed-Bridge: 	at com.mob.commons.b.c(SourceFile:5)

09-03 02:05:12.188  5776  5885 I LSPosed-Bridge: 	at com.mob.commons.b.a(SourceFile:15)

09-03 02:05:12.188  5776  5885 I LSPosed-Bridge: 	at com.mob.commons.b.a(SourceFile:15)

09-03 02:05:12.188  5776  5885 I LSPosed-Bridge: 	at com.mob.commons.b.B(SourceFile:1)

09-03 02:05:12.188  5776  5885 I LSPosed-Bridge: 	at com.mob.commons.b.B(SourceFile:1)

09-03 02:05:12.188  5776  5885 I LSPosed-Bridge: 	at com.mob.commons.a.a.a_(SourceFile:1)

09-03 02:05:12.188  5776  5885 I LSPosed-Bridge: 	at com.mob.commons.a.a.a_(SourceFile:1)

09-03 02:05:12.188  5776  5885 I LSPosed-Bridge: 	at com.mob.commons.a.a$1.run(SourceFile:1)

09-03 02:05:12.188  5776  5885 I LSPosed-Bridge: 	at com.mob.commons.a.a$1.run(SourceFile:1)

09-03 02:05:12.260  1569  1581 I LSPosed-Bridge: 5776 PermLabel 10128 AMS.checkPermission: Binder.getCallingPid() = 1895; uid = 10128; Binder.getCallingUid() = 1001; getNameForUid: android.uid.phone:1001; getPackagesForUid: [com.qualcomm.qti.autoregistration, com.android.stk, com.qti.confuridialer, org.codeaurora.ims, com.qualcomm.qti.telephonyservice, com.qualcomm.qti.lpa, com.qti.xdivert, com.qualcomm.qti.callfeaturessetting, com.qti.qualcomm.datastatusnotification, com.qti.qualcomm.deviceinfo, com.qualcomm.qti.uim, com.android.mms.service, com.android.providers.telephony, com.qualcomm.qti.ims, com.qualcomm.simcontacts, com.android.phone, com.qualcomm.qcrilmsgtunnel, com.qualcomm.qti.networksetting]; permName: android.permission.READ_PHONE_STATE; type = 1; res = -1; stacktrace=java.lang.Exception

09-03 02:05:12.260  1569  1581 I LSPosed-Bridge: 	at com.example.permlabel.requirePerm$1$2.afterHookedMethod(requirePerm.java:133)

09-03 02:05:12.260  1569  1581 I LSPosed-Bridge: 	at de.robv.android.xposed.XposedBridge$AdditionalHookInfo.callback(Unknown Source:147)

09-03 02:05:12.260  1569  1581 I LSPosed-Bridge: 	at LSPHooker_.checkPermission(Unknown Source:25)

09-03 02:05:12.260  1569  1581 I LSPosed-Bridge: 	at android.app.IActivityManager$Stub.onTransact(IActivityManager.java:664)

09-03 02:05:12.260  1569  1581 I LSPosed-Bridge: 	at com.android.server.am.ActivityManagerService.onTransact(ActivityManagerService.java:3346)

09-03 02:05:12.260  1569  1581 I LSPosed-Bridge: 	at android.os.Binder.execTransact(Binder.java:731)

09-03 02:05:12.268  5776  5885 I LSPosed-Bridge: 5776 PermLabel hookBinder_test 10128 interfaceBinder =android.net.IConnectivityManager; arg0 = 3; arg1 = android.os.Parcel@969c98f; arg2 = android.os.Parcel@e71adb6; arg3 = 0; res = true; stacktrace=java.lang.Exception

09-03 02:05:12.268  5776  5885 I LSPosed-Bridge: 	at com.example.permlabel.hookBinder_test$1.afterHookedMethod(hookBinder_test.java:58)

09-03 02:05:12.268  5776  5885 I LSPosed-Bridge: 	at de.robv.android.xposed.XposedBridge$AdditionalHookInfo.callback(Unknown Source:147)

09-03 02:05:12.268  5776  5885 I LSPosed-Bridge: 	at LSPHooker_.transact(Unknown Source:28)

09-03 02:05:12.268  5776  5885 I LSPosed-Bridge: 	at android.net.IConnectivityManager$Stub$Proxy.getActiveNetworkInfo(IConnectivityManager.java:1206)

09-03 02:05:12.268  5776  5885 I LSPosed-Bridge: 	at android.net.ConnectivityManager.getActiveNetworkInfo(ConnectivityManager.java:890)

09-03 02:05:12.268  5776  5885 I LSPosed-Bridge: 	at com.mob.tools.utils.DeviceHelper.getNetworkType(SourceFile:3)

09-03 02:05:12.268  5776  5885 I LSPosed-Bridge: 	at com.mob.tools.utils.DeviceHelper.getNetworkTypeForStatic(SourceFile:1)

09-03 02:05:12.268  5776  5885 I LSPosed-Bridge: 	at com.mob.commons.MobProductCollector.getUserIdentity(SourceFile:15)

09-03 02:05:12.268  5776  5885 I LSPosed-Bridge: 	at com.mob.commons.MobProductCollector.getUserIdentity(SourceFile:1)

09-03 02:05:12.268  5776  5885 I LSPosed-Bridge: 	at com.mob.commons.b.as(SourceFile:43)

09-03 02:05:12.268  5776  5885 I LSPosed-Bridge: 	at com.mob.commons.b.ap(SourceFile:1)

09-03 02:05:12.268  5776  5885 I LSPosed-Bridge: 	at com.mob.commons.b.c(SourceFile:5)

09-03 02:05:12.268  5776  5885 I LSPosed-Bridge: 	at com.mob.commons.b.a(SourceFile:15)

09-03 02:05:12.268  5776  5885 I LSPosed-Bridge: 	at com.mob.commons.b.B(SourceFile:1)

09-03 02:05:12.268  5776  5885 I LSPosed-Bridge: 	at com.mob.commons.a.a.a_(SourceFile:1)

09-03 02:05:12.268  5776  5885 I LSPosed-Bridge: 	at com.mob.commons.a.a$1.run(SourceFile:1)

09-03 02:05:12.268  5776  5852 I LSPosed-Bridge: 5776 PermLabel hookBinder_test 10128 interfaceBinder =android.content.pm.IPackageManager; arg0 = 34; arg1 = android.os.Parcel@86a3008; arg2 = android.os.Parcel@a68b194; arg3 = 0; res = true; stacktrace=java.lang.Exception

09-03 02:05:12.268  5776  5852 I LSPosed-Bridge: 	at com.example.permlabel.hookBinder_test$1.afterHookedMethod(hookBinder_test.java:58)

09-03 02:05:12.268  5776  5852 I LSPosed-Bridge: 	at de.robv.android.xposed.XposedBridge$AdditionalHookInfo.callback(Unknown Source:147)

09-03 02:05:12.268  5776  5852 I LSPosed-Bridge: 	at LSPHooker_.transact(Unknown Source:28)

09-03 02:05:12.268  5776  5852 I LSPosed-Bridge: 	at android.content.pm.IPackageManager$Stub$Proxy.getPackagesForUid(IPackageManager.java:3558)

09-03 02:05:12.268  5776  5852 I LSPosed-Bridge: 	at android.app.ApplicationPackageManager.getPackagesForUid(ApplicationPackageManager.java:731)

09-03 02:05:12.268  1569  1673 I LSPosed-Bridge: 5776 PermLabel 10128 AMS.checkPermission: Binder.getCallingPid() = 1895; uid = 10128; Binder.getCallingUid() = 1001; getNameForUid: android.uid.phone:1001; getPackagesForUid: [com.qualcomm.qti.autoregistration, com.android.stk, com.qti.confuridialer, org.codeaurora.ims, com.qualcomm.qti.telephonyservice, com.qualcomm.qti.lpa, com.qti.xdivert, com.qualcomm.qti.callfeaturessetting, com.qti.qualcomm.datastatusnotification, com.qti.qualcomm.deviceinfo, com.qualcomm.qti.uim, com.android.mms.service, com.android.providers.telephony, com.qualcomm.qti.ims, com.qualcomm.simcontacts, com.android.phone, com.qualcomm.qcrilmsgtunnel, com.qualcomm.qti.networksetting]; permName: android.permission.READ_PHONE_STATE; type = 1; res = -1; stacktrace=java.lang.Exception

09-03 02:05:12.268  1569  1673 I LSPosed-Bridge: 	at com.example.permlabel.requirePerm$1$2.afterHookedMethod(requirePerm.java:133)

09-03 02:05:12.268  1569  1673 I LSPosed-Bridge: 	at de.robv.android.xposed.XposedBridge$AdditionalHookInfo.callback(Unknown Source:147)

09-03 02:05:12.268  1569  1673 I LSPosed-Bridge: 	at LSPHooker_.checkPermission(Unknown Source:25)

09-03 02:05:12.268  1569  1673 I LSPosed-Bridge: 	at android.app.IActivityManager$Stub.onTransact(IActivityManager.java:664)

09-03 02:05:12.268  1569  1673 I LSPosed-Bridge: 	at com.android.server.am.ActivityManagerService.onTransact(ActivityManagerService.java:3346)

09-03 02:05:12.268  1569  1673 I LSPosed-Bridge: 	at android.os.Binder.execTransact(Binder.java:731)

09-03 02:05:12.316  5776  5776 I LSPosed-Bridge: 5776 PermLabel hookBinder_test 10128 interfaceBinder =android.app.IActivityManager; arg0 = 81; arg1 = android.os.Parcel@33979bd; arg2 = android.os.Parcel@969c98f; arg3 = 0; res = true; stacktrace=java.lang.Exception

09-03 02:05:12.316  5776  5776 I LSPosed-Bridge: 	at com.example.permlabel.hookBinder_test$1.afterHookedMethod(hookBinder_test.java:58)

09-03 02:05:12.316  5776  5776 I LSPosed-Bridge: 	at de.robv.android.xposed.XposedBridge$AdditionalHookInfo.callback(Unknown Source:147)

09-03 02:05:12.316  5776  5776 I LSPosed-Bridge: 	at LSPHooker_.transact(Unknown Source:28)

09-03 02:05:12.316  5776  5776 I LSPosed-Bridge: 	at android.app.IActivityManager$Stub$Proxy.getRunningAppProcesses(IActivityManager.java:5366)

09-03 02:05:12.316  5776  5776 I LSPosed-Bridge: 	at android.app.ActivityManager.getRunningAppProcesses(ActivityManager.java:3435)

09-03 02:05:12.316  5776  5776 I LSPosed-Bridge: 	at java.lang.reflect.Method.invoke(Native Method)

09-03 02:05:12.316  5776  5776 I LSPosed-Bridge: 	at org.lsposed.lspd.nativebridge.HookBridge.invokeOriginalMethod(Native Method)

09-03 02:05:12.316  5776  5776 I LSPosed-Bridge: 	at de.robv.android.xposed.XposedBridge$AdditionalHookInfo.callback(Unknown Source:110)

09-03 02:05:12.316  5776  5776 I LSPosed-Bridge: 	at LSPHooker_.getRunningAppProcesses(Unknown Source:8)

09-03 02:05:12.316  5776  5776 I LSPosed-Bridge: 	at com.baidu.lbsapi.auth.LBSAuthManager.a(Unknown Source:12)

09-03 02:05:12.316  5776  5776 I LSPosed-Bridge: 	at com.baidu.lbsapi.auth.LBSAuthManager.e(Unknown Source:14)

09-03 02:05:12.316  5776  5776 I LSPosed-Bridge: 	at com.baidu.lbsapi.auth.LBSAuthManager.authenticate(Unknown Source:81)

09-03 02:05:12.316  5776  5776 I LSPosed-Bridge: 	at com.baidu.platform.comapi.util.PermissionCheck.permissionCheck(Unknown Source:25)

09-03 02:05:12.316  5776  5776 I LSPosed-Bridge: 	at com.baidu.platform.comapi.a.c(Unknown Source:27)

09-03 02:05:12.316  5776  5776 I LSPosed-Bridge: 	at com.baidu.platform.comapi.c.a(Unknown Source:27)

09-03 02:05:12.316  5776  5776 I LSPosed-Bridge: 	at com.baidu.mapapi.SDKInitializer.initialize(Unknown Source:0)

09-03 02:05:12.316  5776  5776 I LSPosed-Bridge: 	at com.baidu.mapapi.SDKInitializer.initialize(Unknown Source:1)

09-03 02:05:12.316  5776  5776 I LSPosed-Bridge: 	at com.ataolu.android.AppApplication.onCreate(SourceFile:12)

09-03 02:05:12.316  5776  5776 I LSPosed-Bridge: 	at com.stub.StubApp.onCreate(SourceFile:118)

09-03 02:05:12.316  5776  5776 I LSPosed-Bridge: 	at android.app.Instrumentation.callApplicationOnCreate(Instrumentation.java:1155)

09-03 02:05:12.316  5776  5776 I LSPosed-Bridge: 	at android.app.ActivityThread.handleBindApplication(ActivityThread.java:5885)

09-03 02:05:12.316  5776  5776 I LSPosed-Bridge: 	at android.app.ActivityThread.access$1100(ActivityThread.java:200)

09-03 02:05:12.316  5776  5776 I LSPosed-Bridge: 	at android.app.ActivityThread$H.handleMessage(ActivityThread.java:1651)

09-03 02:05:12.316  5776  5776 I LSPosed-Bridge: 	at android.os.Handler.dispatchMessage(Handler.java:106)

09-03 02:05:12.316  5776  5776 I LSPosed-Bridge: 	at android.os.Looper.loop(Looper.java:193)

09-03 02:05:12.316  5776  5776 I LSPosed-Bridge: 	at android.app.ActivityThread.main(ActivityThread.java:6692)

09-03 02:05:12.316  5776  5776 I LSPosed-Bridge: 	at java.lang.reflect.Method.invoke(Native Method)

09-03 02:05:12.316  5776  5776 I LSPosed-Bridge: 	at com.android.internal.os.RuntimeInit$MethodAndArgsCaller.run(RuntimeInit.java:493)

09-03 02:05:12.316  5776  5776 I LSPosed-Bridge: 	at com.android.internal.os.ZygoteInit.main(ZygoteInit.java:858)

09-03 02:05:12.316  5776  5942 I LSPosed-Bridge: 5776 PermLabel hookBinder_test 10128 interfaceBinder =android.content.pm.IPackageManager; arg0 = 3; arg1 = android.os.Parcel@a68b194; arg2 = android.os.Parcel@86a3008; arg3 = 0; res = true; stacktrace=java.lang.Exception

09-03 02:05:12.316  5776  5942 I LSPosed-Bridge: 	at com.example.permlabel.hookBinder_test$1.afterHookedMethod(hookBinder_test.java:58)

09-03 02:05:12.316  5776  5942 I LSPosed-Bridge: 	at de.robv.android.xposed.XposedBridge$AdditionalHookInfo.callback(Unknown Source:147)

09-03 02:05:12.316  5776  5942 I LSPosed-Bridge: 	at LSPHooker_.transact(Unknown Source:28)

09-03 02:05:12.316  5776  5942 I LSPosed-Bridge: 	at android.content.pm.IPackageManager$Stub$Proxy.getPackageInfo(IPackageManager.java:2876)

09-03 02:05:12.316  5776  5942 I LSPosed-Bridge: 	at android.app.ApplicationPackageManager.getPackageInfoAsUser(ApplicationPackageManager.java:174)

09-03 02:05:12.316  5776  5942 I LSPosed-Bridge: 	at android.app.ApplicationPackageManager.getPackageInfo(ApplicationPackageManager.java:152)

09-03 02:05:12.316  5776  5942 I LSPosed-Bridge: 	at com.mob.tools.utils.DeviceHelper.getAppVersionName(SourceFile:2)

09-03 02:05:12.316  5776  5942 I LSPosed-Bridge: 	at cn.sharesdk.framework.b.c.h(SourceFile:1)

09-03 02:05:12.316  5776  5942 I LSPosed-Bridge: 	at cn.sharesdk.framework.b.c.<init>(SourceFile:12)

09-03 02:05:12.316  5776  5942 I LSPosed-Bridge: 	at cn.sharesdk.framework.b.a.<init>(SourceFile:3)

09-03 02:05:12.316  5776  5942 I LSPosed-Bridge: 	at cn.sharesdk.framework.b.a.a(SourceFile:2)

09-03 02:05:12.316  5776  5942 I LSPosed-Bridge: 	at cn.sharesdk.framework.b.d.<init>(SourceFile:3)

09-03 02:05:12.316  5776  5942 I LSPosed-Bridge: 	at cn.sharesdk.framework.b.d.a(SourceFile:3)

09-03 02:05:12.316  5776  5942 I LSPosed-Bridge: 	at cn.sharesdk.framework.h.a(SourceFile:17)

09-03 02:05:12.316  5776  5942 I LSPosed-Bridge: 	at cn.sharesdk.framework.i.a(SourceFile:26)

09-03 02:05:12.316  5776  5942 I LSPosed-Bridge: 	at cn.sharesdk.framework.utils.e.handleMessage(SourceFile:3)

09-03 02:05:12.316  5776  5942 I LSPosed-Bridge: 	at android.os.Handler.dispatchMessage(Handler.java:102)

09-03 02:05:12.316  5776  5942 I LSPosed-Bridge: 	at android.os.Looper.loop(Looper.java:193)

09-03 02:05:12.316  5776  5942 I LSPosed-Bridge: 	at com.mob.tools.MobHandlerThread.run(SourceFile:11)

09-03 02:05:12.316  5776  5942 I LSPosed-Bridge: 	at com.mob.tools.MobHandlerThread$1.run(SourceFile:3)

09-03 02:05:12.316  5776  5776 I LSPosed-Bridge: 5776 PermLabel getRunningAppProcesses =android.app.ActivityManager$RunningAppProcessInfo@39d75f8

09-03 02:05:12.316  5776  5776 I LSPosed-Bridge: 5776 PermLabel getRunningAppProcesses processName: com.ataolu.android pid: 5776

09-03 02:05:12.316  5776  5776 I LSPosed-Bridge: 5776 PermLabel getRunningAppProcesses importance: 100 pid: 5776

09-03 02:05:12.316  5776  5776 I LSPosed-Bridge: 5776 PermLabel getRunningAppProcesses packageName com.ataolu.android at index 0 in process 5776

09-03 02:05:12.316  5776  5852 I LSPosed-Bridge: 5776 PermLabel hookBinder_test 10128 interfaceBinder =android.content.pm.IPackageManager; arg0 = 34; arg1 = android.os.Parcel@e3bf1ab; arg2 = android.os.Parcel@e71adb6; arg3 = 0; res = true; stacktrace=java.lang.Exception

09-03 02:05:12.316  5776  5852 I LSPosed-Bridge: 	at com.example.permlabel.hookBinder_test$1.afterHookedMethod(hookBinder_test.java:58)

09-03 02:05:12.316  5776  5852 I LSPosed-Bridge: 	at de.robv.android.xposed.XposedBridge$AdditionalHookInfo.callback(Unknown Source:147)

09-03 02:05:12.316  5776  5852 I LSPosed-Bridge: 	at LSPHooker_.transact(Unknown Source:28)

09-03 02:05:12.316  5776  5852 I LSPosed-Bridge: 	at android.content.pm.IPackageManager$Stub$Proxy.getPackagesForUid(IPackageManager.java:3558)

09-03 02:05:12.316  5776  5852 I LSPosed-Bridge: 	at android.app.ApplicationPackageManager.getPackagesForUid(ApplicationPackageManager.java:731)

09-03 02:05:12.316  5776  5776 I LSPosed-Bridge: 5776 PermLabel permName: android.permission.READ_PHONE_STATE; getRunningAppProcesses =[android.app.ActivityManager$RunningAppProcessInfo@39d75f8]; stacktrace=java.lang.Exception

09-03 02:05:12.316  5776  5776 I LSPosed-Bridge: 	at com.example.permlabel.hookBinder_test$2.afterHookedMethod(hookBinder_test.java:98)

09-03 02:05:12.316  5776  5776 I LSPosed-Bridge: 	at de.robv.android.xposed.XposedBridge$AdditionalHookInfo.callback(Unknown Source:147)

09-03 02:05:12.316  5776  5776 I LSPosed-Bridge: 	at LSPHooker_.getRunningAppProcesses(Unknown Source:8)

09-03 02:05:12.316  5776  5776 I LSPosed-Bridge: 	at com.baidu.lbsapi.auth.LBSAuthManager.a(Unknown Source:12)

09-03 02:05:12.316  5776  5776 I LSPosed-Bridge: 	at com.baidu.lbsapi.auth.LBSAuthManager.e(Unknown Source:14)

09-03 02:05:12.316  5776  5776 I LSPosed-Bridge: 	at com.baidu.lbsapi.auth.LBSAuthManager.authenticate(Unknown Source:81)

09-03 02:05:12.316  5776  5776 I LSPosed-Bridge: 	at com.baidu.platform.comapi.util.PermissionCheck.permissionCheck(Unknown Source:25)

09-03 02:05:12.316  5776  5776 I LSPosed-Bridge: 	at com.baidu.platform.comapi.a.c(Unknown Source:27)

09-03 02:05:12.316  5776  5776 I LSPosed-Bridge: 	at com.baidu.platform.comapi.c.a(Unknown Source:27)

09-03 02:05:12.316  5776  5776 I LSPosed-Bridge: 	at com.baidu.mapapi.SDKInitializer.initialize(Unknown Source:0)

09-03 02:05:12.316  5776  5776 I LSPosed-Bridge: 	at com.baidu.mapapi.SDKInitializer.initialize(Unknown Source:1)

09-03 02:05:12.316  5776  5776 I LSPosed-Bridge: 	at com.ataolu.android.AppApplication.onCreate(SourceFile:12)

09-03 02:05:12.316  5776  5776 I LSPosed-Bridge: 	at com.stub.StubApp.onCreate(SourceFile:118)

09-03 02:05:12.316  5776  5776 I LSPosed-Bridge: 	at android.app.Instrumentation.callApplicationOnCreate(Instrumentation.java:1155)

09-03 02:05:12.316  5776  5776 I LSPosed-Bridge: 	at android.app.ActivityThread.handleBindApplication(ActivityThread.java:5885)

09-03 02:05:12.316  5776  5776 I LSPosed-Bridge: 	at android.app.ActivityThread.access$1100(ActivityThread.java:200)

09-03 02:05:12.316  5776  5776 I LSPosed-Bridge: 	at android.app.ActivityThread$H.handleMessage(ActivityThread.java:1651)

09-03 02:05:12.316  5776  5776 I LSPosed-Bridge: 	at android.os.Handler.dispatchMessage(Handler.java:106)

09-03 02:05:12.316  5776  5776 I LSPosed-Bridge: 	at android.os.Looper.loop(Looper.java:193)

09-03 02:05:12.316  5776  5776 I LSPosed-Bridge: 	at android.app.ActivityThread.main(ActivityThread.java:6692)

09-03 02:05:12.316  5776  5776 I LSPosed-Bridge: 	at java.lang.reflect.Method.invoke(Native Method)

09-03 02:05:12.316  5776  5776 I LSPosed-Bridge: 	at com.android.internal.os.RuntimeInit$MethodAndArgsCaller.run(RuntimeInit.java:493)

09-03 02:05:12.316  5776  5776 I LSPosed-Bridge: 	at com.android.internal.os.ZygoteInit.main(ZygoteInit.java:858)

09-03 02:05:12.316  5776  5852 I LSPosed-Bridge: 5776 PermLabel hookBinder_test 10128 interfaceBinder =android.content.pm.IPackageManager; arg0 = 34; arg1 = android.os.Parcel@969c98f; arg2 = android.os.Parcel@33979bd; arg3 = 0; res = true; stacktrace=java.lang.Exception

09-03 02:05:12.316  5776  5852 I LSPosed-Bridge: 	at com.example.permlabel.hookBinder_test$1.afterHookedMethod(hookBinder_test.java:58)

09-03 02:05:12.316  5776  5852 I LSPosed-Bridge: 	at de.robv.android.xposed.XposedBridge$AdditionalHookInfo.callback(Unknown Source:147)

09-03 02:05:12.316  5776  5852 I LSPosed-Bridge: 	at LSPHooker_.transact(Unknown Source:28)

09-03 02:05:12.316  5776  5852 I LSPosed-Bridge: 	at android.content.pm.IPackageManager$Stub$Proxy.getPackagesForUid(IPackageManager.java:3558)

09-03 02:05:12.316  5776  5852 I LSPosed-Bridge: 	at android.app.ApplicationPackageManager.getPackagesForUid(ApplicationPackageManager.java:731)

09-03 02:05:12.324  5776  5776 I LSPosed-Bridge: 5776 PermLabel permName: android.permission.READ_PHONE_STATE; getRunningAppProcesses =[android.app.ActivityManager$RunningAppProcessInfo@1816f2f]; stacktrace=java.lang.Exception

09-03 02:05:12.324  5776  5776 I LSPosed-Bridge: 	at com.example.permlabel.hookBinder_test$2.afterHookedMethod(hookBinder_test.java:98)

09-03 02:05:12.324  5776  5776 I LSPosed-Bridge: 	at de.robv.android.xposed.XposedBridge$AdditionalHookInfo.callback(Unknown Source:147)

09-03 02:05:12.324  5776  5776 I LSPosed-Bridge: 	at LSPHooker_.getRunningAppProcesses(Unknown Source:8)

09-03 02:05:12.324  5776  5776 I LSPosed-Bridge: 	at com.baidu.lbsapi.auth.LBSAuthManager.a(Unknown Source:12)

09-03 02:05:12.324  5776  5776 I LSPosed-Bridge: 	at com.baidu.lbsapi.auth.LBSAuthManager.c(Unknown Source:14)

09-03 02:05:12.324  5776  5776 I LSPosed-Bridge: 	at com.baidu.lbsapi.auth.LBSAuthManager.authenticate(Unknown Source:134)

09-03 02:05:12.324  5776  5776 I LSPosed-Bridge: 	at com.baidu.platform.comapi.util.PermissionCheck.permissionCheck(Unknown Source:25)

09-03 02:05:12.324  5776  5776 I LSPosed-Bridge: 	at com.baidu.platform.comapi.a.c(Unknown Source:27)

09-03 02:05:12.324  5776  5776 I LSPosed-Bridge: 	at com.baidu.platform.comapi.c.a(Unknown Source:27)

09-03 02:05:12.324  5776  5776 I LSPosed-Bridge: 	at com.baidu.mapapi.SDKInitializer.initialize(Unknown Source:0)

09-03 02:05:12.324  5776  5776 I LSPosed-Bridge: 	at com.baidu.mapapi.SDKInitializer.initialize(Unknown Source:1)

09-03 02:05:12.324  5776  5776 I LSPosed-Bridge: 	at com.ataolu.android.AppApplication.onCreate(SourceFile:12)

09-03 02:05:12.324  5776  5776 I LSPosed-Bridge: 	at com.stub.StubApp.onCreate(SourceFile:118)

09-03 02:05:12.324  5776  5776 I LSPosed-Bridge: 	at android.app.Instrumentation.callApplicationOnCreate(Instrumentation.java:1155)

09-03 02:05:12.324  5776  5776 I LSPosed-Bridge: 	at android.app.ActivityThread.handleBindApplication(ActivityThread.java:5885)

09-03 02:05:12.324  5776  5776 I LSPosed-Bridge: 	at android.app.ActivityThread.access$1100(ActivityThread.java:200)

09-03 02:05:12.324  5776  5776 I LSPosed-Bridge: 	at android.app.ActivityThread$H.handleMessage(ActivityThread.java:1651)

09-03 02:05:12.324  5776  5776 I LSPosed-Bridge: 	at android.os.Handler.dispatchMessage(Handler.java:106)

09-03 02:05:12.324  5776  5776 I LSPosed-Bridge: 	at android.os.Looper.loop(Looper.java:193)

09-03 02:05:12.324  5776  5776 I LSPosed-Bridge: 	at android.app.ActivityThread.main(ActivityThread.java:6692)

09-03 02:05:12.324  5776  5776 I LSPosed-Bridge: 	at java.lang.reflect.Method.invoke(Native Method)

09-03 02:05:12.324  5776  5776 I LSPosed-Bridge: 	at com.android.internal.os.RuntimeInit$MethodAndArgsCaller.run(RuntimeInit.java:493)

09-03 02:05:12.324  5776  5776 I LSPosed-Bridge: 	at com.android.internal.os.ZygoteInit.main(ZygoteInit.java:858)

09-03 02:05:12.324  5776  5852 I LSPosed-Bridge: 5776 PermLabel hookBinder_test 10128 interfaceBinder =android.content.pm.IPackageManager; arg0 = 34; arg1 = android.os.Parcel@969c98f; arg2 = android.os.Parcel@33979bd; arg3 = 0; res = true; stacktrace=java.lang.Exception

09-03 02:05:12.324  5776  5852 I LSPosed-Bridge: 	at com.example.permlabel.hookBinder_test$1.afterHookedMethod(hookBinder_test.java:58)

09-03 02:05:12.324  5776  5852 I LSPosed-Bridge: 	at de.robv.android.xposed.XposedBridge$AdditionalHookInfo.callback(Unknown Source:147)

09-03 02:05:12.324  5776  5852 I LSPosed-Bridge: 	at LSPHooker_.transact(Unknown Source:28)

09-03 02:05:12.324  5776  5852 I LSPosed-Bridge: 	at android.content.pm.IPackageManager$Stub$Proxy.getPackagesForUid(IPackageManager.java:3558)

09-03 02:05:12.324  5776  5852 I LSPosed-Bridge: 	at android.app.ApplicationPackageManager.getPackagesForUid(ApplicationPackageManager.java:731)

09-03 02:05:12.895  5776  5852 I LSPosed-Bridge: 5776 PermLabel hookBinder_test 10128 interfaceBinder =android.content.pm.IPackageManager; arg0 = 34; arg1 = android.os.Parcel@1f927a9; arg2 = android.os.Parcel@969c98f; arg3 = 0; res = true; stacktrace=java.lang.Exception

09-03 02:05:12.895  5776  5852 I LSPosed-Bridge: 	at com.example.permlabel.hookBinder_test$1.afterHookedMethod(hookBinder_test.java:58)

09-03 02:05:12.895  5776  5852 I LSPosed-Bridge: 	at de.robv.android.xposed.XposedBridge$AdditionalHookInfo.callback(Unknown Source:147)

09-03 02:05:12.895  5776  5852 I LSPosed-Bridge: 	at LSPHooker_.transact(Unknown Source:28)

09-03 02:05:12.895  5776  5852 I LSPosed-Bridge: 	at android.content.pm.IPackageManager$Stub$Proxy.getPackagesForUid(IPackageManager.java:3558)

09-03 02:05:12.895  5776  5852 I LSPosed-Bridge: 	at android.app.ApplicationPackageManager.getPackagesForUid(ApplicationPackageManager.java:731)

09-03 02:05:12.895  5776  5877 I LSPosed-Bridge: 5776 PermLabel hookBinder_test 10128 interfaceBinder =android.content.pm.IPackageManager; arg0 = 9; arg1 = android.os.Parcel@a68b194; arg2 = android.os.Parcel@e71adb6; arg3 = 0; res = true; stacktrace=java.lang.Exception

09-03 02:05:12.895  5776  5877 I LSPosed-Bridge: 	at com.example.permlabel.hookBinder_test$1.afterHookedMethod(hookBinder_test.java:58)

09-03 02:05:12.895  5776  5877 I LSPosed-Bridge: 	at de.robv.android.xposed.XposedBridge$AdditionalHookInfo.callback(Unknown Source:147)

09-03 02:05:12.895  5776  5877 I LSPosed-Bridge: 	at LSPHooker_.transact(Unknown Source:28)

09-03 02:05:12.895  5776  5877 I LSPosed-Bridge: 	at android.content.pm.IPackageManager$Stub$Proxy.getPermissionInfo(IPackageManager.java:3008)

09-03 02:05:12.895  5776  5877 I LSPosed-Bridge: 	at android.app.ApplicationPackageManager.getPermissionInfo(ApplicationPackageManager.java:306)

09-03 02:05:12.895  5776  5877 I LSPosed-Bridge: 	at com.example.permlabel.requestPerm$2.afterHookedMethod(requestPerm.java:179)

09-03 02:05:12.895  5776  5877 I LSPosed-Bridge: 	at de.robv.android.xposed.XposedBridge$AdditionalHookInfo.callback(Unknown Source:147)

09-03 02:05:12.895  5776  5877 I LSPosed-Bridge: 	at LSPHooker_.checkPermission(Unknown Source:25)

09-03 02:05:12.895  5776  5877 I LSPosed-Bridge: 	at android.app.ContextImpl.checkSelfPermission(ContextImpl.java:1801)

09-03 02:05:12.895  5776  5877 I LSPosed-Bridge: 	at android.content.ContextWrapper.checkSelfPermission(ContextWrapper.java:759)

09-03 02:05:12.895  5776  5877 I LSPosed-Bridge: 	at java.lang.reflect.Method.invoke(Native Method)

09-03 02:05:12.895  5776  5877 I LSPosed-Bridge: 	at com.mob.tools.utils.ReflectHelper.invokeMethod(SourceFile:11)

09-03 02:05:12.895  5776  5877 I LSPosed-Bridge: 	at com.mob.tools.utils.ReflectHelper.invokeInstanceMethod(SourceFile:1)

09-03 02:05:12.895  5776  5877 I LSPosed-Bridge: 	at com.mob.tools.utils.DeviceHelper.checkPermission(SourceFile:3)

09-03 02:05:12.895  5776  5877 I LSPosed-Bridge: 	at com.mob.tools.utils.DeviceHelper.getIMEI(SourceFile:4)

09-03 02:05:12.895  5776  5877 I LSPosed-Bridge: 	at com.mob.commons.authorize.a.c(SourceFile:7)

09-03 02:05:12.895  5776  5877 I LSPosed-Bridge: 	at com.mob.commons.authorize.a.b(SourceFile:7)

09-03 02:05:12.895  5776  5877 I LSPosed-Bridge: 	at com.mob.commons.authorize.a.a(SourceFile:35)

09-03 02:05:12.895  5776  5877 I LSPosed-Bridge: 	at com.mob.commons.authorize.a.a(SourceFile:31)

09-03 02:05:12.895  5776  5877 I LSPosed-Bridge: 	at com.mob.commons.authorize.a.a(SourceFile:1)

09-03 02:05:12.895  5776  5877 I LSPosed-Bridge: 	at com.mob.commons.authorize.a$1.run(SourceFile:2)

09-03 02:05:12.895  5776  5877 I LSPosed-Bridge: 	at com.mob.commons.e.a(SourceFile:13)

09-03 02:05:12.895  5776  5877 I LSPosed-Bridge: 	at com.mob.commons.e.a(SourceFile:2)

09-03 02:05:12.895  5776  5877 I LSPosed-Bridge: 	at com.mob.commons.authorize.a.a(SourceFile:8)

09-03 02:05:12.895  5776  5877 I LSPosed-Bridge: 	at com.mob.commons.authorize.DeviceAuthorizer.b(SourceFile:6)

09-03 02:05:12.895  5776  5877 I LSPosed-Bridge: 	at com.mob.commons.authorize.DeviceAuthorizer.authorize(SourceFile:7)

09-03 02:05:12.895  5776  5877 I LSPosed-Bridge: 	at com.mob.MobSDK$1.run(SourceFile:2)

09-03 02:05:12.895  5776  5877 I LSPosed-Bridge: 5776 PermLabel 10128 ContextImpl Binder.getCallingPid() = 5776; Binder.getCallingUid() = 10128; permName: android.permission.READ_PHONE_STATE; res = -1; stacktrace=java.lang.Exception

09-03 02:05:12.895  5776  5877 I LSPosed-Bridge: 	at com.example.permlabel.requestPerm$2.afterHookedMethod(requestPerm.java:189)

09-03 02:05:12.895  5776  5877 I LSPosed-Bridge: 	at de.robv.android.xposed.XposedBridge$AdditionalHookInfo.callback(Unknown Source:147)

09-03 02:05:12.895  5776  5877 I LSPosed-Bridge: 	at LSPHooker_.checkPermission(Unknown Source:25)

09-03 02:05:12.895  5776  5877 I LSPosed-Bridge: 	at android.app.ContextImpl.checkSelfPermission(ContextImpl.java:1801)

09-03 02:05:12.895  5776  5877 I LSPosed-Bridge: 	at android.content.ContextWrapper.checkSelfPermission(ContextWrapper.java:759)

09-03 02:05:12.895  5776  5877 I LSPosed-Bridge: 	at java.lang.reflect.Method.invoke(Native Method)

09-03 02:05:12.895  5776  5877 I LSPosed-Bridge: 	at com.mob.tools.utils.ReflectHelper.invokeMethod(SourceFile:11)

09-03 02:05:12.895  5776  5877 I LSPosed-Bridge: 	at com.mob.tools.utils.ReflectHelper.invokeInstanceMethod(SourceFile:1)

09-03 02:05:12.895  5776  5877 I LSPosed-Bridge: 	at com.mob.tools.utils.DeviceHelper.checkPermission(SourceFile:3)

09-03 02:05:12.895  5776  5877 I LSPosed-Bridge: 	at com.mob.tools.utils.DeviceHelper.getIMEI(SourceFile:4)

09-03 02:05:12.895  5776  5877 I LSPosed-Bridge: 	at com.mob.commons.authorize.a.c(SourceFile:7)

09-03 02:05:12.895  5776  5877 I LSPosed-Bridge: 	at com.mob.commons.authorize.a.b(SourceFile:7)

09-03 02:05:12.895  5776  5877 I LSPosed-Bridge: 	at com.mob.commons.authorize.a.a(SourceFile:35)

09-03 02:05:12.895  5776  5877 I LSPosed-Bridge: 	at com.mob.commons.authorize.a.a(SourceFile:31)

09-03 02:05:12.895  5776  5877 I LSPosed-Bridge: 	at com.mob.commons.authorize.a.a(SourceFile:1)

09-03 02:05:12.895  5776  5877 I LSPosed-Bridge: 	at com.mob.commons.authorize.a$1.run(SourceFile:2)

09-03 02:05:12.895  5776  5877 I LSPosed-Bridge: 	at com.mob.commons.e.a(SourceFile:13)

09-03 02:05:12.895  5776  5877 I LSPosed-Bridge: 	at com.mob.commons.e.a(SourceFile:2)

09-03 02:05:12.895  5776  5877 I LSPosed-Bridge: 	at com.mob.commons.authorize.a.a(SourceFile:8)

09-03 02:05:12.895  5776  5877 I LSPosed-Bridge: 	at com.mob.commons.authorize.DeviceAuthorizer.b(SourceFile:6)

09-03 02:05:12.895  5776  5877 I LSPosed-Bridge: 	at com.mob.commons.authorize.DeviceAuthorizer.authorize(SourceFile:7)

09-03 02:05:12.895  5776  5877 I LSPosed-Bridge: 	at com.mob.MobSDK$1.run(SourceFile:2)

09-03 02:05:12.896  5776  5852 I LSPosed-Bridge: 5776 PermLabel hookBinder_test 10128 interfaceBinder =android.content.pm.IPackageManager; arg0 = 34; arg1 = android.os.Parcel@969c98f; arg2 = android.os.Parcel@1f927a9; arg3 = 0; res = true; stacktrace=java.lang.Exception

09-03 02:05:12.896  5776  5852 I LSPosed-Bridge: 	at com.example.permlabel.hookBinder_test$1.afterHookedMethod(hookBinder_test.java:58)

09-03 02:05:12.896  5776  5852 I LSPosed-Bridge: 	at de.robv.android.xposed.XposedBridge$AdditionalHookInfo.callback(Unknown Source:147)

09-03 02:05:12.896  5776  5852 I LSPosed-Bridge: 	at LSPHooker_.transact(Unknown Source:28)

09-03 02:05:12.896  5776  5852 I LSPosed-Bridge: 	at android.content.pm.IPackageManager$Stub$Proxy.getPackagesForUid(IPackageManager.java:3558)

09-03 02:05:12.896  5776  5852 I LSPosed-Bridge: 	at android.app.ApplicationPackageManager.getPackagesForUid(ApplicationPackageManager.java:731)

09-03 02:05:12.896  5776  5877 I LSPosed-Bridge: 5776 PermLabel 10128 ContextImpl.checkPermission: pid = 5776; uid = 10128; permName: android.permission.READ_PHONE_STATE; type = 1; res = -1; stacktrace=java.lang.Exception

09-03 02:05:12.896  5776  5877 I LSPosed-Bridge: 	at com.example.permlabel.requestPerm$2.afterHookedMethod(requestPerm.java:213)

09-03 02:05:12.896  5776  5877 I LSPosed-Bridge: 	at de.robv.android.xposed.XposedBridge$AdditionalHookInfo.callback(Unknown Source:147)

09-03 02:05:12.896  5776  5877 I LSPosed-Bridge: 	at LSPHooker_.checkPermission(Unknown Source:25)

09-03 02:05:12.896  5776  5877 I LSPosed-Bridge: 	at android.app.ContextImpl.checkSelfPermission(ContextImpl.java:1801)

09-03 02:05:12.896  5776  5877 I LSPosed-Bridge: 	at android.content.ContextWrapper.checkSelfPermission(ContextWrapper.java:759)

09-03 02:05:12.896  5776  5877 I LSPosed-Bridge: 	at java.lang.reflect.Method.invoke(Native Method)

09-03 02:05:12.896  5776  5877 I LSPosed-Bridge: 	at com.mob.tools.utils.ReflectHelper.invokeMethod(SourceFile:11)

09-03 02:05:12.896  5776  5877 I LSPosed-Bridge: 	at com.mob.tools.utils.ReflectHelper.invokeInstanceMethod(SourceFile:1)

09-03 02:05:12.896  5776  5877 I LSPosed-Bridge: 	at com.mob.tools.utils.DeviceHelper.checkPermission(SourceFile:3)

09-03 02:05:12.896  5776  5877 I LSPosed-Bridge: 	at com.mob.tools.utils.DeviceHelper.getIMEI(SourceFile:4)

09-03 02:05:12.896  5776  5877 I LSPosed-Bridge: 	at com.mob.commons.authorize.a.c(SourceFile:7)

09-03 02:05:12.896  5776  5877 I LSPosed-Bridge: 	at com.mob.commons.authorize.a.b(SourceFile:7)

09-03 02:05:12.896  5776  5877 I LSPosed-Bridge: 	at com.mob.commons.authorize.a.a(SourceFile:35)

09-03 02:05:12.896  5776  5877 I LSPosed-Bridge: 	at com.mob.commons.authorize.a.a(SourceFile:31)

09-03 02:05:12.896  5776  5877 I LSPosed-Bridge: 	at com.mob.commons.authorize.a.a(SourceFile:1)

09-03 02:05:12.896  5776  5877 I LSPosed-Bridge: 	at com.mob.commons.authorize.a$1.run(SourceFile:2)

09-03 02:05:12.896  5776  5877 I LSPosed-Bridge: 	at com.mob.commons.e.a(SourceFile:13)

09-03 02:05:12.896  5776  5877 I LSPosed-Bridge: 	at com.mob.commons.e.a(SourceFile:2)

09-03 02:05:12.896  5776  5877 I LSPosed-Bridge: 	at com.mob.commons.authorize.a.a(SourceFile:8)

