09-03 02:05:21.135  5776  6248 I LSPosed-Bridge: 	at de.robv.android.xposed.XposedBridge$AdditionalHookInfo.callback(Unknown Source:147)

09-03 02:05:21.135  5776  6248 I LSPosed-Bridge: 	at LSPHooker_.transact(Unknown Source:28)

09-03 02:05:21.135  5776  6248 I LSPosed-Bridge: 	at LSPHooker_.transact(Unknown Source:28)

09-03 02:05:21.135  5776  6248 I LSPosed-Bridge: 	at android.content.pm.IPackageManager$Stub$Proxy.getPermissionInfo(IPackageManager.java:3008)

09-03 02:05:21.135  5776  6248 I LSPosed-Bridge: 	at android.content.pm.IPackageManager$Stub$Proxy.getPermissionInfo(IPackageManager.java:3008)

09-03 02:05:21.135  5776  6248 I LSPosed-Bridge: 	at android.app.ApplicationPackageManager.getPermissionInfo(ApplicationPackageManager.java:306)

09-03 02:05:21.135  5776  6248 I LSPosed-Bridge: 	at android.app.ApplicationPackageManager.getPermissionInfo(ApplicationPackageManager.java:306)

09-03 02:05:21.135  5776  6248 I LSPosed-Bridge: 	at com.example.permlabel.requestPerm$2.afterHookedMethod(requestPerm.java:179)

09-03 02:05:21.135  5776  6248 I LSPosed-Bridge: 	at com.example.permlabel.requestPerm$2.afterHookedMethod(requestPerm.java:179)

09-03 02:05:21.135  5776  6248 I LSPosed-Bridge: 	at de.robv.android.xposed.XposedBridge$AdditionalHookInfo.callback(Unknown Source:147)

09-03 02:05:21.135  5776  6248 I LSPosed-Bridge: 	at de.robv.android.xposed.XposedBridge$AdditionalHookInfo.callback(Unknown Source:147)

09-03 02:05:21.135  5776  6248 I LSPosed-Bridge: 	at LSPHooker_.checkPermission(Unknown Source:25)

09-03 02:05:21.135  5776  6248 I LSPosed-Bridge: 	at LSPHooker_.checkPermission(Unknown Source:25)

09-03 02:05:21.135  5776  6248 I LSPosed-Bridge: 	at android.app.ContextImpl.checkSelfPermission(ContextImpl.java:1801)

09-03 02:05:21.135  5776  6248 I LSPosed-Bridge: 	at android.app.ContextImpl.checkSelfPermission(ContextImpl.java:1801)

09-03 02:05:21.135  5776  6248 I LSPosed-Bridge: 	at android.content.ContextWrapper.checkSelfPermission(ContextWrapper.java:759)

09-03 02:05:21.135  5776  6248 I LSPosed-Bridge: 	at android.content.ContextWrapper.checkSelfPermission(ContextWrapper.java:759)

09-03 02:05:21.135  5776  6248 I LSPosed-Bridge: 	at java.lang.reflect.Method.invoke(Native Method)

09-03 02:05:21.135  5776  6248 I LSPosed-Bridge: 	at java.lang.reflect.Method.invoke(Native Method)

09-03 02:05:21.135  5776  6248 I LSPosed-Bridge: 	at com.mob.tools.utils.ReflectHelper.invokeMethod(SourceFile:11)

09-03 02:05:21.135  5776  6248 I LSPosed-Bridge: 	at com.mob.tools.utils.ReflectHelper.invokeMethod(SourceFile:11)

09-03 02:05:21.135  5776  6248 I LSPosed-Bridge: 	at com.mob.tools.utils.ReflectHelper.invokeInstanceMethod(SourceFile:1)

09-03 02:05:21.135  5776  6248 I LSPosed-Bridge: 	at com.mob.tools.utils.ReflectHelper.invokeInstanceMethod(SourceFile:1)

09-03 02:05:21.135  5776  6248 I LSPosed-Bridge: 	at com.mob.tools.utils.DeviceHelper.checkPermission(SourceFile:3)

09-03 02:05:21.135  5776  6248 I LSPosed-Bridge: 	at com.mob.tools.utils.DeviceHelper.checkPermission(SourceFile:3)

09-03 02:05:21.135  5776  6248 I LSPosed-Bridge: 	at com.mob.tools.utils.DeviceHelper.getSimSerialNumber(SourceFile:1)

09-03 02:05:21.135  5776  6248 I LSPosed-Bridge: 	at com.mob.tools.utils.DeviceHelper.getSimSerialNumber(SourceFile:1)

09-03 02:05:21.135  5776  6248 I LSPosed-Bridge: 	at com.mob.commons.authorize.a.b(SourceFile:33)

09-03 02:05:21.135  5776  6248 I LSPosed-Bridge: 	at com.mob.commons.authorize.a.b(SourceFile:33)

09-03 02:05:21.135  5776  6248 I LSPosed-Bridge: 	at com.mob.commons.authorize.a.a(SourceFile:125)

09-03 02:05:21.135  5776  6248 I LSPosed-Bridge: 	at com.mob.commons.authorize.a.a(SourceFile:125)

09-03 02:05:21.135  5776  6248 I LSPosed-Bridge: 	at com.mob.commons.authorize.a.a(SourceFile:3)

09-03 02:05:21.135  5776  6248 I LSPosed-Bridge: 	at com.mob.commons.authorize.a.a(SourceFile:3)

09-03 02:05:21.135  5776  6248 I LSPosed-Bridge: 	at com.mob.commons.authorize.a$5.run(SourceFile:4)

09-03 02:05:21.135  5776  6248 I LSPosed-Bridge: 	at com.mob.commons.authorize.a$5.run(SourceFile:4)

09-03 02:05:21.135  5776  5852 I LSPosed-Bridge: 5776 PermLabel hookBinder_test 10128 interfaceBinder =android.content.pm.IPackageManager; arg0 = 34; arg1 = android.os.Parcel@c3af611; arg2 = android.os.Parcel@50c3a79; arg3 = 0; res = true; stacktrace=java.lang.Exception

09-03 02:05:21.135  5776  5852 I LSPosed-Bridge: 5776 PermLabel hookBinder_test 10128 interfaceBinder =android.content.pm.IPackageManager; arg0 = 34; arg1 = android.os.Parcel@c3af611; arg2 = android.os.Parcel@50c3a79; arg3 = 0; res = true; stacktrace=java.lang.Exception

09-03 02:05:21.135  5776  5852 I LSPosed-Bridge: 	at com.example.permlabel.hookBinder_test$1.afterHookedMethod(hookBinder_test.java:58)

09-03 02:05:21.135  5776  5852 I LSPosed-Bridge: 	at com.example.permlabel.hookBinder_test$1.afterHookedMethod(hookBinder_test.java:58)

09-03 02:05:21.135  5776  5852 I LSPosed-Bridge: 	at de.robv.android.xposed.XposedBridge$AdditionalHookInfo.callback(Unknown Source:147)

09-03 02:05:21.135  5776  5852 I LSPosed-Bridge: 	at de.robv.android.xposed.XposedBridge$AdditionalHookInfo.callback(Unknown Source:147)

09-03 02:05:21.135  5776  5852 I LSPosed-Bridge: 	at LSPHooker_.transact(Unknown Source:28)

09-03 02:05:21.135  5776  5852 I LSPosed-Bridge: 	at LSPHooker_.transact(Unknown Source:28)

09-03 02:05:21.135  5776  5852 I LSPosed-Bridge: 	at android.content.pm.IPackageManager$Stub$Proxy.getPackagesForUid(IPackageManager.java:3558)

09-03 02:05:21.135  5776  5852 I LSPosed-Bridge: 	at android.content.pm.IPackageManager$Stub$Proxy.getPackagesForUid(IPackageManager.java:3558)

09-03 02:05:21.135  5776  5852 I LSPosed-Bridge: 	at android.app.ApplicationPackageManager.getPackagesForUid(ApplicationPackageManager.java:731)

09-03 02:05:21.135  5776  5852 I LSPosed-Bridge: 	at android.app.ApplicationPackageManager.getPackagesForUid(ApplicationPackageManager.java:731)

09-03 02:05:21.135  5776  6248 I LSPosed-Bridge: 5776 PermLabel 10128 ContextImpl Binder.getCallingPid() = 5776; Binder.getCallingUid() = 10128; permName: android.permission.READ_PHONE_STATE; res = -1; stacktrace=java.lang.Exception

09-03 02:05:21.135  5776  6248 I LSPosed-Bridge: 5776 PermLabel 10128 ContextImpl Binder.getCallingPid() = 5776; Binder.getCallingUid() = 10128; permName: android.permission.READ_PHONE_STATE; res = -1; stacktrace=java.lang.Exception

09-03 02:05:21.135  5776  6248 I LSPosed-Bridge: 	at com.example.permlabel.requestPerm$2.afterHookedMethod(requestPerm.java:189)

09-03 02:05:21.135  5776  6248 I LSPosed-Bridge: 	at com.example.permlabel.requestPerm$2.afterHookedMethod(requestPerm.java:189)

09-03 02:05:21.135  5776  6248 I LSPosed-Bridge: 	at de.robv.android.xposed.XposedBridge$AdditionalHookInfo.callback(Unknown Source:147)

09-03 02:05:21.135  5776  6248 I LSPosed-Bridge: 	at de.robv.android.xposed.XposedBridge$AdditionalHookInfo.callback(Unknown Source:147)

09-03 02:05:21.135  5776  6248 I LSPosed-Bridge: 	at LSPHooker_.checkPermission(Unknown Source:25)

09-03 02:05:21.135  5776  6248 I LSPosed-Bridge: 	at LSPHooker_.checkPermission(Unknown Source:25)

09-03 02:05:21.135  5776  6248 I LSPosed-Bridge: 	at android.app.ContextImpl.checkSelfPermission(ContextImpl.java:1801)

09-03 02:05:21.135  5776  6248 I LSPosed-Bridge: 	at android.app.ContextImpl.checkSelfPermission(ContextImpl.java:1801)

09-03 02:05:21.135  5776  6248 I LSPosed-Bridge: 	at android.content.ContextWrapper.checkSelfPermission(ContextWrapper.java:759)

09-03 02:05:21.135  5776  6248 I LSPosed-Bridge: 	at android.content.ContextWrapper.checkSelfPermission(ContextWrapper.java:759)

09-03 02:05:21.135  5776  6248 I LSPosed-Bridge: 	at java.lang.reflect.Method.invoke(Native Method)

09-03 02:05:21.135  5776  6248 I LSPosed-Bridge: 	at java.lang.reflect.Method.invoke(Native Method)

09-03 02:05:21.135  5776  6248 I LSPosed-Bridge: 	at com.mob.tools.utils.ReflectHelper.invokeMethod(SourceFile:11)

09-03 02:05:21.135  5776  6248 I LSPosed-Bridge: 	at com.mob.tools.utils.ReflectHelper.invokeMethod(SourceFile:11)

09-03 02:05:21.135  5776  6248 I LSPosed-Bridge: 	at com.mob.tools.utils.ReflectHelper.invokeInstanceMethod(SourceFile:1)

09-03 02:05:21.135  5776  6248 I LSPosed-Bridge: 	at com.mob.tools.utils.ReflectHelper.invokeInstanceMethod(SourceFile:1)

09-03 02:05:21.135  5776  6248 I LSPosed-Bridge: 	at com.mob.tools.utils.DeviceHelper.checkPermission(SourceFile:3)

09-03 02:05:21.135  5776  6248 I LSPosed-Bridge: 	at com.mob.tools.utils.DeviceHelper.checkPermission(SourceFile:3)

09-03 02:05:21.135  5776  6248 I LSPosed-Bridge: 	at com.mob.tools.utils.DeviceHelper.getSimSerialNumber(SourceFile:1)

09-03 02:05:21.135  5776  6248 I LSPosed-Bridge: 	at com.mob.tools.utils.DeviceHelper.getSimSerialNumber(SourceFile:1)

09-03 02:05:21.135  5776  6248 I LSPosed-Bridge: 	at com.mob.commons.authorize.a.b(SourceFile:33)

09-03 02:05:21.135  5776  6248 I LSPosed-Bridge: 	at com.mob.commons.authorize.a.b(SourceFile:33)

09-03 02:05:21.135  5776  6248 I LSPosed-Bridge: 	at com.mob.commons.authorize.a.a(SourceFile:125)

09-03 02:05:21.135  5776  6248 I LSPosed-Bridge: 	at com.mob.commons.authorize.a.a(SourceFile:125)

09-03 02:05:21.135  5776  6248 I LSPosed-Bridge: 	at com.mob.commons.authorize.a.a(SourceFile:3)

09-03 02:05:21.135  5776  6248 I LSPosed-Bridge: 	at com.mob.commons.authorize.a.a(SourceFile:3)

09-03 02:05:21.135  5776  6248 I LSPosed-Bridge: 	at com.mob.commons.authorize.a$5.run(SourceFile:4)

09-03 02:05:21.135  5776  6248 I LSPosed-Bridge: 	at com.mob.commons.authorize.a$5.run(SourceFile:4)

09-03 02:05:21.135  5776  6248 I LSPosed-Bridge: 5776 PermLabel 10128 ContextImpl.checkPermission: pid = 5776; uid = 10128; permName: android.permission.READ_PHONE_STATE; type = 1; res = -1; stacktrace=java.lang.Exception

09-03 02:05:21.135  5776  6248 I LSPosed-Bridge: 5776 PermLabel 10128 ContextImpl.checkPermission: pid = 5776; uid = 10128; permName: android.permission.READ_PHONE_STATE; type = 1; res = -1; stacktrace=java.lang.Exception

09-03 02:05:21.135  5776  6248 I LSPosed-Bridge: 	at com.example.permlabel.requestPerm$2.afterHookedMethod(requestPerm.java:213)

09-03 02:05:21.135  5776  6248 I LSPosed-Bridge: 	at com.example.permlabel.requestPerm$2.afterHookedMethod(requestPerm.java:213)

09-03 02:05:21.135  5776  6248 I LSPosed-Bridge: 	at de.robv.android.xposed.XposedBridge$AdditionalHookInfo.callback(Unknown Source:147)

09-03 02:05:21.135  5776  6248 I LSPosed-Bridge: 	at de.robv.android.xposed.XposedBridge$AdditionalHookInfo.callback(Unknown Source:147)

09-03 02:05:21.135  5776  6248 I LSPosed-Bridge: 	at LSPHooker_.checkPermission(Unknown Source:25)

09-03 02:05:21.135  5776  6248 I LSPosed-Bridge: 	at LSPHooker_.checkPermission(Unknown Source:25)

09-03 02:05:21.135  5776  6248 I LSPosed-Bridge: 	at android.app.ContextImpl.checkSelfPermission(ContextImpl.java:1801)

09-03 02:05:21.135  5776  6248 I LSPosed-Bridge: 	at android.app.ContextImpl.checkSelfPermission(ContextImpl.java:1801)

09-03 02:05:21.135  5776  6248 I LSPosed-Bridge: 	at android.content.ContextWrapper.checkSelfPermission(ContextWrapper.java:759)

09-03 02:05:21.135  5776  6248 I LSPosed-Bridge: 	at android.content.ContextWrapper.checkSelfPermission(ContextWrapper.java:759)

09-03 02:05:21.135  5776  6248 I LSPosed-Bridge: 	at java.lang.reflect.Method.invoke(Native Method)

09-03 02:05:21.135  5776  6248 I LSPosed-Bridge: 	at java.lang.reflect.Method.invoke(Native Method)

09-03 02:05:21.135  5776  6248 I LSPosed-Bridge: 	at com.mob.tools.utils.ReflectHelper.invokeMethod(SourceFile:11)

09-03 02:05:21.135  5776  6248 I LSPosed-Bridge: 	at com.mob.tools.utils.ReflectHelper.invokeMethod(SourceFile:11)

09-03 02:05:21.135  5776  6248 I LSPosed-Bridge: 	at com.mob.tools.utils.ReflectHelper.invokeInstanceMethod(SourceFile:1)

09-03 02:05:21.135  5776  6248 I LSPosed-Bridge: 	at com.mob.tools.utils.ReflectHelper.invokeInstanceMethod(SourceFile:1)

09-03 02:05:21.135  5776  6248 I LSPosed-Bridge: 	at com.mob.tools.utils.DeviceHelper.checkPermission(SourceFile:3)

09-03 02:05:21.135  5776  6248 I LSPosed-Bridge: 	at com.mob.tools.utils.DeviceHelper.checkPermission(SourceFile:3)

09-03 02:05:21.135  5776  6248 I LSPosed-Bridge: 	at com.mob.tools.utils.DeviceHelper.getSimSerialNumber(SourceFile:1)

09-03 02:05:21.135  5776  6248 I LSPosed-Bridge: 	at com.mob.tools.utils.DeviceHelper.getSimSerialNumber(SourceFile:1)

09-03 02:05:21.135  5776  6248 I LSPosed-Bridge: 	at com.mob.commons.authorize.a.b(SourceFile:33)

09-03 02:05:21.135  5776  6248 I LSPosed-Bridge: 	at com.mob.commons.authorize.a.b(SourceFile:33)

09-03 02:05:21.135  5776  6248 I LSPosed-Bridge: 	at com.mob.commons.authorize.a.a(SourceFile:125)

09-03 02:05:21.135  5776  6248 I LSPosed-Bridge: 	at com.mob.commons.authorize.a.a(SourceFile:125)

09-03 02:05:21.135  5776  6248 I LSPosed-Bridge: 	at com.mob.commons.authorize.a.a(SourceFile:3)

09-03 02:05:21.135  5776  6248 I LSPosed-Bridge: 	at com.mob.commons.authorize.a.a(SourceFile:3)

09-03 02:05:21.135  5776  6248 I LSPosed-Bridge: 	at com.mob.commons.authorize.a$5.run(SourceFile:4)

09-03 02:05:21.135  5776  6248 I LSPosed-Bridge: 	at com.mob.commons.authorize.a$5.run(SourceFile:4)

09-03 02:05:21.135  5776  5852 I LSPosed-Bridge: 5776 PermLabel hookBinder_test 10128 interfaceBinder =android.content.pm.IPackageManager; arg0 = 34; arg1 = android.os.Parcel@99ec4de; arg2 = android.os.Parcel@29bf3be; arg3 = 0; res = true; stacktrace=java.lang.Exception

09-03 02:05:21.135  5776  5852 I LSPosed-Bridge: 5776 PermLabel hookBinder_test 10128 interfaceBinder =android.content.pm.IPackageManager; arg0 = 34; arg1 = android.os.Parcel@99ec4de; arg2 = android.os.Parcel@29bf3be; arg3 = 0; res = true; stacktrace=java.lang.Exception

09-03 02:05:21.135  5776  5852 I LSPosed-Bridge: 	at com.example.permlabel.hookBinder_test$1.afterHookedMethod(hookBinder_test.java:58)

09-03 02:05:21.135  5776  5852 I LSPosed-Bridge: 	at com.example.permlabel.hookBinder_test$1.afterHookedMethod(hookBinder_test.java:58)

09-03 02:05:21.135  5776  5852 I LSPosed-Bridge: 	at de.robv.android.xposed.XposedBridge$AdditionalHookInfo.callback(Unknown Source:147)

09-03 02:05:21.135  5776  5852 I LSPosed-Bridge: 	at de.robv.android.xposed.XposedBridge$AdditionalHookInfo.callback(Unknown Source:147)

09-03 02:05:21.135  5776  5852 I LSPosed-Bridge: 	at LSPHooker_.transact(Unknown Source:28)

09-03 02:05:21.135  5776  5852 I LSPosed-Bridge: 	at LSPHooker_.transact(Unknown Source:28)

09-03 02:05:21.135  5776  5852 I LSPosed-Bridge: 	at android.content.pm.IPackageManager$Stub$Proxy.getPackagesForUid(IPackageManager.java:3558)

09-03 02:05:21.135  5776  5852 I LSPosed-Bridge: 	at android.content.pm.IPackageManager$Stub$Proxy.getPackagesForUid(IPackageManager.java:3558)

09-03 02:05:21.135  5776  5852 I LSPosed-Bridge: 	at android.app.ApplicationPackageManager.getPackagesForUid(ApplicationPackageManager.java:731)

09-03 02:05:21.135  5776  5852 I LSPosed-Bridge: 	at android.app.ApplicationPackageManager.getPackagesForUid(ApplicationPackageManager.java:731)

09-03 02:05:21.137  5776  5852 I LSPosed-Bridge: 5776 PermLabel hookBinder_test 10128 interfaceBinder =android.content.pm.IPackageManager; arg0 = 34; arg1 = android.os.Parcel@99ec4de; arg2 = android.os.Parcel@29bf3be; arg3 = 0; res = true; stacktrace=java.lang.Exception

09-03 02:05:21.137  5776  5852 I LSPosed-Bridge: 5776 PermLabel hookBinder_test 10128 interfaceBinder =android.content.pm.IPackageManager; arg0 = 34; arg1 = android.os.Parcel@99ec4de; arg2 = android.os.Parcel@29bf3be; arg3 = 0; res = true; stacktrace=java.lang.Exception

09-03 02:05:21.137  5776  5852 I LSPosed-Bridge: 	at com.example.permlabel.hookBinder_test$1.afterHookedMethod(hookBinder_test.java:58)

09-03 02:05:21.137  5776  5852 I LSPosed-Bridge: 	at com.example.permlabel.hookBinder_test$1.afterHookedMethod(hookBinder_test.java:58)

09-03 02:05:21.137  5776  5852 I LSPosed-Bridge: 	at de.robv.android.xposed.XposedBridge$AdditionalHookInfo.callback(Unknown Source:147)

09-03 02:05:21.137  5776  5852 I LSPosed-Bridge: 	at de.robv.android.xposed.XposedBridge$AdditionalHookInfo.callback(Unknown Source:147)

09-03 02:05:21.137  5776  5852 I LSPosed-Bridge: 	at LSPHooker_.transact(Unknown Source:28)

09-03 02:05:21.137  5776  5852 I LSPosed-Bridge: 	at LSPHooker_.transact(Unknown Source:28)

09-03 02:05:21.137  5776  5852 I LSPosed-Bridge: 	at android.content.pm.IPackageManager$Stub$Proxy.getPackagesForUid(IPackageManager.java:3558)

09-03 02:05:21.137  5776  5852 I LSPosed-Bridge: 	at android.content.pm.IPackageManager$Stub$Proxy.getPackagesForUid(IPackageManager.java:3558)

09-03 02:05:21.137  5776  5852 I LSPosed-Bridge: 	at android.app.ApplicationPackageManager.getPackagesForUid(ApplicationPackageManager.java:731)

09-03 02:05:21.137  5776  5852 I LSPosed-Bridge: 	at android.app.ApplicationPackageManager.getPackagesForUid(ApplicationPackageManager.java:731)

09-03 02:05:21.137  5776  6248 I LSPosed-Bridge: 5776 PermLabel hookBinder_test 10128 interfaceBinder =android.content.pm.IPackageManager; arg0 = 9; arg1 = android.os.Parcel@c3af611; arg2 = android.os.Parcel@50c3a79; arg3 = 0; res = true; stacktrace=java.lang.Exception

09-03 02:05:21.137  5776  6248 I LSPosed-Bridge: 5776 PermLabel hookBinder_test 10128 interfaceBinder =android.content.pm.IPackageManager; arg0 = 9; arg1 = android.os.Parcel@c3af611; arg2 = android.os.Parcel@50c3a79; arg3 = 0; res = true; stacktrace=java.lang.Exception

09-03 02:05:21.137  5776  6248 I LSPosed-Bridge: 	at com.example.permlabel.hookBinder_test$1.afterHookedMethod(hookBinder_test.java:58)

09-03 02:05:21.137  5776  6248 I LSPosed-Bridge: 	at com.example.permlabel.hookBinder_test$1.afterHookedMethod(hookBinder_test.java:58)

09-03 02:05:21.137  5776  6248 I LSPosed-Bridge: 	at de.robv.android.xposed.XposedBridge$AdditionalHookInfo.callback(Unknown Source:147)

09-03 02:05:21.137  5776  6248 I LSPosed-Bridge: 	at de.robv.android.xposed.XposedBridge$AdditionalHookInfo.callback(Unknown Source:147)

09-03 02:05:21.137  5776  6248 I LSPosed-Bridge: 	at LSPHooker_.transact(Unknown Source:28)

09-03 02:05:21.137  5776  6248 I LSPosed-Bridge: 	at LSPHooker_.transact(Unknown Source:28)

09-03 02:05:21.137  5776  6248 I LSPosed-Bridge: 	at android.content.pm.IPackageManager$Stub$Proxy.getPermissionInfo(IPackageManager.java:3008)

09-03 02:05:21.137  5776  6248 I LSPosed-Bridge: 	at android.content.pm.IPackageManager$Stub$Proxy.getPermissionInfo(IPackageManager.java:3008)

09-03 02:05:21.137  5776  6248 I LSPosed-Bridge: 	at android.app.ApplicationPackageManager.getPermissionInfo(ApplicationPackageManager.java:306)

09-03 02:05:21.137  5776  6248 I LSPosed-Bridge: 	at android.app.ApplicationPackageManager.getPermissionInfo(ApplicationPackageManager.java:306)

09-03 02:05:21.137  5776  6248 I LSPosed-Bridge: 	at com.example.permlabel.requestPerm$2.afterHookedMethod(requestPerm.java:179)

09-03 02:05:21.137  5776  6248 I LSPosed-Bridge: 	at com.example.permlabel.requestPerm$2.afterHookedMethod(requestPerm.java:179)

09-03 02:05:21.137  5776  6248 I LSPosed-Bridge: 	at de.robv.android.xposed.XposedBridge$AdditionalHookInfo.callback(Unknown Source:147)

09-03 02:05:21.137  5776  6248 I LSPosed-Bridge: 	at de.robv.android.xposed.XposedBridge$AdditionalHookInfo.callback(Unknown Source:147)

09-03 02:05:21.137  5776  6248 I LSPosed-Bridge: 	at LSPHooker_.checkPermission(Unknown Source:25)

09-03 02:05:21.137  5776  6248 I LSPosed-Bridge: 	at LSPHooker_.checkPermission(Unknown Source:25)

09-03 02:05:21.137  5776  6248 I LSPosed-Bridge: 	at android.app.ContextImpl.checkSelfPermission(ContextImpl.java:1801)

09-03 02:05:21.137  5776  6248 I LSPosed-Bridge: 	at android.app.ContextImpl.checkSelfPermission(ContextImpl.java:1801)

09-03 02:05:21.137  5776  6248 I LSPosed-Bridge: 	at android.content.ContextWrapper.checkSelfPermission(ContextWrapper.java:759)

09-03 02:05:21.137  5776  6248 I LSPosed-Bridge: 	at android.content.ContextWrapper.checkSelfPermission(ContextWrapper.java:759)

09-03 02:05:21.137  5776  6248 I LSPosed-Bridge: 	at java.lang.reflect.Method.invoke(Native Method)

09-03 02:05:21.137  5776  6248 I LSPosed-Bridge: 	at java.lang.reflect.Method.invoke(Native Method)

09-03 02:05:21.137  5776  6248 I LSPosed-Bridge: 	at com.mob.tools.utils.ReflectHelper.invokeMethod(SourceFile:11)

09-03 02:05:21.137  5776  6248 I LSPosed-Bridge: 	at com.mob.tools.utils.ReflectHelper.invokeMethod(SourceFile:11)

09-03 02:05:21.137  5776  6248 I LSPosed-Bridge: 	at com.mob.tools.utils.ReflectHelper.invokeInstanceMethod(SourceFile:1)

09-03 02:05:21.137  5776  6248 I LSPosed-Bridge: 	at com.mob.tools.utils.ReflectHelper.invokeInstanceMethod(SourceFile:1)

09-03 02:05:21.137  5776  6248 I LSPosed-Bridge: 	at com.mob.tools.utils.DeviceHelper.checkPermission(SourceFile:3)

09-03 02:05:21.137  5776  6248 I LSPosed-Bridge: 	at com.mob.tools.utils.DeviceHelper.checkPermission(SourceFile:3)

09-03 02:05:21.137  5776  6248 I LSPosed-Bridge: 	at com.mob.tools.utils.DeviceHelper.getIMEI(SourceFile:4)

09-03 02:05:21.137  5776  6248 I LSPosed-Bridge: 	at com.mob.tools.utils.DeviceHelper.getIMEI(SourceFile:4)

09-03 02:05:21.137  5776  6248 I LSPosed-Bridge: 	at com.mob.commons.authorize.a.b(SourceFile:40)

09-03 02:05:21.137  5776  6248 I LSPosed-Bridge: 	at com.mob.commons.authorize.a.b(SourceFile:40)

09-03 02:05:21.137  5776  6248 I LSPosed-Bridge: 	at com.mob.commons.authorize.a.a(SourceFile:125)

09-03 02:05:21.137  5776  6248 I LSPosed-Bridge: 	at com.mob.commons.authorize.a.a(SourceFile:125)

09-03 02:05:21.137  5776  6248 I LSPosed-Bridge: 	at com.mob.commons.authorize.a.a(SourceFile:3)

09-03 02:05:21.137  5776  6248 I LSPosed-Bridge: 	at com.mob.commons.authorize.a.a(SourceFile:3)

09-03 02:05:21.137  5776  6248 I LSPosed-Bridge: 	at com.mob.commons.authorize.a$5.run(SourceFile:4)

09-03 02:05:21.137  5776  6248 I LSPosed-Bridge: 	at com.mob.commons.authorize.a$5.run(SourceFile:4)

09-03 02:05:21.137  5776  6248 I LSPosed-Bridge: 5776 PermLabel 10128 ContextImpl Binder.getCallingPid() = 5776; Binder.getCallingUid() = 10128; permName: android.permission.READ_PHONE_STATE; res = -1; stacktrace=java.lang.Exception

09-03 02:05:21.137  5776  6248 I LSPosed-Bridge: 5776 PermLabel 10128 ContextImpl Binder.getCallingPid() = 5776; Binder.getCallingUid() = 10128; permName: android.permission.READ_PHONE_STATE; res = -1; stacktrace=java.lang.Exception

09-03 02:05:21.137  5776  6248 I LSPosed-Bridge: 	at com.example.permlabel.requestPerm$2.afterHookedMethod(requestPerm.java:189)

09-03 02:05:21.137  5776  6248 I LSPosed-Bridge: 	at com.example.permlabel.requestPerm$2.afterHookedMethod(requestPerm.java:189)

09-03 02:05:21.137  5776  6248 I LSPosed-Bridge: 	at de.robv.android.xposed.XposedBridge$AdditionalHookInfo.callback(Unknown Source:147)

09-03 02:05:21.137  5776  6248 I LSPosed-Bridge: 	at de.robv.android.xposed.XposedBridge$AdditionalHookInfo.callback(Unknown Source:147)

09-03 02:05:21.137  5776  6248 I LSPosed-Bridge: 	at LSPHooker_.checkPermission(Unknown Source:25)

09-03 02:05:21.137  5776  6248 I LSPosed-Bridge: 	at LSPHooker_.checkPermission(Unknown Source:25)

09-03 02:05:21.137  5776  6248 I LSPosed-Bridge: 	at android.app.ContextImpl.checkSelfPermission(ContextImpl.java:1801)

09-03 02:05:21.137  5776  6248 I LSPosed-Bridge: 	at android.app.ContextImpl.checkSelfPermission(ContextImpl.java:1801)

09-03 02:05:21.137  5776  6248 I LSPosed-Bridge: 	at android.content.ContextWrapper.checkSelfPermission(ContextWrapper.java:759)

09-03 02:05:21.137  5776  6248 I LSPosed-Bridge: 	at android.content.ContextWrapper.checkSelfPermission(ContextWrapper.java:759)

09-03 02:05:21.137  5776  6248 I LSPosed-Bridge: 	at java.lang.reflect.Method.invoke(Native Method)

09-03 02:05:21.137  5776  6248 I LSPosed-Bridge: 	at java.lang.reflect.Method.invoke(Native Method)

09-03 02:05:21.137  5776  6248 I LSPosed-Bridge: 	at com.mob.tools.utils.ReflectHelper.invokeMethod(SourceFile:11)

09-03 02:05:21.137  5776  6248 I LSPosed-Bridge: 	at com.mob.tools.utils.ReflectHelper.invokeMethod(SourceFile:11)

09-03 02:05:21.137  5776  6248 I LSPosed-Bridge: 	at com.mob.tools.utils.ReflectHelper.invokeInstanceMethod(SourceFile:1)

09-03 02:05:21.137  5776  6248 I LSPosed-Bridge: 	at com.mob.tools.utils.ReflectHelper.invokeInstanceMethod(SourceFile:1)

09-03 02:05:21.137  5776  6248 I LSPosed-Bridge: 	at com.mob.tools.utils.DeviceHelper.checkPermission(SourceFile:3)

09-03 02:05:21.137  5776  6248 I LSPosed-Bridge: 	at com.mob.tools.utils.DeviceHelper.checkPermission(SourceFile:3)

09-03 02:05:21.137  5776  6248 I LSPosed-Bridge: 	at com.mob.tools.utils.DeviceHelper.getIMEI(SourceFile:4)

09-03 02:05:21.137  5776  6248 I LSPosed-Bridge: 	at com.mob.tools.utils.DeviceHelper.getIMEI(SourceFile:4)

09-03 02:05:21.137  5776  6248 I LSPosed-Bridge: 	at com.mob.commons.authorize.a.b(SourceFile:40)

09-03 02:05:21.137  5776  6248 I LSPosed-Bridge: 	at com.mob.commons.authorize.a.b(SourceFile:40)

09-03 02:05:21.137  5776  6248 I LSPosed-Bridge: 	at com.mob.commons.authorize.a.a(SourceFile:125)

09-03 02:05:21.137  5776  6248 I LSPosed-Bridge: 	at com.mob.commons.authorize.a.a(SourceFile:125)

09-03 02:05:21.137  5776  6248 I LSPosed-Bridge: 	at com.mob.commons.authorize.a.a(SourceFile:3)

09-03 02:05:21.137  5776  6248 I LSPosed-Bridge: 	at com.mob.commons.authorize.a.a(SourceFile:3)

09-03 02:05:21.137  5776  6248 I LSPosed-Bridge: 	at com.mob.commons.authorize.a$5.run(SourceFile:4)

09-03 02:05:21.137  5776  6248 I LSPosed-Bridge: 	at com.mob.commons.authorize.a$5.run(SourceFile:4)

09-03 02:05:21.137  5776  5852 I LSPosed-Bridge: 5776 PermLabel hookBinder_test 10128 interfaceBinder =android.content.pm.IPackageManager; arg0 = 34; arg1 = android.os.Parcel@29bf3be; arg2 = android.os.Parcel@99ec4de; arg3 = 0; res = true; stacktrace=java.lang.Exception

09-03 02:05:21.137  5776  5852 I LSPosed-Bridge: 5776 PermLabel hookBinder_test 10128 interfaceBinder =android.content.pm.IPackageManager; arg0 = 34; arg1 = android.os.Parcel@29bf3be; arg2 = android.os.Parcel@99ec4de; arg3 = 0; res = true; stacktrace=java.lang.Exception

09-03 02:05:21.137  5776  5852 I LSPosed-Bridge: 	at com.example.permlabel.hookBinder_test$1.afterHookedMethod(hookBinder_test.java:58)

09-03 02:05:21.137  5776  5852 I LSPosed-Bridge: 	at com.example.permlabel.hookBinder_test$1.afterHookedMethod(hookBinder_test.java:58)

09-03 02:05:21.137  5776  5852 I LSPosed-Bridge: 	at de.robv.android.xposed.XposedBridge$AdditionalHookInfo.callback(Unknown Source:147)

09-03 02:05:21.137  5776  5852 I LSPosed-Bridge: 	at de.robv.android.xposed.XposedBridge$AdditionalHookInfo.callback(Unknown Source:147)

09-03 02:05:21.137  5776  5852 I LSPosed-Bridge: 	at LSPHooker_.transact(Unknown Source:28)

09-03 02:05:21.137  5776  5852 I LSPosed-Bridge: 	at LSPHooker_.transact(Unknown Source:28)

09-03 02:05:21.137  5776  5852 I LSPosed-Bridge: 	at android.content.pm.IPackageManager$Stub$Proxy.getPackagesForUid(IPackageManager.java:3558)

09-03 02:05:21.137  5776  5852 I LSPosed-Bridge: 	at android.content.pm.IPackageManager$Stub$Proxy.getPackagesForUid(IPackageManager.java:3558)

09-03 02:05:21.137  5776  5852 I LSPosed-Bridge: 	at android.app.ApplicationPackageManager.getPackagesForUid(ApplicationPackageManager.java:731)

09-03 02:05:21.137  5776  5852 I LSPosed-Bridge: 	at android.app.ApplicationPackageManager.getPackagesForUid(ApplicationPackageManager.java:731)

09-03 02:05:21.137  5776  6248 I LSPosed-Bridge: 5776 PermLabel 10128 ContextImpl.checkPermission: pid = 5776; uid = 10128; permName: android.permission.READ_PHONE_STATE; type = 1; res = -1; stacktrace=java.lang.Exception

09-03 02:05:21.137  5776  6248 I LSPosed-Bridge: 5776 PermLabel 10128 ContextImpl.checkPermission: pid = 5776; uid = 10128; permName: android.permission.READ_PHONE_STATE; type = 1; res = -1; stacktrace=java.lang.Exception

09-03 02:05:21.137  5776  6248 I LSPosed-Bridge: 	at com.example.permlabel.requestPerm$2.afterHookedMethod(requestPerm.java:213)

09-03 02:05:21.137  5776  6248 I LSPosed-Bridge: 	at com.example.permlabel.requestPerm$2.afterHookedMethod(requestPerm.java:213)

09-03 02:05:21.137  5776  6248 I LSPosed-Bridge: 	at de.robv.android.xposed.XposedBridge$AdditionalHookInfo.callback(Unknown Source:147)

09-03 02:05:21.137  5776  6248 I LSPosed-Bridge: 	at de.robv.android.xposed.XposedBridge$AdditionalHookInfo.callback(Unknown Source:147)

09-03 02:05:21.137  5776  6248 I LSPosed-Bridge: 	at LSPHooker_.checkPermission(Unknown Source:25)

09-03 02:05:21.137  5776  6248 I LSPosed-Bridge: 	at LSPHooker_.checkPermission(Unknown Source:25)

09-03 02:05:21.137  5776  6248 I LSPosed-Bridge: 	at android.app.ContextImpl.checkSelfPermission(ContextImpl.java:1801)

09-03 02:05:21.137  5776  6248 I LSPosed-Bridge: 	at android.app.ContextImpl.checkSelfPermission(ContextImpl.java:1801)

09-03 02:05:21.137  5776  6248 I LSPosed-Bridge: 	at android.content.ContextWrapper.checkSelfPermission(ContextWrapper.java:759)

09-03 02:05:21.137  5776  6248 I LSPosed-Bridge: 	at android.content.ContextWrapper.checkSelfPermission(ContextWrapper.java:759)

09-03 02:05:21.137  5776  6248 I LSPosed-Bridge: 	at java.lang.reflect.Method.invoke(Native Method)

09-03 02:05:21.137  5776  6248 I LSPosed-Bridge: 	at java.lang.reflect.Method.invoke(Native Method)

09-03 02:05:21.137  5776  6248 I LSPosed-Bridge: 	at com.mob.tools.utils.ReflectHelper.invokeMethod(SourceFile:11)

09-03 02:05:21.137  5776  6248 I LSPosed-Bridge: 	at com.mob.tools.utils.ReflectHelper.invokeMethod(SourceFile:11)

09-03 02:05:21.137  5776  6248 I LSPosed-Bridge: 	at com.mob.tools.utils.ReflectHelper.invokeInstanceMethod(SourceFile:1)

09-03 02:05:21.137  5776  6248 I LSPosed-Bridge: 	at com.mob.tools.utils.ReflectHelper.invokeInstanceMethod(SourceFile:1)

09-03 02:05:21.137  5776  6248 I LSPosed-Bridge: 	at com.mob.tools.utils.DeviceHelper.checkPermission(SourceFile:3)

09-03 02:05:21.137  5776  6248 I LSPosed-Bridge: 	at com.mob.tools.utils.DeviceHelper.checkPermission(SourceFile:3)

09-03 02:05:21.137  5776  6248 I LSPosed-Bridge: 	at com.mob.tools.utils.DeviceHelper.getIMEI(SourceFile:4)

09-03 02:05:21.137  5776  6248 I LSPosed-Bridge: 	at com.mob.tools.utils.DeviceHelper.getIMEI(SourceFile:4)

09-03 02:05:21.137  5776  6248 I LSPosed-Bridge: 	at com.mob.commons.authorize.a.b(SourceFile:40)

09-03 02:05:21.137  5776  6248 I LSPosed-Bridge: 	at com.mob.commons.authorize.a.b(SourceFile:40)

09-03 02:05:21.137  5776  6248 I LSPosed-Bridge: 	at com.mob.commons.authorize.a.a(SourceFile:125)

09-03 02:05:21.137  5776  6248 I LSPosed-Bridge: 	at com.mob.commons.authorize.a.a(SourceFile:125)

09-03 02:05:21.137  5776  6248 I LSPosed-Bridge: 	at com.mob.commons.authorize.a.a(SourceFile:3)

09-03 02:05:21.137  5776  6248 I LSPosed-Bridge: 	at com.mob.commons.authorize.a.a(SourceFile:3)

09-03 02:05:21.137  5776  6248 I LSPosed-Bridge: 	at com.mob.commons.authorize.a$5.run(SourceFile:4)

09-03 02:05:21.137  5776  6248 I LSPosed-Bridge: 	at com.mob.commons.authorize.a$5.run(SourceFile:4)

09-03 02:05:21.137  5776  5852 I LSPosed-Bridge: 5776 PermLabel hookBinder_test 10128 interfaceBinder =android.content.pm.IPackageManager; arg0 = 34; arg1 = android.os.Parcel@50c3a79; arg2 = android.os.Parcel@c3af611; arg3 = 0; res = true; stacktrace=java.lang.Exception

09-03 02:05:21.137  5776  5852 I LSPosed-Bridge: 5776 PermLabel hookBinder_test 10128 interfaceBinder =android.content.pm.IPackageManager; arg0 = 34; arg1 = android.os.Parcel@50c3a79; arg2 = android.os.Parcel@c3af611; arg3 = 0; res = true; stacktrace=java.lang.Exception

09-03 02:05:21.137  5776  5852 I LSPosed-Bridge: 	at com.example.permlabel.hookBinder_test$1.afterHookedMethod(hookBinder_test.java:58)

09-03 02:05:21.137  5776  5852 I LSPosed-Bridge: 	at com.example.permlabel.hookBinder_test$1.afterHookedMethod(hookBinder_test.java:58)

09-03 02:05:21.137  5776  5852 I LSPosed-Bridge: 	at de.robv.android.xposed.XposedBridge$AdditionalHookInfo.callback(Unknown Source:147)

09-03 02:05:21.137  5776  5852 I LSPosed-Bridge: 	at de.robv.android.xposed.XposedBridge$AdditionalHookInfo.callback(Unknown Source:147)

09-03 02:05:21.137  5776  5852 I LSPosed-Bridge: 	at LSPHooker_.transact(Unknown Source:28)

09-03 02:05:21.137  5776  5852 I LSPosed-Bridge: 	at LSPHooker_.transact(Unknown Source:28)

09-03 02:05:21.137  5776  5852 I LSPosed-Bridge: 	at android.content.pm.IPackageManager$Stub$Proxy.getPackagesForUid(IPackageManager.java:3558)

09-03 02:05:21.137  5776  5852 I LSPosed-Bridge: 	at android.content.pm.IPackageManager$Stub$Proxy.getPackagesForUid(IPackageManager.java:3558)

09-03 02:05:21.137  5776  5852 I LSPosed-Bridge: 	at android.app.ApplicationPackageManager.getPackagesForUid(ApplicationPackageManager.java:731)

09-03 02:05:21.137  5776  5852 I LSPosed-Bridge: 	at android.app.ApplicationPackageManager.getPackagesForUid(ApplicationPackageManager.java:731)

09-03 02:05:21.137  5776  5852 I LSPosed-Bridge: 5776 PermLabel hookBinder_test 10128 interfaceBinder =android.content.pm.IPackageManager; arg0 = 34; arg1 = android.os.Parcel@c3af611; arg2 = android.os.Parcel@50c3a79; arg3 = 0; res = true; stacktrace=java.lang.Exception

09-03 02:05:21.137  5776  5852 I LSPosed-Bridge: 5776 PermLabel hookBinder_test 10128 interfaceBinder =android.content.pm.IPackageManager; arg0 = 34; arg1 = android.os.Parcel@c3af611; arg2 = android.os.Parcel@50c3a79; arg3 = 0; res = true; stacktrace=java.lang.Exception

09-03 02:05:21.137  5776  5852 I LSPosed-Bridge: 	at com.example.permlabel.hookBinder_test$1.afterHookedMethod(hookBinder_test.java:58)

09-03 02:05:21.137  5776  5852 I LSPosed-Bridge: 	at com.example.permlabel.hookBinder_test$1.afterHookedMethod(hookBinder_test.java:58)

09-03 02:05:21.137  5776  5852 I LSPosed-Bridge: 	at de.robv.android.xposed.XposedBridge$AdditionalHookInfo.callback(Unknown Source:147)

09-03 02:05:21.137  5776  5852 I LSPosed-Bridge: 	at de.robv.android.xposed.XposedBridge$AdditionalHookInfo.callback(Unknown Source:147)

09-03 02:05:21.137  5776  5852 I LSPosed-Bridge: 	at LSPHooker_.transact(Unknown Source:28)

09-03 02:05:21.137  5776  5852 I LSPosed-Bridge: 	at LSPHooker_.transact(Unknown Source:28)

09-03 02:05:21.137  5776  5852 I LSPosed-Bridge: 	at android.content.pm.IPackageManager$Stub$Proxy.getPackagesForUid(IPackageManager.java:3558)

09-03 02:05:21.137  5776  5852 I LSPosed-Bridge: 	at android.content.pm.IPackageManager$Stub$Proxy.getPackagesForUid(IPackageManager.java:3558)

09-03 02:05:21.137  5776  5852 I LSPosed-Bridge: 	at android.app.ApplicationPackageManager.getPackagesForUid(ApplicationPackageManager.java:731)

09-03 02:05:21.137  5776  5852 I LSPosed-Bridge: 	at android.app.ApplicationPackageManager.getPackagesForUid(ApplicationPackageManager.java:731)

09-03 02:05:21.142  5776  6248 I LSPosed-Bridge: 5776 PermLabel 10128 ContextImpl Binder.getCallingPid() = 5776; Binder.getCallingUid() = 10128; permName: android.permission.READ_PHONE_STATE; res = -1; stacktrace=java.lang.Exception

09-03 02:05:21.142  5776  6248 I LSPosed-Bridge: 5776 PermLabel 10128 ContextImpl Binder.getCallingPid() = 5776; Binder.getCallingUid() = 10128; permName: android.permission.READ_PHONE_STATE; res = -1; stacktrace=java.lang.Exception

09-03 02:05:21.142  5776  6248 I LSPosed-Bridge: 	at com.example.permlabel.requestPerm$2.afterHookedMethod(requestPerm.java:189)

09-03 02:05:21.142  5776  6248 I LSPosed-Bridge: 	at com.example.permlabel.requestPerm$2.afterHookedMethod(requestPerm.java:189)

09-03 02:05:21.142  5776  6248 I LSPosed-Bridge: 	at de.robv.android.xposed.XposedBridge$AdditionalHookInfo.callback(Unknown Source:147)

09-03 02:05:21.142  5776  6248 I LSPosed-Bridge: 	at de.robv.android.xposed.XposedBridge$AdditionalHookInfo.callback(Unknown Source:147)

09-03 02:05:21.142  5776  6248 I LSPosed-Bridge: 	at LSPHooker_.checkPermission(Unknown Source:25)

09-03 02:05:21.142  5776  6248 I LSPosed-Bridge: 	at LSPHooker_.checkPermission(Unknown Source:25)

09-03 02:05:21.142  5776  6248 I LSPosed-Bridge: 	at android.app.ContextImpl.checkSelfPermission(ContextImpl.java:1801)

09-03 02:05:21.142  5776  6248 I LSPosed-Bridge: 	at android.app.ContextImpl.checkSelfPermission(ContextImpl.java:1801)

09-03 02:05:21.142  5776  6248 I LSPosed-Bridge: 	at android.content.ContextWrapper.checkSelfPermission(ContextWrapper.java:759)

09-03 02:05:21.142  5776  6248 I LSPosed-Bridge: 	at android.content.ContextWrapper.checkSelfPermission(ContextWrapper.java:759)

09-03 02:05:21.142  5776  6248 I LSPosed-Bridge: 	at java.lang.reflect.Method.invoke(Native Method)

09-03 02:05:21.142  5776  6248 I LSPosed-Bridge: 	at java.lang.reflect.Method.invoke(Native Method)

09-03 02:05:21.142  5776  6248 I LSPosed-Bridge: 	at com.mob.tools.utils.ReflectHelper.invokeMethod(SourceFile:11)

09-03 02:05:21.142  5776  6248 I LSPosed-Bridge: 	at com.mob.tools.utils.ReflectHelper.invokeMethod(SourceFile:11)

09-03 02:05:21.142  5776  6248 I LSPosed-Bridge: 	at com.mob.tools.utils.ReflectHelper.invokeInstanceMethod(SourceFile:1)

09-03 02:05:21.142  5776  6248 I LSPosed-Bridge: 	at com.mob.tools.utils.ReflectHelper.invokeInstanceMethod(SourceFile:1)

09-03 02:05:21.142  5776  6248 I LSPosed-Bridge: 	at com.mob.tools.utils.DeviceHelper.checkPermission(SourceFile:3)

09-03 02:05:21.142  5776  6248 I LSPosed-Bridge: 	at com.mob.tools.utils.DeviceHelper.checkPermission(SourceFile:3)

09-03 02:05:21.142  5776  6248 I LSPosed-Bridge: 	at com.mob.tools.utils.DeviceHelper.getSerialno(SourceFile:11)

09-03 02:05:21.142  5776  6248 I LSPosed-Bridge: 	at com.mob.tools.utils.DeviceHelper.getSerialno(SourceFile:11)

09-03 02:05:21.142  5776  6248 I LSPosed-Bridge: 	at com.mob.commons.authorize.a.b(SourceFile:44)

09-03 02:05:21.142  5776  6248 I LSPosed-Bridge: 	at com.mob.commons.authorize.a.b(SourceFile:44)

09-03 02:05:21.142  5776  6248 I LSPosed-Bridge: 	at com.mob.commons.authorize.a.a(SourceFile:125)

09-03 02:05:21.142  5776  6248 I LSPosed-Bridge: 	at com.mob.commons.authorize.a.a(SourceFile:125)

09-03 02:05:21.142  5776  6248 I LSPosed-Bridge: 	at com.mob.commons.authorize.a.a(SourceFile:3)

09-03 02:05:21.142  5776  6248 I LSPosed-Bridge: 	at com.mob.commons.authorize.a.a(SourceFile:3)

09-03 02:05:21.142  5776  6248 I LSPosed-Bridge: 	at com.mob.commons.authorize.a$5.run(SourceFile:4)

09-03 02:05:21.142  5776  6248 I LSPosed-Bridge: 	at com.mob.commons.authorize.a$5.run(SourceFile:4)

09-03 02:05:21.142  5776  5852 I LSPosed-Bridge: 5776 PermLabel hookBinder_test 10128 interfaceBinder =android.content.pm.IPackageManager; arg0 = 34; arg1 = android.os.Parcel@29bf3be; arg2 = android.os.Parcel@99ec4de; arg3 = 0; res = true; stacktrace=java.lang.Exception

09-03 02:05:21.142  5776  5852 I LSPosed-Bridge: 5776 PermLabel hookBinder_test 10128 interfaceBinder =android.content.pm.IPackageManager; arg0 = 34; arg1 = android.os.Parcel@29bf3be; arg2 = android.os.Parcel@99ec4de; arg3 = 0; res = true; stacktrace=java.lang.Exception

09-03 02:05:21.142  5776  5852 I LSPosed-Bridge: 	at com.example.permlabel.hookBinder_test$1.afterHookedMethod(hookBinder_test.java:58)

09-03 02:05:21.142  5776  5852 I LSPosed-Bridge: 	at com.example.permlabel.hookBinder_test$1.afterHookedMethod(hookBinder_test.java:58)

09-03 02:05:21.142  5776  5852 I LSPosed-Bridge: 	at de.robv.android.xposed.XposedBridge$AdditionalHookInfo.callback(Unknown Source:147)

09-03 02:05:21.142  5776  5852 I LSPosed-Bridge: 	at de.robv.android.xposed.XposedBridge$AdditionalHookInfo.callback(Unknown Source:147)

09-03 02:05:21.142  5776  5852 I LSPosed-Bridge: 	at LSPHooker_.transact(Unknown Source:28)

09-03 02:05:21.142  5776  5852 I LSPosed-Bridge: 	at LSPHooker_.transact(Unknown Source:28)

09-03 02:05:21.142  5776  5852 I LSPosed-Bridge: 	at android.content.pm.IPackageManager$Stub$Proxy.getPackagesForUid(IPackageManager.java:3558)

09-03 02:05:21.142  5776  5852 I LSPosed-Bridge: 	at android.content.pm.IPackageManager$Stub$Proxy.getPackagesForUid(IPackageManager.java:3558)

09-03 02:05:21.142  5776  5852 I LSPosed-Bridge: 	at android.app.ApplicationPackageManager.getPackagesForUid(ApplicationPackageManager.java:731)

09-03 02:05:21.142  5776  5852 I LSPosed-Bridge: 	at android.app.ApplicationPackageManager.getPackagesForUid(ApplicationPackageManager.java:731)

09-03 02:05:21.142  5776  6248 I LSPosed-Bridge: 5776 PermLabel 10128 ContextImpl.checkPermission: pid = 5776; uid = 10128; permName: android.permission.READ_PHONE_STATE; type = 1; res = -1; stacktrace=java.lang.Exception

09-03 02:05:21.142  5776  6248 I LSPosed-Bridge: 5776 PermLabel 10128 ContextImpl.checkPermission: pid = 5776; uid = 10128; permName: android.permission.READ_PHONE_STATE; type = 1; res = -1; stacktrace=java.lang.Exception

09-03 02:05:21.142  5776  6248 I LSPosed-Bridge: 	at com.example.permlabel.requestPerm$2.afterHookedMethod(requestPerm.java:213)

09-03 02:05:21.142  5776  6248 I LSPosed-Bridge: 	at com.example.permlabel.requestPerm$2.afterHookedMethod(requestPerm.java:213)

09-03 02:05:21.142  5776  6248 I LSPosed-Bridge: 	at de.robv.android.xposed.XposedBridge$AdditionalHookInfo.callback(Unknown Source:147)

09-03 02:05:21.142  5776  6248 I LSPosed-Bridge: 	at de.robv.android.xposed.XposedBridge$AdditionalHookInfo.callback(Unknown Source:147)

09-03 02:05:21.142  5776  6248 I LSPosed-Bridge: 	at LSPHooker_.checkPermission(Unknown Source:25)

09-03 02:05:21.142  5776  6248 I LSPosed-Bridge: 	at LSPHooker_.checkPermission(Unknown Source:25)

09-03 02:05:21.142  5776  6248 I LSPosed-Bridge: 	at android.app.ContextImpl.checkSelfPermission(ContextImpl.java:1801)

09-03 02:05:21.142  5776  6248 I LSPosed-Bridge: 	at android.app.ContextImpl.checkSelfPermission(ContextImpl.java:1801)

09-03 02:05:21.142  5776  6248 I LSPosed-Bridge: 	at android.content.ContextWrapper.checkSelfPermission(ContextWrapper.java:759)

09-03 02:05:21.142  5776  6248 I LSPosed-Bridge: 	at android.content.ContextWrapper.checkSelfPermission(ContextWrapper.java:759)

09-03 02:05:21.142  5776  6248 I LSPosed-Bridge: 	at java.lang.reflect.Method.invoke(Native Method)

09-03 02:05:21.142  5776  6248 I LSPosed-Bridge: 	at java.lang.reflect.Method.invoke(Native Method)

09-03 02:05:21.142  5776  6248 I LSPosed-Bridge: 	at com.mob.tools.utils.ReflectHelper.invokeMethod(SourceFile:11)

09-03 02:05:21.142  5776  6248 I LSPosed-Bridge: 	at com.mob.tools.utils.ReflectHelper.invokeMethod(SourceFile:11)

09-03 02:05:21.142  5776  6248 I LSPosed-Bridge: 	at com.mob.tools.utils.ReflectHelper.invokeInstanceMethod(SourceFile:1)

09-03 02:05:21.142  5776  6248 I LSPosed-Bridge: 	at com.mob.tools.utils.ReflectHelper.invokeInstanceMethod(SourceFile:1)

09-03 02:05:21.142  5776  6248 I LSPosed-Bridge: 	at com.mob.tools.utils.DeviceHelper.checkPermission(SourceFile:3)

09-03 02:05:21.142  5776  6248 I LSPosed-Bridge: 	at com.mob.tools.utils.DeviceHelper.checkPermission(SourceFile:3)

09-03 02:05:21.142  5776  6248 I LSPosed-Bridge: 	at com.mob.tools.utils.DeviceHelper.getSerialno(SourceFile:11)

09-03 02:05:21.142  5776  6248 I LSPosed-Bridge: 	at com.mob.tools.utils.DeviceHelper.getSerialno(SourceFile:11)

09-03 02:05:21.142  5776  6248 I LSPosed-Bridge: 	at com.mob.commons.authorize.a.b(SourceFile:44)

09-03 02:05:21.142  5776  6248 I LSPosed-Bridge: 	at com.mob.commons.authorize.a.b(SourceFile:44)

09-03 02:05:21.142  5776  6248 I LSPosed-Bridge: 	at com.mob.commons.authorize.a.a(SourceFile:125)

09-03 02:05:21.142  5776  6248 I LSPosed-Bridge: 	at com.mob.commons.authorize.a.a(SourceFile:125)

09-03 02:05:21.142  5776  6248 I LSPosed-Bridge: 	at com.mob.commons.authorize.a.a(SourceFile:3)

09-03 02:05:21.142  5776  6248 I LSPosed-Bridge: 	at com.mob.commons.authorize.a.a(SourceFile:3)

09-03 02:05:21.142  5776  6248 I LSPosed-Bridge: 	at com.mob.commons.authorize.a$5.run(SourceFile:4)

09-03 02:05:21.142  5776  6248 I LSPosed-Bridge: 	at com.mob.commons.authorize.a$5.run(SourceFile:4)

09-03 02:05:21.142  5776  5852 I LSPosed-Bridge: 5776 PermLabel hookBinder_test 10128 interfaceBinder =android.content.pm.IPackageManager; arg0 = 34; arg1 = android.os.Parcel@99ec4de; arg2 = android.os.Parcel@29bf3be; arg3 = 0; res = true; stacktrace=java.lang.Exception

09-03 02:05:21.142  5776  5852 I LSPosed-Bridge: 5776 PermLabel hookBinder_test 10128 interfaceBinder =android.content.pm.IPackageManager; arg0 = 34; arg1 = android.os.Parcel@99ec4de; arg2 = android.os.Parcel@29bf3be; arg3 = 0; res = true; stacktrace=java.lang.Exception

09-03 02:05:21.142  5776  5852 I LSPosed-Bridge: 	at com.example.permlabel.hookBinder_test$1.afterHookedMethod(hookBinder_test.java:58)

09-03 02:05:21.142  5776  5852 I LSPosed-Bridge: 	at com.example.permlabel.hookBinder_test$1.afterHookedMethod(hookBinder_test.java:58)

09-03 02:05:21.142  5776  5852 I LSPosed-Bridge: 	at de.robv.android.xposed.XposedBridge$AdditionalHookInfo.callback(Unknown Source:147)

09-03 02:05:21.142  5776  5852 I LSPosed-Bridge: 	at de.robv.android.xposed.XposedBridge$AdditionalHookInfo.callback(Unknown Source:147)

09-03 02:05:21.142  5776  5852 I LSPosed-Bridge: 	at LSPHooker_.transact(Unknown Source:28)

09-03 02:05:21.142  5776  5852 I LSPosed-Bridge: 	at LSPHooker_.transact(Unknown Source:28)

09-03 02:05:21.142  5776  5852 I LSPosed-Bridge: 	at android.content.pm.IPackageManager$Stub$Proxy.getPackagesForUid(IPackageManager.java:3558)

09-03 02:05:21.142  5776  5852 I LSPosed-Bridge: 	at android.content.pm.IPackageManager$Stub$Proxy.getPackagesForUid(IPackageManager.java:3558)

09-03 02:05:21.142  5776  5852 I LSPosed-Bridge: 	at android.app.ApplicationPackageManager.getPackagesForUid(ApplicationPackageManager.java:731)

09-03 02:05:21.142  5776  5852 I LSPosed-Bridge: 	at android.app.ApplicationPackageManager.getPackagesForUid(ApplicationPackageManager.java:731)

09-03 02:05:21.142  5776  5852 I LSPosed-Bridge: 5776 PermLabel hookBinder_test 10128 interfaceBinder =android.content.pm.IPackageManager; arg0 = 34; arg1 = android.os.Parcel@29bf3be; arg2 = android.os.Parcel@99ec4de; arg3 = 0; res = true; stacktrace=java.lang.Exception

09-03 02:05:21.142  5776  5852 I LSPosed-Bridge: 5776 PermLabel hookBinder_test 10128 interfaceBinder =android.content.pm.IPackageManager; arg0 = 34; arg1 = android.os.Parcel@29bf3be; arg2 = android.os.Parcel@99ec4de; arg3 = 0; res = true; stacktrace=java.lang.Exception

09-03 02:05:21.142  5776  5852 I LSPosed-Bridge: 	at com.example.permlabel.hookBinder_test$1.afterHookedMethod(hookBinder_test.java:58)

09-03 02:05:21.142  5776  5852 I LSPosed-Bridge: 	at com.example.permlabel.hookBinder_test$1.afterHookedMethod(hookBinder_test.java:58)

09-03 02:05:21.142  5776  5852 I LSPosed-Bridge: 	at de.robv.android.xposed.XposedBridge$AdditionalHookInfo.callback(Unknown Source:147)

09-03 02:05:21.142  5776  5852 I LSPosed-Bridge: 	at de.robv.android.xposed.XposedBridge$AdditionalHookInfo.callback(Unknown Source:147)

09-03 02:05:21.142  5776  5852 I LSPosed-Bridge: 	at LSPHooker_.transact(Unknown Source:28)

09-03 02:05:21.142  5776  5852 I LSPosed-Bridge: 	at LSPHooker_.transact(Unknown Source:28)

09-03 02:05:21.142  5776  5852 I LSPosed-Bridge: 	at android.content.pm.IPackageManager$Stub$Proxy.getPackagesForUid(IPackageManager.java:3558)

09-03 02:05:21.142  5776  5852 I LSPosed-Bridge: 	at android.content.pm.IPackageManager$Stub$Proxy.getPackagesForUid(IPackageManager.java:3558)

09-03 02:05:21.142  5776  5852 I LSPosed-Bridge: 	at android.app.ApplicationPackageManager.getPackagesForUid(ApplicationPackageManager.java:731)

09-03 02:05:21.142  5776  5852 I LSPosed-Bridge: 	at android.app.ApplicationPackageManager.getPackagesForUid(ApplicationPackageManager.java:731)

09-03 02:05:21.142  5776  5852 I LSPosed-Bridge: 5776 PermLabel hookBinder_test 10128 interfaceBinder =android.content.pm.IPackageManager; arg0 = 34; arg1 = android.os.Parcel@99ec4de; arg2 = android.os.Parcel@29bf3be; arg3 = 0; res = true; stacktrace=java.lang.Exception

09-03 02:05:21.142  5776  5852 I LSPosed-Bridge: 5776 PermLabel hookBinder_test 10128 interfaceBinder =android.content.pm.IPackageManager; arg0 = 34; arg1 = android.os.Parcel@99ec4de; arg2 = android.os.Parcel@29bf3be; arg3 = 0; res = true; stacktrace=java.lang.Exception

09-03 02:05:21.142  5776  5852 I LSPosed-Bridge: 	at com.example.permlabel.hookBinder_test$1.afterHookedMethod(hookBinder_test.java:58)

09-03 02:05:21.142  5776  5852 I LSPosed-Bridge: 	at com.example.permlabel.hookBinder_test$1.afterHookedMethod(hookBinder_test.java:58)

09-03 02:05:21.142  5776  5852 I LSPosed-Bridge: 	at de.robv.android.xposed.XposedBridge$AdditionalHookInfo.callback(Unknown Source:147)

09-03 02:05:21.142  5776  5852 I LSPosed-Bridge: 	at de.robv.android.xposed.XposedBridge$AdditionalHookInfo.callback(Unknown Source:147)

09-03 02:05:21.142  5776  5852 I LSPosed-Bridge: 	at LSPHooker_.transact(Unknown Source:28)

09-03 02:05:21.142  5776  5852 I LSPosed-Bridge: 	at LSPHooker_.transact(Unknown Source:28)

09-03 02:05:21.142  5776  5852 I LSPosed-Bridge: 	at android.content.pm.IPackageManager$Stub$Proxy.getPackagesForUid(IPackageManager.java:3558)

09-03 02:05:21.142  5776  5852 I LSPosed-Bridge: 	at android.content.pm.IPackageManager$Stub$Proxy.getPackagesForUid(IPackageManager.java:3558)

09-03 02:05:21.142  5776  5852 I LSPosed-Bridge: 	at android.app.ApplicationPackageManager.getPackagesForUid(ApplicationPackageManager.java:731)

09-03 02:05:21.142  5776  5852 I LSPosed-Bridge: 	at android.app.ApplicationPackageManager.getPackagesForUid(ApplicationPackageManager.java:731)

09-03 02:05:21.146  5776  5852 I LSPosed-Bridge: 5776 PermLabel hookBinder_test 10128 interfaceBinder =android.content.pm.IPackageManager; arg0 = 34; arg1 = android.os.Parcel@29bf3be; arg2 = android.os.Parcel@99ec4de; arg3 = 0; res = true; stacktrace=java.lang.Exception

