08-13 17:27:30.188  5854  5854 I LSPosed-Bridge: 5854 PermLabel 10125 permission_group_mapping =android.permission.CAMERA Camera

08-13 17:27:30.219  5854  5854 I LSPosed-Bridge: 5854 PermLabel 10125 permission_group_mapping =android.permission.READ_EXTERNAL_STORAGE Storage

08-13 17:27:30.219  5854  5854 I LSPosed-Bridge: 5854 PermLabel 10125 permission_group_mapping =android.permission.READ_EXTERNAL_STORAGE Storage

08-13 17:27:30.219  5854  5854 I LSPosed-Bridge: 5854 PermLabel 10125 all_declared permissions =android.permission.INTERNET android.permission.ACCESS_NETWORK_STATE android.permission.CAMERA android.permission.VIBRATE android.permission.READ_CALENDAR com.google.android.gms.permission.AD_ID android.permission.MODIFY_AUDIO_SETTINGS android.permission.WRITE_EXTERNAL_STORAGE android.permission.WAKE_LOCK android.permission.ACCESS_FINE_LOCATION android.permission.ACCESS_WIFI_STATE com.google.android.c2dm.permission.RECEIVE android.permission.POST_NOTIFICATIONS com.google.android.finsky.permission.BIND_GET_INSTALL_REFERRER_SERVICE android.permission.FOREGROUND_SERVICE com.invaluable.invaluable.DYNAMIC_RECEIVER_NOT_EXPORTED_PERMISSION android.permission.READ_EXTERNAL_STORAGE 

08-13 17:27:30.219  5854  5854 I LSPosed-Bridge: 5854 PermLabel 10125 all_declared permissions =android.permission.INTERNET android.permission.ACCESS_NETWORK_STATE android.permission.CAMERA android.permission.VIBRATE android.permission.READ_CALENDAR com.google.android.gms.permission.AD_ID android.permission.MODIFY_AUDIO_SETTINGS android.permission.WRITE_EXTERNAL_STORAGE android.permission.WAKE_LOCK android.permission.ACCESS_FINE_LOCATION android.permission.ACCESS_WIFI_STATE com.google.android.c2dm.permission.RECEIVE android.permission.POST_NOTIFICATIONS com.google.android.finsky.permission.BIND_GET_INSTALL_REFERRER_SERVICE android.permission.FOREGROUND_SERVICE com.invaluable.invaluable.DYNAMIC_RECEIVER_NOT_EXPORTED_PERMISSION android.permission.READ_EXTERNAL_STORAGE 

08-13 17:27:30.219  5854  5854 I LSPosed-Bridge: 5854 PermLabel 10125 declared normal_permissions =android.permission.INTERNET android.permission.ACCESS_NETWORK_STATE android.permission.VIBRATE com.google.android.gms.permission.AD_ID android.permission.MODIFY_AUDIO_SETTINGS android.permission.WAKE_LOCK android.permission.ACCESS_WIFI_STATE com.google.android.c2dm.permission.RECEIVE com.google.android.finsky.permission.BIND_GET_INSTALL_REFERRER_SERVICE android.permission.FOREGROUND_SERVICE 

08-13 17:27:30.219  5854  5854 I LSPosed-Bridge: 5854 PermLabel 10125 declared normal_permissions =android.permission.INTERNET android.permission.ACCESS_NETWORK_STATE android.permission.VIBRATE com.google.android.gms.permission.AD_ID android.permission.MODIFY_AUDIO_SETTINGS android.permission.WAKE_LOCK android.permission.ACCESS_WIFI_STATE com.google.android.c2dm.permission.RECEIVE com.google.android.finsky.permission.BIND_GET_INSTALL_REFERRER_SERVICE android.permission.FOREGROUND_SERVICE 

08-13 17:27:30.219  5854  5854 I LSPosed-Bridge: 5854 PermLabel 10125 declared dangerous_permissions =android.permission.CAMERA android.permission.READ_CALENDAR android.permission.WRITE_EXTERNAL_STORAGE android.permission.ACCESS_FINE_LOCATION android.permission.READ_EXTERNAL_STORAGE 

08-13 17:27:30.219  5854  5854 I LSPosed-Bridge: 5854 PermLabel 10125 declared dangerous_permissions =android.permission.CAMERA android.permission.READ_CALENDAR android.permission.WRITE_EXTERNAL_STORAGE android.permission.ACCESS_FINE_LOCATION android.permission.READ_EXTERNAL_STORAGE 

08-13 17:27:30.219  5854  5854 I LSPosed-Bridge: 5854 PermLabel 10125 declared dangerous_group =Camera Calendar Storage Location Storage 

08-13 17:27:30.219  5854  5854 I LSPosed-Bridge: 5854 PermLabel 10125 declared dangerous_group =Camera Calendar Storage Location Storage 

08-13 17:27:33.983  5854  6374 I LSPosed-Bridge: 5854 PermLabel 10125 android.permission.CAMERA getCameraInfo args0: 0; args1: android.hardware.Camera$CameraInfo@beb7485; res= null; stacktrace=java.lang.Exception

08-13 17:27:33.983  5854  6374 I LSPosed-Bridge: 	at com.example.permlabel.hookCamera$1.afterHookedMethod(hookCamera.java:21)

08-13 17:27:33.983  5854  6374 I LSPosed-Bridge: 	at de.robv.android.xposed.XposedBridge$AdditionalHookInfo.callback(Unknown Source:147)

08-13 17:27:33.983  5854  6374 I LSPosed-Bridge: 	at LSPHooker_.getCameraInfo(Unknown Source:15)

08-13 17:27:33.983  5854  6374 I LSPosed-Bridge: 	at org.webrtc.Camera1Enumerator.getCameraInfo(Camera1Enumerator.java:80)

08-13 17:27:33.983  5854  6374 I LSPosed-Bridge: 	at org.webrtc.Camera1Enumerator.getDeviceName(Camera1Enumerator.java:176)

08-13 17:27:33.983  5854  6374 I LSPosed-Bridge: 	at org.webrtc.Camera1Enumerator.getDeviceNames(Camera1Enumerator.java:42)

08-13 17:27:33.983  5854  6374 I LSPosed-Bridge: 	at com.millicast.Media.getVideoSources(Unknown Source:34)

08-13 17:27:33.983  5854  6374 I LSPosed-Bridge: 	at com.invaluable.invaluable.livevideo.MillicastManager.lambda$refreshVideoSourceList$3$com-invaluable-invaluable-livevideo-MillicastManager(MillicastManager.java:1238)

08-13 17:27:33.983  5854  6374 I LSPosed-Bridge: 	at com.invaluable.invaluable.livevideo.MillicastManager$$ExternalSyntheticLambda3.run(Unknown Source:4)

08-13 17:27:33.983  5854  6374 I LSPosed-Bridge: 	at android.os.Handler.handleCallback(Handler.java:873)

08-13 17:27:33.983  5854  6374 I LSPosed-Bridge: 	at android.os.Handler.dispatchMessage(Handler.java:99)

08-13 17:27:33.983  5854  6374 I LSPosed-Bridge: 	at android.os.Looper.loop(Looper.java:193)

08-13 17:27:33.983  5854  6374 I LSPosed-Bridge: 	at android.os.HandlerThread.run(HandlerThread.java:65)

08-13 17:27:33.983  5854  6374 I chatty  : uid=10125(com.invaluable.invaluable) MC-Background-V identical 1 line

08-13 17:27:33.984  5854  6374 I LSPosed-Bridge: 5854 PermLabel 10125 android.permission.CAMERA getCameraInfo args0: 0; args1: android.hardware.Camera$CameraInfo@beb7485; res= null; stacktrace=java.lang.Exception

08-13 17:27:33.984  5854  6374 I LSPosed-Bridge: 	at com.example.permlabel.hookCamera$1.afterHookedMethod(hookCamera.java:21)

08-13 17:27:33.984  5854  6374 I LSPosed-Bridge: 	at de.robv.android.xposed.XposedBridge$AdditionalHookInfo.callback(Unknown Source:147)

08-13 17:27:33.984  5854  6374 I LSPosed-Bridge: 	at LSPHooker_.getCameraInfo(Unknown Source:15)

08-13 17:27:33.984  5854  6374 I LSPosed-Bridge: 	at org.webrtc.Camera1Enumerator.getCameraInfo(Camera1Enumerator.java:80)

08-13 17:27:33.984  5854  6374 I LSPosed-Bridge: 	at org.webrtc.Camera1Enumerator.getDeviceName(Camera1Enumerator.java:176)

08-13 17:27:33.984  5854  6374 I LSPosed-Bridge: 	at org.webrtc.Camera1Enumerator.getDeviceNames(Camera1Enumerator.java:42)

08-13 17:27:33.984  5854  6374 I LSPosed-Bridge: 	at com.millicast.Media.getVideoSources(Unknown Source:34)

08-13 17:27:33.984  5854  6374 I LSPosed-Bridge: 	at com.invaluable.invaluable.livevideo.MillicastManager.lambda$refreshVideoSourceList$3$com-invaluable-invaluable-livevideo-MillicastManager(MillicastManager.java:1238)

08-13 17:27:33.984  5854  6374 I LSPosed-Bridge: 	at com.invaluable.invaluable.livevideo.MillicastManager$$ExternalSyntheticLambda3.run(Unknown Source:4)

08-13 17:27:33.984  5854  6374 I LSPosed-Bridge: 	at android.os.Handler.handleCallback(Handler.java:873)

08-13 17:27:33.984  5854  6374 I LSPosed-Bridge: 	at android.os.Handler.dispatchMessage(Handler.java:99)

08-13 17:27:33.984  5854  6374 I LSPosed-Bridge: 	at android.os.Looper.loop(Looper.java:193)

08-13 17:27:33.984  5854  6374 I LSPosed-Bridge: 	at android.os.HandlerThread.run(HandlerThread.java:65)

08-13 17:27:33.984  5854  6374 I org.webrtc.Logging: Camera1Enumerator: Index: 0. Camera 0, Facing back, Orientation 90

08-13 17:27:33.992  5854  6374 I LSPosed-Bridge: 5854 PermLabel 10125 android.permission.CAMERA getCameraInfo args0: 1; args1: android.hardware.Camera$CameraInfo@8a4e7; res= null; stacktrace=java.lang.Exception

08-13 17:27:33.992  5854  6374 I LSPosed-Bridge: 	at com.example.permlabel.hookCamera$1.afterHookedMethod(hookCamera.java:21)

08-13 17:27:33.992  5854  6374 I LSPosed-Bridge: 	at de.robv.android.xposed.XposedBridge$AdditionalHookInfo.callback(Unknown Source:147)

08-13 17:27:33.992  5854  6374 I LSPosed-Bridge: 	at LSPHooker_.getCameraInfo(Unknown Source:15)

08-13 17:27:33.992  5854  6374 I LSPosed-Bridge: 	at org.webrtc.Camera1Enumerator.getCameraInfo(Camera1Enumerator.java:80)

08-13 17:27:33.992  5854  6374 I LSPosed-Bridge: 	at org.webrtc.Camera1Enumerator.getDeviceName(Camera1Enumerator.java:176)

08-13 17:27:33.992  5854  6374 I LSPosed-Bridge: 	at org.webrtc.Camera1Enumerator.getDeviceNames(Camera1Enumerator.java:42)

08-13 17:27:33.992  5854  6374 I LSPosed-Bridge: 	at com.millicast.Media.getVideoSources(Unknown Source:34)

08-13 17:27:33.992  5854  6374 I LSPosed-Bridge: 	at com.invaluable.invaluable.livevideo.MillicastManager.lambda$refreshVideoSourceList$3$com-invaluable-invaluable-livevideo-MillicastManager(MillicastManager.java:1238)

08-13 17:27:33.992  5854  6374 I LSPosed-Bridge: 	at com.invaluable.invaluable.livevideo.MillicastManager$$ExternalSyntheticLambda3.run(Unknown Source:4)

08-13 17:27:33.992  5854  6374 I LSPosed-Bridge: 	at android.os.Handler.handleCallback(Handler.java:873)

08-13 17:27:33.992  5854  6374 I LSPosed-Bridge: 	at android.os.Handler.dispatchMessage(Handler.java:99)

08-13 17:27:33.992  5854  6374 I LSPosed-Bridge: 	at android.os.Looper.loop(Looper.java:193)

08-13 17:27:33.992  5854  6374 I LSPosed-Bridge: 	at android.os.HandlerThread.run(HandlerThread.java:65)

08-13 17:27:33.992  5854  6374 I chatty  : uid=10125(com.invaluable.invaluable) MC-Background-V identical 1 line

08-13 17:27:33.993  5854  6374 I LSPosed-Bridge: 5854 PermLabel 10125 android.permission.CAMERA getCameraInfo args0: 1; args1: android.hardware.Camera$CameraInfo@8a4e7; res= null; stacktrace=java.lang.Exception

08-13 17:27:33.993  5854  6374 I LSPosed-Bridge: 	at com.example.permlabel.hookCamera$1.afterHookedMethod(hookCamera.java:21)

08-13 17:27:33.993  5854  6374 I LSPosed-Bridge: 	at de.robv.android.xposed.XposedBridge$AdditionalHookInfo.callback(Unknown Source:147)

08-13 17:27:33.993  5854  6374 I LSPosed-Bridge: 	at LSPHooker_.getCameraInfo(Unknown Source:15)

08-13 17:27:33.993  5854  6374 I LSPosed-Bridge: 	at org.webrtc.Camera1Enumerator.getCameraInfo(Camera1Enumerator.java:80)

08-13 17:27:33.993  5854  6374 I LSPosed-Bridge: 	at org.webrtc.Camera1Enumerator.getDeviceName(Camera1Enumerator.java:176)

08-13 17:27:33.993  5854  6374 I LSPosed-Bridge: 	at org.webrtc.Camera1Enumerator.getDeviceNames(Camera1Enumerator.java:42)

08-13 17:27:33.993  5854  6374 I LSPosed-Bridge: 	at com.millicast.Media.getVideoSources(Unknown Source:34)

08-13 17:27:33.993  5854  6374 I LSPosed-Bridge: 	at com.invaluable.invaluable.livevideo.MillicastManager.lambda$refreshVideoSourceList$3$com-invaluable-invaluable-livevideo-MillicastManager(MillicastManager.java:1238)

08-13 17:27:33.993  5854  6374 I LSPosed-Bridge: 	at com.invaluable.invaluable.livevideo.MillicastManager$$ExternalSyntheticLambda3.run(Unknown Source:4)

08-13 17:27:33.993  5854  6374 I LSPosed-Bridge: 	at android.os.Handler.handleCallback(Handler.java:873)

08-13 17:27:33.993  5854  6374 I LSPosed-Bridge: 	at android.os.Handler.dispatchMessage(Handler.java:99)

08-13 17:27:33.993  5854  6374 I LSPosed-Bridge: 	at android.os.Looper.loop(Looper.java:193)

08-13 17:27:33.993  5854  6374 I LSPosed-Bridge: 	at android.os.HandlerThread.run(HandlerThread.java:65)

08-13 17:27:33.993  5854  6374 I org.webrtc.Logging: Camera1Enumerator: Index: 1. Camera 1, Facing front, Orientation 270

08-13 17:27:34.001  5854  6374 I LSPosed-Bridge: 5854 PermLabel 10125 android.permission.CAMERA getCameraInfo args0: 0; args1: android.hardware.Camera$CameraInfo@a4b49df; res= null; stacktrace=java.lang.Exception

08-13 17:27:34.001  5854  6374 I LSPosed-Bridge: 5854 PermLabel 10125 android.permission.CAMERA getCameraInfo args0: 0; args1: android.hardware.Camera$CameraInfo@a4b49df; res= null; stacktrace=java.lang.Exception

08-13 17:27:34.001  5854  6374 I LSPosed-Bridge: 	at com.example.permlabel.hookCamera$1.afterHookedMethod(hookCamera.java:21)

08-13 17:27:34.001  5854  6374 I LSPosed-Bridge: 	at com.example.permlabel.hookCamera$1.afterHookedMethod(hookCamera.java:21)

08-13 17:27:34.001  5854  6374 I LSPosed-Bridge: 	at de.robv.android.xposed.XposedBridge$AdditionalHookInfo.callback(Unknown Source:147)

08-13 17:27:34.001  5854  6374 I LSPosed-Bridge: 	at de.robv.android.xposed.XposedBridge$AdditionalHookInfo.callback(Unknown Source:147)

08-13 17:27:34.001  5854  6374 I LSPosed-Bridge: 	at LSPHooker_.getCameraInfo(Unknown Source:15)

08-13 17:27:34.001  5854  6374 I LSPosed-Bridge: 	at LSPHooker_.getCameraInfo(Unknown Source:15)

08-13 17:27:34.001  5854  6374 I LSPosed-Bridge: 	at org.webrtc.Camera1Enumerator.getCameraInfo(Camera1Enumerator.java:80)

08-13 17:27:34.001  5854  6374 I LSPosed-Bridge: 	at org.webrtc.Camera1Enumerator.getCameraInfo(Camera1Enumerator.java:80)

08-13 17:27:34.001  5854  6374 I LSPosed-Bridge: 	at org.webrtc.Camera1Enumerator.getDeviceName(Camera1Enumerator.java:176)

08-13 17:27:34.001  5854  6374 I LSPosed-Bridge: 	at org.webrtc.Camera1Enumerator.getDeviceName(Camera1Enumerator.java:176)

08-13 17:27:34.001  5854  6374 I LSPosed-Bridge: 	at org.webrtc.Camera1Enumerator.getCameraIndex(Camera1Enumerator.java:166)

08-13 17:27:34.001  5854  6374 I LSPosed-Bridge: 	at org.webrtc.Camera1Enumerator.getCameraIndex(Camera1Enumerator.java:166)

08-13 17:27:34.001  5854  6374 I LSPosed-Bridge: 	at org.webrtc.Camera1Enumerator.getSupportedFormats(Camera1Enumerator.java:68)

08-13 17:27:34.001  5854  6374 I LSPosed-Bridge: 	at org.webrtc.Camera1Enumerator.getSupportedFormats(Camera1Enumerator.java:68)

08-13 17:27:34.001  5854  6374 I LSPosed-Bridge: 	at com.millicast.Media.getVideoSources(Unknown Source:48)

08-13 17:27:34.001  5854  6374 I LSPosed-Bridge: 	at com.millicast.Media.getVideoSources(Unknown Source:48)

08-13 17:27:34.001  5854  6374 I LSPosed-Bridge: 	at com.invaluable.invaluable.livevideo.MillicastManager.lambda$refreshVideoSourceList$3$com-invaluable-invaluable-livevideo-MillicastManager(MillicastManager.java:1238)

08-13 17:27:34.001  5854  6374 I LSPosed-Bridge: 	at com.invaluable.invaluable.livevideo.MillicastManager.lambda$refreshVideoSourceList$3$com-invaluable-invaluable-livevideo-MillicastManager(MillicastManager.java:1238)

08-13 17:27:34.001  5854  6374 I LSPosed-Bridge: 	at com.invaluable.invaluable.livevideo.MillicastManager$$ExternalSyntheticLambda3.run(Unknown Source:4)

08-13 17:27:34.001  5854  6374 I LSPosed-Bridge: 	at com.invaluable.invaluable.livevideo.MillicastManager$$ExternalSyntheticLambda3.run(Unknown Source:4)

08-13 17:27:34.001  5854  6374 I LSPosed-Bridge: 	at android.os.Handler.handleCallback(Handler.java:873)

08-13 17:27:34.001  5854  6374 I LSPosed-Bridge: 	at android.os.Handler.handleCallback(Handler.java:873)

08-13 17:27:34.001  5854  6374 I LSPosed-Bridge: 	at android.os.Handler.dispatchMessage(Handler.java:99)

08-13 17:27:34.001  5854  6374 I LSPosed-Bridge: 	at android.os.Handler.dispatchMessage(Handler.java:99)

08-13 17:27:34.001  5854  6374 I LSPosed-Bridge: 	at android.os.Looper.loop(Looper.java:193)

08-13 17:27:34.001  5854  6374 I LSPosed-Bridge: 	at android.os.Looper.loop(Looper.java:193)

08-13 17:27:34.001  5854  6374 I LSPosed-Bridge: 	at android.os.HandlerThread.run(HandlerThread.java:65)

08-13 17:27:34.001  5854  6374 I LSPosed-Bridge: 	at android.os.HandlerThread.run(HandlerThread.java:65)

08-13 17:27:34.001  5854  6374 I chatty  : uid=10125(com.invaluable.invaluable) MC-Background-V identical 1 line

08-13 17:27:34.001  5854  6374 I chatty  : uid=10125(com.invaluable.invaluable) MC-Background-V identical 1 line

08-13 17:27:34.001  5854  6374 I LSPosed-Bridge: 5854 PermLabel 10125 android.permission.CAMERA getCameraInfo args0: 0; args1: android.hardware.Camera$CameraInfo@a4b49df; res= null; stacktrace=java.lang.Exception

08-13 17:27:34.001  5854  6374 I LSPosed-Bridge: 5854 PermLabel 10125 android.permission.CAMERA getCameraInfo args0: 0; args1: android.hardware.Camera$CameraInfo@a4b49df; res= null; stacktrace=java.lang.Exception

08-13 17:27:34.001  5854  6374 I LSPosed-Bridge: 	at com.example.permlabel.hookCamera$1.afterHookedMethod(hookCamera.java:21)

08-13 17:27:34.001  5854  6374 I LSPosed-Bridge: 	at com.example.permlabel.hookCamera$1.afterHookedMethod(hookCamera.java:21)

08-13 17:27:34.001  5854  6374 I LSPosed-Bridge: 	at de.robv.android.xposed.XposedBridge$AdditionalHookInfo.callback(Unknown Source:147)

08-13 17:27:34.001  5854  6374 I LSPosed-Bridge: 	at de.robv.android.xposed.XposedBridge$AdditionalHookInfo.callback(Unknown Source:147)

08-13 17:27:34.001  5854  6374 I LSPosed-Bridge: 	at LSPHooker_.getCameraInfo(Unknown Source:15)

08-13 17:27:34.001  5854  6374 I LSPosed-Bridge: 	at LSPHooker_.getCameraInfo(Unknown Source:15)

08-13 17:27:34.001  5854  6374 I LSPosed-Bridge: 	at org.webrtc.Camera1Enumerator.getCameraInfo(Camera1Enumerator.java:80)

08-13 17:27:34.001  5854  6374 I LSPosed-Bridge: 	at org.webrtc.Camera1Enumerator.getCameraInfo(Camera1Enumerator.java:80)

08-13 17:27:34.001  5854  6374 I LSPosed-Bridge: 	at org.webrtc.Camera1Enumerator.getDeviceName(Camera1Enumerator.java:176)

08-13 17:27:34.001  5854  6374 I LSPosed-Bridge: 	at org.webrtc.Camera1Enumerator.getDeviceName(Camera1Enumerator.java:176)

08-13 17:27:34.001  5854  6374 I LSPosed-Bridge: 	at org.webrtc.Camera1Enumerator.getCameraIndex(Camera1Enumerator.java:166)

08-13 17:27:34.001  5854  6374 I LSPosed-Bridge: 	at org.webrtc.Camera1Enumerator.getCameraIndex(Camera1Enumerator.java:166)

08-13 17:27:34.001  5854  6374 I LSPosed-Bridge: 	at org.webrtc.Camera1Enumerator.getSupportedFormats(Camera1Enumerator.java:68)

08-13 17:27:34.001  5854  6374 I LSPosed-Bridge: 	at org.webrtc.Camera1Enumerator.getSupportedFormats(Camera1Enumerator.java:68)

08-13 17:27:34.001  5854  6374 I LSPosed-Bridge: 	at com.millicast.Media.getVideoSources(Unknown Source:48)

08-13 17:27:34.001  5854  6374 I LSPosed-Bridge: 	at com.millicast.Media.getVideoSources(Unknown Source:48)

08-13 17:27:34.001  5854  6374 I LSPosed-Bridge: 	at com.invaluable.invaluable.livevideo.MillicastManager.lambda$refreshVideoSourceList$3$com-invaluable-invaluable-livevideo-MillicastManager(MillicastManager.java:1238)

08-13 17:27:34.001  5854  6374 I LSPosed-Bridge: 	at com.invaluable.invaluable.livevideo.MillicastManager.lambda$refreshVideoSourceList$3$com-invaluable-invaluable-livevideo-MillicastManager(MillicastManager.java:1238)

08-13 17:27:34.001  5854  6374 I LSPosed-Bridge: 	at com.invaluable.invaluable.livevideo.MillicastManager$$ExternalSyntheticLambda3.run(Unknown Source:4)

08-13 17:27:34.001  5854  6374 I LSPosed-Bridge: 	at com.invaluable.invaluable.livevideo.MillicastManager$$ExternalSyntheticLambda3.run(Unknown Source:4)

08-13 17:27:34.001  5854  6374 I LSPosed-Bridge: 	at android.os.Handler.handleCallback(Handler.java:873)

08-13 17:27:34.001  5854  6374 I LSPosed-Bridge: 	at android.os.Handler.handleCallback(Handler.java:873)

08-13 17:27:34.001  5854  6374 I LSPosed-Bridge: 	at android.os.Handler.dispatchMessage(Handler.java:99)

08-13 17:27:34.001  5854  6374 I LSPosed-Bridge: 	at android.os.Handler.dispatchMessage(Handler.java:99)

08-13 17:27:34.001  5854  6374 I LSPosed-Bridge: 	at android.os.Looper.loop(Looper.java:193)

08-13 17:27:34.001  5854  6374 I LSPosed-Bridge: 	at android.os.Looper.loop(Looper.java:193)

08-13 17:27:34.001  5854  6374 I LSPosed-Bridge: 	at android.os.HandlerThread.run(HandlerThread.java:65)

08-13 17:27:34.001  5854  6374 I LSPosed-Bridge: 	at android.os.HandlerThread.run(HandlerThread.java:65)

08-13 17:27:34.018  1510  5573 I LSPosed-Bridge: 5854 PermLabel 10125 AMS.checkPermission: Binder.getCallingPid() = 910; uid = 10125; Binder.getCallingUid() = 1047; getNameForUid: null; getPackagesForUid: null; permName: android.permission.CAMERA; type = 1; res = -1; stacktrace=java.lang.Exception

08-13 17:27:34.018  1510  5573 I LSPosed-Bridge: 	at com.example.permlabel.requirePerm$1$2.afterHookedMethod(requirePerm.java:138)

08-13 17:27:34.018  1510  5573 I LSPosed-Bridge: 	at de.robv.android.xposed.XposedBridge$AdditionalHookInfo.callback(Unknown Source:147)

08-13 17:27:34.018  1510  5573 I LSPosed-Bridge: 	at LSPHooker_.checkPermission(Unknown Source:25)

08-13 17:27:34.018  1510  5573 I LSPosed-Bridge: 	at com.android.server.am.ActivityManagerService$PermissionController.checkPermission(ActivityManagerService.java:9248)

08-13 17:27:34.018  1510  5573 I LSPosed-Bridge: 	at android.os.IPermissionController$Stub.onTransact(IPermissionController.java:56)

08-13 17:27:34.018  1510  5573 I LSPosed-Bridge: 	at android.os.Binder.execTransact(Binder.java:731)

08-13 17:27:34.123  1510  5573 I LSPosed-Bridge: 5854 PermLabel 10125 AMS.checkPermission: Binder.getCallingPid() = 910; uid = 10125; Binder.getCallingUid() = 1047; getNameForUid: null; getPackagesForUid: null; permName: android.permission.CAMERA; type = 1; res = -1; stacktrace=java.lang.Exception

08-13 17:27:34.123  1510  5573 I LSPosed-Bridge: 	at com.example.permlabel.requirePerm$1$2.afterHookedMethod(requirePerm.java:138)

08-13 17:27:34.123  1510  5573 I LSPosed-Bridge: 	at de.robv.android.xposed.XposedBridge$AdditionalHookInfo.callback(Unknown Source:147)

08-13 17:27:34.123  1510  5573 I LSPosed-Bridge: 	at LSPHooker_.checkPermission(Unknown Source:25)

08-13 17:27:34.123  1510  5573 I LSPosed-Bridge: 	at com.android.server.am.ActivityManagerService$PermissionController.checkPermission(ActivityManagerService.java:9248)

08-13 17:27:34.123  1510  5573 I LSPosed-Bridge: 	at android.os.IPermissionController$Stub.onTransact(IPermissionController.java:56)

08-13 17:27:34.123  1510  5573 I LSPosed-Bridge: 	at android.os.Binder.execTransact(Binder.java:731)

08-13 17:27:34.123  5854  6122 I LSPosed-Bridge: 5854 PermLabel hookBinder_test 10125 interfaceBinder =android.content.pm.IPackageManager; arg0 = 13; arg1 = android.os.Parcel@1112954; arg2 = android.os.Parcel@3b63c4d; arg3 = 0; res = true; stacktrace=java.lang.Exception

08-13 17:27:34.123  5854  6122 I LSPosed-Bridge: 	at com.example.permlabel.hookBinder_test$1.afterHookedMethod(hookBinder_test.java:63)

08-13 17:27:34.123  5854  6122 I LSPosed-Bridge: 	at de.robv.android.xposed.XposedBridge$AdditionalHookInfo.callback(Unknown Source:147)

08-13 17:27:34.123  5854  6122 I LSPosed-Bridge: 	at LSPHooker_.transact(Unknown Source:28)

08-13 17:27:34.123  5854  6122 I LSPosed-Bridge: 	at android.content.pm.IPackageManager$Stub$Proxy.getApplicationInfo(IPackageManager.java:3104)

08-13 17:27:34.123  5854  6122 I LSPosed-Bridge: 	at android.app.ApplicationPackageManager.getApplicationInfoAsUser(ApplicationPackageManager.java:384)

08-13 17:27:34.123  5854  6122 I LSPosed-Bridge: 	at android.app.ApplicationPackageManager.getApplicationInfo(ApplicationPackageManager.java:377)

08-13 17:27:34.123  5854  6122 I LSPosed-Bridge: 	at m.cr.a(:com.google.android.gms.dynamite_measurementdynamite@233013028@23.30.13 (100400-0):7)

08-13 17:27:34.123  5854  6122 I LSPosed-Bridge: 	at m.ek.c(:com.google.android.gms.dynamite_measurementdynamite@233013028@23.30.13 (100400-0):42)

08-13 17:27:34.123  5854  6122 I LSPosed-Bridge: 	at m.ek.d(:com.google.android.gms.dynamite_measurementdynamite@233013028@23.30.13 (100400-0):4)

08-13 17:27:34.123  5854  6122 I LSPosed-Bridge: 	at m.lx.f(:com.google.android.gms.dynamite_measurementdynamite@233013028@23.30.13 (100400-0):94)

08-13 17:27:34.123  5854  6122 I LSPosed-Bridge: 	at m.kk.U(:com.google.android.gms.dynamite_measurementdynamite@233013028@23.30.13 (100400-0):166)

08-13 17:27:34.123  5854  6122 I LSPosed-Bridge: 	at m.kk.E(:com.google.android.gms.dynamite_measurementdynamite@233013028@23.30.13 (100400-0):31)

08-13 17:27:34.123  5854  6122 I LSPosed-Bridge: 	at m.ky.A(:com.google.android.gms.dynamite_measurementdynamite@233013028@23.30.13 (100400-0):188)

08-13 17:27:34.123  5854  6122 I LSPosed-Bridge: 	at m.kt.run(:com.google.android.gms.dynamite_measurementdynamite@233013028@23.30.13 (100400-0):12)

08-13 17:27:34.123  5854  6122 I LSPosed-Bridge: 	at java.util.concurrent.Executors$RunnableAdapter.call(Executors.java:458)

08-13 17:27:34.123  5854  6122 I LSPosed-Bridge: 	at java.util.concurrent.FutureTask.run(FutureTask.java:266)

08-13 17:27:34.123  5854  6122 I LSPosed-Bridge: 	at m.it.run(:com.google.android.gms.dynamite_measurementdynamite@233013028@23.30.13 (100400-0):48)

08-13 17:27:34.228  1510  5924 I LSPosed-Bridge: 5854 PermLabel 10125 AMS.checkPermission: Binder.getCallingPid() = 910; uid = 10125; Binder.getCallingUid() = 1047; getNameForUid: null; getPackagesForUid: null; permName: android.permission.CAMERA; type = 1; res = -1; stacktrace=java.lang.Exception

08-13 17:27:34.228  1510  5924 I LSPosed-Bridge: 	at com.example.permlabel.requirePerm$1$2.afterHookedMethod(requirePerm.java:138)

08-13 17:27:34.228  1510  5924 I LSPosed-Bridge: 	at de.robv.android.xposed.XposedBridge$AdditionalHookInfo.callback(Unknown Source:147)

08-13 17:27:34.228  1510  5924 I LSPosed-Bridge: 	at LSPHooker_.checkPermission(Unknown Source:25)

08-13 17:27:34.228  1510  5924 I LSPosed-Bridge: 	at com.android.server.am.ActivityManagerService$PermissionController.checkPermission(ActivityManagerService.java:9248)

08-13 17:27:34.228  1510  5924 I LSPosed-Bridge: 	at android.os.IPermissionController$Stub.onTransact(IPermissionController.java:56)

08-13 17:27:34.228  1510  5924 I LSPosed-Bridge: 	at android.os.Binder.execTransact(Binder.java:731)

08-13 17:27:34.228   910  6446 W ServiceManager: Permission failure: android.permission.CAMERA from uid=10125 pid=5854

08-13 17:27:34.228   910  6446 E CameraService: Permission Denial: can't use the camera pid=5854, uid=10125

08-13 17:27:34.228  5854  6374 W CameraBase: An error occurred while connecting to camera 0: Status(-8): '1: validateClientPermissionsLocked:906: Caller "com.invaluable.invaluable" (PID 10125, UID 5854) cannot open camera "0" without camera permission'

08-13 17:27:34.341  5854  6115 I LSPosed-Bridge: 5854 PermLabel hookBinder_test 10125 interfaceBinder =android.content.IBulkCursor; arg0 = 7; arg1 = android.os.Parcel@2a69e32; arg2 = android.os.Parcel@1d0c783; arg3 = 0; res = true; stacktrace=java.lang.Exception

08-13 17:27:34.341  5854  6115 I LSPosed-Bridge: 	at com.example.permlabel.hookBinder_test$1.afterHookedMethod(hookBinder_test.java:63)

08-13 17:27:34.341  5854  6115 I LSPosed-Bridge: 	at de.robv.android.xposed.XposedBridge$AdditionalHookInfo.callback(Unknown Source:147)

08-13 17:27:34.341  5854  6115 I LSPosed-Bridge: 	at LSPHooker_.transact(Unknown Source:28)

08-13 17:27:34.341  5854  6115 I LSPosed-Bridge: 	at android.database.BulkCursorProxy.close(BulkCursorNative.java:214)

08-13 17:27:34.341  5854  6115 I LSPosed-Bridge: 	at android.database.BulkCursorToCursorAdaptor.close(BulkCursorToCursorAdaptor.java:121)

08-13 17:27:34.341  5854  6115 I LSPosed-Bridge: 	at android.database.CursorWrapper.close(CursorWrapper.java:50)

08-13 17:27:34.341  5854  6115 I LSPosed-Bridge: 	at android.content.ContentResolver$CursorWrapperInner.close(ContentResolver.java:2997)

08-13 17:27:34.341  5854  6115 I LSPosed-Bridge: 	at com.facebook.internal.AttributionIdentifiers.getAttributionIdentifiers(AttributionIdentifiers.java:225)

08-13 17:27:34.341  5854  6115 I LSPosed-Bridge: 	at com.facebook.applinks.AppLinkData.fetchDeferredAppLinkFromServer(AppLinkData.java:163)

08-13 17:27:34.341  5854  6115 I LSPosed-Bridge: 	at com.facebook.applinks.AppLinkData.access$000(AppLinkData.java:50)

08-13 17:27:34.341  5854  6115 I LSPosed-Bridge: 	at com.facebook.applinks.AppLinkData$1.run(AppLinkData.java:148)

08-13 17:27:34.341  5854  6115 I LSPosed-Bridge: 	at java.util.concurrent.ThreadPoolExecutor.runWorker(ThreadPoolExecutor.java:1167)

08-13 17:27:34.341  5854  6115 I LSPosed-Bridge: 	at java.util.concurrent.ThreadPoolExecutor$Worker.run(ThreadPoolExecutor.java:641)

08-13 17:27:34.341  5854  6115 I LSPosed-Bridge: 	at java.lang.Thread.run(Thread.java:764)

08-13 17:27:34.341  1510  5926 I LSPosed-Bridge: 5854 PermLabel 10125 AMS.checkPermission: Binder.getCallingPid() = 910; uid = 10125; Binder.getCallingUid() = 1047; getNameForUid: null; getPackagesForUid: null; permName: android.permission.CAMERA; type = 1; res = -1; stacktrace=java.lang.Exception

08-13 17:27:34.341  1510  5926 I LSPosed-Bridge: 	at com.example.permlabel.requirePerm$1$2.afterHookedMethod(requirePerm.java:138)

08-13 17:27:34.341  1510  5926 I LSPosed-Bridge: 	at de.robv.android.xposed.XposedBridge$AdditionalHookInfo.callback(Unknown Source:147)

08-13 17:27:34.341  1510  5926 I LSPosed-Bridge: 	at LSPHooker_.checkPermission(Unknown Source:25)

08-13 17:27:34.341  1510  5926 I LSPosed-Bridge: 	at com.android.server.am.ActivityManagerService$PermissionController.checkPermission(ActivityManagerService.java:9248)

08-13 17:27:34.341  1510  5926 I LSPosed-Bridge: 	at android.os.IPermissionController$Stub.onTransact(IPermissionController.java:56)

08-13 17:27:34.341  1510  5926 I LSPosed-Bridge: 	at android.os.Binder.execTransact(Binder.java:731)

08-13 17:27:34.488  1510  5924 I LSPosed-Bridge: 5854 PermLabel 10125 AMS.checkPermission: Binder.getCallingPid() = 910; uid = 10125; Binder.getCallingUid() = 1047; getNameForUid: null; getPackagesForUid: null; permName: android.permission.CAMERA; type = 1; res = -1; stacktrace=java.lang.Exception

08-13 17:27:34.488  1510  5924 I LSPosed-Bridge: 	at com.example.permlabel.requirePerm$1$2.afterHookedMethod(requirePerm.java:138)

08-13 17:27:34.488  1510  5924 I LSPosed-Bridge: 	at de.robv.android.xposed.XposedBridge$AdditionalHookInfo.callback(Unknown Source:147)

08-13 17:27:34.488  1510  5924 I LSPosed-Bridge: 	at LSPHooker_.checkPermission(Unknown Source:25)

08-13 17:27:34.488  1510  5924 I LSPosed-Bridge: 	at com.android.server.am.ActivityManagerService$PermissionController.checkPermission(ActivityManagerService.java:9248)

08-13 17:27:34.488  1510  5924 I LSPosed-Bridge: 	at android.os.IPermissionController$Stub.onTransact(IPermissionController.java:56)

08-13 17:27:34.488  1510  5924 I LSPosed-Bridge: 	at android.os.Binder.execTransact(Binder.java:731)

08-13 17:27:34.488   910  6446 W ServiceManager: Permission failure: android.permission.CAMERA from uid=10125 pid=5854

08-13 17:27:34.488   910  6446 E CameraService: Permission Denial: can't use the camera pid=5854, uid=10125

08-13 17:27:34.622  1510  5924 I LSPosed-Bridge: 5854 PermLabel 10125 AMS.checkPermission: Binder.getCallingPid() = 910; uid = 10125; Binder.getCallingUid() = 1047; getNameForUid: null; getPackagesForUid: null; permName: android.permission.CAMERA; type = 1; res = -1; stacktrace=java.lang.Exception

08-13 17:27:34.622  1510  5924 I LSPosed-Bridge: 	at com.example.permlabel.requirePerm$1$2.afterHookedMethod(requirePerm.java:138)

08-13 17:27:34.622  1510  5924 I LSPosed-Bridge: 	at de.robv.android.xposed.XposedBridge$AdditionalHookInfo.callback(Unknown Source:147)

08-13 17:27:34.622  1510  5924 I LSPosed-Bridge: 	at LSPHooker_.checkPermission(Unknown Source:25)

08-13 17:27:34.622  1510  5924 I LSPosed-Bridge: 	at com.android.server.am.ActivityManagerService$PermissionController.checkPermission(ActivityManagerService.java:9248)

08-13 17:27:34.622  1510  5924 I LSPosed-Bridge: 	at android.os.IPermissionController$Stub.onTransact(IPermissionController.java:56)

08-13 17:27:34.622  1510  5924 I LSPosed-Bridge: 	at android.os.Binder.execTransact(Binder.java:731)

08-13 17:27:34.622   910  4200 W ServiceManager: Permission failure: android.permission.CAMERA from uid=10125 pid=5854

08-13 17:27:34.622   910  4200 E CameraService: Permission Denial: can't use the camera pid=5854, uid=10125

08-13 17:27:34.725  5854  5854 I LSPosed-Bridge: 5854 PermLabel hookBinder_test 10125 interfaceBinder =android.content.IBulkCursor; arg0 = 7; arg1 = android.os.Parcel@f6f35d9; arg2 = android.os.Parcel@3983b9e; arg3 = 0; res = true; stacktrace=java.lang.Exception

08-13 17:27:34.725  5854  5854 I LSPosed-Bridge: 	at com.example.permlabel.hookBinder_test$1.afterHookedMethod(hookBinder_test.java:63)

08-13 17:27:34.725  5854  5854 I LSPosed-Bridge: 	at de.robv.android.xposed.XposedBridge$AdditionalHookInfo.callback(Unknown Source:147)

08-13 17:27:34.725  5854  5854 I LSPosed-Bridge: 	at LSPHooker_.transact(Unknown Source:28)

08-13 17:27:34.725  5854  5854 I LSPosed-Bridge: 	at android.database.BulkCursorProxy.close(BulkCursorNative.java:214)

08-13 17:27:34.725  5854  5854 I LSPosed-Bridge: 	at android.database.BulkCursorToCursorAdaptor.close(BulkCursorToCursorAdaptor.java:121)

08-13 17:27:34.725  5854  5854 I LSPosed-Bridge: 	at android.database.CursorWrapper.close(CursorWrapper.java:50)

08-13 17:27:34.725  5854  5854 I LSPosed-Bridge: 	at android.content.ContentResolver$CursorWrapperInner.close(ContentResolver.java:2997)

08-13 17:27:34.725  5854  5854 I LSPosed-Bridge: 	at com.google.android.gms.dynamite.DynamiteModule.zzb(com.google.android.gms:play-services-basement@@18.1.0:22)

08-13 17:27:34.725  5854  5854 I LSPosed-Bridge: 	at com.google.android.gms.dynamite.DynamiteModule.zza(com.google.android.gms:play-services-basement@@18.1.0:47)

08-13 17:27:34.725  5854  5854 I LSPosed-Bridge: 	at com.google.android.gms.dynamite.zze.zzb(com.google.android.gms:play-services-basement@@18.1.0:1)

08-13 17:27:34.725  5854  5854 I LSPosed-Bridge: 	at com.google.android.gms.dynamite.zzj.selectModule(com.google.android.gms:play-services-basement@@18.1.0:3)

08-13 17:27:34.725  5854  5854 I LSPosed-Bridge: 	at com.google.android.gms.dynamite.DynamiteModule.load(com.google.android.gms:play-services-basement@@18.1.0:5)

08-13 17:27:34.725  5854  5854 I LSPosed-Bridge: 	at com.google.android.gms.security.ProviderInstaller.installIfNeeded(com.google.android.gms:play-services-basement@@18.1.0:5)

08-13 17:27:34.725  5854  5854 I LSPosed-Bridge: 	at com.salesforce.marketingcloud.http.c.a(Unknown Source:2)

08-13 17:27:34.725  5854  5854 I LSPosed-Bridge: 	at com.salesforce.marketingcloud.http.c.a(Unknown Source:6)

08-13 17:27:34.725  5854  5854 I LSPosed-Bridge: 	at com.salesforce.marketingcloud.k$a.ready(Unknown Source:36)

08-13 17:27:34.725  5854  5854 I LSPosed-Bridge: 	at com.salesforce.marketingcloud.MarketingCloudSdk$b.a(Unknown Source:4)

08-13 17:27:34.725  5854  5854 I LSPosed-Bridge: 	at com.salesforce.marketingcloud.MarketingCloudSdk$c$a.run(Unknown Source:15)

08-13 17:27:34.725  5854  5854 I LSPosed-Bridge: 	at android.os.Handler.handleCallback(Handler.java:873)

08-13 17:27:34.725  5854  5854 I LSPosed-Bridge: 	at android.os.Handler.dispatchMessage(Handler.java:99)

08-13 17:27:34.725  5854  5854 I LSPosed-Bridge: 	at android.os.Looper.loop(Looper.java:193)

08-13 17:27:34.725  5854  5854 I LSPosed-Bridge: 	at android.app.ActivityThread.main(ActivityThread.java:6692)

08-13 17:27:34.725  5854  5854 I LSPosed-Bridge: 	at java.lang.reflect.Method.invoke(Native Method)

08-13 17:27:34.725  5854  5854 I LSPosed-Bridge: 	at com.android.internal.os.RuntimeInit$MethodAndArgsCaller.run(RuntimeInit.java:493)

08-13 17:27:34.725  5854  5854 I LSPosed-Bridge: 	at com.android.internal.os.ZygoteInit.main(ZygoteInit.java:858)

08-13 17:27:34.725  1510  2151 I LSPosed-Bridge: 5854 PermLabel 10125 AMS.checkPermission: Binder.getCallingPid() = 910; uid = 10125; Binder.getCallingUid() = 1047; getNameForUid: null; getPackagesForUid: null; permName: android.permission.CAMERA; type = 1; res = -1; stacktrace=java.lang.Exception

08-13 17:27:34.725  1510  2151 I LSPosed-Bridge: 	at com.example.permlabel.requirePerm$1$2.afterHookedMethod(requirePerm.java:138)

08-13 17:27:34.725  1510  2151 I LSPosed-Bridge: 	at de.robv.android.xposed.XposedBridge$AdditionalHookInfo.callback(Unknown Source:147)

08-13 17:27:34.725  1510  2151 I LSPosed-Bridge: 	at LSPHooker_.checkPermission(Unknown Source:25)

08-13 17:27:34.725  1510  2151 I LSPosed-Bridge: 	at com.android.server.am.ActivityManagerService$PermissionController.checkPermission(ActivityManagerService.java:9248)

08-13 17:27:34.725  1510  2151 I LSPosed-Bridge: 	at android.os.IPermissionController$Stub.onTransact(IPermissionController.java:56)

08-13 17:27:34.725  1510  2151 I LSPosed-Bridge: 	at android.os.Binder.execTransact(Binder.java:731)

08-13 17:27:34.833  1510  5176 I LSPosed-Bridge: 5854 PermLabel 10125 AMS.checkPermission: Binder.getCallingPid() = 910; uid = 10125; Binder.getCallingUid() = 1047; getNameForUid: null; getPackagesForUid: null; permName: android.permission.CAMERA; type = 1; res = -1; stacktrace=java.lang.Exception

08-13 17:27:34.833  1510  5176 I LSPosed-Bridge: 	at com.example.permlabel.requirePerm$1$2.afterHookedMethod(requirePerm.java:138)

08-13 17:27:34.833  1510  5176 I LSPosed-Bridge: 	at de.robv.android.xposed.XposedBridge$AdditionalHookInfo.callback(Unknown Source:147)

08-13 17:27:34.833  1510  5176 I LSPosed-Bridge: 	at LSPHooker_.checkPermission(Unknown Source:25)

08-13 17:27:34.833  1510  5176 I LSPosed-Bridge: 	at com.android.server.am.ActivityManagerService$PermissionController.checkPermission(ActivityManagerService.java:9248)

08-13 17:27:34.833  1510  5176 I LSPosed-Bridge: 	at android.os.IPermissionController$Stub.onTransact(IPermissionController.java:56)

08-13 17:27:34.833  1510  5176 I LSPosed-Bridge: 	at android.os.Binder.execTransact(Binder.java:731)

08-13 17:27:34.833   910  4200 W ServiceManager: Permission failure: android.permission.CAMERA from uid=10125 pid=5854

08-13 17:27:34.833   910  4200 E CameraService: Permission Denial: can't use the camera pid=5854, uid=10125

08-13 17:27:34.939  1510  5176 I LSPosed-Bridge: 5854 PermLabel 10125 AMS.checkPermission: Binder.getCallingPid() = 910; uid = 10125; Binder.getCallingUid() = 1047; getNameForUid: null; getPackagesForUid: null; permName: android.permission.CAMERA; type = 1; res = -1; stacktrace=java.lang.Exception

08-13 17:27:34.939  1510  5176 I LSPosed-Bridge: 	at com.example.permlabel.requirePerm$1$2.afterHookedMethod(requirePerm.java:138)

08-13 17:27:34.939  1510  5176 I LSPosed-Bridge: 	at de.robv.android.xposed.XposedBridge$AdditionalHookInfo.callback(Unknown Source:147)

08-13 17:27:34.939  1510  5176 I LSPosed-Bridge: 	at LSPHooker_.checkPermission(Unknown Source:25)

08-13 17:27:34.939  1510  5176 I LSPosed-Bridge: 	at com.android.server.am.ActivityManagerService$PermissionController.checkPermission(ActivityManagerService.java:9248)

08-13 17:27:34.939  1510  5176 I LSPosed-Bridge: 	at android.os.IPermissionController$Stub.onTransact(IPermissionController.java:56)

08-13 17:27:34.939  1510  5176 I LSPosed-Bridge: 	at android.os.Binder.execTransact(Binder.java:731)

08-13 17:27:34.939   910  4200 W ServiceManager: Permission failure: android.permission.CAMERA from uid=10125 pid=5854

08-13 17:27:34.939   910  4200 E CameraService: Permission Denial: can't use the camera pid=5854, uid=10125

08-13 17:27:34.944  1510  5924 I LSPosed-Bridge: 5854 PermLabel 10125 AMS.checkPermission: Binder.getCallingPid() = 910; uid = 10125; Binder.getCallingUid() = 1047; getNameForUid: null; getPackagesForUid: null; permName: android.permission.CAMERA; type = 1; res = -1; stacktrace=java.lang.Exception

08-13 17:27:34.944  1510  5924 I LSPosed-Bridge: 	at com.example.permlabel.requirePerm$1$2.afterHookedMethod(requirePerm.java:138)

08-13 17:27:34.944  1510  5924 I LSPosed-Bridge: 	at de.robv.android.xposed.XposedBridge$AdditionalHookInfo.callback(Unknown Source:147)

08-13 17:27:34.944  1510  5924 I LSPosed-Bridge: 	at LSPHooker_.checkPermission(Unknown Source:25)

08-13 17:27:34.944  1510  5924 I LSPosed-Bridge: 	at com.android.server.am.ActivityManagerService$PermissionController.checkPermission(ActivityManagerService.java:9248)

08-13 17:27:34.944  1510  5924 I LSPosed-Bridge: 	at android.os.IPermissionController$Stub.onTransact(IPermissionController.java:56)

08-13 17:27:34.944  1510  5924 I LSPosed-Bridge: 	at android.os.Binder.execTransact(Binder.java:731)

08-13 17:27:34.944   910  4200 W ServiceManager: Permission failure: android.permission.CAMERA from uid=10125 pid=5854

08-13 17:27:34.944   910  4200 E CameraService: Permission Denial: can't use the camera pid=5854, uid=10125

08-13 17:27:35.047  1510  5176 I LSPosed-Bridge: 5854 PermLabel 10125 AMS.checkPermission: Binder.getCallingPid() = 910; uid = 10125; Binder.getCallingUid() = 1047; getNameForUid: null; getPackagesForUid: null; permName: android.permission.CAMERA; type = 1; res = -1; stacktrace=java.lang.Exception

08-13 17:27:35.047  1510  5176 I LSPosed-Bridge: 	at com.example.permlabel.requirePerm$1$2.afterHookedMethod(requirePerm.java:138)

08-13 17:27:35.047  1510  5176 I LSPosed-Bridge: 	at de.robv.android.xposed.XposedBridge$AdditionalHookInfo.callback(Unknown Source:147)

08-13 17:27:35.047  1510  5176 I LSPosed-Bridge: 	at LSPHooker_.checkPermission(Unknown Source:25)

08-13 17:27:35.047  1510  5176 I LSPosed-Bridge: 	at com.android.server.am.ActivityManagerService$PermissionController.checkPermission(ActivityManagerService.java:9248)

08-13 17:27:35.047  1510  5176 I LSPosed-Bridge: 	at android.os.IPermissionController$Stub.onTransact(IPermissionController.java:56)

08-13 17:27:35.047  1510  5176 I LSPosed-Bridge: 	at android.os.Binder.execTransact(Binder.java:731)

08-13 17:27:35.047   910  4200 W ServiceManager: Permission failure: android.permission.CAMERA from uid=10125 pid=5854

08-13 17:27:35.047   910  4200 E CameraService: Permission Denial: can't use the camera pid=5854, uid=10125

08-13 17:27:35.150  1510  5176 I LSPosed-Bridge: 5854 PermLabel 10125 AMS.checkPermission: Binder.getCallingPid() = 910; uid = 10125; Binder.getCallingUid() = 1047; getNameForUid: null; getPackagesForUid: null; permName: android.permission.CAMERA; type = 1; res = -1; stacktrace=java.lang.Exception

08-13 17:27:35.150  1510  5176 I LSPosed-Bridge: 	at com.example.permlabel.requirePerm$1$2.afterHookedMethod(requirePerm.java:138)

08-13 17:27:35.150  1510  5176 I LSPosed-Bridge: 	at de.robv.android.xposed.XposedBridge$AdditionalHookInfo.callback(Unknown Source:147)

08-13 17:27:35.150  1510  5176 I LSPosed-Bridge: 	at LSPHooker_.checkPermission(Unknown Source:25)

08-13 17:27:35.150  1510  5176 I LSPosed-Bridge: 	at com.android.server.am.ActivityManagerService$PermissionController.checkPermission(ActivityManagerService.java:9248)

08-13 17:27:35.150  1510  5176 I LSPosed-Bridge: 	at android.os.IPermissionController$Stub.onTransact(IPermissionController.java:56)

08-13 17:27:35.150  1510  5176 I LSPosed-Bridge: 	at android.os.Binder.execTransact(Binder.java:731)

08-13 17:27:35.252   910  4200 I CameraService: CameraService::connect call (PID -1 "com.invaluable.invaluable", camera ID 1) for HAL version default and Camera API version 1

08-13 17:27:35.252  1510  5176 I LSPosed-Bridge: 5854 PermLabel 10125 AMS.checkPermission: Binder.getCallingPid() = 910; uid = 10125; Binder.getCallingUid() = 1047; getNameForUid: null; getPackagesForUid: null; permName: android.permission.CAMERA; type = 1; res = -1; stacktrace=java.lang.Exception

08-13 17:27:35.252  1510  5176 I LSPosed-Bridge: 	at com.example.permlabel.requirePerm$1$2.afterHookedMethod(requirePerm.java:138)

08-13 17:27:35.252  1510  5176 I LSPosed-Bridge: 	at de.robv.android.xposed.XposedBridge$AdditionalHookInfo.callback(Unknown Source:147)

08-13 17:27:35.252  1510  5176 I LSPosed-Bridge: 	at LSPHooker_.checkPermission(Unknown Source:25)

08-13 17:27:35.252  1510  5176 I LSPosed-Bridge: 	at com.android.server.am.ActivityManagerService$PermissionController.checkPermission(ActivityManagerService.java:9248)

08-13 17:27:35.252  1510  5176 I LSPosed-Bridge: 	at android.os.IPermissionController$Stub.onTransact(IPermissionController.java:56)

08-13 17:27:35.252  1510  5176 I LSPosed-Bridge: 	at android.os.Binder.execTransact(Binder.java:731)

08-13 17:27:35.355  1510  5176 I LSPosed-Bridge: 5854 PermLabel 10125 AMS.checkPermission: Binder.getCallingPid() = 910; uid = 10125; Binder.getCallingUid() = 1047; getNameForUid: null; getPackagesForUid: null; permName: android.permission.CAMERA; type = 1; res = -1; stacktrace=java.lang.Exception

08-13 17:27:35.355  1510  5176 I LSPosed-Bridge: 	at com.example.permlabel.requirePerm$1$2.afterHookedMethod(requirePerm.java:138)

08-13 17:27:35.355  1510  5176 I LSPosed-Bridge: 	at de.robv.android.xposed.XposedBridge$AdditionalHookInfo.callback(Unknown Source:147)

08-13 17:27:35.355  1510  5176 I LSPosed-Bridge: 	at LSPHooker_.checkPermission(Unknown Source:25)

08-13 17:27:35.355  1510  5176 I LSPosed-Bridge: 	at com.android.server.am.ActivityManagerService$PermissionController.checkPermission(ActivityManagerService.java:9248)

08-13 17:27:35.355  1510  5176 I LSPosed-Bridge: 	at android.os.IPermissionController$Stub.onTransact(IPermissionController.java:56)

08-13 17:27:35.355  1510  5176 I LSPosed-Bridge: 	at android.os.Binder.execTransact(Binder.java:731)

08-13 17:27:35.355   910  4200 W ServiceManager: Permission failure: android.permission.CAMERA from uid=10125 pid=5854

08-13 17:27:35.355   910  4200 E CameraService: Permission Denial: can't use the camera pid=5854, uid=10125

08-13 17:27:35.457  1510  5176 I LSPosed-Bridge: 5854 PermLabel 10125 AMS.checkPermission: Binder.getCallingPid() = 910; uid = 10125; Binder.getCallingUid() = 1047; getNameForUid: null; getPackagesForUid: null; permName: android.permission.CAMERA; type = 1; res = -1; stacktrace=java.lang.Exception

08-13 17:27:35.457  1510  5176 I LSPosed-Bridge: 	at com.example.permlabel.requirePerm$1$2.afterHookedMethod(requirePerm.java:138)

08-13 17:27:35.457  1510  5176 I LSPosed-Bridge: 	at de.robv.android.xposed.XposedBridge$AdditionalHookInfo.callback(Unknown Source:147)

08-13 17:27:35.457  1510  5176 I LSPosed-Bridge: 	at LSPHooker_.checkPermission(Unknown Source:25)

08-13 17:27:35.457  1510  5176 I LSPosed-Bridge: 	at com.android.server.am.ActivityManagerService$PermissionController.checkPermission(ActivityManagerService.java:9248)

08-13 17:27:35.457  1510  5176 I LSPosed-Bridge: 	at android.os.IPermissionController$Stub.onTransact(IPermissionController.java:56)

08-13 17:27:35.457  1510  5176 I LSPosed-Bridge: 	at android.os.Binder.execTransact(Binder.java:731)

08-13 17:27:35.457   910  4200 W ServiceManager: Permission failure: android.permission.CAMERA from uid=10125 pid=5854

08-13 17:27:35.561  1510  1850 I LSPosed-Bridge: 5854 PermLabel 10125 AMS.checkPermission: Binder.getCallingPid() = 910; uid = 10125; Binder.getCallingUid() = 1047; getNameForUid: null; getPackagesForUid: null; permName: android.permission.CAMERA; type = 1; res = -1; stacktrace=java.lang.Exception

08-13 17:27:35.561  1510  1850 I LSPosed-Bridge: 	at com.example.permlabel.requirePerm$1$2.afterHookedMethod(requirePerm.java:138)

08-13 17:27:35.561  1510  1850 I LSPosed-Bridge: 	at de.robv.android.xposed.XposedBridge$AdditionalHookInfo.callback(Unknown Source:147)

08-13 17:27:35.561  1510  1850 I LSPosed-Bridge: 	at LSPHooker_.checkPermission(Unknown Source:25)

08-13 17:27:35.561  1510  1850 I LSPosed-Bridge: 	at com.android.server.am.ActivityManagerService$PermissionController.checkPermission(ActivityManagerService.java:9248)

08-13 17:27:35.561  1510  1850 I LSPosed-Bridge: 	at android.os.IPermissionController$Stub.onTransact(IPermissionController.java:56)

08-13 17:27:35.561  1510  1850 I LSPosed-Bridge: 	at android.os.Binder.execTransact(Binder.java:731)

08-13 17:27:35.561   910  4200 W ServiceManager: Permission failure: android.permission.CAMERA from uid=10125 pid=5854

08-13 17:27:35.561   910  4200 E CameraService: Permission Denial: can't use the camera pid=5854, uid=10125

08-13 17:27:35.664  1510  4689 I LSPosed-Bridge: 5854 PermLabel 10125 AMS.checkPermission: Binder.getCallingPid() = 910; uid = 10125; Binder.getCallingUid() = 1047; getNameForUid: null; getPackagesForUid: null; permName: android.permission.CAMERA; type = 1; res = -1; stacktrace=java.lang.Exception

08-13 17:27:35.664  1510  4689 I LSPosed-Bridge: 	at com.example.permlabel.requirePerm$1$2.afterHookedMethod(requirePerm.java:138)

08-13 17:27:35.664  1510  4689 I LSPosed-Bridge: 	at de.robv.android.xposed.XposedBridge$AdditionalHookInfo.callback(Unknown Source:147)

08-13 17:27:35.664  1510  4689 I LSPosed-Bridge: 	at LSPHooker_.checkPermission(Unknown Source:25)

08-13 17:27:35.664  1510  4689 I LSPosed-Bridge: 	at com.android.server.am.ActivityManagerService$PermissionController.checkPermission(ActivityManagerService.java:9248)

08-13 17:27:35.664  1510  4689 I LSPosed-Bridge: 	at android.os.IPermissionController$Stub.onTransact(IPermissionController.java:56)

08-13 17:27:35.664  1510  4689 I LSPosed-Bridge: 	at android.os.Binder.execTransact(Binder.java:731)

08-13 17:27:35.664   910  4200 W ServiceManager: Permission failure: android.permission.CAMERA from uid=10125 pid=5854

08-13 17:27:35.664   910  4200 E CameraService: Permission Denial: can't use the camera pid=5854, uid=10125

08-13 17:27:35.664   560   560 I ConfigStore: android::hardware::configstore::V1_0::ISurfaceFlingerConfigs::hasHDRDisplay retrieved: 0

08-13 17:27:35.664  5854  6374 W CameraBase: An error occurred while connecting to camera 1: Status(-8): '1: validateClientPermissionsLocked:906: Caller "com.invaluable.invaluable" (PID 10125, UID 5854) cannot open camera "1" without camera permission'

08-13 17:27:35.767  1510  4491 I LSPosed-Bridge: 5854 PermLabel 10125 AMS.checkPermission: Binder.getCallingPid() = 910; uid = 10125; Binder.getCallingUid() = 1047; getNameForUid: null; getPackagesForUid: null; permName: android.permission.CAMERA; type = 1; res = -1; stacktrace=java.lang.Exception

08-13 17:27:35.767  1510  4491 I LSPosed-Bridge: 	at com.example.permlabel.requirePerm$1$2.afterHookedMethod(requirePerm.java:138)

