06-24 14:54:03.992 11678 11678 I LSPosed-Bridge: 	at com.meitu.makeup.home.a.i1(Unknown Source:22)

06-24 14:54:03.992 11678 11678 I LSPosed-Bridge: 	at com.meitu.makeup.home.a.i1(Unknown Source:22)

06-24 14:54:03.992 11678 11678 I LSPosed-Bridge: 	at com.meitu.makeup.home.a.onStart(Unknown Source:3)

06-24 14:54:03.992 11678 11678 I LSPosed-Bridge: 	at com.meitu.makeup.home.a.onStart(Unknown Source:3)

06-24 14:54:03.992 11678 11678 I LSPosed-Bridge: 	at androidx.fragment.app.Fragment.performStart(Unknown Source:17)

06-24 14:54:03.992 11678 11678 I LSPosed-Bridge: 	at androidx.fragment.app.Fragment.performStart(Unknown Source:17)

06-24 14:54:03.992 11678 11678 I LSPosed-Bridge: 	at androidx.fragment.app.p.u(Unknown Source:33)

06-24 14:54:03.992 11678 11678 I LSPosed-Bridge: 	at androidx.fragment.app.p.u(Unknown Source:33)

06-24 14:54:03.992 11678 11678 I LSPosed-Bridge: 	at androidx.fragment.app.p.m(Unknown Source:68)

06-24 14:54:03.992 11678 11678 I LSPosed-Bridge: 	at androidx.fragment.app.p.m(Unknown Source:68)

06-24 14:54:03.992 11678 11678 I LSPosed-Bridge: 	at androidx.fragment.app.q.r(Unknown Source:30)

06-24 14:54:03.992 11678 11678 I LSPosed-Bridge: 	at androidx.fragment.app.q.r(Unknown Source:30)

06-24 14:54:03.992 11678 11678 I LSPosed-Bridge: 	at androidx.fragment.app.FragmentManager.S0(Unknown Source:32)

06-24 14:54:03.992 11678 11678 I LSPosed-Bridge: 	at androidx.fragment.app.FragmentManager.S0(Unknown Source:32)

06-24 14:54:03.992 11678 11678 I LSPosed-Bridge: 	at androidx.fragment.app.FragmentManager.T(Unknown Source:9)

06-24 14:54:03.992 11678 11678 I LSPosed-Bridge: 	at androidx.fragment.app.FragmentManager.T(Unknown Source:9)

06-24 14:54:03.992 11678 11678 I LSPosed-Bridge: 	at androidx.fragment.app.FragmentManager.S(Unknown Source:11)

06-24 14:54:03.992 11678 11678 I LSPosed-Bridge: 	at androidx.fragment.app.FragmentManager.S(Unknown Source:11)

06-24 14:54:03.992 11678 11678 I LSPosed-Bridge: 	at androidx.fragment.app.f.q(Unknown Source:4)

06-24 14:54:03.992 11678 11678 I LSPosed-Bridge: 	at androidx.fragment.app.f.q(Unknown Source:4)

06-24 14:54:03.992 11678 11678 I LSPosed-Bridge: 	at androidx.fragment.app.FragmentActivity.onStart(Unknown Source:37)

06-24 14:54:03.992 11678 11678 I LSPosed-Bridge: 	at androidx.fragment.app.FragmentActivity.onStart(Unknown Source:37)

06-24 14:54:03.992 11678 11678 I LSPosed-Bridge: 	at com.meitu.makeupcore.activity.MTBaseActivity.onStart(Unknown Source:0)

06-24 14:54:03.992 11678 11678 I LSPosed-Bridge: 	at com.meitu.makeupcore.activity.MTBaseActivity.onStart(Unknown Source:0)

06-24 14:54:03.992 11678 11678 I LSPosed-Bridge: 	at com.meitu.makeup.home.MakeupMainActivity.onStart(Unknown Source:0)

06-24 14:54:03.992 11678 11678 I LSPosed-Bridge: 	at com.meitu.makeup.home.MakeupMainActivity.onStart(Unknown Source:0)

06-24 14:54:03.992 11678 11678 I LSPosed-Bridge: 	at android.app.Instrumentation.callActivityOnStart(Instrumentation.java:1392)

06-24 14:54:03.992 11678 11678 I LSPosed-Bridge: 	at android.app.Instrumentation.callActivityOnStart(Instrumentation.java:1392)

06-24 14:54:03.992 11678 11678 I LSPosed-Bridge: 	at android.app.Activity.performStart(Activity.java:7157)

06-24 14:54:03.992 11678 11678 I LSPosed-Bridge: 	at android.app.Activity.performStart(Activity.java:7157)

06-24 14:54:03.992 11678 11678 I LSPosed-Bridge: 	at android.app.ActivityThread.handleStartActivity(ActivityThread.java:2938)

06-24 14:54:03.992 11678 11678 I LSPosed-Bridge: 	at android.app.ActivityThread.handleStartActivity(ActivityThread.java:2938)

06-24 14:54:03.992 11678 11678 I LSPosed-Bridge: 	at android.app.servertransaction.TransactionExecutor.performLifecycleSequence(TransactionExecutor.java:180)

06-24 14:54:03.992 11678 11678 I LSPosed-Bridge: 	at android.app.servertransaction.TransactionExecutor.performLifecycleSequence(TransactionExecutor.java:180)

06-24 14:54:03.992 11678 11678 I LSPosed-Bridge: 	at android.app.servertransaction.TransactionExecutor.cycleToPath(TransactionExecutor.java:165)

06-24 14:54:03.992 11678 11678 I LSPosed-Bridge: 	at android.app.servertransaction.TransactionExecutor.cycleToPath(TransactionExecutor.java:165)

06-24 14:54:03.992 11678 11678 I LSPosed-Bridge: 	at android.app.servertransaction.TransactionExecutor.executeLifecycleState(TransactionExecutor.java:142)

06-24 14:54:03.992 11678 11678 I LSPosed-Bridge: 	at android.app.servertransaction.TransactionExecutor.executeLifecycleState(TransactionExecutor.java:142)

06-24 14:54:03.992 11678 11678 I LSPosed-Bridge: 	at android.app.servertransaction.TransactionExecutor.execute(TransactionExecutor.java:70)

06-24 14:54:03.992 11678 11678 I LSPosed-Bridge: 	at android.app.servertransaction.TransactionExecutor.execute(TransactionExecutor.java:70)

06-24 14:54:03.992 11678 11678 I LSPosed-Bridge: 	at android.app.ActivityThread$H.handleMessage(ActivityThread.java:1809)

06-24 14:54:03.992 11678 11678 I LSPosed-Bridge: 	at android.app.ActivityThread$H.handleMessage(ActivityThread.java:1809)

06-24 14:54:03.992 11678 11678 I LSPosed-Bridge: 	at android.os.Handler.dispatchMessage(Handler.java:106)

06-24 14:54:03.992 11678 11678 I LSPosed-Bridge: 	at android.os.Handler.dispatchMessage(Handler.java:106)

06-24 14:54:03.992 11678 11678 I LSPosed-Bridge: 	at android.os.Looper.loop(Looper.java:193)

06-24 14:54:03.992 11678 11678 I LSPosed-Bridge: 	at android.os.Looper.loop(Looper.java:193)

06-24 14:54:03.992 11678 11678 I LSPosed-Bridge: 	at android.app.ActivityThread.main(ActivityThread.java:6692)

06-24 14:54:03.992 11678 11678 I LSPosed-Bridge: 	at android.app.ActivityThread.main(ActivityThread.java:6692)

06-24 14:54:03.992 11678 11678 I LSPosed-Bridge: 	at java.lang.reflect.Method.invoke(Native Method)

06-24 14:54:03.992 11678 11678 I LSPosed-Bridge: 	at java.lang.reflect.Method.invoke(Native Method)

06-24 14:54:03.992 11678 11678 I LSPosed-Bridge: 	at com.android.internal.os.RuntimeInit$MethodAndArgsCaller.run(RuntimeInit.java:493)

06-24 14:54:03.992 11678 11678 I LSPosed-Bridge: 	at com.android.internal.os.RuntimeInit$MethodAndArgsCaller.run(RuntimeInit.java:493)

06-24 14:54:03.992 11678 11678 I LSPosed-Bridge: 	at com.android.internal.os.ZygoteInit.main(ZygoteInit.java:858)

06-24 14:54:03.992 11678 11678 I LSPosed-Bridge: 	at com.android.internal.os.ZygoteInit.main(ZygoteInit.java:858)

06-24 14:54:03.992 11678 11678 I LSPosed-Bridge: 11678 PermLabel 10133 ContextImpl.checkPermission: pid = 11678; uid = 10133; permName: android.permission.READ_PHONE_STATE; type = 1; res = -1; stacktrace=java.lang.Exception

06-24 14:54:03.992 11678 11678 I LSPosed-Bridge: 11678 PermLabel 10133 ContextImpl.checkPermission: pid = 11678; uid = 10133; permName: android.permission.READ_PHONE_STATE; type = 1; res = -1; stacktrace=java.lang.Exception

06-24 14:54:03.992 11678 11678 I LSPosed-Bridge: 	at com.example.permlabel.requestPerm$2.afterHookedMethod(requestPerm.java:212)

06-24 14:54:03.992 11678 11678 I LSPosed-Bridge: 	at com.example.permlabel.requestPerm$2.afterHookedMethod(requestPerm.java:212)

06-24 14:54:03.992 11678 11678 I LSPosed-Bridge: 	at de.robv.android.xposed.XposedBridge$AdditionalHookInfo.callback(Unknown Source:147)

06-24 14:54:03.992 11678 11678 I LSPosed-Bridge: 	at de.robv.android.xposed.XposedBridge$AdditionalHookInfo.callback(Unknown Source:147)

06-24 14:54:03.992 11678 11678 I LSPosed-Bridge: 	at LSPHooker_.checkPermission(Unknown Source:25)

06-24 14:54:03.992 11678 11678 I LSPosed-Bridge: 	at LSPHooker_.checkPermission(Unknown Source:25)

06-24 14:54:03.992 11678 11678 I LSPosed-Bridge: 	at android.content.ContextWrapper.checkPermission(ContextWrapper.java:738)

06-24 14:54:03.992 11678 11678 I LSPosed-Bridge: 	at android.content.ContextWrapper.checkPermission(ContextWrapper.java:738)

06-24 14:54:03.992 11678 11678 I LSPosed-Bridge: 	at androidx.core.content.a.a(Unknown Source:10)

06-24 14:54:03.992 11678 11678 I LSPosed-Bridge: 	at androidx.core.content.a.a(Unknown Source:10)

06-24 14:54:03.992 11678 11678 I LSPosed-Bridge: 	at com.meitu.makeup.home.a.i1(Unknown Source:22)

06-24 14:54:03.992 11678 11678 I LSPosed-Bridge: 	at com.meitu.makeup.home.a.i1(Unknown Source:22)

06-24 14:54:03.992 11678 11678 I LSPosed-Bridge: 	at com.meitu.makeup.home.a.onStart(Unknown Source:3)

06-24 14:54:03.992 11678 11678 I LSPosed-Bridge: 	at com.meitu.makeup.home.a.onStart(Unknown Source:3)

06-24 14:54:03.992 11678 11678 I LSPosed-Bridge: 	at androidx.fragment.app.Fragment.performStart(Unknown Source:17)

06-24 14:54:03.992 11678 11678 I LSPosed-Bridge: 	at androidx.fragment.app.Fragment.performStart(Unknown Source:17)

06-24 14:54:03.992 11678 11678 I LSPosed-Bridge: 	at androidx.fragment.app.p.u(Unknown Source:33)

06-24 14:54:03.992 11678 11678 I LSPosed-Bridge: 	at androidx.fragment.app.p.u(Unknown Source:33)

06-24 14:54:03.992 11678 11678 I LSPosed-Bridge: 	at androidx.fragment.app.p.m(Unknown Source:68)

06-24 14:54:03.992 11678 11678 I LSPosed-Bridge: 	at androidx.fragment.app.p.m(Unknown Source:68)

06-24 14:54:03.992 11678 11678 I LSPosed-Bridge: 	at androidx.fragment.app.q.r(Unknown Source:30)

06-24 14:54:03.992 11678 11678 I LSPosed-Bridge: 	at androidx.fragment.app.q.r(Unknown Source:30)

06-24 14:54:03.992 11678 11678 I LSPosed-Bridge: 	at androidx.fragment.app.FragmentManager.S0(Unknown Source:32)

06-24 14:54:03.992 11678 11678 I LSPosed-Bridge: 	at androidx.fragment.app.FragmentManager.S0(Unknown Source:32)

06-24 14:54:03.992 11678 11678 I LSPosed-Bridge: 	at androidx.fragment.app.FragmentManager.T(Unknown Source:9)

06-24 14:54:03.992 11678 11678 I LSPosed-Bridge: 	at androidx.fragment.app.FragmentManager.T(Unknown Source:9)

06-24 14:54:03.992 11678 11678 I LSPosed-Bridge: 	at androidx.fragment.app.FragmentManager.S(Unknown Source:11)

06-24 14:54:03.992 11678 11678 I LSPosed-Bridge: 	at androidx.fragment.app.FragmentManager.S(Unknown Source:11)

06-24 14:54:03.992 11678 11678 I LSPosed-Bridge: 	at androidx.fragment.app.f.q(Unknown Source:4)

06-24 14:54:03.992 11678 11678 I LSPosed-Bridge: 	at androidx.fragment.app.f.q(Unknown Source:4)

06-24 14:54:03.992 11678 11678 I LSPosed-Bridge: 	at androidx.fragment.app.FragmentActivity.onStart(Unknown Source:37)

06-24 14:54:03.992 11678 11678 I LSPosed-Bridge: 	at androidx.fragment.app.FragmentActivity.onStart(Unknown Source:37)

06-24 14:54:03.992 11678 11678 I LSPosed-Bridge: 	at com.meitu.makeupcore.activity.MTBaseActivity.onStart(Unknown Source:0)

06-24 14:54:03.992 11678 11678 I LSPosed-Bridge: 	at com.meitu.makeupcore.activity.MTBaseActivity.onStart(Unknown Source:0)

06-24 14:54:03.992 11678 11678 I LSPosed-Bridge: 	at com.meitu.makeup.home.MakeupMainActivity.onStart(Unknown Source:0)

06-24 14:54:03.992 11678 11678 I LSPosed-Bridge: 	at com.meitu.makeup.home.MakeupMainActivity.onStart(Unknown Source:0)

06-24 14:54:03.992 11678 11678 I LSPosed-Bridge: 	at android.app.Instrumentation.callActivityOnStart(Instrumentation.java:1392)

06-24 14:54:03.992 11678 11678 I LSPosed-Bridge: 	at android.app.Instrumentation.callActivityOnStart(Instrumentation.java:1392)

06-24 14:54:03.992 11678 11678 I LSPosed-Bridge: 	at android.app.Activity.performStart(Activity.java:7157)

06-24 14:54:03.992 11678 11678 I LSPosed-Bridge: 	at android.app.Activity.performStart(Activity.java:7157)

06-24 14:54:03.992 11678 11678 I LSPosed-Bridge: 	at android.app.ActivityThread.handleStartActivity(ActivityThread.java:2938)

06-24 14:54:03.992 11678 11678 I LSPosed-Bridge: 	at android.app.ActivityThread.handleStartActivity(ActivityThread.java:2938)

06-24 14:54:03.992 11678 11678 I LSPosed-Bridge: 	at android.app.servertransaction.TransactionExecutor.performLifecycleSequence(TransactionExecutor.java:180)

06-24 14:54:03.992 11678 11678 I LSPosed-Bridge: 	at android.app.servertransaction.TransactionExecutor.performLifecycleSequence(TransactionExecutor.java:180)

06-24 14:54:03.992 11678 11678 I LSPosed-Bridge: 	at android.app.servertransaction.TransactionExecutor.cycleToPath(TransactionExecutor.java:165)

06-24 14:54:03.992 11678 11678 I LSPosed-Bridge: 	at android.app.servertransaction.TransactionExecutor.cycleToPath(TransactionExecutor.java:165)

06-24 14:54:03.992 11678 11678 I LSPosed-Bridge: 	at android.app.servertransaction.TransactionExecutor.executeLifecycleState(TransactionExecutor.java:142)

06-24 14:54:03.992 11678 11678 I LSPosed-Bridge: 	at android.app.servertransaction.TransactionExecutor.executeLifecycleState(TransactionExecutor.java:142)

06-24 14:54:03.992 11678 11678 I LSPosed-Bridge: 	at android.app.servertransaction.TransactionExecutor.execute(TransactionExecutor.java:70)

06-24 14:54:03.992 11678 11678 I LSPosed-Bridge: 	at android.app.servertransaction.TransactionExecutor.execute(TransactionExecutor.java:70)

06-24 14:54:03.992 11678 11678 I LSPosed-Bridge: 	at android.app.ActivityThread$H.handleMessage(ActivityThread.java:1809)

06-24 14:54:03.992 11678 11678 I LSPosed-Bridge: 	at android.app.ActivityThread$H.handleMessage(ActivityThread.java:1809)

06-24 14:54:03.992 11678 11678 I LSPosed-Bridge: 	at android.os.Handler.dispatchMessage(Handler.java:106)

06-24 14:54:03.992 11678 11678 I LSPosed-Bridge: 	at android.os.Handler.dispatchMessage(Handler.java:106)

06-24 14:54:03.992 11678 11678 I LSPosed-Bridge: 	at android.os.Looper.loop(Looper.java:193)

06-24 14:54:03.992 11678 11678 I LSPosed-Bridge: 	at android.os.Looper.loop(Looper.java:193)

06-24 14:54:03.992 11678 11678 I LSPosed-Bridge: 	at android.app.ActivityThread.main(ActivityThread.java:6692)

06-24 14:54:03.992 11678 11678 I LSPosed-Bridge: 	at android.app.ActivityThread.main(ActivityThread.java:6692)

06-24 14:54:03.992 11678 11678 I LSPosed-Bridge: 	at java.lang.reflect.Method.invoke(Native Method)

06-24 14:54:03.992 11678 11678 I LSPosed-Bridge: 	at java.lang.reflect.Method.invoke(Native Method)

06-24 14:54:03.992 11678 11678 I LSPosed-Bridge: 	at com.android.internal.os.RuntimeInit$MethodAndArgsCaller.run(RuntimeInit.java:493)

06-24 14:54:03.992 11678 11678 I LSPosed-Bridge: 	at com.android.internal.os.RuntimeInit$MethodAndArgsCaller.run(RuntimeInit.java:493)

06-24 14:54:03.992 11678 11678 I LSPosed-Bridge: 	at com.android.internal.os.ZygoteInit.main(ZygoteInit.java:858)

06-24 14:54:03.992 11678 11678 I LSPosed-Bridge: 	at com.android.internal.os.ZygoteInit.main(ZygoteInit.java:858)

06-24 14:54:03.992   514 27523 I mm-camera: <MCT   >< INFO> 4403: mct_pipeline_process_set: Stream 0x20002 and stream type=1, successfully deleted

06-24 14:54:03.992   514 27523 I mm-camera: <MCT   >< INFO> 4403: mct_pipeline_process_set: Stream 0x20002 and stream type=1, successfully deleted

06-24 14:54:11.066 11678 11678 I LSPosed-Bridge: 11678 PermLabel 10133 ContextImpl Binder.getCallingPid() = 11678; Binder.getCallingUid() = 10133; permName: android.permission.READ_PHONE_STATE; res = -1; stacktrace=java.lang.Exception

06-24 14:54:11.066 11678 11678 I LSPosed-Bridge: 	at com.example.permlabel.requestPerm$2.afterHookedMethod(requestPerm.java:188)

06-24 14:54:11.066 11678 11678 I LSPosed-Bridge: 	at de.robv.android.xposed.XposedBridge$AdditionalHookInfo.callback(Unknown Source:147)

06-24 14:54:11.066 11678 11678 I LSPosed-Bridge: 	at LSPHooker_.checkPermission(Unknown Source:25)

06-24 14:54:11.066 11678 11678 I LSPosed-Bridge: 	at android.content.ContextWrapper.checkPermission(ContextWrapper.java:738)

06-24 14:54:11.066 11678 11678 I LSPosed-Bridge: 	at androidx.core.content.a.a(Unknown Source:10)

06-24 14:54:11.066 11678 11678 I LSPosed-Bridge: 	at com.meitu.makeup.home.a.i1(Unknown Source:22)

06-24 14:54:11.066 11678 11678 I LSPosed-Bridge: 	at com.meitu.makeup.home.a.onStart(Unknown Source:3)

06-24 14:54:11.066 11678 11678 I LSPosed-Bridge: 	at androidx.fragment.app.Fragment.performStart(Unknown Source:17)

06-24 14:54:11.066 11678 11678 I LSPosed-Bridge: 	at androidx.fragment.app.p.u(Unknown Source:33)

06-24 14:54:11.066 11678 11678 I LSPosed-Bridge: 	at androidx.fragment.app.p.m(Unknown Source:68)

06-24 14:54:11.066 11678 11678 I LSPosed-Bridge: 	at androidx.fragment.app.q.r(Unknown Source:30)

06-24 14:54:11.066 11678 11678 I LSPosed-Bridge: 	at androidx.fragment.app.FragmentManager.S0(Unknown Source:32)

06-24 14:54:11.066 11678 11678 I LSPosed-Bridge: 	at androidx.fragment.app.FragmentManager.T(Unknown Source:9)

06-24 14:54:11.066 11678 11678 I LSPosed-Bridge: 	at androidx.fragment.app.FragmentManager.S(Unknown Source:11)

06-24 14:54:11.066 11678 11678 I LSPosed-Bridge: 	at androidx.fragment.app.f.q(Unknown Source:4)

06-24 14:54:11.066 11678 11678 I LSPosed-Bridge: 	at androidx.fragment.app.FragmentActivity.onStart(Unknown Source:37)

06-24 14:54:11.066 11678 11678 I LSPosed-Bridge: 	at com.meitu.makeupcore.activity.MTBaseActivity.onStart(Unknown Source:0)

06-24 14:54:11.066 11678 11678 I LSPosed-Bridge: 	at com.meitu.makeup.home.MakeupMainActivity.onStart(Unknown Source:0)

06-24 14:54:11.066 11678 11678 I LSPosed-Bridge: 	at android.app.Instrumentation.callActivityOnStart(Instrumentation.java:1392)

06-24 14:54:11.066 11678 11678 I LSPosed-Bridge: 	at android.app.Activity.performStart(Activity.java:7157)

06-24 14:54:11.066 11678 11678 I LSPosed-Bridge: 	at android.app.ActivityThread.handleStartActivity(ActivityThread.java:2938)

06-24 14:54:11.066 11678 11678 I LSPosed-Bridge: 	at android.app.servertransaction.TransactionExecutor.performLifecycleSequence(TransactionExecutor.java:180)

06-24 14:54:11.066 11678 11678 I LSPosed-Bridge: 	at android.app.servertransaction.TransactionExecutor.cycleToPath(TransactionExecutor.java:165)

06-24 14:54:11.066 11678 11678 I LSPosed-Bridge: 	at android.app.servertransaction.TransactionExecutor.executeLifecycleState(TransactionExecutor.java:142)

06-24 14:54:11.066 11678 11678 I LSPosed-Bridge: 	at android.app.servertransaction.TransactionExecutor.execute(TransactionExecutor.java:70)

06-24 14:54:11.066 11678 11678 I LSPosed-Bridge: 	at android.app.ActivityThread$H.handleMessage(ActivityThread.java:1809)

06-24 14:54:11.066 11678 11678 I LSPosed-Bridge: 	at android.os.Handler.dispatchMessage(Handler.java:106)

06-24 14:54:11.066 11678 11678 I LSPosed-Bridge: 	at android.os.Looper.loop(Looper.java:193)

06-24 14:54:11.066 11678 11678 I LSPosed-Bridge: 	at android.app.ActivityThread.main(ActivityThread.java:6692)

06-24 14:54:11.066 11678 11678 I LSPosed-Bridge: 	at java.lang.reflect.Method.invoke(Native Method)

06-24 14:54:11.066 11678 11678 I LSPosed-Bridge: 	at com.android.internal.os.RuntimeInit$MethodAndArgsCaller.run(RuntimeInit.java:493)

06-24 14:54:11.066 11678 11678 I LSPosed-Bridge: 	at com.android.internal.os.ZygoteInit.main(ZygoteInit.java:858)

06-24 14:54:11.066   514 27862 I mm-camera: <MCT   >< INFO> 4161: mct_pipeline_process_set: command=800000b

06-24 14:54:11.066   514 27862 I mm-camera: <MCT   >< INFO> 4380: mct_pipeline_process_set: Issuing DEL_STREAM on stream 0x20001 and stream type=7

06-24 14:54:11.068 11678 11678 I LSPosed-Bridge: 11678 PermLabel 10133 ContextImpl.checkPermission: pid = 11678; uid = 10133; permName: android.permission.READ_PHONE_STATE; type = 1; res = -1; stacktrace=java.lang.Exception

06-24 14:54:11.068 11678 11678 I LSPosed-Bridge: 	at com.example.permlabel.requestPerm$2.afterHookedMethod(requestPerm.java:212)

06-24 14:54:11.068 11678 11678 I LSPosed-Bridge: 	at de.robv.android.xposed.XposedBridge$AdditionalHookInfo.callback(Unknown Source:147)

06-24 14:54:11.068 11678 11678 I LSPosed-Bridge: 	at LSPHooker_.checkPermission(Unknown Source:25)

06-24 14:54:11.068 11678 11678 I LSPosed-Bridge: 	at android.content.ContextWrapper.checkPermission(ContextWrapper.java:738)

06-24 14:54:11.068 11678 11678 I LSPosed-Bridge: 	at androidx.core.content.a.a(Unknown Source:10)

06-24 14:54:11.068 11678 11678 I LSPosed-Bridge: 	at com.meitu.makeup.home.a.i1(Unknown Source:22)

06-24 14:54:11.068 11678 11678 I LSPosed-Bridge: 	at com.meitu.makeup.home.a.onStart(Unknown Source:3)

06-24 14:54:11.068 11678 11678 I LSPosed-Bridge: 	at androidx.fragment.app.Fragment.performStart(Unknown Source:17)

06-24 14:54:11.068 11678 11678 I LSPosed-Bridge: 	at androidx.fragment.app.p.u(Unknown Source:33)

06-24 14:54:11.068 11678 11678 I LSPosed-Bridge: 	at androidx.fragment.app.p.m(Unknown Source:68)

06-24 14:54:11.068 11678 11678 I LSPosed-Bridge: 	at androidx.fragment.app.q.r(Unknown Source:30)

06-24 14:54:11.068 11678 11678 I LSPosed-Bridge: 	at androidx.fragment.app.FragmentManager.S0(Unknown Source:32)

06-24 14:54:11.068 11678 11678 I LSPosed-Bridge: 	at androidx.fragment.app.FragmentManager.T(Unknown Source:9)

06-24 14:54:11.068 11678 11678 I LSPosed-Bridge: 	at androidx.fragment.app.FragmentManager.S(Unknown Source:11)

06-24 14:54:11.068 11678 11678 I LSPosed-Bridge: 	at androidx.fragment.app.f.q(Unknown Source:4)

06-24 14:54:11.068 11678 11678 I LSPosed-Bridge: 	at androidx.fragment.app.FragmentActivity.onStart(Unknown Source:37)

06-24 14:54:11.068 11678 11678 I LSPosed-Bridge: 	at com.meitu.makeupcore.activity.MTBaseActivity.onStart(Unknown Source:0)

06-24 14:54:11.068 11678 11678 I LSPosed-Bridge: 	at com.meitu.makeup.home.MakeupMainActivity.onStart(Unknown Source:0)

06-24 14:54:11.068 11678 11678 I LSPosed-Bridge: 	at android.app.Instrumentation.callActivityOnStart(Instrumentation.java:1392)

06-24 14:54:11.068 11678 11678 I LSPosed-Bridge: 	at android.app.Activity.performStart(Activity.java:7157)

06-24 14:54:11.068 11678 11678 I LSPosed-Bridge: 	at android.app.ActivityThread.handleStartActivity(ActivityThread.java:2938)

06-24 14:54:11.068 11678 11678 I LSPosed-Bridge: 	at android.app.servertransaction.TransactionExecutor.performLifecycleSequence(TransactionExecutor.java:180)

06-24 14:54:11.068 11678 11678 I LSPosed-Bridge: 	at android.app.servertransaction.TransactionExecutor.cycleToPath(TransactionExecutor.java:165)

06-24 14:54:11.068 11678 11678 I LSPosed-Bridge: 	at android.app.servertransaction.TransactionExecutor.executeLifecycleState(TransactionExecutor.java:142)

06-24 14:54:11.068 11678 11678 I LSPosed-Bridge: 	at android.app.servertransaction.TransactionExecutor.execute(TransactionExecutor.java:70)

06-24 14:54:11.068 11678 11678 I LSPosed-Bridge: 	at android.app.ActivityThread$H.handleMessage(ActivityThread.java:1809)

06-24 14:54:11.068 11678 11678 I LSPosed-Bridge: 	at android.os.Handler.dispatchMessage(Handler.java:106)

06-24 14:54:11.068 11678 11678 I LSPosed-Bridge: 	at android.os.Looper.loop(Looper.java:193)

06-24 14:54:11.068 11678 11678 I LSPosed-Bridge: 	at android.app.ActivityThread.main(ActivityThread.java:6692)

06-24 14:54:11.068 11678 11678 I LSPosed-Bridge: 	at java.lang.reflect.Method.invoke(Native Method)

06-24 14:54:11.068 11678 11678 I LSPosed-Bridge: 	at com.android.internal.os.RuntimeInit$MethodAndArgsCaller.run(RuntimeInit.java:493)

06-24 14:54:11.068 11678 11678 I LSPosed-Bridge: 	at com.android.internal.os.ZygoteInit.main(ZygoteInit.java:858)

06-24 14:54:25.835 11678 11678 I LSPosed-Bridge: 11678 PermLabel 10133 ContextImpl Binder.getCallingPid() = 11678; Binder.getCallingUid() = 10133; permName: android.permission.READ_PHONE_STATE; res = -1; stacktrace=java.lang.Exception

06-24 14:54:25.835 11678 11678 I LSPosed-Bridge: 	at com.example.permlabel.requestPerm$2.afterHookedMethod(requestPerm.java:188)

06-24 14:54:25.835 11678 11678 I LSPosed-Bridge: 	at de.robv.android.xposed.XposedBridge$AdditionalHookInfo.callback(Unknown Source:147)

06-24 14:54:25.835 11678 11678 I LSPosed-Bridge: 	at LSPHooker_.checkPermission(Unknown Source:25)

06-24 14:54:25.835 11678 11678 I LSPosed-Bridge: 	at android.content.ContextWrapper.checkPermission(ContextWrapper.java:738)

06-24 14:54:25.835 11678 11678 I LSPosed-Bridge: 	at androidx.core.content.a.a(Unknown Source:10)

06-24 14:54:25.835 11678 11678 I LSPosed-Bridge: 	at com.meitu.makeup.home.a.i1(Unknown Source:22)

06-24 14:54:25.835 11678 11678 I LSPosed-Bridge: 	at com.meitu.makeup.home.a.onStart(Unknown Source:3)

06-24 14:54:25.835 11678 11678 I LSPosed-Bridge: 	at androidx.fragment.app.Fragment.performStart(Unknown Source:17)

06-24 14:54:25.835 11678 11678 I LSPosed-Bridge: 	at androidx.fragment.app.p.u(Unknown Source:33)

06-24 14:54:25.835 11678 11678 I LSPosed-Bridge: 	at androidx.fragment.app.p.m(Unknown Source:68)

06-24 14:54:25.835 11678 11678 I LSPosed-Bridge: 	at androidx.fragment.app.q.r(Unknown Source:30)

06-24 14:54:25.835 11678 11678 I LSPosed-Bridge: 	at androidx.fragment.app.FragmentManager.S0(Unknown Source:32)

06-24 14:54:25.835 11678 11678 I LSPosed-Bridge: 	at androidx.fragment.app.FragmentManager.T(Unknown Source:9)

06-24 14:54:25.835 11678 11678 I LSPosed-Bridge: 	at androidx.fragment.app.FragmentManager.S(Unknown Source:11)

06-24 14:54:25.835 11678 11678 I LSPosed-Bridge: 	at androidx.fragment.app.f.q(Unknown Source:4)

06-24 14:54:25.835 11678 11678 I LSPosed-Bridge: 	at androidx.fragment.app.FragmentActivity.onStart(Unknown Source:37)

06-24 14:54:25.835 11678 11678 I LSPosed-Bridge: 	at com.meitu.makeupcore.activity.MTBaseActivity.onStart(Unknown Source:0)

06-24 14:54:25.835 11678 11678 I LSPosed-Bridge: 	at com.meitu.makeup.home.MakeupMainActivity.onStart(Unknown Source:0)

06-24 14:54:25.835 11678 11678 I LSPosed-Bridge: 	at android.app.Instrumentation.callActivityOnStart(Instrumentation.java:1392)

06-24 14:54:25.835 11678 11678 I LSPosed-Bridge: 	at android.app.Activity.performStart(Activity.java:7157)

06-24 14:54:25.835 11678 11678 I LSPosed-Bridge: 	at android.app.ActivityThread.handleStartActivity(ActivityThread.java:2938)

06-24 14:54:25.835 11678 11678 I LSPosed-Bridge: 	at android.app.servertransaction.TransactionExecutor.performLifecycleSequence(TransactionExecutor.java:180)

06-24 14:54:25.835 11678 11678 I LSPosed-Bridge: 	at android.app.servertransaction.TransactionExecutor.cycleToPath(TransactionExecutor.java:165)

06-24 14:54:25.835 11678 11678 I LSPosed-Bridge: 	at android.app.servertransaction.TransactionExecutor.executeLifecycleState(TransactionExecutor.java:142)

06-24 14:54:25.835 11678 11678 I LSPosed-Bridge: 	at android.app.servertransaction.TransactionExecutor.execute(TransactionExecutor.java:70)

06-24 14:54:25.835 11678 11678 I LSPosed-Bridge: 	at android.app.ActivityThread$H.handleMessage(ActivityThread.java:1809)

06-24 14:54:25.835 11678 11678 I LSPosed-Bridge: 	at android.os.Handler.dispatchMessage(Handler.java:106)

06-24 14:54:25.835 11678 11678 I LSPosed-Bridge: 	at android.os.Looper.loop(Looper.java:193)

06-24 14:54:25.835 11678 11678 I LSPosed-Bridge: 	at android.app.ActivityThread.main(ActivityThread.java:6692)

06-24 14:54:25.835 11678 11678 I LSPosed-Bridge: 	at java.lang.reflect.Method.invoke(Native Method)

06-24 14:54:25.835 11678 11678 I LSPosed-Bridge: 	at com.android.internal.os.RuntimeInit$MethodAndArgsCaller.run(RuntimeInit.java:493)

06-24 14:54:25.835 11678 11678 I LSPosed-Bridge: 	at com.android.internal.os.ZygoteInit.main(ZygoteInit.java:858)

06-24 14:54:25.836 11678 11678 I LSPosed-Bridge: 11678 PermLabel 10133 ContextImpl.checkPermission: pid = 11678; uid = 10133; permName: android.permission.READ_PHONE_STATE; type = 1; res = -1; stacktrace=java.lang.Exception

06-24 14:54:25.836 11678 11678 I LSPosed-Bridge: 	at com.example.permlabel.requestPerm$2.afterHookedMethod(requestPerm.java:212)

06-24 14:54:25.836 11678 11678 I LSPosed-Bridge: 	at de.robv.android.xposed.XposedBridge$AdditionalHookInfo.callback(Unknown Source:147)

06-24 14:54:25.836 11678 11678 I LSPosed-Bridge: 	at LSPHooker_.checkPermission(Unknown Source:25)

06-24 14:54:25.836 11678 11678 I LSPosed-Bridge: 	at android.content.ContextWrapper.checkPermission(ContextWrapper.java:738)

06-24 14:54:25.836 11678 11678 I LSPosed-Bridge: 	at androidx.core.content.a.a(Unknown Source:10)

06-24 14:54:25.836 11678 11678 I LSPosed-Bridge: 	at com.meitu.makeup.home.a.i1(Unknown Source:22)

06-24 14:54:25.836 11678 11678 I LSPosed-Bridge: 	at com.meitu.makeup.home.a.onStart(Unknown Source:3)

06-24 14:54:25.836 11678 11678 I LSPosed-Bridge: 	at androidx.fragment.app.Fragment.performStart(Unknown Source:17)

06-24 14:54:25.836 11678 11678 I LSPosed-Bridge: 	at androidx.fragment.app.p.u(Unknown Source:33)

06-24 14:54:25.836 11678 11678 I LSPosed-Bridge: 	at androidx.fragment.app.p.m(Unknown Source:68)

06-24 14:54:25.836 11678 11678 I LSPosed-Bridge: 	at androidx.fragment.app.q.r(Unknown Source:30)

06-24 14:54:25.836 11678 11678 I LSPosed-Bridge: 	at androidx.fragment.app.FragmentManager.S0(Unknown Source:32)

06-24 14:54:25.836 11678 11678 I LSPosed-Bridge: 	at androidx.fragment.app.FragmentManager.T(Unknown Source:9)

06-24 14:54:25.836 11678 11678 I LSPosed-Bridge: 	at androidx.fragment.app.FragmentManager.S(Unknown Source:11)

06-24 14:54:25.836 11678 11678 I LSPosed-Bridge: 	at androidx.fragment.app.f.q(Unknown Source:4)

06-24 14:54:25.836 11678 11678 I LSPosed-Bridge: 	at androidx.fragment.app.FragmentActivity.onStart(Unknown Source:37)

06-24 14:54:25.836 11678 11678 I LSPosed-Bridge: 	at com.meitu.makeupcore.activity.MTBaseActivity.onStart(Unknown Source:0)

06-24 14:54:25.836 11678 11678 I LSPosed-Bridge: 	at com.meitu.makeup.home.MakeupMainActivity.onStart(Unknown Source:0)

06-24 14:54:25.836 11678 11678 I LSPosed-Bridge: 	at android.app.Instrumentation.callActivityOnStart(Instrumentation.java:1392)

06-24 14:54:25.836 11678 11678 I LSPosed-Bridge: 	at android.app.Activity.performStart(Activity.java:7157)

06-24 14:54:25.836 11678 11678 I LSPosed-Bridge: 	at android.app.ActivityThread.handleStartActivity(ActivityThread.java:2938)

06-24 14:54:25.836 11678 11678 I LSPosed-Bridge: 	at android.app.servertransaction.TransactionExecutor.performLifecycleSequence(TransactionExecutor.java:180)

06-24 14:54:25.836 11678 11678 I LSPosed-Bridge: 	at android.app.servertransaction.TransactionExecutor.cycleToPath(TransactionExecutor.java:165)

06-24 14:54:25.836 11678 11678 I LSPosed-Bridge: 	at android.app.servertransaction.TransactionExecutor.executeLifecycleState(TransactionExecutor.java:142)

06-24 14:54:25.836 11678 11678 I LSPosed-Bridge: 	at android.app.servertransaction.TransactionExecutor.execute(TransactionExecutor.java:70)

06-24 14:54:25.836 11678 11678 I LSPosed-Bridge: 	at android.app.ActivityThread$H.handleMessage(ActivityThread.java:1809)

06-24 14:54:25.836 11678 11678 I LSPosed-Bridge: 	at android.os.Handler.dispatchMessage(Handler.java:106)

06-24 14:54:25.836 11678 11678 I LSPosed-Bridge: 	at android.os.Looper.loop(Looper.java:193)

06-24 14:54:25.836 11678 11678 I LSPosed-Bridge: 	at android.app.ActivityThread.main(ActivityThread.java:6692)

06-24 14:54:25.836 11678 11678 I LSPosed-Bridge: 	at java.lang.reflect.Method.invoke(Native Method)

06-24 14:54:25.836 11678 11678 I LSPosed-Bridge: 	at com.android.internal.os.RuntimeInit$MethodAndArgsCaller.run(RuntimeInit.java:493)

06-24 14:54:25.836 11678 11678 I LSPosed-Bridge: 	at com.android.internal.os.ZygoteInit.main(ZygoteInit.java:858)

06-24 14:54:25.836   552   552 I ConfigStore: android::hardware::configstore::V1_0::ISurfaceFlingerConfigs::hasHDRDisplay retrieved: 0

06-24 14:54:32.813 11678 11678 I LSPosed-Bridge: 11678 PermLabel 10133 ContextImpl Binder.getCallingPid() = 11678; Binder.getCallingUid() = 10133; permName: android.permission.READ_PHONE_STATE; res = -1; stacktrace=java.lang.Exception

06-24 14:54:32.813 11678 11678 I LSPosed-Bridge: 	at com.example.permlabel.requestPerm$2.afterHookedMethod(requestPerm.java:188)

06-24 14:54:32.813 11678 11678 I LSPosed-Bridge: 	at de.robv.android.xposed.XposedBridge$AdditionalHookInfo.callback(Unknown Source:147)

06-24 14:54:32.813 11678 11678 I LSPosed-Bridge: 	at LSPHooker_.checkPermission(Unknown Source:25)

06-24 14:54:32.813 11678 11678 I LSPosed-Bridge: 	at android.content.ContextWrapper.checkPermission(ContextWrapper.java:738)

06-24 14:54:32.813 11678 11678 I LSPosed-Bridge: 	at androidx.core.content.a.a(Unknown Source:10)

06-24 14:54:32.813 11678 11678 I LSPosed-Bridge: 	at com.meitu.makeup.home.a.i1(Unknown Source:22)

06-24 14:54:32.813 11678 11678 I LSPosed-Bridge: 	at com.meitu.makeup.home.a.onStart(Unknown Source:3)

06-24 14:54:32.813 11678 11678 I LSPosed-Bridge: 	at androidx.fragment.app.Fragment.performStart(Unknown Source:17)

06-24 14:54:32.813 11678 11678 I LSPosed-Bridge: 	at androidx.fragment.app.p.u(Unknown Source:33)

06-24 14:54:32.813 11678 11678 I LSPosed-Bridge: 	at androidx.fragment.app.p.m(Unknown Source:68)

06-24 14:54:32.813 11678 11678 I LSPosed-Bridge: 	at androidx.fragment.app.q.r(Unknown Source:30)

06-24 14:54:32.813 11678 11678 I LSPosed-Bridge: 	at androidx.fragment.app.FragmentManager.S0(Unknown Source:32)

06-24 14:54:32.813 11678 11678 I LSPosed-Bridge: 	at androidx.fragment.app.FragmentManager.T(Unknown Source:9)

06-24 14:54:32.813 11678 11678 I LSPosed-Bridge: 	at androidx.fragment.app.FragmentManager.S(Unknown Source:11)

06-24 14:54:32.813 11678 11678 I LSPosed-Bridge: 	at androidx.fragment.app.f.q(Unknown Source:4)

06-24 14:54:32.813 11678 11678 I LSPosed-Bridge: 	at androidx.fragment.app.FragmentActivity.onStart(Unknown Source:37)

06-24 14:54:32.813 11678 11678 I LSPosed-Bridge: 	at com.meitu.makeupcore.activity.MTBaseActivity.onStart(Unknown Source:0)

06-24 14:54:32.813 11678 11678 I LSPosed-Bridge: 	at com.meitu.makeup.home.MakeupMainActivity.onStart(Unknown Source:0)

06-24 14:54:32.813 11678 11678 I LSPosed-Bridge: 	at android.app.Instrumentation.callActivityOnStart(Instrumentation.java:1392)

06-24 14:54:32.813 11678 11678 I LSPosed-Bridge: 	at android.app.Activity.performStart(Activity.java:7157)

06-24 14:54:32.813 11678 11678 I LSPosed-Bridge: 	at android.app.ActivityThread.handleStartActivity(ActivityThread.java:2938)

06-24 14:54:32.813 11678 11678 I LSPosed-Bridge: 	at android.app.servertransaction.TransactionExecutor.performLifecycleSequence(TransactionExecutor.java:180)

06-24 14:54:32.813 11678 11678 I LSPosed-Bridge: 	at android.app.servertransaction.TransactionExecutor.cycleToPath(TransactionExecutor.java:165)

06-24 14:54:32.813 11678 11678 I LSPosed-Bridge: 	at android.app.servertransaction.TransactionExecutor.executeLifecycleState(TransactionExecutor.java:142)

06-24 14:54:32.813 11678 11678 I LSPosed-Bridge: 	at android.app.servertransaction.TransactionExecutor.execute(TransactionExecutor.java:70)

06-24 14:54:32.813 11678 11678 I LSPosed-Bridge: 	at android.app.ActivityThread$H.handleMessage(ActivityThread.java:1809)

06-24 14:54:32.813 11678 11678 I LSPosed-Bridge: 	at android.os.Handler.dispatchMessage(Handler.java:106)

06-24 14:54:32.813 11678 11678 I LSPosed-Bridge: 	at android.os.Looper.loop(Looper.java:193)

06-24 14:54:32.813 11678 11678 I LSPosed-Bridge: 	at android.app.ActivityThread.main(ActivityThread.java:6692)

06-24 14:54:32.813 11678 11678 I LSPosed-Bridge: 	at java.lang.reflect.Method.invoke(Native Method)

06-24 14:54:32.813 11678 11678 I LSPosed-Bridge: 	at com.android.internal.os.RuntimeInit$MethodAndArgsCaller.run(RuntimeInit.java:493)

06-24 14:54:32.813 11678 11678 I LSPosed-Bridge: 	at com.android.internal.os.ZygoteInit.main(ZygoteInit.java:858)

06-24 14:54:32.813   514 28822 I mm-camera: <MCT   >< INFO> 4403: mct_pipeline_process_set: Stream 0x20002 and stream type=1, successfully deleted

06-24 14:54:32.814 11678 11678 I LSPosed-Bridge: 11678 PermLabel 10133 ContextImpl.checkPermission: pid = 11678; uid = 10133; permName: android.permission.READ_PHONE_STATE; type = 1; res = -1; stacktrace=java.lang.Exception

06-24 14:54:32.814 11678 11678 I LSPosed-Bridge: 	at com.example.permlabel.requestPerm$2.afterHookedMethod(requestPerm.java:212)

06-24 14:54:32.814 11678 11678 I LSPosed-Bridge: 	at de.robv.android.xposed.XposedBridge$AdditionalHookInfo.callback(Unknown Source:147)

06-24 14:54:32.814 11678 11678 I LSPosed-Bridge: 	at LSPHooker_.checkPermission(Unknown Source:25)

06-24 14:54:32.814 11678 11678 I LSPosed-Bridge: 	at android.content.ContextWrapper.checkPermission(ContextWrapper.java:738)

06-24 14:54:32.814 11678 11678 I LSPosed-Bridge: 	at androidx.core.content.a.a(Unknown Source:10)

06-24 14:54:32.814 11678 11678 I LSPosed-Bridge: 	at com.meitu.makeup.home.a.i1(Unknown Source:22)

06-24 14:54:32.814 11678 11678 I LSPosed-Bridge: 	at com.meitu.makeup.home.a.onStart(Unknown Source:3)

06-24 14:54:32.814 11678 11678 I LSPosed-Bridge: 	at androidx.fragment.app.Fragment.performStart(Unknown Source:17)

06-24 14:54:32.814 11678 11678 I LSPosed-Bridge: 	at androidx.fragment.app.p.u(Unknown Source:33)

06-24 14:54:32.814 11678 11678 I LSPosed-Bridge: 	at androidx.fragment.app.p.m(Unknown Source:68)

06-24 14:54:32.814 11678 11678 I LSPosed-Bridge: 	at androidx.fragment.app.q.r(Unknown Source:30)

06-24 14:54:32.814 11678 11678 I LSPosed-Bridge: 	at androidx.fragment.app.FragmentManager.S0(Unknown Source:32)

06-24 14:54:32.814 11678 11678 I LSPosed-Bridge: 	at androidx.fragment.app.FragmentManager.T(Unknown Source:9)

06-24 14:54:32.814 11678 11678 I LSPosed-Bridge: 	at androidx.fragment.app.FragmentManager.S(Unknown Source:11)

06-24 14:54:32.814 11678 11678 I LSPosed-Bridge: 	at androidx.fragment.app.f.q(Unknown Source:4)

06-24 14:54:32.814 11678 11678 I LSPosed-Bridge: 	at androidx.fragment.app.FragmentActivity.onStart(Unknown Source:37)

06-24 14:54:32.814 11678 11678 I LSPosed-Bridge: 	at com.meitu.makeupcore.activity.MTBaseActivity.onStart(Unknown Source:0)

06-24 14:54:32.814 11678 11678 I LSPosed-Bridge: 	at com.meitu.makeup.home.MakeupMainActivity.onStart(Unknown Source:0)

06-24 14:54:32.814 11678 11678 I LSPosed-Bridge: 	at android.app.Instrumentation.callActivityOnStart(Instrumentation.java:1392)

06-24 14:54:32.814 11678 11678 I LSPosed-Bridge: 	at android.app.Activity.performStart(Activity.java:7157)

06-24 14:54:32.814 11678 11678 I LSPosed-Bridge: 	at android.app.ActivityThread.handleStartActivity(ActivityThread.java:2938)

06-24 14:54:32.814 11678 11678 I LSPosed-Bridge: 	at android.app.servertransaction.TransactionExecutor.performLifecycleSequence(TransactionExecutor.java:180)

06-24 14:54:32.814 11678 11678 I LSPosed-Bridge: 	at android.app.servertransaction.TransactionExecutor.cycleToPath(TransactionExecutor.java:165)

06-24 14:54:32.814 11678 11678 I LSPosed-Bridge: 	at android.app.servertransaction.TransactionExecutor.executeLifecycleState(TransactionExecutor.java:142)

06-24 14:54:32.814 11678 11678 I LSPosed-Bridge: 	at android.app.servertransaction.TransactionExecutor.execute(TransactionExecutor.java:70)

06-24 14:54:32.814 11678 11678 I LSPosed-Bridge: 	at android.app.ActivityThread$H.handleMessage(ActivityThread.java:1809)

06-24 14:54:32.814 11678 11678 I LSPosed-Bridge: 	at android.os.Handler.dispatchMessage(Handler.java:106)

06-24 14:54:32.814 11678 11678 I LSPosed-Bridge: 	at android.os.Looper.loop(Looper.java:193)

06-24 14:54:32.814 11678 11678 I LSPosed-Bridge: 	at android.app.ActivityThread.main(ActivityThread.java:6692)

06-24 14:54:32.814 11678 11678 I LSPosed-Bridge: 	at java.lang.reflect.Method.invoke(Native Method)

06-24 14:54:32.814 11678 11678 I LSPosed-Bridge: 	at com.android.internal.os.RuntimeInit$MethodAndArgsCaller.run(RuntimeInit.java:493)

06-24 14:54:32.814 11678 11678 I LSPosed-Bridge: 	at com.android.internal.os.ZygoteInit.main(ZygoteInit.java:858)

06-24 14:54:32.814   514 28822 I mm-camera: <MCT   >< INFO> 4161: mct_pipeline_process_set: command=800000b

06-24 14:54:32.814   514 28822 I mm-camera: <MCT   >< INFO> 4380: mct_pipeline_process_set: Issuing DEL_STREAM on stream 0x20003 and stream type=11

06-24 14:54:32.814   514 28822 I mm-camera: <IFACE >< INFO> 699: iface_unreserve_sink_port: stream_id 3 mode 0 

06-24 14:54:32.814   514 28822 I mm-camera: <ISP   >< INFO> 939: isp_port_check_caps_unreserve: ide 20003 port 0xe24f61c0

06-24 14:54:39.824   552   552 I ConfigStore: android::hardware::configstore::V1_0::ISurfaceFlingerConfigs::hasHDRDisplay retrieved: 0

06-24 14:54:39.824   552   552 I ConfigStore: android::hardware::configstore::V1_0::ISurfaceFlingerConfigs::hasHDRDisplay retrieved: 0

06-24 14:54:39.824 11678 11678 I LSPosed-Bridge: 11678 PermLabel 10133 ContextImpl Binder.getCallingPid() = 11678; Binder.getCallingUid() = 10133; permName: android.permission.READ_PHONE_STATE; res = -1; stacktrace=java.lang.Exception

06-24 14:54:39.824 11678 11678 I LSPosed-Bridge: 	at com.example.permlabel.requestPerm$2.afterHookedMethod(requestPerm.java:188)

06-24 14:54:39.824 11678 11678 I LSPosed-Bridge: 	at de.robv.android.xposed.XposedBridge$AdditionalHookInfo.callback(Unknown Source:147)

06-24 14:54:39.824 11678 11678 I LSPosed-Bridge: 	at LSPHooker_.checkPermission(Unknown Source:25)

06-24 14:54:39.824 11678 11678 I LSPosed-Bridge: 	at android.content.ContextWrapper.checkPermission(ContextWrapper.java:738)

06-24 14:54:39.824 11678 11678 I LSPosed-Bridge: 	at androidx.core.content.a.a(Unknown Source:10)

06-24 14:54:39.824 11678 11678 I LSPosed-Bridge: 	at com.meitu.makeup.home.a.i1(Unknown Source:22)

06-24 14:54:39.824 11678 11678 I LSPosed-Bridge: 	at com.meitu.makeup.home.a.onStart(Unknown Source:3)

06-24 14:54:39.824 11678 11678 I LSPosed-Bridge: 	at androidx.fragment.app.Fragment.performStart(Unknown Source:17)

06-24 14:54:39.824 11678 11678 I LSPosed-Bridge: 	at androidx.fragment.app.p.u(Unknown Source:33)

06-24 14:54:39.824 11678 11678 I LSPosed-Bridge: 	at androidx.fragment.app.p.m(Unknown Source:68)

06-24 14:54:39.824 11678 11678 I LSPosed-Bridge: 	at androidx.fragment.app.q.r(Unknown Source:30)

06-24 14:54:39.824 11678 11678 I LSPosed-Bridge: 	at androidx.fragment.app.FragmentManager.S0(Unknown Source:32)

06-24 14:54:39.824 11678 11678 I LSPosed-Bridge: 	at androidx.fragment.app.FragmentManager.T(Unknown Source:9)

06-24 14:54:39.824 11678 11678 I LSPosed-Bridge: 	at androidx.fragment.app.FragmentManager.S(Unknown Source:11)

06-24 14:54:39.824 11678 11678 I LSPosed-Bridge: 	at androidx.fragment.app.f.q(Unknown Source:4)

06-24 14:54:39.824 11678 11678 I LSPosed-Bridge: 	at androidx.fragment.app.FragmentActivity.onStart(Unknown Source:37)

06-24 14:54:39.824 11678 11678 I LSPosed-Bridge: 	at com.meitu.makeupcore.activity.MTBaseActivity.onStart(Unknown Source:0)

06-24 14:54:39.824 11678 11678 I LSPosed-Bridge: 	at com.meitu.makeup.home.MakeupMainActivity.onStart(Unknown Source:0)

06-24 14:54:39.824 11678 11678 I LSPosed-Bridge: 	at android.app.Instrumentation.callActivityOnStart(Instrumentation.java:1392)

06-24 14:54:39.824 11678 11678 I LSPosed-Bridge: 	at android.app.Activity.performStart(Activity.java:7157)

06-24 14:54:39.824 11678 11678 I LSPosed-Bridge: 	at android.app.ActivityThread.handleStartActivity(ActivityThread.java:2938)

06-24 14:54:39.824 11678 11678 I LSPosed-Bridge: 	at android.app.servertransaction.TransactionExecutor.performLifecycleSequence(TransactionExecutor.java:180)

06-24 14:54:39.824 11678 11678 I LSPosed-Bridge: 	at android.app.servertransaction.TransactionExecutor.cycleToPath(TransactionExecutor.java:165)

06-24 14:54:39.824 11678 11678 I LSPosed-Bridge: 	at android.app.servertransaction.TransactionExecutor.executeLifecycleState(TransactionExecutor.java:142)

06-24 14:54:39.824 11678 11678 I LSPosed-Bridge: 	at android.app.servertransaction.TransactionExecutor.execute(TransactionExecutor.java:70)

06-24 14:54:39.824 11678 11678 I LSPosed-Bridge: 	at android.app.ActivityThread$H.handleMessage(ActivityThread.java:1809)

06-24 14:54:39.824 11678 11678 I LSPosed-Bridge: 	at android.os.Handler.dispatchMessage(Handler.java:106)

06-24 14:54:39.824 11678 11678 I LSPosed-Bridge: 	at android.os.Looper.loop(Looper.java:193)

06-24 14:54:39.824 11678 11678 I LSPosed-Bridge: 	at android.app.ActivityThread.main(ActivityThread.java:6692)

06-24 14:54:39.824 11678 11678 I LSPosed-Bridge: 	at java.lang.reflect.Method.invoke(Native Method)

06-24 14:54:39.824 11678 11678 I LSPosed-Bridge: 	at com.android.internal.os.RuntimeInit$MethodAndArgsCaller.run(RuntimeInit.java:493)

06-24 14:54:39.824 11678 11678 I LSPosed-Bridge: 	at com.android.internal.os.ZygoteInit.main(ZygoteInit.java:858)

06-24 14:54:39.825   552   552 I ConfigStore: android::hardware::configstore::V1_0::ISurfaceFlingerConfigs::hasHDRDisplay retrieved: 0

06-24 14:54:39.825   514 29135 E QCamera : <HAL><ERROR> deallocate: 2525: ERROR: Cannot clean the framework cached buffers

06-24 14:54:39.825   514 29145 I mm-camera: <MCT   >< INFO> 4161: mct_pipeline_process_set: command=800000b

06-24 14:54:39.825   514 29145 I mm-camera: <MCT   >< INFO> 4380: mct_pipeline_process_set: Issuing DEL_STREAM on stream 0x20002 and stream type=1

06-24 14:54:39.825 11678 11678 I LSPosed-Bridge: 11678 PermLabel 10133 ContextImpl.checkPermission: pid = 11678; uid = 10133; permName: android.permission.READ_PHONE_STATE; type = 1; res = -1; stacktrace=java.lang.Exception

06-24 14:54:39.825 11678 11678 I LSPosed-Bridge: 	at com.example.permlabel.requestPerm$2.afterHookedMethod(requestPerm.java:212)

06-24 14:54:39.825 11678 11678 I LSPosed-Bridge: 	at de.robv.android.xposed.XposedBridge$AdditionalHookInfo.callback(Unknown Source:147)

06-24 14:54:39.825 11678 11678 I LSPosed-Bridge: 	at LSPHooker_.checkPermission(Unknown Source:25)

06-24 14:54:39.825 11678 11678 I LSPosed-Bridge: 	at android.content.ContextWrapper.checkPermission(ContextWrapper.java:738)

06-24 14:54:39.825 11678 11678 I LSPosed-Bridge: 	at androidx.core.content.a.a(Unknown Source:10)

06-24 14:54:39.825 11678 11678 I LSPosed-Bridge: 	at com.meitu.makeup.home.a.i1(Unknown Source:22)

06-24 14:54:39.825 11678 11678 I LSPosed-Bridge: 	at com.meitu.makeup.home.a.onStart(Unknown Source:3)

06-24 14:54:39.825 11678 11678 I LSPosed-Bridge: 	at androidx.fragment.app.Fragment.performStart(Unknown Source:17)

06-24 14:54:39.825 11678 11678 I LSPosed-Bridge: 	at androidx.fragment.app.p.u(Unknown Source:33)

06-24 14:54:39.825 11678 11678 I LSPosed-Bridge: 	at androidx.fragment.app.p.m(Unknown Source:68)

06-24 14:54:39.825 11678 11678 I LSPosed-Bridge: 	at androidx.fragment.app.q.r(Unknown Source:30)

06-24 14:54:39.825 11678 11678 I LSPosed-Bridge: 	at androidx.fragment.app.FragmentManager.S0(Unknown Source:32)

06-24 14:54:39.825 11678 11678 I LSPosed-Bridge: 	at androidx.fragment.app.FragmentManager.T(Unknown Source:9)

06-24 14:54:39.825 11678 11678 I LSPosed-Bridge: 	at androidx.fragment.app.FragmentManager.S(Unknown Source:11)

06-24 14:54:39.825 11678 11678 I LSPosed-Bridge: 	at androidx.fragment.app.f.q(Unknown Source:4)

06-24 14:54:39.825 11678 11678 I LSPosed-Bridge: 	at androidx.fragment.app.FragmentActivity.onStart(Unknown Source:37)

06-24 14:54:39.825 11678 11678 I LSPosed-Bridge: 	at com.meitu.makeupcore.activity.MTBaseActivity.onStart(Unknown Source:0)

06-24 14:54:39.825 11678 11678 I LSPosed-Bridge: 	at com.meitu.makeup.home.MakeupMainActivity.onStart(Unknown Source:0)

06-24 14:54:39.825 11678 11678 I LSPosed-Bridge: 	at android.app.Instrumentation.callActivityOnStart(Instrumentation.java:1392)

06-24 14:54:39.825 11678 11678 I LSPosed-Bridge: 	at android.app.Activity.performStart(Activity.java:7157)

06-24 14:54:39.825 11678 11678 I LSPosed-Bridge: 	at android.app.ActivityThread.handleStartActivity(ActivityThread.java:2938)

06-24 14:54:39.825 11678 11678 I LSPosed-Bridge: 	at android.app.servertransaction.TransactionExecutor.performLifecycleSequence(TransactionExecutor.java:180)

06-24 14:54:39.825 11678 11678 I LSPosed-Bridge: 	at android.app.servertransaction.TransactionExecutor.cycleToPath(TransactionExecutor.java:165)

06-24 14:54:39.825 11678 11678 I LSPosed-Bridge: 	at android.app.servertransaction.TransactionExecutor.executeLifecycleState(TransactionExecutor.java:142)

06-24 14:54:39.825 11678 11678 I LSPosed-Bridge: 	at android.app.servertransaction.TransactionExecutor.execute(TransactionExecutor.java:70)

06-24 14:54:39.825 11678 11678 I LSPosed-Bridge: 	at android.app.ActivityThread$H.handleMessage(ActivityThread.java:1809)

06-24 14:54:39.825 11678 11678 I LSPosed-Bridge: 	at android.os.Handler.dispatchMessage(Handler.java:106)

06-24 14:54:39.825 11678 11678 I LSPosed-Bridge: 	at android.os.Looper.loop(Looper.java:193)

06-24 14:54:39.825 11678 11678 I LSPosed-Bridge: 	at android.app.ActivityThread.main(ActivityThread.java:6692)

06-24 14:54:39.825 11678 11678 I LSPosed-Bridge: 	at java.lang.reflect.Method.invoke(Native Method)

06-24 14:54:39.825 11678 11678 I LSPosed-Bridge: 	at com.android.internal.os.RuntimeInit$MethodAndArgsCaller.run(RuntimeInit.java:493)

06-24 14:54:39.825 11678 11678 I LSPosed-Bridge: 	at com.android.internal.os.ZygoteInit.main(ZygoteInit.java:858)

06-24 14:54:39.825   514 29145 I mm-camera: <IFACE >< INFO> 699: iface_unreserve_sink_port: stream_id 2 mode 0 

06-24 14:54:39.825   514 29145 I mm-camera: <ISP   >< INFO> 939: isp_port_check_caps_unreserve: ide 20002 port 0xe24f61c0

06-24 14:54:46.833 11678 11678 I LSPosed-Bridge: 11678 PermLabel 10133 ContextImpl Binder.getCallingPid() = 11678; Binder.getCallingUid() = 10133; permName: android.permission.READ_PHONE_STATE; res = -1; stacktrace=java.lang.Exception

06-24 14:54:46.833 11678 11678 I LSPosed-Bridge: 	at com.example.permlabel.requestPerm$2.afterHookedMethod(requestPerm.java:188)

06-24 14:54:46.833 11678 11678 I LSPosed-Bridge: 	at de.robv.android.xposed.XposedBridge$AdditionalHookInfo.callback(Unknown Source:147)

06-24 14:54:46.833 11678 11678 I LSPosed-Bridge: 	at LSPHooker_.checkPermission(Unknown Source:25)

06-24 14:54:46.833 11678 11678 I LSPosed-Bridge: 	at android.content.ContextWrapper.checkPermission(ContextWrapper.java:738)

06-24 14:54:46.833 11678 11678 I LSPosed-Bridge: 	at androidx.core.content.a.a(Unknown Source:10)

06-24 14:54:46.833 11678 11678 I LSPosed-Bridge: 	at com.meitu.makeup.home.a.i1(Unknown Source:22)

06-24 14:54:46.833 11678 11678 I LSPosed-Bridge: 	at com.meitu.makeup.home.a.onStart(Unknown Source:3)

06-24 14:54:46.833 11678 11678 I LSPosed-Bridge: 	at androidx.fragment.app.Fragment.performStart(Unknown Source:17)

06-24 14:54:46.833 11678 11678 I LSPosed-Bridge: 	at androidx.fragment.app.p.u(Unknown Source:33)

