06-25 16:17:56.395 10463 10769 I LSPosed-Bridge: 	at com.loc.e$b.run(Unknown Source:0)

06-25 16:17:56.395   554   554 I ConfigStore: android::hardware::configstore::V1_0::ISurfaceFlingerConfigs::hasHDRDisplay retrieved: 0

06-25 16:18:08.331  1571  1713 I LSPosed-Bridge: 10463 PermLabel 10125 AMS.checkPermission: Binder.getCallingPid() = 1888; uid = 10125; Binder.getCallingUid() = 1001; getNameForUid: android.uid.phone:1001; getPackagesForUid: [com.qualcomm.qti.telephonyservice, com.qualcomm.qti.autoregistration, com.qualcomm.qti.networksetting, com.android.phone, com.qualcomm.simcontacts, com.qti.qualcomm.datastatusnotification, com.android.stk, com.qti.confuridialer, com.qti.qualcomm.deviceinfo, com.qualcomm.qti.callfeaturessetting, org.codeaurora.ims, com.qualcomm.qti.uim, com.android.providers.telephony, com.android.mms.service, com.qualcomm.qti.lpa, com.qualcomm.qcrilmsgtunnel, com.qualcomm.qti.ims, com.qti.xdivert]; permName: android.permission.ACCESS_COARSE_LOCATION; type = 1; res = 0; stacktrace=java.lang.Exception

06-25 16:18:08.331  1571  1713 I LSPosed-Bridge: 	at com.example.permlabel.requirePerm$1$2.afterHookedMethod(requirePerm.java:137)

06-25 16:18:08.331  1571  1713 I LSPosed-Bridge: 	at de.robv.android.xposed.XposedBridge$AdditionalHookInfo.callback(Unknown Source:147)

06-25 16:18:08.331  1571  1713 I LSPosed-Bridge: 	at LSPHooker_.checkPermission(Unknown Source:25)

06-25 16:18:08.331  1571  1713 I LSPosed-Bridge: 	at android.app.IActivityManager$Stub.onTransact(IActivityManager.java:664)

06-25 16:18:08.331  1571  1713 I LSPosed-Bridge: 	at com.android.server.am.ActivityManagerService.onTransact(ActivityManagerService.java:3346)

06-25 16:18:08.331  1571  1713 I LSPosed-Bridge: 	at android.os.Binder.execTransact(Binder.java:731)

06-25 16:18:08.365 10463 10769 I LSPosed-Bridge: 10463 PermLabel 10125; permName: android.permission.ACCESS_COARSE_LOCATION; getAllCellInfo res = [CellInfoWcdma:{mRegistered=NO mTimeStampType=oem_ril mTimeStamp=234110353971ns mCellConnectionStatus=0 CellIdentityWcdma:{ mLac=2011 mCid=13219378 mPsc=149 mUarfcn=10638 mMcc=466 mMnc=89 mAlphaLong=T Star mAlphaShort=T Star} CellSignalStrengthWcdma: ss=18 ber=99}, CellInfoWcdma:{mRegistered=NO mTimeStampType=oem_ril mTimeStamp=234110353971ns mCellConnectionStatus=0 CellIdentityWcdma:{ mLac=2147483647 mCid=2147483647 mPsc=46 mUarfcn=10638 mMcc=null mMnc=null mAlphaLong= mAlphaShort=} CellSignalStrengthWcdma: ss=17 ber=99}]; stacktrace=java.lang.Exception

06-25 16:18:08.365 10463 10769 I LSPosed-Bridge: 	at com.example.permlabel.hookLocationExtra_test$4.afterHookedMethod(hookLocationExtra_test.java:73)

06-25 16:18:08.365 10463 10769 I LSPosed-Bridge: 	at de.robv.android.xposed.XposedBridge$AdditionalHookInfo.callback(Unknown Source:147)

06-25 16:18:08.365 10463 10769 I LSPosed-Bridge: 	at LSPHooker_.getAllCellInfo(Unknown Source:8)

06-25 16:18:08.365 10463 10769 I LSPosed-Bridge: 	at com.loc.ea.p(Unknown Source:14)

06-25 16:18:08.365 10463 10769 I LSPosed-Bridge: 	at com.loc.ea.b(Unknown Source:70)

06-25 16:18:08.365 10463 10769 I LSPosed-Bridge: 	at com.loc.ea.a(Unknown Source:39)

06-25 16:18:08.365 10463 10769 I LSPosed-Bridge: 	at com.loc.dr.a(Unknown Source:206)

06-25 16:18:08.365 10463 10769 I LSPosed-Bridge: 	at com.loc.e.b(Unknown Source:165)

06-25 16:18:08.365 10463 10769 I LSPosed-Bridge: 	at com.loc.e$a.handleMessage(Unknown Source:379)

06-25 16:18:08.365 10463 10769 I LSPosed-Bridge: 	at android.os.Handler.dispatchMessage(Handler.java:106)

06-25 16:18:08.365 10463 10769 I LSPosed-Bridge: 	at android.os.Looper.loop(Looper.java:193)

06-25 16:18:08.365 10463 10769 I LSPosed-Bridge: 	at android.os.HandlerThread.run(HandlerThread.java:65)

06-25 16:18:08.365 10463 10769 I LSPosed-Bridge: 	at com.loc.e$b.run(Unknown Source:0)

06-25 16:18:08.369 14861 14861 I Input   : injectMotionEvent: MotionEvent { action=ACTION_MOVE, actionButton=0, id[0]=0, x[0]=252.0, y[0]=709.0, toolType[0]=TOOL_TYPE_UNKNOWN, buttonState=0, metaState=0, flags=0x0, edgeFlags=0x0, pointerCount=1, historySize=0, eventTime=234138, downTime=234138, deviceId=5, source=0x1002 }

06-25 16:18:08.369  1571  1713 I LSPosed-Bridge: 10463 PermLabel 10125 AMS.checkPermission: Binder.getCallingPid() = 1888; uid = 10125; Binder.getCallingUid() = 1001; getNameForUid: android.uid.phone:1001; getPackagesForUid: [com.qualcomm.qti.telephonyservice, com.qualcomm.qti.autoregistration, com.qualcomm.qti.networksetting, com.android.phone, com.qualcomm.simcontacts, com.qti.qualcomm.datastatusnotification, com.android.stk, com.qti.confuridialer, com.qti.qualcomm.deviceinfo, com.qualcomm.qti.callfeaturessetting, org.codeaurora.ims, com.qualcomm.qti.uim, com.android.providers.telephony, com.android.mms.service, com.qualcomm.qti.lpa, com.qualcomm.qcrilmsgtunnel, com.qualcomm.qti.ims, com.qti.xdivert]; permName: android.permission.ACCESS_COARSE_LOCATION; type = 1; res = 0; stacktrace=java.lang.Exception

06-25 16:18:08.369  1571  1713 I LSPosed-Bridge: 	at com.example.permlabel.requirePerm$1$2.afterHookedMethod(requirePerm.java:137)

06-25 16:18:08.369  1571  1713 I LSPosed-Bridge: 	at de.robv.android.xposed.XposedBridge$AdditionalHookInfo.callback(Unknown Source:147)

06-25 16:18:08.369  1571  1713 I LSPosed-Bridge: 	at LSPHooker_.checkPermission(Unknown Source:25)

06-25 16:18:08.369  1571  1713 I LSPosed-Bridge: 	at android.app.IActivityManager$Stub.onTransact(IActivityManager.java:664)

06-25 16:18:08.369  1571  1713 I LSPosed-Bridge: 	at com.android.server.am.ActivityManagerService.onTransact(ActivityManagerService.java:3346)

06-25 16:18:08.369  1571  1713 I LSPosed-Bridge: 	at android.os.Binder.execTransact(Binder.java:731)

06-25 16:18:08.387   554   554 I ConfigStore: android::hardware::configstore::V1_0::ISurfaceFlingerConfigs::hasHDRDisplay retrieved: 0

06-25 16:18:08.387  1571  5375 I LSPosed-Bridge: 10463 PermLabel 10125 AMS.checkPermission: Binder.getCallingPid() = 1888; uid = 10125; Binder.getCallingUid() = 1001; getNameForUid: android.uid.phone:1001; getPackagesForUid: [com.qualcomm.qti.telephonyservice, com.qualcomm.qti.autoregistration, com.qualcomm.qti.networksetting, com.android.phone, com.qualcomm.simcontacts, com.qti.qualcomm.datastatusnotification, com.android.stk, com.qti.confuridialer, com.qti.qualcomm.deviceinfo, com.qualcomm.qti.callfeaturessetting, org.codeaurora.ims, com.qualcomm.qti.uim, com.android.providers.telephony, com.android.mms.service, com.qualcomm.qti.lpa, com.qualcomm.qcrilmsgtunnel, com.qualcomm.qti.ims, com.qti.xdivert]; permName: android.permission.ACCESS_COARSE_LOCATION; type = 1; res = 0; stacktrace=java.lang.Exception

06-25 16:18:08.387  1571  5375 I LSPosed-Bridge: 	at com.example.permlabel.requirePerm$1$2.afterHookedMethod(requirePerm.java:137)

06-25 16:18:08.387  1571  5375 I LSPosed-Bridge: 	at de.robv.android.xposed.XposedBridge$AdditionalHookInfo.callback(Unknown Source:147)

06-25 16:18:08.387  1571  5375 I LSPosed-Bridge: 	at LSPHooker_.checkPermission(Unknown Source:25)

06-25 16:18:08.387  1571  5375 I LSPosed-Bridge: 	at android.app.IActivityManager$Stub.onTransact(IActivityManager.java:664)

06-25 16:18:08.387  1571  5375 I LSPosed-Bridge: 	at com.android.server.am.ActivityManagerService.onTransact(ActivityManagerService.java:3346)

06-25 16:18:08.387  1571  5375 I LSPosed-Bridge: 	at android.os.Binder.execTransact(Binder.java:731)

06-25 16:18:08.390   554   554 I chatty  : uid=1000(system) /system/bin/surfaceflinger identical 3 lines

06-25 16:18:08.390   554   554 I ConfigStore: android::hardware::configstore::V1_0::ISurfaceFlingerConfigs::hasHDRDisplay retrieved: 0

06-25 16:18:08.390 10463 10769 I LSPosed-Bridge: 10463 PermLabel 10125; permName: android.permission.ACCESS_COARSE_LOCATION; getAllCellInfo res = [CellInfoWcdma:{mRegistered=NO mTimeStampType=oem_ril mTimeStamp=234110353971ns mCellConnectionStatus=0 CellIdentityWcdma:{ mLac=2011 mCid=13219378 mPsc=149 mUarfcn=10638 mMcc=466 mMnc=89 mAlphaLong=T Star mAlphaShort=T Star} CellSignalStrengthWcdma: ss=18 ber=99}, CellInfoWcdma:{mRegistered=NO mTimeStampType=oem_ril mTimeStamp=234110353971ns mCellConnectionStatus=0 CellIdentityWcdma:{ mLac=2147483647 mCid=2147483647 mPsc=46 mUarfcn=10638 mMcc=null mMnc=null mAlphaLong= mAlphaShort=} CellSignalStrengthWcdma: ss=17 ber=99}]; stacktrace=java.lang.Exception

06-25 16:18:08.390 10463 10769 I LSPosed-Bridge: 	at com.example.permlabel.hookLocationExtra_test$4.afterHookedMethod(hookLocationExtra_test.java:73)

06-25 16:18:08.390 10463 10769 I LSPosed-Bridge: 	at de.robv.android.xposed.XposedBridge$AdditionalHookInfo.callback(Unknown Source:147)

06-25 16:18:08.390 10463 10769 I LSPosed-Bridge: 	at LSPHooker_.getAllCellInfo(Unknown Source:8)

06-25 16:18:08.390 10463 10769 I LSPosed-Bridge: 	at com.loc.ea.b(Unknown Source:187)

06-25 16:18:08.390 10463 10769 I LSPosed-Bridge: 	at com.loc.ea.a(Unknown Source:39)

06-25 16:18:08.390 10463 10769 I LSPosed-Bridge: 	at com.loc.dr.a(Unknown Source:206)

06-25 16:18:08.390 10463 10769 I LSPosed-Bridge: 	at com.loc.e.b(Unknown Source:165)

06-25 16:18:08.390 10463 10769 I LSPosed-Bridge: 	at com.loc.e$a.handleMessage(Unknown Source:379)

06-25 16:18:08.390 10463 10769 I LSPosed-Bridge: 	at android.os.Handler.dispatchMessage(Handler.java:106)

06-25 16:18:08.390 10463 10769 I LSPosed-Bridge: 	at android.os.Looper.loop(Looper.java:193)

06-25 16:18:08.390 10463 10769 I LSPosed-Bridge: 	at android.os.HandlerThread.run(HandlerThread.java:65)

06-25 16:18:08.390 10463 10769 I LSPosed-Bridge: 	at com.loc.e$b.run(Unknown Source:0)

06-25 16:18:08.390   554   554 I ConfigStore: android::hardware::configstore::V1_0::ISurfaceFlingerConfigs::hasHDRDisplay retrieved: 0

06-25 16:18:20.346  1571  7294 I LSPosed-Bridge: 10463 PermLabel 10125 AMS.checkPermission: Binder.getCallingPid() = 1888; uid = 10125; Binder.getCallingUid() = 1001; getNameForUid: android.uid.phone:1001; getPackagesForUid: [com.qualcomm.qti.telephonyservice, com.qualcomm.qti.autoregistration, com.qualcomm.qti.networksetting, com.android.phone, com.qualcomm.simcontacts, com.qti.qualcomm.datastatusnotification, com.android.stk, com.qti.confuridialer, com.qti.qualcomm.deviceinfo, com.qualcomm.qti.callfeaturessetting, org.codeaurora.ims, com.qualcomm.qti.uim, com.android.providers.telephony, com.android.mms.service, com.qualcomm.qti.lpa, com.qualcomm.qcrilmsgtunnel, com.qualcomm.qti.ims, com.qti.xdivert]; permName: android.permission.ACCESS_COARSE_LOCATION; type = 1; res = 0; stacktrace=java.lang.Exception

06-25 16:18:20.346  1571  7294 I LSPosed-Bridge: 	at com.example.permlabel.requirePerm$1$2.afterHookedMethod(requirePerm.java:137)

06-25 16:18:20.346  1571  7294 I LSPosed-Bridge: 	at de.robv.android.xposed.XposedBridge$AdditionalHookInfo.callback(Unknown Source:147)

06-25 16:18:20.346  1571  7294 I LSPosed-Bridge: 	at LSPHooker_.checkPermission(Unknown Source:25)

06-25 16:18:20.346  1571  7294 I LSPosed-Bridge: 	at android.app.IActivityManager$Stub.onTransact(IActivityManager.java:664)

06-25 16:18:20.346  1571  7294 I LSPosed-Bridge: 	at com.android.server.am.ActivityManagerService.onTransact(ActivityManagerService.java:3346)

06-25 16:18:20.346  1571  7294 I LSPosed-Bridge: 	at android.os.Binder.execTransact(Binder.java:731)

06-25 16:18:20.346  1888  3466 I LSPosed-Bridge: 1888 PermLabel 1001 ContextImpl.checkPermission: pid = 10463; uid = 10125; permName: android.permission.ACCESS_COARSE_LOCATION; type = 1; res = 0; stacktrace=java.lang.Exception

06-25 16:18:20.346  1888  3466 I LSPosed-Bridge: 	at com.example.permlabel.requestPerm$2.afterHookedMethod(requestPerm.java:216)

06-25 16:18:20.346  1888  3466 I LSPosed-Bridge: 	at de.robv.android.xposed.XposedBridge$AdditionalHookInfo.callback(Unknown Source:147)

06-25 16:18:20.346  1888  3466 I LSPosed-Bridge: 	at LSPHooker_.checkPermission(Unknown Source:25)

06-25 16:18:20.346  1888  3466 I LSPosed-Bridge: 	at android.app.ContextImpl.enforcePermission(ContextImpl.java:1822)

06-25 16:18:20.346  1888  3466 I LSPosed-Bridge: 	at android.content.ContextWrapper.enforcePermission(ContextWrapper.java:765)

06-25 16:18:20.346  1888  3466 I LSPosed-Bridge: 	at android.content.ContextWrapper.enforcePermission(ContextWrapper.java:765)

06-25 16:18:20.346  1888  3466 I LSPosed-Bridge: 	at android.telephony.LocationAccessPolicy.canAccessCellLocation(LocationAccessPolicy.java:71)

06-25 16:18:20.346  1888  3466 I LSPosed-Bridge: 	at com.android.phone.PhoneInterfaceManager.getAllCellInfo(PhoneInterfaceManager.java:1808)

06-25 16:18:20.346  1888  3466 I LSPosed-Bridge: 	at com.android.internal.telephony.ITelephony$Stub.onTransact(ITelephony.java:936)

06-25 16:18:20.346  1888  3466 I LSPosed-Bridge: 	at android.os.Binder.execTransact(Binder.java:731)

06-25 16:18:20.377 10463 10769 I LSPosed-Bridge: 10463 PermLabel 10125; permName: android.permission.ACCESS_COARSE_LOCATION; getAllCellInfo res = [CellInfoWcdma:{mRegistered=NO mTimeStampType=oem_ril mTimeStamp=246124815581ns mCellConnectionStatus=0 CellIdentityWcdma:{ mLac=2011 mCid=13219378 mPsc=149 mUarfcn=10638 mMcc=466 mMnc=89 mAlphaLong=T Star mAlphaShort=T Star} CellSignalStrengthWcdma: ss=19 ber=99}, CellInfoWcdma:{mRegistered=NO mTimeStampType=oem_ril mTimeStamp=246124815581ns mCellConnectionStatus=0 CellIdentityWcdma:{ mLac=2147483647 mCid=2147483647 mPsc=46 mUarfcn=10638 mMcc=null mMnc=null mAlphaLong= mAlphaShort=} CellSignalStrengthWcdma: ss=17 ber=99}]; stacktrace=java.lang.Exception

06-25 16:18:20.377 10463 10769 I LSPosed-Bridge: 	at com.example.permlabel.hookLocationExtra_test$4.afterHookedMethod(hookLocationExtra_test.java:73)

06-25 16:18:20.377 10463 10769 I LSPosed-Bridge: 	at de.robv.android.xposed.XposedBridge$AdditionalHookInfo.callback(Unknown Source:147)

06-25 16:18:20.377 10463 10769 I LSPosed-Bridge: 	at LSPHooker_.getAllCellInfo(Unknown Source:8)

06-25 16:18:20.377 10463 10769 I LSPosed-Bridge: 	at com.loc.ea.p(Unknown Source:14)

06-25 16:18:20.377 10463 10769 I LSPosed-Bridge: 	at com.loc.ea.b(Unknown Source:70)

06-25 16:18:20.377 10463 10769 I LSPosed-Bridge: 	at com.loc.ea.a(Unknown Source:39)

06-25 16:18:20.377 10463 10769 I LSPosed-Bridge: 	at com.loc.dr.a(Unknown Source:206)

06-25 16:18:20.377 10463 10769 I LSPosed-Bridge: 	at com.loc.e.b(Unknown Source:165)

06-25 16:18:20.377 10463 10769 I LSPosed-Bridge: 	at com.loc.e$a.handleMessage(Unknown Source:379)

06-25 16:18:20.377 10463 10769 I LSPosed-Bridge: 	at android.os.Handler.dispatchMessage(Handler.java:106)

06-25 16:18:20.377 10463 10769 I LSPosed-Bridge: 	at android.os.Looper.loop(Looper.java:193)

06-25 16:18:20.377 10463 10769 I LSPosed-Bridge: 	at android.os.HandlerThread.run(HandlerThread.java:65)

06-25 16:18:20.377 10463 10769 I LSPosed-Bridge: 	at com.loc.e$b.run(Unknown Source:0)

06-25 16:18:20.380  1571  2883 I LSPosed-Bridge: 10463 PermLabel 10125 AMS.checkPermission: Binder.getCallingPid() = 1888; uid = 10125; Binder.getCallingUid() = 1001; getNameForUid: android.uid.phone:1001; getPackagesForUid: [com.qualcomm.qti.telephonyservice, com.qualcomm.qti.autoregistration, com.qualcomm.qti.networksetting, com.android.phone, com.qualcomm.simcontacts, com.qti.qualcomm.datastatusnotification, com.android.stk, com.qti.confuridialer, com.qti.qualcomm.deviceinfo, com.qualcomm.qti.callfeaturessetting, org.codeaurora.ims, com.qualcomm.qti.uim, com.android.providers.telephony, com.android.mms.service, com.qualcomm.qti.lpa, com.qualcomm.qcrilmsgtunnel, com.qualcomm.qti.ims, com.qti.xdivert]; permName: android.permission.ACCESS_COARSE_LOCATION; type = 1; res = 0; stacktrace=java.lang.Exception

06-25 16:18:20.380  1571  2883 I LSPosed-Bridge: 	at com.example.permlabel.requirePerm$1$2.afterHookedMethod(requirePerm.java:137)

06-25 16:18:20.380  1571  2883 I LSPosed-Bridge: 	at de.robv.android.xposed.XposedBridge$AdditionalHookInfo.callback(Unknown Source:147)

06-25 16:18:20.380  1571  2883 I LSPosed-Bridge: 	at LSPHooker_.checkPermission(Unknown Source:25)

06-25 16:18:20.380  1571  2883 I LSPosed-Bridge: 	at android.app.IActivityManager$Stub.onTransact(IActivityManager.java:664)

06-25 16:18:20.380  1571  2883 I LSPosed-Bridge: 	at com.android.server.am.ActivityManagerService.onTransact(ActivityManagerService.java:3346)

06-25 16:18:20.380  1571  2883 I LSPosed-Bridge: 	at android.os.Binder.execTransact(Binder.java:731)

06-25 16:18:20.399  1571  7294 I LSPosed-Bridge: 10463 PermLabel 10125 AMS.checkPermission: Binder.getCallingPid() = 1888; uid = 10125; Binder.getCallingUid() = 1001; getNameForUid: android.uid.phone:1001; getPackagesForUid: [com.qualcomm.qti.telephonyservice, com.qualcomm.qti.autoregistration, com.qualcomm.qti.networksetting, com.android.phone, com.qualcomm.simcontacts, com.qti.qualcomm.datastatusnotification, com.android.stk, com.qti.confuridialer, com.qti.qualcomm.deviceinfo, com.qualcomm.qti.callfeaturessetting, org.codeaurora.ims, com.qualcomm.qti.uim, com.android.providers.telephony, com.android.mms.service, com.qualcomm.qti.lpa, com.qualcomm.qcrilmsgtunnel, com.qualcomm.qti.ims, com.qti.xdivert]; permName: android.permission.ACCESS_COARSE_LOCATION; type = 1; res = 0; stacktrace=java.lang.Exception

06-25 16:18:20.399  1571  7294 I LSPosed-Bridge: 	at com.example.permlabel.requirePerm$1$2.afterHookedMethod(requirePerm.java:137)

06-25 16:18:20.399  1571  7294 I LSPosed-Bridge: 	at de.robv.android.xposed.XposedBridge$AdditionalHookInfo.callback(Unknown Source:147)

06-25 16:18:20.399  1571  7294 I LSPosed-Bridge: 	at LSPHooker_.checkPermission(Unknown Source:25)

06-25 16:18:20.399  1571  7294 I LSPosed-Bridge: 	at android.app.IActivityManager$Stub.onTransact(IActivityManager.java:664)

06-25 16:18:20.399  1571  7294 I LSPosed-Bridge: 	at com.android.server.am.ActivityManagerService.onTransact(ActivityManagerService.java:3346)

06-25 16:18:20.399  1571  7294 I LSPosed-Bridge: 	at android.os.Binder.execTransact(Binder.java:731)

06-25 16:18:20.402 10463 10769 I LSPosed-Bridge: 10463 PermLabel 10125; permName: android.permission.ACCESS_COARSE_LOCATION; getAllCellInfo res = [CellInfoWcdma:{mRegistered=NO mTimeStampType=oem_ril mTimeStamp=246124815581ns mCellConnectionStatus=0 CellIdentityWcdma:{ mLac=2011 mCid=13219378 mPsc=149 mUarfcn=10638 mMcc=466 mMnc=89 mAlphaLong=T Star mAlphaShort=T Star} CellSignalStrengthWcdma: ss=19 ber=99}, CellInfoWcdma:{mRegistered=NO mTimeStampType=oem_ril mTimeStamp=246124815581ns mCellConnectionStatus=0 CellIdentityWcdma:{ mLac=2147483647 mCid=2147483647 mPsc=46 mUarfcn=10638 mMcc=null mMnc=null mAlphaLong= mAlphaShort=} CellSignalStrengthWcdma: ss=17 ber=99}]; stacktrace=java.lang.Exception

06-25 16:18:20.402 10463 10769 I LSPosed-Bridge: 	at com.example.permlabel.hookLocationExtra_test$4.afterHookedMethod(hookLocationExtra_test.java:73)

06-25 16:18:20.402 10463 10769 I LSPosed-Bridge: 	at de.robv.android.xposed.XposedBridge$AdditionalHookInfo.callback(Unknown Source:147)

06-25 16:18:20.402 10463 10769 I LSPosed-Bridge: 	at LSPHooker_.getAllCellInfo(Unknown Source:8)

06-25 16:18:20.402 10463 10769 I LSPosed-Bridge: 	at com.loc.ea.b(Unknown Source:187)

06-25 16:18:20.402 10463 10769 I LSPosed-Bridge: 	at com.loc.ea.a(Unknown Source:39)

06-25 16:18:20.402 10463 10769 I LSPosed-Bridge: 	at com.loc.dr.a(Unknown Source:206)

06-25 16:18:20.402 10463 10769 I LSPosed-Bridge: 	at com.loc.e.b(Unknown Source:165)

06-25 16:18:20.402 10463 10769 I LSPosed-Bridge: 	at com.loc.e$a.handleMessage(Unknown Source:379)

06-25 16:18:20.402 10463 10769 I LSPosed-Bridge: 	at android.os.Handler.dispatchMessage(Handler.java:106)

06-25 16:18:20.402 10463 10769 I LSPosed-Bridge: 	at android.os.Looper.loop(Looper.java:193)

06-25 16:18:20.402 10463 10769 I LSPosed-Bridge: 	at android.os.HandlerThread.run(HandlerThread.java:65)

06-25 16:18:20.402 10463 10769 I LSPosed-Bridge: 	at com.loc.e$b.run(Unknown Source:0)

06-25 16:18:32.366  1571  1866 I LSPosed-Bridge: 10463 PermLabel 10125 AMS.checkPermission: Binder.getCallingPid() = 1888; uid = 10125; Binder.getCallingUid() = 1001; getNameForUid: android.uid.phone:1001; getPackagesForUid: [com.qualcomm.qti.telephonyservice, com.qualcomm.qti.autoregistration, com.qualcomm.qti.networksetting, com.android.phone, com.qualcomm.simcontacts, com.qti.qualcomm.datastatusnotification, com.android.stk, com.qti.confuridialer, com.qti.qualcomm.deviceinfo, com.qualcomm.qti.callfeaturessetting, org.codeaurora.ims, com.qualcomm.qti.uim, com.android.providers.telephony, com.android.mms.service, com.qualcomm.qti.lpa, com.qualcomm.qcrilmsgtunnel, com.qualcomm.qti.ims, com.qti.xdivert]; permName: android.permission.ACCESS_COARSE_LOCATION; type = 1; res = 0; stacktrace=java.lang.Exception

06-25 16:18:32.366  1571  1866 I LSPosed-Bridge: 	at com.example.permlabel.requirePerm$1$2.afterHookedMethod(requirePerm.java:137)

06-25 16:18:32.366  1571  1866 I LSPosed-Bridge: 	at de.robv.android.xposed.XposedBridge$AdditionalHookInfo.callback(Unknown Source:147)

06-25 16:18:32.366  1571  1866 I LSPosed-Bridge: 	at LSPHooker_.checkPermission(Unknown Source:25)

06-25 16:18:32.366  1571  1866 I LSPosed-Bridge: 	at android.app.IActivityManager$Stub.onTransact(IActivityManager.java:664)

06-25 16:18:32.366  1571  1866 I LSPosed-Bridge: 	at com.android.server.am.ActivityManagerService.onTransact(ActivityManagerService.java:3346)

06-25 16:18:32.366  1571  1866 I LSPosed-Bridge: 	at android.os.Binder.execTransact(Binder.java:731)

06-25 16:18:32.366  1888  2218 I LSPosed-Bridge: 1888 PermLabel 1001 ContextImpl.checkPermission: pid = 10463; uid = 10125; permName: android.permission.ACCESS_COARSE_LOCATION; type = 1; res = 0; stacktrace=java.lang.Exception

06-25 16:18:32.366  1888  2218 I LSPosed-Bridge: 	at com.example.permlabel.requestPerm$2.afterHookedMethod(requestPerm.java:216)

06-25 16:18:32.366  1888  2218 I LSPosed-Bridge: 	at de.robv.android.xposed.XposedBridge$AdditionalHookInfo.callback(Unknown Source:147)

06-25 16:18:32.366  1888  2218 I LSPosed-Bridge: 	at LSPHooker_.checkPermission(Unknown Source:25)

06-25 16:18:32.366  1888  2218 I LSPosed-Bridge: 	at android.app.ContextImpl.enforcePermission(ContextImpl.java:1822)

06-25 16:18:32.366  1888  2218 I LSPosed-Bridge: 	at android.content.ContextWrapper.enforcePermission(ContextWrapper.java:765)

06-25 16:18:32.366  1888  2218 I LSPosed-Bridge: 	at android.content.ContextWrapper.enforcePermission(ContextWrapper.java:765)

06-25 16:18:32.366  1888  2218 I LSPosed-Bridge: 	at android.telephony.LocationAccessPolicy.canAccessCellLocation(LocationAccessPolicy.java:71)

06-25 16:18:32.366  1888  2218 I LSPosed-Bridge: 	at com.android.phone.PhoneInterfaceManager.getAllCellInfo(PhoneInterfaceManager.java:1808)

06-25 16:18:32.366  1888  2218 I LSPosed-Bridge: 	at com.android.internal.telephony.ITelephony$Stub.onTransact(ITelephony.java:936)

06-25 16:18:32.366  1888  2218 I LSPosed-Bridge: 	at android.os.Binder.execTransact(Binder.java:731)

06-25 16:18:32.392 10463 10769 I LSPosed-Bridge: 10463 PermLabel 10125; permName: android.permission.ACCESS_COARSE_LOCATION; getAllCellInfo res = [CellInfoWcdma:{mRegistered=NO mTimeStampType=oem_ril mTimeStamp=258145032660ns mCellConnectionStatus=0 CellIdentityWcdma:{ mLac=2011 mCid=13219378 mPsc=149 mUarfcn=10638 mMcc=466 mMnc=89 mAlphaLong=T Star mAlphaShort=T Star} CellSignalStrengthWcdma: ss=18 ber=99}, CellInfoWcdma:{mRegistered=NO mTimeStampType=oem_ril mTimeStamp=258145032660ns mCellConnectionStatus=0 CellIdentityWcdma:{ mLac=2147483647 mCid=2147483647 mPsc=46 mUarfcn=10638 mMcc=null mMnc=null mAlphaLong= mAlphaShort=} CellSignalStrengthWcdma: ss=17 ber=99}]; stacktrace=java.lang.Exception

06-25 16:18:32.392 10463 10769 I LSPosed-Bridge: 	at com.example.permlabel.hookLocationExtra_test$4.afterHookedMethod(hookLocationExtra_test.java:73)

06-25 16:18:32.392 10463 10769 I LSPosed-Bridge: 	at de.robv.android.xposed.XposedBridge$AdditionalHookInfo.callback(Unknown Source:147)

06-25 16:18:32.392 10463 10769 I LSPosed-Bridge: 	at LSPHooker_.getAllCellInfo(Unknown Source:8)

06-25 16:18:32.392 10463 10769 I LSPosed-Bridge: 	at com.loc.ea.p(Unknown Source:14)

06-25 16:18:32.392 10463 10769 I LSPosed-Bridge: 	at com.loc.ea.b(Unknown Source:70)

06-25 16:18:32.392 10463 10769 I LSPosed-Bridge: 	at com.loc.ea.a(Unknown Source:39)

06-25 16:18:32.392 10463 10769 I LSPosed-Bridge: 	at com.loc.dr.a(Unknown Source:206)

06-25 16:18:32.392 10463 10769 I LSPosed-Bridge: 	at com.loc.e.b(Unknown Source:165)

06-25 16:18:32.392 10463 10769 I LSPosed-Bridge: 	at com.loc.e$a.handleMessage(Unknown Source:379)

06-25 16:18:32.392 10463 10769 I LSPosed-Bridge: 	at android.os.Handler.dispatchMessage(Handler.java:106)

06-25 16:18:32.392 10463 10769 I LSPosed-Bridge: 	at android.os.Looper.loop(Looper.java:193)

06-25 16:18:32.392 10463 10769 I LSPosed-Bridge: 	at android.os.HandlerThread.run(HandlerThread.java:65)

06-25 16:18:32.392 10463 10769 I LSPosed-Bridge: 	at com.loc.e$b.run(Unknown Source:0)

06-25 16:18:32.397  1571  1866 I LSPosed-Bridge: 10463 PermLabel 10125 AMS.checkPermission: Binder.getCallingPid() = 1888; uid = 10125; Binder.getCallingUid() = 1001; getNameForUid: android.uid.phone:1001; getPackagesForUid: [com.qualcomm.qti.telephonyservice, com.qualcomm.qti.autoregistration, com.qualcomm.qti.networksetting, com.android.phone, com.qualcomm.simcontacts, com.qti.qualcomm.datastatusnotification, com.android.stk, com.qti.confuridialer, com.qti.qualcomm.deviceinfo, com.qualcomm.qti.callfeaturessetting, org.codeaurora.ims, com.qualcomm.qti.uim, com.android.providers.telephony, com.android.mms.service, com.qualcomm.qti.lpa, com.qualcomm.qcrilmsgtunnel, com.qualcomm.qti.ims, com.qti.xdivert]; permName: android.permission.ACCESS_COARSE_LOCATION; type = 1; res = 0; stacktrace=java.lang.Exception

06-25 16:18:32.397  1571  1866 I LSPosed-Bridge: 	at com.example.permlabel.requirePerm$1$2.afterHookedMethod(requirePerm.java:137)

06-25 16:18:32.397  1571  1866 I LSPosed-Bridge: 	at de.robv.android.xposed.XposedBridge$AdditionalHookInfo.callback(Unknown Source:147)

06-25 16:18:32.397  1571  1866 I LSPosed-Bridge: 	at LSPHooker_.checkPermission(Unknown Source:25)

06-25 16:18:32.397  1571  1866 I LSPosed-Bridge: 	at android.app.IActivityManager$Stub.onTransact(IActivityManager.java:664)

06-25 16:18:32.397  1571  1866 I LSPosed-Bridge: 	at com.android.server.am.ActivityManagerService.onTransact(ActivityManagerService.java:3346)

06-25 16:18:32.397  1571  1866 I LSPosed-Bridge: 	at android.os.Binder.execTransact(Binder.java:731)

06-25 16:18:32.397  1888  2218 I LSPosed-Bridge: 1888 PermLabel 1001 ContextImpl.checkPermission: pid = 10463; uid = 10125; permName: android.permission.ACCESS_COARSE_LOCATION; type = 1; res = 0; stacktrace=java.lang.Exception

06-25 16:18:32.397  1888  2218 I LSPosed-Bridge: 	at com.example.permlabel.requestPerm$2.afterHookedMethod(requestPerm.java:216)

06-25 16:18:32.397  1888  2218 I LSPosed-Bridge: 	at de.robv.android.xposed.XposedBridge$AdditionalHookInfo.callback(Unknown Source:147)

06-25 16:18:32.397  1888  2218 I LSPosed-Bridge: 	at LSPHooker_.checkPermission(Unknown Source:25)

06-25 16:18:32.397  1888  2218 I LSPosed-Bridge: 	at android.app.ContextImpl.enforcePermission(ContextImpl.java:1822)

06-25 16:18:32.397  1888  2218 I LSPosed-Bridge: 	at android.content.ContextWrapper.enforcePermission(ContextWrapper.java:765)

06-25 16:18:32.397  1888  2218 I LSPosed-Bridge: 	at android.content.ContextWrapper.enforcePermission(ContextWrapper.java:765)

06-25 16:18:32.397  1888  2218 I LSPosed-Bridge: 	at android.telephony.LocationAccessPolicy.canAccessCellLocation(LocationAccessPolicy.java:71)

06-25 16:18:32.397  1888  2218 I LSPosed-Bridge: 	at com.android.phone.PhoneInterfaceManager.getNeighboringCellInfo(PhoneInterfaceManager.java:1778)

06-25 16:18:32.397  1888  2218 I LSPosed-Bridge: 	at com.android.internal.telephony.ITelephony$Stub.onTransact(ITelephony.java:491)

06-25 16:18:32.397  1888  2218 I LSPosed-Bridge: 	at android.os.Binder.execTransact(Binder.java:731)

06-25 16:18:32.414  1571  1866 I LSPosed-Bridge: 10463 PermLabel 10125 AMS.checkPermission: Binder.getCallingPid() = 1888; uid = 10125; Binder.getCallingUid() = 1001; getNameForUid: android.uid.phone:1001; getPackagesForUid: [com.qualcomm.qti.telephonyservice, com.qualcomm.qti.autoregistration, com.qualcomm.qti.networksetting, com.android.phone, com.qualcomm.simcontacts, com.qti.qualcomm.datastatusnotification, com.android.stk, com.qti.confuridialer, com.qti.qualcomm.deviceinfo, com.qualcomm.qti.callfeaturessetting, org.codeaurora.ims, com.qualcomm.qti.uim, com.android.providers.telephony, com.android.mms.service, com.qualcomm.qti.lpa, com.qualcomm.qcrilmsgtunnel, com.qualcomm.qti.ims, com.qti.xdivert]; permName: android.permission.ACCESS_COARSE_LOCATION; type = 1; res = 0; stacktrace=java.lang.Exception

06-25 16:18:32.414  1571  1866 I LSPosed-Bridge: 	at com.example.permlabel.requirePerm$1$2.afterHookedMethod(requirePerm.java:137)

06-25 16:18:32.414  1571  1866 I LSPosed-Bridge: 	at de.robv.android.xposed.XposedBridge$AdditionalHookInfo.callback(Unknown Source:147)

06-25 16:18:32.414  1571  1866 I LSPosed-Bridge: 	at LSPHooker_.checkPermission(Unknown Source:25)

06-25 16:18:32.414  1571  1866 I LSPosed-Bridge: 	at android.app.IActivityManager$Stub.onTransact(IActivityManager.java:664)

06-25 16:18:32.414  1571  1866 I LSPosed-Bridge: 	at com.android.server.am.ActivityManagerService.onTransact(ActivityManagerService.java:3346)

06-25 16:18:32.414  1571  1866 I LSPosed-Bridge: 	at android.os.Binder.execTransact(Binder.java:731)

06-25 16:18:32.417 10463 10769 I LSPosed-Bridge: 10463 PermLabel 10125; permName: android.permission.ACCESS_COARSE_LOCATION; getAllCellInfo res = [CellInfoWcdma:{mRegistered=NO mTimeStampType=oem_ril mTimeStamp=258145032660ns mCellConnectionStatus=0 CellIdentityWcdma:{ mLac=2011 mCid=13219378 mPsc=149 mUarfcn=10638 mMcc=466 mMnc=89 mAlphaLong=T Star mAlphaShort=T Star} CellSignalStrengthWcdma: ss=18 ber=99}, CellInfoWcdma:{mRegistered=NO mTimeStampType=oem_ril mTimeStamp=258145032660ns mCellConnectionStatus=0 CellIdentityWcdma:{ mLac=2147483647 mCid=2147483647 mPsc=46 mUarfcn=10638 mMcc=null mMnc=null mAlphaLong= mAlphaShort=} CellSignalStrengthWcdma: ss=17 ber=99}]; stacktrace=java.lang.Exception

06-25 16:18:32.417 10463 10769 I LSPosed-Bridge: 	at com.example.permlabel.hookLocationExtra_test$4.afterHookedMethod(hookLocationExtra_test.java:73)

06-25 16:18:32.417 10463 10769 I LSPosed-Bridge: 	at de.robv.android.xposed.XposedBridge$AdditionalHookInfo.callback(Unknown Source:147)

06-25 16:18:32.417 10463 10769 I LSPosed-Bridge: 	at LSPHooker_.getAllCellInfo(Unknown Source:8)

06-25 16:18:32.417 10463 10769 I LSPosed-Bridge: 	at com.loc.ea.b(Unknown Source:187)

06-25 16:18:32.417 10463 10769 I LSPosed-Bridge: 	at com.loc.ea.a(Unknown Source:39)

06-25 16:18:32.417 10463 10769 I LSPosed-Bridge: 	at com.loc.dr.a(Unknown Source:206)

06-25 16:18:32.417 10463 10769 I LSPosed-Bridge: 	at com.loc.e.b(Unknown Source:165)

06-25 16:18:32.417 10463 10769 I LSPosed-Bridge: 	at com.loc.e$a.handleMessage(Unknown Source:379)

06-25 16:18:32.417 10463 10769 I LSPosed-Bridge: 	at android.os.Handler.dispatchMessage(Handler.java:106)

06-25 16:18:32.417 10463 10769 I LSPosed-Bridge: 	at android.os.Looper.loop(Looper.java:193)

06-25 16:18:32.417 10463 10769 I LSPosed-Bridge: 	at android.os.HandlerThread.run(HandlerThread.java:65)

06-25 16:18:32.417 10463 10769 I LSPosed-Bridge: 	at com.loc.e$b.run(Unknown Source:0)

06-25 16:18:32.417   554   554 I ConfigStore: android::hardware::configstore::V1_0::ISurfaceFlingerConfigs::hasHDRDisplay retrieved: 0

06-25 16:18:44.377  1571  7294 I LSPosed-Bridge: 10463 PermLabel 10125 AMS.checkPermission: Binder.getCallingPid() = 1888; uid = 10125; Binder.getCallingUid() = 1001; getNameForUid: android.uid.phone:1001; getPackagesForUid: [com.qualcomm.qti.telephonyservice, com.qualcomm.qti.autoregistration, com.qualcomm.qti.networksetting, com.android.phone, com.qualcomm.simcontacts, com.qti.qualcomm.datastatusnotification, com.android.stk, com.qti.confuridialer, com.qti.qualcomm.deviceinfo, com.qualcomm.qti.callfeaturessetting, org.codeaurora.ims, com.qualcomm.qti.uim, com.android.providers.telephony, com.android.mms.service, com.qualcomm.qti.lpa, com.qualcomm.qcrilmsgtunnel, com.qualcomm.qti.ims, com.qti.xdivert]; permName: android.permission.ACCESS_COARSE_LOCATION; type = 1; res = 0; stacktrace=java.lang.Exception

06-25 16:18:44.377  1571  7294 I LSPosed-Bridge: 	at com.example.permlabel.requirePerm$1$2.afterHookedMethod(requirePerm.java:137)

06-25 16:18:44.377  1571  7294 I LSPosed-Bridge: 	at de.robv.android.xposed.XposedBridge$AdditionalHookInfo.callback(Unknown Source:147)

06-25 16:18:44.377  1571  7294 I LSPosed-Bridge: 	at LSPHooker_.checkPermission(Unknown Source:25)

06-25 16:18:44.377  1571  7294 I LSPosed-Bridge: 	at android.app.IActivityManager$Stub.onTransact(IActivityManager.java:664)

06-25 16:18:44.377  1571  7294 I LSPosed-Bridge: 	at com.android.server.am.ActivityManagerService.onTransact(ActivityManagerService.java:3346)

06-25 16:18:44.377  1571  7294 I LSPosed-Bridge: 	at android.os.Binder.execTransact(Binder.java:731)

06-25 16:18:44.410 10463 10769 I LSPosed-Bridge: 10463 PermLabel 10125; permName: android.permission.ACCESS_COARSE_LOCATION; getAllCellInfo res = [CellInfoWcdma:{mRegistered=NO mTimeStampType=oem_ril mTimeStamp=270158534114ns mCellConnectionStatus=0 CellIdentityWcdma:{ mLac=2011 mCid=13219378 mPsc=149 mUarfcn=10638 mMcc=466 mMnc=89 mAlphaLong=T Star mAlphaShort=T Star} CellSignalStrengthWcdma: ss=19 ber=99}, CellInfoWcdma:{mRegistered=NO mTimeStampType=oem_ril mTimeStamp=270158534114ns mCellConnectionStatus=0 CellIdentityWcdma:{ mLac=2147483647 mCid=2147483647 mPsc=46 mUarfcn=10638 mMcc=null mMnc=null mAlphaLong= mAlphaShort=} CellSignalStrengthWcdma: ss=17 ber=99}]; stacktrace=java.lang.Exception

06-25 16:18:44.410 10463 10769 I LSPosed-Bridge: 	at com.example.permlabel.hookLocationExtra_test$4.afterHookedMethod(hookLocationExtra_test.java:73)

06-25 16:18:44.410 10463 10769 I LSPosed-Bridge: 	at de.robv.android.xposed.XposedBridge$AdditionalHookInfo.callback(Unknown Source:147)

06-25 16:18:44.410 10463 10769 I LSPosed-Bridge: 	at LSPHooker_.getAllCellInfo(Unknown Source:8)

06-25 16:18:44.410 10463 10769 I LSPosed-Bridge: 	at com.loc.ea.p(Unknown Source:14)

06-25 16:18:44.410 10463 10769 I LSPosed-Bridge: 	at com.loc.ea.b(Unknown Source:70)

06-25 16:18:44.410 10463 10769 I LSPosed-Bridge: 	at com.loc.ea.a(Unknown Source:39)

06-25 16:18:44.410 10463 10769 I LSPosed-Bridge: 	at com.loc.dr.a(Unknown Source:206)

06-25 16:18:44.410 10463 10769 I LSPosed-Bridge: 	at com.loc.e.b(Unknown Source:165)

06-25 16:18:44.410 10463 10769 I LSPosed-Bridge: 	at com.loc.e$a.handleMessage(Unknown Source:379)

06-25 16:18:44.410 10463 10769 I LSPosed-Bridge: 	at android.os.Handler.dispatchMessage(Handler.java:106)

06-25 16:18:44.410 10463 10769 I LSPosed-Bridge: 	at android.os.Looper.loop(Looper.java:193)

06-25 16:18:44.410 10463 10769 I LSPosed-Bridge: 	at android.os.HandlerThread.run(HandlerThread.java:65)

06-25 16:18:44.410 10463 10769 I LSPosed-Bridge: 	at com.loc.e$b.run(Unknown Source:0)

06-25 16:18:44.416  1571  1866 I LSPosed-Bridge: 10463 PermLabel 10125 AMS.checkPermission: Binder.getCallingPid() = 1888; uid = 10125; Binder.getCallingUid() = 1001; getNameForUid: android.uid.phone:1001; getPackagesForUid: [com.qualcomm.qti.telephonyservice, com.qualcomm.qti.autoregistration, com.qualcomm.qti.networksetting, com.android.phone, com.qualcomm.simcontacts, com.qti.qualcomm.datastatusnotification, com.android.stk, com.qti.confuridialer, com.qti.qualcomm.deviceinfo, com.qualcomm.qti.callfeaturessetting, org.codeaurora.ims, com.qualcomm.qti.uim, com.android.providers.telephony, com.android.mms.service, com.qualcomm.qti.lpa, com.qualcomm.qcrilmsgtunnel, com.qualcomm.qti.ims, com.qti.xdivert]; permName: android.permission.ACCESS_COARSE_LOCATION; type = 1; res = 0; stacktrace=java.lang.Exception

06-25 16:18:44.416  1571  1866 I LSPosed-Bridge: 	at com.example.permlabel.requirePerm$1$2.afterHookedMethod(requirePerm.java:137)

06-25 16:18:44.416  1571  1866 I LSPosed-Bridge: 	at de.robv.android.xposed.XposedBridge$AdditionalHookInfo.callback(Unknown Source:147)

06-25 16:18:44.416  1571  1866 I LSPosed-Bridge: 	at LSPHooker_.checkPermission(Unknown Source:25)

06-25 16:18:44.416  1571  1866 I LSPosed-Bridge: 	at android.app.IActivityManager$Stub.onTransact(IActivityManager.java:664)

06-25 16:18:44.416  1571  1866 I LSPosed-Bridge: 	at com.android.server.am.ActivityManagerService.onTransact(ActivityManagerService.java:3346)

06-25 16:18:44.416  1571  1866 I LSPosed-Bridge: 	at android.os.Binder.execTransact(Binder.java:731)

06-25 16:18:44.434  1571  1866 I LSPosed-Bridge: 10463 PermLabel 10125 AMS.checkPermission: Binder.getCallingPid() = 1888; uid = 10125; Binder.getCallingUid() = 1001; getNameForUid: android.uid.phone:1001; getPackagesForUid: [com.qualcomm.qti.telephonyservice, com.qualcomm.qti.autoregistration, com.qualcomm.qti.networksetting, com.android.phone, com.qualcomm.simcontacts, com.qti.qualcomm.datastatusnotification, com.android.stk, com.qti.confuridialer, com.qti.qualcomm.deviceinfo, com.qualcomm.qti.callfeaturessetting, org.codeaurora.ims, com.qualcomm.qti.uim, com.android.providers.telephony, com.android.mms.service, com.qualcomm.qti.lpa, com.qualcomm.qcrilmsgtunnel, com.qualcomm.qti.ims, com.qti.xdivert]; permName: android.permission.ACCESS_COARSE_LOCATION; type = 1; res = 0; stacktrace=java.lang.Exception

06-25 16:18:44.434  1571  1866 I LSPosed-Bridge: 	at com.example.permlabel.requirePerm$1$2.afterHookedMethod(requirePerm.java:137)

06-25 16:18:44.434  1571  1866 I LSPosed-Bridge: 	at de.robv.android.xposed.XposedBridge$AdditionalHookInfo.callback(Unknown Source:147)

06-25 16:18:44.434  1571  1866 I LSPosed-Bridge: 	at LSPHooker_.checkPermission(Unknown Source:25)

06-25 16:18:44.434  1571  1866 I LSPosed-Bridge: 	at android.app.IActivityManager$Stub.onTransact(IActivityManager.java:664)

06-25 16:18:44.434  1571  1866 I LSPosed-Bridge: 	at com.android.server.am.ActivityManagerService.onTransact(ActivityManagerService.java:3346)

06-25 16:18:44.434  1571  1866 I LSPosed-Bridge: 	at android.os.Binder.execTransact(Binder.java:731)

06-25 16:18:44.434   554   554 I ConfigStore: android::hardware::configstore::V1_0::ISurfaceFlingerConfigs::hasHDRDisplay retrieved: 0

06-25 16:18:44.437 10463 10769 I LSPosed-Bridge: 10463 PermLabel 10125; permName: android.permission.ACCESS_COARSE_LOCATION; getAllCellInfo res = [CellInfoWcdma:{mRegistered=NO mTimeStampType=oem_ril mTimeStamp=270158534114ns mCellConnectionStatus=0 CellIdentityWcdma:{ mLac=2011 mCid=13219378 mPsc=149 mUarfcn=10638 mMcc=466 mMnc=89 mAlphaLong=T Star mAlphaShort=T Star} CellSignalStrengthWcdma: ss=19 ber=99}, CellInfoWcdma:{mRegistered=NO mTimeStampType=oem_ril mTimeStamp=270158534114ns mCellConnectionStatus=0 CellIdentityWcdma:{ mLac=2147483647 mCid=2147483647 mPsc=46 mUarfcn=10638 mMcc=null mMnc=null mAlphaLong= mAlphaShort=} CellSignalStrengthWcdma: ss=17 ber=99}]; stacktrace=java.lang.Exception

06-25 16:18:44.437 10463 10769 I LSPosed-Bridge: 	at com.example.permlabel.hookLocationExtra_test$4.afterHookedMethod(hookLocationExtra_test.java:73)

06-25 16:18:44.437 10463 10769 I LSPosed-Bridge: 	at de.robv.android.xposed.XposedBridge$AdditionalHookInfo.callback(Unknown Source:147)

06-25 16:18:44.437 10463 10769 I LSPosed-Bridge: 	at LSPHooker_.getAllCellInfo(Unknown Source:8)

06-25 16:18:44.437 10463 10769 I LSPosed-Bridge: 	at com.loc.ea.b(Unknown Source:187)

06-25 16:18:44.437 10463 10769 I LSPosed-Bridge: 	at com.loc.ea.a(Unknown Source:39)

06-25 16:18:44.437 10463 10769 I LSPosed-Bridge: 	at com.loc.dr.a(Unknown Source:206)

06-25 16:18:44.437 10463 10769 I LSPosed-Bridge: 	at com.loc.e.b(Unknown Source:165)

06-25 16:18:44.437 10463 10769 I LSPosed-Bridge: 	at com.loc.e$a.handleMessage(Unknown Source:379)

06-25 16:18:44.437 10463 10769 I LSPosed-Bridge: 	at android.os.Handler.dispatchMessage(Handler.java:106)

06-25 16:18:44.437 10463 10769 I LSPosed-Bridge: 	at android.os.Looper.loop(Looper.java:193)

06-25 16:18:44.437 10463 10769 I LSPosed-Bridge: 	at android.os.HandlerThread.run(HandlerThread.java:65)

06-25 16:18:44.437 10463 10769 I LSPosed-Bridge: 	at com.loc.e$b.run(Unknown Source:0)

06-25 16:18:56.392  1571  1866 I LSPosed-Bridge: 10463 PermLabel 10125 AMS.checkPermission: Binder.getCallingPid() = 1888; uid = 10125; Binder.getCallingUid() = 1001; getNameForUid: android.uid.phone:1001; getPackagesForUid: [com.qualcomm.qti.telephonyservice, com.qualcomm.qti.autoregistration, com.qualcomm.qti.networksetting, com.android.phone, com.qualcomm.simcontacts, com.qti.qualcomm.datastatusnotification, com.android.stk, com.qti.confuridialer, com.qti.qualcomm.deviceinfo, com.qualcomm.qti.callfeaturessetting, org.codeaurora.ims, com.qualcomm.qti.uim, com.android.providers.telephony, com.android.mms.service, com.qualcomm.qti.lpa, com.qualcomm.qcrilmsgtunnel, com.qualcomm.qti.ims, com.qti.xdivert]; permName: android.permission.ACCESS_COARSE_LOCATION; type = 1; res = 0; stacktrace=java.lang.Exception

06-25 16:18:56.392  1571  1866 I LSPosed-Bridge: 	at com.example.permlabel.requirePerm$1$2.afterHookedMethod(requirePerm.java:137)

06-25 16:18:56.392  1571  1866 I LSPosed-Bridge: 	at de.robv.android.xposed.XposedBridge$AdditionalHookInfo.callback(Unknown Source:147)

06-25 16:18:56.392  1571  1866 I LSPosed-Bridge: 	at LSPHooker_.checkPermission(Unknown Source:25)

06-25 16:18:56.392  1571  1866 I LSPosed-Bridge: 	at android.app.IActivityManager$Stub.onTransact(IActivityManager.java:664)

06-25 16:18:56.392  1571  1866 I LSPosed-Bridge: 	at com.android.server.am.ActivityManagerService.onTransact(ActivityManagerService.java:3346)

06-25 16:18:56.392  1571  1866 I LSPosed-Bridge: 	at android.os.Binder.execTransact(Binder.java:731)

06-25 16:18:56.423 10463 10769 I LSPosed-Bridge: 10463 PermLabel 10125; permName: android.permission.ACCESS_COARSE_LOCATION; getAllCellInfo res = [CellInfoWcdma:{mRegistered=NO mTimeStampType=oem_ril mTimeStamp=282173285203ns mCellConnectionStatus=0 CellIdentityWcdma:{ mLac=2011 mCid=13219378 mPsc=149 mUarfcn=10638 mMcc=466 mMnc=89 mAlphaLong=T Star mAlphaShort=T Star} CellSignalStrengthWcdma: ss=19 ber=99}, CellInfoWcdma:{mRegistered=NO mTimeStampType=oem_ril mTimeStamp=282173285203ns mCellConnectionStatus=0 CellIdentityWcdma:{ mLac=2147483647 mCid=2147483647 mPsc=46 mUarfcn=10638 mMcc=null mMnc=null mAlphaLong= mAlphaShort=} CellSignalStrengthWcdma: ss=17 ber=99}]; stacktrace=java.lang.Exception

06-25 16:18:56.423 10463 10769 I LSPosed-Bridge: 	at com.example.permlabel.hookLocationExtra_test$4.afterHookedMethod(hookLocationExtra_test.java:73)

06-25 16:18:56.423 10463 10769 I LSPosed-Bridge: 	at de.robv.android.xposed.XposedBridge$AdditionalHookInfo.callback(Unknown Source:147)

06-25 16:18:56.423 10463 10769 I LSPosed-Bridge: 	at LSPHooker_.getAllCellInfo(Unknown Source:8)

06-25 16:18:56.423 10463 10769 I LSPosed-Bridge: 	at com.loc.ea.p(Unknown Source:14)

06-25 16:18:56.423 10463 10769 I LSPosed-Bridge: 	at com.loc.ea.b(Unknown Source:70)

06-25 16:18:56.423 10463 10769 I LSPosed-Bridge: 	at com.loc.ea.a(Unknown Source:39)

06-25 16:18:56.423 10463 10769 I LSPosed-Bridge: 	at com.loc.dr.a(Unknown Source:206)

06-25 16:18:56.423 10463 10769 I LSPosed-Bridge: 	at com.loc.e.b(Unknown Source:165)

06-25 16:18:56.423 10463 10769 I LSPosed-Bridge: 	at com.loc.e$a.handleMessage(Unknown Source:379)

06-25 16:18:56.423 10463 10769 I LSPosed-Bridge: 	at android.os.Handler.dispatchMessage(Handler.java:106)

06-25 16:18:56.423 10463 10769 I LSPosed-Bridge: 	at android.os.Looper.loop(Looper.java:193)

06-25 16:18:56.423 10463 10769 I LSPosed-Bridge: 	at android.os.HandlerThread.run(HandlerThread.java:65)

06-25 16:18:56.423 10463 10769 I LSPosed-Bridge: 	at com.loc.e$b.run(Unknown Source:0)

06-25 16:18:56.427  1571  7294 I LSPosed-Bridge: 10463 PermLabel 10125 AMS.checkPermission: Binder.getCallingPid() = 1888; uid = 10125; Binder.getCallingUid() = 1001; getNameForUid: android.uid.phone:1001; getPackagesForUid: [com.qualcomm.qti.telephonyservice, com.qualcomm.qti.autoregistration, com.qualcomm.qti.networksetting, com.android.phone, com.qualcomm.simcontacts, com.qti.qualcomm.datastatusnotification, com.android.stk, com.qti.confuridialer, com.qti.qualcomm.deviceinfo, com.qualcomm.qti.callfeaturessetting, org.codeaurora.ims, com.qualcomm.qti.uim, com.android.providers.telephony, com.android.mms.service, com.qualcomm.qti.lpa, com.qualcomm.qcrilmsgtunnel, com.qualcomm.qti.ims, com.qti.xdivert]; permName: android.permission.ACCESS_COARSE_LOCATION; type = 1; res = 0; stacktrace=java.lang.Exception

06-25 16:18:56.427  1571  7294 I LSPosed-Bridge: 	at com.example.permlabel.requirePerm$1$2.afterHookedMethod(requirePerm.java:137)

06-25 16:18:56.427  1571  7294 I LSPosed-Bridge: 	at de.robv.android.xposed.XposedBridge$AdditionalHookInfo.callback(Unknown Source:147)

06-25 16:18:56.427  1571  7294 I LSPosed-Bridge: 	at LSPHooker_.checkPermission(Unknown Source:25)

06-25 16:18:56.427  1571  7294 I LSPosed-Bridge: 	at android.app.IActivityManager$Stub.onTransact(IActivityManager.java:664)

06-25 16:18:56.427  1571  7294 I LSPosed-Bridge: 	at com.android.server.am.ActivityManagerService.onTransact(ActivityManagerService.java:3346)

06-25 16:18:56.427  1571  7294 I LSPosed-Bridge: 	at android.os.Binder.execTransact(Binder.java:731)

06-25 16:18:56.446  1571  2883 I LSPosed-Bridge: 10463 PermLabel 10125 AMS.checkPermission: Binder.getCallingPid() = 1888; uid = 10125; Binder.getCallingUid() = 1001; getNameForUid: android.uid.phone:1001; getPackagesForUid: [com.qualcomm.qti.telephonyservice, com.qualcomm.qti.autoregistration, com.qualcomm.qti.networksetting, com.android.phone, com.qualcomm.simcontacts, com.qti.qualcomm.datastatusnotification, com.android.stk, com.qti.confuridialer, com.qti.qualcomm.deviceinfo, com.qualcomm.qti.callfeaturessetting, org.codeaurora.ims, com.qualcomm.qti.uim, com.android.providers.telephony, com.android.mms.service, com.qualcomm.qti.lpa, com.qualcomm.qcrilmsgtunnel, com.qualcomm.qti.ims, com.qti.xdivert]; permName: android.permission.ACCESS_COARSE_LOCATION; type = 1; res = 0; stacktrace=java.lang.Exception

06-25 16:18:56.446  1571  2883 I LSPosed-Bridge: 	at com.example.permlabel.requirePerm$1$2.afterHookedMethod(requirePerm.java:137)

06-25 16:18:56.446  1571  2883 I LSPosed-Bridge: 	at de.robv.android.xposed.XposedBridge$AdditionalHookInfo.callback(Unknown Source:147)

06-25 16:18:56.446  1571  2883 I LSPosed-Bridge: 	at LSPHooker_.checkPermission(Unknown Source:25)

06-25 16:18:56.446  1571  2883 I LSPosed-Bridge: 	at android.app.IActivityManager$Stub.onTransact(IActivityManager.java:664)

06-25 16:18:56.446  1571  2883 I LSPosed-Bridge: 	at com.android.server.am.ActivityManagerService.onTransact(ActivityManagerService.java:3346)

06-25 16:18:56.446  1571  2883 I LSPosed-Bridge: 	at android.os.Binder.execTransact(Binder.java:731)

06-25 16:18:56.450   554   554 I ConfigStore: android::hardware::configstore::V1_0::ISurfaceFlingerConfigs::hasHDRDisplay retrieved: 0

06-25 16:18:56.450 10463 10769 I LSPosed-Bridge: 10463 PermLabel 10125; permName: android.permission.ACCESS_COARSE_LOCATION; getAllCellInfo res = [CellInfoWcdma:{mRegistered=NO mTimeStampType=oem_ril mTimeStamp=282173285203ns mCellConnectionStatus=0 CellIdentityWcdma:{ mLac=2011 mCid=13219378 mPsc=149 mUarfcn=10638 mMcc=466 mMnc=89 mAlphaLong=T Star mAlphaShort=T Star} CellSignalStrengthWcdma: ss=19 ber=99}, CellInfoWcdma:{mRegistered=NO mTimeStampType=oem_ril mTimeStamp=282173285203ns mCellConnectionStatus=0 CellIdentityWcdma:{ mLac=2147483647 mCid=2147483647 mPsc=46 mUarfcn=10638 mMcc=null mMnc=null mAlphaLong= mAlphaShort=} CellSignalStrengthWcdma: ss=17 ber=99}]; stacktrace=java.lang.Exception

06-25 16:18:56.450 10463 10769 I LSPosed-Bridge: 	at com.example.permlabel.hookLocationExtra_test$4.afterHookedMethod(hookLocationExtra_test.java:73)

06-25 16:18:56.450 10463 10769 I LSPosed-Bridge: 	at de.robv.android.xposed.XposedBridge$AdditionalHookInfo.callback(Unknown Source:147)

06-25 16:18:56.450 10463 10769 I LSPosed-Bridge: 	at LSPHooker_.getAllCellInfo(Unknown Source:8)

06-25 16:18:56.450 10463 10769 I LSPosed-Bridge: 	at com.loc.ea.b(Unknown Source:187)

06-25 16:18:56.450 10463 10769 I LSPosed-Bridge: 	at com.loc.ea.a(Unknown Source:39)

06-25 16:18:56.450 10463 10769 I LSPosed-Bridge: 	at com.loc.dr.a(Unknown Source:206)

06-25 16:18:56.450 10463 10769 I LSPosed-Bridge: 	at com.loc.e.b(Unknown Source:165)

06-25 16:18:56.450 10463 10769 I LSPosed-Bridge: 	at com.loc.e$a.handleMessage(Unknown Source:379)

06-25 16:18:56.450 10463 10769 I LSPosed-Bridge: 	at android.os.Handler.dispatchMessage(Handler.java:106)

06-25 16:18:56.450 10463 10769 I LSPosed-Bridge: 	at android.os.Looper.loop(Looper.java:193)

06-25 16:18:56.450 10463 10769 I LSPosed-Bridge: 	at android.os.HandlerThread.run(HandlerThread.java:65)

06-25 16:18:56.450 10463 10769 I LSPosed-Bridge: 	at com.loc.e$b.run(Unknown Source:0)

06-25 16:19:08.409  1571  1866 I LSPosed-Bridge: 10463 PermLabel 10125 AMS.checkPermission: Binder.getCallingPid() = 1888; uid = 10125; Binder.getCallingUid() = 1001; getNameForUid: android.uid.phone:1001; getPackagesForUid: [com.qualcomm.qti.telephonyservice, com.qualcomm.qti.autoregistration, com.qualcomm.qti.networksetting, com.android.phone, com.qualcomm.simcontacts, com.qti.qualcomm.datastatusnotification, com.android.stk, com.qti.confuridialer, com.qti.qualcomm.deviceinfo, com.qualcomm.qti.callfeaturessetting, org.codeaurora.ims, com.qualcomm.qti.uim, com.android.providers.telephony, com.android.mms.service, com.qualcomm.qti.lpa, com.qualcomm.qcrilmsgtunnel, com.qualcomm.qti.ims, com.qti.xdivert]; permName: android.permission.ACCESS_COARSE_LOCATION; type = 1; res = 0; stacktrace=java.lang.Exception

