06-25 16:16:29.965   554   554 I ConfigStore: android::hardware::configstore::V1_0::ISurfaceFlingerConfigs::hasHDRDisplay retrieved: 0

06-25 16:16:29.965 10463 10769 I LSPosed-Bridge: 10463 PermLabel 10125; permName: android.permission.ACCESS_COARSE_LOCATION; getAllCellInfo res = null; stacktrace=java.lang.Exception

06-25 16:16:29.965 10463 10769 I LSPosed-Bridge: 	at com.example.permlabel.hookLocationExtra_test$4.afterHookedMethod(hookLocationExtra_test.java:73)

06-25 16:16:29.965 10463 10769 I LSPosed-Bridge: 	at de.robv.android.xposed.XposedBridge$AdditionalHookInfo.callback(Unknown Source:147)

06-25 16:16:29.965 10463 10769 I LSPosed-Bridge: 	at LSPHooker_.getAllCellInfo(Unknown Source:8)

06-25 16:16:29.965 10463 10769 I LSPosed-Bridge: 	at com.loc.ea.b(Unknown Source:187)

06-25 16:16:29.965 10463 10769 I LSPosed-Bridge: 	at com.loc.ea.a(Unknown Source:39)

06-25 16:16:29.965 10463 10769 I LSPosed-Bridge: 	at com.loc.dr.a(Unknown Source:206)

06-25 16:16:29.965 10463 10769 I LSPosed-Bridge: 	at com.loc.e.b(Unknown Source:165)

06-25 16:16:29.965 10463 10769 I LSPosed-Bridge: 	at com.loc.e$a.handleMessage(Unknown Source:379)

06-25 16:16:29.965 10463 10769 I LSPosed-Bridge: 	at android.os.Handler.dispatchMessage(Handler.java:106)

06-25 16:16:29.965 10463 10769 I LSPosed-Bridge: 	at android.os.Looper.loop(Looper.java:193)

06-25 16:16:29.965 10463 10769 I LSPosed-Bridge: 	at android.os.HandlerThread.run(HandlerThread.java:65)

06-25 16:16:29.965 10463 10769 I LSPosed-Bridge: 	at com.loc.e$b.run(Unknown Source:0)

06-25 16:16:29.972 10463 10769 I LSPosed-Bridge: 10463 PermLabel 10125 ContextImpl.checkPermission: pid = 10463; uid = 10125; permName: android.permission.ACCESS_COARSE_LOCATION; type = 1; res = -1; stacktrace=java.lang.Exception

06-25 16:16:29.972 10463 10769 I LSPosed-Bridge: 	at com.example.permlabel.requestPerm$2.afterHookedMethod(requestPerm.java:216)

06-25 16:16:29.972 10463 10769 I LSPosed-Bridge: 	at de.robv.android.xposed.XposedBridge$AdditionalHookInfo.callback(Unknown Source:147)

06-25 16:16:29.972 10463 10769 I LSPosed-Bridge: 	at LSPHooker_.checkPermission(Unknown Source:25)

06-25 16:16:29.972 10463 10769 I LSPosed-Bridge: 	at android.app.ContextImpl.checkSelfPermission(ContextImpl.java:1801)

06-25 16:16:29.972 10463 10769 I LSPosed-Bridge: 	at java.lang.reflect.Method.invoke(Native Method)

06-25 16:16:29.972 10463 10769 I LSPosed-Bridge: 	at com.loc.eq.a(Unknown Source:63)

06-25 16:16:29.972 10463 10769 I LSPosed-Bridge: 	at com.loc.eq.a(Unknown Source:4)

06-25 16:16:29.972 10463 10769 I LSPosed-Bridge: 	at com.loc.eq.b(Unknown Source:0)

06-25 16:16:29.972 10463 10769 I LSPosed-Bridge: 	at com.loc.et.f(Unknown Source:36)

06-25 16:16:29.972 10463 10769 I LSPosed-Bridge: 	at com.loc.dr.c(Unknown Source:157)

06-25 16:16:29.972 10463 10769 I LSPosed-Bridge: 	at com.loc.dr.a(Unknown Source:216)

06-25 16:16:29.972 10463 10769 I LSPosed-Bridge: 	at com.loc.e.b(Unknown Source:165)

06-25 16:16:29.972 10463 10769 I LSPosed-Bridge: 	at com.loc.e$a.handleMessage(Unknown Source:379)

06-25 16:16:29.972 10463 10769 I LSPosed-Bridge: 	at android.os.Handler.dispatchMessage(Handler.java:106)

06-25 16:16:29.972 10463 10769 I LSPosed-Bridge: 	at android.os.Looper.loop(Looper.java:193)

06-25 16:16:29.972 10463 10769 I LSPosed-Bridge: 	at android.os.HandlerThread.run(HandlerThread.java:65)

06-25 16:16:29.972 10463 10769 I LSPosed-Bridge: 	at com.loc.e$b.run(Unknown Source:0)

06-25 16:16:30.895  1571  5698 I LSPosed-Bridge: 10463 PermLabel 10125 AMS.checkPermission: Binder.getCallingPid() = 1888; uid = 10125; Binder.getCallingUid() = 1001; getNameForUid: android.uid.phone:1001; getPackagesForUid: [com.qualcomm.qti.telephonyservice, com.qualcomm.qti.autoregistration, com.qualcomm.qti.networksetting, com.android.phone, com.qualcomm.simcontacts, com.qti.qualcomm.datastatusnotification, com.android.stk, com.qti.confuridialer, com.qti.qualcomm.deviceinfo, com.qualcomm.qti.callfeaturessetting, org.codeaurora.ims, com.qualcomm.qti.uim, com.android.providers.telephony, com.android.mms.service, com.qualcomm.qti.lpa, com.qualcomm.qcrilmsgtunnel, com.qualcomm.qti.ims, com.qti.xdivert]; permName: android.permission.ACCESS_COARSE_LOCATION; type = 1; res = -1; stacktrace=java.lang.Exception

06-25 16:16:30.895  1571  5698 I LSPosed-Bridge: 	at com.example.permlabel.requirePerm$1$2.afterHookedMethod(requirePerm.java:137)

06-25 16:16:30.895  1571  5698 I LSPosed-Bridge: 	at de.robv.android.xposed.XposedBridge$AdditionalHookInfo.callback(Unknown Source:147)

06-25 16:16:30.895  1571  5698 I LSPosed-Bridge: 	at LSPHooker_.checkPermission(Unknown Source:25)

06-25 16:16:30.895  1571  5698 I LSPosed-Bridge: 	at android.app.IActivityManager$Stub.onTransact(IActivityManager.java:664)

06-25 16:16:30.895  1571  5698 I LSPosed-Bridge: 	at com.android.server.am.ActivityManagerService.onTransact(ActivityManagerService.java:3346)

06-25 16:16:30.895  1571  5698 I LSPosed-Bridge: 	at android.os.Binder.execTransact(Binder.java:731)

06-25 16:16:30.899 10463 10769 I LSPosed-Bridge: 10463 PermLabel 10125; permName: android.permission.ACCESS_COARSE_LOCATION; getAllCellInfo res = null; stacktrace=java.lang.Exception

06-25 16:16:30.899 10463 10769 I LSPosed-Bridge: 	at com.example.permlabel.hookLocationExtra_test$4.afterHookedMethod(hookLocationExtra_test.java:73)

06-25 16:16:30.899 10463 10769 I LSPosed-Bridge: 	at de.robv.android.xposed.XposedBridge$AdditionalHookInfo.callback(Unknown Source:147)

06-25 16:16:30.899 10463 10769 I LSPosed-Bridge: 	at LSPHooker_.getAllCellInfo(Unknown Source:8)

06-25 16:16:30.899 10463 10769 I LSPosed-Bridge: 	at com.loc.ea.p(Unknown Source:14)

06-25 16:16:30.899 10463 10769 I LSPosed-Bridge: 	at com.loc.ea.b(Unknown Source:70)

06-25 16:16:30.899 10463 10769 I LSPosed-Bridge: 	at com.loc.ea.a(Unknown Source:39)

06-25 16:16:30.899 10463 10769 I LSPosed-Bridge: 	at com.loc.dr.a(Unknown Source:206)

06-25 16:16:30.899 10463 10769 I LSPosed-Bridge: 	at com.loc.e.b(Unknown Source:165)

06-25 16:16:30.899 10463 10769 I LSPosed-Bridge: 	at com.loc.e$a.handleMessage(Unknown Source:379)

06-25 16:16:30.899 10463 10769 I LSPosed-Bridge: 	at android.os.Handler.dispatchMessage(Handler.java:106)

06-25 16:16:30.899 10463 10769 I LSPosed-Bridge: 	at android.os.Looper.loop(Looper.java:193)

06-25 16:16:30.899 10463 10769 I LSPosed-Bridge: 	at android.os.HandlerThread.run(HandlerThread.java:65)

06-25 16:16:30.899 10463 10769 I LSPosed-Bridge: 	at com.loc.e$b.run(Unknown Source:0)

06-25 16:16:30.905  1571  2884 I LSPosed-Bridge: 10463 PermLabel 10125 AMS.checkPermission: Binder.getCallingPid() = 1888; uid = 10125; Binder.getCallingUid() = 1001; getNameForUid: android.uid.phone:1001; getPackagesForUid: [com.qualcomm.qti.telephonyservice, com.qualcomm.qti.autoregistration, com.qualcomm.qti.networksetting, com.android.phone, com.qualcomm.simcontacts, com.qti.qualcomm.datastatusnotification, com.android.stk, com.qti.confuridialer, com.qti.qualcomm.deviceinfo, com.qualcomm.qti.callfeaturessetting, org.codeaurora.ims, com.qualcomm.qti.uim, com.android.providers.telephony, com.android.mms.service, com.qualcomm.qti.lpa, com.qualcomm.qcrilmsgtunnel, com.qualcomm.qti.ims, com.qti.xdivert]; permName: android.permission.ACCESS_COARSE_LOCATION; type = 1; res = -1; stacktrace=java.lang.Exception

06-25 16:16:30.905  1571  2884 I LSPosed-Bridge: 	at com.example.permlabel.requirePerm$1$2.afterHookedMethod(requirePerm.java:137)

06-25 16:16:30.905  1571  2884 I LSPosed-Bridge: 	at de.robv.android.xposed.XposedBridge$AdditionalHookInfo.callback(Unknown Source:147)

06-25 16:16:30.905  1571  2884 I LSPosed-Bridge: 	at LSPHooker_.checkPermission(Unknown Source:25)

06-25 16:16:30.905  1571  2884 I LSPosed-Bridge: 	at android.app.IActivityManager$Stub.onTransact(IActivityManager.java:664)

06-25 16:16:30.905  1571  2884 I LSPosed-Bridge: 	at com.android.server.am.ActivityManagerService.onTransact(ActivityManagerService.java:3346)

06-25 16:16:30.905  1571  2884 I LSPosed-Bridge: 	at android.os.Binder.execTransact(Binder.java:731)

06-25 16:16:30.910 10463 10769 I LSPosed-Bridge: 10463 PermLabel 10125; permName: android.permission.ACCESS_COARSE_LOCATION; getCellLocation res = null; stacktrace=java.lang.Exception

06-25 16:16:30.910 10463 10769 I LSPosed-Bridge: 	at com.example.permlabel.hookLocationExtra_test$3.afterHookedMethod(hookLocationExtra_test.java:66)

06-25 16:16:30.910 10463 10769 I LSPosed-Bridge: 	at de.robv.android.xposed.XposedBridge$AdditionalHookInfo.callback(Unknown Source:147)

06-25 16:16:30.910 10463 10769 I LSPosed-Bridge: 	at LSPHooker_.getCellLocation(Unknown Source:8)

06-25 16:16:30.910 10463 10769 I LSPosed-Bridge: 	at com.loc.ea.n(Unknown Source:5)

06-25 16:16:30.910 10463 10769 I LSPosed-Bridge: 	at com.loc.ea.p(Unknown Source:33)

06-25 16:16:30.910 10463 10769 I LSPosed-Bridge: 	at com.loc.ea.b(Unknown Source:70)

06-25 16:16:30.910 10463 10769 I LSPosed-Bridge: 	at com.loc.ea.a(Unknown Source:39)

06-25 16:16:30.910 10463 10769 I LSPosed-Bridge: 	at com.loc.dr.a(Unknown Source:206)

06-25 16:16:30.910 10463 10769 I LSPosed-Bridge: 	at com.loc.e.b(Unknown Source:165)

06-25 16:16:30.910 10463 10769 I LSPosed-Bridge: 	at com.loc.e$a.handleMessage(Unknown Source:379)

06-25 16:16:30.910 10463 10769 I LSPosed-Bridge: 	at android.os.Handler.dispatchMessage(Handler.java:106)

06-25 16:16:30.910 10463 10769 I LSPosed-Bridge: 	at android.os.Looper.loop(Looper.java:193)

06-25 16:16:30.910 10463 10769 I LSPosed-Bridge: 	at android.os.HandlerThread.run(HandlerThread.java:65)

06-25 16:16:30.910 10463 10769 I LSPosed-Bridge: 	at com.loc.e$b.run(Unknown Source:0)

06-25 16:16:30.916  1571  2884 I LSPosed-Bridge: 10463 PermLabel 10125 AMS.checkPermission: Binder.getCallingPid() = 1888; uid = 10125; Binder.getCallingUid() = 1001; getNameForUid: android.uid.phone:1001; getPackagesForUid: [com.qualcomm.qti.telephonyservice, com.qualcomm.qti.autoregistration, com.qualcomm.qti.networksetting, com.android.phone, com.qualcomm.simcontacts, com.qti.qualcomm.datastatusnotification, com.android.stk, com.qti.confuridialer, com.qti.qualcomm.deviceinfo, com.qualcomm.qti.callfeaturessetting, org.codeaurora.ims, com.qualcomm.qti.uim, com.android.providers.telephony, com.android.mms.service, com.qualcomm.qti.lpa, com.qualcomm.qcrilmsgtunnel, com.qualcomm.qti.ims, com.qti.xdivert]; permName: android.permission.ACCESS_COARSE_LOCATION; type = 1; res = -1; stacktrace=java.lang.Exception

06-25 16:16:30.916  1571  2884 I LSPosed-Bridge: 	at com.example.permlabel.requirePerm$1$2.afterHookedMethod(requirePerm.java:137)

06-25 16:16:30.916  1571  2884 I LSPosed-Bridge: 	at de.robv.android.xposed.XposedBridge$AdditionalHookInfo.callback(Unknown Source:147)

06-25 16:16:30.916  1571  2884 I LSPosed-Bridge: 	at LSPHooker_.checkPermission(Unknown Source:25)

06-25 16:16:30.916  1571  2884 I LSPosed-Bridge: 	at android.app.IActivityManager$Stub.onTransact(IActivityManager.java:664)

06-25 16:16:30.916  1571  2884 I LSPosed-Bridge: 	at com.android.server.am.ActivityManagerService.onTransact(ActivityManagerService.java:3346)

06-25 16:16:30.916  1571  2884 I LSPosed-Bridge: 	at android.os.Binder.execTransact(Binder.java:731)

06-25 16:16:30.918 10463 10769 I LSPosed-Bridge: 10463 PermLabel 10125; permName: android.permission.ACCESS_COARSE_LOCATION; getAllCellInfo res = null; stacktrace=java.lang.Exception

06-25 16:16:30.918 10463 10769 I LSPosed-Bridge: 	at com.example.permlabel.hookLocationExtra_test$4.afterHookedMethod(hookLocationExtra_test.java:73)

06-25 16:16:30.918 10463 10769 I LSPosed-Bridge: 	at de.robv.android.xposed.XposedBridge$AdditionalHookInfo.callback(Unknown Source:147)

06-25 16:16:30.918 10463 10769 I LSPosed-Bridge: 	at LSPHooker_.getAllCellInfo(Unknown Source:8)

06-25 16:16:30.918 10463 10769 I LSPosed-Bridge: 	at com.loc.ea.b(Unknown Source:187)

06-25 16:16:30.918 10463 10769 I LSPosed-Bridge: 	at com.loc.ea.a(Unknown Source:39)

06-25 16:16:30.918 10463 10769 I LSPosed-Bridge: 	at com.loc.dr.a(Unknown Source:206)

06-25 16:16:30.918 10463 10769 I LSPosed-Bridge: 	at com.loc.e.b(Unknown Source:165)

06-25 16:16:30.918 10463 10769 I LSPosed-Bridge: 	at com.loc.e$a.handleMessage(Unknown Source:379)

06-25 16:16:30.918 10463 10769 I LSPosed-Bridge: 	at android.os.Handler.dispatchMessage(Handler.java:106)

06-25 16:16:30.918 10463 10769 I LSPosed-Bridge: 	at android.os.Looper.loop(Looper.java:193)

06-25 16:16:30.918 10463 10769 I LSPosed-Bridge: 	at android.os.HandlerThread.run(HandlerThread.java:65)

06-25 16:16:30.918 10463 10769 I LSPosed-Bridge: 	at com.loc.e$b.run(Unknown Source:0)

06-25 16:16:30.923 10463 10769 I LSPosed-Bridge: 10463 PermLabel 10125 ContextImpl.checkPermission: pid = 10463; uid = 10125; permName: android.permission.ACCESS_COARSE_LOCATION; type = 1; res = -1; stacktrace=java.lang.Exception

06-25 16:16:30.923 10463 10769 I LSPosed-Bridge: 	at com.example.permlabel.requestPerm$2.afterHookedMethod(requestPerm.java:216)

06-25 16:16:30.923 10463 10769 I LSPosed-Bridge: 	at de.robv.android.xposed.XposedBridge$AdditionalHookInfo.callback(Unknown Source:147)

06-25 16:16:30.923 10463 10769 I LSPosed-Bridge: 	at LSPHooker_.checkPermission(Unknown Source:25)

06-25 16:16:30.923 10463 10769 I LSPosed-Bridge: 	at android.app.ContextImpl.checkSelfPermission(ContextImpl.java:1801)

06-25 16:16:30.923 10463 10769 I LSPosed-Bridge: 	at java.lang.reflect.Method.invoke(Native Method)

06-25 16:16:30.923 10463 10769 I LSPosed-Bridge: 	at com.loc.eq.a(Unknown Source:63)

06-25 16:16:30.923 10463 10769 I LSPosed-Bridge: 	at com.loc.eq.a(Unknown Source:4)

06-25 16:16:30.923 10463 10769 I LSPosed-Bridge: 	at com.loc.eq.b(Unknown Source:0)

06-25 16:16:30.923 10463 10769 I LSPosed-Bridge: 	at com.loc.et.f(Unknown Source:36)

06-25 16:16:30.923 10463 10769 I LSPosed-Bridge: 	at com.loc.dr.c(Unknown Source:157)

06-25 16:16:30.923 10463 10769 I LSPosed-Bridge: 	at com.loc.dr.a(Unknown Source:216)

06-25 16:16:30.923 10463 10769 I LSPosed-Bridge: 	at com.loc.e.b(Unknown Source:165)

06-25 16:16:30.923 10463 10769 I LSPosed-Bridge: 	at com.loc.e$a.handleMessage(Unknown Source:379)

06-25 16:16:30.923 10463 10769 I LSPosed-Bridge: 	at android.os.Handler.dispatchMessage(Handler.java:106)

06-25 16:16:30.923 10463 10769 I LSPosed-Bridge: 	at android.os.Looper.loop(Looper.java:193)

06-25 16:16:30.923 10463 10769 I LSPosed-Bridge: 	at android.os.HandlerThread.run(HandlerThread.java:65)

06-25 16:16:30.923 10463 10769 I LSPosed-Bridge: 	at com.loc.e$b.run(Unknown Source:0)

06-25 16:16:31.957  1571  5698 I LSPosed-Bridge: 10463 PermLabel 10125 AMS.checkPermission: Binder.getCallingPid() = 1888; uid = 10125; Binder.getCallingUid() = 1001; getNameForUid: android.uid.phone:1001; getPackagesForUid: [com.qualcomm.qti.telephonyservice, com.qualcomm.qti.autoregistration, com.qualcomm.qti.networksetting, com.android.phone, com.qualcomm.simcontacts, com.qti.qualcomm.datastatusnotification, com.android.stk, com.qti.confuridialer, com.qti.qualcomm.deviceinfo, com.qualcomm.qti.callfeaturessetting, org.codeaurora.ims, com.qualcomm.qti.uim, com.android.providers.telephony, com.android.mms.service, com.qualcomm.qti.lpa, com.qualcomm.qcrilmsgtunnel, com.qualcomm.qti.ims, com.qti.xdivert]; permName: android.permission.ACCESS_COARSE_LOCATION; type = 1; res = -1; stacktrace=java.lang.Exception

06-25 16:16:31.957  1571  5698 I LSPosed-Bridge: 	at com.example.permlabel.requirePerm$1$2.afterHookedMethod(requirePerm.java:137)

06-25 16:16:31.957  1571  5698 I LSPosed-Bridge: 	at de.robv.android.xposed.XposedBridge$AdditionalHookInfo.callback(Unknown Source:147)

06-25 16:16:31.957  1571  5698 I LSPosed-Bridge: 	at LSPHooker_.checkPermission(Unknown Source:25)

06-25 16:16:31.957  1571  5698 I LSPosed-Bridge: 	at android.app.IActivityManager$Stub.onTransact(IActivityManager.java:664)

06-25 16:16:31.957  1571  5698 I LSPosed-Bridge: 	at com.android.server.am.ActivityManagerService.onTransact(ActivityManagerService.java:3346)

06-25 16:16:31.957  1571  5698 I LSPosed-Bridge: 	at android.os.Binder.execTransact(Binder.java:731)

06-25 16:16:31.962 10463 10769 I LSPosed-Bridge: 10463 PermLabel 10125; permName: android.permission.ACCESS_COARSE_LOCATION; getAllCellInfo res = null; stacktrace=java.lang.Exception

06-25 16:16:31.962 10463 10769 I LSPosed-Bridge: 	at com.example.permlabel.hookLocationExtra_test$4.afterHookedMethod(hookLocationExtra_test.java:73)

06-25 16:16:31.962 10463 10769 I LSPosed-Bridge: 	at de.robv.android.xposed.XposedBridge$AdditionalHookInfo.callback(Unknown Source:147)

06-25 16:16:31.962 10463 10769 I LSPosed-Bridge: 	at LSPHooker_.getAllCellInfo(Unknown Source:8)

06-25 16:16:31.962 10463 10769 I LSPosed-Bridge: 	at com.loc.ea.p(Unknown Source:14)

06-25 16:16:31.962 10463 10769 I LSPosed-Bridge: 	at com.loc.ea.b(Unknown Source:70)

06-25 16:16:31.962 10463 10769 I LSPosed-Bridge: 	at com.loc.ea.a(Unknown Source:39)

06-25 16:16:31.962 10463 10769 I LSPosed-Bridge: 	at com.loc.dr.a(Unknown Source:206)

06-25 16:16:31.962 10463 10769 I LSPosed-Bridge: 	at com.loc.e.b(Unknown Source:165)

06-25 16:16:31.962 10463 10769 I LSPosed-Bridge: 	at com.loc.e$a.handleMessage(Unknown Source:379)

06-25 16:16:31.962 10463 10769 I LSPosed-Bridge: 	at android.os.Handler.dispatchMessage(Handler.java:106)

06-25 16:16:31.962 10463 10769 I LSPosed-Bridge: 	at android.os.Looper.loop(Looper.java:193)

06-25 16:16:31.962 10463 10769 I LSPosed-Bridge: 	at android.os.HandlerThread.run(HandlerThread.java:65)

06-25 16:16:31.962 10463 10769 I LSPosed-Bridge: 	at com.loc.e$b.run(Unknown Source:0)

06-25 16:16:31.966  1571  5698 I LSPosed-Bridge: 10463 PermLabel 10125 AMS.checkPermission: Binder.getCallingPid() = 1888; uid = 10125; Binder.getCallingUid() = 1001; getNameForUid: android.uid.phone:1001; getPackagesForUid: [com.qualcomm.qti.telephonyservice, com.qualcomm.qti.autoregistration, com.qualcomm.qti.networksetting, com.android.phone, com.qualcomm.simcontacts, com.qti.qualcomm.datastatusnotification, com.android.stk, com.qti.confuridialer, com.qti.qualcomm.deviceinfo, com.qualcomm.qti.callfeaturessetting, org.codeaurora.ims, com.qualcomm.qti.uim, com.android.providers.telephony, com.android.mms.service, com.qualcomm.qti.lpa, com.qualcomm.qcrilmsgtunnel, com.qualcomm.qti.ims, com.qti.xdivert]; permName: android.permission.ACCESS_COARSE_LOCATION; type = 1; res = -1; stacktrace=java.lang.Exception

06-25 16:16:31.966  1571  5698 I LSPosed-Bridge: 	at com.example.permlabel.requirePerm$1$2.afterHookedMethod(requirePerm.java:137)

06-25 16:16:31.966  1571  5698 I LSPosed-Bridge: 	at de.robv.android.xposed.XposedBridge$AdditionalHookInfo.callback(Unknown Source:147)

06-25 16:16:31.966  1571  5698 I LSPosed-Bridge: 	at LSPHooker_.checkPermission(Unknown Source:25)

06-25 16:16:31.966  1571  5698 I LSPosed-Bridge: 	at android.app.IActivityManager$Stub.onTransact(IActivityManager.java:664)

06-25 16:16:31.966  1571  5698 I LSPosed-Bridge: 	at com.android.server.am.ActivityManagerService.onTransact(ActivityManagerService.java:3346)

06-25 16:16:31.966  1571  5698 I LSPosed-Bridge: 	at android.os.Binder.execTransact(Binder.java:731)

06-25 16:16:31.970 10463 10769 I LSPosed-Bridge: 10463 PermLabel 10125; permName: android.permission.ACCESS_COARSE_LOCATION; getCellLocation res = null; stacktrace=java.lang.Exception

06-25 16:16:31.970 10463 10769 I LSPosed-Bridge: 	at com.example.permlabel.hookLocationExtra_test$3.afterHookedMethod(hookLocationExtra_test.java:66)

06-25 16:16:31.970 10463 10769 I LSPosed-Bridge: 	at de.robv.android.xposed.XposedBridge$AdditionalHookInfo.callback(Unknown Source:147)

06-25 16:16:31.970 10463 10769 I LSPosed-Bridge: 	at LSPHooker_.getCellLocation(Unknown Source:8)

06-25 16:16:31.970 10463 10769 I LSPosed-Bridge: 	at com.loc.ea.n(Unknown Source:5)

06-25 16:16:31.970 10463 10769 I LSPosed-Bridge: 	at com.loc.ea.p(Unknown Source:33)

06-25 16:16:31.970 10463 10769 I LSPosed-Bridge: 	at com.loc.ea.b(Unknown Source:70)

06-25 16:16:31.970 10463 10769 I LSPosed-Bridge: 	at com.loc.ea.a(Unknown Source:39)

06-25 16:16:31.970 10463 10769 I LSPosed-Bridge: 	at com.loc.dr.a(Unknown Source:206)

06-25 16:16:31.970 10463 10769 I LSPosed-Bridge: 	at com.loc.e.b(Unknown Source:165)

06-25 16:16:31.970 10463 10769 I LSPosed-Bridge: 	at com.loc.e$a.handleMessage(Unknown Source:379)

06-25 16:16:31.970 10463 10769 I LSPosed-Bridge: 	at android.os.Handler.dispatchMessage(Handler.java:106)

06-25 16:16:31.970 10463 10769 I LSPosed-Bridge: 	at android.os.Looper.loop(Looper.java:193)

06-25 16:16:31.970 10463 10769 I LSPosed-Bridge: 	at android.os.HandlerThread.run(HandlerThread.java:65)

06-25 16:16:31.970 10463 10769 I LSPosed-Bridge: 	at com.loc.e$b.run(Unknown Source:0)

06-25 16:16:31.977  1571  5698 I LSPosed-Bridge: 10463 PermLabel 10125 AMS.checkPermission: Binder.getCallingPid() = 1888; uid = 10125; Binder.getCallingUid() = 1001; getNameForUid: android.uid.phone:1001; getPackagesForUid: [com.qualcomm.qti.telephonyservice, com.qualcomm.qti.autoregistration, com.qualcomm.qti.networksetting, com.android.phone, com.qualcomm.simcontacts, com.qti.qualcomm.datastatusnotification, com.android.stk, com.qti.confuridialer, com.qti.qualcomm.deviceinfo, com.qualcomm.qti.callfeaturessetting, org.codeaurora.ims, com.qualcomm.qti.uim, com.android.providers.telephony, com.android.mms.service, com.qualcomm.qti.lpa, com.qualcomm.qcrilmsgtunnel, com.qualcomm.qti.ims, com.qti.xdivert]; permName: android.permission.ACCESS_COARSE_LOCATION; type = 1; res = -1; stacktrace=java.lang.Exception

06-25 16:16:31.977  1571  5698 I LSPosed-Bridge: 	at com.example.permlabel.requirePerm$1$2.afterHookedMethod(requirePerm.java:137)

06-25 16:16:31.977  1571  5698 I LSPosed-Bridge: 	at de.robv.android.xposed.XposedBridge$AdditionalHookInfo.callback(Unknown Source:147)

06-25 16:16:31.977  1571  5698 I LSPosed-Bridge: 	at LSPHooker_.checkPermission(Unknown Source:25)

06-25 16:16:31.977  1571  5698 I LSPosed-Bridge: 	at android.app.IActivityManager$Stub.onTransact(IActivityManager.java:664)

06-25 16:16:31.977  1571  5698 I LSPosed-Bridge: 	at com.android.server.am.ActivityManagerService.onTransact(ActivityManagerService.java:3346)

06-25 16:16:31.977  1571  5698 I LSPosed-Bridge: 	at android.os.Binder.execTransact(Binder.java:731)

06-25 16:16:31.983 10463 10769 I LSPosed-Bridge: 10463 PermLabel 10125; permName: android.permission.ACCESS_COARSE_LOCATION; getAllCellInfo res = null; stacktrace=java.lang.Exception

06-25 16:16:31.983 10463 10769 I LSPosed-Bridge: 	at com.example.permlabel.hookLocationExtra_test$4.afterHookedMethod(hookLocationExtra_test.java:73)

06-25 16:16:31.983 10463 10769 I LSPosed-Bridge: 	at de.robv.android.xposed.XposedBridge$AdditionalHookInfo.callback(Unknown Source:147)

06-25 16:16:31.983 10463 10769 I LSPosed-Bridge: 	at LSPHooker_.getAllCellInfo(Unknown Source:8)

06-25 16:16:31.983 10463 10769 I LSPosed-Bridge: 	at com.loc.ea.b(Unknown Source:187)

06-25 16:16:31.983 10463 10769 I LSPosed-Bridge: 	at com.loc.ea.a(Unknown Source:39)

06-25 16:16:31.983 10463 10769 I LSPosed-Bridge: 	at com.loc.dr.a(Unknown Source:206)

06-25 16:16:31.983 10463 10769 I LSPosed-Bridge: 	at com.loc.e.b(Unknown Source:165)

06-25 16:16:31.983 10463 10769 I LSPosed-Bridge: 	at com.loc.e$a.handleMessage(Unknown Source:379)

06-25 16:16:31.983 10463 10769 I LSPosed-Bridge: 	at android.os.Handler.dispatchMessage(Handler.java:106)

06-25 16:16:31.983 10463 10769 I LSPosed-Bridge: 	at android.os.Looper.loop(Looper.java:193)

06-25 16:16:31.983 10463 10769 I LSPosed-Bridge: 	at android.os.HandlerThread.run(HandlerThread.java:65)

06-25 16:16:31.983 10463 10769 I LSPosed-Bridge: 	at com.loc.e$b.run(Unknown Source:0)

06-25 16:16:31.991 10463 10769 I LSPosed-Bridge: 10463 PermLabel 10125 ContextImpl.checkPermission: pid = 10463; uid = 10125; permName: android.permission.ACCESS_COARSE_LOCATION; type = 1; res = -1; stacktrace=java.lang.Exception

06-25 16:16:31.991 10463 10769 I LSPosed-Bridge: 	at com.example.permlabel.requestPerm$2.afterHookedMethod(requestPerm.java:216)

06-25 16:16:31.991 10463 10769 I LSPosed-Bridge: 	at de.robv.android.xposed.XposedBridge$AdditionalHookInfo.callback(Unknown Source:147)

06-25 16:16:31.991 10463 10769 I LSPosed-Bridge: 	at LSPHooker_.checkPermission(Unknown Source:25)

06-25 16:16:31.991 10463 10769 I LSPosed-Bridge: 	at android.app.ContextImpl.checkSelfPermission(ContextImpl.java:1801)

06-25 16:16:31.991 10463 10769 I LSPosed-Bridge: 	at java.lang.reflect.Method.invoke(Native Method)

06-25 16:16:31.991 10463 10769 I LSPosed-Bridge: 	at com.loc.eq.a(Unknown Source:63)

06-25 16:16:31.991 10463 10769 I LSPosed-Bridge: 	at com.loc.eq.a(Unknown Source:4)

06-25 16:16:31.991 10463 10769 I LSPosed-Bridge: 	at com.loc.eq.b(Unknown Source:0)

06-25 16:16:31.991 10463 10769 I LSPosed-Bridge: 	at com.loc.et.f(Unknown Source:36)

06-25 16:16:31.991 10463 10769 I LSPosed-Bridge: 	at com.loc.dr.c(Unknown Source:157)

06-25 16:16:31.991 10463 10769 I LSPosed-Bridge: 	at com.loc.dr.a(Unknown Source:216)

06-25 16:16:31.991 10463 10769 I LSPosed-Bridge: 	at com.loc.e.b(Unknown Source:165)

06-25 16:16:31.991 10463 10769 I LSPosed-Bridge: 	at com.loc.e$a.handleMessage(Unknown Source:379)

06-25 16:16:31.991 10463 10769 I LSPosed-Bridge: 	at android.os.Handler.dispatchMessage(Handler.java:106)

06-25 16:16:31.991 10463 10769 I LSPosed-Bridge: 	at android.os.Looper.loop(Looper.java:193)

06-25 16:16:31.991 10463 10769 I LSPosed-Bridge: 	at android.os.HandlerThread.run(HandlerThread.java:65)

06-25 16:16:31.991 10463 10769 I LSPosed-Bridge: 	at com.loc.e$b.run(Unknown Source:0)

06-25 16:16:32.897  1571  5698 I LSPosed-Bridge: 10463 PermLabel 10125 AMS.checkPermission: Binder.getCallingPid() = 1888; uid = 10125; Binder.getCallingUid() = 1001; getNameForUid: android.uid.phone:1001; getPackagesForUid: [com.qualcomm.qti.telephonyservice, com.qualcomm.qti.autoregistration, com.qualcomm.qti.networksetting, com.android.phone, com.qualcomm.simcontacts, com.qti.qualcomm.datastatusnotification, com.android.stk, com.qti.confuridialer, com.qti.qualcomm.deviceinfo, com.qualcomm.qti.callfeaturessetting, org.codeaurora.ims, com.qualcomm.qti.uim, com.android.providers.telephony, com.android.mms.service, com.qualcomm.qti.lpa, com.qualcomm.qcrilmsgtunnel, com.qualcomm.qti.ims, com.qti.xdivert]; permName: android.permission.ACCESS_COARSE_LOCATION; type = 1; res = -1; stacktrace=java.lang.Exception

06-25 16:16:32.897  1571  5698 I LSPosed-Bridge: 	at com.example.permlabel.requirePerm$1$2.afterHookedMethod(requirePerm.java:137)

06-25 16:16:32.897  1571  5698 I LSPosed-Bridge: 	at de.robv.android.xposed.XposedBridge$AdditionalHookInfo.callback(Unknown Source:147)

06-25 16:16:32.897  1571  5698 I LSPosed-Bridge: 	at LSPHooker_.checkPermission(Unknown Source:25)

06-25 16:16:32.897  1571  5698 I LSPosed-Bridge: 	at android.app.IActivityManager$Stub.onTransact(IActivityManager.java:664)

06-25 16:16:32.897  1571  5698 I LSPosed-Bridge: 	at com.android.server.am.ActivityManagerService.onTransact(ActivityManagerService.java:3346)

06-25 16:16:32.897  1571  5698 I LSPosed-Bridge: 	at android.os.Binder.execTransact(Binder.java:731)

06-25 16:16:32.899 10463 10769 I LSPosed-Bridge: 10463 PermLabel 10125; permName: android.permission.ACCESS_COARSE_LOCATION; getAllCellInfo res = null; stacktrace=java.lang.Exception

06-25 16:16:32.899 10463 10769 I LSPosed-Bridge: 	at com.example.permlabel.hookLocationExtra_test$4.afterHookedMethod(hookLocationExtra_test.java:73)

06-25 16:16:32.899 10463 10769 I LSPosed-Bridge: 	at de.robv.android.xposed.XposedBridge$AdditionalHookInfo.callback(Unknown Source:147)

06-25 16:16:32.899 10463 10769 I LSPosed-Bridge: 	at LSPHooker_.getAllCellInfo(Unknown Source:8)

06-25 16:16:32.899 10463 10769 I LSPosed-Bridge: 	at com.loc.ea.p(Unknown Source:14)

06-25 16:16:32.899 10463 10769 I LSPosed-Bridge: 	at com.loc.ea.b(Unknown Source:70)

06-25 16:16:32.899 10463 10769 I LSPosed-Bridge: 	at com.loc.ea.a(Unknown Source:39)

06-25 16:16:32.899 10463 10769 I LSPosed-Bridge: 	at com.loc.dr.a(Unknown Source:206)

06-25 16:16:32.899 10463 10769 I LSPosed-Bridge: 	at com.loc.e.b(Unknown Source:165)

06-25 16:16:32.899 10463 10769 I LSPosed-Bridge: 	at com.loc.e$a.handleMessage(Unknown Source:379)

06-25 16:16:32.899 10463 10769 I LSPosed-Bridge: 	at android.os.Handler.dispatchMessage(Handler.java:106)

06-25 16:16:32.899 10463 10769 I LSPosed-Bridge: 	at android.os.Looper.loop(Looper.java:193)

06-25 16:16:32.899 10463 10769 I LSPosed-Bridge: 	at android.os.HandlerThread.run(HandlerThread.java:65)

06-25 16:16:32.899 10463 10769 I LSPosed-Bridge: 	at com.loc.e$b.run(Unknown Source:0)

06-25 16:16:32.902  1571  2465 I LSPosed-Bridge: 10463 PermLabel 10125 AMS.checkPermission: Binder.getCallingPid() = 1888; uid = 10125; Binder.getCallingUid() = 1001; getNameForUid: android.uid.phone:1001; getPackagesForUid: [com.qualcomm.qti.telephonyservice, com.qualcomm.qti.autoregistration, com.qualcomm.qti.networksetting, com.android.phone, com.qualcomm.simcontacts, com.qti.qualcomm.datastatusnotification, com.android.stk, com.qti.confuridialer, com.qti.qualcomm.deviceinfo, com.qualcomm.qti.callfeaturessetting, org.codeaurora.ims, com.qualcomm.qti.uim, com.android.providers.telephony, com.android.mms.service, com.qualcomm.qti.lpa, com.qualcomm.qcrilmsgtunnel, com.qualcomm.qti.ims, com.qti.xdivert]; permName: android.permission.ACCESS_COARSE_LOCATION; type = 1; res = -1; stacktrace=java.lang.Exception

06-25 16:16:32.902  1571  2465 I LSPosed-Bridge: 	at com.example.permlabel.requirePerm$1$2.afterHookedMethod(requirePerm.java:137)

06-25 16:16:32.902  1571  2465 I LSPosed-Bridge: 	at de.robv.android.xposed.XposedBridge$AdditionalHookInfo.callback(Unknown Source:147)

06-25 16:16:32.902  1571  2465 I LSPosed-Bridge: 	at LSPHooker_.checkPermission(Unknown Source:25)

06-25 16:16:32.902  1571  2465 I LSPosed-Bridge: 	at android.app.IActivityManager$Stub.onTransact(IActivityManager.java:664)

06-25 16:16:32.902  1571  2465 I LSPosed-Bridge: 	at com.android.server.am.ActivityManagerService.onTransact(ActivityManagerService.java:3346)

06-25 16:16:32.902  1571  2465 I LSPosed-Bridge: 	at android.os.Binder.execTransact(Binder.java:731)

06-25 16:16:32.906 10463 10769 I LSPosed-Bridge: 10463 PermLabel 10125; permName: android.permission.ACCESS_COARSE_LOCATION; getCellLocation res = null; stacktrace=java.lang.Exception

06-25 16:16:32.906 10463 10769 I LSPosed-Bridge: 	at com.example.permlabel.hookLocationExtra_test$3.afterHookedMethod(hookLocationExtra_test.java:66)

06-25 16:16:32.906 10463 10769 I LSPosed-Bridge: 	at de.robv.android.xposed.XposedBridge$AdditionalHookInfo.callback(Unknown Source:147)

06-25 16:16:32.906 10463 10769 I LSPosed-Bridge: 	at LSPHooker_.getCellLocation(Unknown Source:8)

06-25 16:16:32.906 10463 10769 I LSPosed-Bridge: 	at com.loc.ea.n(Unknown Source:5)

06-25 16:16:32.906 10463 10769 I LSPosed-Bridge: 	at com.loc.ea.p(Unknown Source:33)

06-25 16:16:32.906 10463 10769 I LSPosed-Bridge: 	at com.loc.ea.b(Unknown Source:70)

06-25 16:16:32.906 10463 10769 I LSPosed-Bridge: 	at com.loc.ea.a(Unknown Source:39)

06-25 16:16:32.906 10463 10769 I LSPosed-Bridge: 	at com.loc.dr.a(Unknown Source:206)

06-25 16:16:32.906 10463 10769 I LSPosed-Bridge: 	at com.loc.e.b(Unknown Source:165)

06-25 16:16:32.906 10463 10769 I LSPosed-Bridge: 	at com.loc.e$a.handleMessage(Unknown Source:379)

06-25 16:16:32.906 10463 10769 I LSPosed-Bridge: 	at android.os.Handler.dispatchMessage(Handler.java:106)

06-25 16:16:32.906 10463 10769 I LSPosed-Bridge: 	at android.os.Looper.loop(Looper.java:193)

06-25 16:16:32.906 10463 10769 I LSPosed-Bridge: 	at android.os.HandlerThread.run(HandlerThread.java:65)

06-25 16:16:32.906 10463 10769 I LSPosed-Bridge: 	at com.loc.e$b.run(Unknown Source:0)

06-25 16:16:32.912  1571  2465 I LSPosed-Bridge: 10463 PermLabel 10125 AMS.checkPermission: Binder.getCallingPid() = 1888; uid = 10125; Binder.getCallingUid() = 1001; getNameForUid: android.uid.phone:1001; getPackagesForUid: [com.qualcomm.qti.telephonyservice, com.qualcomm.qti.autoregistration, com.qualcomm.qti.networksetting, com.android.phone, com.qualcomm.simcontacts, com.qti.qualcomm.datastatusnotification, com.android.stk, com.qti.confuridialer, com.qti.qualcomm.deviceinfo, com.qualcomm.qti.callfeaturessetting, org.codeaurora.ims, com.qualcomm.qti.uim, com.android.providers.telephony, com.android.mms.service, com.qualcomm.qti.lpa, com.qualcomm.qcrilmsgtunnel, com.qualcomm.qti.ims, com.qti.xdivert]; permName: android.permission.ACCESS_COARSE_LOCATION; type = 1; res = -1; stacktrace=java.lang.Exception

06-25 16:16:32.912  1571  2465 I LSPosed-Bridge: 	at com.example.permlabel.requirePerm$1$2.afterHookedMethod(requirePerm.java:137)

06-25 16:16:32.912  1571  2465 I LSPosed-Bridge: 	at de.robv.android.xposed.XposedBridge$AdditionalHookInfo.callback(Unknown Source:147)

06-25 16:16:32.912  1571  2465 I LSPosed-Bridge: 	at LSPHooker_.checkPermission(Unknown Source:25)

06-25 16:16:32.912  1571  2465 I LSPosed-Bridge: 	at android.app.IActivityManager$Stub.onTransact(IActivityManager.java:664)

06-25 16:16:32.912  1571  2465 I LSPosed-Bridge: 	at com.android.server.am.ActivityManagerService.onTransact(ActivityManagerService.java:3346)

06-25 16:16:32.912  1571  2465 I LSPosed-Bridge: 	at android.os.Binder.execTransact(Binder.java:731)

06-25 16:16:32.914 10463 10769 I LSPosed-Bridge: 10463 PermLabel 10125; permName: android.permission.ACCESS_COARSE_LOCATION; getAllCellInfo res = null; stacktrace=java.lang.Exception

06-25 16:16:32.914 10463 10769 I LSPosed-Bridge: 	at com.example.permlabel.hookLocationExtra_test$4.afterHookedMethod(hookLocationExtra_test.java:73)

06-25 16:16:32.914 10463 10769 I LSPosed-Bridge: 	at de.robv.android.xposed.XposedBridge$AdditionalHookInfo.callback(Unknown Source:147)

06-25 16:16:32.914 10463 10769 I LSPosed-Bridge: 	at LSPHooker_.getAllCellInfo(Unknown Source:8)

06-25 16:16:32.914 10463 10769 I LSPosed-Bridge: 	at com.loc.ea.b(Unknown Source:187)

06-25 16:16:32.914 10463 10769 I LSPosed-Bridge: 	at com.loc.ea.a(Unknown Source:39)

06-25 16:16:32.914 10463 10769 I LSPosed-Bridge: 	at com.loc.dr.a(Unknown Source:206)

06-25 16:16:32.914 10463 10769 I LSPosed-Bridge: 	at com.loc.e.b(Unknown Source:165)

06-25 16:16:32.914 10463 10769 I LSPosed-Bridge: 	at com.loc.e$a.handleMessage(Unknown Source:379)

06-25 16:16:32.914 10463 10769 I LSPosed-Bridge: 	at android.os.Handler.dispatchMessage(Handler.java:106)

06-25 16:16:32.914 10463 10769 I LSPosed-Bridge: 	at android.os.Looper.loop(Looper.java:193)

06-25 16:16:32.914 10463 10769 I LSPosed-Bridge: 	at android.os.HandlerThread.run(HandlerThread.java:65)

06-25 16:16:32.914 10463 10769 I LSPosed-Bridge: 	at com.loc.e$b.run(Unknown Source:0)

06-25 16:16:32.918 10463 10769 I LSPosed-Bridge: 10463 PermLabel 10125 ContextImpl.checkPermission: pid = 10463; uid = 10125; permName: android.permission.ACCESS_COARSE_LOCATION; type = 1; res = -1; stacktrace=java.lang.Exception

06-25 16:16:32.918 10463 10769 I LSPosed-Bridge: 	at com.example.permlabel.requestPerm$2.afterHookedMethod(requestPerm.java:216)

06-25 16:16:32.918 10463 10769 I LSPosed-Bridge: 	at de.robv.android.xposed.XposedBridge$AdditionalHookInfo.callback(Unknown Source:147)

06-25 16:16:32.918 10463 10769 I LSPosed-Bridge: 	at LSPHooker_.checkPermission(Unknown Source:25)

06-25 16:16:32.918 10463 10769 I LSPosed-Bridge: 	at android.app.ContextImpl.checkSelfPermission(ContextImpl.java:1801)

06-25 16:16:32.918 10463 10769 I LSPosed-Bridge: 	at java.lang.reflect.Method.invoke(Native Method)

06-25 16:16:32.918 10463 10769 I LSPosed-Bridge: 	at com.loc.eq.a(Unknown Source:63)

06-25 16:16:32.918 10463 10769 I LSPosed-Bridge: 	at com.loc.eq.a(Unknown Source:4)

06-25 16:16:32.918 10463 10769 I LSPosed-Bridge: 	at com.loc.eq.b(Unknown Source:0)

06-25 16:16:32.918 10463 10769 I LSPosed-Bridge: 	at com.loc.et.f(Unknown Source:36)

06-25 16:16:32.918 10463 10769 I LSPosed-Bridge: 	at com.loc.dr.c(Unknown Source:157)

06-25 16:16:32.918 10463 10769 I LSPosed-Bridge: 	at com.loc.dr.a(Unknown Source:216)

06-25 16:16:32.918 10463 10769 I LSPosed-Bridge: 	at com.loc.e.b(Unknown Source:165)

06-25 16:16:32.918 10463 10769 I LSPosed-Bridge: 	at com.loc.e$a.handleMessage(Unknown Source:379)

06-25 16:16:32.918 10463 10769 I LSPosed-Bridge: 	at android.os.Handler.dispatchMessage(Handler.java:106)

06-25 16:16:32.918 10463 10769 I LSPosed-Bridge: 	at android.os.Looper.loop(Looper.java:193)

06-25 16:16:32.918 10463 10769 I LSPosed-Bridge: 	at android.os.HandlerThread.run(HandlerThread.java:65)

06-25 16:16:32.918 10463 10769 I LSPosed-Bridge: 	at com.loc.e$b.run(Unknown Source:0)

06-25 16:16:33.957  1571  2465 I LSPosed-Bridge: 10463 PermLabel 10125 AMS.checkPermission: Binder.getCallingPid() = 1888; uid = 10125; Binder.getCallingUid() = 1001; getNameForUid: android.uid.phone:1001; getPackagesForUid: [com.qualcomm.qti.telephonyservice, com.qualcomm.qti.autoregistration, com.qualcomm.qti.networksetting, com.android.phone, com.qualcomm.simcontacts, com.qti.qualcomm.datastatusnotification, com.android.stk, com.qti.confuridialer, com.qti.qualcomm.deviceinfo, com.qualcomm.qti.callfeaturessetting, org.codeaurora.ims, com.qualcomm.qti.uim, com.android.providers.telephony, com.android.mms.service, com.qualcomm.qti.lpa, com.qualcomm.qcrilmsgtunnel, com.qualcomm.qti.ims, com.qti.xdivert]; permName: android.permission.ACCESS_COARSE_LOCATION; type = 1; res = -1; stacktrace=java.lang.Exception

06-25 16:16:33.957  1571  2465 I LSPosed-Bridge: 	at com.example.permlabel.requirePerm$1$2.afterHookedMethod(requirePerm.java:137)

06-25 16:16:33.957  1571  2465 I LSPosed-Bridge: 	at de.robv.android.xposed.XposedBridge$AdditionalHookInfo.callback(Unknown Source:147)

06-25 16:16:33.957  1571  2465 I LSPosed-Bridge: 	at LSPHooker_.checkPermission(Unknown Source:25)

06-25 16:16:33.957  1571  2465 I LSPosed-Bridge: 	at android.app.IActivityManager$Stub.onTransact(IActivityManager.java:664)

06-25 16:16:33.957  1571  2465 I LSPosed-Bridge: 	at com.android.server.am.ActivityManagerService.onTransact(ActivityManagerService.java:3346)

06-25 16:16:33.957  1571  2465 I LSPosed-Bridge: 	at android.os.Binder.execTransact(Binder.java:731)

06-25 16:16:33.960 10463 10769 I LSPosed-Bridge: 10463 PermLabel 10125; permName: android.permission.ACCESS_COARSE_LOCATION; getAllCellInfo res = null; stacktrace=java.lang.Exception

06-25 16:16:33.960 10463 10769 I LSPosed-Bridge: 	at com.example.permlabel.hookLocationExtra_test$4.afterHookedMethod(hookLocationExtra_test.java:73)

06-25 16:16:33.960 10463 10769 I LSPosed-Bridge: 	at de.robv.android.xposed.XposedBridge$AdditionalHookInfo.callback(Unknown Source:147)

06-25 16:16:33.960 10463 10769 I LSPosed-Bridge: 	at LSPHooker_.getAllCellInfo(Unknown Source:8)

06-25 16:16:33.960 10463 10769 I LSPosed-Bridge: 	at com.loc.ea.p(Unknown Source:14)

06-25 16:16:33.960 10463 10769 I LSPosed-Bridge: 	at com.loc.ea.b(Unknown Source:70)

06-25 16:16:33.960 10463 10769 I LSPosed-Bridge: 	at com.loc.ea.a(Unknown Source:39)

06-25 16:16:33.960 10463 10769 I LSPosed-Bridge: 	at com.loc.dr.a(Unknown Source:206)

06-25 16:16:33.960 10463 10769 I LSPosed-Bridge: 	at com.loc.e.b(Unknown Source:165)

06-25 16:16:33.960 10463 10769 I LSPosed-Bridge: 	at com.loc.e$a.handleMessage(Unknown Source:379)

06-25 16:16:33.960 10463 10769 I LSPosed-Bridge: 	at android.os.Handler.dispatchMessage(Handler.java:106)

06-25 16:16:33.960 10463 10769 I LSPosed-Bridge: 	at android.os.Looper.loop(Looper.java:193)

06-25 16:16:33.960 10463 10769 I LSPosed-Bridge: 	at android.os.HandlerThread.run(HandlerThread.java:65)

06-25 16:16:33.960 10463 10769 I LSPosed-Bridge: 	at com.loc.e$b.run(Unknown Source:0)

06-25 16:16:33.962  1571  2465 I LSPosed-Bridge: 10463 PermLabel 10125 AMS.checkPermission: Binder.getCallingPid() = 1888; uid = 10125; Binder.getCallingUid() = 1001; getNameForUid: android.uid.phone:1001; getPackagesForUid: [com.qualcomm.qti.telephonyservice, com.qualcomm.qti.autoregistration, com.qualcomm.qti.networksetting, com.android.phone, com.qualcomm.simcontacts, com.qti.qualcomm.datastatusnotification, com.android.stk, com.qti.confuridialer, com.qti.qualcomm.deviceinfo, com.qualcomm.qti.callfeaturessetting, org.codeaurora.ims, com.qualcomm.qti.uim, com.android.providers.telephony, com.android.mms.service, com.qualcomm.qti.lpa, com.qualcomm.qcrilmsgtunnel, com.qualcomm.qti.ims, com.qti.xdivert]; permName: android.permission.ACCESS_COARSE_LOCATION; type = 1; res = -1; stacktrace=java.lang.Exception

06-25 16:16:33.962  1571  2465 I LSPosed-Bridge: 	at com.example.permlabel.requirePerm$1$2.afterHookedMethod(requirePerm.java:137)

06-25 16:16:33.962  1571  2465 I LSPosed-Bridge: 	at de.robv.android.xposed.XposedBridge$AdditionalHookInfo.callback(Unknown Source:147)

06-25 16:16:33.962  1571  2465 I LSPosed-Bridge: 	at LSPHooker_.checkPermission(Unknown Source:25)

06-25 16:16:33.962  1571  2465 I LSPosed-Bridge: 	at android.app.IActivityManager$Stub.onTransact(IActivityManager.java:664)

06-25 16:16:33.962  1571  2465 I LSPosed-Bridge: 	at com.android.server.am.ActivityManagerService.onTransact(ActivityManagerService.java:3346)

06-25 16:16:33.962  1571  2465 I LSPosed-Bridge: 	at android.os.Binder.execTransact(Binder.java:731)

06-25 16:16:33.966 10463 10769 I LSPosed-Bridge: 10463 PermLabel 10125; permName: android.permission.ACCESS_COARSE_LOCATION; getCellLocation res = null; stacktrace=java.lang.Exception

06-25 16:16:33.966 10463 10769 I LSPosed-Bridge: 	at com.example.permlabel.hookLocationExtra_test$3.afterHookedMethod(hookLocationExtra_test.java:66)

06-25 16:16:33.966 10463 10769 I LSPosed-Bridge: 	at de.robv.android.xposed.XposedBridge$AdditionalHookInfo.callback(Unknown Source:147)

06-25 16:16:33.966 10463 10769 I LSPosed-Bridge: 	at LSPHooker_.getCellLocation(Unknown Source:8)

06-25 16:16:33.966 10463 10769 I LSPosed-Bridge: 	at com.loc.ea.n(Unknown Source:5)

06-25 16:16:33.966 10463 10769 I LSPosed-Bridge: 	at com.loc.ea.p(Unknown Source:33)

06-25 16:16:33.966 10463 10769 I LSPosed-Bridge: 	at com.loc.ea.b(Unknown Source:70)

06-25 16:16:33.966 10463 10769 I LSPosed-Bridge: 	at com.loc.ea.a(Unknown Source:39)

06-25 16:16:33.966 10463 10769 I LSPosed-Bridge: 	at com.loc.dr.a(Unknown Source:206)

06-25 16:16:33.966 10463 10769 I LSPosed-Bridge: 	at com.loc.e.b(Unknown Source:165)

06-25 16:16:33.966 10463 10769 I LSPosed-Bridge: 	at com.loc.e$a.handleMessage(Unknown Source:379)

06-25 16:16:33.966 10463 10769 I LSPosed-Bridge: 	at android.os.Handler.dispatchMessage(Handler.java:106)

06-25 16:16:33.966 10463 10769 I LSPosed-Bridge: 	at android.os.Looper.loop(Looper.java:193)

06-25 16:16:33.966 10463 10769 I LSPosed-Bridge: 	at android.os.HandlerThread.run(HandlerThread.java:65)

06-25 16:16:33.966 10463 10769 I LSPosed-Bridge: 	at com.loc.e$b.run(Unknown Source:0)

06-25 16:16:33.971  1571  2465 I LSPosed-Bridge: 10463 PermLabel 10125 AMS.checkPermission: Binder.getCallingPid() = 1888; uid = 10125; Binder.getCallingUid() = 1001; getNameForUid: android.uid.phone:1001; getPackagesForUid: [com.qualcomm.qti.telephonyservice, com.qualcomm.qti.autoregistration, com.qualcomm.qti.networksetting, com.android.phone, com.qualcomm.simcontacts, com.qti.qualcomm.datastatusnotification, com.android.stk, com.qti.confuridialer, com.qti.qualcomm.deviceinfo, com.qualcomm.qti.callfeaturessetting, org.codeaurora.ims, com.qualcomm.qti.uim, com.android.providers.telephony, com.android.mms.service, com.qualcomm.qti.lpa, com.qualcomm.qcrilmsgtunnel, com.qualcomm.qti.ims, com.qti.xdivert]; permName: android.permission.ACCESS_COARSE_LOCATION; type = 1; res = -1; stacktrace=java.lang.Exception

06-25 16:16:33.971  1571  2465 I LSPosed-Bridge: 	at com.example.permlabel.requirePerm$1$2.afterHookedMethod(requirePerm.java:137)

06-25 16:16:33.971  1571  2465 I LSPosed-Bridge: 	at de.robv.android.xposed.XposedBridge$AdditionalHookInfo.callback(Unknown Source:147)

06-25 16:16:33.971  1571  2465 I LSPosed-Bridge: 	at LSPHooker_.checkPermission(Unknown Source:25)

06-25 16:16:33.971  1571  2465 I LSPosed-Bridge: 	at android.app.IActivityManager$Stub.onTransact(IActivityManager.java:664)

06-25 16:16:33.971  1571  2465 I LSPosed-Bridge: 	at com.android.server.am.ActivityManagerService.onTransact(ActivityManagerService.java:3346)

06-25 16:16:33.971  1571  2465 I LSPosed-Bridge: 	at android.os.Binder.execTransact(Binder.java:731)

06-25 16:16:33.973 10463 10769 I LSPosed-Bridge: 10463 PermLabel 10125; permName: android.permission.ACCESS_COARSE_LOCATION; getAllCellInfo res = null; stacktrace=java.lang.Exception

06-25 16:16:33.973 10463 10769 I LSPosed-Bridge: 	at com.example.permlabel.hookLocationExtra_test$4.afterHookedMethod(hookLocationExtra_test.java:73)

06-25 16:16:33.973 10463 10769 I LSPosed-Bridge: 	at de.robv.android.xposed.XposedBridge$AdditionalHookInfo.callback(Unknown Source:147)

06-25 16:16:33.973 10463 10769 I LSPosed-Bridge: 	at LSPHooker_.getAllCellInfo(Unknown Source:8)

06-25 16:16:33.973 10463 10769 I LSPosed-Bridge: 	at com.loc.ea.b(Unknown Source:187)

06-25 16:16:33.973 10463 10769 I LSPosed-Bridge: 	at com.loc.ea.a(Unknown Source:39)

06-25 16:16:33.973 10463 10769 I LSPosed-Bridge: 	at com.loc.dr.a(Unknown Source:206)

06-25 16:16:33.973 10463 10769 I LSPosed-Bridge: 	at com.loc.e.b(Unknown Source:165)

06-25 16:16:33.973 10463 10769 I LSPosed-Bridge: 	at com.loc.e$a.handleMessage(Unknown Source:379)

06-25 16:16:33.973 10463 10769 I LSPosed-Bridge: 	at android.os.Handler.dispatchMessage(Handler.java:106)

06-25 16:16:33.973 10463 10769 I LSPosed-Bridge: 	at android.os.Looper.loop(Looper.java:193)

06-25 16:16:33.973 10463 10769 I LSPosed-Bridge: 	at android.os.HandlerThread.run(HandlerThread.java:65)

06-25 16:16:33.973 10463 10769 I LSPosed-Bridge: 	at com.loc.e$b.run(Unknown Source:0)

06-25 16:16:33.977 10463 10769 I LSPosed-Bridge: 10463 PermLabel 10125 ContextImpl.checkPermission: pid = 10463; uid = 10125; permName: android.permission.ACCESS_COARSE_LOCATION; type = 1; res = -1; stacktrace=java.lang.Exception

06-25 16:16:33.977 10463 10769 I LSPosed-Bridge: 	at com.example.permlabel.requestPerm$2.afterHookedMethod(requestPerm.java:216)

06-25 16:16:33.977 10463 10769 I LSPosed-Bridge: 	at de.robv.android.xposed.XposedBridge$AdditionalHookInfo.callback(Unknown Source:147)

06-25 16:16:33.977 10463 10769 I LSPosed-Bridge: 	at LSPHooker_.checkPermission(Unknown Source:25)

06-25 16:16:33.977 10463 10769 I LSPosed-Bridge: 	at android.app.ContextImpl.checkSelfPermission(ContextImpl.java:1801)

06-25 16:16:33.977 10463 10769 I LSPosed-Bridge: 	at java.lang.reflect.Method.invoke(Native Method)

06-25 16:16:33.977 10463 10769 I LSPosed-Bridge: 	at com.loc.eq.a(Unknown Source:63)

06-25 16:16:33.977 10463 10769 I LSPosed-Bridge: 	at com.loc.eq.a(Unknown Source:4)

06-25 16:16:33.977 10463 10769 I LSPosed-Bridge: 	at com.loc.eq.b(Unknown Source:0)

06-25 16:16:33.977 10463 10769 I LSPosed-Bridge: 	at com.loc.et.f(Unknown Source:36)

06-25 16:16:33.977 10463 10769 I LSPosed-Bridge: 	at com.loc.dr.c(Unknown Source:157)

06-25 16:16:33.977 10463 10769 I LSPosed-Bridge: 	at com.loc.dr.a(Unknown Source:216)

06-25 16:16:33.977 10463 10769 I LSPosed-Bridge: 	at com.loc.e.b(Unknown Source:165)

06-25 16:16:33.977 10463 10769 I LSPosed-Bridge: 	at com.loc.e$a.handleMessage(Unknown Source:379)

06-25 16:16:33.977 10463 10769 I LSPosed-Bridge: 	at android.os.Handler.dispatchMessage(Handler.java:106)

06-25 16:16:33.977 10463 10769 I LSPosed-Bridge: 	at android.os.Looper.loop(Looper.java:193)

06-25 16:16:33.977 10463 10769 I LSPosed-Bridge: 	at android.os.HandlerThread.run(HandlerThread.java:65)

06-25 16:16:33.977 10463 10769 I LSPosed-Bridge: 	at com.loc.e$b.run(Unknown Source:0)

06-25 16:16:34.911  1571  2885 I LSPosed-Bridge: 10463 PermLabel 10125 AMS.checkPermission: Binder.getCallingPid() = 1888; uid = 10125; Binder.getCallingUid() = 1001; getNameForUid: android.uid.phone:1001; getPackagesForUid: [com.qualcomm.qti.telephonyservice, com.qualcomm.qti.autoregistration, com.qualcomm.qti.networksetting, com.android.phone, com.qualcomm.simcontacts, com.qti.qualcomm.datastatusnotification, com.android.stk, com.qti.confuridialer, com.qti.qualcomm.deviceinfo, com.qualcomm.qti.callfeaturessetting, org.codeaurora.ims, com.qualcomm.qti.uim, com.android.providers.telephony, com.android.mms.service, com.qualcomm.qti.lpa, com.qualcomm.qcrilmsgtunnel, com.qualcomm.qti.ims, com.qti.xdivert]; permName: android.permission.ACCESS_COARSE_LOCATION; type = 1; res = -1; stacktrace=java.lang.Exception

06-25 16:16:34.911  1571  2885 I LSPosed-Bridge: 	at com.example.permlabel.requirePerm$1$2.afterHookedMethod(requirePerm.java:137)

06-25 16:16:34.911  1571  2885 I LSPosed-Bridge: 	at de.robv.android.xposed.XposedBridge$AdditionalHookInfo.callback(Unknown Source:147)

06-25 16:16:34.911  1571  2885 I LSPosed-Bridge: 	at LSPHooker_.checkPermission(Unknown Source:25)

06-25 16:16:34.911  1571  2885 I LSPosed-Bridge: 	at android.app.IActivityManager$Stub.onTransact(IActivityManager.java:664)

06-25 16:16:34.911  1571  2885 I LSPosed-Bridge: 	at com.android.server.am.ActivityManagerService.onTransact(ActivityManagerService.java:3346)

06-25 16:16:34.911  1571  2885 I LSPosed-Bridge: 	at android.os.Binder.execTransact(Binder.java:731)

06-25 16:16:34.914 10463 10769 I LSPosed-Bridge: 10463 PermLabel 10125; permName: android.permission.ACCESS_COARSE_LOCATION; getAllCellInfo res = null; stacktrace=java.lang.Exception

06-25 16:16:34.914 10463 10769 I LSPosed-Bridge: 	at com.example.permlabel.hookLocationExtra_test$4.afterHookedMethod(hookLocationExtra_test.java:73)

06-25 16:16:34.914 10463 10769 I LSPosed-Bridge: 	at de.robv.android.xposed.XposedBridge$AdditionalHookInfo.callback(Unknown Source:147)

06-25 16:16:34.914 10463 10769 I LSPosed-Bridge: 	at LSPHooker_.getAllCellInfo(Unknown Source:8)

