06-25 16:19:08.409  1571  1866 I LSPosed-Bridge: 	at com.example.permlabel.requirePerm$1$2.afterHookedMethod(requirePerm.java:137)

06-25 16:19:08.409  1571  1866 I LSPosed-Bridge: 	at de.robv.android.xposed.XposedBridge$AdditionalHookInfo.callback(Unknown Source:147)

06-25 16:19:08.409  1571  1866 I LSPosed-Bridge: 	at LSPHooker_.checkPermission(Unknown Source:25)

06-25 16:19:08.409  1571  1866 I LSPosed-Bridge: 	at android.app.IActivityManager$Stub.onTransact(IActivityManager.java:664)

06-25 16:19:08.409  1571  1866 I LSPosed-Bridge: 	at com.android.server.am.ActivityManagerService.onTransact(ActivityManagerService.java:3346)

06-25 16:19:08.409  1571  1866 I LSPosed-Bridge: 	at android.os.Binder.execTransact(Binder.java:731)

06-25 16:19:08.438 10463 10769 I LSPosed-Bridge: 10463 PermLabel 10125; permName: android.permission.ACCESS_COARSE_LOCATION; getAllCellInfo res = [CellInfoWcdma:{mRegistered=NO mTimeStampType=oem_ril mTimeStamp=294188277178ns mCellConnectionStatus=0 CellIdentityWcdma:{ mLac=2011 mCid=13219378 mPsc=149 mUarfcn=10638 mMcc=466 mMnc=89 mAlphaLong=T Star mAlphaShort=T Star} CellSignalStrengthWcdma: ss=19 ber=99}, CellInfoWcdma:{mRegistered=NO mTimeStampType=oem_ril mTimeStamp=294188277178ns mCellConnectionStatus=0 CellIdentityWcdma:{ mLac=2147483647 mCid=2147483647 mPsc=46 mUarfcn=10638 mMcc=null mMnc=null mAlphaLong= mAlphaShort=} CellSignalStrengthWcdma: ss=17 ber=99}]; stacktrace=java.lang.Exception

06-25 16:19:08.438 10463 10769 I LSPosed-Bridge: 	at com.example.permlabel.hookLocationExtra_test$4.afterHookedMethod(hookLocationExtra_test.java:73)

06-25 16:19:08.438 10463 10769 I LSPosed-Bridge: 	at de.robv.android.xposed.XposedBridge$AdditionalHookInfo.callback(Unknown Source:147)

06-25 16:19:08.438 10463 10769 I LSPosed-Bridge: 	at LSPHooker_.getAllCellInfo(Unknown Source:8)

06-25 16:19:08.438 10463 10769 I LSPosed-Bridge: 	at com.loc.ea.p(Unknown Source:14)

06-25 16:19:08.438 10463 10769 I LSPosed-Bridge: 	at com.loc.ea.b(Unknown Source:70)

06-25 16:19:08.438 10463 10769 I LSPosed-Bridge: 	at com.loc.ea.a(Unknown Source:39)

06-25 16:19:08.438 10463 10769 I LSPosed-Bridge: 	at com.loc.dr.a(Unknown Source:206)

06-25 16:19:08.438 10463 10769 I LSPosed-Bridge: 	at com.loc.e.b(Unknown Source:165)

06-25 16:19:08.438 10463 10769 I LSPosed-Bridge: 	at com.loc.e$a.handleMessage(Unknown Source:379)

06-25 16:19:08.438 10463 10769 I LSPosed-Bridge: 	at android.os.Handler.dispatchMessage(Handler.java:106)

06-25 16:19:08.438 10463 10769 I LSPosed-Bridge: 	at android.os.Looper.loop(Looper.java:193)

06-25 16:19:08.438 10463 10769 I LSPosed-Bridge: 	at android.os.HandlerThread.run(HandlerThread.java:65)

06-25 16:19:08.438 10463 10769 I LSPosed-Bridge: 	at com.loc.e$b.run(Unknown Source:0)

06-25 16:19:08.442  1571  2883 I LSPosed-Bridge: 10463 PermLabel 10125 AMS.checkPermission: Binder.getCallingPid() = 1888; uid = 10125; Binder.getCallingUid() = 1001; getNameForUid: android.uid.phone:1001; getPackagesForUid: [com.qualcomm.qti.telephonyservice, com.qualcomm.qti.autoregistration, com.qualcomm.qti.networksetting, com.android.phone, com.qualcomm.simcontacts, com.qti.qualcomm.datastatusnotification, com.android.stk, com.qti.confuridialer, com.qti.qualcomm.deviceinfo, com.qualcomm.qti.callfeaturessetting, org.codeaurora.ims, com.qualcomm.qti.uim, com.android.providers.telephony, com.android.mms.service, com.qualcomm.qti.lpa, com.qualcomm.qcrilmsgtunnel, com.qualcomm.qti.ims, com.qti.xdivert]; permName: android.permission.ACCESS_COARSE_LOCATION; type = 1; res = 0; stacktrace=java.lang.Exception

06-25 16:19:08.442  1571  2883 I LSPosed-Bridge: 	at com.example.permlabel.requirePerm$1$2.afterHookedMethod(requirePerm.java:137)

06-25 16:19:08.442  1571  2883 I LSPosed-Bridge: 	at de.robv.android.xposed.XposedBridge$AdditionalHookInfo.callback(Unknown Source:147)

06-25 16:19:08.442  1571  2883 I LSPosed-Bridge: 	at LSPHooker_.checkPermission(Unknown Source:25)

06-25 16:19:08.442  1571  2883 I LSPosed-Bridge: 	at android.app.IActivityManager$Stub.onTransact(IActivityManager.java:664)

06-25 16:19:08.442  1571  2883 I LSPosed-Bridge: 	at com.android.server.am.ActivityManagerService.onTransact(ActivityManagerService.java:3346)

06-25 16:19:08.442  1571  2883 I LSPosed-Bridge: 	at android.os.Binder.execTransact(Binder.java:731)

06-25 16:19:08.464  1571  2883 I LSPosed-Bridge: 10463 PermLabel 10125 AMS.checkPermission: Binder.getCallingPid() = 1888; uid = 10125; Binder.getCallingUid() = 1001; getNameForUid: android.uid.phone:1001; getPackagesForUid: [com.qualcomm.qti.telephonyservice, com.qualcomm.qti.autoregistration, com.qualcomm.qti.networksetting, com.android.phone, com.qualcomm.simcontacts, com.qti.qualcomm.datastatusnotification, com.android.stk, com.qti.confuridialer, com.qti.qualcomm.deviceinfo, com.qualcomm.qti.callfeaturessetting, org.codeaurora.ims, com.qualcomm.qti.uim, com.android.providers.telephony, com.android.mms.service, com.qualcomm.qti.lpa, com.qualcomm.qcrilmsgtunnel, com.qualcomm.qti.ims, com.qti.xdivert]; permName: android.permission.ACCESS_COARSE_LOCATION; type = 1; res = 0; stacktrace=java.lang.Exception

06-25 16:19:08.464  1571  2883 I LSPosed-Bridge: 	at com.example.permlabel.requirePerm$1$2.afterHookedMethod(requirePerm.java:137)

06-25 16:19:08.464  1571  2883 I LSPosed-Bridge: 	at de.robv.android.xposed.XposedBridge$AdditionalHookInfo.callback(Unknown Source:147)

06-25 16:19:08.464  1571  2883 I LSPosed-Bridge: 	at LSPHooker_.checkPermission(Unknown Source:25)

06-25 16:19:08.464  1571  2883 I LSPosed-Bridge: 	at android.app.IActivityManager$Stub.onTransact(IActivityManager.java:664)

06-25 16:19:08.464  1571  2883 I LSPosed-Bridge: 	at com.android.server.am.ActivityManagerService.onTransact(ActivityManagerService.java:3346)

06-25 16:19:08.464  1571  2883 I LSPosed-Bridge: 	at android.os.Binder.execTransact(Binder.java:731)

06-25 16:19:08.464   554   554 I ConfigStore: android::hardware::configstore::V1_0::ISurfaceFlingerConfigs::hasHDRDisplay retrieved: 0

06-25 16:19:08.470 10463 10769 I LSPosed-Bridge: 10463 PermLabel 10125; permName: android.permission.ACCESS_COARSE_LOCATION; getAllCellInfo res = [CellInfoWcdma:{mRegistered=NO mTimeStampType=oem_ril mTimeStamp=294188277178ns mCellConnectionStatus=0 CellIdentityWcdma:{ mLac=2011 mCid=13219378 mPsc=149 mUarfcn=10638 mMcc=466 mMnc=89 mAlphaLong=T Star mAlphaShort=T Star} CellSignalStrengthWcdma: ss=19 ber=99}, CellInfoWcdma:{mRegistered=NO mTimeStampType=oem_ril mTimeStamp=294188277178ns mCellConnectionStatus=0 CellIdentityWcdma:{ mLac=2147483647 mCid=2147483647 mPsc=46 mUarfcn=10638 mMcc=null mMnc=null mAlphaLong= mAlphaShort=} CellSignalStrengthWcdma: ss=17 ber=99}]; stacktrace=java.lang.Exception

06-25 16:19:08.470 10463 10769 I LSPosed-Bridge: 	at com.example.permlabel.hookLocationExtra_test$4.afterHookedMethod(hookLocationExtra_test.java:73)

06-25 16:19:08.470 10463 10769 I LSPosed-Bridge: 	at de.robv.android.xposed.XposedBridge$AdditionalHookInfo.callback(Unknown Source:147)

06-25 16:19:08.470 10463 10769 I LSPosed-Bridge: 	at LSPHooker_.getAllCellInfo(Unknown Source:8)

06-25 16:19:08.470 10463 10769 I LSPosed-Bridge: 	at com.loc.ea.b(Unknown Source:187)

06-25 16:19:08.470 10463 10769 I LSPosed-Bridge: 	at com.loc.ea.a(Unknown Source:39)

06-25 16:19:08.470 10463 10769 I LSPosed-Bridge: 	at com.loc.dr.a(Unknown Source:206)

06-25 16:19:08.470 10463 10769 I LSPosed-Bridge: 	at com.loc.e.b(Unknown Source:165)

06-25 16:19:08.470 10463 10769 I LSPosed-Bridge: 	at com.loc.e$a.handleMessage(Unknown Source:379)

06-25 16:19:08.470 10463 10769 I LSPosed-Bridge: 	at android.os.Handler.dispatchMessage(Handler.java:106)

06-25 16:19:08.470 10463 10769 I LSPosed-Bridge: 	at android.os.Looper.loop(Looper.java:193)

06-25 16:19:08.470 10463 10769 I LSPosed-Bridge: 	at android.os.HandlerThread.run(HandlerThread.java:65)

06-25 16:19:08.470 10463 10769 I LSPosed-Bridge: 	at com.loc.e$b.run(Unknown Source:0)

06-25 16:19:20.316  1571  7294 I LSPosed-Bridge: 10463 PermLabel 10125 AMS.checkPermission: Binder.getCallingPid() = 1888; uid = 10125; Binder.getCallingUid() = 1001; getNameForUid: android.uid.phone:1001; getPackagesForUid: [com.qualcomm.qti.telephonyservice, com.qualcomm.qti.autoregistration, com.qualcomm.qti.networksetting, com.android.phone, com.qualcomm.simcontacts, com.qti.qualcomm.datastatusnotification, com.android.stk, com.qti.confuridialer, com.qti.qualcomm.deviceinfo, com.qualcomm.qti.callfeaturessetting, org.codeaurora.ims, com.qualcomm.qti.uim, com.android.providers.telephony, com.android.mms.service, com.qualcomm.qti.lpa, com.qualcomm.qcrilmsgtunnel, com.qualcomm.qti.ims, com.qti.xdivert]; permName: android.permission.ACCESS_COARSE_LOCATION; type = 1; res = 0; stacktrace=java.lang.Exception

06-25 16:19:20.316  1571  7294 I LSPosed-Bridge: 	at com.example.permlabel.requirePerm$1$2.afterHookedMethod(requirePerm.java:137)

06-25 16:19:20.316  1571  7294 I LSPosed-Bridge: 	at de.robv.android.xposed.XposedBridge$AdditionalHookInfo.callback(Unknown Source:147)

06-25 16:19:20.316  1571  7294 I LSPosed-Bridge: 	at LSPHooker_.checkPermission(Unknown Source:25)

06-25 16:19:20.316  1571  7294 I LSPosed-Bridge: 	at android.app.IActivityManager$Stub.onTransact(IActivityManager.java:664)

06-25 16:19:20.316  1571  7294 I LSPosed-Bridge: 	at com.android.server.am.ActivityManagerService.onTransact(ActivityManagerService.java:3346)

06-25 16:19:20.316  1571  7294 I LSPosed-Bridge: 	at android.os.Binder.execTransact(Binder.java:731)

06-25 16:19:20.344 10463 10769 I LSPosed-Bridge: 10463 PermLabel 10125; permName: android.permission.ACCESS_COARSE_LOCATION; getAllCellInfo res = [CellInfoWcdma:{mRegistered=NO mTimeStampType=oem_ril mTimeStamp=306093236288ns mCellConnectionStatus=0 CellIdentityWcdma:{ mLac=2011 mCid=13219378 mPsc=149 mUarfcn=10638 mMcc=466 mMnc=89 mAlphaLong=T Star mAlphaShort=T Star} CellSignalStrengthWcdma: ss=18 ber=99}, CellInfoWcdma:{mRegistered=NO mTimeStampType=oem_ril mTimeStamp=306093236288ns mCellConnectionStatus=0 CellIdentityWcdma:{ mLac=2147483647 mCid=2147483647 mPsc=46 mUarfcn=10638 mMcc=null mMnc=null mAlphaLong= mAlphaShort=} CellSignalStrengthWcdma: ss=17 ber=99}]; stacktrace=java.lang.Exception

06-25 16:19:20.344 10463 10769 I LSPosed-Bridge: 	at com.example.permlabel.hookLocationExtra_test$4.afterHookedMethod(hookLocationExtra_test.java:73)

06-25 16:19:20.344 10463 10769 I LSPosed-Bridge: 	at de.robv.android.xposed.XposedBridge$AdditionalHookInfo.callback(Unknown Source:147)

06-25 16:19:20.344 10463 10769 I LSPosed-Bridge: 	at LSPHooker_.getAllCellInfo(Unknown Source:8)

06-25 16:19:20.344 10463 10769 I LSPosed-Bridge: 	at com.loc.ea.p(Unknown Source:14)

06-25 16:19:20.344 10463 10769 I LSPosed-Bridge: 	at com.loc.ea.b(Unknown Source:70)

06-25 16:19:20.344 10463 10769 I LSPosed-Bridge: 	at com.loc.ea.a(Unknown Source:39)

06-25 16:19:20.344 10463 10769 I LSPosed-Bridge: 	at com.loc.dr.a(Unknown Source:206)

06-25 16:19:20.344 10463 10769 I LSPosed-Bridge: 	at com.loc.e.b(Unknown Source:165)

06-25 16:19:20.344 10463 10769 I LSPosed-Bridge: 	at com.loc.e$a.handleMessage(Unknown Source:379)

06-25 16:19:20.344 10463 10769 I LSPosed-Bridge: 	at android.os.Handler.dispatchMessage(Handler.java:106)

06-25 16:19:20.344 10463 10769 I LSPosed-Bridge: 	at android.os.Looper.loop(Looper.java:193)

06-25 16:19:20.344 10463 10769 I LSPosed-Bridge: 	at android.os.HandlerThread.run(HandlerThread.java:65)

06-25 16:19:20.344 10463 10769 I LSPosed-Bridge: 	at com.loc.e$b.run(Unknown Source:0)

06-25 16:19:20.349  1888  2274 I LSPosed-Bridge: 1888 PermLabel 1001 ContextImpl.checkPermission: pid = 2261; uid = 10010; permName: android.permission.ACCESS_COARSE_LOCATION; type = 1; res = 0; stacktrace=java.lang.Exception

06-25 16:19:20.349  1888  2274 I LSPosed-Bridge: 	at com.example.permlabel.requestPerm$2.afterHookedMethod(requestPerm.java:216)

06-25 16:19:20.349  1888  2274 I LSPosed-Bridge: 	at de.robv.android.xposed.XposedBridge$AdditionalHookInfo.callback(Unknown Source:147)

06-25 16:19:20.349  1888  2274 I LSPosed-Bridge: 	at LSPHooker_.checkPermission(Unknown Source:25)

06-25 16:19:20.349  1888  2274 I LSPosed-Bridge: 	at android.app.ContextImpl.enforcePermission(ContextImpl.java:1822)

06-25 16:19:20.349  1888  2274 I LSPosed-Bridge: 	at android.content.ContextWrapper.enforcePermission(ContextWrapper.java:765)

06-25 16:19:20.349  1888  2274 I LSPosed-Bridge: 	at android.content.ContextWrapper.enforcePermission(ContextWrapper.java:765)

06-25 16:19:20.349  1888  2274 I LSPosed-Bridge: 	at android.telephony.LocationAccessPolicy.canAccessCellLocation(LocationAccessPolicy.java:71)

06-25 16:19:20.349  1888  2274 I LSPosed-Bridge: 	at com.android.phone.PhoneInterfaceManager.getAllCellInfo(PhoneInterfaceManager.java:1808)

06-25 16:19:20.349  1888  2274 I LSPosed-Bridge: 	at com.android.internal.telephony.ITelephony$Stub.onTransact(ITelephony.java:936)

06-25 16:19:20.349  1888  2274 I LSPosed-Bridge: 	at android.os.Binder.execTransact(Binder.java:731)

06-25 16:19:20.349  1571  7294 I LSPosed-Bridge: 10463 PermLabel 10125 AMS.checkPermission: Binder.getCallingPid() = 1888; uid = 10125; Binder.getCallingUid() = 1001; getNameForUid: android.uid.phone:1001; getPackagesForUid: [com.qualcomm.qti.telephonyservice, com.qualcomm.qti.autoregistration, com.qualcomm.qti.networksetting, com.android.phone, com.qualcomm.simcontacts, com.qti.qualcomm.datastatusnotification, com.android.stk, com.qti.confuridialer, com.qti.qualcomm.deviceinfo, com.qualcomm.qti.callfeaturessetting, org.codeaurora.ims, com.qualcomm.qti.uim, com.android.providers.telephony, com.android.mms.service, com.qualcomm.qti.lpa, com.qualcomm.qcrilmsgtunnel, com.qualcomm.qti.ims, com.qti.xdivert]; permName: android.permission.ACCESS_COARSE_LOCATION; type = 1; res = 0; stacktrace=java.lang.Exception

06-25 16:19:20.349  1571  7294 I LSPosed-Bridge: 	at com.example.permlabel.requirePerm$1$2.afterHookedMethod(requirePerm.java:137)

06-25 16:19:20.349  1571  7294 I LSPosed-Bridge: 	at de.robv.android.xposed.XposedBridge$AdditionalHookInfo.callback(Unknown Source:147)

06-25 16:19:20.349  1571  7294 I LSPosed-Bridge: 	at LSPHooker_.checkPermission(Unknown Source:25)

06-25 16:19:20.349  1571  7294 I LSPosed-Bridge: 	at android.app.IActivityManager$Stub.onTransact(IActivityManager.java:664)

06-25 16:19:20.349  1571  7294 I LSPosed-Bridge: 	at com.android.server.am.ActivityManagerService.onTransact(ActivityManagerService.java:3346)

06-25 16:19:20.349  1571  7294 I LSPosed-Bridge: 	at android.os.Binder.execTransact(Binder.java:731)

06-25 16:19:20.366  1571  1713 I LSPosed-Bridge: 10463 PermLabel 10125 AMS.checkPermission: Binder.getCallingPid() = 1888; uid = 10125; Binder.getCallingUid() = 1001; getNameForUid: android.uid.phone:1001; getPackagesForUid: [com.qualcomm.qti.telephonyservice, com.qualcomm.qti.autoregistration, com.qualcomm.qti.networksetting, com.android.phone, com.qualcomm.simcontacts, com.qti.qualcomm.datastatusnotification, com.android.stk, com.qti.confuridialer, com.qti.qualcomm.deviceinfo, com.qualcomm.qti.callfeaturessetting, org.codeaurora.ims, com.qualcomm.qti.uim, com.android.providers.telephony, com.android.mms.service, com.qualcomm.qti.lpa, com.qualcomm.qcrilmsgtunnel, com.qualcomm.qti.ims, com.qti.xdivert]; permName: android.permission.ACCESS_COARSE_LOCATION; type = 1; res = 0; stacktrace=java.lang.Exception

06-25 16:19:20.366  1571  1713 I LSPosed-Bridge: 	at com.example.permlabel.requirePerm$1$2.afterHookedMethod(requirePerm.java:137)

06-25 16:19:20.366  1571  1713 I LSPosed-Bridge: 	at de.robv.android.xposed.XposedBridge$AdditionalHookInfo.callback(Unknown Source:147)

06-25 16:19:20.366  1571  1713 I LSPosed-Bridge: 	at LSPHooker_.checkPermission(Unknown Source:25)

06-25 16:19:20.366  1571  1713 I LSPosed-Bridge: 	at android.app.IActivityManager$Stub.onTransact(IActivityManager.java:664)

06-25 16:19:20.366  1571  1713 I LSPosed-Bridge: 	at com.android.server.am.ActivityManagerService.onTransact(ActivityManagerService.java:3346)

06-25 16:19:20.366  1571  1713 I LSPosed-Bridge: 	at android.os.Binder.execTransact(Binder.java:731)

06-25 16:19:20.366  1888  2669 I LSPosed-Bridge: 1888 PermLabel 1001 ContextImpl.checkPermission: pid = 10463; uid = 10125; permName: android.permission.ACCESS_COARSE_LOCATION; type = 1; res = 0; stacktrace=java.lang.Exception

06-25 16:19:20.366  1888  2669 I LSPosed-Bridge: 	at com.example.permlabel.requestPerm$2.afterHookedMethod(requestPerm.java:216)

06-25 16:19:20.366  1888  2669 I LSPosed-Bridge: 	at de.robv.android.xposed.XposedBridge$AdditionalHookInfo.callback(Unknown Source:147)

06-25 16:19:20.366  1888  2669 I LSPosed-Bridge: 	at LSPHooker_.checkPermission(Unknown Source:25)

06-25 16:19:20.366  1888  2669 I LSPosed-Bridge: 	at android.app.ContextImpl.enforcePermission(ContextImpl.java:1822)

06-25 16:19:20.366  1888  2669 I LSPosed-Bridge: 	at android.content.ContextWrapper.enforcePermission(ContextWrapper.java:765)

06-25 16:19:20.366  1888  2669 I LSPosed-Bridge: 	at android.content.ContextWrapper.enforcePermission(ContextWrapper.java:765)

06-25 16:19:20.366  1888  2669 I LSPosed-Bridge: 	at android.telephony.LocationAccessPolicy.canAccessCellLocation(LocationAccessPolicy.java:71)

06-25 16:19:20.366  1888  2669 I LSPosed-Bridge: 	at com.android.phone.PhoneInterfaceManager.getAllCellInfo(PhoneInterfaceManager.java:1808)

06-25 16:19:20.366  1888  2669 I LSPosed-Bridge: 	at com.android.internal.telephony.ITelephony$Stub.onTransact(ITelephony.java:936)

06-25 16:19:20.366  1888  2669 I LSPosed-Bridge: 	at android.os.Binder.execTransact(Binder.java:731)

06-25 16:19:20.368 10463 10769 I LSPosed-Bridge: 10463 PermLabel 10125; permName: android.permission.ACCESS_COARSE_LOCATION; getAllCellInfo res = [CellInfoWcdma:{mRegistered=NO mTimeStampType=oem_ril mTimeStamp=306093236288ns mCellConnectionStatus=0 CellIdentityWcdma:{ mLac=2011 mCid=13219378 mPsc=149 mUarfcn=10638 mMcc=466 mMnc=89 mAlphaLong=T Star mAlphaShort=T Star} CellSignalStrengthWcdma: ss=18 ber=99}, CellInfoWcdma:{mRegistered=NO mTimeStampType=oem_ril mTimeStamp=306093236288ns mCellConnectionStatus=0 CellIdentityWcdma:{ mLac=2147483647 mCid=2147483647 mPsc=46 mUarfcn=10638 mMcc=null mMnc=null mAlphaLong= mAlphaShort=} CellSignalStrengthWcdma: ss=17 ber=99}]; stacktrace=java.lang.Exception

06-25 16:19:20.368 10463 10769 I LSPosed-Bridge: 	at com.example.permlabel.hookLocationExtra_test$4.afterHookedMethod(hookLocationExtra_test.java:73)

06-25 16:19:20.368 10463 10769 I LSPosed-Bridge: 	at de.robv.android.xposed.XposedBridge$AdditionalHookInfo.callback(Unknown Source:147)

06-25 16:19:20.368 10463 10769 I LSPosed-Bridge: 	at LSPHooker_.getAllCellInfo(Unknown Source:8)

06-25 16:19:20.368 10463 10769 I LSPosed-Bridge: 	at com.loc.ea.b(Unknown Source:187)

06-25 16:19:20.368 10463 10769 I LSPosed-Bridge: 	at com.loc.ea.a(Unknown Source:39)

06-25 16:19:20.368 10463 10769 I LSPosed-Bridge: 	at com.loc.dr.a(Unknown Source:206)

06-25 16:19:20.368 10463 10769 I LSPosed-Bridge: 	at com.loc.e.b(Unknown Source:165)

06-25 16:19:20.368 10463 10769 I LSPosed-Bridge: 	at com.loc.e$a.handleMessage(Unknown Source:379)

06-25 16:19:20.368 10463 10769 I LSPosed-Bridge: 	at android.os.Handler.dispatchMessage(Handler.java:106)

06-25 16:19:20.368 10463 10769 I LSPosed-Bridge: 	at android.os.Looper.loop(Looper.java:193)

06-25 16:19:20.368 10463 10769 I LSPosed-Bridge: 	at android.os.HandlerThread.run(HandlerThread.java:65)

06-25 16:19:20.368 10463 10769 I LSPosed-Bridge: 	at com.loc.e$b.run(Unknown Source:0)

06-25 16:19:30.439  1571  4577 I LSPosed-Bridge: 10463 PermLabel 10125 AMS.checkPermission: Binder.getCallingPid() = 1888; uid = 10125; Binder.getCallingUid() = 1001; getNameForUid: android.uid.phone:1001; getPackagesForUid: [com.qualcomm.qti.telephonyservice, com.qualcomm.qti.autoregistration, com.qualcomm.qti.networksetting, com.android.phone, com.qualcomm.simcontacts, com.qti.qualcomm.datastatusnotification, com.android.stk, com.qti.confuridialer, com.qti.qualcomm.deviceinfo, com.qualcomm.qti.callfeaturessetting, org.codeaurora.ims, com.qualcomm.qti.uim, com.android.providers.telephony, com.android.mms.service, com.qualcomm.qti.lpa, com.qualcomm.qcrilmsgtunnel, com.qualcomm.qti.ims, com.qti.xdivert]; permName: android.permission.ACCESS_COARSE_LOCATION; type = 1; res = 0; stacktrace=java.lang.Exception

06-25 16:19:30.439  1571  4577 I LSPosed-Bridge: 	at com.example.permlabel.requirePerm$1$2.afterHookedMethod(requirePerm.java:137)

06-25 16:19:30.439  1571  4577 I LSPosed-Bridge: 	at de.robv.android.xposed.XposedBridge$AdditionalHookInfo.callback(Unknown Source:147)

06-25 16:19:30.439  1571  4577 I LSPosed-Bridge: 	at LSPHooker_.checkPermission(Unknown Source:25)

06-25 16:19:30.439  1571  4577 I LSPosed-Bridge: 	at android.app.IActivityManager$Stub.onTransact(IActivityManager.java:664)

06-25 16:19:30.439  1571  4577 I LSPosed-Bridge: 	at com.android.server.am.ActivityManagerService.onTransact(ActivityManagerService.java:3346)

06-25 16:19:30.439  1571  4577 I LSPosed-Bridge: 	at android.os.Binder.execTransact(Binder.java:731)

06-25 16:19:30.439  1888  2274 I LSPosed-Bridge: 1888 PermLabel 1001 ContextImpl.checkPermission: pid = 10463; uid = 10125; permName: android.permission.ACCESS_COARSE_LOCATION; type = 1; res = 0; stacktrace=java.lang.Exception

06-25 16:19:30.439  1888  2274 I LSPosed-Bridge: 	at com.example.permlabel.requestPerm$2.afterHookedMethod(requestPerm.java:216)

06-25 16:19:30.439  1888  2274 I LSPosed-Bridge: 	at de.robv.android.xposed.XposedBridge$AdditionalHookInfo.callback(Unknown Source:147)

06-25 16:19:30.439  1888  2274 I LSPosed-Bridge: 	at LSPHooker_.checkPermission(Unknown Source:25)

06-25 16:19:30.439  1888  2274 I LSPosed-Bridge: 	at android.app.ContextImpl.enforcePermission(ContextImpl.java:1822)

06-25 16:19:30.439  1888  2274 I LSPosed-Bridge: 	at android.content.ContextWrapper.enforcePermission(ContextWrapper.java:765)

06-25 16:19:30.439  1888  2274 I LSPosed-Bridge: 	at android.content.ContextWrapper.enforcePermission(ContextWrapper.java:765)

06-25 16:19:30.439  1888  2274 I LSPosed-Bridge: 	at android.telephony.LocationAccessPolicy.canAccessCellLocation(LocationAccessPolicy.java:71)

06-25 16:19:30.439  1888  2274 I LSPosed-Bridge: 	at com.android.phone.PhoneInterfaceManager.getAllCellInfo(PhoneInterfaceManager.java:1808)

06-25 16:19:30.439  1888  2274 I LSPosed-Bridge: 	at com.android.internal.telephony.ITelephony$Stub.onTransact(ITelephony.java:936)

06-25 16:19:30.439  1888  2274 I LSPosed-Bridge: 	at android.os.Binder.execTransact(Binder.java:731)

06-25 16:19:30.478 10463 10769 I LSPosed-Bridge: 10463 PermLabel 10125; permName: android.permission.ACCESS_COARSE_LOCATION; getAllCellInfo res = [CellInfoWcdma:{mRegistered=NO mTimeStampType=oem_ril mTimeStamp=316228790555ns mCellConnectionStatus=0 CellIdentityWcdma:{ mLac=2011 mCid=13219378 mPsc=149 mUarfcn=10638 mMcc=466 mMnc=89 mAlphaLong=T Star mAlphaShort=T Star} CellSignalStrengthWcdma: ss=18 ber=99}, CellInfoWcdma:{mRegistered=NO mTimeStampType=oem_ril mTimeStamp=316228790555ns mCellConnectionStatus=0 CellIdentityWcdma:{ mLac=2147483647 mCid=2147483647 mPsc=46 mUarfcn=10638 mMcc=null mMnc=null mAlphaLong= mAlphaShort=} CellSignalStrengthWcdma: ss=17 ber=99}]; stacktrace=java.lang.Exception

06-25 16:19:30.478 10463 10769 I LSPosed-Bridge: 	at com.example.permlabel.hookLocationExtra_test$4.afterHookedMethod(hookLocationExtra_test.java:73)

06-25 16:19:30.478 10463 10769 I LSPosed-Bridge: 	at de.robv.android.xposed.XposedBridge$AdditionalHookInfo.callback(Unknown Source:147)

06-25 16:19:30.478 10463 10769 I LSPosed-Bridge: 	at LSPHooker_.getAllCellInfo(Unknown Source:8)

06-25 16:19:30.478 10463 10769 I LSPosed-Bridge: 	at com.loc.ea.p(Unknown Source:14)

06-25 16:19:30.478 10463 10769 I LSPosed-Bridge: 	at com.loc.ea.b(Unknown Source:70)

06-25 16:19:30.478 10463 10769 I LSPosed-Bridge: 	at com.loc.ea.a(Unknown Source:39)

06-25 16:19:30.478 10463 10769 I LSPosed-Bridge: 	at com.loc.dr.a(Unknown Source:206)

06-25 16:19:30.478 10463 10769 I LSPosed-Bridge: 	at com.loc.e.b(Unknown Source:165)

06-25 16:19:30.478 10463 10769 I LSPosed-Bridge: 	at com.loc.e$a.handleMessage(Unknown Source:379)

06-25 16:19:30.478 10463 10769 I LSPosed-Bridge: 	at android.os.Handler.dispatchMessage(Handler.java:106)

06-25 16:19:30.478 10463 10769 I LSPosed-Bridge: 	at android.os.Looper.loop(Looper.java:193)

06-25 16:19:30.478 10463 10769 I LSPosed-Bridge: 	at android.os.HandlerThread.run(HandlerThread.java:65)

06-25 16:19:30.478 10463 10769 I LSPosed-Bridge: 	at com.loc.e$b.run(Unknown Source:0)

06-25 16:19:30.483  1571  1866 I LSPosed-Bridge: 10463 PermLabel 10125 AMS.checkPermission: Binder.getCallingPid() = 1888; uid = 10125; Binder.getCallingUid() = 1001; getNameForUid: android.uid.phone:1001; getPackagesForUid: [com.qualcomm.qti.telephonyservice, com.qualcomm.qti.autoregistration, com.qualcomm.qti.networksetting, com.android.phone, com.qualcomm.simcontacts, com.qti.qualcomm.datastatusnotification, com.android.stk, com.qti.confuridialer, com.qti.qualcomm.deviceinfo, com.qualcomm.qti.callfeaturessetting, org.codeaurora.ims, com.qualcomm.qti.uim, com.android.providers.telephony, com.android.mms.service, com.qualcomm.qti.lpa, com.qualcomm.qcrilmsgtunnel, com.qualcomm.qti.ims, com.qti.xdivert]; permName: android.permission.ACCESS_COARSE_LOCATION; type = 1; res = 0; stacktrace=java.lang.Exception

06-25 16:19:30.483  1571  1866 I LSPosed-Bridge: 	at com.example.permlabel.requirePerm$1$2.afterHookedMethod(requirePerm.java:137)

06-25 16:19:30.483  1571  1866 I LSPosed-Bridge: 	at de.robv.android.xposed.XposedBridge$AdditionalHookInfo.callback(Unknown Source:147)

06-25 16:19:30.483  1571  1866 I LSPosed-Bridge: 	at LSPHooker_.checkPermission(Unknown Source:25)

06-25 16:19:30.483  1571  1866 I LSPosed-Bridge: 	at android.app.IActivityManager$Stub.onTransact(IActivityManager.java:664)

06-25 16:19:30.483  1571  1866 I LSPosed-Bridge: 	at com.android.server.am.ActivityManagerService.onTransact(ActivityManagerService.java:3346)

06-25 16:19:30.483  1571  1866 I LSPosed-Bridge: 	at android.os.Binder.execTransact(Binder.java:731)

06-25 16:19:30.502  1571  4577 I LSPosed-Bridge: 10463 PermLabel 10125 AMS.checkPermission: Binder.getCallingPid() = 1888; uid = 10125; Binder.getCallingUid() = 1001; getNameForUid: android.uid.phone:1001; getPackagesForUid: [com.qualcomm.qti.telephonyservice, com.qualcomm.qti.autoregistration, com.qualcomm.qti.networksetting, com.android.phone, com.qualcomm.simcontacts, com.qti.qualcomm.datastatusnotification, com.android.stk, com.qti.confuridialer, com.qti.qualcomm.deviceinfo, com.qualcomm.qti.callfeaturessetting, org.codeaurora.ims, com.qualcomm.qti.uim, com.android.providers.telephony, com.android.mms.service, com.qualcomm.qti.lpa, com.qualcomm.qcrilmsgtunnel, com.qualcomm.qti.ims, com.qti.xdivert]; permName: android.permission.ACCESS_COARSE_LOCATION; type = 1; res = 0; stacktrace=java.lang.Exception

06-25 16:19:30.502  1571  4577 I LSPosed-Bridge: 	at com.example.permlabel.requirePerm$1$2.afterHookedMethod(requirePerm.java:137)

06-25 16:19:30.502  1571  4577 I LSPosed-Bridge: 	at de.robv.android.xposed.XposedBridge$AdditionalHookInfo.callback(Unknown Source:147)

06-25 16:19:30.502  1571  4577 I LSPosed-Bridge: 	at LSPHooker_.checkPermission(Unknown Source:25)

06-25 16:19:30.502  1571  4577 I LSPosed-Bridge: 	at android.app.IActivityManager$Stub.onTransact(IActivityManager.java:664)

06-25 16:19:30.502  1571  4577 I LSPosed-Bridge: 	at com.android.server.am.ActivityManagerService.onTransact(ActivityManagerService.java:3346)

06-25 16:19:30.502  1571  4577 I LSPosed-Bridge: 	at android.os.Binder.execTransact(Binder.java:731)

06-25 16:19:30.502  1888  2274 I LSPosed-Bridge: 1888 PermLabel 1001 ContextImpl.checkPermission: pid = 10463; uid = 10125; permName: android.permission.ACCESS_COARSE_LOCATION; type = 1; res = 0; stacktrace=java.lang.Exception

06-25 16:19:30.502  1888  2274 I LSPosed-Bridge: 	at com.example.permlabel.requestPerm$2.afterHookedMethod(requestPerm.java:216)

06-25 16:19:30.502  1888  2274 I LSPosed-Bridge: 	at de.robv.android.xposed.XposedBridge$AdditionalHookInfo.callback(Unknown Source:147)

06-25 16:19:30.502  1888  2274 I LSPosed-Bridge: 	at LSPHooker_.checkPermission(Unknown Source:25)

06-25 16:19:30.502  1888  2274 I LSPosed-Bridge: 	at android.app.ContextImpl.enforcePermission(ContextImpl.java:1822)

06-25 16:19:30.502  1888  2274 I LSPosed-Bridge: 	at android.content.ContextWrapper.enforcePermission(ContextWrapper.java:765)

06-25 16:19:30.502  1888  2274 I LSPosed-Bridge: 	at android.content.ContextWrapper.enforcePermission(ContextWrapper.java:765)

06-25 16:19:30.502  1888  2274 I LSPosed-Bridge: 	at android.telephony.LocationAccessPolicy.canAccessCellLocation(LocationAccessPolicy.java:71)

06-25 16:19:30.502  1888  2274 I LSPosed-Bridge: 	at com.android.phone.PhoneInterfaceManager.getAllCellInfo(PhoneInterfaceManager.java:1808)

06-25 16:19:30.502  1888  2274 I LSPosed-Bridge: 	at com.android.internal.telephony.ITelephony$Stub.onTransact(ITelephony.java:936)

06-25 16:19:30.502  1888  2274 I LSPosed-Bridge: 	at android.os.Binder.execTransact(Binder.java:731)

06-25 16:19:30.505 10463 10769 I LSPosed-Bridge: 10463 PermLabel 10125; permName: android.permission.ACCESS_COARSE_LOCATION; getAllCellInfo res = [CellInfoWcdma:{mRegistered=NO mTimeStampType=oem_ril mTimeStamp=316228790555ns mCellConnectionStatus=0 CellIdentityWcdma:{ mLac=2011 mCid=13219378 mPsc=149 mUarfcn=10638 mMcc=466 mMnc=89 mAlphaLong=T Star mAlphaShort=T Star} CellSignalStrengthWcdma: ss=18 ber=99}, CellInfoWcdma:{mRegistered=NO mTimeStampType=oem_ril mTimeStamp=316228790555ns mCellConnectionStatus=0 CellIdentityWcdma:{ mLac=2147483647 mCid=2147483647 mPsc=46 mUarfcn=10638 mMcc=null mMnc=null mAlphaLong= mAlphaShort=} CellSignalStrengthWcdma: ss=17 ber=99}]; stacktrace=java.lang.Exception

06-25 16:19:30.505 10463 10769 I LSPosed-Bridge: 	at com.example.permlabel.hookLocationExtra_test$4.afterHookedMethod(hookLocationExtra_test.java:73)

06-25 16:19:30.505 10463 10769 I LSPosed-Bridge: 	at de.robv.android.xposed.XposedBridge$AdditionalHookInfo.callback(Unknown Source:147)

06-25 16:19:30.505 10463 10769 I LSPosed-Bridge: 	at LSPHooker_.getAllCellInfo(Unknown Source:8)

06-25 16:19:30.505 10463 10769 I LSPosed-Bridge: 	at com.loc.ea.b(Unknown Source:187)

06-25 16:19:30.505 10463 10769 I LSPosed-Bridge: 	at com.loc.ea.a(Unknown Source:39)

06-25 16:19:30.505 10463 10769 I LSPosed-Bridge: 	at com.loc.dr.a(Unknown Source:206)

06-25 16:19:30.505 10463 10769 I LSPosed-Bridge: 	at com.loc.e.b(Unknown Source:165)

06-25 16:19:30.505 10463 10769 I LSPosed-Bridge: 	at com.loc.e$a.handleMessage(Unknown Source:379)

06-25 16:19:30.505 10463 10769 I LSPosed-Bridge: 	at android.os.Handler.dispatchMessage(Handler.java:106)

06-25 16:19:30.505 10463 10769 I LSPosed-Bridge: 	at android.os.Looper.loop(Looper.java:193)

06-25 16:19:30.505 10463 10769 I LSPosed-Bridge: 	at android.os.HandlerThread.run(HandlerThread.java:65)

06-25 16:19:30.505 10463 10769 I LSPosed-Bridge: 	at com.loc.e$b.run(Unknown Source:0)

06-25 16:19:42.458  1571  1713 I LSPosed-Bridge: 10463 PermLabel 10125 AMS.checkPermission: Binder.getCallingPid() = 1888; uid = 10125; Binder.getCallingUid() = 1001; getNameForUid: android.uid.phone:1001; getPackagesForUid: [com.qualcomm.qti.telephonyservice, com.qualcomm.qti.autoregistration, com.qualcomm.qti.networksetting, com.android.phone, com.qualcomm.simcontacts, com.qti.qualcomm.datastatusnotification, com.android.stk, com.qti.confuridialer, com.qti.qualcomm.deviceinfo, com.qualcomm.qti.callfeaturessetting, org.codeaurora.ims, com.qualcomm.qti.uim, com.android.providers.telephony, com.android.mms.service, com.qualcomm.qti.lpa, com.qualcomm.qcrilmsgtunnel, com.qualcomm.qti.ims, com.qti.xdivert]; permName: android.permission.ACCESS_COARSE_LOCATION; type = 1; res = 0; stacktrace=java.lang.Exception

06-25 16:19:42.458  1571  1713 I LSPosed-Bridge: 	at com.example.permlabel.requirePerm$1$2.afterHookedMethod(requirePerm.java:137)

06-25 16:19:42.458  1571  1713 I LSPosed-Bridge: 	at de.robv.android.xposed.XposedBridge$AdditionalHookInfo.callback(Unknown Source:147)

06-25 16:19:42.458  1571  1713 I LSPosed-Bridge: 	at LSPHooker_.checkPermission(Unknown Source:25)

06-25 16:19:42.458  1571  1713 I LSPosed-Bridge: 	at android.app.IActivityManager$Stub.onTransact(IActivityManager.java:664)

06-25 16:19:42.458  1571  1713 I LSPosed-Bridge: 	at com.android.server.am.ActivityManagerService.onTransact(ActivityManagerService.java:3346)

06-25 16:19:42.458  1571  1713 I LSPosed-Bridge: 	at android.os.Binder.execTransact(Binder.java:731)

06-25 16:19:42.458   554   554 I ConfigStore: android::hardware::configstore::V1_0::ISurfaceFlingerConfigs::hasHDRDisplay retrieved: 0

06-25 16:19:42.491   554   554 I ConfigStore: android::hardware::configstore::V1_0::ISurfaceFlingerConfigs::hasHDRDisplay retrieved: 0

06-25 16:19:42.491 10463 10769 I LSPosed-Bridge: 10463 PermLabel 10125; permName: android.permission.ACCESS_COARSE_LOCATION; getAllCellInfo res = [CellInfoWcdma:{mRegistered=NO mTimeStampType=oem_ril mTimeStamp=328244673311ns mCellConnectionStatus=0 CellIdentityWcdma:{ mLac=2011 mCid=13219378 mPsc=149 mUarfcn=10638 mMcc=466 mMnc=89 mAlphaLong=T Star mAlphaShort=T Star} CellSignalStrengthWcdma: ss=18 ber=99}, CellInfoWcdma:{mRegistered=NO mTimeStampType=oem_ril mTimeStamp=328244673311ns mCellConnectionStatus=0 CellIdentityWcdma:{ mLac=2147483647 mCid=2147483647 mPsc=46 mUarfcn=10638 mMcc=null mMnc=null mAlphaLong= mAlphaShort=} CellSignalStrengthWcdma: ss=17 ber=99}]; stacktrace=java.lang.Exception

06-25 16:19:42.491 10463 10769 I LSPosed-Bridge: 	at com.example.permlabel.hookLocationExtra_test$4.afterHookedMethod(hookLocationExtra_test.java:73)

06-25 16:19:42.491 10463 10769 I LSPosed-Bridge: 	at de.robv.android.xposed.XposedBridge$AdditionalHookInfo.callback(Unknown Source:147)

06-25 16:19:42.491 10463 10769 I LSPosed-Bridge: 	at LSPHooker_.getAllCellInfo(Unknown Source:8)

06-25 16:19:42.491 10463 10769 I LSPosed-Bridge: 	at com.loc.ea.p(Unknown Source:14)

06-25 16:19:42.491 10463 10769 I LSPosed-Bridge: 	at com.loc.ea.b(Unknown Source:70)

06-25 16:19:42.491 10463 10769 I LSPosed-Bridge: 	at com.loc.ea.a(Unknown Source:39)

06-25 16:19:42.491 10463 10769 I LSPosed-Bridge: 	at com.loc.dr.a(Unknown Source:206)

06-25 16:19:42.491 10463 10769 I LSPosed-Bridge: 	at com.loc.e.b(Unknown Source:165)

06-25 16:19:42.491 10463 10769 I LSPosed-Bridge: 	at com.loc.e$a.handleMessage(Unknown Source:379)

06-25 16:19:42.491 10463 10769 I LSPosed-Bridge: 	at android.os.Handler.dispatchMessage(Handler.java:106)

06-25 16:19:42.491 10463 10769 I LSPosed-Bridge: 	at android.os.Looper.loop(Looper.java:193)

06-25 16:19:42.491 10463 10769 I LSPosed-Bridge: 	at android.os.HandlerThread.run(HandlerThread.java:65)

06-25 16:19:42.491 10463 10769 I LSPosed-Bridge: 	at com.loc.e$b.run(Unknown Source:0)

06-25 16:19:42.500  1571  1713 I LSPosed-Bridge: 10463 PermLabel 10125 AMS.checkPermission: Binder.getCallingPid() = 1888; uid = 10125; Binder.getCallingUid() = 1001; getNameForUid: android.uid.phone:1001; getPackagesForUid: [com.qualcomm.qti.telephonyservice, com.qualcomm.qti.autoregistration, com.qualcomm.qti.networksetting, com.android.phone, com.qualcomm.simcontacts, com.qti.qualcomm.datastatusnotification, com.android.stk, com.qti.confuridialer, com.qti.qualcomm.deviceinfo, com.qualcomm.qti.callfeaturessetting, org.codeaurora.ims, com.qualcomm.qti.uim, com.android.providers.telephony, com.android.mms.service, com.qualcomm.qti.lpa, com.qualcomm.qcrilmsgtunnel, com.qualcomm.qti.ims, com.qti.xdivert]; permName: android.permission.ACCESS_COARSE_LOCATION; type = 1; res = 0; stacktrace=java.lang.Exception

06-25 16:19:42.500  1571  1713 I LSPosed-Bridge: 	at com.example.permlabel.requirePerm$1$2.afterHookedMethod(requirePerm.java:137)

06-25 16:19:42.500  1571  1713 I LSPosed-Bridge: 	at de.robv.android.xposed.XposedBridge$AdditionalHookInfo.callback(Unknown Source:147)

06-25 16:19:42.500  1571  1713 I LSPosed-Bridge: 	at LSPHooker_.checkPermission(Unknown Source:25)

06-25 16:19:42.500  1571  1713 I LSPosed-Bridge: 	at android.app.IActivityManager$Stub.onTransact(IActivityManager.java:664)

06-25 16:19:42.500  1571  1713 I LSPosed-Bridge: 	at com.android.server.am.ActivityManagerService.onTransact(ActivityManagerService.java:3346)

06-25 16:19:42.500  1571  1713 I LSPosed-Bridge: 	at android.os.Binder.execTransact(Binder.java:731)

06-25 16:19:42.500  1888  2669 I LSPosed-Bridge: 1888 PermLabel 1001 ContextImpl.checkPermission: pid = 10463; uid = 10125; permName: android.permission.ACCESS_COARSE_LOCATION; type = 1; res = 0; stacktrace=java.lang.Exception

06-25 16:19:42.500  1888  2669 I LSPosed-Bridge: 	at com.example.permlabel.requestPerm$2.afterHookedMethod(requestPerm.java:216)

06-25 16:19:42.500  1888  2669 I LSPosed-Bridge: 	at de.robv.android.xposed.XposedBridge$AdditionalHookInfo.callback(Unknown Source:147)

06-25 16:19:42.500  1888  2669 I LSPosed-Bridge: 	at LSPHooker_.checkPermission(Unknown Source:25)

06-25 16:19:42.500  1888  2669 I LSPosed-Bridge: 	at android.app.ContextImpl.enforcePermission(ContextImpl.java:1822)

06-25 16:19:42.500  1888  2669 I LSPosed-Bridge: 	at android.content.ContextWrapper.enforcePermission(ContextWrapper.java:765)

06-25 16:19:42.500  1888  2669 I LSPosed-Bridge: 	at android.content.ContextWrapper.enforcePermission(ContextWrapper.java:765)

06-25 16:19:42.500  1888  2669 I LSPosed-Bridge: 	at android.telephony.LocationAccessPolicy.canAccessCellLocation(LocationAccessPolicy.java:71)

06-25 16:19:42.500  1888  2669 I LSPosed-Bridge: 	at com.android.phone.PhoneInterfaceManager.getNeighboringCellInfo(PhoneInterfaceManager.java:1778)

06-25 16:19:42.500  1888  2669 I LSPosed-Bridge: 	at com.android.internal.telephony.ITelephony$Stub.onTransact(ITelephony.java:491)

06-25 16:19:42.500  1888  2669 I LSPosed-Bridge: 	at android.os.Binder.execTransact(Binder.java:731)

06-25 16:19:42.517  1571  8173 I LSPosed-Bridge: 10463 PermLabel 10125 AMS.checkPermission: Binder.getCallingPid() = 1888; uid = 10125; Binder.getCallingUid() = 1001; getNameForUid: android.uid.phone:1001; getPackagesForUid: [com.qualcomm.qti.telephonyservice, com.qualcomm.qti.autoregistration, com.qualcomm.qti.networksetting, com.android.phone, com.qualcomm.simcontacts, com.qti.qualcomm.datastatusnotification, com.android.stk, com.qti.confuridialer, com.qti.qualcomm.deviceinfo, com.qualcomm.qti.callfeaturessetting, org.codeaurora.ims, com.qualcomm.qti.uim, com.android.providers.telephony, com.android.mms.service, com.qualcomm.qti.lpa, com.qualcomm.qcrilmsgtunnel, com.qualcomm.qti.ims, com.qti.xdivert]; permName: android.permission.ACCESS_COARSE_LOCATION; type = 1; res = 0; stacktrace=java.lang.Exception

06-25 16:19:42.517  1571  8173 I LSPosed-Bridge: 	at com.example.permlabel.requirePerm$1$2.afterHookedMethod(requirePerm.java:137)

06-25 16:19:42.517  1571  8173 I LSPosed-Bridge: 	at de.robv.android.xposed.XposedBridge$AdditionalHookInfo.callback(Unknown Source:147)

06-25 16:19:42.517  1571  8173 I LSPosed-Bridge: 	at LSPHooker_.checkPermission(Unknown Source:25)

06-25 16:19:42.517  1571  8173 I LSPosed-Bridge: 	at android.app.IActivityManager$Stub.onTransact(IActivityManager.java:664)

06-25 16:19:42.517  1571  8173 I LSPosed-Bridge: 	at com.android.server.am.ActivityManagerService.onTransact(ActivityManagerService.java:3346)

06-25 16:19:42.517  1571  8173 I LSPosed-Bridge: 	at android.os.Binder.execTransact(Binder.java:731)

06-25 16:19:42.526   554   554 I ConfigStore: android::hardware::configstore::V1_0::ISurfaceFlingerConfigs::hasHDRDisplay retrieved: 0

06-25 16:19:42.526 10463 10769 I LSPosed-Bridge: 10463 PermLabel 10125; permName: android.permission.ACCESS_COARSE_LOCATION; getAllCellInfo res = [CellInfoWcdma:{mRegistered=NO mTimeStampType=oem_ril mTimeStamp=328244673311ns mCellConnectionStatus=0 CellIdentityWcdma:{ mLac=2011 mCid=13219378 mPsc=149 mUarfcn=10638 mMcc=466 mMnc=89 mAlphaLong=T Star mAlphaShort=T Star} CellSignalStrengthWcdma: ss=18 ber=99}, CellInfoWcdma:{mRegistered=NO mTimeStampType=oem_ril mTimeStamp=328244673311ns mCellConnectionStatus=0 CellIdentityWcdma:{ mLac=2147483647 mCid=2147483647 mPsc=46 mUarfcn=10638 mMcc=null mMnc=null mAlphaLong= mAlphaShort=} CellSignalStrengthWcdma: ss=17 ber=99}]; stacktrace=java.lang.Exception

06-25 16:19:42.526 10463 10769 I LSPosed-Bridge: 	at com.example.permlabel.hookLocationExtra_test$4.afterHookedMethod(hookLocationExtra_test.java:73)

06-25 16:19:42.526 10463 10769 I LSPosed-Bridge: 	at de.robv.android.xposed.XposedBridge$AdditionalHookInfo.callback(Unknown Source:147)

06-25 16:19:42.526 10463 10769 I LSPosed-Bridge: 	at LSPHooker_.getAllCellInfo(Unknown Source:8)

06-25 16:19:42.526 10463 10769 I LSPosed-Bridge: 	at com.loc.ea.b(Unknown Source:187)

06-25 16:19:42.526 10463 10769 I LSPosed-Bridge: 	at com.loc.ea.a(Unknown Source:39)

06-25 16:19:42.526 10463 10769 I LSPosed-Bridge: 	at com.loc.dr.a(Unknown Source:206)

06-25 16:19:42.526 10463 10769 I LSPosed-Bridge: 	at com.loc.e.b(Unknown Source:165)

06-25 16:19:42.526 10463 10769 I LSPosed-Bridge: 	at com.loc.e$a.handleMessage(Unknown Source:379)

06-25 16:19:42.526 10463 10769 I LSPosed-Bridge: 	at android.os.Handler.dispatchMessage(Handler.java:106)

06-25 16:19:42.526 10463 10769 I LSPosed-Bridge: 	at android.os.Looper.loop(Looper.java:193)

06-25 16:19:42.526 10463 10769 I LSPosed-Bridge: 	at android.os.HandlerThread.run(HandlerThread.java:65)

06-25 16:19:42.526 10463 10769 I LSPosed-Bridge: 	at com.loc.e$b.run(Unknown Source:0)

06-25 16:19:54.484  1571  1713 I LSPosed-Bridge: 10463 PermLabel 10125 AMS.checkPermission: Binder.getCallingPid() = 1888; uid = 10125; Binder.getCallingUid() = 1001; getNameForUid: android.uid.phone:1001; getPackagesForUid: [com.qualcomm.qti.telephonyservice, com.qualcomm.qti.autoregistration, com.qualcomm.qti.networksetting, com.android.phone, com.qualcomm.simcontacts, com.qti.qualcomm.datastatusnotification, com.android.stk, com.qti.confuridialer, com.qti.qualcomm.deviceinfo, com.qualcomm.qti.callfeaturessetting, org.codeaurora.ims, com.qualcomm.qti.uim, com.android.providers.telephony, com.android.mms.service, com.qualcomm.qti.lpa, com.qualcomm.qcrilmsgtunnel, com.qualcomm.qti.ims, com.qti.xdivert]; permName: android.permission.ACCESS_COARSE_LOCATION; type = 1; res = 0; stacktrace=java.lang.Exception

06-25 16:19:54.484  1571  1713 I LSPosed-Bridge: 	at com.example.permlabel.requirePerm$1$2.afterHookedMethod(requirePerm.java:137)

06-25 16:19:54.484  1571  1713 I LSPosed-Bridge: 	at de.robv.android.xposed.XposedBridge$AdditionalHookInfo.callback(Unknown Source:147)

06-25 16:19:54.484  1571  1713 I LSPosed-Bridge: 	at LSPHooker_.checkPermission(Unknown Source:25)

06-25 16:19:54.484  1571  1713 I LSPosed-Bridge: 	at android.app.IActivityManager$Stub.onTransact(IActivityManager.java:664)

06-25 16:19:54.484  1571  1713 I LSPosed-Bridge: 	at com.android.server.am.ActivityManagerService.onTransact(ActivityManagerService.java:3346)

06-25 16:19:54.484  1571  1713 I LSPosed-Bridge: 	at android.os.Binder.execTransact(Binder.java:731)

06-25 16:19:54.523   554   554 I chatty  : uid=1000(system) /system/bin/surfaceflinger identical 2 lines

06-25 16:19:54.523   554   554 I ConfigStore: android::hardware::configstore::V1_0::ISurfaceFlingerConfigs::hasHDRDisplay retrieved: 0

06-25 16:19:54.523 10463 10769 I LSPosed-Bridge: 10463 PermLabel 10125; permName: android.permission.ACCESS_COARSE_LOCATION; getAllCellInfo res = [CellInfoWcdma:{mRegistered=NO mTimeStampType=oem_ril mTimeStamp=340271692577ns mCellConnectionStatus=0 CellIdentityWcdma:{ mLac=2011 mCid=13219378 mPsc=149 mUarfcn=10638 mMcc=466 mMnc=89 mAlphaLong=T Star mAlphaShort=T Star} CellSignalStrengthWcdma: ss=18 ber=99}, CellInfoWcdma:{mRegistered=NO mTimeStampType=oem_ril mTimeStamp=340271692577ns mCellConnectionStatus=0 CellIdentityWcdma:{ mLac=2147483647 mCid=2147483647 mPsc=46 mUarfcn=10638 mMcc=null mMnc=null mAlphaLong= mAlphaShort=} CellSignalStrengthWcdma: ss=17 ber=99}]; stacktrace=java.lang.Exception

06-25 16:19:54.523 10463 10769 I LSPosed-Bridge: 	at com.example.permlabel.hookLocationExtra_test$4.afterHookedMethod(hookLocationExtra_test.java:73)

06-25 16:19:54.523 10463 10769 I LSPosed-Bridge: 	at de.robv.android.xposed.XposedBridge$AdditionalHookInfo.callback(Unknown Source:147)

06-25 16:19:54.523 10463 10769 I LSPosed-Bridge: 	at LSPHooker_.getAllCellInfo(Unknown Source:8)

06-25 16:19:54.523 10463 10769 I LSPosed-Bridge: 	at com.loc.ea.p(Unknown Source:14)

06-25 16:19:54.523 10463 10769 I LSPosed-Bridge: 	at com.loc.ea.b(Unknown Source:70)

06-25 16:19:54.523 10463 10769 I LSPosed-Bridge: 	at com.loc.ea.a(Unknown Source:39)

06-25 16:19:54.523 10463 10769 I LSPosed-Bridge: 	at com.loc.dr.a(Unknown Source:206)

06-25 16:19:54.523 10463 10769 I LSPosed-Bridge: 	at com.loc.e.b(Unknown Source:165)

06-25 16:19:54.523 10463 10769 I LSPosed-Bridge: 	at com.loc.e$a.handleMessage(Unknown Source:379)

06-25 16:19:54.523 10463 10769 I LSPosed-Bridge: 	at android.os.Handler.dispatchMessage(Handler.java:106)

06-25 16:19:54.523 10463 10769 I LSPosed-Bridge: 	at android.os.Looper.loop(Looper.java:193)

06-25 16:19:54.523 10463 10769 I LSPosed-Bridge: 	at android.os.HandlerThread.run(HandlerThread.java:65)

06-25 16:19:54.523 10463 10769 I LSPosed-Bridge: 	at com.loc.e$b.run(Unknown Source:0)

06-25 16:19:54.530  1571  1713 I LSPosed-Bridge: 10463 PermLabel 10125 AMS.checkPermission: Binder.getCallingPid() = 1888; uid = 10125; Binder.getCallingUid() = 1001; getNameForUid: android.uid.phone:1001; getPackagesForUid: [com.qualcomm.qti.telephonyservice, com.qualcomm.qti.autoregistration, com.qualcomm.qti.networksetting, com.android.phone, com.qualcomm.simcontacts, com.qti.qualcomm.datastatusnotification, com.android.stk, com.qti.confuridialer, com.qti.qualcomm.deviceinfo, com.qualcomm.qti.callfeaturessetting, org.codeaurora.ims, com.qualcomm.qti.uim, com.android.providers.telephony, com.android.mms.service, com.qualcomm.qti.lpa, com.qualcomm.qcrilmsgtunnel, com.qualcomm.qti.ims, com.qti.xdivert]; permName: android.permission.ACCESS_COARSE_LOCATION; type = 1; res = 0; stacktrace=java.lang.Exception

06-25 16:19:54.530  1571  1713 I LSPosed-Bridge: 	at com.example.permlabel.requirePerm$1$2.afterHookedMethod(requirePerm.java:137)

06-25 16:19:54.530  1571  1713 I LSPosed-Bridge: 	at de.robv.android.xposed.XposedBridge$AdditionalHookInfo.callback(Unknown Source:147)

06-25 16:19:54.530  1571  1713 I LSPosed-Bridge: 	at LSPHooker_.checkPermission(Unknown Source:25)

06-25 16:19:54.530  1571  1713 I LSPosed-Bridge: 	at android.app.IActivityManager$Stub.onTransact(IActivityManager.java:664)

06-25 16:19:54.530  1571  1713 I LSPosed-Bridge: 	at com.android.server.am.ActivityManagerService.onTransact(ActivityManagerService.java:3346)

06-25 16:19:54.530  1571  1713 I LSPosed-Bridge: 	at android.os.Binder.execTransact(Binder.java:731)

06-25 16:19:54.553  1571  1713 I LSPosed-Bridge: 10463 PermLabel 10125 AMS.checkPermission: Binder.getCallingPid() = 1888; uid = 10125; Binder.getCallingUid() = 1001; getNameForUid: android.uid.phone:1001; getPackagesForUid: [com.qualcomm.qti.telephonyservice, com.qualcomm.qti.autoregistration, com.qualcomm.qti.networksetting, com.android.phone, com.qualcomm.simcontacts, com.qti.qualcomm.datastatusnotification, com.android.stk, com.qti.confuridialer, com.qti.qualcomm.deviceinfo, com.qualcomm.qti.callfeaturessetting, org.codeaurora.ims, com.qualcomm.qti.uim, com.android.providers.telephony, com.android.mms.service, com.qualcomm.qti.lpa, com.qualcomm.qcrilmsgtunnel, com.qualcomm.qti.ims, com.qti.xdivert]; permName: android.permission.ACCESS_COARSE_LOCATION; type = 1; res = 0; stacktrace=java.lang.Exception

06-25 16:19:54.553  1571  1713 I LSPosed-Bridge: 	at com.example.permlabel.requirePerm$1$2.afterHookedMethod(requirePerm.java:137)

06-25 16:19:54.553  1571  1713 I LSPosed-Bridge: 	at de.robv.android.xposed.XposedBridge$AdditionalHookInfo.callback(Unknown Source:147)

06-25 16:19:54.553  1571  1713 I LSPosed-Bridge: 	at LSPHooker_.checkPermission(Unknown Source:25)

06-25 16:19:54.553  1571  1713 I LSPosed-Bridge: 	at android.app.IActivityManager$Stub.onTransact(IActivityManager.java:664)

06-25 16:19:54.553  1571  1713 I LSPosed-Bridge: 	at com.android.server.am.ActivityManagerService.onTransact(ActivityManagerService.java:3346)

06-25 16:19:54.553  1571  1713 I LSPosed-Bridge: 	at android.os.Binder.execTransact(Binder.java:731)

06-25 16:19:54.553 18243 18243 I Input   : injectMotionEvent: MotionEvent { action=ACTION_MOVE, actionButton=0, id[0]=0, x[0]=391.0, y[0]=121.0, toolType[0]=TOOL_TYPE_UNKNOWN, buttonState=0, metaState=0, flags=0x0, edgeFlags=0x0, pointerCount=1, historySize=0, eventTime=340323, downTime=340323, deviceId=5, source=0x1002 }

06-25 16:19:54.558 10463 10769 I LSPosed-Bridge: 10463 PermLabel 10125; permName: android.permission.ACCESS_COARSE_LOCATION; getAllCellInfo res = [CellInfoWcdma:{mRegistered=NO mTimeStampType=oem_ril mTimeStamp=340271692577ns mCellConnectionStatus=0 CellIdentityWcdma:{ mLac=2011 mCid=13219378 mPsc=149 mUarfcn=10638 mMcc=466 mMnc=89 mAlphaLong=T Star mAlphaShort=T Star} CellSignalStrengthWcdma: ss=18 ber=99}, CellInfoWcdma:{mRegistered=NO mTimeStampType=oem_ril mTimeStamp=340271692577ns mCellConnectionStatus=0 CellIdentityWcdma:{ mLac=2147483647 mCid=2147483647 mPsc=46 mUarfcn=10638 mMcc=null mMnc=null mAlphaLong= mAlphaShort=} CellSignalStrengthWcdma: ss=17 ber=99}]; stacktrace=java.lang.Exception

06-25 16:19:54.558 10463 10769 I LSPosed-Bridge: 	at com.example.permlabel.hookLocationExtra_test$4.afterHookedMethod(hookLocationExtra_test.java:73)

06-25 16:19:54.558 10463 10769 I LSPosed-Bridge: 	at de.robv.android.xposed.XposedBridge$AdditionalHookInfo.callback(Unknown Source:147)

