06-22 20:20:05.810  1575  6478 I LSPosed-Bridge: 5347 PermLabel 10124 AMS.checkPermission: Binder.getCallingPid() = 920; uid = 10124; Binder.getCallingUid() = 1047; getNameForUid: null; getPackagesForUid: null; permName: android.permission.CAMERA; type = 1; res = -1; stacktrace=java.lang.Exception

06-22 20:20:05.810  1575  6478 I LSPosed-Bridge: 	at com.example.permlabel.requirePerm$1$2.afterHookedMethod(requirePerm.java:133)

06-22 20:20:05.810  1575  6478 I LSPosed-Bridge: 	at de.robv.android.xposed.XposedBridge$AdditionalHookInfo.callback(Unknown Source:147)

06-22 20:20:05.810  1575  6478 I LSPosed-Bridge: 	at LSPHooker_.checkPermission(Unknown Source:25)

06-22 20:20:05.810  1575  6478 I LSPosed-Bridge: 	at com.android.server.am.ActivityManagerService$PermissionController.checkPermission(ActivityManagerService.java:9248)

06-22 20:20:05.810  1575  6478 I LSPosed-Bridge: 	at android.os.IPermissionController$Stub.onTransact(IPermissionController.java:56)

06-22 20:20:05.810  1575  6478 I LSPosed-Bridge: 	at android.os.Binder.execTransact(Binder.java:731)

06-22 20:20:05.914  1575  6478 I LSPosed-Bridge: 5347 PermLabel 10124 AMS.checkPermission: Binder.getCallingPid() = 920; uid = 10124; Binder.getCallingUid() = 1047; getNameForUid: null; getPackagesForUid: null; permName: android.permission.CAMERA; type = 1; res = -1; stacktrace=java.lang.Exception

06-22 20:20:05.914  1575  6478 I LSPosed-Bridge: 	at com.example.permlabel.requirePerm$1$2.afterHookedMethod(requirePerm.java:133)

06-22 20:20:05.914  1575  6478 I LSPosed-Bridge: 	at de.robv.android.xposed.XposedBridge$AdditionalHookInfo.callback(Unknown Source:147)

06-22 20:20:05.914  1575  6478 I LSPosed-Bridge: 	at LSPHooker_.checkPermission(Unknown Source:25)

06-22 20:20:05.914  1575  6478 I LSPosed-Bridge: 	at com.android.server.am.ActivityManagerService$PermissionController.checkPermission(ActivityManagerService.java:9248)

06-22 20:20:05.914  1575  6478 I LSPosed-Bridge: 	at android.os.IPermissionController$Stub.onTransact(IPermissionController.java:56)

06-22 20:20:05.914  1575  6478 I LSPosed-Bridge: 	at android.os.Binder.execTransact(Binder.java:731)

06-22 20:20:05.914   920  6773 W ServiceManager: Permission failure: android.permission.CAMERA from uid=10124 pid=5347

06-22 20:20:05.914   920  6773 E CameraService: Permission Denial: can't use the camera pid=5347, uid=10124

06-22 20:20:06.016  1575  6478 I LSPosed-Bridge: 5347 PermLabel 10124 AMS.checkPermission: Binder.getCallingPid() = 920; uid = 10124; Binder.getCallingUid() = 1047; getNameForUid: null; getPackagesForUid: null; permName: android.permission.CAMERA; type = 1; res = -1; stacktrace=java.lang.Exception

06-22 20:20:06.016  1575  6478 I LSPosed-Bridge: 	at com.example.permlabel.requirePerm$1$2.afterHookedMethod(requirePerm.java:133)

06-22 20:20:06.016  1575  6478 I LSPosed-Bridge: 	at de.robv.android.xposed.XposedBridge$AdditionalHookInfo.callback(Unknown Source:147)

06-22 20:20:06.016  1575  6478 I LSPosed-Bridge: 	at LSPHooker_.checkPermission(Unknown Source:25)

06-22 20:20:06.016  1575  6478 I LSPosed-Bridge: 	at com.android.server.am.ActivityManagerService$PermissionController.checkPermission(ActivityManagerService.java:9248)

06-22 20:20:06.016  1575  6478 I LSPosed-Bridge: 	at android.os.IPermissionController$Stub.onTransact(IPermissionController.java:56)

06-22 20:20:06.016  1575  6478 I LSPosed-Bridge: 	at android.os.Binder.execTransact(Binder.java:731)

06-22 20:20:06.119  1575  6478 I LSPosed-Bridge: 5347 PermLabel 10124 AMS.checkPermission: Binder.getCallingPid() = 920; uid = 10124; Binder.getCallingUid() = 1047; getNameForUid: null; getPackagesForUid: null; permName: android.permission.CAMERA; type = 1; res = -1; stacktrace=java.lang.Exception

06-22 20:20:06.119  1575  6478 I LSPosed-Bridge: 	at com.example.permlabel.requirePerm$1$2.afterHookedMethod(requirePerm.java:133)

06-22 20:20:06.119  1575  6478 I LSPosed-Bridge: 	at de.robv.android.xposed.XposedBridge$AdditionalHookInfo.callback(Unknown Source:147)

06-22 20:20:06.119  1575  6478 I LSPosed-Bridge: 	at LSPHooker_.checkPermission(Unknown Source:25)

06-22 20:20:06.119  1575  6478 I LSPosed-Bridge: 	at com.android.server.am.ActivityManagerService$PermissionController.checkPermission(ActivityManagerService.java:9248)

06-22 20:20:06.119  1575  6478 I LSPosed-Bridge: 	at android.os.IPermissionController$Stub.onTransact(IPermissionController.java:56)

06-22 20:20:06.119  1575  6478 I LSPosed-Bridge: 	at android.os.Binder.execTransact(Binder.java:731)

06-22 20:20:06.226  1575  6478 I LSPosed-Bridge: 5347 PermLabel 10124 AMS.checkPermission: Binder.getCallingPid() = 920; uid = 10124; Binder.getCallingUid() = 1047; getNameForUid: null; getPackagesForUid: null; permName: android.permission.CAMERA; type = 1; res = -1; stacktrace=java.lang.Exception

06-22 20:20:06.226  1575  6478 I LSPosed-Bridge: 	at com.example.permlabel.requirePerm$1$2.afterHookedMethod(requirePerm.java:133)

06-22 20:20:06.226  1575  6478 I LSPosed-Bridge: 	at de.robv.android.xposed.XposedBridge$AdditionalHookInfo.callback(Unknown Source:147)

06-22 20:20:06.226  1575  6478 I LSPosed-Bridge: 	at LSPHooker_.checkPermission(Unknown Source:25)

06-22 20:20:06.226  1575  6478 I LSPosed-Bridge: 	at com.android.server.am.ActivityManagerService$PermissionController.checkPermission(ActivityManagerService.java:9248)

06-22 20:20:06.226  1575  6478 I LSPosed-Bridge: 	at android.os.IPermissionController$Stub.onTransact(IPermissionController.java:56)

06-22 20:20:06.226  1575  6478 I LSPosed-Bridge: 	at android.os.Binder.execTransact(Binder.java:731)

06-22 20:20:06.330  1575  6478 I LSPosed-Bridge: 5347 PermLabel 10124 AMS.checkPermission: Binder.getCallingPid() = 920; uid = 10124; Binder.getCallingUid() = 1047; getNameForUid: null; getPackagesForUid: null; permName: android.permission.CAMERA; type = 1; res = -1; stacktrace=java.lang.Exception

06-22 20:20:06.330  1575  6478 I LSPosed-Bridge: 	at com.example.permlabel.requirePerm$1$2.afterHookedMethod(requirePerm.java:133)

06-22 20:20:06.330  1575  6478 I LSPosed-Bridge: 	at de.robv.android.xposed.XposedBridge$AdditionalHookInfo.callback(Unknown Source:147)

06-22 20:20:06.330  1575  6478 I LSPosed-Bridge: 	at LSPHooker_.checkPermission(Unknown Source:25)

06-22 20:20:06.330  1575  6478 I LSPosed-Bridge: 	at com.android.server.am.ActivityManagerService$PermissionController.checkPermission(ActivityManagerService.java:9248)

06-22 20:20:06.330  1575  6478 I LSPosed-Bridge: 	at android.os.IPermissionController$Stub.onTransact(IPermissionController.java:56)

06-22 20:20:06.330  1575  6478 I LSPosed-Bridge: 	at android.os.Binder.execTransact(Binder.java:731)

06-22 20:20:06.434  1575  6478 I LSPosed-Bridge: 5347 PermLabel 10124 AMS.checkPermission: Binder.getCallingPid() = 920; uid = 10124; Binder.getCallingUid() = 1047; getNameForUid: null; getPackagesForUid: null; permName: android.permission.CAMERA; type = 1; res = -1; stacktrace=java.lang.Exception

06-22 20:20:06.434  1575  6478 I LSPosed-Bridge: 	at com.example.permlabel.requirePerm$1$2.afterHookedMethod(requirePerm.java:133)

06-22 20:20:06.434  1575  6478 I LSPosed-Bridge: 	at de.robv.android.xposed.XposedBridge$AdditionalHookInfo.callback(Unknown Source:147)

06-22 20:20:06.434  1575  6478 I LSPosed-Bridge: 	at LSPHooker_.checkPermission(Unknown Source:25)

06-22 20:20:06.434  1575  6478 I LSPosed-Bridge: 	at com.android.server.am.ActivityManagerService$PermissionController.checkPermission(ActivityManagerService.java:9248)

06-22 20:20:06.434  1575  6478 I LSPosed-Bridge: 	at android.os.IPermissionController$Stub.onTransact(IPermissionController.java:56)

06-22 20:20:06.434  1575  6478 I LSPosed-Bridge: 	at android.os.Binder.execTransact(Binder.java:731)

06-22 20:20:06.434   920  6773 W ServiceManager: Permission failure: android.permission.CAMERA from uid=10124 pid=5347

06-22 20:20:06.434   920  6773 E CameraService: Permission Denial: can't use the camera pid=5347, uid=10124

06-22 20:20:06.434  5347  5948 W CameraBase: An error occurred while connecting to camera 0: Status(-8): '1: validateClientPermissionsLocked:906: Caller "loseweightapp.loseweightappforwomen.womenworkoutathome" (PID 10124, UID 5347) cannot open camera "0" without camera permission'

06-22 20:20:06.537  1575  2489 I LSPosed-Bridge: 5347 PermLabel 10124 AMS.checkPermission: Binder.getCallingPid() = 920; uid = 10124; Binder.getCallingUid() = 1047; getNameForUid: null; getPackagesForUid: null; permName: android.permission.CAMERA; type = 1; res = -1; stacktrace=java.lang.Exception

06-22 20:20:06.537  1575  2489 I LSPosed-Bridge: 	at com.example.permlabel.requirePerm$1$2.afterHookedMethod(requirePerm.java:133)

06-22 20:20:06.537  1575  2489 I LSPosed-Bridge: 	at de.robv.android.xposed.XposedBridge$AdditionalHookInfo.callback(Unknown Source:147)

06-22 20:20:06.537  1575  2489 I LSPosed-Bridge: 	at LSPHooker_.checkPermission(Unknown Source:25)

06-22 20:20:06.537  1575  2489 I LSPosed-Bridge: 	at com.android.server.am.ActivityManagerService$PermissionController.checkPermission(ActivityManagerService.java:9248)

06-22 20:20:06.537  1575  2489 I LSPosed-Bridge: 	at android.os.IPermissionController$Stub.onTransact(IPermissionController.java:56)

06-22 20:20:06.537  1575  2489 I LSPosed-Bridge: 	at android.os.Binder.execTransact(Binder.java:731)

06-22 20:20:06.537   920  6773 W ServiceManager: Permission failure: android.permission.CAMERA from uid=10124 pid=5347

06-22 20:20:06.537   920  6773 E CameraService: Permission Denial: can't use the camera pid=5347, uid=10124

06-22 20:20:06.640  1575  2489 I LSPosed-Bridge: 5347 PermLabel 10124 AMS.checkPermission: Binder.getCallingPid() = 920; uid = 10124; Binder.getCallingUid() = 1047; getNameForUid: null; getPackagesForUid: null; permName: android.permission.CAMERA; type = 1; res = -1; stacktrace=java.lang.Exception

06-22 20:20:06.640  1575  2489 I LSPosed-Bridge: 	at com.example.permlabel.requirePerm$1$2.afterHookedMethod(requirePerm.java:133)

06-22 20:20:06.640  1575  2489 I LSPosed-Bridge: 	at de.robv.android.xposed.XposedBridge$AdditionalHookInfo.callback(Unknown Source:147)

06-22 20:20:06.640  1575  2489 I LSPosed-Bridge: 	at LSPHooker_.checkPermission(Unknown Source:25)

06-22 20:20:06.640  1575  2489 I LSPosed-Bridge: 	at com.android.server.am.ActivityManagerService$PermissionController.checkPermission(ActivityManagerService.java:9248)

06-22 20:20:06.640  1575  2489 I LSPosed-Bridge: 	at android.os.IPermissionController$Stub.onTransact(IPermissionController.java:56)

06-22 20:20:06.640  1575  2489 I LSPosed-Bridge: 	at android.os.Binder.execTransact(Binder.java:731)

06-22 20:20:06.640   920  6773 W ServiceManager: Permission failure: android.permission.CAMERA from uid=10124 pid=5347

06-22 20:20:06.640   920  6773 E CameraService: Permission Denial: can't use the camera pid=5347, uid=10124

06-22 20:20:06.641  5347  5948 W CameraBase: An error occurred while connecting to camera 0: Status(-8): '1: validateClientPermissionsLocked:906: Caller "loseweightapp.loseweightappforwomen.womenworkoutathome" (PID 10124, UID 5347) cannot open camera "0" without camera permission'

06-22 20:20:06.641  5347  5948 W CameraBase: An error occurred while connecting to camera 0: Status(-8): '1: validateClientPermissionsLocked:906: Caller "loseweightapp.loseweightappforwomen.womenworkoutathome" (PID 10124, UID 5347) cannot open camera "0" without camera permission'

06-22 20:20:06.641  5347  5948 W CameraBase: An error occurred while connecting to camera 0: Status(-8): '1: validateClientPermissionsLocked:906: Caller "loseweightapp.loseweightappforwomen.womenworkoutathome" (PID 10124, UID 5347) cannot open camera "0" without camera permission'

06-22 20:20:06.641  5347  5948 E Camera  : Camera  err=-13

06-22 20:20:06.641  5347  5948 E Camera  : Camera  err=-13

06-22 20:20:06.641  5347  5948 E Camera  : Camera  err=-13

06-22 20:20:06.641   553   553 I ConfigStore: android::hardware::configstore::V1_0::ISurfaceFlingerConfigs::hasHDRDisplay retrieved: 0

06-22 20:20:06.641   553   553 I ConfigStore: android::hardware::configstore::V1_0::ISurfaceFlingerConfigs::hasHDRDisplay retrieved: 0

06-22 20:20:06.641   553   553 I ConfigStore: android::hardware::configstore::V1_0::ISurfaceFlingerConfigs::hasHDRDisplay retrieved: 0

06-22 20:20:06.641  5347  5948 I LSPosed-Bridge: 5347 PermLabel 10124 android.permission.CAMERA open cameraId: 0; res= null; stacktrace=java.lang.Exception

06-22 20:20:06.641  5347  5948 I LSPosed-Bridge: 5347 PermLabel 10124 android.permission.CAMERA open cameraId: 0; res= null; stacktrace=java.lang.Exception

06-22 20:20:06.641  5347  5948 I LSPosed-Bridge: 5347 PermLabel 10124 android.permission.CAMERA open cameraId: 0; res= null; stacktrace=java.lang.Exception

06-22 20:20:06.641  5347  5948 I LSPosed-Bridge: 	at com.example.permlabel.hookCamera$3.afterHookedMethod(hookCamera.java:49)

06-22 20:20:06.641  5347  5948 I LSPosed-Bridge: 	at com.example.permlabel.hookCamera$3.afterHookedMethod(hookCamera.java:49)

06-22 20:20:06.641  5347  5948 I LSPosed-Bridge: 	at com.example.permlabel.hookCamera$3.afterHookedMethod(hookCamera.java:49)

06-22 20:20:06.641  5347  5948 I LSPosed-Bridge: 	at de.robv.android.xposed.XposedBridge$AdditionalHookInfo.callback(Unknown Source:147)

06-22 20:20:06.641  5347  5948 I LSPosed-Bridge: 	at de.robv.android.xposed.XposedBridge$AdditionalHookInfo.callback(Unknown Source:147)

06-22 20:20:06.641  5347  5948 I LSPosed-Bridge: 	at de.robv.android.xposed.XposedBridge$AdditionalHookInfo.callback(Unknown Source:147)

06-22 20:20:06.641  5347  5948 I LSPosed-Bridge: 	at LSPHooker_.open(Unknown Source:12)

06-22 20:20:06.641  5347  5948 I LSPosed-Bridge: 	at LSPHooker_.open(Unknown Source:12)

06-22 20:20:06.641  5347  5948 I LSPosed-Bridge: 	at LSPHooker_.open(Unknown Source:12)

06-22 20:20:06.641  5347  5948 I LSPosed-Bridge: 	at org.chromium.media.VideoCaptureFactory.isZoomSupported(chromium-Monochrome.aab-stable-573513121:10)

06-22 20:20:06.641  5347  5948 I LSPosed-Bridge: 	at org.chromium.media.VideoCaptureFactory.isZoomSupported(chromium-Monochrome.aab-stable-573513121:10)

06-22 20:20:06.641  5347  5948 I LSPosed-Bridge: 	at org.chromium.media.VideoCaptureFactory.isZoomSupported(chromium-Monochrome.aab-stable-573513121:10)

06-22 20:20:06.641  5347  5948 I LSPosed-Bridge: 5347 PermLabel 10124 android.permission.CAMERA open cameraId: 0; res= null; stacktrace=java.lang.Exception

06-22 20:20:06.641  5347  5948 I LSPosed-Bridge: 5347 PermLabel 10124 android.permission.CAMERA open cameraId: 0; res= null; stacktrace=java.lang.Exception

06-22 20:20:06.641  5347  5948 I LSPosed-Bridge: 5347 PermLabel 10124 android.permission.CAMERA open cameraId: 0; res= null; stacktrace=java.lang.Exception

06-22 20:20:06.641  5347  5948 I LSPosed-Bridge: 	at com.example.permlabel.hookCamera$3.afterHookedMethod(hookCamera.java:49)

06-22 20:20:06.641  5347  5948 I LSPosed-Bridge: 	at com.example.permlabel.hookCamera$3.afterHookedMethod(hookCamera.java:49)

06-22 20:20:06.641  5347  5948 I LSPosed-Bridge: 	at com.example.permlabel.hookCamera$3.afterHookedMethod(hookCamera.java:49)

06-22 20:20:06.641  5347  5948 I LSPosed-Bridge: 	at de.robv.android.xposed.XposedBridge$AdditionalHookInfo.callback(Unknown Source:147)

06-22 20:20:06.641  5347  5948 I LSPosed-Bridge: 	at de.robv.android.xposed.XposedBridge$AdditionalHookInfo.callback(Unknown Source:147)

06-22 20:20:06.641  5347  5948 I LSPosed-Bridge: 	at de.robv.android.xposed.XposedBridge$AdditionalHookInfo.callback(Unknown Source:147)

06-22 20:20:06.641  5347  5948 I LSPosed-Bridge: 	at LSPHooker_.open(Unknown Source:12)

06-22 20:20:06.641  5347  5948 I LSPosed-Bridge: 	at LSPHooker_.open(Unknown Source:12)

06-22 20:20:06.641  5347  5948 I LSPosed-Bridge: 	at LSPHooker_.open(Unknown Source:12)

06-22 20:20:06.641  5347  5948 I LSPosed-Bridge: 	at org.chromium.media.VideoCaptureFactory.isZoomSupported(chromium-Monochrome.aab-stable-573513121:10)

06-22 20:20:06.641  5347  5948 I LSPosed-Bridge: 	at org.chromium.media.VideoCaptureFactory.isZoomSupported(chromium-Monochrome.aab-stable-573513121:10)

06-22 20:20:06.641  5347  5948 I LSPosed-Bridge: 	at org.chromium.media.VideoCaptureFactory.isZoomSupported(chromium-Monochrome.aab-stable-573513121:10)

06-22 20:20:06.641   553   553 I ConfigStore: android::hardware::configstore::V1_0::ISurfaceFlingerConfigs::hasHDRDisplay retrieved: 0

06-22 20:20:06.641   553   553 I ConfigStore: android::hardware::configstore::V1_0::ISurfaceFlingerConfigs::hasHDRDisplay retrieved: 0

06-22 20:20:06.641   553   553 I ConfigStore: android::hardware::configstore::V1_0::ISurfaceFlingerConfigs::hasHDRDisplay retrieved: 0

06-22 20:20:06.641  5347  5948 I LSPosed-Bridge: 5347 PermLabel 10124 android.permission.CAMERA open cameraId: 0; res= null; stacktrace=java.lang.Exception

06-22 20:20:06.641  5347  5948 I LSPosed-Bridge: 5347 PermLabel 10124 android.permission.CAMERA open cameraId: 0; res= null; stacktrace=java.lang.Exception

06-22 20:20:06.641  5347  5948 I LSPosed-Bridge: 5347 PermLabel 10124 android.permission.CAMERA open cameraId: 0; res= null; stacktrace=java.lang.Exception

06-22 20:20:06.641  5347  5948 I LSPosed-Bridge: 	at com.example.permlabel.hookCamera$3.afterHookedMethod(hookCamera.java:49)

06-22 20:20:06.641  5347  5948 I LSPosed-Bridge: 	at com.example.permlabel.hookCamera$3.afterHookedMethod(hookCamera.java:49)

06-22 20:20:06.641  5347  5948 I LSPosed-Bridge: 	at com.example.permlabel.hookCamera$3.afterHookedMethod(hookCamera.java:49)

06-22 20:20:06.641  5347  5948 I LSPosed-Bridge: 	at de.robv.android.xposed.XposedBridge$AdditionalHookInfo.callback(Unknown Source:147)

06-22 20:20:06.641  5347  5948 I LSPosed-Bridge: 	at de.robv.android.xposed.XposedBridge$AdditionalHookInfo.callback(Unknown Source:147)

06-22 20:20:06.641  5347  5948 I LSPosed-Bridge: 	at de.robv.android.xposed.XposedBridge$AdditionalHookInfo.callback(Unknown Source:147)

06-22 20:20:06.641  5347  5948 I LSPosed-Bridge: 	at LSPHooker_.open(Unknown Source:12)

06-22 20:20:06.641  5347  5948 I LSPosed-Bridge: 	at LSPHooker_.open(Unknown Source:12)

06-22 20:20:06.641  5347  5948 I LSPosed-Bridge: 	at LSPHooker_.open(Unknown Source:12)

06-22 20:20:06.641  5347  5948 I LSPosed-Bridge: 	at org.chromium.media.VideoCaptureFactory.isZoomSupported(chromium-Monochrome.aab-stable-573513121:10)

06-22 20:20:06.641  5347  5948 I LSPosed-Bridge: 	at org.chromium.media.VideoCaptureFactory.isZoomSupported(chromium-Monochrome.aab-stable-573513121:10)

06-22 20:20:06.641  5347  5948 I LSPosed-Bridge: 	at org.chromium.media.VideoCaptureFactory.isZoomSupported(chromium-Monochrome.aab-stable-573513121:10)

06-22 20:20:06.641  5347  5948 E cr_VideoCapture: Camera.open: 

06-22 20:20:06.641  5347  5948 E cr_VideoCapture: Camera.open: 

06-22 20:20:06.641  5347  5948 E cr_VideoCapture: Camera.open: 

06-22 20:20:06.641  5347  5948 E cr_VideoCapture: java.lang.RuntimeException: Fail to connect to camera service

06-22 20:20:06.641  5347  5948 E cr_VideoCapture: java.lang.RuntimeException: Fail to connect to camera service

06-22 20:20:06.641  5347  5948 E cr_VideoCapture: java.lang.RuntimeException: Fail to connect to camera service

06-22 20:20:06.641  5347  5948 E cr_VideoCapture: 	at android.hardware.Camera.<init>(Camera.java:669)

06-22 20:20:06.641  5347  5948 E cr_VideoCapture: 	at android.hardware.Camera.<init>(Camera.java:669)

06-22 20:20:06.641  5347  5948 E cr_VideoCapture: 	at android.hardware.Camera.<init>(Camera.java:669)

06-22 20:20:06.641  5347  5948 E cr_VideoCapture: 	at android.hardware.Camera.open(Camera.java:460)

06-22 20:20:06.641  5347  5948 E cr_VideoCapture: 	at android.hardware.Camera.open(Camera.java:460)

06-22 20:20:06.641  5347  5948 E cr_VideoCapture: 	at android.hardware.Camera.open(Camera.java:460)

06-22 20:20:06.641  5347  5948 E cr_VideoCapture: 	at java.lang.reflect.Method.invoke(Native Method)

06-22 20:20:06.641  5347  5948 E cr_VideoCapture: 	at java.lang.reflect.Method.invoke(Native Method)

06-22 20:20:06.641  5347  5948 E cr_VideoCapture: 	at java.lang.reflect.Method.invoke(Native Method)

06-22 20:20:06.641  5347  5948 E cr_VideoCapture: 	at org.lsposed.lspd.nativebridge.HookBridge.invokeOriginalMethod(Native Method)

06-22 20:20:06.641  5347  5948 E cr_VideoCapture: 	at org.lsposed.lspd.nativebridge.HookBridge.invokeOriginalMethod(Native Method)

06-22 20:20:06.641  5347  5948 E cr_VideoCapture: 	at org.lsposed.lspd.nativebridge.HookBridge.invokeOriginalMethod(Native Method)

06-22 20:20:06.641  5347  5948 E cr_VideoCapture: 	at de.robv.android.xposed.XposedBridge$AdditionalHookInfo.callback(Unknown Source:110)

06-22 20:20:06.641  5347  5948 E cr_VideoCapture: 	at de.robv.android.xposed.XposedBridge$AdditionalHookInfo.callback(Unknown Source:110)

06-22 20:20:06.641  5347  5948 E cr_VideoCapture: 	at de.robv.android.xposed.XposedBridge$AdditionalHookInfo.callback(Unknown Source:110)

06-22 20:20:06.641  5347  5948 E cr_VideoCapture: 	at LSPHooker_.open(Unknown Source:12)

06-22 20:20:06.641  5347  5948 E cr_VideoCapture: 	at LSPHooker_.open(Unknown Source:12)

06-22 20:20:06.641  5347  5948 E cr_VideoCapture: 	at LSPHooker_.open(Unknown Source:12)

06-22 20:20:06.641  5347  5948 E cr_VideoCapture: 	at org.chromium.media.VideoCaptureFactory.isZoomSupported(chromium-Monochrome.aab-stable-573513121:10)

06-22 20:20:06.641  5347  5948 E cr_VideoCapture: 	at org.chromium.media.VideoCaptureFactory.isZoomSupported(chromium-Monochrome.aab-stable-573513121:10)

06-22 20:20:06.641  5347  5948 E cr_VideoCapture: 	at org.chromium.media.VideoCaptureFactory.isZoomSupported(chromium-Monochrome.aab-stable-573513121:10)

06-22 20:20:06.654  1575  2489 I LSPosed-Bridge: 5347 PermLabel 10124 AMS.checkPermission: Binder.getCallingPid() = 920; uid = 10124; Binder.getCallingUid() = 1047; getNameForUid: null; getPackagesForUid: null; permName: android.permission.CAMERA; type = 1; res = -1; stacktrace=java.lang.Exception

06-22 20:20:06.654  1575  2489 I LSPosed-Bridge: 	at com.example.permlabel.requirePerm$1$2.afterHookedMethod(requirePerm.java:133)

06-22 20:20:06.654  1575  2489 I LSPosed-Bridge: 	at de.robv.android.xposed.XposedBridge$AdditionalHookInfo.callback(Unknown Source:147)

06-22 20:20:06.654  1575  2489 I LSPosed-Bridge: 	at LSPHooker_.checkPermission(Unknown Source:25)

06-22 20:20:06.654  1575  2489 I LSPosed-Bridge: 	at com.android.server.am.ActivityManagerService$PermissionController.checkPermission(ActivityManagerService.java:9248)

06-22 20:20:06.654  1575  2489 I LSPosed-Bridge: 	at android.os.IPermissionController$Stub.onTransact(IPermissionController.java:56)

06-22 20:20:06.654  1575  2489 I LSPosed-Bridge: 	at android.os.Binder.execTransact(Binder.java:731)

06-22 20:20:06.654   920  6773 W ServiceManager: Permission failure: android.permission.CAMERA from uid=10124 pid=5347

06-22 20:20:06.654   920  6773 E CameraService: Permission Denial: can't use the camera pid=5347, uid=10124

06-22 20:20:06.757   553   553 I ConfigStore: android::hardware::configstore::V1_0::ISurfaceFlingerConfigs::hasHDRDisplay retrieved: 0

06-22 20:20:06.757  1575  6478 I LSPosed-Bridge: 5347 PermLabel 10124 AMS.checkPermission: Binder.getCallingPid() = 920; uid = 10124; Binder.getCallingUid() = 1047; getNameForUid: null; getPackagesForUid: null; permName: android.permission.CAMERA; type = 1; res = -1; stacktrace=java.lang.Exception

06-22 20:20:06.757  1575  6478 I LSPosed-Bridge: 	at com.example.permlabel.requirePerm$1$2.afterHookedMethod(requirePerm.java:133)

06-22 20:20:06.757  1575  6478 I LSPosed-Bridge: 	at de.robv.android.xposed.XposedBridge$AdditionalHookInfo.callback(Unknown Source:147)

06-22 20:20:06.757  1575  6478 I LSPosed-Bridge: 	at LSPHooker_.checkPermission(Unknown Source:25)

06-22 20:20:06.757  1575  6478 I LSPosed-Bridge: 	at com.android.server.am.ActivityManagerService$PermissionController.checkPermission(ActivityManagerService.java:9248)

06-22 20:20:06.757  1575  6478 I LSPosed-Bridge: 	at android.os.IPermissionController$Stub.onTransact(IPermissionController.java:56)

06-22 20:20:06.757  1575  6478 I LSPosed-Bridge: 	at android.os.Binder.execTransact(Binder.java:731)

06-22 20:20:06.862  1575  2489 I LSPosed-Bridge: 5347 PermLabel 10124 AMS.checkPermission: Binder.getCallingPid() = 920; uid = 10124; Binder.getCallingUid() = 1047; getNameForUid: null; getPackagesForUid: null; permName: android.permission.CAMERA; type = 1; res = -1; stacktrace=java.lang.Exception

06-22 20:20:06.862  1575  2489 I LSPosed-Bridge: 	at com.example.permlabel.requirePerm$1$2.afterHookedMethod(requirePerm.java:133)

06-22 20:20:06.862  1575  2489 I LSPosed-Bridge: 	at de.robv.android.xposed.XposedBridge$AdditionalHookInfo.callback(Unknown Source:147)

06-22 20:20:06.862  1575  2489 I LSPosed-Bridge: 	at LSPHooker_.checkPermission(Unknown Source:25)

06-22 20:20:06.862  1575  2489 I LSPosed-Bridge: 	at com.android.server.am.ActivityManagerService$PermissionController.checkPermission(ActivityManagerService.java:9248)

06-22 20:20:06.862  1575  2489 I LSPosed-Bridge: 	at android.os.IPermissionController$Stub.onTransact(IPermissionController.java:56)

06-22 20:20:06.862  1575  2489 I LSPosed-Bridge: 	at android.os.Binder.execTransact(Binder.java:731)

06-22 20:20:06.862   920  6773 W ServiceManager: Permission failure: android.permission.CAMERA from uid=10124 pid=5347

06-22 20:20:06.862   920  6773 E CameraService: Permission Denial: can't use the camera pid=5347, uid=10124

06-22 20:20:06.965  1575  2489 I LSPosed-Bridge: 5347 PermLabel 10124 AMS.checkPermission: Binder.getCallingPid() = 920; uid = 10124; Binder.getCallingUid() = 1047; getNameForUid: null; getPackagesForUid: null; permName: android.permission.CAMERA; type = 1; res = -1; stacktrace=java.lang.Exception

06-22 20:20:06.965  1575  2489 I LSPosed-Bridge: 	at com.example.permlabel.requirePerm$1$2.afterHookedMethod(requirePerm.java:133)

06-22 20:20:06.965  1575  2489 I LSPosed-Bridge: 	at de.robv.android.xposed.XposedBridge$AdditionalHookInfo.callback(Unknown Source:147)

06-22 20:20:06.965  1575  2489 I LSPosed-Bridge: 	at LSPHooker_.checkPermission(Unknown Source:25)

06-22 20:20:06.965  1575  2489 I LSPosed-Bridge: 	at com.android.server.am.ActivityManagerService$PermissionController.checkPermission(ActivityManagerService.java:9248)

06-22 20:20:06.965  1575  2489 I LSPosed-Bridge: 	at android.os.IPermissionController$Stub.onTransact(IPermissionController.java:56)

06-22 20:20:06.965  1575  2489 I LSPosed-Bridge: 	at android.os.Binder.execTransact(Binder.java:731)

06-22 20:20:07.072  1575  6478 I LSPosed-Bridge: 5347 PermLabel 10124 AMS.checkPermission: Binder.getCallingPid() = 920; uid = 10124; Binder.getCallingUid() = 1047; getNameForUid: null; getPackagesForUid: null; permName: android.permission.CAMERA; type = 1; res = -1; stacktrace=java.lang.Exception

06-22 20:20:07.072  1575  6478 I LSPosed-Bridge: 	at com.example.permlabel.requirePerm$1$2.afterHookedMethod(requirePerm.java:133)

06-22 20:20:07.072  1575  6478 I LSPosed-Bridge: 	at de.robv.android.xposed.XposedBridge$AdditionalHookInfo.callback(Unknown Source:147)

06-22 20:20:07.072  1575  6478 I LSPosed-Bridge: 	at LSPHooker_.checkPermission(Unknown Source:25)

06-22 20:20:07.072  1575  6478 I LSPosed-Bridge: 	at com.android.server.am.ActivityManagerService$PermissionController.checkPermission(ActivityManagerService.java:9248)

06-22 20:20:07.072  1575  6478 I LSPosed-Bridge: 	at android.os.IPermissionController$Stub.onTransact(IPermissionController.java:56)

06-22 20:20:07.072  1575  6478 I LSPosed-Bridge: 	at android.os.Binder.execTransact(Binder.java:731)

06-22 20:20:07.180  1575  6478 I LSPosed-Bridge: 5347 PermLabel 10124 AMS.checkPermission: Binder.getCallingPid() = 920; uid = 10124; Binder.getCallingUid() = 1047; getNameForUid: null; getPackagesForUid: null; permName: android.permission.CAMERA; type = 1; res = -1; stacktrace=java.lang.Exception

06-22 20:20:07.180  1575  6478 I LSPosed-Bridge: 	at com.example.permlabel.requirePerm$1$2.afterHookedMethod(requirePerm.java:133)

06-22 20:20:07.180  1575  6478 I LSPosed-Bridge: 	at de.robv.android.xposed.XposedBridge$AdditionalHookInfo.callback(Unknown Source:147)

06-22 20:20:07.180  1575  6478 I LSPosed-Bridge: 	at LSPHooker_.checkPermission(Unknown Source:25)

06-22 20:20:07.180  1575  6478 I LSPosed-Bridge: 	at com.android.server.am.ActivityManagerService$PermissionController.checkPermission(ActivityManagerService.java:9248)

06-22 20:20:07.180  1575  6478 I LSPosed-Bridge: 	at android.os.IPermissionController$Stub.onTransact(IPermissionController.java:56)

06-22 20:20:07.180  1575  6478 I LSPosed-Bridge: 	at android.os.Binder.execTransact(Binder.java:731)

06-22 20:20:07.180   920  6773 W ServiceManager: Permission failure: android.permission.CAMERA from uid=10124 pid=5347

06-22 20:20:07.180   920  6773 E CameraService: Permission Denial: can't use the camera pid=5347, uid=10124

06-22 20:20:07.283  1575  6478 I LSPosed-Bridge: 5347 PermLabel 10124 AMS.checkPermission: Binder.getCallingPid() = 920; uid = 10124; Binder.getCallingUid() = 1047; getNameForUid: null; getPackagesForUid: null; permName: android.permission.CAMERA; type = 1; res = -1; stacktrace=java.lang.Exception

06-22 20:20:07.283  1575  6478 I LSPosed-Bridge: 	at com.example.permlabel.requirePerm$1$2.afterHookedMethod(requirePerm.java:133)

06-22 20:20:07.283  1575  6478 I LSPosed-Bridge: 	at de.robv.android.xposed.XposedBridge$AdditionalHookInfo.callback(Unknown Source:147)

06-22 20:20:07.283  1575  6478 I LSPosed-Bridge: 	at LSPHooker_.checkPermission(Unknown Source:25)

06-22 20:20:07.283  1575  6478 I LSPosed-Bridge: 	at com.android.server.am.ActivityManagerService$PermissionController.checkPermission(ActivityManagerService.java:9248)

06-22 20:20:07.283  1575  6478 I LSPosed-Bridge: 	at android.os.IPermissionController$Stub.onTransact(IPermissionController.java:56)

06-22 20:20:07.283  1575  6478 I LSPosed-Bridge: 	at android.os.Binder.execTransact(Binder.java:731)

06-22 20:20:07.283   920  6773 W ServiceManager: Permission failure: android.permission.CAMERA from uid=10124 pid=5347

06-22 20:20:07.283   920  6773 E CameraService: Permission Denial: can't use the camera pid=5347, uid=10124

06-22 20:20:07.386  1575  6478 I LSPosed-Bridge: 5347 PermLabel 10124 AMS.checkPermission: Binder.getCallingPid() = 920; uid = 10124; Binder.getCallingUid() = 1047; getNameForUid: null; getPackagesForUid: null; permName: android.permission.CAMERA; type = 1; res = -1; stacktrace=java.lang.Exception

06-22 20:20:07.386  1575  6478 I LSPosed-Bridge: 	at com.example.permlabel.requirePerm$1$2.afterHookedMethod(requirePerm.java:133)

06-22 20:20:07.386  1575  6478 I LSPosed-Bridge: 	at de.robv.android.xposed.XposedBridge$AdditionalHookInfo.callback(Unknown Source:147)

06-22 20:20:07.386  1575  6478 I LSPosed-Bridge: 	at LSPHooker_.checkPermission(Unknown Source:25)

06-22 20:20:07.386  1575  6478 I LSPosed-Bridge: 	at com.android.server.am.ActivityManagerService$PermissionController.checkPermission(ActivityManagerService.java:9248)

06-22 20:20:07.386  1575  6478 I LSPosed-Bridge: 	at android.os.IPermissionController$Stub.onTransact(IPermissionController.java:56)

06-22 20:20:07.386  1575  6478 I LSPosed-Bridge: 	at android.os.Binder.execTransact(Binder.java:731)

06-22 20:20:07.386   920  6773 W ServiceManager: Permission failure: android.permission.CAMERA from uid=10124 pid=5347

06-22 20:20:07.386   920  6773 E CameraService: Permission Denial: can't use the camera pid=5347, uid=10124

06-22 20:20:07.386  5347  5948 W CameraBase: An error occurred while connecting to camera 0: Status(-8): '1: validateClientPermissionsLocked:906: Caller "loseweightapp.loseweightappforwomen.womenworkoutathome" (PID 10124, UID 5347) cannot open camera "0" without camera permission'

06-22 20:20:07.489  1575  6478 I LSPosed-Bridge: 5347 PermLabel 10124 AMS.checkPermission: Binder.getCallingPid() = 920; uid = 10124; Binder.getCallingUid() = 1047; getNameForUid: null; getPackagesForUid: null; permName: android.permission.CAMERA; type = 1; res = -1; stacktrace=java.lang.Exception

06-22 20:20:07.489  1575  6478 I LSPosed-Bridge: 	at com.example.permlabel.requirePerm$1$2.afterHookedMethod(requirePerm.java:133)

06-22 20:20:07.489  1575  6478 I LSPosed-Bridge: 	at de.robv.android.xposed.XposedBridge$AdditionalHookInfo.callback(Unknown Source:147)

06-22 20:20:07.489  1575  6478 I LSPosed-Bridge: 	at LSPHooker_.checkPermission(Unknown Source:25)

06-22 20:20:07.489  1575  6478 I LSPosed-Bridge: 	at com.android.server.am.ActivityManagerService$PermissionController.checkPermission(ActivityManagerService.java:9248)

06-22 20:20:07.489  1575  6478 I LSPosed-Bridge: 	at android.os.IPermissionController$Stub.onTransact(IPermissionController.java:56)

06-22 20:20:07.489  1575  6478 I LSPosed-Bridge: 	at android.os.Binder.execTransact(Binder.java:731)

06-22 20:20:07.489   920  6773 W ServiceManager: Permission failure: android.permission.CAMERA from uid=10124 pid=5347

06-22 20:20:07.489   920  6773 E CameraService: Permission Denial: can't use the camera pid=5347, uid=10124

06-22 20:20:07.491  5347  5948 I LSPosed-Bridge: 5347 PermLabel 10124 android.permission.CAMERA open cameraId: 0; res= null; stacktrace=java.lang.Exception

06-22 20:20:07.491  5347  5948 I LSPosed-Bridge: 5347 PermLabel 10124 android.permission.CAMERA open cameraId: 0; res= null; stacktrace=java.lang.Exception

06-22 20:20:07.491  5347  5948 I LSPosed-Bridge: 	at com.example.permlabel.hookCamera$3.afterHookedMethod(hookCamera.java:49)

06-22 20:20:07.491  5347  5948 I LSPosed-Bridge: 	at com.example.permlabel.hookCamera$3.afterHookedMethod(hookCamera.java:49)

06-22 20:20:07.491  5347  5948 I LSPosed-Bridge: 	at de.robv.android.xposed.XposedBridge$AdditionalHookInfo.callback(Unknown Source:147)

06-22 20:20:07.491  5347  5948 I LSPosed-Bridge: 	at de.robv.android.xposed.XposedBridge$AdditionalHookInfo.callback(Unknown Source:147)

06-22 20:20:07.491  5347  5948 I LSPosed-Bridge: 	at LSPHooker_.open(Unknown Source:12)

06-22 20:20:07.491  5347  5948 I LSPosed-Bridge: 	at LSPHooker_.open(Unknown Source:12)

06-22 20:20:07.491  5347  5948 I LSPosed-Bridge: 	at org.chromium.media.VideoCaptureFactory.getDeviceSupportedFormats(chromium-Monochrome.aab-stable-573513121:13)

06-22 20:20:07.491  5347  5948 I LSPosed-Bridge: 	at org.chromium.media.VideoCaptureFactory.getDeviceSupportedFormats(chromium-Monochrome.aab-stable-573513121:13)

06-22 20:20:07.491  5347  5948 I chatty  : uid=10124(loseweightapp.loseweightappforwomen.womenworkoutathome) ThreadPoolSingl identical 1 line

06-22 20:20:07.491  5347  5948 I chatty  : uid=10124(loseweightapp.loseweightappforwomen.womenworkoutathome) ThreadPoolSingl identical 1 line

06-22 20:20:07.491  5347  5948 I LSPosed-Bridge: 5347 PermLabel 10124 android.permission.CAMERA open cameraId: 0; res= null; stacktrace=java.lang.Exception

06-22 20:20:07.491  5347  5948 I LSPosed-Bridge: 5347 PermLabel 10124 android.permission.CAMERA open cameraId: 0; res= null; stacktrace=java.lang.Exception

06-22 20:20:07.491  5347  5948 I LSPosed-Bridge: 	at com.example.permlabel.hookCamera$3.afterHookedMethod(hookCamera.java:49)

06-22 20:20:07.491  5347  5948 I LSPosed-Bridge: 	at com.example.permlabel.hookCamera$3.afterHookedMethod(hookCamera.java:49)

06-22 20:20:07.491  5347  5948 I LSPosed-Bridge: 	at de.robv.android.xposed.XposedBridge$AdditionalHookInfo.callback(Unknown Source:147)

06-22 20:20:07.491  5347  5948 I LSPosed-Bridge: 	at de.robv.android.xposed.XposedBridge$AdditionalHookInfo.callback(Unknown Source:147)

06-22 20:20:07.491  5347  5948 I LSPosed-Bridge: 	at LSPHooker_.open(Unknown Source:12)

06-22 20:20:07.491  5347  5948 I LSPosed-Bridge: 	at LSPHooker_.open(Unknown Source:12)

06-22 20:20:07.491  5347  5948 I LSPosed-Bridge: 	at org.chromium.media.VideoCaptureFactory.getDeviceSupportedFormats(chromium-Monochrome.aab-stable-573513121:13)

06-22 20:20:07.491  5347  5948 I LSPosed-Bridge: 	at org.chromium.media.VideoCaptureFactory.getDeviceSupportedFormats(chromium-Monochrome.aab-stable-573513121:13)

06-22 20:20:07.491  5347  5948 E cr_VideoCapture: Camera.open: 

06-22 20:20:07.491  5347  5948 E cr_VideoCapture: Camera.open: 

06-22 20:20:07.491  5347  5948 E cr_VideoCapture: java.lang.RuntimeException: Fail to connect to camera service

06-22 20:20:07.491  5347  5948 E cr_VideoCapture: java.lang.RuntimeException: Fail to connect to camera service

06-22 20:20:07.491  5347  5948 E cr_VideoCapture: 	at android.hardware.Camera.<init>(Camera.java:669)

06-22 20:20:07.491  5347  5948 E cr_VideoCapture: 	at android.hardware.Camera.<init>(Camera.java:669)

06-22 20:20:07.491  5347  5948 E cr_VideoCapture: 	at android.hardware.Camera.open(Camera.java:460)

06-22 20:20:07.491  5347  5948 E cr_VideoCapture: 	at android.hardware.Camera.open(Camera.java:460)

06-22 20:20:07.491  5347  5948 E cr_VideoCapture: 	at java.lang.reflect.Method.invoke(Native Method)

06-22 20:20:07.491  5347  5948 E cr_VideoCapture: 	at java.lang.reflect.Method.invoke(Native Method)

06-22 20:20:07.491  5347  5948 E cr_VideoCapture: 	at org.lsposed.lspd.nativebridge.HookBridge.invokeOriginalMethod(Native Method)

06-22 20:20:07.491  5347  5948 E cr_VideoCapture: 	at org.lsposed.lspd.nativebridge.HookBridge.invokeOriginalMethod(Native Method)

06-22 20:20:07.491  5347  5948 E cr_VideoCapture: 	at de.robv.android.xposed.XposedBridge$AdditionalHookInfo.callback(Unknown Source:110)

06-22 20:20:07.491  5347  5948 E cr_VideoCapture: 	at de.robv.android.xposed.XposedBridge$AdditionalHookInfo.callback(Unknown Source:110)

06-22 20:20:07.491  5347  5948 E cr_VideoCapture: 	at LSPHooker_.open(Unknown Source:12)

06-22 20:20:07.491  5347  5948 E cr_VideoCapture: 	at LSPHooker_.open(Unknown Source:12)

06-22 20:20:07.491  5347  5948 E cr_VideoCapture: 	at org.chromium.media.VideoCaptureFactory.getDeviceSupportedFormats(chromium-Monochrome.aab-stable-573513121:13)

06-22 20:20:07.491  5347  5948 E cr_VideoCapture: 	at org.chromium.media.VideoCaptureFactory.getDeviceSupportedFormats(chromium-Monochrome.aab-stable-573513121:13)

06-22 20:24:24.305  5347  5948 I LSPosed-Bridge: 5347 PermLabel 10124 android.permission.CAMERA getCameraInfo args0: 1; args1: android.hardware.Camera$CameraInfo@c807997; res= null; stacktrace=java.lang.Exception

06-22 20:24:24.305  5347  5948 I LSPosed-Bridge: 	at com.example.permlabel.hookCamera$1.afterHookedMethod(hookCamera.java:21)

06-22 20:24:24.305  5347  5948 I LSPosed-Bridge: 	at de.robv.android.xposed.XposedBridge$AdditionalHookInfo.callback(Unknown Source:147)

06-22 20:24:24.305  5347  5948 I LSPosed-Bridge: 	at LSPHooker_.getCameraInfo(Unknown Source:15)

06-22 20:24:24.305  5347  5948 I LSPosed-Bridge: 	at z74.e(chromium-Monochrome.aab-stable-573513121:6)

06-22 20:24:24.305  5347  5948 I LSPosed-Bridge: 	at org.chromium.media.VideoCaptureFactory.getDeviceName(chromium-Monochrome.aab-stable-573513121:15)

06-22 20:24:24.306  5347  5948 I chatty  : uid=10124(loseweightapp.loseweightappforwomen.womenworkoutathome) ThreadPoolSingl identical 1 line

06-22 20:24:24.306  5347  5948 I LSPosed-Bridge: 5347 PermLabel 10124 android.permission.CAMERA getCameraInfo args0: 1; args1: android.hardware.Camera$CameraInfo@c807997; res= null; stacktrace=java.lang.Exception

06-22 20:24:24.306  5347  5948 I LSPosed-Bridge: 	at com.example.permlabel.hookCamera$1.afterHookedMethod(hookCamera.java:21)

06-22 20:24:24.306  5347  5948 I LSPosed-Bridge: 	at de.robv.android.xposed.XposedBridge$AdditionalHookInfo.callback(Unknown Source:147)

06-22 20:24:24.306  5347  5948 I LSPosed-Bridge: 	at LSPHooker_.getCameraInfo(Unknown Source:15)

06-22 20:24:24.306  5347  5948 I LSPosed-Bridge: 	at z74.e(chromium-Monochrome.aab-stable-573513121:6)

06-22 20:24:24.306  5347  5948 I LSPosed-Bridge: 	at org.chromium.media.VideoCaptureFactory.getDeviceName(chromium-Monochrome.aab-stable-573513121:15)

06-22 20:24:24.306   553   553 I ConfigStore: android::hardware::configstore::V1_0::ISurfaceFlingerConfigs::hasHDRDisplay retrieved: 0

06-22 20:24:24.339  5347  5948 I LSPosed-Bridge: 5347 PermLabel 10124 android.permission.CAMERA getCameraInfo args0: 1; args1: android.hardware.Camera$CameraInfo@3f3048f; res= null; stacktrace=java.lang.Exception

06-22 20:24:24.339  5347  5948 I LSPosed-Bridge: 	at com.example.permlabel.hookCamera$1.afterHookedMethod(hookCamera.java:21)

06-22 20:24:24.339  5347  5948 I LSPosed-Bridge: 	at de.robv.android.xposed.XposedBridge$AdditionalHookInfo.callback(Unknown Source:147)

06-22 20:24:24.339  5347  5948 I LSPosed-Bridge: 	at LSPHooker_.getCameraInfo(Unknown Source:15)

06-22 20:24:24.339  5347  5948 I LSPosed-Bridge: 	at z74.e(chromium-Monochrome.aab-stable-573513121:6)

06-22 20:24:24.339  5347  5948 I LSPosed-Bridge: 	at org.chromium.media.VideoCaptureFactory.getCaptureApiType(chromium-Monochrome.aab-stable-573513121:8)

06-22 20:24:24.340  5347  5948 I chatty  : uid=10124(loseweightapp.loseweightappforwomen.womenworkoutathome) ThreadPoolSingl identical 1 line

06-22 20:24:24.340  5347  5948 I LSPosed-Bridge: 5347 PermLabel 10124 android.permission.CAMERA getCameraInfo args0: 1; args1: android.hardware.Camera$CameraInfo@3f3048f; res= null; stacktrace=java.lang.Exception

06-22 20:24:24.340  5347  5948 I LSPosed-Bridge: 	at com.example.permlabel.hookCamera$1.afterHookedMethod(hookCamera.java:21)

06-22 20:24:24.340  5347  5948 I LSPosed-Bridge: 	at de.robv.android.xposed.XposedBridge$AdditionalHookInfo.callback(Unknown Source:147)

06-22 20:24:24.340  5347  5948 I LSPosed-Bridge: 	at LSPHooker_.getCameraInfo(Unknown Source:15)

06-22 20:24:24.340  5347  5948 I LSPosed-Bridge: 	at z74.e(chromium-Monochrome.aab-stable-573513121:6)

06-22 20:24:24.340  5347  5948 I LSPosed-Bridge: 	at org.chromium.media.VideoCaptureFactory.getCaptureApiType(chromium-Monochrome.aab-stable-573513121:8)

06-22 20:24:24.368  5347  5948 I LSPosed-Bridge: 5347 PermLabel 10124 android.permission.CAMERA getCameraInfo args0: 1; args1: android.hardware.Camera$CameraInfo@6255aab; res= null; stacktrace=java.lang.Exception

06-22 20:24:24.368  5347  5948 I LSPosed-Bridge: 5347 PermLabel 10124 android.permission.CAMERA getCameraInfo args0: 1; args1: android.hardware.Camera$CameraInfo@6255aab; res= null; stacktrace=java.lang.Exception

06-22 20:24:24.368  5347  5948 I LSPosed-Bridge: 	at com.example.permlabel.hookCamera$1.afterHookedMethod(hookCamera.java:21)

06-22 20:24:24.368  5347  5948 I LSPosed-Bridge: 	at com.example.permlabel.hookCamera$1.afterHookedMethod(hookCamera.java:21)

06-22 20:24:24.368  5347  5948 I LSPosed-Bridge: 	at de.robv.android.xposed.XposedBridge$AdditionalHookInfo.callback(Unknown Source:147)

06-22 20:24:24.368  5347  5948 I LSPosed-Bridge: 	at de.robv.android.xposed.XposedBridge$AdditionalHookInfo.callback(Unknown Source:147)

06-22 20:24:24.368  5347  5948 I LSPosed-Bridge: 	at LSPHooker_.getCameraInfo(Unknown Source:15)

06-22 20:24:24.368  5347  5948 I LSPosed-Bridge: 	at LSPHooker_.getCameraInfo(Unknown Source:15)

06-22 20:24:24.368  5347  5948 I LSPosed-Bridge: 	at z74.e(chromium-Monochrome.aab-stable-573513121:6)

06-22 20:24:24.368  5347  5948 I LSPosed-Bridge: 	at z74.e(chromium-Monochrome.aab-stable-573513121:6)

06-22 20:24:24.368  5347  5948 I LSPosed-Bridge: 	at org.chromium.media.VideoCaptureFactory.getFacingMode(chromium-Monochrome.aab-stable-573513121:10)

06-22 20:24:24.368  5347  5948 I LSPosed-Bridge: 	at org.chromium.media.VideoCaptureFactory.getFacingMode(chromium-Monochrome.aab-stable-573513121:10)

06-22 20:24:24.368  5347  5948 I chatty  : uid=10124(loseweightapp.loseweightappforwomen.womenworkoutathome) ThreadPoolSingl identical 1 line

06-22 20:24:24.368  5347  5948 I chatty  : uid=10124(loseweightapp.loseweightappforwomen.womenworkoutathome) ThreadPoolSingl identical 1 line

06-22 20:24:24.368  5347  5948 I LSPosed-Bridge: 5347 PermLabel 10124 android.permission.CAMERA getCameraInfo args0: 1; args1: android.hardware.Camera$CameraInfo@6255aab; res= null; stacktrace=java.lang.Exception

06-22 20:24:24.368  5347  5948 I LSPosed-Bridge: 5347 PermLabel 10124 android.permission.CAMERA getCameraInfo args0: 1; args1: android.hardware.Camera$CameraInfo@6255aab; res= null; stacktrace=java.lang.Exception

06-22 20:24:24.368  5347  5948 I LSPosed-Bridge: 	at com.example.permlabel.hookCamera$1.afterHookedMethod(hookCamera.java:21)

06-22 20:24:24.368  5347  5948 I LSPosed-Bridge: 	at com.example.permlabel.hookCamera$1.afterHookedMethod(hookCamera.java:21)

06-22 20:24:24.368  5347  5948 I LSPosed-Bridge: 	at de.robv.android.xposed.XposedBridge$AdditionalHookInfo.callback(Unknown Source:147)

06-22 20:24:24.368  5347  5948 I LSPosed-Bridge: 	at de.robv.android.xposed.XposedBridge$AdditionalHookInfo.callback(Unknown Source:147)

06-22 20:24:24.368  5347  5948 I LSPosed-Bridge: 	at LSPHooker_.getCameraInfo(Unknown Source:15)

06-22 20:24:24.368  5347  5948 I LSPosed-Bridge: 	at LSPHooker_.getCameraInfo(Unknown Source:15)

06-22 20:24:24.368  5347  5948 I LSPosed-Bridge: 	at z74.e(chromium-Monochrome.aab-stable-573513121:6)

06-22 20:24:24.368  5347  5948 I LSPosed-Bridge: 	at z74.e(chromium-Monochrome.aab-stable-573513121:6)

06-22 20:24:24.368  5347  5948 I LSPosed-Bridge: 	at org.chromium.media.VideoCaptureFactory.getFacingMode(chromium-Monochrome.aab-stable-573513121:10)

06-22 20:24:24.368  5347  5948 I LSPosed-Bridge: 	at org.chromium.media.VideoCaptureFactory.getFacingMode(chromium-Monochrome.aab-stable-573513121:10)

06-22 20:24:24.388  5347  5948 I LSPosed-Bridge: 5347 PermLabel 10124 android.permission.CAMERA getCameraInfo args0: 0; args1: android.hardware.Camera$CameraInfo@a3869dd; res= null; stacktrace=java.lang.Exception

06-22 20:24:24.388  5347  5948 I LSPosed-Bridge: 5347 PermLabel 10124 android.permission.CAMERA getCameraInfo args0: 0; args1: android.hardware.Camera$CameraInfo@a3869dd; res= null; stacktrace=java.lang.Exception

06-22 20:24:24.388  5347  5948 I LSPosed-Bridge: 	at com.example.permlabel.hookCamera$1.afterHookedMethod(hookCamera.java:21)

06-22 20:24:24.388  5347  5948 I LSPosed-Bridge: 	at com.example.permlabel.hookCamera$1.afterHookedMethod(hookCamera.java:21)

06-22 20:24:24.388  5347  5948 I LSPosed-Bridge: 	at de.robv.android.xposed.XposedBridge$AdditionalHookInfo.callback(Unknown Source:147)

06-22 20:24:24.388  5347  5948 I LSPosed-Bridge: 	at de.robv.android.xposed.XposedBridge$AdditionalHookInfo.callback(Unknown Source:147)

06-22 20:24:24.388  5347  5948 I LSPosed-Bridge: 	at LSPHooker_.getCameraInfo(Unknown Source:15)

06-22 20:24:24.388  5347  5948 I LSPosed-Bridge: 	at LSPHooker_.getCameraInfo(Unknown Source:15)

06-22 20:24:24.388  5347  5948 I LSPosed-Bridge: 	at z74.e(chromium-Monochrome.aab-stable-573513121:6)

06-22 20:24:24.388  5347  5948 I LSPosed-Bridge: 	at z74.e(chromium-Monochrome.aab-stable-573513121:6)

06-22 20:24:24.388  5347  5948 I LSPosed-Bridge: 	at org.chromium.media.VideoCaptureFactory.getDeviceName(chromium-Monochrome.aab-stable-573513121:15)

06-22 20:24:24.388  5347  5948 I LSPosed-Bridge: 	at org.chromium.media.VideoCaptureFactory.getDeviceName(chromium-Monochrome.aab-stable-573513121:15)

06-22 20:24:24.388  5347  5948 I chatty  : uid=10124(loseweightapp.loseweightappforwomen.womenworkoutathome) ThreadPoolSingl identical 1 line

06-22 20:24:24.388  5347  5948 I chatty  : uid=10124(loseweightapp.loseweightappforwomen.womenworkoutathome) ThreadPoolSingl identical 1 line

06-22 20:24:24.388  5347  5948 I LSPosed-Bridge: 5347 PermLabel 10124 android.permission.CAMERA getCameraInfo args0: 0; args1: android.hardware.Camera$CameraInfo@a3869dd; res= null; stacktrace=java.lang.Exception

06-22 20:24:24.388  5347  5948 I LSPosed-Bridge: 5347 PermLabel 10124 android.permission.CAMERA getCameraInfo args0: 0; args1: android.hardware.Camera$CameraInfo@a3869dd; res= null; stacktrace=java.lang.Exception

06-22 20:24:24.388  5347  5948 I LSPosed-Bridge: 	at com.example.permlabel.hookCamera$1.afterHookedMethod(hookCamera.java:21)

06-22 20:24:24.388  5347  5948 I LSPosed-Bridge: 	at com.example.permlabel.hookCamera$1.afterHookedMethod(hookCamera.java:21)

06-22 20:24:24.388  5347  5948 I LSPosed-Bridge: 	at de.robv.android.xposed.XposedBridge$AdditionalHookInfo.callback(Unknown Source:147)

06-22 20:24:24.388  5347  5948 I LSPosed-Bridge: 	at de.robv.android.xposed.XposedBridge$AdditionalHookInfo.callback(Unknown Source:147)

06-22 20:24:24.388  5347  5948 I LSPosed-Bridge: 	at LSPHooker_.getCameraInfo(Unknown Source:15)

06-22 20:24:24.388  5347  5948 I LSPosed-Bridge: 	at LSPHooker_.getCameraInfo(Unknown Source:15)

06-22 20:24:24.388  5347  5948 I LSPosed-Bridge: 	at z74.e(chromium-Monochrome.aab-stable-573513121:6)

06-22 20:24:24.388  5347  5948 I LSPosed-Bridge: 	at z74.e(chromium-Monochrome.aab-stable-573513121:6)

06-22 20:24:24.388  5347  5948 I LSPosed-Bridge: 	at org.chromium.media.VideoCaptureFactory.getDeviceName(chromium-Monochrome.aab-stable-573513121:15)

06-22 20:24:24.388  5347  5948 I LSPosed-Bridge: 	at org.chromium.media.VideoCaptureFactory.getDeviceName(chromium-Monochrome.aab-stable-573513121:15)

06-22 20:24:24.423  5347  5948 I LSPosed-Bridge: 5347 PermLabel 10124 android.permission.CAMERA getCameraInfo args0: 0; args1: android.hardware.Camera$CameraInfo@1d6c6d9; res= null; stacktrace=java.lang.Exception

06-22 20:24:24.423  5347  5948 I LSPosed-Bridge: 	at com.example.permlabel.hookCamera$1.afterHookedMethod(hookCamera.java:21)

06-22 20:24:24.423  5347  5948 I LSPosed-Bridge: 	at de.robv.android.xposed.XposedBridge$AdditionalHookInfo.callback(Unknown Source:147)

06-22 20:24:24.423  5347  5948 I LSPosed-Bridge: 	at LSPHooker_.getCameraInfo(Unknown Source:15)

06-22 20:24:24.423  5347  5948 I LSPosed-Bridge: 	at z74.e(chromium-Monochrome.aab-stable-573513121:6)

