06-22 20:24:24.423  5347  5948 I LSPosed-Bridge: 	at org.chromium.media.VideoCaptureFactory.getCaptureApiType(chromium-Monochrome.aab-stable-573513121:8)

06-22 20:24:24.426  5347  5948 I chatty  : uid=10124(loseweightapp.loseweightappforwomen.womenworkoutathome) ThreadPoolSingl identical 1 line

06-22 20:24:24.426  5347  5948 I LSPosed-Bridge: 5347 PermLabel 10124 android.permission.CAMERA getCameraInfo args0: 0; args1: android.hardware.Camera$CameraInfo@1d6c6d9; res= null; stacktrace=java.lang.Exception

06-22 20:24:24.426  5347  5948 I LSPosed-Bridge: 	at com.example.permlabel.hookCamera$1.afterHookedMethod(hookCamera.java:21)

06-22 20:24:24.426  5347  5948 I LSPosed-Bridge: 	at de.robv.android.xposed.XposedBridge$AdditionalHookInfo.callback(Unknown Source:147)

06-22 20:24:24.426  5347  5948 I LSPosed-Bridge: 	at LSPHooker_.getCameraInfo(Unknown Source:15)

06-22 20:24:24.426  5347  5948 I LSPosed-Bridge: 	at z74.e(chromium-Monochrome.aab-stable-573513121:6)

06-22 20:24:24.426  5347  5948 I LSPosed-Bridge: 	at org.chromium.media.VideoCaptureFactory.getCaptureApiType(chromium-Monochrome.aab-stable-573513121:8)

06-22 20:24:24.423  5347  5347 W ThreadPoolSingl: type=1400 audit(0.0:1609): avc: denied { read } for name="u:object_r:vendor_camera_prop:s0" dev="tmpfs" ino=4917 scontext=u:r:untrusted_app:s0:c124,c256,c512,c768 tcontext=u:object_r:vendor_camera_prop:s0 tclass=file permissive=0

06-22 20:24:24.460  5347  5948 I LSPosed-Bridge: 5347 PermLabel 10124 android.permission.CAMERA getCameraInfo args0: 0; args1: android.hardware.Camera$CameraInfo@963f795; res= null; stacktrace=java.lang.Exception

06-22 20:24:24.460  5347  5948 I LSPosed-Bridge: 5347 PermLabel 10124 android.permission.CAMERA getCameraInfo args0: 0; args1: android.hardware.Camera$CameraInfo@963f795; res= null; stacktrace=java.lang.Exception

06-22 20:24:24.460  5347  5948 I LSPosed-Bridge: 5347 PermLabel 10124 android.permission.CAMERA getCameraInfo args0: 0; args1: android.hardware.Camera$CameraInfo@963f795; res= null; stacktrace=java.lang.Exception

06-22 20:24:24.460  5347  5948 I LSPosed-Bridge: 	at com.example.permlabel.hookCamera$1.afterHookedMethod(hookCamera.java:21)

06-22 20:24:24.460  5347  5948 I LSPosed-Bridge: 	at com.example.permlabel.hookCamera$1.afterHookedMethod(hookCamera.java:21)

06-22 20:24:24.460  5347  5948 I LSPosed-Bridge: 	at com.example.permlabel.hookCamera$1.afterHookedMethod(hookCamera.java:21)

06-22 20:24:24.460  5347  5948 I LSPosed-Bridge: 	at de.robv.android.xposed.XposedBridge$AdditionalHookInfo.callback(Unknown Source:147)

06-22 20:24:24.460  5347  5948 I LSPosed-Bridge: 	at de.robv.android.xposed.XposedBridge$AdditionalHookInfo.callback(Unknown Source:147)

06-22 20:24:24.460  5347  5948 I LSPosed-Bridge: 	at de.robv.android.xposed.XposedBridge$AdditionalHookInfo.callback(Unknown Source:147)

06-22 20:24:24.460  5347  5948 I LSPosed-Bridge: 	at LSPHooker_.getCameraInfo(Unknown Source:15)

06-22 20:24:24.460  5347  5948 I LSPosed-Bridge: 	at LSPHooker_.getCameraInfo(Unknown Source:15)

06-22 20:24:24.460  5347  5948 I LSPosed-Bridge: 	at LSPHooker_.getCameraInfo(Unknown Source:15)

06-22 20:24:24.460  5347  5948 I LSPosed-Bridge: 	at z74.e(chromium-Monochrome.aab-stable-573513121:6)

06-22 20:24:24.460  5347  5948 I LSPosed-Bridge: 	at z74.e(chromium-Monochrome.aab-stable-573513121:6)

06-22 20:24:24.460  5347  5948 I LSPosed-Bridge: 	at z74.e(chromium-Monochrome.aab-stable-573513121:6)

06-22 20:24:24.460  5347  5948 I LSPosed-Bridge: 	at org.chromium.media.VideoCaptureFactory.getFacingMode(chromium-Monochrome.aab-stable-573513121:10)

06-22 20:24:24.460  5347  5948 I LSPosed-Bridge: 	at org.chromium.media.VideoCaptureFactory.getFacingMode(chromium-Monochrome.aab-stable-573513121:10)

06-22 20:24:24.460  5347  5948 I LSPosed-Bridge: 	at org.chromium.media.VideoCaptureFactory.getFacingMode(chromium-Monochrome.aab-stable-573513121:10)

06-22 20:24:24.460  5347  5948 I LSPosed-Bridge: 5347 PermLabel 10124 android.permission.CAMERA getCameraInfo args0: 0; args1: android.hardware.Camera$CameraInfo@963f795; res= null; stacktrace=java.lang.Exception

06-22 20:24:24.460  5347  5948 I LSPosed-Bridge: 5347 PermLabel 10124 android.permission.CAMERA getCameraInfo args0: 0; args1: android.hardware.Camera$CameraInfo@963f795; res= null; stacktrace=java.lang.Exception

06-22 20:24:24.460  5347  5948 I LSPosed-Bridge: 5347 PermLabel 10124 android.permission.CAMERA getCameraInfo args0: 0; args1: android.hardware.Camera$CameraInfo@963f795; res= null; stacktrace=java.lang.Exception

06-22 20:24:24.460  5347  5948 I LSPosed-Bridge: 	at com.example.permlabel.hookCamera$1.afterHookedMethod(hookCamera.java:21)

06-22 20:24:24.460  5347  5948 I LSPosed-Bridge: 	at com.example.permlabel.hookCamera$1.afterHookedMethod(hookCamera.java:21)

06-22 20:24:24.460  5347  5948 I LSPosed-Bridge: 	at com.example.permlabel.hookCamera$1.afterHookedMethod(hookCamera.java:21)

06-22 20:24:24.460  5347  5948 I LSPosed-Bridge: 	at de.robv.android.xposed.XposedBridge$AdditionalHookInfo.callback(Unknown Source:147)

06-22 20:24:24.460  5347  5948 I LSPosed-Bridge: 	at de.robv.android.xposed.XposedBridge$AdditionalHookInfo.callback(Unknown Source:147)

06-22 20:24:24.460  5347  5948 I LSPosed-Bridge: 	at de.robv.android.xposed.XposedBridge$AdditionalHookInfo.callback(Unknown Source:147)

06-22 20:24:24.460  5347  5948 I LSPosed-Bridge: 	at LSPHooker_.getCameraInfo(Unknown Source:15)

06-22 20:24:24.460  5347  5948 I LSPosed-Bridge: 	at LSPHooker_.getCameraInfo(Unknown Source:15)

06-22 20:24:24.460  5347  5948 I LSPosed-Bridge: 	at LSPHooker_.getCameraInfo(Unknown Source:15)

06-22 20:24:24.460  5347  5948 I LSPosed-Bridge: 	at z74.e(chromium-Monochrome.aab-stable-573513121:6)

06-22 20:24:24.460  5347  5948 I LSPosed-Bridge: 	at z74.e(chromium-Monochrome.aab-stable-573513121:6)

06-22 20:24:24.460  5347  5948 I LSPosed-Bridge: 	at z74.e(chromium-Monochrome.aab-stable-573513121:6)

06-22 20:24:24.460  5347  5948 I LSPosed-Bridge: 	at org.chromium.media.VideoCaptureFactory.getFacingMode(chromium-Monochrome.aab-stable-573513121:10)

06-22 20:24:24.460  5347  5948 I LSPosed-Bridge: 	at org.chromium.media.VideoCaptureFactory.getFacingMode(chromium-Monochrome.aab-stable-573513121:10)

06-22 20:24:24.460  5347  5948 I LSPosed-Bridge: 	at org.chromium.media.VideoCaptureFactory.getFacingMode(chromium-Monochrome.aab-stable-573513121:10)

06-22 20:24:24.460   553   553 I ConfigStore: android::hardware::configstore::V1_0::ISurfaceFlingerConfigs::hasHDRDisplay retrieved: 0

06-22 20:24:24.460   553   553 I ConfigStore: android::hardware::configstore::V1_0::ISurfaceFlingerConfigs::hasHDRDisplay retrieved: 0

06-22 20:24:24.460   553   553 I ConfigStore: android::hardware::configstore::V1_0::ISurfaceFlingerConfigs::hasHDRDisplay retrieved: 0

06-22 20:24:24.460  5347  5948 I LSPosed-Bridge: 5347 PermLabel 10124 android.permission.CAMERA getCameraInfo args0: 0; args1: android.hardware.Camera$CameraInfo@963f795; res= null; stacktrace=java.lang.Exception

06-22 20:24:24.460  5347  5948 I LSPosed-Bridge: 5347 PermLabel 10124 android.permission.CAMERA getCameraInfo args0: 0; args1: android.hardware.Camera$CameraInfo@963f795; res= null; stacktrace=java.lang.Exception

06-22 20:24:24.460  5347  5948 I LSPosed-Bridge: 5347 PermLabel 10124 android.permission.CAMERA getCameraInfo args0: 0; args1: android.hardware.Camera$CameraInfo@963f795; res= null; stacktrace=java.lang.Exception

06-22 20:24:24.460  5347  5948 I LSPosed-Bridge: 	at com.example.permlabel.hookCamera$1.afterHookedMethod(hookCamera.java:21)

06-22 20:24:24.460  5347  5948 I LSPosed-Bridge: 	at com.example.permlabel.hookCamera$1.afterHookedMethod(hookCamera.java:21)

06-22 20:24:24.460  5347  5948 I LSPosed-Bridge: 	at com.example.permlabel.hookCamera$1.afterHookedMethod(hookCamera.java:21)

06-22 20:24:24.460  5347  5948 I LSPosed-Bridge: 	at de.robv.android.xposed.XposedBridge$AdditionalHookInfo.callback(Unknown Source:147)

06-22 20:24:24.460  5347  5948 I LSPosed-Bridge: 	at de.robv.android.xposed.XposedBridge$AdditionalHookInfo.callback(Unknown Source:147)

06-22 20:24:24.460  5347  5948 I LSPosed-Bridge: 	at de.robv.android.xposed.XposedBridge$AdditionalHookInfo.callback(Unknown Source:147)

06-22 20:24:24.460  5347  5948 I LSPosed-Bridge: 	at LSPHooker_.getCameraInfo(Unknown Source:15)

06-22 20:24:24.460  5347  5948 I LSPosed-Bridge: 	at LSPHooker_.getCameraInfo(Unknown Source:15)

06-22 20:24:24.460  5347  5948 I LSPosed-Bridge: 	at LSPHooker_.getCameraInfo(Unknown Source:15)

06-22 20:24:24.460  5347  5948 I LSPosed-Bridge: 	at z74.e(chromium-Monochrome.aab-stable-573513121:6)

06-22 20:24:24.460  5347  5948 I LSPosed-Bridge: 	at z74.e(chromium-Monochrome.aab-stable-573513121:6)

06-22 20:24:24.460  5347  5948 I LSPosed-Bridge: 	at z74.e(chromium-Monochrome.aab-stable-573513121:6)

06-22 20:24:24.460  5347  5948 I LSPosed-Bridge: 	at org.chromium.media.VideoCaptureFactory.getFacingMode(chromium-Monochrome.aab-stable-573513121:10)

06-22 20:24:24.460  5347  5948 I LSPosed-Bridge: 	at org.chromium.media.VideoCaptureFactory.getFacingMode(chromium-Monochrome.aab-stable-573513121:10)

06-22 20:24:24.460  5347  5948 I LSPosed-Bridge: 	at org.chromium.media.VideoCaptureFactory.getFacingMode(chromium-Monochrome.aab-stable-573513121:10)

06-22 20:26:22.996  5347  5948 I LSPosed-Bridge: 5347 PermLabel 10124 android.permission.CAMERA getCameraInfo args0: 1; args1: android.hardware.Camera$CameraInfo@81ec615; res= null; stacktrace=java.lang.Exception

06-22 20:26:22.996  5347  5948 I LSPosed-Bridge: 	at com.example.permlabel.hookCamera$1.afterHookedMethod(hookCamera.java:21)

06-22 20:26:22.996  5347  5948 I LSPosed-Bridge: 	at de.robv.android.xposed.XposedBridge$AdditionalHookInfo.callback(Unknown Source:147)

06-22 20:26:22.996  5347  5948 I LSPosed-Bridge: 	at LSPHooker_.getCameraInfo(Unknown Source:15)

06-22 20:26:22.996  5347  5948 I LSPosed-Bridge: 	at z74.e(chromium-Monochrome.aab-stable-573513121:6)

06-22 20:26:22.996  5347  5948 I LSPosed-Bridge: 	at org.chromium.media.VideoCaptureFactory.getDeviceName(chromium-Monochrome.aab-stable-573513121:15)

06-22 20:26:22.996   553   553 I ConfigStore: android::hardware::configstore::V1_0::ISurfaceFlingerConfigs::hasHDRDisplay retrieved: 0

06-22 20:26:22.997  5347  5948 I LSPosed-Bridge: 5347 PermLabel 10124 android.permission.CAMERA getCameraInfo args0: 1; args1: android.hardware.Camera$CameraInfo@81ec615; res= null; stacktrace=java.lang.Exception

06-22 20:26:22.997  5347  5948 I LSPosed-Bridge: 5347 PermLabel 10124 android.permission.CAMERA getCameraInfo args0: 1; args1: android.hardware.Camera$CameraInfo@81ec615; res= null; stacktrace=java.lang.Exception

06-22 20:26:22.997  5347  5948 I LSPosed-Bridge: 	at com.example.permlabel.hookCamera$1.afterHookedMethod(hookCamera.java:21)

06-22 20:26:22.997  5347  5948 I LSPosed-Bridge: 	at com.example.permlabel.hookCamera$1.afterHookedMethod(hookCamera.java:21)

06-22 20:26:22.997  5347  5948 I LSPosed-Bridge: 	at de.robv.android.xposed.XposedBridge$AdditionalHookInfo.callback(Unknown Source:147)

06-22 20:26:22.997  5347  5948 I LSPosed-Bridge: 	at de.robv.android.xposed.XposedBridge$AdditionalHookInfo.callback(Unknown Source:147)

06-22 20:26:22.997  5347  5948 I LSPosed-Bridge: 	at LSPHooker_.getCameraInfo(Unknown Source:15)

06-22 20:26:22.997  5347  5948 I LSPosed-Bridge: 	at LSPHooker_.getCameraInfo(Unknown Source:15)

06-22 20:26:22.997  5347  5948 I LSPosed-Bridge: 	at z74.e(chromium-Monochrome.aab-stable-573513121:6)

06-22 20:26:22.997  5347  5948 I LSPosed-Bridge: 	at z74.e(chromium-Monochrome.aab-stable-573513121:6)

06-22 20:26:22.997  5347  5948 I LSPosed-Bridge: 	at org.chromium.media.VideoCaptureFactory.getDeviceName(chromium-Monochrome.aab-stable-573513121:15)

06-22 20:26:22.997  5347  5948 I LSPosed-Bridge: 	at org.chromium.media.VideoCaptureFactory.getDeviceName(chromium-Monochrome.aab-stable-573513121:15)

06-22 20:26:22.997  5347  5948 I LSPosed-Bridge: 5347 PermLabel 10124 android.permission.CAMERA getCameraInfo args0: 1; args1: android.hardware.Camera$CameraInfo@81ec615; res= null; stacktrace=java.lang.Exception

06-22 20:26:22.997  5347  5948 I LSPosed-Bridge: 5347 PermLabel 10124 android.permission.CAMERA getCameraInfo args0: 1; args1: android.hardware.Camera$CameraInfo@81ec615; res= null; stacktrace=java.lang.Exception

06-22 20:26:22.997  5347  5948 I LSPosed-Bridge: 	at com.example.permlabel.hookCamera$1.afterHookedMethod(hookCamera.java:21)

06-22 20:26:22.997  5347  5948 I LSPosed-Bridge: 	at com.example.permlabel.hookCamera$1.afterHookedMethod(hookCamera.java:21)

06-22 20:26:22.997  5347  5948 I LSPosed-Bridge: 	at de.robv.android.xposed.XposedBridge$AdditionalHookInfo.callback(Unknown Source:147)

06-22 20:26:22.997  5347  5948 I LSPosed-Bridge: 	at de.robv.android.xposed.XposedBridge$AdditionalHookInfo.callback(Unknown Source:147)

06-22 20:26:22.997  5347  5948 I LSPosed-Bridge: 	at LSPHooker_.getCameraInfo(Unknown Source:15)

06-22 20:26:22.997  5347  5948 I LSPosed-Bridge: 	at LSPHooker_.getCameraInfo(Unknown Source:15)

06-22 20:26:22.997  5347  5948 I LSPosed-Bridge: 	at z74.e(chromium-Monochrome.aab-stable-573513121:6)

06-22 20:26:22.997  5347  5948 I LSPosed-Bridge: 	at z74.e(chromium-Monochrome.aab-stable-573513121:6)

06-22 20:26:22.997  5347  5948 I LSPosed-Bridge: 	at org.chromium.media.VideoCaptureFactory.getDeviceName(chromium-Monochrome.aab-stable-573513121:15)

06-22 20:26:22.997  5347  5948 I LSPosed-Bridge: 	at org.chromium.media.VideoCaptureFactory.getDeviceName(chromium-Monochrome.aab-stable-573513121:15)

06-22 20:26:23.022  5347  5948 I LSPosed-Bridge: 5347 PermLabel 10124 android.permission.CAMERA getCameraInfo args0: 1; args1: android.hardware.Camera$CameraInfo@f32ae91; res= null; stacktrace=java.lang.Exception

06-22 20:26:23.022  5347  5948 I LSPosed-Bridge: 	at com.example.permlabel.hookCamera$1.afterHookedMethod(hookCamera.java:21)

06-22 20:26:23.022  5347  5948 I LSPosed-Bridge: 	at de.robv.android.xposed.XposedBridge$AdditionalHookInfo.callback(Unknown Source:147)

06-22 20:26:23.022  5347  5948 I LSPosed-Bridge: 	at LSPHooker_.getCameraInfo(Unknown Source:15)

06-22 20:26:23.022  5347  5948 I LSPosed-Bridge: 	at z74.e(chromium-Monochrome.aab-stable-573513121:6)

06-22 20:26:23.022  5347  5948 I LSPosed-Bridge: 	at org.chromium.media.VideoCaptureFactory.getCaptureApiType(chromium-Monochrome.aab-stable-573513121:8)

06-22 20:26:23.023  5347  5948 I chatty  : uid=10124(loseweightapp.loseweightappforwomen.womenworkoutathome) ThreadPoolSingl identical 1 line

06-22 20:26:23.023  5347  5948 I LSPosed-Bridge: 5347 PermLabel 10124 android.permission.CAMERA getCameraInfo args0: 1; args1: android.hardware.Camera$CameraInfo@f32ae91; res= null; stacktrace=java.lang.Exception

06-22 20:26:23.023  5347  5948 I LSPosed-Bridge: 	at com.example.permlabel.hookCamera$1.afterHookedMethod(hookCamera.java:21)

06-22 20:26:23.023  5347  5948 I LSPosed-Bridge: 	at de.robv.android.xposed.XposedBridge$AdditionalHookInfo.callback(Unknown Source:147)

06-22 20:26:23.023  5347  5948 I LSPosed-Bridge: 	at LSPHooker_.getCameraInfo(Unknown Source:15)

06-22 20:26:23.023  5347  5948 I LSPosed-Bridge: 	at z74.e(chromium-Monochrome.aab-stable-573513121:6)

06-22 20:26:23.023  5347  5948 I LSPosed-Bridge: 	at org.chromium.media.VideoCaptureFactory.getCaptureApiType(chromium-Monochrome.aab-stable-573513121:8)

06-22 20:26:23.038  5347  5948 I LSPosed-Bridge: 5347 PermLabel 10124 android.permission.CAMERA getCameraInfo args0: 1; args1: android.hardware.Camera$CameraInfo@2c2a2cd; res= null; stacktrace=java.lang.Exception

06-22 20:26:23.038  5347  5948 I LSPosed-Bridge: 	at com.example.permlabel.hookCamera$1.afterHookedMethod(hookCamera.java:21)

06-22 20:26:23.038  5347  5948 I LSPosed-Bridge: 	at de.robv.android.xposed.XposedBridge$AdditionalHookInfo.callback(Unknown Source:147)

06-22 20:26:23.038  5347  5948 I LSPosed-Bridge: 	at LSPHooker_.getCameraInfo(Unknown Source:15)

06-22 20:26:23.038  5347  5948 I LSPosed-Bridge: 	at z74.e(chromium-Monochrome.aab-stable-573513121:6)

06-22 20:26:23.038  5347  5948 I LSPosed-Bridge: 	at org.chromium.media.VideoCaptureFactory.getFacingMode(chromium-Monochrome.aab-stable-573513121:10)

06-22 20:26:23.038  5347  5948 I chatty  : uid=10124(loseweightapp.loseweightappforwomen.womenworkoutathome) ThreadPoolSingl identical 1 line

06-22 20:26:23.039  5347  5948 I LSPosed-Bridge: 5347 PermLabel 10124 android.permission.CAMERA getCameraInfo args0: 1; args1: android.hardware.Camera$CameraInfo@2c2a2cd; res= null; stacktrace=java.lang.Exception

06-22 20:26:23.039  5347  5948 I LSPosed-Bridge: 	at com.example.permlabel.hookCamera$1.afterHookedMethod(hookCamera.java:21)

06-22 20:26:23.039  5347  5948 I LSPosed-Bridge: 	at de.robv.android.xposed.XposedBridge$AdditionalHookInfo.callback(Unknown Source:147)

06-22 20:26:23.039  5347  5948 I LSPosed-Bridge: 	at LSPHooker_.getCameraInfo(Unknown Source:15)

06-22 20:26:23.039  5347  5948 I LSPosed-Bridge: 	at z74.e(chromium-Monochrome.aab-stable-573513121:6)

06-22 20:26:23.039  5347  5948 I LSPosed-Bridge: 	at org.chromium.media.VideoCaptureFactory.getFacingMode(chromium-Monochrome.aab-stable-573513121:10)

06-22 20:26:23.051  5347  5948 I LSPosed-Bridge: 5347 PermLabel 10124 android.permission.CAMERA getCameraInfo args0: 0; args1: android.hardware.Camera$CameraInfo@ae39ec9; res= null; stacktrace=java.lang.Exception

06-22 20:26:23.051  5347  5948 I LSPosed-Bridge: 	at com.example.permlabel.hookCamera$1.afterHookedMethod(hookCamera.java:21)

06-22 20:26:23.051  5347  5948 I LSPosed-Bridge: 	at de.robv.android.xposed.XposedBridge$AdditionalHookInfo.callback(Unknown Source:147)

06-22 20:26:23.051  5347  5948 I LSPosed-Bridge: 	at LSPHooker_.getCameraInfo(Unknown Source:15)

06-22 20:26:23.051  5347  5948 I LSPosed-Bridge: 	at z74.e(chromium-Monochrome.aab-stable-573513121:6)

06-22 20:26:23.051  5347  5948 I LSPosed-Bridge: 	at org.chromium.media.VideoCaptureFactory.getDeviceName(chromium-Monochrome.aab-stable-573513121:15)

06-22 20:26:23.051  5347  5948 I chatty  : uid=10124(loseweightapp.loseweightappforwomen.womenworkoutathome) ThreadPoolSingl identical 1 line

06-22 20:26:23.052  5347  5948 I LSPosed-Bridge: 5347 PermLabel 10124 android.permission.CAMERA getCameraInfo args0: 0; args1: android.hardware.Camera$CameraInfo@ae39ec9; res= null; stacktrace=java.lang.Exception

06-22 20:26:23.052  5347  5948 I LSPosed-Bridge: 	at com.example.permlabel.hookCamera$1.afterHookedMethod(hookCamera.java:21)

06-22 20:26:23.052  5347  5948 I LSPosed-Bridge: 	at de.robv.android.xposed.XposedBridge$AdditionalHookInfo.callback(Unknown Source:147)

06-22 20:26:23.052  5347  5948 I LSPosed-Bridge: 	at LSPHooker_.getCameraInfo(Unknown Source:15)

06-22 20:26:23.052  5347  5948 I LSPosed-Bridge: 	at z74.e(chromium-Monochrome.aab-stable-573513121:6)

06-22 20:26:23.052  5347  5948 I LSPosed-Bridge: 	at org.chromium.media.VideoCaptureFactory.getDeviceName(chromium-Monochrome.aab-stable-573513121:15)

06-22 20:26:23.070  5347  5948 I LSPosed-Bridge: 5347 PermLabel 10124 android.permission.CAMERA getCameraInfo args0: 0; args1: android.hardware.Camera$CameraInfo@1fe5e85; res= null; stacktrace=java.lang.Exception

06-22 20:26:23.070  5347  5948 I LSPosed-Bridge: 5347 PermLabel 10124 android.permission.CAMERA getCameraInfo args0: 0; args1: android.hardware.Camera$CameraInfo@1fe5e85; res= null; stacktrace=java.lang.Exception

06-22 20:26:23.070  5347  5948 I LSPosed-Bridge: 	at com.example.permlabel.hookCamera$1.afterHookedMethod(hookCamera.java:21)

06-22 20:26:23.070  5347  5948 I LSPosed-Bridge: 	at com.example.permlabel.hookCamera$1.afterHookedMethod(hookCamera.java:21)

06-22 20:26:23.070  5347  5948 I LSPosed-Bridge: 	at de.robv.android.xposed.XposedBridge$AdditionalHookInfo.callback(Unknown Source:147)

06-22 20:26:23.070  5347  5948 I LSPosed-Bridge: 	at de.robv.android.xposed.XposedBridge$AdditionalHookInfo.callback(Unknown Source:147)

06-22 20:26:23.070  5347  5948 I LSPosed-Bridge: 	at LSPHooker_.getCameraInfo(Unknown Source:15)

06-22 20:26:23.070  5347  5948 I LSPosed-Bridge: 	at LSPHooker_.getCameraInfo(Unknown Source:15)

06-22 20:26:23.070  5347  5948 I LSPosed-Bridge: 	at z74.e(chromium-Monochrome.aab-stable-573513121:6)

06-22 20:26:23.070  5347  5948 I LSPosed-Bridge: 	at z74.e(chromium-Monochrome.aab-stable-573513121:6)

06-22 20:26:23.070  5347  5948 I LSPosed-Bridge: 	at org.chromium.media.VideoCaptureFactory.getCaptureApiType(chromium-Monochrome.aab-stable-573513121:8)

06-22 20:26:23.070  5347  5948 I LSPosed-Bridge: 	at org.chromium.media.VideoCaptureFactory.getCaptureApiType(chromium-Monochrome.aab-stable-573513121:8)

06-22 20:26:23.070  5347  5948 I chatty  : uid=10124(loseweightapp.loseweightappforwomen.womenworkoutathome) ThreadPoolSingl identical 1 line

06-22 20:26:23.070  5347  5948 I chatty  : uid=10124(loseweightapp.loseweightappforwomen.womenworkoutathome) ThreadPoolSingl identical 1 line

06-22 20:26:23.070  5347  5948 I LSPosed-Bridge: 5347 PermLabel 10124 android.permission.CAMERA getCameraInfo args0: 0; args1: android.hardware.Camera$CameraInfo@1fe5e85; res= null; stacktrace=java.lang.Exception

06-22 20:26:23.070  5347  5948 I LSPosed-Bridge: 5347 PermLabel 10124 android.permission.CAMERA getCameraInfo args0: 0; args1: android.hardware.Camera$CameraInfo@1fe5e85; res= null; stacktrace=java.lang.Exception

06-22 20:26:23.070  5347  5948 I LSPosed-Bridge: 	at com.example.permlabel.hookCamera$1.afterHookedMethod(hookCamera.java:21)

06-22 20:26:23.070  5347  5948 I LSPosed-Bridge: 	at com.example.permlabel.hookCamera$1.afterHookedMethod(hookCamera.java:21)

06-22 20:26:23.070  5347  5948 I LSPosed-Bridge: 	at de.robv.android.xposed.XposedBridge$AdditionalHookInfo.callback(Unknown Source:147)

06-22 20:26:23.070  5347  5948 I LSPosed-Bridge: 	at de.robv.android.xposed.XposedBridge$AdditionalHookInfo.callback(Unknown Source:147)

06-22 20:26:23.070  5347  5948 I LSPosed-Bridge: 	at LSPHooker_.getCameraInfo(Unknown Source:15)

06-22 20:26:23.070  5347  5948 I LSPosed-Bridge: 	at LSPHooker_.getCameraInfo(Unknown Source:15)

06-22 20:26:23.070  5347  5948 I LSPosed-Bridge: 	at z74.e(chromium-Monochrome.aab-stable-573513121:6)

06-22 20:26:23.070  5347  5948 I LSPosed-Bridge: 	at z74.e(chromium-Monochrome.aab-stable-573513121:6)

06-22 20:26:23.070  5347  5948 I LSPosed-Bridge: 	at org.chromium.media.VideoCaptureFactory.getCaptureApiType(chromium-Monochrome.aab-stable-573513121:8)

06-22 20:26:23.070  5347  5948 I LSPosed-Bridge: 	at org.chromium.media.VideoCaptureFactory.getCaptureApiType(chromium-Monochrome.aab-stable-573513121:8)

06-22 20:26:23.079  5347  5948 I LSPosed-Bridge: 5347 PermLabel 10124 android.permission.CAMERA getCameraInfo args0: 0; args1: android.hardware.Camera$CameraInfo@64b5e01; res= null; stacktrace=java.lang.Exception

06-22 20:26:23.079  5347  5948 I LSPosed-Bridge: 5347 PermLabel 10124 android.permission.CAMERA getCameraInfo args0: 0; args1: android.hardware.Camera$CameraInfo@64b5e01; res= null; stacktrace=java.lang.Exception

06-22 20:26:23.079  5347  5948 I LSPosed-Bridge: 	at com.example.permlabel.hookCamera$1.afterHookedMethod(hookCamera.java:21)

06-22 20:26:23.079  5347  5948 I LSPosed-Bridge: 	at com.example.permlabel.hookCamera$1.afterHookedMethod(hookCamera.java:21)

06-22 20:26:23.079  5347  5948 I LSPosed-Bridge: 	at de.robv.android.xposed.XposedBridge$AdditionalHookInfo.callback(Unknown Source:147)

06-22 20:26:23.079  5347  5948 I LSPosed-Bridge: 	at de.robv.android.xposed.XposedBridge$AdditionalHookInfo.callback(Unknown Source:147)

06-22 20:26:23.079  5347  5948 I LSPosed-Bridge: 	at LSPHooker_.getCameraInfo(Unknown Source:15)

06-22 20:26:23.079  5347  5948 I LSPosed-Bridge: 	at LSPHooker_.getCameraInfo(Unknown Source:15)

06-22 20:26:23.079  5347  5948 I LSPosed-Bridge: 	at z74.e(chromium-Monochrome.aab-stable-573513121:6)

06-22 20:26:23.079  5347  5948 I LSPosed-Bridge: 	at z74.e(chromium-Monochrome.aab-stable-573513121:6)

06-22 20:26:23.079  5347  5948 I LSPosed-Bridge: 	at org.chromium.media.VideoCaptureFactory.getFacingMode(chromium-Monochrome.aab-stable-573513121:10)

06-22 20:26:23.079  5347  5948 I LSPosed-Bridge: 	at org.chromium.media.VideoCaptureFactory.getFacingMode(chromium-Monochrome.aab-stable-573513121:10)

06-22 20:26:23.079  5347  5948 I LSPosed-Bridge: 5347 PermLabel 10124 android.permission.CAMERA getCameraInfo args0: 0; args1: android.hardware.Camera$CameraInfo@64b5e01; res= null; stacktrace=java.lang.Exception

06-22 20:26:23.079  5347  5948 I LSPosed-Bridge: 5347 PermLabel 10124 android.permission.CAMERA getCameraInfo args0: 0; args1: android.hardware.Camera$CameraInfo@64b5e01; res= null; stacktrace=java.lang.Exception

06-22 20:26:23.079  5347  5948 I LSPosed-Bridge: 	at com.example.permlabel.hookCamera$1.afterHookedMethod(hookCamera.java:21)

06-22 20:26:23.079  5347  5948 I LSPosed-Bridge: 	at com.example.permlabel.hookCamera$1.afterHookedMethod(hookCamera.java:21)

06-22 20:26:23.079  5347  5948 I LSPosed-Bridge: 	at de.robv.android.xposed.XposedBridge$AdditionalHookInfo.callback(Unknown Source:147)

06-22 20:26:23.079  5347  5948 I LSPosed-Bridge: 	at de.robv.android.xposed.XposedBridge$AdditionalHookInfo.callback(Unknown Source:147)

06-22 20:26:23.079  5347  5948 I LSPosed-Bridge: 	at LSPHooker_.getCameraInfo(Unknown Source:15)

06-22 20:26:23.079  5347  5948 I LSPosed-Bridge: 	at LSPHooker_.getCameraInfo(Unknown Source:15)

06-22 20:26:23.079  5347  5948 I LSPosed-Bridge: 	at z74.e(chromium-Monochrome.aab-stable-573513121:6)

06-22 20:26:23.079  5347  5948 I LSPosed-Bridge: 	at z74.e(chromium-Monochrome.aab-stable-573513121:6)

06-22 20:26:23.079  5347  5948 I LSPosed-Bridge: 	at org.chromium.media.VideoCaptureFactory.getFacingMode(chromium-Monochrome.aab-stable-573513121:10)

06-22 20:26:23.079  5347  5948 I LSPosed-Bridge: 	at org.chromium.media.VideoCaptureFactory.getFacingMode(chromium-Monochrome.aab-stable-573513121:10)

06-22 20:26:23.079   553   553 I ConfigStore: android::hardware::configstore::V1_0::ISurfaceFlingerConfigs::hasHDRDisplay retrieved: 0

06-22 20:26:23.079   553   553 I ConfigStore: android::hardware::configstore::V1_0::ISurfaceFlingerConfigs::hasHDRDisplay retrieved: 0

06-22 20:26:23.081  5347  5948 I LSPosed-Bridge: 5347 PermLabel 10124 android.permission.CAMERA getCameraInfo args0: 0; args1: android.hardware.Camera$CameraInfo@64b5e01; res= null; stacktrace=java.lang.Exception

06-22 20:26:23.081  5347  5948 I LSPosed-Bridge: 	at com.example.permlabel.hookCamera$1.afterHookedMethod(hookCamera.java:21)

06-22 20:26:23.081  5347  5948 I LSPosed-Bridge: 	at de.robv.android.xposed.XposedBridge$AdditionalHookInfo.callback(Unknown Source:147)

06-22 20:26:23.081  5347  5948 I LSPosed-Bridge: 	at LSPHooker_.getCameraInfo(Unknown Source:15)

06-22 20:26:23.081  5347  5948 I LSPosed-Bridge: 	at z74.e(chromium-Monochrome.aab-stable-573513121:6)

06-22 20:26:23.081  5347  5948 I LSPosed-Bridge: 	at org.chromium.media.VideoCaptureFactory.getFacingMode(chromium-Monochrome.aab-stable-573513121:10)

06-22 20:26:23.081   553   553 I ConfigStore: android::hardware::configstore::V1_0::ISurfaceFlingerConfigs::hasHDRDisplay retrieved: 0

06-22 20:26:30.850  5347  5948 I LSPosed-Bridge: 5347 PermLabel 10124 android.permission.CAMERA getCameraInfo args0: 1; args1: android.hardware.Camera$CameraInfo@b5de38a; res= null; stacktrace=java.lang.Exception

06-22 20:26:30.850  5347  5948 I LSPosed-Bridge: 	at com.example.permlabel.hookCamera$1.afterHookedMethod(hookCamera.java:21)

06-22 20:26:30.850  5347  5948 I LSPosed-Bridge: 	at de.robv.android.xposed.XposedBridge$AdditionalHookInfo.callback(Unknown Source:147)

06-22 20:26:30.850  5347  5948 I LSPosed-Bridge: 	at LSPHooker_.getCameraInfo(Unknown Source:15)

06-22 20:26:30.850  5347  5948 I LSPosed-Bridge: 	at z74.e(chromium-Monochrome.aab-stable-573513121:6)

06-22 20:26:30.850  5347  5948 I LSPosed-Bridge: 	at org.chromium.media.VideoCaptureFactory.getDeviceName(chromium-Monochrome.aab-stable-573513121:15)

06-22 20:26:30.850  5347  5948 I chatty  : uid=10124(loseweightapp.loseweightappforwomen.womenworkoutathome) ThreadPoolSingl identical 1 line

06-22 20:26:30.851  5347  5948 I LSPosed-Bridge: 5347 PermLabel 10124 android.permission.CAMERA getCameraInfo args0: 1; args1: android.hardware.Camera$CameraInfo@b5de38a; res= null; stacktrace=java.lang.Exception

06-22 20:26:30.851  5347  5948 I LSPosed-Bridge: 	at com.example.permlabel.hookCamera$1.afterHookedMethod(hookCamera.java:21)

06-22 20:26:30.851  5347  5948 I LSPosed-Bridge: 	at de.robv.android.xposed.XposedBridge$AdditionalHookInfo.callback(Unknown Source:147)

06-22 20:26:30.851  5347  5948 I LSPosed-Bridge: 	at LSPHooker_.getCameraInfo(Unknown Source:15)

06-22 20:26:30.851  5347  5948 I LSPosed-Bridge: 	at z74.e(chromium-Monochrome.aab-stable-573513121:6)

06-22 20:26:30.851  5347  5948 I LSPosed-Bridge: 	at org.chromium.media.VideoCaptureFactory.getDeviceName(chromium-Monochrome.aab-stable-573513121:15)

06-22 20:26:30.873  5347  5948 I LSPosed-Bridge: 5347 PermLabel 10124 android.permission.CAMERA getCameraInfo args0: 1; args1: android.hardware.Camera$CameraInfo@cbeae56; res= null; stacktrace=java.lang.Exception

06-22 20:26:30.873  5347  5948 I LSPosed-Bridge: 	at com.example.permlabel.hookCamera$1.afterHookedMethod(hookCamera.java:21)

06-22 20:26:30.873  5347  5948 I LSPosed-Bridge: 	at de.robv.android.xposed.XposedBridge$AdditionalHookInfo.callback(Unknown Source:147)

06-22 20:26:30.873  5347  5948 I LSPosed-Bridge: 	at LSPHooker_.getCameraInfo(Unknown Source:15)

06-22 20:26:30.873  5347  5948 I LSPosed-Bridge: 	at z74.e(chromium-Monochrome.aab-stable-573513121:6)

06-22 20:26:30.873  5347  5948 I LSPosed-Bridge: 	at org.chromium.media.VideoCaptureFactory.getCaptureApiType(chromium-Monochrome.aab-stable-573513121:8)

06-22 20:26:30.873  5347  5948 I chatty  : uid=10124(loseweightapp.loseweightappforwomen.womenworkoutathome) ThreadPoolSingl identical 1 line

06-22 20:26:30.875  5347  5948 I LSPosed-Bridge: 5347 PermLabel 10124 android.permission.CAMERA getCameraInfo args0: 1; args1: android.hardware.Camera$CameraInfo@cbeae56; res= null; stacktrace=java.lang.Exception

06-22 20:26:30.875  5347  5948 I LSPosed-Bridge: 	at com.example.permlabel.hookCamera$1.afterHookedMethod(hookCamera.java:21)

06-22 20:26:30.875  5347  5948 I LSPosed-Bridge: 	at de.robv.android.xposed.XposedBridge$AdditionalHookInfo.callback(Unknown Source:147)

06-22 20:26:30.875  5347  5948 I LSPosed-Bridge: 	at LSPHooker_.getCameraInfo(Unknown Source:15)

06-22 20:26:30.875  5347  5948 I LSPosed-Bridge: 	at z74.e(chromium-Monochrome.aab-stable-573513121:6)

06-22 20:26:30.875  5347  5948 I LSPosed-Bridge: 	at org.chromium.media.VideoCaptureFactory.getCaptureApiType(chromium-Monochrome.aab-stable-573513121:8)

06-22 20:26:30.888  5347  5948 I LSPosed-Bridge: 5347 PermLabel 10124 android.permission.CAMERA getCameraInfo args0: 1; args1: android.hardware.Camera$CameraInfo@18f59e2; res= null; stacktrace=java.lang.Exception

06-22 20:26:30.888  5347  5948 I LSPosed-Bridge: 	at com.example.permlabel.hookCamera$1.afterHookedMethod(hookCamera.java:21)

06-22 20:26:30.888  5347  5948 I LSPosed-Bridge: 	at de.robv.android.xposed.XposedBridge$AdditionalHookInfo.callback(Unknown Source:147)

06-22 20:26:30.888  5347  5948 I LSPosed-Bridge: 	at LSPHooker_.getCameraInfo(Unknown Source:15)

06-22 20:26:30.888  5347  5948 I LSPosed-Bridge: 	at z74.e(chromium-Monochrome.aab-stable-573513121:6)

06-22 20:26:30.888  5347  5948 I LSPosed-Bridge: 	at org.chromium.media.VideoCaptureFactory.getFacingMode(chromium-Monochrome.aab-stable-573513121:10)

06-22 20:26:30.889  5347  5948 I chatty  : uid=10124(loseweightapp.loseweightappforwomen.womenworkoutathome) ThreadPoolSingl identical 1 line

06-22 20:26:30.889  5347  5948 I LSPosed-Bridge: 5347 PermLabel 10124 android.permission.CAMERA getCameraInfo args0: 1; args1: android.hardware.Camera$CameraInfo@18f59e2; res= null; stacktrace=java.lang.Exception

06-22 20:26:30.889  5347  5948 I LSPosed-Bridge: 	at com.example.permlabel.hookCamera$1.afterHookedMethod(hookCamera.java:21)

06-22 20:26:30.889  5347  5948 I LSPosed-Bridge: 	at de.robv.android.xposed.XposedBridge$AdditionalHookInfo.callback(Unknown Source:147)

06-22 20:26:30.889  5347  5948 I LSPosed-Bridge: 	at LSPHooker_.getCameraInfo(Unknown Source:15)

06-22 20:26:30.889  5347  5948 I LSPosed-Bridge: 	at z74.e(chromium-Monochrome.aab-stable-573513121:6)

06-22 20:26:30.889  5347  5948 I LSPosed-Bridge: 	at org.chromium.media.VideoCaptureFactory.getFacingMode(chromium-Monochrome.aab-stable-573513121:10)

06-22 20:26:30.873  5347  5347 W ThreadPoolSingl: type=1400 audit(0.0:1778): avc: denied { read } for name="u:object_r:vendor_camera_prop:s0" dev="tmpfs" ino=4917 scontext=u:r:untrusted_app:s0:c124,c256,c512,c768 tcontext=u:object_r:vendor_camera_prop:s0 tclass=file permissive=0

06-22 20:26:30.899  5347  5948 I LSPosed-Bridge: 5347 PermLabel 10124 android.permission.CAMERA getCameraInfo args0: 0; args1: android.hardware.Camera$CameraInfo@5cd322e; res= null; stacktrace=java.lang.Exception

06-22 20:26:30.899  5347  5948 I LSPosed-Bridge: 	at com.example.permlabel.hookCamera$1.afterHookedMethod(hookCamera.java:21)

06-22 20:26:30.899  5347  5948 I LSPosed-Bridge: 	at de.robv.android.xposed.XposedBridge$AdditionalHookInfo.callback(Unknown Source:147)

06-22 20:26:30.899  5347  5948 I LSPosed-Bridge: 	at LSPHooker_.getCameraInfo(Unknown Source:15)

06-22 20:26:30.899  5347  5948 I LSPosed-Bridge: 	at z74.e(chromium-Monochrome.aab-stable-573513121:6)

06-22 20:26:30.899  5347  5948 I LSPosed-Bridge: 	at org.chromium.media.VideoCaptureFactory.getDeviceName(chromium-Monochrome.aab-stable-573513121:15)

06-22 20:26:30.900  5347  5948 I chatty  : uid=10124(loseweightapp.loseweightappforwomen.womenworkoutathome) ThreadPoolSingl identical 1 line

06-22 20:26:30.900  5347  5948 I LSPosed-Bridge: 5347 PermLabel 10124 android.permission.CAMERA getCameraInfo args0: 0; args1: android.hardware.Camera$CameraInfo@5cd322e; res= null; stacktrace=java.lang.Exception

06-22 20:26:30.900  5347  5948 I LSPosed-Bridge: 	at com.example.permlabel.hookCamera$1.afterHookedMethod(hookCamera.java:21)

06-22 20:26:30.900  5347  5948 I LSPosed-Bridge: 	at de.robv.android.xposed.XposedBridge$AdditionalHookInfo.callback(Unknown Source:147)

06-22 20:26:30.900  5347  5948 I LSPosed-Bridge: 	at LSPHooker_.getCameraInfo(Unknown Source:15)

06-22 20:26:30.900  5347  5948 I LSPosed-Bridge: 	at z74.e(chromium-Monochrome.aab-stable-573513121:6)

06-22 20:26:30.900  5347  5948 I LSPosed-Bridge: 	at org.chromium.media.VideoCaptureFactory.getDeviceName(chromium-Monochrome.aab-stable-573513121:15)

06-22 20:26:30.916  5347  5948 I LSPosed-Bridge: 5347 PermLabel 10124 android.permission.CAMERA getCameraInfo args0: 0; args1: android.hardware.Camera$CameraInfo@5fe433a; res= null; stacktrace=java.lang.Exception

06-22 20:26:30.916  5347  5948 I LSPosed-Bridge: 5347 PermLabel 10124 android.permission.CAMERA getCameraInfo args0: 0; args1: android.hardware.Camera$CameraInfo@5fe433a; res= null; stacktrace=java.lang.Exception

06-22 20:26:30.916  5347  5948 I LSPosed-Bridge: 	at com.example.permlabel.hookCamera$1.afterHookedMethod(hookCamera.java:21)

06-22 20:26:30.916  5347  5948 I LSPosed-Bridge: 	at com.example.permlabel.hookCamera$1.afterHookedMethod(hookCamera.java:21)

06-22 20:26:30.916  5347  5948 I LSPosed-Bridge: 	at de.robv.android.xposed.XposedBridge$AdditionalHookInfo.callback(Unknown Source:147)

06-22 20:26:30.916  5347  5948 I LSPosed-Bridge: 	at de.robv.android.xposed.XposedBridge$AdditionalHookInfo.callback(Unknown Source:147)

06-22 20:26:30.916  5347  5948 I LSPosed-Bridge: 	at LSPHooker_.getCameraInfo(Unknown Source:15)

06-22 20:26:30.916  5347  5948 I LSPosed-Bridge: 	at LSPHooker_.getCameraInfo(Unknown Source:15)

06-22 20:26:30.916  5347  5948 I LSPosed-Bridge: 	at z74.e(chromium-Monochrome.aab-stable-573513121:6)

06-22 20:26:30.916  5347  5948 I LSPosed-Bridge: 	at z74.e(chromium-Monochrome.aab-stable-573513121:6)

06-22 20:26:30.916  5347  5948 I LSPosed-Bridge: 	at org.chromium.media.VideoCaptureFactory.getCaptureApiType(chromium-Monochrome.aab-stable-573513121:8)

06-22 20:26:30.916  5347  5948 I LSPosed-Bridge: 	at org.chromium.media.VideoCaptureFactory.getCaptureApiType(chromium-Monochrome.aab-stable-573513121:8)

06-22 20:26:30.916  5347  5948 I chatty  : uid=10124(loseweightapp.loseweightappforwomen.womenworkoutathome) ThreadPoolSingl identical 1 line

06-22 20:26:30.916  5347  5948 I chatty  : uid=10124(loseweightapp.loseweightappforwomen.womenworkoutathome) ThreadPoolSingl identical 1 line

06-22 20:26:30.916  5347  5948 I LSPosed-Bridge: 5347 PermLabel 10124 android.permission.CAMERA getCameraInfo args0: 0; args1: android.hardware.Camera$CameraInfo@5fe433a; res= null; stacktrace=java.lang.Exception

06-22 20:26:30.916  5347  5948 I LSPosed-Bridge: 5347 PermLabel 10124 android.permission.CAMERA getCameraInfo args0: 0; args1: android.hardware.Camera$CameraInfo@5fe433a; res= null; stacktrace=java.lang.Exception

06-22 20:26:30.916  5347  5948 I LSPosed-Bridge: 	at com.example.permlabel.hookCamera$1.afterHookedMethod(hookCamera.java:21)

06-22 20:26:30.916  5347  5948 I LSPosed-Bridge: 	at com.example.permlabel.hookCamera$1.afterHookedMethod(hookCamera.java:21)

06-22 20:26:30.916  5347  5948 I LSPosed-Bridge: 	at de.robv.android.xposed.XposedBridge$AdditionalHookInfo.callback(Unknown Source:147)

06-22 20:26:30.916  5347  5948 I LSPosed-Bridge: 	at de.robv.android.xposed.XposedBridge$AdditionalHookInfo.callback(Unknown Source:147)

06-22 20:26:30.916  5347  5948 I LSPosed-Bridge: 	at LSPHooker_.getCameraInfo(Unknown Source:15)

06-22 20:26:30.916  5347  5948 I LSPosed-Bridge: 	at LSPHooker_.getCameraInfo(Unknown Source:15)

06-22 20:26:30.916  5347  5948 I LSPosed-Bridge: 	at z74.e(chromium-Monochrome.aab-stable-573513121:6)

06-22 20:26:30.916  5347  5948 I LSPosed-Bridge: 	at z74.e(chromium-Monochrome.aab-stable-573513121:6)

06-22 20:26:30.916  5347  5948 I LSPosed-Bridge: 	at org.chromium.media.VideoCaptureFactory.getCaptureApiType(chromium-Monochrome.aab-stable-573513121:8)

06-22 20:26:30.916  5347  5948 I LSPosed-Bridge: 	at org.chromium.media.VideoCaptureFactory.getCaptureApiType(chromium-Monochrome.aab-stable-573513121:8)

06-22 20:26:30.928  5347  5948 I LSPosed-Bridge: 5347 PermLabel 10124 android.permission.CAMERA getCameraInfo args0: 0; args1: android.hardware.Camera$CameraInfo@efd5906; res= null; stacktrace=java.lang.Exception

06-22 20:26:30.928  5347  5948 I LSPosed-Bridge: 5347 PermLabel 10124 android.permission.CAMERA getCameraInfo args0: 0; args1: android.hardware.Camera$CameraInfo@efd5906; res= null; stacktrace=java.lang.Exception

06-22 20:26:30.928  5347  5948 I LSPosed-Bridge: 	at com.example.permlabel.hookCamera$1.afterHookedMethod(hookCamera.java:21)

06-22 20:26:30.928  5347  5948 I LSPosed-Bridge: 	at com.example.permlabel.hookCamera$1.afterHookedMethod(hookCamera.java:21)

06-22 20:26:30.928  5347  5948 I LSPosed-Bridge: 	at de.robv.android.xposed.XposedBridge$AdditionalHookInfo.callback(Unknown Source:147)

06-22 20:26:30.928  5347  5948 I LSPosed-Bridge: 	at de.robv.android.xposed.XposedBridge$AdditionalHookInfo.callback(Unknown Source:147)

06-22 20:26:30.928  5347  5948 I LSPosed-Bridge: 	at LSPHooker_.getCameraInfo(Unknown Source:15)

06-22 20:26:30.928  5347  5948 I LSPosed-Bridge: 	at LSPHooker_.getCameraInfo(Unknown Source:15)

06-22 20:26:30.928  5347  5948 I LSPosed-Bridge: 	at z74.e(chromium-Monochrome.aab-stable-573513121:6)

06-22 20:26:30.928  5347  5948 I LSPosed-Bridge: 	at z74.e(chromium-Monochrome.aab-stable-573513121:6)

06-22 20:26:30.928  5347  5948 I LSPosed-Bridge: 	at org.chromium.media.VideoCaptureFactory.getFacingMode(chromium-Monochrome.aab-stable-573513121:10)

06-22 20:26:30.928  5347  5948 I LSPosed-Bridge: 	at org.chromium.media.VideoCaptureFactory.getFacingMode(chromium-Monochrome.aab-stable-573513121:10)

06-22 20:26:30.928  5347  5948 I chatty  : uid=10124(loseweightapp.loseweightappforwomen.womenworkoutathome) ThreadPoolSingl identical 1 line

06-22 20:26:30.928  5347  5948 I chatty  : uid=10124(loseweightapp.loseweightappforwomen.womenworkoutathome) ThreadPoolSingl identical 1 line

06-22 20:26:30.928  5347  5948 I LSPosed-Bridge: 5347 PermLabel 10124 android.permission.CAMERA getCameraInfo args0: 0; args1: android.hardware.Camera$CameraInfo@efd5906; res= null; stacktrace=java.lang.Exception

06-22 20:26:30.928  5347  5948 I LSPosed-Bridge: 5347 PermLabel 10124 android.permission.CAMERA getCameraInfo args0: 0; args1: android.hardware.Camera$CameraInfo@efd5906; res= null; stacktrace=java.lang.Exception

06-22 20:26:30.928  5347  5948 I LSPosed-Bridge: 	at com.example.permlabel.hookCamera$1.afterHookedMethod(hookCamera.java:21)

06-22 20:26:30.928  5347  5948 I LSPosed-Bridge: 	at com.example.permlabel.hookCamera$1.afterHookedMethod(hookCamera.java:21)

06-22 20:26:30.928  5347  5948 I LSPosed-Bridge: 	at de.robv.android.xposed.XposedBridge$AdditionalHookInfo.callback(Unknown Source:147)

06-22 20:26:30.928  5347  5948 I LSPosed-Bridge: 	at de.robv.android.xposed.XposedBridge$AdditionalHookInfo.callback(Unknown Source:147)

06-22 20:26:30.928  5347  5948 I LSPosed-Bridge: 	at LSPHooker_.getCameraInfo(Unknown Source:15)

06-22 20:26:30.928  5347  5948 I LSPosed-Bridge: 	at LSPHooker_.getCameraInfo(Unknown Source:15)

06-22 20:26:30.928  5347  5948 I LSPosed-Bridge: 	at z74.e(chromium-Monochrome.aab-stable-573513121:6)

06-22 20:26:30.928  5347  5948 I LSPosed-Bridge: 	at z74.e(chromium-Monochrome.aab-stable-573513121:6)

06-22 20:26:30.928  5347  5948 I LSPosed-Bridge: 	at org.chromium.media.VideoCaptureFactory.getFacingMode(chromium-Monochrome.aab-stable-573513121:10)

06-22 20:26:30.928  5347  5948 I LSPosed-Bridge: 	at org.chromium.media.VideoCaptureFactory.getFacingMode(chromium-Monochrome.aab-stable-573513121:10)

06-22 20:29:11.599   553   553 I chatty  : uid=1000(system) /system/bin/surfaceflinger identical 2 lines

06-22 20:29:11.599   553   553 I ConfigStore: android::hardware::configstore::V1_0::ISurfaceFlingerConfigs::hasHDRDisplay retrieved: 0

06-22 20:29:11.599  5347  5948 I LSPosed-Bridge: 5347 PermLabel 10124 android.permission.CAMERA getCameraInfo args0: 1; args1: android.hardware.Camera$CameraInfo@442462f; res= null; stacktrace=java.lang.Exception

06-22 20:29:11.599  5347  5948 I LSPosed-Bridge: 	at com.example.permlabel.hookCamera$1.afterHookedMethod(hookCamera.java:21)

06-22 20:29:11.599  5347  5948 I LSPosed-Bridge: 	at de.robv.android.xposed.XposedBridge$AdditionalHookInfo.callback(Unknown Source:147)

06-22 20:29:11.599  5347  5948 I LSPosed-Bridge: 	at LSPHooker_.getCameraInfo(Unknown Source:15)

06-22 20:29:11.599  5347  5948 I LSPosed-Bridge: 	at z74.e(chromium-Monochrome.aab-stable-573513121:6)

06-22 20:29:11.599  5347  5948 I LSPosed-Bridge: 	at org.chromium.media.VideoCaptureFactory.getDeviceName(chromium-Monochrome.aab-stable-573513121:15)

06-22 20:29:11.600  5347  5948 I chatty  : uid=10124(loseweightapp.loseweightappforwomen.womenworkoutathome) ThreadPoolSingl identical 1 line

06-22 20:29:11.600  5347  5948 I LSPosed-Bridge: 5347 PermLabel 10124 android.permission.CAMERA getCameraInfo args0: 1; args1: android.hardware.Camera$CameraInfo@442462f; res= null; stacktrace=java.lang.Exception

06-22 20:29:11.600  5347  5948 I LSPosed-Bridge: 	at com.example.permlabel.hookCamera$1.afterHookedMethod(hookCamera.java:21)

06-22 20:29:11.600  5347  5948 I LSPosed-Bridge: 	at de.robv.android.xposed.XposedBridge$AdditionalHookInfo.callback(Unknown Source:147)

06-22 20:29:11.600  5347  5948 I LSPosed-Bridge: 	at LSPHooker_.getCameraInfo(Unknown Source:15)

06-22 20:29:11.600  5347  5948 I LSPosed-Bridge: 	at z74.e(chromium-Monochrome.aab-stable-573513121:6)

06-22 20:29:11.600  5347  5948 I LSPosed-Bridge: 	at org.chromium.media.VideoCaptureFactory.getDeviceName(chromium-Monochrome.aab-stable-573513121:15)

06-22 20:29:11.622  5347  5948 I LSPosed-Bridge: 5347 PermLabel 10124 android.permission.CAMERA getCameraInfo args0: 1; args1: android.hardware.Camera$CameraInfo@6b7164b; res= null; stacktrace=java.lang.Exception

06-22 20:29:11.622  5347  5948 I LSPosed-Bridge: 5347 PermLabel 10124 android.permission.CAMERA getCameraInfo args0: 1; args1: android.hardware.Camera$CameraInfo@6b7164b; res= null; stacktrace=java.lang.Exception

06-22 20:29:11.622  5347  5948 I LSPosed-Bridge: 	at com.example.permlabel.hookCamera$1.afterHookedMethod(hookCamera.java:21)

06-22 20:29:11.622  5347  5948 I LSPosed-Bridge: 	at com.example.permlabel.hookCamera$1.afterHookedMethod(hookCamera.java:21)

06-22 20:29:11.622  5347  5948 I LSPosed-Bridge: 	at de.robv.android.xposed.XposedBridge$AdditionalHookInfo.callback(Unknown Source:147)

06-22 20:29:11.622  5347  5948 I LSPosed-Bridge: 	at de.robv.android.xposed.XposedBridge$AdditionalHookInfo.callback(Unknown Source:147)

06-22 20:29:11.622  5347  5948 I LSPosed-Bridge: 	at LSPHooker_.getCameraInfo(Unknown Source:15)

06-22 20:29:11.622  5347  5948 I LSPosed-Bridge: 	at LSPHooker_.getCameraInfo(Unknown Source:15)

06-22 20:29:11.622  5347  5948 I LSPosed-Bridge: 	at z74.e(chromium-Monochrome.aab-stable-573513121:6)

06-22 20:29:11.622  5347  5948 I LSPosed-Bridge: 	at z74.e(chromium-Monochrome.aab-stable-573513121:6)

06-22 20:29:11.622  5347  5948 I LSPosed-Bridge: 	at org.chromium.media.VideoCaptureFactory.getCaptureApiType(chromium-Monochrome.aab-stable-573513121:8)

06-22 20:29:11.622  5347  5948 I LSPosed-Bridge: 	at org.chromium.media.VideoCaptureFactory.getCaptureApiType(chromium-Monochrome.aab-stable-573513121:8)

06-22 20:29:11.622  5347  5948 I chatty  : uid=10124(loseweightapp.loseweightappforwomen.womenworkoutathome) ThreadPoolSingl identical 1 line

06-22 20:29:11.622  5347  5948 I chatty  : uid=10124(loseweightapp.loseweightappforwomen.womenworkoutathome) ThreadPoolSingl identical 1 line

06-22 20:29:11.622  5347  5948 I LSPosed-Bridge: 5347 PermLabel 10124 android.permission.CAMERA getCameraInfo args0: 1; args1: android.hardware.Camera$CameraInfo@6b7164b; res= null; stacktrace=java.lang.Exception

06-22 20:29:11.622  5347  5948 I LSPosed-Bridge: 5347 PermLabel 10124 android.permission.CAMERA getCameraInfo args0: 1; args1: android.hardware.Camera$CameraInfo@6b7164b; res= null; stacktrace=java.lang.Exception

06-22 20:29:11.622  5347  5948 I LSPosed-Bridge: 	at com.example.permlabel.hookCamera$1.afterHookedMethod(hookCamera.java:21)

06-22 20:29:11.622  5347  5948 I LSPosed-Bridge: 	at com.example.permlabel.hookCamera$1.afterHookedMethod(hookCamera.java:21)

06-22 20:29:11.622  5347  5948 I LSPosed-Bridge: 	at de.robv.android.xposed.XposedBridge$AdditionalHookInfo.callback(Unknown Source:147)

06-22 20:29:11.622  5347  5948 I LSPosed-Bridge: 	at de.robv.android.xposed.XposedBridge$AdditionalHookInfo.callback(Unknown Source:147)

06-22 20:29:11.622  5347  5948 I LSPosed-Bridge: 	at LSPHooker_.getCameraInfo(Unknown Source:15)

06-22 20:29:11.622  5347  5948 I LSPosed-Bridge: 	at LSPHooker_.getCameraInfo(Unknown Source:15)

06-22 20:29:11.622  5347  5948 I LSPosed-Bridge: 	at z74.e(chromium-Monochrome.aab-stable-573513121:6)

06-22 20:29:11.622  5347  5948 I LSPosed-Bridge: 	at z74.e(chromium-Monochrome.aab-stable-573513121:6)

06-22 20:29:11.622  5347  5948 I LSPosed-Bridge: 	at org.chromium.media.VideoCaptureFactory.getCaptureApiType(chromium-Monochrome.aab-stable-573513121:8)

06-22 20:29:11.622  5347  5948 I LSPosed-Bridge: 	at org.chromium.media.VideoCaptureFactory.getCaptureApiType(chromium-Monochrome.aab-stable-573513121:8)

06-22 20:29:11.635  5347  5948 I LSPosed-Bridge: 5347 PermLabel 10124 android.permission.CAMERA getCameraInfo args0: 1; args1: android.hardware.Camera$CameraInfo@c5ecc27; res= null; stacktrace=java.lang.Exception

06-22 20:29:11.635  5347  5948 I LSPosed-Bridge: 	at com.example.permlabel.hookCamera$1.afterHookedMethod(hookCamera.java:21)

06-22 20:29:11.635  5347  5948 I LSPosed-Bridge: 	at de.robv.android.xposed.XposedBridge$AdditionalHookInfo.callback(Unknown Source:147)

06-22 20:29:11.635  5347  5948 I LSPosed-Bridge: 	at LSPHooker_.getCameraInfo(Unknown Source:15)

06-22 20:29:11.635  5347  5948 I LSPosed-Bridge: 	at z74.e(chromium-Monochrome.aab-stable-573513121:6)

06-22 20:29:11.635  5347  5948 I LSPosed-Bridge: 	at org.chromium.media.VideoCaptureFactory.getFacingMode(chromium-Monochrome.aab-stable-573513121:10)

06-22 20:29:11.635  5347  5948 I chatty  : uid=10124(loseweightapp.loseweightappforwomen.womenworkoutathome) ThreadPoolSingl identical 1 line

06-22 20:29:11.636  5347  5948 I LSPosed-Bridge: 5347 PermLabel 10124 android.permission.CAMERA getCameraInfo args0: 1; args1: android.hardware.Camera$CameraInfo@c5ecc27; res= null; stacktrace=java.lang.Exception

06-22 20:29:11.636  5347  5948 I LSPosed-Bridge: 	at com.example.permlabel.hookCamera$1.afterHookedMethod(hookCamera.java:21)

06-22 20:29:11.636  5347  5948 I LSPosed-Bridge: 	at de.robv.android.xposed.XposedBridge$AdditionalHookInfo.callback(Unknown Source:147)

06-22 20:29:11.636  5347  5948 I LSPosed-Bridge: 	at LSPHooker_.getCameraInfo(Unknown Source:15)

06-22 20:29:11.636  5347  5948 I LSPosed-Bridge: 	at z74.e(chromium-Monochrome.aab-stable-573513121:6)

06-22 20:29:11.636  5347  5948 I LSPosed-Bridge: 	at org.chromium.media.VideoCaptureFactory.getFacingMode(chromium-Monochrome.aab-stable-573513121:10)

06-22 20:29:11.649   553   553 I ConfigStore: android::hardware::configstore::V1_0::ISurfaceFlingerConfigs::hasHDRDisplay retrieved: 0

06-22 20:29:11.649  5347  5948 I LSPosed-Bridge: 5347 PermLabel 10124 android.permission.CAMERA getCameraInfo args0: 0; args1: android.hardware.Camera$CameraInfo@ae203c3; res= null; stacktrace=java.lang.Exception

06-22 20:29:11.649  5347  5948 I LSPosed-Bridge: 	at com.example.permlabel.hookCamera$1.afterHookedMethod(hookCamera.java:21)

