06-22 20:20:04.013  5347  5948 I LSPosed-Bridge: 5347 PermLabel 10124 android.permission.CAMERA getCameraInfo args0: 1; args1: android.hardware.Camera$CameraInfo@7cdbf9d; res= null; stacktrace=java.lang.Exception

06-22 20:20:04.013  5347  5948 I LSPosed-Bridge: 5347 PermLabel 10124 android.permission.CAMERA getCameraInfo args0: 1; args1: android.hardware.Camera$CameraInfo@7cdbf9d; res= null; stacktrace=java.lang.Exception

06-22 20:20:04.013  5347  5948 I LSPosed-Bridge: 	at com.example.permlabel.hookCamera$1.afterHookedMethod(hookCamera.java:21)

06-22 20:20:04.013  5347  5948 I LSPosed-Bridge: 	at com.example.permlabel.hookCamera$1.afterHookedMethod(hookCamera.java:21)

06-22 20:20:04.013  5347  5948 I LSPosed-Bridge: 	at de.robv.android.xposed.XposedBridge$AdditionalHookInfo.callback(Unknown Source:147)

06-22 20:20:04.013  5347  5948 I LSPosed-Bridge: 	at de.robv.android.xposed.XposedBridge$AdditionalHookInfo.callback(Unknown Source:147)

06-22 20:20:04.013  5347  5948 I LSPosed-Bridge: 	at LSPHooker_.getCameraInfo(Unknown Source:15)

06-22 20:20:04.013  5347  5948 I LSPosed-Bridge: 	at LSPHooker_.getCameraInfo(Unknown Source:15)

06-22 20:20:04.013  5347  5948 I LSPosed-Bridge: 	at z74.e(chromium-Monochrome.aab-stable-573513121:6)

06-22 20:20:04.013  5347  5948 I LSPosed-Bridge: 	at z74.e(chromium-Monochrome.aab-stable-573513121:6)

06-22 20:20:04.013  5347  5948 I LSPosed-Bridge: 	at org.chromium.media.VideoCaptureFactory.getDeviceName(chromium-Monochrome.aab-stable-573513121:15)

06-22 20:20:04.013  5347  5948 I LSPosed-Bridge: 	at org.chromium.media.VideoCaptureFactory.getDeviceName(chromium-Monochrome.aab-stable-573513121:15)

06-22 20:20:04.013  5347  5948 I chatty  : uid=10124(loseweightapp.loseweightappforwomen.womenworkoutathome) ThreadPoolSingl identical 1 line

06-22 20:20:04.013  5347  5948 I chatty  : uid=10124(loseweightapp.loseweightappforwomen.womenworkoutathome) ThreadPoolSingl identical 1 line

06-22 20:20:04.013  5347  5948 I LSPosed-Bridge: 5347 PermLabel 10124 android.permission.CAMERA getCameraInfo args0: 1; args1: android.hardware.Camera$CameraInfo@7cdbf9d; res= null; stacktrace=java.lang.Exception

06-22 20:20:04.013  5347  5948 I LSPosed-Bridge: 5347 PermLabel 10124 android.permission.CAMERA getCameraInfo args0: 1; args1: android.hardware.Camera$CameraInfo@7cdbf9d; res= null; stacktrace=java.lang.Exception

06-22 20:20:04.013  5347  5948 I LSPosed-Bridge: 	at com.example.permlabel.hookCamera$1.afterHookedMethod(hookCamera.java:21)

06-22 20:20:04.013  5347  5948 I LSPosed-Bridge: 	at com.example.permlabel.hookCamera$1.afterHookedMethod(hookCamera.java:21)

06-22 20:20:04.013  5347  5948 I LSPosed-Bridge: 	at de.robv.android.xposed.XposedBridge$AdditionalHookInfo.callback(Unknown Source:147)

06-22 20:20:04.013  5347  5948 I LSPosed-Bridge: 	at de.robv.android.xposed.XposedBridge$AdditionalHookInfo.callback(Unknown Source:147)

06-22 20:20:04.013  5347  5948 I LSPosed-Bridge: 	at LSPHooker_.getCameraInfo(Unknown Source:15)

06-22 20:20:04.013  5347  5948 I LSPosed-Bridge: 	at LSPHooker_.getCameraInfo(Unknown Source:15)

06-22 20:20:04.013  5347  5948 I LSPosed-Bridge: 	at z74.e(chromium-Monochrome.aab-stable-573513121:6)

06-22 20:20:04.013  5347  5948 I LSPosed-Bridge: 	at z74.e(chromium-Monochrome.aab-stable-573513121:6)

06-22 20:20:04.013  5347  5948 I LSPosed-Bridge: 	at org.chromium.media.VideoCaptureFactory.getDeviceName(chromium-Monochrome.aab-stable-573513121:15)

06-22 20:20:04.013  5347  5948 I LSPosed-Bridge: 	at org.chromium.media.VideoCaptureFactory.getDeviceName(chromium-Monochrome.aab-stable-573513121:15)

06-22 20:20:04.042  5347  5948 I LSPosed-Bridge: 5347 PermLabel 10124 android.permission.CAMERA getCameraInfo args0: 1; args1: android.hardware.Camera$CameraInfo@cbb899; res= null; stacktrace=java.lang.Exception

06-22 20:20:04.042  5347  5948 I LSPosed-Bridge: 5347 PermLabel 10124 android.permission.CAMERA getCameraInfo args0: 1; args1: android.hardware.Camera$CameraInfo@cbb899; res= null; stacktrace=java.lang.Exception

06-22 20:20:04.042  5347  5948 I LSPosed-Bridge: 5347 PermLabel 10124 android.permission.CAMERA getCameraInfo args0: 1; args1: android.hardware.Camera$CameraInfo@cbb899; res= null; stacktrace=java.lang.Exception

06-22 20:20:04.042  5347  5948 I LSPosed-Bridge: 	at com.example.permlabel.hookCamera$1.afterHookedMethod(hookCamera.java:21)

06-22 20:20:04.042  5347  5948 I LSPosed-Bridge: 	at com.example.permlabel.hookCamera$1.afterHookedMethod(hookCamera.java:21)

06-22 20:20:04.042  5347  5948 I LSPosed-Bridge: 	at com.example.permlabel.hookCamera$1.afterHookedMethod(hookCamera.java:21)

06-22 20:20:04.042  5347  5948 I LSPosed-Bridge: 	at de.robv.android.xposed.XposedBridge$AdditionalHookInfo.callback(Unknown Source:147)

06-22 20:20:04.042  5347  5948 I LSPosed-Bridge: 	at de.robv.android.xposed.XposedBridge$AdditionalHookInfo.callback(Unknown Source:147)

06-22 20:20:04.042  5347  5948 I LSPosed-Bridge: 	at de.robv.android.xposed.XposedBridge$AdditionalHookInfo.callback(Unknown Source:147)

06-22 20:20:04.042  5347  5948 I LSPosed-Bridge: 	at LSPHooker_.getCameraInfo(Unknown Source:15)

06-22 20:20:04.042  5347  5948 I LSPosed-Bridge: 	at LSPHooker_.getCameraInfo(Unknown Source:15)

06-22 20:20:04.042  5347  5948 I LSPosed-Bridge: 	at LSPHooker_.getCameraInfo(Unknown Source:15)

06-22 20:20:04.042  5347  5948 I LSPosed-Bridge: 	at z74.e(chromium-Monochrome.aab-stable-573513121:6)

06-22 20:20:04.042  5347  5948 I LSPosed-Bridge: 	at z74.e(chromium-Monochrome.aab-stable-573513121:6)

06-22 20:20:04.042  5347  5948 I LSPosed-Bridge: 	at z74.e(chromium-Monochrome.aab-stable-573513121:6)

06-22 20:20:04.042  5347  5948 I LSPosed-Bridge: 	at org.chromium.media.VideoCaptureFactory.getCaptureApiType(chromium-Monochrome.aab-stable-573513121:8)

06-22 20:20:04.042  5347  5948 I LSPosed-Bridge: 	at org.chromium.media.VideoCaptureFactory.getCaptureApiType(chromium-Monochrome.aab-stable-573513121:8)

06-22 20:20:04.042  5347  5948 I LSPosed-Bridge: 	at org.chromium.media.VideoCaptureFactory.getCaptureApiType(chromium-Monochrome.aab-stable-573513121:8)

06-22 20:20:04.042  5347  5948 I LSPosed-Bridge: 5347 PermLabel 10124 android.permission.CAMERA getCameraInfo args0: 1; args1: android.hardware.Camera$CameraInfo@cbb899; res= null; stacktrace=java.lang.Exception

06-22 20:20:04.042  5347  5948 I LSPosed-Bridge: 5347 PermLabel 10124 android.permission.CAMERA getCameraInfo args0: 1; args1: android.hardware.Camera$CameraInfo@cbb899; res= null; stacktrace=java.lang.Exception

06-22 20:20:04.042  5347  5948 I LSPosed-Bridge: 5347 PermLabel 10124 android.permission.CAMERA getCameraInfo args0: 1; args1: android.hardware.Camera$CameraInfo@cbb899; res= null; stacktrace=java.lang.Exception

06-22 20:20:04.042  5347  5948 I LSPosed-Bridge: 	at com.example.permlabel.hookCamera$1.afterHookedMethod(hookCamera.java:21)

06-22 20:20:04.042  5347  5948 I LSPosed-Bridge: 	at com.example.permlabel.hookCamera$1.afterHookedMethod(hookCamera.java:21)

06-22 20:20:04.042  5347  5948 I LSPosed-Bridge: 	at com.example.permlabel.hookCamera$1.afterHookedMethod(hookCamera.java:21)

06-22 20:20:04.042  5347  5948 I LSPosed-Bridge: 	at de.robv.android.xposed.XposedBridge$AdditionalHookInfo.callback(Unknown Source:147)

06-22 20:20:04.042  5347  5948 I LSPosed-Bridge: 	at de.robv.android.xposed.XposedBridge$AdditionalHookInfo.callback(Unknown Source:147)

06-22 20:20:04.042  5347  5948 I LSPosed-Bridge: 	at de.robv.android.xposed.XposedBridge$AdditionalHookInfo.callback(Unknown Source:147)

06-22 20:20:04.042  5347  5948 I LSPosed-Bridge: 	at LSPHooker_.getCameraInfo(Unknown Source:15)

06-22 20:20:04.042  5347  5948 I LSPosed-Bridge: 	at LSPHooker_.getCameraInfo(Unknown Source:15)

06-22 20:20:04.042  5347  5948 I LSPosed-Bridge: 	at LSPHooker_.getCameraInfo(Unknown Source:15)

06-22 20:20:04.042  5347  5948 I LSPosed-Bridge: 	at z74.e(chromium-Monochrome.aab-stable-573513121:6)

06-22 20:20:04.042  5347  5948 I LSPosed-Bridge: 	at z74.e(chromium-Monochrome.aab-stable-573513121:6)

06-22 20:20:04.042  5347  5948 I LSPosed-Bridge: 	at z74.e(chromium-Monochrome.aab-stable-573513121:6)

06-22 20:20:04.042  5347  5948 I LSPosed-Bridge: 	at org.chromium.media.VideoCaptureFactory.getCaptureApiType(chromium-Monochrome.aab-stable-573513121:8)

06-22 20:20:04.042  5347  5948 I LSPosed-Bridge: 	at org.chromium.media.VideoCaptureFactory.getCaptureApiType(chromium-Monochrome.aab-stable-573513121:8)

06-22 20:20:04.042  5347  5948 I LSPosed-Bridge: 	at org.chromium.media.VideoCaptureFactory.getCaptureApiType(chromium-Monochrome.aab-stable-573513121:8)

06-22 20:20:04.042  5347  5948 I LSPosed-Bridge: 5347 PermLabel 10124 android.permission.CAMERA getCameraInfo args0: 1; args1: android.hardware.Camera$CameraInfo@cbb899; res= null; stacktrace=java.lang.Exception

06-22 20:20:04.042  5347  5948 I LSPosed-Bridge: 5347 PermLabel 10124 android.permission.CAMERA getCameraInfo args0: 1; args1: android.hardware.Camera$CameraInfo@cbb899; res= null; stacktrace=java.lang.Exception

06-22 20:20:04.042  5347  5948 I LSPosed-Bridge: 5347 PermLabel 10124 android.permission.CAMERA getCameraInfo args0: 1; args1: android.hardware.Camera$CameraInfo@cbb899; res= null; stacktrace=java.lang.Exception

06-22 20:20:04.042  5347  5948 I LSPosed-Bridge: 	at com.example.permlabel.hookCamera$1.afterHookedMethod(hookCamera.java:21)

06-22 20:20:04.042  5347  5948 I LSPosed-Bridge: 	at com.example.permlabel.hookCamera$1.afterHookedMethod(hookCamera.java:21)

06-22 20:20:04.042  5347  5948 I LSPosed-Bridge: 	at com.example.permlabel.hookCamera$1.afterHookedMethod(hookCamera.java:21)

06-22 20:20:04.042  5347  5948 I LSPosed-Bridge: 	at de.robv.android.xposed.XposedBridge$AdditionalHookInfo.callback(Unknown Source:147)

06-22 20:20:04.042  5347  5948 I LSPosed-Bridge: 	at de.robv.android.xposed.XposedBridge$AdditionalHookInfo.callback(Unknown Source:147)

06-22 20:20:04.042  5347  5948 I LSPosed-Bridge: 	at de.robv.android.xposed.XposedBridge$AdditionalHookInfo.callback(Unknown Source:147)

06-22 20:20:04.042  5347  5948 I LSPosed-Bridge: 	at LSPHooker_.getCameraInfo(Unknown Source:15)

06-22 20:20:04.042  5347  5948 I LSPosed-Bridge: 	at LSPHooker_.getCameraInfo(Unknown Source:15)

06-22 20:20:04.042  5347  5948 I LSPosed-Bridge: 	at LSPHooker_.getCameraInfo(Unknown Source:15)

06-22 20:20:04.042  5347  5948 I LSPosed-Bridge: 	at z74.e(chromium-Monochrome.aab-stable-573513121:6)

06-22 20:20:04.042  5347  5948 I LSPosed-Bridge: 	at z74.e(chromium-Monochrome.aab-stable-573513121:6)

06-22 20:20:04.042  5347  5948 I LSPosed-Bridge: 	at z74.e(chromium-Monochrome.aab-stable-573513121:6)

06-22 20:20:04.042  5347  5948 I LSPosed-Bridge: 	at org.chromium.media.VideoCaptureFactory.getCaptureApiType(chromium-Monochrome.aab-stable-573513121:8)

06-22 20:20:04.042  5347  5948 I LSPosed-Bridge: 	at org.chromium.media.VideoCaptureFactory.getCaptureApiType(chromium-Monochrome.aab-stable-573513121:8)

06-22 20:20:04.042  5347  5948 I LSPosed-Bridge: 	at org.chromium.media.VideoCaptureFactory.getCaptureApiType(chromium-Monochrome.aab-stable-573513121:8)

06-22 20:20:04.054  5347  5948 I LSPosed-Bridge: 5347 PermLabel 10124 android.permission.CAMERA getCameraInfo args0: 1; args1: android.hardware.Camera$CameraInfo@6164555; res= null; stacktrace=java.lang.Exception

06-22 20:20:04.054  5347  5948 I LSPosed-Bridge: 	at com.example.permlabel.hookCamera$1.afterHookedMethod(hookCamera.java:21)

06-22 20:20:04.054  5347  5948 I LSPosed-Bridge: 	at de.robv.android.xposed.XposedBridge$AdditionalHookInfo.callback(Unknown Source:147)

06-22 20:20:04.054  5347  5948 I LSPosed-Bridge: 	at LSPHooker_.getCameraInfo(Unknown Source:15)

06-22 20:20:04.054  5347  5948 I LSPosed-Bridge: 	at z74.e(chromium-Monochrome.aab-stable-573513121:6)

06-22 20:20:04.054  5347  5948 I LSPosed-Bridge: 	at org.chromium.media.VideoCaptureFactory.getFacingMode(chromium-Monochrome.aab-stable-573513121:10)

06-22 20:20:04.055  5347  5948 I chatty  : uid=10124(loseweightapp.loseweightappforwomen.womenworkoutathome) ThreadPoolSingl identical 1 line

06-22 20:20:04.055  5347  5948 I LSPosed-Bridge: 5347 PermLabel 10124 android.permission.CAMERA getCameraInfo args0: 1; args1: android.hardware.Camera$CameraInfo@6164555; res= null; stacktrace=java.lang.Exception

06-22 20:20:04.055  5347  5948 I LSPosed-Bridge: 	at com.example.permlabel.hookCamera$1.afterHookedMethod(hookCamera.java:21)

06-22 20:20:04.055  5347  5948 I LSPosed-Bridge: 	at de.robv.android.xposed.XposedBridge$AdditionalHookInfo.callback(Unknown Source:147)

06-22 20:20:04.055  5347  5948 I LSPosed-Bridge: 	at LSPHooker_.getCameraInfo(Unknown Source:15)

06-22 20:20:04.055  5347  5948 I LSPosed-Bridge: 	at z74.e(chromium-Monochrome.aab-stable-573513121:6)

06-22 20:20:04.055  5347  5948 I LSPosed-Bridge: 	at org.chromium.media.VideoCaptureFactory.getFacingMode(chromium-Monochrome.aab-stable-573513121:10)

06-22 20:20:04.062  1575  2489 I LSPosed-Bridge: 5347 PermLabel 10124 AMS.checkPermission: Binder.getCallingPid() = 920; uid = 10124; Binder.getCallingUid() = 1047; getNameForUid: null; getPackagesForUid: null; permName: android.permission.CAMERA; type = 1; res = -1; stacktrace=java.lang.Exception

06-22 20:20:04.062  1575  2489 I LSPosed-Bridge: 	at com.example.permlabel.requirePerm$1$2.afterHookedMethod(requirePerm.java:133)

06-22 20:20:04.062  1575  2489 I LSPosed-Bridge: 	at de.robv.android.xposed.XposedBridge$AdditionalHookInfo.callback(Unknown Source:147)

06-22 20:20:04.062  1575  2489 I LSPosed-Bridge: 	at LSPHooker_.checkPermission(Unknown Source:25)

06-22 20:20:04.062  1575  2489 I LSPosed-Bridge: 	at com.android.server.am.ActivityManagerService$PermissionController.checkPermission(ActivityManagerService.java:9248)

06-22 20:20:04.062  1575  2489 I LSPosed-Bridge: 	at android.os.IPermissionController$Stub.onTransact(IPermissionController.java:56)

06-22 20:20:04.062  1575  2489 I LSPosed-Bridge: 	at android.os.Binder.execTransact(Binder.java:731)

06-22 20:20:04.171  1575  2489 I LSPosed-Bridge: 5347 PermLabel 10124 AMS.checkPermission: Binder.getCallingPid() = 920; uid = 10124; Binder.getCallingUid() = 1047; getNameForUid: null; getPackagesForUid: null; permName: android.permission.CAMERA; type = 1; res = -1; stacktrace=java.lang.Exception

06-22 20:20:04.171  1575  2489 I LSPosed-Bridge: 	at com.example.permlabel.requirePerm$1$2.afterHookedMethod(requirePerm.java:133)

06-22 20:20:04.171  1575  2489 I LSPosed-Bridge: 	at de.robv.android.xposed.XposedBridge$AdditionalHookInfo.callback(Unknown Source:147)

06-22 20:20:04.171  1575  2489 I LSPosed-Bridge: 	at LSPHooker_.checkPermission(Unknown Source:25)

06-22 20:20:04.171  1575  2489 I LSPosed-Bridge: 	at com.android.server.am.ActivityManagerService$PermissionController.checkPermission(ActivityManagerService.java:9248)

06-22 20:20:04.171  1575  2489 I LSPosed-Bridge: 	at android.os.IPermissionController$Stub.onTransact(IPermissionController.java:56)

06-22 20:20:04.171  1575  2489 I LSPosed-Bridge: 	at android.os.Binder.execTransact(Binder.java:731)

06-22 20:20:04.275  1575  6478 I LSPosed-Bridge: 5347 PermLabel 10124 AMS.checkPermission: Binder.getCallingPid() = 920; uid = 10124; Binder.getCallingUid() = 1047; getNameForUid: null; getPackagesForUid: null; permName: android.permission.CAMERA; type = 1; res = -1; stacktrace=java.lang.Exception

06-22 20:20:04.275  1575  6478 I LSPosed-Bridge: 	at com.example.permlabel.requirePerm$1$2.afterHookedMethod(requirePerm.java:133)

06-22 20:20:04.275  1575  6478 I LSPosed-Bridge: 	at de.robv.android.xposed.XposedBridge$AdditionalHookInfo.callback(Unknown Source:147)

06-22 20:20:04.275  1575  6478 I LSPosed-Bridge: 	at LSPHooker_.checkPermission(Unknown Source:25)

06-22 20:20:04.275  1575  6478 I LSPosed-Bridge: 	at com.android.server.am.ActivityManagerService$PermissionController.checkPermission(ActivityManagerService.java:9248)

06-22 20:20:04.275  1575  6478 I LSPosed-Bridge: 	at android.os.IPermissionController$Stub.onTransact(IPermissionController.java:56)

06-22 20:20:04.275  1575  6478 I LSPosed-Bridge: 	at android.os.Binder.execTransact(Binder.java:731)

06-22 20:20:04.378  1575  5572 I LSPosed-Bridge: 5347 PermLabel 10124 AMS.checkPermission: Binder.getCallingPid() = 920; uid = 10124; Binder.getCallingUid() = 1047; getNameForUid: null; getPackagesForUid: null; permName: android.permission.CAMERA; type = 1; res = -1; stacktrace=java.lang.Exception

06-22 20:20:04.378  1575  5572 I LSPosed-Bridge: 	at com.example.permlabel.requirePerm$1$2.afterHookedMethod(requirePerm.java:133)

06-22 20:20:04.378  1575  5572 I LSPosed-Bridge: 	at de.robv.android.xposed.XposedBridge$AdditionalHookInfo.callback(Unknown Source:147)

06-22 20:20:04.378  1575  5572 I LSPosed-Bridge: 	at LSPHooker_.checkPermission(Unknown Source:25)

06-22 20:20:04.378  1575  5572 I LSPosed-Bridge: 	at com.android.server.am.ActivityManagerService$PermissionController.checkPermission(ActivityManagerService.java:9248)

06-22 20:20:04.378  1575  5572 I LSPosed-Bridge: 	at android.os.IPermissionController$Stub.onTransact(IPermissionController.java:56)

06-22 20:20:04.378  1575  5572 I LSPosed-Bridge: 	at android.os.Binder.execTransact(Binder.java:731)

06-22 20:20:04.481  1575  6478 I LSPosed-Bridge: 5347 PermLabel 10124 AMS.checkPermission: Binder.getCallingPid() = 920; uid = 10124; Binder.getCallingUid() = 1047; getNameForUid: null; getPackagesForUid: null; permName: android.permission.CAMERA; type = 1; res = -1; stacktrace=java.lang.Exception

06-22 20:20:04.481  1575  6478 I LSPosed-Bridge: 	at com.example.permlabel.requirePerm$1$2.afterHookedMethod(requirePerm.java:133)

06-22 20:20:04.481  1575  6478 I LSPosed-Bridge: 	at de.robv.android.xposed.XposedBridge$AdditionalHookInfo.callback(Unknown Source:147)

06-22 20:20:04.481  1575  6478 I LSPosed-Bridge: 	at LSPHooker_.checkPermission(Unknown Source:25)

06-22 20:20:04.481  1575  6478 I LSPosed-Bridge: 	at com.android.server.am.ActivityManagerService$PermissionController.checkPermission(ActivityManagerService.java:9248)

06-22 20:20:04.481  1575  6478 I LSPosed-Bridge: 	at android.os.IPermissionController$Stub.onTransact(IPermissionController.java:56)

06-22 20:20:04.481  1575  6478 I LSPosed-Bridge: 	at android.os.Binder.execTransact(Binder.java:731)

06-22 20:20:04.481   920  6773 W ServiceManager: Permission failure: android.permission.CAMERA from uid=10124 pid=5347

06-22 20:20:04.586  1575  6478 I LSPosed-Bridge: 5347 PermLabel 10124 AMS.checkPermission: Binder.getCallingPid() = 920; uid = 10124; Binder.getCallingUid() = 1047; getNameForUid: null; getPackagesForUid: null; permName: android.permission.CAMERA; type = 1; res = -1; stacktrace=java.lang.Exception

06-22 20:20:04.586  1575  6478 I LSPosed-Bridge: 	at com.example.permlabel.requirePerm$1$2.afterHookedMethod(requirePerm.java:133)

06-22 20:20:04.586  1575  6478 I LSPosed-Bridge: 	at de.robv.android.xposed.XposedBridge$AdditionalHookInfo.callback(Unknown Source:147)

06-22 20:20:04.586  1575  6478 I LSPosed-Bridge: 	at LSPHooker_.checkPermission(Unknown Source:25)

06-22 20:20:04.586  1575  6478 I LSPosed-Bridge: 	at com.android.server.am.ActivityManagerService$PermissionController.checkPermission(ActivityManagerService.java:9248)

06-22 20:20:04.586  1575  6478 I LSPosed-Bridge: 	at android.os.IPermissionController$Stub.onTransact(IPermissionController.java:56)

06-22 20:20:04.586  1575  6478 I LSPosed-Bridge: 	at android.os.Binder.execTransact(Binder.java:731)

06-22 20:20:04.586   553   553 I ConfigStore: android::hardware::configstore::V1_0::ISurfaceFlingerConfigs::hasHDRDisplay retrieved: 0

06-22 20:20:04.693  1575  5572 I LSPosed-Bridge: 5347 PermLabel 10124 AMS.checkPermission: Binder.getCallingPid() = 920; uid = 10124; Binder.getCallingUid() = 1047; getNameForUid: null; getPackagesForUid: null; permName: android.permission.CAMERA; type = 1; res = -1; stacktrace=java.lang.Exception

06-22 20:20:04.693  1575  5572 I LSPosed-Bridge: 	at com.example.permlabel.requirePerm$1$2.afterHookedMethod(requirePerm.java:133)

06-22 20:20:04.693  1575  5572 I LSPosed-Bridge: 	at de.robv.android.xposed.XposedBridge$AdditionalHookInfo.callback(Unknown Source:147)

06-22 20:20:04.693  1575  5572 I LSPosed-Bridge: 	at LSPHooker_.checkPermission(Unknown Source:25)

06-22 20:20:04.693  1575  5572 I LSPosed-Bridge: 	at com.android.server.am.ActivityManagerService$PermissionController.checkPermission(ActivityManagerService.java:9248)

06-22 20:20:04.693  1575  5572 I LSPosed-Bridge: 	at android.os.IPermissionController$Stub.onTransact(IPermissionController.java:56)

06-22 20:20:04.693  1575  5572 I LSPosed-Bridge: 	at android.os.Binder.execTransact(Binder.java:731)

06-22 20:20:04.693   920  6773 W ServiceManager: Permission failure: android.permission.CAMERA from uid=10124 pid=5347

06-22 20:20:04.693   920  6773 E CameraService: Permission Denial: can't use the camera pid=5347, uid=10124

06-22 20:20:04.693  5347  5948 W CameraBase: An error occurred while connecting to camera 1: Status(-8): '1: validateClientPermissionsLocked:906: Caller "loseweightapp.loseweightappforwomen.womenworkoutathome" (PID 10124, UID 5347) cannot open camera "1" without camera permission'

06-22 20:20:04.795  1575  6478 I LSPosed-Bridge: 5347 PermLabel 10124 AMS.checkPermission: Binder.getCallingPid() = 920; uid = 10124; Binder.getCallingUid() = 1047; getNameForUid: null; getPackagesForUid: null; permName: android.permission.CAMERA; type = 1; res = -1; stacktrace=java.lang.Exception

06-22 20:20:04.795  1575  6478 I LSPosed-Bridge: 	at com.example.permlabel.requirePerm$1$2.afterHookedMethod(requirePerm.java:133)

06-22 20:20:04.795  1575  6478 I LSPosed-Bridge: 	at de.robv.android.xposed.XposedBridge$AdditionalHookInfo.callback(Unknown Source:147)

06-22 20:20:04.795  1575  6478 I LSPosed-Bridge: 	at LSPHooker_.checkPermission(Unknown Source:25)

06-22 20:20:04.795  1575  6478 I LSPosed-Bridge: 	at com.android.server.am.ActivityManagerService$PermissionController.checkPermission(ActivityManagerService.java:9248)

06-22 20:20:04.795  1575  6478 I LSPosed-Bridge: 	at android.os.IPermissionController$Stub.onTransact(IPermissionController.java:56)

06-22 20:20:04.795  1575  6478 I LSPosed-Bridge: 	at android.os.Binder.execTransact(Binder.java:731)

06-22 20:20:04.898  1575  6478 I LSPosed-Bridge: 5347 PermLabel 10124 AMS.checkPermission: Binder.getCallingPid() = 920; uid = 10124; Binder.getCallingUid() = 1047; getNameForUid: null; getPackagesForUid: null; permName: android.permission.CAMERA; type = 1; res = -1; stacktrace=java.lang.Exception

06-22 20:20:04.898  1575  6478 I LSPosed-Bridge: 	at com.example.permlabel.requirePerm$1$2.afterHookedMethod(requirePerm.java:133)

06-22 20:20:04.898  1575  6478 I LSPosed-Bridge: 	at de.robv.android.xposed.XposedBridge$AdditionalHookInfo.callback(Unknown Source:147)

06-22 20:20:04.898  1575  6478 I LSPosed-Bridge: 	at LSPHooker_.checkPermission(Unknown Source:25)

06-22 20:20:04.898  1575  6478 I LSPosed-Bridge: 	at com.android.server.am.ActivityManagerService$PermissionController.checkPermission(ActivityManagerService.java:9248)

06-22 20:20:04.898  1575  6478 I LSPosed-Bridge: 	at android.os.IPermissionController$Stub.onTransact(IPermissionController.java:56)

06-22 20:20:04.898  1575  6478 I LSPosed-Bridge: 	at android.os.Binder.execTransact(Binder.java:731)

06-22 20:20:04.900  5347  5948 I LSPosed-Bridge: 5347 PermLabel 10124 android.permission.CAMERA open cameraId: 1; res= null; stacktrace=java.lang.Exception

06-22 20:20:04.900  5347  5948 I LSPosed-Bridge: 5347 PermLabel 10124 android.permission.CAMERA open cameraId: 1; res= null; stacktrace=java.lang.Exception

06-22 20:20:04.900  5347  5948 I LSPosed-Bridge: 	at com.example.permlabel.hookCamera$3.afterHookedMethod(hookCamera.java:49)

06-22 20:20:04.900  5347  5948 I LSPosed-Bridge: 	at com.example.permlabel.hookCamera$3.afterHookedMethod(hookCamera.java:49)

06-22 20:20:04.900  5347  5948 I LSPosed-Bridge: 	at de.robv.android.xposed.XposedBridge$AdditionalHookInfo.callback(Unknown Source:147)

06-22 20:20:04.900  5347  5948 I LSPosed-Bridge: 	at de.robv.android.xposed.XposedBridge$AdditionalHookInfo.callback(Unknown Source:147)

06-22 20:20:04.900  5347  5948 I LSPosed-Bridge: 	at LSPHooker_.open(Unknown Source:12)

06-22 20:20:04.900  5347  5948 I LSPosed-Bridge: 	at LSPHooker_.open(Unknown Source:12)

06-22 20:20:04.900  5347  5948 I LSPosed-Bridge: 	at org.chromium.media.VideoCaptureFactory.isZoomSupported(chromium-Monochrome.aab-stable-573513121:10)

06-22 20:20:04.900  5347  5948 I LSPosed-Bridge: 	at org.chromium.media.VideoCaptureFactory.isZoomSupported(chromium-Monochrome.aab-stable-573513121:10)

06-22 20:20:04.900  5347  5948 I LSPosed-Bridge: 5347 PermLabel 10124 android.permission.CAMERA open cameraId: 1; res= null; stacktrace=java.lang.Exception

06-22 20:20:04.900  5347  5948 I LSPosed-Bridge: 5347 PermLabel 10124 android.permission.CAMERA open cameraId: 1; res= null; stacktrace=java.lang.Exception

06-22 20:20:04.900  5347  5948 I LSPosed-Bridge: 	at com.example.permlabel.hookCamera$3.afterHookedMethod(hookCamera.java:49)

06-22 20:20:04.900  5347  5948 I LSPosed-Bridge: 	at com.example.permlabel.hookCamera$3.afterHookedMethod(hookCamera.java:49)

06-22 20:20:04.900  5347  5948 I LSPosed-Bridge: 	at de.robv.android.xposed.XposedBridge$AdditionalHookInfo.callback(Unknown Source:147)

06-22 20:20:04.900  5347  5948 I LSPosed-Bridge: 	at de.robv.android.xposed.XposedBridge$AdditionalHookInfo.callback(Unknown Source:147)

06-22 20:20:04.900  5347  5948 I LSPosed-Bridge: 	at LSPHooker_.open(Unknown Source:12)

06-22 20:20:04.900  5347  5948 I LSPosed-Bridge: 	at LSPHooker_.open(Unknown Source:12)

06-22 20:20:04.900  5347  5948 I LSPosed-Bridge: 	at org.chromium.media.VideoCaptureFactory.isZoomSupported(chromium-Monochrome.aab-stable-573513121:10)

06-22 20:20:04.900  5347  5948 I LSPosed-Bridge: 	at org.chromium.media.VideoCaptureFactory.isZoomSupported(chromium-Monochrome.aab-stable-573513121:10)

06-22 20:20:04.901   553   553 I ConfigStore: android::hardware::configstore::V1_0::ISurfaceFlingerConfigs::hasHDRDisplay retrieved: 0

06-22 20:20:04.901  5347  5948 I LSPosed-Bridge: 5347 PermLabel 10124 android.permission.CAMERA open cameraId: 1; res= null; stacktrace=java.lang.Exception

06-22 20:20:04.901  5347  5948 I LSPosed-Bridge: 	at com.example.permlabel.hookCamera$3.afterHookedMethod(hookCamera.java:49)

06-22 20:20:04.901  5347  5948 I LSPosed-Bridge: 	at de.robv.android.xposed.XposedBridge$AdditionalHookInfo.callback(Unknown Source:147)

06-22 20:20:04.901  5347  5948 I LSPosed-Bridge: 	at LSPHooker_.open(Unknown Source:12)

06-22 20:20:04.901  5347  5948 I LSPosed-Bridge: 	at org.chromium.media.VideoCaptureFactory.isZoomSupported(chromium-Monochrome.aab-stable-573513121:10)

06-22 20:20:04.901  5347  5948 E cr_VideoCapture: Camera.open: 

06-22 20:20:04.901  5347  5948 E cr_VideoCapture: java.lang.RuntimeException: Fail to connect to camera service

06-22 20:20:04.901  5347  5948 E cr_VideoCapture: 	at android.hardware.Camera.<init>(Camera.java:669)

06-22 20:20:04.901  5347  5948 E cr_VideoCapture: 	at android.hardware.Camera.open(Camera.java:460)

06-22 20:20:04.901  5347  5948 E cr_VideoCapture: 	at java.lang.reflect.Method.invoke(Native Method)

06-22 20:20:04.901  5347  5948 E cr_VideoCapture: 	at org.lsposed.lspd.nativebridge.HookBridge.invokeOriginalMethod(Native Method)

06-22 20:20:04.901  5347  5948 E cr_VideoCapture: 	at de.robv.android.xposed.XposedBridge$AdditionalHookInfo.callback(Unknown Source:110)

06-22 20:20:04.901  5347  5948 E cr_VideoCapture: 	at LSPHooker_.open(Unknown Source:12)

06-22 20:20:04.901  5347  5948 E cr_VideoCapture: 	at org.chromium.media.VideoCaptureFactory.isZoomSupported(chromium-Monochrome.aab-stable-573513121:10)

06-22 20:20:04.914  1575  5572 I LSPosed-Bridge: 5347 PermLabel 10124 AMS.checkPermission: Binder.getCallingPid() = 920; uid = 10124; Binder.getCallingUid() = 1047; getNameForUid: null; getPackagesForUid: null; permName: android.permission.CAMERA; type = 1; res = -1; stacktrace=java.lang.Exception

06-22 20:20:04.914  1575  5572 I LSPosed-Bridge: 	at com.example.permlabel.requirePerm$1$2.afterHookedMethod(requirePerm.java:133)

06-22 20:20:04.914  1575  5572 I LSPosed-Bridge: 	at de.robv.android.xposed.XposedBridge$AdditionalHookInfo.callback(Unknown Source:147)

06-22 20:20:04.914  1575  5572 I LSPosed-Bridge: 	at LSPHooker_.checkPermission(Unknown Source:25)

06-22 20:20:04.914  1575  5572 I LSPosed-Bridge: 	at com.android.server.am.ActivityManagerService$PermissionController.checkPermission(ActivityManagerService.java:9248)

06-22 20:20:04.914  1575  5572 I LSPosed-Bridge: 	at android.os.IPermissionController$Stub.onTransact(IPermissionController.java:56)

06-22 20:20:04.914  1575  5572 I LSPosed-Bridge: 	at android.os.Binder.execTransact(Binder.java:731)

06-22 20:20:05.017  1575  5572 I LSPosed-Bridge: 5347 PermLabel 10124 AMS.checkPermission: Binder.getCallingPid() = 920; uid = 10124; Binder.getCallingUid() = 1047; getNameForUid: null; getPackagesForUid: null; permName: android.permission.CAMERA; type = 1; res = -1; stacktrace=java.lang.Exception

06-22 20:20:05.017  1575  5572 I LSPosed-Bridge: 	at com.example.permlabel.requirePerm$1$2.afterHookedMethod(requirePerm.java:133)

06-22 20:20:05.017  1575  5572 I LSPosed-Bridge: 	at de.robv.android.xposed.XposedBridge$AdditionalHookInfo.callback(Unknown Source:147)

06-22 20:20:05.017  1575  5572 I LSPosed-Bridge: 	at LSPHooker_.checkPermission(Unknown Source:25)

06-22 20:20:05.017  1575  5572 I LSPosed-Bridge: 	at com.android.server.am.ActivityManagerService$PermissionController.checkPermission(ActivityManagerService.java:9248)

06-22 20:20:05.017  1575  5572 I LSPosed-Bridge: 	at android.os.IPermissionController$Stub.onTransact(IPermissionController.java:56)

06-22 20:20:05.017  1575  5572 I LSPosed-Bridge: 	at android.os.Binder.execTransact(Binder.java:731)

06-22 20:20:05.120  1575  6478 I LSPosed-Bridge: 5347 PermLabel 10124 AMS.checkPermission: Binder.getCallingPid() = 920; uid = 10124; Binder.getCallingUid() = 1047; getNameForUid: null; getPackagesForUid: null; permName: android.permission.CAMERA; type = 1; res = -1; stacktrace=java.lang.Exception

06-22 20:20:05.120  1575  6478 I LSPosed-Bridge: 	at com.example.permlabel.requirePerm$1$2.afterHookedMethod(requirePerm.java:133)

06-22 20:20:05.120  1575  6478 I LSPosed-Bridge: 	at de.robv.android.xposed.XposedBridge$AdditionalHookInfo.callback(Unknown Source:147)

06-22 20:20:05.120  1575  6478 I LSPosed-Bridge: 	at LSPHooker_.checkPermission(Unknown Source:25)

06-22 20:20:05.120  1575  6478 I LSPosed-Bridge: 	at com.android.server.am.ActivityManagerService$PermissionController.checkPermission(ActivityManagerService.java:9248)

06-22 20:20:05.120  1575  6478 I LSPosed-Bridge: 	at android.os.IPermissionController$Stub.onTransact(IPermissionController.java:56)

06-22 20:20:05.120  1575  6478 I LSPosed-Bridge: 	at android.os.Binder.execTransact(Binder.java:731)

06-22 20:20:05.120   920  3352 W ServiceManager: Permission failure: android.permission.CAMERA from uid=10124 pid=5347

06-22 20:20:05.120   920  3352 E CameraService: Permission Denial: can't use the camera pid=5347, uid=10124

06-22 20:20:05.120  5347  5948 W CameraBase: An error occurred while connecting to camera 1: Status(-8): '1: validateClientPermissionsLocked:906: Caller "loseweightapp.loseweightappforwomen.womenworkoutathome" (PID 10124, UID 5347) cannot open camera "1" without camera permission'

06-22 20:20:05.227  1575  6478 I LSPosed-Bridge: 5347 PermLabel 10124 AMS.checkPermission: Binder.getCallingPid() = 920; uid = 10124; Binder.getCallingUid() = 1047; getNameForUid: null; getPackagesForUid: null; permName: android.permission.CAMERA; type = 1; res = -1; stacktrace=java.lang.Exception

06-22 20:20:05.227  1575  6478 I LSPosed-Bridge: 	at com.example.permlabel.requirePerm$1$2.afterHookedMethod(requirePerm.java:133)

06-22 20:20:05.227  1575  6478 I LSPosed-Bridge: 	at de.robv.android.xposed.XposedBridge$AdditionalHookInfo.callback(Unknown Source:147)

06-22 20:20:05.227  1575  6478 I LSPosed-Bridge: 	at LSPHooker_.checkPermission(Unknown Source:25)

06-22 20:20:05.227  1575  6478 I LSPosed-Bridge: 	at com.android.server.am.ActivityManagerService$PermissionController.checkPermission(ActivityManagerService.java:9248)

06-22 20:20:05.227  1575  6478 I LSPosed-Bridge: 	at android.os.IPermissionController$Stub.onTransact(IPermissionController.java:56)

06-22 20:20:05.227  1575  6478 I LSPosed-Bridge: 	at android.os.Binder.execTransact(Binder.java:731)

06-22 20:20:05.330  1575  5572 I LSPosed-Bridge: 5347 PermLabel 10124 AMS.checkPermission: Binder.getCallingPid() = 920; uid = 10124; Binder.getCallingUid() = 1047; getNameForUid: null; getPackagesForUid: null; permName: android.permission.CAMERA; type = 1; res = -1; stacktrace=java.lang.Exception

06-22 20:20:05.330  1575  5572 I LSPosed-Bridge: 	at com.example.permlabel.requirePerm$1$2.afterHookedMethod(requirePerm.java:133)

06-22 20:20:05.330  1575  5572 I LSPosed-Bridge: 	at de.robv.android.xposed.XposedBridge$AdditionalHookInfo.callback(Unknown Source:147)

06-22 20:20:05.330  1575  5572 I LSPosed-Bridge: 	at LSPHooker_.checkPermission(Unknown Source:25)

06-22 20:20:05.330  1575  5572 I LSPosed-Bridge: 	at com.android.server.am.ActivityManagerService$PermissionController.checkPermission(ActivityManagerService.java:9248)

06-22 20:20:05.330  1575  5572 I LSPosed-Bridge: 	at android.os.IPermissionController$Stub.onTransact(IPermissionController.java:56)

06-22 20:20:05.330  1575  5572 I LSPosed-Bridge: 	at android.os.Binder.execTransact(Binder.java:731)

06-22 20:20:05.330   920  3352 W ServiceManager: Permission failure: android.permission.CAMERA from uid=10124 pid=5347

06-22 20:20:05.330   920  3352 E CameraService: Permission Denial: can't use the camera pid=5347, uid=10124

06-22 20:20:05.330  5347  5948 W CameraBase: An error occurred while connecting to camera 1: Status(-8): '1: validateClientPermissionsLocked:906: Caller "loseweightapp.loseweightappforwomen.womenworkoutathome" (PID 10124, UID 5347) cannot open camera "1" without camera permission'

06-22 20:20:05.432  1575  6478 I LSPosed-Bridge: 5347 PermLabel 10124 AMS.checkPermission: Binder.getCallingPid() = 920; uid = 10124; Binder.getCallingUid() = 1047; getNameForUid: null; getPackagesForUid: null; permName: android.permission.CAMERA; type = 1; res = -1; stacktrace=java.lang.Exception

06-22 20:20:05.432  1575  6478 I LSPosed-Bridge: 	at com.example.permlabel.requirePerm$1$2.afterHookedMethod(requirePerm.java:133)

06-22 20:20:05.432  1575  6478 I LSPosed-Bridge: 	at de.robv.android.xposed.XposedBridge$AdditionalHookInfo.callback(Unknown Source:147)

06-22 20:20:05.432  1575  6478 I LSPosed-Bridge: 	at LSPHooker_.checkPermission(Unknown Source:25)

06-22 20:20:05.432  1575  6478 I LSPosed-Bridge: 	at com.android.server.am.ActivityManagerService$PermissionController.checkPermission(ActivityManagerService.java:9248)

06-22 20:20:05.432  1575  6478 I LSPosed-Bridge: 	at android.os.IPermissionController$Stub.onTransact(IPermissionController.java:56)

06-22 20:20:05.432  1575  6478 I LSPosed-Bridge: 	at android.os.Binder.execTransact(Binder.java:731)

06-22 20:20:05.432   920  3352 W ServiceManager: Permission failure: android.permission.CAMERA from uid=10124 pid=5347

06-22 20:20:05.432   920  3352 E CameraService: Permission Denial: can't use the camera pid=5347, uid=10124

06-22 20:20:05.432  5347  5948 W CameraBase: An error occurred while connecting to camera 1: Status(-8): '1: validateClientPermissionsLocked:906: Caller "loseweightapp.loseweightappforwomen.womenworkoutathome" (PID 10124, UID 5347) cannot open camera "1" without camera permission'

06-22 20:20:05.535  1575  5572 I LSPosed-Bridge: 5347 PermLabel 10124 AMS.checkPermission: Binder.getCallingPid() = 920; uid = 10124; Binder.getCallingUid() = 1047; getNameForUid: null; getPackagesForUid: null; permName: android.permission.CAMERA; type = 1; res = -1; stacktrace=java.lang.Exception

06-22 20:20:05.535  1575  5572 I LSPosed-Bridge: 	at com.example.permlabel.requirePerm$1$2.afterHookedMethod(requirePerm.java:133)

06-22 20:20:05.535  1575  5572 I LSPosed-Bridge: 	at de.robv.android.xposed.XposedBridge$AdditionalHookInfo.callback(Unknown Source:147)

06-22 20:20:05.535  1575  5572 I LSPosed-Bridge: 	at LSPHooker_.checkPermission(Unknown Source:25)

06-22 20:20:05.535  1575  5572 I LSPosed-Bridge: 	at com.android.server.am.ActivityManagerService$PermissionController.checkPermission(ActivityManagerService.java:9248)

06-22 20:20:05.535  1575  5572 I LSPosed-Bridge: 	at android.os.IPermissionController$Stub.onTransact(IPermissionController.java:56)

06-22 20:20:05.535  1575  5572 I LSPosed-Bridge: 	at android.os.Binder.execTransact(Binder.java:731)

06-22 20:20:05.535   920  3352 W ServiceManager: Permission failure: android.permission.CAMERA from uid=10124 pid=5347

06-22 20:20:05.535   920  3352 E CameraService: Permission Denial: can't use the camera pid=5347, uid=10124

06-22 20:20:05.637  1575  6478 I LSPosed-Bridge: 5347 PermLabel 10124 AMS.checkPermission: Binder.getCallingPid() = 920; uid = 10124; Binder.getCallingUid() = 1047; getNameForUid: null; getPackagesForUid: null; permName: android.permission.CAMERA; type = 1; res = -1; stacktrace=java.lang.Exception

06-22 20:20:05.637  1575  6478 I LSPosed-Bridge: 	at com.example.permlabel.requirePerm$1$2.afterHookedMethod(requirePerm.java:133)

06-22 20:20:05.637  1575  6478 I LSPosed-Bridge: 	at de.robv.android.xposed.XposedBridge$AdditionalHookInfo.callback(Unknown Source:147)

06-22 20:20:05.637  1575  6478 I LSPosed-Bridge: 	at LSPHooker_.checkPermission(Unknown Source:25)

06-22 20:20:05.637  1575  6478 I LSPosed-Bridge: 	at com.android.server.am.ActivityManagerService$PermissionController.checkPermission(ActivityManagerService.java:9248)

06-22 20:20:05.637  1575  6478 I LSPosed-Bridge: 	at android.os.IPermissionController$Stub.onTransact(IPermissionController.java:56)

06-22 20:20:05.637  1575  6478 I LSPosed-Bridge: 	at android.os.Binder.execTransact(Binder.java:731)

06-22 20:20:05.637   553   553 I ConfigStore: android::hardware::configstore::V1_0::ISurfaceFlingerConfigs::hasHDRDisplay retrieved: 0

06-22 20:20:05.637   920  3352 W ServiceManager: Permission failure: android.permission.CAMERA from uid=10124 pid=5347

06-22 20:20:05.741  1575  6478 I LSPosed-Bridge: 5347 PermLabel 10124 AMS.checkPermission: Binder.getCallingPid() = 920; uid = 10124; Binder.getCallingUid() = 1047; getNameForUid: null; getPackagesForUid: null; permName: android.permission.CAMERA; type = 1; res = -1; stacktrace=java.lang.Exception

06-22 20:20:05.741  1575  6478 I LSPosed-Bridge: 	at com.example.permlabel.requirePerm$1$2.afterHookedMethod(requirePerm.java:133)

06-22 20:20:05.741  1575  6478 I LSPosed-Bridge: 	at de.robv.android.xposed.XposedBridge$AdditionalHookInfo.callback(Unknown Source:147)

06-22 20:20:05.741  1575  6478 I LSPosed-Bridge: 	at LSPHooker_.checkPermission(Unknown Source:25)

06-22 20:20:05.741  1575  6478 I LSPosed-Bridge: 	at com.android.server.am.ActivityManagerService$PermissionController.checkPermission(ActivityManagerService.java:9248)

06-22 20:20:05.741  1575  6478 I LSPosed-Bridge: 	at android.os.IPermissionController$Stub.onTransact(IPermissionController.java:56)

06-22 20:20:05.741  1575  6478 I LSPosed-Bridge: 	at android.os.Binder.execTransact(Binder.java:731)

06-22 20:20:05.741   920  3352 W ServiceManager: Permission failure: android.permission.CAMERA from uid=10124 pid=5347

06-22 20:20:05.741   920  3352 E CameraService: Permission Denial: can't use the camera pid=5347, uid=10124

06-22 20:20:05.742  5347  5948 W CameraBase: An error occurred while connecting to camera 1: Status(-8): '1: validateClientPermissionsLocked:906: Caller "loseweightapp.loseweightappforwomen.womenworkoutathome" (PID 10124, UID 5347) cannot open camera "1" without camera permission'

06-22 20:20:05.742  5347  5948 E Camera  : Camera  err=-13

06-22 20:20:05.742  5347  5948 I LSPosed-Bridge: 5347 PermLabel 10124 android.permission.CAMERA open cameraId: 1; res= null; stacktrace=java.lang.Exception

06-22 20:20:05.742  5347  5948 I LSPosed-Bridge: 	at com.example.permlabel.hookCamera$3.afterHookedMethod(hookCamera.java:49)

06-22 20:20:05.742  5347  5948 I LSPosed-Bridge: 	at de.robv.android.xposed.XposedBridge$AdditionalHookInfo.callback(Unknown Source:147)

06-22 20:20:05.742  5347  5948 I LSPosed-Bridge: 	at LSPHooker_.open(Unknown Source:12)

06-22 20:20:05.742  5347  5948 I LSPosed-Bridge: 	at org.chromium.media.VideoCaptureFactory.getDeviceSupportedFormats(chromium-Monochrome.aab-stable-573513121:13)

06-22 20:20:05.743  5347  5948 I chatty  : uid=10124(loseweightapp.loseweightappforwomen.womenworkoutathome) ThreadPoolSingl identical 1 line

06-22 20:20:05.743  5347  5948 I LSPosed-Bridge: 5347 PermLabel 10124 android.permission.CAMERA open cameraId: 1; res= null; stacktrace=java.lang.Exception

06-22 20:20:05.743  5347  5948 I LSPosed-Bridge: 	at com.example.permlabel.hookCamera$3.afterHookedMethod(hookCamera.java:49)

06-22 20:20:05.743  5347  5948 I LSPosed-Bridge: 	at de.robv.android.xposed.XposedBridge$AdditionalHookInfo.callback(Unknown Source:147)

06-22 20:20:05.743  5347  5948 I LSPosed-Bridge: 	at LSPHooker_.open(Unknown Source:12)

06-22 20:20:05.743  5347  5948 I LSPosed-Bridge: 	at org.chromium.media.VideoCaptureFactory.getDeviceSupportedFormats(chromium-Monochrome.aab-stable-573513121:13)

06-22 20:20:05.743  5347  5948 E cr_VideoCapture: Camera.open: 

06-22 20:20:05.743  5347  5948 E cr_VideoCapture: java.lang.RuntimeException: Fail to connect to camera service

06-22 20:20:05.743  5347  5948 E cr_VideoCapture: 	at android.hardware.Camera.<init>(Camera.java:669)

06-22 20:20:05.743  5347  5948 E cr_VideoCapture: 	at android.hardware.Camera.open(Camera.java:460)

06-22 20:20:05.743  5347  5948 E cr_VideoCapture: 	at java.lang.reflect.Method.invoke(Native Method)

06-22 20:20:05.743  5347  5948 E cr_VideoCapture: 	at org.lsposed.lspd.nativebridge.HookBridge.invokeOriginalMethod(Native Method)

06-22 20:20:05.743  5347  5948 E cr_VideoCapture: 	at de.robv.android.xposed.XposedBridge$AdditionalHookInfo.callback(Unknown Source:110)

06-22 20:20:05.743  5347  5948 E cr_VideoCapture: 	at LSPHooker_.open(Unknown Source:12)

06-22 20:20:05.743  5347  5948 E cr_VideoCapture: 	at org.chromium.media.VideoCaptureFactory.getDeviceSupportedFormats(chromium-Monochrome.aab-stable-573513121:13)

06-22 20:20:05.758  5347  5948 I LSPosed-Bridge: 5347 PermLabel 10124 android.permission.CAMERA getCameraInfo args0: 0; args1: android.hardware.Camera$CameraInfo@dd7cbcd; res= null; stacktrace=java.lang.Exception

06-22 20:20:05.758  5347  5948 I LSPosed-Bridge: 5347 PermLabel 10124 android.permission.CAMERA getCameraInfo args0: 0; args1: android.hardware.Camera$CameraInfo@dd7cbcd; res= null; stacktrace=java.lang.Exception

06-22 20:20:05.758  5347  5948 I LSPosed-Bridge: 	at com.example.permlabel.hookCamera$1.afterHookedMethod(hookCamera.java:21)

06-22 20:20:05.758  5347  5948 I LSPosed-Bridge: 	at com.example.permlabel.hookCamera$1.afterHookedMethod(hookCamera.java:21)

06-22 20:20:05.758  5347  5948 I LSPosed-Bridge: 	at de.robv.android.xposed.XposedBridge$AdditionalHookInfo.callback(Unknown Source:147)

06-22 20:20:05.758  5347  5948 I LSPosed-Bridge: 	at de.robv.android.xposed.XposedBridge$AdditionalHookInfo.callback(Unknown Source:147)

06-22 20:20:05.758  5347  5948 I LSPosed-Bridge: 	at LSPHooker_.getCameraInfo(Unknown Source:15)

06-22 20:20:05.758  5347  5948 I LSPosed-Bridge: 	at LSPHooker_.getCameraInfo(Unknown Source:15)

06-22 20:20:05.758  5347  5948 I LSPosed-Bridge: 	at z74.e(chromium-Monochrome.aab-stable-573513121:6)

06-22 20:20:05.758  5347  5948 I LSPosed-Bridge: 	at z74.e(chromium-Monochrome.aab-stable-573513121:6)

06-22 20:20:05.758  5347  5948 I LSPosed-Bridge: 	at org.chromium.media.VideoCaptureFactory.getDeviceName(chromium-Monochrome.aab-stable-573513121:15)

06-22 20:20:05.758  5347  5948 I LSPosed-Bridge: 	at org.chromium.media.VideoCaptureFactory.getDeviceName(chromium-Monochrome.aab-stable-573513121:15)

06-22 20:20:05.758  5347  5948 I chatty  : uid=10124(loseweightapp.loseweightappforwomen.womenworkoutathome) ThreadPoolSingl identical 1 line

06-22 20:20:05.758  5347  5948 I chatty  : uid=10124(loseweightapp.loseweightappforwomen.womenworkoutathome) ThreadPoolSingl identical 1 line

06-22 20:20:05.758  5347  5948 I LSPosed-Bridge: 5347 PermLabel 10124 android.permission.CAMERA getCameraInfo args0: 0; args1: android.hardware.Camera$CameraInfo@dd7cbcd; res= null; stacktrace=java.lang.Exception

06-22 20:20:05.758  5347  5948 I LSPosed-Bridge: 5347 PermLabel 10124 android.permission.CAMERA getCameraInfo args0: 0; args1: android.hardware.Camera$CameraInfo@dd7cbcd; res= null; stacktrace=java.lang.Exception

06-22 20:20:05.758  5347  5948 I LSPosed-Bridge: 	at com.example.permlabel.hookCamera$1.afterHookedMethod(hookCamera.java:21)

06-22 20:20:05.758  5347  5948 I LSPosed-Bridge: 	at com.example.permlabel.hookCamera$1.afterHookedMethod(hookCamera.java:21)

06-22 20:20:05.758  5347  5948 I LSPosed-Bridge: 	at de.robv.android.xposed.XposedBridge$AdditionalHookInfo.callback(Unknown Source:147)

06-22 20:20:05.758  5347  5948 I LSPosed-Bridge: 	at de.robv.android.xposed.XposedBridge$AdditionalHookInfo.callback(Unknown Source:147)

06-22 20:20:05.758  5347  5948 I LSPosed-Bridge: 	at LSPHooker_.getCameraInfo(Unknown Source:15)

06-22 20:20:05.758  5347  5948 I LSPosed-Bridge: 	at LSPHooker_.getCameraInfo(Unknown Source:15)

06-22 20:20:05.758  5347  5948 I LSPosed-Bridge: 	at z74.e(chromium-Monochrome.aab-stable-573513121:6)

06-22 20:20:05.758  5347  5948 I LSPosed-Bridge: 	at z74.e(chromium-Monochrome.aab-stable-573513121:6)

06-22 20:20:05.758  5347  5948 I LSPosed-Bridge: 	at org.chromium.media.VideoCaptureFactory.getDeviceName(chromium-Monochrome.aab-stable-573513121:15)

06-22 20:20:05.758  5347  5948 I LSPosed-Bridge: 	at org.chromium.media.VideoCaptureFactory.getDeviceName(chromium-Monochrome.aab-stable-573513121:15)

06-22 20:20:05.783  5347  5948 I LSPosed-Bridge: 5347 PermLabel 10124 android.permission.CAMERA getCameraInfo args0: 0; args1: android.hardware.Camera$CameraInfo@a7301ef; res= null; stacktrace=java.lang.Exception

06-22 20:20:05.783  5347  5948 I LSPosed-Bridge: 	at com.example.permlabel.hookCamera$1.afterHookedMethod(hookCamera.java:21)

06-22 20:20:05.783  5347  5948 I LSPosed-Bridge: 	at de.robv.android.xposed.XposedBridge$AdditionalHookInfo.callback(Unknown Source:147)

06-22 20:20:05.783  5347  5948 I LSPosed-Bridge: 	at LSPHooker_.getCameraInfo(Unknown Source:15)

06-22 20:20:05.783  5347  5948 I LSPosed-Bridge: 	at z74.e(chromium-Monochrome.aab-stable-573513121:6)

06-22 20:20:05.783  5347  5948 I LSPosed-Bridge: 	at org.chromium.media.VideoCaptureFactory.getCaptureApiType(chromium-Monochrome.aab-stable-573513121:8)

06-22 20:20:05.784  5347  5948 I chatty  : uid=10124(loseweightapp.loseweightappforwomen.womenworkoutathome) ThreadPoolSingl identical 1 line

06-22 20:20:05.784  5347  5948 I LSPosed-Bridge: 5347 PermLabel 10124 android.permission.CAMERA getCameraInfo args0: 0; args1: android.hardware.Camera$CameraInfo@a7301ef; res= null; stacktrace=java.lang.Exception

06-22 20:20:05.784  5347  5948 I LSPosed-Bridge: 	at com.example.permlabel.hookCamera$1.afterHookedMethod(hookCamera.java:21)

06-22 20:20:05.784  5347  5948 I LSPosed-Bridge: 	at de.robv.android.xposed.XposedBridge$AdditionalHookInfo.callback(Unknown Source:147)

06-22 20:20:05.784  5347  5948 I LSPosed-Bridge: 	at LSPHooker_.getCameraInfo(Unknown Source:15)

06-22 20:20:05.784  5347  5948 I LSPosed-Bridge: 	at z74.e(chromium-Monochrome.aab-stable-573513121:6)

06-22 20:20:05.784  5347  5948 I LSPosed-Bridge: 	at org.chromium.media.VideoCaptureFactory.getCaptureApiType(chromium-Monochrome.aab-stable-573513121:8)

06-22 20:20:05.798  5347  5948 I LSPosed-Bridge: 5347 PermLabel 10124 android.permission.CAMERA getCameraInfo args0: 0; args1: android.hardware.Camera$CameraInfo@f33fe7; res= null; stacktrace=java.lang.Exception

06-22 20:20:05.798  5347  5948 I LSPosed-Bridge: 	at com.example.permlabel.hookCamera$1.afterHookedMethod(hookCamera.java:21)

06-22 20:20:05.798  5347  5948 I LSPosed-Bridge: 	at de.robv.android.xposed.XposedBridge$AdditionalHookInfo.callback(Unknown Source:147)

06-22 20:20:05.798  5347  5948 I LSPosed-Bridge: 	at LSPHooker_.getCameraInfo(Unknown Source:15)

06-22 20:20:05.798  5347  5948 I LSPosed-Bridge: 	at z74.e(chromium-Monochrome.aab-stable-573513121:6)

06-22 20:20:05.798  5347  5948 I LSPosed-Bridge: 	at org.chromium.media.VideoCaptureFactory.getFacingMode(chromium-Monochrome.aab-stable-573513121:10)

06-22 20:20:05.798  5347  5948 I chatty  : uid=10124(loseweightapp.loseweightappforwomen.womenworkoutathome) ThreadPoolSingl identical 1 line

06-22 20:20:05.799  5347  5948 I LSPosed-Bridge: 5347 PermLabel 10124 android.permission.CAMERA getCameraInfo args0: 0; args1: android.hardware.Camera$CameraInfo@f33fe7; res= null; stacktrace=java.lang.Exception

06-22 20:20:05.799  5347  5948 I LSPosed-Bridge: 	at com.example.permlabel.hookCamera$1.afterHookedMethod(hookCamera.java:21)

06-22 20:20:05.799  5347  5948 I LSPosed-Bridge: 	at de.robv.android.xposed.XposedBridge$AdditionalHookInfo.callback(Unknown Source:147)

06-22 20:20:05.799  5347  5948 I LSPosed-Bridge: 	at LSPHooker_.getCameraInfo(Unknown Source:15)

06-22 20:20:05.799  5347  5948 I LSPosed-Bridge: 	at z74.e(chromium-Monochrome.aab-stable-573513121:6)

06-22 20:20:05.799  5347  5948 I LSPosed-Bridge: 	at org.chromium.media.VideoCaptureFactory.getFacingMode(chromium-Monochrome.aab-stable-573513121:10)

