06-22 20:32:17.519  5347  5948 I LSPosed-Bridge: 	at org.chromium.media.VideoCaptureFactory.getFacingMode(chromium-Monochrome.aab-stable-573513121:10)

06-22 20:35:33.933  5347  5948 I LSPosed-Bridge: 5347 PermLabel 10124 android.permission.CAMERA getCameraInfo args0: 1; args1: android.hardware.Camera$CameraInfo@c9b5f9a; res= null; stacktrace=java.lang.Exception

06-22 20:35:33.933  5347  5948 I LSPosed-Bridge: 5347 PermLabel 10124 android.permission.CAMERA getCameraInfo args0: 1; args1: android.hardware.Camera$CameraInfo@c9b5f9a; res= null; stacktrace=java.lang.Exception

06-22 20:35:33.933  5347  5948 I LSPosed-Bridge: 	at com.example.permlabel.hookCamera$1.afterHookedMethod(hookCamera.java:21)

06-22 20:35:33.933  5347  5948 I LSPosed-Bridge: 	at com.example.permlabel.hookCamera$1.afterHookedMethod(hookCamera.java:21)

06-22 20:35:33.933  5347  5948 I LSPosed-Bridge: 	at de.robv.android.xposed.XposedBridge$AdditionalHookInfo.callback(Unknown Source:147)

06-22 20:35:33.933  5347  5948 I LSPosed-Bridge: 	at de.robv.android.xposed.XposedBridge$AdditionalHookInfo.callback(Unknown Source:147)

06-22 20:35:33.933  5347  5948 I LSPosed-Bridge: 	at LSPHooker_.getCameraInfo(Unknown Source:15)

06-22 20:35:33.933  5347  5948 I LSPosed-Bridge: 	at LSPHooker_.getCameraInfo(Unknown Source:15)

06-22 20:35:33.933  5347  5948 I LSPosed-Bridge: 	at z74.e(chromium-Monochrome.aab-stable-573513121:6)

06-22 20:35:33.933  5347  5948 I LSPosed-Bridge: 	at z74.e(chromium-Monochrome.aab-stable-573513121:6)

06-22 20:35:33.933  5347  5948 I LSPosed-Bridge: 	at org.chromium.media.VideoCaptureFactory.getDeviceName(chromium-Monochrome.aab-stable-573513121:15)

06-22 20:35:33.933  5347  5948 I LSPosed-Bridge: 	at org.chromium.media.VideoCaptureFactory.getDeviceName(chromium-Monochrome.aab-stable-573513121:15)

06-22 20:35:33.933  5347  5948 I chatty  : uid=10124(loseweightapp.loseweightappforwomen.womenworkoutathome) ThreadPoolSingl identical 1 line

06-22 20:35:33.933  5347  5948 I chatty  : uid=10124(loseweightapp.loseweightappforwomen.womenworkoutathome) ThreadPoolSingl identical 1 line

06-22 20:35:33.933  5347  5948 I LSPosed-Bridge: 5347 PermLabel 10124 android.permission.CAMERA getCameraInfo args0: 1; args1: android.hardware.Camera$CameraInfo@c9b5f9a; res= null; stacktrace=java.lang.Exception

06-22 20:35:33.933  5347  5948 I LSPosed-Bridge: 5347 PermLabel 10124 android.permission.CAMERA getCameraInfo args0: 1; args1: android.hardware.Camera$CameraInfo@c9b5f9a; res= null; stacktrace=java.lang.Exception

06-22 20:35:33.933  5347  5948 I LSPosed-Bridge: 	at com.example.permlabel.hookCamera$1.afterHookedMethod(hookCamera.java:21)

06-22 20:35:33.933  5347  5948 I LSPosed-Bridge: 	at com.example.permlabel.hookCamera$1.afterHookedMethod(hookCamera.java:21)

06-22 20:35:33.933  5347  5948 I LSPosed-Bridge: 	at de.robv.android.xposed.XposedBridge$AdditionalHookInfo.callback(Unknown Source:147)

06-22 20:35:33.933  5347  5948 I LSPosed-Bridge: 	at de.robv.android.xposed.XposedBridge$AdditionalHookInfo.callback(Unknown Source:147)

06-22 20:35:33.933  5347  5948 I LSPosed-Bridge: 	at LSPHooker_.getCameraInfo(Unknown Source:15)

06-22 20:35:33.933  5347  5948 I LSPosed-Bridge: 	at LSPHooker_.getCameraInfo(Unknown Source:15)

06-22 20:35:33.933  5347  5948 I LSPosed-Bridge: 	at z74.e(chromium-Monochrome.aab-stable-573513121:6)

06-22 20:35:33.933  5347  5948 I LSPosed-Bridge: 	at z74.e(chromium-Monochrome.aab-stable-573513121:6)

06-22 20:35:33.933  5347  5948 I LSPosed-Bridge: 	at org.chromium.media.VideoCaptureFactory.getDeviceName(chromium-Monochrome.aab-stable-573513121:15)

06-22 20:35:33.933  5347  5948 I LSPosed-Bridge: 	at org.chromium.media.VideoCaptureFactory.getDeviceName(chromium-Monochrome.aab-stable-573513121:15)

06-22 20:35:33.933  5347  5347 W ThreadPoolSingl: type=1400 audit(0.0:2490): avc: denied { read } for name="u:object_r:vendor_camera_prop:s0" dev="tmpfs" ino=4917 scontext=u:r:untrusted_app:s0:c124,c256,c512,c768 tcontext=u:object_r:vendor_camera_prop:s0 tclass=file permissive=0

06-22 20:35:33.933  5347  5347 W ThreadPoolSingl: type=1400 audit(0.0:2490): avc: denied { read } for name="u:object_r:vendor_camera_prop:s0" dev="tmpfs" ino=4917 scontext=u:r:untrusted_app:s0:c124,c256,c512,c768 tcontext=u:object_r:vendor_camera_prop:s0 tclass=file permissive=0

06-22 20:35:33.947  5347  5948 I LSPosed-Bridge: 5347 PermLabel 10124 android.permission.CAMERA getCameraInfo args0: 1; args1: android.hardware.Camera$CameraInfo@abfdb66; res= null; stacktrace=java.lang.Exception

06-22 20:35:33.947  5347  5948 I LSPosed-Bridge: 	at com.example.permlabel.hookCamera$1.afterHookedMethod(hookCamera.java:21)

06-22 20:35:33.947  5347  5948 I LSPosed-Bridge: 	at de.robv.android.xposed.XposedBridge$AdditionalHookInfo.callback(Unknown Source:147)

06-22 20:35:33.947  5347  5948 I LSPosed-Bridge: 	at LSPHooker_.getCameraInfo(Unknown Source:15)

06-22 20:35:33.947  5347  5948 I LSPosed-Bridge: 	at z74.e(chromium-Monochrome.aab-stable-573513121:6)

06-22 20:35:33.947  5347  5948 I LSPosed-Bridge: 	at org.chromium.media.VideoCaptureFactory.getCaptureApiType(chromium-Monochrome.aab-stable-573513121:8)

06-22 20:35:33.948  5347  5948 I chatty  : uid=10124(loseweightapp.loseweightappforwomen.womenworkoutathome) ThreadPoolSingl identical 1 line

06-22 20:35:33.948  5347  5948 I LSPosed-Bridge: 5347 PermLabel 10124 android.permission.CAMERA getCameraInfo args0: 1; args1: android.hardware.Camera$CameraInfo@abfdb66; res= null; stacktrace=java.lang.Exception

06-22 20:35:33.948  5347  5948 I LSPosed-Bridge: 	at com.example.permlabel.hookCamera$1.afterHookedMethod(hookCamera.java:21)

06-22 20:35:33.948  5347  5948 I LSPosed-Bridge: 	at de.robv.android.xposed.XposedBridge$AdditionalHookInfo.callback(Unknown Source:147)

06-22 20:35:33.948  5347  5948 I LSPosed-Bridge: 	at LSPHooker_.getCameraInfo(Unknown Source:15)

06-22 20:35:33.948  5347  5948 I LSPosed-Bridge: 	at z74.e(chromium-Monochrome.aab-stable-573513121:6)

06-22 20:35:33.948  5347  5948 I LSPosed-Bridge: 	at org.chromium.media.VideoCaptureFactory.getCaptureApiType(chromium-Monochrome.aab-stable-573513121:8)

06-22 20:35:33.953   516   516 I QCamera : <HAL><INFO> getCameraInfo: 346: Camera id 1 API version 256

06-22 20:35:33.953   516   516 I QCamera : <HAL><INFO> getCamInfo: 11123: camera 1 resource cost is 100

06-22 20:35:33.953  5347  5948 I LSPosed-Bridge: 5347 PermLabel 10124 android.permission.CAMERA getCameraInfo args0: 1; args1: android.hardware.Camera$CameraInfo@35e47f2; res= null; stacktrace=java.lang.Exception

06-22 20:35:33.953  5347  5948 I LSPosed-Bridge: 	at com.example.permlabel.hookCamera$1.afterHookedMethod(hookCamera.java:21)

06-22 20:35:33.953  5347  5948 I LSPosed-Bridge: 	at de.robv.android.xposed.XposedBridge$AdditionalHookInfo.callback(Unknown Source:147)

06-22 20:35:33.953  5347  5948 I LSPosed-Bridge: 	at LSPHooker_.getCameraInfo(Unknown Source:15)

06-22 20:35:33.953  5347  5948 I LSPosed-Bridge: 	at z74.e(chromium-Monochrome.aab-stable-573513121:6)

06-22 20:35:33.953  5347  5948 I LSPosed-Bridge: 	at org.chromium.media.VideoCaptureFactory.getFacingMode(chromium-Monochrome.aab-stable-573513121:10)

06-22 20:35:33.954  5347  5948 I chatty  : uid=10124(loseweightapp.loseweightappforwomen.womenworkoutathome) ThreadPoolSingl identical 1 line

06-22 20:35:33.954  5347  5948 I LSPosed-Bridge: 5347 PermLabel 10124 android.permission.CAMERA getCameraInfo args0: 1; args1: android.hardware.Camera$CameraInfo@35e47f2; res= null; stacktrace=java.lang.Exception

06-22 20:35:33.954  5347  5948 I LSPosed-Bridge: 	at com.example.permlabel.hookCamera$1.afterHookedMethod(hookCamera.java:21)

06-22 20:35:33.954  5347  5948 I LSPosed-Bridge: 	at de.robv.android.xposed.XposedBridge$AdditionalHookInfo.callback(Unknown Source:147)

06-22 20:35:33.954  5347  5948 I LSPosed-Bridge: 	at LSPHooker_.getCameraInfo(Unknown Source:15)

06-22 20:35:33.954  5347  5948 I LSPosed-Bridge: 	at z74.e(chromium-Monochrome.aab-stable-573513121:6)

06-22 20:35:33.954  5347  5948 I LSPosed-Bridge: 	at org.chromium.media.VideoCaptureFactory.getFacingMode(chromium-Monochrome.aab-stable-573513121:10)

06-22 20:35:33.960  5347  5948 I LSPosed-Bridge: 5347 PermLabel 10124 android.permission.CAMERA getCameraInfo args0: 0; args1: android.hardware.Camera$CameraInfo@104f13e; res= null; stacktrace=java.lang.Exception

06-22 20:35:33.960  5347  5948 I LSPosed-Bridge: 5347 PermLabel 10124 android.permission.CAMERA getCameraInfo args0: 0; args1: android.hardware.Camera$CameraInfo@104f13e; res= null; stacktrace=java.lang.Exception

06-22 20:35:33.960  5347  5948 I LSPosed-Bridge: 	at com.example.permlabel.hookCamera$1.afterHookedMethod(hookCamera.java:21)

06-22 20:35:33.960  5347  5948 I LSPosed-Bridge: 	at com.example.permlabel.hookCamera$1.afterHookedMethod(hookCamera.java:21)

06-22 20:35:33.960  5347  5948 I LSPosed-Bridge: 	at de.robv.android.xposed.XposedBridge$AdditionalHookInfo.callback(Unknown Source:147)

06-22 20:35:33.960  5347  5948 I LSPosed-Bridge: 	at de.robv.android.xposed.XposedBridge$AdditionalHookInfo.callback(Unknown Source:147)

06-22 20:35:33.960  5347  5948 I LSPosed-Bridge: 	at LSPHooker_.getCameraInfo(Unknown Source:15)

06-22 20:35:33.960  5347  5948 I LSPosed-Bridge: 	at LSPHooker_.getCameraInfo(Unknown Source:15)

06-22 20:35:33.960  5347  5948 I LSPosed-Bridge: 	at z74.e(chromium-Monochrome.aab-stable-573513121:6)

06-22 20:35:33.960  5347  5948 I LSPosed-Bridge: 	at z74.e(chromium-Monochrome.aab-stable-573513121:6)

06-22 20:35:33.960  5347  5948 I LSPosed-Bridge: 	at org.chromium.media.VideoCaptureFactory.getDeviceName(chromium-Monochrome.aab-stable-573513121:15)

06-22 20:35:33.960  5347  5948 I LSPosed-Bridge: 	at org.chromium.media.VideoCaptureFactory.getDeviceName(chromium-Monochrome.aab-stable-573513121:15)

06-22 20:35:33.960  5347  5948 I chatty  : uid=10124(loseweightapp.loseweightappforwomen.womenworkoutathome) ThreadPoolSingl identical 1 line

06-22 20:35:33.960  5347  5948 I chatty  : uid=10124(loseweightapp.loseweightappforwomen.womenworkoutathome) ThreadPoolSingl identical 1 line

06-22 20:35:33.960  5347  5948 I LSPosed-Bridge: 5347 PermLabel 10124 android.permission.CAMERA getCameraInfo args0: 0; args1: android.hardware.Camera$CameraInfo@104f13e; res= null; stacktrace=java.lang.Exception

06-22 20:35:33.960  5347  5948 I LSPosed-Bridge: 5347 PermLabel 10124 android.permission.CAMERA getCameraInfo args0: 0; args1: android.hardware.Camera$CameraInfo@104f13e; res= null; stacktrace=java.lang.Exception

06-22 20:35:33.960  5347  5948 I LSPosed-Bridge: 	at com.example.permlabel.hookCamera$1.afterHookedMethod(hookCamera.java:21)

06-22 20:35:33.960  5347  5948 I LSPosed-Bridge: 	at com.example.permlabel.hookCamera$1.afterHookedMethod(hookCamera.java:21)

06-22 20:35:33.960  5347  5948 I LSPosed-Bridge: 	at de.robv.android.xposed.XposedBridge$AdditionalHookInfo.callback(Unknown Source:147)

06-22 20:35:33.960  5347  5948 I LSPosed-Bridge: 	at de.robv.android.xposed.XposedBridge$AdditionalHookInfo.callback(Unknown Source:147)

06-22 20:35:33.960  5347  5948 I LSPosed-Bridge: 	at LSPHooker_.getCameraInfo(Unknown Source:15)

06-22 20:35:33.960  5347  5948 I LSPosed-Bridge: 	at LSPHooker_.getCameraInfo(Unknown Source:15)

06-22 20:35:33.960  5347  5948 I LSPosed-Bridge: 	at z74.e(chromium-Monochrome.aab-stable-573513121:6)

06-22 20:35:33.960  5347  5948 I LSPosed-Bridge: 	at z74.e(chromium-Monochrome.aab-stable-573513121:6)

06-22 20:35:33.960  5347  5948 I LSPosed-Bridge: 	at org.chromium.media.VideoCaptureFactory.getDeviceName(chromium-Monochrome.aab-stable-573513121:15)

06-22 20:35:33.960  5347  5948 I LSPosed-Bridge: 	at org.chromium.media.VideoCaptureFactory.getDeviceName(chromium-Monochrome.aab-stable-573513121:15)

06-22 20:35:33.953  5347  5347 W ThreadPoolSingl: type=1400 audit(0.0:2493): avc: denied { read } for name="u:object_r:vendor_camera_prop:s0" dev="tmpfs" ino=4917 scontext=u:r:untrusted_app:s0:c124,c256,c512,c768 tcontext=u:object_r:vendor_camera_prop:s0 tclass=file permissive=0

06-22 20:35:33.971  5347  5948 I LSPosed-Bridge: 5347 PermLabel 10124 android.permission.CAMERA getCameraInfo args0: 0; args1: android.hardware.Camera$CameraInfo@6dae34a; res= null; stacktrace=java.lang.Exception

06-22 20:35:33.971  5347  5948 I LSPosed-Bridge: 5347 PermLabel 10124 android.permission.CAMERA getCameraInfo args0: 0; args1: android.hardware.Camera$CameraInfo@6dae34a; res= null; stacktrace=java.lang.Exception

06-22 20:35:33.971  5347  5948 I LSPosed-Bridge: 	at com.example.permlabel.hookCamera$1.afterHookedMethod(hookCamera.java:21)

06-22 20:35:33.971  5347  5948 I LSPosed-Bridge: 	at com.example.permlabel.hookCamera$1.afterHookedMethod(hookCamera.java:21)

06-22 20:35:33.971  5347  5948 I LSPosed-Bridge: 	at de.robv.android.xposed.XposedBridge$AdditionalHookInfo.callback(Unknown Source:147)

06-22 20:35:33.971  5347  5948 I LSPosed-Bridge: 	at de.robv.android.xposed.XposedBridge$AdditionalHookInfo.callback(Unknown Source:147)

06-22 20:35:33.971  5347  5948 I LSPosed-Bridge: 	at LSPHooker_.getCameraInfo(Unknown Source:15)

06-22 20:35:33.971  5347  5948 I LSPosed-Bridge: 	at LSPHooker_.getCameraInfo(Unknown Source:15)

06-22 20:35:33.971  5347  5948 I LSPosed-Bridge: 	at z74.e(chromium-Monochrome.aab-stable-573513121:6)

06-22 20:35:33.971  5347  5948 I LSPosed-Bridge: 	at z74.e(chromium-Monochrome.aab-stable-573513121:6)

06-22 20:35:33.971  5347  5948 I LSPosed-Bridge: 	at org.chromium.media.VideoCaptureFactory.getCaptureApiType(chromium-Monochrome.aab-stable-573513121:8)

06-22 20:35:33.971  5347  5948 I LSPosed-Bridge: 	at org.chromium.media.VideoCaptureFactory.getCaptureApiType(chromium-Monochrome.aab-stable-573513121:8)

06-22 20:35:33.971  5347  5948 I chatty  : uid=10124(loseweightapp.loseweightappforwomen.womenworkoutathome) ThreadPoolSingl identical 1 line

06-22 20:35:33.971  5347  5948 I chatty  : uid=10124(loseweightapp.loseweightappforwomen.womenworkoutathome) ThreadPoolSingl identical 1 line

06-22 20:35:33.971  5347  5948 I LSPosed-Bridge: 5347 PermLabel 10124 android.permission.CAMERA getCameraInfo args0: 0; args1: android.hardware.Camera$CameraInfo@6dae34a; res= null; stacktrace=java.lang.Exception

06-22 20:35:33.971  5347  5948 I LSPosed-Bridge: 5347 PermLabel 10124 android.permission.CAMERA getCameraInfo args0: 0; args1: android.hardware.Camera$CameraInfo@6dae34a; res= null; stacktrace=java.lang.Exception

06-22 20:35:33.971  5347  5948 I LSPosed-Bridge: 	at com.example.permlabel.hookCamera$1.afterHookedMethod(hookCamera.java:21)

06-22 20:35:33.971  5347  5948 I LSPosed-Bridge: 	at com.example.permlabel.hookCamera$1.afterHookedMethod(hookCamera.java:21)

06-22 20:35:33.971  5347  5948 I LSPosed-Bridge: 	at de.robv.android.xposed.XposedBridge$AdditionalHookInfo.callback(Unknown Source:147)

06-22 20:35:33.971  5347  5948 I LSPosed-Bridge: 	at de.robv.android.xposed.XposedBridge$AdditionalHookInfo.callback(Unknown Source:147)

06-22 20:35:33.971  5347  5948 I LSPosed-Bridge: 	at LSPHooker_.getCameraInfo(Unknown Source:15)

06-22 20:35:33.971  5347  5948 I LSPosed-Bridge: 	at LSPHooker_.getCameraInfo(Unknown Source:15)

06-22 20:35:33.971  5347  5948 I LSPosed-Bridge: 	at z74.e(chromium-Monochrome.aab-stable-573513121:6)

06-22 20:35:33.971  5347  5948 I LSPosed-Bridge: 	at z74.e(chromium-Monochrome.aab-stable-573513121:6)

06-22 20:35:33.971  5347  5948 I LSPosed-Bridge: 	at org.chromium.media.VideoCaptureFactory.getCaptureApiType(chromium-Monochrome.aab-stable-573513121:8)

06-22 20:35:33.971  5347  5948 I LSPosed-Bridge: 	at org.chromium.media.VideoCaptureFactory.getCaptureApiType(chromium-Monochrome.aab-stable-573513121:8)

06-22 20:35:33.978  5347  5948 I LSPosed-Bridge: 5347 PermLabel 10124 android.permission.CAMERA getCameraInfo args0: 0; args1: android.hardware.Camera$CameraInfo@16bea16; res= null; stacktrace=java.lang.Exception

06-22 20:35:33.978  5347  5948 I LSPosed-Bridge: 5347 PermLabel 10124 android.permission.CAMERA getCameraInfo args0: 0; args1: android.hardware.Camera$CameraInfo@16bea16; res= null; stacktrace=java.lang.Exception

06-22 20:35:33.978  5347  5948 I LSPosed-Bridge: 	at com.example.permlabel.hookCamera$1.afterHookedMethod(hookCamera.java:21)

06-22 20:35:33.978  5347  5948 I LSPosed-Bridge: 	at com.example.permlabel.hookCamera$1.afterHookedMethod(hookCamera.java:21)

06-22 20:35:33.978  5347  5948 I LSPosed-Bridge: 	at de.robv.android.xposed.XposedBridge$AdditionalHookInfo.callback(Unknown Source:147)

06-22 20:35:33.978  5347  5948 I LSPosed-Bridge: 	at de.robv.android.xposed.XposedBridge$AdditionalHookInfo.callback(Unknown Source:147)

06-22 20:35:33.978  5347  5948 I LSPosed-Bridge: 	at LSPHooker_.getCameraInfo(Unknown Source:15)

06-22 20:35:33.978  5347  5948 I LSPosed-Bridge: 	at LSPHooker_.getCameraInfo(Unknown Source:15)

06-22 20:35:33.978  5347  5948 I LSPosed-Bridge: 	at z74.e(chromium-Monochrome.aab-stable-573513121:6)

06-22 20:35:33.978  5347  5948 I LSPosed-Bridge: 	at z74.e(chromium-Monochrome.aab-stable-573513121:6)

06-22 20:35:33.978  5347  5948 I LSPosed-Bridge: 	at org.chromium.media.VideoCaptureFactory.getFacingMode(chromium-Monochrome.aab-stable-573513121:10)

06-22 20:35:33.978  5347  5948 I LSPosed-Bridge: 	at org.chromium.media.VideoCaptureFactory.getFacingMode(chromium-Monochrome.aab-stable-573513121:10)

06-22 20:35:33.978  5347  5948 I chatty  : uid=10124(loseweightapp.loseweightappforwomen.womenworkoutathome) ThreadPoolSingl identical 1 line

06-22 20:35:33.978  5347  5948 I chatty  : uid=10124(loseweightapp.loseweightappforwomen.womenworkoutathome) ThreadPoolSingl identical 1 line

06-22 20:35:33.978  5347  5948 I LSPosed-Bridge: 5347 PermLabel 10124 android.permission.CAMERA getCameraInfo args0: 0; args1: android.hardware.Camera$CameraInfo@16bea16; res= null; stacktrace=java.lang.Exception

06-22 20:35:33.978  5347  5948 I LSPosed-Bridge: 5347 PermLabel 10124 android.permission.CAMERA getCameraInfo args0: 0; args1: android.hardware.Camera$CameraInfo@16bea16; res= null; stacktrace=java.lang.Exception

06-22 20:35:33.978  5347  5948 I LSPosed-Bridge: 	at com.example.permlabel.hookCamera$1.afterHookedMethod(hookCamera.java:21)

06-22 20:35:33.978  5347  5948 I LSPosed-Bridge: 	at com.example.permlabel.hookCamera$1.afterHookedMethod(hookCamera.java:21)

06-22 20:35:33.978  5347  5948 I LSPosed-Bridge: 	at de.robv.android.xposed.XposedBridge$AdditionalHookInfo.callback(Unknown Source:147)

06-22 20:35:33.978  5347  5948 I LSPosed-Bridge: 	at de.robv.android.xposed.XposedBridge$AdditionalHookInfo.callback(Unknown Source:147)

06-22 20:35:33.978  5347  5948 I LSPosed-Bridge: 	at LSPHooker_.getCameraInfo(Unknown Source:15)

06-22 20:35:33.978  5347  5948 I LSPosed-Bridge: 	at LSPHooker_.getCameraInfo(Unknown Source:15)

06-22 20:35:33.978  5347  5948 I LSPosed-Bridge: 	at z74.e(chromium-Monochrome.aab-stable-573513121:6)

06-22 20:35:33.978  5347  5948 I LSPosed-Bridge: 	at z74.e(chromium-Monochrome.aab-stable-573513121:6)

06-22 20:35:33.978  5347  5948 I LSPosed-Bridge: 	at org.chromium.media.VideoCaptureFactory.getFacingMode(chromium-Monochrome.aab-stable-573513121:10)

06-22 20:35:33.978  5347  5948 I LSPosed-Bridge: 	at org.chromium.media.VideoCaptureFactory.getFacingMode(chromium-Monochrome.aab-stable-573513121:10)

06-22 20:38:29.491  5347  5948 I LSPosed-Bridge: 5347 PermLabel 10124 android.permission.CAMERA getCameraInfo args0: 1; args1: android.hardware.Camera$CameraInfo@1fefa8e; res= null; stacktrace=java.lang.Exception

06-22 20:38:29.491  5347  5948 I LSPosed-Bridge: 	at com.example.permlabel.hookCamera$1.afterHookedMethod(hookCamera.java:21)

06-22 20:38:29.491  5347  5948 I LSPosed-Bridge: 	at de.robv.android.xposed.XposedBridge$AdditionalHookInfo.callback(Unknown Source:147)

06-22 20:38:29.491  5347  5948 I LSPosed-Bridge: 	at LSPHooker_.getCameraInfo(Unknown Source:15)

06-22 20:38:29.491  5347  5948 I LSPosed-Bridge: 	at z74.e(chromium-Monochrome.aab-stable-573513121:6)

06-22 20:38:29.491  5347  5948 I LSPosed-Bridge: 	at org.chromium.media.VideoCaptureFactory.getDeviceName(chromium-Monochrome.aab-stable-573513121:15)

06-22 20:38:29.492  5347  5948 I chatty  : uid=10124(loseweightapp.loseweightappforwomen.womenworkoutathome) ThreadPoolSingl identical 1 line

06-22 20:38:29.492  5347  5948 I LSPosed-Bridge: 5347 PermLabel 10124 android.permission.CAMERA getCameraInfo args0: 1; args1: android.hardware.Camera$CameraInfo@1fefa8e; res= null; stacktrace=java.lang.Exception

06-22 20:38:29.492  5347  5948 I LSPosed-Bridge: 	at com.example.permlabel.hookCamera$1.afterHookedMethod(hookCamera.java:21)

06-22 20:38:29.492  5347  5948 I LSPosed-Bridge: 	at de.robv.android.xposed.XposedBridge$AdditionalHookInfo.callback(Unknown Source:147)

06-22 20:38:29.492  5347  5948 I LSPosed-Bridge: 	at LSPHooker_.getCameraInfo(Unknown Source:15)

06-22 20:38:29.492  5347  5948 I LSPosed-Bridge: 	at z74.e(chromium-Monochrome.aab-stable-573513121:6)

06-22 20:38:29.492  5347  5948 I LSPosed-Bridge: 	at org.chromium.media.VideoCaptureFactory.getDeviceName(chromium-Monochrome.aab-stable-573513121:15)

06-22 20:38:29.523  5347  5948 I LSPosed-Bridge: 5347 PermLabel 10124 android.permission.CAMERA getCameraInfo args0: 1; args1: android.hardware.Camera$CameraInfo@64f12a8; res= null; stacktrace=java.lang.Exception

06-22 20:38:29.523  5347  5948 I LSPosed-Bridge: 	at com.example.permlabel.hookCamera$1.afterHookedMethod(hookCamera.java:21)

06-22 20:38:29.523  5347  5948 I LSPosed-Bridge: 	at de.robv.android.xposed.XposedBridge$AdditionalHookInfo.callback(Unknown Source:147)

06-22 20:38:29.523  5347  5948 I LSPosed-Bridge: 	at LSPHooker_.getCameraInfo(Unknown Source:15)

06-22 20:38:29.523  5347  5948 I LSPosed-Bridge: 	at z74.e(chromium-Monochrome.aab-stable-573513121:6)

06-22 20:38:29.523  5347  5948 I LSPosed-Bridge: 	at org.chromium.media.VideoCaptureFactory.getCaptureApiType(chromium-Monochrome.aab-stable-573513121:8)

06-22 20:38:29.524  5347  5948 I chatty  : uid=10124(loseweightapp.loseweightappforwomen.womenworkoutathome) ThreadPoolSingl identical 1 line

06-22 20:38:29.524  5347  5948 I LSPosed-Bridge: 5347 PermLabel 10124 android.permission.CAMERA getCameraInfo args0: 1; args1: android.hardware.Camera$CameraInfo@64f12a8; res= null; stacktrace=java.lang.Exception

06-22 20:38:29.524  5347  5948 I LSPosed-Bridge: 	at com.example.permlabel.hookCamera$1.afterHookedMethod(hookCamera.java:21)

06-22 20:38:29.524  5347  5948 I LSPosed-Bridge: 	at de.robv.android.xposed.XposedBridge$AdditionalHookInfo.callback(Unknown Source:147)

06-22 20:38:29.524  5347  5948 I LSPosed-Bridge: 	at LSPHooker_.getCameraInfo(Unknown Source:15)

06-22 20:38:29.524  5347  5948 I LSPosed-Bridge: 	at z74.e(chromium-Monochrome.aab-stable-573513121:6)

06-22 20:38:29.524  5347  5948 I LSPosed-Bridge: 	at org.chromium.media.VideoCaptureFactory.getCaptureApiType(chromium-Monochrome.aab-stable-573513121:8)

06-22 20:38:29.532  5347  5948 I LSPosed-Bridge: 5347 PermLabel 10124 android.permission.CAMERA getCameraInfo args0: 1; args1: android.hardware.Camera$CameraInfo@bd6b154; res= null; stacktrace=java.lang.Exception

06-22 20:38:29.532  5347  5948 I LSPosed-Bridge: 	at com.example.permlabel.hookCamera$1.afterHookedMethod(hookCamera.java:21)

06-22 20:38:29.532  5347  5948 I LSPosed-Bridge: 	at de.robv.android.xposed.XposedBridge$AdditionalHookInfo.callback(Unknown Source:147)

06-22 20:38:29.532  5347  5948 I LSPosed-Bridge: 	at LSPHooker_.getCameraInfo(Unknown Source:15)

06-22 20:38:29.532  5347  5948 I LSPosed-Bridge: 	at z74.e(chromium-Monochrome.aab-stable-573513121:6)

06-22 20:38:29.532  5347  5948 I LSPosed-Bridge: 	at org.chromium.media.VideoCaptureFactory.getFacingMode(chromium-Monochrome.aab-stable-573513121:10)

06-22 20:38:29.533  5347  5948 I chatty  : uid=10124(loseweightapp.loseweightappforwomen.womenworkoutathome) ThreadPoolSingl identical 1 line

06-22 20:38:29.533  5347  5948 I LSPosed-Bridge: 5347 PermLabel 10124 android.permission.CAMERA getCameraInfo args0: 1; args1: android.hardware.Camera$CameraInfo@bd6b154; res= null; stacktrace=java.lang.Exception

06-22 20:38:29.533  5347  5948 I LSPosed-Bridge: 	at com.example.permlabel.hookCamera$1.afterHookedMethod(hookCamera.java:21)

06-22 20:38:29.533  5347  5948 I LSPosed-Bridge: 	at de.robv.android.xposed.XposedBridge$AdditionalHookInfo.callback(Unknown Source:147)

06-22 20:38:29.533  5347  5948 I LSPosed-Bridge: 	at LSPHooker_.getCameraInfo(Unknown Source:15)

06-22 20:38:29.533  5347  5948 I LSPosed-Bridge: 	at z74.e(chromium-Monochrome.aab-stable-573513121:6)

06-22 20:38:29.533  5347  5948 I LSPosed-Bridge: 	at org.chromium.media.VideoCaptureFactory.getFacingMode(chromium-Monochrome.aab-stable-573513121:10)

06-22 20:38:29.523  5347  5347 W ThreadPoolSingl: type=1400 audit(0.0:2721): avc: denied { read } for name="u:object_r:vendor_camera_prop:s0" dev="tmpfs" ino=4917 scontext=u:r:untrusted_app:s0:c124,c256,c512,c768 tcontext=u:object_r:vendor_camera_prop:s0 tclass=file permissive=0

06-22 20:38:29.542   553   553 I ConfigStore: android::hardware::configstore::V1_0::ISurfaceFlingerConfigs::hasHDRDisplay retrieved: 0

06-22 20:38:29.542  5347  5948 I LSPosed-Bridge: 5347 PermLabel 10124 android.permission.CAMERA getCameraInfo args0: 0; args1: android.hardware.Camera$CameraInfo@1978ec0; res= null; stacktrace=java.lang.Exception

06-22 20:38:29.542  5347  5948 I LSPosed-Bridge: 	at com.example.permlabel.hookCamera$1.afterHookedMethod(hookCamera.java:21)

06-22 20:38:29.542  5347  5948 I LSPosed-Bridge: 	at de.robv.android.xposed.XposedBridge$AdditionalHookInfo.callback(Unknown Source:147)

06-22 20:38:29.542  5347  5948 I LSPosed-Bridge: 	at LSPHooker_.getCameraInfo(Unknown Source:15)

06-22 20:38:29.542  5347  5948 I LSPosed-Bridge: 	at z74.e(chromium-Monochrome.aab-stable-573513121:6)

06-22 20:38:29.542  5347  5948 I LSPosed-Bridge: 	at org.chromium.media.VideoCaptureFactory.getDeviceName(chromium-Monochrome.aab-stable-573513121:15)

06-22 20:38:29.542   553   553 I ConfigStore: android::hardware::configstore::V1_0::ISurfaceFlingerConfigs::hasHDRDisplay retrieved: 0

06-22 20:38:29.543  5347  5948 I LSPosed-Bridge: 5347 PermLabel 10124 android.permission.CAMERA getCameraInfo args0: 0; args1: android.hardware.Camera$CameraInfo@1978ec0; res= null; stacktrace=java.lang.Exception

06-22 20:38:29.543  5347  5948 I LSPosed-Bridge: 5347 PermLabel 10124 android.permission.CAMERA getCameraInfo args0: 0; args1: android.hardware.Camera$CameraInfo@1978ec0; res= null; stacktrace=java.lang.Exception

06-22 20:38:29.543  5347  5948 I LSPosed-Bridge: 	at com.example.permlabel.hookCamera$1.afterHookedMethod(hookCamera.java:21)

06-22 20:38:29.543  5347  5948 I LSPosed-Bridge: 	at com.example.permlabel.hookCamera$1.afterHookedMethod(hookCamera.java:21)

06-22 20:38:29.543  5347  5948 I LSPosed-Bridge: 	at de.robv.android.xposed.XposedBridge$AdditionalHookInfo.callback(Unknown Source:147)

06-22 20:38:29.543  5347  5948 I LSPosed-Bridge: 	at de.robv.android.xposed.XposedBridge$AdditionalHookInfo.callback(Unknown Source:147)

06-22 20:38:29.543  5347  5948 I LSPosed-Bridge: 	at LSPHooker_.getCameraInfo(Unknown Source:15)

06-22 20:38:29.543  5347  5948 I LSPosed-Bridge: 	at LSPHooker_.getCameraInfo(Unknown Source:15)

06-22 20:38:29.543  5347  5948 I LSPosed-Bridge: 	at z74.e(chromium-Monochrome.aab-stable-573513121:6)

06-22 20:38:29.543  5347  5948 I LSPosed-Bridge: 	at z74.e(chromium-Monochrome.aab-stable-573513121:6)

06-22 20:38:29.543  5347  5948 I LSPosed-Bridge: 	at org.chromium.media.VideoCaptureFactory.getDeviceName(chromium-Monochrome.aab-stable-573513121:15)

06-22 20:38:29.543  5347  5948 I LSPosed-Bridge: 	at org.chromium.media.VideoCaptureFactory.getDeviceName(chromium-Monochrome.aab-stable-573513121:15)

06-22 20:38:29.543  5347  5948 I LSPosed-Bridge: 5347 PermLabel 10124 android.permission.CAMERA getCameraInfo args0: 0; args1: android.hardware.Camera$CameraInfo@1978ec0; res= null; stacktrace=java.lang.Exception

06-22 20:38:29.543  5347  5948 I LSPosed-Bridge: 5347 PermLabel 10124 android.permission.CAMERA getCameraInfo args0: 0; args1: android.hardware.Camera$CameraInfo@1978ec0; res= null; stacktrace=java.lang.Exception

06-22 20:38:29.543  5347  5948 I LSPosed-Bridge: 	at com.example.permlabel.hookCamera$1.afterHookedMethod(hookCamera.java:21)

06-22 20:38:29.543  5347  5948 I LSPosed-Bridge: 	at com.example.permlabel.hookCamera$1.afterHookedMethod(hookCamera.java:21)

06-22 20:38:29.543  5347  5948 I LSPosed-Bridge: 	at de.robv.android.xposed.XposedBridge$AdditionalHookInfo.callback(Unknown Source:147)

06-22 20:38:29.543  5347  5948 I LSPosed-Bridge: 	at de.robv.android.xposed.XposedBridge$AdditionalHookInfo.callback(Unknown Source:147)

06-22 20:38:29.543  5347  5948 I LSPosed-Bridge: 	at LSPHooker_.getCameraInfo(Unknown Source:15)

06-22 20:38:29.543  5347  5948 I LSPosed-Bridge: 	at LSPHooker_.getCameraInfo(Unknown Source:15)

06-22 20:38:29.543  5347  5948 I LSPosed-Bridge: 	at z74.e(chromium-Monochrome.aab-stable-573513121:6)

06-22 20:38:29.543  5347  5948 I LSPosed-Bridge: 	at z74.e(chromium-Monochrome.aab-stable-573513121:6)

06-22 20:38:29.543  5347  5948 I LSPosed-Bridge: 	at org.chromium.media.VideoCaptureFactory.getDeviceName(chromium-Monochrome.aab-stable-573513121:15)

06-22 20:38:29.543  5347  5948 I LSPosed-Bridge: 	at org.chromium.media.VideoCaptureFactory.getDeviceName(chromium-Monochrome.aab-stable-573513121:15)

06-22 20:38:29.543   553   553 I ConfigStore: android::hardware::configstore::V1_0::ISurfaceFlingerConfigs::hasHDRDisplay retrieved: 0

06-22 20:38:29.543   553   553 I ConfigStore: android::hardware::configstore::V1_0::ISurfaceFlingerConfigs::hasHDRDisplay retrieved: 0

06-22 20:38:29.566   553   553 I ConfigStore: android::hardware::configstore::V1_0::ISurfaceFlingerConfigs::hasHDRDisplay retrieved: 0

06-22 20:38:29.566   553   553 I ConfigStore: android::hardware::configstore::V1_0::ISurfaceFlingerConfigs::hasHDRDisplay retrieved: 0

06-22 20:38:29.566  5347  5948 I LSPosed-Bridge: 5347 PermLabel 10124 android.permission.CAMERA getCameraInfo args0: 0; args1: android.hardware.Camera$CameraInfo@d0c354a; res= null; stacktrace=java.lang.Exception

06-22 20:38:29.566  5347  5948 I LSPosed-Bridge: 5347 PermLabel 10124 android.permission.CAMERA getCameraInfo args0: 0; args1: android.hardware.Camera$CameraInfo@d0c354a; res= null; stacktrace=java.lang.Exception

06-22 20:38:29.566  5347  5948 I LSPosed-Bridge: 	at com.example.permlabel.hookCamera$1.afterHookedMethod(hookCamera.java:21)

06-22 20:38:29.566  5347  5948 I LSPosed-Bridge: 	at com.example.permlabel.hookCamera$1.afterHookedMethod(hookCamera.java:21)

06-22 20:38:29.566  5347  5948 I LSPosed-Bridge: 	at de.robv.android.xposed.XposedBridge$AdditionalHookInfo.callback(Unknown Source:147)

06-22 20:38:29.566  5347  5948 I LSPosed-Bridge: 	at de.robv.android.xposed.XposedBridge$AdditionalHookInfo.callback(Unknown Source:147)

06-22 20:38:29.566  5347  5948 I LSPosed-Bridge: 	at LSPHooker_.getCameraInfo(Unknown Source:15)

06-22 20:38:29.566  5347  5948 I LSPosed-Bridge: 	at LSPHooker_.getCameraInfo(Unknown Source:15)

06-22 20:38:29.566  5347  5948 I LSPosed-Bridge: 	at z74.e(chromium-Monochrome.aab-stable-573513121:6)

06-22 20:38:29.566  5347  5948 I LSPosed-Bridge: 	at z74.e(chromium-Monochrome.aab-stable-573513121:6)

06-22 20:38:29.566  5347  5948 I LSPosed-Bridge: 	at org.chromium.media.VideoCaptureFactory.getCaptureApiType(chromium-Monochrome.aab-stable-573513121:8)

06-22 20:38:29.566  5347  5948 I LSPosed-Bridge: 	at org.chromium.media.VideoCaptureFactory.getCaptureApiType(chromium-Monochrome.aab-stable-573513121:8)

06-22 20:38:29.566  5347  5948 I chatty  : uid=10124(loseweightapp.loseweightappforwomen.womenworkoutathome) ThreadPoolSingl identical 1 line

06-22 20:38:29.566  5347  5948 I chatty  : uid=10124(loseweightapp.loseweightappforwomen.womenworkoutathome) ThreadPoolSingl identical 1 line

06-22 20:38:29.566  5347  5948 I LSPosed-Bridge: 5347 PermLabel 10124 android.permission.CAMERA getCameraInfo args0: 0; args1: android.hardware.Camera$CameraInfo@d0c354a; res= null; stacktrace=java.lang.Exception

06-22 20:38:29.566  5347  5948 I LSPosed-Bridge: 5347 PermLabel 10124 android.permission.CAMERA getCameraInfo args0: 0; args1: android.hardware.Camera$CameraInfo@d0c354a; res= null; stacktrace=java.lang.Exception

06-22 20:38:29.566  5347  5948 I LSPosed-Bridge: 	at com.example.permlabel.hookCamera$1.afterHookedMethod(hookCamera.java:21)

06-22 20:38:29.566  5347  5948 I LSPosed-Bridge: 	at com.example.permlabel.hookCamera$1.afterHookedMethod(hookCamera.java:21)

06-22 20:38:29.566  5347  5948 I LSPosed-Bridge: 	at de.robv.android.xposed.XposedBridge$AdditionalHookInfo.callback(Unknown Source:147)

06-22 20:38:29.566  5347  5948 I LSPosed-Bridge: 	at de.robv.android.xposed.XposedBridge$AdditionalHookInfo.callback(Unknown Source:147)

06-22 20:38:29.566  5347  5948 I LSPosed-Bridge: 	at LSPHooker_.getCameraInfo(Unknown Source:15)

06-22 20:38:29.566  5347  5948 I LSPosed-Bridge: 	at LSPHooker_.getCameraInfo(Unknown Source:15)

06-22 20:38:29.566  5347  5948 I LSPosed-Bridge: 	at z74.e(chromium-Monochrome.aab-stable-573513121:6)

06-22 20:38:29.566  5347  5948 I LSPosed-Bridge: 	at z74.e(chromium-Monochrome.aab-stable-573513121:6)

06-22 20:38:29.566  5347  5948 I LSPosed-Bridge: 	at org.chromium.media.VideoCaptureFactory.getCaptureApiType(chromium-Monochrome.aab-stable-573513121:8)

06-22 20:38:29.566  5347  5948 I LSPosed-Bridge: 	at org.chromium.media.VideoCaptureFactory.getCaptureApiType(chromium-Monochrome.aab-stable-573513121:8)

06-22 20:38:29.577   553   553 I ConfigStore: android::hardware::configstore::V1_0::ISurfaceFlingerConfigs::hasHDRDisplay retrieved: 0

06-22 20:38:29.577   553   553 I ConfigStore: android::hardware::configstore::V1_0::ISurfaceFlingerConfigs::hasHDRDisplay retrieved: 0

06-22 20:38:29.577  5347  5948 I LSPosed-Bridge: 5347 PermLabel 10124 android.permission.CAMERA getCameraInfo args0: 0; args1: android.hardware.Camera$CameraInfo@e605c16; res= null; stacktrace=java.lang.Exception

06-22 20:38:29.577  5347  5948 I LSPosed-Bridge: 5347 PermLabel 10124 android.permission.CAMERA getCameraInfo args0: 0; args1: android.hardware.Camera$CameraInfo@e605c16; res= null; stacktrace=java.lang.Exception

06-22 20:38:29.577  5347  5948 I LSPosed-Bridge: 	at com.example.permlabel.hookCamera$1.afterHookedMethod(hookCamera.java:21)

06-22 20:38:29.577  5347  5948 I LSPosed-Bridge: 	at com.example.permlabel.hookCamera$1.afterHookedMethod(hookCamera.java:21)

06-22 20:38:29.577  5347  5948 I LSPosed-Bridge: 	at de.robv.android.xposed.XposedBridge$AdditionalHookInfo.callback(Unknown Source:147)

06-22 20:38:29.577  5347  5948 I LSPosed-Bridge: 	at de.robv.android.xposed.XposedBridge$AdditionalHookInfo.callback(Unknown Source:147)

06-22 20:38:29.577  5347  5948 I LSPosed-Bridge: 	at LSPHooker_.getCameraInfo(Unknown Source:15)

06-22 20:38:29.577  5347  5948 I LSPosed-Bridge: 	at LSPHooker_.getCameraInfo(Unknown Source:15)

06-22 20:38:29.577  5347  5948 I LSPosed-Bridge: 	at z74.e(chromium-Monochrome.aab-stable-573513121:6)

06-22 20:38:29.577  5347  5948 I LSPosed-Bridge: 	at z74.e(chromium-Monochrome.aab-stable-573513121:6)

06-22 20:38:29.577  5347  5948 I LSPosed-Bridge: 	at org.chromium.media.VideoCaptureFactory.getFacingMode(chromium-Monochrome.aab-stable-573513121:10)

06-22 20:38:29.577  5347  5948 I LSPosed-Bridge: 	at org.chromium.media.VideoCaptureFactory.getFacingMode(chromium-Monochrome.aab-stable-573513121:10)

06-22 20:38:29.577  5347  5948 I chatty  : uid=10124(loseweightapp.loseweightappforwomen.womenworkoutathome) ThreadPoolSingl identical 1 line

06-22 20:38:29.577  5347  5948 I chatty  : uid=10124(loseweightapp.loseweightappforwomen.womenworkoutathome) ThreadPoolSingl identical 1 line

06-22 20:38:29.577  5347  5948 I LSPosed-Bridge: 5347 PermLabel 10124 android.permission.CAMERA getCameraInfo args0: 0; args1: android.hardware.Camera$CameraInfo@e605c16; res= null; stacktrace=java.lang.Exception

06-22 20:38:29.577  5347  5948 I LSPosed-Bridge: 5347 PermLabel 10124 android.permission.CAMERA getCameraInfo args0: 0; args1: android.hardware.Camera$CameraInfo@e605c16; res= null; stacktrace=java.lang.Exception

06-22 20:38:29.577  5347  5948 I LSPosed-Bridge: 	at com.example.permlabel.hookCamera$1.afterHookedMethod(hookCamera.java:21)

06-22 20:38:29.577  5347  5948 I LSPosed-Bridge: 	at com.example.permlabel.hookCamera$1.afterHookedMethod(hookCamera.java:21)

06-22 20:38:29.577  5347  5948 I LSPosed-Bridge: 	at de.robv.android.xposed.XposedBridge$AdditionalHookInfo.callback(Unknown Source:147)

06-22 20:38:29.577  5347  5948 I LSPosed-Bridge: 	at de.robv.android.xposed.XposedBridge$AdditionalHookInfo.callback(Unknown Source:147)

06-22 20:38:29.577  5347  5948 I LSPosed-Bridge: 	at LSPHooker_.getCameraInfo(Unknown Source:15)

06-22 20:38:29.577  5347  5948 I LSPosed-Bridge: 	at LSPHooker_.getCameraInfo(Unknown Source:15)

06-22 20:38:29.577  5347  5948 I LSPosed-Bridge: 	at z74.e(chromium-Monochrome.aab-stable-573513121:6)

06-22 20:38:29.577  5347  5948 I LSPosed-Bridge: 	at z74.e(chromium-Monochrome.aab-stable-573513121:6)

06-22 20:38:29.577  5347  5948 I LSPosed-Bridge: 	at org.chromium.media.VideoCaptureFactory.getFacingMode(chromium-Monochrome.aab-stable-573513121:10)

06-22 20:38:29.577  5347  5948 I LSPosed-Bridge: 	at org.chromium.media.VideoCaptureFactory.getFacingMode(chromium-Monochrome.aab-stable-573513121:10)
