06-22 20:25:28.549  1575  1856 I LSPosed-Bridge: 	at com.example.permlabel.requirePerm$1$2.afterHookedMethod(requirePerm.java:127)

06-22 20:25:28.549  1575  1856 I LSPosed-Bridge: 	at de.robv.android.xposed.XposedBridge$AdditionalHookInfo.callback(Unknown Source:147)

06-22 20:25:28.549  1575  1856 I LSPosed-Bridge: 	at LSPHooker_.checkPermission(Unknown Source:25)

06-22 20:25:28.549  1575  1856 I LSPosed-Bridge: 	at com.android.server.am.ActivityManagerService.isGetTasksAllowed(ActivityManagerService.java:10902)

06-22 20:25:28.549  1575  1856 I LSPosed-Bridge: 	at com.android.server.am.ActivityManagerService.getRunningAppProcesses(ActivityManagerService.java:16139)

06-22 20:25:28.549  1575  1856 I LSPosed-Bridge: 	at android.app.IActivityManager$Stub.onTransact(IActivityManager.java:1088)

06-22 20:25:28.549  1575  1856 I LSPosed-Bridge: 	at com.android.server.am.ActivityManagerService.onTransact(ActivityManagerService.java:3346)

06-22 20:25:28.549  1575  1856 I LSPosed-Bridge: 	at android.os.Binder.execTransact(Binder.java:731)

06-22 20:25:28.876  1575  5572 I AudioService: In isSpeakerphoneOn(), mForcedUseForCommExt: 0

06-22 20:25:28.876  1575  1588 I LSPosed-Bridge: 5347 PermLabel 10124 AMS.checkPermission: Binder.getCallingPid() = 5347; uid = 10124; Binder.getCallingUid() = 10124; getNameForUid: loseweightapp.loseweightappforwomen.womenworkoutathome; getPackagesForUid: [loseweightapp.loseweightappforwomen.womenworkoutathome]; permName: android.permission.GET_TASKS; type = 0; res = -1; stacktrace=java.lang.Exception

06-22 20:25:28.876  1575  1588 I LSPosed-Bridge: 	at com.example.permlabel.requirePerm$1$2.afterHookedMethod(requirePerm.java:127)

06-22 20:25:28.876  1575  1588 I LSPosed-Bridge: 	at de.robv.android.xposed.XposedBridge$AdditionalHookInfo.callback(Unknown Source:147)

06-22 20:25:28.876  1575  1588 I LSPosed-Bridge: 	at LSPHooker_.checkPermission(Unknown Source:25)

06-22 20:25:28.876  1575  1588 I LSPosed-Bridge: 	at com.android.server.am.ActivityManagerService.isGetTasksAllowed(ActivityManagerService.java:10902)

06-22 20:25:28.876  1575  1588 I LSPosed-Bridge: 	at com.android.server.am.ActivityManagerService.getRunningAppProcesses(ActivityManagerService.java:16139)

06-22 20:25:28.876  1575  1588 I LSPosed-Bridge: 	at android.app.IActivityManager$Stub.onTransact(IActivityManager.java:1088)

06-22 20:25:28.876  1575  1588 I LSPosed-Bridge: 	at com.android.server.am.ActivityManagerService.onTransact(ActivityManagerService.java:3346)

06-22 20:25:28.876  1575  1588 I LSPosed-Bridge: 	at android.os.Binder.execTransact(Binder.java:731)

06-22 20:25:28.876  1575  5572 I LSPosed-Bridge: 5347 PermLabel 10124 AMS.checkPermission: Binder.getCallingPid() = 5347; uid = 10124; Binder.getCallingUid() = 10124; getNameForUid: loseweightapp.loseweightappforwomen.womenworkoutathome; getPackagesForUid: [loseweightapp.loseweightappforwomen.womenworkoutathome]; permName: com.google.android.gms.permission.AD_ID; type = 0; res = -1; stacktrace=java.lang.Exception

06-22 20:25:28.876  1575  5572 I LSPosed-Bridge: 	at com.example.permlabel.requirePerm$1$2.afterHookedMethod(requirePerm.java:127)

06-22 20:25:28.876  1575  5572 I LSPosed-Bridge: 	at de.robv.android.xposed.XposedBridge$AdditionalHookInfo.callback(Unknown Source:147)

06-22 20:25:28.876  1575  5572 I LSPosed-Bridge: 	at LSPHooker_.checkPermission(Unknown Source:25)

06-22 20:25:28.876  1575  5572 I LSPosed-Bridge: 	at android.app.IActivityManager$Stub.onTransact(IActivityManager.java:664)

06-22 20:25:28.876  1575  5572 I LSPosed-Bridge: 	at com.android.server.am.ActivityManagerService.onTransact(ActivityManagerService.java:3346)

06-22 20:25:28.876  1575  5572 I LSPosed-Bridge: 	at android.os.Binder.execTransact(Binder.java:731)

06-22 20:26:46.920  1575  5572 I LSPosed-Bridge: 5347 PermLabel 10124 AMS.checkPermission: Binder.getCallingPid() = 5347; uid = 10124; Binder.getCallingUid() = 10124; getNameForUid: loseweightapp.loseweightappforwomen.womenworkoutathome; getPackagesForUid: [loseweightapp.loseweightappforwomen.womenworkoutathome]; permName: android.permission.GET_TASKS; type = 0; res = -1; stacktrace=java.lang.Exception

06-22 20:26:46.920  1575  5572 I LSPosed-Bridge: 	at com.example.permlabel.requirePerm$1$2.afterHookedMethod(requirePerm.java:127)

06-22 20:26:46.920  1575  5572 I LSPosed-Bridge: 	at de.robv.android.xposed.XposedBridge$AdditionalHookInfo.callback(Unknown Source:147)

06-22 20:26:46.920  1575  5572 I LSPosed-Bridge: 	at LSPHooker_.checkPermission(Unknown Source:25)

06-22 20:26:46.920  1575  5572 I LSPosed-Bridge: 	at com.android.server.am.ActivityManagerService.isGetTasksAllowed(ActivityManagerService.java:10902)

06-22 20:26:46.920  1575  5572 I LSPosed-Bridge: 	at com.android.server.am.ActivityManagerService.getRunningAppProcesses(ActivityManagerService.java:16139)

06-22 20:26:46.920  1575  5572 I LSPosed-Bridge: 	at android.app.IActivityManager$Stub.onTransact(IActivityManager.java:1088)

06-22 20:26:46.920  1575  5572 I LSPosed-Bridge: 	at com.android.server.am.ActivityManagerService.onTransact(ActivityManagerService.java:3346)

06-22 20:26:46.920  1575  5572 I LSPosed-Bridge: 	at android.os.Binder.execTransact(Binder.java:731)

06-22 20:26:47.576  1575  6355 I LSPosed-Bridge: 5347 PermLabel 10124 AMS.checkPermission: Binder.getCallingPid() = 5347; uid = 10124; Binder.getCallingUid() = 10124; getNameForUid: loseweightapp.loseweightappforwomen.womenworkoutathome; getPackagesForUid: [loseweightapp.loseweightappforwomen.womenworkoutathome]; permName: android.permission.GET_TASKS; type = 0; res = -1; stacktrace=java.lang.Exception

06-22 20:26:47.576  1575  6355 I LSPosed-Bridge: 	at com.example.permlabel.requirePerm$1$2.afterHookedMethod(requirePerm.java:127)

06-22 20:26:47.576  1575  6355 I LSPosed-Bridge: 	at de.robv.android.xposed.XposedBridge$AdditionalHookInfo.callback(Unknown Source:147)

06-22 20:26:47.576  1575  6355 I LSPosed-Bridge: 	at LSPHooker_.checkPermission(Unknown Source:25)

06-22 20:26:47.576  1575  6355 I LSPosed-Bridge: 	at com.android.server.am.ActivityManagerService.isGetTasksAllowed(ActivityManagerService.java:10902)

06-22 20:26:47.576  1575  6355 I LSPosed-Bridge: 	at com.android.server.am.ActivityManagerService.getRunningAppProcesses(ActivityManagerService.java:16139)

06-22 20:26:47.576  1575  6355 I LSPosed-Bridge: 	at android.app.IActivityManager$Stub.onTransact(IActivityManager.java:1088)

06-22 20:26:47.576  1575  6355 I LSPosed-Bridge: 	at com.android.server.am.ActivityManagerService.onTransact(ActivityManagerService.java:3346)

06-22 20:26:47.576  1575  6355 I LSPosed-Bridge: 	at android.os.Binder.execTransact(Binder.java:731)

06-22 20:26:47.576  5347  5347 I LSPosed-Bridge: 5347 PermLabel 10124 ContextImpl.checkPermission: pid = 5347; uid = 10124; permName: com.google.android.gms.permission.AD_ID; type = 0; res = -1; stacktrace=java.lang.Exception

06-22 20:26:47.576  5347  5347 I LSPosed-Bridge: 	at com.example.permlabel.requestPerm$2.afterHookedMethod(requestPerm.java:212)

06-22 20:26:47.576  5347  5347 I LSPosed-Bridge: 	at de.robv.android.xposed.XposedBridge$AdditionalHookInfo.callback(Unknown Source:147)

06-22 20:26:47.576  5347  5347 I LSPosed-Bridge: 	at LSPHooker_.checkPermission(Unknown Source:25)

06-22 20:26:47.576  5347  5347 I LSPosed-Bridge: 	at android.content.ContextWrapper.checkPermission(ContextWrapper.java:738)

06-22 20:26:47.576  5347  5347 I LSPosed-Bridge: 	at com.google.android.gms.ads.nonagon.signals.a.b(:com.google.android.gms.policy_ads_fdr_dynamite@231710101@231710100057.526733554.526733554:3)

06-22 20:26:47.576  5347  5347 I LSPosed-Bridge: 	at com.google.android.gms.ads.nonagon.signals.fp.a(:com.google.android.gms.policy_ads_fdr_dynamite@231710101@231710100057.526733554.526733554:3)

06-22 20:26:47.576  5347  5347 I LSPosed-Bridge: 	at com.google.android.gms.ads.nonagon.ad.common.ci.a(:com.google.android.gms.policy_ads_fdr_dynamite@231710101@231710100057.526733554.526733554:0)

06-22 20:26:47.576  5347  5347 I LSPosed-Bridge: 	at com.google.android.gms.ads.nonagon.ad.common.ci.b(:com.google.android.gms.policy_ads_fdr_dynamite@231710101@231710100057.526733554.526733554:1)

06-22 20:26:47.576  5347  5347 I LSPosed-Bridge: 	at com.google.android.gms.ads.nonagon.ad.common.ai.d(:com.google.android.gms.policy_ads_fdr_dynamite@231710101@231710100057.526733554.526733554:29)

06-22 20:26:47.576  5347  5347 I LSPosed-Bridge: 	at com.google.android.gms.ads.nonagon.ad.common.ai.b(:com.google.android.gms.policy_ads_fdr_dynamite@231710101@231710100057.526733554.526733554:0)

06-22 20:26:47.576  5347  5347 I LSPosed-Bridge: 	at com.google.android.gms.ads.nonagon.shim.adapters.b.c(:com.google.android.gms.policy_ads_fdr_dynamite@231710101@231710100057.526733554.526733554:19)

06-22 20:26:47.576  5347  5347 I LSPosed-Bridge: 	at com.google.android.gms.ads.nonagon.shim.d.g(:com.google.android.gms.policy_ads_fdr_dynamite@231710101@231710100057.526733554.526733554:2)

06-22 20:26:47.576  5347  5347 I LSPosed-Bridge: 	at com.google.android.gms.ads.internal.client.aw.bN(:com.google.android.gms.policy_ads_fdr_dynamite@231710101@231710100057.526733554.526733554:10)

06-22 20:26:47.576  5347  5347 I LSPosed-Bridge: 	at agb.onTransact(:com.google.android.gms.policy_ads_fdr_dynamite@231710101@231710100057.526733554.526733554:4)

06-22 20:26:47.576  5347  5347 I LSPosed-Bridge: 	at android.os.Binder.transact(Binder.java:667)

06-22 20:26:47.576  5347  5347 I LSPosed-Bridge: 	at com.google.android.gms.internal.ads.gZ.b(SourceFile:2)

06-22 20:26:47.576  5347  5347 I LSPosed-Bridge: 	at com.google.android.gms.internal.ads.Nga.a(SourceFile:3)

06-22 20:26:47.576  5347  5347 I LSPosed-Bridge: 	at com.google.android.gms.ads.c.a(SourceFile:1)

06-22 20:26:47.576  5347  5347 I LSPosed-Bridge: 	at com.google.android.gms.ads.c.a(SourceFile:3)

06-22 20:26:47.576  5347  5347 I LSPosed-Bridge: 	at com.zjsoft.admob.i.a(SourceFile:47)

06-22 20:26:47.576  5347  5347 I LSPosed-Bridge: 	at AJ.a(SourceFile:8)

06-22 20:26:47.576  5347  5347 I LSPosed-Bridge: 	at AJ.a(SourceFile:3)

06-22 20:26:47.576  5347  5347 I LSPosed-Bridge: 	at zJ.a(SourceFile:4)

06-22 20:26:47.576  5347  5347 I LSPosed-Bridge: 	at com.zjsoft.admob.h.onAdFailedToLoad(SourceFile:4)

06-22 20:26:47.576  5347  5347 I LSPosed-Bridge: 	at com.google.android.gms.internal.ads.hga.a(SourceFile:1)

06-22 20:26:47.576  5347  5347 I LSPosed-Bridge: 	at com.google.android.gms.internal.ads.Jga.a(SourceFile:7)

06-22 20:26:47.576  5347  5347 I LSPosed-Bridge: 	at com.google.android.gms.internal.ads.fZ.onTransact(SourceFile:3)

06-22 20:26:47.576  5347  5347 I LSPosed-Bridge: 	at android.os.Binder.transact(Binder.java:667)

06-22 20:26:47.576  5347  5347 I LSPosed-Bridge: 	at aga.ba(:com.google.android.gms.policy_ads_fdr_dynamite@231710101@231710100057.526733554.526733554:2)

06-22 20:26:47.576  5347  5347 I LSPosed-Bridge: 	at com.google.android.gms.ads.internal.client.ap.d(:com.google.android.gms.policy_ads_fdr_dynamite@231710101@231710100057.526733554.526733554:0)

06-22 20:26:47.576  5347  5347 I LSPosed-Bridge: 	at com.google.android.gms.ads.nonagon.shim.u.a(:com.google.android.gms.policy_ads_fdr_dynamite@231710101@231710100057.526733554.526733554:0)

06-22 20:26:47.576  5347  5347 I LSPosed-Bridge: 	at com.google.android.gms.ads.nonagon.slot.common.p.a(:com.google.android.gms.policy_ads_fdr_dynamite@231710101@231710100057.526733554.526733554:2)

06-22 20:26:47.576  5347  5347 I LSPosed-Bridge: 	at com.google.android.gms.ads.nonagon.shim.z.bn(:com.google.android.gms.policy_ads_fdr_dynamite@231710101@231710100057.526733554.526733554:2)

06-22 20:26:47.576  5347  5347 I LSPosed-Bridge: 	at com.google.android.gms.ads.nonagon.shim.listeners.a.bn(:com.google.android.gms.policy_ads_fdr_dynamite@231710101@231710100057.526733554.526733554:2)

06-22 20:26:47.576  5347  5347 I LSPosed-Bridge: 	at com.google.android.gms.ads.nonagon.shim.loaders.f.run(:com.google.android.gms.policy_ads_fdr_dynamite@231710101@231710100057.526733554.526733554:0)

06-22 20:26:47.576  5347  5347 I LSPosed-Bridge: 	at android.os.Handler.handleCallback(Handler.java:873)

06-22 20:26:47.576  5347  5347 I LSPosed-Bridge: 	at android.os.Handler.dispatchMessage(Handler.java:99)

06-22 20:26:47.576  5347  5347 I LSPosed-Bridge: 	at atm.a(:com.google.android.gms.policy_ads_fdr_dynamite@231710101@231710100057.526733554.526733554:0)

06-22 20:26:47.576  5347  5347 I LSPosed-Bridge: 	at com.google.android.gms.ads.internal.util.f.a(:com.google.android.gms.policy_ads_fdr_dynamite@231710101@231710100057.526733554.526733554:1)

06-22 20:26:47.576  5347  5347 I LSPosed-Bridge: 	at atm.dispatchMessage(:com.google.android.gms.policy_ads_fdr_dynamite@231710101@231710100057.526733554.526733554:0)

06-22 20:26:47.576  5347  5347 I LSPosed-Bridge: 	at androi

06-22 20:26:47.914  1575  2489 I LSPosed-Bridge: 5347 PermLabel 10124 AMS.checkPermission: Binder.getCallingPid() = 5347; uid = 10124; Binder.getCallingUid() = 10124; getNameForUid: loseweightapp.loseweightappforwomen.womenworkoutathome; getPackagesForUid: [loseweightapp.loseweightappforwomen.womenworkoutathome]; permName: android.permission.GET_TASKS; type = 0; res = -1; stacktrace=java.lang.Exception

06-22 20:26:47.914  1575  2489 I LSPosed-Bridge: 	at com.example.permlabel.requirePerm$1$2.afterHookedMethod(requirePerm.java:127)

06-22 20:26:47.914  1575  2489 I LSPosed-Bridge: 	at de.robv.android.xposed.XposedBridge$AdditionalHookInfo.callback(Unknown Source:147)

06-22 20:26:47.914  1575  2489 I LSPosed-Bridge: 	at LSPHooker_.checkPermission(Unknown Source:25)

06-22 20:26:47.914  1575  2489 I LSPosed-Bridge: 	at com.android.server.am.ActivityManagerService.isGetTasksAllowed(ActivityManagerService.java:10902)

06-22 20:26:47.914  1575  2489 I LSPosed-Bridge: 	at com.android.server.am.ActivityManagerService.getRunningAppProcesses(ActivityManagerService.java:16139)

06-22 20:26:47.914  1575  2489 I LSPosed-Bridge: 	at android.app.IActivityManager$Stub.onTransact(IActivityManager.java:1088)

06-22 20:26:47.914  1575  2489 I LSPosed-Bridge: 	at com.android.server.am.ActivityManagerService.onTransact(ActivityManagerService.java:3346)

06-22 20:26:47.914  1575  2489 I LSPosed-Bridge: 	at android.os.Binder.execTransact(Binder.java:731)

06-22 20:26:47.914  5347  5347 I LSPosed-Bridge: 5347 PermLabel 10124 ContextImpl.checkPermission: pid = 5347; uid = 10124; permName: com.google.android.gms.permission.AD_ID; type = 0; res = -1; stacktrace=java.lang.Exception

06-22 20:26:47.914  5347  5347 I LSPosed-Bridge: 	at com.example.permlabel.requestPerm$2.afterHookedMethod(requestPerm.java:212)

06-22 20:26:47.914  5347  5347 I LSPosed-Bridge: 	at de.robv.android.xposed.XposedBridge$AdditionalHookInfo.callback(Unknown Source:147)

06-22 20:26:47.914  5347  5347 I LSPosed-Bridge: 	at LSPHooker_.checkPermission(Unknown Source:25)

06-22 20:26:47.914  5347  5347 I LSPosed-Bridge: 	at android.content.ContextWrapper.checkPermission(ContextWrapper.java:738)

06-22 20:26:47.914  5347  5347 I LSPosed-Bridge: 	at com.google.android.gms.ads.nonagon.signals.a.b(:com.google.android.gms.policy_ads_fdr_dynamite@231710101@231710100057.526733554.526733554:3)

06-22 20:26:47.914  5347  5347 I LSPosed-Bridge: 	at com.google.android.gms.ads.nonagon.signals.fp.a(:com.google.android.gms.policy_ads_fdr_dynamite@231710101@231710100057.526733554.526733554:3)

06-22 20:26:47.914  5347  5347 I LSPosed-Bridge: 	at com.google.android.gms.ads.nonagon.ad.common.ci.a(:com.google.android.gms.policy_ads_fdr_dynamite@231710101@231710100057.526733554.526733554:0)

06-22 20:26:47.914  5347  5347 I LSPosed-Bridge: 	at com.google.android.gms.ads.nonagon.ad.common.ci.b(:com.google.android.gms.policy_ads_fdr_dynamite@231710101@231710100057.526733554.526733554:1)

06-22 20:26:47.914  5347  5347 I LSPosed-Bridge: 	at com.google.android.gms.ads.nonagon.ad.common.ai.d(:com.google.android.gms.policy_ads_fdr_dynamite@231710101@231710100057.526733554.526733554:29)

06-22 20:26:47.914  5347  5347 I LSPosed-Bridge: 	at com.google.android.gms.ads.nonagon.ad.common.ai.b(:com.google.android.gms.policy_ads_fdr_dynamite@231710101@231710100057.526733554.526733554:0)

06-22 20:26:47.914  5347  5347 I LSPosed-Bridge: 	at com.google.android.gms.ads.nonagon.shim.adapters.b.c(:com.google.android.gms.policy_ads_fdr_dynamite@231710101@231710100057.526733554.526733554:19)

06-22 20:26:47.914  5347  5347 I LSPosed-Bridge: 	at com.google.android.gms.ads.nonagon.shim.d.g(:com.google.android.gms.policy_ads_fdr_dynamite@231710101@231710100057.526733554.526733554:2)

06-22 20:26:47.914  5347  5347 I LSPosed-Bridge: 	at com.google.android.gms.ads.internal.client.aw.bN(:com.google.android.gms.policy_ads_fdr_dynamite@231710101@231710100057.526733554.526733554:10)

06-22 20:26:47.914  5347  5347 I LSPosed-Bridge: 	at agb.onTransact(:com.google.android.gms.policy_ads_fdr_dynamite@231710101@231710100057.526733554.526733554:4)

06-22 20:26:47.914  5347  5347 I LSPosed-Bridge: 	at android.os.Binder.transact(Binder.java:667)

06-22 20:26:47.914  5347  5347 I LSPosed-Bridge: 	at com.google.android.gms.internal.ads.gZ.b(SourceFile:2)

06-22 20:26:47.914  5347  5347 I LSPosed-Bridge: 	at com.google.android.gms.internal.ads.Nga.a(SourceFile:3)

06-22 20:26:47.914  5347  5347 I LSPosed-Bridge: 	at com.google.android.gms.ads.c.a(SourceFile:1)

06-22 20:26:47.914  5347  5347 I LSPosed-Bridge: 	at com.google.android.gms.ads.c.a(SourceFile:3)

06-22 20:26:47.914  5347  5347 I LSPosed-Bridge: 	at com.zjsoft.admob.i.a(SourceFile:47)

06-22 20:26:47.914  5347  5347 I LSPosed-Bridge: 	at AJ.a(SourceFile:8)

06-22 20:26:47.914  5347  5347 I LSPosed-Bridge: 	at AJ.a(SourceFile:3)

06-22 20:26:47.914  5347  5347 I LSPosed-Bridge: 	at zJ.a(SourceFile:4)

06-22 20:26:47.914  5347  5347 I LSPosed-Bridge: 	at com.zjsoft.admob.h.onAdFailedToLoad(SourceFile:4)

06-22 20:26:47.914  5347  5347 I LSPosed-Bridge: 	at com.google.android.gms.internal.ads.hga.a(SourceFile:1)

06-22 20:26:47.914  5347  5347 I LSPosed-Bridge: 	at com.google.android.gms.internal.ads.Jga.a(SourceFile:7)

06-22 20:26:47.914  5347  5347 I LSPosed-Bridge: 	at com.google.android.gms.internal.ads.fZ.onTransact(SourceFile:3)

06-22 20:26:47.914  5347  5347 I LSPosed-Bridge: 	at android.os.Binder.transact(Binder.java:667)

06-22 20:26:47.914  5347  5347 I LSPosed-Bridge: 	at aga.ba(:com.google.android.gms.policy_ads_fdr_dynamite@231710101@231710100057.526733554.526733554:2)

06-22 20:26:47.914  5347  5347 I LSPosed-Bridge: 	at com.google.android.gms.ads.internal.client.ap.d(:com.google.android.gms.policy_ads_fdr_dynamite@231710101@231710100057.526733554.526733554:0)

06-22 20:26:47.914  5347  5347 I LSPosed-Bridge: 	at com.google.android.gms.ads.nonagon.shim.u.a(:com.google.android.gms.policy_ads_fdr_dynamite@231710101@231710100057.526733554.526733554:0)

06-22 20:26:47.914  5347  5347 I LSPosed-Bridge: 	at com.google.android.gms.ads.nonagon.slot.common.p.a(:com.google.android.gms.policy_ads_fdr_dynamite@231710101@231710100057.526733554.526733554:2)

06-22 20:26:47.914  5347  5347 I LSPosed-Bridge: 	at com.google.android.gms.ads.nonagon.shim.z.bn(:com.google.android.gms.policy_ads_fdr_dynamite@231710101@231710100057.526733554.526733554:2)

06-22 20:26:47.914  5347  5347 I LSPosed-Bridge: 	at com.google.android.gms.ads.nonagon.shim.listeners.a.bn(:com.google.android.gms.policy_ads_fdr_dynamite@231710101@231710100057.526733554.526733554:2)

06-22 20:26:47.914  5347  5347 I LSPosed-Bridge: 	at com.google.android.gms.ads.nonagon.shim.loaders.f.run(:com.google.android.gms.policy_ads_fdr_dynamite@231710101@231710100057.526733554.526733554:0)

06-22 20:26:47.914  5347  5347 I LSPosed-Bridge: 	at android.os.Handler.handleCallback(Handler.java:873)

06-22 20:26:47.914  5347  5347 I LSPosed-Bridge: 	at android.os.Handler.dispatchMessage(Handler.java:99)

06-22 20:26:47.914  5347  5347 I LSPosed-Bridge: 	at atm.a(:com.google.android.gms.policy_ads_fdr_dynamite@231710101@231710100057.526733554.526733554:0)

06-22 20:26:47.914  5347  5347 I LSPosed-Bridge: 	at com.google.android.gms.ads.internal.util.f.a(:com.google.android.gms.policy_ads_fdr_dynamite@231710101@231710100057.526733554.526733554:1)

06-22 20:26:47.914  5347  5347 I LSPosed-Bridge: 	at atm.dispatchMessage(:com.google.android.gms.policy_ads_fdr_dynamite@231710101@231710100057.526733554.526733554:0)

06-22 20:26:47.914  5347  5347 I LSPosed-Bridge: 	at androi

06-22 20:26:54.193  1575  2489 I LSPosed-Bridge: 5347 PermLabel 10124 AMS.checkPermission: Binder.getCallingPid() = 5347; uid = 10124; Binder.getCallingUid() = 10124; getNameForUid: loseweightapp.loseweightappforwomen.womenworkoutathome; getPackagesForUid: [loseweightapp.loseweightappforwomen.womenworkoutathome]; permName: android.permission.GET_TASKS; type = 0; res = -1; stacktrace=java.lang.Exception

06-22 20:26:54.193  1575  2489 I LSPosed-Bridge: 	at com.example.permlabel.requirePerm$1$2.afterHookedMethod(requirePerm.java:127)

06-22 20:26:54.193  1575  2489 I LSPosed-Bridge: 	at de.robv.android.xposed.XposedBridge$AdditionalHookInfo.callback(Unknown Source:147)

06-22 20:26:54.193  1575  2489 I LSPosed-Bridge: 	at LSPHooker_.checkPermission(Unknown Source:25)

06-22 20:26:54.193  1575  2489 I LSPosed-Bridge: 	at com.android.server.am.ActivityManagerService.isGetTasksAllowed(ActivityManagerService.java:10902)

06-22 20:26:54.193  1575  2489 I LSPosed-Bridge: 	at com.android.server.am.ActivityManagerService.getRunningAppProcesses(ActivityManagerService.java:16139)

06-22 20:26:54.193  1575  2489 I LSPosed-Bridge: 	at android.app.IActivityManager$Stub.onTransact(IActivityManager.java:1088)

06-22 20:26:54.193  1575  2489 I LSPosed-Bridge: 	at com.android.server.am.ActivityManagerService.onTransact(ActivityManagerService.java:3346)

06-22 20:26:54.193  1575  2489 I LSPosed-Bridge: 	at android.os.Binder.execTransact(Binder.java:731)

06-22 20:26:54.859  1575  1856 I LSPosed-Bridge: 5347 PermLabel 10124 AMS.checkPermission: Binder.getCallingPid() = 5347; uid = 10124; Binder.getCallingUid() = 10124; getNameForUid: loseweightapp.loseweightappforwomen.womenworkoutathome; getPackagesForUid: [loseweightapp.loseweightappforwomen.womenworkoutathome]; permName: android.permission.GET_TASKS; type = 0; res = -1; stacktrace=java.lang.Exception

06-22 20:26:54.859  1575  1856 I LSPosed-Bridge: 	at com.example.permlabel.requirePerm$1$2.afterHookedMethod(requirePerm.java:127)

06-22 20:26:54.859  1575  1856 I LSPosed-Bridge: 	at de.robv.android.xposed.XposedBridge$AdditionalHookInfo.callback(Unknown Source:147)

06-22 20:26:54.859  1575  1856 I LSPosed-Bridge: 	at LSPHooker_.checkPermission(Unknown Source:25)

06-22 20:26:54.859  1575  1856 I LSPosed-Bridge: 	at com.android.server.am.ActivityManagerService.isGetTasksAllowed(ActivityManagerService.java:10902)

06-22 20:26:54.859  1575  1856 I LSPosed-Bridge: 	at com.android.server.am.ActivityManagerService.getRunningAppProcesses(ActivityManagerService.java:16139)

06-22 20:26:54.859  1575  1856 I LSPosed-Bridge: 	at android.app.IActivityManager$Stub.onTransact(IActivityManager.java:1088)

06-22 20:26:54.859  1575  1856 I LSPosed-Bridge: 	at com.android.server.am.ActivityManagerService.onTransact(ActivityManagerService.java:3346)

06-22 20:26:54.859  1575  1856 I LSPosed-Bridge: 	at android.os.Binder.execTransact(Binder.java:731)

06-22 20:26:55.337  1575  2489 I LSPosed-Bridge: 5347 PermLabel 10124 AMS.checkPermission: Binder.getCallingPid() = 5347; uid = 10124; Binder.getCallingUid() = 10124; getNameForUid: loseweightapp.loseweightappforwomen.womenworkoutathome; getPackagesForUid: [loseweightapp.loseweightappforwomen.womenworkoutathome]; permName: android.permission.GET_TASKS; type = 0; res = -1; stacktrace=java.lang.Exception

06-22 20:26:55.337  1575  2489 I LSPosed-Bridge: 	at com.example.permlabel.requirePerm$1$2.afterHookedMethod(requirePerm.java:127)

06-22 20:26:55.337  1575  2489 I LSPosed-Bridge: 	at de.robv.android.xposed.XposedBridge$AdditionalHookInfo.callback(Unknown Source:147)

06-22 20:26:55.337  1575  2489 I LSPosed-Bridge: 	at LSPHooker_.checkPermission(Unknown Source:25)

06-22 20:26:55.337  1575  2489 I LSPosed-Bridge: 	at com.android.server.am.ActivityManagerService.isGetTasksAllowed(ActivityManagerService.java:10902)

06-22 20:26:55.337  1575  2489 I LSPosed-Bridge: 	at com.android.server.am.ActivityManagerService.getRunningAppProcesses(ActivityManagerService.java:16139)

06-22 20:26:55.337  1575  2489 I LSPosed-Bridge: 	at android.app.IActivityManager$Stub.onTransact(IActivityManager.java:1088)

06-22 20:26:55.337  1575  2489 I LSPosed-Bridge: 	at com.android.server.am.ActivityManagerService.onTransact(ActivityManagerService.java:3346)

06-22 20:26:55.337  1575  2489 I LSPosed-Bridge: 	at android.os.Binder.execTransact(Binder.java:731)

06-22 20:27:54.216  1575  1588 I LSPosed-Bridge: 5347 PermLabel 10124 AMS.checkPermission: Binder.getCallingPid() = 5347; uid = 10124; Binder.getCallingUid() = 10124; getNameForUid: loseweightapp.loseweightappforwomen.womenworkoutathome; getPackagesForUid: [loseweightapp.loseweightappforwomen.womenworkoutathome]; permName: android.permission.GET_TASKS; type = 0; res = -1; stacktrace=java.lang.Exception

06-22 20:27:54.216  1575  1588 I LSPosed-Bridge: 	at com.example.permlabel.requirePerm$1$2.afterHookedMethod(requirePerm.java:127)

06-22 20:27:54.216  1575  1588 I LSPosed-Bridge: 	at de.robv.android.xposed.XposedBridge$AdditionalHookInfo.callback(Unknown Source:147)

06-22 20:27:54.216  1575  1588 I LSPosed-Bridge: 	at LSPHooker_.checkPermission(Unknown Source:25)

06-22 20:27:54.216  1575  1588 I LSPosed-Bridge: 	at com.android.server.am.ActivityManagerService.isGetTasksAllowed(ActivityManagerService.java:10902)

06-22 20:27:54.216  1575  1588 I LSPosed-Bridge: 	at com.android.server.am.ActivityManagerService.getRunningAppProcesses(ActivityManagerService.java:16139)

06-22 20:27:54.216  1575  1588 I LSPosed-Bridge: 	at android.app.IActivityManager$Stub.onTransact(IActivityManager.java:1088)

06-22 20:27:54.216  1575  1588 I LSPosed-Bridge: 	at com.android.server.am.ActivityManagerService.onTransact(ActivityManagerService.java:3346)

06-22 20:27:54.216  1575  1588 I LSPosed-Bridge: 	at android.os.Binder.execTransact(Binder.java:731)

06-22 20:27:54.814  1575  1588 I LSPosed-Bridge: 5347 PermLabel 10124 AMS.checkPermission: Binder.getCallingPid() = 5347; uid = 10124; Binder.getCallingUid() = 10124; getNameForUid: loseweightapp.loseweightappforwomen.womenworkoutathome; getPackagesForUid: [loseweightapp.loseweightappforwomen.womenworkoutathome]; permName: android.permission.GET_TASKS; type = 0; res = -1; stacktrace=java.lang.Exception

06-22 20:27:54.814  1575  1588 I LSPosed-Bridge: 	at com.example.permlabel.requirePerm$1$2.afterHookedMethod(requirePerm.java:127)

06-22 20:27:54.814  1575  1588 I LSPosed-Bridge: 	at de.robv.android.xposed.XposedBridge$AdditionalHookInfo.callback(Unknown Source:147)

06-22 20:27:54.814  1575  1588 I LSPosed-Bridge: 	at LSPHooker_.checkPermission(Unknown Source:25)

06-22 20:27:54.814  1575  1588 I LSPosed-Bridge: 	at com.android.server.am.ActivityManagerService.isGetTasksAllowed(ActivityManagerService.java:10902)

06-22 20:27:54.814  1575  1588 I LSPosed-Bridge: 	at com.android.server.am.ActivityManagerService.getRunningAppProcesses(ActivityManagerService.java:16139)

06-22 20:27:54.814  1575  1588 I LSPosed-Bridge: 	at android.app.IActivityManager$Stub.onTransact(IActivityManager.java:1088)

06-22 20:27:54.814  1575  1588 I LSPosed-Bridge: 	at com.android.server.am.ActivityManagerService.onTransact(ActivityManagerService.java:3346)

06-22 20:27:54.814  1575  1588 I LSPosed-Bridge: 	at android.os.Binder.execTransact(Binder.java:731)

06-22 20:27:55.249  1575  6478 I LSPosed-Bridge: 5347 PermLabel 10124 AMS.checkPermission: Binder.getCallingPid() = 5347; uid = 10124; Binder.getCallingUid() = 10124; getNameForUid: loseweightapp.loseweightappforwomen.womenworkoutathome; getPackagesForUid: [loseweightapp.loseweightappforwomen.womenworkoutathome]; permName: android.permission.GET_TASKS; type = 0; res = -1; stacktrace=java.lang.Exception

06-22 20:27:55.249  1575  6478 I LSPosed-Bridge: 	at com.example.permlabel.requirePerm$1$2.afterHookedMethod(requirePerm.java:127)

06-22 20:27:55.249  1575  6478 I LSPosed-Bridge: 	at de.robv.android.xposed.XposedBridge$AdditionalHookInfo.callback(Unknown Source:147)

06-22 20:27:55.249  1575  6478 I LSPosed-Bridge: 	at LSPHooker_.checkPermission(Unknown Source:25)

06-22 20:27:55.249  1575  6478 I LSPosed-Bridge: 	at com.android.server.am.ActivityManagerService.isGetTasksAllowed(ActivityManagerService.java:10902)

06-22 20:27:55.249  1575  6478 I LSPosed-Bridge: 	at com.android.server.am.ActivityManagerService.getRunningAppProcesses(ActivityManagerService.java:16139)

06-22 20:27:55.249  1575  6478 I LSPosed-Bridge: 	at android.app.IActivityManager$Stub.onTransact(IActivityManager.java:1088)

06-22 20:27:55.249  1575  6478 I LSPosed-Bridge: 	at com.android.server.am.ActivityManagerService.onTransact(ActivityManagerService.java:3346)

06-22 20:27:55.249  1575  6478 I LSPosed-Bridge: 	at android.os.Binder.execTransact(Binder.java:731)

06-22 20:28:05.285  1575  6355 I LSPosed-Bridge: 5347 PermLabel 10124 AMS.checkPermission: Binder.getCallingPid() = 5347; uid = 10124; Binder.getCallingUid() = 10124; getNameForUid: loseweightapp.loseweightappforwomen.womenworkoutathome; getPackagesForUid: [loseweightapp.loseweightappforwomen.womenworkoutathome]; permName: android.permission.GET_TASKS; type = 0; res = -1; stacktrace=java.lang.Exception

06-22 20:28:05.285  1575  6355 I LSPosed-Bridge: 	at com.example.permlabel.requirePerm$1$2.afterHookedMethod(requirePerm.java:127)

06-22 20:28:05.285  1575  6355 I LSPosed-Bridge: 	at de.robv.android.xposed.XposedBridge$AdditionalHookInfo.callback(Unknown Source:147)

06-22 20:28:05.285  1575  6355 I LSPosed-Bridge: 	at LSPHooker_.checkPermission(Unknown Source:25)

06-22 20:28:05.285  1575  6355 I LSPosed-Bridge: 	at com.android.server.am.ActivityManagerService.isGetTasksAllowed(ActivityManagerService.java:10902)

06-22 20:28:05.285  1575  6355 I LSPosed-Bridge: 	at com.android.server.am.ActivityManagerService.getRunningAppProcesses(ActivityManagerService.java:16139)

06-22 20:28:05.285  1575  6355 I LSPosed-Bridge: 	at android.app.IActivityManager$Stub.onTransact(IActivityManager.java:1088)

06-22 20:28:05.285  1575  6355 I LSPosed-Bridge: 	at com.android.server.am.ActivityManagerService.onTransact(ActivityManagerService.java:3346)

06-22 20:28:05.285  1575  6355 I LSPosed-Bridge: 	at android.os.Binder.execTransact(Binder.java:731)

06-22 20:28:05.759  1575  6355 I LSPosed-Bridge: 5347 PermLabel 10124 AMS.checkPermission: Binder.getCallingPid() = 5347; uid = 10124; Binder.getCallingUid() = 10124; getNameForUid: loseweightapp.loseweightappforwomen.womenworkoutathome; getPackagesForUid: [loseweightapp.loseweightappforwomen.womenworkoutathome]; permName: android.permission.GET_TASKS; type = 0; res = -1; stacktrace=java.lang.Exception

06-22 20:28:05.759  1575  6355 I LSPosed-Bridge: 	at com.example.permlabel.requirePerm$1$2.afterHookedMethod(requirePerm.java:127)

06-22 20:28:05.759  1575  6355 I LSPosed-Bridge: 	at de.robv.android.xposed.XposedBridge$AdditionalHookInfo.callback(Unknown Source:147)

06-22 20:28:05.759  1575  6355 I LSPosed-Bridge: 	at LSPHooker_.checkPermission(Unknown Source:25)

06-22 20:28:05.759  1575  6355 I LSPosed-Bridge: 	at com.android.server.am.ActivityManagerService.isGetTasksAllowed(ActivityManagerService.java:10902)

06-22 20:28:05.759  1575  6355 I LSPosed-Bridge: 	at com.android.server.am.ActivityManagerService.getRunningAppProcesses(ActivityManagerService.java:16139)

06-22 20:28:05.759  1575  6355 I LSPosed-Bridge: 	at android.app.IActivityManager$Stub.onTransact(IActivityManager.java:1088)

06-22 20:28:05.759  1575  6355 I LSPosed-Bridge: 	at com.android.server.am.ActivityManagerService.onTransact(ActivityManagerService.java:3346)

06-22 20:28:05.759  1575  6355 I LSPosed-Bridge: 	at android.os.Binder.execTransact(Binder.java:731)

06-22 20:28:05.759  5347 13336 I AudioManager: In isSpeakerphoneOn(), calling application: loseweightapp.loseweightappforwomen.womenworkoutathome

06-22 20:28:06.188  1575  1856 I LSPosed-Bridge: 5347 PermLabel 10124 AMS.checkPermission: Binder.getCallingPid() = 5347; uid = 10124; Binder.getCallingUid() = 10124; getNameForUid: loseweightapp.loseweightappforwomen.womenworkoutathome; getPackagesForUid: [loseweightapp.loseweightappforwomen.womenworkoutathome]; permName: android.permission.GET_TASKS; type = 0; res = -1; stacktrace=java.lang.Exception

06-22 20:28:06.188  1575  1856 I LSPosed-Bridge: 	at com.example.permlabel.requirePerm$1$2.afterHookedMethod(requirePerm.java:127)

06-22 20:28:06.188  1575  1856 I LSPosed-Bridge: 	at de.robv.android.xposed.XposedBridge$AdditionalHookInfo.callback(Unknown Source:147)

06-22 20:28:06.188  1575  1856 I LSPosed-Bridge: 	at LSPHooker_.checkPermission(Unknown Source:25)

06-22 20:28:06.188  1575  1856 I LSPosed-Bridge: 	at com.android.server.am.ActivityManagerService.isGetTasksAllowed(ActivityManagerService.java:10902)

06-22 20:28:06.188  1575  1856 I LSPosed-Bridge: 	at com.android.server.am.ActivityManagerService.getRunningAppProcesses(ActivityManagerService.java:16139)

06-22 20:28:06.188  1575  1856 I LSPosed-Bridge: 	at android.app.IActivityManager$Stub.onTransact(IActivityManager.java:1088)

06-22 20:28:06.188  1575  1856 I LSPosed-Bridge: 	at com.android.server.am.ActivityManagerService.onTransact(ActivityManagerService.java:3346)

06-22 20:28:06.188  1575  1856 I LSPosed-Bridge: 	at android.os.Binder.execTransact(Binder.java:731)

06-22 20:30:51.614  1575  2283 I LSPosed-Bridge: 5347 PermLabel 10124 AMS.checkPermission: Binder.getCallingPid() = 5347; uid = 10124; Binder.getCallingUid() = 10124; getNameForUid: loseweightapp.loseweightappforwomen.womenworkoutathome; getPackagesForUid: [loseweightapp.loseweightappforwomen.womenworkoutathome]; permName: android.permission.GET_TASKS; type = 0; res = -1; stacktrace=java.lang.Exception

06-22 20:30:51.614  1575  2283 I LSPosed-Bridge: 	at com.example.permlabel.requirePerm$1$2.afterHookedMethod(requirePerm.java:127)

06-22 20:30:51.614  1575  2283 I LSPosed-Bridge: 	at de.robv.android.xposed.XposedBridge$AdditionalHookInfo.callback(Unknown Source:147)

06-22 20:30:51.614  1575  2283 I LSPosed-Bridge: 	at LSPHooker_.checkPermission(Unknown Source:25)

06-22 20:30:51.614  1575  2283 I LSPosed-Bridge: 	at com.android.server.am.ActivityManagerService.isGetTasksAllowed(ActivityManagerService.java:10902)

06-22 20:30:51.614  1575  2283 I LSPosed-Bridge: 	at com.android.server.am.ActivityManagerService.getRunningAppProcesses(ActivityManagerService.java:16139)

06-22 20:30:51.614  1575  2283 I LSPosed-Bridge: 	at android.app.IActivityManager$Stub.onTransact(IActivityManager.java:1088)

06-22 20:30:51.614  1575  2283 I LSPosed-Bridge: 	at com.android.server.am.ActivityManagerService.onTransact(ActivityManagerService.java:3346)

06-22 20:30:51.614  1575  2283 I LSPosed-Bridge: 	at android.os.Binder.execTransact(Binder.java:731)

06-22 20:30:51.614  5347  5347 I LSPosed-Bridge: 5347 PermLabel 10124 ContextImpl.checkPermission: pid = 5347; uid = 10124; permName: com.google.android.gms.permission.AD_ID; type = 0; res = -1; stacktrace=java.lang.Exception

06-22 20:30:51.614  5347  5347 I LSPosed-Bridge: 	at com.example.permlabel.requestPerm$2.afterHookedMethod(requestPerm.java:212)

06-22 20:30:51.614  5347  5347 I LSPosed-Bridge: 	at de.robv.android.xposed.XposedBridge$AdditionalHookInfo.callback(Unknown Source:147)

06-22 20:30:51.614  5347  5347 I LSPosed-Bridge: 	at LSPHooker_.checkPermission(Unknown Source:25)

06-22 20:30:51.614  5347  5347 I LSPosed-Bridge: 	at android.content.ContextWrapper.checkPermission(ContextWrapper.java:738)

06-22 20:30:51.614  5347  5347 I LSPosed-Bridge: 	at com.google.android.gms.ads.nonagon.signals.a.b(:com.google.android.gms.policy_ads_fdr_dynamite@231710101@231710100057.526733554.526733554:3)

06-22 20:30:51.614  5347  5347 I LSPosed-Bridge: 	at com.google.android.gms.ads.nonagon.signals.fp.a(:com.google.android.gms.policy_ads_fdr_dynamite@231710101@231710100057.526733554.526733554:3)

06-22 20:30:51.614  5347  5347 I LSPosed-Bridge: 	at com.google.android.gms.ads.nonagon.ad.common.ci.a(:com.google.android.gms.policy_ads_fdr_dynamite@231710101@231710100057.526733554.526733554:0)

06-22 20:30:51.614  5347  5347 I LSPosed-Bridge: 	at com.google.android.gms.ads.nonagon.ad.common.ci.b(:com.google.android.gms.policy_ads_fdr_dynamite@231710101@231710100057.526733554.526733554:1)

06-22 20:30:51.614  5347  5347 I LSPosed-Bridge: 	at com.google.android.gms.ads.nonagon.ad.common.ai.d(:com.google.android.gms.policy_ads_fdr_dynamite@231710101@231710100057.526733554.526733554:29)

06-22 20:30:51.614  5347  5347 I LSPosed-Bridge: 	at com.google.android.gms.ads.nonagon.ad.common.ai.b(:com.google.android.gms.policy_ads_fdr_dynamite@231710101@231710100057.526733554.526733554:0)

06-22 20:30:51.614  5347  5347 I LSPosed-Bridge: 	at com.google.android.gms.ads.nonagon.shim.adapters.b.c(:com.google.android.gms.policy_ads_fdr_dynamite@231710101@231710100057.526733554.526733554:19)

06-22 20:30:51.614  5347  5347 I LSPosed-Bridge: 	at com.google.android.gms.ads.nonagon.shim.d.g(:com.google.android.gms.policy_ads_fdr_dynamite@231710101@231710100057.526733554.526733554:2)

06-22 20:30:51.614  5347  5347 I LSPosed-Bridge: 	at com.google.android.gms.ads.internal.client.aw.bN(:com.google.android.gms.policy_ads_fdr_dynamite@231710101@231710100057.526733554.526733554:10)

06-22 20:30:51.614  5347  5347 I LSPosed-Bridge: 	at agb.onTransact(:com.google.android.gms.policy_ads_fdr_dynamite@231710101@231710100057.526733554.526733554:4)

06-22 20:30:51.614  5347  5347 I LSPosed-Bridge: 	at android.os.Binder.transact(Binder.java:667)

06-22 20:30:51.614  5347  5347 I LSPosed-Bridge: 	at com.google.android.gms.internal.ads.gZ.b(SourceFile:2)

06-22 20:30:51.614  5347  5347 I LSPosed-Bridge: 	at com.google.android.gms.internal.ads.Nga.a(SourceFile:3)

06-22 20:30:51.614  5347  5347 I LSPosed-Bridge: 	at com.google.android.gms.ads.c.a(SourceFile:1)

06-22 20:30:51.614  5347  5347 I LSPosed-Bridge: 	at com.google.android.gms.ads.c.a(SourceFile:3)

06-22 20:30:51.614  5347  5347 I LSPosed-Bridge: 	at com.zjsoft.admob.m.a(SourceFile:50)

06-22 20:30:51.614  5347  5347 I LSPosed-Bridge: 	at FJ.a(SourceFile:8)

06-22 20:30:51.614  5347  5347 I LSPosed-Bridge: 	at FJ.a(SourceFile:2)

06-22 20:30:51.614  5347  5347 I LSPosed-Bridge: 	at EJ.a(SourceFile:3)

06-22 20:30:51.614  5347  5347 I LSPosed-Bridge: 	at KL.a(SourceFile:5)

06-22 20:30:51.614  5347  5347 I LSPosed-Bridge: 	at FJ.a(SourceFile:8)

06-22 20:30:51.614  5347  5347 I LSPosed-Bridge: 	at FJ.<init>(SourceFile:13)

06-22 20:30:51.614  5347  5347 I LSPosed-Bridge: 	at FJ.<init>(SourceFile:17)

06-22 20:30:51.614  5347  5347 I LSPosed-Bridge: 	at EG.b(SourceFile:16)

06-22 20:30:51.614  5347  5347 I LSPosed-Bridge: 	at loseweightapp.loseweightappforwomen.womenworkoutathome.activity.ea.run(SourceFile:3)

06-22 20:30:51.614  5347  5347 I LSPosed-Bridge: 	at android.os.Handler.handleCallback(Handler.java:873)

06-22 20:30:51.614  5347  5347 I LSPosed-Bridge: 	at android.os.Handler.dispatchMessage(Handler.java:99)

06-22 20:30:51.614  5347  5347 I LSPosed-Bridge: 	at android.os.Looper.loop(Looper.java:193)

06-22 20:30:51.614  5347  5347 I LSPosed-Bridge: 	at android.app.ActivityThread.main(ActivityThread.java:6692)

06-22 20:30:51.614  5347  5347 I LSPosed-Bridge: 	at java.lang.reflect.Method.invoke(Native Method)

06-22 20:30:51.614  5347  5347 I LSPosed-Bridge: 	at com.android.internal.os.RuntimeInit$MethodAndArgsCaller.run(RuntimeInit.java:493)

06-22 20:30:51.614  5347  5347 I LSPosed-Bridge: 	at com.android.internal.os.ZygoteInit.main(ZygoteInit.java:858)

06-22 20:30:51.653  1575  2489 I LSPosed-Bridge: 5347 PermLabel 10124 AMS.checkPermission: Binder.getCallingPid() = 5347; uid = 10124; Binder.getCallingUid() = 10124; getNameForUid: loseweightapp.loseweightappforwomen.womenworkoutathome; getPackagesForUid: [loseweightapp.loseweightappforwomen.womenworkoutathome]; permName: android.permission.GET_TASKS; type = 0; res = -1; stacktrace=java.lang.Exception

06-22 20:30:51.653  1575  2489 I LSPosed-Bridge: 	at com.example.permlabel.requirePerm$1$2.afterHookedMethod(requirePerm.java:127)

06-22 20:30:51.653  1575  2489 I LSPosed-Bridge: 	at de.robv.android.xposed.XposedBridge$AdditionalHookInfo.callback(Unknown Source:147)

06-22 20:30:51.653  1575  2489 I LSPosed-Bridge: 	at LSPHooker_.checkPermission(Unknown Source:25)

06-22 20:30:51.653  1575  2489 I LSPosed-Bridge: 	at com.android.server.am.ActivityManagerService.isGetTasksAllowed(ActivityManagerService.java:10902)

06-22 20:30:51.653  1575  2489 I LSPosed-Bridge: 	at com.android.server.am.ActivityManagerService.getRunningAppProcesses(ActivityManagerService.java:16139)

06-22 20:30:51.653  1575  2489 I LSPosed-Bridge: 	at android.app.IActivityManager$Stub.onTransact(IActivityManager.java:1088)

06-22 20:30:51.653  1575  2489 I LSPosed-Bridge: 	at com.android.server.am.ActivityManagerService.onTransact(ActivityManagerService.java:3346)

06-22 20:30:51.653  1575  2489 I LSPosed-Bridge: 	at android.os.Binder.execTransact(Binder.java:731)

06-22 20:30:52.090  1575  4236 I LSPosed-Bridge: 5347 PermLabel 10124 AMS.checkPermission: Binder.getCallingPid() = 5347; uid = 10124; Binder.getCallingUid() = 10124; getNameForUid: loseweightapp.loseweightappforwomen.womenworkoutathome; getPackagesForUid: [loseweightapp.loseweightappforwomen.womenworkoutathome]; permName: android.permission.GET_TASKS; type = 0; res = -1; stacktrace=java.lang.Exception

06-22 20:30:52.090  1575  4236 I LSPosed-Bridge: 	at com.example.permlabel.requirePerm$1$2.afterHookedMethod(requirePerm.java:127)

06-22 20:30:52.090  1575  4236 I LSPosed-Bridge: 	at de.robv.android.xposed.XposedBridge$AdditionalHookInfo.callback(Unknown Source:147)

06-22 20:30:52.090  1575  4236 I LSPosed-Bridge: 	at LSPHooker_.checkPermission(Unknown Source:25)

06-22 20:30:52.090  1575  4236 I LSPosed-Bridge: 	at com.android.server.am.ActivityManagerService.isGetTasksAllowed(ActivityManagerService.java:10902)

06-22 20:30:52.090  1575  4236 I LSPosed-Bridge: 	at com.android.server.am.ActivityManagerService.getRunningAppProcesses(ActivityManagerService.java:16139)

06-22 20:30:52.090  1575  4236 I LSPosed-Bridge: 	at android.app.IActivityManager$Stub.onTransact(IActivityManager.java:1088)

06-22 20:30:52.090  1575  4236 I LSPosed-Bridge: 	at com.android.server.am.ActivityManagerService.onTransact(ActivityManagerService.java:3346)

06-22 20:30:52.090  1575  4236 I LSPosed-Bridge: 	at android.os.Binder.execTransact(Binder.java:731)

06-22 20:30:52.430  1575  2283 I LSPosed-Bridge: 5347 PermLabel 10124 AMS.checkPermission: Binder.getCallingPid() = 5347; uid = 10124; Binder.getCallingUid() = 10124; getNameForUid: loseweightapp.loseweightappforwomen.womenworkoutathome; getPackagesForUid: [loseweightapp.loseweightappforwomen.womenworkoutathome]; permName: android.permission.GET_TASKS; type = 0; res = -1; stacktrace=java.lang.Exception

06-22 20:30:52.430  1575  2283 I LSPosed-Bridge: 	at com.example.permlabel.requirePerm$1$2.afterHookedMethod(requirePerm.java:127)

06-22 20:30:52.430  1575  2283 I LSPosed-Bridge: 	at de.robv.android.xposed.XposedBridge$AdditionalHookInfo.callback(Unknown Source:147)

06-22 20:30:52.430  1575  2283 I LSPosed-Bridge: 	at LSPHooker_.checkPermission(Unknown Source:25)

06-22 20:30:52.430  1575  2283 I LSPosed-Bridge: 	at com.android.server.am.ActivityManagerService.isGetTasksAllowed(ActivityManagerService.java:10902)

06-22 20:30:52.430  1575  2283 I LSPosed-Bridge: 	at com.android.server.am.ActivityManagerService.getRunningAppProcesses(ActivityManagerService.java:16139)

06-22 20:30:52.430  1575  2283 I LSPosed-Bridge: 	at android.app.IActivityManager$Stub.onTransact(IActivityManager.java:1088)

06-22 20:30:52.430  1575  2283 I LSPosed-Bridge: 	at com.android.server.am.ActivityManagerService.onTransact(ActivityManagerService.java:3346)

06-22 20:30:52.430  1575  2283 I LSPosed-Bridge: 	at android.os.Binder.execTransact(Binder.java:731)

06-22 20:30:52.942  1575  2489 I LSPosed-Bridge: 5347 PermLabel 10124 AMS.checkPermission: Binder.getCallingPid() = 5347; uid = 10124; Binder.getCallingUid() = 10124; getNameForUid: loseweightapp.loseweightappforwomen.womenworkoutathome; getPackagesForUid: [loseweightapp.loseweightappforwomen.womenworkoutathome]; permName: android.permission.GET_TASKS; type = 0; res = -1; stacktrace=java.lang.Exception

06-22 20:30:52.942  1575  2489 I LSPosed-Bridge: 	at com.example.permlabel.requirePerm$1$2.afterHookedMethod(requirePerm.java:127)

06-22 20:30:52.942  1575  2489 I LSPosed-Bridge: 	at de.robv.android.xposed.XposedBridge$AdditionalHookInfo.callback(Unknown Source:147)

06-22 20:30:52.942  1575  2489 I LSPosed-Bridge: 	at LSPHooker_.checkPermission(Unknown Source:25)

06-22 20:30:52.942  1575  2489 I LSPosed-Bridge: 	at com.android.server.am.ActivityManagerService.isGetTasksAllowed(ActivityManagerService.java:10902)

06-22 20:30:52.942  1575  2489 I LSPosed-Bridge: 	at com.android.server.am.ActivityManagerService.getRunningAppProcesses(ActivityManagerService.java:16139)

06-22 20:30:52.942  1575  2489 I LSPosed-Bridge: 	at android.app.IActivityManager$Stub.onTransact(IActivityManager.java:1088)

06-22 20:30:52.942  1575  2489 I LSPosed-Bridge: 	at com.android.server.am.ActivityManagerService.onTransact(ActivityManagerService.java:3346)

06-22 20:30:52.942  1575  2489 I LSPosed-Bridge: 	at android.os.Binder.execTransact(Binder.java:731)

06-22 20:31:02.767  1575  4350 I LSPosed-Bridge: 5347 PermLabel 10124 AMS.checkPermission: Binder.getCallingPid() = 5347; uid = 10124; Binder.getCallingUid() = 10124; getNameForUid: loseweightapp.loseweightappforwomen.womenworkoutathome; getPackagesForUid: [loseweightapp.loseweightappforwomen.womenworkoutathome]; permName: android.permission.GET_TASKS; type = 0; res = -1; stacktrace=java.lang.Exception

06-22 20:31:02.767  1575  4350 I LSPosed-Bridge: 	at com.example.permlabel.requirePerm$1$2.afterHookedMethod(requirePerm.java:127)

06-22 20:31:02.767  1575  4350 I LSPosed-Bridge: 	at de.robv.android.xposed.XposedBridge$AdditionalHookInfo.callback(Unknown Source:147)

06-22 20:31:02.767  1575  4350 I LSPosed-Bridge: 	at LSPHooker_.checkPermission(Unknown Source:25)

06-22 20:31:02.767  1575  4350 I LSPosed-Bridge: 	at com.android.server.am.ActivityManagerService.isGetTasksAllowed(ActivityManagerService.java:10902)

06-22 20:31:02.767  1575  4350 I LSPosed-Bridge: 	at com.android.server.am.ActivityManagerService.getRunningAppProcesses(ActivityManagerService.java:16139)

06-22 20:31:02.767  1575  4350 I LSPosed-Bridge: 	at android.app.IActivityManager$Stub.onTransact(IActivityManager.java:1088)

06-22 20:31:02.767  1575  4350 I LSPosed-Bridge: 	at com.android.server.am.ActivityManagerService.onTransact(ActivityManagerService.java:3346)

06-22 20:31:02.767  1575  4350 I LSPosed-Bridge: 	at android.os.Binder.execTransact(Binder.java:731)

06-22 20:31:02.767  5347  5347 I Ads     : Please set theme of AdActivity to @android:style/Theme.Translucent to enable transparent background interstitial ad.

06-22 20:31:03.177  5347  5347 I Ads     : Please set theme of AdActivity to @android:style/Theme.Translucent to enable transparent background interstitial ad.

06-22 20:31:03.177  1575  5572 I LSPosed-Bridge: 5347 PermLabel 10124 AMS.checkPermission: Binder.getCallingPid() = 5347; uid = 10124; Binder.getCallingUid() = 10124; getNameForUid: loseweightapp.loseweightappforwomen.womenworkoutathome; getPackagesForUid: [loseweightapp.loseweightappforwomen.womenworkoutathome]; permName: android.permission.GET_TASKS; type = 0; res = -1; stacktrace=java.lang.Exception

06-22 20:31:03.177  1575  5572 I LSPosed-Bridge: 	at com.example.permlabel.requirePerm$1$2.afterHookedMethod(requirePerm.java:127)

06-22 20:31:03.177  1575  5572 I LSPosed-Bridge: 	at de.robv.android.xposed.XposedBridge$AdditionalHookInfo.callback(Unknown Source:147)

06-22 20:31:03.177  1575  5572 I LSPosed-Bridge: 	at LSPHooker_.checkPermission(Unknown Source:25)

06-22 20:31:03.177  1575  5572 I LSPosed-Bridge: 	at com.android.server.am.ActivityManagerService.isGetTasksAllowed(ActivityManagerService.java:10902)

06-22 20:31:03.177  1575  5572 I LSPosed-Bridge: 	at com.android.server.am.ActivityManagerService.getRunningAppProcesses(ActivityManagerService.java:16139)

06-22 20:31:03.177  1575  5572 I LSPosed-Bridge: 	at android.app.IActivityManager$Stub.onTransact(IActivityManager.java:1088)

06-22 20:31:03.177  1575  5572 I LSPosed-Bridge: 	at com.android.server.am.ActivityManagerService.onTransact(ActivityManagerService.java:3346)

06-22 20:31:03.177  1575  5572 I LSPosed-Bridge: 	at android.os.Binder.execTransact(Binder.java:731)

06-22 20:31:03.670  5347 19116 I AudioManager: In isSpeakerphoneOn(), calling application: loseweightapp.loseweightappforwomen.womenworkoutathome

06-22 20:31:03.670  1575  2283 I AudioService: In isSpeakerphoneOn(), mForcedUseForCommExt: 0

06-22 20:31:03.670  1575  6484 I LSPosed-Bridge: 5347 PermLabel 10124 AMS.checkPermission: Binder.getCallingPid() = 5347; uid = 10124; Binder.getCallingUid() = 10124; getNameForUid: loseweightapp.loseweightappforwomen.womenworkoutathome; getPackagesForUid: [loseweightapp.loseweightappforwomen.womenworkoutathome]; permName: android.permission.GET_TASKS; type = 0; res = -1; stacktrace=java.lang.Exception

06-22 20:31:03.670  1575  6484 I LSPosed-Bridge: 	at com.example.permlabel.requirePerm$1$2.afterHookedMethod(requirePerm.java:127)

06-22 20:31:03.670  1575  6484 I LSPosed-Bridge: 	at de.robv.android.xposed.XposedBridge$AdditionalHookInfo.callback(Unknown Source:147)

