06-22 20:17:14.748  1575  6478 I LSPosed-Bridge: 	at android.app.IActivityManager$Stub.onTransact(IActivityManager.java:1088)

06-22 20:17:14.748  1575  6478 I LSPosed-Bridge: 	at com.android.server.am.ActivityManagerService.onTransact(ActivityManagerService.java:3346)

06-22 20:17:14.748  1575  6478 I LSPosed-Bridge: 	at android.os.Binder.execTransact(Binder.java:731)

06-22 20:17:14.748  1575  5572 I LSPosed-Bridge: 5347 PermLabel 10124 AMS.checkPermission: Binder.getCallingPid() = 5347; uid = 10124; Binder.getCallingUid() = 10124; getNameForUid: loseweightapp.loseweightappforwomen.womenworkoutathome; getPackagesForUid: [loseweightapp.loseweightappforwomen.womenworkoutathome]; permName: com.google.android.gms.permission.AD_ID; type = 0; res = -1; stacktrace=java.lang.Exception

06-22 20:17:14.748  1575  5572 I LSPosed-Bridge: 	at com.example.permlabel.requirePerm$1$2.afterHookedMethod(requirePerm.java:127)

06-22 20:17:14.748  1575  5572 I LSPosed-Bridge: 	at de.robv.android.xposed.XposedBridge$AdditionalHookInfo.callback(Unknown Source:147)

06-22 20:17:14.748  1575  5572 I LSPosed-Bridge: 	at LSPHooker_.checkPermission(Unknown Source:25)

06-22 20:17:14.748  1575  5572 I LSPosed-Bridge: 	at android.app.IActivityManager$Stub.onTransact(IActivityManager.java:664)

06-22 20:17:14.748  1575  5572 I LSPosed-Bridge: 	at com.android.server.am.ActivityManagerService.onTransact(ActivityManagerService.java:3346)

06-22 20:17:14.748  1575  5572 I LSPosed-Bridge: 	at android.os.Binder.execTransact(Binder.java:731)

06-22 20:17:15.408  1575  6484 I LSPosed-Bridge: 5347 PermLabel 10124 AMS.checkPermission: Binder.getCallingPid() = 5347; uid = 10124; Binder.getCallingUid() = 10124; getNameForUid: loseweightapp.loseweightappforwomen.womenworkoutathome; getPackagesForUid: [loseweightapp.loseweightappforwomen.womenworkoutathome]; permName: android.permission.GET_TASKS; type = 0; res = -1; stacktrace=java.lang.Exception

06-22 20:17:15.408  1575  6484 I LSPosed-Bridge: 	at com.example.permlabel.requirePerm$1$2.afterHookedMethod(requirePerm.java:127)

06-22 20:17:15.408  1575  6484 I LSPosed-Bridge: 	at de.robv.android.xposed.XposedBridge$AdditionalHookInfo.callback(Unknown Source:147)

06-22 20:17:15.408  1575  6484 I LSPosed-Bridge: 	at LSPHooker_.checkPermission(Unknown Source:25)

06-22 20:17:15.408  1575  6484 I LSPosed-Bridge: 	at com.android.server.am.ActivityManagerService.isGetTasksAllowed(ActivityManagerService.java:10902)

06-22 20:17:15.408  1575  6484 I LSPosed-Bridge: 	at com.android.server.am.ActivityManagerService.getRunningAppProcesses(ActivityManagerService.java:16139)

06-22 20:17:15.408  1575  6484 I LSPosed-Bridge: 	at android.app.IActivityManager$Stub.onTransact(IActivityManager.java:1088)

06-22 20:17:15.408  1575  6484 I LSPosed-Bridge: 	at com.android.server.am.ActivityManagerService.onTransact(ActivityManagerService.java:3346)

06-22 20:17:15.408  1575  6484 I LSPosed-Bridge: 	at android.os.Binder.execTransact(Binder.java:731)

06-22 20:17:15.828  1575  5572 I LSPosed-Bridge: 5347 PermLabel 10124 AMS.checkPermission: Binder.getCallingPid() = 5347; uid = 10124; Binder.getCallingUid() = 10124; getNameForUid: loseweightapp.loseweightappforwomen.womenworkoutathome; getPackagesForUid: [loseweightapp.loseweightappforwomen.womenworkoutathome]; permName: com.google.android.gms.permission.AD_ID; type = 0; res = -1; stacktrace=java.lang.Exception

06-22 20:17:15.828  1575  5572 I LSPosed-Bridge: 	at com.example.permlabel.requirePerm$1$2.afterHookedMethod(requirePerm.java:127)

06-22 20:17:15.828  1575  5572 I LSPosed-Bridge: 	at de.robv.android.xposed.XposedBridge$AdditionalHookInfo.callback(Unknown Source:147)

06-22 20:17:15.828  1575  5572 I LSPosed-Bridge: 	at LSPHooker_.checkPermission(Unknown Source:25)

06-22 20:17:15.828  1575  5572 I LSPosed-Bridge: 	at android.app.IActivityManager$Stub.onTransact(IActivityManager.java:664)

06-22 20:17:15.828  1575  5572 I LSPosed-Bridge: 	at com.android.server.am.ActivityManagerService.onTransact(ActivityManagerService.java:3346)

06-22 20:17:15.828  1575  5572 I LSPosed-Bridge: 	at android.os.Binder.execTransact(Binder.java:731)

06-22 20:17:15.828  1575  6478 I LSPosed-Bridge: 5347 PermLabel 10124 AMS.checkPermission: Binder.getCallingPid() = 5347; uid = 10124; Binder.getCallingUid() = 10124; getNameForUid: loseweightapp.loseweightappforwomen.womenworkoutathome; getPackagesForUid: [loseweightapp.loseweightappforwomen.womenworkoutathome]; permName: android.permission.GET_TASKS; type = 0; res = -1; stacktrace=java.lang.Exception

06-22 20:17:15.828  1575  6478 I LSPosed-Bridge: 	at com.example.permlabel.requirePerm$1$2.afterHookedMethod(requirePerm.java:127)

06-22 20:17:15.828  1575  6478 I LSPosed-Bridge: 	at de.robv.android.xposed.XposedBridge$AdditionalHookInfo.callback(Unknown Source:147)

06-22 20:17:15.828  1575  6478 I LSPosed-Bridge: 	at LSPHooker_.checkPermission(Unknown Source:25)

06-22 20:17:15.828  1575  6478 I LSPosed-Bridge: 	at com.android.server.am.ActivityManagerService.isGetTasksAllowed(ActivityManagerService.java:10902)

06-22 20:17:15.828  1575  6478 I LSPosed-Bridge: 	at com.android.server.am.ActivityManagerService.getRunningAppProcesses(ActivityManagerService.java:16139)

06-22 20:17:15.828  1575  6478 I LSPosed-Bridge: 	at android.app.IActivityManager$Stub.onTransact(IActivityManager.java:1088)

06-22 20:17:15.828  1575  6478 I LSPosed-Bridge: 	at com.android.server.am.ActivityManagerService.onTransact(ActivityManagerService.java:3346)

06-22 20:17:15.828  1575  6478 I LSPosed-Bridge: 	at android.os.Binder.execTransact(Binder.java:731)

06-22 20:17:33.320  1575  2489 I LSPosed-Bridge: 5347 PermLabel 10124 AMS.checkPermission: Binder.getCallingPid() = 5347; uid = 10124; Binder.getCallingUid() = 10124; getNameForUid: loseweightapp.loseweightappforwomen.womenworkoutathome; getPackagesForUid: [loseweightapp.loseweightappforwomen.womenworkoutathome]; permName: android.permission.GET_TASKS; type = 0; res = -1; stacktrace=java.lang.Exception

06-22 20:17:33.320  1575  2489 I LSPosed-Bridge: 	at com.example.permlabel.requirePerm$1$2.afterHookedMethod(requirePerm.java:127)

06-22 20:17:33.320  1575  2489 I LSPosed-Bridge: 	at de.robv.android.xposed.XposedBridge$AdditionalHookInfo.callback(Unknown Source:147)

06-22 20:17:33.320  1575  2489 I LSPosed-Bridge: 	at LSPHooker_.checkPermission(Unknown Source:25)

06-22 20:17:33.320  1575  2489 I LSPosed-Bridge: 	at com.android.server.am.ActivityManagerService.isGetTasksAllowed(ActivityManagerService.java:10902)

06-22 20:17:33.320  1575  2489 I LSPosed-Bridge: 	at com.android.server.am.ActivityManagerService.getRunningAppProcesses(ActivityManagerService.java:16139)

06-22 20:17:33.320  1575  2489 I LSPosed-Bridge: 	at android.app.IActivityManager$Stub.onTransact(IActivityManager.java:1088)

06-22 20:17:33.320  1575  2489 I LSPosed-Bridge: 	at com.android.server.am.ActivityManagerService.onTransact(ActivityManagerService.java:3346)

06-22 20:17:33.320  1575  2489 I LSPosed-Bridge: 	at android.os.Binder.execTransact(Binder.java:731)

06-22 20:17:33.879  1575  6484 I LSPosed-Bridge: 5347 PermLabel 10124 AMS.checkPermission: Binder.getCallingPid() = 5347; uid = 10124; Binder.getCallingUid() = 10124; getNameForUid: loseweightapp.loseweightappforwomen.womenworkoutathome; getPackagesForUid: [loseweightapp.loseweightappforwomen.womenworkoutathome]; permName: android.permission.GET_TASKS; type = 0; res = -1; stacktrace=java.lang.Exception

06-22 20:17:33.879  1575  6484 I LSPosed-Bridge: 	at com.example.permlabel.requirePerm$1$2.afterHookedMethod(requirePerm.java:127)

06-22 20:17:33.879  1575  6484 I LSPosed-Bridge: 	at de.robv.android.xposed.XposedBridge$AdditionalHookInfo.callback(Unknown Source:147)

06-22 20:17:33.879  1575  6484 I LSPosed-Bridge: 	at LSPHooker_.checkPermission(Unknown Source:25)

06-22 20:17:33.879  1575  6484 I LSPosed-Bridge: 	at com.android.server.am.ActivityManagerService.isGetTasksAllowed(ActivityManagerService.java:10902)

06-22 20:17:33.879  1575  6484 I LSPosed-Bridge: 	at com.android.server.am.ActivityManagerService.getRunningAppProcesses(ActivityManagerService.java:16139)

06-22 20:17:33.879  1575  6484 I LSPosed-Bridge: 	at android.app.IActivityManager$Stub.onTransact(IActivityManager.java:1088)

06-22 20:17:33.879  1575  6484 I LSPosed-Bridge: 	at com.android.server.am.ActivityManagerService.onTransact(ActivityManagerService.java:3346)

06-22 20:17:33.879  1575  6484 I LSPosed-Bridge: 	at android.os.Binder.execTransact(Binder.java:731)

06-22 20:17:34.369  1575  6355 I LSPosed-Bridge: 5347 PermLabel 10124 AMS.checkPermission: Binder.getCallingPid() = 5347; uid = 10124; Binder.getCallingUid() = 10124; getNameForUid: loseweightapp.loseweightappforwomen.womenworkoutathome; getPackagesForUid: [loseweightapp.loseweightappforwomen.womenworkoutathome]; permName: android.permission.GET_TASKS; type = 0; res = -1; stacktrace=java.lang.Exception

06-22 20:17:34.369  1575  6355 I LSPosed-Bridge: 	at com.example.permlabel.requirePerm$1$2.afterHookedMethod(requirePerm.java:127)

06-22 20:17:34.369  1575  6355 I LSPosed-Bridge: 	at de.robv.android.xposed.XposedBridge$AdditionalHookInfo.callback(Unknown Source:147)

06-22 20:17:34.369  1575  6355 I LSPosed-Bridge: 	at LSPHooker_.checkPermission(Unknown Source:25)

06-22 20:17:34.369  1575  6355 I LSPosed-Bridge: 	at com.android.server.am.ActivityManagerService.isGetTasksAllowed(ActivityManagerService.java:10902)

06-22 20:17:34.369  1575  6355 I LSPosed-Bridge: 	at com.android.server.am.ActivityManagerService.getRunningAppProcesses(ActivityManagerService.java:16139)

06-22 20:17:34.369  1575  6355 I LSPosed-Bridge: 	at android.app.IActivityManager$Stub.onTransact(IActivityManager.java:1088)

06-22 20:17:34.369  1575  6355 I LSPosed-Bridge: 	at com.android.server.am.ActivityManagerService.onTransact(ActivityManagerService.java:3346)

06-22 20:17:34.369  1575  6355 I LSPosed-Bridge: 	at android.os.Binder.execTransact(Binder.java:731)

06-22 20:17:40.650  1575  6355 I LSPosed-Bridge: 5347 PermLabel 10124 AMS.checkPermission: Binder.getCallingPid() = 5347; uid = 10124; Binder.getCallingUid() = 10124; getNameForUid: loseweightapp.loseweightappforwomen.womenworkoutathome; getPackagesForUid: [loseweightapp.loseweightappforwomen.womenworkoutathome]; permName: android.permission.GET_TASKS; type = 0; res = -1; stacktrace=java.lang.Exception

06-22 20:17:40.650  1575  6355 I LSPosed-Bridge: 	at com.example.permlabel.requirePerm$1$2.afterHookedMethod(requirePerm.java:127)

06-22 20:17:40.650  1575  6355 I LSPosed-Bridge: 	at de.robv.android.xposed.XposedBridge$AdditionalHookInfo.callback(Unknown Source:147)

06-22 20:17:40.650  1575  6355 I LSPosed-Bridge: 	at LSPHooker_.checkPermission(Unknown Source:25)

06-22 20:17:40.650  1575  6355 I LSPosed-Bridge: 	at com.android.server.am.ActivityManagerService.isGetTasksAllowed(ActivityManagerService.java:10902)

06-22 20:17:40.650  1575  6355 I LSPosed-Bridge: 	at com.android.server.am.ActivityManagerService.getRunningAppProcesses(ActivityManagerService.java:16139)

06-22 20:17:40.650  1575  6355 I LSPosed-Bridge: 	at android.app.IActivityManager$Stub.onTransact(IActivityManager.java:1088)

06-22 20:17:40.650  1575  6355 I LSPosed-Bridge: 	at com.android.server.am.ActivityManagerService.onTransact(ActivityManagerService.java:3346)

06-22 20:17:40.650  1575  6355 I LSPosed-Bridge: 	at android.os.Binder.execTransact(Binder.java:731)

06-22 20:17:40.650  5347  5347 I LSPosed-Bridge: 5347 PermLabel 10124 ContextImpl.checkPermission: pid = 5347; uid = 10124; permName: com.google.android.gms.permission.AD_ID; type = 0; res = -1; stacktrace=java.lang.Exception

06-22 20:17:40.650  5347  5347 I LSPosed-Bridge: 	at com.example.permlabel.requestPerm$2.afterHookedMethod(requestPerm.java:212)

06-22 20:17:40.650  5347  5347 I LSPosed-Bridge: 	at de.robv.android.xposed.XposedBridge$AdditionalHookInfo.callback(Unknown Source:147)

06-22 20:17:40.650  5347  5347 I LSPosed-Bridge: 	at LSPHooker_.checkPermission(Unknown Source:25)

06-22 20:17:40.650  5347  5347 I LSPosed-Bridge: 	at android.content.ContextWrapper.checkPermission(ContextWrapper.java:738)

06-22 20:17:40.650  5347  5347 I LSPosed-Bridge: 	at com.google.android.gms.ads.nonagon.signals.a.b(:com.google.android.gms.policy_ads_fdr_dynamite@231710101@231710100057.526733554.526733554:3)

06-22 20:17:40.650  5347  5347 I LSPosed-Bridge: 	at com.google.android.gms.ads.nonagon.signals.fp.a(:com.google.android.gms.policy_ads_fdr_dynamite@231710101@231710100057.526733554.526733554:3)

06-22 20:17:40.650  5347  5347 I LSPosed-Bridge: 	at com.google.android.gms.ads.nonagon.ad.common.ci.a(:com.google.android.gms.policy_ads_fdr_dynamite@231710101@231710100057.526733554.526733554:0)

06-22 20:17:40.650  5347  5347 I LSPosed-Bridge: 	at com.google.android.gms.ads.nonagon.ad.common.ci.b(:com.google.android.gms.policy_ads_fdr_dynamite@231710101@231710100057.526733554.526733554:1)

06-22 20:17:40.650  5347  5347 I LSPosed-Bridge: 	at com.google.android.gms.ads.nonagon.ad.common.ai.d(:com.google.android.gms.policy_ads_fdr_dynamite@231710101@231710100057.526733554.526733554:29)

06-22 20:17:40.650  5347  5347 I LSPosed-Bridge: 	at com.google.android.gms.ads.nonagon.ad.common.ai.b(:com.google.android.gms.policy_ads_fdr_dynamite@231710101@231710100057.526733554.526733554:0)

06-22 20:17:40.650  5347  5347 I LSPosed-Bridge: 	at com.google.android.gms.ads.nonagon.shim.adapters.b.c(:com.google.android.gms.policy_ads_fdr_dynamite@231710101@231710100057.526733554.526733554:19)

06-22 20:17:40.650  5347  5347 I LSPosed-Bridge: 	at com.google.android.gms.ads.nonagon.shim.d.g(:com.google.android.gms.policy_ads_fdr_dynamite@231710101@231710100057.526733554.526733554:2)

06-22 20:17:40.650  5347  5347 I LSPosed-Bridge: 	at com.google.android.gms.ads.internal.client.aw.bN(:com.google.android.gms.policy_ads_fdr_dynamite@231710101@231710100057.526733554.526733554:10)

06-22 20:17:40.650  5347  5347 I LSPosed-Bridge: 	at agb.onTransact(:com.google.android.gms.policy_ads_fdr_dynamite@231710101@231710100057.526733554.526733554:4)

06-22 20:17:40.650  5347  5347 I LSPosed-Bridge: 	at android.os.Binder.transact(Binder.java:667)

06-22 20:17:40.650  5347  5347 I LSPosed-Bridge: 	at com.google.android.gms.internal.ads.gZ.b(SourceFile:2)

06-22 20:17:40.650  5347  5347 I LSPosed-Bridge: 	at com.google.android.gms.internal.ads.Nga.a(SourceFile:3)

06-22 20:17:40.650  5347  5347 I LSPosed-Bridge: 	at com.google.android.gms.ads.c.a(SourceFile:1)

06-22 20:17:40.650  5347  5347 I LSPosed-Bridge: 	at com.google.android.gms.ads.c.a(SourceFile:3)

06-22 20:17:40.650  5347  5347 I LSPosed-Bridge: 	at com.zjsoft.admob.i.a(SourceFile:47)

06-22 20:17:40.650  5347  5347 I LSPosed-Bridge: 	at AJ.a(SourceFile:8)

06-22 20:17:40.650  5347  5347 I LSPosed-Bridge: 	at AJ.a(SourceFile:3)

06-22 20:17:40.650  5347  5347 I LSPosed-Bridge: 	at zJ.a(SourceFile:4)

06-22 20:17:40.650  5347  5347 I LSPosed-Bridge: 	at GL.a(SourceFile:5)

06-22 20:17:40.650  5347  5347 I LSPosed-Bridge: 	at AJ.a(SourceFile:8)

06-22 20:17:40.650  5347  5347 I LSPosed-Bridge: 	at AJ.<init>(SourceFile:13)

06-22 20:17:40.650  5347  5347 I LSPosed-Bridge: 	at AJ.<init>(SourceFile:17)

06-22 20:17:40.650  5347  5347 I LSPosed-Bridge: 	at com.zjlib.thirtydaylib.base.BaseActivity.x(SourceFile:8)

06-22 20:17:40.650  5347  5347 I LSPosed-Bridge: 	at com.zjlib.thirtydaylib.base.BaseActivity.onResume(SourceFile:1)

06-22 20:17:40.650  5347  5347 I LSPosed-Bridge: 	at loseweightapp.loseweightappforwomen.womenworkoutathome.activity.LWActionIntroActivity.onResume(SourceFile:1)

06-22 20:17:40.650  5347  5347 I LSPosed-Bridge: 	at android.app.Instrumentation.callActivityOnResume(Instrumentation.java:1413)

06-22 20:17:40.650  5347  5347 I LSPosed-Bridge: 	at android.app.Activity.performResume(Activity.java:7292)

06-22 20:17:40.650  5347  5347 I LSPosed-Bridge: 	at android.app.ActivityThread.performResumeActivity(ActivityThread.java:3777)

06-22 20:17:40.650  5347  5347 I LSPosed-Bridge: 	at android.app.ActivityThread.handleResumeActivity(ActivityThread.java:3817)

06-22 20:17:40.650  5347  5347 I LSPosed-Bridge: 	at android.app.servertransaction.ResumeActivityItem.execute(ResumeActivityItem.java:51)

06-22 20:17:40.650  5347  5347 I LSPosed-Bridge: 	at android.app.servertransaction.TransactionExecutor.executeLifecycleState(TransactionExecutor.java:145)

06-22 20:17:40.650  5347  5347 I LSPosed-Bridge: 	at android.app.servertransaction.TransactionExecutor.execute(TransactionExecutor.java:70)

06-22 20:17:40.650  5347  5347 I LSPosed-Bridge: 	at android.app.ActivityThread$H.handleMessage(ActivityThread.java:1809)

06-22 20:17:40.650  5347  5347 I LSPosed-Bridge: 	at android.os.Handler.dispatchMessage(Handler.java:106)

06-22 20:17:40.650  5347  5347 I LSPosed-Bridge: 	at android.os.Looper.loop(Looper.java:193)

06-22 20:17:40.650  5347  5347 I LSPosed-Bridge: 	at android.app.ActivityThread.main(ActivityThread.java:6692)

06-22 20:17:40.650  5347  5347 I LSPosed-Bridge: 	at java.lang.reflect.Method.invoke(Native Method)

06-22 20:17:40.650  5347  5347 I LSPosed-Bridge: 	at com.android.internal.os.RuntimeInit$MethodAndArgsCaller.run(RuntimeInit.java:493)

06-22 20:17:40.650  5347  5347 I LSPosed-Bridge: 	at com.android.internal.os.ZygoteInit.main(ZygoteInit.java:858)

06-22 20:17:41.157  5347  5347 I Ads     : Please set theme of AdActivity to @android:style/Theme.Translucent to enable transparent background interstitial ad.

06-22 20:17:41.157  1575  1856 I LSPosed-Bridge: 5347 PermLabel 10124 AMS.checkPermission: Binder.getCallingPid() = 5347; uid = 10124; Binder.getCallingUid() = 10124; getNameForUid: loseweightapp.loseweightappforwomen.womenworkoutathome; getPackagesForUid: [loseweightapp.loseweightappforwomen.womenworkoutathome]; permName: android.permission.GET_TASKS; type = 0; res = -1; stacktrace=java.lang.Exception

06-22 20:17:41.157  1575  1856 I LSPosed-Bridge: 	at com.example.permlabel.requirePerm$1$2.afterHookedMethod(requirePerm.java:127)

06-22 20:17:41.157  1575  1856 I LSPosed-Bridge: 	at de.robv.android.xposed.XposedBridge$AdditionalHookInfo.callback(Unknown Source:147)

06-22 20:17:41.157  1575  1856 I LSPosed-Bridge: 	at LSPHooker_.checkPermission(Unknown Source:25)

06-22 20:17:41.157  1575  1856 I LSPosed-Bridge: 	at com.android.server.am.ActivityManagerService.isGetTasksAllowed(ActivityManagerService.java:10902)

06-22 20:17:41.157  1575  1856 I LSPosed-Bridge: 	at com.android.server.am.ActivityManagerService.getRunningAppProcesses(ActivityManagerService.java:16139)

06-22 20:17:41.157  1575  1856 I LSPosed-Bridge: 	at android.app.IActivityManager$Stub.onTransact(IActivityManager.java:1088)

06-22 20:17:41.157  1575  1856 I LSPosed-Bridge: 	at com.android.server.am.ActivityManagerService.onTransact(ActivityManagerService.java:3346)

06-22 20:17:41.157  1575  1856 I LSPosed-Bridge: 	at android.os.Binder.execTransact(Binder.java:731)

06-22 20:17:41.716  1575  6478 I AudioService: In isSpeakerphoneOn(), mForcedUseForCommExt: 0

06-22 20:17:41.716  1575  1856 I LSPosed-Bridge: 5347 PermLabel 10124 AMS.checkPermission: Binder.getCallingPid() = 5347; uid = 10124; Binder.getCallingUid() = 10124; getNameForUid: loseweightapp.loseweightappforwomen.womenworkoutathome; getPackagesForUid: [loseweightapp.loseweightappforwomen.womenworkoutathome]; permName: android.permission.GET_TASKS; type = 0; res = -1; stacktrace=java.lang.Exception

06-22 20:17:41.716  1575  1856 I LSPosed-Bridge: 	at com.example.permlabel.requirePerm$1$2.afterHookedMethod(requirePerm.java:127)

06-22 20:17:41.716  1575  1856 I LSPosed-Bridge: 	at de.robv.android.xposed.XposedBridge$AdditionalHookInfo.callback(Unknown Source:147)

06-22 20:17:41.716  1575  1856 I LSPosed-Bridge: 	at LSPHooker_.checkPermission(Unknown Source:25)

06-22 20:17:41.716  1575  1856 I LSPosed-Bridge: 	at com.android.server.am.ActivityManagerService.isGetTasksAllowed(ActivityManagerService.java:10902)

06-22 20:17:41.716  1575  1856 I LSPosed-Bridge: 	at com.android.server.am.ActivityManagerService.getRunningAppProcesses(ActivityManagerService.java:16139)

06-22 20:17:41.716  1575  1856 I LSPosed-Bridge: 	at android.app.IActivityManager$Stub.onTransact(IActivityManager.java:1088)

06-22 20:17:41.716  1575  1856 I LSPosed-Bridge: 	at com.android.server.am.ActivityManagerService.onTransact(ActivityManagerService.java:3346)

06-22 20:17:41.716  1575  1856 I LSPosed-Bridge: 	at android.os.Binder.execTransact(Binder.java:731)

06-22 20:17:47.995  1575  6355 I LSPosed-Bridge: 5347 PermLabel 10124 AMS.checkPermission: Binder.getCallingPid() = 5347; uid = 10124; Binder.getCallingUid() = 10124; getNameForUid: loseweightapp.loseweightappforwomen.womenworkoutathome; getPackagesForUid: [loseweightapp.loseweightappforwomen.womenworkoutathome]; permName: android.permission.GET_TASKS; type = 0; res = -1; stacktrace=java.lang.Exception

06-22 20:17:47.995  1575  6355 I LSPosed-Bridge: 	at com.example.permlabel.requirePerm$1$2.afterHookedMethod(requirePerm.java:127)

06-22 20:17:47.995  1575  6355 I LSPosed-Bridge: 	at de.robv.android.xposed.XposedBridge$AdditionalHookInfo.callback(Unknown Source:147)

06-22 20:17:47.995  1575  6355 I LSPosed-Bridge: 	at LSPHooker_.checkPermission(Unknown Source:25)

06-22 20:17:47.995  1575  6355 I LSPosed-Bridge: 	at com.android.server.am.ActivityManagerService.isGetTasksAllowed(ActivityManagerService.java:10902)

06-22 20:17:47.995  1575  6355 I LSPosed-Bridge: 	at com.android.server.am.ActivityManagerService.getRunningAppProcesses(ActivityManagerService.java:16139)

06-22 20:17:47.995  1575  6355 I LSPosed-Bridge: 	at android.app.IActivityManager$Stub.onTransact(IActivityManager.java:1088)

06-22 20:17:47.995  1575  6355 I LSPosed-Bridge: 	at com.android.server.am.ActivityManagerService.onTransact(ActivityManagerService.java:3346)

06-22 20:17:47.995  1575  6355 I LSPosed-Bridge: 	at android.os.Binder.execTransact(Binder.java:731)

06-22 20:17:47.995  5347  5347 I LSPosed-Bridge: 5347 PermLabel 10124 ContextImpl.checkPermission: pid = 5347; uid = 10124; permName: com.google.android.gms.permission.AD_ID; type = 0; res = -1; stacktrace=java.lang.Exception

06-22 20:17:47.995  5347  5347 I LSPosed-Bridge: 	at com.example.permlabel.requestPerm$2.afterHookedMethod(requestPerm.java:212)

06-22 20:17:47.995  5347  5347 I LSPosed-Bridge: 	at de.robv.android.xposed.XposedBridge$AdditionalHookInfo.callback(Unknown Source:147)

06-22 20:17:47.995  5347  5347 I LSPosed-Bridge: 	at LSPHooker_.checkPermission(Unknown Source:25)

06-22 20:17:47.995  5347  5347 I LSPosed-Bridge: 	at android.content.ContextWrapper.checkPermission(ContextWrapper.java:738)

06-22 20:17:47.995  5347  5347 I LSPosed-Bridge: 	at com.google.android.gms.ads.nonagon.signals.a.b(:com.google.android.gms.policy_ads_fdr_dynamite@231710101@231710100057.526733554.526733554:3)

06-22 20:17:47.995  5347  5347 I LSPosed-Bridge: 	at com.google.android.gms.ads.nonagon.signals.fp.a(:com.google.android.gms.policy_ads_fdr_dynamite@231710101@231710100057.526733554.526733554:3)

06-22 20:17:47.995  5347  5347 I LSPosed-Bridge: 	at com.google.android.gms.ads.nonagon.ad.common.ci.a(:com.google.android.gms.policy_ads_fdr_dynamite@231710101@231710100057.526733554.526733554:0)

06-22 20:17:47.995  5347  5347 I LSPosed-Bridge: 	at com.google.android.gms.ads.nonagon.ad.common.ci.b(:com.google.android.gms.policy_ads_fdr_dynamite@231710101@231710100057.526733554.526733554:1)

06-22 20:17:47.995  5347  5347 I LSPosed-Bridge: 	at com.google.android.gms.ads.nonagon.ad.common.ai.d(:com.google.android.gms.policy_ads_fdr_dynamite@231710101@231710100057.526733554.526733554:29)

06-22 20:17:47.995  5347  5347 I LSPosed-Bridge: 	at com.google.android.gms.ads.nonagon.ad.common.ai.b(:com.google.android.gms.policy_ads_fdr_dynamite@231710101@231710100057.526733554.526733554:0)

06-22 20:17:47.995  5347  5347 I LSPosed-Bridge: 	at com.google.android.gms.ads.nonagon.shim.adapters.b.c(:com.google.android.gms.policy_ads_fdr_dynamite@231710101@231710100057.526733554.526733554:19)

06-22 20:17:47.995  5347  5347 I LSPosed-Bridge: 	at com.google.android.gms.ads.nonagon.shim.d.g(:com.google.android.gms.policy_ads_fdr_dynamite@231710101@231710100057.526733554.526733554:2)

06-22 20:17:47.995  5347  5347 I LSPosed-Bridge: 	at com.google.android.gms.ads.internal.client.aw.bN(:com.google.android.gms.policy_ads_fdr_dynamite@231710101@231710100057.526733554.526733554:10)

06-22 20:17:47.995  5347  5347 I LSPosed-Bridge: 	at agb.onTransact(:com.google.android.gms.policy_ads_fdr_dynamite@231710101@231710100057.526733554.526733554:4)

06-22 20:17:47.995  5347  5347 I LSPosed-Bridge: 	at android.os.Binder.transact(Binder.java:667)

06-22 20:17:47.995  5347  5347 I LSPosed-Bridge: 	at com.google.android.gms.internal.ads.gZ.b(SourceFile:2)

06-22 20:17:47.995  5347  5347 I LSPosed-Bridge: 	at com.google.android.gms.internal.ads.Nga.a(SourceFile:3)

06-22 20:17:47.995  5347  5347 I LSPosed-Bridge: 	at com.google.android.gms.ads.c.a(SourceFile:1)

06-22 20:17:47.995  5347  5347 I LSPosed-Bridge: 	at com.google.android.gms.ads.c.a(SourceFile:3)

06-22 20:17:47.995  5347  5347 I LSPosed-Bridge: 	at com.zjsoft.admob.i.a(SourceFile:47)

06-22 20:17:47.995  5347  5347 I LSPosed-Bridge: 	at AJ.a(SourceFile:8)

06-22 20:17:47.995  5347  5347 I LSPosed-Bridge: 	at AJ.a(SourceFile:3)

06-22 20:17:47.995  5347  5347 I LSPosed-Bridge: 	at zJ.a(SourceFile:4)

06-22 20:17:47.995  5347  5347 I LSPosed-Bridge: 	at GL.a(SourceFile:5)

06-22 20:17:47.995  5347  5347 I LSPosed-Bridge: 	at AJ.a(SourceFile:8)

06-22 20:17:47.995  5347  5347 I LSPosed-Bridge: 	at AJ.<init>(SourceFile:13)

06-22 20:17:47.995  5347  5347 I LSPosed-Bridge: 	at AJ.<init>(SourceFile:17)

06-22 20:17:47.995  5347  5347 I LSPosed-Bridge: 	at com.zjlib.thirtydaylib.base.BaseActivity.x(SourceFile:8)

06-22 20:17:47.995  5347  5347 I LSPosed-Bridge: 	at com.zjlib.thirtydaylib.base.BaseActivity.onResume(SourceFile:1)

06-22 20:17:47.995  5347  5347 I LSPosed-Bridge: 	at loseweightapp.loseweightappforwomen.womenworkoutathome.activity.LWActionIntroActivity.onResume(SourceFile:1)

06-22 20:17:47.995  5347  5347 I LSPosed-Bridge: 	at android.app.Instrumentation.callActivityOnResume(Instrumentation.java:1413)

06-22 20:17:47.995  5347  5347 I LSPosed-Bridge: 	at android.app.Activity.performResume(Activity.java:7292)

06-22 20:17:47.995  5347  5347 I LSPosed-Bridge: 	at android.app.ActivityThread.performResumeActivity(ActivityThread.java:3777)

06-22 20:17:47.995  5347  5347 I LSPosed-Bridge: 	at android.app.ActivityThread.handleResumeActivity(ActivityThread.java:3817)

06-22 20:17:47.995  5347  5347 I LSPosed-Bridge: 	at android.app.servertransaction.ResumeActivityItem.execute(ResumeActivityItem.java:51)

06-22 20:17:47.995  5347  5347 I LSPosed-Bridge: 	at android.app.servertransaction.TransactionExecutor.executeLifecycleState(TransactionExecutor.java:145)

06-22 20:17:47.995  5347  5347 I LSPosed-Bridge: 	at android.app.servertransaction.TransactionExecutor.execute(TransactionExecutor.java:70)

06-22 20:17:47.995  5347  5347 I LSPosed-Bridge: 	at android.app.ActivityThread$H.handleMessage(ActivityThread.java:1809)

06-22 20:17:47.995  5347  5347 I LSPosed-Bridge: 	at android.os.Handler.dispatchMessage(Handler.java:106)

06-22 20:17:47.995  5347  5347 I LSPosed-Bridge: 	at android.os.Looper.loop(Looper.java:193)

06-22 20:17:47.995  5347  5347 I LSPosed-Bridge: 	at android.app.ActivityThread.main(ActivityThread.java:6692)

06-22 20:17:47.995  5347  5347 I LSPosed-Bridge: 	at java.lang.reflect.Method.invoke(Native Method)

06-22 20:17:47.995  5347  5347 I LSPosed-Bridge: 	at com.android.internal.os.RuntimeInit$MethodAndArgsCaller.run(RuntimeInit.java:493)

06-22 20:17:47.995  5347  5347 I LSPosed-Bridge: 	at com.android.internal.os.ZygoteInit.main(ZygoteInit.java:858)

06-22 20:17:48.475  1575  5572 I LSPosed-Bridge: 5347 PermLabel 10124 AMS.checkPermission: Binder.getCallingPid() = 5347; uid = 10124; Binder.getCallingUid() = 10124; getNameForUid: loseweightapp.loseweightappforwomen.womenworkoutathome; getPackagesForUid: [loseweightapp.loseweightappforwomen.womenworkoutathome]; permName: android.permission.GET_TASKS; type = 0; res = -1; stacktrace=java.lang.Exception

06-22 20:17:48.475  1575  5572 I LSPosed-Bridge: 	at com.example.permlabel.requirePerm$1$2.afterHookedMethod(requirePerm.java:127)

06-22 20:17:48.475  1575  5572 I LSPosed-Bridge: 	at de.robv.android.xposed.XposedBridge$AdditionalHookInfo.callback(Unknown Source:147)

06-22 20:17:48.475  1575  5572 I LSPosed-Bridge: 	at LSPHooker_.checkPermission(Unknown Source:25)

06-22 20:17:48.475  1575  5572 I LSPosed-Bridge: 	at com.android.server.am.ActivityManagerService.isGetTasksAllowed(ActivityManagerService.java:10902)

06-22 20:17:48.475  1575  5572 I LSPosed-Bridge: 	at com.android.server.am.ActivityManagerService.getRunningAppProcesses(ActivityManagerService.java:16139)

06-22 20:17:48.475  1575  5572 I LSPosed-Bridge: 	at android.app.IActivityManager$Stub.onTransact(IActivityManager.java:1088)

06-22 20:17:48.475  1575  5572 I LSPosed-Bridge: 	at com.android.server.am.ActivityManagerService.onTransact(ActivityManagerService.java:3346)

06-22 20:17:48.475  1575  5572 I LSPosed-Bridge: 	at android.os.Binder.execTransact(Binder.java:731)

06-22 20:17:48.475  1575  6355 I LSPosed-Bridge: 5347 PermLabel 10124 AMS.checkPermission: Binder.getCallingPid() = 5347; uid = 10124; Binder.getCallingUid() = 10124; getNameForUid: loseweightapp.loseweightappforwomen.womenworkoutathome; getPackagesForUid: [loseweightapp.loseweightappforwomen.womenworkoutathome]; permName: com.google.android.gms.permission.AD_ID; type = 0; res = -1; stacktrace=java.lang.Exception

06-22 20:17:48.475  1575  6355 I LSPosed-Bridge: 	at com.example.permlabel.requirePerm$1$2.afterHookedMethod(requirePerm.java:127)

06-22 20:17:48.475  1575  6355 I LSPosed-Bridge: 	at de.robv.android.xposed.XposedBridge$AdditionalHookInfo.callback(Unknown Source:147)

06-22 20:17:48.475  1575  6355 I LSPosed-Bridge: 	at LSPHooker_.checkPermission(Unknown Source:25)

06-22 20:17:48.475  1575  6355 I LSPosed-Bridge: 	at android.app.IActivityManager$Stub.onTransact(IActivityManager.java:664)

06-22 20:17:48.475  1575  6355 I LSPosed-Bridge: 	at com.android.server.am.ActivityManagerService.onTransact(ActivityManagerService.java:3346)

06-22 20:17:48.475  1575  6355 I LSPosed-Bridge: 	at android.os.Binder.execTransact(Binder.java:731)

06-22 20:17:49.104  1575  1856 I LSPosed-Bridge: 5347 PermLabel 10124 AMS.checkPermission: Binder.getCallingPid() = 5347; uid = 10124; Binder.getCallingUid() = 10124; getNameForUid: loseweightapp.loseweightappforwomen.womenworkoutathome; getPackagesForUid: [loseweightapp.loseweightappforwomen.womenworkoutathome]; permName: android.permission.GET_TASKS; type = 0; res = -1; stacktrace=java.lang.Exception

06-22 20:17:49.104  1575  1856 I LSPosed-Bridge: 	at com.example.permlabel.requirePerm$1$2.afterHookedMethod(requirePerm.java:127)

06-22 20:17:49.104  1575  1856 I LSPosed-Bridge: 	at de.robv.android.xposed.XposedBridge$AdditionalHookInfo.callback(Unknown Source:147)

06-22 20:17:49.104  1575  1856 I LSPosed-Bridge: 	at LSPHooker_.checkPermission(Unknown Source:25)

06-22 20:17:49.104  1575  1856 I LSPosed-Bridge: 	at com.android.server.am.ActivityManagerService.isGetTasksAllowed(ActivityManagerService.java:10902)

06-22 20:17:49.104  1575  1856 I LSPosed-Bridge: 	at com.android.server.am.ActivityManagerService.getRunningAppProcesses(ActivityManagerService.java:16139)

06-22 20:17:49.104  1575  1856 I LSPosed-Bridge: 	at android.app.IActivityManager$Stub.onTransact(IActivityManager.java:1088)

06-22 20:17:49.104  1575  1856 I LSPosed-Bridge: 	at com.android.server.am.ActivityManagerService.onTransact(ActivityManagerService.java:3346)

06-22 20:17:49.104  1575  1856 I LSPosed-Bridge: 	at android.os.Binder.execTransact(Binder.java:731)

06-22 20:17:55.321  1575  5572 I LSPosed-Bridge: 5347 PermLabel 10124 AMS.checkPermission: Binder.getCallingPid() = 5347; uid = 10124; Binder.getCallingUid() = 10124; getNameForUid: loseweightapp.loseweightappforwomen.womenworkoutathome; getPackagesForUid: [loseweightapp.loseweightappforwomen.womenworkoutathome]; permName: android.permission.GET_TASKS; type = 0; res = -1; stacktrace=java.lang.Exception

06-22 20:17:55.321  1575  5572 I LSPosed-Bridge: 	at com.example.permlabel.requirePerm$1$2.afterHookedMethod(requirePerm.java:127)

06-22 20:17:55.321  1575  5572 I LSPosed-Bridge: 	at de.robv.android.xposed.XposedBridge$AdditionalHookInfo.callback(Unknown Source:147)

06-22 20:17:55.321  1575  5572 I LSPosed-Bridge: 	at LSPHooker_.checkPermission(Unknown Source:25)

06-22 20:17:55.321  1575  5572 I LSPosed-Bridge: 	at com.android.server.am.ActivityManagerService.isGetTasksAllowed(ActivityManagerService.java:10902)

06-22 20:17:55.321  1575  5572 I LSPosed-Bridge: 	at com.android.server.am.ActivityManagerService.getRunningAppProcesses(ActivityManagerService.java:16139)

06-22 20:17:55.321  1575  5572 I LSPosed-Bridge: 	at android.app.IActivityManager$Stub.onTransact(IActivityManager.java:1088)

06-22 20:17:55.321  1575  5572 I LSPosed-Bridge: 	at com.android.server.am.ActivityManagerService.onTransact(ActivityManagerService.java:3346)

06-22 20:17:55.321  1575  5572 I LSPosed-Bridge: 	at android.os.Binder.execTransact(Binder.java:731)

06-22 20:17:55.321  5347  5347 I LSPosed-Bridge: 5347 PermLabel 10124 ContextImpl.checkPermission: pid = 5347; uid = 10124; permName: com.google.android.gms.permission.AD_ID; type = 0; res = -1; stacktrace=java.lang.Exception

06-22 20:17:55.321  5347  5347 I LSPosed-Bridge: 	at com.example.permlabel.requestPerm$2.afterHookedMethod(requestPerm.java:212)

06-22 20:17:55.321  5347  5347 I LSPosed-Bridge: 	at de.robv.android.xposed.XposedBridge$AdditionalHookInfo.callback(Unknown Source:147)

06-22 20:17:55.321  5347  5347 I LSPosed-Bridge: 	at LSPHooker_.checkPermission(Unknown Source:25)

06-22 20:17:55.321  5347  5347 I LSPosed-Bridge: 	at android.content.ContextWrapper.checkPermission(ContextWrapper.java:738)

06-22 20:17:55.321  5347  5347 I LSPosed-Bridge: 	at com.google.android.gms.ads.nonagon.signals.a.b(:com.google.android.gms.policy_ads_fdr_dynamite@231710101@231710100057.526733554.526733554:3)

06-22 20:17:55.321  5347  5347 I LSPosed-Bridge: 	at com.google.android.gms.ads.nonagon.signals.fp.a(:com.google.android.gms.policy_ads_fdr_dynamite@231710101@231710100057.526733554.526733554:3)

06-22 20:17:55.321  5347  5347 I LSPosed-Bridge: 	at com.google.android.gms.ads.nonagon.ad.common.ci.a(:com.google.android.gms.policy_ads_fdr_dynamite@231710101@231710100057.526733554.526733554:0)

06-22 20:17:55.321  5347  5347 I LSPosed-Bridge: 	at com.google.android.gms.ads.nonagon.ad.common.ci.b(:com.google.android.gms.policy_ads_fdr_dynamite@231710101@231710100057.526733554.526733554:1)

06-22 20:17:55.321  5347  5347 I LSPosed-Bridge: 	at com.google.android.gms.ads.nonagon.ad.common.ai.d(:com.google.android.gms.policy_ads_fdr_dynamite@231710101@231710100057.526733554.526733554:29)

06-22 20:17:55.321  5347  5347 I LSPosed-Bridge: 	at com.google.android.gms.ads.nonagon.ad.common.ai.b(:com.google.android.gms.policy_ads_fdr_dynamite@231710101@231710100057.526733554.526733554:0)

06-22 20:17:55.321  5347  5347 I LSPosed-Bridge: 	at com.google.android.gms.ads.nonagon.shim.adapters.b.c(:com.google.android.gms.policy_ads_fdr_dynamite@231710101@231710100057.526733554.526733554:19)

06-22 20:17:55.321  5347  5347 I LSPosed-Bridge: 	at com.google.android.gms.ads.nonagon.shim.d.g(:com.google.android.gms.policy_ads_fdr_dynamite@231710101@231710100057.526733554.526733554:2)

06-22 20:17:55.321  5347  5347 I LSPosed-Bridge: 	at com.google.android.gms.ads.internal.client.aw.bN(:com.google.android.gms.policy_ads_fdr_dynamite@231710101@231710100057.526733554.526733554:10)

06-22 20:17:55.321  5347  5347 I LSPosed-Bridge: 	at agb.onTransact(:com.google.android.gms.policy_ads_fdr_dynamite@231710101@231710100057.526733554.526733554:4)

06-22 20:17:55.321  5347  5347 I LSPosed-Bridge: 	at android.os.Binder.transact(Binder.java:667)

06-22 20:17:55.321  5347  5347 I LSPosed-Bridge: 	at com.google.android.gms.internal.ads.gZ.b(SourceFile:2)

06-22 20:17:55.321  5347  5347 I LSPosed-Bridge: 	at com.google.android.gms.internal.ads.Nga.a(SourceFile:3)

06-22 20:17:55.321  5347  5347 I LSPosed-Bridge: 	at com.google.android.gms.ads.c.a(SourceFile:1)

06-22 20:17:55.321  5347  5347 I LSPosed-Bridge: 	at com.google.android.gms.ads.c.a(SourceFile:3)

06-22 20:17:55.321  5347  5347 I LSPosed-Bridge: 	at com.zjsoft.admob.i.a(SourceFile:47)

06-22 20:17:55.321  5347  5347 I LSPosed-Bridge: 	at AJ.a(SourceFile:8)

06-22 20:17:55.321  5347  5347 I LSPosed-Bridge: 	at AJ.a(SourceFile:3)

06-22 20:17:55.321  5347  5347 I LSPosed-Bridge: 	at zJ.a(SourceFile:4)

06-22 20:17:55.321  5347  5347 I LSPosed-Bridge: 	at GL.a(SourceFile:5)

06-22 20:17:55.321  5347  5347 I LSPosed-Bridge: 	at AJ.a(SourceFile:8)

06-22 20:17:55.321  5347  5347 I LSPosed-Bridge: 	at AJ.<init>(SourceFile:13)

06-22 20:17:55.321  5347  5347 I LSPosed-Bridge: 	at AJ.<init>(SourceFile:17)

06-22 20:17:55.321  5347  5347 I LSPosed-Bridge: 	at com.zjlib.thirtydaylib.base.BaseActivity.x(SourceFile:8)

06-22 20:17:55.321  5347  5347 I LSPosed-Bridge: 	at com.zjlib.thirtydaylib.base.BaseActivity.onResume(SourceFile:1)

06-22 20:17:55.321  5347  5347 I LSPosed-Bridge: 	at loseweightapp.loseweightappforwomen.womenworkoutathome.activity.LWActionIntroActivity.onResume(SourceFile:1)

06-22 20:17:55.321  5347  5347 I LSPosed-Bridge: 	at android.app.Instrumentation.callActivityOnResume(Instrumentation.java:1413)

06-22 20:17:55.321  5347  5347 I LSPosed-Bridge: 	at android.app.Activity.performResume(Activity.java:7292)

06-22 20:17:55.321  5347  5347 I LSPosed-Bridge: 	at android.app.ActivityThread.performResumeActivity(ActivityThread.java:3777)

06-22 20:17:55.321  5347  5347 I LSPosed-Bridge: 	at android.app.ActivityThread.handleResumeActivity(ActivityThread.java:3817)

06-22 20:17:55.321  5347  5347 I LSPosed-Bridge: 	at android.app.servertransaction.ResumeActivityItem.execute(ResumeActivityItem.java:51)

06-22 20:17:55.321  5347  5347 I LSPosed-Bridge: 	at android.app.servertransaction.TransactionExecutor.executeLifecycleState(TransactionExecutor.java:145)

06-22 20:17:55.321  5347  5347 I LSPosed-Bridge: 	at android.app.servertransaction.TransactionExecutor.execute(TransactionExecutor.java:70)

06-22 20:17:55.321  5347  5347 I LSPosed-Bridge: 	at android.app.ActivityThread$H.handleMessage(ActivityThread.java:1809)

06-22 20:17:55.321  5347  5347 I LSPosed-Bridge: 	at android.os.Handler.dispatchMessage(Handler.java:106)

06-22 20:17:55.321  5347  5347 I LSPosed-Bridge: 	at android.os.Looper.loop(Looper.java:193)

06-22 20:17:55.321  5347  5347 I LSPosed-Bridge: 	at android.app.ActivityThread.main(ActivityThread.java:6692)

06-22 20:17:55.321  5347  5347 I LSPosed-Bridge: 	at java.lang.reflect.Method.invoke(Native Method)

06-22 20:17:55.321  5347  5347 I LSPosed-Bridge: 	at com.android.internal.os.RuntimeInit$MethodAndArgsCaller.run(RuntimeInit.java:493)

06-22 20:17:55.321  5347  5347 I LSPosed-Bridge: 	at com.android.internal.os.ZygoteInit.main(ZygoteInit.java:858)

06-22 20:17:55.321  1575  6355 I AudioService: In isSpeakerphoneOn(), mForcedUseForCommExt: 0

06-22 20:17:55.859  1575  5572 I LSPosed-Bridge: 5347 PermLabel 10124 AMS.checkPermission: Binder.getCallingPid() = 5347; uid = 10124; Binder.getCallingUid() = 10124; getNameForUid: loseweightapp.loseweightappforwomen.womenworkoutathome; getPackagesForUid: [loseweightapp.loseweightappforwomen.womenworkoutathome]; permName: android.permission.GET_TASKS; type = 0; res = -1; stacktrace=java.lang.Exception

06-22 20:17:55.859  1575  5572 I LSPosed-Bridge: 	at com.example.permlabel.requirePerm$1$2.afterHookedMethod(requirePerm.java:127)

06-22 20:17:55.859  1575  5572 I LSPosed-Bridge: 	at de.robv.android.xposed.XposedBridge$AdditionalHookInfo.callback(Unknown Source:147)

06-22 20:17:55.859  1575  5572 I LSPosed-Bridge: 	at LSPHooker_.checkPermission(Unknown Source:25)

06-22 20:17:55.859  1575  5572 I LSPosed-Bridge: 	at com.android.server.am.ActivityManagerService.isGetTasksAllowed(ActivityManagerService.java:10902)

06-22 20:17:55.859  1575  5572 I LSPosed-Bridge: 	at com.android.server.am.ActivityManagerService.getRunningAppProcesses(ActivityManagerService.java:16139)

06-22 20:17:55.859  1575  5572 I LSPosed-Bridge: 	at android.app.IActivityManager$Stub.onTransact(IActivityManager.java:1088)

06-22 20:17:55.859  1575  5572 I LSPosed-Bridge: 	at com.android.server.am.ActivityManagerService.onTransact(ActivityManagerService.java:3346)

06-22 20:17:55.859  1575  5572 I LSPosed-Bridge: 	at android.os.Binder.execTransact(Binder.java:731)

06-22 20:17:56.165  1575  5572 I LSPosed-Bridge: 5347 PermLabel 10124 AMS.checkPermission: Binder.getCallingPid() = 5347; uid = 10124; Binder.getCallingUid() = 10124; getNameForUid: loseweightapp.loseweightappforwomen.womenworkoutathome; getPackagesForUid: [loseweightapp.loseweightappforwomen.womenworkoutathome]; permName: android.permission.GET_TASKS; type = 0; res = -1; stacktrace=java.lang.Exception

06-22 20:17:56.165  1575  5572 I LSPosed-Bridge: 	at com.example.permlabel.requirePerm$1$2.afterHookedMethod(requirePerm.java:127)

06-22 20:17:56.165  1575  5572 I LSPosed-Bridge: 	at de.robv.android.xposed.XposedBridge$AdditionalHookInfo.callback(Unknown Source:147)

06-22 20:17:56.165  1575  5572 I LSPosed-Bridge: 	at LSPHooker_.checkPermission(Unknown Source:25)

06-22 20:17:56.165  1575  5572 I LSPosed-Bridge: 	at com.android.server.am.ActivityManagerService.isGetTasksAllowed(ActivityManagerService.java:10902)

06-22 20:17:56.165  1575  5572 I LSPosed-Bridge: 	at com.android.server.am.ActivityManagerService.getRunningAppProcesses(ActivityManagerService.java:16139)

06-22 20:17:56.165  1575  5572 I LSPosed-Bridge: 	at android.app.IActivityManager$Stub.onTransact(IActivityManager.java:1088)

06-22 20:17:56.165  1575  5572 I LSPosed-Bridge: 	at com.android.server.am.ActivityManagerService.onTransact(ActivityManagerService.java:3346)

06-22 20:17:56.165  1575  5572 I LSPosed-Bridge: 	at android.os.Binder.execTransact(Binder.java:731)

06-22 20:18:05.512  1575  6478 I LSPosed-Bridge: 5347 PermLabel 10124 AMS.checkPermission: Binder.getCallingPid() = 5347; uid = 10124; Binder.getCallingUid() = 10124; getNameForUid: loseweightapp.loseweightappforwomen.womenworkoutathome; getPackagesForUid: [loseweightapp.loseweightappforwomen.womenworkoutathome]; permName: android.permission.GET_TASKS; type = 0; res = -1; stacktrace=java.lang.Exception

06-22 20:18:05.512  1575  6478 I LSPosed-Bridge: 	at com.example.permlabel.requirePerm$1$2.afterHookedMethod(requirePerm.java:127)

06-22 20:18:05.512  1575  6478 I LSPosed-Bridge: 	at de.robv.android.xposed.XposedBridge$AdditionalHookInfo.callback(Unknown Source:147)

06-22 20:18:05.512  1575  6478 I LSPosed-Bridge: 	at LSPHooker_.checkPermission(Unknown Source:25)

06-22 20:18:05.512  1575  6478 I LSPosed-Bridge: 	at com.android.server.am.ActivityManagerService.isGetTasksAllowed(ActivityManagerService.java:10902)

06-22 20:18:05.512  1575  6478 I LSPosed-Bridge: 	at com.android.server.am.ActivityManagerService.getRunningAppProcesses(ActivityManagerService.java:16139)

06-22 20:18:05.512  1575  6478 I LSPosed-Bridge: 	at android.app.IActivityManager$Stub.onTransact(IActivityManager.java:1088)

06-22 20:18:05.512  1575  6478 I LSPosed-Bridge: 	at com.android.server.am.ActivityManagerService.onTransact(ActivityManagerService.java:3346)

06-22 20:18:05.512  1575  6478 I LSPosed-Bridge: 	at android.os.Binder.execTransact(Binder.java:731)

06-22 20:18:05.962  1575  6484 I LSPosed-Bridge: 5347 PermLabel 10124 AMS.checkPermission: Binder.getCallingPid() = 5347; uid = 10124; Binder.getCallingUid() = 10124; getNameForUid: loseweightapp.loseweightappforwomen.womenworkoutathome; getPackagesForUid: [loseweightapp.loseweightappforwomen.womenworkoutathome]; permName: android.permission.GET_TASKS; type = 0; res = -1; stacktrace=java.lang.Exception

06-22 20:18:05.962  1575  6484 I LSPosed-Bridge: 	at com.example.permlabel.requirePerm$1$2.afterHookedMethod(requirePerm.java:127)

06-22 20:18:05.962  1575  6484 I LSPosed-Bridge: 	at de.robv.android.xposed.XposedBridge$AdditionalHookInfo.callback(Unknown Source:147)

06-22 20:18:05.962  1575  6484 I LSPosed-Bridge: 	at LSPHooker_.checkPermission(Unknown Source:25)

06-22 20:18:05.962  1575  6484 I LSPosed-Bridge: 	at com.android.server.am.ActivityManagerService.isGetTasksAllowed(ActivityManagerService.java:10902)

06-22 20:18:05.962  1575  6484 I LSPosed-Bridge: 	at com.android.server.am.ActivityManagerService.getRunningAppProcesses(ActivityManagerService.java:16139)

06-22 20:18:05.962  1575  6484 I LSPosed-Bridge: 	at android.app.IActivityManager$Stub.onTransact(IActivityManager.java:1088)

06-22 20:18:05.962  1575  6484 I LSPosed-Bridge: 	at com.android.server.am.ActivityManagerService.onTransact(ActivityManagerService.java:3346)

06-22 20:18:05.962  1575  6484 I LSPosed-Bridge: 	at android.os.Binder.execTransact(Binder.java:731)

06-22 20:18:06.274  1575  6485 I LSPosed-Bridge: 5347 PermLabel 10124 AMS.checkPermission: Binder.getCallingPid() = 5347; uid = 10124; Binder.getCallingUid() = 10124; getNameForUid: loseweightapp.loseweightappforwomen.womenworkoutathome; getPackagesForUid: [loseweightapp.loseweightappforwomen.womenworkoutathome]; permName: android.permission.GET_TASKS; type = 0; res = -1; stacktrace=java.lang.Exception

06-22 20:18:06.274  1575  6485 I LSPosed-Bridge: 	at com.example.permlabel.requirePerm$1$2.afterHookedMethod(requirePerm.java:127)

06-22 20:18:06.274  1575  6485 I LSPosed-Bridge: 	at de.robv.android.xposed.XposedBridge$AdditionalHookInfo.callback(Unknown Source:147)

06-22 20:18:06.274  1575  6485 I LSPosed-Bridge: 	at LSPHooker_.checkPermission(Unknown Source:25)

06-22 20:18:06.274  1575  6485 I LSPosed-Bridge: 	at com.android.server.am.ActivityManagerService.isGetTasksAllowed(ActivityManagerService.java:10902)

06-22 20:18:06.274  1575  6485 I LSPosed-Bridge: 	at com.android.server.am.ActivityManagerService.getRunningAppProcesses(ActivityManagerService.java:16139)

06-22 20:18:06.274  1575  6485 I LSPosed-Bridge: 	at android.app.IActivityManager$Stub.onTransact(IActivityManager.java:1088)

06-22 20:18:06.274  1575  6485 I LSPosed-Bridge: 	at com.android.server.am.ActivityManagerService.onTransact(ActivityManagerService.java:3346)

06-22 20:18:06.274  1575  6485 I LSPosed-Bridge: 	at android.os.Binder.execTransact(Binder.java:731)

06-22 20:18:06.274  5347  5347 I Ads     : Please set theme of AdActivity to @android:style/Theme.Translucent to enable transparent background interstitial ad.

06-22 20:18:27.135  1575  1856 I LSPosed-Bridge: 5347 PermLabel 10124 AMS.checkPermission: Binder.getCallingPid() = 5347; uid = 10124; Binder.getCallingUid() = 10124; getNameForUid: loseweightapp.loseweightappforwomen.womenworkoutathome; getPackagesForUid: [loseweightapp.loseweightappforwomen.womenworkoutathome]; permName: android.permission.GET_TASKS; type = 0; res = -1; stacktrace=java.lang.Exception

06-22 20:18:27.135  1575  1856 I LSPosed-Bridge: 	at com.example.permlabel.requirePerm$1$2.afterHookedMethod(requirePerm.java:127)

06-22 20:18:27.135  1575  1856 I LSPosed-Bridge: 	at de.robv.android.xposed.XposedBridge$AdditionalHookInfo.callback(Unknown Source:147)

06-22 20:18:27.135  1575  1856 I LSPosed-Bridge: 	at LSPHooker_.checkPermission(Unknown Source:25)

06-22 20:18:27.135  1575  1856 I LSPosed-Bridge: 	at com.android.server.am.ActivityManagerService.isGetTasksAllowed(ActivityManagerService.java:10902)

06-22 20:18:27.135  1575  1856 I LSPosed-Bridge: 	at com.android.server.am.ActivityManagerService.getRunningAppProcesses(ActivityManagerService.java:16139)

06-22 20:18:27.135  1575  1856 I LSPosed-Bridge: 	at android.app.IActivityManager$Stub.onTransact(IActivityManager.java:1088)

06-22 20:18:27.135  1575  1856 I LSPosed-Bridge: 	at com.android.server.am.ActivityManagerService.onTransact(ActivityManagerService.java:3346)

06-22 20:18:27.135  1575  1856 I LSPosed-Bridge: 	at android.os.Binder.execTransact(Binder.java:731)

06-22 20:18:27.592   553   553 I ConfigStore: android::hardware::configstore::V1_0::ISurfaceFlingerConfigs::hasHDRDisplay retrieved: 0

06-22 20:18:27.592  1575  1856 I LSPosed-Bridge: 5347 PermLabel 10124 AMS.checkPermission: Binder.getCallingPid() = 5347; uid = 10124; Binder.getCallingUid() = 10124; getNameForUid: loseweightapp.loseweightappforwomen.womenworkoutathome; getPackagesForUid: [loseweightapp.loseweightappforwomen.womenworkoutathome]; permName: android.permission.GET_TASKS; type = 0; res = -1; stacktrace=java.lang.Exception

06-22 20:18:27.592  1575  1856 I LSPosed-Bridge: 	at com.example.permlabel.requirePerm$1$2.afterHookedMethod(requirePerm.java:127)

06-22 20:18:27.592  1575  1856 I LSPosed-Bridge: 	at de.robv.android.xposed.XposedBridge$AdditionalHookInfo.callback(Unknown Source:147)

06-22 20:18:27.592  1575  1856 I LSPosed-Bridge: 	at LSPHooker_.checkPermission(Unknown Source:25)

06-22 20:18:27.592  1575  1856 I LSPosed-Bridge: 	at com.android.server.am.ActivityManagerService.isGetTasksAllowed(ActivityManagerService.java:10902)

06-22 20:18:27.592  1575  1856 I LSPosed-Bridge: 	at com.android.server.am.ActivityManagerService.getRunningAppProcesses(ActivityManagerService.java:16139)

06-22 20:18:27.592  1575  1856 I LSPosed-Bridge: 	at android.app.IActivityManager$Stub.onTransact(IActivityManager.java:1088)

06-22 20:18:27.592  1575  1856 I LSPosed-Bridge: 	at com.android.server.am.ActivityManagerService.onTransact(ActivityManagerService.java:3346)

06-22 20:18:27.592  1575  1856 I LSPosed-Bridge: 	at android.os.Binder.execTransact(Binder.java:731)

