06-22 20:14:55.356  1575  5572 I LSPosed-Bridge: 	at com.android.server.am.ActivityManagerService.isGetTasksAllowed(ActivityManagerService.java:10902)

06-22 20:14:55.356  1575  5572 I LSPosed-Bridge: 	at com.android.server.am.ActivityManagerService.getRunningAppProcesses(ActivityManagerService.java:16139)

06-22 20:14:55.356  1575  5572 I LSPosed-Bridge: 	at android.app.IActivityManager$Stub.onTransact(IActivityManager.java:1088)

06-22 20:14:55.356  1575  5572 I LSPosed-Bridge: 	at com.android.server.am.ActivityManagerService.onTransact(ActivityManagerService.java:3346)

06-22 20:14:55.356  1575  5572 I LSPosed-Bridge: 	at android.os.Binder.execTransact(Binder.java:731)

06-22 20:14:55.356   553   553 I ConfigStore: android::hardware::configstore::V1_0::ISurfaceFlingerConfigs::hasHDRDisplay retrieved: 0

06-22 20:15:21.492   553   553 I ConfigStore: android::hardware::configstore::V1_0::ISurfaceFlingerConfigs::hasHDRDisplay retrieved: 0

06-22 20:15:21.492  1575  6355 I LSPosed-Bridge: 5347 PermLabel 10124 AMS.checkPermission: Binder.getCallingPid() = 5347; uid = 10124; Binder.getCallingUid() = 10124; getNameForUid: loseweightapp.loseweightappforwomen.womenworkoutathome; getPackagesForUid: [loseweightapp.loseweightappforwomen.womenworkoutathome]; permName: android.permission.GET_TASKS; type = 0; res = -1; stacktrace=java.lang.Exception

06-22 20:15:21.492  1575  6355 I LSPosed-Bridge: 	at com.example.permlabel.requirePerm$1$2.afterHookedMethod(requirePerm.java:127)

06-22 20:15:21.492  1575  6355 I LSPosed-Bridge: 	at de.robv.android.xposed.XposedBridge$AdditionalHookInfo.callback(Unknown Source:147)

06-22 20:15:21.492  1575  6355 I LSPosed-Bridge: 	at LSPHooker_.checkPermission(Unknown Source:25)

06-22 20:15:21.492  1575  6355 I LSPosed-Bridge: 	at com.android.server.am.ActivityManagerService.isGetTasksAllowed(ActivityManagerService.java:10902)

06-22 20:15:21.492  1575  6355 I LSPosed-Bridge: 	at com.android.server.am.ActivityManagerService.getRunningAppProcesses(ActivityManagerService.java:16139)

06-22 20:15:21.492  1575  6355 I LSPosed-Bridge: 	at android.app.IActivityManager$Stub.onTransact(IActivityManager.java:1088)

06-22 20:15:21.492  1575  6355 I LSPosed-Bridge: 	at com.android.server.am.ActivityManagerService.onTransact(ActivityManagerService.java:3346)

06-22 20:15:21.492  1575  6355 I LSPosed-Bridge: 	at android.os.Binder.execTransact(Binder.java:731)

06-22 20:15:21.982  5347  5347 I LSPosed-Bridge: 5347 PermLabel 10124 ContextImpl.checkPermission: pid = 5347; uid = 10124; permName: com.google.android.gms.permission.AD_ID; type = 0; res = -1; stacktrace=java.lang.Exception

06-22 20:15:21.982  5347  5347 I LSPosed-Bridge: 	at com.example.permlabel.requestPerm$2.afterHookedMethod(requestPerm.java:212)

06-22 20:15:21.982  5347  5347 I LSPosed-Bridge: 	at de.robv.android.xposed.XposedBridge$AdditionalHookInfo.callback(Unknown Source:147)

06-22 20:15:21.982  5347  5347 I LSPosed-Bridge: 	at LSPHooker_.checkPermission(Unknown Source:25)

06-22 20:15:21.982  5347  5347 I LSPosed-Bridge: 	at android.content.ContextWrapper.checkPermission(ContextWrapper.java:738)

06-22 20:15:21.982  5347  5347 I LSPosed-Bridge: 	at com.google.android.gms.ads.nonagon.signals.a.b(:com.google.android.gms.policy_ads_fdr_dynamite@231710101@231710100057.526733554.526733554:3)

06-22 20:15:21.982  5347  5347 I LSPosed-Bridge: 	at com.google.android.gms.ads.nonagon.signals.fp.a(:com.google.android.gms.policy_ads_fdr_dynamite@231710101@231710100057.526733554.526733554:3)

06-22 20:15:21.982  5347  5347 I LSPosed-Bridge: 	at com.google.android.gms.ads.nonagon.ad.common.ci.a(:com.google.android.gms.policy_ads_fdr_dynamite@231710101@231710100057.526733554.526733554:0)

06-22 20:15:21.982  5347  5347 I LSPosed-Bridge: 	at com.google.android.gms.ads.nonagon.ad.common.ci.b(:com.google.android.gms.policy_ads_fdr_dynamite@231710101@231710100057.526733554.526733554:1)

06-22 20:15:21.982  5347  5347 I LSPosed-Bridge: 	at com.google.android.gms.ads.nonagon.ad.common.ai.d(:com.google.android.gms.policy_ads_fdr_dynamite@231710101@231710100057.526733554.526733554:29)

06-22 20:15:21.982  5347  5347 I LSPosed-Bridge: 	at com.google.android.gms.ads.nonagon.ad.common.ai.b(:com.google.android.gms.policy_ads_fdr_dynamite@231710101@231710100057.526733554.526733554:0)

06-22 20:15:21.982  5347  5347 I LSPosed-Bridge: 	at com.google.android.gms.ads.nonagon.shim.ai.L(:com.google.android.gms.policy_ads_fdr_dynamite@231710101@231710100057.526733554.526733554:25)

06-22 20:15:21.982  5347  5347 I LSPosed-Bridge: 	at com.google.android.gms.ads.nonagon.shim.ab.L(:com.google.android.gms.policy_ads_fdr_dynamite@231710101@231710100057.526733554.526733554:0)

06-22 20:15:21.982  5347  5347 I LSPosed-Bridge: 	at com.google.android.gms.ads.internal.client.bf.bN(:com.google.android.gms.policy_ads_fdr_dynamite@231710101@231710100057.526733554.526733554:100)

06-22 20:15:21.982  5347  5347 I LSPosed-Bridge: 	at agb.onTransact(:com.google.android.gms.policy_ads_fdr_dynamite@231710101@231710100057.526733554.526733554:4)

06-22 20:15:21.982  5347  5347 I LSPosed-Bridge: 	at android.os.Binder.transact(Binder.java:667)

06-22 20:15:21.982  5347  5347 I LSPosed-Bridge: 	at com.google.android.gms.internal.ads.gZ.a(SourceFile:2)

06-22 20:15:21.982  5347  5347 I LSPosed-Bridge: 	at com.google.android.gms.internal.ads.Vga.b(SourceFile:3)

06-22 20:15:21.982  5347  5347 I LSPosed-Bridge: 	at com.google.android.gms.internal.ads.Kha.a(SourceFile:23)

06-22 20:15:21.982  5347  5347 I LSPosed-Bridge: 	at com.google.android.gms.ads.g.a(SourceFile:1)

06-22 20:15:21.982  5347  5347 I LSPosed-Bridge: 	at com.zjsoft.admob.f.a(SourceFile:37)

06-22 20:15:21.982  5347  5347 I LSPosed-Bridge: 	at DJ.a(SourceFile:9)

06-22 20:15:21.982  5347  5347 I LSPosed-Bridge: 	at DJ.a(SourceFile:2)

06-22 20:15:21.982  5347  5347 I LSPosed-Bridge: 	at CJ.a(SourceFile:4)

06-22 20:15:21.982  5347  5347 I LSPosed-Bridge: 	at com.zjsoft.admob.d.onAdFailedToLoad(SourceFile:3)

06-22 20:15:21.982  5347  5347 I LSPosed-Bridge: 	at com.google.android.gms.internal.ads.hga.a(SourceFile:1)

06-22 20:15:21.982  5347  5347 I LSPosed-Bridge: 	at com.google.android.gms.internal.ads.Jga.a(SourceFile:7)

06-22 20:15:21.982  5347  5347 I LSPosed-Bridge: 	at com.google.android.gms.internal.ads.fZ.onTransact(SourceFile:3)

06-22 20:15:21.982  5347  5347 I LSPosed-Bridge: 	at android.os.Binder.transact(Binder.java:667)

06-22 20:15:21.982  5347  5347 I LSPosed-Bridge: 	at aga.ba(:com.google.android.gms.policy_ads_fdr_dynamite@231710101@231710100057.526733554.526733554:2)

06-22 20:15:21.982  5347  5347 I LSPosed-Bridge: 	at com.google.android.gms.ads.internal.client.ap.d(:com.google.android.gms.policy_ads_fdr_dynamite@231710101@231710100057.526733554.526733554:0)

06-22 20:15:21.982  5347  5347 I LSPosed-Bridge: 	at com.google.android.gms.ads.nonagon.shim.u.a(:com.google.android.gms.policy_ads_fdr_dynamite@231710101@231710100057.526733554.526733554:0)

06-22 20:15:21.982  5347  5347 I LSPosed-Bridge: 	at com.google.android.gms.ads.nonagon.slot.common.p.a(:com.google.android.gms.policy_ads_fdr_dynamite@231710101@231710100057.526733554.526733554:2)

06-22 20:15:21.982  5347  5347 I LSPosed-Bridge: 	at com.google.android.gms.ads.nonagon.shim.z.bn(:com.google.android.gms.policy_ads_fdr_dynamite@231710101@231710100057.526733554.526733554:2)

06-22 20:15:21.982  5347  5347 I LSPosed-Bridge: 	at com.google.android.gms.ads.nonagon.ad.event.e.a(:com.google.android.gms.policy_ads_fdr_dynamite@231710101@231710100057.526733554.526733554:0)

06-22 20:15:21.982  5347  5347 I LSPosed-Bridge: 	at com.google.android.gms.ads.nonagon.ad.event.du.run(:com.google.android.gms.policy_ads_fdr_dynamite@231710101@231710100057.526733554.526733554:2)

06-22 20:15:21.982  5347  5347 I LSPosed-Bridge: 	at com.google.android.gms.ads.internal.util.future.c.execute(:com.google.android.gms.policy_ads_fdr_dynamite@231710101@231710100057.526733554.526733554:2)

06-22 20:15:21.982  5347  5347 I LSPosed-Bridge: 	at com.google.android.gms.ads.internal.util.future.d.execute(:com.google.android.gms.policy_ads_fdr_dynamite@231710101@231710100057.526733554.526733554:0)

06-22 20:15:21.982  5347  5347 I LSPosed-Bridge: 	at com.google.android.gms.ads.nonagon.ad.event.dw.v(:com.google.android.gms.policy_ads_fdr_dynamite@231710101@231710100057.526733554.526733554:0)

06-22 20:15:21.982  5347  5347 I LSPosed-Bridge: 	at com.google.android.gms.ads.n

06-22 20:15:21.982  1575  2489 I LSPosed-Bridge: 5347 PermLabel 10124 AMS.checkPermission: Binder.getCallingPid() = 5347; uid = 10124; Binder.getCallingUid() = 10124; getNameForUid: loseweightapp.loseweightappforwomen.womenworkoutathome; getPackagesForUid: [loseweightapp.loseweightappforwomen.womenworkoutathome]; permName: android.permission.GET_TASKS; type = 0; res = -1; stacktrace=java.lang.Exception

06-22 20:15:21.982  1575  2489 I LSPosed-Bridge: 	at com.example.permlabel.requirePerm$1$2.afterHookedMethod(requirePerm.java:127)

06-22 20:15:21.982  1575  2489 I LSPosed-Bridge: 	at de.robv.android.xposed.XposedBridge$AdditionalHookInfo.callback(Unknown Source:147)

06-22 20:15:21.982  1575  2489 I LSPosed-Bridge: 	at LSPHooker_.checkPermission(Unknown Source:25)

06-22 20:15:21.982  1575  2489 I LSPosed-Bridge: 	at com.android.server.am.ActivityManagerService.isGetTasksAllowed(ActivityManagerService.java:10902)

06-22 20:15:21.982  1575  2489 I LSPosed-Bridge: 	at com.android.server.am.ActivityManagerService.getRunningAppProcesses(ActivityManagerService.java:16139)

06-22 20:15:21.982  1575  2489 I LSPosed-Bridge: 	at android.app.IActivityManager$Stub.onTransact(IActivityManager.java:1088)

06-22 20:15:21.982  1575  2489 I LSPosed-Bridge: 	at com.android.server.am.ActivityManagerService.onTransact(ActivityManagerService.java:3346)

06-22 20:15:21.982  1575  2489 I LSPosed-Bridge: 	at android.os.Binder.execTransact(Binder.java:731)

06-22 20:15:40.059  1575  5572 I LSPosed-Bridge: 5347 PermLabel 10124 AMS.checkPermission: Binder.getCallingPid() = 5347; uid = 10124; Binder.getCallingUid() = 10124; getNameForUid: loseweightapp.loseweightappforwomen.womenworkoutathome; getPackagesForUid: [loseweightapp.loseweightappforwomen.womenworkoutathome]; permName: android.permission.GET_TASKS; type = 0; res = -1; stacktrace=java.lang.Exception

06-22 20:15:40.059  1575  5572 I LSPosed-Bridge: 	at com.example.permlabel.requirePerm$1$2.afterHookedMethod(requirePerm.java:127)

06-22 20:15:40.059  1575  5572 I LSPosed-Bridge: 	at de.robv.android.xposed.XposedBridge$AdditionalHookInfo.callback(Unknown Source:147)

06-22 20:15:40.059  1575  5572 I LSPosed-Bridge: 	at LSPHooker_.checkPermission(Unknown Source:25)

06-22 20:15:40.059  1575  5572 I LSPosed-Bridge: 	at com.android.server.am.ActivityManagerService.isGetTasksAllowed(ActivityManagerService.java:10902)

06-22 20:15:40.059  1575  5572 I LSPosed-Bridge: 	at com.android.server.am.ActivityManagerService.getRunningAppProcesses(ActivityManagerService.java:16139)

06-22 20:15:40.059  1575  5572 I LSPosed-Bridge: 	at android.app.IActivityManager$Stub.onTransact(IActivityManager.java:1088)

06-22 20:15:40.059  1575  5572 I LSPosed-Bridge: 	at com.android.server.am.ActivityManagerService.onTransact(ActivityManagerService.java:3346)

06-22 20:15:40.059  1575  5572 I LSPosed-Bridge: 	at android.os.Binder.execTransact(Binder.java:731)

06-22 20:15:40.059   553   553 I ConfigStore: android::hardware::configstore::V1_0::ISurfaceFlingerConfigs::hasHDRDisplay retrieved: 0

06-22 20:15:40.954  1575  6485 I LSPosed-Bridge: 5347 PermLabel 10124 AMS.checkPermission: Binder.getCallingPid() = 5347; uid = 10124; Binder.getCallingUid() = 10124; getNameForUid: loseweightapp.loseweightappforwomen.womenworkoutathome; getPackagesForUid: [loseweightapp.loseweightappforwomen.womenworkoutathome]; permName: android.permission.GET_TASKS; type = 0; res = -1; stacktrace=java.lang.Exception

06-22 20:15:40.954  1575  6485 I LSPosed-Bridge: 	at com.example.permlabel.requirePerm$1$2.afterHookedMethod(requirePerm.java:127)

06-22 20:15:40.954  1575  6485 I LSPosed-Bridge: 	at de.robv.android.xposed.XposedBridge$AdditionalHookInfo.callback(Unknown Source:147)

06-22 20:15:40.954  1575  6485 I LSPosed-Bridge: 	at LSPHooker_.checkPermission(Unknown Source:25)

06-22 20:15:40.954  1575  6485 I LSPosed-Bridge: 	at com.android.server.am.ActivityManagerService.isGetTasksAllowed(ActivityManagerService.java:10902)

06-22 20:15:40.954  1575  6485 I LSPosed-Bridge: 	at com.android.server.am.ActivityManagerService.getRunningAppProcesses(ActivityManagerService.java:16139)

06-22 20:15:40.954  1575  6485 I LSPosed-Bridge: 	at android.app.IActivityManager$Stub.onTransact(IActivityManager.java:1088)

06-22 20:15:40.954  1575  6485 I LSPosed-Bridge: 	at com.android.server.am.ActivityManagerService.onTransact(ActivityManagerService.java:3346)

06-22 20:15:40.954  1575  6485 I LSPosed-Bridge: 	at android.os.Binder.execTransact(Binder.java:731)

06-22 20:15:41.262  5347 20199 I AudioManager: In isSpeakerphoneOn(), calling application: loseweightapp.loseweightappforwomen.womenworkoutathome

06-22 20:15:41.262  1575  5572 I AudioService: In isSpeakerphoneOn(), mForcedUseForCommExt: 0

06-22 20:15:41.262  1575  2489 I LSPosed-Bridge: 5347 PermLabel 10124 AMS.checkPermission: Binder.getCallingPid() = 5347; uid = 10124; Binder.getCallingUid() = 10124; getNameForUid: loseweightapp.loseweightappforwomen.womenworkoutathome; getPackagesForUid: [loseweightapp.loseweightappforwomen.womenworkoutathome]; permName: android.permission.GET_TASKS; type = 0; res = -1; stacktrace=java.lang.Exception

06-22 20:15:41.262  1575  2489 I LSPosed-Bridge: 	at com.example.permlabel.requirePerm$1$2.afterHookedMethod(requirePerm.java:127)

06-22 20:15:41.262  1575  2489 I LSPosed-Bridge: 	at de.robv.android.xposed.XposedBridge$AdditionalHookInfo.callback(Unknown Source:147)

06-22 20:15:41.262  1575  2489 I LSPosed-Bridge: 	at LSPHooker_.checkPermission(Unknown Source:25)

06-22 20:15:41.262  1575  2489 I LSPosed-Bridge: 	at com.android.server.am.ActivityManagerService.isGetTasksAllowed(ActivityManagerService.java:10902)

06-22 20:15:41.262  1575  2489 I LSPosed-Bridge: 	at com.android.server.am.ActivityManagerService.getRunningAppProcesses(ActivityManagerService.java:16139)

06-22 20:15:41.262  1575  2489 I LSPosed-Bridge: 	at android.app.IActivityManager$Stub.onTransact(IActivityManager.java:1088)

06-22 20:15:41.262  1575  2489 I LSPosed-Bridge: 	at com.android.server.am.ActivityManagerService.onTransact(ActivityManagerService.java:3346)

06-22 20:15:41.262  1575  2489 I LSPosed-Bridge: 	at android.os.Binder.execTransact(Binder.java:731)

06-22 20:15:41.262  5347  5347 I LSPosed-Bridge: 5347 PermLabel 10124 ContextImpl.checkPermission: pid = 5347; uid = 10124; permName: com.google.android.gms.permission.AD_ID; type = 0; res = -1; stacktrace=java.lang.Exception

06-22 20:15:41.262  5347  5347 I LSPosed-Bridge: 	at com.example.permlabel.requestPerm$2.afterHookedMethod(requestPerm.java:212)

06-22 20:15:41.262  5347  5347 I LSPosed-Bridge: 	at de.robv.android.xposed.XposedBridge$AdditionalHookInfo.callback(Unknown Source:147)

06-22 20:15:41.262  5347  5347 I LSPosed-Bridge: 	at LSPHooker_.checkPermission(Unknown Source:25)

06-22 20:15:41.262  5347  5347 I LSPosed-Bridge: 	at android.content.ContextWrapper.checkPermission(ContextWrapper.java:738)

06-22 20:15:41.262  5347  5347 I LSPosed-Bridge: 	at com.google.android.gms.ads.nonagon.signals.a.b(:com.google.android.gms.policy_ads_fdr_dynamite@231710101@231710100057.526733554.526733554:3)

06-22 20:15:41.262  5347  5347 I LSPosed-Bridge: 	at com.google.android.gms.ads.nonagon.signals.fp.a(:com.google.android.gms.policy_ads_fdr_dynamite@231710101@231710100057.526733554.526733554:3)

06-22 20:15:41.262  5347  5347 I LSPosed-Bridge: 	at com.google.android.gms.ads.nonagon.ad.common.ci.a(:com.google.android.gms.policy_ads_fdr_dynamite@231710101@231710100057.526733554.526733554:0)

06-22 20:15:41.262  5347  5347 I LSPosed-Bridge: 	at com.google.android.gms.ads.nonagon.ad.common.ci.b(:com.google.android.gms.policy_ads_fdr_dynamite@231710101@231710100057.526733554.526733554:1)

06-22 20:15:41.262  5347  5347 I LSPosed-Bridge: 	at com.google.android.gms.ads.nonagon.ad.common.ai.d(:com.google.android.gms.policy_ads_fdr_dynamite@231710101@231710100057.526733554.526733554:29)

06-22 20:15:41.262  5347  5347 I LSPosed-Bridge: 	at com.google.android.gms.ads.nonagon.ad.common.ai.b(:com.google.android.gms.policy_ads_fdr_dynamite@231710101@231710100057.526733554.526733554:0)

06-22 20:15:41.262  5347  5347 I LSPosed-Bridge: 	at com.google.android.gms.ads.nonagon.shim.adapters.b.c(:com.google.android.gms.policy_ads_fdr_dynamite@231710101@231710100057.526733554.526733554:19)

06-22 20:15:41.262  5347  5347 I LSPosed-Bridge: 	at com.google.android.gms.ads.nonagon.shim.d.g(:com.google.android.gms.policy_ads_fdr_dynamite@231710101@231710100057.526733554.526733554:2)

06-22 20:15:41.262  5347  5347 I LSPosed-Bridge: 	at com.google.android.gms.ads.internal.client.aw.bN(:com.google.android.gms.policy_ads_fdr_dynamite@231710101@231710100057.526733554.526733554:10)

06-22 20:15:41.262  5347  5347 I LSPosed-Bridge: 	at agb.onTransact(:com.google.android.gms.policy_ads_fdr_dynamite@231710101@231710100057.526733554.526733554:4)

06-22 20:15:41.262  5347  5347 I LSPosed-Bridge: 	at android.os.Binder.transact(Binder.java:667)

06-22 20:15:41.262  5347  5347 I LSPosed-Bridge: 	at com.google.android.gms.internal.ads.gZ.b(SourceFile:2)

06-22 20:15:41.262  5347  5347 I LSPosed-Bridge: 	at com.google.android.gms.internal.ads.Nga.a(SourceFile:3)

06-22 20:15:41.262  5347  5347 I LSPosed-Bridge: 	at com.google.android.gms.ads.c.a(SourceFile:1)

06-22 20:15:41.262  5347  5347 I LSPosed-Bridge: 	at com.google.android.gms.ads.c.a(SourceFile:3)

06-22 20:15:41.262  5347  5347 I LSPosed-Bridge: 	at com.zjsoft.admob.i.a(SourceFile:47)

06-22 20:15:41.262  5347  5347 I LSPosed-Bridge: 	at AJ.a(SourceFile:8)

06-22 20:15:41.262  5347  5347 I LSPosed-Bridge: 	at AJ.a(SourceFile:3)

06-22 20:15:41.262  5347  5347 I LSPosed-Bridge: 	at zJ.a(SourceFile:4)

06-22 20:15:41.262  5347  5347 I LSPosed-Bridge: 	at com.zjsoft.admob.h.onAdFailedToLoad(SourceFile:4)

06-22 20:15:41.262  5347  5347 I LSPosed-Bridge: 	at com.google.android.gms.internal.ads.hga.a(SourceFile:1)

06-22 20:15:41.262  5347  5347 I LSPosed-Bridge: 	at com.google.android.gms.internal.ads.Jga.a(SourceFile:7)

06-22 20:15:41.262  5347  5347 I LSPosed-Bridge: 	at com.google.android.gms.internal.ads.fZ.onTransact(SourceFile:3)

06-22 20:15:41.262  5347  5347 I LSPosed-Bridge: 	at android.os.Binder.transact(Binder.java:667)

06-22 20:15:41.262  5347  5347 I LSPosed-Bridge: 	at aga.ba(:com.google.android.gms.policy_ads_fdr_dynamite@231710101@231710100057.526733554.526733554:2)

06-22 20:15:41.262  5347  5347 I LSPosed-Bridge: 	at com.google.android.gms.ads.internal.client.ap.d(:com.google.android.gms.policy_ads_fdr_dynamite@231710101@231710100057.526733554.526733554:0)

06-22 20:15:41.262  5347  5347 I LSPosed-Bridge: 	at com.google.android.gms.ads.nonagon.shim.u.a(:com.google.android.gms.policy_ads_fdr_dynamite@231710101@231710100057.526733554.526733554:0)

06-22 20:15:41.262  5347  5347 I LSPosed-Bridge: 	at com.google.android.gms.ads.nonagon.slot.common.p.a(:com.google.android.gms.policy_ads_fdr_dynamite@231710101@231710100057.526733554.526733554:2)

06-22 20:15:41.262  5347  5347 I LSPosed-Bridge: 	at com.google.android.gms.ads.nonagon.shim.z.bn(:com.google.android.gms.policy_ads_fdr_dynamite@231710101@231710100057.526733554.526733554:2)

06-22 20:15:41.262  5347  5347 I LSPosed-Bridge: 	at com.google.android.gms.ads.nonagon.shim.listeners.a.bn(:com.google.android.gms.policy_ads_fdr_dynamite@231710101@231710100057.526733554.526733554:2)

06-22 20:15:41.262  5347  5347 I LSPosed-Bridge: 	at com.google.android.gms.ads.nonagon.shim.loaders.f.run(:com.google.android.gms.policy_ads_fdr_dynamite@231710101@231710100057.526733554.526733554:0)

06-22 20:15:41.262  5347  5347 I LSPosed-Bridge: 	at android.os.Handler.handleCallback(Handler.java:873)

06-22 20:15:41.262  5347  5347 I LSPosed-Bridge: 	at android.os.Handler.dispatchMessage(Handler.java:99)

06-22 20:15:41.262  5347  5347 I LSPosed-Bridge: 	at atm.a(:com.google.android.gms.policy_ads_fdr_dynamite@231710101@231710100057.526733554.526733554:0)

06-22 20:15:41.262  5347  5347 I LSPosed-Bridge: 	at com.google.android.gms.ads.internal.util.f.a(:com.google.android.gms.policy_ads_fdr_dynamite@231710101@231710100057.526733554.526733554:1)

06-22 20:15:41.262  5347  5347 I LSPosed-Bridge: 	at atm.dispatchMessage(:com.google.android.gms.policy_ads_fdr_dynamite@231710101@231710100057.526733554.526733554:0)

06-22 20:15:41.262  5347  5347 I LSPosed-Bridge: 	at androi

06-22 20:16:29.225  1575  1588 I LSPosed-Bridge: 5347 PermLabel 10124 AMS.checkPermission: Binder.getCallingPid() = 5347; uid = 10124; Binder.getCallingUid() = 10124; getNameForUid: loseweightapp.loseweightappforwomen.womenworkoutathome; getPackagesForUid: [loseweightapp.loseweightappforwomen.womenworkoutathome]; permName: android.permission.GET_TASKS; type = 0; res = -1; stacktrace=java.lang.Exception

06-22 20:16:29.225  1575  1588 I LSPosed-Bridge: 	at com.example.permlabel.requirePerm$1$2.afterHookedMethod(requirePerm.java:127)

06-22 20:16:29.225  1575  1588 I LSPosed-Bridge: 	at de.robv.android.xposed.XposedBridge$AdditionalHookInfo.callback(Unknown Source:147)

06-22 20:16:29.225  1575  1588 I LSPosed-Bridge: 	at LSPHooker_.checkPermission(Unknown Source:25)

06-22 20:16:29.225  1575  1588 I LSPosed-Bridge: 	at com.android.server.am.ActivityManagerService.isGetTasksAllowed(ActivityManagerService.java:10902)

06-22 20:16:29.225  1575  1588 I LSPosed-Bridge: 	at com.android.server.am.ActivityManagerService.getRunningAppProcesses(ActivityManagerService.java:16139)

06-22 20:16:29.225  1575  1588 I LSPosed-Bridge: 	at android.app.IActivityManager$Stub.onTransact(IActivityManager.java:1088)

06-22 20:16:29.225  1575  1588 I LSPosed-Bridge: 	at com.android.server.am.ActivityManagerService.onTransact(ActivityManagerService.java:3346)

06-22 20:16:29.225  1575  1588 I LSPosed-Bridge: 	at android.os.Binder.execTransact(Binder.java:731)

06-22 20:16:29.225   553   553 I ConfigStore: android::hardware::configstore::V1_0::ISurfaceFlingerConfigs::hasHDRDisplay retrieved: 0

06-22 20:16:30.798  1575  6485 I AudioService: In isSpeakerphoneOn(), mForcedUseForCommExt: 0

06-22 20:16:30.798  1575  6484 I LSPosed-Bridge: 5347 PermLabel 10124 AMS.checkPermission: Binder.getCallingPid() = 5347; uid = 10124; Binder.getCallingUid() = 10124; getNameForUid: loseweightapp.loseweightappforwomen.womenworkoutathome; getPackagesForUid: [loseweightapp.loseweightappforwomen.womenworkoutathome]; permName: android.permission.GET_TASKS; type = 0; res = -1; stacktrace=java.lang.Exception

06-22 20:16:30.798  1575  6484 I LSPosed-Bridge: 	at com.example.permlabel.requirePerm$1$2.afterHookedMethod(requirePerm.java:127)

06-22 20:16:30.798  1575  6484 I LSPosed-Bridge: 	at de.robv.android.xposed.XposedBridge$AdditionalHookInfo.callback(Unknown Source:147)

06-22 20:16:30.798  1575  6484 I LSPosed-Bridge: 	at LSPHooker_.checkPermission(Unknown Source:25)

06-22 20:16:30.798  1575  6484 I LSPosed-Bridge: 	at com.android.server.am.ActivityManagerService.isGetTasksAllowed(ActivityManagerService.java:10902)

06-22 20:16:30.798  1575  6484 I LSPosed-Bridge: 	at com.android.server.am.ActivityManagerService.getRunningAppProcesses(ActivityManagerService.java:16139)

06-22 20:16:30.798  1575  6484 I LSPosed-Bridge: 	at android.app.IActivityManager$Stub.onTransact(IActivityManager.java:1088)

06-22 20:16:30.798  1575  6484 I LSPosed-Bridge: 	at com.android.server.am.ActivityManagerService.onTransact(ActivityManagerService.java:3346)

06-22 20:16:30.798  1575  6484 I LSPosed-Bridge: 	at android.os.Binder.execTransact(Binder.java:731)

06-22 20:16:30.798  5347  5347 I LSPosed-Bridge: 5347 PermLabel 10124 ContextImpl.checkPermission: pid = 5347; uid = 10124; permName: com.google.android.gms.permission.AD_ID; type = 0; res = -1; stacktrace=java.lang.Exception

06-22 20:16:30.798  5347  5347 I LSPosed-Bridge: 	at com.example.permlabel.requestPerm$2.afterHookedMethod(requestPerm.java:212)

06-22 20:16:30.798  5347  5347 I LSPosed-Bridge: 	at de.robv.android.xposed.XposedBridge$AdditionalHookInfo.callback(Unknown Source:147)

06-22 20:16:30.798  5347  5347 I LSPosed-Bridge: 	at LSPHooker_.checkPermission(Unknown Source:25)

06-22 20:16:30.798  5347  5347 I LSPosed-Bridge: 	at android.content.ContextWrapper.checkPermission(ContextWrapper.java:738)

06-22 20:16:30.798  5347  5347 I LSPosed-Bridge: 	at com.google.android.gms.ads.nonagon.signals.a.b(:com.google.android.gms.policy_ads_fdr_dynamite@231710101@231710100057.526733554.526733554:3)

06-22 20:16:30.798  5347  5347 I LSPosed-Bridge: 	at com.google.android.gms.ads.nonagon.signals.fp.a(:com.google.android.gms.policy_ads_fdr_dynamite@231710101@231710100057.526733554.526733554:3)

06-22 20:16:30.798  5347  5347 I LSPosed-Bridge: 	at com.google.android.gms.ads.nonagon.ad.common.ci.a(:com.google.android.gms.policy_ads_fdr_dynamite@231710101@231710100057.526733554.526733554:0)

06-22 20:16:30.798  5347  5347 I LSPosed-Bridge: 	at com.google.android.gms.ads.nonagon.ad.common.ci.b(:com.google.android.gms.policy_ads_fdr_dynamite@231710101@231710100057.526733554.526733554:1)

06-22 20:16:30.798  5347  5347 I LSPosed-Bridge: 	at com.google.android.gms.ads.nonagon.ad.common.ai.d(:com.google.android.gms.policy_ads_fdr_dynamite@231710101@231710100057.526733554.526733554:29)

06-22 20:16:30.798  5347  5347 I LSPosed-Bridge: 	at com.google.android.gms.ads.nonagon.ad.common.ai.b(:com.google.android.gms.policy_ads_fdr_dynamite@231710101@231710100057.526733554.526733554:0)

06-22 20:16:30.798  5347  5347 I LSPosed-Bridge: 	at com.google.android.gms.ads.nonagon.shim.adapters.b.c(:com.google.android.gms.policy_ads_fdr_dynamite@231710101@231710100057.526733554.526733554:19)

06-22 20:16:30.798  5347  5347 I LSPosed-Bridge: 	at com.google.android.gms.ads.nonagon.shim.d.g(:com.google.android.gms.policy_ads_fdr_dynamite@231710101@231710100057.526733554.526733554:2)

06-22 20:16:30.798  5347  5347 I LSPosed-Bridge: 	at com.google.android.gms.ads.internal.client.aw.bN(:com.google.android.gms.policy_ads_fdr_dynamite@231710101@231710100057.526733554.526733554:10)

06-22 20:16:30.798  5347  5347 I LSPosed-Bridge: 	at agb.onTransact(:com.google.android.gms.policy_ads_fdr_dynamite@231710101@231710100057.526733554.526733554:4)

06-22 20:16:30.798  5347  5347 I LSPosed-Bridge: 	at android.os.Binder.transact(Binder.java:667)

06-22 20:16:30.798  5347  5347 I LSPosed-Bridge: 	at com.google.android.gms.internal.ads.gZ.b(SourceFile:2)

06-22 20:16:30.798  5347  5347 I LSPosed-Bridge: 	at com.google.android.gms.internal.ads.Nga.a(SourceFile:3)

06-22 20:16:30.798  5347  5347 I LSPosed-Bridge: 	at com.google.android.gms.ads.c.a(SourceFile:1)

06-22 20:16:30.798  5347  5347 I LSPosed-Bridge: 	at com.google.android.gms.ads.c.a(SourceFile:3)

06-22 20:16:30.798  5347  5347 I LSPosed-Bridge: 	at com.zjsoft.admob.i.a(SourceFile:47)

06-22 20:16:30.798  5347  5347 I LSPosed-Bridge: 	at AJ.a(SourceFile:8)

06-22 20:16:30.798  5347  5347 I LSPosed-Bridge: 	at AJ.a(SourceFile:3)

06-22 20:16:30.798  5347  5347 I LSPosed-Bridge: 	at zJ.a(SourceFile:4)

06-22 20:16:30.798  5347  5347 I LSPosed-Bridge: 	at com.zjsoft.admob.h.onAdFailedToLoad(SourceFile:4)

06-22 20:16:30.798  5347  5347 I LSPosed-Bridge: 	at com.google.android.gms.internal.ads.hga.a(SourceFile:1)

06-22 20:16:30.798  5347  5347 I LSPosed-Bridge: 	at com.google.android.gms.internal.ads.Jga.a(SourceFile:7)

06-22 20:16:30.798  5347  5347 I LSPosed-Bridge: 	at com.google.android.gms.internal.ads.fZ.onTransact(SourceFile:3)

06-22 20:16:30.798  5347  5347 I LSPosed-Bridge: 	at android.os.Binder.transact(Binder.java:667)

06-22 20:16:30.798  5347  5347 I LSPosed-Bridge: 	at aga.ba(:com.google.android.gms.policy_ads_fdr_dynamite@231710101@231710100057.526733554.526733554:2)

06-22 20:16:30.798  5347  5347 I LSPosed-Bridge: 	at com.google.android.gms.ads.internal.client.ap.d(:com.google.android.gms.policy_ads_fdr_dynamite@231710101@231710100057.526733554.526733554:0)

06-22 20:16:30.798  5347  5347 I LSPosed-Bridge: 	at com.google.android.gms.ads.nonagon.shim.u.a(:com.google.android.gms.policy_ads_fdr_dynamite@231710101@231710100057.526733554.526733554:0)

06-22 20:16:30.798  5347  5347 I LSPosed-Bridge: 	at com.google.android.gms.ads.nonagon.slot.common.p.a(:com.google.android.gms.policy_ads_fdr_dynamite@231710101@231710100057.526733554.526733554:2)

06-22 20:16:30.798  5347  5347 I LSPosed-Bridge: 	at com.google.android.gms.ads.nonagon.shim.z.bn(:com.google.android.gms.policy_ads_fdr_dynamite@231710101@231710100057.526733554.526733554:2)

06-22 20:16:30.798  5347  5347 I LSPosed-Bridge: 	at com.google.android.gms.ads.nonagon.shim.listeners.a.bn(:com.google.android.gms.policy_ads_fdr_dynamite@231710101@231710100057.526733554.526733554:2)

06-22 20:16:30.798  5347  5347 I LSPosed-Bridge: 	at com.google.android.gms.ads.nonagon.shim.loaders.f.run(:com.google.android.gms.policy_ads_fdr_dynamite@231710101@231710100057.526733554.526733554:0)

06-22 20:16:30.798  5347  5347 I LSPosed-Bridge: 	at android.os.Handler.handleCallback(Handler.java:873)

06-22 20:16:30.798  5347  5347 I LSPosed-Bridge: 	at android.os.Handler.dispatchMessage(Handler.java:99)

06-22 20:16:30.798  5347  5347 I LSPosed-Bridge: 	at atm.a(:com.google.android.gms.policy_ads_fdr_dynamite@231710101@231710100057.526733554.526733554:0)

06-22 20:16:30.798  5347  5347 I LSPosed-Bridge: 	at com.google.android.gms.ads.internal.util.f.a(:com.google.android.gms.policy_ads_fdr_dynamite@231710101@231710100057.526733554.526733554:1)

06-22 20:16:30.798  5347  5347 I LSPosed-Bridge: 	at atm.dispatchMessage(:com.google.android.gms.policy_ads_fdr_dynamite@231710101@231710100057.526733554.526733554:0)

06-22 20:16:30.798  5347  5347 I LSPosed-Bridge: 	at androi

06-22 20:16:31.268  1575  6485 I LSPosed-Bridge: 5347 PermLabel 10124 AMS.checkPermission: Binder.getCallingPid() = 5347; uid = 10124; Binder.getCallingUid() = 10124; getNameForUid: loseweightapp.loseweightappforwomen.womenworkoutathome; getPackagesForUid: [loseweightapp.loseweightappforwomen.womenworkoutathome]; permName: android.permission.GET_TASKS; type = 0; res = -1; stacktrace=java.lang.Exception

06-22 20:16:31.268  1575  6485 I LSPosed-Bridge: 	at com.example.permlabel.requirePerm$1$2.afterHookedMethod(requirePerm.java:127)

06-22 20:16:31.268  1575  6485 I LSPosed-Bridge: 	at de.robv.android.xposed.XposedBridge$AdditionalHookInfo.callback(Unknown Source:147)

06-22 20:16:31.268  1575  6485 I LSPosed-Bridge: 	at LSPHooker_.checkPermission(Unknown Source:25)

06-22 20:16:31.268  1575  6485 I LSPosed-Bridge: 	at com.android.server.am.ActivityManagerService.isGetTasksAllowed(ActivityManagerService.java:10902)

06-22 20:16:31.268  1575  6485 I LSPosed-Bridge: 	at com.android.server.am.ActivityManagerService.getRunningAppProcesses(ActivityManagerService.java:16139)

06-22 20:16:31.268  1575  6485 I LSPosed-Bridge: 	at android.app.IActivityManager$Stub.onTransact(IActivityManager.java:1088)

06-22 20:16:31.268  1575  6485 I LSPosed-Bridge: 	at com.android.server.am.ActivityManagerService.onTransact(ActivityManagerService.java:3346)

06-22 20:16:31.268  1575  6485 I LSPosed-Bridge: 	at android.os.Binder.execTransact(Binder.java:731)

06-22 20:17:00.102  1575  6485 I LSPosed-Bridge: 5347 PermLabel 10124 AMS.checkPermission: Binder.getCallingPid() = 5347; uid = 10124; Binder.getCallingUid() = 10124; getNameForUid: loseweightapp.loseweightappforwomen.womenworkoutathome; getPackagesForUid: [loseweightapp.loseweightappforwomen.womenworkoutathome]; permName: android.permission.GET_TASKS; type = 0; res = -1; stacktrace=java.lang.Exception

06-22 20:17:00.102  1575  6485 I LSPosed-Bridge: 	at com.example.permlabel.requirePerm$1$2.afterHookedMethod(requirePerm.java:127)

06-22 20:17:00.102  1575  6485 I LSPosed-Bridge: 	at de.robv.android.xposed.XposedBridge$AdditionalHookInfo.callback(Unknown Source:147)

06-22 20:17:00.102  1575  6485 I LSPosed-Bridge: 	at LSPHooker_.checkPermission(Unknown Source:25)

06-22 20:17:00.102  1575  6485 I LSPosed-Bridge: 	at com.android.server.am.ActivityManagerService.isGetTasksAllowed(ActivityManagerService.java:10902)

06-22 20:17:00.102  1575  6485 I LSPosed-Bridge: 	at com.android.server.am.ActivityManagerService.getRunningAppProcesses(ActivityManagerService.java:16139)

06-22 20:17:00.102  1575  6485 I LSPosed-Bridge: 	at android.app.IActivityManager$Stub.onTransact(IActivityManager.java:1088)

06-22 20:17:00.102  1575  6485 I LSPosed-Bridge: 	at com.android.server.am.ActivityManagerService.onTransact(ActivityManagerService.java:3346)

06-22 20:17:00.102  1575  6485 I LSPosed-Bridge: 	at android.os.Binder.execTransact(Binder.java:731)

06-22 20:17:00.885  1575  2489 I LSPosed-Bridge: 5347 PermLabel 10124 AMS.checkPermission: Binder.getCallingPid() = 5347; uid = 10124; Binder.getCallingUid() = 10124; getNameForUid: loseweightapp.loseweightappforwomen.womenworkoutathome; getPackagesForUid: [loseweightapp.loseweightappforwomen.womenworkoutathome]; permName: android.permission.GET_TASKS; type = 0; res = -1; stacktrace=java.lang.Exception

06-22 20:17:00.885  1575  2489 I LSPosed-Bridge: 	at com.example.permlabel.requirePerm$1$2.afterHookedMethod(requirePerm.java:127)

06-22 20:17:00.885  1575  2489 I LSPosed-Bridge: 	at de.robv.android.xposed.XposedBridge$AdditionalHookInfo.callback(Unknown Source:147)

06-22 20:17:00.885  1575  2489 I LSPosed-Bridge: 	at LSPHooker_.checkPermission(Unknown Source:25)

06-22 20:17:00.885  1575  2489 I LSPosed-Bridge: 	at com.android.server.am.ActivityManagerService.isGetTasksAllowed(ActivityManagerService.java:10902)

06-22 20:17:00.885  1575  2489 I LSPosed-Bridge: 	at com.android.server.am.ActivityManagerService.getRunningAppProcesses(ActivityManagerService.java:16139)

06-22 20:17:00.885  1575  2489 I LSPosed-Bridge: 	at android.app.IActivityManager$Stub.onTransact(IActivityManager.java:1088)

06-22 20:17:00.885  1575  2489 I LSPosed-Bridge: 	at com.android.server.am.ActivityManagerService.onTransact(ActivityManagerService.java:3346)

06-22 20:17:00.885  1575  2489 I LSPosed-Bridge: 	at android.os.Binder.execTransact(Binder.java:731)

06-22 20:17:00.885  1575  6485 I LSPosed-Bridge: 5347 PermLabel 10124 AMS.checkPermission: Binder.getCallingPid() = 5347; uid = 10124; Binder.getCallingUid() = 10124; getNameForUid: loseweightapp.loseweightappforwomen.womenworkoutathome; getPackagesForUid: [loseweightapp.loseweightappforwomen.womenworkoutathome]; permName: com.google.android.gms.permission.AD_ID; type = 0; res = -1; stacktrace=java.lang.Exception

06-22 20:17:00.885  1575  6485 I LSPosed-Bridge: 	at com.example.permlabel.requirePerm$1$2.afterHookedMethod(requirePerm.java:127)

06-22 20:17:00.885  1575  6485 I LSPosed-Bridge: 	at de.robv.android.xposed.XposedBridge$AdditionalHookInfo.callback(Unknown Source:147)

06-22 20:17:00.885  1575  6485 I LSPosed-Bridge: 	at LSPHooker_.checkPermission(Unknown Source:25)

06-22 20:17:00.885  1575  6485 I LSPosed-Bridge: 	at android.app.IActivityManager$Stub.onTransact(IActivityManager.java:664)

06-22 20:17:00.885  1575  6485 I LSPosed-Bridge: 	at com.android.server.am.ActivityManagerService.onTransact(ActivityManagerService.java:3346)

06-22 20:17:00.885  1575  6485 I LSPosed-Bridge: 	at android.os.Binder.execTransact(Binder.java:731)

06-22 20:17:01.279  1575  6485 I LSPosed-Bridge: 5347 PermLabel 10124 AMS.checkPermission: Binder.getCallingPid() = 5347; uid = 10124; Binder.getCallingUid() = 10124; getNameForUid: loseweightapp.loseweightappforwomen.womenworkoutathome; getPackagesForUid: [loseweightapp.loseweightappforwomen.womenworkoutathome]; permName: android.permission.GET_TASKS; type = 0; res = -1; stacktrace=java.lang.Exception

06-22 20:17:01.279  1575  6485 I LSPosed-Bridge: 	at com.example.permlabel.requirePerm$1$2.afterHookedMethod(requirePerm.java:127)

06-22 20:17:01.279  1575  6485 I LSPosed-Bridge: 	at de.robv.android.xposed.XposedBridge$AdditionalHookInfo.callback(Unknown Source:147)

06-22 20:17:01.279  1575  6485 I LSPosed-Bridge: 	at LSPHooker_.checkPermission(Unknown Source:25)

06-22 20:17:01.279  1575  6485 I LSPosed-Bridge: 	at com.android.server.am.ActivityManagerService.isGetTasksAllowed(ActivityManagerService.java:10902)

06-22 20:17:01.279  1575  6485 I LSPosed-Bridge: 	at com.android.server.am.ActivityManagerService.getRunningAppProcesses(ActivityManagerService.java:16139)

06-22 20:17:01.279  1575  6485 I LSPosed-Bridge: 	at android.app.IActivityManager$Stub.onTransact(IActivityManager.java:1088)

06-22 20:17:01.279  1575  6485 I LSPosed-Bridge: 	at com.android.server.am.ActivityManagerService.onTransact(ActivityManagerService.java:3346)

06-22 20:17:01.279  1575  6485 I LSPosed-Bridge: 	at android.os.Binder.execTransact(Binder.java:731)

06-22 20:17:01.279  1575  6484 I LSPosed-Bridge: 5347 PermLabel 10124 AMS.checkPermission: Binder.getCallingPid() = 5347; uid = 10124; Binder.getCallingUid() = 10124; getNameForUid: loseweightapp.loseweightappforwomen.womenworkoutathome; getPackagesForUid: [loseweightapp.loseweightappforwomen.womenworkoutathome]; permName: com.google.android.gms.permission.AD_ID; type = 0; res = -1; stacktrace=java.lang.Exception

06-22 20:17:01.279  1575  6484 I LSPosed-Bridge: 	at com.example.permlabel.requirePerm$1$2.afterHookedMethod(requirePerm.java:127)

06-22 20:17:01.279  1575  6484 I LSPosed-Bridge: 	at de.robv.android.xposed.XposedBridge$AdditionalHookInfo.callback(Unknown Source:147)

06-22 20:17:01.279  1575  6484 I LSPosed-Bridge: 	at LSPHooker_.checkPermission(Unknown Source:25)

06-22 20:17:01.279  1575  6484 I LSPosed-Bridge: 	at android.app.IActivityManager$Stub.onTransact(IActivityManager.java:664)

06-22 20:17:01.279  1575  6484 I LSPosed-Bridge: 	at com.android.server.am.ActivityManagerService.onTransact(ActivityManagerService.java:3346)

06-22 20:17:01.279  1575  6484 I LSPosed-Bridge: 	at android.os.Binder.execTransact(Binder.java:731)

06-22 20:17:07.399  1575  6355 I LSPosed-Bridge: 5347 PermLabel 10124 AMS.checkPermission: Binder.getCallingPid() = 5347; uid = 10124; Binder.getCallingUid() = 10124; getNameForUid: loseweightapp.loseweightappforwomen.womenworkoutathome; getPackagesForUid: [loseweightapp.loseweightappforwomen.womenworkoutathome]; permName: android.permission.GET_TASKS; type = 0; res = -1; stacktrace=java.lang.Exception

06-22 20:17:07.399  1575  6355 I LSPosed-Bridge: 	at com.example.permlabel.requirePerm$1$2.afterHookedMethod(requirePerm.java:127)

06-22 20:17:07.399  1575  6355 I LSPosed-Bridge: 	at de.robv.android.xposed.XposedBridge$AdditionalHookInfo.callback(Unknown Source:147)

06-22 20:17:07.399  1575  6355 I LSPosed-Bridge: 	at LSPHooker_.checkPermission(Unknown Source:25)

06-22 20:17:07.399  1575  6355 I LSPosed-Bridge: 	at com.android.server.am.ActivityManagerService.isGetTasksAllowed(ActivityManagerService.java:10902)

06-22 20:17:07.399  1575  6355 I LSPosed-Bridge: 	at com.android.server.am.ActivityManagerService.getRunningAppProcesses(ActivityManagerService.java:16139)

06-22 20:17:07.399  1575  6355 I LSPosed-Bridge: 	at android.app.IActivityManager$Stub.onTransact(IActivityManager.java:1088)

06-22 20:17:07.399  1575  6355 I LSPosed-Bridge: 	at com.android.server.am.ActivityManagerService.onTransact(ActivityManagerService.java:3346)

06-22 20:17:07.399  1575  6355 I LSPosed-Bridge: 	at android.os.Binder.execTransact(Binder.java:731)

06-22 20:17:07.944  1575  2489 I LSPosed-Bridge: 5347 PermLabel 10124 AMS.checkPermission: Binder.getCallingPid() = 5347; uid = 10124; Binder.getCallingUid() = 10124; getNameForUid: loseweightapp.loseweightappforwomen.womenworkoutathome; getPackagesForUid: [loseweightapp.loseweightappforwomen.womenworkoutathome]; permName: android.permission.GET_TASKS; type = 0; res = -1; stacktrace=java.lang.Exception

06-22 20:17:07.944  1575  2489 I LSPosed-Bridge: 	at com.example.permlabel.requirePerm$1$2.afterHookedMethod(requirePerm.java:127)

06-22 20:17:07.944  1575  2489 I LSPosed-Bridge: 	at de.robv.android.xposed.XposedBridge$AdditionalHookInfo.callback(Unknown Source:147)

06-22 20:17:07.944  1575  2489 I LSPosed-Bridge: 	at LSPHooker_.checkPermission(Unknown Source:25)

06-22 20:17:07.944  1575  2489 I LSPosed-Bridge: 	at com.android.server.am.ActivityManagerService.isGetTasksAllowed(ActivityManagerService.java:10902)

06-22 20:17:07.944  1575  2489 I LSPosed-Bridge: 	at com.android.server.am.ActivityManagerService.getRunningAppProcesses(ActivityManagerService.java:16139)

06-22 20:17:07.944  1575  2489 I LSPosed-Bridge: 	at android.app.IActivityManager$Stub.onTransact(IActivityManager.java:1088)

06-22 20:17:07.944  1575  2489 I LSPosed-Bridge: 	at com.android.server.am.ActivityManagerService.onTransact(ActivityManagerService.java:3346)

06-22 20:17:07.944  1575  2489 I LSPosed-Bridge: 	at android.os.Binder.execTransact(Binder.java:731)

06-22 20:17:07.944  5347  5347 I LSPosed-Bridge: 5347 PermLabel 10124 ContextImpl.checkPermission: pid = 5347; uid = 10124; permName: com.google.android.gms.permission.AD_ID; type = 0; res = -1; stacktrace=java.lang.Exception

06-22 20:17:07.944  5347  5347 I LSPosed-Bridge: 	at com.example.permlabel.requestPerm$2.afterHookedMethod(requestPerm.java:212)

06-22 20:17:07.944  5347  5347 I LSPosed-Bridge: 	at de.robv.android.xposed.XposedBridge$AdditionalHookInfo.callback(Unknown Source:147)

06-22 20:17:07.944  5347  5347 I LSPosed-Bridge: 	at LSPHooker_.checkPermission(Unknown Source:25)

06-22 20:17:07.944  5347  5347 I LSPosed-Bridge: 	at android.content.ContextWrapper.checkPermission(ContextWrapper.java:738)

06-22 20:17:07.944  5347  5347 I LSPosed-Bridge: 	at com.google.android.gms.ads.nonagon.signals.a.b(:com.google.android.gms.policy_ads_fdr_dynamite@231710101@231710100057.526733554.526733554:3)

06-22 20:17:07.944  5347  5347 I LSPosed-Bridge: 	at com.google.android.gms.ads.nonagon.signals.fp.a(:com.google.android.gms.policy_ads_fdr_dynamite@231710101@231710100057.526733554.526733554:3)

06-22 20:17:07.944  5347  5347 I LSPosed-Bridge: 	at com.google.android.gms.ads.nonagon.ad.common.ci.a(:com.google.android.gms.policy_ads_fdr_dynamite@231710101@231710100057.526733554.526733554:0)

06-22 20:17:07.944  5347  5347 I LSPosed-Bridge: 	at com.google.android.gms.ads.nonagon.ad.common.ci.b(:com.google.android.gms.policy_ads_fdr_dynamite@231710101@231710100057.526733554.526733554:1)

06-22 20:17:07.944  5347  5347 I LSPosed-Bridge: 	at com.google.android.gms.ads.nonagon.ad.common.ai.d(:com.google.android.gms.policy_ads_fdr_dynamite@231710101@231710100057.526733554.526733554:29)

06-22 20:17:07.944  5347  5347 I LSPosed-Bridge: 	at com.google.android.gms.ads.nonagon.ad.common.ai.b(:com.google.android.gms.policy_ads_fdr_dynamite@231710101@231710100057.526733554.526733554:0)

06-22 20:17:07.944  5347  5347 I LSPosed-Bridge: 	at com.google.android.gms.ads.nonagon.shim.adapters.b.c(:com.google.android.gms.policy_ads_fdr_dynamite@231710101@231710100057.526733554.526733554:19)

06-22 20:17:07.944  5347  5347 I LSPosed-Bridge: 	at com.google.android.gms.ads.nonagon.shim.d.g(:com.google.android.gms.policy_ads_fdr_dynamite@231710101@231710100057.526733554.526733554:2)

06-22 20:17:07.944  5347  5347 I LSPosed-Bridge: 	at com.google.android.gms.ads.internal.client.aw.bN(:com.google.android.gms.policy_ads_fdr_dynamite@231710101@231710100057.526733554.526733554:10)

06-22 20:17:07.944  5347  5347 I LSPosed-Bridge: 	at agb.onTransact(:com.google.android.gms.policy_ads_fdr_dynamite@231710101@231710100057.526733554.526733554:4)

06-22 20:17:07.944  5347  5347 I LSPosed-Bridge: 	at android.os.Binder.transact(Binder.java:667)

06-22 20:17:07.944  5347  5347 I LSPosed-Bridge: 	at com.google.android.gms.internal.ads.gZ.b(SourceFile:2)

06-22 20:17:07.944  5347  5347 I LSPosed-Bridge: 	at com.google.android.gms.internal.ads.Nga.a(SourceFile:3)

06-22 20:17:07.944  5347  5347 I LSPosed-Bridge: 	at com.google.android.gms.ads.c.a(SourceFile:1)

06-22 20:17:07.944  5347  5347 I LSPosed-Bridge: 	at com.google.android.gms.ads.c.a(SourceFile:3)

06-22 20:17:07.944  5347  5347 I LSPosed-Bridge: 	at com.zjsoft.admob.i.a(SourceFile:47)

06-22 20:17:07.944  5347  5347 I LSPosed-Bridge: 	at AJ.a(SourceFile:8)

06-22 20:17:07.944  5347  5347 I LSPosed-Bridge: 	at AJ.a(SourceFile:3)

06-22 20:17:07.944  5347  5347 I LSPosed-Bridge: 	at zJ.a(SourceFile:4)

06-22 20:17:07.944  5347  5347 I LSPosed-Bridge: 	at com.zjsoft.admob.h.onAdFailedToLoad(SourceFile:4)

06-22 20:17:07.944  5347  5347 I LSPosed-Bridge: 	at com.google.android.gms.internal.ads.hga.a(SourceFile:1)

06-22 20:17:07.944  5347  5347 I LSPosed-Bridge: 	at com.google.android.gms.internal.ads.Jga.a(SourceFile:7)

06-22 20:17:07.944  5347  5347 I LSPosed-Bridge: 	at com.google.android.gms.internal.ads.fZ.onTransact(SourceFile:3)

06-22 20:17:07.944  5347  5347 I LSPosed-Bridge: 	at android.os.Binder.transact(Binder.java:667)

06-22 20:17:07.944  5347  5347 I LSPosed-Bridge: 	at aga.ba(:com.google.android.gms.policy_ads_fdr_dynamite@231710101@231710100057.526733554.526733554:2)

06-22 20:17:07.944  5347  5347 I LSPosed-Bridge: 	at com.google.android.gms.ads.internal.client.ap.d(:com.google.android.gms.policy_ads_fdr_dynamite@231710101@231710100057.526733554.526733554:0)

06-22 20:17:07.944  5347  5347 I LSPosed-Bridge: 	at com.google.android.gms.ads.nonagon.shim.u.a(:com.google.android.gms.policy_ads_fdr_dynamite@231710101@231710100057.526733554.526733554:0)

06-22 20:17:07.944  5347  5347 I LSPosed-Bridge: 	at com.google.android.gms.ads.nonagon.slot.common.p.a(:com.google.android.gms.policy_ads_fdr_dynamite@231710101@231710100057.526733554.526733554:2)

06-22 20:17:07.944  5347  5347 I LSPosed-Bridge: 	at com.google.android.gms.ads.nonagon.shim.z.bn(:com.google.android.gms.policy_ads_fdr_dynamite@231710101@231710100057.526733554.526733554:2)

06-22 20:17:07.944  5347  5347 I LSPosed-Bridge: 	at com.google.android.gms.ads.nonagon.shim.listeners.a.bn(:com.google.android.gms.policy_ads_fdr_dynamite@231710101@231710100057.526733554.526733554:2)

06-22 20:17:07.944  5347  5347 I LSPosed-Bridge: 	at com.google.android.gms.ads.nonagon.shim.loaders.f.run(:com.google.android.gms.policy_ads_fdr_dynamite@231710101@231710100057.526733554.526733554:0)

06-22 20:17:07.944  5347  5347 I LSPosed-Bridge: 	at android.os.Handler.handleCallback(Handler.java:873)

06-22 20:17:07.944  5347  5347 I LSPosed-Bridge: 	at android.os.Handler.dispatchMessage(Handler.java:99)

06-22 20:17:07.944  5347  5347 I LSPosed-Bridge: 	at atm.a(:com.google.android.gms.policy_ads_fdr_dynamite@231710101@231710100057.526733554.526733554:0)

06-22 20:17:07.944  5347  5347 I LSPosed-Bridge: 	at com.google.android.gms.ads.internal.util.f.a(:com.google.android.gms.policy_ads_fdr_dynamite@231710101@231710100057.526733554.526733554:1)

06-22 20:17:07.944  5347  5347 I LSPosed-Bridge: 	at atm.dispatchMessage(:com.google.android.gms.policy_ads_fdr_dynamite@231710101@231710100057.526733554.526733554:0)

06-22 20:17:07.944  5347  5347 I LSPosed-Bridge: 	at androi

06-22 20:17:08.308  1575  2489 I LSPosed-Bridge: 5347 PermLabel 10124 AMS.checkPermission: Binder.getCallingPid() = 5347; uid = 10124; Binder.getCallingUid() = 10124; getNameForUid: loseweightapp.loseweightappforwomen.womenworkoutathome; getPackagesForUid: [loseweightapp.loseweightappforwomen.womenworkoutathome]; permName: android.permission.GET_TASKS; type = 0; res = -1; stacktrace=java.lang.Exception

06-22 20:17:08.308  1575  2489 I LSPosed-Bridge: 	at com.example.permlabel.requirePerm$1$2.afterHookedMethod(requirePerm.java:127)

06-22 20:17:08.308  1575  2489 I LSPosed-Bridge: 	at de.robv.android.xposed.XposedBridge$AdditionalHookInfo.callback(Unknown Source:147)

06-22 20:17:08.308  1575  2489 I LSPosed-Bridge: 	at LSPHooker_.checkPermission(Unknown Source:25)

06-22 20:17:08.308  1575  2489 I LSPosed-Bridge: 	at com.android.server.am.ActivityManagerService.isGetTasksAllowed(ActivityManagerService.java:10902)

06-22 20:17:08.308  1575  2489 I LSPosed-Bridge: 	at com.android.server.am.ActivityManagerService.getRunningAppProcesses(ActivityManagerService.java:16139)

06-22 20:17:08.308  1575  2489 I LSPosed-Bridge: 	at android.app.IActivityManager$Stub.onTransact(IActivityManager.java:1088)

06-22 20:17:08.308  1575  2489 I LSPosed-Bridge: 	at com.android.server.am.ActivityManagerService.onTransact(ActivityManagerService.java:3346)

06-22 20:17:08.308  1575  2489 I LSPosed-Bridge: 	at android.os.Binder.execTransact(Binder.java:731)

06-22 20:17:14.748  1575  6478 I LSPosed-Bridge: 5347 PermLabel 10124 AMS.checkPermission: Binder.getCallingPid() = 5347; uid = 10124; Binder.getCallingUid() = 10124; getNameForUid: loseweightapp.loseweightappforwomen.womenworkoutathome; getPackagesForUid: [loseweightapp.loseweightappforwomen.womenworkoutathome]; permName: android.permission.GET_TASKS; type = 0; res = -1; stacktrace=java.lang.Exception

06-22 20:17:14.748  1575  6478 I LSPosed-Bridge: 	at com.example.permlabel.requirePerm$1$2.afterHookedMethod(requirePerm.java:127)

06-22 20:17:14.748  1575  6478 I LSPosed-Bridge: 	at de.robv.android.xposed.XposedBridge$AdditionalHookInfo.callback(Unknown Source:147)

06-22 20:17:14.748  1575  6478 I LSPosed-Bridge: 	at LSPHooker_.checkPermission(Unknown Source:25)

06-22 20:17:14.748  1575  6478 I LSPosed-Bridge: 	at com.android.server.am.ActivityManagerService.isGetTasksAllowed(ActivityManagerService.java:10902)

06-22 20:17:14.748  1575  6478 I LSPosed-Bridge: 	at com.android.server.am.ActivityManagerService.getRunningAppProcesses(ActivityManagerService.java:16139)

