07-23 03:17:05.433  7405  7943 I LSPosed-Bridge: 	at com.baidu.location.f.b.f(Unknown Source:22)

07-23 03:17:05.433  7405  7943 I LSPosed-Bridge: 	at com.baidu.location.b.l.a(Unknown Source:4)

07-23 03:17:05.433  7405  7943 I LSPosed-Bridge: 	at com.baidu.location.b.l.h(Unknown Source:66)

07-23 03:17:05.433  7405  7943 I LSPosed-Bridge: 	at com.baidu.location.b.l.b(Unknown Source:0)

07-23 03:17:05.433  7405  7943 I LSPosed-Bridge: 	at com.baidu.location.b.l$b.run(Unknown Source:31)

07-23 03:17:05.433  7405  7943 I LSPosed-Bridge: 	at android.os.Handler.handleCallback(Handler.java:873)

07-23 03:17:05.433  7405  7943 I LSPosed-Bridge: 	at android.os.Handler.dispatchMessage(Handler.java:99)

07-23 03:17:05.433  7405  7943 I LSPosed-Bridge: 	at android.os.Looper.loop(Looper.java:193)

07-23 03:17:05.433  7405  7943 I LSPosed-Bridge: 	at android.os.HandlerThread.run(HandlerThread.java:65)

07-23 03:17:05.437  1568  1580 I LSPosed-Bridge: 7405 PermLabel 10117 AMS.checkPermission: Binder.getCallingPid() = 1888; uid = 10117; Binder.getCallingUid() = 1001; getNameForUid: android.uid.phone:1001; getPackagesForUid: [com.qualcomm.qti.uim, com.qualcomm.qti.networksetting, com.android.mms.service, com.android.providers.telephony, com.qualcomm.simcontacts, com.qualcomm.qti.autoregistration, com.qualcomm.qti.telephonyservice, com.qti.qualcomm.deviceinfo, com.qti.xdivert, com.android.stk, org.codeaurora.ims, com.qti.qualcomm.datastatusnotification, com.qti.confuridialer, com.qualcomm.qti.lpa, com.qualcomm.qcrilmsgtunnel, com.qualcomm.qti.ims, com.qualcomm.qti.callfeaturessetting, com.android.phone]; permName: android.permission.ACCESS_COARSE_LOCATION; type = 1; res = -1; stacktrace=java.lang.Exception

07-23 03:17:05.437  1568  1580 I LSPosed-Bridge: 	at com.example.permlabel.requirePerm$1$2.afterHookedMethod(requirePerm.java:150)

07-23 03:17:05.437  1568  1580 I LSPosed-Bridge: 	at de.robv.android.xposed.XposedBridge$AdditionalHookInfo.callback(Unknown Source:147)

07-23 03:17:05.437  1568  1580 I LSPosed-Bridge: 	at LSPHooker_.checkPermission(Unknown Source:25)

07-23 03:17:05.437  1568  1580 I LSPosed-Bridge: 	at android.app.IActivityManager$Stub.onTransact(IActivityManager.java:664)

07-23 03:17:05.437  1568  1580 I LSPosed-Bridge: 	at com.android.server.am.ActivityManagerService.onTransact(ActivityManagerService.java:3346)

07-23 03:17:05.437  1568  1580 I LSPosed-Bridge: 	at android.os.Binder.execTransact(Binder.java:731)

07-23 03:17:05.440  7405  7943 I LSPosed-Bridge: 7405 PermLabel 10117; permName: android.permission.ACCESS_COARSE_LOCATION; getCellLocation res = null; stacktrace=java.lang.Exception

07-23 03:17:05.440  7405  7943 I LSPosed-Bridge: 	at com.example.permlabel.hookLocationExtra_test$3.afterHookedMethod(hookLocationExtra_test.java:79)

07-23 03:17:05.440  7405  7943 I LSPosed-Bridge: 	at de.robv.android.xposed.XposedBridge$AdditionalHookInfo.callback(Unknown Source:147)

07-23 03:17:05.440  7405  7943 I LSPosed-Bridge: 	at LSPHooker_.getCellLocation(Unknown Source:8)

07-23 03:17:05.440  7405  7943 I LSPosed-Bridge: 	at com.baidu.location.f.b.k(Unknown Source:19)

07-23 03:17:05.440  7405  7943 I LSPosed-Bridge: 	at com.baidu.location.f.b.f(Unknown Source:22)

07-23 03:17:05.440  7405  7943 I LSPosed-Bridge: 	at com.baidu.location.b.l.a(Unknown Source:4)

07-23 03:17:05.440  7405  7943 I LSPosed-Bridge: 	at com.baidu.location.b.l.h(Unknown Source:66)

07-23 03:17:05.440  7405  7943 I LSPosed-Bridge: 	at com.baidu.location.b.l.b(Unknown Source:0)

07-23 03:17:05.440  7405  7943 I LSPosed-Bridge: 	at com.baidu.location.b.l$b.run(Unknown Source:31)

07-23 03:17:05.440  7405  7943 I LSPosed-Bridge: 	at android.os.Handler.handleCallback(Handler.java:873)

07-23 03:17:05.440  7405  7943 I LSPosed-Bridge: 	at android.os.Handler.dispatchMessage(Handler.java:99)

07-23 03:17:05.440  7405  7943 I LSPosed-Bridge: 	at android.os.Looper.loop(Looper.java:193)

07-23 03:17:05.440  7405  7943 I LSPosed-Bridge: 	at android.os.HandlerThread.run(HandlerThread.java:65)

07-23 03:17:05.450  1568  4894 I LSPosed-Bridge: 7405 PermLabel 10117 AMS.checkPermission: Binder.getCallingPid() = 1888; uid = 10117; Binder.getCallingUid() = 1001; getNameForUid: android.uid.phone:1001; getPackagesForUid: [com.qualcomm.qti.uim, com.qualcomm.qti.networksetting, com.android.mms.service, com.android.providers.telephony, com.qualcomm.simcontacts, com.qualcomm.qti.autoregistration, com.qualcomm.qti.telephonyservice, com.qti.qualcomm.deviceinfo, com.qti.xdivert, com.android.stk, org.codeaurora.ims, com.qti.qualcomm.datastatusnotification, com.qti.confuridialer, com.qualcomm.qti.lpa, com.qualcomm.qcrilmsgtunnel, com.qualcomm.qti.ims, com.qualcomm.qti.callfeaturessetting, com.android.phone]; permName: android.permission.ACCESS_COARSE_LOCATION; type = 1; res = -1; stacktrace=java.lang.Exception

07-23 03:17:05.450  1568  4894 I LSPosed-Bridge: 	at com.example.permlabel.requirePerm$1$2.afterHookedMethod(requirePerm.java:150)

07-23 03:17:05.450  1568  4894 I LSPosed-Bridge: 	at de.robv.android.xposed.XposedBridge$AdditionalHookInfo.callback(Unknown Source:147)

07-23 03:17:05.450  1568  4894 I LSPosed-Bridge: 	at LSPHooker_.checkPermission(Unknown Source:25)

07-23 03:17:05.450  1568  4894 I LSPosed-Bridge: 	at android.app.IActivityManager$Stub.onTransact(IActivityManager.java:664)

07-23 03:17:05.450  1568  4894 I LSPosed-Bridge: 	at com.android.server.am.ActivityManagerService.onTransact(ActivityManagerService.java:3346)

07-23 03:17:05.450  1568  4894 I LSPosed-Bridge: 	at android.os.Binder.execTransact(Binder.java:731)

07-23 03:17:05.452  7405  7943 I LSPosed-Bridge: 7405 PermLabel 10117; permName: android.permission.ACCESS_COARSE_LOCATION; getAllCellInfo res = null; stacktrace=java.lang.Exception

07-23 03:17:05.452  7405  7943 I LSPosed-Bridge: 	at com.example.permlabel.hookLocationExtra_test$4.afterHookedMethod(hookLocationExtra_test.java:86)

07-23 03:17:05.452  7405  7943 I LSPosed-Bridge: 	at de.robv.android.xposed.XposedBridge$AdditionalHookInfo.callback(Unknown Source:147)

07-23 03:17:05.452  7405  7943 I LSPosed-Bridge: 	at LSPHooker_.getAllCellInfo(Unknown Source:8)

07-23 03:17:05.452  7405  7943 I LSPosed-Bridge: 	at com.baidu.location.f.b.l(Unknown Source:26)

07-23 03:17:05.452  7405  7943 I LSPosed-Bridge: 	at com.baidu.location.f.b.k(Unknown Source:0)

07-23 03:17:05.452  7405  7943 I LSPosed-Bridge: 	at com.baidu.location.f.b.f(Unknown Source:22)

07-23 03:17:05.452  7405  7943 I LSPosed-Bridge: 	at com.baidu.location.b.i.a(Unknown Source:42)

07-23 03:17:05.452  7405  7943 I LSPosed-Bridge: 	at com.baidu.location.b.l.h(Unknown Source:214)

07-23 03:17:05.452  7405  7943 I LSPosed-Bridge: 	at com.baidu.location.b.l.b(Unknown Source:0)

07-23 03:17:05.452  7405  7943 I LSPosed-Bridge: 	at com.baidu.location.b.l$b.run(Unknown Source:31)

07-23 03:17:05.452  7405  7943 I LSPosed-Bridge: 	at android.os.Handler.handleCallback(Handler.java:873)

07-23 03:17:05.452  7405  7943 I LSPosed-Bridge: 	at android.os.Handler.dispatchMessage(Handler.java:99)

07-23 03:17:05.452  7405  7943 I LSPosed-Bridge: 	at android.os.Looper.loop(Looper.java:193)

07-23 03:17:05.452  7405  7943 I LSPosed-Bridge: 	at android.os.HandlerThread.run(HandlerThread.java:65)

07-23 03:17:05.456  1568  4894 I LSPosed-Bridge: 7405 PermLabel 10117 AMS.checkPermission: Binder.getCallingPid() = 1888; uid = 10117; Binder.getCallingUid() = 1001; getNameForUid: android.uid.phone:1001; getPackagesForUid: [com.qualcomm.qti.uim, com.qualcomm.qti.networksetting, com.android.mms.service, com.android.providers.telephony, com.qualcomm.simcontacts, com.qualcomm.qti.autoregistration, com.qualcomm.qti.telephonyservice, com.qti.qualcomm.deviceinfo, com.qti.xdivert, com.android.stk, org.codeaurora.ims, com.qti.qualcomm.datastatusnotification, com.qti.confuridialer, com.qualcomm.qti.lpa, com.qualcomm.qcrilmsgtunnel, com.qualcomm.qti.ims, com.qualcomm.qti.callfeaturessetting, com.android.phone]; permName: android.permission.ACCESS_COARSE_LOCATION; type = 1; res = -1; stacktrace=java.lang.Exception

07-23 03:17:05.456  1568  4894 I LSPosed-Bridge: 	at com.example.permlabel.requirePerm$1$2.afterHookedMethod(requirePerm.java:150)

07-23 03:17:05.456  1568  4894 I LSPosed-Bridge: 	at de.robv.android.xposed.XposedBridge$AdditionalHookInfo.callback(Unknown Source:147)

07-23 03:17:05.456  1568  4894 I LSPosed-Bridge: 	at LSPHooker_.checkPermission(Unknown Source:25)

07-23 03:17:05.456  1568  4894 I LSPosed-Bridge: 	at android.app.IActivityManager$Stub.onTransact(IActivityManager.java:664)

07-23 03:17:05.456  1568  4894 I LSPosed-Bridge: 	at com.android.server.am.ActivityManagerService.onTransact(ActivityManagerService.java:3346)

07-23 03:17:05.456  1568  4894 I LSPosed-Bridge: 	at android.os.Binder.execTransact(Binder.java:731)

07-23 03:17:05.458  7405  7943 I LSPosed-Bridge: 7405 PermLabel 10117; permName: android.permission.ACCESS_COARSE_LOCATION; getCellLocation res = null; stacktrace=java.lang.Exception

07-23 03:17:05.458  7405  7943 I LSPosed-Bridge: 	at com.example.permlabel.hookLocationExtra_test$3.afterHookedMethod(hookLocationExtra_test.java:79)

07-23 03:17:05.458  7405  7943 I LSPosed-Bridge: 	at de.robv.android.xposed.XposedBridge$AdditionalHookInfo.callback(Unknown Source:147)

07-23 03:17:05.458  7405  7943 I LSPosed-Bridge: 	at LSPHooker_.getCellLocation(Unknown Source:8)

07-23 03:17:05.458  7405  7943 I LSPosed-Bridge: 	at com.baidu.location.f.b.k(Unknown Source:19)

07-23 03:17:05.458  7405  7943 I LSPosed-Bridge: 	at com.baidu.location.f.b.f(Unknown Source:22)

07-23 03:17:05.458  7405  7943 I LSPosed-Bridge: 	at com.baidu.location.b.i.a(Unknown Source:42)

07-23 03:17:05.458  7405  7943 I LSPosed-Bridge: 	at com.baidu.location.b.l.h(Unknown Source:214)

07-23 03:17:05.458  7405  7943 I LSPosed-Bridge: 	at com.baidu.location.b.l.b(Unknown Source:0)

07-23 03:17:05.458  7405  7943 I LSPosed-Bridge: 	at com.baidu.location.b.l$b.run(Unknown Source:31)

07-23 03:17:05.458  7405  7943 I LSPosed-Bridge: 	at android.os.Handler.handleCallback(Handler.java:873)

07-23 03:17:05.458  7405  7943 I LSPosed-Bridge: 	at android.os.Handler.dispatchMessage(Handler.java:99)

07-23 03:17:05.458  7405  7943 I LSPosed-Bridge: 	at android.os.Looper.loop(Looper.java:193)

07-23 03:17:05.458  7405  7943 I LSPosed-Bridge: 	at android.os.HandlerThread.run(HandlerThread.java:65)

07-23 03:17:05.458  7405  7943 W Settings: Setting airplane_mode_on has moved from android.provider.Settings.System to android.provider.Settings.Global, returning read-only value.

07-23 03:17:05.461  7405  7943 I LSPosed-Bridge: 7405 PermLabel hookBinder_test 10117 interfaceBinder =android.content.pm.IPackageManager; arg0 = 9; arg1 = android.os.Parcel@50b3368; arg2 = android.os.Parcel@f31665f; arg3 = 0; res = true; stacktrace=java.lang.Exception

07-23 03:17:05.461  7405  7943 I LSPosed-Bridge: 	at com.example.permlabel.hookBinder_test$1.afterHookedMethod(hookBinder_test.java:75)

07-23 03:17:05.461  7405  7943 I LSPosed-Bridge: 	at de.robv.android.xposed.XposedBridge$AdditionalHookInfo.callback(Unknown Source:147)

07-23 03:17:05.461  7405  7943 I LSPosed-Bridge: 	at LSPHooker_.transact(Unknown Source:28)

07-23 03:17:05.461  7405  7943 I LSPosed-Bridge: 	at android.content.pm.IPackageManager$Stub$Proxy.getPermissionInfo(IPackageManager.java:3008)

07-23 03:17:05.461  7405  7943 I LSPosed-Bridge: 	at android.app.ApplicationPackageManager.getPermissionInfo(ApplicationPackageManager.java:306)

07-23 03:17:05.461  7405  7943 I LSPosed-Bridge: 	at com.example.permlabel.requestPerm$2.afterHookedMethod(requestPerm.java:195)

07-23 03:17:05.461  7405  7943 I LSPosed-Bridge: 	at de.robv.android.xposed.XposedBridge$AdditionalHookInfo.callback(Unknown Source:147)

07-23 03:17:05.461  7405  7943 I LSPosed-Bridge: 	at LSPHooker_.checkPermission(Unknown Source:25)

07-23 03:17:05.461  7405  7943 I LSPosed-Bridge: 	at android.content.ContextWrapper.checkPermission(ContextWrapper.java:738)

07-23 03:17:05.461  7405  7943 I LSPosed-Bridge: 	at com.baidu.location.h.k.a(Unknown Source:10)

07-23 03:17:05.461  7405  7943 I LSPosed-Bridge: 	at com.baidu.location.h.k.d(Unknown Source:2)

07-23 03:17:05.461  7405  7943 I LSPosed-Bridge: 	at com.baidu.location.b.l.l(Unknown Source:40)

07-23 03:17:05.461  7405  7943 I LSPosed-Bridge: 	at com.baidu.location.b.l.h(Unknown Source:231)

07-23 03:17:05.461  7405  7943 I LSPosed-Bridge: 	at com.baidu.location.b.l.b(Unknown Source:0)

07-23 03:17:05.461  7405  7943 I LSPosed-Bridge: 	at com.baidu.location.b.l$b.run(Unknown Source:31)

07-23 03:17:05.461  7405  7943 I LSPosed-Bridge: 	at android.os.Handler.handleCallback(Handler.java:873)

07-23 03:17:05.461  7405  7943 I LSPosed-Bridge: 	at android.os.Handler.dispatchMessage(Handler.java:99)

07-23 03:17:05.461  7405  7943 I LSPosed-Bridge: 	at android.os.Looper.loop(Looper.java:193)

07-23 03:17:05.461  7405  7943 I LSPosed-Bridge: 	at android.os.HandlerThread.run(HandlerThread.java:65)

07-23 03:17:05.461  7405  7943 I LSPosed-Bridge: 7405 PermLabel 10117 ContextImpl.checkPermission: pid = 7405; uid = 10117; permName: android.permission.ACCESS_COARSE_LOCATION; type = 1; res = -1; stacktrace=java.lang.Exception

07-23 03:17:05.461  7405  7943 I LSPosed-Bridge: 	at com.example.permlabel.requestPerm$2.afterHookedMethod(requestPerm.java:229)

07-23 03:17:05.461  7405  7943 I LSPosed-Bridge: 	at de.robv.android.xposed.XposedBridge$AdditionalHookInfo.callback(Unknown Source:147)

07-23 03:17:05.461  7405  7943 I LSPosed-Bridge: 	at LSPHooker_.checkPermission(Unknown Source:25)

07-23 03:17:05.461  7405  7943 I LSPosed-Bridge: 	at android.content.ContextWrapper.checkPermission(ContextWrapper.java:738)

07-23 03:17:05.461  7405  7943 I LSPosed-Bridge: 	at com.baidu.location.h.k.a(Unknown Source:10)

07-23 03:17:05.461  7405  7943 I LSPosed-Bridge: 	at com.baidu.location.h.k.d(Unknown Source:2)

07-23 03:17:05.461  7405  7943 I LSPosed-Bridge: 	at com.baidu.location.b.l.l(Unknown Source:40)

07-23 03:17:05.461  7405  7943 I LSPosed-Bridge: 	at com.baidu.location.b.l.h(Unknown Source:231)

07-23 03:17:05.461  7405  7943 I LSPosed-Bridge: 	at com.baidu.location.b.l.b(Unknown Source:0)

07-23 03:17:05.461  7405  7943 I LSPosed-Bridge: 	at com.baidu.location.b.l$b.run(Unknown Source:31)

07-23 03:17:05.461  7405  7943 I LSPosed-Bridge: 	at android.os.Handler.handleCallback(Handler.java:873)

07-23 03:17:05.461  7405  7943 I LSPosed-Bridge: 	at android.os.Handler.dispatchMessage(Handler.java:99)

07-23 03:17:05.461  7405  7943 I LSPosed-Bridge: 	at android.os.Looper.loop(Looper.java:193)

07-23 03:17:05.461  7405  7943 I LSPosed-Bridge: 	at android.os.HandlerThread.run(HandlerThread.java:65)

07-23 03:17:05.497  1568  4894 I LSPosed-Bridge: 7405 PermLabel 10117 AMS.checkPermission: Binder.getCallingPid() = 1888; uid = 10117; Binder.getCallingUid() = 1001; getNameForUid: android.uid.phone:1001; getPackagesForUid: [com.qualcomm.qti.uim, com.qualcomm.qti.networksetting, com.android.mms.service, com.android.providers.telephony, com.qualcomm.simcontacts, com.qualcomm.qti.autoregistration, com.qualcomm.qti.telephonyservice, com.qti.qualcomm.deviceinfo, com.qti.xdivert, com.android.stk, org.codeaurora.ims, com.qti.qualcomm.datastatusnotification, com.qti.confuridialer, com.qualcomm.qti.lpa, com.qualcomm.qcrilmsgtunnel, com.qualcomm.qti.ims, com.qualcomm.qti.callfeaturessetting, com.android.phone]; permName: android.permission.ACCESS_COARSE_LOCATION; type = 1; res = -1; stacktrace=java.lang.Exception

07-23 03:17:05.497  1568  4894 I LSPosed-Bridge: 	at com.example.permlabel.requirePerm$1$2.afterHookedMethod(requirePerm.java:150)

07-23 03:17:05.497  1568  4894 I LSPosed-Bridge: 	at de.robv.android.xposed.XposedBridge$AdditionalHookInfo.callback(Unknown Source:147)

07-23 03:17:05.497  1568  4894 I LSPosed-Bridge: 	at LSPHooker_.checkPermission(Unknown Source:25)

07-23 03:17:05.497  1568  4894 I LSPosed-Bridge: 	at android.app.IActivityManager$Stub.onTransact(IActivityManager.java:664)

07-23 03:17:05.497  1568  4894 I LSPosed-Bridge: 	at com.android.server.am.ActivityManagerService.onTransact(ActivityManagerService.java:3346)

07-23 03:17:05.497  1568  4894 I LSPosed-Bridge: 	at android.os.Binder.execTransact(Binder.java:731)

07-23 03:17:05.499  7405  7943 I LSPosed-Bridge: 7405 PermLabel 10117; permName: android.permission.ACCESS_COARSE_LOCATION; getAllCellInfo res = null; stacktrace=java.lang.Exception

07-23 03:17:05.499  7405  7943 I LSPosed-Bridge: 	at com.example.permlabel.hookLocationExtra_test$4.afterHookedMethod(hookLocationExtra_test.java:86)

07-23 03:17:05.499  7405  7943 I LSPosed-Bridge: 	at de.robv.android.xposed.XposedBridge$AdditionalHookInfo.callback(Unknown Source:147)

07-23 03:17:05.499  7405  7943 I LSPosed-Bridge: 	at LSPHooker_.getAllCellInfo(Unknown Source:8)

07-23 03:17:05.499  7405  7943 I LSPosed-Bridge: 	at com.baidu.location.f.b.l(Unknown Source:26)

07-23 03:17:05.499  7405  7943 I LSPosed-Bridge: 	at com.baidu.location.f.b.k(Unknown Source:0)

07-23 03:17:05.499  7405  7943 I LSPosed-Bridge: 	at com.baidu.location.f.b.f(Unknown Source:22)

07-23 03:17:05.499  7405  7943 I LSPosed-Bridge: 	at com.baidu.location.b.l.k(Unknown Source:11)

07-23 03:17:05.499  7405  7943 I LSPosed-Bridge: 	at com.baidu.location.b.l.h(Unknown Source:427)

07-23 03:17:05.499  7405  7943 I LSPosed-Bridge: 	at com.baidu.location.b.l.b(Unknown Source:0)

07-23 03:17:05.499  7405  7943 I LSPosed-Bridge: 	at com.baidu.location.b.l$b.run(Unknown Source:31)

07-23 03:17:05.499  7405  7943 I LSPosed-Bridge: 	at android.os.Handler.handleCallback(Handler.java:873)

07-23 03:17:05.499  7405  7943 I LSPosed-Bridge: 	at android.os.Handler.dispatchMessage(Handler.java:99)

07-23 03:17:05.499  7405  7943 I LSPosed-Bridge: 	at android.os.Looper.loop(Looper.java:193)

07-23 03:17:05.499  7405  7943 I LSPosed-Bridge: 	at android.os.HandlerThread.run(HandlerThread.java:65)

07-23 03:17:05.502  1568  1580 I LSPosed-Bridge: 7405 PermLabel 10117 AMS.checkPermission: Binder.getCallingPid() = 1888; uid = 10117; Binder.getCallingUid() = 1001; getNameForUid: android.uid.phone:1001; getPackagesForUid: [com.qualcomm.qti.uim, com.qualcomm.qti.networksetting, com.android.mms.service, com.android.providers.telephony, com.qualcomm.simcontacts, com.qualcomm.qti.autoregistration, com.qualcomm.qti.telephonyservice, com.qti.qualcomm.deviceinfo, com.qti.xdivert, com.android.stk, org.codeaurora.ims, com.qti.qualcomm.datastatusnotification, com.qti.confuridialer, com.qualcomm.qti.lpa, com.qualcomm.qcrilmsgtunnel, com.qualcomm.qti.ims, com.qualcomm.qti.callfeaturessetting, com.android.phone]; permName: android.permission.ACCESS_COARSE_LOCATION; type = 1; res = -1; stacktrace=java.lang.Exception

07-23 03:17:05.502  1568  1580 I LSPosed-Bridge: 	at com.example.permlabel.requirePerm$1$2.afterHookedMethod(requirePerm.java:150)

07-23 03:17:05.502  1568  1580 I LSPosed-Bridge: 	at de.robv.android.xposed.XposedBridge$AdditionalHookInfo.callback(Unknown Source:147)

07-23 03:17:05.502  1568  1580 I LSPosed-Bridge: 	at LSPHooker_.checkPermission(Unknown Source:25)

07-23 03:17:05.502  1568  1580 I LSPosed-Bridge: 	at android.app.IActivityManager$Stub.onTransact(IActivityManager.java:664)

07-23 03:17:05.502  1568  1580 I LSPosed-Bridge: 	at com.android.server.am.ActivityManagerService.onTransact(ActivityManagerService.java:3346)

07-23 03:17:05.502  1568  1580 I LSPosed-Bridge: 	at android.os.Binder.execTransact(Binder.java:731)

07-23 03:17:05.504  7405  7943 I LSPosed-Bridge: 7405 PermLabel 10117; permName: android.permission.ACCESS_COARSE_LOCATION; getCellLocation res = null; stacktrace=java.lang.Exception

07-23 03:17:05.504  7405  7943 I LSPosed-Bridge: 	at com.example.permlabel.hookLocationExtra_test$3.afterHookedMethod(hookLocationExtra_test.java:79)

07-23 03:17:05.504  7405  7943 I LSPosed-Bridge: 	at de.robv.android.xposed.XposedBridge$AdditionalHookInfo.callback(Unknown Source:147)

07-23 03:17:05.504  7405  7943 I LSPosed-Bridge: 	at LSPHooker_.getCellLocation(Unknown Source:8)

07-23 03:17:05.504  7405  7943 I LSPosed-Bridge: 	at com.baidu.location.f.b.k(Unknown Source:19)

07-23 03:17:05.504  7405  7943 I LSPosed-Bridge: 	at com.baidu.location.f.b.f(Unknown Source:22)

07-23 03:17:05.504  7405  7943 I LSPosed-Bridge: 	at com.baidu.location.b.l.k(Unknown Source:11)

07-23 03:17:05.504  7405  7943 I LSPosed-Bridge: 	at com.baidu.location.b.l.h(Unknown Source:427)

07-23 03:17:05.504  7405  7943 I LSPosed-Bridge: 	at com.baidu.location.b.l.b(Unknown Source:0)

07-23 03:17:05.504  7405  7943 I LSPosed-Bridge: 	at com.baidu.location.b.l$b.run(Unknown Source:31)

07-23 03:17:05.504  7405  7943 I LSPosed-Bridge: 	at android.os.Handler.handleCallback(Handler.java:873)

07-23 03:17:05.504  7405  7943 I LSPosed-Bridge: 	at android.os.Handler.dispatchMessage(Handler.java:99)

07-23 03:17:05.504  7405  7943 I LSPosed-Bridge: 	at android.os.Looper.loop(Looper.java:193)

07-23 03:17:05.504  7405  7943 I LSPosed-Bridge: 	at android.os.HandlerThread.run(HandlerThread.java:65)

07-23 03:18:17.941 12617 12617 I LSPosed-Bridge: 12617 PermLabel 10117 permission_group_mapping =android.permission.ACCESS_COARSE_LOCATION Location

07-23 03:18:17.941 12617 12617 I LSPosed-Bridge: 12617 PermLabel 10117 permission_group_mapping =android.permission.CALL_PHONE Telephone

07-23 03:18:17.944 12617 12617 I LSPosed-Bridge: 12617 PermLabel 10117 all_declared permissions =android.permission.BAIDU_LOCATION_SERVICE android.permission.BLUETOOTH android.permission.BLUETOOTH_ADMIN com.google.android.c2dm.permission.RECEIVE android.permission.SYSTEM_ALERT_WINDOW android.permission.WAKE_LOCK android.permission.REQUEST_INSTALL_PACKAGES android.permission.CHANGE_CONFIGURATION android.permission.VIBRATE android.permission.INTERNET android.permission.RECORD_AUDIO android.permission.CAMERA android.permission.ACCESS_NETWORK_STATE android.permission.WRITE_EXTERNAL_STORAGE android.permission.MOUNT_UNMOUNT_FILESYSTEMS android.permission.ACCESS_FINE_LOCATION android.permission.GET_TASKS android.permission.ACCESS_WIFI_STATE android.permission.CHANGE_WIFI_STATE android.permission.MODIFY_AUDIO_SETTINGS android.permission.READ_PHONE_STATE android.permission.RECEIVE_BOOT_COMPLETED android.permission.GET_ACCOUNTS android.permission.USE_CREDENTIALS android.permission.MANAGE_ACCOUNTS android.permission.AUTHENTICATE_ACCOUNTS com.android.launcher.permission.READ_SETTINGS android.permission.BROADCAST_STICKY android.permission.WRITE_SETTINGS android.permission.CHANGE_NETWORK_STATE com.lcworld.oasismedical.permission.JPUSH_MESSAGE android.permission.RECEIVE_USER_PRESENT android.permission.READ_EXTERNAL_STORAGE android.permission.RESTART_PACKAGES android.permission.ACCESS_COARSE_LOCATION android.permission.ACCESS_LOCATION_EXTRA_COMMANDS android.permission.CALL_PHONE android.permission.READ_CONTACTS android.permission.WRITE_CONTACTS android.permission.NFC android.permission.READ_LOGS android.permission.CAPTURE_AUDIO_OUTPUT android.permission.CAPTURE_VIDEO_OUTPUT android.permission.FOREGROUND_SERVICE android.permission.REORDER_TASKS android.permission.READ_PRIVILEGED_PHONE_STATE 

07-23 03:18:17.944 12617 12617 I LSPosed-Bridge: 12617 PermLabel 10117 all_declared permissions =android.permission.BAIDU_LOCATION_SERVICE android.permission.BLUETOOTH android.permission.BLUETOOTH_ADMIN com.google.android.c2dm.permission.RECEIVE android.permission.SYSTEM_ALERT_WINDOW android.permission.WAKE_LOCK android.permission.REQUEST_INSTALL_PACKAGES android.permission.CHANGE_CONFIGURATION android.permission.VIBRATE android.permission.INTERNET android.permission.RECORD_AUDIO android.permission.CAMERA android.permission.ACCESS_NETWORK_STATE android.permission.WRITE_EXTERNAL_STORAGE android.permission.MOUNT_UNMOUNT_FILESYSTEMS android.permission.ACCESS_FINE_LOCATION android.permission.GET_TASKS android.permission.ACCESS_WIFI_STATE android.permission.CHANGE_WIFI_STATE android.permission.MODIFY_AUDIO_SETTINGS android.permission.READ_PHONE_STATE android.permission.RECEIVE_BOOT_COMPLETED android.permission.GET_ACCOUNTS android.permission.USE_CREDENTIALS android.permission.MANAGE_ACCOUNTS android.permission.AUTHENTICATE_ACCOUNTS com.android.launcher.permission.READ_SETTINGS android.permission.BROADCAST_STICKY android.permission.WRITE_SETTINGS android.permission.CHANGE_NETWORK_STATE com.lcworld.oasismedical.permission.JPUSH_MESSAGE android.permission.RECEIVE_USER_PRESENT android.permission.READ_EXTERNAL_STORAGE android.permission.RESTART_PACKAGES android.permission.ACCESS_COARSE_LOCATION android.permission.ACCESS_LOCATION_EXTRA_COMMANDS android.permission.CALL_PHONE android.permission.READ_CONTACTS android.permission.WRITE_CONTACTS android.permission.NFC android.permission.READ_LOGS android.permission.CAPTURE_AUDIO_OUTPUT android.permission.CAPTURE_VIDEO_OUTPUT android.permission.FOREGROUND_SERVICE android.permission.REORDER_TASKS android.permission.READ_PRIVILEGED_PHONE_STATE 

07-23 03:18:17.944 12617 12617 I LSPosed-Bridge: 12617 PermLabel 10117 declared normal_permissions =android.permission.BLUETOOTH android.permission.BLUETOOTH_ADMIN com.google.android.c2dm.permission.RECEIVE android.permission.WAKE_LOCK android.permission.VIBRATE android.permission.INTERNET android.permission.ACCESS_NETWORK_STATE android.permission.GET_TASKS android.permission.ACCESS_WIFI_STATE android.permission.CHANGE_WIFI_STATE android.permission.MODIFY_AUDIO_SETTINGS android.permission.RECEIVE_BOOT_COMPLETED android.permission.USE_CREDENTIALS android.permission.MANAGE_ACCOUNTS android.permission.AUTHENTICATE_ACCOUNTS android.permission.BROADCAST_STICKY android.permission.CHANGE_NETWORK_STATE android.permission.RESTART_PACKAGES android.permission.ACCESS_LOCATION_EXTRA_COMMANDS android.permission.NFC android.permission.FOREGROUND_SERVICE android.permission.REORDER_TASKS 

07-23 03:18:17.944 12617 12617 I LSPosed-Bridge: 12617 PermLabel 10117 declared normal_permissions =android.permission.BLUETOOTH android.permission.BLUETOOTH_ADMIN com.google.android.c2dm.permission.RECEIVE android.permission.WAKE_LOCK android.permission.VIBRATE android.permission.INTERNET android.permission.ACCESS_NETWORK_STATE android.permission.GET_TASKS android.permission.ACCESS_WIFI_STATE android.permission.CHANGE_WIFI_STATE android.permission.MODIFY_AUDIO_SETTINGS android.permission.RECEIVE_BOOT_COMPLETED android.permission.USE_CREDENTIALS android.permission.MANAGE_ACCOUNTS android.permission.AUTHENTICATE_ACCOUNTS android.permission.BROADCAST_STICKY android.permission.CHANGE_NETWORK_STATE android.permission.RESTART_PACKAGES android.permission.ACCESS_LOCATION_EXTRA_COMMANDS android.permission.NFC android.permission.FOREGROUND_SERVICE android.permission.REORDER_TASKS 

07-23 03:18:17.944 12617 12617 I LSPosed-Bridge: 12617 PermLabel 10117 declared dangerous_permissions =android.permission.RECORD_AUDIO android.permission.CAMERA android.permission.WRITE_EXTERNAL_STORAGE android.permission.ACCESS_FINE_LOCATION android.permission.READ_PHONE_STATE android.permission.GET_ACCOUNTS android.permission.READ_EXTERNAL_STORAGE android.permission.ACCESS_COARSE_LOCATION android.permission.CALL_PHONE android.permission.READ_CONTACTS android.permission.WRITE_CONTACTS 

07-23 03:18:17.944 12617 12617 I LSPosed-Bridge: 12617 PermLabel 10117 declared dangerous_permissions =android.permission.RECORD_AUDIO android.permission.CAMERA android.permission.WRITE_EXTERNAL_STORAGE android.permission.ACCESS_FINE_LOCATION android.permission.READ_PHONE_STATE android.permission.GET_ACCOUNTS android.permission.READ_EXTERNAL_STORAGE android.permission.ACCESS_COARSE_LOCATION android.permission.CALL_PHONE android.permission.READ_CONTACTS android.permission.WRITE_CONTACTS 

07-23 03:18:17.944 12617 12617 I LSPosed-Bridge: 12617 PermLabel 10117 declared dangerous_group =Microphone Camera Storage Location Telephone Contacts Storage Location Telephone Contacts Contacts 

07-23 03:18:17.944 12617 12617 I LSPosed-Bridge: 12617 PermLabel 10117 declared dangerous_group =Microphone Camera Storage Location Telephone Contacts Storage Location Telephone Contacts Contacts 

07-23 03:18:19.822 12759 12759 W System.err: 	at android.os.Handler.dispatchMessage(Handler.java:106)

07-23 03:18:19.822 12759 12759 W System.err: 	at android.os.Looper.loop(Looper.java:193)

07-23 03:18:19.822 12759 12759 W System.err: 	at android.app.ActivityThread.main(ActivityThread.java:6692)

07-23 03:18:19.822 12759 12759 W System.err: 	at java.lang.reflect.Method.invoke(Native Method)

07-23 03:18:19.822 12759 12759 W System.err: 	at com.android.internal.os.RuntimeInit$MethodAndArgsCaller.run(RuntimeInit.java:493)

07-23 03:18:19.822 12759 12759 W System.err: 	at com.android.internal.os.ZygoteInit.main(ZygoteInit.java:858)

07-23 03:18:19.822 12759 12759 I LSPosed-Bridge: 12759 PermLabel 10117 permission_group_mapping =android.permission.READ_EXTERNAL_STORAGE Storage

07-23 03:18:19.822 12759 12759 I LSPosed-Bridge: 12759 PermLabel 10117 permission_group_mapping =android.permission.ACCESS_COARSE_LOCATION Location

07-23 03:18:19.824 12759 12759 I LSPosed-Bridge: 12759 PermLabel 10117 permission_type_mapping =android.permission.CAPTURE_VIDEO_OUTPUT 2; 

07-23 03:18:19.824 12759 12759 I LSPosed-Bridge: 12759 PermLabel 10117 permission_type_mapping =android.permission.CAPTURE_VIDEO_OUTPUT 2; 

07-23 03:18:19.824 12759 12759 I LSPosed-Bridge: 12759 PermLabel 10117 permission_type_mapping =android.permission.READ_PRIVILEGED_PHONE_STATE 2; 

07-23 03:18:19.824 12759 12759 I LSPosed-Bridge: 12759 PermLabel 10117 permission_type_mapping =android.permission.READ_PRIVILEGED_PHONE_STATE 2; 

07-23 03:18:19.824 12759 12759 I LSPosed-Bridge: 12759 PermLabel 10117 all_declared permissions =android.permission.BAIDU_LOCATION_SERVICE android.permission.BLUETOOTH android.permission.BLUETOOTH_ADMIN com.google.android.c2dm.permission.RECEIVE android.permission.SYSTEM_ALERT_WINDOW android.permission.WAKE_LOCK android.permission.REQUEST_INSTALL_PACKAGES android.permission.CHANGE_CONFIGURATION android.permission.VIBRATE android.permission.INTERNET android.permission.RECORD_AUDIO android.permission.CAMERA android.permission.ACCESS_NETWORK_STATE android.permission.WRITE_EXTERNAL_STORAGE android.permission.MOUNT_UNMOUNT_FILESYSTEMS android.permission.ACCESS_FINE_LOCATION android.permission.GET_TASKS android.permission.ACCESS_WIFI_STATE android.permission.CHANGE_WIFI_STATE android.permission.MODIFY_AUDIO_SETTINGS android.permission.READ_PHONE_STATE android.permission.RECEIVE_BOOT_COMPLETED android.permission.GET_ACCOUNTS android.permission.USE_CREDENTIALS android.permission.MANAGE_ACCOUNTS android.permission.AUTHENTICATE_ACCOUNTS com.android.launcher.permission.READ_SETTINGS android.permission.BROADCAST_STICKY android.permission.WRITE_SETTINGS android.permission.CHANGE_NETWORK_STATE com.lcworld.oasismedical.permission.JPUSH_MESSAGE android.permission.RECEIVE_USER_PRESENT android.permission.READ_EXTERNAL_STORAGE android.permission.RESTART_PACKAGES android.permission.ACCESS_COARSE_LOCATION android.permission.ACCESS_LOCATION_EXTRA_COMMANDS android.permission.CALL_PHONE android.permission.READ_CONTACTS android.permission.WRITE_CONTACTS android.permission.NFC android.permission.READ_LOGS android.permission.CAPTURE_AUDIO_OUTPUT android.permission.CAPTURE_VIDEO_OUTPUT android.permission.FOREGROUND_SERVICE android.permission.REORDER_TASKS android.permission.READ_PRIVILEGED_PHONE_STATE 

07-23 03:18:19.824 12759 12759 I LSPosed-Bridge: 12759 PermLabel 10117 all_declared permissions =android.permission.BAIDU_LOCATION_SERVICE android.permission.BLUETOOTH android.permission.BLUETOOTH_ADMIN com.google.android.c2dm.permission.RECEIVE android.permission.SYSTEM_ALERT_WINDOW android.permission.WAKE_LOCK android.permission.REQUEST_INSTALL_PACKAGES android.permission.CHANGE_CONFIGURATION android.permission.VIBRATE android.permission.INTERNET android.permission.RECORD_AUDIO android.permission.CAMERA android.permission.ACCESS_NETWORK_STATE android.permission.WRITE_EXTERNAL_STORAGE android.permission.MOUNT_UNMOUNT_FILESYSTEMS android.permission.ACCESS_FINE_LOCATION android.permission.GET_TASKS android.permission.ACCESS_WIFI_STATE android.permission.CHANGE_WIFI_STATE android.permission.MODIFY_AUDIO_SETTINGS android.permission.READ_PHONE_STATE android.permission.RECEIVE_BOOT_COMPLETED android.permission.GET_ACCOUNTS android.permission.USE_CREDENTIALS android.permission.MANAGE_ACCOUNTS android.permission.AUTHENTICATE_ACCOUNTS com.android.launcher.permission.READ_SETTINGS android.permission.BROADCAST_STICKY android.permission.WRITE_SETTINGS android.permission.CHANGE_NETWORK_STATE com.lcworld.oasismedical.permission.JPUSH_MESSAGE android.permission.RECEIVE_USER_PRESENT android.permission.READ_EXTERNAL_STORAGE android.permission.RESTART_PACKAGES android.permission.ACCESS_COARSE_LOCATION android.permission.ACCESS_LOCATION_EXTRA_COMMANDS android.permission.CALL_PHONE android.permission.READ_CONTACTS android.permission.WRITE_CONTACTS android.permission.NFC android.permission.READ_LOGS android.permission.CAPTURE_AUDIO_OUTPUT android.permission.CAPTURE_VIDEO_OUTPUT android.permission.FOREGROUND_SERVICE android.permission.REORDER_TASKS android.permission.READ_PRIVILEGED_PHONE_STATE 

07-23 03:18:19.824 12759 12759 I LSPosed-Bridge: 12759 PermLabel 10117 declared normal_permissions =android.permission.BLUETOOTH android.permission.BLUETOOTH_ADMIN com.google.android.c2dm.permission.RECEIVE android.permission.WAKE_LOCK android.permission.VIBRATE android.permission.INTERNET android.permission.ACCESS_NETWORK_STATE android.permission.GET_TASKS android.permission.ACCESS_WIFI_STATE android.permission.CHANGE_WIFI_STATE android.permission.MODIFY_AUDIO_SETTINGS android.permission.RECEIVE_BOOT_COMPLETED android.permission.USE_CREDENTIALS android.permission.MANAGE_ACCOUNTS android.permission.AUTHENTICATE_ACCOUNTS android.permission.BROADCAST_STICKY android.permission.CHANGE_NETWORK_STATE android.permission.RESTART_PACKAGES android.permission.ACCESS_LOCATION_EXTRA_COMMANDS android.permission.NFC android.permission.FOREGROUND_SERVICE android.permission.REORDER_TASKS 

07-23 03:18:19.824 12759 12759 I LSPosed-Bridge: 12759 PermLabel 10117 declared normal_permissions =android.permission.BLUETOOTH android.permission.BLUETOOTH_ADMIN com.google.android.c2dm.permission.RECEIVE android.permission.WAKE_LOCK android.permission.VIBRATE android.permission.INTERNET android.permission.ACCESS_NETWORK_STATE android.permission.GET_TASKS android.permission.ACCESS_WIFI_STATE android.permission.CHANGE_WIFI_STATE android.permission.MODIFY_AUDIO_SETTINGS android.permission.RECEIVE_BOOT_COMPLETED android.permission.USE_CREDENTIALS android.permission.MANAGE_ACCOUNTS android.permission.AUTHENTICATE_ACCOUNTS android.permission.BROADCAST_STICKY android.permission.CHANGE_NETWORK_STATE android.permission.RESTART_PACKAGES android.permission.ACCESS_LOCATION_EXTRA_COMMANDS android.permission.NFC android.permission.FOREGROUND_SERVICE android.permission.REORDER_TASKS 

07-23 03:18:19.824 12759 12759 I LSPosed-Bridge: 12759 PermLabel 10117 declared dangerous_permissions =android.permission.RECORD_AUDIO android.permission.CAMERA android.permission.WRITE_EXTERNAL_STORAGE android.permission.ACCESS_FINE_LOCATION android.permission.READ_PHONE_STATE android.permission.GET_ACCOUNTS android.permission.READ_EXTERNAL_STORAGE android.permission.ACCESS_COARSE_LOCATION android.permission.CALL_PHONE android.permission.READ_CONTACTS android.permission.WRITE_CONTACTS 

07-23 03:18:19.824 12759 12759 I LSPosed-Bridge: 12759 PermLabel 10117 declared dangerous_permissions =android.permission.RECORD_AUDIO android.permission.CAMERA android.permission.WRITE_EXTERNAL_STORAGE android.permission.ACCESS_FINE_LOCATION android.permission.READ_PHONE_STATE android.permission.GET_ACCOUNTS android.permission.READ_EXTERNAL_STORAGE android.permission.ACCESS_COARSE_LOCATION android.permission.CALL_PHONE android.permission.READ_CONTACTS android.permission.WRITE_CONTACTS 

07-23 03:18:19.859  1568  2480 I LSPosed-Bridge: 12617 PermLabel 10117 AMS.checkPermission: Binder.getCallingPid() = 1888; uid = 10117; Binder.getCallingUid() = 1001; getNameForUid: android.uid.phone:1001; getPackagesForUid: [com.qualcomm.qti.uim, com.qualcomm.qti.networksetting, com.android.mms.service, com.android.providers.telephony, com.qualcomm.simcontacts, com.qualcomm.qti.autoregistration, com.qualcomm.qti.telephonyservice, com.qti.qualcomm.deviceinfo, com.qti.xdivert, com.android.stk, org.codeaurora.ims, com.qti.qualcomm.datastatusnotification, com.qti.confuridialer, com.qualcomm.qti.lpa, com.qualcomm.qcrilmsgtunnel, com.qualcomm.qti.ims, com.qualcomm.qti.callfeaturessetting, com.android.phone]; permName: android.permission.ACCESS_COARSE_LOCATION; type = 1; res = -1; stacktrace=java.lang.Exception

07-23 03:18:19.859  1568  2480 I LSPosed-Bridge: 	at com.example.permlabel.requirePerm$1$2.afterHookedMethod(requirePerm.java:150)

07-23 03:18:19.859  1568  2480 I LSPosed-Bridge: 	at de.robv.android.xposed.XposedBridge$AdditionalHookInfo.callback(Unknown Source:147)

07-23 03:18:19.859  1568  2480 I LSPosed-Bridge: 	at LSPHooker_.checkPermission(Unknown Source:25)

07-23 03:18:19.859  1568  2480 I LSPosed-Bridge: 	at android.app.IActivityManager$Stub.onTransact(IActivityManager.java:664)

07-23 03:18:19.859  1568  2480 I LSPosed-Bridge: 	at com.android.server.am.ActivityManagerService.onTransact(ActivityManagerService.java:3346)

07-23 03:18:19.859  1568  2480 I LSPosed-Bridge: 	at android.os.Binder.execTransact(Binder.java:731)

07-23 03:18:19.859 12617 12617 I LSPosed-Bridge: 12617 PermLabel hookBinder_test 10117 interfaceBinder =android.hardware.display.IDisplayManager; arg0 = 1; arg1 = android.os.Parcel@268080b; arg2 = android.os.Parcel@c9824a4; arg3 = 0; res = true; stacktrace=java.lang.Exception

07-23 03:18:19.859 12617 12617 I LSPosed-Bridge: 	at com.example.permlabel.hookBinder_test$1.afterHookedMethod(hookBinder_test.java:75)

07-23 03:18:19.859 12617 12617 I LSPosed-Bridge: 	at de.robv.android.xposed.XposedBridge$AdditionalHookInfo.callback(Unknown Source:147)

07-23 03:18:19.859 12617 12617 I LSPosed-Bridge: 	at LSPHooker_.transact(Unknown Source:28)

07-23 03:18:19.859 12617 12617 I LSPosed-Bridge: 	at android.hardware.display.IDisplayManager$Stub$Proxy.getDisplayInfo(IDisplayManager.java:404)

07-23 03:18:19.859 12617 12617 I LSPosed-Bridge: 	at android.hardware.display.DisplayManagerGlobal.getDisplayInfo(DisplayManagerGlobal.java:124)

07-23 03:18:19.859 12617 12617 I LSPosed-Bridge: 	at android.view.Display.updateDisplayInfoLocked(Display.java:1046)

07-23 03:18:19.859 12617 12617 I LSPosed-Bridge: 	at android.view.Display.getRealSize(Display.java:980)

07-23 03:18:19.859 12617 12617 I LSPosed-Bridge: 	at android.view.ThreadedRenderer.setLightCenter(ThreadedRenderer.java:595)

07-23 03:18:19.859 12617 12617 I LSPosed-Bridge: 	at android.view.ThreadedRenderer.setup(ThreadedRenderer.java:584)

07-23 03:18:19.859 12617 12617 I LSPosed-Bridge: 	at android.view.ViewRootImpl.performTraversals(ViewRootImpl.java:2258)

07-23 03:18:19.859 12617 12617 I LSPosed-Bridge: 	at android.view.ViewRootImpl.doTraversal(ViewRootImpl.java:1465)

07-23 03:18:19.859 12617 12617 I LSPosed-Bridge: 	at android.view.ViewRootImpl$TraversalRunnable.run(ViewRootImpl.java:7205)

07-23 03:18:19.859 12617 12617 I LSPosed-Bridge: 	at android.view.Choreographer$CallbackRecord.run(Choreographer.java:1004)

07-23 03:18:19.859 12617 12617 I LSPosed-Bridge: 	at android.view.Choreographer.doCallbacks(Choreographer.java:816)

07-23 03:18:19.859 12617 12617 I LSPosed-Bridge: 	at android.view.Choreographer.doFrame(Choreographer.java:751)

07-23 03:18:19.859 12617 12617 I LSPosed-Bridge: 	at android.view.Choreographer$FrameDisplayEventReceiver.run(Choreographer.java:990)

07-23 03:18:19.859 12617 12617 I LSPosed-Bridge: 	at android.os.Handler.handleCallback(Handler.java:873)

07-23 03:18:19.859 12617 12617 I LSPosed-Bridge: 	at android.os.Handler.dispatchMessage(Handler.java:99)

07-23 03:18:19.859 12617 12617 I LSPosed-Bridge: 	at android.os.Looper.loop(Looper.java:193)

07-23 03:18:19.859 12617 12617 I LSPosed-Bridge: 	at android.app.ActivityThread.main(ActivityThread.java:6692)

07-23 03:18:19.859 12617 12617 I LSPosed-Bridge: 	at java.lang.reflect.Method.invoke(Native Method)

07-23 03:18:19.859 12617 12617 I LSPosed-Bridge: 	at com.android.internal.os.RuntimeInit$MethodAndArgsCaller.run(RuntimeInit.java:493)

07-23 03:18:19.859 12617 12617 I LSPosed-Bridge: 	at com.android.internal.os.ZygoteInit.main(ZygoteInit.java:858)

07-23 03:18:19.862 12617 12835 I LSPosed-Bridge: 12617 PermLabel 10117; permName: android.permission.ACCESS_COARSE_LOCATION; getAllCellInfo res = null; stacktrace=java.lang.Exception

07-23 03:18:19.862 12617 12835 I LSPosed-Bridge: 	at com.example.permlabel.hookLocationExtra_test$4.afterHookedMethod(hookLocationExtra_test.java:86)

07-23 03:18:19.862 12617 12835 I LSPosed-Bridge: 	at de.robv.android.xposed.XposedBridge$AdditionalHookInfo.callback(Unknown Source:147)

07-23 03:18:19.862 12617 12835 I LSPosed-Bridge: 	at LSPHooker_.getAllCellInfo(Unknown Source:8)

07-23 03:18:19.862 12617 12835 I LSPosed-Bridge: 	at com.baidu.location.b.c.d(Unknown Source:18)

07-23 03:18:19.862 12617 12835 I LSPosed-Bridge: 	at com.baidu.location.b.c.b(Unknown Source:1)

07-23 03:18:19.862 12617 12835 I LSPosed-Bridge: 	at com.baidu.location.b.c.b(Unknown Source:2)

07-23 03:18:19.862 12617 12835 I LSPosed-Bridge: 	at com.baidu.location.b.c.<init>(Unknown Source:563)

07-23 03:18:19.862 12617 12835 I LSPosed-Bridge: 	at com.baidu.location.c.run(Unknown Source:26)

07-23 03:18:19.862 12617 12617 I LSPosed-Bridge: 12617 PermLabel hookBinder_test 10117 interfaceBinder =android.view.accessibility.IAccessibilityManager; arg0 = 2; arg1 = android.os.Parcel@268080b; arg2 = null; arg3 = 1; res = true; stacktrace=java.lang.Exception

07-23 03:18:19.862 12617 12617 I LSPosed-Bridge: 	at com.example.permlabel.hookBinder_test$1.afterHookedMethod(hookBinder_test.java:75)

07-23 03:18:19.862 12617 12617 I LSPosed-Bridge: 	at de.robv.android.xposed.XposedBridge$AdditionalHookInfo.callback(Unknown Source:147)

07-23 03:18:19.862 12617 12617 I LSPosed-Bridge: 	at LSPHooker_.transact(Unknown Source:28)

07-23 03:18:19.862 12617 12617 I LSPosed-Bridge: 	at android.view.accessibility.IAccessibilityManager$Stub$Proxy.sendAccessibilityEvent(IAccessibilityManager.java:279)

07-23 03:18:19.862 12617 12617 I LSPosed-Bridge: 	at android.view.accessibility.AccessibilityManager.sendAccessibilityEvent(AccessibilityManager.java:505)

07-23 03:18:19.862 12617 12617 I LSPosed-Bridge: 	at android.view.ViewRootImpl.requestSendAccessibilityEvent(ViewRootImpl.java:7602)

07-23 03:18:19.862 12617 12617 I LSPosed-Bridge: 	at android.view.View.sendAccessibilityEventUncheckedInternal(View.java:7449)

07-23 03:18:19.862 12617 12617 I LSPosed-Bridge: 	at android.view.View.sendAccessibilityEventUnchecked(View.java:7421)

07-23 03:18:19.862 12617 12617 I LSPosed-Bridge: 	at android.view.ViewRootImpl$SendWindowContentChangedAccessibilityEvent.run(ViewRootImpl.java:8412)

07-23 03:18:19.862 12617 12617 I LSPosed-Bridge: 	at android.view.ViewRootImpl$SendWindowContentChangedAccessibilityEvent.removeCallbacksAndRun(ViewRootImpl.java:8467)

07-23 03:18:19.862 12617 12617 I LSPosed-Bridge: 	at android.view.ViewRootImpl.requestSendAccessibilityEvent(ViewRootImpl.java:7561)

07-23 03:18:19.862 12617 12617 I LSPosed-Bridge: 	at android.view.View.sendAccessibilityEventUncheckedInternal(View.java:7449)

07-23 03:18:19.862 12617 12617 I LSPosed-Bridge: 	at android.view.View.sendAccessibilityEventUnchecked(View.java:7421)

07-23 03:18:19.862 12617 12617 I LSPosed-Bridge: 	at android.view.View.sendAccessibilityEventInternal(View.java:7398)

07-23 03:18:19.862 12617 12617 I LSPosed-Bridge: 	at android.view.View.sendAccessibilityEvent(View.java:7365)

07-23 03:18:19.862 12617 12617 I LSPosed-Bridge: 	at com.android.internal.policy.DecorView.sendAccessibilityEvent(DecorView.java:576)

07-23 03:18:19.862 12617 12617 I LSPosed-Bridge: 	at android.view.ViewRootImpl.performTraversals(ViewRootImpl.java:2449)

07-23 03:18:19.862 12617 12617 I LSPosed-Bridge: 	at android.view.ViewRootImpl.doTraversal(ViewRootImpl.java:1465)

07-23 03:18:19.862 12617 12617 I LSPosed-Bridge: 	at android.view.ViewRootImpl$TraversalRunnable.run(ViewRootImpl.java:7205)

07-23 03:18:19.862 12617 12617 I LSPosed-Bridge: 	at android.view.Choreographer$CallbackRecord.run(Choreographer.java:1004)

07-23 03:18:19.862 12617 12617 I LSPosed-Bridge: 	at android.view.Choreographer.doCallbacks(Choreographer.java:816)

07-23 03:18:19.862 12617 12617 I LSPosed-Bridge: 	at android.view.Choreographer.doFrame(Choreographer.java:751)

07-23 03:18:19.862 12617 12617 I LSPosed-Bridge: 	at android.view.Choreographer$FrameDisplayEventReceiver.run(Choreographer.java:990)

07-23 03:18:19.862 12617 12617 I LSPosed-Bridge: 	at android.os.Handler.handleCallback(Handler.java:873)

07-23 03:18:19.862 12617 12617 I LSPosed-Bridge: 	at android.os.Handler.dispatchMessage(Handler.java:99)

07-23 03:18:19.862 12617 12617 I LSPosed-Bridge: 	at android.os.Looper.loop(Looper.java:193)

07-23 03:18:19.862 12617 12617 I LSPosed-Bridge: 	at android.app.ActivityThread.main(ActivityThread.java:6692)

07-23 03:18:19.862 12617 12617 I LSPosed-Bridge: 	at java.lang.reflect.Method.invoke(Native Method)

07-23 03:18:19.862 12617 12617 I LSPosed-Bridge: 	at com.android.internal.os.RuntimeInit$MethodAndArgsCaller.run(RuntimeInit.java:493)

07-23 03:18:19.862 12617 12617 I LSPosed-Bridge: 	at com.android.internal.os.ZygoteInit.main(ZygoteInit.java:858)

07-23 03:18:19.866  1568  2480 I LSPosed-Bridge: 12617 PermLabel 10117 AMS.checkPermission: Binder.getCallingPid() = 1888; uid = 10117; Binder.getCallingUid() = 1001; getNameForUid: android.uid.phone:1001; getPackagesForUid: [com.qualcomm.qti.uim, com.qualcomm.qti.networksetting, com.android.mms.service, com.android.providers.telephony, com.qualcomm.simcontacts, com.qualcomm.qti.autoregistration, com.qualcomm.qti.telephonyservice, com.qti.qualcomm.deviceinfo, com.qti.xdivert, com.android.stk, org.codeaurora.ims, com.qti.qualcomm.datastatusnotification, com.qti.confuridialer, com.qualcomm.qti.lpa, com.qualcomm.qcrilmsgtunnel, com.qualcomm.qti.ims, com.qualcomm.qti.callfeaturessetting, com.android.phone]; permName: android.permission.ACCESS_COARSE_LOCATION; type = 1; res = -1; stacktrace=java.lang.Exception

07-23 03:18:19.866  1568  2480 I LSPosed-Bridge: 	at com.example.permlabel.requirePerm$1$2.afterHookedMethod(requirePerm.java:150)

07-23 03:18:19.866  1568  2480 I LSPosed-Bridge: 	at de.robv.android.xposed.XposedBridge$AdditionalHookInfo.callback(Unknown Source:147)

07-23 03:18:19.866  1568  2480 I LSPosed-Bridge: 	at LSPHooker_.checkPermission(Unknown Source:25)

07-23 03:18:19.866  1568  2480 I LSPosed-Bridge: 	at android.app.IActivityManager$Stub.onTransact(IActivityManager.java:664)

07-23 03:18:19.866  1568  2480 I LSPosed-Bridge: 	at com.android.server.am.ActivityManagerService.onTransact(ActivityManagerService.java:3346)

07-23 03:18:19.866  1568  2480 I LSPosed-Bridge: 	at android.os.Binder.execTransact(Binder.java:731)

07-23 03:18:19.869 12617 12835 I LSPosed-Bridge: 12617 PermLabel 10117; permName: android.permission.ACCESS_COARSE_LOCATION; getCellLocation res = null; stacktrace=java.lang.Exception

07-23 03:18:19.869 12617 12835 I LSPosed-Bridge: 	at com.example.permlabel.hookLocationExtra_test$3.afterHookedMethod(hookLocationExtra_test.java:79)

07-23 03:18:19.869 12617 12835 I LSPosed-Bridge: 	at de.robv.android.xposed.XposedBridge$AdditionalHookInfo.callback(Unknown Source:147)

07-23 03:18:19.869 12617 12835 I LSPosed-Bridge: 	at LSPHooker_.getCellLocation(Unknown Source:8)

07-23 03:18:19.869 12617 12835 I LSPosed-Bridge: 	at com.baidu.location.b.c.b(Unknown Source:19)

07-23 03:18:19.869 12617 12835 I LSPosed-Bridge: 	at com.baidu.location.b.c.b(Unknown Source:2)

07-23 03:18:19.869 12617 12835 I LSPosed-Bridge: 	at com.baidu.location.b.c.<init>(Unknown Source:563)

07-23 03:18:19.869 12617 12835 I LSPosed-Bridge: 	at com.baidu.location.c.run(Unknown Source:26)

07-23 03:18:19.869   551   551 I ConfigStore: android::hardware::configstore::V1_0::ISurfaceFlingerConfigs::hasHDRDisplay retrieved: 0

07-23 03:18:20.317 12837 12837 I LSPosed-Bridge: 12837 PermLabel 10117 permission_group_mapping =android.permission.ACCESS_COARSE_LOCATION Location

07-23 03:18:20.317 12837 12837 I LSPosed-Bridge: 12837 PermLabel 10117 permission_group_mapping =android.permission.CALL_PHONE Telephone

07-23 03:18:20.319 12837 12837 I LSPosed-Bridge: 12837 PermLabel 10117 permission_type_mapping =android.permission.CAPTURE_VIDEO_OUTPUT 2; 

07-23 03:18:20.319 12837 12837 I LSPosed-Bridge: 12837 PermLabel 10117 permission_type_mapping =android.permission.CAPTURE_VIDEO_OUTPUT 2; 

07-23 03:18:20.319 12837 12837 I LSPosed-Bridge: 12837 PermLabel 10117 permission_type_mapping =android.permission.READ_PRIVILEGED_PHONE_STATE 2; 

07-23 03:18:20.319 12837 12837 I LSPosed-Bridge: 12837 PermLabel 10117 permission_type_mapping =android.permission.READ_PRIVILEGED_PHONE_STATE 2; 

