07-23 03:18:20.319 12837 12837 I LSPosed-Bridge: 12837 PermLabel 10117 all_declared permissions =android.permission.BAIDU_LOCATION_SERVICE android.permission.BLUETOOTH android.permission.BLUETOOTH_ADMIN com.google.android.c2dm.permission.RECEIVE android.permission.SYSTEM_ALERT_WINDOW android.permission.WAKE_LOCK android.permission.REQUEST_INSTALL_PACKAGES android.permission.CHANGE_CONFIGURATION android.permission.VIBRATE android.permission.INTERNET android.permission.RECORD_AUDIO android.permission.CAMERA android.permission.ACCESS_NETWORK_STATE android.permission.WRITE_EXTERNAL_STORAGE android.permission.MOUNT_UNMOUNT_FILESYSTEMS android.permission.ACCESS_FINE_LOCATION android.permission.GET_TASKS android.permission.ACCESS_WIFI_STATE android.permission.CHANGE_WIFI_STATE android.permission.MODIFY_AUDIO_SETTINGS android.permission.READ_PHONE_STATE android.permission.RECEIVE_BOOT_COMPLETED android.permission.GET_ACCOUNTS android.permission.USE_CREDENTIALS android.permission.MANAGE_ACCOUNTS android.permission.AUTHENTICATE_ACCOUNTS com.android.launcher.permission.READ_SETTINGS android.permission.BROADCAST_STICKY android.permission.WRITE_SETTINGS android.permission.CHANGE_NETWORK_STATE com.lcworld.oasismedical.permission.JPUSH_MESSAGE android.permission.RECEIVE_USER_PRESENT android.permission.READ_EXTERNAL_STORAGE android.permission.RESTART_PACKAGES android.permission.ACCESS_COARSE_LOCATION android.permission.ACCESS_LOCATION_EXTRA_COMMANDS android.permission.CALL_PHONE android.permission.READ_CONTACTS android.permission.WRITE_CONTACTS android.permission.NFC android.permission.READ_LOGS android.permission.CAPTURE_AUDIO_OUTPUT android.permission.CAPTURE_VIDEO_OUTPUT android.permission.FOREGROUND_SERVICE android.permission.REORDER_TASKS android.permission.READ_PRIVILEGED_PHONE_STATE 

07-23 03:18:20.319 12837 12837 I LSPosed-Bridge: 12837 PermLabel 10117 all_declared permissions =android.permission.BAIDU_LOCATION_SERVICE android.permission.BLUETOOTH android.permission.BLUETOOTH_ADMIN com.google.android.c2dm.permission.RECEIVE android.permission.SYSTEM_ALERT_WINDOW android.permission.WAKE_LOCK android.permission.REQUEST_INSTALL_PACKAGES android.permission.CHANGE_CONFIGURATION android.permission.VIBRATE android.permission.INTERNET android.permission.RECORD_AUDIO android.permission.CAMERA android.permission.ACCESS_NETWORK_STATE android.permission.WRITE_EXTERNAL_STORAGE android.permission.MOUNT_UNMOUNT_FILESYSTEMS android.permission.ACCESS_FINE_LOCATION android.permission.GET_TASKS android.permission.ACCESS_WIFI_STATE android.permission.CHANGE_WIFI_STATE android.permission.MODIFY_AUDIO_SETTINGS android.permission.READ_PHONE_STATE android.permission.RECEIVE_BOOT_COMPLETED android.permission.GET_ACCOUNTS android.permission.USE_CREDENTIALS android.permission.MANAGE_ACCOUNTS android.permission.AUTHENTICATE_ACCOUNTS com.android.launcher.permission.READ_SETTINGS android.permission.BROADCAST_STICKY android.permission.WRITE_SETTINGS android.permission.CHANGE_NETWORK_STATE com.lcworld.oasismedical.permission.JPUSH_MESSAGE android.permission.RECEIVE_USER_PRESENT android.permission.READ_EXTERNAL_STORAGE android.permission.RESTART_PACKAGES android.permission.ACCESS_COARSE_LOCATION android.permission.ACCESS_LOCATION_EXTRA_COMMANDS android.permission.CALL_PHONE android.permission.READ_CONTACTS android.permission.WRITE_CONTACTS android.permission.NFC android.permission.READ_LOGS android.permission.CAPTURE_AUDIO_OUTPUT android.permission.CAPTURE_VIDEO_OUTPUT android.permission.FOREGROUND_SERVICE android.permission.REORDER_TASKS android.permission.READ_PRIVILEGED_PHONE_STATE 

07-23 03:18:20.319 12837 12837 I LSPosed-Bridge: 12837 PermLabel 10117 declared normal_permissions =android.permission.BLUETOOTH android.permission.BLUETOOTH_ADMIN com.google.android.c2dm.permission.RECEIVE android.permission.WAKE_LOCK android.permission.VIBRATE android.permission.INTERNET android.permission.ACCESS_NETWORK_STATE android.permission.GET_TASKS android.permission.ACCESS_WIFI_STATE android.permission.CHANGE_WIFI_STATE android.permission.MODIFY_AUDIO_SETTINGS android.permission.RECEIVE_BOOT_COMPLETED android.permission.USE_CREDENTIALS android.permission.MANAGE_ACCOUNTS android.permission.AUTHENTICATE_ACCOUNTS android.permission.BROADCAST_STICKY android.permission.CHANGE_NETWORK_STATE android.permission.RESTART_PACKAGES android.permission.ACCESS_LOCATION_EXTRA_COMMANDS android.permission.NFC android.permission.FOREGROUND_SERVICE android.permission.REORDER_TASKS 

07-23 03:18:20.319 12837 12837 I LSPosed-Bridge: 12837 PermLabel 10117 declared normal_permissions =android.permission.BLUETOOTH android.permission.BLUETOOTH_ADMIN com.google.android.c2dm.permission.RECEIVE android.permission.WAKE_LOCK android.permission.VIBRATE android.permission.INTERNET android.permission.ACCESS_NETWORK_STATE android.permission.GET_TASKS android.permission.ACCESS_WIFI_STATE android.permission.CHANGE_WIFI_STATE android.permission.MODIFY_AUDIO_SETTINGS android.permission.RECEIVE_BOOT_COMPLETED android.permission.USE_CREDENTIALS android.permission.MANAGE_ACCOUNTS android.permission.AUTHENTICATE_ACCOUNTS android.permission.BROADCAST_STICKY android.permission.CHANGE_NETWORK_STATE android.permission.RESTART_PACKAGES android.permission.ACCESS_LOCATION_EXTRA_COMMANDS android.permission.NFC android.permission.FOREGROUND_SERVICE android.permission.REORDER_TASKS 

07-23 03:18:20.319  1733  1733 W BatteryMeterDrawableBase: readFile cmd from/sys/class/power_supply/usb/charger_type data -> prop = 0

07-23 03:18:20.319  1733  1733 W BatteryMeterDrawableBase: readFile cmd from/sys/class/power_supply/usb/charger_type data -> prop = 0

07-23 03:18:20.319  1733  1733 W BatteryMeterDrawableBase:  isQuickCharging = 0

07-23 03:18:20.319  1733  1733 W BatteryMeterDrawableBase:  isQuickCharging = 0

07-23 03:18:20.319 12837 12837 I LSPosed-Bridge: 12837 PermLabel 10117 declared dangerous_permissions =android.permission.RECORD_AUDIO android.permission.CAMERA android.permission.WRITE_EXTERNAL_STORAGE android.permission.ACCESS_FINE_LOCATION android.permission.READ_PHONE_STATE android.permission.GET_ACCOUNTS android.permission.READ_EXTERNAL_STORAGE android.permission.ACCESS_COARSE_LOCATION android.permission.CALL_PHONE android.permission.READ_CONTACTS android.permission.WRITE_CONTACTS 

07-23 03:18:20.319 12837 12837 I LSPosed-Bridge: 12837 PermLabel 10117 declared dangerous_permissions =android.permission.RECORD_AUDIO android.permission.CAMERA android.permission.WRITE_EXTERNAL_STORAGE android.permission.ACCESS_FINE_LOCATION android.permission.READ_PHONE_STATE android.permission.GET_ACCOUNTS android.permission.READ_EXTERNAL_STORAGE android.permission.ACCESS_COARSE_LOCATION android.permission.CALL_PHONE android.permission.READ_CONTACTS android.permission.WRITE_CONTACTS 

07-23 03:18:20.319 12837 12837 I LSPosed-Bridge: 12837 PermLabel 10117 declared dangerous_group =Microphone Camera Storage Location Telephone Contacts Storage Location Telephone Contacts Contacts 

07-23 03:18:20.319 12837 12837 I LSPosed-Bridge: 12837 PermLabel 10117 declared dangerous_group =Microphone Camera Storage Location Telephone Contacts Storage Location Telephone Contacts Contacts 

07-23 03:18:20.319   551   551 I ConfigStore: android::hardware::configstore::V1_0::ISurfaceFlingerConfigs::hasHDRDisplay retrieved: 0

07-23 03:18:20.319   551   551 I ConfigStore: android::hardware::configstore::V1_0::ISurfaceFlingerConfigs::hasHDRDisplay retrieved: 0

07-23 03:18:21.088 12837 12837 I LSPosed-Bridge: 12837 PermLabel hookBinder_test 10117 interfaceBinder =android.app.IActivityManager; arg0 = 9; arg1 = android.os.Parcel@268080b; arg2 = android.os.Parcel@c40f6e8; arg3 = 0; res = true; stacktrace=java.lang.Exception

07-23 03:18:21.088 12837 12837 I LSPosed-Bridge: 	at com.example.permlabel.hookBinder_test$1.afterHookedMethod(hookBinder_test.java:75)

07-23 03:18:21.088 12837 12837 I LSPosed-Bridge: 	at de.robv.android.xposed.XposedBridge$AdditionalHookInfo.callback(Unknown Source:147)

07-23 03:18:21.088 12837 12837 I LSPosed-Bridge: 	at LSPHooker_.transact(Unknown Source:28)

07-23 03:18:21.088 12837 12837 I LSPosed-Bridge: 	at android.app.IActivityManager$Stub$Proxy.registerReceiver(IActivityManager.java:3825)

07-23 03:18:21.088 12837 12837 I LSPosed-Bridge: 	at android.app.ContextImpl.registerReceiverInternal(ContextImpl.java:1488)

07-23 03:18:21.088 12837 12837 I LSPosed-Bridge: 	at android.app.ContextImpl.registerReceiver(ContextImpl.java:1449)

07-23 03:18:21.088 12837 12837 I LSPosed-Bridge: 	at android.content.ContextWrapper.registerReceiver(ContextWrapper.java:636)

07-23 03:18:21.088 12837 12837 I LSPosed-Bridge: 	at com.uc.crashsdk.e.a(ProGuard:3509)

07-23 03:18:21.088 12837 12837 I LSPosed-Bridge: 	at com.uc.crashsdk.export.CrashApi.a(ProGuard:858)

07-23 03:18:21.088 12837 12837 I LSPosed-Bridge: 	at com.uc.crashsdk.export.CrashApi.<init>(ProGuard:704)

07-23 03:18:21.088 12837 12837 I LSPosed-Bridge: 	at com.uc.crashsdk.export.CrashApi.createInstance(ProGuard:30)

07-23 03:18:21.088 12837 12837 I LSPosed-Bridge: 	at com.uc.crashsdk.export.CrashApi.createInstanceEx(ProGuard:78)

07-23 03:18:21.088 12837 12837 I LSPosed-Bridge: 	at com.umeng.umcrash.UMCrash.init(UMCrash.java:703)

07-23 03:18:21.088 12837 12837 I LSPosed-Bridge: 	at java.lang.reflect.Method.invoke(Native Method)

07-23 03:18:21.088 12837 12837 I LSPosed-Bridge: 	at com.umeng.commonsdk.UMConfigure.init(UMConfigure.java:746)

07-23 03:18:21.088 12837 12837 I LSPosed-Bridge: 	at com.lcworld.oasismedical.application.SoftApplication.initSDK(SoftApplication.java:338)

07-23 03:18:21.088 12837 12837 I LSPosed-Bridge: 	at com.lcworld.oasismedical.application.SoftApplication.onCreate(SoftApplication.java:219)

07-23 03:18:21.088 12837 12837 I LSPosed-Bridge: 	at com.stub.StubApp.onCreate(Unknown Source:73)

07-23 03:18:21.088 12837 12837 I LSPosed-Bridge: 	at android.app.Instrumentation.callApplicationOnCreate(Instrumentation.java:1155)

07-23 03:18:21.088 12837 12837 I LSPosed-Bridge: 	at android.app.ActivityThread.handleBindApplication(ActivityThread.java:5885)

07-23 03:18:21.088 12837 12837 I LSPosed-Bridge: 	at android.app.ActivityThread.access$1100(ActivityThread.java:200)

07-23 03:18:21.088 12837 12837 I LSPosed-Bridge: 	at android.app.ActivityThread$H.handleMessage(ActivityThread.java:1651)

07-23 03:18:21.088 12837 12837 I LSPosed-Bridge: 	at android.os.Handler.dispatchMessage(Handler.java:106)

07-23 03:18:21.088 12837 12837 I LSPosed-Bridge: 	at android.os.Looper.loop(Looper.java:193)

07-23 03:18:21.088 12837 12837 I LSPosed-Bridge: 	at android.app.ActivityThread.main(ActivityThread.java:6692)

07-23 03:18:21.088 12837 12837 I LSPosed-Bridge: 	at java.lang.reflect.Method.invoke(Native Method)

07-23 03:18:21.088 12837 12837 I LSPosed-Bridge: 	at com.android.internal.os.RuntimeInit$MethodAndArgsCaller.run(RuntimeInit.java:493)

07-23 03:18:21.088 12837 12837 I LSPosed-Bridge: 	at com.android.internal.os.ZygoteInit.main(ZygoteInit.java:858)

07-23 03:18:21.088  1568  8613 I LSPosed-Bridge: 12759 PermLabel 10117 AMS.checkPermission: Binder.getCallingPid() = 1888; uid = 10117; Binder.getCallingUid() = 1001; getNameForUid: android.uid.phone:1001; getPackagesForUid: [com.qualcomm.qti.uim, com.qualcomm.qti.networksetting, com.android.mms.service, com.android.providers.telephony, com.qualcomm.simcontacts, com.qualcomm.qti.autoregistration, com.qualcomm.qti.telephonyservice, com.qti.qualcomm.deviceinfo, com.qti.xdivert, com.android.stk, org.codeaurora.ims, com.qti.qualcomm.datastatusnotification, com.qti.confuridialer, com.qualcomm.qti.lpa, com.qualcomm.qcrilmsgtunnel, com.qualcomm.qti.ims, com.qualcomm.qti.callfeaturessetting, com.android.phone]; permName: android.permission.ACCESS_COARSE_LOCATION; type = 1; res = -1; stacktrace=java.lang.Exception

07-23 03:18:21.088  1568  8613 I LSPosed-Bridge: 	at com.example.permlabel.requirePerm$1$2.afterHookedMethod(requirePerm.java:150)

07-23 03:18:21.088  1568  8613 I LSPosed-Bridge: 	at de.robv.android.xposed.XposedBridge$AdditionalHookInfo.callback(Unknown Source:147)

07-23 03:18:21.088  1568  8613 I LSPosed-Bridge: 	at LSPHooker_.checkPermission(Unknown Source:25)

07-23 03:18:21.088  1568  8613 I LSPosed-Bridge: 	at android.app.IActivityManager$Stub.onTransact(IActivityManager.java:664)

07-23 03:18:21.088  1568  8613 I LSPosed-Bridge: 	at com.android.server.am.ActivityManagerService.onTransact(ActivityManagerService.java:3346)

07-23 03:18:21.088  1568  8613 I LSPosed-Bridge: 	at android.os.Binder.execTransact(Binder.java:731)

07-23 03:18:21.091 12759 12987 I LSPosed-Bridge: 12759 PermLabel hookBinder_test 10117 interfaceBinder =com.android.internal.telephony.ITelephony; arg0 = 82; arg1 = android.os.Parcel@6a22697; arg2 = android.os.Parcel@268080b; arg3 = 0; res = true; stacktrace=java.lang.Exception

07-23 03:18:21.091 12759 12987 I LSPosed-Bridge: 	at com.example.permlabel.hookBinder_test$1.afterHookedMethod(hookBinder_test.java:75)

07-23 03:18:21.091 12759 12987 I LSPosed-Bridge: 	at de.robv.android.xposed.XposedBridge$AdditionalHookInfo.callback(Unknown Source:147)

07-23 03:18:21.091 12759 12987 I LSPosed-Bridge: 	at LSPHooker_.transact(Unknown Source:28)

07-23 03:18:21.091 12759 12987 I LSPosed-Bridge: 	at com.android.internal.telephony.ITelephony$Stub$Proxy.getAllCellInfo(ITelephony.java:3940)

07-23 03:18:21.091 12759 12987 I LSPosed-Bridge: 	at android.telephony.TelephonyManager.getAllCellInfo(TelephonyManager.java:4406)

07-23 03:18:21.091 12759 12987 I LSPosed-Bridge: 	at java.lang.reflect.Method.invoke(Native Method)

07-23 03:18:21.091 12759 12987 I LSPosed-Bridge: 	at org.lsposed.lspd.nativebridge.HookBridge.invokeOriginalMethod(Native Method)

07-23 03:18:21.091 12759 12987 I LSPosed-Bridge: 	at de.robv.android.xposed.XposedBridge$AdditionalHookInfo.callback(Unknown Source:110)

07-23 03:18:21.091 12759 12987 I LSPosed-Bridge: 	at LSPHooker_.getAllCellInfo(Unknown Source:8)

07-23 03:18:21.091 12759 12987 I LSPosed-Bridge: 	at com.baidu.location.b.c.d(Unknown Source:18)

07-23 03:18:21.091 12759 12987 I LSPosed-Bridge: 	at com.baidu.location.b.c.b(Unknown Source:1)

07-23 03:18:21.091 12759 12987 I LSPosed-Bridge: 	at com.baidu.location.b.c.b(Unknown Source:2)

07-23 03:18:21.091 12759 12987 I LSPosed-Bridge: 	at com.baidu.location.b.c.<init>(Unknown Source:563)

07-23 03:18:21.091 12759 12987 I LSPosed-Bridge: 	at com.baidu.location.c.run(Unknown Source:26)

07-23 03:18:21.091 12759 12987 I LSPosed-Bridge: 12759 PermLabel 10117; permName: android.permission.ACCESS_COARSE_LOCATION; getAllCellInfo res = null; stacktrace=java.lang.Exception

07-23 03:18:21.091 12759 12987 I LSPosed-Bridge: 	at com.example.permlabel.hookLocationExtra_test$4.afterHookedMethod(hookLocationExtra_test.java:86)

07-23 03:18:21.091 12759 12987 I LSPosed-Bridge: 	at de.robv.android.xposed.XposedBridge$AdditionalHookInfo.callback(Unknown Source:147)

07-23 03:18:21.091 12759 12987 I LSPosed-Bridge: 	at LSPHooker_.getAllCellInfo(Unknown Source:8)

07-23 03:18:21.091 12759 12987 I LSPosed-Bridge: 	at com.baidu.location.b.c.d(Unknown Source:18)

07-23 03:18:21.091 12759 12987 I LSPosed-Bridge: 	at com.baidu.location.b.c.b(Unknown Source:1)

07-23 03:18:21.091 12759 12987 I LSPosed-Bridge: 	at com.baidu.location.b.c.b(Unknown Source:2)

07-23 03:18:21.091 12759 12987 I LSPosed-Bridge: 	at com.baidu.location.b.c.<init>(Unknown Source:563)

07-23 03:18:21.091 12759 12987 I LSPosed-Bridge: 	at com.baidu.location.c.run(Unknown Source:26)

07-23 03:18:21.095  1568  8613 I LSPosed-Bridge: 12759 PermLabel 10117 AMS.checkPermission: Binder.getCallingPid() = 1888; uid = 10117; Binder.getCallingUid() = 1001; getNameForUid: android.uid.phone:1001; getPackagesForUid: [com.qualcomm.qti.uim, com.qualcomm.qti.networksetting, com.android.mms.service, com.android.providers.telephony, com.qualcomm.simcontacts, com.qualcomm.qti.autoregistration, com.qualcomm.qti.telephonyservice, com.qti.qualcomm.deviceinfo, com.qti.xdivert, com.android.stk, org.codeaurora.ims, com.qti.qualcomm.datastatusnotification, com.qti.confuridialer, com.qualcomm.qti.lpa, com.qualcomm.qcrilmsgtunnel, com.qualcomm.qti.ims, com.qualcomm.qti.callfeaturessetting, com.android.phone]; permName: android.permission.ACCESS_COARSE_LOCATION; type = 1; res = -1; stacktrace=java.lang.Exception

07-23 03:18:21.095  1568  8613 I LSPosed-Bridge: 	at com.example.permlabel.requirePerm$1$2.afterHookedMethod(requirePerm.java:150)

07-23 03:18:21.095  1568  8613 I LSPosed-Bridge: 	at de.robv.android.xposed.XposedBridge$AdditionalHookInfo.callback(Unknown Source:147)

07-23 03:18:21.095  1568  8613 I LSPosed-Bridge: 	at LSPHooker_.checkPermission(Unknown Source:25)

07-23 03:18:21.095  1568  8613 I LSPosed-Bridge: 	at android.app.IActivityManager$Stub.onTransact(IActivityManager.java:664)

07-23 03:18:21.095  1568  8613 I LSPosed-Bridge: 	at com.android.server.am.ActivityManagerService.onTransact(ActivityManagerService.java:3346)

07-23 03:18:21.095  1568  8613 I LSPosed-Bridge: 	at android.os.Binder.execTransact(Binder.java:731)

07-23 03:18:21.095 12759 12970 E imsdk   : TIM: 48    2023-07-23 03:18:21.095/E/12759-12970     /Network     -socket.cpp.568  Connect                                    /socket connect failed|fd:115|error:101, Network is unreachable

07-23 03:18:21.095 12759 12970 I imsdk   : TIM: 49    2023-07-23 03:18:21.095/I/12759-12970     /Network     -channel.cpp.327  Connect                                   /channel connect|channel id:11|ip:223.167.154.46:8080

07-23 03:18:21.095  1888  2016 I LSPosed-Bridge: 1888 PermLabel 1001 ContextImpl.checkPermission: pid = 12759; uid = 10117; permName: android.permission.ACCESS_COARSE_LOCATION; type = 1; res = -1; stacktrace=java.lang.Exception

07-23 03:18:21.095  1888  2016 I LSPosed-Bridge: 	at com.example.permlabel.requestPerm$2.afterHookedMethod(requestPerm.java:229)

07-23 03:18:21.095  1888  2016 I LSPosed-Bridge: 	at de.robv.android.xposed.XposedBridge$AdditionalHookInfo.callback(Unknown Source:147)

07-23 03:18:21.095  1888  2016 I LSPosed-Bridge: 	at LSPHooker_.checkPermission(Unknown Source:25)

07-23 03:18:21.095  1888  2016 I LSPosed-Bridge: 	at android.app.ContextImpl.enforcePermission(ContextImpl.java:1822)

07-23 03:18:21.095  1888  2016 I LSPosed-Bridge: 	at android.content.ContextWrapper.enforcePermission(ContextWrapper.java:765)

07-23 03:18:21.095  1888  2016 I LSPosed-Bridge: 	at android.content.ContextWrapper.enforcePermission(ContextWrapper.java:765)

07-23 03:18:21.095  1888  2016 I LSPosed-Bridge: 	at android.telephony.LocationAccessPolicy.canAccessCellLocation(LocationAccessPolicy.java:71)

07-23 03:18:21.095  1888  2016 I LSPosed-Bridge: 	at com.android.phone.PhoneInterfaceManager.getCellLocation(PhoneInterfaceManager.java:1696)

07-23 03:18:21.095  1888  2016 I LSPosed-Bridge: 	at com.android.internal.telephony.ITelephony$Stub.onTransact(ITelephony.java:465)

07-23 03:18:21.095  1888  2016 I LSPosed-Bridge: 	at android.os.Binder.execTransact(Binder.java:731)

07-23 03:18:21.096 12759 12987 I LSPosed-Bridge: 12759 PermLabel hookBinder_test 10117 interfaceBinder =com.android.internal.telephony.ITelephony; arg0 = 41; arg1 = android.os.Parcel@6a22697; arg2 = android.os.Parcel@268080b; arg3 = 0; res = true; stacktrace=java.lang.Exception

07-23 03:18:21.096 12759 12987 I LSPosed-Bridge: 	at com.example.permlabel.hookBinder_test$1.afterHookedMethod(hookBinder_test.java:75)

07-23 03:18:21.096 12759 12987 I LSPosed-Bridge: 	at de.robv.android.xposed.XposedBridge$AdditionalHookInfo.callback(Unknown Source:147)

07-23 03:18:21.096 12759 12987 I LSPosed-Bridge: 	at LSPHooker_.transact(Unknown Source:28)

07-23 03:18:21.096 12759 12987 I LSPosed-Bridge: 	at com.android.internal.telephony.ITelephony$Stub$Proxy.getCellLocation(ITelephony.java:3128)

07-23 03:18:21.096 12759 12987 I LSPosed-Bridge: 	at android.telephony.TelephonyManager.getCellLocation(TelephonyManager.java:1401)

07-23 03:18:21.096 12759 12987 I LSPosed-Bridge: 	at java.lang.reflect.Method.invoke(Native Method)

07-23 03:18:21.096 12759 12987 I LSPosed-Bridge: 	at org.lsposed.lspd.nativebridge.HookBridge.invokeOriginalMethod(Native Method)

07-23 03:18:21.096 12759 12987 I LSPosed-Bridge: 	at de.robv.android.xposed.XposedBridge$AdditionalHookInfo.callback(Unknown Source:110)

07-23 03:18:21.096 12759 12987 I LSPosed-Bridge: 	at LSPHooker_.getCellLocation(Unknown Source:8)

07-23 03:18:21.096 12759 12987 I LSPosed-Bridge: 	at com.baidu.location.b.c.b(Unknown Source:19)

07-23 03:18:21.096 12759 12987 I LSPosed-Bridge: 	at com.baidu.location.b.c.b(Unknown Source:2)

07-23 03:18:21.096 12759 12987 I LSPosed-Bridge: 	at com.baidu.location.b.c.<init>(Unknown Source:563)

07-23 03:18:21.096 12759 12987 I LSPosed-Bridge: 	at com.baidu.location.c.run(Unknown Source:26)

07-23 03:18:21.096 12759 12987 I LSPosed-Bridge: 12759 PermLabel 10117; permName: android.permission.ACCESS_COARSE_LOCATION; getCellLocation res = null; stacktrace=java.lang.Exception

07-23 03:18:21.096 12759 12987 I LSPosed-Bridge: 	at com.example.permlabel.hookLocationExtra_test$3.afterHookedMethod(hookLocationExtra_test.java:79)

07-23 03:18:21.096 12759 12987 I LSPosed-Bridge: 	at de.robv.android.xposed.XposedBridge$AdditionalHookInfo.callback(Unknown Source:147)

07-23 03:18:21.096 12759 12987 I LSPosed-Bridge: 	at LSPHooker_.getCellLocation(Unknown Source:8)

07-23 03:18:21.096 12759 12987 I LSPosed-Bridge: 	at com.baidu.location.b.c.b(Unknown Source:19)

07-23 03:18:21.096 12759 12987 I LSPosed-Bridge: 	at com.baidu.location.b.c.b(Unknown Source:2)

07-23 03:18:21.096 12759 12987 I LSPosed-Bridge: 	at com.baidu.location.b.c.<init>(Unknown Source:563)

07-23 03:18:21.096 12759 12987 I LSPosed-Bridge: 	at com.baidu.location.c.run(Unknown Source:26)

07-23 03:18:21.096 12759 12970 E imsdk   : TIM: 50    2023-07-23 03:18:21.096/E/12759-12970     /Network     -socket.cpp.568  Connect                                    /socket connect failed|fd:116|error:101, Network is unreachable

07-23 03:18:21.096 12759 12970 I imsdk   : TIM: 51    2023-07-23 03:18:21.096/I/12759-12970     /Network     -channel.cpp.327  Connect                                   /channel connect|channel id:12|ip:101.226.233.199:8080

07-23 03:18:21.557  1568  9909 I LSPosed-Bridge: 12837 PermLabel 10117 AMS.checkPermission: Binder.getCallingPid() = 1888; uid = 10117; Binder.getCallingUid() = 1001; getNameForUid: android.uid.phone:1001; getPackagesForUid: [com.qualcomm.qti.uim, com.qualcomm.qti.networksetting, com.android.mms.service, com.android.providers.telephony, com.qualcomm.simcontacts, com.qualcomm.qti.autoregistration, com.qualcomm.qti.telephonyservice, com.qti.qualcomm.deviceinfo, com.qti.xdivert, com.android.stk, org.codeaurora.ims, com.qti.qualcomm.datastatusnotification, com.qti.confuridialer, com.qualcomm.qti.lpa, com.qualcomm.qcrilmsgtunnel, com.qualcomm.qti.ims, com.qualcomm.qti.callfeaturessetting, com.android.phone]; permName: android.permission.ACCESS_COARSE_LOCATION; type = 1; res = -1; stacktrace=java.lang.Exception

07-23 03:18:21.557  1568  9909 I LSPosed-Bridge: 	at com.example.permlabel.requirePerm$1$2.afterHookedMethod(requirePerm.java:150)

07-23 03:18:21.557  1568  9909 I LSPosed-Bridge: 	at de.robv.android.xposed.XposedBridge$AdditionalHookInfo.callback(Unknown Source:147)

07-23 03:18:21.557  1568  9909 I LSPosed-Bridge: 	at LSPHooker_.checkPermission(Unknown Source:25)

07-23 03:18:21.557  1568  9909 I LSPosed-Bridge: 	at android.app.IActivityManager$Stub.onTransact(IActivityManager.java:664)

07-23 03:18:21.557  1568  9909 I LSPosed-Bridge: 	at com.android.server.am.ActivityManagerService.onTransact(ActivityManagerService.java:3346)

07-23 03:18:21.557  1568  9909 I LSPosed-Bridge: 	at android.os.Binder.execTransact(Binder.java:731)

07-23 03:18:21.557  1888  2016 I LSPosed-Bridge: 1888 PermLabel 1001 ContextImpl.checkPermission: pid = 12837; uid = 10117; permName: android.permission.ACCESS_COARSE_LOCATION; type = 1; res = -1; stacktrace=java.lang.Exception

07-23 03:18:21.557  1888  2016 I LSPosed-Bridge: 	at com.example.permlabel.requestPerm$2.afterHookedMethod(requestPerm.java:229)

07-23 03:18:21.557  1888  2016 I LSPosed-Bridge: 	at de.robv.android.xposed.XposedBridge$AdditionalHookInfo.callback(Unknown Source:147)

07-23 03:18:21.557  1888  2016 I LSPosed-Bridge: 	at LSPHooker_.checkPermission(Unknown Source:25)

07-23 03:18:21.557  1888  2016 I LSPosed-Bridge: 	at android.app.ContextImpl.enforcePermission(ContextImpl.java:1822)

07-23 03:18:21.557  1888  2016 I LSPosed-Bridge: 	at android.content.ContextWrapper.enforcePermission(ContextWrapper.java:765)

07-23 03:18:21.557  1888  2016 I LSPosed-Bridge: 	at android.content.ContextWrapper.enforcePermission(ContextWrapper.java:765)

07-23 03:18:21.557  1888  2016 I LSPosed-Bridge: 	at android.telephony.LocationAccessPolicy.canAccessCellLocation(LocationAccessPolicy.java:71)

07-23 03:18:21.557  1888  2016 I LSPosed-Bridge: 	at com.android.phone.PhoneInterfaceManager.getAllCellInfo(PhoneInterfaceManager.java:1808)

07-23 03:18:21.557  1888  2016 I LSPosed-Bridge: 	at com.android.internal.telephony.ITelephony$Stub.onTransact(ITelephony.java:936)

07-23 03:18:21.557  1888  2016 I LSPosed-Bridge: 	at android.os.Binder.execTransact(Binder.java:731)

07-23 03:18:21.559 12837 13061 I LSPosed-Bridge: 12837 PermLabel 10117; permName: android.permission.ACCESS_COARSE_LOCATION; getAllCellInfo res = null; stacktrace=java.lang.Exception

07-23 03:18:21.559 12837 13061 I LSPosed-Bridge: 	at com.example.permlabel.hookLocationExtra_test$4.afterHookedMethod(hookLocationExtra_test.java:86)

07-23 03:18:21.559 12837 13061 I LSPosed-Bridge: 	at de.robv.android.xposed.XposedBridge$AdditionalHookInfo.callback(Unknown Source:147)

07-23 03:18:21.559 12837 13061 I LSPosed-Bridge: 	at LSPHooker_.getAllCellInfo(Unknown Source:8)

07-23 03:18:21.559 12837 13061 I LSPosed-Bridge: 	at com.baidu.location.b.c.d(Unknown Source:18)

07-23 03:18:21.559 12837 13061 I LSPosed-Bridge: 	at com.baidu.location.b.c.b(Unknown Source:1)

07-23 03:18:21.559 12837 13061 I LSPosed-Bridge: 	at com.baidu.location.b.c.b(Unknown Source:2)

07-23 03:18:21.559 12837 13061 I LSPosed-Bridge: 	at com.baidu.location.b.c.<init>(Unknown Source:563)

07-23 03:18:21.559 12837 13061 I LSPosed-Bridge: 	at com.baidu.location.c.run(Unknown Source:26)

07-23 03:18:21.562 12837 13049 E imsdk   : TIM: 48    2023-07-23 03:18:21.562/E/12837-13049     /Network     -socket.cpp.568  Connect                                    /socket connect failed|fd:117|error:101, Network is unreachable

07-23 03:18:21.562 12837 13049 I imsdk   : TIM: 49    2023-07-23 03:18:21.562/I/12837-13049     /Network     -channel.cpp.327  Connect                                   /channel connect|channel id:11|ip:223.167.154.46:8080

07-23 03:18:21.562  1568  9909 I LSPosed-Bridge: 12837 PermLabel 10117 AMS.checkPermission: Binder.getCallingPid() = 1888; uid = 10117; Binder.getCallingUid() = 1001; getNameForUid: android.uid.phone:1001; getPackagesForUid: [com.qualcomm.qti.uim, com.qualcomm.qti.networksetting, com.android.mms.service, com.android.providers.telephony, com.qualcomm.simcontacts, com.qualcomm.qti.autoregistration, com.qualcomm.qti.telephonyservice, com.qti.qualcomm.deviceinfo, com.qti.xdivert, com.android.stk, org.codeaurora.ims, com.qti.qualcomm.datastatusnotification, com.qti.confuridialer, com.qualcomm.qti.lpa, com.qualcomm.qcrilmsgtunnel, com.qualcomm.qti.ims, com.qualcomm.qti.callfeaturessetting, com.android.phone]; permName: android.permission.ACCESS_COARSE_LOCATION; type = 1; res = -1; stacktrace=java.lang.Exception

07-23 03:18:21.562  1568  9909 I LSPosed-Bridge: 	at com.example.permlabel.requirePerm$1$2.afterHookedMethod(requirePerm.java:150)

07-23 03:18:21.562  1568  9909 I LSPosed-Bridge: 	at de.robv.android.xposed.XposedBridge$AdditionalHookInfo.callback(Unknown Source:147)

07-23 03:18:21.562  1568  9909 I LSPosed-Bridge: 	at LSPHooker_.checkPermission(Unknown Source:25)

07-23 03:18:21.562  1568  9909 I LSPosed-Bridge: 	at android.app.IActivityManager$Stub.onTransact(IActivityManager.java:664)

07-23 03:18:21.562  1568  9909 I LSPosed-Bridge: 	at com.android.server.am.ActivityManagerService.onTransact(ActivityManagerService.java:3346)

07-23 03:18:21.562  1568  9909 I LSPosed-Bridge: 	at android.os.Binder.execTransact(Binder.java:731)

07-23 03:18:21.562 12837 13049 E imsdk   : TIM: 50    2023-07-23 03:18:21.562/E/12837-13049     /Network     -socket.cpp.568  Connect                                    /socket connect failed|fd:118|error:101, Network is unreachable

07-23 03:18:21.564 12837 13061 I LSPosed-Bridge: 12837 PermLabel hookBinder_test 10117 interfaceBinder =com.android.internal.telephony.ITelephony; arg0 = 41; arg1 = android.os.Parcel@ad5fd03; arg2 = android.os.Parcel@7bcc620; arg3 = 0; res = true; stacktrace=java.lang.Exception

07-23 03:18:21.564 12837 13061 I LSPosed-Bridge: 	at com.example.permlabel.hookBinder_test$1.afterHookedMethod(hookBinder_test.java:75)

07-23 03:18:21.564 12837 13061 I LSPosed-Bridge: 	at de.robv.android.xposed.XposedBridge$AdditionalHookInfo.callback(Unknown Source:147)

07-23 03:18:21.564 12837 13061 I LSPosed-Bridge: 	at LSPHooker_.transact(Unknown Source:28)

07-23 03:18:21.564 12837 13061 I LSPosed-Bridge: 	at com.android.internal.telephony.ITelephony$Stub$Proxy.getCellLocation(ITelephony.java:3128)

07-23 03:18:21.564 12837 13061 I LSPosed-Bridge: 	at android.telephony.TelephonyManager.getCellLocation(TelephonyManager.java:1401)

07-23 03:18:21.564 12837 13061 I LSPosed-Bridge: 	at java.lang.reflect.Method.invoke(Native Method)

07-23 03:18:21.564 12837 13061 I LSPosed-Bridge: 	at org.lsposed.lspd.nativebridge.HookBridge.invokeOriginalMethod(Native Method)

07-23 03:18:21.564 12837 13061 I LSPosed-Bridge: 	at de.robv.android.xposed.XposedBridge$AdditionalHookInfo.callback(Unknown Source:110)

07-23 03:18:21.564 12837 13061 I LSPosed-Bridge: 	at LSPHooker_.getCellLocation(Unknown Source:8)

07-23 03:18:21.564 12837 13061 I LSPosed-Bridge: 	at com.baidu.location.b.c.b(Unknown Source:19)

07-23 03:18:21.564 12837 13061 I LSPosed-Bridge: 	at com.baidu.location.b.c.b(Unknown Source:2)

07-23 03:18:21.564 12837 13061 I LSPosed-Bridge: 	at com.baidu.location.b.c.<init>(Unknown Source:563)

07-23 03:18:21.564 12837 13061 I LSPosed-Bridge: 	at com.baidu.location.c.run(Unknown Source:26)

07-23 03:18:21.564 12837 13049 E imsdk   : TIM: 54    2023-07-23 03:18:21.564/E/12837-13049     /Network     -socket.cpp.568  Connect                                    /socket connect failed|fd:122|error:101, Network is unreachable

07-23 03:18:21.564 12837 13049 I imsdk   : TIM: 55    2023-07-23 03:18:21.564/I/12837-13049     /Network     -channel.cpp.327  Connect                                   /channel connect|channel id:14|ip:183.194.184.121:80

07-23 03:18:21.564 12837 13061 I LSPosed-Bridge: 12837 PermLabel 10117; permName: android.permission.ACCESS_COARSE_LOCATION; getCellLocation res = null; stacktrace=java.lang.Exception

07-23 03:18:21.564 12837 13061 I LSPosed-Bridge: 	at com.example.permlabel.hookLocationExtra_test$3.afterHookedMethod(hookLocationExtra_test.java:79)

07-23 03:18:21.564 12837 13061 I LSPosed-Bridge: 	at de.robv.android.xposed.XposedBridge$AdditionalHookInfo.callback(Unknown Source:147)

07-23 03:18:21.564 12837 13061 I LSPosed-Bridge: 	at LSPHooker_.getCellLocation(Unknown Source:8)

07-23 03:18:21.564 12837 13061 I LSPosed-Bridge: 	at com.baidu.location.b.c.b(Unknown Source:19)

07-23 03:18:21.564 12837 13061 I LSPosed-Bridge: 	at com.baidu.location.b.c.b(Unknown Source:2)

07-23 03:18:21.564 12837 13061 I LSPosed-Bridge: 	at com.baidu.location.b.c.<init>(Unknown Source:563)

07-23 03:18:21.564 12837 13061 I LSPosed-Bridge: 	at com.baidu.location.c.run(Unknown Source:26)

07-23 03:18:21.564 12837 13049 E imsdk   : TIM: 56    2023-07-23 03:18:21.564/E/12837-13049     /Network     -socket.cpp.568  Connect                                    /socket connect failed|fd:123|error:101, Network is unreachable

07-23 03:18:21.564 12837 13049 I imsdk   : TIM: 57    2023-07-23 03:18:21.564/I/12837-13049     /Network     -channel.cpp.327  Connect                                   /channel connect|channel id:15|ip:223.167.154.46:80

07-23 03:18:21.830  1568  8613 I LSPosed-Bridge: 12837 PermLabel 10117 AMS.checkPermission: Binder.getCallingPid() = 1888; uid = 10117; Binder.getCallingUid() = 1001; getNameForUid: android.uid.phone:1001; getPackagesForUid: [com.qualcomm.qti.uim, com.qualcomm.qti.networksetting, com.android.mms.service, com.android.providers.telephony, com.qualcomm.simcontacts, com.qualcomm.qti.autoregistration, com.qualcomm.qti.telephonyservice, com.qti.qualcomm.deviceinfo, com.qti.xdivert, com.android.stk, org.codeaurora.ims, com.qti.qualcomm.datastatusnotification, com.qti.confuridialer, com.qualcomm.qti.lpa, com.qualcomm.qcrilmsgtunnel, com.qualcomm.qti.ims, com.qualcomm.qti.callfeaturessetting, com.android.phone]; permName: android.permission.ACCESS_COARSE_LOCATION; type = 1; res = -1; stacktrace=java.lang.Exception

07-23 03:18:21.830  1568  8613 I LSPosed-Bridge: 	at com.example.permlabel.requirePerm$1$2.afterHookedMethod(requirePerm.java:150)

07-23 03:18:21.830  1568  8613 I LSPosed-Bridge: 	at de.robv.android.xposed.XposedBridge$AdditionalHookInfo.callback(Unknown Source:147)

07-23 03:18:21.830  1568  8613 I LSPosed-Bridge: 	at LSPHooker_.checkPermission(Unknown Source:25)

07-23 03:18:21.830  1568  8613 I LSPosed-Bridge: 	at android.app.IActivityManager$Stub.onTransact(IActivityManager.java:664)

07-23 03:18:21.830  1568  8613 I LSPosed-Bridge: 	at com.android.server.am.ActivityManagerService.onTransact(ActivityManagerService.java:3346)

07-23 03:18:21.830  1568  8613 I LSPosed-Bridge: 	at android.os.Binder.execTransact(Binder.java:731)

07-23 03:18:21.832 12837 13054 I LSPosed-Bridge: 12837 PermLabel hookBinder_test 10117 interfaceBinder =com.android.internal.telephony.ITelephony; arg0 = 82; arg1 = android.os.Parcel@75c3412; arg2 = android.os.Parcel@b77e067; arg3 = 0; res = true; stacktrace=java.lang.Exception

07-23 03:18:21.832 12837 13054 I LSPosed-Bridge: 	at com.example.permlabel.hookBinder_test$1.afterHookedMethod(hookBinder_test.java:75)

07-23 03:18:21.832 12837 13054 I LSPosed-Bridge: 	at de.robv.android.xposed.XposedBridge$AdditionalHookInfo.callback(Unknown Source:147)

07-23 03:18:21.832 12837 13054 I LSPosed-Bridge: 	at LSPHooker_.transact(Unknown Source:28)

07-23 03:18:21.832 12837 13054 I LSPosed-Bridge: 	at com.android.internal.telephony.ITelephony$Stub$Proxy.getAllCellInfo(ITelephony.java:3940)

07-23 03:18:21.832 12837 13054 I LSPosed-Bridge: 	at android.telephony.TelephonyManager.getAllCellInfo(TelephonyManager.java:4406)

07-23 03:18:21.832 12837 13054 I LSPosed-Bridge: 	at java.lang.reflect.Method.invoke(Native Method)

07-23 03:18:21.832 12837 13054 I LSPosed-Bridge: 	at org.lsposed.lspd.nativebridge.HookBridge.invokeOriginalMethod(Native Method)

07-23 03:18:21.832 12837 13054 I LSPosed-Bridge: 	at de.robv.android.xposed.XposedBridge$AdditionalHookInfo.callback(Unknown Source:110)

07-23 03:18:21.832 12837 13054 I LSPosed-Bridge: 	at LSPHooker_.getAllCellInfo(Unknown Source:8)

07-23 03:18:21.832 12837 13054 I LSPosed-Bridge: 	at com.baidu.location.f.b.l(Unknown Source:26)

07-23 03:18:21.832 12837 13054 I LSPosed-Bridge: 	at com.baidu.location.f.b.k(Unknown Source:0)

07-23 03:18:21.832 12837 13054 I LSPosed-Bridge: 	at com.baidu.location.f.b.f(Unknown Source:22)

07-23 03:18:21.832 12837 13054 I LSPosed-Bridge: 	at com.baidu.location.b.l.a(Unknown Source:4)

07-23 03:18:21.832 12837 13054 I LSPosed-Bridge: 	at com.baidu.location.b.l.h(Unknown Source:66)

07-23 03:18:21.832 12837 13054 I LSPosed-Bridge: 	at com.baidu.location.b.l.g(Unknown Source:30)

07-23 03:18:21.832 12837 13054 I LSPosed-Bridge: 	at com.baidu.location.b.l.d(Unknown Source:21)

07-23 03:18:21.832 12837 13054 I LSPosed-Bridge: 	at com.baidu.location.b.l.c(Unknown Source:95)

07-23 03:18:21.832 12837 13054 I LSPosed-Bridge: 	at com.baidu.location.b.l.b(Unknown Source:5)

07-23 03:18:21.832 12837 13054 I LSPosed-Bridge: 	at com.baidu.location.g.a$a.handleMessage(Unknown Source:164)

07-23 03:18:21.832 12837 13054 I LSPosed-Bridge: 	at android.os.Handler.dispatchMessage(Handler.java:106)

07-23 03:18:21.832 12837 13054 I LSPosed-Bridge: 	at android.os.Looper.loop(Looper.java:193)

07-23 03:18:21.832 12837 13054 I LSPosed-Bridge: 	at android.os.HandlerThread.run(HandlerThread.java:65)

07-23 03:18:21.832 12837 13054 I LSPosed-Bridge: 12837 PermLabel 10117; permName: android.permission.ACCESS_COARSE_LOCATION; getAllCellInfo res = null; stacktrace=java.lang.Exception

07-23 03:18:21.832 12837 13054 I LSPosed-Bridge: 	at com.example.permlabel.hookLocationExtra_test$4.afterHookedMethod(hookLocationExtra_test.java:86)

07-23 03:18:21.832 12837 13054 I LSPosed-Bridge: 	at de.robv.android.xposed.XposedBridge$AdditionalHookInfo.callback(Unknown Source:147)

07-23 03:18:21.832 12837 13054 I LSPosed-Bridge: 	at LSPHooker_.getAllCellInfo(Unknown Source:8)

07-23 03:18:21.832 12837 13054 I LSPosed-Bridge: 	at com.baidu.location.f.b.l(Unknown Source:26)

07-23 03:18:21.832 12837 13054 I LSPosed-Bridge: 	at com.baidu.location.f.b.k(Unknown Source:0)

07-23 03:18:21.832 12837 13054 I LSPosed-Bridge: 	at com.baidu.location.f.b.f(Unknown Source:22)

07-23 03:18:21.832 12837 13054 I LSPosed-Bridge: 	at com.baidu.location.b.l.a(Unknown Source:4)

07-23 03:18:21.832 12837 13054 I LSPosed-Bridge: 	at com.baidu.location.b.l.h(Unknown Source:66)

07-23 03:18:21.832 12837 13054 I LSPosed-Bridge: 	at com.baidu.location.b.l.g(Unknown Source:30)

07-23 03:18:21.832 12837 13054 I LSPosed-Bridge: 	at com.baidu.location.b.l.d(Unknown Source:21)

07-23 03:18:21.832 12837 13054 I LSPosed-Bridge: 	at com.baidu.location.b.l.c(Unknown Source:95)

07-23 03:18:21.832 12837 13054 I LSPosed-Bridge: 	at com.baidu.location.b.l.b(Unknown Source:5)

07-23 03:18:21.832 12837 13054 I LSPosed-Bridge: 	at com.baidu.location.g.a$a.handleMessage(Unknown Source:164)

07-23 03:18:21.832 12837 13054 I LSPosed-Bridge: 	at android.os.Handler.dispatchMessage(Handler.java:106)

07-23 03:18:21.832 12837 13054 I LSPosed-Bridge: 	at android.os.Looper.loop(Looper.java:193)

07-23 03:18:21.832 12837 13054 I LSPosed-Bridge: 	at android.os.HandlerThread.run(HandlerThread.java:65)

07-23 03:18:21.834  1568  8613 I LSPosed-Bridge: 12837 PermLabel 10117 AMS.checkPermission: Binder.getCallingPid() = 1888; uid = 10117; Binder.getCallingUid() = 1001; getNameForUid: android.uid.phone:1001; getPackagesForUid: [com.qualcomm.qti.uim, com.qualcomm.qti.networksetting, com.android.mms.service, com.android.providers.telephony, com.qualcomm.simcontacts, com.qualcomm.qti.autoregistration, com.qualcomm.qti.telephonyservice, com.qti.qualcomm.deviceinfo, com.qti.xdivert, com.android.stk, org.codeaurora.ims, com.qti.qualcomm.datastatusnotification, com.qti.confuridialer, com.qualcomm.qti.lpa, com.qualcomm.qcrilmsgtunnel, com.qualcomm.qti.ims, com.qualcomm.qti.callfeaturessetting, com.android.phone]; permName: android.permission.ACCESS_COARSE_LOCATION; type = 1; res = -1; stacktrace=java.lang.Exception

07-23 03:18:21.834  1568  8613 I LSPosed-Bridge: 	at com.example.permlabel.requirePerm$1$2.afterHookedMethod(requirePerm.java:150)

07-23 03:18:21.834  1568  8613 I LSPosed-Bridge: 	at de.robv.android.xposed.XposedBridge$AdditionalHookInfo.callback(Unknown Source:147)

07-23 03:18:21.834  1568  8613 I LSPosed-Bridge: 	at LSPHooker_.checkPermission(Unknown Source:25)

07-23 03:18:21.834  1568  8613 I LSPosed-Bridge: 	at android.app.IActivityManager$Stub.onTransact(IActivityManager.java:664)

07-23 03:18:21.834  1568  8613 I LSPosed-Bridge: 	at com.android.server.am.ActivityManagerService.onTransact(ActivityManagerService.java:3346)

07-23 03:18:21.834  1568  8613 I LSPosed-Bridge: 	at android.os.Binder.execTransact(Binder.java:731)

07-23 03:18:21.836 12837 13054 I LSPosed-Bridge: 12837 PermLabel 10117; permName: android.permission.ACCESS_COARSE_LOCATION; getCellLocation res = null; stacktrace=java.lang.Exception

07-23 03:18:21.836 12837 13054 I LSPosed-Bridge: 	at com.example.permlabel.hookLocationExtra_test$3.afterHookedMethod(hookLocationExtra_test.java:79)

07-23 03:18:21.836 12837 13054 I LSPosed-Bridge: 	at de.robv.android.xposed.XposedBridge$AdditionalHookInfo.callback(Unknown Source:147)

07-23 03:18:21.836 12837 13054 I LSPosed-Bridge: 	at LSPHooker_.getCellLocation(Unknown Source:8)

07-23 03:18:21.836 12837 13054 I LSPosed-Bridge: 	at com.baidu.location.f.b.k(Unknown Source:19)

07-23 03:18:21.836 12837 13054 I LSPosed-Bridge: 	at com.baidu.location.f.b.f(Unknown Source:22)

07-23 03:18:21.836 12837 13054 I LSPosed-Bridge: 	at com.baidu.location.b.l.a(Unknown Source:4)

07-23 03:18:21.836 12837 13054 I LSPosed-Bridge: 	at com.baidu.location.b.l.h(Unknown Source:66)

07-23 03:18:21.836 12837 13054 I LSPosed-Bridge: 	at com.baidu.location.b.l.g(Unknown Source:30)

07-23 03:18:21.836 12837 13054 I LSPosed-Bridge: 	at com.baidu.location.b.l.d(Unknown Source:21)

07-23 03:18:21.836 12837 13054 I LSPosed-Bridge: 	at com.baidu.location.b.l.c(Unknown Source:95)

07-23 03:18:21.836 12837 13054 I LSPosed-Bridge: 	at com.baidu.location.b.l.b(Unknown Source:5)

07-23 03:18:21.836 12837 13054 I LSPosed-Bridge: 	at com.baidu.location.g.a$a.handleMessage(Unknown Source:164)

07-23 03:18:21.836 12837 13054 I LSPosed-Bridge: 	at android.os.Handler.dispatchMessage(Handler.java:106)

07-23 03:18:21.836 12837 13054 I LSPosed-Bridge: 	at android.os.Looper.loop(Looper.java:193)

07-23 03:18:21.836 12837 13054 I LSPosed-Bridge: 	at android.os.HandlerThread.run(HandlerThread.java:65)

07-23 03:18:21.836  1568  8613 I LSPosed-Bridge: 12837 PermLabel 10117 AMS.checkPermission: Binder.getCallingPid() = 12837; uid = 10117; Binder.getCallingUid() = 10117; getNameForUid: com.lcworld.oasismedical; getPackagesForUid: [com.lcworld.oasismedical]; permName: android.permission.ACCESS_WIFI_STATE; type = 0; res = 0; stacktrace=java.lang.Exception

07-23 03:18:21.836  1568  8613 I LSPosed-Bridge: 	at com.example.permlabel.requirePerm$1$2.afterHookedMethod(requirePerm.java:144)

07-23 03:18:21.836  1568  8613 I LSPosed-Bridge: 	at de.robv.android.xposed.XposedBridge$AdditionalHookInfo.callback(Unknown Source:147)

07-23 03:18:21.836  1568  8613 I LSPosed-Bridge: 	at LSPHooker_.checkPermission(Unknown Source:25)

07-23 03:18:21.836  1568  8613 I LSPosed-Bridge: 	at android.app.ContextImpl.checkPermission(ContextImpl.java:1751)

07-23 03:18:21.836  1568  8613 I LSPosed-Bridge: 	at android.app.ContextImpl.checkCallingOrSelfPermission(ContextImpl.java:1791)

07-23 03:18:21.836  1568  8613 I LSPosed-Bridge: 	at android.app.ContextImpl.enforceCallingOrSelfPermission(ContextImpl.java:1841)

07-23 03:18:21.836  1568  8613 I LSPosed-Bridge: 	at com.android.server.wifi.WifiServiceImpl.enforceAccessPermission(WifiServiceImpl.java:795)

07-23 03:18:21.836  1568  8613 I LSPosed-Bridge: 	at com.android.server.wifi.WifiServiceImpl.getScanResults(WifiServiceImpl.java:2169)

07-23 03:18:21.836  1568  8613 I LSPosed-Bridge: 	at android.net.wifi.IWifiManager$Stub.onTransact(IWifiManager.java:304)

07-23 03:18:21.836  1568  8613 I LSPosed-Bridge: 	at android.os.Binder.execTransact(Binder.java:731)

07-23 03:18:21.841 12837 13054 I LSPosed-Bridge: 12837 PermLabel hookBinder_test 10117 interfaceBinder =android.content.pm.IPackageManager; arg0 = 9; arg1 = android.os.Parcel@b77e067; arg2 = android.os.Parcel@75c3412; arg3 = 0; res = true; stacktrace=java.lang.Exception

07-23 03:18:21.841 12837 13054 I LSPosed-Bridge: 12837 PermLabel hookBinder_test 10117 interfaceBinder =android.content.pm.IPackageManager; arg0 = 9; arg1 = android.os.Parcel@b77e067; arg2 = android.os.Parcel@75c3412; arg3 = 0; res = true; stacktrace=java.lang.Exception

07-23 03:18:21.841 12837 13054 I LSPosed-Bridge: 12837 PermLabel hookBinder_test 10117 interfaceBinder =android.content.pm.IPackageManager; arg0 = 9; arg1 = android.os.Parcel@b77e067; arg2 = android.os.Parcel@75c3412; arg3 = 0; res = true; stacktrace=java.lang.Exception

07-23 03:18:21.841 12837 13054 I LSPosed-Bridge: 	at com.example.permlabel.hookBinder_test$1.afterHookedMethod(hookBinder_test.java:75)

07-23 03:18:21.841 12837 13054 I LSPosed-Bridge: 	at com.example.permlabel.hookBinder_test$1.afterHookedMethod(hookBinder_test.java:75)

07-23 03:18:21.841 12837 13054 I LSPosed-Bridge: 	at com.example.permlabel.hookBinder_test$1.afterHookedMethod(hookBinder_test.java:75)

07-23 03:18:21.841 12837 13054 I LSPosed-Bridge: 	at de.robv.android.xposed.XposedBridge$AdditionalHookInfo.callback(Unknown Source:147)

07-23 03:18:21.841 12837 13054 I LSPosed-Bridge: 	at de.robv.android.xposed.XposedBridge$AdditionalHookInfo.callback(Unknown Source:147)

07-23 03:18:21.841 12837 13054 I LSPosed-Bridge: 	at de.robv.android.xposed.XposedBridge$AdditionalHookInfo.callback(Unknown Source:147)

07-23 03:18:21.841 12837 13054 I LSPosed-Bridge: 	at LSPHooker_.transact(Unknown Source:28)

07-23 03:18:21.841 12837 13054 I LSPosed-Bridge: 	at LSPHooker_.transact(Unknown Source:28)

07-23 03:18:21.841 12837 13054 I LSPosed-Bridge: 	at LSPHooker_.transact(Unknown Source:28)

07-23 03:18:21.841 12837 13054 I LSPosed-Bridge: 	at android.content.pm.IPackageManager$Stub$Proxy.getPermissionInfo(IPackageManager.java:3008)

07-23 03:18:21.841 12837 13054 I LSPosed-Bridge: 	at android.content.pm.IPackageManager$Stub$Proxy.getPermissionInfo(IPackageManager.java:3008)

07-23 03:18:21.841 12837 13054 I LSPosed-Bridge: 	at android.content.pm.IPackageManager$Stub$Proxy.getPermissionInfo(IPackageManager.java:3008)

07-23 03:18:21.841 12837 13054 I LSPosed-Bridge: 	at android.app.ApplicationPackageManager.getPermissionInfo(ApplicationPackageManager.java:306)

07-23 03:18:21.841 12837 13054 I LSPosed-Bridge: 	at android.app.ApplicationPackageManager.getPermissionInfo(ApplicationPackageManager.java:306)

07-23 03:18:21.841 12837 13054 I LSPosed-Bridge: 	at android.app.ApplicationPackageManager.getPermissionInfo(ApplicationPackageManager.java:306)

07-23 03:18:21.841 12837 13054 I LSPosed-Bridge: 	at com.example.permlabel.requestPerm$2.afterHookedMethod(requestPerm.java:195)

07-23 03:18:21.841 12837 13054 I LSPosed-Bridge: 	at com.example.permlabel.requestPerm$2.afterHookedMethod(requestPerm.java:195)

07-23 03:18:21.841 12837 13054 I LSPosed-Bridge: 	at com.example.permlabel.requestPerm$2.afterHookedMethod(requestPerm.java:195)

07-23 03:18:21.841 12837 13054 I LSPosed-Bridge: 	at de.robv.android.xposed.XposedBridge$AdditionalHookInfo.callback(Unknown Source:147)

07-23 03:18:21.841 12837 13054 I LSPosed-Bridge: 	at de.robv.android.xposed.XposedBridge$AdditionalHookInfo.callback(Unknown Source:147)

07-23 03:18:21.841 12837 13054 I LSPosed-Bridge: 	at de.robv.android.xposed.XposedBridge$AdditionalHookInfo.callback(Unknown Source:147)

07-23 03:18:21.841 12837 13054 I LSPosed-Bridge: 	at LSPHooker_.checkPermission(Unknown Source:25)

07-23 03:18:21.841 12837 13054 I LSPosed-Bridge: 	at LSPHooker_.checkPermission(Unknown Source:25)

07-23 03:18:21.841 12837 13054 I LSPosed-Bridge: 	at LSPHooker_.checkPermission(Unknown Source:25)

07-23 03:18:21.841 12837 13054 I LSPosed-Bridge: 	at android.content.ContextWrapper.checkPermission(ContextWrapper.java:738)

07-23 03:18:21.841 12837 13054 I LSPosed-Bridge: 	at android.content.ContextWrapper.checkPermission(ContextWrapper.java:738)

07-23 03:18:21.841 12837 13054 I LSPosed-Bridge: 	at android.content.ContextWrapper.checkPermission(ContextWrapper.java:738)

07-23 03:18:21.841 12837 13054 I LSPosed-Bridge: 	at com.baidu.location.h.k.a(Unknown Source:10)

07-23 03:18:21.841 12837 13054 I LSPosed-Bridge: 	at com.baidu.location.h.k.a(Unknown Source:10)

07-23 03:18:21.841 12837 13054 I LSPosed-Bridge: 	at com.baidu.location.h.k.a(Unknown Source:10)

07-23 03:18:21.841 12837 13054 I LSPosed-Bridge: 	at com.baidu.location.h.k.d(Unknown Source:2)

07-23 03:18:21.841 12837 13054 I LSPosed-Bridge: 	at com.baidu.location.h.k.d(Unknown Source:2)

07-23 03:18:21.841 12837 13054 I LSPosed-Bridge: 	at com.baidu.location.h.k.d(Unknown Source:2)

07-23 03:18:21.841 12837 13054 I LSPosed-Bridge: 	at com.baidu.location.b.l.l(Unknown Source:40)

07-23 03:18:21.841 12837 13054 I LSPosed-Bridge: 	at com.baidu.location.b.l.l(Unknown Source:40)

07-23 03:18:21.841 12837 13054 I LSPosed-Bridge: 	at com.baidu.location.b.l.l(Unknown Source:40)

07-23 03:18:21.841 12837 13054 I LSPosed-Bridge: 	at com.baidu.location.b.l.h(Unknown Source:231)

07-23 03:18:21.841 12837 13054 I LSPosed-Bridge: 	at com.baidu.location.b.l.h(Unknown Source:231)

07-23 03:18:21.841 12837 13054 I LSPosed-Bridge: 	at com.baidu.location.b.l.h(Unknown Source:231)

07-23 03:18:21.841 12837 13054 I LSPosed-Bridge: 	at com.baidu.location.b.l.g(Unknown Source:30)

07-23 03:18:21.841 12837 13054 I LSPosed-Bridge: 	at com.baidu.location.b.l.g(Unknown Source:30)

07-23 03:18:21.841 12837 13054 I LSPosed-Bridge: 	at com.baidu.location.b.l.g(Unknown Source:30)

07-23 03:18:21.841 12837 13054 I LSPosed-Bridge: 	at com.baidu.location.b.l.d(Unknown Source:21)

07-23 03:18:21.841 12837 13054 I LSPosed-Bridge: 	at com.baidu.location.b.l.d(Unknown Source:21)

07-23 03:18:21.841 12837 13054 I LSPosed-Bridge: 	at com.baidu.location.b.l.d(Unknown Source:21)

07-23 03:18:21.841 12837 13054 I LSPosed-Bridge: 	at com.baidu.location.b.l.c(Unknown Source:95)

07-23 03:18:21.841 12837 13054 I LSPosed-Bridge: 	at com.baidu.location.b.l.c(Unknown Source:95)

07-23 03:18:21.841 12837 13054 I LSPosed-Bridge: 	at com.baidu.location.b.l.c(Unknown Source:95)

07-23 03:18:21.841 12837 13054 I LSPosed-Bridge: 	at com.baidu.location.b.l.b(Unknown Source:5)

07-23 03:18:21.841 12837 13054 I LSPosed-Bridge: 	at com.baidu.location.b.l.b(Unknown Source:5)

07-23 03:18:21.841 12837 13054 I LSPosed-Bridge: 	at com.baidu.location.b.l.b(Unknown Source:5)

