07-23 03:17:00.612  7405  7405 I LSPosed-Bridge: 	at android.app.ActivityThread.access$1100(ActivityThread.java:200)

07-23 03:17:00.612  7405  7405 I LSPosed-Bridge: 	at android.app.ActivityThread$H.handleMessage(ActivityThread.java:1651)

07-23 03:17:00.612  7405  7405 I LSPosed-Bridge: 	at android.os.Handler.dispatchMessage(Handler.java:106)

07-23 03:17:00.612  7405  7405 I LSPosed-Bridge: 	at android.os.Looper.loop(Looper.java:193)

07-23 03:17:00.612  7405  7405 I LSPosed-Bridge: 	at android.app.ActivityThread.main(ActivityThread.java:6692)

07-23 03:17:00.612  7405  7405 I LSPosed-Bridge: 	at java.lang.reflect.Method.invoke(Native Method)

07-23 03:17:00.612  7405  7405 I LSPosed-Bridge: 	at com.android.internal.os.RuntimeInit$MethodAndArgsCaller.run(RuntimeInit.java:493)

07-23 03:17:00.612  7405  7405 I LSPosed-Bridge: 	at com.android.internal.os.ZygoteInit.main(ZygoteInit.java:858)

07-23 03:17:00.612  1568  7244 I LSPosed-Bridge: 7260 PermLabel 10117 AMS.checkPermission: Binder.getCallingPid() = 1888; uid = 10117; Binder.getCallingUid() = 1001; getNameForUid: android.uid.phone:1001; getPackagesForUid: [com.qualcomm.qti.uim, com.qualcomm.qti.networksetting, com.android.mms.service, com.android.providers.telephony, com.qualcomm.simcontacts, com.qualcomm.qti.autoregistration, com.qualcomm.qti.telephonyservice, com.qti.qualcomm.deviceinfo, com.qti.xdivert, com.android.stk, org.codeaurora.ims, com.qti.qualcomm.datastatusnotification, com.qti.confuridialer, com.qualcomm.qti.lpa, com.qualcomm.qcrilmsgtunnel, com.qualcomm.qti.ims, com.qualcomm.qti.callfeaturessetting, com.android.phone]; permName: android.permission.ACCESS_COARSE_LOCATION; type = 1; res = -1; stacktrace=java.lang.Exception

07-23 03:17:00.612  1568  7244 I LSPosed-Bridge: 	at com.example.permlabel.requirePerm$1$2.afterHookedMethod(requirePerm.java:150)

07-23 03:17:00.612  1568  7244 I LSPosed-Bridge: 	at de.robv.android.xposed.XposedBridge$AdditionalHookInfo.callback(Unknown Source:147)

07-23 03:17:00.612  1568  7244 I LSPosed-Bridge: 	at LSPHooker_.checkPermission(Unknown Source:25)

07-23 03:17:00.612  1568  7244 I LSPosed-Bridge: 	at android.app.IActivityManager$Stub.onTransact(IActivityManager.java:664)

07-23 03:17:00.612  1568  7244 I LSPosed-Bridge: 	at com.android.server.am.ActivityManagerService.onTransact(ActivityManagerService.java:3346)

07-23 03:17:00.612  1568  7244 I LSPosed-Bridge: 	at android.os.Binder.execTransact(Binder.java:731)

07-23 03:17:00.615  7260  7828 I LSPosed-Bridge: 7260 PermLabel 10117; permName: android.permission.ACCESS_COARSE_LOCATION; getCellLocation res = null; stacktrace=java.lang.Exception

07-23 03:17:00.615  7260  7828 I LSPosed-Bridge: 	at com.example.permlabel.hookLocationExtra_test$3.afterHookedMethod(hookLocationExtra_test.java:79)

07-23 03:17:00.615  7260  7828 I LSPosed-Bridge: 	at de.robv.android.xposed.XposedBridge$AdditionalHookInfo.callback(Unknown Source:147)

07-23 03:17:00.615  7260  7828 I LSPosed-Bridge: 	at LSPHooker_.getCellLocation(Unknown Source:8)

07-23 03:17:00.615  7260  7828 I LSPosed-Bridge: 	at com.baidu.location.b.c.b(Unknown Source:19)

07-23 03:17:00.615  7260  7828 I LSPosed-Bridge: 	at com.baidu.location.b.c.b(Unknown Source:2)

07-23 03:17:00.615  7260  7828 I LSPosed-Bridge: 	at com.baidu.location.b.c.<init>(Unknown Source:563)

07-23 03:17:00.615  7260  7828 I LSPosed-Bridge: 	at com.baidu.location.c.run(Unknown Source:26)

07-23 03:17:00.615  7260  7833 W imsdk   : TIM: 45    2023-07-23 03:17:00.615/W/7260-7833       /Network     -imcore_helper.cpp.1826  nslookup                           /getaddrinfo failed: No address associated with hostname

07-23 03:17:01.250  1568  6279 I LSPosed-Bridge: 7405 PermLabel 10117 AMS.checkPermission: Binder.getCallingPid() = 1888; uid = 10117; Binder.getCallingUid() = 1001; getNameForUid: android.uid.phone:1001; getPackagesForUid: [com.qualcomm.qti.uim, com.qualcomm.qti.networksetting, com.android.mms.service, com.android.providers.telephony, com.qualcomm.simcontacts, com.qualcomm.qti.autoregistration, com.qualcomm.qti.telephonyservice, com.qti.qualcomm.deviceinfo, com.qti.xdivert, com.android.stk, org.codeaurora.ims, com.qti.qualcomm.datastatusnotification, com.qti.confuridialer, com.qualcomm.qti.lpa, com.qualcomm.qcrilmsgtunnel, com.qualcomm.qti.ims, com.qualcomm.qti.callfeaturessetting, com.android.phone]; permName: android.permission.ACCESS_COARSE_LOCATION; type = 1; res = -1; stacktrace=java.lang.Exception

07-23 03:17:01.250  1568  6279 I LSPosed-Bridge: 	at com.example.permlabel.requirePerm$1$2.afterHookedMethod(requirePerm.java:150)

07-23 03:17:01.250  1568  6279 I LSPosed-Bridge: 	at de.robv.android.xposed.XposedBridge$AdditionalHookInfo.callback(Unknown Source:147)

07-23 03:17:01.250  1568  6279 I LSPosed-Bridge: 	at LSPHooker_.checkPermission(Unknown Source:25)

07-23 03:17:01.250  1568  6279 I LSPosed-Bridge: 	at android.app.IActivityManager$Stub.onTransact(IActivityManager.java:664)

07-23 03:17:01.250  1568  6279 I LSPosed-Bridge: 	at com.android.server.am.ActivityManagerService.onTransact(ActivityManagerService.java:3346)

07-23 03:17:01.250  1568  6279 I LSPosed-Bridge: 	at android.os.Binder.execTransact(Binder.java:731)

07-23 03:17:01.250  7405  7929 I imsdk   : TIM: 45    2023-07-23 03:17:01.250/I/7405-7929       /Network     -ipswitcher.cpp.334  operator()                             /httpdns|code:-1|iplist size:0

07-23 03:17:01.253  7405  7950 I LSPosed-Bridge: 7405 PermLabel 10117; permName: android.permission.ACCESS_COARSE_LOCATION; getAllCellInfo res = null; stacktrace=java.lang.Exception

07-23 03:17:01.253  7405  7950 I LSPosed-Bridge: 	at com.example.permlabel.hookLocationExtra_test$4.afterHookedMethod(hookLocationExtra_test.java:86)

07-23 03:17:01.253  7405  7950 I LSPosed-Bridge: 	at de.robv.android.xposed.XposedBridge$AdditionalHookInfo.callback(Unknown Source:147)

07-23 03:17:01.253  7405  7950 I LSPosed-Bridge: 	at LSPHooker_.getAllCellInfo(Unknown Source:8)

07-23 03:17:01.253  7405  7950 I LSPosed-Bridge: 	at com.baidu.location.b.c.d(Unknown Source:18)

07-23 03:17:01.253  7405  7950 I LSPosed-Bridge: 	at com.baidu.location.b.c.b(Unknown Source:1)

07-23 03:17:01.253  7405  7950 I LSPosed-Bridge: 	at com.baidu.location.b.c.b(Unknown Source:2)

07-23 03:17:01.253  7405  7950 I LSPosed-Bridge: 	at com.baidu.location.b.c.<init>(Unknown Source:563)

07-23 03:17:01.253  7405  7950 I LSPosed-Bridge: 	at com.baidu.location.c.run(Unknown Source:26)

07-23 03:17:01.253  7405  7954 W imsdk   : TIM: 45    2023-07-23 03:17:01.253/W/7405-7954       /Network     -imcore_helper.cpp.1826  nslookup                           /getaddrinfo failed: No address associated with hostname

07-23 03:17:01.253  7405  7929 I imsdk   : TIM: 46    2023-07-23 03:17:01.253/I/7405-7929       /Network     -ipswitcher.cpp.590  PrintIPList                            /iplist by hard code[183.194.184.121:8080,223.167.154.46:8080,101.226.233.199:8080,203.205.253.149:8080,183.194.184.121:80,223.167.154.46:80,101.226.233.199:80,203.205.253.149:80]

07-23 03:17:01.257  7405  7929 I imsdk   : TIM: 54    2023-07-23 03:17:01.257/I/7405-7929       /Network     -channel.cpp.327  Connect                                   /channel connect|channel id:13|ip:203.205.253.149:8080

07-23 03:17:01.257  7804  7804 I Input   : injectMotionEvent: MotionEvent { action=ACTION_MOVE, actionButton=0, id[0]=0, x[0]=360.0, y[0]=740.0, toolType[0]=TOOL_TYPE_UNKNOWN, buttonState=0, metaState=0, flags=0x0, edgeFlags=0x0, pointerCount=1, historySize=0, eventTime=86026, downTime=86026, deviceId=3, source=0x1002 }

07-23 03:17:01.257  1568  6279 I LSPosed-Bridge: 7405 PermLabel 10117 AMS.checkPermission: Binder.getCallingPid() = 1888; uid = 10117; Binder.getCallingUid() = 1001; getNameForUid: android.uid.phone:1001; getPackagesForUid: [com.qualcomm.qti.uim, com.qualcomm.qti.networksetting, com.android.mms.service, com.android.providers.telephony, com.qualcomm.simcontacts, com.qualcomm.qti.autoregistration, com.qualcomm.qti.telephonyservice, com.qti.qualcomm.deviceinfo, com.qti.xdivert, com.android.stk, org.codeaurora.ims, com.qti.qualcomm.datastatusnotification, com.qti.confuridialer, com.qualcomm.qti.lpa, com.qualcomm.qcrilmsgtunnel, com.qualcomm.qti.ims, com.qualcomm.qti.callfeaturessetting, com.android.phone]; permName: android.permission.ACCESS_COARSE_LOCATION; type = 1; res = -1; stacktrace=java.lang.Exception

07-23 03:17:01.257  1568  6279 I LSPosed-Bridge: 	at com.example.permlabel.requirePerm$1$2.afterHookedMethod(requirePerm.java:150)

07-23 03:17:01.257  1568  6279 I LSPosed-Bridge: 	at de.robv.android.xposed.XposedBridge$AdditionalHookInfo.callback(Unknown Source:147)

07-23 03:17:01.257  1568  6279 I LSPosed-Bridge: 	at LSPHooker_.checkPermission(Unknown Source:25)

07-23 03:17:01.257  1568  6279 I LSPosed-Bridge: 	at android.app.IActivityManager$Stub.onTransact(IActivityManager.java:664)

07-23 03:17:01.257  1568  6279 I LSPosed-Bridge: 	at com.android.server.am.ActivityManagerService.onTransact(ActivityManagerService.java:3346)

07-23 03:17:01.257  1568  6279 I LSPosed-Bridge: 	at android.os.Binder.execTransact(Binder.java:731)

07-23 03:17:01.257  7405  7929 E imsdk   : TIM: 55    2023-07-23 03:17:01.257/E/7405-7929       /Network     -socket.cpp.568  Connect                                    /socket connect failed|fd:124|error:101, Network is unreachable

07-23 03:17:01.258  7405  7929 I imsdk   : TIM: 56    2023-07-23 03:17:01.257/I/7405-7929       /Network     -channel.cpp.327  Connect                                   /channel connect|channel id:14|ip:183.194.184.121:80

07-23 03:17:01.262  7405  7950 I LSPosed-Bridge: 7405 PermLabel 10117; permName: android.permission.ACCESS_COARSE_LOCATION; getCellLocation res = null; stacktrace=java.lang.Exception

07-23 03:17:01.262  7405  7950 I LSPosed-Bridge: 	at com.example.permlabel.hookLocationExtra_test$3.afterHookedMethod(hookLocationExtra_test.java:79)

07-23 03:17:01.262  7405  7950 I LSPosed-Bridge: 	at de.robv.android.xposed.XposedBridge$AdditionalHookInfo.callback(Unknown Source:147)

07-23 03:17:01.262  7405  7950 I LSPosed-Bridge: 	at LSPHooker_.getCellLocation(Unknown Source:8)

07-23 03:17:01.262  7405  7950 I LSPosed-Bridge: 	at com.baidu.location.b.c.b(Unknown Source:19)

07-23 03:17:01.262  7405  7950 I LSPosed-Bridge: 	at com.baidu.location.b.c.b(Unknown Source:2)

07-23 03:17:01.262  7405  7950 I LSPosed-Bridge: 	at com.baidu.location.b.c.<init>(Unknown Source:563)

07-23 03:17:01.262  7405  7950 I LSPosed-Bridge: 	at com.baidu.location.c.run(Unknown Source:26)

07-23 03:17:01.738  1568  1581 I LSPosed-Bridge: 7405 PermLabel 10117 AMS.checkPermission: Binder.getCallingPid() = 1888; uid = 10117; Binder.getCallingUid() = 1001; getNameForUid: android.uid.phone:1001; getPackagesForUid: [com.qualcomm.qti.uim, com.qualcomm.qti.networksetting, com.android.mms.service, com.android.providers.telephony, com.qualcomm.simcontacts, com.qualcomm.qti.autoregistration, com.qualcomm.qti.telephonyservice, com.qti.qualcomm.deviceinfo, com.qti.xdivert, com.android.stk, org.codeaurora.ims, com.qti.qualcomm.datastatusnotification, com.qti.confuridialer, com.qualcomm.qti.lpa, com.qualcomm.qcrilmsgtunnel, com.qualcomm.qti.ims, com.qualcomm.qti.callfeaturessetting, com.android.phone]; permName: android.permission.ACCESS_COARSE_LOCATION; type = 1; res = -1; stacktrace=java.lang.Exception

07-23 03:17:01.738  1568  1581 I LSPosed-Bridge: 	at com.example.permlabel.requirePerm$1$2.afterHookedMethod(requirePerm.java:150)

07-23 03:17:01.738  1568  1581 I LSPosed-Bridge: 	at de.robv.android.xposed.XposedBridge$AdditionalHookInfo.callback(Unknown Source:147)

07-23 03:17:01.738  1568  1581 I LSPosed-Bridge: 	at LSPHooker_.checkPermission(Unknown Source:25)

07-23 03:17:01.738  1568  1581 I LSPosed-Bridge: 	at android.app.IActivityManager$Stub.onTransact(IActivityManager.java:664)

07-23 03:17:01.738  1568  1581 I LSPosed-Bridge: 	at com.android.server.am.ActivityManagerService.onTransact(ActivityManagerService.java:3346)

07-23 03:17:01.738  1568  1581 I LSPosed-Bridge: 	at android.os.Binder.execTransact(Binder.java:731)

07-23 03:17:01.738  1888  2154 I LSPosed-Bridge: 1888 PermLabel 1001 ContextImpl.checkPermission: pid = 7405; uid = 10117; permName: android.permission.ACCESS_COARSE_LOCATION; type = 1; res = -1; stacktrace=java.lang.Exception

07-23 03:17:01.738  1888  2154 I LSPosed-Bridge: 	at com.example.permlabel.requestPerm$2.afterHookedMethod(requestPerm.java:229)

07-23 03:17:01.738  1888  2154 I LSPosed-Bridge: 	at de.robv.android.xposed.XposedBridge$AdditionalHookInfo.callback(Unknown Source:147)

07-23 03:17:01.738  1888  2154 I LSPosed-Bridge: 	at LSPHooker_.checkPermission(Unknown Source:25)

07-23 03:17:01.738  1888  2154 I LSPosed-Bridge: 	at android.app.ContextImpl.enforcePermission(ContextImpl.java:1822)

07-23 03:17:01.738  1888  2154 I LSPosed-Bridge: 	at android.content.ContextWrapper.enforcePermission(ContextWrapper.java:765)

07-23 03:17:01.738  1888  2154 I LSPosed-Bridge: 	at android.content.ContextWrapper.enforcePermission(ContextWrapper.java:765)

07-23 03:17:01.738  1888  2154 I LSPosed-Bridge: 	at android.telephony.LocationAccessPolicy.canAccessCellLocation(LocationAccessPolicy.java:71)

07-23 03:17:01.738  1888  2154 I LSPosed-Bridge: 	at com.android.phone.PhoneInterfaceManager.getAllCellInfo(PhoneInterfaceManager.java:1808)

07-23 03:17:01.738  1888  2154 I LSPosed-Bridge: 	at com.android.internal.telephony.ITelephony$Stub.onTransact(ITelephony.java:936)

07-23 03:17:01.738  1888  2154 I LSPosed-Bridge: 	at android.os.Binder.execTransact(Binder.java:731)

07-23 03:17:01.740  7405  7943 I LSPosed-Bridge: 7405 PermLabel 10117; permName: android.permission.ACCESS_COARSE_LOCATION; getAllCellInfo res = null; stacktrace=java.lang.Exception

07-23 03:17:01.740  7405  7943 I LSPosed-Bridge: 	at com.example.permlabel.hookLocationExtra_test$4.afterHookedMethod(hookLocationExtra_test.java:86)

07-23 03:17:01.740  7405  7943 I LSPosed-Bridge: 	at de.robv.android.xposed.XposedBridge$AdditionalHookInfo.callback(Unknown Source:147)

07-23 03:17:01.740  7405  7943 I LSPosed-Bridge: 	at LSPHooker_.getAllCellInfo(Unknown Source:8)

07-23 03:17:01.740  7405  7943 I LSPosed-Bridge: 	at com.baidu.location.f.b.l(Unknown Source:26)

07-23 03:17:01.740  7405  7943 I LSPosed-Bridge: 	at com.baidu.location.f.b.k(Unknown Source:0)

07-23 03:17:01.740  7405  7943 I LSPosed-Bridge: 	at com.baidu.location.f.b.f(Unknown Source:22)

07-23 03:17:01.740  7405  7943 I LSPosed-Bridge: 	at com.baidu.location.b.l.a(Unknown Source:4)

07-23 03:17:01.740  7405  7943 I LSPosed-Bridge: 	at com.baidu.location.b.l.h(Unknown Source:66)

07-23 03:17:01.740  7405  7943 I LSPosed-Bridge: 	at com.baidu.location.b.l.g(Unknown Source:30)

07-23 03:17:01.740  7405  7943 I LSPosed-Bridge: 	at com.baidu.location.b.l.d(Unknown Source:21)

07-23 03:17:01.740  7405  7943 I LSPosed-Bridge: 	at com.baidu.location.b.l.c(Unknown Source:95)

07-23 03:17:01.740  7405  7943 I LSPosed-Bridge: 	at com.baidu.location.b.l.b(Unknown Source:5)

07-23 03:17:01.740  7405  7943 I LSPosed-Bridge: 	at com.baidu.location.g.a$a.handleMessage(Unknown Source:164)

07-23 03:17:01.740  7405  7943 I LSPosed-Bridge: 	at android.os.Handler.dispatchMessage(Handler.java:106)

07-23 03:17:01.740  7405  7943 I LSPosed-Bridge: 	at android.os.Looper.loop(Looper.java:193)

07-23 03:17:01.740  7405  7943 I LSPosed-Bridge: 	at android.os.HandlerThread.run(HandlerThread.java:65)

07-23 03:17:01.743  1568  3206 I LSPosed-Bridge: 7405 PermLabel 10117 AMS.checkPermission: Binder.getCallingPid() = 1888; uid = 10117; Binder.getCallingUid() = 1001; getNameForUid: android.uid.phone:1001; getPackagesForUid: [com.qualcomm.qti.uim, com.qualcomm.qti.networksetting, com.android.mms.service, com.android.providers.telephony, com.qualcomm.simcontacts, com.qualcomm.qti.autoregistration, com.qualcomm.qti.telephonyservice, com.qti.qualcomm.deviceinfo, com.qti.xdivert, com.android.stk, org.codeaurora.ims, com.qti.qualcomm.datastatusnotification, com.qti.confuridialer, com.qualcomm.qti.lpa, com.qualcomm.qcrilmsgtunnel, com.qualcomm.qti.ims, com.qualcomm.qti.callfeaturessetting, com.android.phone]; permName: android.permission.ACCESS_COARSE_LOCATION; type = 1; res = -1; stacktrace=java.lang.Exception

07-23 03:17:01.743  1568  3206 I LSPosed-Bridge: 	at com.example.permlabel.requirePerm$1$2.afterHookedMethod(requirePerm.java:150)

07-23 03:17:01.743  1568  3206 I LSPosed-Bridge: 	at de.robv.android.xposed.XposedBridge$AdditionalHookInfo.callback(Unknown Source:147)

07-23 03:17:01.743  1568  3206 I LSPosed-Bridge: 	at LSPHooker_.checkPermission(Unknown Source:25)

07-23 03:17:01.743  1568  3206 I LSPosed-Bridge: 	at android.app.IActivityManager$Stub.onTransact(IActivityManager.java:664)

07-23 03:17:01.743  1568  3206 I LSPosed-Bridge: 	at com.android.server.am.ActivityManagerService.onTransact(ActivityManagerService.java:3346)

07-23 03:17:01.743  1568  3206 I LSPosed-Bridge: 	at android.os.Binder.execTransact(Binder.java:731)

07-23 03:17:01.745  7405  7943 I LSPosed-Bridge: 7405 PermLabel hookBinder_test 10117 interfaceBinder =com.android.internal.telephony.ITelephony; arg0 = 41; arg1 = android.os.Parcel@fde6c05; arg2 = android.os.Parcel@9dec381; arg3 = 0; res = true; stacktrace=java.lang.Exception

07-23 03:17:01.745  7405  7943 I LSPosed-Bridge: 	at com.example.permlabel.hookBinder_test$1.afterHookedMethod(hookBinder_test.java:75)

07-23 03:17:01.745  7405  7943 I LSPosed-Bridge: 	at de.robv.android.xposed.XposedBridge$AdditionalHookInfo.callback(Unknown Source:147)

07-23 03:17:01.745  7405  7943 I LSPosed-Bridge: 	at LSPHooker_.transact(Unknown Source:28)

07-23 03:17:01.745  7405  7943 I LSPosed-Bridge: 	at com.android.internal.telephony.ITelephony$Stub$Proxy.getCellLocation(ITelephony.java:3128)

07-23 03:17:01.745  7405  7943 I LSPosed-Bridge: 	at android.telephony.TelephonyManager.getCellLocation(TelephonyManager.java:1401)

07-23 03:17:01.745  7405  7943 I LSPosed-Bridge: 	at java.lang.reflect.Method.invoke(Native Method)

07-23 03:17:01.745  7405  7943 I LSPosed-Bridge: 	at org.lsposed.lspd.nativebridge.HookBridge.invokeOriginalMethod(Native Method)

07-23 03:17:01.745  7405  7943 I LSPosed-Bridge: 	at de.robv.android.xposed.XposedBridge$AdditionalHookInfo.callback(Unknown Source:110)

07-23 03:17:01.745  7405  7943 I LSPosed-Bridge: 	at LSPHooker_.getCellLocation(Unknown Source:8)

07-23 03:17:01.745  7405  7943 I LSPosed-Bridge: 	at com.baidu.location.f.b.k(Unknown Source:19)

07-23 03:17:01.745  7405  7943 I LSPosed-Bridge: 	at com.baidu.location.f.b.f(Unknown Source:22)

07-23 03:17:01.745  7405  7943 I LSPosed-Bridge: 	at com.baidu.location.b.l.a(Unknown Source:4)

07-23 03:17:01.745  7405  7943 I LSPosed-Bridge: 	at com.baidu.location.b.l.h(Unknown Source:66)

07-23 03:17:01.745  7405  7943 I LSPosed-Bridge: 	at com.baidu.location.b.l.g(Unknown Source:30)

07-23 03:17:01.745  7405  7943 I LSPosed-Bridge: 	at com.baidu.location.b.l.d(Unknown Source:21)

07-23 03:17:01.745  7405  7943 I LSPosed-Bridge: 	at com.baidu.location.b.l.c(Unknown Source:95)

07-23 03:17:01.745  7405  7943 I LSPosed-Bridge: 	at com.baidu.location.b.l.b(Unknown Source:5)

07-23 03:17:01.745  7405  7943 I LSPosed-Bridge: 	at com.baidu.location.g.a$a.handleMessage(Unknown Source:164)

07-23 03:17:01.745  7405  7943 I LSPosed-Bridge: 	at android.os.Handler.dispatchMessage(Handler.java:106)

07-23 03:17:01.745  7405  7943 I LSPosed-Bridge: 	at android.os.Looper.loop(Looper.java:193)

07-23 03:17:01.745  7405  7943 I LSPosed-Bridge: 	at android.os.HandlerThread.run(HandlerThread.java:65)

07-23 03:17:01.745  7405  7943 I LSPosed-Bridge: 7405 PermLabel 10117; permName: android.permission.ACCESS_COARSE_LOCATION; getCellLocation res = null; stacktrace=java.lang.Exception

07-23 03:17:01.745  7405  7943 I LSPosed-Bridge: 	at com.example.permlabel.hookLocationExtra_test$3.afterHookedMethod(hookLocationExtra_test.java:79)

07-23 03:17:01.745  7405  7943 I LSPosed-Bridge: 	at de.robv.android.xposed.XposedBridge$AdditionalHookInfo.callback(Unknown Source:147)

07-23 03:17:01.745  7405  7943 I LSPosed-Bridge: 	at LSPHooker_.getCellLocation(Unknown Source:8)

07-23 03:17:01.745  7405  7943 I LSPosed-Bridge: 	at com.baidu.location.f.b.k(Unknown Source:19)

07-23 03:17:01.745  7405  7943 I LSPosed-Bridge: 	at com.baidu.location.f.b.f(Unknown Source:22)

07-23 03:17:01.745  7405  7943 I LSPosed-Bridge: 	at com.baidu.location.b.l.a(Unknown Source:4)

07-23 03:17:01.745  7405  7943 I LSPosed-Bridge: 	at com.baidu.location.b.l.h(Unknown Source:66)

07-23 03:17:01.745  7405  7943 I LSPosed-Bridge: 	at com.baidu.location.b.l.g(Unknown Source:30)

07-23 03:17:01.745  7405  7943 I LSPosed-Bridge: 	at com.baidu.location.b.l.d(Unknown Source:21)

07-23 03:17:01.745  7405  7943 I LSPosed-Bridge: 	at com.baidu.location.b.l.c(Unknown Source:95)

07-23 03:17:01.745  7405  7943 I LSPosed-Bridge: 	at com.baidu.location.b.l.b(Unknown Source:5)

07-23 03:17:01.745  7405  7943 I LSPosed-Bridge: 	at com.baidu.location.g.a$a.handleMessage(Unknown Source:164)

07-23 03:17:01.745  7405  7943 I LSPosed-Bridge: 	at android.os.Handler.dispatchMessage(Handler.java:106)

07-23 03:17:01.745  7405  7943 I LSPosed-Bridge: 	at android.os.Looper.loop(Looper.java:193)

07-23 03:17:01.745  7405  7943 I LSPosed-Bridge: 	at android.os.HandlerThread.run(HandlerThread.java:65)

07-23 03:17:01.754  7405  7943 I LSPosed-Bridge: 7405 PermLabel hookBinder_test 10117 interfaceBinder =android.content.pm.IPackageManager; arg0 = 9; arg1 = android.os.Parcel@9dec381; arg2 = android.os.Parcel@fde6c05; arg3 = 0; res = true; stacktrace=java.lang.Exception

07-23 03:17:01.754  7405  7943 I LSPosed-Bridge: 7405 PermLabel hookBinder_test 10117 interfaceBinder =android.content.pm.IPackageManager; arg0 = 9; arg1 = android.os.Parcel@9dec381; arg2 = android.os.Parcel@fde6c05; arg3 = 0; res = true; stacktrace=java.lang.Exception

07-23 03:17:01.754  7405  7943 I LSPosed-Bridge: 	at com.example.permlabel.hookBinder_test$1.afterHookedMethod(hookBinder_test.java:75)

07-23 03:17:01.754  7405  7943 I LSPosed-Bridge: 	at com.example.permlabel.hookBinder_test$1.afterHookedMethod(hookBinder_test.java:75)

07-23 03:17:01.754  7405  7943 I LSPosed-Bridge: 	at de.robv.android.xposed.XposedBridge$AdditionalHookInfo.callback(Unknown Source:147)

07-23 03:17:01.754  7405  7943 I LSPosed-Bridge: 	at de.robv.android.xposed.XposedBridge$AdditionalHookInfo.callback(Unknown Source:147)

07-23 03:17:01.754  7405  7943 I LSPosed-Bridge: 	at LSPHooker_.transact(Unknown Source:28)

07-23 03:17:01.754  7405  7943 I LSPosed-Bridge: 	at LSPHooker_.transact(Unknown Source:28)

07-23 03:17:01.754  7405  7943 I LSPosed-Bridge: 	at android.content.pm.IPackageManager$Stub$Proxy.getPermissionInfo(IPackageManager.java:3008)

07-23 03:17:01.754  7405  7943 I LSPosed-Bridge: 	at android.content.pm.IPackageManager$Stub$Proxy.getPermissionInfo(IPackageManager.java:3008)

07-23 03:17:01.754  7405  7943 I LSPosed-Bridge: 	at android.app.ApplicationPackageManager.getPermissionInfo(ApplicationPackageManager.java:306)

07-23 03:17:01.754  7405  7943 I LSPosed-Bridge: 	at android.app.ApplicationPackageManager.getPermissionInfo(ApplicationPackageManager.java:306)

07-23 03:17:01.754  7405  7943 I LSPosed-Bridge: 	at com.example.permlabel.requestPerm$2.afterHookedMethod(requestPerm.java:195)

07-23 03:17:01.754  7405  7943 I LSPosed-Bridge: 	at com.example.permlabel.requestPerm$2.afterHookedMethod(requestPerm.java:195)

07-23 03:17:01.754  7405  7943 I LSPosed-Bridge: 	at de.robv.android.xposed.XposedBridge$AdditionalHookInfo.callback(Unknown Source:147)

07-23 03:17:01.754  7405  7943 I LSPosed-Bridge: 	at de.robv.android.xposed.XposedBridge$AdditionalHookInfo.callback(Unknown Source:147)

07-23 03:17:01.754  7405  7943 I LSPosed-Bridge: 	at LSPHooker_.checkPermission(Unknown Source:25)

07-23 03:17:01.754  7405  7943 I LSPosed-Bridge: 	at LSPHooker_.checkPermission(Unknown Source:25)

07-23 03:17:01.754  7405  7943 I LSPosed-Bridge: 	at android.content.ContextWrapper.checkPermission(ContextWrapper.java:738)

07-23 03:17:01.754  7405  7943 I LSPosed-Bridge: 	at android.content.ContextWrapper.checkPermission(ContextWrapper.java:738)

07-23 03:17:01.754  7405  7943 I LSPosed-Bridge: 	at com.baidu.location.h.k.a(Unknown Source:10)

07-23 03:17:01.754  7405  7943 I LSPosed-Bridge: 	at com.baidu.location.h.k.a(Unknown Source:10)

07-23 03:17:01.754  7405  7943 I LSPosed-Bridge: 	at com.baidu.location.h.k.d(Unknown Source:2)

07-23 03:17:01.754  7405  7943 I LSPosed-Bridge: 	at com.baidu.location.h.k.d(Unknown Source:2)

07-23 03:17:01.754  7405  7943 I LSPosed-Bridge: 	at com.baidu.location.b.l.l(Unknown Source:40)

07-23 03:17:01.754  7405  7943 I LSPosed-Bridge: 	at com.baidu.location.b.l.l(Unknown Source:40)

07-23 03:17:01.754  7405  7943 I LSPosed-Bridge: 	at com.baidu.location.b.l.h(Unknown Source:231)

07-23 03:17:01.754  7405  7943 I LSPosed-Bridge: 	at com.baidu.location.b.l.h(Unknown Source:231)

07-23 03:17:01.754  7405  7943 I LSPosed-Bridge: 	at com.baidu.location.b.l.g(Unknown Source:30)

07-23 03:17:01.754  7405  7943 I LSPosed-Bridge: 	at com.baidu.location.b.l.g(Unknown Source:30)

07-23 03:17:01.754  7405  7943 I LSPosed-Bridge: 	at com.baidu.location.b.l.d(Unknown Source:21)

07-23 03:17:01.754  7405  7943 I LSPosed-Bridge: 	at com.baidu.location.b.l.d(Unknown Source:21)

07-23 03:17:01.754  7405  7943 I LSPosed-Bridge: 	at com.baidu.location.b.l.c(Unknown Source:95)

07-23 03:17:01.754  7405  7943 I LSPosed-Bridge: 	at com.baidu.location.b.l.c(Unknown Source:95)

07-23 03:17:01.754  7405  7943 I LSPosed-Bridge: 	at com.baidu.location.b.l.b(Unknown Source:5)

07-23 03:17:01.754  7405  7943 I LSPosed-Bridge: 	at com.baidu.location.b.l.b(Unknown Source:5)

07-23 03:17:01.754  7405  7943 I LSPosed-Bridge: 	at com.baidu.location.g.a$a.handleMessage(Unknown Source:164)

07-23 03:17:01.754  7405  7943 I LSPosed-Bridge: 	at com.baidu.location.g.a$a.handleMessage(Unknown Source:164)

07-23 03:17:01.754  7405  7943 I LSPosed-Bridge: 	at android.os.Handler.dispatchMessage(Handler.java:106)

07-23 03:17:01.754  7405  7943 I LSPosed-Bridge: 	at android.os.Handler.dispatchMessage(Handler.java:106)

07-23 03:17:01.754  7405  7943 I LSPosed-Bridge: 	at android.os.Looper.loop(Looper.java:193)

07-23 03:17:01.754  7405  7943 I LSPosed-Bridge: 	at android.os.Looper.loop(Looper.java:193)

07-23 03:17:01.754  7405  7943 I LSPosed-Bridge: 	at android.os.HandlerThread.run(HandlerThread.java:65)

07-23 03:17:01.754  7405  7943 I LSPosed-Bridge: 	at android.os.HandlerThread.run(HandlerThread.java:65)

07-23 03:17:01.754  7405  7943 I LSPosed-Bridge: 7405 PermLabel 10117 ContextImpl.checkPermission: askedperm = []; permName: android.permission.ACCESS_COARSE_LOCATION; android.os.Process.myPid() = 7405; type = 1

07-23 03:17:01.754  7405  7943 I LSPosed-Bridge: 7405 PermLabel 10117 ContextImpl.checkPermission: askedperm = []; permName: android.permission.ACCESS_COARSE_LOCATION; android.os.Process.myPid() = 7405; type = 1

07-23 03:17:01.754  7405  7943 I LSPosed-Bridge: 7405 PermLabel 10117 ContextImpl.checkPermission: pid = 7405; uid = 10117; Binder.getCallingPid() =7405; Binder.getCallingUid() = 10117; permName: android.permission.ACCESS_COARSE_LOCATION; type = 1; res = -1; stacktrace=java.lang.Exception

07-23 03:17:01.754  7405  7943 I LSPosed-Bridge: 7405 PermLabel 10117 ContextImpl.checkPermission: pid = 7405; uid = 10117; Binder.getCallingPid() =7405; Binder.getCallingUid() = 10117; permName: android.permission.ACCESS_COARSE_LOCATION; type = 1; res = -1; stacktrace=java.lang.Exception

07-23 03:17:01.754  7405  7943 I LSPosed-Bridge: 	at com.example.permlabel.requestPerm$2.afterHookedMethod(requestPerm.java:212)

07-23 03:17:01.754  7405  7943 I LSPosed-Bridge: 	at com.example.permlabel.requestPerm$2.afterHookedMethod(requestPerm.java:212)

07-23 03:17:01.754  7405  7943 I LSPosed-Bridge: 	at de.robv.android.xposed.XposedBridge$AdditionalHookInfo.callback(Unknown Source:147)

07-23 03:17:01.754  7405  7943 I LSPosed-Bridge: 	at de.robv.android.xposed.XposedBridge$AdditionalHookInfo.callback(Unknown Source:147)

07-23 03:17:01.754  7405  7943 I LSPosed-Bridge: 	at LSPHooker_.checkPermission(Unknown Source:25)

07-23 03:17:01.754  7405  7943 I LSPosed-Bridge: 	at LSPHooker_.checkPermission(Unknown Source:25)

07-23 03:17:01.754  7405  7943 I LSPosed-Bridge: 	at android.content.ContextWrapper.checkPermission(ContextWrapper.java:738)

07-23 03:17:01.754  7405  7943 I LSPosed-Bridge: 	at android.content.ContextWrapper.checkPermission(ContextWrapper.java:738)

07-23 03:17:01.754  7405  7943 I LSPosed-Bridge: 	at com.baidu.location.h.k.a(Unknown Source:10)

07-23 03:17:01.754  7405  7943 I LSPosed-Bridge: 	at com.baidu.location.h.k.a(Unknown Source:10)

07-23 03:17:01.754  7405  7943 I LSPosed-Bridge: 	at com.baidu.location.h.k.d(Unknown Source:2)

07-23 03:17:01.754  7405  7943 I LSPosed-Bridge: 	at com.baidu.location.h.k.d(Unknown Source:2)

07-23 03:17:01.754  7405  7943 I LSPosed-Bridge: 	at com.baidu.location.b.l.l(Unknown Source:40)

07-23 03:17:01.754  7405  7943 I LSPosed-Bridge: 	at com.baidu.location.b.l.l(Unknown Source:40)

07-23 03:17:01.754  7405  7943 I LSPosed-Bridge: 	at com.baidu.location.b.l.h(Unknown Source:231)

07-23 03:17:01.754  7405  7943 I LSPosed-Bridge: 	at com.baidu.location.b.l.h(Unknown Source:231)

07-23 03:17:01.754  7405  7943 I LSPosed-Bridge: 	at com.baidu.location.b.l.g(Unknown Source:30)

07-23 03:17:01.754  7405  7943 I LSPosed-Bridge: 	at com.baidu.location.b.l.g(Unknown Source:30)

07-23 03:17:01.754  7405  7943 I LSPosed-Bridge: 	at com.baidu.location.b.l.d(Unknown Source:21)

07-23 03:17:01.754  7405  7943 I LSPosed-Bridge: 	at com.baidu.location.b.l.d(Unknown Source:21)

07-23 03:17:01.754  7405  7943 I LSPosed-Bridge: 	at com.baidu.location.b.l.c(Unknown Source:95)

07-23 03:17:01.754  7405  7943 I LSPosed-Bridge: 	at com.baidu.location.b.l.c(Unknown Source:95)

07-23 03:17:01.754  7405  7943 I LSPosed-Bridge: 	at com.baidu.location.b.l.b(Unknown Source:5)

07-23 03:17:01.754  7405  7943 I LSPosed-Bridge: 	at com.baidu.location.b.l.b(Unknown Source:5)

07-23 03:17:01.754  7405  7943 I LSPosed-Bridge: 	at com.baidu.location.g.a$a.handleMessage(Unknown Source:164)

07-23 03:17:01.754  7405  7943 I LSPosed-Bridge: 	at com.baidu.location.g.a$a.handleMessage(Unknown Source:164)

07-23 03:17:01.754  7405  7943 I LSPosed-Bridge: 	at android.os.Handler.dispatchMessage(Handler.java:106)

07-23 03:17:01.754  7405  7943 I LSPosed-Bridge: 	at android.os.Handler.dispatchMessage(Handler.java:106)

07-23 03:17:01.754  7405  7943 I LSPosed-Bridge: 	at android.os.Looper.loop(Looper.java:193)

07-23 03:17:01.754  7405  7943 I LSPosed-Bridge: 	at android.os.Looper.loop(Looper.java:193)

07-23 03:17:01.754  7405  7943 I LSPosed-Bridge: 	at android.os.HandlerThread.run(HandlerThread.java:65)

07-23 03:17:01.754  7405  7943 I LSPosed-Bridge: 	at android.os.HandlerThread.run(HandlerThread.java:65)

07-23 03:17:01.755  7405  7943 I LSPosed-Bridge: 7405 PermLabel 10117 ContextImpl.checkPermission: pid = 7405; uid = 10117; permName: android.permission.ACCESS_COARSE_LOCATION; type = 1; res = -1; stacktrace=java.lang.Exception

07-23 03:17:01.755  7405  7943 I LSPosed-Bridge: 	at com.example.permlabel.requestPerm$2.afterHookedMethod(requestPerm.java:229)

07-23 03:17:01.755  7405  7943 I LSPosed-Bridge: 	at de.robv.android.xposed.XposedBridge$AdditionalHookInfo.callback(Unknown Source:147)

07-23 03:17:01.755  7405  7943 I LSPosed-Bridge: 	at LSPHooker_.checkPermission(Unknown Source:25)

07-23 03:17:01.755  7405  7943 I LSPosed-Bridge: 	at android.content.ContextWrapper.checkPermission(ContextWrapper.java:738)

07-23 03:17:01.755  7405  7943 I LSPosed-Bridge: 	at com.baidu.location.h.k.a(Unknown Source:10)

07-23 03:17:01.755  7405  7943 I LSPosed-Bridge: 	at com.baidu.location.h.k.d(Unknown Source:2)

07-23 03:17:01.755  7405  7943 I LSPosed-Bridge: 	at com.baidu.location.b.l.l(Unknown Source:40)

07-23 03:17:01.755  7405  7943 I LSPosed-Bridge: 	at com.baidu.location.b.l.h(Unknown Source:231)

07-23 03:17:01.755  7405  7943 I LSPosed-Bridge: 	at com.baidu.location.b.l.g(Unknown Source:30)

07-23 03:17:01.755  7405  7943 I LSPosed-Bridge: 	at com.baidu.location.b.l.d(Unknown Source:21)

07-23 03:17:01.755  7405  7943 I LSPosed-Bridge: 	at com.baidu.location.b.l.c(Unknown Source:95)

07-23 03:17:01.755  7405  7943 I LSPosed-Bridge: 	at com.baidu.location.b.l.b(Unknown Source:5)

07-23 03:17:01.755  7405  7943 I LSPosed-Bridge: 	at com.baidu.location.g.a$a.handleMessage(Unknown Source:164)

07-23 03:17:01.755  7405  7943 I LSPosed-Bridge: 	at android.os.Handler.dispatchMessage(Handler.java:106)

07-23 03:17:01.755  7405  7943 I LSPosed-Bridge: 	at android.os.Looper.loop(Looper.java:193)

07-23 03:17:01.755  7405  7943 I LSPosed-Bridge: 	at android.os.HandlerThread.run(HandlerThread.java:65)

07-23 03:17:01.755  7405  7943 I LSPosed-Bridge: 7405 PermLabel hookBinder_test 10117 interfaceBinder =android.app.IActivityManager; arg0 = 49; arg1 = android.os.Parcel@fde6c05; arg2 = android.os.Parcel@9dec381; arg3 = 0; res = true; stacktrace=java.lang.Exception

07-23 03:17:01.755  7405  7943 I LSPosed-Bridge: 	at com.example.permlabel.hookBinder_test$1.afterHookedMethod(hookBinder_test.java:75)

07-23 03:17:01.755  7405  7943 I LSPosed-Bridge: 	at de.robv.android.xposed.XposedBridge$AdditionalHookInfo.callback(Unknown Source:147)

07-23 03:17:01.755  7405  7943 I LSPosed-Bridge: 	at LSPHooker_.transact(Unknown Source:28)

07-23 03:17:01.755  7405  7943 I LSPosed-Bridge: 	at android.app.IActivityManager$Stub$Proxy.checkPermission(IActivityManager.java:4722)

07-23 03:17:01.755  7405  7943 I LSPosed-Bridge: 	at android.app.ContextImpl.checkPermission(ContextImpl.java:1751)

07-23 03:17:01.755  7405  7943 I LSPosed-Bridge: 	at java.lang.reflect.Method.invoke(Native Method)

07-23 03:17:01.755  7405  7943 I LSPosed-Bridge: 	at org.lsposed.lspd.nativebridge.HookBridge.invokeOriginalMethod(Native Method)

07-23 03:17:01.755  7405  7943 I LSPosed-Bridge: 	at de.robv.android.xposed.XposedBridge$AdditionalHookInfo.callback(Unknown Source:110)

07-23 03:17:01.755  7405  7943 I LSPosed-Bridge: 	at LSPHooker_.checkPermission(Unknown Source:25)

07-23 03:17:01.755  7405  7943 I LSPosed-Bridge: 	at android.content.ContextWrapper.checkPermission(ContextWrapper.java:738)

07-23 03:17:01.755  7405  7943 I LSPosed-Bridge: 	at com.baidu.location.h.k.a(Unknown Source:10)

07-23 03:17:01.755  7405  7943 I LSPosed-Bridge: 	at com.baidu.location.h.k.d(Unknown Source:8)

07-23 03:17:01.755  7405  7943 I LSPosed-Bridge: 	at com.baidu.location.b.l.l(Unknown Source:40)

07-23 03:17:01.755  7405  7943 I LSPosed-Bridge: 	at com.baidu.location.b.l.h(Unknown Source:231)

07-23 03:17:01.755  7405  7943 I LSPosed-Bridge: 	at com.baidu.location.b.l.g(Unknown Source:30)

07-23 03:17:01.755  7405  7943 I LSPosed-Bridge: 	at com.baidu.location.b.l.d(Unknown Source:21)

07-23 03:17:01.755  7405  7943 I LSPosed-Bridge: 	at com.baidu.location.b.l.c(Unknown Source:95)

07-23 03:17:01.755  7405  7943 I LSPosed-Bridge: 	at com.baidu.location.b.l.b(Unknown Source:5)

07-23 03:17:01.755  7405  7943 I LSPosed-Bridge: 	at com.baidu.location.g.a$a.handleMessage(Unknown Source:164)

07-23 03:17:01.755  7405  7943 I LSPosed-Bridge: 	at android.os.Handler.dispatchMessage(Handler.java:106)

07-23 03:17:01.755  7405  7943 I LSPosed-Bridge: 	at android.os.Looper.loop(Looper.java:193)

07-23 03:17:01.755  7405  7943 I LSPosed-Bridge: 	at android.os.HandlerThread.run(HandlerThread.java:65)

07-23 03:17:01.805  1568  3206 I LSPosed-Bridge: 7405 PermLabel 10117 AMS.checkPermission: Binder.getCallingPid() = 1888; uid = 10117; Binder.getCallingUid() = 1001; getNameForUid: android.uid.phone:1001; getPackagesForUid: [com.qualcomm.qti.uim, com.qualcomm.qti.networksetting, com.android.mms.service, com.android.providers.telephony, com.qualcomm.simcontacts, com.qualcomm.qti.autoregistration, com.qualcomm.qti.telephonyservice, com.qti.qualcomm.deviceinfo, com.qti.xdivert, com.android.stk, org.codeaurora.ims, com.qti.qualcomm.datastatusnotification, com.qti.confuridialer, com.qualcomm.qti.lpa, com.qualcomm.qcrilmsgtunnel, com.qualcomm.qti.ims, com.qualcomm.qti.callfeaturessetting, com.android.phone]; permName: android.permission.ACCESS_COARSE_LOCATION; type = 1; res = -1; stacktrace=java.lang.Exception

07-23 03:17:01.805  1568  3206 I LSPosed-Bridge: 	at com.example.permlabel.requirePerm$1$2.afterHookedMethod(requirePerm.java:150)

07-23 03:17:01.805  1568  3206 I LSPosed-Bridge: 	at de.robv.android.xposed.XposedBridge$AdditionalHookInfo.callback(Unknown Source:147)

07-23 03:17:01.805  1568  3206 I LSPosed-Bridge: 	at LSPHooker_.checkPermission(Unknown Source:25)

07-23 03:17:01.805  1568  3206 I LSPosed-Bridge: 	at android.app.IActivityManager$Stub.onTransact(IActivityManager.java:664)

07-23 03:17:01.805  1568  3206 I LSPosed-Bridge: 	at com.android.server.am.ActivityManagerService.onTransact(ActivityManagerService.java:3346)

07-23 03:17:01.805  1568  3206 I LSPosed-Bridge: 	at android.os.Binder.execTransact(Binder.java:731)

07-23 03:17:01.807  7405  7943 I LSPosed-Bridge: 7405 PermLabel hookBinder_test 10117 interfaceBinder =com.android.internal.telephony.ITelephony; arg0 = 82; arg1 = android.os.Parcel@9dec381; arg2 = android.os.Parcel@fde6c05; arg3 = 0; res = true; stacktrace=java.lang.Exception

07-23 03:17:01.807  7405  7943 I LSPosed-Bridge: 	at com.example.permlabel.hookBinder_test$1.afterHookedMethod(hookBinder_test.java:75)

07-23 03:17:01.807  7405  7943 I LSPosed-Bridge: 	at de.robv.android.xposed.XposedBridge$AdditionalHookInfo.callback(Unknown Source:147)

07-23 03:17:01.807  7405  7943 I LSPosed-Bridge: 	at LSPHooker_.transact(Unknown Source:28)

07-23 03:17:01.807  7405  7943 I LSPosed-Bridge: 	at com.android.internal.telephony.ITelephony$Stub$Proxy.getAllCellInfo(ITelephony.java:3940)

07-23 03:17:01.807  7405  7943 I LSPosed-Bridge: 	at android.telephony.TelephonyManager.getAllCellInfo(TelephonyManager.java:4406)

07-23 03:17:01.807  7405  7943 I LSPosed-Bridge: 	at java.lang.reflect.Method.invoke(Native Method)

07-23 03:17:01.807  7405  7943 I LSPosed-Bridge: 	at org.lsposed.lspd.nativebridge.HookBridge.invokeOriginalMethod(Native Method)

07-23 03:17:01.807  7405  7943 I LSPosed-Bridge: 	at de.robv.android.xposed.XposedBridge$AdditionalHookInfo.callback(Unknown Source:110)

07-23 03:17:01.807  7405  7943 I LSPosed-Bridge: 	at LSPHooker_.getAllCellInfo(Unknown Source:8)

07-23 03:17:01.807  7405  7943 I LSPosed-Bridge: 	at com.baidu.location.f.b.l(Unknown Source:26)

07-23 03:17:01.807  7405  7943 I LSPosed-Bridge: 	at com.baidu.location.f.b.k(Unknown Source:0)

07-23 03:17:01.807  7405  7943 I LSPosed-Bridge: 	at com.baidu.location.f.b.f(Unknown Source:22)

07-23 03:17:01.807  7405  7943 I LSPosed-Bridge: 	at com.baidu.location.b.l.k(Unknown Source:11)

07-23 03:17:01.807  7405  7943 I LSPosed-Bridge: 	at com.baidu.location.b.l.h(Unknown Source:427)

07-23 03:17:01.807  7405  7943 I LSPosed-Bridge: 	at com.baidu.location.b.l.g(Unknown Source:30)

07-23 03:17:01.807  7405  7943 I LSPosed-Bridge: 	at com.baidu.location.b.l.d(Unknown Source:21)

07-23 03:17:01.807  7405  7943 I LSPosed-Bridge: 	at com.baidu.location.b.l.c(Unknown Source:95)

07-23 03:17:01.807  7405  7943 I LSPosed-Bridge: 	at com.baidu.location.b.l.b(Unknown Source:5)

07-23 03:17:01.807  7405  7943 I LSPosed-Bridge: 	at com.baidu.location.g.a$a.handleMessage(Unknown Source:164)

07-23 03:17:01.807  7405  7943 I LSPosed-Bridge: 	at android.os.Handler.dispatchMessage(Handler.java:106)

07-23 03:17:01.807  7405  7943 I LSPosed-Bridge: 	at android.os.Looper.loop(Looper.java:193)

07-23 03:17:01.807  7405  7943 I LSPosed-Bridge: 	at android.os.HandlerThread.run(HandlerThread.java:65)

07-23 03:17:01.807  7405  7943 I LSPosed-Bridge: 7405 PermLabel 10117; permName: android.permission.ACCESS_COARSE_LOCATION; getAllCellInfo res = null; stacktrace=java.lang.Exception

07-23 03:17:01.807  7405  7943 I LSPosed-Bridge: 	at com.example.permlabel.hookLocationExtra_test$4.afterHookedMethod(hookLocationExtra_test.java:86)

07-23 03:17:01.807  7405  7943 I LSPosed-Bridge: 	at de.robv.android.xposed.XposedBridge$AdditionalHookInfo.callback(Unknown Source:147)

07-23 03:17:01.807  7405  7943 I LSPosed-Bridge: 	at LSPHooker_.getAllCellInfo(Unknown Source:8)

07-23 03:17:01.807  7405  7943 I LSPosed-Bridge: 	at com.baidu.location.f.b.l(Unknown Source:26)

07-23 03:17:01.807  7405  7943 I LSPosed-Bridge: 	at com.baidu.location.f.b.k(Unknown Source:0)

07-23 03:17:01.807  7405  7943 I LSPosed-Bridge: 	at com.baidu.location.f.b.f(Unknown Source:22)

07-23 03:17:01.807  7405  7943 I LSPosed-Bridge: 	at com.baidu.location.b.l.k(Unknown Source:11)

07-23 03:17:01.807  7405  7943 I LSPosed-Bridge: 	at com.baidu.location.b.l.h(Unknown Source:427)

07-23 03:17:01.807  7405  7943 I LSPosed-Bridge: 	at com.baidu.location.b.l.g(Unknown Source:30)

07-23 03:17:01.807  7405  7943 I LSPosed-Bridge: 	at com.baidu.location.b.l.d(Unknown Source:21)

07-23 03:17:01.807  7405  7943 I LSPosed-Bridge: 	at com.baidu.location.b.l.c(Unknown Source:95)

07-23 03:17:01.807  7405  7943 I LSPosed-Bridge: 	at com.baidu.location.b.l.b(Unknown Source:5)

07-23 03:17:01.807  7405  7943 I LSPosed-Bridge: 	at com.baidu.location.g.a$a.handleMessage(Unknown Source:164)

07-23 03:17:01.807  7405  7943 I LSPosed-Bridge: 	at android.os.Handler.dispatchMessage(Handler.java:106)

07-23 03:17:01.807  7405  7943 I LSPosed-Bridge: 	at android.os.Looper.loop(Looper.java:193)

07-23 03:17:01.807  7405  7943 I LSPosed-Bridge: 	at android.os.HandlerThread.run(HandlerThread.java:65)

07-23 03:17:01.811  1568  3206 I LSPosed-Bridge: 7405 PermLabel 10117 AMS.checkPermission: Binder.getCallingPid() = 1888; uid = 10117; Binder.getCallingUid() = 1001; getNameForUid: android.uid.phone:1001; getPackagesForUid: [com.qualcomm.qti.uim, com.qualcomm.qti.networksetting, com.android.mms.service, com.android.providers.telephony, com.qualcomm.simcontacts, com.qualcomm.qti.autoregistration, com.qualcomm.qti.telephonyservice, com.qti.qualcomm.deviceinfo, com.qti.xdivert, com.android.stk, org.codeaurora.ims, com.qti.qualcomm.datastatusnotification, com.qti.confuridialer, com.qualcomm.qti.lpa, com.qualcomm.qcrilmsgtunnel, com.qualcomm.qti.ims, com.qualcomm.qti.callfeaturessetting, com.android.phone]; permName: android.permission.ACCESS_COARSE_LOCATION; type = 1; res = -1; stacktrace=java.lang.Exception

07-23 03:17:01.811  1568  3206 I LSPosed-Bridge: 	at com.example.permlabel.requirePerm$1$2.afterHookedMethod(requirePerm.java:150)

07-23 03:17:01.811  1568  3206 I LSPosed-Bridge: 	at de.robv.android.xposed.XposedBridge$AdditionalHookInfo.callback(Unknown Source:147)

07-23 03:17:01.811  1568  3206 I LSPosed-Bridge: 	at LSPHooker_.checkPermission(Unknown Source:25)

07-23 03:17:01.811  1568  3206 I LSPosed-Bridge: 	at android.app.IActivityManager$Stub.onTransact(IActivityManager.java:664)

07-23 03:17:01.811  1568  3206 I LSPosed-Bridge: 	at com.android.server.am.ActivityManagerService.onTransact(ActivityManagerService.java:3346)

07-23 03:17:01.811  1568  3206 I LSPosed-Bridge: 	at android.os.Binder.execTransact(Binder.java:731)

07-23 03:17:01.814  7405  7943 I LSPosed-Bridge: 7405 PermLabel 10117; permName: android.permission.ACCESS_COARSE_LOCATION; getCellLocation res = null; stacktrace=java.lang.Exception

07-23 03:17:01.814  7405  7943 I LSPosed-Bridge: 	at com.example.permlabel.hookLocationExtra_test$3.afterHookedMethod(hookLocationExtra_test.java:79)

07-23 03:17:01.814  7405  7943 I LSPosed-Bridge: 	at de.robv.android.xposed.XposedBridge$AdditionalHookInfo.callback(Unknown Source:147)

07-23 03:17:01.814  7405  7943 I LSPosed-Bridge: 	at LSPHooker_.getCellLocation(Unknown Source:8)

07-23 03:17:01.814  7405  7943 I LSPosed-Bridge: 	at com.baidu.location.f.b.k(Unknown Source:19)

07-23 03:17:01.814  7405  7943 I LSPosed-Bridge: 	at com.baidu.location.f.b.f(Unknown Source:22)

07-23 03:17:01.814  7405  7943 I LSPosed-Bridge: 	at com.baidu.location.b.l.k(Unknown Source:11)

07-23 03:17:01.814  7405  7943 I LSPosed-Bridge: 	at com.baidu.location.b.l.h(Unknown Source:427)

07-23 03:17:01.814  7405  7943 I LSPosed-Bridge: 	at com.baidu.location.b.l.g(Unknown Source:30)

07-23 03:17:01.814  7405  7943 I LSPosed-Bridge: 	at com.baidu.location.b.l.d(Unknown Source:21)

07-23 03:17:01.814  7405  7943 I LSPosed-Bridge: 	at com.baidu.location.b.l.c(Unknown Source:95)

07-23 03:17:01.814  7405  7943 I LSPosed-Bridge: 	at com.baidu.location.b.l.b(Unknown Source:5)

07-23 03:17:01.814  7405  7943 I LSPosed-Bridge: 	at com.baidu.location.g.a$a.handleMessage(Unknown Source:164)

07-23 03:17:01.814  7405  7943 I LSPosed-Bridge: 	at android.os.Handler.dispatchMessage(Handler.java:106)

07-23 03:17:01.814  7405  7943 I LSPosed-Bridge: 	at android.os.Looper.loop(Looper.java:193)

07-23 03:17:01.814  7405  7943 I LSPosed-Bridge: 	at android.os.HandlerThread.run(HandlerThread.java:65)

07-23 03:17:05.431  1568  6279 I LSPosed-Bridge: 7405 PermLabel 10117 AMS.checkPermission: Binder.getCallingPid() = 1888; uid = 10117; Binder.getCallingUid() = 1001; getNameForUid: android.uid.phone:1001; getPackagesForUid: [com.qualcomm.qti.uim, com.qualcomm.qti.networksetting, com.android.mms.service, com.android.providers.telephony, com.qualcomm.simcontacts, com.qualcomm.qti.autoregistration, com.qualcomm.qti.telephonyservice, com.qti.qualcomm.deviceinfo, com.qti.xdivert, com.android.stk, org.codeaurora.ims, com.qti.qualcomm.datastatusnotification, com.qti.confuridialer, com.qualcomm.qti.lpa, com.qualcomm.qcrilmsgtunnel, com.qualcomm.qti.ims, com.qualcomm.qti.callfeaturessetting, com.android.phone]; permName: android.permission.ACCESS_COARSE_LOCATION; type = 1; res = -1; stacktrace=java.lang.Exception

07-23 03:17:05.431  1568  6279 I LSPosed-Bridge: 	at com.example.permlabel.requirePerm$1$2.afterHookedMethod(requirePerm.java:150)

07-23 03:17:05.431  1568  6279 I LSPosed-Bridge: 	at de.robv.android.xposed.XposedBridge$AdditionalHookInfo.callback(Unknown Source:147)

07-23 03:17:05.431  1568  6279 I LSPosed-Bridge: 	at LSPHooker_.checkPermission(Unknown Source:25)

07-23 03:17:05.431  1568  6279 I LSPosed-Bridge: 	at android.app.IActivityManager$Stub.onTransact(IActivityManager.java:664)

07-23 03:17:05.431  1568  6279 I LSPosed-Bridge: 	at com.android.server.am.ActivityManagerService.onTransact(ActivityManagerService.java:3346)

07-23 03:17:05.431  1568  6279 I LSPosed-Bridge: 	at android.os.Binder.execTransact(Binder.java:731)

07-23 03:17:05.433  7405  7943 I LSPosed-Bridge: 7405 PermLabel hookBinder_test 10117 interfaceBinder =com.android.internal.telephony.ITelephony; arg0 = 82; arg1 = android.os.Parcel@f31665f; arg2 = android.os.Parcel@50b3368; arg3 = 0; res = true; stacktrace=java.lang.Exception

07-23 03:17:05.433  7405  7943 I LSPosed-Bridge: 	at com.example.permlabel.hookBinder_test$1.afterHookedMethod(hookBinder_test.java:75)

07-23 03:17:05.433  7405  7943 I LSPosed-Bridge: 	at de.robv.android.xposed.XposedBridge$AdditionalHookInfo.callback(Unknown Source:147)

07-23 03:17:05.433  7405  7943 I LSPosed-Bridge: 	at LSPHooker_.transact(Unknown Source:28)

07-23 03:17:05.433  7405  7943 I LSPosed-Bridge: 	at com.android.internal.telephony.ITelephony$Stub$Proxy.getAllCellInfo(ITelephony.java:3940)

07-23 03:17:05.433  7405  7943 I LSPosed-Bridge: 	at android.telephony.TelephonyManager.getAllCellInfo(TelephonyManager.java:4406)

07-23 03:17:05.433  7405  7943 I LSPosed-Bridge: 	at java.lang.reflect.Method.invoke(Native Method)

07-23 03:17:05.433  7405  7943 I LSPosed-Bridge: 	at org.lsposed.lspd.nativebridge.HookBridge.invokeOriginalMethod(Native Method)

07-23 03:17:05.433  7405  7943 I LSPosed-Bridge: 	at de.robv.android.xposed.XposedBridge$AdditionalHookInfo.callback(Unknown Source:110)

07-23 03:17:05.433  7405  7943 I LSPosed-Bridge: 	at LSPHooker_.getAllCellInfo(Unknown Source:8)

07-23 03:17:05.433  7405  7943 I LSPosed-Bridge: 	at com.baidu.location.f.b.l(Unknown Source:26)

07-23 03:17:05.433  7405  7943 I LSPosed-Bridge: 	at com.baidu.location.f.b.k(Unknown Source:0)

07-23 03:17:05.433  7405  7943 I LSPosed-Bridge: 	at com.baidu.location.f.b.f(Unknown Source:22)

07-23 03:17:05.433  7405  7943 I LSPosed-Bridge: 	at com.baidu.location.b.l.a(Unknown Source:4)

07-23 03:17:05.433  7405  7943 I LSPosed-Bridge: 	at com.baidu.location.b.l.h(Unknown Source:66)

07-23 03:17:05.433  7405  7943 I LSPosed-Bridge: 	at com.baidu.location.b.l.b(Unknown Source:0)

07-23 03:17:05.433  7405  7943 I LSPosed-Bridge: 	at com.baidu.location.b.l$b.run(Unknown Source:31)

07-23 03:17:05.433  7405  7943 I LSPosed-Bridge: 	at android.os.Handler.handleCallback(Handler.java:873)

07-23 03:17:05.433  7405  7943 I LSPosed-Bridge: 	at android.os.Handler.dispatchMessage(Handler.java:99)

07-23 03:17:05.433  7405  7943 I LSPosed-Bridge: 	at android.os.Looper.loop(Looper.java:193)

07-23 03:17:05.433  7405  7943 I LSPosed-Bridge: 	at android.os.HandlerThread.run(HandlerThread.java:65)

07-23 03:17:05.433  7405  7943 I LSPosed-Bridge: 7405 PermLabel 10117; permName: android.permission.ACCESS_COARSE_LOCATION; getAllCellInfo res = null; stacktrace=java.lang.Exception

07-23 03:17:05.433  7405  7943 I LSPosed-Bridge: 	at com.example.permlabel.hookLocationExtra_test$4.afterHookedMethod(hookLocationExtra_test.java:86)

07-23 03:17:05.433  7405  7943 I LSPosed-Bridge: 	at de.robv.android.xposed.XposedBridge$AdditionalHookInfo.callback(Unknown Source:147)

07-23 03:17:05.433  7405  7943 I LSPosed-Bridge: 	at LSPHooker_.getAllCellInfo(Unknown Source:8)

07-23 03:17:05.433  7405  7943 I LSPosed-Bridge: 	at com.baidu.location.f.b.l(Unknown Source:26)

07-23 03:17:05.433  7405  7943 I LSPosed-Bridge: 	at com.baidu.location.f.b.k(Unknown Source:0)

