07-23 03:18:21.841 12837 13054 I LSPosed-Bridge: 	at com.baidu.location.g.a$a.handleMessage(Unknown Source:164)

07-23 03:18:21.841 12837 13054 I LSPosed-Bridge: 	at com.baidu.location.g.a$a.handleMessage(Unknown Source:164)

07-23 03:18:21.841 12837 13054 I LSPosed-Bridge: 	at com.baidu.location.g.a$a.handleMessage(Unknown Source:164)

07-23 03:18:21.841 12837 13054 I LSPosed-Bridge: 	at android.os.Handler.dispatchMessage(Handler.java:106)

07-23 03:18:21.841 12837 13054 I LSPosed-Bridge: 	at android.os.Handler.dispatchMessage(Handler.java:106)

07-23 03:18:21.841 12837 13054 I LSPosed-Bridge: 	at android.os.Handler.dispatchMessage(Handler.java:106)

07-23 03:18:21.841 12837 13054 I LSPosed-Bridge: 	at android.os.Looper.loop(Looper.java:193)

07-23 03:18:21.841 12837 13054 I LSPosed-Bridge: 	at android.os.Looper.loop(Looper.java:193)

07-23 03:18:21.841 12837 13054 I LSPosed-Bridge: 	at android.os.Looper.loop(Looper.java:193)

07-23 03:18:21.841 12837 13054 I LSPosed-Bridge: 	at android.os.HandlerThread.run(HandlerThread.java:65)

07-23 03:18:21.841 12837 13054 I LSPosed-Bridge: 	at android.os.HandlerThread.run(HandlerThread.java:65)

07-23 03:18:21.841 12837 13054 I LSPosed-Bridge: 	at android.os.HandlerThread.run(HandlerThread.java:65)

07-23 03:18:21.841 12837 13054 I LSPosed-Bridge: 12837 PermLabel 10117 ContextImpl.checkPermission: askedperm = []; permName: android.permission.ACCESS_COARSE_LOCATION; android.os.Process.myPid() = 12837; type = 1

07-23 03:18:21.841 12837 13054 I LSPosed-Bridge: 12837 PermLabel 10117 ContextImpl.checkPermission: askedperm = []; permName: android.permission.ACCESS_COARSE_LOCATION; android.os.Process.myPid() = 12837; type = 1

07-23 03:18:21.841 12837 13054 I LSPosed-Bridge: 12837 PermLabel 10117 ContextImpl.checkPermission: askedperm = []; permName: android.permission.ACCESS_COARSE_LOCATION; android.os.Process.myPid() = 12837; type = 1

07-23 03:18:21.841 12837 13054 I LSPosed-Bridge: 12837 PermLabel 10117 ContextImpl.checkPermission: pid = 12837; uid = 10117; Binder.getCallingPid() =12837; Binder.getCallingUid() = 10117; permName: android.permission.ACCESS_COARSE_LOCATION; type = 1; res = -1; stacktrace=java.lang.Exception

07-23 03:18:21.841 12837 13054 I LSPosed-Bridge: 12837 PermLabel 10117 ContextImpl.checkPermission: pid = 12837; uid = 10117; Binder.getCallingPid() =12837; Binder.getCallingUid() = 10117; permName: android.permission.ACCESS_COARSE_LOCATION; type = 1; res = -1; stacktrace=java.lang.Exception

07-23 03:18:21.841 12837 13054 I LSPosed-Bridge: 12837 PermLabel 10117 ContextImpl.checkPermission: pid = 12837; uid = 10117; Binder.getCallingPid() =12837; Binder.getCallingUid() = 10117; permName: android.permission.ACCESS_COARSE_LOCATION; type = 1; res = -1; stacktrace=java.lang.Exception

07-23 03:18:21.841 12837 13054 I LSPosed-Bridge: 	at com.example.permlabel.requestPerm$2.afterHookedMethod(requestPerm.java:212)

07-23 03:18:21.841 12837 13054 I LSPosed-Bridge: 	at com.example.permlabel.requestPerm$2.afterHookedMethod(requestPerm.java:212)

07-23 03:18:21.841 12837 13054 I LSPosed-Bridge: 	at com.example.permlabel.requestPerm$2.afterHookedMethod(requestPerm.java:212)

07-23 03:18:21.841 12837 13054 I LSPosed-Bridge: 	at de.robv.android.xposed.XposedBridge$AdditionalHookInfo.callback(Unknown Source:147)

07-23 03:18:21.841 12837 13054 I LSPosed-Bridge: 	at de.robv.android.xposed.XposedBridge$AdditionalHookInfo.callback(Unknown Source:147)

07-23 03:18:21.841 12837 13054 I LSPosed-Bridge: 	at de.robv.android.xposed.XposedBridge$AdditionalHookInfo.callback(Unknown Source:147)

07-23 03:18:21.841 12837 13054 I LSPosed-Bridge: 	at LSPHooker_.checkPermission(Unknown Source:25)

07-23 03:18:21.841 12837 13054 I LSPosed-Bridge: 	at LSPHooker_.checkPermission(Unknown Source:25)

07-23 03:18:21.841 12837 13054 I LSPosed-Bridge: 	at LSPHooker_.checkPermission(Unknown Source:25)

07-23 03:18:21.841 12837 13054 I LSPosed-Bridge: 	at android.content.ContextWrapper.checkPermission(ContextWrapper.java:738)

07-23 03:18:21.841 12837 13054 I LSPosed-Bridge: 	at android.content.ContextWrapper.checkPermission(ContextWrapper.java:738)

07-23 03:18:21.841 12837 13054 I LSPosed-Bridge: 	at android.content.ContextWrapper.checkPermission(ContextWrapper.java:738)

07-23 03:18:21.841 12837 13054 I LSPosed-Bridge: 	at com.baidu.location.h.k.a(Unknown Source:10)

07-23 03:18:21.841 12837 13054 I LSPosed-Bridge: 	at com.baidu.location.h.k.a(Unknown Source:10)

07-23 03:18:21.841 12837 13054 I LSPosed-Bridge: 	at com.baidu.location.h.k.a(Unknown Source:10)

07-23 03:18:21.841 12837 13054 I LSPosed-Bridge: 	at com.baidu.location.h.k.d(Unknown Source:2)

07-23 03:18:21.841 12837 13054 I LSPosed-Bridge: 	at com.baidu.location.h.k.d(Unknown Source:2)

07-23 03:18:21.841 12837 13054 I LSPosed-Bridge: 	at com.baidu.location.h.k.d(Unknown Source:2)

07-23 03:18:21.841 12837 13054 I LSPosed-Bridge: 	at com.baidu.location.b.l.l(Unknown Source:40)

07-23 03:18:21.841 12837 13054 I LSPosed-Bridge: 	at com.baidu.location.b.l.l(Unknown Source:40)

07-23 03:18:21.841 12837 13054 I LSPosed-Bridge: 	at com.baidu.location.b.l.l(Unknown Source:40)

07-23 03:18:21.841 12837 13054 I LSPosed-Bridge: 	at com.baidu.location.b.l.h(Unknown Source:231)

07-23 03:18:21.841 12837 13054 I LSPosed-Bridge: 	at com.baidu.location.b.l.h(Unknown Source:231)

07-23 03:18:21.841 12837 13054 I LSPosed-Bridge: 	at com.baidu.location.b.l.h(Unknown Source:231)

07-23 03:18:21.841 12837 13054 I LSPosed-Bridge: 	at com.baidu.location.b.l.g(Unknown Source:30)

07-23 03:18:21.841 12837 13054 I LSPosed-Bridge: 	at com.baidu.location.b.l.g(Unknown Source:30)

07-23 03:18:21.841 12837 13054 I LSPosed-Bridge: 	at com.baidu.location.b.l.g(Unknown Source:30)

07-23 03:18:21.841 12837 13054 I LSPosed-Bridge: 	at com.baidu.location.b.l.d(Unknown Source:21)

07-23 03:18:21.841 12837 13054 I LSPosed-Bridge: 	at com.baidu.location.b.l.d(Unknown Source:21)

07-23 03:18:21.841 12837 13054 I LSPosed-Bridge: 	at com.baidu.location.b.l.d(Unknown Source:21)

07-23 03:18:21.841 12837 13054 I LSPosed-Bridge: 	at com.baidu.location.b.l.c(Unknown Source:95)

07-23 03:18:21.841 12837 13054 I LSPosed-Bridge: 	at com.baidu.location.b.l.c(Unknown Source:95)

07-23 03:18:21.841 12837 13054 I LSPosed-Bridge: 	at com.baidu.location.b.l.c(Unknown Source:95)

07-23 03:18:21.841 12837 13054 I LSPosed-Bridge: 	at com.baidu.location.b.l.b(Unknown Source:5)

07-23 03:18:21.841 12837 13054 I LSPosed-Bridge: 	at com.baidu.location.b.l.b(Unknown Source:5)

07-23 03:18:21.841 12837 13054 I LSPosed-Bridge: 	at com.baidu.location.b.l.b(Unknown Source:5)

07-23 03:18:21.841 12837 13054 I LSPosed-Bridge: 	at com.baidu.location.g.a$a.handleMessage(Unknown Source:164)

07-23 03:18:21.841 12837 13054 I LSPosed-Bridge: 	at com.baidu.location.g.a$a.handleMessage(Unknown Source:164)

07-23 03:18:21.841 12837 13054 I LSPosed-Bridge: 	at com.baidu.location.g.a$a.handleMessage(Unknown Source:164)

07-23 03:18:21.841 12837 13054 I LSPosed-Bridge: 	at android.os.Handler.dispatchMessage(Handler.java:106)

07-23 03:18:21.841 12837 13054 I LSPosed-Bridge: 	at android.os.Handler.dispatchMessage(Handler.java:106)

07-23 03:18:21.841 12837 13054 I LSPosed-Bridge: 	at android.os.Handler.dispatchMessage(Handler.java:106)

07-23 03:18:21.841 12837 13054 I LSPosed-Bridge: 	at android.os.Looper.loop(Looper.java:193)

07-23 03:18:21.841 12837 13054 I LSPosed-Bridge: 	at android.os.Looper.loop(Looper.java:193)

07-23 03:18:21.841 12837 13054 I LSPosed-Bridge: 	at android.os.Looper.loop(Looper.java:193)

07-23 03:18:21.841 12837 13054 I LSPosed-Bridge: 	at android.os.HandlerThread.run(HandlerThread.java:65)

07-23 03:18:21.841 12837 13054 I LSPosed-Bridge: 	at android.os.HandlerThread.run(HandlerThread.java:65)

07-23 03:18:21.841 12837 13054 I LSPosed-Bridge: 	at android.os.HandlerThread.run(HandlerThread.java:65)

07-23 03:18:21.841 12837 13054 I LSPosed-Bridge: 12837 PermLabel 10117 ContextImpl.checkPermission: pid = 12837; uid = 10117; permName: android.permission.ACCESS_COARSE_LOCATION; type = 1; res = -1; stacktrace=java.lang.Exception

07-23 03:18:21.841 12837 13054 I LSPosed-Bridge: 12837 PermLabel 10117 ContextImpl.checkPermission: pid = 12837; uid = 10117; permName: android.permission.ACCESS_COARSE_LOCATION; type = 1; res = -1; stacktrace=java.lang.Exception

07-23 03:18:21.841 12837 13054 I LSPosed-Bridge: 12837 PermLabel 10117 ContextImpl.checkPermission: pid = 12837; uid = 10117; permName: android.permission.ACCESS_COARSE_LOCATION; type = 1; res = -1; stacktrace=java.lang.Exception

07-23 03:18:21.841 12837 13054 I LSPosed-Bridge: 	at com.example.permlabel.requestPerm$2.afterHookedMethod(requestPerm.java:229)

07-23 03:18:21.841 12837 13054 I LSPosed-Bridge: 	at com.example.permlabel.requestPerm$2.afterHookedMethod(requestPerm.java:229)

07-23 03:18:21.841 12837 13054 I LSPosed-Bridge: 	at com.example.permlabel.requestPerm$2.afterHookedMethod(requestPerm.java:229)

07-23 03:18:21.841 12837 13054 I LSPosed-Bridge: 	at de.robv.android.xposed.XposedBridge$AdditionalHookInfo.callback(Unknown Source:147)

07-23 03:18:21.841 12837 13054 I LSPosed-Bridge: 	at de.robv.android.xposed.XposedBridge$AdditionalHookInfo.callback(Unknown Source:147)

07-23 03:18:21.841 12837 13054 I LSPosed-Bridge: 	at de.robv.android.xposed.XposedBridge$AdditionalHookInfo.callback(Unknown Source:147)

07-23 03:18:21.841 12837 13054 I LSPosed-Bridge: 	at LSPHooker_.checkPermission(Unknown Source:25)

07-23 03:18:21.841 12837 13054 I LSPosed-Bridge: 	at LSPHooker_.checkPermission(Unknown Source:25)

07-23 03:18:21.841 12837 13054 I LSPosed-Bridge: 	at LSPHooker_.checkPermission(Unknown Source:25)

07-23 03:18:21.841 12837 13054 I LSPosed-Bridge: 	at android.content.ContextWrapper.checkPermission(ContextWrapper.java:738)

07-23 03:18:21.841 12837 13054 I LSPosed-Bridge: 	at android.content.ContextWrapper.checkPermission(ContextWrapper.java:738)

07-23 03:18:21.841 12837 13054 I LSPosed-Bridge: 	at android.content.ContextWrapper.checkPermission(ContextWrapper.java:738)

07-23 03:18:21.841 12837 13054 I LSPosed-Bridge: 	at com.baidu.location.h.k.a(Unknown Source:10)

07-23 03:18:21.841 12837 13054 I LSPosed-Bridge: 	at com.baidu.location.h.k.a(Unknown Source:10)

07-23 03:18:21.841 12837 13054 I LSPosed-Bridge: 	at com.baidu.location.h.k.a(Unknown Source:10)

07-23 03:18:21.841 12837 13054 I LSPosed-Bridge: 	at com.baidu.location.h.k.d(Unknown Source:2)

07-23 03:18:21.841 12837 13054 I LSPosed-Bridge: 	at com.baidu.location.h.k.d(Unknown Source:2)

07-23 03:18:21.841 12837 13054 I LSPosed-Bridge: 	at com.baidu.location.h.k.d(Unknown Source:2)

07-23 03:18:21.841 12837 13054 I LSPosed-Bridge: 	at com.baidu.location.b.l.l(Unknown Source:40)

07-23 03:18:21.841 12837 13054 I LSPosed-Bridge: 	at com.baidu.location.b.l.l(Unknown Source:40)

07-23 03:18:21.841 12837 13054 I LSPosed-Bridge: 	at com.baidu.location.b.l.l(Unknown Source:40)

07-23 03:18:21.841 12837 13054 I LSPosed-Bridge: 	at com.baidu.location.b.l.h(Unknown Source:231)

07-23 03:18:21.841 12837 13054 I LSPosed-Bridge: 	at com.baidu.location.b.l.h(Unknown Source:231)

07-23 03:18:21.841 12837 13054 I LSPosed-Bridge: 	at com.baidu.location.b.l.h(Unknown Source:231)

07-23 03:18:21.841 12837 13054 I LSPosed-Bridge: 	at com.baidu.location.b.l.g(Unknown Source:30)

07-23 03:18:21.841 12837 13054 I LSPosed-Bridge: 	at com.baidu.location.b.l.g(Unknown Source:30)

07-23 03:18:21.841 12837 13054 I LSPosed-Bridge: 	at com.baidu.location.b.l.g(Unknown Source:30)

07-23 03:18:21.841 12837 13054 I LSPosed-Bridge: 	at com.baidu.location.b.l.d(Unknown Source:21)

07-23 03:18:21.841 12837 13054 I LSPosed-Bridge: 	at com.baidu.location.b.l.d(Unknown Source:21)

07-23 03:18:21.841 12837 13054 I LSPosed-Bridge: 	at com.baidu.location.b.l.d(Unknown Source:21)

07-23 03:18:21.841 12837 13054 I LSPosed-Bridge: 	at com.baidu.location.b.l.c(Unknown Source:95)

07-23 03:18:21.841 12837 13054 I LSPosed-Bridge: 	at com.baidu.location.b.l.c(Unknown Source:95)

07-23 03:18:21.841 12837 13054 I LSPosed-Bridge: 	at com.baidu.location.b.l.c(Unknown Source:95)

07-23 03:18:21.841 12837 13054 I LSPosed-Bridge: 	at com.baidu.location.b.l.b(Unknown Source:5)

07-23 03:18:21.841 12837 13054 I LSPosed-Bridge: 	at com.baidu.location.b.l.b(Unknown Source:5)

07-23 03:18:21.841 12837 13054 I LSPosed-Bridge: 	at com.baidu.location.b.l.b(Unknown Source:5)

07-23 03:18:21.841 12837 13054 I LSPosed-Bridge: 	at com.baidu.location.g.a$a.handleMessage(Unknown Source:164)

07-23 03:18:21.841 12837 13054 I LSPosed-Bridge: 	at com.baidu.location.g.a$a.handleMessage(Unknown Source:164)

07-23 03:18:21.841 12837 13054 I LSPosed-Bridge: 	at com.baidu.location.g.a$a.handleMessage(Unknown Source:164)

07-23 03:18:21.841 12837 13054 I LSPosed-Bridge: 	at android.os.Handler.dispatchMessage(Handler.java:106)

07-23 03:18:21.841 12837 13054 I LSPosed-Bridge: 	at android.os.Handler.dispatchMessage(Handler.java:106)

07-23 03:18:21.841 12837 13054 I LSPosed-Bridge: 	at android.os.Handler.dispatchMessage(Handler.java:106)

07-23 03:18:21.841 12837 13054 I LSPosed-Bridge: 	at android.os.Looper.loop(Looper.java:193)

07-23 03:18:21.841 12837 13054 I LSPosed-Bridge: 	at android.os.Looper.loop(Looper.java:193)

07-23 03:18:21.841 12837 13054 I LSPosed-Bridge: 	at android.os.Looper.loop(Looper.java:193)

07-23 03:18:21.841 12837 13054 I LSPosed-Bridge: 	at android.os.HandlerThread.run(HandlerThread.java:65)

07-23 03:18:21.841 12837 13054 I LSPosed-Bridge: 	at android.os.HandlerThread.run(HandlerThread.java:65)

07-23 03:18:21.841 12837 13054 I LSPosed-Bridge: 	at android.os.HandlerThread.run(HandlerThread.java:65)

07-23 03:18:21.879  1568  8613 I LSPosed-Bridge: 12837 PermLabel 10117 AMS.checkPermission: Binder.getCallingPid() = 1888; uid = 10117; Binder.getCallingUid() = 1001; getNameForUid: android.uid.phone:1001; getPackagesForUid: [com.qualcomm.qti.uim, com.qualcomm.qti.networksetting, com.android.mms.service, com.android.providers.telephony, com.qualcomm.simcontacts, com.qualcomm.qti.autoregistration, com.qualcomm.qti.telephonyservice, com.qti.qualcomm.deviceinfo, com.qti.xdivert, com.android.stk, org.codeaurora.ims, com.qti.qualcomm.datastatusnotification, com.qti.confuridialer, com.qualcomm.qti.lpa, com.qualcomm.qcrilmsgtunnel, com.qualcomm.qti.ims, com.qualcomm.qti.callfeaturessetting, com.android.phone]; permName: android.permission.ACCESS_COARSE_LOCATION; type = 1; res = -1; stacktrace=java.lang.Exception

07-23 03:18:21.879  1568  8613 I LSPosed-Bridge: 	at com.example.permlabel.requirePerm$1$2.afterHookedMethod(requirePerm.java:150)

07-23 03:18:21.879  1568  8613 I LSPosed-Bridge: 	at de.robv.android.xposed.XposedBridge$AdditionalHookInfo.callback(Unknown Source:147)

07-23 03:18:21.879  1568  8613 I LSPosed-Bridge: 	at LSPHooker_.checkPermission(Unknown Source:25)

07-23 03:18:21.879  1568  8613 I LSPosed-Bridge: 	at android.app.IActivityManager$Stub.onTransact(IActivityManager.java:664)

07-23 03:18:21.879  1568  8613 I LSPosed-Bridge: 	at com.android.server.am.ActivityManagerService.onTransact(ActivityManagerService.java:3346)

07-23 03:18:21.879  1568  8613 I LSPosed-Bridge: 	at android.os.Binder.execTransact(Binder.java:731)

07-23 03:18:21.880  1888  2016 I LSPosed-Bridge: 1888 PermLabel 1001 ContextImpl.checkPermission: pid = 12837; uid = 10117; permName: android.permission.ACCESS_COARSE_LOCATION; type = 1; res = -1; stacktrace=java.lang.Exception

07-23 03:18:21.880  1888  2016 I LSPosed-Bridge: 	at com.example.permlabel.requestPerm$2.afterHookedMethod(requestPerm.java:229)

07-23 03:18:21.880  1888  2016 I LSPosed-Bridge: 	at de.robv.android.xposed.XposedBridge$AdditionalHookInfo.callback(Unknown Source:147)

07-23 03:18:21.880  1888  2016 I LSPosed-Bridge: 	at LSPHooker_.checkPermission(Unknown Source:25)

07-23 03:18:21.880  1888  2016 I LSPosed-Bridge: 	at android.app.ContextImpl.enforcePermission(ContextImpl.java:1822)

07-23 03:18:21.880  1888  2016 I LSPosed-Bridge: 	at android.content.ContextWrapper.enforcePermission(ContextWrapper.java:765)

07-23 03:18:21.880  1888  2016 I LSPosed-Bridge: 	at android.content.ContextWrapper.enforcePermission(ContextWrapper.java:765)

07-23 03:18:21.880  1888  2016 I LSPosed-Bridge: 	at android.telephony.LocationAccessPolicy.canAccessCellLocation(LocationAccessPolicy.java:71)

07-23 03:18:21.880  1888  2016 I LSPosed-Bridge: 	at com.android.phone.PhoneInterfaceManager.getAllCellInfo(PhoneInterfaceManager.java:1808)

07-23 03:18:21.880  1888  2016 I LSPosed-Bridge: 	at com.android.internal.telephony.ITelephony$Stub.onTransact(ITelephony.java:936)

07-23 03:18:21.880  1888  2016 I LSPosed-Bridge: 	at android.os.Binder.execTransact(Binder.java:731)

07-23 03:18:21.880 12837 13054 I LSPosed-Bridge: 12837 PermLabel hookBinder_test 10117 interfaceBinder =com.android.internal.telephony.ITelephony; arg0 = 82; arg1 = android.os.Parcel@b77e067; arg2 = android.os.Parcel@75c3412; arg3 = 0; res = true; stacktrace=java.lang.Exception

07-23 03:18:21.880 12837 13054 I LSPosed-Bridge: 	at com.example.permlabel.hookBinder_test$1.afterHookedMethod(hookBinder_test.java:75)

07-23 03:18:21.880 12837 13054 I LSPosed-Bridge: 	at de.robv.android.xposed.XposedBridge$AdditionalHookInfo.callback(Unknown Source:147)

07-23 03:18:21.880 12837 13054 I LSPosed-Bridge: 	at LSPHooker_.transact(Unknown Source:28)

07-23 03:18:21.880 12837 13054 I LSPosed-Bridge: 	at com.android.internal.telephony.ITelephony$Stub$Proxy.getAllCellInfo(ITelephony.java:3940)

07-23 03:18:21.880 12837 13054 I LSPosed-Bridge: 	at android.telephony.TelephonyManager.getAllCellInfo(TelephonyManager.java:4406)

07-23 03:18:21.880 12837 13054 I LSPosed-Bridge: 	at java.lang.reflect.Method.invoke(Native Method)

07-23 03:18:21.880 12837 13054 I LSPosed-Bridge: 	at org.lsposed.lspd.nativebridge.HookBridge.invokeOriginalMethod(Native Method)

07-23 03:18:21.880 12837 13054 I LSPosed-Bridge: 	at de.robv.android.xposed.XposedBridge$AdditionalHookInfo.callback(Unknown Source:110)

07-23 03:18:21.880 12837 13054 I LSPosed-Bridge: 	at LSPHooker_.getAllCellInfo(Unknown Source:8)

07-23 03:18:21.880 12837 13054 I LSPosed-Bridge: 	at com.baidu.location.f.b.l(Unknown Source:26)

07-23 03:18:21.880 12837 13054 I LSPosed-Bridge: 	at com.baidu.location.f.b.k(Unknown Source:0)

07-23 03:18:21.880 12837 13054 I LSPosed-Bridge: 	at com.baidu.location.f.b.f(Unknown Source:22)

07-23 03:18:21.880 12837 13054 I LSPosed-Bridge: 	at com.baidu.location.b.l.k(Unknown Source:11)

07-23 03:18:21.880 12837 13054 I LSPosed-Bridge: 	at com.baidu.location.b.l.h(Unknown Source:427)

07-23 03:18:21.880 12837 13054 I LSPosed-Bridge: 	at com.baidu.location.b.l.g(Unknown Source:30)

07-23 03:18:21.880 12837 13054 I LSPosed-Bridge: 	at com.baidu.location.b.l.d(Unknown Source:21)

07-23 03:18:21.880 12837 13054 I LSPosed-Bridge: 	at com.baidu.location.b.l.c(Unknown Source:95)

07-23 03:18:21.880 12837 13054 I LSPosed-Bridge: 	at com.baidu.location.b.l.b(Unknown Source:5)

07-23 03:18:21.880 12837 13054 I LSPosed-Bridge: 	at com.baidu.location.g.a$a.handleMessage(Unknown Source:164)

07-23 03:18:21.880 12837 13054 I LSPosed-Bridge: 	at android.os.Handler.dispatchMessage(Handler.java:106)

07-23 03:18:21.880 12837 13054 I LSPosed-Bridge: 	at android.os.Looper.loop(Looper.java:193)

07-23 03:18:21.880 12837 13054 I LSPosed-Bridge: 	at android.os.HandlerThread.run(HandlerThread.java:65)

07-23 03:18:21.880 12837 13054 I LSPosed-Bridge: 12837 PermLabel 10117; permName: android.permission.ACCESS_COARSE_LOCATION; getAllCellInfo res = null; stacktrace=java.lang.Exception

07-23 03:18:21.880 12837 13054 I LSPosed-Bridge: 	at com.example.permlabel.hookLocationExtra_test$4.afterHookedMethod(hookLocationExtra_test.java:86)

07-23 03:18:21.880 12837 13054 I LSPosed-Bridge: 	at de.robv.android.xposed.XposedBridge$AdditionalHookInfo.callback(Unknown Source:147)

07-23 03:18:21.880 12837 13054 I LSPosed-Bridge: 	at LSPHooker_.getAllCellInfo(Unknown Source:8)

07-23 03:18:21.880 12837 13054 I LSPosed-Bridge: 	at com.baidu.location.f.b.l(Unknown Source:26)

07-23 03:18:21.880 12837 13054 I LSPosed-Bridge: 	at com.baidu.location.f.b.k(Unknown Source:0)

07-23 03:18:21.880 12837 13054 I LSPosed-Bridge: 	at com.baidu.location.f.b.f(Unknown Source:22)

07-23 03:18:21.880 12837 13054 I LSPosed-Bridge: 	at com.baidu.location.b.l.k(Unknown Source:11)

07-23 03:18:21.880 12837 13054 I LSPosed-Bridge: 	at com.baidu.location.b.l.h(Unknown Source:427)

07-23 03:18:21.880 12837 13054 I LSPosed-Bridge: 	at com.baidu.location.b.l.g(Unknown Source:30)

07-23 03:18:21.880 12837 13054 I LSPosed-Bridge: 	at com.baidu.location.b.l.d(Unknown Source:21)

07-23 03:18:21.880 12837 13054 I LSPosed-Bridge: 	at com.baidu.location.b.l.c(Unknown Source:95)

07-23 03:18:21.880 12837 13054 I LSPosed-Bridge: 	at com.baidu.location.b.l.b(Unknown Source:5)

07-23 03:18:21.880 12837 13054 I LSPosed-Bridge: 	at com.baidu.location.g.a$a.handleMessage(Unknown Source:164)

07-23 03:18:21.880 12837 13054 I LSPosed-Bridge: 	at android.os.Handler.dispatchMessage(Handler.java:106)

07-23 03:18:21.880 12837 13054 I LSPosed-Bridge: 	at android.os.Looper.loop(Looper.java:193)

07-23 03:18:21.880 12837 13054 I LSPosed-Bridge: 	at android.os.HandlerThread.run(HandlerThread.java:65)

07-23 03:18:21.883  1568  8613 I LSPosed-Bridge: 12837 PermLabel 10117 AMS.checkPermission: Binder.getCallingPid() = 1888; uid = 10117; Binder.getCallingUid() = 1001; getNameForUid: android.uid.phone:1001; getPackagesForUid: [com.qualcomm.qti.uim, com.qualcomm.qti.networksetting, com.android.mms.service, com.android.providers.telephony, com.qualcomm.simcontacts, com.qualcomm.qti.autoregistration, com.qualcomm.qti.telephonyservice, com.qti.qualcomm.deviceinfo, com.qti.xdivert, com.android.stk, org.codeaurora.ims, com.qti.qualcomm.datastatusnotification, com.qti.confuridialer, com.qualcomm.qti.lpa, com.qualcomm.qcrilmsgtunnel, com.qualcomm.qti.ims, com.qualcomm.qti.callfeaturessetting, com.android.phone]; permName: android.permission.ACCESS_COARSE_LOCATION; type = 1; res = -1; stacktrace=java.lang.Exception

07-23 03:18:21.883  1568  8613 I LSPosed-Bridge: 	at com.example.permlabel.requirePerm$1$2.afterHookedMethod(requirePerm.java:150)

07-23 03:18:21.883  1568  8613 I LSPosed-Bridge: 	at de.robv.android.xposed.XposedBridge$AdditionalHookInfo.callback(Unknown Source:147)

07-23 03:18:21.883  1568  8613 I LSPosed-Bridge: 	at LSPHooker_.checkPermission(Unknown Source:25)

07-23 03:18:21.883  1568  8613 I LSPosed-Bridge: 	at android.app.IActivityManager$Stub.onTransact(IActivityManager.java:664)

07-23 03:18:21.883  1568  8613 I LSPosed-Bridge: 	at com.android.server.am.ActivityManagerService.onTransact(ActivityManagerService.java:3346)

07-23 03:18:21.883  1568  8613 I LSPosed-Bridge: 	at android.os.Binder.execTransact(Binder.java:731)

07-23 03:18:21.883  1888  2016 I LSPosed-Bridge: 1888 PermLabel 1001 ContextImpl.checkPermission: pid = 12837; uid = 10117; permName: android.permission.ACCESS_COARSE_LOCATION; type = 1; res = -1; stacktrace=java.lang.Exception

07-23 03:18:21.883  1888  2016 I LSPosed-Bridge: 	at com.example.permlabel.requestPerm$2.afterHookedMethod(requestPerm.java:229)

07-23 03:18:21.883  1888  2016 I LSPosed-Bridge: 	at de.robv.android.xposed.XposedBridge$AdditionalHookInfo.callback(Unknown Source:147)

07-23 03:18:21.883  1888  2016 I LSPosed-Bridge: 	at LSPHooker_.checkPermission(Unknown Source:25)

07-23 03:18:21.883  1888  2016 I LSPosed-Bridge: 	at android.app.ContextImpl.enforcePermission(ContextImpl.java:1822)

07-23 03:18:21.883  1888  2016 I LSPosed-Bridge: 	at android.content.ContextWrapper.enforcePermission(ContextWrapper.java:765)

07-23 03:18:21.883  1888  2016 I LSPosed-Bridge: 	at android.content.ContextWrapper.enforcePermission(ContextWrapper.java:765)

07-23 03:18:21.883  1888  2016 I LSPosed-Bridge: 	at android.telephony.LocationAccessPolicy.canAccessCellLocation(LocationAccessPolicy.java:71)

07-23 03:18:21.883  1888  2016 I LSPosed-Bridge: 	at com.android.phone.PhoneInterfaceManager.getCellLocation(PhoneInterfaceManager.java:1696)

07-23 03:18:21.883  1888  2016 I LSPosed-Bridge: 	at com.android.internal.telephony.ITelephony$Stub.onTransact(ITelephony.java:465)

07-23 03:18:21.883  1888  2016 I LSPosed-Bridge: 	at android.os.Binder.execTransact(Binder.java:731)

07-23 03:18:21.884 12837 13054 I LSPosed-Bridge: 12837 PermLabel hookBinder_test 10117 interfaceBinder =com.android.internal.telephony.ITelephony; arg0 = 41; arg1 = android.os.Parcel@b77e067; arg2 = android.os.Parcel@75c3412; arg3 = 0; res = true; stacktrace=java.lang.Exception

07-23 03:18:21.884 12837 13054 I LSPosed-Bridge: 	at com.example.permlabel.hookBinder_test$1.afterHookedMethod(hookBinder_test.java:75)

07-23 03:18:21.884 12837 13054 I LSPosed-Bridge: 	at de.robv.android.xposed.XposedBridge$AdditionalHookInfo.callback(Unknown Source:147)

07-23 03:18:21.884 12837 13054 I LSPosed-Bridge: 	at LSPHooker_.transact(Unknown Source:28)

07-23 03:18:21.884 12837 13054 I LSPosed-Bridge: 	at com.android.internal.telephony.ITelephony$Stub$Proxy.getCellLocation(ITelephony.java:3128)

07-23 03:18:21.884 12837 13054 I LSPosed-Bridge: 	at android.telephony.TelephonyManager.getCellLocation(TelephonyManager.java:1401)

07-23 03:18:21.884 12837 13054 I LSPosed-Bridge: 	at java.lang.reflect.Method.invoke(Native Method)

07-23 03:18:21.884 12837 13054 I LSPosed-Bridge: 	at org.lsposed.lspd.nativebridge.HookBridge.invokeOriginalMethod(Native Method)

07-23 03:18:21.884 12837 13054 I LSPosed-Bridge: 	at de.robv.android.xposed.XposedBridge$AdditionalHookInfo.callback(Unknown Source:110)

07-23 03:18:21.884 12837 13054 I LSPosed-Bridge: 	at LSPHooker_.getCellLocation(Unknown Source:8)

07-23 03:18:21.884 12837 13054 I LSPosed-Bridge: 	at com.baidu.location.f.b.k(Unknown Source:19)

07-23 03:18:21.884 12837 13054 I LSPosed-Bridge: 	at com.baidu.location.f.b.f(Unknown Source:22)

07-23 03:18:21.884 12837 13054 I LSPosed-Bridge: 	at com.baidu.location.b.l.k(Unknown Source:11)

07-23 03:18:21.884 12837 13054 I LSPosed-Bridge: 	at com.baidu.location.b.l.h(Unknown Source:427)

07-23 03:18:21.884 12837 13054 I LSPosed-Bridge: 	at com.baidu.location.b.l.g(Unknown Source:30)

07-23 03:18:21.884 12837 13054 I LSPosed-Bridge: 	at com.baidu.location.b.l.d(Unknown Source:21)

07-23 03:18:21.884 12837 13054 I LSPosed-Bridge: 	at com.baidu.location.b.l.c(Unknown Source:95)

07-23 03:18:21.884 12837 13054 I LSPosed-Bridge: 	at com.baidu.location.b.l.b(Unknown Source:5)

07-23 03:18:21.884 12837 13054 I LSPosed-Bridge: 	at com.baidu.location.g.a$a.handleMessage(Unknown Source:164)

07-23 03:18:21.884 12837 13054 I LSPosed-Bridge: 	at android.os.Handler.dispatchMessage(Handler.java:106)

07-23 03:18:21.884 12837 13054 I LSPosed-Bridge: 	at android.os.Looper.loop(Looper.java:193)

07-23 03:18:21.884 12837 13054 I LSPosed-Bridge: 	at android.os.HandlerThread.run(HandlerThread.java:65)

07-23 03:18:21.884 12837 13054 I LSPosed-Bridge: 12837 PermLabel 10117; permName: android.permission.ACCESS_COARSE_LOCATION; getCellLocation res = null; stacktrace=java.lang.Exception

07-23 03:18:21.884 12837 13054 I LSPosed-Bridge: 	at com.example.permlabel.hookLocationExtra_test$3.afterHookedMethod(hookLocationExtra_test.java:79)

07-23 03:18:21.884 12837 13054 I LSPosed-Bridge: 	at de.robv.android.xposed.XposedBridge$AdditionalHookInfo.callback(Unknown Source:147)

07-23 03:18:21.884 12837 13054 I LSPosed-Bridge: 	at LSPHooker_.getCellLocation(Unknown Source:8)

07-23 03:18:21.884 12837 13054 I LSPosed-Bridge: 	at com.baidu.location.f.b.k(Unknown Source:19)

07-23 03:18:21.884 12837 13054 I LSPosed-Bridge: 	at com.baidu.location.f.b.f(Unknown Source:22)

07-23 03:18:21.884 12837 13054 I LSPosed-Bridge: 	at com.baidu.location.b.l.k(Unknown Source:11)

07-23 03:18:21.884 12837 13054 I LSPosed-Bridge: 	at com.baidu.location.b.l.h(Unknown Source:427)

07-23 03:18:21.884 12837 13054 I LSPosed-Bridge: 	at com.baidu.location.b.l.g(Unknown Source:30)

07-23 03:18:21.884 12837 13054 I LSPosed-Bridge: 	at com.baidu.location.b.l.d(Unknown Source:21)

07-23 03:18:21.884 12837 13054 I LSPosed-Bridge: 	at com.baidu.location.b.l.c(Unknown Source:95)

07-23 03:18:21.884 12837 13054 I LSPosed-Bridge: 	at com.baidu.location.b.l.b(Unknown Source:5)

07-23 03:18:21.884 12837 13054 I LSPosed-Bridge: 	at com.baidu.location.g.a$a.handleMessage(Unknown Source:164)

07-23 03:18:21.884 12837 13054 I LSPosed-Bridge: 	at android.os.Handler.dispatchMessage(Handler.java:106)

07-23 03:18:21.884 12837 13054 I LSPosed-Bridge: 	at android.os.Looper.loop(Looper.java:193)

07-23 03:18:21.884 12837 13054 I LSPosed-Bridge: 	at android.os.HandlerThread.run(HandlerThread.java:65)

07-23 03:18:21.884  1568  8613 I LSPosed-Bridge: 12837 PermLabel 10117 AMS.checkPermission: Binder.getCallingPid() = 12837; uid = 10117; Binder.getCallingUid() = 10117; getNameForUid: com.lcworld.oasismedical; getPackagesForUid: [com.lcworld.oasismedical]; permName: android.permission.ACCESS_WIFI_STATE; type = 0; res = 0; stacktrace=java.lang.Exception

07-23 03:18:21.884  1568  8613 I LSPosed-Bridge: 	at com.example.permlabel.requirePerm$1$2.afterHookedMethod(requirePerm.java:144)

07-23 03:18:21.884  1568  8613 I LSPosed-Bridge: 	at de.robv.android.xposed.XposedBridge$AdditionalHookInfo.callback(Unknown Source:147)

07-23 03:18:21.884  1568  8613 I LSPosed-Bridge: 	at LSPHooker_.checkPermission(Unknown Source:25)

07-23 03:18:21.884  1568  8613 I LSPosed-Bridge: 	at android.app.ContextImpl.checkPermission(ContextImpl.java:1751)

07-23 03:18:21.884  1568  8613 I LSPosed-Bridge: 	at android.app.ContextImpl.checkCallingOrSelfPermission(ContextImpl.java:1791)

07-23 03:18:21.884  1568  8613 I LSPosed-Bridge: 	at android.app.ContextImpl.enforceCallingOrSelfPermission(ContextImpl.java:1841)

07-23 03:18:21.884  1568  8613 I LSPosed-Bridge: 	at com.android.server.wifi.WifiServiceImpl.enforceAccessPermission(WifiServiceImpl.java:795)

07-23 03:18:21.884  1568  8613 I LSPosed-Bridge: 	at com.android.server.wifi.WifiServiceImpl.getScanResults(WifiServiceImpl.java:2169)

07-23 03:18:21.884  1568  8613 I LSPosed-Bridge: 	at android.net.wifi.IWifiManager$Stub.onTransact(IWifiManager.java:304)

07-23 03:18:21.884  1568  8613 I LSPosed-Bridge: 	at android.os.Binder.execTransact(Binder.java:731)

07-23 03:18:25.476  1568  9909 I LSPosed-Bridge: 12837 PermLabel 10117 AMS.checkPermission: Binder.getCallingPid() = 1888; uid = 10117; Binder.getCallingUid() = 1001; getNameForUid: android.uid.phone:1001; getPackagesForUid: [com.qualcomm.qti.uim, com.qualcomm.qti.networksetting, com.android.mms.service, com.android.providers.telephony, com.qualcomm.simcontacts, com.qualcomm.qti.autoregistration, com.qualcomm.qti.telephonyservice, com.qti.qualcomm.deviceinfo, com.qti.xdivert, com.android.stk, org.codeaurora.ims, com.qti.qualcomm.datastatusnotification, com.qti.confuridialer, com.qualcomm.qti.lpa, com.qualcomm.qcrilmsgtunnel, com.qualcomm.qti.ims, com.qualcomm.qti.callfeaturessetting, com.android.phone]; permName: android.permission.ACCESS_COARSE_LOCATION; type = 1; res = -1; stacktrace=java.lang.Exception

07-23 03:18:25.476  1568  9909 I LSPosed-Bridge: 	at com.example.permlabel.requirePerm$1$2.afterHookedMethod(requirePerm.java:150)

07-23 03:18:25.476  1568  9909 I LSPosed-Bridge: 	at de.robv.android.xposed.XposedBridge$AdditionalHookInfo.callback(Unknown Source:147)

07-23 03:18:25.476  1568  9909 I LSPosed-Bridge: 	at LSPHooker_.checkPermission(Unknown Source:25)

07-23 03:18:25.476  1568  9909 I LSPosed-Bridge: 	at android.app.IActivityManager$Stub.onTransact(IActivityManager.java:664)

07-23 03:18:25.476  1568  9909 I LSPosed-Bridge: 	at com.android.server.am.ActivityManagerService.onTransact(ActivityManagerService.java:3346)

07-23 03:18:25.476  1568  9909 I LSPosed-Bridge: 	at android.os.Binder.execTransact(Binder.java:731)

07-23 03:18:25.480 12837 13054 I LSPosed-Bridge: 12837 PermLabel 10117; permName: android.permission.ACCESS_COARSE_LOCATION; getAllCellInfo res = null; stacktrace=java.lang.Exception

07-23 03:18:25.480 12837 13054 I LSPosed-Bridge: 	at com.example.permlabel.hookLocationExtra_test$4.afterHookedMethod(hookLocationExtra_test.java:86)

07-23 03:18:25.480 12837 13054 I LSPosed-Bridge: 	at de.robv.android.xposed.XposedBridge$AdditionalHookInfo.callback(Unknown Source:147)

07-23 03:18:25.480 12837 13054 I LSPosed-Bridge: 	at LSPHooker_.getAllCellInfo(Unknown Source:8)

07-23 03:18:25.480 12837 13054 I LSPosed-Bridge: 	at com.baidu.location.f.b.l(Unknown Source:26)

07-23 03:18:25.480 12837 13054 I LSPosed-Bridge: 	at com.baidu.location.f.b.k(Unknown Source:0)

07-23 03:18:25.480 12837 13054 I LSPosed-Bridge: 	at com.baidu.location.f.b.f(Unknown Source:22)

07-23 03:18:25.480 12837 13054 I LSPosed-Bridge: 	at com.baidu.location.b.l.a(Unknown Source:4)

07-23 03:18:25.480 12837 13054 I LSPosed-Bridge: 	at com.baidu.location.b.l.h(Unknown Source:66)

07-23 03:18:25.480 12837 13054 I LSPosed-Bridge: 	at com.baidu.location.b.l.b(Unknown Source:0)

07-23 03:18:25.480 12837 13054 I LSPosed-Bridge: 	at com.baidu.location.b.l$b.run(Unknown Source:31)

07-23 03:18:25.480 12837 13054 I LSPosed-Bridge: 	at android.os.Handler.handleCallback(Handler.java:873)

07-23 03:18:25.480 12837 13054 I LSPosed-Bridge: 	at android.os.Handler.dispatchMessage(Handler.java:99)

07-23 03:18:25.480 12837 13054 I LSPosed-Bridge: 	at android.os.Looper.loop(Looper.java:193)

07-23 03:18:25.480 12837 13054 I LSPosed-Bridge: 	at android.os.HandlerThread.run(HandlerThread.java:65)

07-23 03:18:25.485  1568  6384 I LSPosed-Bridge: 12837 PermLabel 10117 AMS.checkPermission: Binder.getCallingPid() = 1888; uid = 10117; Binder.getCallingUid() = 1001; getNameForUid: android.uid.phone:1001; getPackagesForUid: [com.qualcomm.qti.uim, com.qualcomm.qti.networksetting, com.android.mms.service, com.android.providers.telephony, com.qualcomm.simcontacts, com.qualcomm.qti.autoregistration, com.qualcomm.qti.telephonyservice, com.qti.qualcomm.deviceinfo, com.qti.xdivert, com.android.stk, org.codeaurora.ims, com.qti.qualcomm.datastatusnotification, com.qti.confuridialer, com.qualcomm.qti.lpa, com.qualcomm.qcrilmsgtunnel, com.qualcomm.qti.ims, com.qualcomm.qti.callfeaturessetting, com.android.phone]; permName: android.permission.ACCESS_COARSE_LOCATION; type = 1; res = -1; stacktrace=java.lang.Exception

07-23 03:18:25.485  1568  6384 I LSPosed-Bridge: 	at com.example.permlabel.requirePerm$1$2.afterHookedMethod(requirePerm.java:150)

07-23 03:18:25.485  1568  6384 I LSPosed-Bridge: 	at de.robv.android.xposed.XposedBridge$AdditionalHookInfo.callback(Unknown Source:147)

07-23 03:18:25.485  1568  6384 I LSPosed-Bridge: 	at LSPHooker_.checkPermission(Unknown Source:25)

07-23 03:18:25.485  1568  6384 I LSPosed-Bridge: 	at android.app.IActivityManager$Stub.onTransact(IActivityManager.java:664)

07-23 03:18:25.485  1568  6384 I LSPosed-Bridge: 	at com.android.server.am.ActivityManagerService.onTransact(ActivityManagerService.java:3346)

07-23 03:18:25.485  1568  6384 I LSPosed-Bridge: 	at android.os.Binder.execTransact(Binder.java:731)

07-23 03:18:25.489 12837 13054 I LSPosed-Bridge: 12837 PermLabel 10117; permName: android.permission.ACCESS_COARSE_LOCATION; getCellLocation res = null; stacktrace=java.lang.Exception

07-23 03:18:25.489 12837 13054 I LSPosed-Bridge: 	at com.example.permlabel.hookLocationExtra_test$3.afterHookedMethod(hookLocationExtra_test.java:79)

07-23 03:18:25.489 12837 13054 I LSPosed-Bridge: 	at de.robv.android.xposed.XposedBridge$AdditionalHookInfo.callback(Unknown Source:147)

07-23 03:18:25.489 12837 13054 I LSPosed-Bridge: 	at LSPHooker_.getCellLocation(Unknown Source:8)

07-23 03:18:25.489 12837 13054 I LSPosed-Bridge: 	at com.baidu.location.f.b.k(Unknown Source:19)

07-23 03:18:25.489 12837 13054 I LSPosed-Bridge: 	at com.baidu.location.f.b.f(Unknown Source:22)

07-23 03:18:25.489 12837 13054 I LSPosed-Bridge: 	at com.baidu.location.b.l.a(Unknown Source:4)

07-23 03:18:25.489 12837 13054 I LSPosed-Bridge: 	at com.baidu.location.b.l.h(Unknown Source:66)

07-23 03:18:25.489 12837 13054 I LSPosed-Bridge: 	at com.baidu.location.b.l.b(Unknown Source:0)

07-23 03:18:25.489 12837 13054 I LSPosed-Bridge: 	at com.baidu.location.b.l$b.run(Unknown Source:31)

07-23 03:18:25.489 12837 13054 I LSPosed-Bridge: 	at android.os.Handler.handleCallback(Handler.java:873)

07-23 03:18:25.489 12837 13054 I LSPosed-Bridge: 	at android.os.Handler.dispatchMessage(Handler.java:99)

07-23 03:18:25.489 12837 13054 I LSPosed-Bridge: 	at android.os.Looper.loop(Looper.java:193)

07-23 03:18:25.489 12837 13054 I LSPosed-Bridge: 	at android.os.HandlerThread.run(HandlerThread.java:65)

07-23 03:18:25.504  1568  6384 I LSPosed-Bridge: 12837 PermLabel 10117 AMS.checkPermission: Binder.getCallingPid() = 1888; uid = 10117; Binder.getCallingUid() = 1001; getNameForUid: android.uid.phone:1001; getPackagesForUid: [com.qualcomm.qti.uim, com.qualcomm.qti.networksetting, com.android.mms.service, com.android.providers.telephony, com.qualcomm.simcontacts, com.qualcomm.qti.autoregistration, com.qualcomm.qti.telephonyservice, com.qti.qualcomm.deviceinfo, com.qti.xdivert, com.android.stk, org.codeaurora.ims, com.qti.qualcomm.datastatusnotification, com.qti.confuridialer, com.qualcomm.qti.lpa, com.qualcomm.qcrilmsgtunnel, com.qualcomm.qti.ims, com.qualcomm.qti.callfeaturessetting, com.android.phone]; permName: android.permission.ACCESS_COARSE_LOCATION; type = 1; res = -1; stacktrace=java.lang.Exception

07-23 03:18:25.504  1568  6384 I LSPosed-Bridge: 	at com.example.permlabel.requirePerm$1$2.afterHookedMethod(requirePerm.java:150)

07-23 03:18:25.504  1568  6384 I LSPosed-Bridge: 	at de.robv.android.xposed.XposedBridge$AdditionalHookInfo.callback(Unknown Source:147)

07-23 03:18:25.504  1568  6384 I LSPosed-Bridge: 	at LSPHooker_.checkPermission(Unknown Source:25)

07-23 03:18:25.504  1568  6384 I LSPosed-Bridge: 	at android.app.IActivityManager$Stub.onTransact(IActivityManager.java:664)

07-23 03:18:25.504  1568  6384 I LSPosed-Bridge: 	at com.android.server.am.ActivityManagerService.onTransact(ActivityManagerService.java:3346)

07-23 03:18:25.504  1568  6384 I LSPosed-Bridge: 	at android.os.Binder.execTransact(Binder.java:731)

07-23 03:18:25.508 12837 13054 I LSPosed-Bridge: 12837 PermLabel 10117; permName: android.permission.ACCESS_COARSE_LOCATION; getAllCellInfo res = null; stacktrace=java.lang.Exception

07-23 03:18:25.508 12837 13054 I LSPosed-Bridge: 	at com.example.permlabel.hookLocationExtra_test$4.afterHookedMethod(hookLocationExtra_test.java:86)

07-23 03:18:25.508 12837 13054 I LSPosed-Bridge: 	at de.robv.android.xposed.XposedBridge$AdditionalHookInfo.callback(Unknown Source:147)

07-23 03:18:25.508 12837 13054 I LSPosed-Bridge: 	at LSPHooker_.getAllCellInfo(Unknown Source:8)

07-23 03:18:25.508 12837 13054 I LSPosed-Bridge: 	at com.baidu.location.f.b.l(Unknown Source:26)

07-23 03:18:25.508 12837 13054 I LSPosed-Bridge: 	at com.baidu.location.f.b.k(Unknown Source:0)

07-23 03:18:25.508 12837 13054 I LSPosed-Bridge: 	at com.baidu.location.f.b.f(Unknown Source:22)

07-23 03:18:25.508 12837 13054 I LSPosed-Bridge: 	at com.baidu.location.b.i.a(Unknown Source:42)

07-23 03:18:25.508 12837 13054 I LSPosed-Bridge: 	at com.baidu.location.b.l.h(Unknown Source:214)

07-23 03:18:25.508 12837 13054 I LSPosed-Bridge: 	at com.baidu.location.b.l.b(Unknown Source:0)

07-23 03:18:25.508 12837 13054 I LSPosed-Bridge: 	at com.baidu.location.b.l$b.run(Unknown Source:31)

07-23 03:18:25.508 12837 13054 I LSPosed-Bridge: 	at android.os.Handler.handleCallback(Handler.java:873)

07-23 03:18:25.508 12837 13054 I LSPosed-Bridge: 	at android.os.Handler.dispatchMessage(Handler.java:99)

07-23 03:18:25.508 12837 13054 I LSPosed-Bridge: 	at android.os.Looper.loop(Looper.java:193)

07-23 03:18:25.508 12837 13054 I LSPosed-Bridge: 	at android.os.HandlerThread.run(HandlerThread.java:65)

07-23 03:18:25.511  1568  6384 I LSPosed-Bridge: 12837 PermLabel 10117 AMS.checkPermission: Binder.getCallingPid() = 1888; uid = 10117; Binder.getCallingUid() = 1001; getNameForUid: android.uid.phone:1001; getPackagesForUid: [com.qualcomm.qti.uim, com.qualcomm.qti.networksetting, com.android.mms.service, com.android.providers.telephony, com.qualcomm.simcontacts, com.qualcomm.qti.autoregistration, com.qualcomm.qti.telephonyservice, com.qti.qualcomm.deviceinfo, com.qti.xdivert, com.android.stk, org.codeaurora.ims, com.qti.qualcomm.datastatusnotification, com.qti.confuridialer, com.qualcomm.qti.lpa, com.qualcomm.qcrilmsgtunnel, com.qualcomm.qti.ims, com.qualcomm.qti.callfeaturessetting, com.android.phone]; permName: android.permission.ACCESS_COARSE_LOCATION; type = 1; res = -1; stacktrace=java.lang.Exception

07-23 03:18:25.511  1568  6384 I LSPosed-Bridge: 	at com.example.permlabel.requirePerm$1$2.afterHookedMethod(requirePerm.java:150)

07-23 03:18:25.511  1568  6384 I LSPosed-Bridge: 	at de.robv.android.xposed.XposedBridge$AdditionalHookInfo.callback(Unknown Source:147)

07-23 03:18:25.511  1568  6384 I LSPosed-Bridge: 	at LSPHooker_.checkPermission(Unknown Source:25)

07-23 03:18:25.511  1568  6384 I LSPosed-Bridge: 	at android.app.IActivityManager$Stub.onTransact(IActivityManager.java:664)

07-23 03:18:25.511  1568  6384 I LSPosed-Bridge: 	at com.android.server.am.ActivityManagerService.onTransact(ActivityManagerService.java:3346)

07-23 03:18:25.511  1568  6384 I LSPosed-Bridge: 	at android.os.Binder.execTransact(Binder.java:731)

07-23 03:18:25.515 12837 13054 I LSPosed-Bridge: 12837 PermLabel 10117; permName: android.permission.ACCESS_COARSE_LOCATION; getCellLocation res = null; stacktrace=java.lang.Exception

07-23 03:18:25.515 12837 13054 I LSPosed-Bridge: 	at com.example.permlabel.hookLocationExtra_test$3.afterHookedMethod(hookLocationExtra_test.java:79)

07-23 03:18:25.515 12837 13054 I LSPosed-Bridge: 	at de.robv.android.xposed.XposedBridge$AdditionalHookInfo.callback(Unknown Source:147)

07-23 03:18:25.515 12837 13054 I LSPosed-Bridge: 	at LSPHooker_.getCellLocation(Unknown Source:8)

07-23 03:18:25.515 12837 13054 I LSPosed-Bridge: 	at com.baidu.location.f.b.k(Unknown Source:19)

07-23 03:18:25.515 12837 13054 I LSPosed-Bridge: 	at com.baidu.location.f.b.f(Unknown Source:22)

07-23 03:18:25.515 12837 13054 I LSPosed-Bridge: 	at com.baidu.location.b.i.a(Unknown Source:42)

07-23 03:18:25.515 12837 13054 I LSPosed-Bridge: 	at com.baidu.location.b.l.h(Unknown Source:214)

07-23 03:18:25.515 12837 13054 I LSPosed-Bridge: 	at com.baidu.location.b.l.b(Unknown Source:0)

07-23 03:18:25.515 12837 13054 I LSPosed-Bridge: 	at com.baidu.location.b.l$b.run(Unknown Source:31)

07-23 03:18:25.515 12837 13054 I LSPosed-Bridge: 	at android.os.Handler.handleCallback(Handler.java:873)

07-23 03:18:25.515 12837 13054 I LSPosed-Bridge: 	at android.os.Handler.dispatchMessage(Handler.java:99)

07-23 03:18:25.515 12837 13054 I LSPosed-Bridge: 	at android.os.Looper.loop(Looper.java:193)

07-23 03:18:25.515 12837 13054 I LSPosed-Bridge: 	at android.os.HandlerThread.run(HandlerThread.java:65)

07-23 03:18:25.515 12837 13054 W Settings: Setting airplane_mode_on has moved from android.provider.Settings.System to android.provider.Settings.Global, returning read-only value.

07-23 03:18:25.520 12837 13054 I LSPosed-Bridge: 12837 PermLabel 10117 ContextImpl.checkPermission: pid = 12837; uid = 10117; permName: android.permission.ACCESS_COARSE_LOCATION; type = 1; res = -1; stacktrace=java.lang.Exception

07-23 03:18:25.520 12837 13054 I LSPosed-Bridge: 	at com.example.permlabel.requestPerm$2.afterHookedMethod(requestPerm.java:229)

07-23 03:18:25.520 12837 13054 I LSPosed-Bridge: 	at de.robv.android.xposed.XposedBridge$AdditionalHookInfo.callback(Unknown Source:147)

07-23 03:18:25.520 12837 13054 I LSPosed-Bridge: 	at LSPHooker_.checkPermission(Unknown Source:25)

07-23 03:18:25.520 12837 13054 I LSPosed-Bridge: 	at android.content.ContextWrapper.checkPermission(ContextWrapper.java:738)

07-23 03:18:25.520 12837 13054 I LSPosed-Bridge: 	at com.baidu.location.h.k.a(Unknown Source:10)

07-23 03:18:25.520 12837 13054 I LSPosed-Bridge: 	at com.baidu.location.h.k.d(Unknown Source:2)

07-23 03:18:25.520 12837 13054 I LSPosed-Bridge: 	at com.baidu.location.b.l.l(Unknown Source:40)

07-23 03:18:25.520 12837 13054 I LSPosed-Bridge: 	at com.baidu.location.b.l.h(Unknown Source:231)

07-23 03:18:25.520 12837 13054 I LSPosed-Bridge: 	at com.baidu.location.b.l.b(Unknown Source:0)

07-23 03:18:25.520 12837 13054 I LSPosed-Bridge: 	at com.baidu.location.b.l$b.run(Unknown Source:31)

07-23 03:18:25.520 12837 13054 I LSPosed-Bridge: 	at android.os.Handler.handleCallback(Handler.java:873)

07-23 03:18:25.520 12837 13054 I LSPosed-Bridge: 	at android.os.Handler.dispatchMessage(Handler.java:99)

07-23 03:18:25.520 12837 13054 I LSPosed-Bridge: 	at android.os.Looper.loop(Looper.java:193)

07-23 03:18:25.520 12837 13054 I LSPosed-Bridge: 	at android.os.HandlerThread.run(HandlerThread.java:65)

07-23 03:18:25.573  1568  6384 I LSPosed-Bridge: 12837 PermLabel 10117 AMS.checkPermission: Binder.getCallingPid() = 1888; uid = 10117; Binder.getCallingUid() = 1001; getNameForUid: android.uid.phone:1001; getPackagesForUid: [com.qualcomm.qti.uim, com.qualcomm.qti.networksetting, com.android.mms.service, com.android.providers.telephony, com.qualcomm.simcontacts, com.qualcomm.qti.autoregistration, com.qualcomm.qti.telephonyservice, com.qti.qualcomm.deviceinfo, com.qti.xdivert, com.android.stk, org.codeaurora.ims, com.qti.qualcomm.datastatusnotification, com.qti.confuridialer, com.qualcomm.qti.lpa, com.qualcomm.qcrilmsgtunnel, com.qualcomm.qti.ims, com.qualcomm.qti.callfeaturessetting, com.android.phone]; permName: android.permission.ACCESS_COARSE_LOCATION; type = 1; res = -1; stacktrace=java.lang.Exception

07-23 03:18:25.573  1568  6384 I LSPosed-Bridge: 	at com.example.permlabel.requirePerm$1$2.afterHookedMethod(requirePerm.java:150)

07-23 03:18:25.573  1568  6384 I LSPosed-Bridge: 	at de.robv.android.xposed.XposedBridge$AdditionalHookInfo.callback(Unknown Source:147)

07-23 03:18:25.573  1568  6384 I LSPosed-Bridge: 	at LSPHooker_.checkPermission(Unknown Source:25)

07-23 03:18:25.573  1568  6384 I LSPosed-Bridge: 	at android.app.IActivityManager$Stub.onTransact(IActivityManager.java:664)

07-23 03:18:25.573  1568  6384 I LSPosed-Bridge: 	at com.android.server.am.ActivityManagerService.onTransact(ActivityManagerService.java:3346)

07-23 03:18:25.573  1568  6384 I LSPosed-Bridge: 	at android.os.Binder.execTransact(Binder.java:731)

07-23 03:18:25.576 12837 13054 I LSPosed-Bridge: 12837 PermLabel 10117; permName: android.permission.ACCESS_COARSE_LOCATION; getAllCellInfo res = null; stacktrace=java.lang.Exception

07-23 03:18:25.576 12837 13054 I LSPosed-Bridge: 	at com.example.permlabel.hookLocationExtra_test$4.afterHookedMethod(hookLocationExtra_test.java:86)

07-23 03:18:25.576 12837 13054 I LSPosed-Bridge: 	at de.robv.android.xposed.XposedBridge$AdditionalHookInfo.callback(Unknown Source:147)

07-23 03:18:25.576 12837 13054 I LSPosed-Bridge: 	at LSPHooker_.getAllCellInfo(Unknown Source:8)

07-23 03:18:25.576 12837 13054 I LSPosed-Bridge: 	at com.baidu.location.f.b.l(Unknown Source:26)

07-23 03:18:25.576 12837 13054 I LSPosed-Bridge: 	at com.baidu.location.f.b.k(Unknown Source:0)

07-23 03:18:25.576 12837 13054 I LSPosed-Bridge: 	at com.baidu.location.f.b.f(Unknown Source:22)

07-23 03:18:25.576 12837 13054 I LSPosed-Bridge: 	at com.baidu.location.b.l.k(Unknown Source:11)

07-23 03:18:25.576 12837 13054 I LSPosed-Bridge: 	at com.baidu.location.b.l.h(Unknown Source:427)

07-23 03:18:25.576 12837 13054 I LSPosed-Bridge: 	at com.baidu.location.b.l.b(Unknown Source:0)

07-23 03:18:25.576 12837 13054 I LSPosed-Bridge: 	at com.baidu.location.b.l$b.run(Unknown Source:31)

07-23 03:18:25.576 12837 13054 I LSPosed-Bridge: 	at android.os.Handler.handleCallback(Handler.java:873)

07-23 03:18:25.576 12837 13054 I LSPosed-Bridge: 	at android.os.Handler.dispatchMessage(Handler.java:99)

07-23 03:18:25.576 12837 13054 I LSPosed-Bridge: 	at android.os.Looper.loop(Looper.java:193)

07-23 03:18:25.576 12837 13054 I LSPosed-Bridge: 	at android.os.HandlerThread.run(HandlerThread.java:65)

07-23 03:18:25.580  1568  6384 I LSPosed-Bridge: 12837 PermLabel 10117 AMS.checkPermission: Binder.getCallingPid() = 1888; uid = 10117; Binder.getCallingUid() = 1001; getNameForUid: android.uid.phone:1001; getPackagesForUid: [com.qualcomm.qti.uim, com.qualcomm.qti.networksetting, com.android.mms.service, com.android.providers.telephony, com.qualcomm.simcontacts, com.qualcomm.qti.autoregistration, com.qualcomm.qti.telephonyservice, com.qti.qualcomm.deviceinfo, com.qti.xdivert, com.android.stk, org.codeaurora.ims, com.qti.qualcomm.datastatusnotification, com.qti.confuridialer, com.qualcomm.qti.lpa, com.qualcomm.qcrilmsgtunnel, com.qualcomm.qti.ims, com.qualcomm.qti.callfeaturessetting, com.android.phone]; permName: android.permission.ACCESS_COARSE_LOCATION; type = 1; res = -1; stacktrace=java.lang.Exception

07-23 03:18:25.580  1568  6384 I LSPosed-Bridge: 	at com.example.permlabel.requirePerm$1$2.afterHookedMethod(requirePerm.java:150)

07-23 03:18:25.580  1568  6384 I LSPosed-Bridge: 	at de.robv.android.xposed.XposedBridge$AdditionalHookInfo.callback(Unknown Source:147)

07-23 03:18:25.580  1568  6384 I LSPosed-Bridge: 	at LSPHooker_.checkPermission(Unknown Source:25)

07-23 03:18:25.580  1568  6384 I LSPosed-Bridge: 	at android.app.IActivityManager$Stub.onTransact(IActivityManager.java:664)

07-23 03:18:25.580  1568  6384 I LSPosed-Bridge: 	at com.android.server.am.ActivityManagerService.onTransact(ActivityManagerService.java:3346)

07-23 03:18:25.580  1568  6384 I LSPosed-Bridge: 	at android.os.Binder.execTransact(Binder.java:731)

