07-23 03:17:00.658  7405  7405 I LSPosed-Bridge: 	at android.app.ActivityThread.access$1100(ActivityThread.java:200)

07-23 03:17:00.658  7405  7405 I LSPosed-Bridge: 	at android.app.ActivityThread.access$1100(ActivityThread.java:200)

07-23 03:17:00.658  7405  7405 I LSPosed-Bridge: 	at android.app.ActivityThread$H.handleMessage(ActivityThread.java:1651)

07-23 03:17:00.658  7405  7405 I LSPosed-Bridge: 	at android.app.ActivityThread$H.handleMessage(ActivityThread.java:1651)

07-23 03:17:00.658  7405  7405 I LSPosed-Bridge: 	at android.os.Handler.dispatchMessage(Handler.java:106)

07-23 03:17:00.658  7405  7405 I LSPosed-Bridge: 	at android.os.Handler.dispatchMessage(Handler.java:106)

07-23 03:17:00.658  7405  7405 I LSPosed-Bridge: 	at android.os.Looper.loop(Looper.java:193)

07-23 03:17:00.658  7405  7405 I LSPosed-Bridge: 	at android.os.Looper.loop(Looper.java:193)

07-23 03:17:00.658  7405  7405 I LSPosed-Bridge: 	at android.app.ActivityThread.main(ActivityThread.java:6692)

07-23 03:17:00.658  7405  7405 I LSPosed-Bridge: 	at android.app.ActivityThread.main(ActivityThread.java:6692)

07-23 03:17:00.658  7405  7405 I LSPosed-Bridge: 	at java.lang.reflect.Method.invoke(Native Method)

07-23 03:17:00.658  7405  7405 I LSPosed-Bridge: 	at java.lang.reflect.Method.invoke(Native Method)

07-23 03:17:00.658  7405  7405 I LSPosed-Bridge: 	at com.android.internal.os.RuntimeInit$MethodAndArgsCaller.run(RuntimeInit.java:493)

07-23 03:17:00.658  7405  7405 I LSPosed-Bridge: 	at com.android.internal.os.RuntimeInit$MethodAndArgsCaller.run(RuntimeInit.java:493)

07-23 03:17:00.658  7405  7405 I LSPosed-Bridge: 	at com.android.internal.os.ZygoteInit.main(ZygoteInit.java:858)

07-23 03:17:00.658  7405  7405 I LSPosed-Bridge: 	at com.android.internal.os.ZygoteInit.main(ZygoteInit.java:858)

07-23 03:17:00.698  7405  7847 I LSPosed-Bridge: 7405 PermLabel permName: android.permission.READ_PHONE_STATE; getRunningAppProcesses =[android.app.ActivityManager$RunningAppProcessInfo@91bcfbd, android.app.ActivityManager$RunningAppProcessInfo@35139b2, android.app.ActivityManager$RunningAppProcessInfo@ad5fd03]; stacktrace=java.lang.Exception

07-23 03:17:00.698  7405  7847 I LSPosed-Bridge: 	at com.example.permlabel.hookBinder_test$2.afterHookedMethod(hookBinder_test.java:115)

07-23 03:17:00.698  7405  7847 I LSPosed-Bridge: 	at de.robv.android.xposed.XposedBridge$AdditionalHookInfo.callback(Unknown Source:147)

07-23 03:17:00.698  7405  7847 I LSPosed-Bridge: 	at LSPHooker_.getRunningAppProcesses(Unknown Source:8)

07-23 03:17:00.698  7405  7847 I LSPosed-Bridge: 	at com.comment.im.base.BaseApplication.getAppName(BaseApplication.java:1158)

07-23 03:17:00.698  7405  7847 I LSPosed-Bridge: 	at com.comment.im.base.BaseApplication.initIM(BaseApplication.java:406)

07-23 03:17:00.698  7405  7847 I LSPosed-Bridge: 	at com.comment.im.base.BaseApplication.access$000(BaseApplication.java:69)

07-23 03:17:00.698  7405  7847 I LSPosed-Bridge: 	at com.comment.im.base.BaseApplication$1.run(BaseApplication.java:126)

07-23 03:17:00.698  7405  7847 I LSPosed-Bridge: 	at java.lang.Thread.run(Thread.java:764)

07-23 03:17:00.698  7405  7847 I LSPosed-Bridge: 7405 PermLabel hookBinder_test 10117 interfaceBinder =android.content.pm.IPackageManager; arg0 = 13; arg1 = android.os.Parcel@953efe; arg2 = android.os.Parcel@f31665f; arg3 = 0; res = true; stacktrace=java.lang.Exception

07-23 03:17:00.698  7405  7847 I LSPosed-Bridge: 	at com.example.permlabel.hookBinder_test$1.afterHookedMethod(hookBinder_test.java:75)

07-23 03:17:00.698  7405  7847 I LSPosed-Bridge: 	at de.robv.android.xposed.XposedBridge$AdditionalHookInfo.callback(Unknown Source:147)

07-23 03:17:00.698  7405  7847 I LSPosed-Bridge: 	at LSPHooker_.transact(Unknown Source:28)

07-23 03:17:00.698  7405  7847 I LSPosed-Bridge: 	at android.content.pm.IPackageManager$Stub$Proxy.getApplicationInfo(IPackageManager.java:3104)

07-23 03:17:00.698  7405  7847 I LSPosed-Bridge: 	at android.app.ApplicationPackageManager.getApplicationInfoAsUser(ApplicationPackageManager.java:384)

07-23 03:17:00.698  7405  7847 I LSPosed-Bridge: 	at android.app.ApplicationPackageManager.getApplicationInfo(ApplicationPackageManager.java:377)

07-23 03:17:00.698  7405  7847 I LSPosed-Bridge: 	at com.comment.im.base.BaseApplication.getAppName(BaseApplication.java:1167)

07-23 03:17:00.698  7405  7847 I LSPosed-Bridge: 	at com.comment.im.base.BaseApplication.initIM(BaseApplication.java:406)

07-23 03:17:00.698  7405  7847 I LSPosed-Bridge: 	at com.comment.im.base.BaseApplication.access$000(BaseApplication.java:69)

07-23 03:17:00.698  7405  7847 I LSPosed-Bridge: 	at com.comment.im.base.BaseApplication$1.run(BaseApplication.java:126)

07-23 03:17:00.698  7405  7847 I LSPosed-Bridge: 	at java.lang.Thread.run(Thread.java:764)

07-23 03:17:00.727  7405  7844 I LSPosed-Bridge: 7405 PermLabel hookBinder_test 10117 interfaceBinder =android.content.pm.IPackageManager; arg0 = 9; arg1 = android.os.Parcel@5733126; arg2 = android.os.Parcel@268080b; arg3 = 0; res = true; stacktrace=java.lang.Exception

07-23 03:17:00.727  7405  7844 I LSPosed-Bridge: 	at com.example.permlabel.hookBinder_test$1.afterHookedMethod(hookBinder_test.java:75)

07-23 03:17:00.727  7405  7844 I LSPosed-Bridge: 	at de.robv.android.xposed.XposedBridge$AdditionalHookInfo.callback(Unknown Source:147)

07-23 03:17:00.727  7405  7844 I LSPosed-Bridge: 	at LSPHooker_.transact(Unknown Source:28)

07-23 03:17:00.727  7405  7844 I LSPosed-Bridge: 	at android.content.pm.IPackageManager$Stub$Proxy.getPermissionInfo(IPackageManager.java:3008)

07-23 03:17:00.727  7405  7844 I LSPosed-Bridge: 	at android.app.ApplicationPackageManager.getPermissionInfo(ApplicationPackageManager.java:306)

07-23 03:17:00.727  7405  7844 I LSPosed-Bridge: 	at com.example.permlabel.requestPerm$2.afterHookedMethod(requestPerm.java:195)

07-23 03:17:00.727  7405  7844 I LSPosed-Bridge: 	at de.robv.android.xposed.XposedBridge$AdditionalHookInfo.callback(Unknown Source:147)

07-23 03:17:00.727  7405  7844 I LSPosed-Bridge: 	at LSPHooker_.checkPermission(Unknown Source:25)

07-23 03:17:00.727  7405  7844 I LSPosed-Bridge: 	at android.app.ContextImpl.checkSelfPermission(ContextImpl.java:1801)

07-23 03:17:00.727  7405  7844 I LSPosed-Bridge: 	at android.content.ContextWrapper.checkSelfPermission(ContextWrapper.java:759)

07-23 03:17:00.727  7405  7844 I LSPosed-Bridge: 	at java.lang.reflect.Method.invoke(Native Method)

07-23 03:17:00.727  7405  7844 I LSPosed-Bridge: 	at com.efs.sdk.base.core.util.NetworkUtil.checkPermission(SourceFile:263)

07-23 03:17:00.727  7405  7844 I LSPosed-Bridge: 	at com.efs.sdk.base.core.util.NetworkUtil.getNetworkTypeUmeng(SourceFile:339)

07-23 03:17:00.727  7405  7844 I LSPosed-Bridge: 	at com.efs.sdk.base.core.controller.ControllerCenter.handleMessage(SourceFile:2106)

07-23 03:17:00.727  7405  7844 I LSPosed-Bridge: 	at android.os.Handler.dispatchMessage(Handler.java:102)

07-23 03:17:00.727  7405  7844 I LSPosed-Bridge: 	at android.os.Looper.loop(Looper.java:193)

07-23 03:17:00.727  7405  7844 I LSPosed-Bridge: 	at android.os.HandlerThread.run(HandlerThread.java:65)

07-23 03:17:00.727  7405  7844 I LSPosed-Bridge: 7405 PermLabel 10117 ContextImpl Binder.getCallingPid() = 7405; Binder.getCallingUid() = 10117; permName: android.permission.READ_PHONE_STATE; res = -1; stacktrace=java.lang.Exception

07-23 03:17:00.727  7405  7844 I LSPosed-Bridge: 	at com.example.permlabel.requestPerm$2.afterHookedMethod(requestPerm.java:205)

07-23 03:17:00.727  7405  7844 I LSPosed-Bridge: 	at de.robv.android.xposed.XposedBridge$AdditionalHookInfo.callback(Unknown Source:147)

07-23 03:17:00.727  7405  7844 I LSPosed-Bridge: 	at LSPHooker_.checkPermission(Unknown Source:25)

07-23 03:17:00.727  7405  7844 I LSPosed-Bridge: 	at android.app.ContextImpl.checkSelfPermission(ContextImpl.java:1801)

07-23 03:17:00.727  7405  7844 I LSPosed-Bridge: 	at android.content.ContextWrapper.checkSelfPermission(ContextWrapper.java:759)

07-23 03:17:00.727  7405  7844 I LSPosed-Bridge: 	at java.lang.reflect.Method.invoke(Native Method)

07-23 03:17:00.727  7405  7844 I LSPosed-Bridge: 	at com.efs.sdk.base.core.util.NetworkUtil.checkPermission(SourceFile:263)

07-23 03:17:00.727  7405  7844 I LSPosed-Bridge: 	at com.efs.sdk.base.core.util.NetworkUtil.getNetworkTypeUmeng(SourceFile:339)

07-23 03:17:00.727  7405  7844 I LSPosed-Bridge: 	at com.efs.sdk.base.core.controller.ControllerCenter.handleMessage(SourceFile:2106)

07-23 03:17:00.727  7405  7844 I LSPosed-Bridge: 	at android.os.Handler.dispatchMessage(Handler.java:102)

07-23 03:17:00.727  7405  7844 I LSPosed-Bridge: 	at android.os.Looper.loop(Looper.java:193)

07-23 03:17:00.727  7405  7844 I LSPosed-Bridge: 	at android.os.HandlerThread.run(HandlerThread.java:65)

07-23 03:17:00.728  7405  7844 I LSPosed-Bridge: 7405 PermLabel 10117 ContextImpl.checkPermission: pid = 7405; uid = 10117; permName: android.permission.READ_PHONE_STATE; type = 1; res = -1; stacktrace=java.lang.Exception

07-23 03:17:00.728  7405  7844 I LSPosed-Bridge: 	at com.example.permlabel.requestPerm$2.afterHookedMethod(requestPerm.java:229)

07-23 03:17:00.728  7405  7844 I LSPosed-Bridge: 	at de.robv.android.xposed.XposedBridge$AdditionalHookInfo.callback(Unknown Source:147)

07-23 03:17:00.728  7405  7844 I LSPosed-Bridge: 	at LSPHooker_.checkPermission(Unknown Source:25)

07-23 03:17:00.728  7405  7844 I LSPosed-Bridge: 	at android.app.ContextImpl.checkSelfPermission(ContextImpl.java:1801)

07-23 03:17:00.728  7405  7844 I LSPosed-Bridge: 	at android.content.ContextWrapper.checkSelfPermission(ContextWrapper.java:759)

07-23 03:17:00.728  7405  7844 I LSPosed-Bridge: 	at java.lang.reflect.Method.invoke(Native Method)

07-23 03:17:00.728  7405  7844 I LSPosed-Bridge: 	at com.efs.sdk.base.core.util.NetworkUtil.checkPermission(SourceFile:263)

07-23 03:17:00.728  7405  7844 I LSPosed-Bridge: 	at com.efs.sdk.base.core.util.NetworkUtil.getNetworkTypeUmeng(SourceFile:339)

07-23 03:17:00.728  7405  7844 I LSPosed-Bridge: 	at com.efs.sdk.base.core.controller.ControllerCenter.handleMessage(SourceFile:2106)

07-23 03:17:00.728  7405  7844 I LSPosed-Bridge: 	at android.os.Handler.dispatchMessage(Handler.java:102)

07-23 03:17:00.728  7405  7844 I LSPosed-Bridge: 	at android.os.Looper.loop(Looper.java:193)

07-23 03:17:00.728  7405  7844 I LSPosed-Bridge: 	at android.os.HandlerThread.run(HandlerThread.java:65)

07-23 03:17:00.728  7260  7851 W imsdk   : TIM: 156   2023-07-23 03:17:00.728/W/7260-7851       /Network     -imcore_helper.cpp.1826  nslookup                           /getaddrinfo failed: No address associated with hostname

07-23 03:17:00.744  7260  7816 E imsdk   : TIM: 166   2023-07-23 03:17:00.744/E/7260-7816       /Network     -socket.cpp.568  Connect                                    /socket connect failed|fd:118|error:101, Network is unreachable

07-23 03:17:00.744  7405  7405 I LSPosed-Bridge: 7405 PermLabel getRunningAppProcesses =android.app.ActivityManager$RunningAppProcessInfo@c977912

07-23 03:17:00.744  7405  7405 I LSPosed-Bridge: 7405 PermLabel getRunningAppProcesses processName: com.lcworld.oasismedical:remote pid: 7405

07-23 03:17:00.744  7405  7405 I LSPosed-Bridge: 7405 PermLabel getRunningAppProcesses importance: 125 pid: 7405

07-23 03:17:00.744  7405  7405 I LSPosed-Bridge: 7405 PermLabel getRunningAppProcesses packageName com.lcworld.oasismedical at index 0 in process 7405

07-23 03:17:00.744  7405  7405 I LSPosed-Bridge: 7405 PermLabel getRunningAppProcesses =android.app.ActivityManager$RunningAppProcessInfo@94e38e3

07-23 03:17:00.744  7405  7405 I LSPosed-Bridge: 7405 PermLabel getRunningAppProcesses processName: com.lcworld.oasismedical pid: 5659

07-23 03:17:00.744  7405  7405 I LSPosed-Bridge: 7405 PermLabel getRunningAppProcesses importance: 100 pid: 5659

07-23 03:17:00.744  7405  7405 I LSPosed-Bridge: 7405 PermLabel getRunningAppProcesses packageName com.lcworld.oasismedical at index 0 in process 5659

07-23 03:17:00.744  7405  7405 I LSPosed-Bridge: 7405 PermLabel getRunningAppProcesses =android.app.ActivityManager$RunningAppProcessInfo@e3592e0

07-23 03:17:00.744  7405  7405 I LSPosed-Bridge: 7405 PermLabel getRunningAppProcesses processName: com.lcworld.oasismedical:pushcore pid: 7260

07-23 03:17:00.744  7405  7405 I LSPosed-Bridge: 7405 PermLabel getRunningAppProcesses importance: 100 pid: 7260

07-23 03:17:00.744  7405  7405 I LSPosed-Bridge: 7405 PermLabel getRunningAppProcesses packageName com.lcworld.oasismedical at index 0 in process 7260

07-23 03:17:00.744  7405  7405 I LSPosed-Bridge: 7405 PermLabel permName: android.permission.READ_PHONE_STATE; getRunningAppProcesses =[android.app.ActivityManager$RunningAppProcessInfo@c977912, android.app.ActivityManager$RunningAppProcessInfo@94e38e3, android.app.ActivityManager$RunningAppProcessInfo@e3592e0]; stacktrace=java.lang.Exception

07-23 03:17:00.744  7405  7405 I LSPosed-Bridge: 	at com.example.permlabel.hookBinder_test$2.afterHookedMethod(hookBinder_test.java:115)

07-23 03:17:00.744  7405  7405 I LSPosed-Bridge: 	at de.robv.android.xposed.XposedBridge$AdditionalHookInfo.callback(Unknown Source:147)

07-23 03:17:00.744  7405  7405 I LSPosed-Bridge: 	at LSPHooker_.getRunningAppProcesses(Unknown Source:8)

07-23 03:17:00.744  7405  7405 I LSPosed-Bridge: 	at com.baidu.lbsapi.auth.LBSAuthManager.a(Unknown Source:12)

07-23 03:17:00.744  7405  7405 I LSPosed-Bridge: 	at com.baidu.lbsapi.auth.LBSAuthManager.e(Unknown Source:14)

07-23 03:17:00.744  7405  7405 I LSPosed-Bridge: 	at com.baidu.lbsapi.auth.LBSAuthManager.authenticate(Unknown Source:105)

07-23 03:17:00.744  7405  7405 I LSPosed-Bridge: 	at com.baidu.mapsdkplatform.comapi.util.PermissionCheck.permissionCheck(Unknown Source:25)

07-23 03:17:00.744  7405  7405 I LSPosed-Bridge: 	at com.baidu.mapsdkplatform.comapi.a.c(Unknown Source:36)

07-23 03:17:00.744  7405  7405 I LSPosed-Bridge: 	at com.baidu.mapsdkplatform.comapi.c.a(Unknown Source:28)

07-23 03:17:00.744  7405  7405 I LSPosed-Bridge: 	at com.baidu.mapapi.SDKInitializer.initialize(Unknown Source:2)

07-23 03:17:00.744  7405  7405 I LSPosed-Bridge: 	at com.lcworld.oasismedical.application.SoftApplication.initSDK(SoftApplication.java:343)

07-23 03:17:00.744  7405  7405 I LSPosed-Bridge: 	at com.lcworld.oasismedical.application.SoftApplication.onCreate(SoftApplication.java:219)

07-23 03:17:00.744  7405  7405 I LSPosed-Bridge: 	at com.stub.StubApp.onCreate(Unknown Source:73)

07-23 03:17:00.744  7405  7405 I LSPosed-Bridge: 	at android.app.Instrumentation.callApplicationOnCreate(Instrumentation.java:1155)

07-23 03:17:00.744  7405  7405 I LSPosed-Bridge: 	at android.app.ActivityThread.handleBindApplication(ActivityThread.java:5885)

07-23 03:17:00.744  7405  7405 I LSPosed-Bridge: 	at android.app.ActivityThread.access$1100(ActivityThread.java:200)

07-23 03:17:00.744  7405  7405 I LSPosed-Bridge: 	at android.app.ActivityThread$H.handleMessage(ActivityThread.java:1651)

07-23 03:17:00.744  7405  7405 I LSPosed-Bridge: 	at android.os.Handler.dispatchMessage(Handler.java:106)

07-23 03:17:00.744  7405  7405 I LSPosed-Bridge: 	at android.os.Looper.loop(Looper.java:193)

07-23 03:17:00.744  7405  7405 I LSPosed-Bridge: 	at android.app.ActivityThread.main(ActivityThread.java:6692)

07-23 03:17:00.744  7405  7405 I LSPosed-Bridge: 	at java.lang.reflect.Method.invoke(Native Method)

07-23 03:17:00.744  7405  7405 I LSPosed-Bridge: 	at com.android.internal.os.RuntimeInit$MethodAndArgsCaller.run(RuntimeInit.java:493)

07-23 03:17:00.744  7405  7405 I LSPosed-Bridge: 	at com.android.internal.os.ZygoteInit.main(ZygoteInit.java:858)

07-23 03:17:00.750  7405  7405 I LSPosed-Bridge: 7405 PermLabel getRunningAppProcesses =android.app.ActivityManager$RunningAppProcessInfo@d10fd0c

07-23 03:17:00.750  7405  7405 I LSPosed-Bridge: 7405 PermLabel getRunningAppProcesses processName: com.lcworld.oasismedical:remote pid: 7405

07-23 03:17:00.750  7405  7405 I LSPosed-Bridge: 7405 PermLabel getRunningAppProcesses importance: 125 pid: 7405

07-23 03:17:00.750  7405  7405 I LSPosed-Bridge: 7405 PermLabel getRunningAppProcesses packageName com.lcworld.oasismedical at index 0 in process 7405

07-23 03:17:00.750  7405  7405 I LSPosed-Bridge: 7405 PermLabel getRunningAppProcesses =android.app.ActivityManager$RunningAppProcessInfo@9d9655

07-23 03:17:00.750  7405  7405 I LSPosed-Bridge: 7405 PermLabel getRunningAppProcesses processName: com.lcworld.oasismedical pid: 5659

07-23 03:17:00.750  7405  7405 I LSPosed-Bridge: 7405 PermLabel getRunningAppProcesses importance: 100 pid: 5659

07-23 03:17:00.750  7260  7816 E imsdk   : TIM: 170   2023-07-23 03:17:00.750/E/7260-7816       /Network     -socket.cpp.568  Connect                                    /socket connect failed|fd:120|error:101, Network is unreachable

07-23 03:17:00.750  7405  7405 I LSPosed-Bridge: 7405 PermLabel getRunningAppProcesses packageName com.lcworld.oasismedical at index 0 in process 5659

07-23 03:17:00.750  7405  7405 I LSPosed-Bridge: 7405 PermLabel getRunningAppProcesses =android.app.ActivityManager$RunningAppProcessInfo@1a5186a

07-23 03:17:00.750  7405  7405 I LSPosed-Bridge: 7405 PermLabel getRunningAppProcesses processName: com.lcworld.oasismedical:pushcore pid: 7260

07-23 03:17:00.750  7405  7405 I LSPosed-Bridge: 7405 PermLabel getRunningAppProcesses importance: 100 pid: 7260

07-23 03:17:00.750  7405  7405 I LSPosed-Bridge: 7405 PermLabel getRunningAppProcesses packageName com.lcworld.oasismedical at index 0 in process 7260

07-23 03:17:00.750  7260  7816 I imsdk   : TIM: 171   2023-07-23 03:17:00.750/I/7260-7816       /Network     -channel.cpp.327  Connect                                   /channel connect|channel id:40|ip:101.226.233.199:80

07-23 03:17:00.750  7405  7405 I LSPosed-Bridge: 7405 PermLabel permName: android.permission.READ_PHONE_STATE; getRunningAppProcesses =[android.app.ActivityManager$RunningAppProcessInfo@d10fd0c, android.app.ActivityManager$RunningAppProcessInfo@9d9655, android.app.ActivityManager$RunningAppProcessInfo@1a5186a]; stacktrace=java.lang.Exception

07-23 03:17:00.750  7405  7405 I LSPosed-Bridge: 	at com.example.permlabel.hookBinder_test$2.afterHookedMethod(hookBinder_test.java:115)

07-23 03:17:00.750  7405  7405 I LSPosed-Bridge: 	at de.robv.android.xposed.XposedBridge$AdditionalHookInfo.callback(Unknown Source:147)

07-23 03:17:00.750  7405  7405 I LSPosed-Bridge: 	at LSPHooker_.getRunningAppProcesses(Unknown Source:8)

07-23 03:17:00.750  7405  7405 I LSPosed-Bridge: 	at com.baidu.lbsapi.auth.LBSAuthManager.a(Unknown Source:12)

07-23 03:17:00.750  7405  7405 I LSPosed-Bridge: 	at com.baidu.lbsapi.auth.LBSAuthManager.c(Unknown Source:14)

07-23 03:17:00.750  7405  7405 I LSPosed-Bridge: 	at com.baidu.lbsapi.auth.LBSAuthManager.authenticate(Unknown Source:155)

07-23 03:17:00.750  7405  7405 I LSPosed-Bridge: 	at com.baidu.mapsdkplatform.comapi.util.PermissionCheck.permissionCheck(Unknown Source:25)

07-23 03:17:00.750  7405  7405 I LSPosed-Bridge: 	at com.baidu.mapsdkplatform.comapi.a.c(Unknown Source:36)

07-23 03:17:00.750  7405  7405 I LSPosed-Bridge: 	at com.baidu.mapsdkplatform.comapi.c.a(Unknown Source:28)

07-23 03:17:00.750  7405  7405 I LSPosed-Bridge: 	at com.baidu.mapapi.SDKInitializer.initialize(Unknown Source:2)

07-23 03:17:00.750  7405  7405 I LSPosed-Bridge: 	at com.lcworld.oasismedical.application.SoftApplication.initSDK(SoftApplication.java:343)

07-23 03:17:00.750  7405  7405 I LSPosed-Bridge: 	at com.lcworld.oasismedical.application.SoftApplication.onCreate(SoftApplication.java:219)

07-23 03:17:00.750  7405  7405 I LSPosed-Bridge: 	at com.stub.StubApp.onCreate(Unknown Source:73)

07-23 03:17:00.750  7405  7405 I LSPosed-Bridge: 	at android.app.Instrumentation.callApplicationOnCreate(Instrumentation.java:1155)

07-23 03:17:00.750  7405  7405 I LSPosed-Bridge: 	at android.app.ActivityThread.handleBindApplication(ActivityThread.java:5885)

07-23 03:17:00.750  7405  7405 I LSPosed-Bridge: 	at android.app.ActivityThread.access$1100(ActivityThread.java:200)

07-23 03:17:00.750  7405  7405 I LSPosed-Bridge: 	at android.app.ActivityThread$H.handleMessage(ActivityThread.java:1651)

07-23 03:17:00.750  7405  7405 I LSPosed-Bridge: 	at android.os.Handler.dispatchMessage(Handler.java:106)

07-23 03:17:00.750  7405  7405 I LSPosed-Bridge: 	at android.os.Looper.loop(Looper.java:193)

07-23 03:17:00.750  7405  7405 I LSPosed-Bridge: 	at android.app.ActivityThread.main(ActivityThread.java:6692)

07-23 03:17:00.750  7405  7405 I LSPosed-Bridge: 	at java.lang.reflect.Method.invoke(Native Method)

07-23 03:17:00.750  7405  7405 I LSPosed-Bridge: 	at com.android.internal.os.RuntimeInit$MethodAndArgsCaller.run(RuntimeInit.java:493)

07-23 03:17:00.750  7405  7405 I LSPosed-Bridge: 	at com.android.internal.os.ZygoteInit.main(ZygoteInit.java:858)

07-23 03:17:00.769  7260  7816 E imsdk   : TIM: 205   2023-07-23 03:17:00.769/E/7260-7816       /Network     -socket.cpp.568  Connect                                    /socket connect failed|fd:119|error:101, Network is unreachable

07-23 03:17:00.769  7405  7853 I LSPosed-Bridge: 7405 PermLabel hookBinder_test 10117 interfaceBinder =android.app.IActivityManager; arg0 = 81; arg1 = android.os.Parcel@268080b; arg2 = android.os.Parcel@5733126; arg3 = 0; res = true; stacktrace=java.lang.Exception

07-23 03:17:00.769  7405  7853 I LSPosed-Bridge: 	at com.example.permlabel.hookBinder_test$1.afterHookedMethod(hookBinder_test.java:75)

07-23 03:17:00.769  7405  7853 I LSPosed-Bridge: 	at de.robv.android.xposed.XposedBridge$AdditionalHookInfo.callback(Unknown Source:147)

07-23 03:17:00.769  7405  7853 I LSPosed-Bridge: 	at LSPHooker_.transact(Unknown Source:28)

07-23 03:17:00.769  7405  7853 I LSPosed-Bridge: 	at android.app.IActivityManager$Stub$Proxy.getRunningAppProcesses(IActivityManager.java:5366)

07-23 03:17:00.769  7405  7853 I LSPosed-Bridge: 	at android.app.ActivityManager.getRunningAppProcesses(ActivityManager.java:3435)

07-23 03:17:00.769  7405  7853 I LSPosed-Bridge: 	at java.lang.reflect.Method.invoke(Native Method)

07-23 03:17:00.769  7405  7853 I LSPosed-Bridge: 	at org.lsposed.lspd.nativebridge.HookBridge.invokeOriginalMethod(Native Method)

07-23 03:17:00.769  7405  7853 I LSPosed-Bridge: 	at de.robv.android.xposed.XposedBridge$AdditionalHookInfo.callback(Unknown Source:110)

07-23 03:17:00.769  7405  7853 I LSPosed-Bridge: 	at LSPHooker_.getRunningAppProcesses(Unknown Source:8)

07-23 03:17:00.769  7405  7853 I LSPosed-Bridge: 	at com.baidu.lbsapi.auth.LBSAuthManager.a(Unknown Source:12)

07-23 03:17:00.769  7405  7853 I LSPosed-Bridge: 	at com.baidu.lbsapi.auth.LBSAuthManager.e(Unknown Source:14)

07-23 03:17:00.769  7405  7853 I LSPosed-Bridge: 	at com.baidu.lbsapi.auth.LBSAuthManager.b(Unknown Source:8)

07-23 03:17:00.769  7405  7853 I LSPosed-Bridge: 	at com.baidu.lbsapi.auth.LBSAuthManager.a(Unknown Source:0)

07-23 03:17:00.769  7405  7853 I LSPosed-Bridge: 	at com.baidu.lbsapi.auth.j.run(Unknown Source:35)

07-23 03:17:00.769  7405  7853 I LSPosed-Bridge: 	at android.os.Handler.handleCallback(Handler.java:873)

07-23 03:17:00.769  7405  7853 I LSPosed-Bridge: 	at android.os.Handler.dispatchMessage(Handler.java:99)

07-23 03:17:00.769  7405  7853 I LSPosed-Bridge: 	at android.os.Looper.loop(Looper.java:193)

07-23 03:17:00.769  7405  7853 I LSPosed-Bridge: 	at com.baidu.lbsapi.auth.m.run(Unknown Source:19)

07-23 03:17:00.769  7260  7816 I imsdk   : TIM: 206   2023-07-23 03:17:00.769/I/7260-7816       /Network     -channel.cpp.327  Connect                                   /channel connect|channel id:47|ip:223.167.154.46:80

07-23 03:17:00.769  7405  7853 I LSPosed-Bridge: 7405 PermLabel getRunningAppProcesses =android.app.ActivityManager$RunningAppProcessInfo@9c33b0d

07-23 03:17:00.769  7405  7853 I LSPosed-Bridge: 7405 PermLabel getRunningAppProcesses processName: com.lcworld.oasismedical:remote pid: 7405

07-23 03:17:00.769  7405  7853 I LSPosed-Bridge: 7405 PermLabel getRunningAppProcesses importance: 125 pid: 7405

07-23 03:17:00.769  7405  7853 I LSPosed-Bridge: 7405 PermLabel getRunningAppProcesses packageName com.lcworld.oasismedical at index 0 in process 7405

07-23 03:17:00.769  7405  7853 I LSPosed-Bridge: 7405 PermLabel getRunningAppProcesses =android.app.ActivityManager$RunningAppProcessInfo@eaf20d3

07-23 03:17:00.769  7405  7853 I LSPosed-Bridge: 7405 PermLabel getRunningAppProcesses processName: com.lcworld.oasismedical pid: 5659

07-23 03:17:00.769  7405  7853 I LSPosed-Bridge: 7405 PermLabel getRunningAppProcesses importance: 100 pid: 5659

07-23 03:17:00.769  7405  7853 I LSPosed-Bridge: 7405 PermLabel getRunningAppProcesses packageName com.lcworld.oasismedical at index 0 in process 5659

07-23 03:17:00.769  7405  7853 I LSPosed-Bridge: 7405 PermLabel getRunningAppProcesses =android.app.ActivityManager$RunningAppProcessInfo@2c37410

07-23 03:17:00.769  7405  7853 I LSPosed-Bridge: 7405 PermLabel getRunningAppProcesses processName: com.lcworld.oasismedical:pushcore pid: 7260

07-23 03:17:00.769  7405  7853 I LSPosed-Bridge: 7405 PermLabel getRunningAppProcesses importance: 100 pid: 7260

07-23 03:17:00.769  7405  7853 I LSPosed-Bridge: 7405 PermLabel getRunningAppProcesses packageName com.lcworld.oasismedical at index 0 in process 7260

07-23 03:17:00.769  7405  7405 I LSPosed-Bridge: 7405 PermLabel hookBinder_test 10117 interfaceBinder =android.content.pm.IPackageManager; arg0 = 5; arg1 = android.os.Parcel@953efe; arg2 = android.os.Parcel@c40f6e8; arg3 = 0; res = true; stacktrace=java.lang.Exception

07-23 03:17:00.769  7405  7405 I LSPosed-Bridge: 	at com.example.permlabel.hookBinder_test$1.afterHookedMethod(hookBinder_test.java:75)

07-23 03:17:00.769  7405  7405 I LSPosed-Bridge: 	at de.robv.android.xposed.XposedBridge$AdditionalHookInfo.callback(Unknown Source:147)

07-23 03:17:00.769  7405  7405 I LSPosed-Bridge: 	at LSPHooker_.transact(Unknown Source:28)

07-23 03:17:00.769  7405  7405 I LSPosed-Bridge: 	at android.content.pm.IPackageManager$Stub$Proxy.getPackageUid(IPackageManager.java:2932)

07-23 03:17:00.769  7405  7405 I LSPosed-Bridge: 	at android.os.storage.StorageManager.getVolumeList(StorageManager.java:1164)

07-23 03:17:00.769  7405  7405 I LSPosed-Bridge: 	at android.os.storage.StorageManager.getVolumeList(StorageManager.java:1143)

07-23 03:17:00.769  7405  7405 I LSPosed-Bridge: 	at android.os.storage.StorageManager.getStorageVolume(StorageManager.java:1047)

07-23 03:17:00.769  7405  7405 I LSPosed-Bridge: 	at android.os.storage.StorageManager.getVolumeState(StorageManager.java:1086)

07-23 03:17:00.769  7405  7405 I LSPosed-Bridge: 	at java.lang.reflect.Method.invoke(Native Method)

07-23 03:17:00.769  7405  7405 I LSPosed-Bridge: 	at com.baidu.mapsdkplatform.comapi.util.h.c(Unknown Source:112)

07-23 03:17:00.769  7405  7405 I LSPosed-Bridge: 	at com.baidu.mapsdkplatform.comapi.util.h.a(Unknown Source:14)

07-23 03:17:00.769  7405  7405 I LSPosed-Bridge: 	at com.baidu.mapapi.common.EnvironmentUtilities.initAppDirectory(Unknown Source:10)

07-23 03:17:00.769  7405  7405 I LSPosed-Bridge: 	at com.baidu.mapsdkplatform.comapi.c.a(Unknown Source:53)

07-23 03:17:00.769  7405  7405 I LSPosed-Bridge: 	at com.baidu.mapapi.SDKInitializer.initialize(Unknown Source:2)

07-23 03:17:00.769  7405  7405 I LSPosed-Bridge: 	at com.lcworld.oasismedical.application.SoftApplication.initSDK(SoftApplication.java:343)

07-23 03:17:00.769  7405  7405 I LSPosed-Bridge: 	at com.lcworld.oasismedical.application.SoftApplication.onCreate(SoftApplication.java:219)

07-23 03:17:00.769  7405  7405 I LSPosed-Bridge: 	at com.stub.StubApp.onCreate(Unknown Source:73)

07-23 03:17:00.769  7405  7405 I LSPosed-Bridge: 	at android.app.Instrumentation.callApplicationOnCreate(Instrumentation.java:1155)

07-23 03:17:00.769  7405  7405 I LSPosed-Bridge: 	at android.app.ActivityThread.handleBindApplication(ActivityThread.java:5885)

07-23 03:17:00.769  7405  7405 I LSPosed-Bridge: 	at android.app.ActivityThread.access$1100(ActivityThread.java:200)

07-23 03:17:00.769  7405  7405 I LSPosed-Bridge: 	at android.app.ActivityThread$H.handleMessage(ActivityThread.java:1651)

07-23 03:17:00.769  7405  7405 I LSPosed-Bridge: 	at android.os.Handler.dispatchMessage(Handler.java:106)

07-23 03:17:00.769  7405  7405 I LSPosed-Bridge: 	at android.os.Looper.loop(Looper.java:193)

07-23 03:17:00.769  7405  7405 I LSPosed-Bridge: 	at android.app.ActivityThread.main(ActivityThread.java:6692)

07-23 03:17:00.769  7405  7405 I LSPosed-Bridge: 	at java.lang.reflect.Method.invoke(Native Method)

07-23 03:17:00.769  7405  7405 I LSPosed-Bridge: 	at com.android.internal.os.RuntimeInit$MethodAndArgsCaller.run(RuntimeInit.java:493)

07-23 03:17:00.769  7405  7405 I LSPosed-Bridge: 	at com.android.internal.os.ZygoteInit.main(ZygoteInit.java:858)

07-23 03:17:00.769  7405  7853 I LSPosed-Bridge: 7405 PermLabel permName: android.permission.READ_PHONE_STATE; getRunningAppProcesses =[android.app.ActivityManager$RunningAppProcessInfo@9c33b0d, android.app.ActivityManager$RunningAppProcessInfo@eaf20d3, android.app.ActivityManager$RunningAppProcessInfo@2c37410]; stacktrace=java.lang.Exception

07-23 03:17:00.769  7405  7853 I LSPosed-Bridge: 	at com.example.permlabel.hookBinder_test$2.afterHookedMethod(hookBinder_test.java:115)

07-23 03:17:00.769  7405  7853 I LSPosed-Bridge: 	at de.robv.android.xposed.XposedBridge$AdditionalHookInfo.callback(Unknown Source:147)

07-23 03:17:00.769  7405  7853 I LSPosed-Bridge: 	at LSPHooker_.getRunningAppProcesses(Unknown Source:8)

07-23 03:17:00.769  7405  7853 I LSPosed-Bridge: 	at com.baidu.lbsapi.auth.LBSAuthManager.a(Unknown Source:12)

07-23 03:17:00.769  7405  7853 I LSPosed-Bridge: 	at com.baidu.lbsapi.auth.LBSAuthManager.e(Unknown Source:14)

07-23 03:17:00.769  7405  7853 I LSPosed-Bridge: 	at com.baidu.lbsapi.auth.LBSAuthManager.b(Unknown Source:8)

07-23 03:17:00.769  7405  7853 I LSPosed-Bridge: 	at com.baidu.lbsapi.auth.LBSAuthManager.a(Unknown Source:0)

07-23 03:17:00.769  7405  7853 I LSPosed-Bridge: 	at com.baidu.lbsapi.auth.j.run(Unknown Source:35)

07-23 03:17:00.769  7405  7853 I LSPosed-Bridge: 	at android.os.Handler.handleCallback(Handler.java:873)

07-23 03:17:00.769  7405  7853 I LSPosed-Bridge: 	at android.os.Handler.dispatchMessage(Handler.java:99)

07-23 03:17:00.769  7405  7853 I LSPosed-Bridge: 	at android.os.Looper.loop(Looper.java:193)

07-23 03:17:00.769  7405  7853 I LSPosed-Bridge: 	at com.baidu.lbsapi.auth.m.run(Unknown Source:19)

07-23 03:17:00.800  7405  7865 I LSPosed-Bridge: 7405 PermLabel getRunningAppProcesses =android.app.ActivityManager$RunningAppProcessInfo@e40140

07-23 03:17:00.800  7405  7865 I LSPosed-Bridge: 7405 PermLabel getRunningAppProcesses processName: com.lcworld.oasismedical pid: 5659

07-23 03:17:00.800  7405  7865 I LSPosed-Bridge: 7405 PermLabel getRunningAppProcesses importance: 100 pid: 5659

07-23 03:17:00.800  7405  7865 I LSPosed-Bridge: 7405 PermLabel getRunningAppProcesses packageName com.lcworld.oasismedical at index 0 in process 5659

07-23 03:17:00.800  7405  7865 I LSPosed-Bridge: 7405 PermLabel getRunningAppProcesses =android.app.ActivityManager$RunningAppProcessInfo@f63879

07-23 03:17:00.800  7405  7865 I LSPosed-Bridge: 7405 PermLabel getRunningAppProcesses processName: com.lcworld.oasismedical:pushcore pid: 7260

07-23 03:17:00.800  7405  7865 I LSPosed-Bridge: 7405 PermLabel getRunningAppProcesses importance: 100 pid: 7260

07-23 03:17:00.800  7405  7865 I LSPosed-Bridge: 7405 PermLabel getRunningAppProcesses packageName com.lcworld.oasismedical at index 0 in process 7260

07-23 03:17:00.800  7405  7865 I LSPosed-Bridge: 7405 PermLabel permName: android.permission.READ_PHONE_STATE; getRunningAppProcesses =[android.app.ActivityManager$RunningAppProcessInfo@ad1e4c3, android.app.ActivityManager$RunningAppProcessInfo@e40140, android.app.ActivityManager$RunningAppProcessInfo@f63879]; stacktrace=java.lang.Exception

07-23 03:17:00.800  7405  7865 I LSPosed-Bridge: 	at com.example.permlabel.hookBinder_test$2.afterHookedMethod(hookBinder_test.java:115)

07-23 03:17:00.800  7405  7865 I LSPosed-Bridge: 	at de.robv.android.xposed.XposedBridge$AdditionalHookInfo.callback(Unknown Source:147)

07-23 03:17:00.800  7405  7865 I LSPosed-Bridge: 	at LSPHooker_.getRunningAppProcesses(Unknown Source:8)

07-23 03:17:00.800  7405  7865 I LSPosed-Bridge: 	at com.baidu.lbsapi.auth.LBSAuthManager.a(Unknown Source:12)

07-23 03:17:00.800  7405  7865 I LSPosed-Bridge: 	at com.baidu.lbsapi.auth.LBSAuthManager.c(Unknown Source:14)

07-23 03:17:00.800  7405  7865 I LSPosed-Bridge: 	at com.baidu.lbsapi.auth.LBSAuthManager.a(Unknown Source:55)

07-23 03:17:00.800  7405  7865 I LSPosed-Bridge: 	at com.baidu.lbsapi.auth.LBSAuthManager.a(Unknown Source:0)

07-23 03:17:00.800  7405  7865 I LSPosed-Bridge: 	at com.baidu.lbsapi.auth.k.a(Unknown Source:4)

07-23 03:17:00.800  7405  7865 I LSPosed-Bridge: 	at com.baidu.lbsapi.auth.k.a(Unknown Source:2)

07-23 03:17:00.800  7405  7865 I LSPosed-Bridge: 	at com.baidu.lbsapi.auth.c.a(Unknown Source:44)

07-23 03:17:00.800  7405  7865 I LSPosed-Bridge: 	at com.baidu.lbsapi.auth.c.a(Unknown Source:0)

07-23 03:17:00.800  7405  7865 I LSPosed-Bridge: 	at com.baidu.lbsapi.auth.d.run(Unknown Source:55)

07-23 03:17:00.800  7405  7865 I LSPosed-Bridge: 	at java.lang.Thread.run(Thread.java:764)

07-23 03:17:00.806  7405  7405 I LSPosed-Bridge: 7405 PermLabel permName: android.permission.READ_PHONE_STATE; getRunningAppProcesses =[android.app.ActivityManager$RunningAppProcessInfo@9a7f16c, android.app.ActivityManager$RunningAppProcessInfo@d98e335, android.app.ActivityManager$RunningAppProcessInfo@f5113ca]; stacktrace=java.lang.Exception

07-23 03:17:00.806  7405  7405 I LSPosed-Bridge: 	at com.example.permlabel.hookBinder_test$2.afterHookedMethod(hookBinder_test.java:115)

07-23 03:17:00.806  7405  7405 I LSPosed-Bridge: 	at de.robv.android.xposed.XposedBridge$AdditionalHookInfo.callback(Unknown Source:147)

07-23 03:17:00.806  7405  7405 I LSPosed-Bridge: 	at LSPHooker_.getRunningAppProcesses(Unknown Source:8)

07-23 03:17:00.806  7405  7405 I LSPosed-Bridge: 	at com.comment.im.easeui.controller.EaseUI.getAppName(EaseUI.java:208)

07-23 03:17:00.806  7405  7405 I LSPosed-Bridge: 	at com.comment.im.easeui.controller.EaseUI.init(EaseUI.java:104)

07-23 03:17:00.806  7405  7405 I LSPosed-Bridge: 	at com.lcworld.oasismedical.im.DemoHelper.init(DemoHelper.java:206)

07-23 03:17:00.806  7405  7405 I LSPosed-Bridge: 	at com.lcworld.oasismedical.application.SoftApplication.initSDK(SoftApplication.java:348)

07-23 03:17:00.806  7405  7405 I LSPosed-Bridge: 	at com.lcworld.oasismedical.application.SoftApplication.onCreate(SoftApplication.java:219)

07-23 03:17:00.806  7405  7405 I LSPosed-Bridge: 	at com.stub.StubApp.onCreate(Unknown Source:73)

07-23 03:17:00.806  7405  7405 I LSPosed-Bridge: 	at android.app.Instrumentation.callApplicationOnCreate(Instrumentation.java:1155)

07-23 03:17:00.806  7405  7405 I LSPosed-Bridge: 	at android.app.ActivityThread.handleBindApplication(ActivityThread.java:5885)

07-23 03:17:00.806  7405  7405 I LSPosed-Bridge: 	at android.app.ActivityThread.access$1100(ActivityThread.java:200)

07-23 03:17:00.806  7405  7405 I LSPosed-Bridge: 	at android.app.ActivityThread$H.handleMessage(ActivityThread.java:1651)

07-23 03:17:00.806  7405  7405 I LSPosed-Bridge: 	at android.os.Handler.dispatchMessage(Handler.java:106)

07-23 03:17:00.806  7405  7405 I LSPosed-Bridge: 	at android.os.Looper.loop(Looper.java:193)

07-23 03:17:00.806  7405  7405 I LSPosed-Bridge: 	at android.app.ActivityThread.main(ActivityThread.java:6692)

07-23 03:17:00.806  7405  7405 I LSPosed-Bridge: 	at java.lang.reflect.Method.invoke(Native Method)

07-23 03:17:00.806  7405  7405 I LSPosed-Bridge: 	at com.android.internal.os.RuntimeInit$MethodAndArgsCaller.run(RuntimeInit.java:493)

07-23 03:17:00.806  7405  7405 I LSPosed-Bridge: 	at com.android.internal.os.ZygoteInit.main(ZygoteInit.java:858)

07-23 03:17:00.853  7405  7405 I LSPosed-Bridge: 7405 PermLabel hookBinder_test 10117 interfaceBinder =android.app.IActivityManager; arg0 = 81; arg1 = android.os.Parcel@953efe; arg2 = android.os.Parcel@268080b; arg3 = 0; res = true; stacktrace=java.lang.Exception

07-23 03:17:00.853  7405  7405 I LSPosed-Bridge: 	at com.example.permlabel.hookBinder_test$1.afterHookedMethod(hookBinder_test.java:75)

07-23 03:17:00.853  7405  7405 I LSPosed-Bridge: 	at de.robv.android.xposed.XposedBridge$AdditionalHookInfo.callback(Unknown Source:147)

07-23 03:17:00.853  7405  7405 I LSPosed-Bridge: 	at LSPHooker_.transact(Unknown Source:28)

07-23 03:17:00.853  7405  7405 I LSPosed-Bridge: 	at android.app.IActivityManager$Stub$Proxy.getRunningAppProcesses(IActivityManager.java:5366)

07-23 03:17:00.853  7405  7405 I LSPosed-Bridge: 	at android.app.ActivityManager.getRunningAppProcesses(ActivityManager.java:3435)

07-23 03:17:00.853  7405  7405 I LSPosed-Bridge: 	at java.lang.reflect.Method.invoke(Native Method)

07-23 03:17:00.853  7405  7405 I LSPosed-Bridge: 	at org.lsposed.lspd.nativebridge.HookBridge.invokeOriginalMethod(Native Method)

07-23 03:17:00.853  7405  7405 I LSPosed-Bridge: 	at de.robv.android.xposed.XposedBridge$AdditionalHookInfo.callback(Unknown Source:110)

07-23 03:17:00.853  7405  7405 I LSPosed-Bridge: 	at LSPHooker_.getRunningAppProcesses(Unknown Source:8)

07-23 03:17:00.853  7405  7405 I LSPosed-Bridge: 	at cn.jpush.android.z.a.c(Unknown Source:33)

07-23 03:17:00.853  7405  7405 I LSPosed-Bridge: 	at cn.jpush.android.local.JPushConstants.getMessageReceiverClass(Unknown Source:128)

07-23 03:17:00.853  7405  7405 I LSPosed-Bridge: 	at cn.jpush.android.z.a.g(Unknown Source:112)

07-23 03:17:00.853  7405  7405 I LSPosed-Bridge: 	at cn.jpush.android.api.JPushInterface.init(Unknown Source:37)

07-23 03:17:00.853  7405  7405 I LSPosed-Bridge: 	at com.lcworld.oasismedical.splash.SDKInitUtil.initJPush(SDKInitUtil.java:17)

07-23 03:17:00.853  7405  7405 I LSPosed-Bridge: 	at com.lcworld.oasismedical.application.SoftApplication.initSDK(SoftApplication.java:349)

07-23 03:17:00.853  7405  7405 I LSPosed-Bridge: 	at com.lcworld.oasismedical.application.SoftApplication.onCreate(SoftApplication.java:219)

07-23 03:17:00.853  7405  7405 I LSPosed-Bridge: 	at com.stub.StubApp.onCreate(Unknown Source:73)

07-23 03:17:00.853  7405  7405 I LSPosed-Bridge: 	at android.app.Instrumentation.callApplicationOnCreate(Instrumentation.java:1155)

07-23 03:17:00.853  7405  7405 I LSPosed-Bridge: 	at android.app.ActivityThread.handleBindApplication(ActivityThread.java:5885)

07-23 03:17:00.853  7405  7405 I LSPosed-Bridge: 	at android.app.ActivityThread.access$1100(ActivityThread.java:200)

07-23 03:17:00.853  7405  7405 I LSPosed-Bridge: 	at android.app.ActivityThread$H.handleMessage(ActivityThread.java:1651)

07-23 03:17:00.853  7405  7405 I LSPosed-Bridge: 	at android.os.Handler.dispatchMessage(Handler.java:106)

07-23 03:17:00.853  7405  7405 I LSPosed-Bridge: 	at android.os.Looper.loop(Looper.java:193)

07-23 03:17:00.853  7405  7405 I LSPosed-Bridge: 	at android.app.ActivityThread.main(ActivityThread.java:6692)

07-23 03:17:00.853  7405  7405 I LSPosed-Bridge: 	at java.lang.reflect.Method.invoke(Native Method)

07-23 03:17:00.853  7405  7405 I LSPosed-Bridge: 	at com.android.internal.os.RuntimeInit$MethodAndArgsCaller.run(RuntimeInit.java:493)

07-23 03:17:00.853  7405  7405 I LSPosed-Bridge: 	at com.android.internal.os.ZygoteInit.main(ZygoteInit.java:858)

07-23 03:17:00.853  7405  7405 I LSPosed-Bridge: 7405 PermLabel getRunningAppProcesses =android.app.ActivityManager$RunningAppProcessInfo@fe584b3

07-23 03:17:00.853  7405  7405 I LSPosed-Bridge: 7405 PermLabel getRunningAppProcesses processName: com.lcworld.oasismedical:remote pid: 7405

07-23 03:17:00.853  7405  7405 I LSPosed-Bridge: 7405 PermLabel getRunningAppProcesses importance: 125 pid: 7405

07-23 03:17:00.853  7405  7405 I LSPosed-Bridge: 7405 PermLabel getRunningAppProcesses packageName com.lcworld.oasismedical at index 0 in process 7405

07-23 03:17:00.853  7405  7405 I LSPosed-Bridge: 7405 PermLabel getRunningAppProcesses =android.app.ActivityManager$RunningAppProcessInfo@89a3a70

07-23 03:17:00.853  7405  7405 I LSPosed-Bridge: 7405 PermLabel getRunningAppProcesses processName: com.lcworld.oasismedical pid: 5659

07-23 03:17:00.853  7405  7405 I LSPosed-Bridge: 7405 PermLabel getRunningAppProcesses importance: 100 pid: 5659

07-23 03:17:00.853  7405  7405 I LSPosed-Bridge: 7405 PermLabel getRunningAppProcesses packageName com.lcworld.oasismedical at index 0 in process 5659

07-23 03:17:00.853  7405  7405 I LSPosed-Bridge: 7405 PermLabel getRunningAppProcesses =android.app.ActivityManager$RunningAppProcessInfo@a1931e9

07-23 03:17:00.853  7405  7405 I LSPosed-Bridge: 7405 PermLabel getRunningAppProcesses processName: com.lcworld.oasismedical:pushcore pid: 7260

07-23 03:17:00.853  7405  7405 I LSPosed-Bridge: 7405 PermLabel getRunningAppProcesses importance: 100 pid: 7260

07-23 03:17:00.853  7405  7405 I LSPosed-Bridge: 7405 PermLabel getRunningAppProcesses packageName com.lcworld.oasismedical at index 0 in process 7260

07-23 03:17:00.853  7405  7405 I LSPosed-Bridge: 7405 PermLabel permName: android.permission.READ_PHONE_STATE; getRunningAppProcesses =[android.app.ActivityManager$RunningAppProcessInfo@fe584b3, android.app.ActivityManager$RunningAppProcessInfo@89a3a70, android.app.ActivityManager$RunningAppProcessInfo@a1931e9]; stacktrace=java.lang.Exception

07-23 03:17:00.853  7405  7405 I LSPosed-Bridge: 	at com.example.permlabel.hookBinder_test$2.afterHookedMethod(hookBinder_test.java:115)

07-23 03:17:00.853  7405  7405 I LSPosed-Bridge: 	at de.robv.android.xposed.XposedBridge$AdditionalHookInfo.callback(Unknown Source:147)

07-23 03:17:00.853  7405  7405 I LSPosed-Bridge: 	at LSPHooker_.getRunningAppProcesses(Unknown Source:8)

07-23 03:17:00.853  7405  7405 I LSPosed-Bridge: 	at cn.jpush.android.z.a.c(Unknown Source:33)

07-23 03:17:00.853  7405  7405 I LSPosed-Bridge: 	at cn.jpush.android.local.JPushConstants.getMessageReceiverClass(Unknown Source:128)

07-23 03:17:00.853  7405  7405 I LSPosed-Bridge: 	at cn.jpush.android.z.a.g(Unknown Source:112)

07-23 03:17:00.853  7405  7405 I LSPosed-Bridge: 	at cn.jpush.android.api.JPushInterface.init(Unknown Source:37)

07-23 03:17:00.853  7405  7405 I LSPosed-Bridge: 	at com.lcworld.oasismedical.splash.SDKInitUtil.initJPush(SDKInitUtil.java:17)

07-23 03:17:00.853  7405  7405 I LSPosed-Bridge: 	at com.lcworld.oasismedical.application.SoftApplication.initSDK(SoftApplication.java:349)

07-23 03:17:00.853  7405  7405 I LSPosed-Bridge: 	at com.lcworld.oasismedical.application.SoftApplication.onCreate(SoftApplication.java:219)

07-23 03:17:00.853  7405  7405 I LSPosed-Bridge: 	at com.stub.StubApp.onCreate(Unknown Source:73)

07-23 03:17:00.853  7405  7405 I LSPosed-Bridge: 	at android.app.Instrumentation.callApplicationOnCreate(Instrumentation.java:1155)

07-23 03:17:00.853  7405  7405 I LSPosed-Bridge: 	at android.app.ActivityThread.handleBindApplication(ActivityThread.java:5885)

07-23 03:17:00.853  7405  7405 I LSPosed-Bridge: 	at android.app.ActivityThread.access$1100(ActivityThread.java:200)

07-23 03:17:00.853  7405  7405 I LSPosed-Bridge: 	at android.app.ActivityThread$H.handleMessage(ActivityThread.java:1651)

07-23 03:17:00.853  7405  7405 I LSPosed-Bridge: 	at android.os.Handler.dispatchMessage(Handler.java:106)

07-23 03:17:00.853  7405  7405 I LSPosed-Bridge: 	at android.os.Looper.loop(Looper.java:193)

07-23 03:17:00.853  7405  7405 I LSPosed-Bridge: 	at android.app.ActivityThread.main(ActivityThread.java:6692)

07-23 03:17:00.853  7405  7405 I LSPosed-Bridge: 	at java.lang.reflect.Method.invoke(Native Method)

07-23 03:17:00.853  7405  7405 I LSPosed-Bridge: 	at com.android.internal.os.RuntimeInit$MethodAndArgsCaller.run(RuntimeInit.java:493)

07-23 03:17:00.853  7405  7405 I LSPosed-Bridge: 	at com.android.internal.os.ZygoteInit.main(ZygoteInit.java:858)

07-23 03:17:00.860  7405  7405 I LSPosed-Bridge: 7405 PermLabel hookBinder_test 10117 interfaceBinder =android.app.IActivityManager; arg0 = 81; arg1 = android.os.Parcel@268080b; arg2 = android.os.Parcel@953efe; arg3 = 0; res = true; stacktrace=java.lang.Exception

07-23 03:17:00.860  7405  7405 I LSPosed-Bridge: 	at com.example.permlabel.hookBinder_test$1.afterHookedMethod(hookBinder_test.java:75)

07-23 03:17:00.860  7405  7405 I LSPosed-Bridge: 	at de.robv.android.xposed.XposedBridge$AdditionalHookInfo.callback(Unknown Source:147)

07-23 03:17:00.860  7405  7405 I LSPosed-Bridge: 	at LSPHooker_.transact(Unknown Source:28)

07-23 03:17:00.860  7405  7405 I LSPosed-Bridge: 	at android.app.IActivityManager$Stub$Proxy.getRunningAppProcesses(IActivityManager.java:5366)

07-23 03:17:00.860  7405  7405 I LSPosed-Bridge: 	at android.app.ActivityManager.getRunningAppProcesses(ActivityManager.java:3435)

07-23 03:17:00.860  7405  7405 I LSPosed-Bridge: 	at java.lang.reflect.Method.invoke(Native Method)

07-23 03:17:00.860  7405  7405 I LSPosed-Bridge: 	at org.lsposed.lspd.nativebridge.HookBridge.invokeOriginalMethod(Native Method)

07-23 03:17:00.860  7405  7405 I LSPosed-Bridge: 	at de.robv.android.xposed.XposedBridge$AdditionalHookInfo.callback(Unknown Source:110)

07-23 03:17:00.860  7405  7405 I LSPosed-Bridge: 	at LSPHooker_.getRunningAppProcesses(Unknown Source:8)

07-23 03:17:00.860  7405  7405 I LSPosed-Bridge: 	at cn.jiguang.f.a.a(Unknown Source:33)

07-23 03:17:00.860  7405  7405 I LSPosed-Bridge: 	at cn.jiguang.d.a.a(Unknown Source:17)

07-23 03:17:00.860  7405  7405 I LSPosed-Bridge: 	at cn.jiguang.api.JCoreManager.init(Unknown Source:26)

07-23 03:17:00.860  7405  7405 I LSPosed-Bridge: 	at cn.jiguang.api.JCoreManager.onEvent(Unknown Source:8)

07-23 03:17:00.860  7405  7405 I LSPosed-Bridge: 	at cn.jiguang.api.JCoreManager.onEvent(Unknown Source:70)

07-23 03:17:00.860  7405  7405 I LSPosed-Bridge: 	at cn.jpush.android.helper.JCoreHelper.runActionWithService(Unknown Source:8)

07-23 03:17:00.860  7405  7405 I LSPosed-Bridge: 	at cn.jpush.android.api.JPushInterface.init(Unknown Source:52)

07-23 03:17:00.860  7405  7405 I LSPosed-Bridge: 	at com.lcworld.oasismedical.splash.SDKInitUtil.initJPush(SDKInitUtil.java:17)

07-23 03:17:00.860  7405  7405 I LSPosed-Bridge: 	at com.lcworld.oasismedical.application.SoftApplication.initSDK(SoftApplication.java:349)

07-23 03:17:00.860  7405  7405 I LSPosed-Bridge: 	at com.lcworld.oasismedical.application.SoftApplication.onCreate(SoftApplication.java:219)

07-23 03:17:00.860  7405  7405 I LSPosed-Bridge: 	at com.stub.StubApp.onCreate(Unknown Source:73)

07-23 03:17:00.860  7405  7405 I LSPosed-Bridge: 	at android.app.Instrumentation.callApplicationOnCreate(Instrumentation.java:1155)

07-23 03:17:00.860  7405  7405 I LSPosed-Bridge: 	at android.app.ActivityThread.handleBindApplication(ActivityThread.java:5885)

07-23 03:17:00.860  7405  7405 I LSPosed-Bridge: 	at android.app.ActivityThread.access$1100(ActivityThread.java:200)

07-23 03:17:00.860  7405  7405 I LSPosed-Bridge: 	at android.app.ActivityThread$H.handleMessage(ActivityThread.java:1651)

07-23 03:17:00.860  7405  7405 I LSPosed-Bridge: 	at android.os.Handler.dispatchMessage(Handler.java:106)

07-23 03:17:00.860  7405  7405 I LSPosed-Bridge: 	at android.os.Looper.loop(Looper.java:193)

07-23 03:17:00.860  7405  7405 I LSPosed-Bridge: 	at android.app.ActivityThread.main(ActivityThread.java:6692)

07-23 03:17:00.860  7405  7405 I LSPosed-Bridge: 	at java.lang.reflect.Method.invoke(Native Method)

07-23 03:17:00.860  7405  7405 I LSPosed-Bridge: 	at com.android.internal.os.RuntimeInit$MethodAndArgsCaller.run(RuntimeInit.java:493)

07-23 03:17:00.860  7405  7405 I LSPosed-Bridge: 	at com.android.internal.os.ZygoteInit.main(ZygoteInit.java:858)

07-23 03:17:00.860  7405  7405 I LSPosed-Bridge: 7405 PermLabel getRunningAppProcesses =android.app.ActivityManager$RunningAppProcessInfo@a408d9c

07-23 03:17:00.860  7405  7405 I LSPosed-Bridge: 7405 PermLabel getRunningAppProcesses processName: com.lcworld.oasismedical:remote pid: 7405

07-23 03:17:00.860  7405  7405 I LSPosed-Bridge: 7405 PermLabel getRunningAppProcesses importance: 125 pid: 7405

07-23 03:17:00.860  7405  7405 I LSPosed-Bridge: 7405 PermLabel getRunningAppProcesses packageName com.lcworld.oasismedical at index 0 in process 7405

07-23 03:17:00.860  7405  7405 I LSPosed-Bridge: 7405 PermLabel getRunningAppProcesses =android.app.ActivityManager$RunningAppProcessInfo@b4a03a5

07-23 03:17:00.860  7405  7405 I LSPosed-Bridge: 7405 PermLabel getRunningAppProcesses processName: com.lcworld.oasismedical pid: 5659

07-23 03:17:00.860  7405  7405 I LSPosed-Bridge: 7405 PermLabel getRunningAppProcesses importance: 100 pid: 5659

07-23 03:17:00.860  7405  7405 I LSPosed-Bridge: 7405 PermLabel getRunningAppProcesses packageName com.lcworld.oasismedical at index 0 in process 5659

07-23 03:17:00.860  7405  7405 I LSPosed-Bridge: 7405 PermLabel getRunningAppProcesses =android.app.ActivityManager$RunningAppProcessInfo@23e037a

07-23 03:17:00.860  7405  7405 I LSPosed-Bridge: 7405 PermLabel getRunningAppProcesses processName: com.lcworld.oasismedical:pushcore pid: 7260

07-23 03:17:00.860  7405  7405 I LSPosed-Bridge: 7405 PermLabel getRunningAppProcesses importance: 100 pid: 7260

07-23 03:17:00.860  7405  7405 I LSPosed-Bridge: 7405 PermLabel getRunningAppProcesses packageName com.lcworld.oasismedical at index 0 in process 7260

07-23 03:17:00.860  7405  7405 I LSPosed-Bridge: 7405 PermLabel permName: android.permission.READ_PHONE_STATE; getRunningAppProcesses =[android.app.ActivityManager$RunningAppProcessInfo@a408d9c, android.app.ActivityManager$RunningAppProcessInfo@b4a03a5, android.app.ActivityManager$RunningAppProcessInfo@23e037a]; stacktrace=java.lang.Exception

