07-23 03:17:00.312  7260  7780 I LSPosed-Bridge: 7260 PermLabel permName: android.permission.READ_PHONE_STATE; getRunningAppProcesses =[android.app.ActivityManager$RunningAppProcessInfo@5cca8bb, android.app.ActivityManager$RunningAppProcessInfo@f2f01d8, android.app.ActivityManager$RunningAppProcessInfo@ea3c931]; stacktrace=java.lang.Exception

07-23 03:17:00.312  7260  7780 I LSPosed-Bridge: 	at com.example.permlabel.hookBinder_test$2.afterHookedMethod(hookBinder_test.java:115)

07-23 03:17:00.312  7260  7780 I LSPosed-Bridge: 	at de.robv.android.xposed.XposedBridge$AdditionalHookInfo.callback(Unknown Source:147)

07-23 03:17:00.312  7260  7780 I LSPosed-Bridge: 	at LSPHooker_.getRunningAppProcesses(Unknown Source:8)

07-23 03:17:00.312  7260  7780 I LSPosed-Bridge: 	at com.baidu.lbsapi.auth.LBSAuthManager.a(Unknown Source:12)

07-23 03:17:00.312  7260  7780 I LSPosed-Bridge: 	at com.baidu.lbsapi.auth.LBSAuthManager.e(Unknown Source:14)

07-23 03:17:00.312  7260  7780 I LSPosed-Bridge: 	at com.baidu.lbsapi.auth.LBSAuthManager.b(Unknown Source:8)

07-23 03:17:00.312  7260  7780 I LSPosed-Bridge: 	at com.baidu.lbsapi.auth.LBSAuthManager.a(Unknown Source:0)

07-23 03:17:00.312  7260  7780 I LSPosed-Bridge: 	at com.baidu.lbsapi.auth.j.run(Unknown Source:35)

07-23 03:17:00.312  7260  7780 I LSPosed-Bridge: 	at android.os.Handler.handleCallback(Handler.java:873)

07-23 03:17:00.312  7260  7780 I LSPosed-Bridge: 	at android.os.Handler.dispatchMessage(Handler.java:99)

07-23 03:17:00.312  7260  7780 I LSPosed-Bridge: 	at android.os.Looper.loop(Looper.java:193)

07-23 03:17:00.312  7260  7780 I LSPosed-Bridge: 	at com.baidu.lbsapi.auth.m.run(Unknown Source:19)

07-23 03:17:00.326  7260  7260 I LSPosed-Bridge: 7260 PermLabel getRunningAppProcesses =android.app.ActivityManager$RunningAppProcessInfo@1e97433

07-23 03:17:00.326  7260  7260 I LSPosed-Bridge: 7260 PermLabel getRunningAppProcesses processName: com.lcworld.oasismedical:remote pid: 7405

07-23 03:17:00.326  7260  7260 I LSPosed-Bridge: 7260 PermLabel getRunningAppProcesses importance: 125 pid: 7405

07-23 03:17:00.326  7260  7260 I LSPosed-Bridge: 7260 PermLabel getRunningAppProcesses packageName com.lcworld.oasismedical at index 0 in process 7405

07-23 03:17:00.326  7260  7260 I LSPosed-Bridge: 7260 PermLabel getRunningAppProcesses =android.app.ActivityManager$RunningAppProcessInfo@44033f0

07-23 03:17:00.326  7260  7260 I LSPosed-Bridge: 7260 PermLabel getRunningAppProcesses processName: com.lcworld.oasismedical pid: 5659

07-23 03:17:00.326  7260  7260 I LSPosed-Bridge: 7260 PermLabel getRunningAppProcesses importance: 100 pid: 5659

07-23 03:17:00.326  7260  7260 I LSPosed-Bridge: 7260 PermLabel getRunningAppProcesses packageName com.lcworld.oasismedical at index 0 in process 5659

07-23 03:17:00.326  7260  7260 I LSPosed-Bridge: 7260 PermLabel getRunningAppProcesses =android.app.ActivityManager$RunningAppProcessInfo@ac96d69

07-23 03:17:00.326  7260  7260 I LSPosed-Bridge: 7260 PermLabel getRunningAppProcesses processName: com.lcworld.oasismedical:pushcore pid: 7260

07-23 03:17:00.326  7260  7260 I LSPosed-Bridge: 7260 PermLabel getRunningAppProcesses importance: 125 pid: 7260

07-23 03:17:00.326  7260  7260 I LSPosed-Bridge: 7260 PermLabel getRunningAppProcesses packageName com.lcworld.oasismedical at index 0 in process 7260

07-23 03:17:00.326  7260  7260 I LSPosed-Bridge: 7260 PermLabel permName: android.permission.READ_PHONE_STATE; getRunningAppProcesses =[android.app.ActivityManager$RunningAppProcessInfo@1e97433, android.app.ActivityManager$RunningAppProcessInfo@44033f0, android.app.ActivityManager$RunningAppProcessInfo@ac96d69]; stacktrace=java.lang.Exception

07-23 03:17:00.326  7260  7260 I LSPosed-Bridge: 	at com.example.permlabel.hookBinder_test$2.afterHookedMethod(hookBinder_test.java:115)

07-23 03:17:00.326  7260  7260 I LSPosed-Bridge: 	at de.robv.android.xposed.XposedBridge$AdditionalHookInfo.callback(Unknown Source:147)

07-23 03:17:00.326  7260  7260 I LSPosed-Bridge: 	at LSPHooker_.getRunningAppProcesses(Unknown Source:8)

07-23 03:17:00.326  7260  7260 I LSPosed-Bridge: 	at com.zhuge.analysis.b.a.a(ActivityServicesUtils.java:4)

07-23 03:17:00.326  7260  7260 I LSPosed-Bridge: 	at com.zhuge.analysis.stat.e.c(ZGAppInfo.java:5)

07-23 03:17:00.326  7260  7260 I LSPosed-Bridge: 	at com.zhuge.analysis.stat.f.a(ZGCore.java:5)

07-23 03:17:00.326  7260  7260 I LSPosed-Bridge: 	at com.zhuge.analysis.stat.ZhugeSDK.init(ZhugeSDK.java:23)

07-23 03:17:00.326  7260  7260 I LSPosed-Bridge: 	at com.zhuge.analysis.stat.ZhugeSDK.initWithParam(ZhugeSDK.java:17)

07-23 03:17:00.326  7260  7260 I LSPosed-Bridge: 	at com.comment.oasismedical.statistics.ZhugeHelperBase.init(ZhugeHelperBase.java:46)

07-23 03:17:00.326  7260  7260 I LSPosed-Bridge: 	at com.lcworld.oasismedical.statistics.ZhugeHelper.init(ZhugeHelper.java:33)

07-23 03:17:00.326  7260  7260 I LSPosed-Bridge: 	at com.lcworld.oasismedical.application.SoftApplication.initSDK(SoftApplication.java:351)

07-23 03:17:00.326  7260  7260 I LSPosed-Bridge: 	at com.lcworld.oasismedical.application.SoftApplication.onCreate(SoftApplication.java:219)

07-23 03:17:00.326  7260  7260 I LSPosed-Bridge: 	at com.stub.StubApp.onCreate(Unknown Source:73)

07-23 03:17:00.326  7260  7260 I LSPosed-Bridge: 	at android.app.Instrumentation.callApplicationOnCreate(Instrumentation.java:1155)

07-23 03:17:00.326  7260  7260 I LSPosed-Bridge: 	at android.app.ActivityThread.handleBindApplication(ActivityThread.java:5885)

07-23 03:17:00.326  7260  7260 I LSPosed-Bridge: 	at android.app.ActivityThread.access$1100(ActivityThread.java:200)

07-23 03:17:00.326  7260  7260 I LSPosed-Bridge: 	at android.app.ActivityThread$H.handleMessage(ActivityThread.java:1651)

07-23 03:17:00.326  7260  7260 I LSPosed-Bridge: 	at android.os.Handler.dispatchMessage(Handler.java:106)

07-23 03:17:00.326  7260  7260 I LSPosed-Bridge: 	at android.os.Looper.loop(Looper.java:193)

07-23 03:17:00.326  7260  7260 I LSPosed-Bridge: 	at android.app.ActivityThread.main(ActivityThread.java:6692)

07-23 03:17:00.326  7260  7260 I LSPosed-Bridge: 	at java.lang.reflect.Method.invoke(Native Method)

07-23 03:17:00.326  7260  7260 I LSPosed-Bridge: 	at com.android.internal.os.RuntimeInit$MethodAndArgsCaller.run(RuntimeInit.java:493)

07-23 03:17:00.326  7260  7260 I LSPosed-Bridge: 	at com.android.internal.os.ZygoteInit.main(ZygoteInit.java:858)

07-23 03:17:00.329  7260  7780 I LSPosed-Bridge: 7260 PermLabel permName: android.permission.READ_PHONE_STATE; getRunningAppProcesses =[android.app.ActivityManager$RunningAppProcessInfo@9827725, android.app.ActivityManager$RunningAppProcessInfo@87830fa, android.app.ActivityManager$RunningAppProcessInfo@57536ab]; stacktrace=java.lang.Exception

07-23 03:17:00.329  7260  7780 I LSPosed-Bridge: 	at com.example.permlabel.hookBinder_test$2.afterHookedMethod(hookBinder_test.java:115)

07-23 03:17:00.329  7260  7780 I LSPosed-Bridge: 	at de.robv.android.xposed.XposedBridge$AdditionalHookInfo.callback(Unknown Source:147)

07-23 03:17:00.329  7260  7780 I LSPosed-Bridge: 	at LSPHooker_.getRunningAppProcesses(Unknown Source:8)

07-23 03:17:00.329  7260  7780 I LSPosed-Bridge: 	at com.baidu.lbsapi.auth.LBSAuthManager.a(Unknown Source:12)

07-23 03:17:00.329  7260  7780 I LSPosed-Bridge: 	at com.baidu.lbsapi.auth.LBSAuthManager.e(Unknown Source:14)

07-23 03:17:00.329  7260  7780 I LSPosed-Bridge: 	at com.baidu.lbsapi.auth.LBSAuthManager.b(Unknown Source:8)

07-23 03:17:00.329  7260  7780 I LSPosed-Bridge: 	at com.baidu.lbsapi.auth.LBSAuthManager.a(Unknown Source:0)

07-23 03:17:00.329  7260  7780 I LSPosed-Bridge: 	at com.baidu.lbsapi.auth.j.run(Unknown Source:66)

07-23 03:17:00.329  7260  7780 I LSPosed-Bridge: 	at android.os.Handler.handleCallback(Handler.java:873)

07-23 03:17:00.329  7260  7780 I LSPosed-Bridge: 	at android.os.Handler.dispatchMessage(Handler.java:99)

07-23 03:17:00.329  7260  7780 I LSPosed-Bridge: 	at android.os.Looper.loop(Looper.java:193)

07-23 03:17:00.329  7260  7780 I LSPosed-Bridge: 	at com.baidu.lbsapi.auth.m.run(Unknown Source:19)

07-23 03:17:00.351  7260  7797 I LSPosed-Bridge: 7260 PermLabel permName: android.permission.READ_PHONE_STATE; getRunningAppProcesses =[android.app.ActivityManager$RunningAppProcessInfo@239b411, android.app.ActivityManager$RunningAppProcessInfo@d950976, android.app.ActivityManager$RunningAppProcessInfo@89b2b77]; stacktrace=java.lang.Exception

07-23 03:17:00.351  7260  7797 I LSPosed-Bridge: 	at com.example.permlabel.hookBinder_test$2.afterHookedMethod(hookBinder_test.java:115)

07-23 03:17:00.351  7260  7797 I LSPosed-Bridge: 	at de.robv.android.xposed.XposedBridge$AdditionalHookInfo.callback(Unknown Source:147)

07-23 03:17:00.351  7260  7797 I LSPosed-Bridge: 	at LSPHooker_.getRunningAppProcesses(Unknown Source:8)

07-23 03:17:00.351  7260  7797 I LSPosed-Bridge: 	at com.baidu.lbsapi.auth.LBSAuthManager.a(Unknown Source:12)

07-23 03:17:00.351  7260  7797 I LSPosed-Bridge: 	at com.baidu.lbsapi.auth.LBSAuthManager.c(Unknown Source:14)

07-23 03:17:00.351  7260  7797 I LSPosed-Bridge: 	at com.baidu.lbsapi.auth.LBSAuthManager.a(Unknown Source:55)

07-23 03:17:00.351  7260  7797 I LSPosed-Bridge: 	at com.baidu.lbsapi.auth.LBSAuthManager.a(Unknown Source:0)

07-23 03:17:00.351  7260  7797 I LSPosed-Bridge: 	at com.baidu.lbsapi.auth.k.a(Unknown Source:4)

07-23 03:17:00.351  7260  7797 I LSPosed-Bridge: 	at com.baidu.lbsapi.auth.k.a(Unknown Source:2)

07-23 03:17:00.351  7260  7797 I LSPosed-Bridge: 	at com.baidu.lbsapi.auth.c.a(Unknown Source:44)

07-23 03:17:00.351  7260  7797 I LSPosed-Bridge: 	at com.baidu.lbsapi.auth.c.a(Unknown Source:0)

07-23 03:17:00.351  7260  7797 I LSPosed-Bridge: 	at com.baidu.lbsapi.auth.d.run(Unknown Source:55)

07-23 03:17:00.351  7260  7797 I LSPosed-Bridge: 	at java.lang.Thread.run(Thread.java:764)

07-23 03:17:00.556  7260  7260 I LSPosed-Bridge: 7260 PermLabel getRunningAppProcesses =android.app.ActivityManager$RunningAppProcessInfo@e1f0780

07-23 03:17:00.556  7260  7260 I LSPosed-Bridge: 7260 PermLabel getRunningAppProcesses processName: com.lcworld.oasismedical:remote pid: 7405

07-23 03:17:00.556  7260  7260 I LSPosed-Bridge: 7260 PermLabel getRunningAppProcesses importance: 125 pid: 7405

07-23 03:17:00.556  7260  7260 I LSPosed-Bridge: 7260 PermLabel getRunningAppProcesses packageName com.lcworld.oasismedical at index 0 in process 7405

07-23 03:17:00.556  7260  7260 I LSPosed-Bridge: 7260 PermLabel getRunningAppProcesses =android.app.ActivityManager$RunningAppProcessInfo@47f61b9

07-23 03:17:00.556  7260  7260 I LSPosed-Bridge: 7260 PermLabel getRunningAppProcesses processName: com.lcworld.oasismedical pid: 5659

07-23 03:17:00.556  7260  7260 I LSPosed-Bridge: 7260 PermLabel getRunningAppProcesses importance: 100 pid: 5659

07-23 03:17:00.556  7260  7260 I LSPosed-Bridge: 7260 PermLabel getRunningAppProcesses packageName com.lcworld.oasismedical at index 0 in process 5659

07-23 03:17:00.556  7260  7260 I LSPosed-Bridge: 7260 PermLabel getRunningAppProcesses =android.app.ActivityManager$RunningAppProcessInfo@81929fe

07-23 03:17:00.556  7260  7260 I LSPosed-Bridge: 7260 PermLabel getRunningAppProcesses processName: com.lcworld.oasismedical:pushcore pid: 7260

07-23 03:17:00.556  7260  7260 I LSPosed-Bridge: 7260 PermLabel getRunningAppProcesses importance: 125 pid: 7260

07-23 03:17:00.556  7260  7260 I LSPosed-Bridge: 7260 PermLabel getRunningAppProcesses packageName com.lcworld.oasismedical at index 0 in process 7260

07-23 03:17:00.556  7260  7260 I LSPosed-Bridge: 7260 PermLabel permName: android.permission.READ_PHONE_STATE; getRunningAppProcesses =[android.app.ActivityManager$RunningAppProcessInfo@e1f0780, android.app.ActivityManager$RunningAppProcessInfo@47f61b9, android.app.ActivityManager$RunningAppProcessInfo@81929fe]; stacktrace=java.lang.Exception

07-23 03:17:00.556  7260  7260 I LSPosed-Bridge: 	at com.example.permlabel.hookBinder_test$2.afterHookedMethod(hookBinder_test.java:115)

07-23 03:17:00.556  7260  7260 I LSPosed-Bridge: 	at de.robv.android.xposed.XposedBridge$AdditionalHookInfo.callback(Unknown Source:147)

07-23 03:17:00.556  7260  7260 I LSPosed-Bridge: 	at LSPHooker_.getRunningAppProcesses(Unknown Source:8)

07-23 03:17:00.556  7260  7260 I LSPosed-Bridge: 	at com.lcworld.oasismedical.application.SoftApplication.getProcessName(SoftApplication.java:1551)

07-23 03:17:00.556  7260  7260 I LSPosed-Bridge: 	at com.lcworld.oasismedical.application.SoftApplication.initAppConfig(SoftApplication.java:288)

07-23 03:17:00.556  7260  7260 I LSPosed-Bridge: 	at com.lcworld.oasismedical.application.SoftApplication.onCreate(SoftApplication.java:220)

07-23 03:17:00.556  7260  7260 I LSPosed-Bridge: 	at com.stub.StubApp.onCreate(Unknown Source:73)

07-23 03:17:00.556  7260  7260 I LSPosed-Bridge: 	at android.app.Instrumentation.callApplicationOnCreate(Instrumentation.java:1155)

07-23 03:17:00.556  7260  7260 I LSPosed-Bridge: 	at android.app.ActivityThread.handleBindApplication(ActivityThread.java:5885)

07-23 03:17:00.556  7260  7260 I LSPosed-Bridge: 	at android.app.ActivityThread.access$1100(ActivityThread.java:200)

07-23 03:17:00.556  7260  7260 I LSPosed-Bridge: 	at android.app.ActivityThread$H.handleMessage(ActivityThread.java:1651)

07-23 03:17:00.556  7260  7260 I LSPosed-Bridge: 	at android.os.Handler.dispatchMessage(Handler.java:106)

07-23 03:17:00.556  7260  7260 I LSPosed-Bridge: 	at android.os.Looper.loop(Looper.java:193)

07-23 03:17:00.556  7260  7260 I LSPosed-Bridge: 	at android.app.ActivityThread.main(ActivityThread.java:6692)

07-23 03:17:00.556  7260  7260 I LSPosed-Bridge: 	at java.lang.reflect.Method.invoke(Native Method)

07-23 03:17:00.556  7260  7260 I LSPosed-Bridge: 	at com.android.internal.os.RuntimeInit$MethodAndArgsCaller.run(RuntimeInit.java:493)

07-23 03:17:00.556  7260  7260 I LSPosed-Bridge: 	at com.android.internal.os.ZygoteInit.main(ZygoteInit.java:858)

07-23 03:17:00.636  7405  7405 I LSPosed-Bridge: 7405 PermLabel 10117 ContextImpl Binder.getCallingPid() = 7405; Binder.getCallingUid() = 10117; permName: android.permission.READ_PHONE_STATE; res = -1; stacktrace=java.lang.Exception

07-23 03:17:00.636  7405  7405 I LSPosed-Bridge: 7405 PermLabel 10117 ContextImpl Binder.getCallingPid() = 7405; Binder.getCallingUid() = 10117; permName: android.permission.READ_PHONE_STATE; res = -1; stacktrace=java.lang.Exception

07-23 03:17:00.636  7405  7405 I LSPosed-Bridge: 	at com.example.permlabel.requestPerm$2.afterHookedMethod(requestPerm.java:205)

07-23 03:17:00.636  7405  7405 I LSPosed-Bridge: 	at com.example.permlabel.requestPerm$2.afterHookedMethod(requestPerm.java:205)

07-23 03:17:00.636  7405  7405 I LSPosed-Bridge: 	at de.robv.android.xposed.XposedBridge$AdditionalHookInfo.callback(Unknown Source:147)

07-23 03:17:00.636  7405  7405 I LSPosed-Bridge: 	at de.robv.android.xposed.XposedBridge$AdditionalHookInfo.callback(Unknown Source:147)

07-23 03:17:00.636  7405  7405 I LSPosed-Bridge: 	at LSPHooker_.checkPermission(Unknown Source:25)

07-23 03:17:00.636  7405  7405 I LSPosed-Bridge: 	at LSPHooker_.checkPermission(Unknown Source:25)

07-23 03:17:00.636  7405  7405 I LSPosed-Bridge: 	at android.app.ContextImpl.checkSelfPermission(ContextImpl.java:1801)

07-23 03:17:00.636  7405  7405 I LSPosed-Bridge: 	at android.app.ContextImpl.checkSelfPermission(ContextImpl.java:1801)

07-23 03:17:00.636  7405  7405 I LSPosed-Bridge: 	at android.content.ContextWrapper.checkSelfPermission(ContextWrapper.java:759)

07-23 03:17:00.636  7405  7405 I LSPosed-Bridge: 	at android.content.ContextWrapper.checkSelfPermission(ContextWrapper.java:759)

07-23 03:17:00.636  7405  7405 I LSPosed-Bridge: 	at java.lang.reflect.Method.invoke(Native Method)

07-23 03:17:00.636  7405  7405 I LSPosed-Bridge: 	at java.lang.reflect.Method.invoke(Native Method)

07-23 03:17:00.636  7405  7405 I LSPosed-Bridge: 	at com.umeng.umcrash.UMCrashUtils.checkPermission(UMCrashUtils.java:209)

07-23 03:17:00.636  7405  7405 I LSPosed-Bridge: 	at com.umeng.umcrash.UMCrashUtils.checkPermission(UMCrashUtils.java:209)

07-23 03:17:00.636  7405  7405 I LSPosed-Bridge: 	at com.umeng.umcrash.UMCrashUtils.getNetworkOperatorName(UMCrashUtils.java:184)

07-23 03:17:00.636  7405  7405 I LSPosed-Bridge: 	at com.umeng.umcrash.UMCrashUtils.getNetworkOperatorName(UMCrashUtils.java:184)

07-23 03:17:00.636  7405  7405 I LSPosed-Bridge: 	at com.umeng.umcrash.UMCrash.init(UMCrash.java:722)

07-23 03:17:00.636  7405  7405 I LSPosed-Bridge: 	at com.umeng.umcrash.UMCrash.init(UMCrash.java:722)

07-23 03:17:00.636  7405  7405 I LSPosed-Bridge: 	at java.lang.reflect.Method.invoke(Native Method)

07-23 03:17:00.636  7405  7405 I LSPosed-Bridge: 	at java.lang.reflect.Method.invoke(Native Method)

07-23 03:17:00.636  7405  7405 I LSPosed-Bridge: 	at com.umeng.commonsdk.UMConfigure.init(UMConfigure.java:746)

07-23 03:17:00.636  7405  7405 I LSPosed-Bridge: 	at com.umeng.commonsdk.UMConfigure.init(UMConfigure.java:746)

07-23 03:17:00.636  7405  7405 I LSPosed-Bridge: 	at com.lcworld.oasismedical.application.SoftApplication.initSDK(SoftApplication.java:338)

07-23 03:17:00.636  7405  7405 I LSPosed-Bridge: 	at com.lcworld.oasismedical.application.SoftApplication.initSDK(SoftApplication.java:338)

07-23 03:17:00.636  7405  7405 I LSPosed-Bridge: 	at com.lcworld.oasismedical.application.SoftApplication.onCreate(SoftApplication.java:219)

07-23 03:17:00.636  7405  7405 I LSPosed-Bridge: 	at com.lcworld.oasismedical.application.SoftApplication.onCreate(SoftApplication.java:219)

07-23 03:17:00.636  7405  7405 I LSPosed-Bridge: 	at com.stub.StubApp.onCreate(Unknown Source:73)

07-23 03:17:00.636  7405  7405 I LSPosed-Bridge: 	at com.stub.StubApp.onCreate(Unknown Source:73)

07-23 03:17:00.636  7405  7405 I LSPosed-Bridge: 	at android.app.Instrumentation.callApplicationOnCreate(Instrumentation.java:1155)

07-23 03:17:00.636  7405  7405 I LSPosed-Bridge: 	at android.app.Instrumentation.callApplicationOnCreate(Instrumentation.java:1155)

07-23 03:17:00.636  7405  7405 I LSPosed-Bridge: 	at android.app.ActivityThread.handleBindApplication(ActivityThread.java:5885)

07-23 03:17:00.636  7405  7405 I LSPosed-Bridge: 	at android.app.ActivityThread.handleBindApplication(ActivityThread.java:5885)

07-23 03:17:00.636  7405  7405 I LSPosed-Bridge: 	at android.app.ActivityThread.access$1100(ActivityThread.java:200)

07-23 03:17:00.636  7405  7405 I LSPosed-Bridge: 	at android.app.ActivityThread.access$1100(ActivityThread.java:200)

07-23 03:17:00.636  7405  7405 I LSPosed-Bridge: 	at android.app.ActivityThread$H.handleMessage(ActivityThread.java:1651)

07-23 03:17:00.636  7405  7405 I LSPosed-Bridge: 	at android.app.ActivityThread$H.handleMessage(ActivityThread.java:1651)

07-23 03:17:00.636  7405  7405 I LSPosed-Bridge: 	at android.os.Handler.dispatchMessage(Handler.java:106)

07-23 03:17:00.636  7405  7405 I LSPosed-Bridge: 	at android.os.Handler.dispatchMessage(Handler.java:106)

07-23 03:17:00.636  7405  7405 I LSPosed-Bridge: 	at android.os.Looper.loop(Looper.java:193)

07-23 03:17:00.636  7405  7405 I LSPosed-Bridge: 	at android.os.Looper.loop(Looper.java:193)

07-23 03:17:00.636  7405  7405 I LSPosed-Bridge: 	at android.app.ActivityThread.main(ActivityThread.java:6692)

07-23 03:17:00.636  7405  7405 I LSPosed-Bridge: 	at android.app.ActivityThread.main(ActivityThread.java:6692)

07-23 03:17:00.636  7405  7405 I LSPosed-Bridge: 	at java.lang.reflect.Method.invoke(Native Method)

07-23 03:17:00.636  7405  7405 I LSPosed-Bridge: 	at java.lang.reflect.Method.invoke(Native Method)

07-23 03:17:00.636  7405  7405 I LSPosed-Bridge: 	at com.android.internal.os.RuntimeInit$MethodAndArgsCaller.run(RuntimeInit.java:493)

07-23 03:17:00.636  7405  7405 I LSPosed-Bridge: 	at com.android.internal.os.RuntimeInit$MethodAndArgsCaller.run(RuntimeInit.java:493)

07-23 03:17:00.636  7405  7405 I LSPosed-Bridge: 	at com.android.internal.os.ZygoteInit.main(ZygoteInit.java:858)

07-23 03:17:00.636  7405  7405 I LSPosed-Bridge: 	at com.android.internal.os.ZygoteInit.main(ZygoteInit.java:858)

07-23 03:17:00.636  7405  7405 I LSPosed-Bridge: 7405 PermLabel 10117 ContextImpl.checkPermission: pid = 7405; uid = 10117; permName: android.permission.READ_PHONE_STATE; type = 1; res = -1; stacktrace=java.lang.Exception

07-23 03:17:00.636  7405  7405 I LSPosed-Bridge: 7405 PermLabel 10117 ContextImpl.checkPermission: pid = 7405; uid = 10117; permName: android.permission.READ_PHONE_STATE; type = 1; res = -1; stacktrace=java.lang.Exception

07-23 03:17:00.636  7405  7405 I LSPosed-Bridge: 	at com.example.permlabel.requestPerm$2.afterHookedMethod(requestPerm.java:229)

07-23 03:17:00.636  7405  7405 I LSPosed-Bridge: 	at com.example.permlabel.requestPerm$2.afterHookedMethod(requestPerm.java:229)

07-23 03:17:00.636  7405  7405 I LSPosed-Bridge: 	at de.robv.android.xposed.XposedBridge$AdditionalHookInfo.callback(Unknown Source:147)

07-23 03:17:00.636  7405  7405 I LSPosed-Bridge: 	at de.robv.android.xposed.XposedBridge$AdditionalHookInfo.callback(Unknown Source:147)

07-23 03:17:00.636  7405  7405 I LSPosed-Bridge: 	at LSPHooker_.checkPermission(Unknown Source:25)

07-23 03:17:00.636  7405  7405 I LSPosed-Bridge: 	at LSPHooker_.checkPermission(Unknown Source:25)

07-23 03:17:00.636  7405  7405 I LSPosed-Bridge: 	at android.app.ContextImpl.checkSelfPermission(ContextImpl.java:1801)

07-23 03:17:00.636  7405  7405 I LSPosed-Bridge: 	at android.app.ContextImpl.checkSelfPermission(ContextImpl.java:1801)

07-23 03:17:00.636  7405  7405 I LSPosed-Bridge: 	at android.content.ContextWrapper.checkSelfPermission(ContextWrapper.java:759)

07-23 03:17:00.636  7405  7405 I LSPosed-Bridge: 	at android.content.ContextWrapper.checkSelfPermission(ContextWrapper.java:759)

07-23 03:17:00.636  7405  7405 I LSPosed-Bridge: 	at java.lang.reflect.Method.invoke(Native Method)

07-23 03:17:00.636  7405  7405 I LSPosed-Bridge: 	at java.lang.reflect.Method.invoke(Native Method)

07-23 03:17:00.636  7405  7405 I LSPosed-Bridge: 	at com.umeng.umcrash.UMCrashUtils.checkPermission(UMCrashUtils.java:209)

07-23 03:17:00.636  7405  7405 I LSPosed-Bridge: 	at com.umeng.umcrash.UMCrashUtils.checkPermission(UMCrashUtils.java:209)

07-23 03:17:00.636  7405  7405 I LSPosed-Bridge: 	at com.umeng.umcrash.UMCrashUtils.getNetworkOperatorName(UMCrashUtils.java:184)

07-23 03:17:00.636  7405  7405 I LSPosed-Bridge: 	at com.umeng.umcrash.UMCrashUtils.getNetworkOperatorName(UMCrashUtils.java:184)

07-23 03:17:00.636  7405  7405 I LSPosed-Bridge: 	at com.umeng.umcrash.UMCrash.init(UMCrash.java:722)

07-23 03:17:00.636  7405  7405 I LSPosed-Bridge: 	at com.umeng.umcrash.UMCrash.init(UMCrash.java:722)

07-23 03:17:00.636  7405  7405 I LSPosed-Bridge: 	at java.lang.reflect.Method.invoke(Native Method)

07-23 03:17:00.636  7405  7405 I LSPosed-Bridge: 	at java.lang.reflect.Method.invoke(Native Method)

07-23 03:17:00.636  7405  7405 I LSPosed-Bridge: 	at com.umeng.commonsdk.UMConfigure.init(UMConfigure.java:746)

07-23 03:17:00.636  7405  7405 I LSPosed-Bridge: 	at com.umeng.commonsdk.UMConfigure.init(UMConfigure.java:746)

07-23 03:17:00.636  7405  7405 I LSPosed-Bridge: 	at com.lcworld.oasismedical.application.SoftApplication.initSDK(SoftApplication.java:338)

07-23 03:17:00.636  7405  7405 I LSPosed-Bridge: 	at com.lcworld.oasismedical.application.SoftApplication.initSDK(SoftApplication.java:338)

07-23 03:17:00.636  7405  7405 I LSPosed-Bridge: 	at com.lcworld.oasismedical.application.SoftApplication.onCreate(SoftApplication.java:219)

07-23 03:17:00.636  7405  7405 I LSPosed-Bridge: 	at com.lcworld.oasismedical.application.SoftApplication.onCreate(SoftApplication.java:219)

07-23 03:17:00.636  7405  7405 I LSPosed-Bridge: 	at com.stub.StubApp.onCreate(Unknown Source:73)

07-23 03:17:00.636  7405  7405 I LSPosed-Bridge: 	at com.stub.StubApp.onCreate(Unknown Source:73)

07-23 03:17:00.636  7405  7405 I LSPosed-Bridge: 	at android.app.Instrumentation.callApplicationOnCreate(Instrumentation.java:1155)

07-23 03:17:00.636  7405  7405 I LSPosed-Bridge: 	at android.app.Instrumentation.callApplicationOnCreate(Instrumentation.java:1155)

07-23 03:17:00.636  7405  7405 I LSPosed-Bridge: 	at android.app.ActivityThread.handleBindApplication(ActivityThread.java:5885)

07-23 03:17:00.636  7405  7405 I LSPosed-Bridge: 	at android.app.ActivityThread.handleBindApplication(ActivityThread.java:5885)

07-23 03:17:00.636  7405  7405 I LSPosed-Bridge: 	at android.app.ActivityThread.access$1100(ActivityThread.java:200)

07-23 03:17:00.636  7405  7405 I LSPosed-Bridge: 	at android.app.ActivityThread.access$1100(ActivityThread.java:200)

07-23 03:17:00.636  7405  7405 I LSPosed-Bridge: 	at android.app.ActivityThread$H.handleMessage(ActivityThread.java:1651)

07-23 03:17:00.636  7405  7405 I LSPosed-Bridge: 	at android.app.ActivityThread$H.handleMessage(ActivityThread.java:1651)

07-23 03:17:00.636  7405  7405 I LSPosed-Bridge: 	at android.os.Handler.dispatchMessage(Handler.java:106)

07-23 03:17:00.636  7405  7405 I LSPosed-Bridge: 	at android.os.Handler.dispatchMessage(Handler.java:106)

07-23 03:17:00.636  7405  7405 I LSPosed-Bridge: 	at android.os.Looper.loop(Looper.java:193)

07-23 03:17:00.636  7405  7405 I LSPosed-Bridge: 	at android.os.Looper.loop(Looper.java:193)

07-23 03:17:00.636  7405  7405 I LSPosed-Bridge: 	at android.app.ActivityThread.main(ActivityThread.java:6692)

07-23 03:17:00.636  7405  7405 I LSPosed-Bridge: 	at android.app.ActivityThread.main(ActivityThread.java:6692)

07-23 03:17:00.636  7405  7405 I LSPosed-Bridge: 	at java.lang.reflect.Method.invoke(Native Method)

07-23 03:17:00.636  7405  7405 I LSPosed-Bridge: 	at java.lang.reflect.Method.invoke(Native Method)

07-23 03:17:00.636  7405  7405 I LSPosed-Bridge: 	at com.android.internal.os.RuntimeInit$MethodAndArgsCaller.run(RuntimeInit.java:493)

07-23 03:17:00.636  7405  7405 I LSPosed-Bridge: 	at com.android.internal.os.RuntimeInit$MethodAndArgsCaller.run(RuntimeInit.java:493)

07-23 03:17:00.636  7405  7405 I LSPosed-Bridge: 	at com.android.internal.os.ZygoteInit.main(ZygoteInit.java:858)

07-23 03:17:00.636  7405  7405 I LSPosed-Bridge: 	at com.android.internal.os.ZygoteInit.main(ZygoteInit.java:858)

07-23 03:17:00.652  7260  7816 I imsdk   : TIM: 106   2023-07-23 03:17:00.652/I/7260-7816       /Network     -channel.cpp.367  Close                                     /close channel|channel id:20|reason:refuse by self

07-23 03:17:00.652  7405  7405 I LSPosed-Bridge: 7405 PermLabel hookBinder_test 10117 interfaceBinder =android.content.pm.IPackageManager; arg0 = 9; arg1 = android.os.Parcel@c40f6e8; arg2 = android.os.Parcel@268080b; arg3 = 0; res = true; stacktrace=java.lang.Exception

07-23 03:17:00.652  7405  7405 I LSPosed-Bridge: 	at com.example.permlabel.hookBinder_test$1.afterHookedMethod(hookBinder_test.java:75)

07-23 03:17:00.652  7405  7405 I LSPosed-Bridge: 	at de.robv.android.xposed.XposedBridge$AdditionalHookInfo.callback(Unknown Source:147)

07-23 03:17:00.652  7405  7405 I LSPosed-Bridge: 	at LSPHooker_.transact(Unknown Source:28)

07-23 03:17:00.652  7405  7405 I LSPosed-Bridge: 	at android.content.pm.IPackageManager$Stub$Proxy.getPermissionInfo(IPackageManager.java:3008)

07-23 03:17:00.652  7405  7405 I LSPosed-Bridge: 	at android.app.ApplicationPackageManager.getPermissionInfo(ApplicationPackageManager.java:306)

07-23 03:17:00.652  7405  7405 I LSPosed-Bridge: 	at com.example.permlabel.requestPerm$2.afterHookedMethod(requestPerm.java:195)

07-23 03:17:00.652  7405  7405 I LSPosed-Bridge: 	at de.robv.android.xposed.XposedBridge$AdditionalHookInfo.callback(Unknown Source:147)

07-23 03:17:00.652  7405  7405 I LSPosed-Bridge: 	at LSPHooker_.checkPermission(Unknown Source:25)

07-23 03:17:00.652  7405  7405 I LSPosed-Bridge: 	at android.app.ContextImpl.checkSelfPermission(ContextImpl.java:1801)

07-23 03:17:00.652  7405  7405 I LSPosed-Bridge: 	at android.content.ContextWrapper.checkSelfPermission(ContextWrapper.java:759)

07-23 03:17:00.652  7405  7405 I LSPosed-Bridge: 	at java.lang.reflect.Method.invoke(Native Method)

07-23 03:17:00.652  7405  7405 I LSPosed-Bridge: 	at com.efs.sdk.base.core.util.NetworkUtil.checkPermission(SourceFile:263)

07-23 03:17:00.652  7405  7405 I LSPosed-Bridge: 	at com.efs.sdk.base.core.util.NetworkUtil.getNetworkTypeUmeng(SourceFile:339)

07-23 03:17:00.652  7405  7405 I LSPosed-Bridge: 	at com.umeng.umcrash.UMCrash.init(UMCrash.java:747)

07-23 03:17:00.652  7405  7405 I LSPosed-Bridge: 	at java.lang.reflect.Method.invoke(Native Method)

07-23 03:17:00.652  7405  7405 I LSPosed-Bridge: 	at com.umeng.commonsdk.UMConfigure.init(UMConfigure.java:746)

07-23 03:17:00.652  7405  7405 I LSPosed-Bridge: 	at com.lcworld.oasismedical.application.SoftApplication.initSDK(SoftApplication.java:338)

07-23 03:17:00.652  7405  7405 I LSPosed-Bridge: 	at com.lcworld.oasismedical.application.SoftApplication.onCreate(SoftApplication.java:219)

07-23 03:17:00.652  7405  7405 I LSPosed-Bridge: 	at com.stub.StubApp.onCreate(Unknown Source:73)

07-23 03:17:00.652  7405  7405 I LSPosed-Bridge: 	at android.app.Instrumentation.callApplicationOnCreate(Instrumentation.java:1155)

07-23 03:17:00.652  7405  7405 I LSPosed-Bridge: 	at android.app.ActivityThread.handleBindApplication(ActivityThread.java:5885)

07-23 03:17:00.652  7405  7405 I LSPosed-Bridge: 	at android.app.ActivityThread.access$1100(ActivityThread.java:200)

07-23 03:17:00.652  7405  7405 I LSPosed-Bridge: 	at android.app.ActivityThread$H.handleMessage(ActivityThread.java:1651)

07-23 03:17:00.652  7405  7405 I LSPosed-Bridge: 	at android.os.Handler.dispatchMessage(Handler.java:106)

07-23 03:17:00.652  7405  7405 I LSPosed-Bridge: 	at android.os.Looper.loop(Looper.java:193)

07-23 03:17:00.652  7405  7405 I LSPosed-Bridge: 	at android.app.ActivityThread.main(ActivityThread.java:6692)

07-23 03:17:00.652  7405  7405 I LSPosed-Bridge: 	at java.lang.reflect.Method.invoke(Native Method)

07-23 03:17:00.652  7405  7405 I LSPosed-Bridge: 	at com.android.internal.os.RuntimeInit$MethodAndArgsCaller.run(RuntimeInit.java:493)

07-23 03:17:00.652  7405  7405 I LSPosed-Bridge: 	at com.android.internal.os.ZygoteInit.main(ZygoteInit.java:858)

07-23 03:17:00.652  7260  7816 W imsdk   : TIM: 107   2023-07-23 03:17:00.652/W/7260-7816       /Network     -looper_impl.cpp.345  operator()                            /channel eof arrived|id:21

07-23 03:17:00.652  7260  7816 I imsdk   : TIM: 108   2023-07-23 03:17:00.652/I/7260-7816       /Network     -channel.cpp.367  Close                                     /close channel|channel id:21|reason:refuse by self

07-23 03:17:00.652  7260  7816 W imsdk   : TIM: 109   2023-07-23 03:17:00.652/W/7260-7816       /Network     -looper_impl.cpp.345  operator()                            /channel eof arrived|id:22

07-23 03:17:00.652  7260  7816 I imsdk   : TIM: 110   2023-07-23 03:17:00.652/I/7260-7816       /Network     -channel.cpp.367  Close                                     /close channel|channel id:22|reason:refuse by self

07-23 03:17:00.652  7260  7816 W imsdk   : TIM: 111   2023-07-23 03:17:00.652/W/7260-7816       /Network     -looper_impl.cpp.345  operator()                            /channel eof arrived|id:23

07-23 03:17:00.652  7260  7816 I imsdk   : TIM: 112   2023-07-23 03:17:00.652/I/7260-7816       /Network     -channel.cpp.367  Close                                     /close channel|channel id:23|reason:refuse by self

07-23 03:17:00.652  7405  7405 I LSPosed-Bridge: 7405 PermLabel 10117 ContextImpl Binder.getCallingPid() = 7405; Binder.getCallingUid() = 10117; permName: android.permission.READ_PHONE_STATE; res = -1; stacktrace=java.lang.Exception

07-23 03:17:00.652  7405  7405 I LSPosed-Bridge: 	at com.example.permlabel.requestPerm$2.afterHookedMethod(requestPerm.java:205)

07-23 03:17:00.652  7405  7405 I LSPosed-Bridge: 	at de.robv.android.xposed.XposedBridge$AdditionalHookInfo.callback(Unknown Source:147)

07-23 03:17:00.652  7405  7405 I LSPosed-Bridge: 	at LSPHooker_.checkPermission(Unknown Source:25)

07-23 03:17:00.652  7405  7405 I LSPosed-Bridge: 	at android.app.ContextImpl.checkSelfPermission(ContextImpl.java:1801)

07-23 03:17:00.652  7405  7405 I LSPosed-Bridge: 	at android.content.ContextWrapper.checkSelfPermission(ContextWrapper.java:759)

07-23 03:17:00.652  7405  7405 I LSPosed-Bridge: 	at java.lang.reflect.Method.invoke(Native Method)

07-23 03:17:00.652  7405  7405 I LSPosed-Bridge: 	at com.efs.sdk.base.core.util.NetworkUtil.checkPermission(SourceFile:263)

07-23 03:17:00.652  7405  7405 I LSPosed-Bridge: 	at com.efs.sdk.base.core.util.NetworkUtil.getNetworkTypeUmeng(SourceFile:339)

07-23 03:17:00.652  7405  7405 I LSPosed-Bridge: 	at com.umeng.umcrash.UMCrash.init(UMCrash.java:747)

07-23 03:17:00.652  7405  7405 I LSPosed-Bridge: 	at java.lang.reflect.Method.invoke(Native Method)

07-23 03:17:00.652  7405  7405 I LSPosed-Bridge: 	at com.umeng.commonsdk.UMConfigure.init(UMConfigure.java:746)

07-23 03:17:00.652  7405  7405 I LSPosed-Bridge: 	at com.lcworld.oasismedical.application.SoftApplication.initSDK(SoftApplication.java:338)

07-23 03:17:00.652  7405  7405 I LSPosed-Bridge: 	at com.lcworld.oasismedical.application.SoftApplication.onCreate(SoftApplication.java:219)

07-23 03:17:00.652  7405  7405 I LSPosed-Bridge: 	at com.stub.StubApp.onCreate(Unknown Source:73)

07-23 03:17:00.652  7405  7405 I LSPosed-Bridge: 	at android.app.Instrumentation.callApplicationOnCreate(Instrumentation.java:1155)

07-23 03:17:00.652  7405  7405 I LSPosed-Bridge: 	at android.app.ActivityThread.handleBindApplication(ActivityThread.java:5885)

07-23 03:17:00.652  7405  7405 I LSPosed-Bridge: 	at android.app.ActivityThread.access$1100(ActivityThread.java:200)

07-23 03:17:00.652  7405  7405 I LSPosed-Bridge: 	at android.app.ActivityThread$H.handleMessage(ActivityThread.java:1651)

07-23 03:17:00.652  7405  7405 I LSPosed-Bridge: 	at android.os.Handler.dispatchMessage(Handler.java:106)

07-23 03:17:00.652  7405  7405 I LSPosed-Bridge: 	at android.os.Looper.loop(Looper.java:193)

07-23 03:17:00.652  7405  7405 I LSPosed-Bridge: 	at android.app.ActivityThread.main(ActivityThread.java:6692)

07-23 03:17:00.652  7405  7405 I LSPosed-Bridge: 	at java.lang.reflect.Method.invoke(Native Method)

07-23 03:17:00.652  7405  7405 I LSPosed-Bridge: 	at com.android.internal.os.RuntimeInit$MethodAndArgsCaller.run(RuntimeInit.java:493)

07-23 03:17:00.652  7405  7405 I LSPosed-Bridge: 	at com.android.internal.os.ZygoteInit.main(ZygoteInit.java:858)

07-23 03:17:00.652  7260  7816 W imsdk   : TIM: 113   2023-07-23 03:17:00.652/W/7260-7816       /Network     -looper_impl.cpp.345  operator()                            /channel eof arrived|id:24

07-23 03:17:00.652  7260  7816 I imsdk   : TIM: 114   2023-07-23 03:17:00.652/I/7260-7816       /Network     -channel.cpp.367  Close                                     /close channel|channel id:24|reason:refuse by self

07-23 03:17:00.653  7405  7405 I LSPosed-Bridge: 7405 PermLabel 10117 ContextImpl.checkPermission: pid = 7405; uid = 10117; permName: android.permission.READ_PHONE_STATE; type = 1; res = -1; stacktrace=java.lang.Exception

07-23 03:17:00.653  7405  7405 I LSPosed-Bridge: 	at com.example.permlabel.requestPerm$2.afterHookedMethod(requestPerm.java:229)

07-23 03:17:00.653  7405  7405 I LSPosed-Bridge: 	at de.robv.android.xposed.XposedBridge$AdditionalHookInfo.callback(Unknown Source:147)

07-23 03:17:00.653  7405  7405 I LSPosed-Bridge: 	at LSPHooker_.checkPermission(Unknown Source:25)

07-23 03:17:00.653  7405  7405 I LSPosed-Bridge: 	at android.app.ContextImpl.checkSelfPermission(ContextImpl.java:1801)

07-23 03:17:00.653  7405  7405 I LSPosed-Bridge: 	at android.content.ContextWrapper.checkSelfPermission(ContextWrapper.java:759)

07-23 03:17:00.653  7405  7405 I LSPosed-Bridge: 	at java.lang.reflect.Method.invoke(Native Method)

07-23 03:17:00.653  7405  7405 I LSPosed-Bridge: 	at com.efs.sdk.base.core.util.NetworkUtil.checkPermission(SourceFile:263)

07-23 03:17:00.653  7405  7405 I LSPosed-Bridge: 	at com.efs.sdk.base.core.util.NetworkUtil.getNetworkTypeUmeng(SourceFile:339)

07-23 03:17:00.653  7405  7405 I LSPosed-Bridge: 	at com.umeng.umcrash.UMCrash.init(UMCrash.java:747)

07-23 03:17:00.653  7405  7405 I LSPosed-Bridge: 	at java.lang.reflect.Method.invoke(Native Method)

07-23 03:17:00.653  7405  7405 I LSPosed-Bridge: 	at com.umeng.commonsdk.UMConfigure.init(UMConfigure.java:746)

07-23 03:17:00.653  7405  7405 I LSPosed-Bridge: 	at com.lcworld.oasismedical.application.SoftApplication.initSDK(SoftApplication.java:338)

07-23 03:17:00.653  7405  7405 I LSPosed-Bridge: 	at com.lcworld.oasismedical.application.SoftApplication.onCreate(SoftApplication.java:219)

07-23 03:17:00.653  7405  7405 I LSPosed-Bridge: 	at com.stub.StubApp.onCreate(Unknown Source:73)

07-23 03:17:00.653  7405  7405 I LSPosed-Bridge: 	at android.app.Instrumentation.callApplicationOnCreate(Instrumentation.java:1155)

07-23 03:17:00.653  7405  7405 I LSPosed-Bridge: 	at android.app.ActivityThread.handleBindApplication(ActivityThread.java:5885)

07-23 03:17:00.653  7405  7405 I LSPosed-Bridge: 	at android.app.ActivityThread.access$1100(ActivityThread.java:200)

07-23 03:17:00.653  7405  7405 I LSPosed-Bridge: 	at android.app.ActivityThread$H.handleMessage(ActivityThread.java:1651)

07-23 03:17:00.653  7405  7405 I LSPosed-Bridge: 	at android.os.Handler.dispatchMessage(Handler.java:106)

07-23 03:17:00.653  7405  7405 I LSPosed-Bridge: 	at android.os.Looper.loop(Looper.java:193)

07-23 03:17:00.653  7405  7405 I LSPosed-Bridge: 	at android.app.ActivityThread.main(ActivityThread.java:6692)

07-23 03:17:00.653  7405  7405 I LSPosed-Bridge: 	at java.lang.reflect.Method.invoke(Native Method)

07-23 03:17:00.653  7405  7405 I LSPosed-Bridge: 	at com.android.internal.os.RuntimeInit$MethodAndArgsCaller.run(RuntimeInit.java:493)

07-23 03:17:00.653  7405  7405 I LSPosed-Bridge: 	at com.android.internal.os.ZygoteInit.main(ZygoteInit.java:858)

07-23 03:17:00.653  7260  7816 W imsdk   : TIM: 115   2023-07-23 03:17:00.653/W/7260-7816       /Network     -looper_impl.cpp.345  operator()                            /channel eof arrived|id:25

07-23 03:17:00.653  7260  7816 I imsdk   : TIM: 116   2023-07-23 03:17:00.653/I/7260-7816       /Network     -channel.cpp.367  Close                                     /close channel|channel id:25|reason:refuse by self

07-23 03:17:00.653  7260  7816 I imsdk   : TIM: 117   2023-07-23 03:17:00.653/I/7260-7816       /Network     -ipswitcher.cpp.254  OnChannelDisconnected                  /channel reconnect|current retry count:3|max retry count:6

07-23 03:17:00.653  7405  7405 E smedical:remot: Invalid ID 0x00000000.

07-23 03:17:00.653  7260  7816 I imsdk   : TIM: 118   2023-07-23 03:17:00.653/I/7260-7816       /Network     -ipswitcher.cpp.50  SelectBestChannel                       /choose best channel|net_type:undefined|net_id:0::0|prior_ip_src:http dns|reason:first

07-23 03:17:00.658  7405  7405 I LSPosed-Bridge: 7405 PermLabel 10117 ContextImpl Binder.getCallingPid() = 7405; Binder.getCallingUid() = 10117; permName: android.permission.READ_PHONE_STATE; res = -1; stacktrace=java.lang.Exception

07-23 03:17:00.658  7405  7405 I LSPosed-Bridge: 7405 PermLabel 10117 ContextImpl Binder.getCallingPid() = 7405; Binder.getCallingUid() = 10117; permName: android.permission.READ_PHONE_STATE; res = -1; stacktrace=java.lang.Exception

07-23 03:17:00.658  7405  7405 I LSPosed-Bridge: 	at com.example.permlabel.requestPerm$2.afterHookedMethod(requestPerm.java:205)

07-23 03:17:00.658  7405  7405 I LSPosed-Bridge: 	at com.example.permlabel.requestPerm$2.afterHookedMethod(requestPerm.java:205)

07-23 03:17:00.658  7405  7405 I LSPosed-Bridge: 	at de.robv.android.xposed.XposedBridge$AdditionalHookInfo.callback(Unknown Source:147)

07-23 03:17:00.658  7405  7405 I LSPosed-Bridge: 	at de.robv.android.xposed.XposedBridge$AdditionalHookInfo.callback(Unknown Source:147)

07-23 03:17:00.658  7405  7405 I LSPosed-Bridge: 	at LSPHooker_.checkPermission(Unknown Source:25)

07-23 03:17:00.658  7405  7405 I LSPosed-Bridge: 	at LSPHooker_.checkPermission(Unknown Source:25)

07-23 03:17:00.658  7405  7405 I LSPosed-Bridge: 	at android.app.ContextImpl.checkSelfPermission(ContextImpl.java:1801)

07-23 03:17:00.658  7405  7405 I LSPosed-Bridge: 	at android.app.ContextImpl.checkSelfPermission(ContextImpl.java:1801)

07-23 03:17:00.658  7405  7405 I LSPosed-Bridge: 	at android.content.ContextWrapper.checkSelfPermission(ContextWrapper.java:759)

07-23 03:17:00.658  7405  7405 I LSPosed-Bridge: 	at android.content.ContextWrapper.checkSelfPermission(ContextWrapper.java:759)

07-23 03:17:00.658  7405  7405 I LSPosed-Bridge: 	at java.lang.reflect.Method.invoke(Native Method)

07-23 03:17:00.658  7405  7405 I LSPosed-Bridge: 	at java.lang.reflect.Method.invoke(Native Method)

07-23 03:17:00.658  7405  7405 I LSPosed-Bridge: 	at com.umeng.umcrash.UMCrashUtils.checkPermission(UMCrashUtils.java:209)

07-23 03:17:00.658  7405  7405 I LSPosed-Bridge: 	at com.umeng.umcrash.UMCrashUtils.checkPermission(UMCrashUtils.java:209)

07-23 03:17:00.658  7405  7405 I LSPosed-Bridge: 	at com.umeng.umcrash.UMCrashUtils.getNetworkOperatorName(UMCrashUtils.java:184)

07-23 03:17:00.658  7405  7405 I LSPosed-Bridge: 	at com.umeng.umcrash.UMCrashUtils.getNetworkOperatorName(UMCrashUtils.java:184)

07-23 03:17:00.658  7405  7405 I LSPosed-Bridge: 	at com.umeng.umcrash.UMCrash.initReporter(UMCrash.java:1112)

07-23 03:17:00.658  7405  7405 I LSPosed-Bridge: 	at com.umeng.umcrash.UMCrash.initReporter(UMCrash.java:1112)

07-23 03:17:00.658  7405  7405 I LSPosed-Bridge: 	at com.umeng.umcrash.UMCrash.init(UMCrash.java:871)

07-23 03:17:00.658  7405  7405 I LSPosed-Bridge: 	at com.umeng.umcrash.UMCrash.init(UMCrash.java:871)

07-23 03:17:00.658  7405  7405 I LSPosed-Bridge: 	at java.lang.reflect.Method.invoke(Native Method)

07-23 03:17:00.658  7405  7405 I LSPosed-Bridge: 	at java.lang.reflect.Method.invoke(Native Method)

07-23 03:17:00.658  7405  7405 I LSPosed-Bridge: 	at com.umeng.commonsdk.UMConfigure.init(UMConfigure.java:746)

07-23 03:17:00.658  7405  7405 I LSPosed-Bridge: 	at com.umeng.commonsdk.UMConfigure.init(UMConfigure.java:746)

07-23 03:17:00.658  7405  7405 I LSPosed-Bridge: 	at com.lcworld.oasismedical.application.SoftApplication.initSDK(SoftApplication.java:338)

07-23 03:17:00.658  7405  7405 I LSPosed-Bridge: 	at com.lcworld.oasismedical.application.SoftApplication.initSDK(SoftApplication.java:338)

07-23 03:17:00.658  7405  7405 I LSPosed-Bridge: 	at com.lcworld.oasismedical.application.SoftApplication.onCreate(SoftApplication.java:219)

07-23 03:17:00.658  7405  7405 I LSPosed-Bridge: 	at com.lcworld.oasismedical.application.SoftApplication.onCreate(SoftApplication.java:219)

07-23 03:17:00.658  7405  7405 I LSPosed-Bridge: 	at com.stub.StubApp.onCreate(Unknown Source:73)

07-23 03:17:00.658  7405  7405 I LSPosed-Bridge: 	at com.stub.StubApp.onCreate(Unknown Source:73)

07-23 03:17:00.658  7405  7405 I LSPosed-Bridge: 	at android.app.Instrumentation.callApplicationOnCreate(Instrumentation.java:1155)

07-23 03:17:00.658  7405  7405 I LSPosed-Bridge: 	at android.app.Instrumentation.callApplicationOnCreate(Instrumentation.java:1155)

07-23 03:17:00.658  7405  7405 I LSPosed-Bridge: 	at android.app.ActivityThread.handleBindApplication(ActivityThread.java:5885)

07-23 03:17:00.658  7405  7405 I LSPosed-Bridge: 	at android.app.ActivityThread.handleBindApplication(ActivityThread.java:5885)

07-23 03:17:00.658  7405  7405 I LSPosed-Bridge: 	at android.app.ActivityThread.access$1100(ActivityThread.java:200)

07-23 03:17:00.658  7405  7405 I LSPosed-Bridge: 	at android.app.ActivityThread.access$1100(ActivityThread.java:200)

07-23 03:17:00.658  7405  7405 I LSPosed-Bridge: 	at android.app.ActivityThread$H.handleMessage(ActivityThread.java:1651)

07-23 03:17:00.658  7405  7405 I LSPosed-Bridge: 	at android.app.ActivityThread$H.handleMessage(ActivityThread.java:1651)

07-23 03:17:00.658  7405  7405 I LSPosed-Bridge: 	at android.os.Handler.dispatchMessage(Handler.java:106)

07-23 03:17:00.658  7405  7405 I LSPosed-Bridge: 	at android.os.Handler.dispatchMessage(Handler.java:106)

07-23 03:17:00.658  7405  7405 I LSPosed-Bridge: 	at android.os.Looper.loop(Looper.java:193)

07-23 03:17:00.658  7405  7405 I LSPosed-Bridge: 	at android.os.Looper.loop(Looper.java:193)

07-23 03:17:00.658  7405  7405 I LSPosed-Bridge: 	at android.app.ActivityThread.main(ActivityThread.java:6692)

07-23 03:17:00.658  7405  7405 I LSPosed-Bridge: 	at android.app.ActivityThread.main(ActivityThread.java:6692)

07-23 03:17:00.658  7405  7405 I LSPosed-Bridge: 	at java.lang.reflect.Method.invoke(Native Method)

07-23 03:17:00.658  7405  7405 I LSPosed-Bridge: 	at java.lang.reflect.Method.invoke(Native Method)

07-23 03:17:00.658  7405  7405 I LSPosed-Bridge: 	at com.android.internal.os.RuntimeInit$MethodAndArgsCaller.run(RuntimeInit.java:493)

07-23 03:17:00.658  7405  7405 I LSPosed-Bridge: 	at com.android.internal.os.RuntimeInit$MethodAndArgsCaller.run(RuntimeInit.java:493)

07-23 03:17:00.658  7405  7405 I LSPosed-Bridge: 	at com.android.internal.os.ZygoteInit.main(ZygoteInit.java:858)

07-23 03:17:00.658  7405  7405 I LSPosed-Bridge: 	at com.android.internal.os.ZygoteInit.main(ZygoteInit.java:858)

07-23 03:17:00.658  7405  7405 I LSPosed-Bridge: 7405 PermLabel 10117 ContextImpl.checkPermission: pid = 7405; uid = 10117; permName: android.permission.READ_PHONE_STATE; type = 1; res = -1; stacktrace=java.lang.Exception

07-23 03:17:00.658  7405  7405 I LSPosed-Bridge: 7405 PermLabel 10117 ContextImpl.checkPermission: pid = 7405; uid = 10117; permName: android.permission.READ_PHONE_STATE; type = 1; res = -1; stacktrace=java.lang.Exception

07-23 03:17:00.658  7405  7405 I LSPosed-Bridge: 	at com.example.permlabel.requestPerm$2.afterHookedMethod(requestPerm.java:229)

07-23 03:17:00.658  7405  7405 I LSPosed-Bridge: 	at com.example.permlabel.requestPerm$2.afterHookedMethod(requestPerm.java:229)

07-23 03:17:00.658  7405  7405 I LSPosed-Bridge: 	at de.robv.android.xposed.XposedBridge$AdditionalHookInfo.callback(Unknown Source:147)

07-23 03:17:00.658  7405  7405 I LSPosed-Bridge: 	at de.robv.android.xposed.XposedBridge$AdditionalHookInfo.callback(Unknown Source:147)

07-23 03:17:00.658  7405  7405 I LSPosed-Bridge: 	at LSPHooker_.checkPermission(Unknown Source:25)

07-23 03:17:00.658  7405  7405 I LSPosed-Bridge: 	at LSPHooker_.checkPermission(Unknown Source:25)

07-23 03:17:00.658  7405  7405 I LSPosed-Bridge: 	at android.app.ContextImpl.checkSelfPermission(ContextImpl.java:1801)

07-23 03:17:00.658  7405  7405 I LSPosed-Bridge: 	at android.app.ContextImpl.checkSelfPermission(ContextImpl.java:1801)

07-23 03:17:00.658  7405  7405 I LSPosed-Bridge: 	at android.content.ContextWrapper.checkSelfPermission(ContextWrapper.java:759)

07-23 03:17:00.658  7405  7405 I LSPosed-Bridge: 	at android.content.ContextWrapper.checkSelfPermission(ContextWrapper.java:759)

07-23 03:17:00.658  7405  7405 I LSPosed-Bridge: 	at java.lang.reflect.Method.invoke(Native Method)

07-23 03:17:00.658  7405  7405 I LSPosed-Bridge: 	at java.lang.reflect.Method.invoke(Native Method)

07-23 03:17:00.658  7405  7405 I LSPosed-Bridge: 	at com.umeng.umcrash.UMCrashUtils.checkPermission(UMCrashUtils.java:209)

07-23 03:17:00.658  7405  7405 I LSPosed-Bridge: 	at com.umeng.umcrash.UMCrashUtils.checkPermission(UMCrashUtils.java:209)

07-23 03:17:00.658  7405  7405 I LSPosed-Bridge: 	at com.umeng.umcrash.UMCrashUtils.getNetworkOperatorName(UMCrashUtils.java:184)

07-23 03:17:00.658  7405  7405 I LSPosed-Bridge: 	at com.umeng.umcrash.UMCrashUtils.getNetworkOperatorName(UMCrashUtils.java:184)

07-23 03:17:00.658  7405  7405 I LSPosed-Bridge: 	at com.umeng.umcrash.UMCrash.initReporter(UMCrash.java:1112)

07-23 03:17:00.658  7405  7405 I LSPosed-Bridge: 	at com.umeng.umcrash.UMCrash.initReporter(UMCrash.java:1112)

07-23 03:17:00.658  7405  7405 I LSPosed-Bridge: 	at com.umeng.umcrash.UMCrash.init(UMCrash.java:871)

07-23 03:17:00.658  7405  7405 I LSPosed-Bridge: 	at com.umeng.umcrash.UMCrash.init(UMCrash.java:871)

07-23 03:17:00.658  7405  7405 I LSPosed-Bridge: 	at java.lang.reflect.Method.invoke(Native Method)

07-23 03:17:00.658  7405  7405 I LSPosed-Bridge: 	at java.lang.reflect.Method.invoke(Native Method)

07-23 03:17:00.658  7405  7405 I LSPosed-Bridge: 	at com.umeng.commonsdk.UMConfigure.init(UMConfigure.java:746)

07-23 03:17:00.658  7405  7405 I LSPosed-Bridge: 	at com.umeng.commonsdk.UMConfigure.init(UMConfigure.java:746)

07-23 03:17:00.658  7405  7405 I LSPosed-Bridge: 	at com.lcworld.oasismedical.application.SoftApplication.initSDK(SoftApplication.java:338)

07-23 03:17:00.658  7405  7405 I LSPosed-Bridge: 	at com.lcworld.oasismedical.application.SoftApplication.initSDK(SoftApplication.java:338)

07-23 03:17:00.658  7405  7405 I LSPosed-Bridge: 	at com.lcworld.oasismedical.application.SoftApplication.onCreate(SoftApplication.java:219)

07-23 03:17:00.658  7405  7405 I LSPosed-Bridge: 	at com.lcworld.oasismedical.application.SoftApplication.onCreate(SoftApplication.java:219)

07-23 03:17:00.658  7405  7405 I LSPosed-Bridge: 	at com.stub.StubApp.onCreate(Unknown Source:73)

07-23 03:17:00.658  7405  7405 I LSPosed-Bridge: 	at com.stub.StubApp.onCreate(Unknown Source:73)

07-23 03:17:00.658  7405  7405 I LSPosed-Bridge: 	at android.app.Instrumentation.callApplicationOnCreate(Instrumentation.java:1155)

07-23 03:17:00.658  7405  7405 I LSPosed-Bridge: 	at android.app.Instrumentation.callApplicationOnCreate(Instrumentation.java:1155)

07-23 03:17:00.658  7405  7405 I LSPosed-Bridge: 	at android.app.ActivityThread.handleBindApplication(ActivityThread.java:5885)

07-23 03:17:00.658  7405  7405 I LSPosed-Bridge: 	at android.app.ActivityThread.handleBindApplication(ActivityThread.java:5885)

