06-12 21:28:22.090  5440  5440 I LSPosed-Bridge: 	at com.baidu.graph.sdk.biz.home.comp.GraphHomeView$showNewGuideView$1.clickTakePictureButton(SourceFile:2340)

06-12 21:28:22.090  5440  5440 I LSPosed-Bridge: 	at com.baidu.graph.sdk.biz.home.guide.customview.newguide.NewGuideView.onClick(SourceFile:225)

06-12 21:28:22.090  5440  5440 I LSPosed-Bridge: 	at android.view.View.performClick(View.java:6597)

06-12 21:28:22.090  5440  5440 I LSPosed-Bridge: 	at android.view.View.performClickInternal(View.java:6574)

06-12 21:28:22.090  5440  5440 I LSPosed-Bridge: 	at android.view.View.access$3100(View.java:778)

06-12 21:28:22.090  5440  5440 I LSPosed-Bridge: 	at android.view.View$PerformClick.run(View.java:25889)

06-12 21:28:22.090  5440  5440 I LSPosed-Bridge: 	at android.os.Handler.handleCallback(Handler.java:873)

06-12 21:28:22.090  5440  5440 I LSPosed-Bridge: 	at android.os.Handler.dispatchMessage(Handler.java:99)

06-12 21:28:22.090  5440  5440 I LSPosed-Bridge: 	at android.os.Looper.loop(Looper.java:193)

06-12 21:28:22.090  5440  5440 I LSPosed-Bridge: 	at android.app.ActivityThread.main(ActivityThread.java:6692)

06-12 21:28:22.090  5440  5440 I LSPosed-Bridge: 	at java.lang.reflect.Method.invoke(Native Method)

06-12 21:28:22.090  5440  5440 I LSPosed-Bridge: 	at com.android.internal.os.RuntimeInit$MethodAndArgsCaller.run(RuntimeInit.java:493)

06-12 21:28:22.090  5440  5440 I LSPosed-Bridge: 	at com.android.internal.os.ZygoteInit.main(ZygoteInit.java:858)

06-12 21:28:22.098  5440  5440 I LSPosed-Bridge: 5440 PermLabel 10116 ContextImpl.checkPermission: pid = 5440; uid = 10116; permName: android.permission.CAMERA; type = 1; res = -1; stacktrace=java.lang.Exception

06-12 21:28:22.098  5440  5440 I LSPosed-Bridge: 	at com.example.permlabel.requestPerm$2.afterHookedMethod(requestPerm.java:205)

06-12 21:28:22.098  5440  5440 I LSPosed-Bridge: 	at de.robv.android.xposed.XposedBridge$AdditionalHookInfo.callback(Unknown Source:147)

06-12 21:28:22.098  5440  5440 I LSPosed-Bridge: 	at LSPHooker_.checkPermission(Unknown Source:25)

06-12 21:28:22.098  5440  5440 I LSPosed-Bridge: 	at android.app.ContextImpl.checkSelfPermission(ContextImpl.java:1801)

06-12 21:28:22.098  5440  5440 I LSPosed-Bridge: 	at android.content.ContextWrapper.checkSelfPermission(ContextWrapper.java:759)

06-12 21:28:22.098  5440  5440 I LSPosed-Bridge: 	at com.baidu.searchbox.permission.DangerousPermissionManager.isPermissionGranted(SearchBox:130011)

06-12 21:28:22.098  5440  5440 I LSPosed-Bridge: 	at com.baidu.searchbox.permission.DangerousPermissionManager.isPermissionGroupGranted(SearchBox:130011)

06-12 21:28:22.098  5440  5440 I LSPosed-Bridge: 	at com.baidu.searchbox.permission.DangerousPermissionUtils.isPermissionGroupGranted(SearchBox:125015)

06-12 21:28:22.098  5440  5440 I LSPosed-Bridge: 	at com.baidu.graph.common.permission.GraphPermissionManager.isPermissionGranted(SourceFile:17)

06-12 21:28:22.098  5440  5440 I LSPosed-Bridge: 	at com.baidu.graph.sdk.biz.home.guide.customview.recommendgallery.RecommendGalleryManager.hasCameraPermission(SourceFile:218)

06-12 21:28:22.098  5440  5440 I LSPosed-Bridge: 	at com.baidu.graph.sdk.biz.home.comp.GraphHomeView.showCenterTip(SourceFile:4108)

06-12 21:28:22.098  5440  5440 I LSPosed-Bridge: 	at com.baidu.graph.sdk.biz.home.comp.GraphHomeView.dismissNewGuideView(SourceFile:2389)

06-12 21:28:22.098  5440  5440 I LSPosed-Bridge: 	at com.baidu.graph.sdk.biz.home.comp.GraphHomeView.access$dismissNewGuideView(SourceFile:251)

06-12 21:28:22.098  5440  5440 I LSPosed-Bridge: 	at com.baidu.graph.sdk.biz.home.comp.GraphHomeView$showNewGuideView$1.clickTakePictureButton(SourceFile:2340)

06-12 21:28:22.098  5440  5440 I LSPosed-Bridge: 	at com.baidu.graph.sdk.biz.home.guide.customview.newguide.NewGuideView.onClick(SourceFile:225)

06-12 21:28:22.098  5440  5440 I LSPosed-Bridge: 	at android.view.View.performClick(View.java:6597)

06-12 21:28:22.098  5440  5440 I LSPosed-Bridge: 	at android.view.View.performClickInternal(View.java:6574)

06-12 21:28:22.098  5440  5440 I LSPosed-Bridge: 	at android.view.View.access$3100(View.java:778)

06-12 21:28:22.098  5440  5440 I LSPosed-Bridge: 	at android.view.View$PerformClick.run(View.java:25889)

06-12 21:28:22.098  5440  5440 I LSPosed-Bridge: 	at android.os.Handler.handleCallback(Handler.java:873)

06-12 21:28:22.098  5440  5440 I LSPosed-Bridge: 	at android.os.Handler.dispatchMessage(Handler.java:99)

06-12 21:28:22.098  5440  5440 I LSPosed-Bridge: 	at android.os.Looper.loop(Looper.java:193)

06-12 21:28:22.098  5440  5440 I LSPosed-Bridge: 	at android.app.ActivityThread.main(ActivityThread.java:6692)

06-12 21:28:22.098  5440  5440 I LSPosed-Bridge: 	at java.lang.reflect.Method.invoke(Native Method)

06-12 21:28:22.098  5440  5440 I LSPosed-Bridge: 	at com.android.internal.os.RuntimeInit$MethodAndArgsCaller.run(RuntimeInit.java:493)

06-12 21:28:22.098  5440  5440 I LSPosed-Bridge: 	at com.android.internal.os.ZygoteInit.main(ZygoteInit.java:858)

06-12 21:28:22.113  1569  2469 I LSPosed-Bridge: 5440 PermLabel 10116 AMS.checkPermission: Binder.getCallingPid() = 5440; uid = 10116; Binder.getCallingUid() = 10116; getNameForUid: com.baidu.searchbox; getPackagesForUid: [com.baidu.searchbox]; permName: android.permission.ACCESS_NETWORK_STATE; type = 0; res = 0; stacktrace=java.lang.Exception

06-12 21:28:22.113  1569  2469 I LSPosed-Bridge: 	at com.example.permlabel.requirePerm$1$2.afterHookedMethod(requirePerm.java:120)

06-12 21:28:22.113  1569  2469 I LSPosed-Bridge: 	at de.robv.android.xposed.XposedBridge$AdditionalHookInfo.callback(Unknown Source:147)

06-12 21:28:22.113  1569  2469 I LSPosed-Bridge: 	at LSPHooker_.checkPermission(Unknown Source:25)

06-12 21:28:22.113  1569  2469 I LSPosed-Bridge: 	at android.app.ContextImpl.checkPermission(ContextImpl.java:1751)

06-12 21:28:22.113  1569  2469 I LSPosed-Bridge: 	at android.app.ContextImpl.checkCallingOrSelfPermission(ContextImpl.java:1791)

06-12 21:28:22.113  1569  2469 I LSPosed-Bridge: 	at android.app.ContextImpl.enforceCallingOrSelfPermission(ContextImpl.java:1841)

06-12 21:28:22.113  1569  2469 I LSPosed-Bridge: 	at com.android.server.ConnectivityService.enforceAccessPermission(ConnectivityService.java:1672)

06-12 21:28:22.113  1569  2469 I LSPosed-Bridge: 	at com.android.server.ConnectivityService.getActiveNetworkInfo(ConnectivityService.java:1178)

06-12 21:28:22.113  1569  2469 I LSPosed-Bridge: 	at android.net.IConnectivityManager$Stub.onTransact(IConnectivityManager.java:85)

06-12 21:28:22.113  1569  2469 I LSPosed-Bridge: 	at android.os.Binder.execTransact(Binder.java:731)

06-12 21:28:22.113  5440 13552 I LSPosed-Bridge: 5440 PermLabel 10116 android.permission.CAMERA getCameraInfo args0: 0; args1: android.hardware.Camera$CameraInfo@441a0fc; res= null; stacktrace=java.lang.Exception

06-12 21:28:22.113  5440 13552 I LSPosed-Bridge: 	at com.example.permlabel.hookCamera$1.afterHookedMethod(hookCamera.java:21)

06-12 21:28:22.113  5440 13552 I LSPosed-Bridge: 	at de.robv.android.xposed.XposedBridge$AdditionalHookInfo.callback(Unknown Source:147)

06-12 21:28:22.113  5440 13552 I LSPosed-Bridge: 	at LSPHooker_.getCameraInfo(Unknown Source:15)

06-12 21:28:22.113  5440 13552 I LSPosed-Bridge: 	at com.baidu.graph.camera.open.OpenCameraInterface.open(SourceFile:77)

06-12 21:28:22.113  5440 13552 I LSPosed-Bridge: 	at com.baidu.graph.camera.CameraManager.openDriverInMessage(SourceFile:495)

06-12 21:28:22.113  5440 13552 I LSPosed-Bridge: 	at com.baidu.graph.camera.CameraManager.handleMessage(SourceFile:362)

06-12 21:28:22.113  5440 13552 I LSPosed-Bridge: 	at android.os.Handler.dispatchMessage(Handler.java:102)

06-12 21:28:22.113  5440 13552 I LSPosed-Bridge: 	at android.os.Looper.loop(Looper.java:193)

06-12 21:28:22.113  5440 13552 I LSPosed-Bridge: 	at android.os.HandlerThread.run(HandlerThread.java:65)

06-12 21:28:22.114  5440 13552 I LSPosed-Bridge: 5440 PermLabel 10116 android.permission.CAMERA getCameraInfo args0: 0; args1: android.hardware.Camera$CameraInfo@441a0fc; res= null; stacktrace=java.lang.Exception

06-12 21:28:22.114  5440 13552 I LSPosed-Bridge: 	at com.example.permlabel.hookCamera$1.afterHookedMethod(hookCamera.java:21)

06-12 21:28:22.114  5440 13552 I LSPosed-Bridge: 	at de.robv.android.xposed.XposedBridge$AdditionalHookInfo.callback(Unknown Source:147)

06-12 21:28:22.114  5440 13552 I LSPosed-Bridge: 	at LSPHooker_.getCameraInfo(Unknown Source:15)

06-12 21:28:22.114  5440 13552 I LSPosed-Bridge: 	at com.baidu.graph.camera.open.OpenCameraInterface.open(SourceFile:77)

06-12 21:28:22.114  5440 13552 I LSPosed-Bridge: 	at com.baidu.graph.camera.CameraManager.openDriverInMessage(SourceFile:495)

06-12 21:28:22.114  5440 13552 I LSPosed-Bridge: 	at com.baidu.graph.camera.CameraManager.handleMessage(SourceFile:362)

06-12 21:28:22.114  5440 13552 I LSPosed-Bridge: 	at android.os.Handler.dispatchMessage(Handler.java:102)

06-12 21:28:22.114  5440 13552 I LSPosed-Bridge: 	at android.os.Looper.loop(Looper.java:193)

06-12 21:28:22.114  5440 13552 I LSPosed-Bridge: 	at android.os.HandlerThread.run(HandlerThread.java:65)

06-12 21:28:22.114  5440 13552 E libc    : Access denied finding property "vendor.camera.aux.packagelist"

06-12 21:28:22.116  1569  2469 I LSPosed-Bridge: 5440 PermLabel 10116 AMS.checkPermission: Binder.getCallingPid() = 912; uid = 10116; Binder.getCallingUid() = 1047; getNameForUid: null; getPackagesForUid: null; permName: android.permission.CAMERA; type = 1; res = -1; stacktrace=java.lang.Exception

06-12 21:28:22.116  1569  2469 I LSPosed-Bridge: 	at com.example.permlabel.requirePerm$1$2.afterHookedMethod(requirePerm.java:126)

06-12 21:28:22.116  1569  2469 I LSPosed-Bridge: 	at de.robv.android.xposed.XposedBridge$AdditionalHookInfo.callback(Unknown Source:147)

06-12 21:28:22.116  1569  2469 I LSPosed-Bridge: 	at LSPHooker_.checkPermission(Unknown Source:25)

06-12 21:28:22.116  1569  2469 I LSPosed-Bridge: 	at com.android.server.am.ActivityManagerService$PermissionController.checkPermission(ActivityManagerService.java:9248)

06-12 21:28:22.116  1569  2469 I LSPosed-Bridge: 	at android.os.IPermissionController$Stub.onTransact(IPermissionController.java:56)

06-12 21:28:22.116  1569  2469 I LSPosed-Bridge: 	at android.os.Binder.execTransact(Binder.java:731)

06-12 21:28:22.226  1569  2469 I LSPosed-Bridge: 5440 PermLabel 10116 AMS.checkPermission: Binder.getCallingPid() = 912; uid = 10116; Binder.getCallingUid() = 1047; getNameForUid: null; getPackagesForUid: null; permName: android.permission.CAMERA; type = 1; res = -1; stacktrace=java.lang.Exception

06-12 21:28:22.226  1569  2469 I LSPosed-Bridge: 	at com.example.permlabel.requirePerm$1$2.afterHookedMethod(requirePerm.java:126)

06-12 21:28:22.226  1569  2469 I LSPosed-Bridge: 	at de.robv.android.xposed.XposedBridge$AdditionalHookInfo.callback(Unknown Source:147)

06-12 21:28:22.226  1569  2469 I LSPosed-Bridge: 	at LSPHooker_.checkPermission(Unknown Source:25)

06-12 21:28:22.226  1569  2469 I LSPosed-Bridge: 	at com.android.server.am.ActivityManagerService$PermissionController.checkPermission(ActivityManagerService.java:9248)

06-12 21:28:22.226  1569  2469 I LSPosed-Bridge: 	at android.os.IPermissionController$Stub.onTransact(IPermissionController.java:56)

06-12 21:28:22.226  1569  2469 I LSPosed-Bridge: 	at android.os.Binder.execTransact(Binder.java:731)

06-12 21:28:22.330  1569  6371 I LSPosed-Bridge: 5440 PermLabel 10116 AMS.checkPermission: Binder.getCallingPid() = 912; uid = 10116; Binder.getCallingUid() = 1047; getNameForUid: null; getPackagesForUid: null; permName: android.permission.CAMERA; type = 1; res = -1; stacktrace=java.lang.Exception

06-12 21:28:22.330  1569  6371 I LSPosed-Bridge: 	at com.example.permlabel.requirePerm$1$2.afterHookedMethod(requirePerm.java:126)

06-12 21:28:22.330  1569  6371 I LSPosed-Bridge: 	at de.robv.android.xposed.XposedBridge$AdditionalHookInfo.callback(Unknown Source:147)

06-12 21:28:22.330  1569  6371 I LSPosed-Bridge: 	at LSPHooker_.checkPermission(Unknown Source:25)

06-12 21:28:22.330  1569  6371 I LSPosed-Bridge: 	at com.android.server.am.ActivityManagerService$PermissionController.checkPermission(ActivityManagerService.java:9248)

06-12 21:28:22.330  1569  6371 I LSPosed-Bridge: 	at android.os.IPermissionController$Stub.onTransact(IPermissionController.java:56)

06-12 21:28:22.330  1569  6371 I LSPosed-Bridge: 	at android.os.Binder.execTransact(Binder.java:731)

06-12 21:28:22.330   912  3246 W ServiceManager: Permission failure: android.permission.CAMERA from uid=10116 pid=5440

06-12 21:28:22.330   912  3246 E CameraService: Permission Denial: can't use the camera pid=5440, uid=10116

06-12 21:28:22.330  5440 13552 W CameraBase: An error occurred while connecting to camera 0: Status(-8): '1: validateClientPermissionsLocked:906: Caller "com.baidu.searchbox" (PID 10116, UID 5440) cannot open camera "0" without camera permission'

06-12 21:28:22.434  1569  6371 I LSPosed-Bridge: 5440 PermLabel 10116 AMS.checkPermission: Binder.getCallingPid() = 912; uid = 10116; Binder.getCallingUid() = 1047; getNameForUid: null; getPackagesForUid: null; permName: android.permission.CAMERA; type = 1; res = -1; stacktrace=java.lang.Exception

06-12 21:28:22.434  1569  6371 I LSPosed-Bridge: 	at com.example.permlabel.requirePerm$1$2.afterHookedMethod(requirePerm.java:126)

06-12 21:28:22.434  1569  6371 I LSPosed-Bridge: 	at de.robv.android.xposed.XposedBridge$AdditionalHookInfo.callback(Unknown Source:147)

06-12 21:28:22.434  1569  6371 I LSPosed-Bridge: 	at LSPHooker_.checkPermission(Unknown Source:25)

06-12 21:28:22.434  1569  6371 I LSPosed-Bridge: 	at com.android.server.am.ActivityManagerService$PermissionController.checkPermission(ActivityManagerService.java:9248)

06-12 21:28:22.434  1569  6371 I LSPosed-Bridge: 	at android.os.IPermissionController$Stub.onTransact(IPermissionController.java:56)

06-12 21:28:22.434  1569  6371 I LSPosed-Bridge: 	at android.os.Binder.execTransact(Binder.java:731)

06-12 21:28:22.434   912  3246 W ServiceManager: Permission failure: android.permission.CAMERA from uid=10116 pid=5440

06-12 21:28:22.434   912  3246 E CameraService: Permission Denial: can't use the camera pid=5440, uid=10116

06-12 21:28:22.539  1569  6371 I LSPosed-Bridge: 5440 PermLabel 10116 AMS.checkPermission: Binder.getCallingPid() = 912; uid = 10116; Binder.getCallingUid() = 1047; getNameForUid: null; getPackagesForUid: null; permName: android.permission.CAMERA; type = 1; res = -1; stacktrace=java.lang.Exception

06-12 21:28:22.539  1569  6371 I LSPosed-Bridge: 	at com.example.permlabel.requirePerm$1$2.afterHookedMethod(requirePerm.java:126)

06-12 21:28:22.539  1569  6371 I LSPosed-Bridge: 	at de.robv.android.xposed.XposedBridge$AdditionalHookInfo.callback(Unknown Source:147)

06-12 21:28:22.539  1569  6371 I LSPosed-Bridge: 	at LSPHooker_.checkPermission(Unknown Source:25)

06-12 21:28:22.539  1569  6371 I LSPosed-Bridge: 	at com.android.server.am.ActivityManagerService$PermissionController.checkPermission(ActivityManagerService.java:9248)

06-12 21:28:22.539  1569  6371 I LSPosed-Bridge: 	at android.os.IPermissionController$Stub.onTransact(IPermissionController.java:56)

06-12 21:28:22.539  1569  6371 I LSPosed-Bridge: 	at android.os.Binder.execTransact(Binder.java:731)

06-12 21:28:22.643  1569  6371 I LSPosed-Bridge: 5440 PermLabel 10116 AMS.checkPermission: Binder.getCallingPid() = 912; uid = 10116; Binder.getCallingUid() = 1047; getNameForUid: null; getPackagesForUid: null; permName: android.permission.CAMERA; type = 1; res = -1; stacktrace=java.lang.Exception

06-12 21:28:22.643  1569  6371 I LSPosed-Bridge: 	at com.example.permlabel.requirePerm$1$2.afterHookedMethod(requirePerm.java:126)

06-12 21:28:22.643  1569  6371 I LSPosed-Bridge: 	at de.robv.android.xposed.XposedBridge$AdditionalHookInfo.callback(Unknown Source:147)

06-12 21:28:22.643  1569  6371 I LSPosed-Bridge: 	at LSPHooker_.checkPermission(Unknown Source:25)

06-12 21:28:22.643  1569  6371 I LSPosed-Bridge: 	at com.android.server.am.ActivityManagerService$PermissionController.checkPermission(ActivityManagerService.java:9248)

06-12 21:28:22.643  1569  6371 I LSPosed-Bridge: 	at android.os.IPermissionController$Stub.onTransact(IPermissionController.java:56)

06-12 21:28:22.643  1569  6371 I LSPosed-Bridge: 	at android.os.Binder.execTransact(Binder.java:731)

06-12 21:28:22.643   912  3246 W ServiceManager: Permission failure: android.permission.CAMERA from uid=10116 pid=5440

06-12 21:28:22.643   912  3246 E CameraService: Permission Denial: can't use the camera pid=5440, uid=10116

06-12 21:28:22.747  1569  6371 I LSPosed-Bridge: 5440 PermLabel 10116 AMS.checkPermission: Binder.getCallingPid() = 912; uid = 10116; Binder.getCallingUid() = 1047; getNameForUid: null; getPackagesForUid: null; permName: android.permission.CAMERA; type = 1; res = -1; stacktrace=java.lang.Exception

06-12 21:28:22.747  1569  6371 I LSPosed-Bridge: 	at com.example.permlabel.requirePerm$1$2.afterHookedMethod(requirePerm.java:126)

06-12 21:28:22.747  1569  6371 I LSPosed-Bridge: 	at de.robv.android.xposed.XposedBridge$AdditionalHookInfo.callback(Unknown Source:147)

06-12 21:28:22.747  1569  6371 I LSPosed-Bridge: 	at LSPHooker_.checkPermission(Unknown Source:25)

06-12 21:28:22.747  1569  6371 I LSPosed-Bridge: 	at com.android.server.am.ActivityManagerService$PermissionController.checkPermission(ActivityManagerService.java:9248)

06-12 21:28:22.747  1569  6371 I LSPosed-Bridge: 	at android.os.IPermissionController$Stub.onTransact(IPermissionController.java:56)

06-12 21:28:22.747  1569  6371 I LSPosed-Bridge: 	at android.os.Binder.execTransact(Binder.java:731)

06-12 21:28:22.747   912  3246 W ServiceManager: Permission failure: android.permission.CAMERA from uid=10116 pid=5440

06-12 21:28:22.747   912  3246 E CameraService: Permission Denial: can't use the camera pid=5440, uid=10116

06-12 21:28:22.852  1569  6371 I LSPosed-Bridge: 5440 PermLabel 10116 AMS.checkPermission: Binder.getCallingPid() = 912; uid = 10116; Binder.getCallingUid() = 1047; getNameForUid: null; getPackagesForUid: null; permName: android.permission.CAMERA; type = 1; res = -1; stacktrace=java.lang.Exception

06-12 21:28:22.852  1569  6371 I LSPosed-Bridge: 	at com.example.permlabel.requirePerm$1$2.afterHookedMethod(requirePerm.java:126)

06-12 21:28:22.852  1569  6371 I LSPosed-Bridge: 	at de.robv.android.xposed.XposedBridge$AdditionalHookInfo.callback(Unknown Source:147)

06-12 21:28:22.852  1569  6371 I LSPosed-Bridge: 	at LSPHooker_.checkPermission(Unknown Source:25)

06-12 21:28:22.852  1569  6371 I LSPosed-Bridge: 	at com.android.server.am.ActivityManagerService$PermissionController.checkPermission(ActivityManagerService.java:9248)

06-12 21:28:22.852  1569  6371 I LSPosed-Bridge: 	at android.os.IPermissionController$Stub.onTransact(IPermissionController.java:56)

06-12 21:28:22.852  1569  6371 I LSPosed-Bridge: 	at android.os.Binder.execTransact(Binder.java:731)

06-12 21:28:22.852   912  3246 W ServiceManager: Permission failure: android.permission.CAMERA from uid=10116 pid=5440

06-12 21:28:22.961  1569  6371 I LSPosed-Bridge: 5440 PermLabel 10116 AMS.checkPermission: Binder.getCallingPid() = 912; uid = 10116; Binder.getCallingUid() = 1047; getNameForUid: null; getPackagesForUid: null; permName: android.permission.CAMERA; type = 1; res = -1; stacktrace=java.lang.Exception

06-12 21:28:22.961  1569  6371 I LSPosed-Bridge: 	at com.example.permlabel.requirePerm$1$2.afterHookedMethod(requirePerm.java:126)

06-12 21:28:22.961  1569  6371 I LSPosed-Bridge: 	at de.robv.android.xposed.XposedBridge$AdditionalHookInfo.callback(Unknown Source:147)

06-12 21:28:22.961  1569  6371 I LSPosed-Bridge: 	at LSPHooker_.checkPermission(Unknown Source:25)

06-12 21:28:22.961  1569  6371 I LSPosed-Bridge: 	at com.android.server.am.ActivityManagerService$PermissionController.checkPermission(ActivityManagerService.java:9248)

06-12 21:28:22.961  1569  6371 I LSPosed-Bridge: 	at android.os.IPermissionController$Stub.onTransact(IPermissionController.java:56)

06-12 21:28:22.961  1569  6371 I LSPosed-Bridge: 	at android.os.Binder.execTransact(Binder.java:731)

06-12 21:28:22.964  5440 13552 I LSPosed-Bridge: 5440 PermLabel 10116 android.permission.CAMERA open cameraId: 0; res= null; stacktrace=java.lang.Exception

06-12 21:28:22.964  5440 13552 I LSPosed-Bridge: 	at com.example.permlabel.hookCamera$3.afterHookedMethod(hookCamera.java:49)

06-12 21:28:22.964  5440 13552 I LSPosed-Bridge: 	at de.robv.android.xposed.XposedBridge$AdditionalHookInfo.callback(Unknown Source:147)

06-12 21:28:22.964  5440 13552 I LSPosed-Bridge: 	at LSPHooker_.open(Unknown Source:12)

06-12 21:28:22.964  5440 13552 I LSPosed-Bridge: 	at com.baidu.graph.camera.open.OpenCameraInterface.open(SourceFile:86)

06-12 21:28:22.964  5440 13552 I LSPosed-Bridge: 	at com.baidu.graph.camera.CameraManager.openDriverInMessage(SourceFile:495)

06-12 21:28:22.964  5440 13552 I LSPosed-Bridge: 	at com.baidu.graph.camera.CameraManager.handleMessage(SourceFile:362)

06-12 21:28:22.964  5440 13552 I LSPosed-Bridge: 	at android.os.Handler.dispatchMessage(Handler.java:102)

06-12 21:28:22.964  5440 13552 I LSPosed-Bridge: 	at android.os.Looper.loop(Looper.java:193)

06-12 21:28:22.964  5440 13552 I LSPosed-Bridge: 	at android.os.HandlerThread.run(HandlerThread.java:65)

06-12 21:28:22.965  5440 13552 I LSPosed-Bridge: 5440 PermLabel 10116 android.permission.CAMERA open cameraId: 0; res= null; stacktrace=java.lang.Exception

06-12 21:28:22.965  5440 13552 I LSPosed-Bridge: 	at com.example.permlabel.hookCamera$3.afterHookedMethod(hookCamera.java:49)

06-12 21:28:22.965  5440 13552 I LSPosed-Bridge: 	at de.robv.android.xposed.XposedBridge$AdditionalHookInfo.callback(Unknown Source:147)

06-12 21:28:22.965  5440 13552 I LSPosed-Bridge: 	at LSPHooker_.open(Unknown Source:12)

06-12 21:28:22.965  5440 13552 I LSPosed-Bridge: 	at com.baidu.graph.camera.open.OpenCameraInterface.open(SourceFile:86)

06-12 21:28:22.965  5440 13552 I LSPosed-Bridge: 	at com.baidu.graph.camera.CameraManager.openDriverInMessage(SourceFile:495)

06-12 21:28:22.965  5440 13552 I LSPosed-Bridge: 	at com.baidu.graph.camera.CameraManager.handleMessage(SourceFile:362)

06-12 21:28:22.965  5440 13552 I LSPosed-Bridge: 	at android.os.Handler.dispatchMessage(Handler.java:102)

06-12 21:28:22.965  5440 13552 I LSPosed-Bridge: 	at android.os.Looper.loop(Looper.java:193)

06-12 21:28:22.965  5440 13552 I LSPosed-Bridge: 	at android.os.HandlerThread.run(HandlerThread.java:65)

06-12 21:28:23.003  5440  5440 I LSPosed-Bridge: 5440 PermLabel 10116 ContextImpl.checkPermission: pid = 5440; uid = 10116; permName: android.permission.CAMERA; type = 1; res = -1; stacktrace=java.lang.Exception

06-12 21:28:23.003  5440  5440 I LSPosed-Bridge: 	at com.example.permlabel.requestPerm$2.afterHookedMethod(requestPerm.java:205)

06-12 21:28:23.003  5440  5440 I LSPosed-Bridge: 	at de.robv.android.xposed.XposedBridge$AdditionalHookInfo.callback(Unknown Source:147)

06-12 21:28:23.003  5440  5440 I LSPosed-Bridge: 	at LSPHooker_.checkPermission(Unknown Source:25)

06-12 21:28:23.003  5440  5440 I LSPosed-Bridge: 	at android.app.ContextImpl.checkSelfPermission(ContextImpl.java:1801)

06-12 21:28:23.003  5440  5440 I LSPosed-Bridge: 	at android.content.ContextWrapper.checkSelfPermission(ContextWrapper.java:759)

06-12 21:28:23.003  5440  5440 I LSPosed-Bridge: 	at com.baidu.searchbox.permission.DangerousPermissionManager.isPermissionGranted(SearchBox:130011)

06-12 21:28:23.003  5440  5440 I LSPosed-Bridge: 	at com.baidu.searchbox.permission.DangerousPermissionManager.isPermissionGroupGranted(SearchBox:130011)

06-12 21:28:23.003  5440  5440 I LSPosed-Bridge: 	at com.baidu.searchbox.permission.DangerousPermissionUtils.isPermissionGroupGranted(SearchBox:125015)

06-12 21:28:23.003  5440  5440 I LSPosed-Bridge: 	at com.baidu.graph.common.permission.GraphPermissionManager.isPermissionGranted(SourceFile:17)

06-12 21:28:23.003  5440  5440 I LSPosed-Bridge: 	at com.baidu.graph.sdk.biz.home.comp.GraphHomeView.isCameraPermissionGranted(SourceFile:6881)

06-12 21:28:23.003  5440  5440 I LSPosed-Bridge: 	at com.baidu.graph.sdk.biz.home.comp.GraphHomeView.access$isCameraPermissionGranted(SourceFile:251)

06-12 21:28:23.003  5440  5440 I LSPosed-Bridge: 	at com.baidu.graph.sdk.biz.home.comp.GraphHomeView$mOpenCallback$1.onException$lambda-1(SourceFile:5279)

06-12 21:28:23.003  5440  5440 I LSPosed-Bridge: 	at com.baidu.graph.sdk.biz.home.comp.GraphHomeView$mOpenCallback$1.lambda$QeDbwTSyRIGLv78XjtEeeP7GDcs(Unknown Source:0)

06-12 21:28:23.003  5440  5440 I LSPosed-Bridge: 	at com.baidu.graph.sdk.biz.home.comp.-$$Lambda$GraphHomeView$mOpenCallback$1$QeDbwTSyRIGLv78XjtEeeP7GDcs.run(Unknown Source:4)

06-12 21:28:23.003  5440  5440 I LSPosed-Bridge: 	at android.os.Handler.handleCallback(Handler.java:873)

06-12 21:28:23.003  5440  5440 I LSPosed-Bridge: 	at android.os.Handler.dispatchMessage(Handler.java:99)

06-12 21:28:23.003  5440  5440 I LSPosed-Bridge: 	at android.os.Looper.loop(Looper.java:193)

06-12 21:28:23.003  5440  5440 I LSPosed-Bridge: 	at android.app.ActivityThread.main(ActivityThread.java:6692)

06-12 21:28:23.003  5440  5440 I LSPosed-Bridge: 	at java.lang.reflect.Method.invoke(Native Method)

06-12 21:28:23.003  5440  5440 I LSPosed-Bridge: 	at com.android.internal.os.RuntimeInit$MethodAndArgsCaller.run(RuntimeInit.java:493)

06-12 21:28:23.003  5440  5440 I LSPosed-Bridge: 	at com.android.internal.os.ZygoteInit.main(ZygoteInit.java:858)

06-12 21:28:23.008  5440  5440 I LSPosed-Bridge: 5440 PermLabel 10116 ContextImpl.checkPermission: pid = 5440; uid = 10116; permName: android.permission.CAMERA; type = 1; res = -1; stacktrace=java.lang.Exception

06-12 21:28:23.008  5440  5440 I LSPosed-Bridge: 	at com.example.permlabel.requestPerm$2.afterHookedMethod(requestPerm.java:205)

06-12 21:28:23.008  5440  5440 I LSPosed-Bridge: 	at de.robv.android.xposed.XposedBridge$AdditionalHookInfo.callback(Unknown Source:147)

06-12 21:28:23.008  5440  5440 I LSPosed-Bridge: 	at LSPHooker_.checkPermission(Unknown Source:25)

06-12 21:28:23.008  5440  5440 I LSPosed-Bridge: 	at android.app.ContextImpl.checkSelfPermission(ContextImpl.java:1801)

06-12 21:28:23.008  5440  5440 I LSPosed-Bridge: 	at android.content.ContextWrapper.checkSelfPermission(ContextWrapper.java:759)

06-12 21:28:23.008  5440  5440 I LSPosed-Bridge: 	at com.baidu.searchbox.permission.DangerousPermissionManager.isPermissionGranted(SearchBox:130011)

06-12 21:28:23.008  5440  5440 I LSPosed-Bridge: 	at com.baidu.searchbox.permission.DangerousPermissionManager.isPermissionGroupGranted(SearchBox:130011)

06-12 21:28:23.008  5440  5440 I LSPosed-Bridge: 	at com.baidu.searchbox.permission.DangerousPermissionUtils.isPermissionGroupGranted(SearchBox:125015)

06-12 21:28:23.008  5440  5440 I LSPosed-Bridge: 	at com.baidu.graph.common.permission.GraphPermissionManager.isPermissionGranted(SourceFile:17)

06-12 21:28:23.008  5440  5440 I LSPosed-Bridge: 	at com.baidu.graph.sdk.biz.home.comp.GraphHomeView.isCameraPermissionGranted(SourceFile:6881)

06-12 21:28:23.008  5440  5440 I LSPosed-Bridge: 	at com.baidu.graph.sdk.biz.home.comp.GraphHomeView.access$isCameraPermissionGranted(SourceFile:251)

06-12 21:28:23.008  5440  5440 I LSPosed-Bridge: 	at com.baidu.graph.sdk.biz.home.comp.GraphHomeView$showShoubaiDialog$2.onShow(SourceFile:7386)

06-12 21:28:23.008  5440  5440 I LSPosed-Bridge: 	at com.baidu.graph.sdk.utils.exclusion.PopupExclusionManager.displayNext(SourceFile:179)

06-12 21:28:23.008  5440  5440 I LSPosed-Bridge: 	at com.baidu.graph.sdk.utils.exclusion.PopupExclusionManager.display(SourceFile:100)

06-12 21:28:23.008  5440  5440 I LSPosed-Bridge: 	at com.baidu.graph.sdk.biz.home.comp.GraphHomeView.showShoubaiDialog(SourceFile:7380)

06-12 21:28:23.008  5440  5440 I LSPosed-Bridge: 	at com.baidu.graph.sdk.biz.home.comp.GraphHomeView$mOpenCallback$1.onException$lambda-1(SourceFile:5281)

06-12 21:28:23.008  5440  5440 I LSPosed-Bridge: 	at com.baidu.graph.sdk.biz.home.comp.GraphHomeView$mOpenCallback$1.lambda$QeDbwTSyRIGLv78XjtEeeP7GDcs(Unknown Source:0)

06-12 21:28:23.008  5440  5440 I LSPosed-Bridge: 	at com.baidu.graph.sdk.biz.home.comp.-$$Lambda$GraphHomeView$mOpenCallback$1$QeDbwTSyRIGLv78XjtEeeP7GDcs.run(Unknown Source:4)

06-12 21:28:23.008  5440  5440 I LSPosed-Bridge: 	at android.os.Handler.handleCallback(Handler.java:873)

06-12 21:28:23.008  5440  5440 I LSPosed-Bridge: 	at android.os.Handler.dispatchMessage(Handler.java:99)

06-12 21:28:23.008  5440  5440 I LSPosed-Bridge: 	at android.os.Looper.loop(Looper.java:193)

06-12 21:28:23.008  5440  5440 I LSPosed-Bridge: 	at android.app.ActivityThread.main(ActivityThread.java:6692)

06-12 21:28:23.008  5440  5440 I LSPosed-Bridge: 	at java.lang.reflect.Method.invoke(Native Method)

06-12 21:28:23.008  5440  5440 I LSPosed-Bridge: 	at com.android.internal.os.RuntimeInit$MethodAndArgsCaller.run(RuntimeInit.java:493)

06-12 21:28:23.008  5440  5440 I LSPosed-Bridge: 	at com.android.internal.os.ZygoteInit.main(ZygoteInit.java:858)

06-12 21:28:23.015  5440  5440 I LSPosed-Bridge: 5440 PermLabel 10116 ContextImpl.checkPermission: pid = 5440; uid = 10116; permName: android.permission.CAMERA; type = 1; res = -1; stacktrace=java.lang.Exception

06-12 21:28:23.015  5440  5440 I LSPosed-Bridge: 	at com.example.permlabel.requestPerm$2.afterHookedMethod(requestPerm.java:205)

06-12 21:28:23.015  5440  5440 I LSPosed-Bridge: 	at de.robv.android.xposed.XposedBridge$AdditionalHookInfo.callback(Unknown Source:147)

06-12 21:28:23.015  5440  5440 I LSPosed-Bridge: 	at LSPHooker_.checkPermission(Unknown Source:25)

06-12 21:28:23.015  5440  5440 I LSPosed-Bridge: 	at android.app.ContextImpl.checkSelfPermission(ContextImpl.java:1801)

06-12 21:28:23.015  5440  5440 I LSPosed-Bridge: 	at android.content.ContextWrapper.checkSelfPermission(ContextWrapper.java:759)

06-12 21:28:23.015  5440  5440 I LSPosed-Bridge: 	at com.baidu.searchbox.permission.DangerousPermissionManager.isPermissionGranted(SearchBox:130011)

06-12 21:28:23.015  5440  5440 I LSPosed-Bridge: 	at com.baidu.searchbox.permission.DangerousPermissionManager.isPermissionGroupGranted(SearchBox:130011)

06-12 21:28:23.015  5440  5440 I LSPosed-Bridge: 	at com.baidu.searchbox.permission.DangerousPermissionUtils.startPermissionActivity(SearchBox:170012)

06-12 21:28:23.015  5440  5440 I LSPosed-Bridge: 	at com.baidu.searchbox.permission.DangerousPermissionUtils.requestPermissions(SearchBox:140022)

06-12 21:28:23.015  5440  5440 I LSPosed-Bridge: 	at com.baidu.graph.common.permission.GraphPermissionManager.requestPermissions(SourceFile:27)

06-12 21:28:23.015  5440  5440 I LSPosed-Bridge: 	at com.baidu.graph.sdk.biz.home.comp.GraphHomeView$showShoubaiDialog$2.onShow(SourceFile:7390)

06-12 21:28:23.015  5440  5440 I LSPosed-Bridge: 	at com.baidu.graph.sdk.utils.exclusion.PopupExclusionManager.displayNext(SourceFile:179)

06-12 21:28:23.015  5440  5440 I LSPosed-Bridge: 	at com.baidu.graph.sdk.utils.exclusion.PopupExclusionManager.display(SourceFile:100)

06-12 21:28:23.015  5440  5440 I LSPosed-Bridge: 	at com.baidu.graph.sdk.biz.home.comp.GraphHomeView.showShoubaiDialog(SourceFile:7380)

06-12 21:28:23.015  5440  5440 I LSPosed-Bridge: 	at com.baidu.graph.sdk.biz.home.comp.GraphHomeView$mOpenCallback$1.onException$lambda-1(SourceFile:5281)

06-12 21:28:23.015  5440  5440 I LSPosed-Bridge: 	at com.baidu.graph.sdk.biz.home.comp.GraphHomeView$mOpenCallback$1.lambda$QeDbwTSyRIGLv78XjtEeeP7GDcs(Unknown Source:0)

06-12 21:28:23.015  5440  5440 I LSPosed-Bridge: 	at com.baidu.graph.sdk.biz.home.comp.-$$Lambda$GraphHomeView$mOpenCallback$1$QeDbwTSyRIGLv78XjtEeeP7GDcs.run(Unknown Source:4)

06-12 21:28:23.015  5440  5440 I LSPosed-Bridge: 	at android.os.Handler.handleCallback(Handler.java:873)

06-12 21:28:23.015  5440  5440 I LSPosed-Bridge: 	at android.os.Handler.dispatchMessage(Handler.java:99)

06-12 21:28:23.015  5440  5440 I LSPosed-Bridge: 	at android.os.Looper.loop(Looper.java:193)

06-12 21:28:23.015  5440  5440 I LSPosed-Bridge: 	at android.app.ActivityThread.main(ActivityThread.java:6692)

06-12 21:28:23.015  5440  5440 I LSPosed-Bridge: 	at java.lang.reflect.Method.invoke(Native Method)

06-12 21:28:23.015  5440  5440 I LSPosed-Bridge: 	at com.android.internal.os.RuntimeInit$MethodAndArgsCaller.run(RuntimeInit.java:493)

06-12 21:28:23.015  5440  5440 I LSPosed-Bridge: 	at com.android.internal.os.ZygoteInit.main(ZygoteInit.java:858)

06-12 21:28:23.103  5440  5440 I LSPosed-Bridge: 5440 PermLabel 10116 ContextImpl.checkPermission: pid = 5440; uid = 10116; permName: android.permission.CAMERA; type = 1; res = -1; stacktrace=java.lang.Exception

06-12 21:28:23.103  5440  5440 I LSPosed-Bridge: 	at com.example.permlabel.requestPerm$2.afterHookedMethod(requestPerm.java:205)

06-12 21:28:23.103  5440  5440 I LSPosed-Bridge: 	at de.robv.android.xposed.XposedBridge$AdditionalHookInfo.callback(Unknown Source:147)

06-12 21:28:23.103  5440  5440 I LSPosed-Bridge: 	at LSPHooker_.checkPermission(Unknown Source:25)

06-12 21:28:23.103  5440  5440 I LSPosed-Bridge: 	at android.app.ContextImpl.checkSelfPermission(ContextImpl.java:1801)

06-12 21:28:23.103  5440  5440 I LSPosed-Bridge: 	at android.content.ContextWrapper.checkSelfPermission(ContextWrapper.java:759)

06-12 21:28:23.103  5440  5440 I LSPosed-Bridge: 	at com.baidu.searchbox.permission.DangerousPermissionManager.isPermissionGranted(SearchBox:130011)

06-12 21:28:23.103  5440  5440 I LSPosed-Bridge: 	at com.baidu.searchbox.permission.DangerousPermissionManager.getPermissionGroupName(SearchBox:150012)

06-12 21:28:23.103  5440  5440 I LSPosed-Bridge: 	at com.baidu.searchbox.permission.DangerousPermissionManager.shouldShowPermissionInstrumentWindow(SearchBox:150014)

06-12 21:28:23.103  5440  5440 I LSPosed-Bridge: 	at com.baidu.searchbox.permission.DangerousPermissionUtils.showPermissionInstrumentWindow(SearchBox:165021)

06-12 21:28:23.103  5440  5440 I LSPosed-Bridge: 	at com.baidu.searchbox.permission.PermissionActivity.onCreate(SearchBox:120103)

06-12 21:28:23.103  5440  5440 I LSPosed-Bridge: 	at android.app.Activity.performCreate(Activity.java:7136)

06-12 21:28:23.103  5440  5440 I LSPosed-Bridge: 	at android.app.Activity.performCreate(Activity.java:7127)

06-12 21:28:23.103  5440  5440 I LSPosed-Bridge: 	at android.app.Instrumentation.callActivityOnCreate(Instrumentation.java:1272)

06-12 21:28:23.103  5440  5440 I LSPosed-Bridge: 	at android.app.ActivityThread.performLaunchActivity(ActivityThread.java:2894)

06-12 21:28:23.103  5440  5440 I LSPosed-Bridge: 	at android.app.ActivityThread.handleLaunchActivity(ActivityThread.java:3049)

06-12 21:28:23.103  5440  5440 I LSPosed-Bridge: 	at android.app.servertransaction.LaunchActivityItem.execute(LaunchActivityItem.java:78)

06-12 21:28:23.103  5440  5440 I LSPosed-Bridge: 	at android.app.servertransaction.TransactionExecutor.executeCallbacks(TransactionExecutor.java:108)

06-12 21:28:23.103  5440  5440 I LSPosed-Bridge: 	at android.app.servertransaction.TransactionExecutor.execute(TransactionExecutor.java:68)

06-12 21:28:23.103  5440  5440 I LSPosed-Bridge: 	at android.app.ActivityThread$H.handleMessage(ActivityThread.java:1809)

06-12 21:28:23.103  5440  5440 I LSPosed-Bridge: 	at android.os.Handler.dispatchMessage(Handler.java:106)

06-12 21:28:23.103  5440  5440 I LSPosed-Bridge: 	at android.os.Looper.loop(Looper.java:193)

06-12 21:28:23.103  5440  5440 I LSPosed-Bridge: 	at android.app.ActivityThread.main(ActivityThread.java:6692)

06-12 21:28:23.103  5440  5440 I LSPosed-Bridge: 	at java.lang.reflect.Method.invoke(Native Method)

06-12 21:28:23.103  5440  5440 I LSPosed-Bridge: 	at com.android.internal.os.RuntimeInit$MethodAndArgsCaller.run(RuntimeInit.java:493)

06-12 21:28:23.103  5440  5440 I LSPosed-Bridge: 	at com.android.internal.os.ZygoteInit.main(ZygoteInit.java:858)

06-12 21:28:23.106  5440  5440 I LSPosed-Bridge: 5440 PermLabel 10116 ContextImpl.checkPermission: pid = 5440; uid = 10116; permName: android.permission.CAMERA; type = 1; res = -1; stacktrace=java.lang.Exception

06-12 21:28:23.106  5440  5440 I LSPosed-Bridge: 	at com.example.permlabel.requestPerm$2.afterHookedMethod(requestPerm.java:205)

06-12 21:28:23.106  5440  5440 I LSPosed-Bridge: 	at de.robv.android.xposed.XposedBridge$AdditionalHookInfo.callback(Unknown Source:147)

06-12 21:28:23.106  5440  5440 I LSPosed-Bridge: 	at LSPHooker_.checkPermission(Unknown Source:25)

06-12 21:28:23.106  5440  5440 I LSPosed-Bridge: 	at android.app.ContextImpl.checkSelfPermission(ContextImpl.java:1801)

06-12 21:28:23.106  5440  5440 I LSPosed-Bridge: 	at android.content.ContextWrapper.checkSelfPermission(ContextWrapper.java:759)

06-12 21:28:23.106  5440  5440 I LSPosed-Bridge: 	at com.baidu.searchbox.permission.DangerousPermissionManager.isPermissionGranted(SearchBox:130011)

06-12 21:28:23.106  5440  5440 I LSPosed-Bridge: 	at com.baidu.searchbox.permission.DangerousPermissionManager.isPermissionGroupGranted(SearchBox:130011)

06-12 21:28:23.106  5440  5440 I LSPosed-Bridge: 	at com.baidu.searchbox.permission.DangerousPermissionUtils.showPermissionInstrumentWindow(SearchBox:165027)

06-12 21:28:23.106  5440  5440 I LSPosed-Bridge: 	at com.baidu.searchbox.permission.PermissionActivity.onCreate(SearchBox:120103)

06-12 21:28:23.106  5440  5440 I LSPosed-Bridge: 	at android.app.Activity.performCreate(Activity.java:7136)

06-12 21:28:23.106  5440  5440 I LSPosed-Bridge: 	at android.app.Activity.performCreate(Activity.java:7127)

06-12 21:28:23.106  5440  5440 I LSPosed-Bridge: 	at android.app.Instrumentation.callActivityOnCreate(Instrumentation.java:1272)

06-12 21:28:23.106  5440  5440 I LSPosed-Bridge: 	at android.app.ActivityThread.performLaunchActivity(ActivityThread.java:2894)

06-12 21:28:23.106  5440  5440 I LSPosed-Bridge: 	at android.app.ActivityThread.handleLaunchActivity(ActivityThread.java:3049)

06-12 21:28:23.106  5440  5440 I LSPosed-Bridge: 	at android.app.servertransaction.LaunchActivityItem.execute(LaunchActivityItem.java:78)

06-12 21:28:23.106  5440  5440 I LSPosed-Bridge: 	at android.app.servertransaction.TransactionExecutor.executeCallbacks(TransactionExecutor.java:108)

06-12 21:28:23.106  5440  5440 I LSPosed-Bridge: 	at android.app.servertransaction.TransactionExecutor.execute(TransactionExecutor.java:68)

06-12 21:28:23.106  5440  5440 I LSPosed-Bridge: 	at android.app.ActivityThread$H.handleMessage(ActivityThread.java:1809)

06-12 21:28:23.106  5440  5440 I LSPosed-Bridge: 	at android.os.Handler.dispatchMessage(Handler.java:106)

06-12 21:28:23.106  5440  5440 I LSPosed-Bridge: 	at android.os.Looper.loop(Looper.java:193)

06-12 21:28:23.106  5440  5440 I LSPosed-Bridge: 	at android.app.ActivityThread.main(ActivityThread.java:6692)

06-12 21:28:23.106  5440  5440 I LSPosed-Bridge: 	at java.lang.reflect.Method.invoke(Native Method)

06-12 21:28:23.106  5440  5440 I LSPosed-Bridge: 	at com.android.internal.os.RuntimeInit$MethodAndArgsCaller.run(RuntimeInit.java:493)

06-12 21:28:23.106  5440  5440 I LSPosed-Bridge: 	at com.android.internal.os.ZygoteInit.main(ZygoteInit.java:858)

06-12 21:28:23.109  5440  5440 I LSPosed-Bridge: 5440 PermLabel 10116 ContextImpl.checkPermission: pid = 5440; uid = 10116; permName: android.permission.CAMERA; type = 1; res = -1; stacktrace=java.lang.Exception

06-12 21:28:23.109  5440  5440 I LSPosed-Bridge: 	at com.example.permlabel.requestPerm$2.afterHookedMethod(requestPerm.java:205)

06-12 21:28:23.109  5440  5440 I LSPosed-Bridge: 	at de.robv.android.xposed.XposedBridge$AdditionalHookInfo.callback(Unknown Source:147)

06-12 21:28:23.109  5440  5440 I LSPosed-Bridge: 	at LSPHooker_.checkPermission(Unknown Source:25)

06-12 21:28:23.109  5440  5440 I LSPosed-Bridge: 	at android.app.ContextImpl.checkSelfPermission(ContextImpl.java:1801)

06-12 21:28:23.109  5440  5440 I LSPosed-Bridge: 	at android.content.ContextWrapper.checkSelfPermission(ContextWrapper.java:759)

06-12 21:28:23.109  5440  5440 I LSPosed-Bridge: 	at com.baidu.searchbox.permission.DangerousPermissionManager.isPermissionGranted(SearchBox:130011)

06-12 21:28:23.109  5440  5440 I LSPosed-Bridge: 	at com.baidu.searchbox.permission.DangerousPermissionManager.getPermissionGroupName(SearchBox:150012)

06-12 21:28:23.109  5440  5440 I LSPosed-Bridge: 	at com.baidu.searchbox.permission.DangerousPermissionManager.buildPermissionInstrumentWindow(SearchBox:145008)

06-12 21:28:23.109  5440  5440 I LSPosed-Bridge: 	at com.baidu.searchbox.permission.DangerousPermissionUtils.showPermissionInstrumentWindow(SearchBox:165040)

06-12 21:28:23.109  5440  5440 I LSPosed-Bridge: 	at com.baidu.searchbox.permission.PermissionActivity.onCreate(SearchBox:120103)

06-12 21:28:23.109  5440  5440 I LSPosed-Bridge: 	at android.app.Activity.performCreate(Activity.java:7136)

06-12 21:28:23.109  5440  5440 I LSPosed-Bridge: 	at android.app.Activity.performCreate(Activity.java:7127)

06-12 21:28:23.109  5440  5440 I LSPosed-Bridge: 	at android.app.Instrumentation.callActivityOnCreate(Instrumentation.java:1272)

06-12 21:28:23.109  5440  5440 I LSPosed-Bridge: 	at android.app.ActivityThread.performLaunchActivity(ActivityThread.java:2894)

06-12 21:28:23.109  5440  5440 I LSPosed-Bridge: 	at android.app.ActivityThread.handleLaunchActivity(ActivityThread.java:3049)

06-12 21:28:23.109  5440  5440 I LSPosed-Bridge: 	at android.app.servertransaction.LaunchActivityItem.execute(LaunchActivityItem.java:78)

06-12 21:28:23.109  5440  5440 I LSPosed-Bridge: 	at android.app.servertransaction.TransactionExecutor.executeCallbacks(TransactionExecutor.java:108)

06-12 21:28:23.109  5440  5440 I LSPosed-Bridge: 	at android.app.servertransaction.TransactionExecutor.execute(TransactionExecutor.java:68)

06-12 21:28:23.109  5440  5440 I LSPosed-Bridge: 	at android.app.ActivityThread$H.handleMessage(ActivityThread.java:1809)

06-12 21:28:23.109  5440  5440 I LSPosed-Bridge: 	at android.os.Handler.dispatchMessage(Handler.java:106)

06-12 21:28:23.109  5440  5440 I LSPosed-Bridge: 	at android.os.Looper.loop(Looper.java:193)

06-12 21:28:23.109  5440  5440 I LSPosed-Bridge: 	at android.app.ActivityThread.main(ActivityThread.java:6692)

06-12 21:28:23.109  5440  5440 I LSPosed-Bridge: 	at java.lang.reflect.Method.invoke(Native Method)

06-12 21:28:23.109  5440  5440 I LSPosed-Bridge: 	at com.android.internal.os.RuntimeInit$MethodAndArgsCaller.run(RuntimeInit.java:493)

06-12 21:28:23.109  5440  5440 I LSPosed-Bridge: 	at com.android.internal.os.ZygoteInit.main(ZygoteInit.java:858)

06-12 21:28:23.112  5440  5440 I LSPosed-Bridge: 5440 PermLabel 10116 requestPermissions (Activity): pid = 5440; permName: android.permission.CAMERA; stacktrace=java.lang.Exception

06-12 21:28:23.112  5440  5440 I LSPosed-Bridge: 	at com.example.permlabel.requestPerm$3.beforeHookedMethod(requestPerm.java:222)

06-12 21:28:23.112  5440  5440 I LSPosed-Bridge: 	at de.robv.android.xposed.XposedBridge$AdditionalHookInfo.callback(Unknown Source:79)

06-12 21:28:23.112  5440  5440 I LSPosed-Bridge: 	at LSPHooker_.requestPermissions(Unknown Source:18)

06-12 21:28:23.112  5440  5440 I LSPosed-Bridge: 	at com.baidu.searchbox.permission.PermissionActivity.onCreate(SearchBox:120113)

06-12 21:28:23.112  5440  5440 I LSPosed-Bridge: 	at android.app.Activity.performCreate(Activity.java:7136)

06-12 21:28:23.112  5440  5440 I LSPosed-Bridge: 	at android.app.Activity.performCreate(Activity.java:7127)

06-12 21:28:23.112  5440  5440 I LSPosed-Bridge: 	at android.app.Instrumentation.callActivityOnCreate(Instrumentation.java:1272)

06-12 21:28:23.112  5440  5440 I LSPosed-Bridge: 	at android.app.ActivityThread.performLaunchActivity(ActivityThread.java:2894)

06-12 21:28:23.112  5440  5440 I LSPosed-Bridge: 	at android.app.ActivityThread.handleLaunchActivity(ActivityThread.java:3049)

06-12 21:28:23.112  5440  5440 I LSPosed-Bridge: 	at android.app.servertransaction.LaunchActivityItem.execute(LaunchActivityItem.java:78)

06-12 21:28:23.112  5440  5440 I LSPosed-Bridge: 	at android.app.servertransaction.TransactionExecutor.executeCallbacks(TransactionExecutor.java:108)

06-12 21:28:23.112  5440  5440 I LSPosed-Bridge: 	at android.app.servertransaction.TransactionExecutor.execute(TransactionExecutor.java:68)

06-12 21:28:23.112  5440  5440 I LSPosed-Bridge: 	at android.app.ActivityThread$H.handleMessage(ActivityThread.java:1809)

06-12 21:28:23.112  5440  5440 I LSPosed-Bridge: 	at android.os.Handler.dispatchMessage(Handler.java:106)

06-12 21:28:23.112  5440  5440 I LSPosed-Bridge: 	at android.os.Looper.loop(Looper.java:193)

06-12 21:28:23.112  5440  5440 I LSPosed-Bridge: 	at android.app.ActivityThread.main(ActivityThread.java:6692)

06-12 21:28:23.112  5440  5440 I LSPosed-Bridge: 	at java.lang.reflect.Method.invoke(Native Method)

06-12 21:28:23.112  5440  5440 I LSPosed-Bridge: 	at com.android.internal.os.RuntimeInit$MethodAndArgsCaller.run(RuntimeInit.java:493)

06-12 21:28:23.112  5440  5440 I LSPosed-Bridge: 	at com.android.internal.os.ZygoteInit.main(ZygoteInit.java:858)

06-12 21:28:23.126  1569  6371 I LSPosed-Bridge: 5440 PermLabel 10116 startActivityAsUser permName: android.permission.CAMERA

06-12 21:28:23.126  1569  6371 I ActivityManager: START u0 {act=android.content.pm.action.REQUEST_PERMISSIONS pkg=com.google.android.packageinstaller cmp=com.google.android.packageinstaller/com.android.packageinstaller.permission.ui.GrantPermissionsActivity (has extras)} from uid 10116

06-12 21:28:23.175  5440  5440 I LSPosed-Bridge: 5440 PermLabel 10116 ContextImpl.checkPermission: pid = 5440; uid = 10116; permName: android.permission.CAMERA; type = 1; res = -1; stacktrace=java.lang.Exception

06-12 21:28:23.175  5440  5440 I LSPosed-Bridge: 	at com.example.permlabel.requestPerm$2.afterHookedMethod(requestPerm.java:205)

06-12 21:28:23.175  5440  5440 I LSPosed-Bridge: 	at de.robv.android.xposed.XposedBridge$AdditionalHookInfo.callback(Unknown Source:147)

06-12 21:28:23.175  5440  5440 I LSPosed-Bridge: 	at LSPHooker_.checkPermission(Unknown Source:25)

06-12 21:28:23.175  5440  5440 I LSPosed-Bridge: 	at android.app.ContextImpl.checkSelfPermission(ContextImpl.java:1801)

06-12 21:28:23.175  5440  5440 I LSPosed-Bridge: 	at android.content.ContextWrapper.checkSelfPermission(ContextWrapper.java:759)

06-12 21:28:23.175  5440  5440 I LSPosed-Bridge: 	at com.baidu.searchbox.permission.DangerousPermissionManager.isPermissionGranted(SearchBox:130011)

06-12 21:28:23.175  5440  5440 I LSPosed-Bridge: 	at com.baidu.searchbox.permission.DangerousPermissionManager.getPermissionGroupName(SearchBox:150012)

06-12 21:28:23.175  5440  5440 I LSPosed-Bridge: 	at com.baidu.searchbox.permission.DangerousPermissionManager.shouldShowPermissionInstrumentWindow(SearchBox:150014)

06-12 21:28:23.175  5440  5440 I LSPosed-Bridge: 	at com.baidu.searchbox.permission.DangerousPermissionUtils$a.run(SearchBox:110020)

06-12 21:28:23.175  5440  5440 I LSPosed-Bridge: 	at android.os.Handler.handleCallback(Handler.java:873)

06-12 21:28:23.175  5440  5440 I LSPosed-Bridge: 	at android.os.Handler.dispatchMessage(Handler.java:99)

06-12 21:28:23.175  5440  5440 I LSPosed-Bridge: 	at android.os.Looper.loop(Looper.java:193)

06-12 21:28:23.175  5440  5440 I LSPosed-Bridge: 	at android.app.ActivityThread.main(ActivityThread.java:6692)

06-12 21:28:23.175  5440  5440 I LSPosed-Bridge: 	at java.lang.reflect.Method.invoke(Native Method)

06-12 21:28:23.175  5440  5440 I LSPosed-Bridge: 	at com.android.internal.os.RuntimeInit$MethodAndArgsCaller.run(RuntimeInit.java:493)

06-12 21:28:23.175  5440  5440 I LSPosed-Bridge: 	at com.android.internal.os.ZygoteInit.main(ZygoteInit.java:858)

06-12 21:28:23.177  5440  5440 I LSPosed-Bridge: 5440 PermLabel 10116 ContextImpl.checkPermission: pid = 5440; uid = 10116; permName: android.permission.CAMERA; type = 1; res = -1; stacktrace=java.lang.Exception

06-12 21:28:23.177  5440  5440 I LSPosed-Bridge: 	at com.example.permlabel.requestPerm$2.afterHookedMethod(requestPerm.java:205)

06-12 21:28:23.177  5440  5440 I LSPosed-Bridge: 	at de.robv.android.xposed.XposedBridge$AdditionalHookInfo.callback(Unknown Source:147)

06-12 21:28:23.177  5440  5440 I LSPosed-Bridge: 	at LSPHooker_.checkPermission(Unknown Source:25)

06-12 21:28:23.177  5440  5440 I LSPosed-Bridge: 	at android.app.ContextImpl.checkSelfPermission(ContextImpl.java:1801)

06-12 21:28:23.177  5440  5440 I LSPosed-Bridge: 	at android.content.ContextWrapper.checkSelfPermission(ContextWrapper.java:759)

06-12 21:28:23.177  5440  5440 I LSPosed-Bridge: 	at com.baidu.searchbox.permission.DangerousPermissionManager.isPermissionGranted(SearchBox:130011)

06-12 21:28:23.177  5440  5440 I LSPosed-Bridge: 	at com.baidu.searchbox.permission.DangerousPermissionManager.isPermissionGroupGranted(SearchBox:130011)

06-12 21:28:23.177  5440  5440 I LSPosed-Bridge: 	at com.baidu.searchbox.permission.DangerousPermissionUtils$a.run(SearchBox:110030)

06-12 21:28:23.177  5440  5440 I LSPosed-Bridge: 	at android.os.Handler.handleCallback(Handler.java:873)

06-12 21:28:23.177  5440  5440 I LSPosed-Bridge: 	at android.os.Handler.dispatchMessage(Handler.java:99)

06-12 21:28:23.177  5440  5440 I LSPosed-Bridge: 	at android.os.Looper.loop(Looper.java:193)

06-12 21:28:23.177  5440  5440 I LSPosed-Bridge: 	at android.app.ActivityThread.main(ActivityThread.java:6692)

06-12 21:28:23.177  5440  5440 I LSPosed-Bridge: 	at java.lang.reflect.Method.invoke(Native Method)

06-12 21:28:23.177  5440  5440 I LSPosed-Bridge: 	at com.android.internal.os.RuntimeInit$MethodAndArgsCaller.run(RuntimeInit.java:493)

06-12 21:28:23.177  5440  5440 I LSPosed-Bridge: 	at com.android.internal.os.ZygoteInit.main(ZygoteInit.java:858)

