06-12 21:27:45.003 13596 13596 W System.err: android.content.pm.PackageManager$NameNotFoundException: freemme.permission.msa

06-12 21:27:45.003 13596 13596 W System.err: android.content.pm.PackageManager$NameNotFoundException: freemme.permission.msa

06-12 21:27:45.003 13596 13596 W System.err: 	at android.app.ApplicationPackageManager.getPermissionInfo(ApplicationPackageManager.java:315)

06-12 21:27:45.003 13596 13596 W System.err: 	at android.app.ApplicationPackageManager.getPermissionInfo(ApplicationPackageManager.java:315)

06-12 21:27:45.003 13596 13596 W System.err: 	at com.example.permlabel.requestPerm.handleLoadPackage(requestPerm.java:85)

06-12 21:27:45.003 13596 13596 W System.err: 	at com.example.permlabel.requestPerm.handleLoadPackage(requestPerm.java:85)

06-12 21:27:45.003 13596 13596 W System.err: 	at de.robv.android.xposed.IXposedHookLoadPackage$Wrapper.handleLoadPackage(Unknown Source:2)

06-12 21:27:45.003 13596 13596 W System.err: 	at de.robv.android.xposed.IXposedHookLoadPackage$Wrapper.handleLoadPackage(Unknown Source:2)

06-12 21:27:45.003 13596 13596 W System.err: 	at de.robv.android.xposed.callbacks.XC_LoadPackage.call(Unknown Source:6)

06-12 21:27:45.003 13596 13596 W System.err: 	at de.robv.android.xposed.callbacks.XC_LoadPackage.call(Unknown Source:6)

06-12 21:27:45.003 13596 13596 W System.err: 	at de.robv.android.xposed.callbacks.XCallback.callAll(Unknown Source:26)

06-12 21:27:45.003 13596 13596 W System.err: 	at de.robv.android.xposed.callbacks.XCallback.callAll(Unknown Source:26)

06-12 21:27:45.003 13596 13596 W System.err: 	at I.afterHookedMethod(Unknown Source:1)

06-12 21:27:45.003 13596 13596 W System.err: 	at I.afterHookedMethod(Unknown Source:1)

06-12 21:27:45.003 13596 13596 W System.err: 	at de.robv.android.xposed.XposedBridge$AdditionalHookInfo.callback(Unknown Source:147)

06-12 21:27:45.003 13596 13596 W System.err: 	at de.robv.android.xposed.XposedBridge$AdditionalHookInfo.callback(Unknown Source:147)

06-12 21:27:45.003 13596 13596 W System.err: 	at LSPHooker_.getClassLoader(Unknown Source:8)

06-12 21:27:45.003 13596 13596 W System.err: 	at LSPHooker_.getClassLoader(Unknown Source:8)

06-12 21:27:45.003 13596 13596 W System.err: 	at android.app.LoadedApk.getResources(LoadedApk.java:1032)

06-12 21:27:45.003 13596 13596 W System.err: 	at android.app.LoadedApk.getResources(LoadedApk.java:1032)

06-12 21:27:45.003 13596 13596 W System.err: 	at android.app.ContextImpl.createAppContext(ContextImpl.java:2345)

06-12 21:27:45.003 13596 13596 W System.err: 	at android.app.ContextImpl.createAppContext(ContextImpl.java:2345)

06-12 21:27:45.003 13596 13596 W System.err: 	at android.app.ActivityThread.handleBindApplication(ActivityThread.java:5759)

06-12 21:27:45.003 13596 13596 W System.err: 	at android.app.ActivityThread.handleBindApplication(ActivityThread.java:5759)

06-12 21:27:45.003 13596 13596 W System.err: 	at android.app.ActivityThread.access$1100(ActivityThread.java:200)

06-12 21:27:45.003 13596 13596 W System.err: 	at android.app.ActivityThread.access$1100(ActivityThread.java:200)

06-12 21:27:45.003 13596 13596 W System.err: 	at android.app.ActivityThread$H.handleMessage(ActivityThread.java:1651)

06-12 21:27:45.003 13596 13596 W System.err: 	at android.app.ActivityThread$H.handleMessage(ActivityThread.java:1651)

06-12 21:27:45.003 13596 13596 W System.err: 	at android.os.Handler.dispatchMessage(Handler.java:106)

06-12 21:27:45.003 13596 13596 W System.err: 	at android.os.Handler.dispatchMessage(Handler.java:106)

06-12 21:27:45.003 13596 13596 W System.err: 	at android.os.Looper.loop(Looper.java:193)

06-12 21:27:45.003 13596 13596 W System.err: 	at android.os.Looper.loop(Looper.java:193)

06-12 21:27:45.003 13596 13596 W System.err: 	at android.app.ActivityThread.main(ActivityThread.java:6692)

06-12 21:27:45.003 13596 13596 W System.err: 	at android.app.ActivityThread.main(ActivityThread.java:6692)

06-12 21:27:45.003 13596 13596 W System.err: 	at java.lang.reflect.Method.invoke(Native Method)

06-12 21:27:45.003 13596 13596 W System.err: 	at java.lang.reflect.Method.invoke(Native Method)

06-12 21:27:45.003 13596 13596 W System.err: 	at com.android.internal.os.RuntimeInit$MethodAndArgsCaller.run(RuntimeInit.java:493)

06-12 21:27:45.003 13596 13596 W System.err: 	at com.android.internal.os.RuntimeInit$MethodAndArgsCaller.run(RuntimeInit.java:493)

06-12 21:27:45.003 13596 13596 W System.err: 	at com.android.internal.os.ZygoteInit.main(ZygoteInit.java:858)

06-12 21:27:45.003 13596 13596 W System.err: 	at com.android.internal.os.ZygoteInit.main(ZygoteInit.java:858)

06-12 21:27:45.003 13596 13596 I LSPosed-Bridge: 13596 PermLabel 10116 all_declared permissions =android.permission.FOREGROUND_SERVICE android.permission.CAMERA android.permission.FLASHLIGHT com.baidu.searchbox.permission.DOWNLOAD_STORY com.baidu.searchbox.permission.APS_INSTALL android.permission.BLUETOOTH android.permission.ACCESS_NETWORK_STATE android.permission.READ_PHONE_STATE android.permission.INTERNET android.permission.RECORD_AUDIO android.permission.ACCESS_WIFI_STATE android.permission.ACCESS_COARSE_LOCATION android.permission.ACCESS_FINE_LOCATION android.permission.READ_CONTACTS android.permission.WRITE_EXTERNAL_STORAGE android.permission.WAKE_LOCK com.android.launcher.permission.INSTALL_SHORTCUT com.android.launcher.permission.UNINSTALL_SHORTCUT com.android.launcher.permission.READ_SETTINGS com.android.launcher2.permission.READ_SETTINGS com.android.launcher3.permission.READ_SETTINGS com.oppo.launcher.permission.READ_SETTINGS com.huawei.android.launcher.permission.READ_SETTINGS com.meizu.flyme.launcher.permission.READ_SETTINGS com.lenovo.launcher.permission.READ_SETTINGS com.htc.launcher.permission.READ_SETTINGS com.qiku.launcher.permission.READ_SETTINGS com.zte.mifavor.launcher.permission.READ_SETTINGS com.bbk.launcher2.permission.READ_SETTINGS android.permission.GET_TASKS android.permission.CHANGE_WIFI_STATE android.permission.SYSTEM_ALERT_WINDOW android.permission.DISABLE_KEYGUARD android.permission.REQUEST_INSTALL_PACKAGES android.permission.RECEIVE_BOOT_COMPLETED android.permission.BROADCAST_STICKY android.permission.WRITE_SETTINGS android.permission.GET_ACCOUNTS android.permission.USE_CREDENTIALS android.permission.MANAGE_ACCOUNTS android.permission.CHANGE_NETWORK_STATE android.permission.NFC com.huawei.android.launcher.permission.CHANGE_BADGE com.sec.android.provider.badge.permission.READ com.sec.android.provider.badge.permission.WRITE android.permission.VIBRATE android.permission.EXPAND_STATUS_BAR android.permission.READ_EXTERNAL_STORAGE com.baidu.appsearch.permission.LAUNCH android.permission.MODIFY_AUDIO_SETTINGS android.permission.REQUEST_IGNORE_BATTERY_OPTIMIZATIONS android.permission.RESTART_PACKAGES android.permission.BLUETOOTH_ADMIN android.permission.QUERY_ALL_PACKAGES android.permission.USE_FINGERPRINT com.baidu.searchbox.permission.MATRIX_PRODUCT_CONFIG android.permission.READ_PRIVILEGED_PHONE_STATE android.permission.BLUETOOTH_CONNECT android.permission.KILL_BACKGROUND_PROCESSES android.permission.REORDER_TASKS android.permission.SYSTEM_OVERLAY_WINDOW android.permission.SET_WALLPAPER android.permission.READ_CALENDAR android.permission.WRITE_CALENDAR com.miui.home.launcher.permission.INSTALL_WIDGET android.permission.PACKAGE_USAGE_STATS com.vivo.notification.permission.BADGE_ICON android.permission.READ_SYNC_SETTINGS android.permission.WRITE_SYNC_SETTINGS android.permission.GET_PACKAGE_SIZE android.permission.DOWNLOAD_WITHOUT_NOTIFICATION android.permission.MOUNT_UNMOUNT_FILESYSTEMS android.permission.MODIFY_PHONE_STATE android.hardware.camera org.fidoalliance.uaf.permissions.FIDO_CLIENT com.fingerprints.service.ACCESS_FINGERPRINT_MANAGER com.sec.feature.fingerprint_manager_service android.permission.POST_NOTIFICATIONS com.baidu.searchbox.permission.MIPUSH_RECEIVE com.meizu.flyme.permission.PUSH android.permission.INTERACT_ACROSS_USERS_FULL android.permission.INTERACT_ACROSS_USERS android.permission.MANAGE_USERS com.hihonor.push.permission.READ_PUSH_NOTIFICATION_INFO baidu.push.permission.WRITE_PUSHINFOPROVIDER.com.baidu.searchbox com.vivo.abe.permission.launcher.notification.num com.baidu.searchbox.permission.sofire.RECEIVE com.asus.msa.SupplementaryDID.ACCESS freemme.permission.msa 

06-12 21:27:45.003 13596 13596 I LSPosed-Bridge: 13596 PermLabel 10116 all_declared permissions =android.permission.FOREGROUND_SERVICE android.permission.CAMERA android.permission.FLASHLIGHT com.baidu.searchbox.permission.DOWNLOAD_STORY com.baidu.searchbox.permission.APS_INSTALL android.permission.BLUETOOTH android.permission.ACCESS_NETWORK_STATE android.permission.READ_PHONE_STATE android.permission.INTERNET android.permission.RECORD_AUDIO android.permission.ACCESS_WIFI_STATE android.permission.ACCESS_COARSE_LOCATION android.permission.ACCESS_FINE_LOCATION android.permission.READ_CONTACTS android.permission.WRITE_EXTERNAL_STORAGE android.permission.WAKE_LOCK com.android.launcher.permission.INSTALL_SHORTCUT com.android.launcher.permission.UNINSTALL_SHORTCUT com.android.launcher.permission.READ_SETTINGS com.android.launcher2.permission.READ_SETTINGS com.android.launcher3.permission.READ_SETTINGS com.oppo.launcher.permission.READ_SETTINGS com.huawei.android.launcher.permission.READ_SETTINGS com.meizu.flyme.launcher.permission.READ_SETTINGS com.lenovo.launcher.permission.READ_SETTINGS com.htc.launcher.permission.READ_SETTINGS com.qiku.launcher.permission.READ_SETTINGS com.zte.mifavor.launcher.permission.READ_SETTINGS com.bbk.launcher2.permission.READ_SETTINGS android.permission.GET_TASKS android.permission.CHANGE_WIFI_STATE android.permission.SYSTEM_ALERT_WINDOW android.permission.DISABLE_KEYGUARD android.permission.REQUEST_INSTALL_PACKAGES android.permission.RECEIVE_BOOT_COMPLETED android.permission.BROADCAST_STICKY android.permission.WRITE_SETTINGS android.permission.GET_ACCOUNTS android.permission.USE_CREDENTIALS android.permission.MANAGE_ACCOUNTS android.permission.CHANGE_NETWORK_STATE android.permission.NFC com.huawei.android.launcher.permission.CHANGE_BADGE com.sec.android.provider.badge.permission.READ com.sec.android.provider.badge.permission.WRITE android.permission.VIBRATE android.permission.EXPAND_STATUS_BAR android.permission.READ_EXTERNAL_STORAGE com.baidu.appsearch.permission.LAUNCH android.permission.MODIFY_AUDIO_SETTINGS android.permission.REQUEST_IGNORE_BATTERY_OPTIMIZATIONS android.permission.RESTART_PACKAGES android.permission.BLUETOOTH_ADMIN android.permission.QUERY_ALL_PACKAGES android.permission.USE_FINGERPRINT com.baidu.searchbox.permission.MATRIX_PRODUCT_CONFIG android.permission.READ_PRIVILEGED_PHONE_STATE android.permission.BLUETOOTH_CONNECT android.permission.KILL_BACKGROUND_PROCESSES android.permission.REORDER_TASKS android.permission.SYSTEM_OVERLAY_WINDOW android.permission.SET_WALLPAPER android.permission.READ_CALENDAR android.permission.WRITE_CALENDAR com.miui.home.launcher.permission.INSTALL_WIDGET android.permission.PACKAGE_USAGE_STATS com.vivo.notification.permission.BADGE_ICON android.permission.READ_SYNC_SETTINGS android.permission.WRITE_SYNC_SETTINGS android.permission.GET_PACKAGE_SIZE android.permission.DOWNLOAD_WITHOUT_NOTIFICATION android.permission.MOUNT_UNMOUNT_FILESYSTEMS android.permission.MODIFY_PHONE_STATE android.hardware.camera org.fidoalliance.uaf.permissions.FIDO_CLIENT com.fingerprints.service.ACCESS_FINGERPRINT_MANAGER com.sec.feature.fingerprint_manager_service android.permission.POST_NOTIFICATIONS com.baidu.searchbox.permission.MIPUSH_RECEIVE com.meizu.flyme.permission.PUSH android.permission.INTERACT_ACROSS_USERS_FULL android.permission.INTERACT_ACROSS_USERS android.permission.MANAGE_USERS com.hihonor.push.permission.READ_PUSH_NOTIFICATION_INFO baidu.push.permission.WRITE_PUSHINFOPROVIDER.com.baidu.searchbox com.vivo.abe.permission.launcher.notification.num com.baidu.searchbox.permission.sofire.RECEIVE com.asus.msa.SupplementaryDID.ACCESS freemme.permission.msa 

06-12 21:27:45.003 13596 13596 I LSPosed-Bridge: 13596 PermLabel 10116 declared normal_permissions =android.permission.FOREGROUND_SERVICE android.permission.FLASHLIGHT android.permission.BLUETOOTH android.permission.ACCESS_NETWORK_STATE android.permission.INTERNET android.permission.ACCESS_WIFI_STATE android.permission.WAKE_LOCK com.android.launcher.permission.INSTALL_SHORTCUT com.android.launcher.permission.UNINSTALL_SHORTCUT android.permission.GET_TASKS android.permission.CHANGE_WIFI_STATE android.permission.DISABLE_KEYGUARD android.permission.RECEIVE_BOOT_COMPLETED android.permission.BROADCAST_STICKY android.permission.USE_CREDENTIALS android.permission.MANAGE_ACCOUNTS android.permission.CHANGE_NETWORK_STATE android.permission.NFC android.permission.VIBRATE android.permission.EXPAND_STATUS_BAR android.permission.MODIFY_AUDIO_SETTINGS android.permission.REQUEST_IGNORE_BATTERY_OPTIMIZATIONS android.permission.RESTART_PACKAGES android.permission.BLUETOOTH_ADMIN android.permission.USE_FINGERPRINT android.permission.KILL_BACKGROUND_PROCESSES android.permission.REORDER_TASKS android.permission.SET_WALLPAPER android.permission.READ_SYNC_SETTINGS android.permission.WRITE_SYNC_SETTINGS android.permission.GET_PACKAGE_SIZE android.permission.DOWNLOAD_WITHOUT_NOTIFICATION 

06-12 21:27:45.003 13596 13596 I LSPosed-Bridge: 13596 PermLabel 10116 declared normal_permissions =android.permission.FOREGROUND_SERVICE android.permission.FLASHLIGHT android.permission.BLUETOOTH android.permission.ACCESS_NETWORK_STATE android.permission.INTERNET android.permission.ACCESS_WIFI_STATE android.permission.WAKE_LOCK com.android.launcher.permission.INSTALL_SHORTCUT com.android.launcher.permission.UNINSTALL_SHORTCUT android.permission.GET_TASKS android.permission.CHANGE_WIFI_STATE android.permission.DISABLE_KEYGUARD android.permission.RECEIVE_BOOT_COMPLETED android.permission.BROADCAST_STICKY android.permission.USE_CREDENTIALS android.permission.MANAGE_ACCOUNTS android.permission.CHANGE_NETWORK_STATE android.permission.NFC android.permission.VIBRATE android.permission.EXPAND_STATUS_BAR android.permission.MODIFY_AUDIO_SETTINGS android.permission.REQUEST_IGNORE_BATTERY_OPTIMIZATIONS android.permission.RESTART_PACKAGES android.permission.BLUETOOTH_ADMIN android.permission.USE_FINGERPRINT android.permission.KILL_BACKGROUND_PROCESSES android.permission.REORDER_TASKS android.permission.SET_WALLPAPER android.permission.READ_SYNC_SETTINGS android.permission.WRITE_SYNC_SETTINGS android.permission.GET_PACKAGE_SIZE android.permission.DOWNLOAD_WITHOUT_NOTIFICATION 

06-12 21:27:45.003 13596 13596 I LSPosed-Bridge: 13596 PermLabel 10116 declared dangerous_permissions =android.permission.CAMERA android.permission.READ_PHONE_STATE android.permission.RECORD_AUDIO android.permission.ACCESS_COARSE_LOCATION android.permission.ACCESS_FINE_LOCATION android.permission.READ_CONTACTS android.permission.WRITE_EXTERNAL_STORAGE android.permission.GET_ACCOUNTS android.permission.READ_EXTERNAL_STORAGE android.permission.READ_CALENDAR android.permission.WRITE_CALENDAR 

06-12 21:27:45.003 13596 13596 I LSPosed-Bridge: 13596 PermLabel 10116 declared dangerous_permissions =android.permission.CAMERA android.permission.READ_PHONE_STATE android.permission.RECORD_AUDIO android.permission.ACCESS_COARSE_LOCATION android.permission.ACCESS_FINE_LOCATION android.permission.READ_CONTACTS android.permission.WRITE_EXTERNAL_STORAGE android.permission.GET_ACCOUNTS android.permission.READ_EXTERNAL_STORAGE android.permission.READ_CALENDAR android.permission.WRITE_CALENDAR 

06-12 21:27:45.003 13596 13596 I LSPosed-Bridge: 13596 PermLabel 10116 declared dangerous_group =Camera Telephone Microphone Location Location Contacts Storage Contacts Storage Calendar Calendar 

06-12 21:27:45.003 13596 13596 I LSPosed-Bridge: 13596 PermLabel 10116 declared dangerous_group =Camera Telephone Microphone Location Location Contacts Storage Contacts Storage Calendar Calendar 

06-12 21:27:45.199  5440 13552 I LSPosed-Bridge: 5440 PermLabel 10116 android.permission.CAMERA getCameraInfo args0: 0; args1: android.hardware.Camera$CameraInfo@7f574dd; res= null; stacktrace=java.lang.Exception

06-12 21:27:45.199  5440 13552 I LSPosed-Bridge: 5440 PermLabel 10116 android.permission.CAMERA getCameraInfo args0: 0; args1: android.hardware.Camera$CameraInfo@7f574dd; res= null; stacktrace=java.lang.Exception

06-12 21:27:45.199  5440 13552 I LSPosed-Bridge: 	at com.example.permlabel.hookCamera$1.afterHookedMethod(hookCamera.java:21)

06-12 21:27:45.199  5440 13552 I LSPosed-Bridge: 	at com.example.permlabel.hookCamera$1.afterHookedMethod(hookCamera.java:21)

06-12 21:27:45.199  5440 13552 I LSPosed-Bridge: 	at de.robv.android.xposed.XposedBridge$AdditionalHookInfo.callback(Unknown Source:147)

06-12 21:27:45.199  5440 13552 I LSPosed-Bridge: 	at de.robv.android.xposed.XposedBridge$AdditionalHookInfo.callback(Unknown Source:147)

06-12 21:27:45.199  5440 13552 I LSPosed-Bridge: 	at LSPHooker_.getCameraInfo(Unknown Source:15)

06-12 21:27:45.199  5440 13552 I LSPosed-Bridge: 	at LSPHooker_.getCameraInfo(Unknown Source:15)

06-12 21:27:45.199  5440 13552 I LSPosed-Bridge: 	at com.baidu.graph.camera.open.OpenCameraInterface.open(SourceFile:77)

06-12 21:27:45.199  5440 13552 I LSPosed-Bridge: 	at com.baidu.graph.camera.open.OpenCameraInterface.open(SourceFile:77)

06-12 21:27:45.199  5440 13552 I LSPosed-Bridge: 	at com.baidu.graph.camera.CameraManager.openDriverInMessage(SourceFile:495)

06-12 21:27:45.199  5440 13552 I LSPosed-Bridge: 	at com.baidu.graph.camera.CameraManager.openDriverInMessage(SourceFile:495)

06-12 21:27:45.199  5440 13552 I LSPosed-Bridge: 	at com.baidu.graph.camera.CameraManager.handleMessage(SourceFile:362)

06-12 21:27:45.199  5440 13552 I LSPosed-Bridge: 	at com.baidu.graph.camera.CameraManager.handleMessage(SourceFile:362)

06-12 21:27:45.199  5440 13552 I LSPosed-Bridge: 	at android.os.Handler.dispatchMessage(Handler.java:102)

06-12 21:27:45.199  5440 13552 I LSPosed-Bridge: 	at android.os.Handler.dispatchMessage(Handler.java:102)

06-12 21:27:45.199  5440 13552 I LSPosed-Bridge: 	at android.os.Looper.loop(Looper.java:193)

06-12 21:27:45.199  5440 13552 I LSPosed-Bridge: 	at android.os.Looper.loop(Looper.java:193)

06-12 21:27:45.199  5440 13552 I LSPosed-Bridge: 	at android.os.HandlerThread.run(HandlerThread.java:65)

06-12 21:27:45.199  5440 13552 I LSPosed-Bridge: 	at android.os.HandlerThread.run(HandlerThread.java:65)

06-12 21:27:45.199  5440 13552 I LSPosed-Bridge: 5440 PermLabel 10116 android.permission.CAMERA getCameraInfo args0: 0; args1: android.hardware.Camera$CameraInfo@7f574dd; res= null; stacktrace=java.lang.Exception

06-12 21:27:45.199  5440 13552 I LSPosed-Bridge: 5440 PermLabel 10116 android.permission.CAMERA getCameraInfo args0: 0; args1: android.hardware.Camera$CameraInfo@7f574dd; res= null; stacktrace=java.lang.Exception

06-12 21:27:45.199  5440 13552 I LSPosed-Bridge: 	at com.example.permlabel.hookCamera$1.afterHookedMethod(hookCamera.java:21)

06-12 21:27:45.199  5440 13552 I LSPosed-Bridge: 	at com.example.permlabel.hookCamera$1.afterHookedMethod(hookCamera.java:21)

06-12 21:27:45.199  5440 13552 I LSPosed-Bridge: 	at de.robv.android.xposed.XposedBridge$AdditionalHookInfo.callback(Unknown Source:147)

06-12 21:27:45.199  5440 13552 I LSPosed-Bridge: 	at de.robv.android.xposed.XposedBridge$AdditionalHookInfo.callback(Unknown Source:147)

06-12 21:27:45.199  5440 13552 I LSPosed-Bridge: 	at LSPHooker_.getCameraInfo(Unknown Source:15)

06-12 21:27:45.199  5440 13552 I LSPosed-Bridge: 	at LSPHooker_.getCameraInfo(Unknown Source:15)

06-12 21:27:45.199  5440 13552 I LSPosed-Bridge: 	at com.baidu.graph.camera.open.OpenCameraInterface.open(SourceFile:77)

06-12 21:27:45.199  5440 13552 I LSPosed-Bridge: 	at com.baidu.graph.camera.open.OpenCameraInterface.open(SourceFile:77)

06-12 21:27:45.199  5440 13552 I LSPosed-Bridge: 	at com.baidu.graph.camera.CameraManager.openDriverInMessage(SourceFile:495)

06-12 21:27:45.199  5440 13552 I LSPosed-Bridge: 	at com.baidu.graph.camera.CameraManager.openDriverInMessage(SourceFile:495)

06-12 21:27:45.199  5440 13552 I LSPosed-Bridge: 	at com.baidu.graph.camera.CameraManager.handleMessage(SourceFile:362)

06-12 21:27:45.199  5440 13552 I LSPosed-Bridge: 	at com.baidu.graph.camera.CameraManager.handleMessage(SourceFile:362)

06-12 21:27:45.199  5440 13552 I LSPosed-Bridge: 	at android.os.Handler.dispatchMessage(Handler.java:102)

06-12 21:27:45.199  5440 13552 I LSPosed-Bridge: 	at android.os.Handler.dispatchMessage(Handler.java:102)

06-12 21:27:45.199  5440 13552 I LSPosed-Bridge: 	at android.os.Looper.loop(Looper.java:193)

06-12 21:27:45.199  5440 13552 I LSPosed-Bridge: 	at android.os.Looper.loop(Looper.java:193)

06-12 21:27:45.199  5440 13552 I LSPosed-Bridge: 	at android.os.HandlerThread.run(HandlerThread.java:65)

06-12 21:27:45.199  5440 13552 I LSPosed-Bridge: 	at android.os.HandlerThread.run(HandlerThread.java:65)

06-12 21:27:45.212  1569  1677 I LSPosed-Bridge: 5440 PermLabel 10116 AMS.checkPermission: Binder.getCallingPid() = 912; uid = 10116; Binder.getCallingUid() = 1047; getNameForUid: null; getPackagesForUid: null; permName: android.permission.CAMERA; type = 1; res = -1; stacktrace=java.lang.Exception

06-12 21:27:45.212  1569  1677 I LSPosed-Bridge: 	at com.example.permlabel.requirePerm$1$2.afterHookedMethod(requirePerm.java:126)

06-12 21:27:45.212  1569  1677 I LSPosed-Bridge: 	at de.robv.android.xposed.XposedBridge$AdditionalHookInfo.callback(Unknown Source:147)

06-12 21:27:45.212  1569  1677 I LSPosed-Bridge: 	at LSPHooker_.checkPermission(Unknown Source:25)

06-12 21:27:45.212  1569  1677 I LSPosed-Bridge: 	at com.android.server.am.ActivityManagerService$PermissionController.checkPermission(ActivityManagerService.java:9248)

06-12 21:27:45.212  1569  1677 I LSPosed-Bridge: 	at android.os.IPermissionController$Stub.onTransact(IPermissionController.java:56)

06-12 21:27:45.212  1569  1677 I LSPosed-Bridge: 	at android.os.Binder.execTransact(Binder.java:731)

06-12 21:27:45.212   912   912 W ServiceManager: Permission failure: android.permission.CAMERA from uid=10116 pid=5440

06-12 21:27:45.212   912   912 E CameraService: Permission Denial: can't use the camera pid=5440, uid=10116

06-12 21:27:45.315  1569  7629 I LSPosed-Bridge: 5440 PermLabel 10116 AMS.checkPermission: Binder.getCallingPid() = 912; uid = 10116; Binder.getCallingUid() = 1047; getNameForUid: null; getPackagesForUid: null; permName: android.permission.CAMERA; type = 1; res = -1; stacktrace=java.lang.Exception

06-12 21:27:45.315  1569  7629 I LSPosed-Bridge: 	at com.example.permlabel.requirePerm$1$2.afterHookedMethod(requirePerm.java:126)

06-12 21:27:45.315  1569  7629 I LSPosed-Bridge: 	at de.robv.android.xposed.XposedBridge$AdditionalHookInfo.callback(Unknown Source:147)

06-12 21:27:45.315  1569  7629 I LSPosed-Bridge: 	at LSPHooker_.checkPermission(Unknown Source:25)

06-12 21:27:45.315  1569  7629 I LSPosed-Bridge: 	at com.android.server.am.ActivityManagerService$PermissionController.checkPermission(ActivityManagerService.java:9248)

06-12 21:27:45.315  1569  7629 I LSPosed-Bridge: 	at android.os.IPermissionController$Stub.onTransact(IPermissionController.java:56)

06-12 21:27:45.315  1569  7629 I LSPosed-Bridge: 	at android.os.Binder.execTransact(Binder.java:731)

06-12 21:27:45.315   912   912 W ServiceManager: Permission failure: android.permission.CAMERA from uid=10116 pid=5440

06-12 21:27:45.315   912   912 E CameraService: Permission Denial: can't use the camera pid=5440, uid=10116

06-12 21:27:45.417  1569  7629 I LSPosed-Bridge: 5440 PermLabel 10116 AMS.checkPermission: Binder.getCallingPid() = 912; uid = 10116; Binder.getCallingUid() = 1047; getNameForUid: null; getPackagesForUid: null; permName: android.permission.CAMERA; type = 1; res = -1; stacktrace=java.lang.Exception

06-12 21:27:45.417  1569  7629 I LSPosed-Bridge: 	at com.example.permlabel.requirePerm$1$2.afterHookedMethod(requirePerm.java:126)

06-12 21:27:45.417  1569  7629 I LSPosed-Bridge: 	at de.robv.android.xposed.XposedBridge$AdditionalHookInfo.callback(Unknown Source:147)

06-12 21:27:45.417  1569  7629 I LSPosed-Bridge: 	at LSPHooker_.checkPermission(Unknown Source:25)

06-12 21:27:45.417  1569  7629 I LSPosed-Bridge: 	at com.android.server.am.ActivityManagerService$PermissionController.checkPermission(ActivityManagerService.java:9248)

06-12 21:27:45.417  1569  7629 I LSPosed-Bridge: 	at android.os.IPermissionController$Stub.onTransact(IPermissionController.java:56)

06-12 21:27:45.417  1569  7629 I LSPosed-Bridge: 	at android.os.Binder.execTransact(Binder.java:731)

06-12 21:27:45.417   912   912 W ServiceManager: Permission failure: android.permission.CAMERA from uid=10116 pid=5440

06-12 21:27:45.520  1569  1865 I LSPosed-Bridge: 5440 PermLabel 10116 AMS.checkPermission: Binder.getCallingPid() = 912; uid = 10116; Binder.getCallingUid() = 1047; getNameForUid: null; getPackagesForUid: null; permName: android.permission.CAMERA; type = 1; res = -1; stacktrace=java.lang.Exception

06-12 21:27:45.520  1569  1865 I LSPosed-Bridge: 	at com.example.permlabel.requirePerm$1$2.afterHookedMethod(requirePerm.java:126)

06-12 21:27:45.520  1569  1865 I LSPosed-Bridge: 	at de.robv.android.xposed.XposedBridge$AdditionalHookInfo.callback(Unknown Source:147)

06-12 21:27:45.520  1569  1865 I LSPosed-Bridge: 	at LSPHooker_.checkPermission(Unknown Source:25)

06-12 21:27:45.520  1569  1865 I LSPosed-Bridge: 	at com.android.server.am.ActivityManagerService$PermissionController.checkPermission(ActivityManagerService.java:9248)

06-12 21:27:45.520  1569  1865 I LSPosed-Bridge: 	at android.os.IPermissionController$Stub.onTransact(IPermissionController.java:56)

06-12 21:27:45.520  1569  1865 I LSPosed-Bridge: 	at android.os.Binder.execTransact(Binder.java:731)

06-12 21:27:45.627  1569  7629 I LSPosed-Bridge: 5440 PermLabel 10116 AMS.checkPermission: Binder.getCallingPid() = 912; uid = 10116; Binder.getCallingUid() = 1047; getNameForUid: null; getPackagesForUid: null; permName: android.permission.CAMERA; type = 1; res = -1; stacktrace=java.lang.Exception

06-12 21:27:45.627  1569  7629 I LSPosed-Bridge: 	at com.example.permlabel.requirePerm$1$2.afterHookedMethod(requirePerm.java:126)

06-12 21:27:45.627  1569  7629 I LSPosed-Bridge: 	at de.robv.android.xposed.XposedBridge$AdditionalHookInfo.callback(Unknown Source:147)

06-12 21:27:45.627  1569  7629 I LSPosed-Bridge: 	at LSPHooker_.checkPermission(Unknown Source:25)

06-12 21:27:45.627  1569  7629 I LSPosed-Bridge: 	at com.android.server.am.ActivityManagerService$PermissionController.checkPermission(ActivityManagerService.java:9248)

06-12 21:27:45.627  1569  7629 I LSPosed-Bridge: 	at android.os.IPermissionController$Stub.onTransact(IPermissionController.java:56)

06-12 21:27:45.627  1569  7629 I LSPosed-Bridge: 	at android.os.Binder.execTransact(Binder.java:731)

06-12 21:27:45.627   912   912 W ServiceManager: Permission failure: android.permission.CAMERA from uid=10116 pid=5440

06-12 21:27:45.627   912   912 E CameraService: Permission Denial: can't use the camera pid=5440, uid=10116

06-12 21:27:45.734  1569  7629 I LSPosed-Bridge: 5440 PermLabel 10116 AMS.checkPermission: Binder.getCallingPid() = 912; uid = 10116; Binder.getCallingUid() = 1047; getNameForUid: null; getPackagesForUid: null; permName: android.permission.CAMERA; type = 1; res = -1; stacktrace=java.lang.Exception

06-12 21:27:45.734  1569  7629 I LSPosed-Bridge: 	at com.example.permlabel.requirePerm$1$2.afterHookedMethod(requirePerm.java:126)

06-12 21:27:45.734  1569  7629 I LSPosed-Bridge: 	at de.robv.android.xposed.XposedBridge$AdditionalHookInfo.callback(Unknown Source:147)

06-12 21:27:45.734  1569  7629 I LSPosed-Bridge: 	at LSPHooker_.checkPermission(Unknown Source:25)

06-12 21:27:45.734  1569  7629 I LSPosed-Bridge: 	at com.android.server.am.ActivityManagerService$PermissionController.checkPermission(ActivityManagerService.java:9248)

06-12 21:27:45.734  1569  7629 I LSPosed-Bridge: 	at android.os.IPermissionController$Stub.onTransact(IPermissionController.java:56)

06-12 21:27:45.734  1569  7629 I LSPosed-Bridge: 	at android.os.Binder.execTransact(Binder.java:731)

06-12 21:27:45.734   912   912 W ServiceManager: Permission failure: android.permission.CAMERA from uid=10116 pid=5440

06-12 21:27:45.839  1569  7317 I LSPosed-Bridge: 5440 PermLabel 10116 AMS.checkPermission: Binder.getCallingPid() = 912; uid = 10116; Binder.getCallingUid() = 1047; getNameForUid: null; getPackagesForUid: null; permName: android.permission.CAMERA; type = 1; res = -1; stacktrace=java.lang.Exception

06-12 21:27:45.839  1569  7317 I LSPosed-Bridge: 	at com.example.permlabel.requirePerm$1$2.afterHookedMethod(requirePerm.java:126)

06-12 21:27:45.839  1569  7317 I LSPosed-Bridge: 	at de.robv.android.xposed.XposedBridge$AdditionalHookInfo.callback(Unknown Source:147)

06-12 21:27:45.839  1569  7317 I LSPosed-Bridge: 	at LSPHooker_.checkPermission(Unknown Source:25)

06-12 21:27:45.839  1569  7317 I LSPosed-Bridge: 	at com.android.server.am.ActivityManagerService$PermissionController.checkPermission(ActivityManagerService.java:9248)

06-12 21:27:45.839  1569  7317 I LSPosed-Bridge: 	at android.os.IPermissionController$Stub.onTransact(IPermissionController.java:56)

06-12 21:27:45.839  1569  7317 I LSPosed-Bridge: 	at android.os.Binder.execTransact(Binder.java:731)

06-12 21:27:45.943  1569  1583 I LSPosed-Bridge: 5440 PermLabel 10116 AMS.checkPermission: Binder.getCallingPid() = 912; uid = 10116; Binder.getCallingUid() = 1047; getNameForUid: null; getPackagesForUid: null; permName: android.permission.CAMERA; type = 1; res = -1; stacktrace=java.lang.Exception

06-12 21:27:45.943  1569  1583 I LSPosed-Bridge: 	at com.example.permlabel.requirePerm$1$2.afterHookedMethod(requirePerm.java:126)

06-12 21:27:45.943  1569  1583 I LSPosed-Bridge: 	at de.robv.android.xposed.XposedBridge$AdditionalHookInfo.callback(Unknown Source:147)

06-12 21:27:45.943  1569  1583 I LSPosed-Bridge: 	at LSPHooker_.checkPermission(Unknown Source:25)

06-12 21:27:45.943  1569  1583 I LSPosed-Bridge: 	at com.android.server.am.ActivityManagerService$PermissionController.checkPermission(ActivityManagerService.java:9248)

06-12 21:27:45.943  1569  1583 I LSPosed-Bridge: 	at android.os.IPermissionController$Stub.onTransact(IPermissionController.java:56)

06-12 21:27:45.943  1569  1583 I LSPosed-Bridge: 	at android.os.Binder.execTransact(Binder.java:731)

06-12 21:27:45.943   912   912 W ServiceManager: Permission failure: android.permission.CAMERA from uid=10116 pid=5440

06-12 21:27:45.943   912   912 E CameraService: Permission Denial: can't use the camera pid=5440, uid=10116

06-12 21:27:46.045  1569  3449 I LSPosed-Bridge: 5440 PermLabel 10116 AMS.checkPermission: Binder.getCallingPid() = 912; uid = 10116; Binder.getCallingUid() = 1047; getNameForUid: null; getPackagesForUid: null; permName: android.permission.CAMERA; type = 1; res = -1; stacktrace=java.lang.Exception

06-12 21:27:46.045  1569  3449 I LSPosed-Bridge: 	at com.example.permlabel.requirePerm$1$2.afterHookedMethod(requirePerm.java:126)

06-12 21:27:46.045  1569  3449 I LSPosed-Bridge: 	at de.robv.android.xposed.XposedBridge$AdditionalHookInfo.callback(Unknown Source:147)

06-12 21:27:46.045  1569  3449 I LSPosed-Bridge: 	at LSPHooker_.checkPermission(Unknown Source:25)

06-12 21:27:46.045  1569  3449 I LSPosed-Bridge: 	at com.android.server.am.ActivityManagerService$PermissionController.checkPermission(ActivityManagerService.java:9248)

06-12 21:27:46.045  1569  3449 I LSPosed-Bridge: 	at android.os.IPermissionController$Stub.onTransact(IPermissionController.java:56)

06-12 21:27:46.045  1569  3449 I LSPosed-Bridge: 	at android.os.Binder.execTransact(Binder.java:731)

06-12 21:27:46.045   912   912 W ServiceManager: Permission failure: android.permission.CAMERA from uid=10116 pid=5440

06-12 21:27:46.045   912   912 E CameraService: Permission Denial: can't use the camera pid=5440, uid=10116

06-12 21:27:46.046  5440 13552 W CameraBase: An error occurred while connecting to camera 0: Status(-8): '1: validateClientPermissionsLocked:906: Caller "com.baidu.searchbox" (PID 10116, UID 5440) cannot open camera "0" without camera permission'

06-12 21:27:46.046  5440 13552 E Camera  : Camera  err=-13

06-12 21:27:46.046  5440 13552 I LSPosed-Bridge: 5440 PermLabel 10116 android.permission.CAMERA open cameraId: 0; res= null; stacktrace=java.lang.Exception

06-12 21:27:46.046  5440 13552 I LSPosed-Bridge: 	at com.example.permlabel.hookCamera$3.afterHookedMethod(hookCamera.java:49)

06-12 21:27:46.046  5440 13552 I LSPosed-Bridge: 	at de.robv.android.xposed.XposedBridge$AdditionalHookInfo.callback(Unknown Source:147)

06-12 21:27:46.046  5440 13552 I LSPosed-Bridge: 	at LSPHooker_.open(Unknown Source:12)

06-12 21:27:46.046  5440 13552 I LSPosed-Bridge: 	at com.baidu.graph.camera.open.OpenCameraInterface.open(SourceFile:86)

06-12 21:27:46.046  5440 13552 I LSPosed-Bridge: 	at com.baidu.graph.camera.CameraManager.openDriverInMessage(SourceFile:495)

06-12 21:27:46.046  5440 13552 I LSPosed-Bridge: 	at com.baidu.graph.camera.CameraManager.handleMessage(SourceFile:362)

06-12 21:27:46.046  5440 13552 I LSPosed-Bridge: 	at android.os.Handler.dispatchMessage(Handler.java:102)

06-12 21:27:46.046  5440 13552 I LSPosed-Bridge: 	at android.os.Looper.loop(Looper.java:193)

06-12 21:27:46.046  5440 13552 I LSPosed-Bridge: 	at android.os.HandlerThread.run(HandlerThread.java:65)

06-12 21:27:46.047  5440 13552 I LSPosed-Bridge: 5440 PermLabel 10116 android.permission.CAMERA open cameraId: 0; res= null; stacktrace=java.lang.Exception

06-12 21:27:46.047  5440 13552 I LSPosed-Bridge: 	at com.example.permlabel.hookCamera$3.afterHookedMethod(hookCamera.java:49)

06-12 21:27:46.047  5440 13552 I LSPosed-Bridge: 	at de.robv.android.xposed.XposedBridge$AdditionalHookInfo.callback(Unknown Source:147)

06-12 21:27:46.047  5440 13552 I LSPosed-Bridge: 	at LSPHooker_.open(Unknown Source:12)

06-12 21:27:46.047  5440 13552 I LSPosed-Bridge: 	at com.baidu.graph.camera.open.OpenCameraInterface.open(SourceFile:86)

06-12 21:27:46.047  5440 13552 I LSPosed-Bridge: 	at com.baidu.graph.camera.CameraManager.openDriverInMessage(SourceFile:495)

06-12 21:27:46.047  5440 13552 I LSPosed-Bridge: 	at com.baidu.graph.camera.CameraManager.handleMessage(SourceFile:362)

06-12 21:27:46.047  5440 13552 I LSPosed-Bridge: 	at android.os.Handler.dispatchMessage(Handler.java:102)

06-12 21:27:46.047  5440 13552 I LSPosed-Bridge: 	at android.os.Looper.loop(Looper.java:193)

06-12 21:27:46.047  5440 13552 I LSPosed-Bridge: 	at android.os.HandlerThread.run(HandlerThread.java:65)

06-12 21:27:47.488  5440  5440 I LSPosed-Bridge: 5440 PermLabel 10116 ContextImpl.checkPermission: pid = 5440; uid = 10116; permName: android.permission.CAMERA; type = 1; res = -1; stacktrace=java.lang.Exception

06-12 21:27:47.488  5440  5440 I LSPosed-Bridge: 	at com.example.permlabel.requestPerm$2.afterHookedMethod(requestPerm.java:205)

06-12 21:27:47.488  5440  5440 I LSPosed-Bridge: 	at de.robv.android.xposed.XposedBridge$AdditionalHookInfo.callback(Unknown Source:147)

06-12 21:27:47.488  5440  5440 I LSPosed-Bridge: 	at LSPHooker_.checkPermission(Unknown Source:25)

06-12 21:27:47.488  5440  5440 I LSPosed-Bridge: 	at android.app.ContextImpl.checkSelfPermission(ContextImpl.java:1801)

06-12 21:27:47.488  5440  5440 I LSPosed-Bridge: 	at android.content.ContextWrapper.checkSelfPermission(ContextWrapper.java:759)

06-12 21:27:47.488  5440  5440 I LSPosed-Bridge: 	at com.baidu.searchbox.permission.DangerousPermissionManager.isPermissionGranted(SearchBox:130011)

06-12 21:27:47.488  5440  5440 I LSPosed-Bridge: 	at com.baidu.searchbox.permission.DangerousPermissionManager.isPermissionGroupGranted(SearchBox:130011)

06-12 21:27:47.488  5440  5440 I LSPosed-Bridge: 	at com.baidu.searchbox.permission.DangerousPermissionUtils.isPermissionGroupGranted(SearchBox:125015)

06-12 21:27:47.488  5440  5440 I LSPosed-Bridge: 	at com.baidu.graph.common.permission.GraphPermissionManager.isPermissionGranted(SourceFile:17)

06-12 21:27:47.488  5440  5440 I LSPosed-Bridge: 	at com.baidu.graph.sdk.biz.home.guide.customview.recommendgallery.RecommendGalleryManager.hasCameraPermission(SourceFile:218)

06-12 21:27:47.488  5440  5440 I LSPosed-Bridge: 	at com.baidu.graph.sdk.biz.home.comp.GraphHomeView.showCenterTip(SourceFile:4108)

06-12 21:27:47.488  5440  5440 I LSPosed-Bridge: 	at com.baidu.graph.sdk.biz.home.comp.GraphHomeView.initCategoryView$lambda-7(SourceFile:1268)

06-12 21:27:47.488  5440  5440 I LSPosed-Bridge: 	at com.baidu.graph.sdk.biz.home.comp.GraphHomeView.lambda$sGynBc8uqHT9KAbyhmTBxe4ZuOc(Unknown Source:0)

06-12 21:27:47.488  5440  5440 I LSPosed-Bridge: 	at com.baidu.graph.sdk.biz.home.comp.-$$Lambda$GraphHomeView$sGynBc8uqHT9KAbyhmTBxe4ZuOc.onChanged(Unknown Source:2)

06-12 21:27:47.488  5440  5440 I LSPosed-Bridge: 	at com.baidu.graph.sdk.base.ocrsearch.customview.wheelview.HorizontalWheelView.notifyChangingListeners(SourceFile:257)

06-12 21:27:47.488  5440  5440 I LSPosed-Bridge: 	at com.baidu.graph.sdk.base.ocrsearch.customview.wheelview.HorizontalWheelView.setCurrentItem(SourceFile:376)

06-12 21:27:47.488  5440  5440 I LSPosed-Bridge: 	at com.baidu.graph.sdk.biz.home.comp.GraphHomeView.initCategoryView$lambda-8(SourceFile:1337)

06-12 21:27:47.488  5440  5440 I LSPosed-Bridge: 	at com.baidu.graph.sdk.biz.home.comp.GraphHomeView.lambda$kD_FU1TshfL5Eznu8N7E1AqYgCU(Unknown Source:0)

06-12 21:27:47.488  5440  5440 I LSPosed-Bridge: 	at com.baidu.graph.sdk.biz.home.comp.-$$Lambda$GraphHomeView$kD_FU1TshfL5Eznu8N7E1AqYgCU.run(Unknown Source:4)

06-12 21:27:47.488  5440  5440 I LSPosed-Bridge: 	at android.os.Handler.handleCallback(Handler.java:873)

06-12 21:27:47.488  5440  5440 I LSPosed-Bridge: 	at android.os.Handler.dispatchMessage(Handler.java:99)

06-12 21:27:47.488  5440  5440 I LSPosed-Bridge: 	at android.os.Looper.loop(Looper.java:193)

06-12 21:27:47.488  5440  5440 I LSPosed-Bridge: 	at android.app.ActivityThread.main(ActivityThread.java:6692)

06-12 21:27:47.488  5440  5440 I LSPosed-Bridge: 	at java.lang.reflect.Method.invoke(Native Method)

06-12 21:27:47.488  5440  5440 I LSPosed-Bridge: 	at com.android.internal.os.RuntimeInit$MethodAndArgsCaller.run(RuntimeInit.java:493)

06-12 21:27:47.488  5440  5440 I LSPosed-Bridge: 	at com.android.internal.os.ZygoteInit.main(ZygoteInit.java:858)

06-12 21:27:47.615  1569  2469 I LSPosed-Bridge: 13596 PermLabel 10116 AMS.checkPermission: Binder.getCallingPid() = 13596; uid = 10116; Binder.getCallingUid() = 10116; getNameForUid: com.baidu.searchbox; getPackagesForUid: [com.baidu.searchbox]; permName: android.permission.ACCESS_NETWORK_STATE; type = 0; res = 0; stacktrace=java.lang.Exception

06-12 21:27:47.615  1569  2469 I LSPosed-Bridge: 	at com.example.permlabel.requirePerm$1$2.afterHookedMethod(requirePerm.java:120)

06-12 21:27:47.615  1569  2469 I LSPosed-Bridge: 	at de.robv.android.xposed.XposedBridge$AdditionalHookInfo.callback(Unknown Source:147)

06-12 21:27:47.615  1569  2469 I LSPosed-Bridge: 	at LSPHooker_.checkPermission(Unknown Source:25)

06-12 21:27:47.615  1569  2469 I LSPosed-Bridge: 	at android.app.ContextImpl.checkPermission(ContextImpl.java:1751)

06-12 21:27:47.615  1569  2469 I LSPosed-Bridge: 	at android.app.ContextImpl.checkCallingOrSelfPermission(ContextImpl.java:1791)

06-12 21:27:47.615  1569  2469 I LSPosed-Bridge: 	at android.app.ContextImpl.enforceCallingOrSelfPermission(ContextImpl.java:1841)

06-12 21:27:47.615  1569  2469 I LSPosed-Bridge: 	at com.android.server.ConnectivityService.enforceAccessPermission(ConnectivityService.java:1672)

06-12 21:27:47.615  1569  2469 I LSPosed-Bridge: 	at com.android.server.ConnectivityService.getActiveNetworkInfo(ConnectivityService.java:1178)

06-12 21:27:47.615  1569  2469 I LSPosed-Bridge: 	at android.net.IConnectivityManager$Stub.onTransact(IConnectivityManager.java:85)

06-12 21:27:47.615  1569  2469 I LSPosed-Bridge: 	at android.os.Binder.execTransact(Binder.java:731)

06-12 21:27:47.615  5440  5440 I LSPosed-Bridge: 5440 PermLabel 10116 ContextImpl.checkPermission: pid = 5440; uid = 10116; permName: android.permission.CAMERA; type = 1; res = -1; stacktrace=java.lang.Exception

06-12 21:27:47.615  5440  5440 I LSPosed-Bridge: 	at com.example.permlabel.requestPerm$2.afterHookedMethod(requestPerm.java:205)

06-12 21:27:47.615  5440  5440 I LSPosed-Bridge: 	at de.robv.android.xposed.XposedBridge$AdditionalHookInfo.callback(Unknown Source:147)

06-12 21:27:47.615  5440  5440 I LSPosed-Bridge: 	at LSPHooker_.checkPermission(Unknown Source:25)

06-12 21:27:47.615  5440  5440 I LSPosed-Bridge: 	at android.app.ContextImpl.checkSelfPermission(ContextImpl.java:1801)

06-12 21:27:47.615  5440  5440 I LSPosed-Bridge: 	at android.content.ContextWrapper.checkSelfPermission(ContextWrapper.java:759)

06-12 21:27:47.615  5440  5440 I LSPosed-Bridge: 	at com.baidu.searchbox.permission.DangerousPermissionManager.isPermissionGranted(SearchBox:130011)

06-12 21:27:47.615  5440  5440 I LSPosed-Bridge: 	at com.baidu.searchbox.permission.DangerousPermissionManager.isPermissionGroupGranted(SearchBox:130011)

06-12 21:27:47.615  5440  5440 I LSPosed-Bridge: 	at com.baidu.searchbox.permission.DangerousPermissionUtils.isPermissionGroupGranted(SearchBox:125015)

06-12 21:27:47.615  5440  5440 I LSPosed-Bridge: 	at com.baidu.graph.common.permission.GraphPermissionManager.isPermissionGranted(SourceFile:17)

06-12 21:27:47.615  5440  5440 I LSPosed-Bridge: 	at com.baidu.graph.sdk.biz.home.guide.customview.recommendgallery.RecommendGalleryManager.hasCameraPermission(SourceFile:218)

06-12 21:27:47.615  5440  5440 I LSPosed-Bridge: 	at com.baidu.graph.sdk.biz.home.comp.GraphHomeView$showNewGuideView$2.onShow(SourceFile:2364)

06-12 21:27:47.615  5440  5440 I LSPosed-Bridge: 	at com.baidu.graph.sdk.utils.exclusion.PopupExclusionManager.displayNext(SourceFile:179)

06-12 21:27:47.615  5440  5440 I LSPosed-Bridge: 	at com.baidu.graph.sdk.utils.exclusion.PopupExclusionManager.display(SourceFile:100)

06-12 21:27:47.615  5440  5440 I LSPosed-Bridge: 	at com.baidu.graph.sdk.biz.home.comp.GraphHomeView.showNewGuideView(SourceFile:2348)

06-12 21:27:47.615  5440  5440 I LSPosed-Bridge: 	at com.baidu.graph.sdk.biz.home.comp.GraphHomeView.showTipView(SourceFile:2062)

06-12 21:27:47.615  5440  5440 I LSPosed-Bridge: 	at com.baidu.graph.sdk.biz.home.comp.GraphHomeView.initTipView(SourceFile:1532)

06-12 21:27:47.615  5440  5440 I LSPosed-Bridge: 	at com.baidu.graph.sdk.biz.home.comp.GraphHomeComponent.initTipView(SourceFile:52)

06-12 21:27:47.615  5440  5440 I LSPosed-Bridge: 	at com.baidu.graph.sdk.biz.home.fragment.GraphHomeFragment.initTipView(SourceFile:113)

06-12 21:27:47.615  5440  5440 I LSPosed-Bridge: 	at com.baidu.graph.sdk.base.activity.GraphActivityImpl.updateTips(SourceFile:326)

06-12 21:27:47.615  5440  5440 I LSPosed-Bridge: 	at com.baidu.graph.sdk.base.presenter.GraphActPresenter$initConfModel$1.updateTipsData(SourceFile:850)

06-12 21:27:47.615  5440  5440 I LSPosed-Bridge: 	at com.baidu.graph.sdk.config.model.ConfModel$mConfigResponseListener$1.onSuccess(SourceFile:367)

06-12 21:27:47.615  5440  5440 I LSPosed-Bridge: 	at com.baidu.graph.sdk.config.model.ConfModel$mConfigResponseListener$1.onSuccess(SourceFile:126)

06-12 21:27:47.615  5440  5440 I LSPosed-Bridge: 	at com.baidu.graph.network.CallbackRunnable.run(SourceFile:12)

06-12 21:27:47.615  5440  5440 I LSPosed-Bridge: 	at android.os.Handler.handleCallback(Handler.java:873)

06-12 21:27:47.615  5440  5440 I LSPosed-Bridge: 	at android.os.Handler.dispatchMessage(Handler.java:99)

06-12 21:27:47.615  5440  5440 I LSPosed-Bridge: 	at android.os.Looper.loop(Looper.java:193)

06-12 21:27:47.615  5440  5440 I LSPosed-Bridge: 	at android.app.ActivityThread.main(ActivityThread.java:6692)

06-12 21:27:47.615  5440  5440 I LSPosed-Bridge: 	at java.lang.reflect.Method.invoke(Native Method)

06-12 21:27:47.615  5440  5440 I LSPosed-Bridge: 	at com.android.internal.os.RuntimeInit$MethodAndArgsCaller.run(RuntimeInit.java:493)

06-12 21:27:47.615  5440  5440 I LSPosed-Bridge: 	at com.android.internal.os.ZygoteInit.main(ZygoteInit.java:858)

06-12 21:27:48.710  5440  5440 I LSPosed-Bridge: 5440 PermLabel 10116 ContextImpl.checkPermission: pid = 5440; uid = 10116; permName: android.permission.CAMERA; type = 1; res = -1; stacktrace=java.lang.Exception

06-12 21:27:48.710  5440  5440 I LSPosed-Bridge: 	at com.example.permlabel.requestPerm$2.afterHookedMethod(requestPerm.java:205)

06-12 21:27:48.710  5440  5440 I LSPosed-Bridge: 	at de.robv.android.xposed.XposedBridge$AdditionalHookInfo.callback(Unknown Source:147)

06-12 21:27:48.710  5440  5440 I LSPosed-Bridge: 	at LSPHooker_.checkPermission(Unknown Source:25)

06-12 21:27:48.710  5440  5440 I LSPosed-Bridge: 	at android.app.ContextImpl.checkSelfPermission(ContextImpl.java:1801)

06-12 21:27:48.710  5440  5440 I LSPosed-Bridge: 	at android.content.ContextWrapper.checkSelfPermission(ContextWrapper.java:759)

06-12 21:27:48.710  5440  5440 I LSPosed-Bridge: 	at com.baidu.searchbox.permission.DangerousPermissionManager.isPermissionGranted(SearchBox:130011)

06-12 21:27:48.710  5440  5440 I LSPosed-Bridge: 	at com.baidu.searchbox.permission.DangerousPermissionManager.isPermissionGroupGranted(SearchBox:130011)

06-12 21:27:48.710  5440  5440 I LSPosed-Bridge: 	at com.baidu.searchbox.permission.DangerousPermissionUtils.isPermissionGroupGranted(SearchBox:125015)

06-12 21:27:48.710  5440  5440 I LSPosed-Bridge: 	at com.baidu.graph.common.permission.GraphPermissionManager.isPermissionGranted(SourceFile:17)

06-12 21:27:48.710  5440  5440 I LSPosed-Bridge: 	at com.baidu.graph.sdk.biz.home.guide.customview.recommendgallery.RecommendGalleryManager.hasCameraPermission(SourceFile:218)

06-12 21:27:48.710  5440  5440 I LSPosed-Bridge: 	at com.baidu.graph.sdk.biz.home.comp.GraphHomeView.showCenterTip(SourceFile:4108)

06-12 21:27:48.710  5440  5440 I LSPosed-Bridge: 	at com.baidu.graph.sdk.biz.home.comp.GraphHomeView.initCategoryView$lambda-7(SourceFile:1268)

06-12 21:27:48.710  5440  5440 I LSPosed-Bridge: 	at com.baidu.graph.sdk.biz.home.comp.GraphHomeView.lambda$sGynBc8uqHT9KAbyhmTBxe4ZuOc(Unknown Source:0)

06-12 21:27:48.710  5440  5440 I LSPosed-Bridge: 	at com.baidu.graph.sdk.biz.home.comp.-$$Lambda$GraphHomeView$sGynBc8uqHT9KAbyhmTBxe4ZuOc.onChanged(Unknown Source:2)

06-12 21:27:48.710  5440  5440 I LSPosed-Bridge: 	at com.baidu.graph.sdk.base.ocrsearch.customview.wheelview.HorizontalWheelView.notifyChangingListeners(SourceFile:257)

06-12 21:27:48.710  5440  5440 I LSPosed-Bridge: 	at com.baidu.graph.sdk.base.ocrsearch.customview.wheelview.HorizontalWheelView.setCurrentItem(SourceFile:376)

06-12 21:27:48.710  5440  5440 I LSPosed-Bridge: 	at com.baidu.graph.sdk.biz.home.comp.GraphHomeView.initCategoryView$lambda-8(SourceFile:1337)

06-12 21:27:48.710  5440  5440 I LSPosed-Bridge: 	at com.baidu.graph.sdk.biz.home.comp.GraphHomeView.lambda$kD_FU1TshfL5Eznu8N7E1AqYgCU(Unknown Source:0)

06-12 21:27:48.710  5440  5440 I LSPosed-Bridge: 	at com.baidu.graph.sdk.biz.home.comp.-$$Lambda$GraphHomeView$kD_FU1TshfL5Eznu8N7E1AqYgCU.run(Unknown Source:4)

06-12 21:27:48.710  5440  5440 I LSPosed-Bridge: 	at android.os.Handler.handleCallback(Handler.java:873)

06-12 21:27:48.710  5440  5440 I LSPosed-Bridge: 	at android.os.Handler.dispatchMessage(Handler.java:99)

06-12 21:27:48.710  5440  5440 I LSPosed-Bridge: 	at android.os.Looper.loop(Looper.java:193)

06-12 21:27:48.710  5440  5440 I LSPosed-Bridge: 	at android.app.ActivityThread.main(ActivityThread.java:6692)

06-12 21:27:48.710  5440  5440 I LSPosed-Bridge: 	at java.lang.reflect.Method.invoke(Native Method)

06-12 21:27:48.710  5440  5440 I LSPosed-Bridge: 	at com.android.internal.os.RuntimeInit$MethodAndArgsCaller.run(RuntimeInit.java:493)

06-12 21:27:48.710  5440  5440 I LSPosed-Bridge: 	at com.android.internal.os.ZygoteInit.main(ZygoteInit.java:858)

06-12 21:28:22.090  5440  5440 I LSPosed-Bridge: 5440 PermLabel 10116 ContextImpl.checkPermission: pid = 5440; uid = 10116; permName: android.permission.CAMERA; type = 1; res = -1; stacktrace=java.lang.Exception

06-12 21:28:22.090  5440  5440 I LSPosed-Bridge: 	at com.example.permlabel.requestPerm$2.afterHookedMethod(requestPerm.java:205)

06-12 21:28:22.090  5440  5440 I LSPosed-Bridge: 	at de.robv.android.xposed.XposedBridge$AdditionalHookInfo.callback(Unknown Source:147)

06-12 21:28:22.090  5440  5440 I LSPosed-Bridge: 	at LSPHooker_.checkPermission(Unknown Source:25)

06-12 21:28:22.090  5440  5440 I LSPosed-Bridge: 	at android.app.ContextImpl.checkSelfPermission(ContextImpl.java:1801)

06-12 21:28:22.090  5440  5440 I LSPosed-Bridge: 	at android.content.ContextWrapper.checkSelfPermission(ContextWrapper.java:759)

06-12 21:28:22.090  5440  5440 I LSPosed-Bridge: 	at com.baidu.searchbox.permission.DangerousPermissionManager.isPermissionGranted(SearchBox:130011)

06-12 21:28:22.090  5440  5440 I LSPosed-Bridge: 	at com.baidu.searchbox.permission.DangerousPermissionManager.isPermissionGroupGranted(SearchBox:130011)

06-12 21:28:22.090  5440  5440 I LSPosed-Bridge: 	at com.baidu.searchbox.permission.DangerousPermissionUtils.isPermissionGroupGranted(SearchBox:125015)

06-12 21:28:22.090  5440  5440 I LSPosed-Bridge: 	at com.baidu.graph.common.permission.GraphPermissionManager.isPermissionGranted(SourceFile:17)

06-12 21:28:22.090  5440  5440 I LSPosed-Bridge: 	at com.baidu.graph.sdk.biz.home.guide.customview.recommendgallery.RecommendGalleryManager.hasCameraPermission(SourceFile:218)

06-12 21:28:22.090  5440  5440 I LSPosed-Bridge: 	at com.baidu.graph.sdk.biz.home.comp.GraphHomeView.dismissNewGuideView(SourceFile:2382)

06-12 21:28:22.090  5440  5440 I LSPosed-Bridge: 	at com.baidu.graph.sdk.biz.home.comp.GraphHomeView.access$dismissNewGuideView(SourceFile:251)

