08-08 05:07:38.723  1512  6703 I LSPosed-Bridge: 	at com.example.permlabel.requirePerm$1$2.afterHookedMethod(requirePerm.java:134)

08-08 05:07:38.723  1512  6703 I LSPosed-Bridge: 	at de.robv.android.xposed.XposedBridge$AdditionalHookInfo.callback(Unknown Source:147)

08-08 05:07:38.723  1512  6703 I LSPosed-Bridge: 	at LSPHooker_.checkPermission(Unknown Source:25)

08-08 05:07:38.723  1512  6703 I LSPosed-Bridge: 	at com.android.server.am.ActivityManagerService.isGetTasksAllowed(ActivityManagerService.java:10902)

08-08 05:07:38.723  1512  6703 I LSPosed-Bridge: 	at com.android.server.am.ActivityManagerService.getFilteredTasks(ActivityManagerService.java:10884)

08-08 05:07:38.723  1512  6703 I LSPosed-Bridge: 	at com.android.server.am.ActivityManagerService.getTasks(ActivityManagerService.java:10872)

08-08 05:07:38.723  1512  6703 I LSPosed-Bridge: 	at android.app.IActivityManager$Stub.onTransact(IActivityManager.java:288)

08-08 05:07:38.723  1512  6703 I LSPosed-Bridge: 	at com.android.server.am.ActivityManagerService.onTransact(ActivityManagerService.java:3346)

08-08 05:07:38.723  1512  6703 I LSPosed-Bridge: 	at android.os.Binder.execTransact(Binder.java:731)

08-08 05:08:08.692  1512  6642 I LSPosed-Bridge: 5633 PermLabel 10128 AMS.checkPermission: Binder.getCallingPid() = 5633; uid = 10128; Binder.getCallingUid() = 10128; getNameForUid: com.foreo.foreoapp; getPackagesForUid: [com.foreo.foreoapp]; permName: android.permission.GET_TASKS; type = 0; res = -1; stacktrace=java.lang.Exception

08-08 05:08:08.692  1512  6642 I LSPosed-Bridge: 	at com.example.permlabel.requirePerm$1$2.afterHookedMethod(requirePerm.java:134)

08-08 05:08:08.692  1512  6642 I LSPosed-Bridge: 	at de.robv.android.xposed.XposedBridge$AdditionalHookInfo.callback(Unknown Source:147)

08-08 05:08:08.692  1512  6642 I LSPosed-Bridge: 	at LSPHooker_.checkPermission(Unknown Source:25)

08-08 05:08:08.692  1512  6642 I LSPosed-Bridge: 	at com.android.server.am.ActivityManagerService.isGetTasksAllowed(ActivityManagerService.java:10902)

08-08 05:08:08.692  1512  6642 I LSPosed-Bridge: 	at com.android.server.am.ActivityManagerService.getRunningAppProcesses(ActivityManagerService.java:16139)

08-08 05:08:08.692  1512  6642 I LSPosed-Bridge: 	at android.app.IActivityManager$Stub.onTransact(IActivityManager.java:1088)

08-08 05:08:08.692  1512  6642 I LSPosed-Bridge: 	at com.android.server.am.ActivityManagerService.onTransact(ActivityManagerService.java:3346)

08-08 05:08:08.692  1512  6642 I LSPosed-Bridge: 	at android.os.Binder.execTransact(Binder.java:731)

08-08 05:08:14.360  1512  7765 I LSPosed-Bridge: 5633 PermLabel 10128 AMS.checkPermission: Binder.getCallingPid() = 5633; uid = 10128; Binder.getCallingUid() = 10128; getNameForUid: com.foreo.foreoapp; getPackagesForUid: [com.foreo.foreoapp]; permName: android.permission.GET_TASKS; type = 0; res = -1; stacktrace=java.lang.Exception

08-08 05:08:14.360  1512  7765 I LSPosed-Bridge: 	at com.example.permlabel.requirePerm$1$2.afterHookedMethod(requirePerm.java:134)

08-08 05:08:14.360  1512  7765 I LSPosed-Bridge: 	at de.robv.android.xposed.XposedBridge$AdditionalHookInfo.callback(Unknown Source:147)

08-08 05:08:14.360  1512  7765 I LSPosed-Bridge: 	at LSPHooker_.checkPermission(Unknown Source:25)

08-08 05:08:14.360  1512  7765 I LSPosed-Bridge: 	at com.android.server.am.ActivityManagerService.isGetTasksAllowed(ActivityManagerService.java:10902)

08-08 05:08:14.360  1512  7765 I LSPosed-Bridge: 	at com.android.server.am.ActivityManagerService.getFilteredTasks(ActivityManagerService.java:10884)

08-08 05:08:14.360  1512  7765 I LSPosed-Bridge: 	at com.android.server.am.ActivityManagerService.getTasks(ActivityManagerService.java:10872)

08-08 05:08:14.360  1512  7765 I LSPosed-Bridge: 	at android.app.IActivityManager$Stub.onTransact(IActivityManager.java:288)

08-08 05:08:14.360  1512  7765 I LSPosed-Bridge: 	at com.android.server.am.ActivityManagerService.onTransact(ActivityManagerService.java:3346)

08-08 05:08:14.360  1512  7765 I LSPosed-Bridge: 	at android.os.Binder.execTransact(Binder.java:731)

08-08 05:08:14.360  5633  5716 I LSPosed-Bridge: 5633 PermLabel hookBinder_test 10128 interfaceBinder =android.content.pm.IPackageManager; arg0 = 13; arg1 = android.os.Parcel@258e338; arg2 = android.os.Parcel@5cef9bc; arg3 = 0; res = true; stacktrace=java.lang.Exception

08-08 05:08:14.360  5633  5716 I LSPosed-Bridge: 	at com.example.permlabel.hookBinder_test$1.afterHookedMethod(hookBinder_test.java:65)

08-08 05:08:14.360  5633  5716 I LSPosed-Bridge: 	at de.robv.android.xposed.XposedBridge$AdditionalHookInfo.callback(Unknown Source:147)

08-08 05:08:14.360  5633  5716 I LSPosed-Bridge: 	at LSPHooker_.transact(Unknown Source:28)

08-08 05:08:14.360  5633  5716 I LSPosed-Bridge: 	at android.content.pm.IPackageManager$Stub$Proxy.getApplicationInfo(IPackageManager.java:3104)

08-08 05:08:14.360  5633  5716 I LSPosed-Bridge: 	at android.app.ApplicationPackageManager.getApplicationInfoAsUser(ApplicationPackageManager.java:384)

08-08 05:08:14.360  5633  5716 I LSPosed-Bridge: 	at android.app.ApplicationPackageManager.getApplicationInfo(ApplicationPackageManager.java:377)

08-08 05:08:14.360  5633  5716 I LSPosed-Bridge: 	at m.cr.a(:com.google.android.gms.dynamite_measurementdynamite@233013028@23.30.13 (100400-0):7)

08-08 05:08:14.360  5633  5716 I LSPosed-Bridge: 	at m.ek.c(:com.google.android.gms.dynamite_measurementdynamite@233013028@23.30.13 (100400-0):42)

08-08 05:08:14.360  5633  5716 I LSPosed-Bridge: 	at m.ek.d(:com.google.android.gms.dynamite_measurementdynamite@233013028@23.30.13 (100400-0):4)

08-08 05:08:14.360  5633  5716 I LSPosed-Bridge: 	at m.ek.g(:com.google.android.gms.dynamite_measurementdynamite@233013028@23.30.13 (100400-0):6)

08-08 05:08:14.360  5633  5716 I LSPosed-Bridge: 	at m.kj.onActivityResumed(:com.google.android.gms.dynamite_measurementdynamite@233013028@23.30.13 (100400-0):52)

08-08 05:08:14.360  5633  5716 I LSPosed-Bridge: 	at com.google.android.gms.measurement.internal.AppMeasurementDynamiteService.onActivityResumed(:com.google.android.gms.dynamite_measurementdynamite@233013028@23.30.13 (100400-0):29)

08-08 05:08:14.360  5633  5716 I LSPosed-Bridge: 	at m.df.a(:com.google.android.gms.dynamite_measurementdynamite@233013028@23.30.13 (100400-0):104)

08-08 05:08:14.360  5633  5716 I LSPosed-Bridge: 	at m.am.onTransact(:com.google.android.gms.dynamite_measurementdynamite@233013028@23.30.13 (100400-0):21)

08-08 05:08:14.360  5633  5716 I LSPosed-Bridge: 	at android.os.Binder.transact(Binder.java:667)

08-08 05:08:14.360  5633  5716 I LSPosed-Bridge: 	at com.google.android.gms.internal.measurement.zzbm.zzc(com.google.android.gms:play-services-measurement-base@@20.0.0:2)

08-08 05:08:14.360  5633  5716 I LSPosed-Bridge: 	at com.google.android.gms.internal.measurement.zzca.onActivityResumed(com.google.android.gms:play-services-measurement-base@@20.0.0:4)

08-08 05:08:14.360  5633  5716 I LSPosed-Bridge: 	at com.google.android.gms.internal.measurement.zzdy.zza(com.google.android.gms:play-services-measurement-sdk-api@@20.0.0:2)

08-08 05:08:14.360  5633  5716 I LSPosed-Bridge: 	at com.google.android.gms.internal.measurement.zzdt.run(com.google.android.gms:play-services-measurement-sdk-api@@20.0.0:2)

08-08 05:08:14.360  5633  5716 I LSPosed-Bridge: 	at java.util.concurrent.ThreadPoolExecutor.runWorker(ThreadPoolExecutor.java:1167)

08-08 05:08:14.360  5633  5716 I LSPosed-Bridge: 	at java.util.concurrent.ThreadPoolExecutor$Worker.run(ThreadPoolExecutor.java:641)

08-08 05:08:14.360  5633  5716 I LSPosed-Bridge: 	at java.lang.Thread.run(Thread.java:764)

08-08 05:08:18.381  1512  1852 I LSPosed-Bridge: 5633 PermLabel 10128 AMS.checkPermission: Binder.getCallingPid() = 5633; uid = 10128; Binder.getCallingUid() = 10128; getNameForUid: com.foreo.foreoapp; getPackagesForUid: [com.foreo.foreoapp]; permName: android.permission.GET_TASKS; type = 0; res = -1; stacktrace=java.lang.Exception

08-08 05:08:18.381  1512  1852 I LSPosed-Bridge: 	at com.example.permlabel.requirePerm$1$2.afterHookedMethod(requirePerm.java:134)

08-08 05:08:18.381  1512  1852 I LSPosed-Bridge: 	at de.robv.android.xposed.XposedBridge$AdditionalHookInfo.callback(Unknown Source:147)

08-08 05:08:18.381  1512  1852 I LSPosed-Bridge: 	at LSPHooker_.checkPermission(Unknown Source:25)

08-08 05:08:18.381  1512  1852 I LSPosed-Bridge: 	at com.android.server.am.ActivityManagerService.isGetTasksAllowed(ActivityManagerService.java:10902)

08-08 05:08:18.381  1512  1852 I LSPosed-Bridge: 	at com.android.server.am.ActivityManagerService.getRunningAppProcesses(ActivityManagerService.java:16139)

08-08 05:08:18.381  1512  1852 I LSPosed-Bridge: 	at android.app.IActivityManager$Stub.onTransact(IActivityManager.java:1088)

08-08 05:08:18.381  1512  1852 I LSPosed-Bridge: 	at com.android.server.am.ActivityManagerService.onTransact(ActivityManagerService.java:3346)

08-08 05:08:18.381  1512  1852 I LSPosed-Bridge: 	at android.os.Binder.execTransact(Binder.java:731)

08-08 05:08:21.410  5633  5716 I LSPosed-Bridge: 5633 PermLabel hookBinder_test 10128 interfaceBinder =android.content.pm.IPackageManager; arg0 = 13; arg1 = android.os.Parcel@86f83dd; arg2 = android.os.Parcel@fbf69ee; arg3 = 0; res = true; stacktrace=java.lang.Exception

08-08 05:08:21.410  5633  5716 I LSPosed-Bridge: 	at com.example.permlabel.hookBinder_test$1.afterHookedMethod(hookBinder_test.java:65)

08-08 05:08:21.410  5633  5716 I LSPosed-Bridge: 	at de.robv.android.xposed.XposedBridge$AdditionalHookInfo.callback(Unknown Source:147)

08-08 05:08:21.410  5633  5716 I LSPosed-Bridge: 	at LSPHooker_.transact(Unknown Source:28)

08-08 05:08:21.410  5633  5716 I LSPosed-Bridge: 	at android.content.pm.IPackageManager$Stub$Proxy.getApplicationInfo(IPackageManager.java:3104)

08-08 05:08:21.410  5633  5716 I LSPosed-Bridge: 	at android.app.ApplicationPackageManager.getApplicationInfoAsUser(ApplicationPackageManager.java:384)

08-08 05:08:21.410  5633  5716 I LSPosed-Bridge: 	at android.app.ApplicationPackageManager.getApplicationInfo(ApplicationPackageManager.java:377)

08-08 05:08:21.410  5633  5716 I LSPosed-Bridge: 	at m.cr.a(:com.google.android.gms.dynamite_measurementdynamite@233013028@23.30.13 (100400-0):7)

08-08 05:08:21.410  5633  5716 I LSPosed-Bridge: 	at m.ek.c(:com.google.android.gms.dynamite_measurementdynamite@233013028@23.30.13 (100400-0):42)

08-08 05:08:21.410  5633  5716 I LSPosed-Bridge: 	at m.ek.d(:com.google.android.gms.dynamite_measurementdynamite@233013028@23.30.13 (100400-0):4)

08-08 05:08:21.410  5633  5716 I LSPosed-Bridge: 	at m.ek.g(:com.google.android.gms.dynamite_measurementdynamite@233013028@23.30.13 (100400-0):6)

08-08 05:08:21.410  5633  5716 I LSPosed-Bridge: 	at m.kj.onActivityResumed(:com.google.android.gms.dynamite_measurementdynamite@233013028@23.30.13 (100400-0):82)

08-08 05:08:21.410  5633  5716 I LSPosed-Bridge: 	at com.google.android.gms.measurement.internal.AppMeasurementDynamiteService.onActivityResumed(:com.google.android.gms.dynamite_measurementdynamite@233013028@23.30.13 (100400-0):29)

08-08 05:08:21.410  5633  5716 I LSPosed-Bridge: 	at m.df.a(:com.google.android.gms.dynamite_measurementdynamite@233013028@23.30.13 (100400-0):104)

08-08 05:08:21.410  5633  5716 I LSPosed-Bridge: 	at m.am.onTransact(:com.google.android.gms.dynamite_measurementdynamite@233013028@23.30.13 (100400-0):21)

08-08 05:08:21.410  5633  5716 I LSPosed-Bridge: 	at android.os.Binder.transact(Binder.java:667)

08-08 05:08:21.410  5633  5716 I LSPosed-Bridge: 	at com.google.android.gms.internal.measurement.zzbm.zzc(com.google.android.gms:play-services-measurement-base@@20.0.0:2)

08-08 05:08:21.410  5633  5716 I LSPosed-Bridge: 	at com.google.android.gms.internal.measurement.zzca.onActivityResumed(com.google.android.gms:play-services-measurement-base@@20.0.0:4)

08-08 05:08:21.410  5633  5716 I LSPosed-Bridge: 	at com.google.android.gms.internal.measurement.zzdy.zza(com.google.android.gms:play-services-measurement-sdk-api@@20.0.0:2)

08-08 05:08:21.410  5633  5716 I LSPosed-Bridge: 	at com.google.android.gms.internal.measurement.zzdt.run(com.google.android.gms:play-services-measurement-sdk-api@@20.0.0:2)

08-08 05:08:21.410  5633  5716 I LSPosed-Bridge: 	at java.util.concurrent.ThreadPoolExecutor.runWorker(ThreadPoolExecutor.java:1167)

08-08 05:08:21.410  5633  5716 I LSPosed-Bridge: 	at java.util.concurrent.ThreadPoolExecutor$Worker.run(ThreadPoolExecutor.java:641)

08-08 05:08:21.410  5633  5716 I LSPosed-Bridge: 	at java.lang.Thread.run(Thread.java:764)

08-08 05:08:21.410  1512  6703 I LSPosed-Bridge: 5633 PermLabel 10128 AMS.checkPermission: Binder.getCallingPid() = 5633; uid = 10128; Binder.getCallingUid() = 10128; getNameForUid: com.foreo.foreoapp; getPackagesForUid: [com.foreo.foreoapp]; permName: android.permission.GET_TASKS; type = 0; res = -1; stacktrace=java.lang.Exception

08-08 05:08:21.410  1512  6703 I LSPosed-Bridge: 	at com.example.permlabel.requirePerm$1$2.afterHookedMethod(requirePerm.java:134)

08-08 05:08:21.410  1512  6703 I LSPosed-Bridge: 	at de.robv.android.xposed.XposedBridge$AdditionalHookInfo.callback(Unknown Source:147)

08-08 05:08:21.410  1512  6703 I LSPosed-Bridge: 	at LSPHooker_.checkPermission(Unknown Source:25)

08-08 05:08:21.410  1512  6703 I LSPosed-Bridge: 	at com.android.server.am.ActivityManagerService.isGetTasksAllowed(ActivityManagerService.java:10902)

08-08 05:08:21.410  1512  6703 I LSPosed-Bridge: 	at com.android.server.am.ActivityManagerService.getFilteredTasks(ActivityManagerService.java:10884)

08-08 05:08:21.410  1512  6703 I LSPosed-Bridge: 	at com.android.server.am.ActivityManagerService.getTasks(ActivityManagerService.java:10872)

08-08 05:08:21.410  1512  6703 I LSPosed-Bridge: 	at android.app.IActivityManager$Stub.onTransact(IActivityManager.java:288)

08-08 05:08:21.410  1512  6703 I LSPosed-Bridge: 	at com.android.server.am.ActivityManagerService.onTransact(ActivityManagerService.java:3346)

08-08 05:08:21.410  1512  6703 I LSPosed-Bridge: 	at android.os.Binder.execTransact(Binder.java:731)

08-08 05:08:25.588  1512  7775 I LSPosed-Bridge: 5633 PermLabel 10128 AMS.checkPermission: Binder.getCallingPid() = 5633; uid = 10128; Binder.getCallingUid() = 10128; getNameForUid: com.foreo.foreoapp; getPackagesForUid: [com.foreo.foreoapp]; permName: android.permission.GET_TASKS; type = 0; res = -1; stacktrace=java.lang.Exception

08-08 05:08:25.588  1512  7775 I LSPosed-Bridge: 	at com.example.permlabel.requirePerm$1$2.afterHookedMethod(requirePerm.java:134)

08-08 05:08:25.588  1512  7775 I LSPosed-Bridge: 	at de.robv.android.xposed.XposedBridge$AdditionalHookInfo.callback(Unknown Source:147)

08-08 05:08:25.588  1512  7775 I LSPosed-Bridge: 	at LSPHooker_.checkPermission(Unknown Source:25)

08-08 05:08:25.588  1512  7775 I LSPosed-Bridge: 	at com.android.server.am.ActivityManagerService.isGetTasksAllowed(ActivityManagerService.java:10902)

08-08 05:08:25.588  1512  7775 I LSPosed-Bridge: 	at com.android.server.am.ActivityManagerService.getRunningAppProcesses(ActivityManagerService.java:16139)

08-08 05:08:25.588  1512  7775 I LSPosed-Bridge: 	at android.app.IActivityManager$Stub.onTransact(IActivityManager.java:1088)

08-08 05:08:25.588  1512  7775 I LSPosed-Bridge: 	at com.android.server.am.ActivityManagerService.onTransact(ActivityManagerService.java:3346)

08-08 05:08:25.588  1512  7775 I LSPosed-Bridge: 	at android.os.Binder.execTransact(Binder.java:731)

08-08 05:08:25.588  5633  5633 I LSPosed-Bridge: 5633 PermLabel hookBinder_test 10128 interfaceBinder =android.app.IActivityManager; arg0 = 81; arg1 = android.os.Parcel@7b384b8; arg2 = android.os.Parcel@b5d4082; arg3 = 0; res = true; stacktrace=java.lang.Exception

08-08 05:08:25.588  5633  5633 I LSPosed-Bridge: 	at com.example.permlabel.hookBinder_test$1.afterHookedMethod(hookBinder_test.java:65)

08-08 05:08:25.588  5633  5633 I LSPosed-Bridge: 	at de.robv.android.xposed.XposedBridge$AdditionalHookInfo.callback(Unknown Source:147)

08-08 05:08:25.588  5633  5633 I LSPosed-Bridge: 	at LSPHooker_.transact(Unknown Source:28)

08-08 05:08:25.588  5633  5633 I LSPosed-Bridge: 	at android.app.IActivityManager$Stub$Proxy.getRunningAppProcesses(IActivityManager.java:5366)

08-08 05:08:25.588  5633  5633 I LSPosed-Bridge: 	at android.app.ActivityManager.getRunningAppProcesses(ActivityManager.java:3435)

08-08 05:08:25.588  5633  5633 I LSPosed-Bridge: 	at java.lang.reflect.Method.invoke(Native Method)

08-08 05:08:25.588  5633  5633 I LSPosed-Bridge: 	at org.lsposed.lspd.nativebridge.HookBridge.invokeOriginalMethod(Native Method)

08-08 05:08:25.588  5633  5633 I LSPosed-Bridge: 	at de.robv.android.xposed.XposedBridge$AdditionalHookInfo.callback(Unknown Source:110)

08-08 05:08:25.588  5633  5633 I LSPosed-Bridge: 	at LSPHooker_.getRunningAppProcesses(Unknown Source:8)

08-08 05:08:25.588  5633  5633 I LSPosed-Bridge: 	at com.foreo.foreoapp.presentation.utils.AppUtilsKt.isRunningForeground(AppUtils.kt:23)

08-08 05:08:25.588  5633  5633 I LSPosed-Bridge: 	at com.foreo.foreoapp.presentation.main.MainActivity.onStop(MainActivity.kt:278)

08-08 05:08:25.588  5633  5633 I LSPosed-Bridge: 	at android.app.Instrumentation.callActivityOnStop(Instrumentation.java:1433)

08-08 05:08:25.588  5633  5633 I LSPosed-Bridge: 	at android.app.Activity.performStop(Activity.java:7367)

08-08 05:08:25.588  5633  5633 I LSPosed-Bridge: 	at android.app.ActivityThread.callActivityOnStop(ActivityThread.java:4144)

08-08 05:08:25.588  5633  5633 I LSPosed-Bridge: 	at android.app.ActivityThread.performStopActivityInner(ActivityThread.java:4122)

08-08 05:08:25.588  5633  5633 I LSPosed-Bridge: 	at android.app.ActivityThread.handleStopActivity(ActivityThread.java:4197)

08-08 05:08:25.588  5633  5633 I LSPosed-Bridge: 	at android.app.servertransaction.StopActivityItem.execute(StopActivityItem.java:41)

08-08 05:08:25.588  5633  5633 I LSPosed-Bridge: 	at android.app.servertransaction.TransactionExecutor.executeLifecycleState(TransactionExecutor.java:145)

08-08 05:08:25.588  5633  5633 I LSPosed-Bridge: 	at android.app.servertransaction.TransactionExecutor.execute(TransactionExecutor.java:70)

08-08 05:08:25.588  5633  5633 I LSPosed-Bridge: 	at android.app.ActivityThread$H.handleMessage(ActivityThread.java:1809)

08-08 05:08:25.588  5633  5633 I LSPosed-Bridge: 	at android.os.Handler.dispatchMessage(Handler.java:106)

08-08 05:08:25.588  5633  5633 I LSPosed-Bridge: 	at android.os.Looper.loop(Looper.java:193)

08-08 05:08:25.588  5633  5633 I LSPosed-Bridge: 	at android.app.ActivityThread.main(ActivityThread.java:6692)

08-08 05:08:25.588  5633  5633 I LSPosed-Bridge: 	at java.lang.reflect.Method.invoke(Native Method)

08-08 05:08:25.588  5633  5633 I LSPosed-Bridge: 	at com.android.internal.os.RuntimeInit$MethodAndArgsCaller.run(RuntimeInit.java:493)

08-08 05:08:25.588  5633  5633 I LSPosed-Bridge: 	at com.android.internal.os.ZygoteInit.main(ZygoteInit.java:858)

08-08 05:08:28.382   560   560 I ConfigStore: android::hardware::configstore::V1_0::ISurfaceFlingerConfigs::hasHDRDisplay retrieved: 0

08-08 05:08:28.382  1512  7775 I LSPosed-Bridge: 5633 PermLabel 10128 AMS.checkPermission: Binder.getCallingPid() = 5633; uid = 10128; Binder.getCallingUid() = 10128; getNameForUid: com.foreo.foreoapp; getPackagesForUid: [com.foreo.foreoapp]; permName: android.permission.GET_TASKS; type = 0; res = -1; stacktrace=java.lang.Exception

08-08 05:08:28.382  1512  7775 I LSPosed-Bridge: 	at com.example.permlabel.requirePerm$1$2.afterHookedMethod(requirePerm.java:134)

08-08 05:08:28.382  1512  7775 I LSPosed-Bridge: 	at de.robv.android.xposed.XposedBridge$AdditionalHookInfo.callback(Unknown Source:147)

08-08 05:08:28.382  1512  7775 I LSPosed-Bridge: 	at LSPHooker_.checkPermission(Unknown Source:25)

08-08 05:08:28.382  1512  7775 I LSPosed-Bridge: 	at com.android.server.am.ActivityManagerService.isGetTasksAllowed(ActivityManagerService.java:10902)

08-08 05:08:28.382  1512  7775 I LSPosed-Bridge: 	at com.android.server.am.ActivityManagerService.getFilteredTasks(ActivityManagerService.java:10884)

08-08 05:08:28.382  1512  7775 I LSPosed-Bridge: 	at com.android.server.am.ActivityManagerService.getTasks(ActivityManagerService.java:10872)

08-08 05:08:28.382  1512  7775 I LSPosed-Bridge: 	at android.app.IActivityManager$Stub.onTransact(IActivityManager.java:288)

08-08 05:08:28.382  1512  7775 I LSPosed-Bridge: 	at com.android.server.am.ActivityManagerService.onTransact(ActivityManagerService.java:3346)

08-08 05:08:28.382  1512  7775 I LSPosed-Bridge: 	at android.os.Binder.execTransact(Binder.java:731)

08-08 05:08:32.655  1512  6703 I LSPosed-Bridge: 5633 PermLabel 10128 AMS.checkPermission: Binder.getCallingPid() = 5633; uid = 10128; Binder.getCallingUid() = 10128; getNameForUid: com.foreo.foreoapp; getPackagesForUid: [com.foreo.foreoapp]; permName: android.permission.GET_TASKS; type = 0; res = -1; stacktrace=java.lang.Exception

08-08 05:08:32.655  1512  6703 I LSPosed-Bridge: 	at com.example.permlabel.requirePerm$1$2.afterHookedMethod(requirePerm.java:134)

08-08 05:08:32.655  1512  6703 I LSPosed-Bridge: 	at de.robv.android.xposed.XposedBridge$AdditionalHookInfo.callback(Unknown Source:147)

08-08 05:08:32.655  1512  6703 I LSPosed-Bridge: 	at LSPHooker_.checkPermission(Unknown Source:25)

08-08 05:08:32.655  1512  6703 I LSPosed-Bridge: 	at com.android.server.am.ActivityManagerService.isGetTasksAllowed(ActivityManagerService.java:10902)

08-08 05:08:32.655  1512  6703 I LSPosed-Bridge: 	at com.android.server.am.ActivityManagerService.getRunningAppProcesses(ActivityManagerService.java:16139)

08-08 05:08:32.655  1512  6703 I LSPosed-Bridge: 	at android.app.IActivityManager$Stub.onTransact(IActivityManager.java:1088)

08-08 05:08:32.655  1512  6703 I LSPosed-Bridge: 	at com.android.server.am.ActivityManagerService.onTransact(ActivityManagerService.java:3346)

08-08 05:08:32.655  1512  6703 I LSPosed-Bridge: 	at android.os.Binder.execTransact(Binder.java:731)

08-08 05:08:35.456  1512  6642 I LSPosed-Bridge: 5633 PermLabel 10128 AMS.checkPermission: Binder.getCallingPid() = 5633; uid = 10128; Binder.getCallingUid() = 10128; getNameForUid: com.foreo.foreoapp; getPackagesForUid: [com.foreo.foreoapp]; permName: android.permission.GET_TASKS; type = 0; res = -1; stacktrace=java.lang.Exception

08-08 05:08:35.456  1512  6642 I LSPosed-Bridge: 	at com.example.permlabel.requirePerm$1$2.afterHookedMethod(requirePerm.java:134)

08-08 05:08:35.456  1512  6642 I LSPosed-Bridge: 	at de.robv.android.xposed.XposedBridge$AdditionalHookInfo.callback(Unknown Source:147)

08-08 05:08:35.456  1512  6642 I LSPosed-Bridge: 	at LSPHooker_.checkPermission(Unknown Source:25)

08-08 05:08:35.456  1512  6642 I LSPosed-Bridge: 	at com.android.server.am.ActivityManagerService.isGetTasksAllowed(ActivityManagerService.java:10902)

08-08 05:08:35.456  1512  6642 I LSPosed-Bridge: 	at com.android.server.am.ActivityManagerService.getFilteredTasks(ActivityManagerService.java:10884)

08-08 05:08:35.456  1512  6642 I LSPosed-Bridge: 	at com.android.server.am.ActivityManagerService.getTasks(ActivityManagerService.java:10872)

08-08 05:08:35.456  1512  6642 I LSPosed-Bridge: 	at android.app.IActivityManager$Stub.onTransact(IActivityManager.java:288)

08-08 05:08:35.456  1512  6642 I LSPosed-Bridge: 	at com.android.server.am.ActivityManagerService.onTransact(ActivityManagerService.java:3346)

08-08 05:08:35.456  1512  6642 I LSPosed-Bridge: 	at android.os.Binder.execTransact(Binder.java:731)

08-08 05:08:39.084  1512  7775 I LSPosed-Bridge: 5633 PermLabel 10128 AMS.checkPermission: Binder.getCallingPid() = 5633; uid = 10128; Binder.getCallingUid() = 10128; getNameForUid: com.foreo.foreoapp; getPackagesForUid: [com.foreo.foreoapp]; permName: android.permission.GET_TASKS; type = 0; res = -1; stacktrace=java.lang.Exception

08-08 05:08:39.084  1512  7775 I LSPosed-Bridge: 	at com.example.permlabel.requirePerm$1$2.afterHookedMethod(requirePerm.java:134)

08-08 05:08:39.084  1512  7775 I LSPosed-Bridge: 	at de.robv.android.xposed.XposedBridge$AdditionalHookInfo.callback(Unknown Source:147)

08-08 05:08:39.084  1512  7775 I LSPosed-Bridge: 	at LSPHooker_.checkPermission(Unknown Source:25)

08-08 05:08:39.084  1512  7775 I LSPosed-Bridge: 	at com.android.server.am.ActivityManagerService.isGetTasksAllowed(ActivityManagerService.java:10902)

08-08 05:08:39.084  1512  7775 I LSPosed-Bridge: 	at com.android.server.am.ActivityManagerService.getFilteredTasks(ActivityManagerService.java:10884)

08-08 05:08:39.084  1512  7775 I LSPosed-Bridge: 	at com.android.server.am.ActivityManagerService.getTasks(ActivityManagerService.java:10872)

08-08 05:08:39.084  1512  7775 I LSPosed-Bridge: 	at android.app.IActivityManager$Stub.onTransact(IActivityManager.java:288)

08-08 05:08:39.084  1512  7775 I LSPosed-Bridge: 	at com.android.server.am.ActivityManagerService.onTransact(ActivityManagerService.java:3346)

08-08 05:08:39.084  1512  7775 I LSPosed-Bridge: 	at android.os.Binder.execTransact(Binder.java:731)

08-08 05:08:46.233  1512  1852 I LSPosed-Bridge: 5633 PermLabel 10128 AMS.checkPermission: Binder.getCallingPid() = 5633; uid = 10128; Binder.getCallingUid() = 10128; getNameForUid: com.foreo.foreoapp; getPackagesForUid: [com.foreo.foreoapp]; permName: android.permission.GET_TASKS; type = 0; res = -1; stacktrace=java.lang.Exception

08-08 05:08:46.233  1512  1852 I LSPosed-Bridge: 	at com.example.permlabel.requirePerm$1$2.afterHookedMethod(requirePerm.java:134)

08-08 05:08:46.233  1512  1852 I LSPosed-Bridge: 	at de.robv.android.xposed.XposedBridge$AdditionalHookInfo.callback(Unknown Source:147)

08-08 05:08:46.233  1512  1852 I LSPosed-Bridge: 	at LSPHooker_.checkPermission(Unknown Source:25)

08-08 05:08:46.233  1512  1852 I LSPosed-Bridge: 	at com.android.server.am.ActivityManagerService.isGetTasksAllowed(ActivityManagerService.java:10902)

08-08 05:08:46.233  1512  1852 I LSPosed-Bridge: 	at com.android.server.am.ActivityManagerService.getFilteredTasks(ActivityManagerService.java:10884)

08-08 05:08:46.233  1512  1852 I LSPosed-Bridge: 	at com.android.server.am.ActivityManagerService.getTasks(ActivityManagerService.java:10872)

08-08 05:08:46.233  1512  1852 I LSPosed-Bridge: 	at android.app.IActivityManager$Stub.onTransact(IActivityManager.java:288)

08-08 05:08:46.233  1512  1852 I LSPosed-Bridge: 	at com.android.server.am.ActivityManagerService.onTransact(ActivityManagerService.java:3346)

08-08 05:08:46.233  1512  1852 I LSPosed-Bridge: 	at android.os.Binder.execTransact(Binder.java:731)

08-08 05:08:59.933   560   560 I ConfigStore: android::hardware::configstore::V1_0::ISurfaceFlingerConfigs::hasHDRDisplay retrieved: 0

08-08 05:08:59.933  1512  6683 I LSPosed-Bridge: 5633 PermLabel 10128 AMS.checkPermission: Binder.getCallingPid() = 5633; uid = 10128; Binder.getCallingUid() = 10128; getNameForUid: com.foreo.foreoapp; getPackagesForUid: [com.foreo.foreoapp]; permName: android.permission.GET_TASKS; type = 0; res = -1; stacktrace=java.lang.Exception

08-08 05:08:59.933  1512  6683 I LSPosed-Bridge: 	at com.example.permlabel.requirePerm$1$2.afterHookedMethod(requirePerm.java:134)

08-08 05:08:59.933  1512  6683 I LSPosed-Bridge: 	at de.robv.android.xposed.XposedBridge$AdditionalHookInfo.callback(Unknown Source:147)

08-08 05:08:59.933  1512  6683 I LSPosed-Bridge: 	at LSPHooker_.checkPermission(Unknown Source:25)

08-08 05:08:59.933  1512  6683 I LSPosed-Bridge: 	at com.android.server.am.ActivityManagerService.isGetTasksAllowed(ActivityManagerService.java:10902)

08-08 05:08:59.933  1512  6683 I LSPosed-Bridge: 	at com.android.server.am.ActivityManagerService.getFilteredTasks(ActivityManagerService.java:10884)

08-08 05:08:59.933  1512  6683 I LSPosed-Bridge: 	at com.android.server.am.ActivityManagerService.getTasks(ActivityManagerService.java:10872)

08-08 05:08:59.933  1512  6683 I LSPosed-Bridge: 	at android.app.IActivityManager$Stub.onTransact(IActivityManager.java:288)

08-08 05:08:59.933  1512  6683 I LSPosed-Bridge: 	at com.android.server.am.ActivityManagerService.onTransact(ActivityManagerService.java:3346)

08-08 05:08:59.933  1512  6683 I LSPosed-Bridge: 	at android.os.Binder.execTransact(Binder.java:731)

08-08 05:09:07.308  1512  6683 I LSPosed-Bridge: 5633 PermLabel 10128 AMS.checkPermission: Binder.getCallingPid() = 5633; uid = 10128; Binder.getCallingUid() = 10128; getNameForUid: com.foreo.foreoapp; getPackagesForUid: [com.foreo.foreoapp]; permName: android.permission.GET_TASKS; type = 0; res = -1; stacktrace=java.lang.Exception

08-08 05:09:07.308  1512  6683 I LSPosed-Bridge: 	at com.example.permlabel.requirePerm$1$2.afterHookedMethod(requirePerm.java:134)

08-08 05:09:07.308  1512  6683 I LSPosed-Bridge: 	at de.robv.android.xposed.XposedBridge$AdditionalHookInfo.callback(Unknown Source:147)

08-08 05:09:07.308  1512  6683 I LSPosed-Bridge: 	at LSPHooker_.checkPermission(Unknown Source:25)

08-08 05:09:07.308  1512  6683 I LSPosed-Bridge: 	at com.android.server.am.ActivityManagerService.isGetTasksAllowed(ActivityManagerService.java:10902)

08-08 05:09:07.308  1512  6683 I LSPosed-Bridge: 	at com.android.server.am.ActivityManagerService.getFilteredTasks(ActivityManagerService.java:10884)

08-08 05:09:07.308  1512  6683 I LSPosed-Bridge: 	at com.android.server.am.ActivityManagerService.getTasks(ActivityManagerService.java:10872)

08-08 05:09:07.308  1512  6683 I LSPosed-Bridge: 	at android.app.IActivityManager$Stub.onTransact(IActivityManager.java:288)

08-08 05:09:07.308  1512  6683 I LSPosed-Bridge: 	at com.android.server.am.ActivityManagerService.onTransact(ActivityManagerService.java:3346)

08-08 05:09:07.308  1512  6683 I LSPosed-Bridge: 	at android.os.Binder.execTransact(Binder.java:731)

08-08 05:09:14.769  1512  1852 I LSPosed-Bridge: 5633 PermLabel 10128 AMS.checkPermission: Binder.getCallingPid() = 5633; uid = 10128; Binder.getCallingUid() = 10128; getNameForUid: com.foreo.foreoapp; getPackagesForUid: [com.foreo.foreoapp]; permName: android.permission.GET_TASKS; type = 0; res = -1; stacktrace=java.lang.Exception

08-08 05:09:14.769  1512  1852 I LSPosed-Bridge: 	at com.example.permlabel.requirePerm$1$2.afterHookedMethod(requirePerm.java:134)

08-08 05:09:14.769  1512  1852 I LSPosed-Bridge: 	at de.robv.android.xposed.XposedBridge$AdditionalHookInfo.callback(Unknown Source:147)

08-08 05:09:14.769  1512  1852 I LSPosed-Bridge: 	at LSPHooker_.checkPermission(Unknown Source:25)

08-08 05:09:14.769  1512  1852 I LSPosed-Bridge: 	at com.android.server.am.ActivityManagerService.isGetTasksAllowed(ActivityManagerService.java:10902)

08-08 05:09:14.769  1512  1852 I LSPosed-Bridge: 	at com.android.server.am.ActivityManagerService.getFilteredTasks(ActivityManagerService.java:10884)

08-08 05:09:14.769  1512  1852 I LSPosed-Bridge: 	at com.android.server.am.ActivityManagerService.getTasks(ActivityManagerService.java:10872)

08-08 05:09:14.769  1512  1852 I LSPosed-Bridge: 	at android.app.IActivityManager$Stub.onTransact(IActivityManager.java:288)

08-08 05:09:14.769  1512  1852 I LSPosed-Bridge: 	at com.android.server.am.ActivityManagerService.onTransact(ActivityManagerService.java:3346)

08-08 05:09:14.769  1512  1852 I LSPosed-Bridge: 	at android.os.Binder.execTransact(Binder.java:731)

08-08 05:09:14.769  5633  5633 I LSPosed-Bridge: 5633 PermLabel hookBinder_test 10128 interfaceBinder =android.app.IActivityManager; arg0 = 20; arg1 = android.os.Parcel@6cc1f83; arg2 = android.os.Parcel@c414305; arg3 = 0; res = true; stacktrace=java.lang.Exception

08-08 05:09:14.769  5633  5633 I LSPosed-Bridge: 	at com.example.permlabel.hookBinder_test$1.afterHookedMethod(hookBinder_test.java:65)

08-08 05:09:14.769  5633  5633 I LSPosed-Bridge: 	at de.robv.android.xposed.XposedBridge$AdditionalHookInfo.callback(Unknown Source:147)

08-08 05:09:14.769  5633  5633 I LSPosed-Bridge: 	at LSPHooker_.transact(Unknown Source:28)

08-08 05:09:14.769  5633  5633 I LSPosed-Bridge: 	at android.app.IActivityManager$Stub$Proxy.getTasks(IActivityManager.java:4082)

08-08 05:09:14.769  5633  5633 I LSPosed-Bridge: 	at android.app.ActivityManager.getRunningTasks(ActivityManager.java:1994)

08-08 05:09:14.769  5633  5633 I LSPosed-Bridge: 	at com.foreo.foreoasianapp.commonresourcelib.global.presentation.utils.Utils.isTopActivity(Utils.kt:163)

08-08 05:09:14.769  5633  5633 I LSPosed-Bridge: 	at com.foreo.foreoapp.presentation.devices.DevicesFragment.onResume(DevicesFragment.kt:92)

08-08 05:09:14.769  5633  5633 I LSPosed-Bridge: 	at androidx.fragment.app.Fragment.performResume(Fragment.java:3180)

08-08 05:09:14.769  5633  5633 I LSPosed-Bridge: 	at androidx.fragment.app.FragmentStateManager.resume(FragmentStateManager.java:606)

08-08 05:09:14.769  5633  5633 I LSPosed-Bridge: 	at androidx.fragment.app.FragmentStateManager.moveToExpectedState(FragmentStateManager.java:285)

08-08 05:09:14.769  5633  5633 I LSPosed-Bridge: 	at androidx.fragment.app.FragmentStore.moveToExpectedState(FragmentStore.java:113)

08-08 05:09:14.769  5633  5633 I LSPosed-Bridge: 	at androidx.fragment.app.FragmentManager.moveToState(FragmentManager.java:1433)

08-08 05:09:14.769  5633  5633 I LSPosed-Bridge: 	at androidx.fragment.app.FragmentManager.dispatchStateChange(FragmentManager.java:2977)

08-08 05:09:14.769  5633  5633 I LSPosed-Bridge: 	at androidx.fragment.app.FragmentManager.dispatchResume(FragmentManager.java:2909)

08-08 05:09:14.769  5633  5633 I LSPosed-Bridge: 	at androidx.fragment.app.Fragment.performResume(Fragment.java:3189)

08-08 05:09:14.769  5633  5633 I LSPosed-Bridge: 	at androidx.fragment.app.FragmentStateManager.resume(FragmentStateManager.java:606)

08-08 05:09:14.769  5633  5633 I LSPosed-Bridge: 	at androidx.fragment.app.FragmentStateManager.moveToExpectedState(FragmentStateManager.java:285)

08-08 05:09:14.769  5633  5633 I LSPosed-Bridge: 	at androidx.fragment.app.SpecialEffectsController$FragmentStateManagerOperation.complete(SpecialEffectsController.java:771)

08-08 05:09:14.769  5633  5633 I LSPosed-Bridge: 	at androidx.fragment.app.SpecialEffectsController$Operation.completeSpecialEffect(SpecialEffectsController.java:690)

08-08 05:09:14.769  5633  5633 I LSPosed-Bridge: 	at androidx.fragment.app.DefaultSpecialEffectsController$SpecialEffectsInfo.completeSpecialEffect(DefaultSpecialEffectsController.java:877)

08-08 05:09:14.769  5633  5633 I LSPosed-Bridge: 	at androidx.fragment.app.DefaultSpecialEffectsController.startAnimations(DefaultSpecialEffectsController.java:281)

08-08 05:09:14.769  5633  5633 I LSPosed-Bridge: 	at androidx.fragment.app.DefaultSpecialEffectsController.executeOperations(DefaultSpecialEffectsController.java:126)

08-08 05:09:14.769  5633  5633 I LSPosed-Bridge: 	at androidx.fragment.app.SpecialEffectsController.executePendingOperations(SpecialEffectsController.java:306)

08-08 05:09:14.769  5633  5633 I LSPosed-Bridge: 	at androidx.fragment.app.FragmentManager.executeOpsTogether(FragmentManager.java:1912)

08-08 05:09:14.769  5633  5633 I LSPosed-Bridge: 	at androidx.fragment.app.FragmentManager.removeRedundantOperationsAndExecute(FragmentManager.java:1823)

08-08 05:09:14.769  5633  5633 I LSPosed-Bridge: 	at androidx.fragment.app.FragmentManager.execPendingActions(FragmentManager.java:1760)

08-08 05:09:14.769  5633  5633 I LSPosed-Bridge: 	at androidx.fragment.app.FragmentManager$5.run(FragmentManager.java:547)

08-08 05:09:14.769  5633  5633 I LSPosed-Bridge: 	at android.os.Handler.handleCallback(Handler.java:873)

08-08 05:09:14.769  5633  5633 I LSPosed-Bridge: 	at android.os.Handler.dispatchMessage(Handler.java:99)

08-08 05:09:14.769  5633  5633 I LSPosed-Bridge: 	at android.os.Looper.loop(Looper.java:193)

08-08 05:09:14.769  5633  5633 I LSPosed-Bridge: 	at android.app.ActivityThread.main(ActivityThread.java:6692)

08-08 05:09:14.769  5633  5633 I LSPosed-Bridge: 	at java.lang.reflect.Method.invoke(Native Method)

08-08 05:09:14.769  5633  5633 I LSPosed-Bridge: 	at com.android.internal.os.RuntimeInit$MethodAndArgsCaller.run(RuntimeInit.java:493)

08-08 05:09:14.769  5633  5633 I LSPosed-Bridge: 	at com.android.internal.os.ZygoteInit.main(ZygoteInit.java:858)

08-08 05:09:29.523  5633  7143 I LSPosed-Bridge: 5633 PermLabel hookBinder_test 10128 interfaceBinder =android.content.pm.IPackageManager; arg0 = 13; arg1 = android.os.Parcel@591196a; arg2 = android.os.Parcel@6cc1f83; arg3 = 0; res = true; stacktrace=java.lang.Exception

08-08 05:09:29.523  5633  7143 I LSPosed-Bridge: 	at com.example.permlabel.hookBinder_test$1.afterHookedMethod(hookBinder_test.java:65)

08-08 05:09:29.523  5633  7143 I LSPosed-Bridge: 	at de.robv.android.xposed.XposedBridge$AdditionalHookInfo.callback(Unknown Source:147)

08-08 05:09:29.523  5633  7143 I LSPosed-Bridge: 	at LSPHooker_.transact(Unknown Source:28)

08-08 05:09:29.523  5633  7143 I LSPosed-Bridge: 	at android.content.pm.IPackageManager$Stub$Proxy.getApplicationInfo(IPackageManager.java:3104)

08-08 05:09:29.523  5633  7143 I LSPosed-Bridge: 	at android.app.ApplicationPackageManager.getApplicationInfoAsUser(ApplicationPackageManager.java:384)

08-08 05:09:29.523  5633  7143 I LSPosed-Bridge: 	at android.app.ApplicationPackageManager.getApplicationInfo(ApplicationPackageManager.java:377)

08-08 05:09:29.523  5633  7143 I LSPosed-Bridge: 	at m.cr.a(:com.google.android.gms.dynamite_measurementdynamite@233013028@23.30.13 (100400-0):7)

08-08 05:09:29.523  5633  7143 I LSPosed-Bridge: 	at m.ek.c(:com.google.android.gms.dynamite_measurementdynamite@233013028@23.30.13 (100400-0):42)

08-08 05:09:29.523  5633  7143 I LSPosed-Bridge: 	at m.ek.d(:com.google.android.gms.dynamite_measurementdynamite@233013028@23.30.13 (100400-0):4)

08-08 05:09:29.523  5633  7143 I LSPosed-Bridge: 	at m.ix.a(:com.google.android.gms.dynamite_measurementdynamite@233013028@23.30.13 (100400-0):71)

08-08 05:09:29.523  5633  7143 I LSPosed-Bridge: 	at m.ix.u(:com.google.android.gms.dynamite_measurementdynamite@233013028@23.30.13 (100400-0):1)

08-08 05:09:29.523  5633  7143 I LSPosed-Bridge: 	at m.lx.f(:com.google.android.gms.dynamite_measurementdynamite@233013028@23.30.13 (100400-0):48)

08-08 05:09:29.523  5633  7143 I LSPosed-Bridge: 	at m.kk.U(:com.google.android.gms.dynamite_measurementdynamite@233013028@23.30.13 (100400-0):166)

08-08 05:09:29.523  5633  7143 I LSPosed-Bridge: 	at m.kk.E(:com.google.android.gms.dynamite_measurementdynamite@233013028@23.30.13 (100400-0):31)

08-08 05:09:29.523  5633  7143 I LSPosed-Bridge: 	at m.kk.D(:com.google.android.gms.dynamite_measurementdynamite@233013028@23.30.13 (100400-0):15)

08-08 05:09:29.523  5633  7143 I LSPosed-Bridge: 	at m.me.c(:com.google.android.gms.dynamite_measurementdynamite@233013028@23.30.13 (100400-0):133)

08-08 05:09:29.523  5633  7143 I LSPosed-Bridge: 	at m.mg.q(:com.google.android.gms.dynamite_measurementdynamite@233013028@23.30.13 (100400-0):3)

08-08 05:09:29.523  5633  7143 I LSPosed-Bridge: 	at m.ky.C(:com.google.android.gms.dynamite_measurementdynamite@233013028@23.30.13 (100400-0):26)

08-08 05:09:29.523  5633  7143 I LSPosed-Bridge: 	at m.kw.run(:com.google.android.gms.dynamite_measurementdynamite@233013028@23.30.13 (100400-0):8)

08-08 05:09:29.523  5633  7143 I LSPosed-Bridge: 	at java.util.concurrent.Executors$RunnableAdapter.call(Executors.java:458)

08-08 05:09:29.523  5633  7143 I LSPosed-Bridge: 	at java.util.concurrent.FutureTask.run(FutureTask.java:266)

08-08 05:09:29.523  5633  7143 I LSPosed-Bridge: 	at m.it.run(:com.google.android.gms.dynamite_measurementdynamite@233013028@23.30.13 (100400-0):48)

08-08 05:09:29.523  5633  5716 I LSPosed-Bridge: 5633 PermLabel hookBinder_test 10128 interfaceBinder =android.content.pm.IPackageManager; arg0 = 13; arg1 = android.os.Parcel@fbfb560; arg2 = android.os.Parcel@623aa19; arg3 = 0; res = true; stacktrace=java.lang.Exception

08-08 05:09:29.523  5633  5716 I LSPosed-Bridge: 	at com.example.permlabel.hookBinder_test$1.afterHookedMethod(hookBinder_test.java:65)

08-08 05:09:29.523  5633  5716 I LSPosed-Bridge: 	at de.robv.android.xposed.XposedBridge$AdditionalHookInfo.callback(Unknown Source:147)

08-08 05:09:29.523  5633  5716 I LSPosed-Bridge: 	at LSPHooker_.transact(Unknown Source:28)

08-08 05:09:29.523  5633  5716 I LSPosed-Bridge: 	at android.content.pm.IPackageManager$Stub$Proxy.getApplicationInfo(IPackageManager.java:3104)

08-08 05:09:29.523  5633  5716 I LSPosed-Bridge: 	at android.app.ApplicationPackageManager.getApplicationInfoAsUser(ApplicationPackageManager.java:384)

08-08 05:09:29.523  5633  5716 I LSPosed-Bridge: 	at android.app.ApplicationPackageManager.getApplicationInfo(ApplicationPackageManager.java:377)

08-08 05:09:29.523  5633  5716 I LSPosed-Bridge: 	at m.cr.a(:com.google.android.gms.dynamite_measurementdynamite@233013028@23.30.13 (100400-0):7)

08-08 05:09:29.523  5633  5716 I LSPosed-Bridge: 	at m.ek.c(:com.google.android.gms.dynamite_measurementdynamite@233013028@23.30.13 (100400-0):42)

08-08 05:09:29.523  5633  5716 I LSPosed-Bridge: 	at m.ek.d(:com.google.android.gms.dynamite_measurementdynamite@233013028@23.30.13 (100400-0):4)

08-08 05:09:29.523  5633  5716 I LSPosed-Bridge: 	at m.ek.g(:com.google.android.gms.dynamite_measurementdynamite@233013028@23.30.13 (100400-0):6)

08-08 05:09:29.523  5633  5716 I LSPosed-Bridge: 	at m.kj.onActivityResumed(:com.google.android.gms.dynamite_measurementdynamite@233013028@23.30.13 (100400-0):82)

08-08 05:09:29.523  5633  5716 I LSPosed-Bridge: 	at com.google.android.gms.measurement.internal.AppMeasurementDynamiteService.onActivityResumed(:com.google.android.gms.dynamite_measurementdynamite@233013028@23.30.13 (100400-0):29)

08-08 05:09:29.523  5633  5716 I LSPosed-Bridge: 	at m.df.a(:com.google.android.gms.dynamite_measurementdynamite@233013028@23.30.13 (100400-0):104)

08-08 05:09:29.523  5633  5716 I LSPosed-Bridge: 	at m.am.onTransact(:com.google.android.gms.dynamite_measurementdynamite@233013028@23.30.13 (100400-0):21)

08-08 05:09:29.523  5633  5716 I LSPosed-Bridge: 	at android.os.Binder.transact(Binder.java:667)

08-08 05:09:29.523  5633  5716 I LSPosed-Bridge: 	at com.google.android.gms.internal.measurement.zzbm.zzc(com.google.android.gms:play-services-measurement-base@@20.0.0:2)

08-08 05:09:29.523  5633  5716 I LSPosed-Bridge: 	at com.google.android.gms.internal.measurement.zzca.onActivityResumed(com.google.android.gms:play-services-measurement-base@@20.0.0:4)

08-08 05:09:29.523  5633  5716 I LSPosed-Bridge: 	at com.google.android.gms.internal.measurement.zzdy.zza(com.google.android.gms:play-services-measurement-sdk-api@@20.0.0:2)

08-08 05:09:29.523  5633  5716 I LSPosed-Bridge: 	at com.google.android.gms.internal.measurement.zzdt.run(com.google.android.gms:play-services-measurement-sdk-api@@20.0.0:2)

08-08 05:09:29.523  5633  5716 I LSPosed-Bridge: 	at java.util.concurrent.ThreadPoolExecutor.runWorker(ThreadPoolExecutor.java:1167)

08-08 05:09:29.523  5633  5716 I LSPosed-Bridge: 	at java.util.concurrent.ThreadPoolExecutor$Worker.run(ThreadPoolExecutor.java:641)

08-08 05:09:29.523  5633  5716 I LSPosed-Bridge: 	at java.lang.Thread.run(Thread.java:764)

08-08 05:09:29.523  1512  1852 I LSPosed-Bridge: 5633 PermLabel 10128 AMS.checkPermission: Binder.getCallingPid() = 5633; uid = 10128; Binder.getCallingUid() = 10128; getNameForUid: com.foreo.foreoapp; getPackagesForUid: [com.foreo.foreoapp]; permName: android.permission.GET_TASKS; type = 0; res = -1; stacktrace=java.lang.Exception

08-08 05:09:29.523  1512  1852 I LSPosed-Bridge: 	at com.example.permlabel.requirePerm$1$2.afterHookedMethod(requirePerm.java:134)

08-08 05:09:29.523  1512  1852 I LSPosed-Bridge: 	at de.robv.android.xposed.XposedBridge$AdditionalHookInfo.callback(Unknown Source:147)

08-08 05:09:29.523  1512  1852 I LSPosed-Bridge: 	at LSPHooker_.checkPermission(Unknown Source:25)

08-08 05:09:29.523  1512  1852 I LSPosed-Bridge: 	at com.android.server.am.ActivityManagerService.isGetTasksAllowed(ActivityManagerService.java:10902)

08-08 05:09:29.523  1512  1852 I LSPosed-Bridge: 	at com.android.server.am.ActivityManagerService.getFilteredTasks(ActivityManagerService.java:10884)

08-08 05:09:29.523  1512  1852 I LSPosed-Bridge: 	at com.android.server.am.ActivityManagerService.getTasks(ActivityManagerService.java:10872)

08-08 05:09:29.523  1512  1852 I LSPosed-Bridge: 	at android.app.IActivityManager$Stub.onTransact(IActivityManager.java:288)

08-08 05:09:29.523  1512  1852 I LSPosed-Bridge: 	at com.android.server.am.ActivityManagerService.onTransact(ActivityManagerService.java:3346)

08-08 05:09:29.523  1512  1852 I LSPosed-Bridge: 	at android.os.Binder.execTransact(Binder.java:731)

08-08 05:09:30.035  1512  6934 I LSPosed-Bridge: 5633 PermLabel 10128 AMS.checkPermission: Binder.getCallingPid() = 5633; uid = 10128; Binder.getCallingUid() = 10128; getNameForUid: com.foreo.foreoapp; getPackagesForUid: [com.foreo.foreoapp]; permName: android.permission.GET_TASKS; type = 0; res = -1; stacktrace=java.lang.Exception

08-08 05:09:30.035  1512  6934 I LSPosed-Bridge: 	at com.example.permlabel.requirePerm$1$2.afterHookedMethod(requirePerm.java:134)

08-08 05:09:30.035  1512  6934 I LSPosed-Bridge: 	at de.robv.android.xposed.XposedBridge$AdditionalHookInfo.callback(Unknown Source:147)

08-08 05:09:30.035  1512  6934 I LSPosed-Bridge: 	at LSPHooker_.checkPermission(Unknown Source:25)

08-08 05:09:30.035  1512  6934 I LSPosed-Bridge: 	at com.android.server.am.ActivityManagerService.isGetTasksAllowed(ActivityManagerService.java:10902)

08-08 05:09:30.035  1512  6934 I LSPosed-Bridge: 	at com.android.server.am.ActivityManagerService.getRunningAppProcesses(ActivityManagerService.java:16139)

08-08 05:09:30.035  1512  6934 I LSPosed-Bridge: 	at android.app.IActivityManager$Stub.onTransact(IActivityManager.java:1088)

08-08 05:09:30.035  1512  6934 I LSPosed-Bridge: 	at com.android.server.am.ActivityManagerService.onTransact(ActivityManagerService.java:3346)

08-08 05:09:30.035  1512  6934 I LSPosed-Bridge: 	at android.os.Binder.execTransact(Binder.java:731)

08-08 05:09:30.035  5633  5633 I LSPosed-Bridge: 5633 PermLabel hookBinder_test 10128 interfaceBinder =android.app.IActivityManager; arg0 = 81; arg1 = android.os.Parcel@f58a5de; arg2 = android.os.Parcel@623aa19; arg3 = 0; res = true; stacktrace=java.lang.Exception

08-08 05:09:30.035  5633  5633 I LSPosed-Bridge: 	at com.example.permlabel.hookBinder_test$1.afterHookedMethod(hookBinder_test.java:65)

08-08 05:09:30.035  5633  5633 I LSPosed-Bridge: 	at de.robv.android.xposed.XposedBridge$AdditionalHookInfo.callback(Unknown Source:147)

08-08 05:09:30.035  5633  5633 I LSPosed-Bridge: 	at LSPHooker_.transact(Unknown Source:28)

08-08 05:09:30.035  5633  5633 I LSPosed-Bridge: 	at android.app.IActivityManager$Stub$Proxy.getRunningAppProcesses(IActivityManager.java:5366)

08-08 05:09:30.035  5633  5633 I LSPosed-Bridge: 	at android.app.ActivityManager.getRunningAppProcesses(ActivityManager.java:3435)

08-08 05:09:30.035  5633  5633 I LSPosed-Bridge: 	at java.lang.reflect.Method.invoke(Native Method)

08-08 05:09:30.035  5633  5633 I LSPosed-Bridge: 	at org.lsposed.lspd.nativebridge.HookBridge.invokeOriginalMethod(Native Method)

08-08 05:09:30.035  5633  5633 I LSPosed-Bridge: 	at de.robv.android.xposed.XposedBridge$AdditionalHookInfo.callback(Unknown Source:110)

08-08 05:09:30.035  5633  5633 I LSPosed-Bridge: 	at LSPHooker_.getRunningAppProcesses(Unknown Source:8)

08-08 05:09:30.035  5633  5633 I LSPosed-Bridge: 	at com.foreo.foreoapp.presentation.utils.AppUtilsKt.isRunningForeground(AppUtils.kt:23)

08-08 05:09:30.035  5633  5633 I LSPosed-Bridge: 	at com.foreo.foreoapp.presentation.main.MainActivity.onStop(MainActivity.kt:278)

08-08 05:09:30.035  5633  5633 I LSPosed-Bridge: 	at android.app.Instrumentation.callActivityOnStop(Instrumentation.java:1433)

08-08 05:09:30.035  5633  5633 I LSPosed-Bridge: 	at android.app.Activity.performStop(Activity.java:7367)

08-08 05:09:30.035  5633  5633 I LSPosed-Bridge: 	at android.app.ActivityThread.callActivityOnStop(ActivityThread.java:4144)

08-08 05:09:30.035  5633  5633 I LSPosed-Bridge: 	at android.app.ActivityThread.performStopActivityInner(ActivityThread.java:4122)

08-08 05:09:30.035  5633  5633 I LSPosed-Bridge: 	at android.app.ActivityThread.handleStopActivity(ActivityThread.java:4197)

08-08 05:09:30.035  5633  5633 I LSPosed-Bridge: 	at android.app.servertransaction.StopActivityItem.execute(StopActivityItem.java:41)

08-08 05:09:30.035  5633  5633 I LSPosed-Bridge: 	at android.app.servertransaction.TransactionExecutor.executeLifecycleState(TransactionExecutor.java:145)

08-08 05:09:30.035  5633  5633 I LSPosed-Bridge: 	at android.app.servertransaction.TransactionExecutor.execute(TransactionExecutor.java:70)

08-08 05:09:30.035  5633  5633 I LSPosed-Bridge: 	at android.app.ActivityThread$H.handleMessage(ActivityThread.java:1809)

08-08 05:09:30.035  5633  5633 I LSPosed-Bridge: 	at android.os.Handler.dispatchMessage(Handler.java:106)

08-08 05:09:30.035  5633  5633 I LSPosed-Bridge: 	at android.os.Looper.loop(Looper.java:193)

08-08 05:09:30.035  5633  5633 I LSPosed-Bridge: 	at android.app.ActivityThread.main(ActivityThread.java:6692)

08-08 05:09:30.035  5633  5633 I LSPosed-Bridge: 	at java.lang.reflect.Method.invoke(Native Method)

08-08 05:09:30.035  5633  5633 I LSPosed-Bridge: 	at com.android.internal.os.RuntimeInit$MethodAndArgsCaller.run(RuntimeInit.java:493)

08-08 05:09:30.035  5633  5633 I LSPosed-Bridge: 	at com.android.internal.os.ZygoteInit.main(ZygoteInit.java:858)

08-08 05:11:12.478   560   560 I ConfigStore: android::hardware::configstore::V1_0::ISurfaceFlingerConfigs::hasHDRDisplay retrieved: 0

