08-08 04:51:29.979  1512  1854 I LSPosed-Bridge: 5633 PermLabel 10128 AMS.checkPermission: Binder.getCallingPid() = 5633; uid = 10128; Binder.getCallingUid() = 10128; getNameForUid: com.foreo.foreoapp; getPackagesForUid: [com.foreo.foreoapp]; permName: android.permission.GET_TASKS; type = 0; res = -1; stacktrace=java.lang.Exception

08-08 04:51:29.979  1512  1854 I LSPosed-Bridge: 	at com.example.permlabel.requirePerm$1$2.afterHookedMethod(requirePerm.java:134)

08-08 04:51:29.979  1512  1854 I LSPosed-Bridge: 	at de.robv.android.xposed.XposedBridge$AdditionalHookInfo.callback(Unknown Source:147)

08-08 04:51:29.979  1512  1854 I LSPosed-Bridge: 	at LSPHooker_.checkPermission(Unknown Source:25)

08-08 04:51:29.979  1512  1854 I LSPosed-Bridge: 	at com.android.server.am.ActivityManagerService.isGetTasksAllowed(ActivityManagerService.java:10902)

08-08 04:51:29.979  1512  1854 I LSPosed-Bridge: 	at com.android.server.am.ActivityManagerService.getRunningAppProcesses(ActivityManagerService.java:16139)

08-08 04:51:29.979  1512  1854 I LSPosed-Bridge: 	at android.app.IActivityManager$Stub.onTransact(IActivityManager.java:1088)

08-08 04:51:29.979  1512  1854 I LSPosed-Bridge: 	at com.android.server.am.ActivityManagerService.onTransact(ActivityManagerService.java:3346)

08-08 04:51:29.979  1512  1854 I LSPosed-Bridge: 	at android.os.Binder.execTransact(Binder.java:731)

08-08 04:51:29.979  1512  1681 W BestClock: java.time.DateTimeException: Missing NTP fix

08-08 04:51:30.274  1512  4400 I LSPosed-Bridge: 5633 PermLabel 10128 AMS.checkPermission: Binder.getCallingPid() = 5633; uid = 10128; Binder.getCallingUid() = 10128; getNameForUid: com.foreo.foreoapp; getPackagesForUid: [com.foreo.foreoapp]; permName: android.permission.GET_TASKS; type = 0; res = -1; stacktrace=java.lang.Exception

08-08 04:51:30.274  1512  4400 I LSPosed-Bridge: 	at com.example.permlabel.requirePerm$1$2.afterHookedMethod(requirePerm.java:134)

08-08 04:51:30.274  1512  4400 I LSPosed-Bridge: 	at de.robv.android.xposed.XposedBridge$AdditionalHookInfo.callback(Unknown Source:147)

08-08 04:51:30.274  1512  4400 I LSPosed-Bridge: 	at LSPHooker_.checkPermission(Unknown Source:25)

08-08 04:51:30.274  1512  4400 I LSPosed-Bridge: 	at com.android.server.am.ActivityManagerService.isGetTasksAllowed(ActivityManagerService.java:10902)

08-08 04:51:30.274  1512  4400 I LSPosed-Bridge: 	at com.android.server.am.ActivityManagerService.getRunningAppProcesses(ActivityManagerService.java:16139)

08-08 04:51:30.274  1512  4400 I LSPosed-Bridge: 	at android.app.IActivityManager$Stub.onTransact(IActivityManager.java:1088)

08-08 04:51:30.274  1512  4400 I LSPosed-Bridge: 	at com.android.server.am.ActivityManagerService.onTransact(ActivityManagerService.java:3346)

08-08 04:51:30.274  1512  4400 I LSPosed-Bridge: 	at android.os.Binder.execTransact(Binder.java:731)

08-08 04:51:37.158  1512  3297 I LSPosed-Bridge: 5633 PermLabel 10128 AMS.checkPermission: Binder.getCallingPid() = 5633; uid = 10128; Binder.getCallingUid() = 10128; getNameForUid: com.foreo.foreoapp; getPackagesForUid: [com.foreo.foreoapp]; permName: android.permission.GET_TASKS; type = 0; res = -1; stacktrace=java.lang.Exception

08-08 04:51:37.158  1512  3297 I LSPosed-Bridge: 	at com.example.permlabel.requirePerm$1$2.afterHookedMethod(requirePerm.java:134)

08-08 04:51:37.158  1512  3297 I LSPosed-Bridge: 	at de.robv.android.xposed.XposedBridge$AdditionalHookInfo.callback(Unknown Source:147)

08-08 04:51:37.158  1512  3297 I LSPosed-Bridge: 	at LSPHooker_.checkPermission(Unknown Source:25)

08-08 04:51:37.158  1512  3297 I LSPosed-Bridge: 	at com.android.server.am.ActivityManagerService.isGetTasksAllowed(ActivityManagerService.java:10902)

08-08 04:51:37.158  1512  3297 I LSPosed-Bridge: 	at com.android.server.am.ActivityManagerService.getFilteredTasks(ActivityManagerService.java:10884)

08-08 04:51:37.158  1512  3297 I LSPosed-Bridge: 	at com.android.server.am.ActivityManagerService.getTasks(ActivityManagerService.java:10872)

08-08 04:51:37.158  1512  3297 I LSPosed-Bridge: 	at android.app.IActivityManager$Stub.onTransact(IActivityManager.java:288)

08-08 04:51:37.158  1512  3297 I LSPosed-Bridge: 	at com.android.server.am.ActivityManagerService.onTransact(ActivityManagerService.java:3346)

08-08 04:51:37.158  1512  3297 I LSPosed-Bridge: 	at android.os.Binder.execTransact(Binder.java:731)

08-08 04:52:22.591   560   560 I ConfigStore: android::hardware::configstore::V1_0::ISurfaceFlingerConfigs::hasHDRDisplay retrieved: 0

08-08 04:52:22.591  1512  1852 I LSPosed-Bridge: 5633 PermLabel 10128 AMS.checkPermission: Binder.getCallingPid() = 5633; uid = 10128; Binder.getCallingUid() = 10128; getNameForUid: com.foreo.foreoapp; getPackagesForUid: [com.foreo.foreoapp]; permName: android.permission.GET_TASKS; type = 0; res = -1; stacktrace=java.lang.Exception

08-08 04:52:22.591  1512  1852 I LSPosed-Bridge: 	at com.example.permlabel.requirePerm$1$2.afterHookedMethod(requirePerm.java:134)

08-08 04:52:22.591  1512  1852 I LSPosed-Bridge: 	at de.robv.android.xposed.XposedBridge$AdditionalHookInfo.callback(Unknown Source:147)

08-08 04:52:22.591  1512  1852 I LSPosed-Bridge: 	at LSPHooker_.checkPermission(Unknown Source:25)

08-08 04:52:22.591  1512  1852 I LSPosed-Bridge: 	at com.android.server.am.ActivityManagerService.isGetTasksAllowed(ActivityManagerService.java:10902)

08-08 04:52:22.591  1512  1852 I LSPosed-Bridge: 	at com.android.server.am.ActivityManagerService.getFilteredTasks(ActivityManagerService.java:10884)

08-08 04:52:22.591  1512  1852 I LSPosed-Bridge: 	at com.android.server.am.ActivityManagerService.getTasks(ActivityManagerService.java:10872)

08-08 04:52:22.591  1512  1852 I LSPosed-Bridge: 	at android.app.IActivityManager$Stub.onTransact(IActivityManager.java:288)

08-08 04:52:22.591  1512  1852 I LSPosed-Bridge: 	at com.android.server.am.ActivityManagerService.onTransact(ActivityManagerService.java:3346)

08-08 04:52:22.591  1512  1852 I LSPosed-Bridge: 	at android.os.Binder.execTransact(Binder.java:731)

08-08 04:53:03.262  1512  6700 I LSPosed-Bridge: 5633 PermLabel 10128 AMS.checkPermission: Binder.getCallingPid() = 5633; uid = 10128; Binder.getCallingUid() = 10128; getNameForUid: com.foreo.foreoapp; getPackagesForUid: [com.foreo.foreoapp]; permName: android.permission.GET_TASKS; type = 0; res = -1; stacktrace=java.lang.Exception

08-08 04:53:03.262  1512  6700 I LSPosed-Bridge: 	at com.example.permlabel.requirePerm$1$2.afterHookedMethod(requirePerm.java:134)

08-08 04:53:03.262  1512  6700 I LSPosed-Bridge: 	at de.robv.android.xposed.XposedBridge$AdditionalHookInfo.callback(Unknown Source:147)

08-08 04:53:03.262  1512  6700 I LSPosed-Bridge: 	at LSPHooker_.checkPermission(Unknown Source:25)

08-08 04:53:03.262  1512  6700 I LSPosed-Bridge: 	at com.android.server.am.ActivityManagerService.isGetTasksAllowed(ActivityManagerService.java:10902)

08-08 04:53:03.262  1512  6700 I LSPosed-Bridge: 	at com.android.server.am.ActivityManagerService.getFilteredTasks(ActivityManagerService.java:10884)

08-08 04:53:03.262  1512  6700 I LSPosed-Bridge: 	at com.android.server.am.ActivityManagerService.getTasks(ActivityManagerService.java:10872)

08-08 04:53:03.262  1512  6700 I LSPosed-Bridge: 	at android.app.IActivityManager$Stub.onTransact(IActivityManager.java:288)

08-08 04:53:03.262  1512  6700 I LSPosed-Bridge: 	at com.android.server.am.ActivityManagerService.onTransact(ActivityManagerService.java:3346)

08-08 04:53:03.262  1512  6700 I LSPosed-Bridge: 	at android.os.Binder.execTransact(Binder.java:731)

08-08 04:53:12.633  1512  6705 I LSPosed-Bridge: 5633 PermLabel 10128 AMS.checkPermission: Binder.getCallingPid() = 5633; uid = 10128; Binder.getCallingUid() = 10128; getNameForUid: com.foreo.foreoapp; getPackagesForUid: [com.foreo.foreoapp]; permName: android.permission.GET_TASKS; type = 0; res = -1; stacktrace=java.lang.Exception

08-08 04:53:12.633  1512  6705 I LSPosed-Bridge: 	at com.example.permlabel.requirePerm$1$2.afterHookedMethod(requirePerm.java:134)

08-08 04:53:12.633  1512  6705 I LSPosed-Bridge: 	at de.robv.android.xposed.XposedBridge$AdditionalHookInfo.callback(Unknown Source:147)

08-08 04:53:12.633  1512  6705 I LSPosed-Bridge: 	at LSPHooker_.checkPermission(Unknown Source:25)

08-08 04:53:12.633  1512  6705 I LSPosed-Bridge: 	at com.android.server.am.ActivityManagerService.isGetTasksAllowed(ActivityManagerService.java:10902)

08-08 04:53:12.633  1512  6705 I LSPosed-Bridge: 	at com.android.server.am.ActivityManagerService.getRunningAppProcesses(ActivityManagerService.java:16139)

08-08 04:53:12.633  1512  6705 I LSPosed-Bridge: 	at android.app.IActivityManager$Stub.onTransact(IActivityManager.java:1088)

08-08 04:53:12.633  1512  6705 I LSPosed-Bridge: 	at com.android.server.am.ActivityManagerService.onTransact(ActivityManagerService.java:3346)

08-08 04:53:12.633  1512  6705 I LSPosed-Bridge: 	at android.os.Binder.execTransact(Binder.java:731)

08-08 04:53:15.047  1512  7765 I LSPosed-Bridge: 5633 PermLabel 10128 AMS.checkPermission: Binder.getCallingPid() = 5633; uid = 10128; Binder.getCallingUid() = 10128; getNameForUid: com.foreo.foreoapp; getPackagesForUid: [com.foreo.foreoapp]; permName: android.permission.GET_TASKS; type = 0; res = -1; stacktrace=java.lang.Exception

08-08 04:53:15.047  1512  7765 I LSPosed-Bridge: 	at com.example.permlabel.requirePerm$1$2.afterHookedMethod(requirePerm.java:134)

08-08 04:53:15.047  1512  7765 I LSPosed-Bridge: 	at de.robv.android.xposed.XposedBridge$AdditionalHookInfo.callback(Unknown Source:147)

08-08 04:53:15.047  1512  7765 I LSPosed-Bridge: 	at LSPHooker_.checkPermission(Unknown Source:25)

08-08 04:53:15.047  1512  7765 I LSPosed-Bridge: 	at com.android.server.am.ActivityManagerService.isGetTasksAllowed(ActivityManagerService.java:10902)

08-08 04:53:15.047  1512  7765 I LSPosed-Bridge: 	at com.android.server.am.ActivityManagerService.getFilteredTasks(ActivityManagerService.java:10884)

08-08 04:53:15.047  1512  7765 I LSPosed-Bridge: 	at com.android.server.am.ActivityManagerService.getTasks(ActivityManagerService.java:10872)

08-08 04:53:15.047  1512  7765 I LSPosed-Bridge: 	at android.app.IActivityManager$Stub.onTransact(IActivityManager.java:288)

08-08 04:53:15.047  1512  7765 I LSPosed-Bridge: 	at com.android.server.am.ActivityManagerService.onTransact(ActivityManagerService.java:3346)

08-08 04:53:15.047  1512  7765 I LSPosed-Bridge: 	at android.os.Binder.execTransact(Binder.java:731)

08-08 04:53:19.788  1512  1582 I LSPosed-Bridge: 5633 PermLabel 10128 AMS.checkPermission: Binder.getCallingPid() = 5633; uid = 10128; Binder.getCallingUid() = 10128; getNameForUid: com.foreo.foreoapp; getPackagesForUid: [com.foreo.foreoapp]; permName: android.permission.GET_TASKS; type = 0; res = -1; stacktrace=java.lang.Exception

08-08 04:53:19.788  1512  1582 I LSPosed-Bridge: 	at com.example.permlabel.requirePerm$1$2.afterHookedMethod(requirePerm.java:134)

08-08 04:53:19.788  1512  1582 I LSPosed-Bridge: 	at de.robv.android.xposed.XposedBridge$AdditionalHookInfo.callback(Unknown Source:147)

08-08 04:53:19.788  1512  1582 I LSPosed-Bridge: 	at LSPHooker_.checkPermission(Unknown Source:25)

08-08 04:53:19.788  1512  1582 I LSPosed-Bridge: 	at com.android.server.am.ActivityManagerService.isGetTasksAllowed(ActivityManagerService.java:10902)

08-08 04:53:19.788  1512  1582 I LSPosed-Bridge: 	at com.android.server.am.ActivityManagerService.getRunningAppProcesses(ActivityManagerService.java:16139)

08-08 04:53:19.788  1512  1582 I LSPosed-Bridge: 	at android.app.IActivityManager$Stub.onTransact(IActivityManager.java:1088)

08-08 04:53:19.788  1512  1582 I LSPosed-Bridge: 	at com.android.server.am.ActivityManagerService.onTransact(ActivityManagerService.java:3346)

08-08 04:53:19.788  1512  1582 I LSPosed-Bridge: 	at android.os.Binder.execTransact(Binder.java:731)

08-08 04:53:22.281  1512  2109 I LSPosed-Bridge: 5633 PermLabel 10128 AMS.checkPermission: Binder.getCallingPid() = 5633; uid = 10128; Binder.getCallingUid() = 10128; getNameForUid: com.foreo.foreoapp; getPackagesForUid: [com.foreo.foreoapp]; permName: android.permission.GET_TASKS; type = 0; res = -1; stacktrace=java.lang.Exception

08-08 04:53:22.281  1512  2109 I LSPosed-Bridge: 	at com.example.permlabel.requirePerm$1$2.afterHookedMethod(requirePerm.java:134)

08-08 04:53:22.281  1512  2109 I LSPosed-Bridge: 	at de.robv.android.xposed.XposedBridge$AdditionalHookInfo.callback(Unknown Source:147)

08-08 04:53:22.281  1512  2109 I LSPosed-Bridge: 	at LSPHooker_.checkPermission(Unknown Source:25)

08-08 04:53:22.281  1512  2109 I LSPosed-Bridge: 	at com.android.server.am.ActivityManagerService.isGetTasksAllowed(ActivityManagerService.java:10902)

08-08 04:53:22.281  1512  2109 I LSPosed-Bridge: 	at com.android.server.am.ActivityManagerService.getFilteredTasks(ActivityManagerService.java:10884)

08-08 04:53:22.281  1512  2109 I LSPosed-Bridge: 	at com.android.server.am.ActivityManagerService.getTasks(ActivityManagerService.java:10872)

08-08 04:53:22.281  1512  2109 I LSPosed-Bridge: 	at android.app.IActivityManager$Stub.onTransact(IActivityManager.java:288)

08-08 04:53:22.281  1512  2109 I LSPosed-Bridge: 	at com.android.server.am.ActivityManagerService.onTransact(ActivityManagerService.java:3346)

08-08 04:53:22.281  1512  2109 I LSPosed-Bridge: 	at android.os.Binder.execTransact(Binder.java:731)

08-08 04:53:26.381  1512  1582 I LSPosed-Bridge: 5633 PermLabel 10128 AMS.checkPermission: Binder.getCallingPid() = 5633; uid = 10128; Binder.getCallingUid() = 10128; getNameForUid: com.foreo.foreoapp; getPackagesForUid: [com.foreo.foreoapp]; permName: android.permission.GET_TASKS; type = 0; res = -1; stacktrace=java.lang.Exception

08-08 04:53:26.381  1512  1582 I LSPosed-Bridge: 	at com.example.permlabel.requirePerm$1$2.afterHookedMethod(requirePerm.java:134)

08-08 04:53:26.381  1512  1582 I LSPosed-Bridge: 	at de.robv.android.xposed.XposedBridge$AdditionalHookInfo.callback(Unknown Source:147)

08-08 04:53:26.381  1512  1582 I LSPosed-Bridge: 	at LSPHooker_.checkPermission(Unknown Source:25)

08-08 04:53:26.381  1512  1582 I LSPosed-Bridge: 	at com.android.server.am.ActivityManagerService.isGetTasksAllowed(ActivityManagerService.java:10902)

08-08 04:53:26.381  1512  1582 I LSPosed-Bridge: 	at com.android.server.am.ActivityManagerService.getRunningAppProcesses(ActivityManagerService.java:16139)

08-08 04:53:26.381  1512  1582 I LSPosed-Bridge: 	at android.app.IActivityManager$Stub.onTransact(IActivityManager.java:1088)

08-08 04:53:26.381  1512  1582 I LSPosed-Bridge: 	at com.android.server.am.ActivityManagerService.onTransact(ActivityManagerService.java:3346)

08-08 04:53:26.381  1512  1582 I LSPosed-Bridge: 	at android.os.Binder.execTransact(Binder.java:731)

08-08 04:53:29.107  1512  3296 I LSPosed-Bridge: 5633 PermLabel 10128 AMS.checkPermission: Binder.getCallingPid() = 5633; uid = 10128; Binder.getCallingUid() = 10128; getNameForUid: com.foreo.foreoapp; getPackagesForUid: [com.foreo.foreoapp]; permName: android.permission.GET_TASKS; type = 0; res = -1; stacktrace=java.lang.Exception

08-08 04:53:29.107  1512  3296 I LSPosed-Bridge: 	at com.example.permlabel.requirePerm$1$2.afterHookedMethod(requirePerm.java:134)

08-08 04:53:29.107  1512  3296 I LSPosed-Bridge: 	at de.robv.android.xposed.XposedBridge$AdditionalHookInfo.callback(Unknown Source:147)

08-08 04:53:29.107  1512  3296 I LSPosed-Bridge: 	at LSPHooker_.checkPermission(Unknown Source:25)

08-08 04:53:29.107  1512  3296 I LSPosed-Bridge: 	at com.android.server.am.ActivityManagerService.isGetTasksAllowed(ActivityManagerService.java:10902)

08-08 04:53:29.107  1512  3296 I LSPosed-Bridge: 	at com.android.server.am.ActivityManagerService.getFilteredTasks(ActivityManagerService.java:10884)

08-08 04:53:29.107  1512  3296 I LSPosed-Bridge: 	at com.android.server.am.ActivityManagerService.getTasks(ActivityManagerService.java:10872)

08-08 04:53:29.107  1512  3296 I LSPosed-Bridge: 	at android.app.IActivityManager$Stub.onTransact(IActivityManager.java:288)

08-08 04:53:29.107  1512  3296 I LSPosed-Bridge: 	at com.android.server.am.ActivityManagerService.onTransact(ActivityManagerService.java:3346)

08-08 04:53:29.107  1512  3296 I LSPosed-Bridge: 	at android.os.Binder.execTransact(Binder.java:731)

08-08 04:53:29.107   560   560 I ConfigStore: android::hardware::configstore::V1_0::ISurfaceFlingerConfigs::hasHDRDisplay retrieved: 0

08-08 04:53:29.107  5633  5633 I LSPosed-Bridge: 5633 PermLabel hookBinder_test 10128 interfaceBinder =android.app.IActivityManager; arg0 = 20; arg1 = android.os.Parcel@3ed10bc; arg2 = android.os.Parcel@7053369; arg3 = 0; res = true; stacktrace=java.lang.Exception

08-08 04:53:29.107  5633  5633 I LSPosed-Bridge: 	at com.example.permlabel.hookBinder_test$1.afterHookedMethod(hookBinder_test.java:65)

08-08 04:53:29.107  5633  5633 I LSPosed-Bridge: 	at de.robv.android.xposed.XposedBridge$AdditionalHookInfo.callback(Unknown Source:147)

08-08 04:53:29.107  5633  5633 I LSPosed-Bridge: 	at LSPHooker_.transact(Unknown Source:28)

08-08 04:53:29.107  5633  5633 I LSPosed-Bridge: 	at android.app.IActivityManager$Stub$Proxy.getTasks(IActivityManager.java:4082)

08-08 04:53:29.107  5633  5633 I LSPosed-Bridge: 	at android.app.ActivityManager.getRunningTasks(ActivityManager.java:1994)

08-08 04:53:29.107  5633  5633 I LSPosed-Bridge: 	at com.foreo.foreoasianapp.commonresourcelib.global.presentation.utils.Utils.isTopActivity(Utils.kt:163)

08-08 04:53:29.107  5633  5633 I LSPosed-Bridge: 	at com.foreo.foreoapp.presentation.home.HomeFragment.onResume(HomeFragment.kt:579)

08-08 04:53:29.107  5633  5633 I LSPosed-Bridge: 	at androidx.fragment.app.Fragment.performResume(Fragment.java:3180)

08-08 04:53:29.107  5633  5633 I LSPosed-Bridge: 	at androidx.fragment.app.FragmentStateManager.resume(FragmentStateManager.java:606)

08-08 04:53:29.107  5633  5633 I LSPosed-Bridge: 	at androidx.fragment.app.FragmentStateManager.moveToExpectedState(FragmentStateManager.java:285)

08-08 04:53:29.107  5633  5633 I LSPosed-Bridge: 	at androidx.fragment.app.FragmentStore.moveToExpectedState(FragmentStore.java:113)

08-08 04:53:29.107  5633  5633 I LSPosed-Bridge: 	at androidx.fragment.app.FragmentManager.moveToState(FragmentManager.java:1433)

08-08 04:53:29.107  5633  5633 I LSPosed-Bridge: 	at androidx.fragment.app.FragmentManager.dispatchStateChange(FragmentManager.java:2977)

08-08 04:53:29.107  5633  5633 I LSPosed-Bridge: 	at androidx.fragment.app.FragmentManager.dispatchResume(FragmentManager.java:2909)

08-08 04:53:29.107  5633  5633 I LSPosed-Bridge: 	at androidx.fragment.app.Fragment.performResume(Fragment.java:3189)

08-08 04:53:29.107  5633  5633 I LSPosed-Bridge: 	at androidx.fragment.app.FragmentStateManager.resume(FragmentStateManager.java:606)

08-08 04:53:29.107  5633  5633 I LSPosed-Bridge: 	at androidx.fragment.app.FragmentStateManager.moveToExpectedState(FragmentStateManager.java:285)

08-08 04:53:29.107  5633  5633 I LSPosed-Bridge: 	at androidx.fragment.app.FragmentStore.moveToExpectedState(FragmentStore.java:113)

08-08 04:53:29.107  5633  5633 I LSPosed-Bridge: 	at androidx.fragment.app.FragmentManager.moveToState(FragmentManager.java:1433)

08-08 04:53:29.107  5633  5633 I LSPosed-Bridge: 	at androidx.fragment.app.FragmentManager.dispatchStateChange(FragmentManager.java:2977)

08-08 04:53:29.107  5633  5633 I LSPosed-Bridge: 	at androidx.fragment.app.FragmentManager.dispatchResume(FragmentManager.java:2909)

08-08 04:53:29.107  5633  5633 I LSPosed-Bridge: 	at androidx.fragment.app.FragmentController.dispatchResume(FragmentController.java:285)

08-08 04:53:29.107  5633  5633 I LSPosed-Bridge: 	at androidx.fragment.app.FragmentActivity.onResumeFragments(FragmentActivity.java:334)

08-08 04:53:29.107  5633  5633 I LSPosed-Bridge: 	at androidx.fragment.app.FragmentActivity.onPostResume(FragmentActivity.java:323)

08-08 04:53:29.107  5633  5633 I LSPosed-Bridge: 	at androidx.appcompat.app.AppCompatActivity.onPostResume(AppCompatActivity.java:242)

08-08 04:53:29.107  5633  5633 I LSPosed-Bridge: 	at android.app.Activity.performResume(Activity.java:7317)

08-08 04:53:29.107  5633  5633 I LSPosed-Bridge: 	at android.app.ActivityThread.performResumeActivity(ActivityThread.java:3777)

08-08 04:53:29.107  5633  5633 I LSPosed-Bridge: 	at android.app.ActivityThread.handleResumeActivity(ActivityThread.java:3817)

08-08 04:53:29.107  5633  5633 I LSPosed-Bridge: 	at android.app.servertransaction.ResumeActivityItem.execute(ResumeActivityItem.java:51)

08-08 04:53:29.107  5633  5633 I LSPosed-Bridge: 	at android.app.servertransaction.TransactionExecutor.executeLifecycleState(TransactionExecutor.java:145)

08-08 04:53:29.107  5633  5633 I LSPosed-Bridge: 	at android.app.servertransaction.TransactionExecutor.execute(TransactionExecutor.java:70)

08-08 04:53:29.107  5633  5633 I LSPosed-Bridge: 	at android.app.ActivityThread$H.handleMessage(ActivityThread.java:1809)

08-08 04:53:29.107  5633  5633 I LSPosed-Bridge: 	at android.os.Handler.dispatchMessage(Handler.java:106)

08-08 04:53:29.107  5633  5633 I LSPosed-Bridge: 	at android.os.Looper.loop(Looper.java:193)

08-08 04:53:29.107  5633  5633 I LSPosed-Bridge: 	at android.app.ActivityThread.main(ActivityThread.java:6692)

08-08 04:53:29.107  5633  5633 I LSPosed-Bridge: 	at java.lang.reflect.Method.invoke(Native Method)

08-08 04:53:29.107  5633  5633 I LSPosed-Bridge: 	at com.android.internal.os.RuntimeInit$MethodAndArgsCaller.run(RuntimeInit.java:493)

08-08 04:53:29.107  5633  5633 I LSPosed-Bridge: 	at com.android.internal.os.ZygoteInit.main(ZygoteInit.java:858)

08-08 04:53:32.874  1512  7095 I LSPosed-Bridge: 5633 PermLabel 10128 AMS.checkPermission: Binder.getCallingPid() = 5633; uid = 10128; Binder.getCallingUid() = 10128; getNameForUid: com.foreo.foreoapp; getPackagesForUid: [com.foreo.foreoapp]; permName: android.permission.GET_TASKS; type = 0; res = -1; stacktrace=java.lang.Exception

08-08 04:53:32.874  1512  7095 I LSPosed-Bridge: 	at com.example.permlabel.requirePerm$1$2.afterHookedMethod(requirePerm.java:134)

08-08 04:53:32.874  1512  7095 I LSPosed-Bridge: 	at de.robv.android.xposed.XposedBridge$AdditionalHookInfo.callback(Unknown Source:147)

08-08 04:53:32.874  1512  7095 I LSPosed-Bridge: 	at LSPHooker_.checkPermission(Unknown Source:25)

08-08 04:53:32.874  1512  7095 I LSPosed-Bridge: 	at com.android.server.am.ActivityManagerService.isGetTasksAllowed(ActivityManagerService.java:10902)

08-08 04:53:32.874  1512  7095 I LSPosed-Bridge: 	at com.android.server.am.ActivityManagerService.getFilteredTasks(ActivityManagerService.java:10884)

08-08 04:53:32.874  1512  7095 I LSPosed-Bridge: 	at com.android.server.am.ActivityManagerService.getTasks(ActivityManagerService.java:10872)

08-08 04:53:32.874  1512  7095 I LSPosed-Bridge: 	at android.app.IActivityManager$Stub.onTransact(IActivityManager.java:288)

08-08 04:53:32.874  1512  7095 I LSPosed-Bridge: 	at com.android.server.am.ActivityManagerService.onTransact(ActivityManagerService.java:3346)

08-08 04:53:32.874  1512  7095 I LSPosed-Bridge: 	at android.os.Binder.execTransact(Binder.java:731)

08-08 04:53:39.568  1512  7765 I LSPosed-Bridge: 5633 PermLabel 10128 AMS.checkPermission: Binder.getCallingPid() = 5633; uid = 10128; Binder.getCallingUid() = 10128; getNameForUid: com.foreo.foreoapp; getPackagesForUid: [com.foreo.foreoapp]; permName: android.permission.GET_TASKS; type = 0; res = -1; stacktrace=java.lang.Exception

08-08 04:53:39.568  1512  7765 I LSPosed-Bridge: 	at com.example.permlabel.requirePerm$1$2.afterHookedMethod(requirePerm.java:134)

08-08 04:53:39.568  1512  7765 I LSPosed-Bridge: 	at de.robv.android.xposed.XposedBridge$AdditionalHookInfo.callback(Unknown Source:147)

08-08 04:53:39.568  1512  7765 I LSPosed-Bridge: 	at LSPHooker_.checkPermission(Unknown Source:25)

08-08 04:53:39.568  1512  7765 I LSPosed-Bridge: 	at com.android.server.am.ActivityManagerService.isGetTasksAllowed(ActivityManagerService.java:10902)

08-08 04:53:39.568  1512  7765 I LSPosed-Bridge: 	at com.android.server.am.ActivityManagerService.getFilteredTasks(ActivityManagerService.java:10884)

08-08 04:53:39.568  1512  7765 I LSPosed-Bridge: 	at com.android.server.am.ActivityManagerService.getTasks(ActivityManagerService.java:10872)

08-08 04:53:39.568  1512  7765 I LSPosed-Bridge: 	at android.app.IActivityManager$Stub.onTransact(IActivityManager.java:288)

08-08 04:53:39.568  1512  7765 I LSPosed-Bridge: 	at com.android.server.am.ActivityManagerService.onTransact(ActivityManagerService.java:3346)

08-08 04:53:39.568  1512  7765 I LSPosed-Bridge: 	at android.os.Binder.execTransact(Binder.java:731)

08-08 04:53:42.431  1512  7763 I LSPosed-Bridge: 5633 PermLabel 10128 AMS.checkPermission: Binder.getCallingPid() = 5633; uid = 10128; Binder.getCallingUid() = 10128; getNameForUid: com.foreo.foreoapp; getPackagesForUid: [com.foreo.foreoapp]; permName: android.permission.GET_TASKS; type = 0; res = -1; stacktrace=java.lang.Exception

08-08 04:53:42.431  1512  7763 I LSPosed-Bridge: 	at com.example.permlabel.requirePerm$1$2.afterHookedMethod(requirePerm.java:134)

08-08 04:53:42.431  1512  7763 I LSPosed-Bridge: 	at de.robv.android.xposed.XposedBridge$AdditionalHookInfo.callback(Unknown Source:147)

08-08 04:53:42.431  1512  7763 I LSPosed-Bridge: 	at LSPHooker_.checkPermission(Unknown Source:25)

08-08 04:53:42.431  1512  7763 I LSPosed-Bridge: 	at com.android.server.am.ActivityManagerService.isGetTasksAllowed(ActivityManagerService.java:10902)

08-08 04:53:42.431  1512  7763 I LSPosed-Bridge: 	at com.android.server.am.ActivityManagerService.getFilteredTasks(ActivityManagerService.java:10884)

08-08 04:53:42.431  1512  7763 I LSPosed-Bridge: 	at com.android.server.am.ActivityManagerService.getTasks(ActivityManagerService.java:10872)

08-08 04:53:42.431  1512  7763 I LSPosed-Bridge: 	at android.app.IActivityManager$Stub.onTransact(IActivityManager.java:288)

08-08 04:53:42.431  1512  7763 I LSPosed-Bridge: 	at com.android.server.am.ActivityManagerService.onTransact(ActivityManagerService.java:3346)

08-08 04:53:42.431  1512  7763 I LSPosed-Bridge: 	at android.os.Binder.execTransact(Binder.java:731)

08-08 04:53:42.431  5633  5633 I LSPosed-Bridge: 5633 PermLabel hookBinder_test 10128 interfaceBinder =android.app.IActivityManager; arg0 = 20; arg1 = android.os.Parcel@5ce5324; arg2 = android.os.Parcel@4ff368e; arg3 = 0; res = true; stacktrace=java.lang.Exception

08-08 04:53:42.431  5633  5633 I LSPosed-Bridge: 	at com.example.permlabel.hookBinder_test$1.afterHookedMethod(hookBinder_test.java:65)

08-08 04:53:42.431  5633  5633 I LSPosed-Bridge: 	at de.robv.android.xposed.XposedBridge$AdditionalHookInfo.callback(Unknown Source:147)

08-08 04:53:42.431  5633  5633 I LSPosed-Bridge: 	at LSPHooker_.transact(Unknown Source:28)

08-08 04:53:42.431  5633  5633 I LSPosed-Bridge: 	at android.app.IActivityManager$Stub$Proxy.getTasks(IActivityManager.java:4082)

08-08 04:53:42.431  5633  5633 I LSPosed-Bridge: 	at android.app.ActivityManager.getRunningTasks(ActivityManager.java:1994)

08-08 04:53:42.431  5633  5633 I LSPosed-Bridge: 	at com.foreo.foreoasianapp.commonresourcelib.global.presentation.utils.Utils.isTopActivity(Utils.kt:163)

08-08 04:53:42.431  5633  5633 I LSPosed-Bridge: 	at com.foreo.foreoasianapp.commonresourcelib.ui.deviceregistration.RegisterDeviceListActivity.onResume(RegisterDeviceListActivity.kt:144)

08-08 04:53:42.431  5633  5633 I LSPosed-Bridge: 	at android.app.Instrumentation.callActivityOnResume(Instrumentation.java:1413)

08-08 04:53:42.431  5633  5633 I LSPosed-Bridge: 	at android.app.Activity.performResume(Activity.java:7292)

08-08 04:53:42.431  5633  5633 I LSPosed-Bridge: 	at android.app.ActivityThread.performResumeActivity(ActivityThread.java:3777)

08-08 04:53:42.431  5633  5633 I LSPosed-Bridge: 	at android.app.ActivityThread.handleResumeActivity(ActivityThread.java:3817)

08-08 04:53:42.431  5633  5633 I LSPosed-Bridge: 	at android.app.servertransaction.ResumeActivityItem.execute(ResumeActivityItem.java:51)

08-08 04:53:42.431  5633  5633 I LSPosed-Bridge: 	at android.app.servertransaction.TransactionExecutor.executeLifecycleState(TransactionExecutor.java:145)

08-08 04:53:42.431  5633  5633 I LSPosed-Bridge: 	at android.app.servertransaction.TransactionExecutor.execute(TransactionExecutor.java:70)

08-08 04:53:42.431  5633  5633 I LSPosed-Bridge: 	at android.app.ActivityThread$H.handleMessage(ActivityThread.java:1809)

08-08 04:53:42.431  5633  5633 I LSPosed-Bridge: 	at android.os.Handler.dispatchMessage(Handler.java:106)

08-08 04:53:42.431  5633  5633 I LSPosed-Bridge: 	at android.os.Looper.loop(Looper.java:193)

08-08 04:53:42.431  5633  5633 I LSPosed-Bridge: 	at android.app.ActivityThread.main(ActivityThread.java:6692)

08-08 04:53:42.431  5633  5633 I LSPosed-Bridge: 	at java.lang.reflect.Method.invoke(Native Method)

08-08 04:53:42.431  5633  5633 I LSPosed-Bridge: 	at com.android.internal.os.RuntimeInit$MethodAndArgsCaller.run(RuntimeInit.java:493)

08-08 04:53:42.431  5633  5633 I LSPosed-Bridge: 	at com.android.internal.os.ZygoteInit.main(ZygoteInit.java:858)

08-08 04:53:42.431  5633  5778 I LSPosed-Bridge: 5633 PermLabel hookBinder_test 10128 interfaceBinder =android.content.pm.IPackageManager; arg0 = 13; arg1 = android.os.Parcel@5895381; arg2 = android.os.Parcel@9b00c26; arg3 = 0; res = true; stacktrace=java.lang.Exception

08-08 04:53:42.431  5633  5778 I LSPosed-Bridge: 	at com.example.permlabel.hookBinder_test$1.afterHookedMethod(hookBinder_test.java:65)

08-08 04:53:42.431  5633  5778 I LSPosed-Bridge: 	at de.robv.android.xposed.XposedBridge$AdditionalHookInfo.callback(Unknown Source:147)

08-08 04:53:42.431  5633  5778 I LSPosed-Bridge: 	at LSPHooker_.transact(Unknown Source:28)

08-08 04:53:42.431  5633  5778 I LSPosed-Bridge: 	at android.content.pm.IPackageManager$Stub$Proxy.getApplicationInfo(IPackageManager.java:3104)

08-08 04:53:42.431  5633  5778 I LSPosed-Bridge: 	at android.app.ApplicationPackageManager.getApplicationInfoAsUser(ApplicationPackageManager.java:384)

08-08 04:53:42.431  5633  5778 I LSPosed-Bridge: 	at android.app.ApplicationPackageManager.getApplicationInfo(ApplicationPackageManager.java:377)

08-08 04:53:42.431  5633  5778 I LSPosed-Bridge: 	at m.cr.a(:com.google.android.gms.dynamite_measurementdynamite@233013028@23.30.13 (100400-0):7)

08-08 04:53:42.431  5633  5778 I LSPosed-Bridge: 	at m.ek.c(:com.google.android.gms.dynamite_measurementdynamite@233013028@23.30.13 (100400-0):42)

08-08 04:53:42.431  5633  5778 I LSPosed-Bridge: 	at m.ek.d(:com.google.android.gms.dynamite_measurementdynamite@233013028@23.30.13 (100400-0):4)

08-08 04:53:42.431  5633  5778 I LSPosed-Bridge: 	at m.lx.f(:com.google.android.gms.dynamite_measurementdynamite@233013028@23.30.13 (100400-0):94)

08-08 04:53:42.431  5633  5778 I LSPosed-Bridge: 	at m.kk.U(:com.google.android.gms.dynamite_measurementdynamite@233013028@23.30.13 (100400-0):166)

08-08 04:53:42.431  5633  5778 I LSPosed-Bridge: 	at m.kk.E(:com.google.android.gms.dynamite_measurementdynamite@233013028@23.30.13 (100400-0):31)

08-08 04:53:42.431  5633  5778 I LSPosed-Bridge: 	at m.kk.D(:com.google.android.gms.dynamite_measurementdynamite@233013028@23.30.13 (100400-0):15)

08-08 04:53:42.431  5633  5778 I LSPosed-Bridge: 	at m.me.c(:com.google.android.gms.dynamite_measurementdynamite@233013028@23.30.13 (100400-0):133)

08-08 04:53:42.431  5633  5778 I LSPosed-Bridge: 	at m.mg.q(:com.google.android.gms.dynamite_measurementdynamite@233013028@23.30.13 (100400-0):3)

08-08 04:53:42.431  5633  5778 I LSPosed-Bridge: 	at m.ky.C(:com.google.android.gms.dynamite_measurementdynamite@233013028@23.30.13 (100400-0):26)

08-08 04:53:42.431  5633  5778 I LSPosed-Bridge: 	at m.kw.run(:com.google.android.gms.dynamite_measurementdynamite@233013028@23.30.13 (100400-0):8)

08-08 04:53:42.431  5633  5778 I LSPosed-Bridge: 	at java.util.concurrent.Executors$RunnableAdapter.call(Executors.java:458)

08-08 04:53:42.431  5633  5778 I LSPosed-Bridge: 	at java.util.concurrent.FutureTask.run(FutureTask.java:266)

08-08 04:53:42.431  5633  5778 I LSPosed-Bridge: 	at m.it.run(:com.google.android.gms.dynamite_measurementdynamite@233013028@23.30.13 (100400-0):48)

08-08 04:53:42.971  1512  6642 I LSPosed-Bridge: 5633 PermLabel 10128 AMS.checkPermission: Binder.getCallingPid() = 5633; uid = 10128; Binder.getCallingUid() = 10128; getNameForUid: com.foreo.foreoapp; getPackagesForUid: [com.foreo.foreoapp]; permName: android.permission.GET_TASKS; type = 0; res = -1; stacktrace=java.lang.Exception

08-08 04:53:42.971  1512  6642 I LSPosed-Bridge: 	at com.example.permlabel.requirePerm$1$2.afterHookedMethod(requirePerm.java:134)

08-08 04:53:42.971  1512  6642 I LSPosed-Bridge: 	at de.robv.android.xposed.XposedBridge$AdditionalHookInfo.callback(Unknown Source:147)

08-08 04:53:42.971  1512  6642 I LSPosed-Bridge: 	at LSPHooker_.checkPermission(Unknown Source:25)

08-08 04:53:42.971  1512  6642 I LSPosed-Bridge: 	at com.android.server.am.ActivityManagerService.isGetTasksAllowed(ActivityManagerService.java:10902)

08-08 04:53:42.971  1512  6642 I LSPosed-Bridge: 	at com.android.server.am.ActivityManagerService.getRunningAppProcesses(ActivityManagerService.java:16139)

08-08 04:53:42.971  1512  6642 I LSPosed-Bridge: 	at android.app.IActivityManager$Stub.onTransact(IActivityManager.java:1088)

08-08 04:53:42.971  1512  6642 I LSPosed-Bridge: 	at com.android.server.am.ActivityManagerService.onTransact(ActivityManagerService.java:3346)

08-08 04:53:42.971  1512  6642 I LSPosed-Bridge: 	at android.os.Binder.execTransact(Binder.java:731)

08-08 04:53:45.687  1512  6705 I LSPosed-Bridge: 5633 PermLabel 10128 AMS.checkPermission: Binder.getCallingPid() = 5633; uid = 10128; Binder.getCallingUid() = 10128; getNameForUid: com.foreo.foreoapp; getPackagesForUid: [com.foreo.foreoapp]; permName: android.permission.GET_TASKS; type = 0; res = -1; stacktrace=java.lang.Exception

08-08 04:53:45.687  1512  6705 I LSPosed-Bridge: 	at com.example.permlabel.requirePerm$1$2.afterHookedMethod(requirePerm.java:134)

08-08 04:53:45.687  1512  6705 I LSPosed-Bridge: 	at de.robv.android.xposed.XposedBridge$AdditionalHookInfo.callback(Unknown Source:147)

08-08 04:53:45.687  1512  6705 I LSPosed-Bridge: 	at LSPHooker_.checkPermission(Unknown Source:25)

08-08 04:53:45.687  1512  6705 I LSPosed-Bridge: 	at com.android.server.am.ActivityManagerService.isGetTasksAllowed(ActivityManagerService.java:10902)

08-08 04:53:45.687  1512  6705 I LSPosed-Bridge: 	at com.android.server.am.ActivityManagerService.getFilteredTasks(ActivityManagerService.java:10884)

08-08 04:53:45.687  1512  6705 I LSPosed-Bridge: 	at com.android.server.am.ActivityManagerService.getTasks(ActivityManagerService.java:10872)

08-08 04:53:45.687  1512  6705 I LSPosed-Bridge: 	at android.app.IActivityManager$Stub.onTransact(IActivityManager.java:288)

08-08 04:53:45.687  1512  6705 I LSPosed-Bridge: 	at com.android.server.am.ActivityManagerService.onTransact(ActivityManagerService.java:3346)

08-08 04:53:45.687  1512  6705 I LSPosed-Bridge: 	at android.os.Binder.execTransact(Binder.java:731)

08-08 04:53:49.334  1512  1847 I LSPosed-Bridge: 5633 PermLabel 10128 AMS.checkPermission: Binder.getCallingPid() = 5633; uid = 10128; Binder.getCallingUid() = 10128; getNameForUid: com.foreo.foreoapp; getPackagesForUid: [com.foreo.foreoapp]; permName: android.permission.GET_TASKS; type = 0; res = -1; stacktrace=java.lang.Exception

08-08 04:53:49.334  1512  1847 I LSPosed-Bridge: 	at com.example.permlabel.requirePerm$1$2.afterHookedMethod(requirePerm.java:134)

08-08 04:53:49.334  1512  1847 I LSPosed-Bridge: 	at de.robv.android.xposed.XposedBridge$AdditionalHookInfo.callback(Unknown Source:147)

08-08 04:53:49.334  1512  1847 I LSPosed-Bridge: 	at LSPHooker_.checkPermission(Unknown Source:25)

08-08 04:53:49.334  1512  1847 I LSPosed-Bridge: 	at com.android.server.am.ActivityManagerService.isGetTasksAllowed(ActivityManagerService.java:10902)

08-08 04:53:49.334  1512  1847 I LSPosed-Bridge: 	at com.android.server.am.ActivityManagerService.getFilteredTasks(ActivityManagerService.java:10884)

08-08 04:53:49.334  1512  1847 I LSPosed-Bridge: 	at com.android.server.am.ActivityManagerService.getTasks(ActivityManagerService.java:10872)

08-08 04:53:49.334  1512  1847 I LSPosed-Bridge: 	at android.app.IActivityManager$Stub.onTransact(IActivityManager.java:288)

08-08 04:53:49.334  1512  1847 I LSPosed-Bridge: 	at com.android.server.am.ActivityManagerService.onTransact(ActivityManagerService.java:3346)

08-08 04:53:49.334  1512  1847 I LSPosed-Bridge: 	at android.os.Binder.execTransact(Binder.java:731)

08-08 04:53:49.334  5633  5778 I LSPosed-Bridge: 5633 PermLabel hookBinder_test 10128 interfaceBinder =android.content.pm.IPackageManager; arg0 = 13; arg1 = android.os.Parcel@93c670f; arg2 = android.os.Parcel@a867a3c; arg3 = 0; res = true; stacktrace=java.lang.Exception

08-08 04:53:49.334  5633  5778 I LSPosed-Bridge: 	at com.example.permlabel.hookBinder_test$1.afterHookedMethod(hookBinder_test.java:65)

08-08 04:53:49.334  5633  5778 I LSPosed-Bridge: 	at de.robv.android.xposed.XposedBridge$AdditionalHookInfo.callback(Unknown Source:147)

08-08 04:53:49.334  5633  5778 I LSPosed-Bridge: 	at LSPHooker_.transact(Unknown Source:28)

08-08 04:53:49.334  5633  5778 I LSPosed-Bridge: 	at android.content.pm.IPackageManager$Stub$Proxy.getApplicationInfo(IPackageManager.java:3104)

08-08 04:53:49.334  5633  5778 I LSPosed-Bridge: 	at android.app.ApplicationPackageManager.getApplicationInfoAsUser(ApplicationPackageManager.java:384)

08-08 04:53:49.334  5633  5778 I LSPosed-Bridge: 	at android.app.ApplicationPackageManager.getApplicationInfo(ApplicationPackageManager.java:377)

08-08 04:53:49.334  5633  5778 I LSPosed-Bridge: 	at m.cr.a(:com.google.android.gms.dynamite_measurementdynamite@233013028@23.30.13 (100400-0):7)

08-08 04:53:49.334  5633  5778 I LSPosed-Bridge: 	at m.ek.c(:com.google.android.gms.dynamite_measurementdynamite@233013028@23.30.13 (100400-0):42)

08-08 04:53:49.334  5633  5778 I LSPosed-Bridge: 	at m.ek.d(:com.google.android.gms.dynamite_measurementdynamite@233013028@23.30.13 (100400-0):4)

08-08 04:53:49.334  5633  5778 I LSPosed-Bridge: 	at m.ek.f(:com.google.android.gms.dynamite_measurementdynamite@233013028@23.30.13 (100400-0):6)

08-08 04:53:49.334  5633  5778 I LSPosed-Bridge: 	at m.lx.f(:com.google.android.gms.dynamite_measurementdynamite@233013028@23.30.13 (100400-0):68)

08-08 04:53:49.334  5633  5778 I LSPosed-Bridge: 	at m.kk.R(:com.google.android.gms.dynamite_measurementdynamite@233013028@23.30.13 (100400-0):206)

08-08 04:53:49.334  5633  5778 I LSPosed-Bridge: 	at m.js.run(:com.google.android.gms.dynamite_measurementdynamite@233013028@23.30.13 (100400-0):11)

08-08 04:53:49.334  5633  5778 I LSPosed-Bridge: 	at java.util.concurrent.Executors$RunnableAdapter.call(Executors.java:458)

08-08 04:53:49.334  5633  5778 I LSPosed-Bridge: 	at java.util.concurrent.FutureTask.run(FutureTask.java:266)

08-08 04:53:49.334  5633  5778 I LSPosed-Bridge: 	at m.it.run(:com.google.android.gms.dynamite_measurementdynamite@233013028@23.30.13 (100400-0):48)

08-08 04:53:49.334  5633  5633 I LSPosed-Bridge: 5633 PermLabel hookBinder_test 10128 interfaceBinder =android.app.IActivityManager; arg0 = 20; arg1 = android.os.Parcel@2b73acf; arg2 = android.os.Parcel@d4ae835; arg3 = 0; res = true; stacktrace=java.lang.Exception

08-08 04:53:49.334  5633  5633 I LSPosed-Bridge: 	at com.example.permlabel.hookBinder_test$1.afterHookedMethod(hookBinder_test.java:65)

08-08 04:53:49.334  5633  5633 I LSPosed-Bridge: 	at de.robv.android.xposed.XposedBridge$AdditionalHookInfo.callback(Unknown Source:147)

08-08 04:53:49.334  5633  5633 I LSPosed-Bridge: 	at LSPHooker_.transact(Unknown Source:28)

08-08 04:53:49.334  5633  5633 I LSPosed-Bridge: 	at android.app.IActivityManager$Stub$Proxy.getTasks(IActivityManager.java:4082)

08-08 04:53:49.334  5633  5633 I LSPosed-Bridge: 	at android.app.ActivityManager.getRunningTasks(ActivityManager.java:1994)

08-08 04:53:49.334  5633  5633 I LSPosed-Bridge: 	at com.foreo.foreoasianapp.commonresourcelib.global.presentation.utils.Utils.isTopActivity(Utils.kt:163)

08-08 04:53:49.334  5633  5633 I LSPosed-Bridge: 	at com.foreo.foreoapp.presentation.home.HomeFragment.onResume(HomeFragment.kt:579)

08-08 04:53:49.334  5633  5633 I LSPosed-Bridge: 	at androidx.fragment.app.Fragment.performResume(Fragment.java:3180)

08-08 04:53:49.334  5633  5633 I LSPosed-Bridge: 	at androidx.fragment.app.FragmentStateManager.resume(FragmentStateManager.java:606)

08-08 04:53:49.334  5633  5633 I LSPosed-Bridge: 	at androidx.fragment.app.FragmentStateManager.moveToExpectedState(FragmentStateManager.java:285)

08-08 04:53:49.334  5633  5633 I LSPosed-Bridge: 	at androidx.fragment.app.FragmentStore.moveToExpectedState(FragmentStore.java:113)

08-08 04:53:49.334  5633  5633 I LSPosed-Bridge: 	at androidx.fragment.app.FragmentManager.moveToState(FragmentManager.java:1433)

08-08 04:53:49.334  5633  5633 I LSPosed-Bridge: 	at androidx.fragment.app.FragmentManager.dispatchStateChange(FragmentManager.java:2977)

08-08 04:53:49.334  5633  5633 I LSPosed-Bridge: 	at androidx.fragment.app.FragmentManager.dispatchResume(FragmentManager.java:2909)

08-08 04:53:49.334  5633  5633 I LSPosed-Bridge: 	at androidx.fragment.app.Fragment.performResume(Fragment.java:3189)

08-08 04:53:49.334  5633  5633 I LSPosed-Bridge: 	at androidx.fragment.app.FragmentStateManager.resume(FragmentStateManager.java:606)

08-08 04:53:49.334  5633  5633 I LSPosed-Bridge: 	at androidx.fragment.app.FragmentStateManager.moveToExpectedState(FragmentStateManager.java:285)

08-08 04:53:49.334  5633  5633 I LSPosed-Bridge: 	at androidx.fragment.app.SpecialEffectsController$FragmentStateManagerOperation.complete(SpecialEffectsController.java:771)

08-08 04:53:49.334  5633  5633 I LSPosed-Bridge: 	at androidx.fragment.app.SpecialEffectsController$Operation.completeSpecialEffect(SpecialEffectsController.java:690)

08-08 04:53:49.334  5633  5633 I LSPosed-Bridge: 	at androidx.fragment.app.DefaultSpecialEffectsController$SpecialEffectsInfo.completeSpecialEffect(DefaultSpecialEffectsController.java:877)

08-08 04:53:49.334  5633  5633 I LSPosed-Bridge: 	at androidx.fragment.app.DefaultSpecialEffectsController.startAnimations(DefaultSpecialEffectsController.java:281)

08-08 04:53:49.334  5633  5633 I LSPosed-Bridge: 	at androidx.fragment.app.DefaultSpecialEffectsController.executeOperations(DefaultSpecialEffectsController.java:126)

08-08 04:53:49.334  5633  5633 I LSPosed-Bridge: 	at androidx.fragment.app.SpecialEffectsController.executePendingOperations(SpecialEffectsController.java:306)

08-08 04:53:49.334  5633  5633 I LSPosed-Bridge: 	at androidx.fragment.app.FragmentManager.executeOpsTogether(FragmentManager.java:1912)

08-08 04:53:49.334  5633  5633 I LSPosed-Bridge: 	at androidx.fragment.app.FragmentManager.removeRedundantOperationsAndExecute(FragmentManager.java:1823)

08-08 04:53:49.334  5633  5633 I LSPosed-Bridge: 	at androidx.fragment.app.FragmentManager.execPendingActions(FragmentManager.java:1760)

08-08 04:53:49.334  5633  5633 I LSPosed-Bridge: 	at androidx.fragment.app.FragmentManager$5.run(FragmentManager.java:547)

08-08 04:53:49.334  5633  5633 I LSPosed-Bridge: 	at android.os.Handler.handleCallback(Handler.java:873)

08-08 04:53:49.334  5633  5633 I LSPosed-Bridge: 	at android.os.Handler.dispatchMessage(Handler.java:99)

08-08 04:53:49.334  5633  5633 I LSPosed-Bridge: 	at android.os.Looper.loop(Looper.java:193)

08-08 04:53:49.334  5633  5633 I LSPosed-Bridge: 	at android.app.ActivityThread.main(ActivityThread.java:6692)

08-08 04:53:49.334  5633  5633 I LSPosed-Bridge: 	at java.lang.reflect.Method.invoke(Native Method)

08-08 04:53:49.334  5633  5633 I LSPosed-Bridge: 	at com.android.internal.os.RuntimeInit$MethodAndArgsCaller.run(RuntimeInit.java:493)

08-08 04:53:49.334  5633  5633 I LSPosed-Bridge: 	at com.android.internal.os.ZygoteInit.main(ZygoteInit.java:858)

08-08 04:54:07.449  2144  2144 I QcrilOemhookMsgTunnel: [1]invokeOemRilRequestRaw: serial=1207 length=24

08-08 04:54:07.449  1512  7095 I LSPosed-Bridge: 5633 PermLabel 10128 AMS.checkPermission: Binder.getCallingPid() = 5633; uid = 10128; Binder.getCallingUid() = 10128; getNameForUid: com.foreo.foreoapp; getPackagesForUid: [com.foreo.foreoapp]; permName: android.permission.GET_TASKS; type = 0; res = -1; stacktrace=java.lang.Exception

08-08 04:54:07.449  1512  7095 I LSPosed-Bridge: 	at com.example.permlabel.requirePerm$1$2.afterHookedMethod(requirePerm.java:134)

08-08 04:54:07.449  1512  7095 I LSPosed-Bridge: 	at de.robv.android.xposed.XposedBridge$AdditionalHookInfo.callback(Unknown Source:147)

08-08 04:54:07.449  1512  7095 I LSPosed-Bridge: 	at LSPHooker_.checkPermission(Unknown Source:25)

08-08 04:54:07.449  1512  7095 I LSPosed-Bridge: 	at com.android.server.am.ActivityManagerService.isGetTasksAllowed(ActivityManagerService.java:10902)

08-08 04:54:07.449  1512  7095 I LSPosed-Bridge: 	at com.android.server.am.ActivityManagerService.getRunningAppProcesses(ActivityManagerService.java:16139)

08-08 04:54:07.449  1512  7095 I LSPosed-Bridge: 	at android.app.IActivityManager$Stub.onTransact(IActivityManager.java:1088)

08-08 04:54:07.449  1512  7095 I LSPosed-Bridge: 	at com.android.server.am.ActivityManagerService.onTransact(ActivityManagerService.java:3346)

08-08 04:54:07.449  1512  7095 I LSPosed-Bridge: 	at android.os.Binder.execTransact(Binder.java:731)

08-08 04:54:14.510  1512  7095 I LSPosed-Bridge: 5633 PermLabel 10128 AMS.checkPermission: Binder.getCallingPid() = 5633; uid = 10128; Binder.getCallingUid() = 10128; getNameForUid: com.foreo.foreoapp; getPackagesForUid: [com.foreo.foreoapp]; permName: android.permission.GET_TASKS; type = 0; res = -1; stacktrace=java.lang.Exception

08-08 04:54:14.510  1512  7095 I LSPosed-Bridge: 	at com.example.permlabel.requirePerm$1$2.afterHookedMethod(requirePerm.java:134)

08-08 04:54:14.510  1512  7095 I LSPosed-Bridge: 	at de.robv.android.xposed.XposedBridge$AdditionalHookInfo.callback(Unknown Source:147)

08-08 04:54:14.510  1512  7095 I LSPosed-Bridge: 	at LSPHooker_.checkPermission(Unknown Source:25)

08-08 04:54:14.510  1512  7095 I LSPosed-Bridge: 	at com.android.server.am.ActivityManagerService.isGetTasksAllowed(ActivityManagerService.java:10902)

08-08 04:54:14.510  1512  7095 I LSPosed-Bridge: 	at com.android.server.am.ActivityManagerService.getRunningAppProcesses(ActivityManagerService.java:16139)

08-08 04:54:14.510  1512  7095 I LSPosed-Bridge: 	at android.app.IActivityManager$Stub.onTransact(IActivityManager.java:1088)

08-08 04:54:14.510  1512  7095 I LSPosed-Bridge: 	at com.android.server.am.ActivityManagerService.onTransact(ActivityManagerService.java:3346)

08-08 04:54:14.510  1512  7095 I LSPosed-Bridge: 	at android.os.Binder.execTransact(Binder.java:731)

08-08 04:54:21.490  1512  7095 I LSPosed-Bridge: 5633 PermLabel 10128 AMS.checkPermission: Binder.getCallingPid() = 5633; uid = 10128; Binder.getCallingUid() = 10128; getNameForUid: com.foreo.foreoapp; getPackagesForUid: [com.foreo.foreoapp]; permName: android.permission.GET_TASKS; type = 0; res = -1; stacktrace=java.lang.Exception

08-08 04:54:21.490  1512  7095 I LSPosed-Bridge: 	at com.example.permlabel.requirePerm$1$2.afterHookedMethod(requirePerm.java:134)

08-08 04:54:21.490  1512  7095 I LSPosed-Bridge: 	at de.robv.android.xposed.XposedBridge$AdditionalHookInfo.callback(Unknown Source:147)

08-08 04:54:21.490  1512  7095 I LSPosed-Bridge: 	at LSPHooker_.checkPermission(Unknown Source:25)

08-08 04:54:21.490  1512  7095 I LSPosed-Bridge: 	at com.android.server.am.ActivityManagerService.isGetTasksAllowed(ActivityManagerService.java:10902)

08-08 04:54:21.490  1512  7095 I LSPosed-Bridge: 	at com.android.server.am.ActivityManagerService.getRunningAppProcesses(ActivityManagerService.java:16139)

08-08 04:54:21.490  1512  7095 I LSPosed-Bridge: 	at android.app.IActivityManager$Stub.onTransact(IActivityManager.java:1088)

08-08 04:54:21.490  1512  7095 I LSPosed-Bridge: 	at com.android.server.am.ActivityManagerService.onTransact(ActivityManagerService.java:3346)

08-08 04:54:21.490  1512  7095 I LSPosed-Bridge: 	at android.os.Binder.execTransact(Binder.java:731)

08-08 04:54:29.430  1512  1852 I LSPosed-Bridge: 5633 PermLabel 10128 AMS.checkPermission: Binder.getCallingPid() = 5633; uid = 10128; Binder.getCallingUid() = 10128; getNameForUid: com.foreo.foreoapp; getPackagesForUid: [com.foreo.foreoapp]; permName: android.permission.GET_TASKS; type = 0; res = -1; stacktrace=java.lang.Exception

08-08 04:54:29.430  1512  1852 I LSPosed-Bridge: 	at com.example.permlabel.requirePerm$1$2.afterHookedMethod(requirePerm.java:134)

08-08 04:54:29.430  1512  1852 I LSPosed-Bridge: 	at de.robv.android.xposed.XposedBridge$AdditionalHookInfo.callback(Unknown Source:147)

08-08 04:54:29.430  1512  1852 I LSPosed-Bridge: 	at LSPHooker_.checkPermission(Unknown Source:25)

08-08 04:54:29.430  1512  1852 I LSPosed-Bridge: 	at com.android.server.am.ActivityManagerService.isGetTasksAllowed(ActivityManagerService.java:10902)

08-08 04:54:29.430  1512  1852 I LSPosed-Bridge: 	at com.android.server.am.ActivityManagerService.getRunningAppProcesses(ActivityManagerService.java:16139)

08-08 04:54:29.430  1512  1852 I LSPosed-Bridge: 	at android.app.IActivityManager$Stub.onTransact(IActivityManager.java:1088)

08-08 04:54:29.430  1512  1852 I LSPosed-Bridge: 	at com.android.server.am.ActivityManagerService.onTransact(ActivityManagerService.java:3346)

08-08 04:54:29.430  1512  1852 I LSPosed-Bridge: 	at android.os.Binder.execTransact(Binder.java:731)

08-08 04:54:29.430  5633  5633 I LSPosed-Bridge: 5633 PermLabel hookBinder_test 10128 interfaceBinder =android.app.IActivityManager; arg0 = 81; arg1 = android.os.Parcel@f235f55; arg2 = android.os.Parcel@142797; arg3 = 0; res = true; stacktrace=java.lang.Exception

