08-06 14:41:10.326  5783  7546 I LSPosed-Bridge: 	at com.myzaker.ZAKER_Phone.utils.ai.e(SourceFile:287)

08-06 14:41:10.326  5783  7546 I LSPosed-Bridge: 	at com.myzaker.ZAKER_Phone.utils.ai.c(SourceFile:211)

08-06 14:41:10.326  5783  7546 I LSPosed-Bridge: 	at com.myzaker.ZAKER_Phone.utils.ai.c(SourceFile:174)

08-06 14:41:10.326  5783  7546 I LSPosed-Bridge: 	at com.myzaker.ZAKER_Phone.utils.ai.a(SourceFile:252)

08-06 14:41:10.326  5783  7546 I LSPosed-Bridge: 	at com.myzaker.ZAKER_Phone.view.components.b.e.a(SourceFile:83)

08-06 14:41:10.326  5783  7546 I LSPosed-Bridge: 	at com.myzaker.ZAKER_Phone.view.components.b.e.b(SourceFile:58)

08-06 14:41:10.326  5783  7546 I LSPosed-Bridge: 	at com.myzaker.ZAKER_Phone.view.components.b.e.a(SourceFile:203)

08-06 14:41:10.326  5783  7546 I LSPosed-Bridge: 	at com.myzaker.ZAKER_Phone.view.components.b.e.get(SourceFile:92)

08-06 14:41:10.326  5783  7546 I LSPosed-Bridge: 	at com.nostra13.universalimageloader.core.ImageLoaderEngine$1.run(SourceFile:72)

08-06 14:41:10.326  5783  7546 I LSPosed-Bridge: 	at java.util.concurrent.ThreadPoolExecutor.runWorker(ThreadPoolExecutor.java:1167)

08-06 14:41:10.326  5783  7546 I LSPosed-Bridge: 	at java.util.concurrent.ThreadPoolExecutor$Worker.run(ThreadPoolExecutor.java:641)

08-06 14:41:10.326  5783  7546 I LSPosed-Bridge: 	at java.lang.Thread.run(Thread.java:764)

08-06 14:41:15.102  5783  6821 I LSPosed-Bridge: 5783 PermLabel hookBinder_test 10126 interfaceBinder =android.app.IActivityManager; arg0 = 81; arg1 = android.os.Parcel@f3d06f4; arg2 = android.os.Parcel@40d4b57; arg3 = 0; res = true; stacktrace=java.lang.Exception

08-06 14:41:15.102  5783  6821 I LSPosed-Bridge: 	at com.example.permlabel.hookBinder_test$1.afterHookedMethod(hookBinder_test.java:67)

08-06 14:41:15.102  5783  6821 I LSPosed-Bridge: 	at de.robv.android.xposed.XposedBridge$AdditionalHookInfo.callback(Unknown Source:147)

08-06 14:41:15.102  5783  6821 I LSPosed-Bridge: 	at LSPHooker_.transact(Unknown Source:28)

08-06 14:41:15.102  5783  6821 I LSPosed-Bridge: 	at android.app.IActivityManager$Stub$Proxy.getRunningAppProcesses(IActivityManager.java:5366)

08-06 14:41:15.102  5783  6821 I LSPosed-Bridge: 	at android.app.ActivityManager.getRunningAppProcesses(ActivityManager.java:3435)

08-06 14:41:15.102  5783  6821 I LSPosed-Bridge: 	at java.lang.reflect.Method.invoke(Native Method)

08-06 14:41:15.102  5783  6821 I LSPosed-Bridge: 	at org.lsposed.lspd.nativebridge.HookBridge.invokeOriginalMethod(Native Method)

08-06 14:41:15.102  5783  6821 I LSPosed-Bridge: 	at de.robv.android.xposed.XposedBridge$AdditionalHookInfo.callback(Unknown Source:110)

08-06 14:41:15.102  5783  6821 I LSPosed-Bridge: 	at LSPHooker_.getRunningAppProcesses(Unknown Source:8)

08-06 14:41:15.102  5783  6821 I LSPosed-Bridge: 	at com.tencent.klevin.utils.e.c(SourceFile:104)

08-06 14:41:15.102  5783  6821 I LSPosed-Bridge: 	at com.tencent.klevin.base.c.c$1.handleMessage(SourceFile:184)

08-06 14:41:15.102  5783  6821 I LSPosed-Bridge: 	at android.os.Handler.dispatchMessage(Handler.java:106)

08-06 14:41:15.102  5783  6821 I LSPosed-Bridge: 	at android.os.Looper.loop(Looper.java:193)

08-06 14:41:15.102  5783  6821 I LSPosed-Bridge: 	at android.os.HandlerThread.run(HandlerThread.java:65)

08-06 14:41:15.102  5783  6821 I LSPosed-Bridge: 5783 PermLabel getRunningAppProcesses =android.app.ActivityManager$RunningAppProcessInfo@7885659

08-06 14:41:15.102  5783  6821 I LSPosed-Bridge: 5783 PermLabel getRunningAppProcesses processName: com.myzaker.ZAKER_Phone pid: 5783

08-06 14:41:15.102  5783  6821 I LSPosed-Bridge: 5783 PermLabel getRunningAppProcesses importance: 100 pid: 5783

08-06 14:41:15.102  5783  6821 I LSPosed-Bridge: 5783 PermLabel getRunningAppProcesses packageName com.myzaker.ZAKER_Phone at index 0 in process 5783

08-06 14:41:15.102  5783  6821 I LSPosed-Bridge: 5783 PermLabel getRunningAppProcesses =android.app.ActivityManager$RunningAppProcessInfo@132121e

08-06 14:41:15.102  5783  6821 I LSPosed-Bridge: 5783 PermLabel getRunningAppProcesses processName: com.myzaker.ZAKER_Phone:v1 pid: 6886

08-06 14:41:15.102  5783  6821 I LSPosed-Bridge: 5783 PermLabel getRunningAppProcesses importance: 125 pid: 6886

08-06 14:41:15.102  5783  6821 I LSPosed-Bridge: 5783 PermLabel getRunningAppProcesses packageName com.myzaker.ZAKER_Phone at index 0 in process 6886

08-06 14:41:15.102  5783  6821 I LSPosed-Bridge: 5783 PermLabel permName: android.permission.READ_PHONE_STATE; getRunningAppProcesses =[android.app.ActivityManager$RunningAppProcessInfo@7885659, android.app.ActivityManager$RunningAppProcessInfo@132121e]; stacktrace=java.lang.Exception

08-06 14:41:15.102  5783  6821 I LSPosed-Bridge: 	at com.example.permlabel.hookBinder_test$2.afterHookedMethod(hookBinder_test.java:107)

08-06 14:41:15.102  5783  6821 I LSPosed-Bridge: 	at de.robv.android.xposed.XposedBridge$AdditionalHookInfo.callback(Unknown Source:147)

08-06 14:41:15.102  5783  6821 I LSPosed-Bridge: 	at LSPHooker_.getRunningAppProcesses(Unknown Source:8)

08-06 14:41:15.102  5783  6821 I LSPosed-Bridge: 	at com.tencent.klevin.utils.e.c(SourceFile:104)

08-06 14:41:15.102  5783  6821 I LSPosed-Bridge: 	at com.tencent.klevin.base.c.c$1.handleMessage(SourceFile:184)

08-06 14:41:15.102  5783  6821 I LSPosed-Bridge: 	at android.os.Handler.dispatchMessage(Handler.java:106)

08-06 14:41:15.102  5783  6821 I LSPosed-Bridge: 	at android.os.Looper.loop(Looper.java:193)

08-06 14:41:15.102  5783  6821 I LSPosed-Bridge: 	at android.os.HandlerThread.run(HandlerThread.java:65)

08-06 14:41:15.258  5783  6842 I LSPosed-Bridge: 5783 PermLabel hookBinder_test 10126 interfaceBinder =android.app.IActivityManager; arg0 = 81; arg1 = android.os.Parcel@49ddf19; arg2 = android.os.Parcel@40d4b57; arg3 = 0; res = true; stacktrace=java.lang.Exception

08-06 14:41:15.258  5783  6842 I LSPosed-Bridge: 	at com.example.permlabel.hookBinder_test$1.afterHookedMethod(hookBinder_test.java:67)

08-06 14:41:15.258  5783  6842 I LSPosed-Bridge: 	at de.robv.android.xposed.XposedBridge$AdditionalHookInfo.callback(Unknown Source:147)

08-06 14:41:15.258  5783  6842 I LSPosed-Bridge: 	at LSPHooker_.transact(Unknown Source:28)

08-06 14:41:15.258  5783  6842 I LSPosed-Bridge: 	at android.app.IActivityManager$Stub$Proxy.getRunningAppProcesses(IActivityManager.java:5366)

08-06 14:41:15.258  5783  6842 I LSPosed-Bridge: 	at android.app.ActivityManager.getRunningAppProcesses(ActivityManager.java:3435)

08-06 14:41:15.258  5783  6842 I LSPosed-Bridge: 	at java.lang.reflect.Method.invoke(Native Method)

08-06 14:41:15.258  5783  6842 I LSPosed-Bridge: 	at org.lsposed.lspd.nativebridge.HookBridge.invokeOriginalMethod(Native Method)

08-06 14:41:15.258  5783  6842 I LSPosed-Bridge: 	at de.robv.android.xposed.XposedBridge$AdditionalHookInfo.callback(Unknown Source:110)

08-06 14:41:15.258  5783  6842 I LSPosed-Bridge: 	at LSPHooker_.getRunningAppProcesses(Unknown Source:8)

08-06 14:41:15.258  5783  6842 I LSPosed-Bridge: 	at com.tencent.klevin.utils.e.c(SourceFile:104)

08-06 14:41:15.258  5783  6842 I LSPosed-Bridge: 	at com.tencent.klevin.base.c.c.j(SourceFile:381)

08-06 14:41:15.258  5783  6842 I LSPosed-Bridge: 	at com.tencent.klevin.base.c.c.g(SourceFile:323)

08-06 14:41:15.258  5783  6842 I LSPosed-Bridge: 	at com.tencent.klevin.base.c.c.d(SourceFile:47)

08-06 14:41:15.258  5783  6842 I LSPosed-Bridge: 	at com.tencent.klevin.base.c.c$2.a(SourceFile:303)

08-06 14:41:15.258  5783  6842 I LSPosed-Bridge: 	at com.tencent.klevin.base.c.a$1.onResponse(SourceFile:79)

08-06 14:41:15.258  5783  6842 I LSPosed-Bridge: 	at com.tencent.klevin.base.f.y$a.d(SourceFile:202)

08-06 14:41:15.258  5783  6842 I LSPosed-Bridge: 	at com.tencent.klevin.base.f.a.b.run(SourceFile:32)

08-06 14:41:15.258  5783  6842 I LSPosed-Bridge: 	at java.util.concurrent.ThreadPoolExecutor.runWorker(ThreadPoolExecutor.java:1167)

08-06 14:41:15.258  5783  6842 I LSPosed-Bridge: 	at java.util.concurrent.ThreadPoolExecutor$Worker.run(ThreadPoolExecutor.java:641)

08-06 14:41:15.258  5783  6842 I LSPosed-Bridge: 	at java.lang.Thread.run(Thread.java:764)

08-06 14:41:15.258  5783  6842 I LSPosed-Bridge: 5783 PermLabel getRunningAppProcesses =android.app.ActivityManager$RunningAppProcessInfo@4952d64

08-06 14:41:15.258  5783  6842 I LSPosed-Bridge: 5783 PermLabel getRunningAppProcesses processName: com.myzaker.ZAKER_Phone pid: 5783

08-06 14:41:15.258  5783  6842 I LSPosed-Bridge: 5783 PermLabel getRunningAppProcesses importance: 100 pid: 5783

08-06 14:41:15.258  5783  6842 I LSPosed-Bridge: 5783 PermLabel getRunningAppProcesses packageName com.myzaker.ZAKER_Phone at index 0 in process 5783

08-06 14:41:15.258  5783  6842 I LSPosed-Bridge: 5783 PermLabel getRunningAppProcesses =android.app.ActivityManager$RunningAppProcessInfo@6b0fbcd

08-06 14:41:15.258  5783  6842 I LSPosed-Bridge: 5783 PermLabel getRunningAppProcesses processName: com.myzaker.ZAKER_Phone:v1 pid: 6886

08-06 14:41:15.258  5783  6842 I LSPosed-Bridge: 5783 PermLabel getRunningAppProcesses importance: 125 pid: 6886

08-06 14:41:15.258  5783  6842 I LSPosed-Bridge: 5783 PermLabel getRunningAppProcesses packageName com.myzaker.ZAKER_Phone at index 0 in process 6886

08-06 14:41:15.258  5783  6842 I LSPosed-Bridge: 5783 PermLabel permName: android.permission.READ_PHONE_STATE; getRunningAppProcesses =[android.app.ActivityManager$RunningAppProcessInfo@4952d64, android.app.ActivityManager$RunningAppProcessInfo@6b0fbcd]; stacktrace=java.lang.Exception

08-06 14:41:15.258  5783  6842 I LSPosed-Bridge: 	at com.example.permlabel.hookBinder_test$2.afterHookedMethod(hookBinder_test.java:107)

08-06 14:41:15.258  5783  6842 I LSPosed-Bridge: 	at de.robv.android.xposed.XposedBridge$AdditionalHookInfo.callback(Unknown Source:147)

08-06 14:41:15.258  5783  6842 I LSPosed-Bridge: 	at LSPHooker_.getRunningAppProcesses(Unknown Source:8)

08-06 14:41:15.258  5783  6842 I LSPosed-Bridge: 	at com.tencent.klevin.utils.e.c(SourceFile:104)

08-06 14:41:15.258  5783  6842 I LSPosed-Bridge: 	at com.tencent.klevin.base.c.c.j(SourceFile:381)

08-06 14:41:15.258  5783  6842 I LSPosed-Bridge: 	at com.tencent.klevin.base.c.c.g(SourceFile:323)

08-06 14:41:15.258  5783  6842 I LSPosed-Bridge: 	at com.tencent.klevin.base.c.c.d(SourceFile:47)

08-06 14:41:15.258  5783  6842 I LSPosed-Bridge: 	at com.tencent.klevin.base.c.c$2.a(SourceFile:303)

08-06 14:41:15.258  5783  6842 I LSPosed-Bridge: 	at com.tencent.klevin.base.c.a$1.onResponse(SourceFile:79)

08-06 14:41:15.258  5783  6842 I LSPosed-Bridge: 	at com.tencent.klevin.base.f.y$a.d(SourceFile:202)

08-06 14:41:15.258  5783  6842 I LSPosed-Bridge: 	at com.tencent.klevin.base.f.a.b.run(SourceFile:32)

08-06 14:41:15.258  5783  6842 I LSPosed-Bridge: 	at java.util.concurrent.ThreadPoolExecutor.runWorker(ThreadPoolExecutor.java:1167)

08-06 14:41:15.258  5783  6842 I LSPosed-Bridge: 	at java.util.concurrent.ThreadPoolExecutor$Worker.run(ThreadPoolExecutor.java:641)

08-06 14:41:15.258  5783  6842 I LSPosed-Bridge: 	at java.lang.Thread.run(Thread.java:764)

08-06 14:41:15.258  2150  2172 I QcrilOemhookMsgTunnel: [1]processOemHookResponse serial no: 1111 error: 0length=0

08-06 14:41:20.728  5783  6821 I LSPosed-Bridge: 5783 PermLabel getRunningAppProcesses =android.app.ActivityManager$RunningAppProcessInfo@50b6887

08-06 14:41:20.728  5783  6821 I LSPosed-Bridge: 5783 PermLabel getRunningAppProcesses processName: com.myzaker.ZAKER_Phone pid: 5783

08-06 14:41:20.728  5783  6821 I LSPosed-Bridge: 5783 PermLabel getRunningAppProcesses importance: 100 pid: 5783

08-06 14:41:20.728  5783  6821 I LSPosed-Bridge: 5783 PermLabel getRunningAppProcesses packageName com.myzaker.ZAKER_Phone at index 0 in process 5783

08-06 14:41:20.728  5783  6821 I LSPosed-Bridge: 5783 PermLabel getRunningAppProcesses =android.app.ActivityManager$RunningAppProcessInfo@f1ed3b4

08-06 14:41:20.728  5783  6821 I LSPosed-Bridge: 5783 PermLabel getRunningAppProcesses processName: com.myzaker.ZAKER_Phone:v1 pid: 6886

08-06 14:41:20.728  5783  6821 I LSPosed-Bridge: 5783 PermLabel getRunningAppProcesses importance: 125 pid: 6886

08-06 14:41:20.728  5783  6821 I LSPosed-Bridge: 5783 PermLabel getRunningAppProcesses packageName com.myzaker.ZAKER_Phone at index 0 in process 6886

08-06 14:41:20.728  5783  6821 I LSPosed-Bridge: 5783 PermLabel permName: android.permission.READ_PHONE_STATE; getRunningAppProcesses =[android.app.ActivityManager$RunningAppProcessInfo@50b6887, android.app.ActivityManager$RunningAppProcessInfo@f1ed3b4]; stacktrace=java.lang.Exception

08-06 14:41:20.728  5783  6821 I LSPosed-Bridge: 	at com.example.permlabel.hookBinder_test$2.afterHookedMethod(hookBinder_test.java:107)

08-06 14:41:20.728  5783  6821 I LSPosed-Bridge: 	at de.robv.android.xposed.XposedBridge$AdditionalHookInfo.callback(Unknown Source:147)

08-06 14:41:20.728  5783  6821 I LSPosed-Bridge: 	at LSPHooker_.getRunningAppProcesses(Unknown Source:8)

08-06 14:41:20.728  5783  6821 I LSPosed-Bridge: 	at com.tencent.klevin.utils.e.c(SourceFile:104)

08-06 14:41:20.728  5783  6821 I LSPosed-Bridge: 	at com.tencent.klevin.base.c.c$1.handleMessage(SourceFile:184)

08-06 14:41:20.728  5783  6821 I LSPosed-Bridge: 	at android.os.Handler.dispatchMessage(Handler.java:106)

08-06 14:41:20.728  5783  6821 I LSPosed-Bridge: 	at android.os.Looper.loop(Looper.java:193)

08-06 14:41:20.728  5783  6821 I LSPosed-Bridge: 	at android.os.HandlerThread.run(HandlerThread.java:65)

08-06 14:41:20.810  5783  6842 I LSPosed-Bridge: 5783 PermLabel getRunningAppProcesses processName: com.myzaker.ZAKER_Phone pid: 5783

08-06 14:41:20.810  5783  6842 I LSPosed-Bridge: 5783 PermLabel getRunningAppProcesses importance: 100 pid: 5783

08-06 14:41:20.810  5783  6842 I LSPosed-Bridge: 5783 PermLabel getRunningAppProcesses packageName com.myzaker.ZAKER_Phone at index 0 in process 5783

08-06 14:41:20.810  5783  6842 I LSPosed-Bridge: 5783 PermLabel getRunningAppProcesses =android.app.ActivityManager$RunningAppProcessInfo@3210a38

08-06 14:41:20.810  5783  6842 I LSPosed-Bridge: 5783 PermLabel getRunningAppProcesses processName: com.myzaker.ZAKER_Phone:v1 pid: 6886

08-06 14:41:20.810  5783  6842 I LSPosed-Bridge: 5783 PermLabel getRunningAppProcesses importance: 125 pid: 6886

08-06 14:41:20.810  5783  6842 I LSPosed-Bridge: 5783 PermLabel getRunningAppProcesses packageName com.myzaker.ZAKER_Phone at index 0 in process 6886

08-06 14:41:20.810  5783  6842 I LSPosed-Bridge: 5783 PermLabel permName: android.permission.READ_PHONE_STATE; getRunningAppProcesses =[android.app.ActivityManager$RunningAppProcessInfo@f5a169b, android.app.ActivityManager$RunningAppProcessInfo@3210a38]; stacktrace=java.lang.Exception

08-06 14:41:20.810  5783  6842 I LSPosed-Bridge: 	at com.example.permlabel.hookBinder_test$2.afterHookedMethod(hookBinder_test.java:107)

08-06 14:41:20.810  5783  6842 I LSPosed-Bridge: 	at de.robv.android.xposed.XposedBridge$AdditionalHookInfo.callback(Unknown Source:147)

08-06 14:41:20.810  5783  6842 I LSPosed-Bridge: 	at LSPHooker_.getRunningAppProcesses(Unknown Source:8)

08-06 14:41:20.810  5783  6842 I LSPosed-Bridge: 	at com.tencent.klevin.utils.e.c(SourceFile:104)

08-06 14:41:20.810  5783  6842 I LSPosed-Bridge: 	at com.tencent.klevin.base.c.c.j(SourceFile:381)

08-06 14:41:20.810  5783  6842 I LSPosed-Bridge: 	at com.tencent.klevin.base.c.c.g(SourceFile:323)

08-06 14:41:20.810  5783  6842 I LSPosed-Bridge: 	at com.tencent.klevin.base.c.c.d(SourceFile:47)

08-06 14:41:20.810  5783  6842 I LSPosed-Bridge: 	at com.tencent.klevin.base.c.c$2.a(SourceFile:303)

08-06 14:41:20.810  5783  6842 I LSPosed-Bridge: 	at com.tencent.klevin.base.c.a$1.onResponse(SourceFile:79)

08-06 14:41:20.810  5783  6842 I LSPosed-Bridge: 	at com.tencent.klevin.base.f.y$a.d(SourceFile:202)

08-06 14:41:20.810  5783  6842 I LSPosed-Bridge: 	at com.tencent.klevin.base.f.a.b.run(SourceFile:32)

08-06 14:41:20.810  5783  6842 I LSPosed-Bridge: 	at java.util.concurrent.ThreadPoolExecutor.runWorker(ThreadPoolExecutor.java:1167)

08-06 14:41:20.810  5783  6842 I LSPosed-Bridge: 	at java.util.concurrent.ThreadPoolExecutor$Worker.run(ThreadPoolExecutor.java:641)

08-06 14:41:20.810  5783  6842 I LSPosed-Bridge: 	at java.lang.Thread.run(Thread.java:764)

08-06 14:41:26.758  5783  6821 I LSPosed-Bridge: 5783 PermLabel permName: android.permission.READ_PHONE_STATE; getRunningAppProcesses =[android.app.ActivityManager$RunningAppProcessInfo@ddacb26, android.app.ActivityManager$RunningAppProcessInfo@5724367]; stacktrace=java.lang.Exception

08-06 14:41:26.758  5783  6821 I LSPosed-Bridge: 	at com.example.permlabel.hookBinder_test$2.afterHookedMethod(hookBinder_test.java:107)

08-06 14:41:26.758  5783  6821 I LSPosed-Bridge: 	at de.robv.android.xposed.XposedBridge$AdditionalHookInfo.callback(Unknown Source:147)

08-06 14:41:26.758  5783  6821 I LSPosed-Bridge: 	at LSPHooker_.getRunningAppProcesses(Unknown Source:8)

08-06 14:41:26.758  5783  6821 I LSPosed-Bridge: 	at com.tencent.klevin.utils.e.c(SourceFile:104)

08-06 14:41:26.758  5783  6821 I LSPosed-Bridge: 	at com.tencent.klevin.base.c.c$1.handleMessage(SourceFile:184)

08-06 14:41:26.758  5783  6821 I LSPosed-Bridge: 	at android.os.Handler.dispatchMessage(Handler.java:106)

08-06 14:41:26.758  5783  6821 I LSPosed-Bridge: 	at android.os.Looper.loop(Looper.java:193)

08-06 14:41:26.758  5783  6821 I LSPosed-Bridge: 	at android.os.HandlerThread.run(HandlerThread.java:65)

08-06 14:41:26.816  5783  6842 I LSPosed-Bridge: 5783 PermLabel permName: android.permission.READ_PHONE_STATE; getRunningAppProcesses =[android.app.ActivityManager$RunningAppProcessInfo@8045b75, android.app.ActivityManager$RunningAppProcessInfo@f36c70a]; stacktrace=java.lang.Exception

08-06 14:41:26.816  5783  6842 I LSPosed-Bridge: 	at com.example.permlabel.hookBinder_test$2.afterHookedMethod(hookBinder_test.java:107)

08-06 14:41:26.816  5783  6842 I LSPosed-Bridge: 	at de.robv.android.xposed.XposedBridge$AdditionalHookInfo.callback(Unknown Source:147)

08-06 14:41:26.816  5783  6842 I LSPosed-Bridge: 	at LSPHooker_.getRunningAppProcesses(Unknown Source:8)

08-06 14:41:26.816  5783  6842 I LSPosed-Bridge: 	at com.tencent.klevin.utils.e.c(SourceFile:104)

08-06 14:41:26.816  5783  6842 I LSPosed-Bridge: 	at com.tencent.klevin.base.c.c.j(SourceFile:381)

08-06 14:41:26.816  5783  6842 I LSPosed-Bridge: 	at com.tencent.klevin.base.c.c.g(SourceFile:323)

08-06 14:41:26.816  5783  6842 I LSPosed-Bridge: 	at com.tencent.klevin.base.c.c.d(SourceFile:47)

08-06 14:41:26.816  5783  6842 I LSPosed-Bridge: 	at com.tencent.klevin.base.c.c$2.a(SourceFile:303)

08-06 14:41:26.816  5783  6842 I LSPosed-Bridge: 	at com.tencent.klevin.base.c.a$1.onResponse(SourceFile:79)

08-06 14:41:26.816  5783  6842 I LSPosed-Bridge: 	at com.tencent.klevin.base.f.y$a.d(SourceFile:202)

08-06 14:41:26.816  5783  6842 I LSPosed-Bridge: 	at com.tencent.klevin.base.f.a.b.run(SourceFile:32)

08-06 14:41:26.816  5783  6842 I LSPosed-Bridge: 	at java.util.concurrent.ThreadPoolExecutor.runWorker(ThreadPoolExecutor.java:1167)

08-06 14:41:26.816  5783  6842 I LSPosed-Bridge: 	at java.util.concurrent.ThreadPoolExecutor$Worker.run(ThreadPoolExecutor.java:641)

08-06 14:41:26.816  5783  6842 I LSPosed-Bridge: 	at java.lang.Thread.run(Thread.java:764)

08-06 14:41:26.816  6940  7281 I anet.NetworkProxy: |[seq:MTOP3] networkProxy asyncSend

08-06 14:41:26.816  6940  7281 I anet.NetworkProxy:  [getLocalNetworkInstance]

08-06 14:41:31.860  7796  8209 E falco.Tracer:  full trace v3 close.

08-06 14:41:31.860  5783  6821 I LSPosed-Bridge: 5783 PermLabel hookBinder_test 10126 interfaceBinder =android.app.IActivityManager; arg0 = 81; arg1 = android.os.Parcel@844d978; arg2 = android.os.Parcel@40d4b57; arg3 = 0; res = true; stacktrace=java.lang.Exception

08-06 14:41:31.860  5783  6821 I LSPosed-Bridge: 	at com.example.permlabel.hookBinder_test$1.afterHookedMethod(hookBinder_test.java:67)

08-06 14:41:31.860  5783  6821 I LSPosed-Bridge: 	at de.robv.android.xposed.XposedBridge$AdditionalHookInfo.callback(Unknown Source:147)

08-06 14:41:31.860  5783  6821 I LSPosed-Bridge: 	at LSPHooker_.transact(Unknown Source:28)

08-06 14:41:31.860  5783  6821 I LSPosed-Bridge: 	at android.app.IActivityManager$Stub$Proxy.getRunningAppProcesses(IActivityManager.java:5366)

08-06 14:41:31.860  5783  6821 I LSPosed-Bridge: 	at android.app.ActivityManager.getRunningAppProcesses(ActivityManager.java:3435)

08-06 14:41:31.860  5783  6821 I LSPosed-Bridge: 	at java.lang.reflect.Method.invoke(Native Method)

08-06 14:41:31.860  5783  6821 I LSPosed-Bridge: 	at org.lsposed.lspd.nativebridge.HookBridge.invokeOriginalMethod(Native Method)

08-06 14:41:31.860  5783  6821 I LSPosed-Bridge: 	at de.robv.android.xposed.XposedBridge$AdditionalHookInfo.callback(Unknown Source:110)

08-06 14:41:31.860  5783  6821 I LSPosed-Bridge: 	at LSPHooker_.getRunningAppProcesses(Unknown Source:8)

08-06 14:41:31.860  5783  6821 I LSPosed-Bridge: 	at com.tencent.klevin.utils.e.c(SourceFile:104)

08-06 14:41:31.860  5783  6821 I LSPosed-Bridge: 	at com.tencent.klevin.base.c.c$1.handleMessage(SourceFile:184)

08-06 14:41:31.860  5783  6821 I LSPosed-Bridge: 	at android.os.Handler.dispatchMessage(Handler.java:106)

08-06 14:41:31.860  5783  6821 I LSPosed-Bridge: 	at android.os.Looper.loop(Looper.java:193)

08-06 14:41:31.860  5783  6821 I LSPosed-Bridge: 	at android.os.HandlerThread.run(HandlerThread.java:65)

08-06 14:41:31.860  5783  6821 I LSPosed-Bridge: 5783 PermLabel getRunningAppProcesses =android.app.ActivityManager$RunningAppProcessInfo@8d307c6

08-06 14:41:31.860  5783  6821 I LSPosed-Bridge: 5783 PermLabel getRunningAppProcesses processName: com.myzaker.ZAKER_Phone pid: 5783

08-06 14:41:31.860  5783  6821 I LSPosed-Bridge: 5783 PermLabel getRunningAppProcesses importance: 100 pid: 5783

08-06 14:41:31.860  5783  6821 I LSPosed-Bridge: 5783 PermLabel getRunningAppProcesses packageName com.myzaker.ZAKER_Phone at index 0 in process 5783

08-06 14:41:31.860  5783  6821 I LSPosed-Bridge: 5783 PermLabel getRunningAppProcesses =android.app.ActivityManager$RunningAppProcessInfo@75cd387

08-06 14:41:31.860  5783  6821 I LSPosed-Bridge: 5783 PermLabel getRunningAppProcesses processName: com.myzaker.ZAKER_Phone:v1 pid: 6886

08-06 14:41:31.860  5783  6821 I LSPosed-Bridge: 5783 PermLabel getRunningAppProcesses importance: 125 pid: 6886

08-06 14:41:31.860  5783  6821 I LSPosed-Bridge: 5783 PermLabel getRunningAppProcesses packageName com.myzaker.ZAKER_Phone at index 0 in process 6886

08-06 14:41:31.860  5783  6821 I LSPosed-Bridge: 5783 PermLabel permName: android.permission.READ_PHONE_STATE; getRunningAppProcesses =[android.app.ActivityManager$RunningAppProcessInfo@8d307c6, android.app.ActivityManager$RunningAppProcessInfo@75cd387]; stacktrace=java.lang.Exception

08-06 14:41:31.860  5783  6821 I LSPosed-Bridge: 	at com.example.permlabel.hookBinder_test$2.afterHookedMethod(hookBinder_test.java:107)

08-06 14:41:31.860  5783  6821 I LSPosed-Bridge: 	at de.robv.android.xposed.XposedBridge$AdditionalHookInfo.callback(Unknown Source:147)

08-06 14:41:31.860  5783  6821 I LSPosed-Bridge: 	at LSPHooker_.getRunningAppProcesses(Unknown Source:8)

08-06 14:41:31.860  5783  6821 I LSPosed-Bridge: 	at com.tencent.klevin.utils.e.c(SourceFile:104)

08-06 14:41:31.860  5783  6821 I LSPosed-Bridge: 	at com.tencent.klevin.base.c.c$1.handleMessage(SourceFile:184)

08-06 14:41:31.860  5783  6821 I LSPosed-Bridge: 	at android.os.Handler.dispatchMessage(Handler.java:106)

08-06 14:41:31.860  5783  6821 I LSPosed-Bridge: 	at android.os.Looper.loop(Looper.java:193)

08-06 14:41:31.860  5783  6821 I LSPosed-Bridge: 	at android.os.HandlerThread.run(HandlerThread.java:65)

08-06 14:41:31.939  5783  6842 I LSPosed-Bridge: 5783 PermLabel permName: android.permission.READ_PHONE_STATE; getRunningAppProcesses =[android.app.ActivityManager$RunningAppProcessInfo@405499e, android.app.ActivityManager$RunningAppProcessInfo@e2ac7f]; stacktrace=java.lang.Exception

08-06 14:41:31.939  5783  6842 I LSPosed-Bridge: 	at com.example.permlabel.hookBinder_test$2.afterHookedMethod(hookBinder_test.java:107)

08-06 14:41:31.939  5783  6842 I LSPosed-Bridge: 	at de.robv.android.xposed.XposedBridge$AdditionalHookInfo.callback(Unknown Source:147)

08-06 14:41:31.939  5783  6842 I LSPosed-Bridge: 	at LSPHooker_.getRunningAppProcesses(Unknown Source:8)

08-06 14:41:31.939  5783  6842 I LSPosed-Bridge: 	at com.tencent.klevin.utils.e.c(SourceFile:104)

08-06 14:41:31.939  5783  6842 I LSPosed-Bridge: 	at com.tencent.klevin.base.c.c.j(SourceFile:381)

08-06 14:41:31.939  5783  6842 I LSPosed-Bridge: 	at com.tencent.klevin.base.c.c.g(SourceFile:323)

08-06 14:41:31.939  5783  6842 I LSPosed-Bridge: 	at com.tencent.klevin.base.c.c.d(SourceFile:47)

08-06 14:41:31.939  5783  6842 I LSPosed-Bridge: 	at com.tencent.klevin.base.c.c$2.a(SourceFile:303)

08-06 14:41:31.939  5783  6842 I LSPosed-Bridge: 	at com.tencent.klevin.base.c.a$1.onResponse(SourceFile:79)

08-06 14:41:31.939  5783  6842 I LSPosed-Bridge: 	at com.tencent.klevin.base.f.y$a.d(SourceFile:202)

08-06 14:41:31.939  5783  6842 I LSPosed-Bridge: 	at com.tencent.klevin.base.f.a.b.run(SourceFile:32)

08-06 14:41:31.939  5783  6842 I LSPosed-Bridge: 	at java.util.concurrent.ThreadPoolExecutor.runWorker(ThreadPoolExecutor.java:1167)

08-06 14:41:31.939  5783  6842 I LSPosed-Bridge: 	at java.util.concurrent.ThreadPoolExecutor$Worker.run(ThreadPoolExecutor.java:641)

08-06 14:41:31.939  5783  6842 I LSPosed-Bridge: 	at java.lang.Thread.run(Thread.java:764)

08-06 14:41:36.943  5783  6821 I LSPosed-Bridge: 5783 PermLabel hookBinder_test 10126 interfaceBinder =android.app.IActivityManager; arg0 = 81; arg1 = android.os.Parcel@afa9adb; arg2 = android.os.Parcel@49ddf19; arg3 = 0; res = true; stacktrace=java.lang.Exception

08-06 14:41:36.943  5783  6821 I LSPosed-Bridge: 	at com.example.permlabel.hookBinder_test$1.afterHookedMethod(hookBinder_test.java:67)

08-06 14:41:36.943  5783  6821 I LSPosed-Bridge: 	at de.robv.android.xposed.XposedBridge$AdditionalHookInfo.callback(Unknown Source:147)

08-06 14:41:36.943  5783  6821 I LSPosed-Bridge: 	at LSPHooker_.transact(Unknown Source:28)

08-06 14:41:36.943  5783  6821 I LSPosed-Bridge: 	at android.app.IActivityManager$Stub$Proxy.getRunningAppProcesses(IActivityManager.java:5366)

08-06 14:41:36.943  5783  6821 I LSPosed-Bridge: 	at android.app.ActivityManager.getRunningAppProcesses(ActivityManager.java:3435)

08-06 14:41:36.943  5783  6821 I LSPosed-Bridge: 	at java.lang.reflect.Method.invoke(Native Method)

08-06 14:41:36.943  5783  6821 I LSPosed-Bridge: 	at org.lsposed.lspd.nativebridge.HookBridge.invokeOriginalMethod(Native Method)

08-06 14:41:36.943  5783  6821 I LSPosed-Bridge: 	at de.robv.android.xposed.XposedBridge$AdditionalHookInfo.callback(Unknown Source:110)

08-06 14:41:36.943  5783  6821 I LSPosed-Bridge: 	at LSPHooker_.getRunningAppProcesses(Unknown Source:8)

08-06 14:41:36.943  5783  6821 I LSPosed-Bridge: 	at com.tencent.klevin.utils.e.c(SourceFile:104)

08-06 14:41:36.943  5783  6821 I LSPosed-Bridge: 	at com.tencent.klevin.base.c.c$1.handleMessage(SourceFile:184)

08-06 14:41:36.943  5783  6821 I LSPosed-Bridge: 	at android.os.Handler.dispatchMessage(Handler.java:106)

08-06 14:41:36.943  5783  6821 I LSPosed-Bridge: 	at android.os.Looper.loop(Looper.java:193)

08-06 14:41:36.943  5783  6821 I LSPosed-Bridge: 	at android.os.HandlerThread.run(HandlerThread.java:65)

08-06 14:41:36.943  5783  6821 I LSPosed-Bridge: 5783 PermLabel getRunningAppProcesses =android.app.ActivityManager$RunningAppProcessInfo@5cbc4d8

08-06 14:41:36.943  5783  6821 I LSPosed-Bridge: 5783 PermLabel getRunningAppProcesses processName: com.myzaker.ZAKER_Phone pid: 5783

08-06 14:41:36.943  5783  6821 I LSPosed-Bridge: 5783 PermLabel getRunningAppProcesses importance: 100 pid: 5783

08-06 14:41:36.943  5783  6821 I LSPosed-Bridge: 5783 PermLabel getRunningAppProcesses packageName com.myzaker.ZAKER_Phone at index 0 in process 5783

08-06 14:41:36.943  5783  6821 I LSPosed-Bridge: 5783 PermLabel getRunningAppProcesses =android.app.ActivityManager$RunningAppProcessInfo@4ccd031

08-06 14:41:36.943  5783  6821 I LSPosed-Bridge: 5783 PermLabel getRunningAppProcesses processName: com.myzaker.ZAKER_Phone:v1 pid: 6886

08-06 14:41:36.943  5783  6821 I LSPosed-Bridge: 5783 PermLabel getRunningAppProcesses importance: 125 pid: 6886

08-06 14:41:36.943  5783  6821 I LSPosed-Bridge: 5783 PermLabel getRunningAppProcesses packageName com.myzaker.ZAKER_Phone at index 0 in process 6886

08-06 14:41:36.943  5783  6821 I LSPosed-Bridge: 5783 PermLabel permName: android.permission.READ_PHONE_STATE; getRunningAppProcesses =[android.app.ActivityManager$RunningAppProcessInfo@5cbc4d8, android.app.ActivityManager$RunningAppProcessInfo@4ccd031]; stacktrace=java.lang.Exception

08-06 14:41:36.943  5783  6821 I LSPosed-Bridge: 	at com.example.permlabel.hookBinder_test$2.afterHookedMethod(hookBinder_test.java:107)

08-06 14:41:36.943  5783  6821 I LSPosed-Bridge: 	at de.robv.android.xposed.XposedBridge$AdditionalHookInfo.callback(Unknown Source:147)

08-06 14:41:36.943  5783  6821 I LSPosed-Bridge: 	at LSPHooker_.getRunningAppProcesses(Unknown Source:8)

08-06 14:41:36.943  5783  6821 I LSPosed-Bridge: 	at com.tencent.klevin.utils.e.c(SourceFile:104)

08-06 14:41:36.943  5783  6821 I LSPosed-Bridge: 	at com.tencent.klevin.base.c.c$1.handleMessage(SourceFile:184)

08-06 14:41:36.943  5783  6821 I LSPosed-Bridge: 	at android.os.Handler.dispatchMessage(Handler.java:106)

08-06 14:41:36.943  5783  6821 I LSPosed-Bridge: 	at android.os.Looper.loop(Looper.java:193)

08-06 14:41:36.943  5783  6821 I LSPosed-Bridge: 	at android.os.HandlerThread.run(HandlerThread.java:65)

08-06 14:41:37.179  5783  6842 I LSPosed-Bridge: 5783 PermLabel permName: android.permission.READ_PHONE_STATE; getRunningAppProcesses =[android.app.ActivityManager$RunningAppProcessInfo@3dc3668, android.app.ActivityManager$RunningAppProcessInfo@9c70a81]; stacktrace=java.lang.Exception

08-06 14:41:37.179  5783  6842 I LSPosed-Bridge: 	at com.example.permlabel.hookBinder_test$2.afterHookedMethod(hookBinder_test.java:107)

08-06 14:41:37.179  5783  6842 I LSPosed-Bridge: 	at de.robv.android.xposed.XposedBridge$AdditionalHookInfo.callback(Unknown Source:147)

08-06 14:41:37.179  5783  6842 I LSPosed-Bridge: 	at LSPHooker_.getRunningAppProcesses(Unknown Source:8)

08-06 14:41:37.179  5783  6842 I LSPosed-Bridge: 	at com.tencent.klevin.utils.e.c(SourceFile:104)

08-06 14:41:37.179  5783  6842 I LSPosed-Bridge: 	at com.tencent.klevin.base.c.c.j(SourceFile:381)

08-06 14:41:37.179  5783  6842 I LSPosed-Bridge: 	at com.tencent.klevin.base.c.c.g(SourceFile:323)

08-06 14:41:37.179  5783  6842 I LSPosed-Bridge: 	at com.tencent.klevin.base.c.c.d(SourceFile:47)

08-06 14:41:37.179  5783  6842 I LSPosed-Bridge: 	at com.tencent.klevin.base.c.c$2.a(SourceFile:303)

08-06 14:41:37.179  5783  6842 I LSPosed-Bridge: 	at com.tencent.klevin.base.c.a$1.onResponse(SourceFile:79)

08-06 14:41:37.179  5783  6842 I LSPosed-Bridge: 	at com.tencent.klevin.base.f.y$a.d(SourceFile:202)

08-06 14:41:37.179  5783  6842 I LSPosed-Bridge: 	at com.tencent.klevin.base.f.a.b.run(SourceFile:32)

08-06 14:41:37.179  5783  6842 I LSPosed-Bridge: 	at java.util.concurrent.ThreadPoolExecutor.runWorker(ThreadPoolExecutor.java:1167)

08-06 14:41:37.179  5783  6842 I LSPosed-Bridge: 	at java.util.concurrent.ThreadPoolExecutor$Worker.run(ThreadPoolExecutor.java:641)

08-06 14:41:37.179  5783  6842 I LSPosed-Bridge: 	at java.lang.Thread.run(Thread.java:764)

08-06 14:41:42.186  5783  6821 I LSPosed-Bridge: 5783 PermLabel hookBinder_test 10126 interfaceBinder =android.app.IActivityManager; arg0 = 81; arg1 = android.os.Parcel@f3d06f4; arg2 = android.os.Parcel@49ddf19; arg3 = 0; res = true; stacktrace=java.lang.Exception

08-06 14:41:42.186  5783  6821 I LSPosed-Bridge: 	at com.example.permlabel.hookBinder_test$1.afterHookedMethod(hookBinder_test.java:67)

08-06 14:41:42.186  5783  6821 I LSPosed-Bridge: 	at de.robv.android.xposed.XposedBridge$AdditionalHookInfo.callback(Unknown Source:147)

08-06 14:41:42.186  5783  6821 I LSPosed-Bridge: 	at LSPHooker_.transact(Unknown Source:28)

08-06 14:41:42.186  5783  6821 I LSPosed-Bridge: 	at android.app.IActivityManager$Stub$Proxy.getRunningAppProcesses(IActivityManager.java:5366)

08-06 14:41:42.186  5783  6821 I LSPosed-Bridge: 	at android.app.ActivityManager.getRunningAppProcesses(ActivityManager.java:3435)

08-06 14:41:42.186  5783  6821 I LSPosed-Bridge: 	at java.lang.reflect.Method.invoke(Native Method)

08-06 14:41:42.186  5783  6821 I LSPosed-Bridge: 	at org.lsposed.lspd.nativebridge.HookBridge.invokeOriginalMethod(Native Method)

08-06 14:41:42.186  5783  6821 I LSPosed-Bridge: 	at de.robv.android.xposed.XposedBridge$AdditionalHookInfo.callback(Unknown Source:110)

08-06 14:41:42.186  5783  6821 I LSPosed-Bridge: 	at LSPHooker_.getRunningAppProcesses(Unknown Source:8)

08-06 14:41:42.186  5783  6821 I LSPosed-Bridge: 	at com.tencent.klevin.utils.e.c(SourceFile:104)

08-06 14:41:42.186  5783  6821 I LSPosed-Bridge: 	at com.tencent.klevin.base.c.c$1.handleMessage(SourceFile:184)

08-06 14:41:42.186  5783  6821 I LSPosed-Bridge: 	at android.os.Handler.dispatchMessage(Handler.java:106)

08-06 14:41:42.186  5783  6821 I LSPosed-Bridge: 	at android.os.Looper.loop(Looper.java:193)

08-06 14:41:42.186  5783  6821 I LSPosed-Bridge: 	at android.os.HandlerThread.run(HandlerThread.java:65)

08-06 14:41:42.186  5783  6821 I LSPosed-Bridge: 5783 PermLabel getRunningAppProcesses =android.app.ActivityManager$RunningAppProcessInfo@9936b3e

08-06 14:41:42.186  5783  6821 I LSPosed-Bridge: 5783 PermLabel getRunningAppProcesses processName: com.myzaker.ZAKER_Phone pid: 5783

08-06 14:41:42.186  5783  6821 I LSPosed-Bridge: 5783 PermLabel getRunningAppProcesses importance: 100 pid: 5783

08-06 14:41:42.186  5783  6821 I LSPosed-Bridge: 5783 PermLabel getRunningAppProcesses packageName com.myzaker.ZAKER_Phone at index 0 in process 5783

08-06 14:41:42.186  5783  6821 I LSPosed-Bridge: 5783 PermLabel getRunningAppProcesses =android.app.ActivityManager$RunningAppProcessInfo@e65bd9f

08-06 14:41:42.186  5783  6821 I LSPosed-Bridge: 5783 PermLabel getRunningAppProcesses processName: com.myzaker.ZAKER_Phone:v1 pid: 6886

08-06 14:41:42.186  5783  6821 I LSPosed-Bridge: 5783 PermLabel getRunningAppProcesses importance: 125 pid: 6886

08-06 14:41:42.186  5783  6821 I LSPosed-Bridge: 5783 PermLabel getRunningAppProcesses packageName com.myzaker.ZAKER_Phone at index 0 in process 6886

08-06 14:41:42.186  5783  6821 I LSPosed-Bridge: 5783 PermLabel permName: android.permission.READ_PHONE_STATE; getRunningAppProcesses =[android.app.ActivityManager$RunningAppProcessInfo@9936b3e, android.app.ActivityManager$RunningAppProcessInfo@e65bd9f]; stacktrace=java.lang.Exception

08-06 14:41:42.186  5783  6821 I LSPosed-Bridge: 	at com.example.permlabel.hookBinder_test$2.afterHookedMethod(hookBinder_test.java:107)

08-06 14:41:42.186  5783  6821 I LSPosed-Bridge: 	at de.robv.android.xposed.XposedBridge$AdditionalHookInfo.callback(Unknown Source:147)

08-06 14:41:42.186  5783  6821 I LSPosed-Bridge: 	at LSPHooker_.getRunningAppProcesses(Unknown Source:8)

08-06 14:41:42.186  5783  6821 I LSPosed-Bridge: 	at com.tencent.klevin.utils.e.c(SourceFile:104)

08-06 14:41:42.186  5783  6821 I LSPosed-Bridge: 	at com.tencent.klevin.base.c.c$1.handleMessage(SourceFile:184)

08-06 14:41:42.186  5783  6821 I LSPosed-Bridge: 	at android.os.Handler.dispatchMessage(Handler.java:106)

08-06 14:41:42.186  5783  6821 I LSPosed-Bridge: 	at android.os.Looper.loop(Looper.java:193)

08-06 14:41:42.186  5783  6821 I LSPosed-Bridge: 	at android.os.HandlerThread.run(HandlerThread.java:65)

08-06 14:41:42.517  5783  6842 I LSPosed-Bridge: 5783 PermLabel getRunningAppProcesses =android.app.ActivityManager$RunningAppProcessInfo@6baa2bd

08-06 14:41:42.517  5783  6842 I LSPosed-Bridge: 5783 PermLabel getRunningAppProcesses processName: com.myzaker.ZAKER_Phone pid: 5783

08-06 14:41:42.517  5783  6842 I LSPosed-Bridge: 5783 PermLabel getRunningAppProcesses importance: 100 pid: 5783

08-06 14:41:42.517  5783  6842 I LSPosed-Bridge: 5783 PermLabel getRunningAppProcesses packageName com.myzaker.ZAKER_Phone at index 0 in process 5783

08-06 14:41:42.517  5783  6842 I LSPosed-Bridge: 5783 PermLabel getRunningAppProcesses =android.app.ActivityManager$RunningAppProcessInfo@63b10b2

08-06 14:41:42.517  5783  6842 I LSPosed-Bridge: 5783 PermLabel getRunningAppProcesses processName: com.myzaker.ZAKER_Phone:v1 pid: 6886

08-06 14:41:42.517  5783  6842 I LSPosed-Bridge: 5783 PermLabel getRunningAppProcesses importance: 125 pid: 6886

08-06 14:41:42.517  5783  6842 I LSPosed-Bridge: 5783 PermLabel getRunningAppProcesses packageName com.myzaker.ZAKER_Phone at index 0 in process 6886

08-06 14:41:42.517  5783  6842 I LSPosed-Bridge: 5783 PermLabel permName: android.permission.READ_PHONE_STATE; getRunningAppProcesses =[android.app.ActivityManager$RunningAppProcessInfo@6baa2bd, android.app.ActivityManager$RunningAppProcessInfo@63b10b2]; stacktrace=java.lang.Exception

08-06 14:41:42.517  5783  6842 I LSPosed-Bridge: 	at com.example.permlabel.hookBinder_test$2.afterHookedMethod(hookBinder_test.java:107)

08-06 14:41:42.517  5783  6842 I LSPosed-Bridge: 	at de.robv.android.xposed.XposedBridge$AdditionalHookInfo.callback(Unknown Source:147)

08-06 14:41:42.517  5783  6842 I LSPosed-Bridge: 	at LSPHooker_.getRunningAppProcesses(Unknown Source:8)

08-06 14:41:42.517  5783  6842 I LSPosed-Bridge: 	at com.tencent.klevin.utils.e.c(SourceFile:104)

08-06 14:41:42.517  5783  6842 I LSPosed-Bridge: 	at com.tencent.klevin.base.c.c.j(SourceFile:381)

08-06 14:41:42.517  5783  6842 I LSPosed-Bridge: 	at com.tencent.klevin.base.c.c.g(SourceFile:323)

08-06 14:41:42.517  5783  6842 I LSPosed-Bridge: 	at com.tencent.klevin.base.c.c.d(SourceFile:47)

08-06 14:41:42.517  5783  6842 I LSPosed-Bridge: 	at com.tencent.klevin.base.c.c$2.a(SourceFile:303)

08-06 14:41:42.517  5783  6842 I LSPosed-Bridge: 	at com.tencent.klevin.base.c.a$1.onResponse(SourceFile:79)

08-06 14:41:42.517  5783  6842 I LSPosed-Bridge: 	at com.tencent.klevin.base.f.y$a.d(SourceFile:202)

08-06 14:41:42.517  5783  6842 I LSPosed-Bridge: 	at com.tencent.klevin.base.f.a.b.run(SourceFile:32)

08-06 14:41:42.517  5783  6842 I LSPosed-Bridge: 	at java.util.concurrent.ThreadPoolExecutor.runWorker(ThreadPoolExecutor.java:1167)

08-06 14:41:42.517  5783  6842 I LSPosed-Bridge: 	at java.util.concurrent.ThreadPoolExecutor$Worker.run(ThreadPoolExecutor.java:641)

08-06 14:41:42.517  5783  6842 I LSPosed-Bridge: 	at java.lang.Thread.run(Thread.java:764)

08-06 14:41:47.525  5783  6821 I LSPosed-Bridge: 5783 PermLabel getRunningAppProcesses =android.app.ActivityManager$RunningAppProcessInfo@67a04f9

08-06 14:41:47.525  5783  6821 I LSPosed-Bridge: 5783 PermLabel getRunningAppProcesses processName: com.myzaker.ZAKER_Phone pid: 5783

08-06 14:41:47.525  5783  6821 I LSPosed-Bridge: 5783 PermLabel getRunningAppProcesses importance: 100 pid: 5783

08-06 14:41:47.525  5783  6821 I LSPosed-Bridge: 5783 PermLabel getRunningAppProcesses packageName com.myzaker.ZAKER_Phone at index 0 in process 5783

08-06 14:41:47.525  5783  6821 I LSPosed-Bridge: 5783 PermLabel getRunningAppProcesses =android.app.ActivityManager$RunningAppProcessInfo@10e2c3e

08-06 14:41:47.525  5783  6821 I LSPosed-Bridge: 5783 PermLabel getRunningAppProcesses processName: com.myzaker.ZAKER_Phone:v1 pid: 6886

08-06 14:41:47.525  5783  6821 I LSPosed-Bridge: 5783 PermLabel getRunningAppProcesses importance: 125 pid: 6886

08-06 14:41:47.525  5783  6821 I LSPosed-Bridge: 5783 PermLabel getRunningAppProcesses packageName com.myzaker.ZAKER_Phone at index 0 in process 6886

08-06 14:41:47.525  5783  6821 I LSPosed-Bridge: 5783 PermLabel permName: android.permission.READ_PHONE_STATE; getRunningAppProcesses =[android.app.ActivityManager$RunningAppProcessInfo@67a04f9, android.app.ActivityManager$RunningAppProcessInfo@10e2c3e]; stacktrace=java.lang.Exception

08-06 14:41:47.525  5783  6821 I LSPosed-Bridge: 	at com.example.permlabel.hookBinder_test$2.afterHookedMethod(hookBinder_test.java:107)

08-06 14:41:47.525  5783  6821 I LSPosed-Bridge: 	at de.robv.android.xposed.XposedBridge$AdditionalHookInfo.callback(Unknown Source:147)

08-06 14:41:47.525  5783  6821 I LSPosed-Bridge: 	at LSPHooker_.getRunningAppProcesses(Unknown Source:8)

08-06 14:41:47.525  5783  6821 I LSPosed-Bridge: 	at com.tencent.klevin.utils.e.c(SourceFile:104)

08-06 14:41:47.525  5783  6821 I LSPosed-Bridge: 	at com.tencent.klevin.base.c.c$1.handleMessage(SourceFile:184)

08-06 14:41:47.525  5783  6821 I LSPosed-Bridge: 	at android.os.Handler.dispatchMessage(Handler.java:106)

08-06 14:41:47.525  5783  6821 I LSPosed-Bridge: 	at android.os.Looper.loop(Looper.java:193)

08-06 14:41:47.525  5783  6821 I LSPosed-Bridge: 	at android.os.HandlerThread.run(HandlerThread.java:65)

08-06 14:41:47.733  5783  6842 I LSPosed-Bridge: 5783 PermLabel getRunningAppProcesses =android.app.ActivityManager$RunningAppProcessInfo@354c511

08-06 14:41:47.733  5783  6842 I LSPosed-Bridge: 5783 PermLabel getRunningAppProcesses processName: com.myzaker.ZAKER_Phone pid: 5783

08-06 14:41:47.733  5783  6842 I LSPosed-Bridge: 5783 PermLabel getRunningAppProcesses importance: 100 pid: 5783

08-06 14:41:47.733  5783  6842 I LSPosed-Bridge: 5783 PermLabel getRunningAppProcesses packageName com.myzaker.ZAKER_Phone at index 0 in process 5783

08-06 14:41:47.733  5783  6842 I LSPosed-Bridge: 5783 PermLabel getRunningAppProcesses =android.app.ActivityManager$RunningAppProcessInfo@b494676

08-06 14:41:47.733  5783  6842 I LSPosed-Bridge: 5783 PermLabel getRunningAppProcesses processName: com.myzaker.ZAKER_Phone:v1 pid: 6886

08-06 14:41:47.733  5783  6842 I LSPosed-Bridge: 5783 PermLabel getRunningAppProcesses importance: 125 pid: 6886

08-06 14:41:47.733  5783  6842 I LSPosed-Bridge: 5783 PermLabel getRunningAppProcesses packageName com.myzaker.ZAKER_Phone at index 0 in process 6886

08-06 14:41:47.733  5783  6842 I LSPosed-Bridge: 5783 PermLabel permName: android.permission.READ_PHONE_STATE; getRunningAppProcesses =[android.app.ActivityManager$RunningAppProcessInfo@354c511, android.app.ActivityManager$RunningAppProcessInfo@b494676]; stacktrace=java.lang.Exception

08-06 14:41:47.733  5783  6842 I LSPosed-Bridge: 	at com.example.permlabel.hookBinder_test$2.afterHookedMethod(hookBinder_test.java:107)

08-06 14:41:47.733  5783  6842 I LSPosed-Bridge: 	at de.robv.android.xposed.XposedBridge$AdditionalHookInfo.callback(Unknown Source:147)

08-06 14:41:47.733  5783  6842 I LSPosed-Bridge: 	at LSPHooker_.getRunningAppProcesses(Unknown Source:8)

08-06 14:41:47.733  5783  6842 I LSPosed-Bridge: 	at com.tencent.klevin.utils.e.c(SourceFile:104)

08-06 14:41:47.733  5783  6842 I LSPosed-Bridge: 	at com.tencent.klevin.base.c.c.j(SourceFile:381)

08-06 14:41:47.733  5783  6842 I LSPosed-Bridge: 	at com.tencent.klevin.base.c.c.g(SourceFile:323)

08-06 14:41:47.733  5783  6842 I LSPosed-Bridge: 	at com.tencent.klevin.base.c.c.d(SourceFile:47)

08-06 14:41:47.733  5783  6842 I LSPosed-Bridge: 	at com.tencent.klevin.base.c.c$2.a(SourceFile:303)

08-06 14:41:47.733  5783  6842 I LSPosed-Bridge: 	at com.tencent.klevin.base.c.a$1.onResponse(SourceFile:79)

08-06 14:41:47.733  5783  6842 I LSPosed-Bridge: 	at com.tencent.klevin.base.f.y$a.d(SourceFile:202)

08-06 14:41:47.733  5783  6842 I LSPosed-Bridge: 	at com.tencent.klevin.base.f.a.b.run(SourceFile:32)

08-06 14:41:47.733  5783  6842 I LSPosed-Bridge: 	at java.util.concurrent.ThreadPoolExecutor.runWorker(ThreadPoolExecutor.java:1167)

08-06 14:41:47.733  5783  6842 I LSPosed-Bridge: 	at java.util.concurrent.ThreadPoolExecutor$Worker.run(ThreadPoolExecutor.java:641)

08-06 14:41:47.733  5783  6842 I LSPosed-Bridge: 	at java.lang.Thread.run(Thread.java:764)

08-06 14:41:52.740  5783  6821 I LSPosed-Bridge: 5783 PermLabel hookBinder_test 10126 interfaceBinder =android.app.IActivityManager; arg0 = 81; arg1 = android.os.Parcel@f3d06f4; arg2 = android.os.Parcel@afa9adb; arg3 = 0; res = true; stacktrace=java.lang.Exception

08-06 14:41:52.740  5783  6821 I LSPosed-Bridge: 	at com.example.permlabel.hookBinder_test$1.afterHookedMethod(hookBinder_test.java:67)

08-06 14:41:52.740  5783  6821 I LSPosed-Bridge: 	at de.robv.android.xposed.XposedBridge$AdditionalHookInfo.callback(Unknown Source:147)

08-06 14:41:52.740  5783  6821 I LSPosed-Bridge: 	at LSPHooker_.transact(Unknown Source:28)

08-06 14:41:52.740  5783  6821 I LSPosed-Bridge: 	at android.app.IActivityManager$Stub$Proxy.getRunningAppProcesses(IActivityManager.java:5366)

08-06 14:41:52.740  5783  6821 I LSPosed-Bridge: 	at android.app.ActivityManager.getRunningAppProcesses(ActivityManager.java:3435)

08-06 14:41:52.740  5783  6821 I LSPosed-Bridge: 	at java.lang.reflect.Method.invoke(Native Method)

08-06 14:41:52.740  5783  6821 I LSPosed-Bridge: 	at org.lsposed.lspd.nativebridge.HookBridge.invokeOriginalMethod(Native Method)

08-06 14:41:52.740  5783  6821 I LSPosed-Bridge: 	at de.robv.android.xposed.XposedBridge$AdditionalHookInfo.callback(Unknown Source:110)

08-06 14:41:52.740  5783  6821 I LSPosed-Bridge: 	at LSPHooker_.getRunningAppProcesses(Unknown Source:8)

08-06 14:41:52.740  5783  6821 I LSPosed-Bridge: 	at com.tencent.klevin.utils.e.c(SourceFile:104)

08-06 14:41:52.740  5783  6821 I LSPosed-Bridge: 	at com.tencent.klevin.base.c.c$1.handleMessage(SourceFile:184)

08-06 14:41:52.740  5783  6821 I LSPosed-Bridge: 	at android.os.Handler.dispatchMessage(Handler.java:106)

08-06 14:41:52.740  5783  6821 I LSPosed-Bridge: 	at android.os.Looper.loop(Looper.java:193)

08-06 14:41:52.740  5783  6821 I LSPosed-Bridge: 	at android.os.HandlerThread.run(HandlerThread.java:65)

08-06 14:41:52.740  5783  6821 I LSPosed-Bridge: 5783 PermLabel getRunningAppProcesses =android.app.ActivityManager$RunningAppProcessInfo@ecf0ea9

08-06 14:41:52.740  5783  6821 I LSPosed-Bridge: 5783 PermLabel getRunningAppProcesses processName: com.myzaker.ZAKER_Phone pid: 5783

08-06 14:41:52.740  5783  6821 I LSPosed-Bridge: 5783 PermLabel getRunningAppProcesses importance: 100 pid: 5783

08-06 14:41:52.740  5783  6821 I LSPosed-Bridge: 5783 PermLabel getRunningAppProcesses packageName com.myzaker.ZAKER_Phone at index 0 in process 5783

08-06 14:41:52.740  5783  6821 I LSPosed-Bridge: 5783 PermLabel getRunningAppProcesses =android.app.ActivityManager$RunningAppProcessInfo@456ec2e

08-06 14:41:52.740  5783  6821 I LSPosed-Bridge: 5783 PermLabel getRunningAppProcesses processName: com.myzaker.ZAKER_Phone:v1 pid: 6886

08-06 14:41:52.740  5783  6821 I LSPosed-Bridge: 5783 PermLabel getRunningAppProcesses importance: 125 pid: 6886

08-06 14:41:52.740  5783  6821 I LSPosed-Bridge: 5783 PermLabel getRunningAppProcesses packageName com.myzaker.ZAKER_Phone at index 0 in process 6886

08-06 14:41:52.740  5783  6821 I LSPosed-Bridge: 5783 PermLabel permName: android.permission.READ_PHONE_STATE; getRunningAppProcesses =[android.app.ActivityManager$RunningAppProcessInfo@ecf0ea9, android.app.ActivityManager$RunningAppProcessInfo@456ec2e]; stacktrace=java.lang.Exception

08-06 14:41:52.740  5783  6821 I LSPosed-Bridge: 	at com.example.permlabel.hookBinder_test$2.afterHookedMethod(hookBinder_test.java:107)

08-06 14:41:52.740  5783  6821 I LSPosed-Bridge: 	at de.robv.android.xposed.XposedBridge$AdditionalHookInfo.callback(Unknown Source:147)

08-06 14:41:52.740  5783  6821 I LSPosed-Bridge: 	at LSPHooker_.getRunningAppProcesses(Unknown Source:8)

08-06 14:41:52.740  5783  6821 I LSPosed-Bridge: 	at com.tencent.klevin.utils.e.c(SourceFile:104)

08-06 14:41:52.740  5783  6821 I LSPosed-Bridge: 	at com.tencent.klevin.base.c.c$1.handleMessage(SourceFile:184)

08-06 14:41:52.740  5783  6821 I LSPosed-Bridge: 	at android.os.Handler.dispatchMessage(Handler.java:106)

08-06 14:41:52.740  5783  6821 I LSPosed-Bridge: 	at android.os.Looper.loop(Looper.java:193)

08-06 14:41:52.740  5783  6821 I LSPosed-Bridge: 	at android.os.HandlerThread.run(HandlerThread.java:65)

08-06 14:41:52.905  5783  6842 I LSPosed-Bridge: 5783 PermLabel getRunningAppProcesses packageName com.myzaker.ZAKER_Phone at index 0 in process 6886

08-06 14:41:52.905  5783  6842 I LSPosed-Bridge: 5783 PermLabel permName: android.permission.READ_PHONE_STATE; getRunningAppProcesses =[android.app.ActivityManager$RunningAppProcessInfo@9ecbcde, android.app.ActivityManager$RunningAppProcessInfo@d0c3ebf]; stacktrace=java.lang.Exception

08-06 14:41:52.905  5783  6842 I LSPosed-Bridge: 	at com.example.permlabel.hookBinder_test$2.afterHookedMethod(hookBinder_test.java:107)

08-06 14:41:52.905  5783  6842 I LSPosed-Bridge: 	at de.robv.android.xposed.XposedBridge$AdditionalHookInfo.callback(Unknown Source:147)

08-06 14:41:52.905  5783  6842 I LSPosed-Bridge: 	at LSPHooker_.getRunningAppProcesses(Unknown Source:8)

08-06 14:41:52.905  5783  6842 I LSPosed-Bridge: 	at com.tencent.klevin.utils.e.c(SourceFile:104)

08-06 14:41:52.905  5783  6842 I LSPosed-Bridge: 	at com.tencent.klevin.base.c.c.j(SourceFile:381)

08-06 14:41:52.905  5783  6842 I LSPosed-Bridge: 	at com.tencent.klevin.base.c.c.g(SourceFile:323)

08-06 14:41:52.905  5783  6842 I LSPosed-Bridge: 	at com.tencent.klevin.base.c.c.d(SourceFile:47)

08-06 14:41:52.905  5783  6842 I LSPosed-Bridge: 	at com.tencent.klevin.base.c.c$2.a(SourceFile:303)

08-06 14:41:52.905  5783  6842 I LSPosed-Bridge: 	at com.tencent.klevin.base.c.a$1.onResponse(SourceFile:79)

08-06 14:41:52.905  5783  6842 I LSPosed-Bridge: 	at com.tencent.klevin.base.f.y$a.d(SourceFile:202)

08-06 14:41:52.905  5783  6842 I LSPosed-Bridge: 	at com.tencent.klevin.base.f.a.b.run(SourceFile:32)

08-06 14:41:52.905  5783  6842 I LSPosed-Bridge: 	at java.util.concurrent.ThreadPoolExecutor.runWorker(ThreadPoolExecutor.java:1167)

