08-06 14:43:06.446  5783  6821 I LSPosed-Bridge: 	at android.os.HandlerThread.run(HandlerThread.java:65)

08-06 14:43:06.702  5783  6842 I LSPosed-Bridge: 5783 PermLabel getRunningAppProcesses =android.app.ActivityManager$RunningAppProcessInfo@7103d6c

08-06 14:43:06.702  5783  6842 I LSPosed-Bridge: 5783 PermLabel getRunningAppProcesses processName: com.myzaker.ZAKER_Phone pid: 5783

08-06 14:43:06.702  5783  6842 I LSPosed-Bridge: 5783 PermLabel getRunningAppProcesses importance: 100 pid: 5783

08-06 14:43:06.702  5783  6842 I LSPosed-Bridge: 5783 PermLabel getRunningAppProcesses packageName com.myzaker.ZAKER_Phone at index 0 in process 5783

08-06 14:43:06.702  5783  6842 I LSPosed-Bridge: 5783 PermLabel getRunningAppProcesses =android.app.ActivityManager$RunningAppProcessInfo@2293f35

08-06 14:43:06.702  5783  6842 I LSPosed-Bridge: 5783 PermLabel getRunningAppProcesses processName: com.myzaker.ZAKER_Phone:v1 pid: 6886

08-06 14:43:06.702  5783  6842 I LSPosed-Bridge: 5783 PermLabel getRunningAppProcesses importance: 125 pid: 6886

08-06 14:43:06.702  5783  6842 I LSPosed-Bridge: 5783 PermLabel getRunningAppProcesses packageName com.myzaker.ZAKER_Phone at index 0 in process 6886

08-06 14:43:06.702  5783  6842 I LSPosed-Bridge: 5783 PermLabel permName: android.permission.READ_PHONE_STATE; getRunningAppProcesses =[android.app.ActivityManager$RunningAppProcessInfo@7103d6c, android.app.ActivityManager$RunningAppProcessInfo@2293f35]; stacktrace=java.lang.Exception

08-06 14:43:06.702  5783  6842 I LSPosed-Bridge: 	at com.example.permlabel.hookBinder_test$2.afterHookedMethod(hookBinder_test.java:107)

08-06 14:43:06.702  5783  6842 I LSPosed-Bridge: 	at de.robv.android.xposed.XposedBridge$AdditionalHookInfo.callback(Unknown Source:147)

08-06 14:43:06.702  5783  6842 I LSPosed-Bridge: 	at LSPHooker_.getRunningAppProcesses(Unknown Source:8)

08-06 14:43:06.702  5783  6842 I LSPosed-Bridge: 	at com.tencent.klevin.utils.e.c(SourceFile:104)

08-06 14:43:06.702  5783  6842 I LSPosed-Bridge: 	at com.tencent.klevin.base.c.c.j(SourceFile:381)

08-06 14:43:06.702  5783  6842 I LSPosed-Bridge: 	at com.tencent.klevin.base.c.c.g(SourceFile:323)

08-06 14:43:06.702  5783  6842 I LSPosed-Bridge: 	at com.tencent.klevin.base.c.c.d(SourceFile:47)

08-06 14:43:06.702  5783  6842 I LSPosed-Bridge: 	at com.tencent.klevin.base.c.c$2.a(SourceFile:303)

08-06 14:43:06.702  5783  6842 I LSPosed-Bridge: 	at com.tencent.klevin.base.c.a$1.onResponse(SourceFile:79)

08-06 14:43:06.702  5783  6842 I LSPosed-Bridge: 	at com.tencent.klevin.base.f.y$a.d(SourceFile:202)

08-06 14:43:06.702  5783  6842 I LSPosed-Bridge: 	at com.tencent.klevin.base.f.a.b.run(SourceFile:32)

08-06 14:43:06.702  5783  6842 I LSPosed-Bridge: 	at java.util.concurrent.ThreadPoolExecutor.runWorker(ThreadPoolExecutor.java:1167)

08-06 14:43:06.702  5783  6842 I LSPosed-Bridge: 	at java.util.concurrent.ThreadPoolExecutor$Worker.run(ThreadPoolExecutor.java:641)

08-06 14:43:06.702  5783  6842 I LSPosed-Bridge: 	at java.lang.Thread.run(Thread.java:764)

08-06 14:43:11.713  5783  6821 I LSPosed-Bridge: 5783 PermLabel permName: android.permission.READ_PHONE_STATE; getRunningAppProcesses =[android.app.ActivityManager$RunningAppProcessInfo@839608, android.app.ActivityManager$RunningAppProcessInfo@1ed81a1]; stacktrace=java.lang.Exception

08-06 14:43:11.713  5783  6821 I LSPosed-Bridge: 	at com.example.permlabel.hookBinder_test$2.afterHookedMethod(hookBinder_test.java:107)

08-06 14:43:11.713  5783  6821 I LSPosed-Bridge: 	at de.robv.android.xposed.XposedBridge$AdditionalHookInfo.callback(Unknown Source:147)

08-06 14:43:11.713  5783  6821 I LSPosed-Bridge: 	at LSPHooker_.getRunningAppProcesses(Unknown Source:8)

08-06 14:43:11.713  5783  6821 I LSPosed-Bridge: 	at com.tencent.klevin.utils.e.c(SourceFile:104)

08-06 14:43:11.713  5783  6821 I LSPosed-Bridge: 	at com.tencent.klevin.base.c.c$1.handleMessage(SourceFile:184)

08-06 14:43:11.713  5783  6821 I LSPosed-Bridge: 	at android.os.Handler.dispatchMessage(Handler.java:106)

08-06 14:43:11.713  5783  6821 I LSPosed-Bridge: 	at android.os.Looper.loop(Looper.java:193)

08-06 14:43:11.713  5783  6821 I LSPosed-Bridge: 	at android.os.HandlerThread.run(HandlerThread.java:65)

08-06 14:43:11.903  5783  6842 I LSPosed-Bridge: 5783 PermLabel hookBinder_test 10126 interfaceBinder =android.app.IActivityManager; arg0 = 81; arg1 = android.os.Parcel@844d978; arg2 = android.os.Parcel@f3d06f4; arg3 = 0; res = true; stacktrace=java.lang.Exception

08-06 14:43:11.903  5783  6842 I LSPosed-Bridge: 	at com.example.permlabel.hookBinder_test$1.afterHookedMethod(hookBinder_test.java:67)

08-06 14:43:11.903  5783  6842 I LSPosed-Bridge: 	at de.robv.android.xposed.XposedBridge$AdditionalHookInfo.callback(Unknown Source:147)

08-06 14:43:11.903  5783  6842 I LSPosed-Bridge: 	at LSPHooker_.transact(Unknown Source:28)

08-06 14:43:11.903  5783  6842 I LSPosed-Bridge: 	at android.app.IActivityManager$Stub$Proxy.getRunningAppProcesses(IActivityManager.java:5366)

08-06 14:43:11.903  5783  6842 I LSPosed-Bridge: 	at android.app.ActivityManager.getRunningAppProcesses(ActivityManager.java:3435)

08-06 14:43:11.903  5783  6842 I LSPosed-Bridge: 	at java.lang.reflect.Method.invoke(Native Method)

08-06 14:43:11.903  5783  6842 I LSPosed-Bridge: 	at org.lsposed.lspd.nativebridge.HookBridge.invokeOriginalMethod(Native Method)

08-06 14:43:11.903  5783  6842 I LSPosed-Bridge: 	at de.robv.android.xposed.XposedBridge$AdditionalHookInfo.callback(Unknown Source:110)

08-06 14:43:11.903  5783  6842 I LSPosed-Bridge: 	at LSPHooker_.getRunningAppProcesses(Unknown Source:8)

08-06 14:43:11.903  5783  6842 I LSPosed-Bridge: 	at com.tencent.klevin.utils.e.c(SourceFile:104)

08-06 14:43:11.903  5783  6842 I LSPosed-Bridge: 	at com.tencent.klevin.base.c.c.j(SourceFile:381)

08-06 14:43:11.903  5783  6842 I LSPosed-Bridge: 	at com.tencent.klevin.base.c.c.g(SourceFile:323)

08-06 14:43:11.903  5783  6842 I LSPosed-Bridge: 	at com.tencent.klevin.base.c.c.d(SourceFile:47)

08-06 14:43:11.903  5783  6842 I LSPosed-Bridge: 	at com.tencent.klevin.base.c.c$2.a(SourceFile:303)

08-06 14:43:11.903  5783  6842 I LSPosed-Bridge: 	at com.tencent.klevin.base.c.a$1.onResponse(SourceFile:79)

08-06 14:43:11.903  5783  6842 I LSPosed-Bridge: 	at com.tencent.klevin.base.f.y$a.d(SourceFile:202)

08-06 14:43:11.903  5783  6842 I LSPosed-Bridge: 	at com.tencent.klevin.base.f.a.b.run(SourceFile:32)

08-06 14:43:11.903  5783  6842 I LSPosed-Bridge: 	at java.util.concurrent.ThreadPoolExecutor.runWorker(ThreadPoolExecutor.java:1167)

08-06 14:43:11.903  5783  6842 I LSPosed-Bridge: 	at java.util.concurrent.ThreadPoolExecutor$Worker.run(ThreadPoolExecutor.java:641)

08-06 14:43:11.903  5783  6842 I LSPosed-Bridge: 	at java.lang.Thread.run(Thread.java:764)

08-06 14:43:11.903  5783  6842 I LSPosed-Bridge: 5783 PermLabel getRunningAppProcesses =android.app.ActivityManager$RunningAppProcessInfo@28be923

08-06 14:43:11.903  5783  6842 I LSPosed-Bridge: 5783 PermLabel getRunningAppProcesses processName: com.myzaker.ZAKER_Phone pid: 5783

08-06 14:43:11.903  5783  6842 I LSPosed-Bridge: 5783 PermLabel getRunningAppProcesses importance: 100 pid: 5783

08-06 14:43:11.903  5783  6842 I LSPosed-Bridge: 5783 PermLabel getRunningAppProcesses packageName com.myzaker.ZAKER_Phone at index 0 in process 5783

08-06 14:43:11.903  5783  6842 I LSPosed-Bridge: 5783 PermLabel getRunningAppProcesses =android.app.ActivityManager$RunningAppProcessInfo@aad1e20

08-06 14:43:11.903  5783  6842 I LSPosed-Bridge: 5783 PermLabel getRunningAppProcesses processName: com.myzaker.ZAKER_Phone:v1 pid: 6886

08-06 14:43:11.903  5783  6842 I LSPosed-Bridge: 5783 PermLabel getRunningAppProcesses importance: 125 pid: 6886

08-06 14:43:11.903  5783  6842 I LSPosed-Bridge: 5783 PermLabel getRunningAppProcesses packageName com.myzaker.ZAKER_Phone at index 0 in process 6886

08-06 14:43:11.903 15330 15330 I Input   : injectMotionEvent: MotionEvent { action=ACTION_MOVE, actionButton=0, id[0]=0, x[0]=314.0, y[0]=101.0, toolType[0]=TOOL_TYPE_UNKNOWN, buttonState=0, metaState=0, flags=0x0, edgeFlags=0x0, pointerCount=1, historySize=0, eventTime=194578, downTime=194578, deviceId=4, source=0x1002 }

08-06 14:43:11.903  5783  6842 I LSPosed-Bridge: 5783 PermLabel permName: android.permission.READ_PHONE_STATE; getRunningAppProcesses =[android.app.ActivityManager$RunningAppProcessInfo@28be923, android.app.ActivityManager$RunningAppProcessInfo@aad1e20]; stacktrace=java.lang.Exception

08-06 14:43:11.903  5783  6842 I LSPosed-Bridge: 	at com.example.permlabel.hookBinder_test$2.afterHookedMethod(hookBinder_test.java:107)

08-06 14:43:11.903  5783  6842 I LSPosed-Bridge: 	at de.robv.android.xposed.XposedBridge$AdditionalHookInfo.callback(Unknown Source:147)

08-06 14:43:11.903  5783  6842 I LSPosed-Bridge: 	at LSPHooker_.getRunningAppProcesses(Unknown Source:8)

08-06 14:43:11.903  5783  6842 I LSPosed-Bridge: 	at com.tencent.klevin.utils.e.c(SourceFile:104)

08-06 14:43:11.903  5783  6842 I LSPosed-Bridge: 	at com.tencent.klevin.base.c.c.j(SourceFile:381)

08-06 14:43:11.903  5783  6842 I LSPosed-Bridge: 	at com.tencent.klevin.base.c.c.g(SourceFile:323)

08-06 14:43:11.903  5783  6842 I LSPosed-Bridge: 	at com.tencent.klevin.base.c.c.d(SourceFile:47)

08-06 14:43:11.903  5783  6842 I LSPosed-Bridge: 	at com.tencent.klevin.base.c.c$2.a(SourceFile:303)

08-06 14:43:11.903  5783  6842 I LSPosed-Bridge: 	at com.tencent.klevin.base.c.a$1.onResponse(SourceFile:79)

08-06 14:43:11.903  5783  6842 I LSPosed-Bridge: 	at com.tencent.klevin.base.f.y$a.d(SourceFile:202)

08-06 14:43:11.903  5783  6842 I LSPosed-Bridge: 	at com.tencent.klevin.base.f.a.b.run(SourceFile:32)

08-06 14:43:11.903  5783  6842 I LSPosed-Bridge: 	at java.util.concurrent.ThreadPoolExecutor.runWorker(ThreadPoolExecutor.java:1167)

08-06 14:43:11.903  5783  6842 I LSPosed-Bridge: 	at java.util.concurrent.ThreadPoolExecutor$Worker.run(ThreadPoolExecutor.java:641)

08-06 14:43:11.903  5783  6842 I LSPosed-Bridge: 	at java.lang.Thread.run(Thread.java:764)

08-06 14:43:16.907  5783  6821 I LSPosed-Bridge: 5783 PermLabel hookBinder_test 10126 interfaceBinder =android.app.IActivityManager; arg0 = 81; arg1 = android.os.Parcel@f3d06f4; arg2 = android.os.Parcel@40d4b57; arg3 = 0; res = true; stacktrace=java.lang.Exception

08-06 14:43:16.907  5783  6821 I LSPosed-Bridge: 	at com.example.permlabel.hookBinder_test$1.afterHookedMethod(hookBinder_test.java:67)

08-06 14:43:16.907  5783  6821 I LSPosed-Bridge: 	at de.robv.android.xposed.XposedBridge$AdditionalHookInfo.callback(Unknown Source:147)

08-06 14:43:16.907  5783  6821 I LSPosed-Bridge: 	at LSPHooker_.transact(Unknown Source:28)

08-06 14:43:16.907  5783  6821 I LSPosed-Bridge: 	at android.app.IActivityManager$Stub$Proxy.getRunningAppProcesses(IActivityManager.java:5366)

08-06 14:43:16.907  5783  6821 I LSPosed-Bridge: 	at android.app.ActivityManager.getRunningAppProcesses(ActivityManager.java:3435)

08-06 14:43:16.907  5783  6821 I LSPosed-Bridge: 	at java.lang.reflect.Method.invoke(Native Method)

08-06 14:43:16.907  5783  6821 I LSPosed-Bridge: 	at org.lsposed.lspd.nativebridge.HookBridge.invokeOriginalMethod(Native Method)

08-06 14:43:16.907  5783  6821 I LSPosed-Bridge: 	at de.robv.android.xposed.XposedBridge$AdditionalHookInfo.callback(Unknown Source:110)

08-06 14:43:16.907  5783  6821 I LSPosed-Bridge: 	at LSPHooker_.getRunningAppProcesses(Unknown Source:8)

08-06 14:43:16.907  5783  6821 I LSPosed-Bridge: 	at com.tencent.klevin.utils.e.c(SourceFile:104)

08-06 14:43:16.907  5783  6821 I LSPosed-Bridge: 	at com.tencent.klevin.base.c.c$1.handleMessage(SourceFile:184)

08-06 14:43:16.907  5783  6821 I LSPosed-Bridge: 	at android.os.Handler.dispatchMessage(Handler.java:106)

08-06 14:43:16.907  5783  6821 I LSPosed-Bridge: 	at android.os.Looper.loop(Looper.java:193)

08-06 14:43:16.907  5783  6821 I LSPosed-Bridge: 	at android.os.HandlerThread.run(HandlerThread.java:65)

08-06 14:43:16.907  5783  6821 I LSPosed-Bridge: 5783 PermLabel getRunningAppProcesses =android.app.ActivityManager$RunningAppProcessInfo@16c27fc

08-06 14:43:16.907  5783  6821 I LSPosed-Bridge: 5783 PermLabel getRunningAppProcesses processName: com.myzaker.ZAKER_Phone pid: 5783

08-06 14:43:16.907  5783  6821 I LSPosed-Bridge: 5783 PermLabel getRunningAppProcesses importance: 100 pid: 5783

08-06 14:43:16.907  5783  6821 I LSPosed-Bridge: 5783 PermLabel getRunningAppProcesses packageName com.myzaker.ZAKER_Phone at index 0 in process 5783

08-06 14:43:16.907  5783  6821 I LSPosed-Bridge: 5783 PermLabel getRunningAppProcesses =android.app.ActivityManager$RunningAppProcessInfo@823fe85

08-06 14:43:16.907  5783  6821 I LSPosed-Bridge: 5783 PermLabel getRunningAppProcesses processName: com.myzaker.ZAKER_Phone:v1 pid: 6886

08-06 14:43:16.907  5783  6821 I LSPosed-Bridge: 5783 PermLabel getRunningAppProcesses importance: 125 pid: 6886

08-06 14:43:16.907  5783  6821 I LSPosed-Bridge: 5783 PermLabel getRunningAppProcesses packageName com.myzaker.ZAKER_Phone at index 0 in process 6886

08-06 14:43:16.907  5783  6821 I LSPosed-Bridge: 5783 PermLabel permName: android.permission.READ_PHONE_STATE; getRunningAppProcesses =[android.app.ActivityManager$RunningAppProcessInfo@16c27fc, android.app.ActivityManager$RunningAppProcessInfo@823fe85]; stacktrace=java.lang.Exception

08-06 14:43:16.907  5783  6821 I LSPosed-Bridge: 	at com.example.permlabel.hookBinder_test$2.afterHookedMethod(hookBinder_test.java:107)

08-06 14:43:16.907  5783  6821 I LSPosed-Bridge: 	at de.robv.android.xposed.XposedBridge$AdditionalHookInfo.callback(Unknown Source:147)

08-06 14:43:16.907  5783  6821 I LSPosed-Bridge: 	at LSPHooker_.getRunningAppProcesses(Unknown Source:8)

08-06 14:43:16.907  5783  6821 I LSPosed-Bridge: 	at com.tencent.klevin.utils.e.c(SourceFile:104)

08-06 14:43:16.907  5783  6821 I LSPosed-Bridge: 	at com.tencent.klevin.base.c.c$1.handleMessage(SourceFile:184)

08-06 14:43:16.907  5783  6821 I LSPosed-Bridge: 	at android.os.Handler.dispatchMessage(Handler.java:106)

08-06 14:43:16.907  5783  6821 I LSPosed-Bridge: 	at android.os.Looper.loop(Looper.java:193)

08-06 14:43:16.907  5783  6821 I LSPosed-Bridge: 	at android.os.HandlerThread.run(HandlerThread.java:65)

08-06 14:43:16.989  5783  6842 I LSPosed-Bridge: 5783 PermLabel permName: android.permission.READ_PHONE_STATE; getRunningAppProcesses =[android.app.ActivityManager$RunningAppProcessInfo@848793d, android.app.ActivityManager$RunningAppProcessInfo@dfa6532]; stacktrace=java.lang.Exception

08-06 14:43:16.989  5783  6842 I LSPosed-Bridge: 	at com.example.permlabel.hookBinder_test$2.afterHookedMethod(hookBinder_test.java:107)

08-06 14:43:16.989  5783  6842 I LSPosed-Bridge: 	at de.robv.android.xposed.XposedBridge$AdditionalHookInfo.callback(Unknown Source:147)

08-06 14:43:16.989  5783  6842 I LSPosed-Bridge: 	at LSPHooker_.getRunningAppProcesses(Unknown Source:8)

08-06 14:43:16.989  5783  6842 I LSPosed-Bridge: 	at com.tencent.klevin.utils.e.c(SourceFile:104)

08-06 14:43:16.989  5783  6842 I LSPosed-Bridge: 	at com.tencent.klevin.base.c.c.j(SourceFile:381)

08-06 14:43:16.989  5783  6842 I LSPosed-Bridge: 	at com.tencent.klevin.base.c.c.g(SourceFile:323)

08-06 14:43:16.989  5783  6842 I LSPosed-Bridge: 	at com.tencent.klevin.base.c.c.d(SourceFile:47)

08-06 14:43:16.989  5783  6842 I LSPosed-Bridge: 	at com.tencent.klevin.base.c.c$2.a(SourceFile:303)

08-06 14:43:16.989  5783  6842 I LSPosed-Bridge: 	at com.tencent.klevin.base.c.a$1.onResponse(SourceFile:79)

08-06 14:43:16.989  5783  6842 I LSPosed-Bridge: 	at com.tencent.klevin.base.f.y$a.d(SourceFile:202)

08-06 14:43:16.989  5783  6842 I LSPosed-Bridge: 	at com.tencent.klevin.base.f.a.b.run(SourceFile:32)

08-06 14:43:16.989  5783  6842 I LSPosed-Bridge: 	at java.util.concurrent.ThreadPoolExecutor.runWorker(ThreadPoolExecutor.java:1167)

08-06 14:43:16.989  5783  6842 I LSPosed-Bridge: 	at java.util.concurrent.ThreadPoolExecutor$Worker.run(ThreadPoolExecutor.java:641)

08-06 14:43:16.989  5783  6842 I LSPosed-Bridge: 	at java.lang.Thread.run(Thread.java:764)

08-06 14:43:21.996  5783  6821 I LSPosed-Bridge: 5783 PermLabel hookBinder_test 10126 interfaceBinder =android.app.IActivityManager; arg0 = 81; arg1 = android.os.Parcel@844d978; arg2 = android.os.Parcel@40d4b57; arg3 = 0; res = true; stacktrace=java.lang.Exception

08-06 14:43:21.996  5783  6821 I LSPosed-Bridge: 	at com.example.permlabel.hookBinder_test$1.afterHookedMethod(hookBinder_test.java:67)

08-06 14:43:21.996  5783  6821 I LSPosed-Bridge: 	at de.robv.android.xposed.XposedBridge$AdditionalHookInfo.callback(Unknown Source:147)

08-06 14:43:21.996  5783  6821 I LSPosed-Bridge: 	at LSPHooker_.transact(Unknown Source:28)

08-06 14:43:21.996  5783  6821 I LSPosed-Bridge: 	at android.app.IActivityManager$Stub$Proxy.getRunningAppProcesses(IActivityManager.java:5366)

08-06 14:43:21.996  5783  6821 I LSPosed-Bridge: 	at android.app.ActivityManager.getRunningAppProcesses(ActivityManager.java:3435)

08-06 14:43:21.996  5783  6821 I LSPosed-Bridge: 	at java.lang.reflect.Method.invoke(Native Method)

08-06 14:43:21.996  5783  6821 I LSPosed-Bridge: 	at org.lsposed.lspd.nativebridge.HookBridge.invokeOriginalMethod(Native Method)

08-06 14:43:21.996  5783  6821 I LSPosed-Bridge: 	at de.robv.android.xposed.XposedBridge$AdditionalHookInfo.callback(Unknown Source:110)

08-06 14:43:21.996  5783  6821 I LSPosed-Bridge: 	at LSPHooker_.getRunningAppProcesses(Unknown Source:8)

08-06 14:43:21.996  5783  6821 I LSPosed-Bridge: 	at com.tencent.klevin.utils.e.c(SourceFile:104)

08-06 14:43:21.996  5783  6821 I LSPosed-Bridge: 	at com.tencent.klevin.base.c.c$1.handleMessage(SourceFile:184)

08-06 14:43:21.996  5783  6821 I LSPosed-Bridge: 	at android.os.Handler.dispatchMessage(Handler.java:106)

08-06 14:43:21.996  5783  6821 I LSPosed-Bridge: 	at android.os.Looper.loop(Looper.java:193)

08-06 14:43:21.996  5783  6821 I LSPosed-Bridge: 	at android.os.HandlerThread.run(HandlerThread.java:65)

08-06 14:43:21.996  5783  6821 I LSPosed-Bridge: 5783 PermLabel getRunningAppProcesses =android.app.ActivityManager$RunningAppProcessInfo@9aabc63

08-06 14:43:21.996  5783  6821 I LSPosed-Bridge: 5783 PermLabel getRunningAppProcesses processName: com.myzaker.ZAKER_Phone pid: 5783

08-06 14:43:21.996  5783  6821 I LSPosed-Bridge: 5783 PermLabel getRunningAppProcesses importance: 100 pid: 5783

08-06 14:43:21.996  5783  6821 I LSPosed-Bridge: 5783 PermLabel getRunningAppProcesses packageName com.myzaker.ZAKER_Phone at index 0 in process 5783

08-06 14:43:21.996  5783  6821 I LSPosed-Bridge: 5783 PermLabel getRunningAppProcesses =android.app.ActivityManager$RunningAppProcessInfo@aaa9060

08-06 14:43:21.996  5783  6821 I LSPosed-Bridge: 5783 PermLabel getRunningAppProcesses processName: com.myzaker.ZAKER_Phone:v1 pid: 6886

08-06 14:43:21.996  5783  6821 I LSPosed-Bridge: 5783 PermLabel getRunningAppProcesses importance: 125 pid: 6886

08-06 14:43:21.996  5783  6821 I LSPosed-Bridge: 5783 PermLabel getRunningAppProcesses packageName com.myzaker.ZAKER_Phone at index 0 in process 6886

08-06 14:43:21.996  5783  6821 I LSPosed-Bridge: 5783 PermLabel permName: android.permission.READ_PHONE_STATE; getRunningAppProcesses =[android.app.ActivityManager$RunningAppProcessInfo@9aabc63, android.app.ActivityManager$RunningAppProcessInfo@aaa9060]; stacktrace=java.lang.Exception

08-06 14:43:21.996  5783  6821 I LSPosed-Bridge: 	at com.example.permlabel.hookBinder_test$2.afterHookedMethod(hookBinder_test.java:107)

08-06 14:43:21.996  5783  6821 I LSPosed-Bridge: 	at de.robv.android.xposed.XposedBridge$AdditionalHookInfo.callback(Unknown Source:147)

08-06 14:43:21.996  5783  6821 I LSPosed-Bridge: 	at LSPHooker_.getRunningAppProcesses(Unknown Source:8)

08-06 14:43:21.996  5783  6821 I LSPosed-Bridge: 	at com.tencent.klevin.utils.e.c(SourceFile:104)

08-06 14:43:21.996  5783  6821 I LSPosed-Bridge: 	at com.tencent.klevin.base.c.c$1.handleMessage(SourceFile:184)

08-06 14:43:21.996  5783  6821 I LSPosed-Bridge: 	at android.os.Handler.dispatchMessage(Handler.java:106)

08-06 14:43:21.996  5783  6821 I LSPosed-Bridge: 	at android.os.Looper.loop(Looper.java:193)

08-06 14:43:21.996  5783  6821 I LSPosed-Bridge: 	at android.os.HandlerThread.run(HandlerThread.java:65)

08-06 14:43:22.206  5783  6842 I LSPosed-Bridge: 5783 PermLabel permName: android.permission.READ_PHONE_STATE; getRunningAppProcesses =[android.app.ActivityManager$RunningAppProcessInfo@2e4aa8e, android.app.ActivityManager$RunningAppProcessInfo@f2812af]; stacktrace=java.lang.Exception

08-06 14:43:22.206  5783  6842 I LSPosed-Bridge: 	at com.example.permlabel.hookBinder_test$2.afterHookedMethod(hookBinder_test.java:107)

08-06 14:43:22.206  5783  6842 I LSPosed-Bridge: 	at de.robv.android.xposed.XposedBridge$AdditionalHookInfo.callback(Unknown Source:147)

08-06 14:43:22.206  5783  6842 I LSPosed-Bridge: 	at LSPHooker_.getRunningAppProcesses(Unknown Source:8)

08-06 14:43:22.206  5783  6842 I LSPosed-Bridge: 	at com.tencent.klevin.utils.e.c(SourceFile:104)

08-06 14:43:22.206  5783  6842 I LSPosed-Bridge: 	at com.tencent.klevin.base.c.c.j(SourceFile:381)

08-06 14:43:22.206  5783  6842 I LSPosed-Bridge: 	at com.tencent.klevin.base.c.c.g(SourceFile:323)

08-06 14:43:22.206  5783  6842 I LSPosed-Bridge: 	at com.tencent.klevin.base.c.c.d(SourceFile:47)

08-06 14:43:22.206  5783  6842 I LSPosed-Bridge: 	at com.tencent.klevin.base.c.c$2.a(SourceFile:303)

08-06 14:43:22.206  5783  6842 I LSPosed-Bridge: 	at com.tencent.klevin.base.c.a$1.onResponse(SourceFile:79)

08-06 14:43:22.206  5783  6842 I LSPosed-Bridge: 	at com.tencent.klevin.base.f.y$a.d(SourceFile:202)

08-06 14:43:22.206  5783  6842 I LSPosed-Bridge: 	at com.tencent.klevin.base.f.a.b.run(SourceFile:32)

08-06 14:43:22.206  5783  6842 I LSPosed-Bridge: 	at java.util.concurrent.ThreadPoolExecutor.runWorker(ThreadPoolExecutor.java:1167)

08-06 14:43:22.206  5783  6842 I LSPosed-Bridge: 	at java.util.concurrent.ThreadPoolExecutor$Worker.run(ThreadPoolExecutor.java:641)

08-06 14:43:22.206  5783  6842 I LSPosed-Bridge: 	at java.lang.Thread.run(Thread.java:764)

08-06 14:43:27.215  5783  6821 I LSPosed-Bridge: 5783 PermLabel getRunningAppProcesses =android.app.ActivityManager$RunningAppProcessInfo@c58bad0

08-06 14:43:27.215  5783  6821 I LSPosed-Bridge: 5783 PermLabel getRunningAppProcesses processName: com.myzaker.ZAKER_Phone:v1 pid: 6886

08-06 14:43:27.215  5783  6821 I LSPosed-Bridge: 5783 PermLabel getRunningAppProcesses importance: 125 pid: 6886

08-06 14:43:27.215  5783  6821 I LSPosed-Bridge: 5783 PermLabel getRunningAppProcesses packageName com.myzaker.ZAKER_Phone at index 0 in process 6886

08-06 14:43:27.215  5783  6821 I LSPosed-Bridge: 5783 PermLabel permName: android.permission.READ_PHONE_STATE; getRunningAppProcesses =[android.app.ActivityManager$RunningAppProcessInfo@f464a93, android.app.ActivityManager$RunningAppProcessInfo@c58bad0]; stacktrace=java.lang.Exception

08-06 14:43:27.215  5783  6821 I LSPosed-Bridge: 	at com.example.permlabel.hookBinder_test$2.afterHookedMethod(hookBinder_test.java:107)

08-06 14:43:27.215  5783  6821 I LSPosed-Bridge: 	at de.robv.android.xposed.XposedBridge$AdditionalHookInfo.callback(Unknown Source:147)

08-06 14:43:27.215  5783  6821 I LSPosed-Bridge: 	at LSPHooker_.getRunningAppProcesses(Unknown Source:8)

08-06 14:43:27.215  5783  6821 I LSPosed-Bridge: 	at com.tencent.klevin.utils.e.c(SourceFile:104)

08-06 14:43:27.215  5783  6821 I LSPosed-Bridge: 	at com.tencent.klevin.base.c.c$1.handleMessage(SourceFile:184)

08-06 14:43:27.215  5783  6821 I LSPosed-Bridge: 	at android.os.Handler.dispatchMessage(Handler.java:106)

08-06 14:43:27.215  5783  6821 I LSPosed-Bridge: 	at android.os.Looper.loop(Looper.java:193)

08-06 14:43:27.215  5783  6821 I LSPosed-Bridge: 	at android.os.HandlerThread.run(HandlerThread.java:65)

08-06 14:43:27.366  5783  6842 I LSPosed-Bridge: 5783 PermLabel hookBinder_test 10126 interfaceBinder =android.app.IActivityManager; arg0 = 81; arg1 = android.os.Parcel@f3d06f4; arg2 = android.os.Parcel@844d978; arg3 = 0; res = true; stacktrace=java.lang.Exception

08-06 14:43:27.366  5783  6842 I LSPosed-Bridge: 	at com.example.permlabel.hookBinder_test$1.afterHookedMethod(hookBinder_test.java:67)

08-06 14:43:27.366  5783  6842 I LSPosed-Bridge: 	at de.robv.android.xposed.XposedBridge$AdditionalHookInfo.callback(Unknown Source:147)

08-06 14:43:27.366  5783  6842 I LSPosed-Bridge: 	at LSPHooker_.transact(Unknown Source:28)

08-06 14:43:27.366  5783  6842 I LSPosed-Bridge: 	at android.app.IActivityManager$Stub$Proxy.getRunningAppProcesses(IActivityManager.java:5366)

08-06 14:43:27.366  5783  6842 I LSPosed-Bridge: 	at android.app.ActivityManager.getRunningAppProcesses(ActivityManager.java:3435)

08-06 14:43:27.366  5783  6842 I LSPosed-Bridge: 	at java.lang.reflect.Method.invoke(Native Method)

08-06 14:43:27.366  5783  6842 I LSPosed-Bridge: 	at org.lsposed.lspd.nativebridge.HookBridge.invokeOriginalMethod(Native Method)

08-06 14:43:27.366  5783  6842 I LSPosed-Bridge: 	at de.robv.android.xposed.XposedBridge$AdditionalHookInfo.callback(Unknown Source:110)

08-06 14:43:27.366  5783  6842 I LSPosed-Bridge: 	at LSPHooker_.getRunningAppProcesses(Unknown Source:8)

08-06 14:43:27.366  5783  6842 I LSPosed-Bridge: 	at com.tencent.klevin.utils.e.c(SourceFile:104)

08-06 14:43:27.366  5783  6842 I LSPosed-Bridge: 	at com.tencent.klevin.base.c.c.j(SourceFile:381)

08-06 14:43:27.366  5783  6842 I LSPosed-Bridge: 	at com.tencent.klevin.base.c.c.g(SourceFile:323)

08-06 14:43:27.366  5783  6842 I LSPosed-Bridge: 	at com.tencent.klevin.base.c.c.d(SourceFile:47)

08-06 14:43:27.366  5783  6842 I LSPosed-Bridge: 	at com.tencent.klevin.base.c.c$2.a(SourceFile:303)

08-06 14:43:27.366  5783  6842 I LSPosed-Bridge: 	at com.tencent.klevin.base.c.a$1.onResponse(SourceFile:79)

08-06 14:43:27.366  5783  6842 I LSPosed-Bridge: 	at com.tencent.klevin.base.f.y$a.d(SourceFile:202)

08-06 14:43:27.366  5783  6842 I LSPosed-Bridge: 	at com.tencent.klevin.base.f.a.b.run(SourceFile:32)

08-06 14:43:27.366  5783  6842 I LSPosed-Bridge: 	at java.util.concurrent.ThreadPoolExecutor.runWorker(ThreadPoolExecutor.java:1167)

08-06 14:43:27.366  5783  6842 I LSPosed-Bridge: 	at java.util.concurrent.ThreadPoolExecutor$Worker.run(ThreadPoolExecutor.java:641)

08-06 14:43:27.366  5783  6842 I LSPosed-Bridge: 	at java.lang.Thread.run(Thread.java:764)

08-06 14:43:27.366  5783  6842 I LSPosed-Bridge: 5783 PermLabel getRunningAppProcesses =android.app.ActivityManager$RunningAppProcessInfo@b10532e

08-06 14:43:27.366  5783  6842 I LSPosed-Bridge: 5783 PermLabel getRunningAppProcesses processName: com.myzaker.ZAKER_Phone pid: 5783

08-06 14:43:27.366  5783  6842 I LSPosed-Bridge: 5783 PermLabel getRunningAppProcesses importance: 100 pid: 5783

08-06 14:43:27.366  5783  6842 I LSPosed-Bridge: 5783 PermLabel getRunningAppProcesses packageName com.myzaker.ZAKER_Phone at index 0 in process 5783

08-06 14:43:27.366  5783  6842 I LSPosed-Bridge: 5783 PermLabel getRunningAppProcesses =android.app.ActivityManager$RunningAppProcessInfo@2df9ecf

08-06 14:43:27.366  5783  6842 I LSPosed-Bridge: 5783 PermLabel getRunningAppProcesses processName: com.myzaker.ZAKER_Phone:v1 pid: 6886

08-06 14:43:27.366  5783  6842 I LSPosed-Bridge: 5783 PermLabel getRunningAppProcesses importance: 125 pid: 6886

08-06 14:43:27.366  5783  6842 I LSPosed-Bridge: 5783 PermLabel getRunningAppProcesses packageName com.myzaker.ZAKER_Phone at index 0 in process 6886

08-06 14:43:27.366  5783  6842 I LSPosed-Bridge: 5783 PermLabel permName: android.permission.READ_PHONE_STATE; getRunningAppProcesses =[android.app.ActivityManager$RunningAppProcessInfo@b10532e, android.app.ActivityManager$RunningAppProcessInfo@2df9ecf]; stacktrace=java.lang.Exception

08-06 14:43:27.366  5783  6842 I LSPosed-Bridge: 	at com.example.permlabel.hookBinder_test$2.afterHookedMethod(hookBinder_test.java:107)

08-06 14:43:27.366  5783  6842 I LSPosed-Bridge: 	at de.robv.android.xposed.XposedBridge$AdditionalHookInfo.callback(Unknown Source:147)

08-06 14:43:27.366  5783  6842 I LSPosed-Bridge: 	at LSPHooker_.getRunningAppProcesses(Unknown Source:8)

08-06 14:43:27.366  5783  6842 I LSPosed-Bridge: 	at com.tencent.klevin.utils.e.c(SourceFile:104)

08-06 14:43:27.366  5783  6842 I LSPosed-Bridge: 	at com.tencent.klevin.base.c.c.j(SourceFile:381)

08-06 14:43:27.366  5783  6842 I LSPosed-Bridge: 	at com.tencent.klevin.base.c.c.g(SourceFile:323)

08-06 14:43:27.366  5783  6842 I LSPosed-Bridge: 	at com.tencent.klevin.base.c.c.d(SourceFile:47)

08-06 14:43:27.366  5783  6842 I LSPosed-Bridge: 	at com.tencent.klevin.base.c.c$2.a(SourceFile:303)

08-06 14:43:27.366  5783  6842 I LSPosed-Bridge: 	at com.tencent.klevin.base.c.a$1.onResponse(SourceFile:79)

08-06 14:43:27.366  5783  6842 I LSPosed-Bridge: 	at com.tencent.klevin.base.f.y$a.d(SourceFile:202)

08-06 14:43:27.366  5783  6842 I LSPosed-Bridge: 	at com.tencent.klevin.base.f.a.b.run(SourceFile:32)

08-06 14:43:27.366  5783  6842 I LSPosed-Bridge: 	at java.util.concurrent.ThreadPoolExecutor.runWorker(ThreadPoolExecutor.java:1167)

08-06 14:43:27.366  5783  6842 I LSPosed-Bridge: 	at java.util.concurrent.ThreadPoolExecutor$Worker.run(ThreadPoolExecutor.java:641)

08-06 14:43:27.366  5783  6842 I LSPosed-Bridge: 	at java.lang.Thread.run(Thread.java:764)

08-06 14:43:32.374  5783  6821 I LSPosed-Bridge: 5783 PermLabel getRunningAppProcesses =android.app.ActivityManager$RunningAppProcessInfo@4901aa5

08-06 14:43:32.374  5783  6821 I LSPosed-Bridge: 5783 PermLabel getRunningAppProcesses processName: com.myzaker.ZAKER_Phone pid: 5783

08-06 14:43:32.374  5783  6821 I LSPosed-Bridge: 5783 PermLabel getRunningAppProcesses importance: 100 pid: 5783

08-06 14:43:32.374  5783  6821 I LSPosed-Bridge: 5783 PermLabel getRunningAppProcesses packageName com.myzaker.ZAKER_Phone at index 0 in process 5783

08-06 14:43:32.374  5783  6821 I LSPosed-Bridge: 5783 PermLabel getRunningAppProcesses =android.app.ActivityManager$RunningAppProcessInfo@a17ce7a

08-06 14:43:32.374  5783  6821 I LSPosed-Bridge: 5783 PermLabel getRunningAppProcesses processName: com.myzaker.ZAKER_Phone:v1 pid: 6886

08-06 14:43:32.374  5783  6821 I LSPosed-Bridge: 5783 PermLabel getRunningAppProcesses importance: 125 pid: 6886

08-06 14:43:32.374  5783  6821 I LSPosed-Bridge: 5783 PermLabel getRunningAppProcesses packageName com.myzaker.ZAKER_Phone at index 0 in process 6886

08-06 14:43:32.374  5783  6821 I LSPosed-Bridge: 5783 PermLabel permName: android.permission.READ_PHONE_STATE; getRunningAppProcesses =[android.app.ActivityManager$RunningAppProcessInfo@4901aa5, android.app.ActivityManager$RunningAppProcessInfo@a17ce7a]; stacktrace=java.lang.Exception

08-06 14:43:32.374  5783  6821 I LSPosed-Bridge: 	at com.example.permlabel.hookBinder_test$2.afterHookedMethod(hookBinder_test.java:107)

08-06 14:43:32.374  5783  6821 I LSPosed-Bridge: 	at de.robv.android.xposed.XposedBridge$AdditionalHookInfo.callback(Unknown Source:147)

08-06 14:43:32.374  5783  6821 I LSPosed-Bridge: 	at LSPHooker_.getRunningAppProcesses(Unknown Source:8)

08-06 14:43:32.374  5783  6821 I LSPosed-Bridge: 	at com.tencent.klevin.utils.e.c(SourceFile:104)

08-06 14:43:32.374  5783  6821 I LSPosed-Bridge: 	at com.tencent.klevin.base.c.c$1.handleMessage(SourceFile:184)

08-06 14:43:32.374  5783  6821 I LSPosed-Bridge: 	at android.os.Handler.dispatchMessage(Handler.java:106)

08-06 14:43:32.374  5783  6821 I LSPosed-Bridge: 	at android.os.Looper.loop(Looper.java:193)

08-06 14:43:32.374  5783  6821 I LSPosed-Bridge: 	at android.os.HandlerThread.run(HandlerThread.java:65)

08-06 14:43:32.648  5783  6842 I LSPosed-Bridge: 5783 PermLabel getRunningAppProcesses =android.app.ActivityManager$RunningAppProcessInfo@7739056

08-06 14:43:32.648  5783  6842 I LSPosed-Bridge: 5783 PermLabel getRunningAppProcesses processName: com.myzaker.ZAKER_Phone:v1 pid: 6886

08-06 14:43:32.648  5783  6842 I LSPosed-Bridge: 5783 PermLabel getRunningAppProcesses importance: 125 pid: 6886

08-06 14:43:32.648  5783  6842 I LSPosed-Bridge: 5783 PermLabel getRunningAppProcesses packageName com.myzaker.ZAKER_Phone at index 0 in process 6886

08-06 14:43:32.648  5783  6842 I LSPosed-Bridge: 5783 PermLabel permName: android.permission.READ_PHONE_STATE; getRunningAppProcesses =[android.app.ActivityManager$RunningAppProcessInfo@4b48a71, android.app.ActivityManager$RunningAppProcessInfo@7739056]; stacktrace=java.lang.Exception

08-06 14:43:32.648  5783  6842 I LSPosed-Bridge: 	at com.example.permlabel.hookBinder_test$2.afterHookedMethod(hookBinder_test.java:107)

08-06 14:43:32.648  5783  6842 I LSPosed-Bridge: 	at de.robv.android.xposed.XposedBridge$AdditionalHookInfo.callback(Unknown Source:147)

08-06 14:43:32.648  5783  6842 I LSPosed-Bridge: 	at LSPHooker_.getRunningAppProcesses(Unknown Source:8)

08-06 14:43:32.648  5783  6842 I LSPosed-Bridge: 	at com.tencent.klevin.utils.e.c(SourceFile:104)

08-06 14:43:32.648  5783  6842 I LSPosed-Bridge: 	at com.tencent.klevin.base.c.c.j(SourceFile:381)

08-06 14:43:32.648  5783  6842 I LSPosed-Bridge: 	at com.tencent.klevin.base.c.c.g(SourceFile:323)

08-06 14:43:32.648  5783  6842 I LSPosed-Bridge: 	at com.tencent.klevin.base.c.c.d(SourceFile:47)

08-06 14:43:32.648  5783  6842 I LSPosed-Bridge: 	at com.tencent.klevin.base.c.c$2.a(SourceFile:303)

08-06 14:43:32.648  5783  6842 I LSPosed-Bridge: 	at com.tencent.klevin.base.c.a$1.onResponse(SourceFile:79)

08-06 14:43:32.648  5783  6842 I LSPosed-Bridge: 	at com.tencent.klevin.base.f.y$a.d(SourceFile:202)

08-06 14:43:32.648  5783  6842 I LSPosed-Bridge: 	at com.tencent.klevin.base.f.a.b.run(SourceFile:32)

08-06 14:43:32.648  5783  6842 I LSPosed-Bridge: 	at java.util.concurrent.ThreadPoolExecutor.runWorker(ThreadPoolExecutor.java:1167)

08-06 14:43:32.648  5783  6842 I LSPosed-Bridge: 	at java.util.concurrent.ThreadPoolExecutor$Worker.run(ThreadPoolExecutor.java:641)

08-06 14:43:32.648  5783  6842 I LSPosed-Bridge: 	at java.lang.Thread.run(Thread.java:764)

08-06 14:43:37.658  5783  6821 I LSPosed-Bridge: 5783 PermLabel getRunningAppProcesses importance: 125 pid: 6886

08-06 14:43:37.658   558   558 I ConfigStore: android::hardware::configstore::V1_0::ISurfaceFlingerConfigs::hasHDRDisplay retrieved: 0

08-06 14:43:37.658  5783  6821 I LSPosed-Bridge: 5783 PermLabel getRunningAppProcesses packageName com.myzaker.ZAKER_Phone at index 0 in process 6886

08-06 14:43:37.658  5783  6821 I LSPosed-Bridge: 5783 PermLabel permName: android.permission.READ_PHONE_STATE; getRunningAppProcesses =[android.app.ActivityManager$RunningAppProcessInfo@e7e2903, android.app.ActivityManager$RunningAppProcessInfo@7889080]; stacktrace=java.lang.Exception

08-06 14:43:37.658  5783  6821 I LSPosed-Bridge: 	at com.example.permlabel.hookBinder_test$2.afterHookedMethod(hookBinder_test.java:107)

08-06 14:43:37.658  5783  6821 I LSPosed-Bridge: 	at de.robv.android.xposed.XposedBridge$AdditionalHookInfo.callback(Unknown Source:147)

08-06 14:43:37.658  5783  6821 I LSPosed-Bridge: 	at LSPHooker_.getRunningAppProcesses(Unknown Source:8)

08-06 14:43:37.658  5783  6821 I LSPosed-Bridge: 	at com.tencent.klevin.utils.e.c(SourceFile:104)

08-06 14:43:37.658  5783  6821 I LSPosed-Bridge: 	at com.tencent.klevin.base.c.c$1.handleMessage(SourceFile:184)

08-06 14:43:37.658  5783  6821 I LSPosed-Bridge: 	at android.os.Handler.dispatchMessage(Handler.java:106)

08-06 14:43:37.658  5783  6821 I LSPosed-Bridge: 	at android.os.Looper.loop(Looper.java:193)

08-06 14:43:37.658  5783  6821 I LSPosed-Bridge: 	at android.os.HandlerThread.run(HandlerThread.java:65)

08-06 14:43:37.843  5783  6842 I LSPosed-Bridge: 5783 PermLabel permName: android.permission.READ_PHONE_STATE; getRunningAppProcesses =[android.app.ActivityManager$RunningAppProcessInfo@22119b0, android.app.ActivityManager$RunningAppProcessInfo@c0bc029]; stacktrace=java.lang.Exception

08-06 14:43:37.843  5783  6842 I LSPosed-Bridge: 	at com.example.permlabel.hookBinder_test$2.afterHookedMethod(hookBinder_test.java:107)

08-06 14:43:37.843  5783  6842 I LSPosed-Bridge: 	at de.robv.android.xposed.XposedBridge$AdditionalHookInfo.callback(Unknown Source:147)

08-06 14:43:37.843  5783  6842 I LSPosed-Bridge: 	at LSPHooker_.getRunningAppProcesses(Unknown Source:8)

08-06 14:43:37.843  5783  6842 I LSPosed-Bridge: 	at com.tencent.klevin.utils.e.c(SourceFile:104)

08-06 14:43:37.843  5783  6842 I LSPosed-Bridge: 	at com.tencent.klevin.base.c.c.j(SourceFile:381)

08-06 14:43:37.843  5783  6842 I LSPosed-Bridge: 	at com.tencent.klevin.base.c.c.g(SourceFile:323)

08-06 14:43:37.843  5783  6842 I LSPosed-Bridge: 	at com.tencent.klevin.base.c.c.d(SourceFile:47)

08-06 14:43:37.843  5783  6842 I LSPosed-Bridge: 	at com.tencent.klevin.base.c.c$2.a(SourceFile:303)

08-06 14:43:37.843  5783  6842 I LSPosed-Bridge: 	at com.tencent.klevin.base.c.a$1.onResponse(SourceFile:79)

08-06 14:43:37.843  5783  6842 I LSPosed-Bridge: 	at com.tencent.klevin.base.f.y$a.d(SourceFile:202)

08-06 14:43:37.843  5783  6842 I LSPosed-Bridge: 	at com.tencent.klevin.base.f.a.b.run(SourceFile:32)

08-06 14:43:37.843  5783  6842 I LSPosed-Bridge: 	at java.util.concurrent.ThreadPoolExecutor.runWorker(ThreadPoolExecutor.java:1167)

08-06 14:43:37.843  5783  6842 I LSPosed-Bridge: 	at java.util.concurrent.ThreadPoolExecutor$Worker.run(ThreadPoolExecutor.java:641)

08-06 14:43:37.843  5783  6842 I LSPosed-Bridge: 	at java.lang.Thread.run(Thread.java:764)

08-06 14:43:42.850  5783  6821 I LSPosed-Bridge: 5783 PermLabel hookBinder_test 10126 interfaceBinder =android.app.IActivityManager; arg0 = 81; arg1 = android.os.Parcel@f3d06f4; arg2 = android.os.Parcel@49ddf19; arg3 = 0; res = true; stacktrace=java.lang.Exception

08-06 14:43:42.850  5783  6821 I LSPosed-Bridge: 	at com.example.permlabel.hookBinder_test$1.afterHookedMethod(hookBinder_test.java:67)

08-06 14:43:42.850  5783  6821 I LSPosed-Bridge: 	at de.robv.android.xposed.XposedBridge$AdditionalHookInfo.callback(Unknown Source:147)

08-06 14:43:42.850  5783  6821 I LSPosed-Bridge: 	at LSPHooker_.transact(Unknown Source:28)

08-06 14:43:42.850  5783  6821 I LSPosed-Bridge: 	at android.app.IActivityManager$Stub$Proxy.getRunningAppProcesses(IActivityManager.java:5366)

08-06 14:43:42.850  5783  6821 I LSPosed-Bridge: 	at android.app.ActivityManager.getRunningAppProcesses(ActivityManager.java:3435)

08-06 14:43:42.850  5783  6821 I LSPosed-Bridge: 	at java.lang.reflect.Method.invoke(Native Method)

08-06 14:43:42.850  5783  6821 I LSPosed-Bridge: 	at org.lsposed.lspd.nativebridge.HookBridge.invokeOriginalMethod(Native Method)

08-06 14:43:42.850  5783  6821 I LSPosed-Bridge: 	at de.robv.android.xposed.XposedBridge$AdditionalHookInfo.callback(Unknown Source:110)

08-06 14:43:42.850  5783  6821 I LSPosed-Bridge: 	at LSPHooker_.getRunningAppProcesses(Unknown Source:8)

08-06 14:43:42.850  5783  6821 I LSPosed-Bridge: 	at com.tencent.klevin.utils.e.c(SourceFile:104)

08-06 14:43:42.850  5783  6821 I LSPosed-Bridge: 	at com.tencent.klevin.base.c.c$1.handleMessage(SourceFile:184)

08-06 14:43:42.850  5783  6821 I LSPosed-Bridge: 	at android.os.Handler.dispatchMessage(Handler.java:106)

08-06 14:43:42.850  5783  6821 I LSPosed-Bridge: 	at android.os.Looper.loop(Looper.java:193)

08-06 14:43:42.850  5783  6821 I LSPosed-Bridge: 	at android.os.HandlerThread.run(HandlerThread.java:65)

08-06 14:43:42.850  5783  6821 I LSPosed-Bridge: 5783 PermLabel getRunningAppProcesses =android.app.ActivityManager$RunningAppProcessInfo@c7602ce

08-06 14:43:42.850  5783  6821 I LSPosed-Bridge: 5783 PermLabel getRunningAppProcesses processName: com.myzaker.ZAKER_Phone pid: 5783

08-06 14:43:42.850  5783  6821 I LSPosed-Bridge: 5783 PermLabel getRunningAppProcesses importance: 100 pid: 5783

08-06 14:43:42.850  5783  6821 I LSPosed-Bridge: 5783 PermLabel getRunningAppProcesses packageName com.myzaker.ZAKER_Phone at index 0 in process 5783

08-06 14:43:42.850  5783  6821 I LSPosed-Bridge: 5783 PermLabel getRunningAppProcesses =android.app.ActivityManager$RunningAppProcessInfo@c6e25ef

08-06 14:43:42.850  5783  6821 I LSPosed-Bridge: 5783 PermLabel getRunningAppProcesses processName: com.myzaker.ZAKER_Phone:v1 pid: 6886

08-06 14:43:42.850  5783  6821 I LSPosed-Bridge: 5783 PermLabel getRunningAppProcesses importance: 125 pid: 6886

08-06 14:43:42.850  5783  6821 I LSPosed-Bridge: 5783 PermLabel getRunningAppProcesses packageName com.myzaker.ZAKER_Phone at index 0 in process 6886

08-06 14:43:42.850  5783  6821 I LSPosed-Bridge: 5783 PermLabel permName: android.permission.READ_PHONE_STATE; getRunningAppProcesses =[android.app.ActivityManager$RunningAppProcessInfo@c7602ce, android.app.ActivityManager$RunningAppProcessInfo@c6e25ef]; stacktrace=java.lang.Exception

08-06 14:43:42.850  5783  6821 I LSPosed-Bridge: 	at com.example.permlabel.hookBinder_test$2.afterHookedMethod(hookBinder_test.java:107)

08-06 14:43:42.850  5783  6821 I LSPosed-Bridge: 	at de.robv.android.xposed.XposedBridge$AdditionalHookInfo.callback(Unknown Source:147)

08-06 14:43:42.850  5783  6821 I LSPosed-Bridge: 	at LSPHooker_.getRunningAppProcesses(Unknown Source:8)

08-06 14:43:42.850  5783  6821 I LSPosed-Bridge: 	at com.tencent.klevin.utils.e.c(SourceFile:104)

08-06 14:43:42.850  5783  6821 I LSPosed-Bridge: 	at com.tencent.klevin.base.c.c$1.handleMessage(SourceFile:184)

08-06 14:43:42.850  5783  6821 I LSPosed-Bridge: 	at android.os.Handler.dispatchMessage(Handler.java:106)

08-06 14:43:42.850  5783  6821 I LSPosed-Bridge: 	at android.os.Looper.loop(Looper.java:193)

08-06 14:43:42.850  5783  6821 I LSPosed-Bridge: 	at android.os.HandlerThread.run(HandlerThread.java:65)

08-06 14:43:43.067  5783  6842 I LSPosed-Bridge: 5783 PermLabel permName: android.permission.READ_PHONE_STATE; getRunningAppProcesses =[android.app.ActivityManager$RunningAppProcessInfo@b8e6d92, android.app.ActivityManager$RunningAppProcessInfo@1f35363]; stacktrace=java.lang.Exception

08-06 14:43:43.067  5783  6842 I LSPosed-Bridge: 	at com.example.permlabel.hookBinder_test$2.afterHookedMethod(hookBinder_test.java:107)

08-06 14:43:43.067  5783  6842 I LSPosed-Bridge: 	at de.robv.android.xposed.XposedBridge$AdditionalHookInfo.callback(Unknown Source:147)

08-06 14:43:43.067  5783  6842 I LSPosed-Bridge: 	at LSPHooker_.getRunningAppProcesses(Unknown Source:8)

08-06 14:43:43.067  5783  6842 I LSPosed-Bridge: 	at com.tencent.klevin.utils.e.c(SourceFile:104)

08-06 14:43:43.067  5783  6842 I LSPosed-Bridge: 	at com.tencent.klevin.base.c.c.j(SourceFile:381)

08-06 14:43:43.067  5783  6842 I LSPosed-Bridge: 	at com.tencent.klevin.base.c.c.g(SourceFile:323)

08-06 14:43:43.067  5783  6842 I LSPosed-Bridge: 	at com.tencent.klevin.base.c.c.d(SourceFile:47)

08-06 14:43:43.067  5783  6842 I LSPosed-Bridge: 	at com.tencent.klevin.base.c.c$2.a(SourceFile:303)

08-06 14:43:43.067  5783  6842 I LSPosed-Bridge: 	at com.tencent.klevin.base.c.a$1.onResponse(SourceFile:79)

08-06 14:43:43.067  5783  6842 I LSPosed-Bridge: 	at com.tencent.klevin.base.f.y$a.d(SourceFile:202)

08-06 14:43:43.067  5783  6842 I LSPosed-Bridge: 	at com.tencent.klevin.base.f.a.b.run(SourceFile:32)

08-06 14:43:43.067  5783  6842 I LSPosed-Bridge: 	at java.util.concurrent.ThreadPoolExecutor.runWorker(ThreadPoolExecutor.java:1167)

08-06 14:43:43.067  5783  6842 I LSPosed-Bridge: 	at java.util.concurrent.ThreadPoolExecutor$Worker.run(ThreadPoolExecutor.java:641)

08-06 14:43:43.067  5783  6842 I LSPosed-Bridge: 	at java.lang.Thread.run(Thread.java:764)

08-06 14:43:48.075  5783  6821 I LSPosed-Bridge: 5783 PermLabel getRunningAppProcesses =android.app.ActivityManager$RunningAppProcessInfo@ea554ba

08-06 14:43:48.075  5783  6821 I LSPosed-Bridge: 5783 PermLabel getRunningAppProcesses processName: com.myzaker.ZAKER_Phone pid: 5783

08-06 14:43:48.075  5783  6821 I LSPosed-Bridge: 5783 PermLabel getRunningAppProcesses importance: 100 pid: 5783

08-06 14:43:48.075  5783  6821 I LSPosed-Bridge: 5783 PermLabel getRunningAppProcesses packageName com.myzaker.ZAKER_Phone at index 0 in process 5783

08-06 14:43:48.075  5783  6821 I LSPosed-Bridge: 5783 PermLabel getRunningAppProcesses =android.app.ActivityManager$RunningAppProcessInfo@e11ef6b

08-06 14:43:48.075  5783  6821 I LSPosed-Bridge: 5783 PermLabel getRunningAppProcesses processName: com.myzaker.ZAKER_Phone:v1 pid: 6886

08-06 14:43:48.075  5783  6821 I LSPosed-Bridge: 5783 PermLabel getRunningAppProcesses importance: 125 pid: 6886

08-06 14:43:48.075  5783  6821 I LSPosed-Bridge: 5783 PermLabel getRunningAppProcesses packageName com.myzaker.ZAKER_Phone at index 0 in process 6886

08-06 14:43:48.075  5783  6821 I LSPosed-Bridge: 5783 PermLabel permName: android.permission.READ_PHONE_STATE; getRunningAppProcesses =[android.app.ActivityManager$RunningAppProcessInfo@ea554ba, android.app.ActivityManager$RunningAppProcessInfo@e11ef6b]; stacktrace=java.lang.Exception

08-06 14:43:48.075  5783  6821 I LSPosed-Bridge: 	at com.example.permlabel.hookBinder_test$2.afterHookedMethod(hookBinder_test.java:107)

08-06 14:43:48.075  5783  6821 I LSPosed-Bridge: 	at de.robv.android.xposed.XposedBridge$AdditionalHookInfo.callback(Unknown Source:147)

08-06 14:43:48.075  5783  6821 I LSPosed-Bridge: 	at LSPHooker_.getRunningAppProcesses(Unknown Source:8)

08-06 14:43:48.075  5783  6821 I LSPosed-Bridge: 	at com.tencent.klevin.utils.e.c(SourceFile:104)

08-06 14:43:48.075  5783  6821 I LSPosed-Bridge: 	at com.tencent.klevin.base.c.c$1.handleMessage(SourceFile:184)

08-06 14:43:48.075  5783  6821 I LSPosed-Bridge: 	at android.os.Handler.dispatchMessage(Handler.java:106)

08-06 14:43:48.075  5783  6821 I LSPosed-Bridge: 	at android.os.Looper.loop(Looper.java:193)

08-06 14:43:48.075  5783  6821 I LSPosed-Bridge: 	at android.os.HandlerThread.run(HandlerThread.java:65)

08-06 14:43:48.287  5783  6842 I LSPosed-Bridge: 5783 PermLabel hookBinder_test 10126 interfaceBinder =android.app.IActivityManager; arg0 = 81; arg1 = android.os.Parcel@49ddf19; arg2 = android.os.Parcel@f3d06f4; arg3 = 0; res = true; stacktrace=java.lang.Exception

08-06 14:43:48.287  5783  6842 I LSPosed-Bridge: 	at com.example.permlabel.hookBinder_test$1.afterHookedMethod(hookBinder_test.java:67)

08-06 14:43:48.287  5783  6842 I LSPosed-Bridge: 	at de.robv.android.xposed.XposedBridge$AdditionalHookInfo.callback(Unknown Source:147)

08-06 14:43:48.287  5783  6842 I LSPosed-Bridge: 	at LSPHooker_.transact(Unknown Source:28)

08-06 14:43:48.287  5783  6842 I LSPosed-Bridge: 	at android.app.IActivityManager$Stub$Proxy.getRunningAppProcesses(IActivityManager.java:5366)

08-06 14:43:48.287  5783  6842 I LSPosed-Bridge: 	at android.app.ActivityManager.getRunningAppProcesses(ActivityManager.java:3435)

08-06 14:43:48.287  5783  6842 I LSPosed-Bridge: 	at java.lang.reflect.Method.invoke(Native Method)

08-06 14:43:48.287  5783  6842 I LSPosed-Bridge: 	at org.lsposed.lspd.nativebridge.HookBridge.invokeOriginalMethod(Native Method)

08-06 14:43:48.287  5783  6842 I LSPosed-Bridge: 	at de.robv.android.xposed.XposedBridge$AdditionalHookInfo.callback(Unknown Source:110)

08-06 14:43:48.287  5783  6842 I LSPosed-Bridge: 	at LSPHooker_.getRunningAppProcesses(Unknown Source:8)

08-06 14:43:48.287  5783  6842 I LSPosed-Bridge: 	at com.tencent.klevin.utils.e.c(SourceFile:104)

08-06 14:43:48.287  5783  6842 I LSPosed-Bridge: 	at com.tencent.klevin.base.c.c.j(SourceFile:381)

08-06 14:43:48.287  5783  6842 I LSPosed-Bridge: 	at com.tencent.klevin.base.c.c.g(SourceFile:323)

08-06 14:43:48.287  5783  6842 I LSPosed-Bridge: 	at com.tencent.klevin.base.c.c.d(SourceFile:47)

08-06 14:43:48.287  5783  6842 I LSPosed-Bridge: 	at com.tencent.klevin.base.c.c$2.a(SourceFile:303)

08-06 14:43:48.287  5783  6842 I LSPosed-Bridge: 	at com.tencent.klevin.base.c.a$1.onResponse(SourceFile:79)

08-06 14:43:48.287  5783  6842 I LSPosed-Bridge: 	at com.tencent.klevin.base.f.y$a.d(SourceFile:202)

08-06 14:43:48.287  5783  6842 I LSPosed-Bridge: 	at com.tencent.klevin.base.f.a.b.run(SourceFile:32)

08-06 14:43:48.287  5783  6842 I LSPosed-Bridge: 	at java.util.concurrent.ThreadPoolExecutor.runWorker(ThreadPoolExecutor.java:1167)

08-06 14:43:48.287  5783  6842 I LSPosed-Bridge: 	at java.util.concurrent.ThreadPoolExecutor$Worker.run(ThreadPoolExecutor.java:641)

08-06 14:43:48.287  5783  6842 I LSPosed-Bridge: 	at java.lang.Thread.run(Thread.java:764)

08-06 14:43:48.287  5783  6842 I LSPosed-Bridge: 5783 PermLabel getRunningAppProcesses =android.app.ActivityManager$RunningAppProcessInfo@4b1895b

08-06 14:43:48.287  5783  6842 I LSPosed-Bridge: 5783 PermLabel getRunningAppProcesses processName: com.myzaker.ZAKER_Phone pid: 5783

08-06 14:43:48.287  5783  6842 I LSPosed-Bridge: 5783 PermLabel getRunningAppProcesses importance: 100 pid: 5783

08-06 14:43:48.287  5783  6842 I LSPosed-Bridge: 5783 PermLabel getRunningAppProcesses packageName com.myzaker.ZAKER_Phone at index 0 in process 5783

08-06 14:43:48.287  5783  6842 I LSPosed-Bridge: 5783 PermLabel getRunningAppProcesses =android.app.ActivityManager$RunningAppProcessInfo@ed365f8

08-06 14:43:48.287  5783  6842 I LSPosed-Bridge: 5783 PermLabel getRunningAppProcesses processName: com.myzaker.ZAKER_Phone:v1 pid: 6886

08-06 14:43:48.287  5783  6842 I LSPosed-Bridge: 5783 PermLabel getRunningAppProcesses importance: 125 pid: 6886

08-06 14:43:48.287  5783  6842 I LSPosed-Bridge: 5783 PermLabel getRunningAppProcesses packageName com.myzaker.ZAKER_Phone at index 0 in process 6886

08-06 14:43:48.287  5783  6842 I LSPosed-Bridge: 5783 PermLabel permName: android.permission.READ_PHONE_STATE; getRunningAppProcesses =[android.app.ActivityManager$RunningAppProcessInfo@4b1895b, android.app.ActivityManager$RunningAppProcessInfo@ed365f8]; stacktrace=java.lang.Exception

08-06 14:43:48.287  5783  6842 I LSPosed-Bridge: 	at com.example.permlabel.hookBinder_test$2.afterHookedMethod(hookBinder_test.java:107)

