08-06 14:42:30.311  5783  5783 I LSPosed-Bridge: 	at android.view.accessibility.IAccessibilityInteractionConnectionCallback$Stub$Proxy.setFindAccessibilityNodeInfosResult(IAccessibilityInteractionConnectionCallback.java:146)

08-06 14:42:30.311  5783  5783 I LSPosed-Bridge: 	at android.view.AccessibilityInteractionController.updateInfosForViewportAndReturnFindNodeResult(AccessibilityInteractionController.java:869)

08-06 14:42:30.311  5783  5783 I LSPosed-Bridge: 	at android.view.AccessibilityInteractionController.findAccessibilityNodeInfoByAccessibilityIdUiThread(AccessibilityInteractionController.java:340)

08-06 14:42:30.311  5783  5783 I LSPosed-Bridge: 	at android.view.AccessibilityInteractionController.access$400(AccessibilityInteractionController.java:67)

08-06 14:42:30.311  5783  5783 I LSPosed-Bridge: 	at android.view.AccessibilityInteractionController$PrivateHandler.handleMessage(AccessibilityInteractionController.java:1324)

08-06 14:42:30.311  5783  5783 I LSPosed-Bridge: 	at android.os.Handler.dispatchMessage(Handler.java:106)

08-06 14:42:30.311  5783  5783 I LSPosed-Bridge: 	at android.os.Looper.loop(Looper.java:193)

08-06 14:42:30.311  5783  5783 I LSPosed-Bridge: 	at android.app.ActivityThread.main(ActivityThread.java:6692)

08-06 14:42:30.311  5783  5783 I LSPosed-Bridge: 	at java.lang.reflect.Method.invoke(Native Method)

08-06 14:42:30.311  5783  5783 I LSPosed-Bridge: 	at com.android.internal.os.RuntimeInit$MethodAndArgsCaller.run(RuntimeInit.java:493)

08-06 14:42:30.311  5783  5783 I LSPosed-Bridge: 	at com.android.internal.os.ZygoteInit.main(ZygoteInit.java:858)

08-06 14:42:35.318  5783  6821 I LSPosed-Bridge: 5783 PermLabel getRunningAppProcesses =android.app.ActivityManager$RunningAppProcessInfo@ef8c2c1

08-06 14:42:35.318  5783  6821 I LSPosed-Bridge: 5783 PermLabel getRunningAppProcesses processName: com.myzaker.ZAKER_Phone pid: 5783

08-06 14:42:35.318  5783  6821 I LSPosed-Bridge: 5783 PermLabel getRunningAppProcesses importance: 100 pid: 5783

08-06 14:42:35.318  5783  6821 I LSPosed-Bridge: 5783 PermLabel getRunningAppProcesses packageName com.myzaker.ZAKER_Phone at index 0 in process 5783

08-06 14:42:35.318  5783  6821 I LSPosed-Bridge: 5783 PermLabel getRunningAppProcesses =android.app.ActivityManager$RunningAppProcessInfo@d87ea66

08-06 14:42:35.318  5783  6821 I LSPosed-Bridge: 5783 PermLabel getRunningAppProcesses processName: com.myzaker.ZAKER_Phone:v1 pid: 6886

08-06 14:42:35.318  5783  6821 I LSPosed-Bridge: 5783 PermLabel getRunningAppProcesses importance: 125 pid: 6886

08-06 14:42:35.318  5783  6821 I LSPosed-Bridge: 5783 PermLabel getRunningAppProcesses packageName com.myzaker.ZAKER_Phone at index 0 in process 6886

08-06 14:42:35.318  5783  6821 I LSPosed-Bridge: 5783 PermLabel permName: android.permission.READ_PHONE_STATE; getRunningAppProcesses =[android.app.ActivityManager$RunningAppProcessInfo@ef8c2c1, android.app.ActivityManager$RunningAppProcessInfo@d87ea66]; stacktrace=java.lang.Exception

08-06 14:42:35.318  5783  6821 I LSPosed-Bridge: 	at com.example.permlabel.hookBinder_test$2.afterHookedMethod(hookBinder_test.java:107)

08-06 14:42:35.318  5783  6821 I LSPosed-Bridge: 	at de.robv.android.xposed.XposedBridge$AdditionalHookInfo.callback(Unknown Source:147)

08-06 14:42:35.318  5783  6821 I LSPosed-Bridge: 	at LSPHooker_.getRunningAppProcesses(Unknown Source:8)

08-06 14:42:35.318  5783  6821 I LSPosed-Bridge: 	at com.tencent.klevin.utils.e.c(SourceFile:104)

08-06 14:42:35.318  5783  6821 I LSPosed-Bridge: 	at com.tencent.klevin.base.c.c$1.handleMessage(SourceFile:184)

08-06 14:42:35.318  5783  6821 I LSPosed-Bridge: 	at android.os.Handler.dispatchMessage(Handler.java:106)

08-06 14:42:35.318  5783  6821 I LSPosed-Bridge: 	at android.os.Looper.loop(Looper.java:193)

08-06 14:42:35.318  5783  6821 I LSPosed-Bridge: 	at android.os.HandlerThread.run(HandlerThread.java:65)

08-06 14:42:35.472  5783  6842 I LSPosed-Bridge: 5783 PermLabel permName: android.permission.READ_PHONE_STATE; getRunningAppProcesses =[android.app.ActivityManager$RunningAppProcessInfo@b68b297, android.app.ActivityManager$RunningAppProcessInfo@9c83c84]; stacktrace=java.lang.Exception

08-06 14:42:35.472  5783  6842 I LSPosed-Bridge: 	at com.example.permlabel.hookBinder_test$2.afterHookedMethod(hookBinder_test.java:107)

08-06 14:42:35.472  5783  6842 I LSPosed-Bridge: 	at de.robv.android.xposed.XposedBridge$AdditionalHookInfo.callback(Unknown Source:147)

08-06 14:42:35.472  5783  6842 I LSPosed-Bridge: 	at LSPHooker_.getRunningAppProcesses(Unknown Source:8)

08-06 14:42:35.472  5783  6842 I LSPosed-Bridge: 	at com.tencent.klevin.utils.e.c(SourceFile:104)

08-06 14:42:35.472  5783  6842 I LSPosed-Bridge: 	at com.tencent.klevin.base.c.c.j(SourceFile:381)

08-06 14:42:35.472  5783  6842 I LSPosed-Bridge: 	at com.tencent.klevin.base.c.c.g(SourceFile:323)

08-06 14:42:35.472  5783  6842 I LSPosed-Bridge: 	at com.tencent.klevin.base.c.c.d(SourceFile:47)

08-06 14:42:35.472  5783  6842 I LSPosed-Bridge: 	at com.tencent.klevin.base.c.c$2.a(SourceFile:303)

08-06 14:42:35.472  5783  6842 I LSPosed-Bridge: 	at com.tencent.klevin.base.c.a$1.onResponse(SourceFile:79)

08-06 14:42:35.472  5783  6842 I LSPosed-Bridge: 	at com.tencent.klevin.base.f.y$a.d(SourceFile:202)

08-06 14:42:35.472  5783  6842 I LSPosed-Bridge: 	at com.tencent.klevin.base.f.a.b.run(SourceFile:32)

08-06 14:42:35.472  5783  6842 I LSPosed-Bridge: 	at java.util.concurrent.ThreadPoolExecutor.runWorker(ThreadPoolExecutor.java:1167)

08-06 14:42:35.472  5783  6842 I LSPosed-Bridge: 	at java.util.concurrent.ThreadPoolExecutor$Worker.run(ThreadPoolExecutor.java:641)

08-06 14:42:35.472  5783  6842 I LSPosed-Bridge: 	at java.lang.Thread.run(Thread.java:764)

08-06 14:42:35.472  1574  5252 W ActivityManager: No permission grants found for com.google.android.apps.photos

08-06 14:42:35.472  5783  5783 I LSPosed-Bridge: 5783 PermLabel hookBinder_test 10126 interfaceBinder =android.view.accessibility.IAccessibilityInteractionConnectionCallback; arg0 = 2; arg1 = android.os.Parcel@dbe3cd6; arg2 = null; arg3 = 1; res = true; stacktrace=java.lang.Exception

08-06 14:42:35.472  5783  5783 I LSPosed-Bridge: 	at com.example.permlabel.hookBinder_test$1.afterHookedMethod(hookBinder_test.java:67)

08-06 14:42:35.472  5783  5783 I LSPosed-Bridge: 	at de.robv.android.xposed.XposedBridge$AdditionalHookInfo.callback(Unknown Source:147)

08-06 14:42:35.472  5783  5783 I LSPosed-Bridge: 	at LSPHooker_.transact(Unknown Source:28)

08-06 14:42:35.472  5783  5783 I LSPosed-Bridge: 	at android.view.accessibility.IAccessibilityInteractionConnectionCallback$Stub$Proxy.setFindAccessibilityNodeInfosResult(IAccessibilityInteractionConnectionCallback.java:146)

08-06 14:42:35.472  5783  5783 I LSPosed-Bridge: 	at android.view.AccessibilityInteractionController.updateInfosForViewportAndReturnFindNodeResult(AccessibilityInteractionController.java:869)

08-06 14:42:35.472  5783  5783 I LSPosed-Bridge: 	at android.view.AccessibilityInteractionController.findAccessibilityNodeInfoByAccessibilityIdUiThread(AccessibilityInteractionController.java:340)

08-06 14:42:35.472  5783  5783 I LSPosed-Bridge: 	at android.view.AccessibilityInteractionController.access$400(AccessibilityInteractionController.java:67)

08-06 14:42:35.472  5783  5783 I LSPosed-Bridge: 	at android.view.AccessibilityInteractionController$PrivateHandler.handleMessage(AccessibilityInteractionController.java:1324)

08-06 14:42:35.472  5783  5783 I LSPosed-Bridge: 	at android.os.Handler.dispatchMessage(Handler.java:106)

08-06 14:42:35.472  5783  5783 I LSPosed-Bridge: 	at android.os.Looper.loop(Looper.java:193)

08-06 14:42:35.472  5783  5783 I LSPosed-Bridge: 	at android.app.ActivityThread.main(ActivityThread.java:6692)

08-06 14:42:35.472  5783  5783 I LSPosed-Bridge: 	at java.lang.reflect.Method.invoke(Native Method)

08-06 14:42:35.472  5783  5783 I LSPosed-Bridge: 	at com.android.internal.os.RuntimeInit$MethodAndArgsCaller.run(RuntimeInit.java:493)

08-06 14:42:35.472  5783  5783 I LSPosed-Bridge: 	at com.android.internal.os.ZygoteInit.main(ZygoteInit.java:858)

08-06 14:42:40.478  5783  6821 I LSPosed-Bridge: 5783 PermLabel hookBinder_test 10126 interfaceBinder =android.app.IActivityManager; arg0 = 81; arg1 = android.os.Parcel@49ddf19; arg2 = android.os.Parcel@dbe3cd6; arg3 = 0; res = true; stacktrace=java.lang.Exception

08-06 14:42:40.478  5783  6821 I LSPosed-Bridge: 	at com.example.permlabel.hookBinder_test$1.afterHookedMethod(hookBinder_test.java:67)

08-06 14:42:40.478  5783  6821 I LSPosed-Bridge: 	at de.robv.android.xposed.XposedBridge$AdditionalHookInfo.callback(Unknown Source:147)

08-06 14:42:40.478  5783  6821 I LSPosed-Bridge: 	at LSPHooker_.transact(Unknown Source:28)

08-06 14:42:40.478  5783  6821 I LSPosed-Bridge: 	at android.app.IActivityManager$Stub$Proxy.getRunningAppProcesses(IActivityManager.java:5366)

08-06 14:42:40.478  5783  6821 I LSPosed-Bridge: 	at android.app.ActivityManager.getRunningAppProcesses(ActivityManager.java:3435)

08-06 14:42:40.478  5783  6821 I LSPosed-Bridge: 	at java.lang.reflect.Method.invoke(Native Method)

08-06 14:42:40.478  5783  6821 I LSPosed-Bridge: 	at org.lsposed.lspd.nativebridge.HookBridge.invokeOriginalMethod(Native Method)

08-06 14:42:40.478  5783  6821 I LSPosed-Bridge: 	at de.robv.android.xposed.XposedBridge$AdditionalHookInfo.callback(Unknown Source:110)

08-06 14:42:40.478  5783  6821 I LSPosed-Bridge: 	at LSPHooker_.getRunningAppProcesses(Unknown Source:8)

08-06 14:42:40.478  5783  6821 I LSPosed-Bridge: 	at com.tencent.klevin.utils.e.c(SourceFile:104)

08-06 14:42:40.478  5783  6821 I LSPosed-Bridge: 	at com.tencent.klevin.base.c.c$1.handleMessage(SourceFile:184)

08-06 14:42:40.478  5783  6821 I LSPosed-Bridge: 	at android.os.Handler.dispatchMessage(Handler.java:106)

08-06 14:42:40.478  5783  6821 I LSPosed-Bridge: 	at android.os.Looper.loop(Looper.java:193)

08-06 14:42:40.478  5783  6821 I LSPosed-Bridge: 	at android.os.HandlerThread.run(HandlerThread.java:65)

08-06 14:42:40.478  5783  6821 I LSPosed-Bridge: 5783 PermLabel getRunningAppProcesses =android.app.ActivityManager$RunningAppProcessInfo@e64f8da

08-06 14:42:40.478  5783  6821 I LSPosed-Bridge: 5783 PermLabel getRunningAppProcesses processName: com.myzaker.ZAKER_Phone pid: 5783

08-06 14:42:40.478  5783  6821 I LSPosed-Bridge: 5783 PermLabel getRunningAppProcesses importance: 100 pid: 5783

08-06 14:42:40.478  5783  6821 I LSPosed-Bridge: 5783 PermLabel getRunningAppProcesses packageName com.myzaker.ZAKER_Phone at index 0 in process 5783

08-06 14:42:40.478  5783  6821 I LSPosed-Bridge: 5783 PermLabel getRunningAppProcesses =android.app.ActivityManager$RunningAppProcessInfo@76c910b

08-06 14:42:40.478  5783  6821 I LSPosed-Bridge: 5783 PermLabel getRunningAppProcesses processName: com.myzaker.ZAKER_Phone:v1 pid: 6886

08-06 14:42:40.478  5783  6821 I LSPosed-Bridge: 5783 PermLabel getRunningAppProcesses importance: 125 pid: 6886

08-06 14:42:40.478  5783  6821 I LSPosed-Bridge: 5783 PermLabel getRunningAppProcesses packageName com.myzaker.ZAKER_Phone at index 0 in process 6886

08-06 14:42:40.478  5783  6821 I LSPosed-Bridge: 5783 PermLabel permName: android.permission.READ_PHONE_STATE; getRunningAppProcesses =[android.app.ActivityManager$RunningAppProcessInfo@e64f8da, android.app.ActivityManager$RunningAppProcessInfo@76c910b]; stacktrace=java.lang.Exception

08-06 14:42:40.478  5783  6821 I LSPosed-Bridge: 	at com.example.permlabel.hookBinder_test$2.afterHookedMethod(hookBinder_test.java:107)

08-06 14:42:40.478  5783  6821 I LSPosed-Bridge: 	at de.robv.android.xposed.XposedBridge$AdditionalHookInfo.callback(Unknown Source:147)

08-06 14:42:40.478  5783  6821 I LSPosed-Bridge: 	at LSPHooker_.getRunningAppProcesses(Unknown Source:8)

08-06 14:42:40.478  5783  6821 I LSPosed-Bridge: 	at com.tencent.klevin.utils.e.c(SourceFile:104)

08-06 14:42:40.478  5783  6821 I LSPosed-Bridge: 	at com.tencent.klevin.base.c.c$1.handleMessage(SourceFile:184)

08-06 14:42:40.478  5783  6821 I LSPosed-Bridge: 	at android.os.Handler.dispatchMessage(Handler.java:106)

08-06 14:42:40.478  5783  6821 I LSPosed-Bridge: 	at android.os.Looper.loop(Looper.java:193)

08-06 14:42:40.478  5783  6821 I LSPosed-Bridge: 	at android.os.HandlerThread.run(HandlerThread.java:65)

08-06 14:42:40.754  5783  6842 I LSPosed-Bridge: 5783 PermLabel hookBinder_test 10126 interfaceBinder =android.app.IActivityManager; arg0 = 81; arg1 = android.os.Parcel@844d978; arg2 = android.os.Parcel@49ddf19; arg3 = 0; res = true; stacktrace=java.lang.Exception

08-06 14:42:40.754  5783  6842 I LSPosed-Bridge: 	at com.example.permlabel.hookBinder_test$1.afterHookedMethod(hookBinder_test.java:67)

08-06 14:42:40.754  5783  6842 I LSPosed-Bridge: 	at de.robv.android.xposed.XposedBridge$AdditionalHookInfo.callback(Unknown Source:147)

08-06 14:42:40.754  5783  6842 I LSPosed-Bridge: 	at LSPHooker_.transact(Unknown Source:28)

08-06 14:42:40.754  5783  6842 I LSPosed-Bridge: 	at android.app.IActivityManager$Stub$Proxy.getRunningAppProcesses(IActivityManager.java:5366)

08-06 14:42:40.754  5783  6842 I LSPosed-Bridge: 	at android.app.ActivityManager.getRunningAppProcesses(ActivityManager.java:3435)

08-06 14:42:40.754  5783  6842 I LSPosed-Bridge: 	at java.lang.reflect.Method.invoke(Native Method)

08-06 14:42:40.754  5783  6842 I LSPosed-Bridge: 	at org.lsposed.lspd.nativebridge.HookBridge.invokeOriginalMethod(Native Method)

08-06 14:42:40.754  5783  6842 I LSPosed-Bridge: 	at de.robv.android.xposed.XposedBridge$AdditionalHookInfo.callback(Unknown Source:110)

08-06 14:42:40.754  5783  6842 I LSPosed-Bridge: 	at LSPHooker_.getRunningAppProcesses(Unknown Source:8)

08-06 14:42:40.754  5783  6842 I LSPosed-Bridge: 	at com.tencent.klevin.utils.e.c(SourceFile:104)

08-06 14:42:40.754  5783  6842 I LSPosed-Bridge: 	at com.tencent.klevin.base.c.c.j(SourceFile:381)

08-06 14:42:40.754  5783  6842 I LSPosed-Bridge: 	at com.tencent.klevin.base.c.c.g(SourceFile:323)

08-06 14:42:40.754  5783  6842 I LSPosed-Bridge: 	at com.tencent.klevin.base.c.c.d(SourceFile:47)

08-06 14:42:40.754  5783  6842 I LSPosed-Bridge: 	at com.tencent.klevin.base.c.c$2.a(SourceFile:303)

08-06 14:42:40.754  5783  6842 I LSPosed-Bridge: 	at com.tencent.klevin.base.c.a$1.onResponse(SourceFile:79)

08-06 14:42:40.754  5783  6842 I LSPosed-Bridge: 	at com.tencent.klevin.base.f.y$a.d(SourceFile:202)

08-06 14:42:40.754  5783  6842 I LSPosed-Bridge: 	at com.tencent.klevin.base.f.a.b.run(SourceFile:32)

08-06 14:42:40.754  5783  6842 I LSPosed-Bridge: 	at java.util.concurrent.ThreadPoolExecutor.runWorker(ThreadPoolExecutor.java:1167)

08-06 14:42:40.754  5783  6842 I LSPosed-Bridge: 	at java.util.concurrent.ThreadPoolExecutor$Worker.run(ThreadPoolExecutor.java:641)

08-06 14:42:40.754  5783  6842 I LSPosed-Bridge: 	at java.lang.Thread.run(Thread.java:764)

08-06 14:42:40.754  5783  6842 I LSPosed-Bridge: 5783 PermLabel getRunningAppProcesses =android.app.ActivityManager$RunningAppProcessInfo@3a9206

08-06 14:42:40.754  5783  6842 I LSPosed-Bridge: 5783 PermLabel getRunningAppProcesses processName: com.myzaker.ZAKER_Phone pid: 5783

08-06 14:42:40.754  5783  6842 I LSPosed-Bridge: 5783 PermLabel getRunningAppProcesses importance: 100 pid: 5783

08-06 14:42:40.754  5783  6842 I LSPosed-Bridge: 5783 PermLabel getRunningAppProcesses packageName com.myzaker.ZAKER_Phone at index 0 in process 5783

08-06 14:42:40.754  5783  6842 I LSPosed-Bridge: 5783 PermLabel getRunningAppProcesses =android.app.ActivityManager$RunningAppProcessInfo@81230c7

08-06 14:42:40.754  5783  6842 I LSPosed-Bridge: 5783 PermLabel getRunningAppProcesses processName: com.myzaker.ZAKER_Phone:v1 pid: 6886

08-06 14:42:40.754  5783  6842 I LSPosed-Bridge: 5783 PermLabel getRunningAppProcesses importance: 125 pid: 6886

08-06 14:42:40.754  5783  6842 I LSPosed-Bridge: 5783 PermLabel getRunningAppProcesses packageName com.myzaker.ZAKER_Phone at index 0 in process 6886

08-06 14:42:40.754  5783  6842 I LSPosed-Bridge: 5783 PermLabel permName: android.permission.READ_PHONE_STATE; getRunningAppProcesses =[android.app.ActivityManager$RunningAppProcessInfo@3a9206, android.app.ActivityManager$RunningAppProcessInfo@81230c7]; stacktrace=java.lang.Exception

08-06 14:42:40.754  5783  6842 I LSPosed-Bridge: 	at com.example.permlabel.hookBinder_test$2.afterHookedMethod(hookBinder_test.java:107)

08-06 14:42:40.754  5783  6842 I LSPosed-Bridge: 	at de.robv.android.xposed.XposedBridge$AdditionalHookInfo.callback(Unknown Source:147)

08-06 14:42:40.754  5783  6842 I LSPosed-Bridge: 	at LSPHooker_.getRunningAppProcesses(Unknown Source:8)

08-06 14:42:40.754  5783  6842 I LSPosed-Bridge: 	at com.tencent.klevin.utils.e.c(SourceFile:104)

08-06 14:42:40.754  5783  6842 I LSPosed-Bridge: 	at com.tencent.klevin.base.c.c.j(SourceFile:381)

08-06 14:42:40.754  5783  6842 I LSPosed-Bridge: 	at com.tencent.klevin.base.c.c.g(SourceFile:323)

08-06 14:42:40.754  5783  6842 I LSPosed-Bridge: 	at com.tencent.klevin.base.c.c.d(SourceFile:47)

08-06 14:42:40.754  5783  6842 I LSPosed-Bridge: 	at com.tencent.klevin.base.c.c$2.a(SourceFile:303)

08-06 14:42:40.754  5783  6842 I LSPosed-Bridge: 	at com.tencent.klevin.base.c.a$1.onResponse(SourceFile:79)

08-06 14:42:40.754  5783  6842 I LSPosed-Bridge: 	at com.tencent.klevin.base.f.y$a.d(SourceFile:202)

08-06 14:42:40.754  5783  6842 I LSPosed-Bridge: 	at com.tencent.klevin.base.f.a.b.run(SourceFile:32)

08-06 14:42:40.754  5783  6842 I LSPosed-Bridge: 	at java.util.concurrent.ThreadPoolExecutor.runWorker(ThreadPoolExecutor.java:1167)

08-06 14:42:40.754  5783  6842 I LSPosed-Bridge: 	at java.util.concurrent.ThreadPoolExecutor$Worker.run(ThreadPoolExecutor.java:641)

08-06 14:42:40.754  5783  6842 I LSPosed-Bridge: 	at java.lang.Thread.run(Thread.java:764)

08-06 14:42:45.757  5783  6821 I LSPosed-Bridge: 5783 PermLabel hookBinder_test 10126 interfaceBinder =android.app.IActivityManager; arg0 = 81; arg1 = android.os.Parcel@49ddf19; arg2 = android.os.Parcel@844d978; arg3 = 0; res = true; stacktrace=java.lang.Exception

08-06 14:42:45.757  5783  6821 I LSPosed-Bridge: 	at com.example.permlabel.hookBinder_test$1.afterHookedMethod(hookBinder_test.java:67)

08-06 14:42:45.757  5783  6821 I LSPosed-Bridge: 	at de.robv.android.xposed.XposedBridge$AdditionalHookInfo.callback(Unknown Source:147)

08-06 14:42:45.757  5783  6821 I LSPosed-Bridge: 	at LSPHooker_.transact(Unknown Source:28)

08-06 14:42:45.757  5783  6821 I LSPosed-Bridge: 	at android.app.IActivityManager$Stub$Proxy.getRunningAppProcesses(IActivityManager.java:5366)

08-06 14:42:45.757  5783  6821 I LSPosed-Bridge: 	at android.app.ActivityManager.getRunningAppProcesses(ActivityManager.java:3435)

08-06 14:42:45.757  5783  6821 I LSPosed-Bridge: 	at java.lang.reflect.Method.invoke(Native Method)

08-06 14:42:45.757  5783  6821 I LSPosed-Bridge: 	at org.lsposed.lspd.nativebridge.HookBridge.invokeOriginalMethod(Native Method)

08-06 14:42:45.757  5783  6821 I LSPosed-Bridge: 	at de.robv.android.xposed.XposedBridge$AdditionalHookInfo.callback(Unknown Source:110)

08-06 14:42:45.757  5783  6821 I LSPosed-Bridge: 	at LSPHooker_.getRunningAppProcesses(Unknown Source:8)

08-06 14:42:45.757  5783  6821 I LSPosed-Bridge: 	at com.tencent.klevin.utils.e.c(SourceFile:104)

08-06 14:42:45.757  5783  6821 I LSPosed-Bridge: 	at com.tencent.klevin.base.c.c$1.handleMessage(SourceFile:184)

08-06 14:42:45.757  5783  6821 I LSPosed-Bridge: 	at android.os.Handler.dispatchMessage(Handler.java:106)

08-06 14:42:45.757  5783  6821 I LSPosed-Bridge: 	at android.os.Looper.loop(Looper.java:193)

08-06 14:42:45.757  5783  6821 I LSPosed-Bridge: 	at android.os.HandlerThread.run(HandlerThread.java:65)

08-06 14:42:45.757  5783  6821 I LSPosed-Bridge: 5783 PermLabel getRunningAppProcesses =android.app.ActivityManager$RunningAppProcessInfo@8bb8e39

08-06 14:42:45.757  5783  6821 I LSPosed-Bridge: 5783 PermLabel getRunningAppProcesses processName: com.myzaker.ZAKER_Phone pid: 5783

08-06 14:42:45.757  5783  6821 I LSPosed-Bridge: 5783 PermLabel getRunningAppProcesses importance: 100 pid: 5783

08-06 14:42:45.757  5783  6821 I LSPosed-Bridge: 5783 PermLabel getRunningAppProcesses packageName com.myzaker.ZAKER_Phone at index 0 in process 5783

08-06 14:42:45.757  5783  6821 I LSPosed-Bridge: 5783 PermLabel getRunningAppProcesses =android.app.ActivityManager$RunningAppProcessInfo@6471c7e

08-06 14:42:45.757  5783  6821 I LSPosed-Bridge: 5783 PermLabel getRunningAppProcesses processName: com.myzaker.ZAKER_Phone:v1 pid: 6886

08-06 14:42:45.757  5783  6821 I LSPosed-Bridge: 5783 PermLabel getRunningAppProcesses importance: 125 pid: 6886

08-06 14:42:45.757  5783  6821 I LSPosed-Bridge: 5783 PermLabel getRunningAppProcesses packageName com.myzaker.ZAKER_Phone at index 0 in process 6886

08-06 14:42:45.757  5783  6821 I LSPosed-Bridge: 5783 PermLabel permName: android.permission.READ_PHONE_STATE; getRunningAppProcesses =[android.app.ActivityManager$RunningAppProcessInfo@8bb8e39, android.app.ActivityManager$RunningAppProcessInfo@6471c7e]; stacktrace=java.lang.Exception

08-06 14:42:45.757  5783  6821 I LSPosed-Bridge: 	at com.example.permlabel.hookBinder_test$2.afterHookedMethod(hookBinder_test.java:107)

08-06 14:42:45.757  5783  6821 I LSPosed-Bridge: 	at de.robv.android.xposed.XposedBridge$AdditionalHookInfo.callback(Unknown Source:147)

08-06 14:42:45.757  5783  6821 I LSPosed-Bridge: 	at LSPHooker_.getRunningAppProcesses(Unknown Source:8)

08-06 14:42:45.757  5783  6821 I LSPosed-Bridge: 	at com.tencent.klevin.utils.e.c(SourceFile:104)

08-06 14:42:45.757  5783  6821 I LSPosed-Bridge: 	at com.tencent.klevin.base.c.c$1.handleMessage(SourceFile:184)

08-06 14:42:45.757  5783  6821 I LSPosed-Bridge: 	at android.os.Handler.dispatchMessage(Handler.java:106)

08-06 14:42:45.757  5783  6821 I LSPosed-Bridge: 	at android.os.Looper.loop(Looper.java:193)

08-06 14:42:45.757  5783  6821 I LSPosed-Bridge: 	at android.os.HandlerThread.run(HandlerThread.java:65)

08-06 14:42:46.069  5783  6842 I LSPosed-Bridge: 5783 PermLabel permName: android.permission.READ_PHONE_STATE; getRunningAppProcesses =[android.app.ActivityManager$RunningAppProcessInfo@16f6473, android.app.ActivityManager$RunningAppProcessInfo@faff30]; stacktrace=java.lang.Exception

08-06 14:42:46.069  5783  6842 I LSPosed-Bridge: 	at com.example.permlabel.hookBinder_test$2.afterHookedMethod(hookBinder_test.java:107)

08-06 14:42:46.069  5783  6842 I LSPosed-Bridge: 	at de.robv.android.xposed.XposedBridge$AdditionalHookInfo.callback(Unknown Source:147)

08-06 14:42:46.069  5783  6842 I LSPosed-Bridge: 	at LSPHooker_.getRunningAppProcesses(Unknown Source:8)

08-06 14:42:46.069  5783  6842 I LSPosed-Bridge: 	at com.tencent.klevin.utils.e.c(SourceFile:104)

08-06 14:42:46.069  5783  6842 I LSPosed-Bridge: 	at com.tencent.klevin.base.c.c.j(SourceFile:381)

08-06 14:42:46.069  5783  6842 I LSPosed-Bridge: 	at com.tencent.klevin.base.c.c.g(SourceFile:323)

08-06 14:42:46.069  5783  6842 I LSPosed-Bridge: 	at com.tencent.klevin.base.c.c.d(SourceFile:47)

08-06 14:42:46.069  5783  6842 I LSPosed-Bridge: 	at com.tencent.klevin.base.c.c$2.a(SourceFile:303)

08-06 14:42:46.069  5783  6842 I LSPosed-Bridge: 	at com.tencent.klevin.base.c.a$1.onResponse(SourceFile:79)

08-06 14:42:46.069  5783  6842 I LSPosed-Bridge: 	at com.tencent.klevin.base.f.y$a.d(SourceFile:202)

08-06 14:42:46.069  5783  6842 I LSPosed-Bridge: 	at com.tencent.klevin.base.f.a.b.run(SourceFile:32)

08-06 14:42:46.069  5783  6842 I LSPosed-Bridge: 	at java.util.concurrent.ThreadPoolExecutor.runWorker(ThreadPoolExecutor.java:1167)

08-06 14:42:46.069  5783  6842 I LSPosed-Bridge: 	at java.util.concurrent.ThreadPoolExecutor$Worker.run(ThreadPoolExecutor.java:641)

08-06 14:42:46.069  5783  6842 I LSPosed-Bridge: 	at java.lang.Thread.run(Thread.java:764)

08-06 14:42:46.069   558   558 I ConfigStore: android::hardware::configstore::V1_0::ISurfaceFlingerConfigs::hasHDRDisplay retrieved: 0

08-06 14:42:51.076  5783  6821 I LSPosed-Bridge: 5783 PermLabel getRunningAppProcesses processName: com.myzaker.ZAKER_Phone pid: 5783

08-06 14:42:51.076  5783  6821 I LSPosed-Bridge: 5783 PermLabel getRunningAppProcesses importance: 100 pid: 5783

08-06 14:42:51.076  5783  6821 I LSPosed-Bridge: 5783 PermLabel getRunningAppProcesses packageName com.myzaker.ZAKER_Phone at index 0 in process 5783

08-06 14:42:51.076  5783  6821 I LSPosed-Bridge: 5783 PermLabel getRunningAppProcesses =android.app.ActivityManager$RunningAppProcessInfo@9139e9c

08-06 14:42:51.076  5783  6821 I LSPosed-Bridge: 5783 PermLabel getRunningAppProcesses processName: com.myzaker.ZAKER_Phone:v1 pid: 6886

08-06 14:42:51.076  5783  6821 I LSPosed-Bridge: 5783 PermLabel getRunningAppProcesses importance: 125 pid: 6886

08-06 14:42:51.076  5783  6821 I LSPosed-Bridge: 5783 PermLabel getRunningAppProcesses packageName com.myzaker.ZAKER_Phone at index 0 in process 6886

08-06 14:42:51.076  5783  6821 I LSPosed-Bridge: 5783 PermLabel permName: android.permission.READ_PHONE_STATE; getRunningAppProcesses =[android.app.ActivityManager$RunningAppProcessInfo@a8a6e0f, android.app.ActivityManager$RunningAppProcessInfo@9139e9c]; stacktrace=java.lang.Exception

08-06 14:42:51.076  5783  6821 I LSPosed-Bridge: 	at com.example.permlabel.hookBinder_test$2.afterHookedMethod(hookBinder_test.java:107)

08-06 14:42:51.076  5783  6821 I LSPosed-Bridge: 	at de.robv.android.xposed.XposedBridge$AdditionalHookInfo.callback(Unknown Source:147)

08-06 14:42:51.076  5783  6821 I LSPosed-Bridge: 	at LSPHooker_.getRunningAppProcesses(Unknown Source:8)

08-06 14:42:51.076  5783  6821 I LSPosed-Bridge: 	at com.tencent.klevin.utils.e.c(SourceFile:104)

08-06 14:42:51.076  5783  6821 I LSPosed-Bridge: 	at com.tencent.klevin.base.c.c$1.handleMessage(SourceFile:184)

08-06 14:42:51.076  5783  6821 I LSPosed-Bridge: 	at android.os.Handler.dispatchMessage(Handler.java:106)

08-06 14:42:51.076  5783  6821 I LSPosed-Bridge: 	at android.os.Looper.loop(Looper.java:193)

08-06 14:42:51.076  5783  6821 I LSPosed-Bridge: 	at android.os.HandlerThread.run(HandlerThread.java:65)

08-06 14:42:51.295  5783  6842 I LSPosed-Bridge: 5783 PermLabel permName: android.permission.READ_PHONE_STATE; getRunningAppProcesses =[android.app.ActivityManager$RunningAppProcessInfo@37a9afc, android.app.ActivityManager$RunningAppProcessInfo@154f585]; stacktrace=java.lang.Exception

08-06 14:42:51.295  5783  6842 I LSPosed-Bridge: 	at com.example.permlabel.hookBinder_test$2.afterHookedMethod(hookBinder_test.java:107)

08-06 14:42:51.295  5783  6842 I LSPosed-Bridge: 	at de.robv.android.xposed.XposedBridge$AdditionalHookInfo.callback(Unknown Source:147)

08-06 14:42:51.295  5783  6842 I LSPosed-Bridge: 	at LSPHooker_.getRunningAppProcesses(Unknown Source:8)

08-06 14:42:51.295  5783  6842 I LSPosed-Bridge: 	at com.tencent.klevin.utils.e.c(SourceFile:104)

08-06 14:42:51.295  5783  6842 I LSPosed-Bridge: 	at com.tencent.klevin.base.c.c.j(SourceFile:381)

08-06 14:42:51.295  5783  6842 I LSPosed-Bridge: 	at com.tencent.klevin.base.c.c.g(SourceFile:323)

08-06 14:42:51.295  5783  6842 I LSPosed-Bridge: 	at com.tencent.klevin.base.c.c.d(SourceFile:47)

08-06 14:42:51.295  5783  6842 I LSPosed-Bridge: 	at com.tencent.klevin.base.c.c$2.a(SourceFile:303)

08-06 14:42:51.295  5783  6842 I LSPosed-Bridge: 	at com.tencent.klevin.base.c.a$1.onResponse(SourceFile:79)

08-06 14:42:51.295  5783  6842 I LSPosed-Bridge: 	at com.tencent.klevin.base.f.y$a.d(SourceFile:202)

08-06 14:42:51.295  5783  6842 I LSPosed-Bridge: 	at com.tencent.klevin.base.f.a.b.run(SourceFile:32)

08-06 14:42:51.295  5783  6842 I LSPosed-Bridge: 	at java.util.concurrent.ThreadPoolExecutor.runWorker(ThreadPoolExecutor.java:1167)

08-06 14:42:51.295  5783  6842 I LSPosed-Bridge: 	at java.util.concurrent.ThreadPoolExecutor$Worker.run(ThreadPoolExecutor.java:641)

08-06 14:42:51.295  5783  6842 I LSPosed-Bridge: 	at java.lang.Thread.run(Thread.java:764)

08-06 14:42:56.297  5783  6821 I LSPosed-Bridge: 5783 PermLabel hookBinder_test 10126 interfaceBinder =android.app.IActivityManager; arg0 = 81; arg1 = android.os.Parcel@afa9adb; arg2 = android.os.Parcel@f3d06f4; arg3 = 0; res = true; stacktrace=java.lang.Exception

08-06 14:42:56.297  5783  6821 I LSPosed-Bridge: 	at com.example.permlabel.hookBinder_test$1.afterHookedMethod(hookBinder_test.java:67)

08-06 14:42:56.297  5783  6821 I LSPosed-Bridge: 	at de.robv.android.xposed.XposedBridge$AdditionalHookInfo.callback(Unknown Source:147)

08-06 14:42:56.297  5783  6821 I LSPosed-Bridge: 	at LSPHooker_.transact(Unknown Source:28)

08-06 14:42:56.297  5783  6821 I LSPosed-Bridge: 	at android.app.IActivityManager$Stub$Proxy.getRunningAppProcesses(IActivityManager.java:5366)

08-06 14:42:56.297  5783  6821 I LSPosed-Bridge: 	at android.app.ActivityManager.getRunningAppProcesses(ActivityManager.java:3435)

08-06 14:42:56.297  5783  6821 I LSPosed-Bridge: 	at java.lang.reflect.Method.invoke(Native Method)

08-06 14:42:56.297  5783  6821 I LSPosed-Bridge: 	at org.lsposed.lspd.nativebridge.HookBridge.invokeOriginalMethod(Native Method)

08-06 14:42:56.297  5783  6821 I LSPosed-Bridge: 	at de.robv.android.xposed.XposedBridge$AdditionalHookInfo.callback(Unknown Source:110)

08-06 14:42:56.297  5783  6821 I LSPosed-Bridge: 	at LSPHooker_.getRunningAppProcesses(Unknown Source:8)

08-06 14:42:56.297  5783  6821 I LSPosed-Bridge: 	at com.tencent.klevin.utils.e.c(SourceFile:104)

08-06 14:42:56.297  5783  6821 I LSPosed-Bridge: 	at com.tencent.klevin.base.c.c$1.handleMessage(SourceFile:184)

08-06 14:42:56.297  5783  6821 I LSPosed-Bridge: 	at android.os.Handler.dispatchMessage(Handler.java:106)

08-06 14:42:56.297  5783  6821 I LSPosed-Bridge: 	at android.os.Looper.loop(Looper.java:193)

08-06 14:42:56.297  5783  6821 I LSPosed-Bridge: 	at android.os.HandlerThread.run(HandlerThread.java:65)

08-06 14:42:56.297  5783  6821 I LSPosed-Bridge: 5783 PermLabel getRunningAppProcesses =android.app.ActivityManager$RunningAppProcessInfo@f8ebe5a

08-06 14:42:56.297  5783  6821 I LSPosed-Bridge: 5783 PermLabel getRunningAppProcesses processName: com.myzaker.ZAKER_Phone pid: 5783

08-06 14:42:56.297  5783  6821 I LSPosed-Bridge: 5783 PermLabel getRunningAppProcesses importance: 100 pid: 5783

08-06 14:42:56.297  5783  6821 I LSPosed-Bridge: 5783 PermLabel getRunningAppProcesses packageName com.myzaker.ZAKER_Phone at index 0 in process 5783

08-06 14:42:56.297  5783  6821 I LSPosed-Bridge: 5783 PermLabel getRunningAppProcesses =android.app.ActivityManager$RunningAppProcessInfo@162a88b

08-06 14:42:56.297  5783  6821 I LSPosed-Bridge: 5783 PermLabel getRunningAppProcesses processName: com.myzaker.ZAKER_Phone:v1 pid: 6886

08-06 14:42:56.297  5783  6821 I LSPosed-Bridge: 5783 PermLabel getRunningAppProcesses importance: 125 pid: 6886

08-06 14:42:56.297  5783  6821 I LSPosed-Bridge: 5783 PermLabel getRunningAppProcesses packageName com.myzaker.ZAKER_Phone at index 0 in process 6886

08-06 14:42:56.297  5783  6821 I LSPosed-Bridge: 5783 PermLabel permName: android.permission.READ_PHONE_STATE; getRunningAppProcesses =[android.app.ActivityManager$RunningAppProcessInfo@f8ebe5a, android.app.ActivityManager$RunningAppProcessInfo@162a88b]; stacktrace=java.lang.Exception

08-06 14:42:56.297  5783  6821 I LSPosed-Bridge: 	at com.example.permlabel.hookBinder_test$2.afterHookedMethod(hookBinder_test.java:107)

08-06 14:42:56.297  5783  6821 I LSPosed-Bridge: 	at de.robv.android.xposed.XposedBridge$AdditionalHookInfo.callback(Unknown Source:147)

08-06 14:42:56.297  5783  6821 I LSPosed-Bridge: 	at LSPHooker_.getRunningAppProcesses(Unknown Source:8)

08-06 14:42:56.297  5783  6821 I LSPosed-Bridge: 	at com.tencent.klevin.utils.e.c(SourceFile:104)

08-06 14:42:56.297  5783  6821 I LSPosed-Bridge: 	at com.tencent.klevin.base.c.c$1.handleMessage(SourceFile:184)

08-06 14:42:56.297  5783  6821 I LSPosed-Bridge: 	at android.os.Handler.dispatchMessage(Handler.java:106)

08-06 14:42:56.297  5783  6821 I LSPosed-Bridge: 	at android.os.Looper.loop(Looper.java:193)

08-06 14:42:56.297  5783  6821 I LSPosed-Bridge: 	at android.os.HandlerThread.run(HandlerThread.java:65)

08-06 14:42:56.386  1574  1725 I LSPosed-Bridge: 5783 PermLabel 10126 AMS.checkPermission: Binder.getCallingPid() = 5783; uid = 10126; Binder.getCallingUid() = 10126; getNameForUid: com.myzaker.ZAKER_Phone; getPackagesForUid: [com.myzaker.ZAKER_Phone]; permName: android.permission.GET_TASKS; type = 0; res = 0; stacktrace=java.lang.Exception

08-06 14:42:56.386  1574  1725 I LSPosed-Bridge: 	at com.example.permlabel.requirePerm$1$2.afterHookedMethod(requirePerm.java:136)

08-06 14:42:56.386  1574  1725 I LSPosed-Bridge: 	at de.robv.android.xposed.XposedBridge$AdditionalHookInfo.callback(Unknown Source:147)

08-06 14:42:56.386  1574  1725 I LSPosed-Bridge: 	at LSPHooker_.checkPermission(Unknown Source:25)

08-06 14:42:56.386  1574  1725 I LSPosed-Bridge: 	at com.android.server.am.ActivityManagerService.isGetTasksAllowed(ActivityManagerService.java:10902)

08-06 14:42:56.386  1574  1725 I LSPosed-Bridge: 	at com.android.server.am.ActivityManagerService.getRunningAppProcesses(ActivityManagerService.java:16139)

08-06 14:42:56.386  1574  1725 I LSPosed-Bridge: 	at android.app.IActivityManager$Stub.onTransact(IActivityManager.java:1088)

08-06 14:42:56.386  1574  1725 I LSPosed-Bridge: 	at com.android.server.am.ActivityManagerService.onTransact(ActivityManagerService.java:3346)

08-06 14:42:56.386  1574  1725 I LSPosed-Bridge: 	at android.os.Binder.execTransact(Binder.java:731)

08-06 14:42:56.386  5783  6842 I LSPosed-Bridge: 5783 PermLabel hookBinder_test 10126 interfaceBinder =android.app.IActivityManager; arg0 = 81; arg1 = android.os.Parcel@844d978; arg2 = android.os.Parcel@f3d06f4; arg3 = 0; res = true; stacktrace=java.lang.Exception

08-06 14:42:56.386  5783  6842 I LSPosed-Bridge: 	at com.example.permlabel.hookBinder_test$1.afterHookedMethod(hookBinder_test.java:67)

08-06 14:42:56.386  5783  6842 I LSPosed-Bridge: 	at de.robv.android.xposed.XposedBridge$AdditionalHookInfo.callback(Unknown Source:147)

08-06 14:42:56.386  5783  6842 I LSPosed-Bridge: 	at LSPHooker_.transact(Unknown Source:28)

08-06 14:42:56.386  5783  6842 I LSPosed-Bridge: 	at android.app.IActivityManager$Stub$Proxy.getRunningAppProcesses(IActivityManager.java:5366)

08-06 14:42:56.386  5783  6842 I LSPosed-Bridge: 	at android.app.ActivityManager.getRunningAppProcesses(ActivityManager.java:3435)

08-06 14:42:56.386  5783  6842 I LSPosed-Bridge: 	at java.lang.reflect.Method.invoke(Native Method)

08-06 14:42:56.386  5783  6842 I LSPosed-Bridge: 	at org.lsposed.lspd.nativebridge.HookBridge.invokeOriginalMethod(Native Method)

08-06 14:42:56.386  5783  6842 I LSPosed-Bridge: 	at de.robv.android.xposed.XposedBridge$AdditionalHookInfo.callback(Unknown Source:110)

08-06 14:42:56.386  5783  6842 I LSPosed-Bridge: 	at LSPHooker_.getRunningAppProcesses(Unknown Source:8)

08-06 14:42:56.386  5783  6842 I LSPosed-Bridge: 	at com.tencent.klevin.utils.e.c(SourceFile:104)

08-06 14:42:56.386  5783  6842 I LSPosed-Bridge: 	at com.tencent.klevin.base.c.c.j(SourceFile:381)

08-06 14:42:56.386  5783  6842 I LSPosed-Bridge: 	at com.tencent.klevin.base.c.c.g(SourceFile:323)

08-06 14:42:56.386  5783  6842 I LSPosed-Bridge: 	at com.tencent.klevin.base.c.c.d(SourceFile:47)

08-06 14:42:56.386  5783  6842 I LSPosed-Bridge: 	at com.tencent.klevin.base.c.c$2.a(SourceFile:303)

08-06 14:42:56.386  5783  6842 I LSPosed-Bridge: 	at com.tencent.klevin.base.c.a$1.onResponse(SourceFile:79)

08-06 14:42:56.386  5783  6842 I LSPosed-Bridge: 	at com.tencent.klevin.base.f.y$a.d(SourceFile:202)

08-06 14:42:56.386  5783  6842 I LSPosed-Bridge: 	at com.tencent.klevin.base.f.a.b.run(SourceFile:32)

08-06 14:42:56.386  5783  6842 I LSPosed-Bridge: 	at java.util.concurrent.ThreadPoolExecutor.runWorker(ThreadPoolExecutor.java:1167)

08-06 14:42:56.386  5783  6842 I LSPosed-Bridge: 	at java.util.concurrent.ThreadPoolExecutor$Worker.run(ThreadPoolExecutor.java:641)

08-06 14:42:56.386  5783  6842 I LSPosed-Bridge: 	at java.lang.Thread.run(Thread.java:764)

08-06 14:42:56.386  5783  6842 I LSPosed-Bridge: 5783 PermLabel getRunningAppProcesses =android.app.ActivityManager$RunningAppProcessInfo@39e13fe

08-06 14:42:56.386  5783  6842 I LSPosed-Bridge: 5783 PermLabel getRunningAppProcesses processName: com.myzaker.ZAKER_Phone pid: 5783

08-06 14:42:56.386  5783  6842 I LSPosed-Bridge: 5783 PermLabel getRunningAppProcesses importance: 100 pid: 5783

08-06 14:42:56.386  5783  6842 I LSPosed-Bridge: 5783 PermLabel getRunningAppProcesses packageName com.myzaker.ZAKER_Phone at index 0 in process 5783

08-06 14:42:56.386  5783  6842 I LSPosed-Bridge: 5783 PermLabel getRunningAppProcesses =android.app.ActivityManager$RunningAppProcessInfo@8da175f

08-06 14:42:56.386  5783  6842 I LSPosed-Bridge: 5783 PermLabel getRunningAppProcesses processName: com.myzaker.ZAKER_Phone:v1 pid: 6886

08-06 14:42:56.386  5783  6842 I LSPosed-Bridge: 5783 PermLabel getRunningAppProcesses importance: 125 pid: 6886

08-06 14:42:56.386  5783  6842 I LSPosed-Bridge: 5783 PermLabel getRunningAppProcesses packageName com.myzaker.ZAKER_Phone at index 0 in process 6886

08-06 14:42:56.386  5783  6842 I LSPosed-Bridge: 5783 PermLabel permName: android.permission.READ_PHONE_STATE; getRunningAppProcesses =[android.app.ActivityManager$RunningAppProcessInfo@39e13fe, android.app.ActivityManager$RunningAppProcessInfo@8da175f]; stacktrace=java.lang.Exception

08-06 14:42:56.386  5783  6842 I LSPosed-Bridge: 	at com.example.permlabel.hookBinder_test$2.afterHookedMethod(hookBinder_test.java:107)

08-06 14:42:56.386  5783  6842 I LSPosed-Bridge: 	at de.robv.android.xposed.XposedBridge$AdditionalHookInfo.callback(Unknown Source:147)

08-06 14:42:56.386  5783  6842 I LSPosed-Bridge: 	at LSPHooker_.getRunningAppProcesses(Unknown Source:8)

08-06 14:42:56.386  5783  6842 I LSPosed-Bridge: 	at com.tencent.klevin.utils.e.c(SourceFile:104)

08-06 14:42:56.386  5783  6842 I LSPosed-Bridge: 	at com.tencent.klevin.base.c.c.j(SourceFile:381)

08-06 14:42:56.386  5783  6842 I LSPosed-Bridge: 	at com.tencent.klevin.base.c.c.g(SourceFile:323)

08-06 14:42:56.386  5783  6842 I LSPosed-Bridge: 	at com.tencent.klevin.base.c.c.d(SourceFile:47)

08-06 14:42:56.386  5783  6842 I LSPosed-Bridge: 	at com.tencent.klevin.base.c.c$2.a(SourceFile:303)

08-06 14:42:56.386  5783  6842 I LSPosed-Bridge: 	at com.tencent.klevin.base.c.a$1.onResponse(SourceFile:79)

08-06 14:42:56.386  5783  6842 I LSPosed-Bridge: 	at com.tencent.klevin.base.f.y$a.d(SourceFile:202)

08-06 14:42:56.386  5783  6842 I LSPosed-Bridge: 	at com.tencent.klevin.base.f.a.b.run(SourceFile:32)

08-06 14:42:56.386  5783  6842 I LSPosed-Bridge: 	at java.util.concurrent.ThreadPoolExecutor.runWorker(ThreadPoolExecutor.java:1167)

08-06 14:42:56.386  5783  6842 I LSPosed-Bridge: 	at java.util.concurrent.ThreadPoolExecutor$Worker.run(ThreadPoolExecutor.java:641)

08-06 14:42:56.386  5783  6842 I LSPosed-Bridge: 	at java.lang.Thread.run(Thread.java:764)

08-06 14:43:01.394   558   558 I ConfigStore: android::hardware::configstore::V1_0::ISurfaceFlingerConfigs::hasHDRDisplay retrieved: 0

08-06 14:43:01.394  5783  6821 I LSPosed-Bridge: 5783 PermLabel hookBinder_test 10126 interfaceBinder =android.app.IActivityManager; arg0 = 81; arg1 = android.os.Parcel@f3d06f4; arg2 = android.os.Parcel@40d4b57; arg3 = 0; res = true; stacktrace=java.lang.Exception

08-06 14:43:01.394  5783  6821 I LSPosed-Bridge: 	at com.example.permlabel.hookBinder_test$1.afterHookedMethod(hookBinder_test.java:67)

08-06 14:43:01.394  5783  6821 I LSPosed-Bridge: 	at de.robv.android.xposed.XposedBridge$AdditionalHookInfo.callback(Unknown Source:147)

08-06 14:43:01.394  5783  6821 I LSPosed-Bridge: 	at LSPHooker_.transact(Unknown Source:28)

08-06 14:43:01.394  5783  6821 I LSPosed-Bridge: 	at android.app.IActivityManager$Stub$Proxy.getRunningAppProcesses(IActivityManager.java:5366)

08-06 14:43:01.394  5783  6821 I LSPosed-Bridge: 	at android.app.ActivityManager.getRunningAppProcesses(ActivityManager.java:3435)

08-06 14:43:01.394  5783  6821 I LSPosed-Bridge: 	at java.lang.reflect.Method.invoke(Native Method)

08-06 14:43:01.394  5783  6821 I LSPosed-Bridge: 	at org.lsposed.lspd.nativebridge.HookBridge.invokeOriginalMethod(Native Method)

08-06 14:43:01.394  5783  6821 I LSPosed-Bridge: 	at de.robv.android.xposed.XposedBridge$AdditionalHookInfo.callback(Unknown Source:110)

08-06 14:43:01.394  5783  6821 I LSPosed-Bridge: 	at LSPHooker_.getRunningAppProcesses(Unknown Source:8)

08-06 14:43:01.394  5783  6821 I LSPosed-Bridge: 	at com.tencent.klevin.utils.e.c(SourceFile:104)

08-06 14:43:01.394  5783  6821 I LSPosed-Bridge: 	at com.tencent.klevin.base.c.c$1.handleMessage(SourceFile:184)

08-06 14:43:01.394  5783  6821 I LSPosed-Bridge: 	at android.os.Handler.dispatchMessage(Handler.java:106)

08-06 14:43:01.394  5783  6821 I LSPosed-Bridge: 	at android.os.Looper.loop(Looper.java:193)

08-06 14:43:01.394  5783  6821 I LSPosed-Bridge: 	at android.os.HandlerThread.run(HandlerThread.java:65)

08-06 14:43:01.394  5783  6821 I LSPosed-Bridge: 5783 PermLabel getRunningAppProcesses =android.app.ActivityManager$RunningAppProcessInfo@4a7f099

08-06 14:43:01.394  5783  6821 I LSPosed-Bridge: 5783 PermLabel getRunningAppProcesses processName: com.myzaker.ZAKER_Phone pid: 5783

08-06 14:43:01.394  5783  6821 I LSPosed-Bridge: 5783 PermLabel getRunningAppProcesses importance: 100 pid: 5783

08-06 14:43:01.394  5783  6821 I LSPosed-Bridge: 5783 PermLabel getRunningAppProcesses packageName com.myzaker.ZAKER_Phone at index 0 in process 5783

08-06 14:43:01.394  5783  6821 I LSPosed-Bridge: 5783 PermLabel getRunningAppProcesses =android.app.ActivityManager$RunningAppProcessInfo@6263f5e

08-06 14:43:01.394  5783  6821 I LSPosed-Bridge: 5783 PermLabel getRunningAppProcesses processName: com.myzaker.ZAKER_Phone:v1 pid: 6886

08-06 14:43:01.394  5783  6821 I LSPosed-Bridge: 5783 PermLabel getRunningAppProcesses importance: 125 pid: 6886

08-06 14:43:01.394  5783  6821 I LSPosed-Bridge: 5783 PermLabel getRunningAppProcesses packageName com.myzaker.ZAKER_Phone at index 0 in process 6886

08-06 14:43:01.394  5783  6821 I LSPosed-Bridge: 5783 PermLabel permName: android.permission.READ_PHONE_STATE; getRunningAppProcesses =[android.app.ActivityManager$RunningAppProcessInfo@4a7f099, android.app.ActivityManager$RunningAppProcessInfo@6263f5e]; stacktrace=java.lang.Exception

08-06 14:43:01.394  5783  6821 I LSPosed-Bridge: 	at com.example.permlabel.hookBinder_test$2.afterHookedMethod(hookBinder_test.java:107)

08-06 14:43:01.394  5783  6821 I LSPosed-Bridge: 	at de.robv.android.xposed.XposedBridge$AdditionalHookInfo.callback(Unknown Source:147)

08-06 14:43:01.394  5783  6821 I LSPosed-Bridge: 	at LSPHooker_.getRunningAppProcesses(Unknown Source:8)

08-06 14:43:01.394  5783  6821 I LSPosed-Bridge: 	at com.tencent.klevin.utils.e.c(SourceFile:104)

08-06 14:43:01.394  5783  6821 I LSPosed-Bridge: 	at com.tencent.klevin.base.c.c$1.handleMessage(SourceFile:184)

08-06 14:43:01.394  5783  6821 I LSPosed-Bridge: 	at android.os.Handler.dispatchMessage(Handler.java:106)

08-06 14:43:01.394  5783  6821 I LSPosed-Bridge: 	at android.os.Looper.loop(Looper.java:193)

08-06 14:43:01.394  5783  6821 I LSPosed-Bridge: 	at android.os.HandlerThread.run(HandlerThread.java:65)

08-06 14:43:01.437  5783  6842 I LSPosed-Bridge: 5783 PermLabel hookBinder_test 10126 interfaceBinder =android.app.IActivityManager; arg0 = 81; arg1 = android.os.Parcel@844d978; arg2 = android.os.Parcel@40d4b57; arg3 = 0; res = true; stacktrace=java.lang.Exception

08-06 14:43:01.437  5783  6842 I LSPosed-Bridge: 	at com.example.permlabel.hookBinder_test$1.afterHookedMethod(hookBinder_test.java:67)

08-06 14:43:01.437  5783  6842 I LSPosed-Bridge: 	at de.robv.android.xposed.XposedBridge$AdditionalHookInfo.callback(Unknown Source:147)

08-06 14:43:01.437  5783  6842 I LSPosed-Bridge: 	at LSPHooker_.transact(Unknown Source:28)

08-06 14:43:01.437  5783  6842 I LSPosed-Bridge: 	at android.app.IActivityManager$Stub$Proxy.getRunningAppProcesses(IActivityManager.java:5366)

08-06 14:43:01.437  5783  6842 I LSPosed-Bridge: 	at android.app.ActivityManager.getRunningAppProcesses(ActivityManager.java:3435)

08-06 14:43:01.437  5783  6842 I LSPosed-Bridge: 	at java.lang.reflect.Method.invoke(Native Method)

08-06 14:43:01.437  5783  6842 I LSPosed-Bridge: 	at org.lsposed.lspd.nativebridge.HookBridge.invokeOriginalMethod(Native Method)

08-06 14:43:01.437  5783  6842 I LSPosed-Bridge: 	at de.robv.android.xposed.XposedBridge$AdditionalHookInfo.callback(Unknown Source:110)

08-06 14:43:01.437  5783  6842 I LSPosed-Bridge: 	at LSPHooker_.getRunningAppProcesses(Unknown Source:8)

08-06 14:43:01.437  5783  6842 I LSPosed-Bridge: 	at com.tencent.klevin.utils.e.c(SourceFile:104)

08-06 14:43:01.437  5783  6842 I LSPosed-Bridge: 	at com.tencent.klevin.base.c.c.j(SourceFile:381)

08-06 14:43:01.437  5783  6842 I LSPosed-Bridge: 	at com.tencent.klevin.base.c.c.g(SourceFile:323)

08-06 14:43:01.437  5783  6842 I LSPosed-Bridge: 	at com.tencent.klevin.base.c.c.d(SourceFile:47)

08-06 14:43:01.437  5783  6842 I LSPosed-Bridge: 	at com.tencent.klevin.base.c.c$2.a(SourceFile:303)

08-06 14:43:01.437  5783  6842 I LSPosed-Bridge: 	at com.tencent.klevin.base.c.a$1.onResponse(SourceFile:79)

08-06 14:43:01.437  5783  6842 I LSPosed-Bridge: 	at com.tencent.klevin.base.f.y$a.d(SourceFile:202)

08-06 14:43:01.437  5783  6842 I LSPosed-Bridge: 	at com.tencent.klevin.base.f.a.b.run(SourceFile:32)

08-06 14:43:01.437  5783  6842 I LSPosed-Bridge: 	at java.util.concurrent.ThreadPoolExecutor.runWorker(ThreadPoolExecutor.java:1167)

08-06 14:43:01.437  5783  6842 I LSPosed-Bridge: 	at java.util.concurrent.ThreadPoolExecutor$Worker.run(ThreadPoolExecutor.java:641)

08-06 14:43:01.437  5783  6842 I LSPosed-Bridge: 	at java.lang.Thread.run(Thread.java:764)

08-06 14:43:01.437  5783  6842 I LSPosed-Bridge: 5783 PermLabel getRunningAppProcesses =android.app.ActivityManager$RunningAppProcessInfo@f64dc36

08-06 14:43:01.437  5783  6842 I LSPosed-Bridge: 5783 PermLabel getRunningAppProcesses processName: com.myzaker.ZAKER_Phone pid: 5783

08-06 14:43:01.437  5783  6842 I LSPosed-Bridge: 5783 PermLabel getRunningAppProcesses importance: 100 pid: 5783

08-06 14:43:01.437  5783  6842 I LSPosed-Bridge: 5783 PermLabel getRunningAppProcesses packageName com.myzaker.ZAKER_Phone at index 0 in process 5783

08-06 14:43:01.437  5783  6842 I LSPosed-Bridge: 5783 PermLabel getRunningAppProcesses =android.app.ActivityManager$RunningAppProcessInfo@ce6737

08-06 14:43:01.437  5783  6842 I LSPosed-Bridge: 5783 PermLabel getRunningAppProcesses processName: com.myzaker.ZAKER_Phone:v1 pid: 6886

08-06 14:43:01.437  5783  6842 I LSPosed-Bridge: 5783 PermLabel getRunningAppProcesses importance: 125 pid: 6886

08-06 14:43:01.437  5783  6842 I LSPosed-Bridge: 5783 PermLabel getRunningAppProcesses packageName com.myzaker.ZAKER_Phone at index 0 in process 6886

08-06 14:43:01.437  5783  6842 I LSPosed-Bridge: 5783 PermLabel permName: android.permission.READ_PHONE_STATE; getRunningAppProcesses =[android.app.ActivityManager$RunningAppProcessInfo@f64dc36, android.app.ActivityManager$RunningAppProcessInfo@ce6737]; stacktrace=java.lang.Exception

08-06 14:43:01.437  5783  6842 I LSPosed-Bridge: 	at com.example.permlabel.hookBinder_test$2.afterHookedMethod(hookBinder_test.java:107)

08-06 14:43:01.437  5783  6842 I LSPosed-Bridge: 	at de.robv.android.xposed.XposedBridge$AdditionalHookInfo.callback(Unknown Source:147)

08-06 14:43:01.437  5783  6842 I LSPosed-Bridge: 	at LSPHooker_.getRunningAppProcesses(Unknown Source:8)

08-06 14:43:01.437  5783  6842 I LSPosed-Bridge: 	at com.tencent.klevin.utils.e.c(SourceFile:104)

08-06 14:43:01.437  5783  6842 I LSPosed-Bridge: 	at com.tencent.klevin.base.c.c.j(SourceFile:381)

08-06 14:43:01.437  5783  6842 I LSPosed-Bridge: 	at com.tencent.klevin.base.c.c.g(SourceFile:323)

08-06 14:43:01.437  5783  6842 I LSPosed-Bridge: 	at com.tencent.klevin.base.c.c.d(SourceFile:47)

08-06 14:43:01.437  5783  6842 I LSPosed-Bridge: 	at com.tencent.klevin.base.c.c$2.a(SourceFile:303)

08-06 14:43:01.437  5783  6842 I LSPosed-Bridge: 	at com.tencent.klevin.base.c.a$1.onResponse(SourceFile:79)

08-06 14:43:01.437  5783  6842 I LSPosed-Bridge: 	at com.tencent.klevin.base.f.y$a.d(SourceFile:202)

08-06 14:43:01.437  5783  6842 I LSPosed-Bridge: 	at com.tencent.klevin.base.f.a.b.run(SourceFile:32)

08-06 14:43:01.437  5783  6842 I LSPosed-Bridge: 	at java.util.concurrent.ThreadPoolExecutor.runWorker(ThreadPoolExecutor.java:1167)

08-06 14:43:01.437  5783  6842 I LSPosed-Bridge: 	at java.util.concurrent.ThreadPoolExecutor$Worker.run(ThreadPoolExecutor.java:641)

08-06 14:43:01.437  5783  6842 I LSPosed-Bridge: 	at java.lang.Thread.run(Thread.java:764)

08-06 14:43:06.446  5783  6821 I LSPosed-Bridge: 5783 PermLabel permName: android.permission.READ_PHONE_STATE; getRunningAppProcesses =[android.app.ActivityManager$RunningAppProcessInfo@1d91709, android.app.ActivityManager$RunningAppProcessInfo@869bd0e]; stacktrace=java.lang.Exception

08-06 14:43:06.446  5783  6821 I LSPosed-Bridge: 	at com.example.permlabel.hookBinder_test$2.afterHookedMethod(hookBinder_test.java:107)

08-06 14:43:06.446  5783  6821 I LSPosed-Bridge: 	at de.robv.android.xposed.XposedBridge$AdditionalHookInfo.callback(Unknown Source:147)

08-06 14:43:06.446  5783  6821 I LSPosed-Bridge: 	at LSPHooker_.getRunningAppProcesses(Unknown Source:8)

08-06 14:43:06.446  5783  6821 I LSPosed-Bridge: 	at com.tencent.klevin.utils.e.c(SourceFile:104)

08-06 14:43:06.446  5783  6821 I LSPosed-Bridge: 	at com.tencent.klevin.base.c.c$1.handleMessage(SourceFile:184)

08-06 14:43:06.446  5783  6821 I LSPosed-Bridge: 	at android.os.Handler.dispatchMessage(Handler.java:106)

08-06 14:43:06.446  5783  6821 I LSPosed-Bridge: 	at android.os.Looper.loop(Looper.java:193)

