08-06 14:41:52.905  5783  6842 I LSPosed-Bridge: 	at java.util.concurrent.ThreadPoolExecutor$Worker.run(ThreadPoolExecutor.java:641)

08-06 14:41:52.905  5783  6842 I LSPosed-Bridge: 	at java.lang.Thread.run(Thread.java:764)

08-06 14:41:57.908  5783  6821 I LSPosed-Bridge: 5783 PermLabel permName: android.permission.READ_PHONE_STATE; getRunningAppProcesses =[android.app.ActivityManager$RunningAppProcessInfo@a638eef, android.app.ActivityManager$RunningAppProcessInfo@dcaddfc]; stacktrace=java.lang.Exception

08-06 14:41:57.908  5783  6821 I LSPosed-Bridge: 	at com.example.permlabel.hookBinder_test$2.afterHookedMethod(hookBinder_test.java:107)

08-06 14:41:57.908  5783  6821 I LSPosed-Bridge: 	at de.robv.android.xposed.XposedBridge$AdditionalHookInfo.callback(Unknown Source:147)

08-06 14:41:57.908  5783  6821 I LSPosed-Bridge: 	at LSPHooker_.getRunningAppProcesses(Unknown Source:8)

08-06 14:41:57.908  5783  6821 I LSPosed-Bridge: 	at com.tencent.klevin.utils.e.c(SourceFile:104)

08-06 14:41:57.908  5783  6821 I LSPosed-Bridge: 	at com.tencent.klevin.base.c.c$1.handleMessage(SourceFile:184)

08-06 14:41:57.908  5783  6821 I LSPosed-Bridge: 	at android.os.Handler.dispatchMessage(Handler.java:106)

08-06 14:41:57.908  5783  6821 I LSPosed-Bridge: 	at android.os.Looper.loop(Looper.java:193)

08-06 14:41:57.908  5783  6821 I LSPosed-Bridge: 	at android.os.HandlerThread.run(HandlerThread.java:65)

08-06 14:41:58.268  5783  6842 I LSPosed-Bridge: 5783 PermLabel getRunningAppProcesses =android.app.ActivityManager$RunningAppProcessInfo@f409118

08-06 14:41:58.268  5783  6842 I LSPosed-Bridge: 5783 PermLabel getRunningAppProcesses processName: com.myzaker.ZAKER_Phone pid: 5783

08-06 14:41:58.268  5783  6842 I LSPosed-Bridge: 5783 PermLabel getRunningAppProcesses importance: 100 pid: 5783

08-06 14:41:58.268  5783  6842 I LSPosed-Bridge: 5783 PermLabel getRunningAppProcesses packageName com.myzaker.ZAKER_Phone at index 0 in process 5783

08-06 14:41:58.268  5783  6842 I LSPosed-Bridge: 5783 PermLabel getRunningAppProcesses =android.app.ActivityManager$RunningAppProcessInfo@b434771

08-06 14:41:58.268  5783  6842 I LSPosed-Bridge: 5783 PermLabel getRunningAppProcesses processName: com.myzaker.ZAKER_Phone:v1 pid: 6886

08-06 14:41:58.268  5783  6842 I LSPosed-Bridge: 5783 PermLabel getRunningAppProcesses importance: 125 pid: 6886

08-06 14:41:58.268  5783  6842 I LSPosed-Bridge: 5783 PermLabel getRunningAppProcesses packageName com.myzaker.ZAKER_Phone at index 0 in process 6886

08-06 14:41:58.268  1574  1604 I ActivityManager: Start proc 11724:com.google.process.gapps/u0a10 for content provider com.google.android.gsf/.settings.GoogleSettingsProvider

08-06 14:41:58.268  5783  6842 I LSPosed-Bridge: 5783 PermLabel permName: android.permission.READ_PHONE_STATE; getRunningAppProcesses =[android.app.ActivityManager$RunningAppProcessInfo@f409118, android.app.ActivityManager$RunningAppProcessInfo@b434771]; stacktrace=java.lang.Exception

08-06 14:41:58.268  5783  6842 I LSPosed-Bridge: 	at com.example.permlabel.hookBinder_test$2.afterHookedMethod(hookBinder_test.java:107)

08-06 14:41:58.268  5783  6842 I LSPosed-Bridge: 	at de.robv.android.xposed.XposedBridge$AdditionalHookInfo.callback(Unknown Source:147)

08-06 14:41:58.268  5783  6842 I LSPosed-Bridge: 	at LSPHooker_.getRunningAppProcesses(Unknown Source:8)

08-06 14:41:58.268  5783  6842 I LSPosed-Bridge: 	at com.tencent.klevin.utils.e.c(SourceFile:104)

08-06 14:41:58.268  5783  6842 I LSPosed-Bridge: 	at com.tencent.klevin.base.c.c.j(SourceFile:381)

08-06 14:41:58.268  5783  6842 I LSPosed-Bridge: 	at com.tencent.klevin.base.c.c.g(SourceFile:323)

08-06 14:41:58.268  5783  6842 I LSPosed-Bridge: 	at com.tencent.klevin.base.c.c.d(SourceFile:47)

08-06 14:41:58.268  5783  6842 I LSPosed-Bridge: 	at com.tencent.klevin.base.c.c$2.a(SourceFile:303)

08-06 14:41:58.268  5783  6842 I LSPosed-Bridge: 	at com.tencent.klevin.base.c.a$1.onResponse(SourceFile:79)

08-06 14:41:58.268  5783  6842 I LSPosed-Bridge: 	at com.tencent.klevin.base.f.y$a.d(SourceFile:202)

08-06 14:41:58.268  5783  6842 I LSPosed-Bridge: 	at com.tencent.klevin.base.f.a.b.run(SourceFile:32)

08-06 14:41:58.268  5783  6842 I LSPosed-Bridge: 	at java.util.concurrent.ThreadPoolExecutor.runWorker(ThreadPoolExecutor.java:1167)

08-06 14:41:58.268  5783  6842 I LSPosed-Bridge: 	at java.util.concurrent.ThreadPoolExecutor$Worker.run(ThreadPoolExecutor.java:641)

08-06 14:41:58.268  5783  6842 I LSPosed-Bridge: 	at java.lang.Thread.run(Thread.java:764)

08-06 14:42:03.724  5783  6821 I LSPosed-Bridge: 5783 PermLabel permName: android.permission.READ_PHONE_STATE; getRunningAppProcesses =[android.app.ActivityManager$RunningAppProcessInfo@df05d24, android.app.ActivityManager$RunningAppProcessInfo@990d08d]; stacktrace=java.lang.Exception

08-06 14:42:03.724  5783  6821 I LSPosed-Bridge: 	at com.example.permlabel.hookBinder_test$2.afterHookedMethod(hookBinder_test.java:107)

08-06 14:42:03.724  5783  6821 I LSPosed-Bridge: 	at de.robv.android.xposed.XposedBridge$AdditionalHookInfo.callback(Unknown Source:147)

08-06 14:42:03.724  5783  6821 I LSPosed-Bridge: 	at LSPHooker_.getRunningAppProcesses(Unknown Source:8)

08-06 14:42:03.724  5783  6821 I LSPosed-Bridge: 	at com.tencent.klevin.utils.e.c(SourceFile:104)

08-06 14:42:03.724  5783  6821 I LSPosed-Bridge: 	at com.tencent.klevin.base.c.c$1.handleMessage(SourceFile:184)

08-06 14:42:03.724  5783  6821 I LSPosed-Bridge: 	at android.os.Handler.dispatchMessage(Handler.java:106)

08-06 14:42:03.724  5783  6821 I LSPosed-Bridge: 	at android.os.Looper.loop(Looper.java:193)

08-06 14:42:03.724  5783  6821 I LSPosed-Bridge: 	at android.os.HandlerThread.run(HandlerThread.java:65)

08-06 14:42:03.777  5783  6842 I LSPosed-Bridge: 5783 PermLabel hookBinder_test 10126 interfaceBinder =android.app.IActivityManager; arg0 = 81; arg1 = android.os.Parcel@49ddf19; arg2 = android.os.Parcel@afa9adb; arg3 = 0; res = true; stacktrace=java.lang.Exception

08-06 14:42:03.777  5783  6842 I LSPosed-Bridge: 	at com.example.permlabel.hookBinder_test$1.afterHookedMethod(hookBinder_test.java:67)

08-06 14:42:03.777  5783  6842 I LSPosed-Bridge: 	at de.robv.android.xposed.XposedBridge$AdditionalHookInfo.callback(Unknown Source:147)

08-06 14:42:03.777  5783  6842 I LSPosed-Bridge: 	at LSPHooker_.transact(Unknown Source:28)

08-06 14:42:03.777  5783  6842 I LSPosed-Bridge: 	at android.app.IActivityManager$Stub$Proxy.getRunningAppProcesses(IActivityManager.java:5366)

08-06 14:42:03.777  5783  6842 I LSPosed-Bridge: 	at android.app.ActivityManager.getRunningAppProcesses(ActivityManager.java:3435)

08-06 14:42:03.777  5783  6842 I LSPosed-Bridge: 	at java.lang.reflect.Method.invoke(Native Method)

08-06 14:42:03.777  5783  6842 I LSPosed-Bridge: 	at org.lsposed.lspd.nativebridge.HookBridge.invokeOriginalMethod(Native Method)

08-06 14:42:03.777  5783  6842 I LSPosed-Bridge: 	at de.robv.android.xposed.XposedBridge$AdditionalHookInfo.callback(Unknown Source:110)

08-06 14:42:03.777  5783  6842 I LSPosed-Bridge: 	at LSPHooker_.getRunningAppProcesses(Unknown Source:8)

08-06 14:42:03.777  5783  6842 I LSPosed-Bridge: 	at com.tencent.klevin.utils.e.c(SourceFile:104)

08-06 14:42:03.777  5783  6842 I LSPosed-Bridge: 	at com.tencent.klevin.base.c.c.j(SourceFile:381)

08-06 14:42:03.777  5783  6842 I LSPosed-Bridge: 	at com.tencent.klevin.base.c.c.g(SourceFile:323)

08-06 14:42:03.777  5783  6842 I LSPosed-Bridge: 	at com.tencent.klevin.base.c.c.d(SourceFile:47)

08-06 14:42:03.777  5783  6842 I LSPosed-Bridge: 	at com.tencent.klevin.base.c.c$2.a(SourceFile:303)

08-06 14:42:03.777  5783  6842 I LSPosed-Bridge: 	at com.tencent.klevin.base.c.a$1.onResponse(SourceFile:79)

08-06 14:42:03.777  5783  6842 I LSPosed-Bridge: 	at com.tencent.klevin.base.f.y$a.d(SourceFile:202)

08-06 14:42:03.777  5783  6842 I LSPosed-Bridge: 	at com.tencent.klevin.base.f.a.b.run(SourceFile:32)

08-06 14:42:03.777  5783  6842 I LSPosed-Bridge: 	at java.util.concurrent.ThreadPoolExecutor.runWorker(ThreadPoolExecutor.java:1167)

08-06 14:42:03.777  5783  6842 I LSPosed-Bridge: 	at java.util.concurrent.ThreadPoolExecutor$Worker.run(ThreadPoolExecutor.java:641)

08-06 14:42:03.777  5783  6842 I LSPosed-Bridge: 	at java.lang.Thread.run(Thread.java:764)

08-06 14:42:03.777  5783  6842 I LSPosed-Bridge: 5783 PermLabel getRunningAppProcesses =android.app.ActivityManager$RunningAppProcessInfo@e502cbc

08-06 14:42:03.777  5783  6842 I LSPosed-Bridge: 5783 PermLabel getRunningAppProcesses processName: com.myzaker.ZAKER_Phone pid: 5783

08-06 14:42:03.777  5783  6842 I LSPosed-Bridge: 5783 PermLabel getRunningAppProcesses importance: 100 pid: 5783

08-06 14:42:03.777  5783  6842 I LSPosed-Bridge: 5783 PermLabel getRunningAppProcesses packageName com.myzaker.ZAKER_Phone at index 0 in process 5783

08-06 14:42:03.777  5783  6842 I LSPosed-Bridge: 5783 PermLabel getRunningAppProcesses =android.app.ActivityManager$RunningAppProcessInfo@b2c8445

08-06 14:42:03.777  5783  6842 I LSPosed-Bridge: 5783 PermLabel getRunningAppProcesses processName: com.myzaker.ZAKER_Phone:v1 pid: 6886

08-06 14:42:03.777  5783  6842 I LSPosed-Bridge: 5783 PermLabel getRunningAppProcesses importance: 125 pid: 6886

08-06 14:42:03.777  5783  6842 I LSPosed-Bridge: 5783 PermLabel getRunningAppProcesses packageName com.myzaker.ZAKER_Phone at index 0 in process 6886

08-06 14:42:03.777  5783  6842 I LSPosed-Bridge: 5783 PermLabel permName: android.permission.READ_PHONE_STATE; getRunningAppProcesses =[android.app.ActivityManager$RunningAppProcessInfo@e502cbc, android.app.ActivityManager$RunningAppProcessInfo@b2c8445]; stacktrace=java.lang.Exception

08-06 14:42:03.777  5783  6842 I LSPosed-Bridge: 	at com.example.permlabel.hookBinder_test$2.afterHookedMethod(hookBinder_test.java:107)

08-06 14:42:03.777  5783  6842 I LSPosed-Bridge: 	at de.robv.android.xposed.XposedBridge$AdditionalHookInfo.callback(Unknown Source:147)

08-06 14:42:03.777  5783  6842 I LSPosed-Bridge: 	at LSPHooker_.getRunningAppProcesses(Unknown Source:8)

08-06 14:42:03.777  5783  6842 I LSPosed-Bridge: 	at com.tencent.klevin.utils.e.c(SourceFile:104)

08-06 14:42:03.777  5783  6842 I LSPosed-Bridge: 	at com.tencent.klevin.base.c.c.j(SourceFile:381)

08-06 14:42:03.777  5783  6842 I LSPosed-Bridge: 	at com.tencent.klevin.base.c.c.g(SourceFile:323)

08-06 14:42:03.777  5783  6842 I LSPosed-Bridge: 	at com.tencent.klevin.base.c.c.d(SourceFile:47)

08-06 14:42:03.777  5783  6842 I LSPosed-Bridge: 	at com.tencent.klevin.base.c.c$2.a(SourceFile:303)

08-06 14:42:03.777  5783  6842 I LSPosed-Bridge: 	at com.tencent.klevin.base.c.a$1.onResponse(SourceFile:79)

08-06 14:42:03.777  5783  6842 I LSPosed-Bridge: 	at com.tencent.klevin.base.f.y$a.d(SourceFile:202)

08-06 14:42:03.777  5783  6842 I LSPosed-Bridge: 	at com.tencent.klevin.base.f.a.b.run(SourceFile:32)

08-06 14:42:03.777  5783  6842 I LSPosed-Bridge: 	at java.util.concurrent.ThreadPoolExecutor.runWorker(ThreadPoolExecutor.java:1167)

08-06 14:42:03.777  5783  6842 I LSPosed-Bridge: 	at java.util.concurrent.ThreadPoolExecutor$Worker.run(ThreadPoolExecutor.java:641)

08-06 14:42:03.777  5783  6842 I LSPosed-Bridge: 	at java.lang.Thread.run(Thread.java:764)

08-06 14:42:09.411  5783  6821 I LSPosed-Bridge: 5783 PermLabel permName: android.permission.READ_PHONE_STATE; getRunningAppProcesses =[android.app.ActivityManager$RunningAppProcessInfo@72f148c, android.app.ActivityManager$RunningAppProcessInfo@79697d5]; stacktrace=java.lang.Exception

08-06 14:42:09.411  5783  6821 I LSPosed-Bridge: 	at com.example.permlabel.hookBinder_test$2.afterHookedMethod(hookBinder_test.java:107)

08-06 14:42:09.411  5783  6821 I LSPosed-Bridge: 	at de.robv.android.xposed.XposedBridge$AdditionalHookInfo.callback(Unknown Source:147)

08-06 14:42:09.411  5783  6821 I LSPosed-Bridge: 	at LSPHooker_.getRunningAppProcesses(Unknown Source:8)

08-06 14:42:09.411  5783  6821 I LSPosed-Bridge: 	at com.tencent.klevin.utils.e.c(SourceFile:104)

08-06 14:42:09.411  5783  6821 I LSPosed-Bridge: 	at com.tencent.klevin.base.c.c$1.handleMessage(SourceFile:184)

08-06 14:42:09.411  5783  6821 I LSPosed-Bridge: 	at android.os.Handler.dispatchMessage(Handler.java:106)

08-06 14:42:09.411  5783  6821 I LSPosed-Bridge: 	at android.os.Looper.loop(Looper.java:193)

08-06 14:42:09.411  5783  6821 I LSPosed-Bridge: 	at android.os.HandlerThread.run(HandlerThread.java:65)

08-06 14:42:09.478  5783  6842 I LSPosed-Bridge: 5783 PermLabel getRunningAppProcesses packageName com.myzaker.ZAKER_Phone at index 0 in process 6886

08-06 14:42:09.478  5783  6842 I LSPosed-Bridge: 5783 PermLabel permName: android.permission.READ_PHONE_STATE; getRunningAppProcesses =[android.app.ActivityManager$RunningAppProcessInfo@27d12fd, android.app.ActivityManager$RunningAppProcessInfo@7b85bf2]; stacktrace=java.lang.Exception

08-06 14:42:09.478  5783  6842 I LSPosed-Bridge: 	at com.example.permlabel.hookBinder_test$2.afterHookedMethod(hookBinder_test.java:107)

08-06 14:42:09.478  5783  6842 I LSPosed-Bridge: 	at de.robv.android.xposed.XposedBridge$AdditionalHookInfo.callback(Unknown Source:147)

08-06 14:42:09.478  5783  6842 I LSPosed-Bridge: 	at LSPHooker_.getRunningAppProcesses(Unknown Source:8)

08-06 14:42:09.478  5783  6842 I LSPosed-Bridge: 	at com.tencent.klevin.utils.e.c(SourceFile:104)

08-06 14:42:09.478  5783  6842 I LSPosed-Bridge: 	at com.tencent.klevin.base.c.c.j(SourceFile:381)

08-06 14:42:09.478  5783  6842 I LSPosed-Bridge: 	at com.tencent.klevin.base.c.c.g(SourceFile:323)

08-06 14:42:09.478  5783  6842 I LSPosed-Bridge: 	at com.tencent.klevin.base.c.c.d(SourceFile:47)

08-06 14:42:09.478  5783  6842 I LSPosed-Bridge: 	at com.tencent.klevin.base.c.c$2.a(SourceFile:303)

08-06 14:42:09.478  5783  6842 I LSPosed-Bridge: 	at com.tencent.klevin.base.c.a$1.onResponse(SourceFile:79)

08-06 14:42:09.478  5783  6842 I LSPosed-Bridge: 	at com.tencent.klevin.base.f.y$a.d(SourceFile:202)

08-06 14:42:09.478  5783  6842 I LSPosed-Bridge: 	at com.tencent.klevin.base.f.a.b.run(SourceFile:32)

08-06 14:42:09.478  5783  6842 I LSPosed-Bridge: 	at java.util.concurrent.ThreadPoolExecutor.runWorker(ThreadPoolExecutor.java:1167)

08-06 14:42:09.478  5783  6842 I LSPosed-Bridge: 	at java.util.concurrent.ThreadPoolExecutor$Worker.run(ThreadPoolExecutor.java:641)

08-06 14:42:09.478  5783  6842 I LSPosed-Bridge: 	at java.lang.Thread.run(Thread.java:764)

08-06 14:42:14.484  5783  6821 I LSPosed-Bridge: 5783 PermLabel hookBinder_test 10126 interfaceBinder =android.app.IActivityManager; arg0 = 81; arg1 = android.os.Parcel@49ddf19; arg2 = android.os.Parcel@f3d06f4; arg3 = 0; res = true; stacktrace=java.lang.Exception

08-06 14:42:14.484  5783  6821 I LSPosed-Bridge: 	at com.example.permlabel.hookBinder_test$1.afterHookedMethod(hookBinder_test.java:67)

08-06 14:42:14.484  5783  6821 I LSPosed-Bridge: 	at de.robv.android.xposed.XposedBridge$AdditionalHookInfo.callback(Unknown Source:147)

08-06 14:42:14.484  5783  6821 I LSPosed-Bridge: 	at LSPHooker_.transact(Unknown Source:28)

08-06 14:42:14.484  5783  6821 I LSPosed-Bridge: 	at android.app.IActivityManager$Stub$Proxy.getRunningAppProcesses(IActivityManager.java:5366)

08-06 14:42:14.484  5783  6821 I LSPosed-Bridge: 	at android.app.ActivityManager.getRunningAppProcesses(ActivityManager.java:3435)

08-06 14:42:14.484  5783  6821 I LSPosed-Bridge: 	at java.lang.reflect.Method.invoke(Native Method)

08-06 14:42:14.484  5783  6821 I LSPosed-Bridge: 	at org.lsposed.lspd.nativebridge.HookBridge.invokeOriginalMethod(Native Method)

08-06 14:42:14.484  5783  6821 I LSPosed-Bridge: 	at de.robv.android.xposed.XposedBridge$AdditionalHookInfo.callback(Unknown Source:110)

08-06 14:42:14.484  5783  6821 I LSPosed-Bridge: 	at LSPHooker_.getRunningAppProcesses(Unknown Source:8)

08-06 14:42:14.484  5783  6821 I LSPosed-Bridge: 	at com.tencent.klevin.utils.e.c(SourceFile:104)

08-06 14:42:14.484  5783  6821 I LSPosed-Bridge: 	at com.tencent.klevin.base.c.c$1.handleMessage(SourceFile:184)

08-06 14:42:14.484  5783  6821 I LSPosed-Bridge: 	at android.os.Handler.dispatchMessage(Handler.java:106)

08-06 14:42:14.484  5783  6821 I LSPosed-Bridge: 	at android.os.Looper.loop(Looper.java:193)

08-06 14:42:14.484  5783  6821 I LSPosed-Bridge: 	at android.os.HandlerThread.run(HandlerThread.java:65)

08-06 14:42:14.484  5783  6821 I LSPosed-Bridge: 5783 PermLabel getRunningAppProcesses =android.app.ActivityManager$RunningAppProcessInfo@62a3138

08-06 14:42:14.484  5783  6821 I LSPosed-Bridge: 5783 PermLabel getRunningAppProcesses processName: com.myzaker.ZAKER_Phone pid: 5783

08-06 14:42:14.484  5783  6821 I LSPosed-Bridge: 5783 PermLabel getRunningAppProcesses importance: 100 pid: 5783

08-06 14:42:14.484  5783  6821 I LSPosed-Bridge: 5783 PermLabel getRunningAppProcesses packageName com.myzaker.ZAKER_Phone at index 0 in process 5783

08-06 14:42:14.484  5783  6821 I LSPosed-Bridge: 5783 PermLabel getRunningAppProcesses =android.app.ActivityManager$RunningAppProcessInfo@4463511

08-06 14:42:14.484   558   558 I ConfigStore: android::hardware::configstore::V1_0::ISurfaceFlingerConfigs::hasHDRDisplay retrieved: 0

08-06 14:42:14.484  5783  6821 I LSPosed-Bridge: 5783 PermLabel getRunningAppProcesses processName: com.myzaker.ZAKER_Phone:v1 pid: 6886

08-06 14:42:14.484  5783  6821 I LSPosed-Bridge: 5783 PermLabel getRunningAppProcesses importance: 125 pid: 6886

08-06 14:42:14.484  5783  6821 I LSPosed-Bridge: 5783 PermLabel getRunningAppProcesses packageName com.myzaker.ZAKER_Phone at index 0 in process 6886

08-06 14:42:14.484  5783  6821 I LSPosed-Bridge: 5783 PermLabel permName: android.permission.READ_PHONE_STATE; getRunningAppProcesses =[android.app.ActivityManager$RunningAppProcessInfo@62a3138, android.app.ActivityManager$RunningAppProcessInfo@4463511]; stacktrace=java.lang.Exception

08-06 14:42:14.484  5783  6821 I LSPosed-Bridge: 	at com.example.permlabel.hookBinder_test$2.afterHookedMethod(hookBinder_test.java:107)

08-06 14:42:14.484  5783  6821 I LSPosed-Bridge: 	at de.robv.android.xposed.XposedBridge$AdditionalHookInfo.callback(Unknown Source:147)

08-06 14:42:14.484  5783  6821 I LSPosed-Bridge: 	at LSPHooker_.getRunningAppProcesses(Unknown Source:8)

08-06 14:42:14.484  5783  6821 I LSPosed-Bridge: 	at com.tencent.klevin.utils.e.c(SourceFile:104)

08-06 14:42:14.484  5783  6821 I LSPosed-Bridge: 	at com.tencent.klevin.base.c.c$1.handleMessage(SourceFile:184)

08-06 14:42:14.484  5783  6821 I LSPosed-Bridge: 	at android.os.Handler.dispatchMessage(Handler.java:106)

08-06 14:42:14.484  5783  6821 I LSPosed-Bridge: 	at android.os.Looper.loop(Looper.java:193)

08-06 14:42:14.484  5783  6821 I LSPosed-Bridge: 	at android.os.HandlerThread.run(HandlerThread.java:65)

08-06 14:42:14.595  5783  6842 I LSPosed-Bridge: 5783 PermLabel hookBinder_test 10126 interfaceBinder =android.app.IActivityManager; arg0 = 81; arg1 = android.os.Parcel@dbe3cd6; arg2 = android.os.Parcel@f3d06f4; arg3 = 0; res = true; stacktrace=java.lang.Exception

08-06 14:42:14.595  5783  6842 I LSPosed-Bridge: 	at com.example.permlabel.hookBinder_test$1.afterHookedMethod(hookBinder_test.java:67)

08-06 14:42:14.595  5783  6842 I LSPosed-Bridge: 	at de.robv.android.xposed.XposedBridge$AdditionalHookInfo.callback(Unknown Source:147)

08-06 14:42:14.595  5783  6842 I LSPosed-Bridge: 	at LSPHooker_.transact(Unknown Source:28)

08-06 14:42:14.595  5783  6842 I LSPosed-Bridge: 	at android.app.IActivityManager$Stub$Proxy.getRunningAppProcesses(IActivityManager.java:5366)

08-06 14:42:14.595  5783  6842 I LSPosed-Bridge: 	at android.app.ActivityManager.getRunningAppProcesses(ActivityManager.java:3435)

08-06 14:42:14.595  5783  6842 I LSPosed-Bridge: 	at java.lang.reflect.Method.invoke(Native Method)

08-06 14:42:14.595  5783  6842 I LSPosed-Bridge: 	at org.lsposed.lspd.nativebridge.HookBridge.invokeOriginalMethod(Native Method)

08-06 14:42:14.595  5783  6842 I LSPosed-Bridge: 	at de.robv.android.xposed.XposedBridge$AdditionalHookInfo.callback(Unknown Source:110)

08-06 14:42:14.595  5783  6842 I LSPosed-Bridge: 	at LSPHooker_.getRunningAppProcesses(Unknown Source:8)

08-06 14:42:14.595  5783  6842 I LSPosed-Bridge: 	at com.tencent.klevin.utils.e.c(SourceFile:104)

08-06 14:42:14.595  5783  6842 I LSPosed-Bridge: 	at com.tencent.klevin.base.c.c.j(SourceFile:381)

08-06 14:42:14.595  5783  6842 I LSPosed-Bridge: 	at com.tencent.klevin.base.c.c.g(SourceFile:323)

08-06 14:42:14.595  5783  6842 I LSPosed-Bridge: 	at com.tencent.klevin.base.c.c.d(SourceFile:47)

08-06 14:42:14.595  5783  6842 I LSPosed-Bridge: 	at com.tencent.klevin.base.c.c$2.a(SourceFile:303)

08-06 14:42:14.595  5783  6842 I LSPosed-Bridge: 	at com.tencent.klevin.base.c.a$1.onResponse(SourceFile:79)

08-06 14:42:14.595  5783  6842 I LSPosed-Bridge: 	at com.tencent.klevin.base.f.y$a.d(SourceFile:202)

08-06 14:42:14.595  5783  6842 I LSPosed-Bridge: 	at com.tencent.klevin.base.f.a.b.run(SourceFile:32)

08-06 14:42:14.595  5783  6842 I LSPosed-Bridge: 	at java.util.concurrent.ThreadPoolExecutor.runWorker(ThreadPoolExecutor.java:1167)

08-06 14:42:14.595  5783  6842 I LSPosed-Bridge: 	at java.util.concurrent.ThreadPoolExecutor$Worker.run(ThreadPoolExecutor.java:641)

08-06 14:42:14.595  5783  6842 I LSPosed-Bridge: 	at java.lang.Thread.run(Thread.java:764)

08-06 14:42:14.595  5783  6842 I LSPosed-Bridge: 5783 PermLabel getRunningAppProcesses =android.app.ActivityManager$RunningAppProcessInfo@1a8d503

08-06 14:42:14.595  5783  6842 I LSPosed-Bridge: 5783 PermLabel getRunningAppProcesses processName: com.myzaker.ZAKER_Phone pid: 5783

08-06 14:42:14.595  5783  6842 I LSPosed-Bridge: 5783 PermLabel getRunningAppProcesses importance: 100 pid: 5783

08-06 14:42:14.595  5783  6842 I LSPosed-Bridge: 5783 PermLabel getRunningAppProcesses packageName com.myzaker.ZAKER_Phone at index 0 in process 5783

08-06 14:42:14.595  5783  6842 I LSPosed-Bridge: 5783 PermLabel getRunningAppProcesses =android.app.ActivityManager$RunningAppProcessInfo@91bcc80

08-06 14:42:14.595  5783  6842 I LSPosed-Bridge: 5783 PermLabel getRunningAppProcesses processName: com.myzaker.ZAKER_Phone:v1 pid: 6886

08-06 14:42:14.595  5783  6842 I LSPosed-Bridge: 5783 PermLabel getRunningAppProcesses importance: 125 pid: 6886

08-06 14:42:14.595  5783  6842 I LSPosed-Bridge: 5783 PermLabel getRunningAppProcesses packageName com.myzaker.ZAKER_Phone at index 0 in process 6886

08-06 14:42:14.595  5783  6842 I LSPosed-Bridge: 5783 PermLabel permName: android.permission.READ_PHONE_STATE; getRunningAppProcesses =[android.app.ActivityManager$RunningAppProcessInfo@1a8d503, android.app.ActivityManager$RunningAppProcessInfo@91bcc80]; stacktrace=java.lang.Exception

08-06 14:42:14.595  5783  6842 I LSPosed-Bridge: 	at com.example.permlabel.hookBinder_test$2.afterHookedMethod(hookBinder_test.java:107)

08-06 14:42:14.595  5783  6842 I LSPosed-Bridge: 	at de.robv.android.xposed.XposedBridge$AdditionalHookInfo.callback(Unknown Source:147)

08-06 14:42:14.595  5783  6842 I LSPosed-Bridge: 	at LSPHooker_.getRunningAppProcesses(Unknown Source:8)

08-06 14:42:14.595  5783  6842 I LSPosed-Bridge: 	at com.tencent.klevin.utils.e.c(SourceFile:104)

08-06 14:42:14.595  5783  6842 I LSPosed-Bridge: 	at com.tencent.klevin.base.c.c.j(SourceFile:381)

08-06 14:42:14.595  5783  6842 I LSPosed-Bridge: 	at com.tencent.klevin.base.c.c.g(SourceFile:323)

08-06 14:42:14.595  5783  6842 I LSPosed-Bridge: 	at com.tencent.klevin.base.c.c.d(SourceFile:47)

08-06 14:42:14.595  5783  6842 I LSPosed-Bridge: 	at com.tencent.klevin.base.c.c$2.a(SourceFile:303)

08-06 14:42:14.595  5783  6842 I LSPosed-Bridge: 	at com.tencent.klevin.base.c.a$1.onResponse(SourceFile:79)

08-06 14:42:14.595  5783  6842 I LSPosed-Bridge: 	at com.tencent.klevin.base.f.y$a.d(SourceFile:202)

08-06 14:42:14.595  5783  6842 I LSPosed-Bridge: 	at com.tencent.klevin.base.f.a.b.run(SourceFile:32)

08-06 14:42:14.595  5783  6842 I LSPosed-Bridge: 	at java.util.concurrent.ThreadPoolExecutor.runWorker(ThreadPoolExecutor.java:1167)

08-06 14:42:14.595  5783  6842 I LSPosed-Bridge: 	at java.util.concurrent.ThreadPoolExecutor$Worker.run(ThreadPoolExecutor.java:641)

08-06 14:42:14.595  5783  6842 I LSPosed-Bridge: 	at java.lang.Thread.run(Thread.java:764)

08-06 14:42:19.603  5783  6821 I LSPosed-Bridge: 5783 PermLabel hookBinder_test 10126 interfaceBinder =android.app.IActivityManager; arg0 = 81; arg1 = android.os.Parcel@f3d06f4; arg2 = android.os.Parcel@dbe3cd6; arg3 = 0; res = true; stacktrace=java.lang.Exception

08-06 14:42:19.603  5783  6821 I LSPosed-Bridge: 	at com.example.permlabel.hookBinder_test$1.afterHookedMethod(hookBinder_test.java:67)

08-06 14:42:19.603  5783  6821 I LSPosed-Bridge: 	at de.robv.android.xposed.XposedBridge$AdditionalHookInfo.callback(Unknown Source:147)

08-06 14:42:19.603  5783  6821 I LSPosed-Bridge: 	at LSPHooker_.transact(Unknown Source:28)

08-06 14:42:19.603  5783  6821 I LSPosed-Bridge: 	at android.app.IActivityManager$Stub$Proxy.getRunningAppProcesses(IActivityManager.java:5366)

08-06 14:42:19.603  5783  6821 I LSPosed-Bridge: 	at android.app.ActivityManager.getRunningAppProcesses(ActivityManager.java:3435)

08-06 14:42:19.603  5783  6821 I LSPosed-Bridge: 	at java.lang.reflect.Method.invoke(Native Method)

08-06 14:42:19.603  5783  6821 I LSPosed-Bridge: 	at org.lsposed.lspd.nativebridge.HookBridge.invokeOriginalMethod(Native Method)

08-06 14:42:19.603  5783  6821 I LSPosed-Bridge: 	at de.robv.android.xposed.XposedBridge$AdditionalHookInfo.callback(Unknown Source:110)

08-06 14:42:19.603  5783  6821 I LSPosed-Bridge: 	at LSPHooker_.getRunningAppProcesses(Unknown Source:8)

08-06 14:42:19.603  5783  6821 I LSPosed-Bridge: 	at com.tencent.klevin.utils.e.c(SourceFile:104)

08-06 14:42:19.603  5783  6821 I LSPosed-Bridge: 	at com.tencent.klevin.base.c.c$1.handleMessage(SourceFile:184)

08-06 14:42:19.603  5783  6821 I LSPosed-Bridge: 	at android.os.Handler.dispatchMessage(Handler.java:106)

08-06 14:42:19.603  5783  6821 I LSPosed-Bridge: 	at android.os.Looper.loop(Looper.java:193)

08-06 14:42:19.603  5783  6821 I LSPosed-Bridge: 	at android.os.HandlerThread.run(HandlerThread.java:65)

08-06 14:42:19.603  5783  6821 I LSPosed-Bridge: 5783 PermLabel getRunningAppProcesses =android.app.ActivityManager$RunningAppProcessInfo@559a5b7

08-06 14:42:19.603  5783  6821 I LSPosed-Bridge: 5783 PermLabel getRunningAppProcesses processName: com.myzaker.ZAKER_Phone pid: 5783

08-06 14:42:19.603  5783  6821 I LSPosed-Bridge: 5783 PermLabel getRunningAppProcesses importance: 100 pid: 5783

08-06 14:42:19.603  5783  6821 I LSPosed-Bridge: 5783 PermLabel getRunningAppProcesses packageName com.myzaker.ZAKER_Phone at index 0 in process 5783

08-06 14:42:19.603  5783  6821 I LSPosed-Bridge: 5783 PermLabel getRunningAppProcesses =android.app.ActivityManager$RunningAppProcessInfo@a338124

08-06 14:42:19.603  5783  6821 I LSPosed-Bridge: 5783 PermLabel getRunningAppProcesses processName: com.myzaker.ZAKER_Phone:v1 pid: 6886

08-06 14:42:19.603  5783  6821 I LSPosed-Bridge: 5783 PermLabel getRunningAppProcesses importance: 125 pid: 6886

08-06 14:42:19.603  5783  6821 I LSPosed-Bridge: 5783 PermLabel getRunningAppProcesses packageName com.myzaker.ZAKER_Phone at index 0 in process 6886

08-06 14:42:19.603  5783  6821 I LSPosed-Bridge: 5783 PermLabel permName: android.permission.READ_PHONE_STATE; getRunningAppProcesses =[android.app.ActivityManager$RunningAppProcessInfo@559a5b7, android.app.ActivityManager$RunningAppProcessInfo@a338124]; stacktrace=java.lang.Exception

08-06 14:42:19.603  5783  6821 I LSPosed-Bridge: 	at com.example.permlabel.hookBinder_test$2.afterHookedMethod(hookBinder_test.java:107)

08-06 14:42:19.603  5783  6821 I LSPosed-Bridge: 	at de.robv.android.xposed.XposedBridge$AdditionalHookInfo.callback(Unknown Source:147)

08-06 14:42:19.603  5783  6821 I LSPosed-Bridge: 	at LSPHooker_.getRunningAppProcesses(Unknown Source:8)

08-06 14:42:19.603  5783  6821 I LSPosed-Bridge: 	at com.tencent.klevin.utils.e.c(SourceFile:104)

08-06 14:42:19.603  5783  6821 I LSPosed-Bridge: 	at com.tencent.klevin.base.c.c$1.handleMessage(SourceFile:184)

08-06 14:42:19.603  5783  6821 I LSPosed-Bridge: 	at android.os.Handler.dispatchMessage(Handler.java:106)

08-06 14:42:19.603  5783  6821 I LSPosed-Bridge: 	at android.os.Looper.loop(Looper.java:193)

08-06 14:42:19.603  5783  6821 I LSPosed-Bridge: 	at android.os.HandlerThread.run(HandlerThread.java:65)

08-06 14:42:19.849  5783  6842 I LSPosed-Bridge: 5783 PermLabel hookBinder_test 10126 interfaceBinder =android.app.IActivityManager; arg0 = 81; arg1 = android.os.Parcel@dbe3cd6; arg2 = android.os.Parcel@f3d06f4; arg3 = 0; res = true; stacktrace=java.lang.Exception

08-06 14:42:19.849  5783  6842 I LSPosed-Bridge: 	at com.example.permlabel.hookBinder_test$1.afterHookedMethod(hookBinder_test.java:67)

08-06 14:42:19.849  5783  6842 I LSPosed-Bridge: 	at de.robv.android.xposed.XposedBridge$AdditionalHookInfo.callback(Unknown Source:147)

08-06 14:42:19.849  5783  6842 I LSPosed-Bridge: 	at LSPHooker_.transact(Unknown Source:28)

08-06 14:42:19.849  5783  6842 I LSPosed-Bridge: 	at android.app.IActivityManager$Stub$Proxy.getRunningAppProcesses(IActivityManager.java:5366)

08-06 14:42:19.849  5783  6842 I LSPosed-Bridge: 	at android.app.ActivityManager.getRunningAppProcesses(ActivityManager.java:3435)

08-06 14:42:19.849  5783  6842 I LSPosed-Bridge: 	at java.lang.reflect.Method.invoke(Native Method)

08-06 14:42:19.849  5783  6842 I LSPosed-Bridge: 	at org.lsposed.lspd.nativebridge.HookBridge.invokeOriginalMethod(Native Method)

08-06 14:42:19.849  5783  6842 I LSPosed-Bridge: 	at de.robv.android.xposed.XposedBridge$AdditionalHookInfo.callback(Unknown Source:110)

08-06 14:42:19.849  5783  6842 I LSPosed-Bridge: 	at LSPHooker_.getRunningAppProcesses(Unknown Source:8)

08-06 14:42:19.849  5783  6842 I LSPosed-Bridge: 	at com.tencent.klevin.utils.e.c(SourceFile:104)

08-06 14:42:19.849  5783  6842 I LSPosed-Bridge: 	at com.tencent.klevin.base.c.c.j(SourceFile:381)

08-06 14:42:19.849  5783  6842 I LSPosed-Bridge: 	at com.tencent.klevin.base.c.c.g(SourceFile:323)

08-06 14:42:19.849  5783  6842 I LSPosed-Bridge: 	at com.tencent.klevin.base.c.c.d(SourceFile:47)

08-06 14:42:19.849  5783  6842 I LSPosed-Bridge: 	at com.tencent.klevin.base.c.c$2.a(SourceFile:303)

08-06 14:42:19.849  5783  6842 I LSPosed-Bridge: 	at com.tencent.klevin.base.c.a$1.onResponse(SourceFile:79)

08-06 14:42:19.849  5783  6842 I LSPosed-Bridge: 	at com.tencent.klevin.base.f.y$a.d(SourceFile:202)

08-06 14:42:19.849  5783  6842 I LSPosed-Bridge: 	at com.tencent.klevin.base.f.a.b.run(SourceFile:32)

08-06 14:42:19.849  5783  6842 I LSPosed-Bridge: 	at java.util.concurrent.ThreadPoolExecutor.runWorker(ThreadPoolExecutor.java:1167)

08-06 14:42:19.849  5783  6842 I LSPosed-Bridge: 	at java.util.concurrent.ThreadPoolExecutor$Worker.run(ThreadPoolExecutor.java:641)

08-06 14:42:19.849  5783  6842 I LSPosed-Bridge: 	at java.lang.Thread.run(Thread.java:764)

08-06 14:42:19.849  5783  6842 I LSPosed-Bridge: 5783 PermLabel getRunningAppProcesses =android.app.ActivityManager$RunningAppProcessInfo@b2c4b97

08-06 14:42:19.849  5783  6842 I LSPosed-Bridge: 5783 PermLabel getRunningAppProcesses processName: com.myzaker.ZAKER_Phone pid: 5783

08-06 14:42:19.849  5783  6842 I LSPosed-Bridge: 5783 PermLabel getRunningAppProcesses importance: 100 pid: 5783

08-06 14:42:19.849  5783  6842 I LSPosed-Bridge: 5783 PermLabel getRunningAppProcesses packageName com.myzaker.ZAKER_Phone at index 0 in process 5783

08-06 14:42:19.849  5783  6842 I LSPosed-Bridge: 5783 PermLabel getRunningAppProcesses =android.app.ActivityManager$RunningAppProcessInfo@eae6184

08-06 14:42:19.849   558   558 I ConfigStore: android::hardware::configstore::V1_0::ISurfaceFlingerConfigs::hasHDRDisplay retrieved: 0

08-06 14:42:19.849  5783  6842 I LSPosed-Bridge: 5783 PermLabel getRunningAppProcesses processName: com.myzaker.ZAKER_Phone:v1 pid: 6886

08-06 14:42:19.849  5783  6842 I LSPosed-Bridge: 5783 PermLabel getRunningAppProcesses importance: 125 pid: 6886

08-06 14:42:19.849  5783  6842 I LSPosed-Bridge: 5783 PermLabel getRunningAppProcesses packageName com.myzaker.ZAKER_Phone at index 0 in process 6886

08-06 14:42:19.849  5783  6842 I LSPosed-Bridge: 5783 PermLabel permName: android.permission.READ_PHONE_STATE; getRunningAppProcesses =[android.app.ActivityManager$RunningAppProcessInfo@b2c4b97, android.app.ActivityManager$RunningAppProcessInfo@eae6184]; stacktrace=java.lang.Exception

08-06 14:42:19.849  5783  6842 I LSPosed-Bridge: 	at com.example.permlabel.hookBinder_test$2.afterHookedMethod(hookBinder_test.java:107)

08-06 14:42:19.849  5783  6842 I LSPosed-Bridge: 	at de.robv.android.xposed.XposedBridge$AdditionalHookInfo.callback(Unknown Source:147)

08-06 14:42:19.849  5783  6842 I LSPosed-Bridge: 	at LSPHooker_.getRunningAppProcesses(Unknown Source:8)

08-06 14:42:19.849  5783  6842 I LSPosed-Bridge: 	at com.tencent.klevin.utils.e.c(SourceFile:104)

08-06 14:42:19.849  5783  6842 I LSPosed-Bridge: 	at com.tencent.klevin.base.c.c.j(SourceFile:381)

08-06 14:42:19.849  5783  6842 I LSPosed-Bridge: 	at com.tencent.klevin.base.c.c.g(SourceFile:323)

08-06 14:42:19.849  5783  6842 I LSPosed-Bridge: 	at com.tencent.klevin.base.c.c.d(SourceFile:47)

08-06 14:42:19.849  5783  6842 I LSPosed-Bridge: 	at com.tencent.klevin.base.c.c$2.a(SourceFile:303)

08-06 14:42:19.849  5783  6842 I LSPosed-Bridge: 	at com.tencent.klevin.base.c.a$1.onResponse(SourceFile:79)

08-06 14:42:19.849  5783  6842 I LSPosed-Bridge: 	at com.tencent.klevin.base.f.y$a.d(SourceFile:202)

08-06 14:42:19.849  5783  6842 I LSPosed-Bridge: 	at com.tencent.klevin.base.f.a.b.run(SourceFile:32)

08-06 14:42:19.849  5783  6842 I LSPosed-Bridge: 	at java.util.concurrent.ThreadPoolExecutor.runWorker(ThreadPoolExecutor.java:1167)

08-06 14:42:19.849  5783  6842 I LSPosed-Bridge: 	at java.util.concurrent.ThreadPoolExecutor$Worker.run(ThreadPoolExecutor.java:641)

08-06 14:42:19.849  5783  6842 I LSPosed-Bridge: 	at java.lang.Thread.run(Thread.java:764)

08-06 14:42:19.849   558   558 I ConfigStore: android::hardware::configstore::V1_0::ISurfaceFlingerConfigs::hasHDRDisplay retrieved: 0

08-06 14:42:24.857  5783  6821 I LSPosed-Bridge: 5783 PermLabel getRunningAppProcesses =android.app.ActivityManager$RunningAppProcessInfo@3824a24

08-06 14:42:24.857  5783  6821 I LSPosed-Bridge: 5783 PermLabel getRunningAppProcesses processName: com.myzaker.ZAKER_Phone pid: 5783

08-06 14:42:24.857  5783  6821 I LSPosed-Bridge: 5783 PermLabel getRunningAppProcesses importance: 100 pid: 5783

08-06 14:42:24.857  5783  6821 I LSPosed-Bridge: 5783 PermLabel getRunningAppProcesses packageName com.myzaker.ZAKER_Phone at index 0 in process 5783

08-06 14:42:24.857  5783  6821 I LSPosed-Bridge: 5783 PermLabel getRunningAppProcesses =android.app.ActivityManager$RunningAppProcessInfo@ce8b98d

08-06 14:42:24.857  5783  6821 I LSPosed-Bridge: 5783 PermLabel getRunningAppProcesses processName: com.myzaker.ZAKER_Phone:v1 pid: 6886

08-06 14:42:24.857  5783  6821 I LSPosed-Bridge: 5783 PermLabel getRunningAppProcesses importance: 125 pid: 6886

08-06 14:42:24.857  5783  6821 I LSPosed-Bridge: 5783 PermLabel getRunningAppProcesses packageName com.myzaker.ZAKER_Phone at index 0 in process 6886

08-06 14:42:24.857  5783  6821 I LSPosed-Bridge: 5783 PermLabel permName: android.permission.READ_PHONE_STATE; getRunningAppProcesses =[android.app.ActivityManager$RunningAppProcessInfo@3824a24, android.app.ActivityManager$RunningAppProcessInfo@ce8b98d]; stacktrace=java.lang.Exception

08-06 14:42:24.857  5783  6821 I LSPosed-Bridge: 	at com.example.permlabel.hookBinder_test$2.afterHookedMethod(hookBinder_test.java:107)

08-06 14:42:24.857  5783  6821 I LSPosed-Bridge: 	at de.robv.android.xposed.XposedBridge$AdditionalHookInfo.callback(Unknown Source:147)

08-06 14:42:24.857  5783  6821 I LSPosed-Bridge: 	at LSPHooker_.getRunningAppProcesses(Unknown Source:8)

08-06 14:42:24.857  5783  6821 I LSPosed-Bridge: 	at com.tencent.klevin.utils.e.c(SourceFile:104)

08-06 14:42:24.857  5783  6821 I LSPosed-Bridge: 	at com.tencent.klevin.base.c.c$1.handleMessage(SourceFile:184)

08-06 14:42:24.857  5783  6821 I LSPosed-Bridge: 	at android.os.Handler.dispatchMessage(Handler.java:106)

08-06 14:42:24.857  5783  6821 I LSPosed-Bridge: 	at android.os.Looper.loop(Looper.java:193)

08-06 14:42:24.857  5783  6821 I LSPosed-Bridge: 	at android.os.HandlerThread.run(HandlerThread.java:65)

08-06 14:42:25.088  5783  6842 I LSPosed-Bridge: 5783 PermLabel hookBinder_test 10126 interfaceBinder =android.app.IActivityManager; arg0 = 81; arg1 = android.os.Parcel@f3d06f4; arg2 = android.os.Parcel@afa9adb; arg3 = 0; res = true; stacktrace=java.lang.Exception

08-06 14:42:25.088  5783  6842 I LSPosed-Bridge: 	at com.example.permlabel.hookBinder_test$1.afterHookedMethod(hookBinder_test.java:67)

08-06 14:42:25.088  5783  6842 I LSPosed-Bridge: 	at de.robv.android.xposed.XposedBridge$AdditionalHookInfo.callback(Unknown Source:147)

08-06 14:42:25.088  5783  6842 I LSPosed-Bridge: 	at LSPHooker_.transact(Unknown Source:28)

08-06 14:42:25.088  5783  6842 I LSPosed-Bridge: 	at android.app.IActivityManager$Stub$Proxy.getRunningAppProcesses(IActivityManager.java:5366)

08-06 14:42:25.088  5783  6842 I LSPosed-Bridge: 	at android.app.ActivityManager.getRunningAppProcesses(ActivityManager.java:3435)

08-06 14:42:25.088  5783  6842 I LSPosed-Bridge: 	at java.lang.reflect.Method.invoke(Native Method)

08-06 14:42:25.088  5783  6842 I LSPosed-Bridge: 	at org.lsposed.lspd.nativebridge.HookBridge.invokeOriginalMethod(Native Method)

08-06 14:42:25.088  5783  6842 I LSPosed-Bridge: 	at de.robv.android.xposed.XposedBridge$AdditionalHookInfo.callback(Unknown Source:110)

08-06 14:42:25.088  5783  6842 I LSPosed-Bridge: 	at LSPHooker_.getRunningAppProcesses(Unknown Source:8)

08-06 14:42:25.088  5783  6842 I LSPosed-Bridge: 	at com.tencent.klevin.utils.e.c(SourceFile:104)

08-06 14:42:25.088  5783  6842 I LSPosed-Bridge: 	at com.tencent.klevin.base.c.c.j(SourceFile:381)

08-06 14:42:25.088  5783  6842 I LSPosed-Bridge: 	at com.tencent.klevin.base.c.c.g(SourceFile:323)

08-06 14:42:25.088  5783  6842 I LSPosed-Bridge: 	at com.tencent.klevin.base.c.c.d(SourceFile:47)

08-06 14:42:25.088  5783  6842 I LSPosed-Bridge: 	at com.tencent.klevin.base.c.c$2.a(SourceFile:303)

08-06 14:42:25.088  5783  6842 I LSPosed-Bridge: 	at com.tencent.klevin.base.c.a$1.onResponse(SourceFile:79)

08-06 14:42:25.088  5783  6842 I LSPosed-Bridge: 	at com.tencent.klevin.base.f.y$a.d(SourceFile:202)

08-06 14:42:25.088  5783  6842 I LSPosed-Bridge: 	at com.tencent.klevin.base.f.a.b.run(SourceFile:32)

08-06 14:42:25.088  5783  6842 I LSPosed-Bridge: 	at java.util.concurrent.ThreadPoolExecutor.runWorker(ThreadPoolExecutor.java:1167)

08-06 14:42:25.088  5783  6842 I LSPosed-Bridge: 	at java.util.concurrent.ThreadPoolExecutor$Worker.run(ThreadPoolExecutor.java:641)

08-06 14:42:25.088  5783  6842 I LSPosed-Bridge: 	at java.lang.Thread.run(Thread.java:764)

08-06 14:42:25.088  5783  6842 I LSPosed-Bridge: 5783 PermLabel getRunningAppProcesses =android.app.ActivityManager$RunningAppProcessInfo@ffabcb4

08-06 14:42:25.088  5783  6842 I LSPosed-Bridge: 5783 PermLabel getRunningAppProcesses processName: com.myzaker.ZAKER_Phone pid: 5783

08-06 14:42:25.088  2260  7990 I NetworkScheduler.Stats: (REDACTED) Task %s/%s started execution. cause:%s exec_start_elapsed_seconds: %s

08-06 14:42:25.088  5783  6842 I LSPosed-Bridge: 5783 PermLabel getRunningAppProcesses importance: 100 pid: 5783

08-06 14:42:25.088  5783  6842 I LSPosed-Bridge: 5783 PermLabel getRunningAppProcesses packageName com.myzaker.ZAKER_Phone at index 0 in process 5783

08-06 14:42:25.088  5783  6842 I LSPosed-Bridge: 5783 PermLabel getRunningAppProcesses =android.app.ActivityManager$RunningAppProcessInfo@a7960dd

08-06 14:42:25.088  5783  6842 I LSPosed-Bridge: 5783 PermLabel getRunningAppProcesses processName: com.myzaker.ZAKER_Phone:v1 pid: 6886

08-06 14:42:25.088  5783  6842 I LSPosed-Bridge: 5783 PermLabel getRunningAppProcesses importance: 125 pid: 6886

08-06 14:42:25.088  5783  6842 I LSPosed-Bridge: 5783 PermLabel getRunningAppProcesses packageName com.myzaker.ZAKER_Phone at index 0 in process 6886

08-06 14:42:25.088  5783  6842 I LSPosed-Bridge: 5783 PermLabel permName: android.permission.READ_PHONE_STATE; getRunningAppProcesses =[android.app.ActivityManager$RunningAppProcessInfo@ffabcb4, android.app.ActivityManager$RunningAppProcessInfo@a7960dd]; stacktrace=java.lang.Exception

08-06 14:42:25.088  5783  6842 I LSPosed-Bridge: 	at com.example.permlabel.hookBinder_test$2.afterHookedMethod(hookBinder_test.java:107)

08-06 14:42:25.088  5783  6842 I LSPosed-Bridge: 	at de.robv.android.xposed.XposedBridge$AdditionalHookInfo.callback(Unknown Source:147)

08-06 14:42:25.088  5783  6842 I LSPosed-Bridge: 	at LSPHooker_.getRunningAppProcesses(Unknown Source:8)

08-06 14:42:25.088  5783  6842 I LSPosed-Bridge: 	at com.tencent.klevin.utils.e.c(SourceFile:104)

08-06 14:42:25.088  5783  6842 I LSPosed-Bridge: 	at com.tencent.klevin.base.c.c.j(SourceFile:381)

08-06 14:42:25.088  5783  6842 I LSPosed-Bridge: 	at com.tencent.klevin.base.c.c.g(SourceFile:323)

08-06 14:42:25.088  5783  6842 I LSPosed-Bridge: 	at com.tencent.klevin.base.c.c.d(SourceFile:47)

08-06 14:42:25.088  5783  6842 I LSPosed-Bridge: 	at com.tencent.klevin.base.c.c$2.a(SourceFile:303)

08-06 14:42:25.088  5783  6842 I LSPosed-Bridge: 	at com.tencent.klevin.base.c.a$1.onResponse(SourceFile:79)

08-06 14:42:25.088  5783  6842 I LSPosed-Bridge: 	at com.tencent.klevin.base.f.y$a.d(SourceFile:202)

08-06 14:42:25.088  5783  6842 I LSPosed-Bridge: 	at com.tencent.klevin.base.f.a.b.run(SourceFile:32)

08-06 14:42:25.088  5783  6842 I LSPosed-Bridge: 	at java.util.concurrent.ThreadPoolExecutor.runWorker(ThreadPoolExecutor.java:1167)

08-06 14:42:25.088  5783  6842 I LSPosed-Bridge: 	at java.util.concurrent.ThreadPoolExecutor$Worker.run(ThreadPoolExecutor.java:641)

08-06 14:42:25.088  5783  6842 I LSPosed-Bridge: 	at java.lang.Thread.run(Thread.java:764)

08-06 14:42:30.096  5783  6821 I LSPosed-Bridge: 5783 PermLabel hookBinder_test 10126 interfaceBinder =android.app.IActivityManager; arg0 = 81; arg1 = android.os.Parcel@dbe3cd6; arg2 = android.os.Parcel@49ddf19; arg3 = 0; res = true; stacktrace=java.lang.Exception

08-06 14:42:30.096  5783  6821 I LSPosed-Bridge: 	at com.example.permlabel.hookBinder_test$1.afterHookedMethod(hookBinder_test.java:67)

08-06 14:42:30.096  5783  6821 I LSPosed-Bridge: 	at de.robv.android.xposed.XposedBridge$AdditionalHookInfo.callback(Unknown Source:147)

08-06 14:42:30.096  5783  6821 I LSPosed-Bridge: 	at LSPHooker_.transact(Unknown Source:28)

08-06 14:42:30.096  5783  6821 I LSPosed-Bridge: 	at android.app.IActivityManager$Stub$Proxy.getRunningAppProcesses(IActivityManager.java:5366)

08-06 14:42:30.096  5783  6821 I LSPosed-Bridge: 	at android.app.ActivityManager.getRunningAppProcesses(ActivityManager.java:3435)

08-06 14:42:30.096  5783  6821 I LSPosed-Bridge: 	at java.lang.reflect.Method.invoke(Native Method)

08-06 14:42:30.096  5783  6821 I LSPosed-Bridge: 	at org.lsposed.lspd.nativebridge.HookBridge.invokeOriginalMethod(Native Method)

08-06 14:42:30.096  5783  6821 I LSPosed-Bridge: 	at de.robv.android.xposed.XposedBridge$AdditionalHookInfo.callback(Unknown Source:110)

08-06 14:42:30.096  5783  6821 I LSPosed-Bridge: 	at LSPHooker_.getRunningAppProcesses(Unknown Source:8)

08-06 14:42:30.096  5783  6821 I LSPosed-Bridge: 	at com.tencent.klevin.utils.e.c(SourceFile:104)

08-06 14:42:30.096  5783  6821 I LSPosed-Bridge: 	at com.tencent.klevin.base.c.c$1.handleMessage(SourceFile:184)

08-06 14:42:30.096  5783  6821 I LSPosed-Bridge: 	at android.os.Handler.dispatchMessage(Handler.java:106)

08-06 14:42:30.096  5783  6821 I LSPosed-Bridge: 	at android.os.Looper.loop(Looper.java:193)

08-06 14:42:30.096  5783  6821 I LSPosed-Bridge: 	at android.os.HandlerThread.run(HandlerThread.java:65)

08-06 14:42:30.096  5783  6821 I LSPosed-Bridge: 5783 PermLabel getRunningAppProcesses =android.app.ActivityManager$RunningAppProcessInfo@3dafab9

08-06 14:42:30.096  5783  6821 I LSPosed-Bridge: 5783 PermLabel getRunningAppProcesses processName: com.myzaker.ZAKER_Phone pid: 5783

08-06 14:42:30.096  5783  6821 I LSPosed-Bridge: 5783 PermLabel getRunningAppProcesses importance: 100 pid: 5783

08-06 14:42:30.096  5783  6821 I LSPosed-Bridge: 5783 PermLabel getRunningAppProcesses packageName com.myzaker.ZAKER_Phone at index 0 in process 5783

08-06 14:42:30.096  5783  6821 I LSPosed-Bridge: 5783 PermLabel getRunningAppProcesses =android.app.ActivityManager$RunningAppProcessInfo@b74efe

08-06 14:42:30.096  5783  6821 I LSPosed-Bridge: 5783 PermLabel getRunningAppProcesses processName: com.myzaker.ZAKER_Phone:v1 pid: 6886

08-06 14:42:30.096  5783  6821 I LSPosed-Bridge: 5783 PermLabel getRunningAppProcesses importance: 125 pid: 6886

08-06 14:42:30.096  5783  6821 I LSPosed-Bridge: 5783 PermLabel getRunningAppProcesses packageName com.myzaker.ZAKER_Phone at index 0 in process 6886

08-06 14:42:30.096  5783  6821 I LSPosed-Bridge: 5783 PermLabel permName: android.permission.READ_PHONE_STATE; getRunningAppProcesses =[android.app.ActivityManager$RunningAppProcessInfo@3dafab9, android.app.ActivityManager$RunningAppProcessInfo@b74efe]; stacktrace=java.lang.Exception

08-06 14:42:30.096  5783  6821 I LSPosed-Bridge: 	at com.example.permlabel.hookBinder_test$2.afterHookedMethod(hookBinder_test.java:107)

08-06 14:42:30.096  5783  6821 I LSPosed-Bridge: 	at de.robv.android.xposed.XposedBridge$AdditionalHookInfo.callback(Unknown Source:147)

08-06 14:42:30.096  5783  6821 I LSPosed-Bridge: 	at LSPHooker_.getRunningAppProcesses(Unknown Source:8)

08-06 14:42:30.096  5783  6821 I LSPosed-Bridge: 	at com.tencent.klevin.utils.e.c(SourceFile:104)

08-06 14:42:30.096  5783  6821 I LSPosed-Bridge: 	at com.tencent.klevin.base.c.c$1.handleMessage(SourceFile:184)

08-06 14:42:30.096  5783  6821 I LSPosed-Bridge: 	at android.os.Handler.dispatchMessage(Handler.java:106)

08-06 14:42:30.096  5783  6821 I LSPosed-Bridge: 	at android.os.Looper.loop(Looper.java:193)

08-06 14:42:30.096  5783  6821 I LSPosed-Bridge: 	at android.os.HandlerThread.run(HandlerThread.java:65)

08-06 14:42:30.311  5783  6842 I LSPosed-Bridge: 5783 PermLabel getRunningAppProcesses =android.app.ActivityManager$RunningAppProcessInfo@b6a08e3

08-06 14:42:30.311  5783  6842 I LSPosed-Bridge: 5783 PermLabel getRunningAppProcesses processName: com.myzaker.ZAKER_Phone pid: 5783

08-06 14:42:30.311  5783  6842 I LSPosed-Bridge: 5783 PermLabel getRunningAppProcesses importance: 100 pid: 5783

08-06 14:42:30.311  5783  6842 I LSPosed-Bridge: 5783 PermLabel getRunningAppProcesses packageName com.myzaker.ZAKER_Phone at index 0 in process 5783

08-06 14:42:30.311  5783  6842 I LSPosed-Bridge: 5783 PermLabel getRunningAppProcesses =android.app.ActivityManager$RunningAppProcessInfo@d6d22e0

08-06 14:42:30.311  5783  6842 I LSPosed-Bridge: 5783 PermLabel getRunningAppProcesses processName: com.myzaker.ZAKER_Phone:v1 pid: 6886

08-06 14:42:30.311  5783  6842 I LSPosed-Bridge: 5783 PermLabel getRunningAppProcesses importance: 125 pid: 6886

08-06 14:42:30.311  5783  6842 I LSPosed-Bridge: 5783 PermLabel getRunningAppProcesses packageName com.myzaker.ZAKER_Phone at index 0 in process 6886

08-06 14:42:30.311  5783  6842 I LSPosed-Bridge: 5783 PermLabel permName: android.permission.READ_PHONE_STATE; getRunningAppProcesses =[android.app.ActivityManager$RunningAppProcessInfo@b6a08e3, android.app.ActivityManager$RunningAppProcessInfo@d6d22e0]; stacktrace=java.lang.Exception

08-06 14:42:30.311  5783  6842 I LSPosed-Bridge: 	at com.example.permlabel.hookBinder_test$2.afterHookedMethod(hookBinder_test.java:107)

08-06 14:42:30.311  5783  6842 I LSPosed-Bridge: 	at de.robv.android.xposed.XposedBridge$AdditionalHookInfo.callback(Unknown Source:147)

08-06 14:42:30.311  5783  6842 I LSPosed-Bridge: 	at LSPHooker_.getRunningAppProcesses(Unknown Source:8)

08-06 14:42:30.311  5783  6842 I LSPosed-Bridge: 	at com.tencent.klevin.utils.e.c(SourceFile:104)

08-06 14:42:30.311  5783  6842 I LSPosed-Bridge: 	at com.tencent.klevin.base.c.c.j(SourceFile:381)

08-06 14:42:30.311  5783  6842 I LSPosed-Bridge: 	at com.tencent.klevin.base.c.c.g(SourceFile:323)

08-06 14:42:30.311  5783  6842 I LSPosed-Bridge: 	at com.tencent.klevin.base.c.c.d(SourceFile:47)

08-06 14:42:30.311  5783  6842 I LSPosed-Bridge: 	at com.tencent.klevin.base.c.c$2.a(SourceFile:303)

08-06 14:42:30.311  5783  6842 I LSPosed-Bridge: 	at com.tencent.klevin.base.c.a$1.onResponse(SourceFile:79)

08-06 14:42:30.311  5783  6842 I LSPosed-Bridge: 	at com.tencent.klevin.base.f.y$a.d(SourceFile:202)

08-06 14:42:30.311  5783  6842 I LSPosed-Bridge: 	at com.tencent.klevin.base.f.a.b.run(SourceFile:32)

08-06 14:42:30.311  5783  6842 I LSPosed-Bridge: 	at java.util.concurrent.ThreadPoolExecutor.runWorker(ThreadPoolExecutor.java:1167)

08-06 14:42:30.311  5783  6842 I LSPosed-Bridge: 	at java.util.concurrent.ThreadPoolExecutor$Worker.run(ThreadPoolExecutor.java:641)

08-06 14:42:30.311  5783  6842 I LSPosed-Bridge: 	at java.lang.Thread.run(Thread.java:764)

08-06 14:42:30.311  5783  5783 I LSPosed-Bridge: 5783 PermLabel hookBinder_test 10126 interfaceBinder =android.view.accessibility.IAccessibilityInteractionConnectionCallback; arg0 = 2; arg1 = android.os.Parcel@afa9adb; arg2 = null; arg3 = 1; res = true; stacktrace=java.lang.Exception

08-06 14:42:30.311  5783  5783 I LSPosed-Bridge: 	at com.example.permlabel.hookBinder_test$1.afterHookedMethod(hookBinder_test.java:67)

08-06 14:42:30.311  5783  5783 I LSPosed-Bridge: 	at de.robv.android.xposed.XposedBridge$AdditionalHookInfo.callback(Unknown Source:147)

08-06 14:42:30.311  5783  5783 I LSPosed-Bridge: 	at LSPHooker_.transact(Unknown Source:28)

