08-05 07:26:30.748  5943  7112 I LSPosed-Bridge: 	at com.umeng.commonsdk.UMConfigure.init(SourceFile:112)

08-05 07:26:30.748  5943  7112 I LSPosed-Bridge: 	at cc.jianke.jianzhike.app.MyApplication$nANh.run(SourceFile:5)

08-05 07:26:30.748  5943  7112 I LSPosed-Bridge: 	at cc.jianke.jianzhike.app.MyApplication$nANh.run(SourceFile:5)

08-05 07:26:30.748  5943  7112 I LSPosed-Bridge: 	at com.wodan.xianshijian.AAhNANnh$ANAAnnNAN$nhAnnNAN.run(SourceFile:2)

08-05 07:26:30.748  5943  7112 I LSPosed-Bridge: 	at com.wodan.xianshijian.AAhNANnh$ANAAnnNAN$nhAnnNAN.run(SourceFile:2)

08-05 07:26:30.748  5943  7112 I LSPosed-Bridge: 	at com.xj.anchortask.library.AnchorTaskRunnable.run(SourceFile:5)

08-05 07:26:30.748  5943  7112 I LSPosed-Bridge: 	at com.xj.anchortask.library.AnchorTaskRunnable.run(SourceFile:5)

08-05 07:26:30.748  5943  7112 I LSPosed-Bridge: 	at java.util.concurrent.ThreadPoolExecutor.runWorker(ThreadPoolExecutor.java:1167)

08-05 07:26:30.748  5943  7112 I LSPosed-Bridge: 	at java.util.concurrent.ThreadPoolExecutor.runWorker(ThreadPoolExecutor.java:1167)

08-05 07:26:30.748  5943  7112 I LSPosed-Bridge: 	at java.util.concurrent.ThreadPoolExecutor$Worker.run(ThreadPoolExecutor.java:641)

08-05 07:26:30.748  5943  7112 I LSPosed-Bridge: 	at java.util.concurrent.ThreadPoolExecutor$Worker.run(ThreadPoolExecutor.java:641)

08-05 07:26:30.748  5943  7112 I LSPosed-Bridge: 	at java.lang.Thread.run(Thread.java:764)

08-05 07:26:30.748  5943  7112 I LSPosed-Bridge: 	at java.lang.Thread.run(Thread.java:764)

08-05 07:26:30.748  5943  7112 I LSPosed-Bridge: 5943 PermLabel 10142 ContextImpl.checkPermission: pid = 5943; uid = 10142; permName: android.permission.READ_PHONE_STATE; type = 1; res = -1; stacktrace=java.lang.Exception

08-05 07:26:30.748  5943  7112 I LSPosed-Bridge: 5943 PermLabel 10142 ContextImpl.checkPermission: pid = 5943; uid = 10142; permName: android.permission.READ_PHONE_STATE; type = 1; res = -1; stacktrace=java.lang.Exception

08-05 07:26:30.748  5943  7112 I LSPosed-Bridge: 	at com.example.permlabel.requestPerm$2.afterHookedMethod(requestPerm.java:207)

08-05 07:26:30.748  5943  7112 I LSPosed-Bridge: 	at com.example.permlabel.requestPerm$2.afterHookedMethod(requestPerm.java:207)

08-05 07:26:30.748  5943  7112 I LSPosed-Bridge: 	at de.robv.android.xposed.XposedBridge$AdditionalHookInfo.callback(Unknown Source:147)

08-05 07:26:30.748  5943  7112 I LSPosed-Bridge: 	at de.robv.android.xposed.XposedBridge$AdditionalHookInfo.callback(Unknown Source:147)

08-05 07:26:30.748  5943  7112 I LSPosed-Bridge: 	at LSPHooker_.checkPermission(Unknown Source:25)

08-05 07:26:30.748  5943  7112 I LSPosed-Bridge: 	at LSPHooker_.checkPermission(Unknown Source:25)

08-05 07:26:30.748  5943  7112 I LSPosed-Bridge: 	at android.app.ContextImpl.checkSelfPermission(ContextImpl.java:1801)

08-05 07:26:30.748  5943  7112 I LSPosed-Bridge: 	at android.app.ContextImpl.checkSelfPermission(ContextImpl.java:1801)

08-05 07:26:30.748  5943  7112 I LSPosed-Bridge: 	at android.content.ContextWrapper.checkSelfPermission(ContextWrapper.java:759)

08-05 07:26:30.748  5943  7112 I LSPosed-Bridge: 	at android.content.ContextWrapper.checkSelfPermission(ContextWrapper.java:759)

08-05 07:26:30.748  5943  7112 I LSPosed-Bridge: 	at java.lang.reflect.Method.invoke(Native Method)

08-05 07:26:30.748  5943  7112 I LSPosed-Bridge: 	at java.lang.reflect.Method.invoke(Native Method)

08-05 07:26:30.748  5943  7112 I LSPosed-Bridge: 	at com.umeng.umcrash.UMCrashUtils.checkPermission(SourceFile:4)

08-05 07:26:30.748  5943  7112 I LSPosed-Bridge: 	at com.umeng.umcrash.UMCrashUtils.checkPermission(SourceFile:4)

08-05 07:26:30.748  5943  7112 I LSPosed-Bridge: 	at com.umeng.umcrash.UMCrashUtils.getNetworkOperatorName(SourceFile:2)

08-05 07:26:30.748  5943  7112 I LSPosed-Bridge: 	at com.umeng.umcrash.UMCrashUtils.getNetworkOperatorName(SourceFile:2)

08-05 07:26:30.748  5943  7112 I LSPosed-Bridge: 	at com.umeng.umcrash.UMCrash.init(SourceFile:57)

08-05 07:26:30.748  5943  7112 I LSPosed-Bridge: 	at com.umeng.umcrash.UMCrash.init(SourceFile:57)

08-05 07:26:30.748  5943  7112 I LSPosed-Bridge: 	at java.lang.reflect.Method.invoke(Native Method)

08-05 07:26:30.748  5943  7112 I LSPosed-Bridge: 	at java.lang.reflect.Method.invoke(Native Method)

08-05 07:26:30.748  5943  7112 I LSPosed-Bridge: 	at com.umeng.commonsdk.UMConfigure.init(SourceFile:112)

08-05 07:26:30.748  5943  7112 I LSPosed-Bridge: 	at com.umeng.commonsdk.UMConfigure.init(SourceFile:112)

08-05 07:26:30.748  5943  7112 I LSPosed-Bridge: 	at cc.jianke.jianzhike.app.MyApplication$nANh.run(SourceFile:5)

08-05 07:26:30.748  5943  7112 I LSPosed-Bridge: 	at cc.jianke.jianzhike.app.MyApplication$nANh.run(SourceFile:5)

08-05 07:26:30.748  5943  7112 I LSPosed-Bridge: 	at com.wodan.xianshijian.AAhNANnh$ANAAnnNAN$nhAnnNAN.run(SourceFile:2)

08-05 07:26:30.748  5943  7112 I LSPosed-Bridge: 	at com.wodan.xianshijian.AAhNANnh$ANAAnnNAN$nhAnnNAN.run(SourceFile:2)

08-05 07:26:30.748  5943  7112 I LSPosed-Bridge: 	at com.xj.anchortask.library.AnchorTaskRunnable.run(SourceFile:5)

08-05 07:26:30.748  5943  7112 I LSPosed-Bridge: 	at com.xj.anchortask.library.AnchorTaskRunnable.run(SourceFile:5)

08-05 07:26:30.748  5943  7112 I LSPosed-Bridge: 	at java.util.concurrent.ThreadPoolExecutor.runWorker(ThreadPoolExecutor.java:1167)

08-05 07:26:30.748  5943  7112 I LSPosed-Bridge: 	at java.util.concurrent.ThreadPoolExecutor.runWorker(ThreadPoolExecutor.java:1167)

08-05 07:26:30.748  5943  7112 I LSPosed-Bridge: 	at java.util.concurrent.ThreadPoolExecutor$Worker.run(ThreadPoolExecutor.java:641)

08-05 07:26:30.748  5943  7112 I LSPosed-Bridge: 	at java.util.concurrent.ThreadPoolExecutor$Worker.run(ThreadPoolExecutor.java:641)

08-05 07:26:30.748  5943  7112 I LSPosed-Bridge: 	at java.lang.Thread.run(Thread.java:764)

08-05 07:26:30.748  5943  7112 I LSPosed-Bridge: 	at java.lang.Thread.run(Thread.java:764)

08-05 07:26:30.779  5943  7191 I LSPosed-Bridge: 5943 PermLabel permName: android.permission.READ_PHONE_STATE; getRunningAppProcesses =[android.app.ActivityManager$RunningAppProcessInfo@d9b4b6c, android.app.ActivityManager$RunningAppProcessInfo@da23535, android.app.ActivityManager$RunningAppProcessInfo@644fdca]; stacktrace=java.lang.Exception

08-05 07:26:30.779  5943  7191 I LSPosed-Bridge: 	at com.example.permlabel.hookBinder_test$2.afterHookedMethod(hookBinder_test.java:92)

08-05 07:26:30.779  5943  7191 I LSPosed-Bridge: 	at de.robv.android.xposed.XposedBridge$AdditionalHookInfo.callback(Unknown Source:147)

08-05 07:26:30.779  5943  7191 I LSPosed-Bridge: 	at LSPHooker_.getRunningAppProcesses(Unknown Source:8)

08-05 07:26:30.779  5943  7191 I LSPosed-Bridge: 	at bykvm_19do.bykvm_19do.bykvm_19do.m0.a(Unknown Source:21)

08-05 07:26:30.779  5943  7191 I LSPosed-Bridge: 	at bykvm_19do.bykvm_19do.bykvm_19do.j2.J(Unknown Source:12)

08-05 07:26:30.779  5943  7191 I LSPosed-Bridge: 	at bykvm_19do.bykvm_19do.bykvm_19do.a.a(Unknown Source:71)

08-05 07:26:30.779  5943  7191 I LSPosed-Bridge: 	at bykvm_19do.bykvm_19do.bykvm_if122.bykvm_try19.q.b(Unknown Source:69)

08-05 07:26:30.779  5943  7191 I LSPosed-Bridge: 	at bykvm_19do.bykvm_19do.bykvm_if122.bykvm_try19.q.a(Unknown Source:0)

08-05 07:26:30.779  5943  7191 I LSPosed-Bridge: 	at bykvm_19do.bykvm_19do.bykvm_if122.bykvm_int108.d$b.run(Unknown Source:2)

08-05 07:26:30.779  5943  7191 I LSPosed-Bridge: 	at java.util.concurrent.ThreadPoolExecutor.runWorker(ThreadPoolExecutor.java:1167)

08-05 07:26:30.779  5943  7191 I LSPosed-Bridge: 	at java.util.concurrent.ThreadPoolExecutor$Worker.run(ThreadPoolExecutor.java:641)

08-05 07:26:30.779  5943  7191 I LSPosed-Bridge: 	at java.lang.Thread.run(Thread.java:764)

08-05 07:26:30.779  7123  7123 W System.err: 	at android.app.ApplicationPackageManager.getPermissionInfo(ApplicationPackageManager.java:315)

08-05 07:26:30.779  7123  7123 W System.err: 	at com.example.permlabel.requestPerm.handleLoadPackage(requestPerm.java:87)

08-05 07:26:30.779  7123  7123 W System.err: 	at de.robv.android.xposed.IXposedHookLoadPackage$Wrapper.handleLoadPackage(Unknown Source:2)

08-05 07:26:30.779  7123  7123 W System.err: 	at de.robv.android.xposed.callbacks.XC_LoadPackage.call(Unknown Source:6)

08-05 07:26:30.779  7123  7123 W System.err: 	at de.robv.android.xposed.callbacks.XCallback.callAll(Unknown Source:26)

08-05 07:26:30.779  7123  7123 W System.err: 	at I.afterHookedMethod(Unknown Source:1)

08-05 07:26:30.779  7123  7123 W System.err: 	at de.robv.android.xposed.XposedBridge$AdditionalHookInfo.callback(Unknown Source:147)

08-05 07:26:30.779  7123  7123 W System.err: 	at LSPHooker_.getClassLoader(Unknown Source:8)

08-05 07:26:30.779  7123  7123 W System.err: 	at android.app.LoadedApk.getResources(LoadedApk.java:1032)

08-05 07:26:30.779  7123  7123 W System.err: 	at android.app.ContextImpl.createAppContext(ContextImpl.java:2345)

08-05 07:26:30.779  7123  7123 W System.err: 	at android.app.ActivityThread.handleBindApplication(ActivityThread.java:5759)

08-05 07:26:30.779  7123  7123 W System.err: 	at android.app.ActivityThread.access$1100(ActivityThread.java:200)

08-05 07:26:30.779  7123  7123 W System.err: 	at android.app.ActivityThread$H.handleMessage(ActivityThread.java:1651)

08-05 07:26:30.779  7123  7123 W System.err: 	at android.os.Handler.dispatchMessage(Handler.java:106)

08-05 07:26:30.779  7123  7123 W System.err: 	at android.os.Looper.loop(Looper.java:193)

08-05 07:26:30.779  7123  7123 W System.err: 	at android.app.ActivityThread.main(ActivityThread.java:6692)

08-05 07:26:30.779  7123  7123 W System.err: 	at java.lang.reflect.Method.invoke(Native Method)

08-05 07:26:30.779  7123  7123 W System.err: 	at com.android.internal.os.RuntimeInit$MethodAndArgsCaller.run(RuntimeInit.java:493)

08-05 07:26:30.779  7123  7123 W System.err: 	at com.android.internal.os.ZygoteInit.main(ZygoteInit.java:858)

08-05 07:26:30.779  7123  7123 W System.err: android.content.pm.PackageManager$NameNotFoundException: com.vivo.notification.permission.BADGE_ICON

08-05 07:26:30.779  7123  7123 W System.err: 	at android.app.ApplicationPackageManager.getPermissionInfo(ApplicationPackageManager.java:315)

08-05 07:26:30.779  7123  7123 W System.err: 	at com.example.permlabel.requestPerm.handleLoadPackage(requestPerm.java:87)

08-05 07:26:30.779  7123  7123 W System.err: 	at de.robv.android.xposed.IXposedHookLoadPackage$Wrapper.handleLoadPackage(Unknown Source:2)

08-05 07:26:30.779  7123  7123 W System.err: 	at de.robv.android.xposed.callbacks.XC_LoadPackage.call(Unknown Source:6)

08-05 07:26:30.779  7123  7123 W System.err: 	at de.robv.android.xposed.callbacks.XCallback.callAll(Unknown Source:26)

08-05 07:26:30.779  7123  7123 W System.err: 	at I.afterHookedMethod(Unknown Source:1)

08-05 07:26:30.779  7123  7123 W System.err: 	at de.robv.android.xposed.XposedBridge$AdditionalHookInfo.callback(Unknown Source:147)

08-05 07:26:30.779  7123  7123 W System.err: 	at LSPHooker_.getClassLoader(Unknown Source:8)

08-05 07:26:30.779  5943  7112 I LSPosed-Bridge: 5943 PermLabel hookBinder_test 10142 interfaceBinder =android.app.IActivityManager; arg0 = 49; arg1 = android.os.Parcel@30e46c3; arg2 = android.os.Parcel@677d904; arg3 = 0; res = true; stacktrace=java.lang.Exception

08-05 07:26:30.779  5943  7112 I LSPosed-Bridge: 	at com.example.permlabel.hookBinder_test$1.afterHookedMethod(hookBinder_test.java:52)

08-05 07:26:30.779  5943  7112 I LSPosed-Bridge: 	at de.robv.android.xposed.XposedBridge$AdditionalHookInfo.callback(Unknown Source:147)

08-05 07:26:30.779  5943  7112 I LSPosed-Bridge: 	at LSPHooker_.transact(Unknown Source:28)

08-05 07:26:30.779  5943  7112 I LSPosed-Bridge: 	at android.app.IActivityManager$Stub$Proxy.checkPermission(IActivityManager.java:4722)

08-05 07:26:30.779  5943  7112 I LSPosed-Bridge: 	at android.app.ContextImpl.checkPermission(ContextImpl.java:1751)

08-05 07:26:30.779  5943  7112 I LSPosed-Bridge: 	at java.lang.reflect.Method.invoke(Native Method)

08-05 07:26:30.779  5943  7112 I LSPosed-Bridge: 	at org.lsposed.lspd.nativebridge.HookBridge.invokeOriginalMethod(Native Method)

08-05 07:26:30.779  5943  7112 I LSPosed-Bridge: 	at de.robv.android.xposed.XposedBridge$AdditionalHookInfo.callback(Unknown Source:110)

08-05 07:26:30.779  5943  7112 I LSPosed-Bridge: 	at LSPHooker_.checkPermission(Unknown Source:25)

08-05 07:26:30.779  5943  7112 I LSPosed-Bridge: 	at android.app.ContextImpl.checkSelfPermission(ContextImpl.java:1801)

08-05 07:26:30.779  5943  7112 I LSPosed-Bridge: 	at android.content.ContextWrapper.checkSelfPermission(ContextWrapper.java:759)

08-05 07:26:30.779  5943  7112 I LSPosed-Bridge: 	at java.lang.reflect.Method.invoke(Native Method)

08-05 07:26:30.779  5943  7112 I LSPosed-Bridge: 	at com.efs.sdk.base.core.util.NetworkUtil.checkPermission(SourceFile:4)

08-05 07:26:30.779  5943  7112 I LSPosed-Bridge: 	at com.efs.sdk.base.core.util.NetworkUtil.getNetworkTypeUmeng(SourceFile:2)

08-05 07:26:30.779  5943  7112 I LSPosed-Bridge: 	at com.umeng.umcrash.UMCrash.init(SourceFile:72)

08-05 07:26:30.779  5943  7112 I LSPosed-Bridge: 	at java.lang.reflect.Method.invoke(Native Method)

08-05 07:26:30.779  5943  7112 I LSPosed-Bridge: 	at com.umeng.commonsdk.UMConfigure.init(SourceFile:112)

08-05 07:26:30.779  5943  7112 I LSPosed-Bridge: 	at cc.jianke.jianzhike.app.MyApplication$nANh.run(SourceFile:5)

08-05 07:26:30.779  5943  7112 I LSPosed-Bridge: 	at com.wodan.xianshijian.AAhNANnh$ANAAnnNAN$nhAnnNAN.run(SourceFile:2)

08-05 07:26:30.779  5943  7112 I LSPosed-Bridge: 	at com.xj.anchortask.library.AnchorTaskRunnable.run(SourceFile:5)

08-05 07:26:30.779  5943  7112 I LSPosed-Bridge: 	at java.util.concurrent.ThreadPoolExecutor.runWorker(ThreadPoolExecutor.java:1167)

08-05 07:26:30.779  5943  7112 I LSPosed-Bridge: 	at java.util.concurrent.ThreadPoolExecutor$Worker.run(ThreadPoolExecutor.java:641)

08-05 07:26:30.779  5943  7112 I LSPosed-Bridge: 	at java.lang.Thread.run(Thread.java:764)

08-05 07:26:30.779  7123  7123 W System.err: 	at android.app.LoadedApk.getResources(LoadedApk.java:1032)

08-05 07:26:30.781  5943  7191 I LSPosed-Bridge: 5943 PermLabel hookBinder_test 10142 interfaceBinder =android.app.IActivityManager; arg0 = 9; arg1 = android.os.Parcel@94a63be; arg2 = android.os.Parcel@8ae6a79; arg3 = 0; res = true; stacktrace=java.lang.Exception

08-05 07:26:30.781  5943  7191 I LSPosed-Bridge: 	at com.example.permlabel.hookBinder_test$1.afterHookedMethod(hookBinder_test.java:52)

08-05 07:26:30.781  5943  7191 I LSPosed-Bridge: 	at de.robv.android.xposed.XposedBridge$AdditionalHookInfo.callback(Unknown Source:147)

08-05 07:26:30.781  5943  7191 I LSPosed-Bridge: 	at LSPHooker_.transact(Unknown Source:28)

08-05 07:26:30.781  5943  7191 I LSPosed-Bridge: 	at android.app.IActivityManager$Stub$Proxy.registerReceiver(IActivityManager.java:3825)

08-05 07:26:30.781  5943  7191 I LSPosed-Bridge: 	at android.app.ContextImpl.registerReceiverInternal(ContextImpl.java:1488)

08-05 07:26:30.781  5943  7191 I LSPosed-Bridge: 	at android.app.ContextImpl.registerReceiver(ContextImpl.java:1449)

08-05 07:26:30.781  5943  7191 I LSPosed-Bridge: 	at android.app.ContextImpl.registerReceiver(ContextImpl.java:1437)

08-05 07:26:30.781  5943  7191 I LSPosed-Bridge: 	at android.content.ContextWrapper.registerReceiver(ContextWrapper.java:623)

08-05 07:26:30.781  5943  7191 I LSPosed-Bridge: 	at bykvm_19do.bykvm_19do.bykvm_19do.a.a(Unknown Source:87)

08-05 07:26:30.781  5943  7191 I LSPosed-Bridge: 	at bykvm_19do.bykvm_19do.bykvm_if122.bykvm_try19.q.b(Unknown Source:69)

08-05 07:26:30.781  5943  7191 I LSPosed-Bridge: 	at bykvm_19do.bykvm_19do.bykvm_if122.bykvm_try19.q.a(Unknown Source:0)

08-05 07:26:30.781  5943  7191 I LSPosed-Bridge: 	at bykvm_19do.bykvm_19do.bykvm_if122.bykvm_int108.d$b.run(Unknown Source:2)

08-05 07:26:30.781  5943  7191 I LSPosed-Bridge: 	at java.util.concurrent.ThreadPoolExecutor.runWorker(ThreadPoolExecutor.java:1167)

08-05 07:26:30.781  5943  7191 I LSPosed-Bridge: 	at java.util.concurrent.ThreadPoolExecutor$Worker.run(ThreadPoolExecutor.java:641)

08-05 07:26:30.781  5943  7191 I LSPosed-Bridge: 	at java.lang.Thread.run(Thread.java:764)

08-05 07:26:30.781  7123  7123 W System.err: android.content.pm.PackageManager$NameNotFoundException: com.meizu.flyme.permission.PUSH

08-05 07:26:30.781  7123  7123 W System.err: 	at android.app.ApplicationPackageManager.getPermissionInfo(ApplicationPackageManager.java:315)

08-05 07:26:30.781  7123  7123 W System.err: 	at com.example.permlabel.requestPerm.handleLoadPackage(requestPerm.java:87)

08-05 07:26:30.781  7123  7123 W System.err: 	at de.robv.android.xposed.IXposedHookLoadPackage$Wrapper.handleLoadPackage(Unknown Source:2)

08-05 07:26:30.781  7123  7123 W System.err: 	at de.robv.android.xposed.callbacks.XC_LoadPackage.call(Unknown Source:6)

08-05 07:26:30.781  7123  7123 W System.err: 	at de.robv.android.xposed.callbacks.XCallback.callAll(Unknown Source:26)

08-05 07:26:30.781  5943  7112 I LSPosed-Bridge: 5943 PermLabel hookBinder_test 10142 interfaceBinder =android.content.pm.IPackageManager; arg0 = 9; arg1 = android.os.Parcel@677d904; arg2 = android.os.Parcel@30e46c3; arg3 = 0; res = true; stacktrace=java.lang.Exception

08-05 07:26:30.781  5943  7112 I LSPosed-Bridge: 	at com.example.permlabel.hookBinder_test$1.afterHookedMethod(hookBinder_test.java:52)

08-05 07:26:30.781  5943  7112 I LSPosed-Bridge: 	at de.robv.android.xposed.XposedBridge$AdditionalHookInfo.callback(Unknown Source:147)

08-05 07:26:30.781  5943  7112 I LSPosed-Bridge: 	at LSPHooker_.transact(Unknown Source:28)

08-05 07:26:30.781  5943  7112 I LSPosed-Bridge: 	at android.content.pm.IPackageManager$Stub$Proxy.getPermissionInfo(IPackageManager.java:3008)

08-05 07:26:30.781  5943  7112 I LSPosed-Bridge: 	at android.app.ApplicationPackageManager.getPermissionInfo(ApplicationPackageManager.java:306)

08-05 07:26:30.781  5943  7112 I LSPosed-Bridge: 	at com.example.permlabel.requestPerm$2.afterHookedMethod(requestPerm.java:173)

08-05 07:26:30.781  5943  7112 I LSPosed-Bridge: 	at de.robv.android.xposed.XposedBridge$AdditionalHookInfo.callback(Unknown Source:147)

08-05 07:26:30.781  5943  7112 I LSPosed-Bridge: 	at LSPHooker_.checkPermission(Unknown Source:25)

08-05 07:26:30.781  5943  7112 I LSPosed-Bridge: 	at android.app.ContextImpl.checkSelfPermission(ContextImpl.java:1801)

08-05 07:26:30.781  5943  7112 I LSPosed-Bridge: 	at android.content.ContextWrapper.checkSelfPermission(ContextWrapper.java:759)

08-05 07:26:30.781  5943  7112 I LSPosed-Bridge: 	at java.lang.reflect.Method.invoke(Native Method)

08-05 07:26:30.781  5943  7112 I LSPosed-Bridge: 	at com.efs.sdk.base.core.util.NetworkUtil.checkPermission(SourceFile:4)

08-05 07:26:30.781  5943  7112 I LSPosed-Bridge: 	at com.efs.sdk.base.core.util.NetworkUtil.getNetworkTypeUmeng(SourceFile:2)

08-05 07:26:30.781  5943  7112 I LSPosed-Bridge: 	at com.umeng.umcrash.UMCrash.init(SourceFile:72)

08-05 07:26:30.781  5943  7112 I LSPosed-Bridge: 	at java.lang.reflect.Method.invoke(Native Method)

08-05 07:26:30.781  5943  7112 I LSPosed-Bridge: 	at com.umeng.commonsdk.UMConfigure.init(SourceFile:112)

08-05 07:26:30.781  5943  7112 I LSPosed-Bridge: 	at cc.jianke.jianzhike.app.MyApplication$nANh.run(SourceFile:5)

08-05 07:26:30.781  5943  7112 I LSPosed-Bridge: 	at com.wodan.xianshijian.AAhNANnh$ANAAnnNAN$nhAnnNAN.run(SourceFile:2)

08-05 07:26:30.781  5943  7112 I LSPosed-Bridge: 	at com.xj.anchortask.library.AnchorTaskRunnable.run(SourceFile:5)

08-05 07:26:30.781  5943  7112 I LSPosed-Bridge: 	at java.util.concurrent.ThreadPoolExecutor.runWorker(ThreadPoolExecutor.java:1167)

08-05 07:26:30.781  5943  7112 I LSPosed-Bridge: 	at java.util.concurrent.ThreadPoolExecutor$Worker.run(ThreadPoolExecutor.java:641)

08-05 07:26:30.781  5943  7112 I LSPosed-Bridge: 	at java.lang.Thread.run(Thread.java:764)

08-05 07:26:30.781  7123  7123 W System.err: 	at I.afterHookedMethod(Unknown Source:1)

08-05 07:26:30.781  7123  7123 W System.err: 	at de.robv.android.xposed.XposedBridge$AdditionalHookInfo.callback(Unknown Source:147)

08-05 07:26:30.781  7123  7123 W System.err: 	at LSPHooker_.getClassLoader(Unknown Source:8)

08-05 07:26:30.781  7123  7123 W System.err: 	at android.app.LoadedApk.getResources(LoadedApk.java:1032)

08-05 07:26:30.781  7123  7123 W System.err: 	at android.app.ContextImpl.createAppContext(ContextImpl.java:2345)

08-05 07:26:30.781  7123  7123 W System.err: 	at android.app.ActivityThread.handleBindApplication(ActivityThread.java:5759)

08-05 07:26:30.781  7123  7123 W System.err: 	at android.app.ActivityThread.access$1100(ActivityThread.java:200)

08-05 07:26:30.781  7123  7123 W System.err: 	at android.app.ActivityThread$H.handleMessage(ActivityThread.java:1651)

08-05 07:26:30.781  7123  7123 W System.err: 	at android.os.Handler.dispatchMessage(Handler.java:106)

08-05 07:26:30.781  7123  7123 W System.err: 	at android.os.Looper.loop(Looper.java:193)

08-05 07:26:30.781  7123  7123 W System.err: 	at android.app.ActivityThread.main(ActivityThread.java:6692)

08-05 07:26:30.781  7123  7123 W System.err: 	at java.lang.reflect.Method.invoke(Native Method)

08-05 07:26:30.781  7123  7123 W System.err: 	at com.android.internal.os.RuntimeInit$MethodAndArgsCaller.run(RuntimeInit.java:493)

08-05 07:26:30.781  7123  7123 W System.err: 	at com.android.internal.os.ZygoteInit.main(ZygoteInit.java:858)

08-05 07:26:30.781  5943  7112 I LSPosed-Bridge: 5943 PermLabel 10142 ContextImpl Binder.getCallingPid() = 5943; Binder.getCallingUid() = 10142; permName: android.permission.READ_PHONE_STATE; res = -1; stacktrace=java.lang.Exception

08-05 07:26:30.781  5943  7112 I LSPosed-Bridge: 	at com.example.permlabel.requestPerm$2.afterHookedMethod(requestPerm.java:183)

08-05 07:26:30.781  5943  7112 I LSPosed-Bridge: 	at de.robv.android.xposed.XposedBridge$AdditionalHookInfo.callback(Unknown Source:147)

08-05 07:26:30.781  5943  7112 I LSPosed-Bridge: 	at LSPHooker_.checkPermission(Unknown Source:25)

08-05 07:26:30.781  5943  7112 I LSPosed-Bridge: 	at android.app.ContextImpl.checkSelfPermission(ContextImpl.java:1801)

08-05 07:26:30.781  5943  7112 I LSPosed-Bridge: 	at android.content.ContextWrapper.checkSelfPermission(ContextWrapper.java:759)

08-05 07:26:30.781  5943  7112 I LSPosed-Bridge: 	at java.lang.reflect.Method.invoke(Native Method)

08-05 07:26:30.781  5943  7112 I LSPosed-Bridge: 	at com.efs.sdk.base.core.util.NetworkUtil.checkPermission(SourceFile:4)

08-05 07:26:30.781  5943  7112 I LSPosed-Bridge: 	at com.efs.sdk.base.core.util.NetworkUtil.getNetworkTypeUmeng(SourceFile:2)

08-05 07:26:30.781  5943  7112 I LSPosed-Bridge: 	at com.umeng.umcrash.UMCrash.init(SourceFile:72)

08-05 07:26:30.781  5943  7112 I LSPosed-Bridge: 	at java.lang.reflect.Method.invoke(Native Method)

08-05 07:26:30.781  5943  7112 I LSPosed-Bridge: 	at com.umeng.commonsdk.UMConfigure.init(SourceFile:112)

08-05 07:26:30.781  5943  7112 I LSPosed-Bridge: 	at cc.jianke.jianzhike.app.MyApplication$nANh.run(SourceFile:5)

08-05 07:26:30.781  5943  7112 I LSPosed-Bridge: 	at com.wodan.xianshijian.AAhNANnh$ANAAnnNAN$nhAnnNAN.run(SourceFile:2)

08-05 07:26:30.781  5943  7112 I LSPosed-Bridge: 	at com.xj.anchortask.library.AnchorTaskRunnable.run(SourceFile:5)

08-05 07:26:30.781  5943  7112 I LSPosed-Bridge: 	at java.util.concurrent.ThreadPoolExecutor.runWorker(ThreadPoolExecutor.java:1167)

08-05 07:26:30.781  5943  7112 I LSPosed-Bridge: 	at java.util.concurrent.ThreadPoolExecutor$Worker.run(ThreadPoolExecutor.java:641)

08-05 07:26:30.781  5943  7112 I LSPosed-Bridge: 	at java.lang.Thread.run(Thread.java:764)

08-05 07:26:30.782  5943  7112 I LSPosed-Bridge: 5943 PermLabel 10142 ContextImpl.checkPermission: pid = 5943; uid = 10142; permName: android.permission.READ_PHONE_STATE; type = 1; res = -1; stacktrace=java.lang.Exception

08-05 07:26:30.782  5943  7112 I LSPosed-Bridge: 	at com.example.permlabel.requestPerm$2.afterHookedMethod(requestPerm.java:207)

08-05 07:26:30.782  5943  7112 I LSPosed-Bridge: 	at de.robv.android.xposed.XposedBridge$AdditionalHookInfo.callback(Unknown Source:147)

08-05 07:26:30.782  5943  7112 I LSPosed-Bridge: 	at LSPHooker_.checkPermission(Unknown Source:25)

08-05 07:26:30.782  5943  7112 I LSPosed-Bridge: 	at android.app.ContextImpl.checkSelfPermission(ContextImpl.java:1801)

08-05 07:26:30.782  5943  7112 I LSPosed-Bridge: 	at android.content.ContextWrapper.checkSelfPermission(ContextWrapper.java:759)

08-05 07:26:30.782  5943  7112 I LSPosed-Bridge: 	at java.lang.reflect.Method.invoke(Native Method)

08-05 07:26:30.782  5943  7112 I LSPosed-Bridge: 	at com.efs.sdk.base.core.util.NetworkUtil.checkPermission(SourceFile:4)

08-05 07:26:30.782  5943  7112 I LSPosed-Bridge: 	at com.efs.sdk.base.core.util.NetworkUtil.getNetworkTypeUmeng(SourceFile:2)

08-05 07:26:30.782  5943  7112 I LSPosed-Bridge: 	at com.umeng.umcrash.UMCrash.init(SourceFile:72)

08-05 07:26:30.782  5943  7112 I LSPosed-Bridge: 	at java.lang.reflect.Method.invoke(Native Method)

08-05 07:26:30.782  5943  7112 I LSPosed-Bridge: 	at com.umeng.commonsdk.UMConfigure.init(SourceFile:112)

08-05 07:26:30.782  5943  7112 I LSPosed-Bridge: 	at cc.jianke.jianzhike.app.MyApplication$nANh.run(SourceFile:5)

08-05 07:26:30.782  5943  7112 I LSPosed-Bridge: 	at com.wodan.xianshijian.AAhNANnh$ANAAnnNAN$nhAnnNAN.run(SourceFile:2)

08-05 07:26:30.782  5943  7112 I LSPosed-Bridge: 	at com.xj.anchortask.library.AnchorTaskRunnable.run(SourceFile:5)

08-05 07:26:30.782  5943  7112 I LSPosed-Bridge: 	at java.util.concurrent.ThreadPoolExecutor.runWorker(ThreadPoolExecutor.java:1167)

08-05 07:26:30.782  5943  7112 I LSPosed-Bridge: 	at java.util.concurrent.ThreadPoolExecutor$Worker.run(ThreadPoolExecutor.java:641)

08-05 07:26:30.782  5943  7112 I LSPosed-Bridge: 	at java.lang.Thread.run(Thread.java:764)

08-05 07:26:30.782  5943  7242 I LSPosed-Bridge: 5943 PermLabel hookBinder_test 10142 interfaceBinder =android.os.IUserManager; arg0 = 52; arg1 = android.os.Parcel@573696b; arg2 = android.os.Parcel@af0658c; arg3 = 0; res = true; stacktrace=java.lang.Exception

08-05 07:26:30.782  5943  7242 I LSPosed-Bridge: 	at com.example.permlabel.hookBinder_test$1.afterHookedMethod(hookBinder_test.java:52)

08-05 07:26:30.782  5943  7242 I LSPosed-Bridge: 	at de.robv.android.xposed.XposedBridge$AdditionalHookInfo.callback(Unknown Source:147)

08-05 07:26:30.782  5943  7242 I LSPosed-Bridge: 	at LSPHooker_.transact(Unknown Source:28)

08-05 07:26:30.782  5943  7242 I LSPosed-Bridge: 	at android.os.IUserManager$Stub$Proxy.isUserUnlockingOrUnlocked(IUserManager.java:1813)

08-05 07:26:30.782  5943  7242 I LSPosed-Bridge: 	at android.os.UserManager.isUserUnlockingOrUnlocked(UserManager.java:1553)

08-05 07:26:30.782  5943  7242 I LSPosed-Bridge: 	at android.app.ContextImpl.getSharedPreferences(ContextImpl.java:418)

08-05 07:26:30.782  5943  7242 I LSPosed-Bridge: 	at android.app.ContextImpl.getSharedPreferences(ContextImpl.java:404)

08-05 07:26:30.782  5943  7242 I LSPosed-Bridge: 	at android.content.ContextWrapper.getSharedPreferences(ContextWrapper.java:174)

08-05 07:26:30.782  5943  7242 I LSPosed-Bridge: 	at bykvm_19do.bykvm_19do.bykvm_19do.h2.a(Unknown Source:5)

08-05 07:26:30.782  5943  7242 I LSPosed-Bridge: 	at bykvm_19do.bykvm_19do.bykvm_19do.k2.e(Unknown Source:287)

08-05 07:26:30.782  5943  7242 I LSPosed-Bridge: 	at bykvm_19do.bykvm_19do.bykvm_19do.v1.handleMessage(Unknown Source:194)

08-05 07:26:30.782  5943  7242 I LSPosed-Bridge: 	at android.os.Handler.dispatchMessage(Handler.java:102)

08-05 07:26:30.782  5943  7242 I LSPosed-Bridge: 	at android.os.Looper.loop(Looper.java:193)

08-05 07:26:30.782  5943  7242 I LSPosed-Bridge: 	at android.os.HandlerThread.run(HandlerThread.java:65)

08-05 07:26:30.805  5943  7234 I LSPosed-Bridge: 5943 PermLabel hookBinder_test 10142 interfaceBinder =android.os.storage.IStorageManager; arg0 = 30; arg1 = android.os.Parcel@2b8efcc; arg2 = android.os.Parcel@5fa85ff; arg3 = 0; res = true; stacktrace=java.lang.Exception

08-05 07:26:30.805  5943  7234 I LSPosed-Bridge: 5943 PermLabel hookBinder_test 10142 interfaceBinder =android.os.storage.IStorageManager; arg0 = 30; arg1 = android.os.Parcel@2b8efcc; arg2 = android.os.Parcel@5fa85ff; arg3 = 0; res = true; stacktrace=java.lang.Exception

08-05 07:26:30.805  5943  7234 I LSPosed-Bridge: 	at com.example.permlabel.hookBinder_test$1.afterHookedMethod(hookBinder_test.java:52)

08-05 07:26:30.805  5943  7234 I LSPosed-Bridge: 	at com.example.permlabel.hookBinder_test$1.afterHookedMethod(hookBinder_test.java:52)

08-05 07:26:30.805  5943  7234 I LSPosed-Bridge: 	at de.robv.android.xposed.XposedBridge$AdditionalHookInfo.callback(Unknown Source:147)

08-05 07:26:30.805  5943  7234 I LSPosed-Bridge: 	at de.robv.android.xposed.XposedBridge$AdditionalHookInfo.callback(Unknown Source:147)

08-05 07:26:30.805  5943  7234 I LSPosed-Bridge: 	at LSPHooker_.transact(Unknown Source:28)

08-05 07:26:30.805  5943  7234 I LSPosed-Bridge: 	at LSPHooker_.transact(Unknown Source:28)

08-05 07:26:30.805  5943  7234 I LSPosed-Bridge: 	at android.os.storage.IStorageManager$Stub$Proxy.getVolumeList(IStorageManager.java:909)

08-05 07:26:30.805  5943  7234 I LSPosed-Bridge: 	at android.os.storage.IStorageManager$Stub$Proxy.getVolumeList(IStorageManager.java:909)

08-05 07:26:30.805  5943  7234 I LSPosed-Bridge: 	at android.os.storage.StorageManager.getVolumeList(StorageManager.java:1169)

08-05 07:26:30.805  5943  7234 I LSPosed-Bridge: 	at android.os.storage.StorageManager.getVolumeList(StorageManager.java:1169)

08-05 07:26:30.805  5943  7234 I LSPosed-Bridge: 	at android.os.Environment$UserEnvironment.getExternalDirs(Environment.java:91)

08-05 07:26:30.805  5943  7234 I LSPosed-Bridge: 	at android.os.Environment$UserEnvironment.getExternalDirs(Environment.java:91)

08-05 07:26:30.805  5943  7234 I LSPosed-Bridge: 	at android.os.Environment.getExternalStorageDirectory(Environment.java:481)

08-05 07:26:30.805  5943  7234 I LSPosed-Bridge: 	at android.os.Environment.getExternalStorageDirectory(Environment.java:481)

08-05 07:26:30.805  5943  7234 I LSPosed-Bridge: 	at com.dhcw.sdk.c2.b.d(SourceFile:5)

08-05 07:26:30.805  5943  7234 I LSPosed-Bridge: 	at com.dhcw.sdk.c2.b.d(SourceFile:5)

08-05 07:26:30.805  5943  7234 I LSPosed-Bridge: 	at com.dhcw.sdk.c2.b.a(SourceFile:1)

08-05 07:26:30.805  5943  7234 I LSPosed-Bridge: 	at com.dhcw.sdk.c2.b.a(SourceFile:1)

08-05 07:26:30.805  5943  7234 I LSPosed-Bridge: 	at com.dhcw.sdk.m.i.a(SourceFile:10)

08-05 07:26:30.805  5943  7234 I LSPosed-Bridge: 	at com.dhcw.sdk.m.i.a(SourceFile:10)

08-05 07:26:30.805  5943  7234 I LSPosed-Bridge: 	at com.dhcw.sdk.m.j.p(SourceFile:4)

08-05 07:26:30.805  5943  7234 I LSPosed-Bridge: 	at com.dhcw.sdk.m.j.p(SourceFile:4)

08-05 07:26:30.805  5943  7234 I LSPosed-Bridge: 	at com.dhcw.sdk.m.j.a(SourceFile:11)

08-05 07:26:30.805  5943  7234 I LSPosed-Bridge: 	at com.dhcw.sdk.m.j.a(SourceFile:11)

08-05 07:26:30.805  5943  7234 I LSPosed-Bridge: 	at com.dhcw.sdk.m.h$a.run(SourceFile:1)

08-05 07:26:30.805  5943  7234 I LSPosed-Bridge: 	at com.dhcw.sdk.m.h$a.run(SourceFile:1)

08-05 07:26:30.805  5943  7234 I LSPosed-Bridge: 	at java.util.concurrent.ThreadPoolExecutor.runWorker(ThreadPoolExecutor.java:1167)

08-05 07:26:30.805  5943  7234 I LSPosed-Bridge: 	at java.util.concurrent.ThreadPoolExecutor.runWorker(ThreadPoolExecutor.java:1167)

08-05 07:26:30.805  5943  7234 I LSPosed-Bridge: 	at java.util.concurrent.ThreadPoolExecutor$Worker.run(ThreadPoolExecutor.java:641)

08-05 07:26:30.805  5943  7234 I LSPosed-Bridge: 	at java.util.concurrent.ThreadPoolExecutor$Worker.run(ThreadPoolExecutor.java:641)

08-05 07:26:30.805  5943  7234 I LSPosed-Bridge: 	at java.lang.Thread.run(Thread.java:764)

08-05 07:26:30.805  5943  7234 I LSPosed-Bridge: 	at java.lang.Thread.run(Thread.java:764)

08-05 07:26:30.805  5943  7112 I LSPosed-Bridge: 5943 PermLabel hookBinder_test 10142 interfaceBinder =android.content.pm.IPackageManager; arg0 = 9; arg1 = android.os.Parcel@af0658c; arg2 = android.os.Parcel@573696b; arg3 = 0; res = true; stacktrace=java.lang.Exception

08-05 07:26:30.805  5943  7112 I LSPosed-Bridge: 5943 PermLabel hookBinder_test 10142 interfaceBinder =android.content.pm.IPackageManager; arg0 = 9; arg1 = android.os.Parcel@af0658c; arg2 = android.os.Parcel@573696b; arg3 = 0; res = true; stacktrace=java.lang.Exception

08-05 07:26:30.805  5943  7112 I LSPosed-Bridge: 	at com.example.permlabel.hookBinder_test$1.afterHookedMethod(hookBinder_test.java:52)

08-05 07:26:30.805  5943  7112 I LSPosed-Bridge: 	at com.example.permlabel.hookBinder_test$1.afterHookedMethod(hookBinder_test.java:52)

08-05 07:26:30.805  5943  7112 I LSPosed-Bridge: 	at de.robv.android.xposed.XposedBridge$AdditionalHookInfo.callback(Unknown Source:147)

08-05 07:26:30.805  5943  7112 I LSPosed-Bridge: 	at de.robv.android.xposed.XposedBridge$AdditionalHookInfo.callback(Unknown Source:147)

08-05 07:26:30.805  5943  7112 I LSPosed-Bridge: 	at LSPHooker_.transact(Unknown Source:28)

08-05 07:26:30.805  5943  7112 I LSPosed-Bridge: 	at LSPHooker_.transact(Unknown Source:28)

08-05 07:26:30.805  5943  7112 I LSPosed-Bridge: 	at android.content.pm.IPackageManager$Stub$Proxy.getPermissionInfo(IPackageManager.java:3008)

08-05 07:26:30.805  5943  7112 I LSPosed-Bridge: 	at android.content.pm.IPackageManager$Stub$Proxy.getPermissionInfo(IPackageManager.java:3008)

08-05 07:26:30.805  5943  7112 I LSPosed-Bridge: 	at android.app.ApplicationPackageManager.getPermissionInfo(ApplicationPackageManager.java:306)

08-05 07:26:30.805  5943  7112 I LSPosed-Bridge: 	at android.app.ApplicationPackageManager.getPermissionInfo(ApplicationPackageManager.java:306)

08-05 07:26:30.805  5943  7112 I LSPosed-Bridge: 	at com.example.permlabel.requestPerm$2.afterHookedMethod(requestPerm.java:173)

08-05 07:26:30.805  5943  7112 I LSPosed-Bridge: 	at com.example.permlabel.requestPerm$2.afterHookedMethod(requestPerm.java:173)

08-05 07:26:30.805  5943  7112 I LSPosed-Bridge: 	at de.robv.android.xposed.XposedBridge$AdditionalHookInfo.callback(Unknown Source:147)

08-05 07:26:30.805  5943  7112 I LSPosed-Bridge: 	at de.robv.android.xposed.XposedBridge$AdditionalHookInfo.callback(Unknown Source:147)

08-05 07:26:30.805  5943  7112 I LSPosed-Bridge: 	at LSPHooker_.checkPermission(Unknown Source:25)

08-05 07:26:30.805  5943  7112 I LSPosed-Bridge: 	at LSPHooker_.checkPermission(Unknown Source:25)

08-05 07:26:30.805  5943  7112 I LSPosed-Bridge: 	at android.app.ContextImpl.checkSelfPermission(ContextImpl.java:1801)

08-05 07:26:30.805  5943  7112 I LSPosed-Bridge: 	at android.app.ContextImpl.checkSelfPermission(ContextImpl.java:1801)

08-05 07:26:30.805  5943  7112 I LSPosed-Bridge: 	at android.content.ContextWrapper.checkSelfPermission(ContextWrapper.java:759)

08-05 07:26:30.805  5943  7112 I LSPosed-Bridge: 	at android.content.ContextWrapper.checkSelfPermission(ContextWrapper.java:759)

08-05 07:26:30.805  5943  7112 I LSPosed-Bridge: 	at java.lang.reflect.Method.invoke(Native Method)

08-05 07:26:30.805  5943  7112 I LSPosed-Bridge: 	at java.lang.reflect.Method.invoke(Native Method)

08-05 07:26:30.805  5943  7112 I LSPosed-Bridge: 	at com.umeng.umcrash.UMCrashUtils.checkPermission(SourceFile:4)

08-05 07:26:30.805  5943  7112 I LSPosed-Bridge: 	at com.umeng.umcrash.UMCrashUtils.checkPermission(SourceFile:4)

08-05 07:26:30.805  5943  7112 I LSPosed-Bridge: 	at com.umeng.umcrash.UMCrashUtils.getNetworkOperatorName(SourceFile:2)

08-05 07:26:30.805  5943  7112 I LSPosed-Bridge: 	at com.umeng.umcrash.UMCrashUtils.getNetworkOperatorName(SourceFile:2)

08-05 07:26:30.805  5943  7112 I LSPosed-Bridge: 	at com.umeng.umcrash.UMCrash.initReporter(SourceFile:4)

08-05 07:26:30.805  5943  7112 I LSPosed-Bridge: 	at com.umeng.umcrash.UMCrash.initReporter(SourceFile:4)

08-05 07:26:30.805  5943  7112 I LSPosed-Bridge: 	at com.umeng.umcrash.UMCrash.init(SourceFile:83)

08-05 07:26:30.805  5943  7112 I LSPosed-Bridge: 	at com.umeng.umcrash.UMCrash.init(SourceFile:83)

08-05 07:26:30.805  5943  7112 I LSPosed-Bridge: 	at java.lang.reflect.Method.invoke(Native Method)

08-05 07:26:30.805  5943  7112 I LSPosed-Bridge: 	at java.lang.reflect.Method.invoke(Native Method)

08-05 07:26:30.805  5943  7112 I LSPosed-Bridge: 	at com.umeng.commonsdk.UMConfigure.init(SourceFile:112)

08-05 07:26:30.805  5943  7112 I LSPosed-Bridge: 	at com.umeng.commonsdk.UMConfigure.init(SourceFile:112)

08-05 07:26:30.805  5943  7112 I LSPosed-Bridge: 	at cc.jianke.jianzhike.app.MyApplication$nANh.run(SourceFile:5)

08-05 07:26:30.805  5943  7112 I LSPosed-Bridge: 	at cc.jianke.jianzhike.app.MyApplication$nANh.run(SourceFile:5)

08-05 07:26:30.805  5943  7112 I LSPosed-Bridge: 	at com.wodan.xianshijian.AAhNANnh$ANAAnnNAN$nhAnnNAN.run(SourceFile:2)

08-05 07:26:30.805  5943  7112 I LSPosed-Bridge: 	at com.wodan.xianshijian.AAhNANnh$ANAAnnNAN$nhAnnNAN.run(SourceFile:2)

08-05 07:26:30.805  5943  7112 I LSPosed-Bridge: 	at com.xj.anchortask.library.AnchorTaskRunnable.run(SourceFile:5)

08-05 07:26:30.805  5943  7112 I LSPosed-Bridge: 	at com.xj.anchortask.library.AnchorTaskRunnable.run(SourceFile:5)

08-05 07:26:30.805  5943  7112 I LSPosed-Bridge: 	at java.util.concurrent.ThreadPoolExecutor.runWorker(ThreadPoolExecutor.java:1167)

08-05 07:26:30.805  5943  7112 I LSPosed-Bridge: 	at java.util.concurrent.ThreadPoolExecutor.runWorker(ThreadPoolExecutor.java:1167)

08-05 07:26:30.805  5943  7112 I LSPosed-Bridge: 	at java.util.concurrent.ThreadPoolExecutor$Worker.run(ThreadPoolExecutor.java:641)

08-05 07:26:30.805  5943  7112 I LSPosed-Bridge: 	at java.util.concurrent.ThreadPoolExecutor$Worker.run(ThreadPoolExecutor.java:641)

08-05 07:26:30.805  5943  7112 I LSPosed-Bridge: 	at java.lang.Thread.run(Thread.java:764)

08-05 07:26:30.805  5943  7112 I LSPosed-Bridge: 	at java.lang.Thread.run(Thread.java:764)

08-05 07:26:30.805  5943  7112 I LSPosed-Bridge: 5943 PermLabel 10142 ContextImpl Binder.getCallingPid() = 5943; Binder.getCallingUid() = 10142; permName: android.permission.READ_PHONE_STATE; res = -1; stacktrace=java.lang.Exception

08-05 07:26:30.805  5943  7112 I LSPosed-Bridge: 5943 PermLabel 10142 ContextImpl Binder.getCallingPid() = 5943; Binder.getCallingUid() = 10142; permName: android.permission.READ_PHONE_STATE; res = -1; stacktrace=java.lang.Exception

08-05 07:26:30.805  5943  7112 I LSPosed-Bridge: 	at com.example.permlabel.requestPerm$2.afterHookedMethod(requestPerm.java:183)

08-05 07:26:30.805  5943  7112 I LSPosed-Bridge: 	at com.example.permlabel.requestPerm$2.afterHookedMethod(requestPerm.java:183)

08-05 07:26:30.805  5943  7112 I LSPosed-Bridge: 	at de.robv.android.xposed.XposedBridge$AdditionalHookInfo.callback(Unknown Source:147)

08-05 07:26:30.805  5943  7112 I LSPosed-Bridge: 	at de.robv.android.xposed.XposedBridge$AdditionalHookInfo.callback(Unknown Source:147)

08-05 07:26:30.805  5943  7112 I LSPosed-Bridge: 	at LSPHooker_.checkPermission(Unknown Source:25)

08-05 07:26:30.805  5943  7112 I LSPosed-Bridge: 	at LSPHooker_.checkPermission(Unknown Source:25)

08-05 07:26:30.805  5943  7112 I LSPosed-Bridge: 	at android.app.ContextImpl.checkSelfPermission(ContextImpl.java:1801)

08-05 07:26:30.805  5943  7112 I LSPosed-Bridge: 	at android.app.ContextImpl.checkSelfPermission(ContextImpl.java:1801)

08-05 07:26:30.805  5943  7112 I LSPosed-Bridge: 	at android.content.ContextWrapper.checkSelfPermission(ContextWrapper.java:759)

08-05 07:26:30.805  5943  7112 I LSPosed-Bridge: 	at android.content.ContextWrapper.checkSelfPermission(ContextWrapper.java:759)

08-05 07:26:30.805  5943  7112 I LSPosed-Bridge: 	at java.lang.reflect.Method.invoke(Native Method)

08-05 07:26:30.805  5943  7112 I LSPosed-Bridge: 	at java.lang.reflect.Method.invoke(Native Method)

08-05 07:26:30.805  5943  7112 I LSPosed-Bridge: 	at com.umeng.umcrash.UMCrashUtils.checkPermission(SourceFile:4)

08-05 07:26:30.805  5943  7112 I LSPosed-Bridge: 	at com.umeng.umcrash.UMCrashUtils.checkPermission(SourceFile:4)

08-05 07:26:30.805  5943  7112 I LSPosed-Bridge: 	at com.umeng.umcrash.UMCrashUtils.getNetworkOperatorName(SourceFile:2)

08-05 07:26:30.805  5943  7112 I LSPosed-Bridge: 	at com.umeng.umcrash.UMCrashUtils.getNetworkOperatorName(SourceFile:2)

08-05 07:26:30.805  5943  7112 I LSPosed-Bridge: 	at com.umeng.umcrash.UMCrash.initReporter(SourceFile:4)

08-05 07:26:30.805  5943  7112 I LSPosed-Bridge: 	at com.umeng.umcrash.UMCrash.initReporter(SourceFile:4)

08-05 07:26:30.805  5943  7112 I LSPosed-Bridge: 	at com.umeng.umcrash.UMCrash.init(SourceFile:83)

08-05 07:26:30.805  5943  7112 I LSPosed-Bridge: 	at com.umeng.umcrash.UMCrash.init(SourceFile:83)

08-05 07:26:30.805  5943  7112 I LSPosed-Bridge: 	at java.lang.reflect.Method.invoke(Native Method)

08-05 07:26:30.805  5943  7112 I LSPosed-Bridge: 	at java.lang.reflect.Method.invoke(Native Method)

08-05 07:26:30.805  5943  7112 I LSPosed-Bridge: 	at com.umeng.commonsdk.UMConfigure.init(SourceFile:112)

08-05 07:26:30.805  5943  7112 I LSPosed-Bridge: 	at com.umeng.commonsdk.UMConfigure.init(SourceFile:112)

08-05 07:26:30.805  5943  7112 I LSPosed-Bridge: 	at cc.jianke.jianzhike.app.MyApplication$nANh.run(SourceFile:5)

08-05 07:26:30.805  5943  7112 I LSPosed-Bridge: 	at cc.jianke.jianzhike.app.MyApplication$nANh.run(SourceFile:5)

08-05 07:26:30.805  5943  7112 I LSPosed-Bridge: 	at com.wodan.xianshijian.AAhNANnh$ANAAnnNAN$nhAnnNAN.run(SourceFile:2)

08-05 07:26:30.805  5943  7112 I LSPosed-Bridge: 	at com.wodan.xianshijian.AAhNANnh$ANAAnnNAN$nhAnnNAN.run(SourceFile:2)

08-05 07:26:30.805  5943  7112 I LSPosed-Bridge: 	at com.xj.anchortask.library.AnchorTaskRunnable.run(SourceFile:5)

08-05 07:26:30.805  5943  7112 I LSPosed-Bridge: 	at com.xj.anchortask.library.AnchorTaskRunnable.run(SourceFile:5)

08-05 07:26:30.805  5943  7112 I LSPosed-Bridge: 	at java.util.concurrent.ThreadPoolExecutor.runWorker(ThreadPoolExecutor.java:1167)

08-05 07:26:30.805  5943  7112 I LSPosed-Bridge: 	at java.util.concurrent.ThreadPoolExecutor.runWorker(ThreadPoolExecutor.java:1167)

08-05 07:26:30.805  5943  7112 I LSPosed-Bridge: 	at java.util.concurrent.ThreadPoolExecutor$Worker.run(ThreadPoolExecutor.java:641)

08-05 07:26:30.805  5943  7112 I LSPosed-Bridge: 	at java.util.concurrent.ThreadPoolExecutor$Worker.run(ThreadPoolExecutor.java:641)

08-05 07:26:30.805  5943  7112 I LSPosed-Bridge: 	at java.lang.Thread.run(Thread.java:764)

08-05 07:26:30.805  5943  7112 I LSPosed-Bridge: 	at java.lang.Thread.run(Thread.java:764)

08-05 07:26:30.805  5943  7242 I LSPosed-Bridge: 5943 PermLabel hookBinder_test 10142 interfaceBinder =android.app.IActivityManager; arg0 = 49; arg1 = android.os.Parcel@677d904; arg2 = android.os.Parcel@30e46c3; arg3 = 0; res = true; stacktrace=java.lang.Exception

08-05 07:26:30.805  5943  7242 I LSPosed-Bridge: 5943 PermLabel hookBinder_test 10142 interfaceBinder =android.app.IActivityManager; arg0 = 49; arg1 = android.os.Parcel@677d904; arg2 = android.os.Parcel@30e46c3; arg3 = 0; res = true; stacktrace=java.lang.Exception

08-05 07:26:30.805  5943  7242 I LSPosed-Bridge: 	at com.example.permlabel.hookBinder_test$1.afterHookedMethod(hookBinder_test.java:52)

08-05 07:26:30.805  5943  7242 I LSPosed-Bridge: 	at com.example.permlabel.hookBinder_test$1.afterHookedMethod(hookBinder_test.java:52)

08-05 07:26:30.805  5943  7242 I LSPosed-Bridge: 	at de.robv.android.xposed.XposedBridge$AdditionalHookInfo.callback(Unknown Source:147)

08-05 07:26:30.805  5943  7242 I LSPosed-Bridge: 	at de.robv.android.xposed.XposedBridge$AdditionalHookInfo.callback(Unknown Source:147)

08-05 07:26:30.805  5943  7242 I LSPosed-Bridge: 	at LSPHooker_.transact(Unknown Source:28)

08-05 07:26:30.805  5943  7242 I LSPosed-Bridge: 	at LSPHooker_.transact(Unknown Source:28)

08-05 07:26:30.805  5943  7242 I LSPosed-Bridge: 	at android.app.IActivityManager$Stub$Proxy.checkPermission(IActivityManager.java:4722)

08-05 07:26:30.805  5943  7242 I LSPosed-Bridge: 	at android.app.IActivityManager$Stub$Proxy.checkPermission(IActivityManager.java:4722)

08-05 07:26:30.805  5943  7242 I LSPosed-Bridge: 	at android.app.ContextImpl.checkPermission(ContextImpl.java:1751)

08-05 07:26:30.805  5943  7242 I LSPosed-Bridge: 	at android.app.ContextImpl.checkPermission(ContextImpl.java:1751)

08-05 07:26:30.805  5943  7242 I LSPosed-Bridge: 	at java.lang.reflect.Method.invoke(Native Method)

08-05 07:26:30.805  5943  7242 I LSPosed-Bridge: 	at java.lang.reflect.Method.invoke(Native Method)

08-05 07:26:30.805  5943  7242 I LSPosed-Bridge: 	at org.lsposed.lspd.nativebridge.HookBridge.invokeOriginalMethod(Native Method)

08-05 07:26:30.805  5943  7242 I LSPosed-Bridge: 	at org.lsposed.lspd.nativebridge.HookBridge.invokeOriginalMethod(Native Method)

08-05 07:26:30.805  5943  7242 I LSPosed-Bridge: 	at de.robv.android.xposed.XposedBridge$AdditionalHookInfo.callback(Unknown Source:110)

08-05 07:26:30.805  5943  7242 I LSPosed-Bridge: 	at de.robv.android.xposed.XposedBridge$AdditionalHookInfo.callback(Unknown Source:110)

08-05 07:26:30.805  5943  7242 I LSPosed-Bridge: 	at LSPHooker_.checkPermission(Unknown Source:25)

08-05 07:26:30.805  5943  7242 I LSPosed-Bridge: 	at LSPHooker_.checkPermission(Unknown Source:25)

08-05 07:26:30.805  5943  7242 I LSPosed-Bridge: 	at android.app.ContextImpl.checkSelfPermission(ContextImpl.java:1801)

08-05 07:26:30.805  5943  7242 I LSPosed-Bridge: 	at android.app.ContextImpl.checkSelfPermission(ContextImpl.java:1801)

08-05 07:26:30.805  5943  7242 I LSPosed-Bridge: 	at android.content.ContextWrapper.checkSelfPermission(ContextWrapper.java:759)

08-05 07:26:30.805  5943  7242 I LSPosed-Bridge: 	at android.content.ContextWrapper.checkSelfPermission(ContextWrapper.java:759)

08-05 07:26:30.805  5943  7242 I LSPosed-Bridge: 	at bykvm_19do.bykvm_19do.bykvm_19do.e2.a(Unknown Source:182)

08-05 07:26:30.805  5943  7242 I LSPosed-Bridge: 	at bykvm_19do.bykvm_19do.bykvm_19do.e2.a(Unknown Source:182)

08-05 07:26:30.805  5943  7242 I LSPosed-Bridge: 	at bykvm_19do.bykvm_19do.bykvm_19do.h2.a(Unknown Source:32)

08-05 07:26:30.805  5943  7242 I LSPosed-Bridge: 	at bykvm_19do.bykvm_19do.bykvm_19do.h2.a(Unknown Source:32)

08-05 07:26:30.805  5943  7242 I LSPosed-Bridge: 	at bykvm_19do.bykvm_19do.bykvm_19do.k2.e(Unknown Source:287)

08-05 07:26:30.805  5943  7242 I LSPosed-Bridge: 	at bykvm_19do.bykvm_19do.bykvm_19do.k2.e(Unknown Source:287)

08-05 07:26:30.805  5943  7242 I LSPosed-Bridge: 	at bykvm_19do.bykvm_19do.bykvm_19do.v1.handleMessage(Unknown Source:194)

08-05 07:26:30.805  5943  7242 I LSPosed-Bridge: 	at bykvm_19do.bykvm_19do.bykvm_19do.v1.handleMessage(Unknown Source:194)

08-05 07:26:30.805  5943  7242 I LSPosed-Bridge: 	at android.os.Handler.dispatchMessage(Handler.java:102)

08-05 07:26:30.805  5943  7242 I LSPosed-Bridge: 	at android.os.Handler.dispatchMessage(Handler.java:102)

08-05 07:26:30.805  5943  7242 I LSPosed-Bridge: 	at android.os.Looper.loop(Looper.java:193)

08-05 07:26:30.805  5943  7242 I LSPosed-Bridge: 	at android.os.Looper.loop(Looper.java:193)

08-05 07:26:30.805  5943  7242 I LSPosed-Bridge: 	at android.os.HandlerThread.run(HandlerThread.java:65)

08-05 07:26:30.805  5943  7242 I LSPosed-Bridge: 	at android.os.HandlerThread.run(HandlerThread.java:65)

08-05 07:26:30.805  5943  7112 I LSPosed-Bridge: 5943 PermLabel 10142 ContextImpl.checkPermission: pid = 5943; uid = 10142; permName: android.permission.READ_PHONE_STATE; type = 1; res = -1; stacktrace=java.lang.Exception

08-05 07:26:30.805  5943  7112 I LSPosed-Bridge: 5943 PermLabel 10142 ContextImpl.checkPermission: pid = 5943; uid = 10142; permName: android.permission.READ_PHONE_STATE; type = 1; res = -1; stacktrace=java.lang.Exception

08-05 07:26:30.805  5943  7112 I LSPosed-Bridge: 	at com.example.permlabel.requestPerm$2.afterHookedMethod(requestPerm.java:207)

08-05 07:26:30.805  5943  7112 I LSPosed-Bridge: 	at com.example.permlabel.requestPerm$2.afterHookedMethod(requestPerm.java:207)

08-05 07:26:30.805  5943  7112 I LSPosed-Bridge: 	at de.robv.android.xposed.XposedBridge$AdditionalHookInfo.callback(Unknown Source:147)

08-05 07:26:30.805  5943  7112 I LSPosed-Bridge: 	at de.robv.android.xposed.XposedBridge$AdditionalHookInfo.callback(Unknown Source:147)

08-05 07:26:30.805  5943  7112 I LSPosed-Bridge: 	at LSPHooker_.checkPermission(Unknown Source:25)

08-05 07:26:30.805  5943  7112 I LSPosed-Bridge: 	at LSPHooker_.checkPermission(Unknown Source:25)

08-05 07:26:30.805  5943  7112 I LSPosed-Bridge: 	at android.app.ContextImpl.checkSelfPermission(ContextImpl.java:1801)

08-05 07:26:30.805  5943  7112 I LSPosed-Bridge: 	at android.app.ContextImpl.checkSelfPermission(ContextImpl.java:1801)

08-05 07:26:30.805  5943  7112 I LSPosed-Bridge: 	at android.content.ContextWrapper.checkSelfPermission(ContextWrapper.java:759)

08-05 07:26:30.805  5943  7112 I LSPosed-Bridge: 	at android.content.ContextWrapper.checkSelfPermission(ContextWrapper.java:759)

08-05 07:26:30.805  5943  7112 I LSPosed-Bridge: 	at java.lang.reflect.Method.invoke(Native Method)

08-05 07:26:30.805  5943  7112 I LSPosed-Bridge: 	at java.lang.reflect.Method.invoke(Native Method)

08-05 07:26:30.805  5943  7112 I LSPosed-Bridge: 	at com.umeng.umcrash.UMCrashUtils.checkPermission(SourceFile:4)

08-05 07:26:30.805  5943  7112 I LSPosed-Bridge: 	at com.umeng.umcrash.UMCrashUtils.checkPermission(SourceFile:4)

08-05 07:26:30.805  5943  7112 I LSPosed-Bridge: 	at com.umeng.umcrash.UMCrashUtils.getNetworkOperatorName(SourceFile:2)

08-05 07:26:30.805  5943  7112 I LSPosed-Bridge: 	at com.umeng.umcrash.UMCrashUtils.getNetworkOperatorName(SourceFile:2)

08-05 07:26:30.805  5943  7112 I LSPosed-Bridge: 	at com.umeng.umcrash.UMCrash.initReporter(SourceFile:4)

08-05 07:26:30.805  5943  7112 I LSPosed-Bridge: 	at com.umeng.umcrash.UMCrash.initReporter(SourceFile:4)

