08-05 07:27:18.036  5943 10162 I LSPosed-Bridge: 5943 PermLabel 10142 ContextImpl.checkPermission: pid = 5943; uid = 10142; permName: android.permission.READ_PHONE_STATE; type = 1; res = -1; stacktrace=java.lang.Exception

08-05 07:27:18.036  5943 10162 I LSPosed-Bridge: 	at com.example.permlabel.requestPerm$2.afterHookedMethod(requestPerm.java:207)

08-05 07:27:18.036  5943 10162 I LSPosed-Bridge: 	at com.example.permlabel.requestPerm$2.afterHookedMethod(requestPerm.java:207)

08-05 07:27:18.036  5943 10162 I LSPosed-Bridge: 	at de.robv.android.xposed.XposedBridge$AdditionalHookInfo.callback(Unknown Source:147)

08-05 07:27:18.036  5943 10162 I LSPosed-Bridge: 	at de.robv.android.xposed.XposedBridge$AdditionalHookInfo.callback(Unknown Source:147)

08-05 07:27:18.036  5943 10162 I LSPosed-Bridge: 	at LSPHooker_.checkPermission(Unknown Source:25)

08-05 07:27:18.036  5943 10162 I LSPosed-Bridge: 	at LSPHooker_.checkPermission(Unknown Source:25)

08-05 07:27:18.036  5943 10162 I LSPosed-Bridge: 	at android.app.ContextImpl.checkCallingOrSelfPermission(ContextImpl.java:1791)

08-05 07:27:18.036  5943 10162 I LSPosed-Bridge: 	at android.app.ContextImpl.checkCallingOrSelfPermission(ContextImpl.java:1791)

08-05 07:27:18.036  5943 10162 I LSPosed-Bridge: 	at android.content.ContextWrapper.checkCallingOrSelfPermission(ContextWrapper.java:754)

08-05 07:27:18.036  5943 10162 I LSPosed-Bridge: 	at android.content.ContextWrapper.checkCallingOrSelfPermission(ContextWrapper.java:754)

08-05 07:27:18.036  5943 10162 I LSPosed-Bridge: 	at com.amap.api.col.3sl.ii.b(SourceFile:7)

08-05 07:27:18.036  5943 10162 I LSPosed-Bridge: 	at com.amap.api.col.3sl.ii.b(SourceFile:7)

08-05 07:27:18.036  5943 10162 I LSPosed-Bridge: 	at com.amap.api.col.3sl.ii.C(SourceFile:4)

08-05 07:27:18.036  5943 10162 I LSPosed-Bridge: 	at com.amap.api.col.3sl.ii.C(SourceFile:4)

08-05 07:27:18.036  5943 10162 I LSPosed-Bridge: 	at com.amap.api.col.3sl.ii.s(SourceFile:1)

08-05 07:27:18.036  5943 10162 I LSPosed-Bridge: 	at com.amap.api.col.3sl.ii.s(SourceFile:1)

08-05 07:27:18.036  5943 10162 I LSPosed-Bridge: 	at com.amap.api.col.3sl.ih.b(SourceFile:67)

08-05 07:27:18.036  5943 10162 I LSPosed-Bridge: 	at com.amap.api.col.3sl.ih.b(SourceFile:67)

08-05 07:27:18.036  5943 10162 I LSPosed-Bridge: 	at com.amap.api.col.3sl.ih.a(SourceFile:17)

08-05 07:27:18.036  5943 10162 I LSPosed-Bridge: 	at com.amap.api.col.3sl.ih.a(SourceFile:17)

08-05 07:27:18.036  5943 10162 I LSPosed-Bridge: 	at com.amap.api.col.3sl.kt.j(SourceFile:6)

08-05 07:27:18.036  5943 10162 I LSPosed-Bridge: 	at com.amap.api.col.3sl.kt.j(SourceFile:6)

08-05 07:27:18.036  5943 10162 I LSPosed-Bridge: 	at com.amap.api.col.3sl.kt.getEntityBytes(SourceFile:4)

08-05 07:27:18.036  5943 10162 I LSPosed-Bridge: 	at com.amap.api.col.3sl.kt.getEntityBytes(SourceFile:4)

08-05 07:27:18.036  5943 10162 I LSPosed-Bridge: 	at com.amap.api.col.3sl.kz.a(SourceFile:2)

08-05 07:27:18.036  5943 10162 I LSPosed-Bridge: 	at com.amap.api.col.3sl.kz.a(SourceFile:2)

08-05 07:27:18.036  5943 10162 I LSPosed-Bridge: 	at com.amap.api.col.3sl.kz.b(SourceFile:1)

08-05 07:27:18.036  5943 10162 I LSPosed-Bridge: 	at com.amap.api.col.3sl.kz.b(SourceFile:1)

08-05 07:27:18.036  5943 10162 I LSPosed-Bridge: 	at com.amap.api.col.3sl.kw.d(SourceFile:8)

08-05 07:27:18.036  5943 10162 I LSPosed-Bridge: 	at com.amap.api.col.3sl.kw.d(SourceFile:8)

08-05 07:27:18.036  5943 10162 I LSPosed-Bridge: 	at com.amap.api.col.3sl.kw.c(SourceFile:1)

08-05 07:27:18.036  5943 10162 I LSPosed-Bridge: 	at com.amap.api.col.3sl.kw.c(SourceFile:1)

08-05 07:27:18.036  5943 10162 I LSPosed-Bridge: 	at com.amap.api.col.3sl.ks.a(SourceFile:9)

08-05 07:27:18.036  5943 10162 I LSPosed-Bridge: 	at com.amap.api.col.3sl.ks.a(SourceFile:9)

08-05 07:27:18.036  5943 10162 I LSPosed-Bridge: 	at com.amap.api.col.3sl.ks.d(SourceFile:6)

08-05 07:27:18.036  5943 10162 I LSPosed-Bridge: 	at com.amap.api.col.3sl.ks.d(SourceFile:6)

08-05 07:27:18.036  5943 10162 I LSPosed-Bridge: 	at com.amap.api.col.3sl.ks.a(SourceFile:4)

08-05 07:27:18.036  5943 10162 I LSPosed-Bridge: 	at com.amap.api.col.3sl.ks.a(SourceFile:4)

08-05 07:27:18.036  5943 10162 I LSPosed-Bridge: 	at com.autonavi.aps.amapapi.trans.c.a(SourceFile:49)

08-05 07:27:18.036  5943 10162 I LSPosed-Bridge: 	at com.autonavi.aps.amapapi.trans.c.a(SourceFile:49)

08-05 07:27:18.036  5943 10162 I LSPosed-Bridge: 	at com.autonavi.aps.amapapi.b.b(SourceFile:26)

08-05 07:27:18.036  5943 10162 I LSPosed-Bridge: 	at com.autonavi.aps.amapapi.b.b(SourceFile:26)

08-05 07:27:18.036  5943 10162 I LSPosed-Bridge: 	at com.autonavi.aps.amapapi.b.a(SourceFile:157)

08-05 07:27:18.036  5943 10162 I LSPosed-Bridge: 	at com.autonavi.aps.amapapi.b.a(SourceFile:157)

08-05 07:27:18.036  5943 10162 I LSPosed-Bridge: 	at com.amap.api.col.3sl.d.b(SourceFile:59)

08-05 07:27:18.036  5943 10162 I LSPosed-Bridge: 	at com.amap.api.col.3sl.d.b(SourceFile:59)

08-05 07:27:18.036  5943 10162 I LSPosed-Bridge: 	at com.amap.api.col.3sl.d.m(SourceFile:2)

08-05 07:27:18.036  5943 10162 I LSPosed-Bridge: 	at com.amap.api.col.3sl.d.m(SourceFile:2)

08-05 07:27:18.036  5943 10162 I LSPosed-Bridge: 	at com.amap.api.col.3sl.d.n(SourceFile:17)

08-05 07:27:18.036  5943 10162 I LSPosed-Bridge: 	at com.amap.api.col.3sl.d.n(SourceFile:17)

08-05 07:27:18.036  5943 10162 I LSPosed-Bridge: 	at com.amap.api.col.3sl.d.h(SourceFile:1)

08-05 07:27:18.036  5943 10162 I LSPosed-Bridge: 	at com.amap.api.col.3sl.d.h(SourceFile:1)

08-05 07:27:18.036  5943 10162 I LSPosed-Bridge: 	at com.amap.api.col.3sl.d$a.handleMessage(SourceFile:21)

08-05 07:27:18.036  5943 10162 I LSPosed-Bridge: 	at com.amap.api.col.3sl.d$a.handleMessage(SourceFile:21)

08-05 07:27:18.036  5943 10162 I LSPosed-Bridge: 	at android.os.Handler.dispatchMessage(Handler.java:106)

08-05 07:27:18.036  5943 10162 I LSPosed-Bridge: 	at android.os.Handler.dispatchMessage(Handler.java:106)

08-05 07:27:18.036  5943 10162 I LSPosed-Bridge: 	at android.os.Looper.loop(Looper.java:193)

08-05 07:27:18.036  5943 10162 I LSPosed-Bridge: 	at android.os.Looper.loop(Looper.java:193)

08-05 07:27:18.036  5943 10162 I LSPosed-Bridge: 	at android.os.HandlerThread.run(HandlerThread.java:65)

08-05 07:27:18.036  5943 10162 I LSPosed-Bridge: 	at android.os.HandlerThread.run(HandlerThread.java:65)

08-05 07:27:18.036  5943 10162 I LSPosed-Bridge: 	at com.amap.api.col.3sl.d$b.run(SourceFile:1)

08-05 07:27:18.036  5943 10162 I LSPosed-Bridge: 	at com.amap.api.col.3sl.d$b.run(SourceFile:1)

08-05 07:27:18.036   560   560 I ConfigStore: android::hardware::configstore::V1_0::ISurfaceFlingerConfigs::hasHDRDisplay retrieved: 0

08-05 07:27:18.036   560   560 I ConfigStore: android::hardware::configstore::V1_0::ISurfaceFlingerConfigs::hasHDRDisplay retrieved: 0

08-05 07:27:22.039  5943  6115 I LSPosed-Bridge: 5943 PermLabel hookBinder_test 10142 interfaceBinder =android.content.pm.IPackageManager; arg0 = 34; arg1 = android.os.Parcel@b993383; arg2 = android.os.Parcel@dce986; arg3 = 0; res = true; stacktrace=java.lang.Exception

08-05 07:27:22.039  5943  6115 I LSPosed-Bridge: 5943 PermLabel hookBinder_test 10142 interfaceBinder =android.content.pm.IPackageManager; arg0 = 34; arg1 = android.os.Parcel@b993383; arg2 = android.os.Parcel@dce986; arg3 = 0; res = true; stacktrace=java.lang.Exception

08-05 07:27:22.039  5943  6115 I LSPosed-Bridge: 	at com.example.permlabel.hookBinder_test$1.afterHookedMethod(hookBinder_test.java:52)

08-05 07:27:22.039  5943  6115 I LSPosed-Bridge: 	at com.example.permlabel.hookBinder_test$1.afterHookedMethod(hookBinder_test.java:52)

08-05 07:27:22.039  5943  6115 I LSPosed-Bridge: 	at de.robv.android.xposed.XposedBridge$AdditionalHookInfo.callback(Unknown Source:147)

08-05 07:27:22.039  5943  6115 I LSPosed-Bridge: 	at de.robv.android.xposed.XposedBridge$AdditionalHookInfo.callback(Unknown Source:147)

08-05 07:27:22.039  5943  6115 I LSPosed-Bridge: 	at LSPHooker_.transact(Unknown Source:28)

08-05 07:27:22.039  5943  6115 I LSPosed-Bridge: 	at LSPHooker_.transact(Unknown Source:28)

08-05 07:27:22.039  5943  6115 I LSPosed-Bridge: 	at android.content.pm.IPackageManager$Stub$Proxy.getPackagesForUid(IPackageManager.java:3558)

08-05 07:27:22.039  5943  6115 I LSPosed-Bridge: 	at android.content.pm.IPackageManager$Stub$Proxy.getPackagesForUid(IPackageManager.java:3558)

08-05 07:27:22.039  5943  6115 I LSPosed-Bridge: 	at android.app.ApplicationPackageManager.getPackagesForUid(ApplicationPackageManager.java:731)

08-05 07:27:22.039  5943  6115 I LSPosed-Bridge: 	at android.app.ApplicationPackageManager.getPackagesForUid(ApplicationPackageManager.java:731)

08-05 07:27:22.039  5943 10170 I LSPosed-Bridge: 5943 PermLabel 10142 ContextImpl Binder.getCallingPid() = 5943; Binder.getCallingUid() = 10142; permName: android.permission.READ_PHONE_STATE; res = -1; stacktrace=java.lang.Exception

08-05 07:27:22.039  5943 10170 I LSPosed-Bridge: 5943 PermLabel 10142 ContextImpl Binder.getCallingPid() = 5943; Binder.getCallingUid() = 10142; permName: android.permission.READ_PHONE_STATE; res = -1; stacktrace=java.lang.Exception

08-05 07:27:22.039  5943 10170 I LSPosed-Bridge: 	at com.example.permlabel.requestPerm$2.afterHookedMethod(requestPerm.java:183)

08-05 07:27:22.039  5943 10170 I LSPosed-Bridge: 	at com.example.permlabel.requestPerm$2.afterHookedMethod(requestPerm.java:183)

08-05 07:27:22.039  5943 10170 I LSPosed-Bridge: 	at de.robv.android.xposed.XposedBridge$AdditionalHookInfo.callback(Unknown Source:147)

08-05 07:27:22.039  5943 10170 I LSPosed-Bridge: 	at de.robv.android.xposed.XposedBridge$AdditionalHookInfo.callback(Unknown Source:147)

08-05 07:27:22.039  5943 10170 I LSPosed-Bridge: 	at LSPHooker_.checkPermission(Unknown Source:25)

08-05 07:27:22.039  5943 10170 I LSPosed-Bridge: 	at LSPHooker_.checkPermission(Unknown Source:25)

08-05 07:27:22.039  5943 10170 I LSPosed-Bridge: 	at android.app.ContextImpl.checkCallingOrSelfPermission(ContextImpl.java:1791)

08-05 07:27:22.039  5943 10170 I LSPosed-Bridge: 	at android.app.ContextImpl.checkCallingOrSelfPermission(ContextImpl.java:1791)

08-05 07:27:22.039  5943 10170 I LSPosed-Bridge: 	at android.content.ContextWrapper.checkCallingOrSelfPermission(ContextWrapper.java:754)

08-05 07:27:22.039  5943 10170 I LSPosed-Bridge: 	at android.content.ContextWrapper.checkCallingOrSelfPermission(ContextWrapper.java:754)

08-05 07:27:22.039  5943 10170 I LSPosed-Bridge: 	at com.amap.api.col.3sl.ii.b(SourceFile:7)

08-05 07:27:22.039  5943 10170 I LSPosed-Bridge: 	at com.amap.api.col.3sl.ii.b(SourceFile:7)

08-05 07:27:22.039  5943 10170 I LSPosed-Bridge: 	at com.amap.api.col.3sl.ii.F(SourceFile:4)

08-05 07:27:22.039  5943 10170 I LSPosed-Bridge: 	at com.amap.api.col.3sl.ii.F(SourceFile:4)

08-05 07:27:22.039  5943 10170 I LSPosed-Bridge: 	at com.amap.api.col.3sl.ii.i(SourceFile:2)

08-05 07:27:22.039  5943 10170 I LSPosed-Bridge: 	at com.amap.api.col.3sl.ii.i(SourceFile:2)

08-05 07:27:22.039  5943 10170 I LSPosed-Bridge: 	at com.amap.api.col.3sl.ih.b(SourceFile:66)

08-05 07:27:22.039  5943 10170 I LSPosed-Bridge: 	at com.amap.api.col.3sl.ih.b(SourceFile:66)

08-05 07:27:22.039  5943 10170 I LSPosed-Bridge: 	at com.amap.api.col.3sl.ih.a(SourceFile:17)

08-05 07:27:22.039  5943 10170 I LSPosed-Bridge: 	at com.amap.api.col.3sl.ih.a(SourceFile:17)

08-05 07:27:22.039  5943 10170 I LSPosed-Bridge: 	at com.amap.api.col.3sl.kt.j(SourceFile:6)

08-05 07:27:22.039  5943 10170 I LSPosed-Bridge: 	at com.amap.api.col.3sl.kt.j(SourceFile:6)

08-05 07:27:22.039  5943 10170 I LSPosed-Bridge: 	at com.amap.api.col.3sl.kt.getEntityBytes(SourceFile:4)

08-05 07:27:22.039  5943 10170 I LSPosed-Bridge: 	at com.amap.api.col.3sl.kt.getEntityBytes(SourceFile:4)

08-05 07:27:22.039  5943 10170 I LSPosed-Bridge: 	at com.amap.api.col.3sl.kz.a(SourceFile:2)

08-05 07:27:22.039  5943 10170 I LSPosed-Bridge: 	at com.amap.api.col.3sl.kz.a(SourceFile:2)

08-05 07:27:22.039  5943 10170 I LSPosed-Bridge: 	at com.amap.api.col.3sl.kz.b(SourceFile:1)

08-05 07:27:22.039  5943 10170 I LSPosed-Bridge: 	at com.amap.api.col.3sl.kz.b(SourceFile:1)

08-05 07:27:22.039  5943 10170 I LSPosed-Bridge: 	at com.amap.api.col.3sl.kw.d(SourceFile:8)

08-05 07:27:22.039  5943 10170 I LSPosed-Bridge: 	at com.amap.api.col.3sl.kw.d(SourceFile:8)

08-05 07:27:22.039  5943 10170 I LSPosed-Bridge: 	at com.amap.api.col.3sl.kw.c(SourceFile:1)

08-05 07:27:22.039  5943 10170 I LSPosed-Bridge: 	at com.amap.api.col.3sl.kw.c(SourceFile:1)

08-05 07:27:22.039  5943 10170 I LSPosed-Bridge: 	at com.amap.api.col.3sl.ks.a(SourceFile:9)

08-05 07:27:22.039  5943 10170 I LSPosed-Bridge: 	at com.amap.api.col.3sl.ks.a(SourceFile:9)

08-05 07:27:22.039  5943 10170 I LSPosed-Bridge: 	at com.amap.api.col.3sl.ks.d(SourceFile:6)

08-05 07:27:22.039  5943 10170 I LSPosed-Bridge: 	at com.amap.api.col.3sl.ks.d(SourceFile:6)

08-05 07:27:22.039  5943 10170 I LSPosed-Bridge: 	at com.amap.api.col.3sl.ks.a(SourceFile:4)

08-05 07:27:22.039  5943 10170 I LSPosed-Bridge: 	at com.amap.api.col.3sl.ks.a(SourceFile:4)

08-05 07:27:22.039  5943 10170 I LSPosed-Bridge: 	at com.amap.api.col.3sl.if.a(SourceFile:23)

08-05 07:27:22.039  5943 10170 I LSPosed-Bridge: 	at com.amap.api.col.3sl.if.a(SourceFile:23)

08-05 07:27:22.039  5943 10170 I LSPosed-Bridge: 	at com.amap.api.col.3sl.if.a(SourceFile:10)

08-05 07:27:22.039  5943 10170 I LSPosed-Bridge: 	at com.amap.api.col.3sl.if.a(SourceFile:10)

08-05 07:27:22.039  5943 10170 I LSPosed-Bridge: 	at com.amap.api.col.3sl.if$1.runTask(SourceFile:5)

08-05 07:27:22.039  5943 10170 I LSPosed-Bridge: 	at com.amap.api.col.3sl.if$1.runTask(SourceFile:5)

08-05 07:27:22.039  5943 10170 I LSPosed-Bridge: 	at com.amap.api.col.3sl.ma.run(SourceFile:2)

08-05 07:27:22.039  5943 10170 I LSPosed-Bridge: 	at com.amap.api.col.3sl.ma.run(SourceFile:2)

08-05 07:27:22.039  5943 10170 I LSPosed-Bridge: 	at java.util.concurrent.Executors$RunnableAdapter.call(Executors.java:458)

08-05 07:27:22.039  5943 10170 I LSPosed-Bridge: 	at java.util.concurrent.Executors$RunnableAdapter.call(Executors.java:458)

08-05 07:27:22.039  5943 10170 I LSPosed-Bridge: 	at java.util.concurrent.FutureTask.run(FutureTask.java:266)

08-05 07:27:22.039  5943 10170 I LSPosed-Bridge: 	at java.util.concurrent.FutureTask.run(FutureTask.java:266)

08-05 07:27:22.039  5943 10170 I LSPosed-Bridge: 	at java.util.concurrent.ThreadPoolExecutor.runWorker(ThreadPoolExecutor.java:1167)

08-05 07:27:22.039  5943 10170 I LSPosed-Bridge: 	at java.util.concurrent.ThreadPoolExecutor.runWorker(ThreadPoolExecutor.java:1167)

08-05 07:27:22.039  5943 10170 I LSPosed-Bridge: 	at java.util.concurrent.ThreadPoolExecutor$Worker.run(ThreadPoolExecutor.java:641)

08-05 07:27:22.039  5943 10170 I LSPosed-Bridge: 	at java.util.concurrent.ThreadPoolExecutor$Worker.run(ThreadPoolExecutor.java:641)

08-05 07:27:22.039  5943 10170 I LSPosed-Bridge: 	at java.lang.Thread.run(Thread.java:764)

08-05 07:27:22.039  5943 10170 I LSPosed-Bridge: 	at java.lang.Thread.run(Thread.java:764)

08-05 07:27:22.039  5943 10162 I LSPosed-Bridge: 5943 PermLabel hookBinder_test 10142 interfaceBinder =android.net.IConnectivityManager; arg0 = 3; arg1 = android.os.Parcel@2e2cb4c; arg2 = android.os.Parcel@13b5f16; arg3 = 0; res = true; stacktrace=java.lang.Exception

08-05 07:27:22.039  5943 10162 I LSPosed-Bridge: 5943 PermLabel hookBinder_test 10142 interfaceBinder =android.net.IConnectivityManager; arg0 = 3; arg1 = android.os.Parcel@2e2cb4c; arg2 = android.os.Parcel@13b5f16; arg3 = 0; res = true; stacktrace=java.lang.Exception

08-05 07:27:22.039  5943 10162 I LSPosed-Bridge: 	at com.example.permlabel.hookBinder_test$1.afterHookedMethod(hookBinder_test.java:52)

08-05 07:27:22.039  5943 10162 I LSPosed-Bridge: 	at com.example.permlabel.hookBinder_test$1.afterHookedMethod(hookBinder_test.java:52)

08-05 07:27:22.039  5943 10162 I LSPosed-Bridge: 	at de.robv.android.xposed.XposedBridge$AdditionalHookInfo.callback(Unknown Source:147)

08-05 07:27:22.039  5943 10162 I LSPosed-Bridge: 	at de.robv.android.xposed.XposedBridge$AdditionalHookInfo.callback(Unknown Source:147)

08-05 07:27:22.039  5943 10162 I LSPosed-Bridge: 	at LSPHooker_.transact(Unknown Source:28)

08-05 07:27:22.039  5943 10162 I LSPosed-Bridge: 	at LSPHooker_.transact(Unknown Source:28)

08-05 07:27:22.039  5943 10162 I LSPosed-Bridge: 	at android.net.IConnectivityManager$Stub$Proxy.getActiveNetworkInfo(IConnectivityManager.java:1206)

08-05 07:27:22.039  5943 10162 I LSPosed-Bridge: 	at android.net.IConnectivityManager$Stub$Proxy.getActiveNetworkInfo(IConnectivityManager.java:1206)

08-05 07:27:22.039  5943 10162 I LSPosed-Bridge: 	at android.net.ConnectivityManager.getActiveNetworkInfo(ConnectivityManager.java:890)

08-05 07:27:22.039  5943 10162 I LSPosed-Bridge: 	at android.net.ConnectivityManager.getActiveNetworkInfo(ConnectivityManager.java:890)

08-05 07:27:22.039  5943 10162 I LSPosed-Bridge: 	at com.amap.api.col.3sl.ii.k(SourceFile:3)

08-05 07:27:22.039  5943 10162 I LSPosed-Bridge: 	at com.amap.api.col.3sl.ii.k(SourceFile:3)

08-05 07:27:22.039  5943 10162 I LSPosed-Bridge: 	at com.autonavi.aps.amapapi.utils.i.c(SourceFile:5)

08-05 07:27:22.039  5943 10162 I LSPosed-Bridge: 	at com.autonavi.aps.amapapi.utils.i.c(SourceFile:5)

08-05 07:27:22.039  5943 10162 I LSPosed-Bridge: 	at com.autonavi.aps.amapapi.utils.i.h(SourceFile:1)

08-05 07:27:22.039  5943 10162 I LSPosed-Bridge: 	at com.autonavi.aps.amapapi.utils.i.h(SourceFile:1)

08-05 07:27:22.039  5943 10162 I LSPosed-Bridge: 	at com.amap.api.col.3sl.d.a(SourceFile:89)

08-05 07:27:22.039  5943 10162 I LSPosed-Bridge: 	at com.amap.api.col.3sl.d.a(SourceFile:89)

08-05 07:27:22.039  5943 10162 I LSPosed-Bridge: 	at com.amap.api.col.3sl.d.a(SourceFile:151)

08-05 07:27:22.039  5943 10162 I LSPosed-Bridge: 	at com.amap.api.col.3sl.d.a(SourceFile:151)

08-05 07:27:22.039  5943 10162 I LSPosed-Bridge: 	at com.amap.api.col.3sl.d.b(SourceFile:73)

08-05 07:27:22.039  5943 10162 I LSPosed-Bridge: 	at com.amap.api.col.3sl.d.b(SourceFile:73)

08-05 07:27:22.039  5943 10162 I LSPosed-Bridge: 	at com.amap.api.col.3sl.d.m(SourceFile:2)

08-05 07:27:22.039  5943 10162 I LSPosed-Bridge: 	at com.amap.api.col.3sl.d.m(SourceFile:2)

08-05 07:27:22.039  5943 10162 I LSPosed-Bridge: 	at com.amap.api.col.3sl.d.n(SourceFile:17)

08-05 07:27:22.039  5943 10162 I LSPosed-Bridge: 	at com.amap.api.col.3sl.d.n(SourceFile:17)

08-05 07:27:22.039  5943 10162 I LSPosed-Bridge: 	at com.amap.api.col.3sl.d.h(SourceFile:1)

08-05 07:27:22.039  5943 10162 I LSPosed-Bridge: 	at com.amap.api.col.3sl.d.h(SourceFile:1)

08-05 07:27:22.039  5943 10162 I LSPosed-Bridge: 	at com.amap.api.col.3sl.d$a.handleMessage(SourceFile:21)

08-05 07:27:22.039  5943 10162 I LSPosed-Bridge: 	at com.amap.api.col.3sl.d$a.handleMessage(SourceFile:21)

08-05 07:27:22.039  5943 10162 I LSPosed-Bridge: 	at android.os.Handler.dispatchMessage(Handler.java:106)

08-05 07:27:22.039  5943 10162 I LSPosed-Bridge: 	at android.os.Handler.dispatchMessage(Handler.java:106)

08-05 07:27:22.039  5943 10162 I LSPosed-Bridge: 	at android.os.Looper.loop(Looper.java:193)

08-05 07:27:22.039  5943 10162 I LSPosed-Bridge: 	at android.os.Looper.loop(Looper.java:193)

08-05 07:27:22.039  5943 10162 I LSPosed-Bridge: 	at android.os.HandlerThread.run(HandlerThread.java:65)

08-05 07:27:22.039  5943 10162 I LSPosed-Bridge: 	at android.os.HandlerThread.run(HandlerThread.java:65)

08-05 07:27:22.039  5943 10162 I LSPosed-Bridge: 	at com.amap.api.col.3sl.d$b.run(SourceFile:1)

08-05 07:27:22.039  5943 10162 I LSPosed-Bridge: 	at com.amap.api.col.3sl.d$b.run(SourceFile:1)

08-05 07:27:22.039  5943  6115 I LSPosed-Bridge: 5943 PermLabel hookBinder_test 10142 interfaceBinder =android.content.pm.IPackageManager; arg0 = 34; arg1 = android.os.Parcel@5dd3a32; arg2 = android.os.Parcel@d9cb973; arg3 = 0; res = true; stacktrace=java.lang.Exception

08-05 07:27:22.039  5943  6115 I LSPosed-Bridge: 5943 PermLabel hookBinder_test 10142 interfaceBinder =android.content.pm.IPackageManager; arg0 = 34; arg1 = android.os.Parcel@5dd3a32; arg2 = android.os.Parcel@d9cb973; arg3 = 0; res = true; stacktrace=java.lang.Exception

08-05 07:27:22.039  5943  6115 I LSPosed-Bridge: 	at com.example.permlabel.hookBinder_test$1.afterHookedMethod(hookBinder_test.java:52)

08-05 07:27:22.039  5943  6115 I LSPosed-Bridge: 	at com.example.permlabel.hookBinder_test$1.afterHookedMethod(hookBinder_test.java:52)

08-05 07:27:22.039  5943  6115 I LSPosed-Bridge: 	at de.robv.android.xposed.XposedBridge$AdditionalHookInfo.callback(Unknown Source:147)

08-05 07:27:22.039  5943  6115 I LSPosed-Bridge: 	at de.robv.android.xposed.XposedBridge$AdditionalHookInfo.callback(Unknown Source:147)

08-05 07:27:22.039  5943  6115 I LSPosed-Bridge: 	at LSPHooker_.transact(Unknown Source:28)

08-05 07:27:22.039  5943  6115 I LSPosed-Bridge: 	at LSPHooker_.transact(Unknown Source:28)

08-05 07:27:22.039  5943  6115 I LSPosed-Bridge: 	at android.content.pm.IPackageManager$Stub$Proxy.getPackagesForUid(IPackageManager.java:3558)

08-05 07:27:22.039  5943  6115 I LSPosed-Bridge: 	at android.content.pm.IPackageManager$Stub$Proxy.getPackagesForUid(IPackageManager.java:3558)

08-05 07:27:22.039  5943  6115 I LSPosed-Bridge: 	at android.app.ApplicationPackageManager.getPackagesForUid(ApplicationPackageManager.java:731)

08-05 07:27:22.039  5943  6115 I LSPosed-Bridge: 	at android.app.ApplicationPackageManager.getPackagesForUid(ApplicationPackageManager.java:731)

08-05 07:27:22.039  5943 10170 I LSPosed-Bridge: 5943 PermLabel 10142 ContextImpl.checkPermission: pid = 5943; uid = 10142; permName: android.permission.READ_PHONE_STATE; type = 1; res = -1; stacktrace=java.lang.Exception

08-05 07:27:22.039  5943 10170 I LSPosed-Bridge: 5943 PermLabel 10142 ContextImpl.checkPermission: pid = 5943; uid = 10142; permName: android.permission.READ_PHONE_STATE; type = 1; res = -1; stacktrace=java.lang.Exception

08-05 07:27:22.039  5943 10170 I LSPosed-Bridge: 	at com.example.permlabel.requestPerm$2.afterHookedMethod(requestPerm.java:207)

08-05 07:27:22.039  5943 10170 I LSPosed-Bridge: 	at com.example.permlabel.requestPerm$2.afterHookedMethod(requestPerm.java:207)

08-05 07:27:22.039  5943 10170 I LSPosed-Bridge: 	at de.robv.android.xposed.XposedBridge$AdditionalHookInfo.callback(Unknown Source:147)

08-05 07:27:22.039  5943 10170 I LSPosed-Bridge: 	at de.robv.android.xposed.XposedBridge$AdditionalHookInfo.callback(Unknown Source:147)

08-05 07:27:22.039  5943 10170 I LSPosed-Bridge: 	at LSPHooker_.checkPermission(Unknown Source:25)

08-05 07:27:22.039  5943 10170 I LSPosed-Bridge: 	at LSPHooker_.checkPermission(Unknown Source:25)

08-05 07:27:22.039  5943 10170 I LSPosed-Bridge: 	at android.app.ContextImpl.checkCallingOrSelfPermission(ContextImpl.java:1791)

08-05 07:27:22.039  5943 10170 I LSPosed-Bridge: 	at android.app.ContextImpl.checkCallingOrSelfPermission(ContextImpl.java:1791)

08-05 07:27:22.039  5943 10170 I LSPosed-Bridge: 	at android.content.ContextWrapper.checkCallingOrSelfPermission(ContextWrapper.java:754)

08-05 07:27:22.039  5943 10170 I LSPosed-Bridge: 	at android.content.ContextWrapper.checkCallingOrSelfPermission(ContextWrapper.java:754)

08-05 07:27:22.039  5943 10170 I LSPosed-Bridge: 	at com.amap.api.col.3sl.ii.b(SourceFile:7)

08-05 07:27:22.039  5943 10170 I LSPosed-Bridge: 	at com.amap.api.col.3sl.ii.b(SourceFile:7)

08-05 07:27:22.039  5943 10170 I LSPosed-Bridge: 	at com.amap.api.col.3sl.ii.F(SourceFile:4)

08-05 07:27:22.039  5943 10170 I LSPosed-Bridge: 	at com.amap.api.col.3sl.ii.F(SourceFile:4)

08-05 07:27:22.039  5943 10170 I LSPosed-Bridge: 	at com.amap.api.col.3sl.ii.i(SourceFile:2)

08-05 07:27:22.039  5943 10170 I LSPosed-Bridge: 	at com.amap.api.col.3sl.ii.i(SourceFile:2)

08-05 07:27:22.039  5943 10170 I LSPosed-Bridge: 	at com.amap.api.col.3sl.ih.b(SourceFile:66)

08-05 07:27:22.039  5943 10170 I LSPosed-Bridge: 	at com.amap.api.col.3sl.ih.b(SourceFile:66)

08-05 07:27:22.039  5943 10170 I LSPosed-Bridge: 	at com.amap.api.col.3sl.ih.a(SourceFile:17)

08-05 07:27:22.039  5943 10170 I LSPosed-Bridge: 	at com.amap.api.col.3sl.ih.a(SourceFile:17)

08-05 07:27:22.039  5943 10170 I LSPosed-Bridge: 	at com.amap.api.col.3sl.kt.j(SourceFile:6)

08-05 07:27:22.039  5943 10170 I LSPosed-Bridge: 	at com.amap.api.col.3sl.kt.j(SourceFile:6)

08-05 07:27:22.039  5943 10170 I LSPosed-Bridge: 	at com.amap.api.col.3sl.kt.getEntityBytes(SourceFile:4)

08-05 07:27:22.039  5943 10170 I LSPosed-Bridge: 	at com.amap.api.col.3sl.kt.getEntityBytes(SourceFile:4)

08-05 07:27:22.039  5943 10170 I LSPosed-Bridge: 	at com.amap.api.col.3sl.kz.a(SourceFile:2)

08-05 07:27:22.039  5943 10170 I LSPosed-Bridge: 	at com.amap.api.col.3sl.kz.a(SourceFile:2)

08-05 07:27:22.039  5943 10170 I LSPosed-Bridge: 	at com.amap.api.col.3sl.kz.b(SourceFile:1)

08-05 07:27:22.039  5943 10170 I LSPosed-Bridge: 	at com.amap.api.col.3sl.kz.b(SourceFile:1)

08-05 07:27:22.039  5943 10170 I LSPosed-Bridge: 	at com.amap.api.col.3sl.kw.d(SourceFile:8)

08-05 07:27:22.039  5943 10170 I LSPosed-Bridge: 	at com.amap.api.col.3sl.kw.d(SourceFile:8)

08-05 07:27:22.039  5943 10170 I LSPosed-Bridge: 	at com.amap.api.col.3sl.kw.c(SourceFile:1)

08-05 07:27:22.039  5943 10170 I LSPosed-Bridge: 	at com.amap.api.col.3sl.kw.c(SourceFile:1)

08-05 07:27:22.039  5943 10170 I LSPosed-Bridge: 	at com.amap.api.col.3sl.ks.a(SourceFile:9)

08-05 07:27:22.039  5943 10170 I LSPosed-Bridge: 	at com.amap.api.col.3sl.ks.a(SourceFile:9)

08-05 07:27:22.039  5943 10170 I LSPosed-Bridge: 	at com.amap.api.col.3sl.ks.d(SourceFile:6)

08-05 07:27:22.039  5943 10170 I LSPosed-Bridge: 	at com.amap.api.col.3sl.ks.d(SourceFile:6)

08-05 07:27:22.039  5943 10170 I LSPosed-Bridge: 	at com.amap.api.col.3sl.ks.a(SourceFile:4)

08-05 07:27:22.039  5943 10170 I LSPosed-Bridge: 	at com.amap.api.col.3sl.ks.a(SourceFile:4)

08-05 07:27:22.039  5943 10170 I LSPosed-Bridge: 	at com.amap.api.col.3sl.if.a(SourceFile:23)

08-05 07:27:22.039  5943 10170 I LSPosed-Bridge: 	at com.amap.api.col.3sl.if.a(SourceFile:23)

08-05 07:27:22.039  5943 10170 I LSPosed-Bridge: 	at com.amap.api.col.3sl.if.a(SourceFile:10)

08-05 07:27:22.039  5943 10170 I LSPosed-Bridge: 	at com.amap.api.col.3sl.if.a(SourceFile:10)

08-05 07:27:22.039  5943 10170 I LSPosed-Bridge: 	at com.amap.api.col.3sl.if$1.runTask(SourceFile:5)

08-05 07:27:22.039  5943 10170 I LSPosed-Bridge: 	at com.amap.api.col.3sl.if$1.runTask(SourceFile:5)

08-05 07:27:22.039  5943 10170 I LSPosed-Bridge: 	at com.amap.api.col.3sl.ma.run(SourceFile:2)

08-05 07:27:22.039  5943 10170 I LSPosed-Bridge: 	at com.amap.api.col.3sl.ma.run(SourceFile:2)

08-05 07:27:22.039  5943 10170 I LSPosed-Bridge: 	at java.util.concurrent.Executors$RunnableAdapter.call(Executors.java:458)

08-05 07:27:22.039  5943 10170 I LSPosed-Bridge: 	at java.util.concurrent.Executors$RunnableAdapter.call(Executors.java:458)

08-05 07:27:22.039  5943 10170 I LSPosed-Bridge: 	at java.util.concurrent.FutureTask.run(FutureTask.java:266)

08-05 07:27:22.039  5943 10170 I LSPosed-Bridge: 	at java.util.concurrent.FutureTask.run(FutureTask.java:266)

08-05 07:27:22.039  5943 10170 I LSPosed-Bridge: 	at java.util.concurrent.ThreadPoolExecutor.runWorker(ThreadPoolExecutor.java:1167)

08-05 07:27:22.039  5943 10170 I LSPosed-Bridge: 	at java.util.concurrent.ThreadPoolExecutor.runWorker(ThreadPoolExecutor.java:1167)

08-05 07:27:22.039  5943 10170 I LSPosed-Bridge: 	at java.util.concurrent.ThreadPoolExecutor$Worker.run(ThreadPoolExecutor.java:641)

08-05 07:27:22.039  5943 10170 I LSPosed-Bridge: 	at java.util.concurrent.ThreadPoolExecutor$Worker.run(ThreadPoolExecutor.java:641)

08-05 07:27:22.039  5943 10170 I LSPosed-Bridge: 	at java.lang.Thread.run(Thread.java:764)

08-05 07:27:22.039  5943 10170 I LSPosed-Bridge: 	at java.lang.Thread.run(Thread.java:764)

08-05 07:27:22.039  5943  6115 I LSPosed-Bridge: 5943 PermLabel hookBinder_test 10142 interfaceBinder =android.content.pm.IPackageManager; arg0 = 34; arg1 = android.os.Parcel@13b5f16; arg2 = android.os.Parcel@2e2cb4c; arg3 = 0; res = true; stacktrace=java.lang.Exception

08-05 07:27:22.039  5943  6115 I LSPosed-Bridge: 5943 PermLabel hookBinder_test 10142 interfaceBinder =android.content.pm.IPackageManager; arg0 = 34; arg1 = android.os.Parcel@13b5f16; arg2 = android.os.Parcel@2e2cb4c; arg3 = 0; res = true; stacktrace=java.lang.Exception

08-05 07:27:22.039  5943  6115 I LSPosed-Bridge: 	at com.example.permlabel.hookBinder_test$1.afterHookedMethod(hookBinder_test.java:52)

08-05 07:27:22.039  5943  6115 I LSPosed-Bridge: 	at com.example.permlabel.hookBinder_test$1.afterHookedMethod(hookBinder_test.java:52)

08-05 07:27:22.039  5943  6115 I LSPosed-Bridge: 	at de.robv.android.xposed.XposedBridge$AdditionalHookInfo.callback(Unknown Source:147)

08-05 07:27:22.039  5943  6115 I LSPosed-Bridge: 	at de.robv.android.xposed.XposedBridge$AdditionalHookInfo.callback(Unknown Source:147)

08-05 07:27:22.039  5943  6115 I LSPosed-Bridge: 	at LSPHooker_.transact(Unknown Source:28)

08-05 07:27:22.039  5943  6115 I LSPosed-Bridge: 	at LSPHooker_.transact(Unknown Source:28)

08-05 07:27:22.039  5943  6115 I LSPosed-Bridge: 	at android.content.pm.IPackageManager$Stub$Proxy.getPackagesForUid(IPackageManager.java:3558)

08-05 07:27:22.039  5943  6115 I LSPosed-Bridge: 	at android.content.pm.IPackageManager$Stub$Proxy.getPackagesForUid(IPackageManager.java:3558)

08-05 07:27:22.039  5943  6115 I LSPosed-Bridge: 	at android.app.ApplicationPackageManager.getPackagesForUid(ApplicationPackageManager.java:731)

08-05 07:27:22.039  5943  6115 I LSPosed-Bridge: 	at android.app.ApplicationPackageManager.getPackagesForUid(ApplicationPackageManager.java:731)

08-05 07:27:22.050  5943  6115 I LSPosed-Bridge: 5943 PermLabel hookBinder_test 10142 interfaceBinder =android.content.pm.IPackageManager; arg0 = 34; arg1 = android.os.Parcel@2e2cb4c; arg2 = android.os.Parcel@d9cb973; arg3 = 0; res = true; stacktrace=java.lang.Exception

08-05 07:27:22.050  5943  6115 I LSPosed-Bridge: 	at com.example.permlabel.hookBinder_test$1.afterHookedMethod(hookBinder_test.java:52)

08-05 07:27:22.050  5943  6115 I LSPosed-Bridge: 	at de.robv.android.xposed.XposedBridge$AdditionalHookInfo.callback(Unknown Source:147)

08-05 07:27:22.050  5943  6115 I LSPosed-Bridge: 	at LSPHooker_.transact(Unknown Source:28)

08-05 07:27:22.050  5943  6115 I LSPosed-Bridge: 	at android.content.pm.IPackageManager$Stub$Proxy.getPackagesForUid(IPackageManager.java:3558)

08-05 07:27:22.050  5943  6115 I LSPosed-Bridge: 	at android.app.ApplicationPackageManager.getPackagesForUid(ApplicationPackageManager.java:731)

08-05 07:27:22.050  5943  5943 I LSPosed-Bridge: 5943 PermLabel 10142 ContextImpl.checkPermission: pid = 5943; uid = 10142; permName: android.permission.ACCESS_WIFI_STATE; type = 0; res = 0; stacktrace=java.lang.Exception

08-05 07:27:22.050  5943  5943 I LSPosed-Bridge: 	at com.example.permlabel.requestPerm$2.afterHookedMethod(requestPerm.java:207)

08-05 07:27:22.050  5943  5943 I LSPosed-Bridge: 	at de.robv.android.xposed.XposedBridge$AdditionalHookInfo.callback(Unknown Source:147)

08-05 07:27:22.050  5943  5943 I LSPosed-Bridge: 	at LSPHooker_.checkPermission(Unknown Source:25)

08-05 07:27:22.050  5943  5943 I LSPosed-Bridge: 	at android.app.ContextImpl.checkSelfPermission(ContextImpl.java:1801)

08-05 07:27:22.050  5943  5943 I LSPosed-Bridge: 	at android.content.ContextWrapper.checkSelfPermission(ContextWrapper.java:759)

08-05 07:27:22.050  5943  5943 I LSPosed-Bridge: 	at android.content.ContextWrapper.checkSelfPermission(ContextWrapper.java:759)

08-05 07:27:22.050  5943  5943 I LSPosed-Bridge: 	at com.autonavi.aps.amapapi.utils.i.c(SourceFile:19)

08-05 07:27:22.050  5943  5943 I LSPosed-Bridge: 	at com.amap.api.col.3sl.d.c(SourceFile:9)

08-05 07:27:22.050  5943  5943 I LSPosed-Bridge: 	at com.amap.api.col.3sl.d.a(SourceFile:72)

08-05 07:27:22.050  5943  5943 I LSPosed-Bridge: 	at com.amap.api.col.3sl.d.a(SourceFile:6)

08-05 07:27:22.050  5943  5943 I LSPosed-Bridge: 	at com.amap.api.col.3sl.d$c.handleMessage(SourceFile:18)

08-05 07:27:22.050  5943  5943 I LSPosed-Bridge: 	at android.os.Handler.dispatchMessage(Handler.java:106)

08-05 07:27:22.050  5943  5943 I LSPosed-Bridge: 	at android.os.Looper.loop(Looper.java:193)

08-05 07:27:22.050  5943  5943 I LSPosed-Bridge: 	at android.app.ActivityThread.main(ActivityThread.java:6692)

08-05 07:27:22.050  5943  5943 I LSPosed-Bridge: 	at java.lang.reflect.Method.invoke(Native Method)

08-05 07:27:22.050  5943  5943 I LSPosed-Bridge: 	at com.android.internal.os.RuntimeInit$MethodAndArgsCaller.run(RuntimeInit.java:493)

08-05 07:27:22.050  5943  5943 I LSPosed-Bridge: 	at com.android.internal.os.ZygoteInit.main(ZygoteInit.java:858)

08-05 07:27:22.050  5943 10170 I LSPosed-Bridge: 5943 PermLabel hookBinder_test 10142 interfaceBinder =android.content.pm.IPackageManager; arg0 = 9; arg1 = android.os.Parcel@b993383; arg2 = android.os.Parcel@dce986; arg3 = 0; res = true; stacktrace=java.lang.Exception

08-05 07:27:22.050  5943 10170 I LSPosed-Bridge: 	at com.example.permlabel.hookBinder_test$1.afterHookedMethod(hookBinder_test.java:52)

08-05 07:27:22.050  5943 10170 I LSPosed-Bridge: 	at de.robv.android.xposed.XposedBridge$AdditionalHookInfo.callback(Unknown Source:147)

08-05 07:27:22.050  5943 10170 I LSPosed-Bridge: 	at LSPHooker_.transact(Unknown Source:28)

08-05 07:27:22.050  5943 10170 I LSPosed-Bridge: 	at android.content.pm.IPackageManager$Stub$Proxy.getPermissionInfo(IPackageManager.java:3008)

08-05 07:27:22.050  5943 10170 I LSPosed-Bridge: 	at android.app.ApplicationPackageManager.getPermissionInfo(ApplicationPackageManager.java:306)

08-05 07:27:22.050  5943 10170 I LSPosed-Bridge: 	at com.example.permlabel.requestPerm$2.afterHookedMethod(requestPerm.java:173)

08-05 07:27:22.050  5943 10170 I LSPosed-Bridge: 	at de.robv.android.xposed.XposedBridge$AdditionalHookInfo.callback(Unknown Source:147)

08-05 07:27:22.050  5943 10170 I LSPosed-Bridge: 	at LSPHooker_.checkPermission(Unknown Source:25)

08-05 07:27:22.050  5943 10170 I LSPosed-Bridge: 	at android.app.ContextImpl.checkCallingOrSelfPermission(ContextImpl.java:1791)

08-05 07:27:22.050  5943 10170 I LSPosed-Bridge: 	at android.content.ContextWrapper.checkCallingOrSelfPermission(ContextWrapper.java:754)

08-05 07:27:22.050  5943 10170 I LSPosed-Bridge: 	at com.amap.api.col.3sl.ii.b(SourceFile:7)

08-05 07:27:22.050  5943 10170 I LSPosed-Bridge: 	at com.amap.api.col.3sl.ii.C(SourceFile:4)

08-05 07:27:22.050  5943 10170 I LSPosed-Bridge: 	at com.amap.api.col.3sl.ii.s(SourceFile:1)

08-05 07:27:22.050  5943 10170 I LSPosed-Bridge: 	at com.amap.api.col.3sl.ih.b(SourceFile:67)

08-05 07:27:22.050  5943 10170 I LSPosed-Bridge: 	at com.amap.api.col.3sl.ih.a(SourceFile:17)

08-05 07:27:22.050  5943 10170 I LSPosed-Bridge: 	at com.amap.api.col.3sl.kt.j(SourceFile:6)

08-05 07:27:22.050  5943 10170 I LSPosed-Bridge: 	at com.amap.api.col.3sl.kt.getEntityBytes(SourceFile:4)

08-05 07:27:22.050  5943 10170 I LSPosed-Bridge: 	at com.amap.api.col.3sl.kz.a(SourceFile:2)

08-05 07:27:22.050  5943 10170 I LSPosed-Bridge: 	at com.amap.api.col.3sl.kz.b(SourceFile:1)

08-05 07:27:22.050  5943 10170 I LSPosed-Bridge: 	at com.amap.api.col.3sl.kw.d(SourceFile:8)

08-05 07:27:22.050  5943 10170 I LSPosed-Bridge: 	at com.amap.api.col.3sl.kw.c(SourceFile:1)

08-05 07:27:22.050  5943 10170 I LSPosed-Bridge: 	at com.amap.api.col.3sl.ks.a(SourceFile:9)

08-05 07:27:22.050  5943 10170 I LSPosed-Bridge: 	at com.amap.api.col.3sl.ks.d(SourceFile:6)

08-05 07:27:22.050  5943 10170 I LSPosed-Bridge: 	at com.amap.api.col.3sl.ks.a(SourceFile:4)

08-05 07:27:22.050  5943 10170 I LSPosed-Bridge: 	at com.amap.api.col.3sl.if.a(SourceFile:23)

08-05 07:27:22.050  5943 10170 I LSPosed-Bridge: 	at com.amap.api.col.3sl.if.a(SourceFile:10)

08-05 07:27:22.050  5943 10170 I LSPosed-Bridge: 	at com.amap.api.col.3sl.if$1.runTask(SourceFile:5)

08-05 07:27:22.050  5943 10170 I LSPosed-Bridge: 	at com.amap.api.col.3sl.ma.run(SourceFile:2)

08-05 07:27:22.050  5943 10170 I LSPosed-Bridge: 	at java.util.concurrent.Executors$RunnableAdapter.call(Executors.java:458)

08-05 07:27:22.050  5943 10170 I LSPosed-Bridge: 	at java.util.concurrent.FutureTask.run(FutureTask.java:266)

08-05 07:27:22.050  5943 10170 I LSPosed-Bridge: 	at java.util.concurrent.ThreadPoolExecutor.runWorker(ThreadPoolExecutor.java:1167)

08-05 07:27:22.050  5943 10170 I LSPosed-Bridge: 	at java.util.concurrent.ThreadPoolExecutor$Worker.run(ThreadPoolExecutor.java:641)

08-05 07:27:22.050  5943 10170 I LSPosed-Bridge: 	at java.lang.Thread.run(Thread.java:764)

08-05 07:27:22.050  5943 10170 I LSPosed-Bridge: 5943 PermLabel 10142 ContextImpl Binder.getCallingPid() = 5943; Binder.getCallingUid() = 10142; permName: android.permission.READ_PHONE_STATE; res = -1; stacktrace=java.lang.Exception

08-05 07:27:22.050  5943 10170 I LSPosed-Bridge: 	at com.example.permlabel.requestPerm$2.afterHookedMethod(requestPerm.java:183)

08-05 07:27:22.050  5943 10170 I LSPosed-Bridge: 	at de.robv.android.xposed.XposedBridge$AdditionalHookInfo.callback(Unknown Source:147)

08-05 07:27:22.050  5943 10170 I LSPosed-Bridge: 	at LSPHooker_.checkPermission(Unknown Source:25)

08-05 07:27:22.050  5943 10170 I LSPosed-Bridge: 	at android.app.ContextImpl.checkCallingOrSelfPermission(ContextImpl.java:1791)

08-05 07:27:22.050  5943 10170 I LSPosed-Bridge: 	at android.content.ContextWrapper.checkCallingOrSelfPermission(ContextWrapper.java:754)

08-05 07:27:22.050  5943 10170 I LSPosed-Bridge: 	at com.amap.api.col.3sl.ii.b(SourceFile:7)

08-05 07:27:22.050  5943 10170 I LSPosed-Bridge: 	at com.amap.api.col.3sl.ii.C(SourceFile:4)

08-05 07:27:22.050  5943 10170 I LSPosed-Bridge: 	at com.amap.api.col.3sl.ii.s(SourceFile:1)

08-05 07:27:22.050  5943 10170 I LSPosed-Bridge: 	at com.amap.api.col.3sl.ih.b(SourceFile:67)

08-05 07:27:22.050  5943 10170 I LSPosed-Bridge: 	at com.amap.api.col.3sl.ih.a(SourceFile:17)

08-05 07:27:22.050  5943 10170 I LSPosed-Bridge: 	at com.amap.api.col.3sl.kt.j(SourceFile:6)

08-05 07:27:22.050  5943 10170 I LSPosed-Bridge: 	at com.amap.api.col.3sl.kt.getEntityBytes(SourceFile:4)

08-05 07:27:22.050  5943 10170 I LSPosed-Bridge: 	at com.amap.api.col.3sl.kz.a(SourceFile:2)

08-05 07:27:22.050  5943 10170 I LSPosed-Bridge: 	at com.amap.api.col.3sl.kz.b(SourceFile:1)

08-05 07:27:22.050  5943 10170 I LSPosed-Bridge: 	at com.amap.api.col.3sl.kw.d(SourceFile:8)

08-05 07:27:22.050  5943 10170 I LSPosed-Bridge: 	at com.amap.api.col.3sl.kw.c(SourceFile:1)

08-05 07:27:22.050  5943 10170 I LSPosed-Bridge: 	at com.amap.api.col.3sl.ks.a(SourceFile:9)

08-05 07:27:22.050  5943 10170 I LSPosed-Bridge: 	at com.amap.api.col.3sl.ks.d(SourceFile:6)

08-05 07:27:22.050  5943 10170 I LSPosed-Bridge: 	at com.amap.api.col.3sl.ks.a(SourceFile:4)

08-05 07:27:22.050  5943 10170 I LSPosed-Bridge: 	at com.amap.api.col.3sl.if.a(SourceFile:23)

08-05 07:27:22.050  5943 10170 I LSPosed-Bridge: 	at com.amap.api.col.3sl.if.a(SourceFile:10)

08-05 07:27:22.050  5943 10170 I LSPosed-Bridge: 	at com.amap.api.col.3sl.if$1.runTask(SourceFile:5)

08-05 07:27:22.050  5943 10170 I LSPosed-Bridge: 	at com.amap.api.col.3sl.ma.run(SourceFile:2)

08-05 07:27:22.050  5943 10170 I LSPosed-Bridge: 	at java.util.concurrent.Executors$RunnableAdapter.call(Executors.java:458)

08-05 07:27:22.050  5943 10170 I LSPosed-Bridge: 	at java.util.concurrent.FutureTask.run(FutureTask.java:266)

08-05 07:27:22.050  5943 10170 I LSPosed-Bridge: 	at java.util.concurrent.ThreadPoolExecutor.runWorker(ThreadPoolExecutor.java:1167)

08-05 07:27:22.050  5943 10170 I LSPosed-Bridge: 	at java.util.concurrent.ThreadPoolExecutor$Worker.run(ThreadPoolExecutor.java:641)

08-05 07:27:22.050  5943 10170 I LSPosed-Bridge: 	at java.lang.Thread.run(Thread.java:764)

08-05 07:27:22.050  5943  6115 I LSPosed-Bridge: 5943 PermLabel hookBinder_test 10142 interfaceBinder =android.content.pm.IPackageManager; arg0 = 34; arg1 = android.os.Parcel@b63185a; arg2 = android.os.Parcel@13b5f16; arg3 = 0; res = true; stacktrace=java.lang.Exception

08-05 07:27:22.050  5943  6115 I LSPosed-Bridge: 	at com.example.permlabel.hookBinder_test$1.afterHookedMethod(hookBinder_test.java:52)

08-05 07:27:22.050  5943  6115 I LSPosed-Bridge: 	at de.robv.android.xposed.XposedBridge$AdditionalHookInfo.callback(Unknown Source:147)

08-05 07:27:22.050  5943  6115 I LSPosed-Bridge: 	at LSPHooker_.transact(Unknown Source:28)

08-05 07:27:22.050  5943  6115 I LSPosed-Bridge: 	at android.content.pm.IPackageManager$Stub$Proxy.getPackagesForUid(IPackageManager.java:3558)

08-05 07:27:22.050  5943  6115 I LSPosed-Bridge: 	at android.app.ApplicationPackageManager.getPackagesForUid(ApplicationPackageManager.java:731)

08-05 07:27:22.051  5943 10170 I LSPosed-Bridge: 5943 PermLabel 10142 ContextImpl.checkPermission: pid = 5943; uid = 10142; permName: android.permission.READ_PHONE_STATE; type = 1; res = -1; stacktrace=java.lang.Exception

08-05 07:27:22.051  5943 10170 I LSPosed-Bridge: 	at com.example.permlabel.requestPerm$2.afterHookedMethod(requestPerm.java:207)

08-05 07:27:22.051  5943 10170 I LSPosed-Bridge: 	at de.robv.android.xposed.XposedBridge$AdditionalHookInfo.callback(Unknown Source:147)

08-05 07:27:22.051  5943 10170 I LSPosed-Bridge: 	at LSPHooker_.checkPermission(Unknown Source:25)

08-05 07:27:22.051  5943 10170 I LSPosed-Bridge: 	at android.app.ContextImpl.checkCallingOrSelfPermission(ContextImpl.java:1791)

08-05 07:27:22.051  5943 10170 I LSPosed-Bridge: 	at android.content.ContextWrapper.checkCallingOrSelfPermission(ContextWrapper.java:754)

08-05 07:27:22.051  5943 10170 I LSPosed-Bridge: 	at com.amap.api.col.3sl.ii.b(SourceFile:7)

08-05 07:27:22.051  5943 10170 I LSPosed-Bridge: 	at com.amap.api.col.3sl.ii.C(SourceFile:4)

08-05 07:27:22.051  5943 10170 I LSPosed-Bridge: 	at com.amap.api.col.3sl.ii.s(SourceFile:1)

08-05 07:27:22.051  5943 10170 I LSPosed-Bridge: 	at com.amap.api.col.3sl.ih.b(SourceFile:67)

08-05 07:27:22.051  5943 10170 I LSPosed-Bridge: 	at com.amap.api.col.3sl.ih.a(SourceFile:17)

08-05 07:27:22.051  5943 10170 I LSPosed-Bridge: 	at com.amap.api.col.3sl.kt.j(SourceFile:6)

08-05 07:27:22.051  5943 10170 I LSPosed-Bridge: 	at com.amap.api.col.3sl.kt.getEntityBytes(SourceFile:4)

08-05 07:27:22.051  5943 10170 I LSPosed-Bridge: 	at com.amap.api.col.3sl.kz.a(SourceFile:2)

08-05 07:27:22.051  5943 10170 I LSPosed-Bridge: 	at com.amap.api.col.3sl.kz.b(SourceFile:1)

08-05 07:27:22.051  5943 10170 I LSPosed-Bridge: 	at com.amap.api.col.3sl.kw.d(SourceFile:8)

08-05 07:27:22.051  5943 10170 I LSPosed-Bridge: 	at com.amap.api.col.3sl.kw.c(SourceFile:1)

08-05 07:27:22.051  5943 10170 I LSPosed-Bridge: 	at com.amap.api.col.3sl.ks.a(SourceFile:9)

08-05 07:27:22.051  5943 10170 I LSPosed-Bridge: 	at com.amap.api.col.3sl.ks.d(SourceFile:6)

08-05 07:27:22.051  5943 10170 I LSPosed-Bridge: 	at com.amap.api.col.3sl.ks.a(SourceFile:4)

08-05 07:27:22.051  5943 10170 I LSPosed-Bridge: 	at com.amap.api.col.3sl.if.a(SourceFile:23)

08-05 07:27:22.051  5943 10170 I LSPosed-Bridge: 	at com.amap.api.col.3sl.if.a(SourceFile:10)

08-05 07:27:22.051  5943 10170 I LSPosed-Bridge: 	at com.amap.api.col.3sl.if$1.runTask(SourceFile:5)

08-05 07:27:22.051  5943 10170 I LSPosed-Bridge: 	at com.amap.api.col.3sl.ma.run(SourceFile:2)

08-05 07:27:22.051  5943 10170 I LSPosed-Bridge: 	at java.util.concurrent.Executors$RunnableAdapter.call(Executors.java:458)

08-05 07:27:22.051  5943 10170 I LSPosed-Bridge: 	at java.util.concurrent.FutureTask.run(FutureTask.java:266)

08-05 07:27:22.051  5943 10170 I LSPosed-Bridge: 	at java.util.concurrent.ThreadPoolExecutor.runWorker(ThreadPoolExecutor.java:1167)

08-05 07:27:22.051  5943 10170 I LSPosed-Bridge: 	at java.util.concurrent.ThreadPoolExecutor$Worker.run(ThreadPoolExecutor.java:641)

08-05 07:27:22.051  5943 10170 I LSPosed-Bridge: 	at java.lang.Thread.run(Thread.java:764)

08-05 07:27:22.051  5943  6115 I LSPosed-Bridge: 5943 PermLabel hookBinder_test 10142 interfaceBinder =android.content.pm.IPackageManager; arg0 = 34; arg1 = android.os.Parcel@dce986; arg2 = android.os.Parcel@b993383; arg3 = 0; res = true; stacktrace=java.lang.Exception

08-05 07:27:22.051  5943  6115 I LSPosed-Bridge: 	at com.example.permlabel.hookBinder_test$1.afterHookedMethod(hookBinder_test.java:52)

08-05 07:27:22.051  5943  6115 I LSPosed-Bridge: 	at de.robv.android.xposed.XposedBridge$AdditionalHookInfo.callback(Unknown Source:147)

08-05 07:27:22.051  5943  6115 I LSPosed-Bridge: 	at LSPHooker_.transact(Unknown Source:28)

08-05 07:27:22.051  5943  6115 I LSPosed-Bridge: 	at android.content.pm.IPackageManager$Stub$Proxy.getPackagesForUid(IPackageManager.java:3558)

08-05 07:27:22.051  5943  6115 I LSPosed-Bridge: 	at android.app.ApplicationPackageManager.getPackagesForUid(ApplicationPackageManager.java:731)

08-05 07:27:22.051  1509  5403 I LSPosed-Bridge: 5943 PermLabel 10142 AMS.checkPermission: Binder.getCallingPid() = 5943; uid = 10142; Binder.getCallingUid() = 10142; getNameForUid: com.wodan.xianshijian; getPackagesForUid: [com.wodan.xianshijian]; permName: android.permission.CHANGE_WIFI_STATE; type = 0; res = 0; stacktrace=java.lang.Exception

08-05 07:27:22.051  1509  5403 I LSPosed-Bridge: 	at com.example.permlabel.requirePerm$1$2.afterHookedMethod(requirePerm.java:121)

08-05 07:27:22.051  1509  5403 I LSPosed-Bridge: 	at de.robv.android.xposed.XposedBridge$AdditionalHookInfo.callback(Unknown Source:147)

08-05 07:27:22.051  1509  5403 I LSPosed-Bridge: 	at LSPHooker_.checkPermission(Unknown Source:25)

08-05 07:27:22.051  1509  5403 I LSPosed-Bridge: 	at android.app.IActivityManager$Stub.onTransact(IActivityManager.java:664)

08-05 07:27:22.051  1509  5403 I LSPosed-Bridge: 	at com.android.server.am.ActivityManagerService.onTransact(ActivityManagerService.java:3346)

08-05 07:27:22.051  1509  5403 I LSPosed-Bridge: 	at android.os.Binder.execTransact(Binder.java:731)

08-05 07:27:22.051  5943  6115 I LSPosed-Bridge: 5943 PermLabel hookBinder_test 10142 interfaceBinder =android.content.pm.IPackageManager; arg0 = 34; arg1 = android.os.Parcel@b993383; arg2 = android.os.Parcel@dce986; arg3 = 0; res = true; stacktrace=java.lang.Exception

08-05 07:27:22.051  5943  6115 I LSPosed-Bridge: 	at com.example.permlabel.hookBinder_test$1.afterHookedMethod(hookBinder_test.java:52)

08-05 07:27:22.051  5943  6115 I LSPosed-Bridge: 	at de.robv.android.xposed.XposedBridge$AdditionalHookInfo.callback(Unknown Source:147)

08-05 07:27:22.051  5943  6115 I LSPosed-Bridge: 	at LSPHooker_.transact(Unknown Source:28)

08-05 07:27:22.051  5943  6115 I LSPosed-Bridge: 	at android.content.pm.IPackageManager$Stub$Proxy.getPackagesForUid(IPackageManager.java:3558)

08-05 07:27:22.051  5943  6115 I LSPosed-Bridge: 	at android.app.ApplicationPackageManager.getPackagesForUid(ApplicationPackageManager.java:731)

08-05 07:27:22.051  5943  5943 I LSPosed-Bridge: 5943 PermLabel hookBinder_test 10142 interfaceBinder =android.app.IActivityManager; arg0 = 49; arg1 = android.os.Parcel@d9cb973; arg2 = android.os.Parcel@2e2cb4c; arg3 = 0; res = true; stacktrace=java.lang.Exception

08-05 07:27:22.051  5943  5943 I LSPosed-Bridge: 	at com.example.permlabel.hookBinder_test$1.afterHookedMethod(hookBinder_test.java:52)

08-05 07:27:22.051  5943  5943 I LSPosed-Bridge: 	at de.robv.android.xposed.XposedBridge$AdditionalHookInfo.callback(Unknown Source:147)

08-05 07:27:22.051  5943  5943 I LSPosed-Bridge: 	at LSPHooker_.transact(Unknown Source:28)

08-05 07:27:22.051  5943  5943 I LSPosed-Bridge: 	at android.app.IActivityManager$Stub$Proxy.checkPermission(IActivityManager.java:4722)

08-05 07:27:22.051  5943  5943 I LSPosed-Bridge: 	at android.app.ContextImpl.checkPermission(ContextImpl.java:1751)

08-05 07:27:22.051  5943  5943 I LSPosed-Bridge: 	at java.lang.reflect.Method.invoke(Native Method)

08-05 07:27:22.051  5943  5943 I LSPosed-Bridge: 	at org.lsposed.lspd.nativebridge.HookBridge.invokeOriginalMethod(Native Method)

08-05 07:27:22.051  5943  5943 I LSPosed-Bridge: 	at de.robv.android.xposed.XposedBridge$AdditionalHookInfo.callback(Unknown Source:110)

08-05 07:27:22.051  5943  5943 I LSPosed-Bridge: 	at LSPHooker_.checkPermission(Unknown Source:25)

08-05 07:27:22.051  5943  5943 I LSPosed-Bridge: 	at android.app.ContextImpl.checkSelfPermission(ContextImpl.java:1801)

08-05 07:27:22.051  5943  5943 I LSPosed-Bridge: 	at android.content.ContextWrapper.checkSelfPermission(ContextWrapper.java:759)

08-05 07:27:22.051  5943  5943 I LSPosed-Bridge: 	at android.content.ContextWrapper.checkSelfPermission(ContextWrapper.java:759)

08-05 07:27:22.051  5943  5943 I LSPosed-Bridge: 	at com.autonavi.aps.amapapi.utils.i.c(SourceFile:19)

08-05 07:27:22.051  5943  5943 I LSPosed-Bridge: 	at com.amap.api.col.3sl.d.c(SourceFile:10)

08-05 07:27:22.051  5943  5943 I LSPosed-Bridge: 	at com.amap.api.col.3sl.d.a(SourceFile:72)

08-05 07:27:22.051  5943  5943 I LSPosed-Bridge: 	at com.amap.api.col.3sl.d.a(SourceFile:6)

08-05 07:27:22.051  5943  5943 I LSPosed-Bridge: 	at com.amap.api.col.3sl.d$c.handleMessage(SourceFile:18)

08-05 07:27:22.051  5943  5943 I LSPosed-Bridge: 	at android.os.Handler.dispatchMessage(Handler.java:106)

08-05 07:27:22.051  5943  5943 I LSPosed-Bridge: 	at android.os.Looper.loop(Looper.java:193)

08-05 07:27:22.051  5943  5943 I LSPosed-Bridge: 	at android.app.ActivityThread.main(ActivityThread.java:6692)

08-05 07:27:22.051  5943  5943 I LSPosed-Bridge: 	at java.lang.reflect.Method.invoke(Native Method)

08-05 07:27:22.051  5943  5943 I LSPosed-Bridge: 	at com.android.internal.os.RuntimeInit$MethodAndArgsCaller.run(RuntimeInit.java:493)

08-05 07:27:22.051  5943  5943 I LSPosed-Bridge: 	at com.android.internal.os.ZygoteInit.main(ZygoteInit.java:858)

