08-05 20:46:37.989  5744  7934 I LSPosed-Bridge: 	at com.kuaishou.weapon.p0.bg.d(Unknown Source:4)

08-05 20:46:37.989  5744  7934 I LSPosed-Bridge: 	at com.kuaishou.weapon.p0.bv.a(Unknown Source:213)

08-05 20:46:37.989  5744  7934 I LSPosed-Bridge: 	at com.kuaishou.weapon.p0.bv.a(Unknown Source:21)

08-05 20:46:37.989  5744  7934 I LSPosed-Bridge: 	at com.kuaishou.weapon.p0.db$1.run(Unknown Source:97)

08-05 20:46:37.989  5744  7934 I LSPosed-Bridge: 	at java.util.concurrent.ThreadPoolExecutor.runWorker(ThreadPoolExecutor.java:1167)

08-05 20:46:37.989  5744  7934 I LSPosed-Bridge: 	at java.util.concurrent.ThreadPoolExecutor$Worker.run(ThreadPoolExecutor.java:641)

08-05 20:46:37.989  5744  7934 I LSPosed-Bridge: 	at java.lang.Thread.run(Thread.java:764)

08-05 20:46:37.992  5744  7934 I LSPosed-Bridge: 5744 PermLabel 10131 ContextImpl.checkPermission: pid = 5744; uid = 10131; permName: android.permission.READ_PHONE_STATE; type = 1; res = -1; stacktrace=java.lang.Exception

08-05 20:46:37.992  5744  7934 I LSPosed-Bridge: 	at com.example.permlabel.requestPerm$2.afterHookedMethod(requestPerm.java:225)

08-05 20:46:37.992  5744  7934 I LSPosed-Bridge: 	at de.robv.android.xposed.XposedBridge$AdditionalHookInfo.callback(Unknown Source:147)

08-05 20:46:37.992  5744  7934 I LSPosed-Bridge: 	at LSPHooker_.checkPermission(Unknown Source:25)

08-05 20:46:37.992  5744  7934 I LSPosed-Bridge: 	at android.content.ContextWrapper.checkPermission(ContextWrapper.java:738)

08-05 20:46:37.992  5744  7934 I LSPosed-Bridge: 	at com.kwad.sdk.utils.SystemUtil.b(Unknown Source:17)

08-05 20:46:37.992  5744  7934 I LSPosed-Bridge: 	at com.kwad.sdk.utils.SystemUtil.cZ(Unknown Source:14)

08-05 20:46:37.992  5744  7934 I LSPosed-Bridge: 	at com.kwad.sdk.utils.be.cB(Unknown Source:17)

08-05 20:46:37.992  5744  7934 I LSPosed-Bridge: 	at com.kwad.sdk.utils.au.h(Unknown Source:0)

08-05 20:46:37.992  5744  7934 I LSPosed-Bridge: 	at com.kwad.sdk.utils.au.o(Unknown Source:1)

08-05 20:46:37.992  5744  7934 I LSPosed-Bridge: 	at com.kwad.sdk.utils.au$1.Fs(Unknown Source:28)

08-05 20:46:37.992  5744  7934 I LSPosed-Bridge: 	at com.kwad.sdk.f.b.Fs(Unknown Source:4)

08-05 20:46:37.992  5744  7934 I LSPosed-Bridge: 	at com.kuaishou.weapon.p0.bg.d(Unknown Source:4)

08-05 20:46:37.992  5744  7934 I LSPosed-Bridge: 	at com.kuaishou.weapon.p0.bv.a(Unknown Source:213)

08-05 20:46:37.992  5744  7934 I LSPosed-Bridge: 	at com.kuaishou.weapon.p0.bv.a(Unknown Source:21)

08-05 20:46:37.992  5744  7934 I LSPosed-Bridge: 	at com.kuaishou.weapon.p0.db$1.run(Unknown Source:97)

08-05 20:46:37.992  5744  7934 I LSPosed-Bridge: 	at java.util.concurrent.ThreadPoolExecutor.runWorker(ThreadPoolExecutor.java:1167)

08-05 20:46:37.992  5744  7934 I LSPosed-Bridge: 	at java.util.concurrent.ThreadPoolExecutor$Worker.run(ThreadPoolExecutor.java:641)

08-05 20:46:37.992  5744  7934 I LSPosed-Bridge: 	at java.lang.Thread.run(Thread.java:764)

08-05 20:46:38.021  5744  7934 I LSPosed-Bridge: 5744 PermLabel hookBinder_test 10131 interfaceBinder =android.content.pm.IPackageManager; arg0 = 9; arg1 = android.os.Parcel@c1d6e5b; arg2 = android.os.Parcel@93032c3; arg3 = 0; res = true; stacktrace=java.lang.Exception

08-05 20:46:38.021  5744  7934 I LSPosed-Bridge: 	at com.example.permlabel.hookBinder_test$1.afterHookedMethod(hookBinder_test.java:70)

08-05 20:46:38.021  5744  7934 I LSPosed-Bridge: 	at de.robv.android.xposed.XposedBridge$AdditionalHookInfo.callback(Unknown Source:147)

08-05 20:46:38.021  5744  7934 I LSPosed-Bridge: 	at LSPHooker_.transact(Unknown Source:28)

08-05 20:46:38.021  5744  7934 I LSPosed-Bridge: 	at android.content.pm.IPackageManager$Stub$Proxy.getPermissionInfo(IPackageManager.java:3008)

08-05 20:46:38.021  5744  7934 I LSPosed-Bridge: 	at android.app.ApplicationPackageManager.getPermissionInfo(ApplicationPackageManager.java:306)

08-05 20:46:38.021  5744  7934 I LSPosed-Bridge: 	at com.example.permlabel.requestPerm$2.afterHookedMethod(requestPerm.java:191)

08-05 20:46:38.021  5744  7934 I LSPosed-Bridge: 	at de.robv.android.xposed.XposedBridge$AdditionalHookInfo.callback(Unknown Source:147)

08-05 20:46:38.021  5744  7934 I LSPosed-Bridge: 	at LSPHooker_.checkPermission(Unknown Source:25)

08-05 20:46:38.021  5744  7934 I LSPosed-Bridge: 	at android.content.ContextWrapper.checkPermission(ContextWrapper.java:738)

08-05 20:46:38.021  5744  7934 I LSPosed-Bridge: 	at androidx.core.content.ContextCompat.checkSelfPermission(ContextCompat.java:1)

08-05 20:46:38.021  5744  7934 I LSPosed-Bridge: 	at com.kwad.sdk.utils.r.a(Unknown Source:3)

08-05 20:46:38.021  5744  7934 I LSPosed-Bridge: 	at com.kwad.sdk.utils.r.bW(Unknown Source:68)

08-05 20:46:38.021  5744  7934 I LSPosed-Bridge: 	at com.kwad.sdk.utils.au.cI(Unknown Source:0)

08-05 20:46:38.021  5744  7934 I LSPosed-Bridge: 	at com.kwad.sdk.utils.au.s(Unknown Source:0)

08-05 20:46:38.021  5744  7934 I LSPosed-Bridge: 	at com.kwad.sdk.utils.au$1.getLocation(Unknown Source:3)

08-05 20:46:38.021  5744  7934 I LSPosed-Bridge: 	at com.kwad.sdk.f.b.getLocation(Unknown Source:4)

08-05 20:46:38.021  5744  7934 I LSPosed-Bridge: 	at com.kuaishou.weapon.p0.bg.b(Unknown Source:6)

08-05 20:46:38.021  5744  7934 I LSPosed-Bridge: 	at com.kuaishou.weapon.p0.bv.a(Unknown Source:365)

08-05 20:46:38.021  5744  7934 I LSPosed-Bridge: 	at com.kuaishou.weapon.p0.bv.a(Unknown Source:21)

08-05 20:46:38.021  5744  7934 I LSPosed-Bridge: 	at com.kuaishou.weapon.p0.db$1.run(Unknown Source:97)

08-05 20:46:38.021  5744  7934 I LSPosed-Bridge: 	at java.util.concurrent.ThreadPoolExecutor.runWorker(ThreadPoolExecutor.java:1167)

08-05 20:46:38.021  5744  7934 I LSPosed-Bridge: 	at java.util.concurrent.ThreadPoolExecutor$Worker.run(ThreadPoolExecutor.java:641)

08-05 20:46:38.021  5744  7934 I LSPosed-Bridge: 	at java.lang.Thread.run(Thread.java:764)

08-05 20:46:38.021  5744  7945 I LSPosed-Bridge: 5744 PermLabel hookBinder_test 10131 interfaceBinder =android.content.pm.IPackageManager; arg0 = 9; arg1 = android.os.Parcel@14505ab; arg2 = android.os.Parcel@8c4353e; arg3 = 0; res = true; stacktrace=java.lang.Exception

08-05 20:46:38.021  5744  7945 I LSPosed-Bridge: 	at com.example.permlabel.hookBinder_test$1.afterHookedMethod(hookBinder_test.java:70)

08-05 20:46:38.021  5744  7945 I LSPosed-Bridge: 	at de.robv.android.xposed.XposedBridge$AdditionalHookInfo.callback(Unknown Source:147)

08-05 20:46:38.021  5744  7945 I LSPosed-Bridge: 	at LSPHooker_.transact(Unknown Source:28)

08-05 20:46:38.021  5744  7945 I LSPosed-Bridge: 	at android.content.pm.IPackageManager$Stub$Proxy.getPermissionInfo(IPackageManager.java:3008)

08-05 20:46:38.021  5744  7945 I LSPosed-Bridge: 	at android.app.ApplicationPackageManager.getPermissionInfo(ApplicationPackageManager.java:306)

08-05 20:46:38.021  5744  7945 I LSPosed-Bridge: 	at com.example.permlabel.requestPerm$2.afterHookedMethod(requestPerm.java:191)

08-05 20:46:38.021  5744  7945 I LSPosed-Bridge: 	at de.robv.android.xposed.XposedBridge$AdditionalHookInfo.callback(Unknown Source:147)

08-05 20:46:38.021  5744  7945 I LSPosed-Bridge: 	at LSPHooker_.checkPermission(Unknown Source:25)

08-05 20:46:38.021  5744  7945 I LSPosed-Bridge: 	at android.content.ContextWrapper.checkPermission(ContextWrapper.java:738)

08-05 20:46:38.021  5744  7945 I LSPosed-Bridge: 	at com.kwad.sdk.utils.SystemUtil.b(Unknown Source:17)

08-05 20:46:38.021  5744  7945 I LSPosed-Bridge: 	at com.kwad.sdk.utils.SystemUtil.cZ(Unknown Source:14)

08-05 20:46:38.021  5744  7945 I LSPosed-Bridge: 	at com.kwad.sdk.utils.be.cB(Unknown Source:17)

08-05 20:46:38.021  5744  7945 I LSPosed-Bridge: 	at com.kwad.sdk.utils.au.h(Unknown Source:0)

08-05 20:46:38.021  5744  7945 I LSPosed-Bridge: 	at com.kwad.sdk.utils.au.o(Unknown Source:1)

08-05 20:46:38.021  5744  7945 I LSPosed-Bridge: 	at com.kwad.sdk.utils.au$1.Fs(Unknown Source:10)

08-05 20:46:38.021  5744  7945 I LSPosed-Bridge: 	at com.kwad.sdk.f.b.Fs(Unknown Source:4)

08-05 20:46:38.021  5744  7945 I LSPosed-Bridge: 	at com.kuaishou.weapon.p0.bg.d(Unknown Source:4)

08-05 20:46:38.021  5744  7945 I LSPosed-Bridge: 	at com.kuaishou.weapon.p0.cm.a(Unknown Source:141)

08-05 20:46:38.021  5744  7945 I LSPosed-Bridge: 	at com.kuaishou.weapon.p0.cm.a(Unknown Source:17)

08-05 20:46:38.021  5744  7945 I LSPosed-Bridge: 	at com.kuaishou.weapon.p0.dc$1.run(Unknown Source:130)

08-05 20:46:38.021  5744  7945 I LSPosed-Bridge: 	at java.util.concurrent.ThreadPoolExecutor.runWorker(ThreadPoolExecutor.java:1167)

08-05 20:46:38.021  5744  7945 I LSPosed-Bridge: 	at java.util.concurrent.ThreadPoolExecutor$Worker.run(ThreadPoolExecutor.java:641)

08-05 20:46:38.021  5744  7945 I LSPosed-Bridge: 	at java.lang.Thread.run(Thread.java:764)

08-05 20:46:38.021  5744  7934 I LSPosed-Bridge: 5744 PermLabel 10131 ContextImpl.checkPermission: pid = 5744; uid = 10131; permName: android.permission.ACCESS_FINE_LOCATION; type = 1; res = -1; stacktrace=java.lang.Exception

08-05 20:46:38.021  5744  7934 I LSPosed-Bridge: 	at com.example.permlabel.requestPerm$2.afterHookedMethod(requestPerm.java:225)

08-05 20:46:38.021  5744  7934 I LSPosed-Bridge: 	at de.robv.android.xposed.XposedBridge$AdditionalHookInfo.callback(Unknown Source:147)

08-05 20:46:38.021  5744  7934 I LSPosed-Bridge: 	at LSPHooker_.checkPermission(Unknown Source:25)

08-05 20:46:38.021  5744  7934 I LSPosed-Bridge: 	at android.content.ContextWrapper.checkPermission(ContextWrapper.java:738)

08-05 20:46:38.021  5744  7934 I LSPosed-Bridge: 	at androidx.core.content.ContextCompat.checkSelfPermission(ContextCompat.java:1)

08-05 20:46:38.021  5744  7934 I LSPosed-Bridge: 	at com.kwad.sdk.utils.r.a(Unknown Source:3)

08-05 20:46:38.021  5744  7934 I LSPosed-Bridge: 	at com.kwad.sdk.utils.r.bW(Unknown Source:68)

08-05 20:46:38.021  5744  7934 I LSPosed-Bridge: 	at com.kwad.sdk.utils.au.cI(Unknown Source:0)

08-05 20:46:38.021  5744  7934 I LSPosed-Bridge: 	at com.kwad.sdk.utils.au.s(Unknown Source:0)

08-05 20:46:38.021  5744  7934 I LSPosed-Bridge: 	at com.kwad.sdk.utils.au$1.getLocation(Unknown Source:3)

08-05 20:46:38.021  5744  7934 I LSPosed-Bridge: 	at com.kwad.sdk.f.b.getLocation(Unknown Source:4)

08-05 20:46:38.021  5744  7934 I LSPosed-Bridge: 	at com.kuaishou.weapon.p0.bg.b(Unknown Source:6)

08-05 20:46:38.021  5744  7934 I LSPosed-Bridge: 	at com.kuaishou.weapon.p0.bv.a(Unknown Source:365)

08-05 20:46:38.021  5744  7934 I LSPosed-Bridge: 	at com.kuaishou.weapon.p0.bv.a(Unknown Source:21)

08-05 20:46:38.021  5744  7934 I LSPosed-Bridge: 	at com.kuaishou.weapon.p0.db$1.run(Unknown Source:97)

08-05 20:46:38.021  5744  7934 I LSPosed-Bridge: 	at java.util.concurrent.ThreadPoolExecutor.runWorker(ThreadPoolExecutor.java:1167)

08-05 20:46:38.021  5744  7934 I LSPosed-Bridge: 	at java.util.concurrent.ThreadPoolExecutor$Worker.run(ThreadPoolExecutor.java:641)

08-05 20:46:38.021  5744  7934 I LSPosed-Bridge: 	at java.lang.Thread.run(Thread.java:764)

08-05 20:46:38.021  5744  7945 I LSPosed-Bridge: 5744 PermLabel 10131 ContextImpl Binder.getCallingPid() = 5744; Binder.getCallingUid() = 10131; permName: android.permission.READ_PHONE_STATE; res = -1; stacktrace=java.lang.Exception

08-05 20:46:38.021  5744  7945 I LSPosed-Bridge: 	at com.example.permlabel.requestPerm$2.afterHookedMethod(requestPerm.java:201)

08-05 20:46:38.021  5744  7945 I LSPosed-Bridge: 	at de.robv.android.xposed.XposedBridge$AdditionalHookInfo.callback(Unknown Source:147)

08-05 20:46:38.021  5744  7945 I LSPosed-Bridge: 	at LSPHooker_.checkPermission(Unknown Source:25)

08-05 20:46:38.021  5744  7945 I LSPosed-Bridge: 	at android.content.ContextWrapper.checkPermission(ContextWrapper.java:738)

08-05 20:46:38.021  5744  7945 I LSPosed-Bridge: 	at com.kwad.sdk.utils.SystemUtil.b(Unknown Source:17)

08-05 20:46:38.021  5744  7945 I LSPosed-Bridge: 	at com.kwad.sdk.utils.SystemUtil.cZ(Unknown Source:14)

08-05 20:46:38.021  5744  7945 I LSPosed-Bridge: 	at com.kwad.sdk.utils.be.cB(Unknown Source:17)

08-05 20:46:38.021  5744  7945 I LSPosed-Bridge: 	at com.kwad.sdk.utils.au.h(Unknown Source:0)

08-05 20:46:38.021  5744  7945 I LSPosed-Bridge: 	at com.kwad.sdk.utils.au.o(Unknown Source:1)

08-05 20:46:38.021  5744  7945 I LSPosed-Bridge: 	at com.kwad.sdk.utils.au$1.Fs(Unknown Source:10)

08-05 20:46:38.021  5744  7945 I LSPosed-Bridge: 	at com.kwad.sdk.f.b.Fs(Unknown Source:4)

08-05 20:46:38.021  5744  7945 I LSPosed-Bridge: 	at com.kuaishou.weapon.p0.bg.d(Unknown Source:4)

08-05 20:46:38.021  5744  7945 I LSPosed-Bridge: 	at com.kuaishou.weapon.p0.cm.a(Unknown Source:141)

08-05 20:46:38.021  5744  7945 I LSPosed-Bridge: 	at com.kuaishou.weapon.p0.cm.a(Unknown Source:17)

08-05 20:46:38.021  5744  7945 I LSPosed-Bridge: 	at com.kuaishou.weapon.p0.dc$1.run(Unknown Source:130)

08-05 20:46:38.021  5744  7945 I LSPosed-Bridge: 	at java.util.concurrent.ThreadPoolExecutor.runWorker(ThreadPoolExecutor.java:1167)

08-05 20:46:38.021  5744  7945 I LSPosed-Bridge: 	at java.util.concurrent.ThreadPoolExecutor$Worker.run(ThreadPoolExecutor.java:641)

08-05 20:46:38.021  5744  7945 I LSPosed-Bridge: 	at java.lang.Thread.run(Thread.java:764)

08-05 20:46:38.022  5744  7945 I LSPosed-Bridge: 5744 PermLabel 10131 ContextImpl.checkPermission: pid = 5744; uid = 10131; permName: android.permission.READ_PHONE_STATE; type = 1; res = -1; stacktrace=java.lang.Exception

08-05 20:46:38.022  5744  7945 I LSPosed-Bridge: 	at com.example.permlabel.requestPerm$2.afterHookedMethod(requestPerm.java:225)

08-05 20:46:38.022  5744  7945 I LSPosed-Bridge: 	at de.robv.android.xposed.XposedBridge$AdditionalHookInfo.callback(Unknown Source:147)

08-05 20:46:38.022  5744  7945 I LSPosed-Bridge: 	at LSPHooker_.checkPermission(Unknown Source:25)

08-05 20:46:38.022  5744  7945 I LSPosed-Bridge: 	at android.content.ContextWrapper.checkPermission(ContextWrapper.java:738)

08-05 20:46:38.022  5744  7945 I LSPosed-Bridge: 	at com.kwad.sdk.utils.SystemUtil.b(Unknown Source:17)

08-05 20:46:38.022  5744  7945 I LSPosed-Bridge: 	at com.kwad.sdk.utils.SystemUtil.cZ(Unknown Source:14)

08-05 20:46:38.022  5744  7945 I LSPosed-Bridge: 	at com.kwad.sdk.utils.be.cB(Unknown Source:17)

08-05 20:46:38.022  5744  7945 I LSPosed-Bridge: 	at com.kwad.sdk.utils.au.h(Unknown Source:0)

08-05 20:46:38.022  5744  7945 I LSPosed-Bridge: 	at com.kwad.sdk.utils.au.o(Unknown Source:1)

08-05 20:46:38.022  5744  7945 I LSPosed-Bridge: 	at com.kwad.sdk.utils.au$1.Fs(Unknown Source:10)

08-05 20:46:38.022  5744  7945 I LSPosed-Bridge: 	at com.kwad.sdk.f.b.Fs(Unknown Source:4)

08-05 20:46:38.022  5744  7945 I LSPosed-Bridge: 	at com.kuaishou.weapon.p0.bg.d(Unknown Source:4)

08-05 20:46:38.022  5744  7945 I LSPosed-Bridge: 	at com.kuaishou.weapon.p0.cm.a(Unknown Source:141)

08-05 20:46:38.022  5744  7945 I LSPosed-Bridge: 	at com.kuaishou.weapon.p0.cm.a(Unknown Source:17)

08-05 20:46:38.022  5744  7945 I LSPosed-Bridge: 	at com.kuaishou.weapon.p0.dc$1.run(Unknown Source:130)

08-05 20:46:38.022  5744  7945 I LSPosed-Bridge: 	at java.util.concurrent.ThreadPoolExecutor.runWorker(ThreadPoolExecutor.java:1167)

08-05 20:46:38.022  5744  7945 I LSPosed-Bridge: 	at java.util.concurrent.ThreadPoolExecutor$Worker.run(ThreadPoolExecutor.java:641)

08-05 20:46:38.022  5744  7945 I LSPosed-Bridge: 	at java.lang.Thread.run(Thread.java:764)

08-05 20:46:38.022  5744  7934 I LSPosed-Bridge: 5744 PermLabel hookBinder_test 10131 interfaceBinder =android.location.ILocationManager; arg0 = 31; arg1 = android.os.Parcel@93032c3; arg2 = android.os.Parcel@c1d6e5b; arg3 = 0; res = true; stacktrace=java.lang.Exception

08-05 20:46:38.022  5744  7934 I LSPosed-Bridge: 	at com.example.permlabel.hookBinder_test$1.afterHookedMethod(hookBinder_test.java:70)

08-05 20:46:38.022  5744  7934 I LSPosed-Bridge: 	at de.robv.android.xposed.XposedBridge$AdditionalHookInfo.callback(Unknown Source:147)

08-05 20:46:38.022  5744  7934 I LSPosed-Bridge: 	at LSPHooker_.transact(Unknown Source:28)

08-05 20:46:38.022  5744  7934 I LSPosed-Bridge: 	at android.location.ILocationManager$Stub$Proxy.isProviderEnabledForUser(ILocationManager.java:1381)

08-05 20:46:38.022  5744  7934 I LSPosed-Bridge: 	at android.location.LocationManager.isProviderEnabledForUser(LocationManager.java:1353)

08-05 20:46:38.022  5744  7934 I LSPosed-Bridge: 	at android.location.LocationManager.isProviderEnabled(LocationManager.java:1323)

08-05 20:46:38.022  5744  7934 I LSPosed-Bridge: 	at com.kwad.sdk.utils.r.bW(Unknown Source:80)

08-05 20:46:38.022  5744  7934 I LSPosed-Bridge: 	at com.kwad.sdk.utils.au.cI(Unknown Source:0)

08-05 20:46:38.022  5744  7934 I LSPosed-Bridge: 	at com.kwad.sdk.utils.au.s(Unknown Source:0)

08-05 20:46:38.022  5744  7934 I LSPosed-Bridge: 	at com.kwad.sdk.utils.au$1.getLocation(Unknown Source:3)

08-05 20:46:38.022  5744  7934 I LSPosed-Bridge: 	at com.kwad.sdk.f.b.getLocation(Unknown Source:4)

08-05 20:46:38.022  5744  7934 I LSPosed-Bridge: 	at com.kuaishou.weapon.p0.bg.b(Unknown Source:6)

08-05 20:46:38.022  5744  7934 I LSPosed-Bridge: 	at com.kuaishou.weapon.p0.bv.a(Unknown Source:365)

08-05 20:46:38.022  5744  7934 I LSPosed-Bridge: 	at com.kuaishou.weapon.p0.bv.a(Unknown Source:21)

08-05 20:46:38.022  5744  7934 I LSPosed-Bridge: 	at com.kuaishou.weapon.p0.db$1.run(Unknown Source:97)

08-05 20:46:38.022  5744  7934 I LSPosed-Bridge: 	at java.util.concurrent.ThreadPoolExecutor.runWorker(ThreadPoolExecutor.java:1167)

08-05 20:46:38.022  5744  7934 I LSPosed-Bridge: 	at java.util.concurrent.ThreadPoolExecutor$Worker.run(ThreadPoolExecutor.java:641)

08-05 20:46:38.022  5744  7934 I LSPosed-Bridge: 	at java.lang.Thread.run(Thread.java:764)

08-05 20:46:38.034  5744  7934 I LSPosed-Bridge: 5744 PermLabel hookBinder_test 10131 interfaceBinder =android.content.pm.IPackageManager; arg0 = 9; arg1 = android.os.Parcel@c1d6e5b; arg2 = android.os.Parcel@93032c3; arg3 = 0; res = true; stacktrace=java.lang.Exception

08-05 20:46:38.034  5744  7934 I LSPosed-Bridge: 	at com.example.permlabel.hookBinder_test$1.afterHookedMethod(hookBinder_test.java:70)

08-05 20:46:38.034  5744  7934 I LSPosed-Bridge: 	at de.robv.android.xposed.XposedBridge$AdditionalHookInfo.callback(Unknown Source:147)

08-05 20:46:38.034  5744  7934 I LSPosed-Bridge: 	at LSPHooker_.transact(Unknown Source:28)

08-05 20:46:38.034  5744  7934 I LSPosed-Bridge: 	at android.content.pm.IPackageManager$Stub$Proxy.getPermissionInfo(IPackageManager.java:3008)

08-05 20:46:38.034  5744  7934 I LSPosed-Bridge: 	at android.app.ApplicationPackageManager.getPermissionInfo(ApplicationPackageManager.java:306)

08-05 20:46:38.034  5744  7934 I LSPosed-Bridge: 	at com.example.permlabel.requestPerm$2.afterHookedMethod(requestPerm.java:191)

08-05 20:46:38.034  5744  7934 I LSPosed-Bridge: 	at de.robv.android.xposed.XposedBridge$AdditionalHookInfo.callback(Unknown Source:147)

08-05 20:46:38.034  5744  7934 I LSPosed-Bridge: 	at LSPHooker_.checkPermission(Unknown Source:25)

08-05 20:46:38.034  5744  7934 I LSPosed-Bridge: 	at android.content.ContextWrapper.checkPermission(ContextWrapper.java:738)

08-05 20:46:38.034  5744  7934 I LSPosed-Bridge: 	at androidx.core.content.ContextCompat.checkSelfPermission(ContextCompat.java:1)

08-05 20:46:38.034  5744  7934 I LSPosed-Bridge: 	at com.kwad.sdk.utils.r.c(Unknown Source:3)

08-05 20:46:38.034  5744  7934 I LSPosed-Bridge: 	at com.kwad.sdk.utils.r.bW(Unknown Source:104)

08-05 20:46:38.034  5744  7934 I LSPosed-Bridge: 	at com.kwad.sdk.utils.au.cI(Unknown Source:0)

08-05 20:46:38.034  5744  7934 I LSPosed-Bridge: 	at com.kwad.sdk.utils.au.s(Unknown Source:0)

08-05 20:46:38.034  5744  7934 I LSPosed-Bridge: 	at com.kwad.sdk.utils.au$1.getLocation(Unknown Source:3)

08-05 20:46:38.034  5744  7934 I LSPosed-Bridge: 	at com.kwad.sdk.f.b.getLocation(Unknown Source:4)

08-05 20:46:38.034  5744  7934 I LSPosed-Bridge: 	at com.kuaishou.weapon.p0.bg.b(Unknown Source:6)

08-05 20:46:38.034  5744  7934 I LSPosed-Bridge: 	at com.kuaishou.weapon.p0.bv.a(Unknown Source:365)

08-05 20:46:38.034  5744  7934 I LSPosed-Bridge: 	at com.kuaishou.weapon.p0.bv.a(Unknown Source:21)

08-05 20:46:38.034  5744  7934 I LSPosed-Bridge: 	at com.kuaishou.weapon.p0.db$1.run(Unknown Source:97)

08-05 20:46:38.034  5744  7934 I LSPosed-Bridge: 	at java.util.concurrent.ThreadPoolExecutor.runWorker(ThreadPoolExecutor.java:1167)

08-05 20:46:38.034  5744  7934 I LSPosed-Bridge: 	at java.util.concurrent.ThreadPoolExecutor$Worker.run(ThreadPoolExecutor.java:641)

08-05 20:46:38.034  5744  7934 I LSPosed-Bridge: 	at java.lang.Thread.run(Thread.java:764)

08-05 20:46:38.034  5744  7934 I LSPosed-Bridge: 5744 PermLabel 10131 ContextImpl.checkPermission: pid = 5744; uid = 10131; permName: android.permission.ACCESS_COARSE_LOCATION; type = 1; res = -1; stacktrace=java.lang.Exception

08-05 20:46:38.034  5744  7934 I LSPosed-Bridge: 	at com.example.permlabel.requestPerm$2.afterHookedMethod(requestPerm.java:225)

08-05 20:46:38.034  5744  7934 I LSPosed-Bridge: 	at de.robv.android.xposed.XposedBridge$AdditionalHookInfo.callback(Unknown Source:147)

08-05 20:46:38.034  5744  7934 I LSPosed-Bridge: 	at LSPHooker_.checkPermission(Unknown Source:25)

08-05 20:46:38.034  5744  7934 I LSPosed-Bridge: 	at android.content.ContextWrapper.checkPermission(ContextWrapper.java:738)

08-05 20:46:38.034  5744  7934 I LSPosed-Bridge: 	at androidx.core.content.ContextCompat.checkSelfPermission(ContextCompat.java:1)

08-05 20:46:38.034  5744  7934 I LSPosed-Bridge: 	at com.kwad.sdk.utils.r.c(Unknown Source:3)

08-05 20:46:38.034  5744  7934 I LSPosed-Bridge: 	at com.kwad.sdk.utils.r.bW(Unknown Source:104)

08-05 20:46:38.034  5744  7934 I LSPosed-Bridge: 	at com.kwad.sdk.utils.au.cI(Unknown Source:0)

08-05 20:46:38.034  5744  7934 I LSPosed-Bridge: 	at com.kwad.sdk.utils.au.s(Unknown Source:0)

08-05 20:46:38.034  5744  7934 I LSPosed-Bridge: 	at com.kwad.sdk.utils.au$1.getLocation(Unknown Source:3)

08-05 20:46:38.034  5744  7934 I LSPosed-Bridge: 	at com.kwad.sdk.f.b.getLocation(Unknown Source:4)

08-05 20:46:38.034  5744  7934 I LSPosed-Bridge: 	at com.kuaishou.weapon.p0.bg.b(Unknown Source:6)

08-05 20:46:38.034  5744  7934 I LSPosed-Bridge: 	at com.kuaishou.weapon.p0.bv.a(Unknown Source:365)

08-05 20:46:38.034  5744  7934 I LSPosed-Bridge: 	at com.kuaishou.weapon.p0.bv.a(Unknown Source:21)

08-05 20:46:38.034  5744  7934 I LSPosed-Bridge: 	at com.kuaishou.weapon.p0.db$1.run(Unknown Source:97)

08-05 20:46:38.034  5744  7934 I LSPosed-Bridge: 	at java.util.concurrent.ThreadPoolExecutor.runWorker(ThreadPoolExecutor.java:1167)

08-05 20:46:38.034  5744  7934 I LSPosed-Bridge: 	at java.util.concurrent.ThreadPoolExecutor$Worker.run(ThreadPoolExecutor.java:641)

08-05 20:46:38.034  5744  7934 I LSPosed-Bridge: 	at java.lang.Thread.run(Thread.java:764)

08-05 20:46:38.034  5744  7945 I LSPosed-Bridge: 5744 PermLabel hookBinder_test 10131 interfaceBinder =android.content.pm.IPackageManager; arg0 = 9; arg1 = android.os.Parcel@7eb6a40; arg2 = android.os.Parcel@f5fb408; arg3 = 0; res = true; stacktrace=java.lang.Exception

08-05 20:46:38.034  5744  7945 I LSPosed-Bridge: 	at com.example.permlabel.hookBinder_test$1.afterHookedMethod(hookBinder_test.java:70)

08-05 20:46:38.034  5744  7945 I LSPosed-Bridge: 	at de.robv.android.xposed.XposedBridge$AdditionalHookInfo.callback(Unknown Source:147)

08-05 20:46:38.034  5744  7945 I LSPosed-Bridge: 	at LSPHooker_.transact(Unknown Source:28)

08-05 20:46:38.034  5744  7945 I LSPosed-Bridge: 	at android.content.pm.IPackageManager$Stub$Proxy.getPermissionInfo(IPackageManager.java:3008)

08-05 20:46:38.034  5744  7945 I LSPosed-Bridge: 	at android.app.ApplicationPackageManager.getPermissionInfo(ApplicationPackageManager.java:306)

08-05 20:46:38.034  5744  7945 I LSPosed-Bridge: 	at com.example.permlabel.requestPerm$2.afterHookedMethod(requestPerm.java:191)

08-05 20:46:38.034  5744  7945 I LSPosed-Bridge: 	at de.robv.android.xposed.XposedBridge$AdditionalHookInfo.callback(Unknown Source:147)

08-05 20:46:38.034  5744  7945 I LSPosed-Bridge: 	at LSPHooker_.checkPermission(Unknown Source:25)

08-05 20:46:38.034  5744  7945 I LSPosed-Bridge: 	at android.content.ContextWrapper.checkPermission(ContextWrapper.java:738)

08-05 20:46:38.034  5744  7945 I LSPosed-Bridge: 	at com.kwad.sdk.utils.SystemUtil.b(Unknown Source:17)

08-05 20:46:38.034  5744  7945 I LSPosed-Bridge: 	at com.kwad.sdk.utils.SystemUtil.cZ(Unknown Source:14)

08-05 20:46:38.034  5744  7945 I LSPosed-Bridge: 	at com.kwad.sdk.utils.be.cB(Unknown Source:17)

08-05 20:46:38.034  5744  7945 I LSPosed-Bridge: 	at com.kwad.sdk.utils.au.h(Unknown Source:0)

08-05 20:46:38.034  5744  7945 I LSPosed-Bridge: 	at com.kwad.sdk.utils.au.o(Unknown Source:1)

08-05 20:46:38.034  5744  7945 I LSPosed-Bridge: 	at com.kwad.sdk.utils.au$1.Fs(Unknown Source:28)

08-05 20:46:38.034  5744  7945 I LSPosed-Bridge: 	at com.kwad.sdk.f.b.Fs(Unknown Source:4)

08-05 20:46:38.034  5744  7945 I LSPosed-Bridge: 	at com.kuaishou.weapon.p0.bg.d(Unknown Source:4)

08-05 20:46:38.034  5744  7945 I LSPosed-Bridge: 	at com.kuaishou.weapon.p0.cm.a(Unknown Source:141)

08-05 20:46:38.034  5744  7945 I LSPosed-Bridge: 	at com.kuaishou.weapon.p0.cm.a(Unknown Source:17)

08-05 20:46:38.034  5744  7945 I LSPosed-Bridge: 	at com.kuaishou.weapon.p0.dc$1.run(Unknown Source:130)

08-05 20:46:38.034  5744  7945 I LSPosed-Bridge: 	at java.util.concurrent.ThreadPoolExecutor.runWorker(ThreadPoolExecutor.java:1167)

08-05 20:46:38.034  5744  7945 I LSPosed-Bridge: 	at java.util.concurrent.ThreadPoolExecutor$Worker.run(ThreadPoolExecutor.java:641)

08-05 20:46:38.034  5744  7945 I LSPosed-Bridge: 	at java.lang.Thread.run(Thread.java:764)

08-05 20:46:38.034  5744  7945 I LSPosed-Bridge: 5744 PermLabel 10131 ContextImpl Binder.getCallingPid() = 5744; Binder.getCallingUid() = 10131; permName: android.permission.READ_PHONE_STATE; res = -1; stacktrace=java.lang.Exception

08-05 20:46:38.034  5744  7945 I LSPosed-Bridge: 	at com.example.permlabel.requestPerm$2.afterHookedMethod(requestPerm.java:201)

08-05 20:46:38.034  5744  7945 I LSPosed-Bridge: 	at de.robv.android.xposed.XposedBridge$AdditionalHookInfo.callback(Unknown Source:147)

08-05 20:46:38.034  5744  7945 I LSPosed-Bridge: 	at LSPHooker_.checkPermission(Unknown Source:25)

08-05 20:46:38.034  5744  7945 I LSPosed-Bridge: 	at android.content.ContextWrapper.checkPermission(ContextWrapper.java:738)

08-05 20:46:38.034  5744  7945 I LSPosed-Bridge: 	at com.kwad.sdk.utils.SystemUtil.b(Unknown Source:17)

08-05 20:46:38.034  5744  7945 I LSPosed-Bridge: 	at com.kwad.sdk.utils.SystemUtil.cZ(Unknown Source:14)

08-05 20:46:38.034  5744  7945 I LSPosed-Bridge: 	at com.kwad.sdk.utils.be.cB(Unknown Source:17)

08-05 20:46:38.034  5744  7945 I LSPosed-Bridge: 	at com.kwad.sdk.utils.au.h(Unknown Source:0)

08-05 20:46:38.034  5744  7945 I LSPosed-Bridge: 	at com.kwad.sdk.utils.au.o(Unknown Source:1)

08-05 20:46:38.034  5744  7945 I LSPosed-Bridge: 	at com.kwad.sdk.utils.au$1.Fs(Unknown Source:28)

08-05 20:46:38.034  5744  7945 I LSPosed-Bridge: 	at com.kwad.sdk.f.b.Fs(Unknown Source:4)

08-05 20:46:38.034  5744  7945 I LSPosed-Bridge: 	at com.kuaishou.weapon.p0.bg.d(Unknown Source:4)

08-05 20:46:38.034  5744  7945 I LSPosed-Bridge: 	at com.kuaishou.weapon.p0.cm.a(Unknown Source:141)

08-05 20:46:38.034  5744  7945 I LSPosed-Bridge: 	at com.kuaishou.weapon.p0.cm.a(Unknown Source:17)

08-05 20:46:38.034  5744  7945 I LSPosed-Bridge: 	at com.kuaishou.weapon.p0.dc$1.run(Unknown Source:130)

08-05 20:46:38.034  5744  7945 I LSPosed-Bridge: 	at java.util.concurrent.ThreadPoolExecutor.runWorker(ThreadPoolExecutor.java:1167)

08-05 20:46:38.034  5744  7945 I LSPosed-Bridge: 	at java.util.concurrent.ThreadPoolExecutor$Worker.run(ThreadPoolExecutor.java:641)

08-05 20:46:38.034  5744  7945 I LSPosed-Bridge: 	at java.lang.Thread.run(Thread.java:764)

08-05 20:46:38.035  5744  7945 I LSPosed-Bridge: 5744 PermLabel 10131 ContextImpl.checkPermission: pid = 5744; uid = 10131; permName: android.permission.READ_PHONE_STATE; type = 1; res = -1; stacktrace=java.lang.Exception

08-05 20:46:38.035  5744  7945 I LSPosed-Bridge: 	at com.example.permlabel.requestPerm$2.afterHookedMethod(requestPerm.java:225)

08-05 20:46:38.035  5744  7945 I LSPosed-Bridge: 	at de.robv.android.xposed.XposedBridge$AdditionalHookInfo.callback(Unknown Source:147)

08-05 20:46:38.035  5744  7945 I LSPosed-Bridge: 	at LSPHooker_.checkPermission(Unknown Source:25)

08-05 20:46:38.035  5744  7945 I LSPosed-Bridge: 	at android.content.ContextWrapper.checkPermission(ContextWrapper.java:738)

08-05 20:46:38.035  5744  7945 I LSPosed-Bridge: 	at com.kwad.sdk.utils.SystemUtil.b(Unknown Source:17)

08-05 20:46:38.035  5744  7945 I LSPosed-Bridge: 	at com.kwad.sdk.utils.SystemUtil.cZ(Unknown Source:14)

08-05 20:46:38.035  5744  7945 I LSPosed-Bridge: 	at com.kwad.sdk.utils.be.cB(Unknown Source:17)

08-05 20:46:38.035  5744  7945 I LSPosed-Bridge: 	at com.kwad.sdk.utils.au.h(Unknown Source:0)

08-05 20:46:38.035  5744  7945 I LSPosed-Bridge: 	at com.kwad.sdk.utils.au.o(Unknown Source:1)

08-05 20:46:38.035  5744  7945 I LSPosed-Bridge: 	at com.kwad.sdk.utils.au$1.Fs(Unknown Source:28)

08-05 20:46:38.035  5744  7945 I LSPosed-Bridge: 	at com.kwad.sdk.f.b.Fs(Unknown Source:4)

08-05 20:46:38.035  5744  7945 I LSPosed-Bridge: 	at com.kuaishou.weapon.p0.bg.d(Unknown Source:4)

08-05 20:46:38.035  5744  7945 I LSPosed-Bridge: 	at com.kuaishou.weapon.p0.cm.a(Unknown Source:141)

08-05 20:46:38.035  5744  7945 I LSPosed-Bridge: 	at com.kuaishou.weapon.p0.cm.a(Unknown Source:17)

08-05 20:46:38.035  5744  7945 I LSPosed-Bridge: 	at com.kuaishou.weapon.p0.dc$1.run(Unknown Source:130)

08-05 20:46:38.035  5744  7945 I LSPosed-Bridge: 	at java.util.concurrent.ThreadPoolExecutor.runWorker(ThreadPoolExecutor.java:1167)

08-05 20:46:38.035  5744  7945 I LSPosed-Bridge: 	at java.util.concurrent.ThreadPoolExecutor$Worker.run(ThreadPoolExecutor.java:641)

08-05 20:46:38.035  5744  7945 I LSPosed-Bridge: 	at java.lang.Thread.run(Thread.java:764)

08-05 20:46:38.035  5744  7934 I LSPosed-Bridge: 5744 PermLabel hookBinder_test 10131 interfaceBinder =android.app.IActivityManager; arg0 = 49; arg1 = android.os.Parcel@93032c3; arg2 = android.os.Parcel@c1d6e5b; arg3 = 0; res = true; stacktrace=java.lang.Exception

08-05 20:46:38.035  5744  7934 I LSPosed-Bridge: 	at com.example.permlabel.hookBinder_test$1.afterHookedMethod(hookBinder_test.java:70)

08-05 20:46:38.035  5744  7934 I LSPosed-Bridge: 	at de.robv.android.xposed.XposedBridge$AdditionalHookInfo.callback(Unknown Source:147)

08-05 20:46:38.035  5744  7934 I LSPosed-Bridge: 	at LSPHooker_.transact(Unknown Source:28)

08-05 20:46:38.035  5744  7934 I LSPosed-Bridge: 	at android.app.IActivityManager$Stub$Proxy.checkPermission(IActivityManager.java:4722)

08-05 20:46:38.035  5744  7934 I LSPosed-Bridge: 	at android.app.ContextImpl.checkPermission(ContextImpl.java:1751)

08-05 20:46:38.035  5744  7934 I LSPosed-Bridge: 	at java.lang.reflect.Method.invoke(Native Method)

08-05 20:46:38.035  5744  7934 I LSPosed-Bridge: 	at org.lsposed.lspd.nativebridge.HookBridge.invokeOriginalMethod(Native Method)

08-05 20:46:38.035  5744  7934 I LSPosed-Bridge: 	at de.robv.android.xposed.XposedBridge$AdditionalHookInfo.callback(Unknown Source:110)

08-05 20:46:38.035  5744  7934 I LSPosed-Bridge: 	at LSPHooker_.checkPermission(Unknown Source:25)

08-05 20:46:38.035  5744  7934 I LSPosed-Bridge: 	at android.content.ContextWrapper.checkPermission(ContextWrapper.java:738)

08-05 20:46:38.035  5744  7934 I LSPosed-Bridge: 	at androidx.core.content.ContextCompat.checkSelfPermission(ContextCompat.java:1)

08-05 20:46:38.035  5744  7934 I LSPosed-Bridge: 	at com.kwad.sdk.utils.au.cI(Unknown Source:89)

08-05 20:46:38.035  5744  7934 I LSPosed-Bridge: 	at com.kwad.sdk.utils.au.s(Unknown Source:0)

08-05 20:46:38.035  5744  7934 I LSPosed-Bridge: 	at com.kwad.sdk.utils.au$1.getLocation(Unknown Source:3)

08-05 20:46:38.035  5744  7934 I LSPosed-Bridge: 	at com.kwad.sdk.f.b.getLocation(Unknown Source:4)

08-05 20:46:38.035  5744  7934 I LSPosed-Bridge: 	at com.kuaishou.weapon.p0.bg.b(Unknown Source:6)

08-05 20:46:38.035  5744  7934 I LSPosed-Bridge: 	at com.kuaishou.weapon.p0.bv.a(Unknown Source:365)

08-05 20:46:38.035  5744  7934 I LSPosed-Bridge: 	at com.kuaishou.weapon.p0.bv.a(Unknown Source:21)

08-05 20:46:38.035  5744  7934 I LSPosed-Bridge: 	at com.kuaishou.weapon.p0.db$1.run(Unknown Source:97)

08-05 20:46:38.035  5744  7934 I LSPosed-Bridge: 	at java.util.concurrent.ThreadPoolExecutor.runWorker(ThreadPoolExecutor.java:1167)

08-05 20:46:38.035  5744  7934 I LSPosed-Bridge: 	at java.util.concurrent.ThreadPoolExecutor$Worker.run(ThreadPoolExecutor.java:641)

08-05 20:46:38.035  5744  7934 I LSPosed-Bridge: 	at java.lang.Thread.run(Thread.java:764)

08-05 20:46:38.039  5744  7945 I LSPosed-Bridge: 5744 PermLabel hookBinder_test 10131 interfaceBinder =android.content.pm.IPackageManager; arg0 = 9; arg1 = android.os.Parcel@7eb6a40; arg2 = android.os.Parcel@f5fb408; arg3 = 0; res = true; stacktrace=java.lang.Exception

08-05 20:46:38.039  5744  7945 I LSPosed-Bridge: 	at com.example.permlabel.hookBinder_test$1.afterHookedMethod(hookBinder_test.java:70)

08-05 20:46:38.039  5744  7945 I LSPosed-Bridge: 	at de.robv.android.xposed.XposedBridge$AdditionalHookInfo.callback(Unknown Source:147)

08-05 20:46:38.039  5744  7945 I LSPosed-Bridge: 	at LSPHooker_.transact(Unknown Source:28)

08-05 20:46:38.039  5744  7945 I LSPosed-Bridge: 	at android.content.pm.IPackageManager$Stub$Proxy.getPermissionInfo(IPackageManager.java:3008)

08-05 20:46:38.039  5744  7945 I LSPosed-Bridge: 	at android.app.ApplicationPackageManager.getPermissionInfo(ApplicationPackageManager.java:306)

08-05 20:46:38.039  5744  7945 I LSPosed-Bridge: 	at com.example.permlabel.requestPerm$2.afterHookedMethod(requestPerm.java:191)

08-05 20:46:38.039  5744  7945 I LSPosed-Bridge: 	at de.robv.android.xposed.XposedBridge$AdditionalHookInfo.callback(Unknown Source:147)

08-05 20:46:38.039  5744  7945 I LSPosed-Bridge: 	at LSPHooker_.checkPermission(Unknown Source:25)

08-05 20:46:38.039  5744  7945 I LSPosed-Bridge: 	at android.content.ContextWrapper.checkPermission(ContextWrapper.java:738)

08-05 20:46:38.039  5744  7945 I LSPosed-Bridge: 	at com.kwad.sdk.utils.SystemUtil.b(Unknown Source:17)

08-05 20:46:38.039  5744  7945 I LSPosed-Bridge: 	at com.kwad.sdk.utils.SystemUtil.cZ(Unknown Source:14)

08-05 20:46:38.039  5744  7945 I LSPosed-Bridge: 	at com.kwad.sdk.utils.be.dh(Unknown Source:16)

08-05 20:46:38.039  5744  7945 I LSPosed-Bridge: 	at com.kwad.sdk.utils.au.cF(Unknown Source:0)

08-05 20:46:38.039  5744  7945 I LSPosed-Bridge: 	at com.kwad.sdk.utils.ax$e.cW(Unknown Source:5)

08-05 20:46:38.039  5744  7945 I LSPosed-Bridge: 	at com.kwad.sdk.utils.ax$e.bR(Unknown Source:0)

08-05 20:46:38.039  5744  7945 I LSPosed-Bridge: 	at com.kwad.sdk.utils.j.bQ(Unknown Source:11)

08-05 20:46:38.039  5744  7945 I LSPosed-Bridge: 	at com.kwad.sdk.utils.ax.fH(Unknown Source:8)

08-05 20:46:38.039  5744  7945 I LSPosed-Bridge: 	at com.kwad.sdk.utils.ax.Hj(Unknown Source:10)

08-05 20:46:38.039  5744  7945 I LSPosed-Bridge: 	at com.kwad.sdk.k.a.f.Hj(Unknown Source:20)

08-05 20:46:38.039  5744  7945 I LSPosed-Bridge: 	at com.kwad.sdk.utils.au.Jh(Unknown Source:0)

08-05 20:46:38.039  5744  7945 I LSPosed-Bridge: 	at com.kwad.sdk.utils.au.bJ(Unknown Source:0)

08-05 20:46:38.039  5744  7945 I LSPosed-Bridge: 	at com.kwad.sdk.utils.au$1.Fu(Unknown Source:1)

08-05 20:46:38.039  5744  7945 I LSPosed-Bridge: 	at com.kwad.sdk.f.b.Fu(Unknown Source:4)

08-05 20:46:38.039  5744  7945 I LSPosed-Bridge: 	at com.kuaishou.weapon.p0.bg.v(Unknown Source:4)

08-05 20:46:38.039  5744  7945 I LSPosed-Bridge: 	at com.kuaishou.weapon.p0.cm.a(Unknown Source:297)

08-05 20:46:38.039  5744  7945 I LSPosed-Bridge: 	at com.kuaishou.weapon.p0.cm.a(Unknown Source:17)

08-05 20:46:38.039  5744  7945 I LSPosed-Bridge: 	at com.kuaishou.weapon.p0.dc$1.run(Unknown Source:130)

08-05 20:46:38.039  5744  7945 I LSPosed-Bridge: 	at java.util.concurrent.ThreadPoolExecutor.runWorker(ThreadPoolExecutor.java:1167)

08-05 20:46:38.039  5744  7945 I LSPosed-Bridge: 	at java.util.concurrent.ThreadPoolExecutor$Worker.run(ThreadPoolExecutor.java:641)

08-05 20:46:38.039  5744  7945 I LSPosed-Bridge: 	at java.lang.Thread.run(Thread.java:764)

08-05 20:46:38.039  5744  7945 I LSPosed-Bridge: 5744 PermLabel 10131 ContextImpl Binder.getCallingPid() = 5744; Binder.getCallingUid() = 10131; permName: android.permission.READ_PHONE_STATE; res = -1; stacktrace=java.lang.Exception

08-05 20:46:38.039  5744  7945 I LSPosed-Bridge: 	at com.example.permlabel.requestPerm$2.afterHookedMethod(requestPerm.java:201)

08-05 20:46:38.039  5744  7945 I LSPosed-Bridge: 	at de.robv.android.xposed.XposedBridge$AdditionalHookInfo.callback(Unknown Source:147)

08-05 20:46:38.039  5744  7945 I LSPosed-Bridge: 	at LSPHooker_.checkPermission(Unknown Source:25)

08-05 20:46:38.039  5744  7945 I LSPosed-Bridge: 	at android.content.ContextWrapper.checkPermission(ContextWrapper.java:738)

08-05 20:46:38.039  5744  7945 I LSPosed-Bridge: 	at com.kwad.sdk.utils.SystemUtil.b(Unknown Source:17)

08-05 20:46:38.039  5744  7945 I LSPosed-Bridge: 	at com.kwad.sdk.utils.SystemUtil.cZ(Unknown Source:14)

08-05 20:46:38.039  5744  7945 I LSPosed-Bridge: 	at com.kwad.sdk.utils.be.dh(Unknown Source:16)

08-05 20:46:38.039  5744  7945 I LSPosed-Bridge: 	at com.kwad.sdk.utils.au.cF(Unknown Source:0)

08-05 20:46:38.039  5744  7945 I LSPosed-Bridge: 	at com.kwad.sdk.utils.ax$e.cW(Unknown Source:5)

08-05 20:46:38.039  5744  7945 I LSPosed-Bridge: 	at com.kwad.sdk.utils.ax$e.bR(Unknown Source:0)

08-05 20:46:38.039  5744  7945 I LSPosed-Bridge: 	at com.kwad.sdk.utils.j.bQ(Unknown Source:11)

08-05 20:46:38.039  5744  7945 I LSPosed-Bridge: 	at com.kwad.sdk.utils.ax.fH(Unknown Source:8)

08-05 20:46:38.039  5744  7945 I LSPosed-Bridge: 	at com.kwad.sdk.utils.ax.Hj(Unknown Source:10)

08-05 20:46:38.039  5744  7945 I LSPosed-Bridge: 	at com.kwad.sdk.k.a.f.Hj(Unknown Source:20)

08-05 20:46:38.039  5744  7945 I LSPosed-Bridge: 	at com.kwad.sdk.utils.au.Jh(Unknown Source:0)

08-05 20:46:38.039  5744  7945 I LSPosed-Bridge: 	at com.kwad.sdk.utils.au.bJ(Unknown Source:0)

08-05 20:46:38.039  5744  7945 I LSPosed-Bridge: 	at com.kwad.sdk.utils.au$1.Fu(Unknown Source:1)

08-05 20:46:38.039  5744  7945 I LSPosed-Bridge: 	at com.kwad.sdk.f.b.Fu(Unknown Source:4)

08-05 20:46:38.039  5744  7945 I LSPosed-Bridge: 	at com.kuaishou.weapon.p0.bg.v(Unknown Source:4)

08-05 20:46:38.039  5744  7945 I LSPosed-Bridge: 	at com.kuaishou.weapon.p0.cm.a(Unknown Source:297)

08-05 20:46:38.039  5744  7945 I LSPosed-Bridge: 	at com.kuaishou.weapon.p0.cm.a(Unknown Source:17)

08-05 20:46:38.039  5744  7945 I LSPosed-Bridge: 	at com.kuaishou.weapon.p0.dc$1.run(Unknown Source:130)

08-05 20:46:38.039  5744  7945 I LSPosed-Bridge: 	at java.util.concurrent.ThreadPoolExecutor.runWorker(ThreadPoolExecutor.java:1167)

08-05 20:46:38.039  5744  7945 I LSPosed-Bridge: 	at java.util.concurrent.ThreadPoolExecutor$Worker.run(ThreadPoolExecutor.java:641)

08-05 20:46:38.039  5744  7945 I LSPosed-Bridge: 	at java.lang.Thread.run(Thread.java:764)

08-05 20:46:38.039   553   553 I ConfigStore: android::hardware::configstore::V1_0::ISurfaceFlingerConfigs::hasHDRDisplay retrieved: 0

08-05 20:46:38.039  5744  7934 I LSPosed-Bridge: 5744 PermLabel hookBinder_test 10131 interfaceBinder =android.content.pm.IPackageManager; arg0 = 3; arg1 = android.os.Parcel@93032c3; arg2 = android.os.Parcel@c1d6e5b; arg3 = 0; res = true; stacktrace=java.lang.Exception

08-05 20:46:38.039  5744  7934 I LSPosed-Bridge: 	at com.example.permlabel.hookBinder_test$1.afterHookedMethod(hookBinder_test.java:70)

08-05 20:46:38.039  5744  7934 I LSPosed-Bridge: 	at de.robv.android.xposed.XposedBridge$AdditionalHookInfo.callback(Unknown Source:147)

08-05 20:46:38.039  5744  7934 I LSPosed-Bridge: 	at LSPHooker_.transact(Unknown Source:28)

08-05 20:46:38.039  5744  7934 I LSPosed-Bridge: 	at android.content.pm.IPackageManager$Stub$Proxy.getPackageInfo(IPackageManager.java:2876)

08-05 20:46:38.039  5744  7934 I LSPosed-Bridge: 	at android.app.ApplicationPackageManager.getPackageInfoAsUser(ApplicationPackageManager.java:174)

08-05 20:46:38.039  5744  7934 I LSPosed-Bridge: 	at android.app.ApplicationPackageManager.getPackageInfo(ApplicationPackageManager.java:152)

08-05 20:46:38.039  5744  7934 I LSPosed-Bridge: 	at com.kuaishou.weapon.p0.bg.w(Unknown Source:9)

08-05 20:46:38.039  5744  7934 I LSPosed-Bridge: 	at com.kuaishou.weapon.p0.bv.a(Unknown Source:425)

08-05 20:46:38.039  5744  7934 I LSPosed-Bridge: 	at com.kuaishou.weapon.p0.bv.a(Unknown Source:21)

08-05 20:46:38.039  5744  7934 I LSPosed-Bridge: 	at com.kuaishou.weapon.p0.db$1.run(Unknown Source:97)

08-05 20:46:38.039  5744  7934 I LSPosed-Bridge: 	at java.util.concurrent.ThreadPoolExecutor.runWorker(ThreadPoolExecutor.java:1167)

08-05 20:46:38.039  5744  7934 I LSPosed-Bridge: 	at java.util.concurrent.ThreadPoolExecutor$Worker.run(ThreadPoolExecutor.java:641)

08-05 20:46:38.039  5744  7934 I LSPosed-Bridge: 	at java.lang.Thread.run(Thread.java:764)

08-05 20:46:38.040  2963  3102 W Icing   : No valid account for uploading user actions

08-05 20:46:38.040   553   553 I ConfigStore: android::hardware::configstore::V1_0::ISurfaceFlingerConfigs::hasHDRDisplay retrieved: 0

08-05 20:46:38.040  5744  7945 I LSPosed-Bridge: 5744 PermLabel 10131 ContextImpl.checkPermission: pid = 5744; uid = 10131; permName: android.permission.READ_PHONE_STATE; type = 1; res = -1; stacktrace=java.lang.Exception

08-05 20:46:38.040  5744  7945 I LSPosed-Bridge: 	at com.example.permlabel.requestPerm$2.afterHookedMethod(requestPerm.java:225)

08-05 20:46:38.040  5744  7945 I LSPosed-Bridge: 	at de.robv.android.xposed.XposedBridge$AdditionalHookInfo.callback(Unknown Source:147)

08-05 20:46:38.040  5744  7945 I LSPosed-Bridge: 	at LSPHooker_.checkPermission(Unknown Source:25)

08-05 20:46:38.040  5744  7945 I LSPosed-Bridge: 	at android.content.ContextWrapper.checkPermission(ContextWrapper.java:738)

08-05 20:46:38.040  5744  7945 I LSPosed-Bridge: 	at com.kwad.sdk.utils.SystemUtil.b(Unknown Source:17)

08-05 20:46:38.040  5744  7945 I LSPosed-Bridge: 	at com.kwad.sdk.utils.SystemUtil.cZ(Unknown Source:14)

08-05 20:46:38.040  5744  7945 I LSPosed-Bridge: 	at com.kwad.sdk.utils.be.dh(Unknown Source:16)

08-05 20:46:38.040  5744  7945 I LSPosed-Bridge: 	at com.kwad.sdk.utils.au.cF(Unknown Source:0)

08-05 20:46:38.040  5744  7945 I LSPosed-Bridge: 	at com.kwad.sdk.utils.ax$e.cW(Unknown Source:5)

08-05 20:46:38.040  5744  7945 I LSPosed-Bridge: 	at com.kwad.sdk.utils.ax$e.bR(Unknown Source:0)

08-05 20:46:38.040  5744  7945 I LSPosed-Bridge: 	at com.kwad.sdk.utils.j.bQ(Unknown Source:11)

08-05 20:46:38.040  5744  7945 I LSPosed-Bridge: 	at com.kwad.sdk.utils.ax.fH(Unknown Source:8)

08-05 20:46:38.040  5744  7945 I LSPosed-Bridge: 	at com.kwad.sdk.utils.ax.Hj(Unknown Source:10)

08-05 20:46:38.040  5744  7945 I LSPosed-Bridge: 	at com.kwad.sdk.k.a.f.Hj(Unknown Source:20)

08-05 20:46:38.040  5744  7945 I LSPosed-Bridge: 	at com.kwad.sdk.utils.au.Jh(Unknown Source:0)

08-05 20:46:38.040  5744  7945 I LSPosed-Bridge: 	at com.kwad.sdk.utils.au.bJ(Unknown Source:0)

08-05 20:46:38.040  5744  7945 I LSPosed-Bridge: 	at com.kwad.sdk.utils.au$1.Fu(Unknown Source:1)

08-05 20:46:38.040  5744  7945 I LSPosed-Bridge: 	at com.kwad.sdk.f.b.Fu(Unknown Source:4)

08-05 20:46:38.040  5744  7945 I LSPosed-Bridge: 	at com.kuaishou.weapon.p0.bg.v(Unknown Source:4)

08-05 20:46:38.040  5744  7945 I LSPosed-Bridge: 	at com.kuaishou.weapon.p0.cm.a(Unknown Source:297)

08-05 20:46:38.040  5744  7945 I LSPosed-Bridge: 	at com.kuaishou.weapon.p0.cm.a(Unknown Source:17)

08-05 20:46:38.040  5744  7945 I LSPosed-Bridge: 	at com.kuaishou.weapon.p0.dc$1.run(Unknown Source:130)

08-05 20:46:38.040  5744  7945 I LSPosed-Bridge: 	at java.util.concurrent.ThreadPoolExecutor.runWorker(ThreadPoolExecutor.java:1167)

08-05 20:46:38.040  5744  7945 I LSPosed-Bridge: 	at java.util.concurrent.ThreadPoolExecutor$Worker.run(ThreadPoolExecutor.java:641)

08-05 20:46:38.040  5744  7945 I LSPosed-Bridge: 	at java.lang.Thread.run(Thread.java:764)

08-05 20:46:38.040   553   553 I ConfigStore: android::hardware::configstore::V1_0::ISurfaceFlingerConfigs::hasHDRDisplay retrieved: 0

08-05 20:46:38.052  5744  7934 I LSPosed-Bridge: 5744 PermLabel 10131 ContextImpl Binder.getCallingPid() = 5744; Binder.getCallingUid() = 10131; permName: android.permission.READ_PHONE_STATE; res = -1; stacktrace=java.lang.Exception

08-05 20:46:38.052  5744  7934 I LSPosed-Bridge: 5744 PermLabel 10131 ContextImpl Binder.getCallingPid() = 5744; Binder.getCallingUid() = 10131; permName: android.permission.READ_PHONE_STATE; res = -1; stacktrace=java.lang.Exception

08-05 20:46:38.052  5744  7934 I LSPosed-Bridge: 	at com.example.permlabel.requestPerm$2.afterHookedMethod(requestPerm.java:201)

08-05 20:46:38.052  5744  7934 I LSPosed-Bridge: 	at com.example.permlabel.requestPerm$2.afterHookedMethod(requestPerm.java:201)

08-05 20:46:38.052  5744  7934 I LSPosed-Bridge: 	at de.robv.android.xposed.XposedBridge$AdditionalHookInfo.callback(Unknown Source:147)

08-05 20:46:38.052  5744  7934 I LSPosed-Bridge: 	at de.robv.android.xposed.XposedBridge$AdditionalHookInfo.callback(Unknown Source:147)

08-05 20:46:38.052  5744  7934 I LSPosed-Bridge: 	at LSPHooker_.checkPermission(Unknown Source:25)

08-05 20:46:38.052  5744  7934 I LSPosed-Bridge: 	at LSPHooker_.checkPermission(Unknown Source:25)

08-05 20:46:38.052  5744  7934 I LSPosed-Bridge: 	at android.content.ContextWrapper.checkPermission(ContextWrapper.java:738)

08-05 20:46:38.052  5744  7934 I LSPosed-Bridge: 	at android.content.ContextWrapper.checkPermission(ContextWrapper.java:738)

08-05 20:46:38.052  5744  7934 I LSPosed-Bridge: 	at com.kwad.sdk.utils.SystemUtil.b(Unknown Source:17)

08-05 20:46:38.052  5744  7934 I LSPosed-Bridge: 	at com.kwad.sdk.utils.SystemUtil.b(Unknown Source:17)

08-05 20:46:38.052  5744  7934 I LSPosed-Bridge: 	at com.kwad.sdk.utils.SystemUtil.cZ(Unknown Source:14)

08-05 20:46:38.052  5744  7934 I LSPosed-Bridge: 	at com.kwad.sdk.utils.SystemUtil.cZ(Unknown Source:14)

08-05 20:46:38.052  5744  7934 I LSPosed-Bridge: 	at com.kwad.sdk.utils.be.cB(Unknown Source:17)

08-05 20:46:38.052  5744  7934 I LSPosed-Bridge: 	at com.kwad.sdk.utils.be.cB(Unknown Source:17)

08-05 20:46:38.052  5744  7934 I LSPosed-Bridge: 	at com.kwad.sdk.utils.au.h(Unknown Source:0)

08-05 20:46:38.052  5744  7934 I LSPosed-Bridge: 	at com.kwad.sdk.utils.au.h(Unknown Source:0)

08-05 20:46:38.052  5744  7934 I LSPosed-Bridge: 	at com.kwad.sdk.utils.au.o(Unknown Source:1)

08-05 20:46:38.052  5744  7934 I LSPosed-Bridge: 	at com.kwad.sdk.utils.au.o(Unknown Source:1)

08-05 20:46:38.052  5744  7934 I LSPosed-Bridge: 	at com.kwad.sdk.utils.au$1.Fs(Unknown Source:10)

08-05 20:46:38.052  5744  7934 I LSPosed-Bridge: 	at com.kwad.sdk.utils.au$1.Fs(Unknown Source:10)

08-05 20:46:38.052  5744  7934 I LSPosed-Bridge: 	at com.kwad.sdk.f.b.Fs(Unknown Source:4)

08-05 20:46:38.052  5744  7934 I LSPosed-Bridge: 	at com.kwad.sdk.f.b.Fs(Unknown Source:4)

08-05 20:46:38.052  5744  7934 I LSPosed-Bridge: 	at com.kuaishou.weapon.p0.bv.a(Unknown Source:574)

08-05 20:46:38.052  5744  7934 I LSPosed-Bridge: 	at com.kuaishou.weapon.p0.bv.a(Unknown Source:574)

08-05 20:46:38.052  5744  7934 I LSPosed-Bridge: 	at com.kuaishou.weapon.p0.bv.a(Unknown Source:21)

08-05 20:46:38.052  5744  7934 I LSPosed-Bridge: 	at com.kuaishou.weapon.p0.bv.a(Unknown Source:21)

08-05 20:46:38.052  5744  7934 I LSPosed-Bridge: 	at com.kuaishou.weapon.p0.db$1.run(Unknown Source:97)

08-05 20:46:38.052  5744  7934 I LSPosed-Bridge: 	at com.kuaishou.weapon.p0.db$1.run(Unknown Source:97)

08-05 20:46:38.052  5744  7934 I LSPosed-Bridge: 	at java.util.concurrent.ThreadPoolExecutor.runWorker(ThreadPoolExecutor.java:1167)

08-05 20:46:38.052  5744  7934 I LSPosed-Bridge: 	at java.util.concurrent.ThreadPoolExecutor.runWorker(ThreadPoolExecutor.java:1167)

08-05 20:46:38.052  5744  7934 I LSPosed-Bridge: 	at java.util.concurrent.ThreadPoolExecutor$Worker.run(ThreadPoolExecutor.java:641)

08-05 20:46:38.052  5744  7934 I LSPosed-Bridge: 	at java.util.concurrent.ThreadPoolExecutor$Worker.run(ThreadPoolExecutor.java:641)

08-05 20:46:38.052  5744  7934 I LSPosed-Bridge: 	at java.lang.Thread.run(Thread.java:764)

08-05 20:46:38.052  5744  7934 I LSPosed-Bridge: 	at java.lang.Thread.run(Thread.java:764)

08-05 20:46:38.052  5744  7934 I LSPosed-Bridge: 5744 PermLabel 10131 ContextImpl.checkPermission: pid = 5744; uid = 10131; permName: android.permission.READ_PHONE_STATE; type = 1; res = -1; stacktrace=java.lang.Exception

08-05 20:46:38.052  5744  7934 I LSPosed-Bridge: 5744 PermLabel 10131 ContextImpl.checkPermission: pid = 5744; uid = 10131; permName: android.permission.READ_PHONE_STATE; type = 1; res = -1; stacktrace=java.lang.Exception

08-05 20:46:38.052  5744  7934 I LSPosed-Bridge: 	at com.example.permlabel.requestPerm$2.afterHookedMethod(requestPerm.java:225)

08-05 20:46:38.052  5744  7934 I LSPosed-Bridge: 	at com.example.permlabel.requestPerm$2.afterHookedMethod(requestPerm.java:225)

08-05 20:46:38.052  5744  7934 I LSPosed-Bridge: 	at de.robv.android.xposed.XposedBridge$AdditionalHookInfo.callback(Unknown Source:147)

08-05 20:46:38.052  5744  7934 I LSPosed-Bridge: 	at de.robv.android.xposed.XposedBridge$AdditionalHookInfo.callback(Unknown Source:147)

08-05 20:46:38.052  5744  7934 I LSPosed-Bridge: 	at LSPHooker_.checkPermission(Unknown Source:25)

08-05 20:46:38.052  5744  7934 I LSPosed-Bridge: 	at LSPHooker_.checkPermission(Unknown Source:25)

08-05 20:46:38.052  5744  7934 I LSPosed-Bridge: 	at android.content.ContextWrapper.checkPermission(ContextWrapper.java:738)

