06-18 16:24:16.282  5214  5214 I LSPosed-Bridge: 5214 PermLabel 10131 permission_group_mapping =android.permission.CAMERA Camera

06-18 16:24:16.304   551   551 I ConfigStore: android::hardware::configstore::V1_0::ISurfaceFlingerConfigs::hasHDRDisplay retrieved: 0

06-18 16:24:16.304   551   551 I ConfigStore: android::hardware::configstore::V1_0::ISurfaceFlingerConfigs::hasHDRDisplay retrieved: 0

06-18 16:24:16.304  5214  5214 I LSPosed-Bridge: 5214 PermLabel 10131 all_declared permissions =android.permission.ACCESS_COARSE_LOCATION android.permission.ACCESS_FINE_LOCATION android.permission.ACCESS_WIFI_STATE android.permission.ACCESS_NETWORK_STATE android.permission.BLUETOOTH android.permission.BLUETOOTH_ADMIN android.permission.READ_CONTACTS android.permission.REORDER_TASKS android.permission.REQUEST_INSTALL_PACKAGES android.permission.CAMERA android.permission.DOWNLOAD_WITHOUT_NOTIFICATION android.permission.FOREGROUND_SERVICE android.permission.GET_ACCOUNTS android.permission.INTERNET android.permission.MANAGE_ACCOUNTS android.permission.MODIFY_AUDIO_SETTINGS android.permission.NFC android.permission.READ_EXTERNAL_STORAGE android.permission.READ_SYNC_SETTINGS android.permission.READ_SYNC_STATS android.permission.RECEIVE_BOOT_COMPLETED android.permission.RECORD_AUDIO android.permission.USE_CREDENTIALS android.permission.USE_FINGERPRINT android.permission.VIBRATE android.permission.WAKE_LOCK android.permission.WRITE_EXTERNAL_STORAGE android.permission.WRITE_SYNC_SETTINGS com.hsv.freeadblockerbrowser.permission.C2D_MESSAGE com.hsv.freeadblockerbrowser.permission.READ_WRITE_BOOKMARK_FOLDERS com.hsv.freeadblockerbrowser.TOS_ACKED com.chrome.permission.DEVICE_EXTRAS com.android.browser.permission.READ_HISTORY_BOOKMARKS com.android.browser.permission.WRITE_HISTORY_BOOKMARKS com.google.android.c2dm.permission.RECEIVE com.android.launcher.permission.INSTALL_SHORTCUT com.google.android.apps.now.CURRENT_ACCOUNT_ACCESS com.android.vending.BILLING com.google.android.finsky.permission.BIND_GET_INSTALL_REFERRER_SERVICE 

06-18 16:24:16.304  5214  5214 I LSPosed-Bridge: 5214 PermLabel 10131 all_declared permissions =android.permission.ACCESS_COARSE_LOCATION android.permission.ACCESS_FINE_LOCATION android.permission.ACCESS_WIFI_STATE android.permission.ACCESS_NETWORK_STATE android.permission.BLUETOOTH android.permission.BLUETOOTH_ADMIN android.permission.READ_CONTACTS android.permission.REORDER_TASKS android.permission.REQUEST_INSTALL_PACKAGES android.permission.CAMERA android.permission.DOWNLOAD_WITHOUT_NOTIFICATION android.permission.FOREGROUND_SERVICE android.permission.GET_ACCOUNTS android.permission.INTERNET android.permission.MANAGE_ACCOUNTS android.permission.MODIFY_AUDIO_SETTINGS android.permission.NFC android.permission.READ_EXTERNAL_STORAGE android.permission.READ_SYNC_SETTINGS android.permission.READ_SYNC_STATS android.permission.RECEIVE_BOOT_COMPLETED android.permission.RECORD_AUDIO android.permission.USE_CREDENTIALS android.permission.USE_FINGERPRINT android.permission.VIBRATE android.permission.WAKE_LOCK android.permission.WRITE_EXTERNAL_STORAGE android.permission.WRITE_SYNC_SETTINGS com.hsv.freeadblockerbrowser.permission.C2D_MESSAGE com.hsv.freeadblockerbrowser.permission.READ_WRITE_BOOKMARK_FOLDERS com.hsv.freeadblockerbrowser.TOS_ACKED com.chrome.permission.DEVICE_EXTRAS com.android.browser.permission.READ_HISTORY_BOOKMARKS com.android.browser.permission.WRITE_HISTORY_BOOKMARKS com.google.android.c2dm.permission.RECEIVE com.android.launcher.permission.INSTALL_SHORTCUT com.google.android.apps.now.CURRENT_ACCOUNT_ACCESS com.android.vending.BILLING com.google.android.finsky.permission.BIND_GET_INSTALL_REFERRER_SERVICE 

06-18 16:24:16.304  5214  5214 I LSPosed-Bridge: 5214 PermLabel 10131 declared normal_permissions =android.permission.ACCESS_WIFI_STATE android.permission.ACCESS_NETWORK_STATE android.permission.BLUETOOTH android.permission.BLUETOOTH_ADMIN android.permission.REORDER_TASKS android.permission.DOWNLOAD_WITHOUT_NOTIFICATION android.permission.FOREGROUND_SERVICE android.permission.INTERNET android.permission.MANAGE_ACCOUNTS android.permission.MODIFY_AUDIO_SETTINGS android.permission.NFC android.permission.READ_SYNC_SETTINGS android.permission.READ_SYNC_STATS android.permission.RECEIVE_BOOT_COMPLETED android.permission.USE_CREDENTIALS android.permission.USE_FINGERPRINT android.permission.VIBRATE android.permission.WAKE_LOCK android.permission.WRITE_SYNC_SETTINGS com.android.browser.permission.READ_HISTORY_BOOKMARKS com.android.browser.permission.WRITE_HISTORY_BOOKMARKS com.google.android.c2dm.permission.RECEIVE com.android.launcher.permission.INSTALL_SHORTCUT com.android.vending.BILLING com.google.android.finsky.permission.BIND_GET_INSTALL_REFERRER_SERVICE 

06-18 16:24:16.304  5214  5214 I LSPosed-Bridge: 5214 PermLabel 10131 declared normal_permissions =android.permission.ACCESS_WIFI_STATE android.permission.ACCESS_NETWORK_STATE android.permission.BLUETOOTH android.permission.BLUETOOTH_ADMIN android.permission.REORDER_TASKS android.permission.DOWNLOAD_WITHOUT_NOTIFICATION android.permission.FOREGROUND_SERVICE android.permission.INTERNET android.permission.MANAGE_ACCOUNTS android.permission.MODIFY_AUDIO_SETTINGS android.permission.NFC android.permission.READ_SYNC_SETTINGS android.permission.READ_SYNC_STATS android.permission.RECEIVE_BOOT_COMPLETED android.permission.USE_CREDENTIALS android.permission.USE_FINGERPRINT android.permission.VIBRATE android.permission.WAKE_LOCK android.permission.WRITE_SYNC_SETTINGS com.android.browser.permission.READ_HISTORY_BOOKMARKS com.android.browser.permission.WRITE_HISTORY_BOOKMARKS com.google.android.c2dm.permission.RECEIVE com.android.launcher.permission.INSTALL_SHORTCUT com.android.vending.BILLING com.google.android.finsky.permission.BIND_GET_INSTALL_REFERRER_SERVICE 

06-18 16:24:16.304  1731  1731 W BatteryMeterDrawableBase: readFile cmd from/sys/class/power_supply/usb/charger_type data -> prop = 0

06-18 16:24:16.304  1731  1731 W BatteryMeterDrawableBase: readFile cmd from/sys/class/power_supply/usb/charger_type data -> prop = 0

06-18 16:24:16.304  1731  1731 W BatteryMeterDrawableBase:  isQuickCharging = 0

06-18 16:24:16.304  1731  1731 W BatteryMeterDrawableBase:  isQuickCharging = 0

06-18 16:24:16.304  5214  5214 I LSPosed-Bridge: 5214 PermLabel 10131 declared dangerous_permissions =android.permission.ACCESS_COARSE_LOCATION android.permission.ACCESS_FINE_LOCATION android.permission.READ_CONTACTS android.permission.CAMERA android.permission.GET_ACCOUNTS android.permission.READ_EXTERNAL_STORAGE android.permission.RECORD_AUDIO android.permission.WRITE_EXTERNAL_STORAGE 

06-18 16:24:16.304  5214  5214 I LSPosed-Bridge: 5214 PermLabel 10131 declared dangerous_permissions =android.permission.ACCESS_COARSE_LOCATION android.permission.ACCESS_FINE_LOCATION android.permission.READ_CONTACTS android.permission.CAMERA android.permission.GET_ACCOUNTS android.permission.READ_EXTERNAL_STORAGE android.permission.RECORD_AUDIO android.permission.WRITE_EXTERNAL_STORAGE 

06-18 16:24:16.304  5214  5214 I LSPosed-Bridge: 5214 PermLabel 10131 declared dangerous_group =Location Location Contacts Camera Contacts Storage Microphone Storage 

06-18 16:24:16.304  5214  5214 I LSPosed-Bridge: 5214 PermLabel 10131 declared dangerous_group =Location Location Contacts Camera Contacts Storage Microphone Storage 

06-18 16:24:16.304   551   551 I ConfigStore: android::hardware::configstore::V1_0::ISurfaceFlingerConfigs::hasHDRDisplay retrieved: 0

06-18 16:24:16.304   551   551 I ConfigStore: android::hardware::configstore::V1_0::ISurfaceFlingerConfigs::hasHDRDisplay retrieved: 0

06-18 16:24:24.442  5536  5536 I LSPosed-Bridge: 5536 PermLabel 10131 permission_group_mapping =android.permission.CAMERA Camera

06-18 16:24:24.466  5536  5536 I LSPosed-Bridge: 5536 PermLabel 10131 all_declared permissions =android.permission.ACCESS_COARSE_LOCATION android.permission.ACCESS_FINE_LOCATION android.permission.ACCESS_WIFI_STATE android.permission.ACCESS_NETWORK_STATE android.permission.BLUETOOTH android.permission.BLUETOOTH_ADMIN android.permission.READ_CONTACTS android.permission.REORDER_TASKS android.permission.REQUEST_INSTALL_PACKAGES android.permission.CAMERA android.permission.DOWNLOAD_WITHOUT_NOTIFICATION android.permission.FOREGROUND_SERVICE android.permission.GET_ACCOUNTS android.permission.INTERNET android.permission.MANAGE_ACCOUNTS android.permission.MODIFY_AUDIO_SETTINGS android.permission.NFC android.permission.READ_EXTERNAL_STORAGE android.permission.READ_SYNC_SETTINGS android.permission.READ_SYNC_STATS android.permission.RECEIVE_BOOT_COMPLETED android.permission.RECORD_AUDIO android.permission.USE_CREDENTIALS android.permission.USE_FINGERPRINT android.permission.VIBRATE android.permission.WAKE_LOCK android.permission.WRITE_EXTERNAL_STORAGE android.permission.WRITE_SYNC_SETTINGS com.hsv.freeadblockerbrowser.permission.C2D_MESSAGE com.hsv.freeadblockerbrowser.permission.READ_WRITE_BOOKMARK_FOLDERS com.hsv.freeadblockerbrowser.TOS_ACKED com.chrome.permission.DEVICE_EXTRAS com.android.browser.permission.READ_HISTORY_BOOKMARKS com.android.browser.permission.WRITE_HISTORY_BOOKMARKS com.google.android.c2dm.permission.RECEIVE com.android.launcher.permission.INSTALL_SHORTCUT com.google.android.apps.now.CURRENT_ACCOUNT_ACCESS com.android.vending.BILLING com.google.android.finsky.permission.BIND_GET_INSTALL_REFERRER_SERVICE 

06-18 16:24:24.467  5536  5536 I LSPosed-Bridge: 5536 PermLabel 10131 declared normal_permissions =android.permission.ACCESS_WIFI_STATE android.permission.ACCESS_NETWORK_STATE android.permission.BLUETOOTH android.permission.BLUETOOTH_ADMIN android.permission.REORDER_TASKS android.permission.DOWNLOAD_WITHOUT_NOTIFICATION android.permission.FOREGROUND_SERVICE android.permission.INTERNET android.permission.MANAGE_ACCOUNTS android.permission.MODIFY_AUDIO_SETTINGS android.permission.NFC android.permission.READ_SYNC_SETTINGS android.permission.READ_SYNC_STATS android.permission.RECEIVE_BOOT_COMPLETED android.permission.USE_CREDENTIALS android.permission.USE_FINGERPRINT android.permission.VIBRATE android.permission.WAKE_LOCK android.permission.WRITE_SYNC_SETTINGS com.android.browser.permission.READ_HISTORY_BOOKMARKS com.android.browser.permission.WRITE_HISTORY_BOOKMARKS com.google.android.c2dm.permission.RECEIVE com.android.launcher.permission.INSTALL_SHORTCUT com.android.vending.BILLING com.google.android.finsky.permission.BIND_GET_INSTALL_REFERRER_SERVICE 

06-18 16:24:24.467  5536  5536 I LSPosed-Bridge: 5536 PermLabel 10131 declared dangerous_permissions =android.permission.ACCESS_COARSE_LOCATION android.permission.ACCESS_FINE_LOCATION android.permission.READ_CONTACTS android.permission.CAMERA android.permission.GET_ACCOUNTS android.permission.READ_EXTERNAL_STORAGE android.permission.RECORD_AUDIO android.permission.WRITE_EXTERNAL_STORAGE 

06-18 16:24:24.467  5536  5536 I LSPosed-Bridge: 5536 PermLabel 10131 declared dangerous_group =Location Location Contacts Camera Contacts Storage Microphone Storage 

06-18 16:37:22.006  5214  5574 I LSPosed-Bridge: 5214 PermLabel 10131 android.permission.CAMERA getCameraInfo args0: 1; args1: android.hardware.Camera$CameraInfo@95974fe; res= null; stacktrace=java.lang.Exception

06-18 16:37:22.006  5214  5574 I LSPosed-Bridge: 	at com.example.permlabel.hookCamera$1.afterHookedMethod(hookCamera.java:21)

06-18 16:37:22.006  5214  5574 I LSPosed-Bridge: 	at de.robv.android.xposed.XposedBridge$AdditionalHookInfo.callback(Unknown Source:147)

06-18 16:37:22.006  5214  5574 I LSPosed-Bridge: 	at LSPHooker_.getCameraInfo(Unknown Source:15)

06-18 16:37:22.006  5214  5574 I LSPosed-Bridge: 	at eh2.a(PG:2)

06-18 16:37:22.006  5214  5574 I LSPosed-Bridge: 	at org.chromium.media.VideoCaptureFactory.getDeviceName(PG:2)

06-18 16:37:22.006  5214  5574 E libc    : Access denied finding property "vendor.camera.aux.packagelist"

06-18 16:37:22.023  5214  5574 I LSPosed-Bridge: 5214 PermLabel 10131 android.permission.CAMERA getCameraInfo args0: 1; args1: android.hardware.Camera$CameraInfo@ea9deac; res= null; stacktrace=java.lang.Exception

06-18 16:37:22.023  5214  5574 I LSPosed-Bridge: 	at com.example.permlabel.hookCamera$1.afterHookedMethod(hookCamera.java:21)

06-18 16:37:22.023  5214  5574 I LSPosed-Bridge: 	at de.robv.android.xposed.XposedBridge$AdditionalHookInfo.callback(Unknown Source:147)

06-18 16:37:22.023  5214  5574 I LSPosed-Bridge: 	at LSPHooker_.getCameraInfo(Unknown Source:15)

06-18 16:37:22.023  5214  5574 I LSPosed-Bridge: 	at eh2.a(PG:2)

06-18 16:37:22.023  5214  5574 I LSPosed-Bridge: 	at org.chromium.media.VideoCaptureFactory.getCaptureApiType(PG:2)

06-18 16:37:22.023  5214  5574 E libc    : Access denied finding property "vendor.camera.aux.packagelist"

06-18 16:37:22.037  5214  5574 I LSPosed-Bridge: 5214 PermLabel 10131 android.permission.CAMERA getCameraInfo args0: 1; args1: android.hardware.Camera$CameraInfo@853e30a; res= null; stacktrace=java.lang.Exception

06-18 16:37:22.037  5214  5574 I LSPosed-Bridge: 	at com.example.permlabel.hookCamera$1.afterHookedMethod(hookCamera.java:21)

06-18 16:37:22.037  5214  5574 I LSPosed-Bridge: 	at de.robv.android.xposed.XposedBridge$AdditionalHookInfo.callback(Unknown Source:147)

06-18 16:37:22.037  5214  5574 I LSPosed-Bridge: 	at LSPHooker_.getCameraInfo(Unknown Source:15)

06-18 16:37:22.037  5214  5574 I LSPosed-Bridge: 	at eh2.a(PG:2)

06-18 16:37:22.037  5214  5574 I LSPosed-Bridge: 	at org.chromium.media.VideoCaptureFactory.getFacingMode(PG:2)

06-18 16:37:22.037  5214  5574 E libc    : Access denied finding property "vendor.camera.aux.packagelist"

06-18 16:37:22.052  5214  5574 I LSPosed-Bridge: 5214 PermLabel 10131 android.permission.CAMERA getCameraInfo args0: 0; args1: android.hardware.Camera$CameraInfo@52c3998; res= null; stacktrace=java.lang.Exception

06-18 16:37:22.052  5214  5574 I LSPosed-Bridge: 	at com.example.permlabel.hookCamera$1.afterHookedMethod(hookCamera.java:21)

06-18 16:37:22.052  5214  5574 I LSPosed-Bridge: 	at de.robv.android.xposed.XposedBridge$AdditionalHookInfo.callback(Unknown Source:147)

06-18 16:37:22.052  5214  5574 I LSPosed-Bridge: 	at LSPHooker_.getCameraInfo(Unknown Source:15)

06-18 16:37:22.052  5214  5574 I LSPosed-Bridge: 	at eh2.a(PG:2)

06-18 16:37:22.052  5214  5574 I LSPosed-Bridge: 	at org.chromium.media.VideoCaptureFactory.getDeviceName(PG:2)

06-18 16:37:22.052  5214  5574 E libc    : Access denied finding property "vendor.camera.aux.packagelist"

06-18 16:37:22.069  5214  5574 I LSPosed-Bridge: 5214 PermLabel 10131 android.permission.CAMERA getCameraInfo args0: 0; args1: android.hardware.Camera$CameraInfo@8cc8057; res= null; stacktrace=java.lang.Exception

06-18 16:37:22.069  5214  5574 I LSPosed-Bridge: 	at com.example.permlabel.hookCamera$1.afterHookedMethod(hookCamera.java:21)

06-18 16:37:22.069  5214  5574 I LSPosed-Bridge: 	at de.robv.android.xposed.XposedBridge$AdditionalHookInfo.callback(Unknown Source:147)

06-18 16:37:22.069  5214  5574 I LSPosed-Bridge: 	at LSPHooker_.getCameraInfo(Unknown Source:15)

06-18 16:37:22.069  5214  5574 I LSPosed-Bridge: 	at eh2.a(PG:2)

06-18 16:37:22.069  5214  5574 I LSPosed-Bridge: 	at org.chromium.media.VideoCaptureFactory.getCaptureApiType(PG:2)

06-18 16:37:22.083  5214  5574 I LSPosed-Bridge: 5214 PermLabel 10131 android.permission.CAMERA getCameraInfo args0: 0; args1: android.hardware.Camera$CameraInfo@fef17e5; res= null; stacktrace=java.lang.Exception

06-18 16:37:22.083  5214  5574 I LSPosed-Bridge: 	at com.example.permlabel.hookCamera$1.afterHookedMethod(hookCamera.java:21)

06-18 16:37:22.083  5214  5574 I LSPosed-Bridge: 	at de.robv.android.xposed.XposedBridge$AdditionalHookInfo.callback(Unknown Source:147)

06-18 16:37:22.083  5214  5574 I LSPosed-Bridge: 	at LSPHooker_.getCameraInfo(Unknown Source:15)

06-18 16:37:22.083  5214  5574 I LSPosed-Bridge: 	at eh2.a(PG:2)

06-18 16:37:22.083  5214  5574 I LSPosed-Bridge: 	at org.chromium.media.VideoCaptureFactory.getFacingMode(PG:2)

06-18 16:37:22.118   551   551 I ConfigStore: android::hardware::configstore::V1_0::ISurfaceFlingerConfigs::hasHDRDisplay retrieved: 0

06-18 16:37:22.118  1565  1583 I LSPosed-Bridge: 5214 PermLabel 10131 AMS.checkPermission: Binder.getCallingPid() = 913; uid = 10131; Binder.getCallingUid() = 1047; getNameForUid: null; getPackagesForUid: null; permName: android.permission.CAMERA; type = 1; res = -1; stacktrace=java.lang.Exception

06-18 16:37:22.118  1565  1583 I LSPosed-Bridge: 	at com.example.permlabel.requirePerm$1$2.afterHookedMethod(requirePerm.java:134)

06-18 16:37:22.118  1565  1583 I LSPosed-Bridge: 	at de.robv.android.xposed.XposedBridge$AdditionalHookInfo.callback(Unknown Source:147)

06-18 16:37:22.118  1565  1583 I LSPosed-Bridge: 	at LSPHooker_.checkPermission(Unknown Source:25)

06-18 16:37:22.118  1565  1583 I LSPosed-Bridge: 	at com.android.server.am.ActivityManagerService$PermissionController.checkPermission(ActivityManagerService.java:9248)

06-18 16:37:22.118  1565  1583 I LSPosed-Bridge: 	at android.os.IPermissionController$Stub.onTransact(IPermissionController.java:56)

06-18 16:37:22.118  1565  1583 I LSPosed-Bridge: 	at android.os.Binder.execTransact(Binder.java:731)

06-18 16:37:22.222  1565  3022 I LSPosed-Bridge: 5214 PermLabel 10131 AMS.checkPermission: Binder.getCallingPid() = 913; uid = 10131; Binder.getCallingUid() = 1047; getNameForUid: null; getPackagesForUid: null; permName: android.permission.CAMERA; type = 1; res = -1; stacktrace=java.lang.Exception

06-18 16:37:22.222  1565  3022 I LSPosed-Bridge: 	at com.example.permlabel.requirePerm$1$2.afterHookedMethod(requirePerm.java:134)

06-18 16:37:22.222  1565  3022 I LSPosed-Bridge: 	at de.robv.android.xposed.XposedBridge$AdditionalHookInfo.callback(Unknown Source:147)

06-18 16:37:22.222  1565  3022 I LSPosed-Bridge: 	at LSPHooker_.checkPermission(Unknown Source:25)

06-18 16:37:22.222  1565  3022 I LSPosed-Bridge: 	at com.android.server.am.ActivityManagerService$PermissionController.checkPermission(ActivityManagerService.java:9248)

06-18 16:37:22.222  1565  3022 I LSPosed-Bridge: 	at android.os.IPermissionController$Stub.onTransact(IPermissionController.java:56)

06-18 16:37:22.222  1565  3022 I LSPosed-Bridge: 	at android.os.Binder.execTransact(Binder.java:731)

06-18 16:37:22.326  1565  1583 I LSPosed-Bridge: 5214 PermLabel 10131 AMS.checkPermission: Binder.getCallingPid() = 913; uid = 10131; Binder.getCallingUid() = 1047; getNameForUid: null; getPackagesForUid: null; permName: android.permission.CAMERA; type = 1; res = -1; stacktrace=java.lang.Exception

06-18 16:37:22.326  1565  1583 I LSPosed-Bridge: 	at com.example.permlabel.requirePerm$1$2.afterHookedMethod(requirePerm.java:134)

06-18 16:37:22.326  1565  1583 I LSPosed-Bridge: 	at de.robv.android.xposed.XposedBridge$AdditionalHookInfo.callback(Unknown Source:147)

06-18 16:37:22.326  1565  1583 I LSPosed-Bridge: 	at LSPHooker_.checkPermission(Unknown Source:25)

06-18 16:37:22.326  1565  1583 I LSPosed-Bridge: 	at com.android.server.am.ActivityManagerService$PermissionController.checkPermission(ActivityManagerService.java:9248)

06-18 16:37:22.326  1565  1583 I LSPosed-Bridge: 	at android.os.IPermissionController$Stub.onTransact(IPermissionController.java:56)

06-18 16:37:22.326  1565  1583 I LSPosed-Bridge: 	at android.os.Binder.execTransact(Binder.java:731)

06-18 16:37:22.326   913 27706 W ServiceManager: Permission failure: android.permission.CAMERA from uid=10131 pid=5214

06-18 16:37:22.326   913 27706 E CameraService: Permission Denial: can't use the camera pid=5214, uid=10131

06-18 16:37:22.428  1565  1583 I LSPosed-Bridge: 5214 PermLabel 10131 AMS.checkPermission: Binder.getCallingPid() = 913; uid = 10131; Binder.getCallingUid() = 1047; getNameForUid: null; getPackagesForUid: null; permName: android.permission.CAMERA; type = 1; res = -1; stacktrace=java.lang.Exception

06-18 16:37:22.428  1565  1583 I LSPosed-Bridge: 	at com.example.permlabel.requirePerm$1$2.afterHookedMethod(requirePerm.java:134)

06-18 16:37:22.428  1565  1583 I LSPosed-Bridge: 	at de.robv.android.xposed.XposedBridge$AdditionalHookInfo.callback(Unknown Source:147)

06-18 16:37:22.428  1565  1583 I LSPosed-Bridge: 	at LSPHooker_.checkPermission(Unknown Source:25)

06-18 16:37:22.428  1565  1583 I LSPosed-Bridge: 	at com.android.server.am.ActivityManagerService$PermissionController.checkPermission(ActivityManagerService.java:9248)

06-18 16:37:22.428  1565  1583 I LSPosed-Bridge: 	at android.os.IPermissionController$Stub.onTransact(IPermissionController.java:56)

06-18 16:37:22.428  1565  1583 I LSPosed-Bridge: 	at android.os.Binder.execTransact(Binder.java:731)

06-18 16:37:22.533  1565  1583 I LSPosed-Bridge: 5214 PermLabel 10131 AMS.checkPermission: Binder.getCallingPid() = 913; uid = 10131; Binder.getCallingUid() = 1047; getNameForUid: null; getPackagesForUid: null; permName: android.permission.CAMERA; type = 1; res = -1; stacktrace=java.lang.Exception

06-18 16:37:22.533  1565  1583 I LSPosed-Bridge: 	at com.example.permlabel.requirePerm$1$2.afterHookedMethod(requirePerm.java:134)

06-18 16:37:22.533  1565  1583 I LSPosed-Bridge: 	at de.robv.android.xposed.XposedBridge$AdditionalHookInfo.callback(Unknown Source:147)

06-18 16:37:22.533  1565  1583 I LSPosed-Bridge: 	at LSPHooker_.checkPermission(Unknown Source:25)

06-18 16:37:22.533  1565  1583 I LSPosed-Bridge: 	at com.android.server.am.ActivityManagerService$PermissionController.checkPermission(ActivityManagerService.java:9248)

06-18 16:37:22.533  1565  1583 I LSPosed-Bridge: 	at android.os.IPermissionController$Stub.onTransact(IPermissionController.java:56)

06-18 16:37:22.533  1565  1583 I LSPosed-Bridge: 	at android.os.Binder.execTransact(Binder.java:731)

06-18 16:37:22.533   913 27706 W ServiceManager: Permission failure: android.permission.CAMERA from uid=10131 pid=5214

06-18 16:37:22.533   913 27706 E CameraService: Permission Denial: can't use the camera pid=5214, uid=10131

06-18 16:37:22.637  1565  1583 I LSPosed-Bridge: 5214 PermLabel 10131 AMS.checkPermission: Binder.getCallingPid() = 913; uid = 10131; Binder.getCallingUid() = 1047; getNameForUid: null; getPackagesForUid: null; permName: android.permission.CAMERA; type = 1; res = -1; stacktrace=java.lang.Exception

06-18 16:37:22.637  1565  1583 I LSPosed-Bridge: 	at com.example.permlabel.requirePerm$1$2.afterHookedMethod(requirePerm.java:134)

06-18 16:37:22.637  1565  1583 I LSPosed-Bridge: 	at de.robv.android.xposed.XposedBridge$AdditionalHookInfo.callback(Unknown Source:147)

06-18 16:37:22.637  1565  1583 I LSPosed-Bridge: 	at LSPHooker_.checkPermission(Unknown Source:25)

06-18 16:37:22.637  1565  1583 I LSPosed-Bridge: 	at com.android.server.am.ActivityManagerService$PermissionController.checkPermission(ActivityManagerService.java:9248)

06-18 16:37:22.637  1565  1583 I LSPosed-Bridge: 	at android.os.IPermissionController$Stub.onTransact(IPermissionController.java:56)

06-18 16:37:22.637  1565  1583 I LSPosed-Bridge: 	at android.os.Binder.execTransact(Binder.java:731)

06-18 16:37:22.637   913 27706 W ServiceManager: Permission failure: android.permission.CAMERA from uid=10131 pid=5214

06-18 16:37:22.637   913 27706 E CameraService: Permission Denial: can't use the camera pid=5214, uid=10131

06-18 16:37:22.637  5214  5574 W CameraBase: An error occurred while connecting to camera 1: Status(-8): '1: validateClientPermissionsLocked:906: Caller "com.hsv.freeadblockerbrowser" (PID 10131, UID 5214) cannot open camera "1" without camera permission'

06-18 16:37:22.740  1565  1583 I LSPosed-Bridge: 5214 PermLabel 10131 AMS.checkPermission: Binder.getCallingPid() = 913; uid = 10131; Binder.getCallingUid() = 1047; getNameForUid: null; getPackagesForUid: null; permName: android.permission.CAMERA; type = 1; res = -1; stacktrace=java.lang.Exception

06-18 16:37:22.740  1565  1583 I LSPosed-Bridge: 	at com.example.permlabel.requirePerm$1$2.afterHookedMethod(requirePerm.java:134)

06-18 16:37:22.740  1565  1583 I LSPosed-Bridge: 	at de.robv.android.xposed.XposedBridge$AdditionalHookInfo.callback(Unknown Source:147)

06-18 16:37:22.740  1565  1583 I LSPosed-Bridge: 	at LSPHooker_.checkPermission(Unknown Source:25)

06-18 16:37:22.740  1565  1583 I LSPosed-Bridge: 	at com.android.server.am.ActivityManagerService$PermissionController.checkPermission(ActivityManagerService.java:9248)

06-18 16:37:22.740  1565  1583 I LSPosed-Bridge: 	at android.os.IPermissionController$Stub.onTransact(IPermissionController.java:56)

06-18 16:37:22.740  1565  1583 I LSPosed-Bridge: 	at android.os.Binder.execTransact(Binder.java:731)

06-18 16:37:22.740   913 27706 W ServiceManager: Permission failure: android.permission.CAMERA from uid=10131 pid=5214

06-18 16:37:22.740   913 27706 E CameraService: Permission Denial: can't use the camera pid=5214, uid=10131

06-18 16:37:22.843  1565  1583 I LSPosed-Bridge: 5214 PermLabel 10131 AMS.checkPermission: Binder.getCallingPid() = 913; uid = 10131; Binder.getCallingUid() = 1047; getNameForUid: null; getPackagesForUid: null; permName: android.permission.CAMERA; type = 1; res = -1; stacktrace=java.lang.Exception

06-18 16:37:22.843  1565  1583 I LSPosed-Bridge: 	at com.example.permlabel.requirePerm$1$2.afterHookedMethod(requirePerm.java:134)

06-18 16:37:22.843  1565  1583 I LSPosed-Bridge: 	at de.robv.android.xposed.XposedBridge$AdditionalHookInfo.callback(Unknown Source:147)

06-18 16:37:22.843  1565  1583 I LSPosed-Bridge: 	at LSPHooker_.checkPermission(Unknown Source:25)

06-18 16:37:22.843  1565  1583 I LSPosed-Bridge: 	at com.android.server.am.ActivityManagerService$PermissionController.checkPermission(ActivityManagerService.java:9248)

06-18 16:37:22.843  1565  1583 I LSPosed-Bridge: 	at android.os.IPermissionController$Stub.onTransact(IPermissionController.java:56)

06-18 16:37:22.843  1565  1583 I LSPosed-Bridge: 	at android.os.Binder.execTransact(Binder.java:731)

06-18 16:37:22.947  1565  1583 I LSPosed-Bridge: 5214 PermLabel 10131 AMS.checkPermission: Binder.getCallingPid() = 913; uid = 10131; Binder.getCallingUid() = 1047; getNameForUid: null; getPackagesForUid: null; permName: android.permission.CAMERA; type = 1; res = -1; stacktrace=java.lang.Exception

06-18 16:37:22.947  1565  1583 I LSPosed-Bridge: 	at com.example.permlabel.requirePerm$1$2.afterHookedMethod(requirePerm.java:134)

06-18 16:37:22.947  1565  1583 I LSPosed-Bridge: 	at de.robv.android.xposed.XposedBridge$AdditionalHookInfo.callback(Unknown Source:147)

06-18 16:37:22.947  1565  1583 I LSPosed-Bridge: 	at LSPHooker_.checkPermission(Unknown Source:25)

06-18 16:37:22.947  1565  1583 I LSPosed-Bridge: 	at com.android.server.am.ActivityManagerService$PermissionController.checkPermission(ActivityManagerService.java:9248)

06-18 16:37:22.947  1565  1583 I LSPosed-Bridge: 	at android.os.IPermissionController$Stub.onTransact(IPermissionController.java:56)

06-18 16:37:22.947  1565  1583 I LSPosed-Bridge: 	at android.os.Binder.execTransact(Binder.java:731)

06-18 16:37:22.947   913 27706 W ServiceManager: Permission failure: android.permission.CAMERA from uid=10131 pid=5214

06-18 16:37:22.947   913 27706 E CameraService: Permission Denial: can't use the camera pid=5214, uid=10131

06-18 16:37:22.948  5214  5574 W CameraBase: An error occurred while connecting to camera 1: Status(-8): '1: validateClientPermissionsLocked:906: Caller "com.hsv.freeadblockerbrowser" (PID 10131, UID 5214) cannot open camera "1" without camera permission'

06-18 16:37:22.948  5214  5574 E Camera  : Camera  err=-13

06-18 16:37:22.948  5214  5574 I LSPosed-Bridge: 5214 PermLabel 10131 android.permission.CAMERA open cameraId: 1; res= null; stacktrace=java.lang.Exception

06-18 16:37:22.948  5214  5574 I LSPosed-Bridge: 	at com.example.permlabel.hookCamera$3.afterHookedMethod(hookCamera.java:49)

06-18 16:37:22.948  5214  5574 I LSPosed-Bridge: 	at de.robv.android.xposed.XposedBridge$AdditionalHookInfo.callback(Unknown Source:147)

06-18 16:37:22.948  5214  5574 I LSPosed-Bridge: 	at LSPHooker_.open(Unknown Source:12)

06-18 16:37:22.948  5214  5574 I LSPosed-Bridge: 	at eh2.b(PG:1)

06-18 16:37:22.948  5214  5574 I LSPosed-Bridge: 	at org.chromium.media.VideoCaptureFactory.getDeviceSupportedFormats(PG:2)

06-18 16:37:22.965  1565  1583 I LSPosed-Bridge: 5214 PermLabel 10131 AMS.checkPermission: Binder.getCallingPid() = 913; uid = 10131; Binder.getCallingUid() = 1047; getNameForUid: null; getPackagesForUid: null; permName: android.permission.CAMERA; type = 1; res = -1; stacktrace=java.lang.Exception

06-18 16:37:22.965  1565  1583 I LSPosed-Bridge: 	at com.example.permlabel.requirePerm$1$2.afterHookedMethod(requirePerm.java:134)

06-18 16:37:22.965  1565  1583 I LSPosed-Bridge: 	at de.robv.android.xposed.XposedBridge$AdditionalHookInfo.callback(Unknown Source:147)

06-18 16:37:22.965  1565  1583 I LSPosed-Bridge: 	at LSPHooker_.checkPermission(Unknown Source:25)

06-18 16:37:22.965  1565  1583 I LSPosed-Bridge: 	at com.android.server.am.ActivityManagerService$PermissionController.checkPermission(ActivityManagerService.java:9248)

06-18 16:37:22.965  1565  1583 I LSPosed-Bridge: 	at android.os.IPermissionController$Stub.onTransact(IPermissionController.java:56)

06-18 16:37:22.965  1565  1583 I LSPosed-Bridge: 	at android.os.Binder.execTransact(Binder.java:731)

06-18 16:37:22.965   913 27706 W ServiceManager: Permission failure: android.permission.CAMERA from uid=10131 pid=5214

06-18 16:37:22.965   913 27706 E CameraService: Permission Denial: can't use the camera pid=5214, uid=10131

06-18 16:37:23.072  1565  1583 I LSPosed-Bridge: 5214 PermLabel 10131 AMS.checkPermission: Binder.getCallingPid() = 913; uid = 10131; Binder.getCallingUid() = 1047; getNameForUid: null; getPackagesForUid: null; permName: android.permission.CAMERA; type = 1; res = -1; stacktrace=java.lang.Exception

06-18 16:37:23.072  1565  1583 I LSPosed-Bridge: 	at com.example.permlabel.requirePerm$1$2.afterHookedMethod(requirePerm.java:134)

06-18 16:37:23.072  1565  1583 I LSPosed-Bridge: 	at de.robv.android.xposed.XposedBridge$AdditionalHookInfo.callback(Unknown Source:147)

06-18 16:37:23.072  1565  1583 I LSPosed-Bridge: 	at LSPHooker_.checkPermission(Unknown Source:25)

06-18 16:37:23.072  1565  1583 I LSPosed-Bridge: 	at com.android.server.am.ActivityManagerService$PermissionController.checkPermission(ActivityManagerService.java:9248)

06-18 16:37:23.072  1565  1583 I LSPosed-Bridge: 	at android.os.IPermissionController$Stub.onTransact(IPermissionController.java:56)

06-18 16:37:23.072  1565  1583 I LSPosed-Bridge: 	at android.os.Binder.execTransact(Binder.java:731)

06-18 16:37:23.181  1565  1583 I LSPosed-Bridge: 5214 PermLabel 10131 AMS.checkPermission: Binder.getCallingPid() = 913; uid = 10131; Binder.getCallingUid() = 1047; getNameForUid: null; getPackagesForUid: null; permName: android.permission.CAMERA; type = 1; res = -1; stacktrace=java.lang.Exception

06-18 16:37:23.181  1565  1583 I LSPosed-Bridge: 	at com.example.permlabel.requirePerm$1$2.afterHookedMethod(requirePerm.java:134)

06-18 16:37:23.181  1565  1583 I LSPosed-Bridge: 	at de.robv.android.xposed.XposedBridge$AdditionalHookInfo.callback(Unknown Source:147)

06-18 16:37:23.181  1565  1583 I LSPosed-Bridge: 	at LSPHooker_.checkPermission(Unknown Source:25)

06-18 16:37:23.181  1565  1583 I LSPosed-Bridge: 	at com.android.server.am.ActivityManagerService$PermissionController.checkPermission(ActivityManagerService.java:9248)

06-18 16:37:23.181  1565  1583 I LSPosed-Bridge: 	at android.os.IPermissionController$Stub.onTransact(IPermissionController.java:56)

06-18 16:37:23.181  1565  1583 I LSPosed-Bridge: 	at android.os.Binder.execTransact(Binder.java:731)

06-18 16:37:23.287  1565  1583 I LSPosed-Bridge: 5214 PermLabel 10131 AMS.checkPermission: Binder.getCallingPid() = 913; uid = 10131; Binder.getCallingUid() = 1047; getNameForUid: null; getPackagesForUid: null; permName: android.permission.CAMERA; type = 1; res = -1; stacktrace=java.lang.Exception

06-18 16:37:23.287  1565  1583 I LSPosed-Bridge: 	at com.example.permlabel.requirePerm$1$2.afterHookedMethod(requirePerm.java:134)

06-18 16:37:23.287  1565  1583 I LSPosed-Bridge: 	at de.robv.android.xposed.XposedBridge$AdditionalHookInfo.callback(Unknown Source:147)

06-18 16:37:23.287  1565  1583 I LSPosed-Bridge: 	at LSPHooker_.checkPermission(Unknown Source:25)

06-18 16:37:23.287  1565  1583 I LSPosed-Bridge: 	at com.android.server.am.ActivityManagerService$PermissionController.checkPermission(ActivityManagerService.java:9248)

06-18 16:37:23.287  1565  1583 I LSPosed-Bridge: 	at android.os.IPermissionController$Stub.onTransact(IPermissionController.java:56)

06-18 16:37:23.287  1565  1583 I LSPosed-Bridge: 	at android.os.Binder.execTransact(Binder.java:731)

06-18 16:37:23.287   913 27706 W ServiceManager: Permission failure: android.permission.CAMERA from uid=10131 pid=5214

06-18 16:37:23.287   913 27706 E CameraService: Permission Denial: can't use the camera pid=5214, uid=10131

06-18 16:37:23.391  1565  1583 I LSPosed-Bridge: 5214 PermLabel 10131 AMS.checkPermission: Binder.getCallingPid() = 913; uid = 10131; Binder.getCallingUid() = 1047; getNameForUid: null; getPackagesForUid: null; permName: android.permission.CAMERA; type = 1; res = -1; stacktrace=java.lang.Exception

06-18 16:37:23.391  1565  1583 I LSPosed-Bridge: 	at com.example.permlabel.requirePerm$1$2.afterHookedMethod(requirePerm.java:134)

06-18 16:37:23.391  1565  1583 I LSPosed-Bridge: 	at de.robv.android.xposed.XposedBridge$AdditionalHookInfo.callback(Unknown Source:147)

06-18 16:37:23.391  1565  1583 I LSPosed-Bridge: 	at LSPHooker_.checkPermission(Unknown Source:25)

06-18 16:37:23.391  1565  1583 I LSPosed-Bridge: 	at com.android.server.am.ActivityManagerService$PermissionController.checkPermission(ActivityManagerService.java:9248)

06-18 16:37:23.391  1565  1583 I LSPosed-Bridge: 	at android.os.IPermissionController$Stub.onTransact(IPermissionController.java:56)

06-18 16:37:23.391  1565  1583 I LSPosed-Bridge: 	at android.os.Binder.execTransact(Binder.java:731)

06-18 16:37:23.391   913 27706 W ServiceManager: Permission failure: android.permission.CAMERA from uid=10131 pid=5214

06-18 16:37:23.391   913 27706 E CameraService: Permission Denial: can't use the camera pid=5214, uid=10131

06-18 16:37:23.495  1565  1583 I LSPosed-Bridge: 5214 PermLabel 10131 AMS.checkPermission: Binder.getCallingPid() = 913; uid = 10131; Binder.getCallingUid() = 1047; getNameForUid: null; getPackagesForUid: null; permName: android.permission.CAMERA; type = 1; res = -1; stacktrace=java.lang.Exception

06-18 16:37:23.495  1565  1583 I LSPosed-Bridge: 	at com.example.permlabel.requirePerm$1$2.afterHookedMethod(requirePerm.java:134)

06-18 16:37:23.495  1565  1583 I LSPosed-Bridge: 	at de.robv.android.xposed.XposedBridge$AdditionalHookInfo.callback(Unknown Source:147)

06-18 16:37:23.495  1565  1583 I LSPosed-Bridge: 	at LSPHooker_.checkPermission(Unknown Source:25)

06-18 16:37:23.495  1565  1583 I LSPosed-Bridge: 	at com.android.server.am.ActivityManagerService$PermissionController.checkPermission(ActivityManagerService.java:9248)

06-18 16:37:23.495  1565  1583 I LSPosed-Bridge: 	at android.os.IPermissionController$Stub.onTransact(IPermissionController.java:56)

06-18 16:37:23.495  1565  1583 I LSPosed-Bridge: 	at android.os.Binder.execTransact(Binder.java:731)

06-18 16:37:23.495   913 27706 W ServiceManager: Permission failure: android.permission.CAMERA from uid=10131 pid=5214

06-18 16:37:23.495   913 27706 E CameraService: Permission Denial: can't use the camera pid=5214, uid=10131

06-18 16:37:23.598  1565  1852 I LSPosed-Bridge: 5214 PermLabel 10131 AMS.checkPermission: Binder.getCallingPid() = 913; uid = 10131; Binder.getCallingUid() = 1047; getNameForUid: null; getPackagesForUid: null; permName: android.permission.CAMERA; type = 1; res = -1; stacktrace=java.lang.Exception

06-18 16:37:23.598  1565  1852 I LSPosed-Bridge: 	at com.example.permlabel.requirePerm$1$2.afterHookedMethod(requirePerm.java:134)

06-18 16:37:23.598  1565  1852 I LSPosed-Bridge: 	at de.robv.android.xposed.XposedBridge$AdditionalHookInfo.callback(Unknown Source:147)

06-18 16:37:23.598  1565  1852 I LSPosed-Bridge: 	at LSPHooker_.checkPermission(Unknown Source:25)

06-18 16:37:23.598  1565  1852 I LSPosed-Bridge: 	at com.android.server.am.ActivityManagerService$PermissionController.checkPermission(ActivityManagerService.java:9248)

06-18 16:37:23.598  1565  1852 I LSPosed-Bridge: 	at android.os.IPermissionController$Stub.onTransact(IPermissionController.java:56)

06-18 16:37:23.598  1565  1852 I LSPosed-Bridge: 	at android.os.Binder.execTransact(Binder.java:731)

06-18 16:37:23.598   913 27706 W ServiceManager: Permission failure: android.permission.CAMERA from uid=10131 pid=5214

06-18 16:37:23.598   913 27706 E CameraService: Permission Denial: can't use the camera pid=5214, uid=10131

06-18 16:37:23.702  1565  1852 I LSPosed-Bridge: 5214 PermLabel 10131 AMS.checkPermission: Binder.getCallingPid() = 913; uid = 10131; Binder.getCallingUid() = 1047; getNameForUid: null; getPackagesForUid: null; permName: android.permission.CAMERA; type = 1; res = -1; stacktrace=java.lang.Exception

06-18 16:37:23.702  1565  1852 I LSPosed-Bridge: 	at com.example.permlabel.requirePerm$1$2.afterHookedMethod(requirePerm.java:134)

06-18 16:37:23.702  1565  1852 I LSPosed-Bridge: 	at de.robv.android.xposed.XposedBridge$AdditionalHookInfo.callback(Unknown Source:147)

06-18 16:37:23.702  1565  1852 I LSPosed-Bridge: 	at LSPHooker_.checkPermission(Unknown Source:25)

06-18 16:37:23.702  1565  1852 I LSPosed-Bridge: 	at com.android.server.am.ActivityManagerService$PermissionController.checkPermission(ActivityManagerService.java:9248)

06-18 16:37:23.702  1565  1852 I LSPosed-Bridge: 	at android.os.IPermissionController$Stub.onTransact(IPermissionController.java:56)

06-18 16:37:23.702  1565  1852 I LSPosed-Bridge: 	at android.os.Binder.execTransact(Binder.java:731)

06-18 16:37:23.806  1565  1852 I LSPosed-Bridge: 5214 PermLabel 10131 AMS.checkPermission: Binder.getCallingPid() = 913; uid = 10131; Binder.getCallingUid() = 1047; getNameForUid: null; getPackagesForUid: null; permName: android.permission.CAMERA; type = 1; res = -1; stacktrace=java.lang.Exception

06-18 16:37:23.806  1565  1852 I LSPosed-Bridge: 	at com.example.permlabel.requirePerm$1$2.afterHookedMethod(requirePerm.java:134)

06-18 16:37:23.806  1565  1852 I LSPosed-Bridge: 	at de.robv.android.xposed.XposedBridge$AdditionalHookInfo.callback(Unknown Source:147)

06-18 16:37:23.806  1565  1852 I LSPosed-Bridge: 	at LSPHooker_.checkPermission(Unknown Source:25)

06-18 16:37:23.806  1565  1852 I LSPosed-Bridge: 	at com.android.server.am.ActivityManagerService$PermissionController.checkPermission(ActivityManagerService.java:9248)

06-18 16:37:23.806  1565  1852 I LSPosed-Bridge: 	at android.os.IPermissionController$Stub.onTransact(IPermissionController.java:56)

06-18 16:37:23.806  1565  1852 I LSPosed-Bridge: 	at android.os.Binder.execTransact(Binder.java:731)

06-18 16:37:23.806   913 27706 W ServiceManager: Permission failure: android.permission.CAMERA from uid=10131 pid=5214

06-18 16:37:23.806   913 27706 E CameraService: Permission Denial: can't use the camera pid=5214, uid=10131

06-18 16:37:23.806  5214  5574 W CameraBase: An error occurred while connecting to camera 0: Status(-8): '1: validateClientPermissionsLocked:906: Caller "com.hsv.freeadblockerbrowser" (PID 10131, UID 5214) cannot open camera "0" without camera permission'

06-18 16:37:23.807  5214  5574 E Camera  : Camera  err=-13

06-18 16:37:23.807  5214  5574 I LSPosed-Bridge: 5214 PermLabel 10131 android.permission.CAMERA open cameraId: 0; res= null; stacktrace=java.lang.Exception

06-18 16:37:23.807  5214  5574 I LSPosed-Bridge: 	at com.example.permlabel.hookCamera$3.afterHookedMethod(hookCamera.java:49)

06-18 16:37:23.807  5214  5574 I LSPosed-Bridge: 	at de.robv.android.xposed.XposedBridge$AdditionalHookInfo.callback(Unknown Source:147)

06-18 16:37:23.807  5214  5574 I LSPosed-Bridge: 	at LSPHooker_.open(Unknown Source:12)

06-18 16:37:23.807  5214  5574 I LSPosed-Bridge: 	at eh2.b(PG:1)

06-18 16:37:23.807  5214  5574 I LSPosed-Bridge: 	at org.chromium.media.VideoCaptureFactory.getDeviceSupportedFormats(PG:2)

06-18 16:37:23.807  5214  5574 E cr_VideoCapture: Camera.open: 

06-18 16:37:23.807  5214  5574 E cr_VideoCapture: java.lang.RuntimeException: Fail to connect to camera service

06-18 16:37:23.807  5214  5574 E cr_VideoCapture: 	at android.hardware.Camera.<init>(Camera.java:669)

06-18 16:37:23.807  5214  5574 E cr_VideoCapture: 	at android.hardware.Camera.open(Camera.java:460)

06-18 16:37:23.807  5214  5574 E cr_VideoCapture: 	at java.lang.reflect.Method.invoke(Native Method)

06-18 16:37:23.807  5214  5574 E cr_VideoCapture: 	at org.lsposed.lspd.nativebridge.HookBridge.invokeOriginalMethod(Native Method)

06-18 16:37:23.807  5214  5574 E cr_VideoCapture: 	at de.robv.android.xposed.XposedBridge$AdditionalHookInfo.callback(Unknown Source:110)

06-18 16:37:23.807  5214  5574 E cr_VideoCapture: 	at LSPHooker_.open(Unknown Source:12)

06-18 16:37:23.807  5214  5574 E cr_VideoCapture: 	at eh2.b(PG:1)

06-18 16:37:23.807  5214  5574 E cr_VideoCapture: 	at org.chromium.media.VideoCaptureFactory.getDeviceSupportedFormats(PG:2)

06-18 16:40:28.355  5214  5574 I LSPosed-Bridge: 5214 PermLabel 10131 android.permission.CAMERA getCameraInfo args0: 1; args1: android.hardware.Camera$CameraInfo@6fe73a2; res= null; stacktrace=java.lang.Exception

06-18 16:40:28.355  5214  5574 I LSPosed-Bridge: 	at com.example.permlabel.hookCamera$1.afterHookedMethod(hookCamera.java:21)

06-18 16:40:28.355  5214  5574 I LSPosed-Bridge: 	at de.robv.android.xposed.XposedBridge$AdditionalHookInfo.callback(Unknown Source:147)

06-18 16:40:28.355  5214  5574 I LSPosed-Bridge: 	at LSPHooker_.getCameraInfo(Unknown Source:15)

06-18 16:40:28.355  5214  5574 I LSPosed-Bridge: 	at eh2.a(PG:2)

06-18 16:40:28.355  5214  5574 I LSPosed-Bridge: 	at org.chromium.media.VideoCaptureFactory.getDeviceName(PG:2)

06-18 16:40:28.355  5214  5574 E libc    : Access denied finding property "vendor.camera.aux.packagelist"

06-18 16:40:28.371  5214  5574 I LSPosed-Bridge: 5214 PermLabel 10131 android.permission.CAMERA getCameraInfo args0: 1; args1: android.hardware.Camera$CameraInfo@44cf7f0; res= null; stacktrace=java.lang.Exception

06-18 16:40:28.371  5214  5574 I LSPosed-Bridge: 	at com.example.permlabel.hookCamera$1.afterHookedMethod(hookCamera.java:21)

06-18 16:40:28.371  5214  5574 I LSPosed-Bridge: 	at de.robv.android.xposed.XposedBridge$AdditionalHookInfo.callback(Unknown Source:147)

06-18 16:40:28.371  5214  5574 I LSPosed-Bridge: 	at LSPHooker_.getCameraInfo(Unknown Source:15)

06-18 16:40:28.371  5214  5574 I LSPosed-Bridge: 	at eh2.a(PG:2)

06-18 16:40:28.371  5214  5574 I LSPosed-Bridge: 	at org.chromium.media.VideoCaptureFactory.getCaptureApiType(PG:2)

06-18 16:40:28.371  5214  5574 E libc    : Access denied finding property "vendor.camera.aux.packagelist"

06-18 16:40:28.384  5214  5574 I LSPosed-Bridge: 5214 PermLabel 10131 android.permission.CAMERA getCameraInfo args0: 1; args1: android.hardware.Camera$CameraInfo@a7427ee; res= null; stacktrace=java.lang.Exception

06-18 16:40:28.384  5214  5574 I LSPosed-Bridge: 	at com.example.permlabel.hookCamera$1.afterHookedMethod(hookCamera.java:21)

06-18 16:40:28.384  5214  5574 I LSPosed-Bridge: 	at de.robv.android.xposed.XposedBridge$AdditionalHookInfo.callback(Unknown Source:147)

06-18 16:40:28.384  5214  5574 I LSPosed-Bridge: 	at LSPHooker_.getCameraInfo(Unknown Source:15)

06-18 16:40:28.384  5214  5574 I LSPosed-Bridge: 	at eh2.a(PG:2)

06-18 16:40:28.384  5214  5574 I LSPosed-Bridge: 	at org.chromium.media.VideoCaptureFactory.getFacingMode(PG:2)

06-18 16:40:28.384  5214  5574 E libc    : Access denied finding property "vendor.camera.aux.packagelist"

06-18 16:40:28.394  5214  5574 I LSPosed-Bridge: 5214 PermLabel 10131 android.permission.CAMERA getCameraInfo args0: 0; args1: android.hardware.Camera$CameraInfo@f5546c6; res= null; stacktrace=java.lang.Exception

06-18 16:40:28.394  5214  5574 I LSPosed-Bridge: 	at com.example.permlabel.hookCamera$1.afterHookedMethod(hookCamera.java:21)

06-18 16:40:28.394  5214  5574 I LSPosed-Bridge: 	at de.robv.android.xposed.XposedBridge$AdditionalHookInfo.callback(Unknown Source:147)

06-18 16:40:28.394  5214  5574 I LSPosed-Bridge: 	at LSPHooker_.getCameraInfo(Unknown Source:15)

06-18 16:40:28.394  5214  5574 I LSPosed-Bridge: 	at eh2.a(PG:2)

06-18 16:40:28.394  5214  5574 I LSPosed-Bridge: 	at org.chromium.media.VideoCaptureFactory.getDeviceName(PG:2)

06-18 16:40:28.407  5214  5574 I LSPosed-Bridge: 5214 PermLabel 10131 android.permission.CAMERA getCameraInfo args0: 0; args1: android.hardware.Camera$CameraInfo@fb539b4; res= null; stacktrace=java.lang.Exception

06-18 16:40:28.407  5214  5574 I LSPosed-Bridge: 	at com.example.permlabel.hookCamera$1.afterHookedMethod(hookCamera.java:21)

06-18 16:40:28.407  5214  5574 I LSPosed-Bridge: 	at de.robv.android.xposed.XposedBridge$AdditionalHookInfo.callback(Unknown Source:147)

06-18 16:40:28.407  5214  5574 I LSPosed-Bridge: 	at LSPHooker_.getCameraInfo(Unknown Source:15)

06-18 16:40:28.407  5214  5574 I LSPosed-Bridge: 	at eh2.a(PG:2)

06-18 16:40:28.407  5214  5574 I LSPosed-Bridge: 	at org.chromium.media.VideoCaptureFactory.getCaptureApiType(PG:2)

06-18 16:40:28.407  5214  5574 E libc    : Access denied finding property "vendor.camera.aux.packagelist"

06-18 16:40:28.422  5214  5574 I LSPosed-Bridge: 5214 PermLabel 10131 android.permission.CAMERA getCameraInfo args0: 0; args1: android.hardware.Camera$CameraInfo@5cf0952; res= null; stacktrace=java.lang.Exception

06-18 16:40:28.422  5214  5574 I LSPosed-Bridge: 	at com.example.permlabel.hookCamera$1.afterHookedMethod(hookCamera.java:21)

06-18 16:40:28.422  5214  5574 I LSPosed-Bridge: 	at de.robv.android.xposed.XposedBridge$AdditionalHookInfo.callback(Unknown Source:147)

06-18 16:40:28.422  5214  5574 I LSPosed-Bridge: 	at LSPHooker_.getCameraInfo(Unknown Source:15)

06-18 16:40:28.422  5214  5574 I LSPosed-Bridge: 	at eh2.a(PG:2)

06-18 16:40:28.422  5214  5574 I LSPosed-Bridge: 	at org.chromium.media.VideoCaptureFactory.getFacingMode(PG:2)
