09-02 21:53:42.562  6098  8072 I LSPosed-Bridge: 	at LSPHooker_.getCellLocation(Unknown Source:8)

09-02 21:53:42.562  6098  8072 I LSPosed-Bridge: 	at c.t.m.g.fi.a(TL:95)

09-02 21:53:42.562  6098  8072 I LSPosed-Bridge: 	at c.t.m.g.er$a.a(TL:285)

09-02 21:53:42.562  6098  8072 I LSPosed-Bridge: 	at c.t.m.g.er$a.handleMessage(TL:267)

09-02 21:53:42.562  6098  8072 I LSPosed-Bridge: 	at android.os.Handler.dispatchMessage(Handler.java:106)

09-02 21:53:42.562  6098  8072 I LSPosed-Bridge: 	at android.os.Looper.loop(Looper.java:193)

09-02 21:53:42.562  6098  8072 I LSPosed-Bridge: 	at android.os.HandlerThread.run(HandlerThread.java:65)

09-02 21:53:42.562  1567  5530 I LSPosed-Bridge: 6098 PermLabel 10114 AMS.checkPermission: Binder.getCallingPid() = 1709; uid = 10114; Binder.getCallingUid() = 1002; getNameForUid: android.uid.bluetooth:1002; getPackagesForUid: [com.android.bluetooth, org.codeaurora.bluetooth]; permName: android.permission.BLUETOOTH; type = 0; res = 0; stacktrace=java.lang.Exception

09-02 21:53:42.562  1567  5530 I LSPosed-Bridge: 	at com.example.permlabel.requirePerm$1$2.afterHookedMethod(requirePerm.java:114)

09-02 21:53:42.562  1567  5530 I LSPosed-Bridge: 	at de.robv.android.xposed.XposedBridge$AdditionalHookInfo.callback(Unknown Source:147)

09-02 21:53:42.562  1567  5530 I LSPosed-Bridge: 	at LSPHooker_.checkPermission(Unknown Source:25)

09-02 21:53:42.562  1567  5530 I LSPosed-Bridge: 	at android.app.IActivityManager$Stub.onTransact(IActivityManager.java:664)

09-02 21:53:42.562  1567  5530 I LSPosed-Bridge: 	at com.android.server.am.ActivityManagerService.onTransact(ActivityManagerService.java:3346)

09-02 21:53:42.562  1567  5530 I LSPosed-Bridge: 	at android.os.Binder.execTransact(Binder.java:731)

09-02 21:53:44.577  6098  8048 I LSPosed-Bridge: 6098 PermLabel 10114; permName: android.permission.ACCESS_FINE_LOCATION startScan res = null; stacktrace=java.lang.Exception

09-02 21:53:44.577  6098  8048 I LSPosed-Bridge: 	at com.example.permlabel.hookBluetooth$8.afterHookedMethod(hookBluetooth.java:80)

09-02 21:53:44.577  6098  8048 I LSPosed-Bridge: 	at de.robv.android.xposed.XposedBridge$AdditionalHookInfo.callback(Unknown Source:147)

09-02 21:53:44.577  6098  8048 I LSPosed-Bridge: 	at LSPHooker_.startScan(Unknown Source:17)

09-02 21:53:44.577  6098  8048 I LSPosed-Bridge: 	at c.t.m.g.ek.c(TL:247)

09-02 21:53:44.577  6098  8048 I LSPosed-Bridge: 	at c.t.m.g.ek.c(TL:32)

09-02 21:53:44.577  6098  8048 I LSPosed-Bridge: 	at c.t.m.g.ek$a.handleMessage(TL:1123)

09-02 21:53:44.577  6098  8048 I LSPosed-Bridge: 	at android.os.Handler.dispatchMessage(Handler.java:106)

09-02 21:53:44.577  6098  8048 I LSPosed-Bridge: 	at android.os.Looper.loop(Looper.java:193)

09-02 21:53:44.577  6098  8048 I LSPosed-Bridge: 	at android.os.HandlerThread.run(HandlerThread.java:65)

09-02 21:53:44.577  6098  8048 I LSPosed-Bridge: 6098 PermLabel 10114; permName: android.permission.ACCESS_COARSE_LOCATION; startScan res = null; stacktrace=java.lang.Exception

09-02 21:53:44.577  6098  8048 I LSPosed-Bridge: 	at com.example.permlabel.hookBluetooth$6.afterHookedMethod(hookBluetooth.java:66)

09-02 21:53:44.577  6098  8048 I LSPosed-Bridge: 	at de.robv.android.xposed.XposedBridge$AdditionalHookInfo.callback(Unknown Source:147)

09-02 21:53:44.577  6098  8048 I LSPosed-Bridge: 	at LSPHooker_.startScan(Unknown Source:17)

09-02 21:53:44.577  6098  8048 I LSPosed-Bridge: 	at c.t.m.g.ek.c(TL:247)

09-02 21:53:44.577  6098  8048 I LSPosed-Bridge: 	at c.t.m.g.ek.c(TL:32)

09-02 21:53:44.577  6098  8048 I LSPosed-Bridge: 	at c.t.m.g.ek$a.handleMessage(TL:1123)

09-02 21:53:44.577  6098  8048 I LSPosed-Bridge: 	at android.os.Handler.dispatchMessage(Handler.java:106)

09-02 21:53:44.577  6098  8048 I LSPosed-Bridge: 	at android.os.Looper.loop(Looper.java:193)

09-02 21:53:44.577  6098  8048 I LSPosed-Bridge: 	at android.os.HandlerThread.run(HandlerThread.java:65)

09-02 21:53:44.577  6098  8048 I LSPosed-Bridge: 6098 PermLabel 10114; permName: android.permission.BLUETOOTH_ADMIN; startScan res = null; stacktrace=java.lang.Exception

09-02 21:53:44.577  6098  8048 I LSPosed-Bridge: 	at com.example.permlabel.hookBluetooth$4.afterHookedMethod(hookBluetooth.java:52)

09-02 21:53:44.577  6098  8048 I LSPosed-Bridge: 	at de.robv.android.xposed.XposedBridge$AdditionalHookInfo.callback(Unknown Source:147)

09-02 21:53:44.577  6098  8048 I LSPosed-Bridge: 	at LSPHooker_.startScan(Unknown Source:17)

09-02 21:53:44.577  6098  8048 I LSPosed-Bridge: 	at c.t.m.g.ek.c(TL:247)

09-02 21:53:44.577  6098  8048 I LSPosed-Bridge: 	at c.t.m.g.ek.c(TL:32)

09-02 21:53:44.577  6098  8048 I LSPosed-Bridge: 	at c.t.m.g.ek$a.handleMessage(TL:1123)

09-02 21:53:44.577  6098  8048 I LSPosed-Bridge: 	at android.os.Handler.dispatchMessage(Handler.java:106)

09-02 21:53:44.577  6098  8048 I LSPosed-Bridge: 	at android.os.Looper.loop(Looper.java:193)

09-02 21:53:44.577  6098  8048 I LSPosed-Bridge: 	at android.os.HandlerThread.run(HandlerThread.java:65)

09-02 21:53:44.580  1567  1854 I LSPosed-Bridge: 6098 PermLabel 10114 AMS.checkPermission: Binder.getCallingPid() = 6098; uid = 10114; Binder.getCallingUid() = 10114; getNameForUid: com.klook; getPackagesForUid: [com.klook]; permName: android.permission.ACCESS_NETWORK_STATE; type = 0; res = 0; stacktrace=java.lang.Exception

09-02 21:53:44.580  1567  1854 I LSPosed-Bridge: 	at com.example.permlabel.requirePerm$1$2.afterHookedMethod(requirePerm.java:114)

09-02 21:53:44.580  1567  1854 I LSPosed-Bridge: 	at de.robv.android.xposed.XposedBridge$AdditionalHookInfo.callback(Unknown Source:147)

09-02 21:53:44.580  1567  1854 I LSPosed-Bridge: 	at LSPHooker_.checkPermission(Unknown Source:25)

09-02 21:53:44.580  1567  1854 I LSPosed-Bridge: 	at android.app.ContextImpl.checkPermission(ContextImpl.java:1751)

09-02 21:53:44.580  1567  1854 I LSPosed-Bridge: 	at android.app.ContextImpl.checkCallingOrSelfPermission(ContextImpl.java:1791)

09-02 21:53:44.580  1567  1854 I LSPosed-Bridge: 	at android.app.ContextImpl.enforceCallingOrSelfPermission(ContextImpl.java:1841)

09-02 21:53:44.580  1567  1854 I LSPosed-Bridge: 	at com.android.server.ConnectivityService.enforceAccessPermission(ConnectivityService.java:1672)

09-02 21:53:44.580  1567  1854 I LSPosed-Bridge: 	at com.android.server.ConnectivityService.getNetworkInfo(ConnectivityService.java:1244)

09-02 21:53:44.580  1567  1854 I LSPosed-Bridge: 	at android.net.IConnectivityManager$Stub.onTransact(IConnectivityManager.java:119)

09-02 21:53:44.580  1567  1854 I LSPosed-Bridge: 	at android.os.Binder.execTransact(Binder.java:731)

09-02 21:53:44.580  8366  8397 I FileLockLib: [8366]file 40 unlocked. fl.pid=0

09-02 21:53:44.580  1567  4985 I LSPosed-Bridge: 6098 PermLabel 10114 AMS.checkPermission: Binder.getCallingPid() = 1895; uid = 10114; Binder.getCallingUid() = 1001; getNameForUid: android.uid.phone:1001; getPackagesForUid: [com.qualcomm.qti.networksetting, com.qualcomm.qti.telephonyservice, com.qualcomm.qti.lpa, com.qualcomm.qti.callfeaturessetting, com.qualcomm.qti.ims, com.android.providers.telephony, com.qualcomm.qti.uim, com.android.stk, com.qti.qualcomm.deviceinfo, com.qti.xdivert, com.android.mms.service, com.qualcomm.simcontacts, com.qti.confuridialer, com.android.phone, com.qti.qualcomm.datastatusnotification, org.codeaurora.ims, com.qualcomm.qti.autoregistration, com.qualcomm.qcrilmsgtunnel]; permName: android.permission.ACCESS_COARSE_LOCATION; type = 1; res = -1; stacktrace=java.lang.Exception

09-02 21:53:44.580  1567  4985 I LSPosed-Bridge: 	at com.example.permlabel.requirePerm$1$2.afterHookedMethod(requirePerm.java:120)

09-02 21:53:44.580  1567  4985 I LSPosed-Bridge: 	at de.robv.android.xposed.XposedBridge$AdditionalHookInfo.callback(Unknown Source:147)

09-02 21:53:44.580  1567  4985 I LSPosed-Bridge: 	at LSPHooker_.checkPermission(Unknown Source:25)

09-02 21:53:44.580  1567  4985 I LSPosed-Bridge: 	at android.app.IActivityManager$Stub.onTransact(IActivityManager.java:664)

09-02 21:53:44.580  1567  4985 I LSPosed-Bridge: 	at com.android.server.am.ActivityManagerService.onTransact(ActivityManagerService.java:3346)

09-02 21:53:44.580  1567  4985 I LSPosed-Bridge: 	at android.os.Binder.execTransact(Binder.java:731)

09-02 21:53:44.583  6098  8072 I LSPosed-Bridge: 6098 PermLabel hookBinder_test 10114 interfaceBinder =com.android.internal.telephony.ITelephony; arg0 = 82; arg1 = android.os.Parcel@59cf46c; arg2 = android.os.Parcel@b62bf60; arg3 = 0; res = true; stacktrace=java.lang.Exception

09-02 21:53:44.583  6098  8072 I LSPosed-Bridge: 	at com.example.permlabel.hookBinder_test$1.afterHookedMethod(hookBinder_test.java:45)

09-02 21:53:44.583  6098  8072 I LSPosed-Bridge: 	at de.robv.android.xposed.XposedBridge$AdditionalHookInfo.callback(Unknown Source:147)

09-02 21:53:44.583  6098  8072 I LSPosed-Bridge: 	at LSPHooker_.transact(Unknown Source:28)

09-02 21:53:44.583  6098  8072 I LSPosed-Bridge: 	at com.android.internal.telephony.ITelephony$Stub$Proxy.getAllCellInfo(ITelephony.java:3940)

09-02 21:53:44.583  6098  8072 I LSPosed-Bridge: 	at android.telephony.TelephonyManager.getAllCellInfo(TelephonyManager.java:4406)

09-02 21:53:44.583  6098  8072 I LSPosed-Bridge: 	at java.lang.reflect.Method.invoke(Native Method)

09-02 21:53:44.583  6098  8072 I LSPosed-Bridge: 	at org.lsposed.lspd.nativebridge.HookBridge.invokeOriginalMethod(Native Method)

09-02 21:53:44.583  6098  8072 I LSPosed-Bridge: 	at de.robv.android.xposed.XposedBridge$AdditionalHookInfo.callback(Unknown Source:110)

09-02 21:53:44.583  6098  8072 I LSPosed-Bridge: 	at LSPHooker_.getAllCellInfo(Unknown Source:8)

09-02 21:53:44.583  6098  8072 I LSPosed-Bridge: 	at c.t.m.g.fi.b(TL:156)

09-02 21:53:44.583  6098  8072 I LSPosed-Bridge: 	at c.t.m.g.er$a.a(TL:276)

09-02 21:53:44.583  6098  8072 I LSPosed-Bridge: 	at c.t.m.g.er$a.handleMessage(TL:267)

09-02 21:53:44.583  6098  8072 I LSPosed-Bridge: 	at android.os.Handler.dispatchMessage(Handler.java:106)

09-02 21:53:44.583  6098  8072 I LSPosed-Bridge: 	at android.os.Looper.loop(Looper.java:193)

09-02 21:53:44.583  6098  8072 I LSPosed-Bridge: 	at android.os.HandlerThread.run(HandlerThread.java:65)

09-02 21:53:44.583   550   550 I ConfigStore: android::hardware::configstore::V1_0::ISurfaceFlingerConfigs::hasHDRDisplay retrieved: 0

09-02 21:53:44.583  6098  8072 I LSPosed-Bridge: 6098 PermLabel 10114; permName: android.permission.ACCESS_COARSE_LOCATION; getAllCellInfo res = null; stacktrace=java.lang.Exception

09-02 21:53:44.583  6098  8072 I LSPosed-Bridge: 	at com.example.permlabel.hookLocationExtra_test$4.afterHookedMethod(hookLocationExtra_test.java:56)

09-02 21:53:44.583  6098  8072 I LSPosed-Bridge: 	at de.robv.android.xposed.XposedBridge$AdditionalHookInfo.callback(Unknown Source:147)

09-02 21:53:44.583  6098  8072 I LSPosed-Bridge: 	at LSPHooker_.getAllCellInfo(Unknown Source:8)

09-02 21:53:44.583  6098  8072 I LSPosed-Bridge: 	at c.t.m.g.fi.b(TL:156)

09-02 21:53:44.583  6098  8072 I LSPosed-Bridge: 	at c.t.m.g.er$a.a(TL:276)

09-02 21:53:44.583  6098  8072 I LSPosed-Bridge: 	at c.t.m.g.er$a.handleMessage(TL:267)

09-02 21:53:44.583  6098  8072 I LSPosed-Bridge: 	at android.os.Handler.dispatchMessage(Handler.java:106)

09-02 21:53:44.583  6098  8072 I LSPosed-Bridge: 	at android.os.Looper.loop(Looper.java:193)

09-02 21:53:44.583  6098  8072 I LSPosed-Bridge: 	at android.os.HandlerThread.run(HandlerThread.java:65)

09-02 21:53:44.598  1567  4985 I LSPosed-Bridge: 6098 PermLabel 10114 AMS.checkPermission: Binder.getCallingPid() = 1895; uid = 10114; Binder.getCallingUid() = 1001; getNameForUid: android.uid.phone:1001; getPackagesForUid: [com.qualcomm.qti.networksetting, com.qualcomm.qti.telephonyservice, com.qualcomm.qti.lpa, com.qualcomm.qti.callfeaturessetting, com.qualcomm.qti.ims, com.android.providers.telephony, com.qualcomm.qti.uim, com.android.stk, com.qti.qualcomm.deviceinfo, com.qti.xdivert, com.android.mms.service, com.qualcomm.simcontacts, com.qti.confuridialer, com.android.phone, com.qti.qualcomm.datastatusnotification, org.codeaurora.ims, com.qualcomm.qti.autoregistration, com.qualcomm.qcrilmsgtunnel]; permName: android.permission.ACCESS_COARSE_LOCATION; type = 1; res = -1; stacktrace=java.lang.Exception

09-02 21:53:44.598  1567  4985 I LSPosed-Bridge: 	at com.example.permlabel.requirePerm$1$2.afterHookedMethod(requirePerm.java:120)

09-02 21:53:44.598  1567  4985 I LSPosed-Bridge: 	at de.robv.android.xposed.XposedBridge$AdditionalHookInfo.callback(Unknown Source:147)

09-02 21:53:44.598  1567  4985 I LSPosed-Bridge: 	at LSPHooker_.checkPermission(Unknown Source:25)

09-02 21:53:44.598  1567  4985 I LSPosed-Bridge: 	at android.app.IActivityManager$Stub.onTransact(IActivityManager.java:664)

09-02 21:53:44.598  1567  4985 I LSPosed-Bridge: 	at com.android.server.am.ActivityManagerService.onTransact(ActivityManagerService.java:3346)

09-02 21:53:44.598  1567  4985 I LSPosed-Bridge: 	at android.os.Binder.execTransact(Binder.java:731)

09-02 21:53:44.606  6098  8048 I LSPosed-Bridge: 6098 PermLabel hookBinder_test 10114 interfaceBinder =android.net.wifi.IWifiManager; arg0 = 20; arg1 = android.os.Parcel@59cf46c; arg2 = android.os.Parcel@e3bcf53; arg3 = 0; res = true; stacktrace=java.lang.Exception

09-02 21:53:44.606  6098  8048 I LSPosed-Bridge: 	at com.example.permlabel.hookBinder_test$1.afterHookedMethod(hookBinder_test.java:45)

09-02 21:53:44.606  6098  8048 I LSPosed-Bridge: 	at de.robv.android.xposed.XposedBridge$AdditionalHookInfo.callback(Unknown Source:147)

09-02 21:53:44.606  6098  8048 I LSPosed-Bridge: 	at LSPHooker_.transact(Unknown Source:28)

09-02 21:53:44.606  6098  8048 I LSPosed-Bridge: 	at android.net.wifi.IWifiManager$Stub$Proxy.getScanResults(IWifiManager.java:1378)

09-02 21:53:44.606  6098  8048 I LSPosed-Bridge: 	at android.net.wifi.WifiManager.getScanResults(WifiManager.java:1792)

09-02 21:53:44.606  6098  8048 I LSPosed-Bridge: 	at java.lang.reflect.Method.invoke(Native Method)

09-02 21:53:44.606  6098  8048 I LSPosed-Bridge: 	at org.lsposed.lspd.nativebridge.HookBridge.invokeOriginalMethod(Native Method)

09-02 21:53:44.606  6098  8048 I LSPosed-Bridge: 	at de.robv.android.xposed.XposedBridge$AdditionalHookInfo.callback(Unknown Source:110)

09-02 21:53:44.606  6098  8048 I LSPosed-Bridge: 	at LSPHooker_.getScanResults(Unknown Source:8)

09-02 21:53:44.606  6098  8048 I LSPosed-Bridge: 	at c.t.m.g.fq.c(TL:127)

09-02 21:53:44.606  6098  8048 I LSPosed-Bridge: 	at c.t.m.g.eu.a(TL:4221)

09-02 21:53:44.606  6098  8048 I LSPosed-Bridge: 	at c.t.m.g.eu$a.handleMessage(TL:259)

09-02 21:53:44.606  6098  8048 I LSPosed-Bridge: 	at android.os.Handler.dispatchMessage(Handler.java:106)

09-02 21:53:44.606  6098  8048 I LSPosed-Bridge: 	at android.os.Looper.loop(Looper.java:193)

09-02 21:53:44.606  6098  8048 I LSPosed-Bridge: 	at android.os.HandlerThread.run(HandlerThread.java:65)

09-02 21:53:44.606  6098  8072 I LSPosed-Bridge: 6098 PermLabel 10114; permName: android.permission.ACCESS_COARSE_LOCATION; getCellLocation res = null; stacktrace=java.lang.Exception

09-02 21:53:44.606  6098  8072 I LSPosed-Bridge: 	at com.example.permlabel.hookLocationExtra_test$3.afterHookedMethod(hookLocationExtra_test.java:49)

09-02 21:53:44.606  6098  8072 I LSPosed-Bridge: 	at de.robv.android.xposed.XposedBridge$AdditionalHookInfo.callback(Unknown Source:147)

09-02 21:53:44.606  6098  8072 I LSPosed-Bridge: 	at LSPHooker_.getCellLocation(Unknown Source:8)

09-02 21:53:44.606  6098  8072 I LSPosed-Bridge: 	at c.t.m.g.fi.a(TL:95)

09-02 21:53:44.606  6098  8072 I LSPosed-Bridge: 	at c.t.m.g.er$a.a(TL:285)

09-02 21:53:44.606  6098  8072 I LSPosed-Bridge: 	at c.t.m.g.er$a.handleMessage(TL:267)

09-02 21:53:44.606  6098  8072 I LSPosed-Bridge: 	at android.os.Handler.dispatchMessage(Handler.java:106)

09-02 21:53:44.606  6098  8072 I LSPosed-Bridge: 	at android.os.Looper.loop(Looper.java:193)

09-02 21:53:44.606  6098  8072 I LSPosed-Bridge: 	at android.os.HandlerThread.run(HandlerThread.java:65)

09-02 21:53:44.643  1567  4985 I LSPosed-Bridge: 6098 PermLabel 10114 AMS.checkPermission: Binder.getCallingPid() = 1895; uid = 10114; Binder.getCallingUid() = 1001; getNameForUid: android.uid.phone:1001; getPackagesForUid: [com.qualcomm.qti.networksetting, com.qualcomm.qti.telephonyservice, com.qualcomm.qti.lpa, com.qualcomm.qti.callfeaturessetting, com.qualcomm.qti.ims, com.android.providers.telephony, com.qualcomm.qti.uim, com.android.stk, com.qti.qualcomm.deviceinfo, com.qti.xdivert, com.android.mms.service, com.qualcomm.simcontacts, com.qti.confuridialer, com.android.phone, com.qti.qualcomm.datastatusnotification, org.codeaurora.ims, com.qualcomm.qti.autoregistration, com.qualcomm.qcrilmsgtunnel]; permName: android.permission.ACCESS_COARSE_LOCATION; type = 1; res = -1; stacktrace=java.lang.Exception

09-02 21:53:44.643  1567  4985 I LSPosed-Bridge: 	at com.example.permlabel.requirePerm$1$2.afterHookedMethod(requirePerm.java:120)

09-02 21:53:44.643  1567  4985 I LSPosed-Bridge: 	at de.robv.android.xposed.XposedBridge$AdditionalHookInfo.callback(Unknown Source:147)

09-02 21:53:44.643  1567  4985 I LSPosed-Bridge: 	at LSPHooker_.checkPermission(Unknown Source:25)

09-02 21:53:44.643  1567  4985 I LSPosed-Bridge: 	at android.app.IActivityManager$Stub.onTransact(IActivityManager.java:664)

09-02 21:53:44.643  1567  4985 I LSPosed-Bridge: 	at com.android.server.am.ActivityManagerService.onTransact(ActivityManagerService.java:3346)

09-02 21:53:44.643  1567  4985 I LSPosed-Bridge: 	at android.os.Binder.execTransact(Binder.java:731)

09-02 21:53:44.647  6098  8048 I LSPosed-Bridge: 6098 PermLabel 10114; permName: android.permission.ACCESS_COARSE_LOCATION; getCellLocation res = null; stacktrace=java.lang.Exception

09-02 21:53:44.647  6098  8048 I LSPosed-Bridge: 	at com.example.permlabel.hookLocationExtra_test$3.afterHookedMethod(hookLocationExtra_test.java:49)

09-02 21:53:44.647  6098  8048 I LSPosed-Bridge: 	at de.robv.android.xposed.XposedBridge$AdditionalHookInfo.callback(Unknown Source:147)

09-02 21:53:44.647  6098  8048 I LSPosed-Bridge: 	at LSPHooker_.getCellLocation(Unknown Source:8)

09-02 21:53:44.647  6098  8048 I LSPosed-Bridge: 	at c.t.m.g.fi.a(TL:95)

09-02 21:53:44.647  6098  8048 I LSPosed-Bridge: 	at c.t.m.g.ep.n(TL:50278)

09-02 21:53:44.647  6098  8048 I LSPosed-Bridge: 	at c.t.m.g.ep$a.handleMessage(TL:1379)

09-02 21:53:44.647  6098  8048 I LSPosed-Bridge: 	at android.os.Handler.dispatchMessage(Handler.java:106)

09-02 21:53:44.647  6098  8048 I LSPosed-Bridge: 	at android.os.Looper.loop(Looper.java:193)

09-02 21:53:44.647  6098  8048 I LSPosed-Bridge: 	at android.os.HandlerThread.run(HandlerThread.java:65)

09-02 21:53:51.624  6098  6098 I LSPosed-Bridge: 6098 PermLabel 10114 ContextImpl.checkPermission: pid = 6098; uid = 10114; permName: android.permission.ACCESS_COARSE_LOCATION; type = 1; res = -1; stacktrace=java.lang.Exception

09-02 21:53:51.624  6098  6098 I LSPosed-Bridge: 	at com.example.permlabel.requestPerm$2.afterHookedMethod(requestPerm.java:200)

09-02 21:53:51.624  6098  6098 I LSPosed-Bridge: 	at de.robv.android.xposed.XposedBridge$AdditionalHookInfo.callback(Unknown Source:147)

09-02 21:53:51.624  6098  6098 I LSPosed-Bridge: 	at LSPHooker_.checkPermission(Unknown Source:25)

09-02 21:53:51.624  6098  6098 I LSPosed-Bridge: 	at android.content.ContextWrapper.checkPermission(ContextWrapper.java:738)

09-02 21:53:51.624  6098  6098 I LSPosed-Bridge: 	at androidx.core.content.ContextCompat.checkSelfPermission(ContextCompat.java:15)

09-02 21:53:51.624  6098  6098 I LSPosed-Bridge: 	at com.baseflow.permissionhandler.t.d(PermissionManager.java:273)

09-02 21:53:51.624  6098  6098 I LSPosed-Bridge: 	at com.baseflow.permissionhandler.t.c(PermissionManager.java:1)

09-02 21:53:51.624  6098  6098 I LSPosed-Bridge: 	at com.baseflow.permissionhandler.l.onMethodCall(MethodCallHandlerImpl.java:148)

09-02 21:53:51.624  6098  6098 I LSPosed-Bridge: 	at io.flutter.plugin.common.MethodChannel$IncomingMethodCallHandler.onMessage(MethodChannel.java:18)

09-02 21:53:51.624  6098  6098 I LSPosed-Bridge: 	at io.flutter.embedding.engine.dart.DartMessenger.invokeHandler(DartMessenger.java:19)

09-02 21:53:51.624  6098  6098 I LSPosed-Bridge: 	at io.flutter.embedding.engine.dart.DartMessenger.lambda$dispatchMessageToQueue$0(DartMessenger.java:41)

09-02 21:53:51.624  6098  6098 I LSPosed-Bridge: 	at io.flutter.embedding.engine.dart.DartMessenger.a(Unknown Source:0)

09-02 21:53:51.624  6098  6098 I LSPosed-Bridge: 	at io.flutter.embedding.engine.dart.a.run(Unknown Source:12)

09-02 21:53:51.624  6098  6098 I LSPosed-Bridge: 	at android.os.Handler.handleCallback(Handler.java:873)

09-02 21:53:51.624  6098  6098 I LSPosed-Bridge: 	at android.os.Handler.dispatchMessage(Handler.java:99)

09-02 21:53:51.624  6098  6098 I LSPosed-Bridge: 	at android.os.Looper.loop(Looper.java:193)

09-02 21:53:51.624  6098  6098 I LSPosed-Bridge: 	at android.app.ActivityThread.main(ActivityThread.java:6692)

09-02 21:53:51.624  6098  6098 I LSPosed-Bridge: 	at java.lang.reflect.Method.invoke(Native Method)

09-02 21:53:51.624  6098  6098 I LSPosed-Bridge: 	at com.android.internal.os.RuntimeInit$MethodAndArgsCaller.run(RuntimeInit.java:493)

09-02 21:53:51.624  6098  6098 I LSPosed-Bridge: 	at com.android.internal.os.ZygoteInit.main(ZygoteInit.java:858)

09-02 21:53:53.759  6098  6098 I LSPosed-Bridge: 6098 PermLabel 10114 ContextImpl.checkPermission: pid = 6098; uid = 10114; permName: android.permission.ACCESS_COARSE_LOCATION; type = 1; res = -1; stacktrace=java.lang.Exception

09-02 21:53:53.759  6098  6098 I LSPosed-Bridge: 	at com.example.permlabel.requestPerm$2.afterHookedMethod(requestPerm.java:200)

09-02 21:53:53.759  6098  6098 I LSPosed-Bridge: 	at de.robv.android.xposed.XposedBridge$AdditionalHookInfo.callback(Unknown Source:147)

09-02 21:53:53.759  6098  6098 I LSPosed-Bridge: 	at LSPHooker_.checkPermission(Unknown Source:25)

09-02 21:53:53.759  6098  6098 I LSPosed-Bridge: 	at android.content.ContextWrapper.checkPermission(ContextWrapper.java:738)

09-02 21:53:53.759  6098  6098 I LSPosed-Bridge: 	at androidx.core.content.ContextCompat.checkSelfPermission(ContextCompat.java:15)

09-02 21:53:53.759  6098  6098 I LSPosed-Bridge: 	at com.baseflow.permissionhandler.t.d(PermissionManager.java:273)

09-02 21:53:53.759  6098  6098 I LSPosed-Bridge: 	at com.baseflow.permissionhandler.t.c(PermissionManager.java:1)

09-02 21:53:53.759  6098  6098 I LSPosed-Bridge: 	at com.baseflow.permissionhandler.l.onMethodCall(MethodCallHandlerImpl.java:148)

09-02 21:53:53.759  6098  6098 I LSPosed-Bridge: 	at io.flutter.plugin.common.MethodChannel$IncomingMethodCallHandler.onMessage(MethodChannel.java:18)

09-02 21:53:53.759  6098  6098 I LSPosed-Bridge: 	at io.flutter.embedding.engine.dart.DartMessenger.invokeHandler(DartMessenger.java:19)

09-02 21:53:53.759  6098  6098 I LSPosed-Bridge: 	at io.flutter.embedding.engine.dart.DartMessenger.lambda$dispatchMessageToQueue$0(DartMessenger.java:41)

09-02 21:53:53.759  6098  6098 I LSPosed-Bridge: 	at io.flutter.embedding.engine.dart.DartMessenger.a(Unknown Source:0)

09-02 21:53:53.759  6098  6098 I LSPosed-Bridge: 	at io.flutter.embedding.engine.dart.a.run(Unknown Source:12)

09-02 21:53:53.759  6098  6098 I LSPosed-Bridge: 	at android.os.Handler.handleCallback(Handler.java:873)

09-02 21:53:53.759  6098  6098 I LSPosed-Bridge: 	at android.os.Handler.dispatchMessage(Handler.java:99)

09-02 21:53:53.759  6098  6098 I LSPosed-Bridge: 	at android.os.Looper.loop(Looper.java:193)

09-02 21:53:53.759  6098  6098 I LSPosed-Bridge: 	at android.app.ActivityThread.main(ActivityThread.java:6692)

09-02 21:53:53.759  6098  6098 I LSPosed-Bridge: 	at java.lang.reflect.Method.invoke(Native Method)

09-02 21:53:53.759  6098  6098 I LSPosed-Bridge: 	at com.android.internal.os.RuntimeInit$MethodAndArgsCaller.run(RuntimeInit.java:493)

09-02 21:53:53.759  6098  6098 I LSPosed-Bridge: 	at com.android.internal.os.ZygoteInit.main(ZygoteInit.java:858)

09-02 21:53:53.759   550   550 I ConfigStore: android::hardware::configstore::V1_0::ISurfaceFlingerConfigs::hasHDRDisplay retrieved: 0

09-02 21:53:54.000  6098  6098 I LSPosed-Bridge: 6098 PermLabel hookBinder_test 10114 interfaceBinder =android.content.pm.IPackageManager; arg0 = 9; arg1 = android.os.Parcel@6b31d87; arg2 = android.os.Parcel@338b524; arg3 = 0; res = true; stacktrace=java.lang.Exception

09-02 21:53:54.000  6098  6098 I LSPosed-Bridge: 	at com.example.permlabel.hookBinder_test$1.afterHookedMethod(hookBinder_test.java:45)

09-02 21:53:54.000  6098  6098 I LSPosed-Bridge: 	at de.robv.android.xposed.XposedBridge$AdditionalHookInfo.callback(Unknown Source:147)

09-02 21:53:54.000  6098  6098 I LSPosed-Bridge: 	at LSPHooker_.transact(Unknown Source:28)

09-02 21:53:54.000  6098  6098 I LSPosed-Bridge: 	at android.content.pm.IPackageManager$Stub$Proxy.getPermissionInfo(IPackageManager.java:3008)

09-02 21:53:54.000  6098  6098 I LSPosed-Bridge: 	at android.app.ApplicationPackageManager.getPermissionInfo(ApplicationPackageManager.java:306)

09-02 21:53:54.000  6098  6098 I LSPosed-Bridge: 	at com.example.permlabel.requestPerm$2.afterHookedMethod(requestPerm.java:166)

09-02 21:53:54.000  6098  6098 I LSPosed-Bridge: 	at de.robv.android.xposed.XposedBridge$AdditionalHookInfo.callback(Unknown Source:147)

09-02 21:53:54.000  6098  6098 I LSPosed-Bridge: 	at LSPHooker_.checkPermission(Unknown Source:25)

09-02 21:53:54.000  6098  6098 I LSPosed-Bridge: 	at android.content.ContextWrapper.checkPermission(ContextWrapper.java:738)

09-02 21:53:54.000  6098  6098 I LSPosed-Bridge: 	at androidx.core.content.ContextCompat.checkSelfPermission(ContextCompat.java:15)

09-02 21:53:54.000  6098  6098 I LSPosed-Bridge: 	at com.baseflow.permissionhandler.t.d(PermissionManager.java:273)

09-02 21:53:54.000  6098  6098 I LSPosed-Bridge: 	at com.baseflow.permissionhandler.t.c(PermissionManager.java:1)

09-02 21:53:54.000  6098  6098 I LSPosed-Bridge: 	at com.baseflow.permissionhandler.l.onMethodCall(MethodCallHandlerImpl.java:148)

09-02 21:53:54.000  6098  6098 I LSPosed-Bridge: 	at io.flutter.plugin.common.MethodChannel$IncomingMethodCallHandler.onMessage(MethodChannel.java:18)

09-02 21:53:54.000  6098  6098 I LSPosed-Bridge: 	at io.flutter.embedding.engine.dart.DartMessenger.invokeHandler(DartMessenger.java:19)

09-02 21:53:54.000  6098  6098 I LSPosed-Bridge: 	at io.flutter.embedding.engine.dart.DartMessenger.lambda$dispatchMessageToQueue$0(DartMessenger.java:41)

09-02 21:53:54.000  6098  6098 I LSPosed-Bridge: 	at io.flutter.embedding.engine.dart.DartMessenger.a(Unknown Source:0)

09-02 21:53:54.000  6098  6098 I LSPosed-Bridge: 	at io.flutter.embedding.engine.dart.a.run(Unknown Source:12)

09-02 21:53:54.000  6098  6098 I LSPosed-Bridge: 	at android.os.Handler.handleCallback(Handler.java:873)

09-02 21:53:54.000  6098  6098 I LSPosed-Bridge: 	at android.os.Handler.dispatchMessage(Handler.java:99)

09-02 21:53:54.000  6098  6098 I LSPosed-Bridge: 	at android.os.Looper.loop(Looper.java:193)

09-02 21:53:54.000  6098  6098 I LSPosed-Bridge: 	at android.app.ActivityThread.main(ActivityThread.java:6692)

09-02 21:53:54.000  6098  6098 I LSPosed-Bridge: 	at java.lang.reflect.Method.invoke(Native Method)

09-02 21:53:54.000  6098  6098 I LSPosed-Bridge: 	at com.android.internal.os.RuntimeInit$MethodAndArgsCaller.run(RuntimeInit.java:493)

09-02 21:53:54.000  6098  6098 I LSPosed-Bridge: 	at com.android.internal.os.ZygoteInit.main(ZygoteInit.java:858)

09-02 21:53:54.000  6098  6098 I LSPosed-Bridge: 6098 PermLabel 10114 ContextImpl.checkPermission: pid = 6098; uid = 10114; permName: android.permission.ACCESS_COARSE_LOCATION; type = 1; res = -1; stacktrace=java.lang.Exception

09-02 21:53:54.000  6098  6098 I LSPosed-Bridge: 	at com.example.permlabel.requestPerm$2.afterHookedMethod(requestPerm.java:200)

09-02 21:53:54.000  6098  6098 I LSPosed-Bridge: 	at de.robv.android.xposed.XposedBridge$AdditionalHookInfo.callback(Unknown Source:147)

09-02 21:53:54.000  6098  6098 I LSPosed-Bridge: 	at LSPHooker_.checkPermission(Unknown Source:25)

09-02 21:53:54.000  6098  6098 I LSPosed-Bridge: 	at android.content.ContextWrapper.checkPermission(ContextWrapper.java:738)

09-02 21:53:54.000  6098  6098 I LSPosed-Bridge: 	at androidx.core.content.ContextCompat.checkSelfPermission(ContextCompat.java:15)

09-02 21:53:54.000  6098  6098 I LSPosed-Bridge: 	at com.baseflow.permissionhandler.t.d(PermissionManager.java:273)

09-02 21:53:54.000  6098  6098 I LSPosed-Bridge: 	at com.baseflow.permissionhandler.t.c(PermissionManager.java:1)

09-02 21:53:54.000  6098  6098 I LSPosed-Bridge: 	at com.baseflow.permissionhandler.l.onMethodCall(MethodCallHandlerImpl.java:148)

09-02 21:53:54.000  6098  6098 I LSPosed-Bridge: 	at io.flutter.plugin.common.MethodChannel$IncomingMethodCallHandler.onMessage(MethodChannel.java:18)

09-02 21:53:54.000  6098  6098 I LSPosed-Bridge: 	at io.flutter.embedding.engine.dart.DartMessenger.invokeHandler(DartMessenger.java:19)

09-02 21:53:54.000  6098  6098 I LSPosed-Bridge: 	at io.flutter.embedding.engine.dart.DartMessenger.lambda$dispatchMessageToQueue$0(DartMessenger.java:41)

09-02 21:53:54.000  6098  6098 I LSPosed-Bridge: 	at io.flutter.embedding.engine.dart.DartMessenger.a(Unknown Source:0)

09-02 21:53:54.000  6098  6098 I LSPosed-Bridge: 	at io.flutter.embedding.engine.dart.a.run(Unknown Source:12)

09-02 21:53:54.000  6098  6098 I LSPosed-Bridge: 	at android.os.Handler.handleCallback(Handler.java:873)

09-02 21:53:54.000  6098  6098 I LSPosed-Bridge: 	at android.os.Handler.dispatchMessage(Handler.java:99)

09-02 21:53:54.000  6098  6098 I LSPosed-Bridge: 	at android.os.Looper.loop(Looper.java:193)

09-02 21:53:54.000  6098  6098 I LSPosed-Bridge: 	at android.app.ActivityThread.main(ActivityThread.java:6692)

09-02 21:53:54.000  6098  6098 I LSPosed-Bridge: 	at java.lang.reflect.Method.invoke(Native Method)

09-02 21:53:54.000  6098  6098 I LSPosed-Bridge: 	at com.android.internal.os.RuntimeInit$MethodAndArgsCaller.run(RuntimeInit.java:493)

09-02 21:53:54.000  6098  6098 I LSPosed-Bridge: 	at com.android.internal.os.ZygoteInit.main(ZygoteInit.java:858)

09-02 21:53:54.826  6098  6098 I LSPosed-Bridge: 6098 PermLabel 10114 ContextImpl.checkPermission: pid = 6098; uid = 10114; permName: android.permission.ACCESS_COARSE_LOCATION; type = 1; res = -1; stacktrace=java.lang.Exception

09-02 21:53:54.826  6098  6098 I LSPosed-Bridge: 	at com.example.permlabel.requestPerm$2.afterHookedMethod(requestPerm.java:200)

09-02 21:53:54.826  6098  6098 I LSPosed-Bridge: 	at de.robv.android.xposed.XposedBridge$AdditionalHookInfo.callback(Unknown Source:147)

09-02 21:53:54.826  6098  6098 I LSPosed-Bridge: 	at LSPHooker_.checkPermission(Unknown Source:25)

09-02 21:53:54.826  6098  6098 I LSPosed-Bridge: 	at android.content.ContextWrapper.checkPermission(ContextWrapper.java:738)

09-02 21:53:54.826  6098  6098 I LSPosed-Bridge: 	at androidx.core.content.ContextCompat.checkSelfPermission(ContextCompat.java:15)

09-02 21:53:54.826  6098  6098 I LSPosed-Bridge: 	at com.baseflow.permissionhandler.t.d(PermissionManager.java:273)

09-02 21:53:54.826  6098  6098 I LSPosed-Bridge: 	at com.baseflow.permissionhandler.t.c(PermissionManager.java:1)

09-02 21:53:54.826  6098  6098 I LSPosed-Bridge: 	at com.baseflow.permissionhandler.l.onMethodCall(MethodCallHandlerImpl.java:148)

09-02 21:53:54.826  6098  6098 I LSPosed-Bridge: 	at io.flutter.plugin.common.MethodChannel$IncomingMethodCallHandler.onMessage(MethodChannel.java:18)

09-02 21:53:54.826  6098  6098 I LSPosed-Bridge: 	at io.flutter.embedding.engine.dart.DartMessenger.invokeHandler(DartMessenger.java:19)

09-02 21:53:54.826  6098  6098 I LSPosed-Bridge: 	at io.flutter.embedding.engine.dart.DartMessenger.lambda$dispatchMessageToQueue$0(DartMessenger.java:41)

09-02 21:53:54.826  6098  6098 I LSPosed-Bridge: 	at io.flutter.embedding.engine.dart.DartMessenger.a(Unknown Source:0)

09-02 21:53:54.826  6098  6098 I LSPosed-Bridge: 	at io.flutter.embedding.engine.dart.a.run(Unknown Source:12)

09-02 21:53:54.826  6098  6098 I LSPosed-Bridge: 	at android.os.Handler.handleCallback(Handler.java:873)

09-02 21:53:54.826  6098  6098 I LSPosed-Bridge: 	at android.os.Handler.dispatchMessage(Handler.java:99)

09-02 21:53:54.826  6098  6098 I LSPosed-Bridge: 	at android.os.Looper.loop(Looper.java:193)

09-02 21:53:54.826  6098  6098 I LSPosed-Bridge: 	at android.app.ActivityThread.main(ActivityThread.java:6692)

09-02 21:53:54.826  6098  6098 I LSPosed-Bridge: 	at java.lang.reflect.Method.invoke(Native Method)

09-02 21:53:54.826  6098  6098 I LSPosed-Bridge: 	at com.android.internal.os.RuntimeInit$MethodAndArgsCaller.run(RuntimeInit.java:493)

09-02 21:53:54.826  6098  6098 I LSPosed-Bridge: 	at com.android.internal.os.ZygoteInit.main(ZygoteInit.java:858)

09-02 21:56:20.502  6098  6225 I LSPosed-Bridge: 6098 PermLabel hookBinder_test 10114 interfaceBinder =android.content.pm.IPackageManager; arg0 = 9; arg1 = android.os.Parcel@97a5867; arg2 = android.os.Parcel@875b494; arg3 = 0; res = true; stacktrace=java.lang.Exception

09-02 21:56:20.502  6098  6225 I LSPosed-Bridge: 	at com.example.permlabel.hookBinder_test$1.afterHookedMethod(hookBinder_test.java:45)

09-02 21:56:20.502  6098  6225 I LSPosed-Bridge: 	at de.robv.android.xposed.XposedBridge$AdditionalHookInfo.callback(Unknown Source:147)

09-02 21:56:20.502  6098  6225 I LSPosed-Bridge: 	at LSPHooker_.transact(Unknown Source:28)

09-02 21:56:20.502  6098  6225 I LSPosed-Bridge: 	at android.content.pm.IPackageManager$Stub$Proxy.getPermissionInfo(IPackageManager.java:3008)

09-02 21:56:20.502  6098  6225 I LSPosed-Bridge: 	at android.app.ApplicationPackageManager.getPermissionInfo(ApplicationPackageManager.java:306)

09-02 21:56:20.502  6098  6225 I LSPosed-Bridge: 	at com.example.permlabel.requestPerm$2.afterHookedMethod(requestPerm.java:166)

09-02 21:56:20.502  6098  6225 I LSPosed-Bridge: 	at de.robv.android.xposed.XposedBridge$AdditionalHookInfo.callback(Unknown Source:147)

09-02 21:56:20.502  6098  6225 I LSPosed-Bridge: 	at LSPHooker_.checkPermission(Unknown Source:25)

09-02 21:56:20.502  6098  6225 I LSPosed-Bridge: 	at android.content.ContextWrapper.checkPermission(ContextWrapper.java:738)

09-02 21:56:20.502  6098  6225 I LSPosed-Bridge: 	at androidx.core.content.ContextCompat.checkSelfPermission(ContextCompat.java:15)

09-02 21:56:20.502  6098  6225 I LSPosed-Bridge: 	at com.mapbox.android.telemetry.location.LocationEngineControllerImpl.isPermissionGranted(LocationEngineControllerImpl.java:3)

09-02 21:56:20.502  6098  6225 I LSPosed-Bridge: 	at com.mapbox.android.telemetry.location.LocationEngineControllerImpl.checkPermissions(LocationEngineControllerImpl.java:11)

09-02 21:56:20.502  6098  6225 I LSPosed-Bridge: 	at com.mapbox.android.telemetry.location.LocationEngineControllerImpl.requestLocationUpdates(LocationEngineControllerImpl.java:1)

09-02 21:56:20.502  6098  6225 I LSPosed-Bridge: 	at com.mapbox.android.telemetry.location.LocationEngineControllerImpl.onResume(LocationEngineControllerImpl.java:4)

09-02 21:56:20.502  6098  6225 I LSPosed-Bridge: 	at com.mapbox.android.telemetry.location.LocationCollectionClient.handleSettingsChangeMessage(LocationCollectionClient.java:14)

09-02 21:56:20.502  6098  6225 I LSPosed-Bridge: 	at com.mapbox.android.telemetry.location.LocationCollectionClient$1.handleMessage(LocationCollectionClient.java:3)

09-02 21:56:20.502  6098  6225 I LSPosed-Bridge: 	at android.os.Handler.dispatchMessage(Handler.java:106)

09-02 21:56:20.502  6098  6225 I LSPosed-Bridge: 	at android.os.Looper.loop(Looper.java:193)

09-02 21:56:20.502  6098  6225 I LSPosed-Bridge: 	at android.os.HandlerThread.run(HandlerThread.java:65)

09-02 21:56:20.502  6098  6098 I LSPosed-Bridge: 6098 PermLabel hookBinder_test 10114 interfaceBinder =android.view.accessibility.IAccessibilityManager; arg0 = 2; arg1 = android.os.Parcel@30d81fe; arg2 = null; arg3 = 1; res = true; stacktrace=java.lang.Exception

09-02 21:56:20.502  6098  6098 I LSPosed-Bridge: 	at com.example.permlabel.hookBinder_test$1.afterHookedMethod(hookBinder_test.java:45)

09-02 21:56:20.502  6098  6098 I LSPosed-Bridge: 	at de.robv.android.xposed.XposedBridge$AdditionalHookInfo.callback(Unknown Source:147)

09-02 21:56:20.502  6098  6098 I LSPosed-Bridge: 	at LSPHooker_.transact(Unknown Source:28)

09-02 21:56:20.502  6098  6098 I LSPosed-Bridge: 	at android.view.accessibility.IAccessibilityManager$Stub$Proxy.sendAccessibilityEvent(IAccessibilityManager.java:279)

09-02 21:56:20.502  6098  6098 I LSPosed-Bridge: 	at android.view.accessibility.AccessibilityManager.sendAccessibilityEvent(AccessibilityManager.java:505)

09-02 21:56:20.502  6098  6098 I LSPosed-Bridge: 	at android.view.ViewRootImpl.requestSendAccessibilityEvent(ViewRootImpl.java:7602)

09-02 21:56:20.502  6098  6098 I LSPosed-Bridge: 	at android.view.View.sendAccessibilityEventUncheckedInternal(View.java:7449)

09-02 21:56:20.502  6098  6098 I LSPosed-Bridge: 	at android.view.View.sendAccessibilityEventUnchecked(View.java:7421)

09-02 21:56:20.502  6098  6098 I LSPosed-Bridge: 	at android.view.ViewRootImpl$SendWindowContentChangedAccessibilityEvent.run(ViewRootImpl.java:8412)

09-02 21:56:20.502  6098  6098 I LSPosed-Bridge: 	at android.view.ViewRootImpl$SendWindowContentChangedAccessibilityEvent.removeCallbacksAndRun(ViewRootImpl.java:8467)

09-02 21:56:20.502  6098  6098 I LSPosed-Bridge: 	at android.view.ViewRootImpl$SendWindowContentChangedAccessibilityEvent.runOrPost(ViewRootImpl.java:8459)

09-02 21:56:20.502  6098  6098 I LSPosed-Bridge: 	at android.view.ViewRootImpl.postSendWindowContentChangedCallback(ViewRootImpl.java:7509)

09-02 21:56:20.502  6098  6098 I LSPosed-Bridge: 	at android.view.ViewRootImpl.notifySubtreeAccessibilityStateChanged(ViewRootImpl.java:7692)

09-02 21:56:20.502  6098  6098 I LSPosed-Bridge: 	at android.view.View.notifySubtreeAccessibilityStateChangedIfNeeded(View.java:11970)

09-02 21:56:20.502  6098  6098 I LSPosed-Bridge: 	at android.view.ViewGroup.notifySubtreeAccessibilityStateChangedIfNeeded(ViewGroup.java:3693)

09-02 21:56:20.502  6098  6098 I LSPosed-Bridge: 	at android.view.ViewGroup.addViewInner(ViewGroup.java:5099)

09-02 21:56:20.502  6098  6098 I LSPosed-Bridge: 	at android.view.ViewGroup.addView(ViewGroup.java:4865)

09-02 21:56:20.502  6098  6098 I LSPosed-Bridge: 	at android.view.ViewGroup.addView(ViewGroup.java:4837)

09-02 21:56:20.502  6098  6098 I LSPosed-Bridge: 	at com.android.internal.policy.DecorView.updateColorViewInt(DecorView.java:1238)

09-02 21:56:20.502  6098  6098 I LSPosed-Bridge: 	at com.android.internal.policy.DecorView.updateColorViews(DecorView.java:1102)

09-02 21:56:20.502  6098  6098 I LSPosed-Bridge: 	at com.android.internal.policy.DecorView.onApplyWindowInsets(DecorView.java:997)

09-02 21:56:20.502  6098  6098 I LSPosed-Bridge: 	at android.view.View.dispatchApplyWindowInsets(View.java:9801)

09-02 21:56:20.502  6098  6098 I LSPosed-Bridge: 	at android.view.ViewGroup.dispatchApplyWindowInsets(ViewGroup.java:7076)

09-02 21:56:20.502  6098  6098 I LSPosed-Bridge: 	at android.view.ViewRootImpl.dispatchApplyInsets(ViewRootImpl.java:1667)

09-02 21:56:20.502  6098  6098 I LSPosed-Bridge: 	at android.view.ViewRootImpl.performTraversals(ViewRootImpl.java:1769)

09-02 21:56:20.502  6098  6098 I LSPosed-Bridge: 	at android.view.ViewRootImpl.doTraversal(ViewRootImpl.java:1465)

09-02 21:56:20.502  6098  6098 I LSPosed-Bridge: 	at android.view.ViewRootImpl$TraversalRunnable.run(ViewRootImpl.java:7205)

09-02 21:56:20.502  6098  6098 I LSPosed-Bridge: 	at android.view.Choreographer$CallbackRecord.run(Choreographer.java:1004)

09-02 21:56:20.502  6098  6098 I LSPosed-Bridge: 	at android.view.Choreographer.doCallbacks(Choreographer.java:816)

09-02 21:56:20.502  6098  6098 I LSPosed-Bridge: 	at android.view.Choreographer.doFrame(Choreographer.java:751)

09-02 21:56:20.502  6098  6098 I LSPosed-Bridge: 	at android.view.Choreographer$FrameDisplayEventReceiver.run(Choreographer.java:990)

09-02 21:56:20.502  6098  6098 I LSPosed-Bridge: 	at android.os.Handler.handleCallback(Handler.java:873)

09-02 21:56:20.502  6098  6098 I LSPosed-Bridge: 	at android.os.Handler.dispatchMessage(Handler.java:99)

09-02 21:56:20.502  6098  6098 I LSPosed-Bridge: 	at android.os.Looper.loop(Looper.java:193)

09-02 21:56:20.502  6098  6098 I LSPosed-Bridge: 	at android.app.ActivityThread.main(ActivityThread.java:6692)

09-02 21:56:20.502  6098  6098 I LSPosed-Bridge: 	at java.lang.reflect.Method.invoke(Native Method)

09-02 21:56:20.502  6098  6098 I LSPosed-Bridge: 	at com.android.internal.os.RuntimeInit$MethodAndArgsCaller.run(RuntimeInit.java:493)

09-02 21:56:20.502  6098  6098 I LSPosed-Bridge: 	at com.android.internal.os.ZygoteInit.main(ZygoteInit.java:858)

09-02 21:56:20.502  6098  6225 I LSPosed-Bridge: 6098 PermLabel 10114 ContextImpl.checkPermission: pid = 6098; uid = 10114; permName: android.permission.ACCESS_COARSE_LOCATION; type = 1; res = -1; stacktrace=java.lang.Exception

09-02 21:56:20.502  6098  6225 I LSPosed-Bridge: 	at com.example.permlabel.requestPerm$2.afterHookedMethod(requestPerm.java:200)

09-02 21:56:20.502  6098  6225 I LSPosed-Bridge: 	at de.robv.android.xposed.XposedBridge$AdditionalHookInfo.callback(Unknown Source:147)

09-02 21:56:20.502  6098  6225 I LSPosed-Bridge: 	at LSPHooker_.checkPermission(Unknown Source:25)

09-02 21:56:20.502  6098  6225 I LSPosed-Bridge: 	at android.content.ContextWrapper.checkPermission(ContextWrapper.java:738)

09-02 21:56:20.502  6098  6225 I LSPosed-Bridge: 	at androidx.core.content.ContextCompat.checkSelfPermission(ContextCompat.java:15)

09-02 21:56:20.502  6098  6225 I LSPosed-Bridge: 	at com.mapbox.android.telemetry.location.LocationEngineControllerImpl.isPermissionGranted(LocationEngineControllerImpl.java:3)

09-02 21:56:20.502  6098  6225 I LSPosed-Bridge: 	at com.mapbox.android.telemetry.location.LocationEngineControllerImpl.checkPermissions(LocationEngineControllerImpl.java:11)

09-02 21:56:20.502  6098  6225 I LSPosed-Bridge: 	at com.mapbox.android.telemetry.location.LocationEngineControllerImpl.requestLocationUpdates(LocationEngineControllerImpl.java:1)

09-02 21:56:20.502  6098  6225 I LSPosed-Bridge: 	at com.mapbox.android.telemetry.location.LocationEngineControllerImpl.onResume(LocationEngineControllerImpl.java:4)

09-02 21:56:20.502  6098  6225 I LSPosed-Bridge: 	at com.mapbox.android.telemetry.location.LocationCollectionClient.handleSettingsChangeMessage(LocationCollectionClient.java:14)

09-02 21:56:20.502  6098  6225 I LSPosed-Bridge: 	at com.mapbox.android.telemetry.location.LocationCollectionClient$1.handleMessage(LocationCollectionClient.java:3)

09-02 21:56:20.502  6098  6225 I LSPosed-Bridge: 	at android.os.Handler.dispatchMessage(Handler.java:106)

09-02 21:56:20.502  6098  6225 I LSPosed-Bridge: 	at android.os.Looper.loop(Looper.java:193)

09-02 21:56:20.502  6098  6225 I LSPosed-Bridge: 	at android.os.HandlerThread.run(HandlerThread.java:65)

09-02 21:56:20.502  6098  6225 W LocationController: Location permissions are not granted
