07-17 02:02:52.881  1570  8634 I LSPosed-Bridge: 	at com.android.server.am.ActivityManagerService$PermissionController.checkPermission(ActivityManagerService.java:9248)

07-17 02:02:52.881  1570  8634 I LSPosed-Bridge: 	at android.os.IPermissionController$Stub.onTransact(IPermissionController.java:56)

07-17 02:02:52.881  1570  8634 I LSPosed-Bridge: 	at android.os.Binder.execTransact(Binder.java:731)

07-17 02:02:52.881   915 10738 W ServiceManager: Permission failure: android.permission.CAMERA from uid=10116 pid=8242

07-17 02:02:52.881   915 10738 E CameraService: Permission Denial: can't use the camera pid=8242, uid=10116

07-17 02:02:52.985   551   551 I chatty  : uid=1000(system) /system/bin/surfaceflinger identical 2 lines

07-17 02:02:52.985   551   551 I ConfigStore: android::hardware::configstore::V1_0::ISurfaceFlingerConfigs::hasHDRDisplay retrieved: 0

07-17 02:02:52.985  1570  8634 I LSPosed-Bridge: 8242 PermLabel 10116 AMS.checkPermission: Binder.getCallingPid() = 915; uid = 10116; Binder.getCallingUid() = 1047; getNameForUid: null; getPackagesForUid: null; permName: android.permission.CAMERA; type = 1; res = -1; stacktrace=java.lang.Exception

07-17 02:02:52.985  1570  8634 I LSPosed-Bridge: 	at com.example.permlabel.requirePerm$1$2.afterHookedMethod(requirePerm.java:140)

07-17 02:02:52.985  1570  8634 I LSPosed-Bridge: 	at de.robv.android.xposed.XposedBridge$AdditionalHookInfo.callback(Unknown Source:147)

07-17 02:02:52.985  1570  8634 I LSPosed-Bridge: 	at LSPHooker_.checkPermission(Unknown Source:25)

07-17 02:02:52.985  1570  8634 I LSPosed-Bridge: 	at com.android.server.am.ActivityManagerService$PermissionController.checkPermission(ActivityManagerService.java:9248)

07-17 02:02:52.985  1570  8634 I LSPosed-Bridge: 	at android.os.IPermissionController$Stub.onTransact(IPermissionController.java:56)

07-17 02:02:52.985  1570  8634 I LSPosed-Bridge: 	at android.os.Binder.execTransact(Binder.java:731)

07-17 02:02:53.088   551   551 I ConfigStore: android::hardware::configstore::V1_0::ISurfaceFlingerConfigs::hasHDRDisplay retrieved: 0

07-17 02:02:53.088  1570  8634 I LSPosed-Bridge: 8242 PermLabel 10116 AMS.checkPermission: Binder.getCallingPid() = 915; uid = 10116; Binder.getCallingUid() = 1047; getNameForUid: null; getPackagesForUid: null; permName: android.permission.CAMERA; type = 1; res = -1; stacktrace=java.lang.Exception

07-17 02:02:53.088  1570  8634 I LSPosed-Bridge: 	at com.example.permlabel.requirePerm$1$2.afterHookedMethod(requirePerm.java:140)

07-17 02:02:53.088  1570  8634 I LSPosed-Bridge: 	at de.robv.android.xposed.XposedBridge$AdditionalHookInfo.callback(Unknown Source:147)

07-17 02:02:53.088  1570  8634 I LSPosed-Bridge: 	at LSPHooker_.checkPermission(Unknown Source:25)

07-17 02:02:53.088  1570  8634 I LSPosed-Bridge: 	at com.android.server.am.ActivityManagerService$PermissionController.checkPermission(ActivityManagerService.java:9248)

07-17 02:02:53.088  1570  8634 I LSPosed-Bridge: 	at android.os.IPermissionController$Stub.onTransact(IPermissionController.java:56)

07-17 02:02:53.088  1570  8634 I LSPosed-Bridge: 	at android.os.Binder.execTransact(Binder.java:731)

07-17 02:02:53.191  1570  8012 I LSPosed-Bridge: 8242 PermLabel 10116 AMS.checkPermission: Binder.getCallingPid() = 915; uid = 10116; Binder.getCallingUid() = 1047; getNameForUid: null; getPackagesForUid: null; permName: android.permission.CAMERA; type = 1; res = -1; stacktrace=java.lang.Exception

07-17 02:02:53.191  1570  8012 I LSPosed-Bridge: 	at com.example.permlabel.requirePerm$1$2.afterHookedMethod(requirePerm.java:140)

07-17 02:02:53.191  1570  8012 I LSPosed-Bridge: 	at de.robv.android.xposed.XposedBridge$AdditionalHookInfo.callback(Unknown Source:147)

07-17 02:02:53.191  1570  8012 I LSPosed-Bridge: 	at LSPHooker_.checkPermission(Unknown Source:25)

07-17 02:02:53.191  1570  8012 I LSPosed-Bridge: 	at com.android.server.am.ActivityManagerService$PermissionController.checkPermission(ActivityManagerService.java:9248)

07-17 02:02:53.191  1570  8012 I LSPosed-Bridge: 	at android.os.IPermissionController$Stub.onTransact(IPermissionController.java:56)

07-17 02:02:53.191  1570  8012 I LSPosed-Bridge: 	at android.os.Binder.execTransact(Binder.java:731)

07-17 02:02:53.192   915 10738 W ServiceManager: Permission failure: android.permission.CAMERA from uid=10116 pid=8242

07-17 02:02:53.192   915 10738 E CameraService: Permission Denial: can't use the camera pid=8242, uid=10116

07-17 02:02:53.192  8242 26955 W CameraBase: An error occurred while connecting to camera 1: Status(-8): '1: validateClientPermissionsLocked:906: Caller "com.bilibili.studio" (PID 10116, UID 8242) cannot open camera "1" without camera permission'

07-17 02:02:53.192  8242 26955 E Camera  : Camera  err=-13

07-17 02:02:53.192  8242 26955 I LSPosed-Bridge: 8242 PermLabel 10116 android.permission.CAMERA open cameraId: 1; res= null; stacktrace=java.lang.Exception

07-17 02:02:53.192  8242 26955 I LSPosed-Bridge: 	at com.example.permlabel.hookCamera$3.afterHookedMethod(hookCamera.java:49)

07-17 02:02:53.192  8242 26955 I LSPosed-Bridge: 	at de.robv.android.xposed.XposedBridge$AdditionalHookInfo.callback(Unknown Source:147)

07-17 02:02:53.192  8242 26955 I LSPosed-Bridge: 	at LSPHooker_.open(Unknown Source:12)

07-17 02:02:53.192  8242 26955 I LSPosed-Bridge: 	at b.sr0.g(BL:3)

07-17 02:02:53.192  8242 26955 I LSPosed-Bridge: 	at b.sr0.h(Unknown Source:10)

07-17 02:02:53.192  8242 26955 I LSPosed-Bridge: 	at b.xr0.d(BL:1)

07-17 02:02:53.192  8242 26955 I LSPosed-Bridge: 	at b.as0.d(BL:5)

07-17 02:02:53.192  8242 26955 I LSPosed-Bridge: 	at b.ql3$b.handleMessage(BL:14)

07-17 02:02:53.192  8242 26955 I LSPosed-Bridge: 	at android.os.Handler.dispatchMessage(Handler.java:106)

07-17 02:02:53.192  8242 26955 I LSPosed-Bridge: 	at android.os.Looper.loop(Looper.java:193)

07-17 02:02:53.192  8242 26955 I LSPosed-Bridge: 	at android.os.HandlerThread.run(HandlerThread.java:65)

07-17 02:02:53.193  8242 26955 I LSPosed-Bridge: 8242 PermLabel 10116 android.permission.CAMERA open cameraId: 1; res= null; stacktrace=java.lang.Exception

07-17 02:02:53.193  8242 26955 I LSPosed-Bridge: 	at com.example.permlabel.hookCamera$3.afterHookedMethod(hookCamera.java:49)

07-17 02:02:53.193  8242 26955 I LSPosed-Bridge: 	at de.robv.android.xposed.XposedBridge$AdditionalHookInfo.callback(Unknown Source:147)

07-17 02:02:53.193  8242 26955 I LSPosed-Bridge: 	at LSPHooker_.open(Unknown Source:12)

07-17 02:02:53.193  8242 26955 I LSPosed-Bridge: 	at b.sr0.g(BL:3)

07-17 02:02:53.193  8242 26955 I LSPosed-Bridge: 	at b.sr0.h(Unknown Source:10)

07-17 02:02:53.193  8242 26955 I LSPosed-Bridge: 	at b.xr0.d(BL:1)

07-17 02:02:53.193  8242 26955 I LSPosed-Bridge: 	at b.as0.d(BL:5)

07-17 02:02:53.193  8242 26955 I LSPosed-Bridge: 	at b.ql3$b.handleMessage(BL:14)

07-17 02:02:53.193  8242 26955 I LSPosed-Bridge: 	at android.os.Handler.dispatchMessage(Handler.java:106)

07-17 02:02:53.193  8242 26955 I LSPosed-Bridge: 	at android.os.Looper.loop(Looper.java:193)

07-17 02:02:53.193  8242 26955 I LSPosed-Bridge: 	at android.os.HandlerThread.run(HandlerThread.java:65)

07-17 02:02:53.193  8242 26955 E CameraCore: [CameraPB] Camera open failed: Fail to connect to camera service

07-17 02:12:34.230   551   551 I ConfigStore: android::hardware::configstore::V1_0::ISurfaceFlingerConfigs::hasHDRDisplay retrieved: 0

07-17 02:12:34.230  8242  8242 I LSPosed-Bridge: 8242 PermLabel hookBinder_test 10116 interfaceBinder =android.content.pm.IPackageManager; arg0 = 19; arg1 = android.os.Parcel@7370e33; arg2 = android.os.Parcel@37b0f25; arg3 = 0; res = true; stacktrace=java.lang.Exception

07-17 02:12:34.230  8242  8242 I LSPosed-Bridge: 	at com.example.permlabel.hookBinder_test$1.afterHookedMethod(hookBinder_test.java:65)

07-17 02:12:34.230  8242  8242 I LSPosed-Bridge: 	at de.robv.android.xposed.XposedBridge$AdditionalHookInfo.callback(Unknown Source:147)

07-17 02:12:34.230  8242  8242 I LSPosed-Bridge: 	at LSPHooker_.transact(Unknown Source:28)

07-17 02:12:34.230  8242  8242 I LSPosed-Bridge: 	at android.content.pm.IPackageManager$Stub$Proxy.checkPermission(IPackageManager.java:3285)

07-17 02:12:34.230  8242  8242 I LSPosed-Bridge: 	at android.app.ApplicationPackageManager.checkPermission(ApplicationPackageManager.java:581)

07-17 02:12:34.230  8242  8242 I LSPosed-Bridge: 	at java.lang.reflect.Method.invoke(Native Method)

07-17 02:12:34.230  8242  8242 I LSPosed-Bridge: 	at org.lsposed.lspd.nativebridge.HookBridge.invokeOriginalMethod(Native Method)

07-17 02:12:34.230  8242  8242 I LSPosed-Bridge: 	at de.robv.android.xposed.XposedBridge$AdditionalHookInfo.callback(Unknown Source:110)

07-17 02:12:34.230  8242  8242 I LSPosed-Bridge: 	at LSPHooker_.checkPermission(Unknown Source:14)

07-17 02:12:34.230  8242  8242 I LSPosed-Bridge: 	at b.pg6.e(BL:5)

07-17 02:12:34.230  8242  8242 I LSPosed-Bridge: 	at b.wna.h(BL:6)

07-17 02:12:34.230  8242  8242 I LSPosed-Bridge: 	at com.bilibili.studio.idol.biz.virtualidoleditor.recorder.VirtualIdolRecorderActivity.onCreate(BL:8)

07-17 02:12:34.230  8242  8242 I LSPosed-Bridge: 	at android.app.Activity.performCreate(Activity.java:7136)

07-17 02:12:34.230  8242  8242 I LSPosed-Bridge: 	at android.app.Activity.performCreate(Activity.java:7127)

07-17 02:12:34.230  8242  8242 I LSPosed-Bridge: 	at android.app.Instrumentation.callActivityOnCreate(Instrumentation.java:1272)

07-17 02:12:34.230  8242  8242 I LSPosed-Bridge: 	at b.hv.callActivityOnCreate(BL:1)

07-17 02:12:34.230  8242  8242 I LSPosed-Bridge: 	at android.app.ActivityThread.performLaunchActivity(ActivityThread.java:2894)

07-17 02:12:34.230  8242  8242 I LSPosed-Bridge: 	at android.app.ActivityThread.handleLaunchActivity(ActivityThread.java:3049)

07-17 02:12:34.230  8242  8242 I LSPosed-Bridge: 	at android.app.servertransaction.LaunchActivityItem.execute(LaunchActivityItem.java:78)

07-17 02:12:34.230  8242  8242 I LSPosed-Bridge: 	at android.app.servertransaction.TransactionExecutor.executeCallbacks(TransactionExecutor.java:108)

07-17 02:12:34.230  8242  8242 I LSPosed-Bridge: 	at android.app.servertransaction.TransactionExecutor.execute(TransactionExecutor.java:68)

07-17 02:12:34.230  8242  8242 I LSPosed-Bridge: 	at android.app.ActivityThread$H.handleMessage(ActivityThread.java:1809)

07-17 02:12:34.230  8242  8242 I LSPosed-Bridge: 	at android.os.Handler.dispatchMessage(Handler.java:106)

07-17 02:12:34.230  8242  8242 I LSPosed-Bridge: 	at android.os.Looper.loop(Looper.java:193)

07-17 02:12:34.230  8242  8242 I LSPosed-Bridge: 	at android.app.ActivityThread.main(ActivityThread.java:6692)

07-17 02:12:34.230  8242  8242 I LSPosed-Bridge: 	at java.lang.reflect.Method.invoke(Native Method)

07-17 02:12:34.230  8242  8242 I LSPosed-Bridge: 	at com.android.internal.os.RuntimeInit$MethodAndArgsCaller.run(RuntimeInit.java:493)

07-17 02:12:34.230  8242  8242 I LSPosed-Bridge: 	at com.android.internal.os.ZygoteInit.main(ZygoteInit.java:858)

07-17 02:12:34.230   551   551 I ConfigStore: android::hardware::configstore::V1_0::ISurfaceFlingerConfigs::hasHDRDisplay retrieved: 0

07-17 02:12:34.230  8242  8242 I LSPosed-Bridge: 8242 PermLabel 10116 PM.checkPermission permName:android.permission.CAMERA; Package name: com.bilibili.studio; Result: -1; stacktrace=java.lang.Exception

07-17 02:12:34.230  8242  8242 I LSPosed-Bridge: 	at com.example.permlabel.requestPerm$1.afterHookedMethod(requestPerm.java:141)

07-17 02:12:34.230  8242  8242 I LSPosed-Bridge: 	at de.robv.android.xposed.XposedBridge$AdditionalHookInfo.callback(Unknown Source:147)

07-17 02:12:34.230  8242  8242 I LSPosed-Bridge: 	at LSPHooker_.checkPermission(Unknown Source:14)

07-17 02:12:34.230  8242  8242 I LSPosed-Bridge: 	at b.pg6.e(BL:5)

07-17 02:12:34.230  8242  8242 I LSPosed-Bridge: 	at b.wna.h(BL:6)

07-17 02:12:34.230  8242  8242 I LSPosed-Bridge: 	at com.bilibili.studio.idol.biz.virtualidoleditor.recorder.VirtualIdolRecorderActivity.onCreate(BL:8)

07-17 02:12:34.230  8242  8242 I LSPosed-Bridge: 	at android.app.Activity.performCreate(Activity.java:7136)

07-17 02:12:34.230  8242  8242 I LSPosed-Bridge: 	at android.app.Activity.performCreate(Activity.java:7127)

07-17 02:12:34.230  8242  8242 I LSPosed-Bridge: 	at android.app.Instrumentation.callActivityOnCreate(Instrumentation.java:1272)

07-17 02:12:34.230  8242  8242 I LSPosed-Bridge: 	at b.hv.callActivityOnCreate(BL:1)

07-17 02:12:34.230  8242  8242 I LSPosed-Bridge: 	at android.app.ActivityThread.performLaunchActivity(ActivityThread.java:2894)

07-17 02:12:34.230  8242  8242 I LSPosed-Bridge: 	at android.app.ActivityThread.handleLaunchActivity(ActivityThread.java:3049)

07-17 02:12:34.230  8242  8242 I LSPosed-Bridge: 	at android.app.servertransaction.LaunchActivityItem.execute(LaunchActivityItem.java:78)

07-17 02:12:34.230  8242  8242 I LSPosed-Bridge: 	at android.app.servertransaction.TransactionExecutor.executeCallbacks(TransactionExecutor.java:108)

07-17 02:12:34.230  8242  8242 I LSPosed-Bridge: 	at android.app.servertransaction.TransactionExecutor.execute(TransactionExecutor.java:68)

07-17 02:12:34.230  8242  8242 I LSPosed-Bridge: 	at android.app.ActivityThread$H.handleMessage(ActivityThread.java:1809)

07-17 02:12:34.230  8242  8242 I LSPosed-Bridge: 	at android.os.Handler.dispatchMessage(Handler.java:106)

07-17 02:12:34.230  8242  8242 I LSPosed-Bridge: 	at android.os.Looper.loop(Looper.java:193)

07-17 02:12:34.230  8242  8242 I LSPosed-Bridge: 	at android.app.ActivityThread.main(ActivityThread.java:6692)

07-17 02:12:34.230  8242  8242 I LSPosed-Bridge: 	at java.lang.reflect.Method.invoke(Native Method)

07-17 02:12:34.230  8242  8242 I LSPosed-Bridge: 	at com.android.internal.os.RuntimeInit$MethodAndArgsCaller.run(RuntimeInit.java:493)

07-17 02:12:34.230  8242  8242 I LSPosed-Bridge: 	at com.android.internal.os.ZygoteInit.main(ZygoteInit.java:858)

07-17 02:12:34.356  8242  8242 I LSPosed-Bridge: 8242 PermLabel hookBinder_test 10116 interfaceBinder =android.app.IActivityManager; arg0 = 35; arg1 = android.os.Parcel@7370e33; arg2 = android.os.Parcel@37b0f25; arg3 = 0; res = true; stacktrace=java.lang.Exception

07-17 02:12:34.356  8242  8242 I LSPosed-Bridge: 	at com.example.permlabel.hookBinder_test$1.afterHookedMethod(hookBinder_test.java:65)

07-17 02:12:34.356  8242  8242 I LSPosed-Bridge: 	at de.robv.android.xposed.XposedBridge$AdditionalHookInfo.callback(Unknown Source:147)

07-17 02:12:34.356  8242  8242 I LSPosed-Bridge: 	at LSPHooker_.transact(Unknown Source:28)

07-17 02:12:34.356  8242  8242 I LSPosed-Bridge: 	at android.app.IActivityManager$Stub$Proxy.activityResumed(IActivityManager.java:4417)

07-17 02:12:34.356  8242  8242 I LSPosed-Bridge: 	at android.app.servertransaction.ResumeActivityItem.postExecute(ResumeActivityItem.java:61)

07-17 02:12:34.356  8242  8242 I LSPosed-Bridge: 	at android.app.servertransaction.TransactionExecutor.executeLifecycleState(TransactionExecutor.java:146)

07-17 02:12:34.356  8242  8242 I LSPosed-Bridge: 	at android.app.servertransaction.TransactionExecutor.execute(TransactionExecutor.java:70)

07-17 02:12:34.356  8242  8242 I LSPosed-Bridge: 	at android.app.ActivityThread$H.handleMessage(ActivityThread.java:1809)

07-17 02:12:34.356  8242  8242 I LSPosed-Bridge: 	at android.os.Handler.dispatchMessage(Handler.java:106)

07-17 02:12:34.356  8242  8242 I LSPosed-Bridge: 	at android.os.Looper.loop(Looper.java:193)

07-17 02:12:34.356  8242  8242 I LSPosed-Bridge: 	at android.app.ActivityThread.main(ActivityThread.java:6692)

07-17 02:12:34.356  8242  8242 I LSPosed-Bridge: 	at java.lang.reflect.Method.invoke(Native Method)

07-17 02:12:34.356  8242  8242 I LSPosed-Bridge: 	at com.android.internal.os.RuntimeInit$MethodAndArgsCaller.run(RuntimeInit.java:493)

07-17 02:12:34.356  8242  8242 I LSPosed-Bridge: 	at com.android.internal.os.ZygoteInit.main(ZygoteInit.java:858)

07-17 02:12:34.356  1570  8654 I LSPosed-Bridge: 8242 PermLabel 10116 AMS.checkPermission: Binder.getCallingPid() = 915; uid = 10116; Binder.getCallingUid() = 1047; getNameForUid: null; getPackagesForUid: null; permName: android.permission.CAMERA; type = 1; res = -1; stacktrace=java.lang.Exception

07-17 02:12:34.356  1570  8654 I LSPosed-Bridge: 	at com.example.permlabel.requirePerm$1$2.afterHookedMethod(requirePerm.java:140)

07-17 02:12:34.356  1570  8654 I LSPosed-Bridge: 	at de.robv.android.xposed.XposedBridge$AdditionalHookInfo.callback(Unknown Source:147)

07-17 02:12:34.356  1570  8654 I LSPosed-Bridge: 	at LSPHooker_.checkPermission(Unknown Source:25)

07-17 02:12:34.356  1570  8654 I LSPosed-Bridge: 	at com.android.server.am.ActivityManagerService$PermissionController.checkPermission(ActivityManagerService.java:9248)

07-17 02:12:34.356  1570  8654 I LSPosed-Bridge: 	at android.os.IPermissionController$Stub.onTransact(IPermissionController.java:56)

07-17 02:12:34.356  1570  8654 I LSPosed-Bridge: 	at android.os.Binder.execTransact(Binder.java:731)

07-17 02:12:34.356   915  3126 W ServiceManager: Permission failure: android.permission.CAMERA from uid=10116 pid=8242

07-17 02:12:34.356   915  3126 E CameraService: Permission Denial: can't use the camera pid=8242, uid=10116

07-17 02:12:34.459  1570  8654 I LSPosed-Bridge: 8242 PermLabel 10116 AMS.checkPermission: Binder.getCallingPid() = 915; uid = 10116; Binder.getCallingUid() = 1047; getNameForUid: null; getPackagesForUid: null; permName: android.permission.CAMERA; type = 1; res = -1; stacktrace=java.lang.Exception

07-17 02:12:34.459  1570  8654 I LSPosed-Bridge: 	at com.example.permlabel.requirePerm$1$2.afterHookedMethod(requirePerm.java:140)

07-17 02:12:34.459  1570  8654 I LSPosed-Bridge: 	at de.robv.android.xposed.XposedBridge$AdditionalHookInfo.callback(Unknown Source:147)

07-17 02:12:34.459  1570  8654 I LSPosed-Bridge: 	at LSPHooker_.checkPermission(Unknown Source:25)

07-17 02:12:34.459  1570  8654 I LSPosed-Bridge: 	at com.android.server.am.ActivityManagerService$PermissionController.checkPermission(ActivityManagerService.java:9248)

07-17 02:12:34.459  1570  8654 I LSPosed-Bridge: 	at android.os.IPermissionController$Stub.onTransact(IPermissionController.java:56)

07-17 02:12:34.459  1570  8654 I LSPosed-Bridge: 	at android.os.Binder.execTransact(Binder.java:731)

07-17 02:12:34.563  1570  1605 I ActivityManager: Displayed com.bilibili.studio/.idol.biz.virtualidoleditor.recorder.VirtualIdolRecorderActivity: +440ms

07-17 02:12:34.563  1570  8654 I LSPosed-Bridge: 8242 PermLabel 10116 AMS.checkPermission: Binder.getCallingPid() = 915; uid = 10116; Binder.getCallingUid() = 1047; getNameForUid: null; getPackagesForUid: null; permName: android.permission.CAMERA; type = 1; res = -1; stacktrace=java.lang.Exception

07-17 02:12:34.563  1570  8654 I LSPosed-Bridge: 	at com.example.permlabel.requirePerm$1$2.afterHookedMethod(requirePerm.java:140)

07-17 02:12:34.563  1570  8654 I LSPosed-Bridge: 	at de.robv.android.xposed.XposedBridge$AdditionalHookInfo.callback(Unknown Source:147)

07-17 02:12:34.563  1570  8654 I LSPosed-Bridge: 	at LSPHooker_.checkPermission(Unknown Source:25)

07-17 02:12:34.563  1570  8654 I LSPosed-Bridge: 	at com.android.server.am.ActivityManagerService$PermissionController.checkPermission(ActivityManagerService.java:9248)

07-17 02:12:34.563  1570  8654 I LSPosed-Bridge: 	at android.os.IPermissionController$Stub.onTransact(IPermissionController.java:56)

07-17 02:12:34.563  1570  8654 I LSPosed-Bridge: 	at android.os.Binder.execTransact(Binder.java:731)

07-17 02:12:34.563   551   551 I ConfigStore: android::hardware::configstore::V1_0::ISurfaceFlingerConfigs::hasHDRDisplay retrieved: 0

07-17 02:12:34.563   915  3126 W ServiceManager: Permission failure: android.permission.CAMERA from uid=10116 pid=8242

07-17 02:12:34.563   915  3126 E CameraService: Permission Denial: can't use the camera pid=8242, uid=10116

07-17 02:12:34.666   551   551 I ConfigStore: android::hardware::configstore::V1_0::ISurfaceFlingerConfigs::hasHDRDisplay retrieved: 0

07-17 02:12:34.666  1570  4554 I LSPosed-Bridge: 8242 PermLabel 10116 AMS.checkPermission: Binder.getCallingPid() = 915; uid = 10116; Binder.getCallingUid() = 1047; getNameForUid: null; getPackagesForUid: null; permName: android.permission.CAMERA; type = 1; res = -1; stacktrace=java.lang.Exception

07-17 02:12:34.666  1570  4554 I LSPosed-Bridge: 	at com.example.permlabel.requirePerm$1$2.afterHookedMethod(requirePerm.java:140)

07-17 02:12:34.666  1570  4554 I LSPosed-Bridge: 	at de.robv.android.xposed.XposedBridge$AdditionalHookInfo.callback(Unknown Source:147)

07-17 02:12:34.666  1570  4554 I LSPosed-Bridge: 	at LSPHooker_.checkPermission(Unknown Source:25)

07-17 02:12:34.666  1570  4554 I LSPosed-Bridge: 	at com.android.server.am.ActivityManagerService$PermissionController.checkPermission(ActivityManagerService.java:9248)

07-17 02:12:34.666  1570  4554 I LSPosed-Bridge: 	at android.os.IPermissionController$Stub.onTransact(IPermissionController.java:56)

07-17 02:12:34.666  1570  4554 I LSPosed-Bridge: 	at android.os.Binder.execTransact(Binder.java:731)

07-17 02:12:34.770  1570  4554 I LSPosed-Bridge: 8242 PermLabel 10116 AMS.checkPermission: Binder.getCallingPid() = 915; uid = 10116; Binder.getCallingUid() = 1047; getNameForUid: null; getPackagesForUid: null; permName: android.permission.CAMERA; type = 1; res = -1; stacktrace=java.lang.Exception

07-17 02:12:34.770  1570  4554 I LSPosed-Bridge: 	at com.example.permlabel.requirePerm$1$2.afterHookedMethod(requirePerm.java:140)

07-17 02:12:34.770  1570  4554 I LSPosed-Bridge: 	at de.robv.android.xposed.XposedBridge$AdditionalHookInfo.callback(Unknown Source:147)

07-17 02:12:34.770  1570  4554 I LSPosed-Bridge: 	at LSPHooker_.checkPermission(Unknown Source:25)

07-17 02:12:34.770  1570  4554 I LSPosed-Bridge: 	at com.android.server.am.ActivityManagerService$PermissionController.checkPermission(ActivityManagerService.java:9248)

07-17 02:12:34.770  1570  4554 I LSPosed-Bridge: 	at android.os.IPermissionController$Stub.onTransact(IPermissionController.java:56)

07-17 02:12:34.770  1570  4554 I LSPosed-Bridge: 	at android.os.Binder.execTransact(Binder.java:731)

07-17 02:12:34.770   915  3126 W ServiceManager: Permission failure: android.permission.CAMERA from uid=10116 pid=8242

07-17 02:12:34.874  1570  4554 I LSPosed-Bridge: 8242 PermLabel 10116 AMS.checkPermission: Binder.getCallingPid() = 915; uid = 10116; Binder.getCallingUid() = 1047; getNameForUid: null; getPackagesForUid: null; permName: android.permission.CAMERA; type = 1; res = -1; stacktrace=java.lang.Exception

07-17 02:12:34.874  1570  4554 I LSPosed-Bridge: 	at com.example.permlabel.requirePerm$1$2.afterHookedMethod(requirePerm.java:140)

07-17 02:12:34.874  1570  4554 I LSPosed-Bridge: 	at de.robv.android.xposed.XposedBridge$AdditionalHookInfo.callback(Unknown Source:147)

07-17 02:12:34.874  1570  4554 I LSPosed-Bridge: 	at LSPHooker_.checkPermission(Unknown Source:25)

07-17 02:12:34.874  1570  4554 I LSPosed-Bridge: 	at com.android.server.am.ActivityManagerService$PermissionController.checkPermission(ActivityManagerService.java:9248)

07-17 02:12:34.874  1570  4554 I LSPosed-Bridge: 	at android.os.IPermissionController$Stub.onTransact(IPermissionController.java:56)

07-17 02:12:34.874  1570  4554 I LSPosed-Bridge: 	at android.os.Binder.execTransact(Binder.java:731)

07-17 02:12:34.874   551   551 I ConfigStore: android::hardware::configstore::V1_0::ISurfaceFlingerConfigs::hasHDRDisplay retrieved: 0

07-17 02:12:34.874   915  3126 W ServiceManager: Permission failure: android.permission.CAMERA from uid=10116 pid=8242

07-17 02:12:34.874   915  3126 E CameraService: Permission Denial: can't use the camera pid=8242, uid=10116

07-17 02:12:34.977  1570  4554 I LSPosed-Bridge: 8242 PermLabel 10116 AMS.checkPermission: Binder.getCallingPid() = 915; uid = 10116; Binder.getCallingUid() = 1047; getNameForUid: null; getPackagesForUid: null; permName: android.permission.CAMERA; type = 1; res = -1; stacktrace=java.lang.Exception

07-17 02:12:34.977  1570  4554 I LSPosed-Bridge: 	at com.example.permlabel.requirePerm$1$2.afterHookedMethod(requirePerm.java:140)

07-17 02:12:34.977  1570  4554 I LSPosed-Bridge: 	at de.robv.android.xposed.XposedBridge$AdditionalHookInfo.callback(Unknown Source:147)

07-17 02:12:34.977  1570  4554 I LSPosed-Bridge: 	at LSPHooker_.checkPermission(Unknown Source:25)

07-17 02:12:34.977  1570  4554 I LSPosed-Bridge: 	at com.android.server.am.ActivityManagerService$PermissionController.checkPermission(ActivityManagerService.java:9248)

07-17 02:12:34.977  1570  4554 I LSPosed-Bridge: 	at android.os.IPermissionController$Stub.onTransact(IPermissionController.java:56)

07-17 02:12:34.977  1570  4554 I LSPosed-Bridge: 	at android.os.Binder.execTransact(Binder.java:731)

07-17 02:12:34.977   551   551 I ConfigStore: android::hardware::configstore::V1_0::ISurfaceFlingerConfigs::hasHDRDisplay retrieved: 0

07-17 02:12:34.977   915  3126 W ServiceManager: Permission failure: android.permission.CAMERA from uid=10116 pid=8242

07-17 02:12:34.977   915  3126 E CameraService: Permission Denial: can't use the camera pid=8242, uid=10116

07-17 02:12:35.080   551   551 I chatty  : uid=1000(system) /system/bin/surfaceflinger identical 1 line

07-17 02:12:35.080   551   551 I ConfigStore: android::hardware::configstore::V1_0::ISurfaceFlingerConfigs::hasHDRDisplay retrieved: 0

07-17 02:12:35.080  1570  8654 I LSPosed-Bridge: 8242 PermLabel 10116 AMS.checkPermission: Binder.getCallingPid() = 915; uid = 10116; Binder.getCallingUid() = 1047; getNameForUid: null; getPackagesForUid: null; permName: android.permission.CAMERA; type = 1; res = -1; stacktrace=java.lang.Exception

07-17 02:12:35.080  1570  8654 I LSPosed-Bridge: 	at com.example.permlabel.requirePerm$1$2.afterHookedMethod(requirePerm.java:140)

07-17 02:12:35.080  1570  8654 I LSPosed-Bridge: 	at de.robv.android.xposed.XposedBridge$AdditionalHookInfo.callback(Unknown Source:147)

07-17 02:12:35.080  1570  8654 I LSPosed-Bridge: 	at LSPHooker_.checkPermission(Unknown Source:25)

07-17 02:12:35.080  1570  8654 I LSPosed-Bridge: 	at com.android.server.am.ActivityManagerService$PermissionController.checkPermission(ActivityManagerService.java:9248)

07-17 02:12:35.080  1570  8654 I LSPosed-Bridge: 	at android.os.IPermissionController$Stub.onTransact(IPermissionController.java:56)

07-17 02:12:35.080  1570  8654 I LSPosed-Bridge: 	at android.os.Binder.execTransact(Binder.java:731)

07-17 02:12:35.183  1570  4554 I LSPosed-Bridge: 8242 PermLabel 10116 AMS.checkPermission: Binder.getCallingPid() = 915; uid = 10116; Binder.getCallingUid() = 1047; getNameForUid: null; getPackagesForUid: null; permName: android.permission.CAMERA; type = 1; res = -1; stacktrace=java.lang.Exception

07-17 02:12:35.183  1570  4554 I LSPosed-Bridge: 	at com.example.permlabel.requirePerm$1$2.afterHookedMethod(requirePerm.java:140)

07-17 02:12:35.183  1570  4554 I LSPosed-Bridge: 	at de.robv.android.xposed.XposedBridge$AdditionalHookInfo.callback(Unknown Source:147)

07-17 02:12:35.183  1570  4554 I LSPosed-Bridge: 	at LSPHooker_.checkPermission(Unknown Source:25)

07-17 02:12:35.183  1570  4554 I LSPosed-Bridge: 	at com.android.server.am.ActivityManagerService$PermissionController.checkPermission(ActivityManagerService.java:9248)

07-17 02:12:35.183  1570  4554 I LSPosed-Bridge: 	at android.os.IPermissionController$Stub.onTransact(IPermissionController.java:56)

07-17 02:12:35.183  1570  4554 I LSPosed-Bridge: 	at android.os.Binder.execTransact(Binder.java:731)

07-17 02:12:35.185  8242 17355 I LSPosed-Bridge: 8242 PermLabel 10116 android.permission.CAMERA open cameraId: 1; res= null; stacktrace=java.lang.Exception

07-17 02:12:35.185  8242 17355 I LSPosed-Bridge: 	at com.example.permlabel.hookCamera$3.afterHookedMethod(hookCamera.java:49)

07-17 02:12:35.185  8242 17355 I LSPosed-Bridge: 	at de.robv.android.xposed.XposedBridge$AdditionalHookInfo.callback(Unknown Source:147)

07-17 02:12:35.185  8242 17355 I LSPosed-Bridge: 	at LSPHooker_.open(Unknown Source:12)

07-17 02:12:35.185  8242 17355 I LSPosed-Bridge: 	at b.sr0.g(BL:3)

07-17 02:12:35.185  8242 17355 I LSPosed-Bridge: 	at b.sr0.h(Unknown Source:10)

07-17 02:12:35.185  8242 17355 I LSPosed-Bridge: 	at b.xr0.d(BL:1)

07-17 02:12:35.185  8242 17355 I LSPosed-Bridge: 	at b.as0.d(BL:5)

07-17 02:12:35.185  8242 17355 I LSPosed-Bridge: 	at b.ql3$b.handleMessage(BL:14)

07-17 02:12:35.185  8242 17355 I LSPosed-Bridge: 	at android.os.Handler.dispatchMessage(Handler.java:106)

07-17 02:12:35.185  8242 17355 I LSPosed-Bridge: 	at android.os.Looper.loop(Looper.java:193)

07-17 02:12:35.185  8242 17355 I LSPosed-Bridge: 	at android.os.HandlerThread.run(HandlerThread.java:65)

07-17 02:12:35.186  8242 17355 I LSPosed-Bridge: 8242 PermLabel 10116 android.permission.CAMERA open cameraId: 1; res= null; stacktrace=java.lang.Exception

07-17 02:12:35.186  8242 17355 I LSPosed-Bridge: 	at com.example.permlabel.hookCamera$3.afterHookedMethod(hookCamera.java:49)

07-17 02:12:35.186  8242 17355 I LSPosed-Bridge: 	at de.robv.android.xposed.XposedBridge$AdditionalHookInfo.callback(Unknown Source:147)

07-17 02:12:35.186  8242 17355 I LSPosed-Bridge: 	at LSPHooker_.open(Unknown Source:12)

07-17 02:12:35.186  8242 17355 I LSPosed-Bridge: 	at b.sr0.g(BL:3)

07-17 02:12:35.186  8242 17355 I LSPosed-Bridge: 	at b.sr0.h(Unknown Source:10)

07-17 02:12:35.186  8242 17355 I LSPosed-Bridge: 	at b.xr0.d(BL:1)

07-17 02:12:35.186  8242 17355 I LSPosed-Bridge: 	at b.as0.d(BL:5)

07-17 02:12:35.186  8242 17355 I LSPosed-Bridge: 	at b.ql3$b.handleMessage(BL:14)

07-17 02:12:35.186  8242 17355 I LSPosed-Bridge: 	at android.os.Handler.dispatchMessage(Handler.java:106)

07-17 02:12:35.186  8242 17355 I LSPosed-Bridge: 	at android.os.Looper.loop(Looper.java:193)

07-17 02:12:35.186  8242 17355 I LSPosed-Bridge: 	at android.os.HandlerThread.run(HandlerThread.java:65)

07-17 02:12:35.186  8242 17355 E CameraCore: [CameraPB] Camera open failed: Fail to connect to camera service

07-17 02:12:37.004  8242  8242 I LSPosed-Bridge: 8242 PermLabel 10116 ContextImpl.checkPermission: askedperm = [android.permission.WRITE_EXTERNAL_STORAGE, android.permission.READ_EXTERNAL_STORAGE]; permName: android.permission.CAMERA; android.os.Process.myPid() = 8242; type = 1

07-17 02:12:37.005  8242  8242 I LSPosed-Bridge: 8242 PermLabel 10116 ContextImpl.checkPermission: pid = 8242; uid = 10116; Binder.getCallingPid() =8242; Binder.getCallingUid() = 10116; permName: android.permission.CAMERA; type = 1; res = -1; stacktrace=java.lang.Exception

07-17 02:12:37.005  8242  8242 I LSPosed-Bridge: 	at com.example.permlabel.requestPerm$2.afterHookedMethod(requestPerm.java:202)

07-17 02:12:37.005  8242  8242 I LSPosed-Bridge: 	at de.robv.android.xposed.XposedBridge$AdditionalHookInfo.callback(Unknown Source:147)

07-17 02:12:37.005  8242  8242 I LSPosed-Bridge: 	at LSPHooker_.checkPermission(Unknown Source:25)

07-17 02:12:37.005  8242  8242 I LSPosed-Bridge: 	at android.content.ContextWrapper.checkPermission(ContextWrapper.java:738)

07-17 02:12:37.005  8242  8242 I LSPosed-Bridge: 	at android.content.ContextWrapper.checkPermission(ContextWrapper.java:738)

07-17 02:12:37.005  8242  8242 I LSPosed-Bridge: 	at androidx.core.content.b.a(BL:2)

07-17 02:12:37.005  8242  8242 I LSPosed-Bridge: 	at b.ei6.b(BL:2)

07-17 02:12:37.005  8242  8242 I LSPosed-Bridge: 	at b.ei6.n(BL:4)

07-17 02:12:37.005  8242  8242 I LSPosed-Bridge: 	at b.ai6.f(BL:4)

07-17 02:12:37.005  8242  8242 I LSPosed-Bridge: 	at b.ai6.k(Unknown Source:5)

07-17 02:12:37.005  8242  8242 I LSPosed-Bridge: 	at b.wna.j(BL:5)

07-17 02:12:37.005  8242  8242 I LSPosed-Bridge: 	at b.wna.d(Unknown Source:0)

07-17 02:12:37.005  8242  8242 I LSPosed-Bridge: 	at b.sna.onClick(Unknown Source:11)

07-17 02:12:37.005  8242  8242 I LSPosed-Bridge: 	at android.view.View.performClick(View.java:6597)

07-17 02:12:37.005  8242  8242 I LSPosed-Bridge: 	at android.view.View.performClickInternal(View.java:6574)

07-17 02:12:37.005  8242  8242 I LSPosed-Bridge: 	at android.view.View.access$3100(View.java:778)

07-17 02:12:37.005  8242  8242 I LSPosed-Bridge: 	at android.view.View$PerformClick.run(View.java:25889)

07-17 02:12:37.005  8242  8242 I LSPosed-Bridge: 	at android.os.Handler.handleCallback(Handler.java:873)

07-17 02:12:37.005  8242  8242 I LSPosed-Bridge: 	at android.os.Handler.dispatchMessage(Handler.java:99)

07-17 02:12:37.005  8242  8242 I LSPosed-Bridge: 	at android.os.Looper.loop(Looper.java:193)

07-17 02:12:37.005  8242  8242 I LSPosed-Bridge: 	at android.app.ActivityThread.main(ActivityThread.java:6692)

07-17 02:12:37.005  8242  8242 I LSPosed-Bridge: 	at java.lang.reflect.Method.invoke(Native Method)

07-17 02:12:37.005  8242  8242 I LSPosed-Bridge: 	at com.android.internal.os.RuntimeInit$MethodAndArgsCaller.run(RuntimeInit.java:493)

07-17 02:12:37.005  8242  8242 I LSPosed-Bridge: 	at com.android.internal.os.ZygoteInit.main(ZygoteInit.java:858)

07-17 02:12:37.006  8242  8242 I LSPosed-Bridge: 8242 PermLabel 10116 ContextImpl.checkPermission: pid = 8242; uid = 10116; permName: android.permission.CAMERA; type = 1; res = -1; stacktrace=java.lang.Exception

07-17 02:12:37.006  8242  8242 I LSPosed-Bridge: 	at com.example.permlabel.requestPerm$2.afterHookedMethod(requestPerm.java:219)

07-17 02:12:37.006  8242  8242 I LSPosed-Bridge: 	at de.robv.android.xposed.XposedBridge$AdditionalHookInfo.callback(Unknown Source:147)

07-17 02:12:37.006  8242  8242 I LSPosed-Bridge: 	at LSPHooker_.checkPermission(Unknown Source:25)

07-17 02:12:37.006  8242  8242 I LSPosed-Bridge: 	at android.content.ContextWrapper.checkPermission(ContextWrapper.java:738)

07-17 02:12:37.006  8242  8242 I LSPosed-Bridge: 	at android.content.ContextWrapper.checkPermission(ContextWrapper.java:738)

07-17 02:12:37.006  8242  8242 I LSPosed-Bridge: 	at androidx.core.content.b.a(BL:2)

07-17 02:12:37.006  8242  8242 I LSPosed-Bridge: 	at b.ei6.b(BL:2)

07-17 02:12:37.006  8242  8242 I LSPosed-Bridge: 	at b.ei6.n(BL:4)

07-17 02:12:37.006  8242  8242 I LSPosed-Bridge: 	at b.ai6.f(BL:4)

07-17 02:12:37.006  8242  8242 I LSPosed-Bridge: 	at b.ai6.k(Unknown Source:5)

07-17 02:12:37.006  8242  8242 I LSPosed-Bridge: 	at b.wna.j(BL:5)

07-17 02:12:37.006  8242  8242 I LSPosed-Bridge: 	at b.wna.d(Unknown Source:0)

07-17 02:12:37.006  8242  8242 I LSPosed-Bridge: 	at b.sna.onClick(Unknown Source:11)

07-17 02:12:37.006  8242  8242 I LSPosed-Bridge: 	at android.view.View.performClick(View.java:6597)

07-17 02:12:37.006  8242  8242 I LSPosed-Bridge: 	at android.view.View.performClickInternal(View.java:6574)

07-17 02:12:37.006  8242  8242 I LSPosed-Bridge: 	at android.view.View.access$3100(View.java:778)

07-17 02:12:37.006  8242  8242 I LSPosed-Bridge: 	at android.view.View$PerformClick.run(View.java:25889)

07-17 02:12:37.006  8242  8242 I LSPosed-Bridge: 	at android.os.Handler.handleCallback(Handler.java:873)

07-17 02:12:37.006  8242  8242 I LSPosed-Bridge: 	at android.os.Handler.dispatchMessage(Handler.java:99)

07-17 02:12:37.006  8242  8242 I LSPosed-Bridge: 	at android.os.Looper.loop(Looper.java:193)

07-17 02:12:37.006  8242  8242 I LSPosed-Bridge: 	at android.app.ActivityThread.main(ActivityThread.java:6692)

07-17 02:12:37.006  8242  8242 I LSPosed-Bridge: 	at java.lang.reflect.Method.invoke(Native Method)

07-17 02:12:37.006  8242  8242 I LSPosed-Bridge: 	at com.android.internal.os.RuntimeInit$MethodAndArgsCaller.run(RuntimeInit.java:493)

07-17 02:12:37.006  8242  8242 I LSPosed-Bridge: 	at com.android.internal.os.ZygoteInit.main(ZygoteInit.java:858)

07-17 02:12:37.006   551   551 I ConfigStore: android::hardware::configstore::V1_0::ISurfaceFlingerConfigs::hasHDRDisplay retrieved: 0

07-17 02:12:37.012  8242  8242 I LSPosed-Bridge: 8242 PermLabel 10116 ContextImpl.checkPermission: pid = 8242; uid = 10116; permName: android.permission.CAMERA; type = 1; res = -1; stacktrace=java.lang.Exception

07-17 02:12:37.012  8242  8242 I LSPosed-Bridge: 	at com.example.permlabel.requestPerm$2.afterHookedMethod(requestPerm.java:219)

07-17 02:12:37.012  8242  8242 I LSPosed-Bridge: 	at de.robv.android.xposed.XposedBridge$AdditionalHookInfo.callback(Unknown Source:147)

07-17 02:12:37.012  8242  8242 I LSPosed-Bridge: 	at LSPHooker_.checkPermission(Unknown Source:25)

07-17 02:12:37.012  8242  8242 I LSPosed-Bridge: 	at android.content.ContextWrapper.checkPermission(ContextWrapper.java:738)

07-17 02:12:37.012  8242  8242 I LSPosed-Bridge: 	at android.content.ContextWrapper.checkPermission(ContextWrapper.java:738)

07-17 02:12:37.012  8242  8242 I LSPosed-Bridge: 	at androidx.core.content.b.a(BL:2)

07-17 02:12:37.012  8242  8242 I LSPosed-Bridge: 	at b.ei6.b(BL:2)

07-17 02:12:37.012  8242  8242 I LSPosed-Bridge: 	at com.bilibili.lib.ui.PermissionRequestUtils.i(BL:2)

07-17 02:12:37.012  8242  8242 I LSPosed-Bridge: 	at com.bilibili.lib.ui.PermissionRequestUtils.a(Unknown Source:0)

07-17 02:12:37.012  8242  8242 I LSPosed-Bridge: 	at b.bh6.run(Unknown Source:10)

07-17 02:12:37.012  8242  8242 I LSPosed-Bridge: 	at b.qq3.f(BL:2)

07-17 02:12:37.012  8242  8242 I LSPosed-Bridge: 	at com.bilibili.lib.ui.PermissionRequestUtils.g(Unknown Source:22)

07-17 02:12:37.012  8242  8242 I LSPosed-Bridge: 	at b.ei6.n(BL:6)

07-17 02:12:37.012  8242  8242 I LSPosed-Bridge: 	at b.ai6.f(BL:4)

07-17 02:12:37.012  8242  8242 I LSPosed-Bridge: 	at b.ai6.k(Unknown Source:5)

07-17 02:12:37.012  8242  8242 I LSPosed-Bridge: 	at b.wna.j(BL:5)

07-17 02:12:37.012  8242  8242 I LSPosed-Bridge: 	at b.wna.d(Unknown Source:0)

07-17 02:12:37.012  8242  8242 I LSPosed-Bridge: 	at b.sna.onClick(Unknown Source:11)

07-17 02:12:37.012  8242  8242 I LSPosed-Bridge: 	at android.view.View.performClick(View.java:6597)

07-17 02:12:37.012  8242  8242 I LSPosed-Bridge: 	at android.view.View.performClickInternal(View.java:6574)

07-17 02:12:37.012  8242  8242 I LSPosed-Bridge: 	at android.view.View.access$3100(View.java:778)

07-17 02:12:37.012  8242  8242 I LSPosed-Bridge: 	at android.view.View$PerformClick.run(View.java:25889)

07-17 02:12:37.012  8242  8242 I LSPosed-Bridge: 	at android.os.Handler.handleCallback(Handler.java:873)

07-17 02:12:37.012  8242  8242 I LSPosed-Bridge: 	at android.os.Handler.dispatchMessage(Handler.java:99)

07-17 02:12:37.012  8242  8242 I LSPosed-Bridge: 	at android.os.Looper.loop(Looper.java:193)

07-17 02:12:37.012  8242  8242 I LSPosed-Bridge: 	at android.app.ActivityThread.main(ActivityThread.java:6692)

07-17 02:12:37.012  8242  8242 I LSPosed-Bridge: 	at java.lang.reflect.Method.invoke(Native Method)

07-17 02:12:37.012  8242  8242 I LSPosed-Bridge: 	at com.android.internal.os.RuntimeInit$MethodAndArgsCaller.run(RuntimeInit.java:493)

07-17 02:12:37.012  8242  8242 I LSPosed-Bridge: 	at com.android.internal.os.ZygoteInit.main(ZygoteInit.java:858)

07-17 02:12:37.036   551   551 I ConfigStore: android::hardware::configstore::V1_0::ISurfaceFlingerConfigs::hasHDRDisplay retrieved: 0

07-17 02:12:37.036  8242  8242 I LSPosed-Bridge: 8242 PermLabel 10116 requestPermissions (Activity): pid = 8242; permName: android.permission.CAMERA; stacktrace=java.lang.Exception

07-17 02:12:37.036  8242  8242 I LSPosed-Bridge: 	at com.example.permlabel.requestPerm$3.beforeHookedMethod(requestPerm.java:236)

07-17 02:12:37.036  8242  8242 I LSPosed-Bridge: 	at de.robv.android.xposed.XposedBridge$AdditionalHookInfo.callback(Unknown Source:79)

07-17 02:12:37.036  8242  8242 I LSPosed-Bridge: 	at LSPHooker_.requestPermissions(Unknown Source:18)

07-17 02:12:37.036  8242  8242 I LSPosed-Bridge: 	at androidx.core.app.a$d.b(Unknown Source:0)

07-17 02:12:37.036  8242  8242 I LSPosed-Bridge: 	at androidx.core.app.a.r(BL:11)

07-17 02:12:37.036  8242  8242 I LSPosed-Bridge: 	at com.bilibili.lib.ui.PermissionRequestUtils.i(BL:12)

07-17 02:12:37.036  8242  8242 I LSPosed-Bridge: 	at com.bilibili.lib.ui.PermissionRequestUtils.a(Unknown Source:0)

07-17 02:12:37.036  8242  8242 I LSPosed-Bridge: 	at b.bh6.run(Unknown Source:10)

07-17 02:12:37.036  8242  8242 I LSPosed-Bridge: 	at b.qq3.f(BL:2)

07-17 02:12:37.036  8242  8242 I LSPosed-Bridge: 	at com.bilibili.lib.ui.PermissionRequestUtils.g(Unknown Source:22)

07-17 02:12:37.036  8242  8242 I LSPosed-Bridge: 	at b.ei6.n(BL:6)

07-17 02:12:37.036  8242  8242 I LSPosed-Bridge: 	at b.ai6.f(BL:4)

07-17 02:12:37.036  8242  8242 I LSPosed-Bridge: 	at b.ai6.k(Unknown Source:5)

07-17 02:12:37.036  8242  8242 I LSPosed-Bridge: 	at b.wna.j(BL:5)

07-17 02:12:37.036  8242  8242 I LSPosed-Bridge: 	at b.wna.d(Unknown Source:0)

07-17 02:12:37.036  8242  8242 I LSPosed-Bridge: 	at b.sna.onClick(Unknown Source:11)

07-17 02:12:37.036  8242  8242 I LSPosed-Bridge: 	at android.view.View.performClick(View.java:6597)

07-17 02:12:37.036  8242  8242 I LSPosed-Bridge: 	at android.view.View.performClickInternal(View.java:6574)

07-17 02:12:37.036  8242  8242 I LSPosed-Bridge: 	at android.view.View.access$3100(View.java:778)

07-17 02:12:37.036  8242  8242 I LSPosed-Bridge: 	at android.view.View$PerformClick.run(View.java:25889)

07-17 02:12:37.036  8242  8242 I LSPosed-Bridge: 	at android.os.Handler.handleCallback(Handler.java:873)

07-17 02:12:37.036  8242  8242 I LSPosed-Bridge: 	at android.os.Handler.dispatchMessage(Handler.java:99)

07-17 02:12:37.036  8242  8242 I LSPosed-Bridge: 	at android.os.Looper.loop(Looper.java:193)

07-17 02:12:37.036  8242  8242 I LSPosed-Bridge: 	at android.app.ActivityThread.main(ActivityThread.java:6692)

07-17 02:12:37.036  8242  8242 I LSPosed-Bridge: 	at java.lang.reflect.Method.invoke(Native Method)

07-17 02:12:37.036  8242  8242 I LSPosed-Bridge: 	at com.android.internal.os.RuntimeInit$MethodAndArgsCaller.run(RuntimeInit.java:493)

07-17 02:12:37.036  8242  8242 I LSPosed-Bridge: 	at com.android.internal.os.ZygoteInit.main(ZygoteInit.java:858)

07-17 02:12:37.036   551   551 I ConfigStore: android::hardware::configstore::V1_0::ISurfaceFlingerConfigs::hasHDRDisplay retrieved: 0

07-17 02:12:37.038  1570  4554 I LSPosed-Bridge: 8242 PermLabel 10116 startActivityAsUser: Binder.getCallingPid() = 8242; Binder.getCallingUid() = 10116; intent = Intent { act=android.content.pm.action.REQUEST_PERMISSIONS pkg=com.google.android.packageinstaller (has extras) }; stacktrace=java.lang.Exception

07-17 02:12:37.038  1570  4554 I LSPosed-Bridge: 	at com.example.permlabel.requirePerm$1$1.beforeHookedMethod(requirePerm.java:68)

07-17 02:12:37.038  1570  4554 I LSPosed-Bridge: 	at de.robv.android.xposed.XposedBridge$AdditionalHookInfo.callback(Unknown Source:79)

07-17 02:12:37.038  1570  4554 I LSPosed-Bridge: 	at LSPHooker_.startActivity(Unknown Source:50)

07-17 02:12:37.038  1570  4554 I LSPosed-Bridge: 	at android.app.IActivityManager$Stub.onTransact$startActivity$(IActivityManager.java:10085)

07-17 02:12:37.038  1570  4554 I LSPosed-Bridge: 	at android.app.IActivityManager$Stub.onTransact(IActivityManager.java:122)

07-17 02:12:37.038  1570  4554 I LSPosed-Bridge: 	at com.android.server.am.ActivityManagerService.onTransact(ActivityManagerService.java:3346)

07-17 02:12:37.038  1570  4554 I LSPosed-Bridge: 	at android.os.Binder.execTransact(Binder.java:731)

07-17 02:12:37.038  1570  4554 I LSPosed-Bridge: 8242 PermLabel 10116 startActivityAsUser: intent = Intent { act=android.content.pm.action.REQUEST_PERMISSIONS pkg=com.google.android.packageinstaller (has extras) }

07-17 02:12:37.038  1570  4554 I LSPosed-Bridge: 8242 PermLabel 10116 startActivityAsUser permName: android.permission.CAMERA

07-17 02:12:37.038  1570  4554 I ActivityManager: START u0 {act=android.content.pm.action.REQUEST_PERMISSIONS pkg=com.google.android.packageinstaller cmp=com.google.android.packageinstaller/com.android.packageinstaller.permission.ui.GrantPermissionsActivity (has extras)} from uid 10116

07-17 02:12:40.665  1570  1859 I LSPosed-Bridge: 8242 PermLabel 10116 AMS.checkPermission: Binder.getCallingPid() = 915; uid = 10116; Binder.getCallingUid() = 1047; getNameForUid: null; getPackagesForUid: null; permName: android.permission.CAMERA; type = 1; res = 0; stacktrace=java.lang.Exception

07-17 02:12:40.665  1570  1859 I LSPosed-Bridge: 	at com.example.permlabel.requirePerm$1$2.afterHookedMethod(requirePerm.java:140)

07-17 02:12:40.665  1570  1859 I LSPosed-Bridge: 	at de.robv.android.xposed.XposedBridge$AdditionalHookInfo.callback(Unknown Source:147)

07-17 02:12:40.665  1570  1859 I LSPosed-Bridge: 	at LSPHooker_.checkPermission(Unknown Source:25)

07-17 02:12:40.665  1570  1859 I LSPosed-Bridge: 	at com.android.server.am.ActivityManagerService$PermissionController.checkPermission(ActivityManagerService.java:9248)

07-17 02:12:40.665  1570  1859 I LSPosed-Bridge: 	at android.os.IPermissionController$Stub.onTransact(IPermissionController.java:56)

07-17 02:12:40.665  1570  1859 I LSPosed-Bridge: 	at android.os.Binder.execTransact(Binder.java:731)

07-17 02:12:40.665   551   551 I ConfigStore: android::hardware::configstore::V1_0::ISurfaceFlingerConfigs::hasHDRDisplay retrieved: 0

07-17 02:12:40.665  8242  8242 I LSPosed-Bridge: 8242 PermLabel hookBinder_test 10116 interfaceBinder =android.hardware.display.IDisplayManager; arg0 = 1; arg1 = android.os.Parcel@5be1ddc; arg2 = android.os.Parcel@c634c6e; arg3 = 0; res = true; stacktrace=java.lang.Exception

07-17 02:12:40.665  8242  8242 I LSPosed-Bridge: 	at com.example.permlabel.hookBinder_test$1.afterHookedMethod(hookBinder_test.java:65)

07-17 02:12:40.665  8242  8242 I LSPosed-Bridge: 	at de.robv.android.xposed.XposedBridge$AdditionalHookInfo.callback(Unknown Source:147)

07-17 02:12:40.665  8242  8242 I LSPosed-Bridge: 	at LSPHooker_.transact(Unknown Source:28)

07-17 02:12:40.665  8242  8242 I LSPosed-Bridge: 	at android.hardware.display.IDisplayManager$Stub$Proxy.getDisplayInfo(IDisplayManager.java:404)

07-17 02:12:40.665  8242  8242 I LSPosed-Bridge: 	at android.hardware.display.DisplayManagerGlobal.getDisplayInfo(DisplayManagerGlobal.java:124)

07-17 02:12:40.665  8242  8242 I LSPosed-Bridge: 	at android.view.Display.updateDisplayInfoLocked(Display.java:1046)

07-17 02:12:40.665  8242  8242 I LSPosed-Bridge: 	at android.view.Display.getState(Display.java:1014)

07-17 02:12:40.665  8242  8242 I LSPosed-Bridge: 	at android.view.ViewRootImpl.setView(ViewRootImpl.java:667)

07-17 02:12:40.665  8242  8242 I LSPosed-Bridge: 	at android.view.WindowManagerGlobal.addView(WindowManagerGlobal.java:356)

07-17 02:12:40.665  8242  8242 I LSPosed-Bridge: 	at android.view.WindowManagerImpl.addView(WindowManagerImpl.java:94)

07-17 02:12:40.665  8242  8242 I LSPosed-Bridge: 	at com.bilibili.lib.ui.PermissionRequestUtils.d(BL:11)

07-17 02:12:40.665  8242  8242 I LSPosed-Bridge: 	at com.bilibili.lib.ui.PermissionRequestUtils.c(Unknown Source:0)

07-17 02:12:40.665  8242  8242 I LSPosed-Bridge: 	at com.bilibili.lib.ui.PermissionRequestUtils$showFloatView$1.invoke$lambda-0(BL:2)

07-17 02:12:40.665  8242  8242 I LSPosed-Bridge: 	at com.bilibili.lib.ui.PermissionRequestUtils$showFloatView$1.a(Unknown Source:0)

07-17 02:12:40.665  8242  8242 I LSPosed-Bridge: 	at com.bilibili.lib.ui.d.run(Unknown Source:6)

07-17 02:12:40.665  8242  8242 I LSPosed-Bridge: 	at android.os.Handler.handleCallback(Handler.java:873)

07-17 02:12:40.665  8242  8242 I LSPosed-Bridge: 	at android.os.Handler.dispatchMessage(Handler.java:99)

07-17 02:12:40.665  8242  8242 I LSPosed-Bridge: 	at android.os.Looper.loop(Looper.java:193)

07-17 02:12:40.665  8242  8242 I LSPosed-Bridge: 	at android.app.ActivityThread.main(ActivityThread.java:6692)

07-17 02:12:40.665  8242  8242 I LSPosed-Bridge: 	at java.lang.reflect.Method.invoke(Native Method)

07-17 02:12:40.665  8242  8242 I LSPosed-Bridge: 	at com.android.internal.os.RuntimeInit$MethodAndArgsCaller.run(RuntimeInit.java:493)

07-17 02:12:40.665  8242  8242 I LSPosed-Bridge: 	at com.android.internal.os.ZygoteInit.main(ZygoteInit.java:858)

07-17 02:12:40.813  8242 17584 I LSPosed-Bridge: 8242 PermLabel 10116 android.permission.CAMERA open cameraId: 1; res= android.hardware.Camera@4de1ade; stacktrace=java.lang.Exception

07-17 02:12:40.813  8242 17584 I LSPosed-Bridge: 	at com.example.permlabel.hookCamera$3.afterHookedMethod(hookCamera.java:49)

07-17 02:12:40.813  8242 17584 I LSPosed-Bridge: 	at de.robv.android.xposed.XposedBridge$AdditionalHookInfo.callback(Unknown Source:147)

07-17 02:12:40.813  8242 17584 I LSPosed-Bridge: 	at LSPHooker_.open(Unknown Source:12)

07-17 02:12:40.813  8242 17584 I LSPosed-Bridge: 	at b.sr0.g(BL:3)

07-17 02:12:40.813  8242 17584 I LSPosed-Bridge: 	at b.sr0.h(Unknown Source:10)

07-17 02:12:40.813  8242 17584 I LSPosed-Bridge: 	at b.xr0.d(BL:1)

07-17 02:12:40.813  8242 17584 I LSPosed-Bridge: 	at b.as0.d(BL:5)

07-17 02:12:40.813  8242 17584 I LSPosed-Bridge: 	at b.ql3$b.handleMessage(BL:14)

07-17 02:12:40.813  8242 17584 I LSPosed-Bridge: 	at android.os.Handler.dispatchMessage(Handler.java:106)

07-17 02:12:40.813  8242 17584 I LSPosed-Bridge: 	at android.os.Looper.loop(Looper.java:193)

07-17 02:12:40.813  8242 17584 I LSPosed-Bridge: 	at android.os.HandlerThread.run(HandlerThread.java:65)

07-17 02:12:40.814  8242 17584 I LSPosed-Bridge: 8242 PermLabel 10116 android.permission.CAMERA open cameraId: 1; res= android.hardware.Camera@4de1ade; stacktrace=java.lang.Exception

07-17 02:12:40.814  8242 17584 I LSPosed-Bridge: 	at com.example.permlabel.hookCamera$3.afterHookedMethod(hookCamera.java:49)

07-17 02:12:40.814  8242 17584 I LSPosed-Bridge: 	at de.robv.android.xposed.XposedBridge$AdditionalHookInfo.callback(Unknown Source:147)

07-17 02:12:40.814  8242 17584 I LSPosed-Bridge: 	at LSPHooker_.open(Unknown Source:12)

07-17 02:12:40.814  8242 17584 I LSPosed-Bridge: 	at b.sr0.g(BL:3)

07-17 02:12:40.814  8242 17584 I LSPosed-Bridge: 	at b.sr0.h(Unknown Source:10)

07-17 02:12:40.814  8242 17584 I LSPosed-Bridge: 	at b.xr0.d(BL:1)

07-17 02:12:40.814  8242 17584 I LSPosed-Bridge: 	at b.as0.d(BL:5)

