07-21 03:33:00.791 19274 19274 I LSPosed-Bridge: 	at java.lang.reflect.Method.invoke(Native Method)

07-21 03:33:00.791 19274 19274 I LSPosed-Bridge: 	at com.android.internal.os.RuntimeInit$MethodAndArgsCaller.run(RuntimeInit.java:493)

07-21 03:33:00.791 19274 19274 I LSPosed-Bridge: 	at com.android.internal.os.ZygoteInit.main(ZygoteInit.java:858)

07-21 03:33:01.901   550   550 I ConfigStore: android::hardware::configstore::V1_0::ISurfaceFlingerConfigs::hasHDRDisplay retrieved: 0

07-21 03:33:01.901 19274 19274 I LSPosed-Bridge: 19274 PermLabel 10131 requestPermissions (Activity): pid = 19274; permName: android.permission.ACCESS_COARSE_LOCATION; stacktrace=java.lang.Exception

07-21 03:33:01.901 19274 19274 I LSPosed-Bridge: 	at com.example.permlabel.requestPerm$3.beforeHookedMethod(requestPerm.java:239)

07-21 03:33:01.901 19274 19274 I LSPosed-Bridge: 	at de.robv.android.xposed.XposedBridge$AdditionalHookInfo.callback(Unknown Source:79)

07-21 03:33:01.901 19274 19274 I LSPosed-Bridge: 	at LSPHooker_.requestPermissions(Unknown Source:18)

07-21 03:33:01.901 19274 19274 I LSPosed-Bridge: 	at e0.b.b(ActivityCompat.java:8)

07-21 03:33:01.901 19274 19274 I LSPosed-Bridge: 	at io.dcloud.common.core.permission.PermissionControler.runRequestPermissions(Unknown Source:4)

07-21 03:33:01.901 19274 19274 I LSPosed-Bridge: 	at io.dcloud.common.core.permission.PermissionControler.requestPermissions(Unknown Source:6)

07-21 03:33:01.901 19274 19274 I LSPosed-Bridge: 	at io.dcloud.common.adapter.util.PermissionUtil.requestPermissions(Unknown Source:1)

07-21 03:33:01.901 19274 19274 I LSPosed-Bridge: 	at io.dcloud.common.adapter.util.PermissionUtil.requestSystemPermissions(Unknown Source:5)

07-21 03:33:01.901 19274 19274 I LSPosed-Bridge: 	at io.dcloud.common.adapter.util.PermissionUtil.useSystemPermission(Unknown Source:7)

07-21 03:33:01.901 19274 19274 I LSPosed-Bridge: 	at io.dcloud.common.adapter.util.PermissionUtil.usePermission(Unknown Source:8)

07-21 03:33:01.901 19274 19274 I LSPosed-Bridge: 	at io.dcloud.js.geolocation.GeolocationFeatureImpl.execute(Unknown Source:5)

07-21 03:33:01.901 19274 19274 I LSPosed-Bridge: 	at io.dcloud.h.b.a(Unknown Source:90)

07-21 03:33:01.901 19274 19274 I LSPosed-Bridge: 	at io.dcloud.h.b.b(Unknown Source:3)

07-21 03:33:01.901 19274 19274 I LSPosed-Bridge: 	at io.dcloud.h.b.processEvent(Unknown Source:40)

07-21 03:33:01.901 19274 19274 I LSPosed-Bridge: 	at io.dcloud.f.c.c.dispatchEvent(Unknown Source:7)

07-21 03:33:01.901 19274 19274 I LSPosed-Bridge: 	at io.dcloud.common.core.ui.l.processEvent(Unknown Source:2)

07-21 03:33:01.901 19274 19274 I LSPosed-Bridge: 	at io.dcloud.common.adapter.ui.AdaUniWebView.exec(Unknown Source:3)

07-21 03:33:01.901 19274 19274 I LSPosed-Bridge: 	at io.dcloud.common.adapter.ui.AdaUniWebView$1.execute(Unknown Source:5)

07-21 03:33:01.901 19274 19274 I LSPosed-Bridge: 	at io.dcloud.common.adapter.util.MessageHandler$1.handleMessage(Unknown Source:3)

07-21 03:33:01.901 19274 19274 I LSPosed-Bridge: 	at android.os.Handler.dispatchMessage(Handler.java:106)

07-21 03:33:01.901 19274 19274 I LSPosed-Bridge: 	at android.os.Looper.loop(Looper.java:193)

07-21 03:33:01.901 19274 19274 I LSPosed-Bridge: 	at android.app.ActivityThread.main(ActivityThread.java:6692)

07-21 03:33:01.901 19274 19274 I LSPosed-Bridge: 	at java.lang.reflect.Method.invoke(Native Method)

07-21 03:33:01.901 19274 19274 I LSPosed-Bridge: 	at com.android.internal.os.RuntimeInit$MethodAndArgsCaller.run(RuntimeInit.java:493)

07-21 03:33:01.901 19274 19274 I LSPosed-Bridge: 	at com.android.internal.os.ZygoteInit.main(ZygoteInit.java:858)

07-21 03:33:01.901   550   550 I ConfigStore: android::hardware::configstore::V1_0::ISurfaceFlingerConfigs::hasHDRDisplay retrieved: 0

07-21 03:33:01.901 19274 19274 I LSPosed-Bridge: 19274 PermLabel 10131 requestPermissions (Activity): pid = 19274; permName: android.permission.ACCESS_FINE_LOCATION; stacktrace=java.lang.Exception

07-21 03:33:01.901 19274 19274 I LSPosed-Bridge: 	at com.example.permlabel.requestPerm$3.beforeHookedMethod(requestPerm.java:239)

07-21 03:33:01.901 19274 19274 I LSPosed-Bridge: 	at de.robv.android.xposed.XposedBridge$AdditionalHookInfo.callback(Unknown Source:79)

07-21 03:33:01.901 19274 19274 I LSPosed-Bridge: 	at LSPHooker_.requestPermissions(Unknown Source:18)

07-21 03:33:01.901 19274 19274 I LSPosed-Bridge: 	at e0.b.b(ActivityCompat.java:8)

07-21 03:33:01.901 19274 19274 I LSPosed-Bridge: 	at io.dcloud.common.core.permission.PermissionControler.runRequestPermissions(Unknown Source:4)

07-21 03:33:01.901 19274 19274 I LSPosed-Bridge: 	at io.dcloud.common.core.permission.PermissionControler.requestPermissions(Unknown Source:6)

07-21 03:33:01.901 19274 19274 I LSPosed-Bridge: 	at io.dcloud.common.adapter.util.PermissionUtil.requestPermissions(Unknown Source:1)

07-21 03:33:01.901 19274 19274 I LSPosed-Bridge: 	at io.dcloud.common.adapter.util.PermissionUtil.requestSystemPermissions(Unknown Source:5)

07-21 03:33:01.901 19274 19274 I LSPosed-Bridge: 	at io.dcloud.common.adapter.util.PermissionUtil.useSystemPermission(Unknown Source:7)

07-21 03:33:01.901 19274 19274 I LSPosed-Bridge: 	at io.dcloud.common.adapter.util.PermissionUtil.usePermission(Unknown Source:8)

07-21 03:33:01.901 19274 19274 I LSPosed-Bridge: 	at io.dcloud.js.geolocation.GeolocationFeatureImpl.execute(Unknown Source:5)

07-21 03:33:01.901 19274 19274 I LSPosed-Bridge: 	at io.dcloud.h.b.a(Unknown Source:90)

07-21 03:33:01.901 19274 19274 I LSPosed-Bridge: 	at io.dcloud.h.b.b(Unknown Source:3)

07-21 03:33:01.901 19274 19274 I LSPosed-Bridge: 	at io.dcloud.h.b.processEvent(Unknown Source:40)

07-21 03:33:01.901 19274 19274 I LSPosed-Bridge: 	at io.dcloud.f.c.c.dispatchEvent(Unknown Source:7)

07-21 03:33:01.901 19274 19274 I LSPosed-Bridge: 	at io.dcloud.common.core.ui.l.processEvent(Unknown Source:2)

07-21 03:33:01.901 19274 19274 I LSPosed-Bridge: 	at io.dcloud.common.adapter.ui.AdaUniWebView.exec(Unknown Source:3)

07-21 03:33:01.901 19274 19274 I LSPosed-Bridge: 	at io.dcloud.common.adapter.ui.AdaUniWebView$1.execute(Unknown Source:5)

07-21 03:33:01.901 19274 19274 I LSPosed-Bridge: 	at io.dcloud.common.adapter.util.MessageHandler$1.handleMessage(Unknown Source:3)

07-21 03:33:01.901 19274 19274 I LSPosed-Bridge: 	at android.os.Handler.dispatchMessage(Handler.java:106)

07-21 03:33:01.901 19274 19274 I LSPosed-Bridge: 	at android.os.Looper.loop(Looper.java:193)

07-21 03:33:01.901 19274 19274 I LSPosed-Bridge: 	at android.app.ActivityThread.main(ActivityThread.java:6692)

07-21 03:33:01.901 19274 19274 I LSPosed-Bridge: 	at java.lang.reflect.Method.invoke(Native Method)

07-21 03:33:01.901 19274 19274 I LSPosed-Bridge: 	at com.android.internal.os.RuntimeInit$MethodAndArgsCaller.run(RuntimeInit.java:493)

07-21 03:33:01.901 19274 19274 I LSPosed-Bridge: 	at com.android.internal.os.ZygoteInit.main(ZygoteInit.java:858)

07-21 03:33:01.905  1563  7290 I LSPosed-Bridge: 19274 PermLabel 10131 startActivityAsUser permName: android.permission.ACCESS_COARSE_LOCATION

07-21 03:33:01.905  1563  7290 I LSPosed-Bridge: 19274 PermLabel 10131 startActivityAsUser permName: android.permission.ACCESS_FINE_LOCATION

07-21 03:33:01.905  1563  7290 I ActivityManager: START u0 {act=android.content.pm.action.REQUEST_PERMISSIONS pkg=com.google.android.packageinstaller cmp=com.google.android.packageinstaller/com.android.packageinstaller.permission.ui.GrantPermissionsActivity (has extras)} from uid 10131

07-21 03:33:09.468 19274 19274 I LSPosed-Bridge: 19274 PermLabel 10131; permName: android.permission.ACCESS_FINE_LOCATION getLastKnownLocation res=null; stacktrace=java.lang.Exception

07-21 03:33:09.468 19274 19274 I LSPosed-Bridge: 	at com.example.permlabel.hookLocationExtra_test$2.afterHookedMethod(hookLocationExtra_test.java:64)

07-21 03:33:09.468 19274 19274 I LSPosed-Bridge: 	at de.robv.android.xposed.XposedBridge$AdditionalHookInfo.callback(Unknown Source:147)

07-21 03:33:09.468 19274 19274 I LSPosed-Bridge: 	at LSPHooker_.getLastKnownLocation(Unknown Source:11)

07-21 03:33:09.468 19274 19274 I LSPosed-Bridge: 	at java.lang.reflect.Method.invoke(Native Method)

07-21 03:33:09.468 19274 19274 I LSPosed-Bridge: 	at io.dcloud.e.a.c.b.g.c(Unknown Source:5)

07-21 03:33:09.468 19274 19274 I LSPosed-Bridge: 	at io.dcloud.e.c.c.a.b.e.b(Unknown Source:20)

07-21 03:33:09.468 19274 19274 I LSPosed-Bridge: 	at io.dcloud.e.c.c.a.b.e.a(Unknown Source:22)

07-21 03:33:09.468 19274 19274 I LSPosed-Bridge: 	at io.dcloud.e.c.c.a.b.d.c(Unknown Source:1)

07-21 03:33:09.468 19274 19274 I LSPosed-Bridge: 	at io.dcloud.feature.gg.dcloud.ADHandler.pull(Unknown Source:15)

07-21 03:33:09.468 19274 19274 I LSPosed-Bridge: 	at io.dcloud.feature.gg.dcloud.AdFeatureImpl.doForFeature(Unknown Source:69)

07-21 03:33:09.468 19274 19274 I LSPosed-Bridge: 	at io.dcloud.feature.gg.AdFeatureImplMgr.doForFeature(Unknown Source:3)

07-21 03:33:09.468 19274 19274 I LSPosed-Bridge: 	at io.dcloud.a.a(Unknown Source:9)

07-21 03:33:09.468 19274 19274 I LSPosed-Bridge: 	at io.dcloud.b$a.run(Unknown Source:4)

07-21 03:33:09.468 19274 19274 I LSPosed-Bridge: 	at android.os.Handler.handleCallback(Handler.java:873)

07-21 03:33:09.468 19274 19274 I LSPosed-Bridge: 	at android.os.Handler.dispatchMessage(Handler.java:99)

07-21 03:33:09.468 19274 19274 I LSPosed-Bridge: 	at android.os.Looper.loop(Looper.java:193)

07-21 03:33:09.468 19274 19274 I LSPosed-Bridge: 	at android.app.ActivityThread.main(ActivityThread.java:6692)

07-21 03:33:09.468 19274 19274 I LSPosed-Bridge: 	at java.lang.reflect.Method.invoke(Native Method)

07-21 03:33:09.468 19274 19274 I LSPosed-Bridge: 	at com.android.internal.os.RuntimeInit$MethodAndArgsCaller.run(RuntimeInit.java:493)

07-21 03:33:09.468 19274 19274 I LSPosed-Bridge: 	at com.android.internal.os.ZygoteInit.main(ZygoteInit.java:858)

07-21 03:33:10.595 19274 19274 I LSPosed-Bridge: 19274 PermLabel 10131 requestPermissions (Activity): pid = 19274; permName: android.permission.ACCESS_COARSE_LOCATION; stacktrace=java.lang.Exception

07-21 03:33:10.595 19274 19274 I LSPosed-Bridge: 	at com.example.permlabel.requestPerm$3.beforeHookedMethod(requestPerm.java:239)

07-21 03:33:10.595 19274 19274 I LSPosed-Bridge: 	at de.robv.android.xposed.XposedBridge$AdditionalHookInfo.callback(Unknown Source:79)

07-21 03:33:10.595 19274 19274 I LSPosed-Bridge: 	at LSPHooker_.requestPermissions(Unknown Source:18)

07-21 03:33:10.595 19274 19274 I LSPosed-Bridge: 	at e0.b.b(ActivityCompat.java:8)

07-21 03:33:10.595 19274 19274 I LSPosed-Bridge: 	at io.dcloud.common.core.permission.PermissionControler.runRequestPermissions(Unknown Source:4)

07-21 03:33:10.595 19274 19274 I LSPosed-Bridge: 	at io.dcloud.common.core.permission.PermissionControler.requestPermissions(Unknown Source:6)

07-21 03:33:10.595 19274 19274 I LSPosed-Bridge: 	at io.dcloud.common.adapter.util.PermissionUtil.requestPermissions(Unknown Source:1)

07-21 03:33:10.595 19274 19274 I LSPosed-Bridge: 	at io.dcloud.common.adapter.util.PermissionUtil.requestSystemPermissions(Unknown Source:5)

07-21 03:33:10.595 19274 19274 I LSPosed-Bridge: 	at io.dcloud.common.adapter.util.PermissionUtil.useSystemPermission(Unknown Source:7)

07-21 03:33:10.595 19274 19274 I LSPosed-Bridge: 	at io.dcloud.common.adapter.util.PermissionUtil.usePermission(Unknown Source:8)

07-21 03:33:10.595 19274 19274 I LSPosed-Bridge: 	at io.dcloud.js.geolocation.GeolocationFeatureImpl.execute(Unknown Source:5)

07-21 03:33:10.595 19274 19274 I LSPosed-Bridge: 	at io.dcloud.h.b.a(Unknown Source:90)

07-21 03:33:10.595 19274 19274 I LSPosed-Bridge: 	at io.dcloud.h.b.b(Unknown Source:3)

07-21 03:33:10.595 19274 19274 I LSPosed-Bridge: 	at io.dcloud.h.b.processEvent(Unknown Source:40)

07-21 03:33:10.595 19274 19274 I LSPosed-Bridge: 	at io.dcloud.f.c.c.dispatchEvent(Unknown Source:7)

07-21 03:33:10.595 19274 19274 I LSPosed-Bridge: 	at io.dcloud.common.core.ui.l.processEvent(Unknown Source:2)

07-21 03:33:10.595 19274 19274 I LSPosed-Bridge: 	at io.dcloud.common.adapter.ui.AdaUniWebView.exec(Unknown Source:3)

07-21 03:33:10.595 19274 19274 I LSPosed-Bridge: 	at io.dcloud.common.adapter.ui.AdaUniWebView$1.execute(Unknown Source:5)

07-21 03:33:10.595 19274 19274 I LSPosed-Bridge: 	at io.dcloud.common.adapter.util.MessageHandler$1.handleMessage(Unknown Source:3)

07-21 03:33:10.595 19274 19274 I LSPosed-Bridge: 	at android.os.Handler.dispatchMessage(Handler.java:106)

07-21 03:33:10.595 19274 19274 I LSPosed-Bridge: 	at android.os.Looper.loop(Looper.java:193)

07-21 03:33:10.595 19274 19274 I LSPosed-Bridge: 	at android.app.ActivityThread.main(ActivityThread.java:6692)

07-21 03:33:10.595 19274 19274 I LSPosed-Bridge: 	at java.lang.reflect.Method.invoke(Native Method)

07-21 03:33:10.595 19274 19274 I LSPosed-Bridge: 	at com.android.internal.os.RuntimeInit$MethodAndArgsCaller.run(RuntimeInit.java:493)

07-21 03:33:10.595 19274 19274 I LSPosed-Bridge: 	at com.android.internal.os.ZygoteInit.main(ZygoteInit.java:858)

07-21 03:33:10.595 19274 19274 I LSPosed-Bridge: 19274 PermLabel 10131 requestPermissions (Activity): pid = 19274; permName: android.permission.ACCESS_FINE_LOCATION; stacktrace=java.lang.Exception

07-21 03:33:10.595 19274 19274 I LSPosed-Bridge: 	at com.example.permlabel.requestPerm$3.beforeHookedMethod(requestPerm.java:239)

07-21 03:33:10.595 19274 19274 I LSPosed-Bridge: 	at de.robv.android.xposed.XposedBridge$AdditionalHookInfo.callback(Unknown Source:79)

07-21 03:33:10.595 19274 19274 I LSPosed-Bridge: 	at LSPHooker_.requestPermissions(Unknown Source:18)

07-21 03:33:10.595 19274 19274 I LSPosed-Bridge: 	at e0.b.b(ActivityCompat.java:8)

07-21 03:33:10.595 19274 19274 I LSPosed-Bridge: 	at io.dcloud.common.core.permission.PermissionControler.runRequestPermissions(Unknown Source:4)

07-21 03:33:10.595 19274 19274 I LSPosed-Bridge: 	at io.dcloud.common.core.permission.PermissionControler.requestPermissions(Unknown Source:6)

07-21 03:33:10.595 19274 19274 I LSPosed-Bridge: 	at io.dcloud.common.adapter.util.PermissionUtil.requestPermissions(Unknown Source:1)

07-21 03:33:10.595 19274 19274 I LSPosed-Bridge: 	at io.dcloud.common.adapter.util.PermissionUtil.requestSystemPermissions(Unknown Source:5)

07-21 03:33:10.595 19274 19274 I LSPosed-Bridge: 	at io.dcloud.common.adapter.util.PermissionUtil.useSystemPermission(Unknown Source:7)

07-21 03:33:10.595 19274 19274 I LSPosed-Bridge: 	at io.dcloud.common.adapter.util.PermissionUtil.usePermission(Unknown Source:8)

07-21 03:33:10.595 19274 19274 I LSPosed-Bridge: 	at io.dcloud.js.geolocation.GeolocationFeatureImpl.execute(Unknown Source:5)

07-21 03:33:10.595 19274 19274 I LSPosed-Bridge: 	at io.dcloud.h.b.a(Unknown Source:90)

07-21 03:33:10.595 19274 19274 I LSPosed-Bridge: 	at io.dcloud.h.b.b(Unknown Source:3)

07-21 03:33:10.595 19274 19274 I LSPosed-Bridge: 	at io.dcloud.h.b.processEvent(Unknown Source:40)

07-21 03:33:10.595 19274 19274 I LSPosed-Bridge: 	at io.dcloud.f.c.c.dispatchEvent(Unknown Source:7)

07-21 03:33:10.595 19274 19274 I LSPosed-Bridge: 	at io.dcloud.common.core.ui.l.processEvent(Unknown Source:2)

07-21 03:33:10.595 19274 19274 I LSPosed-Bridge: 	at io.dcloud.common.adapter.ui.AdaUniWebView.exec(Unknown Source:3)

07-21 03:33:10.595 19274 19274 I LSPosed-Bridge: 	at io.dcloud.common.adapter.ui.AdaUniWebView$1.execute(Unknown Source:5)

07-21 03:33:10.595 19274 19274 I LSPosed-Bridge: 	at io.dcloud.common.adapter.util.MessageHandler$1.handleMessage(Unknown Source:3)

07-21 03:33:10.595 19274 19274 I LSPosed-Bridge: 	at android.os.Handler.dispatchMessage(Handler.java:106)

07-21 03:33:10.595 19274 19274 I LSPosed-Bridge: 	at android.os.Looper.loop(Looper.java:193)

07-21 03:33:10.595 19274 19274 I LSPosed-Bridge: 	at android.app.ActivityThread.main(ActivityThread.java:6692)

07-21 03:33:10.595 19274 19274 I LSPosed-Bridge: 	at java.lang.reflect.Method.invoke(Native Method)

07-21 03:33:10.595 19274 19274 I LSPosed-Bridge: 	at com.android.internal.os.RuntimeInit$MethodAndArgsCaller.run(RuntimeInit.java:493)

07-21 03:33:10.595 19274 19274 I LSPosed-Bridge: 	at com.android.internal.os.ZygoteInit.main(ZygoteInit.java:858)

07-21 03:33:10.598  1563  1580 I LSPosed-Bridge: 19274 PermLabel 10131 startActivityAsUser: Binder.getCallingPid() = 19274; Binder.getCallingUid() = 10131; intent = Intent { act=android.content.pm.action.REQUEST_PERMISSIONS pkg=com.google.android.packageinstaller (has extras) }; stacktrace=java.lang.Exception

07-21 03:33:10.598  1563  1580 I LSPosed-Bridge: 	at com.example.permlabel.requirePerm$1$1.beforeHookedMethod(requirePerm.java:68)

07-21 03:33:10.598  1563  1580 I LSPosed-Bridge: 	at de.robv.android.xposed.XposedBridge$AdditionalHookInfo.callback(Unknown Source:79)

07-21 03:33:10.598  1563  1580 I LSPosed-Bridge: 	at LSPHooker_.startActivity(Unknown Source:50)

07-21 03:33:10.598  1563  1580 I LSPosed-Bridge: 	at android.app.IActivityManager$Stub.onTransact$startActivity$(IActivityManager.java:10085)

07-21 03:33:10.598  1563  1580 I LSPosed-Bridge: 	at android.app.IActivityManager$Stub.onTransact(IActivityManager.java:122)

07-21 03:33:10.598  1563  1580 I LSPosed-Bridge: 	at com.android.server.am.ActivityManagerService.onTransact(ActivityManagerService.java:3346)

07-21 03:33:10.598  1563  1580 I LSPosed-Bridge: 	at android.os.Binder.execTransact(Binder.java:731)

07-21 03:33:10.598  1563  1580 I LSPosed-Bridge: 19274 PermLabel 10131 startActivityAsUser: intent = Intent { act=android.content.pm.action.REQUEST_PERMISSIONS pkg=com.google.android.packageinstaller (has extras) }

07-21 03:33:10.598  1563  1580 I LSPosed-Bridge: 19274 PermLabel 10131 startActivityAsUser permName: android.permission.ACCESS_COARSE_LOCATION

07-21 03:33:10.598  1563  1580 I LSPosed-Bridge: 19274 PermLabel 10131 startActivityAsUser permName: android.permission.ACCESS_FINE_LOCATION

07-21 03:33:18.126 19274 19274 I LSPosed-Bridge: 19274 PermLabel hookBinder_test 10131 interfaceBinder =android.location.ILocationManager; arg0 = 5; arg1 = android.os.Parcel@1eea119; arg2 = android.os.Parcel@611d749; arg3 = 0; res = true; stacktrace=java.lang.Exception

07-21 03:33:18.126 19274 19274 I LSPosed-Bridge: 	at com.example.permlabel.hookBinder_test$1.afterHookedMethod(hookBinder_test.java:68)

07-21 03:33:18.126 19274 19274 I LSPosed-Bridge: 	at de.robv.android.xposed.XposedBridge$AdditionalHookInfo.callback(Unknown Source:147)

07-21 03:33:18.126 19274 19274 I LSPosed-Bridge: 	at LSPHooker_.transact(Unknown Source:28)

07-21 03:33:18.126 19274 19274 I LSPosed-Bridge: 	at android.location.ILocationManager$Stub$Proxy.getLastLocation(ILocationManager.java:865)

07-21 03:33:18.126 19274 19274 I LSPosed-Bridge: 	at android.location.LocationManager.getLastKnownLocation(LocationManager.java:1434)

07-21 03:33:18.126 19274 19274 I LSPosed-Bridge: 	at java.lang.reflect.Method.invoke(Native Method)

07-21 03:33:18.126 19274 19274 I LSPosed-Bridge: 	at org.lsposed.lspd.nativebridge.HookBridge.invokeOriginalMethod(Native Method)

07-21 03:33:18.126 19274 19274 I LSPosed-Bridge: 	at de.robv.android.xposed.XposedBridge$AdditionalHookInfo.callback(Unknown Source:110)

07-21 03:33:18.126 19274 19274 I LSPosed-Bridge: 	at LSPHooker_.getLastKnownLocation(Unknown Source:11)

07-21 03:33:18.126 19274 19274 I LSPosed-Bridge: 	at java.lang.reflect.Method.invoke(Native Method)

07-21 03:33:18.126 19274 19274 I LSPosed-Bridge: 	at io.dcloud.e.a.c.b.g.c(Unknown Source:5)

07-21 03:33:18.126 19274 19274 I LSPosed-Bridge: 	at io.dcloud.e.c.c.a.b.e.b(Unknown Source:20)

07-21 03:33:18.126 19274 19274 I LSPosed-Bridge: 	at io.dcloud.e.c.c.a.b.e.a(Unknown Source:22)

07-21 03:33:18.126 19274 19274 I LSPosed-Bridge: 	at io.dcloud.e.c.c.a.b.d.c(Unknown Source:1)

07-21 03:33:18.126 19274 19274 I LSPosed-Bridge: 	at io.dcloud.feature.gg.dcloud.ADHandler.pull(Unknown Source:15)

07-21 03:33:18.126 19274 19274 I LSPosed-Bridge: 	at io.dcloud.feature.gg.dcloud.AdFeatureImpl.doForFeature(Unknown Source:69)

07-21 03:33:18.126 19274 19274 I LSPosed-Bridge: 	at io.dcloud.feature.gg.AdFeatureImplMgr.doForFeature(Unknown Source:3)

07-21 03:33:18.126 19274 19274 I LSPosed-Bridge: 	at io.dcloud.a.a(Unknown Source:9)

07-21 03:33:18.126 19274 19274 I LSPosed-Bridge: 	at io.dcloud.b$a.run(Unknown Source:4)

07-21 03:33:18.126 19274 19274 I LSPosed-Bridge: 	at android.os.Handler.handleCallback(Handler.java:873)

07-21 03:33:18.126 19274 19274 I LSPosed-Bridge: 	at android.os.Handler.dispatchMessage(Handler.java:99)

07-21 03:33:18.126 19274 19274 I LSPosed-Bridge: 	at android.os.Looper.loop(Looper.java:193)

07-21 03:33:18.126 19274 19274 I LSPosed-Bridge: 	at android.app.ActivityThread.main(ActivityThread.java:6692)

07-21 03:33:18.126 19274 19274 I LSPosed-Bridge: 	at java.lang.reflect.Method.invoke(Native Method)

07-21 03:33:18.126 19274 19274 I LSPosed-Bridge: 	at com.android.internal.os.RuntimeInit$MethodAndArgsCaller.run(RuntimeInit.java:493)

07-21 03:33:18.126 19274 19274 I LSPosed-Bridge: 	at com.android.internal.os.ZygoteInit.main(ZygoteInit.java:858)

07-21 03:33:18.126 19274 19274 I LSPosed-Bridge: 19274 PermLabel 10131; permName: android.permission.ACCESS_FINE_LOCATION getLastKnownLocation res=null; stacktrace=java.lang.Exception

07-21 03:33:18.126 19274 19274 I LSPosed-Bridge: 	at com.example.permlabel.hookLocationExtra_test$2.afterHookedMethod(hookLocationExtra_test.java:64)

07-21 03:33:18.126 19274 19274 I LSPosed-Bridge: 	at de.robv.android.xposed.XposedBridge$AdditionalHookInfo.callback(Unknown Source:147)

07-21 03:33:18.126 19274 19274 I LSPosed-Bridge: 	at LSPHooker_.getLastKnownLocation(Unknown Source:11)

07-21 03:33:18.126 19274 19274 I LSPosed-Bridge: 	at java.lang.reflect.Method.invoke(Native Method)

07-21 03:33:18.126 19274 19274 I LSPosed-Bridge: 	at io.dcloud.e.a.c.b.g.c(Unknown Source:5)

07-21 03:33:18.126 19274 19274 I LSPosed-Bridge: 	at io.dcloud.e.c.c.a.b.e.b(Unknown Source:20)

07-21 03:33:18.126 19274 19274 I LSPosed-Bridge: 	at io.dcloud.e.c.c.a.b.e.a(Unknown Source:22)

07-21 03:33:18.126 19274 19274 I LSPosed-Bridge: 	at io.dcloud.e.c.c.a.b.d.c(Unknown Source:1)

07-21 03:33:18.126 19274 19274 I LSPosed-Bridge: 	at io.dcloud.feature.gg.dcloud.ADHandler.pull(Unknown Source:15)

07-21 03:33:18.126 19274 19274 I LSPosed-Bridge: 	at io.dcloud.feature.gg.dcloud.AdFeatureImpl.doForFeature(Unknown Source:69)

07-21 03:33:18.126 19274 19274 I LSPosed-Bridge: 	at io.dcloud.feature.gg.AdFeatureImplMgr.doForFeature(Unknown Source:3)

07-21 03:33:18.126 19274 19274 I LSPosed-Bridge: 	at io.dcloud.a.a(Unknown Source:9)

07-21 03:33:18.126 19274 19274 I LSPosed-Bridge: 	at io.dcloud.b$a.run(Unknown Source:4)

07-21 03:33:18.126 19274 19274 I LSPosed-Bridge: 	at android.os.Handler.handleCallback(Handler.java:873)

07-21 03:33:18.126 19274 19274 I LSPosed-Bridge: 	at android.os.Handler.dispatchMessage(Handler.java:99)

07-21 03:33:18.126 19274 19274 I LSPosed-Bridge: 	at android.os.Looper.loop(Looper.java:193)

07-21 03:33:18.126 19274 19274 I LSPosed-Bridge: 	at android.app.ActivityThread.main(ActivityThread.java:6692)

07-21 03:33:18.126 19274 19274 I LSPosed-Bridge: 	at java.lang.reflect.Method.invoke(Native Method)

07-21 03:33:18.126 19274 19274 I LSPosed-Bridge: 	at com.android.internal.os.RuntimeInit$MethodAndArgsCaller.run(RuntimeInit.java:493)

07-21 03:33:18.126 19274 19274 I LSPosed-Bridge: 	at com.android.internal.os.ZygoteInit.main(ZygoteInit.java:858)

07-21 03:33:19.207 19274 19274 I LSPosed-Bridge: 19274 PermLabel 10131 requestPermissions (Activity): pid = 19274; permName: android.permission.ACCESS_FINE_LOCATION; stacktrace=java.lang.Exception

07-21 03:33:19.207 19274 19274 I LSPosed-Bridge: 	at com.example.permlabel.requestPerm$3.beforeHookedMethod(requestPerm.java:239)

07-21 03:33:19.207 19274 19274 I LSPosed-Bridge: 	at de.robv.android.xposed.XposedBridge$AdditionalHookInfo.callback(Unknown Source:79)

07-21 03:33:19.207 19274 19274 I LSPosed-Bridge: 	at LSPHooker_.requestPermissions(Unknown Source:18)

07-21 03:33:19.207 19274 19274 I LSPosed-Bridge: 	at e0.b.b(ActivityCompat.java:8)

07-21 03:33:19.207 19274 19274 I LSPosed-Bridge: 	at io.dcloud.common.core.permission.PermissionControler.runRequestPermissions(Unknown Source:4)

07-21 03:33:19.207 19274 19274 I LSPosed-Bridge: 	at io.dcloud.common.core.permission.PermissionControler.requestPermissions(Unknown Source:6)

07-21 03:33:19.207 19274 19274 I LSPosed-Bridge: 	at io.dcloud.common.adapter.util.PermissionUtil.requestPermissions(Unknown Source:1)

07-21 03:33:19.207 19274 19274 I LSPosed-Bridge: 	at io.dcloud.common.adapter.util.PermissionUtil.requestSystemPermissions(Unknown Source:5)

07-21 03:33:19.207 19274 19274 I LSPosed-Bridge: 	at io.dcloud.common.adapter.util.PermissionUtil.useSystemPermission(Unknown Source:7)

07-21 03:33:19.207 19274 19274 I LSPosed-Bridge: 	at io.dcloud.common.adapter.util.PermissionUtil.usePermission(Unknown Source:8)

07-21 03:33:19.207 19274 19274 I LSPosed-Bridge: 	at io.dcloud.js.geolocation.GeolocationFeatureImpl.execute(Unknown Source:5)

07-21 03:33:19.207 19274 19274 I LSPosed-Bridge: 	at io.dcloud.h.b.a(Unknown Source:90)

07-21 03:33:19.207 19274 19274 I LSPosed-Bridge: 	at io.dcloud.h.b.b(Unknown Source:3)

07-21 03:33:19.207 19274 19274 I LSPosed-Bridge: 	at io.dcloud.h.b.processEvent(Unknown Source:40)

07-21 03:33:19.207 19274 19274 I LSPosed-Bridge: 	at io.dcloud.f.c.c.dispatchEvent(Unknown Source:7)

07-21 03:33:19.207 19274 19274 I LSPosed-Bridge: 	at io.dcloud.common.core.ui.l.processEvent(Unknown Source:2)

07-21 03:33:19.207 19274 19274 I LSPosed-Bridge: 	at io.dcloud.common.adapter.ui.AdaUniWebView.exec(Unknown Source:3)

07-21 03:33:19.207 19274 19274 I LSPosed-Bridge: 	at io.dcloud.common.adapter.ui.AdaUniWebView$1.execute(Unknown Source:5)

07-21 03:33:19.207 19274 19274 I LSPosed-Bridge: 	at io.dcloud.common.adapter.util.MessageHandler$1.handleMessage(Unknown Source:3)

07-21 03:33:19.207 19274 19274 I LSPosed-Bridge: 	at android.os.Handler.dispatchMessage(Handler.java:106)

07-21 03:33:19.207 19274 19274 I LSPosed-Bridge: 	at android.os.Looper.loop(Looper.java:193)

07-21 03:33:19.207 19274 19274 I LSPosed-Bridge: 	at android.app.ActivityThread.main(ActivityThread.java:6692)

07-21 03:33:19.207 19274 19274 I LSPosed-Bridge: 	at java.lang.reflect.Method.invoke(Native Method)

07-21 03:33:19.207 19274 19274 I LSPosed-Bridge: 	at com.android.internal.os.RuntimeInit$MethodAndArgsCaller.run(RuntimeInit.java:493)

07-21 03:33:19.207 19274 19274 I LSPosed-Bridge: 	at com.android.internal.os.ZygoteInit.main(ZygoteInit.java:858)

07-21 03:33:19.211  1563  7068 I LSPosed-Bridge: 19274 PermLabel 10131 startActivityAsUser permName: android.permission.ACCESS_COARSE_LOCATION

07-21 03:33:19.211  1563  7068 I LSPosed-Bridge: 19274 PermLabel 10131 startActivityAsUser permName: android.permission.ACCESS_FINE_LOCATION

07-21 03:33:26.723 19274 19274 I LSPosed-Bridge: 19274 PermLabel 10131; permName: android.permission.ACCESS_FINE_LOCATION getLastKnownLocation res=null; stacktrace=java.lang.Exception

07-21 03:33:26.723 19274 19274 I LSPosed-Bridge: 	at com.example.permlabel.hookLocationExtra_test$2.afterHookedMethod(hookLocationExtra_test.java:64)

07-21 03:33:26.723 19274 19274 I LSPosed-Bridge: 	at de.robv.android.xposed.XposedBridge$AdditionalHookInfo.callback(Unknown Source:147)

07-21 03:33:26.723 19274 19274 I LSPosed-Bridge: 	at LSPHooker_.getLastKnownLocation(Unknown Source:11)

07-21 03:33:26.723 19274 19274 I LSPosed-Bridge: 	at java.lang.reflect.Method.invoke(Native Method)

07-21 03:33:26.723 19274 19274 I LSPosed-Bridge: 	at io.dcloud.e.a.c.b.g.c(Unknown Source:5)

07-21 03:33:26.723 19274 19274 I LSPosed-Bridge: 	at io.dcloud.e.c.c.a.b.e.b(Unknown Source:20)

07-21 03:33:26.723 19274 19274 I LSPosed-Bridge: 	at io.dcloud.e.c.c.a.b.e.a(Unknown Source:22)

07-21 03:33:26.723 19274 19274 I LSPosed-Bridge: 	at io.dcloud.e.c.c.a.b.d.c(Unknown Source:1)

07-21 03:33:26.723 19274 19274 I LSPosed-Bridge: 	at io.dcloud.feature.gg.dcloud.ADHandler.pull(Unknown Source:15)

07-21 03:33:26.723 19274 19274 I LSPosed-Bridge: 	at io.dcloud.feature.gg.dcloud.AdFeatureImpl.doForFeature(Unknown Source:69)

07-21 03:33:26.723 19274 19274 I LSPosed-Bridge: 	at io.dcloud.feature.gg.AdFeatureImplMgr.doForFeature(Unknown Source:3)

07-21 03:33:26.723 19274 19274 I LSPosed-Bridge: 	at io.dcloud.a.a(Unknown Source:9)

07-21 03:33:26.723 19274 19274 I LSPosed-Bridge: 	at io.dcloud.b$a.run(Unknown Source:4)

07-21 03:33:26.723 19274 19274 I LSPosed-Bridge: 	at android.os.Handler.handleCallback(Handler.java:873)

07-21 03:33:26.723 19274 19274 I LSPosed-Bridge: 	at android.os.Handler.dispatchMessage(Handler.java:99)

07-21 03:33:26.723 19274 19274 I LSPosed-Bridge: 	at android.os.Looper.loop(Looper.java:193)

07-21 03:33:26.723 19274 19274 I LSPosed-Bridge: 	at android.app.ActivityThread.main(ActivityThread.java:6692)

07-21 03:33:26.723 19274 19274 I LSPosed-Bridge: 	at java.lang.reflect.Method.invoke(Native Method)

07-21 03:33:26.723 19274 19274 I LSPosed-Bridge: 	at com.android.internal.os.RuntimeInit$MethodAndArgsCaller.run(RuntimeInit.java:493)

07-21 03:33:26.723 19274 19274 I LSPosed-Bridge: 	at com.android.internal.os.ZygoteInit.main(ZygoteInit.java:858)

07-21 03:33:27.866 19274 19274 I LSPosed-Bridge: 19274 PermLabel 10131 requestPermissions (Activity): pid = 19274; permName: android.permission.ACCESS_COARSE_LOCATION; stacktrace=java.lang.Exception

07-21 03:33:27.866 19274 19274 I LSPosed-Bridge: 	at com.example.permlabel.requestPerm$3.beforeHookedMethod(requestPerm.java:239)

07-21 03:33:27.866 19274 19274 I LSPosed-Bridge: 	at de.robv.android.xposed.XposedBridge$AdditionalHookInfo.callback(Unknown Source:79)

07-21 03:33:27.866 19274 19274 I LSPosed-Bridge: 	at LSPHooker_.requestPermissions(Unknown Source:18)

07-21 03:33:27.866 19274 19274 I LSPosed-Bridge: 	at e0.b.b(ActivityCompat.java:8)

07-21 03:33:27.866 19274 19274 I LSPosed-Bridge: 	at io.dcloud.common.core.permission.PermissionControler.runRequestPermissions(Unknown Source:4)

07-21 03:33:27.866 19274 19274 I LSPosed-Bridge: 	at io.dcloud.common.core.permission.PermissionControler.requestPermissions(Unknown Source:6)

07-21 03:33:27.866 19274 19274 I LSPosed-Bridge: 	at io.dcloud.common.adapter.util.PermissionUtil.requestPermissions(Unknown Source:1)

07-21 03:33:27.866 19274 19274 I LSPosed-Bridge: 	at io.dcloud.common.adapter.util.PermissionUtil.requestSystemPermissions(Unknown Source:5)

07-21 03:33:27.866 19274 19274 I LSPosed-Bridge: 	at io.dcloud.common.adapter.util.PermissionUtil.useSystemPermission(Unknown Source:7)

07-21 03:33:27.866 19274 19274 I LSPosed-Bridge: 	at io.dcloud.common.adapter.util.PermissionUtil.usePermission(Unknown Source:8)

07-21 03:33:27.866 19274 19274 I LSPosed-Bridge: 	at io.dcloud.js.geolocation.GeolocationFeatureImpl.execute(Unknown Source:5)

07-21 03:33:27.866 19274 19274 I LSPosed-Bridge: 	at io.dcloud.h.b.a(Unknown Source:90)

07-21 03:33:27.866 19274 19274 I LSPosed-Bridge: 	at io.dcloud.h.b.b(Unknown Source:3)

07-21 03:33:27.866 19274 19274 I LSPosed-Bridge: 	at io.dcloud.h.b.processEvent(Unknown Source:40)

07-21 03:33:27.866 19274 19274 I LSPosed-Bridge: 	at io.dcloud.f.c.c.dispatchEvent(Unknown Source:7)

07-21 03:33:27.866 19274 19274 I LSPosed-Bridge: 	at io.dcloud.common.core.ui.l.processEvent(Unknown Source:2)

07-21 03:33:27.866 19274 19274 I LSPosed-Bridge: 	at io.dcloud.common.adapter.ui.AdaUniWebView.exec(Unknown Source:3)

07-21 03:33:27.866 19274 19274 I LSPosed-Bridge: 	at io.dcloud.common.adapter.ui.AdaUniWebView$1.execute(Unknown Source:5)

07-21 03:33:27.866 19274 19274 I LSPosed-Bridge: 	at io.dcloud.common.adapter.util.MessageHandler$1.handleMessage(Unknown Source:3)

07-21 03:33:27.866 19274 19274 I LSPosed-Bridge: 	at android.os.Handler.dispatchMessage(Handler.java:106)

07-21 03:33:27.866 19274 19274 I LSPosed-Bridge: 	at android.os.Looper.loop(Looper.java:193)

07-21 03:33:27.866 19274 19274 I LSPosed-Bridge: 	at android.app.ActivityThread.main(ActivityThread.java:6692)

07-21 03:33:27.866 19274 19274 I LSPosed-Bridge: 	at java.lang.reflect.Method.invoke(Native Method)

07-21 03:33:27.866 19274 19274 I LSPosed-Bridge: 	at com.android.internal.os.RuntimeInit$MethodAndArgsCaller.run(RuntimeInit.java:493)

07-21 03:33:27.866 19274 19274 I LSPosed-Bridge: 	at com.android.internal.os.ZygoteInit.main(ZygoteInit.java:858)

07-21 03:33:27.866 19274 19274 I LSPosed-Bridge: 19274 PermLabel 10131 requestPermissions (Activity): pid = 19274; permName: android.permission.ACCESS_FINE_LOCATION; stacktrace=java.lang.Exception

07-21 03:33:27.866 19274 19274 I LSPosed-Bridge: 	at com.example.permlabel.requestPerm$3.beforeHookedMethod(requestPerm.java:239)

07-21 03:33:27.866 19274 19274 I LSPosed-Bridge: 	at de.robv.android.xposed.XposedBridge$AdditionalHookInfo.callback(Unknown Source:79)

07-21 03:33:27.866 19274 19274 I LSPosed-Bridge: 	at LSPHooker_.requestPermissions(Unknown Source:18)

07-21 03:33:27.866 19274 19274 I LSPosed-Bridge: 	at e0.b.b(ActivityCompat.java:8)

07-21 03:33:27.866 19274 19274 I LSPosed-Bridge: 	at io.dcloud.common.core.permission.PermissionControler.runRequestPermissions(Unknown Source:4)

07-21 03:33:27.866 19274 19274 I LSPosed-Bridge: 	at io.dcloud.common.core.permission.PermissionControler.requestPermissions(Unknown Source:6)

07-21 03:33:27.866 19274 19274 I LSPosed-Bridge: 	at io.dcloud.common.adapter.util.PermissionUtil.requestPermissions(Unknown Source:1)

07-21 03:33:27.866 19274 19274 I LSPosed-Bridge: 	at io.dcloud.common.adapter.util.PermissionUtil.requestSystemPermissions(Unknown Source:5)

07-21 03:33:27.866 19274 19274 I LSPosed-Bridge: 	at io.dcloud.common.adapter.util.PermissionUtil.useSystemPermission(Unknown Source:7)

07-21 03:33:27.866 19274 19274 I LSPosed-Bridge: 	at io.dcloud.common.adapter.util.PermissionUtil.usePermission(Unknown Source:8)

07-21 03:33:27.866 19274 19274 I LSPosed-Bridge: 	at io.dcloud.js.geolocation.GeolocationFeatureImpl.execute(Unknown Source:5)

07-21 03:33:27.866 19274 19274 I LSPosed-Bridge: 	at io.dcloud.h.b.a(Unknown Source:90)

07-21 03:33:27.866 19274 19274 I LSPosed-Bridge: 	at io.dcloud.h.b.b(Unknown Source:3)

07-21 03:33:27.866 19274 19274 I LSPosed-Bridge: 	at io.dcloud.h.b.processEvent(Unknown Source:40)

07-21 03:33:27.866 19274 19274 I LSPosed-Bridge: 	at io.dcloud.f.c.c.dispatchEvent(Unknown Source:7)

07-21 03:33:27.866 19274 19274 I LSPosed-Bridge: 	at io.dcloud.common.core.ui.l.processEvent(Unknown Source:2)

07-21 03:33:27.866 19274 19274 I LSPosed-Bridge: 	at io.dcloud.common.adapter.ui.AdaUniWebView.exec(Unknown Source:3)

07-21 03:33:27.866 19274 19274 I LSPosed-Bridge: 	at io.dcloud.common.adapter.ui.AdaUniWebView$1.execute(Unknown Source:5)

07-21 03:33:27.866 19274 19274 I LSPosed-Bridge: 	at io.dcloud.common.adapter.util.MessageHandler$1.handleMessage(Unknown Source:3)

07-21 03:33:27.866 19274 19274 I LSPosed-Bridge: 	at android.os.Handler.dispatchMessage(Handler.java:106)

07-21 03:33:27.866 19274 19274 I LSPosed-Bridge: 	at android.os.Looper.loop(Looper.java:193)

07-21 03:33:27.866 19274 19274 I LSPosed-Bridge: 	at android.app.ActivityThread.main(ActivityThread.java:6692)

07-21 03:33:27.866 19274 19274 I LSPosed-Bridge: 	at java.lang.reflect.Method.invoke(Native Method)

07-21 03:33:27.866 19274 19274 I LSPosed-Bridge: 	at com.android.internal.os.RuntimeInit$MethodAndArgsCaller.run(RuntimeInit.java:493)

07-21 03:33:27.866 19274 19274 I LSPosed-Bridge: 	at com.android.internal.os.ZygoteInit.main(ZygoteInit.java:858)

07-21 03:33:27.869  1563  1580 I LSPosed-Bridge: 19274 PermLabel 10131 startActivityAsUser: Binder.getCallingPid() = 19274; Binder.getCallingUid() = 10131; intent = Intent { act=android.content.pm.action.REQUEST_PERMISSIONS pkg=com.google.android.packageinstaller (has extras) }; stacktrace=java.lang.Exception

07-21 03:33:27.869  1563  1580 I LSPosed-Bridge: 	at com.example.permlabel.requirePerm$1$1.beforeHookedMethod(requirePerm.java:68)

07-21 03:33:27.869  1563  1580 I LSPosed-Bridge: 	at de.robv.android.xposed.XposedBridge$AdditionalHookInfo.callback(Unknown Source:79)

07-21 03:33:27.869  1563  1580 I LSPosed-Bridge: 	at LSPHooker_.startActivity(Unknown Source:50)

07-21 03:33:27.869  1563  1580 I LSPosed-Bridge: 	at android.app.IActivityManager$Stub.onTransact$startActivity$(IActivityManager.java:10085)

07-21 03:33:27.869  1563  1580 I LSPosed-Bridge: 	at android.app.IActivityManager$Stub.onTransact(IActivityManager.java:122)

07-21 03:33:27.869  1563  1580 I LSPosed-Bridge: 	at com.android.server.am.ActivityManagerService.onTransact(ActivityManagerService.java:3346)

07-21 03:33:27.869  1563  1580 I LSPosed-Bridge: 	at android.os.Binder.execTransact(Binder.java:731)

07-21 03:33:27.869  1563  1580 I LSPosed-Bridge: 19274 PermLabel 10131 startActivityAsUser: intent = Intent { act=android.content.pm.action.REQUEST_PERMISSIONS pkg=com.google.android.packageinstaller (has extras) }

07-21 03:33:27.869  1563  1580 I LSPosed-Bridge: 19274 PermLabel 10131 startActivityAsUser permName: android.permission.ACCESS_COARSE_LOCATION

07-21 03:33:27.869  1563  1580 I LSPosed-Bridge: 19274 PermLabel 10131 startActivityAsUser permName: android.permission.ACCESS_FINE_LOCATION

07-21 03:33:35.488 19274 19274 I LSPosed-Bridge: 19274 PermLabel 10131; permName: android.permission.ACCESS_FINE_LOCATION getLastKnownLocation res=null; stacktrace=java.lang.Exception

07-21 03:33:35.488 19274 19274 I LSPosed-Bridge: 	at com.example.permlabel.hookLocationExtra_test$2.afterHookedMethod(hookLocationExtra_test.java:64)

07-21 03:33:35.488 19274 19274 I LSPosed-Bridge: 	at de.robv.android.xposed.XposedBridge$AdditionalHookInfo.callback(Unknown Source:147)

07-21 03:33:35.488 19274 19274 I LSPosed-Bridge: 	at LSPHooker_.getLastKnownLocation(Unknown Source:11)

07-21 03:33:35.488 19274 19274 I LSPosed-Bridge: 	at java.lang.reflect.Method.invoke(Native Method)

07-21 03:33:35.488 19274 19274 I LSPosed-Bridge: 	at io.dcloud.e.a.c.b.g.c(Unknown Source:5)

07-21 03:33:35.488 19274 19274 I LSPosed-Bridge: 	at io.dcloud.e.c.c.a.b.e.b(Unknown Source:20)

07-21 03:33:35.488 19274 19274 I LSPosed-Bridge: 	at io.dcloud.e.c.c.a.b.e.a(Unknown Source:22)

07-21 03:33:35.488 19274 19274 I LSPosed-Bridge: 	at io.dcloud.e.c.c.a.b.d.c(Unknown Source:1)

07-21 03:33:35.488 19274 19274 I LSPosed-Bridge: 	at io.dcloud.feature.gg.dcloud.ADHandler.pull(Unknown Source:15)

07-21 03:33:35.488 19274 19274 I LSPosed-Bridge: 	at io.dcloud.feature.gg.dcloud.AdFeatureImpl.doForFeature(Unknown Source:69)

07-21 03:33:35.488 19274 19274 I LSPosed-Bridge: 	at io.dcloud.feature.gg.AdFeatureImplMgr.doForFeature(Unknown Source:3)

07-21 03:33:35.488 19274 19274 I LSPosed-Bridge: 	at io.dcloud.a.a(Unknown Source:9)

07-21 03:33:35.488 19274 19274 I LSPosed-Bridge: 	at io.dcloud.b$a.run(Unknown Source:4)

07-21 03:33:35.488 19274 19274 I LSPosed-Bridge: 	at android.os.Handler.handleCallback(Handler.java:873)

07-21 03:33:35.488 19274 19274 I LSPosed-Bridge: 	at android.os.Handler.dispatchMessage(Handler.java:99)

07-21 03:33:35.488 19274 19274 I LSPosed-Bridge: 	at android.os.Looper.loop(Looper.java:193)

07-21 03:33:35.488 19274 19274 I LSPosed-Bridge: 	at android.app.ActivityThread.main(ActivityThread.java:6692)

07-21 03:33:35.488 19274 19274 I LSPosed-Bridge: 	at java.lang.reflect.Method.invoke(Native Method)

07-21 03:33:35.488 19274 19274 I LSPosed-Bridge: 	at com.android.internal.os.RuntimeInit$MethodAndArgsCaller.run(RuntimeInit.java:493)

07-21 03:33:35.488 19274 19274 I LSPosed-Bridge: 	at com.android.internal.os.ZygoteInit.main(ZygoteInit.java:858)

07-21 03:33:36.556 19274 19274 I LSPosed-Bridge: 19274 PermLabel 10131 requestPermissions (Activity): pid = 19274; permName: android.permission.ACCESS_COARSE_LOCATION; stacktrace=java.lang.Exception

07-21 03:33:36.556 19274 19274 I LSPosed-Bridge: 	at com.example.permlabel.requestPerm$3.beforeHookedMethod(requestPerm.java:239)

07-21 03:33:36.556 19274 19274 I LSPosed-Bridge: 	at de.robv.android.xposed.XposedBridge$AdditionalHookInfo.callback(Unknown Source:79)

07-21 03:33:36.556 19274 19274 I LSPosed-Bridge: 	at LSPHooker_.requestPermissions(Unknown Source:18)

07-21 03:33:36.556 19274 19274 I LSPosed-Bridge: 	at e0.b.b(ActivityCompat.java:8)

07-21 03:33:36.556 19274 19274 I LSPosed-Bridge: 	at io.dcloud.common.core.permission.PermissionControler.runRequestPermissions(Unknown Source:4)

07-21 03:33:36.556 19274 19274 I LSPosed-Bridge: 	at io.dcloud.common.core.permission.PermissionControler.requestPermissions(Unknown Source:6)

07-21 03:33:36.556 19274 19274 I LSPosed-Bridge: 	at io.dcloud.common.adapter.util.PermissionUtil.requestPermissions(Unknown Source:1)

07-21 03:33:36.556 19274 19274 I LSPosed-Bridge: 	at io.dcloud.common.adapter.util.PermissionUtil.requestSystemPermissions(Unknown Source:5)

07-21 03:33:36.556 19274 19274 I LSPosed-Bridge: 	at io.dcloud.common.adapter.util.PermissionUtil.useSystemPermission(Unknown Source:7)

07-21 03:33:36.556 19274 19274 I LSPosed-Bridge: 	at io.dcloud.common.adapter.util.PermissionUtil.usePermission(Unknown Source:8)

07-21 03:33:36.556 19274 19274 I LSPosed-Bridge: 	at io.dcloud.js.geolocation.GeolocationFeatureImpl.execute(Unknown Source:5)

07-21 03:33:36.556 19274 19274 I LSPosed-Bridge: 	at io.dcloud.h.b.a(Unknown Source:90)

07-21 03:33:36.556 19274 19274 I LSPosed-Bridge: 	at io.dcloud.h.b.b(Unknown Source:3)

07-21 03:33:36.556 19274 19274 I LSPosed-Bridge: 	at io.dcloud.h.b.processEvent(Unknown Source:40)

07-21 03:33:36.556 19274 19274 I LSPosed-Bridge: 	at io.dcloud.f.c.c.dispatchEvent(Unknown Source:7)

07-21 03:33:36.556 19274 19274 I LSPosed-Bridge: 	at io.dcloud.common.core.ui.l.processEvent(Unknown Source:2)

07-21 03:33:36.556 19274 19274 I LSPosed-Bridge: 	at io.dcloud.common.adapter.ui.AdaUniWebView.exec(Unknown Source:3)

07-21 03:33:36.556 19274 19274 I LSPosed-Bridge: 	at io.dcloud.common.adapter.ui.AdaUniWebView$1.execute(Unknown Source:5)

07-21 03:33:36.556 19274 19274 I LSPosed-Bridge: 	at io.dcloud.common.adapter.util.MessageHandler$1.handleMessage(Unknown Source:3)

07-21 03:33:36.556 19274 19274 I LSPosed-Bridge: 	at android.os.Handler.dispatchMessage(Handler.java:106)

07-21 03:33:36.556 19274 19274 I LSPosed-Bridge: 	at android.os.Looper.loop(Looper.java:193)

07-21 03:33:36.556 19274 19274 I LSPosed-Bridge: 	at android.app.ActivityThread.main(ActivityThread.java:6692)

07-21 03:33:36.556 19274 19274 I LSPosed-Bridge: 	at java.lang.reflect.Method.invoke(Native Method)

07-21 03:33:36.556 19274 19274 I LSPosed-Bridge: 	at com.android.internal.os.RuntimeInit$MethodAndArgsCaller.run(RuntimeInit.java:493)

07-21 03:33:36.556 19274 19274 I LSPosed-Bridge: 	at com.android.internal.os.ZygoteInit.main(ZygoteInit.java:858)

07-21 03:33:36.556 19274 19274 I LSPosed-Bridge: 19274 PermLabel 10131 requestPermissions (Activity): pid = 19274; permName: android.permission.ACCESS_FINE_LOCATION; stacktrace=java.lang.Exception

07-21 03:33:36.556 19274 19274 I LSPosed-Bridge: 	at com.example.permlabel.requestPerm$3.beforeHookedMethod(requestPerm.java:239)

07-21 03:33:36.556 19274 19274 I LSPosed-Bridge: 	at de.robv.android.xposed.XposedBridge$AdditionalHookInfo.callback(Unknown Source:79)

07-21 03:33:36.556 19274 19274 I LSPosed-Bridge: 	at LSPHooker_.requestPermissions(Unknown Source:18)

07-21 03:33:36.556 19274 19274 I LSPosed-Bridge: 	at e0.b.b(ActivityCompat.java:8)

07-21 03:33:36.556 19274 19274 I LSPosed-Bridge: 	at io.dcloud.common.core.permission.PermissionControler.runRequestPermissions(Unknown Source:4)

07-21 03:33:36.556 19274 19274 I LSPosed-Bridge: 	at io.dcloud.common.core.permission.PermissionControler.requestPermissions(Unknown Source:6)

07-21 03:33:36.556 19274 19274 I LSPosed-Bridge: 	at io.dcloud.common.adapter.util.PermissionUtil.requestPermissions(Unknown Source:1)

07-21 03:33:36.556 19274 19274 I LSPosed-Bridge: 	at io.dcloud.common.adapter.util.PermissionUtil.requestSystemPermissions(Unknown Source:5)

07-21 03:33:36.556 19274 19274 I LSPosed-Bridge: 	at io.dcloud.common.adapter.util.PermissionUtil.useSystemPermission(Unknown Source:7)

07-21 03:33:36.556 19274 19274 I LSPosed-Bridge: 	at io.dcloud.common.adapter.util.PermissionUtil.usePermission(Unknown Source:8)

07-21 03:33:36.556 19274 19274 I LSPosed-Bridge: 	at io.dcloud.js.geolocation.GeolocationFeatureImpl.execute(Unknown Source:5)

07-21 03:33:36.556 19274 19274 I LSPosed-Bridge: 	at io.dcloud.h.b.a(Unknown Source:90)

07-21 03:33:36.556 19274 19274 I LSPosed-Bridge: 	at io.dcloud.h.b.b(Unknown Source:3)

07-21 03:33:36.556 19274 19274 I LSPosed-Bridge: 	at io.dcloud.h.b.processEvent(Unknown Source:40)

07-21 03:33:36.556 19274 19274 I LSPosed-Bridge: 	at io.dcloud.f.c.c.dispatchEvent(Unknown Source:7)

07-21 03:33:36.556 19274 19274 I LSPosed-Bridge: 	at io.dcloud.common.core.ui.l.processEvent(Unknown Source:2)

07-21 03:33:36.556 19274 19274 I LSPosed-Bridge: 	at io.dcloud.common.adapter.ui.AdaUniWebView.exec(Unknown Source:3)

07-21 03:33:36.556 19274 19274 I LSPosed-Bridge: 	at io.dcloud.common.adapter.ui.AdaUniWebView$1.execute(Unknown Source:5)

07-21 03:33:36.556 19274 19274 I LSPosed-Bridge: 	at io.dcloud.common.adapter.util.MessageHandler$1.handleMessage(Unknown Source:3)

07-21 03:33:36.556 19274 19274 I LSPosed-Bridge: 	at android.os.Handler.dispatchMessage(Handler.java:106)

07-21 03:33:36.556 19274 19274 I LSPosed-Bridge: 	at android.os.Looper.loop(Looper.java:193)

07-21 03:33:36.556 19274 19274 I LSPosed-Bridge: 	at android.app.ActivityThread.main(ActivityThread.java:6692)

07-21 03:33:36.556 19274 19274 I LSPosed-Bridge: 	at java.lang.reflect.Method.invoke(Native Method)

07-21 03:33:36.556 19274 19274 I LSPosed-Bridge: 	at com.android.internal.os.RuntimeInit$MethodAndArgsCaller.run(RuntimeInit.java:493)

07-21 03:33:36.556 19274 19274 I LSPosed-Bridge: 	at com.android.internal.os.ZygoteInit.main(ZygoteInit.java:858)

07-21 03:33:36.562   550   550 I ConfigStore: android::hardware::configstore::V1_0::ISurfaceFlingerConfigs::hasHDRDisplay retrieved: 0

07-21 03:33:36.562  1563  7290 I LSPosed-Bridge: 19274 PermLabel 10131 startActivityAsUser: intent = Intent { act=android.content.pm.action.REQUEST_PERMISSIONS pkg=com.google.android.packageinstaller (has extras) }

07-21 03:33:36.562  1563  7290 I LSPosed-Bridge: 19274 PermLabel 10131 startActivityAsUser permName: android.permission.ACCESS_COARSE_LOCATION

07-21 03:33:36.562  1563  7290 I LSPosed-Bridge: 19274 PermLabel 10131 startActivityAsUser permName: android.permission.ACCESS_FINE_LOCATION

07-21 03:33:44.194 19274 19274 I LSPosed-Bridge: 19274 PermLabel 10131; permName: android.permission.ACCESS_FINE_LOCATION getLastKnownLocation res=null; stacktrace=java.lang.Exception

07-21 03:33:44.194 19274 19274 I LSPosed-Bridge: 	at com.example.permlabel.hookLocationExtra_test$2.afterHookedMethod(hookLocationExtra_test.java:64)

07-21 03:33:44.194 19274 19274 I LSPosed-Bridge: 	at de.robv.android.xposed.XposedBridge$AdditionalHookInfo.callback(Unknown Source:147)

07-21 03:33:44.194 19274 19274 I LSPosed-Bridge: 	at LSPHooker_.getLastKnownLocation(Unknown Source:11)

07-21 03:33:44.194 19274 19274 I LSPosed-Bridge: 	at java.lang.reflect.Method.invoke(Native Method)

07-21 03:33:44.194 19274 19274 I LSPosed-Bridge: 	at io.dcloud.e.a.c.b.g.c(Unknown Source:5)

07-21 03:33:44.194 19274 19274 I LSPosed-Bridge: 	at io.dcloud.e.c.c.a.b.e.b(Unknown Source:20)

07-21 03:33:44.194 19274 19274 I LSPosed-Bridge: 	at io.dcloud.e.c.c.a.b.e.a(Unknown Source:22)

07-21 03:33:44.194 19274 19274 I LSPosed-Bridge: 	at io.dcloud.e.c.c.a.b.d.c(Unknown Source:1)

07-21 03:33:44.194 19274 19274 I LSPosed-Bridge: 	at io.dcloud.feature.gg.dcloud.ADHandler.pull(Unknown Source:15)

07-21 03:33:44.194 19274 19274 I LSPosed-Bridge: 	at io.dcloud.feature.gg.dcloud.AdFeatureImpl.doForFeature(Unknown Source:69)

07-21 03:33:44.194 19274 19274 I LSPosed-Bridge: 	at io.dcloud.feature.gg.AdFeatureImplMgr.doForFeature(Unknown Source:3)

07-21 03:33:44.194 19274 19274 I LSPosed-Bridge: 	at io.dcloud.a.a(Unknown Source:9)

07-21 03:33:44.194 19274 19274 I LSPosed-Bridge: 	at io.dcloud.b$a.run(Unknown Source:4)

07-21 03:33:44.194 19274 19274 I LSPosed-Bridge: 	at android.os.Handler.handleCallback(Handler.java:873)

07-21 03:33:44.194 19274 19274 I LSPosed-Bridge: 	at android.os.Handler.dispatchMessage(Handler.java:99)

07-21 03:33:44.194 19274 19274 I LSPosed-Bridge: 	at android.os.Looper.loop(Looper.java:193)

07-21 03:33:44.194 19274 19274 I LSPosed-Bridge: 	at android.app.ActivityThread.main(ActivityThread.java:6692)

07-21 03:33:44.194 19274 19274 I LSPosed-Bridge: 	at java.lang.reflect.Method.invoke(Native Method)

07-21 03:33:44.194 19274 19274 I LSPosed-Bridge: 	at com.android.internal.os.RuntimeInit$MethodAndArgsCaller.run(RuntimeInit.java:493)

07-21 03:33:44.194 19274 19274 I LSPosed-Bridge: 	at com.android.internal.os.ZygoteInit.main(ZygoteInit.java:858)

07-21 03:33:45.328 19274 19274 I LSPosed-Bridge: 19274 PermLabel 10131 requestPermissions (Activity): pid = 19274; permName: android.permission.ACCESS_COARSE_LOCATION; stacktrace=java.lang.Exception

07-21 03:33:45.328 19274 19274 I LSPosed-Bridge: 	at com.example.permlabel.requestPerm$3.beforeHookedMethod(requestPerm.java:239)

07-21 03:33:45.328 19274 19274 I LSPosed-Bridge: 	at de.robv.android.xposed.XposedBridge$AdditionalHookInfo.callback(Unknown Source:79)

07-21 03:33:45.328 19274 19274 I LSPosed-Bridge: 	at LSPHooker_.requestPermissions(Unknown Source:18)

07-21 03:33:45.328 19274 19274 I LSPosed-Bridge: 	at e0.b.b(ActivityCompat.java:8)

07-21 03:33:45.328 19274 19274 I LSPosed-Bridge: 	at io.dcloud.common.core.permission.PermissionControler.runRequestPermissions(Unknown Source:4)

07-21 03:33:45.328 19274 19274 I LSPosed-Bridge: 	at io.dcloud.common.core.permission.PermissionControler.requestPermissions(Unknown Source:6)

