09-02 17:49:23.087 11820 11820 I LSPosed-Bridge: 11820 PermLabel hookBinder_test 10127 interfaceBinder =android.content.pm.IPackageManager; arg0 = 9; arg1 = android.os.Parcel@c6808ff; arg2 = android.os.Parcel@7614b00; arg3 = 0; res = true; stacktrace=java.lang.Exception

09-02 17:49:23.087 11820 11820 I LSPosed-Bridge: 	at com.example.permlabel.hookBinder_test$1.afterHookedMethod(hookBinder_test.java:55)

09-02 17:49:23.087 11820 11820 I LSPosed-Bridge: 	at de.robv.android.xposed.XposedBridge$AdditionalHookInfo.callback(Unknown Source:147)

09-02 17:49:23.087 11820 11820 I LSPosed-Bridge: 	at LSPHooker_.transact(Unknown Source:28)

09-02 17:49:23.087 11820 11820 I LSPosed-Bridge: 	at android.content.pm.IPackageManager$Stub$Proxy.getPermissionInfo(IPackageManager.java:3008)

09-02 17:49:23.087 11820 11820 I LSPosed-Bridge: 	at android.app.ApplicationPackageManager.getPermissionInfo(ApplicationPackageManager.java:306)

09-02 17:49:23.087 11820 11820 I LSPosed-Bridge: 	at com.example.permlabel.requestPerm$2.afterHookedMethod(requestPerm.java:176)

09-02 17:49:23.087 11820 11820 I LSPosed-Bridge: 	at de.robv.android.xposed.XposedBridge$AdditionalHookInfo.callback(Unknown Source:147)

09-02 17:49:23.087 11820 11820 I LSPosed-Bridge: 	at LSPHooker_.checkPermission(Unknown Source:25)

09-02 17:49:23.087 11820 11820 I LSPosed-Bridge: 	at android.content.ContextWrapper.checkPermission(ContextWrapper.java:738)

09-02 17:49:23.087 11820 11820 I LSPosed-Bridge: 	at androidx.core.content.ContextCompat.checkSelfPermission(ContextCompat.java:2)

09-02 17:49:23.087 11820 11820 I LSPosed-Bridge: 	at com.klook.base_library.permisson.c.hasPermission(PermissionBiz.java:2)

09-02 17:49:23.087 11820 11820 I LSPosed-Bridge: 	at com.klook.deepknow.kount.c.a(KountWrapper.kt:4)

09-02 17:49:23.087 11820 11820 I LSPosed-Bridge: 	at com.klook.deepknow.kount.c.init(KountWrapper.kt:1)

09-02 17:49:23.087 11820 11820 I LSPosed-Bridge: 	at com.klook.deepknow.b$a.init(KLRiskDeepKnowSDK.kt:2)

09-02 17:49:23.087 11820 11820 I LSPosed-Bridge: 	at com.klook.deepknow.b.init(Unknown Source:2)

09-02 17:49:23.087 11820 11820 I LSPosed-Bridge: 	at com.klooklib.activity.SplashActivity.q(SplashActivity.java:52)

09-02 17:49:23.087 11820 11820 I LSPosed-Bridge: 	at com.klooklib.activity.SplashActivity.I(SplashActivity.java:24)

09-02 17:49:23.087 11820 11820 I LSPosed-Bridge: 	at com.klooklib.activity.SplashActivity.initView(SplashActivity.java:14)

09-02 17:49:23.087 11820 11820 I LSPosed-Bridge: 	at com.klook.base.business.ui.BaseActivity.onCreate(BaseActivity.java:15)

09-02 17:49:23.087 11820 11820 I LSPosed-Bridge: 	at com.klooklib.activity.SplashActivity.onCreate(SplashActivity.java:1)

09-02 17:49:23.087 11820 11820 I LSPosed-Bridge: 	at android.app.Activity.performCreate(Activity.java:7136)

09-02 17:49:23.087 11820 11820 I LSPosed-Bridge: 	at android.app.Activity.performCreate(Activity.java:7127)

09-02 17:49:23.087 11820 11820 I LSPosed-Bridge: 	at android.app.Instrumentation.callActivityOnCreate(Instrumentation.java:1272)

09-02 17:49:23.087 11820 11820 I LSPosed-Bridge: 	at android.app.ActivityThread.performLaunchActivity(ActivityThread.java:2894)

09-02 17:49:23.087 11820 11820 I LSPosed-Bridge: 	at android.app.ActivityThread.handleLaunchActivity(ActivityThread.java:3049)

09-02 17:49:23.087 11820 11820 I LSPosed-Bridge: 	at android.app.servertransaction.LaunchActivityItem.execute(LaunchActivityItem.java:78)

09-02 17:49:23.087 11820 11820 I LSPosed-Bridge: 	at android.app.servertransaction.TransactionExecutor.executeCallbacks(TransactionExecutor.java:108)

09-02 17:49:23.087 11820 11820 I LSPosed-Bridge: 	at android.app.servertransaction.TransactionExecutor.execute(TransactionExecutor.java:68)

09-02 17:49:23.087 11820 11820 I LSPosed-Bridge: 	at android.app.ActivityThread$H.handleMessage(ActivityThread.java:1809)

09-02 17:49:23.087 11820 11820 I LSPosed-Bridge: 	at android.os.Handler.dispatchMessage(Handler.java:106)

09-02 17:49:23.087 11820 11820 I LSPosed-Bridge: 	at android.os.Looper.loop(Looper.java:193)

09-02 17:49:23.087 11820 11820 I LSPosed-Bridge: 	at android.app.ActivityThread.main(ActivityThread.java:6692)

09-02 17:49:23.087 11820 11820 I LSPosed-Bridge: 	at java.lang.reflect.Method.invoke(Native Method)

09-02 17:49:23.087 11820 11820 I LSPosed-Bridge: 	at com.android.internal.os.RuntimeInit$MethodAndArgsCaller.run(RuntimeInit.java:493)

09-02 17:49:23.087 11820 11820 I LSPosed-Bridge: 	at com.android.internal.os.ZygoteInit.main(ZygoteInit.java:858)

09-02 17:49:23.087  1711  1880 I LSPosed-Bridge: 1711 PermLabel 1002 ContextImpl.checkPermission: pid = 11820; uid = 10127; permName: android.permission.BLUETOOTH; type = 0; res = 0; stacktrace=java.lang.Exception

09-02 17:49:23.087  1711  1880 I LSPosed-Bridge: 	at com.example.permlabel.requestPerm$2.afterHookedMethod(requestPerm.java:210)

09-02 17:49:23.087  1711  1880 I LSPosed-Bridge: 	at de.robv.android.xposed.XposedBridge$AdditionalHookInfo.callback(Unknown Source:147)

09-02 17:49:23.087  1711  1880 I LSPosed-Bridge: 	at LSPHooker_.checkPermission(Unknown Source:25)

09-02 17:49:23.087  1711  1880 I LSPosed-Bridge: 	at android.app.ContextImpl.checkCallingOrSelfPermission(ContextImpl.java:1791)

09-02 17:49:23.087  1711  1880 I LSPosed-Bridge: 	at android.app.ContextImpl.enforceCallingOrSelfPermission(ContextImpl.java:1841)

09-02 17:49:23.087  1711  1880 I LSPosed-Bridge: 	at android.content.ContextWrapper.enforceCallingOrSelfPermission(ContextWrapper.java:776)

09-02 17:49:23.087  1711  1880 I LSPosed-Bridge: 	at com.android.bluetooth.gatt.GattService.registerScanner(GattService.java:1894)

09-02 17:49:23.087  1711  1880 I LSPosed-Bridge: 	at com.android.bluetooth.gatt.GattService$BluetoothGattBinder.registerScanner(GattService.java:459)

09-02 17:49:23.087  1711  1880 I LSPosed-Bridge: 	at android.bluetooth.IBluetoothGatt$Stub.onTransact(IBluetoothGatt.java:72)

09-02 17:49:23.087  1711  1880 I LSPosed-Bridge: 	at android.os.Binder.execTransact(Binder.java:731)

09-02 17:49:23.087 11820 11820 I LSPosed-Bridge: 11820 PermLabel 10127 ContextImpl.checkPermission: pid = 11820; uid = 10127; permName: android.permission.ACCESS_COARSE_LOCATION; type = 1; res = 0; stacktrace=java.lang.Exception

09-02 17:49:23.087 11820 11820 I LSPosed-Bridge: 	at com.example.permlabel.requestPerm$2.afterHookedMethod(requestPerm.java:210)

09-02 17:49:23.087 11820 11820 I LSPosed-Bridge: 	at de.robv.android.xposed.XposedBridge$AdditionalHookInfo.callback(Unknown Source:147)

09-02 17:49:23.087 11820 11820 I LSPosed-Bridge: 	at LSPHooker_.checkPermission(Unknown Source:25)

09-02 17:49:23.087 11820 11820 I LSPosed-Bridge: 	at android.content.ContextWrapper.checkPermission(ContextWrapper.java:738)

09-02 17:49:23.087 11820 11820 I LSPosed-Bridge: 	at androidx.core.content.ContextCompat.checkSelfPermission(ContextCompat.java:2)

09-02 17:49:23.087 11820 11820 I LSPosed-Bridge: 	at com.klook.base_library.permisson.c.hasPermission(PermissionBiz.java:2)

09-02 17:49:23.087 11820 11820 I LSPosed-Bridge: 	at com.klook.deepknow.kount.c.a(KountWrapper.kt:4)

09-02 17:49:23.087 11820 11820 I LSPosed-Bridge: 	at com.klook.deepknow.kount.c.init(KountWrapper.kt:1)

09-02 17:49:23.087 11820 11820 I LSPosed-Bridge: 	at com.klook.deepknow.b$a.init(KLRiskDeepKnowSDK.kt:2)

09-02 17:49:23.087 11820 11820 I LSPosed-Bridge: 	at com.klook.deepknow.b.init(Unknown Source:2)

09-02 17:49:23.087 11820 11820 I LSPosed-Bridge: 	at com.klooklib.activity.SplashActivity.q(SplashActivity.java:52)

09-02 17:49:23.087 11820 11820 I LSPosed-Bridge: 	at com.klooklib.activity.SplashActivity.I(SplashActivity.java:24)

09-02 17:49:23.087 11820 11820 I LSPosed-Bridge: 	at com.klooklib.activity.SplashActivity.initView(SplashActivity.java:14)

09-02 17:49:23.087 11820 11820 I LSPosed-Bridge: 	at com.klook.base.business.ui.BaseActivity.onCreate(BaseActivity.java:15)

09-02 17:49:23.087 11820 11820 I LSPosed-Bridge: 	at com.klooklib.activity.SplashActivity.onCreate(SplashActivity.java:1)

09-02 17:49:23.087 11820 11820 I LSPosed-Bridge: 	at android.app.Activity.performCreate(Activity.java:7136)

09-02 17:49:23.087 11820 11820 I LSPosed-Bridge: 	at android.app.Activity.performCreate(Activity.java:7127)

09-02 17:49:23.087 11820 11820 I LSPosed-Bridge: 	at android.app.Instrumentation.callActivityOnCreate(Instrumentation.java:1272)

09-02 17:49:23.087 11820 11820 I LSPosed-Bridge: 	at android.app.ActivityThread.performLaunchActivity(ActivityThread.java:2894)

09-02 17:49:23.087 11820 11820 I LSPosed-Bridge: 	at android.app.ActivityThread.handleLaunchActivity(ActivityThread.java:3049)

09-02 17:49:23.087 11820 11820 I LSPosed-Bridge: 	at android.app.servertransaction.LaunchActivityItem.execute(LaunchActivityItem.java:78)

09-02 17:49:23.087 11820 11820 I LSPosed-Bridge: 	at android.app.servertransaction.TransactionExecutor.executeCallbacks(TransactionExecutor.java:108)

09-02 17:49:23.087 11820 11820 I LSPosed-Bridge: 	at android.app.servertransaction.TransactionExecutor.execute(TransactionExecutor.java:68)

09-02 17:49:23.087 11820 11820 I LSPosed-Bridge: 	at android.app.ActivityThread$H.handleMessage(ActivityThread.java:1809)

09-02 17:49:23.087 11820 11820 I LSPosed-Bridge: 	at android.os.Handler.dispatchMessage(Handler.java:106)

09-02 17:49:23.087 11820 11820 I LSPosed-Bridge: 	at android.os.Looper.loop(Looper.java:193)

09-02 17:49:23.087 11820 11820 I LSPosed-Bridge: 	at android.app.ActivityThread.main(ActivityThread.java:6692)

09-02 17:49:23.087 11820 11820 I LSPosed-Bridge: 	at java.lang.reflect.Method.invoke(Native Method)

09-02 17:49:23.087 11820 11820 I LSPosed-Bridge: 	at com.android.internal.os.RuntimeInit$MethodAndArgsCaller.run(RuntimeInit.java:493)

09-02 17:49:23.087 11820 11820 I LSPosed-Bridge: 	at com.android.internal.os.ZygoteInit.main(ZygoteInit.java:858)

09-02 17:49:23.089 11820 12130 I LSPosed-Bridge: 11820 PermLabel hookBinder_test 10127 interfaceBinder =com.android.internal.telephony.ITelephony; arg0 = 82; arg1 = android.os.Parcel@41a4553; arg2 = android.os.Parcel@21eb876; arg3 = 0; res = true; stacktrace=java.lang.Exception

09-02 17:49:23.089 11820 12130 I LSPosed-Bridge: 	at com.example.permlabel.hookBinder_test$1.afterHookedMethod(hookBinder_test.java:55)

09-02 17:49:23.089 11820 12130 I LSPosed-Bridge: 	at de.robv.android.xposed.XposedBridge$AdditionalHookInfo.callback(Unknown Source:147)

09-02 17:49:23.089 11820 12130 I LSPosed-Bridge: 	at LSPHooker_.transact(Unknown Source:28)

09-02 17:49:23.089 11820 12130 I LSPosed-Bridge: 	at com.android.internal.telephony.ITelephony$Stub$Proxy.getAllCellInfo(ITelephony.java:3940)

09-02 17:49:23.089 11820 12130 I LSPosed-Bridge: 	at android.telephony.TelephonyManager.getAllCellInfo(TelephonyManager.java:4406)

09-02 17:49:23.089 11820 12130 I LSPosed-Bridge: 	at java.lang.reflect.Method.invoke(Native Method)

09-02 17:49:23.089 11820 12130 I LSPosed-Bridge: 	at org.lsposed.lspd.nativebridge.HookBridge.invokeOriginalMethod(Native Method)

09-02 17:49:23.089 11820 12130 I LSPosed-Bridge: 	at de.robv.android.xposed.XposedBridge$AdditionalHookInfo.callback(Unknown Source:110)

09-02 17:49:23.089 11820 12130 I LSPosed-Bridge: 	at LSPHooker_.getAllCellInfo(Unknown Source:8)

09-02 17:49:23.089 11820 12130 I LSPosed-Bridge: 	at c.t.m.g.fi.b(TL:156)

09-02 17:49:23.089 11820 12130 I LSPosed-Bridge: 	at c.t.m.g.er$a.a(TL:276)

09-02 17:49:23.089 11820 12130 I LSPosed-Bridge: 	at c.t.m.g.er$a.handleMessage(TL:248)

09-02 17:49:23.089 11820 12130 I LSPosed-Bridge: 	at android.os.Handler.dispatchMessage(Handler.java:106)

09-02 17:49:23.089 11820 12130 I LSPosed-Bridge: 	at android.os.Looper.loop(Looper.java:193)

09-02 17:49:23.089 11820 12130 I LSPosed-Bridge: 	at android.os.HandlerThread.run(HandlerThread.java:65)

09-02 17:49:23.089 11820 11820 I LSPosed-Bridge: 11820 PermLabel hookBinder_test 10127 interfaceBinder =android.app.IActivityManager; arg0 = 49; arg1 = android.os.Parcel@7614b00; arg2 = android.os.Parcel@c6808ff; arg3 = 0; res = true; stacktrace=java.lang.Exception

09-02 17:49:23.089 11820 11820 I LSPosed-Bridge: 	at com.example.permlabel.hookBinder_test$1.afterHookedMethod(hookBinder_test.java:55)

09-02 17:49:23.089 11820 11820 I LSPosed-Bridge: 	at de.robv.android.xposed.XposedBridge$AdditionalHookInfo.callback(Unknown Source:147)

09-02 17:49:23.089 11820 11820 I LSPosed-Bridge: 	at LSPHooker_.transact(Unknown Source:28)

09-02 17:49:23.089 11820 11820 I LSPosed-Bridge: 	at android.app.IActivityManager$Stub$Proxy.checkPermission(IActivityManager.java:4722)

09-02 17:49:23.089 11820 11820 I LSPosed-Bridge: 	at android.app.ContextImpl.checkPermission(ContextImpl.java:1751)

09-02 17:49:23.089 11820 11820 I LSPosed-Bridge: 	at java.lang.reflect.Method.invoke(Native Method)

09-02 17:49:23.089 11820 11820 I LSPosed-Bridge: 	at org.lsposed.lspd.nativebridge.HookBridge.invokeOriginalMethod(Native Method)

09-02 17:49:23.089 11820 11820 I LSPosed-Bridge: 	at de.robv.android.xposed.XposedBridge$AdditionalHookInfo.callback(Unknown Source:110)

09-02 17:49:23.089 11820 11820 I LSPosed-Bridge: 	at LSPHooker_.checkPermission(Unknown Source:25)

09-02 17:49:23.089 11820 11820 I LSPosed-Bridge: 	at android.content.ContextWrapper.checkPermission(ContextWrapper.java:738)

09-02 17:49:23.089 11820 11820 I LSPosed-Bridge: 	at androidx.core.content.ContextCompat.checkSelfPermission(ContextCompat.java:2)

09-02 17:49:23.089 11820 11820 I LSPosed-Bridge: 	at com.klook.base_library.permisson.c.hasPermission(PermissionBiz.java:2)

09-02 17:49:23.089 11820 11820 I LSPosed-Bridge: 	at com.klook.deepknow.kount.c.a(KountWrapper.kt:4)

09-02 17:49:23.089 11820 11820 I LSPosed-Bridge: 	at com.klook.deepknow.kount.c.init(KountWrapper.kt:1)

09-02 17:49:23.089 11820 11820 I LSPosed-Bridge: 	at com.klook.deepknow.b$a.init(KLRiskDeepKnowSDK.kt:2)

09-02 17:49:23.089 11820 11820 I LSPosed-Bridge: 	at com.klook.deepknow.b.init(Unknown Source:2)

09-02 17:49:23.089 11820 11820 I LSPosed-Bridge: 	at com.klooklib.activity.SplashActivity.q(SplashActivity.java:52)

09-02 17:49:23.089 11820 11820 I LSPosed-Bridge: 	at com.klooklib.activity.SplashActivity.I(SplashActivity.java:24)

09-02 17:49:23.089 11820 11820 I LSPosed-Bridge: 	at com.klooklib.activity.SplashActivity.initView(SplashActivity.java:14)

09-02 17:49:23.089 11820 11820 I LSPosed-Bridge: 	at com.klook.base.business.ui.BaseActivity.onCreate(BaseActivity.java:15)

09-02 17:49:23.089 11820 11820 I LSPosed-Bridge: 	at com.klooklib.activity.SplashActivity.onCreate(SplashActivity.java:1)

09-02 17:49:23.089 11820 11820 I LSPosed-Bridge: 	at android.app.Activity.performCreate(Activity.java:7136)

09-02 17:49:23.089 11820 11820 I LSPosed-Bridge: 	at android.app.Activity.performCreate(Activity.java:7127)

09-02 17:49:23.089 11820 11820 I LSPosed-Bridge: 	at android.app.Instrumentation.callActivityOnCreate(Instrumentation.java:1272)

09-02 17:49:23.089 11820 11820 I LSPosed-Bridge: 	at android.app.ActivityThread.performLaunchActivity(ActivityThread.java:2894)

09-02 17:49:23.089 11820 11820 I LSPosed-Bridge: 	at android.app.ActivityThread.handleLaunchActivity(ActivityThread.java:3049)

09-02 17:49:23.089 11820 11820 I LSPosed-Bridge: 	at android.app.servertransaction.LaunchActivityItem.execute(LaunchActivityItem.java:78)

09-02 17:49:23.089 11820 11820 I LSPosed-Bridge: 	at android.app.servertransaction.TransactionExecutor.executeCallbacks(TransactionExecutor.java:108)

09-02 17:49:23.089 11820 11820 I LSPosed-Bridge: 	at android.app.servertransaction.TransactionExecutor.execute(TransactionExecutor.java:68)

09-02 17:49:23.089 11820 11820 I LSPosed-Bridge: 	at android.app.ActivityThread$H.handleMessage(ActivityThread.java:1809)

09-02 17:49:23.089 11820 11820 I LSPosed-Bridge: 	at android.os.Handler.dispatchMessage(Handler.java:106)

09-02 17:49:23.089 11820 11820 I LSPosed-Bridge: 	at android.os.Looper.loop(Looper.java:193)

09-02 17:49:23.089 11820 11820 I LSPosed-Bridge: 	at android.app.ActivityThread.main(ActivityThread.java:6692)

09-02 17:49:23.089 11820 11820 I LSPosed-Bridge: 	at java.lang.reflect.Method.invoke(Native Method)

09-02 17:49:23.089 11820 11820 I LSPosed-Bridge: 	at com.android.internal.os.RuntimeInit$MethodAndArgsCaller.run(RuntimeInit.java:493)

09-02 17:49:23.089 11820 11820 I LSPosed-Bridge: 	at com.android.internal.os.ZygoteInit.main(ZygoteInit.java:858)

09-02 17:49:23.089 11820 12130 I LSPosed-Bridge: 11820 PermLabel 10127; permName: android.permission.ACCESS_COARSE_LOCATION; getAllCellInfo res = [CellInfoWcdma:{mRegistered=NO mTimeStampType=oem_ril mTimeStamp=172820125818ns mCellConnectionStatus=0 CellIdentityWcdma:{ mLac=2011 mCid=13219378 mPsc=149 mUarfcn=10638 mMcc=466 mMnc=89 mAlphaLong=T Star mAlphaShort=T Star} CellSignalStrengthWcdma: ss=17 ber=99}, CellInfoWcdma:{mRegistered=NO mTimeStampType=oem_ril mTimeStamp=172820125818ns mCellConnectionStatus=0 CellIdentityWcdma:{ mLac=2147483647 mCid=2147483647 mPsc=66 mUarfcn=10638 mMcc=null mMnc=null mAlphaLong= mAlphaShort=} CellSignalStrengthWcdma: ss=15 ber=99}, CellInfoWcdma:{mRegistered=NO mTimeStampType=oem_ril mTimeStamp=172820125818ns mCellConnectionStatus=0 CellIdentityWcdma:{ mLac=2147483647 mCid=2147483647 mPsc=46 mUarfcn=10638 mMcc=null mMnc=null mAlphaLong= mAlphaShort=} CellSignalStrengthWcdma: ss=13 ber=99}]; stacktrace=java.lang.Exception

09-02 17:49:23.089 11820 12130 I LSPosed-Bridge: 	at com.example.permlabel.hookLocationExtra_test$4.afterHookedMethod(hookLocationExtra_test.java:66)

09-02 17:49:23.089 11820 12130 I LSPosed-Bridge: 	at de.robv.android.xposed.XposedBridge$AdditionalHookInfo.callback(Unknown Source:147)

09-02 17:49:23.089 11820 12130 I LSPosed-Bridge: 	at LSPHooker_.getAllCellInfo(Unknown Source:8)

09-02 17:49:23.089 11820 12130 I LSPosed-Bridge: 	at c.t.m.g.fi.b(TL:156)

09-02 17:49:23.089 11820 12130 I LSPosed-Bridge: 	at c.t.m.g.er$a.a(TL:276)

09-02 17:49:23.089 11820 12130 I LSPosed-Bridge: 	at c.t.m.g.er$a.handleMessage(TL:248)

09-02 17:49:23.089 11820 12130 I LSPosed-Bridge: 	at android.os.Handler.dispatchMessage(Handler.java:106)

09-02 17:49:23.089 11820 12130 I LSPosed-Bridge: 	at android.os.Looper.loop(Looper.java:193)

09-02 17:49:23.089 11820 12130 I LSPosed-Bridge: 	at android.os.HandlerThread.run(HandlerThread.java:65)

09-02 17:49:23.089  1711  2243 I bt_stack: [INFO:gatt_api.cc(949)] GATT_Registerd364652e-5fb7-da78-6c25-fbbd02e0a071

09-02 17:49:23.089  1711  2243 I bt_stack: [INFO:gatt_api.cc(969)] allocated gatt_if=13

09-02 17:49:23.097  1568  6915 I LSPosed-Bridge: 11820 PermLabel 10127 AMS.checkPermission: Binder.getCallingPid() = 1711; uid = 10127; Binder.getCallingUid() = 1002; getNameForUid: android.uid.bluetooth:1002; getPackagesForUid: [com.android.bluetooth, org.codeaurora.bluetooth]; permName: android.permission.BLUETOOTH_ADMIN; type = 0; res = -1; stacktrace=java.lang.Exception

09-02 17:49:23.097  1568  6915 I LSPosed-Bridge: 	at com.example.permlabel.requirePerm$1$2.afterHookedMethod(requirePerm.java:124)

09-02 17:49:23.097  1568  6915 I LSPosed-Bridge: 	at de.robv.android.xposed.XposedBridge$AdditionalHookInfo.callback(Unknown Source:147)

09-02 17:49:23.097  1568  6915 I LSPosed-Bridge: 	at LSPHooker_.checkPermission(Unknown Source:25)

09-02 17:49:23.097  1568  6915 I LSPosed-Bridge: 	at android.app.IActivityManager$Stub.onTransact(IActivityManager.java:664)

09-02 17:49:23.097  1568  6915 I LSPosed-Bridge: 	at com.android.server.am.ActivityManagerService.onTransact(ActivityManagerService.java:3346)

09-02 17:49:23.097  1568  6915 I LSPosed-Bridge: 	at android.os.Binder.execTransact(Binder.java:731)

09-02 17:49:23.097  1568  1718 I LSPosed-Bridge: 11820 PermLabel 10127 AMS.checkPermission: Binder.getCallingPid() = 1900; uid = 10127; Binder.getCallingUid() = 1001; getNameForUid: android.uid.phone:1001; getPackagesForUid: [com.android.providers.telephony, com.qualcomm.qti.ims, com.android.mms.service, com.qti.confuridialer, com.qti.qualcomm.datastatusnotification, com.qti.qualcomm.deviceinfo, com.qualcomm.qti.networksetting, com.qualcomm.qti.telephonyservice, com.qualcomm.simcontacts, com.qualcomm.qti.autoregistration, com.qualcomm.qti.lpa, com.qualcomm.qti.uim, com.android.stk, com.android.phone, com.qti.xdivert, com.qualcomm.qti.callfeaturessetting, com.qualcomm.qcrilmsgtunnel, org.codeaurora.ims]; permName: android.permission.ACCESS_COARSE_LOCATION; type = 1; res = 0; stacktrace=java.lang.Exception

09-02 17:49:23.097  1568  1718 I LSPosed-Bridge: 	at com.example.permlabel.requirePerm$1$2.afterHookedMethod(requirePerm.java:130)

09-02 17:49:23.097  1568  1718 I LSPosed-Bridge: 	at de.robv.android.xposed.XposedBridge$AdditionalHookInfo.callback(Unknown Source:147)

09-02 17:49:23.097  1568  1718 I LSPosed-Bridge: 	at LSPHooker_.checkPermission(Unknown Source:25)

09-02 17:49:23.097  1568  1718 I LSPosed-Bridge: 	at android.app.IActivityManager$Stub.onTransact(IActivityManager.java:664)

09-02 17:49:23.097  1568  1718 I LSPosed-Bridge: 	at com.android.server.am.ActivityManagerService.onTransact(ActivityManagerService.java:3346)

09-02 17:49:23.097  1568  1718 I LSPosed-Bridge: 	at android.os.Binder.execTransact(Binder.java:731)

09-02 17:49:23.097  1711  1880 I LSPosed-Bridge: 1711 PermLabel 1002 ContextImpl.checkPermission: pid = 11820; uid = 10127; permName: android.permission.BLUETOOTH_ADMIN; type = 0; res = -1; stacktrace=java.lang.Exception

09-02 17:49:23.097  1711  1880 I LSPosed-Bridge: 	at com.example.permlabel.requestPerm$2.afterHookedMethod(requestPerm.java:210)

09-02 17:49:23.097  1711  1880 I LSPosed-Bridge: 	at de.robv.android.xposed.XposedBridge$AdditionalHookInfo.callback(Unknown Source:147)

09-02 17:49:23.097  1711  1880 I LSPosed-Bridge: 	at LSPHooker_.checkPermission(Unknown Source:25)

09-02 17:49:23.097  1711  1880 I LSPosed-Bridge: 	at android.app.ContextImpl.checkCallingOrSelfPermission(ContextImpl.java:1791)

09-02 17:49:23.097  1711  1880 I LSPosed-Bridge: 	at android.app.ContextImpl.enforceCallingOrSelfPermission(ContextImpl.java:1841)

09-02 17:49:23.097  1711  1880 I LSPosed-Bridge: 	at android.content.ContextWrapper.enforceCallingOrSelfPermission(ContextWrapper.java:776)

09-02 17:49:23.097  1711  1880 I LSPosed-Bridge: 	at com.android.bluetooth.gatt.GattService.enforceAdminPermission(GattService.java:3062)

09-02 17:49:23.097  1711  1880 I LSPosed-Bridge: 	at com.android.bluetooth.gatt.GattService.startScan(GattService.java:1932)

09-02 17:49:23.097  1711  1880 I LSPosed-Bridge: 	at com.android.bluetooth.gatt.GattService$BluetoothGattBinder.startScan(GattService.java:478)

09-02 17:49:23.097  1711  1880 I LSPosed-Bridge: 	at android.bluetooth.IBluetoothGatt$Stub.onTransact(IBluetoothGatt.java:104)

09-02 17:49:23.097  1711  1880 I LSPosed-Bridge: 	at android.os.Binder.execTransact(Binder.java:731)

09-02 17:49:23.104 11820 12130 I LSPosed-Bridge: 11820 PermLabel hookBinder_test 10127 interfaceBinder =com.android.internal.telephony.ITelephony; arg0 = 41; arg1 = android.os.Parcel@2ae204a; arg2 = android.os.Parcel@7d994af; arg3 = 0; res = true; stacktrace=java.lang.Exception

09-02 17:49:23.104 11820 12130 I LSPosed-Bridge: 	at com.example.permlabel.hookBinder_test$1.afterHookedMethod(hookBinder_test.java:55)

09-02 17:49:23.104 11820 12130 I LSPosed-Bridge: 	at de.robv.android.xposed.XposedBridge$AdditionalHookInfo.callback(Unknown Source:147)

09-02 17:49:23.104 11820 12130 I LSPosed-Bridge: 	at LSPHooker_.transact(Unknown Source:28)

09-02 17:49:23.104 11820 12130 I LSPosed-Bridge: 	at com.android.internal.telephony.ITelephony$Stub$Proxy.getCellLocation(ITelephony.java:3128)

09-02 17:49:23.104 11820 12130 I LSPosed-Bridge: 	at android.telephony.TelephonyManager.getCellLocation(TelephonyManager.java:1401)

09-02 17:49:23.104 11820 12130 I LSPosed-Bridge: 	at java.lang.reflect.Method.invoke(Native Method)

09-02 17:49:23.104 11820 12130 I LSPosed-Bridge: 	at org.lsposed.lspd.nativebridge.HookBridge.invokeOriginalMethod(Native Method)

09-02 17:49:23.104 11820 12130 I LSPosed-Bridge: 	at de.robv.android.xposed.XposedBridge$AdditionalHookInfo.callback(Unknown Source:110)

09-02 17:49:23.104 11820 12130 I LSPosed-Bridge: 	at LSPHooker_.getCellLocation(Unknown Source:8)

09-02 17:49:23.104 11820 12130 I LSPosed-Bridge: 	at c.t.m.g.fi.a(TL:95)

09-02 17:49:23.104 11820 12130 I LSPosed-Bridge: 	at c.t.m.g.er$a.a(TL:285)

09-02 17:49:23.104 11820 12130 I LSPosed-Bridge: 	at c.t.m.g.er$a.handleMessage(TL:248)

09-02 17:49:23.104 11820 12130 I LSPosed-Bridge: 	at android.os.Handler.dispatchMessage(Handler.java:106)

09-02 17:49:23.104 11820 12130 I LSPosed-Bridge: 	at android.os.Looper.loop(Looper.java:193)

09-02 17:49:23.104 11820 12130 I LSPosed-Bridge: 	at android.os.HandlerThread.run(HandlerThread.java:65)

09-02 17:49:23.104 11820 12130 I LSPosed-Bridge: 11820 PermLabel 10127; permName: android.permission.ACCESS_COARSE_LOCATION; getCellLocation res = null; stacktrace=java.lang.Exception

09-02 17:49:23.104 11820 12130 I LSPosed-Bridge: 	at com.example.permlabel.hookLocationExtra_test$3.afterHookedMethod(hookLocationExtra_test.java:59)

09-02 17:49:23.104 11820 12130 I LSPosed-Bridge: 	at de.robv.android.xposed.XposedBridge$AdditionalHookInfo.callback(Unknown Source:147)

09-02 17:49:23.104 11820 12130 I LSPosed-Bridge: 	at LSPHooker_.getCellLocation(Unknown Source:8)

09-02 17:49:23.104 11820 12130 I LSPosed-Bridge: 	at c.t.m.g.fi.a(TL:95)

09-02 17:49:23.104 11820 12130 I LSPosed-Bridge: 	at c.t.m.g.er$a.a(TL:285)

09-02 17:49:23.104 11820 12130 I LSPosed-Bridge: 	at c.t.m.g.er$a.handleMessage(TL:248)

09-02 17:49:23.104 11820 12130 I LSPosed-Bridge: 	at android.os.Handler.dispatchMessage(Handler.java:106)

09-02 17:49:23.104 11820 12130 I LSPosed-Bridge: 	at android.os.Looper.loop(Looper.java:193)

09-02 17:49:23.104 11820 12130 I LSPosed-Bridge: 	at android.os.HandlerThread.run(HandlerThread.java:65)

09-02 17:49:23.356 11820 12165 I LSPosed-Bridge: 11820 PermLabel 10127 ContextImpl.checkPermission: pid = 11820; uid = 10127; permName: android.permission.ACCESS_COARSE_LOCATION; type = 1; res = 0; stacktrace=java.lang.Exception

09-02 17:49:23.356 11820 12165 I LSPosed-Bridge: 	at com.example.permlabel.requestPerm$2.afterHookedMethod(requestPerm.java:210)

09-02 17:49:23.356 11820 12165 I LSPosed-Bridge: 	at de.robv.android.xposed.XposedBridge$AdditionalHookInfo.callback(Unknown Source:147)

09-02 17:49:23.356 11820 12165 I LSPosed-Bridge: 	at LSPHooker_.checkPermission(Unknown Source:25)

09-02 17:49:23.356 11820 12165 I LSPosed-Bridge: 	at android.content.ContextWrapper.checkPermission(ContextWrapper.java:738)

09-02 17:49:23.356 11820 12165 I LSPosed-Bridge: 	at androidx.core.content.ContextCompat.checkSelfPermission(ContextCompat.java:2)

09-02 17:49:23.356 11820 12165 I LSPosed-Bridge: 	at com.klook.location.internal.third.c.a(NativeLocationImpl.kt:2)

09-02 17:49:23.356 11820 12165 I LSPosed-Bridge: 	at com.klook.location.internal.third.c.requestLocation(NativeLocationImpl.kt:1)

09-02 17:49:23.356 11820 12165 I LSPosed-Bridge: 	at com.klook.location.internal.LocationManager.requestLocation(LocationManager.kt:8)

09-02 17:49:23.356 11820 12165 I LSPosed-Bridge: 	at com.klooklib.service.a$b$a.invokeSuspend(LocService.kt:6)

09-02 17:49:23.356 11820 12165 I LSPosed-Bridge: 	at kotlin.coroutines.jvm.internal.a.resumeWith(ContinuationImpl.kt:4)

09-02 17:49:23.356 11820 12165 I LSPosed-Bridge: 	at kotlinx.coroutines.e1.run(DispatchedTask.kt:22)

09-02 17:49:23.356 11820 12165 I LSPosed-Bridge: 	at kotlinx.coroutines.scheduling.a.runSafely(CoroutineScheduler.kt:1)

09-02 17:49:23.356 11820 12165 I LSPosed-Bridge: 	at kotlinx.coroutines.scheduling.a$c.c(CoroutineScheduler.kt:4)

09-02 17:49:23.356 11820 12165 I LSPosed-Bridge: 	at kotlinx.coroutines.scheduling.a$c.i(CoroutineScheduler.kt:4)

09-02 17:49:23.356 11820 12165 I LSPosed-Bridge: 	at kotlinx.coroutines.scheduling.a$c.run(CoroutineScheduler.kt:1)

09-02 17:49:23.356 12113 12113 I Input   : injectMotionEvent: MotionEvent { action=ACTION_MOVE, actionButton=0, id[0]=0, x[0]=360.0, y[0]=180.0, toolType[0]=TOOL_TYPE_UNKNOWN, buttonState=0, metaState=0, flags=0x0, edgeFlags=0x0, pointerCount=1, historySize=0, eventTime=173106, downTime=173106, deviceId=3, source=0x1002 }

09-02 17:49:23.400 11820 12165 I LSPosed-Bridge: 11820 PermLabel 10127; permName: android.permission.ACCESS_LOCATION_EXTRA_COMMANDS sendExtraCommand provider= gps; command=force_xtra_injection; extras=Bundle[{}]; res=null; stacktrace=java.lang.Exception

09-02 17:49:23.400 11820 12165 I LSPosed-Bridge: 	at com.example.permlabel.hookLocationExtra_test$1.afterHookedMethod(hookLocationExtra_test.java:43)

09-02 17:49:23.400 11820 12165 I LSPosed-Bridge: 	at de.robv.android.xposed.XposedBridge$AdditionalHookInfo.callback(Unknown Source:147)

09-02 17:49:23.400 11820 12165 I LSPosed-Bridge: 	at LSPHooker_.sendExtraCommand(Unknown Source:17)

09-02 17:49:23.400 11820 12165 I LSPosed-Bridge: 	at c.t.m.g.eo.e(TL:203)

09-02 17:49:23.400 11820 12165 I LSPosed-Bridge: 	at c.t.m.g.eo.a(TL:114)

09-02 17:49:23.400 11820 12165 I LSPosed-Bridge: 	at c.t.m.g.ep.e(TL:474)

09-02 17:49:23.400 11820 12165 I LSPosed-Bridge: 	at c.t.m.g.ep.a(TL:413)

09-02 17:49:23.400 11820 12165 I LSPosed-Bridge: 	at c.t.m.g.ep.a(TL:344)

09-02 17:49:23.400 11820 12165 I LSPosed-Bridge: 	at c.t.m.g.ep.b(TL:397)

09-02 17:49:23.400 11820 12165 I LSPosed-Bridge: 	at com.tencent.map.geolocation.proxy.TencentLocationManagerProxy.requestSingleFreshLocation(TL:180)

09-02 17:49:23.400 11820 12165 I LSPosed-Bridge: 	at java.lang.reflect.Method.invoke(Native Method)

09-02 17:49:23.400 11820 12165 I LSPosed-Bridge: 	at com.tencent.map.geolocation.TencentLocationManager.requestSingleFreshLocation(TCL:6)

09-02 17:49:23.400 11820 12165 I LSPosed-Bridge: 	at com.klook.location.internal.third.d.requestLocation(TencentLocationImpl.kt:4)

09-02 17:49:23.400 11820 12165 I LSPosed-Bridge: 	at com.klook.location.internal.LocationManager.requestLocation(LocationManager.kt:8)

09-02 17:49:23.400 11820 12165 I LSPosed-Bridge: 	at com.klooklib.service.a$b$a.invokeSuspend(LocService.kt:6)

09-02 17:49:23.400 11820 12165 I LSPosed-Bridge: 	at kotlin.coroutines.jvm.internal.a.resumeWith(ContinuationImpl.kt:4)

09-02 17:49:23.400 11820 12165 I LSPosed-Bridge: 	at kotlinx.coroutines.e1.run(DispatchedTask.kt:22)

09-02 17:49:23.400 11820 12165 I LSPosed-Bridge: 	at kotlinx.coroutines.scheduling.a.runSafely(CoroutineScheduler.kt:1)

09-02 17:49:23.400 11820 12165 I LSPosed-Bridge: 	at kotlinx.coroutines.scheduling.a$c.c(CoroutineScheduler.kt:4)

09-02 17:49:23.400 11820 12165 I LSPosed-Bridge: 	at kotlinx.coroutines.scheduling.a$c.i(CoroutineScheduler.kt:4)

09-02 17:49:23.400 11820 12165 I LSPosed-Bridge: 	at kotlinx.coroutines.scheduling.a$c.run(CoroutineScheduler.kt:1)

09-02 17:49:23.400  1568  7074 I LSPosed-Bridge: 11820 PermLabel 10127 AMS.checkPermission: Binder.getCallingPid() = 1900; uid = 10127; Binder.getCallingUid() = 1001; getNameForUid: android.uid.phone:1001; getPackagesForUid: [com.android.providers.telephony, com.qualcomm.qti.ims, com.android.mms.service, com.qti.confuridialer, com.qti.qualcomm.datastatusnotification, com.qti.qualcomm.deviceinfo, com.qualcomm.qti.networksetting, com.qualcomm.qti.telephonyservice, com.qualcomm.simcontacts, com.qualcomm.qti.autoregistration, com.qualcomm.qti.lpa, com.qualcomm.qti.uim, com.android.stk, com.android.phone, com.qti.xdivert, com.qualcomm.qti.callfeaturessetting, com.qualcomm.qcrilmsgtunnel, org.codeaurora.ims]; permName: android.permission.ACCESS_COARSE_LOCATION; type = 1; res = 0; stacktrace=java.lang.Exception

09-02 17:49:23.400  1568  7074 I LSPosed-Bridge: 	at com.example.permlabel.requirePerm$1$2.afterHookedMethod(requirePerm.java:130)

09-02 17:49:23.400  1568  7074 I LSPosed-Bridge: 	at de.robv.android.xposed.XposedBridge$AdditionalHookInfo.callback(Unknown Source:147)

09-02 17:49:23.400  1568  7074 I LSPosed-Bridge: 	at LSPHooker_.checkPermission(Unknown Source:25)

09-02 17:49:23.400  1568  7074 I LSPosed-Bridge: 	at android.app.IActivityManager$Stub.onTransact(IActivityManager.java:664)

09-02 17:49:23.400  1568  7074 I LSPosed-Bridge: 	at com.android.server.am.ActivityManagerService.onTransact(ActivityManagerService.java:3346)

09-02 17:49:23.400  1568  7074 I LSPosed-Bridge: 	at android.os.Binder.execTransact(Binder.java:731)

09-02 17:49:23.411 11820 12170 I LSPosed-Bridge: 11820 PermLabel 10127; permName: android.permission.ACCESS_COARSE_LOCATION; getAllCellInfo res = [CellInfoWcdma:{mRegistered=NO mTimeStampType=oem_ril mTimeStamp=172820125818ns mCellConnectionStatus=0 CellIdentityWcdma:{ mLac=2011 mCid=13219378 mPsc=149 mUarfcn=10638 mMcc=466 mMnc=89 mAlphaLong=T Star mAlphaShort=T Star} CellSignalStrengthWcdma: ss=17 ber=99}, CellInfoWcdma:{mRegistered=NO mTimeStampType=oem_ril mTimeStamp=172820125818ns mCellConnectionStatus=0 CellIdentityWcdma:{ mLac=2147483647 mCid=2147483647 mPsc=66 mUarfcn=10638 mMcc=null mMnc=null mAlphaLong= mAlphaShort=} CellSignalStrengthWcdma: ss=15 ber=99}, CellInfoWcdma:{mRegistered=NO mTimeStampType=oem_ril mTimeStamp=172820125818ns mCellConnectionStatus=0 CellIdentityWcdma:{ mLac=2147483647 mCid=2147483647 mPsc=46 mUarfcn=10638 mMcc=null mMnc=null mAlphaLong= mAlphaShort=} CellSignalStrengthWcdma: ss=13 ber=99}]; stacktrace=java.lang.Exception

09-02 17:49:23.411 11820 12170 I LSPosed-Bridge: 	at com.example.permlabel.hookLocationExtra_test$4.afterHookedMethod(hookLocationExtra_test.java:66)

09-02 17:49:23.411 11820 12170 I LSPosed-Bridge: 	at de.robv.android.xposed.XposedBridge$AdditionalHookInfo.callback(Unknown Source:147)

09-02 17:49:23.411 11820 12170 I LSPosed-Bridge: 	at LSPHooker_.getAllCellInfo(Unknown Source:8)

09-02 17:49:23.411 11820 12170 I LSPosed-Bridge: 	at c.t.m.g.fi.b(TL:156)

09-02 17:49:23.411 11820 12170 I LSPosed-Bridge: 	at c.t.m.g.er$a.a(TL:276)

09-02 17:49:23.411 11820 12170 I LSPosed-Bridge: 	at c.t.m.g.er$a.handleMessage(TL:248)

09-02 17:49:23.411 11820 12170 I LSPosed-Bridge: 	at android.os.Handler.dispatchMessage(Handler.java:106)

09-02 17:49:23.411 11820 12170 I LSPosed-Bridge: 	at android.os.Looper.loop(Looper.java:193)

09-02 17:49:23.411 11820 12170 I LSPosed-Bridge: 	at android.os.HandlerThread.run(HandlerThread.java:65)

09-02 17:49:23.411 11820 12079 I LSPosed-Bridge: 11820 PermLabel hookBinder_test 10127 interfaceBinder =android.content.pm.IPackageManager; arg0 = 55; arg1 = android.os.Parcel@8040411; arg2 = android.os.Parcel@9191976; arg3 = 0; res = true; stacktrace=java.lang.Exception

09-02 17:49:23.411 11820 12079 I LSPosed-Bridge: 	at com.example.permlabel.hookBinder_test$1.afterHookedMethod(hookBinder_test.java:55)

09-02 17:49:23.411 11820 12079 I LSPosed-Bridge: 	at de.robv.android.xposed.XposedBridge$AdditionalHookInfo.callback(Unknown Source:147)

09-02 17:49:23.411 11820 12079 I LSPosed-Bridge: 	at LSPHooker_.transact(Unknown Source:28)

09-02 17:49:23.411 11820 12079 I LSPosed-Bridge: 	at android.content.pm.IPackageManager$Stub$Proxy.resolveContentProvider(IPackageManager.java:4114)

09-02 17:49:23.411 11820 12079 I LSPosed-Bridge: 	at android.app.ApplicationPackageManager.resolveContentProviderAsUser(ApplicationPackageManager.java:1108)

09-02 17:49:23.411 11820 12079 I LSPosed-Bridge: 	at android.app.ApplicationPackageManager.resolveContentProvider(ApplicationPackageManager.java:1101)

09-02 17:49:23.411 11820 12079 I LSPosed-Bridge: 	at com.facebook.internal.AttributionIdentifiers$Companion.getAttributionIdentifiers(AttributionIdentifiers.kt:6)

09-02 17:49:23.411 11820 12079 I LSPosed-Bridge: 	at com.facebook.internal.AttributionIdentifiers.getAttributionIdentifiers(Unknown Source:2)

09-02 17:49:23.411 11820 12079 I LSPosed-Bridge: 	at com.facebook.applinks.AppLinkData.fetchDeferredAppLinkFromServer(AppLinkData.java:3)

09-02 17:49:23.411 11820 12079 I LSPosed-Bridge: 	at com.facebook.applinks.AppLinkData.access$000(AppLinkData.java:1)

09-02 17:49:23.411 11820 12079 I LSPosed-Bridge: 	at com.facebook.applinks.AppLinkData$1.run(AppLinkData.java:1)

09-02 17:49:23.411 11820 12079 I LSPosed-Bridge: 	at java.util.concurrent.ThreadPoolExecutor.runWorker(ThreadPoolExecutor.java:1167)

09-02 17:49:23.411 11820 12079 I LSPosed-Bridge: 	at java.util.concurrent.ThreadPoolExecutor$Worker.run(ThreadPoolExecutor.java:641)

09-02 17:49:23.411 11820 12079 I LSPosed-Bridge: 	at java.lang.Thread.run(Thread.java:764)

09-02 17:49:23.414 11820 12134 I LSPosed-Bridge: 11820 PermLabel hookBinder_test 10127 interfaceBinder =com.google.android.gms.ads.identifier.internal.IAdvertisingIdService; arg0 = 2; arg1 = android.os.Parcel@3e6b067; arg2 = android.os.Parcel@9a2ae14; arg3 = 0; res = true; stacktrace=java.lang.Exception

09-02 17:49:23.414 11820 12134 I LSPosed-Bridge: 	at com.example.permlabel.hookBinder_test$1.afterHookedMethod(hookBinder_test.java:55)

09-02 17:49:23.414 11820 12134 I LSPosed-Bridge: 	at de.robv.android.xposed.XposedBridge$AdditionalHookInfo.callback(Unknown Source:147)

09-02 17:49:23.414 11820 12134 I LSPosed-Bridge: 	at LSPHooker_.transact(Unknown Source:28)

09-02 17:49:23.414 11820 12134 I LSPosed-Bridge: 	at com.google.android.gms.internal.ads_identifier.zza.zzb(com.google.android.gms:play-services-ads-identifier@@17.1.0:2)

09-02 17:49:23.414 11820 12134 I LSPosed-Bridge: 	at com.google.android.gms.internal.ads_identifier.zzd.zze(com.google.android.gms:play-services-ads-identifier@@17.1.0:3)

09-02 17:49:23.414 11820 12134 I LSPosed-Bridge: 	at com.google.android.gms.ads.identifier.AdvertisingIdClient.zzd(com.google.android.gms:play-services-ads-identifier@@17.1.0:16)

09-02 17:49:23.414 11820 12134 I LSPosed-Bridge: 	at com.google.android.gms.ads.identifier.AdvertisingIdClient.getAdvertisingIdInfo(com.google.android.gms:play-services-ads-identifier@@17.1.0:4)

09-02 17:49:23.414 11820 12134 I LSPosed-Bridge: 	at com.appsflyer.internal.ab.valueOf(:6)

09-02 17:49:23.414 11820 12134 I LSPosed-Bridge: 	at com.appsflyer.internal.ae.values(:50)

09-02 17:49:23.414 11820 12134 I LSPosed-Bridge: 	at com.appsflyer.internal.ae.AFKeystoreWrapper(:226)

09-02 17:49:23.414 11820 12134 I LSPosed-Bridge: 	at com.appsflyer.internal.ae$c.run(:1)

09-02 17:49:23.414 11820 12134 I LSPosed-Bridge: 	at java.util.concurrent.Executors$RunnableAdapter.call(Executors.java:458)

09-02 17:49:23.414 11820 12134 I LSPosed-Bridge: 	at java.util.concurrent.FutureTask.run(FutureTask.java:266)

09-02 17:49:23.414 11820 12134 I LSPosed-Bridge: 	at java.util.concurrent.ScheduledThreadPoolExecutor$ScheduledFutureTask.run(ScheduledThreadPoolExecutor.java:301)

09-02 17:49:23.414 11820 12134 I LSPosed-Bridge: 	at java.util.concurrent.ThreadPoolExecutor.runWorker(ThreadPoolExecutor.java:1167)

09-02 17:49:23.414 11820 12134 I LSPosed-Bridge: 	at java.util.concurrent.ThreadPoolExecutor$Worker.run(ThreadPoolExecutor.java:641)

09-02 17:49:23.414 11820 12134 I LSPosed-Bridge: 	at com.appsflyer.internal.k$1$5.run(:2)

09-02 17:49:23.414 11820 12134 I LSPosed-Bridge: 	at java.lang.Thread.run(Thread.java:764)

09-02 17:49:23.414 11820 12171 E MMKV    : java.lang.NullPointerException: Parameter specified as non-null is null: method kotlin.jvm.internal.a0.checkNotNullParameter, parameter value

09-02 17:49:23.414 11820 12079 I LSPosed-Bridge: 11820 PermLabel hookBinder_test 10127 interfaceBinder =android.content.pm.IPackageManager; arg0 = 55; arg1 = android.os.Parcel@9191976; arg2 = android.os.Parcel@8040411; arg3 = 0; res = true; stacktrace=java.lang.Exception

09-02 17:49:23.414 11820 12079 I LSPosed-Bridge: 	at com.example.permlabel.hookBinder_test$1.afterHookedMethod(hookBinder_test.java:55)

09-02 17:49:23.414 11820 12079 I LSPosed-Bridge: 	at de.robv.android.xposed.XposedBridge$AdditionalHookInfo.callback(Unknown Source:147)

09-02 17:49:23.414 11820 12079 I LSPosed-Bridge: 	at LSPHooker_.transact(Unknown Source:28)

09-02 17:49:23.414 11820 12079 I LSPosed-Bridge: 	at android.content.pm.IPackageManager$Stub$Proxy.resolveContentProvider(IPackageManager.java:4114)

09-02 17:49:23.414 11820 12079 I LSPosed-Bridge: 	at android.app.ApplicationPackageManager.resolveContentProviderAsUser(ApplicationPackageManager.java:1108)

09-02 17:49:23.414 11820 12079 I LSPosed-Bridge: 	at android.app.ApplicationPackageManager.resolveContentProvider(ApplicationPackageManager.java:1101)

09-02 17:49:23.414 11820 12079 I LSPosed-Bridge: 	at com.facebook.internal.AttributionIdentifiers$Companion.getAttributionIdentifiers(AttributionIdentifiers.kt:7)

09-02 17:49:23.414 11820 12079 I LSPosed-Bridge: 	at com.facebook.internal.AttributionIdentifiers.getAttributionIdentifiers(Unknown Source:2)

09-02 17:49:23.414 11820 12079 I LSPosed-Bridge: 	at com.facebook.applinks.AppLinkData.fetchDeferredAppLinkFromServer(AppLinkData.java:3)

09-02 17:49:23.414 11820 12079 I LSPosed-Bridge: 	at com.facebook.applinks.AppLinkData.access$000(AppLinkData.java:1)

09-02 17:49:23.414 11820 12079 I LSPosed-Bridge: 	at com.facebook.applinks.AppLinkData$1.run(AppLinkData.java:1)

09-02 17:49:23.414 11820 12079 I LSPosed-Bridge: 	at java.util.concurrent.ThreadPoolExecutor.runWorker(ThreadPoolExecutor.java:1167)

09-02 17:49:23.414 11820 12079 I LSPosed-Bridge: 	at java.util.concurrent.ThreadPoolExecutor$Worker.run(ThreadPoolExecutor.java:641)

09-02 17:49:23.414 11820 12079 I LSPosed-Bridge: 	at java.lang.Thread.run(Thread.java:764)

09-02 17:49:23.414  1568  7020 I LSPosed-Bridge: 11820 PermLabel 10127 AMS.checkPermission: Binder.getCallingPid() = 1900; uid = 10127; Binder.getCallingUid() = 1001; getNameForUid: android.uid.phone:1001; getPackagesForUid: [com.android.providers.telephony, com.qualcomm.qti.ims, com.android.mms.service, com.qti.confuridialer, com.qti.qualcomm.datastatusnotification, com.qti.qualcomm.deviceinfo, com.qualcomm.qti.networksetting, com.qualcomm.qti.telephonyservice, com.qualcomm.simcontacts, com.qualcomm.qti.autoregistration, com.qualcomm.qti.lpa, com.qualcomm.qti.uim, com.android.stk, com.android.phone, com.qti.xdivert, com.qualcomm.qti.callfeaturessetting, com.qualcomm.qcrilmsgtunnel, org.codeaurora.ims]; permName: android.permission.ACCESS_COARSE_LOCATION; type = 1; res = 0; stacktrace=java.lang.Exception

09-02 17:49:23.414  1568  7020 I LSPosed-Bridge: 	at com.example.permlabel.requirePerm$1$2.afterHookedMethod(requirePerm.java:130)

09-02 17:49:23.414  1568  7020 I LSPosed-Bridge: 	at de.robv.android.xposed.XposedBridge$AdditionalHookInfo.callback(Unknown Source:147)

09-02 17:49:23.414  1568  7020 I LSPosed-Bridge: 	at LSPHooker_.checkPermission(Unknown Source:25)

09-02 17:49:23.414  1568  7020 I LSPosed-Bridge: 	at android.app.IActivityManager$Stub.onTransact(IActivityManager.java:664)

09-02 17:49:23.414  1568  7020 I LSPosed-Bridge: 	at com.android.server.am.ActivityManagerService.onTransact(ActivityManagerService.java:3346)

09-02 17:49:23.414  1568  7020 I LSPosed-Bridge: 	at android.os.Binder.execTransact(Binder.java:731)

09-02 17:49:23.414 11820 12171 E MMKV    : java.lang.NullPointerException: Parameter specified as non-null is null: method kotlin.jvm.internal.a0.checkNotNullParameter, parameter simulateIp

09-02 17:49:23.437 11820 12079 I LSPosed-Bridge: 11820 PermLabel hookBinder_test 10127 interfaceBinder =android.content.pm.IPackageManager; arg0 = 65; arg1 = android.os.Parcel@9191976; arg2 = android.os.Parcel@8040411; arg3 = 0; res = true; stacktrace=java.lang.Exception

09-02 17:49:23.437 11820 12079 I LSPosed-Bridge: 	at com.example.permlabel.hookBinder_test$1.afterHookedMethod(hookBinder_test.java:55)

09-02 17:49:23.437 11820 12079 I LSPosed-Bridge: 	at de.robv.android.xposed.XposedBridge$AdditionalHookInfo.callback(Unknown Source:147)

09-02 17:49:23.437 11820 12079 I LSPosed-Bridge: 	at LSPHooker_.transact(Unknown Source:28)

09-02 17:49:23.437 11820 12079 I LSPosed-Bridge: 	at android.content.pm.IPackageManager$Stub$Proxy.getInstallerPackageName(IPackageManager.java:4344)

09-02 17:49:23.437 11820 12079 I LSPosed-Bridge: 	at android.app.ApplicationPackageManager.getInstallerPackageName(ApplicationPackageManager.java:1873)

09-02 17:49:23.437 11820 12079 I LSPosed-Bridge: 	at com.facebook.internal.AttributionIdentifiers$Companion.getInstallerPackageName(AttributionIdentifiers.kt:2)

09-02 17:49:23.437 11820 12079 I LSPosed-Bridge: 	at com.facebook.internal.AttributionIdentifiers$Companion.getAttributionIdentifiers(AttributionIdentifiers.kt:12)

09-02 17:49:23.437 11820 12079 I LSPosed-Bridge: 	at com.facebook.internal.AttributionIdentifiers.getAttributionIdentifiers(Unknown Source:2)

09-02 17:49:23.437 11820 12079 I LSPosed-Bridge: 	at com.facebook.applinks.AppLinkData.fetchDeferredAppLinkFromServer(AppLinkData.java:3)

09-02 17:49:23.437 11820 12079 I LSPosed-Bridge: 	at com.facebook.applinks.AppLinkData.access$000(AppLinkData.java:1)

09-02 17:49:23.437 11820 12079 I LSPosed-Bridge: 	at com.facebook.applinks.AppLinkData$1.run(AppLinkData.java:1)

09-02 17:49:23.437 11820 12079 I LSPosed-Bridge: 	at java.util.concurrent.ThreadPoolExecutor.runWorker(ThreadPoolExecutor.java:1167)

09-02 17:49:23.437 11820 12079 I LSPosed-Bridge: 	at java.util.concurrent.ThreadPoolExecutor$Worker.run(ThreadPoolExecutor.java:641)

09-02 17:49:23.437 11820 12079 I LSPosed-Bridge: 	at java.lang.Thread.run(Thread.java:764)

09-02 17:49:23.437 11820 12170 I LSPosed-Bridge: 11820 PermLabel 10127; permName: android.permission.ACCESS_COARSE_LOCATION; getCellLocation res = null; stacktrace=java.lang.Exception

09-02 17:49:23.437 11820 12170 I LSPosed-Bridge: 	at com.example.permlabel.hookLocationExtra_test$3.afterHookedMethod(hookLocationExtra_test.java:59)

09-02 17:49:23.437 11820 12170 I LSPosed-Bridge: 	at de.robv.android.xposed.XposedBridge$AdditionalHookInfo.callback(Unknown Source:147)

09-02 17:49:23.437 11820 12170 I LSPosed-Bridge: 	at LSPHooker_.getCellLocation(Unknown Source:8)

09-02 17:49:23.437 11820 12170 I LSPosed-Bridge: 	at c.t.m.g.fi.a(TL:95)

09-02 17:49:23.437 11820 12170 I LSPosed-Bridge: 	at c.t.m.g.er$a.a(TL:285)

09-02 17:49:23.437 11820 12170 I LSPosed-Bridge: 	at c.t.m.g.er$a.handleMessage(TL:248)

09-02 17:49:23.437 11820 12170 I LSPosed-Bridge: 	at android.os.Handler.dispatchMessage(Handler.java:106)

09-02 17:49:23.437 11820 12170 I LSPosed-Bridge: 	at android.os.Looper.loop(Looper.java:193)

09-02 17:49:23.437 11820 12170 I LSPosed-Bridge: 	at android.os.HandlerThread.run(HandlerThread.java:65)

09-02 17:49:23.603 11820 11820 I LSPosed-Bridge: 11820 PermLabel hookBinder_test 10127 interfaceBinder =android.content.pm.IPackageManager; arg0 = 9; arg1 = android.os.Parcel@3508d39; arg2 = android.os.Parcel@b77195d; arg3 = 0; res = true; stacktrace=java.lang.Exception

09-02 17:49:23.603 11820 11820 I LSPosed-Bridge: 	at com.example.permlabel.hookBinder_test$1.afterHookedMethod(hookBinder_test.java:55)

09-02 17:49:23.603 11820 11820 I LSPosed-Bridge: 	at de.robv.android.xposed.XposedBridge$AdditionalHookInfo.callback(Unknown Source:147)

09-02 17:49:23.603 11820 11820 I LSPosed-Bridge: 	at LSPHooker_.transact(Unknown Source:28)

09-02 17:49:23.603 11820 11820 I LSPosed-Bridge: 	at android.content.pm.IPackageManager$Stub$Proxy.getPermissionInfo(IPackageManager.java:3008)

09-02 17:49:23.603 11820 11820 I LSPosed-Bridge: 	at android.app.ApplicationPackageManager.getPermissionInfo(ApplicationPackageManager.java:306)

09-02 17:49:23.603 11820 11820 I LSPosed-Bridge: 	at com.example.permlabel.requestPerm$2.afterHookedMethod(requestPerm.java:176)

09-02 17:49:23.603 11820 11820 I LSPosed-Bridge: 	at de.robv.android.xposed.XposedBridge$AdditionalHookInfo.callback(Unknown Source:147)

09-02 17:49:23.603 11820 11820 I LSPosed-Bridge: 	at LSPHooker_.checkPermission(Unknown Source:25)

09-02 17:49:23.603 11820 11820 I LSPosed-Bridge: 	at android.content.ContextWrapper.checkPermission(ContextWrapper.java:738)

09-02 17:49:23.603 11820 11820 I LSPosed-Bridge: 	at androidx.core.content.ContextCompat.checkSelfPermission(ContextCompat.java:2)

09-02 17:49:23.603 11820 11820 I LSPosed-Bridge: 	at com.klook.location.internal.third.c.a(NativeLocationImpl.kt:2)

09-02 17:49:23.603 11820 11820 I LSPosed-Bridge: 	at com.klook.location.internal.third.c.removeLocationUpdate(NativeLocationImpl.kt:1)

09-02 17:49:23.603 11820 11820 I LSPosed-Bridge: 	at com.klook.location.internal.LocationManager$b.onSuccessHoldEvent(LocationManager.kt:3)

09-02 17:49:23.603 11820 11820 I LSPosed-Bridge: 	at com.klook.location.internal.a.onLocationChanged(CallBackWrapper.kt:4)

09-02 17:49:23.603 11820 11820 I LSPosed-Bridge: 	at com.klook.location.internal.third.b.d(GoogleLocationImpl.kt:4)

09-02 17:49:23.603 11820 11820 I LSPosed-Bridge: 	at com.klook.location.internal.third.b.b(GoogleLocationImpl.kt:2)

09-02 17:49:23.603 11820 11820 I LSPosed-Bridge: 	at com.klook.location.internal.third.b.a(Unknown Source:0)

09-02 17:49:23.603 11820 11820 I LSPosed-Bridge: 	at com.klook.location.internal.third.a.onComplete(Unknown Source:6)

09-02 17:49:23.603 11820 11820 I LSPosed-Bridge: 	at com.google.android.gms.tasks.zzi.run(com.google.android.gms:play-services-tasks@@18.0.1:1)

09-02 17:49:23.603 11820 11820 I LSPosed-Bridge: 	at android.os.Handler.handleCallback(Handler.java:873)

09-02 17:49:23.603 11820 11820 I LSPosed-Bridge: 	at android.os.Handler.dispatchMessage(Handler.java:99)

09-02 17:49:23.603 11820 11820 I LSPosed-Bridge: 	at android.os.Looper.loop(Looper.java:193)

09-02 17:49:23.603 11820 11820 I LSPosed-Bridge: 	at android.app.ActivityThread.main(ActivityThread.java:6692)

09-02 17:49:23.603 11820 11820 I LSPosed-Bridge: 	at java.lang.reflect.Method.invoke(Native Method)

09-02 17:49:23.603 11820 11820 I LSPosed-Bridge: 	at com.android.internal.os.RuntimeInit$MethodAndArgsCaller.run(RuntimeInit.java:493)

09-02 17:49:23.603 11820 11820 I LSPosed-Bridge: 	at com.android.internal.os.ZygoteInit.main(ZygoteInit.java:858)

