09-02 17:47:28.009  5877  6404 I LSPosed-Bridge: 	at c.t.m.g.ek.c(TL:247)

09-02 17:47:28.009  5877  6404 I LSPosed-Bridge: 	at c.t.m.g.ek.c(TL:32)

09-02 17:47:28.009  5877  6404 I LSPosed-Bridge: 	at c.t.m.g.ek$a.handleMessage(TL:1123)

09-02 17:47:28.009  5877  6404 I LSPosed-Bridge: 	at android.os.Handler.dispatchMessage(Handler.java:106)

09-02 17:47:28.009  5877  6404 I LSPosed-Bridge: 	at android.os.Looper.loop(Looper.java:193)

09-02 17:47:28.009  5877  6404 I LSPosed-Bridge: 	at android.os.HandlerThread.run(HandlerThread.java:65)

09-02 17:47:28.063  1568  4597 I LSPosed-Bridge: 5877 PermLabel 10127 AMS.checkPermission: Binder.getCallingPid() = 1900; uid = 10127; Binder.getCallingUid() = 1001; getNameForUid: android.uid.phone:1001; getPackagesForUid: [com.android.providers.telephony, com.qualcomm.qti.ims, com.android.mms.service, com.qti.confuridialer, com.qti.qualcomm.datastatusnotification, com.qti.qualcomm.deviceinfo, com.qualcomm.qti.networksetting, com.qualcomm.qti.telephonyservice, com.qualcomm.simcontacts, com.qualcomm.qti.autoregistration, com.qualcomm.qti.lpa, com.qualcomm.qti.uim, com.android.stk, com.android.phone, com.qti.xdivert, com.qualcomm.qti.callfeaturessetting, com.qualcomm.qcrilmsgtunnel, org.codeaurora.ims]; permName: android.permission.ACCESS_COARSE_LOCATION; type = 1; res = -1; stacktrace=java.lang.Exception

09-02 17:47:28.063  1568  4597 I LSPosed-Bridge: 	at com.example.permlabel.requirePerm$1$2.afterHookedMethod(requirePerm.java:130)

09-02 17:47:28.063  1568  4597 I LSPosed-Bridge: 	at de.robv.android.xposed.XposedBridge$AdditionalHookInfo.callback(Unknown Source:147)

09-02 17:47:28.063  1568  4597 I LSPosed-Bridge: 	at LSPHooker_.checkPermission(Unknown Source:25)

09-02 17:47:28.063  1568  4597 I LSPosed-Bridge: 	at android.app.IActivityManager$Stub.onTransact(IActivityManager.java:664)

09-02 17:47:28.063  1568  4597 I LSPosed-Bridge: 	at com.android.server.am.ActivityManagerService.onTransact(ActivityManagerService.java:3346)

09-02 17:47:28.063  1568  4597 I LSPosed-Bridge: 	at android.os.Binder.execTransact(Binder.java:731)

09-02 17:47:28.066  5877  6404 I LSPosed-Bridge: 5877 PermLabel 10127; permName: android.permission.ACCESS_COARSE_LOCATION; getCellLocation res = null; stacktrace=java.lang.Exception

09-02 17:47:28.066  5877  6404 I LSPosed-Bridge: 	at com.example.permlabel.hookLocationExtra_test$3.afterHookedMethod(hookLocationExtra_test.java:59)

09-02 17:47:28.066  5877  6404 I LSPosed-Bridge: 	at de.robv.android.xposed.XposedBridge$AdditionalHookInfo.callback(Unknown Source:147)

09-02 17:47:28.066  5877  6404 I LSPosed-Bridge: 	at LSPHooker_.getCellLocation(Unknown Source:8)

09-02 17:47:28.066  5877  6404 I LSPosed-Bridge: 	at c.t.m.g.fi.a(TL:95)

09-02 17:47:28.066  5877  6404 I LSPosed-Bridge: 	at c.t.m.g.ep.n(TL:50278)

09-02 17:47:28.066  5877  6404 I LSPosed-Bridge: 	at c.t.m.g.ep$a.handleMessage(TL:1379)

09-02 17:47:28.066  5877  6404 I LSPosed-Bridge: 	at android.os.Handler.dispatchMessage(Handler.java:106)

09-02 17:47:28.066  5877  6404 I LSPosed-Bridge: 	at android.os.Looper.loop(Looper.java:193)

09-02 17:47:28.066  5877  6404 I LSPosed-Bridge: 	at android.os.HandlerThread.run(HandlerThread.java:65)

09-02 17:47:28.066  5877  5877 I LSPosed-Bridge: 5877 PermLabel hookBinder_test 10127 interfaceBinder =android.view.IWindowSession; arg0 = 6; arg1 = android.os.Parcel@1918706; arg2 = android.os.Parcel@ea470d8; arg3 = 0; res = true; stacktrace=java.lang.Exception

09-02 17:47:28.066  5877  5877 I LSPosed-Bridge: 	at com.example.permlabel.hookBinder_test$1.afterHookedMethod(hookBinder_test.java:55)

09-02 17:47:28.066  5877  5877 I LSPosed-Bridge: 	at de.robv.android.xposed.XposedBridge$AdditionalHookInfo.callback(Unknown Source:147)

09-02 17:47:28.066  5877  5877 I LSPosed-Bridge: 	at LSPHooker_.transact(Unknown Source:28)

09-02 17:47:28.066  5877  5877 I LSPosed-Bridge: 	at android.view.IWindowSession$Stub$Proxy.relayout(IWindowSession.java:956)

09-02 17:47:28.066  5877  5877 I LSPosed-Bridge: 	at android.view.ViewRootImpl.relayoutWindow(ViewRootImpl.java:6568)

09-02 17:47:28.066  5877  5877 I LSPosed-Bridge: 	at android.view.ViewRootImpl.performTraversals(ViewRootImpl.java:2001)

09-02 17:47:28.066  5877  5877 I LSPosed-Bridge: 	at android.view.ViewRootImpl.doTraversal(ViewRootImpl.java:1465)

09-02 17:47:28.066  5877  5877 I LSPosed-Bridge: 	at android.view.ViewRootImpl$TraversalRunnable.run(ViewRootImpl.java:7205)

09-02 17:47:28.066  5877  5877 I LSPosed-Bridge: 	at android.view.Choreographer$CallbackRecord.run(Choreographer.java:1004)

09-02 17:47:28.066  5877  5877 I LSPosed-Bridge: 	at android.view.Choreographer.doCallbacks(Choreographer.java:816)

09-02 17:47:28.066  5877  5877 I LSPosed-Bridge: 	at android.view.Choreographer.doFrame(Choreographer.java:751)

09-02 17:47:28.066  5877  5877 I LSPosed-Bridge: 	at android.view.Choreographer$FrameDisplayEventReceiver.run(Choreographer.java:990)

09-02 17:47:28.066  5877  5877 I LSPosed-Bridge: 	at android.os.Handler.handleCallback(Handler.java:873)

09-02 17:47:28.066  5877  5877 I LSPosed-Bridge: 	at android.os.Handler.dispatchMessage(Handler.java:99)

09-02 17:47:28.066  5877  5877 I LSPosed-Bridge: 	at android.os.Looper.loop(Looper.java:193)

09-02 17:47:28.066  5877  5877 I LSPosed-Bridge: 	at android.app.ActivityThread.main(ActivityThread.java:6692)

09-02 17:47:28.066  5877  5877 I LSPosed-Bridge: 	at java.lang.reflect.Method.invoke(Native Method)

09-02 17:47:28.066  5877  5877 I LSPosed-Bridge: 	at com.android.internal.os.RuntimeInit$MethodAndArgsCaller.run(RuntimeInit.java:493)

09-02 17:47:28.066  5877  5877 I LSPosed-Bridge: 	at com.android.internal.os.ZygoteInit.main(ZygoteInit.java:858)

09-02 17:47:28.488  1568  4597 I LSPosed-Bridge: 5877 PermLabel 10127 AMS.checkPermission: Binder.getCallingPid() = 1900; uid = 10127; Binder.getCallingUid() = 1001; getNameForUid: android.uid.phone:1001; getPackagesForUid: [com.android.providers.telephony, com.qualcomm.qti.ims, com.android.mms.service, com.qti.confuridialer, com.qti.qualcomm.datastatusnotification, com.qti.qualcomm.deviceinfo, com.qualcomm.qti.networksetting, com.qualcomm.qti.telephonyservice, com.qualcomm.simcontacts, com.qualcomm.qti.autoregistration, com.qualcomm.qti.lpa, com.qualcomm.qti.uim, com.android.stk, com.android.phone, com.qti.xdivert, com.qualcomm.qti.callfeaturessetting, com.qualcomm.qcrilmsgtunnel, org.codeaurora.ims]; permName: android.permission.ACCESS_COARSE_LOCATION; type = 1; res = -1; stacktrace=java.lang.Exception

09-02 17:47:28.488  1568  4597 I LSPosed-Bridge: 	at com.example.permlabel.requirePerm$1$2.afterHookedMethod(requirePerm.java:130)

09-02 17:47:28.488  1568  4597 I LSPosed-Bridge: 	at de.robv.android.xposed.XposedBridge$AdditionalHookInfo.callback(Unknown Source:147)

09-02 17:47:28.488  1568  4597 I LSPosed-Bridge: 	at LSPHooker_.checkPermission(Unknown Source:25)

09-02 17:47:28.488  1568  4597 I LSPosed-Bridge: 	at android.app.IActivityManager$Stub.onTransact(IActivityManager.java:664)

09-02 17:47:28.488  1568  4597 I LSPosed-Bridge: 	at com.android.server.am.ActivityManagerService.onTransact(ActivityManagerService.java:3346)

09-02 17:47:28.488  1568  4597 I LSPosed-Bridge: 	at android.os.Binder.execTransact(Binder.java:731)

09-02 17:47:28.508  5877  6464 I LSPosed-Bridge: 5877 PermLabel hookBinder_test 10127 interfaceBinder =com.android.internal.telephony.ITelephony; arg0 = 82; arg1 = android.os.Parcel@d319f33; arg2 = android.os.Parcel@1918706; arg3 = 0; res = true; stacktrace=java.lang.Exception

09-02 17:47:28.508  5877  6464 I LSPosed-Bridge: 	at com.example.permlabel.hookBinder_test$1.afterHookedMethod(hookBinder_test.java:55)

09-02 17:47:28.508  5877  6464 I LSPosed-Bridge: 	at de.robv.android.xposed.XposedBridge$AdditionalHookInfo.callback(Unknown Source:147)

09-02 17:47:28.508  5877  6464 I LSPosed-Bridge: 	at LSPHooker_.transact(Unknown Source:28)

09-02 17:47:28.508  5877  6464 I LSPosed-Bridge: 	at com.android.internal.telephony.ITelephony$Stub$Proxy.getAllCellInfo(ITelephony.java:3940)

09-02 17:47:28.508  5877  6464 I LSPosed-Bridge: 	at android.telephony.TelephonyManager.getAllCellInfo(TelephonyManager.java:4406)

09-02 17:47:28.508  5877  6464 I LSPosed-Bridge: 	at java.lang.reflect.Method.invoke(Native Method)

09-02 17:47:28.508  5877  6464 I LSPosed-Bridge: 	at org.lsposed.lspd.nativebridge.HookBridge.invokeOriginalMethod(Native Method)

09-02 17:47:28.508  5877  6464 I LSPosed-Bridge: 	at de.robv.android.xposed.XposedBridge$AdditionalHookInfo.callback(Unknown Source:110)

09-02 17:47:28.508  5877  6464 I LSPosed-Bridge: 	at LSPHooker_.getAllCellInfo(Unknown Source:8)

09-02 17:47:28.508  5877  6464 I LSPosed-Bridge: 	at c.t.m.g.fi.b(TL:156)

09-02 17:47:28.508  5877  6464 I LSPosed-Bridge: 	at c.t.m.g.er$a.a(TL:276)

09-02 17:47:28.508  5877  6464 I LSPosed-Bridge: 	at c.t.m.g.er$a.handleMessage(TL:267)

09-02 17:47:28.508  5877  6464 I LSPosed-Bridge: 	at android.os.Handler.dispatchMessage(Handler.java:106)

09-02 17:47:28.508  5877  6464 I LSPosed-Bridge: 	at android.os.Looper.loop(Looper.java:193)

09-02 17:47:28.508  5877  6464 I LSPosed-Bridge: 	at android.os.HandlerThread.run(HandlerThread.java:65)

09-02 17:47:28.508  5877  6464 I LSPosed-Bridge: 5877 PermLabel 10127; permName: android.permission.ACCESS_COARSE_LOCATION; getAllCellInfo res = null; stacktrace=java.lang.Exception

09-02 17:47:28.508  5877  6464 I LSPosed-Bridge: 	at com.example.permlabel.hookLocationExtra_test$4.afterHookedMethod(hookLocationExtra_test.java:66)

09-02 17:47:28.508  5877  6464 I LSPosed-Bridge: 	at de.robv.android.xposed.XposedBridge$AdditionalHookInfo.callback(Unknown Source:147)

09-02 17:47:28.508  5877  6464 I LSPosed-Bridge: 	at LSPHooker_.getAllCellInfo(Unknown Source:8)

09-02 17:47:28.508  5877  6464 I LSPosed-Bridge: 	at c.t.m.g.fi.b(TL:156)

09-02 17:47:28.508  5877  6464 I LSPosed-Bridge: 	at c.t.m.g.er$a.a(TL:276)

09-02 17:47:28.508  5877  6464 I LSPosed-Bridge: 	at c.t.m.g.er$a.handleMessage(TL:267)

09-02 17:47:28.508  5877  6464 I LSPosed-Bridge: 	at android.os.Handler.dispatchMessage(Handler.java:106)

09-02 17:47:28.508  5877  6464 I LSPosed-Bridge: 	at android.os.Looper.loop(Looper.java:193)

09-02 17:47:28.508  5877  6464 I LSPosed-Bridge: 	at android.os.HandlerThread.run(HandlerThread.java:65)

09-02 17:47:28.521  1568  2537 I LSPosed-Bridge: 5877 PermLabel 10127 AMS.checkPermission: Binder.getCallingPid() = 1900; uid = 10127; Binder.getCallingUid() = 1001; getNameForUid: android.uid.phone:1001; getPackagesForUid: [com.android.providers.telephony, com.qualcomm.qti.ims, com.android.mms.service, com.qti.confuridialer, com.qti.qualcomm.datastatusnotification, com.qti.qualcomm.deviceinfo, com.qualcomm.qti.networksetting, com.qualcomm.qti.telephonyservice, com.qualcomm.simcontacts, com.qualcomm.qti.autoregistration, com.qualcomm.qti.lpa, com.qualcomm.qti.uim, com.android.stk, com.android.phone, com.qti.xdivert, com.qualcomm.qti.callfeaturessetting, com.qualcomm.qcrilmsgtunnel, org.codeaurora.ims]; permName: android.permission.ACCESS_COARSE_LOCATION; type = 1; res = -1; stacktrace=java.lang.Exception

09-02 17:47:28.521  1568  2537 I LSPosed-Bridge: 	at com.example.permlabel.requirePerm$1$2.afterHookedMethod(requirePerm.java:130)

09-02 17:47:28.521  1568  2537 I LSPosed-Bridge: 	at de.robv.android.xposed.XposedBridge$AdditionalHookInfo.callback(Unknown Source:147)

09-02 17:47:28.521  1568  2537 I LSPosed-Bridge: 	at LSPHooker_.checkPermission(Unknown Source:25)

09-02 17:47:28.521  1568  2537 I LSPosed-Bridge: 	at android.app.IActivityManager$Stub.onTransact(IActivityManager.java:664)

09-02 17:47:28.521  1568  2537 I LSPosed-Bridge: 	at com.android.server.am.ActivityManagerService.onTransact(ActivityManagerService.java:3346)

09-02 17:47:28.521  1568  2537 I LSPosed-Bridge: 	at android.os.Binder.execTransact(Binder.java:731)

09-02 17:47:28.523  5877  6464 I LSPosed-Bridge: 5877 PermLabel hookBinder_test 10127 interfaceBinder =com.android.internal.telephony.ITelephony; arg0 = 41; arg1 = android.os.Parcel@d319f33; arg2 = android.os.Parcel@1918706; arg3 = 0; res = true; stacktrace=java.lang.Exception

09-02 17:47:28.523  5877  6464 I LSPosed-Bridge: 	at com.example.permlabel.hookBinder_test$1.afterHookedMethod(hookBinder_test.java:55)

09-02 17:47:28.523  5877  6464 I LSPosed-Bridge: 	at de.robv.android.xposed.XposedBridge$AdditionalHookInfo.callback(Unknown Source:147)

09-02 17:47:28.523  5877  6464 I LSPosed-Bridge: 	at LSPHooker_.transact(Unknown Source:28)

09-02 17:47:28.523  5877  6464 I LSPosed-Bridge: 	at com.android.internal.telephony.ITelephony$Stub$Proxy.getCellLocation(ITelephony.java:3128)

09-02 17:47:28.523  5877  6464 I LSPosed-Bridge: 	at android.telephony.TelephonyManager.getCellLocation(TelephonyManager.java:1401)

09-02 17:47:28.523  5877  6464 I LSPosed-Bridge: 	at java.lang.reflect.Method.invoke(Native Method)

09-02 17:47:28.523  5877  6464 I LSPosed-Bridge: 	at org.lsposed.lspd.nativebridge.HookBridge.invokeOriginalMethod(Native Method)

09-02 17:47:28.523  5877  6464 I LSPosed-Bridge: 	at de.robv.android.xposed.XposedBridge$AdditionalHookInfo.callback(Unknown Source:110)

09-02 17:47:28.523  5877  6464 I LSPosed-Bridge: 	at LSPHooker_.getCellLocation(Unknown Source:8)

09-02 17:47:28.523  5877  6464 I LSPosed-Bridge: 	at c.t.m.g.fi.a(TL:95)

09-02 17:47:28.523  5877  6464 I LSPosed-Bridge: 	at c.t.m.g.er$a.a(TL:285)

09-02 17:47:28.523  5877  6464 I LSPosed-Bridge: 	at c.t.m.g.er$a.handleMessage(TL:267)

09-02 17:47:28.523  5877  6464 I LSPosed-Bridge: 	at android.os.Handler.dispatchMessage(Handler.java:106)

09-02 17:47:28.523  5877  6464 I LSPosed-Bridge: 	at android.os.Looper.loop(Looper.java:193)

09-02 17:47:28.523  5877  6464 I LSPosed-Bridge: 	at android.os.HandlerThread.run(HandlerThread.java:65)

09-02 17:47:28.523  5877  6464 I LSPosed-Bridge: 5877 PermLabel 10127; permName: android.permission.ACCESS_COARSE_LOCATION; getCellLocation res = null; stacktrace=java.lang.Exception

09-02 17:47:28.523  5877  6464 I LSPosed-Bridge: 	at com.example.permlabel.hookLocationExtra_test$3.afterHookedMethod(hookLocationExtra_test.java:59)

09-02 17:47:28.523  5877  6464 I LSPosed-Bridge: 	at de.robv.android.xposed.XposedBridge$AdditionalHookInfo.callback(Unknown Source:147)

09-02 17:47:28.523  5877  6464 I LSPosed-Bridge: 	at LSPHooker_.getCellLocation(Unknown Source:8)

09-02 17:47:28.523  5877  6464 I LSPosed-Bridge: 	at c.t.m.g.fi.a(TL:95)

09-02 17:47:28.523  5877  6464 I LSPosed-Bridge: 	at c.t.m.g.er$a.a(TL:285)

09-02 17:47:28.523  5877  6464 I LSPosed-Bridge: 	at c.t.m.g.er$a.handleMessage(TL:267)

09-02 17:47:28.523  5877  6464 I LSPosed-Bridge: 	at android.os.Handler.dispatchMessage(Handler.java:106)

09-02 17:47:28.523  5877  6464 I LSPosed-Bridge: 	at android.os.Looper.loop(Looper.java:193)

09-02 17:47:28.523  5877  6464 I LSPosed-Bridge: 	at android.os.HandlerThread.run(HandlerThread.java:65)

09-02 17:48:05.905  5877  5877 I LSPosed-Bridge: 5877 PermLabel 10127 requestPermissions (Activity): pid = 5877; permName: android.permission.ACCESS_FINE_LOCATION; stacktrace=java.lang.Exception

09-02 17:48:05.905  5877  5877 I LSPosed-Bridge: 	at com.example.permlabel.requestPerm$3.beforeHookedMethod(requestPerm.java:227)

09-02 17:48:05.905  5877  5877 I LSPosed-Bridge: 	at de.robv.android.xposed.XposedBridge$AdditionalHookInfo.callback(Unknown Source:79)

09-02 17:48:05.905  5877  5877 I LSPosed-Bridge: 	at LSPHooker_.requestPermissions(Unknown Source:18)

09-02 17:48:05.905  5877  5877 I LSPosed-Bridge: 	at androidx.core.app.ActivityCompat.requestPermissions(ActivityCompat.java:11)

09-02 17:48:05.905  5877  5877 I LSPosed-Bridge: 	at com.klooklib.activity.FeatureIntroduceActivity$a.requestClickListener(FeatureIntroduceActivity.java:1)

09-02 17:48:05.905  5877  5877 I LSPosed-Bridge: 	at com.klooklib.view.FeatureRuntimePermissionView$b.onClick(FeatureRuntimePermissionView.java:2)

09-02 17:48:05.905  5877  5877 I LSPosed-Bridge: 	at android.view.View.performClick(View.java:6597)

09-02 17:48:05.905  5877  5877 I LSPosed-Bridge: 	at android.view.View.performClickInternal(View.java:6574)

09-02 17:48:05.905  5877  5877 I LSPosed-Bridge: 	at android.view.View.access$3100(View.java:778)

09-02 17:48:05.905  5877  5877 I LSPosed-Bridge: 	at android.view.View$PerformClick.run(View.java:25889)

09-02 17:48:05.905  5877  5877 I LSPosed-Bridge: 	at android.os.Handler.handleCallback(Handler.java:873)

09-02 17:48:05.905  5877  5877 I LSPosed-Bridge: 	at android.os.Handler.dispatchMessage(Handler.java:99)

09-02 17:48:05.905  5877  5877 I LSPosed-Bridge: 	at android.os.Looper.loop(Looper.java:193)

09-02 17:48:05.905  5877  5877 I LSPosed-Bridge: 	at android.app.ActivityThread.main(ActivityThread.java:6692)

09-02 17:48:05.905  5877  5877 I LSPosed-Bridge: 	at java.lang.reflect.Method.invoke(Native Method)

09-02 17:48:05.905  5877  5877 I LSPosed-Bridge: 	at com.android.internal.os.RuntimeInit$MethodAndArgsCaller.run(RuntimeInit.java:493)

09-02 17:48:05.905  5877  5877 I LSPosed-Bridge: 	at com.android.internal.os.ZygoteInit.main(ZygoteInit.java:858)

09-02 17:48:05.905  5877  5877 I LSPosed-Bridge: 5877 PermLabel 10127 requestPermissions (Activity): pid = 5877; permName: android.permission.ACCESS_COARSE_LOCATION; stacktrace=java.lang.Exception

09-02 17:48:05.905  5877  5877 I LSPosed-Bridge: 	at com.example.permlabel.requestPerm$3.beforeHookedMethod(requestPerm.java:227)

09-02 17:48:05.905  5877  5877 I LSPosed-Bridge: 	at de.robv.android.xposed.XposedBridge$AdditionalHookInfo.callback(Unknown Source:79)

09-02 17:48:05.905  5877  5877 I LSPosed-Bridge: 	at LSPHooker_.requestPermissions(Unknown Source:18)

09-02 17:48:05.905  5877  5877 I LSPosed-Bridge: 	at androidx.core.app.ActivityCompat.requestPermissions(ActivityCompat.java:11)

09-02 17:48:05.905  5877  5877 I LSPosed-Bridge: 	at com.klooklib.activity.FeatureIntroduceActivity$a.requestClickListener(FeatureIntroduceActivity.java:1)

09-02 17:48:05.905  5877  5877 I LSPosed-Bridge: 	at com.klooklib.view.FeatureRuntimePermissionView$b.onClick(FeatureRuntimePermissionView.java:2)

09-02 17:48:05.905  5877  5877 I LSPosed-Bridge: 	at android.view.View.performClick(View.java:6597)

09-02 17:48:05.905  5877  5877 I LSPosed-Bridge: 	at android.view.View.performClickInternal(View.java:6574)

09-02 17:48:05.905  5877  5877 I LSPosed-Bridge: 	at android.view.View.access$3100(View.java:778)

09-02 17:48:05.905  5877  5877 I LSPosed-Bridge: 	at android.view.View$PerformClick.run(View.java:25889)

09-02 17:48:05.905  5877  5877 I LSPosed-Bridge: 	at android.os.Handler.handleCallback(Handler.java:873)

09-02 17:48:05.905  5877  5877 I LSPosed-Bridge: 	at android.os.Handler.dispatchMessage(Handler.java:99)

09-02 17:48:05.905  5877  5877 I LSPosed-Bridge: 	at android.os.Looper.loop(Looper.java:193)

09-02 17:48:05.905  5877  5877 I LSPosed-Bridge: 	at android.app.ActivityThread.main(ActivityThread.java:6692)

09-02 17:48:05.905  5877  5877 I LSPosed-Bridge: 	at java.lang.reflect.Method.invoke(Native Method)

09-02 17:48:05.905  5877  5877 I LSPosed-Bridge: 	at com.android.internal.os.RuntimeInit$MethodAndArgsCaller.run(RuntimeInit.java:493)

09-02 17:48:05.905  5877  5877 I LSPosed-Bridge: 	at com.android.internal.os.ZygoteInit.main(ZygoteInit.java:858)

09-02 17:48:05.909  1568  6593 I LSPosed-Bridge: 5877 PermLabel 10127 startActivityAsUser permName: android.permission.ACCESS_FINE_LOCATION

09-02 17:48:05.909  1568  6593 I LSPosed-Bridge: 5877 PermLabel 10127 startActivityAsUser permName: android.permission.ACCESS_COARSE_LOCATION

09-02 17:48:19.669  5877  5877 I LSPosed-Bridge: 5877 PermLabel 10127 ContextImpl.checkPermission: pid = 5877; uid = 10127; permName: android.permission.ACCESS_COARSE_LOCATION; type = 1; res = 0; stacktrace=java.lang.Exception

09-02 17:48:19.669  5877  5877 I LSPosed-Bridge: 	at com.example.permlabel.requestPerm$2.afterHookedMethod(requestPerm.java:210)

09-02 17:48:19.669  5877  5877 I LSPosed-Bridge: 	at de.robv.android.xposed.XposedBridge$AdditionalHookInfo.callback(Unknown Source:147)

09-02 17:48:19.669  5877  5877 I LSPosed-Bridge: 	at LSPHooker_.checkPermission(Unknown Source:25)

09-02 17:48:19.669  5877  5877 I LSPosed-Bridge: 	at android.content.ContextWrapper.checkPermission(ContextWrapper.java:738)

09-02 17:48:19.669  5877  5877 I LSPosed-Bridge: 	at android.content.ContextWrapper.checkPermission(ContextWrapper.java:738)

09-02 17:48:19.669  5877  5877 I LSPosed-Bridge: 	at android.content.ContextWrapper.checkPermission(ContextWrapper.java:738)

09-02 17:48:19.669  5877  5877 I LSPosed-Bridge: 	at androidx.core.content.ContextCompat.checkSelfPermission(ContextCompat.java:2)

09-02 17:48:19.669  5877  5877 I LSPosed-Bridge: 	at com.klooklib.activity.FeatureIntroduceActivity.onRequestPermissionsResult(FeatureIntroduceActivity.java:3)

09-02 17:48:19.669  5877  5877 I LSPosed-Bridge: 	at android.app.Activity.dispatchRequestPermissionsResult(Activity.java:7608)

09-02 17:48:19.669  5877  5877 I LSPosed-Bridge: 	at android.app.Activity.dispatchActivityResult(Activity.java:7458)

09-02 17:48:19.669  5877  5877 I LSPosed-Bridge: 	at android.app.ActivityThread.deliverResults(ActivityThread.java:4354)

09-02 17:48:19.669  5877  5877 I LSPosed-Bridge: 	at android.app.ActivityThread.handleSendResult(ActivityThread.java:4403)

09-02 17:48:19.669  5877  5877 I LSPosed-Bridge: 	at android.app.servertransaction.ActivityResultItem.execute(ActivityResultItem.java:49)

09-02 17:48:19.669  5877  5877 I LSPosed-Bridge: 	at android.app.servertransaction.TransactionExecutor.executeCallbacks(TransactionExecutor.java:108)

09-02 17:48:19.669  5877  5877 I LSPosed-Bridge: 	at android.app.servertransaction.TransactionExecutor.execute(TransactionExecutor.java:68)

09-02 17:48:19.669  5877  5877 I LSPosed-Bridge: 	at android.app.ActivityThread$H.handleMessage(ActivityThread.java:1809)

09-02 17:48:19.669  5877  5877 I LSPosed-Bridge: 	at android.os.Handler.dispatchMessage(Handler.java:106)

09-02 17:48:19.669  5877  5877 I LSPosed-Bridge: 	at android.os.Looper.loop(Looper.java:193)

09-02 17:48:19.669  5877  5877 I LSPosed-Bridge: 	at android.app.ActivityThread.main(ActivityThread.java:6692)

09-02 17:48:19.669  5877  5877 I LSPosed-Bridge: 	at java.lang.reflect.Method.invoke(Native Method)

09-02 17:48:19.669  5877  5877 I LSPosed-Bridge: 	at com.android.internal.os.RuntimeInit$MethodAndArgsCaller.run(RuntimeInit.java:493)

09-02 17:48:19.669  5877  5877 I LSPosed-Bridge: 	at com.android.internal.os.ZygoteInit.main(ZygoteInit.java:858)

09-02 17:48:19.688  5877  5877 I LSPosed-Bridge: 5877 PermLabel 10127 ContextImpl.checkPermission: pid = 5877; uid = 10127; permName: android.permission.ACCESS_COARSE_LOCATION; type = 1; res = 0; stacktrace=java.lang.Exception

09-02 17:48:19.688  5877  5877 I LSPosed-Bridge: 	at com.example.permlabel.requestPerm$2.afterHookedMethod(requestPerm.java:210)

09-02 17:48:19.688  5877  5877 I LSPosed-Bridge: 	at de.robv.android.xposed.XposedBridge$AdditionalHookInfo.callback(Unknown Source:147)

09-02 17:48:19.688  5877  5877 I LSPosed-Bridge: 	at LSPHooker_.checkPermission(Unknown Source:25)

09-02 17:48:19.688  5877  5877 I LSPosed-Bridge: 	at android.content.ContextWrapper.checkPermission(ContextWrapper.java:738)

09-02 17:48:19.688  5877  5877 I LSPosed-Bridge: 	at android.content.ContextWrapper.checkPermission(ContextWrapper.java:738)

09-02 17:48:19.688  5877  5877 I LSPosed-Bridge: 	at android.content.ContextWrapper.checkPermission(ContextWrapper.java:738)

09-02 17:48:19.688  5877  5877 I LSPosed-Bridge: 	at androidx.core.content.ContextCompat.checkSelfPermission(ContextCompat.java:2)

09-02 17:48:19.688  5877  5877 I LSPosed-Bridge: 	at com.klooklib.activity.FeatureIntroduceActivity.q(FeatureIntroduceActivity.java:2)

09-02 17:48:19.688  5877  5877 I LSPosed-Bridge: 	at com.klooklib.activity.FeatureIntroduceActivity.onRequestPermissionsResult(FeatureIntroduceActivity.java:6)

09-02 17:48:19.688  5877  5877 I LSPosed-Bridge: 	at android.app.Activity.dispatchRequestPermissionsResult(Activity.java:7608)

09-02 17:48:19.688  5877  5877 I LSPosed-Bridge: 	at android.app.Activity.dispatchActivityResult(Activity.java:7458)

09-02 17:48:19.688  5877  5877 I LSPosed-Bridge: 	at android.app.ActivityThread.deliverResults(ActivityThread.java:4354)

09-02 17:48:19.688  5877  5877 I LSPosed-Bridge: 	at android.app.ActivityThread.handleSendResult(ActivityThread.java:4403)

09-02 17:48:19.688  5877  5877 I LSPosed-Bridge: 	at android.app.servertransaction.ActivityResultItem.execute(ActivityResultItem.java:49)

09-02 17:48:19.688  5877  5877 I LSPosed-Bridge: 	at android.app.servertransaction.TransactionExecutor.executeCallbacks(TransactionExecutor.java:108)

09-02 17:48:19.688  5877  5877 I LSPosed-Bridge: 	at android.app.servertransaction.TransactionExecutor.execute(TransactionExecutor.java:68)

09-02 17:48:19.688  5877  5877 I LSPosed-Bridge: 	at android.app.ActivityThread$H.handleMessage(ActivityThread.java:1809)

09-02 17:48:19.688  5877  5877 I LSPosed-Bridge: 	at android.os.Handler.dispatchMessage(Handler.java:106)

09-02 17:48:19.688  5877  5877 I LSPosed-Bridge: 	at android.os.Looper.loop(Looper.java:193)

09-02 17:48:19.688  5877  5877 I LSPosed-Bridge: 	at android.app.ActivityThread.main(ActivityThread.java:6692)

09-02 17:48:19.688  5877  5877 I LSPosed-Bridge: 	at java.lang.reflect.Method.invoke(Native Method)

09-02 17:48:19.688  5877  5877 I LSPosed-Bridge: 	at com.android.internal.os.RuntimeInit$MethodAndArgsCaller.run(RuntimeInit.java:493)

09-02 17:48:19.688  5877  5877 I LSPosed-Bridge: 	at com.android.internal.os.ZygoteInit.main(ZygoteInit.java:858)

09-02 17:48:19.688  2261  3518 I FontLog : (REDACTED) Received query %s, URI %s

09-02 17:48:19.764  5877  6461 I LSPosed-Bridge: 5877 PermLabel hookBinder_test 10127 interfaceBinder =android.content.pm.IPackageManager; arg0 = 9; arg1 = android.os.Parcel@30b9e9c; arg2 = android.os.Parcel@9729afc; arg3 = 0; res = true; stacktrace=java.lang.Exception

09-02 17:48:19.764  5877  6461 I LSPosed-Bridge: 	at com.example.permlabel.hookBinder_test$1.afterHookedMethod(hookBinder_test.java:55)

09-02 17:48:19.764  5877  6461 I LSPosed-Bridge: 	at de.robv.android.xposed.XposedBridge$AdditionalHookInfo.callback(Unknown Source:147)

09-02 17:48:19.764  5877  6461 I LSPosed-Bridge: 	at LSPHooker_.transact(Unknown Source:28)

09-02 17:48:19.764  5877  6461 I LSPosed-Bridge: 	at android.content.pm.IPackageManager$Stub$Proxy.getPermissionInfo(IPackageManager.java:3008)

09-02 17:48:19.764  5877  6461 I LSPosed-Bridge: 	at android.app.ApplicationPackageManager.getPermissionInfo(ApplicationPackageManager.java:306)

09-02 17:48:19.764  5877  6461 I LSPosed-Bridge: 	at com.example.permlabel.requestPerm$2.afterHookedMethod(requestPerm.java:176)

09-02 17:48:19.764  5877  6461 I LSPosed-Bridge: 	at de.robv.android.xposed.XposedBridge$AdditionalHookInfo.callback(Unknown Source:147)

09-02 17:48:19.764  5877  6461 I LSPosed-Bridge: 	at LSPHooker_.checkPermission(Unknown Source:25)

09-02 17:48:19.764  5877  6461 I LSPosed-Bridge: 	at android.content.ContextWrapper.checkPermission(ContextWrapper.java:738)

09-02 17:48:19.764  5877  6461 I LSPosed-Bridge: 	at androidx.core.content.ContextCompat.checkSelfPermission(ContextCompat.java:2)

09-02 17:48:19.764  5877  6461 I LSPosed-Bridge: 	at com.klook.location.internal.third.c.a(NativeLocationImpl.kt:2)

09-02 17:48:19.764  5877  6461 I LSPosed-Bridge: 	at com.klook.location.internal.third.c.requestLocation(NativeLocationImpl.kt:1)

09-02 17:48:19.764  5877  6461 I LSPosed-Bridge: 	at com.klook.location.internal.LocationManager.requestLocation(LocationManager.kt:8)

09-02 17:48:19.764  5877  6461 I LSPosed-Bridge: 	at com.klooklib.service.a$b$a.invokeSuspend(LocService.kt:6)

09-02 17:48:19.764  5877  6461 I LSPosed-Bridge: 	at kotlin.coroutines.jvm.internal.a.resumeWith(ContinuationImpl.kt:4)

09-02 17:48:19.764  5877  6461 I LSPosed-Bridge: 	at kotlinx.coroutines.e1.run(DispatchedTask.kt:22)

09-02 17:48:19.764  5877  6461 I LSPosed-Bridge: 	at kotlinx.coroutines.scheduling.a.runSafely(CoroutineScheduler.kt:1)

09-02 17:48:19.764  5877  6461 I LSPosed-Bridge: 	at kotlinx.coroutines.scheduling.a$c.c(CoroutineScheduler.kt:4)

09-02 17:48:19.764  5877  6461 I LSPosed-Bridge: 	at kotlinx.coroutines.scheduling.a$c.i(CoroutineScheduler.kt:4)

09-02 17:48:19.764  5877  6461 I LSPosed-Bridge: 	at kotlinx.coroutines.scheduling.a$c.run(CoroutineScheduler.kt:1)

09-02 17:48:19.764  1568  3459 E ActivityTrigger: activityResumeTrigger: not whiteListedcom.klook/com.klooklib.activity.NormalIconActivity/6306

09-02 17:48:19.764  5877  6461 I LSPosed-Bridge: 5877 PermLabel 10127 ContextImpl.checkPermission: pid = 5877; uid = 10127; permName: android.permission.ACCESS_COARSE_LOCATION; type = 1; res = 0; stacktrace=java.lang.Exception

09-02 17:48:19.764  5877  6461 I LSPosed-Bridge: 	at com.example.permlabel.requestPerm$2.afterHookedMethod(requestPerm.java:210)

09-02 17:48:19.764  5877  6461 I LSPosed-Bridge: 	at de.robv.android.xposed.XposedBridge$AdditionalHookInfo.callback(Unknown Source:147)

09-02 17:48:19.764  5877  6461 I LSPosed-Bridge: 	at LSPHooker_.checkPermission(Unknown Source:25)

09-02 17:48:19.764  5877  6461 I LSPosed-Bridge: 	at android.content.ContextWrapper.checkPermission(ContextWrapper.java:738)

09-02 17:48:19.764  5877  6461 I LSPosed-Bridge: 	at androidx.core.content.ContextCompat.checkSelfPermission(ContextCompat.java:2)

09-02 17:48:19.764  5877  6461 I LSPosed-Bridge: 	at com.klook.location.internal.third.c.a(NativeLocationImpl.kt:2)

09-02 17:48:19.764  5877  6461 I LSPosed-Bridge: 	at com.klook.location.internal.third.c.requestLocation(NativeLocationImpl.kt:1)

09-02 17:48:19.764  5877  6461 I LSPosed-Bridge: 	at com.klook.location.internal.LocationManager.requestLocation(LocationManager.kt:8)

09-02 17:48:19.764  5877  6461 I LSPosed-Bridge: 	at com.klooklib.service.a$b$a.invokeSuspend(LocService.kt:6)

09-02 17:48:19.764  5877  6461 I LSPosed-Bridge: 	at kotlin.coroutines.jvm.internal.a.resumeWith(ContinuationImpl.kt:4)

09-02 17:48:19.764  5877  6461 I LSPosed-Bridge: 	at kotlinx.coroutines.e1.run(DispatchedTask.kt:22)

09-02 17:48:19.764  5877  6461 I LSPosed-Bridge: 	at kotlinx.coroutines.scheduling.a.runSafely(CoroutineScheduler.kt:1)

09-02 17:48:19.764  5877  6461 I LSPosed-Bridge: 	at kotlinx.coroutines.scheduling.a$c.c(CoroutineScheduler.kt:4)

09-02 17:48:19.764  5877  6461 I LSPosed-Bridge: 	at kotlinx.coroutines.scheduling.a$c.i(CoroutineScheduler.kt:4)

09-02 17:48:19.764  5877  6461 I LSPosed-Bridge: 	at kotlinx.coroutines.scheduling.a$c.run(CoroutineScheduler.kt:1)

09-02 17:48:19.890  1568  1846 I LSPosed-Bridge: 5877 PermLabel 10127 AMS.checkPermission: Binder.getCallingPid() = 1900; uid = 10127; Binder.getCallingUid() = 1001; getNameForUid: android.uid.phone:1001; getPackagesForUid: [com.android.providers.telephony, com.qualcomm.qti.ims, com.android.mms.service, com.qti.confuridialer, com.qti.qualcomm.datastatusnotification, com.qti.qualcomm.deviceinfo, com.qualcomm.qti.networksetting, com.qualcomm.qti.telephonyservice, com.qualcomm.simcontacts, com.qualcomm.qti.autoregistration, com.qualcomm.qti.lpa, com.qualcomm.qti.uim, com.android.stk, com.android.phone, com.qti.xdivert, com.qualcomm.qti.callfeaturessetting, com.qualcomm.qcrilmsgtunnel, org.codeaurora.ims]; permName: android.permission.ACCESS_COARSE_LOCATION; type = 1; res = 0; stacktrace=java.lang.Exception

09-02 17:48:19.890  1568  1846 I LSPosed-Bridge: 	at com.example.permlabel.requirePerm$1$2.afterHookedMethod(requirePerm.java:130)

09-02 17:48:19.890  1568  1846 I LSPosed-Bridge: 	at de.robv.android.xposed.XposedBridge$AdditionalHookInfo.callback(Unknown Source:147)

09-02 17:48:19.890  1568  1846 I LSPosed-Bridge: 	at LSPHooker_.checkPermission(Unknown Source:25)

09-02 17:48:19.890  1568  1846 I LSPosed-Bridge: 	at android.app.IActivityManager$Stub.onTransact(IActivityManager.java:664)

09-02 17:48:19.890  1568  1846 I LSPosed-Bridge: 	at com.android.server.am.ActivityManagerService.onTransact(ActivityManagerService.java:3346)

09-02 17:48:19.890  1568  1846 I LSPosed-Bridge: 	at android.os.Binder.execTransact(Binder.java:731)

09-02 17:48:19.890   551   551 I ConfigStore: android::hardware::configstore::V1_0::ISurfaceFlingerConfigs::hasHDRDisplay retrieved: 0

09-02 17:48:19.890  1900  2033 I LSPosed-Bridge: 1900 PermLabel 1001 ContextImpl.checkPermission: pid = 5877; uid = 10127; permName: android.permission.ACCESS_COARSE_LOCATION; type = 1; res = 0; stacktrace=java.lang.Exception

09-02 17:48:19.890  1900  2033 I LSPosed-Bridge: 	at com.example.permlabel.requestPerm$2.afterHookedMethod(requestPerm.java:210)

09-02 17:48:19.890  1900  2033 I LSPosed-Bridge: 	at de.robv.android.xposed.XposedBridge$AdditionalHookInfo.callback(Unknown Source:147)

09-02 17:48:19.890  1900  2033 I LSPosed-Bridge: 	at LSPHooker_.checkPermission(Unknown Source:25)

09-02 17:48:19.890  1900  2033 I LSPosed-Bridge: 	at android.app.ContextImpl.enforcePermission(ContextImpl.java:1822)

09-02 17:48:19.890  1900  2033 I LSPosed-Bridge: 	at android.content.ContextWrapper.enforcePermission(ContextWrapper.java:765)

09-02 17:48:19.890  1900  2033 I LSPosed-Bridge: 	at android.content.ContextWrapper.enforcePermission(ContextWrapper.java:765)

09-02 17:48:19.890  1900  2033 I LSPosed-Bridge: 	at android.telephony.LocationAccessPolicy.canAccessCellLocation(LocationAccessPolicy.java:71)

09-02 17:48:19.890  1900  2033 I LSPosed-Bridge: 	at com.android.phone.PhoneInterfaceManager.getAllCellInfo(PhoneInterfaceManager.java:1808)

09-02 17:48:19.890  1900  2033 I LSPosed-Bridge: 	at com.android.internal.telephony.ITelephony$Stub.onTransact(ITelephony.java:936)

09-02 17:48:19.890  1900  2033 I LSPosed-Bridge: 	at android.os.Binder.execTransact(Binder.java:731)

09-02 17:48:20.163  5877  5877 I LSPosed-Bridge: 5877 PermLabel hookBinder_test 10127 interfaceBinder =android.app.IActivityManager; arg0 = 35; arg1 = android.os.Parcel@66b9631; arg2 = android.os.Parcel@f31e2d8; arg3 = 0; res = true; stacktrace=java.lang.Exception

09-02 17:48:20.163  5877  5877 I LSPosed-Bridge: 	at com.example.permlabel.hookBinder_test$1.afterHookedMethod(hookBinder_test.java:55)

09-02 17:48:20.163  5877  5877 I LSPosed-Bridge: 	at de.robv.android.xposed.XposedBridge$AdditionalHookInfo.callback(Unknown Source:147)

09-02 17:48:20.163  5877  5877 I LSPosed-Bridge: 	at LSPHooker_.transact(Unknown Source:28)

09-02 17:48:20.163  5877  5877 I LSPosed-Bridge: 	at android.app.IActivityManager$Stub$Proxy.activityResumed(IActivityManager.java:4417)

09-02 17:48:20.163  5877  5877 I LSPosed-Bridge: 	at android.app.servertransaction.ResumeActivityItem.postExecute(ResumeActivityItem.java:61)

09-02 17:48:20.163  5877  5877 I LSPosed-Bridge: 	at android.app.servertransaction.TransactionExecutor.executeLifecycleState(TransactionExecutor.java:146)

09-02 17:48:20.163  5877  5877 I LSPosed-Bridge: 	at android.app.servertransaction.TransactionExecutor.execute(TransactionExecutor.java:70)

09-02 17:48:20.163  5877  5877 I LSPosed-Bridge: 	at android.app.ActivityThread$H.handleMessage(ActivityThread.java:1809)

09-02 17:48:20.163  5877  5877 I LSPosed-Bridge: 	at android.os.Handler.dispatchMessage(Handler.java:106)

09-02 17:48:20.163  5877  5877 I LSPosed-Bridge: 	at android.os.Looper.loop(Looper.java:193)

09-02 17:48:20.163  5877  5877 I LSPosed-Bridge: 	at android.app.ActivityThread.main(ActivityThread.java:6692)

09-02 17:48:20.163  5877  5877 I LSPosed-Bridge: 	at java.lang.reflect.Method.invoke(Native Method)

09-02 17:48:20.163  5877  5877 I LSPosed-Bridge: 	at com.android.internal.os.RuntimeInit$MethodAndArgsCaller.run(RuntimeInit.java:493)

09-02 17:48:20.163  5877  5877 I LSPosed-Bridge: 	at com.android.internal.os.ZygoteInit.main(ZygoteInit.java:858)

09-02 17:48:20.163  5877  8052 I LSPosed-Bridge: 5877 PermLabel 10127; permName: android.permission.ACCESS_COARSE_LOCATION; getAllCellInfo res = [CellInfoWcdma:{mRegistered=NO mTimeStampType=oem_ril mTimeStamp=109857998706ns mCellConnectionStatus=0 CellIdentityWcdma:{ mLac=2011 mCid=13219378 mPsc=149 mUarfcn=10638 mMcc=466 mMnc=89 mAlphaLong=T Star mAlphaShort=T Star} CellSignalStrengthWcdma: ss=18 ber=99}, CellInfoWcdma:{mRegistered=NO mTimeStampType=oem_ril mTimeStamp=109857998706ns mCellConnectionStatus=0 CellIdentityWcdma:{ mLac=2147483647 mCid=2147483647 mPsc=66 mUarfcn=10638 mMcc=null mMnc=null mAlphaLong= mAlphaShort=} CellSignalStrengthWcdma: ss=15 ber=99}, CellInfoWcdma:{mRegistered=NO mTimeStampType=oem_ril mTimeStamp=109857998706ns mCellConnectionStatus=0 CellIdentityWcdma:{ mLac=2147483647 mCid=2147483647 mPsc=46 mUarfcn=10638 mMcc=null mMnc=null mAlphaLong= mAlphaShort=} CellSignalStrengthWcdma: ss=12 ber=99}]; stacktrace=java.lang.Exception

09-02 17:48:20.163  5877  8052 I LSPosed-Bridge: 	at com.example.permlabel.hookLocationExtra_test$4.afterHookedMethod(hookLocationExtra_test.java:66)

09-02 17:48:20.163  5877  8052 I LSPosed-Bridge: 	at de.robv.android.xposed.XposedBridge$AdditionalHookInfo.callback(Unknown Source:147)

09-02 17:48:20.163  5877  8052 I LSPosed-Bridge: 	at LSPHooker_.getAllCellInfo(Unknown Source:8)

09-02 17:48:20.163  5877  8052 I LSPosed-Bridge: 	at c.t.m.g.fi.b(TL:156)

09-02 17:48:20.163  5877  8052 I LSPosed-Bridge: 	at c.t.m.g.er$a.a(TL:276)

09-02 17:48:20.163  5877  8052 I LSPosed-Bridge: 	at c.t.m.g.er$a.handleMessage(TL:248)

09-02 17:48:20.163  5877  8052 I LSPosed-Bridge: 	at android.os.Handler.dispatchMessage(Handler.java:106)

09-02 17:48:20.163  5877  8052 I LSPosed-Bridge: 	at android.os.Looper.loop(Looper.java:193)

09-02 17:48:20.163  5877  8052 I LSPosed-Bridge: 	at android.os.HandlerThread.run(HandlerThread.java:65)

09-02 17:48:20.163  5877  6461 I LSPosed-Bridge: 5877 PermLabel hookBinder_test 10127 interfaceBinder =android.content.pm.IPackageManager; arg0 = 3; arg1 = android.os.Parcel@39e34f0; arg2 = android.os.Parcel@74d43c4; arg3 = 0; res = true; stacktrace=java.lang.Exception

09-02 17:48:20.163  5877  6461 I LSPosed-Bridge: 	at com.example.permlabel.hookBinder_test$1.afterHookedMethod(hookBinder_test.java:55)

09-02 17:48:20.163  5877  6461 I LSPosed-Bridge: 	at de.robv.android.xposed.XposedBridge$AdditionalHookInfo.callback(Unknown Source:147)

09-02 17:48:20.163  5877  6461 I LSPosed-Bridge: 	at LSPHooker_.transact(Unknown Source:28)

09-02 17:48:20.163  5877  6461 I LSPosed-Bridge: 	at android.content.pm.IPackageManager$Stub$Proxy.getPackageInfo(IPackageManager.java:2876)

09-02 17:48:20.163  5877  6461 I LSPosed-Bridge: 	at android.app.ApplicationPackageManager.getPackageInfoAsUser(ApplicationPackageManager.java:174)

09-02 17:48:20.163  5877  6461 I LSPosed-Bridge: 	at android.app.ApplicationPackageManager.getPackageInfo(ApplicationPackageManager.java:152)

09-02 17:48:20.163  5877  6461 I LSPosed-Bridge: 	at com.google.android.gms.common.GooglePlayServicesUtilLight.isGooglePlayServicesAvailable(com.google.android.gms:play-services-basement@@18.0.0:18)

09-02 17:48:20.163  5877  6461 I LSPosed-Bridge: 	at com.google.android.gms.common.GoogleApiAvailabilityLight.isGooglePlayServicesAvailable(com.google.android.gms:play-services-basement@@18.0.0:2)

09-02 17:48:20.163  5877  6461 I LSPosed-Bridge: 	at com.google.android.gms.common.GoogleApiAvailability.isGooglePlayServicesAvailable(com.google.android.gms:play-services-base@@18.0.1:2)

09-02 17:48:20.163  5877  6461 I LSPosed-Bridge: 	at com.google.android.gms.common.GoogleApiAvailabilityLight.isGooglePlayServicesAvailable(com.google.android.gms:play-services-basement@@18.0.0:1)

09-02 17:48:20.163  5877  6461 I LSPosed-Bridge: 	at com.google.android.gms.common.GoogleApiAvailability.isGooglePlayServicesAvailable(com.google.android.gms:play-services-base@@18.0.1:1)

09-02 17:48:20.163  5877  6461 I LSPosed-Bridge: 	at com.klook.location.internal.third.b$a.googleApiServiceAvailable(GoogleLocationImpl.kt:1)

09-02 17:48:20.163  5877  6461 I LSPosed-Bridge: 	at com.klook.location.internal.third.b.requestLocation(GoogleLocationImpl.kt:1)

09-02 17:48:20.163  5877  6461 I LSPosed-Bridge: 	at com.klook.location.internal.LocationManager.requestLocation(LocationManager.kt:8)

09-02 17:48:20.163  5877  6461 I LSPosed-Bridge: 	at com.klooklib.service.a$b$a.invokeSuspend(LocService.kt:6)

09-02 17:48:20.163  5877  6461 I LSPosed-Bridge: 	at kotlin.coroutines.jvm.internal.a.resumeWith(ContinuationImpl.kt:4)

09-02 17:48:20.163  5877  6461 I LSPosed-Bridge: 	at kotlinx.coroutines.e1.run(DispatchedTask.kt:22)

09-02 17:48:20.163  5877  6461 I LSPosed-Bridge: 	at kotlinx.coroutines.scheduling.a.runSafely(CoroutineScheduler.kt:1)

09-02 17:48:20.163  5877  6461 I LSPosed-Bridge: 	at kotlinx.coroutines.scheduling.a$c.c(CoroutineScheduler.kt:4)

09-02 17:48:20.163  5877  6461 I LSPosed-Bridge: 	at kotlinx.coroutines.scheduling.a$c.i(CoroutineScheduler.kt:4)

09-02 17:48:20.163  5877  6461 I LSPosed-Bridge: 	at kotlinx.coroutines.scheduling.a$c.run(CoroutineScheduler.kt:1)

09-02 17:48:20.167  1568  2891 I LSPosed-Bridge: 5877 PermLabel 10127 AMS.checkPermission: Binder.getCallingPid() = 1900; uid = 10127; Binder.getCallingUid() = 1001; getNameForUid: android.uid.phone:1001; getPackagesForUid: [com.android.providers.telephony, com.qualcomm.qti.ims, com.android.mms.service, com.qti.confuridialer, com.qti.qualcomm.datastatusnotification, com.qti.qualcomm.deviceinfo, com.qualcomm.qti.networksetting, com.qualcomm.qti.telephonyservice, com.qualcomm.simcontacts, com.qualcomm.qti.autoregistration, com.qualcomm.qti.lpa, com.qualcomm.qti.uim, com.android.stk, com.android.phone, com.qti.xdivert, com.qualcomm.qti.callfeaturessetting, com.qualcomm.qcrilmsgtunnel, org.codeaurora.ims]; permName: android.permission.ACCESS_COARSE_LOCATION; type = 1; res = 0; stacktrace=java.lang.Exception

09-02 17:48:20.167  1568  2891 I LSPosed-Bridge: 	at com.example.permlabel.requirePerm$1$2.afterHookedMethod(requirePerm.java:130)

09-02 17:48:20.167  1568  2891 I LSPosed-Bridge: 	at de.robv.android.xposed.XposedBridge$AdditionalHookInfo.callback(Unknown Source:147)

09-02 17:48:20.167  1568  2891 I LSPosed-Bridge: 	at LSPHooker_.checkPermission(Unknown Source:25)

09-02 17:48:20.167  1568  2891 I LSPosed-Bridge: 	at android.app.IActivityManager$Stub.onTransact(IActivityManager.java:664)

09-02 17:48:20.167  1568  2891 I LSPosed-Bridge: 	at com.android.server.am.ActivityManagerService.onTransact(ActivityManagerService.java:3346)

09-02 17:48:20.167  1568  2891 I LSPosed-Bridge: 	at android.os.Binder.execTransact(Binder.java:731)

09-02 17:48:20.167  5877  6461 I LSPosed-Bridge: 5877 PermLabel hookBinder_test 10127 interfaceBinder =android.content.pm.IPackageManager; arg0 = 9; arg1 = android.os.Parcel@75c28a2; arg2 = android.os.Parcel@5ead933; arg3 = 0; res = true; stacktrace=java.lang.Exception

09-02 17:48:20.167  5877  6461 I LSPosed-Bridge: 	at com.example.permlabel.hookBinder_test$1.afterHookedMethod(hookBinder_test.java:55)

09-02 17:48:20.167  5877  6461 I LSPosed-Bridge: 	at de.robv.android.xposed.XposedBridge$AdditionalHookInfo.callback(Unknown Source:147)

09-02 17:48:20.167  5877  6461 I LSPosed-Bridge: 	at LSPHooker_.transact(Unknown Source:28)

09-02 17:48:20.167  5877  6461 I LSPosed-Bridge: 	at android.content.pm.IPackageManager$Stub$Proxy.getPermissionInfo(IPackageManager.java:3008)

09-02 17:48:20.167  5877  6461 I LSPosed-Bridge: 	at android.app.ApplicationPackageManager.getPermissionInfo(ApplicationPackageManager.java:306)

09-02 17:48:20.167  5877  6461 I LSPosed-Bridge: 	at com.example.permlabel.requestPerm$2.afterHookedMethod(requestPerm.java:176)

09-02 17:48:20.167  5877  6461 I LSPosed-Bridge: 	at de.robv.android.xposed.XposedBridge$AdditionalHookInfo.callback(Unknown Source:147)

09-02 17:48:20.167  5877  6461 I LSPosed-Bridge: 	at LSPHooker_.checkPermission(Unknown Source:25)

09-02 17:48:20.167  5877  6461 I LSPosed-Bridge: 	at android.content.ContextWrapper.checkPermission(ContextWrapper.java:738)

09-02 17:48:20.167  5877  6461 I LSPosed-Bridge: 	at android.content.ContextWrapper.checkPermission(ContextWrapper.java:738)

09-02 17:48:20.167  5877  6461 I LSPosed-Bridge: 	at android.content.ContextWrapper.checkPermission(ContextWrapper.java:738)

09-02 17:48:20.167  5877  6461 I LSPosed-Bridge: 	at androidx.core.content.ContextCompat.checkSelfPermission(ContextCompat.java:2)

09-02 17:48:20.167  5877  6461 I LSPosed-Bridge: 	at com.klook.location.internal.third.b.requestLocation(GoogleLocationImpl.kt:4)

09-02 17:48:20.167  5877  6461 I LSPosed-Bridge: 	at com.klook.location.internal.LocationManager.requestLocation(LocationManager.kt:8)

09-02 17:48:20.167  5877  6461 I LSPosed-Bridge: 	at com.klooklib.service.a$b$a.invokeSuspend(LocService.kt:6)

09-02 17:48:20.167  5877  6461 I LSPosed-Bridge: 	at kotlin.coroutines.jvm.internal.a.resumeWith(ContinuationImpl.kt:4)

09-02 17:48:20.167  5877  6461 I LSPosed-Bridge: 	at kotlinx.coroutines.e1.run(DispatchedTask.kt:22)

09-02 17:48:20.167  5877  6461 I LSPosed-Bridge: 	at kotlinx.coroutines.scheduling.a.runSafely(CoroutineScheduler.kt:1)

09-02 17:48:20.167  5877  6461 I LSPosed-Bridge: 	at kotlinx.coroutines.scheduling.a$c.c(CoroutineScheduler.kt:4)

09-02 17:48:20.167  5877  6461 I LSPosed-Bridge: 	at kotlinx.coroutines.scheduling.a$c.i(CoroutineScheduler.kt:4)

09-02 17:48:20.167  5877  6461 I LSPosed-Bridge: 	at kotlinx.coroutines.scheduling.a$c.run(CoroutineScheduler.kt:1)

09-02 17:48:20.172   551   551 I ConfigStore: android::hardware::configstore::V1_0::ISurfaceFlingerConfigs::hasHDRDisplay retrieved: 0

09-02 17:48:20.172  5877  8052 I LSPosed-Bridge: 5877 PermLabel 10127; permName: android.permission.ACCESS_COARSE_LOCATION; getCellLocation res = null; stacktrace=java.lang.Exception

09-02 17:48:20.172  5877  8052 I LSPosed-Bridge: 	at com.example.permlabel.hookLocationExtra_test$3.afterHookedMethod(hookLocationExtra_test.java:59)

09-02 17:48:20.172  5877  8052 I LSPosed-Bridge: 	at de.robv.android.xposed.XposedBridge$AdditionalHookInfo.callback(Unknown Source:147)

09-02 17:48:20.172  5877  8052 I LSPosed-Bridge: 	at LSPHooker_.getCellLocation(Unknown Source:8)

09-02 17:48:20.172  5877  8052 I LSPosed-Bridge: 	at c.t.m.g.fi.a(TL:95)

09-02 17:48:20.172  5877  8052 I LSPosed-Bridge: 	at c.t.m.g.er$a.a(TL:285)

09-02 17:48:20.172  5877  8052 I LSPosed-Bridge: 	at c.t.m.g.er$a.handleMessage(TL:248)

09-02 17:48:20.172  5877  8052 I LSPosed-Bridge: 	at android.os.Handler.dispatchMessage(Handler.java:106)

09-02 17:48:20.172  5877  8052 I LSPosed-Bridge: 	at android.os.Looper.loop(Looper.java:193)

09-02 17:48:20.172  5877  8052 I LSPosed-Bridge: 	at android.os.HandlerThread.run(HandlerThread.java:65)

09-02 17:48:20.901  1568  6915 I LSPosed-Bridge: 5877 PermLabel 10127 AMS.checkPermission: Binder.getCallingPid() = 1568; uid = 10127; Binder.getCallingUid() = 1000; getNameForUid: android.uid.system:1000; getPackagesForUid: [com.android.providers.settings, com.qualcomm.qti.qtisystemservice, com.qualcomm.wfd.service, com.quicinc.cne.CNEService, com.hq.mediafilepreset, com.qualcomm.qti.dynamicddsservice, com.huaqin.CameraCalibration, com.android.keychain, com.asus.UpdateLauncher, com.qualcomm.qti.qmmi, com.android.inputdevices, android, com.log.logservice, com.android.server.telecom, com.qti.dpmserviceapp, com.asus.setupwizard, com.asus.loguploaderproxy, com.asus.smartreading, com.qualcomm.qti.auth.fidocryptoservice, com.android.wallpaperbackup, com.caf.fmradio, com.qualcomm.location, com.asus.dm, com.qualcomm.qti.services.secureui, com.asus.sysdiagnostic, com.qualcomm.qti.uceShimService, com.asus.livedemoservice, com.asus.maxxaudio, com.android.location.fused, com.android.settings, com.qualcomm.qti.simsettings]; permName: android.permission.ACCESS_COARSE_LOCATION; type = 1; res = 0; stacktrace=java.lang.Exception

09-02 17:48:20.901  1568  6915 I LSPosed-Bridge: 	at com.example.permlabel.requirePerm$1$2.afterHookedMethod(requirePerm.java:130)

09-02 17:48:20.901  1568  6915 I LSPosed-Bridge: 	at de.robv.android.xposed.XposedBridge$AdditionalHookInfo.callback(Unknown Source:147)

09-02 17:48:20.901  1568  6915 I LSPosed-Bridge: 	at LSPHooker_.checkPermission(Unknown Source:25)

09-02 17:48:20.901  1568  6915 I LSPosed-Bridge: 	at android.app.ContextImpl.checkPermission(ContextImpl.java:1751)

09-02 17:48:20.901  1568  6915 I LSPosed-Bridge: 	at android.telephony.LocationAccessPolicy.canAccessCellLocation(LocationAccessPolicy.java:73)

09-02 17:48:20.901  1568  6915 I LSPosed-Bridge: 	at com.android.server.TelephonyRegistry.checkLocationAccess(TelephonyRegistry.java:1791)

09-02 17:48:20.901  1568  6915 I LSPosed-Bridge: 	at com.android.server.TelephonyRegistry.listen(TelephonyRegistry.java:554)

09-02 17:48:20.901  1568  6915 I LSPosed-Bridge: 	at com.android.server.TelephonyRegistry.listenForSubscriber(TelephonyRegistry.java:466)

09-02 17:48:20.901  1568  6915 I LSPosed-Bridge: 	at com.android.internal.telephony.ITelephonyRegistry$Stub.onTransact(ITelephonyRegistry.java:96)

09-02 17:48:20.901  1568  6915 I LSPosed-Bridge: 	at android.os.Binder.execTransact(Binder.java:731)

