09-02 17:47:19.312   551   551 I ConfigStore: android::hardware::configstore::V1_0::ISurfaceFlingerConfigs::hasHDRDisplay retrieved: 0

09-02 17:47:19.312  5877  5877 I LSPosed-Bridge: 5877 PermLabel 10127 permission_group_mapping =android.permission.ACCESS_COARSE_LOCATION Location

09-02 17:47:19.312   551   551 I ConfigStore: android::hardware::configstore::V1_0::ISurfaceFlingerConfigs::hasHDRDisplay retrieved: 0

09-02 17:47:19.312  5877  5877 I LSPosed-Bridge: 5877 PermLabel 10127 permission_group_mapping =android.permission.ACCESS_FINE_LOCATION Location

09-02 17:47:19.323   551   551 I ConfigStore: android::hardware::configstore::V1_0::ISurfaceFlingerConfigs::hasHDRDisplay retrieved: 0

09-02 17:47:19.323   551   551 I ConfigStore: android::hardware::configstore::V1_0::ISurfaceFlingerConfigs::hasHDRDisplay retrieved: 0

09-02 17:47:19.323  5877  5877 W System.err: 	at android.app.ActivityThread.main(ActivityThread.java:6692)

09-02 17:47:19.323  5877  5877 W System.err: 	at android.app.ActivityThread.main(ActivityThread.java:6692)

09-02 17:47:19.323  5877  5877 W System.err: 	at java.lang.reflect.Method.invoke(Native Method)

09-02 17:47:19.323  5877  5877 W System.err: 	at java.lang.reflect.Method.invoke(Native Method)

09-02 17:47:19.323  5877  5877 W System.err: 	at com.android.internal.os.RuntimeInit$MethodAndArgsCaller.run(RuntimeInit.java:493)

09-02 17:47:19.323  5877  5877 W System.err: 	at com.android.internal.os.RuntimeInit$MethodAndArgsCaller.run(RuntimeInit.java:493)

09-02 17:47:19.323  5877  5877 W System.err: 	at com.android.internal.os.ZygoteInit.main(ZygoteInit.java:858)

09-02 17:47:19.323  5877  5877 W System.err: 	at com.android.internal.os.ZygoteInit.main(ZygoteInit.java:858)

09-02 17:47:19.323   551   551 I ConfigStore: android::hardware::configstore::V1_0::ISurfaceFlingerConfigs::hasHDRDisplay retrieved: 0

09-02 17:47:19.323   551   551 I ConfigStore: android::hardware::configstore::V1_0::ISurfaceFlingerConfigs::hasHDRDisplay retrieved: 0

09-02 17:47:19.323  5877  5877 I LSPosed-Bridge: 5877 PermLabel 10127 all_declared permissions =android.permission.BLUETOOTH android.permission.WRITE_EXTERNAL_STORAGE android.permission.VIBRATE com.google.android.c2dm.permission.RECEIVE android.permission.WAKE_LOCK android.permission.ACCESS_COARSE_LOCATION android.permission.ACCESS_FINE_LOCATION android.permission.ACCESS_WIFI_STATE android.permission.ACCESS_NETWORK_STATE android.permission.INTERNET android.permission.CAMERA android.permission.NFC org.simalliance.openmobileapi.SMARTCARD com.klook.andpermission.bridge com.google.android.gms.permission.AD_ID com.google.android.finsky.permission.BIND_GET_INSTALL_REFERRER_SERVICE android.permission.FOREGROUND_SERVICE android.permission.READ_EXTERNAL_STORAGE android.permission.SCHEDULE_EXACT_ALARM getui.permission.GetuiService.com.klook com.vivo.notification.permission.BADGE_ICON 

09-02 17:47:19.323  5877  5877 I LSPosed-Bridge: 5877 PermLabel 10127 all_declared permissions =android.permission.BLUETOOTH android.permission.WRITE_EXTERNAL_STORAGE android.permission.VIBRATE com.google.android.c2dm.permission.RECEIVE android.permission.WAKE_LOCK android.permission.ACCESS_COARSE_LOCATION android.permission.ACCESS_FINE_LOCATION android.permission.ACCESS_WIFI_STATE android.permission.ACCESS_NETWORK_STATE android.permission.INTERNET android.permission.CAMERA android.permission.NFC org.simalliance.openmobileapi.SMARTCARD com.klook.andpermission.bridge com.google.android.gms.permission.AD_ID com.google.android.finsky.permission.BIND_GET_INSTALL_REFERRER_SERVICE android.permission.FOREGROUND_SERVICE android.permission.READ_EXTERNAL_STORAGE android.permission.SCHEDULE_EXACT_ALARM getui.permission.GetuiService.com.klook com.vivo.notification.permission.BADGE_ICON 

09-02 17:47:19.323  5877  5877 I LSPosed-Bridge: 5877 PermLabel 10127 declared normal_permissions =android.permission.BLUETOOTH android.permission.VIBRATE com.google.android.c2dm.permission.RECEIVE android.permission.WAKE_LOCK android.permission.ACCESS_WIFI_STATE android.permission.ACCESS_NETWORK_STATE android.permission.INTERNET android.permission.NFC com.google.android.gms.permission.AD_ID com.google.android.finsky.permission.BIND_GET_INSTALL_REFERRER_SERVICE android.permission.FOREGROUND_SERVICE 

09-02 17:47:19.323  5877  5877 I LSPosed-Bridge: 5877 PermLabel 10127 declared normal_permissions =android.permission.BLUETOOTH android.permission.VIBRATE com.google.android.c2dm.permission.RECEIVE android.permission.WAKE_LOCK android.permission.ACCESS_WIFI_STATE android.permission.ACCESS_NETWORK_STATE android.permission.INTERNET android.permission.NFC com.google.android.gms.permission.AD_ID com.google.android.finsky.permission.BIND_GET_INSTALL_REFERRER_SERVICE android.permission.FOREGROUND_SERVICE 

09-02 17:47:19.323  5877  5877 I LSPosed-Bridge: 5877 PermLabel 10127 declared dangerous_permissions =android.permission.WRITE_EXTERNAL_STORAGE android.permission.ACCESS_COARSE_LOCATION android.permission.ACCESS_FINE_LOCATION android.permission.CAMERA android.permission.READ_EXTERNAL_STORAGE 

09-02 17:47:19.323  5877  5877 I LSPosed-Bridge: 5877 PermLabel 10127 declared dangerous_permissions =android.permission.WRITE_EXTERNAL_STORAGE android.permission.ACCESS_COARSE_LOCATION android.permission.ACCESS_FINE_LOCATION android.permission.CAMERA android.permission.READ_EXTERNAL_STORAGE 

09-02 17:47:19.323  5877  5877 I LSPosed-Bridge: 5877 PermLabel 10127 declared dangerous_group =Storage Location Location Camera Storage 

09-02 17:47:19.323  5877  5877 I LSPosed-Bridge: 5877 PermLabel 10127 declared dangerous_group =Storage Location Location Camera Storage 

09-02 17:47:19.323   551   551 I ConfigStore: android::hardware::configstore::V1_0::ISurfaceFlingerConfigs::hasHDRDisplay retrieved: 0

09-02 17:47:19.323   551   551 I ConfigStore: android::hardware::configstore::V1_0::ISurfaceFlingerConfigs::hasHDRDisplay retrieved: 0

09-02 17:47:23.918  5877  6404 I LSPosed-Bridge: 5877 PermLabel hookBinder_test 10127 interfaceBinder =android.content.IContentProvider; arg0 = 21; arg1 = android.os.Parcel@1d5b759; arg2 = android.os.Parcel@db25f1e; arg3 = 0; res = true; stacktrace=java.lang.Exception

09-02 17:47:23.918  5877  6404 I LSPosed-Bridge: 	at com.example.permlabel.hookBinder_test$1.afterHookedMethod(hookBinder_test.java:55)

09-02 17:47:23.918  5877  6404 I LSPosed-Bridge: 	at de.robv.android.xposed.XposedBridge$AdditionalHookInfo.callback(Unknown Source:147)

09-02 17:47:23.918  5877  6404 I LSPosed-Bridge: 	at LSPHooker_.transact(Unknown Source:28)

09-02 17:47:23.918  5877  6404 I LSPosed-Bridge: 	at android.content.ContentProviderProxy.call(ContentProviderNative.java:649)

09-02 17:47:23.918  5877  6404 I LSPosed-Bridge: 	at android.provider.Settings$NameValueCache.getStringForUser(Settings.java:2099)

09-02 17:47:23.918  5877  6404 I LSPosed-Bridge: 	at android.provider.Settings$Secure.getStringForUser(Settings.java:5419)

09-02 17:47:23.918  5877  6404 I LSPosed-Bridge: 	at android.provider.Settings$Secure.isLocationProviderEnabledForUser(Settings.java:8951)

09-02 17:47:23.918  5877  6404 I LSPosed-Bridge: 	at android.provider.Settings$Secure.getLocationModeForUser(Settings.java:9061)

09-02 17:47:23.918  5877  6404 I LSPosed-Bridge: 	at android.provider.Settings$Secure.getIntForUser(Settings.java:5636)

09-02 17:47:23.918  5877  6404 I LSPosed-Bridge: 	at android.provider.Settings$Secure.getInt(Settings.java:5628)

09-02 17:47:23.918  5877  6404 I LSPosed-Bridge: 	at c.t.m.g.fq.b(TL:55)

09-02 17:47:23.918  5877  6404 I LSPosed-Bridge: 	at c.t.m.g.eu.b(TL:332)

09-02 17:47:23.918  5877  6404 I LSPosed-Bridge: 	at c.t.m.g.eu.a(TL:37)

09-02 17:47:23.918  5877  6404 I LSPosed-Bridge: 	at c.t.m.g.eu$1.run(TL:80)

09-02 17:47:23.918  5877  6404 I LSPosed-Bridge: 	at android.os.Handler.handleCallback(Handler.java:873)

09-02 17:47:23.918  5877  6404 I LSPosed-Bridge: 	at android.os.Handler.dispatchMessage(Handler.java:99)

09-02 17:47:23.918  5877  6404 I LSPosed-Bridge: 	at android.os.Looper.loop(Looper.java:193)

09-02 17:47:23.918  5877  6404 I LSPosed-Bridge: 	at android.os.HandlerThread.run(HandlerThread.java:65)

09-02 17:47:23.918  5877  6411 I LSPosed-Bridge: 5877 PermLabel hookBinder_test 10127 interfaceBinder =com.android.internal.telephony.ISub; arg0 = 20; arg1 = android.os.Parcel@a150123; arg2 = android.os.Parcel@7cc2f3; arg3 = 0; res = true; stacktrace=java.lang.Exception

09-02 17:47:23.918  5877  6411 I LSPosed-Bridge: 	at com.example.permlabel.hookBinder_test$1.afterHookedMethod(hookBinder_test.java:55)

09-02 17:47:23.918  5877  6411 I LSPosed-Bridge: 	at de.robv.android.xposed.XposedBridge$AdditionalHookInfo.callback(Unknown Source:147)

09-02 17:47:23.918  5877  6411 I LSPosed-Bridge: 	at LSPHooker_.transact(Unknown Source:28)

09-02 17:47:23.918  5877  6411 I LSPosed-Bridge: 	at com.android.internal.telephony.ISub$Stub$Proxy.getDefaultSubId(ISub.java:847)

09-02 17:47:23.918  5877  6411 I LSPosed-Bridge: 	at android.telephony.SubscriptionManager.getDefaultSubscriptionId(SubscriptionManager.java:1254)

09-02 17:47:23.918  5877  6411 I LSPosed-Bridge: 	at android.telephony.TelephonyManager.getSubId(TelephonyManager.java:4890)

09-02 17:47:23.918  5877  6411 I LSPosed-Bridge: 	at android.telephony.TelephonyManager.getCurrentPhoneType(TelephonyManager.java:1519)

09-02 17:47:23.918  5877  6411 I LSPosed-Bridge: 	at android.telephony.TelephonyManager.getPhoneType(TelephonyManager.java:1584)

09-02 17:47:23.918  5877  6411 I LSPosed-Bridge: 	at c.t.m.g.ed$2.run(TL:1469)

09-02 17:47:23.918  5877  6411 I LSPosed-Bridge: 	at java.lang.Thread.run(Thread.java:764)

09-02 17:47:23.918  1568  2537 I LSPosed-Bridge: 5877 PermLabel 10127 AMS.checkPermission: Binder.getCallingPid() = 1900; uid = 10127; Binder.getCallingUid() = 1001; getNameForUid: android.uid.phone:1001; getPackagesForUid: [com.android.providers.telephony, com.qualcomm.qti.ims, com.android.mms.service, com.qti.confuridialer, com.qti.qualcomm.datastatusnotification, com.qti.qualcomm.deviceinfo, com.qualcomm.qti.networksetting, com.qualcomm.qti.telephonyservice, com.qualcomm.simcontacts, com.qualcomm.qti.autoregistration, com.qualcomm.qti.lpa, com.qualcomm.qti.uim, com.android.stk, com.android.phone, com.qti.xdivert, com.qualcomm.qti.callfeaturessetting, com.qualcomm.qcrilmsgtunnel, org.codeaurora.ims]; permName: android.permission.ACCESS_COARSE_LOCATION; type = 1; res = -1; stacktrace=java.lang.Exception

09-02 17:47:23.918  1568  2537 I LSPosed-Bridge: 	at com.example.permlabel.requirePerm$1$2.afterHookedMethod(requirePerm.java:130)

09-02 17:47:23.918  1568  2537 I LSPosed-Bridge: 	at de.robv.android.xposed.XposedBridge$AdditionalHookInfo.callback(Unknown Source:147)

09-02 17:47:23.918  1568  2537 I LSPosed-Bridge: 	at LSPHooker_.checkPermission(Unknown Source:25)

09-02 17:47:23.918  1568  2537 I LSPosed-Bridge: 	at android.app.IActivityManager$Stub.onTransact(IActivityManager.java:664)

09-02 17:47:23.918  1568  2537 I LSPosed-Bridge: 	at com.android.server.am.ActivityManagerService.onTransact(ActivityManagerService.java:3346)

09-02 17:47:23.918  1568  2537 I LSPosed-Bridge: 	at android.os.Binder.execTransact(Binder.java:731)

09-02 17:47:23.920  5877  6411 I LSPosed-Bridge: 5877 PermLabel hookBinder_test 10127 interfaceBinder =com.android.internal.telephony.ISub; arg0 = 22; arg1 = android.os.Parcel@db25f1e; arg2 = android.os.Parcel@1d5b759; arg3 = 0; res = true; stacktrace=java.lang.Exception

09-02 17:47:23.920  5877  6411 I LSPosed-Bridge: 	at com.example.permlabel.hookBinder_test$1.afterHookedMethod(hookBinder_test.java:55)

09-02 17:47:23.920  5877  6411 I LSPosed-Bridge: 	at de.robv.android.xposed.XposedBridge$AdditionalHookInfo.callback(Unknown Source:147)

09-02 17:47:23.920  5877  6411 I LSPosed-Bridge: 	at LSPHooker_.transact(Unknown Source:28)

09-02 17:47:23.920  5877  6411 I LSPosed-Bridge: 	at com.android.internal.telephony.ISub$Stub$Proxy.getPhoneId(ISub.java:882)

09-02 17:47:23.920  5877  6411 I LSPosed-Bridge: 	at android.telephony.SubscriptionManager.getPhoneId(SubscriptionManager.java:1224)

09-02 17:47:23.920  5877  6411 I LSPosed-Bridge: 	at android.telephony.TelephonyManager.getCurrentPhoneType(TelephonyManager.java:1540)

09-02 17:47:23.920  5877  6411 I LSPosed-Bridge: 	at android.telephony.TelephonyManager.getCurrentPhoneType(TelephonyManager.java:1519)

09-02 17:47:23.920  5877  6411 I LSPosed-Bridge: 	at android.telephony.TelephonyManager.getPhoneType(TelephonyManager.java:1584)

09-02 17:47:23.920  5877  6411 I LSPosed-Bridge: 	at c.t.m.g.ed$2.run(TL:1469)

09-02 17:47:23.920  5877  6411 I LSPosed-Bridge: 	at java.lang.Thread.run(Thread.java:764)

09-02 17:47:23.920  5877  6413 I LSPosed-Bridge: 5877 PermLabel hookBinder_test 10127 interfaceBinder =com.android.internal.telephony.ITelephony; arg0 = 82; arg1 = android.os.Parcel@e07719b; arg2 = android.os.Parcel@591a6aa; arg3 = 0; res = true; stacktrace=java.lang.Exception

09-02 17:47:23.920  5877  6413 I LSPosed-Bridge: 	at com.example.permlabel.hookBinder_test$1.afterHookedMethod(hookBinder_test.java:55)

09-02 17:47:23.920  5877  6413 I LSPosed-Bridge: 	at de.robv.android.xposed.XposedBridge$AdditionalHookInfo.callback(Unknown Source:147)

09-02 17:47:23.920  5877  6413 I LSPosed-Bridge: 	at LSPHooker_.transact(Unknown Source:28)

09-02 17:47:23.920  5877  6413 I LSPosed-Bridge: 	at com.android.internal.telephony.ITelephony$Stub$Proxy.getAllCellInfo(ITelephony.java:3940)

09-02 17:47:23.920  5877  6413 I LSPosed-Bridge: 	at android.telephony.TelephonyManager.getAllCellInfo(TelephonyManager.java:4406)

09-02 17:47:23.920  5877  6413 I LSPosed-Bridge: 	at java.lang.reflect.Method.invoke(Native Method)

09-02 17:47:23.920  5877  6413 I LSPosed-Bridge: 	at org.lsposed.lspd.nativebridge.HookBridge.invokeOriginalMethod(Native Method)

09-02 17:47:23.920  5877  6413 I LSPosed-Bridge: 	at de.robv.android.xposed.XposedBridge$AdditionalHookInfo.callback(Unknown Source:110)

09-02 17:47:23.920  5877  6413 I LSPosed-Bridge: 	at LSPHooker_.getAllCellInfo(Unknown Source:8)

09-02 17:47:23.920  5877  6413 I LSPosed-Bridge: 	at c.t.m.g.fi.b(TL:156)

09-02 17:47:23.920  5877  6413 I LSPosed-Bridge: 	at c.t.m.g.er$a.a(TL:276)

09-02 17:47:23.920  5877  6413 I LSPosed-Bridge: 	at c.t.m.g.er$a.handleMessage(TL:248)

09-02 17:47:23.920  5877  6413 I LSPosed-Bridge: 	at android.os.Handler.dispatchMessage(Handler.java:106)

09-02 17:47:23.920  5877  6413 I LSPosed-Bridge: 	at android.os.Looper.loop(Looper.java:193)

09-02 17:47:23.920  5877  6413 I LSPosed-Bridge: 	at android.os.HandlerThread.run(HandlerThread.java:65)

09-02 17:47:23.920  1568  3451 I LSPosed-Bridge: 5877 PermLabel 10127 AMS.checkPermission: Binder.getCallingPid() = 5877; uid = 10127; Binder.getCallingUid() = 10127; getNameForUid: com.klook; getPackagesForUid: [com.klook]; permName: android.permission.ACCESS_WIFI_STATE; type = 0; res = 0; stacktrace=java.lang.Exception

09-02 17:47:23.920  1568  3451 I LSPosed-Bridge: 	at com.example.permlabel.requirePerm$1$2.afterHookedMethod(requirePerm.java:124)

09-02 17:47:23.920  1568  3451 I LSPosed-Bridge: 	at de.robv.android.xposed.XposedBridge$AdditionalHookInfo.callback(Unknown Source:147)

09-02 17:47:23.920  1568  3451 I LSPosed-Bridge: 	at LSPHooker_.checkPermission(Unknown Source:25)

09-02 17:47:23.920  1568  3451 I LSPosed-Bridge: 	at android.app.ContextImpl.checkPermission(ContextImpl.java:1751)

09-02 17:47:23.920  1568  3451 I LSPosed-Bridge: 	at android.app.ContextImpl.checkCallingOrSelfPermission(ContextImpl.java:1791)

09-02 17:47:23.920  1568  3451 I LSPosed-Bridge: 	at android.app.ContextImpl.enforceCallingOrSelfPermission(ContextImpl.java:1841)

09-02 17:47:23.920  1568  3451 I LSPosed-Bridge: 	at com.android.server.wifi.WifiServiceImpl.enforceAccessPermission(WifiServiceImpl.java:795)

09-02 17:47:23.920  1568  3451 I LSPosed-Bridge: 	at com.android.server.wifi.WifiServiceImpl.getWifiEnabledState(WifiServiceImpl.java:961)

09-02 17:47:23.920  1568  3451 I LSPosed-Bridge: 	at android.net.wifi.IWifiManager$Stub.onTransact(IWifiManager.java:367)

09-02 17:47:23.920  1568  3451 I LSPosed-Bridge: 	at android.os.Binder.execTransact(Binder.java:731)

09-02 17:47:23.920  5877  6413 I LSPosed-Bridge: 5877 PermLabel 10127; permName: android.permission.ACCESS_COARSE_LOCATION; getAllCellInfo res = null; stacktrace=java.lang.Exception

09-02 17:47:23.920  5877  6413 I LSPosed-Bridge: 	at com.example.permlabel.hookLocationExtra_test$4.afterHookedMethod(hookLocationExtra_test.java:66)

09-02 17:47:23.920  5877  6413 I LSPosed-Bridge: 	at de.robv.android.xposed.XposedBridge$AdditionalHookInfo.callback(Unknown Source:147)

09-02 17:47:23.920  5877  6413 I LSPosed-Bridge: 	at LSPHooker_.getAllCellInfo(Unknown Source:8)

09-02 17:47:23.920  5877  6413 I LSPosed-Bridge: 	at c.t.m.g.fi.b(TL:156)

09-02 17:47:23.920  5877  6413 I LSPosed-Bridge: 	at c.t.m.g.er$a.a(TL:276)

09-02 17:47:23.920  5877  6413 I LSPosed-Bridge: 	at c.t.m.g.er$a.handleMessage(TL:248)

09-02 17:47:23.920  5877  6413 I LSPosed-Bridge: 	at android.os.Handler.dispatchMessage(Handler.java:106)

09-02 17:47:23.920  5877  6413 I LSPosed-Bridge: 	at android.os.Looper.loop(Looper.java:193)

09-02 17:47:23.920  5877  6413 I LSPosed-Bridge: 	at android.os.HandlerThread.run(HandlerThread.java:65)

09-02 17:47:23.923  1568  3451 I LSPosed-Bridge: 5877 PermLabel 10127 AMS.checkPermission: Binder.getCallingPid() = 1900; uid = 10127; Binder.getCallingUid() = 1001; getNameForUid: android.uid.phone:1001; getPackagesForUid: [com.android.providers.telephony, com.qualcomm.qti.ims, com.android.mms.service, com.qti.confuridialer, com.qti.qualcomm.datastatusnotification, com.qti.qualcomm.deviceinfo, com.qualcomm.qti.networksetting, com.qualcomm.qti.telephonyservice, com.qualcomm.simcontacts, com.qualcomm.qti.autoregistration, com.qualcomm.qti.lpa, com.qualcomm.qti.uim, com.android.stk, com.android.phone, com.qti.xdivert, com.qualcomm.qti.callfeaturessetting, com.qualcomm.qcrilmsgtunnel, org.codeaurora.ims]; permName: android.permission.ACCESS_COARSE_LOCATION; type = 1; res = -1; stacktrace=java.lang.Exception

09-02 17:47:23.923  1568  3451 I LSPosed-Bridge: 	at com.example.permlabel.requirePerm$1$2.afterHookedMethod(requirePerm.java:130)

09-02 17:47:23.923  1568  3451 I LSPosed-Bridge: 	at de.robv.android.xposed.XposedBridge$AdditionalHookInfo.callback(Unknown Source:147)

09-02 17:47:23.923  1568  3451 I LSPosed-Bridge: 	at LSPHooker_.checkPermission(Unknown Source:25)

09-02 17:47:23.923  1568  3451 I LSPosed-Bridge: 	at android.app.IActivityManager$Stub.onTransact(IActivityManager.java:664)

09-02 17:47:23.923  1568  3451 I LSPosed-Bridge: 	at com.android.server.am.ActivityManagerService.onTransact(ActivityManagerService.java:3346)

09-02 17:47:23.923  1568  3451 I LSPosed-Bridge: 	at android.os.Binder.execTransact(Binder.java:731)

09-02 17:47:23.923  1568  6293 I LSPosed-Bridge: 5877 PermLabel 10127 AMS.checkPermission: Binder.getCallingPid() = 5877; uid = 10127; Binder.getCallingUid() = 10127; getNameForUid: com.klook; getPackagesForUid: [com.klook]; permName: android.permission.CHANGE_WIFI_STATE; type = 0; res = -1; stacktrace=java.lang.Exception

09-02 17:47:23.923  1568  6293 I LSPosed-Bridge: 	at com.example.permlabel.requirePerm$1$2.afterHookedMethod(requirePerm.java:124)

09-02 17:47:23.923  1568  6293 I LSPosed-Bridge: 	at de.robv.android.xposed.XposedBridge$AdditionalHookInfo.callback(Unknown Source:147)

09-02 17:47:23.923  1568  6293 I LSPosed-Bridge: 	at LSPHooker_.checkPermission(Unknown Source:25)

09-02 17:47:23.923  1568  6293 I LSPosed-Bridge: 	at android.app.ContextImpl.checkPermission(ContextImpl.java:1751)

09-02 17:47:23.923  1568  6293 I LSPosed-Bridge: 	at android.app.ContextImpl.checkCallingOrSelfPermission(ContextImpl.java:1791)

09-02 17:47:23.923  1568  6293 I LSPosed-Bridge: 	at android.app.ContextImpl.enforceCallingOrSelfPermission(ContextImpl.java:1841)

09-02 17:47:23.923  1568  6293 I LSPosed-Bridge: 	at com.android.server.wifi.WifiServiceImpl.enforceChangePermission(WifiServiceImpl.java:812)

09-02 17:47:23.923  1568  6293 I LSPosed-Bridge: 	at com.android.server.wifi.WifiServiceImpl.startScan(WifiServiceImpl.java:679)

09-02 17:47:23.923  1568  6293 I LSPosed-Bridge: 	at android.net.wifi.IWifiManager$Stub.onTransact(IWifiManager.java:294)

09-02 17:47:23.923  1568  6293 I LSPosed-Bridge: 	at android.os.Binder.execTransact(Binder.java:731)

09-02 17:47:23.923  5877  6404 I LSPosed-Bridge: 5877 PermLabel hookBinder_test 10127 interfaceBinder =android.net.wifi.IWifiManager; arg0 = 19; arg1 = android.os.Parcel@7cc2f3; arg2 = android.os.Parcel@da09982; arg3 = 0; res = true; stacktrace=java.lang.Exception

09-02 17:47:23.923  5877  6404 I LSPosed-Bridge: 	at com.example.permlabel.hookBinder_test$1.afterHookedMethod(hookBinder_test.java:55)

09-02 17:47:23.923  5877  6404 I LSPosed-Bridge: 	at de.robv.android.xposed.XposedBridge$AdditionalHookInfo.callback(Unknown Source:147)

09-02 17:47:23.923  5877  6404 I LSPosed-Bridge: 	at LSPHooker_.transact(Unknown Source:28)

09-02 17:47:23.923  5877  6404 I LSPosed-Bridge: 	at android.net.wifi.IWifiManager$Stub$Proxy.startScan(IWifiManager.java:1360)

09-02 17:47:23.923  5877  6404 I LSPosed-Bridge: 	at android.net.wifi.WifiManager.startScan(WifiManager.java:1745)

09-02 17:47:23.923  5877  6404 I LSPosed-Bridge: 	at android.net.wifi.WifiManager.startScan(WifiManager.java:1736)

09-02 17:47:23.923  5877  6404 I LSPosed-Bridge: 	at java.lang.reflect.Method.invoke(Native Method)

09-02 17:47:23.923  5877  6404 I LSPosed-Bridge: 	at org.lsposed.lspd.nativebridge.HookBridge.invokeOriginalMethod(Native Method)

09-02 17:47:23.923  5877  6404 I LSPosed-Bridge: 	at de.robv.android.xposed.XposedBridge$AdditionalHookInfo.callback(Unknown Source:110)

09-02 17:47:23.923  5877  6404 I LSPosed-Bridge: 	at LSPHooker_.startScan(Unknown Source:8)

09-02 17:47:23.923  5877  6404 I LSPosed-Bridge: 	at c.t.m.g.fq.b(TL:102)

09-02 17:47:23.923  5877  6404 I LSPosed-Bridge: 	at c.t.m.g.eu.b(TL:335)

09-02 17:47:23.923  5877  6404 I LSPosed-Bridge: 	at c.t.m.g.eu.a(TL:37)

09-02 17:47:23.923  5877  6404 I LSPosed-Bridge: 	at c.t.m.g.eu$1.run(TL:80)

09-02 17:47:23.923  5877  6404 I LSPosed-Bridge: 	at android.os.Handler.handleCallback(Handler.java:873)

09-02 17:47:23.923  5877  6404 I LSPosed-Bridge: 	at android.os.Handler.dispatchMessage(Handler.java:99)

09-02 17:47:23.923  5877  6404 I LSPosed-Bridge: 	at android.os.Looper.loop(Looper.java:193)

09-02 17:47:23.923  5877  6404 I LSPosed-Bridge: 	at android.os.HandlerThread.run(HandlerThread.java:65)

09-02 17:47:23.925  5877  6413 I LSPosed-Bridge: 5877 PermLabel 10127; permName: android.permission.ACCESS_COARSE_LOCATION; getCellLocation res = null; stacktrace=java.lang.Exception

09-02 17:47:23.925  5877  6413 I LSPosed-Bridge: 	at com.example.permlabel.hookLocationExtra_test$3.afterHookedMethod(hookLocationExtra_test.java:59)

09-02 17:47:23.925  5877  6413 I LSPosed-Bridge: 	at de.robv.android.xposed.XposedBridge$AdditionalHookInfo.callback(Unknown Source:147)

09-02 17:47:23.925  5877  6413 I LSPosed-Bridge: 	at LSPHooker_.getCellLocation(Unknown Source:8)

09-02 17:47:23.925  5877  6413 I LSPosed-Bridge: 	at c.t.m.g.fi.a(TL:95)

09-02 17:47:23.925  5877  6413 I LSPosed-Bridge: 	at c.t.m.g.er$a.a(TL:285)

09-02 17:47:23.925  5877  6413 I LSPosed-Bridge: 	at c.t.m.g.er$a.handleMessage(TL:248)

09-02 17:47:23.925  5877  6413 I LSPosed-Bridge: 	at android.os.Handler.dispatchMessage(Handler.java:106)

09-02 17:47:23.925  5877  6413 I LSPosed-Bridge: 	at android.os.Looper.loop(Looper.java:193)

09-02 17:47:23.925  5877  6413 I LSPosed-Bridge: 	at android.os.HandlerThread.run(HandlerThread.java:65)

09-02 17:47:23.925  5877  6404 I LSPosed-Bridge: 5877 PermLabel 10127; permName: android.permission.CHANGE_WIFI_STATE; startScan res = null; stacktrace=java.lang.Exception

09-02 17:47:23.925  5877  6404 I LSPosed-Bridge: 	at com.example.permlabel.hookWifi$1.afterHookedMethod(hookWifi.java:36)

09-02 17:47:23.925  5877  6404 I LSPosed-Bridge: 	at de.robv.android.xposed.XposedBridge$AdditionalHookInfo.callback(Unknown Source:147)

09-02 17:47:23.925  5877  6404 I LSPosed-Bridge: 	at LSPHooker_.startScan(Unknown Source:8)

09-02 17:47:23.925  5877  6404 I LSPosed-Bridge: 	at c.t.m.g.fq.b(TL:102)

09-02 17:47:23.925  5877  6404 I LSPosed-Bridge: 	at c.t.m.g.eu.b(TL:335)

09-02 17:47:23.925  5877  6404 I LSPosed-Bridge: 	at c.t.m.g.eu.a(TL:37)

09-02 17:47:23.925  5877  6404 I LSPosed-Bridge: 	at c.t.m.g.eu$1.run(TL:80)

09-02 17:47:23.925  5877  6404 I LSPosed-Bridge: 	at android.os.Handler.handleCallback(Handler.java:873)

09-02 17:47:23.925  5877  6404 I LSPosed-Bridge: 	at android.os.Handler.dispatchMessage(Handler.java:99)

09-02 17:47:23.925  5877  6404 I LSPosed-Bridge: 	at android.os.Looper.loop(Looper.java:193)

09-02 17:47:23.925  5877  6404 I LSPosed-Bridge: 	at android.os.HandlerThread.run(HandlerThread.java:65)

09-02 17:47:23.925  5877  5877 I LSPosed-Bridge: 5877 PermLabel hookBinder_test 10127 interfaceBinder =android.content.pm.IPackageManager; arg0 = 5; arg1 = android.os.Parcel@2c2b098; arg2 = android.os.Parcel@93ada7b; arg3 = 0; res = true; stacktrace=java.lang.Exception

09-02 17:47:23.925  5877  5877 I LSPosed-Bridge: 	at com.example.permlabel.hookBinder_test$1.afterHookedMethod(hookBinder_test.java:55)

09-02 17:47:23.925  5877  5877 I LSPosed-Bridge: 	at de.robv.android.xposed.XposedBridge$AdditionalHookInfo.callback(Unknown Source:147)

09-02 17:47:23.925  5877  5877 I LSPosed-Bridge: 	at LSPHooker_.transact(Unknown Source:28)

09-02 17:47:23.925  5877  5877 I LSPosed-Bridge: 	at android.content.pm.IPackageManager$Stub$Proxy.getPackageUid(IPackageManager.java:2932)

09-02 17:47:23.925  5877  5877 I LSPosed-Bridge: 	at android.os.storage.StorageManager.getVolumeList(StorageManager.java:1164)

09-02 17:47:23.925  5877  5877 I LSPosed-Bridge: 	at android.os.Environment$UserEnvironment.getExternalDirs(Environment.java:91)

09-02 17:47:23.925  5877  5877 I LSPosed-Bridge: 	at android.os.Environment$UserEnvironment.buildExternalStorageAppFilesDirs(Environment.java:135)

09-02 17:47:23.925  5877  5877 I LSPosed-Bridge: 	at android.os.Environment.buildExternalStorageAppFilesDirs(Environment.java:783)

09-02 17:47:23.925  5877  5877 I LSPosed-Bridge: 	at android.app.ContextImpl.getExternalFilesDirs(ContextImpl.java:665)

09-02 17:47:23.925  5877  5877 I LSPosed-Bridge: 	at android.app.ContextImpl.getExternalFilesDir(ContextImpl.java:658)

09-02 17:47:23.925  5877  5877 I LSPosed-Bridge: 	at android.content.ContextWrapper.getExternalFilesDir(ContextWrapper.java:249)

09-02 17:47:23.925  5877  5877 I LSPosed-Bridge: 	at c.t.m.g.cr.<init>(TL:222)

09-02 17:47:23.925  5877  5877 I LSPosed-Bridge: 	at c.t.m.g.ep.e(TL:501)

09-02 17:47:23.925  5877  5877 I LSPosed-Bridge: 	at c.t.m.g.ep.a(TL:413)

09-02 17:47:23.925  5877  5877 I LSPosed-Bridge: 	at c.t.m.g.ep.a(TL:344)

09-02 17:47:23.925  5877  5877 I LSPosed-Bridge: 	at c.t.m.g.ep.b(TL:397)

09-02 17:47:23.925  5877  5877 I LSPosed-Bridge: 	at com.tencent.map.geolocation.proxy.TencentLocationManagerProxy.requestSingleFreshLocation(TL:180)

09-02 17:47:23.925  5877  5877 I LSPosed-Bridge: 	at java.lang.reflect.Method.invoke(Native Method)

09-02 17:47:23.925  5877  5877 I LSPosed-Bridge: 	at com.tencent.map.geolocation.TencentLocationManager.requestSingleFreshLocation(TCL:6)

09-02 17:47:23.925  5877  5877 I LSPosed-Bridge: 	at com.klook.location.internal.third.d.requestLocation(TencentLocationImpl.kt:4)

09-02 17:47:23.925  5877  5877 I LSPosed-Bridge: 	at com.klook.location.internal.LocationManager.requestLocation(LocationManager.kt:8)

09-02 17:47:23.925  5877  5877 I LSPosed-Bridge: 	at com.klook.deepknow.forter.c.a(ForterWrapper.kt:4)

09-02 17:47:23.925  5877  5877 I LSPosed-Bridge: 	at com.klook.deepknow.forter.c.init(ForterWrapper.kt:8)

09-02 17:47:23.925  5877  5877 I LSPosed-Bridge: 	at com.klook.deepknow.b$a.init(KLRiskDeepKnowSDK.kt:1)

09-02 17:47:23.925  5877  5877 I LSPosed-Bridge: 	at com.klook.deepknow.b.init(Unknown Source:2)

09-02 17:47:23.925  5877  5877 I LSPosed-Bridge: 	at com.klooklib.activity.SplashActivity.q(SplashActivity.java:52)

09-02 17:47:23.925  5877  5877 I LSPosed-Bridge: 	at com.klooklib.activity.SplashActivity.I(SplashActivity.java:24)

09-02 17:47:23.925  5877  5877 I LSPosed-Bridge: 	at com.klooklib.activity.SplashActivity.initView(SplashActivity.java:14)

09-02 17:47:23.925  5877  5877 I LSPosed-Bridge: 	at com.klook.base.business.ui.BaseActivity.onCreate(BaseActivity.java:15)

09-02 17:47:23.925  5877  5877 I LSPosed-Bridge: 	at com.klooklib.activity.SplashActivity.onCreate(SplashActivity.java:1)

09-02 17:47:23.925  5877  5877 I LSPosed-Bridge: 	at android.app.Activity.performCreate(Activity.java:7136)

09-02 17:47:23.925  5877  5877 I LSPosed-Bridge: 	at android.app.Activity.performCreate(Activity.java:7127)

09-02 17:47:23.925  5877  5877 I LSPosed-Bridge: 	at android.app.Instrumentation.callActivityOnCreate(Instrumentation.java:1272)

09-02 17:47:23.925  5877  5877 I LSPosed-Bridge: 	at android.app.ActivityThread.performLaunchActivity(ActivityThread.java:2894)

09-02 17:47:23.925  5877  5877 I LSPosed-Bridge: 	at android.app.ActivityThread.handleLaunchActivity(ActivityThread.java:3049)

09-02 17:47:23.925  5877  5877 I LSPosed-Bridge: 	at android.app.servertransaction.LaunchActivityItem.execute(LaunchActivityItem.java:78)

09-02 17:47:23.925  5877  5877 I LSPosed-Bridge: 	at android.app.servertransaction.TransactionExecutor.executeCallbacks(TransactionExecutor.java:108)

09-02 17:47:23.925  5877  5877 I LSPosed-Bridge: 	at android.app.servertransaction.TransactionExecutor.execute(TransactionExecutor.java:68)

09-02 17:47:23.925  5877  5877 I LSPosed-Bridge: 	at android.app.ActivityThread$H.handleMessage(ActivityThread.java:1809)

09-02 17:47:23.925  5877  5877 I LSPosed-Bridge: 	at android.os.Handler.dispatchMessage(Handler.java:106)

09-02 17:47:23.925  5877  5877 I LSPosed-Bridge: 	at android.os.Looper.loop(Looper.java:193)

09-02 17:47:23.925  5877  5877 I LSPosed-Bridge: 	at android.app.ActivityThread.main(ActivityThread.java:6692)

09-02 17:47:23.925  5877  5877 I LSPosed-Bridge: 	at java.lang.reflect.Method.invoke(Native Method)

09-02 17:47:23.925  5877  5877 I LSPosed-Bridge: 	at com.android.internal.os.RuntimeInit$MethodAndArgsCaller.run(RuntimeInit.java:493)

09-02 17:47:23.925  5877  5877 I LSPosed-Bridge: 	at com.android.internal.os.ZygoteInit.main(ZygoteInit.java:858)

09-02 17:47:23.940  5877  5877 I LSPosed-Bridge: 5877 PermLabel hookBinder_test 10127 interfaceBinder =android.content.pm.IPackageManager; arg0 = 9; arg1 = android.os.Parcel@93ada7b; arg2 = android.os.Parcel@2c2b098; arg3 = 0; res = true; stacktrace=java.lang.Exception

09-02 17:47:23.940  5877  5877 I LSPosed-Bridge: 5877 PermLabel hookBinder_test 10127 interfaceBinder =android.content.pm.IPackageManager; arg0 = 9; arg1 = android.os.Parcel@93ada7b; arg2 = android.os.Parcel@2c2b098; arg3 = 0; res = true; stacktrace=java.lang.Exception

09-02 17:47:23.940  5877  5877 I LSPosed-Bridge: 	at com.example.permlabel.hookBinder_test$1.afterHookedMethod(hookBinder_test.java:55)

09-02 17:47:23.940  5877  5877 I LSPosed-Bridge: 	at com.example.permlabel.hookBinder_test$1.afterHookedMethod(hookBinder_test.java:55)

09-02 17:47:23.940  5877  5877 I LSPosed-Bridge: 	at de.robv.android.xposed.XposedBridge$AdditionalHookInfo.callback(Unknown Source:147)

09-02 17:47:23.940  5877  5877 I LSPosed-Bridge: 	at de.robv.android.xposed.XposedBridge$AdditionalHookInfo.callback(Unknown Source:147)

09-02 17:47:23.940  5877  5877 I LSPosed-Bridge: 	at LSPHooker_.transact(Unknown Source:28)

09-02 17:47:23.940  5877  5877 I LSPosed-Bridge: 	at LSPHooker_.transact(Unknown Source:28)

09-02 17:47:23.940  5877  5877 I LSPosed-Bridge: 	at android.content.pm.IPackageManager$Stub$Proxy.getPermissionInfo(IPackageManager.java:3008)

09-02 17:47:23.940  5877  5877 I LSPosed-Bridge: 	at android.content.pm.IPackageManager$Stub$Proxy.getPermissionInfo(IPackageManager.java:3008)

09-02 17:47:23.940  5877  5877 I LSPosed-Bridge: 	at android.app.ApplicationPackageManager.getPermissionInfo(ApplicationPackageManager.java:306)

09-02 17:47:23.940  5877  5877 I LSPosed-Bridge: 	at android.app.ApplicationPackageManager.getPermissionInfo(ApplicationPackageManager.java:306)

09-02 17:47:23.940  5877  5877 I LSPosed-Bridge: 	at com.example.permlabel.requestPerm$2.afterHookedMethod(requestPerm.java:176)

09-02 17:47:23.940  5877  5877 I LSPosed-Bridge: 	at com.example.permlabel.requestPerm$2.afterHookedMethod(requestPerm.java:176)

09-02 17:47:23.940  5877  5877 I LSPosed-Bridge: 	at de.robv.android.xposed.XposedBridge$AdditionalHookInfo.callback(Unknown Source:147)

09-02 17:47:23.940  5877  5877 I LSPosed-Bridge: 	at de.robv.android.xposed.XposedBridge$AdditionalHookInfo.callback(Unknown Source:147)

09-02 17:47:23.940  5877  5877 I LSPosed-Bridge: 	at LSPHooker_.checkPermission(Unknown Source:25)

09-02 17:47:23.940  5877  5877 I LSPosed-Bridge: 	at LSPHooker_.checkPermission(Unknown Source:25)

09-02 17:47:23.940  5877  5877 I LSPosed-Bridge: 	at android.content.ContextWrapper.checkPermission(ContextWrapper.java:738)

09-02 17:47:23.940  5877  5877 I LSPosed-Bridge: 	at android.content.ContextWrapper.checkPermission(ContextWrapper.java:738)

09-02 17:47:23.940  5877  5877 I LSPosed-Bridge: 	at androidx.core.content.ContextCompat.checkSelfPermission(ContextCompat.java:2)

09-02 17:47:23.940  5877  5877 I LSPosed-Bridge: 	at androidx.core.content.ContextCompat.checkSelfPermission(ContextCompat.java:2)

09-02 17:47:23.940  5877  5877 I LSPosed-Bridge: 	at com.klook.location.internal.third.b.requestLocation(GoogleLocationImpl.kt:5)

09-02 17:47:23.940  5877  5877 I LSPosed-Bridge: 	at com.klook.location.internal.third.b.requestLocation(GoogleLocationImpl.kt:5)

09-02 17:47:23.940  5877  5877 I LSPosed-Bridge: 	at com.klook.location.internal.LocationManager.requestLocation(LocationManager.kt:8)

09-02 17:47:23.940  5877  5877 I LSPosed-Bridge: 	at com.klook.location.internal.LocationManager.requestLocation(LocationManager.kt:8)

09-02 17:47:23.940  5877  5877 I LSPosed-Bridge: 	at com.klook.deepknow.forter.c.a(ForterWrapper.kt:4)

09-02 17:47:23.940  5877  5877 I LSPosed-Bridge: 	at com.klook.deepknow.forter.c.a(ForterWrapper.kt:4)

09-02 17:47:23.940  5877  5877 I LSPosed-Bridge: 	at com.klook.deepknow.forter.c.init(ForterWrapper.kt:8)

09-02 17:47:23.940  5877  5877 I LSPosed-Bridge: 	at com.klook.deepknow.forter.c.init(ForterWrapper.kt:8)

09-02 17:47:23.940  5877  5877 I LSPosed-Bridge: 	at com.klook.deepknow.b$a.init(KLRiskDeepKnowSDK.kt:1)

09-02 17:47:23.940  5877  5877 I LSPosed-Bridge: 	at com.klook.deepknow.b$a.init(KLRiskDeepKnowSDK.kt:1)

09-02 17:47:23.940  5877  5877 I LSPosed-Bridge: 	at com.klook.deepknow.b.init(Unknown Source:2)

09-02 17:47:23.940  5877  5877 I LSPosed-Bridge: 	at com.klook.deepknow.b.init(Unknown Source:2)

09-02 17:47:23.940  5877  5877 I LSPosed-Bridge: 	at com.klooklib.activity.SplashActivity.q(SplashActivity.java:52)

09-02 17:47:23.940  5877  5877 I LSPosed-Bridge: 	at com.klooklib.activity.SplashActivity.q(SplashActivity.java:52)

09-02 17:47:23.940  5877  5877 I LSPosed-Bridge: 	at com.klooklib.activity.SplashActivity.I(SplashActivity.java:24)

09-02 17:47:23.940  5877  5877 I LSPosed-Bridge: 	at com.klooklib.activity.SplashActivity.I(SplashActivity.java:24)

09-02 17:47:23.940  5877  5877 I LSPosed-Bridge: 	at com.klooklib.activity.SplashActivity.initView(SplashActivity.java:14)

09-02 17:47:23.940  5877  5877 I LSPosed-Bridge: 	at com.klooklib.activity.SplashActivity.initView(SplashActivity.java:14)

09-02 17:47:23.940  5877  5877 I LSPosed-Bridge: 	at com.klook.base.business.ui.BaseActivity.onCreate(BaseActivity.java:15)

09-02 17:47:23.940  5877  5877 I LSPosed-Bridge: 	at com.klook.base.business.ui.BaseActivity.onCreate(BaseActivity.java:15)

09-02 17:47:23.940  5877  5877 I LSPosed-Bridge: 	at com.klooklib.activity.SplashActivity.onCreate(SplashActivity.java:1)

09-02 17:47:23.940  5877  5877 I LSPosed-Bridge: 	at com.klooklib.activity.SplashActivity.onCreate(SplashActivity.java:1)

09-02 17:47:23.940  5877  5877 I LSPosed-Bridge: 	at android.app.Activity.performCreate(Activity.java:7136)

09-02 17:47:23.940  5877  5877 I LSPosed-Bridge: 	at android.app.Activity.performCreate(Activity.java:7136)

09-02 17:47:23.940  5877  5877 I LSPosed-Bridge: 	at android.app.Activity.performCreate(Activity.java:7127)

09-02 17:47:23.940  5877  5877 I LSPosed-Bridge: 	at android.app.Activity.performCreate(Activity.java:7127)

09-02 17:47:23.940  5877  5877 I LSPosed-Bridge: 	at android.app.Instrumentation.callActivityOnCreate(Instrumentation.java:1272)

09-02 17:47:23.940  5877  5877 I LSPosed-Bridge: 	at android.app.Instrumentation.callActivityOnCreate(Instrumentation.java:1272)

09-02 17:47:23.940  5877  5877 I LSPosed-Bridge: 	at android.app.ActivityThread.performLaunchActivity(ActivityThread.java:2894)

09-02 17:47:23.940  5877  5877 I LSPosed-Bridge: 	at android.app.ActivityThread.performLaunchActivity(ActivityThread.java:2894)

09-02 17:47:23.940  5877  5877 I LSPosed-Bridge: 	at android.app.ActivityThread.handleLaunchActivity(ActivityThread.java:3049)

09-02 17:47:23.940  5877  5877 I LSPosed-Bridge: 	at android.app.ActivityThread.handleLaunchActivity(ActivityThread.java:3049)

09-02 17:47:23.940  5877  5877 I LSPosed-Bridge: 	at android.app.servertransaction.LaunchActivityItem.execute(LaunchActivityItem.java:78)

09-02 17:47:23.940  5877  5877 I LSPosed-Bridge: 	at android.app.servertransaction.LaunchActivityItem.execute(LaunchActivityItem.java:78)

09-02 17:47:23.940  5877  5877 I LSPosed-Bridge: 	at android.app.servertransaction.TransactionExecutor.executeCallbacks(TransactionExecutor.java:108)

09-02 17:47:23.940  5877  5877 I LSPosed-Bridge: 	at android.app.servertransaction.TransactionExecutor.executeCallbacks(TransactionExecutor.java:108)

09-02 17:47:23.940  5877  5877 I LSPosed-Bridge: 	at android.app.servertransaction.TransactionExecutor.execute(TransactionExecutor.java:68)

09-02 17:47:23.940  5877  5877 I LSPosed-Bridge: 	at android.app.servertransaction.TransactionExecutor.execute(TransactionExecutor.java:68)

09-02 17:47:23.940  5877  5877 I LSPosed-Bridge: 	at android.app.ActivityThread$H.handleMessage(ActivityThread.java:1809)

09-02 17:47:23.940  5877  5877 I LSPosed-Bridge: 	at android.app.ActivityThread$H.handleMessage(ActivityThread.java:1809)

09-02 17:47:23.940  5877  5877 I LSPosed-Bridge: 	at android.os.Handler.dispatchMessage(Handler.java:106)

09-02 17:47:23.940  5877  5877 I LSPosed-Bridge: 	at android.os.Handler.dispatchMessage(Handler.java:106)

09-02 17:47:23.940  5877  5877 I LSPosed-Bridge: 	at android.os.Looper.loop(Looper.java:193)

09-02 17:47:23.940  5877  5877 I LSPosed-Bridge: 	at android.os.Looper.loop(Looper.java:193)

09-02 17:47:23.940  5877  5877 I LSPosed-Bridge: 	at android.app.ActivityThread.main(ActivityThread.java:6692)

09-02 17:47:23.940  5877  5877 I LSPosed-Bridge: 	at android.app.ActivityThread.main(ActivityThread.java:6692)

09-02 17:47:23.940  5877  5877 I LSPosed-Bridge: 	at java.lang.reflect.Method.invoke(Native Method)

09-02 17:47:23.940  5877  5877 I LSPosed-Bridge: 	at java.lang.reflect.Method.invoke(Native Method)

09-02 17:47:23.940  5877  5877 I LSPosed-Bridge: 	at com.android.internal.os.RuntimeInit$MethodAndArgsCaller.run(RuntimeInit.java:493)

09-02 17:47:23.940  5877  5877 I LSPosed-Bridge: 	at com.android.internal.os.RuntimeInit$MethodAndArgsCaller.run(RuntimeInit.java:493)

09-02 17:47:23.940  5877  5877 I LSPosed-Bridge: 	at com.android.internal.os.ZygoteInit.main(ZygoteInit.java:858)

09-02 17:47:23.940  5877  5877 I LSPosed-Bridge: 	at com.android.internal.os.ZygoteInit.main(ZygoteInit.java:858)

09-02 17:47:23.940  1568  2537 I LSPosed-Bridge: 5877 PermLabel 10127 AMS.checkPermission: Binder.getCallingPid() = 1711; uid = 10127; Binder.getCallingUid() = 1002; getNameForUid: android.uid.bluetooth:1002; getPackagesForUid: [com.android.bluetooth, org.codeaurora.bluetooth]; permName: android.permission.BLUETOOTH; type = 0; res = 0; stacktrace=java.lang.Exception

09-02 17:47:23.940  1568  2537 I LSPosed-Bridge: 5877 PermLabel 10127 AMS.checkPermission: Binder.getCallingPid() = 1711; uid = 10127; Binder.getCallingUid() = 1002; getNameForUid: android.uid.bluetooth:1002; getPackagesForUid: [com.android.bluetooth, org.codeaurora.bluetooth]; permName: android.permission.BLUETOOTH; type = 0; res = 0; stacktrace=java.lang.Exception

09-02 17:47:23.940  1568  2537 I LSPosed-Bridge: 	at com.example.permlabel.requirePerm$1$2.afterHookedMethod(requirePerm.java:124)

09-02 17:47:23.940  1568  2537 I LSPosed-Bridge: 	at com.example.permlabel.requirePerm$1$2.afterHookedMethod(requirePerm.java:124)

09-02 17:47:23.940  1568  2537 I LSPosed-Bridge: 	at de.robv.android.xposed.XposedBridge$AdditionalHookInfo.callback(Unknown Source:147)

09-02 17:47:23.940  1568  2537 I LSPosed-Bridge: 	at de.robv.android.xposed.XposedBridge$AdditionalHookInfo.callback(Unknown Source:147)

09-02 17:47:23.940  1568  2537 I LSPosed-Bridge: 	at LSPHooker_.checkPermission(Unknown Source:25)

09-02 17:47:23.940  1568  2537 I LSPosed-Bridge: 	at LSPHooker_.checkPermission(Unknown Source:25)

09-02 17:47:23.940  1568  2537 I LSPosed-Bridge: 	at android.app.IActivityManager$Stub.onTransact(IActivityManager.java:664)

09-02 17:47:23.940  1568  2537 I LSPosed-Bridge: 	at android.app.IActivityManager$Stub.onTransact(IActivityManager.java:664)

09-02 17:47:23.940  1568  2537 I LSPosed-Bridge: 	at com.android.server.am.ActivityManagerService.onTransact(ActivityManagerService.java:3346)

09-02 17:47:23.940  1568  2537 I LSPosed-Bridge: 	at com.android.server.am.ActivityManagerService.onTransact(ActivityManagerService.java:3346)

09-02 17:47:23.940  1568  2537 I LSPosed-Bridge: 	at android.os.Binder.execTransact(Binder.java:731)

09-02 17:47:23.940  1568  2537 I LSPosed-Bridge: 	at android.os.Binder.execTransact(Binder.java:731)

09-02 17:47:23.940  5877  5877 I LSPosed-Bridge: 5877 PermLabel 10127 ContextImpl.checkPermission: askedperm = []; permName: android.permission.ACCESS_COARSE_LOCATION; android.os.Process.myPid() = 5877; type = 1

09-02 17:47:23.940  5877  5877 I LSPosed-Bridge: 5877 PermLabel 10127 ContextImpl.checkPermission: askedperm = []; permName: android.permission.ACCESS_COARSE_LOCATION; android.os.Process.myPid() = 5877; type = 1

09-02 17:47:23.940  5877  5877 I LSPosed-Bridge: 5877 PermLabel 10127 ContextImpl.checkPermission: pid = 5877; uid = 10127; Binder.getCallingPid() =5877; Binder.getCallingUid() = 10127; permName: android.permission.ACCESS_COARSE_LOCATION; type = 1; res = -1; stacktrace=java.lang.Exception

09-02 17:47:23.940  5877  5877 I LSPosed-Bridge: 5877 PermLabel 10127 ContextImpl.checkPermission: pid = 5877; uid = 10127; Binder.getCallingPid() =5877; Binder.getCallingUid() = 10127; permName: android.permission.ACCESS_COARSE_LOCATION; type = 1; res = -1; stacktrace=java.lang.Exception

09-02 17:47:23.940  5877  5877 I LSPosed-Bridge: 	at com.example.permlabel.requestPerm$2.afterHookedMethod(requestPerm.java:193)

09-02 17:47:23.940  5877  5877 I LSPosed-Bridge: 	at com.example.permlabel.requestPerm$2.afterHookedMethod(requestPerm.java:193)

09-02 17:47:23.940  5877  5877 I LSPosed-Bridge: 	at de.robv.android.xposed.XposedBridge$AdditionalHookInfo.callback(Unknown Source:147)

09-02 17:47:23.940  5877  5877 I LSPosed-Bridge: 	at de.robv.android.xposed.XposedBridge$AdditionalHookInfo.callback(Unknown Source:147)

09-02 17:47:23.940  5877  5877 I LSPosed-Bridge: 	at LSPHooker_.checkPermission(Unknown Source:25)

09-02 17:47:23.940  5877  5877 I LSPosed-Bridge: 	at LSPHooker_.checkPermission(Unknown Source:25)

09-02 17:47:23.940  5877  5877 I LSPosed-Bridge: 	at android.content.ContextWrapper.checkPermission(ContextWrapper.java:738)

09-02 17:47:23.940  5877  5877 I LSPosed-Bridge: 	at android.content.ContextWrapper.checkPermission(ContextWrapper.java:738)

09-02 17:47:23.940  5877  5877 I LSPosed-Bridge: 	at androidx.core.content.ContextCompat.checkSelfPermission(ContextCompat.java:2)

09-02 17:47:23.940  5877  5877 I LSPosed-Bridge: 	at androidx.core.content.ContextCompat.checkSelfPermission(ContextCompat.java:2)

09-02 17:47:23.940  5877  5877 I LSPosed-Bridge: 	at com.klook.location.internal.third.b.requestLocation(GoogleLocationImpl.kt:5)

09-02 17:47:23.940  5877  5877 I LSPosed-Bridge: 	at com.klook.location.internal.third.b.requestLocation(GoogleLocationImpl.kt:5)

09-02 17:47:23.940  5877  5877 I LSPosed-Bridge: 	at com.klook.location.internal.LocationManager.requestLocation(LocationManager.kt:8)

09-02 17:47:23.940  5877  5877 I LSPosed-Bridge: 	at com.klook.location.internal.LocationManager.requestLocation(LocationManager.kt:8)

09-02 17:47:23.940  5877  5877 I LSPosed-Bridge: 	at com.klook.deepknow.forter.c.a(ForterWrapper.kt:4)

09-02 17:47:23.940  5877  5877 I LSPosed-Bridge: 	at com.klook.deepknow.forter.c.a(ForterWrapper.kt:4)

09-02 17:47:23.940  5877  5877 I LSPosed-Bridge: 	at com.klook.deepknow.forter.c.init(ForterWrapper.kt:8)

09-02 17:47:23.940  5877  5877 I LSPosed-Bridge: 	at com.klook.deepknow.forter.c.init(ForterWrapper.kt:8)

09-02 17:47:23.940  5877  5877 I LSPosed-Bridge: 	at com.klook.deepknow.b$a.init(KLRiskDeepKnowSDK.kt:1)

09-02 17:47:23.940  5877  5877 I LSPosed-Bridge: 	at com.klook.deepknow.b$a.init(KLRiskDeepKnowSDK.kt:1)

09-02 17:47:23.940  5877  5877 I LSPosed-Bridge: 	at com.klook.deepknow.b.init(Unknown Source:2)

09-02 17:47:23.940  5877  5877 I LSPosed-Bridge: 	at com.klook.deepknow.b.init(Unknown Source:2)

09-02 17:47:23.940  5877  5877 I LSPosed-Bridge: 	at com.klooklib.activity.SplashActivity.q(SplashActivity.java:52)

09-02 17:47:23.940  5877  5877 I LSPosed-Bridge: 	at com.klooklib.activity.SplashActivity.q(SplashActivity.java:52)

09-02 17:47:23.940  5877  5877 I LSPosed-Bridge: 	at com.klooklib.activity.SplashActivity.I(SplashActivity.java:24)

09-02 17:47:23.940  5877  5877 I LSPosed-Bridge: 	at com.klooklib.activity.SplashActivity.I(SplashActivity.java:24)

09-02 17:47:23.940  5877  5877 I LSPosed-Bridge: 	at com.klooklib.activity.SplashActivity.initView(SplashActivity.java:14)

09-02 17:47:23.940  5877  5877 I LSPosed-Bridge: 	at com.klooklib.activity.SplashActivity.initView(SplashActivity.java:14)

09-02 17:47:23.940  5877  5877 I LSPosed-Bridge: 	at com.klook.base.business.ui.BaseActivity.onCreate(BaseActivity.java:15)

09-02 17:47:23.940  5877  5877 I LSPosed-Bridge: 	at com.klook.base.business.ui.BaseActivity.onCreate(BaseActivity.java:15)

09-02 17:47:23.940  5877  5877 I LSPosed-Bridge: 	at com.klooklib.activity.SplashActivity.onCreate(SplashActivity.java:1)

09-02 17:47:23.940  5877  5877 I LSPosed-Bridge: 	at com.klooklib.activity.SplashActivity.onCreate(SplashActivity.java:1)

09-02 17:47:23.940  5877  5877 I LSPosed-Bridge: 	at android.app.Activity.performCreate(Activity.java:7136)

09-02 17:47:23.940  5877  5877 I LSPosed-Bridge: 	at android.app.Activity.performCreate(Activity.java:7136)

09-02 17:47:23.940  5877  5877 I LSPosed-Bridge: 	at android.app.Activity.performCreate(Activity.java:7127)

09-02 17:47:23.940  5877  5877 I LSPosed-Bridge: 	at android.app.Activity.performCreate(Activity.java:7127)

09-02 17:47:23.940  5877  5877 I LSPosed-Bridge: 	at android.app.Instrumentation.callActivityOnCreate(Instrumentation.java:1272)

09-02 17:47:23.940  5877  5877 I LSPosed-Bridge: 	at android.app.Instrumentation.callActivityOnCreate(Instrumentation.java:1272)

09-02 17:47:23.940  5877  5877 I LSPosed-Bridge: 	at android.app.ActivityThread.performLaunchActivity(ActivityThread.java:2894)

09-02 17:47:23.940  5877  5877 I LSPosed-Bridge: 	at android.app.ActivityThread.performLaunchActivity(ActivityThread.java:2894)

09-02 17:47:23.940  5877  5877 I LSPosed-Bridge: 	at android.app.ActivityThread.handleLaunchActivity(ActivityThread.java:3049)

09-02 17:47:23.940  5877  5877 I LSPosed-Bridge: 	at android.app.ActivityThread.handleLaunchActivity(ActivityThread.java:3049)

09-02 17:47:23.940  5877  5877 I LSPosed-Bridge: 	at android.app.servertransaction.LaunchActivityItem.execute(LaunchActivityItem.java:78)

09-02 17:47:23.940  5877  5877 I LSPosed-Bridge: 	at android.app.servertransaction.LaunchActivityItem.execute(LaunchActivityItem.java:78)

09-02 17:47:23.940  5877  5877 I LSPosed-Bridge: 	at android.app.servertransaction.TransactionExecutor.executeCallbacks(TransactionExecutor.java:108)

09-02 17:47:23.940  5877  5877 I LSPosed-Bridge: 	at android.app.servertransaction.TransactionExecutor.executeCallbacks(TransactionExecutor.java:108)

09-02 17:47:23.940  5877  5877 I LSPosed-Bridge: 	at android.app.servertransaction.TransactionExecutor.execute(TransactionExecutor.java:68)

09-02 17:47:23.940  5877  5877 I LSPosed-Bridge: 	at android.app.servertransaction.TransactionExecutor.execute(TransactionExecutor.java:68)

09-02 17:47:23.940  5877  5877 I LSPosed-Bridge: 	at android.app.ActivityThread$H.handleMessage(ActivityThread.java:1809)

09-02 17:47:23.940  5877  5877 I LSPosed-Bridge: 	at android.app.ActivityThread$H.handleMessage(ActivityThread.java:1809)

09-02 17:47:23.940  5877  5877 I LSPosed-Bridge: 	at android.os.Handler.dispatchMessage(Handler.java:106)

09-02 17:47:23.940  5877  5877 I LSPosed-Bridge: 	at android.os.Handler.dispatchMessage(Handler.java:106)

09-02 17:47:23.940  5877  5877 I LSPosed-Bridge: 	at android.os.Looper.loop(Looper.java:193)

09-02 17:47:23.940  5877  5877 I LSPosed-Bridge: 	at android.os.Looper.loop(Looper.java:193)

09-02 17:47:23.940  5877  5877 I LSPosed-Bridge: 	at android.app.ActivityThread.main(ActivityThread.java:6692)

09-02 17:47:23.940  5877  5877 I LSPosed-Bridge: 	at android.app.ActivityThread.main(ActivityThread.java:6692)

