09-02 17:49:41.352 12591 12960 I LSPosed-Bridge: 	at android.app.ApplicationPackageManager.getApplicationInfoAsUser(ApplicationPackageManager.java:384)

09-02 17:49:41.352 12591 12960 I LSPosed-Bridge: 	at android.app.ApplicationPackageManager.getApplicationInfo(ApplicationPackageManager.java:377)

09-02 17:49:41.352 12591 12960 I LSPosed-Bridge: 	at m.wz.a(:com.google.android.gms.dynamite_dynamitemodulesc@233217028@23.32.17 (100400-0):15)

09-02 17:49:41.352 12591 12960 I LSPosed-Bridge: 	at m.ty.G(:com.google.android.gms.dynamite_dynamitemodulesc@233217028@23.32.17 (100400-0):1)

09-02 17:49:41.352 12591 12960 I LSPosed-Bridge: 	at m.ub.<init>(:com.google.android.gms.dynamite_dynamitemodulesc@233217028@23.32.17 (100400-0):77)

09-02 17:49:41.352 12591 12960 I LSPosed-Bridge: 	at m.ub.e(:com.google.android.gms.dynamite_dynamitemodulesc@233217028@23.32.17 (100400-0):91)

09-02 17:49:41.352 12591 12960 I LSPosed-Bridge: 	at m.aqh.a(:com.google.android.gms.dynamite_dynamitemodulesc@233217028@23.32.17 (100400-0):8)

09-02 17:49:41.352 12591 12960 I LSPosed-Bridge: 	at m.avu.a(:com.google.android.gms.dynamite_dynamitemodulesc@233217028@23.32.17 (100400-0):188)

09-02 17:49:41.352 12591 12960 I LSPosed-Bridge: 	at m.aqn.b(:com.google.android.gms.dynamite_dynamitemodulesc@233217028@23.32.17 (100400-0):93)

09-02 17:49:41.352 12591 12960 I LSPosed-Bridge: 	at m.arz.a(:com.google.android.gms.dynamite_dynamitemodulesc@233217028@23.32.17 (100400-0):75)

09-02 17:49:41.352 12591 12960 I LSPosed-Bridge: 	at m.aqn.b(:com.google.android.gms.dynamite_dynamitemodulesc@233217028@23.32.17 (100400-0):93)

09-02 17:49:41.352 12591 12960 I LSPosed-Bridge: 	at m.axj.d(:com.google.android.gms.dynamite_dynamitemodulesc@233217028@23.32.17 (100400-0):33)

09-02 17:49:41.352 12591 12960 I LSPosed-Bridge: 	at m.axj.c(:com.google.android.gms.dynamite_dynamitemodulesc@233217028@23.32.17 (100400-0):28)

09-02 17:49:41.352 12591 12960 I LSPosed-Bridge: 	at m.axj.e(:com.google.android.gms.dynamite_dynamitemodulesc@233217028@23.32.17 (100400-0):22)

09-02 17:49:41.352 12591 12960 I LSPosed-Bridge: 	at m.asm.a(:com.google.android.gms.dynamite_dynamitemodulesc@233217028@23.32.17 (100400-0):68)

09-02 17:49:41.352 12591 12960 I LSPosed-Bridge: 	at m.aqn.b(:com.google.android.gms.dynamite_dynamitemodulesc@233217028@23.32.17 (100400-0):93)

09-02 17:49:41.352 12591 12960 I LSPosed-Bridge: 	at m.axj.d(:com.google.android.gms.dynamite_dynamitemodulesc@233217028@23.32.17 (100400-0):33)

09-02 17:49:41.352 12591 12960 I LSPosed-Bridge: 	at m.aqk.a(:com.google.android.gms.dynamite_dynamitemodulesc@233217028@23.32.17 (100400-0):82)

09-02 17:49:41.352 12591 12960 I LSPosed-Bridge: 	at m.aqn.b(:com.google.android.gms.dynamite_dynamitemodulesc@233217028@23.32.17 (100400-0):93)

09-02 17:49:41.352 12591 12960 I LSPosed-Bridge: 	at m.axj.d(:com.google.android.gms.dynamite_dynamitemodulesc@233217028@23.32.17 (100400-0):33)

09-02 17:49:41.352 12591 12960 I LSPosed-Bridge: 	at m.axj.c(:com.google.android.gms.dynamite_dynamitemodulesc@233217028@23.32.17 (100400-0):28)

09-02 17:49:41.352 12591 12960 I LSPosed-Bridge: 	at m.aqn.b(:com.google.android.gms.dynamite_dynamitemodulesc@233217028@23.32.17 (100400-0):57)

09-02 17:49:41.352 12591 12960 I LSPosed-Bridge: 	at m.axj.d(:com.google.android.gms.dynamite_dynamitemodulesc@233217028@23.32.17 (100400-0):33)

09-02 17:49:41.352 12591 12960 I LSPosed-Bridge: 	at m.aqk.a(:com.google.android.gms.dynamite_dynamitemodulesc@233217028@23.32.17 (100400-0):82)

09-02 17:49:41.352 12591 12960 I LSPosed-Bridge: 	at m.aqn.b(:com.google.android.gms.dynamite_dynamitemodulesc@233217028@23.32.17 (100400-0):93)

09-02 17:49:41.352 12591 12960 I LSPosed-Bridge: 	at m.axj.d(:com.google.android.gms.dynamite_dynamitemodulesc@233217028@23.32.17 (100400-0):33)

09-02 17:49:41.352 12591 12960 I LSPosed-Bridge: 	at m.apa.e(:com.google.android.gms.dynamite_dynamitemodulesc@233217028@23.32.17 (100400-0):358)

09-02 17:49:41.352 12591 12960 I LSPosed-Bridge: 	at m.apa.d(:com.google.android.gms.dynamite_dynamitemodulesc@233217028@23.32.17 (100400-0):439)

09-02 17:49:41.352 12591 12960 I LSPosed-Bridge: 	at m.ans.run(:com.google.android.gms.dynamite_dynamitemodulesc@233217028@23.32.17 (100400-0):31)

09-02 17:49:41.352 12591 12960 I LSPosed-Bridge: 	at java.util.concurrent.ThreadPoolExecutor.runWorker(ThreadPoolExecutor.java:1167)

09-02 17:49:41.352 12591 12960 I LSPosed-Bridge: 	at java.util.concurrent.ThreadPoolExecutor$Worker.run(ThreadPoolExecutor.java:641)

09-02 17:49:41.352 12591 12960 I LSPosed-Bridge: 	at java.lang.Thread.run(Thread.java:764)

09-02 17:49:41.352  1568  1581 I LSPosed-Bridge: 12591 PermLabel 10127 AMS.checkPermission: Binder.getCallingPid() = 1900; uid = 10127; Binder.getCallingUid() = 1001; getNameForUid: android.uid.phone:1001; getPackagesForUid: [com.android.providers.telephony, com.qualcomm.qti.ims, com.android.mms.service, com.qti.confuridialer, com.qti.qualcomm.datastatusnotification, com.qti.qualcomm.deviceinfo, com.qualcomm.qti.networksetting, com.qualcomm.qti.telephonyservice, com.qualcomm.simcontacts, com.qualcomm.qti.autoregistration, com.qualcomm.qti.lpa, com.qualcomm.qti.uim, com.android.stk, com.android.phone, com.qti.xdivert, com.qualcomm.qti.callfeaturessetting, com.qualcomm.qcrilmsgtunnel, org.codeaurora.ims]; permName: android.permission.READ_PHONE_STATE; type = 1; res = -1; stacktrace=java.lang.Exception

09-02 17:49:41.352  1568  1581 I LSPosed-Bridge: 	at com.example.permlabel.requirePerm$1$2.afterHookedMethod(requirePerm.java:130)

09-02 17:49:41.352  1568  1581 I LSPosed-Bridge: 	at de.robv.android.xposed.XposedBridge$AdditionalHookInfo.callback(Unknown Source:147)

09-02 17:49:41.352  1568  1581 I LSPosed-Bridge: 	at LSPHooker_.checkPermission(Unknown Source:25)

09-02 17:49:41.352  1568  1581 I LSPosed-Bridge: 	at android.app.IActivityManager$Stub.onTransact(IActivityManager.java:664)

09-02 17:49:41.352  1568  1581 I LSPosed-Bridge: 	at com.android.server.am.ActivityManagerService.onTransact(ActivityManagerService.java:3346)

09-02 17:49:41.352  1568  1581 I LSPosed-Bridge: 	at android.os.Binder.execTransact(Binder.java:731)

09-02 17:49:47.035 13327 13327 I LSPosed-Bridge: 13327 PermLabel permName: android.permission.READ_PHONE_STATE; getRunningAppProcesses =[android.app.ActivityManager$RunningAppProcessInfo@ef96e9c]; stacktrace=java.lang.Exception

09-02 17:49:47.035 13327 13327 I LSPosed-Bridge: 	at com.example.permlabel.hookBinder_test$2.afterHookedMethod(hookBinder_test.java:95)

09-02 17:49:47.035 13327 13327 I LSPosed-Bridge: 	at de.robv.android.xposed.XposedBridge$AdditionalHookInfo.callback(Unknown Source:147)

09-02 17:49:47.035 13327 13327 I LSPosed-Bridge: 	at LSPHooker_.getRunningAppProcesses(Unknown Source:8)

09-02 17:49:47.035 13327 13327 I LSPosed-Bridge: 	at com.google.firebase.perf.internal.zzq.<init>(com.google.firebase:firebase-perf@@19.0.7:9)

09-02 17:49:47.035 13327 13327 I LSPosed-Bridge: 	at com.google.firebase.perf.internal.zzq.<init>(com.google.firebase:firebase-perf@@19.0.7:1)

09-02 17:49:47.035 13327 13327 I LSPosed-Bridge: 	at com.google.firebase.perf.internal.GaugeManager.zzc(com.google.firebase:firebase-perf@@19.0.7:1)

09-02 17:49:47.035 13327 13327 I LSPosed-Bridge: 	at com.google.firebase.perf.FirebasePerformance.<init>(com.google.firebase:firebase-perf@@19.0.7:17)

09-02 17:49:47.035 13327 13327 I LSPosed-Bridge: 	at com.google.firebase.perf.FirebasePerformance.<init>(com.google.firebase:firebase-perf@@19.0.7:4)

09-02 17:49:47.035 13327 13327 I LSPosed-Bridge: 	at com.google.firebase.perf.zza.create(com.google.firebase:firebase-perf@@19.0.7:4)

09-02 17:49:47.035 13327 13327 I LSPosed-Bridge: 	at com.google.firebase.components.ComponentRuntime.a(ComponentRuntime.java:2)

09-02 17:49:47.035 13327 13327 I LSPosed-Bridge: 	at com.google.firebase.components.ComponentRuntime.b(Unknown Source:0)

09-02 17:49:47.035 13327 13327 I LSPosed-Bridge: 	at com.google.firebase.components.e.get(Unknown Source:4)

09-02 17:49:47.035 13327 13327 I LSPosed-Bridge: 	at com.google.firebase.components.Lazy.get(Lazy.java:5)

09-02 17:49:47.035 13327 13327 I LSPosed-Bridge: 	at com.google.firebase.components.ComponentRuntime.doInitializeEagerComponents(ComponentRuntime.java:5)

09-02 17:49:47.035 13327 13327 I LSPosed-Bridge: 	at com.google.firebase.components.ComponentRuntime.initializeEagerComponents(ComponentRuntime.java:5)

09-02 17:49:47.035 13327 13327 I LSPosed-Bridge: 	at com.google.firebase.FirebaseApp.initializeAllApis(FirebaseApp.java:7)

09-02 17:49:47.035 13327 13327 I LSPosed-Bridge: 	at com.google.firebase.FirebaseApp.initializeApp(FirebaseApp.java:22)

09-02 17:49:47.035 13327 13327 I LSPosed-Bridge: 	at com.google.firebase.FirebaseApp.initializeApp(FirebaseApp.java:9)

09-02 17:49:47.035 13327 13327 I LSPosed-Bridge: 	at com.google.firebase.FirebaseApp.initializeApp(FirebaseApp.java:7)

09-02 17:49:47.035 13327 13327 I LSPosed-Bridge: 	at com.klook.shell.KlookShellApplication.e(KlookShellApplication.kt:22)

09-02 17:49:47.035 13327 13327 I LSPosed-Bridge: 	at com.klook.shell.KlookShellApplication.onCreate(KlookShellApplication.kt:4)

09-02 17:49:47.035 13327 13327 I LSPosed-Bridge: 	at android.app.Instrumentation.callApplicationOnCreate(Instrumentation.java:1155)

09-02 17:49:47.035 13327 13327 I LSPosed-Bridge: 	at android.app.ActivityThread.handleBindApplication(ActivityThread.java:5885)

09-02 17:49:47.035 13327 13327 I LSPosed-Bridge: 	at android.app.ActivityThread.access$1100(ActivityThread.java:200)

09-02 17:49:47.035 13327 13327 I LSPosed-Bridge: 	at android.app.ActivityThread$H.handleMessage(ActivityThread.java:1651)

09-02 17:49:47.035 13327 13327 I LSPosed-Bridge: 	at android.os.Handler.dispatchMessage(Handler.java:106)

09-02 17:49:47.035 13327 13327 I LSPosed-Bridge: 	at android.os.Looper.loop(Looper.java:193)

09-02 17:49:47.035 13327 13327 I LSPosed-Bridge: 	at android.app.ActivityThread.main(ActivityThread.java:6692)

09-02 17:49:47.035 13327 13327 I LSPosed-Bridge: 	at java.lang.reflect.Method.invoke(Native Method)

09-02 17:49:47.035 13327 13327 I LSPosed-Bridge: 	at com.android.internal.os.RuntimeInit$MethodAndArgsCaller.run(RuntimeInit.java:493)

09-02 17:49:47.035 13327 13327 I LSPosed-Bridge: 	at com.android.internal.os.ZygoteInit.main(ZygoteInit.java:858)

09-02 17:49:47.035 13327 13399 W com.klook: Unsupported class loader

09-02 17:49:49.053  1568  6564 I LSPosed-Bridge: 13327 PermLabel 10127 AMS.checkPermission: Binder.getCallingPid() = 1900; uid = 10127; Binder.getCallingUid() = 1001; getNameForUid: android.uid.phone:1001; getPackagesForUid: [com.android.providers.telephony, com.qualcomm.qti.ims, com.android.mms.service, com.qti.confuridialer, com.qti.qualcomm.datastatusnotification, com.qti.qualcomm.deviceinfo, com.qualcomm.qti.networksetting, com.qualcomm.qti.telephonyservice, com.qualcomm.simcontacts, com.qualcomm.qti.autoregistration, com.qualcomm.qti.lpa, com.qualcomm.qti.uim, com.android.stk, com.android.phone, com.qti.xdivert, com.qualcomm.qti.callfeaturessetting, com.qualcomm.qcrilmsgtunnel, org.codeaurora.ims]; permName: android.permission.READ_PHONE_STATE; type = 1; res = -1; stacktrace=java.lang.Exception

09-02 17:49:49.053  1568  6564 I LSPosed-Bridge: 	at com.example.permlabel.requirePerm$1$2.afterHookedMethod(requirePerm.java:130)

09-02 17:49:49.053  1568  6564 I LSPosed-Bridge: 	at de.robv.android.xposed.XposedBridge$AdditionalHookInfo.callback(Unknown Source:147)

09-02 17:49:49.053  1568  6564 I LSPosed-Bridge: 	at LSPHooker_.checkPermission(Unknown Source:25)

09-02 17:49:49.053  1568  6564 I LSPosed-Bridge: 	at android.app.IActivityManager$Stub.onTransact(IActivityManager.java:664)

09-02 17:49:49.053  1568  6564 I LSPosed-Bridge: 	at com.android.server.am.ActivityManagerService.onTransact(ActivityManagerService.java:3346)

09-02 17:49:49.053  1568  6564 I LSPosed-Bridge: 	at android.os.Binder.execTransact(Binder.java:731)

09-02 17:49:49.053 13327 13455 I LSPosed-Bridge: 13327 PermLabel hookBinder_test 10127 interfaceBinder =android.content.pm.IPackageManager; arg0 = 13; arg1 = android.os.Parcel@ba069e3; arg2 = android.os.Parcel@26d179; arg3 = 0; res = true; stacktrace=java.lang.Exception

09-02 17:49:49.053 13327 13455 I LSPosed-Bridge: 	at com.example.permlabel.hookBinder_test$1.afterHookedMethod(hookBinder_test.java:55)

09-02 17:49:49.053 13327 13455 I LSPosed-Bridge: 	at de.robv.android.xposed.XposedBridge$AdditionalHookInfo.callback(Unknown Source:147)

09-02 17:49:49.053 13327 13455 I LSPosed-Bridge: 	at LSPHooker_.transact(Unknown Source:28)

09-02 17:49:49.053 13327 13455 I LSPosed-Bridge: 	at android.content.pm.IPackageManager$Stub$Proxy.getApplicationInfo(IPackageManager.java:3104)

09-02 17:49:49.053 13327 13455 I LSPosed-Bridge: 	at android.app.ApplicationPackageManager.getApplicationInfoAsUser(ApplicationPackageManager.java:384)

09-02 17:49:49.053 13327 13455 I LSPosed-Bridge: 	at android.app.ApplicationPackageManager.getApplicationInfo(ApplicationPackageManager.java:377)

09-02 17:49:49.053 13327 13455 I LSPosed-Bridge: 	at m.cr.a(:com.google.android.gms.dynamite_measurementdynamite@233217028@23.32.17 (100400-0):7)

09-02 17:49:49.053 13327 13455 I LSPosed-Bridge: 	at m.ek.c(:com.google.android.gms.dynamite_measurementdynamite@233217028@23.32.17 (100400-0):42)

09-02 17:49:49.053 13327 13455 I LSPosed-Bridge: 	at m.ek.d(:com.google.android.gms.dynamite_measurementdynamite@233217028@23.32.17 (100400-0):4)

09-02 17:49:49.053 13327 13455 I LSPosed-Bridge: 	at m.mc.f(:com.google.android.gms.dynamite_measurementdynamite@233217028@23.32.17 (100400-0):94)

09-02 17:49:49.053 13327 13455 I LSPosed-Bridge: 	at m.kp.S(:com.google.android.gms.dynamite_measurementdynamite@233217028@23.32.17 (100400-0):132)

09-02 17:49:49.053 13327 13455 I LSPosed-Bridge: 	at m.kp.P(:com.google.android.gms.dynamite_measurementdynamite@233217028@23.32.17 (100400-0):85)

09-02 17:49:49.053 13327 13455 I LSPosed-Bridge: 	at m.kk.run(:com.google.android.gms.dynamite_measurementdynamite@233217028@23.32.17 (100400-0):6)

09-02 17:49:49.053 13327 13455 I LSPosed-Bridge: 	at java.util.concurrent.Executors$RunnableAdapter.call(Executors.java:458)

09-02 17:49:49.053 13327 13455 I LSPosed-Bridge: 	at java.util.concurrent.FutureTask.run(FutureTask.java:266)

09-02 17:49:49.053 13327 13455 I LSPosed-Bridge: 	at m.iy.run(:com.google.android.gms.dynamite_measurementdynamite@233217028@23.32.17 (100400-0):48)

09-02 17:49:49.053 13616 13616 I app_process: The ClassLoaderContext is a special shared library.

09-02 17:49:49.053 13327 13583 I LSPosed-Bridge: 13327 PermLabel hookBinder_test 10127 interfaceBinder =android.app.IActivityManager; arg0 = 32; arg1 = android.os.Parcel@5805aa9; arg2 = android.os.Parcel@514f096; arg3 = 0; res = true; stacktrace=java.lang.Exception

09-02 17:49:49.053 13327 13583 I LSPosed-Bridge: 	at com.example.permlabel.hookBinder_test$1.afterHookedMethod(hookBinder_test.java:55)

09-02 17:49:49.053 13327 13583 I LSPosed-Bridge: 	at de.robv.android.xposed.XposedBridge$AdditionalHookInfo.callback(Unknown Source:147)

09-02 17:49:49.053 13327 13583 I LSPosed-Bridge: 	at LSPHooker_.transact(Unknown Source:28)

09-02 17:49:49.053 13327 13583 I LSPosed-Bridge: 	at android.app.IActivityManager$Stub$Proxy.bindService(IActivityManager.java:4359)

09-02 17:49:49.053 13327 13583 I LSPosed-Bridge: 	at android.app.ContextImpl.bindServiceCommon(ContextImpl.java:1672)

09-02 17:49:49.053 13327 13583 I LSPosed-Bridge: 	at android.app.ContextImpl.bindService(ContextImpl.java:1612)

09-02 17:49:49.053 13327 13583 I LSPosed-Bridge: 	at android.content.ContextWrapper.bindService(ContextWrapper.java:698)

09-02 17:49:49.053 13327 13583 I LSPosed-Bridge: 	at com.google.android.gms.common.stats.ConnectionTracker.zze(com.google.android.gms:play-services-basement@@18.0.0:2)

09-02 17:49:49.053 13327 13583 I LSPosed-Bridge: 	at com.google.android.gms.common.stats.ConnectionTracker.zzc(com.google.android.gms:play-services-basement@@18.0.0:12)

09-02 17:49:49.053 13327 13583 I LSPosed-Bridge: 	at com.google.android.gms.common.stats.ConnectionTracker.bindService(com.google.android.gms:play-services-basement@@18.0.0:2)

09-02 17:49:49.053 13327 13583 I LSPosed-Bridge: 	at com.google.android.gms.ads.identifier.AdvertisingIdClient.zzb(com.google.android.gms:play-services-ads-identifier@@17.1.0:13)

09-02 17:49:49.053 13327 13583 I LSPosed-Bridge: 	at com.google.android.gms.ads.identifier.AdvertisingIdClient.getAdvertisingIdInfo(com.google.android.gms:play-services-ads-identifier@@17.1.0:3)

09-02 17:49:49.053 13327 13583 I LSPosed-Bridge: 	at java.lang.reflect.Method.invoke(Native Method)

09-02 17:49:49.053 13327 13583 I LSPosed-Bridge: 	at com.facebook.internal.Utility.invokeMethodQuietly(Utility.kt:1)

09-02 17:49:49.053 13327 13583 I LSPosed-Bridge: 	at com.facebook.internal.AttributionIdentifiers$Companion.getAndroidIdViaReflection(AttributionIdentifiers.kt:5)

09-02 17:49:49.053 13327 13583 I LSPosed-Bridge: 	at com.facebook.internal.AttributionIdentifiers$Companion.getAndroidId(AttributionIdentifiers.kt:1)

09-02 17:49:49.053 13327 13583 I LSPosed-Bridge: 	at com.facebook.internal.AttributionIdentifiers$Companion.getAttributionIdentifiers(AttributionIdentifiers.kt:1)

09-02 17:49:49.053 13327 13583 I LSPosed-Bridge: 	at com.facebook.internal.AttributionIdentifiers.getAttributionIdentifiers(Unknown Source:2)

09-02 17:49:49.053 13327 13583 I LSPosed-Bridge: 	at com.facebook.applinks.AppLinkData.fetchDeferredAppLinkFromServer(AppLinkData.java:3)

09-02 17:49:49.053 13327 13583 I LSPosed-Bridge: 	at com.facebook.applinks.AppLinkData.access$000(AppLinkData.java:1)

09-02 17:49:49.053 13327 13583 I LSPosed-Bridge: 	at com.facebook.applinks.AppLinkData$1.run(AppLinkData.java:1)

09-02 17:49:49.053 13327 13583 I LSPosed-Bridge: 	at java.util.concurrent.ThreadPoolExecutor.runWorker(ThreadPoolExecutor.java:1167)

09-02 17:49:49.053 13327 13583 I LSPosed-Bridge: 	at java.util.concurrent.ThreadPoolExecutor$Worker.run(ThreadPoolExecutor.java:641)

09-02 17:49:49.053 13327 13583 I LSPosed-Bridge: 	at java.lang.Thread.run(Thread.java:764)

09-02 17:49:49.078 13327 13327 I LSPosed-Bridge: 13327 PermLabel permName: android.permission.READ_PHONE_STATE; getRunningAppProcesses =[android.app.ActivityManager$RunningAppProcessInfo@d351f64]; stacktrace=java.lang.Exception

09-02 17:49:49.078 13327 13327 I LSPosed-Bridge: 	at com.example.permlabel.hookBinder_test$2.afterHookedMethod(hookBinder_test.java:95)

09-02 17:49:49.078 13327 13327 I LSPosed-Bridge: 	at de.robv.android.xposed.XposedBridge$AdditionalHookInfo.callback(Unknown Source:147)

09-02 17:49:49.078 13327 13327 I LSPosed-Bridge: 	at LSPHooker_.getRunningAppProcesses(Unknown Source:8)

09-02 17:49:49.078 13327 13327 I LSPosed-Bridge: 	at com.tencent.map.geolocation.a.b.b.a(TCL:11)

09-02 17:49:49.078 13327 13327 I LSPosed-Bridge: 	at com.tencent.map.geolocation.a.b.b.a(TCL:9)

09-02 17:49:49.078 13327 13327 I LSPosed-Bridge: 	at com.tencent.map.geolocation.a.a.f.a(TCL:35)

09-02 17:49:49.078 13327 13327 I LSPosed-Bridge: 	at com.tencent.map.geolocation.TencentLocationManager.<init>(TCL:12)

09-02 17:49:49.078 13327 13327 I LSPosed-Bridge: 	at com.tencent.map.geolocation.TencentLocationManager.getInstance(TCL:5)

09-02 17:49:49.078 13327 13327 I LSPosed-Bridge: 	at com.klook.location.internal.third.d.<init>(TencentLocationImpl.kt:2)

09-02 17:49:49.078 13327 13327 I LSPosed-Bridge: 	at com.klook.location.internal.LocationManager$d.invoke(LocationManager.kt:2)

09-02 17:49:49.078 13327 13327 I LSPosed-Bridge: 	at com.klook.location.internal.LocationManager$d.invoke(LocationManager.kt:1)

09-02 17:49:49.078 13327 13327 I LSPosed-Bridge: 	at kotlin.u.getValue(LazyJVM.kt:5)

09-02 17:49:49.078 13327 13327 I LSPosed-Bridge: 	at com.klook.location.internal.LocationManager.c(LocationManager.kt:1)

09-02 17:49:49.078 13327 13327 I LSPosed-Bridge: 	at com.klook.location.internal.LocationManager.requestLocation(LocationManager.kt:3)

09-02 17:49:49.078 13327 13327 I LSPosed-Bridge: 	at com.klook.deepknow.forter.c.a(ForterWrapper.kt:4)

09-02 17:49:49.078 13327 13327 I LSPosed-Bridge: 	at com.klook.deepknow.forter.c.init(ForterWrapper.kt:8)

09-02 17:49:49.078 13327 13327 I LSPosed-Bridge: 	at com.klook.deepknow.b$a.init(KLRiskDeepKnowSDK.kt:1)

09-02 17:49:49.078 13327 13327 I LSPosed-Bridge: 	at com.klook.deepknow.b.init(Unknown Source:2)

09-02 17:49:49.078 13327 13327 I LSPosed-Bridge: 	at com.klooklib.activity.SplashActivity.q(SplashActivity.java:52)

09-02 17:49:49.078 13327 13327 I LSPosed-Bridge: 	at com.klooklib.activity.SplashActivity.I(SplashActivity.java:24)

09-02 17:49:49.078 13327 13327 I LSPosed-Bridge: 	at com.klooklib.activity.SplashActivity.initView(SplashActivity.java:14)

09-02 17:49:49.078 13327 13327 I LSPosed-Bridge: 	at com.klook.base.business.ui.BaseActivity.onCreate(BaseActivity.java:15)

09-02 17:49:49.078 13327 13327 I LSPosed-Bridge: 	at com.klooklib.activity.SplashActivity.onCreate(SplashActivity.java:1)

09-02 17:49:49.078 13327 13327 I LSPosed-Bridge: 	at android.app.Activity.performCreate(Activity.java:7136)

09-02 17:49:49.078 13327 13327 I LSPosed-Bridge: 	at android.app.Activity.performCreate(Activity.java:7127)

09-02 17:49:49.078 13327 13327 I LSPosed-Bridge: 	at android.app.Instrumentation.callActivityOnCreate(Instrumentation.java:1272)

09-02 17:49:49.078 13327 13327 I LSPosed-Bridge: 	at android.app.ActivityThread.performLaunchActivity(ActivityThread.java:2894)

09-02 17:49:49.078 13327 13327 I LSPosed-Bridge: 	at android.app.ActivityThread.handleLaunchActivity(ActivityThread.java:3049)

09-02 17:49:49.078 13327 13327 I LSPosed-Bridge: 	at android.app.servertransaction.LaunchActivityItem.execute(LaunchActivityItem.java:78)

09-02 17:49:49.078 13327 13327 I LSPosed-Bridge: 	at android.app.servertransaction.TransactionExecutor.executeCallbacks(TransactionExecutor.java:108)

09-02 17:49:49.078 13327 13327 I LSPosed-Bridge: 	at android.app.servertransaction.TransactionExecutor.execute(TransactionExecutor.java:68)

09-02 17:49:49.078 13327 13327 I LSPosed-Bridge: 	at android.app.ActivityThread$H.handleMessage(ActivityThread.java:1809)

09-02 17:49:49.078 13327 13327 I LSPosed-Bridge: 	at android.os.Handler.dispatchMessage(Handler.java:106)

09-02 17:49:49.078 13327 13327 I LSPosed-Bridge: 	at android.os.Looper.loop(Looper.java:193)

09-02 17:49:49.078 13327 13327 I LSPosed-Bridge: 	at android.app.ActivityThread.main(ActivityThread.java:6692)

09-02 17:49:49.078 13327 13327 I LSPosed-Bridge: 	at java.lang.reflect.Method.invoke(Native Method)

09-02 17:49:49.078 13327 13327 I LSPosed-Bridge: 	at com.android.internal.os.RuntimeInit$MethodAndArgsCaller.run(RuntimeInit.java:493)

09-02 17:49:49.078 13327 13327 I LSPosed-Bridge: 	at com.android.internal.os.ZygoteInit.main(ZygoteInit.java:858)

09-02 17:49:49.078 13327 13634 I LSPosed-Bridge: 13327 PermLabel hookBinder_test 10127 interfaceBinder =; arg0 = 1; arg1 = android.os.Parcel@5805aa9; arg2 = android.os.Parcel@514f096; arg3 = 0; res = true; stacktrace=java.lang.Exception

09-02 17:49:49.078 13327 13634 I LSPosed-Bridge: 	at com.example.permlabel.hookBinder_test$1.afterHookedMethod(hookBinder_test.java:55)

09-02 17:49:49.078 13327 13634 I LSPosed-Bridge: 	at de.robv.android.xposed.XposedBridge$AdditionalHookInfo.callback(Unknown Source:147)

09-02 17:49:49.078 13327 13634 I LSPosed-Bridge: 	at LSPHooker_.transact(Unknown Source:28)

09-02 17:49:49.078 13327 13634 I LSPosed-Bridge: 	at android.os.ServiceManagerProxy.getService(ServiceManagerNative.java:125)

09-02 17:49:49.078 13327 13634 I LSPosed-Bridge: 	at android.os.ServiceManager.rawGetService(ServiceManager.java:253)

09-02 17:49:49.078 13327 13634 I LSPosed-Bridge: 	at android.os.ServiceManager.getService(ServiceManager.java:124)

09-02 17:49:49.078 13327 13634 I LSPosed-Bridge: 	at android.telephony.SubscriptionManager.getSlotIndex(SubscriptionManager.java:1177)

09-02 17:49:49.078 13327 13634 I LSPosed-Bridge: 	at android.telephony.TelephonyManager.getSlotIndex(TelephonyManager.java:4947)

09-02 17:49:49.078 13327 13634 I LSPosed-Bridge: 	at android.telephony.TelephonyManager.getImei(TelephonyManager.java:1272)

09-02 17:49:49.078 13327 13634 I LSPosed-Bridge: 	at com.tencent.map.geolocation.a.b.g.a(TCL:7)

09-02 17:49:49.078 13327 13634 I LSPosed-Bridge: 	at com.tencent.map.geolocation.a.a.e$a.a(TCL:4)

09-02 17:49:49.078 13327 13634 I LSPosed-Bridge: 	at com.tencent.map.geolocation.a.a.e$a.handleMessage(TCL:59)

09-02 17:49:49.078 13327 13634 I LSPosed-Bridge: 	at android.os.Handler.dispatchMessage(Handler.java:106)

09-02 17:49:49.078 13327 13634 I LSPosed-Bridge: 	at android.os.Looper.loop(Looper.java:193)

09-02 17:49:49.078 13327 13634 I LSPosed-Bridge: 	at android.os.HandlerThread.run(HandlerThread.java:65)

09-02 17:49:49.083  1568  6564 I LSPosed-Bridge: 13327 PermLabel 10127 AMS.checkPermission: Binder.getCallingPid() = 1900; uid = 10127; Binder.getCallingUid() = 1001; getNameForUid: android.uid.phone:1001; getPackagesForUid: [com.android.providers.telephony, com.qualcomm.qti.ims, com.android.mms.service, com.qti.confuridialer, com.qti.qualcomm.datastatusnotification, com.qti.qualcomm.deviceinfo, com.qualcomm.qti.networksetting, com.qualcomm.qti.telephonyservice, com.qualcomm.simcontacts, com.qualcomm.qti.autoregistration, com.qualcomm.qti.lpa, com.qualcomm.qti.uim, com.android.stk, com.android.phone, com.qti.xdivert, com.qualcomm.qti.callfeaturessetting, com.qualcomm.qcrilmsgtunnel, org.codeaurora.ims]; permName: android.permission.READ_PHONE_STATE; type = 1; res = -1; stacktrace=java.lang.Exception

09-02 17:49:49.083  1568  6564 I LSPosed-Bridge: 	at com.example.permlabel.requirePerm$1$2.afterHookedMethod(requirePerm.java:130)

09-02 17:49:49.083  1568  6564 I LSPosed-Bridge: 	at de.robv.android.xposed.XposedBridge$AdditionalHookInfo.callback(Unknown Source:147)

09-02 17:49:49.083  1568  6564 I LSPosed-Bridge: 	at LSPHooker_.checkPermission(Unknown Source:25)

09-02 17:49:49.083  1568  6564 I LSPosed-Bridge: 	at android.app.IActivityManager$Stub.onTransact(IActivityManager.java:664)

09-02 17:49:49.083  1568  6564 I LSPosed-Bridge: 	at com.android.server.am.ActivityManagerService.onTransact(ActivityManagerService.java:3346)

09-02 17:49:49.083  1568  6564 I LSPosed-Bridge: 	at android.os.Binder.execTransact(Binder.java:731)

09-02 17:49:49.092 13327 13327 I LSPosed-Bridge: 13327 PermLabel permName: android.permission.READ_PHONE_STATE; getRunningAppProcesses =[android.app.ActivityManager$RunningAppProcessInfo@7a686e8]; stacktrace=java.lang.Exception

09-02 17:49:49.092 13327 13327 I LSPosed-Bridge: 	at com.example.permlabel.hookBinder_test$2.afterHookedMethod(hookBinder_test.java:95)

09-02 17:49:49.092 13327 13327 I LSPosed-Bridge: 	at de.robv.android.xposed.XposedBridge$AdditionalHookInfo.callback(Unknown Source:147)

09-02 17:49:49.092 13327 13327 I LSPosed-Bridge: 	at LSPHooker_.getRunningAppProcesses(Unknown Source:8)

09-02 17:49:49.092 13327 13327 I LSPosed-Bridge: 	at com.tencent.map.geolocation.a.b.h.d(TCL:3)

09-02 17:49:49.092 13327 13327 I LSPosed-Bridge: 	at com.tencent.map.geolocation.a.b.b.b(TCL:1)

09-02 17:49:49.092 13327 13327 I LSPosed-Bridge: 	at com.tencent.map.geolocation.a.a.b.a(TCL:42)

09-02 17:49:49.092 13327 13327 I LSPosed-Bridge: 	at com.tencent.map.geolocation.a.a.f.a(TCL:48)

09-02 17:49:49.092 13327 13327 I LSPosed-Bridge: 	at com.tencent.map.geolocation.TencentLocationManager.<init>(TCL:12)

09-02 17:49:49.092 13327 13327 I LSPosed-Bridge: 	at com.tencent.map.geolocation.TencentLocationManager.getInstance(TCL:5)

09-02 17:49:49.092 13327 13327 I LSPosed-Bridge: 	at com.klook.location.internal.third.d.<init>(TencentLocationImpl.kt:2)

09-02 17:49:49.092 13327 13327 I LSPosed-Bridge: 	at com.klook.location.internal.LocationManager$d.invoke(LocationManager.kt:2)

09-02 17:49:49.092 13327 13327 I LSPosed-Bridge: 	at com.klook.location.internal.LocationManager$d.invoke(LocationManager.kt:1)

09-02 17:49:49.092 13327 13327 I LSPosed-Bridge: 	at kotlin.u.getValue(LazyJVM.kt:5)

09-02 17:49:49.092 13327 13327 I LSPosed-Bridge: 	at com.klook.location.internal.LocationManager.c(LocationManager.kt:1)

09-02 17:49:49.092 13327 13327 I LSPosed-Bridge: 	at com.klook.location.internal.LocationManager.requestLocation(LocationManager.kt:3)

09-02 17:49:49.092 13327 13327 I LSPosed-Bridge: 	at com.klook.deepknow.forter.c.a(ForterWrapper.kt:4)

09-02 17:49:49.092 13327 13327 I LSPosed-Bridge: 	at com.klook.deepknow.forter.c.init(ForterWrapper.kt:8)

09-02 17:49:49.092 13327 13327 I LSPosed-Bridge: 	at com.klook.deepknow.b$a.init(KLRiskDeepKnowSDK.kt:1)

09-02 17:49:49.092 13327 13327 I LSPosed-Bridge: 	at com.klook.deepknow.b.init(Unknown Source:2)

09-02 17:49:49.092 13327 13327 I LSPosed-Bridge: 	at com.klooklib.activity.SplashActivity.q(SplashActivity.java:52)

09-02 17:49:49.092 13327 13327 I LSPosed-Bridge: 	at com.klooklib.activity.SplashActivity.I(SplashActivity.java:24)

09-02 17:49:49.092 13327 13327 I LSPosed-Bridge: 	at com.klooklib.activity.SplashActivity.initView(SplashActivity.java:14)

09-02 17:49:49.092 13327 13327 I LSPosed-Bridge: 	at com.klook.base.business.ui.BaseActivity.onCreate(BaseActivity.java:15)

09-02 17:49:49.092 13327 13327 I LSPosed-Bridge: 	at com.klooklib.activity.SplashActivity.onCreate(SplashActivity.java:1)

09-02 17:49:49.092 13327 13327 I LSPosed-Bridge: 	at android.app.Activity.performCreate(Activity.java:7136)

09-02 17:49:49.092 13327 13327 I LSPosed-Bridge: 	at android.app.Activity.performCreate(Activity.java:7127)

09-02 17:49:49.092 13327 13327 I LSPosed-Bridge: 	at android.app.Instrumentation.callActivityOnCreate(Instrumentation.java:1272)

09-02 17:49:49.092 13327 13327 I LSPosed-Bridge: 	at android.app.ActivityThread.performLaunchActivity(ActivityThread.java:2894)

09-02 17:49:49.092 13327 13327 I LSPosed-Bridge: 	at android.app.ActivityThread.handleLaunchActivity(ActivityThread.java:3049)

09-02 17:49:49.092 13327 13327 I LSPosed-Bridge: 	at android.app.servertransaction.LaunchActivityItem.execute(LaunchActivityItem.java:78)

09-02 17:49:49.092 13327 13327 I LSPosed-Bridge: 	at android.app.servertransaction.TransactionExecutor.executeCallbacks(TransactionExecutor.java:108)

09-02 17:49:49.092 13327 13327 I LSPosed-Bridge: 	at android.app.servertransaction.TransactionExecutor.execute(TransactionExecutor.java:68)

09-02 17:49:49.092 13327 13327 I LSPosed-Bridge: 	at android.app.ActivityThread$H.handleMessage(ActivityThread.java:1809)

09-02 17:49:49.092 13327 13327 I LSPosed-Bridge: 	at android.os.Handler.dispatchMessage(Handler.java:106)

09-02 17:49:49.092 13327 13327 I LSPosed-Bridge: 	at android.os.Looper.loop(Looper.java:193)

09-02 17:49:49.092 13327 13327 I LSPosed-Bridge: 	at android.app.ActivityThread.main(ActivityThread.java:6692)

09-02 17:49:49.092 13327 13327 I LSPosed-Bridge: 	at java.lang.reflect.Method.invoke(Native Method)

09-02 17:49:49.092 13327 13327 I LSPosed-Bridge: 	at com.android.internal.os.RuntimeInit$MethodAndArgsCaller.run(RuntimeInit.java:493)

09-02 17:49:49.092 13327 13327 I LSPosed-Bridge: 	at com.android.internal.os.ZygoteInit.main(ZygoteInit.java:858)

09-02 17:49:49.092 13327 13634 I LSPosed-Bridge: 13327 PermLabel hookBinder_test 10127 interfaceBinder =; arg0 = 1; arg1 = android.os.Parcel@e637d60; arg2 = android.os.Parcel@ba069e3; arg3 = 0; res = true; stacktrace=java.lang.Exception

09-02 17:49:49.092 13327 13634 I LSPosed-Bridge: 	at com.example.permlabel.hookBinder_test$1.afterHookedMethod(hookBinder_test.java:55)

09-02 17:49:49.092 13327 13634 I LSPosed-Bridge: 	at de.robv.android.xposed.XposedBridge$AdditionalHookInfo.callback(Unknown Source:147)

09-02 17:49:49.092 13327 13634 I LSPosed-Bridge: 	at LSPHooker_.transact(Unknown Source:28)

09-02 17:49:49.092 13327 13634 I LSPosed-Bridge: 	at android.os.ServiceManagerProxy.getService(ServiceManagerNative.java:125)

09-02 17:49:49.092 13327 13634 I LSPosed-Bridge: 	at android.os.ServiceManager.rawGetService(ServiceManager.java:253)

09-02 17:49:49.092 13327 13634 I LSPosed-Bridge: 	at android.os.ServiceManager.getService(ServiceManager.java:124)

09-02 17:49:49.092 13327 13634 I LSPosed-Bridge: 	at android.telephony.TelephonyManager.getSubscriberInfo(TelephonyManager.java:4020)

09-02 17:49:49.092 13327 13634 I LSPosed-Bridge: 	at android.telephony.TelephonyManager.getSubscriberId(TelephonyManager.java:2867)

09-02 17:49:49.092 13327 13634 I LSPosed-Bridge: 	at android.telephony.TelephonyManager.getSubscriberId(TelephonyManager.java:2852)

09-02 17:49:49.092 13327 13634 I LSPosed-Bridge: 	at java.lang.reflect.Method.invoke(Native Method)

09-02 17:49:49.092 13327 13634 I LSPosed-Bridge: 	at org.lsposed.lspd.nativebridge.HookBridge.invokeOriginalMethod(Native Method)

09-02 17:49:49.092 13327 13634 I LSPosed-Bridge: 	at de.robv.android.xposed.XposedBridge$AdditionalHookInfo.callback(Unknown Source:110)

09-02 17:49:49.092 13327 13634 I LSPosed-Bridge: 	at LSPHooker_.getSubscriberId(Unknown Source:8)

09-02 17:49:49.092 13327 13634 I LSPosed-Bridge: 	at com.tencent.map.geolocation.a.b.g.b(TCL:6)

09-02 17:49:49.092 13327 13634 I LSPosed-Bridge: 	at com.tencent.map.geolocation.a.a.e$a.a(TCL:5)

09-02 17:49:49.092 13327 13634 I LSPosed-Bridge: 	at com.tencent.map.geolocation.a.a.e$a.handleMessage(TCL:59)

09-02 17:49:49.092 13327 13634 I LSPosed-Bridge: 	at android.os.Handler.dispatchMessage(Handler.java:106)

09-02 17:49:49.092 13327 13634 I LSPosed-Bridge: 	at android.os.Looper.loop(Looper.java:193)

09-02 17:49:49.092 13327 13634 I LSPosed-Bridge: 	at android.os.HandlerThread.run(HandlerThread.java:65)

09-02 17:49:49.096  1568  6564 I LSPosed-Bridge: 13327 PermLabel 10127 AMS.checkPermission: Binder.getCallingPid() = 1900; uid = 10127; Binder.getCallingUid() = 1001; getNameForUid: android.uid.phone:1001; getPackagesForUid: [com.android.providers.telephony, com.qualcomm.qti.ims, com.android.mms.service, com.qti.confuridialer, com.qti.qualcomm.datastatusnotification, com.qti.qualcomm.deviceinfo, com.qualcomm.qti.networksetting, com.qualcomm.qti.telephonyservice, com.qualcomm.simcontacts, com.qualcomm.qti.autoregistration, com.qualcomm.qti.lpa, com.qualcomm.qti.uim, com.android.stk, com.android.phone, com.qti.xdivert, com.qualcomm.qti.callfeaturessetting, com.qualcomm.qcrilmsgtunnel, org.codeaurora.ims]; permName: android.permission.READ_PHONE_STATE; type = 1; res = -1; stacktrace=java.lang.Exception

09-02 17:49:49.096  1568  6564 I LSPosed-Bridge: 	at com.example.permlabel.requirePerm$1$2.afterHookedMethod(requirePerm.java:130)

09-02 17:49:49.096  1568  6564 I LSPosed-Bridge: 	at de.robv.android.xposed.XposedBridge$AdditionalHookInfo.callback(Unknown Source:147)

09-02 17:49:49.096  1568  6564 I LSPosed-Bridge: 	at LSPHooker_.checkPermission(Unknown Source:25)

09-02 17:49:49.096  1568  6564 I LSPosed-Bridge: 	at android.app.IActivityManager$Stub.onTransact(IActivityManager.java:664)

09-02 17:49:49.096  1568  6564 I LSPosed-Bridge: 	at com.android.server.am.ActivityManagerService.onTransact(ActivityManagerService.java:3346)

09-02 17:49:49.096  1568  6564 I LSPosed-Bridge: 	at android.os.Binder.execTransact(Binder.java:731)

09-02 17:49:49.103 13327 13634 I LSPosed-Bridge: 13327 PermLabel 10127; permName: android.permission.READ_PHONE_STATE; getSubscriberId res = null; stacktrace=java.lang.Exception

09-02 17:49:49.103 13327 13634 I LSPosed-Bridge: 	at com.example.permlabel.hookBinder_test$6.afterHookedMethod(hookBinder_test.java:124)

09-02 17:49:49.103 13327 13634 I LSPosed-Bridge: 	at de.robv.android.xposed.XposedBridge$AdditionalHookInfo.callback(Unknown Source:147)

09-02 17:49:49.103 13327 13634 I LSPosed-Bridge: 	at LSPHooker_.getSubscriberId(Unknown Source:8)

09-02 17:49:49.103 13327 13634 I LSPosed-Bridge: 	at com.tencent.map.geolocation.a.b.g.b(TCL:6)

09-02 17:49:49.103 13327 13634 I LSPosed-Bridge: 	at com.tencent.map.geolocation.a.a.e$a.a(TCL:5)

09-02 17:49:49.103 13327 13634 I LSPosed-Bridge: 	at com.tencent.map.geolocation.a.a.e$a.handleMessage(TCL:59)

09-02 17:49:49.103 13327 13634 I LSPosed-Bridge: 	at android.os.Handler.dispatchMessage(Handler.java:106)

09-02 17:49:49.103 13327 13634 I LSPosed-Bridge: 	at android.os.Looper.loop(Looper.java:193)

09-02 17:49:49.103 13327 13634 I LSPosed-Bridge: 	at android.os.HandlerThread.run(HandlerThread.java:65)

09-02 17:49:49.118 13616 13616 I Input   : injectMotionEvent: MotionEvent { action=ACTION_MOVE, actionButton=0, id[0]=0, x[0]=510.0, y[0]=180.0, toolType[0]=TOOL_TYPE_UNKNOWN, buttonState=0, metaState=0, flags=0x0, edgeFlags=0x0, pointerCount=1, historySize=0, eventTime=198868, downTime=198868, deviceId=3, source=0x1002 }

09-02 17:49:49.118  1568  1699 I LSPosed-Bridge: 13327 PermLabel 10127 AMS.checkPermission: Binder.getCallingPid() = 1900; uid = 10127; Binder.getCallingUid() = 1001; getNameForUid: android.uid.phone:1001; getPackagesForUid: [com.android.providers.telephony, com.qualcomm.qti.ims, com.android.mms.service, com.qti.confuridialer, com.qti.qualcomm.datastatusnotification, com.qti.qualcomm.deviceinfo, com.qualcomm.qti.networksetting, com.qualcomm.qti.telephonyservice, com.qualcomm.simcontacts, com.qualcomm.qti.autoregistration, com.qualcomm.qti.lpa, com.qualcomm.qti.uim, com.android.stk, com.android.phone, com.qti.xdivert, com.qualcomm.qti.callfeaturessetting, com.qualcomm.qcrilmsgtunnel, org.codeaurora.ims]; permName: android.permission.READ_PHONE_STATE; type = 1; res = -1; stacktrace=java.lang.Exception

09-02 17:49:49.118  1568  1699 I LSPosed-Bridge: 	at com.example.permlabel.requirePerm$1$2.afterHookedMethod(requirePerm.java:130)

09-02 17:49:49.118  1568  1699 I LSPosed-Bridge: 	at de.robv.android.xposed.XposedBridge$AdditionalHookInfo.callback(Unknown Source:147)

09-02 17:49:49.118  1568  1699 I LSPosed-Bridge: 	at LSPHooker_.checkPermission(Unknown Source:25)

09-02 17:49:49.118  1568  1699 I LSPosed-Bridge: 	at android.app.IActivityManager$Stub.onTransact(IActivityManager.java:664)

09-02 17:49:49.118  1568  1699 I LSPosed-Bridge: 	at com.android.server.am.ActivityManagerService.onTransact(ActivityManagerService.java:3346)

09-02 17:49:49.118  1568  1699 I LSPosed-Bridge: 	at android.os.Binder.execTransact(Binder.java:731)

09-02 17:49:49.121  1568  3547 I LSPosed-Bridge: 13327 PermLabel 10127 AMS.checkPermission: Binder.getCallingPid() = 1900; uid = 10127; Binder.getCallingUid() = 1001; getNameForUid: android.uid.phone:1001; getPackagesForUid: [com.android.providers.telephony, com.qualcomm.qti.ims, com.android.mms.service, com.qti.confuridialer, com.qti.qualcomm.datastatusnotification, com.qti.qualcomm.deviceinfo, com.qualcomm.qti.networksetting, com.qualcomm.qti.telephonyservice, com.qualcomm.simcontacts, com.qualcomm.qti.autoregistration, com.qualcomm.qti.lpa, com.qualcomm.qti.uim, com.android.stk, com.android.phone, com.qti.xdivert, com.qualcomm.qti.callfeaturessetting, com.qualcomm.qcrilmsgtunnel, org.codeaurora.ims]; permName: android.permission.READ_PHONE_STATE; type = 1; res = -1; stacktrace=java.lang.Exception

09-02 17:49:49.121  1568  3547 I LSPosed-Bridge: 	at com.example.permlabel.requirePerm$1$2.afterHookedMethod(requirePerm.java:130)

09-02 17:49:49.121  1568  3547 I LSPosed-Bridge: 	at de.robv.android.xposed.XposedBridge$AdditionalHookInfo.callback(Unknown Source:147)

09-02 17:49:49.121  1568  3547 I LSPosed-Bridge: 	at LSPHooker_.checkPermission(Unknown Source:25)

09-02 17:49:49.121  1568  3547 I LSPosed-Bridge: 	at android.app.IActivityManager$Stub.onTransact(IActivityManager.java:664)

09-02 17:49:49.121  1568  3547 I LSPosed-Bridge: 	at com.android.server.am.ActivityManagerService.onTransact(ActivityManagerService.java:3346)

09-02 17:49:49.121  1568  3547 I LSPosed-Bridge: 	at android.os.Binder.execTransact(Binder.java:731)

09-02 17:49:49.121  1900  3701 I LSPosed-Bridge: 1900 PermLabel 1001 ContextImpl.checkPermission: pid = 13327; uid = 10127; permName: android.permission.READ_PHONE_STATE; type = 1; res = -1; stacktrace=java.lang.Exception

09-02 17:49:49.121  1900  3701 I LSPosed-Bridge: 	at com.example.permlabel.requestPerm$2.afterHookedMethod(requestPerm.java:210)

09-02 17:49:49.121  1900  3701 I LSPosed-Bridge: 	at de.robv.android.xposed.XposedBridge$AdditionalHookInfo.callback(Unknown Source:147)

09-02 17:49:49.121  1900  3701 I LSPosed-Bridge: 	at LSPHooker_.checkPermission(Unknown Source:25)

09-02 17:49:49.121  1900  3701 I LSPosed-Bridge: 	at android.app.ContextImpl.enforcePermission(ContextImpl.java:1822)

09-02 17:49:49.121  1900  3701 I LSPosed-Bridge: 	at android.content.ContextWrapper.enforcePermission(ContextWrapper.java:765)

09-02 17:49:49.121  1900  3701 I LSPosed-Bridge: 	at android.content.ContextWrapper.enforcePermission(ContextWrapper.java:765)

09-02 17:49:49.121  1900  3701 I LSPosed-Bridge: 	at com.android.internal.telephony.TelephonyPermissions.checkReadPhoneState(TelephonyPermissions.java:117)

09-02 17:49:49.121  1900  3701 I LSPosed-Bridge: 	at com.android.internal.telephony.TelephonyPermissions.checkReadPhoneState(TelephonyPermissions.java:101)

09-02 17:49:49.121  1900  3701 I LSPosed-Bridge: 	at com.android.internal.telephony.TelephonyPermissions.checkCallingOrSelfReadPhoneState(TelephonyPermissions.java:74)

09-02 17:49:49.121  1900  3701 I LSPosed-Bridge: 	at com.android.phone.PhoneInterfaceManager.getImeiForSlot(PhoneInterfaceManager.java:1837)

09-02 17:49:49.121  1900  3701 I LSPosed-Bridge: 	at com.android.internal.telephony.ITelephony$Stub.onTransact(ITelephony.java:1724)

09-02 17:49:49.121  1900  3701 I LSPosed-Bridge: 	at android.os.Binder.execTransact(Binder.java:731)

09-02 17:49:49.121 13616 13616 I Input   : injectMotionEvent: MotionEvent { action=ACTION_MOVE, actionButton=0, id[0]=0, x[0]=510.0, y[0]=180.0, toolType[0]=TOOL_TYPE_UNKNOWN, buttonState=0, metaState=0, flags=0x0, edgeFlags=0x0, pointerCount=1, historySize=0, eventTime=198872, downTime=198872, deviceId=3, source=0x1002 }

09-02 17:49:49.172  1568  3528 I LSPosed-Bridge: 13327 PermLabel 10127 AMS.checkPermission: Binder.getCallingPid() = 1900; uid = 10127; Binder.getCallingUid() = 1001; getNameForUid: android.uid.phone:1001; getPackagesForUid: [com.android.providers.telephony, com.qualcomm.qti.ims, com.android.mms.service, com.qti.confuridialer, com.qti.qualcomm.datastatusnotification, com.qti.qualcomm.deviceinfo, com.qualcomm.qti.networksetting, com.qualcomm.qti.telephonyservice, com.qualcomm.simcontacts, com.qualcomm.qti.autoregistration, com.qualcomm.qti.lpa, com.qualcomm.qti.uim, com.android.stk, com.android.phone, com.qti.xdivert, com.qualcomm.qti.callfeaturessetting, com.qualcomm.qcrilmsgtunnel, org.codeaurora.ims]; permName: android.permission.READ_PHONE_STATE; type = 1; res = -1; stacktrace=java.lang.Exception

09-02 17:49:49.172  1568  3528 I LSPosed-Bridge: 	at com.example.permlabel.requirePerm$1$2.afterHookedMethod(requirePerm.java:130)

09-02 17:49:49.172  1568  3528 I LSPosed-Bridge: 	at de.robv.android.xposed.XposedBridge$AdditionalHookInfo.callback(Unknown Source:147)

09-02 17:49:49.172  1568  3528 I LSPosed-Bridge: 	at LSPHooker_.checkPermission(Unknown Source:25)

09-02 17:49:49.172  1568  3528 I LSPosed-Bridge: 	at android.app.IActivityManager$Stub.onTransact(IActivityManager.java:664)

09-02 17:49:49.172  1568  3528 I LSPosed-Bridge: 	at com.android.server.am.ActivityManagerService.onTransact(ActivityManagerService.java:3346)

09-02 17:49:49.172  1568  3528 I LSPosed-Bridge: 	at android.os.Binder.execTransact(Binder.java:731)

09-02 17:49:49.172  1568  1699 W InputManager: Input event injection from pid 13616 failed.

09-02 17:49:49.251  1568  1862 I LSPosed-Bridge: 13327 PermLabel 10127 AMS.checkPermission: Binder.getCallingPid() = 1900; uid = 10127; Binder.getCallingUid() = 1001; getNameForUid: android.uid.phone:1001; getPackagesForUid: [com.android.providers.telephony, com.qualcomm.qti.ims, com.android.mms.service, com.qti.confuridialer, com.qti.qualcomm.datastatusnotification, com.qti.qualcomm.deviceinfo, com.qualcomm.qti.networksetting, com.qualcomm.qti.telephonyservice, com.qualcomm.simcontacts, com.qualcomm.qti.autoregistration, com.qualcomm.qti.lpa, com.qualcomm.qti.uim, com.android.stk, com.android.phone, com.qti.xdivert, com.qualcomm.qti.callfeaturessetting, com.qualcomm.qcrilmsgtunnel, org.codeaurora.ims]; permName: android.permission.READ_PHONE_STATE; type = 1; res = -1; stacktrace=java.lang.Exception

09-02 17:49:49.251  1568  1862 I LSPosed-Bridge: 	at com.example.permlabel.requirePerm$1$2.afterHookedMethod(requirePerm.java:130)

09-02 17:49:49.251  1568  1862 I LSPosed-Bridge: 	at de.robv.android.xposed.XposedBridge$AdditionalHookInfo.callback(Unknown Source:147)

09-02 17:49:49.251  1568  1862 I LSPosed-Bridge: 	at LSPHooker_.checkPermission(Unknown Source:25)

09-02 17:49:49.251  1568  1862 I LSPosed-Bridge: 	at android.app.IActivityManager$Stub.onTransact(IActivityManager.java:664)

09-02 17:49:49.251  1568  1862 I LSPosed-Bridge: 	at com.android.server.am.ActivityManagerService.onTransact(ActivityManagerService.java:3346)

09-02 17:49:49.251  1568  1862 I LSPosed-Bridge: 	at android.os.Binder.execTransact(Binder.java:731)

09-02 17:49:49.251 13616 13616 I Input   : injectMotionEvent: MotionEvent { action=ACTION_MOVE, actionButton=0, id[0]=0, x[0]=510.0, y[0]=180.0, toolType[0]=TOOL_TYPE_UNKNOWN, buttonState=0, metaState=0, flags=0x0, edgeFlags=0x0, pointerCount=1, historySize=0, eventTime=199001, downTime=199001, deviceId=3, source=0x1002 }

09-02 17:49:49.260 13327 13650 I LSPosed-Bridge: 13327 PermLabel hookBinder_test 10127 interfaceBinder =com.android.internal.telephony.IPhoneSubInfo; arg0 = 8; arg1 = android.os.Parcel@ba069e3; arg2 = android.os.Parcel@e637d60; arg3 = 0; res = true; stacktrace=java.lang.Exception

09-02 17:49:49.260 13327 13650 I LSPosed-Bridge: 	at com.example.permlabel.hookBinder_test$1.afterHookedMethod(hookBinder_test.java:55)

09-02 17:49:49.260 13327 13650 I LSPosed-Bridge: 	at de.robv.android.xposed.XposedBridge$AdditionalHookInfo.callback(Unknown Source:147)

09-02 17:49:49.260 13327 13650 I LSPosed-Bridge: 	at LSPHooker_.transact(Unknown Source:28)

09-02 17:49:49.260 13327 13650 I LSPosed-Bridge: 	at com.android.internal.telephony.IPhoneSubInfo$Stub$Proxy.getSubscriberIdForSubscriber(IPhoneSubInfo.java:577)

09-02 17:49:49.260 13327 13650 I LSPosed-Bridge: 	at android.telephony.TelephonyManager.getSubscriberId(TelephonyManager.java:2870)

09-02 17:49:49.260 13327 13650 I LSPosed-Bridge: 	at android.telephony.TelephonyManager.getSubscriberId(TelephonyManager.java:2852)

09-02 17:49:49.260 13327 13650 I LSPosed-Bridge: 	at java.lang.reflect.Method.invoke(Native Method)

09-02 17:49:49.260 13327 13650 I LSPosed-Bridge: 	at org.lsposed.lspd.nativebridge.HookBridge.invokeOriginalMethod(Native Method)

09-02 17:49:49.260 13327 13650 I LSPosed-Bridge: 	at de.robv.android.xposed.XposedBridge$AdditionalHookInfo.callback(Unknown Source:110)

09-02 17:49:49.260 13327 13650 I LSPosed-Bridge: 	at LSPHooker_.getSubscriberId(Unknown Source:8)

09-02 17:49:49.260 13327 13650 I LSPosed-Bridge: 	at c.t.m.g.fi.a(TL:100)

09-02 17:49:49.260 13327 13650 I LSPosed-Bridge: 	at c.t.m.g.er$a.a(TL:285)

09-02 17:49:49.260 13327 13650 I LSPosed-Bridge: 	at c.t.m.g.er$a.handleMessage(TL:248)

09-02 17:49:49.260 13327 13650 I LSPosed-Bridge: 	at android.os.Handler.dispatchMessage(Handler.java:106)

09-02 17:49:49.260 13327 13650 I LSPosed-Bridge: 	at android.os.Looper.loop(Looper.java:193)

09-02 17:49:49.260 13327 13650 I LSPosed-Bridge: 	at android.os.HandlerThread.run(HandlerThread.java:65)

09-02 17:49:49.260 13327 13650 I LSPosed-Bridge: 13327 PermLabel 10127; permName: android.permission.READ_PHONE_STATE; getSubscriberId res = null; stacktrace=java.lang.Exception

09-02 17:49:49.260 13327 13650 I LSPosed-Bridge: 	at com.example.permlabel.hookBinder_test$6.afterHookedMethod(hookBinder_test.java:124)

09-02 17:49:49.260 13327 13650 I LSPosed-Bridge: 	at de.robv.android.xposed.XposedBridge$AdditionalHookInfo.callback(Unknown Source:147)

09-02 17:49:49.260 13327 13650 I LSPosed-Bridge: 	at LSPHooker_.getSubscriberId(Unknown Source:8)

09-02 17:49:49.260 13327 13650 I LSPosed-Bridge: 	at c.t.m.g.fi.a(TL:100)

09-02 17:49:49.260 13327 13650 I LSPosed-Bridge: 	at c.t.m.g.er$a.a(TL:285)

09-02 17:49:49.260 13327 13650 I LSPosed-Bridge: 	at c.t.m.g.er$a.handleMessage(TL:248)

09-02 17:49:49.260 13327 13650 I LSPosed-Bridge: 	at android.os.Handler.dispatchMessage(Handler.java:106)

09-02 17:49:49.260 13327 13650 I LSPosed-Bridge: 	at android.os.Looper.loop(Looper.java:193)

09-02 17:49:49.260 13327 13650 I LSPosed-Bridge: 	at android.os.HandlerThread.run(HandlerThread.java:65)

09-02 17:49:49.260  1568  1699 I chatty  : uid=1000(system) Binder:1568_3 identical 1 line

09-02 17:49:49.475 13327 13327 I LSPosed-Bridge: 13327 PermLabel hookBinder_test 10127 interfaceBinder =android.app.IActivityManager; arg0 = 57; arg1 = android.os.Parcel@4eec443; arg2 = null; arg3 = 1; res = true; stacktrace=java.lang.Exception

09-02 17:49:49.475 13327 13327 I LSPosed-Bridge: 	at com.example.permlabel.hookBinder_test$1.afterHookedMethod(hookBinder_test.java:55)

09-02 17:49:49.475 13327 13327 I LSPosed-Bridge: 	at de.robv.android.xposed.XposedBridge$AdditionalHookInfo.callback(Unknown Source:147)

09-02 17:49:49.475 13327 13327 I LSPosed-Bridge: 	at LSPHooker_.transact(Unknown Source:28)

09-02 17:49:49.475 13327 13327 I LSPosed-Bridge: 	at android.app.IActivityManager$Stub$Proxy.serviceDoneExecuting(IActivityManager.java:4896)

09-02 17:49:49.475 13327 13327 I LSPosed-Bridge: 	at android.app.ActivityThread.handleServiceArgs(ActivityThread.java:3677)

09-02 17:49:49.475 13327 13327 I LSPosed-Bridge: 	at android.app.ActivityThread.access$1600(ActivityThread.java:200)

09-02 17:49:49.475 13327 13327 I LSPosed-Bridge: 	at android.app.ActivityThread$H.handleMessage(ActivityThread.java:1682)

