09-02 17:50:01.821  1568  4604 I LSPosed-Bridge: 14076 PermLabel 10127 AMS.checkPermission: Binder.getCallingPid() = 1900; uid = 10127; Binder.getCallingUid() = 1001; getNameForUid: android.uid.phone:1001; getPackagesForUid: [com.android.providers.telephony, com.qualcomm.qti.ims, com.android.mms.service, com.qti.confuridialer, com.qti.qualcomm.datastatusnotification, com.qti.qualcomm.deviceinfo, com.qualcomm.qti.networksetting, com.qualcomm.qti.telephonyservice, com.qualcomm.simcontacts, com.qualcomm.qti.autoregistration, com.qualcomm.qti.lpa, com.qualcomm.qti.uim, com.android.stk, com.android.phone, com.qti.xdivert, com.qualcomm.qti.callfeaturessetting, com.qualcomm.qcrilmsgtunnel, org.codeaurora.ims]; permName: android.permission.READ_PHONE_STATE; type = 1; res = -1; stacktrace=java.lang.Exception

09-02 17:50:01.821  1568  4604 I LSPosed-Bridge: 	at com.example.permlabel.requirePerm$1$2.afterHookedMethod(requirePerm.java:130)

09-02 17:50:01.821  1568  4604 I LSPosed-Bridge: 	at de.robv.android.xposed.XposedBridge$AdditionalHookInfo.callback(Unknown Source:147)

09-02 17:50:01.821  1568  4604 I LSPosed-Bridge: 	at LSPHooker_.checkPermission(Unknown Source:25)

09-02 17:50:01.821  1568  4604 I LSPosed-Bridge: 	at android.app.IActivityManager$Stub.onTransact(IActivityManager.java:664)

09-02 17:50:01.821  1568  4604 I LSPosed-Bridge: 	at com.android.server.am.ActivityManagerService.onTransact(ActivityManagerService.java:3346)

09-02 17:50:01.821  1568  4604 I LSPosed-Bridge: 	at android.os.Binder.execTransact(Binder.java:731)

09-02 17:50:01.853 14076 14076 I LSPosed-Bridge: 14076 PermLabel permName: android.permission.READ_PHONE_STATE; getRunningAppProcesses =[android.app.ActivityManager$RunningAppProcessInfo@d81d4f7]; stacktrace=java.lang.Exception

09-02 17:50:01.853 14076 14076 I LSPosed-Bridge: 	at com.example.permlabel.hookBinder_test$2.afterHookedMethod(hookBinder_test.java:95)

09-02 17:50:01.853 14076 14076 I LSPosed-Bridge: 	at de.robv.android.xposed.XposedBridge$AdditionalHookInfo.callback(Unknown Source:147)

09-02 17:50:01.853 14076 14076 I LSPosed-Bridge: 	at LSPHooker_.getRunningAppProcesses(Unknown Source:8)

09-02 17:50:01.853 14076 14076 I LSPosed-Bridge: 	at com.tencent.map.geolocation.a.b.b.a(TCL:11)

09-02 17:50:01.853 14076 14076 I LSPosed-Bridge: 	at com.tencent.map.geolocation.a.b.b.a(TCL:9)

09-02 17:50:01.853 14076 14076 I LSPosed-Bridge: 	at com.tencent.map.geolocation.a.a.f.a(TCL:35)

09-02 17:50:01.853 14076 14076 I LSPosed-Bridge: 	at com.tencent.map.geolocation.TencentLocationManager.<init>(TCL:12)

09-02 17:50:01.853 14076 14076 I LSPosed-Bridge: 	at com.tencent.map.geolocation.TencentLocationManager.getInstance(TCL:5)

09-02 17:50:01.853 14076 14076 I LSPosed-Bridge: 	at com.klook.location.internal.third.d.<init>(TencentLocationImpl.kt:2)

09-02 17:50:01.853 14076 14076 I LSPosed-Bridge: 	at com.klook.location.internal.LocationManager$d.invoke(LocationManager.kt:2)

09-02 17:50:01.853 14076 14076 I LSPosed-Bridge: 	at com.klook.location.internal.LocationManager$d.invoke(LocationManager.kt:1)

09-02 17:50:01.853 14076 14076 I LSPosed-Bridge: 	at kotlin.u.getValue(LazyJVM.kt:5)

09-02 17:50:01.853 14076 14076 I LSPosed-Bridge: 	at com.klook.location.internal.LocationManager.c(LocationManager.kt:1)

09-02 17:50:01.853 14076 14076 I LSPosed-Bridge: 	at com.klook.location.internal.LocationManager.requestLocation(LocationManager.kt:3)

09-02 17:50:01.853 14076 14076 I LSPosed-Bridge: 	at com.klook.deepknow.forter.c.a(ForterWrapper.kt:4)

09-02 17:50:01.853 14076 14076 I LSPosed-Bridge: 	at com.klook.deepknow.forter.c.init(ForterWrapper.kt:8)

09-02 17:50:01.853 14076 14076 I LSPosed-Bridge: 	at com.klook.deepknow.b$a.init(KLRiskDeepKnowSDK.kt:1)

09-02 17:50:01.853 14076 14076 I LSPosed-Bridge: 	at com.klook.deepknow.b.init(Unknown Source:2)

09-02 17:50:01.853 14076 14076 I LSPosed-Bridge: 	at com.klooklib.activity.SplashActivity.q(SplashActivity.java:52)

09-02 17:50:01.853 14076 14076 I LSPosed-Bridge: 	at com.klooklib.activity.SplashActivity.I(SplashActivity.java:24)

09-02 17:50:01.853 14076 14076 I LSPosed-Bridge: 	at com.klooklib.activity.SplashActivity.initView(SplashActivity.java:14)

09-02 17:50:01.853 14076 14076 I LSPosed-Bridge: 	at com.klook.base.business.ui.BaseActivity.onCreate(BaseActivity.java:15)

09-02 17:50:01.853 14076 14076 I LSPosed-Bridge: 	at com.klooklib.activity.SplashActivity.onCreate(SplashActivity.java:1)

09-02 17:50:01.853 14076 14076 I LSPosed-Bridge: 	at android.app.Activity.performCreate(Activity.java:7136)

09-02 17:50:01.853 14076 14076 I LSPosed-Bridge: 	at android.app.Activity.performCreate(Activity.java:7127)

09-02 17:50:01.853 14076 14076 I LSPosed-Bridge: 	at android.app.Instrumentation.callActivityOnCreate(Instrumentation.java:1272)

09-02 17:50:01.853 14076 14076 I LSPosed-Bridge: 	at android.app.ActivityThread.performLaunchActivity(ActivityThread.java:2894)

09-02 17:50:01.853 14076 14076 I LSPosed-Bridge: 	at android.app.ActivityThread.handleLaunchActivity(ActivityThread.java:3049)

09-02 17:50:01.853 14076 14076 I LSPosed-Bridge: 	at android.app.servertransaction.LaunchActivityItem.execute(LaunchActivityItem.java:78)

09-02 17:50:01.853 14076 14076 I LSPosed-Bridge: 	at android.app.servertransaction.TransactionExecutor.executeCallbacks(TransactionExecutor.java:108)

09-02 17:50:01.853 14076 14076 I LSPosed-Bridge: 	at android.app.servertransaction.TransactionExecutor.execute(TransactionExecutor.java:68)

09-02 17:50:01.853 14076 14076 I LSPosed-Bridge: 	at android.app.ActivityThread$H.handleMessage(ActivityThread.java:1809)

09-02 17:50:01.853 14076 14076 I LSPosed-Bridge: 	at android.os.Handler.dispatchMessage(Handler.java:106)

09-02 17:50:01.853 14076 14076 I LSPosed-Bridge: 	at android.os.Looper.loop(Looper.java:193)

09-02 17:50:01.853 14076 14076 I LSPosed-Bridge: 	at android.app.ActivityThread.main(ActivityThread.java:6692)

09-02 17:50:01.853 14076 14076 I LSPosed-Bridge: 	at java.lang.reflect.Method.invoke(Native Method)

09-02 17:50:01.853 14076 14076 I LSPosed-Bridge: 	at com.android.internal.os.RuntimeInit$MethodAndArgsCaller.run(RuntimeInit.java:493)

09-02 17:50:01.853 14076 14076 I LSPosed-Bridge: 	at com.android.internal.os.ZygoteInit.main(ZygoteInit.java:858)

09-02 17:50:01.853 14076 14355 I LSPosed-Bridge: 14076 PermLabel hookBinder_test 10127 interfaceBinder =; arg0 = 1; arg1 = android.os.Parcel@3622d7e; arg2 = android.os.Parcel@76d0dfc; arg3 = 0; res = true; stacktrace=java.lang.Exception

09-02 17:50:01.853 14076 14355 I LSPosed-Bridge: 	at com.example.permlabel.hookBinder_test$1.afterHookedMethod(hookBinder_test.java:55)

09-02 17:50:01.853 14076 14355 I LSPosed-Bridge: 	at de.robv.android.xposed.XposedBridge$AdditionalHookInfo.callback(Unknown Source:147)

09-02 17:50:01.853 14076 14355 I LSPosed-Bridge: 	at LSPHooker_.transact(Unknown Source:28)

09-02 17:50:01.853 14076 14355 I LSPosed-Bridge: 	at android.os.ServiceManagerProxy.getService(ServiceManagerNative.java:125)

09-02 17:50:01.853 14076 14355 I LSPosed-Bridge: 	at android.os.ServiceManager.rawGetService(ServiceManager.java:253)

09-02 17:50:01.853 14076 14355 I LSPosed-Bridge: 	at android.os.ServiceManager.getService(ServiceManager.java:124)

09-02 17:50:01.853 14076 14355 I LSPosed-Bridge: 	at android.telephony.SubscriptionManager.getSlotIndex(SubscriptionManager.java:1177)

09-02 17:50:01.853 14076 14355 I LSPosed-Bridge: 	at android.telephony.TelephonyManager.getSlotIndex(TelephonyManager.java:4947)

09-02 17:50:01.853 14076 14355 I LSPosed-Bridge: 	at android.telephony.TelephonyManager.getImei(TelephonyManager.java:1272)

09-02 17:50:01.853 14076 14355 I LSPosed-Bridge: 	at com.tencent.map.geolocation.a.b.g.a(TCL:7)

09-02 17:50:01.853 14076 14355 I LSPosed-Bridge: 	at com.tencent.map.geolocation.a.a.e$a.a(TCL:4)

09-02 17:50:01.853 14076 14355 I LSPosed-Bridge: 	at com.tencent.map.geolocation.a.a.e$a.handleMessage(TCL:59)

09-02 17:50:01.853 14076 14355 I LSPosed-Bridge: 	at android.os.Handler.dispatchMessage(Handler.java:106)

09-02 17:50:01.853 14076 14355 I LSPosed-Bridge: 	at android.os.Looper.loop(Looper.java:193)

09-02 17:50:01.853 14076 14355 I LSPosed-Bridge: 	at android.os.HandlerThread.run(HandlerThread.java:65)

09-02 17:50:01.860  1568  4604 I LSPosed-Bridge: 14076 PermLabel 10127 AMS.checkPermission: Binder.getCallingPid() = 1900; uid = 10127; Binder.getCallingUid() = 1001; getNameForUid: android.uid.phone:1001; getPackagesForUid: [com.android.providers.telephony, com.qualcomm.qti.ims, com.android.mms.service, com.qti.confuridialer, com.qti.qualcomm.datastatusnotification, com.qti.qualcomm.deviceinfo, com.qualcomm.qti.networksetting, com.qualcomm.qti.telephonyservice, com.qualcomm.simcontacts, com.qualcomm.qti.autoregistration, com.qualcomm.qti.lpa, com.qualcomm.qti.uim, com.android.stk, com.android.phone, com.qti.xdivert, com.qualcomm.qti.callfeaturessetting, com.qualcomm.qcrilmsgtunnel, org.codeaurora.ims]; permName: android.permission.READ_PHONE_STATE; type = 1; res = -1; stacktrace=java.lang.Exception

09-02 17:50:01.860  1568  4604 I LSPosed-Bridge: 	at com.example.permlabel.requirePerm$1$2.afterHookedMethod(requirePerm.java:130)

09-02 17:50:01.860  1568  4604 I LSPosed-Bridge: 	at de.robv.android.xposed.XposedBridge$AdditionalHookInfo.callback(Unknown Source:147)

09-02 17:50:01.860  1568  4604 I LSPosed-Bridge: 	at LSPHooker_.checkPermission(Unknown Source:25)

09-02 17:50:01.860  1568  4604 I LSPosed-Bridge: 	at android.app.IActivityManager$Stub.onTransact(IActivityManager.java:664)

09-02 17:50:01.860  1568  4604 I LSPosed-Bridge: 	at com.android.server.am.ActivityManagerService.onTransact(ActivityManagerService.java:3346)

09-02 17:50:01.860  1568  4604 I LSPosed-Bridge: 	at android.os.Binder.execTransact(Binder.java:731)

09-02 17:50:01.873 14076 14076 I LSPosed-Bridge: 14076 PermLabel hookBinder_test 10127 interfaceBinder =android.app.IActivityManager; arg0 = 81; arg1 = android.os.Parcel@d190004; arg2 = android.os.Parcel@3622d7e; arg3 = 0; res = true; stacktrace=java.lang.Exception

09-02 17:50:01.873 14076 14076 I LSPosed-Bridge: 	at com.example.permlabel.hookBinder_test$1.afterHookedMethod(hookBinder_test.java:55)

09-02 17:50:01.873 14076 14076 I LSPosed-Bridge: 	at de.robv.android.xposed.XposedBridge$AdditionalHookInfo.callback(Unknown Source:147)

09-02 17:50:01.873 14076 14076 I LSPosed-Bridge: 	at LSPHooker_.transact(Unknown Source:28)

09-02 17:50:01.873 14076 14076 I LSPosed-Bridge: 	at android.app.IActivityManager$Stub$Proxy.getRunningAppProcesses(IActivityManager.java:5366)

09-02 17:50:01.873 14076 14076 I LSPosed-Bridge: 	at android.app.ActivityManager.getRunningAppProcesses(ActivityManager.java:3435)

09-02 17:50:01.873 14076 14076 I LSPosed-Bridge: 	at java.lang.reflect.Method.invoke(Native Method)

09-02 17:50:01.873 14076 14076 I LSPosed-Bridge: 	at org.lsposed.lspd.nativebridge.HookBridge.invokeOriginalMethod(Native Method)

09-02 17:50:01.873 14076 14076 I LSPosed-Bridge: 	at de.robv.android.xposed.XposedBridge$AdditionalHookInfo.callback(Unknown Source:110)

09-02 17:50:01.873 14076 14076 I LSPosed-Bridge: 	at LSPHooker_.getRunningAppProcesses(Unknown Source:8)

09-02 17:50:01.873 14076 14076 I LSPosed-Bridge: 	at com.tencent.map.geolocation.a.b.h.d(TCL:3)

09-02 17:50:01.873 14076 14076 I LSPosed-Bridge: 	at com.tencent.map.geolocation.a.b.b.b(TCL:1)

09-02 17:50:01.873 14076 14076 I LSPosed-Bridge: 	at com.tencent.map.geolocation.a.a.b.a(TCL:42)

09-02 17:50:01.873 14076 14076 I LSPosed-Bridge: 	at com.tencent.map.geolocation.a.a.f.a(TCL:48)

09-02 17:50:01.873 14076 14076 I LSPosed-Bridge: 	at com.tencent.map.geolocation.TencentLocationManager.<init>(TCL:12)

09-02 17:50:01.873 14076 14076 I LSPosed-Bridge: 	at com.tencent.map.geolocation.TencentLocationManager.getInstance(TCL:5)

09-02 17:50:01.873 14076 14076 I LSPosed-Bridge: 	at com.klook.location.internal.third.d.<init>(TencentLocationImpl.kt:2)

09-02 17:50:01.873 14076 14076 I LSPosed-Bridge: 	at com.klook.location.internal.LocationManager$d.invoke(LocationManager.kt:2)

09-02 17:50:01.873 14076 14076 I LSPosed-Bridge: 	at com.klook.location.internal.LocationManager$d.invoke(LocationManager.kt:1)

09-02 17:50:01.873 14076 14076 I LSPosed-Bridge: 	at kotlin.u.getValue(LazyJVM.kt:5)

09-02 17:50:01.873 14076 14076 I LSPosed-Bridge: 	at com.klook.location.internal.LocationManager.c(LocationManager.kt:1)

09-02 17:50:01.873 14076 14076 I LSPosed-Bridge: 	at com.klook.location.internal.LocationManager.requestLocation(LocationManager.kt:3)

09-02 17:50:01.873 14076 14076 I LSPosed-Bridge: 	at com.klook.deepknow.forter.c.a(ForterWrapper.kt:4)

09-02 17:50:01.873 14076 14076 I LSPosed-Bridge: 	at com.klook.deepknow.forter.c.init(ForterWrapper.kt:8)

09-02 17:50:01.873 14076 14076 I LSPosed-Bridge: 	at com.klook.deepknow.b$a.init(KLRiskDeepKnowSDK.kt:1)

09-02 17:50:01.873 14076 14076 I LSPosed-Bridge: 	at com.klook.deepknow.b.init(Unknown Source:2)

09-02 17:50:01.873 14076 14076 I LSPosed-Bridge: 	at com.klooklib.activity.SplashActivity.q(SplashActivity.java:52)

09-02 17:50:01.873 14076 14076 I LSPosed-Bridge: 	at com.klooklib.activity.SplashActivity.I(SplashActivity.java:24)

09-02 17:50:01.873 14076 14076 I LSPosed-Bridge: 	at com.klooklib.activity.SplashActivity.initView(SplashActivity.java:14)

09-02 17:50:01.873 14076 14076 I LSPosed-Bridge: 	at com.klook.base.business.ui.BaseActivity.onCreate(BaseActivity.java:15)

09-02 17:50:01.873 14076 14076 I LSPosed-Bridge: 	at com.klooklib.activity.SplashActivity.onCreate(SplashActivity.java:1)

09-02 17:50:01.873 14076 14076 I LSPosed-Bridge: 	at android.app.Activity.performCreate(Activity.java:7136)

09-02 17:50:01.873 14076 14076 I LSPosed-Bridge: 	at android.app.Activity.performCreate(Activity.java:7127)

09-02 17:50:01.873 14076 14076 I LSPosed-Bridge: 	at android.app.Instrumentation.callActivityOnCreate(Instrumentation.java:1272)

09-02 17:50:01.873 14076 14076 I LSPosed-Bridge: 	at android.app.ActivityThread.performLaunchActivity(ActivityThread.java:2894)

09-02 17:50:01.873 14076 14076 I LSPosed-Bridge: 	at android.app.ActivityThread.handleLaunchActivity(ActivityThread.java:3049)

09-02 17:50:01.873 14076 14076 I LSPosed-Bridge: 	at android.app.servertransaction.LaunchActivityItem.execute(LaunchActivityItem.java:78)

09-02 17:50:01.873 14076 14076 I LSPosed-Bridge: 	at android.app.servertransaction.TransactionExecutor.executeCallbacks(TransactionExecutor.java:108)

09-02 17:50:01.873 14076 14076 I LSPosed-Bridge: 	at android.app.servertransaction.TransactionExecutor.execute(TransactionExecutor.java:68)

09-02 17:50:01.873 14076 14076 I LSPosed-Bridge: 	at android.app.ActivityThread$H.handleMessage(ActivityThread.java:1809)

09-02 17:50:01.873 14076 14076 I LSPosed-Bridge: 	at android.os.Handler.dispatchMessage(Handler.java:106)

09-02 17:50:01.873 14076 14076 I LSPosed-Bridge: 	at android.os.Looper.loop(Looper.java:193)

09-02 17:50:01.873 14076 14076 I LSPosed-Bridge: 	at android.app.ActivityThread.main(ActivityThread.java:6692)

09-02 17:50:01.873 14076 14076 I LSPosed-Bridge: 	at java.lang.reflect.Method.invoke(Native Method)

09-02 17:50:01.873 14076 14076 I LSPosed-Bridge: 	at com.android.internal.os.RuntimeInit$MethodAndArgsCaller.run(RuntimeInit.java:493)

09-02 17:50:01.873 14076 14076 I LSPosed-Bridge: 	at com.android.internal.os.ZygoteInit.main(ZygoteInit.java:858)

09-02 17:50:01.873 14076 14076 I LSPosed-Bridge: 14076 PermLabel getRunningAppProcesses =android.app.ActivityManager$RunningAppProcessInfo@631fc3d

09-02 17:50:01.873 14076 14076 I LSPosed-Bridge: 14076 PermLabel getRunningAppProcesses processName: com.klook pid: 14076

09-02 17:50:01.873 14076 14076 I LSPosed-Bridge: 14076 PermLabel getRunningAppProcesses importance: 100 pid: 14076

09-02 17:50:01.873 14076 14076 I LSPosed-Bridge: 14076 PermLabel getRunningAppProcesses packageName com.klook at index 0 in process 14076

09-02 17:50:01.873 14076 14076 I LSPosed-Bridge: 14076 PermLabel permName: android.permission.READ_PHONE_STATE; getRunningAppProcesses =[android.app.ActivityManager$RunningAppProcessInfo@631fc3d]; stacktrace=java.lang.Exception

09-02 17:50:01.873 14076 14076 I LSPosed-Bridge: 	at com.example.permlabel.hookBinder_test$2.afterHookedMethod(hookBinder_test.java:95)

09-02 17:50:01.873 14076 14076 I LSPosed-Bridge: 	at de.robv.android.xposed.XposedBridge$AdditionalHookInfo.callback(Unknown Source:147)

09-02 17:50:01.873 14076 14076 I LSPosed-Bridge: 	at LSPHooker_.getRunningAppProcesses(Unknown Source:8)

09-02 17:50:01.873 14076 14076 I LSPosed-Bridge: 	at com.tencent.map.geolocation.a.b.h.d(TCL:3)

09-02 17:50:01.873 14076 14076 I LSPosed-Bridge: 	at com.tencent.map.geolocation.a.b.b.b(TCL:1)

09-02 17:50:01.873 14076 14076 I LSPosed-Bridge: 	at com.tencent.map.geolocation.a.a.b.a(TCL:42)

09-02 17:50:01.873 14076 14076 I LSPosed-Bridge: 	at com.tencent.map.geolocation.a.a.f.a(TCL:48)

09-02 17:50:01.873 14076 14076 I LSPosed-Bridge: 	at com.tencent.map.geolocation.TencentLocationManager.<init>(TCL:12)

09-02 17:50:01.873 14076 14076 I LSPosed-Bridge: 	at com.tencent.map.geolocation.TencentLocationManager.getInstance(TCL:5)

09-02 17:50:01.873 14076 14076 I LSPosed-Bridge: 	at com.klook.location.internal.third.d.<init>(TencentLocationImpl.kt:2)

09-02 17:50:01.873 14076 14076 I LSPosed-Bridge: 	at com.klook.location.internal.LocationManager$d.invoke(LocationManager.kt:2)

09-02 17:50:01.873 14076 14076 I LSPosed-Bridge: 	at com.klook.location.internal.LocationManager$d.invoke(LocationManager.kt:1)

09-02 17:50:01.873 14076 14076 I LSPosed-Bridge: 	at kotlin.u.getValue(LazyJVM.kt:5)

09-02 17:50:01.873 14076 14076 I LSPosed-Bridge: 	at com.klook.location.internal.LocationManager.c(LocationManager.kt:1)

09-02 17:50:01.873 14076 14076 I LSPosed-Bridge: 	at com.klook.location.internal.LocationManager.requestLocation(LocationManager.kt:3)

09-02 17:50:01.873 14076 14076 I LSPosed-Bridge: 	at com.klook.deepknow.forter.c.a(ForterWrapper.kt:4)

09-02 17:50:01.873 14076 14076 I LSPosed-Bridge: 	at com.klook.deepknow.forter.c.init(ForterWrapper.kt:8)

09-02 17:50:01.873 14076 14076 I LSPosed-Bridge: 	at com.klook.deepknow.b$a.init(KLRiskDeepKnowSDK.kt:1)

09-02 17:50:01.873 14076 14076 I LSPosed-Bridge: 	at com.klook.deepknow.b.init(Unknown Source:2)

09-02 17:50:01.873 14076 14076 I LSPosed-Bridge: 	at com.klooklib.activity.SplashActivity.q(SplashActivity.java:52)

09-02 17:50:01.873 14076 14076 I LSPosed-Bridge: 	at com.klooklib.activity.SplashActivity.I(SplashActivity.java:24)

09-02 17:50:01.873 14076 14076 I LSPosed-Bridge: 	at com.klooklib.activity.SplashActivity.initView(SplashActivity.java:14)

09-02 17:50:01.873 14076 14076 I LSPosed-Bridge: 	at com.klook.base.business.ui.BaseActivity.onCreate(BaseActivity.java:15)

09-02 17:50:01.873 14076 14076 I LSPosed-Bridge: 	at com.klooklib.activity.SplashActivity.onCreate(SplashActivity.java:1)

09-02 17:50:01.873 14076 14076 I LSPosed-Bridge: 	at android.app.Activity.performCreate(Activity.java:7136)

09-02 17:50:01.873 14076 14076 I LSPosed-Bridge: 	at android.app.Activity.performCreate(Activity.java:7127)

09-02 17:50:01.873 14076 14076 I LSPosed-Bridge: 	at android.app.Instrumentation.callActivityOnCreate(Instrumentation.java:1272)

09-02 17:50:01.873 14076 14076 I LSPosed-Bridge: 	at android.app.ActivityThread.performLaunchActivity(ActivityThread.java:2894)

09-02 17:50:01.873 14076 14076 I LSPosed-Bridge: 	at android.app.ActivityThread.handleLaunchActivity(ActivityThread.java:3049)

09-02 17:50:01.873 14076 14076 I LSPosed-Bridge: 	at android.app.servertransaction.LaunchActivityItem.execute(LaunchActivityItem.java:78)

09-02 17:50:01.873 14076 14076 I LSPosed-Bridge: 	at android.app.servertransaction.TransactionExecutor.executeCallbacks(TransactionExecutor.java:108)

09-02 17:50:01.873 14076 14076 I LSPosed-Bridge: 	at android.app.servertransaction.TransactionExecutor.execute(TransactionExecutor.java:68)

09-02 17:50:01.873 14076 14076 I LSPosed-Bridge: 	at android.app.ActivityThread$H.handleMessage(ActivityThread.java:1809)

09-02 17:50:01.873 14076 14076 I LSPosed-Bridge: 	at android.os.Handler.dispatchMessage(Handler.java:106)

09-02 17:50:01.873 14076 14076 I LSPosed-Bridge: 	at android.os.Looper.loop(Looper.java:193)

09-02 17:50:01.873 14076 14076 I LSPosed-Bridge: 	at android.app.ActivityThread.main(ActivityThread.java:6692)

09-02 17:50:01.873 14076 14076 I LSPosed-Bridge: 	at java.lang.reflect.Method.invoke(Native Method)

09-02 17:50:01.873 14076 14076 I LSPosed-Bridge: 	at com.android.internal.os.RuntimeInit$MethodAndArgsCaller.run(RuntimeInit.java:493)

09-02 17:50:01.873 14076 14076 I LSPosed-Bridge: 	at com.android.internal.os.ZygoteInit.main(ZygoteInit.java:858)

09-02 17:50:01.874  1568  4604 I LSPosed-Bridge: 14076 PermLabel 10127 AMS.checkPermission: Binder.getCallingPid() = 1900; uid = 10127; Binder.getCallingUid() = 1001; getNameForUid: android.uid.phone:1001; getPackagesForUid: [com.android.providers.telephony, com.qualcomm.qti.ims, com.android.mms.service, com.qti.confuridialer, com.qti.qualcomm.datastatusnotification, com.qti.qualcomm.deviceinfo, com.qualcomm.qti.networksetting, com.qualcomm.qti.telephonyservice, com.qualcomm.simcontacts, com.qualcomm.qti.autoregistration, com.qualcomm.qti.lpa, com.qualcomm.qti.uim, com.android.stk, com.android.phone, com.qti.xdivert, com.qualcomm.qti.callfeaturessetting, com.qualcomm.qcrilmsgtunnel, org.codeaurora.ims]; permName: android.permission.READ_PHONE_STATE; type = 1; res = -1; stacktrace=java.lang.Exception

09-02 17:50:01.874  1568  4604 I LSPosed-Bridge: 	at com.example.permlabel.requirePerm$1$2.afterHookedMethod(requirePerm.java:130)

09-02 17:50:01.874  1568  4604 I LSPosed-Bridge: 	at de.robv.android.xposed.XposedBridge$AdditionalHookInfo.callback(Unknown Source:147)

09-02 17:50:01.874  1568  4604 I LSPosed-Bridge: 	at LSPHooker_.checkPermission(Unknown Source:25)

09-02 17:50:01.874  1568  4604 I LSPosed-Bridge: 	at android.app.IActivityManager$Stub.onTransact(IActivityManager.java:664)

09-02 17:50:01.874  1568  4604 I LSPosed-Bridge: 	at com.android.server.am.ActivityManagerService.onTransact(ActivityManagerService.java:3346)

09-02 17:50:01.874  1568  4604 I LSPosed-Bridge: 	at android.os.Binder.execTransact(Binder.java:731)

09-02 17:50:01.878 14076 14355 I LSPosed-Bridge: 14076 PermLabel 10127; permName: android.permission.READ_PHONE_STATE; getSubscriberId res = null; stacktrace=java.lang.Exception

09-02 17:50:01.878 14076 14355 I LSPosed-Bridge: 	at com.example.permlabel.hookBinder_test$6.afterHookedMethod(hookBinder_test.java:124)

09-02 17:50:01.878 14076 14355 I LSPosed-Bridge: 	at de.robv.android.xposed.XposedBridge$AdditionalHookInfo.callback(Unknown Source:147)

09-02 17:50:01.878 14076 14355 I LSPosed-Bridge: 	at LSPHooker_.getSubscriberId(Unknown Source:8)

09-02 17:50:01.878 14076 14355 I LSPosed-Bridge: 	at com.tencent.map.geolocation.a.b.g.b(TCL:6)

09-02 17:50:01.878 14076 14355 I LSPosed-Bridge: 	at com.tencent.map.geolocation.a.a.e$a.a(TCL:5)

09-02 17:50:01.878 14076 14355 I LSPosed-Bridge: 	at com.tencent.map.geolocation.a.a.e$a.handleMessage(TCL:59)

09-02 17:50:01.878 14076 14355 I LSPosed-Bridge: 	at android.os.Handler.dispatchMessage(Handler.java:106)

09-02 17:50:01.878 14076 14355 I LSPosed-Bridge: 	at android.os.Looper.loop(Looper.java:193)

09-02 17:50:01.878 14076 14355 I LSPosed-Bridge: 	at android.os.HandlerThread.run(HandlerThread.java:65)

09-02 17:50:01.878 14076 14076 I LSPosed-Bridge: 14076 PermLabel hookBinder_test 10127 interfaceBinder =; arg0 = 1; arg1 = android.os.Parcel@a8ab9bc; arg2 = android.os.Parcel@533758e; arg3 = 0; res = true; stacktrace=java.lang.Exception

09-02 17:50:01.878 14076 14076 I LSPosed-Bridge: 	at com.example.permlabel.hookBinder_test$1.afterHookedMethod(hookBinder_test.java:55)

09-02 17:50:01.878 14076 14076 I LSPosed-Bridge: 	at de.robv.android.xposed.XposedBridge$AdditionalHookInfo.callback(Unknown Source:147)

09-02 17:50:01.878 14076 14076 I LSPosed-Bridge: 	at LSPHooker_.transact(Unknown Source:28)

09-02 17:50:01.878 14076 14076 I LSPosed-Bridge: 	at android.os.ServiceManagerProxy.getService(ServiceManagerNative.java:125)

09-02 17:50:01.878 14076 14076 I LSPosed-Bridge: 	at android.os.ServiceManager.rawGetService(ServiceManager.java:253)

09-02 17:50:01.878 14076 14076 I LSPosed-Bridge: 	at android.os.ServiceManager.getService(ServiceManager.java:124)

09-02 17:50:01.878 14076 14076 I LSPosed-Bridge: 	at android.os.ServiceManager.getServiceOrThrow(ServiceManager.java:139)

09-02 17:50:01.878 14076 14076 I LSPosed-Bridge: 	at android.app.SystemServiceRegistry$51.createService(SystemServiceRegistry.java:603)

09-02 17:50:01.878 14076 14076 I LSPosed-Bridge: 	at android.app.SystemServiceRegistry$51.createService(SystemServiceRegistry.java:600)

09-02 17:50:01.878 14076 14076 I LSPosed-Bridge: 	at android.app.SystemServiceRegistry$CachedServiceFetcher.getService(SystemServiceRegistry.java:1098)

09-02 17:50:01.878 14076 14076 I LSPosed-Bridge: 	at android.app.SystemServiceRegistry.getSystemService(SystemServiceRegistry.java:1014)

09-02 17:50:01.878 14076 14076 I LSPosed-Bridge: 	at android.app.ContextImpl.getSystemService(ContextImpl.java:1721)

09-02 17:50:01.878 14076 14076 I LSPosed-Bridge: 	at android.content.ContextWrapper.getSystemService(ContextWrapper.java:728)

09-02 17:50:01.878 14076 14076 I LSPosed-Bridge: 	at c.t.m.g.ed.<init>(TL:99)

09-02 17:50:01.878 14076 14076 I LSPosed-Bridge: 	at c.t.m.g.ed.a(TL:87)

09-02 17:50:01.878 14076 14076 I LSPosed-Bridge: 	at com.tencent.map.geolocation.proxy.TencentLocationManagerProxy.<init>(TL:43)

09-02 17:50:01.878 14076 14076 I LSPosed-Bridge: 	at java.lang.reflect.Constructor.newInstance0(Native Method)

09-02 17:50:01.878 14076 14076 I LSPosed-Bridge: 	at java.lang.reflect.Constructor.newInstance(Constructor.java:343)

09-02 17:50:01.878 14076 14076 I LSPosed-Bridge: 	at com.tencent.map.geolocation.TencentLocationManager.<init>(TCL:17)

09-02 17:50:01.878 14076 14076 I LSPosed-Bridge: 	at com.tencent.map.geolocation.TencentLocationManager.getInstance(TCL:5)

09-02 17:50:01.878 14076 14076 I LSPosed-Bridge: 	at com.klook.location.internal.third.d.<init>(TencentLocationImpl.kt:2)

09-02 17:50:01.878 14076 14076 I LSPosed-Bridge: 	at com.klook.location.internal.LocationManager$d.invoke(LocationManager.kt:2)

09-02 17:50:01.878 14076 14076 I LSPosed-Bridge: 	at com.klook.location.internal.LocationManager$d.invoke(LocationManager.kt:1)

09-02 17:50:01.878 14076 14076 I LSPosed-Bridge: 	at kotlin.u.getValue(LazyJVM.kt:5)

09-02 17:50:01.878 14076 14076 I LSPosed-Bridge: 	at com.klook.location.internal.LocationManager.c(LocationManager.kt:1)

09-02 17:50:01.878 14076 14076 I LSPosed-Bridge: 	at com.klook.location.internal.LocationManager.requestLocation(LocationManager.kt:3)

09-02 17:50:01.878 14076 14076 I LSPosed-Bridge: 	at com.klook.deepknow.forter.c.a(ForterWrapper.kt:4)

09-02 17:50:01.878 14076 14076 I LSPosed-Bridge: 	at com.klook.deepknow.forter.c.init(ForterWrapper.kt:8)

09-02 17:50:01.878 14076 14076 I LSPosed-Bridge: 	at com.klook.deepknow.b$a.init(KLRiskDeepKnowSDK.kt:1)

09-02 17:50:01.878 14076 14076 I LSPosed-Bridge: 	at com.klook.deepknow.b.init(Unknown Source:2)

09-02 17:50:01.878 14076 14076 I LSPosed-Bridge: 	at com.klooklib.activity.SplashActivity.q(SplashActivity.java:52)

09-02 17:50:01.878 14076 14076 I LSPosed-Bridge: 	at com.klooklib.activity.SplashActivity.I(SplashActivity.java:24)

09-02 17:50:01.878 14076 14076 I LSPosed-Bridge: 	at com.klooklib.activity.SplashActivity.initView(SplashActivity.java:14)

09-02 17:50:01.878 14076 14076 I LSPosed-Bridge: 	at com.klook.base.business.ui.BaseActivity.onCreate(BaseActivity.java:15)

09-02 17:50:01.878 14076 14076 I LSPosed-Bridge: 	at com.klooklib.activity.SplashActivity.onCreate(SplashActivity.java:1)

09-02 17:50:01.878 14076 14076 I LSPosed-Bridge: 	at android.app.Activity.performCreate(Activity.java:7136)

09-02 17:50:01.878 14076 14076 I LSPosed-Bridge: 	at android.app.Activity.performCreate(Activity.java:7127)

09-02 17:50:01.878 14076 14076 I LSPosed-Bridge: 	at android.app.Instrumentation.callActivityOnCreate(Instrumentation.java:1272)

09-02 17:50:01.878 14076 14076 I LSPosed-Bridge: 	at android.app.ActivityThread.performLaunchActivity(ActivityThread.java:2894)

09-02 17:50:01.878 14076 14076 I LSPosed-Bridge: 	at android.app.ActivityThread.handleLaunchActivity(ActivityThread.java:3049)

09-02 17:50:01.878 14076 14076 I LSPosed-Bridge: 	at android.app.servertransaction.LaunchActivityItem.execute(LaunchActivityItem.java:78)

09-02 17:50:01.878 14076 14076 I LSPosed-Bridge: 	at android.app.servertransaction.TransactionExecutor.executeCallbacks(TransactionExecutor.java:108)

09-02 17:50:01.878 14076 14076 I LSPosed-Bridge: 	at android.app.servertransaction.TransactionExecutor.execute(TransactionExecutor.java:68)

09-02 17:50:01.878 14076 14076 I LSPosed-Bridge: 	at android.app.ActivityThread$H.handleMessage(ActivityThread.java:1809)

09-02 17:50:01.878 14076 14076 I LSPosed-Bridge: 	at android.os.Handler.dispatchMessage(Handler.java:106)

09-02 17:50:01.878 14076 14076 I LSPosed-Bridge: 	at android.os.Looper.loop(Looper.java:193)

09-02 17:50:01.878 14076 14076 I LSPosed-Bridge: 	at android.app.ActivityThread.main(ActivityThread.java:6692)

09-02 17:50:01.878 14076 14076 I LSPosed-Bridge: 	at java.lang.reflect.Method.invoke(Native Method)

09-02 17:50:01.878 14076 14076 I LSPosed-Bridge: 	at com.android.internal.os.RuntimeInit$MethodAndArgsCaller.run(RuntimeInit.java:493)

09-02 17:50:01.878 14076 14076 I LSPosed-Bridge: 	at com.android.internal.os.ZygoteInit.main(ZygoteInit.java:858)

09-02 17:50:01.898  1568  4604 I LSPosed-Bridge: 14076 PermLabel 10127 AMS.checkPermission: Binder.getCallingPid() = 1900; uid = 10127; Binder.getCallingUid() = 1001; getNameForUid: android.uid.phone:1001; getPackagesForUid: [com.android.providers.telephony, com.qualcomm.qti.ims, com.android.mms.service, com.qti.confuridialer, com.qti.qualcomm.datastatusnotification, com.qti.qualcomm.deviceinfo, com.qualcomm.qti.networksetting, com.qualcomm.qti.telephonyservice, com.qualcomm.simcontacts, com.qualcomm.qti.autoregistration, com.qualcomm.qti.lpa, com.qualcomm.qti.uim, com.android.stk, com.android.phone, com.qti.xdivert, com.qualcomm.qti.callfeaturessetting, com.qualcomm.qcrilmsgtunnel, org.codeaurora.ims]; permName: android.permission.READ_PHONE_STATE; type = 1; res = -1; stacktrace=java.lang.Exception

09-02 17:50:01.898  1568  4604 I LSPosed-Bridge: 	at com.example.permlabel.requirePerm$1$2.afterHookedMethod(requirePerm.java:130)

09-02 17:50:01.898  1568  4604 I LSPosed-Bridge: 	at de.robv.android.xposed.XposedBridge$AdditionalHookInfo.callback(Unknown Source:147)

09-02 17:50:01.898  1568  4604 I LSPosed-Bridge: 	at LSPHooker_.checkPermission(Unknown Source:25)

09-02 17:50:01.898  1568  4604 I LSPosed-Bridge: 	at android.app.IActivityManager$Stub.onTransact(IActivityManager.java:664)

09-02 17:50:01.898  1568  4604 I LSPosed-Bridge: 	at com.android.server.am.ActivityManagerService.onTransact(ActivityManagerService.java:3346)

09-02 17:50:01.898  1568  4604 I LSPosed-Bridge: 	at android.os.Binder.execTransact(Binder.java:731)

09-02 17:50:01.901  1568  1699 I LSPosed-Bridge: 14076 PermLabel 10127 AMS.checkPermission: Binder.getCallingPid() = 1900; uid = 10127; Binder.getCallingUid() = 1001; getNameForUid: android.uid.phone:1001; getPackagesForUid: [com.android.providers.telephony, com.qualcomm.qti.ims, com.android.mms.service, com.qti.confuridialer, com.qti.qualcomm.datastatusnotification, com.qti.qualcomm.deviceinfo, com.qualcomm.qti.networksetting, com.qualcomm.qti.telephonyservice, com.qualcomm.simcontacts, com.qualcomm.qti.autoregistration, com.qualcomm.qti.lpa, com.qualcomm.qti.uim, com.android.stk, com.android.phone, com.qti.xdivert, com.qualcomm.qti.callfeaturessetting, com.qualcomm.qcrilmsgtunnel, org.codeaurora.ims]; permName: android.permission.READ_PHONE_STATE; type = 1; res = -1; stacktrace=java.lang.Exception

09-02 17:50:01.901  1568  1699 I LSPosed-Bridge: 	at com.example.permlabel.requirePerm$1$2.afterHookedMethod(requirePerm.java:130)

09-02 17:50:01.901  1568  1699 I LSPosed-Bridge: 	at de.robv.android.xposed.XposedBridge$AdditionalHookInfo.callback(Unknown Source:147)

09-02 17:50:01.901  1568  1699 I LSPosed-Bridge: 	at LSPHooker_.checkPermission(Unknown Source:25)

09-02 17:50:01.901  1568  1699 I LSPosed-Bridge: 	at android.app.IActivityManager$Stub.onTransact(IActivityManager.java:664)

09-02 17:50:01.901  1568  1699 I LSPosed-Bridge: 	at com.android.server.am.ActivityManagerService.onTransact(ActivityManagerService.java:3346)

09-02 17:50:01.901  1568  1699 I LSPosed-Bridge: 	at android.os.Binder.execTransact(Binder.java:731)

09-02 17:50:01.901 14076 14361 I LSPosed-Bridge: 14076 PermLabel hookBinder_test 10127 interfaceBinder =com.android.internal.telephony.ITelephony; arg0 = 149; arg1 = android.os.Parcel@1e7bfb8; arg2 = android.os.Parcel@76d0dfc; arg3 = 0; res = true; stacktrace=java.lang.Exception

09-02 17:50:01.901 14076 14361 I LSPosed-Bridge: 	at com.example.permlabel.hookBinder_test$1.afterHookedMethod(hookBinder_test.java:55)

09-02 17:50:01.901 14076 14361 I LSPosed-Bridge: 	at de.robv.android.xposed.XposedBridge$AdditionalHookInfo.callback(Unknown Source:147)

09-02 17:50:01.901 14076 14361 I LSPosed-Bridge: 	at LSPHooker_.transact(Unknown Source:28)

09-02 17:50:01.901 14076 14361 I LSPosed-Bridge: 	at com.android.internal.telephony.ITelephony$Stub$Proxy.getImeiForSlot(ITelephony.java:5465)

09-02 17:50:01.901 14076 14361 I LSPosed-Bridge: 	at android.telephony.TelephonyManager.getImei(TelephonyManager.java:1291)

09-02 17:50:01.901 14076 14361 I LSPosed-Bridge: 	at android.telephony.TelephonyManager.getImei(TelephonyManager.java:1272)

09-02 17:50:01.901 14076 14361 I LSPosed-Bridge: 	at c.t.m.g.eb.a(TL:139)

09-02 17:50:01.901 14076 14361 I LSPosed-Bridge: 	at c.t.m.g.eb.a(TL:103)

09-02 17:50:01.901 14076 14361 I LSPosed-Bridge: 	at c.t.m.g.ed$2.run(TL:1467)

09-02 17:50:01.901 14076 14361 I LSPosed-Bridge: 	at java.lang.Thread.run(Thread.java:764)

09-02 17:50:01.957 14076 14360 I LSPosed-Bridge: 14076 PermLabel hookBinder_test 10127 interfaceBinder =android.net.wifi.IWifiManager; arg0 = 26; arg1 = android.os.Parcel@76d0dfc; arg2 = android.os.Parcel@1e7bfb8; arg3 = 0; res = true; stacktrace=java.lang.Exception

09-02 17:50:01.957 14076 14360 I LSPosed-Bridge: 	at com.example.permlabel.hookBinder_test$1.afterHookedMethod(hookBinder_test.java:55)

09-02 17:50:01.957 14076 14360 I LSPosed-Bridge: 	at de.robv.android.xposed.XposedBridge$AdditionalHookInfo.callback(Unknown Source:147)

09-02 17:50:01.957 14076 14360 I LSPosed-Bridge: 	at LSPHooker_.transact(Unknown Source:28)

09-02 17:50:01.957 14076 14360 I LSPosed-Bridge: 	at android.net.wifi.IWifiManager$Stub$Proxy.getWifiEnabledState(IWifiManager.java:1482)

09-02 17:50:01.957 14076 14360 I LSPosed-Bridge: 	at android.net.wifi.WifiManager.getWifiState(WifiManager.java:1927)

09-02 17:50:01.957 14076 14360 I LSPosed-Bridge: 	at java.lang.reflect.Method.invoke(Native Method)

09-02 17:50:01.957 14076 14360 I LSPosed-Bridge: 	at org.lsposed.lspd.nativebridge.HookBridge.invokeOriginalMethod(Native Method)

09-02 17:50:01.957 14076 14360 I LSPosed-Bridge: 	at de.robv.android.xposed.XposedBridge$AdditionalHookInfo.callback(Unknown Source:110)

09-02 17:50:01.957 14076 14360 I LSPosed-Bridge: 	at LSPHooker_.getWifiState(Unknown Source:8)

09-02 17:50:01.957 14076 14360 I LSPosed-Bridge: 	at android.net.wifi.WifiManager.isWifiEnabled(WifiManager.java:1939)

09-02 17:50:01.957 14076 14360 I LSPosed-Bridge: 	at c.t.m.g.fq.b(TL:58)

09-02 17:50:01.957 14076 14360 I LSPosed-Bridge: 	at c.t.m.g.eu.b(TL:332)

09-02 17:50:01.957 14076 14360 I LSPosed-Bridge: 	at c.t.m.g.eu.a(TL:37)

09-02 17:50:01.957 14076 14360 I LSPosed-Bridge: 	at c.t.m.g.eu$1.run(TL:80)

09-02 17:50:01.957 14076 14360 I LSPosed-Bridge: 	at android.os.Handler.handleCallback(Handler.java:873)

09-02 17:50:01.957 14076 14360 I LSPosed-Bridge: 	at android.os.Handler.dispatchMessage(Handler.java:99)

09-02 17:50:01.957 14076 14360 I LSPosed-Bridge: 	at android.os.Looper.loop(Looper.java:193)

09-02 17:50:01.957 14076 14360 I LSPosed-Bridge: 	at android.os.HandlerThread.run(HandlerThread.java:65)

09-02 17:50:01.957  1568  3548 I LSPosed-Bridge: 14076 PermLabel 10127 AMS.checkPermission: Binder.getCallingPid() = 1900; uid = 10127; Binder.getCallingUid() = 1001; getNameForUid: android.uid.phone:1001; getPackagesForUid: [com.android.providers.telephony, com.qualcomm.qti.ims, com.android.mms.service, com.qti.confuridialer, com.qti.qualcomm.datastatusnotification, com.qti.qualcomm.deviceinfo, com.qualcomm.qti.networksetting, com.qualcomm.qti.telephonyservice, com.qualcomm.simcontacts, com.qualcomm.qti.autoregistration, com.qualcomm.qti.lpa, com.qualcomm.qti.uim, com.android.stk, com.android.phone, com.qti.xdivert, com.qualcomm.qti.callfeaturessetting, com.qualcomm.qcrilmsgtunnel, org.codeaurora.ims]; permName: android.permission.READ_PHONE_STATE; type = 1; res = -1; stacktrace=java.lang.Exception

09-02 17:50:01.957  1568  3548 I LSPosed-Bridge: 	at com.example.permlabel.requirePerm$1$2.afterHookedMethod(requirePerm.java:130)

09-02 17:50:01.957  1568  3548 I LSPosed-Bridge: 	at de.robv.android.xposed.XposedBridge$AdditionalHookInfo.callback(Unknown Source:147)

09-02 17:50:01.957  1568  3548 I LSPosed-Bridge: 	at LSPHooker_.checkPermission(Unknown Source:25)

09-02 17:50:01.957  1568  3548 I LSPosed-Bridge: 	at android.app.IActivityManager$Stub.onTransact(IActivityManager.java:664)

09-02 17:50:01.957  1568  3548 I LSPosed-Bridge: 	at com.android.server.am.ActivityManagerService.onTransact(ActivityManagerService.java:3346)

09-02 17:50:01.957  1568  3548 I LSPosed-Bridge: 	at android.os.Binder.execTransact(Binder.java:731)

09-02 17:50:01.957 14076 14360 I LSPosed-Bridge: 14076 PermLabel 10127; permName: android.permission.ACCESS_WIFI_STATE; getWifiState res = 3; stacktrace=java.lang.Exception

09-02 17:50:01.957 14076 14360 I LSPosed-Bridge: 	at com.example.permlabel.hookWifi$7.afterHookedMethod(hookWifi.java:78)

09-02 17:50:01.957 14076 14360 I LSPosed-Bridge: 	at de.robv.android.xposed.XposedBridge$AdditionalHookInfo.callback(Unknown Source:147)

09-02 17:50:01.957 14076 14360 I LSPosed-Bridge: 	at LSPHooker_.getWifiState(Unknown Source:8)

09-02 17:50:01.957 14076 14360 I LSPosed-Bridge: 	at android.net.wifi.WifiManager.isWifiEnabled(WifiManager.java:1939)

09-02 17:50:01.957 14076 14360 I LSPosed-Bridge: 	at c.t.m.g.fq.b(TL:58)

09-02 17:50:01.957 14076 14360 I LSPosed-Bridge: 	at c.t.m.g.eu.b(TL:332)

09-02 17:50:01.957 14076 14360 I LSPosed-Bridge: 	at c.t.m.g.eu.a(TL:37)

09-02 17:50:01.957 14076 14360 I LSPosed-Bridge: 	at c.t.m.g.eu$1.run(TL:80)

09-02 17:50:01.957 14076 14360 I LSPosed-Bridge: 	at android.os.Handler.handleCallback(Handler.java:873)

09-02 17:50:01.957 14076 14360 I LSPosed-Bridge: 	at android.os.Handler.dispatchMessage(Handler.java:99)

09-02 17:50:01.957 14076 14360 I LSPosed-Bridge: 	at android.os.Looper.loop(Looper.java:193)

09-02 17:50:01.957 14076 14360 I LSPosed-Bridge: 	at android.os.HandlerThread.run(HandlerThread.java:65)

09-02 17:50:01.957  1568  4604 I LSPosed-Bridge: 14076 PermLabel 10127 AMS.checkPermission: Binder.getCallingPid() = 1568; uid = 10127; Binder.getCallingUid() = 1000; getNameForUid: android.uid.system:1000; getPackagesForUid: [com.android.providers.settings, com.qualcomm.qti.qtisystemservice, com.qualcomm.wfd.service, com.quicinc.cne.CNEService, com.hq.mediafilepreset, com.qualcomm.qti.dynamicddsservice, com.huaqin.CameraCalibration, com.android.keychain, com.asus.UpdateLauncher, com.qualcomm.qti.qmmi, com.android.inputdevices, android, com.log.logservice, com.android.server.telecom, com.qti.dpmserviceapp, com.asus.setupwizard, com.asus.loguploaderproxy, com.asus.smartreading, com.qualcomm.qti.auth.fidocryptoservice, com.android.wallpaperbackup, com.caf.fmradio, com.qualcomm.location, com.asus.dm, com.qualcomm.qti.services.secureui, com.asus.sysdiagnostic, com.qualcomm.qti.uceShimService, com.asus.livedemoservice, com.asus.maxxaudio, com.android.location.fused, com.android.settings, com.qualcomm.qti.simsettings]; permName: android.permission.ACCESS_FINE_LOCATION; type = 1; res = 0; stacktrace=java.lang.Exception

09-02 17:50:01.957  1568  4604 I LSPosed-Bridge: 	at com.example.permlabel.requirePerm$1$2.afterHookedMethod(requirePerm.java:130)

09-02 17:50:01.957  1568  4604 I LSPosed-Bridge: 	at de.robv.android.xposed.XposedBridge$AdditionalHookInfo.callback(Unknown Source:147)

09-02 17:50:01.957  1568  4604 I LSPosed-Bridge: 	at LSPHooker_.checkPermission(Unknown Source:25)

09-02 17:50:01.957  1568  4604 I LSPosed-Bridge: 	at android.app.ContextImpl.checkPermission(ContextImpl.java:1751)

09-02 17:50:01.957  1568  4604 I LSPosed-Bridge: 	at com.android.server.LocationManagerService.getAllowedResolutionLevel(LocationManagerService.java:1424)

09-02 17:50:01.957  1568  4604 I LSPosed-Bridge: 	at com.android.server.LocationManagerService.checkLocationAccess(LocationManagerService.java:1559)

09-02 17:50:01.957  1568  4604 I LSPosed-Bridge: 	at com.android.server.LocationManagerService.applyRequirementsLocked(LocationManagerService.java:1761)

09-02 17:50:01.957  1568  4604 I LSPosed-Bridge: 	at com.android.server.LocationManagerService.requestLocationUpdatesLocked(LocationManagerService.java:2142)

09-02 17:50:01.957  1568  4604 I LSPosed-Bridge: 	at com.android.server.LocationManagerService.requestLocationUpdates(LocationManagerService.java:2104)

09-02 17:50:01.957  1568  4604 I LSPosed-Bridge: 	at android.location.ILocationManager$Stub.onTransact(ILocationManager.java:72)

09-02 17:50:01.957  1568  4604 I LSPosed-Bridge: 	at android.os.Binder.execTransact(Binder.java:731)

09-02 17:50:02.041 14076 14372 I AppsFlyer_6.3.2: Trying to fetch GAID..

09-02 17:50:02.041 14076 14076 I LSPosed-Bridge: 14076 PermLabel hookBinder_test 10127 interfaceBinder =android.app.IActivityManager; arg0 = 24; arg1 = android.os.Parcel@533758e; arg2 = android.os.Parcel@1e7bfb8; arg3 = 0; res = true; stacktrace=java.lang.Exception

09-02 17:50:02.041 14076 14076 I LSPosed-Bridge: 	at com.example.permlabel.hookBinder_test$1.afterHookedMethod(hookBinder_test.java:55)

09-02 17:50:02.041 14076 14076 I LSPosed-Bridge: 	at de.robv.android.xposed.XposedBridge$AdditionalHookInfo.callback(Unknown Source:147)

09-02 17:50:02.041 14076 14076 I LSPosed-Bridge: 	at LSPHooker_.transact(Unknown Source:28)

09-02 17:50:02.041 14076 14076 I LSPosed-Bridge: 	at android.app.IActivityManager$Stub$Proxy.getTaskForActivity(IActivityManager.java:4159)

09-02 17:50:02.041 14076 14076 I LSPosed-Bridge: 	at android.app.Activity.isTaskRoot(Activity.java:5923)

09-02 17:50:02.041 14076 14076 I LSPosed-Bridge: 	at com.mixpanel.android.mpmetrics.MixpanelActivityLifecycleCallbacks.onActivityStarted(MixpanelActivityLifecycleCallbacks.java:15)

09-02 17:50:02.041 14076 14076 I LSPosed-Bridge: 	at android.app.Application.dispatchActivityStarted(Application.java:230)

09-02 17:50:02.041 14076 14076 I LSPosed-Bridge: 	at android.app.Activity.onStart(Activity.java:1278)

09-02 17:50:02.041 14076 14076 I LSPosed-Bridge: 	at androidx.fragment.app.FragmentActivity.onStart(FragmentActivity.java:2)

09-02 17:50:02.041 14076 14076 I LSPosed-Bridge: 	at androidx.appcompat.app.AppCompatActivity.onStart(AppCompatActivity.java:1)

09-02 17:50:02.041 14076 14076 I LSPosed-Bridge: 	at com.klook.base.business.ui.BaseActivity.onStart(BaseActivity.java:2)

09-02 17:50:02.041 14076 14076 I LSPosed-Bridge: 	at android.app.Instrumentation.callActivityOnStart(Instrumentation.java:1392)

09-02 17:50:02.041 14076 14076 I LSPosed-Bridge: 	at android.app.Activity.performStart(Activity.java:7157)

09-02 17:50:02.041 14076 14076 I LSPosed-Bridge: 	at android.app.ActivityThread.handleStartActivity(ActivityThread.java:2938)

09-02 17:50:02.041 14076 14076 I LSPosed-Bridge: 	at android.app.servertransaction.TransactionExecutor.performLifecycleSequence(TransactionExecutor.java:180)

09-02 17:50:02.041 14076 14076 I LSPosed-Bridge: 	at android.app.servertransaction.TransactionExecutor.cycleToPath(TransactionExecutor.java:165)

09-02 17:50:02.041 14076 14076 I LSPosed-Bridge: 	at android.app.servertransaction.TransactionExecutor.executeLifecycleState(TransactionExecutor.java:142)

09-02 17:50:02.041 14076 14076 I LSPosed-Bridge: 	at android.app.servertransaction.TransactionExecutor.execute(TransactionExecutor.java:70)

09-02 17:50:02.041 14076 14076 I LSPosed-Bridge: 	at android.app.ActivityThread$H.handleMessage(ActivityThread.java:1809)

09-02 17:50:02.041 14076 14076 I LSPosed-Bridge: 	at android.os.Handler.dispatchMessage(Handler.java:106)

09-02 17:50:02.041 14076 14076 I LSPosed-Bridge: 	at android.os.Looper.loop(Looper.java:193)

09-02 17:50:02.041 14076 14076 I LSPosed-Bridge: 	at android.app.ActivityThread.main(ActivityThread.java:6692)

09-02 17:50:02.041 14076 14076 I LSPosed-Bridge: 	at java.lang.reflect.Method.invoke(Native Method)

09-02 17:50:02.041 14076 14076 I LSPosed-Bridge: 	at com.android.internal.os.RuntimeInit$MethodAndArgsCaller.run(RuntimeInit.java:493)

09-02 17:50:02.041 14076 14076 I LSPosed-Bridge: 	at com.android.internal.os.ZygoteInit.main(ZygoteInit.java:858)

09-02 17:50:02.041  1568  1580 I LSPosed-Bridge: 14076 PermLabel 10127 AMS.checkPermission: Binder.getCallingPid() = 1900; uid = 10127; Binder.getCallingUid() = 1001; getNameForUid: android.uid.phone:1001; getPackagesForUid: [com.android.providers.telephony, com.qualcomm.qti.ims, com.android.mms.service, com.qti.confuridialer, com.qti.qualcomm.datastatusnotification, com.qti.qualcomm.deviceinfo, com.qualcomm.qti.networksetting, com.qualcomm.qti.telephonyservice, com.qualcomm.simcontacts, com.qualcomm.qti.autoregistration, com.qualcomm.qti.lpa, com.qualcomm.qti.uim, com.android.stk, com.android.phone, com.qti.xdivert, com.qualcomm.qti.callfeaturessetting, com.qualcomm.qcrilmsgtunnel, org.codeaurora.ims]; permName: android.permission.READ_PHONE_STATE; type = 1; res = -1; stacktrace=java.lang.Exception

09-02 17:50:02.041  1568  1580 I LSPosed-Bridge: 	at com.example.permlabel.requirePerm$1$2.afterHookedMethod(requirePerm.java:130)

09-02 17:50:02.041  1568  1580 I LSPosed-Bridge: 	at de.robv.android.xposed.XposedBridge$AdditionalHookInfo.callback(Unknown Source:147)

09-02 17:50:02.041  1568  1580 I LSPosed-Bridge: 	at LSPHooker_.checkPermission(Unknown Source:25)

09-02 17:50:02.041  1568  1580 I LSPosed-Bridge: 	at android.app.IActivityManager$Stub.onTransact(IActivityManager.java:664)

09-02 17:50:02.041  1568  1580 I LSPosed-Bridge: 	at com.android.server.am.ActivityManagerService.onTransact(ActivityManagerService.java:3346)

09-02 17:50:02.041  1568  1580 I LSPosed-Bridge: 	at android.os.Binder.execTransact(Binder.java:731)

09-02 17:50:02.045 14076 14367 I LSPosed-Bridge: 14076 PermLabel 10127; permName: android.permission.READ_PHONE_STATE; getSubscriberId res = null; stacktrace=java.lang.Exception

09-02 17:50:02.045 14076 14367 I LSPosed-Bridge: 	at com.example.permlabel.hookBinder_test$6.afterHookedMethod(hookBinder_test.java:124)

09-02 17:50:02.045 14076 14367 I LSPosed-Bridge: 	at de.robv.android.xposed.XposedBridge$AdditionalHookInfo.callback(Unknown Source:147)

09-02 17:50:02.045 14076 14367 I LSPosed-Bridge: 	at LSPHooker_.getSubscriberId(Unknown Source:8)

09-02 17:50:02.045 14076 14367 I LSPosed-Bridge: 	at c.t.m.g.fi.a(TL:100)

09-02 17:50:02.045 14076 14367 I LSPosed-Bridge: 	at c.t.m.g.er$a.a(TL:285)

09-02 17:50:02.045 14076 14367 I LSPosed-Bridge: 	at c.t.m.g.er$a.handleMessage(TL:248)

09-02 17:50:02.045 14076 14367 I LSPosed-Bridge: 	at android.os.Handler.dispatchMessage(Handler.java:106)

09-02 17:50:02.045 14076 14367 I LSPosed-Bridge: 	at android.os.Looper.loop(Looper.java:193)

09-02 17:50:02.045 14076 14367 I LSPosed-Bridge: 	at android.os.HandlerThread.run(HandlerThread.java:65)

09-02 17:50:02.045 14076 14370 E MMKV    : java.lang.NullPointerException: Parameter specified as non-null is null: method kotlin.jvm.internal.a0.checkNotNullParameter, parameter aid

09-02 17:50:02.253  1568  1699 I LSPosed-Bridge: 14076 PermLabel 10127 AMS.checkPermission: Binder.getCallingPid() = 1900; uid = 10127; Binder.getCallingUid() = 1001; getNameForUid: android.uid.phone:1001; getPackagesForUid: [com.android.providers.telephony, com.qualcomm.qti.ims, com.android.mms.service, com.qti.confuridialer, com.qti.qualcomm.datastatusnotification, com.qti.qualcomm.deviceinfo, com.qualcomm.qti.networksetting, com.qualcomm.qti.telephonyservice, com.qualcomm.simcontacts, com.qualcomm.qti.autoregistration, com.qualcomm.qti.lpa, com.qualcomm.qti.uim, com.android.stk, com.android.phone, com.qti.xdivert, com.qualcomm.qti.callfeaturessetting, com.qualcomm.qcrilmsgtunnel, org.codeaurora.ims]; permName: android.permission.READ_PHONE_STATE; type = 1; res = -1; stacktrace=java.lang.Exception

09-02 17:50:02.253  1568  1699 I LSPosed-Bridge: 	at com.example.permlabel.requirePerm$1$2.afterHookedMethod(requirePerm.java:130)

09-02 17:50:02.253  1568  1699 I LSPosed-Bridge: 	at de.robv.android.xposed.XposedBridge$AdditionalHookInfo.callback(Unknown Source:147)

09-02 17:50:02.253  1568  1699 I LSPosed-Bridge: 	at LSPHooker_.checkPermission(Unknown Source:25)

09-02 17:50:02.253  1568  1699 I LSPosed-Bridge: 	at android.app.IActivityManager$Stub.onTransact(IActivityManager.java:664)

09-02 17:50:02.253  1568  1699 I LSPosed-Bridge: 	at com.android.server.am.ActivityManagerService.onTransact(ActivityManagerService.java:3346)

09-02 17:50:02.253  1568  1699 I LSPosed-Bridge: 	at android.os.Binder.execTransact(Binder.java:731)

