09-02 17:47:20.851  5877  5877 I LSPosed-Bridge: 5877 PermLabel getRunningAppProcesses =android.app.ActivityManager$RunningAppProcessInfo@40c481e

09-02 17:47:20.851  5877  5877 I LSPosed-Bridge: 5877 PermLabel getRunningAppProcesses processName: com.klook pid: 5877

09-02 17:47:20.851  5877  5877 I LSPosed-Bridge: 5877 PermLabel getRunningAppProcesses importance: 100 pid: 5877

09-02 17:47:20.851  5877  5877 I LSPosed-Bridge: 5877 PermLabel getRunningAppProcesses packageName com.klook at index 0 in process 5877

09-02 17:47:20.851  5877  5877 I LSPosed-Bridge: 5877 PermLabel permName: android.permission.READ_PHONE_STATE; getRunningAppProcesses =[android.app.ActivityManager$RunningAppProcessInfo@40c481e]; stacktrace=java.lang.Exception

09-02 17:47:20.851  5877  5877 I LSPosed-Bridge: 	at com.example.permlabel.hookBinder_test$2.afterHookedMethod(hookBinder_test.java:95)

09-02 17:47:20.851  5877  5877 I LSPosed-Bridge: 	at de.robv.android.xposed.XposedBridge$AdditionalHookInfo.callback(Unknown Source:147)

09-02 17:47:20.851  5877  5877 I LSPosed-Bridge: 	at LSPHooker_.getRunningAppProcesses(Unknown Source:8)

09-02 17:47:20.851  5877  5877 I LSPosed-Bridge: 	at com.google.firebase.perf.internal.zzq.<init>(com.google.firebase:firebase-perf@@19.0.7:9)

09-02 17:47:20.851  5877  5877 I LSPosed-Bridge: 	at com.google.firebase.perf.internal.zzq.<init>(com.google.firebase:firebase-perf@@19.0.7:1)

09-02 17:47:20.851  5877  5877 I LSPosed-Bridge: 	at com.google.firebase.perf.internal.GaugeManager.zzc(com.google.firebase:firebase-perf@@19.0.7:1)

09-02 17:47:20.851  5877  5877 I LSPosed-Bridge: 	at com.google.firebase.perf.FirebasePerformance.<init>(com.google.firebase:firebase-perf@@19.0.7:17)

09-02 17:47:20.851  5877  5877 I LSPosed-Bridge: 	at com.google.firebase.perf.FirebasePerformance.<init>(com.google.firebase:firebase-perf@@19.0.7:4)

09-02 17:47:20.851  5877  5877 I LSPosed-Bridge: 	at com.google.firebase.perf.zza.create(com.google.firebase:firebase-perf@@19.0.7:4)

09-02 17:47:20.851  5877  5877 I LSPosed-Bridge: 	at com.google.firebase.components.ComponentRuntime.a(ComponentRuntime.java:2)

09-02 17:47:20.851  5877  5877 I LSPosed-Bridge: 	at com.google.firebase.components.ComponentRuntime.b(Unknown Source:0)

09-02 17:47:20.851  5877  5877 I LSPosed-Bridge: 	at com.google.firebase.components.e.get(Unknown Source:4)

09-02 17:47:20.851  5877  5877 I LSPosed-Bridge: 	at com.google.firebase.components.Lazy.get(Lazy.java:5)

09-02 17:47:20.851  5877  5877 I LSPosed-Bridge: 	at com.google.firebase.components.ComponentRuntime.doInitializeEagerComponents(ComponentRuntime.java:5)

09-02 17:47:20.851  5877  5877 I LSPosed-Bridge: 	at com.google.firebase.components.ComponentRuntime.initializeEagerComponents(ComponentRuntime.java:5)

09-02 17:47:20.851  5877  5877 I LSPosed-Bridge: 	at com.google.firebase.FirebaseApp.initializeAllApis(FirebaseApp.java:7)

09-02 17:47:20.851  5877  5877 I LSPosed-Bridge: 	at com.google.firebase.FirebaseApp.initializeApp(FirebaseApp.java:22)

09-02 17:47:20.851  5877  5877 I LSPosed-Bridge: 	at com.google.firebase.FirebaseApp.initializeApp(FirebaseApp.java:9)

09-02 17:47:20.851  5877  5877 I LSPosed-Bridge: 	at com.google.firebase.FirebaseApp.initializeApp(FirebaseApp.java:7)

09-02 17:47:20.851  5877  5877 I LSPosed-Bridge: 	at com.klook.shell.KlookShellApplication.e(KlookShellApplication.kt:22)

09-02 17:47:20.851  5877  5877 I LSPosed-Bridge: 	at com.klook.shell.KlookShellApplication.onCreate(KlookShellApplication.kt:4)

09-02 17:47:20.851  5877  5877 I LSPosed-Bridge: 	at android.app.Instrumentation.callApplicationOnCreate(Instrumentation.java:1155)

09-02 17:47:20.851  5877  5877 I LSPosed-Bridge: 	at android.app.ActivityThread.handleBindApplication(ActivityThread.java:5885)

09-02 17:47:20.851  5877  5877 I LSPosed-Bridge: 	at android.app.ActivityThread.access$1100(ActivityThread.java:200)

09-02 17:47:20.851  5877  5877 I LSPosed-Bridge: 	at android.app.ActivityThread$H.handleMessage(ActivityThread.java:1651)

09-02 17:47:20.851  5877  5877 I LSPosed-Bridge: 	at android.os.Handler.dispatchMessage(Handler.java:106)

09-02 17:47:20.851  5877  5877 I LSPosed-Bridge: 	at android.os.Looper.loop(Looper.java:193)

09-02 17:47:20.851  5877  5877 I LSPosed-Bridge: 	at android.app.ActivityThread.main(ActivityThread.java:6692)

09-02 17:47:20.851  5877  5877 I LSPosed-Bridge: 	at java.lang.reflect.Method.invoke(Native Method)

09-02 17:47:20.851  5877  5877 I LSPosed-Bridge: 	at com.android.internal.os.RuntimeInit$MethodAndArgsCaller.run(RuntimeInit.java:493)

09-02 17:47:20.851  5877  5877 I LSPosed-Bridge: 	at com.android.internal.os.ZygoteInit.main(ZygoteInit.java:858)

09-02 17:47:23.541  1568  6293 I LSPosed-Bridge: 5877 PermLabel 10127 AMS.checkPermission: Binder.getCallingPid() = 1900; uid = 10127; Binder.getCallingUid() = 1001; getNameForUid: android.uid.phone:1001; getPackagesForUid: [com.android.providers.telephony, com.qualcomm.qti.ims, com.android.mms.service, com.qti.confuridialer, com.qti.qualcomm.datastatusnotification, com.qti.qualcomm.deviceinfo, com.qualcomm.qti.networksetting, com.qualcomm.qti.telephonyservice, com.qualcomm.simcontacts, com.qualcomm.qti.autoregistration, com.qualcomm.qti.lpa, com.qualcomm.qti.uim, com.android.stk, com.android.phone, com.qti.xdivert, com.qualcomm.qti.callfeaturessetting, com.qualcomm.qcrilmsgtunnel, org.codeaurora.ims]; permName: android.permission.READ_PHONE_STATE; type = 1; res = -1; stacktrace=java.lang.Exception

09-02 17:47:23.541  1568  6293 I LSPosed-Bridge: 	at com.example.permlabel.requirePerm$1$2.afterHookedMethod(requirePerm.java:130)

09-02 17:47:23.541  1568  6293 I LSPosed-Bridge: 	at de.robv.android.xposed.XposedBridge$AdditionalHookInfo.callback(Unknown Source:147)

09-02 17:47:23.541  1568  6293 I LSPosed-Bridge: 	at LSPHooker_.checkPermission(Unknown Source:25)

09-02 17:47:23.541  1568  6293 I LSPosed-Bridge: 	at android.app.IActivityManager$Stub.onTransact(IActivityManager.java:664)

09-02 17:47:23.541  1568  6293 I LSPosed-Bridge: 	at com.android.server.am.ActivityManagerService.onTransact(ActivityManagerService.java:3346)

09-02 17:47:23.541  1568  6293 I LSPosed-Bridge: 	at android.os.Binder.execTransact(Binder.java:731)

09-02 17:47:23.580  1568  6293 I LSPosed-Bridge: 5877 PermLabel 10127 AMS.checkPermission: Binder.getCallingPid() = 1900; uid = 10127; Binder.getCallingUid() = 1001; getNameForUid: android.uid.phone:1001; getPackagesForUid: [com.android.providers.telephony, com.qualcomm.qti.ims, com.android.mms.service, com.qti.confuridialer, com.qti.qualcomm.datastatusnotification, com.qti.qualcomm.deviceinfo, com.qualcomm.qti.networksetting, com.qualcomm.qti.telephonyservice, com.qualcomm.simcontacts, com.qualcomm.qti.autoregistration, com.qualcomm.qti.lpa, com.qualcomm.qti.uim, com.android.stk, com.android.phone, com.qti.xdivert, com.qualcomm.qti.callfeaturessetting, com.qualcomm.qcrilmsgtunnel, org.codeaurora.ims]; permName: android.permission.READ_PHONE_STATE; type = 1; res = -1; stacktrace=java.lang.Exception

09-02 17:47:23.580  1568  6293 I LSPosed-Bridge: 	at com.example.permlabel.requirePerm$1$2.afterHookedMethod(requirePerm.java:130)

09-02 17:47:23.580  1568  6293 I LSPosed-Bridge: 	at de.robv.android.xposed.XposedBridge$AdditionalHookInfo.callback(Unknown Source:147)

09-02 17:47:23.580  1568  6293 I LSPosed-Bridge: 	at LSPHooker_.checkPermission(Unknown Source:25)

09-02 17:47:23.580  1568  6293 I LSPosed-Bridge: 	at android.app.IActivityManager$Stub.onTransact(IActivityManager.java:664)

09-02 17:47:23.580  1568  6293 I LSPosed-Bridge: 	at com.android.server.am.ActivityManagerService.onTransact(ActivityManagerService.java:3346)

09-02 17:47:23.580  1568  6293 I LSPosed-Bridge: 	at android.os.Binder.execTransact(Binder.java:731)

09-02 17:47:23.592  1568  3548 I LSPosed-Bridge: 5877 PermLabel 10127 AMS.checkPermission: Binder.getCallingPid() = 1900; uid = 10127; Binder.getCallingUid() = 1001; getNameForUid: android.uid.phone:1001; getPackagesForUid: [com.android.providers.telephony, com.qualcomm.qti.ims, com.android.mms.service, com.qti.confuridialer, com.qti.qualcomm.datastatusnotification, com.qti.qualcomm.deviceinfo, com.qualcomm.qti.networksetting, com.qualcomm.qti.telephonyservice, com.qualcomm.simcontacts, com.qualcomm.qti.autoregistration, com.qualcomm.qti.lpa, com.qualcomm.qti.uim, com.android.stk, com.android.phone, com.qti.xdivert, com.qualcomm.qti.callfeaturessetting, com.qualcomm.qcrilmsgtunnel, org.codeaurora.ims]; permName: android.permission.READ_PHONE_STATE; type = 1; res = -1; stacktrace=java.lang.Exception

09-02 17:47:23.592  1568  3548 I LSPosed-Bridge: 	at com.example.permlabel.requirePerm$1$2.afterHookedMethod(requirePerm.java:130)

09-02 17:47:23.592  1568  3548 I LSPosed-Bridge: 	at de.robv.android.xposed.XposedBridge$AdditionalHookInfo.callback(Unknown Source:147)

09-02 17:47:23.592  1568  3548 I LSPosed-Bridge: 	at LSPHooker_.checkPermission(Unknown Source:25)

09-02 17:47:23.592  1568  3548 I LSPosed-Bridge: 	at android.app.IActivityManager$Stub.onTransact(IActivityManager.java:664)

09-02 17:47:23.592  1568  3548 I LSPosed-Bridge: 	at com.android.server.am.ActivityManagerService.onTransact(ActivityManagerService.java:3346)

09-02 17:47:23.592  1568  3548 I LSPosed-Bridge: 	at android.os.Binder.execTransact(Binder.java:731)

09-02 17:47:23.606  5877  6384 I LSPosed-Bridge: 5877 PermLabel 10127; permName: android.permission.READ_PHONE_STATE; getSubscriberId res = null; stacktrace=java.lang.Exception

09-02 17:47:23.606  5877  6384 I LSPosed-Bridge: 	at com.example.permlabel.hookBinder_test$6.afterHookedMethod(hookBinder_test.java:124)

09-02 17:47:23.606  5877  6384 I LSPosed-Bridge: 	at de.robv.android.xposed.XposedBridge$AdditionalHookInfo.callback(Unknown Source:147)

09-02 17:47:23.606  5877  6384 I LSPosed-Bridge: 	at LSPHooker_.getSubscriberId(Unknown Source:8)

09-02 17:47:23.606  5877  6384 I LSPosed-Bridge: 	at com.tencent.map.geolocation.a.b.g.b(TCL:6)

09-02 17:47:23.606  5877  6384 I LSPosed-Bridge: 	at com.tencent.map.geolocation.a.a.e$a.a(TCL:5)

09-02 17:47:23.606  5877  6384 I LSPosed-Bridge: 	at com.tencent.map.geolocation.a.a.e$a.handleMessage(TCL:59)

09-02 17:47:23.606  5877  6384 I LSPosed-Bridge: 	at android.os.Handler.dispatchMessage(Handler.java:106)

09-02 17:47:23.606  5877  6384 I LSPosed-Bridge: 	at android.os.Looper.loop(Looper.java:193)

09-02 17:47:23.606  5877  6384 I LSPosed-Bridge: 	at android.os.HandlerThread.run(HandlerThread.java:65)

09-02 17:47:23.868  5877  5877 I LSPosed-Bridge: 5877 PermLabel permName: android.permission.READ_PHONE_STATE; getRunningAppProcesses =[android.app.ActivityManager$RunningAppProcessInfo@c3e610e]; stacktrace=java.lang.Exception

09-02 17:47:23.868  5877  5877 I LSPosed-Bridge: 	at com.example.permlabel.hookBinder_test$2.afterHookedMethod(hookBinder_test.java:95)

09-02 17:47:23.868  5877  5877 I LSPosed-Bridge: 	at de.robv.android.xposed.XposedBridge$AdditionalHookInfo.callback(Unknown Source:147)

09-02 17:47:23.868  5877  5877 I LSPosed-Bridge: 	at LSPHooker_.getRunningAppProcesses(Unknown Source:8)

09-02 17:47:23.868  5877  5877 I LSPosed-Bridge: 	at com.tencent.map.geolocation.a.b.h.d(TCL:3)

09-02 17:47:23.868  5877  5877 I LSPosed-Bridge: 	at com.tencent.map.geolocation.a.b.b.b(TCL:1)

09-02 17:47:23.868  5877  5877 I LSPosed-Bridge: 	at com.tencent.map.geolocation.a.a.b.a(TCL:42)

09-02 17:47:23.868  5877  5877 I LSPosed-Bridge: 	at com.tencent.map.geolocation.a.a.f.a(TCL:48)

09-02 17:47:23.868  5877  5877 I LSPosed-Bridge: 	at com.tencent.map.geolocation.TencentLocationManager.<init>(TCL:12)

09-02 17:47:23.868  5877  5877 I LSPosed-Bridge: 	at com.tencent.map.geolocation.TencentLocationManager.getInstance(TCL:5)

09-02 17:47:23.868  5877  5877 I LSPosed-Bridge: 	at com.klook.location.internal.third.d.<init>(TencentLocationImpl.kt:2)

09-02 17:47:23.868  5877  5877 I LSPosed-Bridge: 	at com.klook.location.internal.LocationManager$d.invoke(LocationManager.kt:2)

09-02 17:47:23.868  5877  5877 I LSPosed-Bridge: 	at com.klook.location.internal.LocationManager$d.invoke(LocationManager.kt:1)

09-02 17:47:23.868  5877  5877 I LSPosed-Bridge: 	at kotlin.u.getValue(LazyJVM.kt:5)

09-02 17:47:23.868  5877  5877 I LSPosed-Bridge: 	at com.klook.location.internal.LocationManager.c(LocationManager.kt:1)

09-02 17:47:23.868  5877  5877 I LSPosed-Bridge: 	at com.klook.location.internal.LocationManager.requestLocation(LocationManager.kt:3)

09-02 17:47:23.868  5877  5877 I LSPosed-Bridge: 	at com.klook.deepknow.forter.c.a(ForterWrapper.kt:4)

09-02 17:47:23.868  5877  5877 I LSPosed-Bridge: 	at com.klook.deepknow.forter.c.init(ForterWrapper.kt:8)

09-02 17:47:23.868  5877  5877 I LSPosed-Bridge: 	at com.klook.deepknow.b$a.init(KLRiskDeepKnowSDK.kt:1)

09-02 17:47:23.868  5877  5877 I LSPosed-Bridge: 	at com.klook.deepknow.b.init(Unknown Source:2)

09-02 17:47:23.868  5877  5877 I LSPosed-Bridge: 	at com.klooklib.activity.SplashActivity.q(SplashActivity.java:52)

09-02 17:47:23.868  5877  5877 I LSPosed-Bridge: 	at com.klooklib.activity.SplashActivity.I(SplashActivity.java:24)

09-02 17:47:23.868  5877  5877 I LSPosed-Bridge: 	at com.klooklib.activity.SplashActivity.initView(SplashActivity.java:14)

09-02 17:47:23.868  5877  5877 I LSPosed-Bridge: 	at com.klook.base.business.ui.BaseActivity.onCreate(BaseActivity.java:15)

09-02 17:47:23.868  5877  5877 I LSPosed-Bridge: 	at com.klooklib.activity.SplashActivity.onCreate(SplashActivity.java:1)

09-02 17:47:23.868  5877  5877 I LSPosed-Bridge: 	at android.app.Activity.performCreate(Activity.java:7136)

09-02 17:47:23.868  5877  5877 I LSPosed-Bridge: 	at android.app.Activity.performCreate(Activity.java:7127)

09-02 17:47:23.868  5877  5877 I LSPosed-Bridge: 	at android.app.Instrumentation.callActivityOnCreate(Instrumentation.java:1272)

09-02 17:47:23.868  5877  5877 I LSPosed-Bridge: 	at android.app.ActivityThread.performLaunchActivity(ActivityThread.java:2894)

09-02 17:47:23.868  5877  5877 I LSPosed-Bridge: 	at android.app.ActivityThread.handleLaunchActivity(ActivityThread.java:3049)

09-02 17:47:23.868  5877  5877 I LSPosed-Bridge: 	at android.app.servertransaction.LaunchActivityItem.execute(LaunchActivityItem.java:78)

09-02 17:47:23.868  5877  5877 I LSPosed-Bridge: 	at android.app.servertransaction.TransactionExecutor.executeCallbacks(TransactionExecutor.java:108)

09-02 17:47:23.868  5877  5877 I LSPosed-Bridge: 	at android.app.servertransaction.TransactionExecutor.execute(TransactionExecutor.java:68)

09-02 17:47:23.868  5877  5877 I LSPosed-Bridge: 	at android.app.ActivityThread$H.handleMessage(ActivityThread.java:1809)

09-02 17:47:23.868  5877  5877 I LSPosed-Bridge: 	at android.os.Handler.dispatchMessage(Handler.java:106)

09-02 17:47:23.868  5877  5877 I LSPosed-Bridge: 	at android.os.Looper.loop(Looper.java:193)

09-02 17:47:23.868  5877  5877 I LSPosed-Bridge: 	at android.app.ActivityThread.main(ActivityThread.java:6692)

09-02 17:47:23.868  5877  5877 I LSPosed-Bridge: 	at java.lang.reflect.Method.invoke(Native Method)

09-02 17:47:23.868  5877  5877 I LSPosed-Bridge: 	at com.android.internal.os.RuntimeInit$MethodAndArgsCaller.run(RuntimeInit.java:493)

09-02 17:47:23.868  5877  5877 I LSPosed-Bridge: 	at com.android.internal.os.ZygoteInit.main(ZygoteInit.java:858)

09-02 17:47:23.883  1568  2537 I LSPosed-Bridge: 5877 PermLabel 10127 AMS.checkPermission: Binder.getCallingPid() = 1900; uid = 10127; Binder.getCallingUid() = 1001; getNameForUid: android.uid.phone:1001; getPackagesForUid: [com.android.providers.telephony, com.qualcomm.qti.ims, com.android.mms.service, com.qti.confuridialer, com.qti.qualcomm.datastatusnotification, com.qti.qualcomm.deviceinfo, com.qualcomm.qti.networksetting, com.qualcomm.qti.telephonyservice, com.qualcomm.simcontacts, com.qualcomm.qti.autoregistration, com.qualcomm.qti.lpa, com.qualcomm.qti.uim, com.android.stk, com.android.phone, com.qti.xdivert, com.qualcomm.qti.callfeaturessetting, com.qualcomm.qcrilmsgtunnel, org.codeaurora.ims]; permName: android.permission.READ_PHONE_STATE; type = 1; res = -1; stacktrace=java.lang.Exception

09-02 17:47:23.883  1568  2537 I LSPosed-Bridge: 	at com.example.permlabel.requirePerm$1$2.afterHookedMethod(requirePerm.java:130)

09-02 17:47:23.883  1568  2537 I LSPosed-Bridge: 	at de.robv.android.xposed.XposedBridge$AdditionalHookInfo.callback(Unknown Source:147)

09-02 17:47:23.883  1568  2537 I LSPosed-Bridge: 	at LSPHooker_.checkPermission(Unknown Source:25)

09-02 17:47:23.883  1568  2537 I LSPosed-Bridge: 	at android.app.IActivityManager$Stub.onTransact(IActivityManager.java:664)

09-02 17:47:23.883  1568  2537 I LSPosed-Bridge: 	at com.android.server.am.ActivityManagerService.onTransact(ActivityManagerService.java:3346)

09-02 17:47:23.883  1568  2537 I LSPosed-Bridge: 	at android.os.Binder.execTransact(Binder.java:731)

09-02 17:47:23.883  5877  6405 I LSPosed-Bridge: 5877 PermLabel hookBinder_test 10127 interfaceBinder =; arg0 = 1; arg1 = android.os.Parcel@a150123; arg2 = android.os.Parcel@e07719b; arg3 = 0; res = true; stacktrace=java.lang.Exception

09-02 17:47:23.883  5877  6405 I LSPosed-Bridge: 	at com.example.permlabel.hookBinder_test$1.afterHookedMethod(hookBinder_test.java:55)

09-02 17:47:23.883  5877  6405 I LSPosed-Bridge: 	at de.robv.android.xposed.XposedBridge$AdditionalHookInfo.callback(Unknown Source:147)

09-02 17:47:23.883  5877  6405 I LSPosed-Bridge: 	at LSPHooker_.transact(Unknown Source:28)

09-02 17:47:23.883  5877  6405 I LSPosed-Bridge: 	at android.os.ServiceManagerProxy.getService(ServiceManagerNative.java:125)

09-02 17:47:23.883  5877  6405 I LSPosed-Bridge: 	at android.os.ServiceManager.rawGetService(ServiceManager.java:253)

09-02 17:47:23.883  5877  6405 I LSPosed-Bridge: 	at android.os.ServiceManager.getService(ServiceManager.java:124)

09-02 17:47:23.883  5877  6405 I LSPosed-Bridge: 	at android.telephony.SubscriptionManager.getSlotIndex(SubscriptionManager.java:1177)

09-02 17:47:23.883  5877  6405 I LSPosed-Bridge: 	at android.telephony.TelephonyManager.getSlotIndex(TelephonyManager.java:4947)

09-02 17:47:23.883  5877  6405 I LSPosed-Bridge: 	at android.telephony.TelephonyManager.getImei(TelephonyManager.java:1272)

09-02 17:47:23.883  5877  6405 I LSPosed-Bridge: 	at c.t.m.g.eb.a(TL:139)

09-02 17:47:23.883  5877  6405 I LSPosed-Bridge: 	at c.t.m.g.eb.a(TL:103)

09-02 17:47:23.883  5877  6405 I LSPosed-Bridge: 	at c.t.m.g.ed$2.run(TL:1467)

09-02 17:47:23.883  5877  6405 I LSPosed-Bridge: 	at java.lang.Thread.run(Thread.java:764)

09-02 17:47:23.883  1900  2034 I LSPosed-Bridge: 1900 PermLabel 1001 ContextImpl Binder.getCallingPid() = 5877; Binder.getCallingUid() = 10127; permName: android.permission.READ_PHONE_STATE; res = -1; stacktrace=java.lang.Exception

09-02 17:47:23.883  1900  2034 I LSPosed-Bridge: 	at com.example.permlabel.requestPerm$2.afterHookedMethod(requestPerm.java:186)

09-02 17:47:23.883  1900  2034 I LSPosed-Bridge: 	at de.robv.android.xposed.XposedBridge$AdditionalHookInfo.callback(Unknown Source:147)

09-02 17:47:23.883  1900  2034 I LSPosed-Bridge: 	at LSPHooker_.checkPermission(Unknown Source:25)

09-02 17:47:23.883  1900  2034 I LSPosed-Bridge: 	at android.app.ContextImpl.enforcePermission(ContextImpl.java:1822)

09-02 17:47:23.883  1900  2034 I LSPosed-Bridge: 	at android.content.ContextWrapper.enforcePermission(ContextWrapper.java:765)

09-02 17:47:23.883  1900  2034 I LSPosed-Bridge: 	at android.content.ContextWrapper.enforcePermission(ContextWrapper.java:765)

09-02 17:47:23.883  1900  2034 I LSPosed-Bridge: 	at com.android.internal.telephony.TelephonyPermissions.checkReadPhoneState(TelephonyPermissions.java:117)

09-02 17:47:23.883  1900  2034 I LSPosed-Bridge: 	at com.android.internal.telephony.TelephonyPermissions.checkReadPhoneState(TelephonyPermissions.java:101)

09-02 17:47:23.883  1900  2034 I LSPosed-Bridge: 	at com.android.internal.telephony.TelephonyPermissions.checkCallingOrSelfReadPhoneState(TelephonyPermissions.java:74)

09-02 17:47:23.883  1900  2034 I LSPosed-Bridge: 	at com.android.phone.PhoneInterfaceManager.getImeiForSlot(PhoneInterfaceManager.java:1837)

09-02 17:47:23.883  1900  2034 I LSPosed-Bridge: 	at com.android.internal.telephony.ITelephony$Stub.onTransact(ITelephony.java:1724)

09-02 17:47:23.883  1900  2034 I LSPosed-Bridge: 	at android.os.Binder.execTransact(Binder.java:731)

09-02 17:47:23.888  1568  2537 I LSPosed-Bridge: 5877 PermLabel 10127 AMS.checkPermission: Binder.getCallingPid() = 1900; uid = 10127; Binder.getCallingUid() = 1001; getNameForUid: android.uid.phone:1001; getPackagesForUid: [com.android.providers.telephony, com.qualcomm.qti.ims, com.android.mms.service, com.qti.confuridialer, com.qti.qualcomm.datastatusnotification, com.qti.qualcomm.deviceinfo, com.qualcomm.qti.networksetting, com.qualcomm.qti.telephonyservice, com.qualcomm.simcontacts, com.qualcomm.qti.autoregistration, com.qualcomm.qti.lpa, com.qualcomm.qti.uim, com.android.stk, com.android.phone, com.qti.xdivert, com.qualcomm.qti.callfeaturessetting, com.qualcomm.qcrilmsgtunnel, org.codeaurora.ims]; permName: android.permission.READ_PHONE_STATE; type = 1; res = -1; stacktrace=java.lang.Exception

09-02 17:47:23.888  1568  2537 I LSPosed-Bridge: 	at com.example.permlabel.requirePerm$1$2.afterHookedMethod(requirePerm.java:130)

09-02 17:47:23.888  1568  2537 I LSPosed-Bridge: 	at de.robv.android.xposed.XposedBridge$AdditionalHookInfo.callback(Unknown Source:147)

09-02 17:47:23.888  1568  2537 I LSPosed-Bridge: 	at LSPHooker_.checkPermission(Unknown Source:25)

09-02 17:47:23.888  1568  2537 I LSPosed-Bridge: 	at android.app.IActivityManager$Stub.onTransact(IActivityManager.java:664)

09-02 17:47:23.888  1568  2537 I LSPosed-Bridge: 	at com.android.server.am.ActivityManagerService.onTransact(ActivityManagerService.java:3346)

09-02 17:47:23.888  1568  2537 I LSPosed-Bridge: 	at android.os.Binder.execTransact(Binder.java:731)

09-02 17:47:23.888  1900  2239 I LSPosed-Bridge: 1900 PermLabel 1001 ContextImpl Binder.getCallingPid() = 5877; Binder.getCallingUid() = 10127; permName: android.permission.READ_PHONE_STATE; res = -1; stacktrace=java.lang.Exception

09-02 17:47:23.888  1900  2239 I LSPosed-Bridge: 	at com.example.permlabel.requestPerm$2.afterHookedMethod(requestPerm.java:186)

09-02 17:47:23.888  1900  2239 I LSPosed-Bridge: 	at de.robv.android.xposed.XposedBridge$AdditionalHookInfo.callback(Unknown Source:147)

09-02 17:47:23.888  1900  2239 I LSPosed-Bridge: 	at LSPHooker_.checkPermission(Unknown Source:25)

09-02 17:47:23.888  1900  2239 I LSPosed-Bridge: 	at android.app.ContextImpl.enforcePermission(ContextImpl.java:1822)

09-02 17:47:23.888  1900  2239 I LSPosed-Bridge: 	at android.content.ContextWrapper.enforcePermission(ContextWrapper.java:765)

09-02 17:47:23.888  1900  2239 I LSPosed-Bridge: 	at android.content.ContextWrapper.enforcePermission(ContextWrapper.java:765)

09-02 17:47:23.888  1900  2239 I LSPosed-Bridge: 	at com.android.internal.telephony.TelephonyPermissions.checkReadPhoneState(TelephonyPermissions.java:117)

09-02 17:47:23.888  1900  2239 I LSPosed-Bridge: 	at com.android.internal.telephony.TelephonyPermissions.checkReadPhoneState(TelephonyPermissions.java:101)

09-02 17:47:23.888  1900  2239 I LSPosed-Bridge: 	at com.android.internal.telephony.TelephonyPermissions.checkCallingOrSelfReadPhoneState(TelephonyPermissions.java:74)

09-02 17:47:23.888  1900  2239 I LSPosed-Bridge: 	at com.android.phone.PhoneInterfaceManager.getImeiForSlot(PhoneInterfaceManager.java:1837)

09-02 17:47:23.888  1900  2239 I LSPosed-Bridge: 	at com.android.internal.telephony.ITelephony$Stub.onTransact(ITelephony.java:1724)

09-02 17:47:23.888  1900  2239 I LSPosed-Bridge: 	at android.os.Binder.execTransact(Binder.java:731)

09-02 17:47:23.914  1568  2537 I LSPosed-Bridge: 5877 PermLabel 10127 AMS.checkPermission: Binder.getCallingPid() = 1900; uid = 10127; Binder.getCallingUid() = 1001; getNameForUid: android.uid.phone:1001; getPackagesForUid: [com.android.providers.telephony, com.qualcomm.qti.ims, com.android.mms.service, com.qti.confuridialer, com.qti.qualcomm.datastatusnotification, com.qti.qualcomm.deviceinfo, com.qualcomm.qti.networksetting, com.qualcomm.qti.telephonyservice, com.qualcomm.simcontacts, com.qualcomm.qti.autoregistration, com.qualcomm.qti.lpa, com.qualcomm.qti.uim, com.android.stk, com.android.phone, com.qti.xdivert, com.qualcomm.qti.callfeaturessetting, com.qualcomm.qcrilmsgtunnel, org.codeaurora.ims]; permName: android.permission.READ_PHONE_STATE; type = 1; res = -1; stacktrace=java.lang.Exception

09-02 17:47:23.914  1568  2537 I LSPosed-Bridge: 	at com.example.permlabel.requirePerm$1$2.afterHookedMethod(requirePerm.java:130)

09-02 17:47:23.914  1568  2537 I LSPosed-Bridge: 	at de.robv.android.xposed.XposedBridge$AdditionalHookInfo.callback(Unknown Source:147)

09-02 17:47:23.914  1568  2537 I LSPosed-Bridge: 	at LSPHooker_.checkPermission(Unknown Source:25)

09-02 17:47:23.914  1568  2537 I LSPosed-Bridge: 	at android.app.IActivityManager$Stub.onTransact(IActivityManager.java:664)

09-02 17:47:23.914  1568  2537 I LSPosed-Bridge: 	at com.android.server.am.ActivityManagerService.onTransact(ActivityManagerService.java:3346)

09-02 17:47:23.914  1568  2537 I LSPosed-Bridge: 	at android.os.Binder.execTransact(Binder.java:731)

09-02 17:47:23.914  1900  2239 I LSPosed-Bridge: 1900 PermLabel 1001 ContextImpl Binder.getCallingPid() = 5877; Binder.getCallingUid() = 10127; permName: android.permission.READ_PHONE_STATE; res = -1; stacktrace=java.lang.Exception

09-02 17:47:23.914  1900  2239 I LSPosed-Bridge: 	at com.example.permlabel.requestPerm$2.afterHookedMethod(requestPerm.java:186)

09-02 17:47:23.914  1900  2239 I LSPosed-Bridge: 	at de.robv.android.xposed.XposedBridge$AdditionalHookInfo.callback(Unknown Source:147)

09-02 17:47:23.914  1900  2239 I LSPosed-Bridge: 	at LSPHooker_.checkPermission(Unknown Source:25)

09-02 17:47:23.914  1900  2239 I LSPosed-Bridge: 	at android.app.ContextImpl.enforcePermission(ContextImpl.java:1822)

09-02 17:47:23.914  1900  2239 I LSPosed-Bridge: 	at android.content.ContextWrapper.enforcePermission(ContextWrapper.java:765)

09-02 17:47:23.914  1900  2239 I LSPosed-Bridge: 	at android.content.ContextWrapper.enforcePermission(ContextWrapper.java:765)

09-02 17:47:23.914  1900  2239 I LSPosed-Bridge: 	at com.android.internal.telephony.TelephonyPermissions.checkReadPhoneState(TelephonyPermissions.java:117)

09-02 17:47:23.914  1900  2239 I LSPosed-Bridge: 	at com.android.internal.telephony.TelephonyPermissions.checkReadPhoneState(TelephonyPermissions.java:101)

09-02 17:47:23.914  1900  2239 I LSPosed-Bridge: 	at com.android.internal.telephony.TelephonyPermissions.checkCallingOrSelfReadPhoneState(TelephonyPermissions.java:74)

09-02 17:47:23.914  1900  2239 I LSPosed-Bridge: 	at com.android.phone.PhoneInterfaceManager.getImeiForSlot(PhoneInterfaceManager.java:1837)

09-02 17:47:23.914  1900  2239 I LSPosed-Bridge: 	at com.android.internal.telephony.ITelephony$Stub.onTransact(ITelephony.java:1724)

09-02 17:47:23.914  1900  2239 I LSPosed-Bridge: 	at android.os.Binder.execTransact(Binder.java:731)

09-02 17:47:23.914  1900  2239 I LSPosed-Bridge: 1900 PermLabel 1001 ContextImpl.checkPermission: pid = 5877; uid = 10127; permName: android.permission.READ_PHONE_STATE; type = 1; res = -1; stacktrace=java.lang.Exception

09-02 17:47:23.914  1900  2239 I LSPosed-Bridge: 	at com.example.permlabel.requestPerm$2.afterHookedMethod(requestPerm.java:210)

09-02 17:47:23.914  1900  2239 I LSPosed-Bridge: 	at de.robv.android.xposed.XposedBridge$AdditionalHookInfo.callback(Unknown Source:147)

09-02 17:47:23.914  1900  2239 I LSPosed-Bridge: 	at LSPHooker_.checkPermission(Unknown Source:25)

09-02 17:47:23.914  1900  2239 I LSPosed-Bridge: 	at android.app.ContextImpl.enforcePermission(ContextImpl.java:1822)

09-02 17:47:23.914  1900  2239 I LSPosed-Bridge: 	at android.content.ContextWrapper.enforcePermission(ContextWrapper.java:765)

09-02 17:47:23.914  1900  2239 I LSPosed-Bridge: 	at android.content.ContextWrapper.enforcePermission(ContextWrapper.java:765)

09-02 17:47:23.914  1900  2239 I LSPosed-Bridge: 	at com.android.internal.telephony.TelephonyPermissions.checkReadPhoneState(TelephonyPermissions.java:117)

09-02 17:47:23.914  1900  2239 I LSPosed-Bridge: 	at com.android.internal.telephony.TelephonyPermissions.checkReadPhoneState(TelephonyPermissions.java:101)

09-02 17:47:23.914  1900  2239 I LSPosed-Bridge: 	at com.android.internal.telephony.TelephonyPermissions.checkCallingOrSelfReadPhoneState(TelephonyPermissions.java:74)

09-02 17:47:23.914  1900  2239 I LSPosed-Bridge: 	at com.android.phone.PhoneInterfaceManager.getImeiForSlot(PhoneInterfaceManager.java:1837)

09-02 17:47:23.914  1900  2239 I LSPosed-Bridge: 	at com.android.internal.telephony.ITelephony$Stub.onTransact(ITelephony.java:1724)

09-02 17:47:23.914  1900  2239 I LSPosed-Bridge: 	at android.os.Binder.execTransact(Binder.java:731)

09-02 17:47:24.395  1568  3451 I LSPosed-Bridge: 5877 PermLabel 10127 AMS.checkPermission: Binder.getCallingPid() = 1900; uid = 10127; Binder.getCallingUid() = 1001; getNameForUid: android.uid.phone:1001; getPackagesForUid: [com.android.providers.telephony, com.qualcomm.qti.ims, com.android.mms.service, com.qti.confuridialer, com.qti.qualcomm.datastatusnotification, com.qti.qualcomm.deviceinfo, com.qualcomm.qti.networksetting, com.qualcomm.qti.telephonyservice, com.qualcomm.simcontacts, com.qualcomm.qti.autoregistration, com.qualcomm.qti.lpa, com.qualcomm.qti.uim, com.android.stk, com.android.phone, com.qti.xdivert, com.qualcomm.qti.callfeaturessetting, com.qualcomm.qcrilmsgtunnel, org.codeaurora.ims]; permName: android.permission.READ_PHONE_STATE; type = 1; res = -1; stacktrace=java.lang.Exception

09-02 17:47:24.395  1568  3451 I LSPosed-Bridge: 	at com.example.permlabel.requirePerm$1$2.afterHookedMethod(requirePerm.java:130)

09-02 17:47:24.395  1568  3451 I LSPosed-Bridge: 	at de.robv.android.xposed.XposedBridge$AdditionalHookInfo.callback(Unknown Source:147)

09-02 17:47:24.395  1568  3451 I LSPosed-Bridge: 	at LSPHooker_.checkPermission(Unknown Source:25)

09-02 17:47:24.395  1568  3451 I LSPosed-Bridge: 	at android.app.IActivityManager$Stub.onTransact(IActivityManager.java:664)

09-02 17:47:24.395  1568  3451 I LSPosed-Bridge: 	at com.android.server.am.ActivityManagerService.onTransact(ActivityManagerService.java:3346)

09-02 17:47:24.395  1568  3451 I LSPosed-Bridge: 	at android.os.Binder.execTransact(Binder.java:731)

09-02 17:47:24.395  5877  6461 I LSPosed-Bridge: 5877 PermLabel hookBinder_test 10127 interfaceBinder =android.content.pm.IPackageManager; arg0 = 5; arg1 = android.os.Parcel@c3cc89a; arg2 = android.os.Parcel@93ada7b; arg3 = 0; res = true; stacktrace=java.lang.Exception

09-02 17:47:24.395  5877  6461 I LSPosed-Bridge: 	at com.example.permlabel.hookBinder_test$1.afterHookedMethod(hookBinder_test.java:55)

09-02 17:47:24.395  5877  6461 I LSPosed-Bridge: 	at de.robv.android.xposed.XposedBridge$AdditionalHookInfo.callback(Unknown Source:147)

09-02 17:47:24.395  5877  6461 I LSPosed-Bridge: 	at LSPHooker_.transact(Unknown Source:28)

09-02 17:47:24.395  5877  6461 I LSPosed-Bridge: 	at android.content.pm.IPackageManager$Stub$Proxy.getPackageUid(IPackageManager.java:2932)

09-02 17:47:24.395  5877  6461 I LSPosed-Bridge: 	at android.os.storage.StorageManager.getVolumeList(StorageManager.java:1164)

09-02 17:47:24.395  5877  6461 I LSPosed-Bridge: 	at android.os.Environment$UserEnvironment.getExternalDirs(Environment.java:91)

09-02 17:47:24.395  5877  6461 I LSPosed-Bridge: 	at android.os.Environment$UserEnvironment.buildExternalStorageAppFilesDirs(Environment.java:135)

09-02 17:47:24.395  5877  6461 I LSPosed-Bridge: 	at android.os.Environment.buildExternalStorageAppFilesDirs(Environment.java:783)

09-02 17:47:24.395  5877  6461 I LSPosed-Bridge: 	at android.app.ContextImpl.getExternalFilesDirs(ContextImpl.java:665)

09-02 17:47:24.395  5877  6461 I LSPosed-Bridge: 	at android.app.ContextImpl.getExternalFilesDir(ContextImpl.java:658)

09-02 17:47:24.395  5877  6461 I LSPosed-Bridge: 	at android.content.ContextWrapper.getExternalFilesDir(ContextWrapper.java:249)

09-02 17:47:24.395  5877  6461 I LSPosed-Bridge: 	at c.t.m.g.cr.<init>(TL:222)

09-02 17:47:24.395  5877  6461 I LSPosed-Bridge: 	at c.t.m.g.ep.e(TL:501)

09-02 17:47:24.395  5877  6461 I LSPosed-Bridge: 	at c.t.m.g.ep.a(TL:413)

09-02 17:47:24.395  5877  6461 I LSPosed-Bridge: 	at c.t.m.g.ep.a(TL:344)

09-02 17:47:24.395  5877  6461 I LSPosed-Bridge: 	at c.t.m.g.ep.b(TL:397)

09-02 17:47:24.395  5877  6461 I LSPosed-Bridge: 	at com.tencent.map.geolocation.proxy.TencentLocationManagerProxy.requestSingleFreshLocation(TL:180)

09-02 17:47:24.395  5877  6461 I LSPosed-Bridge: 	at java.lang.reflect.Method.invoke(Native Method)

09-02 17:47:24.395  5877  6461 I LSPosed-Bridge: 	at com.tencent.map.geolocation.TencentLocationManager.requestSingleFreshLocation(TCL:6)

09-02 17:47:24.395  5877  6461 I LSPosed-Bridge: 	at com.klook.location.internal.third.d.requestLocation(TencentLocationImpl.kt:4)

09-02 17:47:24.395  5877  6461 I LSPosed-Bridge: 	at com.klook.location.internal.LocationManager.requestLocation(LocationManager.kt:8)

09-02 17:47:24.395  5877  6461 I LSPosed-Bridge: 	at com.klooklib.service.a$b$a.invokeSuspend(LocService.kt:6)

09-02 17:47:24.395  5877  6461 I LSPosed-Bridge: 	at kotlin.coroutines.jvm.internal.a.resumeWith(ContinuationImpl.kt:4)

09-02 17:47:24.395  5877  6461 I LSPosed-Bridge: 	at kotlinx.coroutines.e1.run(DispatchedTask.kt:22)

09-02 17:47:24.395  5877  6461 I LSPosed-Bridge: 	at kotlinx.coroutines.scheduling.a.runSafely(CoroutineScheduler.kt:1)

09-02 17:47:24.395  5877  6461 I LSPosed-Bridge: 	at kotlinx.coroutines.scheduling.a$c.c(CoroutineScheduler.kt:4)

09-02 17:47:24.395  5877  6461 I LSPosed-Bridge: 	at kotlinx.coroutines.scheduling.a$c.i(CoroutineScheduler.kt:4)

09-02 17:47:24.395  5877  6461 I LSPosed-Bridge: 	at kotlinx.coroutines.scheduling.a$c.run(CoroutineScheduler.kt:1)

09-02 17:47:24.395  5877  6464 I LSPosed-Bridge: 5877 PermLabel hookBinder_test 10127 interfaceBinder =; arg0 = 1; arg1 = android.os.Parcel@db624d8; arg2 = android.os.Parcel@87b7eee; arg3 = 0; res = true; stacktrace=java.lang.Exception

09-02 17:47:24.395  5877  6464 I LSPosed-Bridge: 	at com.example.permlabel.hookBinder_test$1.afterHookedMethod(hookBinder_test.java:55)

09-02 17:47:24.395  5877  6464 I LSPosed-Bridge: 	at de.robv.android.xposed.XposedBridge$AdditionalHookInfo.callback(Unknown Source:147)

09-02 17:47:24.395  5877  6464 I LSPosed-Bridge: 	at LSPHooker_.transact(Unknown Source:28)

09-02 17:47:24.395  5877  6464 I LSPosed-Bridge: 	at android.os.ServiceManagerProxy.getService(ServiceManagerNative.java:125)

09-02 17:47:24.395  5877  6464 I LSPosed-Bridge: 	at android.os.ServiceManager.rawGetService(ServiceManager.java:253)

09-02 17:47:24.395  5877  6464 I LSPosed-Bridge: 	at android.os.ServiceManager.getService(ServiceManager.java:124)

09-02 17:47:24.395  5877  6464 I LSPosed-Bridge: 	at android.telephony.TelephonyManager.getITelephony(TelephonyManager.java:4168)

09-02 17:47:24.395  5877  6464 I LSPosed-Bridge: 	at android.telephony.TelephonyManager.getCellLocation(TelephonyManager.java:1396)

09-02 17:47:24.395  5877  6464 I LSPosed-Bridge: 	at java.lang.reflect.Method.invoke(Native Method)

09-02 17:47:24.395  5877  6464 I LSPosed-Bridge: 	at org.lsposed.lspd.nativebridge.HookBridge.invokeOriginalMethod(Native Method)

09-02 17:47:24.395  5877  6464 I LSPosed-Bridge: 	at de.robv.android.xposed.XposedBridge$AdditionalHookInfo.callback(Unknown Source:110)

09-02 17:47:24.395  5877  6464 I LSPosed-Bridge: 	at LSPHooker_.getCellLocation(Unknown Source:8)

09-02 17:47:24.395  5877  6464 I LSPosed-Bridge: 	at c.t.m.g.fi.a(TL:95)

09-02 17:47:24.395  5877  6464 I LSPosed-Bridge: 	at c.t.m.g.er$a.a(TL:285)

09-02 17:47:24.395  5877  6464 I LSPosed-Bridge: 	at c.t.m.g.er$a.handleMessage(TL:248)

09-02 17:47:24.395  5877  6464 I LSPosed-Bridge: 	at android.os.Handler.dispatchMessage(Handler.java:106)

09-02 17:47:24.395  5877  6464 I LSPosed-Bridge: 	at android.os.Looper.loop(Looper.java:193)

09-02 17:47:24.395  5877  6464 I LSPosed-Bridge: 	at android.os.HandlerThread.run(HandlerThread.java:65)

09-02 17:47:24.395  1900  2239 I LSPosed-Bridge: 1900 PermLabel 1001 ContextImpl Binder.getCallingPid() = 5877; Binder.getCallingUid() = 10127; permName: android.permission.READ_PHONE_STATE; res = -1; stacktrace=java.lang.Exception

09-02 17:47:24.395  1900  2239 I LSPosed-Bridge: 	at com.example.permlabel.requestPerm$2.afterHookedMethod(requestPerm.java:186)

09-02 17:47:24.395  1900  2239 I LSPosed-Bridge: 	at de.robv.android.xposed.XposedBridge$AdditionalHookInfo.callback(Unknown Source:147)

09-02 17:47:24.395  1900  2239 I LSPosed-Bridge: 	at LSPHooker_.checkPermission(Unknown Source:25)

09-02 17:47:24.395  1900  2239 I LSPosed-Bridge: 	at android.app.ContextImpl.enforcePermission(ContextImpl.java:1822)

09-02 17:47:24.395  1900  2239 I LSPosed-Bridge: 	at android.content.ContextWrapper.enforcePermission(ContextWrapper.java:765)

09-02 17:47:24.395  1900  2239 I LSPosed-Bridge: 	at android.content.ContextWrapper.enforcePermission(ContextWrapper.java:765)

09-02 17:47:24.395  1900  2239 I LSPosed-Bridge: 	at com.android.internal.telephony.TelephonyPermissions.checkReadPhoneState(TelephonyPermissions.java:117)

09-02 17:47:24.395  1900  2239 I LSPosed-Bridge: 	at com.android.internal.telephony.TelephonyPermissions.checkReadPhoneState(TelephonyPermissions.java:101)

09-02 17:47:24.395  1900  2239 I LSPosed-Bridge: 	at com.android.internal.telephony.TelephonyPermissions.checkCallingOrSelfReadPhoneState(TelephonyPermissions.java:74)

09-02 17:47:24.395  1900  2239 I LSPosed-Bridge: 	at com.android.phone.PhoneInterfaceManager.getImeiForSlot(PhoneInterfaceManager.java:1837)

09-02 17:47:24.395  1900  2239 I LSPosed-Bridge: 	at com.android.internal.telephony.ITelephony$Stub.onTransact(ITelephony.java:1724)

09-02 17:47:24.395  1900  2239 I LSPosed-Bridge: 	at android.os.Binder.execTransact(Binder.java:731)

09-02 17:47:24.459  1568  4597 I LSPosed-Bridge: 5877 PermLabel 10127 AMS.checkPermission: Binder.getCallingPid() = 1900; uid = 10127; Binder.getCallingUid() = 1001; getNameForUid: android.uid.phone:1001; getPackagesForUid: [com.android.providers.telephony, com.qualcomm.qti.ims, com.android.mms.service, com.qti.confuridialer, com.qti.qualcomm.datastatusnotification, com.qti.qualcomm.deviceinfo, com.qualcomm.qti.networksetting, com.qualcomm.qti.telephonyservice, com.qualcomm.simcontacts, com.qualcomm.qti.autoregistration, com.qualcomm.qti.lpa, com.qualcomm.qti.uim, com.android.stk, com.android.phone, com.qti.xdivert, com.qualcomm.qti.callfeaturessetting, com.qualcomm.qcrilmsgtunnel, org.codeaurora.ims]; permName: android.permission.READ_PHONE_STATE; type = 1; res = -1; stacktrace=java.lang.Exception

09-02 17:47:24.459  1568  4597 I LSPosed-Bridge: 	at com.example.permlabel.requirePerm$1$2.afterHookedMethod(requirePerm.java:130)

09-02 17:47:24.459  1568  4597 I LSPosed-Bridge: 	at de.robv.android.xposed.XposedBridge$AdditionalHookInfo.callback(Unknown Source:147)

09-02 17:47:24.459  1568  4597 I LSPosed-Bridge: 	at LSPHooker_.checkPermission(Unknown Source:25)

09-02 17:47:24.459  1568  4597 I LSPosed-Bridge: 	at android.app.IActivityManager$Stub.onTransact(IActivityManager.java:664)

09-02 17:47:24.459  1568  4597 I LSPosed-Bridge: 	at com.android.server.am.ActivityManagerService.onTransact(ActivityManagerService.java:3346)

09-02 17:47:24.459  1568  4597 I LSPosed-Bridge: 	at android.os.Binder.execTransact(Binder.java:731)

09-02 17:47:24.459  5877  6345 I LSPosed-Bridge: 5877 PermLabel hookBinder_test 10127 interfaceBinder =android.app.IActivityManager; arg0 = 67; arg1 = android.os.Parcel@a6d1b11; arg2 = android.os.Parcel@e0dff12; arg3 = 0; res = true; stacktrace=java.lang.Exception

09-02 17:47:24.459  5877  6345 I LSPosed-Bridge: 	at com.example.permlabel.hookBinder_test$1.afterHookedMethod(hookBinder_test.java:55)

09-02 17:47:24.459  5877  6345 I LSPosed-Bridge: 	at de.robv.android.xposed.XposedBridge$AdditionalHookInfo.callback(Unknown Source:147)

09-02 17:47:24.459  5877  6345 I LSPosed-Bridge: 	at LSPHooker_.transact(Unknown Source:28)

09-02 17:47:24.459  5877  6345 I LSPosed-Bridge: 	at android.app.IActivityManager$Stub$Proxy.removeContentProvider(IActivityManager.java:5091)

09-02 17:47:24.459  5877  6345 I LSPosed-Bridge: 	at android.app.ActivityThread.installProvider(ActivityThread.java:6466)

09-02 17:47:24.459  5877  6345 I LSPosed-Bridge: 	at android.app.ActivityThread.acquireProvider(ActivityThread.java:6006)

09-02 17:47:24.459  5877  6345 I LSPosed-Bridge: 	at android.app.ContextImpl$ApplicationContentResolver.acquireUnstableProvider(ContextImpl.java:2592)

09-02 17:47:24.459  5877  6345 I LSPosed-Bridge: 	at android.content.ContentResolver.acquireUnstableProvider(ContentResolver.java:1831)

09-02 17:47:24.459  5877  6345 I LSPosed-Bridge: 	at android.content.ContentResolver.query(ContentResolver.java:788)

09-02 17:47:24.459  5877  6345 I LSPosed-Bridge: 	at android.content.ContentResolver.query(ContentResolver.java:753)

09-02 17:47:24.459  5877  6345 I LSPosed-Bridge: 	at android.content.ContentResolver.query(ContentResolver.java:711)

09-02 17:47:24.459  5877  6345 I LSPosed-Bridge: 	at com.facebook.internal.AttributionIdentifiers$Companion.getAttributionIdentifiers(AttributionIdentifiers.kt:15)

09-02 17:47:24.459  5877  6345 I LSPosed-Bridge: 	at com.facebook.FacebookSdk.publishInstallAndWaitForResponse(FacebookSdk.kt:1)

09-02 17:47:24.459  5877  6345 I LSPosed-Bridge: 	at com.facebook.FacebookSdk.publishInstallAsync$lambda-15(FacebookSdk.kt:1)

09-02 17:47:24.459  5877  6345 I LSPosed-Bridge: 	at com.facebook.FacebookSdk.f(Unknown Source:0)

09-02 17:47:24.459  5877  6345 I LSPosed-Bridge: 	at com.facebook.l.run(Unknown Source:4)

09-02 17:47:24.459  5877  6345 I LSPosed-Bridge: 	at java.util.concurrent.ThreadPoolExecutor.runWorker(ThreadPoolExecutor.java:1167)

09-02 17:47:24.459  5877  6345 I LSPosed-Bridge: 	at java.util.concurrent.ThreadPoolExecutor$Worker.run(ThreadPoolExecutor.java:641)

09-02 17:47:24.459  5877  6345 I LSPosed-Bridge: 	at java.lang.Thread.run(Thread.java:764)

09-02 17:47:24.486  5877  6458 W FirebaseRemoteConfig: No value of type 'FirebaseRemoteConfigValue' exists for parameter key 'fpr_session_max_duration_min'.

09-02 17:47:24.486  1568  6293 I LSPosed-Bridge: 5877 PermLabel 10127 AMS.checkPermission: Binder.getCallingPid() = 1900; uid = 10127; Binder.getCallingUid() = 1001; getNameForUid: android.uid.phone:1001; getPackagesForUid: [com.android.providers.telephony, com.qualcomm.qti.ims, com.android.mms.service, com.qti.confuridialer, com.qti.qualcomm.datastatusnotification, com.qti.qualcomm.deviceinfo, com.qualcomm.qti.networksetting, com.qualcomm.qti.telephonyservice, com.qualcomm.simcontacts, com.qualcomm.qti.autoregistration, com.qualcomm.qti.lpa, com.qualcomm.qti.uim, com.android.stk, com.android.phone, com.qti.xdivert, com.qualcomm.qti.callfeaturessetting, com.qualcomm.qcrilmsgtunnel, org.codeaurora.ims]; permName: android.permission.READ_PHONE_STATE; type = 1; res = -1; stacktrace=java.lang.Exception

09-02 17:47:24.486  1568  6293 I LSPosed-Bridge: 	at com.example.permlabel.requirePerm$1$2.afterHookedMethod(requirePerm.java:130)

09-02 17:47:24.486  1568  6293 I LSPosed-Bridge: 	at de.robv.android.xposed.XposedBridge$AdditionalHookInfo.callback(Unknown Source:147)

09-02 17:47:24.486  1568  6293 I LSPosed-Bridge: 	at LSPHooker_.checkPermission(Unknown Source:25)

09-02 17:47:24.486  1568  6293 I LSPosed-Bridge: 	at android.app.IActivityManager$Stub.onTransact(IActivityManager.java:664)

09-02 17:47:24.486  1568  6293 I LSPosed-Bridge: 	at com.android.server.am.ActivityManagerService.onTransact(ActivityManagerService.java:3346)

09-02 17:47:24.486  1568  6293 I LSPosed-Bridge: 	at android.os.Binder.execTransact(Binder.java:731)

09-02 17:47:24.502  1568  2537 I LSPosed-Bridge: 5877 PermLabel 10127 AMS.checkPermission: Binder.getCallingPid() = 1900; uid = 10127; Binder.getCallingUid() = 1001; getNameForUid: android.uid.phone:1001; getPackagesForUid: [com.android.providers.telephony, com.qualcomm.qti.ims, com.android.mms.service, com.qti.confuridialer, com.qti.qualcomm.datastatusnotification, com.qti.qualcomm.deviceinfo, com.qualcomm.qti.networksetting, com.qualcomm.qti.telephonyservice, com.qualcomm.simcontacts, com.qualcomm.qti.autoregistration, com.qualcomm.qti.lpa, com.qualcomm.qti.uim, com.android.stk, com.android.phone, com.qti.xdivert, com.qualcomm.qti.callfeaturessetting, com.qualcomm.qcrilmsgtunnel, org.codeaurora.ims]; permName: android.permission.READ_PHONE_STATE; type = 1; res = -1; stacktrace=java.lang.Exception

09-02 17:47:24.502  1568  2537 I LSPosed-Bridge: 	at com.example.permlabel.requirePerm$1$2.afterHookedMethod(requirePerm.java:130)

09-02 17:47:24.502  1568  2537 I LSPosed-Bridge: 	at de.robv.android.xposed.XposedBridge$AdditionalHookInfo.callback(Unknown Source:147)

09-02 17:47:24.502  1568  2537 I LSPosed-Bridge: 	at LSPHooker_.checkPermission(Unknown Source:25)

09-02 17:47:24.502  1568  2537 I LSPosed-Bridge: 	at android.app.IActivityManager$Stub.onTransact(IActivityManager.java:664)

09-02 17:47:24.502  1568  2537 I LSPosed-Bridge: 	at com.android.server.am.ActivityManagerService.onTransact(ActivityManagerService.java:3346)

09-02 17:47:24.502  1568  2537 I LSPosed-Bridge: 	at android.os.Binder.execTransact(Binder.java:731)

09-02 17:47:24.504  1900  2034 E PhoneInterfaceManager: [PhoneIntfMgr] getCarrierPrivilegeStatus: No UICC

09-02 17:47:24.504  5877  6420 I LSPosed-Bridge: 5877 PermLabel hookBinder_test 10127 interfaceBinder =android.content.pm.IPackageManager; arg0 = 3; arg1 = android.os.Parcel@6e21d47; arg2 = android.os.Parcel@2eee7d7; arg3 = 0; res = true; stacktrace=java.lang.Exception

09-02 17:47:24.504  5877  6420 I LSPosed-Bridge: 	at com.example.permlabel.hookBinder_test$1.afterHookedMethod(hookBinder_test.java:55)

09-02 17:47:24.504  5877  6420 I LSPosed-Bridge: 	at de.robv.android.xposed.XposedBridge$AdditionalHookInfo.callback(Unknown Source:147)

09-02 17:47:24.504  5877  6420 I LSPosed-Bridge: 	at LSPHooker_.transact(Unknown Source:28)

09-02 17:47:24.504  5877  6420 I LSPosed-Bridge: 	at android.content.pm.IPackageManager$Stub$Proxy.getPackageInfo(IPackageManager.java:2876)

09-02 17:47:24.504  5877  6420 I LSPosed-Bridge: 	at android.app.ApplicationPackageManager.getPackageInfoAsUser(ApplicationPackageManager.java:174)

09-02 17:47:24.504  5877  6420 I LSPosed-Bridge: 	at android.app.ApplicationPackageManager.getPackageInfo(ApplicationPackageManager.java:152)

09-02 17:47:24.504  5877  6420 I LSPosed-Bridge: 	at com.appsflyer.internal.ae.values(:65)

09-02 17:47:24.504  5877  6420 I LSPosed-Bridge: 	at com.appsflyer.internal.ae.AFKeystoreWrapper(:226)

09-02 17:47:24.504  5877  6420 I LSPosed-Bridge: 	at com.appsflyer.internal.ae$c.run(:1)

09-02 17:47:24.504  5877  6420 I LSPosed-Bridge: 	at java.util.concurrent.Executors$RunnableAdapter.call(Executors.java:458)

09-02 17:47:24.504  5877  6420 I LSPosed-Bridge: 	at java.util.concurrent.FutureTask.run(FutureTask.java:266)

09-02 17:47:24.504  5877  6420 I LSPosed-Bridge: 	at java.util.concurrent.ScheduledThreadPoolExecutor$ScheduledFutureTask.run(ScheduledThreadPoolExecutor.java:301)

09-02 17:47:24.504  5877  6420 I LSPosed-Bridge: 	at java.util.concurrent.ThreadPoolExecutor.runWorker(ThreadPoolExecutor.java:1167)

09-02 17:47:24.504  5877  6420 I LSPosed-Bridge: 	at java.util.concurrent.ThreadPoolExecutor$Worker.run(ThreadPoolExecutor.java:641)

09-02 17:47:24.504  5877  6420 I LSPosed-Bridge: 	at com.appsflyer.internal.k$1$5.run(:2)

09-02 17:47:24.504  5877  6420 I LSPosed-Bridge: 	at java.lang.Thread.run(Thread.java:764)

09-02 17:47:24.504  1568  6293 I LSPosed-Bridge: 5877 PermLabel 10127 AMS.checkPermission: Binder.getCallingPid() = 1900; uid = 10127; Binder.getCallingUid() = 1001; getNameForUid: android.uid.phone:1001; getPackagesForUid: [com.android.providers.telephony, com.qualcomm.qti.ims, com.android.mms.service, com.qti.confuridialer, com.qti.qualcomm.datastatusnotification, com.qti.qualcomm.deviceinfo, com.qualcomm.qti.networksetting, com.qualcomm.qti.telephonyservice, com.qualcomm.simcontacts, com.qualcomm.qti.autoregistration, com.qualcomm.qti.lpa, com.qualcomm.qti.uim, com.android.stk, com.android.phone, com.qti.xdivert, com.qualcomm.qti.callfeaturessetting, com.qualcomm.qcrilmsgtunnel, org.codeaurora.ims]; permName: android.permission.READ_PHONE_STATE; type = 1; res = -1; stacktrace=java.lang.Exception

09-02 17:47:24.504  1568  6293 I LSPosed-Bridge: 	at com.example.permlabel.requirePerm$1$2.afterHookedMethod(requirePerm.java:130)

09-02 17:47:24.504  1568  6293 I LSPosed-Bridge: 	at de.robv.android.xposed.XposedBridge$AdditionalHookInfo.callback(Unknown Source:147)

09-02 17:47:24.504  1568  6293 I LSPosed-Bridge: 	at LSPHooker_.checkPermission(Unknown Source:25)

09-02 17:47:24.504  1568  6293 I LSPosed-Bridge: 	at android.app.IActivityManager$Stub.onTransact(IActivityManager.java:664)

09-02 17:47:24.504  1568  6293 I LSPosed-Bridge: 	at com.android.server.am.ActivityManagerService.onTransact(ActivityManagerService.java:3346)

09-02 17:47:24.504  1568  6293 I LSPosed-Bridge: 	at android.os.Binder.execTransact(Binder.java:731)

09-02 17:47:24.505  5877  6384 I LSPosed-Bridge: 5877 PermLabel hookBinder_test 10127 interfaceBinder =com.android.internal.telephony.IPhoneSubInfo; arg0 = 8; arg1 = android.os.Parcel@1f06fe9; arg2 = android.os.Parcel@caed46e; arg3 = 0; res = true; stacktrace=java.lang.Exception

09-02 17:47:24.505  5877  6384 I LSPosed-Bridge: 	at com.example.permlabel.hookBinder_test$1.afterHookedMethod(hookBinder_test.java:55)

