08-12 19:07:04.184  6011 15517 I LSPosed-Bridge: 	at btc.run(:com.google.android.gms.policy_ads_fdr_dynamite@232400001@232400000057.538171701.538171701:5)

08-12 19:07:04.184  6011 15517 I LSPosed-Bridge: 	at java.util.concurrent.ThreadPoolExecutor.runWorker(ThreadPoolExecutor.java:1167)

08-12 19:07:04.184  6011 15517 I LSPosed-Bridge: 	at java.util.concurrent.ThreadPoolExecutor$Worker.run(ThreadPoolExecutor.java:641)

08-12 19:07:04.184  6011 15517 I LSPosed-Bridge: 	at java.lang.Thread.run(Thread.java:764)

08-12 19:07:04.184  6011 15935 I LSPosed-Bridge: 6011 PermLabel hookBinder_test 10119 interfaceBinder =android.app.IActivityManager; arg0 = 81; arg1 = android.os.Parcel@7122252; arg2 = android.os.Parcel@3bbf8b; arg3 = 0; res = true; stacktrace=java.lang.Exception

08-12 19:07:04.184  6011 15935 I LSPosed-Bridge: 	at com.example.permlabel.hookBinder_test$1.afterHookedMethod(hookBinder_test.java:52)

08-12 19:07:04.184  6011 15935 I LSPosed-Bridge: 	at de.robv.android.xposed.XposedBridge$AdditionalHookInfo.callback(Unknown Source:147)

08-12 19:07:04.184  6011 15935 I LSPosed-Bridge: 	at LSPHooker_.transact(Unknown Source:28)

08-12 19:07:04.184  6011 15935 I LSPosed-Bridge: 	at android.app.IActivityManager$Stub$Proxy.getRunningAppProcesses(IActivityManager.java:5366)

08-12 19:07:04.184  6011 15935 I LSPosed-Bridge: 	at android.app.ActivityManager.getRunningAppProcesses(ActivityManager.java:3435)

08-12 19:07:04.184  6011 15935 I LSPosed-Bridge: 	at java.lang.reflect.Method.invoke(Native Method)

08-12 19:07:04.184  6011 15935 I LSPosed-Bridge: 	at org.lsposed.lspd.nativebridge.HookBridge.invokeOriginalMethod(Native Method)

08-12 19:07:04.184  6011 15935 I LSPosed-Bridge: 	at de.robv.android.xposed.XposedBridge$AdditionalHookInfo.callback(Unknown Source:110)

08-12 19:07:04.184  6011 15935 I LSPosed-Bridge: 	at LSPHooker_.getRunningAppProcesses(Unknown Source:8)

08-12 19:07:04.184  6011 15935 I LSPosed-Bridge: 	at com.google.ccc.abuse.droidguard.DroidGuard.xssNative(Native Method)

08-12 19:07:04.184  6011 15935 I LSPosed-Bridge: 	at com.google.ccc.abuse.droidguard.DroidGuard.xss(DroidGuard.java:542)

08-12 19:07:04.184  6011 15935 I LSPosed-Bridge: 	at java.lang.reflect.Method.invoke(Native Method)

08-12 19:07:04.184  6011 15935 I LSPosed-Bridge: 	at asd.j(:com.google.android.gms.policy_ads_fdr_dynamite@232400001@232400000057.538171701.538171701:40)

08-12 19:07:04.184  6011 15935 I LSPosed-Bridge: 	at asd.f(:com.google.android.gms.policy_ads_fdr_dynamite@232400001@232400000057.538171701.538171701:183)

08-12 19:07:04.184  6011 15935 I LSPosed-Bridge: 	at aef.f(:com.google.android.gms.policy_ads_fdr_dynamite@232400001@232400000057.538171701.538171701:38)

08-12 19:07:04.184  6011 15935 I LSPosed-Bridge: 	at com.google.android.gms.ads.internal.i.g(:com.google.android.gms.policy_ads_fdr_dynamite@232400001@232400000057.538171701.538171701:20)

08-12 19:07:04.184  6011 15935 I LSPosed-Bridge: 	at com.google.android.gms.ads.internal.i.f(:com.google.android.gms.policy_ads_fdr_dynamite@232400001@232400000057.538171701.538171701:2)

08-12 19:07:04.184  6011 15935 I LSPosed-Bridge: 	at com.google.android.gms.ads.nonagon.load.g.call(:com.google.android.gms.policy_ads_fdr_dynamite@232400001@232400000057.538171701.538171701:7)

08-12 19:07:04.184  6011 15935 I LSPosed-Bridge: 	at btb.a(:com.google.android.gms.policy_ads_fdr_dynamite@232400001@232400000057.538171701.538171701:3)

08-12 19:07:04.184  6011 15935 I LSPosed-Bridge: 	at bsj.run(:com.google.android.gms.policy_ads_fdr_dynamite@232400001@232400000057.538171701.538171701:21)

08-12 19:07:04.184  6011 15935 I LSPosed-Bridge: 	at btc.run(:com.google.android.gms.policy_ads_fdr_dynamite@232400001@232400000057.538171701.538171701:5)

08-12 19:07:04.184  6011 15935 I LSPosed-Bridge: 	at java.util.concurrent.ThreadPoolExecutor.runWorker(ThreadPoolExecutor.java:1167)

08-12 19:07:04.184  6011 15935 I LSPosed-Bridge: 	at java.util.concurrent.ThreadPoolExecutor$Worker.run(ThreadPoolExecutor.java:641)

08-12 19:07:04.184  6011 15935 I LSPosed-Bridge: 	at java.lang.Thread.run(Thread.java:764)

08-12 19:07:07.443  6011 13855 I LSPosed-Bridge: 6011 PermLabel hookBinder_test 10119 interfaceBinder =; arg0 = 1; arg1 = android.os.Parcel@cad1328; arg2 = android.os.Parcel@c68eb33; arg3 = 0; res = true; stacktrace=java.lang.Exception

08-12 19:07:07.443  6011 13855 I LSPosed-Bridge: 	at com.example.permlabel.hookBinder_test$1.afterHookedMethod(hookBinder_test.java:52)

08-12 19:07:07.443  6011 13855 I LSPosed-Bridge: 	at de.robv.android.xposed.XposedBridge$AdditionalHookInfo.callback(Unknown Source:147)

08-12 19:07:07.443  6011 13855 I LSPosed-Bridge: 	at LSPHooker_.transact(Unknown Source:28)

08-12 19:07:07.443  6011 13855 I LSPosed-Bridge: 	at android.os.ServiceManagerProxy.getService(ServiceManagerNative.java:125)

08-12 19:07:07.443  6011 13855 I LSPosed-Bridge: 	at android.os.ServiceManager.rawGetService(ServiceManager.java:253)

08-12 19:07:07.443  6011 13855 I LSPosed-Bridge: 	at android.os.ServiceManager.getService(ServiceManager.java:124)

08-12 19:07:07.443  6011 13855 I LSPosed-Bridge: 	at android.telephony.SubscriptionManager.getPhoneId(SubscriptionManager.java:1222)

08-12 19:07:07.443  6011 13855 I LSPosed-Bridge: 	at android.telephony.TelephonyManager.getPhoneId(TelephonyManager.java:4918)

08-12 19:07:07.443  6011 13855 I LSPosed-Bridge: 	at android.telephony.TelephonyManager.getNetworkOperator(TelephonyManager.java:1785)

08-12 19:07:07.443  6011 13855 I LSPosed-Bridge: 	at c5.i0.c(com.google.android.gms:play-services-measurement-impl@@21.2.0:2)

08-12 19:07:07.443  6011 13855 I LSPosed-Bridge: 	at t0.i.c(LogToAdm.kt:14)

08-12 19:07:07.443  6011 13855 I LSPosed-Bridge: 	at t0.d$a.invokeSuspend(LogManager.kt:12)

08-12 19:07:07.443  6011 13855 I LSPosed-Bridge: 	at m9.a.resumeWith(ContinuationImpl.kt:3)

08-12 19:07:07.443  6011 13855 I LSPosed-Bridge: 	at ba.i0.run(DispatchedTask.kt:18)

08-12 19:07:07.443  6011 13855 I LSPosed-Bridge: 	at ga.e.run(LimitedDispatcher.kt:2)

08-12 19:07:07.443  6011 13855 I LSPosed-Bridge: 	at ha.k.run(Tasks.kt:1)

08-12 19:07:07.443  6011 13855 I LSPosed-Bridge: 	at ha.a.y(CoroutineScheduler.kt:1)

08-12 19:07:07.443  6011 13855 I LSPosed-Bridge: 	at ha.a$a.run(CoroutineScheduler.kt:10)

08-12 19:07:07.443  1554  5152 I LSPosed-Bridge: 6011 PermLabel 10119 AMS.checkPermission: Binder.getCallingPid() = 6011; uid = 10119; Binder.getCallingUid() = 10119; getNameForUid: com.file.miner.recovery.maall; getPackagesForUid: [com.file.miner.recovery.maall]; permName: android.permission.GET_TASKS; type = 0; res = -1; stacktrace=java.lang.Exception

08-12 19:07:07.443  1554  5152 I LSPosed-Bridge: 	at com.example.permlabel.requirePerm$1$2.afterHookedMethod(requirePerm.java:121)

08-12 19:07:07.443  1554  5152 I LSPosed-Bridge: 	at de.robv.android.xposed.XposedBridge$AdditionalHookInfo.callback(Unknown Source:147)

08-12 19:07:07.443  1554  5152 I LSPosed-Bridge: 	at LSPHooker_.checkPermission(Unknown Source:25)

08-12 19:07:07.443  1554  5152 I LSPosed-Bridge: 	at com.android.server.am.ActivityManagerService.isGetTasksAllowed(ActivityManagerService.java:10902)

08-12 19:07:07.443  1554  5152 I LSPosed-Bridge: 	at com.android.server.am.ActivityManagerService.getRunningAppProcesses(ActivityManagerService.java:16139)

08-12 19:07:07.443  1554  5152 I LSPosed-Bridge: 	at android.app.IActivityManager$Stub.onTransact(IActivityManager.java:1088)

08-12 19:07:07.443  1554  5152 I LSPosed-Bridge: 	at com.android.server.am.ActivityManagerService.onTransact(ActivityManagerService.java:3346)

08-12 19:07:07.443  1554  5152 I LSPosed-Bridge: 	at android.os.Binder.execTransact(Binder.java:731)

08-12 19:07:07.711  1554  1847 I LSPosed-Bridge: 6011 PermLabel 10119 AMS.checkPermission: Binder.getCallingPid() = 6011; uid = 10119; Binder.getCallingUid() = 10119; getNameForUid: com.file.miner.recovery.maall; getPackagesForUid: [com.file.miner.recovery.maall]; permName: android.permission.GET_TASKS; type = 0; res = -1; stacktrace=java.lang.Exception

08-12 19:07:07.711  1554  1847 I LSPosed-Bridge: 	at com.example.permlabel.requirePerm$1$2.afterHookedMethod(requirePerm.java:121)

08-12 19:07:07.711  1554  1847 I LSPosed-Bridge: 	at de.robv.android.xposed.XposedBridge$AdditionalHookInfo.callback(Unknown Source:147)

08-12 19:07:07.711  1554  1847 I LSPosed-Bridge: 	at LSPHooker_.checkPermission(Unknown Source:25)

08-12 19:07:07.711  1554  1847 I LSPosed-Bridge: 	at com.android.server.am.ActivityManagerService.isGetTasksAllowed(ActivityManagerService.java:10902)

08-12 19:07:07.711  1554  1847 I LSPosed-Bridge: 	at com.android.server.am.ActivityManagerService.getRunningAppProcesses(ActivityManagerService.java:16139)

08-12 19:07:07.711  1554  1847 I LSPosed-Bridge: 	at android.app.IActivityManager$Stub.onTransact(IActivityManager.java:1088)

08-12 19:07:07.711  1554  1847 I LSPosed-Bridge: 	at com.android.server.am.ActivityManagerService.onTransact(ActivityManagerService.java:3346)

08-12 19:07:07.711  1554  1847 I LSPosed-Bridge: 	at android.os.Binder.execTransact(Binder.java:731)

08-12 19:07:11.193   554   554 I ConfigStore: android::hardware::configstore::V1_0::ISurfaceFlingerConfigs::hasHDRDisplay retrieved: 0

08-12 19:07:11.193  1554  1847 I LSPosed-Bridge: 6011 PermLabel 10119 AMS.checkPermission: Binder.getCallingPid() = 6011; uid = 10119; Binder.getCallingUid() = 10119; getNameForUid: com.file.miner.recovery.maall; getPackagesForUid: [com.file.miner.recovery.maall]; permName: android.permission.GET_TASKS; type = 0; res = -1; stacktrace=java.lang.Exception

08-12 19:07:11.193  1554  1847 I LSPosed-Bridge: 	at com.example.permlabel.requirePerm$1$2.afterHookedMethod(requirePerm.java:121)

08-12 19:07:11.193  1554  1847 I LSPosed-Bridge: 	at de.robv.android.xposed.XposedBridge$AdditionalHookInfo.callback(Unknown Source:147)

08-12 19:07:11.193  1554  1847 I LSPosed-Bridge: 	at LSPHooker_.checkPermission(Unknown Source:25)

08-12 19:07:11.193  1554  1847 I LSPosed-Bridge: 	at com.android.server.am.ActivityManagerService.isGetTasksAllowed(ActivityManagerService.java:10902)

08-12 19:07:11.193  1554  1847 I LSPosed-Bridge: 	at com.android.server.am.ActivityManagerService.getRunningAppProcesses(ActivityManagerService.java:16139)

08-12 19:07:11.193  1554  1847 I LSPosed-Bridge: 	at android.app.IActivityManager$Stub.onTransact(IActivityManager.java:1088)

08-12 19:07:11.193  1554  1847 I LSPosed-Bridge: 	at com.android.server.am.ActivityManagerService.onTransact(ActivityManagerService.java:3346)

08-12 19:07:11.193  1554  1847 I LSPosed-Bridge: 	at android.os.Binder.execTransact(Binder.java:731)

08-12 19:07:11.193   554   554 I ConfigStore: android::hardware::configstore::V1_0::ISurfaceFlingerConfigs::hasHDRDisplay retrieved: 0

08-12 19:07:15.856   554   554 I chatty  : uid=1000(system) /system/bin/surfaceflinger identical 11 lines

08-12 19:07:15.856   554   554 I ConfigStore: android::hardware::configstore::V1_0::ISurfaceFlingerConfigs::hasHDRDisplay retrieved: 0

08-12 19:07:15.856  1554  5152 I LSPosed-Bridge: 6011 PermLabel 10119 AMS.checkPermission: Binder.getCallingPid() = 6011; uid = 10119; Binder.getCallingUid() = 10119; getNameForUid: com.file.miner.recovery.maall; getPackagesForUid: [com.file.miner.recovery.maall]; permName: android.permission.GET_TASKS; type = 0; res = -1; stacktrace=java.lang.Exception

08-12 19:07:15.856  1554  5152 I LSPosed-Bridge: 	at com.example.permlabel.requirePerm$1$2.afterHookedMethod(requirePerm.java:121)

08-12 19:07:15.856  1554  5152 I LSPosed-Bridge: 	at de.robv.android.xposed.XposedBridge$AdditionalHookInfo.callback(Unknown Source:147)

08-12 19:07:15.856  1554  5152 I LSPosed-Bridge: 	at LSPHooker_.checkPermission(Unknown Source:25)

08-12 19:07:15.856  1554  5152 I LSPosed-Bridge: 	at com.android.server.am.ActivityManagerService.isGetTasksAllowed(ActivityManagerService.java:10902)

08-12 19:07:15.856  1554  5152 I LSPosed-Bridge: 	at com.android.server.am.ActivityManagerService.getRunningAppProcesses(ActivityManagerService.java:16139)

08-12 19:07:15.856  1554  5152 I LSPosed-Bridge: 	at android.app.IActivityManager$Stub.onTransact(IActivityManager.java:1088)

08-12 19:07:15.856  1554  5152 I LSPosed-Bridge: 	at com.android.server.am.ActivityManagerService.onTransact(ActivityManagerService.java:3346)

08-12 19:07:15.856  1554  5152 I LSPosed-Bridge: 	at android.os.Binder.execTransact(Binder.java:731)

08-12 19:07:16.313  1554  1847 I LSPosed-Bridge: 6011 PermLabel 10119 AMS.checkPermission: Binder.getCallingPid() = 6011; uid = 10119; Binder.getCallingUid() = 10119; getNameForUid: com.file.miner.recovery.maall; getPackagesForUid: [com.file.miner.recovery.maall]; permName: android.permission.GET_TASKS; type = 0; res = -1; stacktrace=java.lang.Exception

08-12 19:07:16.313  1554  1847 I LSPosed-Bridge: 	at com.example.permlabel.requirePerm$1$2.afterHookedMethod(requirePerm.java:121)

08-12 19:07:16.313  1554  1847 I LSPosed-Bridge: 	at de.robv.android.xposed.XposedBridge$AdditionalHookInfo.callback(Unknown Source:147)

08-12 19:07:16.313  1554  1847 I LSPosed-Bridge: 	at LSPHooker_.checkPermission(Unknown Source:25)

08-12 19:07:16.313  1554  1847 I LSPosed-Bridge: 	at com.android.server.am.ActivityManagerService.isGetTasksAllowed(ActivityManagerService.java:10902)

08-12 19:07:16.313  1554  1847 I LSPosed-Bridge: 	at com.android.server.am.ActivityManagerService.getRunningAppProcesses(ActivityManagerService.java:16139)

08-12 19:07:16.313  1554  1847 I LSPosed-Bridge: 	at android.app.IActivityManager$Stub.onTransact(IActivityManager.java:1088)

08-12 19:07:16.313  1554  1847 I LSPosed-Bridge: 	at com.android.server.am.ActivityManagerService.onTransact(ActivityManagerService.java:3346)

08-12 19:07:16.313  1554  1847 I LSPosed-Bridge: 	at android.os.Binder.execTransact(Binder.java:731)

08-12 19:07:21.654  1554  7047 I LSPosed-Bridge: 6011 PermLabel 10119 AMS.checkPermission: Binder.getCallingPid() = 6011; uid = 10119; Binder.getCallingUid() = 10119; getNameForUid: com.file.miner.recovery.maall; getPackagesForUid: [com.file.miner.recovery.maall]; permName: android.permission.GET_TASKS; type = 0; res = -1; stacktrace=java.lang.Exception

08-12 19:07:21.654  1554  7047 I LSPosed-Bridge: 	at com.example.permlabel.requirePerm$1$2.afterHookedMethod(requirePerm.java:121)

08-12 19:07:21.654  1554  7047 I LSPosed-Bridge: 	at de.robv.android.xposed.XposedBridge$AdditionalHookInfo.callback(Unknown Source:147)

08-12 19:07:21.654  1554  7047 I LSPosed-Bridge: 	at LSPHooker_.checkPermission(Unknown Source:25)

08-12 19:07:21.654  1554  7047 I LSPosed-Bridge: 	at com.android.server.am.ActivityManagerService.isGetTasksAllowed(ActivityManagerService.java:10902)

08-12 19:07:21.654  1554  7047 I LSPosed-Bridge: 	at com.android.server.am.ActivityManagerService.getRunningAppProcesses(ActivityManagerService.java:16139)

08-12 19:07:21.654  1554  7047 I LSPosed-Bridge: 	at android.app.IActivityManager$Stub.onTransact(IActivityManager.java:1088)

08-12 19:07:21.654  1554  7047 I LSPosed-Bridge: 	at com.android.server.am.ActivityManagerService.onTransact(ActivityManagerService.java:3346)

08-12 19:07:21.654  1554  7047 I LSPosed-Bridge: 	at android.os.Binder.execTransact(Binder.java:731)

08-12 19:07:21.654  6011  6574 I LSPosed-Bridge: 6011 PermLabel hookBinder_test 10119 interfaceBinder =android.app.IActivityManager; arg0 = 81; arg1 = android.os.Parcel@3c6934; arg2 = android.os.Parcel@9491847; arg3 = 0; res = true; stacktrace=java.lang.Exception

08-12 19:07:21.654  6011  6574 I LSPosed-Bridge: 	at com.example.permlabel.hookBinder_test$1.afterHookedMethod(hookBinder_test.java:52)

08-12 19:07:21.654  6011  6574 I LSPosed-Bridge: 	at de.robv.android.xposed.XposedBridge$AdditionalHookInfo.callback(Unknown Source:147)

08-12 19:07:21.654  6011  6574 I LSPosed-Bridge: 	at LSPHooker_.transact(Unknown Source:28)

08-12 19:07:21.654  6011  6574 I LSPosed-Bridge: 	at android.app.IActivityManager$Stub$Proxy.getRunningAppProcesses(IActivityManager.java:5366)

08-12 19:07:21.654  6011  6574 I LSPosed-Bridge: 	at android.app.ActivityManager.getRunningAppProcesses(ActivityManager.java:3435)

08-12 19:07:21.654  6011  6574 I LSPosed-Bridge: 	at java.lang.reflect.Method.invoke(Native Method)

08-12 19:07:21.654  6011  6574 I LSPosed-Bridge: 	at org.lsposed.lspd.nativebridge.HookBridge.invokeOriginalMethod(Native Method)

08-12 19:07:21.654  6011  6574 I LSPosed-Bridge: 	at de.robv.android.xposed.XposedBridge$AdditionalHookInfo.callback(Unknown Source:110)

08-12 19:07:21.654  6011  6574 I LSPosed-Bridge: 	at LSPHooker_.getRunningAppProcesses(Unknown Source:8)

08-12 19:07:21.654  6011  6574 I LSPosed-Bridge: 	at com.google.ccc.abuse.droidguard.DroidGuard.xssNative(Native Method)

08-12 19:07:21.654  6011  6574 I LSPosed-Bridge: 	at com.google.ccc.abuse.droidguard.DroidGuard.xss(DroidGuard.java:542)

08-12 19:07:21.654  6011  6574 I LSPosed-Bridge: 	at java.lang.reflect.Method.invoke(Native Method)

08-12 19:07:21.654  6011  6574 I LSPosed-Bridge: 	at asd.j(:com.google.android.gms.policy_ads_fdr_dynamite@232400001@232400000057.538171701.538171701:40)

08-12 19:07:21.654  6011  6574 I LSPosed-Bridge: 	at asd.d(:com.google.android.gms.policy_ads_fdr_dynamite@232400001@232400000057.538171701.538171701:56)

08-12 19:07:21.654  6011  6574 I LSPosed-Bridge: 	at aef.e(:com.google.android.gms.policy_ads_fdr_dynamite@232400001@232400000057.538171701.538171701:38)

08-12 19:07:21.654  6011  6574 I LSPosed-Bridge: 	at com.google.android.gms.ads.internal.i.e(:com.google.android.gms.policy_ads_fdr_dynamite@232400001@232400000057.538171701.538171701:41)

08-12 19:07:21.654  6011  6574 I LSPosed-Bridge: 	at com.google.android.gms.ads.internal.webview.aj.getClickSignals(:com.google.android.gms.policy_ads_fdr_dynamite@232400001@232400000057.538171701.538171701:46)

08-12 19:07:21.654  6011  6574 I LSPosed-Bridge: 	at android.os.MessageQueue.nativePollOnce(Native Method)

08-12 19:07:21.654  6011  6574 I LSPosed-Bridge: 	at android.os.MessageQueue.next(MessageQueue.java:326)

08-12 19:07:21.654  6011  6574 I LSPosed-Bridge: 	at android.os.Looper.loop(Looper.java:160)

08-12 19:07:21.654  6011  6574 I LSPosed-Bridge: 	at android.os.HandlerThread.run(HandlerThread.java:65)

08-12 19:07:21.654  6011  6574 I LSPosed-Bridge: 6011 PermLabel getRunningAppProcesses =android.app.ActivityManager$RunningAppProcessInfo@71fca0a

08-12 19:07:21.654  6011  6574 I LSPosed-Bridge: 6011 PermLabel getRunningAppProcesses processName: com.file.miner.recovery.maall pid: 6011

08-12 19:07:21.654  6011  6574 I LSPosed-Bridge: 6011 PermLabel getRunningAppProcesses importance: 100 pid: 6011

08-12 19:07:21.654  6011  6574 I LSPosed-Bridge: 6011 PermLabel getRunningAppProcesses packageName com.file.miner.recovery.maall at index 0 in process 6011

08-12 19:07:21.654  6011  6574 I LSPosed-Bridge: 6011 PermLabel getRunningAppProcesses =android.app.ActivityManager$RunningAppProcessInfo@5d4427b

08-12 19:07:21.654  6011  6574 I LSPosed-Bridge: 6011 PermLabel getRunningAppProcesses processName: com.file.miner.recovery.maall:help_main pid: 6166

08-12 19:07:21.654  6011  6574 I LSPosed-Bridge: 6011 PermLabel getRunningAppProcesses importance: 125 pid: 6166

08-12 19:07:21.654  6011  6574 I LSPosed-Bridge: 6011 PermLabel getRunningAppProcesses packageName com.file.miner.recovery.maall at index 0 in process 6166

08-12 19:07:21.654  6011  6574 I LSPosed-Bridge: 6011 PermLabel getRunningAppProcesses =android.app.ActivityManager$RunningAppProcessInfo@dc3f898

08-12 19:07:21.654  6011  6574 I LSPosed-Bridge: 6011 PermLabel getRunningAppProcesses processName: com.file.miner.recovery.maall:help_core pid: 6192

08-12 19:07:21.654  6011  6574 I LSPosed-Bridge: 6011 PermLabel getRunningAppProcesses importance: 125 pid: 6192

08-12 19:07:21.654  6011  6574 I LSPosed-Bridge: 6011 PermLabel getRunningAppProcesses packageName com.file.miner.recovery.maall at index 0 in process 6192

08-12 19:07:23.053  6011 17006 I LSPosed-Bridge: 6011 PermLabel hookBinder_test 10119 interfaceBinder =com.android.internal.telephony.ISub; arg0 = 22; arg1 = android.os.Parcel@539d92d; arg2 = android.os.Parcel@f9b5e62; arg3 = 0; res = true; stacktrace=java.lang.Exception

08-12 19:07:23.053  6011 17006 I LSPosed-Bridge: 	at com.example.permlabel.hookBinder_test$1.afterHookedMethod(hookBinder_test.java:52)

08-12 19:07:23.053  6011 17006 I LSPosed-Bridge: 	at de.robv.android.xposed.XposedBridge$AdditionalHookInfo.callback(Unknown Source:147)

08-12 19:07:23.053  6011 17006 I LSPosed-Bridge: 	at LSPHooker_.transact(Unknown Source:28)

08-12 19:07:23.053  6011 17006 I LSPosed-Bridge: 	at com.android.internal.telephony.ISub$Stub$Proxy.getPhoneId(ISub.java:882)

08-12 19:07:23.053  6011 17006 I LSPosed-Bridge: 	at android.telephony.SubscriptionManager.getPhoneId(SubscriptionManager.java:1224)

08-12 19:07:23.053  6011 17006 I LSPosed-Bridge: 	at android.telephony.TelephonyManager.getCurrentPhoneType(TelephonyManager.java:1540)

08-12 19:07:23.053  6011 17006 I LSPosed-Bridge: 	at android.telephony.TelephonyManager.getCurrentPhoneType(TelephonyManager.java:1519)

08-12 19:07:23.053  6011 17006 I LSPosed-Bridge: 	at android.telephony.TelephonyManager.getPhoneType(TelephonyManager.java:1584)

08-12 19:07:23.053  6011 17006 I LSPosed-Bridge: 	at com.google.android.gms.ads.nonagon.signals.fx.call(:com.google.android.gms.policy_ads_fdr_dynamite@232400001@232400000057.538171701.538171701:17)

08-12 19:07:23.053  6011 17006 I LSPosed-Bridge: 	at btb.a(:com.google.android.gms.policy_ads_fdr_dynamite@232400001@232400000057.538171701.538171701:3)

08-12 19:07:23.053  6011 17006 I LSPosed-Bridge: 	at bsj.run(:com.google.android.gms.policy_ads_fdr_dynamite@232400001@232400000057.538171701.538171701:21)

08-12 19:07:23.053  6011 17006 I LSPosed-Bridge: 	at btc.run(:com.google.android.gms.policy_ads_fdr_dynamite@232400001@232400000057.538171701.538171701:5)

08-12 19:07:23.053  6011 17006 I LSPosed-Bridge: 	at java.util.concurrent.ThreadPoolExecutor.runWorker(ThreadPoolExecutor.java:1167)

08-12 19:07:23.053  6011 17006 I LSPosed-Bridge: 	at java.util.concurrent.ThreadPoolExecutor$Worker.run(ThreadPoolExecutor.java:641)

08-12 19:07:23.053  6011 17006 I LSPosed-Bridge: 	at java.lang.Thread.run(Thread.java:764)

08-12 19:07:23.053  1554  5094 I LSPosed-Bridge: 6011 PermLabel 10119 AMS.checkPermission: Binder.getCallingPid() = 6011; uid = 10119; Binder.getCallingUid() = 10119; getNameForUid: com.file.miner.recovery.maall; getPackagesForUid: [com.file.miner.recovery.maall]; permName: android.permission.GET_TASKS; type = 0; res = -1; stacktrace=java.lang.Exception

08-12 19:07:23.053  1554  5094 I LSPosed-Bridge: 	at com.example.permlabel.requirePerm$1$2.afterHookedMethod(requirePerm.java:121)

08-12 19:07:23.053  1554  5094 I LSPosed-Bridge: 	at de.robv.android.xposed.XposedBridge$AdditionalHookInfo.callback(Unknown Source:147)

08-12 19:07:23.053  1554  5094 I LSPosed-Bridge: 	at LSPHooker_.checkPermission(Unknown Source:25)

08-12 19:07:23.053  1554  5094 I LSPosed-Bridge: 	at com.android.server.am.ActivityManagerService.isGetTasksAllowed(ActivityManagerService.java:10902)

08-12 19:07:23.053  1554  5094 I LSPosed-Bridge: 	at com.android.server.am.ActivityManagerService.getRunningAppProcesses(ActivityManagerService.java:16139)

08-12 19:07:23.053  1554  5094 I LSPosed-Bridge: 	at android.app.IActivityManager$Stub.onTransact(IActivityManager.java:1088)

08-12 19:07:23.053  1554  5094 I LSPosed-Bridge: 	at com.android.server.am.ActivityManagerService.onTransact(ActivityManagerService.java:3346)

08-12 19:07:23.053  1554  5094 I LSPosed-Bridge: 	at android.os.Binder.execTransact(Binder.java:731)

08-12 19:07:23.053  6011  6011 I LSPosed-Bridge: 6011 PermLabel 10119 ContextImpl.checkPermission: pid = 6011; uid = 10119; permName: com.google.android.gms.permission.AD_ID; type = 0; res = 0; stacktrace=java.lang.Exception

08-12 19:07:23.053  6011  6011 I LSPosed-Bridge: 	at com.example.permlabel.requestPerm$2.afterHookedMethod(requestPerm.java:207)

08-12 19:07:23.053  6011  6011 I LSPosed-Bridge: 	at de.robv.android.xposed.XposedBridge$AdditionalHookInfo.callback(Unknown Source:147)

08-12 19:07:23.053  6011  6011 I LSPosed-Bridge: 	at LSPHooker_.checkPermission(Unknown Source:25)

08-12 19:07:23.053  6011  6011 I LSPosed-Bridge: 	at android.content.ContextWrapper.checkPermission(ContextWrapper.java:738)

08-12 19:07:23.053  6011  6011 I LSPosed-Bridge: 	at com.google.android.gms.ads.nonagon.signals.a.b(:com.google.android.gms.policy_ads_fdr_dynamite@232400001@232400000057.538171701.538171701:62)

08-12 19:07:23.053  6011  6011 I LSPosed-Bridge: 	at com.google.android.gms.ads.nonagon.signals.fq.a(:com.google.android.gms.policy_ads_fdr_dynamite@232400001@232400000057.538171701.538171701:108)

08-12 19:07:23.053  6011  6011 I LSPosed-Bridge: 	at com.google.android.gms.ads.nonagon.ad.common.ci.a(:com.google.android.gms.policy_ads_fdr_dynamite@232400001@232400000057.538171701.538171701:12)

08-12 19:07:23.053  6011  6011 I LSPosed-Bridge: 	at com.google.android.gms.ads.nonagon.ad.common.ci.b(:com.google.android.gms.policy_ads_fdr_dynamite@232400001@232400000057.538171701.538171701:1)

08-12 19:07:23.053  6011  6011 I LSPosed-Bridge: 	at com.google.android.gms.ads.nonagon.ad.common.ai.d(:com.google.android.gms.policy_ads_fdr_dynamite@232400001@232400000057.538171701.538171701:16)

08-12 19:07:23.053  6011  6011 I LSPosed-Bridge: 	at com.google.android.gms.ads.nonagon.ad.common.ai.b(:com.google.android.gms.policy_ads_fdr_dynamite@232400001@232400000057.538171701.538171701:1)

08-12 19:07:23.053  6011  6011 I LSPosed-Bridge: 	at com.google.android.gms.ads.nonagon.shim.ai.L(:com.google.android.gms.policy_ads_fdr_dynamite@232400001@232400000057.538171701.538171701:450)

08-12 19:07:23.053  6011  6011 I LSPosed-Bridge: 	at com.google.android.gms.ads.nonagon.shim.ai.n(:com.google.android.gms.policy_ads_fdr_dynamite@232400001@232400000057.538171701.538171701:8)

08-12 19:07:23.053  6011  6011 I LSPosed-Bridge: 	at com.google.android.gms.ads.nonagon.shim.ab.n(:com.google.android.gms.policy_ads_fdr_dynamite@232400001@232400000057.538171701.538171701:3)

08-12 19:07:23.053  6011  6011 I LSPosed-Bridge: 	at com.google.android.gms.ads.internal.client.bf.bN(:com.google.android.gms.policy_ads_fdr_dynamite@232400001@232400000057.538171701.538171701:118)

08-12 19:07:23.053  6011  6011 I LSPosed-Bridge: 	at agd.onTransact(:com.google.android.gms.policy_ads_fdr_dynamite@232400001@232400000057.538171701.538171701:21)

08-12 19:07:23.053  6011  6011 I LSPosed-Bridge: 	at android.os.Binder.transact(Binder.java:667)

08-12 19:07:23.053  6011  6011 I LSPosed-Bridge: 	at r4.rd.q0(com.google.android.gms:play-services-ads-base@@21.4.0:2)

08-12 19:07:23.053  6011  6011 I LSPosed-Bridge: 	at n3.j0.c1(com.google.android.gms:play-services-ads-lite@@21.4.0:4)

08-12 19:07:23.053  6011  6011 I LSPosed-Bridge: 	at r4.tz.g(com.google.android.gms:play-services-ads-lite@@21.4.0:2)

08-12 19:07:23.053  6011  6011 I LSPosed-Bridge: 	at q3.a.b(com.google.android.gms:play-services-ads-lite@@21.4.0:13)

08-12 19:07:23.053  6011  6011 I LSPosed-Bridge: 	at z0.e.h(AdmobLoader.kt:9)

08-12 19:07:23.053  6011  6011 I LSPosed-Bridge: 	at v0.a$a.invokeSuspend(AdConHelper.kt:25)

08-12 19:07:23.053  6011  6011 I LSPosed-Bridge: 	at m9.a.resumeWith(ContinuationImpl.kt:3)

08-12 19:07:23.053  6011  6011 I LSPosed-Bridge: 	at ba.i0.run(DispatchedTask.kt:18)

08-12 19:07:23.053  6011  6011 I LSPosed-Bridge: 	at android.os.Handler.handleCallback(Handler.java:873)

08-12 19:07:23.053  6011  6011 I LSPosed-Bridge: 	at android.os.Handler.dispatchMessage(Handler.java:99)

08-12 19:07:23.053  6011  6011 I LSPosed-Bridge: 	at android.os.Looper.loop(Looper.java:193)

08-12 19:07:23.053  6011  6011 I LSPosed-Bridge: 	at android.app.ActivityThread.main(ActivityThread.java:6692)

08-12 19:07:23.053  6011  6011 I LSPosed-Bridge: 	at java.lang.reflect.Method.invoke(Native Method)

08-12 19:07:23.053  6011  6011 I LSPosed-Bridge: 	at com.android.internal.os.RuntimeInit$MethodAndArgsCaller.run(RuntimeInit.java:493)

08-12 19:07:23.053  6011  6011 I LSPosed-Bridge: 	at com.android.internal.os.ZygoteInit.main(ZygoteInit.java:858)

08-12 19:07:26.225  6011 16566 I LSPosed-Bridge: 6011 PermLabel hookBinder_test 10119 interfaceBinder =; arg0 = 1; arg1 = android.os.Parcel@9ad0f47; arg2 = android.os.Parcel@ff6109d; arg3 = 0; res = true; stacktrace=java.lang.Exception

08-12 19:07:26.225  6011 16566 I LSPosed-Bridge: 	at com.example.permlabel.hookBinder_test$1.afterHookedMethod(hookBinder_test.java:52)

08-12 19:07:26.225  6011 16566 I LSPosed-Bridge: 	at de.robv.android.xposed.XposedBridge$AdditionalHookInfo.callback(Unknown Source:147)

08-12 19:07:26.225  6011 16566 I LSPosed-Bridge: 	at LSPHooker_.transact(Unknown Source:28)

08-12 19:07:26.225  6011 16566 I LSPosed-Bridge: 	at android.os.ServiceManagerProxy.getService(ServiceManagerNative.java:125)

08-12 19:07:26.225  6011 16566 I LSPosed-Bridge: 	at android.os.ServiceManager.rawGetService(ServiceManager.java:253)

08-12 19:07:26.225  6011 16566 I LSPosed-Bridge: 	at android.os.ServiceManager.getService(ServiceManager.java:124)

08-12 19:07:26.225  6011 16566 I LSPosed-Bridge: 	at android.telephony.SubscriptionManager.getDefaultSubscriptionId(SubscriptionManager.java:1252)

08-12 19:07:26.225  6011 16566 I LSPosed-Bridge: 	at android.telephony.TelephonyManager.getSubId(TelephonyManager.java:4890)

08-12 19:07:26.225  6011 16566 I LSPosed-Bridge: 	at android.telephony.TelephonyManager.getPhoneId(TelephonyManager.java:4918)

08-12 19:07:26.225  6011 16566 I LSPosed-Bridge: 	at android.telephony.TelephonyManager.getNetworkOperator(TelephonyManager.java:1785)

08-12 19:07:26.225  6011 16566 I LSPosed-Bridge: 	at c5.i0.c(com.google.android.gms:play-services-measurement-impl@@21.2.0:2)

08-12 19:07:26.225  6011 16566 I LSPosed-Bridge: 	at t0.i.c(LogToAdm.kt:14)

08-12 19:07:26.225  6011 16566 I LSPosed-Bridge: 	at t0.d$a.invokeSuspend(LogManager.kt:12)

08-12 19:07:26.225  6011 16566 I LSPosed-Bridge: 	at m9.a.resumeWith(ContinuationImpl.kt:3)

08-12 19:07:26.225  6011 16566 I LSPosed-Bridge: 	at ba.i0.run(DispatchedTask.kt:18)

08-12 19:07:26.225  6011 16566 I LSPosed-Bridge: 	at ga.e.run(LimitedDispatcher.kt:2)

08-12 19:07:26.225  6011 16566 I LSPosed-Bridge: 	at ha.k.run(Tasks.kt:1)

08-12 19:07:26.225  6011 16566 I LSPosed-Bridge: 	at ha.a.y(CoroutineScheduler.kt:1)

08-12 19:07:26.225  6011 16566 I LSPosed-Bridge: 	at ha.a$a.run(CoroutineScheduler.kt:10)

08-12 19:07:26.225  1554  5094 I LSPosed-Bridge: 6011 PermLabel 10119 AMS.checkPermission: Binder.getCallingPid() = 6011; uid = 10119; Binder.getCallingUid() = 10119; getNameForUid: com.file.miner.recovery.maall; getPackagesForUid: [com.file.miner.recovery.maall]; permName: android.permission.GET_TASKS; type = 0; res = -1; stacktrace=java.lang.Exception

08-12 19:07:26.225  1554  5094 I LSPosed-Bridge: 	at com.example.permlabel.requirePerm$1$2.afterHookedMethod(requirePerm.java:121)

08-12 19:07:26.225  1554  5094 I LSPosed-Bridge: 	at de.robv.android.xposed.XposedBridge$AdditionalHookInfo.callback(Unknown Source:147)

08-12 19:07:26.225  1554  5094 I LSPosed-Bridge: 	at LSPHooker_.checkPermission(Unknown Source:25)

08-12 19:07:26.225  1554  5094 I LSPosed-Bridge: 	at com.android.server.am.ActivityManagerService.isGetTasksAllowed(ActivityManagerService.java:10902)

08-12 19:07:26.225  1554  5094 I LSPosed-Bridge: 	at com.android.server.am.ActivityManagerService.getRunningAppProcesses(ActivityManagerService.java:16139)

08-12 19:07:26.225  1554  5094 I LSPosed-Bridge: 	at android.app.IActivityManager$Stub.onTransact(IActivityManager.java:1088)

08-12 19:07:26.225  1554  5094 I LSPosed-Bridge: 	at com.android.server.am.ActivityManagerService.onTransact(ActivityManagerService.java:3346)

08-12 19:07:26.225  1554  5094 I LSPosed-Bridge: 	at android.os.Binder.execTransact(Binder.java:731)

08-12 19:07:26.482  6011  6121 I LSPosed-Bridge: 6011 PermLabel hookBinder_test 10119 interfaceBinder =android.content.pm.IPackageManager; arg0 = 13; arg1 = android.os.Parcel@9ab96cb; arg2 = android.os.Parcel@23a5528; arg3 = 0; res = true; stacktrace=java.lang.Exception

08-12 19:07:26.482  6011  6121 I LSPosed-Bridge: 	at com.example.permlabel.hookBinder_test$1.afterHookedMethod(hookBinder_test.java:52)

08-12 19:07:26.482  6011  6121 I LSPosed-Bridge: 	at de.robv.android.xposed.XposedBridge$AdditionalHookInfo.callback(Unknown Source:147)

08-12 19:07:26.482  6011  6121 I LSPosed-Bridge: 	at LSPHooker_.transact(Unknown Source:28)

08-12 19:07:26.482  6011  6121 I LSPosed-Bridge: 	at android.content.pm.IPackageManager$Stub$Proxy.getApplicationInfo(IPackageManager.java:3104)

08-12 19:07:26.482  6011  6121 I LSPosed-Bridge: 	at android.app.ApplicationPackageManager.getApplicationInfoAsUser(ApplicationPackageManager.java:384)

08-12 19:07:26.482  6011  6121 I LSPosed-Bridge: 	at android.app.ApplicationPackageManager.getApplicationInfo(ApplicationPackageManager.java:377)

08-12 19:07:26.482  6011  6121 I LSPosed-Bridge: 	at m.cr.a(:com.google.android.gms.dynamite_measurementdynamite@233013028@23.30.13 (100400-0):7)

08-12 19:07:26.482  6011  6121 I LSPosed-Bridge: 	at m.ek.c(:com.google.android.gms.dynamite_measurementdynamite@233013028@23.30.13 (100400-0):42)

08-12 19:07:26.482  6011  6121 I LSPosed-Bridge: 	at m.ek.d(:com.google.android.gms.dynamite_measurementdynamite@233013028@23.30.13 (100400-0):4)

08-12 19:07:26.482  6011  6121 I LSPosed-Bridge: 	at m.lx.f(:com.google.android.gms.dynamite_measurementdynamite@233013028@23.30.13 (100400-0):74)

08-12 19:07:26.482  6011  6121 I LSPosed-Bridge: 	at m.kk.U(:com.google.android.gms.dynamite_measurementdynamite@233013028@23.30.13 (100400-0):166)

08-12 19:07:26.482  6011  6121 I LSPosed-Bridge: 	at m.jr.run(:com.google.android.gms.dynamite_measurementdynamite@233013028@23.30.13 (100400-0):17)

08-12 19:07:26.482  6011  6121 I LSPosed-Bridge: 	at java.util.concurrent.Executors$RunnableAdapter.call(Executors.java:458)

08-12 19:07:26.482  6011  6121 I LSPosed-Bridge: 	at java.util.concurrent.FutureTask.run(FutureTask.java:266)

08-12 19:07:26.482  6011  6121 I LSPosed-Bridge: 	at m.it.run(:com.google.android.gms.dynamite_measurementdynamite@233013028@23.30.13 (100400-0):48)

08-12 19:07:26.482  1554  1847 I LSPosed-Bridge: 6011 PermLabel 10119 AMS.checkPermission: Binder.getCallingPid() = 6011; uid = 10119; Binder.getCallingUid() = 10119; getNameForUid: com.file.miner.recovery.maall; getPackagesForUid: [com.file.miner.recovery.maall]; permName: android.permission.GET_TASKS; type = 0; res = -1; stacktrace=java.lang.Exception

08-12 19:07:26.482  1554  1847 I LSPosed-Bridge: 	at com.example.permlabel.requirePerm$1$2.afterHookedMethod(requirePerm.java:121)

08-12 19:07:26.482  1554  1847 I LSPosed-Bridge: 	at de.robv.android.xposed.XposedBridge$AdditionalHookInfo.callback(Unknown Source:147)

08-12 19:07:26.482  1554  1847 I LSPosed-Bridge: 	at LSPHooker_.checkPermission(Unknown Source:25)

08-12 19:07:26.482  1554  1847 I LSPosed-Bridge: 	at com.android.server.am.ActivityManagerService.isGetTasksAllowed(ActivityManagerService.java:10902)

08-12 19:07:26.482  1554  1847 I LSPosed-Bridge: 	at com.android.server.am.ActivityManagerService.getRunningAppProcesses(ActivityManagerService.java:16139)

08-12 19:07:26.482  1554  1847 I LSPosed-Bridge: 	at android.app.IActivityManager$Stub.onTransact(IActivityManager.java:1088)

08-12 19:07:26.482  1554  1847 I LSPosed-Bridge: 	at com.android.server.am.ActivityManagerService.onTransact(ActivityManagerService.java:3346)

08-12 19:07:26.482  1554  1847 I LSPosed-Bridge: 	at android.os.Binder.execTransact(Binder.java:731)

08-12 19:07:34.116  1554  5152 I LSPosed-Bridge: 6011 PermLabel 10119 AMS.checkPermission: Binder.getCallingPid() = 6011; uid = 10119; Binder.getCallingUid() = 10119; getNameForUid: com.file.miner.recovery.maall; getPackagesForUid: [com.file.miner.recovery.maall]; permName: android.permission.GET_TASKS; type = 0; res = -1; stacktrace=java.lang.Exception

08-12 19:07:34.116  1554  5152 I LSPosed-Bridge: 	at com.example.permlabel.requirePerm$1$2.afterHookedMethod(requirePerm.java:121)

08-12 19:07:34.116  1554  5152 I LSPosed-Bridge: 	at de.robv.android.xposed.XposedBridge$AdditionalHookInfo.callback(Unknown Source:147)

08-12 19:07:34.116  1554  5152 I LSPosed-Bridge: 	at LSPHooker_.checkPermission(Unknown Source:25)

08-12 19:07:34.116  1554  5152 I LSPosed-Bridge: 	at com.android.server.am.ActivityManagerService.isGetTasksAllowed(ActivityManagerService.java:10902)

08-12 19:07:34.116  1554  5152 I LSPosed-Bridge: 	at com.android.server.am.ActivityManagerService.getRunningAppProcesses(ActivityManagerService.java:16139)

08-12 19:07:34.116  1554  5152 I LSPosed-Bridge: 	at android.app.IActivityManager$Stub.onTransact(IActivityManager.java:1088)

08-12 19:07:34.116  1554  5152 I LSPosed-Bridge: 	at com.android.server.am.ActivityManagerService.onTransact(ActivityManagerService.java:3346)

08-12 19:07:34.116  1554  5152 I LSPosed-Bridge: 	at android.os.Binder.execTransact(Binder.java:731)

08-12 19:07:35.413  6011 15935 I LSPosed-Bridge: 6011 PermLabel hookBinder_test 10119 interfaceBinder =android.media.IAudioService; arg0 = 19; arg1 = android.os.Parcel@d17ee48; arg2 = android.os.Parcel@1ec3e60; arg3 = 0; res = true; stacktrace=java.lang.Exception

08-12 19:07:35.413  6011 15935 I LSPosed-Bridge: 	at com.example.permlabel.hookBinder_test$1.afterHookedMethod(hookBinder_test.java:52)

08-12 19:07:35.413  6011 15935 I LSPosed-Bridge: 	at de.robv.android.xposed.XposedBridge$AdditionalHookInfo.callback(Unknown Source:147)

08-12 19:07:35.413  6011 15935 I LSPosed-Bridge: 	at LSPHooker_.transact(Unknown Source:28)

08-12 19:07:35.413  6011 15935 I LSPosed-Bridge: 	at android.media.IAudioService$Stub$Proxy.getRingerModeExternal(IAudioService.java:1331)

08-12 19:07:35.413  6011 15935 I LSPosed-Bridge: 	at android.media.AudioManager.getRingerMode(AudioManager.java:896)

08-12 19:07:35.413  6011 15935 I LSPosed-Bridge: 	at com.google.android.gms.ads.nonagon.signals.bc.call(:com.google.android.gms.policy_ads_fdr_dynamite@232400001@232400000057.538171701.538171701:61)

08-12 19:07:35.413  6011 15935 I LSPosed-Bridge: 	at btb.a(:com.google.android.gms.policy_ads_fdr_dynamite@232400001@232400000057.538171701.538171701:3)

08-12 19:07:35.413  6011 15935 I LSPosed-Bridge: 	at bsj.run(:com.google.android.gms.policy_ads_fdr_dynamite@232400001@232400000057.538171701.538171701:21)

08-12 19:07:35.413  6011 15935 I LSPosed-Bridge: 	at btc.run(:com.google.android.gms.policy_ads_fdr_dynamite@232400001@232400000057.538171701.538171701:5)

08-12 19:07:35.413  6011 15935 I LSPosed-Bridge: 	at java.util.concurrent.ThreadPoolExecutor.runWorker(ThreadPoolExecutor.java:1167)

08-12 19:07:35.413  6011 15935 I LSPosed-Bridge: 	at java.util.concurrent.ThreadPoolExecutor$Worker.run(ThreadPoolExecutor.java:641)

08-12 19:07:35.413  6011 15935 I LSPosed-Bridge: 	at java.lang.Thread.run(Thread.java:764)

08-12 19:07:35.413  6011  6011 I LSPosed-Bridge: 6011 PermLabel hookBinder_test 10119 interfaceBinder =android.content.pm.IPackageManager; arg0 = 14; arg1 = android.os.Parcel@9e1a6f4; arg2 = android.os.Parcel@802ffcd; arg3 = 0; res = true; stacktrace=java.lang.Exception

08-12 19:07:35.413  6011  6011 I LSPosed-Bridge: 	at com.example.permlabel.hookBinder_test$1.afterHookedMethod(hookBinder_test.java:52)

08-12 19:07:35.413  6011  6011 I LSPosed-Bridge: 	at de.robv.android.xposed.XposedBridge$AdditionalHookInfo.callback(Unknown Source:147)

08-12 19:07:35.413  6011  6011 I LSPosed-Bridge: 	at LSPHooker_.transact(Unknown Source:28)

08-12 19:07:35.413  6011  6011 I LSPosed-Bridge: 	at android.content.pm.IPackageManager$Stub$Proxy.getActivityInfo(IPackageManager.java:3135)

08-12 19:07:35.413  6011  6011 I LSPosed-Bridge: 	at android.app.ApplicationPackageManager.getActivityInfo(ApplicationPackageManager.java:427)

08-12 19:07:35.413  6011  6011 I LSPosed-Bridge: 	at com.google.android.gms.ads.nonagon.util.appstats.c.b(:com.google.android.gms.policy_ads_fdr_dynamite@232400001@232400000057.538171701.538171701:159)

08-12 19:07:35.413  6011  6011 I LSPosed-Bridge: 	at com.google.android.gms.ads.nonagon.signals.aw.b(:com.google.android.gms.policy_ads_fdr_dynamite@232400001@232400000057.538171701.538171701:56)

08-12 19:07:35.413  6011  6011 I LSPosed-Bridge: 	at com.google.android.gms.ads.nonagon.signals.fq.a(:com.google.android.gms.policy_ads_fdr_dynamite@232400001@232400000057.538171701.538171701:108)

08-12 19:07:35.413  6011  6011 I LSPosed-Bridge: 	at com.google.android.gms.ads.nonagon.ad.common.ci.a(:com.google.android.gms.policy_ads_fdr_dynamite@232400001@232400000057.538171701.538171701:12)

08-12 19:07:35.413  6011  6011 I LSPosed-Bridge: 	at com.google.android.gms.ads.nonagon.ad.common.ci.b(:com.google.android.gms.policy_ads_fdr_dynamite@232400001@232400000057.538171701.538171701:1)

08-12 19:07:35.413  6011  6011 I LSPosed-Bridge: 	at com.google.android.gms.ads.nonagon.ad.common.ai.d(:com.google.android.gms.policy_ads_fdr_dynamite@232400001@232400000057.538171701.538171701:16)

08-12 19:07:35.413  6011  6011 I LSPosed-Bridge: 	at com.google.android.gms.ads.nonagon.ad.common.ai.b(:com.google.android.gms.policy_ads_fdr_dynamite@232400001@232400000057.538171701.538171701:1)

08-12 19:07:35.413  6011  6011 I LSPosed-Bridge: 	at com.google.android.gms.ads.nonagon.shim.ai.L(:com.google.android.gms.policy_ads_fdr_dynamite@232400001@232400000057.538171701.538171701:450)

08-12 19:07:35.413  6011  6011 I LSPosed-Bridge: 	at com.google.android.gms.ads.nonagon.shim.ai.n(:com.google.android.gms.policy_ads_fdr_dynamite@232400001@232400000057.538171701.538171701:8)

08-12 19:07:35.413  6011  6011 I LSPosed-Bridge: 	at com.google.android.gms.ads.nonagon.shim.ab.n(:com.google.android.gms.policy_ads_fdr_dynamite@232400001@232400000057.538171701.538171701:3)

08-12 19:07:35.413  6011  6011 I LSPosed-Bridge: 	at com.google.android.gms.ads.internal.client.bf.bN(:com.google.android.gms.policy_ads_fdr_dynamite@232400001@232400000057.538171701.538171701:118)

08-12 19:07:35.413  6011  6011 I LSPosed-Bridge: 	at agd.onTransact(:com.google.android.gms.policy_ads_fdr_dynamite@232400001@232400000057.538171701.538171701:21)

08-12 19:07:35.413  6011  6011 I LSPosed-Bridge: 	at android.os.Binder.transact(Binder.java:667)

08-12 19:07:35.413  6011  6011 I LSPosed-Bridge: 	at r4.rd.q0(com.google.android.gms:play-services-ads-base@@21.4.0:2)

08-12 19:07:35.413  6011  6011 I LSPosed-Bridge: 	at n3.j0.c1(com.google.android.gms:play-services-ads-lite@@21.4.0:4)

08-12 19:07:35.413  6011  6011 I LSPosed-Bridge: 	at r4.tz.g(com.google.android.gms:play-services-ads-lite@@21.4.0:2)

08-12 19:07:35.413  6011  6011 I LSPosed-Bridge: 	at q3.a.b(com.google.android.gms:play-services-ads-lite@@21.4.0:13)

08-12 19:07:35.413  6011  6011 I LSPosed-Bridge: 	at z0.e.h(AdmobLoader.kt:9)

08-12 19:07:35.413  6011  6011 I LSPosed-Bridge: 	at v0.a$a.invokeSuspend(AdConHelper.kt:25)

08-12 19:07:35.413  6011  6011 I LSPosed-Bridge: 	at m9.a.resumeWith(ContinuationImpl.kt:3)

08-12 19:07:35.413  6011  6011 I LSPosed-Bridge: 	at ba.i0.run(DispatchedTask.kt:18)

08-12 19:07:35.413  6011  6011 I LSPosed-Bridge: 	at android.os.Handler.handleCallback(Handler.java:873)

08-12 19:07:35.413  6011  6011 I LSPosed-Bridge: 	at android.os.Handler.dispatchMessage(Handler.java:99)

08-12 19:07:35.413  6011  6011 I LSPosed-Bridge: 	at android.os.Looper.loop(Looper.java:193)

08-12 19:07:35.413  6011  6011 I LSPosed-Bridge: 	at android.app.ActivityThread.main(ActivityThread.java:6692)

08-12 19:07:35.413  6011  6011 I LSPosed-Bridge: 	at java.lang.reflect.Method.invoke(Native Method)

08-12 19:07:35.413  6011  6011 I LSPosed-Bridge: 	at com.android.internal.os.RuntimeInit$MethodAndArgsCaller.run(RuntimeInit.java:493)

08-12 19:07:35.413  6011  6011 I LSPosed-Bridge: 	at com.android.internal.os.ZygoteInit.main(ZygoteInit.java:858)

08-12 19:07:35.413  1554  5152 I LSPosed-Bridge: 6011 PermLabel 10119 AMS.checkPermission: Binder.getCallingPid() = 6011; uid = 10119; Binder.getCallingUid() = 10119; getNameForUid: com.file.miner.recovery.maall; getPackagesForUid: [com.file.miner.recovery.maall]; permName: android.permission.GET_TASKS; type = 0; res = -1; stacktrace=java.lang.Exception

08-12 19:07:35.413  1554  5152 I LSPosed-Bridge: 	at com.example.permlabel.requirePerm$1$2.afterHookedMethod(requirePerm.java:121)

08-12 19:07:35.413  1554  5152 I LSPosed-Bridge: 	at de.robv.android.xposed.XposedBridge$AdditionalHookInfo.callback(Unknown Source:147)

08-12 19:07:35.413  1554  5152 I LSPosed-Bridge: 	at LSPHooker_.checkPermission(Unknown Source:25)

08-12 19:07:35.413  1554  5152 I LSPosed-Bridge: 	at com.android.server.am.ActivityManagerService.isGetTasksAllowed(ActivityManagerService.java:10902)

08-12 19:07:35.413  1554  5152 I LSPosed-Bridge: 	at com.android.server.am.ActivityManagerService.getRunningAppProcesses(ActivityManagerService.java:16139)

08-12 19:07:35.413  1554  5152 I LSPosed-Bridge: 	at android.app.IActivityManager$Stub.onTransact(IActivityManager.java:1088)

08-12 19:07:35.413  1554  5152 I LSPosed-Bridge: 	at com.android.server.am.ActivityManagerService.onTransact(ActivityManagerService.java:3346)

08-12 19:07:35.413  1554  5152 I LSPosed-Bridge: 	at android.os.Binder.execTransact(Binder.java:731)

08-12 19:07:38.106  1554  5146 I LSPosed-Bridge: 6011 PermLabel 10119 AMS.checkPermission: Binder.getCallingPid() = 6011; uid = 10119; Binder.getCallingUid() = 10119; getNameForUid: com.file.miner.recovery.maall; getPackagesForUid: [com.file.miner.recovery.maall]; permName: android.permission.GET_TASKS; type = 0; res = -1; stacktrace=java.lang.Exception

08-12 19:07:38.106  1554  5146 I LSPosed-Bridge: 	at com.example.permlabel.requirePerm$1$2.afterHookedMethod(requirePerm.java:121)

08-12 19:07:38.106  1554  5146 I LSPosed-Bridge: 	at de.robv.android.xposed.XposedBridge$AdditionalHookInfo.callback(Unknown Source:147)

08-12 19:07:38.106  1554  5146 I LSPosed-Bridge: 	at LSPHooker_.checkPermission(Unknown Source:25)

08-12 19:07:38.106  1554  5146 I LSPosed-Bridge: 	at com.android.server.am.ActivityManagerService.isGetTasksAllowed(ActivityManagerService.java:10902)

08-12 19:07:38.106  1554  5146 I LSPosed-Bridge: 	at com.android.server.am.ActivityManagerService.getRunningAppProcesses(ActivityManagerService.java:16139)

08-12 19:07:38.106  1554  5146 I LSPosed-Bridge: 	at android.app.IActivityManager$Stub.onTransact(IActivityManager.java:1088)

08-12 19:07:38.106  1554  5146 I LSPosed-Bridge: 	at com.android.server.am.ActivityManagerService.onTransact(ActivityManagerService.java:3346)

08-12 19:07:38.106  1554  5146 I LSPosed-Bridge: 	at android.os.Binder.execTransact(Binder.java:731)

08-12 19:07:38.301   554   554 I ConfigStore: android::hardware::configstore::V1_0::ISurfaceFlingerConfigs::hasHDRDisplay retrieved: 0

08-12 19:07:38.301  6011  6121 I LSPosed-Bridge: 6011 PermLabel hookBinder_test 10119 interfaceBinder =android.content.pm.IPackageManager; arg0 = 13; arg1 = android.os.Parcel@44999e1; arg2 = android.os.Parcel@6510c4f; arg3 = 0; res = true; stacktrace=java.lang.Exception

08-12 19:07:38.301  6011  6121 I LSPosed-Bridge: 	at com.example.permlabel.hookBinder_test$1.afterHookedMethod(hookBinder_test.java:52)

08-12 19:07:38.301  6011  6121 I LSPosed-Bridge: 	at de.robv.android.xposed.XposedBridge$AdditionalHookInfo.callback(Unknown Source:147)

08-12 19:07:38.301  6011  6121 I LSPosed-Bridge: 	at LSPHooker_.transact(Unknown Source:28)

08-12 19:07:38.301  6011  6121 I LSPosed-Bridge: 	at android.content.pm.IPackageManager$Stub$Proxy.getApplicationInfo(IPackageManager.java:3104)

08-12 19:07:38.301  6011  6121 I LSPosed-Bridge: 	at android.app.ApplicationPackageManager.getApplicationInfoAsUser(ApplicationPackageManager.java:384)

08-12 19:07:38.301  6011  6121 I LSPosed-Bridge: 	at android.app.ApplicationPackageManager.getApplicationInfo(ApplicationPackageManager.java:377)

08-12 19:07:38.301  6011  6121 I LSPosed-Bridge: 	at m.cr.a(:com.google.android.gms.dynamite_measurementdynamite@233013028@23.30.13 (100400-0):7)

08-12 19:07:38.301  6011  6121 I LSPosed-Bridge: 	at m.ek.c(:com.google.android.gms.dynamite_measurementdynamite@233013028@23.30.13 (100400-0):42)

08-12 19:07:38.301  6011  6121 I LSPosed-Bridge: 	at m.ek.d(:com.google.android.gms.dynamite_measurementdynamite@233013028@23.30.13 (100400-0):4)

08-12 19:07:38.301  6011  6121 I LSPosed-Bridge: 	at m.ek.h(:com.google.android.gms.dynamite_measurementdynamite@233013028@23.30.13 (100400-0):13)

08-12 19:07:38.301  6011  6121 I LSPosed-Bridge: 	at m.ix.a(:com.google.android.gms.dynamite_measurementdynamite@233013028@23.30.13 (100400-0):6)

08-12 19:07:38.301  6011  6121 I LSPosed-Bridge: 	at m.ix.u(:com.google.android.gms.dynamite_measurementdynamite@233013028@23.30.13 (100400-0):1)

08-12 19:07:38.301  6011  6121 I LSPosed-Bridge: 	at m.lx.f(:com.google.android.gms.dynamite_measurementdynamite@233013028@23.30.13 (100400-0):44)

08-12 19:07:38.301  6011  6121 I LSPosed-Bridge: 	at m.kk.U(:com.google.android.gms.dynamite_measurementdynamite@233013028@23.30.13 (100400-0):166)

08-12 19:07:38.301  6011  6121 I LSPosed-Bridge: 	at m.jr.run(:com.google.android.gms.dynamite_measurementdynamite@233013028@23.30.13 (100400-0):17)

08-12 19:07:38.301  6011  6121 I LSPosed-Bridge: 	at java.util.concurrent.Executors$RunnableAdapter.call(Executors.java:458)

08-12 19:07:38.301  6011  6121 I LSPosed-Bridge: 	at java.util.concurrent.FutureTask.run(FutureTask.java:266)

08-12 19:07:38.301  6011  6121 I LSPosed-Bridge: 	at m.it.run(:com.google.android.gms.dynamite_measurementdynamite@233013028@23.30.13 (100400-0):48)

