06-22 19:08:21.592  1567  5587 I LSPosed-Bridge: 5250 PermLabel 10120 AMS.checkPermission: Binder.getCallingPid() = 5250; uid = 10120; Binder.getCallingUid() = 10120; getNameForUid: com.zaft.filminn; getPackagesForUid: [com.zaft.filminn]; permName: android.permission.GET_TASKS; type = 0; res = -1; stacktrace=java.lang.Exception

06-22 19:08:21.592  1567  5587 I LSPosed-Bridge: 	at com.example.permlabel.requirePerm$1$2.afterHookedMethod(requirePerm.java:127)

06-22 19:08:21.592  1567  5587 I LSPosed-Bridge: 	at de.robv.android.xposed.XposedBridge$AdditionalHookInfo.callback(Unknown Source:147)

06-22 19:08:21.592  1567  5587 I LSPosed-Bridge: 	at LSPHooker_.checkPermission(Unknown Source:25)

06-22 19:08:21.592  1567  5587 I LSPosed-Bridge: 	at com.android.server.am.ActivityManagerService.isGetTasksAllowed(ActivityManagerService.java:10902)

06-22 19:08:21.592  1567  5587 I LSPosed-Bridge: 	at com.android.server.am.ActivityManagerService.getRunningAppProcesses(ActivityManagerService.java:16139)

06-22 19:08:21.592  1567  5587 I LSPosed-Bridge: 	at android.app.IActivityManager$Stub.onTransact(IActivityManager.java:1088)

06-22 19:08:21.592  1567  5587 I LSPosed-Bridge: 	at com.android.server.am.ActivityManagerService.onTransact(ActivityManagerService.java:3346)

06-22 19:08:21.592  1567  5587 I LSPosed-Bridge: 	at android.os.Binder.execTransact(Binder.java:731)

06-22 19:08:21.751  1567  4704 I LSPosed-Bridge: 5250 PermLabel 10120 AMS.checkPermission: Binder.getCallingPid() = 5250; uid = 10120; Binder.getCallingUid() = 10120; getNameForUid: com.zaft.filminn; getPackagesForUid: [com.zaft.filminn]; permName: android.permission.GET_TASKS; type = 0; res = -1; stacktrace=java.lang.Exception

06-22 19:08:21.751  1567  4704 I LSPosed-Bridge: 	at com.example.permlabel.requirePerm$1$2.afterHookedMethod(requirePerm.java:127)

06-22 19:08:21.751  1567  4704 I LSPosed-Bridge: 	at de.robv.android.xposed.XposedBridge$AdditionalHookInfo.callback(Unknown Source:147)

06-22 19:08:21.751  1567  4704 I LSPosed-Bridge: 	at LSPHooker_.checkPermission(Unknown Source:25)

06-22 19:08:21.751  1567  4704 I LSPosed-Bridge: 	at com.android.server.am.ActivityManagerService.isGetTasksAllowed(ActivityManagerService.java:10902)

06-22 19:08:21.751  1567  4704 I LSPosed-Bridge: 	at com.android.server.am.ActivityManagerService.getFilteredTasks(ActivityManagerService.java:10884)

06-22 19:08:21.751  1567  4704 I LSPosed-Bridge: 	at com.android.server.am.ActivityManagerService.getTasks(ActivityManagerService.java:10872)

06-22 19:08:21.751  1567  4704 I LSPosed-Bridge: 	at android.app.IActivityManager$Stub.onTransact(IActivityManager.java:288)

06-22 19:08:21.751  1567  4704 I LSPosed-Bridge: 	at com.android.server.am.ActivityManagerService.onTransact(ActivityManagerService.java:3346)

06-22 19:08:21.751  1567  4704 I LSPosed-Bridge: 	at android.os.Binder.execTransact(Binder.java:731)

06-22 19:08:29.943  1567  5574 I LSPosed-Bridge: 5250 PermLabel 10120 AMS.checkPermission: Binder.getCallingPid() = 5250; uid = 10120; Binder.getCallingUid() = 10120; getNameForUid: com.zaft.filminn; getPackagesForUid: [com.zaft.filminn]; permName: android.permission.GET_TASKS; type = 0; res = -1; stacktrace=java.lang.Exception

06-22 19:08:29.943  1567  5574 I LSPosed-Bridge: 	at com.example.permlabel.requirePerm$1$2.afterHookedMethod(requirePerm.java:127)

06-22 19:08:29.943  1567  5574 I LSPosed-Bridge: 	at de.robv.android.xposed.XposedBridge$AdditionalHookInfo.callback(Unknown Source:147)

06-22 19:08:29.943  1567  5574 I LSPosed-Bridge: 	at LSPHooker_.checkPermission(Unknown Source:25)

06-22 19:08:29.943  1567  5574 I LSPosed-Bridge: 	at com.android.server.am.ActivityManagerService.isGetTasksAllowed(ActivityManagerService.java:10902)

06-22 19:08:29.943  1567  5574 I LSPosed-Bridge: 	at com.android.server.am.ActivityManagerService.getRunningAppProcesses(ActivityManagerService.java:16139)

06-22 19:08:29.943  1567  5574 I LSPosed-Bridge: 	at android.app.IActivityManager$Stub.onTransact(IActivityManager.java:1088)

06-22 19:08:29.943  1567  5574 I LSPosed-Bridge: 	at com.android.server.am.ActivityManagerService.onTransact(ActivityManagerService.java:3346)

06-22 19:08:29.943  1567  5574 I LSPosed-Bridge: 	at android.os.Binder.execTransact(Binder.java:731)

06-22 19:08:29.943  6934  6934 I id.partnersetu: The ClassLoaderContext is a special shared library.

06-22 19:08:29.994  1567  5574 I LSPosed-Bridge: 5250 PermLabel 10120 AMS.checkPermission: Binder.getCallingPid() = 5250; uid = 10120; Binder.getCallingUid() = 10120; getNameForUid: com.zaft.filminn; getPackagesForUid: [com.zaft.filminn]; permName: android.permission.GET_TASKS; type = 0; res = -1; stacktrace=java.lang.Exception

06-22 19:08:29.994  1567  5574 I LSPosed-Bridge: 	at com.example.permlabel.requirePerm$1$2.afterHookedMethod(requirePerm.java:127)

06-22 19:08:29.994  1567  5574 I LSPosed-Bridge: 	at de.robv.android.xposed.XposedBridge$AdditionalHookInfo.callback(Unknown Source:147)

06-22 19:08:29.994  1567  5574 I LSPosed-Bridge: 	at LSPHooker_.checkPermission(Unknown Source:25)

06-22 19:08:29.994  1567  5574 I LSPosed-Bridge: 	at com.android.server.am.ActivityManagerService.isGetTasksAllowed(ActivityManagerService.java:10902)

06-22 19:08:29.994  1567  5574 I LSPosed-Bridge: 	at com.android.server.am.ActivityManagerService.getFilteredTasks(ActivityManagerService.java:10884)

06-22 19:08:29.994  1567  5574 I LSPosed-Bridge: 	at com.android.server.am.ActivityManagerService.getTasks(ActivityManagerService.java:10872)

06-22 19:08:29.994  1567  5574 I LSPosed-Bridge: 	at android.app.IActivityManager$Stub.onTransact(IActivityManager.java:288)

06-22 19:08:29.994  1567  5574 I LSPosed-Bridge: 	at com.android.server.am.ActivityManagerService.onTransact(ActivityManagerService.java:3346)

06-22 19:08:29.994  1567  5574 I LSPosed-Bridge: 	at android.os.Binder.execTransact(Binder.java:731)

06-22 19:08:31.592   558   558 I ConfigStore: android::hardware::configstore::V1_0::ISurfaceFlingerConfigs::hasHDRDisplay retrieved: 0

06-22 19:08:31.592  1567  5623 I LSPosed-Bridge: 5250 PermLabel 10120 AMS.checkPermission: Binder.getCallingPid() = 5250; uid = 10120; Binder.getCallingUid() = 10120; getNameForUid: com.zaft.filminn; getPackagesForUid: [com.zaft.filminn]; permName: android.permission.GET_TASKS; type = 0; res = -1; stacktrace=java.lang.Exception

06-22 19:08:31.592  1567  5623 I LSPosed-Bridge: 	at com.example.permlabel.requirePerm$1$2.afterHookedMethod(requirePerm.java:127)

06-22 19:08:31.592  1567  5623 I LSPosed-Bridge: 	at de.robv.android.xposed.XposedBridge$AdditionalHookInfo.callback(Unknown Source:147)

06-22 19:08:31.592  1567  5623 I LSPosed-Bridge: 	at LSPHooker_.checkPermission(Unknown Source:25)

06-22 19:08:31.592  1567  5623 I LSPosed-Bridge: 	at com.android.server.am.ActivityManagerService.isGetTasksAllowed(ActivityManagerService.java:10902)

06-22 19:08:31.592  1567  5623 I LSPosed-Bridge: 	at com.android.server.am.ActivityManagerService.getRunningAppProcesses(ActivityManagerService.java:16139)

06-22 19:08:31.592  1567  5623 I LSPosed-Bridge: 	at android.app.IActivityManager$Stub.onTransact(IActivityManager.java:1088)

06-22 19:08:31.592  1567  5623 I LSPosed-Bridge: 	at com.android.server.am.ActivityManagerService.onTransact(ActivityManagerService.java:3346)

06-22 19:08:31.592  1567  5623 I LSPosed-Bridge: 	at android.os.Binder.execTransact(Binder.java:731)

06-22 19:08:31.592   558   558 I ConfigStore: android::hardware::configstore::V1_0::ISurfaceFlingerConfigs::hasHDRDisplay retrieved: 0

06-22 19:09:20.587  1567  5575 I LSPosed-Bridge: 5250 PermLabel 10120 AMS.checkPermission: Binder.getCallingPid() = 5250; uid = 10120; Binder.getCallingUid() = 10120; getNameForUid: com.zaft.filminn; getPackagesForUid: [com.zaft.filminn]; permName: android.permission.GET_TASKS; type = 0; res = -1; stacktrace=java.lang.Exception

06-22 19:09:20.587  1567  5575 I LSPosed-Bridge: 	at com.example.permlabel.requirePerm$1$2.afterHookedMethod(requirePerm.java:127)

06-22 19:09:20.587  1567  5575 I LSPosed-Bridge: 	at de.robv.android.xposed.XposedBridge$AdditionalHookInfo.callback(Unknown Source:147)

06-22 19:09:20.587  1567  5575 I LSPosed-Bridge: 	at LSPHooker_.checkPermission(Unknown Source:25)

06-22 19:09:20.587  1567  5575 I LSPosed-Bridge: 	at com.android.server.am.ActivityManagerService.isGetTasksAllowed(ActivityManagerService.java:10902)

06-22 19:09:20.587  1567  5575 I LSPosed-Bridge: 	at com.android.server.am.ActivityManagerService.getRunningAppProcesses(ActivityManagerService.java:16139)

06-22 19:09:20.587  1567  5575 I LSPosed-Bridge: 	at android.app.IActivityManager$Stub.onTransact(IActivityManager.java:1088)

06-22 19:09:20.587  1567  5575 I LSPosed-Bridge: 	at com.android.server.am.ActivityManagerService.onTransact(ActivityManagerService.java:3346)

06-22 19:09:20.587  1567  5575 I LSPosed-Bridge: 	at android.os.Binder.execTransact(Binder.java:731)

06-22 19:09:20.609  1567  5602 I LSPosed-Bridge: 5250 PermLabel 10120 AMS.checkPermission: Binder.getCallingPid() = 5250; uid = 10120; Binder.getCallingUid() = 10120; getNameForUid: com.zaft.filminn; getPackagesForUid: [com.zaft.filminn]; permName: android.permission.GET_TASKS; type = 0; res = -1; stacktrace=java.lang.Exception

06-22 19:09:20.609  1567  5602 I LSPosed-Bridge: 	at com.example.permlabel.requirePerm$1$2.afterHookedMethod(requirePerm.java:127)

06-22 19:09:20.609  1567  5602 I LSPosed-Bridge: 	at de.robv.android.xposed.XposedBridge$AdditionalHookInfo.callback(Unknown Source:147)

06-22 19:09:20.609  1567  5602 I LSPosed-Bridge: 	at LSPHooker_.checkPermission(Unknown Source:25)

06-22 19:09:20.609  1567  5602 I LSPosed-Bridge: 	at com.android.server.am.ActivityManagerService.isGetTasksAllowed(ActivityManagerService.java:10902)

06-22 19:09:20.609  1567  5602 I LSPosed-Bridge: 	at com.android.server.am.ActivityManagerService.getFilteredTasks(ActivityManagerService.java:10884)

06-22 19:09:20.609  1567  5602 I LSPosed-Bridge: 	at com.android.server.am.ActivityManagerService.getTasks(ActivityManagerService.java:10872)

06-22 19:09:20.609  1567  5602 I LSPosed-Bridge: 	at android.app.IActivityManager$Stub.onTransact(IActivityManager.java:288)

06-22 19:09:20.609  1567  5602 I LSPosed-Bridge: 	at com.android.server.am.ActivityManagerService.onTransact(ActivityManagerService.java:3346)

06-22 19:09:20.609  1567  5602 I LSPosed-Bridge: 	at android.os.Binder.execTransact(Binder.java:731)

06-22 19:09:21.992  1567  5575 I LSPosed-Bridge: 5250 PermLabel 10120 AMS.checkPermission: Binder.getCallingPid() = 5250; uid = 10120; Binder.getCallingUid() = 10120; getNameForUid: com.zaft.filminn; getPackagesForUid: [com.zaft.filminn]; permName: android.permission.GET_TASKS; type = 0; res = -1; stacktrace=java.lang.Exception

06-22 19:09:21.992  1567  5575 I LSPosed-Bridge: 	at com.example.permlabel.requirePerm$1$2.afterHookedMethod(requirePerm.java:127)

06-22 19:09:21.992  1567  5575 I LSPosed-Bridge: 	at de.robv.android.xposed.XposedBridge$AdditionalHookInfo.callback(Unknown Source:147)

06-22 19:09:21.992  1567  5575 I LSPosed-Bridge: 	at LSPHooker_.checkPermission(Unknown Source:25)

06-22 19:09:21.992  1567  5575 I LSPosed-Bridge: 	at com.android.server.am.ActivityManagerService.isGetTasksAllowed(ActivityManagerService.java:10902)

06-22 19:09:21.992  1567  5575 I LSPosed-Bridge: 	at com.android.server.am.ActivityManagerService.getRunningAppProcesses(ActivityManagerService.java:16139)

06-22 19:09:21.992  1567  5575 I LSPosed-Bridge: 	at android.app.IActivityManager$Stub.onTransact(IActivityManager.java:1088)

06-22 19:09:21.992  1567  5575 I LSPosed-Bridge: 	at com.android.server.am.ActivityManagerService.onTransact(ActivityManagerService.java:3346)

06-22 19:09:21.992  1567  5575 I LSPosed-Bridge: 	at android.os.Binder.execTransact(Binder.java:731)

06-22 19:10:15.783  1567  5572 I LSPosed-Bridge: 5250 PermLabel 10120 AMS.checkPermission: Binder.getCallingPid() = 5250; uid = 10120; Binder.getCallingUid() = 10120; getNameForUid: com.zaft.filminn; getPackagesForUid: [com.zaft.filminn]; permName: android.permission.GET_TASKS; type = 0; res = -1; stacktrace=java.lang.Exception

06-22 19:10:15.783  1567  5572 I LSPosed-Bridge: 	at com.example.permlabel.requirePerm$1$2.afterHookedMethod(requirePerm.java:127)

06-22 19:10:15.783  1567  5572 I LSPosed-Bridge: 	at de.robv.android.xposed.XposedBridge$AdditionalHookInfo.callback(Unknown Source:147)

06-22 19:10:15.783  1567  5572 I LSPosed-Bridge: 	at LSPHooker_.checkPermission(Unknown Source:25)

06-22 19:10:15.783  1567  5572 I LSPosed-Bridge: 	at com.android.server.am.ActivityManagerService.isGetTasksAllowed(ActivityManagerService.java:10902)

06-22 19:10:15.783  1567  5572 I LSPosed-Bridge: 	at com.android.server.am.ActivityManagerService.getRunningAppProcesses(ActivityManagerService.java:16139)

06-22 19:10:15.783  1567  5572 I LSPosed-Bridge: 	at android.app.IActivityManager$Stub.onTransact(IActivityManager.java:1088)

06-22 19:10:15.783  1567  5572 I LSPosed-Bridge: 	at com.android.server.am.ActivityManagerService.onTransact(ActivityManagerService.java:3346)

06-22 19:10:15.783  1567  5572 I LSPosed-Bridge: 	at android.os.Binder.execTransact(Binder.java:731)

06-22 19:10:15.805  1567  5439 I LSPosed-Bridge: 5250 PermLabel 10120 AMS.checkPermission: Binder.getCallingPid() = 5250; uid = 10120; Binder.getCallingUid() = 10120; getNameForUid: com.zaft.filminn; getPackagesForUid: [com.zaft.filminn]; permName: android.permission.GET_TASKS; type = 0; res = -1; stacktrace=java.lang.Exception

06-22 19:10:15.805  1567  5439 I LSPosed-Bridge: 	at com.example.permlabel.requirePerm$1$2.afterHookedMethod(requirePerm.java:127)

06-22 19:10:15.805  1567  5439 I LSPosed-Bridge: 	at de.robv.android.xposed.XposedBridge$AdditionalHookInfo.callback(Unknown Source:147)

06-22 19:10:15.805  1567  5439 I LSPosed-Bridge: 	at LSPHooker_.checkPermission(Unknown Source:25)

06-22 19:10:15.805  1567  5439 I LSPosed-Bridge: 	at com.android.server.am.ActivityManagerService.isGetTasksAllowed(ActivityManagerService.java:10902)

06-22 19:10:15.805  1567  5439 I LSPosed-Bridge: 	at com.android.server.am.ActivityManagerService.getFilteredTasks(ActivityManagerService.java:10884)

06-22 19:10:15.805  1567  5439 I LSPosed-Bridge: 	at com.android.server.am.ActivityManagerService.getTasks(ActivityManagerService.java:10872)

06-22 19:10:15.805  1567  5439 I LSPosed-Bridge: 	at android.app.IActivityManager$Stub.onTransact(IActivityManager.java:288)

06-22 19:10:15.805  1567  5439 I LSPosed-Bridge: 	at com.android.server.am.ActivityManagerService.onTransact(ActivityManagerService.java:3346)

06-22 19:10:15.805  1567  5439 I LSPosed-Bridge: 	at android.os.Binder.execTransact(Binder.java:731)

06-22 19:10:17.096  1567  5588 I LSPosed-Bridge: 5250 PermLabel 10120 AMS.checkPermission: Binder.getCallingPid() = 5250; uid = 10120; Binder.getCallingUid() = 10120; getNameForUid: com.zaft.filminn; getPackagesForUid: [com.zaft.filminn]; permName: android.permission.GET_TASKS; type = 0; res = -1; stacktrace=java.lang.Exception

06-22 19:10:17.096  1567  5588 I LSPosed-Bridge: 	at com.example.permlabel.requirePerm$1$2.afterHookedMethod(requirePerm.java:127)

06-22 19:10:17.096  1567  5588 I LSPosed-Bridge: 	at de.robv.android.xposed.XposedBridge$AdditionalHookInfo.callback(Unknown Source:147)

06-22 19:10:17.096  1567  5588 I LSPosed-Bridge: 	at LSPHooker_.checkPermission(Unknown Source:25)

06-22 19:10:17.096  1567  5588 I LSPosed-Bridge: 	at com.android.server.am.ActivityManagerService.isGetTasksAllowed(ActivityManagerService.java:10902)

06-22 19:10:17.096  1567  5588 I LSPosed-Bridge: 	at com.android.server.am.ActivityManagerService.getRunningAppProcesses(ActivityManagerService.java:16139)

06-22 19:10:17.096  1567  5588 I LSPosed-Bridge: 	at android.app.IActivityManager$Stub.onTransact(IActivityManager.java:1088)

06-22 19:10:17.096  1567  5588 I LSPosed-Bridge: 	at com.android.server.am.ActivityManagerService.onTransact(ActivityManagerService.java:3346)

06-22 19:10:17.096  1567  5588 I LSPosed-Bridge: 	at android.os.Binder.execTransact(Binder.java:731)

06-22 19:11:27.098  1567  1717 I LSPosed-Bridge: 5250 PermLabel 10120 AMS.checkPermission: Binder.getCallingPid() = 5250; uid = 10120; Binder.getCallingUid() = 10120; getNameForUid: com.zaft.filminn; getPackagesForUid: [com.zaft.filminn]; permName: android.permission.GET_TASKS; type = 0; res = -1; stacktrace=java.lang.Exception

06-22 19:11:27.098  1567  1717 I LSPosed-Bridge: 	at com.example.permlabel.requirePerm$1$2.afterHookedMethod(requirePerm.java:127)

06-22 19:11:27.098  1567  1717 I LSPosed-Bridge: 	at de.robv.android.xposed.XposedBridge$AdditionalHookInfo.callback(Unknown Source:147)

06-22 19:11:27.098  1567  1717 I LSPosed-Bridge: 	at LSPHooker_.checkPermission(Unknown Source:25)

06-22 19:11:27.098  1567  1717 I LSPosed-Bridge: 	at com.android.server.am.ActivityManagerService.isGetTasksAllowed(ActivityManagerService.java:10902)

06-22 19:11:27.098  1567  1717 I LSPosed-Bridge: 	at com.android.server.am.ActivityManagerService.getRunningAppProcesses(ActivityManagerService.java:16139)

06-22 19:11:27.098  1567  1717 I LSPosed-Bridge: 	at android.app.IActivityManager$Stub.onTransact(IActivityManager.java:1088)

06-22 19:11:27.098  1567  1717 I LSPosed-Bridge: 	at com.android.server.am.ActivityManagerService.onTransact(ActivityManagerService.java:3346)

06-22 19:11:27.098  1567  1717 I LSPosed-Bridge: 	at android.os.Binder.execTransact(Binder.java:731)

06-22 19:11:27.142  1567  5588 I LSPosed-Bridge: 5250 PermLabel 10120 AMS.checkPermission: Binder.getCallingPid() = 5250; uid = 10120; Binder.getCallingUid() = 10120; getNameForUid: com.zaft.filminn; getPackagesForUid: [com.zaft.filminn]; permName: android.permission.GET_TASKS; type = 0; res = -1; stacktrace=java.lang.Exception

06-22 19:11:27.142  1567  5588 I LSPosed-Bridge: 	at com.example.permlabel.requirePerm$1$2.afterHookedMethod(requirePerm.java:127)

06-22 19:11:27.142  1567  5588 I LSPosed-Bridge: 	at de.robv.android.xposed.XposedBridge$AdditionalHookInfo.callback(Unknown Source:147)

06-22 19:11:27.142  1567  5588 I LSPosed-Bridge: 	at LSPHooker_.checkPermission(Unknown Source:25)

06-22 19:11:27.142  1567  5588 I LSPosed-Bridge: 	at com.android.server.am.ActivityManagerService.isGetTasksAllowed(ActivityManagerService.java:10902)

06-22 19:11:27.142  1567  5588 I LSPosed-Bridge: 	at com.android.server.am.ActivityManagerService.getFilteredTasks(ActivityManagerService.java:10884)

06-22 19:11:27.142  1567  5588 I LSPosed-Bridge: 	at com.android.server.am.ActivityManagerService.getTasks(ActivityManagerService.java:10872)

06-22 19:11:27.142  1567  5588 I LSPosed-Bridge: 	at android.app.IActivityManager$Stub.onTransact(IActivityManager.java:288)

06-22 19:11:27.142  1567  5588 I LSPosed-Bridge: 	at com.android.server.am.ActivityManagerService.onTransact(ActivityManagerService.java:3346)

06-22 19:11:27.142  1567  5588 I LSPosed-Bridge: 	at android.os.Binder.execTransact(Binder.java:731)

06-22 19:11:28.205  1567  1717 I LSPosed-Bridge: 5250 PermLabel 10120 AMS.checkPermission: Binder.getCallingPid() = 5250; uid = 10120; Binder.getCallingUid() = 10120; getNameForUid: com.zaft.filminn; getPackagesForUid: [com.zaft.filminn]; permName: android.permission.GET_TASKS; type = 0; res = -1; stacktrace=java.lang.Exception

06-22 19:11:28.205  1567  1717 I LSPosed-Bridge: 	at com.example.permlabel.requirePerm$1$2.afterHookedMethod(requirePerm.java:127)

06-22 19:11:28.205  1567  1717 I LSPosed-Bridge: 	at de.robv.android.xposed.XposedBridge$AdditionalHookInfo.callback(Unknown Source:147)

06-22 19:11:28.205  1567  1717 I LSPosed-Bridge: 	at LSPHooker_.checkPermission(Unknown Source:25)

06-22 19:11:28.205  1567  1717 I LSPosed-Bridge: 	at com.android.server.am.ActivityManagerService.isGetTasksAllowed(ActivityManagerService.java:10902)

06-22 19:11:28.205  1567  1717 I LSPosed-Bridge: 	at com.android.server.am.ActivityManagerService.getRunningAppProcesses(ActivityManagerService.java:16139)

06-22 19:11:28.205  1567  1717 I LSPosed-Bridge: 	at android.app.IActivityManager$Stub.onTransact(IActivityManager.java:1088)

06-22 19:11:28.205  1567  1717 I LSPosed-Bridge: 	at com.android.server.am.ActivityManagerService.onTransact(ActivityManagerService.java:3346)

06-22 19:11:28.205  1567  1717 I LSPosed-Bridge: 	at android.os.Binder.execTransact(Binder.java:731)

06-22 19:11:28.205  4673  4673 E EventBus: 	at io.github.privacystreams.utils.IOUtils.serialize(IOUtils.java:126)

06-22 19:11:28.205  4673  4673 E EventBus: 	at io.github.privacystreams.utils.IOUtils.serialize(IOUtils.java:126)

06-22 19:11:28.205  4673  4673 E EventBus: 	at io.github.privacystreams.utils.IOUtils.serialize(IOUtils.java:126)

06-22 19:11:28.205  4673  4673 E EventBus: 	at io.github.privacystreams.utils.IOUtils.serialize(IOUtils.java:126)

06-22 19:11:28.205  4673  4673 E EventBus: 	at io.github.privacystreams.utils.IOUtils.serialize(IOUtils.java:126)

06-22 19:11:28.205  4673  4673 E EventBus: 	at io.github.privacystreams.utils.IOUtils.serialize(IOUtils.java:126)

06-22 19:11:28.205  4673  4673 E EventBus: 	at io.github.privacystreams.utils.IOUtils.serialize(IOUtils.java:126)

06-22 19:11:28.205  4673  4673 E EventBus: 	at io.github.privacystreams.utils.IOUtils.serialize(IOUtils.java:126)

06-22 19:11:28.205  4673  4673 E EventBus: 	at io.github.privacystreams.utils.IOUtils.serialize(IOUtils.java:126)

06-22 19:11:28.205  4673  4673 E EventBus: 	at io.github.privacystreams.utils.IOUtils.serialize(IOUtils.java:126)

06-22 19:11:28.205  4673  4673 E EventBus: 	at io.github.privacystreams.utils.IOUtils.serialize(IOUtils.java:126)

06-22 19:11:28.205  4673  4673 E EventBus: 	at io.github.privacystreams.utils.IOUtils.serialize(IOUtils.java:126)

06-22 19:11:28.205  4673  4673 E EventBus: 	at io.github.privacystreams.utils.IOUtils.serialize(IOUtils.java:126)

06-22 19:11:28.205  4673  4673 E EventBus: 	at io.github.privacystreams.utils.IOUtils.serialize(IOUtils.java:126)

06-22 19:11:28.205  4673  4673 E EventBus: 	at io.github.privacystreams.utils.IOUtils.serialize(IOUtils.java:126)

06-22 19:11:28.205  4673  4673 E EventBus: 	at io.github.privacystreams.utils.IOUtils.serialize(IOUtils.java:126)

06-22 19:11:28.205  4673  4673 E EventBus: 	at io.github.privacystreams.utils.IOUtils.serialize(IOUtils.java:126)

06-22 19:11:28.205  4673  4673 E EventBus: 	at io.github.privacystreams.utils.IOUtils.serialize(IOUtils.java:126)

06-22 19:11:28.205  4673  4673 E EventBus: 	at io.github.privacystreams.utils.IOUtils.serialize(IOUtils.java:126)

06-22 19:11:28.205  4673  4673 E EventBus: 	at io.github.privacystreams.utils.IOUtils.serialize(IOUtils.java:126)

06-22 19:11:28.205  4673  4673 E EventBus: 	at io.github.privacystreams.utils.IOUtils.serialize(IOUtils.java:126)

06-22 19:11:28.205  4673  4673 E EventBus: 	at io.github.privacystreams.utils.IOUtils.serialize(IOUtils.java:126)

06-22 19:11:28.205  4673  4673 E EventBus: 	at io.github.privacystreams.utils.IOUtils.serialize(IOUtils.java:126)

06-22 19:11:28.205  4673  4673 E EventBus: 	at io.github.privacystreams.utils.IOUtils.serialize(IOUtils.java:126)

06-22 19:11:28.205  4673  4673 E EventBus: 	at io.github.privacystreams.utils.IOUtils.serialize(IOUtils.java:126)

06-22 19:11:28.205  4673  4673 E EventBus: 	at io.github.privacystreams.utils.IOUtils.serialize(IOUtils.java:126)

06-22 19:11:28.205  4673  4673 E EventBus: 	at io.github.privacystreams.utils.IOUtils.serialize(IOUtils.java:126)

06-22 19:11:28.205  4673  4673 E EventBus: 	at io.github.privacystreams.utils.IOUtils.serialize(IOUtils.java:126)

06-22 19:11:28.205  4673  4673 E EventBus: 	at io.github.privacystreams.utils.IOUtils.serialize(IOUtils.java:126)

06-22 19:11:28.205  4673  4673 E EventBus: 	at io.github.privacystreams.utils.IOUtils.serialize(IOUtils.java:126)

06-22 19:11:28.205  4673  4673 E EventBus: 	at io.github.privacystreams.utils.IOUtils.serialize(IOUtils.java:126)

06-22 19:11:28.205  4673  4673 E EventBus: 	at io.github.privacystreams.utils.IOUtils.serialize(IOUtils.java:126)

06-22 19:11:28.205  4673  4673 E EventBus: 	at io.github.privacystreams.utils.IOUtils.serialize(IOUtils.java:126)

06-22 19:11:28.205  4673  4673 E EventBus: 	at io.github.privacystreams.utils.IOUtils.serialize(IOUtils.java:126)

06-22 19:11:28.205  4673  4673 E EventBus: 	at io.github.privacystreams.utils.IOUtils.serialize(IOUtils.java:126)

06-22 19:11:28.205  4673  4673 E EventBus: 	at io.github.privacystreams.utils.IOUtils.serialize(IOUtils.java:126)

06-22 19:11:28.205  4673  4673 E EventBus: 	at io.github.privacystreams.utils.IOUtils.serialize(IOUtils.java:126)

06-22 19:11:28.205  4673  4673 E EventBus: 	at io.github.privacystreams.utils.IOUtils.serialize(IOUtils.java:126)

06-22 19:11:28.205  4673  4673 E EventBus: 	at io.github.privacystreams.utils.IOUtils.serialize(IOUtils.java:126)

06-22 19:11:28.205  4673  4673 E EventBus: 	at io.github.privacystreams.utils.IOUtils.serialize(IOUtils.java:126)

06-22 19:11:28.205  4673  4673 E EventBus: 	at io.github.privacystreams.utils.IOUtils.serialize(IOUtils.java:126)

06-22 19:11:28.205  4673  4673 E EventBus: 	at io.github.privacystreams.utils.IOUtils.serialize(IOUtils.java:126)

06-22 19:11:28.205  4673  4673 E EventBus: 	at io.github.privacystreams.utils.IOUtils.serialize(IOUtils.java:126)

06-22 19:11:28.205  4673  4673 E EventBus: 	at io.github.privacystreams.utils.IOUtils.serialize(IOUtils.java:126)

06-22 19:11:28.205  4673  4673 E EventBus: 	at io.github.privacystreams.utils.IOUtils.serialize(IOUtils.java:126)

06-22 19:11:28.205  4673  4673 E EventBus: 	at io.github.privacystreams.utils.IOUtils.serialize(IOUtils.java:126)

06-22 19:11:28.205  4673  4673 E EventBus: 	at io.github.privacystreams.utils.IOUtils.serialize(IOUtils.java:126)

06-22 19:11:28.205  4673  4673 E EventBus: 	at io.github.privacystreams.utils.IOUtils.serialize(IOUtils.java:126)

06-22 19:11:28.205  4673  4673 E EventBus: 	at io.github.privacystreams.utils.IOUtils.serialize(IOUtils.java:126)

06-22 19:11:28.205  4673  4673 E EventBus: 	at io.github.privacystreams.utils.IOUtils.serialize(IOUtils.java:126)

06-22 19:11:28.205  4673  4673 E EventBus: 	at io.github.privacystreams.utils.IOUtils.serialize(IOUtils.java:126)

06-22 19:11:28.205  4673  4673 E EventBus: 	at io.github.privacystreams.utils.IOUtils.serialize(IOUtils.java:126)

06-22 19:11:28.205  4673  4673 E EventBus: 	at io.github.privacystreams.utils.IOUtils.serialize(IOUtils.java:126)

06-22 19:11:28.205  4673  4673 E EventBus: 	at io.github.privacystreams.utils.IOUtils.serialize(IOUtils.java:126)

06-22 19:11:28.205  4673  4673 E EventBus: 	at io.github.privacystreams.utils.IOUtils.serialize(IOUtils.java:126)

06-22 19:11:28.205  4673  4673 E EventBus: 	at io.github.privacystreams.utils.IOUtils.serialize(IOUtils.java:126)

06-22 19:12:38.189  1567  1717 I LSPosed-Bridge: 5250 PermLabel 10120 AMS.checkPermission: Binder.getCallingPid() = 5250; uid = 10120; Binder.getCallingUid() = 10120; getNameForUid: com.zaft.filminn; getPackagesForUid: [com.zaft.filminn]; permName: android.permission.GET_TASKS; type = 0; res = -1; stacktrace=java.lang.Exception

06-22 19:12:38.189  1567  1717 I LSPosed-Bridge: 	at com.example.permlabel.requirePerm$1$2.afterHookedMethod(requirePerm.java:127)

06-22 19:12:38.189  1567  1717 I LSPosed-Bridge: 	at de.robv.android.xposed.XposedBridge$AdditionalHookInfo.callback(Unknown Source:147)

06-22 19:12:38.189  1567  1717 I LSPosed-Bridge: 	at LSPHooker_.checkPermission(Unknown Source:25)

06-22 19:12:38.189  1567  1717 I LSPosed-Bridge: 	at com.android.server.am.ActivityManagerService.isGetTasksAllowed(ActivityManagerService.java:10902)

06-22 19:12:38.189  1567  1717 I LSPosed-Bridge: 	at com.android.server.am.ActivityManagerService.getRunningAppProcesses(ActivityManagerService.java:16139)

06-22 19:12:38.189  1567  1717 I LSPosed-Bridge: 	at android.app.IActivityManager$Stub.onTransact(IActivityManager.java:1088)

06-22 19:12:38.189  1567  1717 I LSPosed-Bridge: 	at com.android.server.am.ActivityManagerService.onTransact(ActivityManagerService.java:3346)

06-22 19:12:38.189  1567  1717 I LSPosed-Bridge: 	at android.os.Binder.execTransact(Binder.java:731)

06-22 19:12:38.223  1567  1717 I LSPosed-Bridge: 5250 PermLabel 10120 AMS.checkPermission: Binder.getCallingPid() = 5250; uid = 10120; Binder.getCallingUid() = 10120; getNameForUid: com.zaft.filminn; getPackagesForUid: [com.zaft.filminn]; permName: android.permission.GET_TASKS; type = 0; res = -1; stacktrace=java.lang.Exception

06-22 19:12:38.223  1567  1717 I LSPosed-Bridge: 	at com.example.permlabel.requirePerm$1$2.afterHookedMethod(requirePerm.java:127)

06-22 19:12:38.223  1567  1717 I LSPosed-Bridge: 	at de.robv.android.xposed.XposedBridge$AdditionalHookInfo.callback(Unknown Source:147)

06-22 19:12:38.223  1567  1717 I LSPosed-Bridge: 	at LSPHooker_.checkPermission(Unknown Source:25)

06-22 19:12:38.223  1567  1717 I LSPosed-Bridge: 	at com.android.server.am.ActivityManagerService.isGetTasksAllowed(ActivityManagerService.java:10902)

06-22 19:12:38.223  1567  1717 I LSPosed-Bridge: 	at com.android.server.am.ActivityManagerService.getFilteredTasks(ActivityManagerService.java:10884)

06-22 19:12:38.223  1567  1717 I LSPosed-Bridge: 	at com.android.server.am.ActivityManagerService.getTasks(ActivityManagerService.java:10872)

06-22 19:12:38.223  1567  1717 I LSPosed-Bridge: 	at android.app.IActivityManager$Stub.onTransact(IActivityManager.java:288)

06-22 19:12:38.223  1567  1717 I LSPosed-Bridge: 	at com.android.server.am.ActivityManagerService.onTransact(ActivityManagerService.java:3346)

06-22 19:12:38.223  1567  1717 I LSPosed-Bridge: 	at android.os.Binder.execTransact(Binder.java:731)

06-22 19:12:39.682  1567  5588 I LSPosed-Bridge: 5250 PermLabel 10120 AMS.checkPermission: Binder.getCallingPid() = 5250; uid = 10120; Binder.getCallingUid() = 10120; getNameForUid: com.zaft.filminn; getPackagesForUid: [com.zaft.filminn]; permName: android.permission.GET_TASKS; type = 0; res = -1; stacktrace=java.lang.Exception

06-22 19:12:39.682  1567  5588 I LSPosed-Bridge: 	at com.example.permlabel.requirePerm$1$2.afterHookedMethod(requirePerm.java:127)

06-22 19:12:39.682  1567  5588 I LSPosed-Bridge: 	at de.robv.android.xposed.XposedBridge$AdditionalHookInfo.callback(Unknown Source:147)

06-22 19:12:39.682  1567  5588 I LSPosed-Bridge: 	at LSPHooker_.checkPermission(Unknown Source:25)

06-22 19:12:39.682  1567  5588 I LSPosed-Bridge: 	at com.android.server.am.ActivityManagerService.isGetTasksAllowed(ActivityManagerService.java:10902)

06-22 19:12:39.682  1567  5588 I LSPosed-Bridge: 	at com.android.server.am.ActivityManagerService.getRunningAppProcesses(ActivityManagerService.java:16139)

06-22 19:12:39.682  1567  5588 I LSPosed-Bridge: 	at android.app.IActivityManager$Stub.onTransact(IActivityManager.java:1088)

06-22 19:12:39.682  1567  5588 I LSPosed-Bridge: 	at com.android.server.am.ActivityManagerService.onTransact(ActivityManagerService.java:3346)

06-22 19:12:39.682  1567  5588 I LSPosed-Bridge: 	at android.os.Binder.execTransact(Binder.java:731)

06-22 19:13:49.649  1567  1717 I LSPosed-Bridge: 5250 PermLabel 10120 AMS.checkPermission: Binder.getCallingPid() = 5250; uid = 10120; Binder.getCallingUid() = 10120; getNameForUid: com.zaft.filminn; getPackagesForUid: [com.zaft.filminn]; permName: android.permission.GET_TASKS; type = 0; res = -1; stacktrace=java.lang.Exception

06-22 19:13:49.649  1567  1717 I LSPosed-Bridge: 	at com.example.permlabel.requirePerm$1$2.afterHookedMethod(requirePerm.java:127)

06-22 19:13:49.649  1567  1717 I LSPosed-Bridge: 	at de.robv.android.xposed.XposedBridge$AdditionalHookInfo.callback(Unknown Source:147)

06-22 19:13:49.649  1567  1717 I LSPosed-Bridge: 	at LSPHooker_.checkPermission(Unknown Source:25)

06-22 19:13:49.649  1567  1717 I LSPosed-Bridge: 	at com.android.server.am.ActivityManagerService.isGetTasksAllowed(ActivityManagerService.java:10902)

06-22 19:13:49.649  1567  1717 I LSPosed-Bridge: 	at com.android.server.am.ActivityManagerService.getRunningAppProcesses(ActivityManagerService.java:16139)

06-22 19:13:49.649  1567  1717 I LSPosed-Bridge: 	at android.app.IActivityManager$Stub.onTransact(IActivityManager.java:1088)

06-22 19:13:49.649  1567  1717 I LSPosed-Bridge: 	at com.android.server.am.ActivityManagerService.onTransact(ActivityManagerService.java:3346)

06-22 19:13:49.649  1567  1717 I LSPosed-Bridge: 	at android.os.Binder.execTransact(Binder.java:731)

06-22 19:13:49.685  1567  5607 I LSPosed-Bridge: 5250 PermLabel 10120 AMS.checkPermission: Binder.getCallingPid() = 5250; uid = 10120; Binder.getCallingUid() = 10120; getNameForUid: com.zaft.filminn; getPackagesForUid: [com.zaft.filminn]; permName: android.permission.GET_TASKS; type = 0; res = -1; stacktrace=java.lang.Exception

06-22 19:13:49.685  1567  5607 I LSPosed-Bridge: 	at com.example.permlabel.requirePerm$1$2.afterHookedMethod(requirePerm.java:127)

06-22 19:13:49.685  1567  5607 I LSPosed-Bridge: 	at de.robv.android.xposed.XposedBridge$AdditionalHookInfo.callback(Unknown Source:147)

06-22 19:13:49.685  1567  5607 I LSPosed-Bridge: 	at LSPHooker_.checkPermission(Unknown Source:25)

06-22 19:13:49.685  1567  5607 I LSPosed-Bridge: 	at com.android.server.am.ActivityManagerService.isGetTasksAllowed(ActivityManagerService.java:10902)

06-22 19:13:49.685  1567  5607 I LSPosed-Bridge: 	at com.android.server.am.ActivityManagerService.getFilteredTasks(ActivityManagerService.java:10884)

06-22 19:13:49.685  1567  5607 I LSPosed-Bridge: 	at com.android.server.am.ActivityManagerService.getTasks(ActivityManagerService.java:10872)

06-22 19:13:49.685  1567  5607 I LSPosed-Bridge: 	at android.app.IActivityManager$Stub.onTransact(IActivityManager.java:288)

06-22 19:13:49.685  1567  5607 I LSPosed-Bridge: 	at com.android.server.am.ActivityManagerService.onTransact(ActivityManagerService.java:3346)

06-22 19:13:49.685  1567  5607 I LSPosed-Bridge: 	at android.os.Binder.execTransact(Binder.java:731)

06-22 19:13:50.795  1567  5588 I LSPosed-Bridge: 5250 PermLabel 10120 AMS.checkPermission: Binder.getCallingPid() = 5250; uid = 10120; Binder.getCallingUid() = 10120; getNameForUid: com.zaft.filminn; getPackagesForUid: [com.zaft.filminn]; permName: android.permission.GET_TASKS; type = 0; res = -1; stacktrace=java.lang.Exception

06-22 19:13:50.795  1567  5588 I LSPosed-Bridge: 	at com.example.permlabel.requirePerm$1$2.afterHookedMethod(requirePerm.java:127)

06-22 19:13:50.795  1567  5588 I LSPosed-Bridge: 	at de.robv.android.xposed.XposedBridge$AdditionalHookInfo.callback(Unknown Source:147)

06-22 19:13:50.795  1567  5588 I LSPosed-Bridge: 	at LSPHooker_.checkPermission(Unknown Source:25)

06-22 19:13:50.795  1567  5588 I LSPosed-Bridge: 	at com.android.server.am.ActivityManagerService.isGetTasksAllowed(ActivityManagerService.java:10902)

06-22 19:13:50.795  1567  5588 I LSPosed-Bridge: 	at com.android.server.am.ActivityManagerService.getRunningAppProcesses(ActivityManagerService.java:16139)

06-22 19:13:50.795  1567  5588 I LSPosed-Bridge: 	at android.app.IActivityManager$Stub.onTransact(IActivityManager.java:1088)

06-22 19:13:50.795  1567  5588 I LSPosed-Bridge: 	at com.android.server.am.ActivityManagerService.onTransact(ActivityManagerService.java:3346)

06-22 19:13:50.795  1567  5588 I LSPosed-Bridge: 	at android.os.Binder.execTransact(Binder.java:731)

06-22 19:13:50.795  5250  5250 I PlayCore: UID: [10120]  PID: [5250] PrewarmService : ServiceConnectionImpl.onServiceConnected(ComponentInfo{com.android.vending/com.google.android.finsky.prewarmservice.PrewarmService})

06-22 19:13:50.795  5250  6832 I PlayCore: UID: [10120]  PID: [5250] PrewarmService : linkToDeath

06-22 19:13:50.795   558   558 I ConfigStore: android::hardware::configstore::V1_0::ISurfaceFlingerConfigs::hasHDRDisplay retrieved: 0

06-22 19:15:00.787  4673  4673 E EventBus: 	at io.github.privacystreams.utils.IOUtils.serialize(IOUtils.java:126)

06-22 19:15:00.787  4673  4673 E EventBus: 	at io.github.privacystreams.utils.IOUtils.serialize(IOUtils.java:126)

06-22 19:15:00.787  4673  4673 E EventBus: 	at io.github.privacystreams.utils.IOUtils.serialize(IOUtils.java:126)

06-22 19:15:00.787  4673  4673 E EventBus: 	at io.github.privacystreams.utils.IOUtils.serialize(IOUtils.java:126)

06-22 19:15:00.787  4673  4673 E EventBus: 	at io.github.privacystreams.utils.IOUtils.serialize(IOUtils.java:126)

06-22 19:15:00.787  4673  4673 E EventBus: 	at io.github.privacystreams.utils.IOUtils.serialize(IOUtils.java:126)

06-22 19:15:00.787  4673  4673 E EventBus: 	at io.github.privacystreams.utils.IOUtils.serialize(IOUtils.java:126)

06-22 19:15:00.787  4673  4673 E EventBus: 	at io.github.privacystreams.utils.IOUtils.serialize(IOUtils.java:126)

06-22 19:15:00.787  4673  4673 E EventBus: 	at io.github.privacystreams.utils.IOUtils.serialize(IOUtils.java:126)

06-22 19:15:00.787  4673  4673 E EventBus: 	at io.github.privacystreams.utils.IOUtils.serialize(IOUtils.java:126)

06-22 19:15:00.787  4673  4673 E EventBus: 	at io.github.privacystreams.utils.IOUtils.serialize(IOUtils.java:126)

06-22 19:15:00.787  4673  4673 E EventBus: 	at io.github.privacystreams.utils.IOUtils.serialize(IOUtils.java:126)

06-22 19:15:00.787  4673  4673 E EventBus: 	at io.github.privacystreams.utils.IOUtils.serialize(IOUtils.java:126)

06-22 19:15:00.787  4673  4673 E EventBus: 	at io.github.privacystreams.utils.IOUtils.serialize(IOUtils.java:126)

06-22 19:15:00.787  4673  4673 E EventBus: 	at io.github.privacystreams.utils.IOUtils.serialize(IOUtils.java:126)

06-22 19:15:00.787  4673  4673 E EventBus: 	at io.github.privacystreams.utils.IOUtils.serialize(IOUtils.java:126)

06-22 19:15:00.787  4673  4673 E EventBus: 	at io.github.privacystreams.utils.IOUtils.serialize(IOUtils.java:126)

06-22 19:15:00.787  4673  4673 E EventBus: 	at io.github.privacystreams.utils.IOUtils.serialize(IOUtils.java:126)

06-22 19:15:00.787  4673  4673 E EventBus: 	at io.github.privacystreams.utils.IOUtils.serialize(IOUtils.java:126)

06-22 19:15:00.787  4673  4673 E EventBus: 	at io.github.privacystreams.utils.IOUtils.serialize(IOUtils.java:126)

06-22 19:15:00.787  4673  4673 E EventBus: 	at io.github.privacystreams.utils.IOUtils.serialize(IOUtils.java:126)

06-22 19:15:00.787  4673  4673 E EventBus: 	at io.github.privacystreams.utils.IOUtils.serialize(IOUtils.java:126)

06-22 19:15:00.787  4673  4673 E EventBus: 	at io.github.privacystreams.utils.IOUtils.serialize(IOUtils.java:126)

06-22 19:15:00.787  4673  4673 E EventBus: 	at io.github.privacystreams.utils.IOUtils.serialize(IOUtils.java:126)

06-22 19:15:00.787  4673  4673 E EventBus: 	at io.github.privacystreams.utils.IOUtils.serialize(IOUtils.java:126)

06-22 19:15:00.787  4673  4673 E EventBus: 	at io.github.privacystreams.utils.IOUtils.serialize(IOUtils.java:126)

06-22 19:15:00.787  4673  4673 E EventBus: 	at io.github.privacystreams.utils.IOUtils.serialize(IOUtils.java:126)

06-22 19:15:00.787  4673  4673 E EventBus: 	at io.github.privacystreams.utils.IOUtils.serialize(IOUtils.java:126)

06-22 19:15:00.787  4673  4673 E EventBus: 	at io.github.privacystreams.utils.IOUtils.serialize(IOUtils.java:126)

06-22 19:15:00.787  4673  4673 E EventBus: 	at io.github.privacystreams.utils.IOUtils.serialize(IOUtils.java:126)

06-22 19:15:00.787  4673  4673 E EventBus: 	at io.github.privacystreams.utils.IOUtils.serialize(IOUtils.java:126)

06-22 19:15:00.787  4673  4673 E EventBus: 	at io.github.privacystreams.utils.IOUtils.serialize(IOUtils.java:126)

06-22 19:15:00.787  4673  4673 E EventBus: 	at io.github.privacystreams.utils.IOUtils.serialize(IOUtils.java:126)

06-22 19:15:00.787  4673  4673 E EventBus: 	at io.github.privacystreams.utils.IOUtils.serialize(IOUtils.java:126)

06-22 19:15:00.787  4673  4673 E EventBus: 	at io.github.privacystreams.utils.IOUtils.serialize(IOUtils.java:126)

06-22 19:15:00.787  4673  4673 E EventBus: 	at io.github.privacystreams.utils.IOUtils.serialize(IOUtils.java:126)

06-22 19:15:00.787  4673  4673 E EventBus: 	at io.github.privacystreams.utils.IOUtils.serialize(IOUtils.java:126)

06-22 19:15:00.787  4673  4673 E EventBus: 	at io.github.privacystreams.utils.IOUtils.serialize(IOUtils.java:126)

06-22 19:15:00.787  4673  4673 E EventBus: 	at io.github.privacystreams.utils.IOUtils.serialize(IOUtils.java:126)

06-22 19:15:00.787  4673  4673 E EventBus: 	at io.github.privacystreams.utils.IOUtils.serialize(IOUtils.java:126)

06-22 19:15:00.787  4673  4673 E EventBus: 	at io.github.privacystreams.utils.IOUtils.serialize(IOUtils.java:126)

06-22 19:15:00.787  4673  4673 E EventBus: 	at io.github.privacystreams.utils.IOUtils.serialize(IOUtils.java:126)

06-22 19:15:00.787  4673  4673 E EventBus: 	at io.github.privacystreams.utils.IOUtils.serialize(IOUtils.java:126)

06-22 19:15:00.787  4673  4673 E EventBus: 	at io.github.privacystreams.utils.IOUtils.serialize(IOUtils.java:126)

06-22 19:15:00.787  4673  4673 E EventBus: 	at io.github.privacystreams.utils.IOUtils.serialize(IOUtils.java:126)

06-22 19:15:00.787  4673  4673 E EventBus: 	at io.github.privacystreams.utils.IOUtils.serialize(IOUtils.java:126)

06-22 19:15:00.787  4673  4673 E EventBus: 	at io.github.privacystreams.utils.IOUtils.serialize(IOUtils.java:126)

06-22 19:15:00.787  4673  4673 E EventBus: 	at io.github.privacystreams.utils.IOUtils.serialize(IOUtils.java:126)

06-22 19:15:00.787  4673  4673 E EventBus: 	at io.github.privacystreams.utils.IOUtils.serialize(IOUtils.java:126)

06-22 19:15:00.787  4673  4673 E EventBus: 	at io.github.privacystreams.utils.IOUtils.serialize(IOUtils.java:126)

06-22 19:15:00.787  4673  4673 E EventBus: 	at io.github.privacystreams.utils.IOUtils.serialize(IOUtils.java:126)

06-22 19:15:00.787  4673  4673 E EventBus: 	at io.github.privacystreams.utils.IOUtils.serialize(IOUtils.java:126)

06-22 19:15:00.787  4673  4673 E EventBus: 	at io.github.privacystreams.utils.IOUtils.serialize(IOUtils.java:126)

06-22 19:15:00.787  4673  4673 E EventBus: 	at io.github.privacystreams.utils.IOUtils.serialize(IOUtils.java:126)

06-22 19:15:00.787  4673  4673 E EventBus: 	at io.github.privacystreams.utils.IOUtils.serialize(IOUtils.java:126)

06-22 19:15:00.787  4673  4673 E EventBus: 	at io.github.privacystreams.utils.IOUtils.serialize(IOUtils.java:126)

06-22 19:15:00.787  5250 24231 I LSPosed-Bridge: 5250 PermLabel 10120 PM.checkPermission permName:android.permission.ACCESS_NETWORK_STATE; Package name: com.zaft.filminn; Result: 0; stacktrace=java.lang.Exception

06-22 19:15:00.787  5250 24231 I LSPosed-Bridge: 	at com.example.permlabel.requestPerm$1.afterHookedMethod(requestPerm.java:134)

06-22 19:15:00.787  5250 24231 I LSPosed-Bridge: 	at de.robv.android.xposed.XposedBridge$AdditionalHookInfo.callback(Unknown Source:147)

06-22 19:15:00.787  5250 24231 I LSPosed-Bridge: 	at LSPHooker_.checkPermission(Unknown Source:14)

06-22 19:15:00.787  5250 24231 I LSPosed-Bridge: 	at com.google.android.gms.ads.internal.util.q.t(:com.google.android.gms.policy_ads_fdr_dynamite@231710101@231710100057.526733554.526733554:3)

06-22 19:15:00.787  5250 24231 I LSPosed-Bridge: 	at com.google.android.gms.ads.nonagon.signals.fw.call(:com.google.android.gms.policy_ads_fdr_dynamite@231710101@231710100057.526733554.526733554:3)

06-22 19:15:00.787  5250 24231 I LSPosed-Bridge: 	at bsu.a(:com.google.android.gms.policy_ads_fdr_dynamite@231710101@231710100057.526733554.526733554:0)

06-22 19:15:00.787  5250 24231 I LSPosed-Bridge: 	at bsc.run(:com.google.android.gms.policy_ads_fdr_dynamite@231710101@231710100057.526733554.526733554:3)

06-22 19:15:00.787  5250 24231 I LSPosed-Bridge: 	at bsv.run(:com.google.android.gms.policy_ads_fdr_dynamite@231710101@231710100057.526733554.526733554:0)

06-22 19:15:00.787  5250 24231 I LSPosed-Bridge: 	at java.util.concurrent.ThreadPoolExecutor.runWorker(ThreadPoolExecutor.java:1167)

06-22 19:15:00.787  5250 24231 I LSPosed-Bridge: 	at java.util.concurrent.ThreadPoolExecutor$Worker.run(ThreadPoolExecutor.java:641)

06-22 19:15:00.787  5250 24231 I LSPosed-Bridge: 	at java.lang.Thread.run(Thread.java:764)

06-22 19:15:00.787  1567  5572 I LSPosed-Bridge: 5250 PermLabel 10120 AMS.checkPermission: Binder.getCallingPid() = 5250; uid = 10120; Binder.getCallingUid() = 10120; getNameForUid: com.zaft.filminn; getPackagesForUid: [com.zaft.filminn]; permName: android.permission.GET_TASKS; type = 0; res = -1; stacktrace=java.lang.Exception

06-22 19:15:00.787  1567  5572 I LSPosed-Bridge: 	at com.example.permlabel.requirePerm$1$2.afterHookedMethod(requirePerm.java:127)

06-22 19:15:00.787  1567  5572 I LSPosed-Bridge: 	at de.robv.android.xposed.XposedBridge$AdditionalHookInfo.callback(Unknown Source:147)

06-22 19:15:00.787  1567  5572 I LSPosed-Bridge: 	at LSPHooker_.checkPermission(Unknown Source:25)

06-22 19:15:00.787  1567  5572 I LSPosed-Bridge: 	at com.android.server.am.ActivityManagerService.isGetTasksAllowed(ActivityManagerService.java:10902)

06-22 19:15:00.787  1567  5572 I LSPosed-Bridge: 	at com.android.server.am.ActivityManagerService.getRunningAppProcesses(ActivityManagerService.java:16139)

06-22 19:15:00.787  1567  5572 I LSPosed-Bridge: 	at android.app.IActivityManager$Stub.onTransact(IActivityManager.java:1088)

06-22 19:15:00.787  1567  5572 I LSPosed-Bridge: 	at com.android.server.am.ActivityManagerService.onTransact(ActivityManagerService.java:3346)

06-22 19:15:00.787  1567  5572 I LSPosed-Bridge: 	at android.os.Binder.execTransact(Binder.java:731)

06-22 19:15:00.787  4673  4673 E EventBus: 	at io.github.privacystreams.utils.IOUtils.serialize(IOUtils.java:126)

06-22 19:15:00.787  4673  4673 E EventBus: 	at io.github.privacystreams.utils.IOUtils.serialize(IOUtils.java:126)

06-22 19:15:00.787  4673  4673 E EventBus: 	at io.github.privacystreams.utils.IOUtils.serialize(IOUtils.java:126)

06-22 19:15:00.787  4673  4673 E EventBus: 	at io.github.privacystreams.utils.IOUtils.serialize(IOUtils.java:126)

06-22 19:15:00.787  4673  4673 E EventBus: 	at io.github.privacystreams.utils.IOUtils.serialize(IOUtils.java:126)

06-22 19:15:00.787  4673  4673 E EventBus: 	at io.github.privacystreams.utils.IOUtils.serialize(IOUtils.java:126)

06-22 19:15:00.787  4673  4673 E EventBus: 	at io.github.privacystreams.utils.IOUtils.serialize(IOUtils.java:126)

06-22 19:15:00.787  4673  4673 E EventBus: 	at io.github.privacystreams.utils.IOUtils.serialize(IOUtils.java:126)

06-22 19:15:00.787  4673  4673 E EventBus: 	at io.github.privacystreams.utils.IOUtils.serialize(IOUtils.java:126)

06-22 19:15:00.787  4673  4673 E EventBus: 	at io.github.privacystreams.utils.IOUtils.serialize(IOUtils.java:126)

06-22 19:15:00.787  4673  4673 E EventBus: 	at io.github.privacystreams.utils.IOUtils.serialize(IOUtils.java:126)

06-22 19:15:00.787  4673  4673 E EventBus: 	at io.github.privacystreams.utils.IOUtils.serialize(IOUtils.java:126)

06-22 19:15:00.787  4673  4673 E EventBus: 	at io.github.privacystreams.utils.IOUtils.serialize(IOUtils.java:126)

06-22 19:15:00.787  4673  4673 E EventBus: 	at io.github.privacystreams.utils.IOUtils.serialize(IOUtils.java:126)

06-22 19:15:00.787  4673  4673 E EventBus: 	at io.github.privacystreams.utils.IOUtils.serialize(IOUtils.java:126)

06-22 19:15:00.787  4673  4673 E EventBus: 	at io.github.privacystreams.utils.IOUtils.serialize(IOUtils.java:126)

06-22 19:15:00.787  4673  4673 E EventBus: 	at io.github.privacystreams.utils.IOUtils.serialize(IOUtils.java:126)

06-22 19:15:00.787  4673  4673 E EventBus: 	at io.github.privacystreams.utils.IOUtils.serialize(IOUtils.java:126)

06-22 19:15:00.787  4673  4673 E EventBus: 	at io.github.privacystreams.utils.IOUtils.serialize(IOUtils.java:126)

06-22 19:15:00.787  4673  4673 E EventBus: 	at io.github.privacystreams.utils.IOUtils.serialize(IOUtils.java:126)

06-22 19:15:00.787  4673  4673 E EventBus: 	at io.github.privacystreams.utils.IOUtils.serialize(IOUtils.java:126)

06-22 19:15:00.787  4673  4673 E EventBus: 	at io.github.privacystreams.utils.IOUtils.serialize(IOUtils.java:126)

06-22 19:15:00.787  4673  4673 E EventBus: 	at io.github.privacystreams.utils.IOUtils.serialize(IOUtils.java:126)

06-22 19:15:00.787  4673  4673 E EventBus: 	at io.github.privacystreams.utils.IOUtils.serialize(IOUtils.java:126)

06-22 19:15:00.787  4673  4673 E EventBus: 	at io.github.privacystreams.utils.IOUtils.serialize(IOUtils.java:126)

06-22 19:15:00.787  4673  4673 E EventBus: 	at io.github.privacystreams.utils.IOUtils.serialize(IOUtils.java:126)

06-22 19:15:00.787  4673  4673 E EventBus: 	at io.github.privacystreams.utils.IOUtils.serialize(IOUtils.java:126)

06-22 19:15:00.787  4673  4673 E EventBus: 	at io.github.privacystreams.utils.IOUtils.serialize(IOUtils.java:126)

06-22 19:15:00.787  4673  4673 E EventBus: 	at io.github.privacystreams.utils.IOUtils.serialize(IOUtils.java:126)

06-22 19:15:00.787  4673  4673 E EventBus: 	at io.github.privacystreams.utils.IOUtils.serialize(IOUtils.java:126)

06-22 19:15:00.787  4673  4673 E EventBus: 	at io.github.privacystreams.utils.IOUtils.serialize(IOUtils.java:126)

06-22 19:15:00.787  4673  4673 E EventBus: 	at io.github.privacystreams.utils.IOUtils.serialize(IOUtils.java:126)

06-22 19:15:00.787  4673  4673 E EventBus: 	at io.github.privacystreams.utils.IOUtils.serialize(IOUtils.java:126)

06-22 19:15:00.787  4673  4673 E EventBus: 	at io.github.privacystreams.utils.IOUtils.serialize(IOUtils.java:126)

06-22 19:15:00.787  4673  4673 E EventBus: 	at io.github.privacystreams.utils.IOUtils.serialize(IOUtils.java:126)

06-22 19:15:00.787  4673  4673 E EventBus: 	at io.github.privacystreams.utils.IOUtils.serialize(IOUtils.java:126)

06-22 19:15:00.787  4673  4673 E EventBus: 	at io.github.privacystreams.utils.IOUtils.serialize(IOUtils.java:126)

06-22 19:15:00.787  4673  4673 E EventBus: 	at io.github.privacystreams.utils.IOUtils.serialize(IOUtils.java:126)

06-22 19:15:00.787  4673  4673 E EventBus: 	at io.github.privacystreams.utils.IOUtils.serialize(IOUtils.java:126)

