06-22 19:15:00.787  4673  4673 E EventBus: 	at io.github.privacystreams.utils.IOUtils.serialize(IOUtils.java:126)

06-22 19:15:00.787  4673  4673 E EventBus: 	at io.github.privacystreams.utils.IOUtils.serialize(IOUtils.java:126)

06-22 19:15:00.787  4673  4673 E EventBus: 	at io.github.privacystreams.utils.IOUtils.serialize(IOUtils.java:126)

06-22 19:15:00.787  4673  4673 E EventBus: 	at io.github.privacystreams.utils.IOUtils.serialize(IOUtils.java:126)

06-22 19:15:00.787  4673  4673 E EventBus: 	at io.github.privacystreams.utils.IOUtils.serialize(IOUtils.java:126)

06-22 19:15:00.787  4673  4673 E EventBus: 	at io.github.privacystreams.utils.IOUtils.serialize(IOUtils.java:126)

06-22 19:15:00.787  4673  4673 E EventBus: 	at io.github.privacystreams.utils.IOUtils.serialize(IOUtils.java:126)

06-22 19:15:00.787  4673  4673 E EventBus: 	at io.github.privacystreams.utils.IOUtils.serialize(IOUtils.java:126)

06-22 19:15:00.787  4673  4673 E EventBus: 	at io.github.privacystreams.utils.IOUtils.serialize(IOUtils.java:126)

06-22 19:15:00.787  4673  4673 E EventBus: 	at io.github.privacystreams.utils.IOUtils.serialize(IOUtils.java:126)

06-22 19:15:00.787  4673  4673 E EventBus: 	at io.github.privacystreams.utils.IOUtils.serialize(IOUtils.java:126)

06-22 19:15:00.787  4673  4673 E EventBus: 	at io.github.privacystreams.utils.IOUtils.serialize(IOUtils.java:126)

06-22 19:15:00.787  4673  4673 E EventBus: 	at io.github.privacystreams.utils.IOUtils.serialize(IOUtils.java:126)

06-22 19:15:00.787  4673  4673 E EventBus: 	at io.github.privacystreams.utils.IOUtils.serialize(IOUtils.java:126)

06-22 19:15:00.787  4673  4673 E EventBus: 	at io.github.privacystreams.utils.IOUtils.serialize(IOUtils.java:126)

06-22 19:15:00.787  4673  4673 E EventBus: 	at io.github.privacystreams.utils.IOUtils.serialize(IOUtils.java:126)

06-22 19:15:00.787  4673  4673 E EventBus: 	at io.github.privacystreams.utils.IOUtils.serialize(IOUtils.java:126)

06-22 19:15:00.813  1567  5439 I LSPosed-Bridge: 5250 PermLabel 10120 AMS.checkPermission: Binder.getCallingPid() = 5250; uid = 10120; Binder.getCallingUid() = 10120; getNameForUid: com.zaft.filminn; getPackagesForUid: [com.zaft.filminn]; permName: android.permission.GET_TASKS; type = 0; res = -1; stacktrace=java.lang.Exception

06-22 19:15:00.813  1567  5439 I LSPosed-Bridge: 	at com.example.permlabel.requirePerm$1$2.afterHookedMethod(requirePerm.java:127)

06-22 19:15:00.813  1567  5439 I LSPosed-Bridge: 	at de.robv.android.xposed.XposedBridge$AdditionalHookInfo.callback(Unknown Source:147)

06-22 19:15:00.813  1567  5439 I LSPosed-Bridge: 	at LSPHooker_.checkPermission(Unknown Source:25)

06-22 19:15:00.813  1567  5439 I LSPosed-Bridge: 	at com.android.server.am.ActivityManagerService.isGetTasksAllowed(ActivityManagerService.java:10902)

06-22 19:15:00.813  1567  5439 I LSPosed-Bridge: 	at com.android.server.am.ActivityManagerService.getFilteredTasks(ActivityManagerService.java:10884)

06-22 19:15:00.813  1567  5439 I LSPosed-Bridge: 	at com.android.server.am.ActivityManagerService.getTasks(ActivityManagerService.java:10872)

06-22 19:15:00.813  1567  5439 I LSPosed-Bridge: 	at android.app.IActivityManager$Stub.onTransact(IActivityManager.java:288)

06-22 19:15:00.813  1567  5439 I LSPosed-Bridge: 	at com.android.server.am.ActivityManagerService.onTransact(ActivityManagerService.java:3346)

06-22 19:15:00.813  1567  5439 I LSPosed-Bridge: 	at android.os.Binder.execTransact(Binder.java:731)

06-22 19:15:01.893  1567  1708 I LSPosed-Bridge: 5250 PermLabel 10120 AMS.checkPermission: Binder.getCallingPid() = 5250; uid = 10120; Binder.getCallingUid() = 10120; getNameForUid: com.zaft.filminn; getPackagesForUid: [com.zaft.filminn]; permName: android.permission.GET_TASKS; type = 0; res = -1; stacktrace=java.lang.Exception

06-22 19:15:01.893  1567  1708 I LSPosed-Bridge: 	at com.example.permlabel.requirePerm$1$2.afterHookedMethod(requirePerm.java:127)

06-22 19:15:01.893  1567  1708 I LSPosed-Bridge: 	at de.robv.android.xposed.XposedBridge$AdditionalHookInfo.callback(Unknown Source:147)

06-22 19:15:01.893  1567  1708 I LSPosed-Bridge: 	at LSPHooker_.checkPermission(Unknown Source:25)

06-22 19:15:01.893  1567  1708 I LSPosed-Bridge: 	at com.android.server.am.ActivityManagerService.isGetTasksAllowed(ActivityManagerService.java:10902)

06-22 19:15:01.893  1567  1708 I LSPosed-Bridge: 	at com.android.server.am.ActivityManagerService.getRunningAppProcesses(ActivityManagerService.java:16139)

06-22 19:15:01.893  1567  1708 I LSPosed-Bridge: 	at android.app.IActivityManager$Stub.onTransact(IActivityManager.java:1088)

06-22 19:15:01.893  1567  1708 I LSPosed-Bridge: 	at com.android.server.am.ActivityManagerService.onTransact(ActivityManagerService.java:3346)

06-22 19:15:01.893  1567  1708 I LSPosed-Bridge: 	at android.os.Binder.execTransact(Binder.java:731)

06-22 19:16:11.869  5250  5250 I LSPosed-Bridge: 5250 PermLabel 10120 ContextImpl.checkPermission: pid = 5250; uid = 10120; permName: com.google.android.gms.permission.AD_ID; type = 0; res = -1; stacktrace=java.lang.Exception

06-22 19:16:11.869  5250  5250 I LSPosed-Bridge: 	at com.example.permlabel.requestPerm$2.afterHookedMethod(requestPerm.java:212)

06-22 19:16:11.869  5250  5250 I LSPosed-Bridge: 	at de.robv.android.xposed.XposedBridge$AdditionalHookInfo.callback(Unknown Source:147)

06-22 19:16:11.869  5250  5250 I LSPosed-Bridge: 	at LSPHooker_.checkPermission(Unknown Source:25)

06-22 19:16:11.869  5250  5250 I LSPosed-Bridge: 	at android.content.ContextWrapper.checkPermission(ContextWrapper.java:738)

06-22 19:16:11.869  5250  5250 I LSPosed-Bridge: 	at com.google.android.gms.ads.nonagon.signals.a.b(:com.google.android.gms.policy_ads_fdr_dynamite@231710101@231710100057.526733554.526733554:3)

06-22 19:16:11.869  5250  5250 I LSPosed-Bridge: 	at com.google.android.gms.ads.nonagon.signals.fp.a(:com.google.android.gms.policy_ads_fdr_dynamite@231710101@231710100057.526733554.526733554:3)

06-22 19:16:11.869  5250  5250 I LSPosed-Bridge: 	at com.google.android.gms.ads.nonagon.ad.common.ci.a(:com.google.android.gms.policy_ads_fdr_dynamite@231710101@231710100057.526733554.526733554:0)

06-22 19:16:11.869  5250  5250 I LSPosed-Bridge: 	at com.google.android.gms.ads.nonagon.ad.common.ci.b(:com.google.android.gms.policy_ads_fdr_dynamite@231710101@231710100057.526733554.526733554:1)

06-22 19:16:11.869  5250  5250 I LSPosed-Bridge: 	at com.google.android.gms.ads.nonagon.ad.common.ai.d(:com.google.android.gms.policy_ads_fdr_dynamite@231710101@231710100057.526733554.526733554:29)

06-22 19:16:11.869  5250  5250 I LSPosed-Bridge: 	at com.google.android.gms.ads.nonagon.ad.common.ai.b(:com.google.android.gms.policy_ads_fdr_dynamite@231710101@231710100057.526733554.526733554:0)

06-22 19:16:11.869  5250  5250 I LSPosed-Bridge: 	at com.google.android.gms.ads.nonagon.shim.f.S(:com.google.android.gms.policy_ads_fdr_dynamite@231710101@231710100057.526733554.526733554:25)

06-22 19:16:11.869  5250  5250 I LSPosed-Bridge: 	at com.google.android.gms.ads.nonagon.shim.f.i(:com.google.android.gms.policy_ads_fdr_dynamite@231710101@231710100057.526733554.526733554:11)

06-22 19:16:11.869  5250  5250 I LSPosed-Bridge: 	at com.google.android.gms.ads.nonagon.ad.event.bg.a(:com.google.android.gms.policy_ads_fdr_dynamite@231710101@231710100057.526733554.526733554:0)

06-22 19:16:11.869  5250  5250 I LSPosed-Bridge: 	at com.google.android.gms.ads.nonagon.ad.event.du.run(:com.google.android.gms.policy_ads_fdr_dynamite@231710101@231710100057.526733554.526733554:2)

06-22 19:16:11.869  5250  5250 I LSPosed-Bridge: 	at android.os.Handler.handleCallback(Handler.java:873)

06-22 19:16:11.869  5250  5250 I LSPosed-Bridge: 	at android.os.Handler.dispatchMessage(Handler.java:99)

06-22 19:16:11.869  5250  5250 I LSPosed-Bridge: 	at atm.a(:com.google.android.gms.policy_ads_fdr_dynamite@231710101@231710100057.526733554.526733554:0)

06-22 19:16:11.869  5250  5250 I LSPosed-Bridge: 	at com.google.android.gms.ads.internal.util.f.a(:com.google.android.gms.policy_ads_fdr_dynamite@231710101@231710100057.526733554.526733554:1)

06-22 19:16:11.869  5250  5250 I LSPosed-Bridge: 	at atm.dispatchMessage(:com.google.android.gms.policy_ads_fdr_dynamite@231710101@231710100057.526733554.526733554:0)

06-22 19:16:11.869  5250  5250 I LSPosed-Bridge: 	at android.os.Looper.loop(Looper.java:193)

06-22 19:16:11.869  5250  5250 I LSPosed-Bridge: 	at android.app.ActivityThread.main(ActivityThread.java:6692)

06-22 19:16:11.869  5250  5250 I LSPosed-Bridge: 	at java.lang.reflect.Method.invoke(Native Method)

06-22 19:16:11.869  5250  5250 I LSPosed-Bridge: 	at com.android.internal.os.RuntimeInit$MethodAndArgsCaller.run(RuntimeInit.java:493)

06-22 19:16:11.869  5250  5250 I LSPosed-Bridge: 	at com.android.internal.os.ZygoteInit.main(ZygoteInit.java:858)

06-22 19:16:11.869  1567  1844 I LSPosed-Bridge: 5250 PermLabel 10120 AMS.checkPermission: Binder.getCallingPid() = 5250; uid = 10120; Binder.getCallingUid() = 10120; getNameForUid: com.zaft.filminn; getPackagesForUid: [com.zaft.filminn]; permName: android.permission.GET_TASKS; type = 0; res = -1; stacktrace=java.lang.Exception

06-22 19:16:11.869  1567  1844 I LSPosed-Bridge: 	at com.example.permlabel.requirePerm$1$2.afterHookedMethod(requirePerm.java:127)

06-22 19:16:11.869  1567  1844 I LSPosed-Bridge: 	at de.robv.android.xposed.XposedBridge$AdditionalHookInfo.callback(Unknown Source:147)

06-22 19:16:11.869  1567  1844 I LSPosed-Bridge: 	at LSPHooker_.checkPermission(Unknown Source:25)

06-22 19:16:11.869  1567  1844 I LSPosed-Bridge: 	at com.android.server.am.ActivityManagerService.isGetTasksAllowed(ActivityManagerService.java:10902)

06-22 19:16:11.869  1567  1844 I LSPosed-Bridge: 	at com.android.server.am.ActivityManagerService.getRunningAppProcesses(ActivityManagerService.java:16139)

06-22 19:16:11.869  1567  1844 I LSPosed-Bridge: 	at android.app.IActivityManager$Stub.onTransact(IActivityManager.java:1088)

06-22 19:16:11.869  1567  1844 I LSPosed-Bridge: 	at com.android.server.am.ActivityManagerService.onTransact(ActivityManagerService.java:3346)

06-22 19:16:11.869  1567  1844 I LSPosed-Bridge: 	at android.os.Binder.execTransact(Binder.java:731)

06-22 19:16:11.890  1567  1844 I LSPosed-Bridge: 5250 PermLabel 10120 AMS.checkPermission: Binder.getCallingPid() = 5250; uid = 10120; Binder.getCallingUid() = 10120; getNameForUid: com.zaft.filminn; getPackagesForUid: [com.zaft.filminn]; permName: android.permission.GET_TASKS; type = 0; res = -1; stacktrace=java.lang.Exception

06-22 19:16:11.890  1567  1844 I LSPosed-Bridge: 	at com.example.permlabel.requirePerm$1$2.afterHookedMethod(requirePerm.java:127)

06-22 19:16:11.890  1567  1844 I LSPosed-Bridge: 	at de.robv.android.xposed.XposedBridge$AdditionalHookInfo.callback(Unknown Source:147)

06-22 19:16:11.890  1567  1844 I LSPosed-Bridge: 	at LSPHooker_.checkPermission(Unknown Source:25)

06-22 19:16:11.890  1567  1844 I LSPosed-Bridge: 	at com.android.server.am.ActivityManagerService.isGetTasksAllowed(ActivityManagerService.java:10902)

06-22 19:16:11.890  1567  1844 I LSPosed-Bridge: 	at com.android.server.am.ActivityManagerService.getFilteredTasks(ActivityManagerService.java:10884)

06-22 19:16:11.890  1567  1844 I LSPosed-Bridge: 	at com.android.server.am.ActivityManagerService.getTasks(ActivityManagerService.java:10872)

06-22 19:16:11.890  1567  1844 I LSPosed-Bridge: 	at android.app.IActivityManager$Stub.onTransact(IActivityManager.java:288)

06-22 19:16:11.890  1567  1844 I LSPosed-Bridge: 	at com.android.server.am.ActivityManagerService.onTransact(ActivityManagerService.java:3346)

06-22 19:16:11.890  1567  1844 I LSPosed-Bridge: 	at android.os.Binder.execTransact(Binder.java:731)

06-22 19:16:12.851  4673  4673 I chatty  : uid=10114(io.github.ylimit.droidbotapp) identical 4 lines

06-22 19:16:12.851  4673  4673 E EventBus: 	at io.github.privacystreams.utils.IOUtils.serialize(IOUtils.java:126)

06-22 19:16:12.851  4673  4673 E EventBus: 	at io.github.privacystreams.utils.IOUtils.serialize(IOUtils.java:126)

06-22 19:16:12.851  4673  4673 E EventBus: 	at io.github.privacystreams.utils.IOUtils.serialize(IOUtils.java:126)

06-22 19:16:12.851  4673  4673 E EventBus: 	at io.github.privacystreams.utils.IOUtils.serialize(IOUtils.java:126)

06-22 19:16:12.851  4673  4673 E EventBus: 	at io.github.privacystreams.utils.IOUtils.serialize(IOUtils.java:126)

06-22 19:16:12.851  4673  4673 E EventBus: 	at io.github.privacystreams.utils.IOUtils.serialize(IOUtils.java:126)

06-22 19:16:12.851  4673  4673 E EventBus: 	at io.github.privacystreams.utils.IOUtils.serialize(IOUtils.java:126)

06-22 19:16:12.851  4673  4673 E EventBus: 	at io.github.privacystreams.utils.IOUtils.serialize(IOUtils.java:126)

06-22 19:16:12.851  4673  4673 E EventBus: 	at io.github.privacystreams.utils.IOUtils.serialize(IOUtils.java:126)

06-22 19:16:12.851  4673  4673 E EventBus: 	at io.github.privacystreams.utils.IOUtils.serialize(IOUtils.java:126)

06-22 19:16:12.851  4673  4673 E EventBus: 	at io.github.privacystreams.utils.IOUtils.serialize(IOUtils.java:126)

06-22 19:16:12.851  4673  4673 E EventBus: 	at io.github.privacystreams.utils.IOUtils.serialize(IOUtils.java:126)

06-22 19:16:12.851  4673  4673 E EventBus: 	at io.github.privacystreams.utils.IOUtils.serialize(IOUtils.java:126)

06-22 19:16:12.851  4673  4673 E EventBus: 	at io.github.privacystreams.utils.IOUtils.serialize(IOUtils.java:126)

06-22 19:16:12.851  4673  4673 E EventBus: 	at io.github.privacystreams.utils.IOUtils.serialize(IOUtils.java:126)

06-22 19:16:12.851  4673  4673 E EventBus: 	at io.github.privacystreams.utils.IOUtils.serialize(IOUtils.java:126)

06-22 19:16:12.851  4673  4673 E EventBus: 	at io.github.privacystreams.utils.IOUtils.serialize(IOUtils.java:126)

06-22 19:16:12.851  4673  4673 E EventBus: 	at io.github.privacystreams.utils.IOUtils.serialize(IOUtils.java:126)

06-22 19:16:12.851  4673  4673 E EventBus: 	at io.github.privacystreams.utils.IOUtils.serialize(IOUtils.java:126)

06-22 19:16:12.851  4673  4673 E EventBus: 	at io.github.privacystreams.utils.IOUtils.serialize(IOUtils.java:126)

06-22 19:16:12.851  4673  4673 E EventBus: 	at io.github.privacystreams.utils.IOUtils.serialize(IOUtils.java:126)

06-22 19:16:12.851  4673  4673 E EventBus: 	at io.github.privacystreams.utils.IOUtils.serialize(IOUtils.java:126)

06-22 19:16:12.851  4673  4673 E EventBus: 	at io.github.privacystreams.utils.IOUtils.serialize(IOUtils.java:126)

06-22 19:16:12.851  4673  4673 E EventBus: 	at io.github.privacystreams.utils.IOUtils.serialize(IOUtils.java:126)

06-22 19:16:12.851  4673  4673 E EventBus: 	at io.github.privacystreams.utils.IOUtils.serialize(IOUtils.java:126)

06-22 19:16:12.851  4673  4673 E EventBus: 	at io.github.privacystreams.utils.IOUtils.serialize(IOUtils.java:126)

06-22 19:16:12.851  4673  4673 E EventBus: 	at io.github.privacystreams.utils.IOUtils.serialize(IOUtils.java:126)

06-22 19:16:12.851  4673  4673 E EventBus: 	at io.github.privacystreams.utils.IOUtils.serialize(IOUtils.java:126)

06-22 19:16:12.851  4673  4673 E EventBus: 	at io.github.privacystreams.utils.IOUtils.serialize(IOUtils.java:126)

06-22 19:16:12.851  4673  4673 E EventBus: 	at io.github.privacystreams.utils.IOUtils.serialize(IOUtils.java:126)

06-22 19:16:12.851  4673  4673 E EventBus: 	at io.github.privacystreams.utils.IOUtils.serialize(IOUtils.java:126)

06-22 19:16:12.851  4673  4673 E EventBus: 	at io.github.privacystreams.utils.IOUtils.serialize(IOUtils.java:126)

06-22 19:16:12.851  4673  4673 E EventBus: 	at io.github.privacystreams.utils.IOUtils.serialize(IOUtils.java:126)

06-22 19:16:12.851  4673  4673 E EventBus: 	at io.github.privacystreams.utils.IOUtils.serialize(IOUtils.java:126)

06-22 19:16:12.851  4673  4673 E EventBus: 	at io.github.privacystreams.utils.IOUtils.serialize(IOUtils.java:126)

06-22 19:16:12.851  4673  4673 E EventBus: 	at io.github.privacystreams.utils.IOUtils.serialize(IOUtils.java:126)

06-22 19:16:12.851  4673  4673 E EventBus: 	at io.github.privacystreams.utils.IOUtils.serialize(IOUtils.java:126)

06-22 19:16:12.851  4673  4673 E EventBus: 	at io.github.privacystreams.utils.IOUtils.serialize(IOUtils.java:126)

06-22 19:16:12.851  4673  4673 E EventBus: 	at io.github.privacystreams.utils.IOUtils.serialize(IOUtils.java:126)

06-22 19:16:12.851  4673  4673 E EventBus: 	at io.github.privacystreams.utils.IOUtils.serialize(IOUtils.java:126)

06-22 19:16:12.851  4673  4673 E EventBus: 	at io.github.privacystreams.utils.IOUtils.serialize(IOUtils.java:126)

06-22 19:16:12.851  4673  4673 E EventBus: 	at io.github.privacystreams.utils.IOUtils.serialize(IOUtils.java:126)

06-22 19:16:12.851  4673  4673 E EventBus: 	at io.github.privacystreams.utils.IOUtils.serialize(IOUtils.java:126)

06-22 19:16:12.851  4673  4673 E EventBus: 	at io.github.privacystreams.utils.IOUtils.serialize(IOUtils.java:126)

06-22 19:16:12.851  4673  4673 E EventBus: 	at io.github.privacystreams.utils.IOUtils.serialize(IOUtils.java:126)

06-22 19:16:12.851  4673  4673 E EventBus: 	at io.github.privacystreams.utils.IOUtils.serialize(IOUtils.java:126)

06-22 19:16:12.851  4673  4673 E EventBus: 	at io.github.privacystreams.utils.IOUtils.serialize(IOUtils.java:126)

06-22 19:16:12.851  4673  4673 E EventBus: 	at io.github.privacystreams.utils.IOUtils.serialize(IOUtils.java:126)

06-22 19:16:12.851  4673  4673 E EventBus: 	at io.github.privacystreams.utils.IOUtils.serialize(IOUtils.java:126)

06-22 19:16:12.851  4673  4673 E EventBus: 	at io.github.privacystreams.utils.IOUtils.serialize(IOUtils.java:126)

06-22 19:16:12.851  4673  4673 E EventBus: 	at io.github.privacystreams.utils.IOUtils.serialize(IOUtils.java:126)

06-22 19:16:12.851  4673  4673 E EventBus: 	at io.github.privacystreams.utils.IOUtils.serialize(IOUtils.java:126)

06-22 19:16:12.851  4673  4673 E EventBus: 	at io.github.privacystreams.utils.IOUtils.serialize(IOUtils.java:126)

06-22 19:16:12.851  4673  4673 E EventBus: 	at io.github.privacystreams.utils.IOUtils.serialize(IOUtils.java:126)

06-22 19:16:12.851  4673  4673 E EventBus: 	at io.github.privacystreams.utils.IOUtils.serialize(IOUtils.java:126)

06-22 19:16:12.851  4673  4673 E EventBus: 	at io.github.privacystreams.utils.IOUtils.serialize(IOUtils.java:126)

06-22 19:16:12.851  1567  5606 I LSPosed-Bridge: 5250 PermLabel 10120 AMS.checkPermission: Binder.getCallingPid() = 5250; uid = 10120; Binder.getCallingUid() = 10120; getNameForUid: com.zaft.filminn; getPackagesForUid: [com.zaft.filminn]; permName: android.permission.GET_TASKS; type = 0; res = -1; stacktrace=java.lang.Exception

06-22 19:16:12.851  1567  5606 I LSPosed-Bridge: 	at com.example.permlabel.requirePerm$1$2.afterHookedMethod(requirePerm.java:127)

06-22 19:16:12.851  1567  5606 I LSPosed-Bridge: 	at de.robv.android.xposed.XposedBridge$AdditionalHookInfo.callback(Unknown Source:147)

06-22 19:16:12.851  1567  5606 I LSPosed-Bridge: 	at LSPHooker_.checkPermission(Unknown Source:25)

06-22 19:16:12.851  1567  5606 I LSPosed-Bridge: 	at com.android.server.am.ActivityManagerService.isGetTasksAllowed(ActivityManagerService.java:10902)

06-22 19:16:12.851  1567  5606 I LSPosed-Bridge: 	at com.android.server.am.ActivityManagerService.getRunningAppProcesses(ActivityManagerService.java:16139)

06-22 19:16:12.851  1567  5606 I LSPosed-Bridge: 	at android.app.IActivityManager$Stub.onTransact(IActivityManager.java:1088)

06-22 19:16:12.851  1567  5606 I LSPosed-Bridge: 	at com.android.server.am.ActivityManagerService.onTransact(ActivityManagerService.java:3346)

06-22 19:16:12.851  1567  5606 I LSPosed-Bridge: 	at android.os.Binder.execTransact(Binder.java:731)

06-22 19:16:12.851  4673  4673 E EventBus: 	at io.github.privacystreams.utils.IOUtils.serialize(IOUtils.java:126)

06-22 19:16:12.851  4673  4673 E EventBus: 	at io.github.privacystreams.utils.IOUtils.serialize(IOUtils.java:126)

06-22 19:16:12.851  4673  4673 E EventBus: 	at io.github.privacystreams.utils.IOUtils.serialize(IOUtils.java:126)

06-22 19:16:12.851  4673  4673 E EventBus: 	at io.github.privacystreams.utils.IOUtils.serialize(IOUtils.java:126)

06-22 19:16:12.851  4673  4673 E EventBus: 	at io.github.privacystreams.utils.IOUtils.serialize(IOUtils.java:126)

06-22 19:16:12.851  4673  4673 E EventBus: 	at io.github.privacystreams.utils.IOUtils.serialize(IOUtils.java:126)

06-22 19:16:12.851  4673  4673 E EventBus: 	at io.github.privacystreams.utils.IOUtils.serialize(IOUtils.java:126)

06-22 19:16:12.851  4673  4673 E EventBus: 	at io.github.privacystreams.utils.IOUtils.serialize(IOUtils.java:126)

06-22 19:16:12.851  4673  4673 E EventBus: 	at io.github.privacystreams.utils.IOUtils.serialize(IOUtils.java:126)

06-22 19:16:12.851  4673  4673 E EventBus: 	at io.github.privacystreams.utils.IOUtils.serialize(IOUtils.java:126)

06-22 19:16:12.851  4673  4673 E EventBus: 	at io.github.privacystreams.utils.IOUtils.serialize(IOUtils.java:126)

06-22 19:16:12.851  4673  4673 E EventBus: 	at io.github.privacystreams.utils.IOUtils.serialize(IOUtils.java:126)

06-22 19:16:12.851  4673  4673 E EventBus: 	at io.github.privacystreams.utils.IOUtils.serialize(IOUtils.java:126)

06-22 19:16:12.851  4673  4673 E EventBus: 	at io.github.privacystreams.utils.IOUtils.serialize(IOUtils.java:126)

06-22 19:16:12.851  4673  4673 E EventBus: 	at io.github.privacystreams.utils.IOUtils.serialize(IOUtils.java:126)

06-22 19:16:12.851  4673  4673 E EventBus: 	at io.github.privacystreams.utils.IOUtils.serialize(IOUtils.java:126)

06-22 19:16:12.851  4673  4673 E EventBus: 	at io.github.privacystreams.utils.IOUtils.serialize(IOUtils.java:126)

06-22 19:16:12.851  4673  4673 E EventBus: 	at io.github.privacystreams.utils.IOUtils.serialize(IOUtils.java:126)

06-22 19:16:12.851  4673  4673 E EventBus: 	at io.github.privacystreams.utils.IOUtils.serialize(IOUtils.java:126)

06-22 19:16:12.851  4673  4673 E EventBus: 	at io.github.privacystreams.utils.IOUtils.serialize(IOUtils.java:126)

06-22 19:16:12.851  4673  4673 E EventBus: 	at io.github.privacystreams.utils.IOUtils.serialize(IOUtils.java:126)

06-22 19:16:12.851  4673  4673 E EventBus: 	at io.github.privacystreams.utils.IOUtils.serialize(IOUtils.java:126)

06-22 19:16:12.851  4673  4673 E EventBus: 	at io.github.privacystreams.utils.IOUtils.serialize(IOUtils.java:126)

06-22 19:16:12.851  4673  4673 E EventBus: 	at io.github.privacystreams.utils.IOUtils.serialize(IOUtils.java:126)

06-22 19:16:12.851  4673  4673 E EventBus: 	at io.github.privacystreams.utils.IOUtils.serialize(IOUtils.java:126)

06-22 19:16:12.851  4673  4673 E EventBus: 	at io.github.privacystreams.utils.IOUtils.serialize(IOUtils.java:126)

06-22 19:16:12.851  4673  4673 E EventBus: 	at io.github.privacystreams.utils.IOUtils.serialize(IOUtils.java:126)

06-22 19:16:12.851  4673  4673 E EventBus: 	at io.github.privacystreams.utils.IOUtils.serialize(IOUtils.java:126)

06-22 19:16:12.851  4673  4673 E EventBus: 	at io.github.privacystreams.utils.IOUtils.serialize(IOUtils.java:126)

06-22 19:16:12.851  4673  4673 E EventBus: 	at io.github.privacystreams.utils.IOUtils.serialize(IOUtils.java:126)

06-22 19:16:12.851  4673  4673 E EventBus: 	at io.github.privacystreams.utils.IOUtils.serialize(IOUtils.java:126)

06-22 19:16:12.851  4673  4673 E EventBus: 	at io.github.privacystreams.utils.IOUtils.serialize(IOUtils.java:126)

06-22 19:16:12.851  4673  4673 E EventBus: 	at io.github.privacystreams.utils.IOUtils.serialize(IOUtils.java:126)

06-22 19:16:12.851  4673  4673 E EventBus: 	at io.github.privacystreams.utils.IOUtils.serialize(IOUtils.java:126)

06-22 19:16:12.851  4673  4673 E EventBus: 	at io.github.privacystreams.utils.IOUtils.serialize(IOUtils.java:126)

06-22 19:16:12.851  4673  4673 E EventBus: 	at io.github.privacystreams.utils.IOUtils.serialize(IOUtils.java:126)

06-22 19:16:12.851  4673  4673 E EventBus: 	at io.github.privacystreams.utils.IOUtils.serialize(IOUtils.java:126)

06-22 19:16:12.851  4673  4673 E EventBus: 	at io.github.privacystreams.utils.IOUtils.serialize(IOUtils.java:126)

06-22 19:16:12.851  4673  4673 E EventBus: 	at io.github.privacystreams.utils.IOUtils.serialize(IOUtils.java:126)

06-22 19:16:12.851  4673  4673 E EventBus: 	at io.github.privacystreams.utils.IOUtils.serialize(IOUtils.java:126)

06-22 19:16:12.851  4673  4673 E EventBus: 	at io.github.privacystreams.utils.IOUtils.serialize(IOUtils.java:126)

06-22 19:16:12.851  4673  4673 E EventBus: 	at io.github.privacystreams.utils.IOUtils.serialize(IOUtils.java:126)

06-22 19:16:12.851  4673  4673 E EventBus: 	at io.github.privacystreams.utils.IOUtils.serialize(IOUtils.java:126)

06-22 19:16:12.851  4673  4673 E EventBus: 	at io.github.privacystreams.utils.IOUtils.serialize(IOUtils.java:126)

06-22 19:16:12.851  4673  4673 E EventBus: 	at io.github.privacystreams.utils.IOUtils.serialize(IOUtils.java:126)

06-22 19:16:12.851  4673  4673 E EventBus: 	at io.github.privacystreams.utils.IOUtils.serialize(IOUtils.java:126)

06-22 19:16:12.851  4673  4673 E EventBus: 	at io.github.privacystreams.utils.IOUtils.serialize(IOUtils.java:126)

06-22 19:16:12.851  4673  4673 E EventBus: 	at io.github.privacystreams.utils.IOUtils.serialize(IOUtils.java:126)

06-22 19:16:12.851  4673  4673 E EventBus: 	at io.github.privacystreams.utils.IOUtils.serialize(IOUtils.java:126)

06-22 19:16:12.851  4673  4673 E EventBus: 	at io.github.privacystreams.utils.IOUtils.serialize(IOUtils.java:126)

06-22 19:16:12.851  4673  4673 E EventBus: 	at io.github.privacystreams.utils.IOUtils.serialize(IOUtils.java:126)

06-22 19:16:12.851  4673  4673 E EventBus: 	at io.github.privacystreams.utils.IOUtils.serialize(IOUtils.java:126)

06-22 19:16:12.851  4673  4673 E EventBus: 	at io.github.privacystreams.utils.IOUtils.serialize(IOUtils.java:126)

06-22 19:16:12.851  4673  4673 E EventBus: 	at io.github.privacystreams.utils.IOUtils.serialize(IOUtils.java:126)

06-22 19:16:12.851  4673  4673 E EventBus: 	at io.github.privacystreams.utils.IOUtils.serialize(IOUtils.java:126)

06-22 19:16:12.851  4673  4673 E EventBus: 	at io.github.privacystreams.utils.IOUtils.serialize(IOUtils.java:126)

06-22 19:16:12.851  4673  4673 I chatty  : uid=10114(io.github.ylimit.droidbotapp) identical 2 lines

06-22 19:17:22.821  1567  1717 I LSPosed-Bridge: 5250 PermLabel 10120 AMS.checkPermission: Binder.getCallingPid() = 5250; uid = 10120; Binder.getCallingUid() = 10120; getNameForUid: com.zaft.filminn; getPackagesForUid: [com.zaft.filminn]; permName: android.permission.GET_TASKS; type = 0; res = -1; stacktrace=java.lang.Exception

06-22 19:17:22.821  1567  1717 I LSPosed-Bridge: 	at com.example.permlabel.requirePerm$1$2.afterHookedMethod(requirePerm.java:127)

06-22 19:17:22.821  1567  1717 I LSPosed-Bridge: 	at de.robv.android.xposed.XposedBridge$AdditionalHookInfo.callback(Unknown Source:147)

06-22 19:17:22.821  1567  1717 I LSPosed-Bridge: 	at LSPHooker_.checkPermission(Unknown Source:25)

06-22 19:17:22.821  1567  1717 I LSPosed-Bridge: 	at com.android.server.am.ActivityManagerService.isGetTasksAllowed(ActivityManagerService.java:10902)

06-22 19:17:22.821  1567  1717 I LSPosed-Bridge: 	at com.android.server.am.ActivityManagerService.getRunningAppProcesses(ActivityManagerService.java:16139)

06-22 19:17:22.821  1567  1717 I LSPosed-Bridge: 	at android.app.IActivityManager$Stub.onTransact(IActivityManager.java:1088)

06-22 19:17:22.821  1567  1717 I LSPosed-Bridge: 	at com.android.server.am.ActivityManagerService.onTransact(ActivityManagerService.java:3346)

06-22 19:17:22.821  1567  1717 I LSPosed-Bridge: 	at android.os.Binder.execTransact(Binder.java:731)

06-22 19:17:22.848  1567  1708 I LSPosed-Bridge: 5250 PermLabel 10120 AMS.checkPermission: Binder.getCallingPid() = 5250; uid = 10120; Binder.getCallingUid() = 10120; getNameForUid: com.zaft.filminn; getPackagesForUid: [com.zaft.filminn]; permName: android.permission.GET_TASKS; type = 0; res = -1; stacktrace=java.lang.Exception

06-22 19:17:22.848  1567  1708 I LSPosed-Bridge: 	at com.example.permlabel.requirePerm$1$2.afterHookedMethod(requirePerm.java:127)

06-22 19:17:22.848  1567  1708 I LSPosed-Bridge: 	at de.robv.android.xposed.XposedBridge$AdditionalHookInfo.callback(Unknown Source:147)

06-22 19:17:22.848  1567  1708 I LSPosed-Bridge: 	at LSPHooker_.checkPermission(Unknown Source:25)

06-22 19:17:22.848  1567  1708 I LSPosed-Bridge: 	at com.android.server.am.ActivityManagerService.isGetTasksAllowed(ActivityManagerService.java:10902)

06-22 19:17:22.848  1567  1708 I LSPosed-Bridge: 	at com.android.server.am.ActivityManagerService.getFilteredTasks(ActivityManagerService.java:10884)

06-22 19:17:22.848  1567  1708 I LSPosed-Bridge: 	at com.android.server.am.ActivityManagerService.getTasks(ActivityManagerService.java:10872)

06-22 19:17:22.848  1567  1708 I LSPosed-Bridge: 	at android.app.IActivityManager$Stub.onTransact(IActivityManager.java:288)

06-22 19:17:22.848  1567  1708 I LSPosed-Bridge: 	at com.android.server.am.ActivityManagerService.onTransact(ActivityManagerService.java:3346)

06-22 19:17:22.848  1567  1708 I LSPosed-Bridge: 	at android.os.Binder.execTransact(Binder.java:731)

06-22 19:17:23.903  1567  5572 I LSPosed-Bridge: 5250 PermLabel 10120 AMS.checkPermission: Binder.getCallingPid() = 5250; uid = 10120; Binder.getCallingUid() = 10120; getNameForUid: com.zaft.filminn; getPackagesForUid: [com.zaft.filminn]; permName: android.permission.GET_TASKS; type = 0; res = -1; stacktrace=java.lang.Exception

06-22 19:17:23.903  1567  5572 I LSPosed-Bridge: 	at com.example.permlabel.requirePerm$1$2.afterHookedMethod(requirePerm.java:127)

06-22 19:17:23.903  1567  5572 I LSPosed-Bridge: 	at de.robv.android.xposed.XposedBridge$AdditionalHookInfo.callback(Unknown Source:147)

06-22 19:17:23.903  1567  5572 I LSPosed-Bridge: 	at LSPHooker_.checkPermission(Unknown Source:25)

06-22 19:17:23.903  1567  5572 I LSPosed-Bridge: 	at com.android.server.am.ActivityManagerService.isGetTasksAllowed(ActivityManagerService.java:10902)

06-22 19:17:23.903  1567  5572 I LSPosed-Bridge: 	at com.android.server.am.ActivityManagerService.getRunningAppProcesses(ActivityManagerService.java:16139)

06-22 19:17:23.903  1567  5572 I LSPosed-Bridge: 	at android.app.IActivityManager$Stub.onTransact(IActivityManager.java:1088)

06-22 19:17:23.903  1567  5572 I LSPosed-Bridge: 	at com.android.server.am.ActivityManagerService.onTransact(ActivityManagerService.java:3346)

06-22 19:17:23.903  1567  5572 I LSPosed-Bridge: 	at android.os.Binder.execTransact(Binder.java:731)

06-22 19:18:33.891   558   558 I ConfigStore: android::hardware::configstore::V1_0::ISurfaceFlingerConfigs::hasHDRDisplay retrieved: 0

06-22 19:18:33.891  1567  5606 I LSPosed-Bridge: 5250 PermLabel 10120 AMS.checkPermission: Binder.getCallingPid() = 5250; uid = 10120; Binder.getCallingUid() = 10120; getNameForUid: com.zaft.filminn; getPackagesForUid: [com.zaft.filminn]; permName: android.permission.GET_TASKS; type = 0; res = -1; stacktrace=java.lang.Exception

06-22 19:18:33.891  1567  5606 I LSPosed-Bridge: 	at com.example.permlabel.requirePerm$1$2.afterHookedMethod(requirePerm.java:127)

06-22 19:18:33.891  1567  5606 I LSPosed-Bridge: 	at de.robv.android.xposed.XposedBridge$AdditionalHookInfo.callback(Unknown Source:147)

06-22 19:18:33.891  1567  5606 I LSPosed-Bridge: 	at LSPHooker_.checkPermission(Unknown Source:25)

06-22 19:18:33.891  1567  5606 I LSPosed-Bridge: 	at com.android.server.am.ActivityManagerService.isGetTasksAllowed(ActivityManagerService.java:10902)

06-22 19:18:33.891  1567  5606 I LSPosed-Bridge: 	at com.android.server.am.ActivityManagerService.getRunningAppProcesses(ActivityManagerService.java:16139)

06-22 19:18:33.891  1567  5606 I LSPosed-Bridge: 	at android.app.IActivityManager$Stub.onTransact(IActivityManager.java:1088)

06-22 19:18:33.891  1567  5606 I LSPosed-Bridge: 	at com.android.server.am.ActivityManagerService.onTransact(ActivityManagerService.java:3346)

06-22 19:18:33.891  1567  5606 I LSPosed-Bridge: 	at android.os.Binder.execTransact(Binder.java:731)

06-22 19:18:33.914  1567  5606 I LSPosed-Bridge: 5250 PermLabel 10120 AMS.checkPermission: Binder.getCallingPid() = 5250; uid = 10120; Binder.getCallingUid() = 10120; getNameForUid: com.zaft.filminn; getPackagesForUid: [com.zaft.filminn]; permName: android.permission.GET_TASKS; type = 0; res = -1; stacktrace=java.lang.Exception

06-22 19:18:33.914  1567  5606 I LSPosed-Bridge: 	at com.example.permlabel.requirePerm$1$2.afterHookedMethod(requirePerm.java:127)

06-22 19:18:33.914  1567  5606 I LSPosed-Bridge: 	at de.robv.android.xposed.XposedBridge$AdditionalHookInfo.callback(Unknown Source:147)

06-22 19:18:33.914  1567  5606 I LSPosed-Bridge: 	at LSPHooker_.checkPermission(Unknown Source:25)

06-22 19:18:33.914  1567  5606 I LSPosed-Bridge: 	at com.android.server.am.ActivityManagerService.isGetTasksAllowed(ActivityManagerService.java:10902)

06-22 19:18:33.914  1567  5606 I LSPosed-Bridge: 	at com.android.server.am.ActivityManagerService.getFilteredTasks(ActivityManagerService.java:10884)

06-22 19:18:33.914  1567  5606 I LSPosed-Bridge: 	at com.android.server.am.ActivityManagerService.getTasks(ActivityManagerService.java:10872)

06-22 19:18:33.914  1567  5606 I LSPosed-Bridge: 	at android.app.IActivityManager$Stub.onTransact(IActivityManager.java:288)

06-22 19:18:33.914  1567  5606 I LSPosed-Bridge: 	at com.android.server.am.ActivityManagerService.onTransact(ActivityManagerService.java:3346)

06-22 19:18:33.914  1567  5606 I LSPosed-Bridge: 	at android.os.Binder.execTransact(Binder.java:731)

06-22 19:18:36.439  1567  5607 I LSPosed-Bridge: 5250 PermLabel 10120 AMS.checkPermission: Binder.getCallingPid() = 5250; uid = 10120; Binder.getCallingUid() = 10120; getNameForUid: com.zaft.filminn; getPackagesForUid: [com.zaft.filminn]; permName: android.permission.GET_TASKS; type = 0; res = -1; stacktrace=java.lang.Exception

06-22 19:18:36.439  1567  5607 I LSPosed-Bridge: 	at com.example.permlabel.requirePerm$1$2.afterHookedMethod(requirePerm.java:127)

06-22 19:18:36.439  1567  5607 I LSPosed-Bridge: 	at de.robv.android.xposed.XposedBridge$AdditionalHookInfo.callback(Unknown Source:147)

06-22 19:18:36.439  1567  5607 I LSPosed-Bridge: 	at LSPHooker_.checkPermission(Unknown Source:25)

06-22 19:18:36.439  1567  5607 I LSPosed-Bridge: 	at com.android.server.am.ActivityManagerService.isGetTasksAllowed(ActivityManagerService.java:10902)

06-22 19:18:36.439  1567  5607 I LSPosed-Bridge: 	at com.android.server.am.ActivityManagerService.getRunningAppProcesses(ActivityManagerService.java:16139)

06-22 19:18:36.439  1567  5607 I LSPosed-Bridge: 	at android.app.IActivityManager$Stub.onTransact(IActivityManager.java:1088)

06-22 19:18:36.439  1567  5607 I LSPosed-Bridge: 	at com.android.server.am.ActivityManagerService.onTransact(ActivityManagerService.java:3346)

06-22 19:18:36.439  1567  5607 I LSPosed-Bridge: 	at android.os.Binder.execTransact(Binder.java:731)

06-22 19:19:46.432  1567  5607 I LSPosed-Bridge: 5250 PermLabel 10120 AMS.checkPermission: Binder.getCallingPid() = 5250; uid = 10120; Binder.getCallingUid() = 10120; getNameForUid: com.zaft.filminn; getPackagesForUid: [com.zaft.filminn]; permName: android.permission.ACCESS_NETWORK_STATE; type = 0; res = 0; stacktrace=java.lang.Exception

06-22 19:19:46.432  1567  5607 I LSPosed-Bridge: 	at com.example.permlabel.requirePerm$1$2.afterHookedMethod(requirePerm.java:127)

06-22 19:19:46.432  1567  5607 I LSPosed-Bridge: 	at de.robv.android.xposed.XposedBridge$AdditionalHookInfo.callback(Unknown Source:147)

06-22 19:19:46.432  1567  5607 I LSPosed-Bridge: 	at LSPHooker_.checkPermission(Unknown Source:25)

06-22 19:19:46.432  1567  5607 I LSPosed-Bridge: 	at android.app.ContextImpl.checkPermission(ContextImpl.java:1751)

06-22 19:19:46.432  1567  5607 I LSPosed-Bridge: 	at android.app.ContextImpl.checkCallingOrSelfPermission(ContextImpl.java:1791)

06-22 19:19:46.432  1567  5607 I LSPosed-Bridge: 	at android.app.ContextImpl.enforceCallingOrSelfPermission(ContextImpl.java:1841)

06-22 19:19:46.432  1567  5607 I LSPosed-Bridge: 	at com.android.server.ConnectivityService.enforceAccessPermission(ConnectivityService.java:1672)

06-22 19:19:46.432  1567  5607 I LSPosed-Bridge: 	at com.android.server.ConnectivityService.isActiveNetworkMetered(ConnectivityService.java:1482)

06-22 19:19:46.432  1567  5607 I LSPosed-Bridge: 	at android.net.IConnectivityManager$Stub.onTransact(IConnectivityManager.java:304)

06-22 19:19:46.432  1567  5607 I LSPosed-Bridge: 	at android.os.Binder.execTransact(Binder.java:731)

06-22 19:19:46.432  1567  1844 I LSPosed-Bridge: 5250 PermLabel 10120 AMS.checkPermission: Binder.getCallingPid() = 5250; uid = 10120; Binder.getCallingUid() = 10120; getNameForUid: com.zaft.filminn; getPackagesForUid: [com.zaft.filminn]; permName: android.permission.GET_TASKS; type = 0; res = -1; stacktrace=java.lang.Exception

06-22 19:19:46.432  1567  1844 I LSPosed-Bridge: 	at com.example.permlabel.requirePerm$1$2.afterHookedMethod(requirePerm.java:127)

06-22 19:19:46.432  1567  1844 I LSPosed-Bridge: 	at de.robv.android.xposed.XposedBridge$AdditionalHookInfo.callback(Unknown Source:147)

06-22 19:19:46.432  1567  1844 I LSPosed-Bridge: 	at LSPHooker_.checkPermission(Unknown Source:25)

06-22 19:19:46.432  1567  1844 I LSPosed-Bridge: 	at com.android.server.am.ActivityManagerService.isGetTasksAllowed(ActivityManagerService.java:10902)

06-22 19:19:46.432  1567  1844 I LSPosed-Bridge: 	at com.android.server.am.ActivityManagerService.getRunningAppProcesses(ActivityManagerService.java:16139)

06-22 19:19:46.432  1567  1844 I LSPosed-Bridge: 	at android.app.IActivityManager$Stub.onTransact(IActivityManager.java:1088)

06-22 19:19:46.432  1567  1844 I LSPosed-Bridge: 	at com.android.server.am.ActivityManagerService.onTransact(ActivityManagerService.java:3346)

06-22 19:19:46.432  1567  1844 I LSPosed-Bridge: 	at android.os.Binder.execTransact(Binder.java:731)

06-22 19:19:46.470  1567  5572 I LSPosed-Bridge: 5250 PermLabel 10120 AMS.checkPermission: Binder.getCallingPid() = 5250; uid = 10120; Binder.getCallingUid() = 10120; getNameForUid: com.zaft.filminn; getPackagesForUid: [com.zaft.filminn]; permName: android.permission.GET_TASKS; type = 0; res = -1; stacktrace=java.lang.Exception

06-22 19:19:46.470  1567  5572 I LSPosed-Bridge: 	at com.example.permlabel.requirePerm$1$2.afterHookedMethod(requirePerm.java:127)

06-22 19:19:46.470  1567  5572 I LSPosed-Bridge: 	at de.robv.android.xposed.XposedBridge$AdditionalHookInfo.callback(Unknown Source:147)

06-22 19:19:46.470  1567  5572 I LSPosed-Bridge: 	at LSPHooker_.checkPermission(Unknown Source:25)

06-22 19:19:46.470  1567  5572 I LSPosed-Bridge: 	at com.android.server.am.ActivityManagerService.isGetTasksAllowed(ActivityManagerService.java:10902)

06-22 19:19:46.470  1567  5572 I LSPosed-Bridge: 	at com.android.server.am.ActivityManagerService.getFilteredTasks(ActivityManagerService.java:10884)

06-22 19:19:46.470  1567  5572 I LSPosed-Bridge: 	at com.android.server.am.ActivityManagerService.getTasks(ActivityManagerService.java:10872)

06-22 19:19:46.470  1567  5572 I LSPosed-Bridge: 	at android.app.IActivityManager$Stub.onTransact(IActivityManager.java:288)

06-22 19:19:46.470  1567  5572 I LSPosed-Bridge: 	at com.android.server.am.ActivityManagerService.onTransact(ActivityManagerService.java:3346)

06-22 19:19:46.470  1567  5572 I LSPosed-Bridge: 	at android.os.Binder.execTransact(Binder.java:731)

06-22 19:19:47.745  1567  1717 I LSPosed-Bridge: 5250 PermLabel 10120 AMS.checkPermission: Binder.getCallingPid() = 5250; uid = 10120; Binder.getCallingUid() = 10120; getNameForUid: com.zaft.filminn; getPackagesForUid: [com.zaft.filminn]; permName: android.permission.GET_TASKS; type = 0; res = -1; stacktrace=java.lang.Exception

06-22 19:19:47.745  1567  1717 I LSPosed-Bridge: 	at com.example.permlabel.requirePerm$1$2.afterHookedMethod(requirePerm.java:127)

06-22 19:19:47.745  1567  1717 I LSPosed-Bridge: 	at de.robv.android.xposed.XposedBridge$AdditionalHookInfo.callback(Unknown Source:147)

06-22 19:19:47.745  1567  1717 I LSPosed-Bridge: 	at LSPHooker_.checkPermission(Unknown Source:25)

06-22 19:19:47.745  1567  1717 I LSPosed-Bridge: 	at com.android.server.am.ActivityManagerService.isGetTasksAllowed(ActivityManagerService.java:10902)

06-22 19:19:47.745  1567  1717 I LSPosed-Bridge: 	at com.android.server.am.ActivityManagerService.getRunningAppProcesses(ActivityManagerService.java:16139)

06-22 19:19:47.745  1567  1717 I LSPosed-Bridge: 	at android.app.IActivityManager$Stub.onTransact(IActivityManager.java:1088)

06-22 19:19:47.745  1567  1717 I LSPosed-Bridge: 	at com.android.server.am.ActivityManagerService.onTransact(ActivityManagerService.java:3346)

06-22 19:19:47.745  1567  1717 I LSPosed-Bridge: 	at android.os.Binder.execTransact(Binder.java:731)

06-22 19:20:57.729  1567  5607 I LSPosed-Bridge: 5250 PermLabel 10120 AMS.checkPermission: Binder.getCallingPid() = 5250; uid = 10120; Binder.getCallingUid() = 10120; getNameForUid: com.zaft.filminn; getPackagesForUid: [com.zaft.filminn]; permName: android.permission.GET_TASKS; type = 0; res = -1; stacktrace=java.lang.Exception

06-22 19:20:57.729  1567  5607 I LSPosed-Bridge: 	at com.example.permlabel.requirePerm$1$2.afterHookedMethod(requirePerm.java:127)

06-22 19:20:57.729  1567  5607 I LSPosed-Bridge: 	at de.robv.android.xposed.XposedBridge$AdditionalHookInfo.callback(Unknown Source:147)

06-22 19:20:57.729  1567  5607 I LSPosed-Bridge: 	at LSPHooker_.checkPermission(Unknown Source:25)

06-22 19:20:57.729  1567  5607 I LSPosed-Bridge: 	at com.android.server.am.ActivityManagerService.isGetTasksAllowed(ActivityManagerService.java:10902)

06-22 19:20:57.729  1567  5607 I LSPosed-Bridge: 	at com.android.server.am.ActivityManagerService.getRunningAppProcesses(ActivityManagerService.java:16139)

06-22 19:20:57.729  1567  5607 I LSPosed-Bridge: 	at android.app.IActivityManager$Stub.onTransact(IActivityManager.java:1088)

06-22 19:20:57.729  1567  5607 I LSPosed-Bridge: 	at com.android.server.am.ActivityManagerService.onTransact(ActivityManagerService.java:3346)

06-22 19:20:57.729  1567  5607 I LSPosed-Bridge: 	at android.os.Binder.execTransact(Binder.java:731)

06-22 19:20:57.729  5250  8762 I AudioManager: In isSpeakerphoneOn(), calling application: com.zaft.filminn

06-22 19:20:57.749  1567  5572 I LSPosed-Bridge: 5250 PermLabel 10120 AMS.checkPermission: Binder.getCallingPid() = 5250; uid = 10120; Binder.getCallingUid() = 10120; getNameForUid: com.zaft.filminn; getPackagesForUid: [com.zaft.filminn]; permName: android.permission.GET_TASKS; type = 0; res = -1; stacktrace=java.lang.Exception

06-22 19:20:57.749  1567  5572 I LSPosed-Bridge: 	at com.example.permlabel.requirePerm$1$2.afterHookedMethod(requirePerm.java:127)

06-22 19:20:57.749  1567  5572 I LSPosed-Bridge: 	at de.robv.android.xposed.XposedBridge$AdditionalHookInfo.callback(Unknown Source:147)

06-22 19:20:57.749  1567  5572 I LSPosed-Bridge: 	at LSPHooker_.checkPermission(Unknown Source:25)

06-22 19:20:57.749  1567  5572 I LSPosed-Bridge: 	at com.android.server.am.ActivityManagerService.isGetTasksAllowed(ActivityManagerService.java:10902)

06-22 19:20:57.749  1567  5572 I LSPosed-Bridge: 	at com.android.server.am.ActivityManagerService.getFilteredTasks(ActivityManagerService.java:10884)

06-22 19:20:57.749  1567  5572 I LSPosed-Bridge: 	at com.android.server.am.ActivityManagerService.getTasks(ActivityManagerService.java:10872)

06-22 19:20:57.749  1567  5572 I LSPosed-Bridge: 	at android.app.IActivityManager$Stub.onTransact(IActivityManager.java:288)

06-22 19:20:57.749  1567  5572 I LSPosed-Bridge: 	at com.android.server.am.ActivityManagerService.onTransact(ActivityManagerService.java:3346)

06-22 19:20:57.749  1567  5572 I LSPosed-Bridge: 	at android.os.Binder.execTransact(Binder.java:731)

06-22 19:20:58.819  1567  5572 I LSPosed-Bridge: 5250 PermLabel 10120 AMS.checkPermission: Binder.getCallingPid() = 5250; uid = 10120; Binder.getCallingUid() = 10120; getNameForUid: com.zaft.filminn; getPackagesForUid: [com.zaft.filminn]; permName: android.permission.GET_TASKS; type = 0; res = -1; stacktrace=java.lang.Exception

06-22 19:20:58.819  1567  5572 I LSPosed-Bridge: 	at com.example.permlabel.requirePerm$1$2.afterHookedMethod(requirePerm.java:127)

06-22 19:20:58.819  1567  5572 I LSPosed-Bridge: 	at de.robv.android.xposed.XposedBridge$AdditionalHookInfo.callback(Unknown Source:147)

06-22 19:20:58.819  1567  5572 I LSPosed-Bridge: 	at LSPHooker_.checkPermission(Unknown Source:25)

06-22 19:20:58.819  1567  5572 I LSPosed-Bridge: 	at com.android.server.am.ActivityManagerService.isGetTasksAllowed(ActivityManagerService.java:10902)

06-22 19:20:58.819  1567  5572 I LSPosed-Bridge: 	at com.android.server.am.ActivityManagerService.getRunningAppProcesses(ActivityManagerService.java:16139)

06-22 19:20:58.819  1567  5572 I LSPosed-Bridge: 	at android.app.IActivityManager$Stub.onTransact(IActivityManager.java:1088)

06-22 19:20:58.819  1567  5572 I LSPosed-Bridge: 	at com.android.server.am.ActivityManagerService.onTransact(ActivityManagerService.java:3346)

06-22 19:20:58.819  1567  5572 I LSPosed-Bridge: 	at android.os.Binder.execTransact(Binder.java:731)

06-22 19:22:08.782  1567  5607 I LSPosed-Bridge: 5250 PermLabel 10120 AMS.checkPermission: Binder.getCallingPid() = 5250; uid = 10120; Binder.getCallingUid() = 10120; getNameForUid: com.zaft.filminn; getPackagesForUid: [com.zaft.filminn]; permName: android.permission.GET_TASKS; type = 0; res = -1; stacktrace=java.lang.Exception

06-22 19:22:08.782  1567  5607 I LSPosed-Bridge: 	at com.example.permlabel.requirePerm$1$2.afterHookedMethod(requirePerm.java:127)

06-22 19:22:08.782  1567  5607 I LSPosed-Bridge: 	at de.robv.android.xposed.XposedBridge$AdditionalHookInfo.callback(Unknown Source:147)

06-22 19:22:08.782  1567  5607 I LSPosed-Bridge: 	at LSPHooker_.checkPermission(Unknown Source:25)

06-22 19:22:08.782  1567  5607 I LSPosed-Bridge: 	at com.android.server.am.ActivityManagerService.isGetTasksAllowed(ActivityManagerService.java:10902)

06-22 19:22:08.782  1567  5607 I LSPosed-Bridge: 	at com.android.server.am.ActivityManagerService.getRunningAppProcesses(ActivityManagerService.java:16139)

06-22 19:22:08.782  1567  5607 I LSPosed-Bridge: 	at android.app.IActivityManager$Stub.onTransact(IActivityManager.java:1088)

06-22 19:22:08.782  1567  5607 I LSPosed-Bridge: 	at com.android.server.am.ActivityManagerService.onTransact(ActivityManagerService.java:3346)

06-22 19:22:08.782  1567  5607 I LSPosed-Bridge: 	at android.os.Binder.execTransact(Binder.java:731)

06-22 19:22:08.806  1567  1717 I LSPosed-Bridge: 5250 PermLabel 10120 AMS.checkPermission: Binder.getCallingPid() = 5250; uid = 10120; Binder.getCallingUid() = 10120; getNameForUid: com.zaft.filminn; getPackagesForUid: [com.zaft.filminn]; permName: android.permission.GET_TASKS; type = 0; res = -1; stacktrace=java.lang.Exception

06-22 19:22:08.806  1567  1717 I LSPosed-Bridge: 	at com.example.permlabel.requirePerm$1$2.afterHookedMethod(requirePerm.java:127)

06-22 19:22:08.806  1567  1717 I LSPosed-Bridge: 	at de.robv.android.xposed.XposedBridge$AdditionalHookInfo.callback(Unknown Source:147)

06-22 19:22:08.806  1567  1717 I LSPosed-Bridge: 	at LSPHooker_.checkPermission(Unknown Source:25)

06-22 19:22:08.806  1567  1717 I LSPosed-Bridge: 	at com.android.server.am.ActivityManagerService.isGetTasksAllowed(ActivityManagerService.java:10902)

06-22 19:22:08.806  1567  1717 I LSPosed-Bridge: 	at com.android.server.am.ActivityManagerService.getFilteredTasks(ActivityManagerService.java:10884)

06-22 19:22:08.806  1567  1717 I LSPosed-Bridge: 	at com.android.server.am.ActivityManagerService.getTasks(ActivityManagerService.java:10872)

06-22 19:22:08.806  1567  1717 I LSPosed-Bridge: 	at android.app.IActivityManager$Stub.onTransact(IActivityManager.java:288)

06-22 19:22:08.806  1567  1717 I LSPosed-Bridge: 	at com.android.server.am.ActivityManagerService.onTransact(ActivityManagerService.java:3346)

06-22 19:22:08.806  1567  1717 I LSPosed-Bridge: 	at android.os.Binder.execTransact(Binder.java:731)

06-22 19:22:10.095  1567  5572 I LSPosed-Bridge: 5250 PermLabel 10120 AMS.checkPermission: Binder.getCallingPid() = 5250; uid = 10120; Binder.getCallingUid() = 10120; getNameForUid: com.zaft.filminn; getPackagesForUid: [com.zaft.filminn]; permName: android.permission.GET_TASKS; type = 0; res = -1; stacktrace=java.lang.Exception

06-22 19:22:10.095  1567  5572 I LSPosed-Bridge: 	at com.example.permlabel.requirePerm$1$2.afterHookedMethod(requirePerm.java:127)

06-22 19:22:10.095  1567  5572 I LSPosed-Bridge: 	at de.robv.android.xposed.XposedBridge$AdditionalHookInfo.callback(Unknown Source:147)

06-22 19:22:10.095  1567  5572 I LSPosed-Bridge: 	at LSPHooker_.checkPermission(Unknown Source:25)

06-22 19:22:10.095  1567  5572 I LSPosed-Bridge: 	at com.android.server.am.ActivityManagerService.isGetTasksAllowed(ActivityManagerService.java:10902)

06-22 19:22:10.095  1567  5572 I LSPosed-Bridge: 	at com.android.server.am.ActivityManagerService.getRunningAppProcesses(ActivityManagerService.java:16139)

06-22 19:22:10.095  1567  5572 I LSPosed-Bridge: 	at android.app.IActivityManager$Stub.onTransact(IActivityManager.java:1088)

06-22 19:22:10.095  1567  5572 I LSPosed-Bridge: 	at com.android.server.am.ActivityManagerService.onTransact(ActivityManagerService.java:3346)

06-22 19:22:10.095  1567  5572 I LSPosed-Bridge: 	at android.os.Binder.execTransact(Binder.java:731)

06-22 19:23:20.038  1567  5439 I LSPosed-Bridge: 5250 PermLabel 10120 AMS.checkPermission: Binder.getCallingPid() = 5250; uid = 10120; Binder.getCallingUid() = 10120; getNameForUid: com.zaft.filminn; getPackagesForUid: [com.zaft.filminn]; permName: android.permission.GET_TASKS; type = 0; res = -1; stacktrace=java.lang.Exception

06-22 19:23:20.038  1567  5439 I LSPosed-Bridge: 	at com.example.permlabel.requirePerm$1$2.afterHookedMethod(requirePerm.java:127)

