08-18 05:12:05.262  1546  2960 I LSPosed-Bridge: 	at LSPHooker_.checkPermission(Unknown Source:25)

08-18 05:12:05.262  1546  2960 I LSPosed-Bridge: 	at com.android.server.am.ActivityManagerService.isGetTasksAllowed(ActivityManagerService.java:10902)

08-18 05:12:05.262  1546  2960 I LSPosed-Bridge: 	at com.android.server.am.ActivityManagerService.getRunningAppProcesses(ActivityManagerService.java:16139)

08-18 05:12:05.262  1546  2960 I LSPosed-Bridge: 	at android.app.IActivityManager$Stub.onTransact(IActivityManager.java:1088)

08-18 05:12:05.262  1546  2960 I LSPosed-Bridge: 	at com.android.server.am.ActivityManagerService.onTransact(ActivityManagerService.java:3346)

08-18 05:12:05.262  1546  2960 I LSPosed-Bridge: 	at android.os.Binder.execTransact(Binder.java:731)

08-18 05:12:06.358  1546  5463 I LSPosed-Bridge: 6333 PermLabel 10131 AMS.checkPermission: Binder.getCallingPid() = 6333; uid = 10131; Binder.getCallingUid() = 10131; getNameForUid: com.olimsoft.android.oplayer; getPackagesForUid: [com.olimsoft.android.oplayer]; permName: android.permission.GET_TASKS; type = 0; res = -1; stacktrace=java.lang.Exception

08-18 05:12:06.358  1546  5463 I LSPosed-Bridge: 	at com.example.permlabel.requirePerm$1$2.afterHookedMethod(requirePerm.java:131)

08-18 05:12:06.358  1546  5463 I LSPosed-Bridge: 	at de.robv.android.xposed.XposedBridge$AdditionalHookInfo.callback(Unknown Source:147)

08-18 05:12:06.358  1546  5463 I LSPosed-Bridge: 	at LSPHooker_.checkPermission(Unknown Source:25)

08-18 05:12:06.358  1546  5463 I LSPosed-Bridge: 	at com.android.server.am.ActivityManagerService.isGetTasksAllowed(ActivityManagerService.java:10902)

08-18 05:12:06.358  1546  5463 I LSPosed-Bridge: 	at com.android.server.am.ActivityManagerService.getRunningAppProcesses(ActivityManagerService.java:16139)

08-18 05:12:06.358  1546  5463 I LSPosed-Bridge: 	at android.app.IActivityManager$Stub.onTransact(IActivityManager.java:1088)

08-18 05:12:06.358  1546  5463 I LSPosed-Bridge: 	at com.android.server.am.ActivityManagerService.onTransact(ActivityManagerService.java:3346)

08-18 05:12:06.358  1546  5463 I LSPosed-Bridge: 	at android.os.Binder.execTransact(Binder.java:731)

08-18 05:12:06.358  6333  6333 I LSPosed-Bridge: 6333 PermLabel hookBinder_test 10131 interfaceBinder =android.app.IActivityManager; arg0 = 81; arg1 = android.os.Parcel@4a39e7e; arg2 = android.os.Parcel@478cafb; arg3 = 0; res = true; stacktrace=java.lang.Exception

08-18 05:12:06.358  6333  6333 I LSPosed-Bridge: 	at com.example.permlabel.hookBinder_test$1.afterHookedMethod(hookBinder_test.java:62)

08-18 05:12:06.358  6333  6333 I LSPosed-Bridge: 	at de.robv.android.xposed.XposedBridge$AdditionalHookInfo.callback(Unknown Source:147)

08-18 05:12:06.358  6333  6333 I LSPosed-Bridge: 	at LSPHooker_.transact(Unknown Source:28)

08-18 05:12:06.358  6333  6333 I LSPosed-Bridge: 	at android.app.IActivityManager$Stub$Proxy.getRunningAppProcesses(IActivityManager.java:5366)

08-18 05:12:06.358  6333  6333 I LSPosed-Bridge: 	at android.app.ActivityManager.getRunningAppProcesses(ActivityManager.java:3435)

08-18 05:12:06.358  6333  6333 I LSPosed-Bridge: 	at java.lang.reflect.Method.invoke(Native Method)

08-18 05:12:06.358  6333  6333 I LSPosed-Bridge: 	at org.lsposed.lspd.nativebridge.HookBridge.invokeOriginalMethod(Native Method)

08-18 05:12:06.358  6333  6333 I LSPosed-Bridge: 	at de.robv.android.xposed.XposedBridge$AdditionalHookInfo.callback(Unknown Source:110)

08-18 05:12:06.358  6333  6333 I LSPosed-Bridge: 	at LSPHooker_.getRunningAppProcesses(Unknown Source:8)

08-18 05:12:06.358  6333  6333 I LSPosed-Bridge: 	at com.olimsoft.android.oplayer.util.Util.isBackground(Util.kt:20)

08-18 05:12:06.358  6333  6333 I LSPosed-Bridge: 	at com.olimsoft.android.oplayer.ads.AdsOptionsDelegate$showAd$1.onAdExposed(AdsOptionsDelegate.kt:22)

08-18 05:12:06.358  6333  6333 I LSPosed-Bridge: 	at com.olimsoft.android.gdt.native_.view.BaseNativeViewGdt$showNative$9.onADExposed(BaseNativeViewGdt.kt:5)

08-18 05:12:06.358  6333  6333 I LSPosed-Bridge: 	at com.qq.e.ads.nativ.NativeUnifiedADDataAdapter.a(:86)

08-18 05:12:06.358  6333  6333 I LSPosed-Bridge: 	at com.qq.e.ads.nativ.NativeUnifiedADDataAdapter$UnifiedAdListener.onADEvent(:3)

08-18 05:12:06.358  6333  6333 I LSPosed-Bridge: 	at com.qq.e.comm.plugin.nativeadunified.h.b(A:15)

08-18 05:12:06.358  6333  6333 I LSPosed-Bridge: 	at com.qq.e.comm.plugin.nativeadunified.h$j.run(A:1)

08-18 05:12:06.358  6333  6333 I LSPosed-Bridge: 	at android.os.Handler.handleCallback(Handler.java:873)

08-18 05:12:06.358  6333  6333 I LSPosed-Bridge: 	at android.os.Handler.dispatchMessage(Handler.java:99)

08-18 05:12:06.358  6333  6333 I LSPosed-Bridge: 	at android.os.Looper.loop(Looper.java:193)

08-18 05:12:06.358  6333  6333 I LSPosed-Bridge: 	at android.app.ActivityThread.main(ActivityThread.java:6692)

08-18 05:12:06.358  6333  6333 I LSPosed-Bridge: 	at java.lang.reflect.Method.invoke(Native Method)

08-18 05:12:06.358  6333  6333 I LSPosed-Bridge: 	at com.android.internal.os.RuntimeInit$MethodAndArgsCaller.run(RuntimeInit.java:493)

08-18 05:12:06.358  6333  6333 I LSPosed-Bridge: 	at com.android.internal.os.ZygoteInit.main(ZygoteInit.java:858)

08-18 05:12:06.358  6333  6333 I LSPosed-Bridge: 6333 PermLabel getRunningAppProcesses =android.app.ActivityManager$RunningAppProcessInfo@30de638

08-18 05:12:06.358  6333  6333 I LSPosed-Bridge: 6333 PermLabel getRunningAppProcesses processName: com.olimsoft.android.oplayer pid: 6333

08-18 05:12:06.358  6333  6333 I LSPosed-Bridge: 6333 PermLabel getRunningAppProcesses importance: 100 pid: 6333

08-18 05:12:06.358  6333  6333 I LSPosed-Bridge: 6333 PermLabel getRunningAppProcesses packageName com.olimsoft.android.oplayer at index 0 in process 6333

08-18 05:12:06.387  6333 19191 I LSPosed-Bridge: 6333 PermLabel hookBinder_test 10131 interfaceBinder =android.hardware.display.IDisplayManager; arg0 = 1; arg1 = android.os.Parcel@72d2a9c; arg2 = android.os.Parcel@fbc687a; arg3 = 0; res = true; stacktrace=java.lang.Exception

08-18 05:12:06.387  6333 19191 I LSPosed-Bridge: 	at com.example.permlabel.hookBinder_test$1.afterHookedMethod(hookBinder_test.java:62)

08-18 05:12:06.387  6333 19191 I LSPosed-Bridge: 	at de.robv.android.xposed.XposedBridge$AdditionalHookInfo.callback(Unknown Source:147)

08-18 05:12:06.387  6333 19191 I LSPosed-Bridge: 	at LSPHooker_.transact(Unknown Source:28)

08-18 05:12:06.387  6333 19191 I LSPosed-Bridge: 	at android.hardware.display.IDisplayManager$Stub$Proxy.getDisplayInfo(IDisplayManager.java:404)

08-18 05:12:06.387  6333 19191 I LSPosed-Bridge: 	at android.hardware.display.DisplayManagerGlobal.getDisplayInfo(DisplayManagerGlobal.java:124)

08-18 05:12:06.387  6333 19191 I LSPosed-Bridge: 	at android.hardware.display.DisplayManagerGlobal.getCompatibleDisplay(DisplayManagerGlobal.java:199)

08-18 05:12:06.387  6333 19191 I LSPosed-Bridge: 	at android.app.ResourcesManager.getAdjustedDisplay(ResourcesManager.java:293)

08-18 05:12:06.387  6333 19191 I LSPosed-Bridge: 	at android.app.ContextImpl.getDisplay(ContextImpl.java:2223)

08-18 05:12:06.387  6333 19191 I LSPosed-Bridge: 	at android.view.WindowManagerImpl.getDefaultDisplay(WindowManagerImpl.java:149)

08-18 05:12:06.387  6333 19191 I LSPosed-Bridge: 	at com.google.android.ads.z__.ad.a(Unknown Source:19)

08-18 05:12:06.387  6333 19191 I LSPosed-Bridge: 	at java.lang.reflect.Method.invoke(Native Method)

08-18 05:12:06.387  6333 19191 I LSPosed-Bridge: 	at com.google.android.ads.tasks.u.a(:com.google.android.gms.policy_ads_fdr_dynamite@232400001@232400000057.538171701.538171701:78)

08-18 05:12:06.387  6333 19191 I LSPosed-Bridge: 	at com.google.android.ads.tasks.ae.f(:com.google.android.gms.policy_ads_fdr_dynamite@232400001@232400000057.538171701.538171701:20)

08-18 05:12:06.387  6333 19191 I LSPosed-Bridge: 	at com.google.android.ads.tasks.ae.call(:com.google.android.gms.policy_ads_fdr_dynamite@232400001@232400000057.538171701.538171701:1)

08-18 05:12:06.387  6333 19191 I LSPosed-Bridge: 	at java.util.concurrent.FutureTask.run(FutureTask.java:266)

08-18 05:12:06.387  6333 19191 I LSPosed-Bridge: 	at java.util.concurrent.ThreadPoolExecutor.runWorker(ThreadPoolExecutor.java:1167)

08-18 05:12:06.387  6333 19191 I LSPosed-Bridge: 	at java.util.concurrent.ThreadPoolExecutor$Worker.run(ThreadPoolExecutor.java:641)

08-18 05:12:06.387  6333 19191 I LSPosed-Bridge: 	at java.lang.Thread.run(Thread.java:764)

08-18 05:12:06.387  1546  2960 I LSPosed-Bridge: 6333 PermLabel 10131 AMS.checkPermission: Binder.getCallingPid() = 6333; uid = 10131; Binder.getCallingUid() = 10131; getNameForUid: com.olimsoft.android.oplayer; getPackagesForUid: [com.olimsoft.android.oplayer]; permName: android.permission.GET_TASKS; type = 0; res = -1; stacktrace=java.lang.Exception

08-18 05:12:06.387  1546  2960 I LSPosed-Bridge: 	at com.example.permlabel.requirePerm$1$2.afterHookedMethod(requirePerm.java:131)

08-18 05:12:06.387  1546  2960 I LSPosed-Bridge: 	at de.robv.android.xposed.XposedBridge$AdditionalHookInfo.callback(Unknown Source:147)

08-18 05:12:06.387  1546  2960 I LSPosed-Bridge: 	at LSPHooker_.checkPermission(Unknown Source:25)

08-18 05:12:06.387  1546  2960 I LSPosed-Bridge: 	at com.android.server.am.ActivityManagerService.isGetTasksAllowed(ActivityManagerService.java:10902)

08-18 05:12:06.387  1546  2960 I LSPosed-Bridge: 	at com.android.server.am.ActivityManagerService.getRunningAppProcesses(ActivityManagerService.java:16139)

08-18 05:12:06.387  1546  2960 I LSPosed-Bridge: 	at android.app.IActivityManager$Stub.onTransact(IActivityManager.java:1088)

08-18 05:12:06.387  1546  2960 I LSPosed-Bridge: 	at com.android.server.am.ActivityManagerService.onTransact(ActivityManagerService.java:3346)

08-18 05:12:06.387  1546  2960 I LSPosed-Bridge: 	at android.os.Binder.execTransact(Binder.java:731)

08-18 05:12:06.387  6333 22757 I LSPosed-Bridge: 6333 PermLabel hookBinder_test 10131 interfaceBinder =android.content.pm.IPackageManager; arg0 = 45; arg1 = android.os.Parcel@30d50ce; arg2 = android.os.Parcel@89e5bef; arg3 = 0; res = true; stacktrace=java.lang.Exception

08-18 05:12:06.387  6333 22757 I LSPosed-Bridge: 	at com.example.permlabel.hookBinder_test$1.afterHookedMethod(hookBinder_test.java:62)

08-18 05:12:06.387  6333 22757 I LSPosed-Bridge: 	at de.robv.android.xposed.XposedBridge$AdditionalHookInfo.callback(Unknown Source:147)

08-18 05:12:06.387  6333 22757 I LSPosed-Bridge: 	at LSPHooker_.transact(Unknown Source:28)

08-18 05:12:06.387  6333 22757 I LSPosed-Bridge: 	at android.content.pm.IPackageManager$Stub$Proxy.queryIntentActivities(IPackageManager.java:3800)

08-18 05:12:06.387  6333 22757 I LSPosed-Bridge: 	at android.app.ApplicationPackageManager.queryIntentActivitiesAsUser(ApplicationPackageManager.java:961)

08-18 05:12:06.387  6333 22757 I LSPosed-Bridge: 	at android.app.ApplicationPackageManager.queryIntentActivities(ApplicationPackageManager.java:951)

08-18 05:12:06.387  6333 22757 I LSPosed-Bridge: 	at com.google.android.ads.z__.u.a(Unknown Source:28)

08-18 05:12:06.387  6333 22757 I LSPosed-Bridge: 	at java.lang.reflect.Method.invoke(Native Method)

08-18 05:12:06.387  6333 22757 I LSPosed-Bridge: 	at com.google.android.ads.tasks.n.a(:com.google.android.gms.policy_ads_fdr_dynamite@232400001@232400000057.538171701.538171701:14)

08-18 05:12:06.387  6333 22757 I LSPosed-Bridge: 	at com.google.android.ads.tasks.ae.f(:com.google.android.gms.policy_ads_fdr_dynamite@232400001@232400000057.538171701.538171701:20)

08-18 05:12:06.387  6333 22757 I LSPosed-Bridge: 	at com.google.android.ads.tasks.ae.call(:com.google.android.gms.policy_ads_fdr_dynamite@232400001@232400000057.538171701.538171701:1)

08-18 05:12:06.387  6333 22757 I LSPosed-Bridge: 	at java.util.concurrent.FutureTask.run(FutureTask.java:266)

08-18 05:12:06.387  6333 22757 I LSPosed-Bridge: 	at java.util.concurrent.ThreadPoolExecutor.runWorker(ThreadPoolExecutor.java:1167)

08-18 05:12:06.387  6333 22757 I LSPosed-Bridge: 	at java.util.concurrent.ThreadPoolExecutor$Worker.run(ThreadPoolExecutor.java:641)

08-18 05:12:06.387  6333 22757 I LSPosed-Bridge: 	at java.lang.Thread.run(Thread.java:764)

08-18 05:12:06.387  1707  2265 I LSPosed-Bridge: 1707 PermLabel 1002 ContextImpl.checkPermission: pid = 1707; uid = 1002; permName: android.permission.BLUETOOTH; type = 0; res = 0; stacktrace=java.lang.Exception

08-18 05:12:06.387  1707  2265 I LSPosed-Bridge: 	at com.example.permlabel.requestPerm$2.afterHookedMethod(requestPerm.java:217)

08-18 05:12:06.387  1707  2265 I LSPosed-Bridge: 	at de.robv.android.xposed.XposedBridge$AdditionalHookInfo.callback(Unknown Source:147)

08-18 05:12:06.387  1707  2265 I LSPosed-Bridge: 	at LSPHooker_.checkPermission(Unknown Source:25)

08-18 05:12:06.387  1707  2265 I LSPosed-Bridge: 	at android.app.ContextImpl.checkCallingOrSelfPermission(ContextImpl.java:1791)

08-18 05:12:06.387  1707  2265 I LSPosed-Bridge: 	at android.app.ContextImpl.enforceCallingOrSelfPermission(ContextImpl.java:1841)

08-18 05:12:06.387  1707  2265 I LSPosed-Bridge: 	at android.content.ContextWrapper.enforceCallingOrSelfPermission(ContextWrapper.java:776)

08-18 05:12:06.387  1707  2265 I LSPosed-Bridge: 	at com.android.bluetooth.hfp.HeadsetService.isAudioOn(HeadsetService.java:1148)

08-18 05:12:06.387  1707  2265 I LSPosed-Bridge: 	at com.android.bluetooth.hfp.HeadsetService.isScoOrCallActive(HeadsetService.java:1158)

08-18 05:12:06.387  1707  2265 I LSPosed-Bridge: 	at com.android.bluetooth.avrcp.Avrcp_ext.updatePlayerStateAndPosition(Avrcp_ext.java:1608)

08-18 05:12:06.387  1707  2265 I LSPosed-Bridge: 	at com.android.bluetooth.avrcp.Avrcp_ext.updatePlaybackState(Avrcp_ext.java:1644)

08-18 05:12:06.387  1707  2265 I LSPosed-Bridge: 	at com.android.bluetooth.avrcp.Avrcp_ext.updateCurrentMediaState(Avrcp_ext.java:2011)

08-18 05:12:06.387  1707  2265 I LSPosed-Bridge: 	at com.android.bluetooth.avrcp.Avrcp_ext.access$1000(Avrcp_ext.java:94)

08-18 05:12:06.387  1707  2265 I LSPosed-Bridge: 	at com.android.bluetooth.avrcp.Avrcp_ext$AudioManagerPlaybackListener.onPlaybackConfigChanged(Avrcp_ext.java:689)

08-18 05:12:06.387  1707  2265 I LSPosed-Bridge: 	at android.media.AudioManager$ServiceEventHandlerDelegate$1.handleMessage(AudioManager.java:2314)

08-18 05:12:06.387  1707  2265 I LSPosed-Bridge: 	at android.os.Handler.dispatchMessage(Handler.java:106)

08-18 05:12:06.387  1707  2265 I LSPosed-Bridge: 	at android.os.Looper.loop(Looper.java:193)

08-18 05:12:06.387  1707  2265 I LSPosed-Bridge: 	at android.os.HandlerThread.run(HandlerThread.java:65)

08-18 05:12:07.504  1546  5463 I LSPosed-Bridge: 6333 PermLabel 10131 AMS.checkPermission: Binder.getCallingPid() = 6333; uid = 10131; Binder.getCallingUid() = 10131; getNameForUid: com.olimsoft.android.oplayer; getPackagesForUid: [com.olimsoft.android.oplayer]; permName: android.permission.GET_TASKS; type = 0; res = -1; stacktrace=java.lang.Exception

08-18 05:12:07.504  1546  5463 I LSPosed-Bridge: 	at com.example.permlabel.requirePerm$1$2.afterHookedMethod(requirePerm.java:131)

08-18 05:12:07.504  1546  5463 I LSPosed-Bridge: 	at de.robv.android.xposed.XposedBridge$AdditionalHookInfo.callback(Unknown Source:147)

08-18 05:12:07.504  1546  5463 I LSPosed-Bridge: 	at LSPHooker_.checkPermission(Unknown Source:25)

08-18 05:12:07.504  1546  5463 I LSPosed-Bridge: 	at com.android.server.am.ActivityManagerService.isGetTasksAllowed(ActivityManagerService.java:10902)

08-18 05:12:07.504  1546  5463 I LSPosed-Bridge: 	at com.android.server.am.ActivityManagerService.getRunningAppProcesses(ActivityManagerService.java:16139)

08-18 05:12:07.504  1546  5463 I LSPosed-Bridge: 	at android.app.IActivityManager$Stub.onTransact(IActivityManager.java:1088)

08-18 05:12:07.504  1546  5463 I LSPosed-Bridge: 	at com.android.server.am.ActivityManagerService.onTransact(ActivityManagerService.java:3346)

08-18 05:12:07.504  1546  5463 I LSPosed-Bridge: 	at android.os.Binder.execTransact(Binder.java:731)

08-18 05:12:07.978  1546  5463 I LSPosed-Bridge: 6333 PermLabel 10131 AMS.checkPermission: Binder.getCallingPid() = 6333; uid = 10131; Binder.getCallingUid() = 10131; getNameForUid: com.olimsoft.android.oplayer; getPackagesForUid: [com.olimsoft.android.oplayer]; permName: android.permission.GET_TASKS; type = 0; res = -1; stacktrace=java.lang.Exception

08-18 05:12:07.978  1546  5463 I LSPosed-Bridge: 	at com.example.permlabel.requirePerm$1$2.afterHookedMethod(requirePerm.java:131)

08-18 05:12:07.978  1546  5463 I LSPosed-Bridge: 	at de.robv.android.xposed.XposedBridge$AdditionalHookInfo.callback(Unknown Source:147)

08-18 05:12:07.978  1546  5463 I LSPosed-Bridge: 	at LSPHooker_.checkPermission(Unknown Source:25)

08-18 05:12:07.978  1546  5463 I LSPosed-Bridge: 	at com.android.server.am.ActivityManagerService.isGetTasksAllowed(ActivityManagerService.java:10902)

08-18 05:12:07.978  1546  5463 I LSPosed-Bridge: 	at com.android.server.am.ActivityManagerService.getRunningAppProcesses(ActivityManagerService.java:16139)

08-18 05:12:07.978  1546  5463 I LSPosed-Bridge: 	at android.app.IActivityManager$Stub.onTransact(IActivityManager.java:1088)

08-18 05:12:07.978  1546  5463 I LSPosed-Bridge: 	at com.android.server.am.ActivityManagerService.onTransact(ActivityManagerService.java:3346)

08-18 05:12:07.978  1546  5463 I LSPosed-Bridge: 	at android.os.Binder.execTransact(Binder.java:731)

08-18 05:12:08.014  1546  2105 I LSPosed-Bridge: 6333 PermLabel 10131 AMS.checkPermission: Binder.getCallingPid() = 6333; uid = 10131; Binder.getCallingUid() = 10131; getNameForUid: com.olimsoft.android.oplayer; getPackagesForUid: [com.olimsoft.android.oplayer]; permName: android.permission.GET_TASKS; type = 0; res = -1; stacktrace=java.lang.Exception

08-18 05:12:08.014  1546  2105 I LSPosed-Bridge: 	at com.example.permlabel.requirePerm$1$2.afterHookedMethod(requirePerm.java:131)

08-18 05:12:08.014  1546  2105 I LSPosed-Bridge: 	at de.robv.android.xposed.XposedBridge$AdditionalHookInfo.callback(Unknown Source:147)

08-18 05:12:08.014  1546  2105 I LSPosed-Bridge: 	at LSPHooker_.checkPermission(Unknown Source:25)

08-18 05:12:08.014  1546  2105 I LSPosed-Bridge: 	at com.android.server.am.ActivityManagerService.isGetTasksAllowed(ActivityManagerService.java:10902)

08-18 05:12:08.014  1546  2105 I LSPosed-Bridge: 	at com.android.server.am.ActivityManagerService.getRunningAppProcesses(ActivityManagerService.java:16139)

08-18 05:12:08.014  1546  2105 I LSPosed-Bridge: 	at android.app.IActivityManager$Stub.onTransact(IActivityManager.java:1088)

08-18 05:12:08.014  1546  2105 I LSPosed-Bridge: 	at com.android.server.am.ActivityManagerService.onTransact(ActivityManagerService.java:3346)

08-18 05:12:08.014  1546  2105 I LSPosed-Bridge: 	at android.os.Binder.execTransact(Binder.java:731)

08-18 05:12:08.014  6333 18487 I LSPosed-Bridge: 6333 PermLabel hookBinder_test 10131 interfaceBinder =android.os.IPowerManager; arg0 = 12; arg1 = android.os.Parcel@da1fcaf; arg2 = android.os.Parcel@75018bc; arg3 = 0; res = true; stacktrace=java.lang.Exception

08-18 05:12:08.014  6333 18487 I LSPosed-Bridge: 	at com.example.permlabel.hookBinder_test$1.afterHookedMethod(hookBinder_test.java:62)

08-18 05:12:08.014  6333 18487 I LSPosed-Bridge: 	at de.robv.android.xposed.XposedBridge$AdditionalHookInfo.callback(Unknown Source:147)

08-18 05:12:08.014  6333 18487 I LSPosed-Bridge: 	at LSPHooker_.transact(Unknown Source:28)

08-18 05:12:08.014  6333 18487 I LSPosed-Bridge: 	at android.os.IPowerManager$Stub$Proxy.isInteractive(IPowerManager.java:585)

08-18 05:12:08.014  6333 18487 I LSPosed-Bridge: 	at android.os.PowerManager.isInteractive(PowerManager.java:1082)

08-18 05:12:08.014  6333 18487 I LSPosed-Bridge: 	at android.os.PowerManager.isScreenOn(PowerManager.java:1043)

08-18 05:12:08.014  6333 18487 I LSPosed-Bridge: 	at com.google.android.ads.z__.ae.a(Unknown Source:16)

08-18 05:12:08.014  6333 18487 I LSPosed-Bridge: 	at java.lang.reflect.Method.invoke(Native Method)

08-18 05:12:08.014  6333 18487 I LSPosed-Bridge: 	at com.google.android.ads.tasks.v.a(:com.google.android.gms.policy_ads_fdr_dynamite@232400001@232400000057.538171701.538171701:23)

08-18 05:12:08.014  6333 18487 I LSPosed-Bridge: 	at com.google.android.ads.tasks.ae.f(:com.google.android.gms.policy_ads_fdr_dynamite@232400001@232400000057.538171701.538171701:20)

08-18 05:12:08.014  6333 18487 I LSPosed-Bridge: 	at com.google.android.ads.tasks.ae.call(:com.google.android.gms.policy_ads_fdr_dynamite@232400001@232400000057.538171701.538171701:1)

08-18 05:12:08.014  6333 18487 I LSPosed-Bridge: 	at java.util.concurrent.FutureTask.run(FutureTask.java:266)

08-18 05:12:08.014  6333 18487 I LSPosed-Bridge: 	at java.util.concurrent.ThreadPoolExecutor.runWorker(ThreadPoolExecutor.java:1167)

08-18 05:12:08.014  6333 18487 I LSPosed-Bridge: 	at java.util.concurrent.ThreadPoolExecutor$Worker.run(ThreadPoolExecutor.java:641)

08-18 05:12:08.014  6333 18487 I LSPosed-Bridge: 	at java.lang.Thread.run(Thread.java:764)

08-18 05:12:08.014  6333 18496 I LSPosed-Bridge: 6333 PermLabel hookBinder_test 10131 interfaceBinder =android.hardware.display.IDisplayManager; arg0 = 1; arg1 = android.os.Parcel@4dea42e; arg2 = android.os.Parcel@75f789a; arg3 = 0; res = true; stacktrace=java.lang.Exception

08-18 05:12:08.014  6333 18496 I LSPosed-Bridge: 	at com.example.permlabel.hookBinder_test$1.afterHookedMethod(hookBinder_test.java:62)

08-18 05:12:08.014  6333 18496 I LSPosed-Bridge: 	at de.robv.android.xposed.XposedBridge$AdditionalHookInfo.callback(Unknown Source:147)

08-18 05:12:08.014  6333 18496 I LSPosed-Bridge: 	at LSPHooker_.transact(Unknown Source:28)

08-18 05:12:08.014  6333 18496 I LSPosed-Bridge: 	at android.hardware.display.IDisplayManager$Stub$Proxy.getDisplayInfo(IDisplayManager.java:404)

08-18 05:12:08.014  6333 18496 I LSPosed-Bridge: 	at android.hardware.display.DisplayManagerGlobal.getDisplayInfo(DisplayManagerGlobal.java:124)

08-18 05:12:08.014  6333 18496 I LSPosed-Bridge: 	at android.hardware.display.DisplayManagerGlobal.getCompatibleDisplay(DisplayManagerGlobal.java:199)

08-18 05:12:08.014  6333 18496 I LSPosed-Bridge: 	at android.app.ResourcesManager.getAdjustedDisplay(ResourcesManager.java:293)

08-18 05:12:08.014  6333 18496 I LSPosed-Bridge: 	at android.app.ContextImpl.getDisplay(ContextImpl.java:2223)

08-18 05:12:08.014  6333 18496 I LSPosed-Bridge: 	at android.view.WindowManagerImpl.getDefaultDisplay(WindowManagerImpl.java:149)

08-18 05:12:08.014  6333 18496 I LSPosed-Bridge: 	at com.google.android.ads.z__.ad.a(Unknown Source:19)

08-18 05:12:08.014  6333 18496 I LSPosed-Bridge: 	at java.lang.reflect.Method.invoke(Native Method)

08-18 05:12:08.014  6333 18496 I LSPosed-Bridge: 	at com.google.android.ads.tasks.u.a(:com.google.android.gms.policy_ads_fdr_dynamite@232400001@232400000057.538171701.538171701:78)

08-18 05:12:08.014  6333 18496 I LSPosed-Bridge: 	at com.google.android.ads.tasks.ae.f(:com.google.android.gms.policy_ads_fdr_dynamite@232400001@232400000057.538171701.538171701:20)

08-18 05:12:08.014  6333 18496 I LSPosed-Bridge: 	at com.google.android.ads.tasks.ae.call(:com.google.android.gms.policy_ads_fdr_dynamite@232400001@232400000057.538171701.538171701:1)

08-18 05:12:08.014  6333 18496 I LSPosed-Bridge: 	at java.util.concurrent.FutureTask.run(FutureTask.java:266)

08-18 05:12:08.014  6333 18496 I LSPosed-Bridge: 	at java.util.concurrent.ThreadPoolExecutor.runWorker(ThreadPoolExecutor.java:1167)

08-18 05:12:08.014  6333 18496 I LSPosed-Bridge: 	at java.util.concurrent.ThreadPoolExecutor$Worker.run(ThreadPoolExecutor.java:641)

08-18 05:12:08.014  6333 18496 I LSPosed-Bridge: 	at java.lang.Thread.run(Thread.java:764)

08-18 05:12:08.014  6333 23691 I LSPosed-Bridge: 6333 PermLabel hookBinder_test 10131 interfaceBinder =; arg0 = 1; arg1 = android.os.Parcel@18f539a; arg2 = android.os.Parcel@89bb4cb; arg3 = 0; res = true; stacktrace=java.lang.Exception

08-18 05:12:08.014  6333 23691 I LSPosed-Bridge: 	at com.example.permlabel.hookBinder_test$1.afterHookedMethod(hookBinder_test.java:62)

08-18 05:12:08.014  6333 23691 I LSPosed-Bridge: 	at de.robv.android.xposed.XposedBridge$AdditionalHookInfo.callback(Unknown Source:147)

08-18 05:12:08.014  6333 23691 I LSPosed-Bridge: 	at LSPHooker_.transact(Unknown Source:28)

08-18 05:12:08.014  6333 23691 I LSPosed-Bridge: 	at android.os.ServiceManagerProxy.getService(ServiceManagerNative.java:125)

08-18 05:12:08.014  6333 23691 I LSPosed-Bridge: 	at android.os.ServiceManager.rawGetService(ServiceManager.java:253)

08-18 05:12:08.014  6333 23691 I LSPosed-Bridge: 	at android.os.ServiceManager.getService(ServiceManager.java:124)

08-18 05:12:08.014  6333 23691 I LSPosed-Bridge: 	at android.telephony.SubscriptionManager.getDefaultSubscriptionId(SubscriptionManager.java:1252)

08-18 05:12:08.014  6333 23691 I LSPosed-Bridge: 	at android.telephony.TelephonyManager.getSubId(TelephonyManager.java:4890)

08-18 05:12:08.014  6333 23691 I LSPosed-Bridge: 	at android.telephony.TelephonyManager.getPhoneId(TelephonyManager.java:4918)

08-18 05:12:08.014  6333 23691 I LSPosed-Bridge: 	at android.telephony.TelephonyManager.getNetworkOperator(TelephonyManager.java:1785)

08-18 05:12:08.014  6333 23691 I LSPosed-Bridge: 	at com.google.android.gms.ads.nonagon.signals.fx.call(:com.google.android.gms.policy_ads_fdr_dynamite@232400001@232400000057.538171701.538171701:13)

08-18 05:12:08.014  6333 23691 I LSPosed-Bridge: 	at btb.a(:com.google.android.gms.policy_ads_fdr_dynamite@232400001@232400000057.538171701.538171701:3)

08-18 05:12:08.014  6333 23691 I LSPosed-Bridge: 	at bsj.run(:com.google.android.gms.policy_ads_fdr_dynamite@232400001@232400000057.538171701.538171701:21)

08-18 05:12:08.014  6333 23691 I LSPosed-Bridge: 	at btc.run(:com.google.android.gms.policy_ads_fdr_dynamite@232400001@232400000057.538171701.538171701:5)

08-18 05:12:08.014  6333 23691 I LSPosed-Bridge: 	at java.util.concurrent.ThreadPoolExecutor.runWorker(ThreadPoolExecutor.java:1167)

08-18 05:12:08.014  6333 23691 I LSPosed-Bridge: 	at java.util.concurrent.ThreadPoolExecutor$Worker.run(ThreadPoolExecutor.java:641)

08-18 05:12:08.014  6333 23691 I LSPosed-Bridge: 	at java.lang.Thread.run(Thread.java:764)

08-18 05:12:08.907  1546  2105 I LSPosed-Bridge: 6333 PermLabel 10131 AMS.checkPermission: Binder.getCallingPid() = 6333; uid = 10131; Binder.getCallingUid() = 10131; getNameForUid: com.olimsoft.android.oplayer; getPackagesForUid: [com.olimsoft.android.oplayer]; permName: android.permission.GET_TASKS; type = 0; res = -1; stacktrace=java.lang.Exception

08-18 05:12:08.907  1546  2105 I LSPosed-Bridge: 	at com.example.permlabel.requirePerm$1$2.afterHookedMethod(requirePerm.java:131)

08-18 05:12:08.907  1546  2105 I LSPosed-Bridge: 	at de.robv.android.xposed.XposedBridge$AdditionalHookInfo.callback(Unknown Source:147)

08-18 05:12:08.907  1546  2105 I LSPosed-Bridge: 	at LSPHooker_.checkPermission(Unknown Source:25)

08-18 05:12:08.907  1546  2105 I LSPosed-Bridge: 	at com.android.server.am.ActivityManagerService.isGetTasksAllowed(ActivityManagerService.java:10902)

08-18 05:12:08.907  1546  2105 I LSPosed-Bridge: 	at com.android.server.am.ActivityManagerService.getRunningAppProcesses(ActivityManagerService.java:16139)

08-18 05:12:08.907  1546  2105 I LSPosed-Bridge: 	at android.app.IActivityManager$Stub.onTransact(IActivityManager.java:1088)

08-18 05:12:08.907  1546  2105 I LSPosed-Bridge: 	at com.android.server.am.ActivityManagerService.onTransact(ActivityManagerService.java:3346)

08-18 05:12:08.907  1546  2105 I LSPosed-Bridge: 	at android.os.Binder.execTransact(Binder.java:731)

08-18 05:12:09.495   919 25052 W BpMediaSource: ignoring potentially modified MetaData from start

08-18 05:12:09.495   919 25052 W BpMediaSource: input:

08-18 05:12:09.495   919 25052 I MetaDataBase: extf: (int32_t) 2

08-18 05:12:09.495   919 25052 W BpMediaSource: output:

08-18 05:12:09.495   919 25052 I MetaDataBase: extf: (int32_t) 2

08-18 05:12:09.495  1546  5463 I LSPosed-Bridge: 6333 PermLabel 10131 AMS.checkPermission: Binder.getCallingPid() = 6333; uid = 10131; Binder.getCallingUid() = 10131; getNameForUid: com.olimsoft.android.oplayer; getPackagesForUid: [com.olimsoft.android.oplayer]; permName: android.permission.GET_TASKS; type = 0; res = -1; stacktrace=java.lang.Exception

08-18 05:12:09.495  1546  5463 I LSPosed-Bridge: 	at com.example.permlabel.requirePerm$1$2.afterHookedMethod(requirePerm.java:131)

08-18 05:12:09.495  1546  5463 I LSPosed-Bridge: 	at de.robv.android.xposed.XposedBridge$AdditionalHookInfo.callback(Unknown Source:147)

08-18 05:12:09.495  1546  5463 I LSPosed-Bridge: 	at LSPHooker_.checkPermission(Unknown Source:25)

08-18 05:12:09.495  1546  5463 I LSPosed-Bridge: 	at com.android.server.am.ActivityManagerService.isGetTasksAllowed(ActivityManagerService.java:10902)

08-18 05:12:09.495  1546  5463 I LSPosed-Bridge: 	at com.android.server.am.ActivityManagerService.getRunningAppProcesses(ActivityManagerService.java:16139)

08-18 05:12:09.495  1546  5463 I LSPosed-Bridge: 	at android.app.IActivityManager$Stub.onTransact(IActivityManager.java:1088)

08-18 05:12:09.495  1546  5463 I LSPosed-Bridge: 	at com.android.server.am.ActivityManagerService.onTransact(ActivityManagerService.java:3346)

08-18 05:12:09.495  1546  5463 I LSPosed-Bridge: 	at android.os.Binder.execTransact(Binder.java:731)

08-18 05:12:09.981  1546  2960 I LSPosed-Bridge: 6333 PermLabel 10131 AMS.checkPermission: Binder.getCallingPid() = 6333; uid = 10131; Binder.getCallingUid() = 10131; getNameForUid: com.olimsoft.android.oplayer; getPackagesForUid: [com.olimsoft.android.oplayer]; permName: android.permission.GET_TASKS; type = 0; res = -1; stacktrace=java.lang.Exception

08-18 05:12:09.981  1546  2960 I LSPosed-Bridge: 	at com.example.permlabel.requirePerm$1$2.afterHookedMethod(requirePerm.java:131)

08-18 05:12:09.981  1546  2960 I LSPosed-Bridge: 	at de.robv.android.xposed.XposedBridge$AdditionalHookInfo.callback(Unknown Source:147)

08-18 05:12:09.981  1546  2960 I LSPosed-Bridge: 	at LSPHooker_.checkPermission(Unknown Source:25)

08-18 05:12:09.981  1546  2960 I LSPosed-Bridge: 	at com.android.server.am.ActivityManagerService.isGetTasksAllowed(ActivityManagerService.java:10902)

08-18 05:12:09.981  1546  2960 I LSPosed-Bridge: 	at com.android.server.am.ActivityManagerService.getRunningAppProcesses(ActivityManagerService.java:16139)

08-18 05:12:09.981  1546  2960 I LSPosed-Bridge: 	at android.app.IActivityManager$Stub.onTransact(IActivityManager.java:1088)

08-18 05:12:09.981  1546  2960 I LSPosed-Bridge: 	at com.android.server.am.ActivityManagerService.onTransact(ActivityManagerService.java:3346)

08-18 05:12:09.981  1546  2960 I LSPosed-Bridge: 	at android.os.Binder.execTransact(Binder.java:731)

08-18 05:12:09.981  6333  6333 I LSPosed-Bridge: 6333 PermLabel hookBinder_test 10131 interfaceBinder =android.app.IActivityManager; arg0 = 81; arg1 = android.os.Parcel@a9c5d3d; arg2 = android.os.Parcel@5d226f3; arg3 = 0; res = true; stacktrace=java.lang.Exception

08-18 05:12:09.981  6333  6333 I LSPosed-Bridge: 	at com.example.permlabel.hookBinder_test$1.afterHookedMethod(hookBinder_test.java:62)

08-18 05:12:09.981  6333  6333 I LSPosed-Bridge: 	at de.robv.android.xposed.XposedBridge$AdditionalHookInfo.callback(Unknown Source:147)

08-18 05:12:09.981  6333  6333 I LSPosed-Bridge: 	at LSPHooker_.transact(Unknown Source:28)

08-18 05:12:09.981  6333  6333 I LSPosed-Bridge: 	at android.app.IActivityManager$Stub$Proxy.getRunningAppProcesses(IActivityManager.java:5366)

08-18 05:12:09.981  6333  6333 I LSPosed-Bridge: 	at android.app.ActivityManager.getRunningAppProcesses(ActivityManager.java:3435)

08-18 05:12:09.981  6333  6333 I LSPosed-Bridge: 	at java.lang.reflect.Method.invoke(Native Method)

08-18 05:12:09.981  6333  6333 I LSPosed-Bridge: 	at org.lsposed.lspd.nativebridge.HookBridge.invokeOriginalMethod(Native Method)

08-18 05:12:09.981  6333  6333 I LSPosed-Bridge: 	at de.robv.android.xposed.XposedBridge$AdditionalHookInfo.callback(Unknown Source:110)

08-18 05:12:09.981  6333  6333 I LSPosed-Bridge: 	at LSPHooker_.getRunningAppProcesses(Unknown Source:8)

08-18 05:12:09.981  6333  6333 I LSPosed-Bridge: 	at com.olimsoft.android.oplayer.util.Util.isBackground(Util.kt:20)

08-18 05:12:09.981  6333  6333 I LSPosed-Bridge: 	at com.olimsoft.android.oplayer.ads.AdsOptionsDelegate$showAd$1.onAdExposed(AdsOptionsDelegate.kt:22)

08-18 05:12:09.981  6333  6333 I LSPosed-Bridge: 	at com.olimsoft.android.gdt.native_.view.BaseNativeViewGdt$showNative$9.onADExposed(BaseNativeViewGdt.kt:5)

08-18 05:12:09.981  6333  6333 I LSPosed-Bridge: 	at com.qq.e.ads.nativ.NativeUnifiedADDataAdapter.a(:86)

08-18 05:12:09.981  6333  6333 I LSPosed-Bridge: 	at com.qq.e.ads.nativ.NativeUnifiedADDataAdapter$UnifiedAdListener.onADEvent(:3)

08-18 05:12:09.981  6333  6333 I LSPosed-Bridge: 	at com.qq.e.comm.plugin.nativeadunified.h.b(A:15)

08-18 05:12:09.981  6333  6333 I LSPosed-Bridge: 	at com.qq.e.comm.plugin.nativeadunified.h$j.run(A:1)

08-18 05:12:09.981  6333  6333 I LSPosed-Bridge: 	at android.os.Handler.handleCallback(Handler.java:873)

08-18 05:12:09.981  6333  6333 I LSPosed-Bridge: 	at android.os.Handler.dispatchMessage(Handler.java:99)

08-18 05:12:09.981  6333  6333 I LSPosed-Bridge: 	at android.os.Looper.loop(Looper.java:193)

08-18 05:12:09.981  6333  6333 I LSPosed-Bridge: 	at android.app.ActivityThread.main(ActivityThread.java:6692)

08-18 05:12:09.981  6333  6333 I LSPosed-Bridge: 	at java.lang.reflect.Method.invoke(Native Method)

08-18 05:12:09.981  6333  6333 I LSPosed-Bridge: 	at com.android.internal.os.RuntimeInit$MethodAndArgsCaller.run(RuntimeInit.java:493)

08-18 05:12:09.981  6333  6333 I LSPosed-Bridge: 	at com.android.internal.os.ZygoteInit.main(ZygoteInit.java:858)

08-18 05:12:09.981  6333  6333 I LSPosed-Bridge: 6333 PermLabel getRunningAppProcesses =android.app.ActivityManager$RunningAppProcessInfo@a8daf18

08-18 05:12:09.981  6333  6333 I LSPosed-Bridge: 6333 PermLabel getRunningAppProcesses processName: com.olimsoft.android.oplayer pid: 6333

08-18 05:12:09.981  6333  6333 I LSPosed-Bridge: 6333 PermLabel getRunningAppProcesses importance: 100 pid: 6333

08-18 05:12:09.981  6333  6333 I LSPosed-Bridge: 6333 PermLabel getRunningAppProcesses packageName com.olimsoft.android.oplayer at index 0 in process 6333

08-18 05:12:10.011  1546  1577 I LSPosed-Bridge: 6333 PermLabel 10131 AMS.checkPermission: Binder.getCallingPid() = 6333; uid = 10131; Binder.getCallingUid() = 10131; getNameForUid: com.olimsoft.android.oplayer; getPackagesForUid: [com.olimsoft.android.oplayer]; permName: android.permission.GET_TASKS; type = 0; res = -1; stacktrace=java.lang.Exception

08-18 05:12:10.011  1546  1577 I LSPosed-Bridge: 	at com.example.permlabel.requirePerm$1$2.afterHookedMethod(requirePerm.java:131)

08-18 05:12:10.011  1546  1577 I LSPosed-Bridge: 	at de.robv.android.xposed.XposedBridge$AdditionalHookInfo.callback(Unknown Source:147)

08-18 05:12:10.011  1546  1577 I LSPosed-Bridge: 	at LSPHooker_.checkPermission(Unknown Source:25)

08-18 05:12:10.011  1546  1577 I LSPosed-Bridge: 	at com.android.server.am.ActivityManagerService.isGetTasksAllowed(ActivityManagerService.java:10902)

08-18 05:12:10.011  1546  1577 I LSPosed-Bridge: 	at com.android.server.am.ActivityManagerService.getRunningAppProcesses(ActivityManagerService.java:16139)

08-18 05:12:10.011  1546  1577 I LSPosed-Bridge: 	at android.app.IActivityManager$Stub.onTransact(IActivityManager.java:1088)

08-18 05:12:10.011  1546  1577 I LSPosed-Bridge: 	at com.android.server.am.ActivityManagerService.onTransact(ActivityManagerService.java:3346)

08-18 05:12:10.011  1546  1577 I LSPosed-Bridge: 	at android.os.Binder.execTransact(Binder.java:731)

08-18 05:12:10.011  6333 19191 I LSPosed-Bridge: 6333 PermLabel hookBinder_test 10131 interfaceBinder =android.app.IActivityManager; arg0 = 9; arg1 = android.os.Parcel@65a6bfe; arg2 = android.os.Parcel@5db8f5f; arg3 = 0; res = true; stacktrace=java.lang.Exception

08-18 05:12:10.011  6333 19191 I LSPosed-Bridge: 	at com.example.permlabel.hookBinder_test$1.afterHookedMethod(hookBinder_test.java:62)

08-18 05:12:10.011  6333 19191 I LSPosed-Bridge: 	at de.robv.android.xposed.XposedBridge$AdditionalHookInfo.callback(Unknown Source:147)

08-18 05:12:10.011  6333 19191 I LSPosed-Bridge: 	at LSPHooker_.transact(Unknown Source:28)

08-18 05:12:10.011  6333 19191 I LSPosed-Bridge: 	at android.app.IActivityManager$Stub$Proxy.registerReceiver(IActivityManager.java:3825)

08-18 05:12:10.011  6333 19191 I LSPosed-Bridge: 	at android.app.ContextImpl.registerReceiverInternal(ContextImpl.java:1488)

08-18 05:12:10.011  6333 19191 I LSPosed-Bridge: 	at android.app.ContextImpl.registerReceiver(ContextImpl.java:1449)

08-18 05:12:10.011  6333 19191 I LSPosed-Bridge: 	at android.app.ContextImpl.registerReceiver(ContextImpl.java:1437)

08-18 05:12:10.011  6333 19191 I LSPosed-Bridge: 	at android.content.ContextWrapper.registerReceiver(ContextWrapper.java:623)

08-18 05:12:10.011  6333 19191 I LSPosed-Bridge: 	at com.google.android.ads.z__.am.a(Unknown Source:8)

08-18 05:12:10.011  6333 19191 I LSPosed-Bridge: 	at java.lang.reflect.Method.invoke(Native Method)

08-18 05:12:10.011  6333 19191 I LSPosed-Bridge: 	at com.google.android.ads.tasks.aa.a(:com.google.android.gms.policy_ads_fdr_dynamite@232400001@232400000057.538171701.538171701:42)

08-18 05:12:10.011  6333 19191 I LSPosed-Bridge: 	at com.google.android.ads.tasks.ae.f(:com.google.android.gms.policy_ads_fdr_dynamite@232400001@232400000057.538171701.538171701:20)

08-18 05:12:10.011  6333 19191 I LSPosed-Bridge: 	at com.google.android.ads.tasks.ae.call(:com.google.android.gms.policy_ads_fdr_dynamite@232400001@232400000057.538171701.538171701:1)

08-18 05:12:10.011  6333 19191 I LSPosed-Bridge: 	at java.util.concurrent.FutureTask.run(FutureTask.java:266)

08-18 05:12:10.011  6333 19191 I LSPosed-Bridge: 	at java.util.concurrent.ThreadPoolExecutor.runWorker(ThreadPoolExecutor.java:1167)

08-18 05:12:10.011  6333 19191 I LSPosed-Bridge: 	at java.util.concurrent.ThreadPoolExecutor$Worker.run(ThreadPoolExecutor.java:641)

08-18 05:12:10.011  6333 19191 I LSPosed-Bridge: 	at java.lang.Thread.run(Thread.java:764)

08-18 05:12:10.011  6333 18834 I LSPosed-Bridge: 6333 PermLabel hookBinder_test 10131 interfaceBinder =android.content.pm.IPackageManager; arg0 = 3; arg1 = android.os.Parcel@7470a75; arg2 = android.os.Parcel@9ed4a0a; arg3 = 0; res = true; stacktrace=java.lang.Exception

08-18 05:12:10.011  6333 18834 I LSPosed-Bridge: 	at com.example.permlabel.hookBinder_test$1.afterHookedMethod(hookBinder_test.java:62)

08-18 05:12:10.011  6333 18834 I LSPosed-Bridge: 	at de.robv.android.xposed.XposedBridge$AdditionalHookInfo.callback(Unknown Source:147)

08-18 05:12:10.011  6333 18834 I LSPosed-Bridge: 	at LSPHooker_.transact(Unknown Source:28)

08-18 05:12:10.011  6333 18834 I LSPosed-Bridge: 	at android.content.pm.IPackageManager$Stub$Proxy.getPackageInfo(IPackageManager.java:2876)

08-18 05:12:10.011  6333 18834 I LSPosed-Bridge: 	at android.app.ApplicationPackageManager.getPackageInfoAsUser(ApplicationPackageManager.java:174)

08-18 05:12:10.011  6333 18834 I LSPosed-Bridge: 	at android.app.ApplicationPackageManager.getPackageInfo(ApplicationPackageManager.java:152)

08-18 05:12:10.011  6333 18834 I LSPosed-Bridge: 	at com.qq.e.comm.plugin.apkmanager.x.b.a(A:8)

08-18 05:12:10.011  6333 18834 I LSPosed-Bridge: 	at com.qq.e.comm.plugin.apkmanager.w.b.a(A:41)

08-18 05:12:10.011  6333 18834 I LSPosed-Bridge: 	at com.qq.e.comm.plugin.apkmanager.w.b.d(A:4)

08-18 05:12:10.011  6333 18834 I LSPosed-Bridge: 	at com.qq.e.comm.plugin.apkmanager.m$b.a(A:3)

08-18 05:12:10.011  6333 18834 I LSPosed-Bridge: 	at com.qq.e.comm.plugin.n.j.f.a(A:116)

08-18 05:12:10.011  6333 18834 I LSPosed-Bridge: 	at com.qq.e.comm.plugin.n.j.g.a(A:6)

08-18 05:12:10.011  6333 18834 I LSPosed-Bridge: 	at com.qq.e.comm.plugin.n.j.i.a(A:3)

08-18 05:12:10.011  6333 18834 I LSPosed-Bridge: 	at com.qq.e.comm.plugin.n.j.j.a(A:31)

08-18 05:12:10.011  6333 18834 I LSPosed-Bridge: 	at com.qq.e.comm.plugin.n.j.a.a(A:7)

08-18 05:12:10.011  6333 18834 I LSPosed-Bridge: 	at com.qq.e.comm.plugin.n.j.j.a(A:4)

08-18 05:12:10.011  6333 18834 I LSPosed-Bridge: 	at com.qq.e.comm.plugin.n.j.e.a(A:12)

08-18 05:12:10.011  6333 18834 I LSPosed-Bridge: 	at com.qq.e.comm.plugin.n.j.f$b.a(A:1)

08-18 05:12:10.011  6333 18834 I LSPosed-Bridge: 	at com.qq.e.comm.plugin.n.j.f$b.call(A:1)

08-18 05:12:10.011  6333 18834 I LSPosed-Bridge: 	at java.util.concurrent.FutureTask.run(FutureTask.java:266)

08-18 05:12:10.011  6333 18834 I LSPosed-Bridge: 	at java.util.concurrent.ThreadPoolExecutor.runWorker(ThreadPoolExecutor.java:1167)

08-18 05:12:10.011  6333 18834 I LSPosed-Bridge: 	at java.util.concurrent.ThreadPoolExecutor$Worker.run(ThreadPoolExecutor.java:641)

08-18 05:12:10.011  6333 18834 I LSPosed-Bridge: 	at java.lang.Thread.run(Thread.java:764)

08-18 05:12:10.745  1546  5463 I LSPosed-Bridge: 6333 PermLabel 10131 AMS.checkPermission: Binder.getCallingPid() = 6333; uid = 10131; Binder.getCallingUid() = 10131; getNameForUid: com.olimsoft.android.oplayer; getPackagesForUid: [com.olimsoft.android.oplayer]; permName: android.permission.GET_TASKS; type = 0; res = -1; stacktrace=java.lang.Exception

08-18 05:12:10.745  1546  5463 I LSPosed-Bridge: 	at com.example.permlabel.requirePerm$1$2.afterHookedMethod(requirePerm.java:131)

08-18 05:12:10.745  1546  5463 I LSPosed-Bridge: 	at de.robv.android.xposed.XposedBridge$AdditionalHookInfo.callback(Unknown Source:147)

08-18 05:12:10.745  1546  5463 I LSPosed-Bridge: 	at LSPHooker_.checkPermission(Unknown Source:25)

08-18 05:12:10.745  1546  5463 I LSPosed-Bridge: 	at com.android.server.am.ActivityManagerService.isGetTasksAllowed(ActivityManagerService.java:10902)

08-18 05:12:10.745  1546  5463 I LSPosed-Bridge: 	at com.android.server.am.ActivityManagerService.getRunningAppProcesses(ActivityManagerService.java:16139)

08-18 05:12:10.745  1546  5463 I LSPosed-Bridge: 	at android.app.IActivityManager$Stub.onTransact(IActivityManager.java:1088)

08-18 05:12:10.745  1546  5463 I LSPosed-Bridge: 	at com.android.server.am.ActivityManagerService.onTransact(ActivityManagerService.java:3346)

08-18 05:12:10.745  1546  5463 I LSPosed-Bridge: 	at android.os.Binder.execTransact(Binder.java:731)

08-18 05:12:10.745  6333  6333 I LSPosed-Bridge: 6333 PermLabel hookBinder_test 10131 interfaceBinder =android.app.IActivityManager; arg0 = 81; arg1 = android.os.Parcel@8ce5f2c; arg2 = android.os.Parcel@39d3e0e; arg3 = 0; res = true; stacktrace=java.lang.Exception

08-18 05:12:10.745  6333  6333 I LSPosed-Bridge: 	at com.example.permlabel.hookBinder_test$1.afterHookedMethod(hookBinder_test.java:62)

08-18 05:12:10.745  6333  6333 I LSPosed-Bridge: 	at de.robv.android.xposed.XposedBridge$AdditionalHookInfo.callback(Unknown Source:147)

08-18 05:12:10.745  6333  6333 I LSPosed-Bridge: 	at LSPHooker_.transact(Unknown Source:28)

08-18 05:12:10.745  6333  6333 I LSPosed-Bridge: 	at android.app.IActivityManager$Stub$Proxy.getRunningAppProcesses(IActivityManager.java:5366)

08-18 05:12:10.745  6333  6333 I LSPosed-Bridge: 	at android.app.ActivityManager.getRunningAppProcesses(ActivityManager.java:3435)

08-18 05:12:10.745  6333  6333 I LSPosed-Bridge: 	at java.lang.reflect.Method.invoke(Native Method)

08-18 05:12:10.745  6333  6333 I LSPosed-Bridge: 	at org.lsposed.lspd.nativebridge.HookBridge.invokeOriginalMethod(Native Method)

08-18 05:12:10.745  6333  6333 I LSPosed-Bridge: 	at de.robv.android.xposed.XposedBridge$AdditionalHookInfo.callback(Unknown Source:110)

08-18 05:12:10.745  6333  6333 I LSPosed-Bridge: 	at LSPHooker_.getRunningAppProcesses(Unknown Source:8)

08-18 05:12:10.745  6333  6333 I LSPosed-Bridge: 	at com.olimsoft.android.oplayer.util.Util.isBackground(Util.kt:20)

08-18 05:12:10.745  6333  6333 I LSPosed-Bridge: 	at com.olimsoft.android.oplayer.ads.AdsOptionsDelegate$showAd$1.onAdExposed(AdsOptionsDelegate.kt:22)

08-18 05:12:10.745  6333  6333 I LSPosed-Bridge: 	at com.olimsoft.android.gdt.native_.view.BaseNativeViewGdt$showNative$9.onADExposed(BaseNativeViewGdt.kt:5)

08-18 05:12:10.745  6333  6333 I LSPosed-Bridge: 	at com.qq.e.ads.nativ.NativeUnifiedADDataAdapter.a(:86)

08-18 05:12:10.745  6333  6333 I LSPosed-Bridge: 	at com.qq.e.ads.nativ.NativeUnifiedADDataAdapter$UnifiedAdListener.onADEvent(:3)

08-18 05:12:10.745  6333  6333 I LSPosed-Bridge: 	at com.qq.e.comm.plugin.nativeadunified.h.b(A:15)

08-18 05:12:10.745  6333  6333 I LSPosed-Bridge: 	at com.qq.e.comm.plugin.nativeadunified.h$j.run(A:1)

08-18 05:12:10.745  6333  6333 I LSPosed-Bridge: 	at android.os.Handler.handleCallback(Handler.java:873)

08-18 05:12:10.745  6333  6333 I LSPosed-Bridge: 	at android.os.Handler.dispatchMessage(Handler.java:99)

08-18 05:12:10.745  6333  6333 I LSPosed-Bridge: 	at android.os.Looper.loop(Looper.java:193)

08-18 05:12:10.745  6333  6333 I LSPosed-Bridge: 	at android.app.ActivityThread.main(ActivityThread.java:6692)

08-18 05:12:10.745  6333  6333 I LSPosed-Bridge: 	at java.lang.reflect.Method.invoke(Native Method)

08-18 05:12:10.745  6333  6333 I LSPosed-Bridge: 	at com.android.internal.os.RuntimeInit$MethodAndArgsCaller.run(RuntimeInit.java:493)

08-18 05:12:10.745  6333  6333 I LSPosed-Bridge: 	at com.android.internal.os.ZygoteInit.main(ZygoteInit.java:858)

08-18 05:12:11.329  1546  1577 I LSPosed-Bridge: 6333 PermLabel 10131 AMS.checkPermission: Binder.getCallingPid() = 6333; uid = 10131; Binder.getCallingUid() = 10131; getNameForUid: com.olimsoft.android.oplayer; getPackagesForUid: [com.olimsoft.android.oplayer]; permName: android.permission.GET_TASKS; type = 0; res = -1; stacktrace=java.lang.Exception

08-18 05:12:11.329  1546  1577 I LSPosed-Bridge: 	at com.example.permlabel.requirePerm$1$2.afterHookedMethod(requirePerm.java:131)

08-18 05:12:11.329  1546  1577 I LSPosed-Bridge: 	at de.robv.android.xposed.XposedBridge$AdditionalHookInfo.callback(Unknown Source:147)

08-18 05:12:11.329  1546  1577 I LSPosed-Bridge: 	at LSPHooker_.checkPermission(Unknown Source:25)

08-18 05:12:11.329  1546  1577 I LSPosed-Bridge: 	at com.android.server.am.ActivityManagerService.isGetTasksAllowed(ActivityManagerService.java:10902)

08-18 05:12:11.329  1546  1577 I LSPosed-Bridge: 	at com.android.server.am.ActivityManagerService.getRunningAppProcesses(ActivityManagerService.java:16139)

08-18 05:12:11.329  1546  1577 I LSPosed-Bridge: 	at android.app.IActivityManager$Stub.onTransact(IActivityManager.java:1088)

08-18 05:12:11.329  1546  1577 I LSPosed-Bridge: 	at com.android.server.am.ActivityManagerService.onTransact(ActivityManagerService.java:3346)

08-18 05:12:11.329  1546  1577 I LSPosed-Bridge: 	at android.os.Binder.execTransact(Binder.java:731)

08-18 05:12:11.368  1546  1577 I LSPosed-Bridge: 6333 PermLabel 10131 AMS.checkPermission: Binder.getCallingPid() = 6333; uid = 10131; Binder.getCallingUid() = 10131; getNameForUid: com.olimsoft.android.oplayer; getPackagesForUid: [com.olimsoft.android.oplayer]; permName: android.permission.GET_TASKS; type = 0; res = -1; stacktrace=java.lang.Exception

08-18 05:12:11.368  1546  1577 I LSPosed-Bridge: 	at com.example.permlabel.requirePerm$1$2.afterHookedMethod(requirePerm.java:131)

08-18 05:12:11.368  1546  1577 I LSPosed-Bridge: 	at de.robv.android.xposed.XposedBridge$AdditionalHookInfo.callback(Unknown Source:147)

08-18 05:12:11.368  1546  1577 I LSPosed-Bridge: 	at LSPHooker_.checkPermission(Unknown Source:25)

08-18 05:12:11.368  1546  1577 I LSPosed-Bridge: 	at com.android.server.am.ActivityManagerService.isGetTasksAllowed(ActivityManagerService.java:10902)

08-18 05:12:11.368  1546  1577 I LSPosed-Bridge: 	at com.android.server.am.ActivityManagerService.getRunningAppProcesses(ActivityManagerService.java:16139)

08-18 05:12:11.368  1546  1577 I LSPosed-Bridge: 	at android.app.IActivityManager$Stub.onTransact(IActivityManager.java:1088)

08-18 05:12:11.368  1546  1577 I LSPosed-Bridge: 	at com.android.server.am.ActivityManagerService.onTransact(ActivityManagerService.java:3346)

08-18 05:12:11.368  1546  1577 I LSPosed-Bridge: 	at android.os.Binder.execTransact(Binder.java:731)

08-18 05:12:12.243  1546  5463 I LSPosed-Bridge: 6333 PermLabel 10131 AMS.checkPermission: Binder.getCallingPid() = 6333; uid = 10131; Binder.getCallingUid() = 10131; getNameForUid: com.olimsoft.android.oplayer; getPackagesForUid: [com.olimsoft.android.oplayer]; permName: android.permission.GET_TASKS; type = 0; res = -1; stacktrace=java.lang.Exception

08-18 05:12:12.243  1546  5463 I LSPosed-Bridge: 	at com.example.permlabel.requirePerm$1$2.afterHookedMethod(requirePerm.java:131)

08-18 05:12:12.243  1546  5463 I LSPosed-Bridge: 	at de.robv.android.xposed.XposedBridge$AdditionalHookInfo.callback(Unknown Source:147)

08-18 05:12:12.243  1546  5463 I LSPosed-Bridge: 	at LSPHooker_.checkPermission(Unknown Source:25)

08-18 05:12:12.243  1546  5463 I LSPosed-Bridge: 	at com.android.server.am.ActivityManagerService.isGetTasksAllowed(ActivityManagerService.java:10902)

08-18 05:12:12.243  1546  5463 I LSPosed-Bridge: 	at com.android.server.am.ActivityManagerService.getRunningAppProcesses(ActivityManagerService.java:16139)

08-18 05:12:12.243  1546  5463 I LSPosed-Bridge: 	at android.app.IActivityManager$Stub.onTransact(IActivityManager.java:1088)

08-18 05:12:12.243  1546  5463 I LSPosed-Bridge: 	at com.android.server.am.ActivityManagerService.onTransact(ActivityManagerService.java:3346)

08-18 05:12:12.243  1546  5463 I LSPosed-Bridge: 	at android.os.Binder.execTransact(Binder.java:731)

