08-18 05:05:36.012  1546  5462 I LSPosed-Bridge: 6333 PermLabel 10131 AMS.checkPermission: Binder.getCallingPid() = 6333; uid = 10131; Binder.getCallingUid() = 10131; getNameForUid: com.olimsoft.android.oplayer; getPackagesForUid: [com.olimsoft.android.oplayer]; permName: android.permission.GET_TASKS; type = 0; res = -1; stacktrace=java.lang.Exception

08-18 05:05:36.012  1546  5462 I LSPosed-Bridge: 	at com.example.permlabel.requirePerm$1$2.afterHookedMethod(requirePerm.java:131)

08-18 05:05:36.012  1546  5462 I LSPosed-Bridge: 	at de.robv.android.xposed.XposedBridge$AdditionalHookInfo.callback(Unknown Source:147)

08-18 05:05:36.012  1546  5462 I LSPosed-Bridge: 	at LSPHooker_.checkPermission(Unknown Source:25)

08-18 05:05:36.012  1546  5462 I LSPosed-Bridge: 	at com.android.server.am.ActivityManagerService.isGetTasksAllowed(ActivityManagerService.java:10902)

08-18 05:05:36.012  1546  5462 I LSPosed-Bridge: 	at com.android.server.am.ActivityManagerService.getRunningAppProcesses(ActivityManagerService.java:16139)

08-18 05:05:36.012  1546  5462 I LSPosed-Bridge: 	at android.app.IActivityManager$Stub.onTransact(IActivityManager.java:1088)

08-18 05:05:36.012  1546  5462 I LSPosed-Bridge: 	at com.android.server.am.ActivityManagerService.onTransact(ActivityManagerService.java:3346)

08-18 05:05:36.012  1546  5462 I LSPosed-Bridge: 	at android.os.Binder.execTransact(Binder.java:731)

08-18 05:05:36.015  1546  5462 I LSPosed-Bridge: 6333 PermLabel 10131 AMS.checkPermission: Binder.getCallingPid() = 6333; uid = 10131; Binder.getCallingUid() = 10131; getNameForUid: com.olimsoft.android.oplayer; getPackagesForUid: [com.olimsoft.android.oplayer]; permName: android.permission.GET_TASKS; type = 0; res = -1; stacktrace=java.lang.Exception

08-18 05:05:36.015  1546  5462 I LSPosed-Bridge: 	at com.example.permlabel.requirePerm$1$2.afterHookedMethod(requirePerm.java:131)

08-18 05:05:36.015  1546  5462 I LSPosed-Bridge: 	at de.robv.android.xposed.XposedBridge$AdditionalHookInfo.callback(Unknown Source:147)

08-18 05:05:36.015  1546  5462 I LSPosed-Bridge: 	at LSPHooker_.checkPermission(Unknown Source:25)

08-18 05:05:36.015  1546  5462 I LSPosed-Bridge: 	at com.android.server.am.ActivityManagerService.isGetTasksAllowed(ActivityManagerService.java:10902)

08-18 05:05:36.015  1546  5462 I LSPosed-Bridge: 	at com.android.server.am.ActivityManagerService.getRunningAppProcesses(ActivityManagerService.java:16139)

08-18 05:05:36.015  1546  5462 I LSPosed-Bridge: 	at android.app.IActivityManager$Stub.onTransact(IActivityManager.java:1088)

08-18 05:05:36.015  1546  5462 I LSPosed-Bridge: 	at com.android.server.am.ActivityManagerService.onTransact(ActivityManagerService.java:3346)

08-18 05:05:36.015  1546  5462 I LSPosed-Bridge: 	at android.os.Binder.execTransact(Binder.java:731)

08-18 05:05:36.030  6333  6333 I LSPosed-Bridge: 6333 PermLabel hookBinder_test 10131 interfaceBinder =android.content.pm.IPackageManager; arg0 = 3; arg1 = android.os.Parcel@21ae6e8; arg2 = android.os.Parcel@73f3101; arg3 = 0; res = true; stacktrace=java.lang.Exception

08-18 05:05:36.030  6333  6333 I LSPosed-Bridge: 	at com.example.permlabel.hookBinder_test$1.afterHookedMethod(hookBinder_test.java:62)

08-18 05:05:36.030  6333  6333 I LSPosed-Bridge: 	at de.robv.android.xposed.XposedBridge$AdditionalHookInfo.callback(Unknown Source:147)

08-18 05:05:36.030  6333  6333 I LSPosed-Bridge: 	at LSPHooker_.transact(Unknown Source:28)

08-18 05:05:36.030  6333  6333 I LSPosed-Bridge: 	at android.content.pm.IPackageManager$Stub$Proxy.getPackageInfo(IPackageManager.java:2876)

08-18 05:05:36.030  6333  6333 I LSPosed-Bridge: 	at android.app.ApplicationPackageManager.getPackageInfoAsUser(ApplicationPackageManager.java:174)

08-18 05:05:36.030  6333  6333 I LSPosed-Bridge: 	at android.app.ApplicationPackageManager.getPackageInfo(ApplicationPackageManager.java:152)

08-18 05:05:36.030  6333  6333 I LSPosed-Bridge: 	at com.huawei.hms.utils.PackageManagerHelper.getPackageVersionCode(PackageManagerHelper.java:8)

08-18 05:05:36.030  6333  6333 I LSPosed-Bridge: 	at com.huawei.hms.utils.HMSPackageManager.getHmsMultiServiceVersion(HMSPackageManager.java:7)

08-18 05:05:36.030  6333  6333 I LSPosed-Bridge: 	at com.huawei.hms.api.HuaweiApiClientImpl.isConnected(HuaweiApiClientImpl.java:11)

08-18 05:05:36.030  6333  6333 I LSPosed-Bridge: 	at com.huawei.android.hms.agent.common.ApiClientMgr.connect(ApiClientMgr.java:25)

08-18 05:05:36.030  6333  6333 I LSPosed-Bridge: 	at com.huawei.android.hms.agent.HMSAgent.connect(HMSAgent.java:13)

08-18 05:05:36.030  6333  6333 I LSPosed-Bridge: 	at com.olimsoft.android.oplayer.iap.Commodity.connect(Commodity.kt:16)

08-18 05:05:36.030  6333  6333 I LSPosed-Bridge: 	at com.olimsoft.android.oplayer.Product$Iap.connectIap(Product.kt:3)

08-18 05:05:36.030  6333  6333 I LSPosed-Bridge: 	at com.olimsoft.android.oplayer.Product$Market.init(Product.kt:71)

08-18 05:05:36.030  6333  6333 I LSPosed-Bridge: 	at com.olimsoft.android.explorer.DocumentsActivity.$r8$lambda$qQmrFJZtS7QGuRCmqMwuqAX-pXo(DocumentsActivity.kt:216)

08-18 05:05:36.030  6333  6333 I LSPosed-Bridge: 	at com.olimsoft.android.explorer.DocumentsActivity$$ExternalSyntheticLambda1.queueIdle(Unknown Source:4)

08-18 05:05:36.030  6333  6333 I LSPosed-Bridge: 	at android.os.MessageQueue.next(MessageQueue.java:395)

08-18 05:05:36.030  6333  6333 I LSPosed-Bridge: 	at android.os.Looper.loop(Looper.java:160)

08-18 05:05:36.030  6333  6333 I LSPosed-Bridge: 	at android.app.ActivityThread.main(ActivityThread.java:6692)

08-18 05:05:36.030  6333  6333 I LSPosed-Bridge: 	at java.lang.reflect.Method.invoke(Native Method)

08-18 05:05:36.030  6333  6333 I LSPosed-Bridge: 	at com.android.internal.os.RuntimeInit$MethodAndArgsCaller.run(RuntimeInit.java:493)

08-18 05:05:36.030  6333  6333 I LSPosed-Bridge: 	at com.android.internal.os.ZygoteInit.main(ZygoteInit.java:858)

08-18 05:05:36.030  6333  7206 I LSPosed-Bridge: 6333 PermLabel hookBinder_test 10131 interfaceBinder =com.android.internal.telephony.ISub; arg0 = 20; arg1 = android.os.Parcel@c4f1098; arg2 = android.os.Parcel@a228c32; arg3 = 0; res = true; stacktrace=java.lang.Exception

08-18 05:05:36.030  6333  7206 I LSPosed-Bridge: 	at com.example.permlabel.hookBinder_test$1.afterHookedMethod(hookBinder_test.java:62)

08-18 05:05:36.030  6333  7206 I LSPosed-Bridge: 	at de.robv.android.xposed.XposedBridge$AdditionalHookInfo.callback(Unknown Source:147)

08-18 05:05:36.030  6333  7206 I LSPosed-Bridge: 	at LSPHooker_.transact(Unknown Source:28)

08-18 05:05:36.030  6333  7206 I LSPosed-Bridge: 	at com.android.internal.telephony.ISub$Stub$Proxy.getDefaultSubId(ISub.java:847)

08-18 05:05:36.030  6333  7206 I LSPosed-Bridge: 	at android.telephony.SubscriptionManager.getDefaultSubscriptionId(SubscriptionManager.java:1254)

08-18 05:05:36.030  6333  7206 I LSPosed-Bridge: 	at android.telephony.TelephonyManager.getSubId(TelephonyManager.java:4890)

08-18 05:05:36.030  6333  7206 I LSPosed-Bridge: 	at android.telephony.TelephonyManager.getPhoneId(TelephonyManager.java:4918)

08-18 05:05:36.030  6333  7206 I LSPosed-Bridge: 	at android.telephony.TelephonyManager.getNetworkOperator(TelephonyManager.java:1785)

08-18 05:05:36.030  6333  7206 I LSPosed-Bridge: 	at yaq.pro.getobjresult(Native Method)

08-18 05:05:36.030  6333  7206 I LSPosed-Bridge: 	at com.qq.e.comm.plugin.x.e.c.m(Unknown Source:9)

08-18 05:05:36.030  6333  7206 I LSPosed-Bridge: 	at yaq.pro.getobjresult(Native Method)

08-18 05:05:36.030  6333  7206 I LSPosed-Bridge: 	at com.qq.e.comm.plugin.x.e.c.o(Unknown Source:9)

08-18 05:05:36.030  6333  7206 I LSPosed-Bridge: 	at com.qq.e.comm.plugin.G.b.b(A:11)

08-18 05:05:36.030  6333  7206 I LSPosed-Bridge: 	at com.qq.e.comm.plugin.G.c.a(A:71)

08-18 05:05:36.030  6333  7206 I LSPosed-Bridge: 	at com.qq.e.comm.plugin.G.c.a(A:9)

08-18 05:05:36.030  6333  7206 I LSPosed-Bridge: 	at com.qq.e.comm.plugin.G.c.a(A:7)

08-18 05:05:36.030  6333  7206 I LSPosed-Bridge: 	at com.qq.e.comm.plugin.G.c.b(A:6)

08-18 05:05:36.030  6333  7206 I LSPosed-Bridge: 	at com.qq.e.comm.plugin.G.a$a.run(A:1)

08-18 05:05:36.030  6333  7206 I LSPosed-Bridge: 	at java.util.concurrent.Executors$RunnableAdapter.call(Executors.java:458)

08-18 05:05:36.030  6333  7206 I LSPosed-Bridge: 	at java.util.concurrent.FutureTask.run(FutureTask.java:266)

08-18 05:05:36.030  6333  7206 I LSPosed-Bridge: 	at java.util.concurrent.ThreadPoolExecutor.runWorker(ThreadPoolExecutor.java:1167)

08-18 05:05:36.030  6333  7206 I LSPosed-Bridge: 	at java.util.concurrent.ThreadPoolExecutor$Worker.run(ThreadPoolExecutor.java:641)

08-18 05:05:36.030  6333  7206 I LSPosed-Bridge: 	at java.lang.Thread.run(Thread.java:764)

08-18 05:05:36.030  1546  5462 I LSPosed-Bridge: 6333 PermLabel 10131 AMS.checkPermission: Binder.getCallingPid() = 6333; uid = 10131; Binder.getCallingUid() = 10131; getNameForUid: com.olimsoft.android.oplayer; getPackagesForUid: [com.olimsoft.android.oplayer]; permName: android.permission.GET_TASKS; type = 0; res = -1; stacktrace=java.lang.Exception

08-18 05:05:36.030  1546  5462 I LSPosed-Bridge: 	at com.example.permlabel.requirePerm$1$2.afterHookedMethod(requirePerm.java:131)

08-18 05:05:36.030  1546  5462 I LSPosed-Bridge: 	at de.robv.android.xposed.XposedBridge$AdditionalHookInfo.callback(Unknown Source:147)

08-18 05:05:36.030  1546  5462 I LSPosed-Bridge: 	at LSPHooker_.checkPermission(Unknown Source:25)

08-18 05:05:36.030  1546  5462 I LSPosed-Bridge: 	at com.android.server.am.ActivityManagerService.isGetTasksAllowed(ActivityManagerService.java:10902)

08-18 05:05:36.030  1546  5462 I LSPosed-Bridge: 	at com.android.server.am.ActivityManagerService.getRunningAppProcesses(ActivityManagerService.java:16139)

08-18 05:05:36.030  1546  5462 I LSPosed-Bridge: 	at android.app.IActivityManager$Stub.onTransact(IActivityManager.java:1088)

08-18 05:05:36.030  1546  5462 I LSPosed-Bridge: 	at com.android.server.am.ActivityManagerService.onTransact(ActivityManagerService.java:3346)

08-18 05:05:36.030  1546  5462 I LSPosed-Bridge: 	at android.os.Binder.execTransact(Binder.java:731)

08-18 05:05:36.030  6333  6333 E HMSSDK_PackageManagerHelper: get PackageVersionCode failed android.content.pm.PackageManager$NameNotFoundException: com.huawei.hwid

08-18 05:05:36.034  6333  7206 I LSPosed-Bridge: 6333 PermLabel hookBinder_test 10131 interfaceBinder =; arg0 = 1; arg1 = android.os.Parcel@611fdf3; arg2 = android.os.Parcel@c8ef67a; arg3 = 0; res = true; stacktrace=java.lang.Exception

08-18 05:05:36.034  6333  7206 I LSPosed-Bridge: 	at com.example.permlabel.hookBinder_test$1.afterHookedMethod(hookBinder_test.java:62)

08-18 05:05:36.034  6333  7206 I LSPosed-Bridge: 	at de.robv.android.xposed.XposedBridge$AdditionalHookInfo.callback(Unknown Source:147)

08-18 05:05:36.034  6333  7206 I LSPosed-Bridge: 	at LSPHooker_.transact(Unknown Source:28)

08-18 05:05:36.034  6333  7206 I LSPosed-Bridge: 	at android.os.ServiceManagerProxy.getService(ServiceManagerNative.java:125)

08-18 05:05:36.034  6333  7206 I LSPosed-Bridge: 	at android.os.ServiceManager.rawGetService(ServiceManager.java:253)

08-18 05:05:36.034  6333  7206 I LSPosed-Bridge: 	at android.os.ServiceManager.getService(ServiceManager.java:124)

08-18 05:05:36.034  6333  7206 I LSPosed-Bridge: 	at android.telephony.SubscriptionManager.getPhoneId(SubscriptionManager.java:1222)

08-18 05:05:36.034  6333  7206 I LSPosed-Bridge: 	at android.telephony.TelephonyManager.getPhoneId(TelephonyManager.java:4918)

08-18 05:05:36.034  6333  7206 I LSPosed-Bridge: 	at android.telephony.TelephonyManager.getNetworkOperator(TelephonyManager.java:1785)

08-18 05:05:36.034  6333  7206 I LSPosed-Bridge: 	at yaq.pro.getobjresult(Native Method)

08-18 05:05:36.034  6333  7206 I LSPosed-Bridge: 	at com.qq.e.comm.plugin.x.e.c.m(Unknown Source:9)

08-18 05:05:36.034  6333  7206 I LSPosed-Bridge: 	at yaq.pro.getobjresult(Native Method)

08-18 05:05:36.034  6333  7206 I LSPosed-Bridge: 	at com.qq.e.comm.plugin.x.e.c.o(Unknown Source:9)

08-18 05:05:36.034  6333  7206 I LSPosed-Bridge: 	at com.qq.e.comm.plugin.G.b.b(A:11)

08-18 05:05:36.034  6333  7206 I LSPosed-Bridge: 	at com.qq.e.comm.plugin.G.c.a(A:71)

08-18 05:05:36.034  6333  7206 I LSPosed-Bridge: 	at com.qq.e.comm.plugin.G.c.a(A:9)

08-18 05:05:36.034  6333  7206 I LSPosed-Bridge: 	at com.qq.e.comm.plugin.G.c.a(A:7)

08-18 05:05:36.034  6333  7206 I LSPosed-Bridge: 	at com.qq.e.comm.plugin.G.c.b(A:6)

08-18 05:05:36.034  6333  7206 I LSPosed-Bridge: 	at com.qq.e.comm.plugin.G.a$a.run(A:1)

08-18 05:05:36.034  6333  7206 I LSPosed-Bridge: 	at java.util.concurrent.Executors$RunnableAdapter.call(Executors.java:458)

08-18 05:05:36.034  6333  7206 I LSPosed-Bridge: 	at java.util.concurrent.FutureTask.run(FutureTask.java:266)

08-18 05:05:36.034  6333  7206 I LSPosed-Bridge: 	at java.util.concurrent.ThreadPoolExecutor.runWorker(ThreadPoolExecutor.java:1167)

08-18 05:05:36.034  6333  7206 I LSPosed-Bridge: 	at java.util.concurrent.ThreadPoolExecutor$Worker.run(ThreadPoolExecutor.java:641)

08-18 05:05:36.034  6333  7206 I LSPosed-Bridge: 	at java.lang.Thread.run(Thread.java:764)

08-18 05:05:36.034  6333  7206 I LSPosed-Bridge: 6333 PermLabel hookBinder_test 10131 interfaceBinder =com.android.internal.telephony.ISub; arg0 = 22; arg1 = android.os.Parcel@c8ef67a; arg2 = android.os.Parcel@611fdf3; arg3 = 0; res = true; stacktrace=java.lang.Exception

08-18 05:05:36.034  6333  7206 I LSPosed-Bridge: 	at com.example.permlabel.hookBinder_test$1.afterHookedMethod(hookBinder_test.java:62)

08-18 05:05:36.034  6333  7206 I LSPosed-Bridge: 	at de.robv.android.xposed.XposedBridge$AdditionalHookInfo.callback(Unknown Source:147)

08-18 05:05:36.034  6333  7206 I LSPosed-Bridge: 	at LSPHooker_.transact(Unknown Source:28)

08-18 05:05:36.034  6333  7206 I LSPosed-Bridge: 	at com.android.internal.telephony.ISub$Stub$Proxy.getPhoneId(ISub.java:882)

08-18 05:05:36.034  6333  7206 I LSPosed-Bridge: 	at android.telephony.SubscriptionManager.getPhoneId(SubscriptionManager.java:1224)

08-18 05:05:36.034  6333  7206 I LSPosed-Bridge: 	at android.telephony.TelephonyManager.getPhoneId(TelephonyManager.java:4918)

08-18 05:05:36.034  6333  7206 I LSPosed-Bridge: 	at android.telephony.TelephonyManager.getNetworkOperator(TelephonyManager.java:1785)

08-18 05:05:36.034  6333  7206 I LSPosed-Bridge: 	at yaq.pro.getobjresult(Native Method)

08-18 05:05:36.034  6333  7206 I LSPosed-Bridge: 	at com.qq.e.comm.plugin.x.e.c.m(Unknown Source:9)

08-18 05:05:36.034  6333  7206 I LSPosed-Bridge: 	at yaq.pro.getobjresult(Native Method)

08-18 05:05:36.034  6333  7206 I LSPosed-Bridge: 	at com.qq.e.comm.plugin.x.e.c.o(Unknown Source:9)

08-18 05:05:36.034  6333  7206 I LSPosed-Bridge: 	at com.qq.e.comm.plugin.G.b.b(A:11)

08-18 05:05:36.034  6333  7206 I LSPosed-Bridge: 	at com.qq.e.comm.plugin.G.c.a(A:71)

08-18 05:05:36.034  6333  7206 I LSPosed-Bridge: 	at com.qq.e.comm.plugin.G.c.a(A:9)

08-18 05:05:36.034  6333  7206 I LSPosed-Bridge: 	at com.qq.e.comm.plugin.G.c.a(A:7)

08-18 05:05:36.034  6333  7206 I LSPosed-Bridge: 	at com.qq.e.comm.plugin.G.c.b(A:6)

08-18 05:05:36.034  6333  7206 I LSPosed-Bridge: 	at com.qq.e.comm.plugin.G.a$a.run(A:1)

08-18 05:05:36.034  6333  7206 I LSPosed-Bridge: 	at java.util.concurrent.Executors$RunnableAdapter.call(Executors.java:458)

08-18 05:05:36.034  6333  7206 I LSPosed-Bridge: 	at java.util.concurrent.FutureTask.run(FutureTask.java:266)

08-18 05:05:36.034  6333  7206 I LSPosed-Bridge: 	at java.util.concurrent.ThreadPoolExecutor.runWorker(ThreadPoolExecutor.java:1167)

08-18 05:05:36.034  6333  7206 I LSPosed-Bridge: 	at java.util.concurrent.ThreadPoolExecutor$Worker.run(ThreadPoolExecutor.java:641)

08-18 05:05:36.034  6333  7206 I LSPosed-Bridge: 	at java.lang.Thread.run(Thread.java:764)

08-18 05:05:36.034  1546  5462 I LSPosed-Bridge: 6333 PermLabel 10131 AMS.checkPermission: Binder.getCallingPid() = 6333; uid = 10131; Binder.getCallingUid() = 10131; getNameForUid: com.olimsoft.android.oplayer; getPackagesForUid: [com.olimsoft.android.oplayer]; permName: android.permission.GET_TASKS; type = 0; res = -1; stacktrace=java.lang.Exception

08-18 05:05:36.034  1546  5462 I LSPosed-Bridge: 	at com.example.permlabel.requirePerm$1$2.afterHookedMethod(requirePerm.java:131)

08-18 05:05:36.034  1546  5462 I LSPosed-Bridge: 	at de.robv.android.xposed.XposedBridge$AdditionalHookInfo.callback(Unknown Source:147)

08-18 05:05:36.034  1546  5462 I LSPosed-Bridge: 	at LSPHooker_.checkPermission(Unknown Source:25)

08-18 05:05:36.034  1546  5462 I LSPosed-Bridge: 	at com.android.server.am.ActivityManagerService.isGetTasksAllowed(ActivityManagerService.java:10902)

08-18 05:05:36.034  1546  5462 I LSPosed-Bridge: 	at com.android.server.am.ActivityManagerService.getRunningAppProcesses(ActivityManagerService.java:16139)

08-18 05:05:36.034  1546  5462 I LSPosed-Bridge: 	at android.app.IActivityManager$Stub.onTransact(IActivityManager.java:1088)

08-18 05:05:36.034  1546  5462 I LSPosed-Bridge: 	at com.android.server.am.ActivityManagerService.onTransact(ActivityManagerService.java:3346)

08-18 05:05:36.034  1546  5462 I LSPosed-Bridge: 	at android.os.Binder.execTransact(Binder.java:731)

08-18 05:05:38.156  6333  7201 I HMSSDK_BaseHmsClient: enter HmsCore resolution

08-18 05:05:38.156  1546  5279 I LSPosed-Bridge: 6333 PermLabel 10131 AMS.checkPermission: Binder.getCallingPid() = 6333; uid = 10131; Binder.getCallingUid() = 10131; getNameForUid: com.olimsoft.android.oplayer; getPackagesForUid: [com.olimsoft.android.oplayer]; permName: android.permission.GET_TASKS; type = 0; res = -1; stacktrace=java.lang.Exception

08-18 05:05:38.156  1546  5279 I LSPosed-Bridge: 	at com.example.permlabel.requirePerm$1$2.afterHookedMethod(requirePerm.java:131)

08-18 05:05:38.156  1546  5279 I LSPosed-Bridge: 	at de.robv.android.xposed.XposedBridge$AdditionalHookInfo.callback(Unknown Source:147)

08-18 05:05:38.156  1546  5279 I LSPosed-Bridge: 	at LSPHooker_.checkPermission(Unknown Source:25)

08-18 05:05:38.156  1546  5279 I LSPosed-Bridge: 	at com.android.server.am.ActivityManagerService.isGetTasksAllowed(ActivityManagerService.java:10902)

08-18 05:05:38.156  1546  5279 I LSPosed-Bridge: 	at com.android.server.am.ActivityManagerService.getRunningAppProcesses(ActivityManagerService.java:16139)

08-18 05:05:38.156  1546  5279 I LSPosed-Bridge: 	at android.app.IActivityManager$Stub.onTransact(IActivityManager.java:1088)

08-18 05:05:38.156  1546  5279 I LSPosed-Bridge: 	at com.android.server.am.ActivityManagerService.onTransact(ActivityManagerService.java:3346)

08-18 05:05:38.156  1546  5279 I LSPosed-Bridge: 	at android.os.Binder.execTransact(Binder.java:731)

08-18 05:05:38.165  1546  5279 I LSPosed-Bridge: 6333 PermLabel 10131 AMS.checkPermission: Binder.getCallingPid() = 6333; uid = 10131; Binder.getCallingUid() = 10131; getNameForUid: com.olimsoft.android.oplayer; getPackagesForUid: [com.olimsoft.android.oplayer]; permName: android.permission.GET_TASKS; type = 0; res = -1; stacktrace=java.lang.Exception

08-18 05:05:38.165  1546  5279 I LSPosed-Bridge: 	at com.example.permlabel.requirePerm$1$2.afterHookedMethod(requirePerm.java:131)

08-18 05:05:38.165  1546  5279 I LSPosed-Bridge: 	at de.robv.android.xposed.XposedBridge$AdditionalHookInfo.callback(Unknown Source:147)

08-18 05:05:38.165  1546  5279 I LSPosed-Bridge: 	at LSPHooker_.checkPermission(Unknown Source:25)

08-18 05:05:38.165  1546  5279 I LSPosed-Bridge: 	at com.android.server.am.ActivityManagerService.isGetTasksAllowed(ActivityManagerService.java:10902)

08-18 05:05:38.165  1546  5279 I LSPosed-Bridge: 	at com.android.server.am.ActivityManagerService.getRunningAppProcesses(ActivityManagerService.java:16139)

08-18 05:05:38.165  1546  5279 I LSPosed-Bridge: 	at android.app.IActivityManager$Stub.onTransact(IActivityManager.java:1088)

08-18 05:05:38.165  1546  5279 I LSPosed-Bridge: 	at com.android.server.am.ActivityManagerService.onTransact(ActivityManagerService.java:3346)

08-18 05:05:38.165  1546  5279 I LSPosed-Bridge: 	at android.os.Binder.execTransact(Binder.java:731)

08-18 05:05:38.165   555   555 I ConfigStore: android::hardware::configstore::V1_0::ISurfaceFlingerConfigs::hasHDRDisplay retrieved: 0

08-18 05:05:38.185   555   555 I ConfigStore: android::hardware::configstore::V1_0::ISurfaceFlingerConfigs::hasHDRDisplay retrieved: 0

08-18 05:05:38.185   555   555 I ConfigStore: android::hardware::configstore::V1_0::ISurfaceFlingerConfigs::hasHDRDisplay retrieved: 0

08-18 05:05:38.185  1546  5462 I LSPosed-Bridge: 6333 PermLabel 10131 AMS.checkPermission: Binder.getCallingPid() = 6333; uid = 10131; Binder.getCallingUid() = 10131; getNameForUid: com.olimsoft.android.oplayer; getPackagesForUid: [com.olimsoft.android.oplayer]; permName: android.permission.GET_TASKS; type = 0; res = -1; stacktrace=java.lang.Exception

08-18 05:05:38.185  1546  5462 I LSPosed-Bridge: 	at com.example.permlabel.requirePerm$1$2.afterHookedMethod(requirePerm.java:131)

08-18 05:05:38.185  1546  5462 I LSPosed-Bridge: 	at de.robv.android.xposed.XposedBridge$AdditionalHookInfo.callback(Unknown Source:147)

08-18 05:05:38.185  1546  5462 I LSPosed-Bridge: 	at LSPHooker_.checkPermission(Unknown Source:25)

08-18 05:05:38.185  1546  5462 I LSPosed-Bridge: 	at com.android.server.am.ActivityManagerService.isGetTasksAllowed(ActivityManagerService.java:10902)

08-18 05:05:38.185  1546  5462 I LSPosed-Bridge: 	at com.android.server.am.ActivityManagerService.getRunningAppProcesses(ActivityManagerService.java:16139)

08-18 05:05:38.185  1546  5462 I LSPosed-Bridge: 	at android.app.IActivityManager$Stub.onTransact(IActivityManager.java:1088)

08-18 05:05:38.185  1546  5462 I LSPosed-Bridge: 	at com.android.server.am.ActivityManagerService.onTransact(ActivityManagerService.java:3346)

08-18 05:05:38.185  1546  5462 I LSPosed-Bridge: 	at android.os.Binder.execTransact(Binder.java:731)

08-18 05:05:38.188  1546  5462 I LSPosed-Bridge: 6333 PermLabel 10131 AMS.checkPermission: Binder.getCallingPid() = 6333; uid = 10131; Binder.getCallingUid() = 10131; getNameForUid: com.olimsoft.android.oplayer; getPackagesForUid: [com.olimsoft.android.oplayer]; permName: android.permission.GET_TASKS; type = 0; res = -1; stacktrace=java.lang.Exception

08-18 05:05:38.188  1546  5462 I LSPosed-Bridge: 	at com.example.permlabel.requirePerm$1$2.afterHookedMethod(requirePerm.java:131)

08-18 05:05:38.188  1546  5462 I LSPosed-Bridge: 	at de.robv.android.xposed.XposedBridge$AdditionalHookInfo.callback(Unknown Source:147)

08-18 05:05:38.188  1546  5462 I LSPosed-Bridge: 	at LSPHooker_.checkPermission(Unknown Source:25)

08-18 05:05:38.188  1546  5462 I LSPosed-Bridge: 	at com.android.server.am.ActivityManagerService.isGetTasksAllowed(ActivityManagerService.java:10902)

08-18 05:05:38.188  1546  5462 I LSPosed-Bridge: 	at com.android.server.am.ActivityManagerService.getRunningAppProcesses(ActivityManagerService.java:16139)

08-18 05:05:38.188  1546  5462 I LSPosed-Bridge: 	at android.app.IActivityManager$Stub.onTransact(IActivityManager.java:1088)

08-18 05:05:38.188  1546  5462 I LSPosed-Bridge: 	at com.android.server.am.ActivityManagerService.onTransact(ActivityManagerService.java:3346)

08-18 05:05:38.188  1546  5462 I LSPosed-Bridge: 	at android.os.Binder.execTransact(Binder.java:731)

08-18 05:05:39.390  1546  2785 I LSPosed-Bridge: 6333 PermLabel 10131 AMS.checkPermission: Binder.getCallingPid() = 6333; uid = 10131; Binder.getCallingUid() = 10131; getNameForUid: com.olimsoft.android.oplayer; getPackagesForUid: [com.olimsoft.android.oplayer]; permName: android.permission.GET_TASKS; type = 0; res = -1; stacktrace=java.lang.Exception

08-18 05:05:39.390  1546  2785 I LSPosed-Bridge: 	at com.example.permlabel.requirePerm$1$2.afterHookedMethod(requirePerm.java:131)

08-18 05:05:39.390  1546  2785 I LSPosed-Bridge: 	at de.robv.android.xposed.XposedBridge$AdditionalHookInfo.callback(Unknown Source:147)

08-18 05:05:39.390  1546  2785 I LSPosed-Bridge: 	at LSPHooker_.checkPermission(Unknown Source:25)

08-18 05:05:39.390  1546  2785 I LSPosed-Bridge: 	at com.android.server.am.ActivityManagerService.isGetTasksAllowed(ActivityManagerService.java:10902)

08-18 05:05:39.390  1546  2785 I LSPosed-Bridge: 	at com.android.server.am.ActivityManagerService.getRunningAppProcesses(ActivityManagerService.java:16139)

08-18 05:05:39.390  1546  2785 I LSPosed-Bridge: 	at android.app.IActivityManager$Stub.onTransact(IActivityManager.java:1088)

08-18 05:05:39.390  1546  2785 I LSPosed-Bridge: 	at com.android.server.am.ActivityManagerService.onTransact(ActivityManagerService.java:3346)

08-18 05:05:39.390  1546  2785 I LSPosed-Bridge: 	at android.os.Binder.execTransact(Binder.java:731)

08-18 05:05:39.407  6333  6634 I LSPosed-Bridge: 6333 PermLabel hookBinder_test 10131 interfaceBinder =android.content.pm.IPackageManager; arg0 = 13; arg1 = android.os.Parcel@49dde62; arg2 = android.os.Parcel@2c5bbf3; arg3 = 0; res = true; stacktrace=java.lang.Exception

08-18 05:05:39.407  6333  6634 I LSPosed-Bridge: 	at com.example.permlabel.hookBinder_test$1.afterHookedMethod(hookBinder_test.java:62)

08-18 05:05:39.407  6333  6634 I LSPosed-Bridge: 	at de.robv.android.xposed.XposedBridge$AdditionalHookInfo.callback(Unknown Source:147)

08-18 05:05:39.407  6333  6634 I LSPosed-Bridge: 	at LSPHooker_.transact(Unknown Source:28)

08-18 05:05:39.407  6333  6634 I LSPosed-Bridge: 	at android.content.pm.IPackageManager$Stub$Proxy.getApplicationInfo(IPackageManager.java:3104)

08-18 05:05:39.407  6333  6634 I LSPosed-Bridge: 	at android.app.ApplicationPackageManager.getApplicationInfoAsUser(ApplicationPackageManager.java:384)

08-18 05:05:39.407  6333  6634 I LSPosed-Bridge: 	at android.app.ApplicationPackageManager.getApplicationInfo(ApplicationPackageManager.java:377)

08-18 05:05:39.407  6333  6634 I LSPosed-Bridge: 	at m.cr.a(:com.google.android.gms.dynamite_measurementdynamite@233013028@23.30.13 (100400-0):7)

08-18 05:05:39.407  6333  6634 I LSPosed-Bridge: 	at m.ek.c(:com.google.android.gms.dynamite_measurementdynamite@233013028@23.30.13 (100400-0):42)

08-18 05:05:39.407  6333  6634 I LSPosed-Bridge: 	at m.ek.d(:com.google.android.gms.dynamite_measurementdynamite@233013028@23.30.13 (100400-0):4)

08-18 05:05:39.407  6333  6634 I LSPosed-Bridge: 	at m.ek.g(:com.google.android.gms.dynamite_measurementdynamite@233013028@23.30.13 (100400-0):6)

08-18 05:05:39.407  6333  6634 I LSPosed-Bridge: 	at m.ky.B(:com.google.android.gms.dynamite_measurementdynamite@233013028@23.30.13 (100400-0):5)

08-18 05:05:39.407  6333  6634 I LSPosed-Bridge: 	at m.kj.onActivityCreated(:com.google.android.gms.dynamite_measurementdynamite@233013028@23.30.13 (100400-0):149)

08-18 05:05:39.407  6333  6634 I LSPosed-Bridge: 	at com.google.android.gms.measurement.internal.AppMeasurementDynamiteService.onActivityCreated(:com.google.android.gms.dynamite_measurementdynamite@233013028@23.30.13 (100400-0):29)

08-18 05:05:39.407  6333  6634 I LSPosed-Bridge: 	at m.df.a(:com.google.android.gms.dynamite_measurementdynamite@233013028@23.30.13 (100400-0):127)

08-18 05:05:39.407  6333  6634 I LSPosed-Bridge: 	at m.am.onTransact(:com.google.android.gms.dynamite_measurementdynamite@233013028@23.30.13 (100400-0):21)

08-18 05:05:39.407  6333  6634 I LSPosed-Bridge: 	at android.os.Binder.transact(Binder.java:667)

08-18 05:05:39.407  6333  6634 I LSPosed-Bridge: 	at com.google.android.gms.internal.measurement.zzca.zzc(com.google.android.gms:play-services-measurement-base@@20.1.2:8)

08-18 05:05:39.407  6333  6634 I LSPosed-Bridge: 	at com.google.android.gms.internal.measurement.zzca.onActivityCreated(com.google.android.gms:play-services-measurement-base@@20.1.2:16)

08-18 05:05:39.407  6333  6634 I LSPosed-Bridge: 	at com.google.android.gms.internal.measurement.zzdw.zza(com.google.android.gms:play-services-measurement-sdk-api@@20.1.2:56)

08-18 05:05:39.407  6333  6634 I LSPosed-Bridge: 	at com.google.android.gms.internal.measurement.zzdt.run(com.google.android.gms:play-services-measurement-sdk-api@@20.1.2:13)

08-18 05:05:39.407  6333  6634 I LSPosed-Bridge: 	at java.util.concurrent.ThreadPoolExecutor.runWorker(ThreadPoolExecutor.java:1167)

08-18 05:05:39.407  6333  6634 I LSPosed-Bridge: 	at java.util.concurrent.ThreadPoolExecutor$Worker.run(ThreadPoolExecutor.java:641)

08-18 05:05:39.407  6333  6634 I LSPosed-Bridge: 	at java.lang.Thread.run(Thread.java:764)

08-18 05:05:39.407  1546  2785 I LSPosed-Bridge: 6333 PermLabel 10131 AMS.checkPermission: Binder.getCallingPid() = 6333; uid = 10131; Binder.getCallingUid() = 10131; getNameForUid: com.olimsoft.android.oplayer; getPackagesForUid: [com.olimsoft.android.oplayer]; permName: android.permission.GET_TASKS; type = 0; res = -1; stacktrace=java.lang.Exception

08-18 05:05:39.407  1546  2785 I LSPosed-Bridge: 	at com.example.permlabel.requirePerm$1$2.afterHookedMethod(requirePerm.java:131)

08-18 05:05:39.407  1546  2785 I LSPosed-Bridge: 	at de.robv.android.xposed.XposedBridge$AdditionalHookInfo.callback(Unknown Source:147)

08-18 05:05:39.407  1546  2785 I LSPosed-Bridge: 	at LSPHooker_.checkPermission(Unknown Source:25)

08-18 05:05:39.407  1546  2785 I LSPosed-Bridge: 	at com.android.server.am.ActivityManagerService.isGetTasksAllowed(ActivityManagerService.java:10902)

08-18 05:05:39.407  1546  2785 I LSPosed-Bridge: 	at com.android.server.am.ActivityManagerService.getRunningAppProcesses(ActivityManagerService.java:16139)

08-18 05:05:39.407  1546  2785 I LSPosed-Bridge: 	at android.app.IActivityManager$Stub.onTransact(IActivityManager.java:1088)

08-18 05:05:39.407  1546  2785 I LSPosed-Bridge: 	at com.android.server.am.ActivityManagerService.onTransact(ActivityManagerService.java:3346)

08-18 05:05:39.407  1546  2785 I LSPosed-Bridge: 	at android.os.Binder.execTransact(Binder.java:731)

08-18 05:05:39.413  1546  2785 I LSPosed-Bridge: 6333 PermLabel 10131 AMS.checkPermission: Binder.getCallingPid() = 6333; uid = 10131; Binder.getCallingUid() = 10131; getNameForUid: com.olimsoft.android.oplayer; getPackagesForUid: [com.olimsoft.android.oplayer]; permName: android.permission.GET_TASKS; type = 0; res = -1; stacktrace=java.lang.Exception

08-18 05:05:39.413  1546  2785 I LSPosed-Bridge: 	at com.example.permlabel.requirePerm$1$2.afterHookedMethod(requirePerm.java:131)

08-18 05:05:39.413  1546  2785 I LSPosed-Bridge: 	at de.robv.android.xposed.XposedBridge$AdditionalHookInfo.callback(Unknown Source:147)

08-18 05:05:39.413  1546  2785 I LSPosed-Bridge: 	at LSPHooker_.checkPermission(Unknown Source:25)

08-18 05:05:39.413  1546  2785 I LSPosed-Bridge: 	at com.android.server.am.ActivityManagerService.isGetTasksAllowed(ActivityManagerService.java:10902)

08-18 05:05:39.413  1546  2785 I LSPosed-Bridge: 	at com.android.server.am.ActivityManagerService.getRunningAppProcesses(ActivityManagerService.java:16139)

08-18 05:05:39.413  1546  2785 I LSPosed-Bridge: 	at android.app.IActivityManager$Stub.onTransact(IActivityManager.java:1088)

08-18 05:05:39.413  1546  2785 I LSPosed-Bridge: 	at com.android.server.am.ActivityManagerService.onTransact(ActivityManagerService.java:3346)

08-18 05:05:39.413  1546  2785 I LSPosed-Bridge: 	at android.os.Binder.execTransact(Binder.java:731)

08-18 05:05:39.415  1546  2785 I LSPosed-Bridge: 6333 PermLabel 10131 AMS.checkPermission: Binder.getCallingPid() = 6333; uid = 10131; Binder.getCallingUid() = 10131; getNameForUid: com.olimsoft.android.oplayer; getPackagesForUid: [com.olimsoft.android.oplayer]; permName: android.permission.GET_TASKS; type = 0; res = -1; stacktrace=java.lang.Exception

08-18 05:05:39.415  1546  2785 I LSPosed-Bridge: 	at com.example.permlabel.requirePerm$1$2.afterHookedMethod(requirePerm.java:131)

08-18 05:05:39.415  1546  2785 I LSPosed-Bridge: 	at de.robv.android.xposed.XposedBridge$AdditionalHookInfo.callback(Unknown Source:147)

08-18 05:05:39.415  1546  2785 I LSPosed-Bridge: 	at LSPHooker_.checkPermission(Unknown Source:25)

08-18 05:05:39.415  1546  2785 I LSPosed-Bridge: 	at com.android.server.am.ActivityManagerService.isGetTasksAllowed(ActivityManagerService.java:10902)

08-18 05:05:39.415  1546  2785 I LSPosed-Bridge: 	at com.android.server.am.ActivityManagerService.getRunningAppProcesses(ActivityManagerService.java:16139)

08-18 05:05:39.415  1546  2785 I LSPosed-Bridge: 	at android.app.IActivityManager$Stub.onTransact(IActivityManager.java:1088)

08-18 05:05:39.415  1546  2785 I LSPosed-Bridge: 	at com.android.server.am.ActivityManagerService.onTransact(ActivityManagerService.java:3346)

08-18 05:05:39.415  1546  2785 I LSPosed-Bridge: 	at android.os.Binder.execTransact(Binder.java:731)

08-18 05:09:20.992  1707  2265 I LSPosed-Bridge: 1707 PermLabel 1002 ContextImpl.checkPermission: pid = 1707; uid = 1002; permName: android.permission.BLUETOOTH; type = 0; res = 0; stacktrace=java.lang.Exception

08-18 05:09:20.992  1707  2265 I LSPosed-Bridge: 	at com.example.permlabel.requestPerm$2.afterHookedMethod(requestPerm.java:217)

08-18 05:09:20.992  1707  2265 I LSPosed-Bridge: 	at de.robv.android.xposed.XposedBridge$AdditionalHookInfo.callback(Unknown Source:147)

08-18 05:09:20.992  1707  2265 I LSPosed-Bridge: 	at LSPHooker_.checkPermission(Unknown Source:25)

08-18 05:09:20.992  1707  2265 I LSPosed-Bridge: 	at android.app.ContextImpl.checkCallingOrSelfPermission(ContextImpl.java:1791)

08-18 05:09:20.992  1707  2265 I LSPosed-Bridge: 	at android.app.ContextImpl.enforceCallingOrSelfPermission(ContextImpl.java:1841)

08-18 05:09:20.992  1707  2265 I LSPosed-Bridge: 	at android.content.ContextWrapper.enforceCallingOrSelfPermission(ContextWrapper.java:776)

08-18 05:09:20.992  1707  2265 I LSPosed-Bridge: 	at com.android.bluetooth.hfp.HeadsetService.isAudioOn(HeadsetService.java:1148)

08-18 05:09:20.992  1707  2265 I LSPosed-Bridge: 	at com.android.bluetooth.hfp.HeadsetService.isScoOrCallActive(HeadsetService.java:1159)

08-18 05:09:20.992  1707  2265 I LSPosed-Bridge: 	at com.android.bluetooth.avrcp.Avrcp_ext.updatePlayerStateAndPosition(Avrcp_ext.java:1608)

08-18 05:09:20.992  1707  2265 I LSPosed-Bridge: 	at com.android.bluetooth.avrcp.Avrcp_ext.updatePlaybackState(Avrcp_ext.java:1644)

08-18 05:09:20.992  1707  2265 I LSPosed-Bridge: 	at com.android.bluetooth.avrcp.Avrcp_ext.updateCurrentMediaState(Avrcp_ext.java:2011)

08-18 05:09:20.992  1707  2265 I LSPosed-Bridge: 	at com.android.bluetooth.avrcp.Avrcp_ext.access$1000(Avrcp_ext.java:94)

08-18 05:09:20.992  1707  2265 I LSPosed-Bridge: 	at com.android.bluetooth.avrcp.Avrcp_ext$1.onActiveSessionsChanged(Avrcp_ext.java:3319)

08-18 05:09:20.992  1707  2265 I LSPosed-Bridge: 	at android.media.session.MediaSessionManager$SessionsChangedWrapper$1$1.run(MediaSessionManager.java:930)

08-18 05:09:20.992  1707  2265 I LSPosed-Bridge: 	at android.os.Handler.handleCallback(Handler.java:873)

08-18 05:09:20.992  1707  2265 I LSPosed-Bridge: 	at android.os.Handler.dispatchMessage(Handler.java:99)

08-18 05:09:20.992  1707  2265 I LSPosed-Bridge: 	at android.os.Looper.loop(Looper.java:193)

08-18 05:09:20.992  1707  2265 I LSPosed-Bridge: 	at android.os.HandlerThread.run(HandlerThread.java:65)

08-18 05:09:20.992  1546  2955 I LSPosed-Bridge: 6333 PermLabel 10131 AMS.checkPermission: Binder.getCallingPid() = 6333; uid = 10131; Binder.getCallingUid() = 10131; getNameForUid: com.olimsoft.android.oplayer; getPackagesForUid: [com.olimsoft.android.oplayer]; permName: android.permission.GET_TASKS; type = 0; res = -1; stacktrace=java.lang.Exception

08-18 05:09:20.992  1546  2955 I LSPosed-Bridge: 	at com.example.permlabel.requirePerm$1$2.afterHookedMethod(requirePerm.java:131)

08-18 05:09:20.992  1546  2955 I LSPosed-Bridge: 	at de.robv.android.xposed.XposedBridge$AdditionalHookInfo.callback(Unknown Source:147)

08-18 05:09:20.992  1546  2955 I LSPosed-Bridge: 	at LSPHooker_.checkPermission(Unknown Source:25)

08-18 05:09:20.992  1546  2955 I LSPosed-Bridge: 	at com.android.server.am.ActivityManagerService.isGetTasksAllowed(ActivityManagerService.java:10902)

08-18 05:09:20.992  1546  2955 I LSPosed-Bridge: 	at com.android.server.am.ActivityManagerService.getRunningAppProcesses(ActivityManagerService.java:16139)

08-18 05:09:20.992  1546  2955 I LSPosed-Bridge: 	at android.app.IActivityManager$Stub.onTransact(IActivityManager.java:1088)

08-18 05:09:20.992  1546  2955 I LSPosed-Bridge: 	at com.android.server.am.ActivityManagerService.onTransact(ActivityManagerService.java:3346)

08-18 05:09:20.992  1546  2955 I LSPosed-Bridge: 	at android.os.Binder.execTransact(Binder.java:731)

08-18 05:09:20.992  1707  2265 I Avrcp_ext: updatePlayStatusForDevice: device: null

08-18 05:09:20.992  1707  2265 I Avrcp_ext: Exit updatePlayStatusForDevice

08-18 05:09:20.992  6333  6333 I LSPosed-Bridge: 6333 PermLabel hookBinder_test 10131 interfaceBinder =android.app.IActivityManager; arg0 = 81; arg1 = android.os.Parcel@1231985; arg2 = android.os.Parcel@17431bb; arg3 = 0; res = true; stacktrace=java.lang.Exception

08-18 05:09:20.992  6333  6333 I LSPosed-Bridge: 	at com.example.permlabel.hookBinder_test$1.afterHookedMethod(hookBinder_test.java:62)

08-18 05:09:20.992  6333  6333 I LSPosed-Bridge: 	at de.robv.android.xposed.XposedBridge$AdditionalHookInfo.callback(Unknown Source:147)

08-18 05:09:20.992  6333  6333 I LSPosed-Bridge: 	at LSPHooker_.transact(Unknown Source:28)

08-18 05:09:20.992  6333  6333 I LSPosed-Bridge: 	at android.app.IActivityManager$Stub$Proxy.getRunningAppProcesses(IActivityManager.java:5366)

08-18 05:09:20.992  6333  6333 I LSPosed-Bridge: 	at android.app.ActivityManager.getRunningAppProcesses(ActivityManager.java:3435)

08-18 05:09:20.992  6333  6333 I LSPosed-Bridge: 	at java.lang.reflect.Method.invoke(Native Method)

08-18 05:09:20.992  6333  6333 I LSPosed-Bridge: 	at org.lsposed.lspd.nativebridge.HookBridge.invokeOriginalMethod(Native Method)

08-18 05:09:20.992  6333  6333 I LSPosed-Bridge: 	at de.robv.android.xposed.XposedBridge$AdditionalHookInfo.callback(Unknown Source:110)

08-18 05:09:20.992  6333  6333 I LSPosed-Bridge: 	at LSPHooker_.getRunningAppProcesses(Unknown Source:8)

08-18 05:09:20.992  6333  6333 I LSPosed-Bridge: 	at com.olimsoft.android.oplayer.util.Util.isBackground(Util.kt:20)

08-18 05:09:20.992  6333  6333 I LSPosed-Bridge: 	at com.olimsoft.android.oplayer.media.PlaylistManager.playIndex(PlaylistManager.kt:12)

08-18 05:09:20.992  6333  6333 I LSPosed-Bridge: 	at com.olimsoft.android.oplayer.media.PlaylistManager.load(PlaylistManager.kt:148)

08-18 05:09:20.992  6333  6333 I LSPosed-Bridge: 	at com.olimsoft.android.oplayer.PlaybackService$load$2.invokeSuspend(PlaybackService.kt:40)

08-18 05:09:20.992  6333  6333 I LSPosed-Bridge: 	at kotlin.coroutines.jvm.internal.BaseContinuationImpl.resumeWith(ContinuationImpl.kt:9)

08-18 05:09:20.992  6333  6333 I LSPosed-Bridge: 	at kotlinx.coroutines.internal.DispatchedContinuationKt.resumeCancellableWith(DispatchedContinuation.kt:149)

08-18 05:09:20.992  6333  6333 I LSPosed-Bridge: 	at kotlinx.coroutines.intrinsics.CancellableKt.startCoroutineCancellable$default(Cancellable.kt:16)

08-18 05:09:20.992  6333  6333 I LSPosed-Bridge: 	at kotlinx.coroutines.AbstractCoroutine.start$enumunboxing$(AbstractCoroutine.kt:88)

08-18 05:09:20.992  6333  6333 I LSPosed-Bridge: 	at kotlinx.coroutines.BuildersKt.launch(Unknown Source:25)

08-18 05:09:20.992  6333  6333 I LSPosed-Bridge: 	at kotlinx.coroutines.BuildersKt.launch$default(Unknown Source:12)

08-18 05:09:20.992  6333  6333 I LSPosed-Bridge: 	at com.olimsoft.android.oplayer.PlaybackService.load(PlaybackService.kt:13)

08-18 05:09:20.992  6333  6333 I LSPosed-Bridge: 	at com.olimsoft.android.oplayer.media.MediaUtils$playAllTracks$2.invokeSuspend(MediaUtils.kt:210)

08-18 05:09:20.992  6333  6333 I LSPosed-Bridge: 	at kotlin.coroutines.jvm.internal.BaseContinuationImpl.resumeWith(ContinuationImpl.kt:9)

08-18 05:09:20.992  6333  6333 I LSPosed-Bridge: 	at kotlinx.coroutines.DispatchedTask.run(DispatchedTask.kt:121)

08-18 05:09:20.992  6333  6333 I LSPosed-Bridge: 	at android.os.Handler.handleCallback(Handler.java:873)

08-18 05:09:20.992  6333  6333 I LSPosed-Bridge: 	at android.os.Handler.dispatchMessage(Handler.java:99)

08-18 05:09:20.992  6333  6333 I LSPosed-Bridge: 	at android.os.Looper.loop(Looper.java:193)

08-18 05:09:20.992  6333  6333 I LSPosed-Bridge: 	at android.app.ActivityThread.main(ActivityThread.java:6692)

08-18 05:09:20.992  6333  6333 I LSPosed-Bridge: 	at java.lang.reflect.Method.invoke(Native Method)

08-18 05:09:20.992  6333  6333 I LSPosed-Bridge: 	at com.android.internal.os.RuntimeInit$MethodAndArgsCaller.run(RuntimeInit.java:493)

08-18 05:09:20.992  6333  6333 I LSPosed-Bridge: 	at com.android.internal.os.ZygoteInit.main(ZygoteInit.java:858)

08-18 05:09:22.130  1546  2951 I LSPosed-Bridge: 6333 PermLabel 10131 AMS.checkPermission: Binder.getCallingPid() = 6333; uid = 10131; Binder.getCallingUid() = 10131; getNameForUid: com.olimsoft.android.oplayer; getPackagesForUid: [com.olimsoft.android.oplayer]; permName: android.permission.GET_TASKS; type = 0; res = -1; stacktrace=java.lang.Exception

08-18 05:09:22.130  1546  2951 I LSPosed-Bridge: 	at com.example.permlabel.requirePerm$1$2.afterHookedMethod(requirePerm.java:131)

08-18 05:09:22.130  1546  2951 I LSPosed-Bridge: 	at de.robv.android.xposed.XposedBridge$AdditionalHookInfo.callback(Unknown Source:147)

08-18 05:09:22.130  1546  2951 I LSPosed-Bridge: 	at LSPHooker_.checkPermission(Unknown Source:25)

08-18 05:09:22.130  1546  2951 I LSPosed-Bridge: 	at com.android.server.am.ActivityManagerService.isGetTasksAllowed(ActivityManagerService.java:10902)

08-18 05:09:22.130  1546  2951 I LSPosed-Bridge: 	at com.android.server.am.ActivityManagerService.getRunningAppProcesses(ActivityManagerService.java:16139)

08-18 05:09:22.130  1546  2951 I LSPosed-Bridge: 	at android.app.IActivityManager$Stub.onTransact(IActivityManager.java:1088)

08-18 05:09:22.130  1546  2951 I LSPosed-Bridge: 	at com.android.server.am.ActivityManagerService.onTransact(ActivityManagerService.java:3346)

08-18 05:09:22.130  1546  2951 I LSPosed-Bridge: 	at android.os.Binder.execTransact(Binder.java:731)

08-18 05:09:29.386  1546  1853 I LSPosed-Bridge: 6333 PermLabel 10131 AMS.checkPermission: Binder.getCallingPid() = 6333; uid = 10131; Binder.getCallingUid() = 10131; getNameForUid: com.olimsoft.android.oplayer; getPackagesForUid: [com.olimsoft.android.oplayer]; permName: android.permission.GET_TASKS; type = 0; res = -1; stacktrace=java.lang.Exception

08-18 05:09:29.386  1546  1853 I LSPosed-Bridge: 	at com.example.permlabel.requirePerm$1$2.afterHookedMethod(requirePerm.java:131)

08-18 05:09:29.386  1546  1853 I LSPosed-Bridge: 	at de.robv.android.xposed.XposedBridge$AdditionalHookInfo.callback(Unknown Source:147)

08-18 05:09:29.386  1546  1853 I LSPosed-Bridge: 	at LSPHooker_.checkPermission(Unknown Source:25)

08-18 05:09:29.386  1546  1853 I LSPosed-Bridge: 	at com.android.server.am.ActivityManagerService.isGetTasksAllowed(ActivityManagerService.java:10902)

08-18 05:09:29.386  1546  1853 I LSPosed-Bridge: 	at com.android.server.am.ActivityManagerService.getRunningAppProcesses(ActivityManagerService.java:16139)

08-18 05:09:29.386  1546  1853 I LSPosed-Bridge: 	at android.app.IActivityManager$Stub.onTransact(IActivityManager.java:1088)

08-18 05:09:29.386  1546  1853 I LSPosed-Bridge: 	at com.android.server.am.ActivityManagerService.onTransact(ActivityManagerService.java:3346)

08-18 05:09:29.386  1546  1853 I LSPosed-Bridge: 	at android.os.Binder.execTransact(Binder.java:731)

08-18 05:09:29.934  1546  2955 I LSPosed-Bridge: 6333 PermLabel 10131 AMS.checkPermission: Binder.getCallingPid() = 6333; uid = 10131; Binder.getCallingUid() = 10131; getNameForUid: com.olimsoft.android.oplayer; getPackagesForUid: [com.olimsoft.android.oplayer]; permName: android.permission.GET_TASKS; type = 0; res = -1; stacktrace=java.lang.Exception

08-18 05:09:29.934  1546  2955 I LSPosed-Bridge: 	at com.example.permlabel.requirePerm$1$2.afterHookedMethod(requirePerm.java:131)

08-18 05:09:29.934  1546  2955 I LSPosed-Bridge: 	at de.robv.android.xposed.XposedBridge$AdditionalHookInfo.callback(Unknown Source:147)

08-18 05:09:29.934  1546  2955 I LSPosed-Bridge: 	at LSPHooker_.checkPermission(Unknown Source:25)

08-18 05:09:29.934  1546  2955 I LSPosed-Bridge: 	at com.android.server.am.ActivityManagerService.isGetTasksAllowed(ActivityManagerService.java:10902)

08-18 05:09:29.934  1546  2955 I LSPosed-Bridge: 	at com.android.server.am.ActivityManagerService.getRunningAppProcesses(ActivityManagerService.java:16139)

08-18 05:09:29.934  1546  2955 I LSPosed-Bridge: 	at android.app.IActivityManager$Stub.onTransact(IActivityManager.java:1088)

08-18 05:09:29.934  1546  2955 I LSPosed-Bridge: 	at com.android.server.am.ActivityManagerService.onTransact(ActivityManagerService.java:3346)

08-18 05:09:29.934  1546  2955 I LSPosed-Bridge: 	at android.os.Binder.execTransact(Binder.java:731)

08-18 05:09:29.934  6333 18496 I LSPosed-Bridge: 6333 PermLabel hookBinder_test 10131 interfaceBinder =android.app.IActivityManager; arg0 = 81; arg1 = android.os.Parcel@8cdc85a; arg2 = android.os.Parcel@245ea8b; arg3 = 0; res = true; stacktrace=java.lang.Exception

08-18 05:09:29.934  6333 18496 I LSPosed-Bridge: 	at com.example.permlabel.hookBinder_test$1.afterHookedMethod(hookBinder_test.java:62)

08-18 05:09:29.934  6333 18496 I LSPosed-Bridge: 	at de.robv.android.xposed.XposedBridge$AdditionalHookInfo.callback(Unknown Source:147)

08-18 05:09:29.934  6333 18496 I LSPosed-Bridge: 	at LSPHooker_.transact(Unknown Source:28)

08-18 05:09:29.934  6333 18496 I LSPosed-Bridge: 	at android.app.IActivityManager$Stub$Proxy.getRunningAppProcesses(IActivityManager.java:5366)

08-18 05:09:29.934  6333 18496 I LSPosed-Bridge: 	at android.app.ActivityManager.getRunningAppProcesses(ActivityManager.java:3435)

08-18 05:09:29.934  6333 18496 I LSPosed-Bridge: 	at java.lang.reflect.Method.invoke(Native Method)

08-18 05:09:29.934  6333 18496 I LSPosed-Bridge: 	at org.lsposed.lspd.nativebridge.HookBridge.invokeOriginalMethod(Native Method)

08-18 05:09:29.934  6333 18496 I LSPosed-Bridge: 	at de.robv.android.xposed.XposedBridge$AdditionalHookInfo.callback(Unknown Source:110)

08-18 05:09:29.934  6333 18496 I LSPosed-Bridge: 	at LSPHooker_.getRunningAppProcesses(Unknown Source:8)

08-18 05:09:29.934  6333 18496 I LSPosed-Bridge: 	at com.google.android.ads.z__.aa.a(Unknown Source:17)

08-18 05:09:29.934  6333 18496 I LSPosed-Bridge: 	at java.lang.reflect.Method.invoke(Native Method)

08-18 05:09:29.934  6333 18496 I LSPosed-Bridge: 	at com.google.android.ads.tasks.s.a(:com.google.android.gms.policy_ads_fdr_dynamite@232400001@232400000057.538171701.538171701:33)

08-18 05:09:29.934  6333 18496 I LSPosed-Bridge: 	at com.google.android.ads.tasks.ae.f(:com.google.android.gms.policy_ads_fdr_dynamite@232400001@232400000057.538171701.538171701:20)

08-18 05:09:29.934  6333 18496 I LSPosed-Bridge: 	at com.google.android.ads.tasks.ae.call(:com.google.android.gms.policy_ads_fdr_dynamite@232400001@232400000057.538171701.538171701:1)

08-18 05:09:29.934  6333 18496 I LSPosed-Bridge: 	at java.util.concurrent.FutureTask.run(FutureTask.java:266)

08-18 05:09:29.934  6333 18496 I LSPosed-Bridge: 	at java.util.concurrent.ThreadPoolExecutor.runWorker(ThreadPoolExecutor.java:1167)

08-18 05:09:29.934  6333 18496 I LSPosed-Bridge: 	at java.util.concurrent.ThreadPoolExecutor$Worker.run(ThreadPoolExecutor.java:641)

08-18 05:09:29.934  6333 18496 I LSPosed-Bridge: 	at java.lang.Thread.run(Thread.java:764)

08-18 05:09:29.934  2137  2137 I QcrilOemhookMsgTunnel: [0]invokeOemRilRequestRaw: serial=1190 length=24

08-18 05:09:29.934  6333 18496 I LSPosed-Bridge: 6333 PermLabel getRunningAppProcesses =android.app.ActivityManager$RunningAppProcessInfo@901026

08-18 05:09:29.934  6333 18496 I LSPosed-Bridge: 6333 PermLabel getRunningAppProcesses processName: com.olimsoft.android.oplayer pid: 6333

08-18 05:09:29.934  6333 18496 I LSPosed-Bridge: 6333 PermLabel getRunningAppProcesses importance: 100 pid: 6333

08-18 05:09:29.934  6333 18496 I LSPosed-Bridge: 6333 PermLabel getRunningAppProcesses packageName com.olimsoft.android.oplayer at index 0 in process 6333

08-18 05:09:34.983  1546  2960 I LSPosed-Bridge: 6333 PermLabel 10131 AMS.checkPermission: Binder.getCallingPid() = 6333; uid = 10131; Binder.getCallingUid() = 10131; getNameForUid: com.olimsoft.android.oplayer; getPackagesForUid: [com.olimsoft.android.oplayer]; permName: android.permission.GET_TASKS; type = 0; res = -1; stacktrace=java.lang.Exception

08-18 05:09:34.983  1546  2960 I LSPosed-Bridge: 	at com.example.permlabel.requirePerm$1$2.afterHookedMethod(requirePerm.java:131)

08-18 05:09:34.983  1546  2960 I LSPosed-Bridge: 	at de.robv.android.xposed.XposedBridge$AdditionalHookInfo.callback(Unknown Source:147)

08-18 05:09:34.983  1546  2960 I LSPosed-Bridge: 	at LSPHooker_.checkPermission(Unknown Source:25)

08-18 05:09:34.983  1546  2960 I LSPosed-Bridge: 	at com.android.server.am.ActivityManagerService.isGetTasksAllowed(ActivityManagerService.java:10902)

08-18 05:09:34.983  1546  2960 I LSPosed-Bridge: 	at com.android.server.am.ActivityManagerService.getRunningAppProcesses(ActivityManagerService.java:16139)

08-18 05:09:34.983  1546  2960 I LSPosed-Bridge: 	at android.app.IActivityManager$Stub.onTransact(IActivityManager.java:1088)

08-18 05:09:34.983  1546  2960 I LSPosed-Bridge: 	at com.android.server.am.ActivityManagerService.onTransact(ActivityManagerService.java:3346)

08-18 05:09:34.983  1546  2960 I LSPosed-Bridge: 	at android.os.Binder.execTransact(Binder.java:731)

08-18 05:09:34.983   555   555 I ConfigStore: android::hardware::configstore::V1_0::ISurfaceFlingerConfigs::hasHDRDisplay retrieved: 0

08-18 05:09:34.983   555   555 I chatty  : uid=1000(system) /system/bin/surfaceflinger identical 1 line

