06-22 21:14:01.534  1562  4899 I LSPosed-Bridge: 	at com.example.permlabel.requirePerm$1$2.afterHookedMethod(requirePerm.java:133)

06-22 21:14:01.534  1562  4899 I LSPosed-Bridge: 	at de.robv.android.xposed.XposedBridge$AdditionalHookInfo.callback(Unknown Source:147)

06-22 21:14:01.534  1562  4899 I LSPosed-Bridge: 	at LSPHooker_.checkPermission(Unknown Source:25)

06-22 21:14:01.534  1562  4899 I LSPosed-Bridge: 	at com.android.server.am.ActivityManagerService$PermissionController.checkPermission(ActivityManagerService.java:9248)

06-22 21:14:01.534  1562  4899 I LSPosed-Bridge: 	at android.os.IPermissionController$Stub.onTransact(IPermissionController.java:56)

06-22 21:14:01.534  1562  4899 I LSPosed-Bridge: 	at android.os.Binder.execTransact(Binder.java:731)

06-22 21:14:01.638  1562  4899 I LSPosed-Bridge: 5267 PermLabel 10123 AMS.checkPermission: Binder.getCallingPid() = 909; uid = 10123; Binder.getCallingUid() = 1047; getNameForUid: null; getPackagesForUid: null; permName: android.permission.CAMERA; type = 1; res = -1; stacktrace=java.lang.Exception

06-22 21:14:01.638  1562  4899 I LSPosed-Bridge: 	at com.example.permlabel.requirePerm$1$2.afterHookedMethod(requirePerm.java:133)

06-22 21:14:01.638  1562  4899 I LSPosed-Bridge: 	at de.robv.android.xposed.XposedBridge$AdditionalHookInfo.callback(Unknown Source:147)

06-22 21:14:01.638  1562  4899 I LSPosed-Bridge: 	at LSPHooker_.checkPermission(Unknown Source:25)

06-22 21:14:01.638  1562  4899 I LSPosed-Bridge: 	at com.android.server.am.ActivityManagerService$PermissionController.checkPermission(ActivityManagerService.java:9248)

06-22 21:14:01.638  1562  4899 I LSPosed-Bridge: 	at android.os.IPermissionController$Stub.onTransact(IPermissionController.java:56)

06-22 21:14:01.638  1562  4899 I LSPosed-Bridge: 	at android.os.Binder.execTransact(Binder.java:731)

06-22 21:14:01.638   909   909 W ServiceManager: Permission failure: android.permission.CAMERA from uid=10123 pid=5267

06-22 21:14:01.741  1562  4899 I LSPosed-Bridge: 5267 PermLabel 10123 AMS.checkPermission: Binder.getCallingPid() = 909; uid = 10123; Binder.getCallingUid() = 1047; getNameForUid: null; getPackagesForUid: null; permName: android.permission.CAMERA; type = 1; res = -1; stacktrace=java.lang.Exception

06-22 21:14:01.741  1562  4899 I LSPosed-Bridge: 	at com.example.permlabel.requirePerm$1$2.afterHookedMethod(requirePerm.java:133)

06-22 21:14:01.741  1562  4899 I LSPosed-Bridge: 	at de.robv.android.xposed.XposedBridge$AdditionalHookInfo.callback(Unknown Source:147)

06-22 21:14:01.741  1562  4899 I LSPosed-Bridge: 	at LSPHooker_.checkPermission(Unknown Source:25)

06-22 21:14:01.741  1562  4899 I LSPosed-Bridge: 	at com.android.server.am.ActivityManagerService$PermissionController.checkPermission(ActivityManagerService.java:9248)

06-22 21:14:01.741  1562  4899 I LSPosed-Bridge: 	at android.os.IPermissionController$Stub.onTransact(IPermissionController.java:56)

06-22 21:14:01.741  1562  4899 I LSPosed-Bridge: 	at android.os.Binder.execTransact(Binder.java:731)

06-22 21:14:01.741   909   909 W ServiceManager: Permission failure: android.permission.CAMERA from uid=10123 pid=5267

06-22 21:14:01.847  1562  4899 I LSPosed-Bridge: 5267 PermLabel 10123 AMS.checkPermission: Binder.getCallingPid() = 909; uid = 10123; Binder.getCallingUid() = 1047; getNameForUid: null; getPackagesForUid: null; permName: android.permission.CAMERA; type = 1; res = -1; stacktrace=java.lang.Exception

06-22 21:14:01.847  1562  4899 I LSPosed-Bridge: 	at com.example.permlabel.requirePerm$1$2.afterHookedMethod(requirePerm.java:133)

06-22 21:14:01.847  1562  4899 I LSPosed-Bridge: 	at de.robv.android.xposed.XposedBridge$AdditionalHookInfo.callback(Unknown Source:147)

06-22 21:14:01.847  1562  4899 I LSPosed-Bridge: 	at LSPHooker_.checkPermission(Unknown Source:25)

06-22 21:14:01.847  1562  4899 I LSPosed-Bridge: 	at com.android.server.am.ActivityManagerService$PermissionController.checkPermission(ActivityManagerService.java:9248)

06-22 21:14:01.847  1562  4899 I LSPosed-Bridge: 	at android.os.IPermissionController$Stub.onTransact(IPermissionController.java:56)

06-22 21:14:01.847  1562  4899 I LSPosed-Bridge: 	at android.os.Binder.execTransact(Binder.java:731)

06-22 21:14:01.950  1562  8136 I LSPosed-Bridge: 5267 PermLabel 10123 AMS.checkPermission: Binder.getCallingPid() = 909; uid = 10123; Binder.getCallingUid() = 1047; getNameForUid: null; getPackagesForUid: null; permName: android.permission.CAMERA; type = 1; res = -1; stacktrace=java.lang.Exception

06-22 21:14:01.950  1562  8136 I LSPosed-Bridge: 	at com.example.permlabel.requirePerm$1$2.afterHookedMethod(requirePerm.java:133)

06-22 21:14:01.950  1562  8136 I LSPosed-Bridge: 	at de.robv.android.xposed.XposedBridge$AdditionalHookInfo.callback(Unknown Source:147)

06-22 21:14:01.950  1562  8136 I LSPosed-Bridge: 	at LSPHooker_.checkPermission(Unknown Source:25)

06-22 21:14:01.950  1562  8136 I LSPosed-Bridge: 	at com.android.server.am.ActivityManagerService$PermissionController.checkPermission(ActivityManagerService.java:9248)

06-22 21:14:01.950  1562  8136 I LSPosed-Bridge: 	at android.os.IPermissionController$Stub.onTransact(IPermissionController.java:56)

06-22 21:14:01.950  1562  8136 I LSPosed-Bridge: 	at android.os.Binder.execTransact(Binder.java:731)

06-22 21:14:02.056  1562  8136 I LSPosed-Bridge: 5267 PermLabel 10123 AMS.checkPermission: Binder.getCallingPid() = 909; uid = 10123; Binder.getCallingUid() = 1047; getNameForUid: null; getPackagesForUid: null; permName: android.permission.CAMERA; type = 1; res = -1; stacktrace=java.lang.Exception

06-22 21:14:02.056  1562  8136 I LSPosed-Bridge: 	at com.example.permlabel.requirePerm$1$2.afterHookedMethod(requirePerm.java:133)

06-22 21:14:02.056  1562  8136 I LSPosed-Bridge: 	at de.robv.android.xposed.XposedBridge$AdditionalHookInfo.callback(Unknown Source:147)

06-22 21:14:02.056  1562  8136 I LSPosed-Bridge: 	at LSPHooker_.checkPermission(Unknown Source:25)

06-22 21:14:02.056  1562  8136 I LSPosed-Bridge: 	at com.android.server.am.ActivityManagerService$PermissionController.checkPermission(ActivityManagerService.java:9248)

06-22 21:14:02.056  1562  8136 I LSPosed-Bridge: 	at android.os.IPermissionController$Stub.onTransact(IPermissionController.java:56)

06-22 21:14:02.056  1562  8136 I LSPosed-Bridge: 	at android.os.Binder.execTransact(Binder.java:731)

06-22 21:14:02.058  5267  5659 W CameraBase: An error occurred while connecting to camera 0: Status(-8): '1: validateClientPermissionsLocked:906: Caller "sixpack.sixpackabs.absworkout" (PID 10123, UID 5267) cannot open camera "0" without camera permission'

06-22 21:14:02.058  5267  5659 E Camera  : Camera  err=-13

06-22 21:14:02.058  5267  5659 I LSPosed-Bridge: 5267 PermLabel 10123 android.permission.CAMERA open cameraId: 0; res= null; stacktrace=java.lang.Exception

06-22 21:14:02.058  5267  5659 I LSPosed-Bridge: 	at com.example.permlabel.hookCamera$3.afterHookedMethod(hookCamera.java:49)

06-22 21:14:02.058  5267  5659 I LSPosed-Bridge: 	at de.robv.android.xposed.XposedBridge$AdditionalHookInfo.callback(Unknown Source:147)

06-22 21:14:02.058  5267  5659 I LSPosed-Bridge: 	at LSPHooker_.open(Unknown Source:12)

06-22 21:14:02.058  5267  5659 I LSPosed-Bridge: 	at org.chromium.media.VideoCaptureFactory.isZoomSupported(chromium-Monochrome.aab-stable-573513121:10)

06-22 21:14:02.058  5267  5659 I chatty  : uid=10123(sixpack.sixpackabs.absworkout) ThreadPoolSingl identical 1 line

06-22 21:14:02.059  5267  5659 I LSPosed-Bridge: 5267 PermLabel 10123 android.permission.CAMERA open cameraId: 0; res= null; stacktrace=java.lang.Exception

06-22 21:14:02.059  5267  5659 I LSPosed-Bridge: 	at com.example.permlabel.hookCamera$3.afterHookedMethod(hookCamera.java:49)

06-22 21:14:02.059  5267  5659 I LSPosed-Bridge: 	at de.robv.android.xposed.XposedBridge$AdditionalHookInfo.callback(Unknown Source:147)

06-22 21:14:02.059  5267  5659 I LSPosed-Bridge: 	at LSPHooker_.open(Unknown Source:12)

06-22 21:14:02.059  5267  5659 I LSPosed-Bridge: 	at org.chromium.media.VideoCaptureFactory.isZoomSupported(chromium-Monochrome.aab-stable-573513121:10)

06-22 21:14:02.059  5267  5659 E cr_VideoCapture: Camera.open: 

06-22 21:14:02.059  5267  5659 E cr_VideoCapture: java.lang.RuntimeException: Fail to connect to camera service

06-22 21:14:02.059  5267  5659 E cr_VideoCapture: 	at android.hardware.Camera.<init>(Camera.java:669)

06-22 21:14:02.059  5267  5659 E cr_VideoCapture: 	at android.hardware.Camera.open(Camera.java:460)

06-22 21:14:02.059  5267  5659 E cr_VideoCapture: 	at java.lang.reflect.Method.invoke(Native Method)

06-22 21:14:02.059  5267  5659 E cr_VideoCapture: 	at org.lsposed.lspd.nativebridge.HookBridge.invokeOriginalMethod(Native Method)

06-22 21:14:02.059  5267  5659 E cr_VideoCapture: 	at de.robv.android.xposed.XposedBridge$AdditionalHookInfo.callback(Unknown Source:110)

06-22 21:14:02.059  5267  5659 E cr_VideoCapture: 	at LSPHooker_.open(Unknown Source:12)

06-22 21:14:02.059  5267  5659 E cr_VideoCapture: 	at org.chromium.media.VideoCaptureFactory.isZoomSupported(chromium-Monochrome.aab-stable-573513121:10)

06-22 21:14:02.076  1562  8136 I LSPosed-Bridge: 5267 PermLabel 10123 AMS.checkPermission: Binder.getCallingPid() = 909; uid = 10123; Binder.getCallingUid() = 1047; getNameForUid: null; getPackagesForUid: null; permName: android.permission.CAMERA; type = 1; res = -1; stacktrace=java.lang.Exception

06-22 21:14:02.076  1562  8136 I LSPosed-Bridge: 	at com.example.permlabel.requirePerm$1$2.afterHookedMethod(requirePerm.java:133)

06-22 21:14:02.076  1562  8136 I LSPosed-Bridge: 	at de.robv.android.xposed.XposedBridge$AdditionalHookInfo.callback(Unknown Source:147)

06-22 21:14:02.076  1562  8136 I LSPosed-Bridge: 	at LSPHooker_.checkPermission(Unknown Source:25)

06-22 21:14:02.076  1562  8136 I LSPosed-Bridge: 	at com.android.server.am.ActivityManagerService$PermissionController.checkPermission(ActivityManagerService.java:9248)

06-22 21:14:02.076  1562  8136 I LSPosed-Bridge: 	at android.os.IPermissionController$Stub.onTransact(IPermissionController.java:56)

06-22 21:14:02.076  1562  8136 I LSPosed-Bridge: 	at android.os.Binder.execTransact(Binder.java:731)

06-22 21:14:02.076   909   909 W ServiceManager: Permission failure: android.permission.CAMERA from uid=10123 pid=5267

06-22 21:14:02.076   909   909 E CameraService: Permission Denial: can't use the camera pid=5267, uid=10123

06-22 21:14:02.179  1562  8136 I LSPosed-Bridge: 5267 PermLabel 10123 AMS.checkPermission: Binder.getCallingPid() = 909; uid = 10123; Binder.getCallingUid() = 1047; getNameForUid: null; getPackagesForUid: null; permName: android.permission.CAMERA; type = 1; res = -1; stacktrace=java.lang.Exception

06-22 21:14:02.179  1562  8136 I LSPosed-Bridge: 	at com.example.permlabel.requirePerm$1$2.afterHookedMethod(requirePerm.java:133)

06-22 21:14:02.179  1562  8136 I LSPosed-Bridge: 	at de.robv.android.xposed.XposedBridge$AdditionalHookInfo.callback(Unknown Source:147)

06-22 21:14:02.179  1562  8136 I LSPosed-Bridge: 	at LSPHooker_.checkPermission(Unknown Source:25)

06-22 21:14:02.179  1562  8136 I LSPosed-Bridge: 	at com.android.server.am.ActivityManagerService$PermissionController.checkPermission(ActivityManagerService.java:9248)

06-22 21:14:02.179  1562  8136 I LSPosed-Bridge: 	at android.os.IPermissionController$Stub.onTransact(IPermissionController.java:56)

06-22 21:14:02.179  1562  8136 I LSPosed-Bridge: 	at android.os.Binder.execTransact(Binder.java:731)

06-22 21:14:02.282  1562  4899 I LSPosed-Bridge: 5267 PermLabel 10123 AMS.checkPermission: Binder.getCallingPid() = 909; uid = 10123; Binder.getCallingUid() = 1047; getNameForUid: null; getPackagesForUid: null; permName: android.permission.CAMERA; type = 1; res = -1; stacktrace=java.lang.Exception

06-22 21:14:02.282  1562  4899 I LSPosed-Bridge: 	at com.example.permlabel.requirePerm$1$2.afterHookedMethod(requirePerm.java:133)

06-22 21:14:02.282  1562  4899 I LSPosed-Bridge: 	at de.robv.android.xposed.XposedBridge$AdditionalHookInfo.callback(Unknown Source:147)

06-22 21:14:02.282  1562  4899 I LSPosed-Bridge: 	at LSPHooker_.checkPermission(Unknown Source:25)

06-22 21:14:02.282  1562  4899 I LSPosed-Bridge: 	at com.android.server.am.ActivityManagerService$PermissionController.checkPermission(ActivityManagerService.java:9248)

06-22 21:14:02.282  1562  4899 I LSPosed-Bridge: 	at android.os.IPermissionController$Stub.onTransact(IPermissionController.java:56)

06-22 21:14:02.282  1562  4899 I LSPosed-Bridge: 	at android.os.Binder.execTransact(Binder.java:731)

06-22 21:14:02.387   553   553 I ConfigStore: android::hardware::configstore::V1_0::ISurfaceFlingerConfigs::hasHDRDisplay retrieved: 0

06-22 21:14:02.387  1562  8136 I LSPosed-Bridge: 5267 PermLabel 10123 AMS.checkPermission: Binder.getCallingPid() = 909; uid = 10123; Binder.getCallingUid() = 1047; getNameForUid: null; getPackagesForUid: null; permName: android.permission.CAMERA; type = 1; res = -1; stacktrace=java.lang.Exception

06-22 21:14:02.387  1562  8136 I LSPosed-Bridge: 	at com.example.permlabel.requirePerm$1$2.afterHookedMethod(requirePerm.java:133)

06-22 21:14:02.387  1562  8136 I LSPosed-Bridge: 	at de.robv.android.xposed.XposedBridge$AdditionalHookInfo.callback(Unknown Source:147)

06-22 21:14:02.387  1562  8136 I LSPosed-Bridge: 	at LSPHooker_.checkPermission(Unknown Source:25)

06-22 21:14:02.387  1562  8136 I LSPosed-Bridge: 	at com.android.server.am.ActivityManagerService$PermissionController.checkPermission(ActivityManagerService.java:9248)

06-22 21:14:02.387  1562  8136 I LSPosed-Bridge: 	at android.os.IPermissionController$Stub.onTransact(IPermissionController.java:56)

06-22 21:14:02.387  1562  8136 I LSPosed-Bridge: 	at android.os.Binder.execTransact(Binder.java:731)

06-22 21:14:02.491  1562  4899 I LSPosed-Bridge: 5267 PermLabel 10123 AMS.checkPermission: Binder.getCallingPid() = 909; uid = 10123; Binder.getCallingUid() = 1047; getNameForUid: null; getPackagesForUid: null; permName: android.permission.CAMERA; type = 1; res = -1; stacktrace=java.lang.Exception

06-22 21:14:02.491  1562  4899 I LSPosed-Bridge: 	at com.example.permlabel.requirePerm$1$2.afterHookedMethod(requirePerm.java:133)

06-22 21:14:02.491  1562  4899 I LSPosed-Bridge: 	at de.robv.android.xposed.XposedBridge$AdditionalHookInfo.callback(Unknown Source:147)

06-22 21:14:02.491  1562  4899 I LSPosed-Bridge: 	at LSPHooker_.checkPermission(Unknown Source:25)

06-22 21:14:02.491  1562  4899 I LSPosed-Bridge: 	at com.android.server.am.ActivityManagerService$PermissionController.checkPermission(ActivityManagerService.java:9248)

06-22 21:14:02.491  1562  4899 I LSPosed-Bridge: 	at android.os.IPermissionController$Stub.onTransact(IPermissionController.java:56)

06-22 21:14:02.491  1562  4899 I LSPosed-Bridge: 	at android.os.Binder.execTransact(Binder.java:731)

06-22 21:14:02.595  1562  4899 I LSPosed-Bridge: 5267 PermLabel 10123 AMS.checkPermission: Binder.getCallingPid() = 909; uid = 10123; Binder.getCallingUid() = 1047; getNameForUid: null; getPackagesForUid: null; permName: android.permission.CAMERA; type = 1; res = -1; stacktrace=java.lang.Exception

06-22 21:14:02.595  1562  4899 I LSPosed-Bridge: 	at com.example.permlabel.requirePerm$1$2.afterHookedMethod(requirePerm.java:133)

06-22 21:14:02.595  1562  4899 I LSPosed-Bridge: 	at de.robv.android.xposed.XposedBridge$AdditionalHookInfo.callback(Unknown Source:147)

06-22 21:14:02.595  1562  4899 I LSPosed-Bridge: 	at LSPHooker_.checkPermission(Unknown Source:25)

06-22 21:14:02.595  1562  4899 I LSPosed-Bridge: 	at com.android.server.am.ActivityManagerService$PermissionController.checkPermission(ActivityManagerService.java:9248)

06-22 21:14:02.595  1562  4899 I LSPosed-Bridge: 	at android.os.IPermissionController$Stub.onTransact(IPermissionController.java:56)

06-22 21:14:02.595  1562  4899 I LSPosed-Bridge: 	at android.os.Binder.execTransact(Binder.java:731)

06-22 21:14:02.595   909   909 W ServiceManager: Permission failure: android.permission.CAMERA from uid=10123 pid=5267

06-22 21:14:02.595   909   909 E CameraService: Permission Denial: can't use the camera pid=5267, uid=10123

06-22 21:14:02.699  1562  4899 I LSPosed-Bridge: 5267 PermLabel 10123 AMS.checkPermission: Binder.getCallingPid() = 909; uid = 10123; Binder.getCallingUid() = 1047; getNameForUid: null; getPackagesForUid: null; permName: android.permission.CAMERA; type = 1; res = -1; stacktrace=java.lang.Exception

06-22 21:14:02.699  1562  4899 I LSPosed-Bridge: 	at com.example.permlabel.requirePerm$1$2.afterHookedMethod(requirePerm.java:133)

06-22 21:14:02.699  1562  4899 I LSPosed-Bridge: 	at de.robv.android.xposed.XposedBridge$AdditionalHookInfo.callback(Unknown Source:147)

06-22 21:14:02.699  1562  4899 I LSPosed-Bridge: 	at LSPHooker_.checkPermission(Unknown Source:25)

06-22 21:14:02.699  1562  4899 I LSPosed-Bridge: 	at com.android.server.am.ActivityManagerService$PermissionController.checkPermission(ActivityManagerService.java:9248)

06-22 21:14:02.699  1562  4899 I LSPosed-Bridge: 	at android.os.IPermissionController$Stub.onTransact(IPermissionController.java:56)

06-22 21:14:02.699  1562  4899 I LSPosed-Bridge: 	at android.os.Binder.execTransact(Binder.java:731)

06-22 21:14:02.805  1562  4899 I LSPosed-Bridge: 5267 PermLabel 10123 AMS.checkPermission: Binder.getCallingPid() = 909; uid = 10123; Binder.getCallingUid() = 1047; getNameForUid: null; getPackagesForUid: null; permName: android.permission.CAMERA; type = 1; res = -1; stacktrace=java.lang.Exception

06-22 21:14:02.805  1562  4899 I LSPosed-Bridge: 	at com.example.permlabel.requirePerm$1$2.afterHookedMethod(requirePerm.java:133)

06-22 21:14:02.805  1562  4899 I LSPosed-Bridge: 	at de.robv.android.xposed.XposedBridge$AdditionalHookInfo.callback(Unknown Source:147)

06-22 21:14:02.805  1562  4899 I LSPosed-Bridge: 	at LSPHooker_.checkPermission(Unknown Source:25)

06-22 21:14:02.805  1562  4899 I LSPosed-Bridge: 	at com.android.server.am.ActivityManagerService$PermissionController.checkPermission(ActivityManagerService.java:9248)

06-22 21:14:02.805  1562  4899 I LSPosed-Bridge: 	at android.os.IPermissionController$Stub.onTransact(IPermissionController.java:56)

06-22 21:14:02.805  1562  4899 I LSPosed-Bridge: 	at android.os.Binder.execTransact(Binder.java:731)

06-22 21:14:02.805   909   909 W ServiceManager: Permission failure: android.permission.CAMERA from uid=10123 pid=5267

06-22 21:14:02.805   909   909 E CameraService: Permission Denial: can't use the camera pid=5267, uid=10123

06-22 21:14:02.805   553   553 I ConfigStore: android::hardware::configstore::V1_0::ISurfaceFlingerConfigs::hasHDRDisplay retrieved: 0

06-22 21:14:02.908  1562  8136 I LSPosed-Bridge: 5267 PermLabel 10123 AMS.checkPermission: Binder.getCallingPid() = 909; uid = 10123; Binder.getCallingUid() = 1047; getNameForUid: null; getPackagesForUid: null; permName: android.permission.CAMERA; type = 1; res = -1; stacktrace=java.lang.Exception

06-22 21:14:02.908  1562  8136 I LSPosed-Bridge: 	at com.example.permlabel.requirePerm$1$2.afterHookedMethod(requirePerm.java:133)

06-22 21:14:02.908  1562  8136 I LSPosed-Bridge: 	at de.robv.android.xposed.XposedBridge$AdditionalHookInfo.callback(Unknown Source:147)

06-22 21:14:02.908  1562  8136 I LSPosed-Bridge: 	at LSPHooker_.checkPermission(Unknown Source:25)

06-22 21:14:02.908  1562  8136 I LSPosed-Bridge: 	at com.android.server.am.ActivityManagerService$PermissionController.checkPermission(ActivityManagerService.java:9248)

06-22 21:14:02.908  1562  8136 I LSPosed-Bridge: 	at android.os.IPermissionController$Stub.onTransact(IPermissionController.java:56)

06-22 21:14:02.908  1562  8136 I LSPosed-Bridge: 	at android.os.Binder.execTransact(Binder.java:731)

06-22 21:14:02.911   909   909 E CameraService: Permission Denial: can't use the camera pid=5267, uid=10123

06-22 21:14:02.911  5267  5659 W CameraBase: An error occurred while connecting to camera 0: Status(-8): '1: validateClientPermissionsLocked:906: Caller "sixpack.sixpackabs.absworkout" (PID 10123, UID 5267) cannot open camera "0" without camera permission'

06-22 21:14:02.911  5267  5659 E Camera  : Camera  err=-13

06-22 21:14:02.911  5267  5659 I LSPosed-Bridge: 5267 PermLabel 10123 android.permission.CAMERA open cameraId: 0; res= null; stacktrace=java.lang.Exception

06-22 21:14:02.911  5267  5659 I LSPosed-Bridge: 	at com.example.permlabel.hookCamera$3.afterHookedMethod(hookCamera.java:49)

06-22 21:14:02.911  5267  5659 I LSPosed-Bridge: 	at de.robv.android.xposed.XposedBridge$AdditionalHookInfo.callback(Unknown Source:147)

06-22 21:14:02.911  5267  5659 I LSPosed-Bridge: 	at LSPHooker_.open(Unknown Source:12)

06-22 21:14:02.911  5267  5659 I LSPosed-Bridge: 	at org.chromium.media.VideoCaptureFactory.getDeviceSupportedFormats(chromium-Monochrome.aab-stable-573513121:13)

06-22 21:14:02.912  5267  5659 I chatty  : uid=10123(sixpack.sixpackabs.absworkout) ThreadPoolSingl identical 1 line

06-22 21:14:02.912  5267  5659 I LSPosed-Bridge: 5267 PermLabel 10123 android.permission.CAMERA open cameraId: 0; res= null; stacktrace=java.lang.Exception

06-22 21:14:02.912  5267  5659 I LSPosed-Bridge: 	at com.example.permlabel.hookCamera$3.afterHookedMethod(hookCamera.java:49)

06-22 21:14:02.912  5267  5659 I LSPosed-Bridge: 	at de.robv.android.xposed.XposedBridge$AdditionalHookInfo.callback(Unknown Source:147)

06-22 21:14:02.912  5267  5659 I LSPosed-Bridge: 	at LSPHooker_.open(Unknown Source:12)

06-22 21:14:02.912  5267  5659 I LSPosed-Bridge: 	at org.chromium.media.VideoCaptureFactory.getDeviceSupportedFormats(chromium-Monochrome.aab-stable-573513121:13)

06-22 21:14:02.912  5267  5659 E cr_VideoCapture: Camera.open: 

06-22 21:14:02.912  5267  5659 E cr_VideoCapture: java.lang.RuntimeException: Fail to connect to camera service

06-22 21:14:02.912  5267  5659 E cr_VideoCapture: 	at android.hardware.Camera.<init>(Camera.java:669)

06-22 21:14:02.912  5267  5659 E cr_VideoCapture: 	at android.hardware.Camera.open(Camera.java:460)

06-22 21:14:02.912  5267  5659 E cr_VideoCapture: 	at java.lang.reflect.Method.invoke(Native Method)

06-22 21:14:02.912  5267  5659 E cr_VideoCapture: 	at org.lsposed.lspd.nativebridge.HookBridge.invokeOriginalMethod(Native Method)

06-22 21:14:02.912  5267  5659 E cr_VideoCapture: 	at de.robv.android.xposed.XposedBridge$AdditionalHookInfo.callback(Unknown Source:110)

06-22 21:14:02.912  5267  5659 E cr_VideoCapture: 	at LSPHooker_.open(Unknown Source:12)

06-22 21:14:02.912  5267  5659 E cr_VideoCapture: 	at org.chromium.media.VideoCaptureFactory.getDeviceSupportedFormats(chromium-Monochrome.aab-stable-573513121:13)

06-22 21:15:09.306  5267  5659 I LSPosed-Bridge: 5267 PermLabel 10123 android.permission.CAMERA getCameraInfo args0: 1; args1: android.hardware.Camera$CameraInfo@366448e; res= null; stacktrace=java.lang.Exception

06-22 21:15:09.306  5267  5659 I LSPosed-Bridge: 	at com.example.permlabel.hookCamera$1.afterHookedMethod(hookCamera.java:21)

06-22 21:15:09.306  5267  5659 I LSPosed-Bridge: 	at de.robv.android.xposed.XposedBridge$AdditionalHookInfo.callback(Unknown Source:147)

06-22 21:15:09.306  5267  5659 I LSPosed-Bridge: 	at LSPHooker_.getCameraInfo(Unknown Source:15)

06-22 21:15:09.306  5267  5659 I LSPosed-Bridge: 	at z74.e(chromium-Monochrome.aab-stable-573513121:6)

06-22 21:15:09.306  5267  5659 I LSPosed-Bridge: 	at org.chromium.media.VideoCaptureFactory.getDeviceName(chromium-Monochrome.aab-stable-573513121:15)

06-22 21:15:09.309  5267  5659 I LSPosed-Bridge: 5267 PermLabel 10123 android.permission.CAMERA getCameraInfo args0: 1; args1: android.hardware.Camera$CameraInfo@366448e; res= null; stacktrace=java.lang.Exception

06-22 21:15:09.309  5267  5659 I LSPosed-Bridge: 	at com.example.permlabel.hookCamera$1.afterHookedMethod(hookCamera.java:21)

06-22 21:15:09.309  5267  5659 I LSPosed-Bridge: 	at de.robv.android.xposed.XposedBridge$AdditionalHookInfo.callback(Unknown Source:147)

06-22 21:15:09.309  5267  5659 I LSPosed-Bridge: 	at LSPHooker_.getCameraInfo(Unknown Source:15)

06-22 21:15:09.309  5267  5659 I LSPosed-Bridge: 	at z74.e(chromium-Monochrome.aab-stable-573513121:6)

06-22 21:15:09.309  5267  5659 I LSPosed-Bridge: 	at org.chromium.media.VideoCaptureFactory.getDeviceName(chromium-Monochrome.aab-stable-573513121:15)

06-22 21:15:09.345  5267  5659 I LSPosed-Bridge: 5267 PermLabel 10123 android.permission.CAMERA getCameraInfo args0: 1; args1: android.hardware.Camera$CameraInfo@b861b9a; res= null; stacktrace=java.lang.Exception

06-22 21:15:09.345  5267  5659 I LSPosed-Bridge: 5267 PermLabel 10123 android.permission.CAMERA getCameraInfo args0: 1; args1: android.hardware.Camera$CameraInfo@b861b9a; res= null; stacktrace=java.lang.Exception

06-22 21:15:09.345  5267  5659 I LSPosed-Bridge: 	at com.example.permlabel.hookCamera$1.afterHookedMethod(hookCamera.java:21)

06-22 21:15:09.345  5267  5659 I LSPosed-Bridge: 	at com.example.permlabel.hookCamera$1.afterHookedMethod(hookCamera.java:21)

06-22 21:15:09.345  5267  5659 I LSPosed-Bridge: 	at de.robv.android.xposed.XposedBridge$AdditionalHookInfo.callback(Unknown Source:147)

06-22 21:15:09.345  5267  5659 I LSPosed-Bridge: 	at de.robv.android.xposed.XposedBridge$AdditionalHookInfo.callback(Unknown Source:147)

06-22 21:15:09.345  5267  5659 I LSPosed-Bridge: 	at LSPHooker_.getCameraInfo(Unknown Source:15)

06-22 21:15:09.345  5267  5659 I LSPosed-Bridge: 	at LSPHooker_.getCameraInfo(Unknown Source:15)

06-22 21:15:09.345  5267  5659 I LSPosed-Bridge: 	at z74.e(chromium-Monochrome.aab-stable-573513121:6)

06-22 21:15:09.345  5267  5659 I LSPosed-Bridge: 	at z74.e(chromium-Monochrome.aab-stable-573513121:6)

06-22 21:15:09.345  5267  5659 I LSPosed-Bridge: 	at org.chromium.media.VideoCaptureFactory.getCaptureApiType(chromium-Monochrome.aab-stable-573513121:8)

06-22 21:15:09.345  5267  5659 I LSPosed-Bridge: 	at org.chromium.media.VideoCaptureFactory.getCaptureApiType(chromium-Monochrome.aab-stable-573513121:8)

06-22 21:15:09.345  5267  5659 I chatty  : uid=10123(sixpack.sixpackabs.absworkout) ThreadPoolSingl identical 1 line

06-22 21:15:09.345  5267  5659 I chatty  : uid=10123(sixpack.sixpackabs.absworkout) ThreadPoolSingl identical 1 line

06-22 21:15:09.345  5267  5659 I LSPosed-Bridge: 5267 PermLabel 10123 android.permission.CAMERA getCameraInfo args0: 1; args1: android.hardware.Camera$CameraInfo@b861b9a; res= null; stacktrace=java.lang.Exception

06-22 21:15:09.345  5267  5659 I LSPosed-Bridge: 5267 PermLabel 10123 android.permission.CAMERA getCameraInfo args0: 1; args1: android.hardware.Camera$CameraInfo@b861b9a; res= null; stacktrace=java.lang.Exception

06-22 21:15:09.345  5267  5659 I LSPosed-Bridge: 	at com.example.permlabel.hookCamera$1.afterHookedMethod(hookCamera.java:21)

06-22 21:15:09.345  5267  5659 I LSPosed-Bridge: 	at com.example.permlabel.hookCamera$1.afterHookedMethod(hookCamera.java:21)

06-22 21:15:09.345  5267  5659 I LSPosed-Bridge: 	at de.robv.android.xposed.XposedBridge$AdditionalHookInfo.callback(Unknown Source:147)

06-22 21:15:09.345  5267  5659 I LSPosed-Bridge: 	at de.robv.android.xposed.XposedBridge$AdditionalHookInfo.callback(Unknown Source:147)

06-22 21:15:09.345  5267  5659 I LSPosed-Bridge: 	at LSPHooker_.getCameraInfo(Unknown Source:15)

06-22 21:15:09.345  5267  5659 I LSPosed-Bridge: 	at LSPHooker_.getCameraInfo(Unknown Source:15)

06-22 21:15:09.345  5267  5659 I LSPosed-Bridge: 	at z74.e(chromium-Monochrome.aab-stable-573513121:6)

06-22 21:15:09.345  5267  5659 I LSPosed-Bridge: 	at z74.e(chromium-Monochrome.aab-stable-573513121:6)

06-22 21:15:09.345  5267  5659 I LSPosed-Bridge: 	at org.chromium.media.VideoCaptureFactory.getCaptureApiType(chromium-Monochrome.aab-stable-573513121:8)

06-22 21:15:09.345  5267  5659 I LSPosed-Bridge: 	at org.chromium.media.VideoCaptureFactory.getCaptureApiType(chromium-Monochrome.aab-stable-573513121:8)

06-22 21:15:09.360  5267  5659 I LSPosed-Bridge: 5267 PermLabel 10123 android.permission.CAMERA getCameraInfo args0: 1; args1: android.hardware.Camera$CameraInfo@39a5766; res= null; stacktrace=java.lang.Exception

06-22 21:15:09.360  5267  5659 I LSPosed-Bridge: 5267 PermLabel 10123 android.permission.CAMERA getCameraInfo args0: 1; args1: android.hardware.Camera$CameraInfo@39a5766; res= null; stacktrace=java.lang.Exception

06-22 21:15:09.360  5267  5659 I LSPosed-Bridge: 	at com.example.permlabel.hookCamera$1.afterHookedMethod(hookCamera.java:21)

06-22 21:15:09.360  5267  5659 I LSPosed-Bridge: 	at com.example.permlabel.hookCamera$1.afterHookedMethod(hookCamera.java:21)

06-22 21:15:09.360  5267  5659 I LSPosed-Bridge: 	at de.robv.android.xposed.XposedBridge$AdditionalHookInfo.callback(Unknown Source:147)

06-22 21:15:09.360  5267  5659 I LSPosed-Bridge: 	at de.robv.android.xposed.XposedBridge$AdditionalHookInfo.callback(Unknown Source:147)

06-22 21:15:09.360  5267  5659 I LSPosed-Bridge: 	at LSPHooker_.getCameraInfo(Unknown Source:15)

06-22 21:15:09.360  5267  5659 I LSPosed-Bridge: 	at LSPHooker_.getCameraInfo(Unknown Source:15)

06-22 21:15:09.360  5267  5659 I LSPosed-Bridge: 	at z74.e(chromium-Monochrome.aab-stable-573513121:6)

06-22 21:15:09.360  5267  5659 I LSPosed-Bridge: 	at z74.e(chromium-Monochrome.aab-stable-573513121:6)

06-22 21:15:09.360  5267  5659 I LSPosed-Bridge: 	at org.chromium.media.VideoCaptureFactory.getFacingMode(chromium-Monochrome.aab-stable-573513121:10)

06-22 21:15:09.360  5267  5659 I LSPosed-Bridge: 	at org.chromium.media.VideoCaptureFactory.getFacingMode(chromium-Monochrome.aab-stable-573513121:10)

06-22 21:15:09.360  5267  5659 I chatty  : uid=10123(sixpack.sixpackabs.absworkout) ThreadPoolSingl identical 1 line

06-22 21:15:09.360  5267  5659 I chatty  : uid=10123(sixpack.sixpackabs.absworkout) ThreadPoolSingl identical 1 line

06-22 21:15:09.360  5267  5659 I LSPosed-Bridge: 5267 PermLabel 10123 android.permission.CAMERA getCameraInfo args0: 1; args1: android.hardware.Camera$CameraInfo@39a5766; res= null; stacktrace=java.lang.Exception

06-22 21:15:09.360  5267  5659 I LSPosed-Bridge: 5267 PermLabel 10123 android.permission.CAMERA getCameraInfo args0: 1; args1: android.hardware.Camera$CameraInfo@39a5766; res= null; stacktrace=java.lang.Exception

06-22 21:15:09.360  5267  5659 I LSPosed-Bridge: 	at com.example.permlabel.hookCamera$1.afterHookedMethod(hookCamera.java:21)

06-22 21:15:09.360  5267  5659 I LSPosed-Bridge: 	at com.example.permlabel.hookCamera$1.afterHookedMethod(hookCamera.java:21)

06-22 21:15:09.360  5267  5659 I LSPosed-Bridge: 	at de.robv.android.xposed.XposedBridge$AdditionalHookInfo.callback(Unknown Source:147)

06-22 21:15:09.360  5267  5659 I LSPosed-Bridge: 	at de.robv.android.xposed.XposedBridge$AdditionalHookInfo.callback(Unknown Source:147)

06-22 21:15:09.360  5267  5659 I LSPosed-Bridge: 	at LSPHooker_.getCameraInfo(Unknown Source:15)

06-22 21:15:09.360  5267  5659 I LSPosed-Bridge: 	at LSPHooker_.getCameraInfo(Unknown Source:15)

06-22 21:15:09.360  5267  5659 I LSPosed-Bridge: 	at z74.e(chromium-Monochrome.aab-stable-573513121:6)

06-22 21:15:09.360  5267  5659 I LSPosed-Bridge: 	at z74.e(chromium-Monochrome.aab-stable-573513121:6)

06-22 21:15:09.360  5267  5659 I LSPosed-Bridge: 	at org.chromium.media.VideoCaptureFactory.getFacingMode(chromium-Monochrome.aab-stable-573513121:10)

06-22 21:15:09.360  5267  5659 I LSPosed-Bridge: 	at org.chromium.media.VideoCaptureFactory.getFacingMode(chromium-Monochrome.aab-stable-573513121:10)

06-22 21:15:09.380  5267  5659 I LSPosed-Bridge: 5267 PermLabel 10123 android.permission.CAMERA getCameraInfo args0: 0; args1: android.hardware.Camera$CameraInfo@56483f2; res= null; stacktrace=java.lang.Exception

06-22 21:15:09.380  5267  5659 I LSPosed-Bridge: 	at com.example.permlabel.hookCamera$1.afterHookedMethod(hookCamera.java:21)

06-22 21:15:09.380  5267  5659 I LSPosed-Bridge: 	at de.robv.android.xposed.XposedBridge$AdditionalHookInfo.callback(Unknown Source:147)

06-22 21:15:09.380  5267  5659 I LSPosed-Bridge: 	at LSPHooker_.getCameraInfo(Unknown Source:15)

06-22 21:15:09.380  5267  5659 I LSPosed-Bridge: 	at z74.e(chromium-Monochrome.aab-stable-573513121:6)

06-22 21:15:09.380  5267  5659 I LSPosed-Bridge: 	at org.chromium.media.VideoCaptureFactory.getDeviceName(chromium-Monochrome.aab-stable-573513121:15)

06-22 21:15:09.381  5267  5659 I chatty  : uid=10123(sixpack.sixpackabs.absworkout) ThreadPoolSingl identical 1 line

06-22 21:15:09.381  5267  5659 I LSPosed-Bridge: 5267 PermLabel 10123 android.permission.CAMERA getCameraInfo args0: 0; args1: android.hardware.Camera$CameraInfo@56483f2; res= null; stacktrace=java.lang.Exception

06-22 21:15:09.381  5267  5659 I LSPosed-Bridge: 	at com.example.permlabel.hookCamera$1.afterHookedMethod(hookCamera.java:21)

06-22 21:15:09.381  5267  5659 I LSPosed-Bridge: 	at de.robv.android.xposed.XposedBridge$AdditionalHookInfo.callback(Unknown Source:147)

06-22 21:15:09.381  5267  5659 I LSPosed-Bridge: 	at LSPHooker_.getCameraInfo(Unknown Source:15)

06-22 21:15:09.381  5267  5659 I LSPosed-Bridge: 	at z74.e(chromium-Monochrome.aab-stable-573513121:6)

06-22 21:15:09.381  5267  5659 I LSPosed-Bridge: 	at org.chromium.media.VideoCaptureFactory.getDeviceName(chromium-Monochrome.aab-stable-573513121:15)

06-22 21:15:09.381   553   553 I ConfigStore: android::hardware::configstore::V1_0::ISurfaceFlingerConfigs::hasHDRDisplay retrieved: 0

06-22 21:15:09.415  5267  5659 I LSPosed-Bridge: 5267 PermLabel 10123 android.permission.CAMERA getCameraInfo args0: 0; args1: android.hardware.Camera$CameraInfo@332ed3e; res= null; stacktrace=java.lang.Exception

06-22 21:15:09.415  5267  5659 I LSPosed-Bridge: 5267 PermLabel 10123 android.permission.CAMERA getCameraInfo args0: 0; args1: android.hardware.Camera$CameraInfo@332ed3e; res= null; stacktrace=java.lang.Exception

06-22 21:15:09.415  5267  5659 I LSPosed-Bridge: 	at com.example.permlabel.hookCamera$1.afterHookedMethod(hookCamera.java:21)

06-22 21:15:09.415  5267  5659 I LSPosed-Bridge: 	at com.example.permlabel.hookCamera$1.afterHookedMethod(hookCamera.java:21)

06-22 21:15:09.415  5267  5659 I LSPosed-Bridge: 	at de.robv.android.xposed.XposedBridge$AdditionalHookInfo.callback(Unknown Source:147)

06-22 21:15:09.415  5267  5659 I LSPosed-Bridge: 	at de.robv.android.xposed.XposedBridge$AdditionalHookInfo.callback(Unknown Source:147)

06-22 21:15:09.415  5267  5659 I LSPosed-Bridge: 	at LSPHooker_.getCameraInfo(Unknown Source:15)

06-22 21:15:09.415  5267  5659 I LSPosed-Bridge: 	at LSPHooker_.getCameraInfo(Unknown Source:15)

06-22 21:15:09.415  5267  5659 I LSPosed-Bridge: 	at z74.e(chromium-Monochrome.aab-stable-573513121:6)

06-22 21:15:09.415  5267  5659 I LSPosed-Bridge: 	at z74.e(chromium-Monochrome.aab-stable-573513121:6)

06-22 21:15:09.415  5267  5659 I LSPosed-Bridge: 	at org.chromium.media.VideoCaptureFactory.getCaptureApiType(chromium-Monochrome.aab-stable-573513121:8)

06-22 21:15:09.415  5267  5659 I LSPosed-Bridge: 	at org.chromium.media.VideoCaptureFactory.getCaptureApiType(chromium-Monochrome.aab-stable-573513121:8)

06-22 21:15:09.415   553   553 I ConfigStore: android::hardware::configstore::V1_0::ISurfaceFlingerConfigs::hasHDRDisplay retrieved: 0

06-22 21:15:09.415   553   553 I ConfigStore: android::hardware::configstore::V1_0::ISurfaceFlingerConfigs::hasHDRDisplay retrieved: 0

06-22 21:15:09.415  5267  5659 I LSPosed-Bridge: 5267 PermLabel 10123 android.permission.CAMERA getCameraInfo args0: 0; args1: android.hardware.Camera$CameraInfo@332ed3e; res= null; stacktrace=java.lang.Exception

06-22 21:15:09.415  5267  5659 I LSPosed-Bridge: 5267 PermLabel 10123 android.permission.CAMERA getCameraInfo args0: 0; args1: android.hardware.Camera$CameraInfo@332ed3e; res= null; stacktrace=java.lang.Exception

06-22 21:15:09.415  5267  5659 I LSPosed-Bridge: 	at com.example.permlabel.hookCamera$1.afterHookedMethod(hookCamera.java:21)

06-22 21:15:09.415  5267  5659 I LSPosed-Bridge: 	at com.example.permlabel.hookCamera$1.afterHookedMethod(hookCamera.java:21)

06-22 21:15:09.415  5267  5659 I LSPosed-Bridge: 	at de.robv.android.xposed.XposedBridge$AdditionalHookInfo.callback(Unknown Source:147)

06-22 21:15:09.415  5267  5659 I LSPosed-Bridge: 	at de.robv.android.xposed.XposedBridge$AdditionalHookInfo.callback(Unknown Source:147)

06-22 21:15:09.415  5267  5659 I LSPosed-Bridge: 	at LSPHooker_.getCameraInfo(Unknown Source:15)

06-22 21:15:09.415  5267  5659 I LSPosed-Bridge: 	at LSPHooker_.getCameraInfo(Unknown Source:15)

06-22 21:15:09.415  5267  5659 I LSPosed-Bridge: 	at z74.e(chromium-Monochrome.aab-stable-573513121:6)

06-22 21:15:09.415  5267  5659 I LSPosed-Bridge: 	at z74.e(chromium-Monochrome.aab-stable-573513121:6)

06-22 21:15:09.415  5267  5659 I LSPosed-Bridge: 	at org.chromium.media.VideoCaptureFactory.getCaptureApiType(chromium-Monochrome.aab-stable-573513121:8)

06-22 21:15:09.415  5267  5659 I LSPosed-Bridge: 	at org.chromium.media.VideoCaptureFactory.getCaptureApiType(chromium-Monochrome.aab-stable-573513121:8)

06-22 21:15:09.416  5267  5659 I LSPosed-Bridge: 5267 PermLabel 10123 android.permission.CAMERA getCameraInfo args0: 0; args1: android.hardware.Camera$CameraInfo@332ed3e; res= null; stacktrace=java.lang.Exception

06-22 21:15:09.416  5267  5659 I LSPosed-Bridge: 	at com.example.permlabel.hookCamera$1.afterHookedMethod(hookCamera.java:21)

06-22 21:15:09.416  5267  5659 I LSPosed-Bridge: 	at de.robv.android.xposed.XposedBridge$AdditionalHookInfo.callback(Unknown Source:147)

06-22 21:15:09.416  5267  5659 I LSPosed-Bridge: 	at LSPHooker_.getCameraInfo(Unknown Source:15)

06-22 21:15:09.416  5267  5659 I LSPosed-Bridge: 	at z74.e(chromium-Monochrome.aab-stable-573513121:6)

06-22 21:15:09.416  5267  5659 I LSPosed-Bridge: 	at org.chromium.media.VideoCaptureFactory.getCaptureApiType(chromium-Monochrome.aab-stable-573513121:8)

06-22 21:15:09.416   553   553 I ConfigStore: android::hardware::configstore::V1_0::ISurfaceFlingerConfigs::hasHDRDisplay retrieved: 0

06-22 21:15:09.428  5267  5659 I LSPosed-Bridge: 5267 PermLabel 10123 android.permission.CAMERA getCameraInfo args0: 0; args1: android.hardware.Camera$CameraInfo@3ec9f4a; res= null; stacktrace=java.lang.Exception

06-22 21:15:09.428  5267  5659 I LSPosed-Bridge: 5267 PermLabel 10123 android.permission.CAMERA getCameraInfo args0: 0; args1: android.hardware.Camera$CameraInfo@3ec9f4a; res= null; stacktrace=java.lang.Exception

06-22 21:15:09.428  5267  5659 I LSPosed-Bridge: 	at com.example.permlabel.hookCamera$1.afterHookedMethod(hookCamera.java:21)

06-22 21:15:09.428  5267  5659 I LSPosed-Bridge: 	at com.example.permlabel.hookCamera$1.afterHookedMethod(hookCamera.java:21)

06-22 21:15:09.428  5267  5659 I LSPosed-Bridge: 	at de.robv.android.xposed.XposedBridge$AdditionalHookInfo.callback(Unknown Source:147)

06-22 21:15:09.428  5267  5659 I LSPosed-Bridge: 	at de.robv.android.xposed.XposedBridge$AdditionalHookInfo.callback(Unknown Source:147)

06-22 21:15:09.428  5267  5659 I LSPosed-Bridge: 	at LSPHooker_.getCameraInfo(Unknown Source:15)

06-22 21:15:09.428  5267  5659 I LSPosed-Bridge: 	at LSPHooker_.getCameraInfo(Unknown Source:15)

06-22 21:15:09.428  5267  5659 I LSPosed-Bridge: 	at z74.e(chromium-Monochrome.aab-stable-573513121:6)

06-22 21:15:09.428  5267  5659 I LSPosed-Bridge: 	at z74.e(chromium-Monochrome.aab-stable-573513121:6)

06-22 21:15:09.428  5267  5659 I LSPosed-Bridge: 	at org.chromium.media.VideoCaptureFactory.getFacingMode(chromium-Monochrome.aab-stable-573513121:10)

06-22 21:15:09.428  5267  5659 I LSPosed-Bridge: 	at org.chromium.media.VideoCaptureFactory.getFacingMode(chromium-Monochrome.aab-stable-573513121:10)

06-22 21:15:09.428  5267  5659 I chatty  : uid=10123(sixpack.sixpackabs.absworkout) ThreadPoolSingl identical 1 line

06-22 21:15:09.428  5267  5659 I chatty  : uid=10123(sixpack.sixpackabs.absworkout) ThreadPoolSingl identical 1 line

06-22 21:15:09.428  5267  5659 I LSPosed-Bridge: 5267 PermLabel 10123 android.permission.CAMERA getCameraInfo args0: 0; args1: android.hardware.Camera$CameraInfo@3ec9f4a; res= null; stacktrace=java.lang.Exception

06-22 21:15:09.428  5267  5659 I LSPosed-Bridge: 5267 PermLabel 10123 android.permission.CAMERA getCameraInfo args0: 0; args1: android.hardware.Camera$CameraInfo@3ec9f4a; res= null; stacktrace=java.lang.Exception

06-22 21:15:09.428  5267  5659 I LSPosed-Bridge: 	at com.example.permlabel.hookCamera$1.afterHookedMethod(hookCamera.java:21)

06-22 21:15:09.428  5267  5659 I LSPosed-Bridge: 	at com.example.permlabel.hookCamera$1.afterHookedMethod(hookCamera.java:21)

06-22 21:15:09.428  5267  5659 I LSPosed-Bridge: 	at de.robv.android.xposed.XposedBridge$AdditionalHookInfo.callback(Unknown Source:147)

06-22 21:15:09.428  5267  5659 I LSPosed-Bridge: 	at de.robv.android.xposed.XposedBridge$AdditionalHookInfo.callback(Unknown Source:147)

06-22 21:15:09.428  5267  5659 I LSPosed-Bridge: 	at LSPHooker_.getCameraInfo(Unknown Source:15)

06-22 21:15:09.428  5267  5659 I LSPosed-Bridge: 	at LSPHooker_.getCameraInfo(Unknown Source:15)

06-22 21:15:09.428  5267  5659 I LSPosed-Bridge: 	at z74.e(chromium-Monochrome.aab-stable-573513121:6)

06-22 21:15:09.428  5267  5659 I LSPosed-Bridge: 	at z74.e(chromium-Monochrome.aab-stable-573513121:6)

06-22 21:15:09.428  5267  5659 I LSPosed-Bridge: 	at org.chromium.media.VideoCaptureFactory.getFacingMode(chromium-Monochrome.aab-stable-573513121:10)

06-22 21:15:09.428  5267  5659 I LSPosed-Bridge: 	at org.chromium.media.VideoCaptureFactory.getFacingMode(chromium-Monochrome.aab-stable-573513121:10)

06-22 21:16:14.139  5267  5659 I LSPosed-Bridge: 5267 PermLabel 10123 android.permission.CAMERA getCameraInfo args0: 1; args1: android.hardware.Camera$CameraInfo@b83444d; res= null; stacktrace=java.lang.Exception

06-22 21:16:14.139  5267  5659 I LSPosed-Bridge: 5267 PermLabel 10123 android.permission.CAMERA getCameraInfo args0: 1; args1: android.hardware.Camera$CameraInfo@b83444d; res= null; stacktrace=java.lang.Exception

06-22 21:16:14.139  5267  5659 I LSPosed-Bridge: 	at com.example.permlabel.hookCamera$1.afterHookedMethod(hookCamera.java:21)

06-22 21:16:14.139  5267  5659 I LSPosed-Bridge: 	at com.example.permlabel.hookCamera$1.afterHookedMethod(hookCamera.java:21)

06-22 21:16:14.139  5267  5659 I LSPosed-Bridge: 	at de.robv.android.xposed.XposedBridge$AdditionalHookInfo.callback(Unknown Source:147)

06-22 21:16:14.139  5267  5659 I LSPosed-Bridge: 	at de.robv.android.xposed.XposedBridge$AdditionalHookInfo.callback(Unknown Source:147)

06-22 21:16:14.139  5267  5659 I LSPosed-Bridge: 	at LSPHooker_.getCameraInfo(Unknown Source:15)

06-22 21:16:14.139  5267  5659 I LSPosed-Bridge: 	at LSPHooker_.getCameraInfo(Unknown Source:15)

06-22 21:16:14.139  5267  5659 I LSPosed-Bridge: 	at z74.e(chromium-Monochrome.aab-stable-573513121:6)

06-22 21:16:14.139  5267  5659 I LSPosed-Bridge: 	at z74.e(chromium-Monochrome.aab-stable-573513121:6)

06-22 21:16:14.139  5267  5659 I LSPosed-Bridge: 	at org.chromium.media.VideoCaptureFactory.getDeviceName(chromium-Monochrome.aab-stable-573513121:15)

06-22 21:16:14.139  5267  5659 I LSPosed-Bridge: 	at org.chromium.media.VideoCaptureFactory.getDeviceName(chromium-Monochrome.aab-stable-573513121:15)

06-22 21:16:14.139  5267  5659 I LSPosed-Bridge: 5267 PermLabel 10123 android.permission.CAMERA getCameraInfo args0: 1; args1: android.hardware.Camera$CameraInfo@b83444d; res= null; stacktrace=java.lang.Exception

06-22 21:16:14.139  5267  5659 I LSPosed-Bridge: 5267 PermLabel 10123 android.permission.CAMERA getCameraInfo args0: 1; args1: android.hardware.Camera$CameraInfo@b83444d; res= null; stacktrace=java.lang.Exception

06-22 21:16:14.139  5267  5659 I LSPosed-Bridge: 	at com.example.permlabel.hookCamera$1.afterHookedMethod(hookCamera.java:21)

06-22 21:16:14.139  5267  5659 I LSPosed-Bridge: 	at com.example.permlabel.hookCamera$1.afterHookedMethod(hookCamera.java:21)

06-22 21:16:14.139  5267  5659 I LSPosed-Bridge: 	at de.robv.android.xposed.XposedBridge$AdditionalHookInfo.callback(Unknown Source:147)

06-22 21:16:14.139  5267  5659 I LSPosed-Bridge: 	at de.robv.android.xposed.XposedBridge$AdditionalHookInfo.callback(Unknown Source:147)

06-22 21:16:14.139  5267  5659 I LSPosed-Bridge: 	at LSPHooker_.getCameraInfo(Unknown Source:15)

06-22 21:16:14.139  5267  5659 I LSPosed-Bridge: 	at LSPHooker_.getCameraInfo(Unknown Source:15)

06-22 21:16:14.139  5267  5659 I LSPosed-Bridge: 	at z74.e(chromium-Monochrome.aab-stable-573513121:6)

06-22 21:16:14.139  5267  5659 I LSPosed-Bridge: 	at z74.e(chromium-Monochrome.aab-stable-573513121:6)

06-22 21:16:14.139  5267  5659 I LSPosed-Bridge: 	at org.chromium.media.VideoCaptureFactory.getDeviceName(chromium-Monochrome.aab-stable-573513121:15)

06-22 21:16:14.139  5267  5659 I LSPosed-Bridge: 	at org.chromium.media.VideoCaptureFactory.getDeviceName(chromium-Monochrome.aab-stable-573513121:15)

06-22 21:16:14.140   553   553 I ConfigStore: android::hardware::configstore::V1_0::ISurfaceFlingerConfigs::hasHDRDisplay retrieved: 0

06-22 21:16:14.140   553   553 I ConfigStore: android::hardware::configstore::V1_0::ISurfaceFlingerConfigs::hasHDRDisplay retrieved: 0

06-22 21:16:14.140  5267  5659 I LSPosed-Bridge: 5267 PermLabel 10123 android.permission.CAMERA getCameraInfo args0: 1; args1: android.hardware.Camera$CameraInfo@b83444d; res= null; stacktrace=java.lang.Exception

06-22 21:16:14.140  5267  5659 I LSPosed-Bridge: 	at com.example.permlabel.hookCamera$1.afterHookedMethod(hookCamera.java:21)

06-22 21:16:14.140  5267  5659 I LSPosed-Bridge: 	at de.robv.android.xposed.XposedBridge$AdditionalHookInfo.callback(Unknown Source:147)

06-22 21:16:14.140  5267  5659 I LSPosed-Bridge: 	at LSPHooker_.getCameraInfo(Unknown Source:15)

06-22 21:16:14.140  5267  5659 I LSPosed-Bridge: 	at z74.e(chromium-Monochrome.aab-stable-573513121:6)

06-22 21:16:14.140  5267  5659 I LSPosed-Bridge: 	at org.chromium.media.VideoCaptureFactory.getDeviceName(chromium-Monochrome.aab-stable-573513121:15)

06-22 21:16:14.165  5267  5659 I LSPosed-Bridge: 5267 PermLabel 10123 android.permission.CAMERA getCameraInfo args0: 1; args1: android.hardware.Camera$CameraInfo@8ccd849; res= null; stacktrace=java.lang.Exception

06-22 21:16:14.165  5267  5659 I LSPosed-Bridge: 	at com.example.permlabel.hookCamera$1.afterHookedMethod(hookCamera.java:21)

06-22 21:16:14.165  5267  5659 I LSPosed-Bridge: 	at de.robv.android.xposed.XposedBridge$AdditionalHookInfo.callback(Unknown Source:147)

06-22 21:16:14.165  5267  5659 I LSPosed-Bridge: 	at LSPHooker_.getCameraInfo(Unknown Source:15)

06-22 21:16:14.165  5267  5659 I LSPosed-Bridge: 	at z74.e(chromium-Monochrome.aab-stable-573513121:6)

06-22 21:16:14.165  5267  5659 I LSPosed-Bridge: 	at org.chromium.media.VideoCaptureFactory.getCaptureApiType(chromium-Monochrome.aab-stable-573513121:8)

06-22 21:16:14.166  5267  5659 I chatty  : uid=10123(sixpack.sixpackabs.absworkout) ThreadPoolSingl identical 1 line

06-22 21:16:14.166  5267  5659 I LSPosed-Bridge: 5267 PermLabel 10123 android.permission.CAMERA getCameraInfo args0: 1; args1: android.hardware.Camera$CameraInfo@8ccd849; res= null; stacktrace=java.lang.Exception

06-22 21:16:14.166  5267  5659 I LSPosed-Bridge: 	at com.example.permlabel.hookCamera$1.afterHookedMethod(hookCamera.java:21)

06-22 21:16:14.166  5267  5659 I LSPosed-Bridge: 	at de.robv.android.xposed.XposedBridge$AdditionalHookInfo.callback(Unknown Source:147)

06-22 21:16:14.166  5267  5659 I LSPosed-Bridge: 	at LSPHooker_.getCameraInfo(Unknown Source:15)

06-22 21:16:14.166  5267  5659 I LSPosed-Bridge: 	at z74.e(chromium-Monochrome.aab-stable-573513121:6)

06-22 21:16:14.166  5267  5659 I LSPosed-Bridge: 	at org.chromium.media.VideoCaptureFactory.getCaptureApiType(chromium-Monochrome.aab-stable-573513121:8)

06-22 21:16:14.177  5267  5659 I LSPosed-Bridge: 5267 PermLabel 10123 android.permission.CAMERA getCameraInfo args0: 1; args1: android.hardware.Camera$CameraInfo@b01b005; res= null; stacktrace=java.lang.Exception

06-22 21:16:14.177  5267  5659 I LSPosed-Bridge: 	at com.example.permlabel.hookCamera$1.afterHookedMethod(hookCamera.java:21)

06-22 21:16:14.177  5267  5659 I LSPosed-Bridge: 	at de.robv.android.xposed.XposedBridge$AdditionalHookInfo.callback(Unknown Source:147)

06-22 21:16:14.177  5267  5659 I LSPosed-Bridge: 	at LSPHooker_.getCameraInfo(Unknown Source:15)

06-22 21:16:14.177  5267  5659 I LSPosed-Bridge: 	at z74.e(chromium-Monochrome.aab-stable-573513121:6)

06-22 21:16:14.177  5267  5659 I LSPosed-Bridge: 	at org.chromium.media.VideoCaptureFactory.getFacingMode(chromium-Monochrome.aab-stable-573513121:10)

06-22 21:16:14.178   553   553 I ConfigStore: android::hardware::configstore::V1_0::ISurfaceFlingerConfigs::hasHDRDisplay retrieved: 0

06-22 21:16:14.178   553   553 I ConfigStore: android::hardware::configstore::V1_0::ISurfaceFlingerConfigs::hasHDRDisplay retrieved: 0

06-22 21:16:14.178  5267  5659 I LSPosed-Bridge: 5267 PermLabel 10123 android.permission.CAMERA getCameraInfo args0: 1; args1: android.hardware.Camera$CameraInfo@b01b005; res= null; stacktrace=java.lang.Exception

06-22 21:16:14.178  5267  5659 I LSPosed-Bridge: 5267 PermLabel 10123 android.permission.CAMERA getCameraInfo args0: 1; args1: android.hardware.Camera$CameraInfo@b01b005; res= null; stacktrace=java.lang.Exception

06-22 21:16:14.178  5267  5659 I LSPosed-Bridge: 	at com.example.permlabel.hookCamera$1.afterHookedMethod(hookCamera.java:21)

06-22 21:16:14.178  5267  5659 I LSPosed-Bridge: 	at com.example.permlabel.hookCamera$1.afterHookedMethod(hookCamera.java:21)

06-22 21:16:14.178  5267  5659 I LSPosed-Bridge: 	at de.robv.android.xposed.XposedBridge$AdditionalHookInfo.callback(Unknown Source:147)

06-22 21:16:14.178  5267  5659 I LSPosed-Bridge: 	at de.robv.android.xposed.XposedBridge$AdditionalHookInfo.callback(Unknown Source:147)

06-22 21:16:14.178  5267  5659 I LSPosed-Bridge: 	at LSPHooker_.getCameraInfo(Unknown Source:15)

