06-22 21:16:14.178  5267  5659 I LSPosed-Bridge: 	at LSPHooker_.getCameraInfo(Unknown Source:15)

06-22 21:16:14.178  5267  5659 I LSPosed-Bridge: 	at z74.e(chromium-Monochrome.aab-stable-573513121:6)

06-22 21:16:14.178  5267  5659 I LSPosed-Bridge: 	at z74.e(chromium-Monochrome.aab-stable-573513121:6)

06-22 21:16:14.178  5267  5659 I LSPosed-Bridge: 	at org.chromium.media.VideoCaptureFactory.getFacingMode(chromium-Monochrome.aab-stable-573513121:10)

06-22 21:16:14.178  5267  5659 I LSPosed-Bridge: 	at org.chromium.media.VideoCaptureFactory.getFacingMode(chromium-Monochrome.aab-stable-573513121:10)

06-22 21:16:14.178  5267  5659 I LSPosed-Bridge: 5267 PermLabel 10123 android.permission.CAMERA getCameraInfo args0: 1; args1: android.hardware.Camera$CameraInfo@b01b005; res= null; stacktrace=java.lang.Exception

06-22 21:16:14.178  5267  5659 I LSPosed-Bridge: 5267 PermLabel 10123 android.permission.CAMERA getCameraInfo args0: 1; args1: android.hardware.Camera$CameraInfo@b01b005; res= null; stacktrace=java.lang.Exception

06-22 21:16:14.178  5267  5659 I LSPosed-Bridge: 	at com.example.permlabel.hookCamera$1.afterHookedMethod(hookCamera.java:21)

06-22 21:16:14.178  5267  5659 I LSPosed-Bridge: 	at com.example.permlabel.hookCamera$1.afterHookedMethod(hookCamera.java:21)

06-22 21:16:14.178  5267  5659 I LSPosed-Bridge: 	at de.robv.android.xposed.XposedBridge$AdditionalHookInfo.callback(Unknown Source:147)

06-22 21:16:14.178  5267  5659 I LSPosed-Bridge: 	at de.robv.android.xposed.XposedBridge$AdditionalHookInfo.callback(Unknown Source:147)

06-22 21:16:14.178  5267  5659 I LSPosed-Bridge: 	at LSPHooker_.getCameraInfo(Unknown Source:15)

06-22 21:16:14.178  5267  5659 I LSPosed-Bridge: 	at LSPHooker_.getCameraInfo(Unknown Source:15)

06-22 21:16:14.178  5267  5659 I LSPosed-Bridge: 	at z74.e(chromium-Monochrome.aab-stable-573513121:6)

06-22 21:16:14.178  5267  5659 I LSPosed-Bridge: 	at z74.e(chromium-Monochrome.aab-stable-573513121:6)

06-22 21:16:14.178  5267  5659 I LSPosed-Bridge: 	at org.chromium.media.VideoCaptureFactory.getFacingMode(chromium-Monochrome.aab-stable-573513121:10)

06-22 21:16:14.178  5267  5659 I LSPosed-Bridge: 	at org.chromium.media.VideoCaptureFactory.getFacingMode(chromium-Monochrome.aab-stable-573513121:10)

06-22 21:16:14.190  5267  5659 I LSPosed-Bridge: 5267 PermLabel 10123 android.permission.CAMERA getCameraInfo args0: 0; args1: android.hardware.Camera$CameraInfo@df24781; res= null; stacktrace=java.lang.Exception

06-22 21:16:14.190  5267  5659 I LSPosed-Bridge: 5267 PermLabel 10123 android.permission.CAMERA getCameraInfo args0: 0; args1: android.hardware.Camera$CameraInfo@df24781; res= null; stacktrace=java.lang.Exception

06-22 21:16:14.190  5267  5659 I LSPosed-Bridge: 5267 PermLabel 10123 android.permission.CAMERA getCameraInfo args0: 0; args1: android.hardware.Camera$CameraInfo@df24781; res= null; stacktrace=java.lang.Exception

06-22 21:16:14.190  5267  5659 I LSPosed-Bridge: 	at com.example.permlabel.hookCamera$1.afterHookedMethod(hookCamera.java:21)

06-22 21:16:14.190  5267  5659 I LSPosed-Bridge: 	at com.example.permlabel.hookCamera$1.afterHookedMethod(hookCamera.java:21)

06-22 21:16:14.190  5267  5659 I LSPosed-Bridge: 	at com.example.permlabel.hookCamera$1.afterHookedMethod(hookCamera.java:21)

06-22 21:16:14.190  5267  5659 I LSPosed-Bridge: 	at de.robv.android.xposed.XposedBridge$AdditionalHookInfo.callback(Unknown Source:147)

06-22 21:16:14.190  5267  5659 I LSPosed-Bridge: 	at de.robv.android.xposed.XposedBridge$AdditionalHookInfo.callback(Unknown Source:147)

06-22 21:16:14.190  5267  5659 I LSPosed-Bridge: 	at de.robv.android.xposed.XposedBridge$AdditionalHookInfo.callback(Unknown Source:147)

06-22 21:16:14.190  5267  5659 I LSPosed-Bridge: 	at LSPHooker_.getCameraInfo(Unknown Source:15)

06-22 21:16:14.190  5267  5659 I LSPosed-Bridge: 	at LSPHooker_.getCameraInfo(Unknown Source:15)

06-22 21:16:14.190  5267  5659 I LSPosed-Bridge: 	at LSPHooker_.getCameraInfo(Unknown Source:15)

06-22 21:16:14.190  5267  5659 I LSPosed-Bridge: 	at z74.e(chromium-Monochrome.aab-stable-573513121:6)

06-22 21:16:14.190  5267  5659 I LSPosed-Bridge: 	at z74.e(chromium-Monochrome.aab-stable-573513121:6)

06-22 21:16:14.190  5267  5659 I LSPosed-Bridge: 	at z74.e(chromium-Monochrome.aab-stable-573513121:6)

06-22 21:16:14.190  5267  5659 I LSPosed-Bridge: 	at org.chromium.media.VideoCaptureFactory.getDeviceName(chromium-Monochrome.aab-stable-573513121:15)

06-22 21:16:14.190  5267  5659 I LSPosed-Bridge: 	at org.chromium.media.VideoCaptureFactory.getDeviceName(chromium-Monochrome.aab-stable-573513121:15)

06-22 21:16:14.190  5267  5659 I LSPosed-Bridge: 	at org.chromium.media.VideoCaptureFactory.getDeviceName(chromium-Monochrome.aab-stable-573513121:15)

06-22 21:16:14.190   553   553 I ConfigStore: android::hardware::configstore::V1_0::ISurfaceFlingerConfigs::hasHDRDisplay retrieved: 0

06-22 21:16:14.190   553   553 I ConfigStore: android::hardware::configstore::V1_0::ISurfaceFlingerConfigs::hasHDRDisplay retrieved: 0

06-22 21:16:14.190   553   553 I ConfigStore: android::hardware::configstore::V1_0::ISurfaceFlingerConfigs::hasHDRDisplay retrieved: 0

06-22 21:16:14.190  5267  5659 I LSPosed-Bridge: 5267 PermLabel 10123 android.permission.CAMERA getCameraInfo args0: 0; args1: android.hardware.Camera$CameraInfo@df24781; res= null; stacktrace=java.lang.Exception

06-22 21:16:14.190  5267  5659 I LSPosed-Bridge: 5267 PermLabel 10123 android.permission.CAMERA getCameraInfo args0: 0; args1: android.hardware.Camera$CameraInfo@df24781; res= null; stacktrace=java.lang.Exception

06-22 21:16:14.190  5267  5659 I LSPosed-Bridge: 5267 PermLabel 10123 android.permission.CAMERA getCameraInfo args0: 0; args1: android.hardware.Camera$CameraInfo@df24781; res= null; stacktrace=java.lang.Exception

06-22 21:16:14.190  5267  5659 I LSPosed-Bridge: 	at com.example.permlabel.hookCamera$1.afterHookedMethod(hookCamera.java:21)

06-22 21:16:14.190  5267  5659 I LSPosed-Bridge: 	at com.example.permlabel.hookCamera$1.afterHookedMethod(hookCamera.java:21)

06-22 21:16:14.190  5267  5659 I LSPosed-Bridge: 	at com.example.permlabel.hookCamera$1.afterHookedMethod(hookCamera.java:21)

06-22 21:16:14.190  5267  5659 I LSPosed-Bridge: 	at de.robv.android.xposed.XposedBridge$AdditionalHookInfo.callback(Unknown Source:147)

06-22 21:16:14.190  5267  5659 I LSPosed-Bridge: 	at de.robv.android.xposed.XposedBridge$AdditionalHookInfo.callback(Unknown Source:147)

06-22 21:16:14.190  5267  5659 I LSPosed-Bridge: 	at de.robv.android.xposed.XposedBridge$AdditionalHookInfo.callback(Unknown Source:147)

06-22 21:16:14.190  5267  5659 I LSPosed-Bridge: 	at LSPHooker_.getCameraInfo(Unknown Source:15)

06-22 21:16:14.190  5267  5659 I LSPosed-Bridge: 	at LSPHooker_.getCameraInfo(Unknown Source:15)

06-22 21:16:14.190  5267  5659 I LSPosed-Bridge: 	at LSPHooker_.getCameraInfo(Unknown Source:15)

06-22 21:16:14.190  5267  5659 I LSPosed-Bridge: 	at z74.e(chromium-Monochrome.aab-stable-573513121:6)

06-22 21:16:14.190  5267  5659 I LSPosed-Bridge: 	at z74.e(chromium-Monochrome.aab-stable-573513121:6)

06-22 21:16:14.190  5267  5659 I LSPosed-Bridge: 	at z74.e(chromium-Monochrome.aab-stable-573513121:6)

06-22 21:16:14.190  5267  5659 I LSPosed-Bridge: 	at org.chromium.media.VideoCaptureFactory.getDeviceName(chromium-Monochrome.aab-stable-573513121:15)

06-22 21:16:14.190  5267  5659 I LSPosed-Bridge: 	at org.chromium.media.VideoCaptureFactory.getDeviceName(chromium-Monochrome.aab-stable-573513121:15)

06-22 21:16:14.190  5267  5659 I LSPosed-Bridge: 	at org.chromium.media.VideoCaptureFactory.getDeviceName(chromium-Monochrome.aab-stable-573513121:15)

06-22 21:16:14.190  5267  5659 I LSPosed-Bridge: 5267 PermLabel 10123 android.permission.CAMERA getCameraInfo args0: 0; args1: android.hardware.Camera$CameraInfo@df24781; res= null; stacktrace=java.lang.Exception

06-22 21:16:14.190  5267  5659 I LSPosed-Bridge: 5267 PermLabel 10123 android.permission.CAMERA getCameraInfo args0: 0; args1: android.hardware.Camera$CameraInfo@df24781; res= null; stacktrace=java.lang.Exception

06-22 21:16:14.190  5267  5659 I LSPosed-Bridge: 5267 PermLabel 10123 android.permission.CAMERA getCameraInfo args0: 0; args1: android.hardware.Camera$CameraInfo@df24781; res= null; stacktrace=java.lang.Exception

06-22 21:16:14.190  5267  5659 I LSPosed-Bridge: 	at com.example.permlabel.hookCamera$1.afterHookedMethod(hookCamera.java:21)

06-22 21:16:14.190  5267  5659 I LSPosed-Bridge: 	at com.example.permlabel.hookCamera$1.afterHookedMethod(hookCamera.java:21)

06-22 21:16:14.190  5267  5659 I LSPosed-Bridge: 	at com.example.permlabel.hookCamera$1.afterHookedMethod(hookCamera.java:21)

06-22 21:16:14.190  5267  5659 I LSPosed-Bridge: 	at de.robv.android.xposed.XposedBridge$AdditionalHookInfo.callback(Unknown Source:147)

06-22 21:16:14.190  5267  5659 I LSPosed-Bridge: 	at de.robv.android.xposed.XposedBridge$AdditionalHookInfo.callback(Unknown Source:147)

06-22 21:16:14.190  5267  5659 I LSPosed-Bridge: 	at de.robv.android.xposed.XposedBridge$AdditionalHookInfo.callback(Unknown Source:147)

06-22 21:16:14.190  5267  5659 I LSPosed-Bridge: 	at LSPHooker_.getCameraInfo(Unknown Source:15)

06-22 21:16:14.190  5267  5659 I LSPosed-Bridge: 	at LSPHooker_.getCameraInfo(Unknown Source:15)

06-22 21:16:14.190  5267  5659 I LSPosed-Bridge: 	at LSPHooker_.getCameraInfo(Unknown Source:15)

06-22 21:16:14.190  5267  5659 I LSPosed-Bridge: 	at z74.e(chromium-Monochrome.aab-stable-573513121:6)

06-22 21:16:14.190  5267  5659 I LSPosed-Bridge: 	at z74.e(chromium-Monochrome.aab-stable-573513121:6)

06-22 21:16:14.190  5267  5659 I LSPosed-Bridge: 	at z74.e(chromium-Monochrome.aab-stable-573513121:6)

06-22 21:16:14.190  5267  5659 I LSPosed-Bridge: 	at org.chromium.media.VideoCaptureFactory.getDeviceName(chromium-Monochrome.aab-stable-573513121:15)

06-22 21:16:14.190  5267  5659 I LSPosed-Bridge: 	at org.chromium.media.VideoCaptureFactory.getDeviceName(chromium-Monochrome.aab-stable-573513121:15)

06-22 21:16:14.190  5267  5659 I LSPosed-Bridge: 	at org.chromium.media.VideoCaptureFactory.getDeviceName(chromium-Monochrome.aab-stable-573513121:15)

06-22 21:16:14.190   553   553 I ConfigStore: android::hardware::configstore::V1_0::ISurfaceFlingerConfigs::hasHDRDisplay retrieved: 0

06-22 21:16:14.190   553   553 I ConfigStore: android::hardware::configstore::V1_0::ISurfaceFlingerConfigs::hasHDRDisplay retrieved: 0

06-22 21:16:14.190   553   553 I ConfigStore: android::hardware::configstore::V1_0::ISurfaceFlingerConfigs::hasHDRDisplay retrieved: 0

06-22 21:16:14.207  5267  5659 I LSPosed-Bridge: 5267 PermLabel 10123 android.permission.CAMERA getCameraInfo args0: 0; args1: android.hardware.Camera$CameraInfo@ffadabd; res= null; stacktrace=java.lang.Exception

06-22 21:16:14.207  5267  5659 I LSPosed-Bridge: 	at com.example.permlabel.hookCamera$1.afterHookedMethod(hookCamera.java:21)

06-22 21:16:14.207  5267  5659 I LSPosed-Bridge: 	at de.robv.android.xposed.XposedBridge$AdditionalHookInfo.callback(Unknown Source:147)

06-22 21:16:14.207  5267  5659 I LSPosed-Bridge: 	at LSPHooker_.getCameraInfo(Unknown Source:15)

06-22 21:16:14.207  5267  5659 I LSPosed-Bridge: 	at z74.e(chromium-Monochrome.aab-stable-573513121:6)

06-22 21:16:14.207  5267  5659 I LSPosed-Bridge: 	at org.chromium.media.VideoCaptureFactory.getCaptureApiType(chromium-Monochrome.aab-stable-573513121:8)

06-22 21:16:14.207  5267  5659 I chatty  : uid=10123(sixpack.sixpackabs.absworkout) ThreadPoolSingl identical 1 line

06-22 21:16:14.208  5267  5659 I LSPosed-Bridge: 5267 PermLabel 10123 android.permission.CAMERA getCameraInfo args0: 0; args1: android.hardware.Camera$CameraInfo@ffadabd; res= null; stacktrace=java.lang.Exception

06-22 21:16:14.208  5267  5659 I LSPosed-Bridge: 	at com.example.permlabel.hookCamera$1.afterHookedMethod(hookCamera.java:21)

06-22 21:16:14.208  5267  5659 I LSPosed-Bridge: 	at de.robv.android.xposed.XposedBridge$AdditionalHookInfo.callback(Unknown Source:147)

06-22 21:16:14.208  5267  5659 I LSPosed-Bridge: 	at LSPHooker_.getCameraInfo(Unknown Source:15)

06-22 21:16:14.208  5267  5659 I LSPosed-Bridge: 	at z74.e(chromium-Monochrome.aab-stable-573513121:6)

06-22 21:16:14.208  5267  5659 I LSPosed-Bridge: 	at org.chromium.media.VideoCaptureFactory.getCaptureApiType(chromium-Monochrome.aab-stable-573513121:8)

06-22 21:16:14.208   553   553 I ConfigStore: android::hardware::configstore::V1_0::ISurfaceFlingerConfigs::hasHDRDisplay retrieved: 0

06-22 21:16:14.219  5267  5659 I LSPosed-Bridge: 5267 PermLabel 10123 android.permission.CAMERA getCameraInfo args0: 0; args1: android.hardware.Camera$CameraInfo@eff65b9; res= null; stacktrace=java.lang.Exception

06-22 21:16:14.219  5267  5659 I LSPosed-Bridge: 	at com.example.permlabel.hookCamera$1.afterHookedMethod(hookCamera.java:21)

06-22 21:16:14.219  5267  5659 I LSPosed-Bridge: 	at de.robv.android.xposed.XposedBridge$AdditionalHookInfo.callback(Unknown Source:147)

06-22 21:16:14.219  5267  5659 I LSPosed-Bridge: 	at LSPHooker_.getCameraInfo(Unknown Source:15)

06-22 21:16:14.219  5267  5659 I LSPosed-Bridge: 	at z74.e(chromium-Monochrome.aab-stable-573513121:6)

06-22 21:16:14.219  5267  5659 I LSPosed-Bridge: 	at org.chromium.media.VideoCaptureFactory.getFacingMode(chromium-Monochrome.aab-stable-573513121:10)

06-22 21:16:14.220  5267  5659 I LSPosed-Bridge: 5267 PermLabel 10123 android.permission.CAMERA getCameraInfo args0: 0; args1: android.hardware.Camera$CameraInfo@eff65b9; res= null; stacktrace=java.lang.Exception

06-22 21:16:14.220  5267  5659 I LSPosed-Bridge: 	at com.example.permlabel.hookCamera$1.afterHookedMethod(hookCamera.java:21)

06-22 21:16:14.220  5267  5659 I LSPosed-Bridge: 	at de.robv.android.xposed.XposedBridge$AdditionalHookInfo.callback(Unknown Source:147)

06-22 21:16:14.220  5267  5659 I LSPosed-Bridge: 	at LSPHooker_.getCameraInfo(Unknown Source:15)

06-22 21:16:14.220  5267  5659 I LSPosed-Bridge: 	at z74.e(chromium-Monochrome.aab-stable-573513121:6)

06-22 21:16:14.220  5267  5659 I LSPosed-Bridge: 	at org.chromium.media.VideoCaptureFactory.getFacingMode(chromium-Monochrome.aab-stable-573513121:10)

06-22 21:16:14.221   553   553 I ConfigStore: android::hardware::configstore::V1_0::ISurfaceFlingerConfigs::hasHDRDisplay retrieved: 0

06-22 21:16:14.221  5267  5659 I LSPosed-Bridge: 5267 PermLabel 10123 android.permission.CAMERA getCameraInfo args0: 0; args1: android.hardware.Camera$CameraInfo@eff65b9; res= null; stacktrace=java.lang.Exception

06-22 21:16:14.221  5267  5659 I LSPosed-Bridge: 	at com.example.permlabel.hookCamera$1.afterHookedMethod(hookCamera.java:21)

06-22 21:16:14.221  5267  5659 I LSPosed-Bridge: 	at de.robv.android.xposed.XposedBridge$AdditionalHookInfo.callback(Unknown Source:147)

06-22 21:16:14.221  5267  5659 I LSPosed-Bridge: 	at LSPHooker_.getCameraInfo(Unknown Source:15)

06-22 21:16:14.221  5267  5659 I LSPosed-Bridge: 	at z74.e(chromium-Monochrome.aab-stable-573513121:6)

06-22 21:16:14.221  5267  5659 I LSPosed-Bridge: 	at org.chromium.media.VideoCaptureFactory.getFacingMode(chromium-Monochrome.aab-stable-573513121:10)

06-22 21:17:22.893   553   553 I ConfigStore: android::hardware::configstore::V1_0::ISurfaceFlingerConfigs::hasHDRDisplay retrieved: 0

06-22 21:17:22.893  5267  5659 I LSPosed-Bridge: 5267 PermLabel 10123 android.permission.CAMERA getCameraInfo args0: 1; args1: android.hardware.Camera$CameraInfo@35e18ae; res= null; stacktrace=java.lang.Exception

06-22 21:17:22.893  5267  5659 I LSPosed-Bridge: 	at com.example.permlabel.hookCamera$1.afterHookedMethod(hookCamera.java:21)

06-22 21:17:22.893  5267  5659 I LSPosed-Bridge: 	at de.robv.android.xposed.XposedBridge$AdditionalHookInfo.callback(Unknown Source:147)

06-22 21:17:22.893  5267  5659 I LSPosed-Bridge: 	at LSPHooker_.getCameraInfo(Unknown Source:15)

06-22 21:17:22.893  5267  5659 I LSPosed-Bridge: 	at z74.e(chromium-Monochrome.aab-stable-573513121:6)

06-22 21:17:22.893  5267  5659 I LSPosed-Bridge: 	at org.chromium.media.VideoCaptureFactory.getDeviceName(chromium-Monochrome.aab-stable-573513121:15)

06-22 21:17:22.893   553   553 I ConfigStore: android::hardware::configstore::V1_0::ISurfaceFlingerConfigs::hasHDRDisplay retrieved: 0

06-22 21:17:22.894   553   553 I ConfigStore: android::hardware::configstore::V1_0::ISurfaceFlingerConfigs::hasHDRDisplay retrieved: 0

06-22 21:17:22.894   553   553 I ConfigStore: android::hardware::configstore::V1_0::ISurfaceFlingerConfigs::hasHDRDisplay retrieved: 0

06-22 21:17:22.894  5267  5659 I LSPosed-Bridge: 5267 PermLabel 10123 android.permission.CAMERA getCameraInfo args0: 1; args1: android.hardware.Camera$CameraInfo@35e18ae; res= null; stacktrace=java.lang.Exception

06-22 21:17:22.894  5267  5659 I LSPosed-Bridge: 5267 PermLabel 10123 android.permission.CAMERA getCameraInfo args0: 1; args1: android.hardware.Camera$CameraInfo@35e18ae; res= null; stacktrace=java.lang.Exception

06-22 21:17:22.894  5267  5659 I LSPosed-Bridge: 	at com.example.permlabel.hookCamera$1.afterHookedMethod(hookCamera.java:21)

06-22 21:17:22.894  5267  5659 I LSPosed-Bridge: 	at com.example.permlabel.hookCamera$1.afterHookedMethod(hookCamera.java:21)

06-22 21:17:22.894  5267  5659 I LSPosed-Bridge: 	at de.robv.android.xposed.XposedBridge$AdditionalHookInfo.callback(Unknown Source:147)

06-22 21:17:22.894  5267  5659 I LSPosed-Bridge: 	at de.robv.android.xposed.XposedBridge$AdditionalHookInfo.callback(Unknown Source:147)

06-22 21:17:22.894  5267  5659 I LSPosed-Bridge: 	at LSPHooker_.getCameraInfo(Unknown Source:15)

06-22 21:17:22.894  5267  5659 I LSPosed-Bridge: 	at LSPHooker_.getCameraInfo(Unknown Source:15)

06-22 21:17:22.894  5267  5659 I LSPosed-Bridge: 	at z74.e(chromium-Monochrome.aab-stable-573513121:6)

06-22 21:17:22.894  5267  5659 I LSPosed-Bridge: 	at z74.e(chromium-Monochrome.aab-stable-573513121:6)

06-22 21:17:22.894  5267  5659 I LSPosed-Bridge: 	at org.chromium.media.VideoCaptureFactory.getDeviceName(chromium-Monochrome.aab-stable-573513121:15)

06-22 21:17:22.894  5267  5659 I LSPosed-Bridge: 	at org.chromium.media.VideoCaptureFactory.getDeviceName(chromium-Monochrome.aab-stable-573513121:15)

06-22 21:17:22.894  5267  5659 I LSPosed-Bridge: 5267 PermLabel 10123 android.permission.CAMERA getCameraInfo args0: 1; args1: android.hardware.Camera$CameraInfo@35e18ae; res= null; stacktrace=java.lang.Exception

06-22 21:17:22.894  5267  5659 I LSPosed-Bridge: 5267 PermLabel 10123 android.permission.CAMERA getCameraInfo args0: 1; args1: android.hardware.Camera$CameraInfo@35e18ae; res= null; stacktrace=java.lang.Exception

06-22 21:17:22.894  5267  5659 I LSPosed-Bridge: 	at com.example.permlabel.hookCamera$1.afterHookedMethod(hookCamera.java:21)

06-22 21:17:22.894  5267  5659 I LSPosed-Bridge: 	at com.example.permlabel.hookCamera$1.afterHookedMethod(hookCamera.java:21)

06-22 21:17:22.894  5267  5659 I LSPosed-Bridge: 	at de.robv.android.xposed.XposedBridge$AdditionalHookInfo.callback(Unknown Source:147)

06-22 21:17:22.894  5267  5659 I LSPosed-Bridge: 	at de.robv.android.xposed.XposedBridge$AdditionalHookInfo.callback(Unknown Source:147)

06-22 21:17:22.894  5267  5659 I LSPosed-Bridge: 	at LSPHooker_.getCameraInfo(Unknown Source:15)

06-22 21:17:22.894  5267  5659 I LSPosed-Bridge: 	at LSPHooker_.getCameraInfo(Unknown Source:15)

06-22 21:17:22.894  5267  5659 I LSPosed-Bridge: 	at z74.e(chromium-Monochrome.aab-stable-573513121:6)

06-22 21:17:22.894  5267  5659 I LSPosed-Bridge: 	at z74.e(chromium-Monochrome.aab-stable-573513121:6)

06-22 21:17:22.894  5267  5659 I LSPosed-Bridge: 	at org.chromium.media.VideoCaptureFactory.getDeviceName(chromium-Monochrome.aab-stable-573513121:15)

06-22 21:17:22.894  5267  5659 I LSPosed-Bridge: 	at org.chromium.media.VideoCaptureFactory.getDeviceName(chromium-Monochrome.aab-stable-573513121:15)

06-22 21:17:22.923  5267  5267 W ThreadPoolSingl: type=1400 audit(0.0:950): avc: denied { read } for name="u:object_r:vendor_camera_prop:s0" dev="tmpfs" ino=14636 scontext=u:r:untrusted_app:s0:c123,c256,c512,c768 tcontext=u:object_r:vendor_camera_prop:s0 tclass=file permissive=0

06-22 21:17:22.923   553   553 I ConfigStore: android::hardware::configstore::V1_0::ISurfaceFlingerConfigs::hasHDRDisplay retrieved: 0

06-22 21:17:22.923   553   553 I ConfigStore: android::hardware::configstore::V1_0::ISurfaceFlingerConfigs::hasHDRDisplay retrieved: 0

06-22 21:17:22.923  5267  5659 I LSPosed-Bridge: 5267 PermLabel 10123 android.permission.CAMERA getCameraInfo args0: 1; args1: android.hardware.Camera$CameraInfo@5f711ba; res= null; stacktrace=java.lang.Exception

06-22 21:17:22.923  5267  5659 I LSPosed-Bridge: 	at com.example.permlabel.hookCamera$1.afterHookedMethod(hookCamera.java:21)

06-22 21:17:22.923  5267  5659 I LSPosed-Bridge: 	at de.robv.android.xposed.XposedBridge$AdditionalHookInfo.callback(Unknown Source:147)

06-22 21:17:22.923  5267  5659 I LSPosed-Bridge: 	at LSPHooker_.getCameraInfo(Unknown Source:15)

06-22 21:17:22.923  5267  5659 I LSPosed-Bridge: 	at z74.e(chromium-Monochrome.aab-stable-573513121:6)

06-22 21:17:22.923  5267  5659 I LSPosed-Bridge: 	at org.chromium.media.VideoCaptureFactory.getCaptureApiType(chromium-Monochrome.aab-stable-573513121:8)

06-22 21:17:22.924  5267  5659 I chatty  : uid=10123(sixpack.sixpackabs.absworkout) ThreadPoolSingl identical 1 line

06-22 21:17:22.924  5267  5659 I LSPosed-Bridge: 5267 PermLabel 10123 android.permission.CAMERA getCameraInfo args0: 1; args1: android.hardware.Camera$CameraInfo@5f711ba; res= null; stacktrace=java.lang.Exception

06-22 21:17:22.924  5267  5659 I LSPosed-Bridge: 	at com.example.permlabel.hookCamera$1.afterHookedMethod(hookCamera.java:21)

06-22 21:17:22.924  5267  5659 I LSPosed-Bridge: 	at de.robv.android.xposed.XposedBridge$AdditionalHookInfo.callback(Unknown Source:147)

06-22 21:17:22.924  5267  5659 I LSPosed-Bridge: 	at LSPHooker_.getCameraInfo(Unknown Source:15)

06-22 21:17:22.924  5267  5659 I LSPosed-Bridge: 	at z74.e(chromium-Monochrome.aab-stable-573513121:6)

06-22 21:17:22.924  5267  5659 I LSPosed-Bridge: 	at org.chromium.media.VideoCaptureFactory.getCaptureApiType(chromium-Monochrome.aab-stable-573513121:8)

06-22 21:17:22.924   553   553 I ConfigStore: android::hardware::configstore::V1_0::ISurfaceFlingerConfigs::hasHDRDisplay retrieved: 0

06-22 21:17:22.937  5267  5659 I LSPosed-Bridge: 5267 PermLabel 10123 android.permission.CAMERA getCameraInfo args0: 1; args1: android.hardware.Camera$CameraInfo@3f48f86; res= null; stacktrace=java.lang.Exception

06-22 21:17:22.937  5267  5659 I LSPosed-Bridge: 5267 PermLabel 10123 android.permission.CAMERA getCameraInfo args0: 1; args1: android.hardware.Camera$CameraInfo@3f48f86; res= null; stacktrace=java.lang.Exception

06-22 21:17:22.937  5267  5659 I LSPosed-Bridge: 	at com.example.permlabel.hookCamera$1.afterHookedMethod(hookCamera.java:21)

06-22 21:17:22.937  5267  5659 I LSPosed-Bridge: 	at com.example.permlabel.hookCamera$1.afterHookedMethod(hookCamera.java:21)

06-22 21:17:22.937  5267  5659 I LSPosed-Bridge: 	at de.robv.android.xposed.XposedBridge$AdditionalHookInfo.callback(Unknown Source:147)

06-22 21:17:22.937  5267  5659 I LSPosed-Bridge: 	at de.robv.android.xposed.XposedBridge$AdditionalHookInfo.callback(Unknown Source:147)

06-22 21:17:22.937  5267  5659 I LSPosed-Bridge: 	at LSPHooker_.getCameraInfo(Unknown Source:15)

06-22 21:17:22.937  5267  5659 I LSPosed-Bridge: 	at LSPHooker_.getCameraInfo(Unknown Source:15)

06-22 21:17:22.937  5267  5659 I LSPosed-Bridge: 	at z74.e(chromium-Monochrome.aab-stable-573513121:6)

06-22 21:17:22.937  5267  5659 I LSPosed-Bridge: 	at z74.e(chromium-Monochrome.aab-stable-573513121:6)

06-22 21:17:22.937  5267  5659 I LSPosed-Bridge: 	at org.chromium.media.VideoCaptureFactory.getFacingMode(chromium-Monochrome.aab-stable-573513121:10)

06-22 21:17:22.937  5267  5659 I LSPosed-Bridge: 	at org.chromium.media.VideoCaptureFactory.getFacingMode(chromium-Monochrome.aab-stable-573513121:10)

06-22 21:17:22.937  5267  5659 I chatty  : uid=10123(sixpack.sixpackabs.absworkout) ThreadPoolSingl identical 1 line

06-22 21:17:22.937  5267  5659 I chatty  : uid=10123(sixpack.sixpackabs.absworkout) ThreadPoolSingl identical 1 line

06-22 21:17:22.937  5267  5659 I LSPosed-Bridge: 5267 PermLabel 10123 android.permission.CAMERA getCameraInfo args0: 1; args1: android.hardware.Camera$CameraInfo@3f48f86; res= null; stacktrace=java.lang.Exception

06-22 21:17:22.937  5267  5659 I LSPosed-Bridge: 5267 PermLabel 10123 android.permission.CAMERA getCameraInfo args0: 1; args1: android.hardware.Camera$CameraInfo@3f48f86; res= null; stacktrace=java.lang.Exception

06-22 21:17:22.937  5267  5659 I LSPosed-Bridge: 	at com.example.permlabel.hookCamera$1.afterHookedMethod(hookCamera.java:21)

06-22 21:17:22.937  5267  5659 I LSPosed-Bridge: 	at com.example.permlabel.hookCamera$1.afterHookedMethod(hookCamera.java:21)

06-22 21:17:22.937  5267  5659 I LSPosed-Bridge: 	at de.robv.android.xposed.XposedBridge$AdditionalHookInfo.callback(Unknown Source:147)

06-22 21:17:22.937  5267  5659 I LSPosed-Bridge: 	at de.robv.android.xposed.XposedBridge$AdditionalHookInfo.callback(Unknown Source:147)

06-22 21:17:22.937  5267  5659 I LSPosed-Bridge: 	at LSPHooker_.getCameraInfo(Unknown Source:15)

06-22 21:17:22.937  5267  5659 I LSPosed-Bridge: 	at LSPHooker_.getCameraInfo(Unknown Source:15)

06-22 21:17:22.937  5267  5659 I LSPosed-Bridge: 	at z74.e(chromium-Monochrome.aab-stable-573513121:6)

06-22 21:17:22.937  5267  5659 I LSPosed-Bridge: 	at z74.e(chromium-Monochrome.aab-stable-573513121:6)

06-22 21:17:22.937  5267  5659 I LSPosed-Bridge: 	at org.chromium.media.VideoCaptureFactory.getFacingMode(chromium-Monochrome.aab-stable-573513121:10)

06-22 21:17:22.937  5267  5659 I LSPosed-Bridge: 	at org.chromium.media.VideoCaptureFactory.getFacingMode(chromium-Monochrome.aab-stable-573513121:10)

06-22 21:17:22.958   553   553 I ConfigStore: android::hardware::configstore::V1_0::ISurfaceFlingerConfigs::hasHDRDisplay retrieved: 0

06-22 21:17:22.958   553   553 I ConfigStore: android::hardware::configstore::V1_0::ISurfaceFlingerConfigs::hasHDRDisplay retrieved: 0

06-22 21:17:22.958   553   553 I ConfigStore: android::hardware::configstore::V1_0::ISurfaceFlingerConfigs::hasHDRDisplay retrieved: 0

06-22 21:17:22.958  5267  5659 I LSPosed-Bridge: 5267 PermLabel 10123 android.permission.CAMERA getCameraInfo args0: 0; args1: android.hardware.Camera$CameraInfo@dfa1e12; res= null; stacktrace=java.lang.Exception

06-22 21:17:22.958  5267  5659 I LSPosed-Bridge: 5267 PermLabel 10123 android.permission.CAMERA getCameraInfo args0: 0; args1: android.hardware.Camera$CameraInfo@dfa1e12; res= null; stacktrace=java.lang.Exception

06-22 21:17:22.958  5267  5659 I LSPosed-Bridge: 5267 PermLabel 10123 android.permission.CAMERA getCameraInfo args0: 0; args1: android.hardware.Camera$CameraInfo@dfa1e12; res= null; stacktrace=java.lang.Exception

06-22 21:17:22.958  5267  5659 I LSPosed-Bridge: 	at com.example.permlabel.hookCamera$1.afterHookedMethod(hookCamera.java:21)

06-22 21:17:22.958  5267  5659 I LSPosed-Bridge: 	at com.example.permlabel.hookCamera$1.afterHookedMethod(hookCamera.java:21)

06-22 21:17:22.958  5267  5659 I LSPosed-Bridge: 	at com.example.permlabel.hookCamera$1.afterHookedMethod(hookCamera.java:21)

06-22 21:17:22.958  5267  5659 I LSPosed-Bridge: 	at de.robv.android.xposed.XposedBridge$AdditionalHookInfo.callback(Unknown Source:147)

06-22 21:17:22.958  5267  5659 I LSPosed-Bridge: 	at de.robv.android.xposed.XposedBridge$AdditionalHookInfo.callback(Unknown Source:147)

06-22 21:17:22.958  5267  5659 I LSPosed-Bridge: 	at de.robv.android.xposed.XposedBridge$AdditionalHookInfo.callback(Unknown Source:147)

06-22 21:17:22.958  5267  5659 I LSPosed-Bridge: 	at LSPHooker_.getCameraInfo(Unknown Source:15)

06-22 21:17:22.958  5267  5659 I LSPosed-Bridge: 	at LSPHooker_.getCameraInfo(Unknown Source:15)

06-22 21:17:22.958  5267  5659 I LSPosed-Bridge: 	at LSPHooker_.getCameraInfo(Unknown Source:15)

06-22 21:17:22.958  5267  5659 I LSPosed-Bridge: 	at z74.e(chromium-Monochrome.aab-stable-573513121:6)

06-22 21:17:22.958  5267  5659 I LSPosed-Bridge: 	at z74.e(chromium-Monochrome.aab-stable-573513121:6)

06-22 21:17:22.958  5267  5659 I LSPosed-Bridge: 	at z74.e(chromium-Monochrome.aab-stable-573513121:6)

06-22 21:17:22.958  5267  5659 I LSPosed-Bridge: 	at org.chromium.media.VideoCaptureFactory.getDeviceName(chromium-Monochrome.aab-stable-573513121:15)

06-22 21:17:22.958  5267  5659 I LSPosed-Bridge: 	at org.chromium.media.VideoCaptureFactory.getDeviceName(chromium-Monochrome.aab-stable-573513121:15)

06-22 21:17:22.958  5267  5659 I LSPosed-Bridge: 	at org.chromium.media.VideoCaptureFactory.getDeviceName(chromium-Monochrome.aab-stable-573513121:15)

06-22 21:17:22.958  5267  5659 I LSPosed-Bridge: 5267 PermLabel 10123 android.permission.CAMERA getCameraInfo args0: 0; args1: android.hardware.Camera$CameraInfo@dfa1e12; res= null; stacktrace=java.lang.Exception

06-22 21:17:22.958  5267  5659 I LSPosed-Bridge: 5267 PermLabel 10123 android.permission.CAMERA getCameraInfo args0: 0; args1: android.hardware.Camera$CameraInfo@dfa1e12; res= null; stacktrace=java.lang.Exception

06-22 21:17:22.958  5267  5659 I LSPosed-Bridge: 5267 PermLabel 10123 android.permission.CAMERA getCameraInfo args0: 0; args1: android.hardware.Camera$CameraInfo@dfa1e12; res= null; stacktrace=java.lang.Exception

06-22 21:17:22.958  5267  5659 I LSPosed-Bridge: 	at com.example.permlabel.hookCamera$1.afterHookedMethod(hookCamera.java:21)

06-22 21:17:22.958  5267  5659 I LSPosed-Bridge: 	at com.example.permlabel.hookCamera$1.afterHookedMethod(hookCamera.java:21)

06-22 21:17:22.958  5267  5659 I LSPosed-Bridge: 	at com.example.permlabel.hookCamera$1.afterHookedMethod(hookCamera.java:21)

06-22 21:17:22.958  5267  5659 I LSPosed-Bridge: 	at de.robv.android.xposed.XposedBridge$AdditionalHookInfo.callback(Unknown Source:147)

06-22 21:17:22.958  5267  5659 I LSPosed-Bridge: 	at de.robv.android.xposed.XposedBridge$AdditionalHookInfo.callback(Unknown Source:147)

06-22 21:17:22.958  5267  5659 I LSPosed-Bridge: 	at de.robv.android.xposed.XposedBridge$AdditionalHookInfo.callback(Unknown Source:147)

06-22 21:17:22.958  5267  5659 I LSPosed-Bridge: 	at LSPHooker_.getCameraInfo(Unknown Source:15)

06-22 21:17:22.958  5267  5659 I LSPosed-Bridge: 	at LSPHooker_.getCameraInfo(Unknown Source:15)

06-22 21:17:22.958  5267  5659 I LSPosed-Bridge: 	at LSPHooker_.getCameraInfo(Unknown Source:15)

06-22 21:17:22.958  5267  5659 I LSPosed-Bridge: 	at z74.e(chromium-Monochrome.aab-stable-573513121:6)

06-22 21:17:22.958  5267  5659 I LSPosed-Bridge: 	at z74.e(chromium-Monochrome.aab-stable-573513121:6)

06-22 21:17:22.958  5267  5659 I LSPosed-Bridge: 	at z74.e(chromium-Monochrome.aab-stable-573513121:6)

06-22 21:17:22.958  5267  5659 I LSPosed-Bridge: 	at org.chromium.media.VideoCaptureFactory.getDeviceName(chromium-Monochrome.aab-stable-573513121:15)

06-22 21:17:22.958  5267  5659 I LSPosed-Bridge: 	at org.chromium.media.VideoCaptureFactory.getDeviceName(chromium-Monochrome.aab-stable-573513121:15)

06-22 21:17:22.958  5267  5659 I LSPosed-Bridge: 	at org.chromium.media.VideoCaptureFactory.getDeviceName(chromium-Monochrome.aab-stable-573513121:15)

06-22 21:17:22.958   553   553 I ConfigStore: android::hardware::configstore::V1_0::ISurfaceFlingerConfigs::hasHDRDisplay retrieved: 0

06-22 21:17:22.958   553   553 I ConfigStore: android::hardware::configstore::V1_0::ISurfaceFlingerConfigs::hasHDRDisplay retrieved: 0

06-22 21:17:22.958   553   553 I ConfigStore: android::hardware::configstore::V1_0::ISurfaceFlingerConfigs::hasHDRDisplay retrieved: 0

06-22 21:17:22.958  5267  5659 I LSPosed-Bridge: 5267 PermLabel 10123 android.permission.CAMERA getCameraInfo args0: 0; args1: android.hardware.Camera$CameraInfo@dfa1e12; res= null; stacktrace=java.lang.Exception

06-22 21:17:22.958  5267  5659 I LSPosed-Bridge: 5267 PermLabel 10123 android.permission.CAMERA getCameraInfo args0: 0; args1: android.hardware.Camera$CameraInfo@dfa1e12; res= null; stacktrace=java.lang.Exception

06-22 21:17:22.958  5267  5659 I LSPosed-Bridge: 5267 PermLabel 10123 android.permission.CAMERA getCameraInfo args0: 0; args1: android.hardware.Camera$CameraInfo@dfa1e12; res= null; stacktrace=java.lang.Exception

06-22 21:17:22.958  5267  5659 I LSPosed-Bridge: 	at com.example.permlabel.hookCamera$1.afterHookedMethod(hookCamera.java:21)

06-22 21:17:22.958  5267  5659 I LSPosed-Bridge: 	at com.example.permlabel.hookCamera$1.afterHookedMethod(hookCamera.java:21)

06-22 21:17:22.958  5267  5659 I LSPosed-Bridge: 	at com.example.permlabel.hookCamera$1.afterHookedMethod(hookCamera.java:21)

06-22 21:17:22.958  5267  5659 I LSPosed-Bridge: 	at de.robv.android.xposed.XposedBridge$AdditionalHookInfo.callback(Unknown Source:147)

06-22 21:17:22.958  5267  5659 I LSPosed-Bridge: 	at de.robv.android.xposed.XposedBridge$AdditionalHookInfo.callback(Unknown Source:147)

06-22 21:17:22.958  5267  5659 I LSPosed-Bridge: 	at de.robv.android.xposed.XposedBridge$AdditionalHookInfo.callback(Unknown Source:147)

06-22 21:17:22.958  5267  5659 I LSPosed-Bridge: 	at LSPHooker_.getCameraInfo(Unknown Source:15)

06-22 21:17:22.958  5267  5659 I LSPosed-Bridge: 	at LSPHooker_.getCameraInfo(Unknown Source:15)

06-22 21:17:22.958  5267  5659 I LSPosed-Bridge: 	at LSPHooker_.getCameraInfo(Unknown Source:15)

06-22 21:17:22.958  5267  5659 I LSPosed-Bridge: 	at z74.e(chromium-Monochrome.aab-stable-573513121:6)

06-22 21:17:22.958  5267  5659 I LSPosed-Bridge: 	at z74.e(chromium-Monochrome.aab-stable-573513121:6)

06-22 21:17:22.958  5267  5659 I LSPosed-Bridge: 	at z74.e(chromium-Monochrome.aab-stable-573513121:6)

06-22 21:17:22.958  5267  5659 I LSPosed-Bridge: 	at org.chromium.media.VideoCaptureFactory.getDeviceName(chromium-Monochrome.aab-stable-573513121:15)

06-22 21:17:22.958  5267  5659 I LSPosed-Bridge: 	at org.chromium.media.VideoCaptureFactory.getDeviceName(chromium-Monochrome.aab-stable-573513121:15)

06-22 21:17:22.958  5267  5659 I LSPosed-Bridge: 	at org.chromium.media.VideoCaptureFactory.getDeviceName(chromium-Monochrome.aab-stable-573513121:15)

06-22 21:17:22.996   553   553 I chatty  : uid=1000(system) /system/bin/surfaceflinger identical 2 lines

06-22 21:17:22.996   553   553 I ConfigStore: android::hardware::configstore::V1_0::ISurfaceFlingerConfigs::hasHDRDisplay retrieved: 0

06-22 21:17:22.996  5267  5659 I LSPosed-Bridge: 5267 PermLabel 10123 android.permission.CAMERA getCameraInfo args0: 0; args1: android.hardware.Camera$CameraInfo@958095e; res= null; stacktrace=java.lang.Exception

06-22 21:17:22.996  5267  5659 I LSPosed-Bridge: 	at com.example.permlabel.hookCamera$1.afterHookedMethod(hookCamera.java:21)

06-22 21:17:22.996  5267  5659 I LSPosed-Bridge: 	at de.robv.android.xposed.XposedBridge$AdditionalHookInfo.callback(Unknown Source:147)

06-22 21:17:22.996  5267  5659 I LSPosed-Bridge: 	at LSPHooker_.getCameraInfo(Unknown Source:15)

06-22 21:17:22.996  5267  5659 I LSPosed-Bridge: 	at z74.e(chromium-Monochrome.aab-stable-573513121:6)

06-22 21:17:22.996  5267  5659 I LSPosed-Bridge: 	at org.chromium.media.VideoCaptureFactory.getCaptureApiType(chromium-Monochrome.aab-stable-573513121:8)

06-22 21:17:22.997  5267  5659 I chatty  : uid=10123(sixpack.sixpackabs.absworkout) ThreadPoolSingl identical 1 line

06-22 21:17:22.997  5267  5659 I LSPosed-Bridge: 5267 PermLabel 10123 android.permission.CAMERA getCameraInfo args0: 0; args1: android.hardware.Camera$CameraInfo@958095e; res= null; stacktrace=java.lang.Exception

06-22 21:17:22.997  5267  5659 I LSPosed-Bridge: 	at com.example.permlabel.hookCamera$1.afterHookedMethod(hookCamera.java:21)

06-22 21:17:22.997  5267  5659 I LSPosed-Bridge: 	at de.robv.android.xposed.XposedBridge$AdditionalHookInfo.callback(Unknown Source:147)

06-22 21:17:22.997  5267  5659 I LSPosed-Bridge: 	at LSPHooker_.getCameraInfo(Unknown Source:15)

06-22 21:17:22.997  5267  5659 I LSPosed-Bridge: 	at z74.e(chromium-Monochrome.aab-stable-573513121:6)

06-22 21:17:22.997  5267  5659 I LSPosed-Bridge: 	at org.chromium.media.VideoCaptureFactory.getCaptureApiType(chromium-Monochrome.aab-stable-573513121:8)

06-22 21:17:23.022  5267  5659 I LSPosed-Bridge: 5267 PermLabel 10123 android.permission.CAMERA getCameraInfo args0: 0; args1: android.hardware.Camera$CameraInfo@e175d6a; res= null; stacktrace=java.lang.Exception

06-22 21:17:23.022  5267  5659 I LSPosed-Bridge: 	at com.example.permlabel.hookCamera$1.afterHookedMethod(hookCamera.java:21)

06-22 21:17:23.022  5267  5659 I LSPosed-Bridge: 	at de.robv.android.xposed.XposedBridge$AdditionalHookInfo.callback(Unknown Source:147)

06-22 21:17:23.022  5267  5659 I LSPosed-Bridge: 	at LSPHooker_.getCameraInfo(Unknown Source:15)

06-22 21:17:23.022  5267  5659 I LSPosed-Bridge: 	at z74.e(chromium-Monochrome.aab-stable-573513121:6)

06-22 21:17:23.022  5267  5659 I LSPosed-Bridge: 	at org.chromium.media.VideoCaptureFactory.getFacingMode(chromium-Monochrome.aab-stable-573513121:10)

06-22 21:17:23.022   553   553 I ConfigStore: android::hardware::configstore::V1_0::ISurfaceFlingerConfigs::hasHDRDisplay retrieved: 0

06-22 21:17:23.023  5267  5659 I LSPosed-Bridge: 5267 PermLabel 10123 android.permission.CAMERA getCameraInfo args0: 0; args1: android.hardware.Camera$CameraInfo@e175d6a; res= null; stacktrace=java.lang.Exception

06-22 21:17:23.023  5267  5659 I LSPosed-Bridge: 5267 PermLabel 10123 android.permission.CAMERA getCameraInfo args0: 0; args1: android.hardware.Camera$CameraInfo@e175d6a; res= null; stacktrace=java.lang.Exception

06-22 21:17:23.023  5267  5659 I LSPosed-Bridge: 	at com.example.permlabel.hookCamera$1.afterHookedMethod(hookCamera.java:21)

06-22 21:17:23.023  5267  5659 I LSPosed-Bridge: 	at com.example.permlabel.hookCamera$1.afterHookedMethod(hookCamera.java:21)

06-22 21:17:23.023  5267  5659 I LSPosed-Bridge: 	at de.robv.android.xposed.XposedBridge$AdditionalHookInfo.callback(Unknown Source:147)

06-22 21:17:23.023  5267  5659 I LSPosed-Bridge: 	at de.robv.android.xposed.XposedBridge$AdditionalHookInfo.callback(Unknown Source:147)

06-22 21:17:23.023  5267  5659 I LSPosed-Bridge: 	at LSPHooker_.getCameraInfo(Unknown Source:15)

06-22 21:17:23.023  5267  5659 I LSPosed-Bridge: 	at LSPHooker_.getCameraInfo(Unknown Source:15)

06-22 21:17:23.023  5267  5659 I LSPosed-Bridge: 	at z74.e(chromium-Monochrome.aab-stable-573513121:6)

06-22 21:17:23.023  5267  5659 I LSPosed-Bridge: 	at z74.e(chromium-Monochrome.aab-stable-573513121:6)

06-22 21:17:23.023  5267  5659 I LSPosed-Bridge: 	at org.chromium.media.VideoCaptureFactory.getFacingMode(chromium-Monochrome.aab-stable-573513121:10)

06-22 21:17:23.023  5267  5659 I LSPosed-Bridge: 	at org.chromium.media.VideoCaptureFactory.getFacingMode(chromium-Monochrome.aab-stable-573513121:10)

06-22 21:17:23.023  5267  5659 I LSPosed-Bridge: 5267 PermLabel 10123 android.permission.CAMERA getCameraInfo args0: 0; args1: android.hardware.Camera$CameraInfo@e175d6a; res= null; stacktrace=java.lang.Exception

06-22 21:17:23.023  5267  5659 I LSPosed-Bridge: 5267 PermLabel 10123 android.permission.CAMERA getCameraInfo args0: 0; args1: android.hardware.Camera$CameraInfo@e175d6a; res= null; stacktrace=java.lang.Exception

06-22 21:17:23.023  5267  5659 I LSPosed-Bridge: 	at com.example.permlabel.hookCamera$1.afterHookedMethod(hookCamera.java:21)

06-22 21:17:23.023  5267  5659 I LSPosed-Bridge: 	at com.example.permlabel.hookCamera$1.afterHookedMethod(hookCamera.java:21)

06-22 21:17:23.023  5267  5659 I LSPosed-Bridge: 	at de.robv.android.xposed.XposedBridge$AdditionalHookInfo.callback(Unknown Source:147)

06-22 21:17:23.023  5267  5659 I LSPosed-Bridge: 	at de.robv.android.xposed.XposedBridge$AdditionalHookInfo.callback(Unknown Source:147)

06-22 21:17:23.023  5267  5659 I LSPosed-Bridge: 	at LSPHooker_.getCameraInfo(Unknown Source:15)

06-22 21:17:23.023  5267  5659 I LSPosed-Bridge: 	at LSPHooker_.getCameraInfo(Unknown Source:15)

06-22 21:17:23.023  5267  5659 I LSPosed-Bridge: 	at z74.e(chromium-Monochrome.aab-stable-573513121:6)

06-22 21:17:23.023  5267  5659 I LSPosed-Bridge: 	at z74.e(chromium-Monochrome.aab-stable-573513121:6)

06-22 21:17:23.023  5267  5659 I LSPosed-Bridge: 	at org.chromium.media.VideoCaptureFactory.getFacingMode(chromium-Monochrome.aab-stable-573513121:10)

06-22 21:17:23.023  5267  5659 I LSPosed-Bridge: 	at org.chromium.media.VideoCaptureFactory.getFacingMode(chromium-Monochrome.aab-stable-573513121:10)

06-22 21:18:33.532  5267  5659 I LSPosed-Bridge: 5267 PermLabel 10123 android.permission.CAMERA getCameraInfo args0: 1; args1: android.hardware.Camera$CameraInfo@2468737; res= null; stacktrace=java.lang.Exception

06-22 21:18:33.532  5267  5659 I LSPosed-Bridge: 5267 PermLabel 10123 android.permission.CAMERA getCameraInfo args0: 1; args1: android.hardware.Camera$CameraInfo@2468737; res= null; stacktrace=java.lang.Exception

06-22 21:18:33.532  5267  5659 I LSPosed-Bridge: 	at com.example.permlabel.hookCamera$1.afterHookedMethod(hookCamera.java:21)

06-22 21:18:33.532  5267  5659 I LSPosed-Bridge: 	at com.example.permlabel.hookCamera$1.afterHookedMethod(hookCamera.java:21)

06-22 21:18:33.532  5267  5659 I LSPosed-Bridge: 	at de.robv.android.xposed.XposedBridge$AdditionalHookInfo.callback(Unknown Source:147)

06-22 21:18:33.532  5267  5659 I LSPosed-Bridge: 	at de.robv.android.xposed.XposedBridge$AdditionalHookInfo.callback(Unknown Source:147)

06-22 21:18:33.532  5267  5659 I LSPosed-Bridge: 	at LSPHooker_.getCameraInfo(Unknown Source:15)

06-22 21:18:33.532  5267  5659 I LSPosed-Bridge: 	at LSPHooker_.getCameraInfo(Unknown Source:15)

06-22 21:18:33.532  5267  5659 I LSPosed-Bridge: 	at z74.e(chromium-Monochrome.aab-stable-573513121:6)

06-22 21:18:33.532  5267  5659 I LSPosed-Bridge: 	at z74.e(chromium-Monochrome.aab-stable-573513121:6)

06-22 21:18:33.532  5267  5659 I LSPosed-Bridge: 	at org.chromium.media.VideoCaptureFactory.getDeviceName(chromium-Monochrome.aab-stable-573513121:15)

06-22 21:18:33.532  5267  5659 I LSPosed-Bridge: 	at org.chromium.media.VideoCaptureFactory.getDeviceName(chromium-Monochrome.aab-stable-573513121:15)

06-22 21:18:33.532   553   553 I ConfigStore: android::hardware::configstore::V1_0::ISurfaceFlingerConfigs::hasHDRDisplay retrieved: 0

06-22 21:18:33.532   553   553 I ConfigStore: android::hardware::configstore::V1_0::ISurfaceFlingerConfigs::hasHDRDisplay retrieved: 0

06-22 21:18:33.532  5267  5659 I LSPosed-Bridge: 5267 PermLabel 10123 android.permission.CAMERA getCameraInfo args0: 1; args1: android.hardware.Camera$CameraInfo@2468737; res= null; stacktrace=java.lang.Exception

06-22 21:18:33.532  5267  5659 I LSPosed-Bridge: 5267 PermLabel 10123 android.permission.CAMERA getCameraInfo args0: 1; args1: android.hardware.Camera$CameraInfo@2468737; res= null; stacktrace=java.lang.Exception

06-22 21:18:33.532  5267  5659 I LSPosed-Bridge: 	at com.example.permlabel.hookCamera$1.afterHookedMethod(hookCamera.java:21)

06-22 21:18:33.532  5267  5659 I LSPosed-Bridge: 	at com.example.permlabel.hookCamera$1.afterHookedMethod(hookCamera.java:21)

06-22 21:18:33.532  5267  5659 I LSPosed-Bridge: 	at de.robv.android.xposed.XposedBridge$AdditionalHookInfo.callback(Unknown Source:147)

06-22 21:18:33.532  5267  5659 I LSPosed-Bridge: 	at de.robv.android.xposed.XposedBridge$AdditionalHookInfo.callback(Unknown Source:147)

06-22 21:18:33.532  5267  5659 I LSPosed-Bridge: 	at LSPHooker_.getCameraInfo(Unknown Source:15)

06-22 21:18:33.532  5267  5659 I LSPosed-Bridge: 	at LSPHooker_.getCameraInfo(Unknown Source:15)

06-22 21:18:33.532  5267  5659 I LSPosed-Bridge: 	at z74.e(chromium-Monochrome.aab-stable-573513121:6)

06-22 21:18:33.532  5267  5659 I LSPosed-Bridge: 	at z74.e(chromium-Monochrome.aab-stable-573513121:6)

06-22 21:18:33.532  5267  5659 I LSPosed-Bridge: 	at org.chromium.media.VideoCaptureFactory.getDeviceName(chromium-Monochrome.aab-stable-573513121:15)

06-22 21:18:33.532  5267  5659 I LSPosed-Bridge: 	at org.chromium.media.VideoCaptureFactory.getDeviceName(chromium-Monochrome.aab-stable-573513121:15)

06-22 21:18:33.532   553   553 I ConfigStore: android::hardware::configstore::V1_0::ISurfaceFlingerConfigs::hasHDRDisplay retrieved: 0

06-22 21:18:33.532   553   553 I ConfigStore: android::hardware::configstore::V1_0::ISurfaceFlingerConfigs::hasHDRDisplay retrieved: 0

06-22 21:18:33.533  5267  5659 I LSPosed-Bridge: 5267 PermLabel 10123 android.permission.CAMERA getCameraInfo args0: 1; args1: android.hardware.Camera$CameraInfo@2468737; res= null; stacktrace=java.lang.Exception

06-22 21:18:33.533  5267  5659 I LSPosed-Bridge: 	at com.example.permlabel.hookCamera$1.afterHookedMethod(hookCamera.java:21)

06-22 21:18:33.533  5267  5659 I LSPosed-Bridge: 	at de.robv.android.xposed.XposedBridge$AdditionalHookInfo.callback(Unknown Source:147)

06-22 21:18:33.533  5267  5659 I LSPosed-Bridge: 	at LSPHooker_.getCameraInfo(Unknown Source:15)

06-22 21:18:33.533  5267  5659 I LSPosed-Bridge: 	at z74.e(chromium-Monochrome.aab-stable-573513121:6)

06-22 21:18:33.533  5267  5659 I LSPosed-Bridge: 	at org.chromium.media.VideoCaptureFactory.getDeviceName(chromium-Monochrome.aab-stable-573513121:15)

06-22 21:18:33.533   553   553 I ConfigStore: android::hardware::configstore::V1_0::ISurfaceFlingerConfigs::hasHDRDisplay retrieved: 0

06-22 21:18:33.556  5267  5659 I LSPosed-Bridge: 5267 PermLabel 10123 android.permission.CAMERA getCameraInfo args0: 1; args1: android.hardware.Camera$CameraInfo@7725fd3; res= null; stacktrace=java.lang.Exception

06-22 21:18:33.556  5267  5659 I LSPosed-Bridge: 5267 PermLabel 10123 android.permission.CAMERA getCameraInfo args0: 1; args1: android.hardware.Camera$CameraInfo@7725fd3; res= null; stacktrace=java.lang.Exception

06-22 21:18:33.556  5267  5659 I LSPosed-Bridge: 	at com.example.permlabel.hookCamera$1.afterHookedMethod(hookCamera.java:21)

06-22 21:18:33.556  5267  5659 I LSPosed-Bridge: 	at com.example.permlabel.hookCamera$1.afterHookedMethod(hookCamera.java:21)

06-22 21:18:33.556  5267  5659 I LSPosed-Bridge: 	at de.robv.android.xposed.XposedBridge$AdditionalHookInfo.callback(Unknown Source:147)

06-22 21:18:33.556  5267  5659 I LSPosed-Bridge: 	at de.robv.android.xposed.XposedBridge$AdditionalHookInfo.callback(Unknown Source:147)

06-22 21:18:33.556  5267  5659 I LSPosed-Bridge: 	at LSPHooker_.getCameraInfo(Unknown Source:15)

06-22 21:18:33.556  5267  5659 I LSPosed-Bridge: 	at LSPHooker_.getCameraInfo(Unknown Source:15)

06-22 21:18:33.556  5267  5659 I LSPosed-Bridge: 	at z74.e(chromium-Monochrome.aab-stable-573513121:6)

06-22 21:18:33.556  5267  5659 I LSPosed-Bridge: 	at z74.e(chromium-Monochrome.aab-stable-573513121:6)

06-22 21:18:33.556  5267  5659 I LSPosed-Bridge: 	at org.chromium.media.VideoCaptureFactory.getCaptureApiType(chromium-Monochrome.aab-stable-573513121:8)

06-22 21:18:33.556  5267  5659 I LSPosed-Bridge: 	at org.chromium.media.VideoCaptureFactory.getCaptureApiType(chromium-Monochrome.aab-stable-573513121:8)

06-22 21:18:33.556  5267  5659 I chatty  : uid=10123(sixpack.sixpackabs.absworkout) ThreadPoolSingl identical 1 line

06-22 21:18:33.556  5267  5659 I chatty  : uid=10123(sixpack.sixpackabs.absworkout) ThreadPoolSingl identical 1 line

06-22 21:18:33.556  5267  5659 I LSPosed-Bridge: 5267 PermLabel 10123 android.permission.CAMERA getCameraInfo args0: 1; args1: android.hardware.Camera$CameraInfo@7725fd3; res= null; stacktrace=java.lang.Exception

06-22 21:18:33.556  5267  5659 I LSPosed-Bridge: 5267 PermLabel 10123 android.permission.CAMERA getCameraInfo args0: 1; args1: android.hardware.Camera$CameraInfo@7725fd3; res= null; stacktrace=java.lang.Exception

06-22 21:18:33.556  5267  5659 I LSPosed-Bridge: 	at com.example.permlabel.hookCamera$1.afterHookedMethod(hookCamera.java:21)

06-22 21:18:33.556  5267  5659 I LSPosed-Bridge: 	at com.example.permlabel.hookCamera$1.afterHookedMethod(hookCamera.java:21)

06-22 21:18:33.556  5267  5659 I LSPosed-Bridge: 	at de.robv.android.xposed.XposedBridge$AdditionalHookInfo.callback(Unknown Source:147)

06-22 21:18:33.556  5267  5659 I LSPosed-Bridge: 	at de.robv.android.xposed.XposedBridge$AdditionalHookInfo.callback(Unknown Source:147)

06-22 21:18:33.556  5267  5659 I LSPosed-Bridge: 	at LSPHooker_.getCameraInfo(Unknown Source:15)

06-22 21:18:33.556  5267  5659 I LSPosed-Bridge: 	at LSPHooker_.getCameraInfo(Unknown Source:15)

06-22 21:18:33.556  5267  5659 I LSPosed-Bridge: 	at z74.e(chromium-Monochrome.aab-stable-573513121:6)

06-22 21:18:33.556  5267  5659 I LSPosed-Bridge: 	at z74.e(chromium-Monochrome.aab-stable-573513121:6)

06-22 21:18:33.556  5267  5659 I LSPosed-Bridge: 	at org.chromium.media.VideoCaptureFactory.getCaptureApiType(chromium-Monochrome.aab-stable-573513121:8)

06-22 21:18:33.556  5267  5659 I LSPosed-Bridge: 	at org.chromium.media.VideoCaptureFactory.getCaptureApiType(chromium-Monochrome.aab-stable-573513121:8)

06-22 21:18:33.581   553   553 I ConfigStore: android::hardware::configstore::V1_0::ISurfaceFlingerConfigs::hasHDRDisplay retrieved: 0

06-22 21:18:33.581   553   553 I ConfigStore: android::hardware::configstore::V1_0::ISurfaceFlingerConfigs::hasHDRDisplay retrieved: 0

06-22 21:18:33.581  5267  5659 I LSPosed-Bridge: 5267 PermLabel 10123 android.permission.CAMERA getCameraInfo args0: 1; args1: android.hardware.Camera$CameraInfo@b79262f; res= null; stacktrace=java.lang.Exception

06-22 21:18:33.581  5267  5659 I LSPosed-Bridge: 5267 PermLabel 10123 android.permission.CAMERA getCameraInfo args0: 1; args1: android.hardware.Camera$CameraInfo@b79262f; res= null; stacktrace=java.lang.Exception

06-22 21:18:33.581  5267  5659 I LSPosed-Bridge: 	at com.example.permlabel.hookCamera$1.afterHookedMethod(hookCamera.java:21)

06-22 21:18:33.581  5267  5659 I LSPosed-Bridge: 	at com.example.permlabel.hookCamera$1.afterHookedMethod(hookCamera.java:21)

