06-22 21:31:46.002  5267  5659 I LSPosed-Bridge: 	at org.chromium.media.VideoCaptureFactory.getFacingMode(chromium-Monochrome.aab-stable-573513121:10)

06-22 21:31:46.002  5267  5659 I LSPosed-Bridge: 5267 PermLabel 10123 android.permission.CAMERA getCameraInfo args0: 0; args1: android.hardware.Camera$CameraInfo@11160ba; res= null; stacktrace=java.lang.Exception

06-22 21:31:46.002  5267  5659 I LSPosed-Bridge: 5267 PermLabel 10123 android.permission.CAMERA getCameraInfo args0: 0; args1: android.hardware.Camera$CameraInfo@11160ba; res= null; stacktrace=java.lang.Exception

06-22 21:31:46.002  5267  5659 I LSPosed-Bridge: 	at com.example.permlabel.hookCamera$1.afterHookedMethod(hookCamera.java:21)

06-22 21:31:46.002  5267  5659 I LSPosed-Bridge: 	at com.example.permlabel.hookCamera$1.afterHookedMethod(hookCamera.java:21)

06-22 21:31:46.002  5267  5659 I LSPosed-Bridge: 	at de.robv.android.xposed.XposedBridge$AdditionalHookInfo.callback(Unknown Source:147)

06-22 21:31:46.002  5267  5659 I LSPosed-Bridge: 	at de.robv.android.xposed.XposedBridge$AdditionalHookInfo.callback(Unknown Source:147)

06-22 21:31:46.002  5267  5659 I LSPosed-Bridge: 	at LSPHooker_.getCameraInfo(Unknown Source:15)

06-22 21:31:46.002  5267  5659 I LSPosed-Bridge: 	at LSPHooker_.getCameraInfo(Unknown Source:15)

06-22 21:31:46.002  5267  5659 I LSPosed-Bridge: 	at z74.e(chromium-Monochrome.aab-stable-573513121:6)

06-22 21:31:46.002  5267  5659 I LSPosed-Bridge: 	at z74.e(chromium-Monochrome.aab-stable-573513121:6)

06-22 21:31:46.002  5267  5659 I LSPosed-Bridge: 	at org.chromium.media.VideoCaptureFactory.getFacingMode(chromium-Monochrome.aab-stable-573513121:10)

06-22 21:31:46.002  5267  5659 I LSPosed-Bridge: 	at org.chromium.media.VideoCaptureFactory.getFacingMode(chromium-Monochrome.aab-stable-573513121:10)

06-22 21:31:46.003   553   553 I ConfigStore: android::hardware::configstore::V1_0::ISurfaceFlingerConfigs::hasHDRDisplay retrieved: 0

06-22 21:31:46.003  5267  5659 I LSPosed-Bridge: 5267 PermLabel 10123 android.permission.CAMERA getCameraInfo args0: 0; args1: android.hardware.Camera$CameraInfo@11160ba; res= null; stacktrace=java.lang.Exception

06-22 21:31:46.003  5267  5659 I LSPosed-Bridge: 	at com.example.permlabel.hookCamera$1.afterHookedMethod(hookCamera.java:21)

06-22 21:31:46.003  5267  5659 I LSPosed-Bridge: 	at de.robv.android.xposed.XposedBridge$AdditionalHookInfo.callback(Unknown Source:147)

06-22 21:31:46.003  5267  5659 I LSPosed-Bridge: 	at LSPHooker_.getCameraInfo(Unknown Source:15)

06-22 21:31:46.003  5267  5659 I LSPosed-Bridge: 	at z74.e(chromium-Monochrome.aab-stable-573513121:6)

06-22 21:31:46.003  5267  5659 I LSPosed-Bridge: 	at org.chromium.media.VideoCaptureFactory.getFacingMode(chromium-Monochrome.aab-stable-573513121:10)

06-22 21:31:46.003   553   553 I ConfigStore: android::hardware::configstore::V1_0::ISurfaceFlingerConfigs::hasHDRDisplay retrieved: 0

06-22 21:32:52.819  5267  5659 I LSPosed-Bridge: 5267 PermLabel 10123 android.permission.CAMERA getCameraInfo args0: 1; args1: android.hardware.Camera$CameraInfo@c1f77f8; res= null; stacktrace=java.lang.Exception

06-22 21:32:52.819  5267  5659 I LSPosed-Bridge: 	at com.example.permlabel.hookCamera$1.afterHookedMethod(hookCamera.java:21)

06-22 21:32:52.819  5267  5659 I LSPosed-Bridge: 	at de.robv.android.xposed.XposedBridge$AdditionalHookInfo.callback(Unknown Source:147)

06-22 21:32:52.819  5267  5659 I LSPosed-Bridge: 	at LSPHooker_.getCameraInfo(Unknown Source:15)

06-22 21:32:52.819  5267  5659 I LSPosed-Bridge: 	at z74.e(chromium-Monochrome.aab-stable-573513121:6)

06-22 21:32:52.819  5267  5659 I LSPosed-Bridge: 	at org.chromium.media.VideoCaptureFactory.getDeviceName(chromium-Monochrome.aab-stable-573513121:15)

06-22 21:32:52.819  5267  5659 I chatty  : uid=10123(sixpack.sixpackabs.absworkout) ThreadPoolSingl identical 1 line

06-22 21:32:52.820  5267  5659 I LSPosed-Bridge: 5267 PermLabel 10123 android.permission.CAMERA getCameraInfo args0: 1; args1: android.hardware.Camera$CameraInfo@c1f77f8; res= null; stacktrace=java.lang.Exception

06-22 21:32:52.820  5267  5659 I LSPosed-Bridge: 	at com.example.permlabel.hookCamera$1.afterHookedMethod(hookCamera.java:21)

06-22 21:32:52.820  5267  5659 I LSPosed-Bridge: 	at de.robv.android.xposed.XposedBridge$AdditionalHookInfo.callback(Unknown Source:147)

06-22 21:32:52.820  5267  5659 I LSPosed-Bridge: 	at LSPHooker_.getCameraInfo(Unknown Source:15)

06-22 21:32:52.820  5267  5659 I LSPosed-Bridge: 	at z74.e(chromium-Monochrome.aab-stable-573513121:6)

06-22 21:32:52.820  5267  5659 I LSPosed-Bridge: 	at org.chromium.media.VideoCaptureFactory.getDeviceName(chromium-Monochrome.aab-stable-573513121:15)

06-22 21:32:52.839  5267  5659 I LSPosed-Bridge: 5267 PermLabel 10123 android.permission.CAMERA getCameraInfo args0: 1; args1: android.hardware.Camera$CameraInfo@d01ba4; res= null; stacktrace=java.lang.Exception

06-22 21:32:52.839  5267  5659 I LSPosed-Bridge: 5267 PermLabel 10123 android.permission.CAMERA getCameraInfo args0: 1; args1: android.hardware.Camera$CameraInfo@d01ba4; res= null; stacktrace=java.lang.Exception

06-22 21:32:52.839  5267  5659 I LSPosed-Bridge: 	at com.example.permlabel.hookCamera$1.afterHookedMethod(hookCamera.java:21)

06-22 21:32:52.839  5267  5659 I LSPosed-Bridge: 	at com.example.permlabel.hookCamera$1.afterHookedMethod(hookCamera.java:21)

06-22 21:32:52.839  5267  5659 I LSPosed-Bridge: 	at de.robv.android.xposed.XposedBridge$AdditionalHookInfo.callback(Unknown Source:147)

06-22 21:32:52.839  5267  5659 I LSPosed-Bridge: 	at de.robv.android.xposed.XposedBridge$AdditionalHookInfo.callback(Unknown Source:147)

06-22 21:32:52.839  5267  5659 I LSPosed-Bridge: 	at LSPHooker_.getCameraInfo(Unknown Source:15)

06-22 21:32:52.839  5267  5659 I LSPosed-Bridge: 	at LSPHooker_.getCameraInfo(Unknown Source:15)

06-22 21:32:52.839  5267  5659 I LSPosed-Bridge: 	at z74.e(chromium-Monochrome.aab-stable-573513121:6)

06-22 21:32:52.839  5267  5659 I LSPosed-Bridge: 	at z74.e(chromium-Monochrome.aab-stable-573513121:6)

06-22 21:32:52.839  5267  5659 I LSPosed-Bridge: 	at org.chromium.media.VideoCaptureFactory.getCaptureApiType(chromium-Monochrome.aab-stable-573513121:8)

06-22 21:32:52.839  5267  5659 I LSPosed-Bridge: 	at org.chromium.media.VideoCaptureFactory.getCaptureApiType(chromium-Monochrome.aab-stable-573513121:8)

06-22 21:32:52.839  5267  5659 I chatty  : uid=10123(sixpack.sixpackabs.absworkout) ThreadPoolSingl identical 1 line

06-22 21:32:52.839  5267  5659 I chatty  : uid=10123(sixpack.sixpackabs.absworkout) ThreadPoolSingl identical 1 line

06-22 21:32:52.839  5267  5659 I LSPosed-Bridge: 5267 PermLabel 10123 android.permission.CAMERA getCameraInfo args0: 1; args1: android.hardware.Camera$CameraInfo@d01ba4; res= null; stacktrace=java.lang.Exception

06-22 21:32:52.839  5267  5659 I LSPosed-Bridge: 5267 PermLabel 10123 android.permission.CAMERA getCameraInfo args0: 1; args1: android.hardware.Camera$CameraInfo@d01ba4; res= null; stacktrace=java.lang.Exception

06-22 21:32:52.839  5267  5659 I LSPosed-Bridge: 	at com.example.permlabel.hookCamera$1.afterHookedMethod(hookCamera.java:21)

06-22 21:32:52.839  5267  5659 I LSPosed-Bridge: 	at com.example.permlabel.hookCamera$1.afterHookedMethod(hookCamera.java:21)

06-22 21:32:52.839  5267  5659 I LSPosed-Bridge: 	at de.robv.android.xposed.XposedBridge$AdditionalHookInfo.callback(Unknown Source:147)

06-22 21:32:52.839  5267  5659 I LSPosed-Bridge: 	at de.robv.android.xposed.XposedBridge$AdditionalHookInfo.callback(Unknown Source:147)

06-22 21:32:52.839  5267  5659 I LSPosed-Bridge: 	at LSPHooker_.getCameraInfo(Unknown Source:15)

06-22 21:32:52.839  5267  5659 I LSPosed-Bridge: 	at LSPHooker_.getCameraInfo(Unknown Source:15)

06-22 21:32:52.839  5267  5659 I LSPosed-Bridge: 	at z74.e(chromium-Monochrome.aab-stable-573513121:6)

06-22 21:32:52.839  5267  5659 I LSPosed-Bridge: 	at z74.e(chromium-Monochrome.aab-stable-573513121:6)

06-22 21:32:52.839  5267  5659 I LSPosed-Bridge: 	at org.chromium.media.VideoCaptureFactory.getCaptureApiType(chromium-Monochrome.aab-stable-573513121:8)

06-22 21:32:52.839  5267  5659 I LSPosed-Bridge: 	at org.chromium.media.VideoCaptureFactory.getCaptureApiType(chromium-Monochrome.aab-stable-573513121:8)

06-22 21:32:52.848  5267  5659 I LSPosed-Bridge: 5267 PermLabel 10123 android.permission.CAMERA getCameraInfo args0: 1; args1: android.hardware.Camera$CameraInfo@fc54e10; res= null; stacktrace=java.lang.Exception

06-22 21:32:52.848  5267  5659 I LSPosed-Bridge: 	at com.example.permlabel.hookCamera$1.afterHookedMethod(hookCamera.java:21)

06-22 21:32:52.848  5267  5659 I LSPosed-Bridge: 	at de.robv.android.xposed.XposedBridge$AdditionalHookInfo.callback(Unknown Source:147)

06-22 21:32:52.848  5267  5659 I LSPosed-Bridge: 	at LSPHooker_.getCameraInfo(Unknown Source:15)

06-22 21:32:52.848  5267  5659 I LSPosed-Bridge: 	at z74.e(chromium-Monochrome.aab-stable-573513121:6)

06-22 21:32:52.848  5267  5659 I LSPosed-Bridge: 	at org.chromium.media.VideoCaptureFactory.getFacingMode(chromium-Monochrome.aab-stable-573513121:10)

06-22 21:32:52.849   553   553 I ConfigStore: android::hardware::configstore::V1_0::ISurfaceFlingerConfigs::hasHDRDisplay retrieved: 0

06-22 21:32:52.849   553   553 I ConfigStore: android::hardware::configstore::V1_0::ISurfaceFlingerConfigs::hasHDRDisplay retrieved: 0

06-22 21:32:52.849  5267  5659 I LSPosed-Bridge: 5267 PermLabel 10123 android.permission.CAMERA getCameraInfo args0: 1; args1: android.hardware.Camera$CameraInfo@fc54e10; res= null; stacktrace=java.lang.Exception

06-22 21:32:52.849  5267  5659 I LSPosed-Bridge: 5267 PermLabel 10123 android.permission.CAMERA getCameraInfo args0: 1; args1: android.hardware.Camera$CameraInfo@fc54e10; res= null; stacktrace=java.lang.Exception

06-22 21:32:52.849  5267  5659 I LSPosed-Bridge: 	at com.example.permlabel.hookCamera$1.afterHookedMethod(hookCamera.java:21)

06-22 21:32:52.849  5267  5659 I LSPosed-Bridge: 	at com.example.permlabel.hookCamera$1.afterHookedMethod(hookCamera.java:21)

06-22 21:32:52.849  5267  5659 I LSPosed-Bridge: 	at de.robv.android.xposed.XposedBridge$AdditionalHookInfo.callback(Unknown Source:147)

06-22 21:32:52.849  5267  5659 I LSPosed-Bridge: 	at de.robv.android.xposed.XposedBridge$AdditionalHookInfo.callback(Unknown Source:147)

06-22 21:32:52.849  5267  5659 I LSPosed-Bridge: 	at LSPHooker_.getCameraInfo(Unknown Source:15)

06-22 21:32:52.849  5267  5659 I LSPosed-Bridge: 	at LSPHooker_.getCameraInfo(Unknown Source:15)

06-22 21:32:52.849  5267  5659 I LSPosed-Bridge: 	at z74.e(chromium-Monochrome.aab-stable-573513121:6)

06-22 21:32:52.849  5267  5659 I LSPosed-Bridge: 	at z74.e(chromium-Monochrome.aab-stable-573513121:6)

06-22 21:32:52.849  5267  5659 I LSPosed-Bridge: 	at org.chromium.media.VideoCaptureFactory.getFacingMode(chromium-Monochrome.aab-stable-573513121:10)

06-22 21:32:52.849  5267  5659 I LSPosed-Bridge: 	at org.chromium.media.VideoCaptureFactory.getFacingMode(chromium-Monochrome.aab-stable-573513121:10)

06-22 21:32:52.849  5267  5659 I LSPosed-Bridge: 5267 PermLabel 10123 android.permission.CAMERA getCameraInfo args0: 1; args1: android.hardware.Camera$CameraInfo@fc54e10; res= null; stacktrace=java.lang.Exception

06-22 21:32:52.849  5267  5659 I LSPosed-Bridge: 5267 PermLabel 10123 android.permission.CAMERA getCameraInfo args0: 1; args1: android.hardware.Camera$CameraInfo@fc54e10; res= null; stacktrace=java.lang.Exception

06-22 21:32:52.849  5267  5659 I LSPosed-Bridge: 	at com.example.permlabel.hookCamera$1.afterHookedMethod(hookCamera.java:21)

06-22 21:32:52.849  5267  5659 I LSPosed-Bridge: 	at com.example.permlabel.hookCamera$1.afterHookedMethod(hookCamera.java:21)

06-22 21:32:52.849  5267  5659 I LSPosed-Bridge: 	at de.robv.android.xposed.XposedBridge$AdditionalHookInfo.callback(Unknown Source:147)

06-22 21:32:52.849  5267  5659 I LSPosed-Bridge: 	at de.robv.android.xposed.XposedBridge$AdditionalHookInfo.callback(Unknown Source:147)

06-22 21:32:52.849  5267  5659 I LSPosed-Bridge: 	at LSPHooker_.getCameraInfo(Unknown Source:15)

06-22 21:32:52.849  5267  5659 I LSPosed-Bridge: 	at LSPHooker_.getCameraInfo(Unknown Source:15)

06-22 21:32:52.849  5267  5659 I LSPosed-Bridge: 	at z74.e(chromium-Monochrome.aab-stable-573513121:6)

06-22 21:32:52.849  5267  5659 I LSPosed-Bridge: 	at z74.e(chromium-Monochrome.aab-stable-573513121:6)

06-22 21:32:52.849  5267  5659 I LSPosed-Bridge: 	at org.chromium.media.VideoCaptureFactory.getFacingMode(chromium-Monochrome.aab-stable-573513121:10)

06-22 21:32:52.849  5267  5659 I LSPosed-Bridge: 	at org.chromium.media.VideoCaptureFactory.getFacingMode(chromium-Monochrome.aab-stable-573513121:10)

06-22 21:32:52.849   553   553 I ConfigStore: android::hardware::configstore::V1_0::ISurfaceFlingerConfigs::hasHDRDisplay retrieved: 0

06-22 21:32:52.849   553   553 I ConfigStore: android::hardware::configstore::V1_0::ISurfaceFlingerConfigs::hasHDRDisplay retrieved: 0

06-22 21:32:52.860 18237 18237 I Input   : injectMotionEvent: MotionEvent { action=ACTION_MOVE, actionButton=0, id[0]=0, x[0]=360.0, y[0]=712.0, toolType[0]=TOOL_TYPE_UNKNOWN, buttonState=0, metaState=0, flags=0x0, edgeFlags=0x0, pointerCount=1, historySize=0, eventTime=1316741, downTime=1316741, deviceId=3, source=0x1002 }

06-22 21:32:52.860  5267  5659 I LSPosed-Bridge: 5267 PermLabel 10123 android.permission.CAMERA getCameraInfo args0: 0; args1: android.hardware.Camera$CameraInfo@8993b3c; res= null; stacktrace=java.lang.Exception

06-22 21:32:52.860  5267  5659 I LSPosed-Bridge: 	at com.example.permlabel.hookCamera$1.afterHookedMethod(hookCamera.java:21)

06-22 21:32:52.860  5267  5659 I LSPosed-Bridge: 	at de.robv.android.xposed.XposedBridge$AdditionalHookInfo.callback(Unknown Source:147)

06-22 21:32:52.860  5267  5659 I LSPosed-Bridge: 	at LSPHooker_.getCameraInfo(Unknown Source:15)

06-22 21:32:52.860  5267  5659 I LSPosed-Bridge: 	at z74.e(chromium-Monochrome.aab-stable-573513121:6)

06-22 21:32:52.860  5267  5659 I LSPosed-Bridge: 	at org.chromium.media.VideoCaptureFactory.getDeviceName(chromium-Monochrome.aab-stable-573513121:15)

06-22 21:32:52.863   553   553 I ConfigStore: android::hardware::configstore::V1_0::ISurfaceFlingerConfigs::hasHDRDisplay retrieved: 0

06-22 21:32:52.863   553   553 I ConfigStore: android::hardware::configstore::V1_0::ISurfaceFlingerConfigs::hasHDRDisplay retrieved: 0

06-22 21:32:52.863  5267  5659 I LSPosed-Bridge: 5267 PermLabel 10123 android.permission.CAMERA getCameraInfo args0: 0; args1: android.hardware.Camera$CameraInfo@8993b3c; res= null; stacktrace=java.lang.Exception

06-22 21:32:52.863  5267  5659 I LSPosed-Bridge: 5267 PermLabel 10123 android.permission.CAMERA getCameraInfo args0: 0; args1: android.hardware.Camera$CameraInfo@8993b3c; res= null; stacktrace=java.lang.Exception

06-22 21:32:52.863  5267  5659 I LSPosed-Bridge: 	at com.example.permlabel.hookCamera$1.afterHookedMethod(hookCamera.java:21)

06-22 21:32:52.863  5267  5659 I LSPosed-Bridge: 	at com.example.permlabel.hookCamera$1.afterHookedMethod(hookCamera.java:21)

06-22 21:32:52.863  5267  5659 I LSPosed-Bridge: 	at de.robv.android.xposed.XposedBridge$AdditionalHookInfo.callback(Unknown Source:147)

06-22 21:32:52.863  5267  5659 I LSPosed-Bridge: 	at de.robv.android.xposed.XposedBridge$AdditionalHookInfo.callback(Unknown Source:147)

06-22 21:32:52.863  5267  5659 I LSPosed-Bridge: 	at LSPHooker_.getCameraInfo(Unknown Source:15)

06-22 21:32:52.863  5267  5659 I LSPosed-Bridge: 	at LSPHooker_.getCameraInfo(Unknown Source:15)

06-22 21:32:52.863  5267  5659 I LSPosed-Bridge: 	at z74.e(chromium-Monochrome.aab-stable-573513121:6)

06-22 21:32:52.863  5267  5659 I LSPosed-Bridge: 	at z74.e(chromium-Monochrome.aab-stable-573513121:6)

06-22 21:32:52.863  5267  5659 I LSPosed-Bridge: 	at org.chromium.media.VideoCaptureFactory.getDeviceName(chromium-Monochrome.aab-stable-573513121:15)

06-22 21:32:52.863  5267  5659 I LSPosed-Bridge: 	at org.chromium.media.VideoCaptureFactory.getDeviceName(chromium-Monochrome.aab-stable-573513121:15)

06-22 21:32:52.863  5267  5659 I LSPosed-Bridge: 5267 PermLabel 10123 android.permission.CAMERA getCameraInfo args0: 0; args1: android.hardware.Camera$CameraInfo@8993b3c; res= null; stacktrace=java.lang.Exception

06-22 21:32:52.863  5267  5659 I LSPosed-Bridge: 5267 PermLabel 10123 android.permission.CAMERA getCameraInfo args0: 0; args1: android.hardware.Camera$CameraInfo@8993b3c; res= null; stacktrace=java.lang.Exception

06-22 21:32:52.863  5267  5659 I LSPosed-Bridge: 	at com.example.permlabel.hookCamera$1.afterHookedMethod(hookCamera.java:21)

06-22 21:32:52.863  5267  5659 I LSPosed-Bridge: 	at com.example.permlabel.hookCamera$1.afterHookedMethod(hookCamera.java:21)

06-22 21:32:52.863  5267  5659 I LSPosed-Bridge: 	at de.robv.android.xposed.XposedBridge$AdditionalHookInfo.callback(Unknown Source:147)

06-22 21:32:52.863  5267  5659 I LSPosed-Bridge: 	at de.robv.android.xposed.XposedBridge$AdditionalHookInfo.callback(Unknown Source:147)

06-22 21:32:52.863  5267  5659 I LSPosed-Bridge: 	at LSPHooker_.getCameraInfo(Unknown Source:15)

06-22 21:32:52.863  5267  5659 I LSPosed-Bridge: 	at LSPHooker_.getCameraInfo(Unknown Source:15)

06-22 21:32:52.863  5267  5659 I LSPosed-Bridge: 	at z74.e(chromium-Monochrome.aab-stable-573513121:6)

06-22 21:32:52.863  5267  5659 I LSPosed-Bridge: 	at z74.e(chromium-Monochrome.aab-stable-573513121:6)

06-22 21:32:52.863  5267  5659 I LSPosed-Bridge: 	at org.chromium.media.VideoCaptureFactory.getDeviceName(chromium-Monochrome.aab-stable-573513121:15)

06-22 21:32:52.863  5267  5659 I LSPosed-Bridge: 	at org.chromium.media.VideoCaptureFactory.getDeviceName(chromium-Monochrome.aab-stable-573513121:15)

06-22 21:32:52.863   553   553 I ConfigStore: android::hardware::configstore::V1_0::ISurfaceFlingerConfigs::hasHDRDisplay retrieved: 0

06-22 21:32:52.863   553   553 I ConfigStore: android::hardware::configstore::V1_0::ISurfaceFlingerConfigs::hasHDRDisplay retrieved: 0

06-22 21:32:52.863  5267  5267 W ThreadPoolSingl: type=1400 audit(0.0:2216): avc: denied { read } for name="u:object_r:vendor_camera_prop:s0" dev="tmpfs" ino=14636 scontext=u:r:untrusted_app:s0:c123,c256,c512,c768 tcontext=u:object_r:vendor_camera_prop:s0 tclass=file permissive=0

06-22 21:32:52.863  5267  5267 W ThreadPoolSingl: type=1400 audit(0.0:2216): avc: denied { read } for name="u:object_r:vendor_camera_prop:s0" dev="tmpfs" ino=14636 scontext=u:r:untrusted_app:s0:c123,c256,c512,c768 tcontext=u:object_r:vendor_camera_prop:s0 tclass=file permissive=0

06-22 21:32:52.879   553   553 I ConfigStore: android::hardware::configstore::V1_0::ISurfaceFlingerConfigs::hasHDRDisplay retrieved: 0

06-22 21:32:52.879  5267  5659 I LSPosed-Bridge: 5267 PermLabel 10123 android.permission.CAMERA getCameraInfo args0: 0; args1: android.hardware.Camera$CameraInfo@85ccf28; res= null; stacktrace=java.lang.Exception

06-22 21:32:52.879  5267  5659 I LSPosed-Bridge: 	at com.example.permlabel.hookCamera$1.afterHookedMethod(hookCamera.java:21)

06-22 21:32:52.879  5267  5659 I LSPosed-Bridge: 	at de.robv.android.xposed.XposedBridge$AdditionalHookInfo.callback(Unknown Source:147)

06-22 21:32:52.879  5267  5659 I LSPosed-Bridge: 	at LSPHooker_.getCameraInfo(Unknown Source:15)

06-22 21:32:52.879  5267  5659 I LSPosed-Bridge: 	at z74.e(chromium-Monochrome.aab-stable-573513121:6)

06-22 21:32:52.879  5267  5659 I LSPosed-Bridge: 	at org.chromium.media.VideoCaptureFactory.getCaptureApiType(chromium-Monochrome.aab-stable-573513121:8)

06-22 21:32:52.880   553   553 I ConfigStore: android::hardware::configstore::V1_0::ISurfaceFlingerConfigs::hasHDRDisplay retrieved: 0

06-22 21:32:52.880   553   553 I ConfigStore: android::hardware::configstore::V1_0::ISurfaceFlingerConfigs::hasHDRDisplay retrieved: 0

06-22 21:32:52.880  5267  5659 I LSPosed-Bridge: 5267 PermLabel 10123 android.permission.CAMERA getCameraInfo args0: 0; args1: android.hardware.Camera$CameraInfo@85ccf28; res= null; stacktrace=java.lang.Exception

06-22 21:32:52.880  5267  5659 I LSPosed-Bridge: 5267 PermLabel 10123 android.permission.CAMERA getCameraInfo args0: 0; args1: android.hardware.Camera$CameraInfo@85ccf28; res= null; stacktrace=java.lang.Exception

06-22 21:32:52.880  5267  5659 I LSPosed-Bridge: 	at com.example.permlabel.hookCamera$1.afterHookedMethod(hookCamera.java:21)

06-22 21:32:52.880  5267  5659 I LSPosed-Bridge: 	at com.example.permlabel.hookCamera$1.afterHookedMethod(hookCamera.java:21)

06-22 21:32:52.880  5267  5659 I LSPosed-Bridge: 	at de.robv.android.xposed.XposedBridge$AdditionalHookInfo.callback(Unknown Source:147)

06-22 21:32:52.880  5267  5659 I LSPosed-Bridge: 	at de.robv.android.xposed.XposedBridge$AdditionalHookInfo.callback(Unknown Source:147)

06-22 21:32:52.880  5267  5659 I LSPosed-Bridge: 	at LSPHooker_.getCameraInfo(Unknown Source:15)

06-22 21:32:52.880  5267  5659 I LSPosed-Bridge: 	at LSPHooker_.getCameraInfo(Unknown Source:15)

06-22 21:32:52.880  5267  5659 I LSPosed-Bridge: 	at z74.e(chromium-Monochrome.aab-stable-573513121:6)

06-22 21:32:52.880  5267  5659 I LSPosed-Bridge: 	at z74.e(chromium-Monochrome.aab-stable-573513121:6)

06-22 21:32:52.880  5267  5659 I LSPosed-Bridge: 	at org.chromium.media.VideoCaptureFactory.getCaptureApiType(chromium-Monochrome.aab-stable-573513121:8)

06-22 21:32:52.880  5267  5659 I LSPosed-Bridge: 	at org.chromium.media.VideoCaptureFactory.getCaptureApiType(chromium-Monochrome.aab-stable-573513121:8)

06-22 21:32:52.880  5267  5659 I LSPosed-Bridge: 5267 PermLabel 10123 android.permission.CAMERA getCameraInfo args0: 0; args1: android.hardware.Camera$CameraInfo@85ccf28; res= null; stacktrace=java.lang.Exception

06-22 21:32:52.880  5267  5659 I LSPosed-Bridge: 5267 PermLabel 10123 android.permission.CAMERA getCameraInfo args0: 0; args1: android.hardware.Camera$CameraInfo@85ccf28; res= null; stacktrace=java.lang.Exception

06-22 21:32:52.880  5267  5659 I LSPosed-Bridge: 	at com.example.permlabel.hookCamera$1.afterHookedMethod(hookCamera.java:21)

06-22 21:32:52.880  5267  5659 I LSPosed-Bridge: 	at com.example.permlabel.hookCamera$1.afterHookedMethod(hookCamera.java:21)

06-22 21:32:52.880  5267  5659 I LSPosed-Bridge: 	at de.robv.android.xposed.XposedBridge$AdditionalHookInfo.callback(Unknown Source:147)

06-22 21:32:52.880  5267  5659 I LSPosed-Bridge: 	at de.robv.android.xposed.XposedBridge$AdditionalHookInfo.callback(Unknown Source:147)

06-22 21:32:52.880  5267  5659 I LSPosed-Bridge: 	at LSPHooker_.getCameraInfo(Unknown Source:15)

06-22 21:32:52.880  5267  5659 I LSPosed-Bridge: 	at LSPHooker_.getCameraInfo(Unknown Source:15)

06-22 21:32:52.880  5267  5659 I LSPosed-Bridge: 	at z74.e(chromium-Monochrome.aab-stable-573513121:6)

06-22 21:32:52.880  5267  5659 I LSPosed-Bridge: 	at z74.e(chromium-Monochrome.aab-stable-573513121:6)

06-22 21:32:52.880  5267  5659 I LSPosed-Bridge: 	at org.chromium.media.VideoCaptureFactory.getCaptureApiType(chromium-Monochrome.aab-stable-573513121:8)

06-22 21:32:52.880  5267  5659 I LSPosed-Bridge: 	at org.chromium.media.VideoCaptureFactory.getCaptureApiType(chromium-Monochrome.aab-stable-573513121:8)

06-22 21:32:52.880   553   553 I ConfigStore: android::hardware::configstore::V1_0::ISurfaceFlingerConfigs::hasHDRDisplay retrieved: 0

06-22 21:32:52.880   553   553 I ConfigStore: android::hardware::configstore::V1_0::ISurfaceFlingerConfigs::hasHDRDisplay retrieved: 0

06-22 21:32:52.890  5267  5659 I LSPosed-Bridge: 5267 PermLabel 10123 android.permission.CAMERA getCameraInfo args0: 0; args1: android.hardware.Camera$CameraInfo@a43b5d4; res= null; stacktrace=java.lang.Exception

06-22 21:32:52.890  5267  5659 I LSPosed-Bridge: 	at com.example.permlabel.hookCamera$1.afterHookedMethod(hookCamera.java:21)

06-22 21:32:52.890  5267  5659 I LSPosed-Bridge: 	at de.robv.android.xposed.XposedBridge$AdditionalHookInfo.callback(Unknown Source:147)

06-22 21:32:52.890  5267  5659 I LSPosed-Bridge: 	at LSPHooker_.getCameraInfo(Unknown Source:15)

06-22 21:32:52.890  5267  5659 I LSPosed-Bridge: 	at z74.e(chromium-Monochrome.aab-stable-573513121:6)

06-22 21:32:52.890  5267  5659 I LSPosed-Bridge: 	at org.chromium.media.VideoCaptureFactory.getFacingMode(chromium-Monochrome.aab-stable-573513121:10)

06-22 21:32:52.891  5267  5659 I chatty  : uid=10123(sixpack.sixpackabs.absworkout) ThreadPoolSingl identical 1 line

06-22 21:32:52.891  5267  5659 I LSPosed-Bridge: 5267 PermLabel 10123 android.permission.CAMERA getCameraInfo args0: 0; args1: android.hardware.Camera$CameraInfo@a43b5d4; res= null; stacktrace=java.lang.Exception

06-22 21:32:52.891  5267  5659 I LSPosed-Bridge: 	at com.example.permlabel.hookCamera$1.afterHookedMethod(hookCamera.java:21)

06-22 21:32:52.891  5267  5659 I LSPosed-Bridge: 	at de.robv.android.xposed.XposedBridge$AdditionalHookInfo.callback(Unknown Source:147)

06-22 21:32:52.891  5267  5659 I LSPosed-Bridge: 	at LSPHooker_.getCameraInfo(Unknown Source:15)

06-22 21:32:52.891  5267  5659 I LSPosed-Bridge: 	at z74.e(chromium-Monochrome.aab-stable-573513121:6)

06-22 21:32:52.891  5267  5659 I LSPosed-Bridge: 	at org.chromium.media.VideoCaptureFactory.getFacingMode(chromium-Monochrome.aab-stable-573513121:10)

06-22 21:34:12.170  5267  5659 I LSPosed-Bridge: 5267 PermLabel 10123 android.permission.CAMERA getCameraInfo args0: 1; args1: android.hardware.Camera$CameraInfo@bfbd3ca; res= null; stacktrace=java.lang.Exception

06-22 21:34:12.170  5267  5659 I LSPosed-Bridge: 	at com.example.permlabel.hookCamera$1.afterHookedMethod(hookCamera.java:21)

06-22 21:34:12.170  5267  5659 I LSPosed-Bridge: 	at de.robv.android.xposed.XposedBridge$AdditionalHookInfo.callback(Unknown Source:147)

06-22 21:34:12.170  5267  5659 I LSPosed-Bridge: 	at LSPHooker_.getCameraInfo(Unknown Source:15)

06-22 21:34:12.170  5267  5659 I LSPosed-Bridge: 	at z74.e(chromium-Monochrome.aab-stable-573513121:6)

06-22 21:34:12.170  5267  5659 I LSPosed-Bridge: 	at org.chromium.media.VideoCaptureFactory.getDeviceName(chromium-Monochrome.aab-stable-573513121:15)

06-22 21:34:12.171  5267  5659 I chatty  : uid=10123(sixpack.sixpackabs.absworkout) ThreadPoolSingl identical 1 line

06-22 21:34:12.171  5267  5659 I LSPosed-Bridge: 5267 PermLabel 10123 android.permission.CAMERA getCameraInfo args0: 1; args1: android.hardware.Camera$CameraInfo@bfbd3ca; res= null; stacktrace=java.lang.Exception

06-22 21:34:12.171  5267  5659 I LSPosed-Bridge: 	at com.example.permlabel.hookCamera$1.afterHookedMethod(hookCamera.java:21)

06-22 21:34:12.171  5267  5659 I LSPosed-Bridge: 	at de.robv.android.xposed.XposedBridge$AdditionalHookInfo.callback(Unknown Source:147)

06-22 21:34:12.171  5267  5659 I LSPosed-Bridge: 	at LSPHooker_.getCameraInfo(Unknown Source:15)

06-22 21:34:12.171  5267  5659 I LSPosed-Bridge: 	at z74.e(chromium-Monochrome.aab-stable-573513121:6)

06-22 21:34:12.171  5267  5659 I LSPosed-Bridge: 	at org.chromium.media.VideoCaptureFactory.getDeviceName(chromium-Monochrome.aab-stable-573513121:15)

06-22 21:34:12.190   553   553 I ConfigStore: android::hardware::configstore::V1_0::ISurfaceFlingerConfigs::hasHDRDisplay retrieved: 0

06-22 21:34:12.190  5267  5659 I LSPosed-Bridge: 5267 PermLabel 10123 android.permission.CAMERA getCameraInfo args0: 1; args1: android.hardware.Camera$CameraInfo@2eb6296; res= null; stacktrace=java.lang.Exception

06-22 21:34:12.190  5267  5659 I LSPosed-Bridge: 	at com.example.permlabel.hookCamera$1.afterHookedMethod(hookCamera.java:21)

06-22 21:34:12.190  5267  5659 I LSPosed-Bridge: 	at de.robv.android.xposed.XposedBridge$AdditionalHookInfo.callback(Unknown Source:147)

06-22 21:34:12.190  5267  5659 I LSPosed-Bridge: 	at LSPHooker_.getCameraInfo(Unknown Source:15)

06-22 21:34:12.190  5267  5659 I LSPosed-Bridge: 	at z74.e(chromium-Monochrome.aab-stable-573513121:6)

06-22 21:34:12.190  5267  5659 I LSPosed-Bridge: 	at org.chromium.media.VideoCaptureFactory.getCaptureApiType(chromium-Monochrome.aab-stable-573513121:8)

06-22 21:34:12.191  5267  5659 I chatty  : uid=10123(sixpack.sixpackabs.absworkout) ThreadPoolSingl identical 1 line

06-22 21:34:12.191  5267  5659 I LSPosed-Bridge: 5267 PermLabel 10123 android.permission.CAMERA getCameraInfo args0: 1; args1: android.hardware.Camera$CameraInfo@2eb6296; res= null; stacktrace=java.lang.Exception

06-22 21:34:12.191  5267  5659 I LSPosed-Bridge: 	at com.example.permlabel.hookCamera$1.afterHookedMethod(hookCamera.java:21)

06-22 21:34:12.191  5267  5659 I LSPosed-Bridge: 	at de.robv.android.xposed.XposedBridge$AdditionalHookInfo.callback(Unknown Source:147)

06-22 21:34:12.191  5267  5659 I LSPosed-Bridge: 	at LSPHooker_.getCameraInfo(Unknown Source:15)

06-22 21:34:12.191  5267  5659 I LSPosed-Bridge: 	at z74.e(chromium-Monochrome.aab-stable-573513121:6)

06-22 21:34:12.191  5267  5659 I LSPosed-Bridge: 	at org.chromium.media.VideoCaptureFactory.getCaptureApiType(chromium-Monochrome.aab-stable-573513121:8)

06-22 21:34:12.201  5267  5659 I LSPosed-Bridge: 5267 PermLabel 10123 android.permission.CAMERA getCameraInfo args0: 1; args1: android.hardware.Camera$CameraInfo@1731222; res= null; stacktrace=java.lang.Exception

06-22 21:34:12.201  5267  5659 I LSPosed-Bridge: 5267 PermLabel 10123 android.permission.CAMERA getCameraInfo args0: 1; args1: android.hardware.Camera$CameraInfo@1731222; res= null; stacktrace=java.lang.Exception

06-22 21:34:12.201  5267  5659 I LSPosed-Bridge: 	at com.example.permlabel.hookCamera$1.afterHookedMethod(hookCamera.java:21)

06-22 21:34:12.201  5267  5659 I LSPosed-Bridge: 	at com.example.permlabel.hookCamera$1.afterHookedMethod(hookCamera.java:21)

06-22 21:34:12.201  5267  5659 I LSPosed-Bridge: 	at de.robv.android.xposed.XposedBridge$AdditionalHookInfo.callback(Unknown Source:147)

06-22 21:34:12.201  5267  5659 I LSPosed-Bridge: 	at de.robv.android.xposed.XposedBridge$AdditionalHookInfo.callback(Unknown Source:147)

06-22 21:34:12.201  5267  5659 I LSPosed-Bridge: 	at LSPHooker_.getCameraInfo(Unknown Source:15)

06-22 21:34:12.201  5267  5659 I LSPosed-Bridge: 	at LSPHooker_.getCameraInfo(Unknown Source:15)

06-22 21:34:12.201  5267  5659 I LSPosed-Bridge: 	at z74.e(chromium-Monochrome.aab-stable-573513121:6)

06-22 21:34:12.201  5267  5659 I LSPosed-Bridge: 	at z74.e(chromium-Monochrome.aab-stable-573513121:6)

06-22 21:34:12.201  5267  5659 I LSPosed-Bridge: 	at org.chromium.media.VideoCaptureFactory.getFacingMode(chromium-Monochrome.aab-stable-573513121:10)

06-22 21:34:12.201  5267  5659 I LSPosed-Bridge: 	at org.chromium.media.VideoCaptureFactory.getFacingMode(chromium-Monochrome.aab-stable-573513121:10)

06-22 21:34:12.201  5267  5659 I chatty  : uid=10123(sixpack.sixpackabs.absworkout) ThreadPoolSingl identical 1 line

06-22 21:34:12.201  5267  5659 I chatty  : uid=10123(sixpack.sixpackabs.absworkout) ThreadPoolSingl identical 1 line

06-22 21:34:12.201  5267  5659 I LSPosed-Bridge: 5267 PermLabel 10123 android.permission.CAMERA getCameraInfo args0: 1; args1: android.hardware.Camera$CameraInfo@1731222; res= null; stacktrace=java.lang.Exception

06-22 21:34:12.201  5267  5659 I LSPosed-Bridge: 5267 PermLabel 10123 android.permission.CAMERA getCameraInfo args0: 1; args1: android.hardware.Camera$CameraInfo@1731222; res= null; stacktrace=java.lang.Exception

06-22 21:34:12.201  5267  5659 I LSPosed-Bridge: 	at com.example.permlabel.hookCamera$1.afterHookedMethod(hookCamera.java:21)

06-22 21:34:12.201  5267  5659 I LSPosed-Bridge: 	at com.example.permlabel.hookCamera$1.afterHookedMethod(hookCamera.java:21)

06-22 21:34:12.201  5267  5659 I LSPosed-Bridge: 	at de.robv.android.xposed.XposedBridge$AdditionalHookInfo.callback(Unknown Source:147)

06-22 21:34:12.201  5267  5659 I LSPosed-Bridge: 	at de.robv.android.xposed.XposedBridge$AdditionalHookInfo.callback(Unknown Source:147)

06-22 21:34:12.201  5267  5659 I LSPosed-Bridge: 	at LSPHooker_.getCameraInfo(Unknown Source:15)

06-22 21:34:12.201  5267  5659 I LSPosed-Bridge: 	at LSPHooker_.getCameraInfo(Unknown Source:15)

06-22 21:34:12.201  5267  5659 I LSPosed-Bridge: 	at z74.e(chromium-Monochrome.aab-stable-573513121:6)

06-22 21:34:12.201  5267  5659 I LSPosed-Bridge: 	at z74.e(chromium-Monochrome.aab-stable-573513121:6)

06-22 21:34:12.201  5267  5659 I LSPosed-Bridge: 	at org.chromium.media.VideoCaptureFactory.getFacingMode(chromium-Monochrome.aab-stable-573513121:10)

06-22 21:34:12.201  5267  5659 I LSPosed-Bridge: 	at org.chromium.media.VideoCaptureFactory.getFacingMode(chromium-Monochrome.aab-stable-573513121:10)

06-22 21:34:12.217  5267  5659 I LSPosed-Bridge: 5267 PermLabel 10123 android.permission.CAMERA getCameraInfo args0: 0; args1: android.hardware.Camera$CameraInfo@dd42e6e; res= null; stacktrace=java.lang.Exception

06-22 21:34:12.217  5267  5659 I LSPosed-Bridge: 	at com.example.permlabel.hookCamera$1.afterHookedMethod(hookCamera.java:21)

06-22 21:34:12.217  5267  5659 I LSPosed-Bridge: 	at de.robv.android.xposed.XposedBridge$AdditionalHookInfo.callback(Unknown Source:147)

06-22 21:34:12.217  5267  5659 I LSPosed-Bridge: 	at LSPHooker_.getCameraInfo(Unknown Source:15)

06-22 21:34:12.217  5267  5659 I LSPosed-Bridge: 	at z74.e(chromium-Monochrome.aab-stable-573513121:6)

06-22 21:34:12.217  5267  5659 I LSPosed-Bridge: 	at org.chromium.media.VideoCaptureFactory.getDeviceName(chromium-Monochrome.aab-stable-573513121:15)

06-22 21:34:12.219  5267  5659 I chatty  : uid=10123(sixpack.sixpackabs.absworkout) ThreadPoolSingl identical 1 line

06-22 21:34:12.219  5267  5659 I LSPosed-Bridge: 5267 PermLabel 10123 android.permission.CAMERA getCameraInfo args0: 0; args1: android.hardware.Camera$CameraInfo@dd42e6e; res= null; stacktrace=java.lang.Exception

06-22 21:34:12.219  5267  5659 I LSPosed-Bridge: 	at com.example.permlabel.hookCamera$1.afterHookedMethod(hookCamera.java:21)

06-22 21:34:12.219  5267  5659 I LSPosed-Bridge: 	at de.robv.android.xposed.XposedBridge$AdditionalHookInfo.callback(Unknown Source:147)

06-22 21:34:12.219  5267  5659 I LSPosed-Bridge: 	at LSPHooker_.getCameraInfo(Unknown Source:15)

06-22 21:34:12.219  5267  5659 I LSPosed-Bridge: 	at z74.e(chromium-Monochrome.aab-stable-573513121:6)

06-22 21:34:12.219  5267  5659 I LSPosed-Bridge: 	at org.chromium.media.VideoCaptureFactory.getDeviceName(chromium-Monochrome.aab-stable-573513121:15)

06-22 21:34:12.247   553   553 I ConfigStore: android::hardware::configstore::V1_0::ISurfaceFlingerConfigs::hasHDRDisplay retrieved: 0

06-22 21:34:12.247  5267  5659 I LSPosed-Bridge: 5267 PermLabel 10123 android.permission.CAMERA getCameraInfo args0: 0; args1: android.hardware.Camera$CameraInfo@f18c37a; res= null; stacktrace=java.lang.Exception

06-22 21:34:12.247  5267  5659 I LSPosed-Bridge: 	at com.example.permlabel.hookCamera$1.afterHookedMethod(hookCamera.java:21)

06-22 21:34:12.247  5267  5659 I LSPosed-Bridge: 	at de.robv.android.xposed.XposedBridge$AdditionalHookInfo.callback(Unknown Source:147)

06-22 21:34:12.247  5267  5659 I LSPosed-Bridge: 	at LSPHooker_.getCameraInfo(Unknown Source:15)

06-22 21:34:12.247  5267  5659 I LSPosed-Bridge: 	at z74.e(chromium-Monochrome.aab-stable-573513121:6)

06-22 21:34:12.247  5267  5659 I LSPosed-Bridge: 	at org.chromium.media.VideoCaptureFactory.getCaptureApiType(chromium-Monochrome.aab-stable-573513121:8)

06-22 21:34:12.247  5267  5659 I chatty  : uid=10123(sixpack.sixpackabs.absworkout) ThreadPoolSingl identical 1 line

06-22 21:34:12.248  5267  5659 I LSPosed-Bridge: 5267 PermLabel 10123 android.permission.CAMERA getCameraInfo args0: 0; args1: android.hardware.Camera$CameraInfo@f18c37a; res= null; stacktrace=java.lang.Exception

06-22 21:34:12.248  5267  5659 I LSPosed-Bridge: 	at com.example.permlabel.hookCamera$1.afterHookedMethod(hookCamera.java:21)

06-22 21:34:12.248  5267  5659 I LSPosed-Bridge: 	at de.robv.android.xposed.XposedBridge$AdditionalHookInfo.callback(Unknown Source:147)

06-22 21:34:12.248  5267  5659 I LSPosed-Bridge: 	at LSPHooker_.getCameraInfo(Unknown Source:15)

06-22 21:34:12.248  5267  5659 I LSPosed-Bridge: 	at z74.e(chromium-Monochrome.aab-stable-573513121:6)

06-22 21:34:12.248  5267  5659 I LSPosed-Bridge: 	at org.chromium.media.VideoCaptureFactory.getCaptureApiType(chromium-Monochrome.aab-stable-573513121:8)

06-22 21:34:12.248   553   553 I ConfigStore: android::hardware::configstore::V1_0::ISurfaceFlingerConfigs::hasHDRDisplay retrieved: 0

06-22 21:34:12.248   553   553 I chatty  : uid=1000(system) /system/bin/surfaceflinger identical 1 line

06-22 21:34:12.258   553   553 I ConfigStore: android::hardware::configstore::V1_0::ISurfaceFlingerConfigs::hasHDRDisplay retrieved: 0

06-22 21:34:12.258  5267  5659 I LSPosed-Bridge: 5267 PermLabel 10123 android.permission.CAMERA getCameraInfo args0: 0; args1: android.hardware.Camera$CameraInfo@df9d46; res= null; stacktrace=java.lang.Exception

06-22 21:34:12.258  5267  5659 I LSPosed-Bridge: 	at com.example.permlabel.hookCamera$1.afterHookedMethod(hookCamera.java:21)

06-22 21:34:12.258  5267  5659 I LSPosed-Bridge: 	at de.robv.android.xposed.XposedBridge$AdditionalHookInfo.callback(Unknown Source:147)

06-22 21:34:12.258  5267  5659 I LSPosed-Bridge: 	at LSPHooker_.getCameraInfo(Unknown Source:15)

06-22 21:34:12.258  5267  5659 I LSPosed-Bridge: 	at z74.e(chromium-Monochrome.aab-stable-573513121:6)

06-22 21:34:12.258  5267  5659 I LSPosed-Bridge: 	at org.chromium.media.VideoCaptureFactory.getFacingMode(chromium-Monochrome.aab-stable-573513121:10)

06-22 21:34:12.259   553   553 I ConfigStore: android::hardware::configstore::V1_0::ISurfaceFlingerConfigs::hasHDRDisplay retrieved: 0

06-22 21:34:12.259   553   553 I ConfigStore: android::hardware::configstore::V1_0::ISurfaceFlingerConfigs::hasHDRDisplay retrieved: 0

06-22 21:34:12.259  5267  5659 I LSPosed-Bridge: 5267 PermLabel 10123 android.permission.CAMERA getCameraInfo args0: 0; args1: android.hardware.Camera$CameraInfo@df9d46; res= null; stacktrace=java.lang.Exception

06-22 21:34:12.259  5267  5659 I LSPosed-Bridge: 5267 PermLabel 10123 android.permission.CAMERA getCameraInfo args0: 0; args1: android.hardware.Camera$CameraInfo@df9d46; res= null; stacktrace=java.lang.Exception

06-22 21:34:12.259  5267  5659 I LSPosed-Bridge: 	at com.example.permlabel.hookCamera$1.afterHookedMethod(hookCamera.java:21)

06-22 21:34:12.259  5267  5659 I LSPosed-Bridge: 	at com.example.permlabel.hookCamera$1.afterHookedMethod(hookCamera.java:21)

06-22 21:34:12.259  5267  5659 I LSPosed-Bridge: 	at de.robv.android.xposed.XposedBridge$AdditionalHookInfo.callback(Unknown Source:147)

06-22 21:34:12.259  5267  5659 I LSPosed-Bridge: 	at de.robv.android.xposed.XposedBridge$AdditionalHookInfo.callback(Unknown Source:147)

06-22 21:34:12.259  5267  5659 I LSPosed-Bridge: 	at LSPHooker_.getCameraInfo(Unknown Source:15)

06-22 21:34:12.259  5267  5659 I LSPosed-Bridge: 	at LSPHooker_.getCameraInfo(Unknown Source:15)

06-22 21:34:12.259  5267  5659 I LSPosed-Bridge: 	at z74.e(chromium-Monochrome.aab-stable-573513121:6)

06-22 21:34:12.259  5267  5659 I LSPosed-Bridge: 	at z74.e(chromium-Monochrome.aab-stable-573513121:6)

06-22 21:34:12.259  5267  5659 I LSPosed-Bridge: 	at org.chromium.media.VideoCaptureFactory.getFacingMode(chromium-Monochrome.aab-stable-573513121:10)

06-22 21:34:12.259  5267  5659 I LSPosed-Bridge: 	at org.chromium.media.VideoCaptureFactory.getFacingMode(chromium-Monochrome.aab-stable-573513121:10)

06-22 21:34:12.259   553   553 I ConfigStore: android::hardware::configstore::V1_0::ISurfaceFlingerConfigs::hasHDRDisplay retrieved: 0

06-22 21:34:12.259   553   553 I ConfigStore: android::hardware::configstore::V1_0::ISurfaceFlingerConfigs::hasHDRDisplay retrieved: 0

06-22 21:34:12.259  5267  5659 I LSPosed-Bridge: 5267 PermLabel 10123 android.permission.CAMERA getCameraInfo args0: 0; args1: android.hardware.Camera$CameraInfo@df9d46; res= null; stacktrace=java.lang.Exception

06-22 21:34:12.259  5267  5659 I LSPosed-Bridge: 5267 PermLabel 10123 android.permission.CAMERA getCameraInfo args0: 0; args1: android.hardware.Camera$CameraInfo@df9d46; res= null; stacktrace=java.lang.Exception

06-22 21:34:12.259  5267  5659 I LSPosed-Bridge: 	at com.example.permlabel.hookCamera$1.afterHookedMethod(hookCamera.java:21)

06-22 21:34:12.259  5267  5659 I LSPosed-Bridge: 	at com.example.permlabel.hookCamera$1.afterHookedMethod(hookCamera.java:21)

06-22 21:34:12.259  5267  5659 I LSPosed-Bridge: 	at de.robv.android.xposed.XposedBridge$AdditionalHookInfo.callback(Unknown Source:147)

06-22 21:34:12.259  5267  5659 I LSPosed-Bridge: 	at de.robv.android.xposed.XposedBridge$AdditionalHookInfo.callback(Unknown Source:147)

06-22 21:34:12.259  5267  5659 I LSPosed-Bridge: 	at LSPHooker_.getCameraInfo(Unknown Source:15)

06-22 21:34:12.259  5267  5659 I LSPosed-Bridge: 	at LSPHooker_.getCameraInfo(Unknown Source:15)

06-22 21:34:12.259  5267  5659 I LSPosed-Bridge: 	at z74.e(chromium-Monochrome.aab-stable-573513121:6)

06-22 21:34:12.259  5267  5659 I LSPosed-Bridge: 	at z74.e(chromium-Monochrome.aab-stable-573513121:6)

06-22 21:34:12.259  5267  5659 I LSPosed-Bridge: 	at org.chromium.media.VideoCaptureFactory.getFacingMode(chromium-Monochrome.aab-stable-573513121:10)

06-22 21:34:12.259  5267  5659 I LSPosed-Bridge: 	at org.chromium.media.VideoCaptureFactory.getFacingMode(chromium-Monochrome.aab-stable-573513121:10)

06-22 21:35:12.704   553   553 I ConfigStore: android::hardware::configstore::V1_0::ISurfaceFlingerConfigs::hasHDRDisplay retrieved: 0

06-22 21:35:12.704  5267  5659 I LSPosed-Bridge: 5267 PermLabel 10123 android.permission.CAMERA getCameraInfo args0: 1; args1: android.hardware.Camera$CameraInfo@3c50822; res= null; stacktrace=java.lang.Exception

06-22 21:35:12.704  5267  5659 I LSPosed-Bridge: 	at com.example.permlabel.hookCamera$1.afterHookedMethod(hookCamera.java:21)

06-22 21:35:12.704  5267  5659 I LSPosed-Bridge: 	at de.robv.android.xposed.XposedBridge$AdditionalHookInfo.callback(Unknown Source:147)

06-22 21:35:12.704  5267  5659 I LSPosed-Bridge: 	at LSPHooker_.getCameraInfo(Unknown Source:15)

06-22 21:35:12.704  5267  5659 I LSPosed-Bridge: 	at z74.e(chromium-Monochrome.aab-stable-573513121:6)

06-22 21:35:12.704  5267  5659 I LSPosed-Bridge: 	at org.chromium.media.VideoCaptureFactory.getDeviceName(chromium-Monochrome.aab-stable-573513121:15)

06-22 21:35:12.705  5267  5659 I chatty  : uid=10123(sixpack.sixpackabs.absworkout) ThreadPoolSingl identical 1 line

06-22 21:35:12.705  5267  5659 I LSPosed-Bridge: 5267 PermLabel 10123 android.permission.CAMERA getCameraInfo args0: 1; args1: android.hardware.Camera$CameraInfo@3c50822; res= null; stacktrace=java.lang.Exception

06-22 21:35:12.705  5267  5659 I LSPosed-Bridge: 	at com.example.permlabel.hookCamera$1.afterHookedMethod(hookCamera.java:21)

06-22 21:35:12.705  5267  5659 I LSPosed-Bridge: 	at de.robv.android.xposed.XposedBridge$AdditionalHookInfo.callback(Unknown Source:147)

06-22 21:35:12.705  5267  5659 I LSPosed-Bridge: 	at LSPHooker_.getCameraInfo(Unknown Source:15)

06-22 21:35:12.705  5267  5659 I LSPosed-Bridge: 	at z74.e(chromium-Monochrome.aab-stable-573513121:6)

06-22 21:35:12.705  5267  5659 I LSPosed-Bridge: 	at org.chromium.media.VideoCaptureFactory.getDeviceName(chromium-Monochrome.aab-stable-573513121:15)

06-22 21:35:12.705   553   553 I ConfigStore: android::hardware::configstore::V1_0::ISurfaceFlingerConfigs::hasHDRDisplay retrieved: 0

06-22 21:35:12.727  5267  5659 I LSPosed-Bridge: 5267 PermLabel 10123 android.permission.CAMERA getCameraInfo args0: 1; args1: android.hardware.Camera$CameraInfo@24f846e; res= null; stacktrace=java.lang.Exception

06-22 21:35:12.727  5267  5659 I LSPosed-Bridge: 5267 PermLabel 10123 android.permission.CAMERA getCameraInfo args0: 1; args1: android.hardware.Camera$CameraInfo@24f846e; res= null; stacktrace=java.lang.Exception

06-22 21:35:12.727  5267  5659 I LSPosed-Bridge: 	at com.example.permlabel.hookCamera$1.afterHookedMethod(hookCamera.java:21)

06-22 21:35:12.727  5267  5659 I LSPosed-Bridge: 	at com.example.permlabel.hookCamera$1.afterHookedMethod(hookCamera.java:21)

06-22 21:35:12.727  5267  5659 I LSPosed-Bridge: 	at de.robv.android.xposed.XposedBridge$AdditionalHookInfo.callback(Unknown Source:147)

06-22 21:35:12.727  5267  5659 I LSPosed-Bridge: 	at de.robv.android.xposed.XposedBridge$AdditionalHookInfo.callback(Unknown Source:147)

06-22 21:35:12.727  5267  5659 I LSPosed-Bridge: 	at LSPHooker_.getCameraInfo(Unknown Source:15)

06-22 21:35:12.727  5267  5659 I LSPosed-Bridge: 	at LSPHooker_.getCameraInfo(Unknown Source:15)

06-22 21:35:12.727  5267  5659 I LSPosed-Bridge: 	at z74.e(chromium-Monochrome.aab-stable-573513121:6)

06-22 21:35:12.727  5267  5659 I LSPosed-Bridge: 	at z74.e(chromium-Monochrome.aab-stable-573513121:6)

06-22 21:35:12.727  5267  5659 I LSPosed-Bridge: 	at org.chromium.media.VideoCaptureFactory.getCaptureApiType(chromium-Monochrome.aab-stable-573513121:8)

06-22 21:35:12.727  5267  5659 I LSPosed-Bridge: 	at org.chromium.media.VideoCaptureFactory.getCaptureApiType(chromium-Monochrome.aab-stable-573513121:8)

06-22 21:35:12.727  5267  5659 I chatty  : uid=10123(sixpack.sixpackabs.absworkout) ThreadPoolSingl identical 1 line

06-22 21:35:12.727  5267  5659 I chatty  : uid=10123(sixpack.sixpackabs.absworkout) ThreadPoolSingl identical 1 line

06-22 21:35:12.727  5267  5659 I LSPosed-Bridge: 5267 PermLabel 10123 android.permission.CAMERA getCameraInfo args0: 1; args1: android.hardware.Camera$CameraInfo@24f846e; res= null; stacktrace=java.lang.Exception

06-22 21:35:12.727  5267  5659 I LSPosed-Bridge: 5267 PermLabel 10123 android.permission.CAMERA getCameraInfo args0: 1; args1: android.hardware.Camera$CameraInfo@24f846e; res= null; stacktrace=java.lang.Exception

06-22 21:35:12.727  5267  5659 I LSPosed-Bridge: 	at com.example.permlabel.hookCamera$1.afterHookedMethod(hookCamera.java:21)

06-22 21:35:12.727  5267  5659 I LSPosed-Bridge: 	at com.example.permlabel.hookCamera$1.afterHookedMethod(hookCamera.java:21)

06-22 21:35:12.727  5267  5659 I LSPosed-Bridge: 	at de.robv.android.xposed.XposedBridge$AdditionalHookInfo.callback(Unknown Source:147)

06-22 21:35:12.727  5267  5659 I LSPosed-Bridge: 	at de.robv.android.xposed.XposedBridge$AdditionalHookInfo.callback(Unknown Source:147)

06-22 21:35:12.727  5267  5659 I LSPosed-Bridge: 	at LSPHooker_.getCameraInfo(Unknown Source:15)

06-22 21:35:12.727  5267  5659 I LSPosed-Bridge: 	at LSPHooker_.getCameraInfo(Unknown Source:15)

06-22 21:35:12.727  5267  5659 I LSPosed-Bridge: 	at z74.e(chromium-Monochrome.aab-stable-573513121:6)

06-22 21:35:12.727  5267  5659 I LSPosed-Bridge: 	at z74.e(chromium-Monochrome.aab-stable-573513121:6)

06-22 21:35:12.727  5267  5659 I LSPosed-Bridge: 	at org.chromium.media.VideoCaptureFactory.getCaptureApiType(chromium-Monochrome.aab-stable-573513121:8)

06-22 21:35:12.727  5267  5659 I LSPosed-Bridge: 	at org.chromium.media.VideoCaptureFactory.getCaptureApiType(chromium-Monochrome.aab-stable-573513121:8)

06-22 21:35:12.761  5267  5659 I LSPosed-Bridge: 5267 PermLabel 10123 android.permission.CAMERA getCameraInfo args0: 1; args1: android.hardware.Camera$CameraInfo@ef3797a; res= null; stacktrace=java.lang.Exception

06-22 21:35:12.761  5267  5659 I LSPosed-Bridge: 5267 PermLabel 10123 android.permission.CAMERA getCameraInfo args0: 1; args1: android.hardware.Camera$CameraInfo@ef3797a; res= null; stacktrace=java.lang.Exception

06-22 21:35:12.761  5267  5659 I LSPosed-Bridge: 	at com.example.permlabel.hookCamera$1.afterHookedMethod(hookCamera.java:21)

06-22 21:35:12.761  5267  5659 I LSPosed-Bridge: 	at com.example.permlabel.hookCamera$1.afterHookedMethod(hookCamera.java:21)

06-22 21:35:12.761  5267  5659 I LSPosed-Bridge: 	at de.robv.android.xposed.XposedBridge$AdditionalHookInfo.callback(Unknown Source:147)

06-22 21:35:12.761  5267  5659 I LSPosed-Bridge: 	at de.robv.android.xposed.XposedBridge$AdditionalHookInfo.callback(Unknown Source:147)

06-22 21:35:12.761  5267  5659 I LSPosed-Bridge: 	at LSPHooker_.getCameraInfo(Unknown Source:15)

06-22 21:35:12.761  5267  5659 I LSPosed-Bridge: 	at LSPHooker_.getCameraInfo(Unknown Source:15)

06-22 21:35:12.761  5267  5659 I LSPosed-Bridge: 	at z74.e(chromium-Monochrome.aab-stable-573513121:6)

06-22 21:35:12.761  5267  5659 I LSPosed-Bridge: 	at z74.e(chromium-Monochrome.aab-stable-573513121:6)

06-22 21:35:12.761  5267  5659 I LSPosed-Bridge: 	at org.chromium.media.VideoCaptureFactory.getFacingMode(chromium-Monochrome.aab-stable-573513121:10)

06-22 21:35:12.761  5267  5659 I LSPosed-Bridge: 	at org.chromium.media.VideoCaptureFactory.getFacingMode(chromium-Monochrome.aab-stable-573513121:10)

06-22 21:35:12.761  5267  5659 I chatty  : uid=10123(sixpack.sixpackabs.absworkout) ThreadPoolSingl identical 1 line

06-22 21:35:12.761  5267  5659 I chatty  : uid=10123(sixpack.sixpackabs.absworkout) ThreadPoolSingl identical 1 line

06-22 21:35:12.761  5267  5659 I LSPosed-Bridge: 5267 PermLabel 10123 android.permission.CAMERA getCameraInfo args0: 1; args1: android.hardware.Camera$CameraInfo@ef3797a; res= null; stacktrace=java.lang.Exception

06-22 21:35:12.761  5267  5659 I LSPosed-Bridge: 5267 PermLabel 10123 android.permission.CAMERA getCameraInfo args0: 1; args1: android.hardware.Camera$CameraInfo@ef3797a; res= null; stacktrace=java.lang.Exception

06-22 21:35:12.761  5267  5659 I LSPosed-Bridge: 	at com.example.permlabel.hookCamera$1.afterHookedMethod(hookCamera.java:21)

06-22 21:35:12.761  5267  5659 I LSPosed-Bridge: 	at com.example.permlabel.hookCamera$1.afterHookedMethod(hookCamera.java:21)

06-22 21:35:12.761  5267  5659 I LSPosed-Bridge: 	at de.robv.android.xposed.XposedBridge$AdditionalHookInfo.callback(Unknown Source:147)

06-22 21:35:12.761  5267  5659 I LSPosed-Bridge: 	at de.robv.android.xposed.XposedBridge$AdditionalHookInfo.callback(Unknown Source:147)

06-22 21:35:12.761  5267  5659 I LSPosed-Bridge: 	at LSPHooker_.getCameraInfo(Unknown Source:15)

06-22 21:35:12.761  5267  5659 I LSPosed-Bridge: 	at LSPHooker_.getCameraInfo(Unknown Source:15)

