06-22 21:29:41.532  5267  5659 I LSPosed-Bridge: 5267 PermLabel 10123 android.permission.CAMERA getCameraInfo args0: 1; args1: android.hardware.Camera$CameraInfo@e5b1f50; res= null; stacktrace=java.lang.Exception

06-22 21:29:41.532  5267  5659 I LSPosed-Bridge: 5267 PermLabel 10123 android.permission.CAMERA getCameraInfo args0: 1; args1: android.hardware.Camera$CameraInfo@e5b1f50; res= null; stacktrace=java.lang.Exception

06-22 21:29:41.532  5267  5659 I LSPosed-Bridge: 	at com.example.permlabel.hookCamera$1.afterHookedMethod(hookCamera.java:21)

06-22 21:29:41.532  5267  5659 I LSPosed-Bridge: 	at com.example.permlabel.hookCamera$1.afterHookedMethod(hookCamera.java:21)

06-22 21:29:41.532  5267  5659 I LSPosed-Bridge: 	at de.robv.android.xposed.XposedBridge$AdditionalHookInfo.callback(Unknown Source:147)

06-22 21:29:41.532  5267  5659 I LSPosed-Bridge: 	at de.robv.android.xposed.XposedBridge$AdditionalHookInfo.callback(Unknown Source:147)

06-22 21:29:41.532  5267  5659 I LSPosed-Bridge: 	at LSPHooker_.getCameraInfo(Unknown Source:15)

06-22 21:29:41.532  5267  5659 I LSPosed-Bridge: 	at LSPHooker_.getCameraInfo(Unknown Source:15)

06-22 21:29:41.532  5267  5659 I LSPosed-Bridge: 	at z74.e(chromium-Monochrome.aab-stable-573513121:6)

06-22 21:29:41.532  5267  5659 I LSPosed-Bridge: 	at z74.e(chromium-Monochrome.aab-stable-573513121:6)

06-22 21:29:41.532  5267  5659 I LSPosed-Bridge: 	at org.chromium.media.VideoCaptureFactory.getFacingMode(chromium-Monochrome.aab-stable-573513121:10)

06-22 21:29:41.532  5267  5659 I LSPosed-Bridge: 	at org.chromium.media.VideoCaptureFactory.getFacingMode(chromium-Monochrome.aab-stable-573513121:10)

06-22 21:29:41.532  5267  5659 I chatty  : uid=10123(sixpack.sixpackabs.absworkout) ThreadPoolSingl identical 1 line

06-22 21:29:41.532  5267  5659 I chatty  : uid=10123(sixpack.sixpackabs.absworkout) ThreadPoolSingl identical 1 line

06-22 21:29:41.532  5267  5659 I LSPosed-Bridge: 5267 PermLabel 10123 android.permission.CAMERA getCameraInfo args0: 1; args1: android.hardware.Camera$CameraInfo@e5b1f50; res= null; stacktrace=java.lang.Exception

06-22 21:29:41.532  5267  5659 I LSPosed-Bridge: 5267 PermLabel 10123 android.permission.CAMERA getCameraInfo args0: 1; args1: android.hardware.Camera$CameraInfo@e5b1f50; res= null; stacktrace=java.lang.Exception

06-22 21:29:41.532  5267  5659 I LSPosed-Bridge: 	at com.example.permlabel.hookCamera$1.afterHookedMethod(hookCamera.java:21)

06-22 21:29:41.532  5267  5659 I LSPosed-Bridge: 	at com.example.permlabel.hookCamera$1.afterHookedMethod(hookCamera.java:21)

06-22 21:29:41.532  5267  5659 I LSPosed-Bridge: 	at de.robv.android.xposed.XposedBridge$AdditionalHookInfo.callback(Unknown Source:147)

06-22 21:29:41.532  5267  5659 I LSPosed-Bridge: 	at de.robv.android.xposed.XposedBridge$AdditionalHookInfo.callback(Unknown Source:147)

06-22 21:29:41.532  5267  5659 I LSPosed-Bridge: 	at LSPHooker_.getCameraInfo(Unknown Source:15)

06-22 21:29:41.532  5267  5659 I LSPosed-Bridge: 	at LSPHooker_.getCameraInfo(Unknown Source:15)

06-22 21:29:41.532  5267  5659 I LSPosed-Bridge: 	at z74.e(chromium-Monochrome.aab-stable-573513121:6)

06-22 21:29:41.532  5267  5659 I LSPosed-Bridge: 	at z74.e(chromium-Monochrome.aab-stable-573513121:6)

06-22 21:29:41.532  5267  5659 I LSPosed-Bridge: 	at org.chromium.media.VideoCaptureFactory.getFacingMode(chromium-Monochrome.aab-stable-573513121:10)

06-22 21:29:41.532  5267  5659 I LSPosed-Bridge: 	at org.chromium.media.VideoCaptureFactory.getFacingMode(chromium-Monochrome.aab-stable-573513121:10)

06-22 21:29:41.542  5267  5659 I LSPosed-Bridge: 5267 PermLabel 10123 android.permission.CAMERA getCameraInfo args0: 0; args1: android.hardware.Camera$CameraInfo@adae07c; res= null; stacktrace=java.lang.Exception

06-22 21:29:41.542  5267  5659 I LSPosed-Bridge: 5267 PermLabel 10123 android.permission.CAMERA getCameraInfo args0: 0; args1: android.hardware.Camera$CameraInfo@adae07c; res= null; stacktrace=java.lang.Exception

06-22 21:29:41.542  5267  5659 I LSPosed-Bridge: 5267 PermLabel 10123 android.permission.CAMERA getCameraInfo args0: 0; args1: android.hardware.Camera$CameraInfo@adae07c; res= null; stacktrace=java.lang.Exception

06-22 21:29:41.542  5267  5659 I LSPosed-Bridge: 	at com.example.permlabel.hookCamera$1.afterHookedMethod(hookCamera.java:21)

06-22 21:29:41.542  5267  5659 I LSPosed-Bridge: 	at com.example.permlabel.hookCamera$1.afterHookedMethod(hookCamera.java:21)

06-22 21:29:41.542  5267  5659 I LSPosed-Bridge: 	at com.example.permlabel.hookCamera$1.afterHookedMethod(hookCamera.java:21)

06-22 21:29:41.542  5267  5659 I LSPosed-Bridge: 	at de.robv.android.xposed.XposedBridge$AdditionalHookInfo.callback(Unknown Source:147)

06-22 21:29:41.542  5267  5659 I LSPosed-Bridge: 	at de.robv.android.xposed.XposedBridge$AdditionalHookInfo.callback(Unknown Source:147)

06-22 21:29:41.542  5267  5659 I LSPosed-Bridge: 	at de.robv.android.xposed.XposedBridge$AdditionalHookInfo.callback(Unknown Source:147)

06-22 21:29:41.542  5267  5659 I LSPosed-Bridge: 	at LSPHooker_.getCameraInfo(Unknown Source:15)

06-22 21:29:41.542  5267  5659 I LSPosed-Bridge: 	at LSPHooker_.getCameraInfo(Unknown Source:15)

06-22 21:29:41.542  5267  5659 I LSPosed-Bridge: 	at LSPHooker_.getCameraInfo(Unknown Source:15)

06-22 21:29:41.542  5267  5659 I LSPosed-Bridge: 	at z74.e(chromium-Monochrome.aab-stable-573513121:6)

06-22 21:29:41.542  5267  5659 I LSPosed-Bridge: 	at z74.e(chromium-Monochrome.aab-stable-573513121:6)

06-22 21:29:41.542  5267  5659 I LSPosed-Bridge: 	at z74.e(chromium-Monochrome.aab-stable-573513121:6)

06-22 21:29:41.542  5267  5659 I LSPosed-Bridge: 	at org.chromium.media.VideoCaptureFactory.getDeviceName(chromium-Monochrome.aab-stable-573513121:15)

06-22 21:29:41.542  5267  5659 I LSPosed-Bridge: 	at org.chromium.media.VideoCaptureFactory.getDeviceName(chromium-Monochrome.aab-stable-573513121:15)

06-22 21:29:41.542  5267  5659 I LSPosed-Bridge: 	at org.chromium.media.VideoCaptureFactory.getDeviceName(chromium-Monochrome.aab-stable-573513121:15)

06-22 21:29:41.542 12272 12272 I Input   : injectMotionEvent: MotionEvent { action=ACTION_MOVE, actionButton=0, id[0]=0, x[0]=360.0, y[0]=712.0, toolType[0]=TOOL_TYPE_UNKNOWN, buttonState=0, metaState=0, flags=0x0, edgeFlags=0x0, pointerCount=1, historySize=0, eventTime=1125423, downTime=1125423, deviceId=3, source=0x1002 }

06-22 21:29:41.542 12272 12272 I Input   : injectMotionEvent: MotionEvent { action=ACTION_MOVE, actionButton=0, id[0]=0, x[0]=360.0, y[0]=712.0, toolType[0]=TOOL_TYPE_UNKNOWN, buttonState=0, metaState=0, flags=0x0, edgeFlags=0x0, pointerCount=1, historySize=0, eventTime=1125423, downTime=1125423, deviceId=3, source=0x1002 }

06-22 21:29:41.542 12272 12272 I Input   : injectMotionEvent: MotionEvent { action=ACTION_MOVE, actionButton=0, id[0]=0, x[0]=360.0, y[0]=712.0, toolType[0]=TOOL_TYPE_UNKNOWN, buttonState=0, metaState=0, flags=0x0, edgeFlags=0x0, pointerCount=1, historySize=0, eventTime=1125423, downTime=1125423, deviceId=3, source=0x1002 }

06-22 21:29:41.542  5267  5659 I LSPosed-Bridge: 5267 PermLabel 10123 android.permission.CAMERA getCameraInfo args0: 0; args1: android.hardware.Camera$CameraInfo@adae07c; res= null; stacktrace=java.lang.Exception

06-22 21:29:41.542  5267  5659 I LSPosed-Bridge: 5267 PermLabel 10123 android.permission.CAMERA getCameraInfo args0: 0; args1: android.hardware.Camera$CameraInfo@adae07c; res= null; stacktrace=java.lang.Exception

06-22 21:29:41.542  5267  5659 I LSPosed-Bridge: 5267 PermLabel 10123 android.permission.CAMERA getCameraInfo args0: 0; args1: android.hardware.Camera$CameraInfo@adae07c; res= null; stacktrace=java.lang.Exception

06-22 21:29:41.542  5267  5659 I LSPosed-Bridge: 	at com.example.permlabel.hookCamera$1.afterHookedMethod(hookCamera.java:21)

06-22 21:29:41.542  5267  5659 I LSPosed-Bridge: 	at com.example.permlabel.hookCamera$1.afterHookedMethod(hookCamera.java:21)

06-22 21:29:41.542  5267  5659 I LSPosed-Bridge: 	at com.example.permlabel.hookCamera$1.afterHookedMethod(hookCamera.java:21)

06-22 21:29:41.542  5267  5659 I LSPosed-Bridge: 	at de.robv.android.xposed.XposedBridge$AdditionalHookInfo.callback(Unknown Source:147)

06-22 21:29:41.542  5267  5659 I LSPosed-Bridge: 	at de.robv.android.xposed.XposedBridge$AdditionalHookInfo.callback(Unknown Source:147)

06-22 21:29:41.542  5267  5659 I LSPosed-Bridge: 	at de.robv.android.xposed.XposedBridge$AdditionalHookInfo.callback(Unknown Source:147)

06-22 21:29:41.542  5267  5659 I LSPosed-Bridge: 	at LSPHooker_.getCameraInfo(Unknown Source:15)

06-22 21:29:41.542  5267  5659 I LSPosed-Bridge: 	at LSPHooker_.getCameraInfo(Unknown Source:15)

06-22 21:29:41.542  5267  5659 I LSPosed-Bridge: 	at LSPHooker_.getCameraInfo(Unknown Source:15)

06-22 21:29:41.542  5267  5659 I LSPosed-Bridge: 	at z74.e(chromium-Monochrome.aab-stable-573513121:6)

06-22 21:29:41.542  5267  5659 I LSPosed-Bridge: 	at z74.e(chromium-Monochrome.aab-stable-573513121:6)

06-22 21:29:41.542  5267  5659 I LSPosed-Bridge: 	at z74.e(chromium-Monochrome.aab-stable-573513121:6)

06-22 21:29:41.542  5267  5659 I LSPosed-Bridge: 	at org.chromium.media.VideoCaptureFactory.getDeviceName(chromium-Monochrome.aab-stable-573513121:15)

06-22 21:29:41.542  5267  5659 I LSPosed-Bridge: 	at org.chromium.media.VideoCaptureFactory.getDeviceName(chromium-Monochrome.aab-stable-573513121:15)

06-22 21:29:41.542  5267  5659 I LSPosed-Bridge: 	at org.chromium.media.VideoCaptureFactory.getDeviceName(chromium-Monochrome.aab-stable-573513121:15)

06-22 21:29:41.542  5267  5659 I LSPosed-Bridge: 5267 PermLabel 10123 android.permission.CAMERA getCameraInfo args0: 0; args1: android.hardware.Camera$CameraInfo@adae07c; res= null; stacktrace=java.lang.Exception

06-22 21:29:41.542  5267  5659 I LSPosed-Bridge: 5267 PermLabel 10123 android.permission.CAMERA getCameraInfo args0: 0; args1: android.hardware.Camera$CameraInfo@adae07c; res= null; stacktrace=java.lang.Exception

06-22 21:29:41.542  5267  5659 I LSPosed-Bridge: 5267 PermLabel 10123 android.permission.CAMERA getCameraInfo args0: 0; args1: android.hardware.Camera$CameraInfo@adae07c; res= null; stacktrace=java.lang.Exception

06-22 21:29:41.542  5267  5659 I LSPosed-Bridge: 	at com.example.permlabel.hookCamera$1.afterHookedMethod(hookCamera.java:21)

06-22 21:29:41.542  5267  5659 I LSPosed-Bridge: 	at com.example.permlabel.hookCamera$1.afterHookedMethod(hookCamera.java:21)

06-22 21:29:41.542  5267  5659 I LSPosed-Bridge: 	at com.example.permlabel.hookCamera$1.afterHookedMethod(hookCamera.java:21)

06-22 21:29:41.542  5267  5659 I LSPosed-Bridge: 	at de.robv.android.xposed.XposedBridge$AdditionalHookInfo.callback(Unknown Source:147)

06-22 21:29:41.542  5267  5659 I LSPosed-Bridge: 	at de.robv.android.xposed.XposedBridge$AdditionalHookInfo.callback(Unknown Source:147)

06-22 21:29:41.542  5267  5659 I LSPosed-Bridge: 	at de.robv.android.xposed.XposedBridge$AdditionalHookInfo.callback(Unknown Source:147)

06-22 21:29:41.542  5267  5659 I LSPosed-Bridge: 	at LSPHooker_.getCameraInfo(Unknown Source:15)

06-22 21:29:41.542  5267  5659 I LSPosed-Bridge: 	at LSPHooker_.getCameraInfo(Unknown Source:15)

06-22 21:29:41.542  5267  5659 I LSPosed-Bridge: 	at LSPHooker_.getCameraInfo(Unknown Source:15)

06-22 21:29:41.542  5267  5659 I LSPosed-Bridge: 	at z74.e(chromium-Monochrome.aab-stable-573513121:6)

06-22 21:29:41.542  5267  5659 I LSPosed-Bridge: 	at z74.e(chromium-Monochrome.aab-stable-573513121:6)

06-22 21:29:41.542  5267  5659 I LSPosed-Bridge: 	at z74.e(chromium-Monochrome.aab-stable-573513121:6)

06-22 21:29:41.542  5267  5659 I LSPosed-Bridge: 	at org.chromium.media.VideoCaptureFactory.getDeviceName(chromium-Monochrome.aab-stable-573513121:15)

06-22 21:29:41.542  5267  5659 I LSPosed-Bridge: 	at org.chromium.media.VideoCaptureFactory.getDeviceName(chromium-Monochrome.aab-stable-573513121:15)

06-22 21:29:41.542  5267  5659 I LSPosed-Bridge: 	at org.chromium.media.VideoCaptureFactory.getDeviceName(chromium-Monochrome.aab-stable-573513121:15)

06-22 21:29:41.558  5267  5659 I LSPosed-Bridge: 5267 PermLabel 10123 android.permission.CAMERA getCameraInfo args0: 0; args1: android.hardware.Camera$CameraInfo@4f0f481; res= null; stacktrace=java.lang.Exception

06-22 21:29:41.558  5267  5659 I LSPosed-Bridge: 	at com.example.permlabel.hookCamera$1.afterHookedMethod(hookCamera.java:21)

06-22 21:29:41.558  5267  5659 I LSPosed-Bridge: 	at de.robv.android.xposed.XposedBridge$AdditionalHookInfo.callback(Unknown Source:147)

06-22 21:29:41.558  5267  5659 I LSPosed-Bridge: 	at LSPHooker_.getCameraInfo(Unknown Source:15)

06-22 21:29:41.558  5267  5659 I LSPosed-Bridge: 	at z74.e(chromium-Monochrome.aab-stable-573513121:6)

06-22 21:29:41.558  5267  5659 I LSPosed-Bridge: 	at org.chromium.media.VideoCaptureFactory.getCaptureApiType(chromium-Monochrome.aab-stable-573513121:8)

06-22 21:29:41.558  5267  5659 I chatty  : uid=10123(sixpack.sixpackabs.absworkout) ThreadPoolSingl identical 1 line

06-22 21:29:41.559  5267  5659 I LSPosed-Bridge: 5267 PermLabel 10123 android.permission.CAMERA getCameraInfo args0: 0; args1: android.hardware.Camera$CameraInfo@4f0f481; res= null; stacktrace=java.lang.Exception

06-22 21:29:41.559  5267  5659 I LSPosed-Bridge: 	at com.example.permlabel.hookCamera$1.afterHookedMethod(hookCamera.java:21)

06-22 21:29:41.559  5267  5659 I LSPosed-Bridge: 	at de.robv.android.xposed.XposedBridge$AdditionalHookInfo.callback(Unknown Source:147)

06-22 21:29:41.559  5267  5659 I LSPosed-Bridge: 	at LSPHooker_.getCameraInfo(Unknown Source:15)

06-22 21:29:41.559  5267  5659 I LSPosed-Bridge: 	at z74.e(chromium-Monochrome.aab-stable-573513121:6)

06-22 21:29:41.559  5267  5659 I LSPosed-Bridge: 	at org.chromium.media.VideoCaptureFactory.getCaptureApiType(chromium-Monochrome.aab-stable-573513121:8)

06-22 21:29:41.570  5267  5659 I LSPosed-Bridge: 5267 PermLabel 10123 android.permission.CAMERA getCameraInfo args0: 0; args1: android.hardware.Camera$CameraInfo@cb757bd; res= null; stacktrace=java.lang.Exception

06-22 21:29:41.570  5267  5659 I LSPosed-Bridge: 	at com.example.permlabel.hookCamera$1.afterHookedMethod(hookCamera.java:21)

06-22 21:29:41.570  5267  5659 I LSPosed-Bridge: 	at de.robv.android.xposed.XposedBridge$AdditionalHookInfo.callback(Unknown Source:147)

06-22 21:29:41.570  5267  5659 I LSPosed-Bridge: 	at LSPHooker_.getCameraInfo(Unknown Source:15)

06-22 21:29:41.570  5267  5659 I LSPosed-Bridge: 	at z74.e(chromium-Monochrome.aab-stable-573513121:6)

06-22 21:29:41.570  5267  5659 I LSPosed-Bridge: 	at org.chromium.media.VideoCaptureFactory.getFacingMode(chromium-Monochrome.aab-stable-573513121:10)

06-22 21:29:41.570  5267  5659 I chatty  : uid=10123(sixpack.sixpackabs.absworkout) ThreadPoolSingl identical 1 line

06-22 21:29:41.571  5267  5659 I LSPosed-Bridge: 5267 PermLabel 10123 android.permission.CAMERA getCameraInfo args0: 0; args1: android.hardware.Camera$CameraInfo@cb757bd; res= null; stacktrace=java.lang.Exception

06-22 21:29:41.571  5267  5659 I LSPosed-Bridge: 	at com.example.permlabel.hookCamera$1.afterHookedMethod(hookCamera.java:21)

06-22 21:29:41.571  5267  5659 I LSPosed-Bridge: 	at de.robv.android.xposed.XposedBridge$AdditionalHookInfo.callback(Unknown Source:147)

06-22 21:29:41.571  5267  5659 I LSPosed-Bridge: 	at LSPHooker_.getCameraInfo(Unknown Source:15)

06-22 21:29:41.571  5267  5659 I LSPosed-Bridge: 	at z74.e(chromium-Monochrome.aab-stable-573513121:6)

06-22 21:29:41.571  5267  5659 I LSPosed-Bridge: 	at org.chromium.media.VideoCaptureFactory.getFacingMode(chromium-Monochrome.aab-stable-573513121:10)

06-22 21:30:47.460  5267  5659 I LSPosed-Bridge: 5267 PermLabel 10123 android.permission.CAMERA getCameraInfo args0: 1; args1: android.hardware.Camera$CameraInfo@d8c20b9; res= null; stacktrace=java.lang.Exception

06-22 21:30:47.460  5267  5659 I LSPosed-Bridge: 	at com.example.permlabel.hookCamera$1.afterHookedMethod(hookCamera.java:21)

06-22 21:30:47.460  5267  5659 I LSPosed-Bridge: 	at de.robv.android.xposed.XposedBridge$AdditionalHookInfo.callback(Unknown Source:147)

06-22 21:30:47.460  5267  5659 I LSPosed-Bridge: 	at LSPHooker_.getCameraInfo(Unknown Source:15)

06-22 21:30:47.460  5267  5659 I LSPosed-Bridge: 	at z74.e(chromium-Monochrome.aab-stable-573513121:6)

06-22 21:30:47.460  5267  5659 I LSPosed-Bridge: 	at org.chromium.media.VideoCaptureFactory.getDeviceName(chromium-Monochrome.aab-stable-573513121:15)

06-22 21:30:47.463   553   553 I ConfigStore: android::hardware::configstore::V1_0::ISurfaceFlingerConfigs::hasHDRDisplay retrieved: 0

06-22 21:30:47.463  5267  5659 I LSPosed-Bridge: 5267 PermLabel 10123 android.permission.CAMERA getCameraInfo args0: 1; args1: android.hardware.Camera$CameraInfo@d8c20b9; res= null; stacktrace=java.lang.Exception

06-22 21:30:47.463  5267  5659 I LSPosed-Bridge: 	at com.example.permlabel.hookCamera$1.afterHookedMethod(hookCamera.java:21)

06-22 21:30:47.463  5267  5659 I LSPosed-Bridge: 	at de.robv.android.xposed.XposedBridge$AdditionalHookInfo.callback(Unknown Source:147)

06-22 21:30:47.463  5267  5659 I LSPosed-Bridge: 	at LSPHooker_.getCameraInfo(Unknown Source:15)

06-22 21:30:47.463  5267  5659 I LSPosed-Bridge: 	at z74.e(chromium-Monochrome.aab-stable-573513121:6)

06-22 21:30:47.463  5267  5659 I LSPosed-Bridge: 	at org.chromium.media.VideoCaptureFactory.getDeviceName(chromium-Monochrome.aab-stable-573513121:15)

06-22 21:30:47.464   553   553 I ConfigStore: android::hardware::configstore::V1_0::ISurfaceFlingerConfigs::hasHDRDisplay retrieved: 0

06-22 21:30:47.464  5267  5659 I LSPosed-Bridge: 5267 PermLabel 10123 android.permission.CAMERA getCameraInfo args0: 1; args1: android.hardware.Camera$CameraInfo@d8c20b9; res= null; stacktrace=java.lang.Exception

06-22 21:30:47.464  5267  5659 I LSPosed-Bridge: 	at com.example.permlabel.hookCamera$1.afterHookedMethod(hookCamera.java:21)

06-22 21:30:47.464  5267  5659 I LSPosed-Bridge: 	at de.robv.android.xposed.XposedBridge$AdditionalHookInfo.callback(Unknown Source:147)

06-22 21:30:47.464  5267  5659 I LSPosed-Bridge: 	at LSPHooker_.getCameraInfo(Unknown Source:15)

06-22 21:30:47.464  5267  5659 I LSPosed-Bridge: 	at z74.e(chromium-Monochrome.aab-stable-573513121:6)

06-22 21:30:47.464  5267  5659 I LSPosed-Bridge: 	at org.chromium.media.VideoCaptureFactory.getDeviceName(chromium-Monochrome.aab-stable-573513121:15)

06-22 21:30:47.504  5267  5659 I LSPosed-Bridge: 5267 PermLabel 10123 android.permission.CAMERA getCameraInfo args0: 1; args1: android.hardware.Camera$CameraInfo@3450f75; res= null; stacktrace=java.lang.Exception

06-22 21:30:47.504  5267  5659 I LSPosed-Bridge: 	at com.example.permlabel.hookCamera$1.afterHookedMethod(hookCamera.java:21)

06-22 21:30:47.504  5267  5659 I LSPosed-Bridge: 	at de.robv.android.xposed.XposedBridge$AdditionalHookInfo.callback(Unknown Source:147)

06-22 21:30:47.504  5267  5659 I LSPosed-Bridge: 	at LSPHooker_.getCameraInfo(Unknown Source:15)

06-22 21:30:47.504  5267  5659 I LSPosed-Bridge: 	at z74.e(chromium-Monochrome.aab-stable-573513121:6)

06-22 21:30:47.504  5267  5659 I LSPosed-Bridge: 	at org.chromium.media.VideoCaptureFactory.getCaptureApiType(chromium-Monochrome.aab-stable-573513121:8)

06-22 21:30:47.504  5267  5659 I chatty  : uid=10123(sixpack.sixpackabs.absworkout) ThreadPoolSingl identical 1 line

06-22 21:30:47.505  5267  5659 I LSPosed-Bridge: 5267 PermLabel 10123 android.permission.CAMERA getCameraInfo args0: 1; args1: android.hardware.Camera$CameraInfo@3450f75; res= null; stacktrace=java.lang.Exception

06-22 21:30:47.505  5267  5659 I LSPosed-Bridge: 	at com.example.permlabel.hookCamera$1.afterHookedMethod(hookCamera.java:21)

06-22 21:30:47.505  5267  5659 I LSPosed-Bridge: 	at de.robv.android.xposed.XposedBridge$AdditionalHookInfo.callback(Unknown Source:147)

06-22 21:30:47.505  5267  5659 I LSPosed-Bridge: 	at LSPHooker_.getCameraInfo(Unknown Source:15)

06-22 21:30:47.505  5267  5659 I LSPosed-Bridge: 	at z74.e(chromium-Monochrome.aab-stable-573513121:6)

06-22 21:30:47.505  5267  5659 I LSPosed-Bridge: 	at org.chromium.media.VideoCaptureFactory.getCaptureApiType(chromium-Monochrome.aab-stable-573513121:8)

06-22 21:30:47.511  5267  5659 I LSPosed-Bridge: 5267 PermLabel 10123 android.permission.CAMERA getCameraInfo args0: 1; args1: android.hardware.Camera$CameraInfo@3642df1; res= null; stacktrace=java.lang.Exception

06-22 21:30:47.511  5267  5659 I LSPosed-Bridge: 	at com.example.permlabel.hookCamera$1.afterHookedMethod(hookCamera.java:21)

06-22 21:30:47.511  5267  5659 I LSPosed-Bridge: 	at de.robv.android.xposed.XposedBridge$AdditionalHookInfo.callback(Unknown Source:147)

06-22 21:30:47.511  5267  5659 I LSPosed-Bridge: 	at LSPHooker_.getCameraInfo(Unknown Source:15)

06-22 21:30:47.511  5267  5659 I LSPosed-Bridge: 	at z74.e(chromium-Monochrome.aab-stable-573513121:6)

06-22 21:30:47.511  5267  5659 I LSPosed-Bridge: 	at org.chromium.media.VideoCaptureFactory.getFacingMode(chromium-Monochrome.aab-stable-573513121:10)

06-22 21:30:47.511  5267  5659 I chatty  : uid=10123(sixpack.sixpackabs.absworkout) ThreadPoolSingl identical 1 line

06-22 21:30:47.512  5267  5659 I LSPosed-Bridge: 5267 PermLabel 10123 android.permission.CAMERA getCameraInfo args0: 1; args1: android.hardware.Camera$CameraInfo@3642df1; res= null; stacktrace=java.lang.Exception

06-22 21:30:47.512  5267  5659 I LSPosed-Bridge: 	at com.example.permlabel.hookCamera$1.afterHookedMethod(hookCamera.java:21)

06-22 21:30:47.512  5267  5659 I LSPosed-Bridge: 	at de.robv.android.xposed.XposedBridge$AdditionalHookInfo.callback(Unknown Source:147)

06-22 21:30:47.512  5267  5659 I LSPosed-Bridge: 	at LSPHooker_.getCameraInfo(Unknown Source:15)

06-22 21:30:47.512  5267  5659 I LSPosed-Bridge: 	at z74.e(chromium-Monochrome.aab-stable-573513121:6)

06-22 21:30:47.512  5267  5659 I LSPosed-Bridge: 	at org.chromium.media.VideoCaptureFactory.getFacingMode(chromium-Monochrome.aab-stable-573513121:10)

06-22 21:30:47.518  5267  5659 I LSPosed-Bridge: 5267 PermLabel 10123 android.permission.CAMERA getCameraInfo args0: 0; args1: android.hardware.Camera$CameraInfo@47cb82d; res= null; stacktrace=java.lang.Exception

06-22 21:30:47.518  5267  5659 I LSPosed-Bridge: 	at com.example.permlabel.hookCamera$1.afterHookedMethod(hookCamera.java:21)

06-22 21:30:47.518  5267  5659 I LSPosed-Bridge: 	at de.robv.android.xposed.XposedBridge$AdditionalHookInfo.callback(Unknown Source:147)

06-22 21:30:47.518  5267  5659 I LSPosed-Bridge: 	at LSPHooker_.getCameraInfo(Unknown Source:15)

06-22 21:30:47.518  5267  5659 I LSPosed-Bridge: 	at z74.e(chromium-Monochrome.aab-stable-573513121:6)

06-22 21:30:47.518  5267  5659 I LSPosed-Bridge: 	at org.chromium.media.VideoCaptureFactory.getDeviceName(chromium-Monochrome.aab-stable-573513121:15)

06-22 21:30:47.518  5267  5659 I chatty  : uid=10123(sixpack.sixpackabs.absworkout) ThreadPoolSingl identical 1 line

06-22 21:30:47.519  5267  5659 I LSPosed-Bridge: 5267 PermLabel 10123 android.permission.CAMERA getCameraInfo args0: 0; args1: android.hardware.Camera$CameraInfo@47cb82d; res= null; stacktrace=java.lang.Exception

06-22 21:30:47.519  5267  5659 I LSPosed-Bridge: 	at com.example.permlabel.hookCamera$1.afterHookedMethod(hookCamera.java:21)

06-22 21:30:47.519  5267  5659 I LSPosed-Bridge: 	at de.robv.android.xposed.XposedBridge$AdditionalHookInfo.callback(Unknown Source:147)

06-22 21:30:47.519  5267  5659 I LSPosed-Bridge: 	at LSPHooker_.getCameraInfo(Unknown Source:15)

06-22 21:30:47.519  5267  5659 I LSPosed-Bridge: 	at z74.e(chromium-Monochrome.aab-stable-573513121:6)

06-22 21:30:47.519  5267  5659 I LSPosed-Bridge: 	at org.chromium.media.VideoCaptureFactory.getDeviceName(chromium-Monochrome.aab-stable-573513121:15)

06-22 21:30:47.533  5267  5659 I LSPosed-Bridge: 5267 PermLabel 10123 android.permission.CAMERA getCameraInfo args0: 0; args1: android.hardware.Camera$CameraInfo@919aa29; res= null; stacktrace=java.lang.Exception

06-22 21:30:47.533  5267  5659 I LSPosed-Bridge: 	at com.example.permlabel.hookCamera$1.afterHookedMethod(hookCamera.java:21)

06-22 21:30:47.533  5267  5659 I LSPosed-Bridge: 	at de.robv.android.xposed.XposedBridge$AdditionalHookInfo.callback(Unknown Source:147)

06-22 21:30:47.533  5267  5659 I LSPosed-Bridge: 	at LSPHooker_.getCameraInfo(Unknown Source:15)

06-22 21:30:47.533  5267  5659 I LSPosed-Bridge: 	at z74.e(chromium-Monochrome.aab-stable-573513121:6)

06-22 21:30:47.533  5267  5659 I LSPosed-Bridge: 	at org.chromium.media.VideoCaptureFactory.getCaptureApiType(chromium-Monochrome.aab-stable-573513121:8)

06-22 21:30:47.533   553   553 I ConfigStore: android::hardware::configstore::V1_0::ISurfaceFlingerConfigs::hasHDRDisplay retrieved: 0

06-22 21:30:47.534  5267  5659 I LSPosed-Bridge: 5267 PermLabel 10123 android.permission.CAMERA getCameraInfo args0: 0; args1: android.hardware.Camera$CameraInfo@919aa29; res= null; stacktrace=java.lang.Exception

06-22 21:30:47.534  5267  5659 I LSPosed-Bridge: 5267 PermLabel 10123 android.permission.CAMERA getCameraInfo args0: 0; args1: android.hardware.Camera$CameraInfo@919aa29; res= null; stacktrace=java.lang.Exception

06-22 21:30:47.534  5267  5659 I LSPosed-Bridge: 	at com.example.permlabel.hookCamera$1.afterHookedMethod(hookCamera.java:21)

06-22 21:30:47.534  5267  5659 I LSPosed-Bridge: 	at com.example.permlabel.hookCamera$1.afterHookedMethod(hookCamera.java:21)

06-22 21:30:47.534  5267  5659 I LSPosed-Bridge: 	at de.robv.android.xposed.XposedBridge$AdditionalHookInfo.callback(Unknown Source:147)

06-22 21:30:47.534  5267  5659 I LSPosed-Bridge: 	at de.robv.android.xposed.XposedBridge$AdditionalHookInfo.callback(Unknown Source:147)

06-22 21:30:47.534  5267  5659 I LSPosed-Bridge: 	at LSPHooker_.getCameraInfo(Unknown Source:15)

06-22 21:30:47.534  5267  5659 I LSPosed-Bridge: 	at LSPHooker_.getCameraInfo(Unknown Source:15)

06-22 21:30:47.534  5267  5659 I LSPosed-Bridge: 	at z74.e(chromium-Monochrome.aab-stable-573513121:6)

06-22 21:30:47.534  5267  5659 I LSPosed-Bridge: 	at z74.e(chromium-Monochrome.aab-stable-573513121:6)

06-22 21:30:47.534  5267  5659 I LSPosed-Bridge: 	at org.chromium.media.VideoCaptureFactory.getCaptureApiType(chromium-Monochrome.aab-stable-573513121:8)

06-22 21:30:47.534  5267  5659 I LSPosed-Bridge: 	at org.chromium.media.VideoCaptureFactory.getCaptureApiType(chromium-Monochrome.aab-stable-573513121:8)

06-22 21:30:47.534  5267  5659 I LSPosed-Bridge: 5267 PermLabel 10123 android.permission.CAMERA getCameraInfo args0: 0; args1: android.hardware.Camera$CameraInfo@919aa29; res= null; stacktrace=java.lang.Exception

06-22 21:30:47.534  5267  5659 I LSPosed-Bridge: 5267 PermLabel 10123 android.permission.CAMERA getCameraInfo args0: 0; args1: android.hardware.Camera$CameraInfo@919aa29; res= null; stacktrace=java.lang.Exception

06-22 21:30:47.534  5267  5659 I LSPosed-Bridge: 	at com.example.permlabel.hookCamera$1.afterHookedMethod(hookCamera.java:21)

06-22 21:30:47.534  5267  5659 I LSPosed-Bridge: 	at com.example.permlabel.hookCamera$1.afterHookedMethod(hookCamera.java:21)

06-22 21:30:47.534  5267  5659 I LSPosed-Bridge: 	at de.robv.android.xposed.XposedBridge$AdditionalHookInfo.callback(Unknown Source:147)

06-22 21:30:47.534  5267  5659 I LSPosed-Bridge: 	at de.robv.android.xposed.XposedBridge$AdditionalHookInfo.callback(Unknown Source:147)

06-22 21:30:47.534  5267  5659 I LSPosed-Bridge: 	at LSPHooker_.getCameraInfo(Unknown Source:15)

06-22 21:30:47.534  5267  5659 I LSPosed-Bridge: 	at LSPHooker_.getCameraInfo(Unknown Source:15)

06-22 21:30:47.534  5267  5659 I LSPosed-Bridge: 	at z74.e(chromium-Monochrome.aab-stable-573513121:6)

06-22 21:30:47.534  5267  5659 I LSPosed-Bridge: 	at z74.e(chromium-Monochrome.aab-stable-573513121:6)

06-22 21:30:47.534  5267  5659 I LSPosed-Bridge: 	at org.chromium.media.VideoCaptureFactory.getCaptureApiType(chromium-Monochrome.aab-stable-573513121:8)

06-22 21:30:47.534  5267  5659 I LSPosed-Bridge: 	at org.chromium.media.VideoCaptureFactory.getCaptureApiType(chromium-Monochrome.aab-stable-573513121:8)

06-22 21:30:47.533  5267  5267 W ThreadPoolSingl: type=1400 audit(0.0:2047): avc: denied { read } for name="u:object_r:vendor_camera_prop:s0" dev="tmpfs" ino=14636 scontext=u:r:untrusted_app:s0:c123,c256,c512,c768 tcontext=u:object_r:vendor_camera_prop:s0 tclass=file permissive=0

06-22 21:30:47.546  5267  5659 I LSPosed-Bridge: 5267 PermLabel 10123 android.permission.CAMERA getCameraInfo args0: 0; args1: android.hardware.Camera$CameraInfo@779bfe5; res= null; stacktrace=java.lang.Exception

06-22 21:30:47.546  5267  5659 I LSPosed-Bridge: 	at com.example.permlabel.hookCamera$1.afterHookedMethod(hookCamera.java:21)

06-22 21:30:47.546  5267  5659 I LSPosed-Bridge: 	at de.robv.android.xposed.XposedBridge$AdditionalHookInfo.callback(Unknown Source:147)

06-22 21:30:47.546  5267  5659 I LSPosed-Bridge: 	at LSPHooker_.getCameraInfo(Unknown Source:15)

06-22 21:30:47.546  5267  5659 I LSPosed-Bridge: 	at z74.e(chromium-Monochrome.aab-stable-573513121:6)

06-22 21:30:47.546  5267  5659 I LSPosed-Bridge: 	at org.chromium.media.VideoCaptureFactory.getFacingMode(chromium-Monochrome.aab-stable-573513121:10)

06-22 21:30:47.546  5267  5659 I chatty  : uid=10123(sixpack.sixpackabs.absworkout) ThreadPoolSingl identical 1 line

06-22 21:30:47.547  5267  5659 I LSPosed-Bridge: 5267 PermLabel 10123 android.permission.CAMERA getCameraInfo args0: 0; args1: android.hardware.Camera$CameraInfo@779bfe5; res= null; stacktrace=java.lang.Exception

06-22 21:30:47.547  5267  5659 I LSPosed-Bridge: 	at com.example.permlabel.hookCamera$1.afterHookedMethod(hookCamera.java:21)

06-22 21:30:47.547  5267  5659 I LSPosed-Bridge: 	at de.robv.android.xposed.XposedBridge$AdditionalHookInfo.callback(Unknown Source:147)

06-22 21:30:47.547  5267  5659 I LSPosed-Bridge: 	at LSPHooker_.getCameraInfo(Unknown Source:15)

06-22 21:30:47.547  5267  5659 I LSPosed-Bridge: 	at z74.e(chromium-Monochrome.aab-stable-573513121:6)

06-22 21:30:47.547  5267  5659 I LSPosed-Bridge: 	at org.chromium.media.VideoCaptureFactory.getFacingMode(chromium-Monochrome.aab-stable-573513121:10)

06-22 21:31:45.920  5267  5659 I LSPosed-Bridge: 5267 PermLabel 10123 android.permission.CAMERA getCameraInfo args0: 1; args1: android.hardware.Camera$CameraInfo@8bc52fe; res= null; stacktrace=java.lang.Exception

06-22 21:31:45.920  5267  5659 I LSPosed-Bridge: 5267 PermLabel 10123 android.permission.CAMERA getCameraInfo args0: 1; args1: android.hardware.Camera$CameraInfo@8bc52fe; res= null; stacktrace=java.lang.Exception

06-22 21:31:45.920  5267  5659 I LSPosed-Bridge: 	at com.example.permlabel.hookCamera$1.afterHookedMethod(hookCamera.java:21)

06-22 21:31:45.920  5267  5659 I LSPosed-Bridge: 	at com.example.permlabel.hookCamera$1.afterHookedMethod(hookCamera.java:21)

06-22 21:31:45.920  5267  5659 I LSPosed-Bridge: 	at de.robv.android.xposed.XposedBridge$AdditionalHookInfo.callback(Unknown Source:147)

06-22 21:31:45.920  5267  5659 I LSPosed-Bridge: 	at de.robv.android.xposed.XposedBridge$AdditionalHookInfo.callback(Unknown Source:147)

06-22 21:31:45.920  5267  5659 I LSPosed-Bridge: 	at LSPHooker_.getCameraInfo(Unknown Source:15)

06-22 21:31:45.920  5267  5659 I LSPosed-Bridge: 	at LSPHooker_.getCameraInfo(Unknown Source:15)

06-22 21:31:45.920  5267  5659 I LSPosed-Bridge: 	at z74.e(chromium-Monochrome.aab-stable-573513121:6)

06-22 21:31:45.920  5267  5659 I LSPosed-Bridge: 	at z74.e(chromium-Monochrome.aab-stable-573513121:6)

06-22 21:31:45.920  5267  5659 I LSPosed-Bridge: 	at org.chromium.media.VideoCaptureFactory.getDeviceName(chromium-Monochrome.aab-stable-573513121:15)

06-22 21:31:45.920  5267  5659 I LSPosed-Bridge: 	at org.chromium.media.VideoCaptureFactory.getDeviceName(chromium-Monochrome.aab-stable-573513121:15)

06-22 21:31:45.920  5267  5659 I chatty  : uid=10123(sixpack.sixpackabs.absworkout) ThreadPoolSingl identical 1 line

06-22 21:31:45.920  5267  5659 I chatty  : uid=10123(sixpack.sixpackabs.absworkout) ThreadPoolSingl identical 1 line

06-22 21:31:45.920  5267  5659 I LSPosed-Bridge: 5267 PermLabel 10123 android.permission.CAMERA getCameraInfo args0: 1; args1: android.hardware.Camera$CameraInfo@8bc52fe; res= null; stacktrace=java.lang.Exception

06-22 21:31:45.920  5267  5659 I LSPosed-Bridge: 5267 PermLabel 10123 android.permission.CAMERA getCameraInfo args0: 1; args1: android.hardware.Camera$CameraInfo@8bc52fe; res= null; stacktrace=java.lang.Exception

06-22 21:31:45.920  5267  5659 I LSPosed-Bridge: 	at com.example.permlabel.hookCamera$1.afterHookedMethod(hookCamera.java:21)

06-22 21:31:45.920  5267  5659 I LSPosed-Bridge: 	at com.example.permlabel.hookCamera$1.afterHookedMethod(hookCamera.java:21)

06-22 21:31:45.920  5267  5659 I LSPosed-Bridge: 	at de.robv.android.xposed.XposedBridge$AdditionalHookInfo.callback(Unknown Source:147)

06-22 21:31:45.920  5267  5659 I LSPosed-Bridge: 	at de.robv.android.xposed.XposedBridge$AdditionalHookInfo.callback(Unknown Source:147)

06-22 21:31:45.920  5267  5659 I LSPosed-Bridge: 	at LSPHooker_.getCameraInfo(Unknown Source:15)

06-22 21:31:45.920  5267  5659 I LSPosed-Bridge: 	at LSPHooker_.getCameraInfo(Unknown Source:15)

06-22 21:31:45.920  5267  5659 I LSPosed-Bridge: 	at z74.e(chromium-Monochrome.aab-stable-573513121:6)

06-22 21:31:45.920  5267  5659 I LSPosed-Bridge: 	at z74.e(chromium-Monochrome.aab-stable-573513121:6)

06-22 21:31:45.920  5267  5659 I LSPosed-Bridge: 	at org.chromium.media.VideoCaptureFactory.getDeviceName(chromium-Monochrome.aab-stable-573513121:15)

06-22 21:31:45.920  5267  5659 I LSPosed-Bridge: 	at org.chromium.media.VideoCaptureFactory.getDeviceName(chromium-Monochrome.aab-stable-573513121:15)

06-22 21:31:45.935   553   553 I ConfigStore: android::hardware::configstore::V1_0::ISurfaceFlingerConfigs::hasHDRDisplay retrieved: 0

06-22 21:31:45.935   553   553 I ConfigStore: android::hardware::configstore::V1_0::ISurfaceFlingerConfigs::hasHDRDisplay retrieved: 0

06-22 21:31:45.935  5267  5659 I LSPosed-Bridge: 5267 PermLabel 10123 android.permission.CAMERA getCameraInfo args0: 1; args1: android.hardware.Camera$CameraInfo@e06a10a; res= null; stacktrace=java.lang.Exception

06-22 21:31:45.935  5267  5659 I LSPosed-Bridge: 5267 PermLabel 10123 android.permission.CAMERA getCameraInfo args0: 1; args1: android.hardware.Camera$CameraInfo@e06a10a; res= null; stacktrace=java.lang.Exception

06-22 21:31:45.935  5267  5659 I LSPosed-Bridge: 	at com.example.permlabel.hookCamera$1.afterHookedMethod(hookCamera.java:21)

06-22 21:31:45.935  5267  5659 I LSPosed-Bridge: 	at com.example.permlabel.hookCamera$1.afterHookedMethod(hookCamera.java:21)

06-22 21:31:45.935  5267  5659 I LSPosed-Bridge: 	at de.robv.android.xposed.XposedBridge$AdditionalHookInfo.callback(Unknown Source:147)

06-22 21:31:45.935  5267  5659 I LSPosed-Bridge: 	at de.robv.android.xposed.XposedBridge$AdditionalHookInfo.callback(Unknown Source:147)

06-22 21:31:45.935  5267  5659 I LSPosed-Bridge: 	at LSPHooker_.getCameraInfo(Unknown Source:15)

06-22 21:31:45.935  5267  5659 I LSPosed-Bridge: 	at LSPHooker_.getCameraInfo(Unknown Source:15)

06-22 21:31:45.935  5267  5659 I LSPosed-Bridge: 	at z74.e(chromium-Monochrome.aab-stable-573513121:6)

06-22 21:31:45.935  5267  5659 I LSPosed-Bridge: 	at z74.e(chromium-Monochrome.aab-stable-573513121:6)

06-22 21:31:45.935  5267  5659 I LSPosed-Bridge: 	at org.chromium.media.VideoCaptureFactory.getCaptureApiType(chromium-Monochrome.aab-stable-573513121:8)

06-22 21:31:45.935  5267  5659 I LSPosed-Bridge: 	at org.chromium.media.VideoCaptureFactory.getCaptureApiType(chromium-Monochrome.aab-stable-573513121:8)

06-22 21:31:45.935  5267  5659 I chatty  : uid=10123(sixpack.sixpackabs.absworkout) ThreadPoolSingl identical 1 line

06-22 21:31:45.935  5267  5659 I chatty  : uid=10123(sixpack.sixpackabs.absworkout) ThreadPoolSingl identical 1 line

06-22 21:31:45.935  5267  5659 I LSPosed-Bridge: 5267 PermLabel 10123 android.permission.CAMERA getCameraInfo args0: 1; args1: android.hardware.Camera$CameraInfo@e06a10a; res= null; stacktrace=java.lang.Exception

06-22 21:31:45.935  5267  5659 I LSPosed-Bridge: 5267 PermLabel 10123 android.permission.CAMERA getCameraInfo args0: 1; args1: android.hardware.Camera$CameraInfo@e06a10a; res= null; stacktrace=java.lang.Exception

06-22 21:31:45.935  5267  5659 I LSPosed-Bridge: 	at com.example.permlabel.hookCamera$1.afterHookedMethod(hookCamera.java:21)

06-22 21:31:45.935  5267  5659 I LSPosed-Bridge: 	at com.example.permlabel.hookCamera$1.afterHookedMethod(hookCamera.java:21)

06-22 21:31:45.935  5267  5659 I LSPosed-Bridge: 	at de.robv.android.xposed.XposedBridge$AdditionalHookInfo.callback(Unknown Source:147)

06-22 21:31:45.935  5267  5659 I LSPosed-Bridge: 	at de.robv.android.xposed.XposedBridge$AdditionalHookInfo.callback(Unknown Source:147)

06-22 21:31:45.935  5267  5659 I LSPosed-Bridge: 	at LSPHooker_.getCameraInfo(Unknown Source:15)

06-22 21:31:45.935  5267  5659 I LSPosed-Bridge: 	at LSPHooker_.getCameraInfo(Unknown Source:15)

06-22 21:31:45.935  5267  5659 I LSPosed-Bridge: 	at z74.e(chromium-Monochrome.aab-stable-573513121:6)

06-22 21:31:45.935  5267  5659 I LSPosed-Bridge: 	at z74.e(chromium-Monochrome.aab-stable-573513121:6)

06-22 21:31:45.935  5267  5659 I LSPosed-Bridge: 	at org.chromium.media.VideoCaptureFactory.getCaptureApiType(chromium-Monochrome.aab-stable-573513121:8)

06-22 21:31:45.935  5267  5659 I LSPosed-Bridge: 	at org.chromium.media.VideoCaptureFactory.getCaptureApiType(chromium-Monochrome.aab-stable-573513121:8)

06-22 21:31:45.946  5267  5659 I LSPosed-Bridge: 5267 PermLabel 10123 android.permission.CAMERA getCameraInfo args0: 1; args1: android.hardware.Camera$CameraInfo@f5c3d6; res= null; stacktrace=java.lang.Exception

06-22 21:31:45.946  5267  5659 I LSPosed-Bridge: 	at com.example.permlabel.hookCamera$1.afterHookedMethod(hookCamera.java:21)

06-22 21:31:45.946  5267  5659 I LSPosed-Bridge: 	at de.robv.android.xposed.XposedBridge$AdditionalHookInfo.callback(Unknown Source:147)

06-22 21:31:45.946  5267  5659 I LSPosed-Bridge: 	at LSPHooker_.getCameraInfo(Unknown Source:15)

06-22 21:31:45.946  5267  5659 I LSPosed-Bridge: 	at z74.e(chromium-Monochrome.aab-stable-573513121:6)

06-22 21:31:45.946  5267  5659 I LSPosed-Bridge: 	at org.chromium.media.VideoCaptureFactory.getFacingMode(chromium-Monochrome.aab-stable-573513121:10)

06-22 21:31:45.952  5267  5659 I LSPosed-Bridge: 5267 PermLabel 10123 android.permission.CAMERA getCameraInfo args0: 1; args1: android.hardware.Camera$CameraInfo@f5c3d6; res= null; stacktrace=java.lang.Exception

06-22 21:31:45.952  5267  5659 I LSPosed-Bridge: 	at com.example.permlabel.hookCamera$1.afterHookedMethod(hookCamera.java:21)

06-22 21:31:45.952  5267  5659 I LSPosed-Bridge: 	at de.robv.android.xposed.XposedBridge$AdditionalHookInfo.callback(Unknown Source:147)

06-22 21:31:45.952  5267  5659 I LSPosed-Bridge: 	at LSPHooker_.getCameraInfo(Unknown Source:15)

06-22 21:31:45.952  5267  5659 I LSPosed-Bridge: 	at z74.e(chromium-Monochrome.aab-stable-573513121:6)

06-22 21:31:45.952  5267  5659 I LSPosed-Bridge: 	at org.chromium.media.VideoCaptureFactory.getFacingMode(chromium-Monochrome.aab-stable-573513121:10)

06-22 21:31:45.953  5267  5659 I LSPosed-Bridge: 5267 PermLabel 10123 android.permission.CAMERA getCameraInfo args0: 1; args1: android.hardware.Camera$CameraInfo@f5c3d6; res= null; stacktrace=java.lang.Exception

06-22 21:31:45.953  5267  5659 I LSPosed-Bridge: 	at com.example.permlabel.hookCamera$1.afterHookedMethod(hookCamera.java:21)

06-22 21:31:45.953  5267  5659 I LSPosed-Bridge: 	at de.robv.android.xposed.XposedBridge$AdditionalHookInfo.callback(Unknown Source:147)

06-22 21:31:45.953  5267  5659 I LSPosed-Bridge: 	at LSPHooker_.getCameraInfo(Unknown Source:15)

06-22 21:31:45.953  5267  5659 I LSPosed-Bridge: 	at z74.e(chromium-Monochrome.aab-stable-573513121:6)

06-22 21:31:45.953  5267  5659 I LSPosed-Bridge: 	at org.chromium.media.VideoCaptureFactory.getFacingMode(chromium-Monochrome.aab-stable-573513121:10)

06-22 21:31:45.953  5267  5267 W ThreadPoolSingl: type=1400 audit(0.0:2124): avc: denied { read } for name="u:object_r:vendor_camera_prop:s0" dev="tmpfs" ino=14636 scontext=u:r:untrusted_app:s0:c123,c256,c512,c768 tcontext=u:object_r:vendor_camera_prop:s0 tclass=file permissive=0

06-22 21:31:45.964  5267  5659 I LSPosed-Bridge: 5267 PermLabel 10123 android.permission.CAMERA getCameraInfo args0: 0; args1: android.hardware.Camera$CameraInfo@de24762; res= null; stacktrace=java.lang.Exception

06-22 21:31:45.964  5267  5659 I LSPosed-Bridge: 	at com.example.permlabel.hookCamera$1.afterHookedMethod(hookCamera.java:21)

06-22 21:31:45.964  5267  5659 I LSPosed-Bridge: 	at de.robv.android.xposed.XposedBridge$AdditionalHookInfo.callback(Unknown Source:147)

06-22 21:31:45.964  5267  5659 I LSPosed-Bridge: 	at LSPHooker_.getCameraInfo(Unknown Source:15)

06-22 21:31:45.964  5267  5659 I LSPosed-Bridge: 	at z74.e(chromium-Monochrome.aab-stable-573513121:6)

06-22 21:31:45.964  5267  5659 I LSPosed-Bridge: 	at org.chromium.media.VideoCaptureFactory.getDeviceName(chromium-Monochrome.aab-stable-573513121:15)

06-22 21:31:45.965  5267  5659 I LSPosed-Bridge: 5267 PermLabel 10123 android.permission.CAMERA getCameraInfo args0: 0; args1: android.hardware.Camera$CameraInfo@de24762; res= null; stacktrace=java.lang.Exception

06-22 21:31:45.965  5267  5659 I LSPosed-Bridge: 5267 PermLabel 10123 android.permission.CAMERA getCameraInfo args0: 0; args1: android.hardware.Camera$CameraInfo@de24762; res= null; stacktrace=java.lang.Exception

06-22 21:31:45.965  5267  5659 I LSPosed-Bridge: 	at com.example.permlabel.hookCamera$1.afterHookedMethod(hookCamera.java:21)

06-22 21:31:45.965  5267  5659 I LSPosed-Bridge: 	at com.example.permlabel.hookCamera$1.afterHookedMethod(hookCamera.java:21)

06-22 21:31:45.965  5267  5659 I LSPosed-Bridge: 	at de.robv.android.xposed.XposedBridge$AdditionalHookInfo.callback(Unknown Source:147)

06-22 21:31:45.965  5267  5659 I LSPosed-Bridge: 	at de.robv.android.xposed.XposedBridge$AdditionalHookInfo.callback(Unknown Source:147)

06-22 21:31:45.965  5267  5659 I LSPosed-Bridge: 	at LSPHooker_.getCameraInfo(Unknown Source:15)

06-22 21:31:45.965  5267  5659 I LSPosed-Bridge: 	at LSPHooker_.getCameraInfo(Unknown Source:15)

06-22 21:31:45.965  5267  5659 I LSPosed-Bridge: 	at z74.e(chromium-Monochrome.aab-stable-573513121:6)

06-22 21:31:45.965  5267  5659 I LSPosed-Bridge: 	at z74.e(chromium-Monochrome.aab-stable-573513121:6)

06-22 21:31:45.965  5267  5659 I LSPosed-Bridge: 	at org.chromium.media.VideoCaptureFactory.getDeviceName(chromium-Monochrome.aab-stable-573513121:15)

06-22 21:31:45.965  5267  5659 I LSPosed-Bridge: 	at org.chromium.media.VideoCaptureFactory.getDeviceName(chromium-Monochrome.aab-stable-573513121:15)

06-22 21:31:45.965   553   553 I ConfigStore: android::hardware::configstore::V1_0::ISurfaceFlingerConfigs::hasHDRDisplay retrieved: 0

06-22 21:31:45.965   553   553 I ConfigStore: android::hardware::configstore::V1_0::ISurfaceFlingerConfigs::hasHDRDisplay retrieved: 0

06-22 21:31:45.965  5267  5659 I LSPosed-Bridge: 5267 PermLabel 10123 android.permission.CAMERA getCameraInfo args0: 0; args1: android.hardware.Camera$CameraInfo@de24762; res= null; stacktrace=java.lang.Exception

06-22 21:31:45.965  5267  5659 I LSPosed-Bridge: 5267 PermLabel 10123 android.permission.CAMERA getCameraInfo args0: 0; args1: android.hardware.Camera$CameraInfo@de24762; res= null; stacktrace=java.lang.Exception

06-22 21:31:45.965  5267  5659 I LSPosed-Bridge: 	at com.example.permlabel.hookCamera$1.afterHookedMethod(hookCamera.java:21)

06-22 21:31:45.965  5267  5659 I LSPosed-Bridge: 	at com.example.permlabel.hookCamera$1.afterHookedMethod(hookCamera.java:21)

06-22 21:31:45.965  5267  5659 I LSPosed-Bridge: 	at de.robv.android.xposed.XposedBridge$AdditionalHookInfo.callback(Unknown Source:147)

06-22 21:31:45.965  5267  5659 I LSPosed-Bridge: 	at de.robv.android.xposed.XposedBridge$AdditionalHookInfo.callback(Unknown Source:147)

06-22 21:31:45.965  5267  5659 I LSPosed-Bridge: 	at LSPHooker_.getCameraInfo(Unknown Source:15)

06-22 21:31:45.965  5267  5659 I LSPosed-Bridge: 	at LSPHooker_.getCameraInfo(Unknown Source:15)

06-22 21:31:45.965  5267  5659 I LSPosed-Bridge: 	at z74.e(chromium-Monochrome.aab-stable-573513121:6)

06-22 21:31:45.965  5267  5659 I LSPosed-Bridge: 	at z74.e(chromium-Monochrome.aab-stable-573513121:6)

06-22 21:31:45.965  5267  5659 I LSPosed-Bridge: 	at org.chromium.media.VideoCaptureFactory.getDeviceName(chromium-Monochrome.aab-stable-573513121:15)

06-22 21:31:45.965  5267  5659 I LSPosed-Bridge: 	at org.chromium.media.VideoCaptureFactory.getDeviceName(chromium-Monochrome.aab-stable-573513121:15)

06-22 21:31:45.991  5267  5659 I LSPosed-Bridge: 5267 PermLabel 10123 android.permission.CAMERA getCameraInfo args0: 0; args1: android.hardware.Camera$CameraInfo@c2177ae; res= null; stacktrace=java.lang.Exception

06-22 21:31:45.991  5267  5659 I LSPosed-Bridge: 5267 PermLabel 10123 android.permission.CAMERA getCameraInfo args0: 0; args1: android.hardware.Camera$CameraInfo@c2177ae; res= null; stacktrace=java.lang.Exception

06-22 21:31:45.991  5267  5659 I LSPosed-Bridge: 	at com.example.permlabel.hookCamera$1.afterHookedMethod(hookCamera.java:21)

06-22 21:31:45.991  5267  5659 I LSPosed-Bridge: 	at com.example.permlabel.hookCamera$1.afterHookedMethod(hookCamera.java:21)

06-22 21:31:45.991  5267  5659 I LSPosed-Bridge: 	at de.robv.android.xposed.XposedBridge$AdditionalHookInfo.callback(Unknown Source:147)

06-22 21:31:45.991  5267  5659 I LSPosed-Bridge: 	at de.robv.android.xposed.XposedBridge$AdditionalHookInfo.callback(Unknown Source:147)

06-22 21:31:45.991  5267  5659 I LSPosed-Bridge: 	at LSPHooker_.getCameraInfo(Unknown Source:15)

06-22 21:31:45.991  5267  5659 I LSPosed-Bridge: 	at LSPHooker_.getCameraInfo(Unknown Source:15)

06-22 21:31:45.991  5267  5659 I LSPosed-Bridge: 	at z74.e(chromium-Monochrome.aab-stable-573513121:6)

06-22 21:31:45.991  5267  5659 I LSPosed-Bridge: 	at z74.e(chromium-Monochrome.aab-stable-573513121:6)

06-22 21:31:45.991  5267  5659 I LSPosed-Bridge: 	at org.chromium.media.VideoCaptureFactory.getCaptureApiType(chromium-Monochrome.aab-stable-573513121:8)

06-22 21:31:45.991  5267  5659 I LSPosed-Bridge: 	at org.chromium.media.VideoCaptureFactory.getCaptureApiType(chromium-Monochrome.aab-stable-573513121:8)

06-22 21:31:45.991  5267  5659 I chatty  : uid=10123(sixpack.sixpackabs.absworkout) ThreadPoolSingl identical 1 line

06-22 21:31:45.991  5267  5659 I chatty  : uid=10123(sixpack.sixpackabs.absworkout) ThreadPoolSingl identical 1 line

06-22 21:31:45.991  5267  5659 I LSPosed-Bridge: 5267 PermLabel 10123 android.permission.CAMERA getCameraInfo args0: 0; args1: android.hardware.Camera$CameraInfo@c2177ae; res= null; stacktrace=java.lang.Exception

06-22 21:31:45.991  5267  5659 I LSPosed-Bridge: 5267 PermLabel 10123 android.permission.CAMERA getCameraInfo args0: 0; args1: android.hardware.Camera$CameraInfo@c2177ae; res= null; stacktrace=java.lang.Exception

06-22 21:31:45.991  5267  5659 I LSPosed-Bridge: 	at com.example.permlabel.hookCamera$1.afterHookedMethod(hookCamera.java:21)

06-22 21:31:45.991  5267  5659 I LSPosed-Bridge: 	at com.example.permlabel.hookCamera$1.afterHookedMethod(hookCamera.java:21)

06-22 21:31:45.991  5267  5659 I LSPosed-Bridge: 	at de.robv.android.xposed.XposedBridge$AdditionalHookInfo.callback(Unknown Source:147)

06-22 21:31:45.991  5267  5659 I LSPosed-Bridge: 	at de.robv.android.xposed.XposedBridge$AdditionalHookInfo.callback(Unknown Source:147)

06-22 21:31:45.991  5267  5659 I LSPosed-Bridge: 	at LSPHooker_.getCameraInfo(Unknown Source:15)

06-22 21:31:45.991  5267  5659 I LSPosed-Bridge: 	at LSPHooker_.getCameraInfo(Unknown Source:15)

06-22 21:31:45.991  5267  5659 I LSPosed-Bridge: 	at z74.e(chromium-Monochrome.aab-stable-573513121:6)

06-22 21:31:45.991  5267  5659 I LSPosed-Bridge: 	at z74.e(chromium-Monochrome.aab-stable-573513121:6)

06-22 21:31:45.991  5267  5659 I LSPosed-Bridge: 	at org.chromium.media.VideoCaptureFactory.getCaptureApiType(chromium-Monochrome.aab-stable-573513121:8)

06-22 21:31:45.991  5267  5659 I LSPosed-Bridge: 	at org.chromium.media.VideoCaptureFactory.getCaptureApiType(chromium-Monochrome.aab-stable-573513121:8)

06-22 21:31:46.002  5267  5659 I LSPosed-Bridge: 5267 PermLabel 10123 android.permission.CAMERA getCameraInfo args0: 0; args1: android.hardware.Camera$CameraInfo@11160ba; res= null; stacktrace=java.lang.Exception

06-22 21:31:46.002  5267  5659 I LSPosed-Bridge: 5267 PermLabel 10123 android.permission.CAMERA getCameraInfo args0: 0; args1: android.hardware.Camera$CameraInfo@11160ba; res= null; stacktrace=java.lang.Exception

06-22 21:31:46.002  5267  5659 I LSPosed-Bridge: 	at com.example.permlabel.hookCamera$1.afterHookedMethod(hookCamera.java:21)

06-22 21:31:46.002  5267  5659 I LSPosed-Bridge: 	at com.example.permlabel.hookCamera$1.afterHookedMethod(hookCamera.java:21)

06-22 21:31:46.002  5267  5659 I LSPosed-Bridge: 	at de.robv.android.xposed.XposedBridge$AdditionalHookInfo.callback(Unknown Source:147)

06-22 21:31:46.002  5267  5659 I LSPosed-Bridge: 	at de.robv.android.xposed.XposedBridge$AdditionalHookInfo.callback(Unknown Source:147)

06-22 21:31:46.002  5267  5659 I LSPosed-Bridge: 	at LSPHooker_.getCameraInfo(Unknown Source:15)

06-22 21:31:46.002  5267  5659 I LSPosed-Bridge: 	at LSPHooker_.getCameraInfo(Unknown Source:15)

06-22 21:31:46.002  5267  5659 I LSPosed-Bridge: 	at z74.e(chromium-Monochrome.aab-stable-573513121:6)

06-22 21:31:46.002  5267  5659 I LSPosed-Bridge: 	at z74.e(chromium-Monochrome.aab-stable-573513121:6)

06-22 21:31:46.002  5267  5659 I LSPosed-Bridge: 	at org.chromium.media.VideoCaptureFactory.getFacingMode(chromium-Monochrome.aab-stable-573513121:10)

