06-22 21:28:30.398  1562  4206 I LSPosed-Bridge: 	at de.robv.android.xposed.XposedBridge$AdditionalHookInfo.callback(Unknown Source:147)

06-22 21:28:30.398  1562  4206 I LSPosed-Bridge: 	at LSPHooker_.checkPermission(Unknown Source:25)

06-22 21:28:30.398  1562  4206 I LSPosed-Bridge: 	at com.android.server.am.ActivityManagerService.isGetTasksAllowed(ActivityManagerService.java:10902)

06-22 21:28:30.398  1562  4206 I LSPosed-Bridge: 	at com.android.server.am.ActivityManagerService.getRunningAppProcesses(ActivityManagerService.java:16139)

06-22 21:28:30.398  1562  4206 I LSPosed-Bridge: 	at android.app.IActivityManager$Stub.onTransact(IActivityManager.java:1088)

06-22 21:28:30.398  1562  4206 I LSPosed-Bridge: 	at com.android.server.am.ActivityManagerService.onTransact(ActivityManagerService.java:3346)

06-22 21:28:30.398  1562  4206 I LSPosed-Bridge: 	at android.os.Binder.execTransact(Binder.java:731)

06-22 21:29:37.665  1562  7636 I LSPosed-Bridge: 5267 PermLabel 10123 AMS.checkPermission: Binder.getCallingPid() = 5267; uid = 10123; Binder.getCallingUid() = 10123; getNameForUid: sixpack.sixpackabs.absworkout; getPackagesForUid: [sixpack.sixpackabs.absworkout]; permName: android.permission.GET_TASKS; type = 0; res = -1; stacktrace=java.lang.Exception

06-22 21:29:37.665  1562  7636 I LSPosed-Bridge: 	at com.example.permlabel.requirePerm$1$2.afterHookedMethod(requirePerm.java:127)

06-22 21:29:37.665  1562  7636 I LSPosed-Bridge: 	at de.robv.android.xposed.XposedBridge$AdditionalHookInfo.callback(Unknown Source:147)

06-22 21:29:37.665  1562  7636 I LSPosed-Bridge: 	at LSPHooker_.checkPermission(Unknown Source:25)

06-22 21:29:37.665  1562  7636 I LSPosed-Bridge: 	at com.android.server.am.ActivityManagerService.isGetTasksAllowed(ActivityManagerService.java:10902)

06-22 21:29:37.665  1562  7636 I LSPosed-Bridge: 	at com.android.server.am.ActivityManagerService.getRunningAppProcesses(ActivityManagerService.java:16139)

06-22 21:29:37.665  1562  7636 I LSPosed-Bridge: 	at android.app.IActivityManager$Stub.onTransact(IActivityManager.java:1088)

06-22 21:29:37.665  1562  7636 I LSPosed-Bridge: 	at com.android.server.am.ActivityManagerService.onTransact(ActivityManagerService.java:3346)

06-22 21:29:37.665  1562  7636 I LSPosed-Bridge: 	at android.os.Binder.execTransact(Binder.java:731)

06-22 21:29:37.665  1562  4899 I LSPosed-Bridge: 5267 PermLabel 10123 AMS.checkPermission: Binder.getCallingPid() = 5267; uid = 10123; Binder.getCallingUid() = 10123; getNameForUid: sixpack.sixpackabs.absworkout; getPackagesForUid: [sixpack.sixpackabs.absworkout]; permName: com.google.android.gms.permission.AD_ID; type = 0; res = -1; stacktrace=java.lang.Exception

06-22 21:29:37.665  1562  4899 I LSPosed-Bridge: 	at com.example.permlabel.requirePerm$1$2.afterHookedMethod(requirePerm.java:127)

06-22 21:29:37.665  1562  4899 I LSPosed-Bridge: 	at de.robv.android.xposed.XposedBridge$AdditionalHookInfo.callback(Unknown Source:147)

06-22 21:29:37.665  1562  4899 I LSPosed-Bridge: 	at LSPHooker_.checkPermission(Unknown Source:25)

06-22 21:29:37.665  1562  4899 I LSPosed-Bridge: 	at android.app.IActivityManager$Stub.onTransact(IActivityManager.java:664)

06-22 21:29:37.665  1562  4899 I LSPosed-Bridge: 	at com.android.server.am.ActivityManagerService.onTransact(ActivityManagerService.java:3346)

06-22 21:29:37.665  1562  4899 I LSPosed-Bridge: 	at android.os.Binder.execTransact(Binder.java:731)

06-22 21:29:37.769  1562  4899 I LSPosed-Bridge: 5267 PermLabel 10123 AMS.checkPermission: Binder.getCallingPid() = 5267; uid = 10123; Binder.getCallingUid() = 10123; getNameForUid: sixpack.sixpackabs.absworkout; getPackagesForUid: [sixpack.sixpackabs.absworkout]; permName: android.permission.GET_TASKS; type = 0; res = -1; stacktrace=java.lang.Exception

06-22 21:29:37.769  1562  4899 I LSPosed-Bridge: 	at com.example.permlabel.requirePerm$1$2.afterHookedMethod(requirePerm.java:127)

06-22 21:29:37.769  1562  4899 I LSPosed-Bridge: 	at de.robv.android.xposed.XposedBridge$AdditionalHookInfo.callback(Unknown Source:147)

06-22 21:29:37.769  1562  4899 I LSPosed-Bridge: 	at LSPHooker_.checkPermission(Unknown Source:25)

06-22 21:29:37.769  1562  4899 I LSPosed-Bridge: 	at com.android.server.am.ActivityManagerService.isGetTasksAllowed(ActivityManagerService.java:10902)

06-22 21:29:37.769  1562  4899 I LSPosed-Bridge: 	at com.android.server.am.ActivityManagerService.getRunningAppProcesses(ActivityManagerService.java:16139)

06-22 21:29:37.769  1562  4899 I LSPosed-Bridge: 	at android.app.IActivityManager$Stub.onTransact(IActivityManager.java:1088)

06-22 21:29:37.769  1562  4899 I LSPosed-Bridge: 	at com.android.server.am.ActivityManagerService.onTransact(ActivityManagerService.java:3346)

06-22 21:29:37.769  1562  4899 I LSPosed-Bridge: 	at android.os.Binder.execTransact(Binder.java:731)

06-22 21:29:37.769  1562  7636 I AudioService: In isSpeakerphoneOn(), mForcedUseForCommExt: 0

06-22 21:29:37.769  5267  5267 I LSPosed-Bridge: 5267 PermLabel 10123 ContextImpl.checkPermission: pid = 5267; uid = 10123; permName: com.google.android.gms.permission.AD_ID; type = 0; res = -1; stacktrace=java.lang.Exception

06-22 21:29:37.769  5267  5267 I LSPosed-Bridge: 	at com.example.permlabel.requestPerm$2.afterHookedMethod(requestPerm.java:212)

06-22 21:29:37.769  5267  5267 I LSPosed-Bridge: 	at de.robv.android.xposed.XposedBridge$AdditionalHookInfo.callback(Unknown Source:147)

06-22 21:29:37.769  5267  5267 I LSPosed-Bridge: 	at LSPHooker_.checkPermission(Unknown Source:25)

06-22 21:29:37.769  5267  5267 I LSPosed-Bridge: 	at android.content.ContextWrapper.checkPermission(ContextWrapper.java:738)

06-22 21:29:37.769  5267  5267 I LSPosed-Bridge: 	at com.google.android.gms.ads.nonagon.signals.a.b(:com.google.android.gms.policy_ads_fdr_dynamite@231710101@231710100057.526733554.526733554:3)

06-22 21:29:37.769  5267  5267 I LSPosed-Bridge: 	at com.google.android.gms.ads.nonagon.signals.fp.a(:com.google.android.gms.policy_ads_fdr_dynamite@231710101@231710100057.526733554.526733554:3)

06-22 21:29:37.769  5267  5267 I LSPosed-Bridge: 	at com.google.android.gms.ads.nonagon.ad.common.ci.a(:com.google.android.gms.policy_ads_fdr_dynamite@231710101@231710100057.526733554.526733554:0)

06-22 21:29:37.769  5267  5267 I LSPosed-Bridge: 	at com.google.android.gms.ads.nonagon.ad.common.ci.b(:com.google.android.gms.policy_ads_fdr_dynamite@231710101@231710100057.526733554.526733554:1)

06-22 21:29:37.769  5267  5267 I LSPosed-Bridge: 	at com.google.android.gms.ads.nonagon.ad.common.ai.d(:com.google.android.gms.policy_ads_fdr_dynamite@231710101@231710100057.526733554.526733554:29)

06-22 21:29:37.769  5267  5267 I LSPosed-Bridge: 	at com.google.android.gms.ads.nonagon.ad.common.ai.b(:com.google.android.gms.policy_ads_fdr_dynamite@231710101@231710100057.526733554.526733554:0)

06-22 21:29:37.769  5267  5267 I LSPosed-Bridge: 	at com.google.android.gms.ads.nonagon.shim.ai.L(:com.google.android.gms.policy_ads_fdr_dynamite@231710101@231710100057.526733554.526733554:25)

06-22 21:29:37.769  5267  5267 I LSPosed-Bridge: 	at com.google.android.gms.ads.nonagon.shim.ab.L(:com.google.android.gms.policy_ads_fdr_dynamite@231710101@231710100057.526733554.526733554:0)

06-22 21:29:37.769  5267  5267 I LSPosed-Bridge: 	at com.google.android.gms.ads.internal.client.bf.bN(:com.google.android.gms.policy_ads_fdr_dynamite@231710101@231710100057.526733554.526733554:100)

06-22 21:29:37.769  5267  5267 I LSPosed-Bridge: 	at agb.onTransact(:com.google.android.gms.policy_ads_fdr_dynamite@231710101@231710100057.526733554.526733554:4)

06-22 21:29:37.769  5267  5267 I LSPosed-Bridge: 	at android.os.Binder.transact(Binder.java:667)

06-22 21:29:37.769  5267  5267 I LSPosed-Bridge: 	at com.google.android.gms.internal.ads.Ofa.a(SourceFile:2)

06-22 21:29:37.769  5267  5267 I LSPosed-Bridge: 	at com.google.android.gms.internal.ads.aoa.a(SourceFile:3)

06-22 21:29:37.769  5267  5267 I LSPosed-Bridge: 	at com.google.android.gms.internal.ads.Woa.a(SourceFile:24)

06-22 21:29:37.769  5267  5267 I LSPosed-Bridge: 	at com.google.android.gms.ads.i.a(SourceFile:1)

06-22 21:29:37.769  5267  5267 I LSPosed-Bridge: 	at com.zjsoft.admob.l.a(SourceFile:44)

06-22 21:29:37.769  5267  5267 I LSPosed-Bridge: 	at com.zjsoft.admob.l.a(SourceFile:1)

06-22 21:29:37.769  5267  5267 I LSPosed-Bridge: 	at com.zjsoft.admob.h.run(SourceFile:2)

06-22 21:29:37.769  5267  5267 I LSPosed-Bridge: 	at android.app.Activity.runOnUiThread(Activity.java:6282)

06-22 21:29:37.769  5267  5267 I LSPosed-Bridge: 	at com.zjsoft.admob.i.a(SourceFile:1)

06-22 21:29:37.769  5267  5267 I LSPosed-Bridge: 	at com.zjsoft.admob.b.a(SourceFile:10)

06-22 21:29:37.769  5267  5267 I LSPosed-Bridge: 	at com.zjsoft.admob.l.a(SourceFile:8)

06-22 21:29:37.769  5267  5267 I LSPosed-Bridge: 	at com.zjsoft.baseadlib.a.a.e.a(SourceFile:9)

06-22 21:29:37.769  5267  5267 I LSPosed-Bridge: 	at com.zjsoft.baseadlib.a.a.e.a(SourceFile:2)

06-22 21:29:37.769  5267  5267 I LSPosed-Bridge: 	at com.zjsoft.baseadlib.a.a.d.a(SourceFile:4)

06-22 21:29:37.769  5267  5267 I LSPosed-Bridge: 	at c.c.a.e.a(SourceFile:6)

06-22 21:29:37.769  5267  5267 I LSPosed-Bridge: 	at com.zjsoft.baseadlib.a.a.e.a(SourceFile:9)

06-22 21:29:37.769  5267  5267 I LSPosed-Bridge: 	at com.zjsoft.baseadlib.a.a.e.<init>(SourceFile:13)

06-22 21:29:37.769  5267  5267 I LSPosed-Bridge: 	at com.zjsoft.baseadlib.a.a.e.<init>(SourceFile:17)

06-22 21:29:37.769  5267  5267 I LSPosed-Bridge: 	at com.zjlib.thirtydaylib.a.s.b(SourceFile:9)

06-22 21:29:37.769  5267  5267 I LSPosed-Bridge: 	at com.zjlib.thirtydaylib.activity.ExerciseInfoActivityNew.X(SourceFile:1)

06-22 21:29:37.769  5267  5267 I LSPosed-Bridge: 	at com.zjlib.thirtydaylib.activity.N.b(SourceFile:1)

06-22 21:29:37.769  5267  5267 I LSPosed-Bridge: 	at com.zjlib.thirtydaylib.utils.ha.a(SourceFile:30)

06-22 21:29:37.769  5267  5267 I LSPosed-Bridge: 	at com.zjlib.thirtydaylib.utils.ha.a(SourceFile:10)

06-22 21:29:37.769  5267  5267 I LSPosed-Bridge: 	at com.zjlib.thirtydaylib.activity.O.run(SourceFile:6)

06-22 21:29:37.769  5267  5267 I LSPosed-Bridge: 	at android.os.Handler.handleCallback(Handler.java:873)

06-22 21:29:37.769  5267  5267 I LSPosed-Bridge: 	at android.os.Handler.dispatchMessage(Handler.java:99)

06-22 21:29:37.769  5267  5267 I LSPosed-Bridge: 	at android.os.Looper.loop(Looper.java:193)

06-22 21:29:37.769  5267  5267 I LSPosed-Bridge: 	at android.app.ActivityThread.main(ActivityThread.java:6692)

06-22 21:29:37.769  5267  5267 I LSPosed-Bridge: 	at java.lang.reflect.Method.invoke(Native Method)

06-22 21:29:37.769  5267  5267 I LSPosed-Bridge: 	at com.android.internal.os.RuntimeInit$MethodAndArgsCaller.run(RuntimeInit.java:493)

06-22 21:29:37.769  5267  5267 I LSPosed-Bridge: 	at com.android.internal.os.ZygoteInit.main(ZygoteInit.java:858)

06-22 21:29:38.220  1562 11027 I LSPosed-Bridge: 5267 PermLabel 10123 AMS.checkPermission: Binder.getCallingPid() = 5267; uid = 10123; Binder.getCallingUid() = 10123; getNameForUid: sixpack.sixpackabs.absworkout; getPackagesForUid: [sixpack.sixpackabs.absworkout]; permName: android.permission.GET_TASKS; type = 0; res = -1; stacktrace=java.lang.Exception

06-22 21:29:38.220  1562 11027 I LSPosed-Bridge: 	at com.example.permlabel.requirePerm$1$2.afterHookedMethod(requirePerm.java:127)

06-22 21:29:38.220  1562 11027 I LSPosed-Bridge: 	at de.robv.android.xposed.XposedBridge$AdditionalHookInfo.callback(Unknown Source:147)

06-22 21:29:38.220  1562 11027 I LSPosed-Bridge: 	at LSPHooker_.checkPermission(Unknown Source:25)

06-22 21:29:38.220  1562 11027 I LSPosed-Bridge: 	at com.android.server.am.ActivityManagerService.isGetTasksAllowed(ActivityManagerService.java:10902)

06-22 21:29:38.220  1562 11027 I LSPosed-Bridge: 	at com.android.server.am.ActivityManagerService.getRunningAppProcesses(ActivityManagerService.java:16139)

06-22 21:29:38.220  1562 11027 I LSPosed-Bridge: 	at android.app.IActivityManager$Stub.onTransact(IActivityManager.java:1088)

06-22 21:29:38.220  1562 11027 I LSPosed-Bridge: 	at com.android.server.am.ActivityManagerService.onTransact(ActivityManagerService.java:3346)

06-22 21:29:38.220  1562 11027 I LSPosed-Bridge: 	at android.os.Binder.execTransact(Binder.java:731)

06-22 21:30:43.411  1562  5415 I LSPosed-Bridge: 5267 PermLabel 10123 AMS.checkPermission: Binder.getCallingPid() = 5267; uid = 10123; Binder.getCallingUid() = 10123; getNameForUid: sixpack.sixpackabs.absworkout; getPackagesForUid: [sixpack.sixpackabs.absworkout]; permName: android.permission.GET_TASKS; type = 0; res = -1; stacktrace=java.lang.Exception

06-22 21:30:43.411  1562  5415 I LSPosed-Bridge: 	at com.example.permlabel.requirePerm$1$2.afterHookedMethod(requirePerm.java:127)

06-22 21:30:43.411  1562  5415 I LSPosed-Bridge: 	at de.robv.android.xposed.XposedBridge$AdditionalHookInfo.callback(Unknown Source:147)

06-22 21:30:43.411  1562  5415 I LSPosed-Bridge: 	at LSPHooker_.checkPermission(Unknown Source:25)

06-22 21:30:43.411  1562  5415 I LSPosed-Bridge: 	at com.android.server.am.ActivityManagerService.isGetTasksAllowed(ActivityManagerService.java:10902)

06-22 21:30:43.411  1562  5415 I LSPosed-Bridge: 	at com.android.server.am.ActivityManagerService.getRunningAppProcesses(ActivityManagerService.java:16139)

06-22 21:30:43.411  1562  5415 I LSPosed-Bridge: 	at android.app.IActivityManager$Stub.onTransact(IActivityManager.java:1088)

06-22 21:30:43.411  1562  5415 I LSPosed-Bridge: 	at com.android.server.am.ActivityManagerService.onTransact(ActivityManagerService.java:3346)

06-22 21:30:43.411  1562  5415 I LSPosed-Bridge: 	at android.os.Binder.execTransact(Binder.java:731)

06-22 21:30:43.544  1562 11027 I LSPosed-Bridge: 5267 PermLabel 10123 AMS.checkPermission: Binder.getCallingPid() = 5267; uid = 10123; Binder.getCallingUid() = 10123; getNameForUid: sixpack.sixpackabs.absworkout; getPackagesForUid: [sixpack.sixpackabs.absworkout]; permName: android.permission.GET_TASKS; type = 0; res = -1; stacktrace=java.lang.Exception

06-22 21:30:43.544  1562 11027 I LSPosed-Bridge: 	at com.example.permlabel.requirePerm$1$2.afterHookedMethod(requirePerm.java:127)

06-22 21:30:43.544  1562 11027 I LSPosed-Bridge: 	at de.robv.android.xposed.XposedBridge$AdditionalHookInfo.callback(Unknown Source:147)

06-22 21:30:43.544  1562 11027 I LSPosed-Bridge: 	at LSPHooker_.checkPermission(Unknown Source:25)

06-22 21:30:43.544  1562 11027 I LSPosed-Bridge: 	at com.android.server.am.ActivityManagerService.isGetTasksAllowed(ActivityManagerService.java:10902)

06-22 21:30:43.544  1562 11027 I LSPosed-Bridge: 	at com.android.server.am.ActivityManagerService.getRunningAppProcesses(ActivityManagerService.java:16139)

06-22 21:30:43.544  1562 11027 I LSPosed-Bridge: 	at android.app.IActivityManager$Stub.onTransact(IActivityManager.java:1088)

06-22 21:30:43.544  1562 11027 I LSPosed-Bridge: 	at com.android.server.am.ActivityManagerService.onTransact(ActivityManagerService.java:3346)

06-22 21:30:43.544  1562 11027 I LSPosed-Bridge: 	at android.os.Binder.execTransact(Binder.java:731)

06-22 21:30:44.267  5267  5267 I LSPosed-Bridge: 5267 PermLabel 10123 ContextImpl.checkPermission: pid = 5267; uid = 10123; permName: com.google.android.gms.permission.AD_ID; type = 0; res = -1; stacktrace=java.lang.Exception

06-22 21:30:44.267  5267  5267 I LSPosed-Bridge: 	at com.example.permlabel.requestPerm$2.afterHookedMethod(requestPerm.java:212)

06-22 21:30:44.267  5267  5267 I LSPosed-Bridge: 	at de.robv.android.xposed.XposedBridge$AdditionalHookInfo.callback(Unknown Source:147)

06-22 21:30:44.267  5267  5267 I LSPosed-Bridge: 	at LSPHooker_.checkPermission(Unknown Source:25)

06-22 21:30:44.267  5267  5267 I LSPosed-Bridge: 	at android.content.ContextWrapper.checkPermission(ContextWrapper.java:738)

06-22 21:30:44.267  5267  5267 I LSPosed-Bridge: 	at com.google.android.gms.ads.nonagon.signals.a.b(:com.google.android.gms.policy_ads_fdr_dynamite@231710101@231710100057.526733554.526733554:3)

06-22 21:30:44.267  5267  5267 I LSPosed-Bridge: 	at com.google.android.gms.ads.nonagon.signals.fp.a(:com.google.android.gms.policy_ads_fdr_dynamite@231710101@231710100057.526733554.526733554:3)

06-22 21:30:44.267  5267  5267 I LSPosed-Bridge: 	at com.google.android.gms.ads.nonagon.ad.common.ci.a(:com.google.android.gms.policy_ads_fdr_dynamite@231710101@231710100057.526733554.526733554:0)

06-22 21:30:44.267  5267  5267 I LSPosed-Bridge: 	at com.google.android.gms.ads.nonagon.ad.common.ci.b(:com.google.android.gms.policy_ads_fdr_dynamite@231710101@231710100057.526733554.526733554:1)

06-22 21:30:44.267  5267  5267 I LSPosed-Bridge: 	at com.google.android.gms.ads.nonagon.ad.common.ai.d(:com.google.android.gms.policy_ads_fdr_dynamite@231710101@231710100057.526733554.526733554:29)

06-22 21:30:44.267  5267  5267 I LSPosed-Bridge: 	at com.google.android.gms.ads.nonagon.ad.common.ai.b(:com.google.android.gms.policy_ads_fdr_dynamite@231710101@231710100057.526733554.526733554:0)

06-22 21:30:44.267  5267  5267 I LSPosed-Bridge: 	at com.google.android.gms.ads.nonagon.shim.ai.L(:com.google.android.gms.policy_ads_fdr_dynamite@231710101@231710100057.526733554.526733554:25)

06-22 21:30:44.267  5267  5267 I LSPosed-Bridge: 	at com.google.android.gms.ads.nonagon.shim.ab.L(:com.google.android.gms.policy_ads_fdr_dynamite@231710101@231710100057.526733554.526733554:0)

06-22 21:30:44.267  5267  5267 I LSPosed-Bridge: 	at com.google.android.gms.ads.internal.client.bf.bN(:com.google.android.gms.policy_ads_fdr_dynamite@231710101@231710100057.526733554.526733554:100)

06-22 21:30:44.267  5267  5267 I LSPosed-Bridge: 	at agb.onTransact(:com.google.android.gms.policy_ads_fdr_dynamite@231710101@231710100057.526733554.526733554:4)

06-22 21:30:44.267  5267  5267 I LSPosed-Bridge: 	at android.os.Binder.transact(Binder.java:667)

06-22 21:30:44.267  5267  5267 I LSPosed-Bridge: 	at com.google.android.gms.internal.ads.Ofa.a(SourceFile:2)

06-22 21:30:44.267  5267  5267 I LSPosed-Bridge: 	at com.google.android.gms.internal.ads.aoa.a(SourceFile:3)

06-22 21:30:44.267  5267  5267 I LSPosed-Bridge: 	at com.google.android.gms.internal.ads.Woa.a(SourceFile:24)

06-22 21:30:44.267  5267  5267 I LSPosed-Bridge: 	at com.google.android.gms.ads.i.a(SourceFile:1)

06-22 21:30:44.267  5267  5267 I LSPosed-Bridge: 	at com.zjsoft.admob.l.a(SourceFile:44)

06-22 21:30:44.267  5267  5267 I LSPosed-Bridge: 	at com.zjsoft.admob.l.a(SourceFile:1)

06-22 21:30:44.267  5267  5267 I LSPosed-Bridge: 	at com.zjsoft.admob.h.run(SourceFile:2)

06-22 21:30:44.267  5267  5267 I LSPosed-Bridge: 	at android.app.Activity.runOnUiThread(Activity.java:6282)

06-22 21:30:44.267  5267  5267 I LSPosed-Bridge: 	at com.zjsoft.admob.i.a(SourceFile:1)

06-22 21:30:44.267  5267  5267 I LSPosed-Bridge: 	at com.zjsoft.admob.b.a(SourceFile:10)

06-22 21:30:44.267  5267  5267 I LSPosed-Bridge: 	at com.zjsoft.admob.l.a(SourceFile:8)

06-22 21:30:44.267  5267  5267 I LSPosed-Bridge: 	at com.zjsoft.baseadlib.a.a.e.a(SourceFile:9)

06-22 21:30:44.267  5267  5267 I LSPosed-Bridge: 	at com.zjsoft.baseadlib.a.a.e.a(SourceFile:2)

06-22 21:30:44.267  5267  5267 I LSPosed-Bridge: 	at com.zjsoft.baseadlib.a.a.d.a(SourceFile:4)

06-22 21:30:44.267  5267  5267 I LSPosed-Bridge: 	at com.zjsoft.admob.j.onAdFailedToLoad(SourceFile:3)

06-22 21:30:44.267  5267  5267 I LSPosed-Bridge: 	at com.google.android.gms.internal.ads.mna.a(SourceFile:1)

06-22 21:30:44.267  5267  5267 I LSPosed-Bridge: 	at com.google.android.gms.internal.ads.Pna.a(SourceFile:9)

06-22 21:30:44.267  5267  5267 I LSPosed-Bridge: 	at com.google.android.gms.internal.ads.Nfa.onTransact(SourceFile:3)

06-22 21:30:44.267  5267  5267 I LSPosed-Bridge: 	at android.os.Binder.transact(Binder.java:667)

06-22 21:30:44.267  5267  5267 I LSPosed-Bridge: 	at aga.ba(:com.google.android.gms.policy_ads_fdr_dynamite@231710101@231710100057.526733554.526733554:2)

06-22 21:30:44.267  5267  5267 I LSPosed-Bridge: 	at com.google.android.gms.ads.internal.client.ap.d(:com.google.android.gms.policy_ads_fdr_dynamite@231710101@231710100057.526733554.526733554:0)

06-22 21:30:44.267  5267  5267 I LSPosed-Bridge: 	at com.google.android.gms.ads.nonagon.shim.u.a(:com.google.android.gms.policy_ads_fdr_dynamite@231710101@231710100057.526733554.526733554:0)

06-22 21:30:44.267  5267  5267 I LSPosed-Bridge: 	at com.google.android.gms.ads.nonagon.slot.common.p.a(:com.google.android.gms.policy_ads_fdr_dynamite@231710101@231710100057.526733554.526733554:2)

06-22 21:30:44.267  5267  5267 I LSPosed-Bridge: 	at com.google.android.gms.ads.nonagon.shim.z.bn(:com.google.android.gms.policy_ads_fdr_dynamite@231710101@231710100057.526733554.526733554:2)

06-22 21:30:44.267  5267  5267 I LSPosed-Bridge: 	at com.google.android.gms.ads.nonagon.ad.event.e.a(:com.google.android.gms.policy_ads_fdr_dynamite@231710101@231710100057.526733554.526733554:0)

06-22 21:30:44.267  5267  5267 I LSPosed-Bridge: 	at com.google.android.gms.ads.nonagon.ad.event.du.run(:com.google.android.gms.policy_ads_fdr_dynamite@231710101@231710100057.526733554.526733554:2)

06-22 21:30:44.267  5267  5267 I LSPosed-Bridge: 	at com.google.android.gms.ads.internal.util.future.c.execute(:com.google.android.gms.policy_ads_fdr_dynamite@231710101@231710100057.526733554.526733554:2)

06-22 21:30:44.267  5267  5267 I LSPosed-Bridge: 	at 

06-22 21:30:44.267  1562  2419 I LSPosed-Bridge: 5267 PermLabel 10123 AMS.checkPermission: Binder.getCallingPid() = 5267; uid = 10123; Binder.getCallingUid() = 10123; getNameForUid: sixpack.sixpackabs.absworkout; getPackagesForUid: [sixpack.sixpackabs.absworkout]; permName: android.permission.GET_TASKS; type = 0; res = -1; stacktrace=java.lang.Exception

06-22 21:30:44.267  1562  2419 I LSPosed-Bridge: 	at com.example.permlabel.requirePerm$1$2.afterHookedMethod(requirePerm.java:127)

06-22 21:30:44.267  1562  2419 I LSPosed-Bridge: 	at de.robv.android.xposed.XposedBridge$AdditionalHookInfo.callback(Unknown Source:147)

06-22 21:30:44.267  1562  2419 I LSPosed-Bridge: 	at LSPHooker_.checkPermission(Unknown Source:25)

06-22 21:30:44.267  1562  2419 I LSPosed-Bridge: 	at com.android.server.am.ActivityManagerService.isGetTasksAllowed(ActivityManagerService.java:10902)

06-22 21:30:44.267  1562  2419 I LSPosed-Bridge: 	at com.android.server.am.ActivityManagerService.getRunningAppProcesses(ActivityManagerService.java:16139)

06-22 21:30:44.267  1562  2419 I LSPosed-Bridge: 	at android.app.IActivityManager$Stub.onTransact(IActivityManager.java:1088)

06-22 21:30:44.267  1562  2419 I LSPosed-Bridge: 	at com.android.server.am.ActivityManagerService.onTransact(ActivityManagerService.java:3346)

06-22 21:30:44.267  1562  2419 I LSPosed-Bridge: 	at android.os.Binder.execTransact(Binder.java:731)

06-22 21:31:40.369   553   553 I ConfigStore: android::hardware::configstore::V1_0::ISurfaceFlingerConfigs::hasHDRDisplay retrieved: 0

06-22 21:31:40.369  1562 11027 I LSPosed-Bridge: 5267 PermLabel 10123 AMS.checkPermission: Binder.getCallingPid() = 5267; uid = 10123; Binder.getCallingUid() = 10123; getNameForUid: sixpack.sixpackabs.absworkout; getPackagesForUid: [sixpack.sixpackabs.absworkout]; permName: android.permission.GET_TASKS; type = 0; res = -1; stacktrace=java.lang.Exception

06-22 21:31:40.369  1562 11027 I LSPosed-Bridge: 	at com.example.permlabel.requirePerm$1$2.afterHookedMethod(requirePerm.java:127)

06-22 21:31:40.369  1562 11027 I LSPosed-Bridge: 	at de.robv.android.xposed.XposedBridge$AdditionalHookInfo.callback(Unknown Source:147)

06-22 21:31:40.369  1562 11027 I LSPosed-Bridge: 	at LSPHooker_.checkPermission(Unknown Source:25)

06-22 21:31:40.369  1562 11027 I LSPosed-Bridge: 	at com.android.server.am.ActivityManagerService.isGetTasksAllowed(ActivityManagerService.java:10902)

06-22 21:31:40.369  1562 11027 I LSPosed-Bridge: 	at com.android.server.am.ActivityManagerService.getRunningAppProcesses(ActivityManagerService.java:16139)

06-22 21:31:40.369  1562 11027 I LSPosed-Bridge: 	at android.app.IActivityManager$Stub.onTransact(IActivityManager.java:1088)

06-22 21:31:40.369  1562 11027 I LSPosed-Bridge: 	at com.android.server.am.ActivityManagerService.onTransact(ActivityManagerService.java:3346)

06-22 21:31:40.369  1562 11027 I LSPosed-Bridge: 	at android.os.Binder.execTransact(Binder.java:731)

06-22 21:31:40.369   553   553 I ConfigStore: android::hardware::configstore::V1_0::ISurfaceFlingerConfigs::hasHDRDisplay retrieved: 0

06-22 21:31:40.484  1562 11027 I LSPosed-Bridge: 5267 PermLabel 10123 AMS.checkPermission: Binder.getCallingPid() = 5267; uid = 10123; Binder.getCallingUid() = 10123; getNameForUid: sixpack.sixpackabs.absworkout; getPackagesForUid: [sixpack.sixpackabs.absworkout]; permName: android.permission.GET_TASKS; type = 0; res = -1; stacktrace=java.lang.Exception

06-22 21:31:40.484  1562 11027 I LSPosed-Bridge: 	at com.example.permlabel.requirePerm$1$2.afterHookedMethod(requirePerm.java:127)

06-22 21:31:40.484  1562 11027 I LSPosed-Bridge: 	at de.robv.android.xposed.XposedBridge$AdditionalHookInfo.callback(Unknown Source:147)

06-22 21:31:40.484  1562 11027 I LSPosed-Bridge: 	at LSPHooker_.checkPermission(Unknown Source:25)

06-22 21:31:40.484  1562 11027 I LSPosed-Bridge: 	at com.android.server.am.ActivityManagerService.isGetTasksAllowed(ActivityManagerService.java:10902)

06-22 21:31:40.484  1562 11027 I LSPosed-Bridge: 	at com.android.server.am.ActivityManagerService.getRunningAppProcesses(ActivityManagerService.java:16139)

06-22 21:31:40.484  1562 11027 I LSPosed-Bridge: 	at android.app.IActivityManager$Stub.onTransact(IActivityManager.java:1088)

06-22 21:31:40.484  1562 11027 I LSPosed-Bridge: 	at com.android.server.am.ActivityManagerService.onTransact(ActivityManagerService.java:3346)

06-22 21:31:40.484  1562 11027 I LSPosed-Bridge: 	at android.os.Binder.execTransact(Binder.java:731)

06-22 21:31:41.497  1562  1835 I LSPosed-Bridge: 5267 PermLabel 10123 AMS.checkPermission: Binder.getCallingPid() = 5267; uid = 10123; Binder.getCallingUid() = 10123; getNameForUid: sixpack.sixpackabs.absworkout; getPackagesForUid: [sixpack.sixpackabs.absworkout]; permName: android.permission.GET_TASKS; type = 0; res = -1; stacktrace=java.lang.Exception

06-22 21:31:41.497  1562  1835 I LSPosed-Bridge: 	at com.example.permlabel.requirePerm$1$2.afterHookedMethod(requirePerm.java:127)

06-22 21:31:41.497  1562  1835 I LSPosed-Bridge: 	at de.robv.android.xposed.XposedBridge$AdditionalHookInfo.callback(Unknown Source:147)

06-22 21:31:41.497  1562  1835 I LSPosed-Bridge: 	at LSPHooker_.checkPermission(Unknown Source:25)

06-22 21:31:41.497  1562  1835 I LSPosed-Bridge: 	at com.android.server.am.ActivityManagerService.isGetTasksAllowed(ActivityManagerService.java:10902)

06-22 21:31:41.497  1562  1835 I LSPosed-Bridge: 	at com.android.server.am.ActivityManagerService.getRunningAppProcesses(ActivityManagerService.java:16139)

06-22 21:31:41.497  1562  1835 I LSPosed-Bridge: 	at android.app.IActivityManager$Stub.onTransact(IActivityManager.java:1088)

06-22 21:31:41.497  1562  1835 I LSPosed-Bridge: 	at com.android.server.am.ActivityManagerService.onTransact(ActivityManagerService.java:3346)

06-22 21:31:41.497  1562  1835 I LSPosed-Bridge: 	at android.os.Binder.execTransact(Binder.java:731)

06-22 21:31:41.497  5267  5267 I Ads     : Please set theme of AdActivity to @android:style/Theme.Translucent to enable transparent background interstitial ad.

06-22 21:32:49.104  1562  5415 I LSPosed-Bridge: 5267 PermLabel 10123 AMS.checkPermission: Binder.getCallingPid() = 5267; uid = 10123; Binder.getCallingUid() = 10123; getNameForUid: sixpack.sixpackabs.absworkout; getPackagesForUid: [sixpack.sixpackabs.absworkout]; permName: android.permission.GET_TASKS; type = 0; res = -1; stacktrace=java.lang.Exception

06-22 21:32:49.104  1562  5415 I LSPosed-Bridge: 	at com.example.permlabel.requirePerm$1$2.afterHookedMethod(requirePerm.java:127)

06-22 21:32:49.104  1562  5415 I LSPosed-Bridge: 	at de.robv.android.xposed.XposedBridge$AdditionalHookInfo.callback(Unknown Source:147)

06-22 21:32:49.104  1562  5415 I LSPosed-Bridge: 	at LSPHooker_.checkPermission(Unknown Source:25)

06-22 21:32:49.104  1562  5415 I LSPosed-Bridge: 	at com.android.server.am.ActivityManagerService.isGetTasksAllowed(ActivityManagerService.java:10902)

06-22 21:32:49.104  1562  5415 I LSPosed-Bridge: 	at com.android.server.am.ActivityManagerService.getRunningAppProcesses(ActivityManagerService.java:16139)

06-22 21:32:49.104  1562  5415 I LSPosed-Bridge: 	at android.app.IActivityManager$Stub.onTransact(IActivityManager.java:1088)

06-22 21:32:49.104  1562  5415 I LSPosed-Bridge: 	at com.android.server.am.ActivityManagerService.onTransact(ActivityManagerService.java:3346)

06-22 21:32:49.104  1562  5415 I LSPosed-Bridge: 	at android.os.Binder.execTransact(Binder.java:731)

06-22 21:32:49.233  1562 17128 I LSPosed-Bridge: 5267 PermLabel 10123 AMS.checkPermission: Binder.getCallingPid() = 5267; uid = 10123; Binder.getCallingUid() = 10123; getNameForUid: sixpack.sixpackabs.absworkout; getPackagesForUid: [sixpack.sixpackabs.absworkout]; permName: android.permission.GET_TASKS; type = 0; res = -1; stacktrace=java.lang.Exception

06-22 21:32:49.233  1562 17128 I LSPosed-Bridge: 	at com.example.permlabel.requirePerm$1$2.afterHookedMethod(requirePerm.java:127)

06-22 21:32:49.233  1562 17128 I LSPosed-Bridge: 	at de.robv.android.xposed.XposedBridge$AdditionalHookInfo.callback(Unknown Source:147)

06-22 21:32:49.233  1562 17128 I LSPosed-Bridge: 	at LSPHooker_.checkPermission(Unknown Source:25)

06-22 21:32:49.233  1562 17128 I LSPosed-Bridge: 	at com.android.server.am.ActivityManagerService.isGetTasksAllowed(ActivityManagerService.java:10902)

06-22 21:32:49.233  1562 17128 I LSPosed-Bridge: 	at com.android.server.am.ActivityManagerService.getRunningAppProcesses(ActivityManagerService.java:16139)

06-22 21:32:49.233  1562 17128 I LSPosed-Bridge: 	at android.app.IActivityManager$Stub.onTransact(IActivityManager.java:1088)

06-22 21:32:49.233  1562 17128 I LSPosed-Bridge: 	at com.android.server.am.ActivityManagerService.onTransact(ActivityManagerService.java:3346)

06-22 21:32:49.233  1562 17128 I LSPosed-Bridge: 	at android.os.Binder.execTransact(Binder.java:731)

06-22 21:32:49.690  1562  4437 I LSPosed-Bridge: 5267 PermLabel 10123 AMS.checkPermission: Binder.getCallingPid() = 5267; uid = 10123; Binder.getCallingUid() = 10123; getNameForUid: sixpack.sixpackabs.absworkout; getPackagesForUid: [sixpack.sixpackabs.absworkout]; permName: android.permission.GET_TASKS; type = 0; res = -1; stacktrace=java.lang.Exception

06-22 21:32:49.690  1562  4437 I LSPosed-Bridge: 	at com.example.permlabel.requirePerm$1$2.afterHookedMethod(requirePerm.java:127)

06-22 21:32:49.690  1562  4437 I LSPosed-Bridge: 	at de.robv.android.xposed.XposedBridge$AdditionalHookInfo.callback(Unknown Source:147)

06-22 21:32:49.690  1562  4437 I LSPosed-Bridge: 	at LSPHooker_.checkPermission(Unknown Source:25)

06-22 21:32:49.690  1562  4437 I LSPosed-Bridge: 	at com.android.server.am.ActivityManagerService.isGetTasksAllowed(ActivityManagerService.java:10902)

06-22 21:32:49.690  1562  4437 I LSPosed-Bridge: 	at com.android.server.am.ActivityManagerService.getRunningAppProcesses(ActivityManagerService.java:16139)

06-22 21:32:49.690  1562  4437 I LSPosed-Bridge: 	at android.app.IActivityManager$Stub.onTransact(IActivityManager.java:1088)

06-22 21:32:49.690  1562  4437 I LSPosed-Bridge: 	at com.android.server.am.ActivityManagerService.onTransact(ActivityManagerService.java:3346)

06-22 21:32:49.690  1562  4437 I LSPosed-Bridge: 	at android.os.Binder.execTransact(Binder.java:731)

06-22 21:34:08.128  1562  4437 I LSPosed-Bridge: 5267 PermLabel 10123 AMS.checkPermission: Binder.getCallingPid() = 5267; uid = 10123; Binder.getCallingUid() = 10123; getNameForUid: sixpack.sixpackabs.absworkout; getPackagesForUid: [sixpack.sixpackabs.absworkout]; permName: android.permission.GET_TASKS; type = 0; res = -1; stacktrace=java.lang.Exception

06-22 21:34:08.128  1562  4437 I LSPosed-Bridge: 	at com.example.permlabel.requirePerm$1$2.afterHookedMethod(requirePerm.java:127)

06-22 21:34:08.128  1562  4437 I LSPosed-Bridge: 	at de.robv.android.xposed.XposedBridge$AdditionalHookInfo.callback(Unknown Source:147)

06-22 21:34:08.128  1562  4437 I LSPosed-Bridge: 	at LSPHooker_.checkPermission(Unknown Source:25)

06-22 21:34:08.128  1562  4437 I LSPosed-Bridge: 	at com.android.server.am.ActivityManagerService.isGetTasksAllowed(ActivityManagerService.java:10902)

06-22 21:34:08.128  1562  4437 I LSPosed-Bridge: 	at com.android.server.am.ActivityManagerService.getRunningAppProcesses(ActivityManagerService.java:16139)

06-22 21:34:08.128  1562  4437 I LSPosed-Bridge: 	at android.app.IActivityManager$Stub.onTransact(IActivityManager.java:1088)

06-22 21:34:08.128  1562  4437 I LSPosed-Bridge: 	at com.android.server.am.ActivityManagerService.onTransact(ActivityManagerService.java:3346)

06-22 21:34:08.128  1562  4437 I LSPosed-Bridge: 	at android.os.Binder.execTransact(Binder.java:731)

06-22 21:34:08.246  1562 11027 I LSPosed-Bridge: 5267 PermLabel 10123 AMS.checkPermission: Binder.getCallingPid() = 5267; uid = 10123; Binder.getCallingUid() = 10123; getNameForUid: sixpack.sixpackabs.absworkout; getPackagesForUid: [sixpack.sixpackabs.absworkout]; permName: android.permission.GET_TASKS; type = 0; res = -1; stacktrace=java.lang.Exception

06-22 21:34:08.246  1562 11027 I LSPosed-Bridge: 	at com.example.permlabel.requirePerm$1$2.afterHookedMethod(requirePerm.java:127)

06-22 21:34:08.246  1562 11027 I LSPosed-Bridge: 	at de.robv.android.xposed.XposedBridge$AdditionalHookInfo.callback(Unknown Source:147)

06-22 21:34:08.246  1562 11027 I LSPosed-Bridge: 	at LSPHooker_.checkPermission(Unknown Source:25)

06-22 21:34:08.246  1562 11027 I LSPosed-Bridge: 	at com.android.server.am.ActivityManagerService.isGetTasksAllowed(ActivityManagerService.java:10902)

06-22 21:34:08.246  1562 11027 I LSPosed-Bridge: 	at com.android.server.am.ActivityManagerService.getRunningAppProcesses(ActivityManagerService.java:16139)

06-22 21:34:08.246  1562 11027 I LSPosed-Bridge: 	at android.app.IActivityManager$Stub.onTransact(IActivityManager.java:1088)

06-22 21:34:08.246  1562 11027 I LSPosed-Bridge: 	at com.android.server.am.ActivityManagerService.onTransact(ActivityManagerService.java:3346)

06-22 21:34:08.246  1562 11027 I LSPosed-Bridge: 	at android.os.Binder.execTransact(Binder.java:731)

06-22 21:34:08.246  1562  1574 I LSPosed-Bridge: 5267 PermLabel 10123 AMS.checkPermission: Binder.getCallingPid() = 5267; uid = 10123; Binder.getCallingUid() = 10123; getNameForUid: sixpack.sixpackabs.absworkout; getPackagesForUid: [sixpack.sixpackabs.absworkout]; permName: com.google.android.gms.permission.AD_ID; type = 0; res = -1; stacktrace=java.lang.Exception

06-22 21:34:08.246  1562  1574 I LSPosed-Bridge: 	at com.example.permlabel.requirePerm$1$2.afterHookedMethod(requirePerm.java:127)

06-22 21:34:08.246  1562  1574 I LSPosed-Bridge: 	at de.robv.android.xposed.XposedBridge$AdditionalHookInfo.callback(Unknown Source:147)

06-22 21:34:08.246  1562  1574 I LSPosed-Bridge: 	at LSPHooker_.checkPermission(Unknown Source:25)

06-22 21:34:08.246  1562  1574 I LSPosed-Bridge: 	at android.app.IActivityManager$Stub.onTransact(IActivityManager.java:664)

06-22 21:34:08.246  1562  1574 I LSPosed-Bridge: 	at com.android.server.am.ActivityManagerService.onTransact(ActivityManagerService.java:3346)

06-22 21:34:08.246  1562  1574 I LSPosed-Bridge: 	at android.os.Binder.execTransact(Binder.java:731)

06-22 21:34:08.769  1562  4437 I LSPosed-Bridge: 5267 PermLabel 10123 AMS.checkPermission: Binder.getCallingPid() = 5267; uid = 10123; Binder.getCallingUid() = 10123; getNameForUid: sixpack.sixpackabs.absworkout; getPackagesForUid: [sixpack.sixpackabs.absworkout]; permName: android.permission.GET_TASKS; type = 0; res = -1; stacktrace=java.lang.Exception

06-22 21:34:08.769  1562  4437 I LSPosed-Bridge: 	at com.example.permlabel.requirePerm$1$2.afterHookedMethod(requirePerm.java:127)

06-22 21:34:08.769  1562  4437 I LSPosed-Bridge: 	at de.robv.android.xposed.XposedBridge$AdditionalHookInfo.callback(Unknown Source:147)

06-22 21:34:08.769  1562  4437 I LSPosed-Bridge: 	at LSPHooker_.checkPermission(Unknown Source:25)

06-22 21:34:08.769  1562  4437 I LSPosed-Bridge: 	at com.android.server.am.ActivityManagerService.isGetTasksAllowed(ActivityManagerService.java:10902)

06-22 21:34:08.769  1562  4437 I LSPosed-Bridge: 	at com.android.server.am.ActivityManagerService.getRunningAppProcesses(ActivityManagerService.java:16139)

06-22 21:34:08.769  1562  4437 I LSPosed-Bridge: 	at android.app.IActivityManager$Stub.onTransact(IActivityManager.java:1088)

06-22 21:34:08.769  1562  4437 I LSPosed-Bridge: 	at com.android.server.am.ActivityManagerService.onTransact(ActivityManagerService.java:3346)

06-22 21:34:08.769  1562  4437 I LSPosed-Bridge: 	at android.os.Binder.execTransact(Binder.java:731)

06-22 21:35:08.703  1562  5415 I LSPosed-Bridge: 5267 PermLabel 10123 AMS.checkPermission: Binder.getCallingPid() = 5267; uid = 10123; Binder.getCallingUid() = 10123; getNameForUid: sixpack.sixpackabs.absworkout; getPackagesForUid: [sixpack.sixpackabs.absworkout]; permName: android.permission.GET_TASKS; type = 0; res = -1; stacktrace=java.lang.Exception

06-22 21:35:08.703  1562  5415 I LSPosed-Bridge: 	at com.example.permlabel.requirePerm$1$2.afterHookedMethod(requirePerm.java:127)

06-22 21:35:08.703  1562  5415 I LSPosed-Bridge: 	at de.robv.android.xposed.XposedBridge$AdditionalHookInfo.callback(Unknown Source:147)

06-22 21:35:08.703  1562  5415 I LSPosed-Bridge: 	at LSPHooker_.checkPermission(Unknown Source:25)

06-22 21:35:08.703  1562  5415 I LSPosed-Bridge: 	at com.android.server.am.ActivityManagerService.isGetTasksAllowed(ActivityManagerService.java:10902)

06-22 21:35:08.703  1562  5415 I LSPosed-Bridge: 	at com.android.server.am.ActivityManagerService.getRunningAppProcesses(ActivityManagerService.java:16139)

06-22 21:35:08.703  1562  5415 I LSPosed-Bridge: 	at android.app.IActivityManager$Stub.onTransact(IActivityManager.java:1088)

06-22 21:35:08.703  1562  5415 I LSPosed-Bridge: 	at com.android.server.am.ActivityManagerService.onTransact(ActivityManagerService.java:3346)

06-22 21:35:08.703  1562  5415 I LSPosed-Bridge: 	at android.os.Binder.execTransact(Binder.java:731)

06-22 21:35:08.823  5267  5267 I LSPosed-Bridge: 5267 PermLabel 10123 ContextImpl.checkPermission: pid = 5267; uid = 10123; permName: com.google.android.gms.permission.AD_ID; type = 0; res = -1; stacktrace=java.lang.Exception

06-22 21:35:08.823  5267  5267 I LSPosed-Bridge: 	at com.example.permlabel.requestPerm$2.afterHookedMethod(requestPerm.java:212)

06-22 21:35:08.823  5267  5267 I LSPosed-Bridge: 	at de.robv.android.xposed.XposedBridge$AdditionalHookInfo.callback(Unknown Source:147)

06-22 21:35:08.823  5267  5267 I LSPosed-Bridge: 	at LSPHooker_.checkPermission(Unknown Source:25)

06-22 21:35:08.823  5267  5267 I LSPosed-Bridge: 	at android.content.ContextWrapper.checkPermission(ContextWrapper.java:738)

06-22 21:35:08.823  5267  5267 I LSPosed-Bridge: 	at com.google.android.gms.ads.nonagon.signals.a.b(:com.google.android.gms.policy_ads_fdr_dynamite@231710101@231710100057.526733554.526733554:3)

06-22 21:35:08.823  5267  5267 I LSPosed-Bridge: 	at com.google.android.gms.ads.nonagon.signals.fp.a(:com.google.android.gms.policy_ads_fdr_dynamite@231710101@231710100057.526733554.526733554:3)

06-22 21:35:08.823  5267  5267 I LSPosed-Bridge: 	at com.google.android.gms.ads.nonagon.ad.common.ci.a(:com.google.android.gms.policy_ads_fdr_dynamite@231710101@231710100057.526733554.526733554:0)

06-22 21:35:08.823  5267  5267 I LSPosed-Bridge: 	at com.google.android.gms.ads.nonagon.ad.common.ci.b(:com.google.android.gms.policy_ads_fdr_dynamite@231710101@231710100057.526733554.526733554:1)

06-22 21:35:08.823  5267  5267 I LSPosed-Bridge: 	at com.google.android.gms.ads.nonagon.ad.common.ai.d(:com.google.android.gms.policy_ads_fdr_dynamite@231710101@231710100057.526733554.526733554:29)

06-22 21:35:08.823  5267  5267 I LSPosed-Bridge: 	at com.google.android.gms.ads.nonagon.ad.common.ai.b(:com.google.android.gms.policy_ads_fdr_dynamite@231710101@231710100057.526733554.526733554:0)

06-22 21:35:08.823  5267  5267 I LSPosed-Bridge: 	at com.google.android.gms.ads.nonagon.shim.ai.L(:com.google.android.gms.policy_ads_fdr_dynamite@231710101@231710100057.526733554.526733554:25)

06-22 21:35:08.823  5267  5267 I LSPosed-Bridge: 	at com.google.android.gms.ads.nonagon.shim.ab.L(:com.google.android.gms.policy_ads_fdr_dynamite@231710101@231710100057.526733554.526733554:0)

06-22 21:35:08.823  5267  5267 I LSPosed-Bridge: 	at com.google.android.gms.ads.internal.client.bf.bN(:com.google.android.gms.policy_ads_fdr_dynamite@231710101@231710100057.526733554.526733554:100)

06-22 21:35:08.823  5267  5267 I LSPosed-Bridge: 	at agb.onTransact(:com.google.android.gms.policy_ads_fdr_dynamite@231710101@231710100057.526733554.526733554:4)

06-22 21:35:08.823  5267  5267 I LSPosed-Bridge: 	at android.os.Binder.transact(Binder.java:667)

06-22 21:35:08.823  5267  5267 I LSPosed-Bridge: 	at com.google.android.gms.internal.ads.Ofa.a(SourceFile:2)

06-22 21:35:08.823  5267  5267 I LSPosed-Bridge: 	at com.google.android.gms.internal.ads.aoa.a(SourceFile:3)

06-22 21:35:08.823  5267  5267 I LSPosed-Bridge: 	at com.google.android.gms.internal.ads.Woa.a(SourceFile:24)

06-22 21:35:08.823  5267  5267 I LSPosed-Bridge: 	at com.google.android.gms.ads.i.a(SourceFile:1)

06-22 21:35:08.823  5267  5267 I LSPosed-Bridge: 	at com.zjsoft.admob.l.a(SourceFile:44)

06-22 21:35:08.823  5267  5267 I LSPosed-Bridge: 	at com.zjsoft.admob.l.a(SourceFile:1)

06-22 21:35:08.823  5267  5267 I LSPosed-Bridge: 	at com.zjsoft.admob.h.run(SourceFile:2)

06-22 21:35:08.823  5267  5267 I LSPosed-Bridge: 	at android.app.Activity.runOnUiThread(Activity.java:6282)

06-22 21:35:08.823  5267  5267 I LSPosed-Bridge: 	at com.zjsoft.admob.i.a(SourceFile:1)

06-22 21:35:08.823  5267  5267 I LSPosed-Bridge: 	at com.zjsoft.admob.b.a(SourceFile:10)

06-22 21:35:08.823  5267  5267 I LSPosed-Bridge: 	at com.zjsoft.admob.l.a(SourceFile:8)

06-22 21:35:08.823  5267  5267 I LSPosed-Bridge: 	at com.zjsoft.baseadlib.a.a.e.a(SourceFile:9)

06-22 21:35:08.823  5267  5267 I LSPosed-Bridge: 	at com.zjsoft.baseadlib.a.a.e.a(SourceFile:2)

06-22 21:35:08.823  5267  5267 I LSPosed-Bridge: 	at com.zjsoft.baseadlib.a.a.d.a(SourceFile:4)

06-22 21:35:08.823  5267  5267 I LSPosed-Bridge: 	at c.c.a.e.a(SourceFile:6)

06-22 21:35:08.823  5267  5267 I LSPosed-Bridge: 	at com.zjsoft.baseadlib.a.a.e.a(SourceFile:9)

06-22 21:35:08.823  5267  5267 I LSPosed-Bridge: 	at com.zjsoft.baseadlib.a.a.e.<init>(SourceFile:13)

06-22 21:35:08.823  5267  5267 I LSPosed-Bridge: 	at com.zjsoft.baseadlib.a.a.e.<init>(SourceFile:17)

06-22 21:35:08.823  5267  5267 I LSPosed-Bridge: 	at com.zjlib.thirtydaylib.a.s.b(SourceFile:9)

06-22 21:35:08.823  5267  5267 I LSPosed-Bridge: 	at com.zjlib.thirtydaylib.activity.ExerciseInfoActivityNew.X(SourceFile:1)

06-22 21:35:08.823  5267  5267 I LSPosed-Bridge: 	at com.zjlib.thirtydaylib.activity.N.b(SourceFile:1)

06-22 21:35:08.823  5267  5267 I LSPosed-Bridge: 	at com.zjlib.thirtydaylib.utils.ha.a(SourceFile:30)

06-22 21:35:08.823  5267  5267 I LSPosed-Bridge: 	at com.zjlib.thirtydaylib.utils.ha.a(SourceFile:10)

06-22 21:35:08.823  5267  5267 I LSPosed-Bridge: 	at com.zjlib.thirtydaylib.activity.O.run(SourceFile:6)

06-22 21:35:08.823  5267  5267 I LSPosed-Bridge: 	at android.os.Handler.handleCallback(Handler.java:873)

06-22 21:35:08.823  5267  5267 I LSPosed-Bridge: 	at android.os.Handler.dispatchMessage(Handler.java:99)

06-22 21:35:08.823  5267  5267 I LSPosed-Bridge: 	at android.os.Looper.loop(Looper.java:193)

06-22 21:35:08.823  5267  5267 I LSPosed-Bridge: 	at android.app.ActivityThread.main(ActivityThread.java:6692)

06-22 21:35:08.823  5267  5267 I LSPosed-Bridge: 	at java.lang.reflect.Method.invoke(Native Method)

06-22 21:35:08.823  5267  5267 I LSPosed-Bridge: 	at com.android.internal.os.RuntimeInit$MethodAndArgsCaller.run(RuntimeInit.java:493)

06-22 21:35:08.823  5267  5267 I LSPosed-Bridge: 	at com.android.internal.os.ZygoteInit.main(ZygoteInit.java:858)

06-22 21:35:08.823  1562 17128 I LSPosed-Bridge: 5267 PermLabel 10123 AMS.checkPermission: Binder.getCallingPid() = 5267; uid = 10123; Binder.getCallingUid() = 10123; getNameForUid: sixpack.sixpackabs.absworkout; getPackagesForUid: [sixpack.sixpackabs.absworkout]; permName: android.permission.GET_TASKS; type = 0; res = -1; stacktrace=java.lang.Exception

06-22 21:35:08.823  1562 17128 I LSPosed-Bridge: 	at com.example.permlabel.requirePerm$1$2.afterHookedMethod(requirePerm.java:127)

06-22 21:35:08.823  1562 17128 I LSPosed-Bridge: 	at de.robv.android.xposed.XposedBridge$AdditionalHookInfo.callback(Unknown Source:147)

06-22 21:35:08.823  1562 17128 I LSPosed-Bridge: 	at LSPHooker_.checkPermission(Unknown Source:25)

06-22 21:35:08.823  1562 17128 I LSPosed-Bridge: 	at com.android.server.am.ActivityManagerService.isGetTasksAllowed(ActivityManagerService.java:10902)

06-22 21:35:08.823  1562 17128 I LSPosed-Bridge: 	at com.android.server.am.ActivityManagerService.getRunningAppProcesses(ActivityManagerService.java:16139)

06-22 21:35:08.823  1562 17128 I LSPosed-Bridge: 	at android.app.IActivityManager$Stub.onTransact(IActivityManager.java:1088)

06-22 21:35:08.823  1562 17128 I LSPosed-Bridge: 	at com.android.server.am.ActivityManagerService.onTransact(ActivityManagerService.java:3346)

06-22 21:35:08.823  1562 17128 I LSPosed-Bridge: 	at android.os.Binder.execTransact(Binder.java:731)

06-22 21:35:09.300  1562  1574 I LSPosed-Bridge: 5267 PermLabel 10123 AMS.checkPermission: Binder.getCallingPid() = 5267; uid = 10123; Binder.getCallingUid() = 10123; getNameForUid: sixpack.sixpackabs.absworkout; getPackagesForUid: [sixpack.sixpackabs.absworkout]; permName: android.permission.GET_TASKS; type = 0; res = -1; stacktrace=java.lang.Exception

06-22 21:35:09.300  1562  1574 I LSPosed-Bridge: 	at com.example.permlabel.requirePerm$1$2.afterHookedMethod(requirePerm.java:127)

06-22 21:35:09.300  1562  1574 I LSPosed-Bridge: 	at de.robv.android.xposed.XposedBridge$AdditionalHookInfo.callback(Unknown Source:147)

06-22 21:35:09.300  1562  1574 I LSPosed-Bridge: 	at LSPHooker_.checkPermission(Unknown Source:25)

06-22 21:35:09.300  1562  1574 I LSPosed-Bridge: 	at com.android.server.am.ActivityManagerService.isGetTasksAllowed(ActivityManagerService.java:10902)

06-22 21:35:09.300  1562  1574 I LSPosed-Bridge: 	at com.android.server.am.ActivityManagerService.getRunningAppProcesses(ActivityManagerService.java:16139)

06-22 21:35:09.300  1562  1574 I LSPosed-Bridge: 	at android.app.IActivityManager$Stub.onTransact(IActivityManager.java:1088)

06-22 21:35:09.300  1562  1574 I LSPosed-Bridge: 	at com.android.server.am.ActivityManagerService.onTransact(ActivityManagerService.java:3346)

06-22 21:35:09.300  1562  1574 I LSPosed-Bridge: 	at android.os.Binder.execTransact(Binder.java:731)

06-22 21:35:09.300  1562  4437 I LSPosed-Bridge: 5267 PermLabel 10123 AMS.checkPermission: Binder.getCallingPid() = 5267; uid = 10123; Binder.getCallingUid() = 10123; getNameForUid: sixpack.sixpackabs.absworkout; getPackagesForUid: [sixpack.sixpackabs.absworkout]; permName: com.google.android.gms.permission.AD_ID; type = 0; res = -1; stacktrace=java.lang.Exception

06-22 21:35:09.300  1562  4437 I LSPosed-Bridge: 	at com.example.permlabel.requirePerm$1$2.afterHookedMethod(requirePerm.java:127)

06-22 21:35:09.300  1562  4437 I LSPosed-Bridge: 	at de.robv.android.xposed.XposedBridge$AdditionalHookInfo.callback(Unknown Source:147)

06-22 21:35:09.300  1562  4437 I LSPosed-Bridge: 	at LSPHooker_.checkPermission(Unknown Source:25)

06-22 21:35:09.300  1562  4437 I LSPosed-Bridge: 	at android.app.IActivityManager$Stub.onTransact(IActivityManager.java:664)

06-22 21:35:09.300  1562  4437 I LSPosed-Bridge: 	at com.android.server.am.ActivityManagerService.onTransact(ActivityManagerService.java:3346)

06-22 21:35:09.300  1562  4437 I LSPosed-Bridge: 	at android.os.Binder.execTransact(Binder.java:731)

06-22 21:36:16.390  1562  1574 I LSPosed-Bridge: 5267 PermLabel 10123 AMS.checkPermission: Binder.getCallingPid() = 5267; uid = 10123; Binder.getCallingUid() = 10123; getNameForUid: sixpack.sixpackabs.absworkout; getPackagesForUid: [sixpack.sixpackabs.absworkout]; permName: android.permission.GET_TASKS; type = 0; res = -1; stacktrace=java.lang.Exception

06-22 21:36:16.390  1562  1574 I LSPosed-Bridge: 	at com.example.permlabel.requirePerm$1$2.afterHookedMethod(requirePerm.java:127)

06-22 21:36:16.390  1562  1574 I LSPosed-Bridge: 	at de.robv.android.xposed.XposedBridge$AdditionalHookInfo.callback(Unknown Source:147)

06-22 21:36:16.390  1562  1574 I LSPosed-Bridge: 	at LSPHooker_.checkPermission(Unknown Source:25)

06-22 21:36:16.390  1562  1574 I LSPosed-Bridge: 	at com.android.server.am.ActivityManagerService.isGetTasksAllowed(ActivityManagerService.java:10902)

06-22 21:36:16.390  1562  1574 I LSPosed-Bridge: 	at com.android.server.am.ActivityManagerService.getRunningAppProcesses(ActivityManagerService.java:16139)

06-22 21:36:16.390  1562  1574 I LSPosed-Bridge: 	at android.app.IActivityManager$Stub.onTransact(IActivityManager.java:1088)

06-22 21:36:16.390  1562  1574 I LSPosed-Bridge: 	at com.android.server.am.ActivityManagerService.onTransact(ActivityManagerService.java:3346)

06-22 21:36:16.390  1562  1574 I LSPosed-Bridge: 	at android.os.Binder.execTransact(Binder.java:731)

06-22 21:36:16.390  1562 17128 I LSPosed-Bridge: 5267 PermLabel 10123 AMS.checkPermission: Binder.getCallingPid() = 5267; uid = 10123; Binder.getCallingUid() = 10123; getNameForUid: sixpack.sixpackabs.absworkout; getPackagesForUid: [sixpack.sixpackabs.absworkout]; permName: com.google.android.gms.permission.AD_ID; type = 0; res = -1; stacktrace=java.lang.Exception

