06-22 21:11:51.036  1562  5416 I LSPosed-Bridge: 5267 PermLabel 10123 AMS.checkPermission: Binder.getCallingPid() = 5267; uid = 10123; Binder.getCallingUid() = 10123; getNameForUid: sixpack.sixpackabs.absworkout; getPackagesForUid: [sixpack.sixpackabs.absworkout]; permName: android.permission.GET_TASKS; type = 0; res = -1; stacktrace=java.lang.Exception

06-22 21:11:51.036  1562  5416 I LSPosed-Bridge: 	at com.example.permlabel.requirePerm$1$2.afterHookedMethod(requirePerm.java:127)

06-22 21:11:51.036  1562  5416 I LSPosed-Bridge: 	at de.robv.android.xposed.XposedBridge$AdditionalHookInfo.callback(Unknown Source:147)

06-22 21:11:51.036  1562  5416 I LSPosed-Bridge: 	at LSPHooker_.checkPermission(Unknown Source:25)

06-22 21:11:51.036  1562  5416 I LSPosed-Bridge: 	at com.android.server.am.ActivityManagerService.isGetTasksAllowed(ActivityManagerService.java:10902)

06-22 21:11:51.036  1562  5416 I LSPosed-Bridge: 	at com.android.server.am.ActivityManagerService.getRunningAppProcesses(ActivityManagerService.java:16139)

06-22 21:11:51.036  1562  5416 I LSPosed-Bridge: 	at android.app.IActivityManager$Stub.onTransact(IActivityManager.java:1088)

06-22 21:11:51.036  1562  5416 I LSPosed-Bridge: 	at com.android.server.am.ActivityManagerService.onTransact(ActivityManagerService.java:3346)

06-22 21:11:51.036  1562  5416 I LSPosed-Bridge: 	at android.os.Binder.execTransact(Binder.java:731)

06-22 21:11:53.915  1562  1708 I LSPosed-Bridge: 5267 PermLabel 10123 AMS.checkPermission: Binder.getCallingPid() = 5267; uid = 10123; Binder.getCallingUid() = 10123; getNameForUid: sixpack.sixpackabs.absworkout; getPackagesForUid: [sixpack.sixpackabs.absworkout]; permName: android.permission.GET_TASKS; type = 0; res = -1; stacktrace=java.lang.Exception

06-22 21:11:53.915  1562  1708 I LSPosed-Bridge: 	at com.example.permlabel.requirePerm$1$2.afterHookedMethod(requirePerm.java:127)

06-22 21:11:53.915  1562  1708 I LSPosed-Bridge: 	at de.robv.android.xposed.XposedBridge$AdditionalHookInfo.callback(Unknown Source:147)

06-22 21:11:53.915  1562  1708 I LSPosed-Bridge: 	at LSPHooker_.checkPermission(Unknown Source:25)

06-22 21:11:53.915  1562  1708 I LSPosed-Bridge: 	at com.android.server.am.ActivityManagerService.isGetTasksAllowed(ActivityManagerService.java:10902)

06-22 21:11:53.915  1562  1708 I LSPosed-Bridge: 	at com.android.server.am.ActivityManagerService.getRunningAppProcesses(ActivityManagerService.java:16139)

06-22 21:11:53.915  1562  1708 I LSPosed-Bridge: 	at android.app.IActivityManager$Stub.onTransact(IActivityManager.java:1088)

06-22 21:11:53.915  1562  1708 I LSPosed-Bridge: 	at com.android.server.am.ActivityManagerService.onTransact(ActivityManagerService.java:3346)

06-22 21:11:53.915  1562  1708 I LSPosed-Bridge: 	at android.os.Binder.execTransact(Binder.java:731)

06-22 21:11:54.180  1562  1844 I LSPosed-Bridge: 5267 PermLabel 10123 AMS.checkPermission: Binder.getCallingPid() = 5267; uid = 10123; Binder.getCallingUid() = 10123; getNameForUid: sixpack.sixpackabs.absworkout; getPackagesForUid: [sixpack.sixpackabs.absworkout]; permName: android.permission.GET_TASKS; type = 0; res = -1; stacktrace=java.lang.Exception

06-22 21:11:54.180  1562  1844 I LSPosed-Bridge: 	at com.example.permlabel.requirePerm$1$2.afterHookedMethod(requirePerm.java:127)

06-22 21:11:54.180  1562  1844 I LSPosed-Bridge: 	at de.robv.android.xposed.XposedBridge$AdditionalHookInfo.callback(Unknown Source:147)

06-22 21:11:54.180  1562  1844 I LSPosed-Bridge: 	at LSPHooker_.checkPermission(Unknown Source:25)

06-22 21:11:54.180  1562  1844 I LSPosed-Bridge: 	at com.android.server.am.ActivityManagerService.isGetTasksAllowed(ActivityManagerService.java:10902)

06-22 21:11:54.180  1562  1844 I LSPosed-Bridge: 	at com.android.server.am.ActivityManagerService.getRunningAppProcesses(ActivityManagerService.java:16139)

06-22 21:11:54.180  1562  1844 I LSPosed-Bridge: 	at android.app.IActivityManager$Stub.onTransact(IActivityManager.java:1088)

06-22 21:11:54.180  1562  1844 I LSPosed-Bridge: 	at com.android.server.am.ActivityManagerService.onTransact(ActivityManagerService.java:3346)

06-22 21:11:54.180  1562  1844 I LSPosed-Bridge: 	at android.os.Binder.execTransact(Binder.java:731)

06-22 21:11:54.467  1562  4554 I LSPosed-Bridge: 5267 PermLabel 10123 AMS.checkPermission: Binder.getCallingPid() = 5267; uid = 10123; Binder.getCallingUid() = 10123; getNameForUid: sixpack.sixpackabs.absworkout; getPackagesForUid: [sixpack.sixpackabs.absworkout]; permName: android.permission.GET_TASKS; type = 0; res = -1; stacktrace=java.lang.Exception

06-22 21:11:54.467  1562  4554 I LSPosed-Bridge: 	at com.example.permlabel.requirePerm$1$2.afterHookedMethod(requirePerm.java:127)

06-22 21:11:54.467  1562  4554 I LSPosed-Bridge: 	at de.robv.android.xposed.XposedBridge$AdditionalHookInfo.callback(Unknown Source:147)

06-22 21:11:54.467  1562  4554 I LSPosed-Bridge: 	at LSPHooker_.checkPermission(Unknown Source:25)

06-22 21:11:54.467  1562  4554 I LSPosed-Bridge: 	at com.android.server.am.ActivityManagerService.isGetTasksAllowed(ActivityManagerService.java:10902)

06-22 21:11:54.467  1562  4554 I LSPosed-Bridge: 	at com.android.server.am.ActivityManagerService.getRunningAppProcesses(ActivityManagerService.java:16139)

06-22 21:11:54.467  1562  4554 I LSPosed-Bridge: 	at android.app.IActivityManager$Stub.onTransact(IActivityManager.java:1088)

06-22 21:11:54.467  1562  4554 I LSPosed-Bridge: 	at com.android.server.am.ActivityManagerService.onTransact(ActivityManagerService.java:3346)

06-22 21:11:54.467  1562  4554 I LSPosed-Bridge: 	at android.os.Binder.execTransact(Binder.java:731)

06-22 21:11:54.575  1562  2418 I LSPosed-Bridge: 5267 PermLabel 10123 AMS.checkPermission: Binder.getCallingPid() = 5267; uid = 10123; Binder.getCallingUid() = 10123; getNameForUid: sixpack.sixpackabs.absworkout; getPackagesForUid: [sixpack.sixpackabs.absworkout]; permName: android.permission.GET_TASKS; type = 0; res = -1; stacktrace=java.lang.Exception

06-22 21:11:54.575  1562  2418 I LSPosed-Bridge: 	at com.example.permlabel.requirePerm$1$2.afterHookedMethod(requirePerm.java:127)

06-22 21:11:54.575  1562  2418 I LSPosed-Bridge: 	at de.robv.android.xposed.XposedBridge$AdditionalHookInfo.callback(Unknown Source:147)

06-22 21:11:54.575  1562  2418 I LSPosed-Bridge: 	at LSPHooker_.checkPermission(Unknown Source:25)

06-22 21:11:54.575  1562  2418 I LSPosed-Bridge: 	at com.android.server.am.ActivityManagerService.isGetTasksAllowed(ActivityManagerService.java:10902)

06-22 21:11:54.575  1562  2418 I LSPosed-Bridge: 	at com.android.server.am.ActivityManagerService.getRunningAppProcesses(ActivityManagerService.java:16139)

06-22 21:11:54.575  1562  2418 I LSPosed-Bridge: 	at android.app.IActivityManager$Stub.onTransact(IActivityManager.java:1088)

06-22 21:11:54.575  1562  2418 I LSPosed-Bridge: 	at com.android.server.am.ActivityManagerService.onTransact(ActivityManagerService.java:3346)

06-22 21:11:54.575  1562  2418 I LSPosed-Bridge: 	at android.os.Binder.execTransact(Binder.java:731)

06-22 21:11:55.670  1562  1708 I LSPosed-Bridge: 5267 PermLabel 10123 AMS.checkPermission: Binder.getCallingPid() = 5267; uid = 10123; Binder.getCallingUid() = 10123; getNameForUid: sixpack.sixpackabs.absworkout; getPackagesForUid: [sixpack.sixpackabs.absworkout]; permName: android.permission.GET_TASKS; type = 0; res = -1; stacktrace=java.lang.Exception

06-22 21:11:55.670  1562  1708 I LSPosed-Bridge: 	at com.example.permlabel.requirePerm$1$2.afterHookedMethod(requirePerm.java:127)

06-22 21:11:55.670  1562  1708 I LSPosed-Bridge: 	at de.robv.android.xposed.XposedBridge$AdditionalHookInfo.callback(Unknown Source:147)

06-22 21:11:55.670  1562  1708 I LSPosed-Bridge: 	at LSPHooker_.checkPermission(Unknown Source:25)

06-22 21:11:55.670  1562  1708 I LSPosed-Bridge: 	at com.android.server.am.ActivityManagerService.isGetTasksAllowed(ActivityManagerService.java:10902)

06-22 21:11:55.670  1562  1708 I LSPosed-Bridge: 	at com.android.server.am.ActivityManagerService.getRunningAppProcesses(ActivityManagerService.java:16139)

06-22 21:11:55.670  1562  1708 I LSPosed-Bridge: 	at android.app.IActivityManager$Stub.onTransact(IActivityManager.java:1088)

06-22 21:11:55.670  1562  1708 I LSPosed-Bridge: 	at com.android.server.am.ActivityManagerService.onTransact(ActivityManagerService.java:3346)

06-22 21:11:55.670  1562  1708 I LSPosed-Bridge: 	at android.os.Binder.execTransact(Binder.java:731)

06-22 21:11:55.742  1562  2418 I LSPosed-Bridge: 5267 PermLabel 10123 AMS.checkPermission: Binder.getCallingPid() = 5267; uid = 10123; Binder.getCallingUid() = 10123; getNameForUid: sixpack.sixpackabs.absworkout; getPackagesForUid: [sixpack.sixpackabs.absworkout]; permName: android.permission.GET_TASKS; type = 0; res = -1; stacktrace=java.lang.Exception

06-22 21:11:55.742  1562  2418 I LSPosed-Bridge: 	at com.example.permlabel.requirePerm$1$2.afterHookedMethod(requirePerm.java:127)

06-22 21:11:55.742  1562  2418 I LSPosed-Bridge: 	at de.robv.android.xposed.XposedBridge$AdditionalHookInfo.callback(Unknown Source:147)

06-22 21:11:55.742  1562  2418 I LSPosed-Bridge: 	at LSPHooker_.checkPermission(Unknown Source:25)

06-22 21:11:55.742  1562  2418 I LSPosed-Bridge: 	at com.android.server.am.ActivityManagerService.isGetTasksAllowed(ActivityManagerService.java:10902)

06-22 21:11:55.742  1562  2418 I LSPosed-Bridge: 	at com.android.server.am.ActivityManagerService.getRunningAppProcesses(ActivityManagerService.java:16139)

06-22 21:11:55.742  1562  2418 I LSPosed-Bridge: 	at android.app.IActivityManager$Stub.onTransact(IActivityManager.java:1088)

06-22 21:11:55.742  1562  2418 I LSPosed-Bridge: 	at com.android.server.am.ActivityManagerService.onTransact(ActivityManagerService.java:3346)

06-22 21:11:55.742  1562  2418 I LSPosed-Bridge: 	at android.os.Binder.execTransact(Binder.java:731)

06-22 21:11:55.796  1562  1574 I LSPosed-Bridge: 5267 PermLabel 10123 AMS.checkPermission: Binder.getCallingPid() = 5267; uid = 10123; Binder.getCallingUid() = 10123; getNameForUid: sixpack.sixpackabs.absworkout; getPackagesForUid: [sixpack.sixpackabs.absworkout]; permName: android.permission.GET_TASKS; type = 0; res = -1; stacktrace=java.lang.Exception

06-22 21:11:55.796  1562  1574 I LSPosed-Bridge: 	at com.example.permlabel.requirePerm$1$2.afterHookedMethod(requirePerm.java:127)

06-22 21:11:55.796  1562  1574 I LSPosed-Bridge: 	at de.robv.android.xposed.XposedBridge$AdditionalHookInfo.callback(Unknown Source:147)

06-22 21:11:55.796  1562  1574 I LSPosed-Bridge: 	at LSPHooker_.checkPermission(Unknown Source:25)

06-22 21:11:55.796  1562  1574 I LSPosed-Bridge: 	at com.android.server.am.ActivityManagerService.isGetTasksAllowed(ActivityManagerService.java:10902)

06-22 21:11:55.796  1562  1574 I LSPosed-Bridge: 	at com.android.server.am.ActivityManagerService.getRunningAppProcesses(ActivityManagerService.java:16139)

06-22 21:11:55.796  1562  1574 I LSPosed-Bridge: 	at android.app.IActivityManager$Stub.onTransact(IActivityManager.java:1088)

06-22 21:11:55.796  1562  1574 I LSPosed-Bridge: 	at com.android.server.am.ActivityManagerService.onTransact(ActivityManagerService.java:3346)

06-22 21:11:55.796  1562  1574 I LSPosed-Bridge: 	at android.os.Binder.execTransact(Binder.java:731)

06-22 21:11:55.845  1562  4554 I LSPosed-Bridge: 5267 PermLabel 10123 AMS.checkPermission: Binder.getCallingPid() = 5267; uid = 10123; Binder.getCallingUid() = 10123; getNameForUid: sixpack.sixpackabs.absworkout; getPackagesForUid: [sixpack.sixpackabs.absworkout]; permName: android.permission.GET_TASKS; type = 0; res = -1; stacktrace=java.lang.Exception

06-22 21:11:55.845  1562  4554 I LSPosed-Bridge: 	at com.example.permlabel.requirePerm$1$2.afterHookedMethod(requirePerm.java:127)

06-22 21:11:55.845  1562  4554 I LSPosed-Bridge: 	at de.robv.android.xposed.XposedBridge$AdditionalHookInfo.callback(Unknown Source:147)

06-22 21:11:55.845  1562  4554 I LSPosed-Bridge: 	at LSPHooker_.checkPermission(Unknown Source:25)

06-22 21:11:55.845  1562  4554 I LSPosed-Bridge: 	at com.android.server.am.ActivityManagerService.isGetTasksAllowed(ActivityManagerService.java:10902)

06-22 21:11:55.845  1562  4554 I LSPosed-Bridge: 	at com.android.server.am.ActivityManagerService.getRunningAppProcesses(ActivityManagerService.java:16139)

06-22 21:11:55.845  1562  4554 I LSPosed-Bridge: 	at android.app.IActivityManager$Stub.onTransact(IActivityManager.java:1088)

06-22 21:11:55.845  1562  4554 I LSPosed-Bridge: 	at com.android.server.am.ActivityManagerService.onTransact(ActivityManagerService.java:3346)

06-22 21:11:55.845  1562  4554 I LSPosed-Bridge: 	at android.os.Binder.execTransact(Binder.java:731)

06-22 21:11:55.980  1562  1844 I LSPosed-Bridge: 5267 PermLabel 10123 AMS.checkPermission: Binder.getCallingPid() = 5267; uid = 10123; Binder.getCallingUid() = 10123; getNameForUid: sixpack.sixpackabs.absworkout; getPackagesForUid: [sixpack.sixpackabs.absworkout]; permName: android.permission.GET_TASKS; type = 0; res = -1; stacktrace=java.lang.Exception

06-22 21:11:55.980  1562  1844 I LSPosed-Bridge: 	at com.example.permlabel.requirePerm$1$2.afterHookedMethod(requirePerm.java:127)

06-22 21:11:55.980  1562  1844 I LSPosed-Bridge: 	at de.robv.android.xposed.XposedBridge$AdditionalHookInfo.callback(Unknown Source:147)

06-22 21:11:55.980  1562  1844 I LSPosed-Bridge: 	at LSPHooker_.checkPermission(Unknown Source:25)

06-22 21:11:55.980  1562  1844 I LSPosed-Bridge: 	at com.android.server.am.ActivityManagerService.isGetTasksAllowed(ActivityManagerService.java:10902)

06-22 21:11:55.980  1562  1844 I LSPosed-Bridge: 	at com.android.server.am.ActivityManagerService.getRunningAppProcesses(ActivityManagerService.java:16139)

06-22 21:11:55.980  1562  1844 I LSPosed-Bridge: 	at android.app.IActivityManager$Stub.onTransact(IActivityManager.java:1088)

06-22 21:11:55.980  1562  1844 I LSPosed-Bridge: 	at com.android.server.am.ActivityManagerService.onTransact(ActivityManagerService.java:3346)

06-22 21:11:55.980  1562  1844 I LSPosed-Bridge: 	at android.os.Binder.execTransact(Binder.java:731)

06-22 21:11:56.339  1562  5414 I LSPosed-Bridge: 5267 PermLabel 10123 AMS.checkPermission: Binder.getCallingPid() = 5267; uid = 10123; Binder.getCallingUid() = 10123; getNameForUid: sixpack.sixpackabs.absworkout; getPackagesForUid: [sixpack.sixpackabs.absworkout]; permName: android.permission.ACCESS_NETWORK_STATE; type = 0; res = 0; stacktrace=java.lang.Exception

06-22 21:11:56.339  1562  5414 I LSPosed-Bridge: 	at com.example.permlabel.requirePerm$1$2.afterHookedMethod(requirePerm.java:127)

06-22 21:11:56.339  1562  5414 I LSPosed-Bridge: 	at de.robv.android.xposed.XposedBridge$AdditionalHookInfo.callback(Unknown Source:147)

06-22 21:11:56.339  1562  5414 I LSPosed-Bridge: 	at LSPHooker_.checkPermission(Unknown Source:25)

06-22 21:11:56.339  1562  5414 I LSPosed-Bridge: 	at android.app.ContextImpl.checkPermission(ContextImpl.java:1751)

06-22 21:11:56.339  1562  5414 I LSPosed-Bridge: 	at android.app.ContextImpl.checkCallingOrSelfPermission(ContextImpl.java:1791)

06-22 21:11:56.339  1562  5414 I LSPosed-Bridge: 	at android.app.ContextImpl.enforceCallingOrSelfPermission(ContextImpl.java:1841)

06-22 21:11:56.339  1562  5414 I LSPosed-Bridge: 	at com.android.server.ConnectivityService.enforceAccessPermission(ConnectivityService.java:1672)

06-22 21:11:56.339  1562  5414 I LSPosed-Bridge: 	at com.android.server.ConnectivityService.getActiveNetworkInfo(ConnectivityService.java:1178)

06-22 21:11:56.339  1562  5414 I LSPosed-Bridge: 	at android.net.IConnectivityManager$Stub.onTransact(IConnectivityManager.java:85)

06-22 21:11:56.339  1562  5414 I LSPosed-Bridge: 	at android.os.Binder.execTransact(Binder.java:731)

06-22 21:11:56.339  1562  4164 I LSPosed-Bridge: 5267 PermLabel 10123 AMS.checkPermission: Binder.getCallingPid() = 5267; uid = 10123; Binder.getCallingUid() = 10123; getNameForUid: sixpack.sixpackabs.absworkout; getPackagesForUid: [sixpack.sixpackabs.absworkout]; permName: android.permission.GET_TASKS; type = 0; res = -1; stacktrace=java.lang.Exception

06-22 21:11:56.339  1562  4164 I LSPosed-Bridge: 	at com.example.permlabel.requirePerm$1$2.afterHookedMethod(requirePerm.java:127)

06-22 21:11:56.339  1562  4164 I LSPosed-Bridge: 	at de.robv.android.xposed.XposedBridge$AdditionalHookInfo.callback(Unknown Source:147)

06-22 21:11:56.339  1562  4164 I LSPosed-Bridge: 	at LSPHooker_.checkPermission(Unknown Source:25)

06-22 21:11:56.339  1562  4164 I LSPosed-Bridge: 	at com.android.server.am.ActivityManagerService.isGetTasksAllowed(ActivityManagerService.java:10902)

06-22 21:11:56.339  1562  4164 I LSPosed-Bridge: 	at com.android.server.am.ActivityManagerService.getRunningAppProcesses(ActivityManagerService.java:16139)

06-22 21:11:56.339  1562  4164 I LSPosed-Bridge: 	at android.app.IActivityManager$Stub.onTransact(IActivityManager.java:1088)

06-22 21:11:56.339  1562  4164 I LSPosed-Bridge: 	at com.android.server.am.ActivityManagerService.onTransact(ActivityManagerService.java:3346)

06-22 21:11:56.339  1562  4164 I LSPosed-Bridge: 	at android.os.Binder.execTransact(Binder.java:731)

06-22 21:11:56.356  1562  5412 I LSPosed-Bridge: 5267 PermLabel 10123 AMS.checkPermission: Binder.getCallingPid() = 5267; uid = 10123; Binder.getCallingUid() = 10123; getNameForUid: sixpack.sixpackabs.absworkout; getPackagesForUid: [sixpack.sixpackabs.absworkout]; permName: android.permission.GET_TASKS; type = 0; res = -1; stacktrace=java.lang.Exception

06-22 21:11:56.356  1562  5412 I LSPosed-Bridge: 	at com.example.permlabel.requirePerm$1$2.afterHookedMethod(requirePerm.java:127)

06-22 21:11:56.356  1562  5412 I LSPosed-Bridge: 	at de.robv.android.xposed.XposedBridge$AdditionalHookInfo.callback(Unknown Source:147)

06-22 21:11:56.356  1562  5412 I LSPosed-Bridge: 	at LSPHooker_.checkPermission(Unknown Source:25)

06-22 21:11:56.356  1562  5412 I LSPosed-Bridge: 	at com.android.server.am.ActivityManagerService.isGetTasksAllowed(ActivityManagerService.java:10902)

06-22 21:11:56.356  1562  5412 I LSPosed-Bridge: 	at com.android.server.am.ActivityManagerService.getRunningAppProcesses(ActivityManagerService.java:16139)

06-22 21:11:56.356  1562  5412 I LSPosed-Bridge: 	at android.app.IActivityManager$Stub.onTransact(IActivityManager.java:1088)

06-22 21:11:56.356  1562  5412 I LSPosed-Bridge: 	at com.android.server.am.ActivityManagerService.onTransact(ActivityManagerService.java:3346)

06-22 21:11:56.356  1562  5412 I LSPosed-Bridge: 	at android.os.Binder.execTransact(Binder.java:731)

06-22 21:11:56.356  5267  5267 I LSPosed-Bridge: 5267 PermLabel 10123 ContextImpl.checkPermission: pid = 5267; uid = 10123; permName: com.google.android.gms.permission.AD_ID; type = 0; res = -1; stacktrace=java.lang.Exception

06-22 21:11:56.356  5267  5267 I LSPosed-Bridge: 	at com.example.permlabel.requestPerm$2.afterHookedMethod(requestPerm.java:212)

06-22 21:11:56.356  5267  5267 I LSPosed-Bridge: 	at de.robv.android.xposed.XposedBridge$AdditionalHookInfo.callback(Unknown Source:147)

06-22 21:11:56.356  5267  5267 I LSPosed-Bridge: 	at LSPHooker_.checkPermission(Unknown Source:25)

06-22 21:11:56.356  5267  5267 I LSPosed-Bridge: 	at android.content.ContextWrapper.checkPermission(ContextWrapper.java:738)

06-22 21:11:56.356  5267  5267 I LSPosed-Bridge: 	at com.google.android.gms.ads.nonagon.signals.a.b(:com.google.android.gms.policy_ads_fdr_dynamite@231710101@231710100057.526733554.526733554:3)

06-22 21:11:56.356  5267  5267 I LSPosed-Bridge: 	at com.google.android.gms.ads.nonagon.signals.fp.a(:com.google.android.gms.policy_ads_fdr_dynamite@231710101@231710100057.526733554.526733554:3)

06-22 21:11:56.356  5267  5267 I LSPosed-Bridge: 	at com.google.android.gms.ads.nonagon.ad.common.ci.a(:com.google.android.gms.policy_ads_fdr_dynamite@231710101@231710100057.526733554.526733554:0)

06-22 21:11:56.356  5267  5267 I LSPosed-Bridge: 	at com.google.android.gms.ads.nonagon.ad.common.ci.b(:com.google.android.gms.policy_ads_fdr_dynamite@231710101@231710100057.526733554.526733554:1)

06-22 21:11:56.356  5267  5267 I LSPosed-Bridge: 	at com.google.android.gms.ads.nonagon.ad.common.ai.d(:com.google.android.gms.policy_ads_fdr_dynamite@231710101@231710100057.526733554.526733554:29)

06-22 21:11:56.356  5267  5267 I LSPosed-Bridge: 	at com.google.android.gms.ads.nonagon.ad.common.ai.b(:com.google.android.gms.policy_ads_fdr_dynamite@231710101@231710100057.526733554.526733554:0)

06-22 21:11:56.356  5267  5267 I LSPosed-Bridge: 	at com.google.android.gms.ads.nonagon.shim.adapters.b.c(:com.google.android.gms.policy_ads_fdr_dynamite@231710101@231710100057.526733554.526733554:19)

06-22 21:11:56.356  5267  5267 I LSPosed-Bridge: 	at com.google.android.gms.ads.nonagon.shim.d.g(:com.google.android.gms.policy_ads_fdr_dynamite@231710101@231710100057.526733554.526733554:2)

06-22 21:11:56.356  5267  5267 I LSPosed-Bridge: 	at com.google.android.gms.ads.internal.client.aw.bN(:com.google.android.gms.policy_ads_fdr_dynamite@231710101@231710100057.526733554.526733554:10)

06-22 21:11:56.356  5267  5267 I LSPosed-Bridge: 	at agb.onTransact(:com.google.android.gms.policy_ads_fdr_dynamite@231710101@231710100057.526733554.526733554:4)

06-22 21:11:56.356  5267  5267 I LSPosed-Bridge: 	at android.os.Binder.transact(Binder.java:667)

06-22 21:11:56.356  5267  5267 I LSPosed-Bridge: 	at com.google.android.gms.internal.ads.Ofa.b(SourceFile:2)

06-22 21:11:56.356  5267  5267 I LSPosed-Bridge: 	at com.google.android.gms.internal.ads.Tna.b(SourceFile:3)

06-22 21:11:56.356  5267  5267 I LSPosed-Bridge: 	at com.google.android.gms.ads.d.a(SourceFile:1)

06-22 21:11:56.356  5267  5267 I LSPosed-Bridge: 	at com.google.android.gms.ads.d.a(SourceFile:3)

06-22 21:11:56.356  5267  5267 I LSPosed-Bridge: 	at com.zjsoft.admob.q.a(SourceFile:54)

06-22 21:11:56.356  5267  5267 I LSPosed-Bridge: 	at com.zjsoft.admob.q.a(SourceFile:1)

06-22 21:11:56.356  5267  5267 I LSPosed-Bridge: 	at com.zjsoft.admob.m.run(SourceFile:2)

06-22 21:11:56.356  5267  5267 I LSPosed-Bridge: 	at android.app.Activity.runOnUiThread(Activity.java:6282)

06-22 21:11:56.356  5267  5267 I LSPosed-Bridge: 	at com.zjsoft.admob.n.a(SourceFile:1)

06-22 21:11:56.356  5267  5267 I LSPosed-Bridge: 	at com.zjsoft.admob.b.a(SourceFile:10)

06-22 21:11:56.356  5267  5267 I LSPosed-Bridge: 	at com.zjsoft.admob.q.a(SourceFile:7)

06-22 21:11:56.356  5267  5267 I LSPosed-Bridge: 	at com.zjsoft.baseadlib.a.a.b.a(SourceFile:8)

06-22 21:11:56.356  5267  5267 I LSPosed-Bridge: 	at com.zjsoft.baseadlib.a.a.b.a(SourceFile:2)

06-22 21:11:56.356  5267  5267 I LSPosed-Bridge: 	at com.zjsoft.baseadlib.a.a.a.a(SourceFile:4)

06-22 21:11:56.356  5267  5267 I LSPosed-Bridge: 	at com.zjsoft.admob.p.onAdFailedToLoad(SourceFile:4)

06-22 21:11:56.356  5267  5267 I LSPosed-Bridge: 	at com.google.android.gms.internal.ads.mna.a(SourceFile:1)

06-22 21:11:56.356  5267  5267 I LSPosed-Bridge: 	at com.google.android.gms.internal.ads.Pna.a(SourceFile:9)

06-22 21:11:56.356  5267  5267 I LSPosed-Bridge: 	at com.google.android.gms.internal.ads.Nfa.onTransact(SourceFile:3)

06-22 21:11:56.356  5267  5267 I LSPosed-Bridge: 	at android.os.Binder.transact(Binder.java:667)

06-22 21:11:56.356  5267  5267 I LSPosed-Bridge: 	at aga.ba(:com.google.android.gms.policy_ads_fdr_dynamite@231710101@231710100057.526733554.526733554:2)

06-22 21:11:56.356  5267  5267 I LSPosed-Bridge: 	at com.google.android.gms.ads.internal.client.ap.d(:com.google.android.gms.policy_ads_fdr_dynamite@231710101@231710100057.526733554.526733554:0)

06-22 21:11:56.356  5267  5267 I LSPosed-Bridge: 	at com.google.android.gms.ads.nonagon.shim.u.a(:com.google.android.gms.policy_ads_fdr_dynamite@231710101@231710100057.526733554.526733554:0)

06-22 21:11:56.356  5267  5267 I LSPosed-Bridge: 	at com.google.android.gms.ads.nonagon.slot.common.p.a(:com.google.android.gms.policy_ads_fdr_dynamite@231710101@231710100057.526733554.526733554:2)

06-22 21:11:56.356  5267  5267 I LSPosed-Bridge: 	at com.google.android.gms.ads.nonagon.shim.z.bn(:com.google.android.gms.policy_ads_fdr_dynamite@231710101@231710100057.526733554.526733554:2)

06-22 21:11:56.356  5267  5267 I LSPosed-Bridge: 	at com.google.android.gms.ads.nonagon.shim.listeners.a.bn(:com.google.android.gms.policy_ads_fdr_dynamite@231710101@231710100057.526733554.526733554:2)

06-22 21:11:56.356  5267  5267 I LSPosed-Bridge: 	at com.google.android.gms.ads.nonagon.shim.loaders.f.run(:com.google.android.gms.policy_ads_fdr_dynamite@231710101@231710100057.526733554.526733554:0)

06-22 21:11:56.356  5267  5267 I LSPosed-Bridge: 	at android.os.Handler.handleCallback(Handler.java:873)

06-22 21:11:56.356  5267  5267 I LSPosed-Bridge: 	at android.os.Handler.dispatchMessage(Handler.java:99)

06-22 21:11:56.356  5267  5267 I LSPosed-Bridge: 	at atm.a(:com.google.android.gms.policy_ads

06-22 21:11:56.484  1562  1844 I LSPosed-Bridge: 5267 PermLabel 10123 AMS.checkPermission: Binder.getCallingPid() = 5267; uid = 10123; Binder.getCallingUid() = 10123; getNameForUid: sixpack.sixpackabs.absworkout; getPackagesForUid: [sixpack.sixpackabs.absworkout]; permName: android.permission.GET_TASKS; type = 0; res = -1; stacktrace=java.lang.Exception

06-22 21:11:56.484  1562  1844 I LSPosed-Bridge: 	at com.example.permlabel.requirePerm$1$2.afterHookedMethod(requirePerm.java:127)

06-22 21:11:56.484  1562  1844 I LSPosed-Bridge: 	at de.robv.android.xposed.XposedBridge$AdditionalHookInfo.callback(Unknown Source:147)

06-22 21:11:56.484  1562  1844 I LSPosed-Bridge: 	at LSPHooker_.checkPermission(Unknown Source:25)

06-22 21:11:56.484  1562  1844 I LSPosed-Bridge: 	at com.android.server.am.ActivityManagerService.isGetTasksAllowed(ActivityManagerService.java:10902)

06-22 21:11:56.484  1562  1844 I LSPosed-Bridge: 	at com.android.server.am.ActivityManagerService.getRunningAppProcesses(ActivityManagerService.java:16139)

06-22 21:11:56.484  1562  1844 I LSPosed-Bridge: 	at android.app.IActivityManager$Stub.onTransact(IActivityManager.java:1088)

06-22 21:11:56.484  1562  1844 I LSPosed-Bridge: 	at com.android.server.am.ActivityManagerService.onTransact(ActivityManagerService.java:3346)

06-22 21:11:56.484  1562  1844 I LSPosed-Bridge: 	at android.os.Binder.execTransact(Binder.java:731)

06-22 21:11:56.484  5267  5267 I LSPosed-Bridge: 5267 PermLabel 10123 ContextImpl.checkPermission: pid = 5267; uid = 10123; permName: com.google.android.gms.permission.AD_ID; type = 0; res = -1; stacktrace=java.lang.Exception

06-22 21:11:56.484  5267  5267 I LSPosed-Bridge: 	at com.example.permlabel.requestPerm$2.afterHookedMethod(requestPerm.java:212)

06-22 21:11:56.484  5267  5267 I LSPosed-Bridge: 	at de.robv.android.xposed.XposedBridge$AdditionalHookInfo.callback(Unknown Source:147)

06-22 21:11:56.484  5267  5267 I LSPosed-Bridge: 	at LSPHooker_.checkPermission(Unknown Source:25)

06-22 21:11:56.484  5267  5267 I LSPosed-Bridge: 	at android.content.ContextWrapper.checkPermission(ContextWrapper.java:738)

06-22 21:11:56.484  5267  5267 I LSPosed-Bridge: 	at com.google.android.gms.ads.nonagon.signals.a.b(:com.google.android.gms.policy_ads_fdr_dynamite@231710101@231710100057.526733554.526733554:3)

06-22 21:11:56.484  5267  5267 I LSPosed-Bridge: 	at com.google.android.gms.ads.nonagon.signals.fp.a(:com.google.android.gms.policy_ads_fdr_dynamite@231710101@231710100057.526733554.526733554:3)

06-22 21:11:56.484  5267  5267 I LSPosed-Bridge: 	at com.google.android.gms.ads.nonagon.ad.common.ci.a(:com.google.android.gms.policy_ads_fdr_dynamite@231710101@231710100057.526733554.526733554:0)

06-22 21:11:56.484  5267  5267 I LSPosed-Bridge: 	at com.google.android.gms.ads.nonagon.ad.common.ci.b(:com.google.android.gms.policy_ads_fdr_dynamite@231710101@231710100057.526733554.526733554:1)

06-22 21:11:56.484  5267  5267 I LSPosed-Bridge: 	at com.google.android.gms.ads.nonagon.ad.common.ai.d(:com.google.android.gms.policy_ads_fdr_dynamite@231710101@231710100057.526733554.526733554:29)

06-22 21:11:56.484  5267  5267 I LSPosed-Bridge: 	at com.google.android.gms.ads.nonagon.ad.common.ai.b(:com.google.android.gms.policy_ads_fdr_dynamite@231710101@231710100057.526733554.526733554:0)

06-22 21:11:56.484  5267  5267 I LSPosed-Bridge: 	at com.google.android.gms.ads.nonagon.shim.adapters.b.c(:com.google.android.gms.policy_ads_fdr_dynamite@231710101@231710100057.526733554.526733554:19)

06-22 21:11:56.484  5267  5267 I LSPosed-Bridge: 	at com.google.android.gms.ads.nonagon.shim.d.g(:com.google.android.gms.policy_ads_fdr_dynamite@231710101@231710100057.526733554.526733554:2)

06-22 21:11:56.484  5267  5267 I LSPosed-Bridge: 	at com.google.android.gms.ads.internal.client.aw.bN(:com.google.android.gms.policy_ads_fdr_dynamite@231710101@231710100057.526733554.526733554:10)

06-22 21:11:56.484  5267  5267 I LSPosed-Bridge: 	at agb.onTransact(:com.google.android.gms.policy_ads_fdr_dynamite@231710101@231710100057.526733554.526733554:4)

06-22 21:11:56.484  5267  5267 I LSPosed-Bridge: 	at android.os.Binder.transact(Binder.java:667)

06-22 21:11:56.484  5267  5267 I LSPosed-Bridge: 	at com.google.android.gms.internal.ads.Ofa.b(SourceFile:2)

06-22 21:11:56.484  5267  5267 I LSPosed-Bridge: 	at com.google.android.gms.internal.ads.Tna.b(SourceFile:3)

06-22 21:11:56.484  5267  5267 I LSPosed-Bridge: 	at com.google.android.gms.ads.d.a(SourceFile:1)

06-22 21:11:56.484  5267  5267 I LSPosed-Bridge: 	at com.google.android.gms.ads.d.a(SourceFile:3)

06-22 21:11:56.484  5267  5267 I LSPosed-Bridge: 	at com.zjsoft.admob.q.a(SourceFile:54)

06-22 21:11:56.484  5267  5267 I LSPosed-Bridge: 	at com.zjsoft.admob.q.a(SourceFile:1)

06-22 21:11:56.484  5267  5267 I LSPosed-Bridge: 	at com.zjsoft.admob.m.run(SourceFile:2)

06-22 21:11:56.484  5267  5267 I LSPosed-Bridge: 	at android.app.Activity.runOnUiThread(Activity.java:6282)

06-22 21:11:56.484  5267  5267 I LSPosed-Bridge: 	at com.zjsoft.admob.n.a(SourceFile:1)

06-22 21:11:56.484  5267  5267 I LSPosed-Bridge: 	at com.zjsoft.admob.b.a(SourceFile:10)

06-22 21:11:56.484  5267  5267 I LSPosed-Bridge: 	at com.zjsoft.admob.q.a(SourceFile:7)

06-22 21:11:56.484  5267  5267 I LSPosed-Bridge: 	at com.zjsoft.baseadlib.a.a.b.a(SourceFile:8)

06-22 21:11:56.484  5267  5267 I LSPosed-Bridge: 	at com.zjsoft.baseadlib.a.a.b.a(SourceFile:2)

06-22 21:11:56.484  5267  5267 I LSPosed-Bridge: 	at com.zjsoft.baseadlib.a.a.a.a(SourceFile:4)

06-22 21:11:56.484  5267  5267 I LSPosed-Bridge: 	at com.zjsoft.admob.p.onAdFailedToLoad(SourceFile:4)

06-22 21:11:56.484  5267  5267 I LSPosed-Bridge: 	at com.google.android.gms.internal.ads.mna.a(SourceFile:1)

06-22 21:11:56.484  5267  5267 I LSPosed-Bridge: 	at com.google.android.gms.internal.ads.Pna.a(SourceFile:9)

06-22 21:11:56.484  5267  5267 I LSPosed-Bridge: 	at com.google.android.gms.internal.ads.Nfa.onTransact(SourceFile:3)

06-22 21:11:56.484  5267  5267 I LSPosed-Bridge: 	at android.os.Binder.transact(Binder.java:667)

06-22 21:11:56.484  5267  5267 I LSPosed-Bridge: 	at aga.ba(:com.google.android.gms.policy_ads_fdr_dynamite@231710101@231710100057.526733554.526733554:2)

06-22 21:11:56.484  5267  5267 I LSPosed-Bridge: 	at com.google.android.gms.ads.internal.client.ap.d(:com.google.android.gms.policy_ads_fdr_dynamite@231710101@231710100057.526733554.526733554:0)

06-22 21:11:56.484  5267  5267 I LSPosed-Bridge: 	at com.google.android.gms.ads.nonagon.shim.u.a(:com.google.android.gms.policy_ads_fdr_dynamite@231710101@231710100057.526733554.526733554:0)

06-22 21:11:56.484  5267  5267 I LSPosed-Bridge: 	at com.google.android.gms.ads.nonagon.slot.common.p.a(:com.google.android.gms.policy_ads_fdr_dynamite@231710101@231710100057.526733554.526733554:2)

06-22 21:11:56.484  5267  5267 I LSPosed-Bridge: 	at com.google.android.gms.ads.nonagon.shim.z.bn(:com.google.android.gms.policy_ads_fdr_dynamite@231710101@231710100057.526733554.526733554:2)

06-22 21:11:56.484  5267  5267 I LSPosed-Bridge: 	at com.google.android.gms.ads.nonagon.shim.listeners.a.bn(:com.google.android.gms.policy_ads_fdr_dynamite@231710101@231710100057.526733554.526733554:2)

06-22 21:11:56.484  5267  5267 I LSPosed-Bridge: 	at com.google.android.gms.ads.nonagon.shim.loaders.f.run(:com.google.android.gms.policy_ads_fdr_dynamite@231710101@231710100057.526733554.526733554:0)

06-22 21:11:56.484  5267  5267 I LSPosed-Bridge: 	at android.os.Handler.handleCallback(Handler.java:873)

06-22 21:11:56.484  5267  5267 I LSPosed-Bridge: 	at android.os.Handler.dispatchMessage(Handler.java:99)

06-22 21:11:56.484  5267  5267 I LSPosed-Bridge: 	at atm.a(:com.google.android.gms.policy_ads

06-22 21:11:56.528  1562  1708 I LSPosed-Bridge: 5267 PermLabel 10123 AMS.checkPermission: Binder.getCallingPid() = 5267; uid = 10123; Binder.getCallingUid() = 10123; getNameForUid: sixpack.sixpackabs.absworkout; getPackagesForUid: [sixpack.sixpackabs.absworkout]; permName: android.permission.GET_TASKS; type = 0; res = -1; stacktrace=java.lang.Exception

06-22 21:11:56.528  1562  1708 I LSPosed-Bridge: 	at com.example.permlabel.requirePerm$1$2.afterHookedMethod(requirePerm.java:127)

06-22 21:11:56.528  1562  1708 I LSPosed-Bridge: 	at de.robv.android.xposed.XposedBridge$AdditionalHookInfo.callback(Unknown Source:147)

06-22 21:11:56.528  1562  1708 I LSPosed-Bridge: 	at LSPHooker_.checkPermission(Unknown Source:25)

06-22 21:11:56.528  1562  1708 I LSPosed-Bridge: 	at com.android.server.am.ActivityManagerService.isGetTasksAllowed(ActivityManagerService.java:10902)

06-22 21:11:56.528  1562  1708 I LSPosed-Bridge: 	at com.android.server.am.ActivityManagerService.getRunningAppProcesses(ActivityManagerService.java:16139)

06-22 21:11:56.528  1562  1708 I LSPosed-Bridge: 	at android.app.IActivityManager$Stub.onTransact(IActivityManager.java:1088)

06-22 21:11:56.528  1562  1708 I LSPosed-Bridge: 	at com.android.server.am.ActivityManagerService.onTransact(ActivityManagerService.java:3346)

06-22 21:11:56.528  1562  1708 I LSPosed-Bridge: 	at android.os.Binder.execTransact(Binder.java:731)

06-22 21:11:56.709  5267  5267 I Ads     : Please set theme of AdActivity to @android:style/Theme.Translucent to enable transparent background interstitial ad.

06-22 21:11:56.709  1562  5414 I LSPosed-Bridge: 5267 PermLabel 10123 AMS.checkPermission: Binder.getCallingPid() = 5267; uid = 10123; Binder.getCallingUid() = 10123; getNameForUid: sixpack.sixpackabs.absworkout; getPackagesForUid: [sixpack.sixpackabs.absworkout]; permName: android.permission.GET_TASKS; type = 0; res = -1; stacktrace=java.lang.Exception

06-22 21:11:56.709  1562  5414 I LSPosed-Bridge: 	at com.example.permlabel.requirePerm$1$2.afterHookedMethod(requirePerm.java:127)

06-22 21:11:56.709  1562  5414 I LSPosed-Bridge: 	at de.robv.android.xposed.XposedBridge$AdditionalHookInfo.callback(Unknown Source:147)

06-22 21:11:56.709  1562  5414 I LSPosed-Bridge: 	at LSPHooker_.checkPermission(Unknown Source:25)

06-22 21:11:56.709  1562  5414 I LSPosed-Bridge: 	at com.android.server.am.ActivityManagerService.isGetTasksAllowed(ActivityManagerService.java:10902)

06-22 21:11:56.709  1562  5414 I LSPosed-Bridge: 	at com.android.server.am.ActivityManagerService.getRunningAppProcesses(ActivityManagerService.java:16139)

06-22 21:11:56.709  1562  5414 I LSPosed-Bridge: 	at android.app.IActivityManager$Stub.onTransact(IActivityManager.java:1088)

06-22 21:11:56.709  1562  5414 I LSPosed-Bridge: 	at com.android.server.am.ActivityManagerService.onTransact(ActivityManagerService.java:3346)

06-22 21:11:56.709  1562  5414 I LSPosed-Bridge: 	at android.os.Binder.execTransact(Binder.java:731)

06-22 21:12:05.117  1562  4164 I LSPosed-Bridge: 5267 PermLabel 10123 AMS.checkPermission: Binder.getCallingPid() = 5267; uid = 10123; Binder.getCallingUid() = 10123; getNameForUid: sixpack.sixpackabs.absworkout; getPackagesForUid: [sixpack.sixpackabs.absworkout]; permName: android.permission.GET_TASKS; type = 0; res = -1; stacktrace=java.lang.Exception

06-22 21:12:05.117  1562  4164 I LSPosed-Bridge: 	at com.example.permlabel.requirePerm$1$2.afterHookedMethod(requirePerm.java:127)

06-22 21:12:05.117  1562  4164 I LSPosed-Bridge: 	at de.robv.android.xposed.XposedBridge$AdditionalHookInfo.callback(Unknown Source:147)

06-22 21:12:05.117  1562  4164 I LSPosed-Bridge: 	at LSPHooker_.checkPermission(Unknown Source:25)

06-22 21:12:05.117  1562  4164 I LSPosed-Bridge: 	at com.android.server.am.ActivityManagerService.isGetTasksAllowed(ActivityManagerService.java:10902)

06-22 21:12:05.117  1562  4164 I LSPosed-Bridge: 	at com.android.server.am.ActivityManagerService.getRunningAppProcesses(ActivityManagerService.java:16139)

06-22 21:12:05.117  1562  4164 I LSPosed-Bridge: 	at android.app.IActivityManager$Stub.onTransact(IActivityManager.java:1088)

06-22 21:12:05.117  1562  4164 I LSPosed-Bridge: 	at com.android.server.am.ActivityManagerService.onTransact(ActivityManagerService.java:3346)

06-22 21:12:05.117  1562  4164 I LSPosed-Bridge: 	at android.os.Binder.execTransact(Binder.java:731)

06-22 21:12:05.117  5267  5267 I LSPosed-Bridge: 5267 PermLabel 10123 ContextImpl.checkPermission: pid = 5267; uid = 10123; permName: com.google.android.gms.permission.AD_ID; type = 0; res = -1; stacktrace=java.lang.Exception

06-22 21:12:05.117  5267  5267 I LSPosed-Bridge: 	at com.example.permlabel.requestPerm$2.afterHookedMethod(requestPerm.java:212)

06-22 21:12:05.117  5267  5267 I LSPosed-Bridge: 	at de.robv.android.xposed.XposedBridge$AdditionalHookInfo.callback(Unknown Source:147)

06-22 21:12:05.117  5267  5267 I LSPosed-Bridge: 	at LSPHooker_.checkPermission(Unknown Source:25)

06-22 21:12:05.117  5267  5267 I LSPosed-Bridge: 	at android.content.ContextWrapper.checkPermission(ContextWrapper.java:738)

06-22 21:12:05.117  5267  5267 I LSPosed-Bridge: 	at com.google.android.gms.ads.nonagon.signals.a.b(:com.google.android.gms.policy_ads_fdr_dynamite@231710101@231710100057.526733554.526733554:3)

06-22 21:12:05.117  5267  5267 I LSPosed-Bridge: 	at com.google.android.gms.ads.nonagon.signals.fp.a(:com.google.android.gms.policy_ads_fdr_dynamite@231710101@231710100057.526733554.526733554:3)

06-22 21:12:05.117  5267  5267 I LSPosed-Bridge: 	at com.google.android.gms.ads.nonagon.ad.common.ci.a(:com.google.android.gms.policy_ads_fdr_dynamite@231710101@231710100057.526733554.526733554:0)

06-22 21:12:05.117  5267  5267 I LSPosed-Bridge: 	at com.google.android.gms.ads.nonagon.ad.common.ci.b(:com.google.android.gms.policy_ads_fdr_dynamite@231710101@231710100057.526733554.526733554:1)

06-22 21:12:05.117  5267  5267 I LSPosed-Bridge: 	at com.google.android.gms.ads.nonagon.ad.common.ai.d(:com.google.android.gms.policy_ads_fdr_dynamite@231710101@231710100057.526733554.526733554:29)

06-22 21:12:05.117  5267  5267 I LSPosed-Bridge: 	at com.google.android.gms.ads.nonagon.ad.common.ai.b(:com.google.android.gms.policy_ads_fdr_dynamite@231710101@231710100057.526733554.526733554:0)

06-22 21:12:05.117  5267  5267 I LSPosed-Bridge: 	at com.google.android.gms.ads.nonagon.shim.adapters.b.c(:com.google.android.gms.policy_ads_fdr_dynamite@231710101@231710100057.526733554.526733554:19)

06-22 21:12:05.117  5267  5267 I LSPosed-Bridge: 	at com.google.android.gms.ads.nonagon.shim.d.g(:com.google.android.gms.policy_ads_fdr_dynamite@231710101@231710100057.526733554.526733554:2)

06-22 21:12:05.117  5267  5267 I LSPosed-Bridge: 	at com.google.android.gms.ads.internal.client.aw.bN(:com.google.android.gms.policy_ads_fdr_dynamite@231710101@231710100057.526733554.526733554:10)

06-22 21:12:05.117  5267  5267 I LSPosed-Bridge: 	at agb.onTransact(:com.google.android.gms.policy_ads_fdr_dynamite@231710101@231710100057.526733554.526733554:4)

06-22 21:12:05.117  5267  5267 I LSPosed-Bridge: 	at android.os.Binder.transact(Binder.java:667)

06-22 21:12:05.117  5267  5267 I LSPosed-Bridge: 	at com.google.android.gms.internal.ads.Ofa.b(SourceFile:2)

06-22 21:12:05.117  5267  5267 I LSPosed-Bridge: 	at com.google.android.gms.internal.ads.Tna.b(SourceFile:3)

06-22 21:12:05.117  5267  5267 I LSPosed-Bridge: 	at com.google.android.gms.ads.d.a(SourceFile:1)

06-22 21:12:05.117  5267  5267 I LSPosed-Bridge: 	at com.google.android.gms.ads.d.a(SourceFile:3)

06-22 21:12:05.117  5267  5267 I LSPosed-Bridge: 	at com.zjsoft.admob.x.a(SourceFile:56)

06-22 21:12:05.117  5267  5267 I LSPosed-Bridge: 	at com.zjsoft.admob.x.a(SourceFile:1)

06-22 21:12:05.117  5267  5267 I LSPosed-Bridge: 	at com.zjsoft.admob.r.run(SourceFile:2)

06-22 21:12:05.117  5267  5267 I LSPosed-Bridge: 	at android.app.Activity.runOnUiThread(Activity.java:6282)

06-22 21:12:05.117  5267  5267 I LSPosed-Bridge: 	at com.zjsoft.admob.s.a(SourceFile:1)

06-22 21:12:05.117  5267  5267 I LSPosed-Bridge: 	at com.zjsoft.admob.b.a(SourceFile:10)

06-22 21:12:05.117  5267  5267 I LSPosed-Bridge: 	at com.zjsoft.admob.x.a(SourceFile:9)

06-22 21:12:05.117  5267  5267 I LSPosed-Bridge: 	at com.zjsoft.baseadlib.a.a.g.a(SourceFile:8)

06-22 21:12:05.117  5267  5267 I LSPosed-Bridge: 	at com.zjsoft.baseadlib.a.a.g.a(SourceFile:2)

06-22 21:12:05.117  5267  5267 I LSPosed-Bridge: 	at com.zjsoft.baseadlib.a.a.f.a(SourceFile:3)

06-22 21:12:05.117  5267  5267 I LSPosed-Bridge: 	at c.c.a.l.a(SourceFile:5)

06-22 21:12:05.117  5267  5267 I LSPosed-Bridge: 	at com.zjsoft.baseadlib.a.a.g.a(SourceFile:8)

06-22 21:12:05.117  5267  5267 I LSPosed-Bridge: 	at com.zjsoft.baseadlib.a.a.g.<init>(SourceFile:13)

06-22 21:12:05.117  5267  5267 I LSPosed-Bridge: 	at com.zjsoft.baseadlib.a.a.g.<init>(SourceFile:17)

06-22 21:12:05.117  5267  5267 I LSPosed-Bridge: 	at sixpack.sixpackabs.absworkout.b.b.b(SourceFile:9)

06-22 21:12:05.117  5267  5267 I LSPosed-Bridge: 	at sixpack.sixpackabs.absworkout.fragment.ReportFragment.f(SourceFile:4)

06-22 21:12:05.117  5267  5267 I LSPosed-Bridge: 	at com.zjlib.thirtydaylib.base.n.onActivityCreated(SourceFile:3)

06-22 21:12:05.117  5267  5267 I LSPosed-Bridge: 	at androidx.fragment.app.Fragment.performActivityCreated(SourceFile:5)

06-22 21:12:05.117  5267  5267 I LSPosed-Bridge: 	at androidx.fragment.app.FragmentManagerImpl.moveToState(SourceFile:77)

06-22 21:12:05.117  5267  5267 I LSPosed-Bridge: 	at androidx.fragment.app.FragmentManagerImpl.moveFragmentToExpectedState(SourceFile:6)

06-22 21:12:05.117  5267  5267 I LSPosed-Bridge: 	at androidx.fragment.app.a.e(SourceFile:23)

06-22 21:12:05.117  5267  5267 I LSPosed-Bridge: 	at androidx.fragment.app.FragmentManagerImpl.executeOps(SourceFile:6)

06-22 21:12:05.117  5267  5267 I LSPosed-Bridge: 	at androidx.fragment.app.FragmentManagerImpl.executeOpsTogether(SourceFile:14)

06-22 21:12:05.117  5267  5267 I LSPosed-Bridge: 	at androidx.fragment.app.FragmentManagerImpl.removeRedundantOperationsAndExecute(SourceFile:10)

06-22 21:12:05.117  5267  5267 I LSPosed-Bridge: 	at androidx.fragment.app.FragmentManagerImpl.execPendingActions(SourceFile:4)

06-22 21:12:05.117  5267  5267 I LSPosed-Bridge: 	at androidx.fragment.app.G.i(SourceFile:1)

06-22 21:12:05.117  5267  5267 I LSPosed-Bridge: 	at androidx.fragment.app.FragmentActivity.onPostResume(SourceFile:4)

06-22 21:12:05.117  5267  5267 I LSPosed-Bridge: 	at androidx.appcompat.app.AppCompatActivity.onPostResume(SourceFile:1)

06-22 21:12:05.117  5267  5267 I LSPosed-Bridge: 	at android.app.Activity.performResume(Activity.java:7317)

06-22 21:12:05.117  5267  5267 I LSPosed-Bridge: 	at android.app.ActivityThread.performResumeActivity(ActivityThread.java:3777)

06-22 21:12:05.117  5267  5267 I LSPosed-Bridge: 	at android.app.ActivityThread.handleResumeActivity(ActivityThread.java:3817)

06-22 21:12:05.117  5267  5267 I LSPosed-Bridge: 	at android.app.servertransaction.ResumeActivityItem.ex

06-22 21:12:05.269  1562  4164 I LSPosed-Bridge: 5267 PermLabel 10123 AMS.checkPermission: Binder.getCallingPid() = 5267; uid = 10123; Binder.getCallingUid() = 10123; getNameForUid: sixpack.sixpackabs.absworkout; getPackagesForUid: [sixpack.sixpackabs.absworkout]; permName: android.permission.GET_TASKS; type = 0; res = -1; stacktrace=java.lang.Exception

06-22 21:12:05.269  1562  4164 I LSPosed-Bridge: 	at com.example.permlabel.requirePerm$1$2.afterHookedMethod(requirePerm.java:127)

06-22 21:12:05.269  1562  4164 I LSPosed-Bridge: 	at de.robv.android.xposed.XposedBridge$AdditionalHookInfo.callback(Unknown Source:147)

06-22 21:12:05.269  1562  4164 I LSPosed-Bridge: 	at LSPHooker_.checkPermission(Unknown Source:25)

06-22 21:12:05.269  1562  4164 I LSPosed-Bridge: 	at com.android.server.am.ActivityManagerService.isGetTasksAllowed(ActivityManagerService.java:10902)

06-22 21:12:05.269  1562  4164 I LSPosed-Bridge: 	at com.android.server.am.ActivityManagerService.getRunningAppProcesses(ActivityManagerService.java:16139)

06-22 21:12:05.269  1562  4164 I LSPosed-Bridge: 	at android.app.IActivityManager$Stub.onTransact(IActivityManager.java:1088)

06-22 21:12:05.269  1562  4164 I LSPosed-Bridge: 	at com.android.server.am.ActivityManagerService.onTransact(ActivityManagerService.java:3346)

06-22 21:12:05.269  1562  4164 I LSPosed-Bridge: 	at android.os.Binder.execTransact(Binder.java:731)

06-22 21:12:05.308  1562  1708 I LSPosed-Bridge: 5267 PermLabel 10123 AMS.checkPermission: Binder.getCallingPid() = 5267; uid = 10123; Binder.getCallingUid() = 10123; getNameForUid: sixpack.sixpackabs.absworkout; getPackagesForUid: [sixpack.sixpackabs.absworkout]; permName: android.permission.GET_TASKS; type = 0; res = -1; stacktrace=java.lang.Exception

06-22 21:12:05.308  1562  1708 I LSPosed-Bridge: 	at com.example.permlabel.requirePerm$1$2.afterHookedMethod(requirePerm.java:127)

06-22 21:12:05.308  1562  1708 I LSPosed-Bridge: 	at de.robv.android.xposed.XposedBridge$AdditionalHookInfo.callback(Unknown Source:147)

06-22 21:12:05.308  1562  1708 I LSPosed-Bridge: 	at LSPHooker_.checkPermission(Unknown Source:25)

06-22 21:12:05.308  1562  1708 I LSPosed-Bridge: 	at com.android.server.am.ActivityManagerService.isGetTasksAllowed(ActivityManagerService.java:10902)

06-22 21:12:05.308  1562  1708 I LSPosed-Bridge: 	at com.android.server.am.ActivityManagerService.getRunningAppProcesses(ActivityManagerService.java:16139)

06-22 21:12:05.308  1562  1708 I LSPosed-Bridge: 	at android.app.IActivityManager$Stub.onTransact(IActivityManager.java:1088)

06-22 21:12:05.308  1562  1708 I LSPosed-Bridge: 	at com.android.server.am.ActivityManagerService.onTransact(ActivityManagerService.java:3346)

06-22 21:12:05.308  1562  1708 I LSPosed-Bridge: 	at android.os.Binder.execTransact(Binder.java:731)

06-22 21:12:06.135  1562  5413 I LSPosed-Bridge: 5267 PermLabel 10123 AMS.checkPermission: Binder.getCallingPid() = 5267; uid = 10123; Binder.getCallingUid() = 10123; getNameForUid: sixpack.sixpackabs.absworkout; getPackagesForUid: [sixpack.sixpackabs.absworkout]; permName: android.permission.GET_TASKS; type = 0; res = -1; stacktrace=java.lang.Exception

06-22 21:12:06.135  1562  5413 I LSPosed-Bridge: 	at com.example.permlabel.requirePerm$1$2.afterHookedMethod(requirePerm.java:127)

06-22 21:12:06.135  1562  5413 I LSPosed-Bridge: 	at de.robv.android.xposed.XposedBridge$AdditionalHookInfo.callback(Unknown Source:147)

06-22 21:12:06.135  1562  5413 I LSPosed-Bridge: 	at LSPHooker_.checkPermission(Unknown Source:25)

06-22 21:12:06.135  1562  5413 I LSPosed-Bridge: 	at com.android.server.am.ActivityManagerService.isGetTasksAllowed(ActivityManagerService.java:10902)

06-22 21:12:06.135  1562  5413 I LSPosed-Bridge: 	at com.android.server.am.ActivityManagerService.getRunningAppProcesses(ActivityManagerService.java:16139)

06-22 21:12:06.135  1562  5413 I LSPosed-Bridge: 	at android.app.IActivityManager$Stub.onTransact(IActivityManager.java:1088)

06-22 21:12:06.135  1562  5413 I LSPosed-Bridge: 	at com.android.server.am.ActivityManagerService.onTransact(ActivityManagerService.java:3346)

06-22 21:12:06.135  1562  5413 I LSPosed-Bridge: 	at android.os.Binder.execTransact(Binder.java:731)

06-22 21:12:06.179  1562  1574 I LSPosed-Bridge: 5267 PermLabel 10123 AMS.checkPermission: Binder.getCallingPid() = 5267; uid = 10123; Binder.getCallingUid() = 10123; getNameForUid: sixpack.sixpackabs.absworkout; getPackagesForUid: [sixpack.sixpackabs.absworkout]; permName: android.permission.GET_TASKS; type = 0; res = -1; stacktrace=java.lang.Exception

06-22 21:12:06.179  1562  1574 I LSPosed-Bridge: 	at com.example.permlabel.requirePerm$1$2.afterHookedMethod(requirePerm.java:127)

06-22 21:12:06.179  1562  1574 I LSPosed-Bridge: 	at de.robv.android.xposed.XposedBridge$AdditionalHookInfo.callback(Unknown Source:147)

06-22 21:12:06.179  1562  1574 I LSPosed-Bridge: 	at LSPHooker_.checkPermission(Unknown Source:25)

06-22 21:12:06.179  1562  1574 I LSPosed-Bridge: 	at com.android.server.am.ActivityManagerService.isGetTasksAllowed(ActivityManagerService.java:10902)

06-22 21:12:06.179  1562  1574 I LSPosed-Bridge: 	at com.android.server.am.ActivityManagerService.getRunningAppProcesses(ActivityManagerService.java:16139)

06-22 21:12:06.179  1562  1574 I LSPosed-Bridge: 	at android.app.IActivityManager$Stub.onTransact(IActivityManager.java:1088)

06-22 21:12:06.179  1562  1574 I LSPosed-Bridge: 	at com.android.server.am.ActivityManagerService.onTransact(ActivityManagerService.java:3346)

06-22 21:12:06.179  1562  1574 I LSPosed-Bridge: 	at android.os.Binder.execTransact(Binder.java:731)

06-22 21:12:06.224  1562  5413 I LSPosed-Bridge: 5267 PermLabel 10123 AMS.checkPermission: Binder.getCallingPid() = 5267; uid = 10123; Binder.getCallingUid() = 10123; getNameForUid: sixpack.sixpackabs.absworkout; getPackagesForUid: [sixpack.sixpackabs.absworkout]; permName: android.permission.GET_TASKS; type = 0; res = -1; stacktrace=java.lang.Exception

06-22 21:12:06.224  1562  5413 I LSPosed-Bridge: 	at com.example.permlabel.requirePerm$1$2.afterHookedMethod(requirePerm.java:127)

06-22 21:12:06.224  1562  5413 I LSPosed-Bridge: 	at de.robv.android.xposed.XposedBridge$AdditionalHookInfo.callback(Unknown Source:147)

06-22 21:12:06.224  1562  5413 I LSPosed-Bridge: 	at LSPHooker_.checkPermission(Unknown Source:25)

