08-04 01:18:12.916 11513 25876 I LSPosed-Bridge: 	at LSPHooker_.checkPermission(Unknown Source:25)

08-04 01:18:12.916 11513 25876 I LSPosed-Bridge: 	at LSPHooker_.checkPermission(Unknown Source:25)

08-04 01:18:12.916 11513 25876 I LSPosed-Bridge: 	at android.app.ContextImpl.checkCallingOrSelfPermission(ContextImpl.java:1791)

08-04 01:18:12.916 11513 25876 I LSPosed-Bridge: 	at android.app.ContextImpl.checkCallingOrSelfPermission(ContextImpl.java:1791)

08-04 01:18:12.916 11513 25876 I LSPosed-Bridge: 	at android.content.ContextWrapper.checkCallingOrSelfPermission(ContextWrapper.java:754)

08-04 01:18:12.916 11513 25876 I LSPosed-Bridge: 	at android.content.ContextWrapper.checkCallingOrSelfPermission(ContextWrapper.java:754)

08-04 01:18:12.916 11513 25876 I LSPosed-Bridge: 	at h.l.b4.y(Unknown Source:2)

08-04 01:18:12.916 11513 25876 I LSPosed-Bridge: 	at h.l.b4.y(Unknown Source:2)

08-04 01:18:12.916 11513 25876 I LSPosed-Bridge: 	at h.l.b4.Z(Unknown Source:30)

08-04 01:18:12.916 11513 25876 I LSPosed-Bridge: 	at h.l.b4.Z(Unknown Source:30)

08-04 01:18:12.916 11513 25876 I LSPosed-Bridge: 	at h.l.c$a.run(Unknown Source:77)

08-04 01:18:12.916 11513 25876 I LSPosed-Bridge: 	at h.l.c$a.run(Unknown Source:77)

08-04 01:18:12.916 11513 25876 I LSPosed-Bridge: 	at java.util.concurrent.Executors$RunnableAdapter.call(Executors.java:458)

08-04 01:18:12.916 11513 25876 I LSPosed-Bridge: 	at java.util.concurrent.Executors$RunnableAdapter.call(Executors.java:458)

08-04 01:18:12.916 11513 25876 I LSPosed-Bridge: 	at java.util.concurrent.FutureTask.run(FutureTask.java:266)

08-04 01:18:12.916 11513 25876 I LSPosed-Bridge: 	at java.util.concurrent.FutureTask.run(FutureTask.java:266)

08-04 01:18:12.916 11513 25876 I LSPosed-Bridge: 	at java.util.concurrent.ThreadPoolExecutor.runWorker(ThreadPoolExecutor.java:1167)

08-04 01:18:12.916 11513 25876 I LSPosed-Bridge: 	at java.util.concurrent.ThreadPoolExecutor.runWorker(ThreadPoolExecutor.java:1167)

08-04 01:18:12.916 11513 25876 I LSPosed-Bridge: 	at java.util.concurrent.ThreadPoolExecutor$Worker.run(ThreadPoolExecutor.java:641)

08-04 01:18:12.916 11513 25876 I LSPosed-Bridge: 	at java.util.concurrent.ThreadPoolExecutor$Worker.run(ThreadPoolExecutor.java:641)

08-04 01:18:12.916 11513 25876 I LSPosed-Bridge: 	at java.lang.Thread.run(Thread.java:764)

08-04 01:18:12.916 11513 25876 I LSPosed-Bridge: 	at java.lang.Thread.run(Thread.java:764)

08-04 01:18:12.916 11513 25876 I LSPosed-Bridge: 	at h.l.b$b$a.run(Unknown Source:0)

08-04 01:18:12.916 11513 25876 I LSPosed-Bridge: 	at h.l.b$b$a.run(Unknown Source:0)

08-04 01:18:12.916 11513 25876 I LSPosed-Bridge: 11513 PermLabel 10131 ContextImpl.checkPermission: pid = 11513; uid = 10131; permName: android.permission.READ_PHONE_STATE; type = 1; res = -1; stacktrace=java.lang.Exception

08-04 01:18:12.916 11513 25876 I LSPosed-Bridge: 11513 PermLabel 10131 ContextImpl.checkPermission: pid = 11513; uid = 10131; permName: android.permission.READ_PHONE_STATE; type = 1; res = -1; stacktrace=java.lang.Exception

08-04 01:18:12.916 11513 25876 I LSPosed-Bridge: 	at com.example.permlabel.requestPerm$2.afterHookedMethod(requestPerm.java:219)

08-04 01:18:12.916 11513 25876 I LSPosed-Bridge: 	at com.example.permlabel.requestPerm$2.afterHookedMethod(requestPerm.java:219)

08-04 01:18:12.916 11513 25876 I LSPosed-Bridge: 	at de.robv.android.xposed.XposedBridge$AdditionalHookInfo.callback(Unknown Source:147)

08-04 01:18:12.916 11513 25876 I LSPosed-Bridge: 	at de.robv.android.xposed.XposedBridge$AdditionalHookInfo.callback(Unknown Source:147)

08-04 01:18:12.916 11513 25876 I LSPosed-Bridge: 	at LSPHooker_.checkPermission(Unknown Source:25)

08-04 01:18:12.916 11513 25876 I LSPosed-Bridge: 	at LSPHooker_.checkPermission(Unknown Source:25)

08-04 01:18:12.916 11513 25876 I LSPosed-Bridge: 	at android.app.ContextImpl.checkCallingOrSelfPermission(ContextImpl.java:1791)

08-04 01:18:12.916 11513 25876 I LSPosed-Bridge: 	at android.app.ContextImpl.checkCallingOrSelfPermission(ContextImpl.java:1791)

08-04 01:18:12.916 11513 25876 I LSPosed-Bridge: 	at android.content.ContextWrapper.checkCallingOrSelfPermission(ContextWrapper.java:754)

08-04 01:18:12.916 11513 25876 I LSPosed-Bridge: 	at android.content.ContextWrapper.checkCallingOrSelfPermission(ContextWrapper.java:754)

08-04 01:18:12.916 11513 25876 I LSPosed-Bridge: 	at h.l.b4.y(Unknown Source:2)

08-04 01:18:12.916 11513 25876 I LSPosed-Bridge: 	at h.l.b4.y(Unknown Source:2)

08-04 01:18:12.916 11513 25876 I LSPosed-Bridge: 	at h.l.b4.Z(Unknown Source:30)

08-04 01:18:12.916 11513 25876 I LSPosed-Bridge: 	at h.l.b4.Z(Unknown Source:30)

08-04 01:18:12.916 11513 25876 I LSPosed-Bridge: 	at h.l.c$a.run(Unknown Source:77)

08-04 01:18:12.916 11513 25876 I LSPosed-Bridge: 	at h.l.c$a.run(Unknown Source:77)

08-04 01:18:12.916 11513 25876 I LSPosed-Bridge: 	at java.util.concurrent.Executors$RunnableAdapter.call(Executors.java:458)

08-04 01:18:12.916 11513 25876 I LSPosed-Bridge: 	at java.util.concurrent.Executors$RunnableAdapter.call(Executors.java:458)

08-04 01:18:12.916 11513 25876 I LSPosed-Bridge: 	at java.util.concurrent.FutureTask.run(FutureTask.java:266)

08-04 01:18:12.916 11513 25876 I LSPosed-Bridge: 	at java.util.concurrent.FutureTask.run(FutureTask.java:266)

08-04 01:18:12.916 11513 25876 I LSPosed-Bridge: 	at java.util.concurrent.ThreadPoolExecutor.runWorker(ThreadPoolExecutor.java:1167)

08-04 01:18:12.916 11513 25876 I LSPosed-Bridge: 	at java.util.concurrent.ThreadPoolExecutor.runWorker(ThreadPoolExecutor.java:1167)

08-04 01:18:12.916 11513 25876 I LSPosed-Bridge: 	at java.util.concurrent.ThreadPoolExecutor$Worker.run(ThreadPoolExecutor.java:641)

08-04 01:18:12.916 11513 25876 I LSPosed-Bridge: 	at java.util.concurrent.ThreadPoolExecutor$Worker.run(ThreadPoolExecutor.java:641)

08-04 01:18:12.916 11513 25876 I LSPosed-Bridge: 	at java.lang.Thread.run(Thread.java:764)

08-04 01:18:12.916 11513 25876 I LSPosed-Bridge: 	at java.lang.Thread.run(Thread.java:764)

08-04 01:18:12.916 11513 25876 I LSPosed-Bridge: 	at h.l.b$b$a.run(Unknown Source:0)

08-04 01:18:12.916 11513 25876 I LSPosed-Bridge: 	at h.l.b$b$a.run(Unknown Source:0)

08-04 01:18:12.927   553   553 I ConfigStore: android::hardware::configstore::V1_0::ISurfaceFlingerConfigs::hasHDRDisplay retrieved: 0

08-04 01:18:12.927   553   553 I ConfigStore: android::hardware::configstore::V1_0::ISurfaceFlingerConfigs::hasHDRDisplay retrieved: 0

08-04 01:18:12.927 11513 25876 I LSPosed-Bridge: 11513 PermLabel 10131 ContextImpl Binder.getCallingPid() = 11513; Binder.getCallingUid() = 10131; permName: android.permission.READ_PHONE_STATE; res = -1; stacktrace=java.lang.Exception

08-04 01:18:12.927 11513 25876 I LSPosed-Bridge: 11513 PermLabel 10131 ContextImpl Binder.getCallingPid() = 11513; Binder.getCallingUid() = 10131; permName: android.permission.READ_PHONE_STATE; res = -1; stacktrace=java.lang.Exception

08-04 01:18:12.927 11513 25876 I LSPosed-Bridge: 	at com.example.permlabel.requestPerm$2.afterHookedMethod(requestPerm.java:195)

08-04 01:18:12.927 11513 25876 I LSPosed-Bridge: 	at com.example.permlabel.requestPerm$2.afterHookedMethod(requestPerm.java:195)

08-04 01:18:12.927 11513 25876 I LSPosed-Bridge: 	at de.robv.android.xposed.XposedBridge$AdditionalHookInfo.callback(Unknown Source:147)

08-04 01:18:12.927 11513 25876 I LSPosed-Bridge: 	at de.robv.android.xposed.XposedBridge$AdditionalHookInfo.callback(Unknown Source:147)

08-04 01:18:12.927 11513 25876 I LSPosed-Bridge: 	at LSPHooker_.checkPermission(Unknown Source:25)

08-04 01:18:12.927 11513 25876 I LSPosed-Bridge: 	at LSPHooker_.checkPermission(Unknown Source:25)

08-04 01:18:12.927 11513 25876 I LSPosed-Bridge: 	at android.app.ContextImpl.checkCallingOrSelfPermission(ContextImpl.java:1791)

08-04 01:18:12.927 11513 25876 I LSPosed-Bridge: 	at android.app.ContextImpl.checkCallingOrSelfPermission(ContextImpl.java:1791)

08-04 01:18:12.927 11513 25876 I LSPosed-Bridge: 	at android.content.ContextWrapper.checkCallingOrSelfPermission(ContextWrapper.java:754)

08-04 01:18:12.927 11513 25876 I LSPosed-Bridge: 	at android.content.ContextWrapper.checkCallingOrSelfPermission(ContextWrapper.java:754)

08-04 01:18:12.927 11513 25876 I LSPosed-Bridge: 	at h.l.b4.y(Unknown Source:2)

08-04 01:18:12.927 11513 25876 I LSPosed-Bridge: 	at h.l.b4.y(Unknown Source:2)

08-04 01:18:12.927 11513 25876 I LSPosed-Bridge: 	at h.l.b4.Z(Unknown Source:30)

08-04 01:18:12.927 11513 25876 I LSPosed-Bridge: 	at h.l.b4.Z(Unknown Source:30)

08-04 01:18:12.927 11513 25876 I LSPosed-Bridge: 	at h.l.c$a.run(Unknown Source:77)

08-04 01:18:12.927 11513 25876 I LSPosed-Bridge: 	at h.l.c$a.run(Unknown Source:77)

08-04 01:18:12.927 11513 25876 I LSPosed-Bridge: 	at java.util.concurrent.Executors$RunnableAdapter.call(Executors.java:458)

08-04 01:18:12.927 11513 25876 I LSPosed-Bridge: 	at java.util.concurrent.Executors$RunnableAdapter.call(Executors.java:458)

08-04 01:18:12.927 11513 25876 I LSPosed-Bridge: 	at java.util.concurrent.FutureTask.run(FutureTask.java:266)

08-04 01:18:12.927 11513 25876 I LSPosed-Bridge: 	at java.util.concurrent.FutureTask.run(FutureTask.java:266)

08-04 01:18:12.927 11513 25876 I LSPosed-Bridge: 	at java.util.concurrent.ThreadPoolExecutor.runWorker(ThreadPoolExecutor.java:1167)

08-04 01:18:12.927 11513 25876 I LSPosed-Bridge: 	at java.util.concurrent.ThreadPoolExecutor.runWorker(ThreadPoolExecutor.java:1167)

08-04 01:18:12.927 11513 25876 I LSPosed-Bridge: 	at java.util.concurrent.ThreadPoolExecutor$Worker.run(ThreadPoolExecutor.java:641)

08-04 01:18:12.927 11513 25876 I LSPosed-Bridge: 	at java.util.concurrent.ThreadPoolExecutor$Worker.run(ThreadPoolExecutor.java:641)

08-04 01:18:12.927 11513 25876 I LSPosed-Bridge: 	at java.lang.Thread.run(Thread.java:764)

08-04 01:18:12.927 11513 25876 I LSPosed-Bridge: 	at java.lang.Thread.run(Thread.java:764)

08-04 01:18:12.927 11513 25876 I LSPosed-Bridge: 	at h.l.b$b$a.run(Unknown Source:0)

08-04 01:18:12.927 11513 25876 I LSPosed-Bridge: 	at h.l.b$b$a.run(Unknown Source:0)

08-04 01:18:12.927 11513 25876 I LSPosed-Bridge: 11513 PermLabel 10131 ContextImpl.checkPermission: pid = 11513; uid = 10131; permName: android.permission.READ_PHONE_STATE; type = 1; res = -1; stacktrace=java.lang.Exception

08-04 01:18:12.927 11513 25876 I LSPosed-Bridge: 11513 PermLabel 10131 ContextImpl.checkPermission: pid = 11513; uid = 10131; permName: android.permission.READ_PHONE_STATE; type = 1; res = -1; stacktrace=java.lang.Exception

08-04 01:18:12.927 11513 25876 I LSPosed-Bridge: 	at com.example.permlabel.requestPerm$2.afterHookedMethod(requestPerm.java:219)

08-04 01:18:12.927 11513 25876 I LSPosed-Bridge: 	at com.example.permlabel.requestPerm$2.afterHookedMethod(requestPerm.java:219)

08-04 01:18:12.927 11513 25876 I LSPosed-Bridge: 	at de.robv.android.xposed.XposedBridge$AdditionalHookInfo.callback(Unknown Source:147)

08-04 01:18:12.927 11513 25876 I LSPosed-Bridge: 	at de.robv.android.xposed.XposedBridge$AdditionalHookInfo.callback(Unknown Source:147)

08-04 01:18:12.927 11513 25876 I LSPosed-Bridge: 	at LSPHooker_.checkPermission(Unknown Source:25)

08-04 01:18:12.927 11513 25876 I LSPosed-Bridge: 	at LSPHooker_.checkPermission(Unknown Source:25)

08-04 01:18:12.927 11513 25876 I LSPosed-Bridge: 	at android.app.ContextImpl.checkCallingOrSelfPermission(ContextImpl.java:1791)

08-04 01:18:12.927 11513 25876 I LSPosed-Bridge: 	at android.app.ContextImpl.checkCallingOrSelfPermission(ContextImpl.java:1791)

08-04 01:18:12.927 11513 25876 I LSPosed-Bridge: 	at android.content.ContextWrapper.checkCallingOrSelfPermission(ContextWrapper.java:754)

08-04 01:18:12.927 11513 25876 I LSPosed-Bridge: 	at android.content.ContextWrapper.checkCallingOrSelfPermission(ContextWrapper.java:754)

08-04 01:18:12.927 11513 25876 I LSPosed-Bridge: 	at h.l.b4.y(Unknown Source:2)

08-04 01:18:12.927 11513 25876 I LSPosed-Bridge: 	at h.l.b4.y(Unknown Source:2)

08-04 01:18:12.927 11513 25876 I LSPosed-Bridge: 	at h.l.b4.Z(Unknown Source:30)

08-04 01:18:12.927 11513 25876 I LSPosed-Bridge: 	at h.l.b4.Z(Unknown Source:30)

08-04 01:18:12.927 11513 25876 I LSPosed-Bridge: 	at h.l.c$a.run(Unknown Source:77)

08-04 01:18:12.927 11513 25876 I LSPosed-Bridge: 	at h.l.c$a.run(Unknown Source:77)

08-04 01:18:12.927 11513 25876 I LSPosed-Bridge: 	at java.util.concurrent.Executors$RunnableAdapter.call(Executors.java:458)

08-04 01:18:12.927 11513 25876 I LSPosed-Bridge: 	at java.util.concurrent.Executors$RunnableAdapter.call(Executors.java:458)

08-04 01:18:12.927 11513 25876 I LSPosed-Bridge: 	at java.util.concurrent.FutureTask.run(FutureTask.java:266)

08-04 01:18:12.927 11513 25876 I LSPosed-Bridge: 	at java.util.concurrent.FutureTask.run(FutureTask.java:266)

08-04 01:18:12.927 11513 25876 I LSPosed-Bridge: 	at java.util.concurrent.ThreadPoolExecutor.runWorker(ThreadPoolExecutor.java:1167)

08-04 01:18:12.927 11513 25876 I LSPosed-Bridge: 	at java.util.concurrent.ThreadPoolExecutor.runWorker(ThreadPoolExecutor.java:1167)

08-04 01:18:12.927 11513 25876 I LSPosed-Bridge: 	at java.util.concurrent.ThreadPoolExecutor$Worker.run(ThreadPoolExecutor.java:641)

08-04 01:18:12.927 11513 25876 I LSPosed-Bridge: 	at java.util.concurrent.ThreadPoolExecutor$Worker.run(ThreadPoolExecutor.java:641)

08-04 01:18:12.927 11513 25876 I LSPosed-Bridge: 	at java.lang.Thread.run(Thread.java:764)

08-04 01:18:12.927 11513 25876 I LSPosed-Bridge: 	at java.lang.Thread.run(Thread.java:764)

08-04 01:18:12.927 11513 25876 I LSPosed-Bridge: 	at h.l.b$b$a.run(Unknown Source:0)

08-04 01:18:12.927 11513 25876 I LSPosed-Bridge: 	at h.l.b$b$a.run(Unknown Source:0)

08-04 01:18:12.927 11513 25872 I LSPosed-Bridge: 11513 PermLabel hookBinder_test 10131 interfaceBinder =android.app.IActivityManager; arg0 = 49; arg1 = android.os.Parcel@8138174; arg2 = android.os.Parcel@925a7cb; arg3 = 0; res = true; stacktrace=java.lang.Exception

08-04 01:18:12.927 11513 25872 I LSPosed-Bridge: 11513 PermLabel hookBinder_test 10131 interfaceBinder =android.app.IActivityManager; arg0 = 49; arg1 = android.os.Parcel@8138174; arg2 = android.os.Parcel@925a7cb; arg3 = 0; res = true; stacktrace=java.lang.Exception

08-04 01:18:12.927 11513 25872 I LSPosed-Bridge: 	at com.example.permlabel.hookBinder_test$1.afterHookedMethod(hookBinder_test.java:64)

08-04 01:18:12.927 11513 25872 I LSPosed-Bridge: 	at com.example.permlabel.hookBinder_test$1.afterHookedMethod(hookBinder_test.java:64)

08-04 01:18:12.927 11513 25872 I LSPosed-Bridge: 	at de.robv.android.xposed.XposedBridge$AdditionalHookInfo.callback(Unknown Source:147)

08-04 01:18:12.927 11513 25872 I LSPosed-Bridge: 	at de.robv.android.xposed.XposedBridge$AdditionalHookInfo.callback(Unknown Source:147)

08-04 01:18:12.927 11513 25872 I LSPosed-Bridge: 	at LSPHooker_.transact(Unknown Source:28)

08-04 01:18:12.927 11513 25872 I LSPosed-Bridge: 	at LSPHooker_.transact(Unknown Source:28)

08-04 01:18:12.927 11513 25872 I LSPosed-Bridge: 	at android.app.IActivityManager$Stub$Proxy.checkPermission(IActivityManager.java:4722)

08-04 01:18:12.927 11513 25872 I LSPosed-Bridge: 	at android.app.IActivityManager$Stub$Proxy.checkPermission(IActivityManager.java:4722)

08-04 01:18:12.927 11513 25872 I LSPosed-Bridge: 	at android.app.ContextImpl.checkPermission(ContextImpl.java:1751)

08-04 01:18:12.927 11513 25872 I LSPosed-Bridge: 	at android.app.ContextImpl.checkPermission(ContextImpl.java:1751)

08-04 01:18:12.927 11513 25872 I LSPosed-Bridge: 	at java.lang.reflect.Method.invoke(Native Method)

08-04 01:18:12.927 11513 25872 I LSPosed-Bridge: 	at java.lang.reflect.Method.invoke(Native Method)

08-04 01:18:12.927 11513 25872 I LSPosed-Bridge: 	at org.lsposed.lspd.nativebridge.HookBridge.invokeOriginalMethod(Native Method)

08-04 01:18:12.927 11513 25872 I LSPosed-Bridge: 	at org.lsposed.lspd.nativebridge.HookBridge.invokeOriginalMethod(Native Method)

08-04 01:18:12.927 11513 25872 I LSPosed-Bridge: 	at de.robv.android.xposed.XposedBridge$AdditionalHookInfo.callback(Unknown Source:110)

08-04 01:18:12.927 11513 25872 I LSPosed-Bridge: 	at de.robv.android.xposed.XposedBridge$AdditionalHookInfo.callback(Unknown Source:110)

08-04 01:18:12.927 11513 25872 I LSPosed-Bridge: 	at LSPHooker_.checkPermission(Unknown Source:25)

08-04 01:18:12.927 11513 25872 I LSPosed-Bridge: 	at LSPHooker_.checkPermission(Unknown Source:25)

08-04 01:18:12.927 11513 25872 I LSPosed-Bridge: 	at android.app.ContextImpl.checkCallingOrSelfPermission(ContextImpl.java:1791)

08-04 01:18:12.927 11513 25872 I LSPosed-Bridge: 	at android.app.ContextImpl.checkCallingOrSelfPermission(ContextImpl.java:1791)

08-04 01:18:12.927 11513 25872 I LSPosed-Bridge: 	at android.content.ContextWrapper.checkCallingOrSelfPermission(ContextWrapper.java:754)

08-04 01:18:12.927 11513 25872 I LSPosed-Bridge: 	at android.content.ContextWrapper.checkCallingOrSelfPermission(ContextWrapper.java:754)

08-04 01:18:12.927 11513 25872 I LSPosed-Bridge: 	at h.l.b4.y(Unknown Source:2)

08-04 01:18:12.927 11513 25872 I LSPosed-Bridge: 	at h.l.b4.y(Unknown Source:2)

08-04 01:18:12.927 11513 25872 I LSPosed-Bridge: 	at h.l.b4.K(Unknown Source:23)

08-04 01:18:12.927 11513 25872 I LSPosed-Bridge: 	at h.l.b4.K(Unknown Source:23)

08-04 01:18:12.927 11513 25872 I LSPosed-Bridge: 	at h.l.h3.c(Unknown Source:816)

08-04 01:18:12.927 11513 25872 I LSPosed-Bridge: 	at h.l.h3.c(Unknown Source:816)

08-04 01:18:12.927 11513 25872 I LSPosed-Bridge: 	at h.l.n2.g(Unknown Source:126)

08-04 01:18:12.927 11513 25872 I LSPosed-Bridge: 	at h.l.n2.g(Unknown Source:126)

08-04 01:18:12.927 11513 25872 I LSPosed-Bridge: 	at h.l.n2.f(Unknown Source:94)

08-04 01:18:12.927 11513 25872 I LSPosed-Bridge: 	at h.l.n2.f(Unknown Source:94)

08-04 01:18:12.927 11513 25872 I LSPosed-Bridge: 	at h.l.a2.u(Unknown Source:225)

08-04 01:18:12.927 11513 25872 I LSPosed-Bridge: 	at h.l.a2.u(Unknown Source:225)

08-04 01:18:12.927 11513 25872 I LSPosed-Bridge: 	at h.l.a2.H(Unknown Source:91)

08-04 01:18:12.927 11513 25872 I LSPosed-Bridge: 	at h.l.a2.H(Unknown Source:91)

08-04 01:18:12.927 11513 25872 I LSPosed-Bridge: 	at h.l.a2$c.handleMessage(Unknown Source:178)

08-04 01:18:12.927 11513 25872 I LSPosed-Bridge: 	at h.l.a2$c.handleMessage(Unknown Source:178)

08-04 01:18:12.927 11513 25872 I LSPosed-Bridge: 	at android.os.Handler.dispatchMessage(Handler.java:106)

08-04 01:18:12.927 11513 25872 I LSPosed-Bridge: 	at android.os.Handler.dispatchMessage(Handler.java:106)

08-04 01:18:12.927 11513 25872 I LSPosed-Bridge: 	at android.os.Looper.loop(Looper.java:193)

08-04 01:18:12.927 11513 25872 I LSPosed-Bridge: 	at android.os.Looper.loop(Looper.java:193)

08-04 01:18:12.927 11513 25872 I LSPosed-Bridge: 	at android.os.HandlerThread.run(HandlerThread.java:65)

08-04 01:18:12.927 11513 25872 I LSPosed-Bridge: 	at android.os.HandlerThread.run(HandlerThread.java:65)

08-04 01:18:12.927 11513 25872 I LSPosed-Bridge: 	at h.l.a2$d.run(Unknown Source:0)

08-04 01:18:12.927 11513 25872 I LSPosed-Bridge: 	at h.l.a2$d.run(Unknown Source:0)

08-04 01:18:12.927   553   553 I ConfigStore: android::hardware::configstore::V1_0::ISurfaceFlingerConfigs::hasHDRDisplay retrieved: 0

08-04 01:18:12.927   553   553 I ConfigStore: android::hardware::configstore::V1_0::ISurfaceFlingerConfigs::hasHDRDisplay retrieved: 0

08-04 01:18:12.933 11513 25872 I LSPosed-Bridge: 11513 PermLabel hookBinder_test 10131 interfaceBinder =android.content.pm.IPackageManager; arg0 = 9; arg1 = android.os.Parcel@8138174; arg2 = android.os.Parcel@925a7cb; arg3 = 0; res = true; stacktrace=java.lang.Exception

08-04 01:18:12.933 11513 25872 I LSPosed-Bridge: 11513 PermLabel hookBinder_test 10131 interfaceBinder =android.content.pm.IPackageManager; arg0 = 9; arg1 = android.os.Parcel@8138174; arg2 = android.os.Parcel@925a7cb; arg3 = 0; res = true; stacktrace=java.lang.Exception

08-04 01:18:12.933 11513 25872 I LSPosed-Bridge: 	at com.example.permlabel.hookBinder_test$1.afterHookedMethod(hookBinder_test.java:64)

08-04 01:18:12.933 11513 25872 I LSPosed-Bridge: 	at com.example.permlabel.hookBinder_test$1.afterHookedMethod(hookBinder_test.java:64)

08-04 01:18:12.933 11513 25872 I LSPosed-Bridge: 	at de.robv.android.xposed.XposedBridge$AdditionalHookInfo.callback(Unknown Source:147)

08-04 01:18:12.933 11513 25872 I LSPosed-Bridge: 	at de.robv.android.xposed.XposedBridge$AdditionalHookInfo.callback(Unknown Source:147)

08-04 01:18:12.933 11513 25872 I LSPosed-Bridge: 	at LSPHooker_.transact(Unknown Source:28)

08-04 01:18:12.933 11513 25872 I LSPosed-Bridge: 	at LSPHooker_.transact(Unknown Source:28)

08-04 01:18:12.933 11513 25872 I LSPosed-Bridge: 	at android.content.pm.IPackageManager$Stub$Proxy.getPermissionInfo(IPackageManager.java:3008)

08-04 01:18:12.933 11513 25872 I LSPosed-Bridge: 	at android.content.pm.IPackageManager$Stub$Proxy.getPermissionInfo(IPackageManager.java:3008)

08-04 01:18:12.933 11513 25872 I LSPosed-Bridge: 	at android.app.ApplicationPackageManager.getPermissionInfo(ApplicationPackageManager.java:306)

08-04 01:18:12.933 11513 25872 I LSPosed-Bridge: 	at android.app.ApplicationPackageManager.getPermissionInfo(ApplicationPackageManager.java:306)

08-04 01:18:12.933 11513 25872 I LSPosed-Bridge: 	at com.example.permlabel.requestPerm$2.afterHookedMethod(requestPerm.java:185)

08-04 01:18:12.933 11513 25872 I LSPosed-Bridge: 	at com.example.permlabel.requestPerm$2.afterHookedMethod(requestPerm.java:185)

08-04 01:18:12.933 11513 25872 I LSPosed-Bridge: 	at de.robv.android.xposed.XposedBridge$AdditionalHookInfo.callback(Unknown Source:147)

08-04 01:18:12.933 11513 25872 I LSPosed-Bridge: 	at de.robv.android.xposed.XposedBridge$AdditionalHookInfo.callback(Unknown Source:147)

08-04 01:18:12.933 11513 25872 I LSPosed-Bridge: 	at LSPHooker_.checkPermission(Unknown Source:25)

08-04 01:18:12.933 11513 25872 I LSPosed-Bridge: 	at LSPHooker_.checkPermission(Unknown Source:25)

08-04 01:18:12.933 11513 25872 I LSPosed-Bridge: 	at android.app.ContextImpl.checkCallingOrSelfPermission(ContextImpl.java:1791)

08-04 01:18:12.933 11513 25872 I LSPosed-Bridge: 	at android.app.ContextImpl.checkCallingOrSelfPermission(ContextImpl.java:1791)

08-04 01:18:12.933 11513 25872 I LSPosed-Bridge: 	at android.content.ContextWrapper.checkCallingOrSelfPermission(ContextWrapper.java:754)

08-04 01:18:12.933 11513 25872 I LSPosed-Bridge: 	at android.content.ContextWrapper.checkCallingOrSelfPermission(ContextWrapper.java:754)

08-04 01:18:12.933 11513 25872 I LSPosed-Bridge: 	at h.l.b4.y(Unknown Source:2)

08-04 01:18:12.933 11513 25872 I LSPosed-Bridge: 	at h.l.b4.y(Unknown Source:2)

08-04 01:18:12.933 11513 25872 I LSPosed-Bridge: 	at h.l.b4.L(Unknown Source:26)

08-04 01:18:12.933 11513 25872 I LSPosed-Bridge: 	at h.l.b4.L(Unknown Source:26)

08-04 01:18:12.933 11513 25872 I LSPosed-Bridge: 	at h.l.h3.c(Unknown Source:844)

08-04 01:18:12.933 11513 25872 I LSPosed-Bridge: 	at h.l.h3.c(Unknown Source:844)

08-04 01:18:12.933 11513 25872 I LSPosed-Bridge: 	at h.l.n2.g(Unknown Source:126)

08-04 01:18:12.933 11513 25872 I LSPosed-Bridge: 	at h.l.n2.g(Unknown Source:126)

08-04 01:18:12.933 11513 25872 I LSPosed-Bridge: 	at h.l.n2.f(Unknown Source:94)

08-04 01:18:12.933 11513 25872 I LSPosed-Bridge: 	at h.l.n2.f(Unknown Source:94)

08-04 01:18:12.933 11513 25872 I LSPosed-Bridge: 	at h.l.a2.u(Unknown Source:225)

08-04 01:18:12.933 11513 25872 I LSPosed-Bridge: 	at h.l.a2.u(Unknown Source:225)

08-04 01:18:12.933 11513 25872 I LSPosed-Bridge: 	at h.l.a2.H(Unknown Source:91)

08-04 01:18:12.933 11513 25872 I LSPosed-Bridge: 	at h.l.a2.H(Unknown Source:91)

08-04 01:18:12.933 11513 25872 I LSPosed-Bridge: 	at h.l.a2$c.handleMessage(Unknown Source:178)

08-04 01:18:12.933 11513 25872 I LSPosed-Bridge: 	at h.l.a2$c.handleMessage(Unknown Source:178)

08-04 01:18:12.933 11513 25872 I LSPosed-Bridge: 	at android.os.Handler.dispatchMessage(Handler.java:106)

08-04 01:18:12.933 11513 25872 I LSPosed-Bridge: 	at android.os.Handler.dispatchMessage(Handler.java:106)

08-04 01:18:12.933 11513 25872 I LSPosed-Bridge: 	at android.os.Looper.loop(Looper.java:193)

08-04 01:18:12.933 11513 25872 I LSPosed-Bridge: 	at android.os.Looper.loop(Looper.java:193)

08-04 01:18:12.933 11513 25872 I LSPosed-Bridge: 	at android.os.HandlerThread.run(HandlerThread.java:65)

08-04 01:18:12.933 11513 25872 I LSPosed-Bridge: 	at android.os.HandlerThread.run(HandlerThread.java:65)

08-04 01:18:12.933 11513 25872 I LSPosed-Bridge: 	at h.l.a2$d.run(Unknown Source:0)

08-04 01:18:12.933 11513 25872 I LSPosed-Bridge: 	at h.l.a2$d.run(Unknown Source:0)

08-04 01:18:12.933 11513 25872 I LSPosed-Bridge: 11513 PermLabel 10131 ContextImpl Binder.getCallingPid() = 11513; Binder.getCallingUid() = 10131; permName: android.permission.READ_PHONE_STATE; res = -1; stacktrace=java.lang.Exception

08-04 01:18:12.933 11513 25872 I LSPosed-Bridge: 11513 PermLabel 10131 ContextImpl Binder.getCallingPid() = 11513; Binder.getCallingUid() = 10131; permName: android.permission.READ_PHONE_STATE; res = -1; stacktrace=java.lang.Exception

08-04 01:18:12.933 11513 25872 I LSPosed-Bridge: 	at com.example.permlabel.requestPerm$2.afterHookedMethod(requestPerm.java:195)

08-04 01:18:12.933 11513 25872 I LSPosed-Bridge: 	at com.example.permlabel.requestPerm$2.afterHookedMethod(requestPerm.java:195)

08-04 01:18:12.933 11513 25872 I LSPosed-Bridge: 	at de.robv.android.xposed.XposedBridge$AdditionalHookInfo.callback(Unknown Source:147)

08-04 01:18:12.933 11513 25872 I LSPosed-Bridge: 	at de.robv.android.xposed.XposedBridge$AdditionalHookInfo.callback(Unknown Source:147)

08-04 01:18:12.933 11513 25872 I LSPosed-Bridge: 	at LSPHooker_.checkPermission(Unknown Source:25)

08-04 01:18:12.933 11513 25872 I LSPosed-Bridge: 	at LSPHooker_.checkPermission(Unknown Source:25)

08-04 01:18:12.933 11513 25872 I LSPosed-Bridge: 	at android.app.ContextImpl.checkCallingOrSelfPermission(ContextImpl.java:1791)

08-04 01:18:12.933 11513 25872 I LSPosed-Bridge: 	at android.app.ContextImpl.checkCallingOrSelfPermission(ContextImpl.java:1791)

08-04 01:18:12.933 11513 25872 I LSPosed-Bridge: 	at android.content.ContextWrapper.checkCallingOrSelfPermission(ContextWrapper.java:754)

08-04 01:18:12.933 11513 25872 I LSPosed-Bridge: 	at android.content.ContextWrapper.checkCallingOrSelfPermission(ContextWrapper.java:754)

08-04 01:18:12.933 11513 25872 I LSPosed-Bridge: 	at h.l.b4.y(Unknown Source:2)

08-04 01:18:12.933 11513 25872 I LSPosed-Bridge: 	at h.l.b4.y(Unknown Source:2)

08-04 01:18:12.933 11513 25872 I LSPosed-Bridge: 	at h.l.b4.L(Unknown Source:26)

08-04 01:18:12.933 11513 25872 I LSPosed-Bridge: 	at h.l.b4.L(Unknown Source:26)

08-04 01:18:12.933 11513 25872 I LSPosed-Bridge: 	at h.l.h3.c(Unknown Source:844)

08-04 01:18:12.933 11513 25872 I LSPosed-Bridge: 	at h.l.h3.c(Unknown Source:844)

08-04 01:18:12.933 11513 25872 I LSPosed-Bridge: 	at h.l.n2.g(Unknown Source:126)

08-04 01:18:12.933 11513 25872 I LSPosed-Bridge: 	at h.l.n2.g(Unknown Source:126)

08-04 01:18:12.933 11513 25872 I LSPosed-Bridge: 	at h.l.n2.f(Unknown Source:94)

08-04 01:18:12.933 11513 25872 I LSPosed-Bridge: 	at h.l.n2.f(Unknown Source:94)

08-04 01:18:12.933 11513 25872 I LSPosed-Bridge: 	at h.l.a2.u(Unknown Source:225)

08-04 01:18:12.933 11513 25872 I LSPosed-Bridge: 	at h.l.a2.u(Unknown Source:225)

08-04 01:18:12.933 11513 25872 I LSPosed-Bridge: 	at h.l.a2.H(Unknown Source:91)

08-04 01:18:12.933 11513 25872 I LSPosed-Bridge: 	at h.l.a2.H(Unknown Source:91)

08-04 01:18:12.933 11513 25872 I LSPosed-Bridge: 	at h.l.a2$c.handleMessage(Unknown Source:178)

08-04 01:18:12.933 11513 25872 I LSPosed-Bridge: 	at h.l.a2$c.handleMessage(Unknown Source:178)

08-04 01:18:12.933 11513 25872 I LSPosed-Bridge: 	at android.os.Handler.dispatchMessage(Handler.java:106)

08-04 01:18:12.933 11513 25872 I LSPosed-Bridge: 	at android.os.Handler.dispatchMessage(Handler.java:106)

08-04 01:18:12.933 11513 25872 I LSPosed-Bridge: 	at android.os.Looper.loop(Looper.java:193)

08-04 01:18:12.933 11513 25872 I LSPosed-Bridge: 	at android.os.Looper.loop(Looper.java:193)

08-04 01:18:12.933 11513 25872 I LSPosed-Bridge: 	at android.os.HandlerThread.run(HandlerThread.java:65)

08-04 01:18:12.933 11513 25872 I LSPosed-Bridge: 	at android.os.HandlerThread.run(HandlerThread.java:65)

08-04 01:18:12.933 11513 25872 I LSPosed-Bridge: 	at h.l.a2$d.run(Unknown Source:0)

08-04 01:18:12.933 11513 25872 I LSPosed-Bridge: 	at h.l.a2$d.run(Unknown Source:0)

08-04 01:18:12.933 11513 25872 I LSPosed-Bridge: 11513 PermLabel 10131 ContextImpl.checkPermission: pid = 11513; uid = 10131; permName: android.permission.READ_PHONE_STATE; type = 1; res = -1; stacktrace=java.lang.Exception

08-04 01:18:12.933 11513 25872 I LSPosed-Bridge: 11513 PermLabel 10131 ContextImpl.checkPermission: pid = 11513; uid = 10131; permName: android.permission.READ_PHONE_STATE; type = 1; res = -1; stacktrace=java.lang.Exception

08-04 01:18:12.933 11513 25872 I LSPosed-Bridge: 	at com.example.permlabel.requestPerm$2.afterHookedMethod(requestPerm.java:219)

08-04 01:18:12.933 11513 25872 I LSPosed-Bridge: 	at com.example.permlabel.requestPerm$2.afterHookedMethod(requestPerm.java:219)

08-04 01:18:12.933 11513 25872 I LSPosed-Bridge: 	at de.robv.android.xposed.XposedBridge$AdditionalHookInfo.callback(Unknown Source:147)

08-04 01:18:12.933 11513 25872 I LSPosed-Bridge: 	at de.robv.android.xposed.XposedBridge$AdditionalHookInfo.callback(Unknown Source:147)

08-04 01:18:12.933 11513 25872 I LSPosed-Bridge: 	at LSPHooker_.checkPermission(Unknown Source:25)

08-04 01:18:12.933 11513 25872 I LSPosed-Bridge: 	at LSPHooker_.checkPermission(Unknown Source:25)

08-04 01:18:12.933 11513 25872 I LSPosed-Bridge: 	at android.app.ContextImpl.checkCallingOrSelfPermission(ContextImpl.java:1791)

08-04 01:18:12.933 11513 25872 I LSPosed-Bridge: 	at android.app.ContextImpl.checkCallingOrSelfPermission(ContextImpl.java:1791)

08-04 01:18:12.933 11513 25872 I LSPosed-Bridge: 	at android.content.ContextWrapper.checkCallingOrSelfPermission(ContextWrapper.java:754)

08-04 01:18:12.933 11513 25872 I LSPosed-Bridge: 	at android.content.ContextWrapper.checkCallingOrSelfPermission(ContextWrapper.java:754)

08-04 01:18:12.933 11513 25872 I LSPosed-Bridge: 	at h.l.b4.y(Unknown Source:2)

08-04 01:18:12.933 11513 25872 I LSPosed-Bridge: 	at h.l.b4.y(Unknown Source:2)

08-04 01:18:12.933 11513 25872 I LSPosed-Bridge: 	at h.l.b4.L(Unknown Source:26)

08-04 01:18:12.933 11513 25872 I LSPosed-Bridge: 	at h.l.b4.L(Unknown Source:26)

08-04 01:18:12.933 11513 25872 I LSPosed-Bridge: 	at h.l.h3.c(Unknown Source:844)

08-04 01:18:12.933 11513 25872 I LSPosed-Bridge: 	at h.l.h3.c(Unknown Source:844)

08-04 01:18:12.933 11513 25872 I LSPosed-Bridge: 	at h.l.n2.g(Unknown Source:126)

08-04 01:18:12.933 11513 25872 I LSPosed-Bridge: 	at h.l.n2.g(Unknown Source:126)

08-04 01:18:12.933 11513 25872 I LSPosed-Bridge: 	at h.l.n2.f(Unknown Source:94)

08-04 01:18:12.933 11513 25872 I LSPosed-Bridge: 	at h.l.n2.f(Unknown Source:94)

08-04 01:18:12.933 11513 25872 I LSPosed-Bridge: 	at h.l.a2.u(Unknown Source:225)

08-04 01:18:12.933 11513 25872 I LSPosed-Bridge: 	at h.l.a2.u(Unknown Source:225)

08-04 01:18:12.933 11513 25872 I LSPosed-Bridge: 	at h.l.a2.H(Unknown Source:91)

08-04 01:18:12.933 11513 25872 I LSPosed-Bridge: 	at h.l.a2.H(Unknown Source:91)

08-04 01:18:12.933 11513 25872 I LSPosed-Bridge: 	at h.l.a2$c.handleMessage(Unknown Source:178)

08-04 01:18:12.933 11513 25872 I LSPosed-Bridge: 	at h.l.a2$c.handleMessage(Unknown Source:178)

08-04 01:18:12.933 11513 25872 I LSPosed-Bridge: 	at android.os.Handler.dispatchMessage(Handler.java:106)

08-04 01:18:12.933 11513 25872 I LSPosed-Bridge: 	at android.os.Handler.dispatchMessage(Handler.java:106)

08-04 01:18:12.933 11513 25872 I LSPosed-Bridge: 	at android.os.Looper.loop(Looper.java:193)

08-04 01:18:12.933 11513 25872 I LSPosed-Bridge: 	at android.os.Looper.loop(Looper.java:193)

08-04 01:18:12.933 11513 25872 I LSPosed-Bridge: 	at android.os.HandlerThread.run(HandlerThread.java:65)

08-04 01:18:12.933 11513 25872 I LSPosed-Bridge: 	at android.os.HandlerThread.run(HandlerThread.java:65)

08-04 01:18:12.933 11513 25872 I LSPosed-Bridge: 	at h.l.a2$d.run(Unknown Source:0)

08-04 01:18:12.933 11513 25872 I LSPosed-Bridge: 	at h.l.a2$d.run(Unknown Source:0)

08-04 01:18:12.946 25830 25981 E libc    : Access denied finding property "ro.serialno"

08-04 01:18:12.946 11513 25872 I LSPosed-Bridge: 11513 PermLabel hookBinder_test 10131 interfaceBinder =android.content.pm.IPackageManager; arg0 = 9; arg1 = android.os.Parcel@db177b9; arg2 = android.os.Parcel@2a7ba8; arg3 = 0; res = true; stacktrace=java.lang.Exception

08-04 01:18:12.946 11513 25872 I LSPosed-Bridge: 	at com.example.permlabel.hookBinder_test$1.afterHookedMethod(hookBinder_test.java:64)

08-04 01:18:12.946 11513 25872 I LSPosed-Bridge: 	at de.robv.android.xposed.XposedBridge$AdditionalHookInfo.callback(Unknown Source:147)

08-04 01:18:12.946 11513 25872 I LSPosed-Bridge: 	at LSPHooker_.transact(Unknown Source:28)

08-04 01:18:12.946 11513 25872 I LSPosed-Bridge: 	at android.content.pm.IPackageManager$Stub$Proxy.getPermissionInfo(IPackageManager.java:3008)

08-04 01:18:12.946 11513 25872 I LSPosed-Bridge: 	at android.app.ApplicationPackageManager.getPermissionInfo(ApplicationPackageManager.java:306)

08-04 01:18:12.946 11513 25872 I LSPosed-Bridge: 	at com.example.permlabel.requestPerm$2.afterHookedMethod(requestPerm.java:185)

08-04 01:18:12.946 11513 25872 I LSPosed-Bridge: 	at de.robv.android.xposed.XposedBridge$AdditionalHookInfo.callback(Unknown Source:147)

08-04 01:18:12.946 11513 25872 I LSPosed-Bridge: 	at LSPHooker_.checkPermission(Unknown Source:25)

08-04 01:18:12.946 11513 25872 I LSPosed-Bridge: 	at android.app.ContextImpl.checkCallingOrSelfPermission(ContextImpl.java:1791)

08-04 01:18:12.946 11513 25872 I LSPosed-Bridge: 	at android.content.ContextWrapper.checkCallingOrSelfPermission(ContextWrapper.java:754)

08-04 01:18:12.946 11513 25872 I LSPosed-Bridge: 	at h.l.b4.y(Unknown Source:2)

08-04 01:18:12.946 11513 25872 I LSPosed-Bridge: 	at h.l.b4.Y(Unknown Source:8)

08-04 01:18:12.946 11513 25872 I LSPosed-Bridge: 	at h.l.z3.i(Unknown Source:8)

08-04 01:18:12.946 11513 25872 I LSPosed-Bridge: 	at h.l.n2.g(Unknown Source:201)

08-04 01:18:12.946 11513 25872 I LSPosed-Bridge: 	at h.l.n2.f(Unknown Source:94)

08-04 01:18:12.946 11513 25872 I LSPosed-Bridge: 	at h.l.a2.u(Unknown Source:225)

08-04 01:18:12.946 11513 25872 I LSPosed-Bridge: 	at h.l.a2.H(Unknown Source:91)

08-04 01:18:12.946 11513 25872 I LSPosed-Bridge: 	at h.l.a2$c.handleMessage(Unknown Source:178)

08-04 01:18:12.946 11513 25872 I LSPosed-Bridge: 	at android.os.Handler.dispatchMessage(Handler.java:106)

08-04 01:18:12.946 11513 25872 I LSPosed-Bridge: 	at android.os.Looper.loop(Looper.java:193)

08-04 01:18:12.946 11513 25872 I LSPosed-Bridge: 	at android.os.HandlerThread.run(HandlerThread.java:65)

08-04 01:18:12.946 11513 25872 I LSPosed-Bridge: 	at h.l.a2$d.run(Unknown Source:0)

08-04 01:18:12.946 11513 25876 I LSPosed-Bridge: 11513 PermLabel hookBinder_test 10131 interfaceBinder =android.app.IActivityManager; arg0 = 49; arg1 = android.os.Parcel@8138174; arg2 = android.os.Parcel@925a7cb; arg3 = 0; res = true; stacktrace=java.lang.Exception

08-04 01:18:12.946 11513 25876 I LSPosed-Bridge: 	at com.example.permlabel.hookBinder_test$1.afterHookedMethod(hookBinder_test.java:64)

08-04 01:18:12.946 11513 25876 I LSPosed-Bridge: 	at de.robv.android.xposed.XposedBridge$AdditionalHookInfo.callback(Unknown Source:147)

08-04 01:18:12.946 11513 25876 I LSPosed-Bridge: 	at LSPHooker_.transact(Unknown Source:28)

08-04 01:18:12.946 11513 25876 I LSPosed-Bridge: 	at android.app.IActivityManager$Stub$Proxy.checkPermission(IActivityManager.java:4722)

08-04 01:18:12.946 11513 25876 I LSPosed-Bridge: 	at android.app.ContextImpl.checkPermission(ContextImpl.java:1751)

08-04 01:18:12.946 11513 25876 I LSPosed-Bridge: 	at java.lang.reflect.Method.invoke(Native Method)

08-04 01:18:12.946 11513 25876 I LSPosed-Bridge: 	at org.lsposed.lspd.nativebridge.HookBridge.invokeOriginalMethod(Native Method)

08-04 01:18:12.946 11513 25876 I LSPosed-Bridge: 	at de.robv.android.xposed.XposedBridge$AdditionalHookInfo.callback(Unknown Source:110)

08-04 01:18:12.946 11513 25876 I LSPosed-Bridge: 	at LSPHooker_.checkPermission(Unknown Source:25)

08-04 01:18:12.946 11513 25876 I LSPosed-Bridge: 	at android.app.ContextImpl.checkCallingOrSelfPermission(ContextImpl.java:1791)

08-04 01:18:12.946 11513 25876 I LSPosed-Bridge: 	at android.content.ContextWrapper.checkCallingOrSelfPermission(ContextWrapper.java:754)

08-04 01:18:12.946 11513 25876 I LSPosed-Bridge: 	at h.l.b4.y(Unknown Source:2)

08-04 01:18:12.946 11513 25876 I LSPosed-Bridge: 	at h.l.b4.Z(Unknown Source:30)

08-04 01:18:12.946 11513 25876 I LSPosed-Bridge: 	at h.l.z$a.run(Unknown Source:173)

08-04 01:18:12.946 11513 25876 I LSPosed-Bridge: 	at java.util.concurrent.Executors$RunnableAdapter.call(Executors.java:458)

08-04 01:18:12.946 11513 25876 I LSPosed-Bridge: 	at java.util.concurrent.FutureTask.run(FutureTask.java:266)

08-04 01:18:12.946 11513 25876 I LSPosed-Bridge: 	at java.util.concurrent.ThreadPoolExecutor.runWorker(ThreadPoolExecutor.java:1167)

08-04 01:18:12.946 11513 25876 I LSPosed-Bridge: 	at java.util.concurrent.ThreadPoolExecutor$Worker.run(ThreadPoolExecutor.java:641)

08-04 01:18:12.946 11513 25876 I LSPosed-Bridge: 	at java.lang.Thread.run(Thread.java:764)

08-04 01:18:12.946 11513 25876 I LSPosed-Bridge: 	at h.l.b$b$a.run(Unknown Source:0)

08-04 01:18:12.946 11513 25872 I LSPosed-Bridge: 11513 PermLabel 10131 ContextImpl.checkPermission: pid = 11513; uid = 10131; permName: android.permission.ACCESS_NETWORK_STATE; type = 0; res = 0; stacktrace=java.lang.Exception

08-04 01:18:12.946 11513 25872 I LSPosed-Bridge: 	at com.example.permlabel.requestPerm$2.afterHookedMethod(requestPerm.java:219)

08-04 01:18:12.946 11513 25872 I LSPosed-Bridge: 	at de.robv.android.xposed.XposedBridge$AdditionalHookInfo.callback(Unknown Source:147)

08-04 01:18:12.946 11513 25872 I LSPosed-Bridge: 	at LSPHooker_.checkPermission(Unknown Source:25)

08-04 01:18:12.946 11513 25872 I LSPosed-Bridge: 	at android.app.ContextImpl.checkCallingOrSelfPermission(ContextImpl.java:1791)

08-04 01:18:12.946 11513 25872 I LSPosed-Bridge: 	at android.content.ContextWrapper.checkCallingOrSelfPermission(ContextWrapper.java:754)

08-04 01:18:12.946 11513 25872 I LSPosed-Bridge: 	at h.l.b4.y(Unknown Source:2)

08-04 01:18:12.946 11513 25872 I LSPosed-Bridge: 	at h.l.b4.Y(Unknown Source:8)

08-04 01:18:12.946 11513 25872 I LSPosed-Bridge: 	at h.l.z3.i(Unknown Source:8)

08-04 01:18:12.946 11513 25872 I LSPosed-Bridge: 	at h.l.n2.g(Unknown Source:201)

08-04 01:18:12.946 11513 25872 I LSPosed-Bridge: 	at h.l.n2.f(Unknown Source:94)

08-04 01:18:12.946 11513 25872 I LSPosed-Bridge: 	at h.l.a2.u(Unknown Source:225)

08-04 01:18:12.946 11513 25872 I LSPosed-Bridge: 	at h.l.a2.H(Unknown Source:91)

08-04 01:18:12.946 11513 25872 I LSPosed-Bridge: 	at h.l.a2$c.handleMessage(Unknown Source:178)

08-04 01:18:12.946 11513 25872 I LSPosed-Bridge: 	at android.os.Handler.dispatchMessage(Handler.java:106)

08-04 01:18:12.946 11513 25872 I LSPosed-Bridge: 	at android.os.Looper.loop(Looper.java:193)

08-04 01:18:12.946 11513 25872 I LSPosed-Bridge: 	at android.os.HandlerThread.run(HandlerThread.java:65)

08-04 01:18:12.946 11513 25872 I LSPosed-Bridge: 	at h.l.a2$d.run(Unknown Source:0)

08-04 01:18:12.946 11513 25876 I LSPosed-Bridge: 11513 PermLabel hookBinder_test 10131 interfaceBinder =android.content.pm.IPackageManager; arg0 = 9; arg1 = android.os.Parcel@2a7ba8; arg2 = android.os.Parcel@db177b9; arg3 = 0; res = true; stacktrace=java.lang.Exception

08-04 01:18:12.946 11513 25876 I LSPosed-Bridge: 	at com.example.permlabel.hookBinder_test$1.afterHookedMethod(hookBinder_test.java:64)

08-04 01:18:12.946 11513 25876 I LSPosed-Bridge: 	at de.robv.android.xposed.XposedBridge$AdditionalHookInfo.callback(Unknown Source:147)

08-04 01:18:12.946 11513 25876 I LSPosed-Bridge: 	at LSPHooker_.transact(Unknown Source:28)

08-04 01:18:12.946 11513 25876 I LSPosed-Bridge: 	at android.content.pm.IPackageManager$Stub$Proxy.getPermissionInfo(IPackageManager.java:3008)

08-04 01:18:12.946 11513 25876 I LSPosed-Bridge: 	at android.app.ApplicationPackageManager.getPermissionInfo(ApplicationPackageManager.java:306)

08-04 01:18:12.946 11513 25876 I LSPosed-Bridge: 	at com.example.permlabel.requestPerm$2.afterHookedMethod(requestPerm.java:185)

08-04 01:18:12.946 11513 25876 I LSPosed-Bridge: 	at de.robv.android.xposed.XposedBridge$AdditionalHookInfo.callback(Unknown Source:147)

08-04 01:18:12.946 11513 25876 I LSPosed-Bridge: 	at LSPHooker_.checkPermission(Unknown Source:25)

08-04 01:18:12.946 11513 25876 I LSPosed-Bridge: 	at android.app.ContextImpl.checkCallingOrSelfPermission(ContextImpl.java:1791)

08-04 01:18:12.946 11513 25876 I LSPosed-Bridge: 	at android.content.ContextWrapper.checkCallingOrSelfPermission(ContextWrapper.java:754)

08-04 01:18:12.946 11513 25876 I LSPosed-Bridge: 	at h.l.b4.y(Unknown Source:2)

08-04 01:18:12.946 11513 25876 I LSPosed-Bridge: 	at h.l.b4.Z(Unknown Source:30)

08-04 01:18:12.946 11513 25876 I LSPosed-Bridge: 	at h.l.z$a.run(Unknown Source:173)

08-04 01:18:12.946 11513 25876 I LSPosed-Bridge: 	at java.util.concurrent.Executors$RunnableAdapter.call(Executors.java:458)

08-04 01:18:12.946 11513 25876 I LSPosed-Bridge: 	at java.util.concurrent.FutureTask.run(FutureTask.java:266)

08-04 01:18:12.946 11513 25876 I LSPosed-Bridge: 	at java.util.concurrent.ThreadPoolExecutor.runWorker(ThreadPoolExecutor.java:1167)

08-04 01:18:12.946 11513 25876 I LSPosed-Bridge: 	at java.util.concurrent.ThreadPoolExecutor$Worker.run(ThreadPoolExecutor.java:641)

08-04 01:18:12.946 11513 25876 I LSPosed-Bridge: 	at java.lang.Thread.run(Thread.java:764)

08-04 01:18:12.946 11513 25876 I LSPosed-Bridge: 	at h.l.b$b$a.run(Unknown Source:0)

08-04 01:18:12.946 11513 25876 I LSPosed-Bridge: 11513 PermLabel 10131 ContextImpl Binder.getCallingPid() = 11513; Binder.getCallingUid() = 10131; permName: android.permission.READ_PHONE_STATE; res = -1; stacktrace=java.lang.Exception

08-04 01:18:12.946 11513 25876 I LSPosed-Bridge: 	at com.example.permlabel.requestPerm$2.afterHookedMethod(requestPerm.java:195)

08-04 01:18:12.946 11513 25876 I LSPosed-Bridge: 	at de.robv.android.xposed.XposedBridge$AdditionalHookInfo.callback(Unknown Source:147)

08-04 01:18:12.946 11513 25876 I LSPosed-Bridge: 	at LSPHooker_.checkPermission(Unknown Source:25)

08-04 01:18:12.946 11513 25876 I LSPosed-Bridge: 	at android.app.ContextImpl.checkCallingOrSelfPermission(ContextImpl.java:1791)

08-04 01:18:12.946 11513 25876 I LSPosed-Bridge: 	at android.content.ContextWrapper.checkCallingOrSelfPermission(ContextWrapper.java:754)

08-04 01:18:12.946 11513 25876 I LSPosed-Bridge: 	at h.l.b4.y(Unknown Source:2)

08-04 01:18:12.946 11513 25876 I LSPosed-Bridge: 	at h.l.b4.Z(Unknown Source:30)

08-04 01:18:12.946 11513 25876 I LSPosed-Bridge: 	at h.l.z$a.run(Unknown Source:173)

08-04 01:18:12.946 11513 25876 I LSPosed-Bridge: 	at java.util.concurrent.Executors$RunnableAdapter.call(Executors.java:458)

08-04 01:18:12.946 11513 25876 I LSPosed-Bridge: 	at java.util.concurrent.FutureTask.run(FutureTask.java:266)

08-04 01:18:12.946 11513 25876 I LSPosed-Bridge: 	at java.util.concurrent.ThreadPoolExecutor.runWorker(ThreadPoolExecutor.java:1167)

08-04 01:18:12.946 11513 25876 I LSPosed-Bridge: 	at java.util.concurrent.ThreadPoolExecutor$Worker.run(ThreadPoolExecutor.java:641)

08-04 01:18:12.946 11513 25876 I LSPosed-Bridge: 	at java.lang.Thread.run(Thread.java:764)

08-04 01:18:12.946 11513 25876 I LSPosed-Bridge: 	at h.l.b$b$a.run(Unknown Source:0)

08-04 01:18:12.946  1565  1877 I LSPosed-Bridge: 11513 PermLabel 10131 AMS.checkPermission: Binder.getCallingPid() = 11513; uid = 10131; Binder.getCallingUid() = 10131; getNameForUid: com.clt; getPackagesForUid: [com.clt]; permName: android.permission.ACCESS_NETWORK_STATE; type = 0; res = 0; stacktrace=java.lang.Exception

08-04 01:18:12.946  1565  1877 I LSPosed-Bridge: 	at com.example.permlabel.requirePerm$1$2.afterHookedMethod(requirePerm.java:133)

08-04 01:18:12.946  1565  1877 I LSPosed-Bridge: 	at de.robv.android.xposed.XposedBridge$AdditionalHookInfo.callback(Unknown Source:147)

08-04 01:18:12.946  1565  1877 I LSPosed-Bridge: 	at LSPHooker_.checkPermission(Unknown Source:25)

08-04 01:18:12.946  1565  1877 I LSPosed-Bridge: 	at android.app.ContextImpl.checkPermission(ContextImpl.java:1751)

08-04 01:18:12.946  1565  1877 I LSPosed-Bridge: 	at android.app.ContextImpl.checkCallingOrSelfPermission(ContextImpl.java:1791)

08-04 01:18:12.946  1565  1877 I LSPosed-Bridge: 	at android.app.ContextImpl.enforceCallingOrSelfPermission(ContextImpl.java:1841)

08-04 01:18:12.946  1565  1877 I LSPosed-Bridge: 	at com.android.server.ConnectivityService.enforceAccessPermission(ConnectivityService.java:1672)

08-04 01:18:12.946  1565  1877 I LSPosed-Bridge: 	at com.android.server.ConnectivityService.getActiveNetworkInfo(ConnectivityService.java:1178)

08-04 01:18:12.946  1565  1877 I LSPosed-Bridge: 	at android.net.IConnectivityManager$Stub.onTransact(IConnectivityManager.java:85)

08-04 01:18:12.946  1565  1877 I LSPosed-Bridge: 	at android.os.Binder.execTransact(Binder.java:731)

08-04 01:18:12.947 11513 25876 I LSPosed-Bridge: 11513 PermLabel 10131 ContextImpl.checkPermission: pid = 11513; uid = 10131; permName: android.permission.READ_PHONE_STATE; type = 1; res = -1; stacktrace=java.lang.Exception

08-04 01:18:12.947 11513 25876 I LSPosed-Bridge: 	at com.example.permlabel.requestPerm$2.afterHookedMethod(requestPerm.java:219)

08-04 01:18:12.947 11513 25876 I LSPosed-Bridge: 	at de.robv.android.xposed.XposedBridge$AdditionalHookInfo.callback(Unknown Source:147)

08-04 01:18:12.947 11513 25876 I LSPosed-Bridge: 	at LSPHooker_.checkPermission(Unknown Source:25)

08-04 01:18:12.947 11513 25876 I LSPosed-Bridge: 	at android.app.ContextImpl.checkCallingOrSelfPermission(ContextImpl.java:1791)

08-04 01:18:12.947 11513 25876 I LSPosed-Bridge: 	at android.content.ContextWrapper.checkCallingOrSelfPermission(ContextWrapper.java:754)

08-04 01:18:12.947 11513 25876 I LSPosed-Bridge: 	at h.l.b4.y(Unknown Source:2)

08-04 01:18:12.947 11513 25876 I LSPosed-Bridge: 	at h.l.b4.Z(Unknown Source:30)

08-04 01:18:12.947 11513 25876 I LSPosed-Bridge: 	at h.l.z$a.run(Unknown Source:173)

08-04 01:18:12.947 11513 25876 I LSPosed-Bridge: 	at java.util.concurrent.Executors$RunnableAdapter.call(Executors.java:458)

08-04 01:18:12.947 11513 25876 I LSPosed-Bridge: 	at java.util.concurrent.FutureTask.run(FutureTask.java:266)

08-04 01:18:12.947 11513 25876 I LSPosed-Bridge: 	at java.util.concurrent.ThreadPoolExecutor.runWorker(ThreadPoolExecutor.java:1167)

08-04 01:18:12.947 11513 25876 I LSPosed-Bridge: 	at java.util.concurrent.ThreadPoolExecutor$Worker.run(ThreadPoolExecutor.java:641)

08-04 01:18:12.947 11513 25876 I LSPosed-Bridge: 	at java.lang.Thread.run(Thread.java:764)

08-04 01:18:12.947 11513 25876 I LSPosed-Bridge: 	at h.l.b$b$a.run(Unknown Source:0)

08-04 01:18:12.947 11513 25872 I LSPosed-Bridge: 11513 PermLabel hookBinder_test 10131 interfaceBinder =android.net.IConnectivityManager; arg0 = 3; arg1 = android.os.Parcel@925a7cb; arg2 = android.os.Parcel@8138174; arg3 = 0; res = true; stacktrace=java.lang.Exception

08-04 01:18:12.947 11513 25872 I LSPosed-Bridge: 	at com.example.permlabel.hookBinder_test$1.afterHookedMethod(hookBinder_test.java:64)

08-04 01:18:12.947 11513 25872 I LSPosed-Bridge: 	at de.robv.android.xposed.XposedBridge$AdditionalHookInfo.callback(Unknown Source:147)

08-04 01:18:12.947 11513 25872 I LSPosed-Bridge: 	at LSPHooker_.transact(Unknown Source:28)

08-04 01:18:12.947 11513 25872 I LSPosed-Bridge: 	at android.net.IConnectivityManager$Stub$Proxy.getActiveNetworkInfo(IConnectivityManager.java:1206)

08-04 01:18:12.947 11513 25872 I LSPosed-Bridge: 	at android.net.ConnectivityManager.getActiveNetworkInfo(ConnectivityManager.java:890)

08-04 01:18:12.947 11513 25872 I LSPosed-Bridge: 	at h.l.b4.Y(Unknown Source:22)

08-04 01:18:12.947 11513 25872 I LSPosed-Bridge: 	at h.l.z3.i(Unknown Source:8)

08-04 01:18:12.947 11513 25872 I LSPosed-Bridge: 	at h.l.n2.g(Unknown Source:201)

08-04 01:18:12.947 11513 25872 I LSPosed-Bridge: 	at h.l.n2.f(Unknown Source:94)

08-04 01:18:12.947 11513 25872 I LSPosed-Bridge: 	at h.l.a2.u(Unknown Source:225)

08-04 01:18:12.947 11513 25872 I LSPosed-Bridge: 	at h.l.a2.H(Unknown Source:91)

08-04 01:18:12.947 11513 25872 I LSPosed-Bridge: 	at h.l.a2$c.handleMessage(Unknown Source:178)

08-04 01:18:12.947 11513 25872 I LSPosed-Bridge: 	at android.os.Handler.dispatchMessage(Handler.java:106)

08-04 01:18:12.947 11513 25872 I LSPosed-Bridge: 	at android.os.Looper.loop(Looper.java:193)

08-04 01:18:12.947 11513 25872 I LSPosed-Bridge: 	at android.os.HandlerThread.run(HandlerThread.java:65)

08-04 01:18:12.947 11513 25872 I LSPosed-Bridge: 	at h.l.a2$d.run(Unknown Source:0)

08-04 01:18:12.947 11513 25876 I LSPosed-Bridge: 11513 PermLabel hookBinder_test 10131 interfaceBinder =android.app.IActivityManager; arg0 = 49; arg1 = android.os.Parcel@db177b9; arg2 = android.os.Parcel@2a7ba8; arg3 = 0; res = true; stacktrace=java.lang.Exception

08-04 01:18:12.947 11513 25876 I LSPosed-Bridge: 	at com.example.permlabel.hookBinder_test$1.afterHookedMethod(hookBinder_test.java:64)

08-04 01:18:12.947 11513 25876 I LSPosed-Bridge: 	at de.robv.android.xposed.XposedBridge$AdditionalHookInfo.callback(Unknown Source:147)

08-04 01:18:12.947 11513 25876 I LSPosed-Bridge: 	at LSPHooker_.transact(Unknown Source:28)

08-04 01:18:12.947 11513 25876 I LSPosed-Bridge: 	at android.app.IActivityManager$Stub$Proxy.checkPermission(IActivityManager.java:4722)

