08-16 20:43:41.702  6047  6467 I LSPosed-Bridge: 	at android.app.IActivityManager$Stub$Proxy.registerReceiver(IActivityManager.java:3825)

08-16 20:43:41.702  6047  6467 I LSPosed-Bridge: 	at android.app.ContextImpl.registerReceiverInternal(ContextImpl.java:1488)

08-16 20:43:41.702  6047  6467 I LSPosed-Bridge: 	at android.app.ContextImpl.registerReceiver(ContextImpl.java:1449)

08-16 20:43:41.702  6047  6467 I LSPosed-Bridge: 	at android.app.ContextImpl.registerReceiver(ContextImpl.java:1437)

08-16 20:43:41.702  6047  6467 I LSPosed-Bridge: 	at android.content.ContextWrapper.registerReceiver(ContextWrapper.java:623)

08-16 20:43:41.702  6047  6467 I LSPosed-Bridge: 	at com.google.android.ads.z__.n.a(Unknown Source:8)

08-16 20:43:41.702  6047  6467 I LSPosed-Bridge: 	at java.lang.reflect.Method.invoke(Native Method)

08-16 20:43:41.702  6047  6467 I LSPosed-Bridge: 	at com.google.android.ads.tasks.f.a(:com.google.android.gms.policy_ads_fdr_dynamite@232400001@232400000057.538171701.538171701:68)

08-16 20:43:41.702  6047  6467 I LSPosed-Bridge: 	at com.google.android.ads.tasks.ae.f(:com.google.android.gms.policy_ads_fdr_dynamite@232400001@232400000057.538171701.538171701:20)

08-16 20:43:41.702  6047  6467 I LSPosed-Bridge: 	at com.google.android.ads.tasks.ae.call(:com.google.android.gms.policy_ads_fdr_dynamite@232400001@232400000057.538171701.538171701:1)

08-16 20:43:41.702  6047  6467 I LSPosed-Bridge: 	at java.util.concurrent.FutureTask.run(FutureTask.java:266)

08-16 20:43:41.702  6047  6467 I LSPosed-Bridge: 	at java.util.concurrent.ThreadPoolExecutor.runWorker(ThreadPoolExecutor.java:1167)

08-16 20:43:41.702  6047  6467 I LSPosed-Bridge: 	at java.util.concurrent.ThreadPoolExecutor$Worker.run(ThreadPoolExecutor.java:641)

08-16 20:43:41.702  6047  6467 I LSPosed-Bridge: 	at java.lang.Thread.run(Thread.java:764)

08-16 20:43:54.644  1565  4550 I LSPosed-Bridge: 6047 PermLabel 10131 AMS.checkPermission: Binder.getCallingPid() = 6047; uid = 10131; Binder.getCallingUid() = 10131; getNameForUid: com.appli_ne.mirror; getPackagesForUid: [com.appli_ne.mirror]; permName: android.permission.GET_TASKS; type = 0; res = -1; stacktrace=java.lang.Exception

08-16 20:43:54.644  1565  4550 I LSPosed-Bridge: 	at com.example.permlabel.requirePerm$1$2.afterHookedMethod(requirePerm.java:136)

08-16 20:43:54.644  1565  4550 I LSPosed-Bridge: 	at de.robv.android.xposed.XposedBridge$AdditionalHookInfo.callback(Unknown Source:147)

08-16 20:43:54.644  1565  4550 I LSPosed-Bridge: 	at LSPHooker_.checkPermission(Unknown Source:25)

08-16 20:43:54.644  1565  4550 I LSPosed-Bridge: 	at com.android.server.am.ActivityManagerService.isGetTasksAllowed(ActivityManagerService.java:10902)

08-16 20:43:54.644  1565  4550 I LSPosed-Bridge: 	at com.android.server.am.ActivityManagerService.getRunningAppProcesses(ActivityManagerService.java:16139)

08-16 20:43:54.644  1565  4550 I LSPosed-Bridge: 	at android.app.IActivityManager$Stub.onTransact(IActivityManager.java:1088)

08-16 20:43:54.644  1565  4550 I LSPosed-Bridge: 	at com.android.server.am.ActivityManagerService.onTransact(ActivityManagerService.java:3346)

08-16 20:43:54.644  1565  4550 I LSPosed-Bridge: 	at android.os.Binder.execTransact(Binder.java:731)

08-16 20:43:54.644   552   552 I ConfigStore: android::hardware::configstore::V1_0::ISurfaceFlingerConfigs::hasHDRDisplay retrieved: 0

08-16 20:43:54.704  1565  7025 I LSPosed-Bridge: 6047 PermLabel 10131 AMS.checkPermission: Binder.getCallingPid() = 6047; uid = 10131; Binder.getCallingUid() = 10131; getNameForUid: com.appli_ne.mirror; getPackagesForUid: [com.appli_ne.mirror]; permName: android.permission.GET_TASKS; type = 0; res = -1; stacktrace=java.lang.Exception

08-16 20:43:54.704  1565  7025 I LSPosed-Bridge: 	at com.example.permlabel.requirePerm$1$2.afterHookedMethod(requirePerm.java:136)

08-16 20:43:54.704  1565  7025 I LSPosed-Bridge: 	at de.robv.android.xposed.XposedBridge$AdditionalHookInfo.callback(Unknown Source:147)

08-16 20:43:54.704  1565  7025 I LSPosed-Bridge: 	at LSPHooker_.checkPermission(Unknown Source:25)

08-16 20:43:54.704  1565  7025 I LSPosed-Bridge: 	at com.android.server.am.ActivityManagerService.isGetTasksAllowed(ActivityManagerService.java:10902)

08-16 20:43:54.704  1565  7025 I LSPosed-Bridge: 	at com.android.server.am.ActivityManagerService.getFilteredTasks(ActivityManagerService.java:10884)

08-16 20:43:54.704  1565  7025 I LSPosed-Bridge: 	at com.android.server.am.ActivityManagerService.getTasks(ActivityManagerService.java:10872)

08-16 20:43:54.704  1565  7025 I LSPosed-Bridge: 	at android.app.IActivityManager$Stub.onTransact(IActivityManager.java:288)

08-16 20:43:54.704  1565  7025 I LSPosed-Bridge: 	at com.android.server.am.ActivityManagerService.onTransact(ActivityManagerService.java:3346)

08-16 20:43:54.704  1565  7025 I LSPosed-Bridge: 	at android.os.Binder.execTransact(Binder.java:731)

08-16 20:43:55.999   552   552 I ConfigStore: android::hardware::configstore::V1_0::ISurfaceFlingerConfigs::hasHDRDisplay retrieved: 0

08-16 20:43:55.999  1565  1873 I LSPosed-Bridge: 6047 PermLabel 10131 AMS.checkPermission: Binder.getCallingPid() = 6047; uid = 10131; Binder.getCallingUid() = 10131; getNameForUid: com.appli_ne.mirror; getPackagesForUid: [com.appli_ne.mirror]; permName: android.permission.GET_TASKS; type = 0; res = -1; stacktrace=java.lang.Exception

08-16 20:43:55.999  1565  1873 I LSPosed-Bridge: 	at com.example.permlabel.requirePerm$1$2.afterHookedMethod(requirePerm.java:136)

08-16 20:43:55.999  1565  1873 I LSPosed-Bridge: 	at de.robv.android.xposed.XposedBridge$AdditionalHookInfo.callback(Unknown Source:147)

08-16 20:43:55.999  1565  1873 I LSPosed-Bridge: 	at LSPHooker_.checkPermission(Unknown Source:25)

08-16 20:43:55.999  1565  1873 I LSPosed-Bridge: 	at com.android.server.am.ActivityManagerService.isGetTasksAllowed(ActivityManagerService.java:10902)

08-16 20:43:55.999  1565  1873 I LSPosed-Bridge: 	at com.android.server.am.ActivityManagerService.getRunningAppProcesses(ActivityManagerService.java:16139)

08-16 20:43:55.999  1565  1873 I LSPosed-Bridge: 	at android.app.IActivityManager$Stub.onTransact(IActivityManager.java:1088)

08-16 20:43:55.999  1565  1873 I LSPosed-Bridge: 	at com.android.server.am.ActivityManagerService.onTransact(ActivityManagerService.java:3346)

08-16 20:43:55.999  1565  1873 I LSPosed-Bridge: 	at android.os.Binder.execTransact(Binder.java:731)

08-16 20:43:55.999   552   552 I ConfigStore: android::hardware::configstore::V1_0::ISurfaceFlingerConfigs::hasHDRDisplay retrieved: 0

08-16 20:44:01.737  1565  1873 I LSPosed-Bridge: 6047 PermLabel 10131 AMS.checkPermission: Binder.getCallingPid() = 6047; uid = 10131; Binder.getCallingUid() = 10131; getNameForUid: com.appli_ne.mirror; getPackagesForUid: [com.appli_ne.mirror]; permName: android.permission.GET_TASKS; type = 0; res = -1; stacktrace=java.lang.Exception

08-16 20:44:01.737  1565  1873 I LSPosed-Bridge: 	at com.example.permlabel.requirePerm$1$2.afterHookedMethod(requirePerm.java:136)

08-16 20:44:01.737  1565  1873 I LSPosed-Bridge: 	at de.robv.android.xposed.XposedBridge$AdditionalHookInfo.callback(Unknown Source:147)

08-16 20:44:01.737  1565  1873 I LSPosed-Bridge: 	at LSPHooker_.checkPermission(Unknown Source:25)

08-16 20:44:01.737  1565  1873 I LSPosed-Bridge: 	at com.android.server.am.ActivityManagerService.isGetTasksAllowed(ActivityManagerService.java:10902)

08-16 20:44:01.737  1565  1873 I LSPosed-Bridge: 	at com.android.server.am.ActivityManagerService.getRunningAppProcesses(ActivityManagerService.java:16139)

08-16 20:44:01.737  1565  1873 I LSPosed-Bridge: 	at android.app.IActivityManager$Stub.onTransact(IActivityManager.java:1088)

08-16 20:44:01.737  1565  1873 I LSPosed-Bridge: 	at com.android.server.am.ActivityManagerService.onTransact(ActivityManagerService.java:3346)

08-16 20:44:01.737  1565  1873 I LSPosed-Bridge: 	at android.os.Binder.execTransact(Binder.java:731)

08-16 20:44:01.781  6047  6474 I LSPosed-Bridge: 6047 PermLabel hookBinder_test 10131 interfaceBinder =android.hardware.display.IDisplayManager; arg0 = 1; arg1 = android.os.Parcel@1a79981; arg2 = android.os.Parcel@1f343c2; arg3 = 0; res = true; stacktrace=java.lang.Exception

08-16 20:44:01.781  6047  6474 I LSPosed-Bridge: 	at com.example.permlabel.hookBinder_test$1.afterHookedMethod(hookBinder_test.java:67)

08-16 20:44:01.781  6047  6474 I LSPosed-Bridge: 	at de.robv.android.xposed.XposedBridge$AdditionalHookInfo.callback(Unknown Source:147)

08-16 20:44:01.781  6047  6474 I LSPosed-Bridge: 	at LSPHooker_.transact(Unknown Source:28)

08-16 20:44:01.781  6047  6474 I LSPosed-Bridge: 	at android.hardware.display.IDisplayManager$Stub$Proxy.getDisplayInfo(IDisplayManager.java:404)

08-16 20:44:01.781  6047  6474 I LSPosed-Bridge: 	at android.hardware.display.DisplayManagerGlobal.getDisplayInfo(DisplayManagerGlobal.java:124)

08-16 20:44:01.781  6047  6474 I LSPosed-Bridge: 	at android.view.Display.updateDisplayInfoLocked(Display.java:1046)

08-16 20:44:01.781  6047  6474 I LSPosed-Bridge: 	at android.view.Display.getRealMetrics(Display.java:999)

08-16 20:44:01.781  6047  6474 I LSPosed-Bridge: 	at com.google.android.ads.z__.ad.a(Unknown Source:23)

08-16 20:44:01.781  6047  6474 I LSPosed-Bridge: 	at java.lang.reflect.Method.invoke(Native Method)

08-16 20:44:01.781  6047  6474 I LSPosed-Bridge: 	at com.google.android.ads.tasks.u.a(:com.google.android.gms.policy_ads_fdr_dynamite@232400001@232400000057.538171701.538171701:78)

08-16 20:44:01.781  6047  6474 I LSPosed-Bridge: 	at com.google.android.ads.tasks.ae.f(:com.google.android.gms.policy_ads_fdr_dynamite@232400001@232400000057.538171701.538171701:20)

08-16 20:44:01.781  6047  6474 I LSPosed-Bridge: 	at com.google.android.ads.tasks.ae.call(:com.google.android.gms.policy_ads_fdr_dynamite@232400001@232400000057.538171701.538171701:1)

08-16 20:44:01.781  6047  6474 I LSPosed-Bridge: 	at java.util.concurrent.FutureTask.run(FutureTask.java:266)

08-16 20:44:01.781  6047  6474 I LSPosed-Bridge: 	at java.util.concurrent.ThreadPoolExecutor.runWorker(ThreadPoolExecutor.java:1167)

08-16 20:44:01.781  6047  6474 I LSPosed-Bridge: 	at java.util.concurrent.ThreadPoolExecutor$Worker.run(ThreadPoolExecutor.java:641)

08-16 20:44:01.781  6047  6474 I LSPosed-Bridge: 	at java.lang.Thread.run(Thread.java:764)

08-16 20:44:01.781  1565  1873 I LSPosed-Bridge: 6047 PermLabel 10131 AMS.checkPermission: Binder.getCallingPid() = 6047; uid = 10131; Binder.getCallingUid() = 10131; getNameForUid: com.appli_ne.mirror; getPackagesForUid: [com.appli_ne.mirror]; permName: android.permission.GET_TASKS; type = 0; res = -1; stacktrace=java.lang.Exception

08-16 20:44:01.781  1565  1873 I LSPosed-Bridge: 	at com.example.permlabel.requirePerm$1$2.afterHookedMethod(requirePerm.java:136)

08-16 20:44:01.781  1565  1873 I LSPosed-Bridge: 	at de.robv.android.xposed.XposedBridge$AdditionalHookInfo.callback(Unknown Source:147)

08-16 20:44:01.781  1565  1873 I LSPosed-Bridge: 	at LSPHooker_.checkPermission(Unknown Source:25)

08-16 20:44:01.781  1565  1873 I LSPosed-Bridge: 	at com.android.server.am.ActivityManagerService.isGetTasksAllowed(ActivityManagerService.java:10902)

08-16 20:44:01.781  1565  1873 I LSPosed-Bridge: 	at com.android.server.am.ActivityManagerService.getRunningAppProcesses(ActivityManagerService.java:16139)

08-16 20:44:01.781  1565  1873 I LSPosed-Bridge: 	at android.app.IActivityManager$Stub.onTransact(IActivityManager.java:1088)

08-16 20:44:01.781  1565  1873 I LSPosed-Bridge: 	at com.android.server.am.ActivityManagerService.onTransact(ActivityManagerService.java:3346)

08-16 20:44:01.781  1565  1873 I LSPosed-Bridge: 	at android.os.Binder.execTransact(Binder.java:731)

08-16 20:44:05.287  1565 11349 I LSPosed-Bridge: 6047 PermLabel 10131 AMS.checkPermission: Binder.getCallingPid() = 6047; uid = 10131; Binder.getCallingUid() = 10131; getNameForUid: com.appli_ne.mirror; getPackagesForUid: [com.appli_ne.mirror]; permName: android.permission.GET_TASKS; type = 0; res = -1; stacktrace=java.lang.Exception

08-16 20:44:05.287  1565 11349 I LSPosed-Bridge: 	at com.example.permlabel.requirePerm$1$2.afterHookedMethod(requirePerm.java:136)

08-16 20:44:05.287  1565 11349 I LSPosed-Bridge: 	at de.robv.android.xposed.XposedBridge$AdditionalHookInfo.callback(Unknown Source:147)

08-16 20:44:05.287  1565 11349 I LSPosed-Bridge: 	at LSPHooker_.checkPermission(Unknown Source:25)

08-16 20:44:05.287  1565 11349 I LSPosed-Bridge: 	at com.android.server.am.ActivityManagerService.isGetTasksAllowed(ActivityManagerService.java:10902)

08-16 20:44:05.287  1565 11349 I LSPosed-Bridge: 	at com.android.server.am.ActivityManagerService.getRunningAppProcesses(ActivityManagerService.java:16139)

08-16 20:44:05.287  1565 11349 I LSPosed-Bridge: 	at android.app.IActivityManager$Stub.onTransact(IActivityManager.java:1088)

08-16 20:44:05.287  1565 11349 I LSPosed-Bridge: 	at com.android.server.am.ActivityManagerService.onTransact(ActivityManagerService.java:3346)

08-16 20:44:05.287  1565 11349 I LSPosed-Bridge: 	at android.os.Binder.execTransact(Binder.java:731)

08-16 20:44:05.359  6047  6466 I LSPosed-Bridge: 6047 PermLabel hookBinder_test 10131 interfaceBinder =android.content.pm.IPackageManager; arg0 = 45; arg1 = android.os.Parcel@6f3854e; arg2 = android.os.Parcel@1f098b1; arg3 = 0; res = true; stacktrace=java.lang.Exception

08-16 20:44:05.359  6047  6466 I LSPosed-Bridge: 	at com.example.permlabel.hookBinder_test$1.afterHookedMethod(hookBinder_test.java:67)

08-16 20:44:05.359  6047  6466 I LSPosed-Bridge: 	at de.robv.android.xposed.XposedBridge$AdditionalHookInfo.callback(Unknown Source:147)

08-16 20:44:05.359  6047  6466 I LSPosed-Bridge: 	at LSPHooker_.transact(Unknown Source:28)

08-16 20:44:05.359  6047  6466 I LSPosed-Bridge: 	at android.content.pm.IPackageManager$Stub$Proxy.queryIntentActivities(IPackageManager.java:3800)

08-16 20:44:05.359  6047  6466 I LSPosed-Bridge: 	at android.app.ApplicationPackageManager.queryIntentActivitiesAsUser(ApplicationPackageManager.java:961)

08-16 20:44:05.359  6047  6466 I LSPosed-Bridge: 	at android.app.ApplicationPackageManager.queryIntentActivities(ApplicationPackageManager.java:951)

08-16 20:44:05.359  6047  6466 I LSPosed-Bridge: 	at com.google.android.ads.z__.u.a(Unknown Source:28)

08-16 20:44:05.359  6047  6466 I LSPosed-Bridge: 	at java.lang.reflect.Method.invoke(Native Method)

08-16 20:44:05.359  6047  6466 I LSPosed-Bridge: 	at com.google.android.ads.tasks.n.a(:com.google.android.gms.policy_ads_fdr_dynamite@232400001@232400000057.538171701.538171701:14)

08-16 20:44:05.359  6047  6466 I LSPosed-Bridge: 	at com.google.android.ads.tasks.ae.f(:com.google.android.gms.policy_ads_fdr_dynamite@232400001@232400000057.538171701.538171701:20)

08-16 20:44:05.359  6047  6466 I LSPosed-Bridge: 	at com.google.android.ads.tasks.ae.call(:com.google.android.gms.policy_ads_fdr_dynamite@232400001@232400000057.538171701.538171701:1)

08-16 20:44:05.359  6047  6466 I LSPosed-Bridge: 	at java.util.concurrent.FutureTask.run(FutureTask.java:266)

08-16 20:44:05.359  6047  6466 I LSPosed-Bridge: 	at java.util.concurrent.ThreadPoolExecutor.runWorker(ThreadPoolExecutor.java:1167)

08-16 20:44:05.359  6047  6466 I LSPosed-Bridge: 	at java.util.concurrent.ThreadPoolExecutor$Worker.run(ThreadPoolExecutor.java:641)

08-16 20:44:05.359  6047  6466 I LSPosed-Bridge: 	at java.lang.Thread.run(Thread.java:764)

08-16 20:44:05.359  1565 10334 I LSPosed-Bridge: 6047 PermLabel 10131 AMS.checkPermission: Binder.getCallingPid() = 6047; uid = 10131; Binder.getCallingUid() = 10131; getNameForUid: com.appli_ne.mirror; getPackagesForUid: [com.appli_ne.mirror]; permName: android.permission.GET_TASKS; type = 0; res = -1; stacktrace=java.lang.Exception

08-16 20:44:05.359  1565 10334 I LSPosed-Bridge: 	at com.example.permlabel.requirePerm$1$2.afterHookedMethod(requirePerm.java:136)

08-16 20:44:05.359  1565 10334 I LSPosed-Bridge: 	at de.robv.android.xposed.XposedBridge$AdditionalHookInfo.callback(Unknown Source:147)

08-16 20:44:05.359  1565 10334 I LSPosed-Bridge: 	at LSPHooker_.checkPermission(Unknown Source:25)

08-16 20:44:05.359  1565 10334 I LSPosed-Bridge: 	at com.android.server.am.ActivityManagerService.isGetTasksAllowed(ActivityManagerService.java:10902)

08-16 20:44:05.359  1565 10334 I LSPosed-Bridge: 	at com.android.server.am.ActivityManagerService.getRunningAppProcesses(ActivityManagerService.java:16139)

08-16 20:44:05.359  1565 10334 I LSPosed-Bridge: 	at android.app.IActivityManager$Stub.onTransact(IActivityManager.java:1088)

08-16 20:44:05.359  1565 10334 I LSPosed-Bridge: 	at com.android.server.am.ActivityManagerService.onTransact(ActivityManagerService.java:3346)

08-16 20:44:05.359  1565 10334 I LSPosed-Bridge: 	at android.os.Binder.execTransact(Binder.java:731)

08-16 20:44:05.359  6047  6047 I LSPosed-Bridge: 6047 PermLabel hookBinder_test 10131 interfaceBinder =android.content.pm.IPackageManager; arg0 = 14; arg1 = android.os.Parcel@5c4f6fd; arg2 = android.os.Parcel@ccc6ff2; arg3 = 0; res = true; stacktrace=java.lang.Exception

08-16 20:44:05.359  6047  6047 I LSPosed-Bridge: 	at com.example.permlabel.hookBinder_test$1.afterHookedMethod(hookBinder_test.java:67)

08-16 20:44:05.359  6047  6047 I LSPosed-Bridge: 	at de.robv.android.xposed.XposedBridge$AdditionalHookInfo.callback(Unknown Source:147)

08-16 20:44:05.359  6047  6047 I LSPosed-Bridge: 	at LSPHooker_.transact(Unknown Source:28)

08-16 20:44:05.359  6047  6047 I LSPosed-Bridge: 	at android.content.pm.IPackageManager$Stub$Proxy.getActivityInfo(IPackageManager.java:3135)

08-16 20:44:05.359  6047  6047 I LSPosed-Bridge: 	at android.app.ApplicationPackageManager.getActivityInfo(ApplicationPackageManager.java:427)

08-16 20:44:05.359  6047  6047 I LSPosed-Bridge: 	at com.google.android.gms.ads.nonagon.util.appstats.c.b(:com.google.android.gms.policy_ads_fdr_dynamite@232400001@232400000057.538171701.538171701:159)

08-16 20:44:05.359  6047  6047 I LSPosed-Bridge: 	at com.google.android.gms.ads.nonagon.signals.aw.b(:com.google.android.gms.policy_ads_fdr_dynamite@232400001@232400000057.538171701.538171701:56)

08-16 20:44:05.359  6047  6047 I LSPosed-Bridge: 	at com.google.android.gms.ads.nonagon.signals.fq.a(:com.google.android.gms.policy_ads_fdr_dynamite@232400001@232400000057.538171701.538171701:108)

08-16 20:44:05.359  6047  6047 I LSPosed-Bridge: 	at com.google.android.gms.ads.nonagon.ad.common.ci.a(:com.google.android.gms.policy_ads_fdr_dynamite@232400001@232400000057.538171701.538171701:12)

08-16 20:44:05.359  6047  6047 I LSPosed-Bridge: 	at com.google.android.gms.ads.nonagon.ad.common.ci.b(:com.google.android.gms.policy_ads_fdr_dynamite@232400001@232400000057.538171701.538171701:1)

08-16 20:44:05.359  6047  6047 I LSPosed-Bridge: 	at com.google.android.gms.ads.nonagon.ad.common.ai.d(:com.google.android.gms.policy_ads_fdr_dynamite@232400001@232400000057.538171701.538171701:16)

08-16 20:44:05.359  6047  6047 I LSPosed-Bridge: 	at com.google.android.gms.ads.nonagon.ad.common.ai.b(:com.google.android.gms.policy_ads_fdr_dynamite@232400001@232400000057.538171701.538171701:1)

08-16 20:44:05.359  6047  6047 I LSPosed-Bridge: 	at com.google.android.gms.ads.nonagon.shim.ai.L(:com.google.android.gms.policy_ads_fdr_dynamite@232400001@232400000057.538171701.538171701:450)

08-16 20:44:05.359  6047  6047 I LSPosed-Bridge: 	at com.google.android.gms.ads.nonagon.shim.ai.n(:com.google.android.gms.policy_ads_fdr_dynamite@232400001@232400000057.538171701.538171701:8)

08-16 20:44:05.359  6047  6047 I LSPosed-Bridge: 	at com.google.android.gms.ads.nonagon.shim.ab.n(:com.google.android.gms.policy_ads_fdr_dynamite@232400001@232400000057.538171701.538171701:3)

08-16 20:44:05.359  6047  6047 I LSPosed-Bridge: 	at com.google.android.gms.ads.internal.client.bf.bN(:com.google.android.gms.policy_ads_fdr_dynamite@232400001@232400000057.538171701.538171701:118)

08-16 20:44:05.359  6047  6047 I LSPosed-Bridge: 	at agd.onTransact(:com.google.android.gms.policy_ads_fdr_dynamite@232400001@232400000057.538171701.538171701:21)

08-16 20:44:05.359  6047  6047 I LSPosed-Bridge: 	at android.os.Binder.transact(Binder.java:667)

08-16 20:44:05.359  6047  6047 I LSPosed-Bridge: 	at com.google.android.gms.internal.ads.vd.T(Unknown Source:7)

08-16 20:44:05.359  6047  6047 I LSPosed-Bridge: 	at u2.i0.p2(Unknown Source:12)

08-16 20:44:05.359  6047  6047 I LSPosed-Bridge: 	at com.google.android.gms.internal.ads.nr.f(Unknown Source:20)

08-16 20:44:05.359  6047  6047 I LSPosed-Bridge: 	at x2.a.b(SourceFile:71)

08-16 20:44:05.359  6047  6047 I LSPosed-Bridge: 	at com.appli_ne.mirror.MainActivity.y(Unknown Source:305)

08-16 20:44:05.359  6047  6047 I LSPosed-Bridge: 	at com.appli_ne.mirror.MainActivity.u(SourceFile:45)

08-16 20:44:05.359  6047  6047 I LSPosed-Bridge: 	at com.appli_ne.mirror.MainActivity.E(Unknown Source:1)

08-16 20:44:05.359  6047  6047 I LSPosed-Bridge: 	at j2.e1.onCheckedChanged(SourceFile:78)

08-16 20:44:05.359  6047  6047 I LSPosed-Bridge: 	at android.widget.CompoundButton.setChecked(CompoundButton.java:171)

08-16 20:44:05.359  6047  6047 I LSPosed-Bridge: 	at android.widget.ToggleButton.setChecked(ToggleButton.java:71)

08-16 20:44:05.359  6047  6047 I LSPosed-Bridge: 	at android.widget.CompoundButton.toggle(CompoundButton.java:127)

08-16 20:44:05.359  6047  6047 I LSPosed-Bridge: 	at android.widget.CompoundButton.performClick(CompoundButton.java:132)

08-16 20:44:05.359  6047  6047 I LSPosed-Bridge: 	at android.view.View.performClickInternal(View.java:6574)

08-16 20:44:05.359  6047  6047 I LSPosed-Bridge: 	at android.view.View.access$3100(View.java:778)

08-16 20:44:05.359  6047  6047 I LSPosed-Bridge: 	at android.view.View$PerformClick.run(View.java:25889)

08-16 20:44:05.359  6047  6047 I LSPosed-Bridge: 	at android.os.Handler.handleCallback(Handler.java:873)

08-16 20:44:05.359  6047  6047 I LSPosed-Bridge: 	at android.os.Handler.dispatchMessage(Handler.java:99)

08-16 20:44:05.359  6047  6047 I LSPosed-Bridge: 	at android.os.Looper.loop(Looper.java:193)

08-16 20:44:05.359  6047  6047 I LSPosed-Bridge: 	at android.app.ActivityThread.main(ActivityThread.java:6692)

08-16 20:44:05.359  6047  6047 I LSPosed-Bridge: 	at java.lang.reflect.Method.invoke(Native Method)

08-16 20:44:05.359  6047  6047 I LSPosed-Bridge: 	at com.android.internal.os.RuntimeInit$MethodAndArgsCaller.run(RuntimeInit.java:493)

08-16 20:44:05.359  6047  6047 I LSPosed-Bridge: 	at com.android.internal.os.ZygoteInit.main(ZygoteInit.java:858)

08-16 20:44:08.996  1565 11349 I LSPosed-Bridge: 6047 PermLabel 10131 AMS.checkPermission: Binder.getCallingPid() = 6047; uid = 10131; Binder.getCallingUid() = 10131; getNameForUid: com.appli_ne.mirror; getPackagesForUid: [com.appli_ne.mirror]; permName: android.permission.GET_TASKS; type = 0; res = -1; stacktrace=java.lang.Exception

08-16 20:44:08.996  1565 11349 I LSPosed-Bridge: 	at com.example.permlabel.requirePerm$1$2.afterHookedMethod(requirePerm.java:136)

08-16 20:44:08.996  1565 11349 I LSPosed-Bridge: 	at de.robv.android.xposed.XposedBridge$AdditionalHookInfo.callback(Unknown Source:147)

08-16 20:44:08.996  1565 11349 I LSPosed-Bridge: 	at LSPHooker_.checkPermission(Unknown Source:25)

08-16 20:44:08.996  1565 11349 I LSPosed-Bridge: 	at com.android.server.am.ActivityManagerService.isGetTasksAllowed(ActivityManagerService.java:10902)

08-16 20:44:08.996  1565 11349 I LSPosed-Bridge: 	at com.android.server.am.ActivityManagerService.getRunningAppProcesses(ActivityManagerService.java:16139)

08-16 20:44:08.996  1565 11349 I LSPosed-Bridge: 	at android.app.IActivityManager$Stub.onTransact(IActivityManager.java:1088)

08-16 20:44:08.996  1565 11349 I LSPosed-Bridge: 	at com.android.server.am.ActivityManagerService.onTransact(ActivityManagerService.java:3346)

08-16 20:44:08.996  1565 11349 I LSPosed-Bridge: 	at android.os.Binder.execTransact(Binder.java:731)

08-16 20:44:08.996  6047  6467 I LSPosed-Bridge: 6047 PermLabel hookBinder_test 10131 interfaceBinder =android.hardware.display.IDisplayManager; arg0 = 1; arg1 = android.os.Parcel@945e3a5; arg2 = android.os.Parcel@4bc637a; arg3 = 0; res = true; stacktrace=java.lang.Exception

08-16 20:44:08.996  6047  6467 I LSPosed-Bridge: 	at com.example.permlabel.hookBinder_test$1.afterHookedMethod(hookBinder_test.java:67)

08-16 20:44:08.996  6047  6467 I LSPosed-Bridge: 	at de.robv.android.xposed.XposedBridge$AdditionalHookInfo.callback(Unknown Source:147)

08-16 20:44:08.996  6047  6467 I LSPosed-Bridge: 	at LSPHooker_.transact(Unknown Source:28)

08-16 20:44:08.996  6047  6467 I LSPosed-Bridge: 	at android.hardware.display.IDisplayManager$Stub$Proxy.getDisplayInfo(IDisplayManager.java:404)

08-16 20:44:08.996  6047  6467 I LSPosed-Bridge: 	at android.hardware.display.DisplayManagerGlobal.getDisplayInfo(DisplayManagerGlobal.java:124)

08-16 20:44:08.996  6047  6467 I LSPosed-Bridge: 	at android.hardware.display.DisplayManagerGlobal.getCompatibleDisplay(DisplayManagerGlobal.java:199)

08-16 20:44:08.996  6047  6467 I LSPosed-Bridge: 	at android.app.ResourcesManager.getAdjustedDisplay(ResourcesManager.java:293)

08-16 20:44:08.996  6047  6467 I LSPosed-Bridge: 	at android.app.ContextImpl.getDisplay(ContextImpl.java:2223)

08-16 20:44:08.996  6047  6467 I LSPosed-Bridge: 	at android.view.WindowManagerImpl.getDefaultDisplay(WindowManagerImpl.java:149)

08-16 20:44:08.996  6047  6467 I LSPosed-Bridge: 	at com.google.android.ads.z__.ad.a(Unknown Source:19)

08-16 20:44:08.996  6047  6467 I LSPosed-Bridge: 	at java.lang.reflect.Method.invoke(Native Method)

08-16 20:44:08.996  6047  6467 I LSPosed-Bridge: 	at com.google.android.ads.tasks.u.a(:com.google.android.gms.policy_ads_fdr_dynamite@232400001@232400000057.538171701.538171701:78)

08-16 20:44:08.996  6047  6467 I LSPosed-Bridge: 	at com.google.android.ads.tasks.ae.f(:com.google.android.gms.policy_ads_fdr_dynamite@232400001@232400000057.538171701.538171701:20)

08-16 20:44:08.996  6047  6467 I LSPosed-Bridge: 	at com.google.android.ads.tasks.ae.call(:com.google.android.gms.policy_ads_fdr_dynamite@232400001@232400000057.538171701.538171701:1)

08-16 20:44:08.996  6047  6467 I LSPosed-Bridge: 	at java.util.concurrent.FutureTask.run(FutureTask.java:266)

08-16 20:44:08.996  6047  6467 I LSPosed-Bridge: 	at java.util.concurrent.ThreadPoolExecutor.runWorker(ThreadPoolExecutor.java:1167)

08-16 20:44:08.996  6047  6467 I LSPosed-Bridge: 	at java.util.concurrent.ThreadPoolExecutor$Worker.run(ThreadPoolExecutor.java:641)

08-16 20:44:08.996  6047  6467 I LSPosed-Bridge: 	at java.lang.Thread.run(Thread.java:764)

08-16 20:44:09.056   552   552 I ConfigStore: android::hardware::configstore::V1_0::ISurfaceFlingerConfigs::hasHDRDisplay retrieved: 0

08-16 20:44:09.056  1565  4744 I LSPosed-Bridge: 6047 PermLabel 10131 AMS.checkPermission: Binder.getCallingPid() = 6047; uid = 10131; Binder.getCallingUid() = 10131; getNameForUid: com.appli_ne.mirror; getPackagesForUid: [com.appli_ne.mirror]; permName: android.permission.GET_TASKS; type = 0; res = -1; stacktrace=java.lang.Exception

08-16 20:44:09.056  1565  4744 I LSPosed-Bridge: 	at com.example.permlabel.requirePerm$1$2.afterHookedMethod(requirePerm.java:136)

08-16 20:44:09.056  1565  4744 I LSPosed-Bridge: 	at de.robv.android.xposed.XposedBridge$AdditionalHookInfo.callback(Unknown Source:147)

08-16 20:44:09.056  1565  4744 I LSPosed-Bridge: 	at LSPHooker_.checkPermission(Unknown Source:25)

08-16 20:44:09.056  1565  4744 I LSPosed-Bridge: 	at com.android.server.am.ActivityManagerService.isGetTasksAllowed(ActivityManagerService.java:10902)

08-16 20:44:09.056  1565  4744 I LSPosed-Bridge: 	at com.android.server.am.ActivityManagerService.getRunningAppProcesses(ActivityManagerService.java:16139)

08-16 20:44:09.056  1565  4744 I LSPosed-Bridge: 	at android.app.IActivityManager$Stub.onTransact(IActivityManager.java:1088)

08-16 20:44:09.056  1565  4744 I LSPosed-Bridge: 	at com.android.server.am.ActivityManagerService.onTransact(ActivityManagerService.java:3346)

08-16 20:44:09.056  1565  4744 I LSPosed-Bridge: 	at android.os.Binder.execTransact(Binder.java:731)

08-16 20:44:12.505  1565  7025 I LSPosed-Bridge: 6047 PermLabel 10131 AMS.checkPermission: Binder.getCallingPid() = 6047; uid = 10131; Binder.getCallingUid() = 10131; getNameForUid: com.appli_ne.mirror; getPackagesForUid: [com.appli_ne.mirror]; permName: android.permission.GET_TASKS; type = 0; res = -1; stacktrace=java.lang.Exception

08-16 20:44:12.505  1565  7025 I LSPosed-Bridge: 	at com.example.permlabel.requirePerm$1$2.afterHookedMethod(requirePerm.java:136)

08-16 20:44:12.505  1565  7025 I LSPosed-Bridge: 	at de.robv.android.xposed.XposedBridge$AdditionalHookInfo.callback(Unknown Source:147)

08-16 20:44:12.505  1565  7025 I LSPosed-Bridge: 	at LSPHooker_.checkPermission(Unknown Source:25)

08-16 20:44:12.505  1565  7025 I LSPosed-Bridge: 	at com.android.server.am.ActivityManagerService.isGetTasksAllowed(ActivityManagerService.java:10902)

08-16 20:44:12.505  1565  7025 I LSPosed-Bridge: 	at com.android.server.am.ActivityManagerService.getRunningAppProcesses(ActivityManagerService.java:16139)

08-16 20:44:12.505  1565  7025 I LSPosed-Bridge: 	at android.app.IActivityManager$Stub.onTransact(IActivityManager.java:1088)

08-16 20:44:12.505  1565  7025 I LSPosed-Bridge: 	at com.android.server.am.ActivityManagerService.onTransact(ActivityManagerService.java:3346)

08-16 20:44:12.505  1565  7025 I LSPosed-Bridge: 	at android.os.Binder.execTransact(Binder.java:731)

08-16 20:44:12.505  6047  9622 I LSPosed-Bridge: 6047 PermLabel hookBinder_test 10131 interfaceBinder =android.app.IActivityManager; arg0 = 9; arg1 = android.os.Parcel@f12aa83; arg2 = android.os.Parcel@4062d32; arg3 = 0; res = true; stacktrace=java.lang.Exception

08-16 20:44:12.505  6047  9622 I LSPosed-Bridge: 	at com.example.permlabel.hookBinder_test$1.afterHookedMethod(hookBinder_test.java:67)

08-16 20:44:12.505  6047  9622 I LSPosed-Bridge: 	at de.robv.android.xposed.XposedBridge$AdditionalHookInfo.callback(Unknown Source:147)

08-16 20:44:12.505  6047  9622 I LSPosed-Bridge: 	at LSPHooker_.transact(Unknown Source:28)

08-16 20:44:12.505  6047  9622 I LSPosed-Bridge: 	at android.app.IActivityManager$Stub$Proxy.registerReceiver(IActivityManager.java:3825)

08-16 20:44:12.505  6047  9622 I LSPosed-Bridge: 	at android.app.ContextImpl.registerReceiverInternal(ContextImpl.java:1488)

08-16 20:44:12.505  6047  9622 I LSPosed-Bridge: 	at android.app.ContextImpl.registerReceiver(ContextImpl.java:1449)

08-16 20:44:12.505  6047  9622 I LSPosed-Bridge: 	at android.app.ContextImpl.registerReceiver(ContextImpl.java:1437)

08-16 20:44:12.505  6047  9622 I LSPosed-Bridge: 	at android.content.ContextWrapper.registerReceiver(ContextWrapper.java:623)

08-16 20:44:12.505  6047  9622 I LSPosed-Bridge: 	at com.google.android.ads.z__.am.a(Unknown Source:8)

08-16 20:44:12.505  6047  9622 I LSPosed-Bridge: 	at java.lang.reflect.Method.invoke(Native Method)

08-16 20:44:12.505  6047  9622 I LSPosed-Bridge: 	at com.google.android.ads.tasks.aa.a(:com.google.android.gms.policy_ads_fdr_dynamite@232400001@232400000057.538171701.538171701:42)

08-16 20:44:12.505  6047  9622 I LSPosed-Bridge: 	at com.google.android.ads.tasks.ae.f(:com.google.android.gms.policy_ads_fdr_dynamite@232400001@232400000057.538171701.538171701:20)

08-16 20:44:12.505  6047  9622 I LSPosed-Bridge: 	at com.google.android.ads.tasks.ae.call(:com.google.android.gms.policy_ads_fdr_dynamite@232400001@232400000057.538171701.538171701:1)

08-16 20:44:12.505  6047  9622 I LSPosed-Bridge: 	at java.util.concurrent.FutureTask.run(FutureTask.java:266)

08-16 20:44:12.505  6047  9622 I LSPosed-Bridge: 	at java.util.concurrent.ThreadPoolExecutor.runWorker(ThreadPoolExecutor.java:1167)

08-16 20:44:12.505  6047  9622 I LSPosed-Bridge: 	at java.util.concurrent.ThreadPoolExecutor$Worker.run(ThreadPoolExecutor.java:641)

08-16 20:44:12.505  6047  9622 I LSPosed-Bridge: 	at java.lang.Thread.run(Thread.java:764)

08-16 20:44:12.555  6047 23051 I LSPosed-Bridge: 6047 PermLabel hookBinder_test 10131 interfaceBinder =android.net.IConnectivityManager; arg0 = 3; arg1 = android.os.Parcel@9fcd439; arg2 = android.os.Parcel@f3c1236; arg3 = 0; res = true; stacktrace=java.lang.Exception

08-16 20:44:12.555  6047 23051 I LSPosed-Bridge: 	at com.example.permlabel.hookBinder_test$1.afterHookedMethod(hookBinder_test.java:67)

08-16 20:44:12.555  6047 23051 I LSPosed-Bridge: 	at de.robv.android.xposed.XposedBridge$AdditionalHookInfo.callback(Unknown Source:147)

08-16 20:44:12.555  6047 23051 I LSPosed-Bridge: 	at LSPHooker_.transact(Unknown Source:28)

08-16 20:44:12.555  6047 23051 I LSPosed-Bridge: 	at android.net.IConnectivityManager$Stub$Proxy.getActiveNetworkInfo(IConnectivityManager.java:1206)

08-16 20:44:12.555  6047 23051 I LSPosed-Bridge: 	at android.net.ConnectivityManager.getActiveNetworkInfo(ConnectivityManager.java:890)

08-16 20:44:12.555  6047 23051 I LSPosed-Bridge: 	at com.google.android.gms.ads.nonagon.signals.fx.call(:com.google.android.gms.policy_ads_fdr_dynamite@232400001@232400000057.538171701.538171701:45)

08-16 20:44:12.555  6047 23051 I LSPosed-Bridge: 	at btb.a(:com.google.android.gms.policy_ads_fdr_dynamite@232400001@232400000057.538171701.538171701:3)

08-16 20:44:12.555  6047 23051 I LSPosed-Bridge: 	at bsj.run(:com.google.android.gms.policy_ads_fdr_dynamite@232400001@232400000057.538171701.538171701:21)

08-16 20:44:12.555  6047 23051 I LSPosed-Bridge: 	at btc.run(:com.google.android.gms.policy_ads_fdr_dynamite@232400001@232400000057.538171701.538171701:5)

08-16 20:44:12.555  6047 23051 I LSPosed-Bridge: 	at java.util.concurrent.ThreadPoolExecutor.runWorker(ThreadPoolExecutor.java:1167)

08-16 20:44:12.555  6047 23051 I LSPosed-Bridge: 	at java.util.concurrent.ThreadPoolExecutor$Worker.run(ThreadPoolExecutor.java:641)

08-16 20:44:12.555  6047 23051 I LSPosed-Bridge: 	at java.lang.Thread.run(Thread.java:764)

08-16 20:44:12.555  6047  6047 I LSPosed-Bridge: 6047 PermLabel hookBinder_test 10131 interfaceBinder =android.content.pm.IPackageManager; arg0 = 9; arg1 = android.os.Parcel@1737f87; arg2 = android.os.Parcel@fa8e3c6; arg3 = 0; res = true; stacktrace=java.lang.Exception

08-16 20:44:12.555  6047  6047 I LSPosed-Bridge: 	at com.example.permlabel.hookBinder_test$1.afterHookedMethod(hookBinder_test.java:67)

08-16 20:44:12.555  6047  6047 I LSPosed-Bridge: 	at de.robv.android.xposed.XposedBridge$AdditionalHookInfo.callback(Unknown Source:147)

08-16 20:44:12.555  6047  6047 I LSPosed-Bridge: 	at LSPHooker_.transact(Unknown Source:28)

08-16 20:44:12.555  6047  6047 I LSPosed-Bridge: 	at android.content.pm.IPackageManager$Stub$Proxy.getPermissionInfo(IPackageManager.java:3008)

08-16 20:44:12.555  6047  6047 I LSPosed-Bridge: 	at android.app.ApplicationPackageManager.getPermissionInfo(ApplicationPackageManager.java:306)

08-16 20:44:12.555  6047  6047 I LSPosed-Bridge: 	at com.example.permlabel.requestPerm$2.afterHookedMethod(requestPerm.java:188)

08-16 20:44:12.555  6047  6047 I LSPosed-Bridge: 	at de.robv.android.xposed.XposedBridge$AdditionalHookInfo.callback(Unknown Source:147)

08-16 20:44:12.555  6047  6047 I LSPosed-Bridge: 	at LSPHooker_.checkPermission(Unknown Source:25)

08-16 20:44:12.555  6047  6047 I LSPosed-Bridge: 	at android.content.ContextWrapper.checkPermission(ContextWrapper.java:738)

08-16 20:44:12.555  6047  6047 I LSPosed-Bridge: 	at com.google.android.gms.ads.nonagon.signals.a.b(:com.google.android.gms.policy_ads_fdr_dynamite@232400001@232400000057.538171701.538171701:62)

08-16 20:44:12.555  6047  6047 I LSPosed-Bridge: 	at com.google.android.gms.ads.nonagon.signals.fq.a(:com.google.android.gms.policy_ads_fdr_dynamite@232400001@232400000057.538171701.538171701:108)

08-16 20:44:12.555  6047  6047 I LSPosed-Bridge: 	at com.google.android.gms.ads.nonagon.ad.common.ci.a(:com.google.android.gms.policy_ads_fdr_dynamite@232400001@232400000057.538171701.538171701:12)

08-16 20:44:12.555  6047  6047 I LSPosed-Bridge: 	at com.google.android.gms.ads.nonagon.ad.common.ci.b(:com.google.android.gms.policy_ads_fdr_dynamite@232400001@232400000057.538171701.538171701:1)

08-16 20:44:12.555  6047  6047 I LSPosed-Bridge: 	at com.google.android.gms.ads.nonagon.ad.common.ai.d(:com.google.android.gms.policy_ads_fdr_dynamite@232400001@232400000057.538171701.538171701:16)

08-16 20:44:12.555  6047  6047 I LSPosed-Bridge: 	at com.google.android.gms.ads.nonagon.ad.common.ai.b(:com.google.android.gms.policy_ads_fdr_dynamite@232400001@232400000057.538171701.538171701:1)

08-16 20:44:12.555  6047  6047 I LSPosed-Bridge: 	at com.google.android.gms.ads.nonagon.shim.ai.L(:com.google.android.gms.policy_ads_fdr_dynamite@232400001@232400000057.538171701.538171701:450)

08-16 20:44:12.555  6047  6047 I LSPosed-Bridge: 	at com.google.android.gms.ads.nonagon.shim.ai.n(:com.google.android.gms.policy_ads_fdr_dynamite@232400001@232400000057.538171701.538171701:8)

08-16 20:44:12.555  6047  6047 I LSPosed-Bridge: 	at com.google.android.gms.ads.nonagon.shim.ab.n(:com.google.android.gms.policy_ads_fdr_dynamite@232400001@232400000057.538171701.538171701:3)

08-16 20:44:12.555  6047  6047 I LSPosed-Bridge: 	at com.google.android.gms.ads.internal.client.bf.bN(:com.google.android.gms.policy_ads_fdr_dynamite@232400001@232400000057.538171701.538171701:118)

08-16 20:44:12.555  6047  6047 I LSPosed-Bridge: 	at agd.onTransact(:com.google.android.gms.policy_ads_fdr_dynamite@232400001@232400000057.538171701.538171701:21)

08-16 20:44:12.555  6047  6047 I LSPosed-Bridge: 	at android.os.Binder.transact(Binder.java:667)

08-16 20:44:12.555  6047  6047 I LSPosed-Bridge: 	at com.google.android.gms.internal.ads.vd.T(Unknown Source:7)

08-16 20:44:12.555  6047  6047 I LSPosed-Bridge: 	at u2.i0.p2(Unknown Source:12)

08-16 20:44:12.555  6047  6047 I LSPosed-Bridge: 	at com.google.android.gms.internal.ads.nr.f(Unknown Source:20)

08-16 20:44:12.555  6047  6047 I LSPosed-Bridge: 	at x2.a.b(SourceFile:71)

08-16 20:44:12.555  6047  6047 I LSPosed-Bridge: 	at com.appli_ne.mirror.MainActivity.y(Unknown Source:305)

08-16 20:44:12.555  6047  6047 I LSPosed-Bridge: 	at com.appli_ne.mirror.MainActivity.u(SourceFile:45)

08-16 20:44:12.555  6047  6047 I LSPosed-Bridge: 	at com.appli_ne.mirror.MainActivity.E(Unknown Source:1)

08-16 20:44:12.555  6047  6047 I LSPosed-Bridge: 	at com.appli_ne.mirror.d$m.onCheckedChanged(SourceFile:104)

08-16 20:44:12.555  6047  6047 I LSPosed-Bridge: 	at android.widget.CompoundButton.setChecked(CompoundButton.java:171)

08-16 20:44:12.555  6047  6047 I LSPosed-Bridge: 	at android.widget.ToggleButton.setChecked(ToggleButton.java:71)

08-16 20:44:12.555  6047  6047 I LSPosed-Bridge: 	at android.widget.CompoundButton.toggle(CompoundButton.java:127)

08-16 20:44:12.555  6047  6047 I LSPosed-Bridge: 	at android.widget.CompoundButton.performClick(CompoundButton.java:132)

08-16 20:44:12.555  6047  6047 I LSPosed-Bridge: 	at android.view.View.performClickInternal(View.java:6574)

08-16 20:44:12.555  6047  6047 I LSPosed-Bridge: 	at android.view.View.access$3100(View.java:778)

08-16 20:44:12.555  6047  6047 I LSPosed-Bridge: 	at android.view.View$PerformClick.run(View.java:25889)

08-16 20:44:12.555  6047  6047 I LSPosed-Bridge: 	at android.os.Handler.handleCallback(Handler.java:873)

08-16 20:44:12.555  6047  6047 I LSPosed-Bridge: 	at android.os.Handler.dispatchMessage(Handler.java:99)

08-16 20:44:12.555  6047  6047 I LSPosed-Bridge: 	at android.os.Looper.loop(Looper.java:193)

08-16 20:44:12.555  6047  6047 I LSPosed-Bridge: 	at android.app.ActivityThread.main(ActivityThread.java:6692)

08-16 20:44:12.555  6047  6047 I LSPosed-Bridge: 	at java.lang.reflect.Method.invoke(Native Method)

08-16 20:44:12.555  6047  6047 I LSPosed-Bridge: 	at com.android.internal.os.RuntimeInit$MethodAndArgsCaller.run(RuntimeInit.java:493)

08-16 20:44:12.555  6047  6047 I LSPosed-Bridge: 	at com.android.internal.os.ZygoteInit.main(ZygoteInit.java:858)

08-16 20:44:12.555  6047  6882 I LSPosed-Bridge: 6047 PermLabel hookBinder_test 10131 interfaceBinder =android.media.IAudioService; arg0 = 12; arg1 = android.os.Parcel@4277daa; arg2 = android.os.Parcel@8967d9b; arg3 = 0; res = true; stacktrace=java.lang.Exception

08-16 20:44:12.555  6047  6882 I LSPosed-Bridge: 	at com.example.permlabel.hookBinder_test$1.afterHookedMethod(hookBinder_test.java:67)

08-16 20:44:12.555  6047  6882 I LSPosed-Bridge: 	at de.robv.android.xposed.XposedBridge$AdditionalHookInfo.callback(Unknown Source:147)

08-16 20:44:12.555  6047  6882 I LSPosed-Bridge: 	at LSPHooker_.transact(Unknown Source:28)

08-16 20:44:12.555  6047  6882 I LSPosed-Bridge: 	at android.media.IAudioService$Stub$Proxy.getStreamVolume(IAudioService.java:1211)

08-16 20:44:12.555  6047  6882 I LSPosed-Bridge: 	at android.media.AudioManager.getStreamVolume(AudioManager.java:981)

08-16 20:44:12.555  6047  6882 I LSPosed-Bridge: 	at com.applovin.impl.sdk.q.A(Unknown Source:25)

08-16 20:44:12.555  6047  6882 I LSPosed-Bridge: 	at com.applovin.impl.sdk.q.a(Unknown Source:0)

08-16 20:44:12.555  6047  6882 I LSPosed-Bridge: 	at com.applovin.impl.sdk.q$4.run(Unknown Source:8)

08-16 20:44:12.555  6047  6882 I LSPosed-Bridge: 	at com.applovin.impl.sdk.e.z.run(Unknown Source:2)

08-16 20:44:12.555  6047  6882 I LSPosed-Bridge: 	at java.util.concurrent.Executors$RunnableAdapter.call(Executors.java:458)

08-16 20:44:12.555  6047  6882 I LSPosed-Bridge: 	at java.util.concurrent.FutureTask.run(FutureTask.java:266)

08-16 20:44:12.555  6047  6882 I LSPosed-Bridge: 	at java.util.concurrent.ScheduledThreadPoolExecutor$ScheduledFutureTask.run(ScheduledThreadPoolExecutor.java:301)

08-16 20:44:12.555  6047  6882 I LSPosed-Bridge: 	at java.util.concurrent.ThreadPoolExecutor.runWorker(ThreadPoolExecutor.java:1167)

08-16 20:44:12.555  6047  6882 I LSPosed-Bridge: 	at java.util.concurrent.ThreadPoolExecutor$Worker.run(ThreadPoolExecutor.java:641)

08-16 20:44:12.555  6047  6882 I LSPosed-Bridge: 	at java.lang.Thread.run(Thread.java:764)

08-16 20:44:12.555  6047 23055 I LSPosed-Bridge: 6047 PermLabel hookBinder_test 10131 interfaceBinder =android.media.IAudioService; arg0 = 26; arg1 = android.os.Parcel@43f7652; arg2 = android.os.Parcel@257ca76; arg3 = 0; res = true; stacktrace=java.lang.Exception

08-16 20:44:12.555  6047 23055 I LSPosed-Bridge: 	at com.example.permlabel.hookBinder_test$1.afterHookedMethod(hookBinder_test.java:67)

08-16 20:44:12.555  6047 23055 I LSPosed-Bridge: 	at de.robv.android.xposed.XposedBridge$AdditionalHookInfo.callback(Unknown Source:147)

08-16 20:44:12.555  6047 23055 I LSPosed-Bridge: 	at LSPHooker_.transact(Unknown Source:28)

08-16 20:44:12.555  6047 23055 I LSPosed-Bridge: 	at android.media.IAudioService$Stub$Proxy.getMode(IAudioService.java:1452)

08-16 20:44:12.555  6047 23055 I LSPosed-Bridge: 	at android.media.AudioManager.getMode(AudioManager.java:1741)

08-16 20:44:12.555  6047 23055 I LSPosed-Bridge: 	at com.google.android.gms.ads.nonagon.signals.bc.call(:com.google.android.gms.policy_ads_fdr_dynamite@232400001@232400000057.538171701.538171701:13)

08-16 20:44:12.555  6047 23055 I LSPosed-Bridge: 	at btb.a(:com.google.android.gms.policy_ads_fdr_dynamite@232400001@232400000057.538171701.538171701:3)

08-16 20:44:12.555  6047 23055 I LSPosed-Bridge: 	at bsj.run(:com.google.android.gms.policy_ads_fdr_dynamite@232400001@232400000057.538171701.538171701:21)

08-16 20:44:12.555  6047 23055 I LSPosed-Bridge: 	at btc.run(:com.google.android.gms.policy_ads_fdr_dynamite@232400001@232400000057.538171701.538171701:5)

08-16 20:44:12.555  6047 23055 I LSPosed-Bridge: 	at java.util.concurrent.ThreadPoolExecutor.runWorker(ThreadPoolExecutor.java:1167)

08-16 20:44:12.555  6047 23055 I LSPosed-Bridge: 	at java.util.concurrent.ThreadPoolExecutor$Worker.run(ThreadPoolExecutor.java:641)

08-16 20:44:12.555  6047 23055 I LSPosed-Bridge: 	at java.lang.Thread.run(Thread.java:764)

08-16 20:44:12.555  1565  1584 I LSPosed-Bridge: 6047 PermLabel 10131 AMS.checkPermission: Binder.getCallingPid() = 6047; uid = 10131; Binder.getCallingUid() = 10131; getNameForUid: com.appli_ne.mirror; getPackagesForUid: [com.appli_ne.mirror]; permName: android.permission.GET_TASKS; type = 0; res = -1; stacktrace=java.lang.Exception

08-16 20:44:12.555  1565  1584 I LSPosed-Bridge: 	at com.example.permlabel.requirePerm$1$2.afterHookedMethod(requirePerm.java:136)

08-16 20:44:12.555  1565  1584 I LSPosed-Bridge: 	at de.robv.android.xposed.XposedBridge$AdditionalHookInfo.callback(Unknown Source:147)

08-16 20:44:12.555  1565  1584 I LSPosed-Bridge: 	at LSPHooker_.checkPermission(Unknown Source:25)

08-16 20:44:12.555  1565  1584 I LSPosed-Bridge: 	at com.android.server.am.ActivityManagerService.isGetTasksAllowed(ActivityManagerService.java:10902)

08-16 20:44:12.555  1565  1584 I LSPosed-Bridge: 	at com.android.server.am.ActivityManagerService.getRunningAppProcesses(ActivityManagerService.java:16139)

08-16 20:44:12.555  1565  1584 I LSPosed-Bridge: 	at android.app.IActivityManager$Stub.onTransact(IActivityManager.java:1088)

08-16 20:44:12.555  1565  1584 I LSPosed-Bridge: 	at com.android.server.am.ActivityManagerService.onTransact(ActivityManagerService.java:3346)

08-16 20:44:12.555  1565  1584 I LSPosed-Bridge: 	at android.os.Binder.execTransact(Binder.java:731)

08-16 20:44:12.555  1565  7025 I LSPosed-Bridge: 6047 PermLabel 10131 AMS.checkPermission: Binder.getCallingPid() = 6047; uid = 10131; Binder.getCallingUid() = 10131; getNameForUid: com.appli_ne.mirror; getPackagesForUid: [com.appli_ne.mirror]; permName: android.permission.ACCESS_NETWORK_STATE; type = 0; res = 0; stacktrace=java.lang.Exception

08-16 20:44:12.555  1565  7025 I LSPosed-Bridge: 	at com.example.permlabel.requirePerm$1$2.afterHookedMethod(requirePerm.java:136)

08-16 20:44:12.555  1565  7025 I LSPosed-Bridge: 	at de.robv.android.xposed.XposedBridge$AdditionalHookInfo.callback(Unknown Source:147)

08-16 20:44:12.555  1565  7025 I LSPosed-Bridge: 	at LSPHooker_.checkPermission(Unknown Source:25)

08-16 20:44:12.555  1565  7025 I LSPosed-Bridge: 	at android.app.ContextImpl.checkPermission(ContextImpl.java:1751)

08-16 20:44:12.555  1565  7025 I LSPosed-Bridge: 	at android.app.ContextImpl.checkCallingOrSelfPermission(ContextImpl.java:1791)

08-16 20:44:12.555  1565  7025 I LSPosed-Bridge: 	at android.app.ContextImpl.enforceCallingOrSelfPermission(ContextImpl.java:1841)

08-16 20:44:12.555  1565  7025 I LSPosed-Bridge: 	at com.android.server.ConnectivityService.enforceAccessPermission(ConnectivityService.java:1672)

08-16 20:44:12.555  1565  7025 I LSPosed-Bridge: 	at com.android.server.ConnectivityService.isActiveNetworkMetered(ConnectivityService.java:1482)

08-16 20:44:12.555  1565  7025 I LSPosed-Bridge: 	at android.net.IConnectivityManager$Stub.onTransact(IConnectivityManager.java:304)

08-16 20:44:12.555  1565  7025 I LSPosed-Bridge: 	at android.os.Binder.execTransact(Binder.java:731)

08-16 20:44:12.555  6047  6047 I LSPosed-Bridge: 6047 PermLabel 10131 ContextImpl.checkPermission: pid = 6047; uid = 10131; permName: com.google.android.gms.permission.AD_ID; type = 0; res = 0; stacktrace=java.lang.Exception

08-16 20:44:12.555  6047  6047 I LSPosed-Bridge: 	at com.example.permlabel.requestPerm$2.afterHookedMethod(requestPerm.java:222)

08-16 20:44:12.555  6047  6047 I LSPosed-Bridge: 	at de.robv.android.xposed.XposedBridge$AdditionalHookInfo.callback(Unknown Source:147)

08-16 20:44:12.555  6047  6047 I LSPosed-Bridge: 	at LSPHooker_.checkPermission(Unknown Source:25)

08-16 20:44:12.555  6047  6047 I LSPosed-Bridge: 	at android.content.ContextWrapper.checkPermission(ContextWrapper.java:738)

08-16 20:44:12.555  6047  6047 I LSPosed-Bridge: 	at com.google.android.gms.ads.nonagon.signals.a.b(:com.google.android.gms.policy_ads_fdr_dynamite@232400001@232400000057.538171701.538171701:62)

08-16 20:44:12.555  6047  6047 I LSPosed-Bridge: 	at com.google.android.gms.ads.nonagon.signals.fq.a(:com.google.android.gms.policy_ads_fdr_dynamite@232400001@232400000057.538171701.538171701:108)

08-16 20:44:12.555  6047  6047 I LSPosed-Bridge: 	at com.google.android.gms.ads.nonagon.ad.common.ci.a(:com.google.android.gms.policy_ads_fdr_dynamite@232400001@232400000057.538171701.538171701:12)

08-16 20:44:12.555  6047  6047 I LSPosed-Bridge: 	at com.google.android.gms.ads.nonagon.ad.common.ci.b(:com.google.android.gms.policy_ads_fdr_dynamite@232400001@232400000057.538171701.538171701:1)

08-16 20:44:12.555  6047  6047 I LSPosed-Bridge: 	at com.google.android.gms.ads.nonagon.ad.common.ai.d(:com.google.android.gms.policy_ads_fdr_dynamite@232400001@232400000057.538171701.538171701:16)

08-16 20:44:12.555  6047  6047 I LSPosed-Bridge: 	at com.google.android.gms.ads.nonagon.ad.common.ai.b(:com.google.android.gms.policy_ads_fdr_dynamite@232400001@232400000057.538171701.538171701:1)

08-16 20:44:12.555  6047  6047 I LSPosed-Bridge: 	at com.google.android.gms.ads.nonagon.shim.ai.L(:com.google.android.gms.policy_ads_fdr_dynamite@232400001@232400000057.538171701.538171701:450)

08-16 20:44:12.555  6047  6047 I LSPosed-Bridge: 	at com.google.android.gms.ads.nonagon.shim.ai.n(:com.google.android.gms.policy_ads_fdr_dynamite@232400001@232400000057.538171701.538171701:8)

08-16 20:44:12.555  6047  6047 I LSPosed-Bridge: 	at com.google.android.gms.ads.nonagon.shim.ab.n(:com.google.android.gms.policy_ads_fdr_dynamite@232400001@232400000057.538171701.538171701:3)

08-16 20:44:12.555  6047  6047 I LSPosed-Bridge: 	at com.google.android.gms.ads.internal.client.bf.bN(:com.google.android.gms.policy_ads_fdr_dynamite@232400001@232400000057.538171701.538171701:118)

08-16 20:44:12.555  6047  6047 I LSPosed-Bridge: 	at agd.onTransact(:com.google.android.gms.policy_ads_fdr_dynamite@232400001@232400000057.538171701.538171701:21)

08-16 20:44:12.555  6047  6047 I LSPosed-Bridge: 	at android.os.Binder.transact(Binder.java:667)

