08-16 20:42:59.719  1565  9682 I LSPosed-Bridge: 	at com.android.server.am.ActivityManagerService.onTransact(ActivityManagerService.java:3346)

08-16 20:42:59.719  1565  9682 I LSPosed-Bridge: 	at android.os.Binder.execTransact(Binder.java:731)

08-16 20:42:59.719  6047  6047 I LSPosed-Bridge: 6047 PermLabel hookBinder_test 10131 interfaceBinder =android.content.pm.IPackageManager; arg0 = 14; arg1 = android.os.Parcel@3cf93a6; arg2 = android.os.Parcel@7210b3; arg3 = 0; res = true; stacktrace=java.lang.Exception

08-16 20:42:59.719  6047  6047 I LSPosed-Bridge: 	at com.example.permlabel.hookBinder_test$1.afterHookedMethod(hookBinder_test.java:67)

08-16 20:42:59.719  6047  6047 I LSPosed-Bridge: 	at de.robv.android.xposed.XposedBridge$AdditionalHookInfo.callback(Unknown Source:147)

08-16 20:42:59.719  6047  6047 I LSPosed-Bridge: 	at LSPHooker_.transact(Unknown Source:28)

08-16 20:42:59.719  6047  6047 I LSPosed-Bridge: 	at android.content.pm.IPackageManager$Stub$Proxy.getActivityInfo(IPackageManager.java:3135)

08-16 20:42:59.719  6047  6047 I LSPosed-Bridge: 	at android.app.ApplicationPackageManager.getActivityInfo(ApplicationPackageManager.java:427)

08-16 20:42:59.719  6047  6047 I LSPosed-Bridge: 	at com.google.android.gms.ads.nonagon.util.appstats.c.b(:com.google.android.gms.policy_ads_fdr_dynamite@232400001@232400000057.538171701.538171701:159)

08-16 20:42:59.719  6047  6047 I LSPosed-Bridge: 	at com.google.android.gms.ads.nonagon.signals.aw.b(:com.google.android.gms.policy_ads_fdr_dynamite@232400001@232400000057.538171701.538171701:56)

08-16 20:42:59.719  6047  6047 I LSPosed-Bridge: 	at com.google.android.gms.ads.nonagon.signals.fq.a(:com.google.android.gms.policy_ads_fdr_dynamite@232400001@232400000057.538171701.538171701:108)

08-16 20:42:59.719  6047  6047 I LSPosed-Bridge: 	at com.google.android.gms.ads.nonagon.ad.common.ci.a(:com.google.android.gms.policy_ads_fdr_dynamite@232400001@232400000057.538171701.538171701:12)

08-16 20:42:59.719  6047  6047 I LSPosed-Bridge: 	at com.google.android.gms.ads.nonagon.ad.common.ci.b(:com.google.android.gms.policy_ads_fdr_dynamite@232400001@232400000057.538171701.538171701:1)

08-16 20:42:59.719  6047  6047 I LSPosed-Bridge: 	at com.google.android.gms.ads.nonagon.ad.common.ai.d(:com.google.android.gms.policy_ads_fdr_dynamite@232400001@232400000057.538171701.538171701:16)

08-16 20:42:59.719  6047  6047 I LSPosed-Bridge: 	at com.google.android.gms.ads.nonagon.ad.common.ai.b(:com.google.android.gms.policy_ads_fdr_dynamite@232400001@232400000057.538171701.538171701:1)

08-16 20:42:59.719  6047  6047 I LSPosed-Bridge: 	at com.google.android.gms.ads.nonagon.shim.ai.L(:com.google.android.gms.policy_ads_fdr_dynamite@232400001@232400000057.538171701.538171701:450)

08-16 20:42:59.719  6047  6047 I LSPosed-Bridge: 	at com.google.android.gms.ads.nonagon.shim.ai.n(:com.google.android.gms.policy_ads_fdr_dynamite@232400001@232400000057.538171701.538171701:8)

08-16 20:42:59.719  6047  6047 I LSPosed-Bridge: 	at com.google.android.gms.ads.nonagon.shim.ab.n(:com.google.android.gms.policy_ads_fdr_dynamite@232400001@232400000057.538171701.538171701:3)

08-16 20:42:59.719  6047  6047 I LSPosed-Bridge: 	at com.google.android.gms.ads.internal.client.bf.bN(:com.google.android.gms.policy_ads_fdr_dynamite@232400001@232400000057.538171701.538171701:118)

08-16 20:42:59.719  6047  6047 I LSPosed-Bridge: 	at agd.onTransact(:com.google.android.gms.policy_ads_fdr_dynamite@232400001@232400000057.538171701.538171701:21)

08-16 20:42:59.719  6047  6047 I LSPosed-Bridge: 	at android.os.Binder.transact(Binder.java:667)

08-16 20:42:59.719  6047  6047 I LSPosed-Bridge: 	at com.google.android.gms.internal.ads.vd.T(Unknown Source:7)

08-16 20:42:59.719  6047  6047 I LSPosed-Bridge: 	at u2.i0.p2(Unknown Source:12)

08-16 20:42:59.719  6047  6047 I LSPosed-Bridge: 	at com.google.android.gms.internal.ads.nr.f(Unknown Source:20)

08-16 20:42:59.719  6047  6047 I LSPosed-Bridge: 	at x2.a.b(SourceFile:71)

08-16 20:42:59.719  6047  6047 I LSPosed-Bridge: 	at com.appli_ne.mirror.MainActivity.y(Unknown Source:305)

08-16 20:42:59.719  6047  6047 I LSPosed-Bridge: 	at com.appli_ne.mirror.MainActivity.u(SourceFile:45)

08-16 20:42:59.719  6047  6047 I LSPosed-Bridge: 	at com.appli_ne.mirror.MainActivity.E(Unknown Source:1)

08-16 20:42:59.719  6047  6047 I LSPosed-Bridge: 	at j2.e1.onCheckedChanged(SourceFile:78)

08-16 20:42:59.719  6047  6047 I LSPosed-Bridge: 	at android.widget.CompoundButton.setChecked(CompoundButton.java:171)

08-16 20:42:59.719  6047  6047 I LSPosed-Bridge: 	at android.widget.ToggleButton.setChecked(ToggleButton.java:71)

08-16 20:42:59.719  6047  6047 I LSPosed-Bridge: 	at android.widget.CompoundButton.toggle(CompoundButton.java:127)

08-16 20:42:59.719  6047  6047 I LSPosed-Bridge: 	at android.widget.CompoundButton.performClick(CompoundButton.java:132)

08-16 20:42:59.719  6047  6047 I LSPosed-Bridge: 	at android.view.View.performClickInternal(View.java:6574)

08-16 20:42:59.719  6047  6047 I LSPosed-Bridge: 	at android.view.View.access$3100(View.java:778)

08-16 20:42:59.719  6047  6047 I LSPosed-Bridge: 	at android.view.View$PerformClick.run(View.java:25889)

08-16 20:42:59.719  6047  6047 I LSPosed-Bridge: 	at android.os.Handler.handleCallback(Handler.java:873)

08-16 20:42:59.719  6047  6047 I LSPosed-Bridge: 	at android.os.Handler.dispatchMessage(Handler.java:99)

08-16 20:42:59.719  6047  6047 I LSPosed-Bridge: 	at android.os.Looper.loop(Looper.java:193)

08-16 20:42:59.719  6047  6047 I LSPosed-Bridge: 	at android.app.ActivityThread.main(ActivityThread.java:6692)

08-16 20:42:59.719  6047  6047 I LSPosed-Bridge: 	at java.lang.reflect.Method.invoke(Native Method)

08-16 20:42:59.719  6047  6047 I LSPosed-Bridge: 	at com.android.internal.os.RuntimeInit$MethodAndArgsCaller.run(RuntimeInit.java:493)

08-16 20:42:59.719  6047  6047 I LSPosed-Bridge: 	at com.android.internal.os.ZygoteInit.main(ZygoteInit.java:858)

08-16 20:42:59.793  1565  1873 I LSPosed-Bridge: 6047 PermLabel 10131 AMS.checkPermission: Binder.getCallingPid() = 6047; uid = 10131; Binder.getCallingUid() = 10131; getNameForUid: com.appli_ne.mirror; getPackagesForUid: [com.appli_ne.mirror]; permName: android.permission.GET_TASKS; type = 0; res = -1; stacktrace=java.lang.Exception

08-16 20:42:59.793  1565  1873 I LSPosed-Bridge: 	at com.example.permlabel.requirePerm$1$2.afterHookedMethod(requirePerm.java:136)

08-16 20:42:59.793  1565  1873 I LSPosed-Bridge: 	at de.robv.android.xposed.XposedBridge$AdditionalHookInfo.callback(Unknown Source:147)

08-16 20:42:59.793  1565  1873 I LSPosed-Bridge: 	at LSPHooker_.checkPermission(Unknown Source:25)

08-16 20:42:59.793  1565  1873 I LSPosed-Bridge: 	at com.android.server.am.ActivityManagerService.isGetTasksAllowed(ActivityManagerService.java:10902)

08-16 20:42:59.793  1565  1873 I LSPosed-Bridge: 	at com.android.server.am.ActivityManagerService.getRunningAppProcesses(ActivityManagerService.java:16139)

08-16 20:42:59.793  1565  1873 I LSPosed-Bridge: 	at android.app.IActivityManager$Stub.onTransact(IActivityManager.java:1088)

08-16 20:42:59.793  1565  1873 I LSPosed-Bridge: 	at com.android.server.am.ActivityManagerService.onTransact(ActivityManagerService.java:3346)

08-16 20:42:59.793  1565  1873 I LSPosed-Bridge: 	at android.os.Binder.execTransact(Binder.java:731)

08-16 20:42:59.793  6047 20299 I LSPosed-Bridge: 6047 PermLabel hookBinder_test 10131 interfaceBinder =; arg0 = 1; arg1 = android.os.Parcel@3bb7a22; arg2 = android.os.Parcel@d1e0bed; arg3 = 0; res = true; stacktrace=java.lang.Exception

08-16 20:42:59.793  6047 20299 I LSPosed-Bridge: 	at com.example.permlabel.hookBinder_test$1.afterHookedMethod(hookBinder_test.java:67)

08-16 20:42:59.793  6047 20299 I LSPosed-Bridge: 	at de.robv.android.xposed.XposedBridge$AdditionalHookInfo.callback(Unknown Source:147)

08-16 20:42:59.793  6047 20299 I LSPosed-Bridge: 	at LSPHooker_.transact(Unknown Source:28)

08-16 20:42:59.793  6047 20299 I LSPosed-Bridge: 	at android.os.ServiceManagerProxy.getService(ServiceManagerNative.java:125)

08-16 20:42:59.793  6047 20299 I LSPosed-Bridge: 	at android.os.ServiceManager.rawGetService(ServiceManager.java:253)

08-16 20:42:59.793  6047 20299 I LSPosed-Bridge: 	at android.os.ServiceManager.getService(ServiceManager.java:124)

08-16 20:42:59.793  6047 20299 I LSPosed-Bridge: 	at android.telephony.SubscriptionManager.getDefaultSubscriptionId(SubscriptionManager.java:1252)

08-16 20:42:59.793  6047 20299 I LSPosed-Bridge: 	at android.telephony.TelephonyManager.getSubId(TelephonyManager.java:4890)

08-16 20:42:59.793  6047 20299 I LSPosed-Bridge: 	at android.telephony.TelephonyManager.getPhoneId(TelephonyManager.java:4918)

08-16 20:42:59.793  6047 20299 I LSPosed-Bridge: 	at android.telephony.TelephonyManager.getNetworkOperator(TelephonyManager.java:1785)

08-16 20:42:59.793  6047 20299 I LSPosed-Bridge: 	at com.google.android.gms.ads.nonagon.signals.fx.call(:com.google.android.gms.policy_ads_fdr_dynamite@232400001@232400000057.538171701.538171701:13)

08-16 20:42:59.793  6047 20299 I LSPosed-Bridge: 	at btb.a(:com.google.android.gms.policy_ads_fdr_dynamite@232400001@232400000057.538171701.538171701:3)

08-16 20:42:59.793  6047 20299 I LSPosed-Bridge: 	at bsj.run(:com.google.android.gms.policy_ads_fdr_dynamite@232400001@232400000057.538171701.538171701:21)

08-16 20:42:59.793  6047 20299 I LSPosed-Bridge: 	at btc.run(:com.google.android.gms.policy_ads_fdr_dynamite@232400001@232400000057.538171701.538171701:5)

08-16 20:42:59.793  6047 20299 I LSPosed-Bridge: 	at java.util.concurrent.ThreadPoolExecutor.runWorker(ThreadPoolExecutor.java:1167)

08-16 20:42:59.793  6047 20299 I LSPosed-Bridge: 	at java.util.concurrent.ThreadPoolExecutor$Worker.run(ThreadPoolExecutor.java:641)

08-16 20:42:59.793  6047 20299 I LSPosed-Bridge: 	at java.lang.Thread.run(Thread.java:764)

08-16 20:42:59.793  6047  6465 I LSPosed-Bridge: 6047 PermLabel hookBinder_test 10131 interfaceBinder =android.app.IActivityManager; arg0 = 81; arg1 = android.os.Parcel@281ab9b; arg2 = android.os.Parcel@57cc1be; arg3 = 0; res = true; stacktrace=java.lang.Exception

08-16 20:42:59.793  6047  6465 I LSPosed-Bridge: 	at com.example.permlabel.hookBinder_test$1.afterHookedMethod(hookBinder_test.java:67)

08-16 20:42:59.793  6047  6465 I LSPosed-Bridge: 	at de.robv.android.xposed.XposedBridge$AdditionalHookInfo.callback(Unknown Source:147)

08-16 20:42:59.793  6047  6465 I LSPosed-Bridge: 	at LSPHooker_.transact(Unknown Source:28)

08-16 20:42:59.793  6047  6465 I LSPosed-Bridge: 	at android.app.IActivityManager$Stub$Proxy.getRunningAppProcesses(IActivityManager.java:5366)

08-16 20:42:59.793  6047  6465 I LSPosed-Bridge: 	at android.app.ActivityManager.getRunningAppProcesses(ActivityManager.java:3435)

08-16 20:42:59.793  6047  6465 I LSPosed-Bridge: 	at java.lang.reflect.Method.invoke(Native Method)

08-16 20:42:59.793  6047  6465 I LSPosed-Bridge: 	at org.lsposed.lspd.nativebridge.HookBridge.invokeOriginalMethod(Native Method)

08-16 20:42:59.793  6047  6465 I LSPosed-Bridge: 	at de.robv.android.xposed.XposedBridge$AdditionalHookInfo.callback(Unknown Source:110)

08-16 20:42:59.793  6047  6465 I LSPosed-Bridge: 	at LSPHooker_.getRunningAppProcesses(Unknown Source:8)

08-16 20:42:59.793  6047  6465 I LSPosed-Bridge: 	at com.google.android.ads.z__.aa.a(Unknown Source:17)

08-16 20:42:59.793  6047  6465 I LSPosed-Bridge: 	at java.lang.reflect.Method.invoke(Native Method)

08-16 20:42:59.793  6047  6465 I LSPosed-Bridge: 	at com.google.android.ads.tasks.s.a(:com.google.android.gms.policy_ads_fdr_dynamite@232400001@232400000057.538171701.538171701:33)

08-16 20:42:59.793  6047  6465 I LSPosed-Bridge: 	at com.google.android.ads.tasks.ae.f(:com.google.android.gms.policy_ads_fdr_dynamite@232400001@232400000057.538171701.538171701:20)

08-16 20:42:59.793  6047  6465 I LSPosed-Bridge: 	at com.google.android.ads.tasks.ae.call(:com.google.android.gms.policy_ads_fdr_dynamite@232400001@232400000057.538171701.538171701:1)

08-16 20:42:59.793  6047  6465 I LSPosed-Bridge: 	at java.util.concurrent.FutureTask.run(FutureTask.java:266)

08-16 20:42:59.793  6047  6465 I LSPosed-Bridge: 	at java.util.concurrent.ThreadPoolExecutor.runWorker(ThreadPoolExecutor.java:1167)

08-16 20:42:59.793  6047  6465 I LSPosed-Bridge: 	at java.util.concurrent.ThreadPoolExecutor$Worker.run(ThreadPoolExecutor.java:641)

08-16 20:42:59.793  6047  6465 I LSPosed-Bridge: 	at java.lang.Thread.run(Thread.java:764)

08-16 20:43:10.521  6047  6466 I LSPosed-Bridge: 6047 PermLabel hookBinder_test 10131 interfaceBinder =android.app.IActivityManager; arg0 = 9; arg1 = android.os.Parcel@8767a26; arg2 = android.os.Parcel@eccb981; arg3 = 0; res = true; stacktrace=java.lang.Exception

08-16 20:43:10.521  6047  6466 I LSPosed-Bridge: 	at com.example.permlabel.hookBinder_test$1.afterHookedMethod(hookBinder_test.java:67)

08-16 20:43:10.521  6047  6466 I LSPosed-Bridge: 	at de.robv.android.xposed.XposedBridge$AdditionalHookInfo.callback(Unknown Source:147)

08-16 20:43:10.521  6047  6466 I LSPosed-Bridge: 	at LSPHooker_.transact(Unknown Source:28)

08-16 20:43:10.521  6047  6466 I LSPosed-Bridge: 	at android.app.IActivityManager$Stub$Proxy.registerReceiver(IActivityManager.java:3825)

08-16 20:43:10.521  6047  6466 I LSPosed-Bridge: 	at android.app.ContextImpl.registerReceiverInternal(ContextImpl.java:1488)

08-16 20:43:10.521  6047  6466 I LSPosed-Bridge: 	at android.app.ContextImpl.registerReceiver(ContextImpl.java:1449)

08-16 20:43:10.521  6047  6466 I LSPosed-Bridge: 	at android.app.ContextImpl.registerReceiver(ContextImpl.java:1437)

08-16 20:43:10.521  6047  6466 I LSPosed-Bridge: 	at android.content.ContextWrapper.registerReceiver(ContextWrapper.java:623)

08-16 20:43:10.521  6047  6466 I LSPosed-Bridge: 	at com.google.android.ads.z__.n.a(Unknown Source:8)

08-16 20:43:10.521  6047  6466 I LSPosed-Bridge: 	at java.lang.reflect.Method.invoke(Native Method)

08-16 20:43:10.521  6047  6466 I LSPosed-Bridge: 	at com.google.android.ads.tasks.f.a(:com.google.android.gms.policy_ads_fdr_dynamite@232400001@232400000057.538171701.538171701:68)

08-16 20:43:10.521  6047  6466 I LSPosed-Bridge: 	at com.google.android.ads.tasks.ae.f(:com.google.android.gms.policy_ads_fdr_dynamite@232400001@232400000057.538171701.538171701:20)

08-16 20:43:10.521  6047  6466 I LSPosed-Bridge: 	at com.google.android.ads.tasks.ae.call(:com.google.android.gms.policy_ads_fdr_dynamite@232400001@232400000057.538171701.538171701:1)

08-16 20:43:10.521  6047  6466 I LSPosed-Bridge: 	at java.util.concurrent.FutureTask.run(FutureTask.java:266)

08-16 20:43:10.521  6047  6466 I LSPosed-Bridge: 	at java.util.concurrent.ThreadPoolExecutor.runWorker(ThreadPoolExecutor.java:1167)

08-16 20:43:10.521  6047  6466 I LSPosed-Bridge: 	at java.util.concurrent.ThreadPoolExecutor$Worker.run(ThreadPoolExecutor.java:641)

08-16 20:43:10.521  6047  6466 I LSPosed-Bridge: 	at java.lang.Thread.run(Thread.java:764)

08-16 20:43:10.521  1565  9682 I LSPosed-Bridge: 6047 PermLabel 10131 AMS.checkPermission: Binder.getCallingPid() = 6047; uid = 10131; Binder.getCallingUid() = 10131; getNameForUid: com.appli_ne.mirror; getPackagesForUid: [com.appli_ne.mirror]; permName: android.permission.GET_TASKS; type = 0; res = -1; stacktrace=java.lang.Exception

08-16 20:43:10.521  1565  9682 I LSPosed-Bridge: 	at com.example.permlabel.requirePerm$1$2.afterHookedMethod(requirePerm.java:136)

08-16 20:43:10.521  1565  9682 I LSPosed-Bridge: 	at de.robv.android.xposed.XposedBridge$AdditionalHookInfo.callback(Unknown Source:147)

08-16 20:43:10.521  1565  9682 I LSPosed-Bridge: 	at LSPHooker_.checkPermission(Unknown Source:25)

08-16 20:43:10.521  1565  9682 I LSPosed-Bridge: 	at com.android.server.am.ActivityManagerService.isGetTasksAllowed(ActivityManagerService.java:10902)

08-16 20:43:10.521  1565  9682 I LSPosed-Bridge: 	at com.android.server.am.ActivityManagerService.getRunningAppProcesses(ActivityManagerService.java:16139)

08-16 20:43:10.521  1565  9682 I LSPosed-Bridge: 	at android.app.IActivityManager$Stub.onTransact(IActivityManager.java:1088)

08-16 20:43:10.521  1565  9682 I LSPosed-Bridge: 	at com.android.server.am.ActivityManagerService.onTransact(ActivityManagerService.java:3346)

08-16 20:43:10.521  1565  9682 I LSPosed-Bridge: 	at android.os.Binder.execTransact(Binder.java:731)

08-16 20:43:10.521  6047 13660 I LSPosed-Bridge: 6047 PermLabel hookBinder_test 10131 interfaceBinder =android.os.IPowerManager; arg0 = 12; arg1 = android.os.Parcel@9964173; arg2 = android.os.Parcel@edd1830; arg3 = 0; res = true; stacktrace=java.lang.Exception

08-16 20:43:10.521  6047 13660 I LSPosed-Bridge: 	at com.example.permlabel.hookBinder_test$1.afterHookedMethod(hookBinder_test.java:67)

08-16 20:43:10.521  6047 13660 I LSPosed-Bridge: 	at de.robv.android.xposed.XposedBridge$AdditionalHookInfo.callback(Unknown Source:147)

08-16 20:43:10.521  6047 13660 I LSPosed-Bridge: 	at LSPHooker_.transact(Unknown Source:28)

08-16 20:43:10.521  6047 13660 I LSPosed-Bridge: 	at android.os.IPowerManager$Stub$Proxy.isInteractive(IPowerManager.java:585)

08-16 20:43:10.521  6047 13660 I LSPosed-Bridge: 	at android.os.PowerManager.isInteractive(PowerManager.java:1082)

08-16 20:43:10.521  6047 13660 I LSPosed-Bridge: 	at android.os.PowerManager.isScreenOn(PowerManager.java:1043)

08-16 20:43:10.521  6047 13660 I LSPosed-Bridge: 	at com.google.android.ads.z__.ae.a(Unknown Source:16)

08-16 20:43:10.521  6047 13660 I LSPosed-Bridge: 	at java.lang.reflect.Method.invoke(Native Method)

08-16 20:43:10.521  6047 13660 I LSPosed-Bridge: 	at com.google.android.ads.tasks.v.a(:com.google.android.gms.policy_ads_fdr_dynamite@232400001@232400000057.538171701.538171701:23)

08-16 20:43:10.521  6047 13660 I LSPosed-Bridge: 	at com.google.android.ads.tasks.ae.f(:com.google.android.gms.policy_ads_fdr_dynamite@232400001@232400000057.538171701.538171701:20)

08-16 20:43:10.521  6047 13660 I LSPosed-Bridge: 	at com.google.android.ads.tasks.ae.call(:com.google.android.gms.policy_ads_fdr_dynamite@232400001@232400000057.538171701.538171701:1)

08-16 20:43:10.521  6047 13660 I LSPosed-Bridge: 	at java.util.concurrent.FutureTask.run(FutureTask.java:266)

08-16 20:43:10.521  6047 13660 I LSPosed-Bridge: 	at java.util.concurrent.ThreadPoolExecutor.runWorker(ThreadPoolExecutor.java:1167)

08-16 20:43:10.521  6047 13660 I LSPosed-Bridge: 	at java.util.concurrent.ThreadPoolExecutor$Worker.run(ThreadPoolExecutor.java:641)

08-16 20:43:10.521  6047 13660 I LSPosed-Bridge: 	at java.lang.Thread.run(Thread.java:764)

08-16 20:43:10.583   552   552 I ConfigStore: android::hardware::configstore::V1_0::ISurfaceFlingerConfigs::hasHDRDisplay retrieved: 0

08-16 20:43:10.583  1565  1678 I LSPosed-Bridge: 6047 PermLabel 10131 AMS.checkPermission: Binder.getCallingPid() = 6047; uid = 10131; Binder.getCallingUid() = 10131; getNameForUid: com.appli_ne.mirror; getPackagesForUid: [com.appli_ne.mirror]; permName: android.permission.GET_TASKS; type = 0; res = -1; stacktrace=java.lang.Exception

08-16 20:43:10.583  1565  1678 I LSPosed-Bridge: 	at com.example.permlabel.requirePerm$1$2.afterHookedMethod(requirePerm.java:136)

08-16 20:43:10.583  1565  1678 I LSPosed-Bridge: 	at de.robv.android.xposed.XposedBridge$AdditionalHookInfo.callback(Unknown Source:147)

08-16 20:43:10.583  1565  1678 I LSPosed-Bridge: 	at LSPHooker_.checkPermission(Unknown Source:25)

08-16 20:43:10.583  1565  1678 I LSPosed-Bridge: 	at com.android.server.am.ActivityManagerService.isGetTasksAllowed(ActivityManagerService.java:10902)

08-16 20:43:10.583  1565  1678 I LSPosed-Bridge: 	at com.android.server.am.ActivityManagerService.getRunningAppProcesses(ActivityManagerService.java:16139)

08-16 20:43:10.583  1565  1678 I LSPosed-Bridge: 	at android.app.IActivityManager$Stub.onTransact(IActivityManager.java:1088)

08-16 20:43:10.583  1565  1678 I LSPosed-Bridge: 	at com.android.server.am.ActivityManagerService.onTransact(ActivityManagerService.java:3346)

08-16 20:43:10.583  1565  1678 I LSPosed-Bridge: 	at android.os.Binder.execTransact(Binder.java:731)

08-16 20:43:10.583   552   552 I ConfigStore: android::hardware::configstore::V1_0::ISurfaceFlingerConfigs::hasHDRDisplay retrieved: 0

08-16 20:43:17.675  6047  6047 I LSPosed-Bridge: 6047 PermLabel hookBinder_test 10131 interfaceBinder =android.app.IActivityManager; arg0 = 49; arg1 = android.os.Parcel@85a0dfb; arg2 = android.os.Parcel@e901986; arg3 = 0; res = true; stacktrace=java.lang.Exception

08-16 20:43:17.675  6047  6047 I LSPosed-Bridge: 	at com.example.permlabel.hookBinder_test$1.afterHookedMethod(hookBinder_test.java:67)

08-16 20:43:17.675  6047  6047 I LSPosed-Bridge: 	at de.robv.android.xposed.XposedBridge$AdditionalHookInfo.callback(Unknown Source:147)

08-16 20:43:17.675  6047  6047 I LSPosed-Bridge: 	at LSPHooker_.transact(Unknown Source:28)

08-16 20:43:17.675  6047  6047 I LSPosed-Bridge: 	at android.app.IActivityManager$Stub$Proxy.checkPermission(IActivityManager.java:4722)

08-16 20:43:17.675  6047  6047 I LSPosed-Bridge: 	at android.app.ContextImpl.checkPermission(ContextImpl.java:1751)

08-16 20:43:17.675  6047  6047 I LSPosed-Bridge: 	at java.lang.reflect.Method.invoke(Native Method)

08-16 20:43:17.675  6047  6047 I LSPosed-Bridge: 	at org.lsposed.lspd.nativebridge.HookBridge.invokeOriginalMethod(Native Method)

08-16 20:43:17.675  6047  6047 I LSPosed-Bridge: 	at de.robv.android.xposed.XposedBridge$AdditionalHookInfo.callback(Unknown Source:110)

08-16 20:43:17.675  6047  6047 I LSPosed-Bridge: 	at LSPHooker_.checkPermission(Unknown Source:25)

08-16 20:43:17.675  6047  6047 I LSPosed-Bridge: 	at android.content.ContextWrapper.checkPermission(ContextWrapper.java:738)

08-16 20:43:17.675  6047  6047 I LSPosed-Bridge: 	at com.google.android.gms.ads.nonagon.signals.a.b(:com.google.android.gms.policy_ads_fdr_dynamite@232400001@232400000057.538171701.538171701:62)

08-16 20:43:17.675  6047  6047 I LSPosed-Bridge: 	at com.google.android.gms.ads.nonagon.signals.fq.a(:com.google.android.gms.policy_ads_fdr_dynamite@232400001@232400000057.538171701.538171701:108)

08-16 20:43:17.675  6047  6047 I LSPosed-Bridge: 	at com.google.android.gms.ads.nonagon.ad.common.ci.a(:com.google.android.gms.policy_ads_fdr_dynamite@232400001@232400000057.538171701.538171701:12)

08-16 20:43:17.675  6047  6047 I LSPosed-Bridge: 	at com.google.android.gms.ads.nonagon.ad.common.ci.b(:com.google.android.gms.policy_ads_fdr_dynamite@232400001@232400000057.538171701.538171701:1)

08-16 20:43:17.675  6047  6047 I LSPosed-Bridge: 	at com.google.android.gms.ads.nonagon.ad.common.ai.d(:com.google.android.gms.policy_ads_fdr_dynamite@232400001@232400000057.538171701.538171701:16)

08-16 20:43:17.675  6047  6047 I LSPosed-Bridge: 	at com.google.android.gms.ads.nonagon.ad.common.ai.b(:com.google.android.gms.policy_ads_fdr_dynamite@232400001@232400000057.538171701.538171701:1)

08-16 20:43:17.675  6047  6047 I LSPosed-Bridge: 	at com.google.android.gms.ads.nonagon.shim.ai.L(:com.google.android.gms.policy_ads_fdr_dynamite@232400001@232400000057.538171701.538171701:450)

08-16 20:43:17.675  6047  6047 I LSPosed-Bridge: 	at com.google.android.gms.ads.nonagon.shim.ai.n(:com.google.android.gms.policy_ads_fdr_dynamite@232400001@232400000057.538171701.538171701:8)

08-16 20:43:17.675  6047  6047 I LSPosed-Bridge: 	at com.google.android.gms.ads.nonagon.shim.ab.n(:com.google.android.gms.policy_ads_fdr_dynamite@232400001@232400000057.538171701.538171701:3)

08-16 20:43:17.675  6047  6047 I LSPosed-Bridge: 	at com.google.android.gms.ads.internal.client.bf.bN(:com.google.android.gms.policy_ads_fdr_dynamite@232400001@232400000057.538171701.538171701:118)

08-16 20:43:17.675  6047  6047 I LSPosed-Bridge: 	at agd.onTransact(:com.google.android.gms.policy_ads_fdr_dynamite@232400001@232400000057.538171701.538171701:21)

08-16 20:43:17.675  6047  6047 I LSPosed-Bridge: 	at android.os.Binder.transact(Binder.java:667)

08-16 20:43:17.675  6047  6047 I LSPosed-Bridge: 	at com.google.android.gms.internal.ads.vd.T(Unknown Source:7)

08-16 20:43:17.675  6047  6047 I LSPosed-Bridge: 	at u2.i0.p2(Unknown Source:12)

08-16 20:43:17.675  6047  6047 I LSPosed-Bridge: 	at com.google.android.gms.internal.ads.nr.f(Unknown Source:20)

08-16 20:43:17.675  6047  6047 I LSPosed-Bridge: 	at x2.a.b(SourceFile:71)

08-16 20:43:17.675  6047  6047 I LSPosed-Bridge: 	at com.appli_ne.mirror.MainActivity.y(Unknown Source:305)

08-16 20:43:17.675  6047  6047 I LSPosed-Bridge: 	at com.appli_ne.mirror.MainActivity.u(SourceFile:45)

08-16 20:43:17.675  6047  6047 I LSPosed-Bridge: 	at com.appli_ne.mirror.MainActivity.E(Unknown Source:1)

08-16 20:43:17.675  6047  6047 I LSPosed-Bridge: 	at j2.e1.onCheckedChanged(SourceFile:78)

08-16 20:43:17.675  6047  6047 I LSPosed-Bridge: 	at android.widget.CompoundButton.setChecked(CompoundButton.java:171)

08-16 20:43:17.675  6047  6047 I LSPosed-Bridge: 	at android.widget.ToggleButton.setChecked(ToggleButton.java:71)

08-16 20:43:17.675  6047  6047 I LSPosed-Bridge: 	at android.widget.CompoundButton.toggle(CompoundButton.java:127)

08-16 20:43:17.675  6047  6047 I LSPosed-Bridge: 	at android.widget.CompoundButton.performClick(CompoundButton.java:132)

08-16 20:43:17.675  6047  6047 I LSPosed-Bridge: 	at android.view.View.performClickInternal(View.java:6574)

08-16 20:43:17.675  6047  6047 I LSPosed-Bridge: 	at android.view.View.access$3100(View.java:778)

08-16 20:43:17.675  6047  6047 I LSPosed-Bridge: 	at android.view.View$PerformClick.run(View.java:25889)

08-16 20:43:17.675  6047  6047 I LSPosed-Bridge: 	at android.os.Handler.handleCallback(Handler.java:873)

08-16 20:43:17.675  6047  6047 I LSPosed-Bridge: 	at android.os.Handler.dispatchMessage(Handler.java:99)

08-16 20:43:17.675  6047  6047 I LSPosed-Bridge: 	at android.os.Looper.loop(Looper.java:193)

08-16 20:43:17.675  6047  6047 I LSPosed-Bridge: 	at android.app.ActivityThread.main(ActivityThread.java:6692)

08-16 20:43:17.675  6047  6047 I LSPosed-Bridge: 	at java.lang.reflect.Method.invoke(Native Method)

08-16 20:43:17.675  6047  6047 I LSPosed-Bridge: 	at com.android.internal.os.RuntimeInit$MethodAndArgsCaller.run(RuntimeInit.java:493)

08-16 20:43:17.675  6047  6047 I LSPosed-Bridge: 	at com.android.internal.os.ZygoteInit.main(ZygoteInit.java:858)

08-16 20:43:17.675  6047 14411 I LSPosed-Bridge: 6047 PermLabel hookBinder_test 10131 interfaceBinder =android.os.IPowerManager; arg0 = 12; arg1 = android.os.Parcel@ecd58f6; arg2 = android.os.Parcel@1eb9191; arg3 = 0; res = true; stacktrace=java.lang.Exception

08-16 20:43:17.675  6047 14411 I LSPosed-Bridge: 	at com.example.permlabel.hookBinder_test$1.afterHookedMethod(hookBinder_test.java:67)

08-16 20:43:17.675  6047 14411 I LSPosed-Bridge: 	at de.robv.android.xposed.XposedBridge$AdditionalHookInfo.callback(Unknown Source:147)

08-16 20:43:17.675  6047 14411 I LSPosed-Bridge: 	at LSPHooker_.transact(Unknown Source:28)

08-16 20:43:17.675  6047 14411 I LSPosed-Bridge: 	at android.os.IPowerManager$Stub$Proxy.isInteractive(IPowerManager.java:585)

08-16 20:43:17.675  6047 14411 I LSPosed-Bridge: 	at android.os.PowerManager.isInteractive(PowerManager.java:1082)

08-16 20:43:17.675  6047 14411 I LSPosed-Bridge: 	at android.os.PowerManager.isScreenOn(PowerManager.java:1043)

08-16 20:43:17.675  6047 14411 I LSPosed-Bridge: 	at com.google.android.ads.z__.ae.a(Unknown Source:16)

08-16 20:43:17.675  6047 14411 I LSPosed-Bridge: 	at java.lang.reflect.Method.invoke(Native Method)

08-16 20:43:17.675  6047 14411 I LSPosed-Bridge: 	at com.google.android.ads.tasks.v.a(:com.google.android.gms.policy_ads_fdr_dynamite@232400001@232400000057.538171701.538171701:23)

08-16 20:43:17.675  6047 14411 I LSPosed-Bridge: 	at com.google.android.ads.tasks.ae.f(:com.google.android.gms.policy_ads_fdr_dynamite@232400001@232400000057.538171701.538171701:20)

08-16 20:43:17.675  6047 14411 I LSPosed-Bridge: 	at com.google.android.ads.tasks.ae.call(:com.google.android.gms.policy_ads_fdr_dynamite@232400001@232400000057.538171701.538171701:1)

08-16 20:43:17.675  6047 14411 I LSPosed-Bridge: 	at java.util.concurrent.FutureTask.run(FutureTask.java:266)

08-16 20:43:17.675  6047 14411 I LSPosed-Bridge: 	at java.util.concurrent.ThreadPoolExecutor.runWorker(ThreadPoolExecutor.java:1167)

08-16 20:43:17.675  6047 14411 I LSPosed-Bridge: 	at java.util.concurrent.ThreadPoolExecutor$Worker.run(ThreadPoolExecutor.java:641)

08-16 20:43:17.675  6047 14411 I LSPosed-Bridge: 	at java.lang.Thread.run(Thread.java:764)

08-16 20:43:17.675  1565  4550 I LSPosed-Bridge: 6047 PermLabel 10131 AMS.checkPermission: Binder.getCallingPid() = 6047; uid = 10131; Binder.getCallingUid() = 10131; getNameForUid: com.appli_ne.mirror; getPackagesForUid: [com.appli_ne.mirror]; permName: android.permission.GET_TASKS; type = 0; res = -1; stacktrace=java.lang.Exception

08-16 20:43:17.675  1565  4550 I LSPosed-Bridge: 	at com.example.permlabel.requirePerm$1$2.afterHookedMethod(requirePerm.java:136)

08-16 20:43:17.675  1565  4550 I LSPosed-Bridge: 	at de.robv.android.xposed.XposedBridge$AdditionalHookInfo.callback(Unknown Source:147)

08-16 20:43:17.675  1565  4550 I LSPosed-Bridge: 	at LSPHooker_.checkPermission(Unknown Source:25)

08-16 20:43:17.675  1565  4550 I LSPosed-Bridge: 	at com.android.server.am.ActivityManagerService.isGetTasksAllowed(ActivityManagerService.java:10902)

08-16 20:43:17.675  1565  4550 I LSPosed-Bridge: 	at com.android.server.am.ActivityManagerService.getRunningAppProcesses(ActivityManagerService.java:16139)

08-16 20:43:17.675  1565  4550 I LSPosed-Bridge: 	at android.app.IActivityManager$Stub.onTransact(IActivityManager.java:1088)

08-16 20:43:17.675  1565  4550 I LSPosed-Bridge: 	at com.android.server.am.ActivityManagerService.onTransact(ActivityManagerService.java:3346)

08-16 20:43:17.675  1565  4550 I LSPosed-Bridge: 	at android.os.Binder.execTransact(Binder.java:731)

08-16 20:43:17.675  6047 14411 I LSPosed-Bridge: 6047 PermLabel hookBinder_test 10131 interfaceBinder =android.view.IWindowManager; arg0 = 40; arg1 = android.os.Parcel@e901986; arg2 = android.os.Parcel@85a0dfb; arg3 = 0; res = true; stacktrace=java.lang.Exception

08-16 20:43:17.675  6047 14411 I LSPosed-Bridge: 	at com.example.permlabel.hookBinder_test$1.afterHookedMethod(hookBinder_test.java:67)

08-16 20:43:17.675  6047 14411 I LSPosed-Bridge: 	at de.robv.android.xposed.XposedBridge$AdditionalHookInfo.callback(Unknown Source:147)

08-16 20:43:17.675  6047 14411 I LSPosed-Bridge: 	at LSPHooker_.transact(Unknown Source:28)

08-16 20:43:17.675  6047 14411 I LSPosed-Bridge: 	at android.view.IWindowManager$Stub$Proxy.isKeyguardLocked(IWindowManager.java:1850)

08-16 20:43:17.675  6047 14411 I LSPosed-Bridge: 	at android.app.KeyguardManager.isKeyguardLocked(KeyguardManager.java:367)

08-16 20:43:17.675  6047 14411 I LSPosed-Bridge: 	at com.google.android.ads.z__.ae.a(Unknown Source:35)

08-16 20:43:17.675  6047 14411 I LSPosed-Bridge: 	at java.lang.reflect.Method.invoke(Native Method)

08-16 20:43:17.675  6047 14411 I LSPosed-Bridge: 	at com.google.android.ads.tasks.v.a(:com.google.android.gms.policy_ads_fdr_dynamite@232400001@232400000057.538171701.538171701:23)

08-16 20:43:17.675  6047 14411 I LSPosed-Bridge: 	at com.google.android.ads.tasks.ae.f(:com.google.android.gms.policy_ads_fdr_dynamite@232400001@232400000057.538171701.538171701:20)

08-16 20:43:17.675  6047 14411 I LSPosed-Bridge: 	at com.google.android.ads.tasks.ae.call(:com.google.android.gms.policy_ads_fdr_dynamite@232400001@232400000057.538171701.538171701:1)

08-16 20:43:17.675  6047 14411 I LSPosed-Bridge: 	at java.util.concurrent.FutureTask.run(FutureTask.java:266)

08-16 20:43:17.675  6047 14411 I LSPosed-Bridge: 	at java.util.concurrent.ThreadPoolExecutor.runWorker(ThreadPoolExecutor.java:1167)

08-16 20:43:17.675  6047 14411 I LSPosed-Bridge: 	at java.util.concurrent.ThreadPoolExecutor$Worker.run(ThreadPoolExecutor.java:641)

08-16 20:43:17.675  6047 14411 I LSPosed-Bridge: 	at java.lang.Thread.run(Thread.java:764)

08-16 20:43:17.721  1565  4550 I LSPosed-Bridge: 6047 PermLabel 10131 AMS.checkPermission: Binder.getCallingPid() = 6047; uid = 10131; Binder.getCallingUid() = 10131; getNameForUid: com.appli_ne.mirror; getPackagesForUid: [com.appli_ne.mirror]; permName: android.permission.GET_TASKS; type = 0; res = -1; stacktrace=java.lang.Exception

08-16 20:43:17.721  1565  4550 I LSPosed-Bridge: 	at com.example.permlabel.requirePerm$1$2.afterHookedMethod(requirePerm.java:136)

08-16 20:43:17.721  1565  4550 I LSPosed-Bridge: 	at de.robv.android.xposed.XposedBridge$AdditionalHookInfo.callback(Unknown Source:147)

08-16 20:43:17.721  1565  4550 I LSPosed-Bridge: 	at LSPHooker_.checkPermission(Unknown Source:25)

08-16 20:43:17.721  1565  4550 I LSPosed-Bridge: 	at com.android.server.am.ActivityManagerService.isGetTasksAllowed(ActivityManagerService.java:10902)

08-16 20:43:17.721  1565  4550 I LSPosed-Bridge: 	at com.android.server.am.ActivityManagerService.getRunningAppProcesses(ActivityManagerService.java:16139)

08-16 20:43:17.721  1565  4550 I LSPosed-Bridge: 	at android.app.IActivityManager$Stub.onTransact(IActivityManager.java:1088)

08-16 20:43:17.721  1565  4550 I LSPosed-Bridge: 	at com.android.server.am.ActivityManagerService.onTransact(ActivityManagerService.java:3346)

08-16 20:43:17.721  1565  4550 I LSPosed-Bridge: 	at android.os.Binder.execTransact(Binder.java:731)

08-16 20:43:23.207  6047  9621 I LSPosed-Bridge: 6047 PermLabel hookBinder_test 10131 interfaceBinder =android.hardware.display.IDisplayManager; arg0 = 1; arg1 = android.os.Parcel@f93abb1; arg2 = android.os.Parcel@c163896; arg3 = 0; res = true; stacktrace=java.lang.Exception

08-16 20:43:23.207  6047  9621 I LSPosed-Bridge: 	at com.example.permlabel.hookBinder_test$1.afterHookedMethod(hookBinder_test.java:67)

08-16 20:43:23.207  6047  9621 I LSPosed-Bridge: 	at de.robv.android.xposed.XposedBridge$AdditionalHookInfo.callback(Unknown Source:147)

08-16 20:43:23.207  6047  9621 I LSPosed-Bridge: 	at LSPHooker_.transact(Unknown Source:28)

08-16 20:43:23.207  6047  9621 I LSPosed-Bridge: 	at android.hardware.display.IDisplayManager$Stub$Proxy.getDisplayInfo(IDisplayManager.java:404)

08-16 20:43:23.207  6047  9621 I LSPosed-Bridge: 	at android.hardware.display.DisplayManagerGlobal.getDisplayInfo(DisplayManagerGlobal.java:124)

08-16 20:43:23.207  6047  9621 I LSPosed-Bridge: 	at android.hardware.display.DisplayManagerGlobal.getCompatibleDisplay(DisplayManagerGlobal.java:199)

08-16 20:43:23.207  6047  9621 I LSPosed-Bridge: 	at android.app.ResourcesManager.getAdjustedDisplay(ResourcesManager.java:293)

08-16 20:43:23.207  6047  9621 I LSPosed-Bridge: 	at android.app.ContextImpl.getDisplay(ContextImpl.java:2223)

08-16 20:43:23.207  6047  9621 I LSPosed-Bridge: 	at android.view.WindowManagerImpl.getDefaultDisplay(WindowManagerImpl.java:149)

08-16 20:43:23.207  6047  9621 I LSPosed-Bridge: 	at com.google.android.ads.z__.ad.a(Unknown Source:19)

08-16 20:43:23.207  6047  9621 I LSPosed-Bridge: 	at java.lang.reflect.Method.invoke(Native Method)

08-16 20:43:23.207  6047  9621 I LSPosed-Bridge: 	at com.google.android.ads.tasks.u.a(:com.google.android.gms.policy_ads_fdr_dynamite@232400001@232400000057.538171701.538171701:78)

08-16 20:43:23.207  6047  9621 I LSPosed-Bridge: 	at com.google.android.ads.tasks.ae.f(:com.google.android.gms.policy_ads_fdr_dynamite@232400001@232400000057.538171701.538171701:20)

08-16 20:43:23.207  6047  9621 I LSPosed-Bridge: 	at com.google.android.ads.tasks.ae.call(:com.google.android.gms.policy_ads_fdr_dynamite@232400001@232400000057.538171701.538171701:1)

08-16 20:43:23.207  6047  9621 I LSPosed-Bridge: 	at java.util.concurrent.FutureTask.run(FutureTask.java:266)

08-16 20:43:23.207  6047  9621 I LSPosed-Bridge: 	at java.util.concurrent.ThreadPoolExecutor.runWorker(ThreadPoolExecutor.java:1167)

08-16 20:43:23.207  6047  9621 I LSPosed-Bridge: 	at java.util.concurrent.ThreadPoolExecutor$Worker.run(ThreadPoolExecutor.java:641)

08-16 20:43:23.207  6047  9621 I LSPosed-Bridge: 	at java.lang.Thread.run(Thread.java:764)

08-16 20:43:23.207  1565  1678 I LSPosed-Bridge: 6047 PermLabel 10131 AMS.checkPermission: Binder.getCallingPid() = 6047; uid = 10131; Binder.getCallingUid() = 10131; getNameForUid: com.appli_ne.mirror; getPackagesForUid: [com.appli_ne.mirror]; permName: android.permission.GET_TASKS; type = 0; res = -1; stacktrace=java.lang.Exception

08-16 20:43:23.207  1565  1678 I LSPosed-Bridge: 	at com.example.permlabel.requirePerm$1$2.afterHookedMethod(requirePerm.java:136)

08-16 20:43:23.207  1565  1678 I LSPosed-Bridge: 	at de.robv.android.xposed.XposedBridge$AdditionalHookInfo.callback(Unknown Source:147)

08-16 20:43:23.207  1565  1678 I LSPosed-Bridge: 	at LSPHooker_.checkPermission(Unknown Source:25)

08-16 20:43:23.207  1565  1678 I LSPosed-Bridge: 	at com.android.server.am.ActivityManagerService.isGetTasksAllowed(ActivityManagerService.java:10902)

08-16 20:43:23.207  1565  1678 I LSPosed-Bridge: 	at com.android.server.am.ActivityManagerService.getRunningAppProcesses(ActivityManagerService.java:16139)

08-16 20:43:23.207  1565  1678 I LSPosed-Bridge: 	at android.app.IActivityManager$Stub.onTransact(IActivityManager.java:1088)

08-16 20:43:23.207  1565  1678 I LSPosed-Bridge: 	at com.android.server.am.ActivityManagerService.onTransact(ActivityManagerService.java:3346)

08-16 20:43:23.207  1565  1678 I LSPosed-Bridge: 	at android.os.Binder.execTransact(Binder.java:731)

08-16 20:43:23.245   552   552 I ConfigStore: android::hardware::configstore::V1_0::ISurfaceFlingerConfigs::hasHDRDisplay retrieved: 0

08-16 20:43:23.245  6047  6047 I LSPosed-Bridge: 6047 PermLabel hookBinder_test 10131 interfaceBinder =android.app.IActivityManager; arg0 = 67; arg1 = android.os.Parcel@c163896; arg2 = android.os.Parcel@e31693; arg3 = 0; res = true; stacktrace=java.lang.Exception

08-16 20:43:23.245  6047  6047 I LSPosed-Bridge: 	at com.example.permlabel.hookBinder_test$1.afterHookedMethod(hookBinder_test.java:67)

08-16 20:43:23.245  6047  6047 I LSPosed-Bridge: 	at de.robv.android.xposed.XposedBridge$AdditionalHookInfo.callback(Unknown Source:147)

08-16 20:43:23.245  6047  6047 I LSPosed-Bridge: 	at LSPHooker_.transact(Unknown Source:28)

08-16 20:43:23.245  6047  6047 I LSPosed-Bridge: 	at android.app.IActivityManager$Stub$Proxy.removeContentProvider(IActivityManager.java:5091)

08-16 20:43:23.245  6047  6047 I LSPosed-Bridge: 	at android.app.ActivityThread.completeRemoveProvider(ActivityThread.java:6246)

08-16 20:43:23.245  6047  6047 I LSPosed-Bridge: 	at android.app.ActivityThread$H.handleMessage(ActivityThread.java:1726)

08-16 20:43:23.245  6047  6047 I LSPosed-Bridge: 	at android.os.Handler.dispatchMessage(Handler.java:106)

08-16 20:43:23.245  6047  6047 I LSPosed-Bridge: 	at android.os.Looper.loop(Looper.java:193)

08-16 20:43:23.245  6047  6047 I LSPosed-Bridge: 	at android.app.ActivityThread.main(ActivityThread.java:6692)

08-16 20:43:23.245  6047  6047 I LSPosed-Bridge: 	at java.lang.reflect.Method.invoke(Native Method)

08-16 20:43:23.245  6047  6047 I LSPosed-Bridge: 	at com.android.internal.os.RuntimeInit$MethodAndArgsCaller.run(RuntimeInit.java:493)

08-16 20:43:23.245  6047  6047 I LSPosed-Bridge: 	at com.android.internal.os.ZygoteInit.main(ZygoteInit.java:858)

08-16 20:43:23.245  1565  1678 I LSPosed-Bridge: 6047 PermLabel 10131 AMS.checkPermission: Binder.getCallingPid() = 6047; uid = 10131; Binder.getCallingUid() = 10131; getNameForUid: com.appli_ne.mirror; getPackagesForUid: [com.appli_ne.mirror]; permName: android.permission.GET_TASKS; type = 0; res = -1; stacktrace=java.lang.Exception

08-16 20:43:23.245  1565  1678 I LSPosed-Bridge: 	at com.example.permlabel.requirePerm$1$2.afterHookedMethod(requirePerm.java:136)

08-16 20:43:23.245  1565  1678 I LSPosed-Bridge: 	at de.robv.android.xposed.XposedBridge$AdditionalHookInfo.callback(Unknown Source:147)

08-16 20:43:23.245  1565  1678 I LSPosed-Bridge: 	at LSPHooker_.checkPermission(Unknown Source:25)

08-16 20:43:23.245  1565  1678 I LSPosed-Bridge: 	at com.android.server.am.ActivityManagerService.isGetTasksAllowed(ActivityManagerService.java:10902)

08-16 20:43:23.245  1565  1678 I LSPosed-Bridge: 	at com.android.server.am.ActivityManagerService.getFilteredTasks(ActivityManagerService.java:10884)

08-16 20:43:23.245  1565  1678 I LSPosed-Bridge: 	at com.android.server.am.ActivityManagerService.getTasks(ActivityManagerService.java:10872)

08-16 20:43:23.245  1565  1678 I LSPosed-Bridge: 	at android.app.IActivityManager$Stub.onTransact(IActivityManager.java:288)

08-16 20:43:23.245  1565  1678 I LSPosed-Bridge: 	at com.android.server.am.ActivityManagerService.onTransact(ActivityManagerService.java:3346)

08-16 20:43:23.245  1565  1678 I LSPosed-Bridge: 	at android.os.Binder.execTransact(Binder.java:731)

08-16 20:43:24.759  1565  7025 I LSPosed-Bridge: 6047 PermLabel 10131 AMS.checkPermission: Binder.getCallingPid() = 6047; uid = 10131; Binder.getCallingUid() = 10131; getNameForUid: com.appli_ne.mirror; getPackagesForUid: [com.appli_ne.mirror]; permName: android.permission.GET_TASKS; type = 0; res = -1; stacktrace=java.lang.Exception

08-16 20:43:24.759  1565  7025 I LSPosed-Bridge: 	at com.example.permlabel.requirePerm$1$2.afterHookedMethod(requirePerm.java:136)

08-16 20:43:24.759  1565  7025 I LSPosed-Bridge: 	at de.robv.android.xposed.XposedBridge$AdditionalHookInfo.callback(Unknown Source:147)

08-16 20:43:24.759  1565  7025 I LSPosed-Bridge: 	at LSPHooker_.checkPermission(Unknown Source:25)

08-16 20:43:24.759  1565  7025 I LSPosed-Bridge: 	at com.android.server.am.ActivityManagerService.isGetTasksAllowed(ActivityManagerService.java:10902)

08-16 20:43:24.759  1565  7025 I LSPosed-Bridge: 	at com.android.server.am.ActivityManagerService.getRunningAppProcesses(ActivityManagerService.java:16139)

08-16 20:43:24.759  1565  7025 I LSPosed-Bridge: 	at android.app.IActivityManager$Stub.onTransact(IActivityManager.java:1088)

08-16 20:43:24.759  1565  7025 I LSPosed-Bridge: 	at com.android.server.am.ActivityManagerService.onTransact(ActivityManagerService.java:3346)

08-16 20:43:24.759  1565  7025 I LSPosed-Bridge: 	at android.os.Binder.execTransact(Binder.java:731)

08-16 20:43:28.594  6047  6047 I LSPosed-Bridge: 6047 PermLabel 10131 ContextImpl.checkPermission: pid = 6047; uid = 10131; permName: com.google.android.gms.permission.AD_ID; type = 0; res = 0; stacktrace=java.lang.Exception

08-16 20:43:28.594  6047  6047 I LSPosed-Bridge: 	at com.example.permlabel.requestPerm$2.afterHookedMethod(requestPerm.java:222)

08-16 20:43:28.594  6047  6047 I LSPosed-Bridge: 	at de.robv.android.xposed.XposedBridge$AdditionalHookInfo.callback(Unknown Source:147)

08-16 20:43:28.594  6047  6047 I LSPosed-Bridge: 	at LSPHooker_.checkPermission(Unknown Source:25)

08-16 20:43:28.594  6047  6047 I LSPosed-Bridge: 	at android.content.ContextWrapper.checkPermission(ContextWrapper.java:738)

08-16 20:43:28.594  6047  6047 I LSPosed-Bridge: 	at com.google.android.gms.ads.nonagon.signals.a.b(:com.google.android.gms.policy_ads_fdr_dynamite@232400001@232400000057.538171701.538171701:62)

08-16 20:43:28.594  6047  6047 I LSPosed-Bridge: 	at com.google.android.gms.ads.nonagon.signals.fq.a(:com.google.android.gms.policy_ads_fdr_dynamite@232400001@232400000057.538171701.538171701:108)

08-16 20:43:28.594  6047  6047 I LSPosed-Bridge: 	at com.google.android.gms.ads.nonagon.ad.common.ci.a(:com.google.android.gms.policy_ads_fdr_dynamite@232400001@232400000057.538171701.538171701:12)

08-16 20:43:28.594  6047  6047 I LSPosed-Bridge: 	at com.google.android.gms.ads.nonagon.ad.common.ci.b(:com.google.android.gms.policy_ads_fdr_dynamite@232400001@232400000057.538171701.538171701:1)

08-16 20:43:28.594  6047  6047 I LSPosed-Bridge: 	at com.google.android.gms.ads.nonagon.ad.common.ai.d(:com.google.android.gms.policy_ads_fdr_dynamite@232400001@232400000057.538171701.538171701:16)

08-16 20:43:28.594  6047  6047 I LSPosed-Bridge: 	at com.google.android.gms.ads.nonagon.ad.common.ai.b(:com.google.android.gms.policy_ads_fdr_dynamite@232400001@232400000057.538171701.538171701:1)

08-16 20:43:28.594  6047  6047 I LSPosed-Bridge: 	at com.google.android.gms.ads.nonagon.shim.ai.L(:com.google.android.gms.policy_ads_fdr_dynamite@232400001@232400000057.538171701.538171701:450)

08-16 20:43:28.594  6047  6047 I LSPosed-Bridge: 	at com.google.android.gms.ads.nonagon.shim.ai.n(:com.google.android.gms.policy_ads_fdr_dynamite@232400001@232400000057.538171701.538171701:8)

08-16 20:43:28.594  6047  6047 I LSPosed-Bridge: 	at com.google.android.gms.ads.nonagon.shim.ab.n(:com.google.android.gms.policy_ads_fdr_dynamite@232400001@232400000057.538171701.538171701:3)

08-16 20:43:28.594  6047  6047 I LSPosed-Bridge: 	at com.google.android.gms.ads.internal.client.bf.bN(:com.google.android.gms.policy_ads_fdr_dynamite@232400001@232400000057.538171701.538171701:118)

08-16 20:43:28.594  6047  6047 I LSPosed-Bridge: 	at agd.onTransact(:com.google.android.gms.policy_ads_fdr_dynamite@232400001@232400000057.538171701.538171701:21)

08-16 20:43:28.594  6047  6047 I LSPosed-Bridge: 	at android.os.Binder.transact(Binder.java:667)

08-16 20:43:28.594  6047  6047 I LSPosed-Bridge: 	at com.google.android.gms.internal.ads.vd.T(Unknown Source:7)

08-16 20:43:28.594  6047  6047 I LSPosed-Bridge: 	at u2.i0.p2(Unknown Source:12)

08-16 20:43:28.594  6047  6047 I LSPosed-Bridge: 	at com.google.android.gms.internal.ads.nr.f(Unknown Source:20)

08-16 20:43:28.594  6047  6047 I LSPosed-Bridge: 	at x2.a.b(SourceFile:71)

08-16 20:43:28.594  6047  6047 I LSPosed-Bridge: 	at com.appli_ne.mirror.MainActivity.y(Unknown Source:305)

08-16 20:43:28.594  6047  6047 I LSPosed-Bridge: 	at com.appli_ne.mirror.MainActivity.u(SourceFile:45)

08-16 20:43:28.594  6047  6047 I LSPosed-Bridge: 	at com.appli_ne.mirror.MainActivity.E(Unknown Source:1)

08-16 20:43:28.594  6047  6047 I LSPosed-Bridge: 	at com.appli_ne.mirror.d$m.onCheckedChanged(SourceFile:104)

08-16 20:43:28.594  6047  6047 I LSPosed-Bridge: 	at android.widget.CompoundButton.setChecked(CompoundButton.java:171)

08-16 20:43:28.594  6047  6047 I LSPosed-Bridge: 	at android.widget.ToggleButton.setChecked(ToggleButton.java:71)

08-16 20:43:28.594  6047  6047 I LSPosed-Bridge: 	at android.widget.CompoundButton.toggle(CompoundButton.java:127)

08-16 20:43:28.594  6047  6047 I LSPosed-Bridge: 	at android.widget.CompoundButton.performClick(CompoundButton.java:132)

08-16 20:43:28.594  6047  6047 I LSPosed-Bridge: 	at android.view.View.performClickInternal(View.java:6574)

08-16 20:43:28.594  6047  6047 I LSPosed-Bridge: 	at android.view.View.access$3100(View.java:778)

08-16 20:43:28.594  6047  6047 I LSPosed-Bridge: 	at android.view.View$PerformClick.run(View.java:25889)

08-16 20:43:28.594  6047  6047 I LSPosed-Bridge: 	at android.os.Handler.handleCallback(Handler.java:873)

08-16 20:43:28.594  6047  6047 I LSPosed-Bridge: 	at android.os.Handler.dispatchMessage(Handler.java:99)

08-16 20:43:28.594  6047  6047 I LSPosed-Bridge: 	at android.os.Looper.loop(Looper.java:193)

08-16 20:43:28.594  6047  6047 I LSPosed-Bridge: 	at android.app.ActivityThread.main(ActivityThread.java:6692)

08-16 20:43:28.594  6047  6047 I LSPosed-Bridge: 	at java.lang.reflect.Method.invoke(Native Method)

08-16 20:43:28.594  6047  6047 I LSPosed-Bridge: 	at com.android.internal.os.RuntimeInit$MethodAndArgsCaller.run(RuntimeInit.java:493)

08-16 20:43:28.594  6047  6047 I LSPosed-Bridge: 	at com.android.internal.os.ZygoteInit.main(ZygoteInit.java:858)

08-16 20:43:28.594  1565  4550 I LSPosed-Bridge: 6047 PermLabel 10131 AMS.checkPermission: Binder.getCallingPid() = 6047; uid = 10131; Binder.getCallingUid() = 10131; getNameForUid: com.appli_ne.mirror; getPackagesForUid: [com.appli_ne.mirror]; permName: android.permission.GET_TASKS; type = 0; res = -1; stacktrace=java.lang.Exception

08-16 20:43:28.594  1565  4550 I LSPosed-Bridge: 	at com.example.permlabel.requirePerm$1$2.afterHookedMethod(requirePerm.java:136)

08-16 20:43:28.594  1565  4550 I LSPosed-Bridge: 	at de.robv.android.xposed.XposedBridge$AdditionalHookInfo.callback(Unknown Source:147)

08-16 20:43:28.594  1565  4550 I LSPosed-Bridge: 	at LSPHooker_.checkPermission(Unknown Source:25)

08-16 20:43:28.594  1565  4550 I LSPosed-Bridge: 	at com.android.server.am.ActivityManagerService.isGetTasksAllowed(ActivityManagerService.java:10902)

08-16 20:43:28.594  1565  4550 I LSPosed-Bridge: 	at com.android.server.am.ActivityManagerService.getRunningAppProcesses(ActivityManagerService.java:16139)

08-16 20:43:28.594  1565  4550 I LSPosed-Bridge: 	at android.app.IActivityManager$Stub.onTransact(IActivityManager.java:1088)

08-16 20:43:28.594  1565  4550 I LSPosed-Bridge: 	at com.android.server.am.ActivityManagerService.onTransact(ActivityManagerService.java:3346)

08-16 20:43:28.594  1565  4550 I LSPosed-Bridge: 	at android.os.Binder.execTransact(Binder.java:731)

08-16 20:43:28.594  6047  6478 I LSPosed-Bridge: 6047 PermLabel hookBinder_test 10131 interfaceBinder =android.app.IActivityManager; arg0 = 9; arg1 = android.os.Parcel@2942b1c; arg2 = android.os.Parcel@bdd9f87; arg3 = 0; res = true; stacktrace=java.lang.Exception

08-16 20:43:28.594  6047  6478 I LSPosed-Bridge: 	at com.example.permlabel.hookBinder_test$1.afterHookedMethod(hookBinder_test.java:67)

08-16 20:43:28.594  6047  6478 I LSPosed-Bridge: 	at de.robv.android.xposed.XposedBridge$AdditionalHookInfo.callback(Unknown Source:147)

08-16 20:43:28.594  6047  6478 I LSPosed-Bridge: 	at LSPHooker_.transact(Unknown Source:28)

08-16 20:43:28.594  6047  6478 I LSPosed-Bridge: 	at android.app.IActivityManager$Stub$Proxy.registerReceiver(IActivityManager.java:3825)

08-16 20:43:28.594  6047  6478 I LSPosed-Bridge: 	at android.app.ContextImpl.registerReceiverInternal(ContextImpl.java:1488)

08-16 20:43:28.594  6047  6478 I LSPosed-Bridge: 	at android.app.ContextImpl.registerReceiver(ContextImpl.java:1449)

