08-06 02:49:17.800  5771  8849 I LSPosed-Bridge: 	at android.content.ContextWrapper.checkPermission(ContextWrapper.java:738)

08-06 02:49:17.800  5771  8849 I LSPosed-Bridge: 	at com.bytedance.sdk.openadsdk.core.n.ge.dr(Unknown Source:34)

08-06 02:49:17.800  5771  8849 I LSPosed-Bridge: 	at com.bytedance.sdk.openadsdk.core.n.g.dr(Unknown Source:186)

08-06 02:49:17.800  5771  8849 I LSPosed-Bridge: 	at com.bytedance.sdk.openadsdk.core.a.isCanUsePhoneState(Unknown Source:50)

08-06 02:49:17.800  5771  8849 I LSPosed-Bridge: 	at com.bytedance.sdk.openadsdk.core.ii.bn(Unknown Source:180)

08-06 02:49:17.800  5771  8849 I LSPosed-Bridge: 	at com.bytedance.sdk.openadsdk.v.dr.ge(Unknown Source:104)

08-06 02:49:17.800  5771  8849 I LSPosed-Bridge: 	at com.bytedance.sdk.openadsdk.core.i.dr.ge.lp(Unknown Source:127)

08-06 02:49:17.800  5771  8849 I LSPosed-Bridge: 	at com.bytedance.sdk.openadsdk.core.i.dr.ge.dr(Unknown Source:116)

08-06 02:49:17.800  5771  8849 I LSPosed-Bridge: 	at com.bytedance.sdk.openadsdk.core.i.wb.dr(Unknown Source:60)

08-06 02:49:17.800  5771  8849 I LSPosed-Bridge: 	at com.bytedance.sdk.openadsdk.core.i.wb.dr(Unknown Source:21)

08-06 02:49:17.800  5771  8849 I LSPosed-Bridge: 	at com.bytedance.sdk.openadsdk.core.i.wb$1.run(Unknown Source:49)

08-06 02:49:17.800  5771  8849 I LSPosed-Bridge: 	at com.bytedance.sdk.component.ll.ge.run(Unknown Source:35)

08-06 02:49:17.800  5771  8849 I LSPosed-Bridge: 	at java.util.concurrent.ThreadPoolExecutor.runWorker(ThreadPoolExecutor.java:1167)

08-06 02:49:17.800  5771  8849 I LSPosed-Bridge: 	at java.util.concurrent.ThreadPoolExecutor$Worker.run(ThreadPoolExecutor.java:641)

08-06 02:49:17.800  5771  8849 I LSPosed-Bridge: 	at java.lang.Thread.run(Thread.java:764)

08-06 02:49:17.800  1509  1603 W libprocessgroup: kill(-9203, 9) failed: No such process

08-06 02:49:17.800  1509  1603 I libprocessgroup: Successfully killed process cgroup uid 10089 pid 9203 in 77ms

08-06 02:49:17.832  5771  8513 I LSPosed-Bridge: 5771 PermLabel hookBinder_test 10152 interfaceBinder =android.content.pm.IPackageManager; arg0 = 9; arg1 = android.os.Parcel@f9cd230; arg2 = android.os.Parcel@ef8a373; arg3 = 0; res = true; stacktrace=java.lang.Exception

08-06 02:49:17.832  5771  8513 I LSPosed-Bridge: 	at com.example.permlabel.hookBinder_test$1.afterHookedMethod(hookBinder_test.java:55)

08-06 02:49:17.832  5771  8513 I LSPosed-Bridge: 	at de.robv.android.xposed.XposedBridge$AdditionalHookInfo.callback(Unknown Source:147)

08-06 02:49:17.832  5771  8513 I LSPosed-Bridge: 	at LSPHooker_.transact(Unknown Source:28)

08-06 02:49:17.832  5771  8513 I LSPosed-Bridge: 	at android.content.pm.IPackageManager$Stub$Proxy.getPermissionInfo(IPackageManager.java:3008)

08-06 02:49:17.832  5771  8513 I LSPosed-Bridge: 	at android.app.ApplicationPackageManager.getPermissionInfo(ApplicationPackageManager.java:306)

08-06 02:49:17.832  5771  8513 I LSPosed-Bridge: 	at com.example.permlabel.requestPerm$2.afterHookedMethod(requestPerm.java:176)

08-06 02:49:17.832  5771  8513 I LSPosed-Bridge: 	at de.robv.android.xposed.XposedBridge$AdditionalHookInfo.callback(Unknown Source:147)

08-06 02:49:17.832  5771  8513 I LSPosed-Bridge: 	at LSPHooker_.checkPermission(Unknown Source:25)

08-06 02:49:17.832  5771  8513 I LSPosed-Bridge: 	at android.content.ContextWrapper.checkPermission(ContextWrapper.java:738)

08-06 02:49:17.832  5771  8513 I LSPosed-Bridge: 	at com.kwad.sdk.utils.SystemUtil.b(Unknown Source:17)

08-06 02:49:17.832  5771  8513 I LSPosed-Bridge: 	at com.kwad.sdk.utils.SystemUtil.cZ(Unknown Source:14)

08-06 02:49:17.832  5771  8513 I LSPosed-Bridge: 	at com.kwad.sdk.utils.be.cB(Unknown Source:17)

08-06 02:49:17.832  5771  8513 I LSPosed-Bridge: 	at com.kwad.sdk.utils.au.h(Unknown Source:0)

08-06 02:49:17.832  5771  8513 I LSPosed-Bridge: 	at com.kwad.sdk.utils.au.o(Unknown Source:1)

08-06 02:49:17.832  5771  8513 I LSPosed-Bridge: 	at com.kwad.sdk.utils.au$1.Fs(Unknown Source:10)

08-06 02:49:17.832  5771  8513 I LSPosed-Bridge: 	at com.kwad.sdk.f.b.Fs(Unknown Source:4)

08-06 02:49:17.832  5771  8513 I LSPosed-Bridge: 	at com.kuaishou.weapon.p0.cm.a(Unknown Source:3096)

08-06 02:49:17.832  5771  8513 I LSPosed-Bridge: 	at com.kuaishou.weapon.p0.cm.a(Unknown Source:17)

08-06 02:49:17.832  5771  8513 I LSPosed-Bridge: 	at com.kuaishou.weapon.p0.dc$1.run(Unknown Source:130)

08-06 02:49:17.832  5771  8513 I LSPosed-Bridge: 	at java.util.concurrent.ThreadPoolExecutor.runWorker(ThreadPoolExecutor.java:1167)

08-06 02:49:17.832  5771  8513 I LSPosed-Bridge: 	at java.util.concurrent.ThreadPoolExecutor$Worker.run(ThreadPoolExecutor.java:641)

08-06 02:49:17.832  5771  8513 I LSPosed-Bridge: 	at java.lang.Thread.run(Thread.java:764)

08-06 02:49:17.832  5771  8513 I LSPosed-Bridge: 5771 PermLabel 10152 ContextImpl Binder.getCallingPid() = 5771; Binder.getCallingUid() = 10152; permName: android.permission.READ_PHONE_STATE; res = -1; stacktrace=java.lang.Exception

08-06 02:49:17.832  5771  8513 I LSPosed-Bridge: 	at com.example.permlabel.requestPerm$2.afterHookedMethod(requestPerm.java:186)

08-06 02:49:17.832  5771  8513 I LSPosed-Bridge: 	at de.robv.android.xposed.XposedBridge$AdditionalHookInfo.callback(Unknown Source:147)

08-06 02:49:17.832  5771  8513 I LSPosed-Bridge: 	at LSPHooker_.checkPermission(Unknown Source:25)

08-06 02:49:17.832  5771  8513 I LSPosed-Bridge: 	at android.content.ContextWrapper.checkPermission(ContextWrapper.java:738)

08-06 02:49:17.832  5771  8513 I LSPosed-Bridge: 	at com.kwad.sdk.utils.SystemUtil.b(Unknown Source:17)

08-06 02:49:17.832  5771  8513 I LSPosed-Bridge: 	at com.kwad.sdk.utils.SystemUtil.cZ(Unknown Source:14)

08-06 02:49:17.832  5771  8513 I LSPosed-Bridge: 	at com.kwad.sdk.utils.be.cB(Unknown Source:17)

08-06 02:49:17.832  5771  8513 I LSPosed-Bridge: 	at com.kwad.sdk.utils.au.h(Unknown Source:0)

08-06 02:49:17.832  5771  8513 I LSPosed-Bridge: 	at com.kwad.sdk.utils.au.o(Unknown Source:1)

08-06 02:49:17.832  5771  8513 I LSPosed-Bridge: 	at com.kwad.sdk.utils.au$1.Fs(Unknown Source:10)

08-06 02:49:17.832  5771  8513 I LSPosed-Bridge: 	at com.kwad.sdk.f.b.Fs(Unknown Source:4)

08-06 02:49:17.832  5771  8513 I LSPosed-Bridge: 	at com.kuaishou.weapon.p0.cm.a(Unknown Source:3096)

08-06 02:49:17.832  5771  8513 I LSPosed-Bridge: 	at com.kuaishou.weapon.p0.cm.a(Unknown Source:17)

08-06 02:49:17.832  5771  8513 I LSPosed-Bridge: 	at com.kuaishou.weapon.p0.dc$1.run(Unknown Source:130)

08-06 02:49:17.832  5771  8513 I LSPosed-Bridge: 	at java.util.concurrent.ThreadPoolExecutor.runWorker(ThreadPoolExecutor.java:1167)

08-06 02:49:17.832  5771  8513 I LSPosed-Bridge: 	at java.util.concurrent.ThreadPoolExecutor$Worker.run(ThreadPoolExecutor.java:641)

08-06 02:49:17.832  5771  8513 I LSPosed-Bridge: 	at java.lang.Thread.run(Thread.java:764)

08-06 02:49:17.833  5771  8513 I LSPosed-Bridge: 5771 PermLabel 10152 ContextImpl.checkPermission: pid = 5771; uid = 10152; permName: android.permission.READ_PHONE_STATE; type = 1; res = -1; stacktrace=java.lang.Exception

08-06 02:49:17.833  5771  8513 I LSPosed-Bridge: 	at com.example.permlabel.requestPerm$2.afterHookedMethod(requestPerm.java:210)

08-06 02:49:17.833  5771  8513 I LSPosed-Bridge: 	at de.robv.android.xposed.XposedBridge$AdditionalHookInfo.callback(Unknown Source:147)

08-06 02:49:17.833  5771  8513 I LSPosed-Bridge: 	at LSPHooker_.checkPermission(Unknown Source:25)

08-06 02:49:17.833  5771  8513 I LSPosed-Bridge: 	at android.content.ContextWrapper.checkPermission(ContextWrapper.java:738)

08-06 02:49:17.833  5771  8513 I LSPosed-Bridge: 	at com.kwad.sdk.utils.SystemUtil.b(Unknown Source:17)

08-06 02:49:17.833  5771  8513 I LSPosed-Bridge: 	at com.kwad.sdk.utils.SystemUtil.cZ(Unknown Source:14)

08-06 02:49:17.833  5771  8513 I LSPosed-Bridge: 	at com.kwad.sdk.utils.be.cB(Unknown Source:17)

08-06 02:49:17.833  5771  8513 I LSPosed-Bridge: 	at com.kwad.sdk.utils.au.h(Unknown Source:0)

08-06 02:49:17.833  5771  8513 I LSPosed-Bridge: 	at com.kwad.sdk.utils.au.o(Unknown Source:1)

08-06 02:49:17.833  5771  8513 I LSPosed-Bridge: 	at com.kwad.sdk.utils.au$1.Fs(Unknown Source:10)

08-06 02:49:17.833  5771  8513 I LSPosed-Bridge: 	at com.kwad.sdk.f.b.Fs(Unknown Source:4)

08-06 02:49:17.833  5771  8513 I LSPosed-Bridge: 	at com.kuaishou.weapon.p0.cm.a(Unknown Source:3096)

08-06 02:49:17.833  5771  8513 I LSPosed-Bridge: 	at com.kuaishou.weapon.p0.cm.a(Unknown Source:17)

08-06 02:49:17.833  5771  8513 I LSPosed-Bridge: 	at com.kuaishou.weapon.p0.dc$1.run(Unknown Source:130)

08-06 02:49:17.833  5771  8513 I LSPosed-Bridge: 	at java.util.concurrent.ThreadPoolExecutor.runWorker(ThreadPoolExecutor.java:1167)

08-06 02:49:17.833  5771  8513 I LSPosed-Bridge: 	at java.util.concurrent.ThreadPoolExecutor$Worker.run(ThreadPoolExecutor.java:641)

08-06 02:49:17.833  5771  8513 I LSPosed-Bridge: 	at java.lang.Thread.run(Thread.java:764)

08-06 02:49:17.844  5771  8477 I LSPosed-Bridge: 5771 PermLabel hookBinder_test 10152 interfaceBinder =android.content.pm.IPackageManager; arg0 = 13; arg1 = android.os.Parcel@4be1dab; arg2 = android.os.Parcel@f3eec08; arg3 = 0; res = true; stacktrace=java.lang.Exception

08-06 02:49:17.844  5771  8477 I LSPosed-Bridge: 	at com.example.permlabel.hookBinder_test$1.afterHookedMethod(hookBinder_test.java:55)

08-06 02:49:17.844  5771  8477 I LSPosed-Bridge: 	at de.robv.android.xposed.XposedBridge$AdditionalHookInfo.callback(Unknown Source:147)

08-06 02:49:17.844  5771  8477 I LSPosed-Bridge: 	at LSPHooker_.transact(Unknown Source:28)

08-06 02:49:17.844  5771  8477 I LSPosed-Bridge: 	at android.content.pm.IPackageManager$Stub$Proxy.getApplicationInfo(IPackageManager.java:3104)

08-06 02:49:17.844  5771  8477 I LSPosed-Bridge: 	at android.app.ApplicationPackageManager.getApplicationInfoAsUser(ApplicationPackageManager.java:384)

08-06 02:49:17.844  5771  8477 I LSPosed-Bridge: 	at android.app.ApplicationPackageManager.getApplicationInfo(ApplicationPackageManager.java:377)

08-06 02:49:17.844  5771  8477 I LSPosed-Bridge: 	at com.kuaishou.weapon.p0.aj.a(Unknown Source:35)

08-06 02:49:17.844  5771  8477 I LSPosed-Bridge: 	at com.kuaishou.weapon.p0.aj.q(Unknown Source:34)

08-06 02:49:17.844  5771  8477 I LSPosed-Bridge: 	at com.kuaishou.weapon.p0.aj.f(Unknown Source:0)

08-06 02:49:17.844  5771  8477 I LSPosed-Bridge: 	at com.kuaishou.weapon.p0.ci.a(Unknown Source:961)

08-06 02:49:17.844  5771  8477 I LSPosed-Bridge: 	at com.kuaishou.weapon.p0.ci.a(Unknown Source:17)

08-06 02:49:17.844  5771  8477 I LSPosed-Bridge: 	at com.kuaishou.weapon.p0.cy$1.run(Unknown Source:130)

08-06 02:49:17.844  5771  8477 I LSPosed-Bridge: 	at java.util.concurrent.ThreadPoolExecutor.runWorker(ThreadPoolExecutor.java:1167)

08-06 02:49:17.844  5771  8477 I LSPosed-Bridge: 	at java.util.concurrent.ThreadPoolExecutor$Worker.run(ThreadPoolExecutor.java:641)

08-06 02:49:17.844  5771  8477 I LSPosed-Bridge: 	at java.lang.Thread.run(Thread.java:764)

08-06 02:49:17.844  5771  8855 I LSPosed-Bridge: 5771 PermLabel hookBinder_test 10152 interfaceBinder =android.net.wifi.IWifiManager; arg0 = 24; arg1 = android.os.Parcel@874423e; arg2 = android.os.Parcel@fa3489f; arg3 = 0; res = true; stacktrace=java.lang.Exception

08-06 02:49:17.844  5771  8855 I LSPosed-Bridge: 	at com.example.permlabel.hookBinder_test$1.afterHookedMethod(hookBinder_test.java:55)

08-06 02:49:17.844  5771  8855 I LSPosed-Bridge: 	at de.robv.android.xposed.XposedBridge$AdditionalHookInfo.callback(Unknown Source:147)

08-06 02:49:17.844  5771  8855 I LSPosed-Bridge: 	at LSPHooker_.transact(Unknown Source:28)

08-06 02:49:17.844  5771  8855 I LSPosed-Bridge: 	at android.net.wifi.IWifiManager$Stub$Proxy.getConnectionInfo(IWifiManager.java:1441)

08-06 02:49:17.844  5771  8855 I LSPosed-Bridge: 	at android.net.wifi.WifiManager.getConnectionInfo(WifiManager.java:1774)

08-06 02:49:17.844  5771  8855 I LSPosed-Bridge: 	at java.lang.reflect.Method.invoke(Native Method)

08-06 02:49:17.844  5771  8855 I LSPosed-Bridge: 	at org.lsposed.lspd.nativebridge.HookBridge.invokeOriginalMethod(Native Method)

08-06 02:49:17.844  5771  8855 I LSPosed-Bridge: 	at de.robv.android.xposed.XposedBridge$AdditionalHookInfo.callback(Unknown Source:110)

08-06 02:49:17.844  5771  8855 I LSPosed-Bridge: 	at LSPHooker_.getConnectionInfo(Unknown Source:8)

08-06 02:49:17.844  5771  8855 I LSPosed-Bridge: 	at ms.bz.bd.c.Pgl.z.dr(Unknown Source:93)

08-06 02:49:17.844  5771  8855 I LSPosed-Bridge: 	at ms.bz.bd.c.Pgl.pblb$pgla.dr(Unknown Source:5)

08-06 02:49:17.844  5771  8855 I LSPosed-Bridge: 	at ms.bz.bd.c.Pgl.pblb.ge(Unknown Source:24)

08-06 02:49:17.844  5771  8855 I LSPosed-Bridge: 	at ms.bz.bd.c.Pgl.pblk.b(Unknown Source:0)

08-06 02:49:17.844   555   555 I ConfigStore: android::hardware::configstore::V1_0::ISurfaceFlingerConfigs::hasHDRDisplay retrieved: 0

08-06 02:49:17.844  5771  8855 I LSPosed-Bridge: 5771 PermLabel 10152; permName: android.permission.ACCESS_WIFI_STATE; getConnectionInfo res = SSID: , BSSID: 02:00:00:00:00:00, MAC: 02:00:00:00:00:00, Supplicant state: COMPLETED, RSSI: -29, Link speed: 72Mbps, Frequency: 2412MHz, Net ID: 1, Metered hint: false, score: 60; stacktrace=java.lang.Exception

08-06 02:49:17.844  5771  8855 I LSPosed-Bridge: 	at com.example.permlabel.hookWifi$2.afterHookedMethod(hookWifi.java:41)

08-06 02:49:17.844  5771  8855 I LSPosed-Bridge: 	at de.robv.android.xposed.XposedBridge$AdditionalHookInfo.callback(Unknown Source:147)

08-06 02:49:17.844  5771  8855 I LSPosed-Bridge: 	at LSPHooker_.getConnectionInfo(Unknown Source:8)

08-06 02:49:17.844  5771  8855 I LSPosed-Bridge: 	at ms.bz.bd.c.Pgl.z.dr(Unknown Source:93)

08-06 02:49:17.844  5771  8855 I LSPosed-Bridge: 	at ms.bz.bd.c.Pgl.pblb$pgla.dr(Unknown Source:5)

08-06 02:49:17.844  5771  8855 I LSPosed-Bridge: 	at ms.bz.bd.c.Pgl.pblb.ge(Unknown Source:24)

08-06 02:49:17.844  5771  8855 I LSPosed-Bridge: 	at ms.bz.bd.c.Pgl.pblk.b(Unknown Source:0)

08-06 02:49:17.844  5771  8513 I LSPosed-Bridge: 5771 PermLabel hookBinder_test 10152 interfaceBinder =android.content.pm.IPackageManager; arg0 = 9; arg1 = android.os.Parcel@f9cd230; arg2 = android.os.Parcel@ef8a373; arg3 = 0; res = true; stacktrace=java.lang.Exception

08-06 02:49:17.844  5771  8513 I LSPosed-Bridge: 	at com.example.permlabel.hookBinder_test$1.afterHookedMethod(hookBinder_test.java:55)

08-06 02:49:17.844  5771  8513 I LSPosed-Bridge: 	at de.robv.android.xposed.XposedBridge$AdditionalHookInfo.callback(Unknown Source:147)

08-06 02:49:17.844  5771  8513 I LSPosed-Bridge: 	at LSPHooker_.transact(Unknown Source:28)

08-06 02:49:17.844  5771  8513 I LSPosed-Bridge: 	at android.content.pm.IPackageManager$Stub$Proxy.getPermissionInfo(IPackageManager.java:3008)

08-06 02:49:17.844  5771  8513 I LSPosed-Bridge: 	at android.app.ApplicationPackageManager.getPermissionInfo(ApplicationPackageManager.java:306)

08-06 02:49:17.844  5771  8513 I LSPosed-Bridge: 	at com.example.permlabel.requestPerm$2.afterHookedMethod(requestPerm.java:176)

08-06 02:49:17.844  5771  8513 I LSPosed-Bridge: 	at de.robv.android.xposed.XposedBridge$AdditionalHookInfo.callback(Unknown Source:147)

08-06 02:49:17.844  5771  8513 I LSPosed-Bridge: 	at LSPHooker_.checkPermission(Unknown Source:25)

08-06 02:49:17.844  5771  8513 I LSPosed-Bridge: 	at android.content.ContextWrapper.checkPermission(ContextWrapper.java:738)

08-06 02:49:17.844  5771  8513 I LSPosed-Bridge: 	at com.kwad.sdk.utils.SystemUtil.b(Unknown Source:17)

08-06 02:49:17.844  5771  8513 I LSPosed-Bridge: 	at com.kwad.sdk.utils.SystemUtil.cZ(Unknown Source:14)

08-06 02:49:17.844  5771  8513 I LSPosed-Bridge: 	at com.kwad.sdk.utils.be.cB(Unknown Source:17)

08-06 02:49:17.844  5771  8513 I LSPosed-Bridge: 	at com.kwad.sdk.utils.au.h(Unknown Source:0)

08-06 02:49:17.844  5771  8513 I LSPosed-Bridge: 	at com.kwad.sdk.utils.au.o(Unknown Source:1)

08-06 02:49:17.844  5771  8513 I LSPosed-Bridge: 	at com.kwad.sdk.utils.au$1.Fs(Unknown Source:28)

08-06 02:49:17.844  5771  8513 I LSPosed-Bridge: 	at com.kwad.sdk.f.b.Fs(Unknown Source:4)

08-06 02:49:17.844  5771  8513 I LSPosed-Bridge: 	at com.kuaishou.weapon.p0.cm.a(Unknown Source:3096)

08-06 02:49:17.844  5771  8513 I LSPosed-Bridge: 	at com.kuaishou.weapon.p0.cm.a(Unknown Source:17)

08-06 02:49:17.844  5771  8513 I LSPosed-Bridge: 	at com.kuaishou.weapon.p0.dc$1.run(Unknown Source:130)

08-06 02:49:17.844  5771  8513 I LSPosed-Bridge: 	at java.util.concurrent.ThreadPoolExecutor.runWorker(ThreadPoolExecutor.java:1167)

08-06 02:49:17.844  5771  8513 I LSPosed-Bridge: 	at java.util.concurrent.ThreadPoolExecutor$Worker.run(ThreadPoolExecutor.java:641)

08-06 02:49:17.844  5771  8513 I LSPosed-Bridge: 	at java.lang.Thread.run(Thread.java:764)

08-06 02:49:17.844   555   555 I ConfigStore: android::hardware::configstore::V1_0::ISurfaceFlingerConfigs::hasHDRDisplay retrieved: 0

08-06 02:49:17.844  5771  8477 I LSPosed-Bridge: 5771 PermLabel hookBinder_test 10152 interfaceBinder =android.content.pm.IPackageManager; arg0 = 13; arg1 = android.os.Parcel@f3eec08; arg2 = android.os.Parcel@4be1dab; arg3 = 0; res = true; stacktrace=java.lang.Exception

08-06 02:49:17.844  5771  8477 I LSPosed-Bridge: 	at com.example.permlabel.hookBinder_test$1.afterHookedMethod(hookBinder_test.java:55)

08-06 02:49:17.844  5771  8477 I LSPosed-Bridge: 	at de.robv.android.xposed.XposedBridge$AdditionalHookInfo.callback(Unknown Source:147)

08-06 02:49:17.844  5771  8477 I LSPosed-Bridge: 	at LSPHooker_.transact(Unknown Source:28)

08-06 02:49:17.844  5771  8477 I LSPosed-Bridge: 	at android.content.pm.IPackageManager$Stub$Proxy.getApplicationInfo(IPackageManager.java:3104)

08-06 02:49:17.844  5771  8477 I LSPosed-Bridge: 	at android.app.ApplicationPackageManager.getApplicationInfoAsUser(ApplicationPackageManager.java:384)

08-06 02:49:17.844  5771  8477 I LSPosed-Bridge: 	at android.app.ApplicationPackageManager.getApplicationInfo(ApplicationPackageManager.java:377)

08-06 02:49:17.844  5771  8477 I LSPosed-Bridge: 	at com.kuaishou.weapon.p0.aj.a(Unknown Source:35)

08-06 02:49:17.844  5771  8477 I LSPosed-Bridge: 	at com.kuaishou.weapon.p0.aj.q(Unknown Source:47)

08-06 02:49:17.844  5771  8477 I LSPosed-Bridge: 	at com.kuaishou.weapon.p0.aj.f(Unknown Source:0)

08-06 02:49:17.844  5771  8477 I LSPosed-Bridge: 	at com.kuaishou.weapon.p0.ci.a(Unknown Source:961)

08-06 02:49:17.844  5771  8477 I LSPosed-Bridge: 	at com.kuaishou.weapon.p0.ci.a(Unknown Source:17)

08-06 02:49:17.844  5771  8477 I LSPosed-Bridge: 	at com.kuaishou.weapon.p0.cy$1.run(Unknown Source:130)

08-06 02:49:17.844  5771  8477 I LSPosed-Bridge: 	at java.util.concurrent.ThreadPoolExecutor.runWorker(ThreadPoolExecutor.java:1167)

08-06 02:49:17.844  5771  8477 I LSPosed-Bridge: 	at java.util.concurrent.ThreadPoolExecutor$Worker.run(ThreadPoolExecutor.java:641)

08-06 02:49:17.844  5771  8477 I LSPosed-Bridge: 	at java.lang.Thread.run(Thread.java:764)

08-06 02:49:17.844  5771  8513 I LSPosed-Bridge: 5771 PermLabel 10152 ContextImpl Binder.getCallingPid() = 5771; Binder.getCallingUid() = 10152; permName: android.permission.READ_PHONE_STATE; res = -1; stacktrace=java.lang.Exception

08-06 02:49:17.844  5771  8513 I LSPosed-Bridge: 	at com.example.permlabel.requestPerm$2.afterHookedMethod(requestPerm.java:186)

08-06 02:49:17.844  5771  8513 I LSPosed-Bridge: 	at de.robv.android.xposed.XposedBridge$AdditionalHookInfo.callback(Unknown Source:147)

08-06 02:49:17.844  5771  8513 I LSPosed-Bridge: 	at LSPHooker_.checkPermission(Unknown Source:25)

08-06 02:49:17.844  5771  8513 I LSPosed-Bridge: 	at android.content.ContextWrapper.checkPermission(ContextWrapper.java:738)

08-06 02:49:17.844  5771  8513 I LSPosed-Bridge: 	at com.kwad.sdk.utils.SystemUtil.b(Unknown Source:17)

08-06 02:49:17.844  5771  8513 I LSPosed-Bridge: 	at com.kwad.sdk.utils.SystemUtil.cZ(Unknown Source:14)

08-06 02:49:17.844  5771  8513 I LSPosed-Bridge: 	at com.kwad.sdk.utils.be.cB(Unknown Source:17)

08-06 02:49:17.844  5771  8513 I LSPosed-Bridge: 	at com.kwad.sdk.utils.au.h(Unknown Source:0)

08-06 02:49:17.844  5771  8513 I LSPosed-Bridge: 	at com.kwad.sdk.utils.au.o(Unknown Source:1)

08-06 02:49:17.844  5771  8513 I LSPosed-Bridge: 	at com.kwad.sdk.utils.au$1.Fs(Unknown Source:28)

08-06 02:49:17.844  5771  8513 I LSPosed-Bridge: 	at com.kwad.sdk.f.b.Fs(Unknown Source:4)

08-06 02:49:17.844  5771  8513 I LSPosed-Bridge: 	at com.kuaishou.weapon.p0.cm.a(Unknown Source:3096)

08-06 02:49:17.844  5771  8513 I LSPosed-Bridge: 	at com.kuaishou.weapon.p0.cm.a(Unknown Source:17)

08-06 02:49:17.844  5771  8513 I LSPosed-Bridge: 	at com.kuaishou.weapon.p0.dc$1.run(Unknown Source:130)

08-06 02:49:17.844  5771  8513 I LSPosed-Bridge: 	at java.util.concurrent.ThreadPoolExecutor.runWorker(ThreadPoolExecutor.java:1167)

08-06 02:49:17.844  5771  8513 I LSPosed-Bridge: 	at java.util.concurrent.ThreadPoolExecutor$Worker.run(ThreadPoolExecutor.java:641)

08-06 02:49:17.844  5771  8513 I LSPosed-Bridge: 	at java.lang.Thread.run(Thread.java:764)

08-06 02:49:17.845  5771  5789 I .lianaibiji.de: Background concurrent copying GC freed 239889(21MB) AllocSpace objects, 79(5MB) LOS objects, 49% free, 24MB/48MB, paused 392us total 713.944ms

08-06 02:49:17.845  5771  8513 I LSPosed-Bridge: 5771 PermLabel 10152 ContextImpl.checkPermission: pid = 5771; uid = 10152; permName: android.permission.READ_PHONE_STATE; type = 1; res = -1; stacktrace=java.lang.Exception

08-06 02:49:17.845  5771  8513 I LSPosed-Bridge: 	at com.example.permlabel.requestPerm$2.afterHookedMethod(requestPerm.java:210)

08-06 02:49:17.845  5771  8513 I LSPosed-Bridge: 	at de.robv.android.xposed.XposedBridge$AdditionalHookInfo.callback(Unknown Source:147)

08-06 02:49:17.845  5771  8513 I LSPosed-Bridge: 	at LSPHooker_.checkPermission(Unknown Source:25)

08-06 02:49:17.845  5771  8513 I LSPosed-Bridge: 	at android.content.ContextWrapper.checkPermission(ContextWrapper.java:738)

08-06 02:49:17.845  5771  8513 I LSPosed-Bridge: 	at com.kwad.sdk.utils.SystemUtil.b(Unknown Source:17)

08-06 02:49:17.845  5771  8513 I LSPosed-Bridge: 	at com.kwad.sdk.utils.SystemUtil.cZ(Unknown Source:14)

08-06 02:49:17.845  5771  8513 I LSPosed-Bridge: 	at com.kwad.sdk.utils.be.cB(Unknown Source:17)

08-06 02:49:17.845  5771  8513 I LSPosed-Bridge: 	at com.kwad.sdk.utils.au.h(Unknown Source:0)

08-06 02:49:17.845  5771  8513 I LSPosed-Bridge: 	at com.kwad.sdk.utils.au.o(Unknown Source:1)

08-06 02:49:17.845  5771  8513 I LSPosed-Bridge: 	at com.kwad.sdk.utils.au$1.Fs(Unknown Source:28)

08-06 02:49:17.845  5771  8513 I LSPosed-Bridge: 	at com.kwad.sdk.f.b.Fs(Unknown Source:4)

08-06 02:49:17.845  5771  8513 I LSPosed-Bridge: 	at com.kuaishou.weapon.p0.cm.a(Unknown Source:3096)

08-06 02:49:17.845  5771  8513 I LSPosed-Bridge: 	at com.kuaishou.weapon.p0.cm.a(Unknown Source:17)

08-06 02:49:17.845  5771  8513 I LSPosed-Bridge: 	at com.kuaishou.weapon.p0.dc$1.run(Unknown Source:130)

08-06 02:49:17.845  5771  8513 I LSPosed-Bridge: 	at java.util.concurrent.ThreadPoolExecutor.runWorker(ThreadPoolExecutor.java:1167)

08-06 02:49:17.845  5771  8513 I LSPosed-Bridge: 	at java.util.concurrent.ThreadPoolExecutor$Worker.run(ThreadPoolExecutor.java:641)

08-06 02:49:17.845  5771  8513 I LSPosed-Bridge: 	at java.lang.Thread.run(Thread.java:764)

08-06 02:49:17.845  5771  8477 I LSPosed-Bridge: 5771 PermLabel hookBinder_test 10152 interfaceBinder =android.content.pm.IPackageManager; arg0 = 13; arg1 = android.os.Parcel@ef8a373; arg2 = android.os.Parcel@f9cd230; arg3 = 0; res = true; stacktrace=java.lang.Exception

08-06 02:49:17.845  5771  8477 I LSPosed-Bridge: 	at com.example.permlabel.hookBinder_test$1.afterHookedMethod(hookBinder_test.java:55)

08-06 02:49:17.845  5771  8477 I LSPosed-Bridge: 	at de.robv.android.xposed.XposedBridge$AdditionalHookInfo.callback(Unknown Source:147)

08-06 02:49:17.845  5771  8477 I LSPosed-Bridge: 	at LSPHooker_.transact(Unknown Source:28)

08-06 02:49:17.845  5771  8477 I LSPosed-Bridge: 	at android.content.pm.IPackageManager$Stub$Proxy.getApplicationInfo(IPackageManager.java:3104)

08-06 02:49:17.845  5771  8477 I LSPosed-Bridge: 	at android.app.ApplicationPackageManager.getApplicationInfoAsUser(ApplicationPackageManager.java:384)

08-06 02:49:17.845  5771  8477 I LSPosed-Bridge: 	at android.app.ApplicationPackageManager.getApplicationInfo(ApplicationPackageManager.java:377)

08-06 02:49:17.845  5771  8477 I LSPosed-Bridge: 	at com.kuaishou.weapon.p0.aj.a(Unknown Source:35)

08-06 02:49:17.845  5771  8477 I LSPosed-Bridge: 	at com.kuaishou.weapon.p0.aj.r(Unknown Source:7)

08-06 02:49:17.845  5771  8477 I LSPosed-Bridge: 	at com.kuaishou.weapon.p0.aj.g(Unknown Source:0)

08-06 02:49:17.845  5771  8477 I LSPosed-Bridge: 	at com.kuaishou.weapon.p0.ci.a(Unknown Source:972)

08-06 02:49:17.845  5771  8477 I LSPosed-Bridge: 	at com.kuaishou.weapon.p0.ci.a(Unknown Source:17)

08-06 02:49:17.845  5771  8477 I LSPosed-Bridge: 	at com.kuaishou.weapon.p0.cy$1.run(Unknown Source:130)

08-06 02:49:17.845  5771  8477 I LSPosed-Bridge: 	at java.util.concurrent.ThreadPoolExecutor.runWorker(ThreadPoolExecutor.java:1167)

08-06 02:49:17.845  5771  8477 I LSPosed-Bridge: 	at java.util.concurrent.ThreadPoolExecutor$Worker.run(ThreadPoolExecutor.java:641)

08-06 02:49:17.845  5771  8477 I LSPosed-Bridge: 	at java.lang.Thread.run(Thread.java:764)

08-06 02:49:17.850  5771  8850 I LSPosed-Bridge: 5771 PermLabel hookBinder_test 10152 interfaceBinder =android.content.pm.IPackageManager; arg0 = 9; arg1 = android.os.Parcel@ef8a373; arg2 = android.os.Parcel@ba22c5f; arg3 = 0; res = true; stacktrace=java.lang.Exception

08-06 02:49:17.850  5771  8850 I LSPosed-Bridge: 	at com.example.permlabel.hookBinder_test$1.afterHookedMethod(hookBinder_test.java:55)

08-06 02:49:17.850  5771  8850 I LSPosed-Bridge: 	at de.robv.android.xposed.XposedBridge$AdditionalHookInfo.callback(Unknown Source:147)

08-06 02:49:17.850  5771  8850 I LSPosed-Bridge: 	at LSPHooker_.transact(Unknown Source:28)

08-06 02:49:17.850  5771  8850 I LSPosed-Bridge: 	at android.content.pm.IPackageManager$Stub$Proxy.getPermissionInfo(IPackageManager.java:3008)

08-06 02:49:17.850  5771  8850 I LSPosed-Bridge: 	at android.app.ApplicationPackageManager.getPermissionInfo(ApplicationPackageManager.java:306)

08-06 02:49:17.850  5771  8850 I LSPosed-Bridge: 	at com.example.permlabel.requestPerm$2.afterHookedMethod(requestPerm.java:176)

08-06 02:49:17.850  5771  8850 I LSPosed-Bridge: 	at de.robv.android.xposed.XposedBridge$AdditionalHookInfo.callback(Unknown Source:147)

08-06 02:49:17.850  5771  8850 I LSPosed-Bridge: 	at LSPHooker_.checkPermission(Unknown Source:25)

08-06 02:49:17.850  5771  8850 I LSPosed-Bridge: 	at android.content.ContextWrapper.checkPermission(ContextWrapper.java:738)

08-06 02:49:17.850  5771  8850 I LSPosed-Bridge: 	at android.content.ContextWrapper.checkPermission(ContextWrapper.java:738)

08-06 02:49:17.850  5771  8850 I LSPosed-Bridge: 	at android.content.ContextWrapper.checkPermission(ContextWrapper.java:738)

08-06 02:49:17.850  5771  8850 I LSPosed-Bridge: 	at com.bytedance.sdk.openadsdk.core.n.ge.dr(Unknown Source:34)

08-06 02:49:17.850  5771  8850 I LSPosed-Bridge: 	at com.bytedance.sdk.openadsdk.core.n.g.dr(Unknown Source:186)

08-06 02:49:17.850  5771  8850 I LSPosed-Bridge: 	at com.bytedance.sdk.openadsdk.core.a.isCanUsePhoneState(Unknown Source:50)

08-06 02:49:17.850  5771  8850 I LSPosed-Bridge: 	at com.bytedance.sdk.openadsdk.core.ii.bn(Unknown Source:180)

08-06 02:49:17.850  5771  8850 I LSPosed-Bridge: 	at com.bytedance.sdk.openadsdk.v.dr.ge(Unknown Source:104)

08-06 02:49:17.850  5771  8850 I LSPosed-Bridge: 	at com.bytedance.sdk.openadsdk.core.i.dr.ge.lp(Unknown Source:127)

08-06 02:49:17.850  5771  8850 I LSPosed-Bridge: 	at com.bytedance.sdk.openadsdk.core.i.dr.ge.dr(Unknown Source:116)

08-06 02:49:17.850  5771  8850 I LSPosed-Bridge: 	at com.bytedance.sdk.openadsdk.core.i.wb.dr(Unknown Source:60)

08-06 02:49:17.850  5771  8850 I LSPosed-Bridge: 	at com.bytedance.sdk.openadsdk.core.i.wb.dr(Unknown Source:21)

08-06 02:49:17.850  5771  8850 I LSPosed-Bridge: 	at com.bytedance.sdk.openadsdk.core.i.wb$1.run(Unknown Source:49)

08-06 02:49:17.850  5771  8850 I LSPosed-Bridge: 	at com.bytedance.sdk.component.ll.ge.run(Unknown Source:35)

08-06 02:49:17.850  5771  8850 I LSPosed-Bridge: 	at java.util.concurrent.ThreadPoolExecutor.runWorker(ThreadPoolExecutor.java:1167)

08-06 02:49:17.850  5771  8850 I LSPosed-Bridge: 	at java.util.concurrent.ThreadPoolExecutor$Worker.run(ThreadPoolExecutor.java:641)

08-06 02:49:17.850  5771  8850 I LSPosed-Bridge: 	at java.lang.Thread.run(Thread.java:764)

08-06 02:49:17.850  5771  8850 I LSPosed-Bridge: 5771 PermLabel 10152 ContextImpl Binder.getCallingPid() = 5771; Binder.getCallingUid() = 10152; permName: android.permission.READ_PHONE_STATE; res = -1; stacktrace=java.lang.Exception

08-06 02:49:17.850  5771  8850 I LSPosed-Bridge: 	at com.example.permlabel.requestPerm$2.afterHookedMethod(requestPerm.java:186)

08-06 02:49:17.850  5771  8850 I LSPosed-Bridge: 	at de.robv.android.xposed.XposedBridge$AdditionalHookInfo.callback(Unknown Source:147)

08-06 02:49:17.850  5771  8850 I LSPosed-Bridge: 	at LSPHooker_.checkPermission(Unknown Source:25)

08-06 02:49:17.850  5771  8850 I LSPosed-Bridge: 	at android.content.ContextWrapper.checkPermission(ContextWrapper.java:738)

08-06 02:49:17.850  5771  8850 I LSPosed-Bridge: 	at android.content.ContextWrapper.checkPermission(ContextWrapper.java:738)

08-06 02:49:17.850  5771  8850 I LSPosed-Bridge: 	at android.content.ContextWrapper.checkPermission(ContextWrapper.java:738)

08-06 02:49:17.850  5771  8850 I LSPosed-Bridge: 	at com.bytedance.sdk.openadsdk.core.n.ge.dr(Unknown Source:34)

08-06 02:49:17.850  5771  8850 I LSPosed-Bridge: 	at com.bytedance.sdk.openadsdk.core.n.g.dr(Unknown Source:186)

08-06 02:49:17.850  5771  8850 I LSPosed-Bridge: 	at com.bytedance.sdk.openadsdk.core.a.isCanUsePhoneState(Unknown Source:50)

08-06 02:49:17.850  5771  8850 I LSPosed-Bridge: 	at com.bytedance.sdk.openadsdk.core.ii.bn(Unknown Source:180)

08-06 02:49:17.850  5771  8850 I LSPosed-Bridge: 	at com.bytedance.sdk.openadsdk.v.dr.ge(Unknown Source:104)

08-06 02:49:17.850  5771  8850 I LSPosed-Bridge: 	at com.bytedance.sdk.openadsdk.core.i.dr.ge.lp(Unknown Source:127)

08-06 02:49:17.850  5771  8850 I LSPosed-Bridge: 	at com.bytedance.sdk.openadsdk.core.i.dr.ge.dr(Unknown Source:116)

08-06 02:49:17.850  5771  8850 I LSPosed-Bridge: 	at com.bytedance.sdk.openadsdk.core.i.wb.dr(Unknown Source:60)

08-06 02:49:17.850  5771  8850 I LSPosed-Bridge: 	at com.bytedance.sdk.openadsdk.core.i.wb.dr(Unknown Source:21)

08-06 02:49:17.850  5771  8850 I LSPosed-Bridge: 	at com.bytedance.sdk.openadsdk.core.i.wb$1.run(Unknown Source:49)

08-06 02:49:17.850  5771  8850 I LSPosed-Bridge: 	at com.bytedance.sdk.component.ll.ge.run(Unknown Source:35)

08-06 02:49:17.850  5771  8850 I LSPosed-Bridge: 	at java.util.concurrent.ThreadPoolExecutor.runWorker(ThreadPoolExecutor.java:1167)

08-06 02:49:17.850  5771  8850 I LSPosed-Bridge: 	at java.util.concurrent.ThreadPoolExecutor$Worker.run(ThreadPoolExecutor.java:641)

08-06 02:49:17.850  5771  8850 I LSPosed-Bridge: 	at java.lang.Thread.run(Thread.java:764)

08-06 02:49:17.851  5771  8850 I LSPosed-Bridge: 5771 PermLabel 10152 ContextImpl.checkPermission: pid = 5771; uid = 10152; permName: android.permission.READ_PHONE_STATE; type = 1; res = -1; stacktrace=java.lang.Exception

08-06 02:49:17.851  5771  8850 I LSPosed-Bridge: 	at com.example.permlabel.requestPerm$2.afterHookedMethod(requestPerm.java:210)

08-06 02:49:17.851  5771  8850 I LSPosed-Bridge: 	at de.robv.android.xposed.XposedBridge$AdditionalHookInfo.callback(Unknown Source:147)

08-06 02:49:17.851  5771  8850 I LSPosed-Bridge: 	at LSPHooker_.checkPermission(Unknown Source:25)

08-06 02:49:17.851  5771  8850 I LSPosed-Bridge: 	at android.content.ContextWrapper.checkPermission(ContextWrapper.java:738)

08-06 02:49:17.851  5771  8850 I LSPosed-Bridge: 	at android.content.ContextWrapper.checkPermission(ContextWrapper.java:738)

08-06 02:49:17.851  5771  8850 I LSPosed-Bridge: 	at android.content.ContextWrapper.checkPermission(ContextWrapper.java:738)

08-06 02:49:17.851  5771  8850 I LSPosed-Bridge: 	at com.bytedance.sdk.openadsdk.core.n.ge.dr(Unknown Source:34)

08-06 02:49:17.851  5771  8850 I LSPosed-Bridge: 	at com.bytedance.sdk.openadsdk.core.n.g.dr(Unknown Source:186)

08-06 02:49:17.851  5771  8850 I LSPosed-Bridge: 	at com.bytedance.sdk.openadsdk.core.a.isCanUsePhoneState(Unknown Source:50)

08-06 02:49:17.851  5771  8850 I LSPosed-Bridge: 	at com.bytedance.sdk.openadsdk.core.ii.bn(Unknown Source:180)

08-06 02:49:17.851  5771  8850 I LSPosed-Bridge: 	at com.bytedance.sdk.openadsdk.v.dr.ge(Unknown Source:104)

08-06 02:49:17.851  5771  8850 I LSPosed-Bridge: 	at com.bytedance.sdk.openadsdk.core.i.dr.ge.lp(Unknown Source:127)

08-06 02:49:17.851  5771  8850 I LSPosed-Bridge: 	at com.bytedance.sdk.openadsdk.core.i.dr.ge.dr(Unknown Source:116)

08-06 02:49:17.851  5771  8850 I LSPosed-Bridge: 	at com.bytedance.sdk.openadsdk.core.i.wb.dr(Unknown Source:60)

08-06 02:49:17.851  5771  8850 I LSPosed-Bridge: 	at com.bytedance.sdk.openadsdk.core.i.wb.dr(Unknown Source:21)

08-06 02:49:17.851  5771  8850 I LSPosed-Bridge: 	at com.bytedance.sdk.openadsdk.core.i.wb$1.run(Unknown Source:49)

08-06 02:49:17.851  5771  8850 I LSPosed-Bridge: 	at com.bytedance.sdk.component.ll.ge.run(Unknown Source:35)

08-06 02:49:17.851  5771  8850 I LSPosed-Bridge: 	at java.util.concurrent.ThreadPoolExecutor.runWorker(ThreadPoolExecutor.java:1167)

08-06 02:49:17.851  5771  8850 I LSPosed-Bridge: 	at java.util.concurrent.ThreadPoolExecutor$Worker.run(ThreadPoolExecutor.java:641)

08-06 02:49:17.851  5771  8850 I LSPosed-Bridge: 	at java.lang.Thread.run(Thread.java:764)

08-06 02:49:17.882  5771  8513 I LSPosed-Bridge: 5771 PermLabel hookBinder_test 10152 interfaceBinder =android.location.ILocationManager; arg0 = 31; arg1 = android.os.Parcel@ef8a373; arg2 = android.os.Parcel@ba22c5f; arg3 = 0; res = true; stacktrace=java.lang.Exception

08-06 02:49:17.882  5771  8513 I LSPosed-Bridge: 5771 PermLabel hookBinder_test 10152 interfaceBinder =android.location.ILocationManager; arg0 = 31; arg1 = android.os.Parcel@ef8a373; arg2 = android.os.Parcel@ba22c5f; arg3 = 0; res = true; stacktrace=java.lang.Exception

08-06 02:49:17.882  5771  8513 I LSPosed-Bridge: 	at com.example.permlabel.hookBinder_test$1.afterHookedMethod(hookBinder_test.java:55)

08-06 02:49:17.882  5771  8513 I LSPosed-Bridge: 	at com.example.permlabel.hookBinder_test$1.afterHookedMethod(hookBinder_test.java:55)

08-06 02:49:17.882  5771  8513 I LSPosed-Bridge: 	at de.robv.android.xposed.XposedBridge$AdditionalHookInfo.callback(Unknown Source:147)

08-06 02:49:17.882  5771  8513 I LSPosed-Bridge: 	at de.robv.android.xposed.XposedBridge$AdditionalHookInfo.callback(Unknown Source:147)

08-06 02:49:17.882  5771  8513 I LSPosed-Bridge: 	at LSPHooker_.transact(Unknown Source:28)

08-06 02:49:17.882  5771  8513 I LSPosed-Bridge: 	at LSPHooker_.transact(Unknown Source:28)

08-06 02:49:17.882  5771  8513 I LSPosed-Bridge: 	at android.location.ILocationManager$Stub$Proxy.isProviderEnabledForUser(ILocationManager.java:1381)

08-06 02:49:17.882  5771  8513 I LSPosed-Bridge: 	at android.location.ILocationManager$Stub$Proxy.isProviderEnabledForUser(ILocationManager.java:1381)

08-06 02:49:17.882  5771  8513 I LSPosed-Bridge: 	at android.location.LocationManager.isProviderEnabledForUser(LocationManager.java:1353)

08-06 02:49:17.882  5771  8513 I LSPosed-Bridge: 	at android.location.LocationManager.isProviderEnabledForUser(LocationManager.java:1353)

08-06 02:49:17.882  5771  8513 I LSPosed-Bridge: 	at android.location.LocationManager.isProviderEnabled(LocationManager.java:1323)

08-06 02:49:17.882  5771  8513 I LSPosed-Bridge: 	at android.location.LocationManager.isProviderEnabled(LocationManager.java:1323)

08-06 02:49:17.882  5771  8513 I LSPosed-Bridge: 	at com.kwad.sdk.utils.r.bW(Unknown Source:81)

08-06 02:49:17.882  5771  8513 I LSPosed-Bridge: 	at com.kwad.sdk.utils.r.bW(Unknown Source:81)

08-06 02:49:17.882  5771  8513 I LSPosed-Bridge: 	at com.kwad.sdk.utils.au.cI(Unknown Source:0)

08-06 02:49:17.882  5771  8513 I LSPosed-Bridge: 	at com.kwad.sdk.utils.au.cI(Unknown Source:0)

08-06 02:49:17.882  5771  8513 I LSPosed-Bridge: 	at com.kwad.sdk.utils.au.s(Unknown Source:0)

08-06 02:49:17.882  5771  8513 I LSPosed-Bridge: 	at com.kwad.sdk.utils.au.s(Unknown Source:0)

08-06 02:49:17.882  5771  8513 I LSPosed-Bridge: 	at com.kwad.sdk.utils.au$1.getLocation(Unknown Source:3)

08-06 02:49:17.882  5771  8513 I LSPosed-Bridge: 	at com.kwad.sdk.utils.au$1.getLocation(Unknown Source:3)

08-06 02:49:17.882  5771  8513 I LSPosed-Bridge: 	at com.kwad.sdk.f.b.getLocation(Unknown Source:4)

08-06 02:49:17.882  5771  8513 I LSPosed-Bridge: 	at com.kwad.sdk.f.b.getLocation(Unknown Source:4)

08-06 02:49:17.882  5771  8513 I LSPosed-Bridge: 	at com.kuaishou.weapon.p0.cm.a(Unknown Source:3122)

08-06 02:49:17.882  5771  8513 I LSPosed-Bridge: 	at com.kuaishou.weapon.p0.cm.a(Unknown Source:3122)

08-06 02:49:17.882  5771  8513 I LSPosed-Bridge: 	at com.kuaishou.weapon.p0.cm.a(Unknown Source:17)

08-06 02:49:17.882  5771  8513 I LSPosed-Bridge: 	at com.kuaishou.weapon.p0.cm.a(Unknown Source:17)

08-06 02:49:17.882  5771  8513 I LSPosed-Bridge: 	at com.kuaishou.weapon.p0.dc$1.run(Unknown Source:130)

08-06 02:49:17.882  5771  8513 I LSPosed-Bridge: 	at com.kuaishou.weapon.p0.dc$1.run(Unknown Source:130)

08-06 02:49:17.882  5771  8513 I LSPosed-Bridge: 	at java.util.concurrent.ThreadPoolExecutor.runWorker(ThreadPoolExecutor.java:1167)

08-06 02:49:17.882  5771  8513 I LSPosed-Bridge: 	at java.util.concurrent.ThreadPoolExecutor.runWorker(ThreadPoolExecutor.java:1167)

08-06 02:49:17.882  5771  8513 I LSPosed-Bridge: 	at java.util.concurrent.ThreadPoolExecutor$Worker.run(ThreadPoolExecutor.java:641)

08-06 02:49:17.882  5771  8513 I LSPosed-Bridge: 	at java.util.concurrent.ThreadPoolExecutor$Worker.run(ThreadPoolExecutor.java:641)

08-06 02:49:17.882  5771  8513 I LSPosed-Bridge: 	at java.lang.Thread.run(Thread.java:764)

08-06 02:49:17.882  5771  8513 I LSPosed-Bridge: 	at java.lang.Thread.run(Thread.java:764)

08-06 02:49:17.882  5771  8855 I LSPosed-Bridge: 5771 PermLabel hookBinder_test 10152 interfaceBinder =android.content.pm.IPackageManager; arg0 = 9; arg1 = android.os.Parcel@fa3489f; arg2 = android.os.Parcel@4d55cfe; arg3 = 0; res = true; stacktrace=java.lang.Exception

08-06 02:49:17.882  5771  8855 I LSPosed-Bridge: 5771 PermLabel hookBinder_test 10152 interfaceBinder =android.content.pm.IPackageManager; arg0 = 9; arg1 = android.os.Parcel@fa3489f; arg2 = android.os.Parcel@4d55cfe; arg3 = 0; res = true; stacktrace=java.lang.Exception

08-06 02:49:17.882  5771  8855 I LSPosed-Bridge: 	at com.example.permlabel.hookBinder_test$1.afterHookedMethod(hookBinder_test.java:55)

08-06 02:49:17.882  5771  8855 I LSPosed-Bridge: 	at com.example.permlabel.hookBinder_test$1.afterHookedMethod(hookBinder_test.java:55)

08-06 02:49:17.882  5771  8855 I LSPosed-Bridge: 	at de.robv.android.xposed.XposedBridge$AdditionalHookInfo.callback(Unknown Source:147)

08-06 02:49:17.882  5771  8855 I LSPosed-Bridge: 	at de.robv.android.xposed.XposedBridge$AdditionalHookInfo.callback(Unknown Source:147)

08-06 02:49:17.882  5771  8855 I LSPosed-Bridge: 	at LSPHooker_.transact(Unknown Source:28)

08-06 02:49:17.882  5771  8855 I LSPosed-Bridge: 	at LSPHooker_.transact(Unknown Source:28)

08-06 02:49:17.882  5771  8855 I LSPosed-Bridge: 	at android.content.pm.IPackageManager$Stub$Proxy.getPermissionInfo(IPackageManager.java:3008)

08-06 02:49:17.882  5771  8855 I LSPosed-Bridge: 	at android.content.pm.IPackageManager$Stub$Proxy.getPermissionInfo(IPackageManager.java:3008)

08-06 02:49:17.882  5771  8855 I LSPosed-Bridge: 	at android.app.ApplicationPackageManager.getPermissionInfo(ApplicationPackageManager.java:306)

08-06 02:49:17.882  5771  8855 I LSPosed-Bridge: 	at android.app.ApplicationPackageManager.getPermissionInfo(ApplicationPackageManager.java:306)

08-06 02:49:17.882  5771  8855 I LSPosed-Bridge: 	at com.example.permlabel.requestPerm$2.afterHookedMethod(requestPerm.java:176)

08-06 02:49:17.882  5771  8855 I LSPosed-Bridge: 	at com.example.permlabel.requestPerm$2.afterHookedMethod(requestPerm.java:176)

08-06 02:49:17.882  5771  8855 I LSPosed-Bridge: 	at de.robv.android.xposed.XposedBridge$AdditionalHookInfo.callback(Unknown Source:147)

08-06 02:49:17.882  5771  8855 I LSPosed-Bridge: 	at de.robv.android.xposed.XposedBridge$AdditionalHookInfo.callback(Unknown Source:147)

08-06 02:49:17.882  5771  8855 I LSPosed-Bridge: 	at LSPHooker_.checkPermission(Unknown Source:25)

08-06 02:49:17.882  5771  8855 I LSPosed-Bridge: 	at LSPHooker_.checkPermission(Unknown Source:25)

08-06 02:49:17.882  5771  8855 I LSPosed-Bridge: 	at android.app.ContextImpl.checkSelfPermission(ContextImpl.java:1801)

08-06 02:49:17.882  5771  8855 I LSPosed-Bridge: 	at android.app.ContextImpl.checkSelfPermission(ContextImpl.java:1801)

08-06 02:49:17.882  5771  8855 I LSPosed-Bridge: 	at android.content.ContextWrapper.checkSelfPermission(ContextWrapper.java:759)

08-06 02:49:17.882  5771  8855 I LSPosed-Bridge: 	at android.content.ContextWrapper.checkSelfPermission(ContextWrapper.java:759)

08-06 02:49:17.882  5771  8855 I LSPosed-Bridge: 	at android.content.ContextWrapper.checkSelfPermission(ContextWrapper.java:759)

08-06 02:49:17.882  5771  8855 I LSPosed-Bridge: 	at android.content.ContextWrapper.checkSelfPermission(ContextWrapper.java:759)

08-06 02:49:17.882  5771  8855 I LSPosed-Bridge: 	at android.content.ContextWrapper.checkSelfPermission(ContextWrapper.java:759)

08-06 02:49:17.882  5771  8855 I LSPosed-Bridge: 	at android.content.ContextWrapper.checkSelfPermission(ContextWrapper.java:759)

08-06 02:49:17.882  5771  8855 I LSPosed-Bridge: 5771 PermLabel 10152 ContextImpl Binder.getCallingPid() = 5771; Binder.getCallingUid() = 10152; permName: android.permission.READ_PHONE_STATE; res = -1; stacktrace=java.lang.Exception

08-06 02:49:17.882  5771  8855 I LSPosed-Bridge: 5771 PermLabel 10152 ContextImpl Binder.getCallingPid() = 5771; Binder.getCallingUid() = 10152; permName: android.permission.READ_PHONE_STATE; res = -1; stacktrace=java.lang.Exception

08-06 02:49:17.882  5771  8855 I LSPosed-Bridge: 	at com.example.permlabel.requestPerm$2.afterHookedMethod(requestPerm.java:186)

08-06 02:49:17.882  5771  8855 I LSPosed-Bridge: 	at com.example.permlabel.requestPerm$2.afterHookedMethod(requestPerm.java:186)

08-06 02:49:17.882  5771  8855 I LSPosed-Bridge: 	at de.robv.android.xposed.XposedBridge$AdditionalHookInfo.callback(Unknown Source:147)

08-06 02:49:17.882  5771  8855 I LSPosed-Bridge: 	at de.robv.android.xposed.XposedBridge$AdditionalHookInfo.callback(Unknown Source:147)

08-06 02:49:17.882  5771  8855 I LSPosed-Bridge: 	at LSPHooker_.checkPermission(Unknown Source:25)

08-06 02:49:17.882  5771  8855 I LSPosed-Bridge: 	at LSPHooker_.checkPermission(Unknown Source:25)

08-06 02:49:17.882  5771  8855 I LSPosed-Bridge: 	at android.app.ContextImpl.checkSelfPermission(ContextImpl.java:1801)

08-06 02:49:17.882  5771  8855 I LSPosed-Bridge: 	at android.app.ContextImpl.checkSelfPermission(ContextImpl.java:1801)

08-06 02:49:17.882  5771  8855 I LSPosed-Bridge: 	at android.content.ContextWrapper.checkSelfPermission(ContextWrapper.java:759)

08-06 02:49:17.882  5771  8855 I LSPosed-Bridge: 	at android.content.ContextWrapper.checkSelfPermission(ContextWrapper.java:759)

08-06 02:49:17.882  5771  8855 I LSPosed-Bridge: 	at android.content.ContextWrapper.checkSelfPermission(ContextWrapper.java:759)

08-06 02:49:17.882  5771  8855 I LSPosed-Bridge: 	at android.content.ContextWrapper.checkSelfPermission(ContextWrapper.java:759)

08-06 02:49:17.882  5771  8855 I LSPosed-Bridge: 	at android.content.ContextWrapper.checkSelfPermission(ContextWrapper.java:759)

08-06 02:49:17.882  5771  8855 I LSPosed-Bridge: 	at android.content.ContextWrapper.checkSelfPermission(ContextWrapper.java:759)

08-06 02:49:17.882  5771  8855 I LSPosed-Bridge: 5771 PermLabel 10152 ContextImpl.checkPermission: pid = 5771; uid = 10152; permName: android.permission.READ_PHONE_STATE; type = 1; res = -1; stacktrace=java.lang.Exception

08-06 02:49:17.882  5771  8855 I LSPosed-Bridge: 5771 PermLabel 10152 ContextImpl.checkPermission: pid = 5771; uid = 10152; permName: android.permission.READ_PHONE_STATE; type = 1; res = -1; stacktrace=java.lang.Exception

08-06 02:49:17.882  5771  8855 I LSPosed-Bridge: 	at com.example.permlabel.requestPerm$2.afterHookedMethod(requestPerm.java:210)

08-06 02:49:17.882  5771  8855 I LSPosed-Bridge: 	at com.example.permlabel.requestPerm$2.afterHookedMethod(requestPerm.java:210)

08-06 02:49:17.882  5771  8855 I LSPosed-Bridge: 	at de.robv.android.xposed.XposedBridge$AdditionalHookInfo.callback(Unknown Source:147)

08-06 02:49:17.882  5771  8855 I LSPosed-Bridge: 	at de.robv.android.xposed.XposedBridge$AdditionalHookInfo.callback(Unknown Source:147)

08-06 02:49:17.882  5771  8855 I LSPosed-Bridge: 	at LSPHooker_.checkPermission(Unknown Source:25)

08-06 02:49:17.882  5771  8855 I LSPosed-Bridge: 	at LSPHooker_.checkPermission(Unknown Source:25)

08-06 02:49:17.882  5771  8855 I LSPosed-Bridge: 	at android.app.ContextImpl.checkSelfPermission(ContextImpl.java:1801)

08-06 02:49:17.882  5771  8855 I LSPosed-Bridge: 	at android.app.ContextImpl.checkSelfPermission(ContextImpl.java:1801)

08-06 02:49:17.882  5771  8855 I LSPosed-Bridge: 	at android.content.ContextWrapper.checkSelfPermission(ContextWrapper.java:759)

08-06 02:49:17.882  5771  8855 I LSPosed-Bridge: 	at android.content.ContextWrapper.checkSelfPermission(ContextWrapper.java:759)

08-06 02:49:17.882  5771  8855 I LSPosed-Bridge: 	at android.content.ContextWrapper.checkSelfPermission(ContextWrapper.java:759)

08-06 02:49:17.882  5771  8855 I LSPosed-Bridge: 	at android.content.ContextWrapper.checkSelfPermission(ContextWrapper.java:759)

08-06 02:49:17.882  5771  8855 I LSPosed-Bridge: 	at android.content.ContextWrapper.checkSelfPermission(ContextWrapper.java:759)

08-06 02:49:17.882  5771  8855 I LSPosed-Bridge: 	at android.content.ContextWrapper.checkSelfPermission(ContextWrapper.java:759)

08-06 02:49:17.909  5771  8513 I LSPosed-Bridge: 5771 PermLabel 10152 ContextImpl Binder.getCallingPid() = 5771; Binder.getCallingUid() = 10152; permName: android.permission.READ_PHONE_STATE; res = -1; stacktrace=java.lang.Exception

08-06 02:49:17.909  5771  8513 I LSPosed-Bridge: 	at com.example.permlabel.requestPerm$2.afterHookedMethod(requestPerm.java:186)

08-06 02:49:17.909  5771  8513 I LSPosed-Bridge: 	at de.robv.android.xposed.XposedBridge$AdditionalHookInfo.callback(Unknown Source:147)

08-06 02:49:17.909  5771  8513 I LSPosed-Bridge: 	at LSPHooker_.checkPermission(Unknown Source:25)

08-06 02:49:17.909  5771  8513 I LSPosed-Bridge: 	at android.content.ContextWrapper.checkPermission(ContextWrapper.java:738)

08-06 02:49:17.909  5771  8513 I LSPosed-Bridge: 	at com.kwad.sdk.utils.SystemUtil.b(Unknown Source:17)

08-06 02:49:17.909  5771  8513 I LSPosed-Bridge: 	at com.kwad.sdk.utils.SystemUtil.cZ(Unknown Source:14)

08-06 02:49:17.909  5771  8513 I LSPosed-Bridge: 	at com.kwad.sdk.utils.be.dh(Unknown Source:10)

08-06 02:49:17.909  5771  8513 I LSPosed-Bridge: 	at com.kwad.sdk.utils.au.cF(Unknown Source:0)

08-06 02:49:17.909  5771  8513 I LSPosed-Bridge: 	at com.kwad.sdk.utils.ax$e.cW(Unknown Source:5)

08-06 02:49:17.909  5771  8513 I LSPosed-Bridge: 	at com.kwad.sdk.utils.ax$e.bR(Unknown Source:0)

08-06 02:49:17.909  5771  8513 I LSPosed-Bridge: 	at com.kwad.sdk.utils.j.bQ(Unknown Source:11)

08-06 02:49:17.909  5771  8513 I LSPosed-Bridge: 	at com.kwad.sdk.utils.ax.fH(Unknown Source:8)

08-06 02:49:17.909  5771  8513 I LSPosed-Bridge: 	at com.kwad.sdk.utils.ax.Hj(Unknown Source:11)

08-06 02:49:17.909  5771  8513 I LSPosed-Bridge: 	at com.kwad.sdk.k.a.f.Hj(Unknown Source:20)

08-06 02:49:17.909  5771  8513 I LSPosed-Bridge: 	at com.kwad.sdk.utils.au.Jh(Unknown Source:0)

08-06 02:49:17.909  5771  8513 I LSPosed-Bridge: 	at com.kwad.sdk.utils.au.bJ(Unknown Source:0)

08-06 02:49:17.909  5771  8513 I LSPosed-Bridge: 	at com.kwad.sdk.utils.au$1.Fu(Unknown Source:1)

08-06 02:49:17.909  5771  8513 I LSPosed-Bridge: 	at com.kwad.sdk.f.b.Fu(Unknown Source:4)

08-06 02:49:17.909  5771  8513 I LSPosed-Bridge: 	at com.kuaishou.weapon.p0.cm.a(Unknown Source:3161)

08-06 02:49:17.909  5771  8513 I LSPosed-Bridge: 	at com.kuaishou.weapon.p0.cm.a(Unknown Source:17)

08-06 02:49:17.909  5771  8513 I LSPosed-Bridge: 	at com.kuaishou.weapon.p0.dc$1.run(Unknown Source:130)

08-06 02:49:17.909  5771  8513 I LSPosed-Bridge: 	at java.util.concurrent.ThreadPoolExecutor.runWorker(ThreadPoolExecutor.java:1167)

08-06 02:49:17.909  5771  8513 I LSPosed-Bridge: 	at java.util.concurrent.ThreadPoolExecutor$Worker.run(ThreadPoolExecutor.java:641)

08-06 02:49:17.909  5771  8513 I LSPosed-Bridge: 	at java.lang.Thread.run(Thread.java:764)

08-06 02:49:17.909  9679  9786 I NativeLibraryLoader: tts_android (null) was loaded normally!

08-06 02:49:17.910   555   555 I ConfigStore: android::hardware::configstore::V1_0::ISurfaceFlingerConfigs::hasHDRDisplay retrieved: 0

08-06 02:49:17.910  5771  8513 I LSPosed-Bridge: 5771 PermLabel 10152 ContextImpl.checkPermission: pid = 5771; uid = 10152; permName: android.permission.READ_PHONE_STATE; type = 1; res = -1; stacktrace=java.lang.Exception

08-06 02:49:17.910  5771  8513 I LSPosed-Bridge: 	at com.example.permlabel.requestPerm$2.afterHookedMethod(requestPerm.java:210)

08-06 02:49:17.910  5771  8513 I LSPosed-Bridge: 	at de.robv.android.xposed.XposedBridge$AdditionalHookInfo.callback(Unknown Source:147)

08-06 02:49:17.910  5771  8513 I LSPosed-Bridge: 	at LSPHooker_.checkPermission(Unknown Source:25)

