08-06 02:49:16.462  5771  8488 I LSPosed-Bridge: 	at com.kwad.sdk.utils.au$1.Fs(Unknown Source:28)

08-06 02:49:16.462  5771  8488 I LSPosed-Bridge: 	at com.kwad.sdk.f.b.Fs(Unknown Source:4)

08-06 02:49:16.462  5771  8488 I LSPosed-Bridge: 	at com.kwad.sdk.f.b.Fs(Unknown Source:4)

08-06 02:49:16.462  5771  8488 I LSPosed-Bridge: 	at com.kuaishou.weapon.p0.bv.a(Unknown Source:822)

08-06 02:49:16.462  5771  8488 I LSPosed-Bridge: 	at com.kuaishou.weapon.p0.bv.a(Unknown Source:822)

08-06 02:49:16.462  5771  8488 I LSPosed-Bridge: 	at com.kuaishou.weapon.p0.bv.a(Unknown Source:21)

08-06 02:49:16.462  5771  8488 I LSPosed-Bridge: 	at com.kuaishou.weapon.p0.bv.a(Unknown Source:21)

08-06 02:49:16.462  5771  8488 I LSPosed-Bridge: 	at com.kuaishou.weapon.p0.db$1.run(Unknown Source:97)

08-06 02:49:16.462  5771  8488 I LSPosed-Bridge: 	at com.kuaishou.weapon.p0.db$1.run(Unknown Source:97)

08-06 02:49:16.462  5771  8488 I LSPosed-Bridge: 	at java.util.concurrent.ThreadPoolExecutor.runWorker(ThreadPoolExecutor.java:1167)

08-06 02:49:16.462  5771  8488 I LSPosed-Bridge: 	at java.util.concurrent.ThreadPoolExecutor.runWorker(ThreadPoolExecutor.java:1167)

08-06 02:49:16.462  5771  8488 I LSPosed-Bridge: 	at java.util.concurrent.ThreadPoolExecutor$Worker.run(ThreadPoolExecutor.java:641)

08-06 02:49:16.462  5771  8488 I LSPosed-Bridge: 	at java.util.concurrent.ThreadPoolExecutor$Worker.run(ThreadPoolExecutor.java:641)

08-06 02:49:16.462  5771  8488 I LSPosed-Bridge: 	at java.lang.Thread.run(Thread.java:764)

08-06 02:49:16.462  5771  8488 I LSPosed-Bridge: 	at java.lang.Thread.run(Thread.java:764)

08-06 02:49:16.462  5771  8488 I LSPosed-Bridge: 5771 PermLabel 10152 ContextImpl.checkPermission: pid = 5771; uid = 10152; permName: android.permission.READ_PHONE_STATE; type = 1; res = -1; stacktrace=java.lang.Exception

08-06 02:49:16.462  5771  8488 I LSPosed-Bridge: 5771 PermLabel 10152 ContextImpl.checkPermission: pid = 5771; uid = 10152; permName: android.permission.READ_PHONE_STATE; type = 1; res = -1; stacktrace=java.lang.Exception

08-06 02:49:16.462  5771  8488 I LSPosed-Bridge: 	at com.example.permlabel.requestPerm$2.afterHookedMethod(requestPerm.java:210)

08-06 02:49:16.462  5771  8488 I LSPosed-Bridge: 	at com.example.permlabel.requestPerm$2.afterHookedMethod(requestPerm.java:210)

08-06 02:49:16.462  5771  8488 I LSPosed-Bridge: 	at de.robv.android.xposed.XposedBridge$AdditionalHookInfo.callback(Unknown Source:147)

08-06 02:49:16.462  5771  8488 I LSPosed-Bridge: 	at de.robv.android.xposed.XposedBridge$AdditionalHookInfo.callback(Unknown Source:147)

08-06 02:49:16.462  5771  8488 I LSPosed-Bridge: 	at LSPHooker_.checkPermission(Unknown Source:25)

08-06 02:49:16.462  5771  8488 I LSPosed-Bridge: 	at LSPHooker_.checkPermission(Unknown Source:25)

08-06 02:49:16.462  5771  8488 I LSPosed-Bridge: 	at android.content.ContextWrapper.checkPermission(ContextWrapper.java:738)

08-06 02:49:16.462  5771  8488 I LSPosed-Bridge: 	at android.content.ContextWrapper.checkPermission(ContextWrapper.java:738)

08-06 02:49:16.462  5771  8488 I LSPosed-Bridge: 	at com.kwad.sdk.utils.SystemUtil.b(Unknown Source:17)

08-06 02:49:16.462  5771  8488 I LSPosed-Bridge: 	at com.kwad.sdk.utils.SystemUtil.b(Unknown Source:17)

08-06 02:49:16.462  5771  8488 I LSPosed-Bridge: 	at com.kwad.sdk.utils.SystemUtil.cZ(Unknown Source:14)

08-06 02:49:16.462  5771  8488 I LSPosed-Bridge: 	at com.kwad.sdk.utils.SystemUtil.cZ(Unknown Source:14)

08-06 02:49:16.462  5771  8488 I LSPosed-Bridge: 	at com.kwad.sdk.utils.be.cB(Unknown Source:17)

08-06 02:49:16.462  5771  8488 I LSPosed-Bridge: 	at com.kwad.sdk.utils.be.cB(Unknown Source:17)

08-06 02:49:16.462  5771  8488 I LSPosed-Bridge: 	at com.kwad.sdk.utils.au.h(Unknown Source:0)

08-06 02:49:16.462  5771  8488 I LSPosed-Bridge: 	at com.kwad.sdk.utils.au.h(Unknown Source:0)

08-06 02:49:16.462  5771  8488 I LSPosed-Bridge: 	at com.kwad.sdk.utils.au.o(Unknown Source:1)

08-06 02:49:16.462  5771  8488 I LSPosed-Bridge: 	at com.kwad.sdk.utils.au.o(Unknown Source:1)

08-06 02:49:16.462  5771  8488 I LSPosed-Bridge: 	at com.kwad.sdk.utils.au$1.Fs(Unknown Source:28)

08-06 02:49:16.462  5771  8488 I LSPosed-Bridge: 	at com.kwad.sdk.utils.au$1.Fs(Unknown Source:28)

08-06 02:49:16.462  5771  8488 I LSPosed-Bridge: 	at com.kwad.sdk.f.b.Fs(Unknown Source:4)

08-06 02:49:16.462  5771  8488 I LSPosed-Bridge: 	at com.kwad.sdk.f.b.Fs(Unknown Source:4)

08-06 02:49:16.462  5771  8488 I LSPosed-Bridge: 	at com.kuaishou.weapon.p0.bv.a(Unknown Source:822)

08-06 02:49:16.462  5771  8488 I LSPosed-Bridge: 	at com.kuaishou.weapon.p0.bv.a(Unknown Source:822)

08-06 02:49:16.462  5771  8488 I LSPosed-Bridge: 	at com.kuaishou.weapon.p0.bv.a(Unknown Source:21)

08-06 02:49:16.462  5771  8488 I LSPosed-Bridge: 	at com.kuaishou.weapon.p0.bv.a(Unknown Source:21)

08-06 02:49:16.462  5771  8488 I LSPosed-Bridge: 	at com.kuaishou.weapon.p0.db$1.run(Unknown Source:97)

08-06 02:49:16.462  5771  8488 I LSPosed-Bridge: 	at com.kuaishou.weapon.p0.db$1.run(Unknown Source:97)

08-06 02:49:16.462  5771  8488 I LSPosed-Bridge: 	at java.util.concurrent.ThreadPoolExecutor.runWorker(ThreadPoolExecutor.java:1167)

08-06 02:49:16.462  5771  8488 I LSPosed-Bridge: 	at java.util.concurrent.ThreadPoolExecutor.runWorker(ThreadPoolExecutor.java:1167)

08-06 02:49:16.462  5771  8488 I LSPosed-Bridge: 	at java.util.concurrent.ThreadPoolExecutor$Worker.run(ThreadPoolExecutor.java:641)

08-06 02:49:16.462  5771  8488 I LSPosed-Bridge: 	at java.util.concurrent.ThreadPoolExecutor$Worker.run(ThreadPoolExecutor.java:641)

08-06 02:49:16.462  5771  8488 I LSPosed-Bridge: 	at java.lang.Thread.run(Thread.java:764)

08-06 02:49:16.462  5771  8488 I LSPosed-Bridge: 	at java.lang.Thread.run(Thread.java:764)

08-06 02:49:16.479  5771  8513 I LSPosed-Bridge: 5771 PermLabel 10152 ContextImpl Binder.getCallingPid() = 5771; Binder.getCallingUid() = 10152; permName: android.permission.READ_PHONE_STATE; res = -1; stacktrace=java.lang.Exception

08-06 02:49:16.479  5771  8513 I LSPosed-Bridge: 5771 PermLabel 10152 ContextImpl Binder.getCallingPid() = 5771; Binder.getCallingUid() = 10152; permName: android.permission.READ_PHONE_STATE; res = -1; stacktrace=java.lang.Exception

08-06 02:49:16.479  5771  8513 I LSPosed-Bridge: 	at com.example.permlabel.requestPerm$2.afterHookedMethod(requestPerm.java:186)

08-06 02:49:16.479  5771  8513 I LSPosed-Bridge: 	at com.example.permlabel.requestPerm$2.afterHookedMethod(requestPerm.java:186)

08-06 02:49:16.479  5771  8513 I LSPosed-Bridge: 	at de.robv.android.xposed.XposedBridge$AdditionalHookInfo.callback(Unknown Source:147)

08-06 02:49:16.479  5771  8513 I LSPosed-Bridge: 	at de.robv.android.xposed.XposedBridge$AdditionalHookInfo.callback(Unknown Source:147)

08-06 02:49:16.479  5771  8513 I LSPosed-Bridge: 	at LSPHooker_.checkPermission(Unknown Source:25)

08-06 02:49:16.479  5771  8513 I LSPosed-Bridge: 	at LSPHooker_.checkPermission(Unknown Source:25)

08-06 02:49:16.479  5771  8513 I LSPosed-Bridge: 	at android.content.ContextWrapper.checkPermission(ContextWrapper.java:738)

08-06 02:49:16.479  5771  8513 I LSPosed-Bridge: 	at android.content.ContextWrapper.checkPermission(ContextWrapper.java:738)

08-06 02:49:16.479  5771  8513 I LSPosed-Bridge: 	at com.kuaishou.weapon.p0.g.a(Unknown Source:13)

08-06 02:49:16.479  5771  8513 I LSPosed-Bridge: 	at com.kuaishou.weapon.p0.g.a(Unknown Source:13)

08-06 02:49:16.479  5771  8513 I LSPosed-Bridge: 	at com.kuaishou.weapon.p0.bg.A(Unknown Source:38)

08-06 02:49:16.479  5771  8513 I LSPosed-Bridge: 	at com.kuaishou.weapon.p0.bg.A(Unknown Source:38)

08-06 02:49:16.479  5771  8513 I LSPosed-Bridge: 	at com.kuaishou.weapon.p0.cm.a(Unknown Source:1729)

08-06 02:49:16.479  5771  8513 I LSPosed-Bridge: 	at com.kuaishou.weapon.p0.cm.a(Unknown Source:1729)

08-06 02:49:16.479  5771  8513 I LSPosed-Bridge: 	at com.kuaishou.weapon.p0.cm.a(Unknown Source:17)

08-06 02:49:16.479  5771  8513 I LSPosed-Bridge: 	at com.kuaishou.weapon.p0.cm.a(Unknown Source:17)

08-06 02:49:16.479  5771  8513 I LSPosed-Bridge: 	at com.kuaishou.weapon.p0.dc$1.run(Unknown Source:130)

08-06 02:49:16.479  5771  8513 I LSPosed-Bridge: 	at com.kuaishou.weapon.p0.dc$1.run(Unknown Source:130)

08-06 02:49:16.479  5771  8513 I LSPosed-Bridge: 	at java.util.concurrent.ThreadPoolExecutor.runWorker(ThreadPoolExecutor.java:1167)

08-06 02:49:16.479  5771  8513 I LSPosed-Bridge: 	at java.util.concurrent.ThreadPoolExecutor.runWorker(ThreadPoolExecutor.java:1167)

08-06 02:49:16.479  5771  8513 I LSPosed-Bridge: 	at java.util.concurrent.ThreadPoolExecutor$Worker.run(ThreadPoolExecutor.java:641)

08-06 02:49:16.479  5771  8513 I LSPosed-Bridge: 	at java.util.concurrent.ThreadPoolExecutor$Worker.run(ThreadPoolExecutor.java:641)

08-06 02:49:16.479  5771  8513 I LSPosed-Bridge: 	at java.lang.Thread.run(Thread.java:764)

08-06 02:49:16.479  5771  8513 I LSPosed-Bridge: 	at java.lang.Thread.run(Thread.java:764)

08-06 02:49:16.479  5771  8513 I LSPosed-Bridge: 5771 PermLabel 10152 ContextImpl.checkPermission: pid = 5771; uid = 10152; permName: android.permission.READ_PHONE_STATE; type = 1; res = -1; stacktrace=java.lang.Exception

08-06 02:49:16.479  5771  8513 I LSPosed-Bridge: 5771 PermLabel 10152 ContextImpl.checkPermission: pid = 5771; uid = 10152; permName: android.permission.READ_PHONE_STATE; type = 1; res = -1; stacktrace=java.lang.Exception

08-06 02:49:16.479  5771  8513 I LSPosed-Bridge: 	at com.example.permlabel.requestPerm$2.afterHookedMethod(requestPerm.java:210)

08-06 02:49:16.479  5771  8513 I LSPosed-Bridge: 	at com.example.permlabel.requestPerm$2.afterHookedMethod(requestPerm.java:210)

08-06 02:49:16.479  5771  8513 I LSPosed-Bridge: 	at de.robv.android.xposed.XposedBridge$AdditionalHookInfo.callback(Unknown Source:147)

08-06 02:49:16.479  5771  8513 I LSPosed-Bridge: 	at de.robv.android.xposed.XposedBridge$AdditionalHookInfo.callback(Unknown Source:147)

08-06 02:49:16.479  5771  8513 I LSPosed-Bridge: 	at LSPHooker_.checkPermission(Unknown Source:25)

08-06 02:49:16.479  5771  8513 I LSPosed-Bridge: 	at LSPHooker_.checkPermission(Unknown Source:25)

08-06 02:49:16.479  5771  8513 I LSPosed-Bridge: 	at android.content.ContextWrapper.checkPermission(ContextWrapper.java:738)

08-06 02:49:16.479  5771  8513 I LSPosed-Bridge: 	at android.content.ContextWrapper.checkPermission(ContextWrapper.java:738)

08-06 02:49:16.479  5771  8513 I LSPosed-Bridge: 	at com.kuaishou.weapon.p0.g.a(Unknown Source:13)

08-06 02:49:16.479  5771  8513 I LSPosed-Bridge: 	at com.kuaishou.weapon.p0.g.a(Unknown Source:13)

08-06 02:49:16.479  5771  8513 I LSPosed-Bridge: 	at com.kuaishou.weapon.p0.bg.A(Unknown Source:38)

08-06 02:49:16.479  5771  8513 I LSPosed-Bridge: 	at com.kuaishou.weapon.p0.bg.A(Unknown Source:38)

08-06 02:49:16.479  5771  8513 I LSPosed-Bridge: 	at com.kuaishou.weapon.p0.cm.a(Unknown Source:1729)

08-06 02:49:16.479  5771  8513 I LSPosed-Bridge: 	at com.kuaishou.weapon.p0.cm.a(Unknown Source:1729)

08-06 02:49:16.479  5771  8513 I LSPosed-Bridge: 	at com.kuaishou.weapon.p0.cm.a(Unknown Source:17)

08-06 02:49:16.479  5771  8513 I LSPosed-Bridge: 	at com.kuaishou.weapon.p0.cm.a(Unknown Source:17)

08-06 02:49:16.479  5771  8513 I LSPosed-Bridge: 	at com.kuaishou.weapon.p0.dc$1.run(Unknown Source:130)

08-06 02:49:16.479  5771  8513 I LSPosed-Bridge: 	at com.kuaishou.weapon.p0.dc$1.run(Unknown Source:130)

08-06 02:49:16.479  5771  8513 I LSPosed-Bridge: 	at java.util.concurrent.ThreadPoolExecutor.runWorker(ThreadPoolExecutor.java:1167)

08-06 02:49:16.479  5771  8513 I LSPosed-Bridge: 	at java.util.concurrent.ThreadPoolExecutor.runWorker(ThreadPoolExecutor.java:1167)

08-06 02:49:16.479  5771  8513 I LSPosed-Bridge: 	at java.util.concurrent.ThreadPoolExecutor$Worker.run(ThreadPoolExecutor.java:641)

08-06 02:49:16.479  5771  8513 I LSPosed-Bridge: 	at java.util.concurrent.ThreadPoolExecutor$Worker.run(ThreadPoolExecutor.java:641)

08-06 02:49:16.479  5771  8513 I LSPosed-Bridge: 	at java.lang.Thread.run(Thread.java:764)

08-06 02:49:16.479  5771  8513 I LSPosed-Bridge: 	at java.lang.Thread.run(Thread.java:764)

08-06 02:49:16.567  9319  9476 W DMC->DMService: ********** notify_start **********

08-06 02:49:16.567  5771  8488 I LSPosed-Bridge: 5771 PermLabel hookBinder_test 10152 interfaceBinder =android.content.pm.IPackageManager; arg0 = 9; arg1 = android.os.Parcel@e0b2bed; arg2 = android.os.Parcel@61ec0d5; arg3 = 0; res = true; stacktrace=java.lang.Exception

08-06 02:49:16.567  5771  8488 I LSPosed-Bridge: 	at com.example.permlabel.hookBinder_test$1.afterHookedMethod(hookBinder_test.java:55)

08-06 02:49:16.567  5771  8488 I LSPosed-Bridge: 	at de.robv.android.xposed.XposedBridge$AdditionalHookInfo.callback(Unknown Source:147)

08-06 02:49:16.567  5771  8488 I LSPosed-Bridge: 	at LSPHooker_.transact(Unknown Source:28)

08-06 02:49:16.567  5771  8488 I LSPosed-Bridge: 	at android.content.pm.IPackageManager$Stub$Proxy.getPermissionInfo(IPackageManager.java:3008)

08-06 02:49:16.567  5771  8488 I LSPosed-Bridge: 	at android.app.ApplicationPackageManager.getPermissionInfo(ApplicationPackageManager.java:306)

08-06 02:49:16.567  5771  8488 I LSPosed-Bridge: 	at com.example.permlabel.requestPerm$2.afterHookedMethod(requestPerm.java:176)

08-06 02:49:16.567  5771  8488 I LSPosed-Bridge: 	at de.robv.android.xposed.XposedBridge$AdditionalHookInfo.callback(Unknown Source:147)

08-06 02:49:16.567  5771  8488 I LSPosed-Bridge: 	at LSPHooker_.checkPermission(Unknown Source:25)

08-06 02:49:16.567  5771  8488 I LSPosed-Bridge: 	at android.content.ContextWrapper.checkPermission(ContextWrapper.java:738)

08-06 02:49:16.567  5771  8488 I LSPosed-Bridge: 	at com.kwad.sdk.utils.SystemUtil.b(Unknown Source:17)

08-06 02:49:16.567  5771  8488 I LSPosed-Bridge: 	at com.kwad.sdk.utils.SystemUtil.cZ(Unknown Source:14)

08-06 02:49:16.567  5771  8488 I LSPosed-Bridge: 	at com.kwad.sdk.utils.be.dh(Unknown Source:10)

08-06 02:49:16.567  5771  8488 I LSPosed-Bridge: 	at com.kwad.sdk.utils.au.cF(Unknown Source:0)

08-06 02:49:16.567  5771  8488 I LSPosed-Bridge: 	at com.kwad.sdk.utils.ax$e.cW(Unknown Source:5)

08-06 02:49:16.567  5771  8488 I LSPosed-Bridge: 	at com.kwad.sdk.utils.ax$e.bR(Unknown Source:0)

08-06 02:49:16.567  5771  8488 I LSPosed-Bridge: 	at com.kwad.sdk.utils.j.bQ(Unknown Source:11)

08-06 02:49:16.567  5771  8488 I LSPosed-Bridge: 	at com.kwad.sdk.utils.ax.fH(Unknown Source:8)

08-06 02:49:16.567  5771  8488 I LSPosed-Bridge: 	at com.kwad.sdk.utils.ax.Hj(Unknown Source:11)

08-06 02:49:16.567  5771  8488 I LSPosed-Bridge: 	at com.kwad.sdk.k.a.f.Hj(Unknown Source:20)

08-06 02:49:16.567  5771  8488 I LSPosed-Bridge: 	at com.kwad.sdk.utils.au.Jh(Unknown Source:0)

08-06 02:49:16.567  5771  8488 I LSPosed-Bridge: 	at com.kwad.sdk.utils.au.bJ(Unknown Source:0)

08-06 02:49:16.567  5771  8488 I LSPosed-Bridge: 	at com.kwad.sdk.utils.au$1.Fu(Unknown Source:1)

08-06 02:49:16.567  5771  8488 I LSPosed-Bridge: 	at com.kwad.sdk.f.b.Fu(Unknown Source:4)

08-06 02:49:16.567  5771  8488 I LSPosed-Bridge: 	at com.kuaishou.weapon.p0.bv.a(Unknown Source:887)

08-06 02:49:16.567  5771  8488 I LSPosed-Bridge: 	at com.kuaishou.weapon.p0.bv.a(Unknown Source:21)

08-06 02:49:16.567  5771  8488 I LSPosed-Bridge: 	at com.kuaishou.weapon.p0.db$1.run(Unknown Source:97)

08-06 02:49:16.567  5771  8488 I LSPosed-Bridge: 	at java.util.concurrent.ThreadPoolExecutor.runWorker(ThreadPoolExecutor.java:1167)

08-06 02:49:16.567  5771  8488 I LSPosed-Bridge: 	at java.util.concurrent.ThreadPoolExecutor$Worker.run(ThreadPoolExecutor.java:641)

08-06 02:49:16.567  5771  8488 I LSPosed-Bridge: 	at java.lang.Thread.run(Thread.java:764)

08-06 02:49:16.567  9319  9476 W DMC->DMService: mCurrentSessionType=DM, mCurrentSessionState=STARTED, lastError=ERROR_CODE_OK, SessionInitiator=null

08-06 02:49:16.567  9319  9476 W DMC->DMService: ********** notify_end **********

08-06 02:49:16.567  5771  8488 I LSPosed-Bridge: 5771 PermLabel 10152 ContextImpl Binder.getCallingPid() = 5771; Binder.getCallingUid() = 10152; permName: android.permission.READ_PHONE_STATE; res = -1; stacktrace=java.lang.Exception

08-06 02:49:16.567  5771  8488 I LSPosed-Bridge: 	at com.example.permlabel.requestPerm$2.afterHookedMethod(requestPerm.java:186)

08-06 02:49:16.567  5771  8488 I LSPosed-Bridge: 	at de.robv.android.xposed.XposedBridge$AdditionalHookInfo.callback(Unknown Source:147)

08-06 02:49:16.567  5771  8488 I LSPosed-Bridge: 	at LSPHooker_.checkPermission(Unknown Source:25)

08-06 02:49:16.567  5771  8488 I LSPosed-Bridge: 	at android.content.ContextWrapper.checkPermission(ContextWrapper.java:738)

08-06 02:49:16.567  5771  8488 I LSPosed-Bridge: 	at com.kwad.sdk.utils.SystemUtil.b(Unknown Source:17)

08-06 02:49:16.567  5771  8488 I LSPosed-Bridge: 	at com.kwad.sdk.utils.SystemUtil.cZ(Unknown Source:14)

08-06 02:49:16.567  5771  8488 I LSPosed-Bridge: 	at com.kwad.sdk.utils.be.dh(Unknown Source:10)

08-06 02:49:16.567  5771  8488 I LSPosed-Bridge: 	at com.kwad.sdk.utils.au.cF(Unknown Source:0)

08-06 02:49:16.567  5771  8488 I LSPosed-Bridge: 	at com.kwad.sdk.utils.ax$e.cW(Unknown Source:5)

08-06 02:49:16.567  5771  8488 I LSPosed-Bridge: 	at com.kwad.sdk.utils.ax$e.bR(Unknown Source:0)

08-06 02:49:16.567  5771  8488 I LSPosed-Bridge: 	at com.kwad.sdk.utils.j.bQ(Unknown Source:11)

08-06 02:49:16.567  5771  8488 I LSPosed-Bridge: 	at com.kwad.sdk.utils.ax.fH(Unknown Source:8)

08-06 02:49:16.567  5771  8488 I LSPosed-Bridge: 	at com.kwad.sdk.utils.ax.Hj(Unknown Source:11)

08-06 02:49:16.567  5771  8488 I LSPosed-Bridge: 	at com.kwad.sdk.k.a.f.Hj(Unknown Source:20)

08-06 02:49:16.567  5771  8488 I LSPosed-Bridge: 	at com.kwad.sdk.utils.au.Jh(Unknown Source:0)

08-06 02:49:16.567  5771  8488 I LSPosed-Bridge: 	at com.kwad.sdk.utils.au.bJ(Unknown Source:0)

08-06 02:49:16.567  5771  8488 I LSPosed-Bridge: 	at com.kwad.sdk.utils.au$1.Fu(Unknown Source:1)

08-06 02:49:16.567  5771  8488 I LSPosed-Bridge: 	at com.kwad.sdk.f.b.Fu(Unknown Source:4)

08-06 02:49:16.567  5771  8488 I LSPosed-Bridge: 	at com.kuaishou.weapon.p0.bv.a(Unknown Source:887)

08-06 02:49:16.567  5771  8488 I LSPosed-Bridge: 	at com.kuaishou.weapon.p0.bv.a(Unknown Source:21)

08-06 02:49:16.567  5771  8488 I LSPosed-Bridge: 	at com.kuaishou.weapon.p0.db$1.run(Unknown Source:97)

08-06 02:49:16.567  5771  8488 I LSPosed-Bridge: 	at java.util.concurrent.ThreadPoolExecutor.runWorker(ThreadPoolExecutor.java:1167)

08-06 02:49:16.567  5771  8488 I LSPosed-Bridge: 	at java.util.concurrent.ThreadPoolExecutor$Worker.run(ThreadPoolExecutor.java:641)

08-06 02:49:16.567  5771  8488 I LSPosed-Bridge: 	at java.lang.Thread.run(Thread.java:764)

08-06 02:49:16.568  5771  8488 I LSPosed-Bridge: 5771 PermLabel 10152 ContextImpl.checkPermission: pid = 5771; uid = 10152; permName: android.permission.READ_PHONE_STATE; type = 1; res = -1; stacktrace=java.lang.Exception

08-06 02:49:16.568  5771  8488 I LSPosed-Bridge: 	at com.example.permlabel.requestPerm$2.afterHookedMethod(requestPerm.java:210)

08-06 02:49:16.568  5771  8488 I LSPosed-Bridge: 	at de.robv.android.xposed.XposedBridge$AdditionalHookInfo.callback(Unknown Source:147)

08-06 02:49:16.568  5771  8488 I LSPosed-Bridge: 	at LSPHooker_.checkPermission(Unknown Source:25)

08-06 02:49:16.568  5771  8488 I LSPosed-Bridge: 	at android.content.ContextWrapper.checkPermission(ContextWrapper.java:738)

08-06 02:49:16.568  5771  8488 I LSPosed-Bridge: 	at com.kwad.sdk.utils.SystemUtil.b(Unknown Source:17)

08-06 02:49:16.568  5771  8488 I LSPosed-Bridge: 	at com.kwad.sdk.utils.SystemUtil.cZ(Unknown Source:14)

08-06 02:49:16.568  5771  8488 I LSPosed-Bridge: 	at com.kwad.sdk.utils.be.dh(Unknown Source:10)

08-06 02:49:16.568  5771  8488 I LSPosed-Bridge: 	at com.kwad.sdk.utils.au.cF(Unknown Source:0)

08-06 02:49:16.568  5771  8488 I LSPosed-Bridge: 	at com.kwad.sdk.utils.ax$e.cW(Unknown Source:5)

08-06 02:49:16.568  5771  8488 I LSPosed-Bridge: 	at com.kwad.sdk.utils.ax$e.bR(Unknown Source:0)

08-06 02:49:16.568  5771  8488 I LSPosed-Bridge: 	at com.kwad.sdk.utils.j.bQ(Unknown Source:11)

08-06 02:49:16.568  5771  8488 I LSPosed-Bridge: 	at com.kwad.sdk.utils.ax.fH(Unknown Source:8)

08-06 02:49:16.568  5771  8488 I LSPosed-Bridge: 	at com.kwad.sdk.utils.ax.Hj(Unknown Source:11)

08-06 02:49:16.568  5771  8488 I LSPosed-Bridge: 	at com.kwad.sdk.k.a.f.Hj(Unknown Source:20)

08-06 02:49:16.568  5771  8488 I LSPosed-Bridge: 	at com.kwad.sdk.utils.au.Jh(Unknown Source:0)

08-06 02:49:16.568  5771  8488 I LSPosed-Bridge: 	at com.kwad.sdk.utils.au.bJ(Unknown Source:0)

08-06 02:49:16.568  5771  8488 I LSPosed-Bridge: 	at com.kwad.sdk.utils.au$1.Fu(Unknown Source:1)

08-06 02:49:16.568  5771  8488 I LSPosed-Bridge: 	at com.kwad.sdk.f.b.Fu(Unknown Source:4)

08-06 02:49:16.568  5771  8488 I LSPosed-Bridge: 	at com.kuaishou.weapon.p0.bv.a(Unknown Source:887)

08-06 02:49:16.568  5771  8488 I LSPosed-Bridge: 	at com.kuaishou.weapon.p0.bv.a(Unknown Source:21)

08-06 02:49:16.568  5771  8488 I LSPosed-Bridge: 	at com.kuaishou.weapon.p0.db$1.run(Unknown Source:97)

08-06 02:49:16.568  5771  8488 I LSPosed-Bridge: 	at java.util.concurrent.ThreadPoolExecutor.runWorker(ThreadPoolExecutor.java:1167)

08-06 02:49:16.568  5771  8488 I LSPosed-Bridge: 	at java.util.concurrent.ThreadPoolExecutor$Worker.run(ThreadPoolExecutor.java:641)

08-06 02:49:16.568  5771  8488 I LSPosed-Bridge: 	at java.lang.Thread.run(Thread.java:764)

08-06 02:49:17.002  9679  9679 I MultiDex: VM with version 2.1.0 has multidex support

08-06 02:49:17.002  9679  9679 I MultiDex: VM with version 2.1.0 has multidex support

08-06 02:49:17.002  5771  8798 I LSPosed-Bridge: 5771 PermLabel 10152 ContextImpl Binder.getCallingPid() = 5771; Binder.getCallingUid() = 10152; permName: android.permission.READ_PHONE_STATE; res = -1; stacktrace=java.lang.Exception

08-06 02:49:17.002  5771  8798 I LSPosed-Bridge: 5771 PermLabel 10152 ContextImpl Binder.getCallingPid() = 5771; Binder.getCallingUid() = 10152; permName: android.permission.READ_PHONE_STATE; res = -1; stacktrace=java.lang.Exception

08-06 02:49:17.002  5771  8798 I LSPosed-Bridge: 	at com.example.permlabel.requestPerm$2.afterHookedMethod(requestPerm.java:186)

08-06 02:49:17.002  5771  8798 I LSPosed-Bridge: 	at com.example.permlabel.requestPerm$2.afterHookedMethod(requestPerm.java:186)

08-06 02:49:17.002  5771  8798 I LSPosed-Bridge: 	at de.robv.android.xposed.XposedBridge$AdditionalHookInfo.callback(Unknown Source:147)

08-06 02:49:17.002  5771  8798 I LSPosed-Bridge: 	at de.robv.android.xposed.XposedBridge$AdditionalHookInfo.callback(Unknown Source:147)

08-06 02:49:17.002  5771  8798 I LSPosed-Bridge: 	at LSPHooker_.checkPermission(Unknown Source:25)

08-06 02:49:17.002  5771  8798 I LSPosed-Bridge: 	at LSPHooker_.checkPermission(Unknown Source:25)

08-06 02:49:17.002  5771  8798 I LSPosed-Bridge: 	at android.content.ContextWrapper.checkPermission(ContextWrapper.java:738)

08-06 02:49:17.002  5771  8798 I LSPosed-Bridge: 	at android.content.ContextWrapper.checkPermission(ContextWrapper.java:738)

08-06 02:49:17.002  5771  8798 I LSPosed-Bridge: 	at android.content.ContextWrapper.checkPermission(ContextWrapper.java:738)

08-06 02:49:17.002  5771  8798 I LSPosed-Bridge: 	at android.content.ContextWrapper.checkPermission(ContextWrapper.java:738)

08-06 02:49:17.002  5771  8798 I LSPosed-Bridge: 	at android.content.ContextWrapper.checkPermission(ContextWrapper.java:738)

08-06 02:49:17.002  5771  8798 I LSPosed-Bridge: 	at android.content.ContextWrapper.checkPermission(ContextWrapper.java:738)

08-06 02:49:17.002  5771  8798 I LSPosed-Bridge: 	at com.bytedance.sdk.openadsdk.core.n.ge.dr(Unknown Source:34)

08-06 02:49:17.002  5771  8798 I LSPosed-Bridge: 	at com.bytedance.sdk.openadsdk.core.n.ge.dr(Unknown Source:34)

08-06 02:49:17.002  5771  8798 I LSPosed-Bridge: 	at com.bytedance.sdk.openadsdk.core.n.g.dr(Unknown Source:186)

08-06 02:49:17.002  5771  8798 I LSPosed-Bridge: 	at com.bytedance.sdk.openadsdk.core.n.g.dr(Unknown Source:186)

08-06 02:49:17.002  5771  8798 I LSPosed-Bridge: 	at com.bytedance.sdk.openadsdk.core.a.isCanUsePhoneState(Unknown Source:50)

08-06 02:49:17.002  5771  8798 I LSPosed-Bridge: 	at com.bytedance.sdk.openadsdk.core.a.isCanUsePhoneState(Unknown Source:50)

08-06 02:49:17.002  5771  8798 I LSPosed-Bridge: 	at com.bytedance.sdk.openadsdk.core.ii.bn(Unknown Source:180)

08-06 02:49:17.002  5771  8798 I LSPosed-Bridge: 	at com.bytedance.sdk.openadsdk.core.ii.bn(Unknown Source:180)

08-06 02:49:17.002  5771  8798 I LSPosed-Bridge: 	at com.bytedance.sdk.openadsdk.v.dr.ge(Unknown Source:104)

08-06 02:49:17.002  5771  8798 I LSPosed-Bridge: 	at com.bytedance.sdk.openadsdk.v.dr.ge(Unknown Source:104)

08-06 02:49:17.002  5771  8798 I LSPosed-Bridge: 	at com.bytedance.sdk.openadsdk.core.j.g.wb(Unknown Source:460)

08-06 02:49:17.002  5771  8798 I LSPosed-Bridge: 	at com.bytedance.sdk.openadsdk.core.j.g.wb(Unknown Source:460)

08-06 02:49:17.002  5771  8798 I LSPosed-Bridge: 	at com.bytedance.sdk.openadsdk.core.j.g.run(Unknown Source:270)

08-06 02:49:17.002  5771  8798 I LSPosed-Bridge: 	at com.bytedance.sdk.openadsdk.core.j.g.run(Unknown Source:270)

08-06 02:49:17.002  5771  8798 I LSPosed-Bridge: 	at com.bytedance.sdk.component.ll.ge.run(Unknown Source:35)

08-06 02:49:17.002  5771  8798 I LSPosed-Bridge: 	at com.bytedance.sdk.component.ll.ge.run(Unknown Source:35)

08-06 02:49:17.002  5771  8798 I LSPosed-Bridge: 	at java.util.concurrent.ThreadPoolExecutor.runWorker(ThreadPoolExecutor.java:1167)

08-06 02:49:17.002  5771  8798 I LSPosed-Bridge: 	at java.util.concurrent.ThreadPoolExecutor.runWorker(ThreadPoolExecutor.java:1167)

08-06 02:49:17.002  5771  8798 I LSPosed-Bridge: 	at java.util.concurrent.ThreadPoolExecutor$Worker.run(ThreadPoolExecutor.java:641)

08-06 02:49:17.002  5771  8798 I LSPosed-Bridge: 	at java.util.concurrent.ThreadPoolExecutor$Worker.run(ThreadPoolExecutor.java:641)

08-06 02:49:17.002  5771  8798 I LSPosed-Bridge: 	at java.lang.Thread.run(Thread.java:764)

08-06 02:49:17.002  5771  8798 I LSPosed-Bridge: 	at java.lang.Thread.run(Thread.java:764)

08-06 02:49:17.002  5771  8798 I LSPosed-Bridge: 5771 PermLabel 10152 ContextImpl.checkPermission: pid = 5771; uid = 10152; permName: android.permission.READ_PHONE_STATE; type = 1; res = -1; stacktrace=java.lang.Exception

08-06 02:49:17.002  5771  8798 I LSPosed-Bridge: 5771 PermLabel 10152 ContextImpl.checkPermission: pid = 5771; uid = 10152; permName: android.permission.READ_PHONE_STATE; type = 1; res = -1; stacktrace=java.lang.Exception

08-06 02:49:17.002  5771  8798 I LSPosed-Bridge: 	at com.example.permlabel.requestPerm$2.afterHookedMethod(requestPerm.java:210)

08-06 02:49:17.002  5771  8798 I LSPosed-Bridge: 	at com.example.permlabel.requestPerm$2.afterHookedMethod(requestPerm.java:210)

08-06 02:49:17.002  5771  8798 I LSPosed-Bridge: 	at de.robv.android.xposed.XposedBridge$AdditionalHookInfo.callback(Unknown Source:147)

08-06 02:49:17.002  5771  8798 I LSPosed-Bridge: 	at de.robv.android.xposed.XposedBridge$AdditionalHookInfo.callback(Unknown Source:147)

08-06 02:49:17.002  5771  8798 I LSPosed-Bridge: 	at LSPHooker_.checkPermission(Unknown Source:25)

08-06 02:49:17.002  5771  8798 I LSPosed-Bridge: 	at LSPHooker_.checkPermission(Unknown Source:25)

08-06 02:49:17.002  5771  8798 I LSPosed-Bridge: 	at android.content.ContextWrapper.checkPermission(ContextWrapper.java:738)

08-06 02:49:17.002  5771  8798 I LSPosed-Bridge: 	at android.content.ContextWrapper.checkPermission(ContextWrapper.java:738)

08-06 02:49:17.002  5771  8798 I LSPosed-Bridge: 	at android.content.ContextWrapper.checkPermission(ContextWrapper.java:738)

08-06 02:49:17.002  5771  8798 I LSPosed-Bridge: 	at android.content.ContextWrapper.checkPermission(ContextWrapper.java:738)

08-06 02:49:17.002  5771  8798 I LSPosed-Bridge: 	at android.content.ContextWrapper.checkPermission(ContextWrapper.java:738)

08-06 02:49:17.002  5771  8798 I LSPosed-Bridge: 	at android.content.ContextWrapper.checkPermission(ContextWrapper.java:738)

08-06 02:49:17.002  5771  8798 I LSPosed-Bridge: 	at com.bytedance.sdk.openadsdk.core.n.ge.dr(Unknown Source:34)

08-06 02:49:17.002  5771  8798 I LSPosed-Bridge: 	at com.bytedance.sdk.openadsdk.core.n.ge.dr(Unknown Source:34)

08-06 02:49:17.002  5771  8798 I LSPosed-Bridge: 	at com.bytedance.sdk.openadsdk.core.n.g.dr(Unknown Source:186)

08-06 02:49:17.002  5771  8798 I LSPosed-Bridge: 	at com.bytedance.sdk.openadsdk.core.n.g.dr(Unknown Source:186)

08-06 02:49:17.002  5771  8798 I LSPosed-Bridge: 	at com.bytedance.sdk.openadsdk.core.a.isCanUsePhoneState(Unknown Source:50)

08-06 02:49:17.002  5771  8798 I LSPosed-Bridge: 	at com.bytedance.sdk.openadsdk.core.a.isCanUsePhoneState(Unknown Source:50)

08-06 02:49:17.002  5771  8798 I LSPosed-Bridge: 	at com.bytedance.sdk.openadsdk.core.ii.bn(Unknown Source:180)

08-06 02:49:17.002  5771  8798 I LSPosed-Bridge: 	at com.bytedance.sdk.openadsdk.core.ii.bn(Unknown Source:180)

08-06 02:49:17.002  5771  8798 I LSPosed-Bridge: 	at com.bytedance.sdk.openadsdk.v.dr.ge(Unknown Source:104)

08-06 02:49:17.002  5771  8798 I LSPosed-Bridge: 	at com.bytedance.sdk.openadsdk.v.dr.ge(Unknown Source:104)

08-06 02:49:17.002  5771  8798 I LSPosed-Bridge: 	at com.bytedance.sdk.openadsdk.core.j.g.wb(Unknown Source:460)

08-06 02:49:17.002  5771  8798 I LSPosed-Bridge: 	at com.bytedance.sdk.openadsdk.core.j.g.wb(Unknown Source:460)

08-06 02:49:17.002  5771  8798 I LSPosed-Bridge: 	at com.bytedance.sdk.openadsdk.core.j.g.run(Unknown Source:270)

08-06 02:49:17.002  5771  8798 I LSPosed-Bridge: 	at com.bytedance.sdk.openadsdk.core.j.g.run(Unknown Source:270)

08-06 02:49:17.002  5771  8798 I LSPosed-Bridge: 	at com.bytedance.sdk.component.ll.ge.run(Unknown Source:35)

08-06 02:49:17.002  5771  8798 I LSPosed-Bridge: 	at com.bytedance.sdk.component.ll.ge.run(Unknown Source:35)

08-06 02:49:17.002  5771  8798 I LSPosed-Bridge: 	at java.util.concurrent.ThreadPoolExecutor.runWorker(ThreadPoolExecutor.java:1167)

08-06 02:49:17.002  5771  8798 I LSPosed-Bridge: 	at java.util.concurrent.ThreadPoolExecutor.runWorker(ThreadPoolExecutor.java:1167)

08-06 02:49:17.002  5771  8798 I LSPosed-Bridge: 	at java.util.concurrent.ThreadPoolExecutor$Worker.run(ThreadPoolExecutor.java:641)

08-06 02:49:17.002  5771  8798 I LSPosed-Bridge: 	at java.util.concurrent.ThreadPoolExecutor$Worker.run(ThreadPoolExecutor.java:641)

08-06 02:49:17.002  5771  8798 I LSPosed-Bridge: 	at java.lang.Thread.run(Thread.java:764)

08-06 02:49:17.002  5771  8798 I LSPosed-Bridge: 	at java.lang.Thread.run(Thread.java:764)

08-06 02:49:17.008  5771  8798 I LSPosed-Bridge: 5771 PermLabel hookBinder_test 10152 interfaceBinder =android.content.pm.IPackageManager; arg0 = 9; arg1 = android.os.Parcel@be54270; arg2 = android.os.Parcel@7c703ce; arg3 = 0; res = true; stacktrace=java.lang.Exception

08-06 02:49:17.008  5771  8798 I LSPosed-Bridge: 	at com.example.permlabel.hookBinder_test$1.afterHookedMethod(hookBinder_test.java:55)

08-06 02:49:17.008  5771  8798 I LSPosed-Bridge: 	at de.robv.android.xposed.XposedBridge$AdditionalHookInfo.callback(Unknown Source:147)

08-06 02:49:17.008  5771  8798 I LSPosed-Bridge: 	at LSPHooker_.transact(Unknown Source:28)

08-06 02:49:17.008  5771  8798 I LSPosed-Bridge: 	at android.content.pm.IPackageManager$Stub$Proxy.getPermissionInfo(IPackageManager.java:3008)

08-06 02:49:17.008  5771  8798 I LSPosed-Bridge: 	at android.app.ApplicationPackageManager.getPermissionInfo(ApplicationPackageManager.java:306)

08-06 02:49:17.008  5771  8798 I LSPosed-Bridge: 	at com.example.permlabel.requestPerm$2.afterHookedMethod(requestPerm.java:176)

08-06 02:49:17.008  5771  8798 I LSPosed-Bridge: 	at de.robv.android.xposed.XposedBridge$AdditionalHookInfo.callback(Unknown Source:147)

08-06 02:49:17.008  5771  8798 I LSPosed-Bridge: 	at LSPHooker_.checkPermission(Unknown Source:25)

08-06 02:49:17.008  5771  8798 I LSPosed-Bridge: 	at android.content.ContextWrapper.checkPermission(ContextWrapper.java:738)

08-06 02:49:17.008  5771  8798 I LSPosed-Bridge: 	at android.content.ContextWrapper.checkPermission(ContextWrapper.java:738)

08-06 02:49:17.008  5771  8798 I LSPosed-Bridge: 	at android.content.ContextWrapper.checkPermission(ContextWrapper.java:738)

08-06 02:49:17.008  5771  8798 I LSPosed-Bridge: 	at com.bytedance.sdk.openadsdk.core.n.ge.dr(Unknown Source:34)

08-06 02:49:17.008  5771  8798 I LSPosed-Bridge: 	at com.bytedance.sdk.openadsdk.core.n.g.dr(Unknown Source:186)

08-06 02:49:17.008  5771  8798 I LSPosed-Bridge: 	at com.bytedance.sdk.openadsdk.core.a.isCanUsePhoneState(Unknown Source:50)

08-06 02:49:17.008  5771  8798 I LSPosed-Bridge: 	at com.bytedance.sdk.openadsdk.core.ii.bn(Unknown Source:180)

08-06 02:49:17.008  5771  8798 I LSPosed-Bridge: 	at com.bytedance.sdk.openadsdk.core.j.g.wb(Unknown Source:464)

08-06 02:49:17.008  5771  8798 I LSPosed-Bridge: 	at com.bytedance.sdk.openadsdk.core.j.g.run(Unknown Source:270)

08-06 02:49:17.008  5771  8798 I LSPosed-Bridge: 	at com.bytedance.sdk.component.ll.ge.run(Unknown Source:35)

08-06 02:49:17.008  5771  8798 I LSPosed-Bridge: 	at java.util.concurrent.ThreadPoolExecutor.runWorker(ThreadPoolExecutor.java:1167)

08-06 02:49:17.008  5771  8798 I LSPosed-Bridge: 	at java.util.concurrent.ThreadPoolExecutor$Worker.run(ThreadPoolExecutor.java:641)

08-06 02:49:17.008  5771  8798 I LSPosed-Bridge: 	at java.lang.Thread.run(Thread.java:764)

08-06 02:49:17.008   521  4477 I WVCdm   : [oemcrypto_adapter_dynamic.cpp(573):Initialize] L3 Initialized. Trying L1.

08-06 02:49:17.008   555   555 I ConfigStore: android::hardware::configstore::V1_0::ISurfaceFlingerConfigs::hasHDRDisplay retrieved: 0

08-06 02:49:17.008   521  4477 W WVCdm   : [oemcrypto_adapter_dynamic.cpp(584):Initialize] Could not load liboemcrypto.so. Falling back to L3.  dlopen failed: library "liboemcrypto.so" not found

08-06 02:49:17.008  5771  8798 I LSPosed-Bridge: 5771 PermLabel 10152 ContextImpl Binder.getCallingPid() = 5771; Binder.getCallingUid() = 10152; permName: android.permission.READ_PHONE_STATE; res = -1; stacktrace=java.lang.Exception

08-06 02:49:17.008  5771  8798 I LSPosed-Bridge: 	at com.example.permlabel.requestPerm$2.afterHookedMethod(requestPerm.java:186)

08-06 02:49:17.008  5771  8798 I LSPosed-Bridge: 	at de.robv.android.xposed.XposedBridge$AdditionalHookInfo.callback(Unknown Source:147)

08-06 02:49:17.008  5771  8798 I LSPosed-Bridge: 	at LSPHooker_.checkPermission(Unknown Source:25)

08-06 02:49:17.008  5771  8798 I LSPosed-Bridge: 	at android.content.ContextWrapper.checkPermission(ContextWrapper.java:738)

08-06 02:49:17.008  5771  8798 I LSPosed-Bridge: 	at android.content.ContextWrapper.checkPermission(ContextWrapper.java:738)

08-06 02:49:17.008  5771  8798 I LSPosed-Bridge: 	at android.content.ContextWrapper.checkPermission(ContextWrapper.java:738)

08-06 02:49:17.008  5771  8798 I LSPosed-Bridge: 	at com.bytedance.sdk.openadsdk.core.n.ge.dr(Unknown Source:34)

08-06 02:49:17.008  5771  8798 I LSPosed-Bridge: 	at com.bytedance.sdk.openadsdk.core.n.g.dr(Unknown Source:186)

08-06 02:49:17.008  5771  8798 I LSPosed-Bridge: 	at com.bytedance.sdk.openadsdk.core.a.isCanUsePhoneState(Unknown Source:50)

08-06 02:49:17.008  5771  8798 I LSPosed-Bridge: 	at com.bytedance.sdk.openadsdk.core.ii.bn(Unknown Source:180)

08-06 02:49:17.008  5771  8798 I LSPosed-Bridge: 	at com.bytedance.sdk.openadsdk.core.j.g.wb(Unknown Source:464)

08-06 02:49:17.008  5771  8798 I LSPosed-Bridge: 	at com.bytedance.sdk.openadsdk.core.j.g.run(Unknown Source:270)

08-06 02:49:17.008  5771  8798 I LSPosed-Bridge: 	at com.bytedance.sdk.component.ll.ge.run(Unknown Source:35)

08-06 02:49:17.008  5771  8798 I LSPosed-Bridge: 	at java.util.concurrent.ThreadPoolExecutor.runWorker(ThreadPoolExecutor.java:1167)

08-06 02:49:17.008  5771  8798 I LSPosed-Bridge: 	at java.util.concurrent.ThreadPoolExecutor$Worker.run(ThreadPoolExecutor.java:641)

08-06 02:49:17.008  5771  8798 I LSPosed-Bridge: 	at java.lang.Thread.run(Thread.java:764)

08-06 02:49:17.009  5771  8798 I LSPosed-Bridge: 5771 PermLabel 10152 ContextImpl.checkPermission: pid = 5771; uid = 10152; permName: android.permission.READ_PHONE_STATE; type = 1; res = -1; stacktrace=java.lang.Exception

08-06 02:49:17.009  5771  8798 I LSPosed-Bridge: 	at com.example.permlabel.requestPerm$2.afterHookedMethod(requestPerm.java:210)

08-06 02:49:17.009  5771  8798 I LSPosed-Bridge: 	at de.robv.android.xposed.XposedBridge$AdditionalHookInfo.callback(Unknown Source:147)

08-06 02:49:17.009  5771  8798 I LSPosed-Bridge: 	at LSPHooker_.checkPermission(Unknown Source:25)

08-06 02:49:17.009  5771  8798 I LSPosed-Bridge: 	at android.content.ContextWrapper.checkPermission(ContextWrapper.java:738)

08-06 02:49:17.009  5771  8798 I LSPosed-Bridge: 	at android.content.ContextWrapper.checkPermission(ContextWrapper.java:738)

08-06 02:49:17.009  5771  8798 I LSPosed-Bridge: 	at android.content.ContextWrapper.checkPermission(ContextWrapper.java:738)

08-06 02:49:17.009  5771  8798 I LSPosed-Bridge: 	at com.bytedance.sdk.openadsdk.core.n.ge.dr(Unknown Source:34)

08-06 02:49:17.009  5771  8798 I LSPosed-Bridge: 	at com.bytedance.sdk.openadsdk.core.n.g.dr(Unknown Source:186)

08-06 02:49:17.009  5771  8798 I LSPosed-Bridge: 	at com.bytedance.sdk.openadsdk.core.a.isCanUsePhoneState(Unknown Source:50)

08-06 02:49:17.009  5771  8798 I LSPosed-Bridge: 	at com.bytedance.sdk.openadsdk.core.ii.bn(Unknown Source:180)

08-06 02:49:17.009  5771  8798 I LSPosed-Bridge: 	at com.bytedance.sdk.openadsdk.core.j.g.wb(Unknown Source:464)

08-06 02:49:17.009  5771  8798 I LSPosed-Bridge: 	at com.bytedance.sdk.openadsdk.core.j.g.run(Unknown Source:270)

08-06 02:49:17.009  5771  8798 I LSPosed-Bridge: 	at com.bytedance.sdk.component.ll.ge.run(Unknown Source:35)

08-06 02:49:17.009  5771  8798 I LSPosed-Bridge: 	at java.util.concurrent.ThreadPoolExecutor.runWorker(ThreadPoolExecutor.java:1167)

08-06 02:49:17.009  5771  8798 I LSPosed-Bridge: 	at java.util.concurrent.ThreadPoolExecutor$Worker.run(ThreadPoolExecutor.java:641)

08-06 02:49:17.009  5771  8798 I LSPosed-Bridge: 	at java.lang.Thread.run(Thread.java:764)

08-06 02:49:17.009   555   555 I ConfigStore: android::hardware::configstore::V1_0::ISurfaceFlingerConfigs::hasHDRDisplay retrieved: 0

08-06 02:49:17.799  5771  8849 I LSPosed-Bridge: 5771 PermLabel hookBinder_test 10152 interfaceBinder =android.content.pm.IPackageManager; arg0 = 9; arg1 = android.os.Parcel@f3eec08; arg2 = android.os.Parcel@4be1dab; arg3 = 0; res = true; stacktrace=java.lang.Exception

08-06 02:49:17.799  5771  8849 I LSPosed-Bridge: 	at com.example.permlabel.hookBinder_test$1.afterHookedMethod(hookBinder_test.java:55)

08-06 02:49:17.799  5771  8849 I LSPosed-Bridge: 	at de.robv.android.xposed.XposedBridge$AdditionalHookInfo.callback(Unknown Source:147)

08-06 02:49:17.799  5771  8849 I LSPosed-Bridge: 	at LSPHooker_.transact(Unknown Source:28)

08-06 02:49:17.799  5771  8849 I LSPosed-Bridge: 	at android.content.pm.IPackageManager$Stub$Proxy.getPermissionInfo(IPackageManager.java:3008)

08-06 02:49:17.799  5771  8849 I LSPosed-Bridge: 	at android.app.ApplicationPackageManager.getPermissionInfo(ApplicationPackageManager.java:306)

08-06 02:49:17.799  5771  8849 I LSPosed-Bridge: 	at com.example.permlabel.requestPerm$2.afterHookedMethod(requestPerm.java:176)

08-06 02:49:17.799  5771  8849 I LSPosed-Bridge: 	at de.robv.android.xposed.XposedBridge$AdditionalHookInfo.callback(Unknown Source:147)

08-06 02:49:17.799  5771  8849 I LSPosed-Bridge: 	at LSPHooker_.checkPermission(Unknown Source:25)

08-06 02:49:17.799  5771  8849 I LSPosed-Bridge: 	at android.content.ContextWrapper.checkPermission(ContextWrapper.java:738)

08-06 02:49:17.799  5771  8849 I LSPosed-Bridge: 	at android.content.ContextWrapper.checkPermission(ContextWrapper.java:738)

08-06 02:49:17.799  5771  8849 I LSPosed-Bridge: 	at android.content.ContextWrapper.checkPermission(ContextWrapper.java:738)

08-06 02:49:17.799  5771  8849 I LSPosed-Bridge: 	at com.bytedance.sdk.openadsdk.core.n.ge.dr(Unknown Source:34)

08-06 02:49:17.799  5771  8849 I LSPosed-Bridge: 	at com.bytedance.sdk.openadsdk.core.n.g.dr(Unknown Source:186)

08-06 02:49:17.799  5771  8849 I LSPosed-Bridge: 	at com.bytedance.sdk.openadsdk.core.a.isCanUsePhoneState(Unknown Source:50)

08-06 02:49:17.799  5771  8849 I LSPosed-Bridge: 	at com.bytedance.sdk.openadsdk.core.ii.bn(Unknown Source:180)

08-06 02:49:17.799  5771  8849 I LSPosed-Bridge: 	at com.bytedance.sdk.openadsdk.v.dr.ge(Unknown Source:104)

08-06 02:49:17.799  5771  8849 I LSPosed-Bridge: 	at com.bytedance.sdk.openadsdk.core.i.dr.ge.lp(Unknown Source:127)

08-06 02:49:17.799  5771  8849 I LSPosed-Bridge: 	at com.bytedance.sdk.openadsdk.core.i.dr.ge.dr(Unknown Source:116)

08-06 02:49:17.799  5771  8849 I LSPosed-Bridge: 	at com.bytedance.sdk.openadsdk.core.i.wb.dr(Unknown Source:60)

08-06 02:49:17.799  5771  8849 I LSPosed-Bridge: 	at com.bytedance.sdk.openadsdk.core.i.wb.dr(Unknown Source:21)

08-06 02:49:17.799  5771  8849 I LSPosed-Bridge: 	at com.bytedance.sdk.openadsdk.core.i.wb$1.run(Unknown Source:49)

08-06 02:49:17.799  5771  8849 I LSPosed-Bridge: 	at com.bytedance.sdk.component.ll.ge.run(Unknown Source:35)

08-06 02:49:17.799  5771  8849 I LSPosed-Bridge: 	at java.util.concurrent.ThreadPoolExecutor.runWorker(ThreadPoolExecutor.java:1167)

08-06 02:49:17.799  5771  8849 I LSPosed-Bridge: 	at java.util.concurrent.ThreadPoolExecutor$Worker.run(ThreadPoolExecutor.java:641)

08-06 02:49:17.799  5771  8849 I LSPosed-Bridge: 	at java.lang.Thread.run(Thread.java:764)

08-06 02:49:17.799  5771  8513 I LSPosed-Bridge: 5771 PermLabel hookBinder_test 10152 interfaceBinder =android.content.pm.IPackageManager; arg0 = 9; arg1 = android.os.Parcel@f9cd230; arg2 = android.os.Parcel@ef8a373; arg3 = 0; res = true; stacktrace=java.lang.Exception

08-06 02:49:17.799  5771  8513 I LSPosed-Bridge: 	at com.example.permlabel.hookBinder_test$1.afterHookedMethod(hookBinder_test.java:55)

08-06 02:49:17.799  5771  8513 I LSPosed-Bridge: 	at de.robv.android.xposed.XposedBridge$AdditionalHookInfo.callback(Unknown Source:147)

08-06 02:49:17.799  5771  8513 I LSPosed-Bridge: 	at LSPHooker_.transact(Unknown Source:28)

08-06 02:49:17.799  5771  8513 I LSPosed-Bridge: 	at android.content.pm.IPackageManager$Stub$Proxy.getPermissionInfo(IPackageManager.java:3008)

08-06 02:49:17.799  5771  8513 I LSPosed-Bridge: 	at android.app.ApplicationPackageManager.getPermissionInfo(ApplicationPackageManager.java:306)

08-06 02:49:17.799  5771  8513 I LSPosed-Bridge: 	at com.example.permlabel.requestPerm$2.afterHookedMethod(requestPerm.java:176)

08-06 02:49:17.799  5771  8513 I LSPosed-Bridge: 	at de.robv.android.xposed.XposedBridge$AdditionalHookInfo.callback(Unknown Source:147)

08-06 02:49:17.799  5771  8513 I LSPosed-Bridge: 	at LSPHooker_.checkPermission(Unknown Source:25)

08-06 02:49:17.799  5771  8513 I LSPosed-Bridge: 	at android.content.ContextWrapper.checkPermission(ContextWrapper.java:738)

08-06 02:49:17.799  5771  8513 I LSPosed-Bridge: 	at androidx.core.content.ContextCompat.checkSelfPermission(ContextCompat.java:14)

08-06 02:49:17.799  5771  8513 I LSPosed-Bridge: 	at com.kwad.sdk.utils.au.cI(Unknown Source:89)

08-06 02:49:17.799  5771  8513 I LSPosed-Bridge: 	at com.kwad.sdk.utils.au.s(Unknown Source:0)

08-06 02:49:17.799  5771  8513 I LSPosed-Bridge: 	at com.kwad.sdk.utils.au$1.getLocation(Unknown Source:3)

08-06 02:49:17.799  5771  8513 I LSPosed-Bridge: 	at com.kwad.sdk.f.b.getLocation(Unknown Source:4)

08-06 02:49:17.799  5771  8513 I LSPosed-Bridge: 	at com.kuaishou.weapon.p0.bg.b(Unknown Source:6)

08-06 02:49:17.799  5771  8513 I LSPosed-Bridge: 	at com.kuaishou.weapon.p0.cm.a(Unknown Source:2737)

08-06 02:49:17.799  5771  8513 I LSPosed-Bridge: 	at com.kuaishou.weapon.p0.cm.a(Unknown Source:17)

08-06 02:49:17.799  5771  8513 I LSPosed-Bridge: 	at com.kuaishou.weapon.p0.dc$1.run(Unknown Source:130)

08-06 02:49:17.799  5771  8513 I LSPosed-Bridge: 	at java.util.concurrent.ThreadPoolExecutor.runWorker(ThreadPoolExecutor.java:1167)

08-06 02:49:17.799  5771  8513 I LSPosed-Bridge: 	at java.util.concurrent.ThreadPoolExecutor$Worker.run(ThreadPoolExecutor.java:641)

08-06 02:49:17.799  5771  8513 I LSPosed-Bridge: 	at java.lang.Thread.run(Thread.java:764)

08-06 02:49:17.799  5771  8849 I LSPosed-Bridge: 5771 PermLabel 10152 ContextImpl Binder.getCallingPid() = 5771; Binder.getCallingUid() = 10152; permName: android.permission.READ_PHONE_STATE; res = -1; stacktrace=java.lang.Exception

08-06 02:49:17.799  5771  8849 I LSPosed-Bridge: 	at com.example.permlabel.requestPerm$2.afterHookedMethod(requestPerm.java:186)

08-06 02:49:17.799  5771  8849 I LSPosed-Bridge: 	at de.robv.android.xposed.XposedBridge$AdditionalHookInfo.callback(Unknown Source:147)

08-06 02:49:17.799  5771  8849 I LSPosed-Bridge: 	at LSPHooker_.checkPermission(Unknown Source:25)

08-06 02:49:17.799  5771  8849 I LSPosed-Bridge: 	at android.content.ContextWrapper.checkPermission(ContextWrapper.java:738)

08-06 02:49:17.799  5771  8849 I LSPosed-Bridge: 	at android.content.ContextWrapper.checkPermission(ContextWrapper.java:738)

08-06 02:49:17.799  5771  8849 I LSPosed-Bridge: 	at android.content.ContextWrapper.checkPermission(ContextWrapper.java:738)

08-06 02:49:17.799  5771  8849 I LSPosed-Bridge: 	at com.bytedance.sdk.openadsdk.core.n.ge.dr(Unknown Source:34)

08-06 02:49:17.799  5771  8849 I LSPosed-Bridge: 	at com.bytedance.sdk.openadsdk.core.n.g.dr(Unknown Source:186)

08-06 02:49:17.799  5771  8849 I LSPosed-Bridge: 	at com.bytedance.sdk.openadsdk.core.a.isCanUsePhoneState(Unknown Source:50)

08-06 02:49:17.799  5771  8849 I LSPosed-Bridge: 	at com.bytedance.sdk.openadsdk.core.ii.bn(Unknown Source:180)

08-06 02:49:17.799  5771  8849 I LSPosed-Bridge: 	at com.bytedance.sdk.openadsdk.v.dr.ge(Unknown Source:104)

08-06 02:49:17.799  5771  8849 I LSPosed-Bridge: 	at com.bytedance.sdk.openadsdk.core.i.dr.ge.lp(Unknown Source:127)

08-06 02:49:17.799  5771  8849 I LSPosed-Bridge: 	at com.bytedance.sdk.openadsdk.core.i.dr.ge.dr(Unknown Source:116)

08-06 02:49:17.799  5771  8849 I LSPosed-Bridge: 	at com.bytedance.sdk.openadsdk.core.i.wb.dr(Unknown Source:60)

08-06 02:49:17.799  5771  8849 I LSPosed-Bridge: 	at com.bytedance.sdk.openadsdk.core.i.wb.dr(Unknown Source:21)

08-06 02:49:17.799  5771  8849 I LSPosed-Bridge: 	at com.bytedance.sdk.openadsdk.core.i.wb$1.run(Unknown Source:49)

08-06 02:49:17.799  5771  8849 I LSPosed-Bridge: 	at com.bytedance.sdk.component.ll.ge.run(Unknown Source:35)

08-06 02:49:17.799  5771  8849 I LSPosed-Bridge: 	at java.util.concurrent.ThreadPoolExecutor.runWorker(ThreadPoolExecutor.java:1167)

08-06 02:49:17.799  5771  8849 I LSPosed-Bridge: 	at java.util.concurrent.ThreadPoolExecutor$Worker.run(ThreadPoolExecutor.java:641)

08-06 02:49:17.799  5771  8849 I LSPosed-Bridge: 	at java.lang.Thread.run(Thread.java:764)

08-06 02:49:17.800  5771  8513 I LSPosed-Bridge: 5771 PermLabel 10152 ContextImpl.checkPermission: pid = 5771; uid = 10152; permName: android.permission.ACCESS_FINE_LOCATION; type = 1; res = -1; stacktrace=java.lang.Exception

08-06 02:49:17.800  5771  8513 I LSPosed-Bridge: 	at com.example.permlabel.requestPerm$2.afterHookedMethod(requestPerm.java:210)

08-06 02:49:17.800  5771  8513 I LSPosed-Bridge: 	at de.robv.android.xposed.XposedBridge$AdditionalHookInfo.callback(Unknown Source:147)

08-06 02:49:17.800  5771  8513 I LSPosed-Bridge: 	at LSPHooker_.checkPermission(Unknown Source:25)

08-06 02:49:17.800  5771  8513 I LSPosed-Bridge: 	at android.content.ContextWrapper.checkPermission(ContextWrapper.java:738)

08-06 02:49:17.800  5771  8513 I LSPosed-Bridge: 	at androidx.core.content.ContextCompat.checkSelfPermission(ContextCompat.java:14)

08-06 02:49:17.800  5771  8513 I LSPosed-Bridge: 	at com.kwad.sdk.utils.au.cI(Unknown Source:89)

08-06 02:49:17.800  5771  8513 I LSPosed-Bridge: 	at com.kwad.sdk.utils.au.s(Unknown Source:0)

08-06 02:49:17.800  5771  8513 I LSPosed-Bridge: 	at com.kwad.sdk.utils.au$1.getLocation(Unknown Source:3)

08-06 02:49:17.800  5771  8513 I LSPosed-Bridge: 	at com.kwad.sdk.f.b.getLocation(Unknown Source:4)

08-06 02:49:17.800  5771  8513 I LSPosed-Bridge: 	at com.kuaishou.weapon.p0.bg.b(Unknown Source:6)

08-06 02:49:17.800  5771  8513 I LSPosed-Bridge: 	at com.kuaishou.weapon.p0.cm.a(Unknown Source:2737)

08-06 02:49:17.800  5771  8513 I LSPosed-Bridge: 	at com.kuaishou.weapon.p0.cm.a(Unknown Source:17)

08-06 02:49:17.800  5771  8513 I LSPosed-Bridge: 	at com.kuaishou.weapon.p0.dc$1.run(Unknown Source:130)

08-06 02:49:17.800  5771  8513 I LSPosed-Bridge: 	at java.util.concurrent.ThreadPoolExecutor.runWorker(ThreadPoolExecutor.java:1167)

08-06 02:49:17.800  5771  8513 I LSPosed-Bridge: 	at java.util.concurrent.ThreadPoolExecutor$Worker.run(ThreadPoolExecutor.java:641)

08-06 02:49:17.800  5771  8513 I LSPosed-Bridge: 	at java.lang.Thread.run(Thread.java:764)

08-06 02:49:17.800  5771  8849 I LSPosed-Bridge: 5771 PermLabel 10152 ContextImpl.checkPermission: pid = 5771; uid = 10152; permName: android.permission.READ_PHONE_STATE; type = 1; res = -1; stacktrace=java.lang.Exception

08-06 02:49:17.800  5771  8849 I LSPosed-Bridge: 	at com.example.permlabel.requestPerm$2.afterHookedMethod(requestPerm.java:210)

08-06 02:49:17.800  5771  8849 I LSPosed-Bridge: 	at de.robv.android.xposed.XposedBridge$AdditionalHookInfo.callback(Unknown Source:147)

08-06 02:49:17.800  5771  8849 I LSPosed-Bridge: 	at LSPHooker_.checkPermission(Unknown Source:25)

08-06 02:49:17.800  5771  8849 I LSPosed-Bridge: 	at android.content.ContextWrapper.checkPermission(ContextWrapper.java:738)

08-06 02:49:17.800  5771  8849 I LSPosed-Bridge: 	at android.content.ContextWrapper.checkPermission(ContextWrapper.java:738)

